job-core	Set up job	2025-02-11T14:33:33.1179304Z Current runner version: '2.322.0'
job-core	Set up job	2025-02-11T14:33:33.1187074Z Runner name: 'ka0s-4'
job-core	Set up job	2025-02-11T14:33:33.1187773Z Runner group name: 'ka0s'
job-core	Set up job	2025-02-11T14:33:33.1188626Z Machine name: '5613a8be5fd6'
job-core	Set up job	2025-02-11T14:33:33.1191228Z ##[group]GITHUB_TOKEN Permissions
job-core	Set up job	2025-02-11T14:33:33.1193678Z Contents: read
job-core	Set up job	2025-02-11T14:33:33.1194454Z Metadata: read
job-core	Set up job	2025-02-11T14:33:33.1195091Z Packages: read
job-core	Set up job	2025-02-11T14:33:33.1195591Z ##[endgroup]
job-core	Set up job	2025-02-11T14:33:33.1197690Z Secret source: Actions
job-core	Set up job	2025-02-11T14:33:33.1198526Z Prepare workflow directory
job-core	Set up job	2025-02-11T14:33:33.1729324Z Prepare all required actions
job-core	Set up job	2025-02-11T14:33:33.1769174Z Getting action download info
job-core	Set up job	2025-02-11T14:33:33.4228504Z Download action repository 'actions/checkout@v4' (SHA:11bd71901bbe5b1630ceea73d27597364c9af683)
job-core	Set up job	2025-02-11T14:33:34.2495542Z Complete job name: job-core
job-core	Checkout code	2025-02-11T14:33:34.3032226Z ##[group]Run actions/checkout@v4
job-core	Checkout code	2025-02-11T14:33:34.3033198Z with:
job-core	Checkout code	2025-02-11T14:33:34.3033641Z   fetch-depth: 0
job-core	Checkout code	2025-02-11T14:33:34.3034954Z   token: ***
job-core	Checkout code	2025-02-11T14:33:34.3035463Z   repository: Ka0s-Klaus/ka0s
job-core	Checkout code	2025-02-11T14:33:34.3035966Z   ssh-strict: true
job-core	Checkout code	2025-02-11T14:33:34.3036410Z   ssh-user: git
job-core	Checkout code	2025-02-11T14:33:34.3036859Z   persist-credentials: true
job-core	Checkout code	2025-02-11T14:33:34.3037347Z   clean: true
job-core	Checkout code	2025-02-11T14:33:34.3037792Z   sparse-checkout-cone-mode: true
job-core	Checkout code	2025-02-11T14:33:34.3038318Z   fetch-tags: false
job-core	Checkout code	2025-02-11T14:33:34.3038771Z   show-progress: true
job-core	Checkout code	2025-02-11T14:33:34.3039225Z   lfs: false
job-core	Checkout code	2025-02-11T14:33:34.3039643Z   submodules: false
job-core	Checkout code	2025-02-11T14:33:34.3040109Z   set-safe-directory: true
job-core	Checkout code	2025-02-11T14:33:34.3040844Z env:
job-core	Checkout code	2025-02-11T14:33:34.3041276Z   KAOS_CODE: 13265304998
job-core	Checkout code	2025-02-11T14:33:34.3041757Z   KAOS_EVENT_NAME: push
job-core	Checkout code	2025-02-11T14:33:34.3042224Z   KAOS_ACTION: 
job-core	Checkout code	2025-02-11T14:33:34.3042673Z   KAOS_MODULE: [Ka0S] kaos
job-core	Checkout code	2025-02-11T14:33:34.3043170Z   KAOS_PATH_RESUME: core/results/
job-core	Checkout code	2025-02-11T14:33:34.3043745Z   KAOS_JSON: core/results/event_data.json
job-core	Checkout code	2025-02-11T14:33:34.3044887Z   GITHUB_OUTPUT: 
job-core	Checkout code	2025-02-11T14:33:34.3045318Z ##[endgroup]
job-core	Checkout code	2025-02-11T14:33:34.4184834Z Syncing repository: Ka0s-Klaus/ka0s
job-core	Checkout code	2025-02-11T14:33:34.4186789Z ##[group]Getting Git version info
job-core	Checkout code	2025-02-11T14:33:34.4187503Z Working directory is '/actions-runner/_work/ka0s/ka0s'
job-core	Checkout code	2025-02-11T14:33:34.4188501Z [command]/usr/bin/git version
job-core	Checkout code	2025-02-11T14:33:34.4189072Z git version 2.25.1
job-core	Checkout code	2025-02-11T14:33:34.4212398Z ##[endgroup]
job-core	Checkout code	2025-02-11T14:33:34.4223799Z Copying '/home/kaos/.gitconfig' to '/actions-runner/_work/_temp/0dd183ef-113a-448f-9aec-14ce59709b99/.gitconfig'
job-core	Checkout code	2025-02-11T14:33:34.4237609Z Temporarily overriding HOME='/actions-runner/_work/_temp/0dd183ef-113a-448f-9aec-14ce59709b99' before making global git config changes
job-core	Checkout code	2025-02-11T14:33:34.4239218Z Adding repository directory to the temporary git global config as a safe directory
job-core	Checkout code	2025-02-11T14:33:34.4253466Z [command]/usr/bin/git config --global --add safe.directory /actions-runner/_work/ka0s/ka0s
job-core	Checkout code	2025-02-11T14:33:34.4297022Z [command]/usr/bin/git config --local --get remote.origin.url
job-core	Checkout code	2025-02-11T14:33:34.4323323Z https://github.com/Ka0s-Klaus/ka0s
job-core	Checkout code	2025-02-11T14:33:34.4344919Z ##[group]Removing previously created refs, to avoid conflicts
job-core	Checkout code	2025-02-11T14:33:34.4350566Z [command]/usr/bin/git rev-parse --symbolic-full-name --verify --quiet HEAD
job-core	Checkout code	2025-02-11T14:33:34.4375055Z refs/heads/main
job-core	Checkout code	2025-02-11T14:33:34.4384514Z [command]/usr/bin/git checkout --detach
job-core	Checkout code	2025-02-11T14:33:34.4440104Z HEAD is now at f81d168 Merge pull request #25 from Ka0s-Klaus/2-a√±adimos-estructura-base-del-repositorio
job-core	Checkout code	2025-02-11T14:33:34.4486702Z [command]/usr/bin/git branch --delete --force main
job-core	Checkout code	2025-02-11T14:33:34.4518801Z Deleted branch main (was f81d168).
job-core	Checkout code	2025-02-11T14:33:34.4560289Z ##[endgroup]
job-core	Checkout code	2025-02-11T14:33:34.4562967Z [command]/usr/bin/git submodule status
job-core	Checkout code	2025-02-11T14:33:34.4862097Z ##[group]Cleaning the repository
job-core	Checkout code	2025-02-11T14:33:34.4866749Z [command]/usr/bin/git clean -ffdx
job-core	Checkout code	2025-02-11T14:33:34.4900646Z Removing core/results/commit-summary-.txt
job-core	Checkout code	2025-02-11T14:33:34.4901484Z Removing core/results/event_data.json
job-core	Checkout code	2025-02-11T14:33:34.4902113Z Removing core/results/files-in-commit-.txt
job-core	Checkout code	2025-02-11T14:33:34.4910723Z [command]/usr/bin/git reset --hard HEAD
job-core	Checkout code	2025-02-11T14:33:34.4968176Z HEAD is now at f81d168 Merge pull request #25 from Ka0s-Klaus/2-a√±adimos-estructura-base-del-repositorio
job-core	Checkout code	2025-02-11T14:33:34.4971097Z ##[endgroup]
job-core	Checkout code	2025-02-11T14:33:34.4972722Z ##[group]Disabling automatic garbage collection
job-core	Checkout code	2025-02-11T14:33:34.4977736Z [command]/usr/bin/git config --local gc.auto 0
job-core	Checkout code	2025-02-11T14:33:34.5010959Z ##[endgroup]
job-core	Checkout code	2025-02-11T14:33:34.5011841Z ##[group]Setting up auth
job-core	Checkout code	2025-02-11T14:33:34.5016587Z [command]/usr/bin/git config --local --name-only --get-regexp core\.sshCommand
job-core	Checkout code	2025-02-11T14:33:34.5051970Z [command]/usr/bin/git submodule foreach --recursive sh -c "git config --local --name-only --get-regexp 'core\.sshCommand' && git config --local --unset-all 'core.sshCommand' || :"
job-core	Checkout code	2025-02-11T14:33:34.5353890Z [command]/usr/bin/git config --local --name-only --get-regexp http\.https\:\/\/github\.com\/\.extraheader
job-core	Checkout code	2025-02-11T14:33:34.5384575Z [command]/usr/bin/git submodule foreach --recursive sh -c "git config --local --name-only --get-regexp 'http\.https\:\/\/github\.com\/\.extraheader' && git config --local --unset-all 'http.https://github.com/.extraheader' || :"
job-core	Checkout code	2025-02-11T14:33:34.5690596Z [command]/usr/bin/git config --local http.https://github.com/.extraheader AUTHORIZATION: basic ***
job-core	Checkout code	2025-02-11T14:33:34.5734682Z ##[endgroup]
job-core	Checkout code	2025-02-11T14:33:34.5735659Z ##[group]Fetching the repository
job-core	Checkout code	2025-02-11T14:33:34.5743435Z [command]/usr/bin/git -c protocol.version=2 fetch --prune --no-recurse-submodules origin +refs/heads/*:refs/remotes/origin/* +refs/tags/*:refs/tags/*
job-core	Checkout code	2025-02-11T14:33:35.3646000Z From https://github.com/Ka0s-Klaus/ka0s
job-core	Checkout code	2025-02-11T14:33:35.3654777Z    4164930..672a781  2-a√±adimos-estructura-base-del-repositorio -> origin/2-a√±adimos-estructura-base-del-repositorio
job-core	Checkout code	2025-02-11T14:33:35.3659477Z    f81d168..9f7d488  main       -> origin/main
job-core	Checkout code	2025-02-11T14:33:35.3705761Z [command]/usr/bin/git branch --list --remote origin/main
job-core	Checkout code	2025-02-11T14:33:35.3746295Z   origin/main
job-core	Checkout code	2025-02-11T14:33:35.3760572Z [command]/usr/bin/git rev-parse refs/remotes/origin/main
job-core	Checkout code	2025-02-11T14:33:35.3797348Z 9f7d488c61838d44a6bffc77a767753573b2b0ac
job-core	Checkout code	2025-02-11T14:33:35.3805297Z ##[endgroup]
job-core	Checkout code	2025-02-11T14:33:35.3808000Z ##[group]Determining the checkout info
job-core	Checkout code	2025-02-11T14:33:35.3811150Z ##[endgroup]
job-core	Checkout code	2025-02-11T14:33:35.3813776Z ##[group]Checking out the ref
job-core	Checkout code	2025-02-11T14:33:35.3817140Z [command]/usr/bin/git checkout --progress --force -B main refs/remotes/origin/main
job-core	Checkout code	2025-02-11T14:33:35.3957621Z Previous HEAD position was f81d168 Merge pull request #25 from Ka0s-Klaus/2-a√±adimos-estructura-base-del-repositorio
job-core	Checkout code	2025-02-11T14:33:35.3965754Z Switched to a new branch 'main'
job-core	Checkout code	2025-02-11T14:33:35.4005505Z Branch 'main' set up to track remote branch 'main' from 'origin'.
job-core	Checkout code	2025-02-11T14:33:35.4012790Z ##[endgroup]
job-core	Checkout code	2025-02-11T14:33:35.4040614Z [command]/usr/bin/git log -1 --format=%H
job-core	Checkout code	2025-02-11T14:33:35.4083869Z 9f7d488c61838d44a6bffc77a767753573b2b0ac
job-core	Validate file extensions	2025-02-11T14:33:35.4450115Z ##[group]Run IFS=' ' read -r -a extensions <<< "***"
job-core	Validate file extensions	2025-02-11T14:33:35.4452880Z [36;1mIFS=' ' read -r -a extensions <<< "***"[0m
job-core	Validate file extensions	2025-02-11T14:33:35.4454946Z [36;1mfor file in $(git diff --name-only HEAD~1 HEAD); do[0m
job-core	Validate file extensions	2025-02-11T14:33:35.4457090Z [36;1mextension="${file##*.}"[0m
job-core	Validate file extensions	2025-02-11T14:33:35.4459172Z [36;1m  if [[ ! " ${extensions[@]} " =~ " ${extension} " ]]; then[0m
job-core	Validate file extensions	2025-02-11T14:33:35.4462002Z [36;1m    echo "File $file has an invalid extension: $extension"[0m
job-core	Validate file extensions	2025-02-11T14:33:35.4464406Z [36;1m  fi[0m
job-core	Validate file extensions	2025-02-11T14:33:35.4465501Z [36;1mdone[0m
job-core	Validate file extensions	2025-02-11T14:33:35.4479468Z shell: /usr/bin/bash -e {0}
job-core	Validate file extensions	2025-02-11T14:33:35.4480715Z env:
job-core	Validate file extensions	2025-02-11T14:33:35.4481619Z   KAOS_CODE: 13265304998
job-core	Validate file extensions	2025-02-11T14:33:35.4482747Z   KAOS_EVENT_NAME: push
job-core	Validate file extensions	2025-02-11T14:33:35.4483809Z   KAOS_ACTION: 
job-core	Validate file extensions	2025-02-11T14:33:35.4484895Z   KAOS_MODULE: [Ka0S] kaos
job-core	Validate file extensions	2025-02-11T14:33:35.4486101Z   KAOS_PATH_RESUME: core/results/
job-core	Validate file extensions	2025-02-11T14:33:35.4487438Z   KAOS_JSON: core/results/event_data.json
job-core	Validate file extensions	2025-02-11T14:33:35.4489157Z   GITHUB_OUTPUT: 
job-core	Validate file extensions	2025-02-11T14:33:35.4490147Z ##[endgroup]
job-core	Validate file extensions	2025-02-11T14:33:35.4584391Z File .github/workflows/kaos.yml has an invalid extension: yml
job-core	Crear JSON	2025-02-11T14:33:35.4660710Z ##[group]Run echo "{}" >> core/results/event_data.json
job-core	Crear JSON	2025-02-11T14:33:35.4662254Z [36;1mecho "{}" >> core/results/event_data.json[0m
job-core	Crear JSON	2025-02-11T14:33:35.4663463Z [36;1mcase "push" in[0m
job-core	Crear JSON	2025-02-11T14:33:35.4665009Z [36;1m  "push")[0m
job-core	Crear JSON	2025-02-11T14:33:35.4667969Z [36;1m    echo "{\"event\": \"push\", \"ref\": \"refs/heads/main\", \"sha\": \"9f7d488c61838d44a6bffc77a767753573b2b0ac\"}" >> core/results/event_data.json # Ejemplo: {"event": "push", "ref": "refs/heads/main", "sha": "abc123"}[0m
job-core	Crear JSON	2025-02-11T14:33:35.4671621Z [36;1m    echo "Variable github.action=crear_json" >> core/results/event_data.json[0m
job-core	Crear JSON	2025-02-11T14:33:35.4673335Z [36;1m    echo "Variable github.event.action="[0m
job-core	Crear JSON	2025-02-11T14:33:35.4675520Z [36;1m    echo "Variable github.event.pusher.name=Yolabn" >> core/results/event_data.json[0m
job-core	Crear JSON	2025-02-11T14:33:35.4678381Z [36;1m    echo "variable github.event.pusher.email=141480171+Yolabn@users.noreply.github.com" >> core/results/event_data.json[0m
job-core	Crear JSON	2025-02-11T14:33:35.4681139Z [36;1m    echo "Variable github.event.issue.number=" >> core/results/event_data.json[0m
job-core	Crear JSON	2025-02-11T14:33:35.4684193Z [36;1m    #Crear un fichero de resumen con todos los datos de los commits asociados, esta informaci√≥n es usada en todo el ciclo de vida del workflow[0m
job-core	Crear JSON	2025-02-11T14:33:35.4688954Z [36;1m    git log 86f8c60af4a7e09ef4ba3b82f82a17beacbc61cd..9f7d488c61838d44a6bffc77a767753573b2b0ac --pretty=format:'%H%n%an%n%ae%n%ad%n%s' > core/results/commit-summary-$KAOS_CODE_FILES.txt[0m
job-core	Crear JSON	2025-02-11T14:33:35.4692674Z [36;1m    # Crear un fichero con la ruta completa y el nombre ficheros implicados en el commit[0m
job-core	Crear JSON	2025-02-11T14:33:35.4696532Z [36;1m    git diff --name-only 86f8c60af4a7e09ef4ba3b82f82a17beacbc61cd 9f7d488c61838d44a6bffc77a767753573b2b0ac > core/results/files-in-commit-$KAOS_CODE_FILES.txt[0m
job-core	Crear JSON	2025-02-11T14:33:35.4699767Z [36;1m    INVOLVED=core/results/files-in-commit-$KAOS_CODE_FILES.txt[0m
job-core	Crear JSON	2025-02-11T14:33:35.4701382Z [36;1m    #echo "INVOLVED=$INVOLVED" >> $GITHUB_OUTPUT[0m
job-core	Crear JSON	2025-02-11T14:33:35.4702936Z [36;1m    echo "INVOLVED=$INVOLVED" >> core/results/event_data.json[0m
job-core	Crear JSON	2025-02-11T14:33:35.4704787Z [36;1m    ;;[0m
job-core	Crear JSON	2025-02-11T14:33:35.4705720Z [36;1m  "pull_request")[0m
job-core	Crear JSON	2025-02-11T14:33:35.4707861Z [36;1m    echo "{\"event\": \"pull_request\", \"action\": \"\", \"number\": \"\"}" > event_data.json # Ejemplo: {"event": "pull_request", "action": "opened", "number": "42"}[0m
job-core	Crear JSON	2025-02-11T14:33:35.4710097Z [36;1m    ;;[0m
job-core	Crear JSON	2025-02-11T14:33:35.4710896Z [36;1m  "issues")[0m
job-core	Crear JSON	2025-02-11T14:33:35.4712769Z [36;1m    echo "{\"event\": \"issues\", \"action\": \"\", \"issue\": \"\"}" > event_data.json # Ejemplo: {"event": "issues", "action": "opened", "issue": "99"}[0m
job-core	Crear JSON	2025-02-11T14:33:35.4715149Z [36;1m    ;;[0m
job-core	Crear JSON	2025-02-11T14:33:35.4715966Z [36;1m  "issue_comment")[0m
job-core	Crear JSON	2025-02-11T14:33:35.4718200Z [36;1m    echo "{\"event\": \"issue_comment\", \"action\": \"\", \"comment\": \"\"}" > event_data.json # Ejemplo: {"event": "issue_comment", "action": "created", "comment": "123456"}[0m
job-core	Crear JSON	2025-02-11T14:33:35.4720557Z [36;1m    ;;[0m
job-core	Crear JSON	2025-02-11T14:33:35.4721351Z [36;1m  "create")[0m
job-core	Crear JSON	2025-02-11T14:33:35.4723744Z [36;1m    echo "{\"event\": \"create\", \"ref\": \"refs/heads/main\", \"ref_type\": \"refs/heads/main\"}" > event_data.json # Ejemplo: {"event": "create", "ref": "refs/tags/v1.0", "ref_type": "tag"}[0m
job-core	Crear JSON	2025-02-11T14:33:35.4726686Z [36;1m    ;;[0m
job-core	Crear JSON	2025-02-11T14:33:35.4727482Z [36;1m  "delete")[0m
job-core	Crear JSON	2025-02-11T14:33:35.4730044Z [36;1m    echo "{\"event\": \"delete\", \"ref\": \"refs/heads/main\", \"ref_type\": \"refs/heads/main\"}" > event_data.json # Ejemplo: {"event": "delete", "ref": "refs/heads/feature-branch", "ref_type": "branch"}[0m
job-core	Crear JSON	2025-02-11T14:33:35.4732761Z [36;1m    ;;[0m
job-core	Crear JSON	2025-02-11T14:33:35.4733544Z [36;1m  "release")[0m
job-core	Crear JSON	2025-02-11T14:33:35.4735921Z [36;1m    echo "{\"event\": \"release\", \"action\": \"\", \"release\": \"\"}" > event_data.json # Ejemplo: {"event": "release", "action": "published", "release": "v1.0"}[0m
job-core	Crear JSON	2025-02-11T14:33:35.4738280Z [36;1m    ;;[0m
job-core	Crear JSON	2025-02-11T14:33:35.4739258Z [36;1m  "watch")[0m
job-core	Crear JSON	2025-02-11T14:33:35.4740861Z [36;1m    echo "{\"event\": \"watch\", \"action\": \"\"}" > event_data.json # Ejemplo: {"event": "watch", "action": "started"}[0m
job-core	Crear JSON	2025-02-11T14:33:35.4742629Z [36;1m    ;;[0m
job-core	Crear JSON	2025-02-11T14:33:35.4743467Z [36;1m  "repository_dispatch")[0m
job-core	Crear JSON	2025-02-11T14:33:35.4746176Z [36;1m    echo "{\"event\": \"repository_dispatch\", \"action\": \"\"}" > event_data.json # Ejemplo: {"event": "repository_dispatch", "action": "custom-event"}[0m
job-core	Crear JSON	2025-02-11T14:33:35.4748378Z [36;1m    ;;[0m
job-core	Crear JSON	2025-02-11T14:33:35.4749208Z [36;1m  "workflow_dispatch")[0m
job-core	Crear JSON	2025-02-11T14:33:35.4750941Z [36;1m    echo "{\"event\": \"workflow_dispatch\"}" > event_data.json # Ejemplo: {"event": "workflow_dispatch"}[0m
job-core	Crear JSON	2025-02-11T14:33:35.4752690Z [36;1m    ;;[0m
job-core	Crear JSON	2025-02-11T14:33:35.4753470Z [36;1m  *)[0m
job-core	Crear JSON	2025-02-11T14:33:35.4755186Z [36;1m    echo "{\"event\": \"unknown\"}" > event_data.json # Ejemplo: {"event": "unknown"}[0m
job-core	Crear JSON	2025-02-11T14:33:35.4756708Z [36;1m    ;;[0m
job-core	Crear JSON	2025-02-11T14:33:35.4757493Z [36;1mesac[0m
job-core	Crear JSON	2025-02-11T14:33:35.4764739Z shell: /usr/bin/bash -e {0}
job-core	Crear JSON	2025-02-11T14:33:35.4765677Z env:
job-core	Crear JSON	2025-02-11T14:33:35.4766381Z   KAOS_CODE: 13265304998
job-core	Crear JSON	2025-02-11T14:33:35.4767255Z   KAOS_EVENT_NAME: push
job-core	Crear JSON	2025-02-11T14:33:35.4768097Z   KAOS_ACTION: 
job-core	Crear JSON	2025-02-11T14:33:35.4768872Z   KAOS_MODULE: [Ka0S] kaos
job-core	Crear JSON	2025-02-11T14:33:35.4769800Z   KAOS_PATH_RESUME: core/results/
job-core	Crear JSON	2025-02-11T14:33:35.4770843Z   KAOS_JSON: core/results/event_data.json
job-core	Crear JSON	2025-02-11T14:33:35.4771889Z   GITHUB_OUTPUT: 
job-core	Crear JSON	2025-02-11T14:33:35.4772651Z ##[endgroup]
job-core	Crear JSON	2025-02-11T14:33:35.4814957Z Variable github.event.action=
job-core	Ver JSON	2025-02-11T14:33:35.5011334Z ##[group]Run cat core/results/event_data.json
job-core	Ver JSON	2025-02-11T14:33:35.5012652Z [36;1mcat core/results/event_data.json[0m
job-core	Ver JSON	2025-02-11T14:33:35.5020585Z shell: /usr/bin/bash -e {0}
job-core	Ver JSON	2025-02-11T14:33:35.5021510Z env:
job-core	Ver JSON	2025-02-11T14:33:35.5022228Z   KAOS_CODE: 13265304998
job-core	Ver JSON	2025-02-11T14:33:35.5023104Z   KAOS_EVENT_NAME: push
job-core	Ver JSON	2025-02-11T14:33:35.5023998Z   KAOS_ACTION: 
job-core	Ver JSON	2025-02-11T14:33:35.5025268Z   KAOS_MODULE: [Ka0S] kaos
job-core	Ver JSON	2025-02-11T14:33:35.5026199Z   KAOS_PATH_RESUME: core/results/
job-core	Ver JSON	2025-02-11T14:33:35.5027243Z   KAOS_JSON: core/results/event_data.json
job-core	Ver JSON	2025-02-11T14:33:35.5028284Z   GITHUB_OUTPUT: 
job-core	Ver JSON	2025-02-11T14:33:35.5029066Z ##[endgroup]
job-core	Ver JSON	2025-02-11T14:33:35.5079281Z {}
job-core	Ver JSON	2025-02-11T14:33:35.5081243Z {"event": "push", "ref": "refs/heads/main", "sha": "9f7d488c61838d44a6bffc77a767753573b2b0ac"}
job-core	Ver JSON	2025-02-11T14:33:35.5083560Z Variable github.action=crear_json
job-core	Ver JSON	2025-02-11T14:33:35.5084771Z Variable github.event.pusher.name=Yolabn
job-core	Ver JSON	2025-02-11T14:33:35.5086656Z variable github.event.pusher.email=141480171+Yolabn@users.noreply.github.com
job-core	Ver JSON	2025-02-11T14:33:35.5088314Z Variable github.event.issue.number=
job-core	Ver JSON	2025-02-11T14:33:35.5089428Z INVOLVED=core/results/files-in-commit-.txt
job-core	Run # Nuevo proceso de activacion de los modulos	2025-02-11T14:33:35.5167145Z ##[group]Run # Nuevo proceso de activacion de los modulos
job-core	Run # Nuevo proceso de activacion de los modulos	2025-02-11T14:33:35.5168687Z [36;1m# Nuevo proceso de activacion de los modulos[0m
job-core	Run # Nuevo proceso de activacion de los modulos	2025-02-11T14:33:35.5169910Z [36;1mwhile IFS= read -r line; do[0m
job-core	Run # Nuevo proceso de activacion de los modulos	2025-02-11T14:33:35.5171196Z [36;1m  echo "I Leemos el fichero  y extraemos el fichero $line"[0m
job-core	Run # Nuevo proceso de activacion de los modulos	2025-02-11T14:33:35.5172496Z [36;1m  module_failed=0[0m
job-core	Run # Nuevo proceso de activacion de los modulos	2025-02-11T14:33:35.5173421Z [36;1m  extension_failed=0[0m
job-core	Run # Nuevo proceso de activacion de los modulos	2025-02-11T14:33:35.5174680Z [36;1m  file_name=$(basename "$line")[0m
job-core	Run # Nuevo proceso de activacion de los modulos	2025-02-11T14:33:35.5176131Z [36;1m  echo "I-1 Calculamos el nombre del fichero $file_name"[0m
job-core	Run # Nuevo proceso de activacion de los modulos	2025-02-11T14:33:35.5177485Z [36;1m  file_extension="${file_name##*.}"[0m
job-core	Run # Nuevo proceso de activacion de los modulos	2025-02-11T14:33:35.5178893Z [36;1m  echo "I-2 Calculamos la extension del fichero $file_extension"[0m
job-core	Run # Nuevo proceso de activacion de los modulos	2025-02-11T14:33:35.5180403Z [36;1m  file_module="$file_extension""lint.yaml"[0m
job-core	Run # Nuevo proceso de activacion de los modulos	2025-02-11T14:33:35.5181698Z [36;1m  echo "I-3 Calculamos el modulo $file_module"[0m
job-core	Run # Nuevo proceso de activacion de los modulos	2025-02-11T14:33:35.5182990Z [36;1m  IFS=',' read -r -a file_array <<< "$files"[0m
job-core	Run # Nuevo proceso de activacion de los modulos	2025-02-11T14:33:35.5184917Z [36;1m  for file in "${file_array[@]}"; do[0m
job-core	Run # Nuevo proceso de activacion de los modulos	2025-02-11T14:33:35.5186084Z [36;1m    echo "II Leemos el array de $file"[0m
job-core	Run # Nuevo proceso de activacion de los modulos	2025-02-11T14:33:35.5187304Z [36;1m    if [[ "$file_extension" == "$file" ]]; then[0m
job-core	Run # Nuevo proceso de activacion de los modulos	2025-02-11T14:33:35.5188731Z [36;1m      echo "III Comprobamos si $file_extension es igual a $file"[0m
job-core	Run # Nuevo proceso de activacion de los modulos	2025-02-11T14:33:35.5190218Z [36;1m      IFS=',' read -r -a module_array <<< "$modules"[0m
job-core	Run # Nuevo proceso de activacion de los modulos	2025-02-11T14:33:35.5191490Z [36;1m      for module in "${module_array[@]}"; do[0m
job-core	Run # Nuevo proceso de activacion de los modulos	2025-02-11T14:33:35.5192688Z [36;1m        echo "IV Leemos el array $module"[0m
job-core	Run # Nuevo proceso de activacion de los modulos	2025-02-11T14:33:35.5193951Z [36;1m        if [[ "$file_module" == *"$module"* ]]; then[0m
job-core	Run # Nuevo proceso de activacion de los modulos	2025-02-11T14:33:35.5196058Z [36;1m          echo "V Comprobamos que el $file_module es igual a $module y ejecutamos el flujo"[0m
job-core	Run # Nuevo proceso de activacion de los modulos	2025-02-11T14:33:35.5208324Z [36;1m          # Si hemos llegado hasta aqu√≠ ejecutamos el m√≥dulo[0m
job-core	Run # Nuevo proceso de activacion de los modulos	2025-02-11T14:33:35.5210090Z [36;1m          # A√±adimos los valores a las variables de la issue[0m
job-core	Run # Nuevo proceso de activacion de los modulos	2025-02-11T14:33:35.5212133Z [36;1m          KAOS_ISSUE_BODY="[Ka0S] kaos has been initiated and Launch workflow $file_module to check file $line"[0m
job-core	Run # Nuevo proceso de activacion de los modulos	2025-02-11T14:33:35.5214653Z [36;1m          # A√±adimos el comentario a la issue[0m
job-core	Run # Nuevo proceso de activacion de los modulos	2025-02-11T14:33:35.5217203Z [36;1m          #gh workflow run issue.yaml --ref refs/heads/main -f kaos-issue-body="$KAOS_ISSUE_BODY" -f kaos-issue-id= -f kaos-issue-actions=comment[0m
job-core	Run # Nuevo proceso de activacion de los modulos	2025-02-11T14:33:35.5219476Z [36;1m          # Lanzamos el lint del fichero[0m
job-core	Run # Nuevo proceso de activacion de los modulos	2025-02-11T14:33:35.5221744Z [36;1m          #gh workflow run $file_module --ref refs/heads/main -f kaos-origin=13265304998 -f kaos-files=$line -f kaos-issue-id= -f kaos-user-start=[0m
job-core	Run # Nuevo proceso de activacion de los modulos	2025-02-11T14:33:35.5224056Z [36;1m          module_failed=0[0m
job-core	Run # Nuevo proceso de activacion de los modulos	2025-02-11T14:33:35.5225497Z [36;1m          extension_failed=0[0m
job-core	Run # Nuevo proceso de activacion de los modulos	2025-02-11T14:33:35.5226502Z [36;1m          break[0m
job-core	Run # Nuevo proceso de activacion de los modulos	2025-02-11T14:33:35.5227348Z [36;1m        else[0m
job-core	Run # Nuevo proceso de activacion de los modulos	2025-02-11T14:33:35.5228407Z [36;1m          # Control de si existe el modulo para esa extension"[0m
job-core	Run # Nuevo proceso de activacion de los modulos	2025-02-11T14:33:35.5230266Z [36;1m          echo "VI No es igual $file_module a $module y lo indicamos en la variable module_failed=1"[0m
job-core	Run # Nuevo proceso de activacion de los modulos	2025-02-11T14:33:35.5231894Z [36;1m          module_failed=1[0m
job-core	Run # Nuevo proceso de activacion de los modulos	2025-02-11T14:33:35.5232850Z [36;1m        fi[0m
job-core	Run # Nuevo proceso de activacion de los modulos	2025-02-11T14:33:35.5233642Z [36;1m      done[0m
job-core	Run # Nuevo proceso de activacion de los modulos	2025-02-11T14:33:35.5234799Z [36;1m      break[0m
job-core	Run # Nuevo proceso de activacion de los modulos	2025-02-11T14:33:35.5235608Z [36;1m    else[0m
job-core	Run # Nuevo proceso de activacion de los modulos	2025-02-11T14:33:35.5236621Z [36;1m      # Control de si existe el modulo para esa extension"[0m
job-core	Run # Nuevo proceso de activacion de los modulos	2025-02-11T14:33:35.5238496Z [36;1m      echo "VII No es igual $file_extension a $file y lo indicamos en la variable extension_failed=1"[0m
job-core	Run # Nuevo proceso de activacion de los modulos	2025-02-11T14:33:35.5240188Z [36;1m      extension_failed=1[0m
job-core	Run # Nuevo proceso de activacion de los modulos	2025-02-11T14:33:35.5241135Z [36;1m    fi  [0m
job-core	Run # Nuevo proceso de activacion de los modulos	2025-02-11T14:33:35.5241898Z [36;1m  done[0m
job-core	Run # Nuevo proceso de activacion de los modulos	2025-02-11T14:33:35.5242735Z [36;1m  if [[ $module_failed == 1 ]]; then[0m
job-core	Run # Nuevo proceso de activacion de los modulos	2025-02-11T14:33:35.5244628Z [36;1m    echo "IX Si el modulo falla ($module_failed) a√±adimos el comentario a la issue"[0m
job-core	Run # Nuevo proceso de activacion de los modulos	2025-02-11T14:33:35.5247649Z [36;1m    # Si hemos llegado hasta aqu√≠ a√±adimos el mensaje de que la extension esta permitida pero no dispone de modulo activo y aqui finaliza el proceso[0m
job-core	Run # Nuevo proceso de activacion de los modulos	2025-02-11T14:33:35.5250052Z [36;1m    # A√±adimos los valores a las variables de la issue[0m
job-core	Run # Nuevo proceso de activacion de los modulos	2025-02-11T14:33:35.5253281Z [36;1m    KAOS_ISSUE_BODY="[Ka0S] kaos ha detectado que la extensi√≥n ($file_extension) esta permitida dentro de KAOS_CORE_FILES, pero el m√≥dulo asociado ($file_module) no esta activo. Por favor compruebe que exista y esta activo."[0m
job-core	Run # Nuevo proceso de activacion de los modulos	2025-02-11T14:33:35.5257056Z [36;1m    # A√±adimos el comentario a la issue[0m
job-core	Run # Nuevo proceso de activacion de los modulos	2025-02-11T14:33:35.5259288Z [36;1m    #gh workflow run issue.yaml --ref refs/heads/main -f kaos-issue-body="$KAOS_ISSUE_BODY" -f kaos-issue-id= -f kaos-issue-actions=comment[0m
job-core	Run # Nuevo proceso de activacion de los modulos	2025-02-11T14:33:35.5261456Z [36;1m  fi[0m
job-core	Run # Nuevo proceso de activacion de los modulos	2025-02-11T14:33:35.5262304Z [36;1m  if [[ $extension_failed == 1 ]]; then[0m
job-core	Run # Nuevo proceso de activacion de los modulos	2025-02-11T14:33:35.5264030Z [36;1m    echo "X Si extension falla falla ($extension_failed) a√±adimos el comentario a la issue"[0m
job-core	Run # Nuevo proceso de activacion de los modulos	2025-02-11T14:33:35.5266739Z [36;1m    # Si hemos llegado hasta aqu√≠ a√±adimos el mensaje de que la extension no esta permitida[0m
job-core	Run # Nuevo proceso de activacion de los modulos	2025-02-11T14:33:35.5268530Z [36;1m    # A√±adimos los valores a las variables de la issue[0m
job-core	Run # Nuevo proceso de activacion de los modulos	2025-02-11T14:33:35.5271197Z [36;1m    KAOS_ISSUE_BODY="[Ka0S] kaos ha detectado que la extensi√≥n ($file_extension) NO esta permitida dentro de KAOS_CORE_FILES. Por favor compruebe que exista y esta activo."[0m
job-core	Run # Nuevo proceso de activacion de los modulos	2025-02-11T14:33:35.5273779Z [36;1m    # A√±adimos el comentario a la issue[0m
job-core	Run # Nuevo proceso de activacion de los modulos	2025-02-11T14:33:35.5276434Z [36;1m    #gh workflow run issue.yaml --ref refs/heads/main -f kaos-issue-body="$KAOS_ISSUE_BODY" -f kaos-issue-id= -f kaos-issue-actions=comment[0m
job-core	Run # Nuevo proceso de activacion de los modulos	2025-02-11T14:33:35.5278593Z [36;1m  fi  [0m
job-core	Run # Nuevo proceso de activacion de los modulos	2025-02-11T14:33:35.5279395Z [36;1mdone < $GITHUB_OUTPUT       [0m
job-core	Run # Nuevo proceso de activacion de los modulos	2025-02-11T14:33:35.5287025Z shell: /usr/bin/bash -e {0}
job-core	Run # Nuevo proceso de activacion de los modulos	2025-02-11T14:33:35.5287934Z env:
job-core	Run # Nuevo proceso de activacion de los modulos	2025-02-11T14:33:35.5288637Z   KAOS_CODE: 13265304998
job-core	Run # Nuevo proceso de activacion de los modulos	2025-02-11T14:33:35.5289535Z   KAOS_EVENT_NAME: push
job-core	Run # Nuevo proceso de activacion de los modulos	2025-02-11T14:33:35.5290363Z   KAOS_ACTION: 
job-core	Run # Nuevo proceso de activacion de los modulos	2025-02-11T14:33:35.5291140Z   KAOS_MODULE: [Ka0S] kaos
job-core	Run # Nuevo proceso de activacion de los modulos	2025-02-11T14:33:35.5292037Z   KAOS_PATH_RESUME: core/results/
job-core	Run # Nuevo proceso de activacion de los modulos	2025-02-11T14:33:35.5293038Z   KAOS_JSON: core/results/event_data.json
job-core	Run # Nuevo proceso de activacion de los modulos	2025-02-11T14:33:35.5294269Z   GITHUB_OUTPUT: 
job-core	Run # Nuevo proceso de activacion de los modulos	2025-02-11T14:33:35.5295715Z   modules: ***
job-core	Run # Nuevo proceso de activacion de los modulos	2025-02-11T14:33:35.5296507Z   files: ***
job-core	Run # Nuevo proceso de activacion de los modulos	2025-02-11T14:33:35.5297233Z ##[endgroup]
job-core	Post Checkout code	2025-02-11T14:33:35.5496018Z Post job cleanup.
job-core	Post Checkout code	2025-02-11T14:33:35.6494714Z [command]/usr/bin/git version
job-core	Post Checkout code	2025-02-11T14:33:35.6531945Z git version 2.25.1
job-core	Post Checkout code	2025-02-11T14:33:35.6572416Z Copying '/home/kaos/.gitconfig' to '/actions-runner/_work/_temp/ea7ff483-6e49-4824-84fb-a03eb1306422/.gitconfig'
job-core	Post Checkout code	2025-02-11T14:33:35.6585060Z Temporarily overriding HOME='/actions-runner/_work/_temp/ea7ff483-6e49-4824-84fb-a03eb1306422' before making global git config changes
job-core	Post Checkout code	2025-02-11T14:33:35.6588113Z Adding repository directory to the temporary git global config as a safe directory
job-core	Post Checkout code	2025-02-11T14:33:35.6591208Z [command]/usr/bin/git config --global --add safe.directory /actions-runner/_work/ka0s/ka0s
job-core	Post Checkout code	2025-02-11T14:33:35.6642427Z [command]/usr/bin/git config --local --name-only --get-regexp core\.sshCommand
job-core	Post Checkout code	2025-02-11T14:33:35.6684478Z [command]/usr/bin/git submodule foreach --recursive sh -c "git config --local --name-only --get-regexp 'core\.sshCommand' && git config --local --unset-all 'core.sshCommand' || :"
job-core	Post Checkout code	2025-02-11T14:33:35.6995646Z [command]/usr/bin/git config --local --name-only --get-regexp http\.https\:\/\/github\.com\/\.extraheader
job-core	Post Checkout code	2025-02-11T14:33:35.7020886Z http.https://github.com/.extraheader
job-core	Post Checkout code	2025-02-11T14:33:35.7034997Z [command]/usr/bin/git config --local --unset-all http.https://github.com/.extraheader
job-core	Post Checkout code	2025-02-11T14:33:35.7071814Z [command]/usr/bin/git submodule foreach --recursive sh -c "git config --local --name-only --get-regexp 'http\.https\:\/\/github\.com\/\.extraheader' && git config --local --unset-all 'http.https://github.com/.extraheader' || :"
job-core	Complete job	2025-02-11T14:33:35.7501864Z Cleaning up orphan processes
handle-success	Set up job	2025-02-11T14:35:34.5347889Z Current runner version: '2.322.0'
handle-success	Set up job	2025-02-11T14:35:34.5355364Z Runner name: 'ka0s-3'
handle-success	Set up job	2025-02-11T14:35:34.5356035Z Runner group name: 'ka0s'
handle-success	Set up job	2025-02-11T14:35:34.5356865Z Machine name: '5613a8be5fd6'
handle-success	Set up job	2025-02-11T14:35:34.5359971Z ##[group]GITHUB_TOKEN Permissions
handle-success	Set up job	2025-02-11T14:35:34.5363045Z Contents: read
handle-success	Set up job	2025-02-11T14:35:34.5363564Z Metadata: read
handle-success	Set up job	2025-02-11T14:35:34.5364387Z Packages: read
handle-success	Set up job	2025-02-11T14:35:34.5364990Z ##[endgroup]
handle-success	Set up job	2025-02-11T14:35:34.5367686Z Secret source: Actions
handle-success	Set up job	2025-02-11T14:35:34.5368342Z Prepare workflow directory
handle-success	Set up job	2025-02-11T14:35:34.5907917Z Prepare all required actions
handle-success	Set up job	2025-02-11T14:35:34.5961081Z Complete job name: handle-success
handle-success	handle-success-execution	2025-02-11T14:35:34.6487897Z ##[group]Run # Si todo ha ido correcto a√±adimos el contenido del fichero 
handle-success	handle-success-execution	2025-02-11T14:35:34.6489237Z [36;1m# Si todo ha ido correcto a√±adimos el contenido del fichero [0m
handle-success	handle-success-execution	2025-02-11T14:35:34.6490002Z [36;1mecho "Todo ha ido bien"[0m
handle-success	handle-success-execution	2025-02-11T14:35:34.6507957Z shell: /usr/bin/bash -e {0}
handle-success	handle-success-execution	2025-02-11T14:35:34.6508812Z env:
handle-success	handle-success-execution	2025-02-11T14:35:34.6509322Z   KAOS_CODE: 13265304998
handle-success	handle-success-execution	2025-02-11T14:35:34.6509834Z   KAOS_EVENT_NAME: push
handle-success	handle-success-execution	2025-02-11T14:35:34.6510315Z   KAOS_ACTION: 
handle-success	handle-success-execution	2025-02-11T14:35:34.6510762Z   KAOS_MODULE: [Ka0S] kaos
handle-success	handle-success-execution	2025-02-11T14:35:34.6511284Z   KAOS_PATH_RESUME: core/results/
handle-success	handle-success-execution	2025-02-11T14:35:34.6511865Z   KAOS_JSON: core/results/event_data.json
handle-success	handle-success-execution	2025-02-11T14:35:34.6512597Z ##[endgroup]
handle-success	handle-success-execution	2025-02-11T14:35:34.6680250Z Todo ha ido bien
handle-success	Complete job	2025-02-11T14:35:34.6785908Z Cleaning up orphan processes
end-workflow	Set up job	2025-02-11T14:35:45.8437915Z Current runner version: '2.322.0'
end-workflow	Set up job	2025-02-11T14:35:45.8444929Z Runner name: 'ka0s-3'
end-workflow	Set up job	2025-02-11T14:35:45.8445629Z Runner group name: 'ka0s'
end-workflow	Set up job	2025-02-11T14:35:45.8446471Z Machine name: '5613a8be5fd6'
end-workflow	Set up job	2025-02-11T14:35:45.8449085Z ##[group]GITHUB_TOKEN Permissions
end-workflow	Set up job	2025-02-11T14:35:45.8451404Z Contents: read
end-workflow	Set up job	2025-02-11T14:35:45.8451955Z Metadata: read
end-workflow	Set up job	2025-02-11T14:35:45.8452452Z Packages: read
end-workflow	Set up job	2025-02-11T14:35:45.8452944Z ##[endgroup]
end-workflow	Set up job	2025-02-11T14:35:45.8455216Z Secret source: Actions
end-workflow	Set up job	2025-02-11T14:35:45.8456047Z Prepare workflow directory
end-workflow	Set up job	2025-02-11T14:35:45.8953208Z Prepare all required actions
end-workflow	Set up job	2025-02-11T14:35:45.8989832Z Getting action download info
end-workflow	Set up job	2025-02-11T14:35:46.1195808Z Download action repository 'actions/checkout@v4' (SHA:11bd71901bbe5b1630ceea73d27597364c9af683)
end-workflow	Set up job	2025-02-11T14:35:47.0065159Z Complete job name: end-workflow
end-workflow	Checkout code	2025-02-11T14:35:47.0564973Z ##[group]Run actions/checkout@v4
end-workflow	Checkout code	2025-02-11T14:35:47.0565867Z with:
end-workflow	Checkout code	2025-02-11T14:35:47.0566282Z   fetch-depth: 0
end-workflow	Checkout code	2025-02-11T14:35:47.0566958Z   token: ***
end-workflow	Checkout code	2025-02-11T14:35:47.0567433Z   repository: Ka0s-Klaus/ka0s
end-workflow	Checkout code	2025-02-11T14:35:47.0567924Z   ssh-strict: true
end-workflow	Checkout code	2025-02-11T14:35:47.0568331Z   ssh-user: git
end-workflow	Checkout code	2025-02-11T14:35:47.0568754Z   persist-credentials: true
end-workflow	Checkout code	2025-02-11T14:35:47.0569236Z   clean: true
end-workflow	Checkout code	2025-02-11T14:35:47.0569658Z   sparse-checkout-cone-mode: true
end-workflow	Checkout code	2025-02-11T14:35:47.0570163Z   fetch-tags: false
end-workflow	Checkout code	2025-02-11T14:35:47.0570590Z   show-progress: true
end-workflow	Checkout code	2025-02-11T14:35:47.0571015Z   lfs: false
end-workflow	Checkout code	2025-02-11T14:35:47.0571411Z   submodules: false
end-workflow	Checkout code	2025-02-11T14:35:47.0571930Z   set-safe-directory: true
end-workflow	Checkout code	2025-02-11T14:35:47.0572621Z env:
end-workflow	Checkout code	2025-02-11T14:35:47.0573015Z   KAOS_CODE: 13265304998
end-workflow	Checkout code	2025-02-11T14:35:47.0573471Z   KAOS_EVENT_NAME: push
end-workflow	Checkout code	2025-02-11T14:35:47.0573900Z   KAOS_ACTION: 
end-workflow	Checkout code	2025-02-11T14:35:47.0574663Z   KAOS_MODULE: [Ka0S] kaos
end-workflow	Checkout code	2025-02-11T14:35:47.0575132Z   KAOS_PATH_RESUME: core/results/
end-workflow	Checkout code	2025-02-11T14:35:47.0575694Z   KAOS_JSON: core/results/event_data.json
end-workflow	Checkout code	2025-02-11T14:35:47.0576410Z   GH_TOKEN: ***
end-workflow	Checkout code	2025-02-11T14:35:47.0576814Z ##[endgroup]
end-workflow	Checkout code	2025-02-11T14:35:47.1753753Z Syncing repository: Ka0s-Klaus/ka0s
end-workflow	Checkout code	2025-02-11T14:35:47.1756080Z ##[group]Getting Git version info
end-workflow	Checkout code	2025-02-11T14:35:47.1756773Z Working directory is '/actions-runner/_work/ka0s/ka0s'
end-workflow	Checkout code	2025-02-11T14:35:47.1757734Z [command]/usr/bin/git version
end-workflow	Checkout code	2025-02-11T14:35:47.1758242Z git version 2.25.1
end-workflow	Checkout code	2025-02-11T14:35:47.1777097Z ##[endgroup]
end-workflow	Checkout code	2025-02-11T14:35:47.1789161Z Copying '/home/kaos/.gitconfig' to '/actions-runner/_work/_temp/27ea9f18-18cb-46d0-9d5d-246cc73ffadc/.gitconfig'
end-workflow	Checkout code	2025-02-11T14:35:47.1799791Z Temporarily overriding HOME='/actions-runner/_work/_temp/27ea9f18-18cb-46d0-9d5d-246cc73ffadc' before making global git config changes
end-workflow	Checkout code	2025-02-11T14:35:47.1801344Z Adding repository directory to the temporary git global config as a safe directory
end-workflow	Checkout code	2025-02-11T14:35:47.1804677Z [command]/usr/bin/git config --global --add safe.directory /actions-runner/_work/ka0s/ka0s
end-workflow	Checkout code	2025-02-11T14:35:47.1849807Z [command]/usr/bin/git config --local --get remote.origin.url
end-workflow	Checkout code	2025-02-11T14:35:47.1875054Z https://github.com/Ka0s-Klaus/ka0s
end-workflow	Checkout code	2025-02-11T14:35:47.1893711Z ##[group]Removing previously created refs, to avoid conflicts
end-workflow	Checkout code	2025-02-11T14:35:47.1898928Z [command]/usr/bin/git rev-parse --symbolic-full-name --verify --quiet HEAD
end-workflow	Checkout code	2025-02-11T14:35:47.1924203Z HEAD
end-workflow	Checkout code	2025-02-11T14:35:47.2007253Z ##[endgroup]
end-workflow	Checkout code	2025-02-11T14:35:47.2009258Z [command]/usr/bin/git submodule status
end-workflow	Checkout code	2025-02-11T14:35:47.2310272Z ##[group]Cleaning the repository
end-workflow	Checkout code	2025-02-11T14:35:47.2312986Z [command]/usr/bin/git clean -ffdx
end-workflow	Checkout code	2025-02-11T14:35:47.2354656Z [command]/usr/bin/git reset --hard HEAD
end-workflow	Checkout code	2025-02-11T14:35:47.2415035Z HEAD is now at 2752b41 Merge 672a7812b50bc9dc5c081f4b02b9403d9c94d8b9 into fa02c3688d2f509f1ff22685498298b5f603ae91
end-workflow	Checkout code	2025-02-11T14:35:47.2419222Z ##[endgroup]
end-workflow	Checkout code	2025-02-11T14:35:47.2421444Z ##[group]Disabling automatic garbage collection
end-workflow	Checkout code	2025-02-11T14:35:47.2428608Z [command]/usr/bin/git config --local gc.auto 0
end-workflow	Checkout code	2025-02-11T14:35:47.2462618Z ##[endgroup]
end-workflow	Checkout code	2025-02-11T14:35:47.2463442Z ##[group]Setting up auth
end-workflow	Checkout code	2025-02-11T14:35:47.2470153Z [command]/usr/bin/git config --local --name-only --get-regexp core\.sshCommand
end-workflow	Checkout code	2025-02-11T14:35:47.2504565Z [command]/usr/bin/git submodule foreach --recursive sh -c "git config --local --name-only --get-regexp 'core\.sshCommand' && git config --local --unset-all 'core.sshCommand' || :"
end-workflow	Checkout code	2025-02-11T14:35:47.2811720Z [command]/usr/bin/git config --local --name-only --get-regexp http\.https\:\/\/github\.com\/\.extraheader
end-workflow	Checkout code	2025-02-11T14:35:47.2843792Z [command]/usr/bin/git submodule foreach --recursive sh -c "git config --local --name-only --get-regexp 'http\.https\:\/\/github\.com\/\.extraheader' && git config --local --unset-all 'http.https://github.com/.extraheader' || :"
end-workflow	Checkout code	2025-02-11T14:35:47.3148726Z [command]/usr/bin/git config --local http.https://github.com/.extraheader AUTHORIZATION: basic ***
end-workflow	Checkout code	2025-02-11T14:35:47.3192991Z ##[endgroup]
end-workflow	Checkout code	2025-02-11T14:35:47.3194266Z ##[group]Fetching the repository
end-workflow	Checkout code	2025-02-11T14:35:47.3201180Z [command]/usr/bin/git -c protocol.version=2 fetch --prune --no-recurse-submodules origin +refs/heads/*:refs/remotes/origin/* +refs/tags/*:refs/tags/*
end-workflow	Checkout code	2025-02-11T14:35:48.1713098Z From https://github.com/Ka0s-Klaus/ka0s
end-workflow	Checkout code	2025-02-11T14:35:48.1719974Z    fa02c36..9f7d488  main       -> origin/main
end-workflow	Checkout code	2025-02-11T14:35:48.1851798Z [command]/usr/bin/git branch --list --remote origin/main
end-workflow	Checkout code	2025-02-11T14:35:48.1961710Z   origin/main
end-workflow	Checkout code	2025-02-11T14:35:48.2000764Z [command]/usr/bin/git rev-parse refs/remotes/origin/main
end-workflow	Checkout code	2025-02-11T14:35:48.2090465Z 9f7d488c61838d44a6bffc77a767753573b2b0ac
end-workflow	Checkout code	2025-02-11T14:35:48.2121266Z ##[endgroup]
end-workflow	Checkout code	2025-02-11T14:35:48.2128645Z ##[group]Determining the checkout info
end-workflow	Checkout code	2025-02-11T14:35:48.2136871Z ##[endgroup]
end-workflow	Checkout code	2025-02-11T14:35:48.2143389Z ##[group]Checking out the ref
end-workflow	Checkout code	2025-02-11T14:35:48.2151697Z [command]/usr/bin/git checkout --progress --force -B main refs/remotes/origin/main
end-workflow	Checkout code	2025-02-11T14:35:48.2399280Z Previous HEAD position was 2752b41 Merge 672a7812b50bc9dc5c081f4b02b9403d9c94d8b9 into fa02c3688d2f509f1ff22685498298b5f603ae91
end-workflow	Checkout code	2025-02-11T14:35:48.2408322Z Switched to a new branch 'main'
end-workflow	Checkout code	2025-02-11T14:35:48.2411159Z Branch 'main' set up to track remote branch 'main' from 'origin'.
end-workflow	Checkout code	2025-02-11T14:35:48.2419413Z ##[endgroup]
end-workflow	Checkout code	2025-02-11T14:35:48.2479701Z [command]/usr/bin/git log -1 --format=%H
end-workflow	Checkout code	2025-02-11T14:35:48.2517913Z 9f7d488c61838d44a6bffc77a767753573b2b0ac
end-workflow	Finaliza el workflow	2025-02-11T14:35:48.2766394Z ##[group]Run echo "End process"
end-workflow	Finaliza el workflow	2025-02-11T14:35:48.2767583Z [36;1mecho "End process"[0m
end-workflow	Finaliza el workflow	2025-02-11T14:35:48.2769608Z [36;1mgh workflow run inspector.yml --ref 'main' -f kaos-issue-id="" -f kaos-workflow-id="13265304998" -f kaos-user-start=""[0m
end-workflow	Finaliza el workflow	2025-02-11T14:35:48.2780855Z shell: /usr/bin/bash -e {0}
end-workflow	Finaliza el workflow	2025-02-11T14:35:48.2781803Z env:
end-workflow	Finaliza el workflow	2025-02-11T14:35:48.2782633Z   KAOS_CODE: 13265304998
end-workflow	Finaliza el workflow	2025-02-11T14:35:48.2783507Z   KAOS_EVENT_NAME: push
end-workflow	Finaliza el workflow	2025-02-11T14:35:48.2784664Z   KAOS_ACTION: 
end-workflow	Finaliza el workflow	2025-02-11T14:35:48.2785444Z   KAOS_MODULE: [Ka0S] kaos
end-workflow	Finaliza el workflow	2025-02-11T14:35:48.2786362Z   KAOS_PATH_RESUME: core/results/
end-workflow	Finaliza el workflow	2025-02-11T14:35:48.2787404Z   KAOS_JSON: core/results/event_data.json
end-workflow	Finaliza el workflow	2025-02-11T14:35:48.2788916Z   GH_TOKEN: ***
end-workflow	Finaliza el workflow	2025-02-11T14:35:48.2789683Z ##[endgroup]
end-workflow	Finaliza el workflow	2025-02-11T14:35:48.2849765Z End process
end-workflow	Post Checkout code	2025-02-11T14:35:48.9726929Z Post job cleanup.
end-workflow	Post Checkout code	2025-02-11T14:35:49.0742866Z [command]/usr/bin/git version
end-workflow	Post Checkout code	2025-02-11T14:35:49.0781948Z git version 2.25.1
end-workflow	Post Checkout code	2025-02-11T14:35:49.0820985Z Copying '/home/kaos/.gitconfig' to '/actions-runner/_work/_temp/38b3ea4c-9591-4eb0-9dbb-9a0899accef5/.gitconfig'
end-workflow	Post Checkout code	2025-02-11T14:35:49.0833313Z Temporarily overriding HOME='/actions-runner/_work/_temp/38b3ea4c-9591-4eb0-9dbb-9a0899accef5' before making global git config changes
end-workflow	Post Checkout code	2025-02-11T14:35:49.0836936Z Adding repository directory to the temporary git global config as a safe directory
end-workflow	Post Checkout code	2025-02-11T14:35:49.0839418Z [command]/usr/bin/git config --global --add safe.directory /actions-runner/_work/ka0s/ka0s
end-workflow	Post Checkout code	2025-02-11T14:35:49.0880908Z [command]/usr/bin/git config --local --name-only --get-regexp core\.sshCommand
end-workflow	Post Checkout code	2025-02-11T14:35:49.0919298Z [command]/usr/bin/git submodule foreach --recursive sh -c "git config --local --name-only --get-regexp 'core\.sshCommand' && git config --local --unset-all 'core.sshCommand' || :"
end-workflow	Post Checkout code	2025-02-11T14:35:49.1225351Z [command]/usr/bin/git config --local --name-only --get-regexp http\.https\:\/\/github\.com\/\.extraheader
end-workflow	Post Checkout code	2025-02-11T14:35:49.1248930Z http.https://github.com/.extraheader
end-workflow	Post Checkout code	2025-02-11T14:35:49.1263087Z [command]/usr/bin/git config --local --unset-all http.https://github.com/.extraheader
end-workflow	Post Checkout code	2025-02-11T14:35:49.1302446Z [command]/usr/bin/git submodule foreach --recursive sh -c "git config --local --name-only --get-regexp 'http\.https\:\/\/github\.com\/\.extraheader' && git config --local --unset-all 'http.https://github.com/.extraheader' || :"
end-workflow	Complete job	2025-02-11T14:35:49.1732216Z Cleaning up orphan processes
