job-core	Set up job	2025-02-13T08:46:34.7592131Z Current runner version: '2.322.0'
job-core	Set up job	2025-02-13T08:46:34.7601940Z Runner name: 'ka0s-3'
job-core	Set up job	2025-02-13T08:46:34.7603277Z Runner group name: 'ka0s'
job-core	Set up job	2025-02-13T08:46:34.7605462Z Machine name: '5613a8be5fd6'
job-core	Set up job	2025-02-13T08:46:34.7610501Z ##[group]GITHUB_TOKEN Permissions
job-core	Set up job	2025-02-13T08:46:34.7613653Z Contents: read
job-core	Set up job	2025-02-13T08:46:34.7615263Z Metadata: read
job-core	Set up job	2025-02-13T08:46:34.7616366Z Packages: read
job-core	Set up job	2025-02-13T08:46:34.7617451Z ##[endgroup]
job-core	Set up job	2025-02-13T08:46:34.7620249Z Secret source: Actions
job-core	Set up job	2025-02-13T08:46:34.7621704Z Prepare workflow directory
job-core	Set up job	2025-02-13T08:46:34.8166560Z Prepare all required actions
job-core	Set up job	2025-02-13T08:46:34.8205250Z Getting action download info
job-core	Set up job	2025-02-13T08:46:35.0481135Z Download action repository 'actions/checkout@v4' (SHA:11bd71901bbe5b1630ceea73d27597364c9af683)
job-core	Set up job	2025-02-13T08:46:35.8670450Z Complete job name: job-core
job-core	Checkout code	2025-02-13T08:46:35.9297958Z ##[group]Run actions/checkout@v4
job-core	Checkout code	2025-02-13T08:46:35.9299329Z with:
job-core	Checkout code	2025-02-13T08:46:35.9300097Z   fetch-depth: 0
job-core	Checkout code	2025-02-13T08:46:35.9301285Z   token: ***
job-core	Checkout code	2025-02-13T08:46:35.9302162Z   repository: Ka0s-Klaus/ka0s
job-core	Checkout code	2025-02-13T08:46:35.9303096Z   ssh-strict: true
job-core	Checkout code	2025-02-13T08:46:35.9303903Z   ssh-user: git
job-core	Checkout code	2025-02-13T08:46:35.9305094Z   persist-credentials: true
job-core	Checkout code	2025-02-13T08:46:35.9306007Z   clean: true
job-core	Checkout code	2025-02-13T08:46:35.9306830Z   sparse-checkout-cone-mode: true
job-core	Checkout code	2025-02-13T08:46:35.9307826Z   fetch-tags: false
job-core	Checkout code	2025-02-13T08:46:35.9308661Z   show-progress: true
job-core	Checkout code	2025-02-13T08:46:35.9309489Z   lfs: false
job-core	Checkout code	2025-02-13T08:46:35.9310252Z   submodules: false
job-core	Checkout code	2025-02-13T08:46:35.9311095Z   set-safe-directory: true
job-core	Checkout code	2025-02-13T08:46:35.9312245Z env:
job-core	Checkout code	2025-02-13T08:46:35.9312996Z   KAOS_CODE: 13303773582
job-core	Checkout code	2025-02-13T08:46:35.9313884Z   KAOS_EVENT_NAME: push
job-core	Checkout code	2025-02-13T08:46:35.9315109Z   KAOS_ACTION: 
job-core	Checkout code	2025-02-13T08:46:35.9315918Z   KAOS_MODULE: [Ka0S] kaos
job-core	Checkout code	2025-02-13T08:46:35.9316851Z   KAOS_PATH_RESUME: core/results/
job-core	Checkout code	2025-02-13T08:46:35.9317924Z   KAOS_JSON: core/results/event_data.json
job-core	Checkout code	2025-02-13T08:46:35.9318966Z   GITHUB_OUTPUT: 
job-core	Checkout code	2025-02-13T08:46:35.9320073Z ##[endgroup]
job-core	Checkout code	2025-02-13T08:46:36.0493270Z Syncing repository: Ka0s-Klaus/ka0s
job-core	Checkout code	2025-02-13T08:46:36.0496347Z ##[group]Getting Git version info
job-core	Checkout code	2025-02-13T08:46:36.0497603Z Working directory is '/actions-runner/_work/ka0s/ka0s'
job-core	Checkout code	2025-02-13T08:46:36.0499417Z [command]/usr/bin/git version
job-core	Checkout code	2025-02-13T08:46:36.0500379Z git version 2.25.1
job-core	Checkout code	2025-02-13T08:46:36.0519208Z ##[endgroup]
job-core	Checkout code	2025-02-13T08:46:36.0532692Z Copying '/home/kaos/.gitconfig' to '/actions-runner/_work/_temp/a385b7e1-374e-4a3b-a70c-dc01e2a4a9f1/.gitconfig'
job-core	Checkout code	2025-02-13T08:46:36.0544746Z Temporarily overriding HOME='/actions-runner/_work/_temp/a385b7e1-374e-4a3b-a70c-dc01e2a4a9f1' before making global git config changes
job-core	Checkout code	2025-02-13T08:46:36.0547638Z Adding repository directory to the temporary git global config as a safe directory
job-core	Checkout code	2025-02-13T08:46:36.0550078Z [command]/usr/bin/git config --global --add safe.directory /actions-runner/_work/ka0s/ka0s
job-core	Checkout code	2025-02-13T08:46:36.0601578Z [command]/usr/bin/git config --local --get remote.origin.url
job-core	Checkout code	2025-02-13T08:46:36.0625560Z https://github.com/Ka0s-Klaus/ka0s
job-core	Checkout code	2025-02-13T08:46:36.0645203Z ##[group]Removing previously created refs, to avoid conflicts
job-core	Checkout code	2025-02-13T08:46:36.0649723Z [command]/usr/bin/git rev-parse --symbolic-full-name --verify --quiet HEAD
job-core	Checkout code	2025-02-13T08:46:36.0674730Z refs/heads/H34-modulo-iac-kaos
job-core	Checkout code	2025-02-13T08:46:36.0684654Z [command]/usr/bin/git checkout --detach
job-core	Checkout code	2025-02-13T08:46:36.0742015Z HEAD is now at 736fc95 Delete iac/core/r.json
job-core	Checkout code	2025-02-13T08:46:36.0792495Z [command]/usr/bin/git branch --delete --force H34-modulo-iac-kaos
job-core	Checkout code	2025-02-13T08:46:36.0827233Z Deleted branch H34-modulo-iac-kaos (was 736fc95).
job-core	Checkout code	2025-02-13T08:46:36.0879021Z ##[endgroup]
job-core	Checkout code	2025-02-13T08:46:36.0880189Z [command]/usr/bin/git submodule status
job-core	Checkout code	2025-02-13T08:46:36.1187525Z ##[group]Cleaning the repository
job-core	Checkout code	2025-02-13T08:46:36.1191961Z [command]/usr/bin/git clean -ffdx
job-core	Checkout code	2025-02-13T08:46:36.1233897Z [command]/usr/bin/git reset --hard HEAD
job-core	Checkout code	2025-02-13T08:46:36.1294458Z HEAD is now at 736fc95 Delete iac/core/r.json
job-core	Checkout code	2025-02-13T08:46:36.1301336Z ##[endgroup]
job-core	Checkout code	2025-02-13T08:46:36.1303260Z ##[group]Disabling automatic garbage collection
job-core	Checkout code	2025-02-13T08:46:36.1305857Z [command]/usr/bin/git config --local gc.auto 0
job-core	Checkout code	2025-02-13T08:46:36.1341502Z ##[endgroup]
job-core	Checkout code	2025-02-13T08:46:36.1342944Z ##[group]Setting up auth
job-core	Checkout code	2025-02-13T08:46:36.1349008Z [command]/usr/bin/git config --local --name-only --get-regexp core\.sshCommand
job-core	Checkout code	2025-02-13T08:46:36.1384687Z [command]/usr/bin/git submodule foreach --recursive sh -c "git config --local --name-only --get-regexp 'core\.sshCommand' && git config --local --unset-all 'core.sshCommand' || :"
job-core	Checkout code	2025-02-13T08:46:36.1687394Z [command]/usr/bin/git config --local --name-only --get-regexp http\.https\:\/\/github\.com\/\.extraheader
job-core	Checkout code	2025-02-13T08:46:36.1720482Z [command]/usr/bin/git submodule foreach --recursive sh -c "git config --local --name-only --get-regexp 'http\.https\:\/\/github\.com\/\.extraheader' && git config --local --unset-all 'http.https://github.com/.extraheader' || :"
job-core	Checkout code	2025-02-13T08:46:36.2023855Z [command]/usr/bin/git config --local http.https://github.com/.extraheader AUTHORIZATION: basic ***
job-core	Checkout code	2025-02-13T08:46:36.2067873Z ##[endgroup]
job-core	Checkout code	2025-02-13T08:46:36.2069543Z ##[group]Fetching the repository
job-core	Checkout code	2025-02-13T08:46:36.2077175Z [command]/usr/bin/git -c protocol.version=2 fetch --prune --no-recurse-submodules origin +refs/heads/*:refs/remotes/origin/* +refs/tags/*:refs/tags/*
job-core	Checkout code	2025-02-13T08:46:36.9322476Z From https://github.com/Ka0s-Klaus/ka0s
job-core	Checkout code	2025-02-13T08:46:36.9324179Z    736fc95..69cb753  H34-modulo-iac-kaos -> origin/H34-modulo-iac-kaos
job-core	Checkout code	2025-02-13T08:46:36.9324773Z    ea6958d..22178c9  main                -> origin/main
job-core	Checkout code	2025-02-13T08:46:36.9366012Z [command]/usr/bin/git branch --list --remote origin/H34-modulo-iac-kaos
job-core	Checkout code	2025-02-13T08:46:36.9399098Z   origin/H34-modulo-iac-kaos
job-core	Checkout code	2025-02-13T08:46:36.9409006Z [command]/usr/bin/git rev-parse refs/remotes/origin/H34-modulo-iac-kaos
job-core	Checkout code	2025-02-13T08:46:36.9433577Z 69cb75363fe93a9b6d8b1af0957ad33809e3be66
job-core	Checkout code	2025-02-13T08:46:36.9438731Z ##[endgroup]
job-core	Checkout code	2025-02-13T08:46:36.9439348Z ##[group]Determining the checkout info
job-core	Checkout code	2025-02-13T08:46:36.9440188Z ##[endgroup]
job-core	Checkout code	2025-02-13T08:46:36.9441264Z ##[group]Checking out the ref
job-core	Checkout code	2025-02-13T08:46:36.9447411Z [command]/usr/bin/git checkout --progress --force -B H34-modulo-iac-kaos refs/remotes/origin/H34-modulo-iac-kaos
job-core	Checkout code	2025-02-13T08:46:36.9518171Z Previous HEAD position was 736fc95 Delete iac/core/r.json
job-core	Checkout code	2025-02-13T08:46:36.9525799Z Switched to a new branch 'H34-modulo-iac-kaos'
job-core	Checkout code	2025-02-13T08:46:36.9526625Z Branch 'H34-modulo-iac-kaos' set up to track remote branch 'H34-modulo-iac-kaos' from 'origin'.
job-core	Checkout code	2025-02-13T08:46:36.9532487Z ##[endgroup]
job-core	Checkout code	2025-02-13T08:46:36.9575397Z [command]/usr/bin/git log -1 --format=%H
job-core	Checkout code	2025-02-13T08:46:36.9603760Z 69cb75363fe93a9b6d8b1af0957ad33809e3be66
job-core	Validate file extensions	2025-02-13T08:46:36.9900506Z ##[group]Run IFS=' ' read -r -a extensions <<< "***"
job-core	Validate file extensions	2025-02-13T08:46:36.9901156Z [36;1mIFS=' ' read -r -a extensions <<< "***"[0m
job-core	Validate file extensions	2025-02-13T08:46:36.9901613Z [36;1mfor file in $(git diff --name-only HEAD~1 HEAD); do[0m
job-core	Validate file extensions	2025-02-13T08:46:36.9902012Z [36;1mextension="${file##*.}"[0m
job-core	Validate file extensions	2025-02-13T08:46:36.9902417Z [36;1m  if [[ ! " ${extensions[@]} " =~ " ${extension} " ]]; then[0m
job-core	Validate file extensions	2025-02-13T08:46:36.9902879Z [36;1m    echo "File $file has an invalid extension: $extension"[0m
job-core	Validate file extensions	2025-02-13T08:46:36.9903266Z [36;1m  fi[0m
job-core	Validate file extensions	2025-02-13T08:46:36.9903516Z [36;1mdone[0m
job-core	Validate file extensions	2025-02-13T08:46:36.9913304Z shell: /usr/bin/bash -e {0}
job-core	Validate file extensions	2025-02-13T08:46:36.9913639Z env:
job-core	Validate file extensions	2025-02-13T08:46:36.9913889Z   KAOS_CODE: 13303773582
job-core	Validate file extensions	2025-02-13T08:46:36.9914571Z   KAOS_EVENT_NAME: push
job-core	Validate file extensions	2025-02-13T08:46:36.9914971Z   KAOS_ACTION: 
job-core	Validate file extensions	2025-02-13T08:46:36.9915232Z   KAOS_MODULE: [Ka0S] kaos
job-core	Validate file extensions	2025-02-13T08:46:36.9915536Z   KAOS_PATH_RESUME: core/results/
job-core	Validate file extensions	2025-02-13T08:46:36.9915873Z   KAOS_JSON: core/results/event_data.json
job-core	Validate file extensions	2025-02-13T08:46:36.9916259Z   GITHUB_OUTPUT: 
job-core	Validate file extensions	2025-02-13T08:46:36.9916519Z ##[endgroup]
job-core	Validate file extensions	2025-02-13T08:46:36.9998868Z File .github/workflows/dockertest.yml has an invalid extension: yml
job-core	Crear JSON	2025-02-13T08:46:37.0054923Z ##[group]Run echo "{}" >> core/results/event_data.json
job-core	Crear JSON	2025-02-13T08:46:37.0055728Z [36;1mecho "{}" >> core/results/event_data.json[0m
job-core	Crear JSON	2025-02-13T08:46:37.0056093Z [36;1mcase "push" in[0m
job-core	Crear JSON	2025-02-13T08:46:37.0056378Z [36;1m  "push")[0m
job-core	Crear JSON	2025-02-13T08:46:37.0057243Z [36;1m    echo "{\"event\": \"push\", \"ref\": \"refs/heads/H34-modulo-iac-kaos\", \"sha\": \"69cb75363fe93a9b6d8b1af0957ad33809e3be66\"}" >> core/results/event_data.json # Ejemplo: {"event": "push", "ref": "refs/heads/main", "sha": "abc123"}[0m
job-core	Crear JSON	2025-02-13T08:46:37.0058277Z [36;1m    echo "Variable github.action=crear_json" >> core/results/event_data.json[0m
job-core	Crear JSON	2025-02-13T08:46:37.0058777Z [36;1m    echo "Variable github.event.action="[0m
job-core	Crear JSON	2025-02-13T08:46:37.0059311Z [36;1m    echo "Variable github.event.pusher.name=santakloud" >> core/results/event_data.json[0m
job-core	Crear JSON	2025-02-13T08:46:37.0060120Z [36;1m    echo "variable github.event.pusher.email=73332898+santakloud@users.noreply.github.com" >> core/results/event_data.json[0m
job-core	Crear JSON	2025-02-13T08:46:37.0060935Z [36;1m    echo "Variable github.event.issue.number=" >> core/results/event_data.json[0m
job-core	Crear JSON	2025-02-13T08:46:37.0061779Z [36;1m    #Crear un fichero de resumen con todos los datos de los commits asociados, esta información es usada en todo el ciclo de vida del workflow[0m
job-core	Crear JSON	2025-02-13T08:46:37.0062963Z [36;1m    git log 736fc953958ac937067c87190d714c9a0170fd3d..69cb75363fe93a9b6d8b1af0957ad33809e3be66 --pretty=format:'%H%n%an%n%ae%n%ad%n%s' > core/results/commit-summary-$KAOS_CODE_FILES.txt[0m
job-core	Crear JSON	2025-02-13T08:46:37.0064011Z [36;1m    # Crear un fichero con la ruta completa y el nombre ficheros implicados en el commit[0m
job-core	Crear JSON	2025-02-13T08:46:37.0065410Z [36;1m    git diff --name-only 736fc953958ac937067c87190d714c9a0170fd3d 69cb75363fe93a9b6d8b1af0957ad33809e3be66 > core/results/files-in-commit-$KAOS_CODE_FILES.txt[0m
job-core	Crear JSON	2025-02-13T08:46:37.0066292Z [36;1m    INVOLVED=core/results/files-in-commit-$KAOS_CODE_FILES.txt[0m
job-core	Crear JSON	2025-02-13T08:46:37.0066780Z [36;1m    #echo "INVOLVED=$INVOLVED" >> $GITHUB_OUTPUT[0m
job-core	Crear JSON	2025-02-13T08:46:37.0067259Z [36;1m    echo "INVOLVED=$INVOLVED" >> core/results/event_data.json[0m
job-core	Crear JSON	2025-02-13T08:46:37.0067675Z [36;1m    ;;[0m
job-core	Crear JSON	2025-02-13T08:46:37.0067945Z [36;1m  "pull_request")[0m
job-core	Crear JSON	2025-02-13T08:46:37.0068569Z [36;1m    echo "{\"event\": \"pull_request\", \"action\": \"\", \"number\": \"\"}" > event_data.json # Ejemplo: {"event": "pull_request", "action": "opened", "number": "42"}[0m
job-core	Crear JSON	2025-02-13T08:46:37.0069198Z [36;1m    ;;[0m
job-core	Crear JSON	2025-02-13T08:46:37.0069460Z [36;1m  "issues")[0m
job-core	Crear JSON	2025-02-13T08:46:37.0069999Z [36;1m    echo "{\"event\": \"issues\", \"action\": \"\", \"issue\": \"\"}" > event_data.json # Ejemplo: {"event": "issues", "action": "opened", "issue": "99"}[0m
job-core	Crear JSON	2025-02-13T08:46:37.0070576Z [36;1m    ;;[0m
job-core	Crear JSON	2025-02-13T08:46:37.0070847Z [36;1m  "issue_comment")[0m
job-core	Crear JSON	2025-02-13T08:46:37.0071488Z [36;1m    echo "{\"event\": \"issue_comment\", \"action\": \"\", \"comment\": \"\"}" > event_data.json # Ejemplo: {"event": "issue_comment", "action": "created", "comment": "123456"}[0m
job-core	Crear JSON	2025-02-13T08:46:37.0072157Z [36;1m    ;;[0m
job-core	Crear JSON	2025-02-13T08:46:37.0072423Z [36;1m  "create")[0m
job-core	Crear JSON	2025-02-13T08:46:37.0073285Z [36;1m    echo "{\"event\": \"create\", \"ref\": \"refs/heads/H34-modulo-iac-kaos\", \"ref_type\": \"refs/heads/H34-modulo-iac-kaos\"}" > event_data.json # Ejemplo: {"event": "create", "ref": "refs/tags/v1.0", "ref_type": "tag"}[0m
job-core	Crear JSON	2025-02-13T08:46:37.0074360Z [36;1m    ;;[0m
job-core	Crear JSON	2025-02-13T08:46:37.0074762Z [36;1m  "delete")[0m
job-core	Crear JSON	2025-02-13T08:46:37.0075594Z [36;1m    echo "{\"event\": \"delete\", \"ref\": \"refs/heads/H34-modulo-iac-kaos\", \"ref_type\": \"refs/heads/H34-modulo-iac-kaos\"}" > event_data.json # Ejemplo: {"event": "delete", "ref": "refs/heads/feature-branch", "ref_type": "branch"}[0m
job-core	Crear JSON	2025-02-13T08:46:37.0076460Z [36;1m    ;;[0m
job-core	Crear JSON	2025-02-13T08:46:37.0076721Z [36;1m  "release")[0m
job-core	Crear JSON	2025-02-13T08:46:37.0077307Z [36;1m    echo "{\"event\": \"release\", \"action\": \"\", \"release\": \"\"}" > event_data.json # Ejemplo: {"event": "release", "action": "published", "release": "v1.0"}[0m
job-core	Crear JSON	2025-02-13T08:46:37.0078276Z [36;1m    ;;[0m
job-core	Crear JSON	2025-02-13T08:46:37.0078538Z [36;1m  "watch")[0m
job-core	Crear JSON	2025-02-13T08:46:37.0079016Z [36;1m    echo "{\"event\": \"watch\", \"action\": \"\"}" > event_data.json # Ejemplo: {"event": "watch", "action": "started"}[0m
job-core	Crear JSON	2025-02-13T08:46:37.0079537Z [36;1m    ;;[0m
job-core	Crear JSON	2025-02-13T08:46:37.0079813Z [36;1m  "repository_dispatch")[0m
job-core	Crear JSON	2025-02-13T08:46:37.0080454Z [36;1m    echo "{\"event\": \"repository_dispatch\", \"action\": \"\"}" > event_data.json # Ejemplo: {"event": "repository_dispatch", "action": "custom-event"}[0m
job-core	Crear JSON	2025-02-13T08:46:37.0081085Z [36;1m    ;;[0m
job-core	Crear JSON	2025-02-13T08:46:37.0081361Z [36;1m  "workflow_dispatch")[0m
job-core	Crear JSON	2025-02-13T08:46:37.0081870Z [36;1m    echo "{\"event\": \"workflow_dispatch\"}" > event_data.json # Ejemplo: {"event": "workflow_dispatch"}[0m
job-core	Crear JSON	2025-02-13T08:46:37.0082383Z [36;1m    ;;[0m
job-core	Crear JSON	2025-02-13T08:46:37.0082635Z [36;1m  *)[0m
job-core	Crear JSON	2025-02-13T08:46:37.0083029Z [36;1m    echo "{\"event\": \"unknown\"}" > event_data.json # Ejemplo: {"event": "unknown"}[0m
job-core	Crear JSON	2025-02-13T08:46:37.0083492Z [36;1m    ;;[0m
job-core	Crear JSON	2025-02-13T08:46:37.0083751Z [36;1mesac[0m
job-core	Crear JSON	2025-02-13T08:46:37.0090304Z shell: /usr/bin/bash -e {0}
job-core	Crear JSON	2025-02-13T08:46:37.0090625Z env:
job-core	Crear JSON	2025-02-13T08:46:37.0090874Z   KAOS_CODE: 13303773582
job-core	Crear JSON	2025-02-13T08:46:37.0091177Z   KAOS_EVENT_NAME: push
job-core	Crear JSON	2025-02-13T08:46:37.0091456Z   KAOS_ACTION: 
job-core	Crear JSON	2025-02-13T08:46:37.0091725Z   KAOS_MODULE: [Ka0S] kaos
job-core	Crear JSON	2025-02-13T08:46:37.0092036Z   KAOS_PATH_RESUME: core/results/
job-core	Crear JSON	2025-02-13T08:46:37.0092380Z   KAOS_JSON: core/results/event_data.json
job-core	Crear JSON	2025-02-13T08:46:37.0092717Z   GITHUB_OUTPUT: 
job-core	Crear JSON	2025-02-13T08:46:37.0092981Z ##[endgroup]
job-core	Crear JSON	2025-02-13T08:46:37.0128431Z Variable github.event.action=
job-core	Ver JSON	2025-02-13T08:46:37.0210377Z ##[group]Run cat core/results/event_data.json
job-core	Ver JSON	2025-02-13T08:46:37.0210863Z [36;1mcat core/results/event_data.json[0m
job-core	Ver JSON	2025-02-13T08:46:37.0217211Z shell: /usr/bin/bash -e {0}
job-core	Ver JSON	2025-02-13T08:46:37.0217540Z env:
job-core	Ver JSON	2025-02-13T08:46:37.0217795Z   KAOS_CODE: 13303773582
job-core	Ver JSON	2025-02-13T08:46:37.0218099Z   KAOS_EVENT_NAME: push
job-core	Ver JSON	2025-02-13T08:46:37.0218403Z   KAOS_ACTION: 
job-core	Ver JSON	2025-02-13T08:46:37.0218680Z   KAOS_MODULE: [Ka0S] kaos
job-core	Ver JSON	2025-02-13T08:46:37.0219002Z   KAOS_PATH_RESUME: core/results/
job-core	Ver JSON	2025-02-13T08:46:37.0219353Z   KAOS_JSON: core/results/event_data.json
job-core	Ver JSON	2025-02-13T08:46:37.0219697Z   GITHUB_OUTPUT: 
job-core	Ver JSON	2025-02-13T08:46:37.0219966Z ##[endgroup]
job-core	Ver JSON	2025-02-13T08:46:37.0259122Z {}
job-core	Ver JSON	2025-02-13T08:46:37.0259754Z {"event": "push", "ref": "refs/heads/H34-modulo-iac-kaos", "sha": "69cb75363fe93a9b6d8b1af0957ad33809e3be66"}
job-core	Ver JSON	2025-02-13T08:46:37.0260340Z Variable github.action=crear_json
job-core	Ver JSON	2025-02-13T08:46:37.0260743Z Variable github.event.pusher.name=santakloud
job-core	Ver JSON	2025-02-13T08:46:37.0261310Z variable github.event.pusher.email=73332898+santakloud@users.noreply.github.com
job-core	Ver JSON	2025-02-13T08:46:37.0261918Z Variable github.event.issue.number=
job-core	Ver JSON	2025-02-13T08:46:37.0262310Z INVOLVED=core/results/files-in-commit-.txt
job-core	Run # Nuevo proceso de activacion de los modulos	2025-02-13T08:46:37.0320754Z ##[group]Run # Nuevo proceso de activacion de los modulos
job-core	Run # Nuevo proceso de activacion de los modulos	2025-02-13T08:46:37.0321394Z [36;1m# Nuevo proceso de activacion de los modulos[0m
job-core	Run # Nuevo proceso de activacion de los modulos	2025-02-13T08:46:37.0321834Z [36;1mwhile IFS= read -r line; do[0m
job-core	Run # Nuevo proceso de activacion de los modulos	2025-02-13T08:46:37.0322263Z [36;1m  echo "I Leemos el fichero  y extraemos el fichero $line"[0m
job-core	Run # Nuevo proceso de activacion de los modulos	2025-02-13T08:46:37.0322696Z [36;1m  module_failed=0[0m
job-core	Run # Nuevo proceso de activacion de los modulos	2025-02-13T08:46:37.0323017Z [36;1m  extension_failed=0[0m
job-core	Run # Nuevo proceso de activacion de los modulos	2025-02-13T08:46:37.0323355Z [36;1m  file_name=$(basename "$line")[0m
job-core	Run # Nuevo proceso de activacion de los modulos	2025-02-13T08:46:37.0323787Z [36;1m  echo "I-1 Calculamos el nombre del fichero $file_name"[0m
job-core	Run # Nuevo proceso de activacion de los modulos	2025-02-13T08:46:37.0324306Z [36;1m  file_extension="${file_name##*.}"[0m
job-core	Run # Nuevo proceso de activacion de los modulos	2025-02-13T08:46:37.0324768Z [36;1m  echo "I-2 Calculamos la extension del fichero $file_extension"[0m
job-core	Run # Nuevo proceso de activacion de los modulos	2025-02-13T08:46:37.0325261Z [36;1m  file_module="$file_extension""lint.yaml"[0m
job-core	Run # Nuevo proceso de activacion de los modulos	2025-02-13T08:46:37.0325694Z [36;1m  echo "I-3 Calculamos el modulo $file_module"[0m
job-core	Run # Nuevo proceso de activacion de los modulos	2025-02-13T08:46:37.0326120Z [36;1m  IFS=',' read -r -a file_array <<< "$files"[0m
job-core	Run # Nuevo proceso de activacion de los modulos	2025-02-13T08:46:37.0326561Z [36;1m  for file in "${file_array[@]}"; do[0m
job-core	Run # Nuevo proceso de activacion de los modulos	2025-02-13T08:46:37.0326953Z [36;1m    echo "II Leemos el array de $file"[0m
job-core	Run # Nuevo proceso de activacion de los modulos	2025-02-13T08:46:37.0327545Z [36;1m    if [[ "$file_extension" == "$file" ]]; then[0m
job-core	Run # Nuevo proceso de activacion de los modulos	2025-02-13T08:46:37.0328014Z [36;1m      echo "III Comprobamos si $file_extension es igual a $file"[0m
job-core	Run # Nuevo proceso de activacion de los modulos	2025-02-13T08:46:37.0328501Z [36;1m      IFS=',' read -r -a module_array <<< "$modules"[0m
job-core	Run # Nuevo proceso de activacion de los modulos	2025-02-13T08:46:37.0328926Z [36;1m      for module in "${module_array[@]}"; do[0m
job-core	Run # Nuevo proceso de activacion de los modulos	2025-02-13T08:46:37.0329330Z [36;1m        echo "IV Leemos el array $module"[0m
job-core	Run # Nuevo proceso de activacion de los modulos	2025-02-13T08:46:37.0329744Z [36;1m        if [[ "$file_module" == *"$module"* ]]; then[0m
job-core	Run # Nuevo proceso de activacion de los modulos	2025-02-13T08:46:37.0330287Z [36;1m          echo "V Comprobamos que el $file_module es igual a $module y ejecutamos el flujo"[0m
job-core	Run # Nuevo proceso de activacion de los modulos	2025-02-13T08:46:37.0330875Z [36;1m          # Si hemos llegado hasta aquí ejecutamos el módulo[0m
job-core	Run # Nuevo proceso de activacion de los modulos	2025-02-13T08:46:37.0331368Z [36;1m          # Añadimos los valores a las variables de la issue[0m
job-core	Run # Nuevo proceso de activacion de los modulos	2025-02-13T08:46:37.0332030Z [36;1m          KAOS_ISSUE_BODY="[Ka0S] kaos has been initiated and Launch workflow $file_module to check file $line"[0m
job-core	Run # Nuevo proceso de activacion de los modulos	2025-02-13T08:46:37.0332645Z [36;1m          # Añadimos el comentario a la issue[0m
job-core	Run # Nuevo proceso de activacion de los modulos	2025-02-13T08:46:37.0333435Z [36;1m          #gh workflow run issue.yaml --ref refs/heads/H34-modulo-iac-kaos -f kaos-issue-body="$KAOS_ISSUE_BODY" -f kaos-issue-id= -f kaos-issue-actions=comment[0m
job-core	Run # Nuevo proceso de activacion de los modulos	2025-02-13T08:46:37.0334270Z [36;1m          # Lanzamos el lint del fichero[0m
job-core	Run # Nuevo proceso de activacion de los modulos	2025-02-13T08:46:37.0335050Z [36;1m          #gh workflow run $file_module --ref refs/heads/H34-modulo-iac-kaos -f kaos-origin=13303773582 -f kaos-files=$line -f kaos-issue-id= -f kaos-user-start=[0m
job-core	Run # Nuevo proceso de activacion de los modulos	2025-02-13T08:46:37.0335802Z [36;1m          module_failed=0[0m
job-core	Run # Nuevo proceso de activacion de los modulos	2025-02-13T08:46:37.0336143Z [36;1m          extension_failed=0[0m
job-core	Run # Nuevo proceso de activacion de los modulos	2025-02-13T08:46:37.0336481Z [36;1m          break[0m
job-core	Run # Nuevo proceso de activacion de los modulos	2025-02-13T08:46:37.0336780Z [36;1m        else[0m
job-core	Run # Nuevo proceso de activacion de los modulos	2025-02-13T08:46:37.0337148Z [36;1m          # Control de si existe el modulo para esa extension"[0m
job-core	Run # Nuevo proceso de activacion de los modulos	2025-02-13T08:46:37.0337760Z [36;1m          echo "VI No es igual $file_module a $module y lo indicamos en la variable module_failed=1"[0m
job-core	Run # Nuevo proceso de activacion de los modulos	2025-02-13T08:46:37.0338299Z [36;1m          module_failed=1[0m
job-core	Run # Nuevo proceso de activacion de los modulos	2025-02-13T08:46:37.0338625Z [36;1m        fi[0m
job-core	Run # Nuevo proceso de activacion de los modulos	2025-02-13T08:46:37.0338905Z [36;1m      done[0m
job-core	Run # Nuevo proceso de activacion de los modulos	2025-02-13T08:46:37.0339187Z [36;1m      break[0m
job-core	Run # Nuevo proceso de activacion de los modulos	2025-02-13T08:46:37.0339469Z [36;1m    else[0m
job-core	Run # Nuevo proceso de activacion de los modulos	2025-02-13T08:46:37.0339829Z [36;1m      # Control de si existe el modulo para esa extension"[0m
job-core	Run # Nuevo proceso de activacion de los modulos	2025-02-13T08:46:37.0340438Z [36;1m      echo "VII No es igual $file_extension a $file y lo indicamos en la variable extension_failed=1"[0m
job-core	Run # Nuevo proceso de activacion de los modulos	2025-02-13T08:46:37.0340977Z [36;1m      extension_failed=1[0m
job-core	Run # Nuevo proceso de activacion de los modulos	2025-02-13T08:46:37.0341295Z [36;1m    fi  [0m
job-core	Run # Nuevo proceso de activacion de los modulos	2025-02-13T08:46:37.0341560Z [36;1m  done[0m
job-core	Run # Nuevo proceso de activacion de los modulos	2025-02-13T08:46:37.0341859Z [36;1m  if [[ $module_failed == 1 ]]; then[0m
job-core	Run # Nuevo proceso de activacion de los modulos	2025-02-13T08:46:37.0342368Z [36;1m    echo "IX Si el modulo falla ($module_failed) añadimos el comentario a la issue"[0m
job-core	Run # Nuevo proceso de activacion de los modulos	2025-02-13T08:46:37.0343424Z [36;1m    # Si hemos llegado hasta aquí añadimos el mensaje de que la extension esta permitida pero no dispone de modulo activo y aqui finaliza el proceso[0m
job-core	Run # Nuevo proceso de activacion de los modulos	2025-02-13T08:46:37.0344256Z [36;1m    # Añadimos los valores a las variables de la issue[0m
job-core	Run # Nuevo proceso de activacion de los modulos	2025-02-13T08:46:37.0345260Z [36;1m    KAOS_ISSUE_BODY="[Ka0S] kaos ha detectado que la extensión ($file_extension) esta permitida dentro de KAOS_CORE_FILES, pero el módulo asociado ($file_module) no esta activo. Por favor compruebe que exista y esta activo."[0m
job-core	Run # Nuevo proceso de activacion de los modulos	2025-02-13T08:46:37.0346239Z [36;1m    # Añadimos el comentario a la issue[0m
job-core	Run # Nuevo proceso de activacion de los modulos	2025-02-13T08:46:37.0347020Z [36;1m    #gh workflow run issue.yaml --ref refs/heads/H34-modulo-iac-kaos -f kaos-issue-body="$KAOS_ISSUE_BODY" -f kaos-issue-id= -f kaos-issue-actions=comment[0m
job-core	Run # Nuevo proceso de activacion de los modulos	2025-02-13T08:46:37.0347751Z [36;1m  fi[0m
job-core	Run # Nuevo proceso de activacion de los modulos	2025-02-13T08:46:37.0348053Z [36;1m  if [[ $extension_failed == 1 ]]; then[0m
job-core	Run # Nuevo proceso de activacion de los modulos	2025-02-13T08:46:37.0348617Z [36;1m    echo "X Si extension falla falla ($extension_failed) añadimos el comentario a la issue"[0m
job-core	Run # Nuevo proceso de activacion de los modulos	2025-02-13T08:46:37.0349479Z [36;1m    # Si hemos llegado hasta aquí añadimos el mensaje de que la extension no esta permitida[0m
job-core	Run # Nuevo proceso de activacion de los modulos	2025-02-13T08:46:37.0350069Z [36;1m    # Añadimos los valores a las variables de la issue[0m
job-core	Run # Nuevo proceso de activacion de los modulos	2025-02-13T08:46:37.0350902Z [36;1m    KAOS_ISSUE_BODY="[Ka0S] kaos ha detectado que la extensión ($file_extension) NO esta permitida dentro de KAOS_CORE_FILES. Por favor compruebe que exista y esta activo."[0m
job-core	Run # Nuevo proceso de activacion de los modulos	2025-02-13T08:46:37.0351708Z [36;1m    # Añadimos el comentario a la issue[0m
job-core	Run # Nuevo proceso de activacion de los modulos	2025-02-13T08:46:37.0352484Z [36;1m    #gh workflow run issue.yaml --ref refs/heads/H34-modulo-iac-kaos -f kaos-issue-body="$KAOS_ISSUE_BODY" -f kaos-issue-id= -f kaos-issue-actions=comment[0m
job-core	Run # Nuevo proceso de activacion de los modulos	2025-02-13T08:46:37.0353211Z [36;1m  fi  [0m
job-core	Run # Nuevo proceso de activacion de los modulos	2025-02-13T08:46:37.0353500Z [36;1mdone < $GITHUB_OUTPUT       [0m
job-core	Run # Nuevo proceso de activacion de los modulos	2025-02-13T08:46:37.0368655Z shell: /usr/bin/bash -e {0}
job-core	Run # Nuevo proceso de activacion de los modulos	2025-02-13T08:46:37.0369019Z env:
job-core	Run # Nuevo proceso de activacion de los modulos	2025-02-13T08:46:37.0369277Z   KAOS_CODE: 13303773582
job-core	Run # Nuevo proceso de activacion de los modulos	2025-02-13T08:46:37.0369590Z   KAOS_EVENT_NAME: push
job-core	Run # Nuevo proceso de activacion de los modulos	2025-02-13T08:46:37.0369894Z   KAOS_ACTION: 
job-core	Run # Nuevo proceso de activacion de los modulos	2025-02-13T08:46:37.0370170Z   KAOS_MODULE: [Ka0S] kaos
job-core	Run # Nuevo proceso de activacion de los modulos	2025-02-13T08:46:37.0370500Z   KAOS_PATH_RESUME: core/results/
job-core	Run # Nuevo proceso de activacion de los modulos	2025-02-13T08:46:37.0370851Z   KAOS_JSON: core/results/event_data.json
job-core	Run # Nuevo proceso de activacion de los modulos	2025-02-13T08:46:37.0371196Z   GITHUB_OUTPUT: 
job-core	Run # Nuevo proceso de activacion de los modulos	2025-02-13T08:46:37.0371634Z   modules: ***
job-core	Run # Nuevo proceso de activacion de los modulos	2025-02-13T08:46:37.0371928Z   files: ***
job-core	Run # Nuevo proceso de activacion de los modulos	2025-02-13T08:46:37.0372187Z ##[endgroup]
job-core	Post Checkout code	2025-02-13T08:46:37.0484087Z Post job cleanup.
job-core	Post Checkout code	2025-02-13T08:46:37.1484548Z [command]/usr/bin/git version
job-core	Post Checkout code	2025-02-13T08:46:37.1524839Z git version 2.25.1
job-core	Post Checkout code	2025-02-13T08:46:37.1564693Z Copying '/home/kaos/.gitconfig' to '/actions-runner/_work/_temp/45ab9186-33a0-4e77-a155-5426da4b8887/.gitconfig'
job-core	Post Checkout code	2025-02-13T08:46:37.1579138Z Temporarily overriding HOME='/actions-runner/_work/_temp/45ab9186-33a0-4e77-a155-5426da4b8887' before making global git config changes
job-core	Post Checkout code	2025-02-13T08:46:37.1580078Z Adding repository directory to the temporary git global config as a safe directory
job-core	Post Checkout code	2025-02-13T08:46:37.1584554Z [command]/usr/bin/git config --global --add safe.directory /actions-runner/_work/ka0s/ka0s
job-core	Post Checkout code	2025-02-13T08:46:37.1627193Z [command]/usr/bin/git config --local --name-only --get-regexp core\.sshCommand
job-core	Post Checkout code	2025-02-13T08:46:37.1675050Z [command]/usr/bin/git submodule foreach --recursive sh -c "git config --local --name-only --get-regexp 'core\.sshCommand' && git config --local --unset-all 'core.sshCommand' || :"
job-core	Post Checkout code	2025-02-13T08:46:37.1983791Z [command]/usr/bin/git config --local --name-only --get-regexp http\.https\:\/\/github\.com\/\.extraheader
job-core	Post Checkout code	2025-02-13T08:46:37.2009356Z http.https://github.com/.extraheader
job-core	Post Checkout code	2025-02-13T08:46:37.2021154Z [command]/usr/bin/git config --local --unset-all http.https://github.com/.extraheader
job-core	Post Checkout code	2025-02-13T08:46:37.2056938Z [command]/usr/bin/git submodule foreach --recursive sh -c "git config --local --name-only --get-regexp 'http\.https\:\/\/github\.com\/\.extraheader' && git config --local --unset-all 'http.https://github.com/.extraheader' || :"
job-core	Complete job	2025-02-13T08:46:37.2474849Z Cleaning up orphan processes
handle-success	Set up job	2025-02-13T08:46:51.0430377Z Current runner version: '2.322.0'
handle-success	Set up job	2025-02-13T08:46:51.0437815Z Runner name: 'ka0s-3'
handle-success	Set up job	2025-02-13T08:46:51.0438566Z Runner group name: 'ka0s'
handle-success	Set up job	2025-02-13T08:46:51.0439394Z Machine name: '5613a8be5fd6'
handle-success	Set up job	2025-02-13T08:46:51.0442171Z ##[group]GITHUB_TOKEN Permissions
handle-success	Set up job	2025-02-13T08:46:51.0444794Z Contents: read
handle-success	Set up job	2025-02-13T08:46:51.0445316Z Metadata: read
handle-success	Set up job	2025-02-13T08:46:51.0445787Z Packages: read
handle-success	Set up job	2025-02-13T08:46:51.0446245Z ##[endgroup]
handle-success	Set up job	2025-02-13T08:46:51.0448207Z Secret source: Actions
handle-success	Set up job	2025-02-13T08:46:51.0448860Z Prepare workflow directory
handle-success	Set up job	2025-02-13T08:46:51.0987542Z Prepare all required actions
handle-success	Set up job	2025-02-13T08:46:51.1040651Z Complete job name: handle-success
handle-success	handle-success-execution	2025-02-13T08:46:51.1574805Z ##[group]Run # Si todo ha ido correcto añadimos el contenido del fichero 
handle-success	handle-success-execution	2025-02-13T08:46:51.1576151Z [36;1m# Si todo ha ido correcto añadimos el contenido del fichero [0m
handle-success	handle-success-execution	2025-02-13T08:46:51.1576994Z [36;1mecho "Todo ha ido bien"[0m
handle-success	handle-success-execution	2025-02-13T08:46:51.1596253Z shell: /usr/bin/bash -e {0}
handle-success	handle-success-execution	2025-02-13T08:46:51.1597163Z env:
handle-success	handle-success-execution	2025-02-13T08:46:51.1597705Z   KAOS_CODE: 13303773582
handle-success	handle-success-execution	2025-02-13T08:46:51.1598237Z   KAOS_EVENT_NAME: push
handle-success	handle-success-execution	2025-02-13T08:46:51.1598736Z   KAOS_ACTION: 
handle-success	handle-success-execution	2025-02-13T08:46:51.1599209Z   KAOS_MODULE: [Ka0S] kaos
handle-success	handle-success-execution	2025-02-13T08:46:51.1599755Z   KAOS_PATH_RESUME: core/results/
handle-success	handle-success-execution	2025-02-13T08:46:51.1600382Z   KAOS_JSON: core/results/event_data.json
handle-success	handle-success-execution	2025-02-13T08:46:51.1600991Z ##[endgroup]
handle-success	handle-success-execution	2025-02-13T08:46:51.1757516Z Todo ha ido bien
handle-success	Complete job	2025-02-13T08:46:51.1861259Z Cleaning up orphan processes
end-workflow	Set up job	2025-02-13T08:50:44.5506221Z Current runner version: '2.322.0'
end-workflow	Set up job	2025-02-13T08:50:44.5513188Z Runner name: 'ka0s-3'
end-workflow	Set up job	2025-02-13T08:50:44.5514153Z Runner group name: 'ka0s'
end-workflow	Set up job	2025-02-13T08:50:44.5515138Z Machine name: '5613a8be5fd6'
end-workflow	Set up job	2025-02-13T08:50:44.5517743Z ##[group]GITHUB_TOKEN Permissions
end-workflow	Set up job	2025-02-13T08:50:44.5520021Z Contents: read
end-workflow	Set up job	2025-02-13T08:50:44.5520565Z Metadata: read
end-workflow	Set up job	2025-02-13T08:50:44.5521054Z Packages: read
end-workflow	Set up job	2025-02-13T08:50:44.5521537Z ##[endgroup]
end-workflow	Set up job	2025-02-13T08:50:44.5523507Z Secret source: Actions
end-workflow	Set up job	2025-02-13T08:50:44.5524531Z Prepare workflow directory
end-workflow	Set up job	2025-02-13T08:50:44.6026824Z Prepare all required actions
end-workflow	Set up job	2025-02-13T08:50:44.6063329Z Getting action download info
end-workflow	Set up job	2025-02-13T08:50:44.8509212Z Download action repository 'actions/checkout@v4' (SHA:11bd71901bbe5b1630ceea73d27597364c9af683)
end-workflow	Set up job	2025-02-13T08:50:45.7142576Z Complete job name: end-workflow
end-workflow	Checkout code	2025-02-13T08:50:45.7660430Z ##[group]Run actions/checkout@v4
end-workflow	Checkout code	2025-02-13T08:50:45.7661428Z with:
end-workflow	Checkout code	2025-02-13T08:50:45.7661906Z   fetch-depth: 0
end-workflow	Checkout code	2025-02-13T08:50:45.7662667Z   token: ***
end-workflow	Checkout code	2025-02-13T08:50:45.7663215Z   repository: Ka0s-Klaus/ka0s
end-workflow	Checkout code	2025-02-13T08:50:45.7663779Z   ssh-strict: true
end-workflow	Checkout code	2025-02-13T08:50:45.7664430Z   ssh-user: git
end-workflow	Checkout code	2025-02-13T08:50:45.7664929Z   persist-credentials: true
end-workflow	Checkout code	2025-02-13T08:50:45.7665483Z   clean: true
end-workflow	Checkout code	2025-02-13T08:50:45.7665978Z   sparse-checkout-cone-mode: true
end-workflow	Checkout code	2025-02-13T08:50:45.7666565Z   fetch-tags: false
end-workflow	Checkout code	2025-02-13T08:50:45.7667068Z   show-progress: true
end-workflow	Checkout code	2025-02-13T08:50:45.7667572Z   lfs: false
end-workflow	Checkout code	2025-02-13T08:50:45.7668027Z   submodules: false
end-workflow	Checkout code	2025-02-13T08:50:45.7668523Z   set-safe-directory: true
end-workflow	Checkout code	2025-02-13T08:50:45.7669304Z env:
end-workflow	Checkout code	2025-02-13T08:50:45.7669772Z   KAOS_CODE: 13303773582
end-workflow	Checkout code	2025-02-13T08:50:45.7670308Z   KAOS_EVENT_NAME: push
end-workflow	Checkout code	2025-02-13T08:50:45.7670814Z   KAOS_ACTION: 
end-workflow	Checkout code	2025-02-13T08:50:45.7671289Z   KAOS_MODULE: [Ka0S] kaos
end-workflow	Checkout code	2025-02-13T08:50:45.7671848Z   KAOS_PATH_RESUME: core/results/
end-workflow	Checkout code	2025-02-13T08:50:45.7672500Z   KAOS_JSON: core/results/event_data.json
end-workflow	Checkout code	2025-02-13T08:50:45.7673327Z   GH_TOKEN: ***
end-workflow	Checkout code	2025-02-13T08:50:45.7673808Z ##[endgroup]
end-workflow	Checkout code	2025-02-13T08:50:45.8843820Z Syncing repository: Ka0s-Klaus/ka0s
end-workflow	Checkout code	2025-02-13T08:50:45.8846944Z ##[group]Getting Git version info
end-workflow	Checkout code	2025-02-13T08:50:45.8847777Z Working directory is '/actions-runner/_work/ka0s/ka0s'
end-workflow	Checkout code	2025-02-13T08:50:45.8848903Z [command]/usr/bin/git version
end-workflow	Checkout code	2025-02-13T08:50:45.8849485Z git version 2.25.1
end-workflow	Checkout code	2025-02-13T08:50:45.8863848Z ##[endgroup]
end-workflow	Checkout code	2025-02-13T08:50:45.8875375Z Copying '/home/kaos/.gitconfig' to '/actions-runner/_work/_temp/461480d7-f28a-4bda-a7fd-6f44f9f38c5b/.gitconfig'
end-workflow	Checkout code	2025-02-13T08:50:45.8890297Z Temporarily overriding HOME='/actions-runner/_work/_temp/461480d7-f28a-4bda-a7fd-6f44f9f38c5b' before making global git config changes
end-workflow	Checkout code	2025-02-13T08:50:45.8892289Z Adding repository directory to the temporary git global config as a safe directory
end-workflow	Checkout code	2025-02-13T08:50:45.8893815Z [command]/usr/bin/git config --global --add safe.directory /actions-runner/_work/ka0s/ka0s
end-workflow	Checkout code	2025-02-13T08:50:45.8940548Z [command]/usr/bin/git config --local --get remote.origin.url
end-workflow	Checkout code	2025-02-13T08:50:45.8965044Z https://github.com/Ka0s-Klaus/ka0s
end-workflow	Checkout code	2025-02-13T08:50:45.8986650Z ##[group]Removing previously created refs, to avoid conflicts
end-workflow	Checkout code	2025-02-13T08:50:45.8991885Z [command]/usr/bin/git rev-parse --symbolic-full-name --verify --quiet HEAD
end-workflow	Checkout code	2025-02-13T08:50:45.9017706Z refs/heads/H34-modulo-iac-kaos
end-workflow	Checkout code	2025-02-13T08:50:45.9027457Z [command]/usr/bin/git checkout --detach
end-workflow	Checkout code	2025-02-13T08:50:45.9084704Z HEAD is now at 69cb753 Añadimos la unica variable que no teniamos centralizada
end-workflow	Checkout code	2025-02-13T08:50:45.9133074Z [command]/usr/bin/git branch --delete --force H34-modulo-iac-kaos
end-workflow	Checkout code	2025-02-13T08:50:45.9165714Z Deleted branch H34-modulo-iac-kaos (was 69cb753).
end-workflow	Checkout code	2025-02-13T08:50:45.9218324Z ##[endgroup]
end-workflow	Checkout code	2025-02-13T08:50:45.9219156Z [command]/usr/bin/git submodule status
end-workflow	Checkout code	2025-02-13T08:50:45.9526638Z ##[group]Cleaning the repository
end-workflow	Checkout code	2025-02-13T08:50:45.9530628Z [command]/usr/bin/git clean -ffdx
end-workflow	Checkout code	2025-02-13T08:50:45.9564954Z Removing core/results/commit-summary-.txt
end-workflow	Checkout code	2025-02-13T08:50:45.9565899Z Removing core/results/event_data.json
end-workflow	Checkout code	2025-02-13T08:50:45.9567135Z Removing core/results/files-in-commit-.txt
end-workflow	Checkout code	2025-02-13T08:50:45.9574486Z [command]/usr/bin/git reset --hard HEAD
end-workflow	Checkout code	2025-02-13T08:50:45.9633151Z HEAD is now at 69cb753 Añadimos la unica variable que no teniamos centralizada
end-workflow	Checkout code	2025-02-13T08:50:45.9636376Z ##[endgroup]
end-workflow	Checkout code	2025-02-13T08:50:45.9638017Z ##[group]Disabling automatic garbage collection
end-workflow	Checkout code	2025-02-13T08:50:45.9643400Z [command]/usr/bin/git config --local gc.auto 0
end-workflow	Checkout code	2025-02-13T08:50:45.9676807Z ##[endgroup]
end-workflow	Checkout code	2025-02-13T08:50:45.9677780Z ##[group]Setting up auth
end-workflow	Checkout code	2025-02-13T08:50:45.9683679Z [command]/usr/bin/git config --local --name-only --get-regexp core\.sshCommand
end-workflow	Checkout code	2025-02-13T08:50:45.9718818Z [command]/usr/bin/git submodule foreach --recursive sh -c "git config --local --name-only --get-regexp 'core\.sshCommand' && git config --local --unset-all 'core.sshCommand' || :"
end-workflow	Checkout code	2025-02-13T08:50:46.0020701Z [command]/usr/bin/git config --local --name-only --get-regexp http\.https\:\/\/github\.com\/\.extraheader
end-workflow	Checkout code	2025-02-13T08:50:46.0054076Z [command]/usr/bin/git submodule foreach --recursive sh -c "git config --local --name-only --get-regexp 'http\.https\:\/\/github\.com\/\.extraheader' && git config --local --unset-all 'http.https://github.com/.extraheader' || :"
end-workflow	Checkout code	2025-02-13T08:50:46.0359565Z [command]/usr/bin/git config --local http.https://github.com/.extraheader AUTHORIZATION: basic ***
end-workflow	Checkout code	2025-02-13T08:50:46.0401602Z ##[endgroup]
end-workflow	Checkout code	2025-02-13T08:50:46.0402630Z ##[group]Fetching the repository
end-workflow	Checkout code	2025-02-13T08:50:46.0409958Z [command]/usr/bin/git -c protocol.version=2 fetch --prune --no-recurse-submodules origin +refs/heads/*:refs/remotes/origin/* +refs/tags/*:refs/tags/*
end-workflow	Checkout code	2025-02-13T08:50:46.6471564Z [command]/usr/bin/git branch --list --remote origin/H34-modulo-iac-kaos
end-workflow	Checkout code	2025-02-13T08:50:46.6505210Z   origin/H34-modulo-iac-kaos
end-workflow	Checkout code	2025-02-13T08:50:46.6514959Z [command]/usr/bin/git rev-parse refs/remotes/origin/H34-modulo-iac-kaos
end-workflow	Checkout code	2025-02-13T08:50:46.6542551Z 69cb75363fe93a9b6d8b1af0957ad33809e3be66
end-workflow	Checkout code	2025-02-13T08:50:46.6547437Z ##[endgroup]
end-workflow	Checkout code	2025-02-13T08:50:46.6549157Z ##[group]Determining the checkout info
end-workflow	Checkout code	2025-02-13T08:50:46.6550157Z ##[endgroup]
end-workflow	Checkout code	2025-02-13T08:50:46.6550998Z ##[group]Checking out the ref
end-workflow	Checkout code	2025-02-13T08:50:46.6555392Z [command]/usr/bin/git checkout --progress --force -B H34-modulo-iac-kaos refs/remotes/origin/H34-modulo-iac-kaos
end-workflow	Checkout code	2025-02-13T08:50:46.6629664Z Switched to a new branch 'H34-modulo-iac-kaos'
end-workflow	Checkout code	2025-02-13T08:50:46.6633226Z Branch 'H34-modulo-iac-kaos' set up to track remote branch 'H34-modulo-iac-kaos' from 'origin'.
end-workflow	Checkout code	2025-02-13T08:50:46.6642670Z ##[endgroup]
end-workflow	Checkout code	2025-02-13T08:50:46.6680794Z [command]/usr/bin/git log -1 --format=%H
end-workflow	Checkout code	2025-02-13T08:50:46.6710534Z 69cb75363fe93a9b6d8b1af0957ad33809e3be66
end-workflow	Finaliza el workflow	2025-02-13T08:50:46.6946168Z ##[group]Run echo "End process"
end-workflow	Finaliza el workflow	2025-02-13T08:50:46.6946940Z [36;1mecho "End process"[0m
end-workflow	Finaliza el workflow	2025-02-13T08:50:46.6948276Z [36;1mgh workflow run inspector.yml --ref 'main' -f kaos-issue-id="" -f kaos-workflow-id="13303773582" -f kaos-user-start=""[0m
end-workflow	Finaliza el workflow	2025-02-13T08:50:46.6959703Z shell: /usr/bin/bash -e {0}
end-workflow	Finaliza el workflow	2025-02-13T08:50:46.6960339Z env:
end-workflow	Finaliza el workflow	2025-02-13T08:50:46.6960767Z   KAOS_CODE: 13303773582
end-workflow	Finaliza el workflow	2025-02-13T08:50:46.6961273Z   KAOS_EVENT_NAME: push
end-workflow	Finaliza el workflow	2025-02-13T08:50:46.6961759Z   KAOS_ACTION: 
end-workflow	Finaliza el workflow	2025-02-13T08:50:46.6962216Z   KAOS_MODULE: [Ka0S] kaos
end-workflow	Finaliza el workflow	2025-02-13T08:50:46.6962757Z   KAOS_PATH_RESUME: core/results/
end-workflow	Finaliza el workflow	2025-02-13T08:50:46.6963335Z   KAOS_JSON: core/results/event_data.json
end-workflow	Finaliza el workflow	2025-02-13T08:50:46.6964913Z   GH_TOKEN: ***
end-workflow	Finaliza el workflow	2025-02-13T08:50:46.6965388Z ##[endgroup]
end-workflow	Finaliza el workflow	2025-02-13T08:50:46.7022987Z End process
end-workflow	Post Checkout code	2025-02-13T08:50:47.3130093Z Post job cleanup.
end-workflow	Post Checkout code	2025-02-13T08:50:47.4162637Z [command]/usr/bin/git version
end-workflow	Post Checkout code	2025-02-13T08:50:47.4205524Z git version 2.25.1
end-workflow	Post Checkout code	2025-02-13T08:50:47.4248889Z Copying '/home/kaos/.gitconfig' to '/actions-runner/_work/_temp/922fba75-95a9-47f3-8975-ebb4170f6549/.gitconfig'
end-workflow	Post Checkout code	2025-02-13T08:50:47.4263608Z Temporarily overriding HOME='/actions-runner/_work/_temp/922fba75-95a9-47f3-8975-ebb4170f6549' before making global git config changes
end-workflow	Post Checkout code	2025-02-13T08:50:47.4265647Z Adding repository directory to the temporary git global config as a safe directory
end-workflow	Post Checkout code	2025-02-13T08:50:47.4277560Z [command]/usr/bin/git config --global --add safe.directory /actions-runner/_work/ka0s/ka0s
end-workflow	Post Checkout code	2025-02-13T08:50:47.4315413Z [command]/usr/bin/git config --local --name-only --get-regexp core\.sshCommand
end-workflow	Post Checkout code	2025-02-13T08:50:47.4365773Z [command]/usr/bin/git submodule foreach --recursive sh -c "git config --local --name-only --get-regexp 'core\.sshCommand' && git config --local --unset-all 'core.sshCommand' || :"
end-workflow	Post Checkout code	2025-02-13T08:50:47.4698305Z [command]/usr/bin/git config --local --name-only --get-regexp http\.https\:\/\/github\.com\/\.extraheader
end-workflow	Post Checkout code	2025-02-13T08:50:47.4722336Z http.https://github.com/.extraheader
end-workflow	Post Checkout code	2025-02-13T08:50:47.4734588Z [command]/usr/bin/git config --local --unset-all http.https://github.com/.extraheader
end-workflow	Post Checkout code	2025-02-13T08:50:47.4773838Z [command]/usr/bin/git submodule foreach --recursive sh -c "git config --local --name-only --get-regexp 'http\.https\:\/\/github\.com\/\.extraheader' && git config --local --unset-all 'http.https://github.com/.extraheader' || :"
end-workflow	Complete job	2025-02-13T08:50:47.5211787Z Cleaning up orphan processes
