job-core	Set up job	2025-02-17T10:33:15.8822796Z Current runner version: '2.322.0'
job-core	Set up job	2025-02-17T10:33:15.8831124Z Runner name: 'ka0s-1'
job-core	Set up job	2025-02-17T10:33:15.8831856Z Runner group name: 'ka0s'
job-core	Set up job	2025-02-17T10:33:15.8832716Z Machine name: '5613a8be5fd6'
job-core	Set up job	2025-02-17T10:33:15.8835326Z ##[group]GITHUB_TOKEN Permissions
job-core	Set up job	2025-02-17T10:33:15.8838386Z Contents: read
job-core	Set up job	2025-02-17T10:33:15.8838951Z Metadata: read
job-core	Set up job	2025-02-17T10:33:15.8839464Z Packages: read
job-core	Set up job	2025-02-17T10:33:15.8839972Z ##[endgroup]
job-core	Set up job	2025-02-17T10:33:15.8842144Z Secret source: Actions
job-core	Set up job	2025-02-17T10:33:15.8842989Z Prepare workflow directory
job-core	Set up job	2025-02-17T10:33:15.9422666Z Prepare all required actions
job-core	Set up job	2025-02-17T10:33:15.9462871Z Getting action download info
job-core	Set up job	2025-02-17T10:33:16.1918364Z Download action repository 'actions/checkout@v4' (SHA:11bd71901bbe5b1630ceea73d27597364c9af683)
job-core	Set up job	2025-02-17T10:33:17.0306076Z Complete job name: job-core
job-core	Checkout code	2025-02-17T10:33:17.0878682Z ##[group]Run actions/checkout@v4
job-core	Checkout code	2025-02-17T10:33:17.0879779Z with:
job-core	Checkout code	2025-02-17T10:33:17.0880391Z   fetch-depth: 0
job-core	Checkout code	2025-02-17T10:33:17.0881348Z   token: ***
job-core	Checkout code	2025-02-17T10:33:17.0882035Z   repository: Ka0s-Klaus/ka0s
job-core	Checkout code	2025-02-17T10:33:17.0882719Z   ssh-strict: true
job-core	Checkout code	2025-02-17T10:33:17.0883327Z   ssh-user: git
job-core	Checkout code	2025-02-17T10:33:17.0883948Z   persist-credentials: true
job-core	Checkout code	2025-02-17T10:33:17.0884603Z   clean: true
job-core	Checkout code	2025-02-17T10:33:17.0885228Z   sparse-checkout-cone-mode: true
job-core	Checkout code	2025-02-17T10:33:17.0885923Z   fetch-tags: false
job-core	Checkout code	2025-02-17T10:33:17.0886555Z   show-progress: true
job-core	Checkout code	2025-02-17T10:33:17.0887542Z   lfs: false
job-core	Checkout code	2025-02-17T10:33:17.0888255Z   submodules: false
job-core	Checkout code	2025-02-17T10:33:17.0888896Z   set-safe-directory: true
job-core	Checkout code	2025-02-17T10:33:17.0889974Z env:
job-core	Checkout code	2025-02-17T10:33:17.0890589Z   KAOS_CODE: 13368215415
job-core	Checkout code	2025-02-17T10:33:17.0891563Z   KAOS_EVENT_NAME: push
job-core	Checkout code	2025-02-17T10:33:17.0892362Z   KAOS_ACTION: 
job-core	Checkout code	2025-02-17T10:33:17.0893220Z   KAOS_REF: refs/heads/H38-documentacion-basica-del-proyecto
job-core	Checkout code	2025-02-17T10:33:17.0894052Z   KAOS_MODULE: [Ka0S] kaos
job-core	Checkout code	2025-02-17T10:33:17.0894758Z   KAOS_PATH_RESUME: core/results/
job-core	Checkout code	2025-02-17T10:33:17.0895472Z   KAOS_JSON: core/results/event_data
job-core	Checkout code	2025-02-17T10:33:17.0896188Z   GITHUB_OUTPUT: 
job-core	Checkout code	2025-02-17T10:33:17.0897022Z ##[endgroup]
job-core	Checkout code	2025-02-17T10:33:17.2058993Z Syncing repository: Ka0s-Klaus/ka0s
job-core	Checkout code	2025-02-17T10:33:17.2061194Z ##[group]Getting Git version info
job-core	Checkout code	2025-02-17T10:33:17.2062095Z Working directory is '/actions-runner/_work/ka0s/ka0s'
job-core	Checkout code	2025-02-17T10:33:17.2063389Z [command]/usr/bin/git version
job-core	Checkout code	2025-02-17T10:33:17.2064114Z git version 2.25.1
job-core	Checkout code	2025-02-17T10:33:17.2083328Z ##[endgroup]
job-core	Checkout code	2025-02-17T10:33:17.2094652Z Copying '/home/kaos/.gitconfig' to '/actions-runner/_work/_temp/416e183a-c7df-49fb-9d16-fdc906352029/.gitconfig'
job-core	Checkout code	2025-02-17T10:33:17.2105231Z Temporarily overriding HOME='/actions-runner/_work/_temp/416e183a-c7df-49fb-9d16-fdc906352029' before making global git config changes
job-core	Checkout code	2025-02-17T10:33:17.2107513Z Adding repository directory to the temporary git global config as a safe directory
job-core	Checkout code	2025-02-17T10:33:17.2112017Z [command]/usr/bin/git config --global --add safe.directory /actions-runner/_work/ka0s/ka0s
job-core	Checkout code	2025-02-17T10:33:17.2156132Z [command]/usr/bin/git config --local --get remote.origin.url
job-core	Checkout code	2025-02-17T10:33:17.2181060Z https://github.com/Ka0s-Klaus/ka0s
job-core	Checkout code	2025-02-17T10:33:17.2200475Z ##[group]Removing previously created refs, to avoid conflicts
job-core	Checkout code	2025-02-17T10:33:17.2204876Z [command]/usr/bin/git rev-parse --symbolic-full-name --verify --quiet HEAD
job-core	Checkout code	2025-02-17T10:33:17.2230977Z refs/heads/H38-documentacion-basica-del-proyecto
job-core	Checkout code	2025-02-17T10:33:17.2242818Z [command]/usr/bin/git checkout --detach
job-core	Checkout code	2025-02-17T10:33:17.2304375Z HEAD is now at 0cc71b2 Update version.yml
job-core	Checkout code	2025-02-17T10:33:17.2354334Z [command]/usr/bin/git branch --delete --force H38-documentacion-basica-del-proyecto
job-core	Checkout code	2025-02-17T10:33:17.2387869Z Deleted branch H38-documentacion-basica-del-proyecto (was 0cc71b2).
job-core	Checkout code	2025-02-17T10:33:17.2442953Z ##[endgroup]
job-core	Checkout code	2025-02-17T10:33:17.2444958Z [command]/usr/bin/git submodule status
job-core	Checkout code	2025-02-17T10:33:17.2751678Z ##[group]Cleaning the repository
job-core	Checkout code	2025-02-17T10:33:17.2755817Z [command]/usr/bin/git clean -ffdx
job-core	Checkout code	2025-02-17T10:33:17.2801953Z [command]/usr/bin/git reset --hard HEAD
job-core	Checkout code	2025-02-17T10:33:17.2868880Z HEAD is now at 0cc71b2 Update version.yml
job-core	Checkout code	2025-02-17T10:33:17.2875230Z ##[endgroup]
job-core	Checkout code	2025-02-17T10:33:17.2876577Z ##[group]Disabling automatic garbage collection
job-core	Checkout code	2025-02-17T10:33:17.2881520Z [command]/usr/bin/git config --local gc.auto 0
job-core	Checkout code	2025-02-17T10:33:17.2914538Z ##[endgroup]
job-core	Checkout code	2025-02-17T10:33:17.2915697Z ##[group]Setting up auth
job-core	Checkout code	2025-02-17T10:33:17.2931320Z [command]/usr/bin/git config --local --name-only --get-regexp core\.sshCommand
job-core	Checkout code	2025-02-17T10:33:17.2968426Z [command]/usr/bin/git submodule foreach --recursive sh -c "git config --local --name-only --get-regexp 'core\.sshCommand' && git config --local --unset-all 'core.sshCommand' || :"
job-core	Checkout code	2025-02-17T10:33:17.3277191Z [command]/usr/bin/git config --local --name-only --get-regexp http\.https\:\/\/github\.com\/\.extraheader
job-core	Checkout code	2025-02-17T10:33:17.3310429Z [command]/usr/bin/git submodule foreach --recursive sh -c "git config --local --name-only --get-regexp 'http\.https\:\/\/github\.com\/\.extraheader' && git config --local --unset-all 'http.https://github.com/.extraheader' || :"
job-core	Checkout code	2025-02-17T10:33:17.3621799Z [command]/usr/bin/git config --local http.https://github.com/.extraheader AUTHORIZATION: basic ***
job-core	Checkout code	2025-02-17T10:33:17.3665343Z ##[endgroup]
job-core	Checkout code	2025-02-17T10:33:17.3666615Z ##[group]Fetching the repository
job-core	Checkout code	2025-02-17T10:33:17.3673489Z [command]/usr/bin/git -c protocol.version=2 fetch --prune --no-recurse-submodules origin +refs/heads/*:refs/remotes/origin/* +refs/tags/*:refs/tags/*
job-core	Checkout code	2025-02-17T10:33:18.1043488Z From https://github.com/Ka0s-Klaus/ka0s
job-core	Checkout code	2025-02-17T10:33:18.1046144Z    0cc71b2..9e8988f  H38-documentacion-basica-del-proyecto -> origin/H38-documentacion-basica-del-proyecto
job-core	Checkout code	2025-02-17T10:33:18.1048780Z    0cc71b2..0dd167e  main       -> origin/main
job-core	Checkout code	2025-02-17T10:33:18.1088282Z [command]/usr/bin/git branch --list --remote origin/H38-documentacion-basica-del-proyecto
job-core	Checkout code	2025-02-17T10:33:18.1122255Z   origin/H38-documentacion-basica-del-proyecto
job-core	Checkout code	2025-02-17T10:33:18.1157621Z [command]/usr/bin/git rev-parse refs/remotes/origin/H38-documentacion-basica-del-proyecto
job-core	Checkout code	2025-02-17T10:33:18.1161586Z 9e8988f11457159d06a0da1b54eb7fa935f73186
job-core	Checkout code	2025-02-17T10:33:18.1167500Z ##[endgroup]
job-core	Checkout code	2025-02-17T10:33:18.1169168Z ##[group]Determining the checkout info
job-core	Checkout code	2025-02-17T10:33:18.1171098Z ##[endgroup]
job-core	Checkout code	2025-02-17T10:33:18.1172653Z ##[group]Checking out the ref
job-core	Checkout code	2025-02-17T10:33:18.1176058Z [command]/usr/bin/git checkout --progress --force -B H38-documentacion-basica-del-proyecto refs/remotes/origin/H38-documentacion-basica-del-proyecto
job-core	Checkout code	2025-02-17T10:33:18.1268598Z Previous HEAD position was 0cc71b2 Update version.yml
job-core	Checkout code	2025-02-17T10:33:18.1277086Z Switched to a new branch 'H38-documentacion-basica-del-proyecto'
job-core	Checkout code	2025-02-17T10:33:18.1280721Z Branch 'H38-documentacion-basica-del-proyecto' set up to track remote branch 'H38-documentacion-basica-del-proyecto' from 'origin'.
job-core	Checkout code	2025-02-17T10:33:18.1285983Z ##[endgroup]
job-core	Checkout code	2025-02-17T10:33:18.1326568Z [command]/usr/bin/git log -1 --format=%H
job-core	Checkout code	2025-02-17T10:33:18.1357025Z 9e8988f11457159d06a0da1b54eb7fa935f73186
job-core	Validate file extensions	2025-02-17T10:33:18.1611575Z ##[group]Run IFS=' ' read -r -a extensions <<< "***"
job-core	Validate file extensions	2025-02-17T10:33:18.1613470Z [36;1mIFS=' ' read -r -a extensions <<< "***"[0m
job-core	Validate file extensions	2025-02-17T10:33:18.1615100Z [36;1mfor file in $(git diff --name-only HEAD~1 HEAD); do[0m
job-core	Validate file extensions	2025-02-17T10:33:18.1616620Z [36;1mextension="${file##*.}"[0m
job-core	Validate file extensions	2025-02-17T10:33:18.1618088Z [36;1m  if [[ ! " ${extensions[@]} " =~ " ${extension} " ]]; then[0m
job-core	Validate file extensions	2025-02-17T10:33:18.1619897Z [36;1m    echo "File $file has an invalid extension: $extension"[0m
job-core	Validate file extensions	2025-02-17T10:33:18.1621424Z [36;1m  fi[0m
job-core	Validate file extensions	2025-02-17T10:33:18.1622270Z [36;1mdone[0m
job-core	Validate file extensions	2025-02-17T10:33:18.1633729Z shell: /usr/bin/bash -e {0}
job-core	Validate file extensions	2025-02-17T10:33:18.1634809Z env:
job-core	Validate file extensions	2025-02-17T10:33:18.1635621Z   KAOS_CODE: 13368215415
job-core	Validate file extensions	2025-02-17T10:33:18.1636826Z   KAOS_EVENT_NAME: push
job-core	Validate file extensions	2025-02-17T10:33:18.1637821Z   KAOS_ACTION: 
job-core	Validate file extensions	2025-02-17T10:33:18.1639058Z   KAOS_REF: refs/heads/H38-documentacion-basica-del-proyecto
job-core	Validate file extensions	2025-02-17T10:33:18.1640651Z   KAOS_MODULE: [Ka0S] kaos
job-core	Validate file extensions	2025-02-17T10:33:18.1642236Z   KAOS_PATH_RESUME: core/results/
job-core	Validate file extensions	2025-02-17T10:33:18.1643498Z   KAOS_JSON: core/results/event_data
job-core	Validate file extensions	2025-02-17T10:33:18.1644692Z   GITHUB_OUTPUT: 
job-core	Validate file extensions	2025-02-17T10:33:18.1645590Z ##[endgroup]
job-core	Validate file extensions	2025-02-17T10:33:18.1741365Z File core/results/event_data13368155583.json has an invalid extension: json
job-core	Crear JSON	2025-02-17T10:33:18.1818056Z ##[group]Run echo "{}" >> core/results/event_data13368215415.json
job-core	Crear JSON	2025-02-17T10:33:18.1819702Z [36;1mecho "{}" >> core/results/event_data13368215415.json[0m
job-core	Crear JSON	2025-02-17T10:33:18.1820921Z [36;1mcase "push" in[0m
job-core	Crear JSON	2025-02-17T10:33:18.1821782Z [36;1m  "push")[0m
job-core	Crear JSON	2025-02-17T10:33:18.1825256Z [36;1m    echo "{\"event\": \"push\", \"ref\": \"refs/heads/H38-documentacion-basica-del-proyecto\", \"sha\": \"9e8988f11457159d06a0da1b54eb7fa935f73186\"}" >> core/results/event_data13368215415.json # Ejemplo: {"event": "push", "ref": "refs/heads/main", "sha": "abc123"}[0m
job-core	Crear JSON	2025-02-17T10:33:18.1830098Z [36;1m    echo "Variable github.action=crear_json" >> core/results/event_data13368215415.json[0m
job-core	Crear JSON	2025-02-17T10:33:18.1831872Z [36;1m    echo "Variable github.event.action="[0m
job-core	Crear JSON	2025-02-17T10:33:18.1833769Z [36;1m    echo "Variable github.event.pusher.name=santakloud" >> core/results/event_data13368215415.json[0m
job-core	Crear JSON	2025-02-17T10:33:18.1836876Z [36;1m    echo "variable github.event.pusher.email=73332898+santakloud@users.noreply.github.com" >> core/results/event_data13368215415.json[0m
job-core	Crear JSON	2025-02-17T10:33:18.1840292Z [36;1m    echo "Variable github.event.issue.number=" >> core/results/event_data13368215415.json[0m
job-core	Crear JSON	2025-02-17T10:33:18.1843216Z [36;1m    #Crear un fichero de resumen con todos los datos de los commits asociados, esta información es usada en todo el ciclo de vida del workflow[0m
job-core	Crear JSON	2025-02-17T10:33:18.1847939Z [36;1m    git log 23dbea23b78b80c66c0dd22dbd088e35b1ed9e9d..9e8988f11457159d06a0da1b54eb7fa935f73186 --pretty=format:'%H%n%an%n%ae%n%ad%n%s' > core/results/commit-summary-$KAOS_CODE_FILES.txt[0m
job-core	Crear JSON	2025-02-17T10:33:18.1851534Z [36;1m    # Crear un fichero con la ruta completa y el nombre ficheros implicados en el commit[0m
job-core	Crear JSON	2025-02-17T10:33:18.1854967Z [36;1m    git diff --name-only 23dbea23b78b80c66c0dd22dbd088e35b1ed9e9d 9e8988f11457159d06a0da1b54eb7fa935f73186 > core/results/files-in-commit-$KAOS_CODE_FILES.txt[0m
job-core	Crear JSON	2025-02-17T10:33:18.1858488Z [36;1m    INVOLVED=core/results/files-in-commit-$KAOS_CODE_FILES.txt[0m
job-core	Crear JSON	2025-02-17T10:33:18.1860011Z [36;1m    #echo "INVOLVED=$INVOLVED" >> $GITHUB_OUTPUT[0m
job-core	Crear JSON	2025-02-17T10:33:18.1861544Z [36;1m    echo "INVOLVED=$INVOLVED" >> core/results/event_data13368215415.json[0m
job-core	Crear JSON	2025-02-17T10:33:18.1862931Z [36;1m    ;;[0m
job-core	Crear JSON	2025-02-17T10:33:18.1863681Z [36;1m  "pull_request")[0m
job-core	Crear JSON	2025-02-17T10:33:18.1865665Z [36;1m    echo "{\"event\": \"pull_request\", \"action\": \"\", \"number\": \"\"}" > event_data.json # Ejemplo: {"event": "pull_request", "action": "opened", "number": "42"}[0m
job-core	Crear JSON	2025-02-17T10:33:18.1868239Z [36;1m    ;;[0m
job-core	Crear JSON	2025-02-17T10:33:18.1868976Z [36;1m  "issues")[0m
job-core	Crear JSON	2025-02-17T10:33:18.1870719Z [36;1m    echo "{\"event\": \"issues\", \"action\": \"\", \"issue\": \"\"}" > event_data.json # Ejemplo: {"event": "issues", "action": "opened", "issue": "99"}[0m
job-core	Crear JSON	2025-02-17T10:33:18.1872646Z [36;1m    ;;[0m
job-core	Crear JSON	2025-02-17T10:33:18.1873401Z [36;1m  "issue_comment")[0m
job-core	Crear JSON	2025-02-17T10:33:18.1875499Z [36;1m    echo "{\"event\": \"issue_comment\", \"action\": \"\", \"comment\": \"\"}" > event_data.json # Ejemplo: {"event": "issue_comment", "action": "created", "comment": "123456"}[0m
job-core	Crear JSON	2025-02-17T10:33:18.1878205Z [36;1m    ;;[0m
job-core	Crear JSON	2025-02-17T10:33:18.1879027Z [36;1m  "create")[0m
job-core	Crear JSON	2025-02-17T10:33:18.1882309Z [36;1m    echo "{\"event\": \"create\", \"ref\": \"refs/heads/H38-documentacion-basica-del-proyecto\", \"ref_type\": \"refs/heads/H38-documentacion-basica-del-proyecto\"}" > event_data.json # Ejemplo: {"event": "create", "ref": "refs/tags/v1.0", "ref_type": "tag"}[0m
job-core	Crear JSON	2025-02-17T10:33:18.1885737Z [36;1m    ;;[0m
job-core	Crear JSON	2025-02-17T10:33:18.1886478Z [36;1m  "delete")[0m
job-core	Crear JSON	2025-02-17T10:33:18.1890344Z [36;1m    echo "{\"event\": \"delete\", \"ref\": \"refs/heads/H38-documentacion-basica-del-proyecto\", \"ref_type\": \"refs/heads/H38-documentacion-basica-del-proyecto\"}" > event_data.json # Ejemplo: {"event": "delete", "ref": "refs/heads/feature-branch", "ref_type": "branch"}[0m
job-core	Crear JSON	2025-02-17T10:33:18.1894066Z [36;1m    ;;[0m
job-core	Crear JSON	2025-02-17T10:33:18.1894807Z [36;1m  "release")[0m
job-core	Crear JSON	2025-02-17T10:33:18.1897224Z [36;1m    echo "{\"event\": \"release\", \"action\": \"\", \"release\": \"\"}" > event_data.json # Ejemplo: {"event": "release", "action": "published", "release": "v1.0"}[0m
job-core	Crear JSON	2025-02-17T10:33:18.1899487Z [36;1m    ;;[0m
job-core	Crear JSON	2025-02-17T10:33:18.1900223Z [36;1m  "watch")[0m
job-core	Crear JSON	2025-02-17T10:33:18.1901700Z [36;1m    echo "{\"event\": \"watch\", \"action\": \"\"}" > event_data.json # Ejemplo: {"event": "watch", "action": "started"}[0m
job-core	Crear JSON	2025-02-17T10:33:18.1903359Z [36;1m    ;;[0m
job-core	Crear JSON	2025-02-17T10:33:18.1904136Z [36;1m  "repository_dispatch")[0m
job-core	Crear JSON	2025-02-17T10:33:18.1906172Z [36;1m    echo "{\"event\": \"repository_dispatch\", \"action\": \"\"}" > event_data.json # Ejemplo: {"event": "repository_dispatch", "action": "custom-event"}[0m
job-core	Crear JSON	2025-02-17T10:33:18.1908854Z [36;1m    ;;[0m
job-core	Crear JSON	2025-02-17T10:33:18.1909626Z [36;1m  "workflow_dispatch")[0m
job-core	Crear JSON	2025-02-17T10:33:18.1911208Z [36;1m    echo "{\"event\": \"workflow_dispatch\"}" > event_data.json # Ejemplo: {"event": "workflow_dispatch"}[0m
job-core	Crear JSON	2025-02-17T10:33:18.1912854Z [36;1m    ;;[0m
job-core	Crear JSON	2025-02-17T10:33:18.1913565Z [36;1m  *)[0m
job-core	Crear JSON	2025-02-17T10:33:18.1914725Z [36;1m    echo "{\"event\": \"unknown\"}" > event_data.json # Ejemplo: {"event": "unknown"}[0m
job-core	Crear JSON	2025-02-17T10:33:18.1916112Z [36;1m    ;;[0m
job-core	Crear JSON	2025-02-17T10:33:18.1917207Z [36;1mesac      [0m
job-core	Crear JSON	2025-02-17T10:33:18.1924421Z shell: /usr/bin/bash -e {0}
job-core	Crear JSON	2025-02-17T10:33:18.1925450Z env:
job-core	Crear JSON	2025-02-17T10:33:18.1926251Z   KAOS_CODE: 13368215415
job-core	Crear JSON	2025-02-17T10:33:18.1927481Z   KAOS_EVENT_NAME: push
job-core	Crear JSON	2025-02-17T10:33:18.1928431Z   KAOS_ACTION: 
job-core	Crear JSON	2025-02-17T10:33:18.1929572Z   KAOS_REF: refs/heads/H38-documentacion-basica-del-proyecto
job-core	Crear JSON	2025-02-17T10:33:18.1930814Z   KAOS_MODULE: [Ka0S] kaos
job-core	Crear JSON	2025-02-17T10:33:18.1931707Z   KAOS_PATH_RESUME: core/results/
job-core	Crear JSON	2025-02-17T10:33:18.1932676Z   KAOS_JSON: core/results/event_data
job-core	Crear JSON	2025-02-17T10:33:18.1933611Z   GITHUB_OUTPUT: 
job-core	Crear JSON	2025-02-17T10:33:18.1934337Z ##[endgroup]
job-core	Crear JSON	2025-02-17T10:33:18.1979170Z Variable github.event.action=
job-core	Set environment variable for ref	2025-02-17T10:33:18.2181932Z ##[group]Run echo "GITHUB_REF=refs/heads/H38-documentacion-basica-del-proyecto" >> $GITHUB_ENV
job-core	Set environment variable for ref	2025-02-17T10:33:18.2184291Z [36;1mecho "GITHUB_REF=refs/heads/H38-documentacion-basica-del-proyecto" >> $GITHUB_ENV[0m
job-core	Set environment variable for ref	2025-02-17T10:33:18.2192766Z shell: /usr/bin/bash -e {0}
job-core	Set environment variable for ref	2025-02-17T10:33:18.2193663Z env:
job-core	Set environment variable for ref	2025-02-17T10:33:18.2194363Z   KAOS_CODE: 13368215415
job-core	Set environment variable for ref	2025-02-17T10:33:18.2195230Z   KAOS_EVENT_NAME: push
job-core	Set environment variable for ref	2025-02-17T10:33:18.2196047Z   KAOS_ACTION: 
job-core	Set environment variable for ref	2025-02-17T10:33:18.2197573Z   KAOS_REF: refs/heads/H38-documentacion-basica-del-proyecto
job-core	Set environment variable for ref	2025-02-17T10:33:18.2198976Z   KAOS_MODULE: [Ka0S] kaos
job-core	Set environment variable for ref	2025-02-17T10:33:18.2199891Z   KAOS_PATH_RESUME: core/results/
job-core	Set environment variable for ref	2025-02-17T10:33:18.2200868Z   KAOS_JSON: core/results/event_data
job-core	Set environment variable for ref	2025-02-17T10:33:18.2201856Z   GITHUB_OUTPUT: 
job-core	Set environment variable for ref	2025-02-17T10:33:18.2202611Z ##[endgroup]
job-core	Upload Files	2025-02-17T10:33:18.2302837Z ##[group]Run echo "Uploading files to the repository..."
job-core	Upload Files	2025-02-17T10:33:18.2304272Z [36;1mecho "Uploading files to the repository..."[0m
job-core	Upload Files	2025-02-17T10:33:18.2305626Z [36;1mgit config --global user.name "***"[0m
job-core	Upload Files	2025-02-17T10:33:18.2307224Z [36;1mgit config --global user.email "***"[0m
job-core	Upload Files	2025-02-17T10:33:18.2308551Z [36;1mgit pull[0m
job-core	Upload Files	2025-02-17T10:33:18.2309401Z [36;1mgit add core/results/event_data*[0m
job-core	Upload Files	2025-02-17T10:33:18.2310888Z [36;1mgit commit -m "[Ka0S] Uploading resume execution files to the repository..."[0m
job-core	Upload Files	2025-02-17T10:33:18.2312764Z [36;1mgit push origin refs/heads/H38-documentacion-basica-del-proyecto[0m
job-core	Upload Files	2025-02-17T10:33:18.2314203Z [36;1mgit push origin $GITHUB_REF[0m
job-core	Upload Files	2025-02-17T10:33:18.2321817Z shell: /usr/bin/bash -e {0}
job-core	Upload Files	2025-02-17T10:33:18.2322692Z env:
job-core	Upload Files	2025-02-17T10:33:18.2323384Z   KAOS_CODE: 13368215415
job-core	Upload Files	2025-02-17T10:33:18.2324414Z   KAOS_EVENT_NAME: push
job-core	Upload Files	2025-02-17T10:33:18.2325242Z   KAOS_ACTION: 
job-core	Upload Files	2025-02-17T10:33:18.2326260Z   KAOS_REF: refs/heads/H38-documentacion-basica-del-proyecto
job-core	Upload Files	2025-02-17T10:33:18.2328192Z   KAOS_MODULE: [Ka0S] kaos
job-core	Upload Files	2025-02-17T10:33:18.2329094Z   KAOS_PATH_RESUME: core/results/
job-core	Upload Files	2025-02-17T10:33:18.2330077Z   KAOS_JSON: core/results/event_data
job-core	Upload Files	2025-02-17T10:33:18.2331037Z   GITHUB_OUTPUT: 
job-core	Upload Files	2025-02-17T10:33:18.2342713Z   GITHUB_REF: refs/heads/H38-documentacion-basica-del-proyecto
job-core	Upload Files	2025-02-17T10:33:18.2344007Z ##[endgroup]
job-core	Upload Files	2025-02-17T10:33:18.2383470Z Uploading files to the repository...
job-core	Upload Files	2025-02-17T10:33:18.6204152Z Already up to date.
job-core	Upload Files	2025-02-17T10:33:18.6325120Z [H38-documentacion-basica-del-proyecto b4fb161] [Ka0S] Uploading resume execution files to the repository...
job-core	Upload Files	2025-02-17T10:33:18.6327571Z  1 file changed, 7 insertions(+)
job-core	Upload Files	2025-02-17T10:33:18.6328873Z  create mode 100644 core/results/event_data13368215415.json
job-core	Upload Files	2025-02-17T10:33:19.4900204Z To https://github.com/Ka0s-Klaus/ka0s
job-core	Upload Files	2025-02-17T10:33:19.8581097Z    9e8988f..b4fb161  H38-documentacion-basica-del-proyecto -> H38-documentacion-basica-del-proyecto
job-core	Upload Files	2025-02-17T10:33:19.8590718Z Everything up-to-date
job-core	Ver JSON	2025-02-17T10:33:19.8958939Z ##[group]Run cat core/results/event_data13368215415.json
job-core	Ver JSON	2025-02-17T10:33:19.8965311Z [36;1mcat core/results/event_data13368215415.json[0m
job-core	Ver JSON	2025-02-17T10:33:19.8990537Z shell: /usr/bin/bash -e {0}
job-core	Ver JSON	2025-02-17T10:33:19.8993213Z env:
job-core	Ver JSON	2025-02-17T10:33:19.8995337Z   KAOS_CODE: 13368215415
job-core	Ver JSON	2025-02-17T10:33:19.8998105Z   KAOS_EVENT_NAME: push
job-core	Ver JSON	2025-02-17T10:33:19.9000607Z   KAOS_ACTION: 
job-core	Ver JSON	2025-02-17T10:33:19.9003691Z   KAOS_REF: refs/heads/H38-documentacion-basica-del-proyecto
job-core	Ver JSON	2025-02-17T10:33:19.9007566Z   KAOS_MODULE: [Ka0S] kaos
job-core	Ver JSON	2025-02-17T10:33:19.9010318Z   KAOS_PATH_RESUME: core/results/
job-core	Ver JSON	2025-02-17T10:33:19.9013298Z   KAOS_JSON: core/results/event_data
job-core	Ver JSON	2025-02-17T10:33:19.9016208Z   GITHUB_OUTPUT: 
job-core	Ver JSON	2025-02-17T10:33:19.9019511Z   GITHUB_REF: refs/heads/H38-documentacion-basica-del-proyecto
job-core	Ver JSON	2025-02-17T10:33:19.9022860Z ##[endgroup]
job-core	Ver JSON	2025-02-17T10:33:19.9112931Z {}
job-core	Ver JSON	2025-02-17T10:33:19.9116461Z {"event": "push", "ref": "refs/heads/H38-documentacion-basica-del-proyecto", "sha": "9e8988f11457159d06a0da1b54eb7fa935f73186"}
job-core	Ver JSON	2025-02-17T10:33:19.9120352Z Variable github.action=crear_json
job-core	Ver JSON	2025-02-17T10:33:19.9122312Z Variable github.event.pusher.name=santakloud
job-core	Ver JSON	2025-02-17T10:33:19.9124725Z variable github.event.pusher.email=73332898+santakloud@users.noreply.github.com
job-core	Ver JSON	2025-02-17T10:33:19.9127182Z Variable github.event.issue.number=
job-core	Ver JSON	2025-02-17T10:33:19.9128859Z INVOLVED=core/results/files-in-commit-.txt
job-core	Run # Nuevo proceso de activacion de los modulos	2025-02-17T10:33:19.9227866Z ##[group]Run # Nuevo proceso de activacion de los modulos
job-core	Run # Nuevo proceso de activacion de los modulos	2025-02-17T10:33:19.9229531Z [36;1m# Nuevo proceso de activacion de los modulos[0m
job-core	Run # Nuevo proceso de activacion de los modulos	2025-02-17T10:33:19.9230855Z [36;1mwhile IFS= read -r line; do[0m
job-core	Run # Nuevo proceso de activacion de los modulos	2025-02-17T10:33:19.9232247Z [36;1m  echo "I Leemos el fichero  y extraemos el fichero $line"[0m
job-core	Run # Nuevo proceso de activacion de los modulos	2025-02-17T10:33:19.9233662Z [36;1m  module_failed=0[0m
job-core	Run # Nuevo proceso de activacion de los modulos	2025-02-17T10:33:19.9234701Z [36;1m  extension_failed=0[0m
job-core	Run # Nuevo proceso de activacion de los modulos	2025-02-17T10:33:19.9235818Z [36;1m  file_name=$(basename "$line")[0m
job-core	Run # Nuevo proceso de activacion de los modulos	2025-02-17T10:33:19.9237287Z [36;1m  echo "I-1 Calculamos el nombre del fichero $file_name"[0m
job-core	Run # Nuevo proceso de activacion de los modulos	2025-02-17T10:33:19.9238745Z [36;1m  file_extension="${file_name##*.}"[0m
job-core	Run # Nuevo proceso de activacion de los modulos	2025-02-17T10:33:19.9240261Z [36;1m  echo "I-2 Calculamos la extension del fichero $file_extension"[0m
job-core	Run # Nuevo proceso de activacion de los modulos	2025-02-17T10:33:19.9241907Z [36;1m  file_module="$file_extension""lint.yaml"[0m
job-core	Run # Nuevo proceso de activacion de los modulos	2025-02-17T10:33:19.9243316Z [36;1m  echo "I-3 Calculamos el modulo $file_module"[0m
job-core	Run # Nuevo proceso de activacion de los modulos	2025-02-17T10:33:19.9244715Z [36;1m  IFS=',' read -r -a file_array <<< "$files"[0m
job-core	Run # Nuevo proceso de activacion de los modulos	2025-02-17T10:33:19.9246054Z [36;1m  for file in "${file_array[@]}"; do[0m
job-core	Run # Nuevo proceso de activacion de los modulos	2025-02-17T10:33:19.9247357Z [36;1m    echo "II Leemos el array de $file"[0m
job-core	Run # Nuevo proceso de activacion de los modulos	2025-02-17T10:33:19.9248688Z [36;1m    if [[ "$file_extension" == "$file" ]]; then[0m
job-core	Run # Nuevo proceso de activacion de los modulos	2025-02-17T10:33:19.9250234Z [36;1m      echo "III Comprobamos si $file_extension es igual a $file"[0m
job-core	Run # Nuevo proceso de activacion de los modulos	2025-02-17T10:33:19.9251838Z [36;1m      IFS=',' read -r -a module_array <<< "$modules"[0m
job-core	Run # Nuevo proceso de activacion de los modulos	2025-02-17T10:33:19.9263783Z [36;1m      for module in "${module_array[@]}"; do[0m
job-core	Run # Nuevo proceso de activacion de los modulos	2025-02-17T10:33:19.9265209Z [36;1m        echo "IV Leemos el array $module"[0m
job-core	Run # Nuevo proceso de activacion de los modulos	2025-02-17T10:33:19.9266545Z [36;1m        if [[ "$file_module" == *"$module"* ]]; then[0m
job-core	Run # Nuevo proceso de activacion de los modulos	2025-02-17T10:33:19.9268478Z [36;1m          echo "V Comprobamos que el $file_module es igual a $module y ejecutamos el flujo"[0m
job-core	Run # Nuevo proceso de activacion de los modulos	2025-02-17T10:33:19.9270386Z [36;1m          # Si hemos llegado hasta aquí ejecutamos el módulo[0m
job-core	Run # Nuevo proceso de activacion de los modulos	2025-02-17T10:33:19.9271993Z [36;1m          # Añadimos los valores a las variables de la issue[0m
job-core	Run # Nuevo proceso de activacion de los modulos	2025-02-17T10:33:19.9273945Z [36;1m          KAOS_ISSUE_BODY="[Ka0S] kaos has been initiated and Launch workflow $file_module to check file $line"[0m
job-core	Run # Nuevo proceso de activacion de los modulos	2025-02-17T10:33:19.9275763Z [36;1m          # Añadimos el comentario a la issue[0m
job-core	Run # Nuevo proceso de activacion de los modulos	2025-02-17T10:33:19.9278464Z [36;1m          #gh workflow run issue.yaml --ref refs/heads/H38-documentacion-basica-del-proyecto -f kaos-issue-body="$KAOS_ISSUE_BODY" -f kaos-issue-id= -f kaos-issue-actions=comment[0m
job-core	Run # Nuevo proceso de activacion de los modulos	2025-02-17T10:33:19.9281126Z [36;1m          # Lanzamos el lint del fichero[0m
job-core	Run # Nuevo proceso de activacion de los modulos	2025-02-17T10:33:19.9283761Z [36;1m          #gh workflow run $file_module --ref refs/heads/H38-documentacion-basica-del-proyecto -f kaos-origin=13368215415 -f kaos-files=$line -f kaos-issue-id= -f kaos-user-start=[0m
job-core	Run # Nuevo proceso de activacion de los modulos	2025-02-17T10:33:19.9286337Z [36;1m          module_failed=0[0m
job-core	Run # Nuevo proceso de activacion de los modulos	2025-02-17T10:33:19.9287382Z [36;1m          extension_failed=0[0m
job-core	Run # Nuevo proceso de activacion de los modulos	2025-02-17T10:33:19.9288360Z [36;1m          break[0m
job-core	Run # Nuevo proceso de activacion de los modulos	2025-02-17T10:33:19.9289216Z [36;1m        else[0m
job-core	Run # Nuevo proceso de activacion de los modulos	2025-02-17T10:33:19.9290263Z [36;1m          # Control de si existe el modulo para esa extension"[0m
job-core	Run # Nuevo proceso de activacion de los modulos	2025-02-17T10:33:19.9292028Z [36;1m          echo "VI No es igual $file_module a $module y lo indicamos en la variable module_failed=1"[0m
job-core	Run # Nuevo proceso de activacion de los modulos	2025-02-17T10:33:19.9293593Z [36;1m          module_failed=1[0m
job-core	Run # Nuevo proceso de activacion de los modulos	2025-02-17T10:33:19.9294532Z [36;1m        fi[0m
job-core	Run # Nuevo proceso de activacion de los modulos	2025-02-17T10:33:19.9295333Z [36;1m      done[0m
job-core	Run # Nuevo proceso de activacion de los modulos	2025-02-17T10:33:19.9296151Z [36;1m      break[0m
job-core	Run # Nuevo proceso de activacion de los modulos	2025-02-17T10:33:19.9297059Z [36;1m    else[0m
job-core	Run # Nuevo proceso de activacion de los modulos	2025-02-17T10:33:19.9298067Z [36;1m      # Control de si existe el modulo para esa extension"[0m
job-core	Run # Nuevo proceso de activacion de los modulos	2025-02-17T10:33:19.9299868Z [36;1m      echo "VII No es igual $file_extension a $file y lo indicamos en la variable extension_failed=1"[0m
job-core	Run # Nuevo proceso de activacion de los modulos	2025-02-17T10:33:19.9301487Z [36;1m      extension_failed=1[0m
job-core	Run # Nuevo proceso de activacion de los modulos	2025-02-17T10:33:19.9302414Z [36;1m    fi  [0m
job-core	Run # Nuevo proceso de activacion de los modulos	2025-02-17T10:33:19.9303168Z [36;1m  done[0m
job-core	Run # Nuevo proceso de activacion de los modulos	2025-02-17T10:33:19.9304002Z [36;1m  if [[ $module_failed == 1 ]]; then[0m
job-core	Run # Nuevo proceso de activacion de los modulos	2025-02-17T10:33:19.9305465Z [36;1m    echo "IX Si el modulo falla ($module_failed) añadimos el comentario a la issue"[0m
job-core	Run # Nuevo proceso de activacion de los modulos	2025-02-17T10:33:19.9308379Z [36;1m    # Si hemos llegado hasta aquí añadimos el mensaje de que la extension esta permitida pero no dispone de modulo activo y aqui finaliza el proceso[0m
job-core	Run # Nuevo proceso de activacion de los modulos	2025-02-17T10:33:19.9310698Z [36;1m    # Añadimos los valores a las variables de la issue[0m
job-core	Run # Nuevo proceso de activacion de los modulos	2025-02-17T10:33:19.9313757Z [36;1m    KAOS_ISSUE_BODY="[Ka0S] kaos ha detectado que la extensión ($file_extension) esta permitida dentro de KAOS_CORE_FILES, pero el módulo asociado ($file_module) no esta activo. Por favor compruebe que exista y esta activo."[0m
job-core	Run # Nuevo proceso de activacion de los modulos	2025-02-17T10:33:19.9316777Z [36;1m    # Añadimos el comentario a la issue[0m
job-core	Run # Nuevo proceso de activacion de los modulos	2025-02-17T10:33:19.9319411Z [36;1m    #gh workflow run issue.yaml --ref refs/heads/H38-documentacion-basica-del-proyecto -f kaos-issue-body="$KAOS_ISSUE_BODY" -f kaos-issue-id= -f kaos-issue-actions=comment[0m
job-core	Run # Nuevo proceso de activacion de los modulos	2025-02-17T10:33:19.9321984Z [36;1m  fi[0m
job-core	Run # Nuevo proceso de activacion de los modulos	2025-02-17T10:33:19.9322766Z [36;1m  if [[ $extension_failed == 1 ]]; then[0m
job-core	Run # Nuevo proceso de activacion de los modulos	2025-02-17T10:33:19.9324284Z [36;1m    echo "X Si extension falla falla ($extension_failed) añadimos el comentario a la issue"[0m
job-core	Run # Nuevo proceso de activacion de los modulos	2025-02-17T10:33:19.9326229Z [36;1m    # Si hemos llegado hasta aquí añadimos el mensaje de que la extension no esta permitida[0m
job-core	Run # Nuevo proceso de activacion de los modulos	2025-02-17T10:33:19.9328480Z [36;1m    # Añadimos los valores a las variables de la issue[0m
job-core	Run # Nuevo proceso de activacion de los modulos	2025-02-17T10:33:19.9330985Z [36;1m    KAOS_ISSUE_BODY="[Ka0S] kaos ha detectado que la extensión ($file_extension) NO esta permitida dentro de KAOS_CORE_FILES. Por favor compruebe que exista y esta activo."[0m
job-core	Run # Nuevo proceso de activacion de los modulos	2025-02-17T10:33:19.9333235Z [36;1m    # Añadimos el comentario a la issue[0m
job-core	Run # Nuevo proceso de activacion de los modulos	2025-02-17T10:33:19.9335655Z [36;1m    #gh workflow run issue.yaml --ref refs/heads/H38-documentacion-basica-del-proyecto -f kaos-issue-body="$KAOS_ISSUE_BODY" -f kaos-issue-id= -f kaos-issue-actions=comment[0m
job-core	Run # Nuevo proceso de activacion de los modulos	2025-02-17T10:33:19.9338359Z [36;1m  fi  [0m
job-core	Run # Nuevo proceso de activacion de los modulos	2025-02-17T10:33:19.9339117Z [36;1mdone < $GITHUB_OUTPUT       [0m
job-core	Run # Nuevo proceso de activacion de los modulos	2025-02-17T10:33:19.9346361Z shell: /usr/bin/bash -e {0}
job-core	Run # Nuevo proceso de activacion de los modulos	2025-02-17T10:33:19.9347805Z env:
job-core	Run # Nuevo proceso de activacion de los modulos	2025-02-17T10:33:19.9348466Z   KAOS_CODE: 13368215415
job-core	Run # Nuevo proceso de activacion de los modulos	2025-02-17T10:33:19.9349273Z   KAOS_EVENT_NAME: push
job-core	Run # Nuevo proceso de activacion de los modulos	2025-02-17T10:33:19.9350033Z   KAOS_ACTION: 
job-core	Run # Nuevo proceso de activacion de los modulos	2025-02-17T10:33:19.9350976Z   KAOS_REF: refs/heads/H38-documentacion-basica-del-proyecto
job-core	Run # Nuevo proceso de activacion de los modulos	2025-02-17T10:33:19.9352120Z   KAOS_MODULE: [Ka0S] kaos
job-core	Run # Nuevo proceso de activacion de los modulos	2025-02-17T10:33:19.9352971Z   KAOS_PATH_RESUME: core/results/
job-core	Run # Nuevo proceso de activacion de los modulos	2025-02-17T10:33:19.9353889Z   KAOS_JSON: core/results/event_data
job-core	Run # Nuevo proceso de activacion de los modulos	2025-02-17T10:33:19.9354774Z   GITHUB_OUTPUT: 
job-core	Run # Nuevo proceso de activacion de los modulos	2025-02-17T10:33:19.9355758Z   GITHUB_REF: refs/heads/H38-documentacion-basica-del-proyecto
job-core	Run # Nuevo proceso de activacion de los modulos	2025-02-17T10:33:19.9357622Z   modules: ***
job-core	Run # Nuevo proceso de activacion de los modulos	2025-02-17T10:33:19.9358359Z   files: ***
job-core	Run # Nuevo proceso de activacion de los modulos	2025-02-17T10:33:19.9359033Z ##[endgroup]
job-core	Post Checkout code	2025-02-17T10:33:19.9554744Z Post job cleanup.
job-core	Post Checkout code	2025-02-17T10:33:20.0556358Z [command]/usr/bin/git version
job-core	Post Checkout code	2025-02-17T10:33:20.0596076Z git version 2.25.1
job-core	Post Checkout code	2025-02-17T10:33:20.0638928Z Copying '/home/kaos/.gitconfig' to '/actions-runner/_work/_temp/315b6b3b-de05-4907-b24f-cedf5a32bb7d/.gitconfig'
job-core	Post Checkout code	2025-02-17T10:33:20.0652232Z Temporarily overriding HOME='/actions-runner/_work/_temp/315b6b3b-de05-4907-b24f-cedf5a32bb7d' before making global git config changes
job-core	Post Checkout code	2025-02-17T10:33:20.0655186Z Adding repository directory to the temporary git global config as a safe directory
job-core	Post Checkout code	2025-02-17T10:33:20.0657450Z [command]/usr/bin/git config --global --add safe.directory /actions-runner/_work/ka0s/ka0s
job-core	Post Checkout code	2025-02-17T10:33:20.0703506Z [command]/usr/bin/git config --local --name-only --get-regexp core\.sshCommand
job-core	Post Checkout code	2025-02-17T10:33:20.0753479Z [command]/usr/bin/git submodule foreach --recursive sh -c "git config --local --name-only --get-regexp 'core\.sshCommand' && git config --local --unset-all 'core.sshCommand' || :"
job-core	Post Checkout code	2025-02-17T10:33:20.1087542Z [command]/usr/bin/git config --local --name-only --get-regexp http\.https\:\/\/github\.com\/\.extraheader
job-core	Post Checkout code	2025-02-17T10:33:20.1113526Z http.https://github.com/.extraheader
job-core	Post Checkout code	2025-02-17T10:33:20.1127567Z [command]/usr/bin/git config --local --unset-all http.https://github.com/.extraheader
job-core	Post Checkout code	2025-02-17T10:33:20.1167285Z [command]/usr/bin/git submodule foreach --recursive sh -c "git config --local --name-only --get-regexp 'http\.https\:\/\/github\.com\/\.extraheader' && git config --local --unset-all 'http.https://github.com/.extraheader' || :"
job-core	Complete job	2025-02-17T10:33:20.1594978Z Cleaning up orphan processes
handle-success	Set up job	2025-02-17T10:33:32.5212440Z Current runner version: '2.322.0'
handle-success	Set up job	2025-02-17T10:33:32.5219823Z Runner name: 'ka0s-1'
handle-success	Set up job	2025-02-17T10:33:32.5220507Z Runner group name: 'ka0s'
handle-success	Set up job	2025-02-17T10:33:32.5221337Z Machine name: '5613a8be5fd6'
handle-success	Set up job	2025-02-17T10:33:32.5223847Z ##[group]GITHUB_TOKEN Permissions
handle-success	Set up job	2025-02-17T10:33:32.5225981Z Contents: read
handle-success	Set up job	2025-02-17T10:33:32.5226509Z Metadata: read
handle-success	Set up job	2025-02-17T10:33:32.5227322Z Packages: read
handle-success	Set up job	2025-02-17T10:33:32.5227792Z ##[endgroup]
handle-success	Set up job	2025-02-17T10:33:32.5229692Z Secret source: Actions
handle-success	Set up job	2025-02-17T10:33:32.5230355Z Prepare workflow directory
handle-success	Set up job	2025-02-17T10:33:32.5772928Z Prepare all required actions
handle-success	Set up job	2025-02-17T10:33:32.5825391Z Complete job name: handle-success
handle-success	handle-success-execution	2025-02-17T10:33:32.6342964Z ##[group]Run # Si todo ha ido correcto añadimos el contenido del fichero 
handle-success	handle-success-execution	2025-02-17T10:33:32.6344190Z [36;1m# Si todo ha ido correcto añadimos el contenido del fichero [0m
handle-success	handle-success-execution	2025-02-17T10:33:32.6344997Z [36;1mecho "Todo ha ido bien"[0m
handle-success	handle-success-execution	2025-02-17T10:33:32.6362756Z shell: /usr/bin/bash -e {0}
handle-success	handle-success-execution	2025-02-17T10:33:32.6363769Z env:
handle-success	handle-success-execution	2025-02-17T10:33:32.6364310Z   KAOS_CODE: 13368215415
handle-success	handle-success-execution	2025-02-17T10:33:32.6364961Z   KAOS_EVENT_NAME: push
handle-success	handle-success-execution	2025-02-17T10:33:32.6365458Z   KAOS_ACTION: 
handle-success	handle-success-execution	2025-02-17T10:33:32.6366053Z   KAOS_REF: refs/heads/H38-documentacion-basica-del-proyecto
handle-success	handle-success-execution	2025-02-17T10:33:32.6366994Z   KAOS_MODULE: [Ka0S] kaos
handle-success	handle-success-execution	2025-02-17T10:33:32.6367669Z   KAOS_PATH_RESUME: core/results/
handle-success	handle-success-execution	2025-02-17T10:33:32.6368245Z   KAOS_JSON: core/results/event_data
handle-success	handle-success-execution	2025-02-17T10:33:32.6368815Z ##[endgroup]
handle-success	handle-success-execution	2025-02-17T10:33:32.6540686Z Todo ha ido bien
handle-success	Complete job	2025-02-17T10:33:32.6645603Z Cleaning up orphan processes
end-workflow	Set up job	2025-02-17T10:33:43.9113099Z Current runner version: '2.322.0'
end-workflow	Set up job	2025-02-17T10:33:43.9120798Z Runner name: 'ka0s-1'
end-workflow	Set up job	2025-02-17T10:33:43.9121479Z Runner group name: 'ka0s'
end-workflow	Set up job	2025-02-17T10:33:43.9122303Z Machine name: '5613a8be5fd6'
end-workflow	Set up job	2025-02-17T10:33:43.9124917Z ##[group]GITHUB_TOKEN Permissions
end-workflow	Set up job	2025-02-17T10:33:43.9127892Z Contents: read
end-workflow	Set up job	2025-02-17T10:33:43.9128433Z Metadata: read
end-workflow	Set up job	2025-02-17T10:33:43.9128916Z Packages: read
end-workflow	Set up job	2025-02-17T10:33:43.9129397Z ##[endgroup]
end-workflow	Set up job	2025-02-17T10:33:43.9131516Z Secret source: Actions
end-workflow	Set up job	2025-02-17T10:33:43.9132319Z Prepare workflow directory
end-workflow	Set up job	2025-02-17T10:33:43.9634146Z Prepare all required actions
end-workflow	Set up job	2025-02-17T10:33:43.9671700Z Getting action download info
end-workflow	Set up job	2025-02-17T10:33:44.2069541Z Download action repository 'actions/checkout@v4' (SHA:11bd71901bbe5b1630ceea73d27597364c9af683)
end-workflow	Set up job	2025-02-17T10:33:45.0179632Z Complete job name: end-workflow
end-workflow	Checkout code	2025-02-17T10:33:45.0706459Z ##[group]Run actions/checkout@v4
end-workflow	Checkout code	2025-02-17T10:33:45.0707926Z with:
end-workflow	Checkout code	2025-02-17T10:33:45.0708430Z   fetch-depth: 0
end-workflow	Checkout code	2025-02-17T10:33:45.0709225Z   token: ***
end-workflow	Checkout code	2025-02-17T10:33:45.0709799Z   repository: Ka0s-Klaus/ka0s
end-workflow	Checkout code	2025-02-17T10:33:45.0710374Z   ssh-strict: true
end-workflow	Checkout code	2025-02-17T10:33:45.0710861Z   ssh-user: git
end-workflow	Checkout code	2025-02-17T10:33:45.0711365Z   persist-credentials: true
end-workflow	Checkout code	2025-02-17T10:33:45.0711930Z   clean: true
end-workflow	Checkout code	2025-02-17T10:33:45.0712435Z   sparse-checkout-cone-mode: true
end-workflow	Checkout code	2025-02-17T10:33:45.0713044Z   fetch-tags: false
end-workflow	Checkout code	2025-02-17T10:33:45.0713547Z   show-progress: true
end-workflow	Checkout code	2025-02-17T10:33:45.0714061Z   lfs: false
end-workflow	Checkout code	2025-02-17T10:33:45.0714526Z   submodules: false
end-workflow	Checkout code	2025-02-17T10:33:45.0715034Z   set-safe-directory: true
end-workflow	Checkout code	2025-02-17T10:33:45.0715835Z env:
end-workflow	Checkout code	2025-02-17T10:33:45.0716300Z   KAOS_CODE: 13368215415
end-workflow	Checkout code	2025-02-17T10:33:45.0717315Z   KAOS_EVENT_NAME: push
end-workflow	Checkout code	2025-02-17T10:33:45.0717832Z   KAOS_ACTION: 
end-workflow	Checkout code	2025-02-17T10:33:45.0718465Z   KAOS_REF: refs/heads/H38-documentacion-basica-del-proyecto
end-workflow	Checkout code	2025-02-17T10:33:45.0719230Z   KAOS_MODULE: [Ka0S] kaos
end-workflow	Checkout code	2025-02-17T10:33:45.0719833Z   KAOS_PATH_RESUME: core/results/
end-workflow	Checkout code	2025-02-17T10:33:45.0720449Z   KAOS_JSON: core/results/event_data
end-workflow	Checkout code	2025-02-17T10:33:45.0721262Z   GH_TOKEN: ***
end-workflow	Checkout code	2025-02-17T10:33:45.0721749Z ##[endgroup]
end-workflow	Checkout code	2025-02-17T10:33:45.1919146Z Syncing repository: Ka0s-Klaus/ka0s
end-workflow	Checkout code	2025-02-17T10:33:45.1921235Z ##[group]Getting Git version info
end-workflow	Checkout code	2025-02-17T10:33:45.1922043Z Working directory is '/actions-runner/_work/ka0s/ka0s'
end-workflow	Checkout code	2025-02-17T10:33:45.1923157Z [command]/usr/bin/git version
end-workflow	Checkout code	2025-02-17T10:33:45.1923734Z git version 2.25.1
end-workflow	Checkout code	2025-02-17T10:33:45.1938311Z ##[endgroup]
end-workflow	Checkout code	2025-02-17T10:33:45.1950210Z Copying '/home/kaos/.gitconfig' to '/actions-runner/_work/_temp/ea433b1c-61ea-4253-bf08-38cf882d8d55/.gitconfig'
end-workflow	Checkout code	2025-02-17T10:33:45.1962279Z Temporarily overriding HOME='/actions-runner/_work/_temp/ea433b1c-61ea-4253-bf08-38cf882d8d55' before making global git config changes
end-workflow	Checkout code	2025-02-17T10:33:45.1964124Z Adding repository directory to the temporary git global config as a safe directory
end-workflow	Checkout code	2025-02-17T10:33:45.1966983Z [command]/usr/bin/git config --global --add safe.directory /actions-runner/_work/ka0s/ka0s
end-workflow	Checkout code	2025-02-17T10:33:45.2013597Z [command]/usr/bin/git config --local --get remote.origin.url
end-workflow	Checkout code	2025-02-17T10:33:45.2040358Z https://github.com/Ka0s-Klaus/ka0s
end-workflow	Checkout code	2025-02-17T10:33:45.2059941Z ##[group]Removing previously created refs, to avoid conflicts
end-workflow	Checkout code	2025-02-17T10:33:45.2065405Z [command]/usr/bin/git rev-parse --symbolic-full-name --verify --quiet HEAD
end-workflow	Checkout code	2025-02-17T10:33:45.2090838Z refs/heads/H38-documentacion-basica-del-proyecto
end-workflow	Checkout code	2025-02-17T10:33:45.2100426Z [command]/usr/bin/git checkout --detach
end-workflow	Checkout code	2025-02-17T10:33:45.2163869Z HEAD is now at b4fb161 [Ka0S] Uploading resume execution files to the repository...
end-workflow	Checkout code	2025-02-17T10:33:45.2214108Z [command]/usr/bin/git branch --delete --force H38-documentacion-basica-del-proyecto
end-workflow	Checkout code	2025-02-17T10:33:45.2248827Z Deleted branch H38-documentacion-basica-del-proyecto (was b4fb161).
end-workflow	Checkout code	2025-02-17T10:33:45.2303459Z ##[endgroup]
end-workflow	Checkout code	2025-02-17T10:33:45.2305495Z [command]/usr/bin/git submodule status
end-workflow	Checkout code	2025-02-17T10:33:45.2614403Z ##[group]Cleaning the repository
end-workflow	Checkout code	2025-02-17T10:33:45.2617444Z [command]/usr/bin/git clean -ffdx
end-workflow	Checkout code	2025-02-17T10:33:45.2653075Z Removing core/results/commit-summary-.txt
end-workflow	Checkout code	2025-02-17T10:33:45.2654115Z Removing core/results/files-in-commit-.txt
end-workflow	Checkout code	2025-02-17T10:33:45.2664690Z [command]/usr/bin/git reset --hard HEAD
end-workflow	Checkout code	2025-02-17T10:33:45.2733800Z HEAD is now at b4fb161 [Ka0S] Uploading resume execution files to the repository...
end-workflow	Checkout code	2025-02-17T10:33:45.2738482Z ##[endgroup]
end-workflow	Checkout code	2025-02-17T10:33:45.2740679Z ##[group]Disabling automatic garbage collection
end-workflow	Checkout code	2025-02-17T10:33:45.2746152Z [command]/usr/bin/git config --local gc.auto 0
end-workflow	Checkout code	2025-02-17T10:33:45.2782141Z ##[endgroup]
end-workflow	Checkout code	2025-02-17T10:33:45.2783060Z ##[group]Setting up auth
end-workflow	Checkout code	2025-02-17T10:33:45.2799267Z [command]/usr/bin/git config --local --name-only --get-regexp core\.sshCommand
end-workflow	Checkout code	2025-02-17T10:33:45.2836225Z [command]/usr/bin/git submodule foreach --recursive sh -c "git config --local --name-only --get-regexp 'core\.sshCommand' && git config --local --unset-all 'core.sshCommand' || :"
end-workflow	Checkout code	2025-02-17T10:33:45.3144119Z [command]/usr/bin/git config --local --name-only --get-regexp http\.https\:\/\/github\.com\/\.extraheader
end-workflow	Checkout code	2025-02-17T10:33:45.3177688Z [command]/usr/bin/git submodule foreach --recursive sh -c "git config --local --name-only --get-regexp 'http\.https\:\/\/github\.com\/\.extraheader' && git config --local --unset-all 'http.https://github.com/.extraheader' || :"
end-workflow	Checkout code	2025-02-17T10:33:45.3490907Z [command]/usr/bin/git config --local http.https://github.com/.extraheader AUTHORIZATION: basic ***
end-workflow	Checkout code	2025-02-17T10:33:45.3546085Z ##[endgroup]
end-workflow	Checkout code	2025-02-17T10:33:45.3547087Z ##[group]Fetching the repository
end-workflow	Checkout code	2025-02-17T10:33:45.3548374Z [command]/usr/bin/git -c protocol.version=2 fetch --prune --no-recurse-submodules origin +refs/heads/*:refs/remotes/origin/* +refs/tags/*:refs/tags/*
end-workflow	Checkout code	2025-02-17T10:33:45.8710594Z [command]/usr/bin/git branch --list --remote origin/H38-documentacion-basica-del-proyecto
end-workflow	Checkout code	2025-02-17T10:33:45.8751443Z   origin/H38-documentacion-basica-del-proyecto
end-workflow	Checkout code	2025-02-17T10:33:45.8760814Z [command]/usr/bin/git rev-parse refs/remotes/origin/H38-documentacion-basica-del-proyecto
end-workflow	Checkout code	2025-02-17T10:33:45.8808550Z b4fb1612b718a34a7899d54ed2f2657494c617da
end-workflow	Checkout code	2025-02-17T10:33:45.8817816Z [command]/usr/bin/git -c protocol.version=2 fetch --no-tags --prune --no-recurse-submodules origin +9e8988f11457159d06a0da1b54eb7fa935f73186:refs/remotes/origin/H38-documentacion-basica-del-proyecto
end-workflow	Checkout code	2025-02-17T10:33:45.8968121Z From https://github.com/Ka0s-Klaus/ka0s
end-workflow	Checkout code	2025-02-17T10:33:45.8973625Z  + b4fb161...9e8988f 9e8988f11457159d06a0da1b54eb7fa935f73186 -> origin/H38-documentacion-basica-del-proyecto  (forced update)
end-workflow	Checkout code	2025-02-17T10:33:45.8999546Z ##[endgroup]
end-workflow	Checkout code	2025-02-17T10:33:45.9009156Z ##[group]Determining the checkout info
end-workflow	Checkout code	2025-02-17T10:33:45.9010925Z ##[endgroup]
end-workflow	Checkout code	2025-02-17T10:33:45.9012476Z ##[group]Checking out the ref
end-workflow	Checkout code	2025-02-17T10:33:45.9015557Z [command]/usr/bin/git checkout --progress --force -B H38-documentacion-basica-del-proyecto refs/remotes/origin/H38-documentacion-basica-del-proyecto
end-workflow	Checkout code	2025-02-17T10:33:45.9093871Z Warning: you are leaving 1 commit behind, not connected to
end-workflow	Checkout code	2025-02-17T10:33:45.9097263Z any of your branches:
end-workflow	Checkout code	2025-02-17T10:33:45.9097982Z 
end-workflow	Checkout code	2025-02-17T10:33:45.9099116Z   b4fb161 [Ka0S] Uploading resume execution files to the repository...
end-workflow	Checkout code	2025-02-17T10:33:45.9100531Z 
end-workflow	Checkout code	2025-02-17T10:33:45.9101624Z If you want to keep it by creating a new branch, this may be a good time
end-workflow	Checkout code	2025-02-17T10:33:45.9103293Z to do so with:
end-workflow	Checkout code	2025-02-17T10:33:45.9103990Z 
end-workflow	Checkout code	2025-02-17T10:33:45.9104513Z  git branch <new-branch-name> b4fb161
end-workflow	Checkout code	2025-02-17T10:33:45.9105385Z 
end-workflow	Checkout code	2025-02-17T10:33:45.9106273Z Switched to a new branch 'H38-documentacion-basica-del-proyecto'
end-workflow	Checkout code	2025-02-17T10:33:45.9110007Z Branch 'H38-documentacion-basica-del-proyecto' set up to track remote branch 'H38-documentacion-basica-del-proyecto' from 'origin'.
end-workflow	Checkout code	2025-02-17T10:33:45.9122448Z ##[endgroup]
end-workflow	Checkout code	2025-02-17T10:33:45.9159374Z [command]/usr/bin/git log -1 --format=%H
end-workflow	Checkout code	2025-02-17T10:33:45.9191377Z 9e8988f11457159d06a0da1b54eb7fa935f73186
end-workflow	Finaliza el workflow	2025-02-17T10:33:45.9461823Z ##[group]Run echo "End process"
end-workflow	Finaliza el workflow	2025-02-17T10:33:45.9463326Z [36;1mecho "End process"[0m
end-workflow	Finaliza el workflow	2025-02-17T10:33:45.9465716Z [36;1mgh workflow run inspector.yml --ref 'main' -f kaos-issue-id="" -f kaos-workflow-id="13368215415" -f kaos-user-start=""[0m
end-workflow	Finaliza el workflow	2025-02-17T10:33:45.9480686Z shell: /usr/bin/bash -e {0}
end-workflow	Finaliza el workflow	2025-02-17T10:33:45.9481713Z env:
end-workflow	Finaliza el workflow	2025-02-17T10:33:45.9482449Z   KAOS_CODE: 13368215415
end-workflow	Finaliza el workflow	2025-02-17T10:33:45.9483375Z   KAOS_EVENT_NAME: push
end-workflow	Finaliza el workflow	2025-02-17T10:33:45.9484248Z   KAOS_ACTION: 
end-workflow	Finaliza el workflow	2025-02-17T10:33:45.9485338Z   KAOS_REF: refs/heads/H38-documentacion-basica-del-proyecto
end-workflow	Finaliza el workflow	2025-02-17T10:33:45.9487041Z   KAOS_MODULE: [Ka0S] kaos
end-workflow	Finaliza el workflow	2025-02-17T10:33:45.9488238Z   KAOS_PATH_RESUME: core/results/
end-workflow	Finaliza el workflow	2025-02-17T10:33:45.9489282Z   KAOS_JSON: core/results/event_data
end-workflow	Finaliza el workflow	2025-02-17T10:33:45.9491168Z   GH_TOKEN: ***
end-workflow	Finaliza el workflow	2025-02-17T10:33:45.9492114Z ##[endgroup]
end-workflow	Finaliza el workflow	2025-02-17T10:33:45.9563107Z End process
end-workflow	Post Checkout code	2025-02-17T10:33:46.6567228Z Post job cleanup.
end-workflow	Post Checkout code	2025-02-17T10:33:46.7574176Z [command]/usr/bin/git version
end-workflow	Post Checkout code	2025-02-17T10:33:46.7614687Z git version 2.25.1
end-workflow	Post Checkout code	2025-02-17T10:33:46.7658315Z Copying '/home/kaos/.gitconfig' to '/actions-runner/_work/_temp/4cd4bd41-a405-4f52-8cbb-ee3cc5c451d6/.gitconfig'
end-workflow	Post Checkout code	2025-02-17T10:33:46.7670965Z Temporarily overriding HOME='/actions-runner/_work/_temp/4cd4bd41-a405-4f52-8cbb-ee3cc5c451d6' before making global git config changes
end-workflow	Post Checkout code	2025-02-17T10:33:46.7674119Z Adding repository directory to the temporary git global config as a safe directory
end-workflow	Post Checkout code	2025-02-17T10:33:46.7676551Z [command]/usr/bin/git config --global --add safe.directory /actions-runner/_work/ka0s/ka0s
end-workflow	Post Checkout code	2025-02-17T10:33:46.7716783Z [command]/usr/bin/git config --local --name-only --get-regexp core\.sshCommand
end-workflow	Post Checkout code	2025-02-17T10:33:46.7765820Z [command]/usr/bin/git submodule foreach --recursive sh -c "git config --local --name-only --get-regexp 'core\.sshCommand' && git config --local --unset-all 'core.sshCommand' || :"
end-workflow	Post Checkout code	2025-02-17T10:33:46.8092672Z [command]/usr/bin/git config --local --name-only --get-regexp http\.https\:\/\/github\.com\/\.extraheader
end-workflow	Post Checkout code	2025-02-17T10:33:46.8117611Z http.https://github.com/.extraheader
end-workflow	Post Checkout code	2025-02-17T10:33:46.8132477Z [command]/usr/bin/git config --local --unset-all http.https://github.com/.extraheader
end-workflow	Post Checkout code	2025-02-17T10:33:46.8175294Z [command]/usr/bin/git submodule foreach --recursive sh -c "git config --local --name-only --get-regexp 'http\.https\:\/\/github\.com\/\.extraheader' && git config --local --unset-all 'http.https://github.com/.extraheader' || :"
end-workflow	Complete job	2025-02-17T10:33:46.8631088Z Cleaning up orphan processes
