job-core	Set up job	2025-02-24T15:28:39.3689862Z Current runner version: '2.322.0'
job-core	Set up job	2025-02-24T15:28:39.3697105Z Runner name: 'ka0s-1'
job-core	Set up job	2025-02-24T15:28:39.3698111Z Runner group name: 'ka0s'
job-core	Set up job	2025-02-24T15:28:39.3699126Z Machine name: '5613a8be5fd6'
job-core	Set up job	2025-02-24T15:28:39.3701792Z ##[group]GITHUB_TOKEN Permissions
job-core	Set up job	2025-02-24T15:28:39.3704314Z Contents: read
job-core	Set up job	2025-02-24T15:28:39.3704896Z Metadata: read
job-core	Set up job	2025-02-24T15:28:39.3705425Z Packages: read
job-core	Set up job	2025-02-24T15:28:39.3705949Z ##[endgroup]
job-core	Set up job	2025-02-24T15:28:39.3708493Z Secret source: Actions
job-core	Set up job	2025-02-24T15:28:39.3709357Z Prepare workflow directory
job-core	Set up job	2025-02-24T15:28:39.4297476Z Prepare all required actions
job-core	Set up job	2025-02-24T15:28:39.4336579Z Getting action download info
job-core	Set up job	2025-02-24T15:28:39.6812129Z Download action repository 'actions/checkout@v4' (SHA:11bd71901bbe5b1630ceea73d27597364c9af683)
job-core	Set up job	2025-02-24T15:28:40.5288562Z Complete job name: job-core
job-core	Checkout code	2025-02-24T15:28:40.5917569Z ##[group]Run actions/checkout@v4
job-core	Checkout code	2025-02-24T15:28:40.5918714Z with:
job-core	Checkout code	2025-02-24T15:28:40.5919263Z   fetch-depth: 0
job-core	Checkout code	2025-02-24T15:28:40.5920124Z   token: ***
job-core	Checkout code	2025-02-24T15:28:40.5920737Z   repository: Ka0s-Klaus/ka0s
job-core	Checkout code	2025-02-24T15:28:40.5921356Z   ssh-strict: true
job-core	Checkout code	2025-02-24T15:28:40.5921884Z   ssh-user: git
job-core	Checkout code	2025-02-24T15:28:40.5922427Z   persist-credentials: true
job-core	Checkout code	2025-02-24T15:28:40.5923039Z   clean: true
job-core	Checkout code	2025-02-24T15:28:40.5923585Z   sparse-checkout-cone-mode: true
job-core	Checkout code	2025-02-24T15:28:40.5924239Z   fetch-tags: false
job-core	Checkout code	2025-02-24T15:28:40.5924794Z   show-progress: true
job-core	Checkout code	2025-02-24T15:28:40.5925347Z   lfs: false
job-core	Checkout code	2025-02-24T15:28:40.5925857Z   submodules: false
job-core	Checkout code	2025-02-24T15:28:40.5926409Z   set-safe-directory: true
job-core	Checkout code	2025-02-24T15:28:40.5927626Z env:
job-core	Checkout code	2025-02-24T15:28:40.5928148Z   KAOS_CODE: 13501644167
job-core	Checkout code	2025-02-24T15:28:40.5928735Z   KAOS_EVENT_NAME: push
job-core	Checkout code	2025-02-24T15:28:40.5929297Z   KAOS_ACTION: 
job-core	Checkout code	2025-02-24T15:28:40.5929979Z   KAOS_REF: refs/heads/H38-documentacion-basica-del-proyecto
job-core	Checkout code	2025-02-24T15:28:40.5930777Z   KAOS_MODULE: [Ka0S] kaos
job-core	Checkout code	2025-02-24T15:28:40.5931424Z   KAOS_PATH_RESUME: core/results/
job-core	Checkout code	2025-02-24T15:28:40.5932087Z   KAOS_JSON: core/results/event_data
job-core	Checkout code	2025-02-24T15:28:40.5932746Z   GITHUB_OUTPUT: 
job-core	Checkout code	2025-02-24T15:28:40.5933271Z ##[endgroup]
job-core	Checkout code	2025-02-24T15:28:40.7167680Z Syncing repository: Ka0s-Klaus/ka0s
job-core	Checkout code	2025-02-24T15:28:40.7170069Z ##[group]Getting Git version info
job-core	Checkout code	2025-02-24T15:28:40.7170908Z Working directory is '/actions-runner/_work/ka0s/ka0s'
job-core	Checkout code	2025-02-24T15:28:40.7172078Z [command]/usr/bin/git version
job-core	Checkout code	2025-02-24T15:28:40.7172689Z git version 2.25.1
job-core	Checkout code	2025-02-24T15:28:40.7185093Z ##[endgroup]
job-core	Checkout code	2025-02-24T15:28:40.7196788Z Copying '/home/kaos/.gitconfig' to '/actions-runner/_work/_temp/e99a8d4d-651b-424b-b5ce-ac5baa3bcc3c/.gitconfig'
job-core	Checkout code	2025-02-24T15:28:40.7208036Z Temporarily overriding HOME='/actions-runner/_work/_temp/e99a8d4d-651b-424b-b5ce-ac5baa3bcc3c' before making global git config changes
job-core	Checkout code	2025-02-24T15:28:40.7209836Z Adding repository directory to the temporary git global config as a safe directory
job-core	Checkout code	2025-02-24T15:28:40.7214431Z [command]/usr/bin/git config --global --add safe.directory /actions-runner/_work/ka0s/ka0s
job-core	Checkout code	2025-02-24T15:28:40.7260940Z [command]/usr/bin/git config --local --get remote.origin.url
job-core	Checkout code	2025-02-24T15:28:40.7285417Z https://github.com/Ka0s-Klaus/ka0s
job-core	Checkout code	2025-02-24T15:28:40.7307164Z ##[group]Removing previously created refs, to avoid conflicts
job-core	Checkout code	2025-02-24T15:28:40.7312592Z [command]/usr/bin/git rev-parse --symbolic-full-name --verify --quiet HEAD
job-core	Checkout code	2025-02-24T15:28:40.7338626Z HEAD
job-core	Checkout code	2025-02-24T15:28:40.7475935Z ##[endgroup]
job-core	Checkout code	2025-02-24T15:28:40.7476966Z [command]/usr/bin/git submodule status
job-core	Checkout code	2025-02-24T15:28:40.7798417Z ##[group]Cleaning the repository
job-core	Checkout code	2025-02-24T15:28:40.7800938Z [command]/usr/bin/git clean -ffdx
job-core	Checkout code	2025-02-24T15:28:40.7846188Z [command]/usr/bin/git reset --hard HEAD
job-core	Checkout code	2025-02-24T15:28:40.7929788Z HEAD is now at f1724ef Merge c821c20be779bc48a736ec7a4c0f83fd07bc552c into 4111d48ca318a5c0d363f902b821c91437165c89
job-core	Checkout code	2025-02-24T15:28:40.7933890Z ##[endgroup]
job-core	Checkout code	2025-02-24T15:28:40.7935794Z ##[group]Disabling automatic garbage collection
job-core	Checkout code	2025-02-24T15:28:40.7942842Z [command]/usr/bin/git config --local gc.auto 0
job-core	Checkout code	2025-02-24T15:28:40.7979824Z ##[endgroup]
job-core	Checkout code	2025-02-24T15:28:40.7981474Z ##[group]Setting up auth
job-core	Checkout code	2025-02-24T15:28:40.7986111Z [command]/usr/bin/git config --local --name-only --get-regexp core\.sshCommand
job-core	Checkout code	2025-02-24T15:28:40.8021005Z [command]/usr/bin/git submodule foreach --recursive sh -c "git config --local --name-only --get-regexp 'core\.sshCommand' && git config --local --unset-all 'core.sshCommand' || :"
job-core	Checkout code	2025-02-24T15:28:40.8338490Z [command]/usr/bin/git config --local --name-only --get-regexp http\.https\:\/\/github\.com\/\.extraheader
job-core	Checkout code	2025-02-24T15:28:40.8374048Z [command]/usr/bin/git submodule foreach --recursive sh -c "git config --local --name-only --get-regexp 'http\.https\:\/\/github\.com\/\.extraheader' && git config --local --unset-all 'http.https://github.com/.extraheader' || :"
job-core	Checkout code	2025-02-24T15:28:40.8685399Z [command]/usr/bin/git config --local http.https://github.com/.extraheader AUTHORIZATION: basic ***
job-core	Checkout code	2025-02-24T15:28:40.8730767Z ##[endgroup]
job-core	Checkout code	2025-02-24T15:28:40.8731876Z ##[group]Fetching the repository
job-core	Checkout code	2025-02-24T15:28:40.8739892Z [command]/usr/bin/git -c protocol.version=2 fetch --prune --no-recurse-submodules origin +refs/heads/*:refs/remotes/origin/* +refs/tags/*:refs/tags/*
job-core	Checkout code	2025-02-24T15:28:41.6759524Z From https://github.com/Ka0s-Klaus/ka0s
job-core	Checkout code	2025-02-24T15:28:41.6763151Z    c821c20..d8695b7  H38-documentacion-basica-del-proyecto -> origin/H38-documentacion-basica-del-proyecto
job-core	Checkout code	2025-02-24T15:28:41.6765708Z    4111d48..4b4732b  main       -> origin/main
job-core	Checkout code	2025-02-24T15:28:41.6844887Z [command]/usr/bin/git branch --list --remote origin/H38-documentacion-basica-del-proyecto
job-core	Checkout code	2025-02-24T15:28:41.6914342Z   origin/H38-documentacion-basica-del-proyecto
job-core	Checkout code	2025-02-24T15:28:41.6925032Z [command]/usr/bin/git rev-parse refs/remotes/origin/H38-documentacion-basica-del-proyecto
job-core	Checkout code	2025-02-24T15:28:41.6950213Z d8695b7d5e0c5ab856bc3c403e792e63f7a72be4
job-core	Checkout code	2025-02-24T15:28:41.6955292Z ##[endgroup]
job-core	Checkout code	2025-02-24T15:28:41.6957034Z ##[group]Determining the checkout info
job-core	Checkout code	2025-02-24T15:28:41.6959501Z ##[endgroup]
job-core	Checkout code	2025-02-24T15:28:41.6961985Z ##[group]Checking out the ref
job-core	Checkout code	2025-02-24T15:28:41.6965473Z [command]/usr/bin/git checkout --progress --force -B H38-documentacion-basica-del-proyecto refs/remotes/origin/H38-documentacion-basica-del-proyecto
job-core	Checkout code	2025-02-24T15:28:41.7168764Z Previous HEAD position was f1724ef Merge c821c20be779bc48a736ec7a4c0f83fd07bc552c into 4111d48ca318a5c0d363f902b821c91437165c89
job-core	Checkout code	2025-02-24T15:28:41.7176139Z Switched to a new branch 'H38-documentacion-basica-del-proyecto'
job-core	Checkout code	2025-02-24T15:28:41.7179559Z Branch 'H38-documentacion-basica-del-proyecto' set up to track remote branch 'H38-documentacion-basica-del-proyecto' from 'origin'.
job-core	Checkout code	2025-02-24T15:28:41.7184697Z ##[endgroup]
job-core	Checkout code	2025-02-24T15:28:41.7225507Z [command]/usr/bin/git log -1 --format=%H
job-core	Checkout code	2025-02-24T15:28:41.7255962Z d8695b7d5e0c5ab856bc3c403e792e63f7a72be4
job-core	Validate file extensions	2025-02-24T15:28:41.7494390Z ##[group]Run IFS=' ' read -r -a extensions <<< "***"
job-core	Validate file extensions	2025-02-24T15:28:41.7496300Z [36;1mIFS=' ' read -r -a extensions <<< "***"[0m
job-core	Validate file extensions	2025-02-24T15:28:41.7498022Z [36;1mfor file in $(git diff --name-only HEAD~1 HEAD); do[0m
job-core	Validate file extensions	2025-02-24T15:28:41.7499558Z [36;1mextension="${file##*.}"[0m
job-core	Validate file extensions	2025-02-24T15:28:41.7500971Z [36;1m  if [[ ! " ${extensions[@]} " =~ " ${extension} " ]]; then[0m
job-core	Validate file extensions	2025-02-24T15:28:41.7502756Z [36;1m    echo "File $file has an invalid extension: $extension"[0m
job-core	Validate file extensions	2025-02-24T15:28:41.7504290Z [36;1m  fi[0m
job-core	Validate file extensions	2025-02-24T15:28:41.7505209Z [36;1mdone[0m
job-core	Validate file extensions	2025-02-24T15:28:41.7516264Z shell: /usr/bin/bash -e {0}
job-core	Validate file extensions	2025-02-24T15:28:41.7517488Z env:
job-core	Validate file extensions	2025-02-24T15:28:41.7518351Z   KAOS_CODE: 13501644167
job-core	Validate file extensions	2025-02-24T15:28:41.7519432Z   KAOS_EVENT_NAME: push
job-core	Validate file extensions	2025-02-24T15:28:41.7520485Z   KAOS_ACTION: 
job-core	Validate file extensions	2025-02-24T15:28:41.7521743Z   KAOS_REF: refs/heads/H38-documentacion-basica-del-proyecto
job-core	Validate file extensions	2025-02-24T15:28:41.7523304Z   KAOS_MODULE: [Ka0S] kaos
job-core	Validate file extensions	2025-02-24T15:28:41.7524415Z   KAOS_PATH_RESUME: core/results/
job-core	Validate file extensions	2025-02-24T15:28:41.7525703Z   KAOS_JSON: core/results/event_data
job-core	Validate file extensions	2025-02-24T15:28:41.7527041Z   GITHUB_OUTPUT: 
job-core	Validate file extensions	2025-02-24T15:28:41.7527934Z ##[endgroup]
job-core	Validate file extensions	2025-02-24T15:28:41.7619558Z File core/test/correct-file1.yaml has an invalid extension: yaml
job-core	Crear JSON	2025-02-24T15:28:41.7697652Z ##[group]Run echo "{}" >> core/results/event_data13501644167.json
job-core	Crear JSON	2025-02-24T15:28:41.7699493Z [36;1mecho "{}" >> core/results/event_data13501644167.json[0m
job-core	Crear JSON	2025-02-24T15:28:41.7700791Z [36;1mcase "push" in[0m
job-core	Crear JSON	2025-02-24T15:28:41.7701712Z [36;1m  "push")[0m
job-core	Crear JSON	2025-02-24T15:28:41.7705286Z [36;1m    echo "{\"event\": \"push\", \"ref\": \"refs/heads/H38-documentacion-basica-del-proyecto\", \"sha\": \"d8695b7d5e0c5ab856bc3c403e792e63f7a72be4\"}" >> core/results/event_data13501644167.json # Ejemplo: {"event": "push", "ref": "refs/heads/main", "sha": "abc123"}[0m
job-core	Crear JSON	2025-02-24T15:28:41.7710277Z [36;1m    echo "Variable github.action=crear_json" >> core/results/event_data13501644167.json[0m
job-core	Crear JSON	2025-02-24T15:28:41.7712096Z [36;1m    echo "Variable github.event.action="[0m
job-core	Crear JSON	2025-02-24T15:28:41.7714080Z [36;1m    echo "Variable github.event.pusher.name=santakloud" >> core/results/event_data13501644167.json[0m
job-core	Crear JSON	2025-02-24T15:28:41.7717717Z [36;1m    echo "variable github.event.pusher.email=73332898+santakloud@users.noreply.github.com" >> core/results/event_data13501644167.json[0m
job-core	Crear JSON	2025-02-24T15:28:41.7721050Z [36;1m    echo "Variable github.event.issue.number=" >> core/results/event_data13501644167.json[0m
job-core	Crear JSON	2025-02-24T15:28:41.7724071Z [36;1m    #Crear un fichero de resumen con todos los datos de los commits asociados, esta información es usada en todo el ciclo de vida del workflow[0m
job-core	Crear JSON	2025-02-24T15:28:41.7728911Z [36;1m    git log c821c20be779bc48a736ec7a4c0f83fd07bc552c..d8695b7d5e0c5ab856bc3c403e792e63f7a72be4 --pretty=format:'%H%n%an%n%ae%n%ad%n%s' > core/results/commit-summary-$KAOS_CODE_FILES.txt[0m
job-core	Crear JSON	2025-02-24T15:28:41.7732621Z [36;1m    # Crear un fichero con la ruta completa y el nombre ficheros implicados en el commit[0m
job-core	Crear JSON	2025-02-24T15:28:41.7736031Z [36;1m    git diff --name-only c821c20be779bc48a736ec7a4c0f83fd07bc552c d8695b7d5e0c5ab856bc3c403e792e63f7a72be4 > core/results/files-in-commit-$KAOS_CODE_FILES.txt[0m
job-core	Crear JSON	2025-02-24T15:28:41.7739924Z [36;1m    INVOLVED=core/results/files-in-commit-$KAOS_CODE_FILES.txt[0m
job-core	Crear JSON	2025-02-24T15:28:41.7741548Z [36;1m    #echo "INVOLVED=$INVOLVED" >> $GITHUB_OUTPUT[0m
job-core	Crear JSON	2025-02-24T15:28:41.7743188Z [36;1m    echo "INVOLVED=$INVOLVED" >> core/results/event_data13501644167.json[0m
job-core	Crear JSON	2025-02-24T15:28:41.7744666Z [36;1m    ;;[0m
job-core	Crear JSON	2025-02-24T15:28:41.7745503Z [36;1m  "pull_request")[0m
job-core	Crear JSON	2025-02-24T15:28:41.7747991Z [36;1m    echo "{\"event\": \"pull_request\", \"action\": \"\", \"number\": \"\"}" > event_data.json # Ejemplo: {"event": "pull_request", "action": "opened", "number": "42"}[0m
job-core	Crear JSON	2025-02-24T15:28:41.7750211Z [36;1m    ;;[0m
job-core	Crear JSON	2025-02-24T15:28:41.7751042Z [36;1m  "issues")[0m
job-core	Crear JSON	2025-02-24T15:28:41.7752899Z [36;1m    echo "{\"event\": \"issues\", \"action\": \"\", \"issue\": \"\"}" > event_data.json # Ejemplo: {"event": "issues", "action": "opened", "issue": "99"}[0m
job-core	Crear JSON	2025-02-24T15:28:41.7754929Z [36;1m    ;;[0m
job-core	Crear JSON	2025-02-24T15:28:41.7755775Z [36;1m  "issue_comment")[0m
job-core	Crear JSON	2025-02-24T15:28:41.7758354Z [36;1m    echo "{\"event\": \"issue_comment\", \"action\": \"\", \"comment\": \"\"}" > event_data.json # Ejemplo: {"event": "issue_comment", "action": "created", "comment": "123456"}[0m
job-core	Crear JSON	2025-02-24T15:28:41.7760671Z [36;1m    ;;[0m
job-core	Crear JSON	2025-02-24T15:28:41.7761498Z [36;1m  "create")[0m
job-core	Crear JSON	2025-02-24T15:28:41.7764929Z [36;1m    echo "{\"event\": \"create\", \"ref\": \"refs/heads/H38-documentacion-basica-del-proyecto\", \"ref_type\": \"refs/heads/H38-documentacion-basica-del-proyecto\"}" > event_data.json # Ejemplo: {"event": "create", "ref": "refs/tags/v1.0", "ref_type": "tag"}[0m
job-core	Crear JSON	2025-02-24T15:28:41.7768979Z [36;1m    ;;[0m
job-core	Crear JSON	2025-02-24T15:28:41.7769789Z [36;1m  "delete")[0m
job-core	Crear JSON	2025-02-24T15:28:41.7773345Z [36;1m    echo "{\"event\": \"delete\", \"ref\": \"refs/heads/H38-documentacion-basica-del-proyecto\", \"ref_type\": \"refs/heads/H38-documentacion-basica-del-proyecto\"}" > event_data.json # Ejemplo: {"event": "delete", "ref": "refs/heads/feature-branch", "ref_type": "branch"}[0m
job-core	Crear JSON	2025-02-24T15:28:41.7777618Z [36;1m    ;;[0m
job-core	Crear JSON	2025-02-24T15:28:41.7778450Z [36;1m  "release")[0m
job-core	Crear JSON	2025-02-24T15:28:41.7780678Z [36;1m    echo "{\"event\": \"release\", \"action\": \"\", \"release\": \"\"}" > event_data.json # Ejemplo: {"event": "release", "action": "published", "release": "v1.0"}[0m
job-core	Crear JSON	2025-02-24T15:28:41.7782817Z [36;1m    ;;[0m
job-core	Crear JSON	2025-02-24T15:28:41.7783637Z [36;1m  "watch")[0m
job-core	Crear JSON	2025-02-24T15:28:41.7785240Z [36;1m    echo "{\"event\": \"watch\", \"action\": \"\"}" > event_data.json # Ejemplo: {"event": "watch", "action": "started"}[0m
job-core	Crear JSON	2025-02-24T15:28:41.7787402Z [36;1m    ;;[0m
job-core	Crear JSON	2025-02-24T15:28:41.7788372Z [36;1m  "repository_dispatch")[0m
job-core	Crear JSON	2025-02-24T15:28:41.7790539Z [36;1m    echo "{\"event\": \"repository_dispatch\", \"action\": \"\"}" > event_data.json # Ejemplo: {"event": "repository_dispatch", "action": "custom-event"}[0m
job-core	Crear JSON	2025-02-24T15:28:41.7792742Z [36;1m    ;;[0m
job-core	Crear JSON	2025-02-24T15:28:41.7793605Z [36;1m  "workflow_dispatch")[0m
job-core	Crear JSON	2025-02-24T15:28:41.7795327Z [36;1m    echo "{\"event\": \"workflow_dispatch\"}" > event_data.json # Ejemplo: {"event": "workflow_dispatch"}[0m
job-core	Crear JSON	2025-02-24T15:28:41.7797421Z [36;1m    ;;[0m
job-core	Crear JSON	2025-02-24T15:28:41.7798233Z [36;1m  *)[0m
job-core	Crear JSON	2025-02-24T15:28:41.7799482Z [36;1m    echo "{\"event\": \"unknown\"}" > event_data.json # Ejemplo: {"event": "unknown"}[0m
job-core	Crear JSON	2025-02-24T15:28:41.7800977Z [36;1m    ;;[0m
job-core	Crear JSON	2025-02-24T15:28:41.7801789Z [36;1mesac      [0m
job-core	Crear JSON	2025-02-24T15:28:41.7809524Z shell: /usr/bin/bash -e {0}
job-core	Crear JSON	2025-02-24T15:28:41.7810470Z env:
job-core	Crear JSON	2025-02-24T15:28:41.7811207Z   KAOS_CODE: 13501644167
job-core	Crear JSON	2025-02-24T15:28:41.7812106Z   KAOS_EVENT_NAME: push
job-core	Crear JSON	2025-02-24T15:28:41.7812979Z   KAOS_ACTION: 
job-core	Crear JSON	2025-02-24T15:28:41.7814051Z   KAOS_REF: refs/heads/H38-documentacion-basica-del-proyecto
job-core	Crear JSON	2025-02-24T15:28:41.7815368Z   KAOS_MODULE: [Ka0S] kaos
job-core	Crear JSON	2025-02-24T15:28:41.7816322Z   KAOS_PATH_RESUME: core/results/
job-core	Crear JSON	2025-02-24T15:28:41.7817715Z   KAOS_JSON: core/results/event_data
job-core	Crear JSON	2025-02-24T15:28:41.7818756Z   GITHUB_OUTPUT: 
job-core	Crear JSON	2025-02-24T15:28:41.7819560Z ##[endgroup]
job-core	Crear JSON	2025-02-24T15:28:41.7952342Z Variable github.event.action=
job-core	Set environment variable for ref	2025-02-24T15:28:41.8065402Z ##[group]Run echo "GITHUB_REF=refs/heads/H38-documentacion-basica-del-proyecto" >> $GITHUB_ENV
job-core	Set environment variable for ref	2025-02-24T15:28:41.8068417Z [36;1mecho "GITHUB_REF=refs/heads/H38-documentacion-basica-del-proyecto" >> $GITHUB_ENV[0m
job-core	Set environment variable for ref	2025-02-24T15:28:41.8077256Z shell: /usr/bin/bash -e {0}
job-core	Set environment variable for ref	2025-02-24T15:28:41.8078433Z env:
job-core	Set environment variable for ref	2025-02-24T15:28:41.8079286Z   KAOS_CODE: 13501644167
job-core	Set environment variable for ref	2025-02-24T15:28:41.8080189Z   KAOS_EVENT_NAME: push
job-core	Set environment variable for ref	2025-02-24T15:28:41.8081058Z   KAOS_ACTION: 
job-core	Set environment variable for ref	2025-02-24T15:28:41.8082120Z   KAOS_REF: refs/heads/H38-documentacion-basica-del-proyecto
job-core	Set environment variable for ref	2025-02-24T15:28:41.8084156Z   KAOS_MODULE: [Ka0S] kaos
job-core	Set environment variable for ref	2025-02-24T15:28:41.8085308Z   KAOS_PATH_RESUME: core/results/
job-core	Set environment variable for ref	2025-02-24T15:28:41.8086521Z   KAOS_JSON: core/results/event_data
job-core	Set environment variable for ref	2025-02-24T15:28:41.8087929Z   GITHUB_OUTPUT: 
job-core	Set environment variable for ref	2025-02-24T15:28:41.8088789Z ##[endgroup]
job-core	Upload Files	2025-02-24T15:28:41.8198028Z ##[group]Run echo "Uploading files to the repository..."
job-core	Upload Files	2025-02-24T15:28:41.8199540Z [36;1mecho "Uploading files to the repository..."[0m
job-core	Upload Files	2025-02-24T15:28:41.8200994Z [36;1mgit config --global user.name "***"[0m
job-core	Upload Files	2025-02-24T15:28:41.8202286Z [36;1mgit config --global user.email "***"[0m
job-core	Upload Files	2025-02-24T15:28:41.8203392Z [36;1mgit pull[0m
job-core	Upload Files	2025-02-24T15:28:41.8204299Z [36;1mgit add core/results/event_data*[0m
job-core	Upload Files	2025-02-24T15:28:41.8205836Z [36;1mgit commit -m "[Ka0S] Uploading resume execution files to the repository..."[0m
job-core	Upload Files	2025-02-24T15:28:41.8208274Z [36;1mgit push origin refs/heads/H38-documentacion-basica-del-proyecto[0m
job-core	Upload Files	2025-02-24T15:28:41.8209779Z [36;1mgit push origin $GITHUB_REF[0m
job-core	Upload Files	2025-02-24T15:28:41.8229754Z shell: /usr/bin/bash -e {0}
job-core	Upload Files	2025-02-24T15:28:41.8230739Z env:
job-core	Upload Files	2025-02-24T15:28:41.8231505Z   KAOS_CODE: 13501644167
job-core	Upload Files	2025-02-24T15:28:41.8232426Z   KAOS_EVENT_NAME: push
job-core	Upload Files	2025-02-24T15:28:41.8233305Z   KAOS_ACTION: 
job-core	Upload Files	2025-02-24T15:28:41.8234378Z   KAOS_REF: refs/heads/H38-documentacion-basica-del-proyecto
job-core	Upload Files	2025-02-24T15:28:41.8235759Z   KAOS_MODULE: [Ka0S] kaos
job-core	Upload Files	2025-02-24T15:28:41.8236780Z   KAOS_PATH_RESUME: core/results/
job-core	Upload Files	2025-02-24T15:28:41.8238055Z   KAOS_JSON: core/results/event_data
job-core	Upload Files	2025-02-24T15:28:41.8239091Z   GITHUB_OUTPUT: 
job-core	Upload Files	2025-02-24T15:28:41.8240219Z   GITHUB_REF: refs/heads/H38-documentacion-basica-del-proyecto
job-core	Upload Files	2025-02-24T15:28:41.8241523Z ##[endgroup]
job-core	Upload Files	2025-02-24T15:28:41.8283029Z Uploading files to the repository...
job-core	Upload Files	2025-02-24T15:28:42.2353232Z Already up to date.
job-core	Upload Files	2025-02-24T15:28:42.2509352Z [H38-documentacion-basica-del-proyecto 0b5108c] [Ka0S] Uploading resume execution files to the repository...
job-core	Upload Files	2025-02-24T15:28:42.2511905Z  1 file changed, 7 insertions(+)
job-core	Upload Files	2025-02-24T15:28:42.2513288Z  create mode 100644 core/results/event_data13501644167.json
job-core	Upload Files	2025-02-24T15:28:43.0667171Z To https://github.com/Ka0s-Klaus/ka0s
job-core	Upload Files	2025-02-24T15:28:43.0669315Z    d8695b7..0b5108c  H38-documentacion-basica-del-proyecto -> H38-documentacion-basica-del-proyecto
job-core	Upload Files	2025-02-24T15:28:43.4130327Z Everything up-to-date
job-core	Ver JSON	2025-02-24T15:28:43.4231567Z ##[group]Run cat core/results/event_data13501644167.json
job-core	Ver JSON	2025-02-24T15:28:43.4232862Z [36;1mcat core/results/event_data13501644167.json[0m
job-core	Ver JSON	2025-02-24T15:28:43.4240944Z shell: /usr/bin/bash -e {0}
job-core	Ver JSON	2025-02-24T15:28:43.4241773Z env:
job-core	Ver JSON	2025-02-24T15:28:43.4242427Z   KAOS_CODE: 13501644167
job-core	Ver JSON	2025-02-24T15:28:43.4243226Z   KAOS_EVENT_NAME: push
job-core	Ver JSON	2025-02-24T15:28:43.4243997Z   KAOS_ACTION: 
job-core	Ver JSON	2025-02-24T15:28:43.4244940Z   KAOS_REF: refs/heads/H38-documentacion-basica-del-proyecto
job-core	Ver JSON	2025-02-24T15:28:43.4246095Z   KAOS_MODULE: [Ka0S] kaos
job-core	Ver JSON	2025-02-24T15:28:43.4247311Z   KAOS_PATH_RESUME: core/results/
job-core	Ver JSON	2025-02-24T15:28:43.4248355Z   KAOS_JSON: core/results/event_data
job-core	Ver JSON	2025-02-24T15:28:43.4249276Z   GITHUB_OUTPUT: 
job-core	Ver JSON	2025-02-24T15:28:43.4250246Z   GITHUB_REF: refs/heads/H38-documentacion-basica-del-proyecto
job-core	Ver JSON	2025-02-24T15:28:43.4251394Z ##[endgroup]
job-core	Ver JSON	2025-02-24T15:28:43.4300993Z {}
job-core	Ver JSON	2025-02-24T15:28:43.4303420Z {"event": "push", "ref": "refs/heads/H38-documentacion-basica-del-proyecto", "sha": "d8695b7d5e0c5ab856bc3c403e792e63f7a72be4"}
job-core	Ver JSON	2025-02-24T15:28:43.4305751Z Variable github.action=crear_json
job-core	Ver JSON	2025-02-24T15:28:43.4307045Z Variable github.event.pusher.name=santakloud
job-core	Ver JSON	2025-02-24T15:28:43.4308761Z variable github.event.pusher.email=73332898+santakloud@users.noreply.github.com
job-core	Ver JSON	2025-02-24T15:28:43.4310292Z Variable github.event.issue.number=
job-core	Ver JSON	2025-02-24T15:28:43.4311373Z INVOLVED=core/results/files-in-commit-.txt
job-core	Run # Nuevo proceso de activacion de los modulos	2025-02-24T15:28:43.4386532Z ##[group]Run # Nuevo proceso de activacion de los modulos
job-core	Run # Nuevo proceso de activacion de los modulos	2025-02-24T15:28:43.4388382Z [36;1m# Nuevo proceso de activacion de los modulos[0m
job-core	Run # Nuevo proceso de activacion de los modulos	2025-02-24T15:28:43.4389536Z [36;1mwhile IFS= read -r line; do[0m
job-core	Run # Nuevo proceso de activacion de los modulos	2025-02-24T15:28:43.4390745Z [36;1m  echo "I Leemos el fichero  y extraemos el fichero $line"[0m
job-core	Run # Nuevo proceso de activacion de los modulos	2025-02-24T15:28:43.4391975Z [36;1m  module_failed=0[0m
job-core	Run # Nuevo proceso de activacion de los modulos	2025-02-24T15:28:43.4392862Z [36;1m  extension_failed=0[0m
job-core	Run # Nuevo proceso de activacion de los modulos	2025-02-24T15:28:43.4393797Z [36;1m  file_name=$(basename "$line")[0m
job-core	Run # Nuevo proceso de activacion de los modulos	2025-02-24T15:28:43.4405403Z [36;1m  echo "I-1 Calculamos el nombre del fichero $file_name"[0m
job-core	Run # Nuevo proceso de activacion de los modulos	2025-02-24T15:28:43.4406993Z [36;1m  file_extension="${file_name##*.}"[0m
job-core	Run # Nuevo proceso de activacion de los modulos	2025-02-24T15:28:43.4408463Z [36;1m  echo "I-2 Calculamos la extension del fichero $file_extension"[0m
job-core	Run # Nuevo proceso de activacion de los modulos	2025-02-24T15:28:43.4409856Z [36;1m  file_module="$file_extension""lint.yaml"[0m
job-core	Run # Nuevo proceso de activacion de los modulos	2025-02-24T15:28:43.4411075Z [36;1m  echo "I-3 Calculamos el modulo $file_module"[0m
job-core	Run # Nuevo proceso de activacion de los modulos	2025-02-24T15:28:43.4412317Z [36;1m  IFS=',' read -r -a file_array <<< "$files"[0m
job-core	Run # Nuevo proceso de activacion de los modulos	2025-02-24T15:28:43.4413497Z [36;1m  for file in "${file_array[@]}"; do[0m
job-core	Run # Nuevo proceso de activacion de los modulos	2025-02-24T15:28:43.4414578Z [36;1m    echo "II Leemos el array de $file"[0m
job-core	Run # Nuevo proceso de activacion de los modulos	2025-02-24T15:28:43.4415721Z [36;1m    if [[ "$file_extension" == "$file" ]]; then[0m
job-core	Run # Nuevo proceso de activacion de los modulos	2025-02-24T15:28:43.4417413Z [36;1m      echo "III Comprobamos si $file_extension es igual a $file"[0m
job-core	Run # Nuevo proceso de activacion de los modulos	2025-02-24T15:28:43.4418798Z [36;1m      IFS=',' read -r -a module_array <<< "$modules"[0m
job-core	Run # Nuevo proceso de activacion de los modulos	2025-02-24T15:28:43.4419991Z [36;1m      for module in "${module_array[@]}"; do[0m
job-core	Run # Nuevo proceso de activacion de los modulos	2025-02-24T15:28:43.4421123Z [36;1m        echo "IV Leemos el array $module"[0m
job-core	Run # Nuevo proceso de activacion de los modulos	2025-02-24T15:28:43.4422260Z [36;1m        if [[ "$file_module" == *"$module"* ]]; then[0m
job-core	Run # Nuevo proceso de activacion de los modulos	2025-02-24T15:28:43.4424069Z [36;1m          echo "V Comprobamos que el $file_module es igual a $module y ejecutamos el flujo"[0m
job-core	Run # Nuevo proceso de activacion de los modulos	2025-02-24T15:28:43.4425713Z [36;1m          # Si hemos llegado hasta aquí ejecutamos el módulo[0m
job-core	Run # Nuevo proceso de activacion de los modulos	2025-02-24T15:28:43.4427428Z [36;1m          # Añadimos los valores a las variables de la issue[0m
job-core	Run # Nuevo proceso de activacion de los modulos	2025-02-24T15:28:43.4429312Z [36;1m          KAOS_ISSUE_BODY="[Ka0S] kaos has been initiated and Launch workflow $file_module to check file $line"[0m
job-core	Run # Nuevo proceso de activacion de los modulos	2025-02-24T15:28:43.4431079Z [36;1m          # Añadimos el comentario a la issue[0m
job-core	Run # Nuevo proceso de activacion de los modulos	2025-02-24T15:28:43.4433651Z [36;1m          #gh workflow run issue.yaml --ref refs/heads/H38-documentacion-basica-del-proyecto -f kaos-issue-body="$KAOS_ISSUE_BODY" -f kaos-issue-id= -f kaos-issue-actions=comment[0m
job-core	Run # Nuevo proceso de activacion de los modulos	2025-02-24T15:28:43.4436386Z [36;1m          # Lanzamos el lint del fichero[0m
job-core	Run # Nuevo proceso de activacion de los modulos	2025-02-24T15:28:43.4439401Z [36;1m          #gh workflow run $file_module --ref refs/heads/H38-documentacion-basica-del-proyecto -f kaos-origin=13501644167 -f kaos-files=$line -f kaos-issue-id= -f kaos-user-start=[0m
job-core	Run # Nuevo proceso de activacion de los modulos	2025-02-24T15:28:43.4441959Z [36;1m          module_failed=0[0m
job-core	Run # Nuevo proceso de activacion de los modulos	2025-02-24T15:28:43.4442920Z [36;1m          extension_failed=0[0m
job-core	Run # Nuevo proceso de activacion de los modulos	2025-02-24T15:28:43.4443879Z [36;1m          break[0m
job-core	Run # Nuevo proceso de activacion de los modulos	2025-02-24T15:28:43.4444705Z [36;1m        else[0m
job-core	Run # Nuevo proceso de activacion de los modulos	2025-02-24T15:28:43.4445717Z [36;1m          # Control de si existe el modulo para esa extension"[0m
job-core	Run # Nuevo proceso de activacion de los modulos	2025-02-24T15:28:43.4447855Z [36;1m          echo "VI No es igual $file_module a $module y lo indicamos en la variable module_failed=1"[0m
job-core	Run # Nuevo proceso de activacion de los modulos	2025-02-24T15:28:43.4449379Z [36;1m          module_failed=1[0m
job-core	Run # Nuevo proceso de activacion de los modulos	2025-02-24T15:28:43.4450299Z [36;1m        fi[0m
job-core	Run # Nuevo proceso de activacion de los modulos	2025-02-24T15:28:43.4451080Z [36;1m      done[0m
job-core	Run # Nuevo proceso de activacion de los modulos	2025-02-24T15:28:43.4451857Z [36;1m      break[0m
job-core	Run # Nuevo proceso de activacion de los modulos	2025-02-24T15:28:43.4452621Z [36;1m    else[0m
job-core	Run # Nuevo proceso de activacion de los modulos	2025-02-24T15:28:43.4453586Z [36;1m      # Control de si existe el modulo para esa extension"[0m
job-core	Run # Nuevo proceso de activacion de los modulos	2025-02-24T15:28:43.4455338Z [36;1m      echo "VII No es igual $file_extension a $file y lo indicamos en la variable extension_failed=1"[0m
job-core	Run # Nuevo proceso de activacion de los modulos	2025-02-24T15:28:43.4457149Z [36;1m      extension_failed=1[0m
job-core	Run # Nuevo proceso de activacion de los modulos	2025-02-24T15:28:43.4458205Z [36;1m    fi  [0m
job-core	Run # Nuevo proceso de activacion de los modulos	2025-02-24T15:28:43.4458936Z [36;1m  done[0m
job-core	Run # Nuevo proceso de activacion de los modulos	2025-02-24T15:28:43.4459757Z [36;1m  if [[ $module_failed == 1 ]]; then[0m
job-core	Run # Nuevo proceso de activacion de los modulos	2025-02-24T15:28:43.4461177Z [36;1m    echo "IX Si el modulo falla ($module_failed) añadimos el comentario a la issue"[0m
job-core	Run # Nuevo proceso de activacion de los modulos	2025-02-24T15:28:43.4463926Z [36;1m    # Si hemos llegado hasta aquí añadimos el mensaje de que la extension esta permitida pero no dispone de modulo activo y aqui finaliza el proceso[0m
job-core	Run # Nuevo proceso de activacion de los modulos	2025-02-24T15:28:43.4466186Z [36;1m    # Añadimos los valores a las variables de la issue[0m
job-core	Run # Nuevo proceso de activacion de los modulos	2025-02-24T15:28:43.4469563Z [36;1m    KAOS_ISSUE_BODY="[Ka0S] kaos ha detectado que la extensión ($file_extension) esta permitida dentro de KAOS_CORE_FILES, pero el módulo asociado ($file_module) no esta activo. Por favor compruebe que exista y esta activo."[0m
job-core	Run # Nuevo proceso de activacion de los modulos	2025-02-24T15:28:43.4472469Z [36;1m    # Añadimos el comentario a la issue[0m
job-core	Run # Nuevo proceso de activacion de los modulos	2025-02-24T15:28:43.4475010Z [36;1m    #gh workflow run issue.yaml --ref refs/heads/H38-documentacion-basica-del-proyecto -f kaos-issue-body="$KAOS_ISSUE_BODY" -f kaos-issue-id= -f kaos-issue-actions=comment[0m
job-core	Run # Nuevo proceso de activacion de los modulos	2025-02-24T15:28:43.4477498Z [36;1m  fi[0m
job-core	Run # Nuevo proceso de activacion de los modulos	2025-02-24T15:28:43.4478313Z [36;1m  if [[ $extension_failed == 1 ]]; then[0m
job-core	Run # Nuevo proceso de activacion de los modulos	2025-02-24T15:28:43.4479884Z [36;1m    echo "X Si extension falla falla ($extension_failed) añadimos el comentario a la issue"[0m
job-core	Run # Nuevo proceso de activacion de los modulos	2025-02-24T15:28:43.4481907Z [36;1m    # Si hemos llegado hasta aquí añadimos el mensaje de que la extension no esta permitida[0m
job-core	Run # Nuevo proceso de activacion de los modulos	2025-02-24T15:28:43.4483580Z [36;1m    # Añadimos los valores a las variables de la issue[0m
job-core	Run # Nuevo proceso de activacion de los modulos	2025-02-24T15:28:43.4486046Z [36;1m    KAOS_ISSUE_BODY="[Ka0S] kaos ha detectado que la extensión ($file_extension) NO esta permitida dentro de KAOS_CORE_FILES. Por favor compruebe que exista y esta activo."[0m
job-core	Run # Nuevo proceso de activacion de los modulos	2025-02-24T15:28:43.4488470Z [36;1m    # Añadimos el comentario a la issue[0m
job-core	Run # Nuevo proceso de activacion de los modulos	2025-02-24T15:28:43.4491130Z [36;1m    #gh workflow run issue.yaml --ref refs/heads/H38-documentacion-basica-del-proyecto -f kaos-issue-body="$KAOS_ISSUE_BODY" -f kaos-issue-id= -f kaos-issue-actions=comment[0m
job-core	Run # Nuevo proceso de activacion de los modulos	2025-02-24T15:28:43.4493592Z [36;1m  fi  [0m
job-core	Run # Nuevo proceso de activacion de los modulos	2025-02-24T15:28:43.4494385Z [36;1mdone < $GITHUB_OUTPUT       [0m
job-core	Run # Nuevo proceso de activacion de los modulos	2025-02-24T15:28:43.4502089Z shell: /usr/bin/bash -e {0}
job-core	Run # Nuevo proceso de activacion de los modulos	2025-02-24T15:28:43.4502952Z env:
job-core	Run # Nuevo proceso de activacion de los modulos	2025-02-24T15:28:43.4503643Z   KAOS_CODE: 13501644167
job-core	Run # Nuevo proceso de activacion de los modulos	2025-02-24T15:28:43.4504485Z   KAOS_EVENT_NAME: push
job-core	Run # Nuevo proceso de activacion de los modulos	2025-02-24T15:28:43.4505285Z   KAOS_ACTION: 
job-core	Run # Nuevo proceso de activacion de los modulos	2025-02-24T15:28:43.4506263Z   KAOS_REF: refs/heads/H38-documentacion-basica-del-proyecto
job-core	Run # Nuevo proceso de activacion de los modulos	2025-02-24T15:28:43.4507621Z   KAOS_MODULE: [Ka0S] kaos
job-core	Run # Nuevo proceso de activacion de los modulos	2025-02-24T15:28:43.4508508Z   KAOS_PATH_RESUME: core/results/
job-core	Run # Nuevo proceso de activacion de los modulos	2025-02-24T15:28:43.4509461Z   KAOS_JSON: core/results/event_data
job-core	Run # Nuevo proceso de activacion de los modulos	2025-02-24T15:28:43.4510396Z   GITHUB_OUTPUT: 
job-core	Run # Nuevo proceso de activacion de los modulos	2025-02-24T15:28:43.4511412Z   GITHUB_REF: refs/heads/H38-documentacion-basica-del-proyecto
job-core	Run # Nuevo proceso de activacion de los modulos	2025-02-24T15:28:43.4512935Z   modules: ***
job-core	Run # Nuevo proceso de activacion de los modulos	2025-02-24T15:28:43.4513725Z   files: ***
job-core	Run # Nuevo proceso de activacion de los modulos	2025-02-24T15:28:43.4514433Z ##[endgroup]
job-core	Post Checkout code	2025-02-24T15:28:43.4715489Z Post job cleanup.
job-core	Post Checkout code	2025-02-24T15:28:43.5721879Z [command]/usr/bin/git version
job-core	Post Checkout code	2025-02-24T15:28:43.5763429Z git version 2.25.1
job-core	Post Checkout code	2025-02-24T15:28:43.5803595Z Copying '/home/kaos/.gitconfig' to '/actions-runner/_work/_temp/8f41e7ad-9f7c-457b-b577-5f20f7669e3f/.gitconfig'
job-core	Post Checkout code	2025-02-24T15:28:43.5816302Z Temporarily overriding HOME='/actions-runner/_work/_temp/8f41e7ad-9f7c-457b-b577-5f20f7669e3f' before making global git config changes
job-core	Post Checkout code	2025-02-24T15:28:43.5819526Z Adding repository directory to the temporary git global config as a safe directory
job-core	Post Checkout code	2025-02-24T15:28:43.5822472Z [command]/usr/bin/git config --global --add safe.directory /actions-runner/_work/ka0s/ka0s
job-core	Post Checkout code	2025-02-24T15:28:43.5886215Z [command]/usr/bin/git config --local --name-only --get-regexp core\.sshCommand
job-core	Post Checkout code	2025-02-24T15:28:43.5921319Z [command]/usr/bin/git submodule foreach --recursive sh -c "git config --local --name-only --get-regexp 'core\.sshCommand' && git config --local --unset-all 'core.sshCommand' || :"
job-core	Post Checkout code	2025-02-24T15:28:43.6235075Z [command]/usr/bin/git config --local --name-only --get-regexp http\.https\:\/\/github\.com\/\.extraheader
job-core	Post Checkout code	2025-02-24T15:28:43.6260879Z http.https://github.com/.extraheader
job-core	Post Checkout code	2025-02-24T15:28:43.6273452Z [command]/usr/bin/git config --local --unset-all http.https://github.com/.extraheader
job-core	Post Checkout code	2025-02-24T15:28:43.6311852Z [command]/usr/bin/git submodule foreach --recursive sh -c "git config --local --name-only --get-regexp 'http\.https\:\/\/github\.com\/\.extraheader' && git config --local --unset-all 'http.https://github.com/.extraheader' || :"
job-core	Complete job	2025-02-24T15:28:43.6747764Z Cleaning up orphan processes
handle-success	Set up job	2025-02-24T15:28:56.1866417Z Current runner version: '2.322.0'
handle-success	Set up job	2025-02-24T15:28:56.1873890Z Runner name: 'ka0s-1'
handle-success	Set up job	2025-02-24T15:28:56.1874657Z Runner group name: 'ka0s'
handle-success	Set up job	2025-02-24T15:28:56.1875506Z Machine name: '5613a8be5fd6'
handle-success	Set up job	2025-02-24T15:28:56.1878811Z ##[group]GITHUB_TOKEN Permissions
handle-success	Set up job	2025-02-24T15:28:56.1881044Z Contents: read
handle-success	Set up job	2025-02-24T15:28:56.1881581Z Metadata: read
handle-success	Set up job	2025-02-24T15:28:56.1882065Z Packages: read
handle-success	Set up job	2025-02-24T15:28:56.1882542Z ##[endgroup]
handle-success	Set up job	2025-02-24T15:28:56.1884492Z Secret source: Actions
handle-success	Set up job	2025-02-24T15:28:56.1885168Z Prepare workflow directory
handle-success	Set up job	2025-02-24T15:28:56.2431310Z Prepare all required actions
handle-success	Set up job	2025-02-24T15:28:56.2484827Z Complete job name: handle-success
handle-success	handle-success-execution	2025-02-24T15:28:56.2997437Z ##[group]Run # Si todo ha ido correcto añadimos el contenido del fichero 
handle-success	handle-success-execution	2025-02-24T15:28:56.2998664Z [36;1m# Si todo ha ido correcto añadimos el contenido del fichero [0m
handle-success	handle-success-execution	2025-02-24T15:28:56.2999458Z [36;1mecho "Todo ha ido bien"[0m
handle-success	handle-success-execution	2025-02-24T15:28:56.3017805Z shell: /usr/bin/bash -e {0}
handle-success	handle-success-execution	2025-02-24T15:28:56.3018671Z env:
handle-success	handle-success-execution	2025-02-24T15:28:56.3019199Z   KAOS_CODE: 13501644167
handle-success	handle-success-execution	2025-02-24T15:28:56.3019731Z   KAOS_EVENT_NAME: push
handle-success	handle-success-execution	2025-02-24T15:28:56.3020230Z   KAOS_ACTION: 
handle-success	handle-success-execution	2025-02-24T15:28:56.3020844Z   KAOS_REF: refs/heads/H38-documentacion-basica-del-proyecto
handle-success	handle-success-execution	2025-02-24T15:28:56.3021578Z   KAOS_MODULE: [Ka0S] kaos
handle-success	handle-success-execution	2025-02-24T15:28:56.3022122Z   KAOS_PATH_RESUME: core/results/
handle-success	handle-success-execution	2025-02-24T15:28:56.3022710Z   KAOS_JSON: core/results/event_data
handle-success	handle-success-execution	2025-02-24T15:28:56.3023288Z ##[endgroup]
handle-success	handle-success-execution	2025-02-24T15:28:56.3181090Z Todo ha ido bien
handle-success	Complete job	2025-02-24T15:28:56.3332575Z Cleaning up orphan processes
end-workflow	Set up job	2025-02-24T15:29:08.1051984Z Current runner version: '2.322.0'
end-workflow	Set up job	2025-02-24T15:29:08.1059933Z Runner name: 'ka0s-1'
end-workflow	Set up job	2025-02-24T15:29:08.1060755Z Runner group name: 'ka0s'
end-workflow	Set up job	2025-02-24T15:29:08.1061622Z Machine name: '5613a8be5fd6'
end-workflow	Set up job	2025-02-24T15:29:08.1064300Z ##[group]GITHUB_TOKEN Permissions
end-workflow	Set up job	2025-02-24T15:29:08.1066793Z Contents: read
end-workflow	Set up job	2025-02-24T15:29:08.1067534Z Metadata: read
end-workflow	Set up job	2025-02-24T15:29:08.1068174Z Packages: read
end-workflow	Set up job	2025-02-24T15:29:08.1068678Z ##[endgroup]
end-workflow	Set up job	2025-02-24T15:29:08.1070945Z Secret source: Actions
end-workflow	Set up job	2025-02-24T15:29:08.1071828Z Prepare workflow directory
end-workflow	Set up job	2025-02-24T15:29:08.1648022Z Prepare all required actions
end-workflow	Set up job	2025-02-24T15:29:08.1689257Z Getting action download info
end-workflow	Set up job	2025-02-24T15:29:08.4016056Z Download action repository 'actions/checkout@v4' (SHA:11bd71901bbe5b1630ceea73d27597364c9af683)
end-workflow	Set up job	2025-02-24T15:29:09.2316622Z Complete job name: end-workflow
end-workflow	Checkout code	2025-02-24T15:29:09.2816630Z ##[group]Run actions/checkout@v4
end-workflow	Checkout code	2025-02-24T15:29:09.2818106Z with:
end-workflow	Checkout code	2025-02-24T15:29:09.2818517Z   fetch-depth: 0
end-workflow	Checkout code	2025-02-24T15:29:09.2819178Z   token: ***
end-workflow	Checkout code	2025-02-24T15:29:09.2819655Z   repository: Ka0s-Klaus/ka0s
end-workflow	Checkout code	2025-02-24T15:29:09.2820139Z   ssh-strict: true
end-workflow	Checkout code	2025-02-24T15:29:09.2820549Z   ssh-user: git
end-workflow	Checkout code	2025-02-24T15:29:09.2820974Z   persist-credentials: true
end-workflow	Checkout code	2025-02-24T15:29:09.2821457Z   clean: true
end-workflow	Checkout code	2025-02-24T15:29:09.2821881Z   sparse-checkout-cone-mode: true
end-workflow	Checkout code	2025-02-24T15:29:09.2822382Z   fetch-tags: false
end-workflow	Checkout code	2025-02-24T15:29:09.2822810Z   show-progress: true
end-workflow	Checkout code	2025-02-24T15:29:09.2823235Z   lfs: false
end-workflow	Checkout code	2025-02-24T15:29:09.2823633Z   submodules: false
end-workflow	Checkout code	2025-02-24T15:29:09.2824062Z   set-safe-directory: true
end-workflow	Checkout code	2025-02-24T15:29:09.2824751Z env:
end-workflow	Checkout code	2025-02-24T15:29:09.2825142Z   KAOS_CODE: 13501644167
end-workflow	Checkout code	2025-02-24T15:29:09.2825595Z   KAOS_EVENT_NAME: push
end-workflow	Checkout code	2025-02-24T15:29:09.2826020Z   KAOS_ACTION: 
end-workflow	Checkout code	2025-02-24T15:29:09.2826547Z   KAOS_REF: refs/heads/H38-documentacion-basica-del-proyecto
end-workflow	Checkout code	2025-02-24T15:29:09.2827876Z   KAOS_MODULE: [Ka0S] kaos
end-workflow	Checkout code	2025-02-24T15:29:09.2828523Z   KAOS_PATH_RESUME: core/results/
end-workflow	Checkout code	2025-02-24T15:29:09.2829039Z   KAOS_JSON: core/results/event_data
end-workflow	Checkout code	2025-02-24T15:29:09.2829702Z   GH_TOKEN: ***
end-workflow	Checkout code	2025-02-24T15:29:09.2830108Z ##[endgroup]
end-workflow	Checkout code	2025-02-24T15:29:09.4010988Z Syncing repository: Ka0s-Klaus/ka0s
end-workflow	Checkout code	2025-02-24T15:29:09.4012999Z ##[group]Getting Git version info
end-workflow	Checkout code	2025-02-24T15:29:09.4013748Z Working directory is '/actions-runner/_work/ka0s/ka0s'
end-workflow	Checkout code	2025-02-24T15:29:09.4014810Z [command]/usr/bin/git version
end-workflow	Checkout code	2025-02-24T15:29:09.4015422Z git version 2.25.1
end-workflow	Checkout code	2025-02-24T15:29:09.4035792Z ##[endgroup]
end-workflow	Checkout code	2025-02-24T15:29:09.4047406Z Copying '/home/kaos/.gitconfig' to '/actions-runner/_work/_temp/22e65696-a77f-4d73-bb56-730bc39d8b03/.gitconfig'
end-workflow	Checkout code	2025-02-24T15:29:09.4062402Z Temporarily overriding HOME='/actions-runner/_work/_temp/22e65696-a77f-4d73-bb56-730bc39d8b03' before making global git config changes
end-workflow	Checkout code	2025-02-24T15:29:09.4065647Z Adding repository directory to the temporary git global config as a safe directory
end-workflow	Checkout code	2025-02-24T15:29:09.4066962Z [command]/usr/bin/git config --global --add safe.directory /actions-runner/_work/ka0s/ka0s
end-workflow	Checkout code	2025-02-24T15:29:09.4118043Z [command]/usr/bin/git config --local --get remote.origin.url
end-workflow	Checkout code	2025-02-24T15:29:09.4143729Z https://github.com/Ka0s-Klaus/ka0s
end-workflow	Checkout code	2025-02-24T15:29:09.4164562Z ##[group]Removing previously created refs, to avoid conflicts
end-workflow	Checkout code	2025-02-24T15:29:09.4169191Z [command]/usr/bin/git rev-parse --symbolic-full-name --verify --quiet HEAD
end-workflow	Checkout code	2025-02-24T15:29:09.4194821Z refs/heads/H38-documentacion-basica-del-proyecto
end-workflow	Checkout code	2025-02-24T15:29:09.4207214Z [command]/usr/bin/git checkout --detach
end-workflow	Checkout code	2025-02-24T15:29:09.4278141Z HEAD is now at 0b5108c [Ka0S] Uploading resume execution files to the repository...
end-workflow	Checkout code	2025-02-24T15:29:09.4376243Z [command]/usr/bin/git branch --delete --force H38-documentacion-basica-del-proyecto
end-workflow	Checkout code	2025-02-24T15:29:09.4390079Z Deleted branch H38-documentacion-basica-del-proyecto (was 0b5108c).
end-workflow	Checkout code	2025-02-24T15:29:09.4485995Z ##[endgroup]
end-workflow	Checkout code	2025-02-24T15:29:09.4489351Z [command]/usr/bin/git submodule status
end-workflow	Checkout code	2025-02-24T15:29:09.4795138Z ##[group]Cleaning the repository
end-workflow	Checkout code	2025-02-24T15:29:09.4799710Z [command]/usr/bin/git clean -ffdx
end-workflow	Checkout code	2025-02-24T15:29:09.4834869Z Removing core/results/commit-summary-.txt
end-workflow	Checkout code	2025-02-24T15:29:09.4838099Z Removing core/results/files-in-commit-.txt
end-workflow	Checkout code	2025-02-24T15:29:09.4845899Z [command]/usr/bin/git reset --hard HEAD
end-workflow	Checkout code	2025-02-24T15:29:09.4921830Z HEAD is now at 0b5108c [Ka0S] Uploading resume execution files to the repository...
end-workflow	Checkout code	2025-02-24T15:29:09.4932092Z ##[endgroup]
end-workflow	Checkout code	2025-02-24T15:29:09.4932987Z ##[group]Disabling automatic garbage collection
end-workflow	Checkout code	2025-02-24T15:29:09.4935331Z [command]/usr/bin/git config --local gc.auto 0
end-workflow	Checkout code	2025-02-24T15:29:09.4971480Z ##[endgroup]
end-workflow	Checkout code	2025-02-24T15:29:09.4972366Z ##[group]Setting up auth
end-workflow	Checkout code	2025-02-24T15:29:09.4987034Z [command]/usr/bin/git config --local --name-only --get-regexp core\.sshCommand
end-workflow	Checkout code	2025-02-24T15:29:09.5026990Z [command]/usr/bin/git submodule foreach --recursive sh -c "git config --local --name-only --get-regexp 'core\.sshCommand' && git config --local --unset-all 'core.sshCommand' || :"
end-workflow	Checkout code	2025-02-24T15:29:09.5358907Z [command]/usr/bin/git config --local --name-only --get-regexp http\.https\:\/\/github\.com\/\.extraheader
end-workflow	Checkout code	2025-02-24T15:29:09.5396560Z [command]/usr/bin/git submodule foreach --recursive sh -c "git config --local --name-only --get-regexp 'http\.https\:\/\/github\.com\/\.extraheader' && git config --local --unset-all 'http.https://github.com/.extraheader' || :"
end-workflow	Checkout code	2025-02-24T15:29:09.5748908Z [command]/usr/bin/git config --local http.https://github.com/.extraheader AUTHORIZATION: basic ***
end-workflow	Checkout code	2025-02-24T15:29:09.5799550Z ##[endgroup]
end-workflow	Checkout code	2025-02-24T15:29:09.5800526Z ##[group]Fetching the repository
end-workflow	Checkout code	2025-02-24T15:29:09.5808955Z [command]/usr/bin/git -c protocol.version=2 fetch --prune --no-recurse-submodules origin +refs/heads/*:refs/remotes/origin/* +refs/tags/*:refs/tags/*
end-workflow	Checkout code	2025-02-24T15:29:10.1068673Z [command]/usr/bin/git branch --list --remote origin/H38-documentacion-basica-del-proyecto
end-workflow	Checkout code	2025-02-24T15:29:10.1137039Z   origin/H38-documentacion-basica-del-proyecto
end-workflow	Checkout code	2025-02-24T15:29:10.1146585Z [command]/usr/bin/git rev-parse refs/remotes/origin/H38-documentacion-basica-del-proyecto
end-workflow	Checkout code	2025-02-24T15:29:10.1173916Z 0b5108cbea4447ecb45369a84e550aebf0d07da2
end-workflow	Checkout code	2025-02-24T15:29:10.1186199Z [command]/usr/bin/git -c protocol.version=2 fetch --no-tags --prune --no-recurse-submodules origin +d8695b7d5e0c5ab856bc3c403e792e63f7a72be4:refs/remotes/origin/H38-documentacion-basica-del-proyecto
end-workflow	Checkout code	2025-02-24T15:29:10.1586141Z From https://github.com/Ka0s-Klaus/ka0s
end-workflow	Checkout code	2025-02-24T15:29:10.1587873Z  + 0b5108c...d8695b7 d8695b7d5e0c5ab856bc3c403e792e63f7a72be4 -> origin/H38-documentacion-basica-del-proyecto  (forced update)
end-workflow	Checkout code	2025-02-24T15:29:10.1610909Z ##[endgroup]
end-workflow	Checkout code	2025-02-24T15:29:10.1611835Z ##[group]Determining the checkout info
end-workflow	Checkout code	2025-02-24T15:29:10.1612856Z ##[endgroup]
end-workflow	Checkout code	2025-02-24T15:29:10.1613793Z ##[group]Checking out the ref
end-workflow	Checkout code	2025-02-24T15:29:10.1617491Z [command]/usr/bin/git checkout --progress --force -B H38-documentacion-basica-del-proyecto refs/remotes/origin/H38-documentacion-basica-del-proyecto
end-workflow	Checkout code	2025-02-24T15:29:10.1800617Z Warning: you are leaving 1 commit behind, not connected to
end-workflow	Checkout code	2025-02-24T15:29:10.1802063Z any of your branches:
end-workflow	Checkout code	2025-02-24T15:29:10.1802539Z 
end-workflow	Checkout code	2025-02-24T15:29:10.1802985Z   0b5108c [Ka0S] Uploading resume execution files to the repository...
end-workflow	Checkout code	2025-02-24T15:29:10.1804017Z 
end-workflow	Checkout code	2025-02-24T15:29:10.1804472Z If you want to keep it by creating a new branch, this may be a good time
end-workflow	Checkout code	2025-02-24T15:29:10.1805676Z to do so with:
end-workflow	Checkout code	2025-02-24T15:29:10.1806023Z 
end-workflow	Checkout code	2025-02-24T15:29:10.1806315Z  git branch <new-branch-name> 0b5108c
end-workflow	Checkout code	2025-02-24T15:29:10.1806853Z 
end-workflow	Checkout code	2025-02-24T15:29:10.1810541Z Switched to a new branch 'H38-documentacion-basica-del-proyecto'
end-workflow	Checkout code	2025-02-24T15:29:10.1817941Z Branch 'H38-documentacion-basica-del-proyecto' set up to track remote branch 'H38-documentacion-basica-del-proyecto' from 'origin'.
end-workflow	Checkout code	2025-02-24T15:29:10.1820687Z ##[endgroup]
end-workflow	Checkout code	2025-02-24T15:29:10.1862736Z [command]/usr/bin/git log -1 --format=%H
end-workflow	Checkout code	2025-02-24T15:29:10.1892585Z d8695b7d5e0c5ab856bc3c403e792e63f7a72be4
end-workflow	Finaliza el workflow	2025-02-24T15:29:10.2135565Z ##[group]Run echo "End process"
end-workflow	Finaliza el workflow	2025-02-24T15:29:10.2137129Z [36;1mecho "End process"[0m
end-workflow	Finaliza el workflow	2025-02-24T15:29:10.2138640Z [36;1mgh workflow run inspector.yml --ref 'main' -f kaos-issue-id="" -f kaos-workflow-id="13501644167" -f kaos-user-start=""[0m
end-workflow	Finaliza el workflow	2025-02-24T15:29:10.2153994Z shell: /usr/bin/bash -e {0}
end-workflow	Finaliza el workflow	2025-02-24T15:29:10.2154707Z env:
end-workflow	Finaliza el workflow	2025-02-24T15:29:10.2155217Z   KAOS_CODE: 13501644167
end-workflow	Finaliza el workflow	2025-02-24T15:29:10.2155773Z   KAOS_EVENT_NAME: push
end-workflow	Finaliza el workflow	2025-02-24T15:29:10.2156302Z   KAOS_ACTION: 
end-workflow	Finaliza el workflow	2025-02-24T15:29:10.2157366Z   KAOS_REF: refs/heads/H38-documentacion-basica-del-proyecto
end-workflow	Finaliza el workflow	2025-02-24T15:29:10.2158146Z   KAOS_MODULE: [Ka0S] kaos
end-workflow	Finaliza el workflow	2025-02-24T15:29:10.2158721Z   KAOS_PATH_RESUME: core/results/
end-workflow	Finaliza el workflow	2025-02-24T15:29:10.2159352Z   KAOS_JSON: core/results/event_data
end-workflow	Finaliza el workflow	2025-02-24T15:29:10.2160393Z   GH_TOKEN: ***
end-workflow	Finaliza el workflow	2025-02-24T15:29:10.2160905Z ##[endgroup]
end-workflow	Finaliza el workflow	2025-02-24T15:29:10.2233809Z End process
end-workflow	Post Checkout code	2025-02-24T15:29:10.8775914Z Post job cleanup.
end-workflow	Post Checkout code	2025-02-24T15:29:10.9901198Z [command]/usr/bin/git version
end-workflow	Post Checkout code	2025-02-24T15:29:10.9948433Z git version 2.25.1
end-workflow	Post Checkout code	2025-02-24T15:29:10.9988313Z Copying '/home/kaos/.gitconfig' to '/actions-runner/_work/_temp/030af468-33a6-49d7-b4cf-1fc36c8ee734/.gitconfig'
end-workflow	Post Checkout code	2025-02-24T15:29:11.0007726Z Temporarily overriding HOME='/actions-runner/_work/_temp/030af468-33a6-49d7-b4cf-1fc36c8ee734' before making global git config changes
end-workflow	Post Checkout code	2025-02-24T15:29:11.0009764Z Adding repository directory to the temporary git global config as a safe directory
end-workflow	Post Checkout code	2025-02-24T15:29:11.0011913Z [command]/usr/bin/git config --global --add safe.directory /actions-runner/_work/ka0s/ka0s
end-workflow	Post Checkout code	2025-02-24T15:29:11.0050556Z [command]/usr/bin/git config --local --name-only --get-regexp core\.sshCommand
end-workflow	Post Checkout code	2025-02-24T15:29:11.0104184Z [command]/usr/bin/git submodule foreach --recursive sh -c "git config --local --name-only --get-regexp 'core\.sshCommand' && git config --local --unset-all 'core.sshCommand' || :"
end-workflow	Post Checkout code	2025-02-24T15:29:11.0441152Z [command]/usr/bin/git config --local --name-only --get-regexp http\.https\:\/\/github\.com\/\.extraheader
end-workflow	Post Checkout code	2025-02-24T15:29:11.0468308Z http.https://github.com/.extraheader
end-workflow	Post Checkout code	2025-02-24T15:29:11.0481836Z [command]/usr/bin/git config --local --unset-all http.https://github.com/.extraheader
end-workflow	Post Checkout code	2025-02-24T15:29:11.0522476Z [command]/usr/bin/git submodule foreach --recursive sh -c "git config --local --name-only --get-regexp 'http\.https\:\/\/github\.com\/\.extraheader' && git config --local --unset-all 'http.https://github.com/.extraheader' || :"
end-workflow	Complete job	2025-02-24T15:29:11.0997339Z Cleaning up orphan processes
