job-core	Set up job	Ôªø2025-04-23T10:52:06.3390287Z Current runner version: '2.323.0'
job-core	Set up job	2025-04-23T10:52:06.3400171Z Runner name: 'ka0s-6'
job-core	Set up job	2025-04-23T10:52:06.3401525Z Machine name: '419612ea1a87'
job-core	Set up job	2025-04-23T10:52:06.3408922Z ##[group]GITHUB_TOKEN Permissions
job-core	Set up job	2025-04-23T10:52:06.3416224Z Contents: read
job-core	Set up job	2025-04-23T10:52:06.3417941Z Metadata: read
job-core	Set up job	2025-04-23T10:52:06.3419736Z Packages: read
job-core	Set up job	2025-04-23T10:52:06.3421523Z ##[endgroup]
job-core	Set up job	2025-04-23T10:52:06.3425505Z Secret source: Actions
job-core	Set up job	2025-04-23T10:52:06.3427510Z Prepare workflow directory
job-core	Set up job	2025-04-23T10:52:06.4630403Z Prepare all required actions
job-core	Set up job	2025-04-23T10:52:06.4691505Z Getting action download info
job-core	Set up job	2025-04-23T10:52:08.7173556Z Download action repository 'actions/checkout@v4' (SHA:11bd71901bbe5b1630ceea73d27597364c9af683)
job-core	Set up job	2025-04-23T10:53:48.7644403Z ##[warning]Failed to download action 'https://api.github.com/repos/actions/checkout/tarball/11bd71901bbe5b1630ceea73d27597364c9af683'. Error: The request was canceled due to the configured HttpClient.Timeout of 100 seconds elapsing. 
job-core	Set up job	2025-04-23T10:53:48.7672623Z ##[warning]Back off 29.119 seconds before retry.
job-core	Set up job	2025-04-23T10:55:57.9021137Z ##[warning]Failed to download action 'https://api.github.com/repos/actions/checkout/tarball/11bd71901bbe5b1630ceea73d27597364c9af683'. Error: The request was canceled due to the configured HttpClient.Timeout of 100 seconds elapsing. 
job-core	Set up job	2025-04-23T10:55:57.9027661Z ##[warning]Back off 19.315 seconds before retry.
job-core	Set up job	2025-04-23T10:56:46.0248276Z ##[error]The SSL connection could not be established, see inner exception.
handle_failure	Set up job	Ôªø2025-04-23T11:08:17.6199781Z Current runner version: '2.323.0'
handle_failure	Set up job	2025-04-23T11:08:17.6209409Z Runner name: 'ka0s-1'
handle_failure	Set up job	2025-04-23T11:08:17.6210446Z Machine name: '419612ea1a87'
handle_failure	Set up job	2025-04-23T11:08:17.6213727Z ##[group]GITHUB_TOKEN Permissions
handle_failure	Set up job	2025-04-23T11:08:17.6216545Z Contents: read
handle_failure	Set up job	2025-04-23T11:08:17.6217133Z Metadata: read
handle_failure	Set up job	2025-04-23T11:08:17.6217669Z Packages: read
handle_failure	Set up job	2025-04-23T11:08:17.6218196Z ##[endgroup]
handle_failure	Set up job	2025-04-23T11:08:17.6220975Z Secret source: Actions
handle_failure	Set up job	2025-04-23T11:08:17.6222640Z Prepare workflow directory
handle_failure	Set up job	2025-04-23T11:08:17.7328730Z Prepare all required actions
handle_failure	Set up job	2025-04-23T11:08:17.7426661Z Getting action download info
handle_failure	Set up job	2025-04-23T11:08:19.1004918Z Download action repository 'actions/checkout@v4' (SHA:11bd71901bbe5b1630ceea73d27597364c9af683)
handle_failure	Set up job	2025-04-23T11:08:22.0238410Z Complete job name: handle_failure
handle_failure	Checkout code	Ôªø2025-04-23T11:08:22.1296291Z ##[group]Run actions/checkout@v4
handle_failure	Checkout code	2025-04-23T11:08:22.1298269Z with:
handle_failure	Checkout code	2025-04-23T11:08:22.1298939Z   fetch-depth: 0
handle_failure	Checkout code	2025-04-23T11:08:22.1300233Z   token: ***
handle_failure	Checkout code	2025-04-23T11:08:22.1300904Z   repository: Ka0s-Klaus/ka0s
handle_failure	Checkout code	2025-04-23T11:08:22.1302001Z   ssh-strict: true
handle_failure	Checkout code	2025-04-23T11:08:22.1302884Z   ssh-user: git
handle_failure	Checkout code	2025-04-23T11:08:22.1303902Z   persist-credentials: true
handle_failure	Checkout code	2025-04-23T11:08:22.1304696Z   clean: true
handle_failure	Checkout code	2025-04-23T11:08:22.1305431Z   sparse-checkout-cone-mode: true
handle_failure	Checkout code	2025-04-23T11:08:22.1306198Z   fetch-tags: false
handle_failure	Checkout code	2025-04-23T11:08:22.1306861Z   show-progress: true
handle_failure	Checkout code	2025-04-23T11:08:22.1307515Z   lfs: false
handle_failure	Checkout code	2025-04-23T11:08:22.1308541Z   submodules: false
handle_failure	Checkout code	2025-04-23T11:08:22.1309352Z   set-safe-directory: true
handle_failure	Checkout code	2025-04-23T11:08:22.1312667Z env:
handle_failure	Checkout code	2025-04-23T11:08:22.1350540Z   KAOS_CODE: 14059268573
handle_failure	Checkout code	2025-04-23T11:08:22.1351562Z   KAOS_EVENT_NAME: push
handle_failure	Checkout code	2025-04-23T11:08:22.1352410Z   KAOS_ACTION: 
handle_failure	Checkout code	2025-04-23T11:08:22.1353190Z   KAOS_REF: refs/heads/H44-creaci√≥n-m√≥dulo-versionado
handle_failure	Checkout code	2025-04-23T11:08:22.1354143Z   KAOS_MODULE: [Ka0S] kaos
handle_failure	Checkout code	2025-04-23T11:08:22.1354685Z   KAOS_PATH_RESUME: core/results/
handle_failure	Checkout code	2025-04-23T11:08:22.1355134Z   KAOS_JSON: core/results/event_data
handle_failure	Checkout code	2025-04-23T11:08:22.1355561Z   KAOS_ACTOR: Yolabn
handle_failure	Checkout code	2025-04-23T11:08:22.1355926Z ##[endgroup]
handle_failure	Checkout code	2025-04-23T11:08:22.4054773Z Syncing repository: Ka0s-Klaus/ka0s
handle_failure	Checkout code	2025-04-23T11:08:22.4058384Z ##[group]Getting Git version info
handle_failure	Checkout code	2025-04-23T11:08:22.4059543Z Working directory is '/actions-runner/_work/ka0s/ka0s'
handle_failure	Checkout code	2025-04-23T11:08:22.4061486Z [command]/usr/bin/git version
handle_failure	Checkout code	2025-04-23T11:08:22.4062865Z git version 2.48.1
handle_failure	Checkout code	2025-04-23T11:08:22.4085879Z ##[endgroup]
handle_failure	Checkout code	2025-04-23T11:08:22.4102820Z Copying '/home/kaos/.gitconfig' to '/actions-runner/_work/_temp/6655c054-dc9a-4b6b-829e-bb6a0a258d05/.gitconfig'
handle_failure	Checkout code	2025-04-23T11:08:22.4126165Z Temporarily overriding HOME='/actions-runner/_work/_temp/6655c054-dc9a-4b6b-829e-bb6a0a258d05' before making global git config changes
handle_failure	Checkout code	2025-04-23T11:08:22.4150636Z Adding repository directory to the temporary git global config as a safe directory
handle_failure	Checkout code	2025-04-23T11:08:22.4188988Z [command]/usr/bin/git config --global --add safe.directory /actions-runner/_work/ka0s/ka0s
handle_failure	Checkout code	2025-04-23T11:08:22.4257962Z [command]/usr/bin/git config --local --get remote.origin.url
handle_failure	Checkout code	2025-04-23T11:08:22.4293181Z https://github.com/Ka0s-Klaus/ka0s
handle_failure	Checkout code	2025-04-23T11:08:22.4341935Z ##[group]Removing previously created refs, to avoid conflicts
handle_failure	Checkout code	2025-04-23T11:08:22.4355569Z [command]/usr/bin/git rev-parse --symbolic-full-name --verify --quiet HEAD
handle_failure	Checkout code	2025-04-23T11:08:22.4396219Z refs/heads/main
handle_failure	Checkout code	2025-04-23T11:08:22.4411843Z [command]/usr/bin/git checkout --detach
handle_failure	Checkout code	2025-04-23T11:08:23.1907498Z HEAD is now at e610592 Teniamos un error en la ruta
handle_failure	Checkout code	2025-04-23T11:08:23.1991916Z [command]/usr/bin/git branch --delete --force main
handle_failure	Checkout code	2025-04-23T11:08:23.2057049Z Deleted branch main (was e610592).
handle_failure	Checkout code	2025-04-23T11:08:23.2210469Z ##[endgroup]
handle_failure	Checkout code	2025-04-23T11:08:23.2216412Z [command]/usr/bin/git submodule status
handle_failure	Checkout code	2025-04-23T11:08:23.2686020Z ##[group]Cleaning the repository
handle_failure	Checkout code	2025-04-23T11:08:23.2693661Z [command]/usr/bin/git clean -ffdx
handle_failure	Checkout code	2025-04-23T11:08:23.2780233Z [command]/usr/bin/git reset --hard HEAD
handle_failure	Checkout code	2025-04-23T11:08:23.3115647Z HEAD is now at e610592 Teniamos un error en la ruta
handle_failure	Checkout code	2025-04-23T11:08:23.3139010Z ##[endgroup]
handle_failure	Checkout code	2025-04-23T11:08:23.3143014Z ##[group]Disabling automatic garbage collection
handle_failure	Checkout code	2025-04-23T11:08:23.3175548Z [command]/usr/bin/git config --local gc.auto 0
handle_failure	Checkout code	2025-04-23T11:08:23.3220765Z ##[endgroup]
handle_failure	Checkout code	2025-04-23T11:08:23.3222130Z ##[group]Setting up auth
handle_failure	Checkout code	2025-04-23T11:08:23.3232124Z [command]/usr/bin/git config --local --name-only --get-regexp core\.sshCommand
handle_failure	Checkout code	2025-04-23T11:08:23.3282001Z [command]/usr/bin/git submodule foreach --recursive sh -c "git config --local --name-only --get-regexp 'core\.sshCommand' && git config --local --unset-all 'core.sshCommand' || :"
handle_failure	Checkout code	2025-04-23T11:08:23.3736586Z [command]/usr/bin/git config --local --name-only --get-regexp http\.https\:\/\/github\.com\/\.extraheader
handle_failure	Checkout code	2025-04-23T11:08:23.3830689Z [command]/usr/bin/git submodule foreach --recursive sh -c "git config --local --name-only --get-regexp 'http\.https\:\/\/github\.com\/\.extraheader' && git config --local --unset-all 'http.https://github.com/.extraheader' || :"
handle_failure	Checkout code	2025-04-23T11:08:23.4262150Z [command]/usr/bin/git config --local http.https://github.com/.extraheader AUTHORIZATION: basic ***
handle_failure	Checkout code	2025-04-23T11:08:23.4336031Z ##[endgroup]
handle_failure	Checkout code	2025-04-23T11:08:23.4338128Z ##[group]Fetching the repository
handle_failure	Checkout code	2025-04-23T11:08:23.4349835Z [command]/usr/bin/git -c protocol.version=2 fetch --prune --no-recurse-submodules origin +refs/heads/*:refs/remotes/origin/* +refs/tags/*:refs/tags/*
handle_failure	Checkout code	2025-04-23T11:08:26.1357109Z From https://github.com/Ka0s-Klaus/ka0s
handle_failure	Checkout code	2025-04-23T11:08:26.1358097Z    e610592..a05e888  main       -> origin/main
handle_failure	Checkout code	2025-04-23T11:08:26.1502681Z [command]/usr/bin/git branch --list --remote origin/H44-creaci√≥n-m√≥dulo-versionado
handle_failure	Checkout code	2025-04-23T11:08:26.1560668Z   origin/H44-creaci√≥n-m√≥dulo-versionado
handle_failure	Checkout code	2025-04-23T11:08:26.1576161Z [command]/usr/bin/git rev-parse refs/remotes/origin/H44-creaci√≥n-m√≥dulo-versionado
handle_failure	Checkout code	2025-04-23T11:08:26.1631390Z de60dc53082f925dd93941fcf0c93f5d3f7a97d2
handle_failure	Checkout code	2025-04-23T11:08:26.1654666Z [command]/usr/bin/git -c protocol.version=2 fetch --no-tags --prune --no-recurse-submodules origin +ec4f635cade409884aea5aa47d53f7607ced6258:refs/remotes/origin/H44-creaci√≥n-m√≥dulo-versionado
handle_failure	Checkout code	2025-04-23T11:08:27.1065456Z From https://github.com/Ka0s-Klaus/ka0s
handle_failure	Checkout code	2025-04-23T11:08:27.1068426Z  + de60dc5...ec4f635 ec4f635cade409884aea5aa47d53f7607ced6258 -> origin/H44-creaci√≥n-m√≥dulo-versionado  (forced update)
handle_failure	Checkout code	2025-04-23T11:08:27.1176307Z ##[endgroup]
handle_failure	Checkout code	2025-04-23T11:08:27.1184261Z ##[group]Determining the checkout info
handle_failure	Checkout code	2025-04-23T11:08:27.1186253Z ##[endgroup]
handle_failure	Checkout code	2025-04-23T11:08:27.1187769Z [command]/usr/bin/git sparse-checkout disable
handle_failure	Checkout code	2025-04-23T11:08:27.1303916Z [command]/usr/bin/git config --local --unset-all extensions.worktreeConfig
handle_failure	Checkout code	2025-04-23T11:08:27.1367651Z ##[group]Checking out the ref
handle_failure	Checkout code	2025-04-23T11:08:27.1389053Z [command]/usr/bin/git checkout --progress --force -B H44-creaci√≥n-m√≥dulo-versionado refs/remotes/origin/H44-creaci√≥n-m√≥dulo-versionado
handle_failure	Checkout code	2025-04-23T11:08:27.5005235Z Previous HEAD position was e610592 Teniamos un error en la ruta
handle_failure	Checkout code	2025-04-23T11:08:27.5026227Z Switched to a new branch 'H44-creaci√≥n-m√≥dulo-versionado'
handle_failure	Checkout code	2025-04-23T11:08:27.5039672Z branch 'H44-creaci√≥n-m√≥dulo-versionado' set up to track 'origin/H44-creaci√≥n-m√≥dulo-versionado'.
handle_failure	Checkout code	2025-04-23T11:08:27.5069277Z ##[endgroup]
handle_failure	Checkout code	2025-04-23T11:08:27.5170866Z [command]/usr/bin/git log -1 --format=%H
handle_failure	Checkout code	2025-04-23T11:08:27.5243261Z ec4f635cade409884aea5aa47d53f7607ced6258
handle_failure	handle-failure-execution	Ôªø2025-04-23T11:08:27.5937833Z ##[group]Run echo "Error detected in process"
handle_failure	handle-failure-execution	2025-04-23T11:08:27.5939382Z [36;1mecho "Error detected in process"[0m
handle_failure	handle-failure-execution	2025-04-23T11:08:27.5940444Z [36;1mRNNUMBER=$(echo "refs/heads/H44-creaci√≥n-m√≥dulo-versionado" | grep -o '[0-9]*')[0m
handle_failure	handle-failure-execution	2025-04-23T11:08:27.5943294Z [36;1mgh issue comment $RNNUMBER --body ""El proceso no ha finalizado correctamente 14059268573. El resultado est√° en el fichero core/results/event_data14059268573.log"[0m
handle_failure	handle-failure-execution	2025-04-23T11:08:27.5966880Z shell: /usr/bin/bash -e {0}
handle_failure	handle-failure-execution	2025-04-23T11:08:27.5967570Z env:
handle_failure	handle-failure-execution	2025-04-23T11:08:27.5968065Z   KAOS_CODE: 14059268573
handle_failure	handle-failure-execution	2025-04-23T11:08:27.5968719Z   KAOS_EVENT_NAME: push
handle_failure	handle-failure-execution	2025-04-23T11:08:27.5969412Z   KAOS_ACTION: 
handle_failure	handle-failure-execution	2025-04-23T11:08:27.5971197Z   KAOS_REF: refs/heads/H44-creaci√≥n-m√≥dulo-versionado
handle_failure	handle-failure-execution	2025-04-23T11:08:27.5972173Z   KAOS_MODULE: [Ka0S] kaos
handle_failure	handle-failure-execution	2025-04-23T11:08:27.5972802Z   KAOS_PATH_RESUME: core/results/
handle_failure	handle-failure-execution	2025-04-23T11:08:27.5973416Z   KAOS_JSON: core/results/event_data
handle_failure	handle-failure-execution	2025-04-23T11:08:27.5974021Z   KAOS_ACTOR: Yolabn
handle_failure	handle-failure-execution	2025-04-23T11:08:27.5979113Z   GH_TOKEN: ***
handle_failure	handle-failure-execution	2025-04-23T11:08:27.5979640Z ##[endgroup]
handle_failure	handle-failure-execution	2025-04-23T11:08:27.6138046Z Error detected in process
handle_failure	handle-failure-execution	2025-04-23T11:08:27.6175403Z /actions-runner/_work/_temp/2d7a767d-1274-4cd8-986f-b733be020e0f.sh: line 3: unexpected EOF while looking for matching `"'
handle_failure	handle-failure-execution	2025-04-23T11:08:27.6208011Z ##[error]Process completed with exit code 2.
handle_failure	Post Checkout code	Ôªø2025-04-23T11:08:27.6377645Z Post job cleanup.
handle_failure	Post Checkout code	2025-04-23T11:08:27.8445495Z [command]/usr/bin/git version
handle_failure	Post Checkout code	2025-04-23T11:08:27.8601455Z git version 2.48.1
handle_failure	Post Checkout code	2025-04-23T11:08:27.8741170Z Copying '/home/kaos/.gitconfig' to '/actions-runner/_work/_temp/9d188f5f-124a-47dd-8a1f-a18d50ef7c4b/.gitconfig'
handle_failure	Post Checkout code	2025-04-23T11:08:27.8744211Z Temporarily overriding HOME='/actions-runner/_work/_temp/9d188f5f-124a-47dd-8a1f-a18d50ef7c4b' before making global git config changes
handle_failure	Post Checkout code	2025-04-23T11:08:27.8746440Z Adding repository directory to the temporary git global config as a safe directory
handle_failure	Post Checkout code	2025-04-23T11:08:27.8757501Z [command]/usr/bin/git config --global --add safe.directory /actions-runner/_work/ka0s/ka0s
handle_failure	Post Checkout code	2025-04-23T11:08:27.8867405Z [command]/usr/bin/git config --local --name-only --get-regexp core\.sshCommand
handle_failure	Post Checkout code	2025-04-23T11:08:27.8945868Z [command]/usr/bin/git submodule foreach --recursive sh -c "git config --local --name-only --get-regexp 'core\.sshCommand' && git config --local --unset-all 'core.sshCommand' || :"
handle_failure	Post Checkout code	2025-04-23T11:08:27.9624029Z [command]/usr/bin/git config --local --name-only --get-regexp http\.https\:\/\/github\.com\/\.extraheader
handle_failure	Post Checkout code	2025-04-23T11:08:27.9680340Z http.https://github.com/.extraheader
handle_failure	Post Checkout code	2025-04-23T11:08:27.9707261Z [command]/usr/bin/git config --local --unset-all http.https://github.com/.extraheader
handle_failure	Post Checkout code	2025-04-23T11:08:27.9766245Z [command]/usr/bin/git submodule foreach --recursive sh -c "git config --local --name-only --get-regexp 'http\.https\:\/\/github\.com\/\.extraheader' && git config --local --unset-all 'http.https://github.com/.extraheader' || :"
handle_failure	Complete job	Ôªø2025-04-23T11:08:28.0621805Z Cleaning up orphan processes
end-workflow	Set up job	Ôªø2025-04-23T11:14:16.3715087Z Current runner version: '2.323.0'
end-workflow	Set up job	2025-04-23T11:14:16.3719773Z Runner name: 'ka0s-7'
end-workflow	Set up job	2025-04-23T11:14:16.3720428Z Machine name: '26a53205c9ac'
end-workflow	Set up job	2025-04-23T11:14:16.3722486Z ##[group]GITHUB_TOKEN Permissions
end-workflow	Set up job	2025-04-23T11:14:16.3724243Z Contents: read
end-workflow	Set up job	2025-04-23T11:14:16.3724553Z Metadata: read
end-workflow	Set up job	2025-04-23T11:14:16.3724844Z Packages: read
end-workflow	Set up job	2025-04-23T11:14:16.3725111Z ##[endgroup]
end-workflow	Set up job	2025-04-23T11:14:16.3726365Z Secret source: Actions
end-workflow	Set up job	2025-04-23T11:14:16.3726734Z Prepare workflow directory
end-workflow	Set up job	2025-04-23T11:14:16.4170011Z Prepare all required actions
end-workflow	Set up job	2025-04-23T11:14:16.4199149Z Getting action download info
end-workflow	Set up job	2025-04-23T11:14:16.8724594Z Download action repository 'actions/checkout@v4' (SHA:11bd71901bbe5b1630ceea73d27597364c9af683)
end-workflow	Set up job	2025-04-23T11:14:17.5630560Z Complete job name: end-workflow
end-workflow	Checkout code	Ôªø2025-04-23T11:14:17.5943384Z ##[group]Run actions/checkout@v4
end-workflow	Checkout code	2025-04-23T11:14:17.5943957Z with:
end-workflow	Checkout code	2025-04-23T11:14:17.5944229Z   fetch-depth: 0
end-workflow	Checkout code	2025-04-23T11:14:17.5944643Z   token: ***
end-workflow	Checkout code	2025-04-23T11:14:17.5944902Z   repository: Ka0s-Klaus/ka0s
end-workflow	Checkout code	2025-04-23T11:14:17.5945237Z   ssh-strict: true
end-workflow	Checkout code	2025-04-23T11:14:17.5945493Z   ssh-user: git
end-workflow	Checkout code	2025-04-23T11:14:17.5945759Z   persist-credentials: true
end-workflow	Checkout code	2025-04-23T11:14:17.5946047Z   clean: true
end-workflow	Checkout code	2025-04-23T11:14:17.5946314Z   sparse-checkout-cone-mode: true
end-workflow	Checkout code	2025-04-23T11:14:17.5946629Z   fetch-tags: false
end-workflow	Checkout code	2025-04-23T11:14:17.5946889Z   show-progress: true
end-workflow	Checkout code	2025-04-23T11:14:17.5947156Z   lfs: false
end-workflow	Checkout code	2025-04-23T11:14:17.5947401Z   submodules: false
end-workflow	Checkout code	2025-04-23T11:14:17.5947662Z   set-safe-directory: true
end-workflow	Checkout code	2025-04-23T11:14:17.5948035Z env:
end-workflow	Checkout code	2025-04-23T11:14:17.5948429Z   KAOS_CODE: 14059268573
end-workflow	Checkout code	2025-04-23T11:14:17.5948757Z   KAOS_EVENT_NAME: push
end-workflow	Checkout code	2025-04-23T11:14:17.5949079Z   KAOS_ACTION: 
end-workflow	Checkout code	2025-04-23T11:14:17.5949451Z   KAOS_REF: refs/heads/H44-creaci√≥n-m√≥dulo-versionado
end-workflow	Checkout code	2025-04-23T11:14:17.5949897Z   KAOS_MODULE: [Ka0S] kaos
end-workflow	Checkout code	2025-04-23T11:14:17.5950282Z   KAOS_PATH_RESUME: core/results/
end-workflow	Checkout code	2025-04-23T11:14:17.5950665Z   KAOS_JSON: core/results/event_data
end-workflow	Checkout code	2025-04-23T11:14:17.5951013Z   KAOS_ACTOR: Yolabn
end-workflow	Checkout code	2025-04-23T11:14:17.5951377Z   GH_TOKEN: ***
end-workflow	Checkout code	2025-04-23T11:14:17.5951631Z ##[endgroup]
end-workflow	Checkout code	2025-04-23T11:14:17.6786750Z Syncing repository: Ka0s-Klaus/ka0s
end-workflow	Checkout code	2025-04-23T11:14:17.6788805Z ##[group]Getting Git version info
end-workflow	Checkout code	2025-04-23T11:14:17.6789552Z Working directory is '/actions-runner/_work/ka0s/ka0s'
end-workflow	Checkout code	2025-04-23T11:14:17.6790652Z [command]/usr/bin/git version
end-workflow	Checkout code	2025-04-23T11:14:17.6791192Z git version 2.43.0
end-workflow	Checkout code	2025-04-23T11:14:17.6793463Z ##[endgroup]
end-workflow	Checkout code	2025-04-23T11:14:17.6797610Z Copying '/home/kaos/.gitconfig' to '/actions-runner/_work/_temp/61437280-6a58-470d-94b9-10168351ae79/.gitconfig'
end-workflow	Checkout code	2025-04-23T11:14:17.6798786Z Temporarily overriding HOME='/actions-runner/_work/_temp/61437280-6a58-470d-94b9-10168351ae79' before making global git config changes
end-workflow	Checkout code	2025-04-23T11:14:17.6799810Z Adding repository directory to the temporary git global config as a safe directory
end-workflow	Checkout code	2025-04-23T11:14:17.6800638Z [command]/usr/bin/git config --global --add safe.directory /actions-runner/_work/ka0s/ka0s
end-workflow	Checkout code	2025-04-23T11:14:17.6824749Z [command]/usr/bin/git config --local --get remote.origin.url
end-workflow	Checkout code	2025-04-23T11:14:17.6845708Z https://github.com/Ka0s-Klaus/ka0s
end-workflow	Checkout code	2025-04-23T11:14:17.6864042Z ##[group]Removing previously created refs, to avoid conflicts
end-workflow	Checkout code	2025-04-23T11:14:17.6867880Z [command]/usr/bin/git rev-parse --symbolic-full-name --verify --quiet HEAD
end-workflow	Checkout code	2025-04-23T11:14:17.6889030Z refs/heads/H215-modulo-de-summary
end-workflow	Checkout code	2025-04-23T11:14:17.6898707Z [command]/usr/bin/git checkout --detach
end-workflow	Checkout code	2025-04-23T11:14:17.7040566Z HEAD is now at 74205654 [Ka0S] Uploading resume execution files to the repository...
end-workflow	Checkout code	2025-04-23T11:14:17.7076415Z [command]/usr/bin/git branch --delete --force H215-modulo-de-summary
end-workflow	Checkout code	2025-04-23T11:14:17.7108179Z Deleted branch H215-modulo-de-summary (was 74205654).
end-workflow	Checkout code	2025-04-23T11:14:17.7161283Z ##[endgroup]
end-workflow	Checkout code	2025-04-23T11:14:17.7164558Z [command]/usr/bin/git submodule status
end-workflow	Checkout code	2025-04-23T11:14:17.7399199Z ##[group]Cleaning the repository
end-workflow	Checkout code	2025-04-23T11:14:17.7403685Z [command]/usr/bin/git clean -ffdx
end-workflow	Checkout code	2025-04-23T11:14:17.7451215Z [command]/usr/bin/git reset --hard HEAD
end-workflow	Checkout code	2025-04-23T11:14:17.7540140Z HEAD is now at 74205654 [Ka0S] Uploading resume execution files to the repository...
end-workflow	Checkout code	2025-04-23T11:14:17.7544804Z ##[endgroup]
end-workflow	Checkout code	2025-04-23T11:14:17.7545523Z ##[group]Disabling automatic garbage collection
end-workflow	Checkout code	2025-04-23T11:14:17.7557803Z [command]/usr/bin/git config --local gc.auto 0
end-workflow	Checkout code	2025-04-23T11:14:17.7583022Z ##[endgroup]
end-workflow	Checkout code	2025-04-23T11:14:17.7583622Z ##[group]Setting up auth
end-workflow	Checkout code	2025-04-23T11:14:17.7586649Z [command]/usr/bin/git config --local --name-only --get-regexp core\.sshCommand
end-workflow	Checkout code	2025-04-23T11:14:17.7611286Z [command]/usr/bin/git submodule foreach --recursive sh -c "git config --local --name-only --get-regexp 'core\.sshCommand' && git config --local --unset-all 'core.sshCommand' || :"
end-workflow	Checkout code	2025-04-23T11:14:17.7840229Z [command]/usr/bin/git config --local --name-only --get-regexp http\.https\:\/\/github\.com\/\.extraheader
end-workflow	Checkout code	2025-04-23T11:14:17.7866199Z [command]/usr/bin/git submodule foreach --recursive sh -c "git config --local --name-only --get-regexp 'http\.https\:\/\/github\.com\/\.extraheader' && git config --local --unset-all 'http.https://github.com/.extraheader' || :"
end-workflow	Checkout code	2025-04-23T11:14:17.8098039Z [command]/usr/bin/git config --local http.https://github.com/.extraheader AUTHORIZATION: basic ***
end-workflow	Checkout code	2025-04-23T11:14:17.8129390Z ##[endgroup]
end-workflow	Checkout code	2025-04-23T11:14:17.8130014Z ##[group]Fetching the repository
end-workflow	Checkout code	2025-04-23T11:14:17.8134440Z [command]/usr/bin/git -c protocol.version=2 fetch --prune --no-recurse-submodules origin +refs/heads/*:refs/remotes/origin/* +refs/tags/*:refs/tags/*
end-workflow	Checkout code	2025-04-23T11:14:18.8525519Z From https://github.com/Ka0s-Klaus/ka0s
end-workflow	Checkout code	2025-04-23T11:14:18.8526273Z    74205654..be8bef88  H215-modulo-de-summary -> origin/H215-modulo-de-summary
end-workflow	Checkout code	2025-04-23T11:14:18.8526729Z    293ab439..37fd8f91  main                   -> origin/main
end-workflow	Checkout code	2025-04-23T11:14:18.8574825Z [command]/usr/bin/git branch --list --remote origin/H44-creaci√≥n-m√≥dulo-versionado
end-workflow	Checkout code	2025-04-23T11:14:18.8603258Z   origin/H44-creaci√≥n-m√≥dulo-versionado
end-workflow	Checkout code	2025-04-23T11:14:18.8612476Z [command]/usr/bin/git rev-parse refs/remotes/origin/H44-creaci√≥n-m√≥dulo-versionado
end-workflow	Checkout code	2025-04-23T11:14:18.8634800Z de60dc53082f925dd93941fcf0c93f5d3f7a97d2
end-workflow	Checkout code	2025-04-23T11:14:18.8645119Z [command]/usr/bin/git -c protocol.version=2 fetch --no-tags --prune --no-recurse-submodules origin +ec4f635cade409884aea5aa47d53f7607ced6258:refs/remotes/origin/H44-creaci√≥n-m√≥dulo-versionado
end-workflow	Checkout code	2025-04-23T11:14:18.8935744Z From https://github.com/Ka0s-Klaus/ka0s
end-workflow	Checkout code	2025-04-23T11:14:18.8936998Z  + de60dc53...ec4f635c ec4f635cade409884aea5aa47d53f7607ced6258 -> origin/H44-creaci√≥n-m√≥dulo-versionado  (forced update)
end-workflow	Checkout code	2025-04-23T11:14:18.8956101Z ##[endgroup]
end-workflow	Checkout code	2025-04-23T11:14:18.8956660Z ##[group]Determining the checkout info
end-workflow	Checkout code	2025-04-23T11:14:18.8957200Z ##[endgroup]
end-workflow	Checkout code	2025-04-23T11:14:18.8960746Z [command]/usr/bin/git sparse-checkout disable
end-workflow	Checkout code	2025-04-23T11:14:18.9009432Z [command]/usr/bin/git config --local --unset-all extensions.worktreeConfig
end-workflow	Checkout code	2025-04-23T11:14:18.9036954Z ##[group]Checking out the ref
end-workflow	Checkout code	2025-04-23T11:14:18.9040276Z [command]/usr/bin/git checkout --progress --force -B H44-creaci√≥n-m√≥dulo-versionado refs/remotes/origin/H44-creaci√≥n-m√≥dulo-versionado
end-workflow	Checkout code	2025-04-23T11:14:19.0133788Z Previous HEAD position was 74205654 [Ka0S] Uploading resume execution files to the repository...
end-workflow	Checkout code	2025-04-23T11:14:19.0140673Z Switched to a new branch 'H44-creaci√≥n-m√≥dulo-versionado'
end-workflow	Checkout code	2025-04-23T11:14:19.0143082Z branch 'H44-creaci√≥n-m√≥dulo-versionado' set up to track 'origin/H44-creaci√≥n-m√≥dulo-versionado'.
end-workflow	Checkout code	2025-04-23T11:14:19.0151820Z ##[endgroup]
end-workflow	Checkout code	2025-04-23T11:14:19.0194735Z [command]/usr/bin/git log -1 --format=%H
end-workflow	Checkout code	2025-04-23T11:14:19.0221677Z ec4f635cade409884aea5aa47d53f7607ced6258
end-workflow	Finaliza el workflow	Ôªø2025-04-23T11:14:19.0398841Z ##[group]Run echo "End process"
end-workflow	Finaliza el workflow	2025-04-23T11:14:19.0399384Z [36;1mecho "End process"[0m
end-workflow	Finaliza el workflow	2025-04-23T11:14:19.0399965Z [36;1mRNNUMBER=$(echo "refs/heads/H44-creaci√≥n-m√≥dulo-versionado" | grep -o '[0-9]*')[0m
end-workflow	Finaliza el workflow	2025-04-23T11:14:19.0400594Z [36;1mgh issue comment $RNNUMBER --body "Se finaliza Ka0s 14059268573"[0m
end-workflow	Finaliza el workflow	2025-04-23T11:14:19.0401295Z [36;1mgh workflow run inspector.yml --ref 'main' -f kaos-issue-id=$RNNUMBER -f kaos-workflow-id="14059268573" -f kaos-user-start=""[0m
end-workflow	Finaliza el workflow	2025-04-23T11:14:19.0409869Z shell: /usr/bin/bash -e {0}
end-workflow	Finaliza el workflow	2025-04-23T11:14:19.0410285Z env:
end-workflow	Finaliza el workflow	2025-04-23T11:14:19.0410635Z   KAOS_CODE: 14059268573
end-workflow	Finaliza el workflow	2025-04-23T11:14:19.0410992Z   KAOS_EVENT_NAME: push
end-workflow	Finaliza el workflow	2025-04-23T11:14:19.0411331Z   KAOS_ACTION: 
end-workflow	Finaliza el workflow	2025-04-23T11:14:19.0411875Z   KAOS_REF: refs/heads/H44-creaci√≥n-m√≥dulo-versionado
end-workflow	Finaliza el workflow	2025-04-23T11:14:19.0412373Z   KAOS_MODULE: [Ka0S] kaos
end-workflow	Finaliza el workflow	2025-04-23T11:14:19.0412772Z   KAOS_PATH_RESUME: core/results/
end-workflow	Finaliza el workflow	2025-04-23T11:14:19.0413175Z   KAOS_JSON: core/results/event_data
end-workflow	Finaliza el workflow	2025-04-23T11:14:19.0413599Z   KAOS_ACTOR: Yolabn
end-workflow	Finaliza el workflow	2025-04-23T11:14:19.0414232Z   GH_TOKEN: ***
end-workflow	Finaliza el workflow	2025-04-23T11:14:19.0414553Z ##[endgroup]
end-workflow	Finaliza el workflow	2025-04-23T11:14:19.0455220Z End process
end-workflow	Finaliza el workflow	2025-04-23T11:14:20.0279349Z https://github.com/Ka0s-Klaus/ka0s/issues/44#issuecomment-2823942104
end-workflow	Post Checkout code	Ôªø2025-04-23T11:14:20.5904966Z Post job cleanup.
end-workflow	Post Checkout code	2025-04-23T11:14:20.6551518Z [command]/usr/bin/git version
end-workflow	Post Checkout code	2025-04-23T11:14:20.6582477Z git version 2.43.0
end-workflow	Post Checkout code	2025-04-23T11:14:20.6623026Z Copying '/home/kaos/.gitconfig' to '/actions-runner/_work/_temp/be9d06d3-6115-4162-8dc0-75ebf9bc13ce/.gitconfig'
end-workflow	Post Checkout code	2025-04-23T11:14:20.6633616Z Temporarily overriding HOME='/actions-runner/_work/_temp/be9d06d3-6115-4162-8dc0-75ebf9bc13ce' before making global git config changes
end-workflow	Post Checkout code	2025-04-23T11:14:20.6634310Z Adding repository directory to the temporary git global config as a safe directory
end-workflow	Post Checkout code	2025-04-23T11:14:20.6641253Z [command]/usr/bin/git config --global --add safe.directory /actions-runner/_work/ka0s/ka0s
end-workflow	Post Checkout code	2025-04-23T11:14:20.6730139Z [command]/usr/bin/git config --local --name-only --get-regexp core\.sshCommand
end-workflow	Post Checkout code	2025-04-23T11:14:20.6762396Z [command]/usr/bin/git submodule foreach --recursive sh -c "git config --local --name-only --get-regexp 'core\.sshCommand' && git config --local --unset-all 'core.sshCommand' || :"
end-workflow	Post Checkout code	2025-04-23T11:14:20.6997221Z [command]/usr/bin/git config --local --name-only --get-regexp http\.https\:\/\/github\.com\/\.extraheader
end-workflow	Post Checkout code	2025-04-23T11:14:20.7022106Z http.https://github.com/.extraheader
end-workflow	Post Checkout code	2025-04-23T11:14:20.7035032Z [command]/usr/bin/git config --local --unset-all http.https://github.com/.extraheader
end-workflow	Post Checkout code	2025-04-23T11:14:20.7066684Z [command]/usr/bin/git submodule foreach --recursive sh -c "git config --local --name-only --get-regexp 'http\.https\:\/\/github\.com\/\.extraheader' && git config --local --unset-all 'http.https://github.com/.extraheader' || :"
end-workflow	Complete job	Ôªø2025-04-23T11:14:20.7394117Z Cleaning up orphan processes
