job-core	Set up job	﻿2025-03-27T08:52:13.5709092Z Current runner version: '2.323.0'
job-core	Set up job	2025-03-27T08:52:13.5718745Z Runner name: 'ka0s-runner-1'
job-core	Set up job	2025-03-27T08:52:13.5720317Z Machine name: '181b3e34799e'
job-core	Set up job	2025-03-27T08:52:13.5724162Z ##[group]GITHUB_TOKEN Permissions
job-core	Set up job	2025-03-27T08:52:13.5727380Z Actions: write
job-core	Set up job	2025-03-27T08:52:13.5728107Z Contents: write
job-core	Set up job	2025-03-27T08:52:13.5728805Z Issues: write
job-core	Set up job	2025-03-27T08:52:13.5729523Z Metadata: read
job-core	Set up job	2025-03-27T08:52:13.5730191Z PullRequests: write
job-core	Set up job	2025-03-27T08:52:13.5730872Z ##[endgroup]
job-core	Set up job	2025-03-27T08:52:13.5734275Z Secret source: Actions
job-core	Set up job	2025-03-27T08:52:13.5735524Z Prepare workflow directory
job-core	Set up job	2025-03-27T08:52:13.6714617Z Prepare all required actions
job-core	Set up job	2025-03-27T08:52:13.6774598Z Getting action download info
job-core	Set up job	2025-03-27T08:52:14.4912285Z Download action repository 'actions/checkout@v4' (SHA:11bd71901bbe5b1630ceea73d27597364c9af683)
job-core	Set up job	2025-03-27T08:52:16.4856878Z Download action repository 'actions/setup-node@v2' (SHA:7c12f8017d5436eb855f1ed4399f037a36fbd9e8)
job-core	Set up job	2025-03-27T08:52:21.5540568Z Complete job name: job-core
job-core	Checkout code	﻿2025-03-27T08:52:21.6636519Z ##[group]Run actions/checkout@v4
job-core	Checkout code	2025-03-27T08:52:21.6639182Z with:
job-core	Checkout code	2025-03-27T08:52:21.6640629Z   fetch-depth: 0
job-core	Checkout code	2025-03-27T08:52:21.6643050Z   token: ***
job-core	Checkout code	2025-03-27T08:52:21.6644789Z   repository: Ka0s-Klaus/ka0s
job-core	Checkout code	2025-03-27T08:52:21.6646660Z   ssh-strict: true
job-core	Checkout code	2025-03-27T08:52:21.6648175Z   ssh-user: git
job-core	Checkout code	2025-03-27T08:52:21.6686763Z   persist-credentials: true
job-core	Checkout code	2025-03-27T08:52:21.6688834Z   clean: true
job-core	Checkout code	2025-03-27T08:52:21.6690399Z   sparse-checkout-cone-mode: true
job-core	Checkout code	2025-03-27T08:52:21.6692401Z   fetch-tags: false
job-core	Checkout code	2025-03-27T08:52:21.6694210Z   show-progress: true
job-core	Checkout code	2025-03-27T08:52:21.6695853Z   lfs: false
job-core	Checkout code	2025-03-27T08:52:21.6697263Z   submodules: false
job-core	Checkout code	2025-03-27T08:52:21.6698847Z   set-safe-directory: true
job-core	Checkout code	2025-03-27T08:52:21.6701461Z env:
job-core	Checkout code	2025-03-27T08:52:21.6702912Z   KAOS_MODULE: [Ka0S] JSONLINT
job-core	Checkout code	2025-03-27T08:52:21.6705652Z   GH_TOKEN: ***
job-core	Checkout code	2025-03-27T08:52:21.6707473Z   KAOS_JSONLINT_CONFIG: core/config/.jsonlint.json
job-core	Checkout code	2025-03-27T08:52:21.6709847Z   KAOS_PATH_RESUME: core/outputs/j/
job-core	Checkout code	2025-03-27T08:52:21.6712288Z   KAOS_REPO: /actions-runner/_work/kaos/kaos
job-core	Checkout code	2025-03-27T08:52:21.6714802Z   KAOS_STEP_MODULE: 
job-core	Checkout code	2025-03-27T08:52:21.6716435Z   KAOS_CODE: 14102472072
job-core	Checkout code	2025-03-27T08:52:21.6718136Z   KAOS_REF_BRANCH: main
job-core	Checkout code	2025-03-27T08:52:21.6719799Z ##[endgroup]
job-core	Checkout code	2025-03-27T08:52:21.8682749Z Syncing repository: Ka0s-Klaus/ka0s
job-core	Checkout code	2025-03-27T08:52:21.8688900Z ##[group]Getting Git version info
job-core	Checkout code	2025-03-27T08:52:21.8691254Z Working directory is '/actions-runner/_work/ka0s/ka0s'
job-core	Checkout code	2025-03-27T08:52:21.8695141Z [command]/usr/bin/git version
job-core	Checkout code	2025-03-27T08:52:21.8696848Z git version 2.48.1
job-core	Checkout code	2025-03-27T08:52:21.8702832Z ##[endgroup]
job-core	Checkout code	2025-03-27T08:52:21.8715383Z Copying '/home/kaos/.gitconfig' to '/actions-runner/_work/_temp/dcdbbedc-a42d-4621-b084-307c867a6262/.gitconfig'
job-core	Checkout code	2025-03-27T08:52:21.8721137Z Temporarily overriding HOME='/actions-runner/_work/_temp/dcdbbedc-a42d-4621-b084-307c867a6262' before making global git config changes
job-core	Checkout code	2025-03-27T08:52:21.8726595Z Adding repository directory to the temporary git global config as a safe directory
job-core	Checkout code	2025-03-27T08:52:21.8732066Z [command]/usr/bin/git config --global --add safe.directory /actions-runner/_work/ka0s/ka0s
job-core	Checkout code	2025-03-27T08:52:21.8822103Z [command]/usr/bin/git config --local --get remote.origin.url
job-core	Checkout code	2025-03-27T08:52:21.8855865Z https://github.com/Ka0s-Klaus/ka0s
job-core	Checkout code	2025-03-27T08:52:21.8894463Z ##[group]Removing previously created refs, to avoid conflicts
job-core	Checkout code	2025-03-27T08:52:21.8902283Z [command]/usr/bin/git rev-parse --symbolic-full-name --verify --quiet HEAD
job-core	Checkout code	2025-03-27T08:52:21.8937321Z refs/heads/H34-modulo-iac-kaos
job-core	Checkout code	2025-03-27T08:52:21.8951615Z [command]/usr/bin/git checkout --detach
job-core	Checkout code	2025-03-27T08:52:21.9050184Z HEAD is now at 678d230 [Ka0S] Uploading resume execution files to the repository...
job-core	Checkout code	2025-03-27T08:52:21.9129385Z [command]/usr/bin/git branch --delete --force H34-modulo-iac-kaos
job-core	Checkout code	2025-03-27T08:52:21.9171433Z Deleted branch H34-modulo-iac-kaos (was 678d230).
job-core	Checkout code	2025-03-27T08:52:21.9244252Z ##[endgroup]
job-core	Checkout code	2025-03-27T08:52:21.9246512Z [command]/usr/bin/git submodule status
job-core	Checkout code	2025-03-27T08:52:21.9690809Z ##[group]Cleaning the repository
job-core	Checkout code	2025-03-27T08:52:21.9695487Z [command]/usr/bin/git clean -ffdx
job-core	Checkout code	2025-03-27T08:52:21.9751058Z Removing core/outputs/j/jsonlint-results-14102469536.txt
job-core	Checkout code	2025-03-27T08:52:21.9777920Z [command]/usr/bin/git reset --hard HEAD
job-core	Checkout code	2025-03-27T08:52:21.9946978Z HEAD is now at 678d230 [Ka0S] Uploading resume execution files to the repository...
job-core	Checkout code	2025-03-27T08:52:21.9969748Z ##[endgroup]
job-core	Checkout code	2025-03-27T08:52:21.9972778Z ##[group]Disabling automatic garbage collection
job-core	Checkout code	2025-03-27T08:52:21.9988783Z [command]/usr/bin/git config --local gc.auto 0
job-core	Checkout code	2025-03-27T08:52:22.0048743Z ##[endgroup]
job-core	Checkout code	2025-03-27T08:52:22.0058306Z ##[group]Setting up auth
job-core	Checkout code	2025-03-27T08:52:22.0061949Z [command]/usr/bin/git config --local --name-only --get-regexp core\.sshCommand
job-core	Checkout code	2025-03-27T08:52:22.0139908Z [command]/usr/bin/git submodule foreach --recursive sh -c "git config --local --name-only --get-regexp 'core\.sshCommand' && git config --local --unset-all 'core.sshCommand' || :"
job-core	Checkout code	2025-03-27T08:52:22.0683203Z [command]/usr/bin/git config --local --name-only --get-regexp http\.https\:\/\/github\.com\/\.extraheader
job-core	Checkout code	2025-03-27T08:52:22.0742517Z [command]/usr/bin/git submodule foreach --recursive sh -c "git config --local --name-only --get-regexp 'http\.https\:\/\/github\.com\/\.extraheader' && git config --local --unset-all 'http.https://github.com/.extraheader' || :"
job-core	Checkout code	2025-03-27T08:52:22.1192167Z [command]/usr/bin/git config --local http.https://github.com/.extraheader AUTHORIZATION: basic ***
job-core	Checkout code	2025-03-27T08:52:22.1269274Z ##[endgroup]
job-core	Checkout code	2025-03-27T08:52:22.1271829Z ##[group]Fetching the repository
job-core	Checkout code	2025-03-27T08:52:22.1290200Z [command]/usr/bin/git -c protocol.version=2 fetch --prune --no-recurse-submodules origin +refs/heads/*:refs/remotes/origin/* +refs/tags/*:refs/tags/*
job-core	Checkout code	2025-03-27T08:52:22.9018118Z [command]/usr/bin/git branch --list --remote origin/H34-modulo-iac-kaos
job-core	Checkout code	2025-03-27T08:52:22.9115442Z   origin/H34-modulo-iac-kaos
job-core	Checkout code	2025-03-27T08:52:22.9124254Z [command]/usr/bin/git rev-parse refs/remotes/origin/H34-modulo-iac-kaos
job-core	Checkout code	2025-03-27T08:52:22.9148552Z 678d230439a588b10154e1644ffbc5c70ac9b81d
job-core	Checkout code	2025-03-27T08:52:22.9157428Z ##[endgroup]
job-core	Checkout code	2025-03-27T08:52:22.9158375Z ##[group]Determining the checkout info
job-core	Checkout code	2025-03-27T08:52:22.9159351Z ##[endgroup]
job-core	Checkout code	2025-03-27T08:52:22.9168168Z [command]/usr/bin/git sparse-checkout disable
job-core	Checkout code	2025-03-27T08:52:22.9238406Z [command]/usr/bin/git config --local --unset-all extensions.worktreeConfig
job-core	Checkout code	2025-03-27T08:52:22.9282033Z ##[group]Checking out the ref
job-core	Checkout code	2025-03-27T08:52:22.9289830Z [command]/usr/bin/git checkout --progress --force -B H34-modulo-iac-kaos refs/remotes/origin/H34-modulo-iac-kaos
job-core	Checkout code	2025-03-27T08:52:22.9395356Z Switched to a new branch 'H34-modulo-iac-kaos'
job-core	Checkout code	2025-03-27T08:52:22.9399815Z branch 'H34-modulo-iac-kaos' set up to track 'origin/H34-modulo-iac-kaos'.
job-core	Checkout code	2025-03-27T08:52:22.9410160Z ##[endgroup]
job-core	Checkout code	2025-03-27T08:52:22.9463159Z [command]/usr/bin/git log -1 --format=%H
job-core	Checkout code	2025-03-27T08:52:22.9500840Z 678d230439a588b10154e1644ffbc5c70ac9b81d
job-core	Install Node.js	﻿2025-03-27T08:52:22.9800046Z ##[group]Run actions/setup-node@v2
job-core	Install Node.js	2025-03-27T08:52:22.9800461Z with:
job-core	Install Node.js	2025-03-27T08:52:22.9800694Z   node-version: 14
job-core	Install Node.js	2025-03-27T08:52:22.9800951Z   always-auth: false
job-core	Install Node.js	2025-03-27T08:52:22.9801206Z   check-latest: false
job-core	Install Node.js	2025-03-27T08:52:22.9801662Z   token: ***
job-core	Install Node.js	2025-03-27T08:52:22.9801893Z env:
job-core	Install Node.js	2025-03-27T08:52:22.9802120Z   KAOS_MODULE: [Ka0S] JSONLINT
job-core	Install Node.js	2025-03-27T08:52:22.9802517Z   GH_TOKEN: ***
job-core	Install Node.js	2025-03-27T08:52:22.9802814Z   KAOS_JSONLINT_CONFIG: core/config/.jsonlint.json
job-core	Install Node.js	2025-03-27T08:52:22.9803204Z   KAOS_PATH_RESUME: core/outputs/j/
job-core	Install Node.js	2025-03-27T08:52:22.9803553Z   KAOS_REPO: /actions-runner/_work/kaos/kaos
job-core	Install Node.js	2025-03-27T08:52:22.9804031Z   KAOS_STEP_MODULE: 
job-core	Install Node.js	2025-03-27T08:52:22.9804296Z   KAOS_CODE: 14102472072
job-core	Install Node.js	2025-03-27T08:52:22.9804574Z   KAOS_REF_BRANCH: main
job-core	Install Node.js	2025-03-27T08:52:22.9804833Z ##[endgroup]
job-core	Install Node.js	2025-03-27T08:52:23.2015529Z Found in cache @ /actions-runner/_work/_tool/node/14.21.3/x64
job-core	Install jsonlint	﻿2025-03-27T08:52:23.2253437Z ##[group]Run if ! command -v jsonlint &> /dev/null; then
job-core	Install jsonlint	2025-03-27T08:52:23.2254718Z [36;1mif ! command -v jsonlint &> /dev/null; then[0m
job-core	Install jsonlint	2025-03-27T08:52:23.2255815Z [36;1m  echo "Installing jsonlint..."[0m
job-core	Install jsonlint	2025-03-27T08:52:23.2256392Z [36;1m  npm install -g jsonlint[0m
job-core	Install jsonlint	2025-03-27T08:52:23.2256908Z [36;1melse[0m
job-core	Install jsonlint	2025-03-27T08:52:23.2257508Z [36;1m  echo "jsonlint already installed, skipping installation"[0m
job-core	Install jsonlint	2025-03-27T08:52:23.2258205Z [36;1mfi[0m
job-core	Install jsonlint	2025-03-27T08:52:23.2258861Z [36;1mmkdir -p core/outputs/j/[0m
job-core	Install jsonlint	2025-03-27T08:52:23.2284407Z shell: /usr/bin/bash -e {0}
job-core	Install jsonlint	2025-03-27T08:52:23.2285102Z env:
job-core	Install jsonlint	2025-03-27T08:52:23.2285638Z   KAOS_MODULE: [Ka0S] JSONLINT
job-core	Install jsonlint	2025-03-27T08:52:23.2286526Z   GH_TOKEN: ***
job-core	Install jsonlint	2025-03-27T08:52:23.2287029Z   KAOS_JSONLINT_CONFIG: core/config/.jsonlint.json
job-core	Install jsonlint	2025-03-27T08:52:23.2287680Z   KAOS_PATH_RESUME: core/outputs/j/
job-core	Install jsonlint	2025-03-27T08:52:23.2288292Z   KAOS_REPO: /actions-runner/_work/kaos/kaos
job-core	Install jsonlint	2025-03-27T08:52:23.2288876Z   KAOS_STEP_MODULE: 
job-core	Install jsonlint	2025-03-27T08:52:23.2289384Z   KAOS_CODE: 14102472072
job-core	Install jsonlint	2025-03-27T08:52:23.2289837Z   KAOS_REF_BRANCH: main
job-core	Install jsonlint	2025-03-27T08:52:23.2290330Z ##[endgroup]
job-core	Install jsonlint	2025-03-27T08:52:23.2426232Z jsonlint already installed, skipping installation
job-core	Check JSON	﻿2025-03-27T08:52:23.2639417Z ##[group]Run # Invocamos la primera comprobación de base, sino se supera el proceso no continua
job-core	Check JSON	2025-03-27T08:52:23.2641397Z [36;1m# Invocamos la primera comprobación de base, sino se supera el proceso no continua[0m
job-core	Check JSON	2025-03-27T08:52:23.2642451Z [36;1m# Extraemos el nombre del fichero[0m
job-core	Check JSON	2025-03-27T08:52:23.2643217Z [36;1mfile_name=$(basename "core/outputs/e/14082684706.json")[0m
job-core	Check JSON	2025-03-27T08:52:23.2644508Z [36;1m# Generamos el fichero de resultados vacio[0m
job-core	Check JSON	2025-03-27T08:52:23.2645316Z [36;1mtouch core/outputs/j/jsonlint-results-14102472072.txt[0m
job-core	Check JSON	2025-03-27T08:52:23.2646132Z [36;1m# Realizamos el check del documento json [0m
job-core	Check JSON	2025-03-27T08:52:23.2647201Z [36;1mjsonlint core/outputs/e/14082684706.json > core/outputs/j/jsonlint-results-14102472072.txt[0m
job-core	Check JSON	2025-03-27T08:52:23.2648425Z [36;1m# esto es un workarround importante que hay que retirar[0m
job-core	Check JSON	2025-03-27T08:52:23.2649407Z [36;1m#rm -rf core/outputs/j/jsonlint-results-14102472072.txt[0m
job-core	Check JSON	2025-03-27T08:52:23.2650134Z [36;1m# a retirar[0m
job-core	Check JSON	2025-03-27T08:52:23.2650705Z [36;1m# Check if exist errors in file[0m
job-core	Check JSON	2025-03-27T08:52:23.2651310Z [36;1mecho "Mostramos fichero"[0m
job-core	Check JSON	2025-03-27T08:52:23.2652040Z [36;1mcat core/outputs/j/jsonlint-results-14102472072.txt[0m
job-core	Check JSON	2025-03-27T08:52:23.2653019Z [36;1mif [ ! -s core/outputs/j/jsonlint-results-14102472072.txt ]; then[0m
job-core	Check JSON	2025-03-27T08:52:23.2654479Z [36;1m  echo "File core/outputs/j/jsonlint-results-14102472072.txt is empty and is content correct"[0m
job-core	Check JSON	2025-03-27T08:52:23.2656867Z [36;1m  KAOS_ISSUE_BODY="The [Ka0S] JSONLINT process (14102458457) launch the check (14102472072) over file (core/outputs/e/14082684706.json) and its result has been SUCCESS. Please review all files implicated in pull request and approve to merge"[0m
job-core	Check JSON	2025-03-27T08:52:23.2659458Z [36;1m  # Añadimos la versión de jsonlint con la que se realiza la comprobacion[0m
job-core	Check JSON	2025-03-27T08:52:23.2660636Z [36;1m  jsonlint --version >> core/outputs/j/jsonlint-results-14102472072.txt[0m
job-core	Check JSON	2025-03-27T08:52:23.2661723Z [36;1m  # añadimos el nombre del fichero que vamos a comprobar[0m
job-core	Check JSON	2025-03-27T08:52:23.2662935Z [36;1m  echo "Finding: core/outputs/e/14082684706.json" >> core/outputs/j/jsonlint-results-14102472072.txt[0m
job-core	Check JSON	2025-03-27T08:52:23.2665263Z [36;1m  # gh workflow run issue.yaml --ref main -f kaos-issue-title="" -f kaos-issue-body="$KAOS_ISSUE_BODY" -f kaos-issue-actions=comment -f kaos-issue-tag="" -f kaos-issue-id=34[0m
job-core	Check JSON	2025-03-27T08:52:23.2667107Z [36;1m  gh issue comment  34 -F core/outputs/j/jsonlint-results-14102472072.txt[0m
job-core	Check JSON	2025-03-27T08:52:23.2667993Z [36;1melse[0m
job-core	Check JSON	2025-03-27T08:52:23.2668568Z [36;1m  cat core/outputs/j/jsonlint-results-14102472072.txt[0m
job-core	Check JSON	2025-03-27T08:52:23.2670003Z [36;1m  echo "File core/outputs/j/jsonlint-results-14102472072.txt is not empty and is content not correct and write commit info"[0m
job-core	Check JSON	2025-03-27T08:52:23.2672486Z [36;1m  KAOS_ISSUE_BODY="The [Ka0S] JSONLINT process (14102458457) launch the check (14102472072) over file (core/outputs/e/14082684706.json) and its result has been FAILED, please check and solved it"[0m
job-core	Check JSON	2025-03-27T08:52:23.2675670Z [36;1m  # Añadimos la versión de jsonlint con la que se realiza la comprobacion[0m
job-core	Check JSON	2025-03-27T08:52:23.2676921Z [36;1m  # jsonlint --version || true >> core/outputs/j/jsonlint-results-14102472072.txt[0m
job-core	Check JSON	2025-03-27T08:52:23.2678022Z [36;1m  # añadimos el nombre del fichero que vamos a comprobar[0m
job-core	Check JSON	2025-03-27T08:52:23.2679324Z [36;1m  echo "Finding: core/outputs/e/14082684706.json" >> core/outputs/j/jsonlint-results-14102472072.txt[0m
job-core	Check JSON	2025-03-27T08:52:23.2681489Z [36;1m  # gh workflow run issue.yaml --ref main -f kaos-issue-title="" -f kaos-issue-body="$KAOS_ISSUE_BODY" -f kaos-issue-actions=comment -f kaos-issue-tag="" -f kaos-issue-id=34 [0m
job-core	Check JSON	2025-03-27T08:52:23.2683397Z [36;1m  gh issue comment  34 -F core/outputs/j/jsonlint-results-14102472072.txt[0m
job-core	Check JSON	2025-03-27T08:52:23.2684437Z [36;1mfi[0m
job-core	Check JSON	2025-03-27T08:52:23.2700712Z shell: /usr/bin/bash -e {0}
job-core	Check JSON	2025-03-27T08:52:23.2701316Z env:
job-core	Check JSON	2025-03-27T08:52:23.2701725Z   KAOS_MODULE: [Ka0S] JSONLINT
job-core	Check JSON	2025-03-27T08:52:23.2703086Z   GH_TOKEN: ***
job-core	Check JSON	2025-03-27T08:52:23.2703593Z   KAOS_JSONLINT_CONFIG: core/config/.jsonlint.json
job-core	Check JSON	2025-03-27T08:52:23.2704453Z   KAOS_PATH_RESUME: core/outputs/j/
job-core	Check JSON	2025-03-27T08:52:23.2705119Z   KAOS_REPO: /actions-runner/_work/kaos/kaos
job-core	Check JSON	2025-03-27T08:52:23.2705715Z   KAOS_STEP_MODULE: 
job-core	Check JSON	2025-03-27T08:52:23.2706155Z   KAOS_CODE: 14102472072
job-core	Check JSON	2025-03-27T08:52:23.2706632Z   KAOS_REF_BRANCH: main
job-core	Check JSON	2025-03-27T08:52:23.2707224Z ##[endgroup]
job-core	Check JSON	2025-03-27T08:52:23.4912501Z Mostramos fichero
job-core	Check JSON	2025-03-27T08:52:23.4935343Z {
job-core	Check JSON	2025-03-27T08:52:23.4947082Z   "conclusion": "success",
job-core	Check JSON	2025-03-27T08:52:23.4948780Z   "createdAt": "2025-03-26T11:58:22Z",
job-core	Check JSON	2025-03-27T08:52:23.4951000Z   "databaseId": 14082684706,
job-core	Check JSON	2025-03-27T08:52:23.4952397Z   "displayTitle": "Ka0s Markdown Lint",
job-core	Check JSON	2025-03-27T08:52:23.4955300Z   "event": "workflow_dispatch",
job-core	Check JSON	2025-03-27T08:52:23.4957079Z   "headBranch": "H34-modulo-iac-kaos",
job-core	Check JSON	2025-03-27T08:52:23.4958441Z   "headSha": "83a01ab815e85b64a85dbcfb71ed801bcd1bb9be",
job-core	Check JSON	2025-03-27T08:52:23.4988395Z   "jobs": [
job-core	Check JSON	2025-03-27T08:52:23.4989286Z     {
job-core	Check JSON	2025-03-27T08:52:23.4989890Z       "completedAt": "2025-03-26T11:59:39Z",
job-core	Check JSON	2025-03-27T08:52:23.4990625Z       "conclusion": "success",
job-core	Check JSON	2025-03-27T08:52:23.4991268Z       "databaseId": 39439058864,
job-core	Check JSON	2025-03-27T08:52:23.4991843Z       "name": "job-core",
job-core	Check JSON	2025-03-27T08:52:23.4992490Z       "startedAt": "2025-03-26T11:58:35Z",
job-core	Check JSON	2025-03-27T08:52:23.4993119Z       "status": "completed",
job-core	Check JSON	2025-03-27T08:52:23.4993645Z       "steps": [
job-core	Check JSON	2025-03-27T08:52:23.4994182Z         {
job-core	Check JSON	2025-03-27T08:52:23.4994669Z           "conclusion": "success",
job-core	Check JSON	2025-03-27T08:52:23.4995307Z           "name": "Set up job",
job-core	Check JSON	2025-03-27T08:52:23.4995816Z           "number": 1,
job-core	Check JSON	2025-03-27T08:52:23.4996328Z           "status": "completed"
job-core	Check JSON	2025-03-27T08:52:23.4996814Z         },
job-core	Check JSON	2025-03-27T08:52:23.4997201Z         {
job-core	Check JSON	2025-03-27T08:52:23.4997677Z           "conclusion": "success",
job-core	Check JSON	2025-03-27T08:52:23.4998373Z           "name": "Run actions/checkout@v4",
job-core	Check JSON	2025-03-27T08:52:23.4998938Z           "number": 2,
job-core	Check JSON	2025-03-27T08:52:23.4999478Z           "status": "completed"
job-core	Check JSON	2025-03-27T08:52:23.4999991Z         },
job-core	Check JSON	2025-03-27T08:52:23.5000390Z         {
job-core	Check JSON	2025-03-27T08:52:23.5000886Z           "conclusion": "success",
job-core	Check JSON	2025-03-27T08:52:23.5001597Z           "name": "Run actions/setup-node@v4",
job-core	Check JSON	2025-03-27T08:52:23.5002247Z           "number": 3,
job-core	Check JSON	2025-03-27T08:52:23.5002791Z           "status": "completed"
job-core	Check JSON	2025-03-27T08:52:23.5003325Z         },
job-core	Check JSON	2025-03-27T08:52:23.5003722Z         {
job-core	Check JSON	2025-03-27T08:52:23.5004478Z           "conclusion": "success",
job-core	Check JSON	2025-03-27T08:52:23.5005275Z           "name": "Run npm install -g markdownlint-cli2",
job-core	Check JSON	2025-03-27T08:52:23.5005985Z           "number": 4,
job-core	Check JSON	2025-03-27T08:52:23.5006557Z           "status": "completed"
job-core	Check JSON	2025-03-27T08:52:23.5007093Z         },
job-core	Check JSON	2025-03-27T08:52:23.5007485Z         {
job-core	Check JSON	2025-03-27T08:52:23.5007996Z           "conclusion": "success",
job-core	Check JSON	2025-03-27T08:52:23.5009349Z           "name": "Run # Realizamos el check del documento md ",
job-core	Check JSON	2025-03-27T08:52:23.5010089Z           "number": 5,
job-core	Check JSON	2025-03-27T08:52:23.5010681Z           "status": "completed"
job-core	Check JSON	2025-03-27T08:52:23.5011214Z         },
job-core	Check JSON	2025-03-27T08:52:23.5011599Z         {
job-core	Check JSON	2025-03-27T08:52:23.5012101Z           "conclusion": "success",
job-core	Check JSON	2025-03-27T08:52:23.5012853Z           "name": "Post Run actions/setup-node@v4",
job-core	Check JSON	2025-03-27T08:52:23.5013518Z           "number": 9,
job-core	Check JSON	2025-03-27T08:52:23.5014188Z           "status": "completed"
job-core	Check JSON	2025-03-27T08:52:23.5014721Z         },
job-core	Check JSON	2025-03-27T08:52:23.5015110Z         {
job-core	Check JSON	2025-03-27T08:52:23.5015614Z           "conclusion": "success",
job-core	Check JSON	2025-03-27T08:52:23.5016341Z           "name": "Post Run actions/checkout@v4",
job-core	Check JSON	2025-03-27T08:52:23.5016995Z           "number": 10,
job-core	Check JSON	2025-03-27T08:52:23.5017559Z           "status": "completed"
job-core	Check JSON	2025-03-27T08:52:23.5018088Z         },
job-core	Check JSON	2025-03-27T08:52:23.5018485Z         {
job-core	Check JSON	2025-03-27T08:52:23.5018978Z           "conclusion": "success",
job-core	Check JSON	2025-03-27T08:52:23.5019646Z           "name": "Complete job",
job-core	Check JSON	2025-03-27T08:52:23.5020166Z           "number": 11,
job-core	Check JSON	2025-03-27T08:52:23.5021155Z           "status": "completed"
job-core	Check JSON	2025-03-27T08:52:23.5021682Z         }
job-core	Check JSON	2025-03-27T08:52:23.5022057Z       ],
job-core	Check JSON	2025-03-27T08:52:23.5022956Z       "url": "https://github.com/Ka0s-Klaus/ka0s/actions/runs/14082684706/job/39439058864"
job-core	Check JSON	2025-03-27T08:52:23.5023981Z     },
job-core	Check JSON	2025-03-27T08:52:23.5024532Z     {
job-core	Check JSON	2025-03-27T08:52:23.5025060Z       "completedAt": "2025-03-26T12:00:45Z",
job-core	Check JSON	2025-03-27T08:52:23.5025757Z       "conclusion": "success",
job-core	Check JSON	2025-03-27T08:52:23.5026364Z       "databaseId": 39439128644,
job-core	Check JSON	2025-03-27T08:52:23.5026984Z       "name": "handle-success",
job-core	Check JSON	2025-03-27T08:52:23.5027597Z       "startedAt": "2025-03-26T12:00:37Z",
job-core	Check JSON	2025-03-27T08:52:23.5028213Z       "status": "completed",
job-core	Check JSON	2025-03-27T08:52:23.5028724Z       "steps": [
job-core	Check JSON	2025-03-27T08:52:23.5029126Z         {
job-core	Check JSON	2025-03-27T08:52:23.5029636Z           "conclusion": "success",
job-core	Check JSON	2025-03-27T08:52:23.5030289Z           "name": "Set up job",
job-core	Check JSON	2025-03-27T08:52:23.5030851Z           "number": 1,
job-core	Check JSON	2025-03-27T08:52:23.5031430Z           "status": "completed"
job-core	Check JSON	2025-03-27T08:52:23.5031985Z         },
job-core	Check JSON	2025-03-27T08:52:23.5032370Z         {
job-core	Check JSON	2025-03-27T08:52:23.5032861Z           "conclusion": "success",
job-core	Check JSON	2025-03-27T08:52:23.5033591Z           "name": "handle-success-execution",
job-core	Check JSON	2025-03-27T08:52:23.5034352Z           "number": 2,
job-core	Check JSON	2025-03-27T08:52:23.5034934Z           "status": "completed"
job-core	Check JSON	2025-03-27T08:52:23.5035429Z         },
job-core	Check JSON	2025-03-27T08:52:23.5035828Z         {
job-core	Check JSON	2025-03-27T08:52:23.5036344Z           "conclusion": "success",
job-core	Check JSON	2025-03-27T08:52:23.5037003Z           "name": "Complete job",
job-core	Check JSON	2025-03-27T08:52:23.5037625Z           "number": 3,
job-core	Check JSON	2025-03-27T08:52:23.5038211Z           "status": "completed"
job-core	Check JSON	2025-03-27T08:52:23.5038728Z         }
job-core	Check JSON	2025-03-27T08:52:23.5039111Z       ],
job-core	Check JSON	2025-03-27T08:52:23.5040068Z       "url": "https://github.com/Ka0s-Klaus/ka0s/actions/runs/14082684706/job/39439128644"
job-core	Check JSON	2025-03-27T08:52:23.5040974Z     },
job-core	Check JSON	2025-03-27T08:52:23.5041448Z     {
job-core	Check JSON	2025-03-27T08:52:23.5041995Z       "completedAt": "2025-03-26T12:01:24Z",
job-core	Check JSON	2025-03-27T08:52:23.5042708Z       "conclusion": "success",
job-core	Check JSON	2025-03-27T08:52:23.5043348Z       "databaseId": 39439195984,
job-core	Check JSON	2025-03-27T08:52:23.5054200Z       "name": "end-workflow",
job-core	Check JSON	2025-03-27T08:52:23.5054992Z       "startedAt": "2025-03-26T12:01:07Z",
job-core	Check JSON	2025-03-27T08:52:23.5055644Z       "status": "completed",
job-core	Check JSON	2025-03-27T08:52:23.5056189Z       "steps": [
job-core	Check JSON	2025-03-27T08:52:23.5056637Z         {
job-core	Check JSON	2025-03-27T08:52:23.5057176Z           "conclusion": "success",
job-core	Check JSON	2025-03-27T08:52:23.5057867Z           "name": "Set up job",
job-core	Check JSON	2025-03-27T08:52:23.5058428Z           "number": 1,
job-core	Check JSON	2025-03-27T08:52:23.5058992Z           "status": "completed"
job-core	Check JSON	2025-03-27T08:52:23.5059498Z         },
job-core	Check JSON	2025-03-27T08:52:23.5059875Z         {
job-core	Check JSON	2025-03-27T08:52:23.5060348Z           "conclusion": "success",
job-core	Check JSON	2025-03-27T08:52:23.5060992Z           "name": "Checkout code",
job-core	Check JSON	2025-03-27T08:52:23.5061551Z           "number": 2,
job-core	Check JSON	2025-03-27T08:52:23.5062301Z           "status": "completed"
job-core	Check JSON	2025-03-27T08:52:23.5063315Z         },
job-core	Check JSON	2025-03-27T08:52:23.5063698Z         {
job-core	Check JSON	2025-03-27T08:52:23.5064336Z           "conclusion": "success",
job-core	Check JSON	2025-03-27T08:52:23.5065026Z           "name": "Finaliza el workflow",
job-core	Check JSON	2025-03-27T08:52:23.5065632Z           "number": 3,
job-core	Check JSON	2025-03-27T08:52:23.5066205Z           "status": "completed"
job-core	Check JSON	2025-03-27T08:52:23.5066725Z         },
job-core	Check JSON	2025-03-27T08:52:23.5067098Z         {
job-core	Check JSON	2025-03-27T08:52:23.5067595Z           "conclusion": "success",
job-core	Check JSON	2025-03-27T08:52:23.5068310Z           "name": "Post Checkout code",
job-core	Check JSON	2025-03-27T08:52:23.5068948Z           "number": 6,
job-core	Check JSON	2025-03-27T08:52:23.5069527Z           "status": "completed"
job-core	Check JSON	2025-03-27T08:52:23.5070129Z         },
job-core	Check JSON	2025-03-27T08:52:23.5070543Z         {
job-core	Check JSON	2025-03-27T08:52:23.5071067Z           "conclusion": "success",
job-core	Check JSON	2025-03-27T08:52:23.5071750Z           "name": "Complete job",
job-core	Check JSON	2025-03-27T08:52:23.5072356Z           "number": 7,
job-core	Check JSON	2025-03-27T08:52:23.5072929Z           "status": "completed"
job-core	Check JSON	2025-03-27T08:52:23.5073416Z         }
job-core	Check JSON	2025-03-27T08:52:23.5073899Z       ],
job-core	Check JSON	2025-03-27T08:52:23.5074817Z       "url": "https://github.com/Ka0s-Klaus/ka0s/actions/runs/14082684706/job/39439195984"
job-core	Check JSON	2025-03-27T08:52:23.5076286Z     },
job-core	Check JSON	2025-03-27T08:52:23.5076656Z     {
job-core	Check JSON	2025-03-27T08:52:23.5077167Z       "completedAt": "2025-03-26T12:00:45Z",
job-core	Check JSON	2025-03-27T08:52:23.5077850Z       "conclusion": "skipped",
job-core	Check JSON	2025-03-27T08:52:23.5078511Z       "databaseId": 39439196060,
job-core	Check JSON	2025-03-27T08:52:23.5079177Z       "name": "handle_failure",
job-core	Check JSON	2025-03-27T08:52:23.5079897Z       "startedAt": "2025-03-26T12:00:45Z",
job-core	Check JSON	2025-03-27T08:52:23.5080555Z       "status": "completed",
job-core	Check JSON	2025-03-27T08:52:23.5081087Z       "steps": [],
job-core	Check JSON	2025-03-27T08:52:23.5082076Z       "url": "https://github.com/Ka0s-Klaus/ka0s/actions/runs/14082684706/job/39439196060"
job-core	Check JSON	2025-03-27T08:52:23.5083048Z     }
job-core	Check JSON	2025-03-27T08:52:23.5083438Z   ],
job-core	Check JSON	2025-03-27T08:52:23.5084241Z   "name": "Ka0s Markdown Lint",
job-core	Check JSON	2025-03-27T08:52:23.5084792Z   "number": 19,
job-core	Check JSON	2025-03-27T08:52:23.5085337Z   "startedAt": "2025-03-26T11:58:22Z",
job-core	Check JSON	2025-03-27T08:52:23.5085934Z   "status": "completed",
job-core	Check JSON	2025-03-27T08:52:23.5086590Z   "updatedAt": "2025-03-26T12:01:25Z",
job-core	Check JSON	2025-03-27T08:52:23.5087590Z   "url": "https://github.com/Ka0s-Klaus/ka0s/actions/runs/14082684706",
job-core	Check JSON	2025-03-27T08:52:23.5088543Z   "workflowDatabaseId": 142215142,
job-core	Check JSON	2025-03-27T08:52:23.5089275Z   "workflowName": "Ka0s Markdown Lint"
job-core	Check JSON	2025-03-27T08:52:23.5089981Z }
job-core	Check JSON	2025-03-27T08:52:23.5090409Z {
job-core	Check JSON	2025-03-27T08:52:23.5090867Z   "conclusion": "success",
job-core	Check JSON	2025-03-27T08:52:23.5091523Z   "createdAt": "2025-03-26T11:58:22Z",
job-core	Check JSON	2025-03-27T08:52:23.5092095Z   "databaseId": 14082684706,
job-core	Check JSON	2025-03-27T08:52:23.5092714Z   "displayTitle": "Ka0s Markdown Lint",
job-core	Check JSON	2025-03-27T08:52:23.5093436Z   "event": "workflow_dispatch",
job-core	Check JSON	2025-03-27T08:52:23.5094242Z   "headBranch": "H34-modulo-iac-kaos",
job-core	Check JSON	2025-03-27T08:52:23.5095096Z   "headSha": "83a01ab815e85b64a85dbcfb71ed801bcd1bb9be",
job-core	Check JSON	2025-03-27T08:52:23.5095796Z   "jobs": [
job-core	Check JSON	2025-03-27T08:52:23.5096191Z     {
job-core	Check JSON	2025-03-27T08:52:23.5096739Z       "completedAt": "2025-03-26T11:59:39Z",
job-core	Check JSON	2025-03-27T08:52:23.5097465Z       "conclusion": "success",
job-core	Check JSON	2025-03-27T08:52:23.5098090Z       "databaseId": 39439058864,
job-core	Check JSON	2025-03-27T08:52:23.5110022Z       "name": "job-core",
job-core	Check JSON	2025-03-27T08:52:23.5111035Z       "startedAt": "2025-03-26T11:58:35Z",
job-core	Check JSON	2025-03-27T08:52:23.5111706Z       "status": "completed",
job-core	Check JSON	2025-03-27T08:52:23.5112244Z       "steps": [
job-core	Check JSON	2025-03-27T08:52:23.5112667Z         {
job-core	Check JSON	2025-03-27T08:52:23.5113181Z           "conclusion": "success",
job-core	Check JSON	2025-03-27T08:52:23.5114060Z           "name": "Set up job",
job-core	Check JSON	2025-03-27T08:52:23.5114651Z           "number": 1,
job-core	Check JSON	2025-03-27T08:52:23.5115228Z           "status": "completed"
job-core	Check JSON	2025-03-27T08:52:23.5115747Z         },
job-core	Check JSON	2025-03-27T08:52:23.5116166Z         {
job-core	Check JSON	2025-03-27T08:52:23.5116681Z           "conclusion": "success",
job-core	Check JSON	2025-03-27T08:52:23.5117383Z           "name": "Run actions/checkout@v4",
job-core	Check JSON	2025-03-27T08:52:23.5117992Z           "number": 2,
job-core	Check JSON	2025-03-27T08:52:23.5118527Z           "status": "completed"
job-core	Check JSON	2025-03-27T08:52:23.5119046Z         },
job-core	Check JSON	2025-03-27T08:52:23.5119953Z         {
job-core	Check JSON	2025-03-27T08:52:23.5120474Z           "conclusion": "success",
job-core	Check JSON	2025-03-27T08:52:23.5121221Z           "name": "Run actions/setup-node@v4",
job-core	Check JSON	2025-03-27T08:52:23.5121875Z           "number": 3,
job-core	Check JSON	2025-03-27T08:52:23.5122410Z           "status": "completed"
job-core	Check JSON	2025-03-27T08:52:23.5122920Z         },
job-core	Check JSON	2025-03-27T08:52:23.5123318Z         {
job-core	Check JSON	2025-03-27T08:52:23.5123913Z           "conclusion": "success",
job-core	Check JSON	2025-03-27T08:52:23.5124700Z           "name": "Run npm install -g markdownlint-cli2",
job-core	Check JSON	2025-03-27T08:52:23.5125387Z           "number": 4,
job-core	Check JSON	2025-03-27T08:52:23.5125928Z           "status": "completed"
job-core	Check JSON	2025-03-27T08:52:23.5126438Z         },
job-core	Check JSON	2025-03-27T08:52:23.5126811Z         {
job-core	Check JSON	2025-03-27T08:52:23.5127303Z           "conclusion": "success",
job-core	Check JSON	2025-03-27T08:52:23.5128160Z           "name": "Run # Realizamos el check del documento md ",
job-core	Check JSON	2025-03-27T08:52:23.5128883Z           "number": 5,
job-core	Check JSON	2025-03-27T08:52:23.5129450Z           "status": "completed"
job-core	Check JSON	2025-03-27T08:52:23.5129967Z         },
job-core	Check JSON	2025-03-27T08:52:23.5130381Z         {
job-core	Check JSON	2025-03-27T08:52:23.5130873Z           "conclusion": "success",
job-core	Check JSON	2025-03-27T08:52:23.5132233Z           "name": "Post Run actions/setup-node@v4",
job-core	Check JSON	2025-03-27T08:52:23.5132895Z           "number": 9,
job-core	Check JSON	2025-03-27T08:52:23.5133465Z           "status": "completed"
job-core	Check JSON	2025-03-27T08:52:23.5134098Z         },
job-core	Check JSON	2025-03-27T08:52:23.5134485Z         {
job-core	Check JSON	2025-03-27T08:52:23.5134999Z           "conclusion": "success",
job-core	Check JSON	2025-03-27T08:52:23.5135700Z           "name": "Post Run actions/checkout@v4",
job-core	Check JSON	2025-03-27T08:52:23.5136319Z           "number": 10,
job-core	Check JSON	2025-03-27T08:52:23.5136873Z           "status": "completed"
job-core	Check JSON	2025-03-27T08:52:23.5137403Z         },
job-core	Check JSON	2025-03-27T08:52:23.5137785Z         {
job-core	Check JSON	2025-03-27T08:52:23.5138287Z           "conclusion": "success",
job-core	Check JSON	2025-03-27T08:52:23.5138910Z           "name": "Complete job",
job-core	Check JSON	2025-03-27T08:52:23.5139417Z           "number": 11,
job-core	Check JSON	2025-03-27T08:52:23.5139935Z           "status": "completed"
job-core	Check JSON	2025-03-27T08:52:23.5140446Z         }
job-core	Check JSON	2025-03-27T08:52:23.5140814Z       ],
job-core	Check JSON	2025-03-27T08:52:23.5141775Z       "url": "https://github.com/Ka0s-Klaus/ka0s/actions/runs/14082684706/job/39439058864"
job-core	Check JSON	2025-03-27T08:52:23.5142732Z     },
job-core	Check JSON	2025-03-27T08:52:23.5143117Z     {
job-core	Check JSON	2025-03-27T08:52:23.5143643Z       "completedAt": "2025-03-26T12:00:45Z",
job-core	Check JSON	2025-03-27T08:52:23.5144666Z       "conclusion": "success",
job-core	Check JSON	2025-03-27T08:52:23.5145338Z       "databaseId": 39439128644,
job-core	Check JSON	2025-03-27T08:52:23.5146000Z       "name": "handle-success",
job-core	Check JSON	2025-03-27T08:52:23.5146696Z       "startedAt": "2025-03-26T12:00:37Z",
job-core	Check JSON	2025-03-27T08:52:23.5147361Z       "status": "completed",
job-core	Check JSON	2025-03-27T08:52:23.5147900Z       "steps": [
job-core	Check JSON	2025-03-27T08:52:23.5148354Z         {
job-core	Check JSON	2025-03-27T08:52:23.5148873Z           "conclusion": "success",
job-core	Check JSON	2025-03-27T08:52:23.5149553Z           "name": "Set up job",
job-core	Check JSON	2025-03-27T08:52:23.5150134Z           "number": 1,
job-core	Check JSON	2025-03-27T08:52:23.5150730Z           "status": "completed"
job-core	Check JSON	2025-03-27T08:52:23.5151281Z         },
job-core	Check JSON	2025-03-27T08:52:23.5151693Z         {
job-core	Check JSON	2025-03-27T08:52:23.5152227Z           "conclusion": "success",
job-core	Check JSON	2025-03-27T08:52:23.5164145Z           "name": "handle-success-execution",
job-core	Check JSON	2025-03-27T08:52:23.5165100Z           "number": 2,
job-core	Check JSON	2025-03-27T08:52:23.5165688Z           "status": "completed"
job-core	Check JSON	2025-03-27T08:52:23.5166198Z         },
job-core	Check JSON	2025-03-27T08:52:23.5166586Z         {
job-core	Check JSON	2025-03-27T08:52:23.5167059Z           "conclusion": "success",
job-core	Check JSON	2025-03-27T08:52:23.5167682Z           "name": "Complete job",
job-core	Check JSON	2025-03-27T08:52:23.5168208Z           "number": 3,
job-core	Check JSON	2025-03-27T08:52:23.5168734Z           "status": "completed"
job-core	Check JSON	2025-03-27T08:52:23.5169244Z         }
job-core	Check JSON	2025-03-27T08:52:23.5169612Z       ],
job-core	Check JSON	2025-03-27T08:52:23.5170498Z       "url": "https://github.com/Ka0s-Klaus/ka0s/actions/runs/14082684706/job/39439128644"
job-core	Check JSON	2025-03-27T08:52:23.5171416Z     },
job-core	Check JSON	2025-03-27T08:52:23.5171823Z     {
job-core	Check JSON	2025-03-27T08:52:23.5172345Z       "completedAt": "2025-03-26T12:01:24Z",
job-core	Check JSON	2025-03-27T08:52:23.5173007Z       "conclusion": "success",
job-core	Check JSON	2025-03-27T08:52:23.5173619Z       "databaseId": 39439195984,
job-core	Check JSON	2025-03-27T08:52:23.5174285Z       "name": "end-workflow",
job-core	Check JSON	2025-03-27T08:52:23.5175420Z       "startedAt": "2025-03-26T12:01:07Z",
job-core	Check JSON	2025-03-27T08:52:23.5176061Z       "status": "completed",
job-core	Check JSON	2025-03-27T08:52:23.5176570Z       "steps": [
job-core	Check JSON	2025-03-27T08:52:23.5176981Z         {
job-core	Check JSON	2025-03-27T08:52:23.5177566Z           "conclusion": "success",
job-core	Check JSON	2025-03-27T08:52:23.5178216Z           "name": "Set up job",
job-core	Check JSON	2025-03-27T08:52:23.5178777Z           "number": 1,
job-core	Check JSON	2025-03-27T08:52:23.5179339Z           "status": "completed"
job-core	Check JSON	2025-03-27T08:52:23.5179839Z         },
job-core	Check JSON	2025-03-27T08:52:23.5180235Z         {
job-core	Check JSON	2025-03-27T08:52:23.5180751Z           "conclusion": "success",
job-core	Check JSON	2025-03-27T08:52:23.5181448Z           "name": "Checkout code",
job-core	Check JSON	2025-03-27T08:52:23.5182020Z           "number": 2,
job-core	Check JSON	2025-03-27T08:52:23.5182650Z           "status": "completed"
job-core	Check JSON	2025-03-27T08:52:23.5183229Z         },
job-core	Check JSON	2025-03-27T08:52:23.5183643Z         {
job-core	Check JSON	2025-03-27T08:52:23.5184336Z           "conclusion": "success",
job-core	Check JSON	2025-03-27T08:52:23.5185100Z           "name": "Finaliza el workflow",
job-core	Check JSON	2025-03-27T08:52:23.5185807Z           "number": 3,
job-core	Check JSON	2025-03-27T08:52:23.5186447Z           "status": "completed"
job-core	Check JSON	2025-03-27T08:52:23.5187540Z         },
job-core	Check JSON	2025-03-27T08:52:23.5187920Z         {
job-core	Check JSON	2025-03-27T08:52:23.5188428Z           "conclusion": "success",
job-core	Check JSON	2025-03-27T08:52:23.5189114Z           "name": "Post Checkout code",
job-core	Check JSON	2025-03-27T08:52:23.5189928Z           "number": 6,
job-core	Check JSON	2025-03-27T08:52:23.5190605Z           "status": "completed"
job-core	Check JSON	2025-03-27T08:52:23.5191046Z         },
job-core	Check JSON	2025-03-27T08:52:23.5191409Z         {
job-core	Check JSON	2025-03-27T08:52:23.5191869Z           "conclusion": "success",
job-core	Check JSON	2025-03-27T08:52:23.5192486Z           "name": "Complete job",
job-core	Check JSON	2025-03-27T08:52:23.5193010Z           "number": 7,
job-core	Check JSON	2025-03-27T08:52:23.5193594Z           "status": "completed"
job-core	Check JSON	2025-03-27T08:52:23.5194281Z         }
job-core	Check JSON	2025-03-27T08:52:23.5194674Z       ],
job-core	Check JSON	2025-03-27T08:52:23.5195581Z       "url": "https://github.com/Ka0s-Klaus/ka0s/actions/runs/14082684706/job/39439195984"
job-core	Check JSON	2025-03-27T08:52:23.5196510Z     },
job-core	Check JSON	2025-03-27T08:52:23.5196881Z     {
job-core	Check JSON	2025-03-27T08:52:23.5197433Z       "completedAt": "2025-03-26T12:00:45Z",
job-core	Check JSON	2025-03-27T08:52:23.5198130Z       "conclusion": "skipped",
job-core	Check JSON	2025-03-27T08:52:23.5198775Z       "databaseId": 39439196060,
job-core	Check JSON	2025-03-27T08:52:23.5199380Z       "name": "handle_failure",
job-core	Check JSON	2025-03-27T08:52:23.5200041Z       "startedAt": "2025-03-26T12:00:45Z",
job-core	Check JSON	2025-03-27T08:52:23.5200675Z       "status": "completed",
job-core	Check JSON	2025-03-27T08:52:23.5201199Z       "steps": [],
job-core	Check JSON	2025-03-27T08:52:23.5202300Z       "url": "https://github.com/Ka0s-Klaus/ka0s/actions/runs/14082684706/job/39439196060"
job-core	Check JSON	2025-03-27T08:52:23.5203193Z     }
job-core	Check JSON	2025-03-27T08:52:23.5203560Z   ],
job-core	Check JSON	2025-03-27T08:52:23.5204183Z   "name": "Ka0s Markdown Lint",
job-core	Check JSON	2025-03-27T08:52:23.5204724Z   "number": 19,
job-core	Check JSON	2025-03-27T08:52:23.5205281Z   "startedAt": "2025-03-26T11:58:22Z",
job-core	Check JSON	2025-03-27T08:52:23.5205889Z   "status": "completed",
job-core	Check JSON	2025-03-27T08:52:23.5206471Z   "updatedAt": "2025-03-26T12:01:25Z",
job-core	Check JSON	2025-03-27T08:52:23.5230362Z   "url": "https://github.com/Ka0s-Klaus/ka0s/actions/runs/14082684706",
job-core	Check JSON	2025-03-27T08:52:23.5231504Z   "workflowDatabaseId": 142215142,
job-core	Check JSON	2025-03-27T08:52:23.5232223Z   "workflowName": "Ka0s Markdown Lint"
job-core	Check JSON	2025-03-27T08:52:23.5232911Z }
job-core	Check JSON	2025-03-27T08:52:23.5234543Z File core/outputs/j/jsonlint-results-14102472072.txt is not empty and is content not correct and write commit info
job-core	Check JSON	2025-03-27T08:52:24.9781959Z https://github.com/Ka0s-Klaus/ka0s/issues/34#issuecomment-2757225623
job-core	Post Install Node.js	﻿2025-03-27T08:52:24.9906362Z Post job cleanup.
job-core	Post Checkout code	﻿2025-03-27T08:52:25.1460075Z Post job cleanup.
job-core	Post Checkout code	2025-03-27T08:52:25.2927851Z [command]/usr/bin/git version
job-core	Post Checkout code	2025-03-27T08:52:25.3003441Z git version 2.48.1
job-core	Post Checkout code	2025-03-27T08:52:25.3079997Z Copying '/home/kaos/.gitconfig' to '/actions-runner/_work/_temp/04e0925b-7b85-4853-a539-ebf9a7e7cb69/.gitconfig'
job-core	Post Checkout code	2025-03-27T08:52:25.3096324Z Temporarily overriding HOME='/actions-runner/_work/_temp/04e0925b-7b85-4853-a539-ebf9a7e7cb69' before making global git config changes
job-core	Post Checkout code	2025-03-27T08:52:25.3098635Z Adding repository directory to the temporary git global config as a safe directory
job-core	Post Checkout code	2025-03-27T08:52:25.3106748Z [command]/usr/bin/git config --global --add safe.directory /actions-runner/_work/ka0s/ka0s
job-core	Post Checkout code	2025-03-27T08:52:25.3161703Z [command]/usr/bin/git config --local --name-only --get-regexp core\.sshCommand
job-core	Post Checkout code	2025-03-27T08:52:25.3229996Z [command]/usr/bin/git submodule foreach --recursive sh -c "git config --local --name-only --get-regexp 'core\.sshCommand' && git config --local --unset-all 'core.sshCommand' || :"
job-core	Post Checkout code	2025-03-27T08:52:25.3728203Z [command]/usr/bin/git config --local --name-only --get-regexp http\.https\:\/\/github\.com\/\.extraheader
job-core	Post Checkout code	2025-03-27T08:52:25.3787693Z http.https://github.com/.extraheader
job-core	Post Checkout code	2025-03-27T08:52:25.3815578Z [command]/usr/bin/git config --local --unset-all http.https://github.com/.extraheader
job-core	Post Checkout code	2025-03-27T08:52:25.3877471Z [command]/usr/bin/git submodule foreach --recursive sh -c "git config --local --name-only --get-regexp 'http\.https\:\/\/github\.com\/\.extraheader' && git config --local --unset-all 'http.https://github.com/.extraheader' || :"
job-core	Complete job	﻿2025-03-27T08:52:25.4579810Z Cleaning up orphan processes
handle-success	Set up job	﻿2025-03-27T08:57:26.5400281Z Current runner version: '2.323.0'
handle-success	Set up job	2025-03-27T08:57:26.5409939Z Runner name: 'kaos-3'
handle-success	Set up job	2025-03-27T08:57:26.5411143Z Machine name: 'ddaf71c4382c'
handle-success	Set up job	2025-03-27T08:57:26.5415491Z ##[group]GITHUB_TOKEN Permissions
handle-success	Set up job	2025-03-27T08:57:26.5418460Z Actions: write
handle-success	Set up job	2025-03-27T08:57:26.5419244Z Contents: write
handle-success	Set up job	2025-03-27T08:57:26.5419887Z Issues: write
handle-success	Set up job	2025-03-27T08:57:26.5420623Z Metadata: read
handle-success	Set up job	2025-03-27T08:57:26.5421344Z PullRequests: write
handle-success	Set up job	2025-03-27T08:57:26.5421973Z ##[endgroup]
handle-success	Set up job	2025-03-27T08:57:26.5425650Z Secret source: Actions
handle-success	Set up job	2025-03-27T08:57:26.5426526Z Prepare workflow directory
handle-success	Set up job	2025-03-27T08:57:26.6408402Z Prepare all required actions
handle-success	Set up job	2025-03-27T08:57:26.6478993Z Complete job name: handle-success
handle-success	handle-success-execution	﻿2025-03-27T08:57:26.7039862Z ##[group]Run # Si todo ha ido correcto añadimos el contenido del fichero 
handle-success	handle-success-execution	2025-03-27T08:57:26.7041187Z [36;1m# Si todo ha ido correcto añadimos el contenido del fichero [0m
handle-success	handle-success-execution	2025-03-27T08:57:26.7042018Z [36;1mecho "Todo ha ido bien."[0m
handle-success	handle-success-execution	2025-03-27T08:57:26.7069468Z shell: /usr/bin/bash -e {0}
handle-success	handle-success-execution	2025-03-27T08:57:26.7070494Z env:
handle-success	handle-success-execution	2025-03-27T08:57:26.7070981Z   KAOS_MODULE: [Ka0S] JSONLINT
handle-success	handle-success-execution	2025-03-27T08:57:26.7071835Z   GH_TOKEN: ***
handle-success	handle-success-execution	2025-03-27T08:57:26.7072401Z   KAOS_JSONLINT_CONFIG: core/config/.jsonlint.json
handle-success	handle-success-execution	2025-03-27T08:57:26.7073134Z   KAOS_PATH_RESUME: core/outputs/j/
handle-success	handle-success-execution	2025-03-27T08:57:26.7073931Z   KAOS_REPO: /actions-runner/_work/kaos/kaos
handle-success	handle-success-execution	2025-03-27T08:57:26.7074948Z   KAOS_STEP_MODULE: 
handle-success	handle-success-execution	2025-03-27T08:57:26.7075443Z   KAOS_CODE: 14102472072
handle-success	handle-success-execution	2025-03-27T08:57:26.7075976Z   KAOS_REF_BRANCH: main
handle-success	handle-success-execution	2025-03-27T08:57:26.7076485Z ##[endgroup]
handle-success	handle-success-execution	2025-03-27T08:57:26.7300622Z Todo ha ido bien.
handle-success	Complete job	﻿2025-03-27T08:57:26.7446018Z Cleaning up orphan processes
end-workflow	Set up job	﻿2025-03-27T09:05:11.7147343Z Current runner version: '2.323.0'
end-workflow	Set up job	2025-03-27T09:05:11.7158457Z Runner name: 'ka0s-2'
end-workflow	Set up job	2025-03-27T09:05:11.7159825Z Machine name: '90a1232a7504'
end-workflow	Set up job	2025-03-27T09:05:11.7164118Z ##[group]GITHUB_TOKEN Permissions
end-workflow	Set up job	2025-03-27T09:05:11.7167431Z Actions: write
end-workflow	Set up job	2025-03-27T09:05:11.7168430Z Contents: write
end-workflow	Set up job	2025-03-27T09:05:11.7169186Z Issues: write
end-workflow	Set up job	2025-03-27T09:05:11.7169893Z Metadata: read
end-workflow	Set up job	2025-03-27T09:05:11.7170677Z PullRequests: write
end-workflow	Set up job	2025-03-27T09:05:11.7171423Z ##[endgroup]
end-workflow	Set up job	2025-03-27T09:05:11.7174955Z Secret source: Actions
end-workflow	Set up job	2025-03-27T09:05:11.7176102Z Prepare workflow directory
end-workflow	Set up job	2025-03-27T09:05:11.8083989Z Prepare all required actions
end-workflow	Set up job	2025-03-27T09:05:11.8138297Z Getting action download info
end-workflow	Set up job	2025-03-27T09:05:12.8822441Z Download action repository 'actions/checkout@v4' (SHA:11bd71901bbe5b1630ceea73d27597364c9af683)
end-workflow	Set up job	2025-03-27T09:05:15.1217901Z Complete job name: end-workflow
end-workflow	Checkout code	﻿2025-03-27T09:05:15.1986184Z ##[group]Run actions/checkout@v4
end-workflow	Checkout code	2025-03-27T09:05:15.1988031Z with:
end-workflow	Checkout code	2025-03-27T09:05:15.1988915Z   fetch-depth: 0
end-workflow	Checkout code	2025-03-27T09:05:15.1990471Z   token: ***
end-workflow	Checkout code	2025-03-27T09:05:15.1991399Z   repository: Ka0s-Klaus/ka0s
end-workflow	Checkout code	2025-03-27T09:05:15.1992514Z   ssh-strict: true
end-workflow	Checkout code	2025-03-27T09:05:15.1993426Z   ssh-user: git
end-workflow	Checkout code	2025-03-27T09:05:15.1994804Z   persist-credentials: true
end-workflow	Checkout code	2025-03-27T09:05:15.1995997Z   clean: true
end-workflow	Checkout code	2025-03-27T09:05:15.1996949Z   sparse-checkout-cone-mode: true
end-workflow	Checkout code	2025-03-27T09:05:15.1998128Z   fetch-tags: false
end-workflow	Checkout code	2025-03-27T09:05:15.1999075Z   show-progress: true
end-workflow	Checkout code	2025-03-27T09:05:15.2000041Z   lfs: false
end-workflow	Checkout code	2025-03-27T09:05:15.2000921Z   submodules: false
end-workflow	Checkout code	2025-03-27T09:05:15.2002356Z   set-safe-directory: true
end-workflow	Checkout code	2025-03-27T09:05:15.2003821Z env:
end-workflow	Checkout code	2025-03-27T09:05:15.2005058Z   KAOS_MODULE: [Ka0S] JSONLINT
end-workflow	Checkout code	2025-03-27T09:05:15.2006545Z   GH_TOKEN: ***
end-workflow	Checkout code	2025-03-27T09:05:15.2007618Z   KAOS_JSONLINT_CONFIG: core/config/.jsonlint.json
end-workflow	Checkout code	2025-03-27T09:05:15.2009034Z   KAOS_PATH_RESUME: core/outputs/j/
end-workflow	Checkout code	2025-03-27T09:05:15.2010428Z   KAOS_REPO: /actions-runner/_work/kaos/kaos
end-workflow	Checkout code	2025-03-27T09:05:15.2011725Z   KAOS_STEP_MODULE: 
end-workflow	Checkout code	2025-03-27T09:05:15.2012698Z   KAOS_CODE: 14102472072
end-workflow	Checkout code	2025-03-27T09:05:15.2013736Z   KAOS_REF_BRANCH: main
end-workflow	Checkout code	2025-03-27T09:05:15.2015133Z ##[endgroup]
end-workflow	Checkout code	2025-03-27T09:05:15.3857279Z Syncing repository: Ka0s-Klaus/ka0s
end-workflow	Checkout code	2025-03-27T09:05:15.3863738Z ##[group]Getting Git version info
end-workflow	Checkout code	2025-03-27T09:05:15.3866800Z Working directory is '/actions-runner/_work/ka0s/ka0s'
end-workflow	Checkout code	2025-03-27T09:05:15.3871445Z [command]/usr/bin/git version
end-workflow	Checkout code	2025-03-27T09:05:15.3876501Z git version 2.48.1
end-workflow	Checkout code	2025-03-27T09:05:15.3883361Z ##[endgroup]
end-workflow	Checkout code	2025-03-27T09:05:15.3897204Z Copying '/home/kaos/.gitconfig' to '/actions-runner/_work/_temp/2156326e-fa36-453b-89f3-143f02d1f0b9/.gitconfig'
end-workflow	Checkout code	2025-03-27T09:05:15.3904467Z Temporarily overriding HOME='/actions-runner/_work/_temp/2156326e-fa36-453b-89f3-143f02d1f0b9' before making global git config changes
end-workflow	Checkout code	2025-03-27T09:05:15.3911785Z Adding repository directory to the temporary git global config as a safe directory
end-workflow	Checkout code	2025-03-27T09:05:15.3917201Z [command]/usr/bin/git config --global --add safe.directory /actions-runner/_work/ka0s/ka0s
end-workflow	Checkout code	2025-03-27T09:05:15.3931921Z [command]/usr/bin/git config --local --get remote.origin.url
end-workflow	Checkout code	2025-03-27T09:05:15.3957705Z https://github.com/Ka0s-Klaus/ka0s
end-workflow	Checkout code	2025-03-27T09:05:15.3995731Z ##[group]Removing previously created refs, to avoid conflicts
end-workflow	Checkout code	2025-03-27T09:05:15.4003475Z [command]/usr/bin/git rev-parse --symbolic-full-name --verify --quiet HEAD
end-workflow	Checkout code	2025-03-27T09:05:15.4039386Z refs/heads/H34-modulo-iac-kaos
end-workflow	Checkout code	2025-03-27T09:05:15.4064763Z [command]/usr/bin/git checkout --detach
end-workflow	Checkout code	2025-03-27T09:05:15.4233164Z HEAD is now at 678d230 [Ka0S] Uploading resume execution files to the repository...
end-workflow	Checkout code	2025-03-27T09:05:15.4332494Z [command]/usr/bin/git branch --delete --force H34-modulo-iac-kaos
end-workflow	Checkout code	2025-03-27T09:05:15.4397120Z Deleted branch H34-modulo-iac-kaos (was 678d230).
end-workflow	Checkout code	2025-03-27T09:05:15.4500535Z ##[endgroup]
end-workflow	Checkout code	2025-03-27T09:05:15.4502441Z [command]/usr/bin/git submodule status
end-workflow	Checkout code	2025-03-27T09:05:15.5013601Z ##[group]Cleaning the repository
end-workflow	Checkout code	2025-03-27T09:05:15.5016310Z [command]/usr/bin/git clean -ffdx
end-workflow	Checkout code	2025-03-27T09:05:15.5097975Z [command]/usr/bin/git reset --hard HEAD
end-workflow	Checkout code	2025-03-27T09:05:15.5266610Z HEAD is now at 678d230 [Ka0S] Uploading resume execution files to the repository...
end-workflow	Checkout code	2025-03-27T09:05:15.5290567Z ##[endgroup]
end-workflow	Checkout code	2025-03-27T09:05:15.5307122Z ##[group]Disabling automatic garbage collection
end-workflow	Checkout code	2025-03-27T09:05:15.5315061Z [command]/usr/bin/git config --local gc.auto 0
end-workflow	Checkout code	2025-03-27T09:05:15.5374066Z ##[endgroup]
end-workflow	Checkout code	2025-03-27T09:05:15.5375817Z ##[group]Setting up auth
end-workflow	Checkout code	2025-03-27T09:05:15.5385828Z [command]/usr/bin/git config --local --name-only --get-regexp core\.sshCommand
end-workflow	Checkout code	2025-03-27T09:05:15.5456165Z [command]/usr/bin/git submodule foreach --recursive sh -c "git config --local --name-only --get-regexp 'core\.sshCommand' && git config --local --unset-all 'core.sshCommand' || :"
end-workflow	Checkout code	2025-03-27T09:05:15.5853706Z [command]/usr/bin/git config --local --name-only --get-regexp http\.https\:\/\/github\.com\/\.extraheader
end-workflow	Checkout code	2025-03-27T09:05:15.5909747Z [command]/usr/bin/git submodule foreach --recursive sh -c "git config --local --name-only --get-regexp 'http\.https\:\/\/github\.com\/\.extraheader' && git config --local --unset-all 'http.https://github.com/.extraheader' || :"
end-workflow	Checkout code	2025-03-27T09:05:15.6351107Z [command]/usr/bin/git config --local http.https://github.com/.extraheader AUTHORIZATION: basic ***
end-workflow	Checkout code	2025-03-27T09:05:15.6415525Z ##[endgroup]
end-workflow	Checkout code	2025-03-27T09:05:15.6418700Z ##[group]Fetching the repository
end-workflow	Checkout code	2025-03-27T09:05:15.6432032Z [command]/usr/bin/git -c protocol.version=2 fetch --prune --no-recurse-submodules origin +refs/heads/*:refs/remotes/origin/* +refs/tags/*:refs/tags/*
end-workflow	Checkout code	2025-03-27T09:05:16.7087031Z From https://github.com/Ka0s-Klaus/ka0s
end-workflow	Checkout code	2025-03-27T09:05:16.7096008Z    b9cc326..3cdf4cf  main       -> origin/main
end-workflow	Checkout code	2025-03-27T09:05:16.7280848Z [command]/usr/bin/git branch --list --remote origin/H34-modulo-iac-kaos
end-workflow	Checkout code	2025-03-27T09:05:16.7427243Z   origin/H34-modulo-iac-kaos
end-workflow	Checkout code	2025-03-27T09:05:16.7487546Z [command]/usr/bin/git rev-parse refs/remotes/origin/H34-modulo-iac-kaos
end-workflow	Checkout code	2025-03-27T09:05:16.7641874Z 678d230439a588b10154e1644ffbc5c70ac9b81d
end-workflow	Checkout code	2025-03-27T09:05:16.7679477Z ##[endgroup]
end-workflow	Checkout code	2025-03-27T09:05:16.7685129Z ##[group]Determining the checkout info
end-workflow	Checkout code	2025-03-27T09:05:16.7692708Z ##[endgroup]
end-workflow	Checkout code	2025-03-27T09:05:16.7714437Z [command]/usr/bin/git sparse-checkout disable
end-workflow	Checkout code	2025-03-27T09:05:16.7943248Z [command]/usr/bin/git config --local --unset-all extensions.worktreeConfig
end-workflow	Checkout code	2025-03-27T09:05:16.8152902Z ##[group]Checking out the ref
end-workflow	Checkout code	2025-03-27T09:05:16.8166509Z [command]/usr/bin/git checkout --progress --force -B H34-modulo-iac-kaos refs/remotes/origin/H34-modulo-iac-kaos
end-workflow	Checkout code	2025-03-27T09:05:16.8446334Z Switched to a new branch 'H34-modulo-iac-kaos'
end-workflow	Checkout code	2025-03-27T09:05:16.8466728Z branch 'H34-modulo-iac-kaos' set up to track 'origin/H34-modulo-iac-kaos'.
end-workflow	Checkout code	2025-03-27T09:05:16.8494292Z ##[endgroup]
end-workflow	Checkout code	2025-03-27T09:05:16.8661142Z [command]/usr/bin/git log -1 --format=%H
end-workflow	Checkout code	2025-03-27T09:05:16.8785518Z 678d230439a588b10154e1644ffbc5c70ac9b81d
end-workflow	Finaliza el workflow	﻿2025-03-27T09:05:16.9589103Z ##[group]Run echo "End process"
end-workflow	Finaliza el workflow	2025-03-27T09:05:16.9590010Z [36;1mecho "End process"[0m
end-workflow	Finaliza el workflow	2025-03-27T09:05:16.9591448Z [36;1mgh workflow run inspector.yml --ref main -f kaos-issue-id=34 -f kaos-workflow-id="14102472072" -f kaos-user-start="santakloud"[0m
end-workflow	Finaliza el workflow	2025-03-27T09:05:16.9611836Z shell: /usr/bin/bash -e {0}
end-workflow	Finaliza el workflow	2025-03-27T09:05:16.9612431Z env:
end-workflow	Finaliza el workflow	2025-03-27T09:05:16.9612891Z   KAOS_MODULE: [Ka0S] JSONLINT
end-workflow	Finaliza el workflow	2025-03-27T09:05:16.9613955Z   GH_TOKEN: ***
end-workflow	Finaliza el workflow	2025-03-27T09:05:16.9614494Z   KAOS_JSONLINT_CONFIG: core/config/.jsonlint.json
end-workflow	Finaliza el workflow	2025-03-27T09:05:16.9615152Z   KAOS_PATH_RESUME: core/outputs/j/
end-workflow	Finaliza el workflow	2025-03-27T09:05:16.9615759Z   KAOS_REPO: /actions-runner/_work/kaos/kaos
end-workflow	Finaliza el workflow	2025-03-27T09:05:16.9616342Z   KAOS_STEP_MODULE: 
end-workflow	Finaliza el workflow	2025-03-27T09:05:16.9616803Z   KAOS_CODE: 14102472072
end-workflow	Finaliza el workflow	2025-03-27T09:05:16.9617286Z   KAOS_REF_BRANCH: main
end-workflow	Finaliza el workflow	2025-03-27T09:05:16.9617739Z ##[endgroup]
end-workflow	Finaliza el workflow	2025-03-27T09:05:16.9703598Z End process
end-workflow	Post Checkout code	﻿2025-03-27T09:05:17.8736720Z Post job cleanup.
end-workflow	Post Checkout code	2025-03-27T09:05:18.0314272Z [command]/usr/bin/git version
end-workflow	Post Checkout code	2025-03-27T09:05:18.0387160Z git version 2.48.1
end-workflow	Post Checkout code	2025-03-27T09:05:18.0469357Z Copying '/home/kaos/.gitconfig' to '/actions-runner/_work/_temp/ac597573-f212-4365-bb13-cb91979c5764/.gitconfig'
end-workflow	Post Checkout code	2025-03-27T09:05:18.0495955Z Temporarily overriding HOME='/actions-runner/_work/_temp/ac597573-f212-4365-bb13-cb91979c5764' before making global git config changes
end-workflow	Post Checkout code	2025-03-27T09:05:18.0499205Z Adding repository directory to the temporary git global config as a safe directory
end-workflow	Post Checkout code	2025-03-27T09:05:18.0507486Z [command]/usr/bin/git config --global --add safe.directory /actions-runner/_work/ka0s/ka0s
end-workflow	Post Checkout code	2025-03-27T09:05:18.0580069Z [command]/usr/bin/git config --local --name-only --get-regexp core\.sshCommand
end-workflow	Post Checkout code	2025-03-27T09:05:18.0682287Z [command]/usr/bin/git submodule foreach --recursive sh -c "git config --local --name-only --get-regexp 'core\.sshCommand' && git config --local --unset-all 'core.sshCommand' || :"
end-workflow	Post Checkout code	2025-03-27T09:05:18.1351256Z [command]/usr/bin/git config --local --name-only --get-regexp http\.https\:\/\/github\.com\/\.extraheader
end-workflow	Post Checkout code	2025-03-27T09:05:18.1411919Z http.https://github.com/.extraheader
end-workflow	Post Checkout code	2025-03-27T09:05:18.1439998Z [command]/usr/bin/git config --local --unset-all http.https://github.com/.extraheader
end-workflow	Post Checkout code	2025-03-27T09:05:18.1526764Z [command]/usr/bin/git submodule foreach --recursive sh -c "git config --local --name-only --get-regexp 'http\.https\:\/\/github\.com\/\.extraheader' && git config --local --unset-all 'http.https://github.com/.extraheader' || :"
end-workflow	Complete job	﻿2025-03-27T09:05:18.2136093Z Cleaning up orphan processes
