job-core	Set up job	﻿2025-03-27T11:21:01.0693203Z Current runner version: '2.323.0'
job-core	Set up job	2025-03-27T11:21:01.0702688Z Runner name: 'kaos-4'
job-core	Set up job	2025-03-27T11:21:01.0704438Z Machine name: '3fe80eba0036'
job-core	Set up job	2025-03-27T11:21:01.0708238Z ##[group]GITHUB_TOKEN Permissions
job-core	Set up job	2025-03-27T11:21:01.0711282Z Actions: write
job-core	Set up job	2025-03-27T11:21:01.0712029Z Contents: write
job-core	Set up job	2025-03-27T11:21:01.0712759Z Issues: write
job-core	Set up job	2025-03-27T11:21:01.0713501Z Metadata: read
job-core	Set up job	2025-03-27T11:21:01.0714581Z PullRequests: write
job-core	Set up job	2025-03-27T11:21:01.0715434Z ##[endgroup]
job-core	Set up job	2025-03-27T11:21:01.0718446Z Secret source: Actions
job-core	Set up job	2025-03-27T11:21:01.0719507Z Prepare workflow directory
job-core	Set up job	2025-03-27T11:21:01.1703143Z Prepare all required actions
job-core	Set up job	2025-03-27T11:21:01.1762548Z Getting action download info
job-core	Set up job	2025-03-27T11:21:01.9348725Z Download action repository 'actions/checkout@v4' (SHA:11bd71901bbe5b1630ceea73d27597364c9af683)
job-core	Set up job	2025-03-27T11:21:04.0870902Z Download action repository 'actions/setup-node@v2' (SHA:7c12f8017d5436eb855f1ed4399f037a36fbd9e8)
job-core	Set up job	2025-03-27T11:21:08.9214177Z Complete job name: job-core
job-core	Checkout code	﻿2025-03-27T11:21:08.9926281Z ##[group]Run actions/checkout@v4
job-core	Checkout code	2025-03-27T11:21:08.9927244Z with:
job-core	Checkout code	2025-03-27T11:21:08.9927564Z   fetch-depth: 0
job-core	Checkout code	2025-03-27T11:21:08.9928324Z   token: ***
job-core	Checkout code	2025-03-27T11:21:08.9928665Z   repository: Ka0s-Klaus/ka0s
job-core	Checkout code	2025-03-27T11:21:08.9929033Z   ssh-strict: true
job-core	Checkout code	2025-03-27T11:21:08.9929339Z   ssh-user: git
job-core	Checkout code	2025-03-27T11:21:08.9929653Z   persist-credentials: true
job-core	Checkout code	2025-03-27T11:21:08.9930008Z   clean: true
job-core	Checkout code	2025-03-27T11:21:08.9930330Z   sparse-checkout-cone-mode: true
job-core	Checkout code	2025-03-27T11:21:08.9930706Z   fetch-tags: false
job-core	Checkout code	2025-03-27T11:21:08.9956091Z   show-progress: true
job-core	Checkout code	2025-03-27T11:21:08.9956695Z   lfs: false
job-core	Checkout code	2025-03-27T11:21:08.9957124Z   submodules: false
job-core	Checkout code	2025-03-27T11:21:08.9957454Z   set-safe-directory: true
job-core	Checkout code	2025-03-27T11:21:08.9958603Z env:
job-core	Checkout code	2025-03-27T11:21:08.9958942Z   KAOS_MODULE: [Ka0S] JSONLINT
job-core	Checkout code	2025-03-27T11:21:08.9959595Z   GH_TOKEN: ***
job-core	Checkout code	2025-03-27T11:21:08.9959970Z   KAOS_JSONLINT_CONFIG: core/config/.jsonlint.json
job-core	Checkout code	2025-03-27T11:21:08.9960445Z   KAOS_PATH_RESUME: core/outputs/j/
job-core	Checkout code	2025-03-27T11:21:08.9960966Z   KAOS_REPO: /actions-runner/_work/kaos/kaos
job-core	Checkout code	2025-03-27T11:21:08.9961381Z   KAOS_STEP_MODULE: 
job-core	Checkout code	2025-03-27T11:21:08.9961701Z   KAOS_CODE: 14105303693
job-core	Checkout code	2025-03-27T11:21:08.9962030Z   KAOS_REF_BRANCH: main
job-core	Checkout code	2025-03-27T11:21:08.9962350Z ##[endgroup]
job-core	Checkout code	2025-03-27T11:21:09.1743467Z Syncing repository: Ka0s-Klaus/ka0s
job-core	Checkout code	2025-03-27T11:21:09.1747297Z ##[group]Getting Git version info
job-core	Checkout code	2025-03-27T11:21:09.1748479Z Working directory is '/actions-runner/_work/ka0s/ka0s'
job-core	Checkout code	2025-03-27T11:21:09.1750083Z [command]/usr/bin/git version
job-core	Checkout code	2025-03-27T11:21:09.1750821Z git version 2.48.1
job-core	Checkout code	2025-03-27T11:21:09.1773072Z ##[endgroup]
job-core	Checkout code	2025-03-27T11:21:09.1793729Z Copying '/home/kaos/.gitconfig' to '/actions-runner/_work/_temp/2c3c6127-7f0a-4fa6-8465-18c4ea4d7ad0/.gitconfig'
job-core	Checkout code	2025-03-27T11:21:09.1806837Z Temporarily overriding HOME='/actions-runner/_work/_temp/2c3c6127-7f0a-4fa6-8465-18c4ea4d7ad0' before making global git config changes
job-core	Checkout code	2025-03-27T11:21:09.1809368Z Adding repository directory to the temporary git global config as a safe directory
job-core	Checkout code	2025-03-27T11:21:09.1817333Z [command]/usr/bin/git config --global --add safe.directory /actions-runner/_work/ka0s/ka0s
job-core	Checkout code	2025-03-27T11:21:09.1881415Z [command]/usr/bin/git config --local --get remote.origin.url
job-core	Checkout code	2025-03-27T11:21:09.1918647Z https://github.com/Ka0s-Klaus/ka0s
job-core	Checkout code	2025-03-27T11:21:09.1946006Z ##[group]Removing previously created refs, to avoid conflicts
job-core	Checkout code	2025-03-27T11:21:09.1953150Z [command]/usr/bin/git rev-parse --symbolic-full-name --verify --quiet HEAD
job-core	Checkout code	2025-03-27T11:21:09.1990846Z refs/heads/H44-creación-módulo-versionado
job-core	Checkout code	2025-03-27T11:21:09.2008151Z [command]/usr/bin/git checkout --detach
job-core	Checkout code	2025-03-27T11:21:09.2128103Z HEAD is now at 59bec5b [Ka0S] Uploading resume execution files to the repository...
job-core	Checkout code	2025-03-27T11:21:09.2201850Z [command]/usr/bin/git branch --delete --force H44-creación-módulo-versionado
job-core	Checkout code	2025-03-27T11:21:09.2256953Z Deleted branch H44-creación-módulo-versionado (was 59bec5b).
job-core	Checkout code	2025-03-27T11:21:09.2344701Z ##[endgroup]
job-core	Checkout code	2025-03-27T11:21:09.2349326Z [command]/usr/bin/git submodule status
job-core	Checkout code	2025-03-27T11:21:09.2870095Z ##[group]Cleaning the repository
job-core	Checkout code	2025-03-27T11:21:09.2882758Z [command]/usr/bin/git clean -ffdx
job-core	Checkout code	2025-03-27T11:21:09.2946491Z Removing core/outputs/j/jsonlint-results-14105301748.txt
job-core	Checkout code	2025-03-27T11:21:09.2967876Z [command]/usr/bin/git reset --hard HEAD
job-core	Checkout code	2025-03-27T11:21:09.3120099Z HEAD is now at 59bec5b [Ka0S] Uploading resume execution files to the repository...
job-core	Checkout code	2025-03-27T11:21:09.3136548Z ##[endgroup]
job-core	Checkout code	2025-03-27T11:21:09.3140785Z ##[group]Disabling automatic garbage collection
job-core	Checkout code	2025-03-27T11:21:09.3143172Z [command]/usr/bin/git config --local gc.auto 0
job-core	Checkout code	2025-03-27T11:21:09.3218346Z ##[endgroup]
job-core	Checkout code	2025-03-27T11:21:09.3220429Z ##[group]Setting up auth
job-core	Checkout code	2025-03-27T11:21:09.3229898Z [command]/usr/bin/git config --local --name-only --get-regexp core\.sshCommand
job-core	Checkout code	2025-03-27T11:21:09.3284773Z [command]/usr/bin/git submodule foreach --recursive sh -c "git config --local --name-only --get-regexp 'core\.sshCommand' && git config --local --unset-all 'core.sshCommand' || :"
job-core	Checkout code	2025-03-27T11:21:09.3770585Z [command]/usr/bin/git config --local --name-only --get-regexp http\.https\:\/\/github\.com\/\.extraheader
job-core	Checkout code	2025-03-27T11:21:09.3818871Z [command]/usr/bin/git submodule foreach --recursive sh -c "git config --local --name-only --get-regexp 'http\.https\:\/\/github\.com\/\.extraheader' && git config --local --unset-all 'http.https://github.com/.extraheader' || :"
job-core	Checkout code	2025-03-27T11:21:09.4207597Z [command]/usr/bin/git config --local http.https://github.com/.extraheader AUTHORIZATION: basic ***
job-core	Checkout code	2025-03-27T11:21:09.4271506Z ##[endgroup]
job-core	Checkout code	2025-03-27T11:21:09.4272657Z ##[group]Fetching the repository
job-core	Checkout code	2025-03-27T11:21:09.4284471Z [command]/usr/bin/git -c protocol.version=2 fetch --prune --no-recurse-submodules origin +refs/heads/*:refs/remotes/origin/* +refs/tags/*:refs/tags/*
job-core	Checkout code	2025-03-27T11:21:11.3127064Z [command]/usr/bin/git branch --list --remote origin/H44-creación-módulo-versionado
job-core	Checkout code	2025-03-27T11:21:11.3164030Z   origin/H44-creación-módulo-versionado
job-core	Checkout code	2025-03-27T11:21:11.3177230Z [command]/usr/bin/git rev-parse refs/remotes/origin/H44-creación-módulo-versionado
job-core	Checkout code	2025-03-27T11:21:11.3214499Z 59bec5b57fa6a13f2abdaf06284b73340ff59869
job-core	Checkout code	2025-03-27T11:21:11.3220572Z ##[endgroup]
job-core	Checkout code	2025-03-27T11:21:11.3221453Z ##[group]Determining the checkout info
job-core	Checkout code	2025-03-27T11:21:11.3222618Z ##[endgroup]
job-core	Checkout code	2025-03-27T11:21:11.3232263Z [command]/usr/bin/git sparse-checkout disable
job-core	Checkout code	2025-03-27T11:21:11.3306175Z [command]/usr/bin/git config --local --unset-all extensions.worktreeConfig
job-core	Checkout code	2025-03-27T11:21:11.3349189Z ##[group]Checking out the ref
job-core	Checkout code	2025-03-27T11:21:11.3357360Z [command]/usr/bin/git checkout --progress --force -B H44-creación-módulo-versionado refs/remotes/origin/H44-creación-módulo-versionado
job-core	Checkout code	2025-03-27T11:21:11.3479111Z Switched to a new branch 'H44-creación-módulo-versionado'
job-core	Checkout code	2025-03-27T11:21:11.3486987Z branch 'H44-creación-módulo-versionado' set up to track 'origin/H44-creación-módulo-versionado'.
job-core	Checkout code	2025-03-27T11:21:11.3496275Z ##[endgroup]
job-core	Checkout code	2025-03-27T11:21:11.3557812Z [command]/usr/bin/git log -1 --format=%H
job-core	Checkout code	2025-03-27T11:21:11.3598618Z 59bec5b57fa6a13f2abdaf06284b73340ff59869
job-core	Install Node.js	﻿2025-03-27T11:21:11.3890789Z ##[group]Run actions/setup-node@v2
job-core	Install Node.js	2025-03-27T11:21:11.3891222Z with:
job-core	Install Node.js	2025-03-27T11:21:11.3891472Z   node-version: 14
job-core	Install Node.js	2025-03-27T11:21:11.3891749Z   always-auth: false
job-core	Install Node.js	2025-03-27T11:21:11.3892021Z   check-latest: false
job-core	Install Node.js	2025-03-27T11:21:11.3892547Z   token: ***
job-core	Install Node.js	2025-03-27T11:21:11.3892795Z env:
job-core	Install Node.js	2025-03-27T11:21:11.3893039Z   KAOS_MODULE: [Ka0S] JSONLINT
job-core	Install Node.js	2025-03-27T11:21:11.3893475Z   GH_TOKEN: ***
job-core	Install Node.js	2025-03-27T11:21:11.3894171Z   KAOS_JSONLINT_CONFIG: core/config/.jsonlint.json
job-core	Install Node.js	2025-03-27T11:21:11.3895367Z   KAOS_PATH_RESUME: core/outputs/j/
job-core	Install Node.js	2025-03-27T11:21:11.3896379Z   KAOS_REPO: /actions-runner/_work/kaos/kaos
job-core	Install Node.js	2025-03-27T11:21:11.3896866Z   KAOS_STEP_MODULE: 
job-core	Install Node.js	2025-03-27T11:21:11.3897196Z   KAOS_CODE: 14105303693
job-core	Install Node.js	2025-03-27T11:21:11.3897531Z   KAOS_REF_BRANCH: main
job-core	Install Node.js	2025-03-27T11:21:11.3897807Z ##[endgroup]
job-core	Install Node.js	2025-03-27T11:21:11.6092196Z Found in cache @ /actions-runner/_work/_tool/node/14.21.3/x64
job-core	Install jsonlint	﻿2025-03-27T11:21:11.6345660Z ##[group]Run if ! command -v jsonlint &> /dev/null; then
job-core	Install jsonlint	2025-03-27T11:21:11.6347586Z [36;1mif ! command -v jsonlint &> /dev/null; then[0m
job-core	Install jsonlint	2025-03-27T11:21:11.6348891Z [36;1m  echo "Installing jsonlint..."[0m
job-core	Install jsonlint	2025-03-27T11:21:11.6350013Z [36;1m  npm install -g jsonlint[0m
job-core	Install jsonlint	2025-03-27T11:21:11.6351001Z [36;1melse[0m
job-core	Install jsonlint	2025-03-27T11:21:11.6352106Z [36;1m  echo "jsonlint already installed, skipping installation"[0m
job-core	Install jsonlint	2025-03-27T11:21:11.6353406Z [36;1mfi[0m
job-core	Install jsonlint	2025-03-27T11:21:11.6354387Z [36;1mmkdir -p core/outputs/j/[0m
job-core	Install jsonlint	2025-03-27T11:21:11.6383161Z shell: /usr/bin/bash -e {0}
job-core	Install jsonlint	2025-03-27T11:21:11.6384239Z env:
job-core	Install jsonlint	2025-03-27T11:21:11.6388565Z   KAOS_MODULE: [Ka0S] JSONLINT
job-core	Install jsonlint	2025-03-27T11:21:11.6390024Z   GH_TOKEN: ***
job-core	Install jsonlint	2025-03-27T11:21:11.6390952Z   KAOS_JSONLINT_CONFIG: core/config/.jsonlint.json
job-core	Install jsonlint	2025-03-27T11:21:11.6392187Z   KAOS_PATH_RESUME: core/outputs/j/
job-core	Install jsonlint	2025-03-27T11:21:11.6393257Z   KAOS_REPO: /actions-runner/_work/kaos/kaos
job-core	Install jsonlint	2025-03-27T11:21:11.6394202Z   KAOS_STEP_MODULE: 
job-core	Install jsonlint	2025-03-27T11:21:11.6395090Z   KAOS_CODE: 14105303693
job-core	Install jsonlint	2025-03-27T11:21:11.6395587Z   KAOS_REF_BRANCH: main
job-core	Install jsonlint	2025-03-27T11:21:11.6396217Z ##[endgroup]
job-core	Install jsonlint	2025-03-27T11:21:11.6510343Z jsonlint already installed, skipping installation
job-core	Check JSON	﻿2025-03-27T11:21:11.6581155Z ##[group]Run # Invocamos la primera comprobación de base, sino se supera el proceso no continua
job-core	Check JSON	2025-03-27T11:21:11.6582447Z [36;1m# Invocamos la primera comprobación de base, sino se supera el proceso no continua[0m
job-core	Check JSON	2025-03-27T11:21:11.6583492Z [36;1m# Extraemos el nombre del fichero[0m
job-core	Check JSON	2025-03-27T11:21:11.6584669Z [36;1mfile_name=$(basename "core/outputs/e/14102469536.json")[0m
job-core	Check JSON	2025-03-27T11:21:11.6585478Z [36;1m# Generamos el fichero de resultados vacio[0m
job-core	Check JSON	2025-03-27T11:21:11.6586013Z [36;1mtouch core/outputs/j/jsonlint-results-14105303693.txt[0m
job-core	Check JSON	2025-03-27T11:21:11.6586520Z [36;1m# Realizamos el check del documento json [0m
job-core	Check JSON	2025-03-27T11:21:11.6587225Z [36;1mjsonlint core/outputs/e/14102469536.json > core/outputs/j/jsonlint-results-14105303693.txt[0m
job-core	Check JSON	2025-03-27T11:21:11.6588003Z [36;1m# esto es un workarround importante que hay que retirar[0m
job-core	Check JSON	2025-03-27T11:21:11.6588561Z [36;1m#rm -rf core/outputs/j/jsonlint-results-14105303693.txt[0m
job-core	Check JSON	2025-03-27T11:21:11.6589008Z [36;1m# a retirar[0m
job-core	Check JSON	2025-03-27T11:21:11.6589390Z [36;1m# Check if exist errors in file[0m
job-core	Check JSON	2025-03-27T11:21:11.6590140Z [36;1mecho "Mostramos fichero"[0m
job-core	Check JSON	2025-03-27T11:21:11.6590984Z [36;1mcat core/outputs/j/jsonlint-results-14105303693.txt[0m
job-core	Check JSON	2025-03-27T11:21:11.6592371Z [36;1mif [ ! -s core/outputs/j/jsonlint-results-14105303693.txt ]; then[0m
job-core	Check JSON	2025-03-27T11:21:11.6594351Z [36;1m  echo "File core/outputs/j/jsonlint-results-14105303693.txt is empty and is content correct"[0m
job-core	Check JSON	2025-03-27T11:21:11.6596226Z [36;1m  KAOS_ISSUE_BODY="The [Ka0S] JSONLINT process (14105288066) launch the check (14105303693) over file (core/outputs/e/14102469536.json) and its result has been SUCCESS. Please review all files implicated in pull request and approve to merge"[0m
job-core	Check JSON	2025-03-27T11:21:11.6597745Z [36;1m  # Añadimos la versión de jsonlint con la que se realiza la comprobacion[0m
job-core	Check JSON	2025-03-27T11:21:11.6598503Z [36;1m  jsonlint --version >> core/outputs/j/jsonlint-results-14105303693.txt[0m
job-core	Check JSON	2025-03-27T11:21:11.6599152Z [36;1m  # añadimos el nombre del fichero que vamos a comprobar[0m
job-core	Check JSON	2025-03-27T11:21:11.6599920Z [36;1m  echo "Finding: core/outputs/e/14102469536.json" >> core/outputs/j/jsonlint-results-14105303693.txt[0m
job-core	Check JSON	2025-03-27T11:21:11.6601195Z [36;1m  # gh workflow run issue.yaml --ref main -f kaos-issue-title="" -f kaos-issue-body="$KAOS_ISSUE_BODY" -f kaos-issue-actions=comment -f kaos-issue-tag="" -f kaos-issue-id=44[0m
job-core	Check JSON	2025-03-27T11:21:11.6602352Z [36;1m  gh issue comment  44 -F core/outputs/j/jsonlint-results-14105303693.txt[0m
job-core	Check JSON	2025-03-27T11:21:11.6602887Z [36;1melse[0m
job-core	Check JSON	2025-03-27T11:21:11.6603240Z [36;1m  cat core/outputs/j/jsonlint-results-14105303693.txt[0m
job-core	Check JSON	2025-03-27T11:21:11.6701113Z [36;1m  echo "File core/outputs/j/jsonlint-results-14105303693.txt is not empty and is content not correct and write commit info"[0m
job-core	Check JSON	2025-03-27T11:21:11.6706111Z [36;1m  KAOS_ISSUE_BODY="The [Ka0S] JSONLINT process (14105288066) launch the check (14105303693) over file (core/outputs/e/14102469536.json) and its result has been FAILED, please check and solved it"[0m
job-core	Check JSON	2025-03-27T11:21:11.6709260Z [36;1m  # Añadimos la versión de jsonlint con la que se realiza la comprobacion[0m
job-core	Check JSON	2025-03-27T11:21:11.6711153Z [36;1m  # jsonlint --version || true >> core/outputs/j/jsonlint-results-14105303693.txt[0m
job-core	Check JSON	2025-03-27T11:21:11.6712917Z [36;1m  # añadimos el nombre del fichero que vamos a comprobar[0m
job-core	Check JSON	2025-03-27T11:21:11.6715120Z [36;1m  echo "Finding: core/outputs/e/14102469536.json" >> core/outputs/j/jsonlint-results-14105303693.txt[0m
job-core	Check JSON	2025-03-27T11:21:11.6716856Z [36;1m  # gh workflow run issue.yaml --ref main -f kaos-issue-title="" -f kaos-issue-body="$KAOS_ISSUE_BODY" -f kaos-issue-actions=comment -f kaos-issue-tag="" -f kaos-issue-id=44 [0m
job-core	Check JSON	2025-03-27T11:21:11.6717988Z [36;1m  gh issue comment  44 -F core/outputs/j/jsonlint-results-14105303693.txt[0m
job-core	Check JSON	2025-03-27T11:21:11.6718534Z [36;1mfi[0m
job-core	Check JSON	2025-03-27T11:21:11.6729942Z shell: /usr/bin/bash -e {0}
job-core	Check JSON	2025-03-27T11:21:11.6730311Z env:
job-core	Check JSON	2025-03-27T11:21:11.6730566Z   KAOS_MODULE: [Ka0S] JSONLINT
job-core	Check JSON	2025-03-27T11:21:11.6731476Z   GH_TOKEN: ***
job-core	Check JSON	2025-03-27T11:21:11.6731798Z   KAOS_JSONLINT_CONFIG: core/config/.jsonlint.json
job-core	Check JSON	2025-03-27T11:21:11.6732210Z   KAOS_PATH_RESUME: core/outputs/j/
job-core	Check JSON	2025-03-27T11:21:11.6732592Z   KAOS_REPO: /actions-runner/_work/kaos/kaos
job-core	Check JSON	2025-03-27T11:21:11.6732965Z   KAOS_STEP_MODULE: 
job-core	Check JSON	2025-03-27T11:21:11.6733243Z   KAOS_CODE: 14105303693
job-core	Check JSON	2025-03-27T11:21:11.6733529Z   KAOS_REF_BRANCH: main
job-core	Check JSON	2025-03-27T11:21:11.6733945Z ##[endgroup]
job-core	Check JSON	2025-03-27T11:21:11.8847275Z Mostramos fichero
job-core	Check JSON	2025-03-27T11:21:11.8860495Z {
job-core	Check JSON	2025-03-27T11:21:11.8861079Z   "conclusion": "success",
job-core	Check JSON	2025-03-27T11:21:11.8862027Z   "createdAt": "2025-03-27T08:51:01Z",
job-core	Check JSON	2025-03-27T11:21:11.8862936Z   "databaseId": 14102469536,
job-core	Check JSON	2025-03-27T11:21:11.8864209Z   "displayTitle": "Ka0s JSON Lint",
job-core	Check JSON	2025-03-27T11:21:11.8864686Z   "event": "workflow_dispatch",
job-core	Check JSON	2025-03-27T11:21:11.8865107Z   "headBranch": "H34-modulo-iac-kaos",
job-core	Check JSON	2025-03-27T11:21:11.8865605Z   "headSha": "678d230439a588b10154e1644ffbc5c70ac9b81d",
job-core	Check JSON	2025-03-27T11:21:11.8866026Z   "jobs": [
job-core	Check JSON	2025-03-27T11:21:11.8866271Z     {
job-core	Check JSON	2025-03-27T11:21:11.8866601Z       "completedAt": "2025-03-27T08:52:10Z",
job-core	Check JSON	2025-03-27T11:21:11.8867027Z       "conclusion": "success",
job-core	Check JSON	2025-03-27T11:21:11.8867413Z       "databaseId": 39501481042,
job-core	Check JSON	2025-03-27T11:21:11.8867772Z       "name": "job-core",
job-core	Check JSON	2025-03-27T11:21:11.8868159Z       "startedAt": "2025-03-27T08:51:50Z",
job-core	Check JSON	2025-03-27T11:21:11.8868563Z       "status": "completed",
job-core	Check JSON	2025-03-27T11:21:11.8868891Z       "steps": [
job-core	Check JSON	2025-03-27T11:21:11.8869157Z         {
job-core	Check JSON	2025-03-27T11:21:11.8869479Z           "conclusion": "success",
job-core	Check JSON	2025-03-27T11:21:11.8869892Z           "name": "Set up job",
job-core	Check JSON	2025-03-27T11:21:11.8870226Z           "number": 1,
job-core	Check JSON	2025-03-27T11:21:11.8870564Z           "status": "completed"
job-core	Check JSON	2025-03-27T11:21:11.8871024Z         },
job-core	Check JSON	2025-03-27T11:21:11.8871273Z         {
job-core	Check JSON	2025-03-27T11:21:11.8871578Z           "conclusion": "success",
job-core	Check JSON	2025-03-27T11:21:11.8871978Z           "name": "Checkout code",
job-core	Check JSON	2025-03-27T11:21:11.8872323Z           "number": 2,
job-core	Check JSON	2025-03-27T11:21:11.8872681Z           "status": "completed"
job-core	Check JSON	2025-03-27T11:21:11.8873008Z         },
job-core	Check JSON	2025-03-27T11:21:11.8873246Z         {
job-core	Check JSON	2025-03-27T11:21:11.8873552Z           "conclusion": "success",
job-core	Check JSON	2025-03-27T11:21:11.8874072Z           "name": "Install Node.js",
job-core	Check JSON	2025-03-27T11:21:11.8874415Z           "number": 3,
job-core	Check JSON	2025-03-27T11:21:11.8874757Z           "status": "completed"
job-core	Check JSON	2025-03-27T11:21:11.8875070Z         },
job-core	Check JSON	2025-03-27T11:21:11.8875301Z         {
job-core	Check JSON	2025-03-27T11:21:11.8875606Z           "conclusion": "success",
job-core	Check JSON	2025-03-27T11:21:11.8876007Z           "name": "Install jsonlint",
job-core	Check JSON	2025-03-27T11:21:11.8876359Z           "number": 4,
job-core	Check JSON	2025-03-27T11:21:11.8876774Z           "status": "completed"
job-core	Check JSON	2025-03-27T11:21:11.8877360Z         },
job-core	Check JSON	2025-03-27T11:21:11.8877803Z         {
job-core	Check JSON	2025-03-27T11:21:11.8878992Z           "conclusion": "success",
job-core	Check JSON	2025-03-27T11:21:11.8879942Z           "name": "Check JSON",
job-core	Check JSON	2025-03-27T11:21:11.8880815Z           "number": 5,
job-core	Check JSON	2025-03-27T11:21:11.8881833Z           "status": "completed"
job-core	Check JSON	2025-03-27T11:21:11.8882782Z         },
job-core	Check JSON	2025-03-27T11:21:11.8883530Z         {
job-core	Check JSON	2025-03-27T11:21:11.8884427Z           "conclusion": "success",
job-core	Check JSON	2025-03-27T11:21:11.8885936Z           "name": "Post Install Node.js",
job-core	Check JSON	2025-03-27T11:21:11.8886329Z           "number": 9,
job-core	Check JSON	2025-03-27T11:21:11.8886811Z           "status": "completed"
job-core	Check JSON	2025-03-27T11:21:11.8898871Z         },
job-core	Check JSON	2025-03-27T11:21:11.8899190Z         {
job-core	Check JSON	2025-03-27T11:21:11.8899532Z           "conclusion": "success",
job-core	Check JSON	2025-03-27T11:21:11.8899960Z           "name": "Post Checkout code",
job-core	Check JSON	2025-03-27T11:21:11.8900330Z           "number": 10,
job-core	Check JSON	2025-03-27T11:21:11.8900677Z           "status": "completed"
job-core	Check JSON	2025-03-27T11:21:11.8900993Z         },
job-core	Check JSON	2025-03-27T11:21:11.8901226Z         {
job-core	Check JSON	2025-03-27T11:21:11.8901531Z           "conclusion": "success",
job-core	Check JSON	2025-03-27T11:21:11.8901954Z           "name": "Complete job",
job-core	Check JSON	2025-03-27T11:21:11.8902288Z           "number": 11,
job-core	Check JSON	2025-03-27T11:21:11.8902628Z           "status": "completed"
job-core	Check JSON	2025-03-27T11:21:11.8902965Z         }
job-core	Check JSON	2025-03-27T11:21:11.8903594Z       ],
job-core	Check JSON	2025-03-27T11:21:11.8904581Z       "url": "https://github.com/Ka0s-Klaus/ka0s/actions/runs/14102469536/job/39501481042"
job-core	Check JSON	2025-03-27T11:21:11.8905135Z     },
job-core	Check JSON	2025-03-27T11:21:11.8905369Z     {
job-core	Check JSON	2025-03-27T11:21:11.8905697Z       "completedAt": "2025-03-27T08:56:15Z",
job-core	Check JSON	2025-03-27T11:21:11.8906120Z       "conclusion": "success",
job-core	Check JSON	2025-03-27T11:21:11.8906499Z       "databaseId": 39501550104,
job-core	Check JSON	2025-03-27T11:21:11.8906883Z       "name": "handle-success",
job-core	Check JSON	2025-03-27T11:21:11.8907748Z       "startedAt": "2025-03-27T08:56:05Z",
job-core	Check JSON	2025-03-27T11:21:11.8908726Z       "status": "completed",
job-core	Check JSON	2025-03-27T11:21:11.8909811Z       "steps": [
job-core	Check JSON	2025-03-27T11:21:11.8910615Z         {
job-core	Check JSON	2025-03-27T11:21:11.8911360Z           "conclusion": "success",
job-core	Check JSON	2025-03-27T11:21:11.8912731Z           "name": "Set up job",
job-core	Check JSON	2025-03-27T11:21:11.8913516Z           "number": 1,
job-core	Check JSON	2025-03-27T11:21:11.8914374Z           "status": "completed"
job-core	Check JSON	2025-03-27T11:21:11.8915106Z         },
job-core	Check JSON	2025-03-27T11:21:11.8915651Z         {
job-core	Check JSON	2025-03-27T11:21:11.8916377Z           "conclusion": "success",
job-core	Check JSON	2025-03-27T11:21:11.8917196Z           "name": "handle-success-execution",
job-core	Check JSON	2025-03-27T11:21:11.8917969Z           "number": 2,
job-core	Check JSON	2025-03-27T11:21:11.8918745Z           "status": "completed"
job-core	Check JSON	2025-03-27T11:21:11.8919696Z         },
job-core	Check JSON	2025-03-27T11:21:11.8920462Z         {
job-core	Check JSON	2025-03-27T11:21:11.8921303Z           "conclusion": "success",
job-core	Check JSON	2025-03-27T11:21:11.8922210Z           "name": "Complete job",
job-core	Check JSON	2025-03-27T11:21:11.8922947Z           "number": 3,
job-core	Check JSON	2025-03-27T11:21:11.8923678Z           "status": "completed"
job-core	Check JSON	2025-03-27T11:21:11.8925130Z         }
job-core	Check JSON	2025-03-27T11:21:11.8925665Z       ],
job-core	Check JSON	2025-03-27T11:21:11.8927183Z       "url": "https://github.com/Ka0s-Klaus/ka0s/actions/runs/14102469536/job/39501550104"
job-core	Check JSON	2025-03-27T11:21:11.8928740Z     },
job-core	Check JSON	2025-03-27T11:21:11.8929161Z     {
job-core	Check JSON	2025-03-27T11:21:11.8929780Z       "completedAt": "2025-03-27T09:04:56Z",
job-core	Check JSON	2025-03-27T11:21:11.8930607Z       "conclusion": "success",
job-core	Check JSON	2025-03-27T11:21:11.8931500Z       "databaseId": 39501778281,
job-core	Check JSON	2025-03-27T11:21:11.8932406Z       "name": "end-workflow",
job-core	Check JSON	2025-03-27T11:21:11.8933267Z       "startedAt": "2025-03-27T09:04:43Z",
job-core	Check JSON	2025-03-27T11:21:11.8934408Z       "status": "completed",
job-core	Check JSON	2025-03-27T11:21:11.8935033Z       "steps": [
job-core	Check JSON	2025-03-27T11:21:11.8935615Z         {
job-core	Check JSON	2025-03-27T11:21:11.8936523Z           "conclusion": "success",
job-core	Check JSON	2025-03-27T11:21:11.8937356Z           "name": "Set up job",
job-core	Check JSON	2025-03-27T11:21:11.8938115Z           "number": 1,
job-core	Check JSON	2025-03-27T11:21:11.8939076Z           "status": "completed"
job-core	Check JSON	2025-03-27T11:21:11.8939713Z         },
job-core	Check JSON	2025-03-27T11:21:11.8940212Z         {
job-core	Check JSON	2025-03-27T11:21:11.8941091Z           "conclusion": "success",
job-core	Check JSON	2025-03-27T11:21:11.8942059Z           "name": "Checkout code",
job-core	Check JSON	2025-03-27T11:21:11.8942779Z           "number": 2,
job-core	Check JSON	2025-03-27T11:21:11.8944112Z           "status": "completed"
job-core	Check JSON	2025-03-27T11:21:11.8944888Z         },
job-core	Check JSON	2025-03-27T11:21:11.8945349Z         {
job-core	Check JSON	2025-03-27T11:21:11.8946117Z           "conclusion": "success",
job-core	Check JSON	2025-03-27T11:21:11.8946997Z           "name": "Finaliza el workflow",
job-core	Check JSON	2025-03-27T11:21:11.8947810Z           "number": 3,
job-core	Check JSON	2025-03-27T11:21:11.8948496Z           "status": "completed"
job-core	Check JSON	2025-03-27T11:21:11.8949377Z         },
job-core	Check JSON	2025-03-27T11:21:11.8949842Z         {
job-core	Check JSON	2025-03-27T11:21:11.8950433Z           "conclusion": "success",
job-core	Check JSON	2025-03-27T11:21:11.8951232Z           "name": "Post Checkout code",
job-core	Check JSON	2025-03-27T11:21:11.8951914Z           "number": 6,
job-core	Check JSON	2025-03-27T11:21:11.8952815Z           "status": "completed"
job-core	Check JSON	2025-03-27T11:21:11.8953398Z         },
job-core	Check JSON	2025-03-27T11:21:11.8954066Z         {
job-core	Check JSON	2025-03-27T11:21:11.8954701Z           "conclusion": "success",
job-core	Check JSON	2025-03-27T11:21:11.8955474Z           "name": "Complete job",
job-core	Check JSON	2025-03-27T11:21:11.8956282Z           "number": 7,
job-core	Check JSON	2025-03-27T11:21:11.8957108Z           "status": "completed"
job-core	Check JSON	2025-03-27T11:21:11.8957745Z         }
job-core	Check JSON	2025-03-27T11:21:11.8958211Z       ],
job-core	Check JSON	2025-03-27T11:21:11.8959383Z       "url": "https://github.com/Ka0s-Klaus/ka0s/actions/runs/14102469536/job/39501778281"
job-core	Check JSON	2025-03-27T11:21:11.8960494Z     },
job-core	Check JSON	2025-03-27T11:21:11.8961275Z     {
job-core	Check JSON	2025-03-27T11:21:11.8961881Z       "completedAt": "2025-03-27T08:56:15Z",
job-core	Check JSON	2025-03-27T11:21:11.8962777Z       "conclusion": "skipped",
job-core	Check JSON	2025-03-27T11:21:11.8963664Z       "databaseId": 39501778333,
job-core	Check JSON	2025-03-27T11:21:11.8964796Z       "name": "handle_failure",
job-core	Check JSON	2025-03-27T11:21:11.8965567Z       "startedAt": "2025-03-27T08:56:16Z",
job-core	Check JSON	2025-03-27T11:21:11.8966322Z       "status": "completed",
job-core	Check JSON	2025-03-27T11:21:11.8966961Z       "steps": [],
job-core	Check JSON	2025-03-27T11:21:11.8968115Z       "url": "https://github.com/Ka0s-Klaus/ka0s/actions/runs/14102469536/job/39501778333"
job-core	Check JSON	2025-03-27T11:21:11.8969217Z     }
job-core	Check JSON	2025-03-27T11:21:11.8969712Z   ],
job-core	Check JSON	2025-03-27T11:21:11.8970176Z   "name": "Ka0s JSON Lint",
job-core	Check JSON	2025-03-27T11:21:11.8970755Z   "number": 111,
job-core	Check JSON	2025-03-27T11:21:11.8971426Z   "startedAt": "2025-03-27T08:51:01Z",
job-core	Check JSON	2025-03-27T11:21:11.8972112Z   "status": "completed",
job-core	Check JSON	2025-03-27T11:21:11.8972818Z   "updatedAt": "2025-03-27T09:04:57Z",
job-core	Check JSON	2025-03-27T11:21:11.8974211Z   "url": "https://github.com/Ka0s-Klaus/ka0s/actions/runs/14102469536",
job-core	Check JSON	2025-03-27T11:21:11.8975365Z   "workflowDatabaseId": 152110813,
job-core	Check JSON	2025-03-27T11:21:11.8976216Z   "workflowName": "Ka0s JSON Lint"
job-core	Check JSON	2025-03-27T11:21:11.8976959Z }
job-core	Check JSON	2025-03-27T11:21:11.8977785Z {
job-core	Check JSON	2025-03-27T11:21:11.8978294Z   "conclusion": "success",
job-core	Check JSON	2025-03-27T11:21:11.8979054Z   "createdAt": "2025-03-27T08:51:01Z",
job-core	Check JSON	2025-03-27T11:21:11.8979741Z   "databaseId": 14102469536,
job-core	Check JSON	2025-03-27T11:21:11.8980490Z   "displayTitle": "Ka0s JSON Lint",
job-core	Check JSON	2025-03-27T11:21:11.8981320Z   "event": "workflow_dispatch",
job-core	Check JSON	2025-03-27T11:21:11.8982077Z   "headBranch": "H34-modulo-iac-kaos",
job-core	Check JSON	2025-03-27T11:21:11.8983077Z   "headSha": "678d230439a588b10154e1644ffbc5c70ac9b81d",
job-core	Check JSON	2025-03-27T11:21:11.8984104Z   "jobs": [
job-core	Check JSON	2025-03-27T11:21:11.8984722Z     {
job-core	Check JSON	2025-03-27T11:21:11.8985335Z       "completedAt": "2025-03-27T08:52:10Z",
job-core	Check JSON	2025-03-27T11:21:11.8986143Z       "conclusion": "success",
job-core	Check JSON	2025-03-27T11:21:11.8986870Z       "databaseId": 39501481042,
job-core	Check JSON	2025-03-27T11:21:11.8987533Z       "name": "job-core",
job-core	Check JSON	2025-03-27T11:21:11.8988240Z       "startedAt": "2025-03-27T08:51:50Z",
job-core	Check JSON	2025-03-27T11:21:11.8988971Z       "status": "completed",
job-core	Check JSON	2025-03-27T11:21:11.8989547Z       "steps": [
job-core	Check JSON	2025-03-27T11:21:11.8990029Z         {
job-core	Check JSON	2025-03-27T11:21:11.8990604Z           "conclusion": "success",
job-core	Check JSON	2025-03-27T11:21:11.8991337Z           "name": "Set up job",
job-core	Check JSON	2025-03-27T11:21:11.8991945Z           "number": 1,
job-core	Check JSON	2025-03-27T11:21:11.8992580Z           "status": "completed"
job-core	Check JSON	2025-03-27T11:21:11.8993192Z         },
job-core	Check JSON	2025-03-27T11:21:11.8993637Z         {
job-core	Check JSON	2025-03-27T11:21:11.8994596Z           "conclusion": "success",
job-core	Check JSON	2025-03-27T11:21:11.8995825Z           "name": "Checkout code",
job-core	Check JSON	2025-03-27T11:21:11.8996476Z           "number": 2,
job-core	Check JSON	2025-03-27T11:21:11.8997109Z           "status": "completed"
job-core	Check JSON	2025-03-27T11:21:11.8997702Z         },
job-core	Check JSON	2025-03-27T11:21:11.9007432Z         {
job-core	Check JSON	2025-03-27T11:21:11.9008088Z           "conclusion": "success",
job-core	Check JSON	2025-03-27T11:21:11.9008875Z           "name": "Install Node.js",
job-core	Check JSON	2025-03-27T11:21:11.9009535Z           "number": 3,
job-core	Check JSON	2025-03-27T11:21:11.9010200Z           "status": "completed"
job-core	Check JSON	2025-03-27T11:21:11.9010819Z         },
job-core	Check JSON	2025-03-27T11:21:11.9011275Z         {
job-core	Check JSON	2025-03-27T11:21:11.9011877Z           "conclusion": "success",
job-core	Check JSON	2025-03-27T11:21:11.9012650Z           "name": "Install jsonlint",
job-core	Check JSON	2025-03-27T11:21:11.9013357Z           "number": 4,
job-core	Check JSON	2025-03-27T11:21:11.9014232Z           "status": "completed"
job-core	Check JSON	2025-03-27T11:21:11.9015098Z         },
job-core	Check JSON	2025-03-27T11:21:11.9015544Z         {
job-core	Check JSON	2025-03-27T11:21:11.9016099Z           "conclusion": "success",
job-core	Check JSON	2025-03-27T11:21:11.9016850Z           "name": "Check JSON",
job-core	Check JSON	2025-03-27T11:21:11.9017477Z           "number": 5,
job-core	Check JSON	2025-03-27T11:21:11.9018112Z           "status": "completed"
job-core	Check JSON	2025-03-27T11:21:11.9018676Z         },
job-core	Check JSON	2025-03-27T11:21:11.9019109Z         {
job-core	Check JSON	2025-03-27T11:21:11.9019659Z           "conclusion": "success",
job-core	Check JSON	2025-03-27T11:21:11.9020491Z           "name": "Post Install Node.js",
job-core	Check JSON	2025-03-27T11:21:11.9021196Z           "number": 9,
job-core	Check JSON	2025-03-27T11:21:11.9021818Z           "status": "completed"
job-core	Check JSON	2025-03-27T11:21:11.9022768Z         },
job-core	Check JSON	2025-03-27T11:21:11.9023247Z         {
job-core	Check JSON	2025-03-27T11:21:11.9023903Z           "conclusion": "success",
job-core	Check JSON	2025-03-27T11:21:11.9025056Z           "name": "Post Checkout code",
job-core	Check JSON	2025-03-27T11:21:11.9025728Z           "number": 10,
job-core	Check JSON	2025-03-27T11:21:11.9026386Z           "status": "completed"
job-core	Check JSON	2025-03-27T11:21:11.9026995Z         },
job-core	Check JSON	2025-03-27T11:21:11.9027410Z         {
job-core	Check JSON	2025-03-27T11:21:11.9027963Z           "conclusion": "success",
job-core	Check JSON	2025-03-27T11:21:11.9028697Z           "name": "Complete job",
job-core	Check JSON	2025-03-27T11:21:11.9029333Z           "number": 11,
job-core	Check JSON	2025-03-27T11:21:11.9029982Z           "status": "completed"
job-core	Check JSON	2025-03-27T11:21:11.9030579Z         }
job-core	Check JSON	2025-03-27T11:21:11.9031019Z       ],
job-core	Check JSON	2025-03-27T11:21:11.9032140Z       "url": "https://github.com/Ka0s-Klaus/ka0s/actions/runs/14102469536/job/39501481042"
job-core	Check JSON	2025-03-27T11:21:11.9033190Z     },
job-core	Check JSON	2025-03-27T11:21:11.9033839Z     {
job-core	Check JSON	2025-03-27T11:21:11.9034662Z       "completedAt": "2025-03-27T08:56:15Z",
job-core	Check JSON	2025-03-27T11:21:11.9035460Z       "conclusion": "success",
job-core	Check JSON	2025-03-27T11:21:11.9036209Z       "databaseId": 39501550104,
job-core	Check JSON	2025-03-27T11:21:11.9036912Z       "name": "handle-success",
job-core	Check JSON	2025-03-27T11:21:11.9037663Z       "startedAt": "2025-03-27T08:56:05Z",
job-core	Check JSON	2025-03-27T11:21:11.9038403Z       "status": "completed",
job-core	Check JSON	2025-03-27T11:21:11.9039008Z       "steps": [
job-core	Check JSON	2025-03-27T11:21:11.9039497Z         {
job-core	Check JSON	2025-03-27T11:21:11.9040059Z           "conclusion": "success",
job-core	Check JSON	2025-03-27T11:21:11.9040787Z           "name": "Set up job",
job-core	Check JSON	2025-03-27T11:21:11.9041393Z           "number": 1,
job-core	Check JSON	2025-03-27T11:21:11.9042029Z           "status": "completed"
job-core	Check JSON	2025-03-27T11:21:11.9042627Z         },
job-core	Check JSON	2025-03-27T11:21:11.9043054Z         {
job-core	Check JSON	2025-03-27T11:21:11.9043682Z           "conclusion": "success",
job-core	Check JSON	2025-03-27T11:21:11.9044914Z           "name": "handle-success-execution",
job-core	Check JSON	2025-03-27T11:21:11.9045649Z           "number": 2,
job-core	Check JSON	2025-03-27T11:21:11.9046286Z           "status": "completed"
job-core	Check JSON	2025-03-27T11:21:11.9046859Z         },
job-core	Check JSON	2025-03-27T11:21:11.9047293Z         {
job-core	Check JSON	2025-03-27T11:21:11.9047937Z           "conclusion": "success",
job-core	Check JSON	2025-03-27T11:21:11.9048801Z           "name": "Complete job",
job-core	Check JSON	2025-03-27T11:21:11.9049483Z           "number": 3,
job-core	Check JSON	2025-03-27T11:21:11.9050103Z           "status": "completed"
job-core	Check JSON	2025-03-27T11:21:11.9050708Z         }
job-core	Check JSON	2025-03-27T11:21:11.9051144Z       ],
job-core	Check JSON	2025-03-27T11:21:11.9052246Z       "url": "https://github.com/Ka0s-Klaus/ka0s/actions/runs/14102469536/job/39501550104"
job-core	Check JSON	2025-03-27T11:21:11.9053314Z     },
job-core	Check JSON	2025-03-27T11:21:11.9053741Z     {
job-core	Check JSON	2025-03-27T11:21:11.9054878Z       "completedAt": "2025-03-27T09:04:56Z",
job-core	Check JSON	2025-03-27T11:21:11.9055682Z       "conclusion": "success",
job-core	Check JSON	2025-03-27T11:21:11.9065185Z       "databaseId": 39501778281,
job-core	Check JSON	2025-03-27T11:21:11.9065931Z       "name": "end-workflow",
job-core	Check JSON	2025-03-27T11:21:11.9066854Z       "startedAt": "2025-03-27T09:04:43Z",
job-core	Check JSON	2025-03-27T11:21:11.9068355Z       "status": "completed",
job-core	Check JSON	2025-03-27T11:21:11.9069330Z       "steps": [
job-core	Check JSON	2025-03-27T11:21:11.9069764Z         {
job-core	Check JSON	2025-03-27T11:21:11.9070340Z           "conclusion": "success",
job-core	Check JSON	2025-03-27T11:21:11.9071340Z           "name": "Set up job",
job-core	Check JSON	2025-03-27T11:21:11.9072101Z           "number": 1,
job-core	Check JSON	2025-03-27T11:21:11.9072733Z           "status": "completed"
job-core	Check JSON	2025-03-27T11:21:11.9073293Z         },
job-core	Check JSON	2025-03-27T11:21:11.9073719Z         {
job-core	Check JSON	2025-03-27T11:21:11.9074345Z           "conclusion": "success",
job-core	Check JSON	2025-03-27T11:21:11.9075027Z           "name": "Checkout code",
job-core	Check JSON	2025-03-27T11:21:11.9075693Z           "number": 2,
job-core	Check JSON	2025-03-27T11:21:11.9076434Z           "status": "completed"
job-core	Check JSON	2025-03-27T11:21:11.9077158Z         },
job-core	Check JSON	2025-03-27T11:21:11.9077747Z         {
job-core	Check JSON	2025-03-27T11:21:11.9078335Z           "conclusion": "success",
job-core	Check JSON	2025-03-27T11:21:11.9079242Z           "name": "Finaliza el workflow",
job-core	Check JSON	2025-03-27T11:21:11.9080013Z           "number": 3,
job-core	Check JSON	2025-03-27T11:21:11.9080865Z           "status": "completed"
job-core	Check JSON	2025-03-27T11:21:11.9081760Z         },
job-core	Check JSON	2025-03-27T11:21:11.9082291Z         {
job-core	Check JSON	2025-03-27T11:21:11.9083240Z           "conclusion": "success",
job-core	Check JSON	2025-03-27T11:21:11.9084570Z           "name": "Post Checkout code",
job-core	Check JSON	2025-03-27T11:21:11.9085960Z           "number": 6,
job-core	Check JSON	2025-03-27T11:21:11.9087005Z           "status": "completed"
job-core	Check JSON	2025-03-27T11:21:11.9087924Z         },
job-core	Check JSON	2025-03-27T11:21:11.9088721Z         {
job-core	Check JSON	2025-03-27T11:21:11.9089695Z           "conclusion": "success",
job-core	Check JSON	2025-03-27T11:21:11.9090863Z           "name": "Complete job",
job-core	Check JSON	2025-03-27T11:21:11.9091864Z           "number": 7,
job-core	Check JSON	2025-03-27T11:21:11.9092905Z           "status": "completed"
job-core	Check JSON	2025-03-27T11:21:11.9093862Z         }
job-core	Check JSON	2025-03-27T11:21:11.9094113Z       ],
job-core	Check JSON	2025-03-27T11:21:11.9094702Z       "url": "https://github.com/Ka0s-Klaus/ka0s/actions/runs/14102469536/job/39501778281"
job-core	Check JSON	2025-03-27T11:21:11.9095295Z     },
job-core	Check JSON	2025-03-27T11:21:11.9095522Z     {
job-core	Check JSON	2025-03-27T11:21:11.9095851Z       "completedAt": "2025-03-27T08:56:15Z",
job-core	Check JSON	2025-03-27T11:21:11.9096296Z       "conclusion": "skipped",
job-core	Check JSON	2025-03-27T11:21:11.9096670Z       "databaseId": 39501778333,
job-core	Check JSON	2025-03-27T11:21:11.9097053Z       "name": "handle_failure",
job-core	Check JSON	2025-03-27T11:21:11.9097453Z       "startedAt": "2025-03-27T08:56:16Z",
job-core	Check JSON	2025-03-27T11:21:11.9097843Z       "status": "completed",
job-core	Check JSON	2025-03-27T11:21:11.9098154Z       "steps": [],
job-core	Check JSON	2025-03-27T11:21:11.9098756Z       "url": "https://github.com/Ka0s-Klaus/ka0s/actions/runs/14102469536/job/39501778333"
job-core	Check JSON	2025-03-27T11:21:11.9099302Z     }
job-core	Check JSON	2025-03-27T11:21:11.9099521Z   ],
job-core	Check JSON	2025-03-27T11:21:11.9099776Z   "name": "Ka0s JSON Lint",
job-core	Check JSON	2025-03-27T11:21:11.9100089Z   "number": 111,
job-core	Check JSON	2025-03-27T11:21:11.9100420Z   "startedAt": "2025-03-27T08:51:01Z",
job-core	Check JSON	2025-03-27T11:21:11.9100787Z   "status": "completed",
job-core	Check JSON	2025-03-27T11:21:11.9101159Z   "updatedAt": "2025-03-27T09:04:57Z",
job-core	Check JSON	2025-03-27T11:21:11.9101730Z   "url": "https://github.com/Ka0s-Klaus/ka0s/actions/runs/14102469536",
job-core	Check JSON	2025-03-27T11:21:11.9102287Z   "workflowDatabaseId": 152110813,
job-core	Check JSON	2025-03-27T11:21:11.9102694Z   "workflowName": "Ka0s JSON Lint"
job-core	Check JSON	2025-03-27T11:21:11.9103108Z }
job-core	Check JSON	2025-03-27T11:21:11.9104257Z File core/outputs/j/jsonlint-results-14105303693.txt is not empty and is content not correct and write commit info
job-core	Check JSON	2025-03-27T11:21:13.5325468Z https://github.com/Ka0s-Klaus/ka0s/issues/44#issuecomment-2757681608
job-core	Post Install Node.js	﻿2025-03-27T11:21:13.5553105Z Post job cleanup.
job-core	Post Checkout code	﻿2025-03-27T11:21:13.7872248Z Post job cleanup.
job-core	Post Checkout code	2025-03-27T11:21:13.9782894Z [command]/usr/bin/git version
job-core	Post Checkout code	2025-03-27T11:21:13.9878706Z git version 2.48.1
job-core	Post Checkout code	2025-03-27T11:21:13.9942520Z Copying '/home/kaos/.gitconfig' to '/actions-runner/_work/_temp/74b5d86e-891c-4c64-b8a7-6a39710d660b/.gitconfig'
job-core	Post Checkout code	2025-03-27T11:21:13.9961047Z Temporarily overriding HOME='/actions-runner/_work/_temp/74b5d86e-891c-4c64-b8a7-6a39710d660b' before making global git config changes
job-core	Post Checkout code	2025-03-27T11:21:13.9965459Z Adding repository directory to the temporary git global config as a safe directory
job-core	Post Checkout code	2025-03-27T11:21:13.9974632Z [command]/usr/bin/git config --global --add safe.directory /actions-runner/_work/ka0s/ka0s
job-core	Post Checkout code	2025-03-27T11:21:14.0038040Z [command]/usr/bin/git config --local --name-only --get-regexp core\.sshCommand
job-core	Post Checkout code	2025-03-27T11:21:14.0126971Z [command]/usr/bin/git submodule foreach --recursive sh -c "git config --local --name-only --get-regexp 'core\.sshCommand' && git config --local --unset-all 'core.sshCommand' || :"
job-core	Post Checkout code	2025-03-27T11:21:14.0569586Z [command]/usr/bin/git config --local --name-only --get-regexp http\.https\:\/\/github\.com\/\.extraheader
job-core	Post Checkout code	2025-03-27T11:21:14.0638160Z http.https://github.com/.extraheader
job-core	Post Checkout code	2025-03-27T11:21:14.0649801Z [command]/usr/bin/git config --local --unset-all http.https://github.com/.extraheader
job-core	Post Checkout code	2025-03-27T11:21:14.0736887Z [command]/usr/bin/git submodule foreach --recursive sh -c "git config --local --name-only --get-regexp 'http\.https\:\/\/github\.com\/\.extraheader' && git config --local --unset-all 'http.https://github.com/.extraheader' || :"
job-core	Complete job	﻿2025-03-27T11:21:14.1646677Z Cleaning up orphan processes
handle-success	Set up job	﻿2025-03-27T11:24:10.5734587Z Current runner version: '2.323.0'
handle-success	Set up job	2025-03-27T11:24:10.5748540Z Runner name: 'kaos-4'
handle-success	Set up job	2025-03-27T11:24:10.5750432Z Machine name: '3fe80eba0036'
handle-success	Set up job	2025-03-27T11:24:10.5756764Z ##[group]GITHUB_TOKEN Permissions
handle-success	Set up job	2025-03-27T11:24:10.5760040Z Actions: write
handle-success	Set up job	2025-03-27T11:24:10.5761039Z Contents: write
handle-success	Set up job	2025-03-27T11:24:10.5761714Z Issues: write
handle-success	Set up job	2025-03-27T11:24:10.5762401Z Metadata: read
handle-success	Set up job	2025-03-27T11:24:10.5763156Z PullRequests: write
handle-success	Set up job	2025-03-27T11:24:10.5764076Z ##[endgroup]
handle-success	Set up job	2025-03-27T11:24:10.5767416Z Secret source: Actions
handle-success	Set up job	2025-03-27T11:24:10.5768560Z Prepare workflow directory
handle-success	Set up job	2025-03-27T11:24:10.6724313Z Prepare all required actions
handle-success	Set up job	2025-03-27T11:24:10.6777591Z Getting action download info
handle-success	Set up job	2025-03-27T11:24:11.3723149Z Download action repository 'actions/checkout@v4' (SHA:11bd71901bbe5b1630ceea73d27597364c9af683)
handle-success	Set up job	2025-03-27T11:24:13.7060964Z Complete job name: handle-success
handle-success	Checkout code	﻿2025-03-27T11:24:13.8010021Z ##[group]Run actions/checkout@v4
handle-success	Checkout code	2025-03-27T11:24:13.8013331Z with:
handle-success	Checkout code	2025-03-27T11:24:13.8015145Z   fetch-depth: 0
handle-success	Checkout code	2025-03-27T11:24:13.8017753Z   token: ***
handle-success	Checkout code	2025-03-27T11:24:13.8020141Z   repository: Ka0s-Klaus/ka0s
handle-success	Checkout code	2025-03-27T11:24:13.8023663Z   ssh-strict: true
handle-success	Checkout code	2025-03-27T11:24:13.8026852Z   ssh-user: git
handle-success	Checkout code	2025-03-27T11:24:13.8030700Z   persist-credentials: true
handle-success	Checkout code	2025-03-27T11:24:13.8034652Z   clean: true
handle-success	Checkout code	2025-03-27T11:24:13.8037857Z   sparse-checkout-cone-mode: true
handle-success	Checkout code	2025-03-27T11:24:13.8041986Z   fetch-tags: false
handle-success	Checkout code	2025-03-27T11:24:13.8045692Z   show-progress: true
handle-success	Checkout code	2025-03-27T11:24:13.8049281Z   lfs: false
handle-success	Checkout code	2025-03-27T11:24:13.8052429Z   submodules: false
handle-success	Checkout code	2025-03-27T11:24:13.8056143Z   set-safe-directory: true
handle-success	Checkout code	2025-03-27T11:24:13.8060305Z env:
handle-success	Checkout code	2025-03-27T11:24:13.8063056Z   KAOS_MODULE: [Ka0S] JSONLINT
handle-success	Checkout code	2025-03-27T11:24:13.8068227Z   GH_TOKEN: ***
handle-success	Checkout code	2025-03-27T11:24:13.8071957Z   KAOS_JSONLINT_CONFIG: core/config/.jsonlint.json
handle-success	Checkout code	2025-03-27T11:24:13.8075345Z   KAOS_PATH_RESUME: core/outputs/j/
handle-success	Checkout code	2025-03-27T11:24:13.8077231Z   KAOS_REPO: /actions-runner/_work/kaos/kaos
handle-success	Checkout code	2025-03-27T11:24:13.8078849Z   KAOS_STEP_MODULE: 
handle-success	Checkout code	2025-03-27T11:24:13.8081827Z   KAOS_CODE: 14105303693
handle-success	Checkout code	2025-03-27T11:24:13.8084470Z   KAOS_REF_BRANCH: main
handle-success	Checkout code	2025-03-27T11:24:13.8085502Z ##[endgroup]
handle-success	Checkout code	2025-03-27T11:24:14.0047337Z Syncing repository: Ka0s-Klaus/ka0s
handle-success	Checkout code	2025-03-27T11:24:14.0051154Z ##[group]Getting Git version info
handle-success	Checkout code	2025-03-27T11:24:14.0052844Z Working directory is '/actions-runner/_work/ka0s/ka0s'
handle-success	Checkout code	2025-03-27T11:24:14.0055657Z [command]/usr/bin/git version
handle-success	Checkout code	2025-03-27T11:24:14.0058997Z git version 2.48.1
handle-success	Checkout code	2025-03-27T11:24:14.0068307Z ##[endgroup]
handle-success	Checkout code	2025-03-27T11:24:14.0084377Z Copying '/home/kaos/.gitconfig' to '/actions-runner/_work/_temp/dfd3f645-6493-4443-99b7-c1e449dd2806/.gitconfig'
handle-success	Checkout code	2025-03-27T11:24:14.0107433Z Temporarily overriding HOME='/actions-runner/_work/_temp/dfd3f645-6493-4443-99b7-c1e449dd2806' before making global git config changes
handle-success	Checkout code	2025-03-27T11:24:14.0112300Z Adding repository directory to the temporary git global config as a safe directory
handle-success	Checkout code	2025-03-27T11:24:14.0119226Z [command]/usr/bin/git config --global --add safe.directory /actions-runner/_work/ka0s/ka0s
handle-success	Checkout code	2025-03-27T11:24:14.0195662Z [command]/usr/bin/git config --local --get remote.origin.url
handle-success	Checkout code	2025-03-27T11:24:14.0227804Z https://github.com/Ka0s-Klaus/ka0s
handle-success	Checkout code	2025-03-27T11:24:14.0264705Z ##[group]Removing previously created refs, to avoid conflicts
handle-success	Checkout code	2025-03-27T11:24:14.0268880Z [command]/usr/bin/git rev-parse --symbolic-full-name --verify --quiet HEAD
handle-success	Checkout code	2025-03-27T11:24:14.0305738Z refs/heads/H44-creación-módulo-versionado
handle-success	Checkout code	2025-03-27T11:24:14.0325520Z [command]/usr/bin/git checkout --detach
handle-success	Checkout code	2025-03-27T11:24:14.0442286Z HEAD is now at 59bec5b [Ka0S] Uploading resume execution files to the repository...
handle-success	Checkout code	2025-03-27T11:24:14.0525826Z [command]/usr/bin/git branch --delete --force H44-creación-módulo-versionado
handle-success	Checkout code	2025-03-27T11:24:14.0572205Z Deleted branch H44-creación-módulo-versionado (was 59bec5b).
handle-success	Checkout code	2025-03-27T11:24:14.0644382Z ##[endgroup]
handle-success	Checkout code	2025-03-27T11:24:14.0648663Z [command]/usr/bin/git submodule status
handle-success	Checkout code	2025-03-27T11:24:14.1042895Z ##[group]Cleaning the repository
handle-success	Checkout code	2025-03-27T11:24:14.1046467Z [command]/usr/bin/git clean -ffdx
handle-success	Checkout code	2025-03-27T11:24:14.1119758Z [command]/usr/bin/git reset --hard HEAD
handle-success	Checkout code	2025-03-27T11:24:14.1274391Z HEAD is now at 59bec5b [Ka0S] Uploading resume execution files to the repository...
handle-success	Checkout code	2025-03-27T11:24:14.1285463Z ##[endgroup]
handle-success	Checkout code	2025-03-27T11:24:14.1287366Z ##[group]Disabling automatic garbage collection
handle-success	Checkout code	2025-03-27T11:24:14.1291515Z [command]/usr/bin/git config --local gc.auto 0
handle-success	Checkout code	2025-03-27T11:24:14.1358024Z ##[endgroup]
handle-success	Checkout code	2025-03-27T11:24:14.1360815Z ##[group]Setting up auth
handle-success	Checkout code	2025-03-27T11:24:14.1364553Z [command]/usr/bin/git config --local --name-only --get-regexp core\.sshCommand
handle-success	Checkout code	2025-03-27T11:24:14.1415587Z [command]/usr/bin/git submodule foreach --recursive sh -c "git config --local --name-only --get-regexp 'core\.sshCommand' && git config --local --unset-all 'core.sshCommand' || :"
handle-success	Checkout code	2025-03-27T11:24:14.1819380Z [command]/usr/bin/git config --local --name-only --get-regexp http\.https\:\/\/github\.com\/\.extraheader
handle-success	Checkout code	2025-03-27T11:24:14.1895444Z [command]/usr/bin/git submodule foreach --recursive sh -c "git config --local --name-only --get-regexp 'http\.https\:\/\/github\.com\/\.extraheader' && git config --local --unset-all 'http.https://github.com/.extraheader' || :"
handle-success	Checkout code	2025-03-27T11:24:14.2296179Z [command]/usr/bin/git config --local http.https://github.com/.extraheader AUTHORIZATION: basic ***
handle-success	Checkout code	2025-03-27T11:24:14.2380913Z ##[endgroup]
handle-success	Checkout code	2025-03-27T11:24:14.2386794Z ##[group]Fetching the repository
handle-success	Checkout code	2025-03-27T11:24:14.2399419Z [command]/usr/bin/git -c protocol.version=2 fetch --prune --no-recurse-submodules origin +refs/heads/*:refs/remotes/origin/* +refs/tags/*:refs/tags/*
handle-success	Checkout code	2025-03-27T11:24:15.2710091Z [command]/usr/bin/git branch --list --remote origin/H44-creación-módulo-versionado
handle-success	Checkout code	2025-03-27T11:24:15.2746675Z   origin/H44-creación-módulo-versionado
handle-success	Checkout code	2025-03-27T11:24:15.2760289Z [command]/usr/bin/git rev-parse refs/remotes/origin/H44-creación-módulo-versionado
handle-success	Checkout code	2025-03-27T11:24:15.2793389Z 59bec5b57fa6a13f2abdaf06284b73340ff59869
handle-success	Checkout code	2025-03-27T11:24:15.2801103Z ##[endgroup]
handle-success	Checkout code	2025-03-27T11:24:15.2802398Z ##[group]Determining the checkout info
handle-success	Checkout code	2025-03-27T11:24:15.2803950Z ##[endgroup]
handle-success	Checkout code	2025-03-27T11:24:15.2812207Z [command]/usr/bin/git sparse-checkout disable
handle-success	Checkout code	2025-03-27T11:24:15.2910369Z [command]/usr/bin/git config --local --unset-all extensions.worktreeConfig
handle-success	Checkout code	2025-03-27T11:24:15.2959765Z ##[group]Checking out the ref
handle-success	Checkout code	2025-03-27T11:24:15.2968794Z [command]/usr/bin/git checkout --progress --force -B H44-creación-módulo-versionado refs/remotes/origin/H44-creación-módulo-versionado
handle-success	Checkout code	2025-03-27T11:24:15.3113343Z Switched to a new branch 'H44-creación-módulo-versionado'
handle-success	Checkout code	2025-03-27T11:24:15.3128491Z branch 'H44-creación-módulo-versionado' set up to track 'origin/H44-creación-módulo-versionado'.
handle-success	Checkout code	2025-03-27T11:24:15.3138405Z ##[endgroup]
handle-success	Checkout code	2025-03-27T11:24:15.3198538Z [command]/usr/bin/git log -1 --format=%H
handle-success	Checkout code	2025-03-27T11:24:15.3250470Z 59bec5b57fa6a13f2abdaf06284b73340ff59869
handle-success	handle-success-execution	﻿2025-03-27T11:24:15.3645410Z ##[group]Run # Si todo ha ido correcto añadimos el contenido del fichero 
handle-success	handle-success-execution	2025-03-27T11:24:15.3647041Z [36;1m# Si todo ha ido correcto añadimos el contenido del fichero [0m
handle-success	handle-success-execution	2025-03-27T11:24:15.3648386Z [36;1mRNNUMBER=$(echo "refs/heads/H44-creación-módulo-versionado" | grep -o '[0-9]*')[0m
handle-success	handle-success-execution	2025-03-27T11:24:15.3650393Z [36;1mgh issue comment $RNNUMBER --body "El proceso ha finalizado correctamente 14105303693. El resultado está en el fichero core/results/event_data14105303693.log"[0m
handle-success	handle-success-execution	2025-03-27T11:24:15.3674460Z shell: /usr/bin/bash -e {0}
handle-success	handle-success-execution	2025-03-27T11:24:15.3675592Z env:
handle-success	handle-success-execution	2025-03-27T11:24:15.3676112Z   KAOS_MODULE: [Ka0S] JSONLINT
handle-success	handle-success-execution	2025-03-27T11:24:15.3677300Z   GH_TOKEN: ***
handle-success	handle-success-execution	2025-03-27T11:24:15.3677731Z   KAOS_JSONLINT_CONFIG: core/config/.jsonlint.json
handle-success	handle-success-execution	2025-03-27T11:24:15.3678554Z   KAOS_PATH_RESUME: core/outputs/j/
handle-success	handle-success-execution	2025-03-27T11:24:15.3679332Z   KAOS_REPO: /actions-runner/_work/kaos/kaos
handle-success	handle-success-execution	2025-03-27T11:24:15.3701629Z   KAOS_STEP_MODULE: 
handle-success	handle-success-execution	2025-03-27T11:24:15.3702791Z   KAOS_CODE: 14105303693
handle-success	handle-success-execution	2025-03-27T11:24:15.3704654Z   KAOS_REF_BRANCH: main
handle-success	handle-success-execution	2025-03-27T11:24:15.3705971Z ##[endgroup]
handle-success	handle-success-execution	2025-03-27T11:24:16.7290115Z https://github.com/Ka0s-Klaus/ka0s/issues/44#issuecomment-2757689713
handle-success	Post Checkout code	﻿2025-03-27T11:24:16.7564797Z Post job cleanup.
handle-success	Post Checkout code	2025-03-27T11:24:16.9785586Z [command]/usr/bin/git version
handle-success	Post Checkout code	2025-03-27T11:24:16.9897051Z git version 2.48.1
handle-success	Post Checkout code	2025-03-27T11:24:16.9994549Z Copying '/home/kaos/.gitconfig' to '/actions-runner/_work/_temp/45954b8a-810e-4473-b560-75495c36bbd2/.gitconfig'
handle-success	Post Checkout code	2025-03-27T11:24:17.0037876Z Temporarily overriding HOME='/actions-runner/_work/_temp/45954b8a-810e-4473-b560-75495c36bbd2' before making global git config changes
handle-success	Post Checkout code	2025-03-27T11:24:17.0040685Z Adding repository directory to the temporary git global config as a safe directory
handle-success	Post Checkout code	2025-03-27T11:24:17.0048702Z [command]/usr/bin/git config --global --add safe.directory /actions-runner/_work/ka0s/ka0s
handle-success	Post Checkout code	2025-03-27T11:24:17.0127558Z [command]/usr/bin/git config --local --name-only --get-regexp core\.sshCommand
handle-success	Post Checkout code	2025-03-27T11:24:17.0238349Z [command]/usr/bin/git submodule foreach --recursive sh -c "git config --local --name-only --get-regexp 'core\.sshCommand' && git config --local --unset-all 'core.sshCommand' || :"
handle-success	Post Checkout code	2025-03-27T11:24:17.0877982Z [command]/usr/bin/git config --local --name-only --get-regexp http\.https\:\/\/github\.com\/\.extraheader
handle-success	Post Checkout code	2025-03-27T11:24:17.0914488Z http.https://github.com/.extraheader
handle-success	Post Checkout code	2025-03-27T11:24:17.0935595Z [command]/usr/bin/git config --local --unset-all http.https://github.com/.extraheader
handle-success	Post Checkout code	2025-03-27T11:24:17.0986363Z [command]/usr/bin/git submodule foreach --recursive sh -c "git config --local --name-only --get-regexp 'http\.https\:\/\/github\.com\/\.extraheader' && git config --local --unset-all 'http.https://github.com/.extraheader' || :"
handle-success	Complete job	﻿2025-03-27T11:24:17.1571118Z Cleaning up orphan processes
end-workflow	Set up job	﻿2025-03-27T11:25:55.1693470Z Current runner version: '2.323.0'
end-workflow	Set up job	2025-03-27T11:25:55.1712562Z Runner name: 'ka0s-runner-1'
end-workflow	Set up job	2025-03-27T11:25:55.1715202Z Machine name: '181b3e34799e'
end-workflow	Set up job	2025-03-27T11:25:55.1722260Z ##[group]GITHUB_TOKEN Permissions
end-workflow	Set up job	2025-03-27T11:25:55.1727416Z Actions: write
end-workflow	Set up job	2025-03-27T11:25:55.1728825Z Contents: write
end-workflow	Set up job	2025-03-27T11:25:55.1729950Z Issues: write
end-workflow	Set up job	2025-03-27T11:25:55.1731459Z Metadata: read
end-workflow	Set up job	2025-03-27T11:25:55.1733189Z PullRequests: write
end-workflow	Set up job	2025-03-27T11:25:55.1734389Z ##[endgroup]
end-workflow	Set up job	2025-03-27T11:25:55.1740174Z Secret source: Actions
end-workflow	Set up job	2025-03-27T11:25:55.1741255Z Prepare workflow directory
end-workflow	Set up job	2025-03-27T11:25:55.3274414Z Prepare all required actions
end-workflow	Set up job	2025-03-27T11:25:55.3365671Z Getting action download info
end-workflow	Set up job	2025-03-27T11:25:56.2941653Z Download action repository 'actions/checkout@v4' (SHA:11bd71901bbe5b1630ceea73d27597364c9af683)
end-workflow	Set up job	2025-03-27T11:25:58.3782652Z Complete job name: end-workflow
end-workflow	Checkout code	﻿2025-03-27T11:25:58.4593043Z ##[group]Run actions/checkout@v4
end-workflow	Checkout code	2025-03-27T11:25:58.4595203Z with:
end-workflow	Checkout code	2025-03-27T11:25:58.4596214Z   fetch-depth: 0
end-workflow	Checkout code	2025-03-27T11:25:58.4597974Z   token: ***
end-workflow	Checkout code	2025-03-27T11:25:58.4599071Z   repository: Ka0s-Klaus/ka0s
end-workflow	Checkout code	2025-03-27T11:25:58.4600348Z   ssh-strict: true
end-workflow	Checkout code	2025-03-27T11:25:58.4601427Z   ssh-user: git
end-workflow	Checkout code	2025-03-27T11:25:58.4602516Z   persist-credentials: true
end-workflow	Checkout code	2025-03-27T11:25:58.4603738Z   clean: true
end-workflow	Checkout code	2025-03-27T11:25:58.4604944Z   sparse-checkout-cone-mode: true
end-workflow	Checkout code	2025-03-27T11:25:58.4606301Z   fetch-tags: false
end-workflow	Checkout code	2025-03-27T11:25:58.4607425Z   show-progress: true
end-workflow	Checkout code	2025-03-27T11:25:58.4608551Z   lfs: false
end-workflow	Checkout code	2025-03-27T11:25:58.4609576Z   submodules: false
end-workflow	Checkout code	2025-03-27T11:25:58.4610698Z   set-safe-directory: true
end-workflow	Checkout code	2025-03-27T11:25:58.4612378Z env:
end-workflow	Checkout code	2025-03-27T11:25:58.4613390Z   KAOS_MODULE: [Ka0S] JSONLINT
end-workflow	Checkout code	2025-03-27T11:25:58.4615185Z   GH_TOKEN: ***
end-workflow	Checkout code	2025-03-27T11:25:58.4616441Z   KAOS_JSONLINT_CONFIG: core/config/.jsonlint.json
end-workflow	Checkout code	2025-03-27T11:25:58.4618037Z   KAOS_PATH_RESUME: core/outputs/j/
end-workflow	Checkout code	2025-03-27T11:25:58.4619582Z   KAOS_REPO: /actions-runner/_work/kaos/kaos
end-workflow	Checkout code	2025-03-27T11:25:58.4621074Z   KAOS_STEP_MODULE: 
end-workflow	Checkout code	2025-03-27T11:25:58.4622248Z   KAOS_CODE: 14105303693
end-workflow	Checkout code	2025-03-27T11:25:58.4623448Z   KAOS_REF_BRANCH: main
end-workflow	Checkout code	2025-03-27T11:25:58.4624969Z ##[endgroup]
end-workflow	Checkout code	2025-03-27T11:25:58.6674916Z Syncing repository: Ka0s-Klaus/ka0s
end-workflow	Checkout code	2025-03-27T11:25:58.6681292Z ##[group]Getting Git version info
end-workflow	Checkout code	2025-03-27T11:25:58.6684797Z Working directory is '/actions-runner/_work/ka0s/ka0s'
end-workflow	Checkout code	2025-03-27T11:25:58.6689035Z [command]/usr/bin/git version
end-workflow	Checkout code	2025-03-27T11:25:58.6691189Z git version 2.48.1
end-workflow	Checkout code	2025-03-27T11:25:58.6698869Z ##[endgroup]
end-workflow	Checkout code	2025-03-27T11:25:58.6713863Z Copying '/home/kaos/.gitconfig' to '/actions-runner/_work/_temp/13379618-1fb4-47aa-a183-8212cd9d5956/.gitconfig'
end-workflow	Checkout code	2025-03-27T11:25:58.6718274Z Temporarily overriding HOME='/actions-runner/_work/_temp/13379618-1fb4-47aa-a183-8212cd9d5956' before making global git config changes
end-workflow	Checkout code	2025-03-27T11:25:58.6722134Z Adding repository directory to the temporary git global config as a safe directory
end-workflow	Checkout code	2025-03-27T11:25:58.6725343Z [command]/usr/bin/git config --global --add safe.directory /actions-runner/_work/ka0s/ka0s
end-workflow	Checkout code	2025-03-27T11:25:58.6729743Z [command]/usr/bin/git config --local --get remote.origin.url
end-workflow	Checkout code	2025-03-27T11:25:58.6749478Z https://github.com/Ka0s-Klaus/ka0s
end-workflow	Checkout code	2025-03-27T11:25:58.6775645Z ##[group]Removing previously created refs, to avoid conflicts
end-workflow	Checkout code	2025-03-27T11:25:58.6783985Z [command]/usr/bin/git rev-parse --symbolic-full-name --verify --quiet HEAD
end-workflow	Checkout code	2025-03-27T11:25:58.6815097Z refs/heads/H44-creación-módulo-versionado
end-workflow	Checkout code	2025-03-27T11:25:58.6831713Z [command]/usr/bin/git checkout --detach
end-workflow	Checkout code	2025-03-27T11:25:58.6940777Z HEAD is now at 59bec5b [Ka0S] Uploading resume execution files to the repository...
end-workflow	Checkout code	2025-03-27T11:25:58.7004840Z [command]/usr/bin/git branch --delete --force H44-creación-módulo-versionado
end-workflow	Checkout code	2025-03-27T11:25:58.7046486Z Deleted branch H44-creación-módulo-versionado (was 59bec5b).
end-workflow	Checkout code	2025-03-27T11:25:58.7111835Z ##[endgroup]
end-workflow	Checkout code	2025-03-27T11:25:58.7115214Z [command]/usr/bin/git submodule status
end-workflow	Checkout code	2025-03-27T11:25:58.7490812Z ##[group]Cleaning the repository
end-workflow	Checkout code	2025-03-27T11:25:58.7496197Z [command]/usr/bin/git clean -ffdx
end-workflow	Checkout code	2025-03-27T11:25:58.7567380Z [command]/usr/bin/git reset --hard HEAD
end-workflow	Checkout code	2025-03-27T11:25:58.7710648Z HEAD is now at 59bec5b [Ka0S] Uploading resume execution files to the repository...
end-workflow	Checkout code	2025-03-27T11:25:58.7721262Z ##[endgroup]
end-workflow	Checkout code	2025-03-27T11:25:58.7724663Z ##[group]Disabling automatic garbage collection
end-workflow	Checkout code	2025-03-27T11:25:58.7727867Z [command]/usr/bin/git config --local gc.auto 0
end-workflow	Checkout code	2025-03-27T11:25:58.7771325Z ##[endgroup]
end-workflow	Checkout code	2025-03-27T11:25:58.7774545Z ##[group]Setting up auth
end-workflow	Checkout code	2025-03-27T11:25:58.7783449Z [command]/usr/bin/git config --local --name-only --get-regexp core\.sshCommand
end-workflow	Checkout code	2025-03-27T11:25:58.7834916Z [command]/usr/bin/git submodule foreach --recursive sh -c "git config --local --name-only --get-regexp 'core\.sshCommand' && git config --local --unset-all 'core.sshCommand' || :"
end-workflow	Checkout code	2025-03-27T11:25:58.8268782Z [command]/usr/bin/git config --local --name-only --get-regexp http\.https\:\/\/github\.com\/\.extraheader
end-workflow	Checkout code	2025-03-27T11:25:58.8320919Z [command]/usr/bin/git submodule foreach --recursive sh -c "git config --local --name-only --get-regexp 'http\.https\:\/\/github\.com\/\.extraheader' && git config --local --unset-all 'http.https://github.com/.extraheader' || :"
end-workflow	Checkout code	2025-03-27T11:25:58.8767550Z [command]/usr/bin/git config --local http.https://github.com/.extraheader AUTHORIZATION: basic ***
end-workflow	Checkout code	2025-03-27T11:25:58.8846881Z ##[endgroup]
end-workflow	Checkout code	2025-03-27T11:25:58.8851365Z ##[group]Fetching the repository
end-workflow	Checkout code	2025-03-27T11:25:58.8918152Z [command]/usr/bin/git -c protocol.version=2 fetch --prune --no-recurse-submodules origin +refs/heads/*:refs/remotes/origin/* +refs/tags/*:refs/tags/*
end-workflow	Checkout code	2025-03-27T11:26:00.1277052Z From https://github.com/Ka0s-Klaus/ka0s
end-workflow	Checkout code	2025-03-27T11:26:00.1279781Z    2e22293..9309773  main       -> origin/main
end-workflow	Checkout code	2025-03-27T11:26:00.1335070Z [command]/usr/bin/git branch --list --remote origin/H44-creación-módulo-versionado
end-workflow	Checkout code	2025-03-27T11:26:00.1370636Z   origin/H44-creación-módulo-versionado
end-workflow	Checkout code	2025-03-27T11:26:00.1384576Z [command]/usr/bin/git rev-parse refs/remotes/origin/H44-creación-módulo-versionado
end-workflow	Checkout code	2025-03-27T11:26:00.1415721Z 59bec5b57fa6a13f2abdaf06284b73340ff59869
end-workflow	Checkout code	2025-03-27T11:26:00.1424065Z ##[endgroup]
end-workflow	Checkout code	2025-03-27T11:26:00.1425223Z ##[group]Determining the checkout info
end-workflow	Checkout code	2025-03-27T11:26:00.1426851Z ##[endgroup]
end-workflow	Checkout code	2025-03-27T11:26:00.1433429Z [command]/usr/bin/git sparse-checkout disable
end-workflow	Checkout code	2025-03-27T11:26:00.1507064Z [command]/usr/bin/git config --local --unset-all extensions.worktreeConfig
end-workflow	Checkout code	2025-03-27T11:26:00.1549034Z ##[group]Checking out the ref
end-workflow	Checkout code	2025-03-27T11:26:00.1554694Z [command]/usr/bin/git checkout --progress --force -B H44-creación-módulo-versionado refs/remotes/origin/H44-creación-módulo-versionado
end-workflow	Checkout code	2025-03-27T11:26:00.1660757Z Switched to a new branch 'H44-creación-módulo-versionado'
end-workflow	Checkout code	2025-03-27T11:26:00.1667192Z branch 'H44-creación-módulo-versionado' set up to track 'origin/H44-creación-módulo-versionado'.
end-workflow	Checkout code	2025-03-27T11:26:00.1678800Z ##[endgroup]
end-workflow	Checkout code	2025-03-27T11:26:00.1735155Z [command]/usr/bin/git log -1 --format=%H
end-workflow	Checkout code	2025-03-27T11:26:00.1777971Z 59bec5b57fa6a13f2abdaf06284b73340ff59869
end-workflow	Finaliza el workflow	﻿2025-03-27T11:26:00.2064394Z ##[group]Run echo "End process"
end-workflow	Finaliza el workflow	2025-03-27T11:26:00.2065156Z [36;1mecho "End process"[0m
end-workflow	Finaliza el workflow	2025-03-27T11:26:00.2065759Z [36;1mRNNUMBER=$(echo "refs/heads/H44-creación-módulo-versionado" | grep -o '[0-9]*')[0m
end-workflow	Finaliza el workflow	2025-03-27T11:26:00.2066479Z [36;1mgh issue comment $RNNUMBER --body "Se finaliza Ka0s 14105303693"[0m
end-workflow	Finaliza el workflow	2025-03-27T11:26:00.2067353Z [36;1mgh workflow run inspector.yml --ref 'main' -f kaos-issue-id=$RNNUMBER -f kaos-workflow-id="14105303693" -f kaos-user-start=""[0m
end-workflow	Finaliza el workflow	2025-03-27T11:26:00.2083206Z shell: /usr/bin/bash -e {0}
end-workflow	Finaliza el workflow	2025-03-27T11:26:00.2083653Z env:
end-workflow	Finaliza el workflow	2025-03-27T11:26:00.2084404Z   KAOS_MODULE: [Ka0S] JSONLINT
end-workflow	Finaliza el workflow	2025-03-27T11:26:00.2085254Z   GH_TOKEN: ***
end-workflow	Finaliza el workflow	2025-03-27T11:26:00.2085619Z   KAOS_JSONLINT_CONFIG: core/config/.jsonlint.json
end-workflow	Finaliza el workflow	2025-03-27T11:26:00.2086251Z   KAOS_PATH_RESUME: core/outputs/j/
end-workflow	Finaliza el workflow	2025-03-27T11:26:00.2086827Z   KAOS_REPO: /actions-runner/_work/kaos/kaos
end-workflow	Finaliza el workflow	2025-03-27T11:26:00.2087314Z   KAOS_STEP_MODULE: 
end-workflow	Finaliza el workflow	2025-03-27T11:26:00.2087645Z   KAOS_CODE: 14105303693
end-workflow	Finaliza el workflow	2025-03-27T11:26:00.2088586Z   KAOS_REF_BRANCH: main
end-workflow	Finaliza el workflow	2025-03-27T11:26:00.2089063Z ##[endgroup]
end-workflow	Finaliza el workflow	2025-03-27T11:26:00.2160017Z End process
end-workflow	Finaliza el workflow	2025-03-27T11:26:01.7706074Z https://github.com/Ka0s-Klaus/ka0s/issues/44#issuecomment-2757694152
end-workflow	Post Checkout code	﻿2025-03-27T11:26:02.7352141Z Post job cleanup.
end-workflow	Post Checkout code	2025-03-27T11:26:02.9209699Z [command]/usr/bin/git version
end-workflow	Post Checkout code	2025-03-27T11:26:02.9354024Z git version 2.48.1
end-workflow	Post Checkout code	2025-03-27T11:26:02.9439506Z Copying '/home/kaos/.gitconfig' to '/actions-runner/_work/_temp/e54e8b1e-83ca-492c-bbe4-24bf75e43fdf/.gitconfig'
end-workflow	Post Checkout code	2025-03-27T11:26:02.9460694Z Temporarily overriding HOME='/actions-runner/_work/_temp/e54e8b1e-83ca-492c-bbe4-24bf75e43fdf' before making global git config changes
end-workflow	Post Checkout code	2025-03-27T11:26:02.9464730Z Adding repository directory to the temporary git global config as a safe directory
end-workflow	Post Checkout code	2025-03-27T11:26:02.9473928Z [command]/usr/bin/git config --global --add safe.directory /actions-runner/_work/ka0s/ka0s
end-workflow	Post Checkout code	2025-03-27T11:26:02.9534702Z [command]/usr/bin/git config --local --name-only --get-regexp core\.sshCommand
end-workflow	Post Checkout code	2025-03-27T11:26:02.9617844Z [command]/usr/bin/git submodule foreach --recursive sh -c "git config --local --name-only --get-regexp 'core\.sshCommand' && git config --local --unset-all 'core.sshCommand' || :"
end-workflow	Post Checkout code	2025-03-27T11:26:03.0147605Z [command]/usr/bin/git config --local --name-only --get-regexp http\.https\:\/\/github\.com\/\.extraheader
end-workflow	Post Checkout code	2025-03-27T11:26:03.0255541Z http.https://github.com/.extraheader
end-workflow	Post Checkout code	2025-03-27T11:26:03.0258013Z [command]/usr/bin/git config --local --unset-all http.https://github.com/.extraheader
end-workflow	Post Checkout code	2025-03-27T11:26:03.0322010Z [command]/usr/bin/git submodule foreach --recursive sh -c "git config --local --name-only --get-regexp 'http\.https\:\/\/github\.com\/\.extraheader' && git config --local --unset-all 'http.https://github.com/.extraheader' || :"
end-workflow	Complete job	﻿2025-03-27T11:26:03.1106561Z Cleaning up orphan processes
