job-core	Set up job	ï»¿2025-03-27T15:27:57.6768148Z Current runner version: '2.323.0'
job-core	Set up job	2025-03-27T15:27:57.6778740Z Runner name: 'ka0s-runner-1'
job-core	Set up job	2025-03-27T15:27:57.6780298Z Machine name: '181b3e34799e'
job-core	Set up job	2025-03-27T15:27:57.6784510Z ##[group]GITHUB_TOKEN Permissions
job-core	Set up job	2025-03-27T15:27:57.6788242Z Actions: write
job-core	Set up job	2025-03-27T15:27:57.6789241Z Contents: write
job-core	Set up job	2025-03-27T15:27:57.6789928Z Issues: write
job-core	Set up job	2025-03-27T15:27:57.6790634Z Metadata: read
job-core	Set up job	2025-03-27T15:27:57.6791405Z PullRequests: write
job-core	Set up job	2025-03-27T15:27:57.6792137Z ##[endgroup]
job-core	Set up job	2025-03-27T15:27:57.6795853Z Secret source: Actions
job-core	Set up job	2025-03-27T15:27:57.6796973Z Prepare workflow directory
job-core	Set up job	2025-03-27T15:27:57.8056745Z Prepare all required actions
job-core	Set up job	2025-03-27T15:27:57.8115048Z Getting action download info
job-core	Set up job	2025-03-27T15:27:58.8645415Z Download action repository 'actions/checkout@v4' (SHA:11bd71901bbe5b1630ceea73d27597364c9af683)
job-core	Set up job	2025-03-27T15:28:02.6039381Z Download action repository 'actions/setup-node@v2' (SHA:7c12f8017d5436eb855f1ed4399f037a36fbd9e8)
job-core	Set up job	2025-03-27T15:28:07.2057071Z Complete job name: job-core
job-core	Checkout code	ï»¿2025-03-27T15:28:07.2952217Z ##[group]Run actions/checkout@v4
job-core	Checkout code	2025-03-27T15:28:07.2953305Z with:
job-core	Checkout code	2025-03-27T15:28:07.2953648Z   fetch-depth: 0
job-core	Checkout code	2025-03-27T15:28:07.2954699Z   token: ***
job-core	Checkout code	2025-03-27T15:28:07.2955045Z   repository: Ka0s-Klaus/ka0s
job-core	Checkout code	2025-03-27T15:28:07.2955435Z   ssh-strict: true
job-core	Checkout code	2025-03-27T15:28:07.2955761Z   ssh-user: git
job-core	Checkout code	2025-03-27T15:28:07.2956085Z   persist-credentials: true
job-core	Checkout code	2025-03-27T15:28:07.2956456Z   clean: true
job-core	Checkout code	2025-03-27T15:28:07.2956801Z   sparse-checkout-cone-mode: true
job-core	Checkout code	2025-03-27T15:28:07.2957199Z   fetch-tags: false
job-core	Checkout code	2025-03-27T15:28:07.2957546Z   show-progress: true
job-core	Checkout code	2025-03-27T15:28:07.2957900Z   lfs: false
job-core	Checkout code	2025-03-27T15:28:07.2958204Z   submodules: false
job-core	Checkout code	2025-03-27T15:28:07.2958556Z   set-safe-directory: true
job-core	Checkout code	2025-03-27T15:28:07.2959363Z env:
job-core	Checkout code	2025-03-27T15:28:07.2959720Z   KAOS_MODULE: [Ka0S] JSONLINT
job-core	Checkout code	2025-03-27T15:28:07.2960298Z   GH_TOKEN: ***
job-core	Checkout code	2025-03-27T15:28:07.2960700Z   KAOS_JSONLINT_CONFIG: core/config/.jsonlint.json
job-core	Checkout code	2025-03-27T15:28:07.2961187Z   KAOS_PATH_RESUME: core/outputs/j/
job-core	Checkout code	2025-03-27T15:28:07.2961743Z   KAOS_REPO: /actions-runner/_work/kaos/kaos
job-core	Checkout code	2025-03-27T15:28:07.2962181Z   KAOS_STEP_MODULE: 
job-core	Checkout code	2025-03-27T15:28:07.2962520Z   KAOS_CODE: 14110465613
job-core	Checkout code	2025-03-27T15:28:07.2962871Z   KAOS_REF_BRANCH: main
job-core	Checkout code	2025-03-27T15:28:07.2963212Z ##[endgroup]
job-core	Checkout code	2025-03-27T15:28:07.4970009Z Syncing repository: Ka0s-Klaus/ka0s
job-core	Checkout code	2025-03-27T15:28:07.4973372Z ##[group]Getting Git version info
job-core	Checkout code	2025-03-27T15:28:07.4974669Z Working directory is '/actions-runner/_work/ka0s/ka0s'
job-core	Checkout code	2025-03-27T15:28:07.4976230Z [command]/usr/bin/git version
job-core	Checkout code	2025-03-27T15:28:07.4977032Z git version 2.48.1
job-core	Checkout code	2025-03-27T15:28:07.5030970Z ##[endgroup]
job-core	Checkout code	2025-03-27T15:28:07.5046861Z Copying '/home/kaos/.gitconfig' to '/actions-runner/_work/_temp/5594276a-d3f5-4397-ad8b-aea76cad2c86/.gitconfig'
job-core	Checkout code	2025-03-27T15:28:07.5066353Z Temporarily overriding HOME='/actions-runner/_work/_temp/5594276a-d3f5-4397-ad8b-aea76cad2c86' before making global git config changes
job-core	Checkout code	2025-03-27T15:28:07.5070462Z Adding repository directory to the temporary git global config as a safe directory
job-core	Checkout code	2025-03-27T15:28:07.5076634Z [command]/usr/bin/git config --global --add safe.directory /actions-runner/_work/ka0s/ka0s
job-core	Checkout code	2025-03-27T15:28:07.5143447Z [command]/usr/bin/git config --local --get remote.origin.url
job-core	Checkout code	2025-03-27T15:28:07.5197496Z https://github.com/Ka0s-Klaus/ka0s
job-core	Checkout code	2025-03-27T15:28:07.5229247Z ##[group]Removing previously created refs, to avoid conflicts
job-core	Checkout code	2025-03-27T15:28:07.5238447Z [command]/usr/bin/git rev-parse --symbolic-full-name --verify --quiet HEAD
job-core	Checkout code	2025-03-27T15:28:07.5274681Z refs/heads/H34-modulo-iac-kaos
job-core	Checkout code	2025-03-27T15:28:07.5295797Z [command]/usr/bin/git checkout --detach
job-core	Checkout code	2025-03-27T15:28:07.5410489Z HEAD is now at ebb5fea [Ka0S] Uploading resume execution files to the repository...
job-core	Checkout code	2025-03-27T15:28:07.5508661Z [command]/usr/bin/git branch --delete --force H34-modulo-iac-kaos
job-core	Checkout code	2025-03-27T15:28:07.5567397Z Deleted branch H34-modulo-iac-kaos (was ebb5fea).
job-core	Checkout code	2025-03-27T15:28:07.5652507Z ##[endgroup]
job-core	Checkout code	2025-03-27T15:28:07.5655127Z [command]/usr/bin/git submodule status
job-core	Checkout code	2025-03-27T15:28:07.6108013Z ##[group]Cleaning the repository
job-core	Checkout code	2025-03-27T15:28:07.6109432Z [command]/usr/bin/git clean -ffdx
job-core	Checkout code	2025-03-27T15:28:07.6202102Z [command]/usr/bin/git reset --hard HEAD
job-core	Checkout code	2025-03-27T15:28:07.6560718Z HEAD is now at ebb5fea [Ka0S] Uploading resume execution files to the repository...
job-core	Checkout code	2025-03-27T15:28:07.6598274Z ##[endgroup]
job-core	Checkout code	2025-03-27T15:28:07.6601073Z ##[group]Disabling automatic garbage collection
job-core	Checkout code	2025-03-27T15:28:07.6609348Z [command]/usr/bin/git config --local gc.auto 0
job-core	Checkout code	2025-03-27T15:28:07.6689747Z ##[endgroup]
job-core	Checkout code	2025-03-27T15:28:07.6697325Z ##[group]Setting up auth
job-core	Checkout code	2025-03-27T15:28:07.6725774Z [command]/usr/bin/git config --local --name-only --get-regexp core\.sshCommand
job-core	Checkout code	2025-03-27T15:28:07.6825658Z [command]/usr/bin/git submodule foreach --recursive sh -c "git config --local --name-only --get-regexp 'core\.sshCommand' && git config --local --unset-all 'core.sshCommand' || :"
job-core	Checkout code	2025-03-27T15:28:07.7369094Z [command]/usr/bin/git config --local --name-only --get-regexp http\.https\:\/\/github\.com\/\.extraheader
job-core	Checkout code	2025-03-27T15:28:07.7434772Z [command]/usr/bin/git submodule foreach --recursive sh -c "git config --local --name-only --get-regexp 'http\.https\:\/\/github\.com\/\.extraheader' && git config --local --unset-all 'http.https://github.com/.extraheader' || :"
job-core	Checkout code	2025-03-27T15:28:07.7874250Z [command]/usr/bin/git config --local http.https://github.com/.extraheader AUTHORIZATION: basic ***
job-core	Checkout code	2025-03-27T15:28:07.7935432Z ##[endgroup]
job-core	Checkout code	2025-03-27T15:28:07.7947288Z ##[group]Fetching the repository
job-core	Checkout code	2025-03-27T15:28:07.7949724Z [command]/usr/bin/git -c protocol.version=2 fetch --prune --no-recurse-submodules origin +refs/heads/*:refs/remotes/origin/* +refs/tags/*:refs/tags/*
job-core	Checkout code	2025-03-27T15:28:11.9752316Z From https://github.com/Ka0s-Klaus/ka0s
job-core	Checkout code	2025-03-27T15:28:11.9756281Z    ebb5fea..d70a0de  H34-modulo-iac-kaos -> origin/H34-modulo-iac-kaos
job-core	Checkout code	2025-03-27T15:28:11.9765021Z    8e648a0..b0ea4f8  main                -> origin/main
job-core	Checkout code	2025-03-27T15:28:11.9814951Z [command]/usr/bin/git branch --list --remote origin/H34-modulo-iac-kaos
job-core	Checkout code	2025-03-27T15:28:11.9851890Z   origin/H34-modulo-iac-kaos
job-core	Checkout code	2025-03-27T15:28:11.9867009Z [command]/usr/bin/git rev-parse refs/remotes/origin/H34-modulo-iac-kaos
job-core	Checkout code	2025-03-27T15:28:11.9899965Z d70a0de5eb02460c4e533e49594921b2c09c5eb1
job-core	Checkout code	2025-03-27T15:28:11.9916993Z ##[endgroup]
job-core	Checkout code	2025-03-27T15:28:11.9918218Z ##[group]Determining the checkout info
job-core	Checkout code	2025-03-27T15:28:11.9919623Z ##[endgroup]
job-core	Checkout code	2025-03-27T15:28:11.9926066Z [command]/usr/bin/git sparse-checkout disable
job-core	Checkout code	2025-03-27T15:28:12.0016828Z [command]/usr/bin/git config --local --unset-all extensions.worktreeConfig
job-core	Checkout code	2025-03-27T15:28:12.0074650Z ##[group]Checking out the ref
job-core	Checkout code	2025-03-27T15:28:12.0077296Z [command]/usr/bin/git checkout --progress --force -B H34-modulo-iac-kaos refs/remotes/origin/H34-modulo-iac-kaos
job-core	Checkout code	2025-03-27T15:28:12.0403344Z Previous HEAD position was ebb5fea [Ka0S] Uploading resume execution files to the repository...
job-core	Checkout code	2025-03-27T15:28:12.0423040Z Switched to a new branch 'H34-modulo-iac-kaos'
job-core	Checkout code	2025-03-27T15:28:12.0431791Z branch 'H34-modulo-iac-kaos' set up to track 'origin/H34-modulo-iac-kaos'.
job-core	Checkout code	2025-03-27T15:28:12.0442697Z ##[endgroup]
job-core	Checkout code	2025-03-27T15:28:12.0502298Z [command]/usr/bin/git log -1 --format=%H
job-core	Checkout code	2025-03-27T15:28:12.0542428Z d70a0de5eb02460c4e533e49594921b2c09c5eb1
job-core	Install Node.js	ï»¿2025-03-27T15:28:12.0922298Z ##[group]Run actions/setup-node@v2
job-core	Install Node.js	2025-03-27T15:28:12.0922720Z with:
job-core	Install Node.js	2025-03-27T15:28:12.0922961Z   node-version: 14
job-core	Install Node.js	2025-03-27T15:28:12.0923225Z   always-auth: false
job-core	Install Node.js	2025-03-27T15:28:12.0923498Z   check-latest: false
job-core	Install Node.js	2025-03-27T15:28:12.0924213Z   token: ***
job-core	Install Node.js	2025-03-27T15:28:12.0924471Z env:
job-core	Install Node.js	2025-03-27T15:28:12.0924800Z   KAOS_MODULE: [Ka0S] JSONLINT
job-core	Install Node.js	2025-03-27T15:28:12.0925856Z   GH_TOKEN: ***
job-core	Install Node.js	2025-03-27T15:28:12.0926965Z   KAOS_JSONLINT_CONFIG: core/config/.jsonlint.json
job-core	Install Node.js	2025-03-27T15:28:12.0928205Z   KAOS_PATH_RESUME: core/outputs/j/
job-core	Install Node.js	2025-03-27T15:28:12.0929299Z   KAOS_REPO: /actions-runner/_work/kaos/kaos
job-core	Install Node.js	2025-03-27T15:28:12.0930376Z   KAOS_STEP_MODULE: 
job-core	Install Node.js	2025-03-27T15:28:12.0931368Z   KAOS_CODE: 14110465613
job-core	Install Node.js	2025-03-27T15:28:12.0932659Z   KAOS_REF_BRANCH: main
job-core	Install Node.js	2025-03-27T15:28:12.0933508Z ##[endgroup]
job-core	Install Node.js	2025-03-27T15:28:12.2745271Z Found in cache @ /actions-runner/_work/_tool/node/14.21.3/x64
job-core	Install jsonlint	ï»¿2025-03-27T15:28:12.2924634Z ##[group]Run if ! command -v jsonlint &> /dev/null; then
job-core	Install jsonlint	2025-03-27T15:28:12.2925349Z [36;1mif ! command -v jsonlint &> /dev/null; then[0m
job-core	Install jsonlint	2025-03-27T15:28:12.2925777Z [36;1m  echo "Installing jsonlint..."[0m
job-core	Install jsonlint	2025-03-27T15:28:12.2926153Z [36;1m  npm install -g jsonlint[0m
job-core	Install jsonlint	2025-03-27T15:28:12.2926477Z [36;1melse[0m
job-core	Install jsonlint	2025-03-27T15:28:12.2926850Z [36;1m  echo "jsonlint already installed, skipping installation"[0m
job-core	Install jsonlint	2025-03-27T15:28:12.2927292Z [36;1mfi[0m
job-core	Install jsonlint	2025-03-27T15:28:12.2927556Z [36;1mmkdir -p core/outputs/j/[0m
job-core	Install jsonlint	2025-03-27T15:28:12.2949245Z shell: /usr/bin/bash -e {0}
job-core	Install jsonlint	2025-03-27T15:28:12.2949869Z env:
job-core	Install jsonlint	2025-03-27T15:28:12.2950266Z   KAOS_MODULE: [Ka0S] JSONLINT
job-core	Install jsonlint	2025-03-27T15:28:12.2951178Z   GH_TOKEN: ***
job-core	Install jsonlint	2025-03-27T15:28:12.2951720Z   KAOS_JSONLINT_CONFIG: core/config/.jsonlint.json
job-core	Install jsonlint	2025-03-27T15:28:12.2952434Z   KAOS_PATH_RESUME: core/outputs/j/
job-core	Install jsonlint	2025-03-27T15:28:12.2953332Z   KAOS_REPO: /actions-runner/_work/kaos/kaos
job-core	Install jsonlint	2025-03-27T15:28:12.2954302Z   KAOS_STEP_MODULE: 
job-core	Install jsonlint	2025-03-27T15:28:12.2954847Z   KAOS_CODE: 14110465613
job-core	Install jsonlint	2025-03-27T15:28:12.2955391Z   KAOS_REF_BRANCH: main
job-core	Install jsonlint	2025-03-27T15:28:12.2955965Z ##[endgroup]
job-core	Install jsonlint	2025-03-27T15:28:12.3060282Z jsonlint already installed, skipping installation
job-core	Check JSON	ï»¿2025-03-27T15:28:12.3137111Z ##[group]Run # Invocamos la primera comprobaciÃ³n de base, sino se supera el proceso no continua
job-core	Check JSON	2025-03-27T15:28:12.3138066Z [36;1m# Invocamos la primera comprobaciÃ³n de base, sino se supera el proceso no continua[0m
job-core	Check JSON	2025-03-27T15:28:12.3138653Z [36;1m# Extraemos el nombre del fichero[0m
job-core	Check JSON	2025-03-27T15:28:12.3139096Z [36;1mfile_name=$(basename "core/outputs/i/14109265327.json")[0m
job-core	Check JSON	2025-03-27T15:28:12.3139576Z [36;1m# Generamos el fichero de resultados vacio[0m
job-core	Check JSON	2025-03-27T15:28:12.3140245Z [36;1mtouch core/outputs/j/jsonlint-results-14110465613.txt[0m
job-core	Check JSON	2025-03-27T15:28:12.3141159Z [36;1m# Realizamos el check del documento json [0m
job-core	Check JSON	2025-03-27T15:28:12.3143015Z [36;1mjsonlint core/outputs/i/14109265327.json > core/outputs/j/jsonlint-results-14110465613.txt[0m
job-core	Check JSON	2025-03-27T15:28:12.3144398Z [36;1m# esto es un workarround importante que hay que retirar[0m
job-core	Check JSON	2025-03-27T15:28:12.3145065Z [36;1m#rm -rf core/outputs/j/jsonlint-results-14110465613.txt[0m
job-core	Check JSON	2025-03-27T15:28:12.3145482Z [36;1m# a retirar[0m
job-core	Check JSON	2025-03-27T15:28:12.3145815Z [36;1m# Check if exist errors in file[0m
job-core	Check JSON	2025-03-27T15:28:12.3146163Z [36;1mecho "Mostramos fichero"[0m
job-core	Check JSON	2025-03-27T15:28:12.3146578Z [36;1mcat core/outputs/j/jsonlint-results-14110465613.txt[0m
job-core	Check JSON	2025-03-27T15:28:12.3147135Z [36;1mif [ ! -s core/outputs/j/jsonlint-results-14110465613.txt ]; then[0m
job-core	Check JSON	2025-03-27T15:28:12.3147873Z [36;1m  echo "File core/outputs/j/jsonlint-results-14110465613.txt is empty and is content correct"[0m
job-core	Check JSON	2025-03-27T15:28:12.3149358Z [36;1m  KAOS_ISSUE_BODY="The [Ka0S] JSONLINT process (14110458112) launch the check (14110465613) over file (core/outputs/i/14109265327.json) and its result has been SUCCESS. Please review all files implicated in pull request and approve to merge"[0m
job-core	Check JSON	2025-03-27T15:28:12.3150748Z [36;1m  # AÃ±adimos la versiÃ³n de jsonlint con la que se realiza la comprobacion[0m
job-core	Check JSON	2025-03-27T15:28:12.3151410Z [36;1m  jsonlint --version >> core/outputs/j/jsonlint-results-14110465613.txt[0m
job-core	Check JSON	2025-03-27T15:28:12.3152022Z [36;1m  # aÃ±adimos el nombre del fichero que vamos a comprobar[0m
job-core	Check JSON	2025-03-27T15:28:12.3152731Z [36;1m  echo "Finding: core/outputs/i/14109265327.json" >> core/outputs/j/jsonlint-results-14110465613.txt[0m
job-core	Check JSON	2025-03-27T15:28:12.3154180Z [36;1m  # gh workflow run issue.yaml --ref main -f kaos-issue-title="" -f kaos-issue-body="$KAOS_ISSUE_BODY" -f kaos-issue-actions=comment -f kaos-issue-tag="" -f kaos-issue-id=34[0m
job-core	Check JSON	2025-03-27T15:28:12.3155444Z [36;1m  gh issue comment  34 -F core/outputs/j/jsonlint-results-14110465613.txt[0m
job-core	Check JSON	2025-03-27T15:28:12.3155929Z [36;1melse[0m
job-core	Check JSON	2025-03-27T15:28:12.3156258Z [36;1m  cat core/outputs/j/jsonlint-results-14110465613.txt[0m
job-core	Check JSON	2025-03-27T15:28:12.3157345Z [36;1m  echo "File core/outputs/j/jsonlint-results-14110465613.txt is not empty and is content not correct and write commit info"[0m
job-core	Check JSON	2025-03-27T15:28:12.3158752Z [36;1m  KAOS_ISSUE_BODY="The [Ka0S] JSONLINT process (14110458112) launch the check (14110465613) over file (core/outputs/i/14109265327.json) and its result has been FAILED, please check and solved it"[0m
job-core	Check JSON	2025-03-27T15:28:12.3159911Z [36;1m  # AÃ±adimos la versiÃ³n de jsonlint con la que se realiza la comprobacion[0m
job-core	Check JSON	2025-03-27T15:28:12.3160584Z [36;1m  # jsonlint --version || true >> core/outputs/j/jsonlint-results-14110465613.txt[0m
job-core	Check JSON	2025-03-27T15:28:12.3161201Z [36;1m  # aÃ±adimos el nombre del fichero que vamos a comprobar[0m
job-core	Check JSON	2025-03-27T15:28:12.3161903Z [36;1m  echo "Finding: core/outputs/i/14109265327.json" >> core/outputs/j/jsonlint-results-14110465613.txt[0m
job-core	Check JSON	2025-03-27T15:28:12.3163092Z [36;1m  # gh workflow run issue.yaml --ref main -f kaos-issue-title="" -f kaos-issue-body="$KAOS_ISSUE_BODY" -f kaos-issue-actions=comment -f kaos-issue-tag="" -f kaos-issue-id=34 [0m
job-core	Check JSON	2025-03-27T15:28:12.3164586Z [36;1m  gh issue comment  34 -F core/outputs/j/jsonlint-results-14110465613.txt[0m
job-core	Check JSON	2025-03-27T15:28:12.3165069Z [36;1mfi[0m
job-core	Check JSON	2025-03-27T15:28:12.3175590Z shell: /usr/bin/bash -e {0}
job-core	Check JSON	2025-03-27T15:28:12.3175910Z env:
job-core	Check JSON	2025-03-27T15:28:12.3176162Z   KAOS_MODULE: [Ka0S] JSONLINT
job-core	Check JSON	2025-03-27T15:28:12.3176977Z   GH_TOKEN: ***
job-core	Check JSON	2025-03-27T15:28:12.3177279Z   KAOS_JSONLINT_CONFIG: core/config/.jsonlint.json
job-core	Check JSON	2025-03-27T15:28:12.3177677Z   KAOS_PATH_RESUME: core/outputs/j/
job-core	Check JSON	2025-03-27T15:28:12.3178041Z   KAOS_REPO: /actions-runner/_work/kaos/kaos
job-core	Check JSON	2025-03-27T15:28:12.3178393Z   KAOS_STEP_MODULE: 
job-core	Check JSON	2025-03-27T15:28:12.3178656Z   KAOS_CODE: 14110465613
job-core	Check JSON	2025-03-27T15:28:12.3178922Z   KAOS_REF_BRANCH: main
job-core	Check JSON	2025-03-27T15:28:12.3179210Z ##[endgroup]
job-core	Check JSON	2025-03-27T15:28:12.4712911Z Mostramos fichero
job-core	Check JSON	2025-03-27T15:28:12.4727256Z {
job-core	Check JSON	2025-03-27T15:28:12.4727974Z   "conclusion": "success",
job-core	Check JSON	2025-03-27T15:28:12.4729098Z   "createdAt": "2025-03-27T14:35:17Z",
job-core	Check JSON	2025-03-27T15:28:12.4730035Z   "databaseId": 14109265327,
job-core	Check JSON	2025-03-27T15:28:12.4730982Z   "displayTitle": "Ka0s Markdown Lint",
job-core	Check JSON	2025-03-27T15:28:12.4731962Z   "event": "workflow_dispatch",
job-core	Check JSON	2025-03-27T15:28:12.4732956Z   "headBranch": "H34-modulo-iac-kaos",
job-core	Check JSON	2025-03-27T15:28:12.4734309Z   "headSha": "09439f1dd2f8db802c09a600a45d7997c1fda7b0",
job-core	Check JSON	2025-03-27T15:28:12.4735201Z   "jobs": [
job-core	Check JSON	2025-03-27T15:28:12.4735452Z     {
job-core	Check JSON	2025-03-27T15:28:12.4735777Z       "completedAt": "2025-03-27T14:36:01Z",
job-core	Check JSON	2025-03-27T15:28:12.4736188Z       "conclusion": "success",
job-core	Check JSON	2025-03-27T15:28:12.4736556Z       "databaseId": 39523367722,
job-core	Check JSON	2025-03-27T15:28:12.4736881Z       "name": "job-core",
job-core	Check JSON	2025-03-27T15:28:12.4737242Z       "startedAt": "2025-03-27T14:35:20Z",
job-core	Check JSON	2025-03-27T15:28:12.4737620Z       "status": "completed",
job-core	Check JSON	2025-03-27T15:28:12.4737937Z       "steps": [
job-core	Check JSON	2025-03-27T15:28:12.4738192Z         {
job-core	Check JSON	2025-03-27T15:28:12.4738479Z           "conclusion": "success",
job-core	Check JSON	2025-03-27T15:28:12.4738871Z           "name": "Set up job",
job-core	Check JSON	2025-03-27T15:28:12.4739195Z           "number": 1,
job-core	Check JSON	2025-03-27T15:28:12.4739521Z           "status": "completed"
job-core	Check JSON	2025-03-27T15:28:12.4739831Z         },
job-core	Check JSON	2025-03-27T15:28:12.4740100Z         {
job-core	Check JSON	2025-03-27T15:28:12.4740408Z           "conclusion": "success",
job-core	Check JSON	2025-03-27T15:28:12.4740815Z           "name": "Run actions/checkout@v4",
job-core	Check JSON	2025-03-27T15:28:12.4741182Z           "number": 2,
job-core	Check JSON	2025-03-27T15:28:12.4741509Z           "status": "completed"
job-core	Check JSON	2025-03-27T15:28:12.4741819Z         },
job-core	Check JSON	2025-03-27T15:28:12.4742058Z         {
job-core	Check JSON	2025-03-27T15:28:12.4742353Z           "conclusion": "success",
job-core	Check JSON	2025-03-27T15:28:12.4742769Z           "name": "Run actions/setup-node@v4",
job-core	Check JSON	2025-03-27T15:28:12.4743130Z           "number": 3,
job-core	Check JSON	2025-03-27T15:28:12.4743455Z           "status": "completed"
job-core	Check JSON	2025-03-27T15:28:12.4744049Z         },
job-core	Check JSON	2025-03-27T15:28:12.4744778Z         {
job-core	Check JSON	2025-03-27T15:28:12.4745278Z           "conclusion": "success",
job-core	Check JSON	2025-03-27T15:28:12.4746015Z           "name": "Run npm install -g markdownlint-cli2",
job-core	Check JSON	2025-03-27T15:28:12.4747142Z           "number": 4,
job-core	Check JSON	2025-03-27T15:28:12.4747853Z           "status": "completed"
job-core	Check JSON	2025-03-27T15:28:12.4748642Z         },
job-core	Check JSON	2025-03-27T15:28:12.4749630Z         {
job-core	Check JSON	2025-03-27T15:28:12.4750699Z           "conclusion": "success",
job-core	Check JSON	2025-03-27T15:28:12.4752236Z           "name": "Run # Realizamos el check del documento md ",
job-core	Check JSON	2025-03-27T15:28:12.4753252Z           "number": 5,
job-core	Check JSON	2025-03-27T15:28:12.4762617Z           "status": "completed"
job-core	Check JSON	2025-03-27T15:28:12.4763128Z         },
job-core	Check JSON	2025-03-27T15:28:12.4763373Z         {
job-core	Check JSON	2025-03-27T15:28:12.4763682Z           "conclusion": "success",
job-core	Check JSON	2025-03-27T15:28:12.4764655Z           "name": "Post Run actions/setup-node@v4",
job-core	Check JSON	2025-03-27T15:28:12.4765061Z           "number": 9,
job-core	Check JSON	2025-03-27T15:28:12.4765389Z           "status": "completed"
job-core	Check JSON	2025-03-27T15:28:12.4765711Z         },
job-core	Check JSON	2025-03-27T15:28:12.4765942Z         {
job-core	Check JSON	2025-03-27T15:28:12.4766232Z           "conclusion": "success",
job-core	Check JSON	2025-03-27T15:28:12.4766653Z           "name": "Post Run actions/checkout@v4",
job-core	Check JSON	2025-03-27T15:28:12.4767063Z           "number": 10,
job-core	Check JSON	2025-03-27T15:28:12.4767390Z           "status": "completed"
job-core	Check JSON	2025-03-27T15:28:12.4767698Z         },
job-core	Check JSON	2025-03-27T15:28:12.4767932Z         {
job-core	Check JSON	2025-03-27T15:28:12.4768217Z           "conclusion": "success",
job-core	Check JSON	2025-03-27T15:28:12.4768612Z           "name": "Complete job",
job-core	Check JSON	2025-03-27T15:28:12.4768930Z           "number": 11,
job-core	Check JSON	2025-03-27T15:28:12.4769669Z           "status": "completed"
job-core	Check JSON	2025-03-27T15:28:12.4769969Z         }
job-core	Check JSON	2025-03-27T15:28:12.4770197Z       ],
job-core	Check JSON	2025-03-27T15:28:12.4770734Z       "url": "https://github.com/Ka0s-Klaus/ka0s/actions/runs/14109265327/job/39523367722"
job-core	Check JSON	2025-03-27T15:28:12.4771280Z     },
job-core	Check JSON	2025-03-27T15:28:12.4771507Z     {
job-core	Check JSON	2025-03-27T15:28:12.4771823Z       "completedAt": "2025-03-27T14:37:46Z",
job-core	Check JSON	2025-03-27T15:28:12.4772242Z       "conclusion": "success",
job-core	Check JSON	2025-03-27T15:28:12.4772601Z       "databaseId": 39523426714,
job-core	Check JSON	2025-03-27T15:28:12.4772962Z       "name": "handle-success",
job-core	Check JSON	2025-03-27T15:28:12.4773343Z       "startedAt": "2025-03-27T14:37:06Z",
job-core	Check JSON	2025-03-27T15:28:12.4774266Z       "status": "completed",
job-core	Check JSON	2025-03-27T15:28:12.4775164Z       "steps": [
job-core	Check JSON	2025-03-27T15:28:12.4776014Z         {
job-core	Check JSON	2025-03-27T15:28:12.4777000Z           "conclusion": "success",
job-core	Check JSON	2025-03-27T15:28:12.4778186Z           "name": "Set up job",
job-core	Check JSON	2025-03-27T15:28:12.4779222Z           "number": 1,
job-core	Check JSON	2025-03-27T15:28:12.4780237Z           "status": "completed"
job-core	Check JSON	2025-03-27T15:28:12.4781194Z         },
job-core	Check JSON	2025-03-27T15:28:12.4781953Z         {
job-core	Check JSON	2025-03-27T15:28:12.4782879Z           "conclusion": "success",
job-core	Check JSON	2025-03-27T15:28:12.4784134Z           "name": "Checkout code",
job-core	Check JSON	2025-03-27T15:28:12.4785146Z           "number": 2,
job-core	Check JSON	2025-03-27T15:28:12.4786156Z           "status": "completed"
job-core	Check JSON	2025-03-27T15:28:12.4787092Z         },
job-core	Check JSON	2025-03-27T15:28:12.4787878Z         {
job-core	Check JSON	2025-03-27T15:28:12.4788808Z           "conclusion": "success",
job-core	Check JSON	2025-03-27T15:28:12.4790030Z           "name": "handle-success-execution",
job-core	Check JSON	2025-03-27T15:28:12.4791128Z           "number": 3,
job-core	Check JSON	2025-03-27T15:28:12.4792152Z           "status": "completed"
job-core	Check JSON	2025-03-27T15:28:12.4793096Z         },
job-core	Check JSON	2025-03-27T15:28:12.4793970Z         {
job-core	Check JSON	2025-03-27T15:28:12.4794904Z           "conclusion": "success",
job-core	Check JSON	2025-03-27T15:28:12.4796088Z           "name": "Post Checkout code",
job-core	Check JSON	2025-03-27T15:28:12.4797148Z           "number": 6,
job-core	Check JSON	2025-03-27T15:28:12.4798148Z           "status": "completed"
job-core	Check JSON	2025-03-27T15:28:12.4799094Z         },
job-core	Check JSON	2025-03-27T15:28:12.4799884Z         {
job-core	Check JSON	2025-03-27T15:28:12.4800815Z           "conclusion": "success",
job-core	Check JSON	2025-03-27T15:28:12.4801963Z           "name": "Complete job",
job-core	Check JSON	2025-03-27T15:28:12.4802974Z           "number": 7,
job-core	Check JSON	2025-03-27T15:28:12.4803893Z           "status": "completed"
job-core	Check JSON	2025-03-27T15:28:12.4804218Z         }
job-core	Check JSON	2025-03-27T15:28:12.4804450Z       ],
job-core	Check JSON	2025-03-27T15:28:12.4805023Z       "url": "https://github.com/Ka0s-Klaus/ka0s/actions/runs/14109265327/job/39523426714"
job-core	Check JSON	2025-03-27T15:28:12.4805577Z     },
job-core	Check JSON	2025-03-27T15:28:12.4805811Z     {
job-core	Check JSON	2025-03-27T15:28:12.4806126Z       "completedAt": "2025-03-27T14:40:41Z",
job-core	Check JSON	2025-03-27T15:28:12.4806894Z       "conclusion": "success",
job-core	Check JSON	2025-03-27T15:28:12.4807260Z       "databaseId": 39523567523,
job-core	Check JSON	2025-03-27T15:28:12.4807592Z       "name": "end-workflow",
job-core	Check JSON	2025-03-27T15:28:12.4807966Z       "startedAt": "2025-03-27T14:40:17Z",
job-core	Check JSON	2025-03-27T15:28:12.4808323Z       "status": "completed",
job-core	Check JSON	2025-03-27T15:28:12.4808625Z       "steps": [
job-core	Check JSON	2025-03-27T15:28:12.4808882Z         {
job-core	Check JSON	2025-03-27T15:28:12.4809175Z           "conclusion": "success",
job-core	Check JSON	2025-03-27T15:28:12.4809547Z           "name": "Set up job",
job-core	Check JSON	2025-03-27T15:28:12.4809855Z           "number": 1,
job-core	Check JSON	2025-03-27T15:28:12.4810170Z           "status": "completed"
job-core	Check JSON	2025-03-27T15:28:12.4810471Z         },
job-core	Check JSON	2025-03-27T15:28:12.4810721Z         {
job-core	Check JSON	2025-03-27T15:28:12.4811014Z           "conclusion": "success",
job-core	Check JSON	2025-03-27T15:28:12.4811389Z           "name": "Checkout code",
job-core	Check JSON	2025-03-27T15:28:12.4811714Z           "number": 2,
job-core	Check JSON	2025-03-27T15:28:12.4812029Z           "status": "completed"
job-core	Check JSON	2025-03-27T15:28:12.4812361Z         },
job-core	Check JSON	2025-03-27T15:28:12.4812599Z         {
job-core	Check JSON	2025-03-27T15:28:12.4812885Z           "conclusion": "success",
job-core	Check JSON	2025-03-27T15:28:12.4813272Z           "name": "Finaliza el workflow",
job-core	Check JSON	2025-03-27T15:28:12.4813624Z           "number": 3,
job-core	Check JSON	2025-03-27T15:28:12.4814117Z           "status": "completed"
job-core	Check JSON	2025-03-27T15:28:12.4814425Z         },
job-core	Check JSON	2025-03-27T15:28:12.4814658Z         {
job-core	Check JSON	2025-03-27T15:28:12.4814940Z           "conclusion": "success",
job-core	Check JSON	2025-03-27T15:28:12.4815521Z           "name": "Post Checkout code",
job-core	Check JSON	2025-03-27T15:28:12.4815874Z           "number": 6,
job-core	Check JSON	2025-03-27T15:28:12.4816221Z           "status": "completed"
job-core	Check JSON	2025-03-27T15:28:12.4816531Z         },
job-core	Check JSON	2025-03-27T15:28:12.4816775Z         {
job-core	Check JSON	2025-03-27T15:28:12.4817064Z           "conclusion": "success",
job-core	Check JSON	2025-03-27T15:28:12.4817454Z           "name": "Complete job",
job-core	Check JSON	2025-03-27T15:28:12.4817791Z           "number": 7,
job-core	Check JSON	2025-03-27T15:28:12.4818122Z           "status": "completed"
job-core	Check JSON	2025-03-27T15:28:12.4818427Z         }
job-core	Check JSON	2025-03-27T15:28:12.4818666Z       ],
job-core	Check JSON	2025-03-27T15:28:12.4819232Z       "url": "https://github.com/Ka0s-Klaus/ka0s/actions/runs/14109265327/job/39523567523"
job-core	Check JSON	2025-03-27T15:28:12.4819802Z     },
job-core	Check JSON	2025-03-27T15:28:12.4820053Z     {
job-core	Check JSON	2025-03-27T15:28:12.4820528Z       "completedAt": "2025-03-27T14:37:46Z",
job-core	Check JSON	2025-03-27T15:28:12.4820954Z       "conclusion": "skipped",
job-core	Check JSON	2025-03-27T15:28:12.4821334Z       "databaseId": 39523567598,
job-core	Check JSON	2025-03-27T15:28:12.4821698Z       "name": "handle_failure",
job-core	Check JSON	2025-03-27T15:28:12.4822095Z       "startedAt": "2025-03-27T14:37:46Z",
job-core	Check JSON	2025-03-27T15:28:12.4822471Z       "status": "completed",
job-core	Check JSON	2025-03-27T15:28:12.4822782Z       "steps": [],
job-core	Check JSON	2025-03-27T15:28:12.4823354Z       "url": "https://github.com/Ka0s-Klaus/ka0s/actions/runs/14109265327/job/39523567598"
job-core	Check JSON	2025-03-27T15:28:12.4824007Z     }
job-core	Check JSON	2025-03-27T15:28:12.4824248Z   ],
job-core	Check JSON	2025-03-27T15:28:12.4824531Z   "name": "Ka0s Markdown Lint",
job-core	Check JSON	2025-03-27T15:28:12.4824858Z   "number": 35,
job-core	Check JSON	2025-03-27T15:28:12.4825196Z   "startedAt": "2025-03-27T14:35:17Z",
job-core	Check JSON	2025-03-27T15:28:12.4825553Z   "status": "completed",
job-core	Check JSON	2025-03-27T15:28:12.4825930Z   "updatedAt": "2025-03-27T14:40:42Z",
job-core	Check JSON	2025-03-27T15:28:12.4826490Z   "url": "https://github.com/Ka0s-Klaus/ka0s/actions/runs/14109265327",
job-core	Check JSON	2025-03-27T15:28:12.4827038Z   "workflowDatabaseId": 142215142,
job-core	Check JSON	2025-03-27T15:28:12.4827456Z   "workflowName": "Ka0s Markdown Lint"
job-core	Check JSON	2025-03-27T15:28:12.4827958Z }
job-core	Check JSON	2025-03-27T15:28:12.4828220Z {
job-core	Check JSON	2025-03-27T15:28:12.4828472Z   "conclusion": "success",
job-core	Check JSON	2025-03-27T15:28:12.4828865Z   "createdAt": "2025-03-27T14:35:17Z",
job-core	Check JSON	2025-03-27T15:28:12.4829226Z   "databaseId": 14109265327,
job-core	Check JSON	2025-03-27T15:28:12.4829612Z   "displayTitle": "Ka0s Markdown Lint",
job-core	Check JSON	2025-03-27T15:28:12.4830035Z   "event": "workflow_dispatch",
job-core	Check JSON	2025-03-27T15:28:12.4830437Z   "headBranch": "H34-modulo-iac-kaos",
job-core	Check JSON	2025-03-27T15:28:12.4830943Z   "headSha": "09439f1dd2f8db802c09a600a45d7997c1fda7b0",
job-core	Check JSON	2025-03-27T15:28:12.4831352Z   "jobs": [
job-core	Check JSON	2025-03-27T15:28:12.4831600Z     {
job-core	Check JSON	2025-03-27T15:28:12.4831921Z       "completedAt": "2025-03-27T14:36:01Z",
job-core	Check JSON	2025-03-27T15:28:12.4832327Z       "conclusion": "success",
job-core	Check JSON	2025-03-27T15:28:12.4832935Z       "databaseId": 39523367722,
job-core	Check JSON	2025-03-27T15:28:12.4833275Z       "name": "job-core",
job-core	Check JSON	2025-03-27T15:28:12.4833634Z       "startedAt": "2025-03-27T14:35:20Z",
job-core	Check JSON	2025-03-27T15:28:12.4834139Z       "status": "completed",
job-core	Check JSON	2025-03-27T15:28:12.4834460Z       "steps": [
job-core	Check JSON	2025-03-27T15:28:12.4834711Z         {
job-core	Check JSON	2025-03-27T15:28:12.4835014Z           "conclusion": "success",
job-core	Check JSON	2025-03-27T15:28:12.4835415Z           "name": "Set up job",
job-core	Check JSON	2025-03-27T15:28:12.4835745Z           "number": 1,
job-core	Check JSON	2025-03-27T15:28:12.4836067Z           "status": "completed"
job-core	Check JSON	2025-03-27T15:28:12.4836408Z         },
job-core	Check JSON	2025-03-27T15:28:12.4836657Z         {
job-core	Check JSON	2025-03-27T15:28:12.4836953Z           "conclusion": "success",
job-core	Check JSON	2025-03-27T15:28:12.4837371Z           "name": "Run actions/checkout@v4",
job-core	Check JSON	2025-03-27T15:28:12.4837740Z           "number": 2,
job-core	Check JSON	2025-03-27T15:28:12.4838067Z           "status": "completed"
job-core	Check JSON	2025-03-27T15:28:12.4838384Z         },
job-core	Check JSON	2025-03-27T15:28:12.4845468Z         {
job-core	Check JSON	2025-03-27T15:28:12.4845834Z           "conclusion": "success",
job-core	Check JSON	2025-03-27T15:28:12.4846274Z           "name": "Run actions/setup-node@v4",
job-core	Check JSON	2025-03-27T15:28:12.4846645Z           "number": 3,
job-core	Check JSON	2025-03-27T15:28:12.4846970Z           "status": "completed"
job-core	Check JSON	2025-03-27T15:28:12.4847272Z         },
job-core	Check JSON	2025-03-27T15:28:12.4847510Z         {
job-core	Check JSON	2025-03-27T15:28:12.4847795Z           "conclusion": "success",
job-core	Check JSON	2025-03-27T15:28:12.4848244Z           "name": "Run npm install -g markdownlint-cli2",
job-core	Check JSON	2025-03-27T15:28:12.4848995Z           "number": 4,
job-core	Check JSON	2025-03-27T15:28:12.4849321Z           "status": "completed"
job-core	Check JSON	2025-03-27T15:28:12.4849620Z         },
job-core	Check JSON	2025-03-27T15:28:12.4849848Z         {
job-core	Check JSON	2025-03-27T15:28:12.4850133Z           "conclusion": "success",
job-core	Check JSON	2025-03-27T15:28:12.4850595Z           "name": "Run # Realizamos el check del documento md ",
job-core	Check JSON	2025-03-27T15:28:12.4851017Z           "number": 5,
job-core	Check JSON	2025-03-27T15:28:12.4851341Z           "status": "completed"
job-core	Check JSON	2025-03-27T15:28:12.4851639Z         },
job-core	Check JSON	2025-03-27T15:28:12.4851869Z         {
job-core	Check JSON	2025-03-27T15:28:12.4852153Z           "conclusion": "success",
job-core	Check JSON	2025-03-27T15:28:12.4852580Z           "name": "Post Run actions/setup-node@v4",
job-core	Check JSON	2025-03-27T15:28:12.4852959Z           "number": 9,
job-core	Check JSON	2025-03-27T15:28:12.4853304Z           "status": "completed"
job-core	Check JSON	2025-03-27T15:28:12.4853605Z         },
job-core	Check JSON	2025-03-27T15:28:12.4854011Z         {
job-core	Check JSON	2025-03-27T15:28:12.4854311Z           "conclusion": "success",
job-core	Check JSON	2025-03-27T15:28:12.4854725Z           "name": "Post Run actions/checkout@v4",
job-core	Check JSON	2025-03-27T15:28:12.4855108Z           "number": 10,
job-core	Check JSON	2025-03-27T15:28:12.4855432Z           "status": "completed"
job-core	Check JSON	2025-03-27T15:28:12.4855877Z         },
job-core	Check JSON	2025-03-27T15:28:12.4856109Z         {
job-core	Check JSON	2025-03-27T15:28:12.4856395Z           "conclusion": "success",
job-core	Check JSON	2025-03-27T15:28:12.4856776Z           "name": "Complete job",
job-core	Check JSON	2025-03-27T15:28:12.4857098Z           "number": 11,
job-core	Check JSON	2025-03-27T15:28:12.4857418Z           "status": "completed"
job-core	Check JSON	2025-03-27T15:28:12.4857718Z         }
job-core	Check JSON	2025-03-27T15:28:12.4857945Z       ],
job-core	Check JSON	2025-03-27T15:28:12.4858476Z       "url": "https://github.com/Ka0s-Klaus/ka0s/actions/runs/14109265327/job/39523367722"
job-core	Check JSON	2025-03-27T15:28:12.4859026Z     },
job-core	Check JSON	2025-03-27T15:28:12.4859250Z     {
job-core	Check JSON	2025-03-27T15:28:12.4859556Z       "completedAt": "2025-03-27T14:37:46Z",
job-core	Check JSON	2025-03-27T15:28:12.4859962Z       "conclusion": "success",
job-core	Check JSON	2025-03-27T15:28:12.4860325Z       "databaseId": 39523426714,
job-core	Check JSON	2025-03-27T15:28:12.4860688Z       "name": "handle-success",
job-core	Check JSON	2025-03-27T15:28:12.4861071Z       "startedAt": "2025-03-27T14:37:06Z",
job-core	Check JSON	2025-03-27T15:28:12.4861437Z       "status": "completed",
job-core	Check JSON	2025-03-27T15:28:12.4861767Z       "steps": [
job-core	Check JSON	2025-03-27T15:28:12.4862013Z         {
job-core	Check JSON	2025-03-27T15:28:12.4862299Z           "conclusion": "success",
job-core	Check JSON	2025-03-27T15:28:12.4862674Z           "name": "Set up job",
job-core	Check JSON	2025-03-27T15:28:12.4862980Z           "number": 1,
job-core	Check JSON	2025-03-27T15:28:12.4863299Z           "status": "completed"
job-core	Check JSON	2025-03-27T15:28:12.4863596Z         },
job-core	Check JSON	2025-03-27T15:28:12.4864016Z         {
job-core	Check JSON	2025-03-27T15:28:12.4864320Z           "conclusion": "success",
job-core	Check JSON	2025-03-27T15:28:12.4864699Z           "name": "Checkout code",
job-core	Check JSON	2025-03-27T15:28:12.4865285Z           "number": 2,
job-core	Check JSON	2025-03-27T15:28:12.4865604Z           "status": "completed"
job-core	Check JSON	2025-03-27T15:28:12.4865902Z         },
job-core	Check JSON	2025-03-27T15:28:12.4866131Z         {
job-core	Check JSON	2025-03-27T15:28:12.4866409Z           "conclusion": "success",
job-core	Check JSON	2025-03-27T15:28:12.4866819Z           "name": "handle-success-execution",
job-core	Check JSON	2025-03-27T15:28:12.4867190Z           "number": 3,
job-core	Check JSON	2025-03-27T15:28:12.4867502Z           "status": "completed"
job-core	Check JSON	2025-03-27T15:28:12.4867810Z         },
job-core	Check JSON	2025-03-27T15:28:12.4868042Z         {
job-core	Check JSON	2025-03-27T15:28:12.4868323Z           "conclusion": "success",
job-core	Check JSON	2025-03-27T15:28:12.4868710Z           "name": "Post Checkout code",
job-core	Check JSON	2025-03-27T15:28:12.4869056Z           "number": 6,
job-core	Check JSON	2025-03-27T15:28:12.4869372Z           "status": "completed"
job-core	Check JSON	2025-03-27T15:28:12.4869669Z         },
job-core	Check JSON	2025-03-27T15:28:12.4876080Z         {
job-core	Check JSON	2025-03-27T15:28:12.4876444Z           "conclusion": "success",
job-core	Check JSON	2025-03-27T15:28:12.4876834Z           "name": "Complete job",
job-core	Check JSON	2025-03-27T15:28:12.4877161Z           "number": 7,
job-core	Check JSON	2025-03-27T15:28:12.4877509Z           "status": "completed"
job-core	Check JSON	2025-03-27T15:28:12.4877807Z         }
job-core	Check JSON	2025-03-27T15:28:12.4878039Z       ],
job-core	Check JSON	2025-03-27T15:28:12.4878590Z       "url": "https://github.com/Ka0s-Klaus/ka0s/actions/runs/14109265327/job/39523426714"
job-core	Check JSON	2025-03-27T15:28:12.4879149Z     },
job-core	Check JSON	2025-03-27T15:28:12.4879374Z     {
job-core	Check JSON	2025-03-27T15:28:12.4879683Z       "completedAt": "2025-03-27T14:40:41Z",
job-core	Check JSON	2025-03-27T15:28:12.4880447Z       "conclusion": "success",
job-core	Check JSON	2025-03-27T15:28:12.4880801Z       "databaseId": 39523567523,
job-core	Check JSON	2025-03-27T15:28:12.4881130Z       "name": "end-workflow",
job-core	Check JSON	2025-03-27T15:28:12.4881507Z       "startedAt": "2025-03-27T14:40:17Z",
job-core	Check JSON	2025-03-27T15:28:12.4881870Z       "status": "completed",
job-core	Check JSON	2025-03-27T15:28:12.4882167Z       "steps": [
job-core	Check JSON	2025-03-27T15:28:12.4882418Z         {
job-core	Check JSON	2025-03-27T15:28:12.4882704Z           "conclusion": "success",
job-core	Check JSON	2025-03-27T15:28:12.4883066Z           "name": "Set up job",
job-core	Check JSON	2025-03-27T15:28:12.4883378Z           "number": 1,
job-core	Check JSON	2025-03-27T15:28:12.4883698Z           "status": "completed"
job-core	Check JSON	2025-03-27T15:28:12.4884098Z         },
job-core	Check JSON	2025-03-27T15:28:12.4884327Z         {
job-core	Check JSON	2025-03-27T15:28:12.4884613Z           "conclusion": "success",
job-core	Check JSON	2025-03-27T15:28:12.4884987Z           "name": "Checkout code",
job-core	Check JSON	2025-03-27T15:28:12.4885313Z           "number": 2,
job-core	Check JSON	2025-03-27T15:28:12.4885632Z           "status": "completed"
job-core	Check JSON	2025-03-27T15:28:12.4885932Z         },
job-core	Check JSON	2025-03-27T15:28:12.4886159Z         {
job-core	Check JSON	2025-03-27T15:28:12.4886459Z           "conclusion": "success",
job-core	Check JSON	2025-03-27T15:28:12.4886850Z           "name": "Finaliza el workflow",
job-core	Check JSON	2025-03-27T15:28:12.4887195Z           "number": 3,
job-core	Check JSON	2025-03-27T15:28:12.4887810Z           "status": "completed"
job-core	Check JSON	2025-03-27T15:28:12.4888461Z         },
job-core	Check JSON	2025-03-27T15:28:12.4888839Z         {
job-core	Check JSON	2025-03-27T15:28:12.4889499Z           "conclusion": "success",
job-core	Check JSON	2025-03-27T15:28:12.4890651Z           "name": "Post Checkout code",
job-core	Check JSON	2025-03-27T15:28:12.4891316Z           "number": 6,
job-core	Check JSON	2025-03-27T15:28:12.4891968Z           "status": "completed"
job-core	Check JSON	2025-03-27T15:28:12.4892650Z         },
job-core	Check JSON	2025-03-27T15:28:12.4893118Z         {
job-core	Check JSON	2025-03-27T15:28:12.4893650Z           "conclusion": "success",
job-core	Check JSON	2025-03-27T15:28:12.4894494Z           "name": "Complete job",
job-core	Check JSON	2025-03-27T15:28:12.4895080Z           "number": 7,
job-core	Check JSON	2025-03-27T15:28:12.4895687Z           "status": "completed"
job-core	Check JSON	2025-03-27T15:28:12.4896002Z         }
job-core	Check JSON	2025-03-27T15:28:12.4896233Z       ],
job-core	Check JSON	2025-03-27T15:28:12.4896809Z       "url": "https://github.com/Ka0s-Klaus/ka0s/actions/runs/14109265327/job/39523567523"
job-core	Check JSON	2025-03-27T15:28:12.4898131Z     },
job-core	Check JSON	2025-03-27T15:28:12.4898715Z     {
job-core	Check JSON	2025-03-27T15:28:12.4899408Z       "completedAt": "2025-03-27T14:37:46Z",
job-core	Check JSON	2025-03-27T15:28:12.4900203Z       "conclusion": "skipped",
job-core	Check JSON	2025-03-27T15:28:12.4901218Z       "databaseId": 39523567598,
job-core	Check JSON	2025-03-27T15:28:12.4902140Z       "name": "handle_failure",
job-core	Check JSON	2025-03-27T15:28:12.4903448Z       "startedAt": "2025-03-27T14:37:46Z",
job-core	Check JSON	2025-03-27T15:28:12.4904237Z       "status": "completed",
job-core	Check JSON	2025-03-27T15:28:12.4904553Z       "steps": [],
job-core	Check JSON	2025-03-27T15:28:12.4905135Z       "url": "https://github.com/Ka0s-Klaus/ka0s/actions/runs/14109265327/job/39523567598"
job-core	Check JSON	2025-03-27T15:28:12.4906044Z     }
job-core	Check JSON	2025-03-27T15:28:12.4906270Z   ],
job-core	Check JSON	2025-03-27T15:28:12.4906551Z   "name": "Ka0s Markdown Lint",
job-core	Check JSON	2025-03-27T15:28:12.4906861Z   "number": 35,
job-core	Check JSON	2025-03-27T15:28:12.4907346Z   "startedAt": "2025-03-27T14:35:17Z",
job-core	Check JSON	2025-03-27T15:28:12.4908027Z   "status": "completed",
job-core	Check JSON	2025-03-27T15:28:12.4908715Z   "updatedAt": "2025-03-27T14:40:42Z",
job-core	Check JSON	2025-03-27T15:28:12.4910048Z   "url": "https://github.com/Ka0s-Klaus/ka0s/actions/runs/14109265327",
job-core	Check JSON	2025-03-27T15:28:12.4911033Z   "workflowDatabaseId": 142215142,
job-core	Check JSON	2025-03-27T15:28:12.4911770Z   "workflowName": "Ka0s Markdown Lint"
job-core	Check JSON	2025-03-27T15:28:12.4912478Z }
job-core	Check JSON	2025-03-27T15:28:12.4914345Z File core/outputs/j/jsonlint-results-14110465613.txt is not empty and is content not correct and write commit info
job-core	Check JSON	2025-03-27T15:28:13.8028541Z https://github.com/Ka0s-Klaus/ka0s/issues/34#issuecomment-2758475056
job-core	Post Install Node.js	ï»¿2025-03-27T15:28:13.8428365Z Post job cleanup.
job-core	Post Checkout code	ï»¿2025-03-27T15:28:14.0063269Z Post job cleanup.
job-core	Post Checkout code	2025-03-27T15:28:14.1542912Z [command]/usr/bin/git version
job-core	Post Checkout code	2025-03-27T15:28:14.1635264Z git version 2.48.1
job-core	Post Checkout code	2025-03-27T15:28:14.1679820Z Copying '/home/kaos/.gitconfig' to '/actions-runner/_work/_temp/3591086b-f340-46c1-bf39-de30f79cef0d/.gitconfig'
job-core	Post Checkout code	2025-03-27T15:28:14.1702627Z Temporarily overriding HOME='/actions-runner/_work/_temp/3591086b-f340-46c1-bf39-de30f79cef0d' before making global git config changes
job-core	Post Checkout code	2025-03-27T15:28:14.1705689Z Adding repository directory to the temporary git global config as a safe directory
job-core	Post Checkout code	2025-03-27T15:28:14.1716860Z [command]/usr/bin/git config --global --add safe.directory /actions-runner/_work/ka0s/ka0s
job-core	Post Checkout code	2025-03-27T15:28:14.1774160Z [command]/usr/bin/git config --local --name-only --get-regexp core\.sshCommand
job-core	Post Checkout code	2025-03-27T15:28:14.1844472Z [command]/usr/bin/git submodule foreach --recursive sh -c "git config --local --name-only --get-regexp 'core\.sshCommand' && git config --local --unset-all 'core.sshCommand' || :"
job-core	Post Checkout code	2025-03-27T15:28:14.2391914Z [command]/usr/bin/git config --local --name-only --get-regexp http\.https\:\/\/github\.com\/\.extraheader
job-core	Post Checkout code	2025-03-27T15:28:14.2447129Z http.https://github.com/.extraheader
job-core	Post Checkout code	2025-03-27T15:28:14.2470462Z [command]/usr/bin/git config --local --unset-all http.https://github.com/.extraheader
job-core	Post Checkout code	2025-03-27T15:28:14.2537229Z [command]/usr/bin/git submodule foreach --recursive sh -c "git config --local --name-only --get-regexp 'http\.https\:\/\/github\.com\/\.extraheader' && git config --local --unset-all 'http.https://github.com/.extraheader' || :"
job-core	Complete job	ï»¿2025-03-27T15:28:14.3279514Z Cleaning up orphan processes
handle-success	Set up job	ï»¿2025-03-27T15:29:25.5159393Z Current runner version: '2.323.0'
handle-success	Set up job	2025-03-27T15:29:25.5169258Z Runner name: 'ka0s-2'
handle-success	Set up job	2025-03-27T15:29:25.5170599Z Machine name: '90a1232a7504'
handle-success	Set up job	2025-03-27T15:29:25.5174811Z ##[group]GITHUB_TOKEN Permissions
handle-success	Set up job	2025-03-27T15:29:25.5177812Z Actions: write
handle-success	Set up job	2025-03-27T15:29:25.5178532Z Contents: write
handle-success	Set up job	2025-03-27T15:29:25.5179446Z Issues: write
handle-success	Set up job	2025-03-27T15:29:25.5180120Z Metadata: read
handle-success	Set up job	2025-03-27T15:29:25.5180776Z PullRequests: write
handle-success	Set up job	2025-03-27T15:29:25.5181488Z ##[endgroup]
handle-success	Set up job	2025-03-27T15:29:25.5184937Z Secret source: Actions
handle-success	Set up job	2025-03-27T15:29:25.5185901Z Prepare workflow directory
handle-success	Set up job	2025-03-27T15:29:25.6157775Z Prepare all required actions
handle-success	Set up job	2025-03-27T15:29:25.6209650Z Getting action download info
handle-success	Set up job	2025-03-27T15:29:26.3291278Z Download action repository 'actions/checkout@v4' (SHA:11bd71901bbe5b1630ceea73d27597364c9af683)
handle-success	Set up job	2025-03-27T15:29:28.1993349Z Complete job name: handle-success
handle-success	Checkout code	ï»¿2025-03-27T15:29:28.3242522Z ##[group]Run actions/checkout@v4
handle-success	Checkout code	2025-03-27T15:29:28.3246189Z with:
handle-success	Checkout code	2025-03-27T15:29:28.3248015Z   fetch-depth: 0
handle-success	Checkout code	2025-03-27T15:29:28.3250938Z   token: ***
handle-success	Checkout code	2025-03-27T15:29:28.3252724Z   repository: Ka0s-Klaus/ka0s
handle-success	Checkout code	2025-03-27T15:29:28.3255085Z   ssh-strict: true
handle-success	Checkout code	2025-03-27T15:29:28.3257024Z   ssh-user: git
handle-success	Checkout code	2025-03-27T15:29:28.3258817Z   persist-credentials: true
handle-success	Checkout code	2025-03-27T15:29:28.3260863Z   clean: true
handle-success	Checkout code	2025-03-27T15:29:28.3262657Z   sparse-checkout-cone-mode: true
handle-success	Checkout code	2025-03-27T15:29:28.3265242Z   fetch-tags: false
handle-success	Checkout code	2025-03-27T15:29:28.3267131Z   show-progress: true
handle-success	Checkout code	2025-03-27T15:29:28.3268988Z   lfs: false
handle-success	Checkout code	2025-03-27T15:29:28.3270737Z   submodules: false
handle-success	Checkout code	2025-03-27T15:29:28.3272612Z   set-safe-directory: true
handle-success	Checkout code	2025-03-27T15:29:28.3275608Z env:
handle-success	Checkout code	2025-03-27T15:29:28.3277332Z   KAOS_MODULE: [Ka0S] JSONLINT
handle-success	Checkout code	2025-03-27T15:29:28.3280221Z   GH_TOKEN: ***
handle-success	Checkout code	2025-03-27T15:29:28.3282291Z   KAOS_JSONLINT_CONFIG: core/config/.jsonlint.json
handle-success	Checkout code	2025-03-27T15:29:28.3285364Z   KAOS_PATH_RESUME: core/outputs/j/
handle-success	Checkout code	2025-03-27T15:29:28.3288087Z   KAOS_REPO: /actions-runner/_work/kaos/kaos
handle-success	Checkout code	2025-03-27T15:29:28.3290637Z   KAOS_STEP_MODULE: 
handle-success	Checkout code	2025-03-27T15:29:28.3292620Z   KAOS_CODE: 14110465613
handle-success	Checkout code	2025-03-27T15:29:28.3294884Z   KAOS_REF_BRANCH: main
handle-success	Checkout code	2025-03-27T15:29:28.3296830Z ##[endgroup]
handle-success	Checkout code	2025-03-27T15:29:28.5228225Z Syncing repository: Ka0s-Klaus/ka0s
handle-success	Checkout code	2025-03-27T15:29:28.5233733Z ##[group]Getting Git version info
handle-success	Checkout code	2025-03-27T15:29:28.5237003Z Working directory is '/actions-runner/_work/ka0s/ka0s'
handle-success	Checkout code	2025-03-27T15:29:28.5241153Z [command]/usr/bin/git version
handle-success	Checkout code	2025-03-27T15:29:28.5243289Z git version 2.48.1
handle-success	Checkout code	2025-03-27T15:29:28.5264577Z ##[endgroup]
handle-success	Checkout code	2025-03-27T15:29:28.5288516Z Copying '/home/kaos/.gitconfig' to '/actions-runner/_work/_temp/ec91eb5b-427e-4914-b5c1-9ca7492501a2/.gitconfig'
handle-success	Checkout code	2025-03-27T15:29:28.5300332Z Temporarily overriding HOME='/actions-runner/_work/_temp/ec91eb5b-427e-4914-b5c1-9ca7492501a2' before making global git config changes
handle-success	Checkout code	2025-03-27T15:29:28.5305823Z Adding repository directory to the temporary git global config as a safe directory
handle-success	Checkout code	2025-03-27T15:29:28.5312072Z [command]/usr/bin/git config --global --add safe.directory /actions-runner/_work/ka0s/ka0s
handle-success	Checkout code	2025-03-27T15:29:28.5386845Z [command]/usr/bin/git config --local --get remote.origin.url
handle-success	Checkout code	2025-03-27T15:29:28.5419523Z https://github.com/Ka0s-Klaus/ka0s
handle-success	Checkout code	2025-03-27T15:29:28.5457500Z ##[group]Removing previously created refs, to avoid conflicts
handle-success	Checkout code	2025-03-27T15:29:28.5459994Z [command]/usr/bin/git rev-parse --symbolic-full-name --verify --quiet HEAD
handle-success	Checkout code	2025-03-27T15:29:28.5481075Z refs/heads/H34-modulo-iac-kaos
handle-success	Checkout code	2025-03-27T15:29:28.5500525Z [command]/usr/bin/git checkout --detach
handle-success	Checkout code	2025-03-27T15:29:28.5606341Z HEAD is now at d70a0de [Ka0S] Uploading resume execution files to the repository...
handle-success	Checkout code	2025-03-27T15:29:28.5681848Z [command]/usr/bin/git branch --delete --force H34-modulo-iac-kaos
handle-success	Checkout code	2025-03-27T15:29:28.5719200Z Deleted branch H34-modulo-iac-kaos (was d70a0de).
handle-success	Checkout code	2025-03-27T15:29:28.5792455Z ##[endgroup]
handle-success	Checkout code	2025-03-27T15:29:28.5795083Z [command]/usr/bin/git submodule status
handle-success	Checkout code	2025-03-27T15:29:28.6180434Z ##[group]Cleaning the repository
handle-success	Checkout code	2025-03-27T15:29:28.6186154Z [command]/usr/bin/git clean -ffdx
handle-success	Checkout code	2025-03-27T15:29:28.6244070Z Removing core/outputs/j/jsonlint-results-14110473532.txt
handle-success	Checkout code	2025-03-27T15:29:28.6260563Z [command]/usr/bin/git reset --hard HEAD
handle-success	Checkout code	2025-03-27T15:29:28.6411219Z HEAD is now at d70a0de [Ka0S] Uploading resume execution files to the repository...
handle-success	Checkout code	2025-03-27T15:29:28.6424913Z ##[endgroup]
handle-success	Checkout code	2025-03-27T15:29:28.6427706Z ##[group]Disabling automatic garbage collection
handle-success	Checkout code	2025-03-27T15:29:28.6431393Z [command]/usr/bin/git config --local gc.auto 0
handle-success	Checkout code	2025-03-27T15:29:28.6492762Z ##[endgroup]
handle-success	Checkout code	2025-03-27T15:29:28.6496073Z ##[group]Setting up auth
handle-success	Checkout code	2025-03-27T15:29:28.6501916Z [command]/usr/bin/git config --local --name-only --get-regexp core\.sshCommand
handle-success	Checkout code	2025-03-27T15:29:28.6555729Z [command]/usr/bin/git submodule foreach --recursive sh -c "git config --local --name-only --get-regexp 'core\.sshCommand' && git config --local --unset-all 'core.sshCommand' || :"
handle-success	Checkout code	2025-03-27T15:29:28.6961248Z [command]/usr/bin/git config --local --name-only --get-regexp http\.https\:\/\/github\.com\/\.extraheader
handle-success	Checkout code	2025-03-27T15:29:28.7015613Z [command]/usr/bin/git submodule foreach --recursive sh -c "git config --local --name-only --get-regexp 'http\.https\:\/\/github\.com\/\.extraheader' && git config --local --unset-all 'http.https://github.com/.extraheader' || :"
handle-success	Checkout code	2025-03-27T15:29:28.7406069Z [command]/usr/bin/git config --local http.https://github.com/.extraheader AUTHORIZATION: basic ***
handle-success	Checkout code	2025-03-27T15:29:28.7461645Z ##[endgroup]
handle-success	Checkout code	2025-03-27T15:29:28.7463617Z ##[group]Fetching the repository
handle-success	Checkout code	2025-03-27T15:29:28.7475623Z [command]/usr/bin/git -c protocol.version=2 fetch --prune --no-recurse-submodules origin +refs/heads/*:refs/remotes/origin/* +refs/tags/*:refs/tags/*
handle-success	Checkout code	2025-03-27T15:29:29.5734243Z [command]/usr/bin/git branch --list --remote origin/H34-modulo-iac-kaos
handle-success	Checkout code	2025-03-27T15:29:29.5895587Z   origin/H34-modulo-iac-kaos
handle-success	Checkout code	2025-03-27T15:29:29.5951382Z [command]/usr/bin/git rev-parse refs/remotes/origin/H34-modulo-iac-kaos
handle-success	Checkout code	2025-03-27T15:29:29.6008738Z d70a0de5eb02460c4e533e49594921b2c09c5eb1
handle-success	Checkout code	2025-03-27T15:29:29.6025441Z ##[endgroup]
handle-success	Checkout code	2025-03-27T15:29:29.6028524Z ##[group]Determining the checkout info
handle-success	Checkout code	2025-03-27T15:29:29.6031842Z ##[endgroup]
handle-success	Checkout code	2025-03-27T15:29:29.6043049Z [command]/usr/bin/git sparse-checkout disable
handle-success	Checkout code	2025-03-27T15:29:29.6151814Z [command]/usr/bin/git config --local --unset-all extensions.worktreeConfig
handle-success	Checkout code	2025-03-27T15:29:29.6207815Z ##[group]Checking out the ref
handle-success	Checkout code	2025-03-27T15:29:29.6215302Z [command]/usr/bin/git checkout --progress --force -B H34-modulo-iac-kaos refs/remotes/origin/H34-modulo-iac-kaos
handle-success	Checkout code	2025-03-27T15:29:29.6347154Z Switched to a new branch 'H34-modulo-iac-kaos'
handle-success	Checkout code	2025-03-27T15:29:29.6353689Z branch 'H34-modulo-iac-kaos' set up to track 'origin/H34-modulo-iac-kaos'.
handle-success	Checkout code	2025-03-27T15:29:29.6362566Z ##[endgroup]
handle-success	Checkout code	2025-03-27T15:29:29.6419914Z [command]/usr/bin/git log -1 --format=%H
handle-success	Checkout code	2025-03-27T15:29:29.6459424Z d70a0de5eb02460c4e533e49594921b2c09c5eb1
handle-success	handle-success-execution	ï»¿2025-03-27T15:29:29.6752318Z ##[group]Run # Si todo ha ido correcto aÃ±adimos el contenido del fichero 
handle-success	handle-success-execution	2025-03-27T15:29:29.6753204Z [36;1m# Si todo ha ido correcto aÃ±adimos el contenido del fichero [0m
handle-success	handle-success-execution	2025-03-27T15:29:29.6754009Z [36;1mRNNUMBER=$(echo "refs/heads/H34-modulo-iac-kaos" | grep -o '[0-9]*')[0m
handle-success	handle-success-execution	2025-03-27T15:29:29.6755103Z [36;1mgh issue comment $RNNUMBER --body "El proceso ha finalizado correctamente 14110465613. El resultado estÃ¡ en el fichero core/results/event_data14110465613.log"[0m
handle-success	handle-success-execution	2025-03-27T15:29:29.6771210Z shell: /usr/bin/bash -e {0}
handle-success	handle-success-execution	2025-03-27T15:29:29.6771643Z env:
handle-success	handle-success-execution	2025-03-27T15:29:29.6771941Z   KAOS_MODULE: [Ka0S] JSONLINT
handle-success	handle-success-execution	2025-03-27T15:29:29.6772653Z   GH_TOKEN: ***
handle-success	handle-success-execution	2025-03-27T15:29:29.6773012Z   KAOS_JSONLINT_CONFIG: core/config/.jsonlint.json
handle-success	handle-success-execution	2025-03-27T15:29:29.6773465Z   KAOS_PATH_RESUME: core/outputs/j/
handle-success	handle-success-execution	2025-03-27T15:29:29.6774168Z   KAOS_REPO: /actions-runner/_work/kaos/kaos
handle-success	handle-success-execution	2025-03-27T15:29:29.6774586Z   KAOS_STEP_MODULE: 
handle-success	handle-success-execution	2025-03-27T15:29:29.6774893Z   KAOS_CODE: 14110465613
handle-success	handle-success-execution	2025-03-27T15:29:29.6775293Z   KAOS_REF_BRANCH: main
handle-success	handle-success-execution	2025-03-27T15:29:29.6775606Z ##[endgroup]
handle-success	handle-success-execution	2025-03-27T15:29:31.3308385Z https://github.com/Ka0s-Klaus/ka0s/issues/34#issuecomment-2758479333
handle-success	Post Checkout code	ï»¿2025-03-27T15:29:31.3748617Z Post job cleanup.
handle-success	Post Checkout code	2025-03-27T15:29:31.5080757Z [command]/usr/bin/git version
handle-success	Post Checkout code	2025-03-27T15:29:31.5133572Z git version 2.48.1
handle-success	Post Checkout code	2025-03-27T15:29:31.5185796Z Copying '/home/kaos/.gitconfig' to '/actions-runner/_work/_temp/18390d87-8fd9-4c57-900e-655eda03375c/.gitconfig'
handle-success	Post Checkout code	2025-03-27T15:29:31.5204073Z Temporarily overriding HOME='/actions-runner/_work/_temp/18390d87-8fd9-4c57-900e-655eda03375c' before making global git config changes
handle-success	Post Checkout code	2025-03-27T15:29:31.5205359Z Adding repository directory to the temporary git global config as a safe directory
handle-success	Post Checkout code	2025-03-27T15:29:31.5213355Z [command]/usr/bin/git config --global --add safe.directory /actions-runner/_work/ka0s/ka0s
handle-success	Post Checkout code	2025-03-27T15:29:31.5267904Z [command]/usr/bin/git config --local --name-only --get-regexp core\.sshCommand
handle-success	Post Checkout code	2025-03-27T15:29:31.5345722Z [command]/usr/bin/git submodule foreach --recursive sh -c "git config --local --name-only --get-regexp 'core\.sshCommand' && git config --local --unset-all 'core.sshCommand' || :"
handle-success	Post Checkout code	2025-03-27T15:29:31.5738470Z [command]/usr/bin/git config --local --name-only --get-regexp http\.https\:\/\/github\.com\/\.extraheader
handle-success	Post Checkout code	2025-03-27T15:29:31.5776238Z http.https://github.com/.extraheader
handle-success	Post Checkout code	2025-03-27T15:29:31.5794918Z [command]/usr/bin/git config --local --unset-all http.https://github.com/.extraheader
handle-success	Post Checkout code	2025-03-27T15:29:31.5849220Z [command]/usr/bin/git submodule foreach --recursive sh -c "git config --local --name-only --get-regexp 'http\.https\:\/\/github\.com\/\.extraheader' && git config --local --unset-all 'http.https://github.com/.extraheader' || :"
handle-success	Complete job	ï»¿2025-03-27T15:29:31.6441054Z Cleaning up orphan processes
end-workflow	Set up job	ï»¿2025-03-27T15:33:03.8900976Z Current runner version: '2.323.0'
end-workflow	Set up job	2025-03-27T15:33:03.8911352Z Runner name: 'kaos-3'
end-workflow	Set up job	2025-03-27T15:33:03.8912669Z Machine name: 'ddaf71c4382c'
end-workflow	Set up job	2025-03-27T15:33:03.8916981Z ##[group]GITHUB_TOKEN Permissions
end-workflow	Set up job	2025-03-27T15:33:03.8920203Z Actions: write
end-workflow	Set up job	2025-03-27T15:33:03.8921035Z Contents: write
end-workflow	Set up job	2025-03-27T15:33:03.8921709Z Issues: write
end-workflow	Set up job	2025-03-27T15:33:03.8922542Z Metadata: read
end-workflow	Set up job	2025-03-27T15:33:03.8923354Z PullRequests: write
end-workflow	Set up job	2025-03-27T15:33:03.8924262Z ##[endgroup]
end-workflow	Set up job	2025-03-27T15:33:03.8928058Z Secret source: Actions
end-workflow	Set up job	2025-03-27T15:33:03.8929897Z Prepare workflow directory
end-workflow	Set up job	2025-03-27T15:33:03.9942784Z Prepare all required actions
end-workflow	Set up job	2025-03-27T15:33:03.9996950Z Getting action download info
end-workflow	Set up job	2025-03-27T15:33:04.6828600Z Download action repository 'actions/checkout@v4' (SHA:11bd71901bbe5b1630ceea73d27597364c9af683)
end-workflow	Set up job	2025-03-27T15:33:06.6986998Z Complete job name: end-workflow
end-workflow	Checkout code	ï»¿2025-03-27T15:33:06.7765277Z ##[group]Run actions/checkout@v4
end-workflow	Checkout code	2025-03-27T15:33:06.7767261Z with:
end-workflow	Checkout code	2025-03-27T15:33:06.7768242Z   fetch-depth: 0
end-workflow	Checkout code	2025-03-27T15:33:06.7769981Z   token: ***
end-workflow	Checkout code	2025-03-27T15:33:06.7771049Z   repository: Ka0s-Klaus/ka0s
end-workflow	Checkout code	2025-03-27T15:33:06.7772298Z   ssh-strict: true
end-workflow	Checkout code	2025-03-27T15:33:06.7773333Z   ssh-user: git
end-workflow	Checkout code	2025-03-27T15:33:06.7774669Z   persist-credentials: true
end-workflow	Checkout code	2025-03-27T15:33:06.7775904Z   clean: true
end-workflow	Checkout code	2025-03-27T15:33:06.7776985Z   sparse-checkout-cone-mode: true
end-workflow	Checkout code	2025-03-27T15:33:06.7778291Z   fetch-tags: false
end-workflow	Checkout code	2025-03-27T15:33:06.7779363Z   show-progress: true
end-workflow	Checkout code	2025-03-27T15:33:06.7780447Z   lfs: false
end-workflow	Checkout code	2025-03-27T15:33:06.7781455Z   submodules: false
end-workflow	Checkout code	2025-03-27T15:33:06.7782558Z   set-safe-directory: true
end-workflow	Checkout code	2025-03-27T15:33:06.7784765Z env:
end-workflow	Checkout code	2025-03-27T15:33:06.7785765Z   KAOS_MODULE: [Ka0S] JSONLINT
end-workflow	Checkout code	2025-03-27T15:33:06.7787363Z   GH_TOKEN: ***
end-workflow	Checkout code	2025-03-27T15:33:06.7788583Z   KAOS_JSONLINT_CONFIG: core/config/.jsonlint.json
end-workflow	Checkout code	2025-03-27T15:33:06.7790147Z   KAOS_PATH_RESUME: core/outputs/j/
end-workflow	Checkout code	2025-03-27T15:33:06.7791658Z   KAOS_REPO: /actions-runner/_work/kaos/kaos
end-workflow	Checkout code	2025-03-27T15:33:06.7793088Z   KAOS_STEP_MODULE: 
end-workflow	Checkout code	2025-03-27T15:33:06.7794354Z   KAOS_CODE: 14110465613
end-workflow	Checkout code	2025-03-27T15:33:06.7795523Z   KAOS_REF_BRANCH: main
end-workflow	Checkout code	2025-03-27T15:33:06.7796634Z ##[endgroup]
end-workflow	Checkout code	2025-03-27T15:33:06.9436596Z Syncing repository: Ka0s-Klaus/ka0s
end-workflow	Checkout code	2025-03-27T15:33:06.9444299Z ##[group]Getting Git version info
end-workflow	Checkout code	2025-03-27T15:33:06.9446202Z Working directory is '/actions-runner/_work/ka0s/ka0s'
end-workflow	Checkout code	2025-03-27T15:33:06.9450516Z [command]/usr/bin/git version
end-workflow	Checkout code	2025-03-27T15:33:06.9453970Z git version 2.48.1
end-workflow	Checkout code	2025-03-27T15:33:06.9502429Z ##[endgroup]
end-workflow	Checkout code	2025-03-27T15:33:06.9515825Z Copying '/home/kaos/.gitconfig' to '/actions-runner/_work/_temp/54eb234f-76d3-4866-9d23-bd196103996e/.gitconfig'
end-workflow	Checkout code	2025-03-27T15:33:06.9520149Z Temporarily overriding HOME='/actions-runner/_work/_temp/54eb234f-76d3-4866-9d23-bd196103996e' before making global git config changes
end-workflow	Checkout code	2025-03-27T15:33:06.9524200Z Adding repository directory to the temporary git global config as a safe directory
end-workflow	Checkout code	2025-03-27T15:33:06.9527362Z [command]/usr/bin/git config --global --add safe.directory /actions-runner/_work/ka0s/ka0s
end-workflow	Checkout code	2025-03-27T15:33:06.9534817Z [command]/usr/bin/git config --local --get remote.origin.url
end-workflow	Checkout code	2025-03-27T15:33:06.9565701Z https://github.com/Ka0s-Klaus/ka0s
end-workflow	Checkout code	2025-03-27T15:33:06.9599891Z ##[group]Removing previously created refs, to avoid conflicts
end-workflow	Checkout code	2025-03-27T15:33:06.9608511Z [command]/usr/bin/git rev-parse --symbolic-full-name --verify --quiet HEAD
end-workflow	Checkout code	2025-03-27T15:33:06.9643129Z refs/heads/H34-modulo-iac-kaos
end-workflow	Checkout code	2025-03-27T15:33:06.9663536Z [command]/usr/bin/git checkout --detach
end-workflow	Checkout code	2025-03-27T15:33:06.9782350Z HEAD is now at d70a0de [Ka0S] Uploading resume execution files to the repository...
end-workflow	Checkout code	2025-03-27T15:33:06.9862876Z [command]/usr/bin/git branch --delete --force H34-modulo-iac-kaos
end-workflow	Checkout code	2025-03-27T15:33:06.9910497Z Deleted branch H34-modulo-iac-kaos (was d70a0de).
end-workflow	Checkout code	2025-03-27T15:33:06.9991421Z ##[endgroup]
end-workflow	Checkout code	2025-03-27T15:33:06.9994349Z [command]/usr/bin/git submodule status
end-workflow	Checkout code	2025-03-27T15:33:07.0403222Z ##[group]Cleaning the repository
end-workflow	Checkout code	2025-03-27T15:33:07.0408488Z [command]/usr/bin/git clean -ffdx
end-workflow	Checkout code	2025-03-27T15:33:07.0468915Z Removing core/outputs/j/jsonlint-results-14110499945.txt
end-workflow	Checkout code	2025-03-27T15:33:07.0496144Z [command]/usr/bin/git reset --hard HEAD
end-workflow	Checkout code	2025-03-27T15:33:07.0648729Z HEAD is now at d70a0de [Ka0S] Uploading resume execution files to the repository...
end-workflow	Checkout code	2025-03-27T15:33:07.0666871Z ##[endgroup]
end-workflow	Checkout code	2025-03-27T15:33:07.0670809Z ##[group]Disabling automatic garbage collection
end-workflow	Checkout code	2025-03-27T15:33:07.0674695Z [command]/usr/bin/git config --local gc.auto 0
end-workflow	Checkout code	2025-03-27T15:33:07.0744399Z ##[endgroup]
end-workflow	Checkout code	2025-03-27T15:33:07.0747953Z ##[group]Setting up auth
end-workflow	Checkout code	2025-03-27T15:33:07.0755732Z [command]/usr/bin/git config --local --name-only --get-regexp core\.sshCommand
end-workflow	Checkout code	2025-03-27T15:33:07.0837373Z [command]/usr/bin/git submodule foreach --recursive sh -c "git config --local --name-only --get-regexp 'core\.sshCommand' && git config --local --unset-all 'core.sshCommand' || :"
end-workflow	Checkout code	2025-03-27T15:33:07.1240832Z [command]/usr/bin/git config --local --name-only --get-regexp http\.https\:\/\/github\.com\/\.extraheader
end-workflow	Checkout code	2025-03-27T15:33:07.1301783Z [command]/usr/bin/git submodule foreach --recursive sh -c "git config --local --name-only --get-regexp 'http\.https\:\/\/github\.com\/\.extraheader' && git config --local --unset-all 'http.https://github.com/.extraheader' || :"
end-workflow	Checkout code	2025-03-27T15:33:07.1699303Z [command]/usr/bin/git config --local http.https://github.com/.extraheader AUTHORIZATION: basic ***
end-workflow	Checkout code	2025-03-27T15:33:07.1762230Z ##[endgroup]
end-workflow	Checkout code	2025-03-27T15:33:07.1767862Z ##[group]Fetching the repository
end-workflow	Checkout code	2025-03-27T15:33:07.1778646Z [command]/usr/bin/git -c protocol.version=2 fetch --prune --no-recurse-submodules origin +refs/heads/*:refs/remotes/origin/* +refs/tags/*:refs/tags/*
end-workflow	Checkout code	2025-03-27T15:33:07.8871927Z [command]/usr/bin/git branch --list --remote origin/H34-modulo-iac-kaos
end-workflow	Checkout code	2025-03-27T15:33:07.8910046Z   origin/H34-modulo-iac-kaos
end-workflow	Checkout code	2025-03-27T15:33:07.8923265Z [command]/usr/bin/git rev-parse refs/remotes/origin/H34-modulo-iac-kaos
end-workflow	Checkout code	2025-03-27T15:33:07.8956092Z d70a0de5eb02460c4e533e49594921b2c09c5eb1
end-workflow	Checkout code	2025-03-27T15:33:07.8963540Z ##[endgroup]
end-workflow	Checkout code	2025-03-27T15:33:07.8965100Z ##[group]Determining the checkout info
end-workflow	Checkout code	2025-03-27T15:33:07.8966091Z ##[endgroup]
end-workflow	Checkout code	2025-03-27T15:33:07.8974067Z [command]/usr/bin/git sparse-checkout disable
end-workflow	Checkout code	2025-03-27T15:33:07.9055814Z [command]/usr/bin/git config --local --unset-all extensions.worktreeConfig
end-workflow	Checkout code	2025-03-27T15:33:07.9102596Z ##[group]Checking out the ref
end-workflow	Checkout code	2025-03-27T15:33:07.9107274Z [command]/usr/bin/git checkout --progress --force -B H34-modulo-iac-kaos refs/remotes/origin/H34-modulo-iac-kaos
end-workflow	Checkout code	2025-03-27T15:33:07.9215591Z Switched to a new branch 'H34-modulo-iac-kaos'
end-workflow	Checkout code	2025-03-27T15:33:07.9221713Z branch 'H34-modulo-iac-kaos' set up to track 'origin/H34-modulo-iac-kaos'.
end-workflow	Checkout code	2025-03-27T15:33:07.9230510Z ##[endgroup]
end-workflow	Checkout code	2025-03-27T15:33:07.9294329Z [command]/usr/bin/git log -1 --format=%H
end-workflow	Checkout code	2025-03-27T15:33:07.9333643Z d70a0de5eb02460c4e533e49594921b2c09c5eb1
end-workflow	Finaliza el workflow	ï»¿2025-03-27T15:33:07.9654666Z ##[group]Run echo "End process"
end-workflow	Finaliza el workflow	2025-03-27T15:33:07.9655257Z [36;1mecho "End process"[0m
end-workflow	Finaliza el workflow	2025-03-27T15:33:07.9655782Z [36;1mRNNUMBER=$(echo "refs/heads/H34-modulo-iac-kaos" | grep -o '[0-9]*')[0m
end-workflow	Finaliza el workflow	2025-03-27T15:33:07.9656518Z [36;1mgh issue comment $RNNUMBER --body "Se finaliza Ka0s 14110465613"[0m
end-workflow	Finaliza el workflow	2025-03-27T15:33:07.9657380Z [36;1mgh workflow run inspector.yml --ref 'main' -f kaos-issue-id=$RNNUMBER -f kaos-workflow-id="14110465613" -f kaos-user-start=""[0m
end-workflow	Finaliza el workflow	2025-03-27T15:33:07.9673242Z shell: /usr/bin/bash -e {0}
end-workflow	Finaliza el workflow	2025-03-27T15:33:07.9673671Z env:
end-workflow	Finaliza el workflow	2025-03-27T15:33:07.9674233Z   KAOS_MODULE: [Ka0S] JSONLINT
end-workflow	Finaliza el workflow	2025-03-27T15:33:07.9675119Z   GH_TOKEN: ***
end-workflow	Finaliza el workflow	2025-03-27T15:33:07.9675482Z   KAOS_JSONLINT_CONFIG: core/config/.jsonlint.json
end-workflow	Finaliza el workflow	2025-03-27T15:33:07.9676110Z   KAOS_PATH_RESUME: core/outputs/j/
end-workflow	Finaliza el workflow	2025-03-27T15:33:07.9676795Z   KAOS_REPO: /actions-runner/_work/kaos/kaos
end-workflow	Finaliza el workflow	2025-03-27T15:33:07.9677498Z   KAOS_STEP_MODULE: 
end-workflow	Finaliza el workflow	2025-03-27T15:33:07.9678248Z   KAOS_CODE: 14110465613
end-workflow	Finaliza el workflow	2025-03-27T15:33:07.9679057Z   KAOS_REF_BRANCH: main
end-workflow	Finaliza el workflow	2025-03-27T15:33:07.9679622Z ##[endgroup]
end-workflow	Finaliza el workflow	2025-03-27T15:33:07.9764535Z End process
end-workflow	Finaliza el workflow	2025-03-27T15:33:09.3482144Z https://github.com/Ka0s-Klaus/ka0s/issues/34#issuecomment-2758490932
end-workflow	Post Checkout code	ï»¿2025-03-27T15:33:10.7168782Z Post job cleanup.
end-workflow	Post Checkout code	2025-03-27T15:33:10.9219085Z [command]/usr/bin/git version
end-workflow	Post Checkout code	2025-03-27T15:33:10.9291092Z git version 2.48.1
end-workflow	Post Checkout code	2025-03-27T15:33:10.9370074Z Copying '/home/kaos/.gitconfig' to '/actions-runner/_work/_temp/1b841710-c190-4d53-a903-a5fff4735aff/.gitconfig'
end-workflow	Post Checkout code	2025-03-27T15:33:10.9392821Z Temporarily overriding HOME='/actions-runner/_work/_temp/1b841710-c190-4d53-a903-a5fff4735aff' before making global git config changes
end-workflow	Post Checkout code	2025-03-27T15:33:10.9396025Z Adding repository directory to the temporary git global config as a safe directory
end-workflow	Post Checkout code	2025-03-27T15:33:10.9405580Z [command]/usr/bin/git config --global --add safe.directory /actions-runner/_work/ka0s/ka0s
end-workflow	Post Checkout code	2025-03-27T15:33:10.9478849Z [command]/usr/bin/git config --local --name-only --get-regexp core\.sshCommand
end-workflow	Post Checkout code	2025-03-27T15:33:10.9557813Z [command]/usr/bin/git submodule foreach --recursive sh -c "git config --local --name-only --get-regexp 'core\.sshCommand' && git config --local --unset-all 'core.sshCommand' || :"
end-workflow	Post Checkout code	2025-03-27T15:33:10.9994645Z [command]/usr/bin/git config --local --name-only --get-regexp http\.https\:\/\/github\.com\/\.extraheader
end-workflow	Post Checkout code	2025-03-27T15:33:11.0031042Z http.https://github.com/.extraheader
end-workflow	Post Checkout code	2025-03-27T15:33:11.0049613Z [command]/usr/bin/git config --local --unset-all http.https://github.com/.extraheader
end-workflow	Post Checkout code	2025-03-27T15:33:11.0100699Z [command]/usr/bin/git submodule foreach --recursive sh -c "git config --local --name-only --get-regexp 'http\.https\:\/\/github\.com\/\.extraheader' && git config --local --unset-all 'http.https://github.com/.extraheader' || :"
end-workflow	Complete job	ï»¿2025-03-27T15:33:11.0619610Z Cleaning up orphan processes
