job-core	Set up job	ï»¿2025-03-27T15:31:27.8770421Z Current runner version: '2.323.0'
job-core	Set up job	2025-03-27T15:31:27.8780527Z Runner name: 'ka0s-2'
job-core	Set up job	2025-03-27T15:31:27.8781788Z Machine name: '90a1232a7504'
job-core	Set up job	2025-03-27T15:31:27.8786057Z ##[group]GITHUB_TOKEN Permissions
job-core	Set up job	2025-03-27T15:31:27.8789088Z Actions: write
job-core	Set up job	2025-03-27T15:31:27.8789958Z Contents: write
job-core	Set up job	2025-03-27T15:31:27.8790703Z Issues: write
job-core	Set up job	2025-03-27T15:31:27.8791404Z Metadata: read
job-core	Set up job	2025-03-27T15:31:27.8792078Z PullRequests: write
job-core	Set up job	2025-03-27T15:31:27.8792802Z ##[endgroup]
job-core	Set up job	2025-03-27T15:31:27.8796645Z Secret source: Actions
job-core	Set up job	2025-03-27T15:31:27.8797667Z Prepare workflow directory
job-core	Set up job	2025-03-27T15:31:27.9732260Z Prepare all required actions
job-core	Set up job	2025-03-27T15:31:27.9786861Z Getting action download info
job-core	Set up job	2025-03-27T15:31:28.7990791Z Download action repository 'actions/checkout@v4' (SHA:11bd71901bbe5b1630ceea73d27597364c9af683)
job-core	Set up job	2025-03-27T15:31:30.6146964Z Download action repository 'actions/setup-node@v2' (SHA:7c12f8017d5436eb855f1ed4399f037a36fbd9e8)
job-core	Set up job	2025-03-27T15:31:35.4141884Z Complete job name: job-core
job-core	Checkout code	ï»¿2025-03-27T15:31:35.5239585Z ##[group]Run actions/checkout@v4
job-core	Checkout code	2025-03-27T15:31:35.5241233Z with:
job-core	Checkout code	2025-03-27T15:31:35.5241752Z   fetch-depth: 0
job-core	Checkout code	2025-03-27T15:31:35.5242890Z   token: ***
job-core	Checkout code	2025-03-27T15:31:35.5243418Z   repository: Ka0s-Klaus/ka0s
job-core	Checkout code	2025-03-27T15:31:35.5244160Z   ssh-strict: true
job-core	Checkout code	2025-03-27T15:31:35.5244673Z   ssh-user: git
job-core	Checkout code	2025-03-27T15:31:35.5245201Z   persist-credentials: true
job-core	Checkout code	2025-03-27T15:31:35.5245762Z   clean: true
job-core	Checkout code	2025-03-27T15:31:35.5246370Z   sparse-checkout-cone-mode: true
job-core	Checkout code	2025-03-27T15:31:35.5247024Z   fetch-tags: false
job-core	Checkout code	2025-03-27T15:31:35.5247548Z   show-progress: true
job-core	Checkout code	2025-03-27T15:31:35.5248089Z   lfs: false
job-core	Checkout code	2025-03-27T15:31:35.5248569Z   submodules: false
job-core	Checkout code	2025-03-27T15:31:35.5249116Z   set-safe-directory: true
job-core	Checkout code	2025-03-27T15:31:35.5250261Z env:
job-core	Checkout code	2025-03-27T15:31:35.5250770Z   KAOS_MODULE: [Ka0S] JSONLINT
job-core	Checkout code	2025-03-27T15:31:35.5251744Z   GH_TOKEN: ***
job-core	Checkout code	2025-03-27T15:31:35.5252352Z   KAOS_JSONLINT_CONFIG: core/config/.jsonlint.json
job-core	Checkout code	2025-03-27T15:31:35.5253141Z   KAOS_PATH_RESUME: core/outputs/j/
job-core	Checkout code	2025-03-27T15:31:35.5254084Z   KAOS_REPO: /actions-runner/_work/kaos/kaos
job-core	Checkout code	2025-03-27T15:31:35.5254775Z   KAOS_STEP_MODULE: 
job-core	Checkout code	2025-03-27T15:31:35.5255310Z   KAOS_CODE: 14110490604
job-core	Checkout code	2025-03-27T15:31:35.5255881Z   KAOS_REF_BRANCH: main
job-core	Checkout code	2025-03-27T15:31:35.5256393Z ##[endgroup]
job-core	Checkout code	2025-03-27T15:31:35.7323422Z Syncing repository: Ka0s-Klaus/ka0s
job-core	Checkout code	2025-03-27T15:31:35.7326865Z ##[group]Getting Git version info
job-core	Checkout code	2025-03-27T15:31:35.7327876Z Working directory is '/actions-runner/_work/ka0s/ka0s'
job-core	Checkout code	2025-03-27T15:31:35.7329262Z [command]/usr/bin/git version
job-core	Checkout code	2025-03-27T15:31:35.7330467Z git version 2.48.1
job-core	Checkout code	2025-03-27T15:31:35.7412958Z ##[endgroup]
job-core	Checkout code	2025-03-27T15:31:35.7431862Z Copying '/home/kaos/.gitconfig' to '/actions-runner/_work/_temp/0e5b8831-94b5-44c5-b779-e1cb0d7861d1/.gitconfig'
job-core	Checkout code	2025-03-27T15:31:35.7439119Z Temporarily overriding HOME='/actions-runner/_work/_temp/0e5b8831-94b5-44c5-b779-e1cb0d7861d1' before making global git config changes
job-core	Checkout code	2025-03-27T15:31:35.7441349Z Adding repository directory to the temporary git global config as a safe directory
job-core	Checkout code	2025-03-27T15:31:35.7442943Z [command]/usr/bin/git config --global --add safe.directory /actions-runner/_work/ka0s/ka0s
job-core	Checkout code	2025-03-27T15:31:35.7516790Z [command]/usr/bin/git config --local --get remote.origin.url
job-core	Checkout code	2025-03-27T15:31:35.7565996Z https://github.com/Ka0s-Klaus/ka0s
job-core	Checkout code	2025-03-27T15:31:35.7593926Z ##[group]Removing previously created refs, to avoid conflicts
job-core	Checkout code	2025-03-27T15:31:35.7604535Z [command]/usr/bin/git rev-parse --symbolic-full-name --verify --quiet HEAD
job-core	Checkout code	2025-03-27T15:31:35.7656338Z refs/heads/H34-modulo-iac-kaos
job-core	Checkout code	2025-03-27T15:31:35.7680281Z [command]/usr/bin/git checkout --detach
job-core	Checkout code	2025-03-27T15:31:35.7925895Z HEAD is now at d70a0de [Ka0S] Uploading resume execution files to the repository...
job-core	Checkout code	2025-03-27T15:31:35.8024325Z [command]/usr/bin/git branch --delete --force H34-modulo-iac-kaos
job-core	Checkout code	2025-03-27T15:31:35.8097602Z Deleted branch H34-modulo-iac-kaos (was d70a0de).
job-core	Checkout code	2025-03-27T15:31:35.8216233Z ##[endgroup]
job-core	Checkout code	2025-03-27T15:31:35.8217731Z [command]/usr/bin/git submodule status
job-core	Checkout code	2025-03-27T15:31:35.8771097Z ##[group]Cleaning the repository
job-core	Checkout code	2025-03-27T15:31:35.8809651Z [command]/usr/bin/git clean -ffdx
job-core	Checkout code	2025-03-27T15:31:35.8873976Z [command]/usr/bin/git reset --hard HEAD
job-core	Checkout code	2025-03-27T15:31:35.9068964Z HEAD is now at d70a0de [Ka0S] Uploading resume execution files to the repository...
job-core	Checkout code	2025-03-27T15:31:35.9105045Z ##[endgroup]
job-core	Checkout code	2025-03-27T15:31:35.9111572Z ##[group]Disabling automatic garbage collection
job-core	Checkout code	2025-03-27T15:31:35.9119490Z [command]/usr/bin/git config --local gc.auto 0
job-core	Checkout code	2025-03-27T15:31:35.9208900Z ##[endgroup]
job-core	Checkout code	2025-03-27T15:31:35.9210637Z ##[group]Setting up auth
job-core	Checkout code	2025-03-27T15:31:35.9212293Z [command]/usr/bin/git config --local --name-only --get-regexp core\.sshCommand
job-core	Checkout code	2025-03-27T15:31:35.9294668Z [command]/usr/bin/git submodule foreach --recursive sh -c "git config --local --name-only --get-regexp 'core\.sshCommand' && git config --local --unset-all 'core.sshCommand' || :"
job-core	Checkout code	2025-03-27T15:31:35.9958831Z [command]/usr/bin/git config --local --name-only --get-regexp http\.https\:\/\/github\.com\/\.extraheader
job-core	Checkout code	2025-03-27T15:31:36.0026412Z [command]/usr/bin/git submodule foreach --recursive sh -c "git config --local --name-only --get-regexp 'http\.https\:\/\/github\.com\/\.extraheader' && git config --local --unset-all 'http.https://github.com/.extraheader' || :"
job-core	Checkout code	2025-03-27T15:31:36.0698417Z [command]/usr/bin/git config --local http.https://github.com/.extraheader AUTHORIZATION: basic ***
job-core	Checkout code	2025-03-27T15:31:36.0885465Z ##[endgroup]
job-core	Checkout code	2025-03-27T15:31:36.0888075Z ##[group]Fetching the repository
job-core	Checkout code	2025-03-27T15:31:36.0897006Z [command]/usr/bin/git -c protocol.version=2 fetch --prune --no-recurse-submodules origin +refs/heads/*:refs/remotes/origin/* +refs/tags/*:refs/tags/*
job-core	Checkout code	2025-03-27T15:31:37.4761232Z [command]/usr/bin/git branch --list --remote origin/H34-modulo-iac-kaos
job-core	Checkout code	2025-03-27T15:31:37.4911413Z   origin/H34-modulo-iac-kaos
job-core	Checkout code	2025-03-27T15:31:37.4988979Z [command]/usr/bin/git rev-parse refs/remotes/origin/H34-modulo-iac-kaos
job-core	Checkout code	2025-03-27T15:31:37.5121671Z d70a0de5eb02460c4e533e49594921b2c09c5eb1
job-core	Checkout code	2025-03-27T15:31:37.5159894Z ##[endgroup]
job-core	Checkout code	2025-03-27T15:31:37.5161892Z ##[group]Determining the checkout info
job-core	Checkout code	2025-03-27T15:31:37.5163694Z ##[endgroup]
job-core	Checkout code	2025-03-27T15:31:37.5178218Z [command]/usr/bin/git sparse-checkout disable
job-core	Checkout code	2025-03-27T15:31:37.5320632Z [command]/usr/bin/git config --local --unset-all extensions.worktreeConfig
job-core	Checkout code	2025-03-27T15:31:37.5386303Z ##[group]Checking out the ref
job-core	Checkout code	2025-03-27T15:31:37.5395458Z [command]/usr/bin/git checkout --progress --force -B H34-modulo-iac-kaos refs/remotes/origin/H34-modulo-iac-kaos
job-core	Checkout code	2025-03-27T15:31:37.5535631Z Switched to a new branch 'H34-modulo-iac-kaos'
job-core	Checkout code	2025-03-27T15:31:37.5543341Z branch 'H34-modulo-iac-kaos' set up to track 'origin/H34-modulo-iac-kaos'.
job-core	Checkout code	2025-03-27T15:31:37.5552828Z ##[endgroup]
job-core	Checkout code	2025-03-27T15:31:37.5627985Z [command]/usr/bin/git log -1 --format=%H
job-core	Checkout code	2025-03-27T15:31:37.5669250Z d70a0de5eb02460c4e533e49594921b2c09c5eb1
job-core	Install Node.js	ï»¿2025-03-27T15:31:37.6021559Z ##[group]Run actions/setup-node@v2
job-core	Install Node.js	2025-03-27T15:31:37.6022586Z with:
job-core	Install Node.js	2025-03-27T15:31:37.6023351Z   node-version: 14
job-core	Install Node.js	2025-03-27T15:31:37.6024048Z   always-auth: false
job-core	Install Node.js	2025-03-27T15:31:37.6024332Z   check-latest: false
job-core	Install Node.js	2025-03-27T15:31:37.6024854Z   token: ***
job-core	Install Node.js	2025-03-27T15:31:37.6063096Z env:
job-core	Install Node.js	2025-03-27T15:31:37.6064315Z   KAOS_MODULE: [Ka0S] JSONLINT
job-core	Install Node.js	2025-03-27T15:31:37.6065992Z   GH_TOKEN: ***
job-core	Install Node.js	2025-03-27T15:31:37.6067184Z   KAOS_JSONLINT_CONFIG: core/config/.jsonlint.json
job-core	Install Node.js	2025-03-27T15:31:37.6068720Z   KAOS_PATH_RESUME: core/outputs/j/
job-core	Install Node.js	2025-03-27T15:31:37.6069386Z   KAOS_REPO: /actions-runner/_work/kaos/kaos
job-core	Install Node.js	2025-03-27T15:31:37.6070292Z   KAOS_STEP_MODULE: 
job-core	Install Node.js	2025-03-27T15:31:37.6071177Z   KAOS_CODE: 14110490604
job-core	Install Node.js	2025-03-27T15:31:37.6072345Z   KAOS_REF_BRANCH: main
job-core	Install Node.js	2025-03-27T15:31:37.6073195Z ##[endgroup]
job-core	Install Node.js	2025-03-27T15:31:37.8733463Z Found in cache @ /actions-runner/_work/_tool/node/14.21.3/x64
job-core	Install jsonlint	ï»¿2025-03-27T15:31:37.8997026Z ##[group]Run if ! command -v jsonlint &> /dev/null; then
job-core	Install jsonlint	2025-03-27T15:31:37.8998160Z [36;1mif ! command -v jsonlint &> /dev/null; then[0m
job-core	Install jsonlint	2025-03-27T15:31:37.8998872Z [36;1m  echo "Installing jsonlint..."[0m
job-core	Install jsonlint	2025-03-27T15:31:37.9001003Z [36;1m  npm install -g jsonlint[0m
job-core	Install jsonlint	2025-03-27T15:31:37.9001560Z [36;1melse[0m
job-core	Install jsonlint	2025-03-27T15:31:37.9002512Z [36;1m  echo "jsonlint already installed, skipping installation"[0m
job-core	Install jsonlint	2025-03-27T15:31:37.9003348Z [36;1mfi[0m
job-core	Install jsonlint	2025-03-27T15:31:37.9003953Z [36;1mmkdir -p core/outputs/j/[0m
job-core	Install jsonlint	2025-03-27T15:31:37.9035252Z shell: /usr/bin/bash -e {0}
job-core	Install jsonlint	2025-03-27T15:31:37.9036030Z env:
job-core	Install jsonlint	2025-03-27T15:31:37.9036608Z   KAOS_MODULE: [Ka0S] JSONLINT
job-core	Install jsonlint	2025-03-27T15:31:37.9037772Z   GH_TOKEN: ***
job-core	Install jsonlint	2025-03-27T15:31:37.9038504Z   KAOS_JSONLINT_CONFIG: core/config/.jsonlint.json
job-core	Install jsonlint	2025-03-27T15:31:37.9039601Z   KAOS_PATH_RESUME: core/outputs/j/
job-core	Install jsonlint	2025-03-27T15:31:37.9040779Z   KAOS_REPO: /actions-runner/_work/kaos/kaos
job-core	Install jsonlint	2025-03-27T15:31:37.9041761Z   KAOS_STEP_MODULE: 
job-core	Install jsonlint	2025-03-27T15:31:37.9042567Z   KAOS_CODE: 14110490604
job-core	Install jsonlint	2025-03-27T15:31:37.9043328Z   KAOS_REF_BRANCH: main
job-core	Install jsonlint	2025-03-27T15:31:37.9044541Z ##[endgroup]
job-core	Install jsonlint	2025-03-27T15:31:37.9172921Z jsonlint already installed, skipping installation
job-core	Check JSON	ï»¿2025-03-27T15:31:37.9242738Z ##[group]Run # Invocamos la primera comprobaciÃ³n de base, sino se supera el proceso no continua
job-core	Check JSON	2025-03-27T15:31:37.9243721Z [36;1m# Invocamos la primera comprobaciÃ³n de base, sino se supera el proceso no continua[0m
job-core	Check JSON	2025-03-27T15:31:37.9245062Z [36;1m# Extraemos el nombre del fichero[0m
job-core	Check JSON	2025-03-27T15:31:37.9246197Z [36;1mfile_name=$(basename "core/outputs/i/14109299777.json")[0m
job-core	Check JSON	2025-03-27T15:31:37.9246769Z [36;1m# Generamos el fichero de resultados vacio[0m
job-core	Check JSON	2025-03-27T15:31:37.9247286Z [36;1mtouch core/outputs/j/jsonlint-results-14110490604.txt[0m
job-core	Check JSON	2025-03-27T15:31:37.9247785Z [36;1m# Realizamos el check del documento json [0m
job-core	Check JSON	2025-03-27T15:31:37.9248452Z [36;1mjsonlint core/outputs/i/14109299777.json > core/outputs/j/jsonlint-results-14110490604.txt[0m
job-core	Check JSON	2025-03-27T15:31:37.9249178Z [36;1m# esto es un workarround importante que hay que retirar[0m
job-core	Check JSON	2025-03-27T15:31:37.9249721Z [36;1m#rm -rf core/outputs/j/jsonlint-results-14110490604.txt[0m
job-core	Check JSON	2025-03-27T15:31:37.9250177Z [36;1m# a retirar[0m
job-core	Check JSON	2025-03-27T15:31:37.9250521Z [36;1m# Check if exist errors in file[0m
job-core	Check JSON	2025-03-27T15:31:37.9251050Z [36;1mecho "Mostramos fichero"[0m
job-core	Check JSON	2025-03-27T15:31:37.9251558Z [36;1mcat core/outputs/j/jsonlint-results-14110490604.txt[0m
job-core	Check JSON	2025-03-27T15:31:37.9252140Z [36;1mif [ ! -s core/outputs/j/jsonlint-results-14110490604.txt ]; then[0m
job-core	Check JSON	2025-03-27T15:31:37.9252903Z [36;1m  echo "File core/outputs/j/jsonlint-results-14110490604.txt is empty and is content correct"[0m
job-core	Check JSON	2025-03-27T15:31:37.9254564Z [36;1m  KAOS_ISSUE_BODY="The [Ka0S] JSONLINT process (14110458112) launch the check (14110490604) over file (core/outputs/i/14109299777.json) and its result has been SUCCESS. Please review all files implicated in pull request and approve to merge"[0m
job-core	Check JSON	2025-03-27T15:31:37.9256020Z [36;1m  # AÃ±adimos la versiÃ³n de jsonlint con la que se realiza la comprobacion[0m
job-core	Check JSON	2025-03-27T15:31:37.9256740Z [36;1m  jsonlint --version >> core/outputs/j/jsonlint-results-14110490604.txt[0m
job-core	Check JSON	2025-03-27T15:31:37.9257394Z [36;1m  # aÃ±adimos el nombre del fichero que vamos a comprobar[0m
job-core	Check JSON	2025-03-27T15:31:37.9258133Z [36;1m  echo "Finding: core/outputs/i/14109299777.json" >> core/outputs/j/jsonlint-results-14110490604.txt[0m
job-core	Check JSON	2025-03-27T15:31:37.9259385Z [36;1m  # gh workflow run issue.yaml --ref main -f kaos-issue-title="" -f kaos-issue-body="$KAOS_ISSUE_BODY" -f kaos-issue-actions=comment -f kaos-issue-tag="" -f kaos-issue-id=34[0m
job-core	Check JSON	2025-03-27T15:31:37.9260496Z [36;1m  gh issue comment  34 -F core/outputs/j/jsonlint-results-14110490604.txt[0m
job-core	Check JSON	2025-03-27T15:31:37.9261007Z [36;1melse[0m
job-core	Check JSON	2025-03-27T15:31:37.9261352Z [36;1m  cat core/outputs/j/jsonlint-results-14110490604.txt[0m
job-core	Check JSON	2025-03-27T15:31:37.9273121Z [36;1m  echo "File core/outputs/j/jsonlint-results-14110490604.txt is not empty and is content not correct and write commit info"[0m
job-core	Check JSON	2025-03-27T15:31:37.9275818Z [36;1m  KAOS_ISSUE_BODY="The [Ka0S] JSONLINT process (14110458112) launch the check (14110490604) over file (core/outputs/i/14109299777.json) and its result has been FAILED, please check and solved it"[0m
job-core	Check JSON	2025-03-27T15:31:37.9277540Z [36;1m  # AÃ±adimos la versiÃ³n de jsonlint con la que se realiza la comprobacion[0m
job-core	Check JSON	2025-03-27T15:31:37.9278268Z [36;1m  # jsonlint --version || true >> core/outputs/j/jsonlint-results-14110490604.txt[0m
job-core	Check JSON	2025-03-27T15:31:37.9278908Z [36;1m  # aÃ±adimos el nombre del fichero que vamos a comprobar[0m
job-core	Check JSON	2025-03-27T15:31:37.9279645Z [36;1m  echo "Finding: core/outputs/i/14109299777.json" >> core/outputs/j/jsonlint-results-14110490604.txt[0m
job-core	Check JSON	2025-03-27T15:31:37.9280914Z [36;1m  # gh workflow run issue.yaml --ref main -f kaos-issue-title="" -f kaos-issue-body="$KAOS_ISSUE_BODY" -f kaos-issue-actions=comment -f kaos-issue-tag="" -f kaos-issue-id=34 [0m
job-core	Check JSON	2025-03-27T15:31:37.9282089Z [36;1m  gh issue comment  34 -F core/outputs/j/jsonlint-results-14110490604.txt[0m
job-core	Check JSON	2025-03-27T15:31:37.9282979Z [36;1mfi[0m
job-core	Check JSON	2025-03-27T15:31:37.9295100Z shell: /usr/bin/bash -e {0}
job-core	Check JSON	2025-03-27T15:31:37.9295464Z env:
job-core	Check JSON	2025-03-27T15:31:37.9295754Z   KAOS_MODULE: [Ka0S] JSONLINT
job-core	Check JSON	2025-03-27T15:31:37.9296649Z   GH_TOKEN: ***
job-core	Check JSON	2025-03-27T15:31:37.9296964Z   KAOS_JSONLINT_CONFIG: core/config/.jsonlint.json
job-core	Check JSON	2025-03-27T15:31:37.9297377Z   KAOS_PATH_RESUME: core/outputs/j/
job-core	Check JSON	2025-03-27T15:31:37.9297753Z   KAOS_REPO: /actions-runner/_work/kaos/kaos
job-core	Check JSON	2025-03-27T15:31:37.9298112Z   KAOS_STEP_MODULE: 
job-core	Check JSON	2025-03-27T15:31:37.9298381Z   KAOS_CODE: 14110490604
job-core	Check JSON	2025-03-27T15:31:37.9298668Z   KAOS_REF_BRANCH: main
job-core	Check JSON	2025-03-27T15:31:37.9298934Z ##[endgroup]
job-core	Check JSON	2025-03-27T15:31:38.1820897Z Mostramos fichero
job-core	Check JSON	2025-03-27T15:31:38.1839530Z {
job-core	Check JSON	2025-03-27T15:31:38.1841296Z   "conclusion": "failure",
job-core	Check JSON	2025-03-27T15:31:38.1843716Z   "createdAt": "2025-03-27T14:36:46Z",
job-core	Check JSON	2025-03-27T15:31:38.1849665Z   "databaseId": 14109299777,
job-core	Check JSON	2025-03-27T15:31:38.1851171Z   "displayTitle": "Ka0s JSON Lint",
job-core	Check JSON	2025-03-27T15:31:38.1852669Z   "event": "workflow_dispatch",
job-core	Check JSON	2025-03-27T15:31:38.1853571Z   "headBranch": "H34-modulo-iac-kaos",
job-core	Check JSON	2025-03-27T15:31:38.1855278Z   "headSha": "c30f3094ced01eb6185bf46decdde4c581e92ac8",
job-core	Check JSON	2025-03-27T15:31:38.1856523Z   "jobs": [
job-core	Check JSON	2025-03-27T15:31:38.1857080Z     {
job-core	Check JSON	2025-03-27T15:31:38.1857756Z       "completedAt": "2025-03-27T14:41:33Z",
job-core	Check JSON	2025-03-27T15:31:38.1858837Z       "conclusion": "failure",
job-core	Check JSON	2025-03-27T15:31:38.1859878Z       "databaseId": 39523489022,
job-core	Check JSON	2025-03-27T15:31:38.1860796Z       "name": "job-core",
job-core	Check JSON	2025-03-27T15:31:38.1861865Z       "startedAt": "2025-03-27T14:41:11Z",
job-core	Check JSON	2025-03-27T15:31:38.1862945Z       "status": "completed",
job-core	Check JSON	2025-03-27T15:31:38.1864517Z       "steps": [
job-core	Check JSON	2025-03-27T15:31:38.1865533Z         {
job-core	Check JSON	2025-03-27T15:31:38.1866513Z           "conclusion": "success",
job-core	Check JSON	2025-03-27T15:31:38.1867213Z           "name": "Set up job",
job-core	Check JSON	2025-03-27T15:31:38.1867988Z           "number": 1,
job-core	Check JSON	2025-03-27T15:31:38.1868801Z           "status": "completed"
job-core	Check JSON	2025-03-27T15:31:38.1869509Z         },
job-core	Check JSON	2025-03-27T15:31:38.1869953Z         {
job-core	Check JSON	2025-03-27T15:31:38.1870921Z           "conclusion": "success",
job-core	Check JSON	2025-03-27T15:31:38.1871980Z           "name": "Checkout code",
job-core	Check JSON	2025-03-27T15:31:38.1873030Z           "number": 2,
job-core	Check JSON	2025-03-27T15:31:38.1874434Z           "status": "completed"
job-core	Check JSON	2025-03-27T15:31:38.1875600Z         },
job-core	Check JSON	2025-03-27T15:31:38.1876411Z         {
job-core	Check JSON	2025-03-27T15:31:38.1877037Z           "conclusion": "success",
job-core	Check JSON	2025-03-27T15:31:38.1878185Z           "name": "Install Node.js",
job-core	Check JSON	2025-03-27T15:31:38.1879034Z           "number": 3,
job-core	Check JSON	2025-03-27T15:31:38.1879734Z           "status": "completed"
job-core	Check JSON	2025-03-27T15:31:38.1880568Z         },
job-core	Check JSON	2025-03-27T15:31:38.1881136Z         {
job-core	Check JSON	2025-03-27T15:31:38.1882015Z           "conclusion": "success",
job-core	Check JSON	2025-03-27T15:31:38.1882960Z           "name": "Install jsonlint",
job-core	Check JSON	2025-03-27T15:31:38.1884020Z           "number": 4,
job-core	Check JSON	2025-03-27T15:31:38.1884749Z           "status": "completed"
job-core	Check JSON	2025-03-27T15:31:38.1919988Z         },
job-core	Check JSON	2025-03-27T15:31:38.1920509Z         {
job-core	Check JSON	2025-03-27T15:31:38.1921063Z           "conclusion": "failure",
job-core	Check JSON	2025-03-27T15:31:38.1921718Z           "name": "Check JSON",
job-core	Check JSON	2025-03-27T15:31:38.1922275Z           "number": 5,
job-core	Check JSON	2025-03-27T15:31:38.1922838Z           "status": "completed"
job-core	Check JSON	2025-03-27T15:31:38.1924021Z         },
job-core	Check JSON	2025-03-27T15:31:38.1924394Z         {
job-core	Check JSON	2025-03-27T15:31:38.1924887Z           "conclusion": "skipped",
job-core	Check JSON	2025-03-27T15:31:38.1925586Z           "name": "Post Install Node.js",
job-core	Check JSON	2025-03-27T15:31:38.1926180Z           "number": 9,
job-core	Check JSON	2025-03-27T15:31:38.1926726Z           "status": "completed"
job-core	Check JSON	2025-03-27T15:31:38.1927208Z         },
job-core	Check JSON	2025-03-27T15:31:38.1927535Z         {
job-core	Check JSON	2025-03-27T15:31:38.1927951Z           "conclusion": "success",
job-core	Check JSON	2025-03-27T15:31:38.1928527Z           "name": "Post Checkout code",
job-core	Check JSON	2025-03-27T15:31:38.1929099Z           "number": 10,
job-core	Check JSON	2025-03-27T15:31:38.1929623Z           "status": "completed"
job-core	Check JSON	2025-03-27T15:31:38.1930126Z         },
job-core	Check JSON	2025-03-27T15:31:38.1930500Z         {
job-core	Check JSON	2025-03-27T15:31:38.1930967Z           "conclusion": "success",
job-core	Check JSON	2025-03-27T15:31:38.1931612Z           "name": "Complete job",
job-core	Check JSON	2025-03-27T15:31:38.1932179Z           "number": 11,
job-core	Check JSON	2025-03-27T15:31:38.1932742Z           "status": "completed"
job-core	Check JSON	2025-03-27T15:31:38.1933347Z         }
job-core	Check JSON	2025-03-27T15:31:38.1934353Z       ],
job-core	Check JSON	2025-03-27T15:31:38.1935298Z       "url": "https://github.com/Ka0s-Klaus/ka0s/actions/runs/14109299777/job/39523489022"
job-core	Check JSON	2025-03-27T15:31:38.1936227Z     },
job-core	Check JSON	2025-03-27T15:31:38.1936601Z     {
job-core	Check JSON	2025-03-27T15:31:38.1937107Z       "completedAt": "2025-03-27T14:46:26Z",
job-core	Check JSON	2025-03-27T15:31:38.1937789Z       "conclusion": "success",
job-core	Check JSON	2025-03-27T15:31:38.1938362Z       "databaseId": 39523865349,
job-core	Check JSON	2025-03-27T15:31:38.1939168Z       "name": "handle_failure",
job-core	Check JSON	2025-03-27T15:31:38.1939783Z       "startedAt": "2025-03-27T14:46:13Z",
job-core	Check JSON	2025-03-27T15:31:38.1940396Z       "status": "completed",
job-core	Check JSON	2025-03-27T15:31:38.1940840Z       "steps": [
job-core	Check JSON	2025-03-27T15:31:38.1941241Z         {
job-core	Check JSON	2025-03-27T15:31:38.1941746Z           "conclusion": "success",
job-core	Check JSON	2025-03-27T15:31:38.1942404Z           "name": "Set up job",
job-core	Check JSON	2025-03-27T15:31:38.1942936Z           "number": 1,
job-core	Check JSON	2025-03-27T15:31:38.1943491Z           "status": "completed"
job-core	Check JSON	2025-03-27T15:31:38.1965035Z         },
job-core	Check JSON	2025-03-27T15:31:38.1965573Z         {
job-core	Check JSON	2025-03-27T15:31:38.1966128Z           "conclusion": "success",
job-core	Check JSON	2025-03-27T15:31:38.1966818Z           "name": "Checkout code",
job-core	Check JSON	2025-03-27T15:31:38.1967427Z           "number": 2,
job-core	Check JSON	2025-03-27T15:31:38.1968007Z           "status": "completed"
job-core	Check JSON	2025-03-27T15:31:38.1968542Z         },
job-core	Check JSON	2025-03-27T15:31:38.1968950Z         {
job-core	Check JSON	2025-03-27T15:31:38.1969426Z           "conclusion": "success",
job-core	Check JSON	2025-03-27T15:31:38.1970133Z           "name": "handle-failure-execution",
job-core	Check JSON	2025-03-27T15:31:38.1970862Z           "number": 3,
job-core	Check JSON	2025-03-27T15:31:38.1971406Z           "status": "completed"
job-core	Check JSON	2025-03-27T15:31:38.1971923Z         },
job-core	Check JSON	2025-03-27T15:31:38.1972328Z         {
job-core	Check JSON	2025-03-27T15:31:38.1972827Z           "conclusion": "success",
job-core	Check JSON	2025-03-27T15:31:38.1973500Z           "name": "Post Checkout code",
job-core	Check JSON	2025-03-27T15:31:38.1974312Z           "number": 6,
job-core	Check JSON	2025-03-27T15:31:38.1974894Z           "status": "completed"
job-core	Check JSON	2025-03-27T15:31:38.1975447Z         },
job-core	Check JSON	2025-03-27T15:31:38.1975857Z         {
job-core	Check JSON	2025-03-27T15:31:38.1976334Z           "conclusion": "success",
job-core	Check JSON	2025-03-27T15:31:38.1977045Z           "name": "Complete job",
job-core	Check JSON	2025-03-27T15:31:38.1977602Z           "number": 7,
job-core	Check JSON	2025-03-27T15:31:38.1978153Z           "status": "completed"
job-core	Check JSON	2025-03-27T15:31:38.1978694Z         }
job-core	Check JSON	2025-03-27T15:31:38.1979084Z       ],
job-core	Check JSON	2025-03-27T15:31:38.1980018Z       "url": "https://github.com/Ka0s-Klaus/ka0s/actions/runs/14109299777/job/39523865349"
job-core	Check JSON	2025-03-27T15:31:38.1981031Z     },
job-core	Check JSON	2025-03-27T15:31:38.1981410Z     {
job-core	Check JSON	2025-03-27T15:31:38.1981937Z       "completedAt": "2025-03-27T14:41:33Z",
job-core	Check JSON	2025-03-27T15:31:38.1982663Z       "conclusion": "skipped",
job-core	Check JSON	2025-03-27T15:31:38.1983315Z       "databaseId": 39523865511,
job-core	Check JSON	2025-03-27T15:31:38.1984143Z       "name": "handle-success",
job-core	Check JSON	2025-03-27T15:31:38.1984834Z       "startedAt": "2025-03-27T14:41:34Z",
job-core	Check JSON	2025-03-27T15:31:38.1985489Z       "status": "completed",
job-core	Check JSON	2025-03-27T15:31:38.1986022Z       "steps": [],
job-core	Check JSON	2025-03-27T15:31:38.1987018Z       "url": "https://github.com/Ka0s-Klaus/ka0s/actions/runs/14109299777/job/39523865511"
job-core	Check JSON	2025-03-27T15:31:38.1988552Z     },
job-core	Check JSON	2025-03-27T15:31:38.1988940Z     {
job-core	Check JSON	2025-03-27T15:31:38.1989480Z       "completedAt": "2025-03-27T14:49:09Z",
job-core	Check JSON	2025-03-27T15:31:38.1990195Z       "conclusion": "success",
job-core	Check JSON	2025-03-27T15:31:38.1990813Z       "databaseId": 39524253265,
job-core	Check JSON	2025-03-27T15:31:38.1991385Z       "name": "end-workflow",
job-core	Check JSON	2025-03-27T15:31:38.1992031Z       "startedAt": "2025-03-27T14:48:53Z",
job-core	Check JSON	2025-03-27T15:31:38.1992665Z       "status": "completed",
job-core	Check JSON	2025-03-27T15:31:38.1993188Z       "steps": [
job-core	Check JSON	2025-03-27T15:31:38.1993567Z         {
job-core	Check JSON	2025-03-27T15:31:38.1994262Z           "conclusion": "success",
job-core	Check JSON	2025-03-27T15:31:38.1994868Z           "name": "Set up job",
job-core	Check JSON	2025-03-27T15:31:38.1995358Z           "number": 1,
job-core	Check JSON	2025-03-27T15:31:38.1995863Z           "status": "completed"
job-core	Check JSON	2025-03-27T15:31:38.1996341Z         },
job-core	Check JSON	2025-03-27T15:31:38.1996752Z         {
job-core	Check JSON	2025-03-27T15:31:38.1997238Z           "conclusion": "success",
job-core	Check JSON	2025-03-27T15:31:38.1997859Z           "name": "Checkout code",
job-core	Check JSON	2025-03-27T15:31:38.1998427Z           "number": 2,
job-core	Check JSON	2025-03-27T15:31:38.1999476Z           "status": "completed"
job-core	Check JSON	2025-03-27T15:31:38.1999974Z         },
job-core	Check JSON	2025-03-27T15:31:38.2000358Z         {
job-core	Check JSON	2025-03-27T15:31:38.2000838Z           "conclusion": "success",
job-core	Check JSON	2025-03-27T15:31:38.2001508Z           "name": "Finaliza el workflow",
job-core	Check JSON	2025-03-27T15:31:38.2002147Z           "number": 3,
job-core	Check JSON	2025-03-27T15:31:38.2002698Z           "status": "completed"
job-core	Check JSON	2025-03-27T15:31:38.2003242Z         },
job-core	Check JSON	2025-03-27T15:31:38.2003637Z         {
job-core	Check JSON	2025-03-27T15:31:38.2004277Z           "conclusion": "success",
job-core	Check JSON	2025-03-27T15:31:38.2004940Z           "name": "Post Checkout code",
job-core	Check JSON	2025-03-27T15:31:38.2005535Z           "number": 6,
job-core	Check JSON	2025-03-27T15:31:38.2006117Z           "status": "completed"
job-core	Check JSON	2025-03-27T15:31:38.2006665Z         },
job-core	Check JSON	2025-03-27T15:31:38.2007070Z         {
job-core	Check JSON	2025-03-27T15:31:38.2007571Z           "conclusion": "success",
job-core	Check JSON	2025-03-27T15:31:38.2008236Z           "name": "Complete job",
job-core	Check JSON	2025-03-27T15:31:38.2008823Z           "number": 7,
job-core	Check JSON	2025-03-27T15:31:38.2009391Z           "status": "completed"
job-core	Check JSON	2025-03-27T15:31:38.2009977Z         }
job-core	Check JSON	2025-03-27T15:31:38.2010380Z       ],
job-core	Check JSON	2025-03-27T15:31:38.2011322Z       "url": "https://github.com/Ka0s-Klaus/ka0s/actions/runs/14109299777/job/39524253265"
job-core	Check JSON	2025-03-27T15:31:38.2012336Z     }
job-core	Check JSON	2025-03-27T15:31:38.2012725Z   ],
job-core	Check JSON	2025-03-27T15:31:38.2013134Z   "name": "Ka0s JSON Lint",
job-core	Check JSON	2025-03-27T15:31:38.2013655Z   "number": 232,
job-core	Check JSON	2025-03-27T15:31:38.2014354Z   "startedAt": "2025-03-27T14:36:46Z",
job-core	Check JSON	2025-03-27T15:31:38.2014991Z   "status": "completed",
job-core	Check JSON	2025-03-27T15:31:38.2015583Z   "updatedAt": "2025-03-27T14:49:09Z",
job-core	Check JSON	2025-03-27T15:31:38.2016566Z   "url": "https://github.com/Ka0s-Klaus/ka0s/actions/runs/14109299777",
job-core	Check JSON	2025-03-27T15:31:38.2017648Z   "workflowDatabaseId": 152110813,
job-core	Check JSON	2025-03-27T15:31:38.2018328Z   "workflowName": "Ka0s JSON Lint"
job-core	Check JSON	2025-03-27T15:31:38.2018998Z }
job-core	Check JSON	2025-03-27T15:31:38.2019364Z {
job-core	Check JSON	2025-03-27T15:31:38.2019768Z   "conclusion": "failure",
job-core	Check JSON	2025-03-27T15:31:38.2020401Z   "createdAt": "2025-03-27T14:36:46Z",
job-core	Check JSON	2025-03-27T15:31:38.2021067Z   "databaseId": 14109299777,
job-core	Check JSON	2025-03-27T15:31:38.2021721Z   "displayTitle": "Ka0s JSON Lint",
job-core	Check JSON	2025-03-27T15:31:38.2022572Z   "event": "workflow_dispatch",
job-core	Check JSON	2025-03-27T15:31:38.2023146Z   "headBranch": "H34-modulo-iac-kaos",
job-core	Check JSON	2025-03-27T15:31:38.2024202Z   "headSha": "c30f3094ced01eb6185bf46decdde4c581e92ac8",
job-core	Check JSON	2025-03-27T15:31:38.2024875Z   "jobs": [
job-core	Check JSON	2025-03-27T15:31:38.2025224Z     {
job-core	Check JSON	2025-03-27T15:31:38.2025692Z       "completedAt": "2025-03-27T14:41:33Z",
job-core	Check JSON	2025-03-27T15:31:38.2026367Z       "conclusion": "failure",
job-core	Check JSON	2025-03-27T15:31:38.2026984Z       "databaseId": 39523489022,
job-core	Check JSON	2025-03-27T15:31:38.2037788Z       "name": "job-core",
job-core	Check JSON	2025-03-27T15:31:38.2038492Z       "startedAt": "2025-03-27T14:41:11Z",
job-core	Check JSON	2025-03-27T15:31:38.2039132Z       "status": "completed",
job-core	Check JSON	2025-03-27T15:31:38.2039640Z       "steps": [
job-core	Check JSON	2025-03-27T15:31:38.2040062Z         {
job-core	Check JSON	2025-03-27T15:31:38.2040517Z           "conclusion": "success",
job-core	Check JSON	2025-03-27T15:31:38.2041163Z           "name": "Set up job",
job-core	Check JSON	2025-03-27T15:31:38.2041707Z           "number": 1,
job-core	Check JSON	2025-03-27T15:31:38.2042750Z           "status": "completed"
job-core	Check JSON	2025-03-27T15:31:38.2043308Z         },
job-core	Check JSON	2025-03-27T15:31:38.2043682Z         {
job-core	Check JSON	2025-03-27T15:31:38.2044255Z           "conclusion": "success",
job-core	Check JSON	2025-03-27T15:31:38.2044867Z           "name": "Checkout code",
job-core	Check JSON	2025-03-27T15:31:38.2045372Z           "number": 2,
job-core	Check JSON	2025-03-27T15:31:38.2045884Z           "status": "completed"
job-core	Check JSON	2025-03-27T15:31:38.2046370Z         },
job-core	Check JSON	2025-03-27T15:31:38.2046730Z         {
job-core	Check JSON	2025-03-27T15:31:38.2047208Z           "conclusion": "success",
job-core	Check JSON	2025-03-27T15:31:38.2047825Z           "name": "Install Node.js",
job-core	Check JSON	2025-03-27T15:31:38.2048371Z           "number": 3,
job-core	Check JSON	2025-03-27T15:31:38.2048923Z           "status": "completed"
job-core	Check JSON	2025-03-27T15:31:38.2049434Z         },
job-core	Check JSON	2025-03-27T15:31:38.2049814Z         {
job-core	Check JSON	2025-03-27T15:31:38.2050325Z           "conclusion": "success",
job-core	Check JSON	2025-03-27T15:31:38.2050995Z           "name": "Install jsonlint",
job-core	Check JSON	2025-03-27T15:31:38.2051589Z           "number": 4,
job-core	Check JSON	2025-03-27T15:31:38.2052155Z           "status": "completed"
job-core	Check JSON	2025-03-27T15:31:38.2053159Z         },
job-core	Check JSON	2025-03-27T15:31:38.2053566Z         {
job-core	Check JSON	2025-03-27T15:31:38.2054591Z           "conclusion": "failure",
job-core	Check JSON	2025-03-27T15:31:38.2055240Z           "name": "Check JSON",
job-core	Check JSON	2025-03-27T15:31:38.2055785Z           "number": 5,
job-core	Check JSON	2025-03-27T15:31:38.2056308Z           "status": "completed"
job-core	Check JSON	2025-03-27T15:31:38.2056782Z         },
job-core	Check JSON	2025-03-27T15:31:38.2057105Z         {
job-core	Check JSON	2025-03-27T15:31:38.2057553Z           "conclusion": "skipped",
job-core	Check JSON	2025-03-27T15:31:38.2058179Z           "name": "Post Install Node.js",
job-core	Check JSON	2025-03-27T15:31:38.2058787Z           "number": 9,
job-core	Check JSON	2025-03-27T15:31:38.2059338Z           "status": "completed"
job-core	Check JSON	2025-03-27T15:31:38.2059857Z         },
job-core	Check JSON	2025-03-27T15:31:38.2060242Z         {
job-core	Check JSON	2025-03-27T15:31:38.2060722Z           "conclusion": "success",
job-core	Check JSON	2025-03-27T15:31:38.2061397Z           "name": "Post Checkout code",
job-core	Check JSON	2025-03-27T15:31:38.2061982Z           "number": 10,
job-core	Check JSON	2025-03-27T15:31:38.2062537Z           "status": "completed"
job-core	Check JSON	2025-03-27T15:31:38.2063064Z         },
job-core	Check JSON	2025-03-27T15:31:38.2063482Z         {
job-core	Check JSON	2025-03-27T15:31:38.2064126Z           "conclusion": "success",
job-core	Check JSON	2025-03-27T15:31:38.2064790Z           "name": "Complete job",
job-core	Check JSON	2025-03-27T15:31:38.2065344Z           "number": 11,
job-core	Check JSON	2025-03-27T15:31:38.2065913Z           "status": "completed"
job-core	Check JSON	2025-03-27T15:31:38.2066417Z         }
job-core	Check JSON	2025-03-27T15:31:38.2066777Z       ],
job-core	Check JSON	2025-03-27T15:31:38.2067755Z       "url": "https://github.com/Ka0s-Klaus/ka0s/actions/runs/14109299777/job/39523489022"
job-core	Check JSON	2025-03-27T15:31:38.2068662Z     },
job-core	Check JSON	2025-03-27T15:31:38.2069041Z     {
job-core	Check JSON	2025-03-27T15:31:38.2069521Z       "completedAt": "2025-03-27T14:46:26Z",
job-core	Check JSON	2025-03-27T15:31:38.2070207Z       "conclusion": "success",
job-core	Check JSON	2025-03-27T15:31:38.2070814Z       "databaseId": 39523865349,
job-core	Check JSON	2025-03-27T15:31:38.2071392Z       "name": "handle_failure",
job-core	Check JSON	2025-03-27T15:31:38.2071998Z       "startedAt": "2025-03-27T14:46:13Z",
job-core	Check JSON	2025-03-27T15:31:38.2072598Z       "status": "completed",
job-core	Check JSON	2025-03-27T15:31:38.2073090Z       "steps": [
job-core	Check JSON	2025-03-27T15:31:38.2073474Z         {
job-core	Check JSON	2025-03-27T15:31:38.2074213Z           "conclusion": "success",
job-core	Check JSON	2025-03-27T15:31:38.2074854Z           "name": "Set up job",
job-core	Check JSON	2025-03-27T15:31:38.2075370Z           "number": 1,
job-core	Check JSON	2025-03-27T15:31:38.2075899Z           "status": "completed"
job-core	Check JSON	2025-03-27T15:31:38.2076407Z         },
job-core	Check JSON	2025-03-27T15:31:38.2076772Z         {
job-core	Check JSON	2025-03-27T15:31:38.2077257Z           "conclusion": "success",
job-core	Check JSON	2025-03-27T15:31:38.2089193Z           "name": "Checkout code",
job-core	Check JSON	2025-03-27T15:31:38.2089883Z           "number": 2,
job-core	Check JSON	2025-03-27T15:31:38.2090475Z           "status": "completed"
job-core	Check JSON	2025-03-27T15:31:38.2090967Z         },
job-core	Check JSON	2025-03-27T15:31:38.2091349Z         {
job-core	Check JSON	2025-03-27T15:31:38.2091873Z           "conclusion": "success",
job-core	Check JSON	2025-03-27T15:31:38.2092553Z           "name": "handle-failure-execution",
job-core	Check JSON	2025-03-27T15:31:38.2093112Z           "number": 3,
job-core	Check JSON	2025-03-27T15:31:38.2093939Z           "status": "completed"
job-core	Check JSON	2025-03-27T15:31:38.2094441Z         },
job-core	Check JSON	2025-03-27T15:31:38.2094862Z         {
job-core	Check JSON	2025-03-27T15:31:38.2095387Z           "conclusion": "success",
job-core	Check JSON	2025-03-27T15:31:38.2096497Z           "name": "Post Checkout code",
job-core	Check JSON	2025-03-27T15:31:38.2097068Z           "number": 6,
job-core	Check JSON	2025-03-27T15:31:38.2097567Z           "status": "completed"
job-core	Check JSON	2025-03-27T15:31:38.2098064Z         },
job-core	Check JSON	2025-03-27T15:31:38.2098445Z         {
job-core	Check JSON	2025-03-27T15:31:38.2098870Z           "conclusion": "success",
job-core	Check JSON	2025-03-27T15:31:38.2099492Z           "name": "Complete job",
job-core	Check JSON	2025-03-27T15:31:38.2100039Z           "number": 7,
job-core	Check JSON	2025-03-27T15:31:38.2100574Z           "status": "completed"
job-core	Check JSON	2025-03-27T15:31:38.2101067Z         }
job-core	Check JSON	2025-03-27T15:31:38.2101443Z       ],
job-core	Check JSON	2025-03-27T15:31:38.2102330Z       "url": "https://github.com/Ka0s-Klaus/ka0s/actions/runs/14109299777/job/39523865349"
job-core	Check JSON	2025-03-27T15:31:38.2103234Z     },
job-core	Check JSON	2025-03-27T15:31:38.2103614Z     {
job-core	Check JSON	2025-03-27T15:31:38.2104255Z       "completedAt": "2025-03-27T14:41:33Z",
job-core	Check JSON	2025-03-27T15:31:38.2104947Z       "conclusion": "skipped",
job-core	Check JSON	2025-03-27T15:31:38.2105556Z       "databaseId": 39523865511,
job-core	Check JSON	2025-03-27T15:31:38.2106154Z       "name": "handle-success",
job-core	Check JSON	2025-03-27T15:31:38.2106844Z       "startedAt": "2025-03-27T14:41:34Z",
job-core	Check JSON	2025-03-27T15:31:38.2108112Z       "status": "completed",
job-core	Check JSON	2025-03-27T15:31:38.2108623Z       "steps": [],
job-core	Check JSON	2025-03-27T15:31:38.2109525Z       "url": "https://github.com/Ka0s-Klaus/ka0s/actions/runs/14109299777/job/39523865511"
job-core	Check JSON	2025-03-27T15:31:38.2110446Z     },
job-core	Check JSON	2025-03-27T15:31:38.2110827Z     {
job-core	Check JSON	2025-03-27T15:31:38.2111333Z       "completedAt": "2025-03-27T14:49:09Z",
job-core	Check JSON	2025-03-27T15:31:38.2112054Z       "conclusion": "success",
job-core	Check JSON	2025-03-27T15:31:38.2112660Z       "databaseId": 39524253265,
job-core	Check JSON	2025-03-27T15:31:38.2113220Z       "name": "end-workflow",
job-core	Check JSON	2025-03-27T15:31:38.2113996Z       "startedAt": "2025-03-27T14:48:53Z",
job-core	Check JSON	2025-03-27T15:31:38.2114647Z       "status": "completed",
job-core	Check JSON	2025-03-27T15:31:38.2115157Z       "steps": [
job-core	Check JSON	2025-03-27T15:31:38.2115576Z         {
job-core	Check JSON	2025-03-27T15:31:38.2116079Z           "conclusion": "success",
job-core	Check JSON	2025-03-27T15:31:38.2116726Z           "name": "Set up job",
job-core	Check JSON	2025-03-27T15:31:38.2117258Z           "number": 1,
job-core	Check JSON	2025-03-27T15:31:38.2117845Z           "status": "completed"
job-core	Check JSON	2025-03-27T15:31:38.2118398Z         },
job-core	Check JSON	2025-03-27T15:31:38.2118768Z         {
job-core	Check JSON	2025-03-27T15:31:38.2119246Z           "conclusion": "success",
job-core	Check JSON	2025-03-27T15:31:38.2119856Z           "name": "Checkout code",
job-core	Check JSON	2025-03-27T15:31:38.2120360Z           "number": 2,
job-core	Check JSON	2025-03-27T15:31:38.2120856Z           "status": "completed"
job-core	Check JSON	2025-03-27T15:31:38.2121340Z         },
job-core	Check JSON	2025-03-27T15:31:38.2121688Z         {
job-core	Check JSON	2025-03-27T15:31:38.2122143Z           "conclusion": "success",
job-core	Check JSON	2025-03-27T15:31:38.2122782Z           "name": "Finaliza el workflow",
job-core	Check JSON	2025-03-27T15:31:38.2123371Z           "number": 3,
job-core	Check JSON	2025-03-27T15:31:38.2124074Z           "status": "completed"
job-core	Check JSON	2025-03-27T15:31:38.2124585Z         },
job-core	Check JSON	2025-03-27T15:31:38.2124957Z         {
job-core	Check JSON	2025-03-27T15:31:38.2125416Z           "conclusion": "success",
job-core	Check JSON	2025-03-27T15:31:38.2126052Z           "name": "Post Checkout code",
job-core	Check JSON	2025-03-27T15:31:38.2126636Z           "number": 6,
job-core	Check JSON	2025-03-27T15:31:38.2134929Z           "status": "completed"
job-core	Check JSON	2025-03-27T15:31:38.2135925Z         },
job-core	Check JSON	2025-03-27T15:31:38.2136518Z         {
job-core	Check JSON	2025-03-27T15:31:38.2137235Z           "conclusion": "success",
job-core	Check JSON	2025-03-27T15:31:38.2138284Z           "name": "Complete job",
job-core	Check JSON	2025-03-27T15:31:38.2139105Z           "number": 7,
job-core	Check JSON	2025-03-27T15:31:38.2150563Z           "status": "completed"
job-core	Check JSON	2025-03-27T15:31:38.2151273Z         }
job-core	Check JSON	2025-03-27T15:31:38.2151637Z       ],
job-core	Check JSON	2025-03-27T15:31:38.2152500Z       "url": "https://github.com/Ka0s-Klaus/ka0s/actions/runs/14109299777/job/39524253265"
job-core	Check JSON	2025-03-27T15:31:38.2153517Z     }
job-core	Check JSON	2025-03-27T15:31:38.2154367Z   ],
job-core	Check JSON	2025-03-27T15:31:38.2154826Z   "name": "Ka0s JSON Lint",
job-core	Check JSON	2025-03-27T15:31:38.2155391Z   "number": 232,
job-core	Check JSON	2025-03-27T15:31:38.2156059Z   "startedAt": "2025-03-27T14:36:46Z",
job-core	Check JSON	2025-03-27T15:31:38.2156697Z   "status": "completed",
job-core	Check JSON	2025-03-27T15:31:38.2157288Z   "updatedAt": "2025-03-27T14:49:09Z",
job-core	Check JSON	2025-03-27T15:31:38.2158226Z   "url": "https://github.com/Ka0s-Klaus/ka0s/actions/runs/14109299777",
job-core	Check JSON	2025-03-27T15:31:38.2161798Z   "workflowDatabaseId": 152110813,
job-core	Check JSON	2025-03-27T15:31:38.2163139Z   "workflowName": "Ka0s JSON Lint"
job-core	Check JSON	2025-03-27T15:31:38.2168737Z }
job-core	Check JSON	2025-03-27T15:31:38.2172217Z File core/outputs/j/jsonlint-results-14110490604.txt is not empty and is content not correct and write commit info
job-core	Check JSON	2025-03-27T15:31:40.4795422Z https://github.com/Ka0s-Klaus/ka0s/issues/34#issuecomment-2758486276
job-core	Post Install Node.js	ï»¿2025-03-27T15:31:40.4910597Z Post job cleanup.
job-core	Post Checkout code	ï»¿2025-03-27T15:31:40.7061679Z Post job cleanup.
job-core	Post Checkout code	2025-03-27T15:31:40.8951422Z [command]/usr/bin/git version
job-core	Post Checkout code	2025-03-27T15:31:40.9065608Z git version 2.48.1
job-core	Post Checkout code	2025-03-27T15:31:40.9204186Z Copying '/home/kaos/.gitconfig' to '/actions-runner/_work/_temp/20911eda-3bb5-4f95-9c7a-73b25fd13d52/.gitconfig'
job-core	Post Checkout code	2025-03-27T15:31:40.9260711Z Temporarily overriding HOME='/actions-runner/_work/_temp/20911eda-3bb5-4f95-9c7a-73b25fd13d52' before making global git config changes
job-core	Post Checkout code	2025-03-27T15:31:40.9276735Z Adding repository directory to the temporary git global config as a safe directory
job-core	Post Checkout code	2025-03-27T15:31:40.9287284Z [command]/usr/bin/git config --global --add safe.directory /actions-runner/_work/ka0s/ka0s
job-core	Post Checkout code	2025-03-27T15:31:40.9435537Z [command]/usr/bin/git config --local --name-only --get-regexp core\.sshCommand
job-core	Post Checkout code	2025-03-27T15:31:40.9533398Z [command]/usr/bin/git submodule foreach --recursive sh -c "git config --local --name-only --get-regexp 'core\.sshCommand' && git config --local --unset-all 'core.sshCommand' || :"
job-core	Post Checkout code	2025-03-27T15:31:41.0110966Z [command]/usr/bin/git config --local --name-only --get-regexp http\.https\:\/\/github\.com\/\.extraheader
job-core	Post Checkout code	2025-03-27T15:31:41.0149202Z http.https://github.com/.extraheader
job-core	Post Checkout code	2025-03-27T15:31:41.0171202Z [command]/usr/bin/git config --local --unset-all http.https://github.com/.extraheader
job-core	Post Checkout code	2025-03-27T15:31:41.0239486Z [command]/usr/bin/git submodule foreach --recursive sh -c "git config --local --name-only --get-regexp 'http\.https\:\/\/github\.com\/\.extraheader' && git config --local --unset-all 'http.https://github.com/.extraheader' || :"
job-core	Complete job	ï»¿2025-03-27T15:31:41.1129752Z Cleaning up orphan processes
handle-success	Set up job	ï»¿2025-03-27T15:36:15.3313272Z Current runner version: '2.323.0'
handle-success	Set up job	2025-03-27T15:36:15.3326796Z Runner name: 'ka0s-2'
handle-success	Set up job	2025-03-27T15:36:15.3328782Z Machine name: '90a1232a7504'
handle-success	Set up job	2025-03-27T15:36:15.3335286Z ##[group]GITHUB_TOKEN Permissions
handle-success	Set up job	2025-03-27T15:36:15.3339365Z Actions: write
handle-success	Set up job	2025-03-27T15:36:15.3340507Z Contents: write
handle-success	Set up job	2025-03-27T15:36:15.3341943Z Issues: write
handle-success	Set up job	2025-03-27T15:36:15.3342980Z Metadata: read
handle-success	Set up job	2025-03-27T15:36:15.3344243Z PullRequests: write
handle-success	Set up job	2025-03-27T15:36:15.3345644Z ##[endgroup]
handle-success	Set up job	2025-03-27T15:36:15.3349517Z Secret source: Actions
handle-success	Set up job	2025-03-27T15:36:15.3351146Z Prepare workflow directory
handle-success	Set up job	2025-03-27T15:36:15.4538010Z Prepare all required actions
handle-success	Set up job	2025-03-27T15:36:15.4623210Z Getting action download info
handle-success	Set up job	2025-03-27T15:36:16.4816655Z Download action repository 'actions/checkout@v4' (SHA:11bd71901bbe5b1630ceea73d27597364c9af683)
handle-success	Set up job	2025-03-27T15:36:18.4853059Z Complete job name: handle-success
handle-success	Checkout code	ï»¿2025-03-27T15:36:18.5603064Z ##[group]Run actions/checkout@v4
handle-success	Checkout code	2025-03-27T15:36:18.5605027Z with:
handle-success	Checkout code	2025-03-27T15:36:18.5605849Z   fetch-depth: 0
handle-success	Checkout code	2025-03-27T15:36:18.5607318Z   token: ***
handle-success	Checkout code	2025-03-27T15:36:18.5608150Z   repository: Ka0s-Klaus/ka0s
handle-success	Checkout code	2025-03-27T15:36:18.5609004Z   ssh-strict: true
handle-success	Checkout code	2025-03-27T15:36:18.5609842Z   ssh-user: git
handle-success	Checkout code	2025-03-27T15:36:18.5610613Z   persist-credentials: true
handle-success	Checkout code	2025-03-27T15:36:18.5611367Z   clean: true
handle-success	Checkout code	2025-03-27T15:36:18.5612120Z   sparse-checkout-cone-mode: true
handle-success	Checkout code	2025-03-27T15:36:18.5613294Z   fetch-tags: false
handle-success	Checkout code	2025-03-27T15:36:18.5614645Z   show-progress: true
handle-success	Checkout code	2025-03-27T15:36:18.5615565Z   lfs: false
handle-success	Checkout code	2025-03-27T15:36:18.5616779Z   submodules: false
handle-success	Checkout code	2025-03-27T15:36:18.5617750Z   set-safe-directory: true
handle-success	Checkout code	2025-03-27T15:36:18.5620271Z env:
handle-success	Checkout code	2025-03-27T15:36:18.5621004Z   KAOS_MODULE: [Ka0S] JSONLINT
handle-success	Checkout code	2025-03-27T15:36:18.5622788Z   GH_TOKEN: ***
handle-success	Checkout code	2025-03-27T15:36:18.5624163Z   KAOS_JSONLINT_CONFIG: core/config/.jsonlint.json
handle-success	Checkout code	2025-03-27T15:36:18.5624838Z   KAOS_PATH_RESUME: core/outputs/j/
handle-success	Checkout code	2025-03-27T15:36:18.5625570Z   KAOS_REPO: /actions-runner/_work/kaos/kaos
handle-success	Checkout code	2025-03-27T15:36:18.5626189Z   KAOS_STEP_MODULE: 
handle-success	Checkout code	2025-03-27T15:36:18.5626725Z   KAOS_CODE: 14110490604
handle-success	Checkout code	2025-03-27T15:36:18.5627249Z   KAOS_REF_BRANCH: main
handle-success	Checkout code	2025-03-27T15:36:18.5627744Z ##[endgroup]
handle-success	Checkout code	2025-03-27T15:36:18.8403640Z Syncing repository: Ka0s-Klaus/ka0s
handle-success	Checkout code	2025-03-27T15:36:18.8407988Z ##[group]Getting Git version info
handle-success	Checkout code	2025-03-27T15:36:18.8409932Z Working directory is '/actions-runner/_work/ka0s/ka0s'
handle-success	Checkout code	2025-03-27T15:36:18.8412170Z [command]/usr/bin/git version
handle-success	Checkout code	2025-03-27T15:36:18.8413463Z git version 2.48.1
handle-success	Checkout code	2025-03-27T15:36:18.8456920Z ##[endgroup]
handle-success	Checkout code	2025-03-27T15:36:18.8467908Z Copying '/home/kaos/.gitconfig' to '/actions-runner/_work/_temp/1fe41bd1-ceb5-4b08-81d8-548ccd13ee4d/.gitconfig'
handle-success	Checkout code	2025-03-27T15:36:18.8470747Z Temporarily overriding HOME='/actions-runner/_work/_temp/1fe41bd1-ceb5-4b08-81d8-548ccd13ee4d' before making global git config changes
handle-success	Checkout code	2025-03-27T15:36:18.8473028Z Adding repository directory to the temporary git global config as a safe directory
handle-success	Checkout code	2025-03-27T15:36:18.8475345Z [command]/usr/bin/git config --global --add safe.directory /actions-runner/_work/ka0s/ka0s
handle-success	Checkout code	2025-03-27T15:36:18.8478298Z [command]/usr/bin/git config --local --get remote.origin.url
handle-success	Checkout code	2025-03-27T15:36:18.8480027Z https://github.com/Ka0s-Klaus/ka0s
handle-success	Checkout code	2025-03-27T15:36:18.8483478Z ##[group]Removing previously created refs, to avoid conflicts
handle-success	Checkout code	2025-03-27T15:36:18.8488930Z [command]/usr/bin/git rev-parse --symbolic-full-name --verify --quiet HEAD
handle-success	Checkout code	2025-03-27T15:36:18.8528123Z refs/heads/H34-modulo-iac-kaos
handle-success	Checkout code	2025-03-27T15:36:18.8546926Z [command]/usr/bin/git checkout --detach
handle-success	Checkout code	2025-03-27T15:36:18.8673729Z HEAD is now at d70a0de [Ka0S] Uploading resume execution files to the repository...
handle-success	Checkout code	2025-03-27T15:36:18.8802374Z [command]/usr/bin/git branch --delete --force H34-modulo-iac-kaos
handle-success	Checkout code	2025-03-27T15:36:18.8885901Z Deleted branch H34-modulo-iac-kaos (was d70a0de).
handle-success	Checkout code	2025-03-27T15:36:18.9002153Z ##[endgroup]
handle-success	Checkout code	2025-03-27T15:36:18.9003531Z [command]/usr/bin/git submodule status
handle-success	Checkout code	2025-03-27T15:36:18.9621095Z ##[group]Cleaning the repository
handle-success	Checkout code	2025-03-27T15:36:18.9628470Z [command]/usr/bin/git clean -ffdx
handle-success	Checkout code	2025-03-27T15:36:18.9742453Z [command]/usr/bin/git reset --hard HEAD
handle-success	Checkout code	2025-03-27T15:36:18.9926426Z HEAD is now at d70a0de [Ka0S] Uploading resume execution files to the repository...
handle-success	Checkout code	2025-03-27T15:36:18.9940682Z ##[endgroup]
handle-success	Checkout code	2025-03-27T15:36:18.9943178Z ##[group]Disabling automatic garbage collection
handle-success	Checkout code	2025-03-27T15:36:18.9948600Z [command]/usr/bin/git config --local gc.auto 0
handle-success	Checkout code	2025-03-27T15:36:19.0008979Z ##[endgroup]
handle-success	Checkout code	2025-03-27T15:36:19.0011452Z ##[group]Setting up auth
handle-success	Checkout code	2025-03-27T15:36:19.0018671Z [command]/usr/bin/git config --local --name-only --get-regexp core\.sshCommand
handle-success	Checkout code	2025-03-27T15:36:19.0101532Z [command]/usr/bin/git submodule foreach --recursive sh -c "git config --local --name-only --get-regexp 'core\.sshCommand' && git config --local --unset-all 'core.sshCommand' || :"
handle-success	Checkout code	2025-03-27T15:36:19.0661802Z [command]/usr/bin/git config --local --name-only --get-regexp http\.https\:\/\/github\.com\/\.extraheader
handle-success	Checkout code	2025-03-27T15:36:19.0737687Z [command]/usr/bin/git submodule foreach --recursive sh -c "git config --local --name-only --get-regexp 'http\.https\:\/\/github\.com\/\.extraheader' && git config --local --unset-all 'http.https://github.com/.extraheader' || :"
handle-success	Checkout code	2025-03-27T15:36:19.1469961Z [command]/usr/bin/git config --local http.https://github.com/.extraheader AUTHORIZATION: basic ***
handle-success	Checkout code	2025-03-27T15:36:19.1545252Z ##[endgroup]
handle-success	Checkout code	2025-03-27T15:36:19.1548440Z ##[group]Fetching the repository
handle-success	Checkout code	2025-03-27T15:36:19.1561793Z [command]/usr/bin/git -c protocol.version=2 fetch --prune --no-recurse-submodules origin +refs/heads/*:refs/remotes/origin/* +refs/tags/*:refs/tags/*
handle-success	Checkout code	2025-03-27T15:36:20.2081007Z From https://github.com/Ka0s-Klaus/ka0s
handle-success	Checkout code	2025-03-27T15:36:20.2087832Z    a729ce8..feb73f0  main       -> origin/main
handle-success	Checkout code	2025-03-27T15:36:20.2164382Z [command]/usr/bin/git branch --list --remote origin/H34-modulo-iac-kaos
handle-success	Checkout code	2025-03-27T15:36:20.2211020Z   origin/H34-modulo-iac-kaos
handle-success	Checkout code	2025-03-27T15:36:20.2228336Z [command]/usr/bin/git rev-parse refs/remotes/origin/H34-modulo-iac-kaos
handle-success	Checkout code	2025-03-27T15:36:20.2264510Z d70a0de5eb02460c4e533e49594921b2c09c5eb1
handle-success	Checkout code	2025-03-27T15:36:20.2277861Z ##[endgroup]
handle-success	Checkout code	2025-03-27T15:36:20.2280370Z ##[group]Determining the checkout info
handle-success	Checkout code	2025-03-27T15:36:20.2283190Z ##[endgroup]
handle-success	Checkout code	2025-03-27T15:36:20.2285532Z [command]/usr/bin/git sparse-checkout disable
handle-success	Checkout code	2025-03-27T15:36:20.2360555Z [command]/usr/bin/git config --local --unset-all extensions.worktreeConfig
handle-success	Checkout code	2025-03-27T15:36:20.2404367Z ##[group]Checking out the ref
handle-success	Checkout code	2025-03-27T15:36:20.2411416Z [command]/usr/bin/git checkout --progress --force -B H34-modulo-iac-kaos refs/remotes/origin/H34-modulo-iac-kaos
handle-success	Checkout code	2025-03-27T15:36:20.2536581Z Switched to a new branch 'H34-modulo-iac-kaos'
handle-success	Checkout code	2025-03-27T15:36:20.2542733Z branch 'H34-modulo-iac-kaos' set up to track 'origin/H34-modulo-iac-kaos'.
handle-success	Checkout code	2025-03-27T15:36:20.2551233Z ##[endgroup]
handle-success	Checkout code	2025-03-27T15:36:20.2610892Z [command]/usr/bin/git log -1 --format=%H
handle-success	Checkout code	2025-03-27T15:36:20.2652601Z d70a0de5eb02460c4e533e49594921b2c09c5eb1
handle-success	handle-success-execution	ï»¿2025-03-27T15:36:20.3019364Z ##[group]Run # Si todo ha ido correcto aÃ±adimos el contenido del fichero 
handle-success	handle-success-execution	2025-03-27T15:36:20.3020392Z [36;1m# Si todo ha ido correcto aÃ±adimos el contenido del fichero [0m
handle-success	handle-success-execution	2025-03-27T15:36:20.3021131Z [36;1mRNNUMBER=$(echo "refs/heads/H34-modulo-iac-kaos" | grep -o '[0-9]*')[0m
handle-success	handle-success-execution	2025-03-27T15:36:20.3022308Z [36;1mgh issue comment $RNNUMBER --body "El proceso ha finalizado correctamente 14110490604. El resultado estÃ¡ en el fichero core/results/event_data14110490604.log"[0m
handle-success	handle-success-execution	2025-03-27T15:36:20.3038596Z shell: /usr/bin/bash -e {0}
handle-success	handle-success-execution	2025-03-27T15:36:20.3039073Z env:
handle-success	handle-success-execution	2025-03-27T15:36:20.3039387Z   KAOS_MODULE: [Ka0S] JSONLINT
handle-success	handle-success-execution	2025-03-27T15:36:20.3040093Z   GH_TOKEN: ***
handle-success	handle-success-execution	2025-03-27T15:36:20.3040477Z   KAOS_JSONLINT_CONFIG: core/config/.jsonlint.json
handle-success	handle-success-execution	2025-03-27T15:36:20.3040960Z   KAOS_PATH_RESUME: core/outputs/j/
handle-success	handle-success-execution	2025-03-27T15:36:20.3041416Z   KAOS_REPO: /actions-runner/_work/kaos/kaos
handle-success	handle-success-execution	2025-03-27T15:36:20.3041928Z   KAOS_STEP_MODULE: 
handle-success	handle-success-execution	2025-03-27T15:36:20.3042257Z   KAOS_CODE: 14110490604
handle-success	handle-success-execution	2025-03-27T15:36:20.3042714Z   KAOS_REF_BRANCH: main
handle-success	handle-success-execution	2025-03-27T15:36:20.3043051Z ##[endgroup]
handle-success	handle-success-execution	2025-03-27T15:36:21.5900965Z https://github.com/Ka0s-Klaus/ka0s/issues/34#issuecomment-2758500968
handle-success	Post Checkout code	ï»¿2025-03-27T15:36:21.6208013Z Post job cleanup.
handle-success	Post Checkout code	2025-03-27T15:36:21.7697769Z [command]/usr/bin/git version
handle-success	Post Checkout code	2025-03-27T15:36:21.7759783Z git version 2.48.1
handle-success	Post Checkout code	2025-03-27T15:36:21.7829029Z Copying '/home/kaos/.gitconfig' to '/actions-runner/_work/_temp/ddf8d71c-0f51-46f1-94d6-4255ac7d2a32/.gitconfig'
handle-success	Post Checkout code	2025-03-27T15:36:21.7850509Z Temporarily overriding HOME='/actions-runner/_work/_temp/ddf8d71c-0f51-46f1-94d6-4255ac7d2a32' before making global git config changes
handle-success	Post Checkout code	2025-03-27T15:36:21.7853521Z Adding repository directory to the temporary git global config as a safe directory
handle-success	Post Checkout code	2025-03-27T15:36:21.7859009Z [command]/usr/bin/git config --global --add safe.directory /actions-runner/_work/ka0s/ka0s
handle-success	Post Checkout code	2025-03-27T15:36:21.7916587Z [command]/usr/bin/git config --local --name-only --get-regexp core\.sshCommand
handle-success	Post Checkout code	2025-03-27T15:36:21.8002996Z [command]/usr/bin/git submodule foreach --recursive sh -c "git config --local --name-only --get-regexp 'core\.sshCommand' && git config --local --unset-all 'core.sshCommand' || :"
handle-success	Post Checkout code	2025-03-27T15:36:21.8595527Z [command]/usr/bin/git config --local --name-only --get-regexp http\.https\:\/\/github\.com\/\.extraheader
handle-success	Post Checkout code	2025-03-27T15:36:21.8662237Z http.https://github.com/.extraheader
handle-success	Post Checkout code	2025-03-27T15:36:21.8709051Z [command]/usr/bin/git config --local --unset-all http.https://github.com/.extraheader
handle-success	Post Checkout code	2025-03-27T15:36:21.8802944Z [command]/usr/bin/git submodule foreach --recursive sh -c "git config --local --name-only --get-regexp 'http\.https\:\/\/github\.com\/\.extraheader' && git config --local --unset-all 'http.https://github.com/.extraheader' || :"
handle-success	Complete job	ï»¿2025-03-27T15:36:21.9506103Z Cleaning up orphan processes
end-workflow	Set up job	ï»¿2025-03-27T15:41:21.2684833Z Current runner version: '2.323.0'
end-workflow	Set up job	2025-03-27T15:41:21.2701761Z Runner name: 'kaos-4'
end-workflow	Set up job	2025-03-27T15:41:21.2704425Z Machine name: '3fe80eba0036'
end-workflow	Set up job	2025-03-27T15:41:21.2708505Z ##[group]GITHUB_TOKEN Permissions
end-workflow	Set up job	2025-03-27T15:41:21.2711928Z Actions: write
end-workflow	Set up job	2025-03-27T15:41:21.2712748Z Contents: write
end-workflow	Set up job	2025-03-27T15:41:21.2713410Z Issues: write
end-workflow	Set up job	2025-03-27T15:41:21.2714380Z Metadata: read
end-workflow	Set up job	2025-03-27T15:41:21.2715091Z PullRequests: write
end-workflow	Set up job	2025-03-27T15:41:21.2715751Z ##[endgroup]
end-workflow	Set up job	2025-03-27T15:41:21.2718833Z Secret source: Actions
end-workflow	Set up job	2025-03-27T15:41:21.2719957Z Prepare workflow directory
end-workflow	Set up job	2025-03-27T15:41:21.3826310Z Prepare all required actions
end-workflow	Set up job	2025-03-27T15:41:21.3907841Z Getting action download info
end-workflow	Set up job	2025-03-27T15:41:22.2735772Z Download action repository 'actions/checkout@v4' (SHA:11bd71901bbe5b1630ceea73d27597364c9af683)
end-workflow	Set up job	2025-03-27T15:41:24.1508422Z Complete job name: end-workflow
end-workflow	Checkout code	ï»¿2025-03-27T15:41:24.2374860Z ##[group]Run actions/checkout@v4
end-workflow	Checkout code	2025-03-27T15:41:24.2376643Z with:
end-workflow	Checkout code	2025-03-27T15:41:24.2377266Z   fetch-depth: 0
end-workflow	Checkout code	2025-03-27T15:41:24.2378357Z   token: ***
end-workflow	Checkout code	2025-03-27T15:41:24.2378988Z   repository: Ka0s-Klaus/ka0s
end-workflow	Checkout code	2025-03-27T15:41:24.2379723Z   ssh-strict: true
end-workflow	Checkout code	2025-03-27T15:41:24.2380552Z   ssh-user: git
end-workflow	Checkout code	2025-03-27T15:41:24.2381158Z   persist-credentials: true
end-workflow	Checkout code	2025-03-27T15:41:24.2381822Z   clean: true
end-workflow	Checkout code	2025-03-27T15:41:24.2382483Z   sparse-checkout-cone-mode: true
end-workflow	Checkout code	2025-03-27T15:41:24.2383280Z   fetch-tags: false
end-workflow	Checkout code	2025-03-27T15:41:24.2384009Z   show-progress: true
end-workflow	Checkout code	2025-03-27T15:41:24.2384615Z   lfs: false
end-workflow	Checkout code	2025-03-27T15:41:24.2385238Z   submodules: false
end-workflow	Checkout code	2025-03-27T15:41:24.2385915Z   set-safe-directory: true
end-workflow	Checkout code	2025-03-27T15:41:24.2387158Z env:
end-workflow	Checkout code	2025-03-27T15:41:24.2387784Z   KAOS_MODULE: [Ka0S] JSONLINT
end-workflow	Checkout code	2025-03-27T15:41:24.2388870Z   GH_TOKEN: ***
end-workflow	Checkout code	2025-03-27T15:41:24.2389621Z   KAOS_JSONLINT_CONFIG: core/config/.jsonlint.json
end-workflow	Checkout code	2025-03-27T15:41:24.2390557Z   KAOS_PATH_RESUME: core/outputs/j/
end-workflow	Checkout code	2025-03-27T15:41:24.2391549Z   KAOS_REPO: /actions-runner/_work/kaos/kaos
end-workflow	Checkout code	2025-03-27T15:41:24.2392364Z   KAOS_STEP_MODULE: 
end-workflow	Checkout code	2025-03-27T15:41:24.2393161Z   KAOS_CODE: 14110490604
end-workflow	Checkout code	2025-03-27T15:41:24.2394034Z   KAOS_REF_BRANCH: main
end-workflow	Checkout code	2025-03-27T15:41:24.2395275Z ##[endgroup]
end-workflow	Checkout code	2025-03-27T15:41:24.4728365Z Syncing repository: Ka0s-Klaus/ka0s
end-workflow	Checkout code	2025-03-27T15:41:24.4731824Z ##[group]Getting Git version info
end-workflow	Checkout code	2025-03-27T15:41:24.4738581Z Working directory is '/actions-runner/_work/ka0s/ka0s'
end-workflow	Checkout code	2025-03-27T15:41:24.4751730Z [command]/usr/bin/git version
end-workflow	Checkout code	2025-03-27T15:41:24.4752780Z git version 2.48.1
end-workflow	Checkout code	2025-03-27T15:41:24.4762973Z ##[endgroup]
end-workflow	Checkout code	2025-03-27T15:41:24.4778235Z Copying '/home/kaos/.gitconfig' to '/actions-runner/_work/_temp/c931f8aa-9fa1-4333-807c-55cafe4478e6/.gitconfig'
end-workflow	Checkout code	2025-03-27T15:41:24.4842839Z Temporarily overriding HOME='/actions-runner/_work/_temp/c931f8aa-9fa1-4333-807c-55cafe4478e6' before making global git config changes
end-workflow	Checkout code	2025-03-27T15:41:24.4848996Z Adding repository directory to the temporary git global config as a safe directory
end-workflow	Checkout code	2025-03-27T15:41:24.4850964Z [command]/usr/bin/git config --global --add safe.directory /actions-runner/_work/ka0s/ka0s
end-workflow	Checkout code	2025-03-27T15:41:24.4900734Z [command]/usr/bin/git config --local --get remote.origin.url
end-workflow	Checkout code	2025-03-27T15:41:24.4936626Z https://github.com/Ka0s-Klaus/ka0s
end-workflow	Checkout code	2025-03-27T15:41:24.4969516Z ##[group]Removing previously created refs, to avoid conflicts
end-workflow	Checkout code	2025-03-27T15:41:24.4980327Z [command]/usr/bin/git rev-parse --symbolic-full-name --verify --quiet HEAD
end-workflow	Checkout code	2025-03-27T15:41:24.5019126Z refs/heads/H34-modulo-iac-kaos
end-workflow	Checkout code	2025-03-27T15:41:24.5040850Z [command]/usr/bin/git checkout --detach
end-workflow	Checkout code	2025-03-27T15:41:24.5150346Z HEAD is now at d70a0de [Ka0S] Uploading resume execution files to the repository...
end-workflow	Checkout code	2025-03-27T15:41:24.5218759Z [command]/usr/bin/git branch --delete --force H34-modulo-iac-kaos
end-workflow	Checkout code	2025-03-27T15:41:24.5262108Z Deleted branch H34-modulo-iac-kaos (was d70a0de).
end-workflow	Checkout code	2025-03-27T15:41:24.5330333Z ##[endgroup]
end-workflow	Checkout code	2025-03-27T15:41:24.5335422Z [command]/usr/bin/git submodule status
end-workflow	Checkout code	2025-03-27T15:41:24.5737880Z ##[group]Cleaning the repository
end-workflow	Checkout code	2025-03-27T15:41:24.5746369Z [command]/usr/bin/git clean -ffdx
end-workflow	Checkout code	2025-03-27T15:41:24.5818313Z [command]/usr/bin/git reset --hard HEAD
end-workflow	Checkout code	2025-03-27T15:41:24.5965099Z HEAD is now at d70a0de [Ka0S] Uploading resume execution files to the repository...
end-workflow	Checkout code	2025-03-27T15:41:24.5972156Z ##[endgroup]
end-workflow	Checkout code	2025-03-27T15:41:24.5976656Z ##[group]Disabling automatic garbage collection
end-workflow	Checkout code	2025-03-27T15:41:24.5982870Z [command]/usr/bin/git config --local gc.auto 0
end-workflow	Checkout code	2025-03-27T15:41:24.6032936Z ##[endgroup]
end-workflow	Checkout code	2025-03-27T15:41:24.6035211Z ##[group]Setting up auth
end-workflow	Checkout code	2025-03-27T15:41:24.6046057Z [command]/usr/bin/git config --local --name-only --get-regexp core\.sshCommand
end-workflow	Checkout code	2025-03-27T15:41:24.6100902Z [command]/usr/bin/git submodule foreach --recursive sh -c "git config --local --name-only --get-regexp 'core\.sshCommand' && git config --local --unset-all 'core.sshCommand' || :"
end-workflow	Checkout code	2025-03-27T15:41:24.6517968Z [command]/usr/bin/git config --local --name-only --get-regexp http\.https\:\/\/github\.com\/\.extraheader
end-workflow	Checkout code	2025-03-27T15:41:24.6566711Z [command]/usr/bin/git submodule foreach --recursive sh -c "git config --local --name-only --get-regexp 'http\.https\:\/\/github\.com\/\.extraheader' && git config --local --unset-all 'http.https://github.com/.extraheader' || :"
end-workflow	Checkout code	2025-03-27T15:41:24.6980213Z [command]/usr/bin/git config --local http.https://github.com/.extraheader AUTHORIZATION: basic ***
end-workflow	Checkout code	2025-03-27T15:41:24.7042203Z ##[endgroup]
end-workflow	Checkout code	2025-03-27T15:41:24.7043686Z ##[group]Fetching the repository
end-workflow	Checkout code	2025-03-27T15:41:24.7055957Z [command]/usr/bin/git -c protocol.version=2 fetch --prune --no-recurse-submodules origin +refs/heads/*:refs/remotes/origin/* +refs/tags/*:refs/tags/*
end-workflow	Checkout code	2025-03-27T15:41:25.7398639Z From https://github.com/Ka0s-Klaus/ka0s
end-workflow	Checkout code	2025-03-27T15:41:25.7401683Z    d70a0de..c21d1d3  H34-modulo-iac-kaos -> origin/H34-modulo-iac-kaos
end-workflow	Checkout code	2025-03-27T15:41:25.7407578Z    fb6aafb..702afd9  main                -> origin/main
end-workflow	Checkout code	2025-03-27T15:41:25.7487435Z [command]/usr/bin/git branch --list --remote origin/H34-modulo-iac-kaos
end-workflow	Checkout code	2025-03-27T15:41:25.7539172Z   origin/H34-modulo-iac-kaos
end-workflow	Checkout code	2025-03-27T15:41:25.7559980Z [command]/usr/bin/git rev-parse refs/remotes/origin/H34-modulo-iac-kaos
end-workflow	Checkout code	2025-03-27T15:41:25.7606669Z c21d1d3bcfadc70184dafd376c04e7e18bcf30c9
end-workflow	Checkout code	2025-03-27T15:41:25.7633653Z [command]/usr/bin/git -c protocol.version=2 fetch --no-tags --prune --no-recurse-submodules origin +d70a0de5eb02460c4e533e49594921b2c09c5eb1:refs/remotes/origin/H34-modulo-iac-kaos
end-workflow	Checkout code	2025-03-27T15:41:26.4540805Z From https://github.com/Ka0s-Klaus/ka0s
end-workflow	Checkout code	2025-03-27T15:41:26.4556695Z  + c21d1d3...d70a0de d70a0de5eb02460c4e533e49594921b2c09c5eb1 -> origin/H34-modulo-iac-kaos  (forced update)
end-workflow	Checkout code	2025-03-27T15:41:26.4674451Z ##[endgroup]
end-workflow	Checkout code	2025-03-27T15:41:26.4675732Z ##[group]Determining the checkout info
end-workflow	Checkout code	2025-03-27T15:41:26.4676738Z ##[endgroup]
end-workflow	Checkout code	2025-03-27T15:41:26.4677777Z [command]/usr/bin/git sparse-checkout disable
end-workflow	Checkout code	2025-03-27T15:41:26.4749528Z [command]/usr/bin/git config --local --unset-all extensions.worktreeConfig
end-workflow	Checkout code	2025-03-27T15:41:26.4790960Z ##[group]Checking out the ref
end-workflow	Checkout code	2025-03-27T15:41:26.4796994Z [command]/usr/bin/git checkout --progress --force -B H34-modulo-iac-kaos refs/remotes/origin/H34-modulo-iac-kaos
end-workflow	Checkout code	2025-03-27T15:41:26.4903003Z Switched to a new branch 'H34-modulo-iac-kaos'
end-workflow	Checkout code	2025-03-27T15:41:26.4908554Z branch 'H34-modulo-iac-kaos' set up to track 'origin/H34-modulo-iac-kaos'.
end-workflow	Checkout code	2025-03-27T15:41:26.4919144Z ##[endgroup]
end-workflow	Checkout code	2025-03-27T15:41:26.4973244Z [command]/usr/bin/git log -1 --format=%H
end-workflow	Checkout code	2025-03-27T15:41:26.5011195Z d70a0de5eb02460c4e533e49594921b2c09c5eb1
end-workflow	Finaliza el workflow	ï»¿2025-03-27T15:41:26.5338940Z ##[group]Run echo "End process"
end-workflow	Finaliza el workflow	2025-03-27T15:41:26.5339512Z [36;1mecho "End process"[0m
end-workflow	Finaliza el workflow	2025-03-27T15:41:26.5340009Z [36;1mRNNUMBER=$(echo "refs/heads/H34-modulo-iac-kaos" | grep -o '[0-9]*')[0m
end-workflow	Finaliza el workflow	2025-03-27T15:41:26.5340670Z [36;1mgh issue comment $RNNUMBER --body "Se finaliza Ka0s 14110490604"[0m
end-workflow	Finaliza el workflow	2025-03-27T15:41:26.5341540Z [36;1mgh workflow run inspector.yml --ref 'main' -f kaos-issue-id=$RNNUMBER -f kaos-workflow-id="14110490604" -f kaos-user-start=""[0m
end-workflow	Finaliza el workflow	2025-03-27T15:41:26.5356734Z shell: /usr/bin/bash -e {0}
end-workflow	Finaliza el workflow	2025-03-27T15:41:26.5357097Z env:
end-workflow	Finaliza el workflow	2025-03-27T15:41:26.5357702Z   KAOS_MODULE: [Ka0S] JSONLINT
end-workflow	Finaliza el workflow	2025-03-27T15:41:26.5358261Z   GH_TOKEN: ***
end-workflow	Finaliza el workflow	2025-03-27T15:41:26.5358588Z   KAOS_JSONLINT_CONFIG: core/config/.jsonlint.json
end-workflow	Finaliza el workflow	2025-03-27T15:41:26.5358995Z   KAOS_PATH_RESUME: core/outputs/j/
end-workflow	Finaliza el workflow	2025-03-27T15:41:26.5359360Z   KAOS_REPO: /actions-runner/_work/kaos/kaos
end-workflow	Finaliza el workflow	2025-03-27T15:41:26.5359727Z   KAOS_STEP_MODULE: 
end-workflow	Finaliza el workflow	2025-03-27T15:41:26.5360000Z   KAOS_CODE: 14110490604
end-workflow	Finaliza el workflow	2025-03-27T15:41:26.5360288Z   KAOS_REF_BRANCH: main
end-workflow	Finaliza el workflow	2025-03-27T15:41:26.5360636Z ##[endgroup]
end-workflow	Finaliza el workflow	2025-03-27T15:41:26.5431425Z End process
end-workflow	Finaliza el workflow	2025-03-27T15:41:28.1796540Z https://github.com/Ka0s-Klaus/ka0s/issues/34#issuecomment-2758517906
end-workflow	Post Checkout code	ï»¿2025-03-27T15:41:29.1551553Z Post job cleanup.
end-workflow	Post Checkout code	2025-03-27T15:41:29.2984235Z [command]/usr/bin/git version
end-workflow	Post Checkout code	2025-03-27T15:41:29.3034685Z git version 2.48.1
end-workflow	Post Checkout code	2025-03-27T15:41:29.3092707Z Copying '/home/kaos/.gitconfig' to '/actions-runner/_work/_temp/b6efc6c7-1fa0-49df-bf9d-46bed15cb6c4/.gitconfig'
end-workflow	Post Checkout code	2025-03-27T15:41:29.3112678Z Temporarily overriding HOME='/actions-runner/_work/_temp/b6efc6c7-1fa0-49df-bf9d-46bed15cb6c4' before making global git config changes
end-workflow	Post Checkout code	2025-03-27T15:41:29.3115356Z Adding repository directory to the temporary git global config as a safe directory
end-workflow	Post Checkout code	2025-03-27T15:41:29.3123113Z [command]/usr/bin/git config --global --add safe.directory /actions-runner/_work/ka0s/ka0s
end-workflow	Post Checkout code	2025-03-27T15:41:29.3176773Z [command]/usr/bin/git config --local --name-only --get-regexp core\.sshCommand
end-workflow	Post Checkout code	2025-03-27T15:41:29.3230775Z [command]/usr/bin/git submodule foreach --recursive sh -c "git config --local --name-only --get-regexp 'core\.sshCommand' && git config --local --unset-all 'core.sshCommand' || :"
end-workflow	Post Checkout code	2025-03-27T15:41:29.3634121Z [command]/usr/bin/git config --local --name-only --get-regexp http\.https\:\/\/github\.com\/\.extraheader
end-workflow	Post Checkout code	2025-03-27T15:41:29.3672746Z http.https://github.com/.extraheader
end-workflow	Post Checkout code	2025-03-27T15:41:29.3690604Z [command]/usr/bin/git config --local --unset-all http.https://github.com/.extraheader
end-workflow	Post Checkout code	2025-03-27T15:41:29.3745829Z [command]/usr/bin/git submodule foreach --recursive sh -c "git config --local --name-only --get-regexp 'http\.https\:\/\/github\.com\/\.extraheader' && git config --local --unset-all 'http.https://github.com/.extraheader' || :"
end-workflow	Complete job	ï»¿2025-03-27T15:41:29.4301477Z Cleaning up orphan processes
