job-core	Set up job	ï»¿2025-03-28T09:06:32.7129504Z Current runner version: '2.323.0'
job-core	Set up job	2025-03-28T09:06:32.7139229Z Runner name: 'ka0s-runner-1'
job-core	Set up job	2025-03-28T09:06:32.7140508Z Machine name: '181b3e34799e'
job-core	Set up job	2025-03-28T09:06:32.7144783Z ##[group]GITHUB_TOKEN Permissions
job-core	Set up job	2025-03-28T09:06:32.7147893Z Actions: write
job-core	Set up job	2025-03-28T09:06:32.7148771Z Contents: write
job-core	Set up job	2025-03-28T09:06:32.7149430Z Issues: write
job-core	Set up job	2025-03-28T09:06:32.7150139Z Metadata: read
job-core	Set up job	2025-03-28T09:06:32.7150885Z PullRequests: write
job-core	Set up job	2025-03-28T09:06:32.7151526Z ##[endgroup]
job-core	Set up job	2025-03-28T09:06:32.7155181Z Secret source: Actions
job-core	Set up job	2025-03-28T09:06:32.7156113Z Prepare workflow directory
job-core	Set up job	2025-03-28T09:06:32.8123403Z Prepare all required actions
job-core	Set up job	2025-03-28T09:06:32.8182055Z Getting action download info
job-core	Set up job	2025-03-28T09:06:34.7883312Z Download action repository 'actions/checkout@v4' (SHA:11bd71901bbe5b1630ceea73d27597364c9af683)
job-core	Set up job	2025-03-28T09:06:36.8672418Z Download action repository 'actions/setup-node@v2' (SHA:7c12f8017d5436eb855f1ed4399f037a36fbd9e8)
job-core	Set up job	2025-03-28T09:06:41.2023735Z Complete job name: job-core
job-core	Checkout code	ï»¿2025-03-28T09:06:41.2647432Z ##[group]Run actions/checkout@v4
job-core	Checkout code	2025-03-28T09:06:41.2648333Z with:
job-core	Checkout code	2025-03-28T09:06:41.2648651Z   fetch-depth: 0
job-core	Checkout code	2025-03-28T09:06:41.2649554Z   token: ***
job-core	Checkout code	2025-03-28T09:06:41.2649876Z   repository: Ka0s-Klaus/ka0s
job-core	Checkout code	2025-03-28T09:06:41.2650238Z   ssh-strict: true
job-core	Checkout code	2025-03-28T09:06:41.2650535Z   ssh-user: git
job-core	Checkout code	2025-03-28T09:06:41.2650849Z   persist-credentials: true
job-core	Checkout code	2025-03-28T09:06:41.2651189Z   clean: true
job-core	Checkout code	2025-03-28T09:06:41.2674254Z   sparse-checkout-cone-mode: true
job-core	Checkout code	2025-03-28T09:06:41.2675075Z   fetch-tags: false
job-core	Checkout code	2025-03-28T09:06:41.2675412Z   show-progress: true
job-core	Checkout code	2025-03-28T09:06:41.2675754Z   lfs: false
job-core	Checkout code	2025-03-28T09:06:41.2676036Z   submodules: false
job-core	Checkout code	2025-03-28T09:06:41.2676355Z   set-safe-directory: true
job-core	Checkout code	2025-03-28T09:06:41.2677522Z env:
job-core	Checkout code	2025-03-28T09:06:41.2677845Z   KAOS_MODULE: [Ka0S] JSONLINT
job-core	Checkout code	2025-03-28T09:06:41.2678479Z   GH_TOKEN: ***
job-core	Checkout code	2025-03-28T09:06:41.2678856Z   KAOS_JSONLINT_CONFIG: core/config/.jsonlint.json
job-core	Checkout code	2025-03-28T09:06:41.2679304Z   KAOS_PATH_RESUME: core/outputs/j/
job-core	Checkout code	2025-03-28T09:06:41.2679826Z   KAOS_REPO: /actions-runner/_work/kaos/kaos
job-core	Checkout code	2025-03-28T09:06:41.2680236Z   KAOS_STEP_MODULE: 
job-core	Checkout code	2025-03-28T09:06:41.2680555Z   KAOS_CODE: 14125408582
job-core	Checkout code	2025-03-28T09:06:41.2680881Z   KAOS_REF_BRANCH: main
job-core	Checkout code	2025-03-28T09:06:41.2681195Z ##[endgroup]
job-core	Checkout code	2025-03-28T09:06:41.4221186Z Syncing repository: Ka0s-Klaus/ka0s
job-core	Checkout code	2025-03-28T09:06:41.4224858Z ##[group]Getting Git version info
job-core	Checkout code	2025-03-28T09:06:41.4225578Z Working directory is '/actions-runner/_work/ka0s/ka0s'
job-core	Checkout code	2025-03-28T09:06:41.4226473Z [command]/usr/bin/git version
job-core	Checkout code	2025-03-28T09:06:41.4226964Z git version 2.48.1
job-core	Checkout code	2025-03-28T09:06:41.4258712Z ##[endgroup]
job-core	Checkout code	2025-03-28T09:06:41.4274141Z Copying '/home/kaos/.gitconfig' to '/actions-runner/_work/_temp/f95d08f8-eea7-4568-92bf-a77468700bd2/.gitconfig'
job-core	Checkout code	2025-03-28T09:06:41.4291743Z Temporarily overriding HOME='/actions-runner/_work/_temp/f95d08f8-eea7-4568-92bf-a77468700bd2' before making global git config changes
job-core	Checkout code	2025-03-28T09:06:41.4294289Z Adding repository directory to the temporary git global config as a safe directory
job-core	Checkout code	2025-03-28T09:06:41.4302299Z [command]/usr/bin/git config --global --add safe.directory /actions-runner/_work/ka0s/ka0s
job-core	Checkout code	2025-03-28T09:06:41.4369009Z [command]/usr/bin/git config --local --get remote.origin.url
job-core	Checkout code	2025-03-28T09:06:41.4401017Z https://github.com/Ka0s-Klaus/ka0s
job-core	Checkout code	2025-03-28T09:06:41.4425606Z ##[group]Removing previously created refs, to avoid conflicts
job-core	Checkout code	2025-03-28T09:06:41.4431710Z [command]/usr/bin/git rev-parse --symbolic-full-name --verify --quiet HEAD
job-core	Checkout code	2025-03-28T09:06:41.4465057Z refs/heads/H220-web-de-resultados
job-core	Checkout code	2025-03-28T09:06:41.4481194Z [command]/usr/bin/git checkout --detach
job-core	Checkout code	2025-03-28T09:06:41.4587470Z HEAD is now at f4d2316 [Ka0S] Uploading resume execution files to the repository...
job-core	Checkout code	2025-03-28T09:06:41.4655862Z [command]/usr/bin/git branch --delete --force H220-web-de-resultados
job-core	Checkout code	2025-03-28T09:06:41.4700485Z Deleted branch H220-web-de-resultados (was f4d2316).
job-core	Checkout code	2025-03-28T09:06:41.4773271Z ##[endgroup]
job-core	Checkout code	2025-03-28T09:06:41.4776127Z [command]/usr/bin/git submodule status
job-core	Checkout code	2025-03-28T09:06:41.5169820Z ##[group]Cleaning the repository
job-core	Checkout code	2025-03-28T09:06:41.5175913Z [command]/usr/bin/git clean -ffdx
job-core	Checkout code	2025-03-28T09:06:41.5248664Z [command]/usr/bin/git reset --hard HEAD
job-core	Checkout code	2025-03-28T09:06:41.5400172Z HEAD is now at f4d2316 [Ka0S] Uploading resume execution files to the repository...
job-core	Checkout code	2025-03-28T09:06:41.5410620Z ##[endgroup]
job-core	Checkout code	2025-03-28T09:06:41.5412641Z ##[group]Disabling automatic garbage collection
job-core	Checkout code	2025-03-28T09:06:41.5419762Z [command]/usr/bin/git config --local gc.auto 0
job-core	Checkout code	2025-03-28T09:06:41.5462635Z ##[endgroup]
job-core	Checkout code	2025-03-28T09:06:41.5463711Z ##[group]Setting up auth
job-core	Checkout code	2025-03-28T09:06:41.5474017Z [command]/usr/bin/git config --local --name-only --get-regexp core\.sshCommand
job-core	Checkout code	2025-03-28T09:06:41.5535474Z [command]/usr/bin/git submodule foreach --recursive sh -c "git config --local --name-only --get-regexp 'core\.sshCommand' && git config --local --unset-all 'core.sshCommand' || :"
job-core	Checkout code	2025-03-28T09:06:41.5922273Z [command]/usr/bin/git config --local --name-only --get-regexp http\.https\:\/\/github\.com\/\.extraheader
job-core	Checkout code	2025-03-28T09:06:41.5965828Z [command]/usr/bin/git submodule foreach --recursive sh -c "git config --local --name-only --get-regexp 'http\.https\:\/\/github\.com\/\.extraheader' && git config --local --unset-all 'http.https://github.com/.extraheader' || :"
job-core	Checkout code	2025-03-28T09:06:41.6355294Z [command]/usr/bin/git config --local http.https://github.com/.extraheader AUTHORIZATION: basic ***
job-core	Checkout code	2025-03-28T09:06:41.6414015Z ##[endgroup]
job-core	Checkout code	2025-03-28T09:06:41.6415204Z ##[group]Fetching the repository
job-core	Checkout code	2025-03-28T09:06:41.6425616Z [command]/usr/bin/git -c protocol.version=2 fetch --prune --no-recurse-submodules origin +refs/heads/*:refs/remotes/origin/* +refs/tags/*:refs/tags/*
job-core	Checkout code	2025-03-28T09:06:42.3950327Z [command]/usr/bin/git branch --list --remote origin/H220-web-de-resultados
job-core	Checkout code	2025-03-28T09:06:42.3993623Z   origin/H220-web-de-resultados
job-core	Checkout code	2025-03-28T09:06:42.4011493Z [command]/usr/bin/git rev-parse refs/remotes/origin/H220-web-de-resultados
job-core	Checkout code	2025-03-28T09:06:42.4051602Z f4d231695b25691b64ee5df6ffe9db4d7625551a
job-core	Checkout code	2025-03-28T09:06:42.4060346Z ##[endgroup]
job-core	Checkout code	2025-03-28T09:06:42.4061761Z ##[group]Determining the checkout info
job-core	Checkout code	2025-03-28T09:06:42.4064176Z ##[endgroup]
job-core	Checkout code	2025-03-28T09:06:42.4073099Z [command]/usr/bin/git sparse-checkout disable
job-core	Checkout code	2025-03-28T09:06:42.4163291Z [command]/usr/bin/git config --local --unset-all extensions.worktreeConfig
job-core	Checkout code	2025-03-28T09:06:42.4209957Z ##[group]Checking out the ref
job-core	Checkout code	2025-03-28T09:06:42.4217885Z [command]/usr/bin/git checkout --progress --force -B H220-web-de-resultados refs/remotes/origin/H220-web-de-resultados
job-core	Checkout code	2025-03-28T09:06:42.4350865Z Switched to a new branch 'H220-web-de-resultados'
job-core	Checkout code	2025-03-28T09:06:42.4358619Z branch 'H220-web-de-resultados' set up to track 'origin/H220-web-de-resultados'.
job-core	Checkout code	2025-03-28T09:06:42.4370424Z ##[endgroup]
job-core	Checkout code	2025-03-28T09:06:42.4434867Z [command]/usr/bin/git log -1 --format=%H
job-core	Checkout code	2025-03-28T09:06:42.4479128Z f4d231695b25691b64ee5df6ffe9db4d7625551a
job-core	Install Node.js	ï»¿2025-03-28T09:06:42.4775802Z ##[group]Run actions/setup-node@v2
job-core	Install Node.js	2025-03-28T09:06:42.4776212Z with:
job-core	Install Node.js	2025-03-28T09:06:42.4776457Z   node-version: 14
job-core	Install Node.js	2025-03-28T09:06:42.4776713Z   always-auth: false
job-core	Install Node.js	2025-03-28T09:06:42.4776977Z   check-latest: false
job-core	Install Node.js	2025-03-28T09:06:42.4777420Z   token: ***
job-core	Install Node.js	2025-03-28T09:06:42.4777645Z env:
job-core	Install Node.js	2025-03-28T09:06:42.4777871Z   KAOS_MODULE: [Ka0S] JSONLINT
job-core	Install Node.js	2025-03-28T09:06:42.4778272Z   GH_TOKEN: ***
job-core	Install Node.js	2025-03-28T09:06:42.4778561Z   KAOS_JSONLINT_CONFIG: core/config/.jsonlint.json
job-core	Install Node.js	2025-03-28T09:06:42.4778957Z   KAOS_PATH_RESUME: core/outputs/j/
job-core	Install Node.js	2025-03-28T09:06:42.4779315Z   KAOS_REPO: /actions-runner/_work/kaos/kaos
job-core	Install Node.js	2025-03-28T09:06:42.4779668Z   KAOS_STEP_MODULE: 
job-core	Install Node.js	2025-03-28T09:06:42.4779923Z   KAOS_CODE: 14125408582
job-core	Install Node.js	2025-03-28T09:06:42.4780195Z   KAOS_REF_BRANCH: main
job-core	Install Node.js	2025-03-28T09:06:42.4780455Z ##[endgroup]
job-core	Install Node.js	2025-03-28T09:06:42.6660445Z Found in cache @ /actions-runner/_work/_tool/node/14.21.3/x64
job-core	Install jsonlint	ï»¿2025-03-28T09:06:42.6829931Z ##[group]Run if ! command -v jsonlint &> /dev/null; then
job-core	Install jsonlint	2025-03-28T09:06:42.6830592Z [36;1mif ! command -v jsonlint &> /dev/null; then[0m
job-core	Install jsonlint	2025-03-28T09:06:42.6831257Z [36;1m  echo "Installing jsonlint..."[0m
job-core	Install jsonlint	2025-03-28T09:06:42.6831808Z [36;1m  npm install -g jsonlint[0m
job-core	Install jsonlint	2025-03-28T09:06:42.6832271Z [36;1melse[0m
job-core	Install jsonlint	2025-03-28T09:06:42.6832644Z [36;1m  echo "jsonlint already installed, skipping installation"[0m
job-core	Install jsonlint	2025-03-28T09:06:42.6833227Z [36;1mfi[0m
job-core	Install jsonlint	2025-03-28T09:06:42.6833480Z [36;1mmkdir -p core/outputs/j/[0m
job-core	Install jsonlint	2025-03-28T09:06:42.6851201Z shell: /usr/bin/bash -e {0}
job-core	Install jsonlint	2025-03-28T09:06:42.6851566Z env:
job-core	Install jsonlint	2025-03-28T09:06:42.6851812Z   KAOS_MODULE: [Ka0S] JSONLINT
job-core	Install jsonlint	2025-03-28T09:06:42.6852360Z   GH_TOKEN: ***
job-core	Install jsonlint	2025-03-28T09:06:42.6852664Z   KAOS_JSONLINT_CONFIG: core/config/.jsonlint.json
job-core	Install jsonlint	2025-03-28T09:06:42.6853060Z   KAOS_PATH_RESUME: core/outputs/j/
job-core	Install jsonlint	2025-03-28T09:06:42.6853420Z   KAOS_REPO: /actions-runner/_work/kaos/kaos
job-core	Install jsonlint	2025-03-28T09:06:42.6854133Z   KAOS_STEP_MODULE: 
job-core	Install jsonlint	2025-03-28T09:06:42.6854646Z   KAOS_CODE: 14125408582
job-core	Install jsonlint	2025-03-28T09:06:42.6854922Z   KAOS_REF_BRANCH: main
job-core	Install jsonlint	2025-03-28T09:06:42.6855178Z ##[endgroup]
job-core	Install jsonlint	2025-03-28T09:06:42.6935718Z jsonlint already installed, skipping installation
job-core	Check JSON	ï»¿2025-03-28T09:06:42.7156360Z ##[group]Run # Invocamos la primera comprobaciÃ³n de base, sino se supera el proceso no continua
job-core	Check JSON	2025-03-28T09:06:42.7158202Z [36;1m# Invocamos la primera comprobaciÃ³n de base, sino se supera el proceso no continua[0m
job-core	Check JSON	2025-03-28T09:06:42.7159255Z [36;1m# Extraemos el nombre del fichero[0m
job-core	Check JSON	2025-03-28T09:06:42.7159981Z [36;1mfile_name=$(basename "core/outputs/i/13241825545.json")[0m
job-core	Check JSON	2025-03-28T09:06:42.7160777Z [36;1m# Generamos el fichero de resultados vacio[0m
job-core	Check JSON	2025-03-28T09:06:42.7161594Z [36;1mtouch core/outputs/j/jsonlint-results-14125408582.txt[0m
job-core	Check JSON	2025-03-28T09:06:42.7162444Z [36;1m# Realizamos el check del documento json [0m
job-core	Check JSON	2025-03-28T09:06:42.7163620Z [36;1mjsonlint core/outputs/i/13241825545.json > core/outputs/j/jsonlint-results-14125408582.txt[0m
job-core	Check JSON	2025-03-28T09:06:42.7165463Z [36;1m# esto es un workarround importante que hay que retirar[0m
job-core	Check JSON	2025-03-28T09:06:42.7166356Z [36;1m#rm -rf core/outputs/j/jsonlint-results-14125408582.txt[0m
job-core	Check JSON	2025-03-28T09:06:42.7167142Z [36;1m# a retirar[0m
job-core	Check JSON	2025-03-28T09:06:42.7167714Z [36;1m# Check if exist errors in file[0m
job-core	Check JSON	2025-03-28T09:06:42.7168336Z [36;1mecho "Mostramos fichero"[0m
job-core	Check JSON	2025-03-28T09:06:42.7169056Z [36;1mcat core/outputs/j/jsonlint-results-14125408582.txt[0m
job-core	Check JSON	2025-03-28T09:06:42.7170325Z [36;1mif [ ! -s core/outputs/j/jsonlint-results-14125408582.txt ]; then[0m
job-core	Check JSON	2025-03-28T09:06:42.7171799Z [36;1m  echo "File core/outputs/j/jsonlint-results-14125408582.txt is empty and is content correct"[0m
job-core	Check JSON	2025-03-28T09:06:42.7174864Z [36;1m  KAOS_ISSUE_BODY="The [Ka0S] JSONLINT process (14125357755) launch the check (14125408582) over file (core/outputs/i/13241825545.json) and its result has been SUCCESS. Please review all files implicated in pull request and approve to merge"[0m
job-core	Check JSON	2025-03-28T09:06:42.7177485Z [36;1m  # AÃ±adimos la versiÃ³n de jsonlint con la que se realiza la comprobacion[0m
job-core	Check JSON	2025-03-28T09:06:42.7178668Z [36;1m  jsonlint --version >> core/outputs/j/jsonlint-results-14125408582.txt[0m
job-core	Check JSON	2025-03-28T09:06:42.7179773Z [36;1m  # aÃ±adimos el nombre del fichero que vamos a comprobar[0m
job-core	Check JSON	2025-03-28T09:06:42.7181061Z [36;1m  echo "Finding: core/outputs/i/13241825545.json" >> core/outputs/j/jsonlint-results-14125408582.txt[0m
job-core	Check JSON	2025-03-28T09:06:42.7183308Z [36;1m  # gh workflow run issue.yaml --ref main -f kaos-issue-title="" -f kaos-issue-body="$KAOS_ISSUE_BODY" -f kaos-issue-actions=comment -f kaos-issue-tag="" -f kaos-issue-id=220[0m
job-core	Check JSON	2025-03-28T09:06:42.7185689Z [36;1m  gh issue comment  220 -F core/outputs/j/jsonlint-results-14125408582.txt[0m
job-core	Check JSON	2025-03-28T09:06:42.7186606Z [36;1melse[0m
job-core	Check JSON	2025-03-28T09:06:42.7187211Z [36;1m  cat core/outputs/j/jsonlint-results-14125408582.txt[0m
job-core	Check JSON	2025-03-28T09:06:42.7188763Z [36;1m  echo "File core/outputs/j/jsonlint-results-14125408582.txt is not empty and is content not correct and write commit info"[0m
job-core	Check JSON	2025-03-28T09:06:42.7191442Z [36;1m  KAOS_ISSUE_BODY="The [Ka0S] JSONLINT process (14125357755) launch the check (14125408582) over file (core/outputs/i/13241825545.json) and its result has been FAILED, please check and solved it"[0m
job-core	Check JSON	2025-03-28T09:06:42.7194827Z [36;1m  # AÃ±adimos la versiÃ³n de jsonlint con la que se realiza la comprobacion[0m
job-core	Check JSON	2025-03-28T09:06:42.7196264Z [36;1m  # jsonlint --version || true >> core/outputs/j/jsonlint-results-14125408582.txt[0m
job-core	Check JSON	2025-03-28T09:06:42.7197540Z [36;1m  # aÃ±adimos el nombre del fichero que vamos a comprobar[0m
job-core	Check JSON	2025-03-28T09:06:42.7198861Z [36;1m  echo "Finding: core/outputs/i/13241825545.json" >> core/outputs/j/jsonlint-results-14125408582.txt[0m
job-core	Check JSON	2025-03-28T09:06:42.7200951Z [36;1m  # gh workflow run issue.yaml --ref main -f kaos-issue-title="" -f kaos-issue-body="$KAOS_ISSUE_BODY" -f kaos-issue-actions=comment -f kaos-issue-tag="" -f kaos-issue-id=220 [0m
job-core	Check JSON	2025-03-28T09:06:42.7202684Z [36;1m  gh issue comment  220 -F core/outputs/j/jsonlint-results-14125408582.txt[0m
job-core	Check JSON	2025-03-28T09:06:42.7203528Z [36;1mfi[0m
job-core	Check JSON	2025-03-28T09:06:42.7219818Z shell: /usr/bin/bash -e {0}
job-core	Check JSON	2025-03-28T09:06:42.7220417Z env:
job-core	Check JSON	2025-03-28T09:06:42.7220844Z   KAOS_MODULE: [Ka0S] JSONLINT
job-core	Check JSON	2025-03-28T09:06:42.7236738Z   GH_TOKEN: ***
job-core	Check JSON	2025-03-28T09:06:42.7237350Z   KAOS_JSONLINT_CONFIG: core/config/.jsonlint.json
job-core	Check JSON	2025-03-28T09:06:42.7238040Z   KAOS_PATH_RESUME: core/outputs/j/
job-core	Check JSON	2025-03-28T09:06:42.7238696Z   KAOS_REPO: /actions-runner/_work/kaos/kaos
job-core	Check JSON	2025-03-28T09:06:42.7239337Z   KAOS_STEP_MODULE: 
job-core	Check JSON	2025-03-28T09:06:42.7239789Z   KAOS_CODE: 14125408582
job-core	Check JSON	2025-03-28T09:06:42.7240286Z   KAOS_REF_BRANCH: main
job-core	Check JSON	2025-03-28T09:06:42.7240878Z ##[endgroup]
job-core	Check JSON	2025-03-28T09:06:42.8855048Z Mostramos fichero
job-core	Check JSON	2025-03-28T09:06:42.8870115Z {
job-core	Check JSON	2025-03-28T09:06:42.8871025Z   "attempt": 1,
job-core	Check JSON	2025-03-28T09:06:42.8871672Z   "conclusion": "success",
job-core	Check JSON	2025-03-28T09:06:42.8872441Z   "createdAt": "2025-02-10T13:20:11Z",
job-core	Check JSON	2025-03-28T09:06:42.8873142Z   "databaseId": 13241825545,
job-core	Check JSON	2025-03-28T09:06:42.8874815Z   "displayTitle": "[Ka0S] Uploading resume execution files to the repository...",
job-core	Check JSON	2025-03-28T09:06:42.8876229Z   "event": "push",
job-core	Check JSON	2025-03-28T09:06:42.8877155Z   "headBranch": "main",
job-core	Check JSON	2025-03-28T09:06:42.8878232Z   "headSha": "342bed97bc46ff6cd911ec34c9f8c7b571fd4ed1",
job-core	Check JSON	2025-03-28T09:06:42.8879279Z   "jobs": [
job-core	Check JSON	2025-03-28T09:06:42.8879947Z     {
job-core	Check JSON	2025-03-28T09:06:42.8880803Z       "completedAt": "2025-02-10T13:20:48Z",
job-core	Check JSON	2025-03-28T09:06:42.8882273Z       "conclusion": "success",
job-core	Check JSON	2025-03-28T09:06:42.8883665Z       "databaseId": 36958726176,
job-core	Check JSON	2025-03-28T09:06:42.8884856Z       "name": "job-core",
job-core	Check JSON	2025-03-28T09:06:42.8885900Z       "startedAt": "2025-02-10T13:20:40Z",
job-core	Check JSON	2025-03-28T09:06:42.8886898Z       "status": "completed",
job-core	Check JSON	2025-03-28T09:06:42.8887549Z       "steps": [
job-core	Check JSON	2025-03-28T09:06:42.8888110Z         {
job-core	Check JSON	2025-03-28T09:06:42.8888963Z           "completedAt": "2025-02-10T13:20:40Z",
job-core	Check JSON	2025-03-28T09:06:42.8890124Z           "conclusion": "success",
job-core	Check JSON	2025-03-28T09:06:42.8891200Z           "name": "Set up job",
job-core	Check JSON	2025-03-28T09:06:42.8892091Z           "number": 1,
job-core	Check JSON	2025-03-28T09:06:42.8893201Z           "startedAt": "2025-02-10T13:20:39Z",
job-core	Check JSON	2025-03-28T09:06:42.8895502Z           "status": "completed"
job-core	Check JSON	2025-03-28T09:06:42.8896601Z         },
job-core	Check JSON	2025-03-28T09:06:42.8897133Z         {
job-core	Check JSON	2025-03-28T09:06:42.8897756Z           "completedAt": "2025-02-10T13:20:41Z",
job-core	Check JSON	2025-03-28T09:06:42.8898880Z           "conclusion": "success",
job-core	Check JSON	2025-03-28T09:06:42.8900238Z           "name": "Checkout code",
job-core	Check JSON	2025-03-28T09:06:42.8901192Z           "number": 2,
job-core	Check JSON	2025-03-28T09:06:42.8902120Z           "startedAt": "2025-02-10T13:20:40Z",
job-core	Check JSON	2025-03-28T09:06:42.8903324Z           "status": "completed"
job-core	Check JSON	2025-03-28T09:06:42.8904593Z         },
job-core	Check JSON	2025-03-28T09:06:42.8920477Z         {
job-core	Check JSON	2025-03-28T09:06:42.8921538Z           "completedAt": "2025-02-10T13:20:41Z",
job-core	Check JSON	2025-03-28T09:06:42.8922352Z           "conclusion": "success",
job-core	Check JSON	2025-03-28T09:06:42.8923136Z           "name": "Validate file extensions",
job-core	Check JSON	2025-03-28T09:06:42.8924149Z           "number": 3,
job-core	Check JSON	2025-03-28T09:06:42.8925065Z           "startedAt": "2025-02-10T13:20:41Z",
job-core	Check JSON	2025-03-28T09:06:42.8926084Z           "status": "completed"
job-core	Check JSON	2025-03-28T09:06:42.8926903Z         },
job-core	Check JSON	2025-03-28T09:06:42.8928017Z         {
job-core	Check JSON	2025-03-28T09:06:42.8928933Z           "completedAt": "2025-02-10T13:20:41Z",
job-core	Check JSON	2025-03-28T09:06:42.8930064Z           "conclusion": "success",
job-core	Check JSON	2025-03-28T09:06:42.8931205Z           "name": "Crear JSON",
job-core	Check JSON	2025-03-28T09:06:42.8932078Z           "number": 4,
job-core	Check JSON	2025-03-28T09:06:42.8933003Z           "startedAt": "2025-02-10T13:20:41Z",
job-core	Check JSON	2025-03-28T09:06:42.8934255Z           "status": "completed"
job-core	Check JSON	2025-03-28T09:06:42.8934974Z         },
job-core	Check JSON	2025-03-28T09:06:42.8935480Z         {
job-core	Check JSON	2025-03-28T09:06:42.8936209Z           "completedAt": "2025-02-10T13:20:41Z",
job-core	Check JSON	2025-03-28T09:06:42.8937206Z           "conclusion": "success",
job-core	Check JSON	2025-03-28T09:06:42.8938036Z           "name": "Ver JSON",
job-core	Check JSON	2025-03-28T09:06:42.8938778Z           "number": 5,
job-core	Check JSON	2025-03-28T09:06:42.8939586Z           "startedAt": "2025-02-10T13:20:41Z",
job-core	Check JSON	2025-03-28T09:06:42.8940384Z           "status": "completed"
job-core	Check JSON	2025-03-28T09:06:42.8941012Z         },
job-core	Check JSON	2025-03-28T09:06:42.8941509Z         {
job-core	Check JSON	2025-03-28T09:06:42.8942174Z           "completedAt": "2025-02-10T13:20:41Z",
job-core	Check JSON	2025-03-28T09:06:42.8943300Z           "conclusion": "success",
job-core	Check JSON	2025-03-28T09:06:42.8945141Z           "name": "Run # Nuevo proceso de activacion de los modulos",
job-core	Check JSON	2025-03-28T09:06:42.8946156Z           "number": 6,
job-core	Check JSON	2025-03-28T09:06:42.8946998Z           "startedAt": "2025-02-10T13:20:41Z",
job-core	Check JSON	2025-03-28T09:06:42.8947858Z           "status": "completed"
job-core	Check JSON	2025-03-28T09:06:42.8948522Z         },
job-core	Check JSON	2025-03-28T09:06:42.8949043Z         {
job-core	Check JSON	2025-03-28T09:06:42.8949812Z           "completedAt": "2025-02-10T13:20:41Z",
job-core	Check JSON	2025-03-28T09:06:42.8950912Z           "conclusion": "success",
job-core	Check JSON	2025-03-28T09:06:42.8951822Z           "name": "Post Checkout code",
job-core	Check JSON	2025-03-28T09:06:42.8952491Z           "number": 12,
job-core	Check JSON	2025-03-28T09:06:42.8953218Z           "startedAt": "2025-02-10T13:20:41Z",
job-core	Check JSON	2025-03-28T09:06:42.8954377Z           "status": "completed"
job-core	Check JSON	2025-03-28T09:06:42.8955080Z         },
job-core	Check JSON	2025-03-28T09:06:42.8955583Z         {
job-core	Check JSON	2025-03-28T09:06:42.8956294Z           "completedAt": "2025-02-10T13:20:42Z",
job-core	Check JSON	2025-03-28T09:06:42.8957328Z           "conclusion": "success",
job-core	Check JSON	2025-03-28T09:06:42.8958143Z           "name": "Complete job",
job-core	Check JSON	2025-03-28T09:06:42.8958865Z           "number": 13,
job-core	Check JSON	2025-03-28T09:06:42.8959686Z           "startedAt": "2025-02-10T13:20:41Z",
job-core	Check JSON	2025-03-28T09:06:42.8960597Z           "status": "completed"
job-core	Check JSON	2025-03-28T09:06:42.8961235Z         }
job-core	Check JSON	2025-03-28T09:06:42.8961681Z       ],
job-core	Check JSON	2025-03-28T09:06:42.8962961Z       "url": "https://github.com/Ka0s-Klaus/ka0s/actions/runs/13241825545/job/36958726176"
job-core	Check JSON	2025-03-28T09:06:42.8964527Z     },
job-core	Check JSON	2025-03-28T09:06:42.8965017Z     {
job-core	Check JSON	2025-03-28T09:06:42.8965741Z       "completedAt": "2025-02-10T13:21:17Z",
job-core	Check JSON	2025-03-28T09:06:42.8966604Z       "conclusion": "success",
job-core	Check JSON	2025-03-28T09:06:42.8967258Z       "databaseId": 36958763470,
job-core	Check JSON	2025-03-28T09:06:42.8968006Z       "name": "handle-success",
job-core	Check JSON	2025-03-28T09:06:42.8968858Z       "startedAt": "2025-02-10T13:21:13Z",
job-core	Check JSON	2025-03-28T09:06:42.8969703Z       "status": "completed",
job-core	Check JSON	2025-03-28T09:06:42.8970308Z       "steps": [
job-core	Check JSON	2025-03-28T09:06:42.8970877Z         {
job-core	Check JSON	2025-03-28T09:06:42.8971543Z           "completedAt": "2025-02-10T13:21:12Z",
job-core	Check JSON	2025-03-28T09:06:42.8972430Z           "conclusion": "success",
job-core	Check JSON	2025-03-28T09:06:42.8973163Z           "name": "Set up job",
job-core	Check JSON	2025-03-28T09:06:42.8974014Z           "number": 1,
job-core	Check JSON	2025-03-28T09:06:42.8974699Z           "startedAt": "2025-02-10T13:21:12Z",
job-core	Check JSON	2025-03-28T09:06:42.8975489Z           "status": "completed"
job-core	Check JSON	2025-03-28T09:06:42.8976137Z         },
job-core	Check JSON	2025-03-28T09:06:42.8976572Z         {
job-core	Check JSON	2025-03-28T09:06:42.8977254Z           "completedAt": "2025-02-10T13:21:12Z",
job-core	Check JSON	2025-03-28T09:06:42.8978143Z           "conclusion": "success",
job-core	Check JSON	2025-03-28T09:06:42.8979010Z           "name": "handle-success-execution",
job-core	Check JSON	2025-03-28T09:06:42.8979810Z           "number": 2,
job-core	Check JSON	2025-03-28T09:06:42.8980560Z           "startedAt": "2025-02-10T13:21:12Z",
job-core	Check JSON	2025-03-28T09:06:42.8981426Z           "status": "completed"
job-core	Check JSON	2025-03-28T09:06:42.8982032Z         },
job-core	Check JSON	2025-03-28T09:06:42.8982483Z         {
job-core	Check JSON	2025-03-28T09:06:42.8983116Z           "completedAt": "2025-02-10T13:21:13Z",
job-core	Check JSON	2025-03-28T09:06:42.8984632Z           "conclusion": "success",
job-core	Check JSON	2025-03-28T09:06:42.8985393Z           "name": "Complete job",
job-core	Check JSON	2025-03-28T09:06:42.8986044Z           "number": 3,
job-core	Check JSON	2025-03-28T09:06:42.8986835Z           "startedAt": "2025-02-10T13:21:12Z",
job-core	Check JSON	2025-03-28T09:06:42.8987620Z           "status": "completed"
job-core	Check JSON	2025-03-28T09:06:42.8988263Z         }
job-core	Check JSON	2025-03-28T09:06:42.8988726Z       ],
job-core	Check JSON	2025-03-28T09:06:42.8989834Z       "url": "https://github.com/Ka0s-Klaus/ka0s/actions/runs/13241825545/job/36958763470"
job-core	Check JSON	2025-03-28T09:06:42.8991076Z     },
job-core	Check JSON	2025-03-28T09:06:42.8991566Z     {
job-core	Check JSON	2025-03-28T09:06:42.8992179Z       "completedAt": "2025-02-10T13:21:18Z",
job-core	Check JSON	2025-03-28T09:06:42.8993003Z       "conclusion": "skipped",
job-core	Check JSON	2025-03-28T09:06:42.8993738Z       "databaseId": 36958792981,
job-core	Check JSON	2025-03-28T09:06:42.8994664Z       "name": "handle_failure",
job-core	Check JSON	2025-03-28T09:06:42.8995431Z       "startedAt": "2025-02-10T13:21:18Z",
job-core	Check JSON	2025-03-28T09:06:42.8996200Z       "status": "completed",
job-core	Check JSON	2025-03-28T09:06:42.8996917Z       "steps": [],
job-core	Check JSON	2025-03-28T09:06:42.8998451Z       "url": "https://github.com/Ka0s-Klaus/ka0s/actions/runs/13241825545/job/36958792981"
job-core	Check JSON	2025-03-28T09:06:42.8999637Z     },
job-core	Check JSON	2025-03-28T09:06:42.9000057Z     {
job-core	Check JSON	2025-03-28T09:06:42.9000696Z       "completedAt": "2025-02-10T13:21:30Z",
job-core	Check JSON	2025-03-28T09:06:42.9001531Z       "conclusion": "success",
job-core	Check JSON	2025-03-28T09:06:42.9002294Z       "databaseId": 36958793587,
job-core	Check JSON	2025-03-28T09:06:42.9002973Z       "name": "end-workflow",
job-core	Check JSON	2025-03-28T09:06:42.9004038Z       "startedAt": "2025-02-10T13:21:24Z",
job-core	Check JSON	2025-03-28T09:06:42.9004783Z       "status": "completed",
job-core	Check JSON	2025-03-28T09:06:42.9005417Z       "steps": [
job-core	Check JSON	2025-03-28T09:06:42.9005954Z         {
job-core	Check JSON	2025-03-28T09:06:42.9006619Z           "completedAt": "2025-02-10T13:21:25Z",
job-core	Check JSON	2025-03-28T09:06:42.9007468Z           "conclusion": "success",
job-core	Check JSON	2025-03-28T09:06:42.9008213Z           "name": "Set up job",
job-core	Check JSON	2025-03-28T09:06:42.9008879Z           "number": 1,
job-core	Check JSON	2025-03-28T09:06:42.9009585Z           "startedAt": "2025-02-10T13:21:24Z",
job-core	Check JSON	2025-03-28T09:06:42.9010427Z           "status": "completed"
job-core	Check JSON	2025-03-28T09:06:42.9011039Z         },
job-core	Check JSON	2025-03-28T09:06:42.9011467Z         {
job-core	Check JSON	2025-03-28T09:06:42.9012102Z           "completedAt": "2025-02-10T13:21:26Z",
job-core	Check JSON	2025-03-28T09:06:42.9012956Z           "conclusion": "success",
job-core	Check JSON	2025-03-28T09:06:42.9013735Z           "name": "Checkout code",
job-core	Check JSON	2025-03-28T09:06:42.9014516Z           "number": 2,
job-core	Check JSON	2025-03-28T09:06:42.9015244Z           "startedAt": "2025-02-10T13:21:25Z",
job-core	Check JSON	2025-03-28T09:06:42.9016058Z           "status": "completed"
job-core	Check JSON	2025-03-28T09:06:42.9016663Z         },
job-core	Check JSON	2025-03-28T09:06:42.9017120Z         {
job-core	Check JSON	2025-03-28T09:06:42.9017793Z           "completedAt": "2025-02-10T13:21:26Z",
job-core	Check JSON	2025-03-28T09:06:42.9018626Z           "conclusion": "success",
job-core	Check JSON	2025-03-28T09:06:42.9019432Z           "name": "Finaliza el workflow",
job-core	Check JSON	2025-03-28T09:06:42.9020152Z           "number": 3,
job-core	Check JSON	2025-03-28T09:06:42.9020847Z           "startedAt": "2025-02-10T13:21:26Z",
job-core	Check JSON	2025-03-28T09:06:42.9021671Z           "status": "completed"
job-core	Check JSON	2025-03-28T09:06:42.9022322Z         },
job-core	Check JSON	2025-03-28T09:06:42.9022786Z         {
job-core	Check JSON	2025-03-28T09:06:42.9023455Z           "completedAt": "2025-02-10T13:21:30Z",
job-core	Check JSON	2025-03-28T09:06:42.9024417Z           "conclusion": "success",
job-core	Check JSON	2025-03-28T09:06:42.9025292Z           "name": "Post Checkout code",
job-core	Check JSON	2025-03-28T09:06:42.9026024Z           "number": 6,
job-core	Check JSON	2025-03-28T09:06:42.9026720Z           "startedAt": "2025-02-10T13:21:30Z",
job-core	Check JSON	2025-03-28T09:06:42.9027512Z           "status": "completed"
job-core	Check JSON	2025-03-28T09:06:42.9028122Z         },
job-core	Check JSON	2025-03-28T09:06:42.9028553Z         {
job-core	Check JSON	2025-03-28T09:06:42.9029192Z           "completedAt": "2025-02-10T13:21:26Z",
job-core	Check JSON	2025-03-28T09:06:42.9030042Z           "conclusion": "success",
job-core	Check JSON	2025-03-28T09:06:42.9030806Z           "name": "Complete job",
job-core	Check JSON	2025-03-28T09:06:42.9031476Z           "number": 7,
job-core	Check JSON	2025-03-28T09:06:42.9032162Z           "startedAt": "2025-02-10T13:21:26Z",
job-core	Check JSON	2025-03-28T09:06:42.9032995Z           "status": "completed"
job-core	Check JSON	2025-03-28T09:06:42.9033599Z         }
job-core	Check JSON	2025-03-28T09:06:42.9034149Z       ],
job-core	Check JSON	2025-03-28T09:06:42.9035731Z       "url": "https://github.com/Ka0s-Klaus/ka0s/actions/runs/13241825545/job/36958793587"
job-core	Check JSON	2025-03-28T09:06:42.9036818Z     }
job-core	Check JSON	2025-03-28T09:06:42.9037256Z   ],
job-core	Check JSON	2025-03-28T09:06:42.9037710Z   "name": "Ka0s",
job-core	Check JSON	2025-03-28T09:06:42.9038207Z   "number": 147,
job-core	Check JSON	2025-03-28T09:06:42.9038872Z   "startedAt": "2025-02-10T13:20:11Z",
job-core	Check JSON	2025-03-28T09:06:42.9039690Z   "status": "completed",
job-core	Check JSON	2025-03-28T09:06:42.9040417Z   "updatedAt": "2025-02-10T13:21:32Z",
job-core	Check JSON	2025-03-28T09:06:42.9041562Z   "url": "https://github.com/Ka0s-Klaus/ka0s/actions/runs/13241825545",
job-core	Check JSON	2025-03-28T09:06:42.9042586Z   "workflowDatabaseId": 142022472,
job-core	Check JSON	2025-03-28T09:06:42.9043287Z   "workflowName": "Ka0s"
job-core	Check JSON	2025-03-28T09:06:42.9044070Z }
job-core	Check JSON	2025-03-28T09:06:42.9044529Z {
job-core	Check JSON	2025-03-28T09:06:42.9044971Z   "attempt": 1,
job-core	Check JSON	2025-03-28T09:06:42.9045542Z   "conclusion": "success",
job-core	Check JSON	2025-03-28T09:06:42.9046279Z   "createdAt": "2025-02-10T13:20:11Z",
job-core	Check JSON	2025-03-28T09:06:42.9047027Z   "databaseId": 13241825545,
job-core	Check JSON	2025-03-28T09:06:42.9048269Z   "displayTitle": "[Ka0S] Uploading resume execution files to the repository...",
job-core	Check JSON	2025-03-28T09:06:42.9049857Z   "event": "push",
job-core	Check JSON	2025-03-28T09:06:42.9050433Z   "headBranch": "main",
job-core	Check JSON	2025-03-28T09:06:42.9051315Z   "headSha": "342bed97bc46ff6cd911ec34c9f8c7b571fd4ed1",
job-core	Check JSON	2025-03-28T09:06:42.9052122Z   "jobs": [
job-core	Check JSON	2025-03-28T09:06:42.9052558Z     {
job-core	Check JSON	2025-03-28T09:06:42.9053212Z       "completedAt": "2025-02-10T13:20:48Z",
job-core	Check JSON	2025-03-28T09:06:42.9054170Z       "conclusion": "success",
job-core	Check JSON	2025-03-28T09:06:42.9054904Z       "databaseId": 36958726176,
job-core	Check JSON	2025-03-28T09:06:42.9055550Z       "name": "job-core",
job-core	Check JSON	2025-03-28T09:06:42.9056281Z       "startedAt": "2025-02-10T13:20:40Z",
job-core	Check JSON	2025-03-28T09:06:42.9057023Z       "status": "completed",
job-core	Check JSON	2025-03-28T09:06:42.9057648Z       "steps": [
job-core	Check JSON	2025-03-28T09:06:42.9058162Z         {
job-core	Check JSON	2025-03-28T09:06:42.9069913Z           "completedAt": "2025-02-10T13:20:40Z",
job-core	Check JSON	2025-03-28T09:06:42.9071131Z           "conclusion": "success",
job-core	Check JSON	2025-03-28T09:06:42.9071936Z           "name": "Set up job",
job-core	Check JSON	2025-03-28T09:06:42.9072680Z           "number": 1,
job-core	Check JSON	2025-03-28T09:06:42.9073419Z           "startedAt": "2025-02-10T13:20:39Z",
job-core	Check JSON	2025-03-28T09:06:42.9074392Z           "status": "completed"
job-core	Check JSON	2025-03-28T09:06:42.9075003Z         },
job-core	Check JSON	2025-03-28T09:06:42.9075455Z         {
job-core	Check JSON	2025-03-28T09:06:42.9076096Z           "completedAt": "2025-02-10T13:20:41Z",
job-core	Check JSON	2025-03-28T09:06:42.9076906Z           "conclusion": "success",
job-core	Check JSON	2025-03-28T09:06:42.9077675Z           "name": "Checkout code",
job-core	Check JSON	2025-03-28T09:06:42.9078342Z           "number": 2,
job-core	Check JSON	2025-03-28T09:06:42.9079059Z           "startedAt": "2025-02-10T13:20:40Z",
job-core	Check JSON	2025-03-28T09:06:42.9079865Z           "status": "completed"
job-core	Check JSON	2025-03-28T09:06:42.9080437Z         },
job-core	Check JSON	2025-03-28T09:06:42.9080970Z         {
job-core	Check JSON	2025-03-28T09:06:42.9081661Z           "completedAt": "2025-02-10T13:20:41Z",
job-core	Check JSON	2025-03-28T09:06:42.9082517Z           "conclusion": "success",
job-core	Check JSON	2025-03-28T09:06:42.9083460Z           "name": "Validate file extensions",
job-core	Check JSON	2025-03-28T09:06:42.9084297Z           "number": 3,
job-core	Check JSON	2025-03-28T09:06:42.9085048Z           "startedAt": "2025-02-10T13:20:41Z",
job-core	Check JSON	2025-03-28T09:06:42.9085868Z           "status": "completed"
job-core	Check JSON	2025-03-28T09:06:42.9086491Z         },
job-core	Check JSON	2025-03-28T09:06:42.9087010Z         {
job-core	Check JSON	2025-03-28T09:06:42.9087746Z           "completedAt": "2025-02-10T13:20:41Z",
job-core	Check JSON	2025-03-28T09:06:42.9088591Z           "conclusion": "success",
job-core	Check JSON	2025-03-28T09:06:42.9089466Z           "name": "Crear JSON",
job-core	Check JSON	2025-03-28T09:06:42.9090135Z           "number": 4,
job-core	Check JSON	2025-03-28T09:06:42.9090801Z           "startedAt": "2025-02-10T13:20:41Z",
job-core	Check JSON	2025-03-28T09:06:42.9091878Z           "status": "completed"
job-core	Check JSON	2025-03-28T09:06:42.9092733Z         },
job-core	Check JSON	2025-03-28T09:06:42.9093231Z         {
job-core	Check JSON	2025-03-28T09:06:42.9094037Z           "completedAt": "2025-02-10T13:20:41Z",
job-core	Check JSON	2025-03-28T09:06:42.9094815Z           "conclusion": "success",
job-core	Check JSON	2025-03-28T09:06:42.9095441Z           "name": "Ver JSON",
job-core	Check JSON	2025-03-28T09:06:42.9096030Z           "number": 5,
job-core	Check JSON	2025-03-28T09:06:42.9096756Z           "startedAt": "2025-02-10T13:20:41Z",
job-core	Check JSON	2025-03-28T09:06:42.9097647Z           "status": "completed"
job-core	Check JSON	2025-03-28T09:06:42.9098650Z         },
job-core	Check JSON	2025-03-28T09:06:42.9099076Z         {
job-core	Check JSON	2025-03-28T09:06:42.9099786Z           "completedAt": "2025-02-10T13:20:41Z",
job-core	Check JSON	2025-03-28T09:06:42.9100667Z           "conclusion": "success",
job-core	Check JSON	2025-03-28T09:06:42.9101585Z           "name": "Run # Nuevo proceso de activacion de los modulos",
job-core	Check JSON	2025-03-28T09:06:42.9102354Z           "number": 6,
job-core	Check JSON	2025-03-28T09:06:42.9103020Z           "startedAt": "2025-02-10T13:20:41Z",
job-core	Check JSON	2025-03-28T09:06:42.9103850Z           "status": "completed"
job-core	Check JSON	2025-03-28T09:06:42.9104452Z         },
job-core	Check JSON	2025-03-28T09:06:42.9104855Z         {
job-core	Check JSON	2025-03-28T09:06:42.9105421Z           "completedAt": "2025-02-10T13:20:41Z",
job-core	Check JSON	2025-03-28T09:06:42.9106233Z           "conclusion": "success",
job-core	Check JSON	2025-03-28T09:06:42.9106985Z           "name": "Post Checkout code",
job-core	Check JSON	2025-03-28T09:06:42.9107758Z           "number": 12,
job-core	Check JSON	2025-03-28T09:06:42.9108432Z           "startedAt": "2025-02-10T13:20:41Z",
job-core	Check JSON	2025-03-28T09:06:42.9109244Z           "status": "completed"
job-core	Check JSON	2025-03-28T09:06:42.9109843Z         },
job-core	Check JSON	2025-03-28T09:06:42.9110314Z         {
job-core	Check JSON	2025-03-28T09:06:42.9111414Z           "completedAt": "2025-02-10T13:20:42Z",
job-core	Check JSON	2025-03-28T09:06:42.9112242Z           "conclusion": "success",
job-core	Check JSON	2025-03-28T09:06:42.9113048Z           "name": "Complete job",
job-core	Check JSON	2025-03-28T09:06:42.9114102Z           "number": 13,
job-core	Check JSON	2025-03-28T09:06:42.9114980Z           "startedAt": "2025-02-10T13:20:41Z",
job-core	Check JSON	2025-03-28T09:06:42.9116005Z           "status": "completed"
job-core	Check JSON	2025-03-28T09:06:42.9116753Z         }
job-core	Check JSON	2025-03-28T09:06:42.9117196Z       ],
job-core	Check JSON	2025-03-28T09:06:42.9124862Z       "url": "https://github.com/Ka0s-Klaus/ka0s/actions/runs/13241825545/job/36958726176"
job-core	Check JSON	2025-03-28T09:06:42.9126158Z     },
job-core	Check JSON	2025-03-28T09:06:42.9126630Z     {
job-core	Check JSON	2025-03-28T09:06:42.9127224Z       "completedAt": "2025-02-10T13:21:17Z",
job-core	Check JSON	2025-03-28T09:06:42.9128003Z       "conclusion": "success",
job-core	Check JSON	2025-03-28T09:06:42.9128677Z       "databaseId": 36958763470,
job-core	Check JSON	2025-03-28T09:06:42.9129384Z       "name": "handle-success",
job-core	Check JSON	2025-03-28T09:06:42.9130149Z       "startedAt": "2025-02-10T13:21:13Z",
job-core	Check JSON	2025-03-28T09:06:42.9130884Z       "status": "completed",
job-core	Check JSON	2025-03-28T09:06:42.9131494Z       "steps": [
job-core	Check JSON	2025-03-28T09:06:42.9131980Z         {
job-core	Check JSON	2025-03-28T09:06:42.9132605Z           "completedAt": "2025-02-10T13:21:12Z",
job-core	Check JSON	2025-03-28T09:06:42.9133409Z           "conclusion": "success",
job-core	Check JSON	2025-03-28T09:06:42.9134296Z           "name": "Set up job",
job-core	Check JSON	2025-03-28T09:06:42.9134910Z           "number": 1,
job-core	Check JSON	2025-03-28T09:06:42.9135579Z           "startedAt": "2025-02-10T13:21:12Z",
job-core	Check JSON	2025-03-28T09:06:42.9136357Z           "status": "completed"
job-core	Check JSON	2025-03-28T09:06:42.9136942Z         },
job-core	Check JSON	2025-03-28T09:06:42.9137357Z         {
job-core	Check JSON	2025-03-28T09:06:42.9137969Z           "completedAt": "2025-02-10T13:21:12Z",
job-core	Check JSON	2025-03-28T09:06:42.9138755Z           "conclusion": "success",
job-core	Check JSON	2025-03-28T09:06:42.9139563Z           "name": "handle-success-execution",
job-core	Check JSON	2025-03-28T09:06:42.9140272Z           "number": 2,
job-core	Check JSON	2025-03-28T09:06:42.9140938Z           "startedAt": "2025-02-10T13:21:12Z",
job-core	Check JSON	2025-03-28T09:06:42.9141722Z           "status": "completed"
job-core	Check JSON	2025-03-28T09:06:42.9142329Z         },
job-core	Check JSON	2025-03-28T09:06:42.9142776Z         {
job-core	Check JSON	2025-03-28T09:06:42.9143416Z           "completedAt": "2025-02-10T13:21:13Z",
job-core	Check JSON	2025-03-28T09:06:42.9144320Z           "conclusion": "success",
job-core	Check JSON	2025-03-28T09:06:42.9145037Z           "name": "Complete job",
job-core	Check JSON	2025-03-28T09:06:42.9145680Z           "number": 3,
job-core	Check JSON	2025-03-28T09:06:42.9146346Z           "startedAt": "2025-02-10T13:21:12Z",
job-core	Check JSON	2025-03-28T09:06:42.9147104Z           "status": "completed"
job-core	Check JSON	2025-03-28T09:06:42.9147749Z         }
job-core	Check JSON	2025-03-28T09:06:42.9148183Z       ],
job-core	Check JSON	2025-03-28T09:06:42.9149290Z       "url": "https://github.com/Ka0s-Klaus/ka0s/actions/runs/13241825545/job/36958763470"
job-core	Check JSON	2025-03-28T09:06:42.9150348Z     },
job-core	Check JSON	2025-03-28T09:06:42.9150757Z     {
job-core	Check JSON	2025-03-28T09:06:42.9151367Z       "completedAt": "2025-02-10T13:21:18Z",
job-core	Check JSON	2025-03-28T09:06:42.9152152Z       "conclusion": "skipped",
job-core	Check JSON	2025-03-28T09:06:42.9152839Z       "databaseId": 36958792981,
job-core	Check JSON	2025-03-28T09:06:42.9153528Z       "name": "handle_failure",
job-core	Check JSON	2025-03-28T09:06:42.9155687Z       "startedAt": "2025-02-10T13:21:18Z",
job-core	Check JSON	2025-03-28T09:06:42.9156407Z       "status": "completed",
job-core	Check JSON	2025-03-28T09:06:42.9156989Z       "steps": [],
job-core	Check JSON	2025-03-28T09:06:42.9158073Z       "url": "https://github.com/Ka0s-Klaus/ka0s/actions/runs/13241825545/job/36958792981"
job-core	Check JSON	2025-03-28T09:06:42.9159107Z     },
job-core	Check JSON	2025-03-28T09:06:42.9159549Z     {
job-core	Check JSON	2025-03-28T09:06:42.9160126Z       "completedAt": "2025-02-10T13:21:30Z",
job-core	Check JSON	2025-03-28T09:06:42.9160887Z       "conclusion": "success",
job-core	Check JSON	2025-03-28T09:06:42.9161587Z       "databaseId": 36958793587,
job-core	Check JSON	2025-03-28T09:06:42.9162241Z       "name": "end-workflow",
job-core	Check JSON	2025-03-28T09:06:42.9162965Z       "startedAt": "2025-02-10T13:21:24Z",
job-core	Check JSON	2025-03-28T09:06:42.9163678Z       "status": "completed",
job-core	Check JSON	2025-03-28T09:06:42.9164411Z       "steps": [
job-core	Check JSON	2025-03-28T09:06:42.9164894Z         {
job-core	Check JSON	2025-03-28T09:06:42.9165484Z           "completedAt": "2025-02-10T13:21:25Z",
job-core	Check JSON	2025-03-28T09:06:42.9166330Z           "conclusion": "success",
job-core	Check JSON	2025-03-28T09:06:42.9167084Z           "name": "Set up job",
job-core	Check JSON	2025-03-28T09:06:42.9167744Z           "number": 1,
job-core	Check JSON	2025-03-28T09:06:42.9168741Z           "startedAt": "2025-02-10T13:21:24Z",
job-core	Check JSON	2025-03-28T09:06:42.9169505Z           "status": "completed"
job-core	Check JSON	2025-03-28T09:06:42.9170087Z         },
job-core	Check JSON	2025-03-28T09:06:42.9170518Z         {
job-core	Check JSON	2025-03-28T09:06:42.9171115Z           "completedAt": "2025-02-10T13:21:26Z",
job-core	Check JSON	2025-03-28T09:06:42.9171927Z           "conclusion": "success",
job-core	Check JSON	2025-03-28T09:06:42.9172667Z           "name": "Checkout code",
job-core	Check JSON	2025-03-28T09:06:42.9173298Z           "number": 2,
job-core	Check JSON	2025-03-28T09:06:42.9174098Z           "startedAt": "2025-02-10T13:21:25Z",
job-core	Check JSON	2025-03-28T09:06:42.9174880Z           "status": "completed"
job-core	Check JSON	2025-03-28T09:06:42.9175467Z         },
job-core	Check JSON	2025-03-28T09:06:42.9184687Z         {
job-core	Check JSON	2025-03-28T09:06:42.9185546Z           "completedAt": "2025-02-10T13:21:26Z",
job-core	Check JSON	2025-03-28T09:06:42.9186361Z           "conclusion": "success",
job-core	Check JSON	2025-03-28T09:06:42.9187138Z           "name": "Finaliza el workflow",
job-core	Check JSON	2025-03-28T09:06:42.9187825Z           "number": 3,
job-core	Check JSON	2025-03-28T09:06:42.9188521Z           "startedAt": "2025-02-10T13:21:26Z",
job-core	Check JSON	2025-03-28T09:06:42.9189315Z           "status": "completed"
job-core	Check JSON	2025-03-28T09:06:42.9189912Z         },
job-core	Check JSON	2025-03-28T09:06:42.9190343Z         {
job-core	Check JSON	2025-03-28T09:06:42.9190965Z           "completedAt": "2025-02-10T13:21:30Z",
job-core	Check JSON	2025-03-28T09:06:42.9191815Z           "conclusion": "success",
job-core	Check JSON	2025-03-28T09:06:42.9192573Z           "name": "Post Checkout code",
job-core	Check JSON	2025-03-28T09:06:42.9193243Z           "number": 6,
job-core	Check JSON	2025-03-28T09:06:42.9194017Z           "startedAt": "2025-02-10T13:21:30Z",
job-core	Check JSON	2025-03-28T09:06:42.9194800Z           "status": "completed"
job-core	Check JSON	2025-03-28T09:06:42.9195391Z         },
job-core	Check JSON	2025-03-28T09:06:42.9195812Z         {
job-core	Check JSON	2025-03-28T09:06:42.9196420Z           "completedAt": "2025-02-10T13:21:26Z",
job-core	Check JSON	2025-03-28T09:06:42.9197218Z           "conclusion": "success",
job-core	Check JSON	2025-03-28T09:06:42.9197941Z           "name": "Complete job",
job-core	Check JSON	2025-03-28T09:06:42.9198554Z           "number": 7,
job-core	Check JSON	2025-03-28T09:06:42.9199209Z           "startedAt": "2025-02-10T13:21:26Z",
job-core	Check JSON	2025-03-28T09:06:42.9200021Z           "status": "completed"
job-core	Check JSON	2025-03-28T09:06:42.9200624Z         }
job-core	Check JSON	2025-03-28T09:06:42.9201052Z       ],
job-core	Check JSON	2025-03-28T09:06:42.9202101Z       "url": "https://github.com/Ka0s-Klaus/ka0s/actions/runs/13241825545/job/36958793587"
job-core	Check JSON	2025-03-28T09:06:42.9203123Z     }
job-core	Check JSON	2025-03-28T09:06:42.9203537Z   ],
job-core	Check JSON	2025-03-28T09:06:42.9204066Z   "name": "Ka0s",
job-core	Check JSON	2025-03-28T09:06:42.9204560Z   "number": 147,
job-core	Check JSON	2025-03-28T09:06:42.9205169Z   "startedAt": "2025-02-10T13:20:11Z",
job-core	Check JSON	2025-03-28T09:06:42.9205852Z   "status": "completed",
job-core	Check JSON	2025-03-28T09:06:42.9206521Z   "updatedAt": "2025-02-10T13:21:32Z",
job-core	Check JSON	2025-03-28T09:06:42.9207589Z   "url": "https://github.com/Ka0s-Klaus/ka0s/actions/runs/13241825545",
job-core	Check JSON	2025-03-28T09:06:42.9208640Z   "workflowDatabaseId": 142022472,
job-core	Check JSON	2025-03-28T09:06:42.9209303Z   "workflowName": "Ka0s"
job-core	Check JSON	2025-03-28T09:06:42.9209917Z }
job-core	Check JSON	2025-03-28T09:06:42.9211632Z File core/outputs/j/jsonlint-results-14125408582.txt is not empty and is content not correct and write commit info
job-core	Check JSON	2025-03-28T09:06:45.1146504Z https://github.com/Ka0s-Klaus/ka0s/issues/220#issuecomment-2760620134
job-core	Post Install Node.js	ï»¿2025-03-28T09:06:45.1397965Z Post job cleanup.
job-core	Post Checkout code	ï»¿2025-03-28T09:06:45.2977709Z Post job cleanup.
job-core	Post Checkout code	2025-03-28T09:06:45.4345081Z [command]/usr/bin/git version
job-core	Post Checkout code	2025-03-28T09:06:45.4395827Z git version 2.48.1
job-core	Post Checkout code	2025-03-28T09:06:45.4456176Z Copying '/home/kaos/.gitconfig' to '/actions-runner/_work/_temp/ff6688f7-b530-4af0-a68a-56f3c520d1bc/.gitconfig'
job-core	Post Checkout code	2025-03-28T09:06:45.4473481Z Temporarily overriding HOME='/actions-runner/_work/_temp/ff6688f7-b530-4af0-a68a-56f3c520d1bc' before making global git config changes
job-core	Post Checkout code	2025-03-28T09:06:45.4476471Z Adding repository directory to the temporary git global config as a safe directory
job-core	Post Checkout code	2025-03-28T09:06:45.4481354Z [command]/usr/bin/git config --global --add safe.directory /actions-runner/_work/ka0s/ka0s
job-core	Post Checkout code	2025-03-28T09:06:45.4534876Z [command]/usr/bin/git config --local --name-only --get-regexp core\.sshCommand
job-core	Post Checkout code	2025-03-28T09:06:45.4598386Z [command]/usr/bin/git submodule foreach --recursive sh -c "git config --local --name-only --get-regexp 'core\.sshCommand' && git config --local --unset-all 'core.sshCommand' || :"
job-core	Post Checkout code	2025-03-28T09:06:45.4988706Z [command]/usr/bin/git config --local --name-only --get-regexp http\.https\:\/\/github\.com\/\.extraheader
job-core	Post Checkout code	2025-03-28T09:06:45.5020690Z http.https://github.com/.extraheader
job-core	Post Checkout code	2025-03-28T09:06:45.5040388Z [command]/usr/bin/git config --local --unset-all http.https://github.com/.extraheader
job-core	Post Checkout code	2025-03-28T09:06:45.5091765Z [command]/usr/bin/git submodule foreach --recursive sh -c "git config --local --name-only --get-regexp 'http\.https\:\/\/github\.com\/\.extraheader' && git config --local --unset-all 'http.https://github.com/.extraheader' || :"
job-core	Complete job	ï»¿2025-03-28T09:06:45.5702840Z Cleaning up orphan processes
handle-success	Set up job	ï»¿2025-03-28T09:15:52.5849213Z Current runner version: '2.323.0'
handle-success	Set up job	2025-03-28T09:15:52.5858743Z Runner name: 'ka0s-runner-1'
handle-success	Set up job	2025-03-28T09:15:52.5860097Z Machine name: '181b3e34799e'
handle-success	Set up job	2025-03-28T09:15:52.5863685Z ##[group]GITHUB_TOKEN Permissions
handle-success	Set up job	2025-03-28T09:15:52.5867486Z Actions: write
handle-success	Set up job	2025-03-28T09:15:52.5868351Z Contents: write
handle-success	Set up job	2025-03-28T09:15:52.5869765Z Issues: write
handle-success	Set up job	2025-03-28T09:15:52.5870872Z Metadata: read
handle-success	Set up job	2025-03-28T09:15:52.5872058Z PullRequests: write
handle-success	Set up job	2025-03-28T09:15:52.5873476Z ##[endgroup]
handle-success	Set up job	2025-03-28T09:15:52.5878248Z Secret source: Actions
handle-success	Set up job	2025-03-28T09:15:52.5879303Z Prepare workflow directory
handle-success	Set up job	2025-03-28T09:15:52.6874828Z Prepare all required actions
handle-success	Set up job	2025-03-28T09:15:52.6929370Z Getting action download info
handle-success	Set up job	2025-03-28T09:15:53.6563541Z Download action repository 'actions/checkout@v4' (SHA:11bd71901bbe5b1630ceea73d27597364c9af683)
handle-success	Set up job	2025-03-28T09:15:56.1396150Z Complete job name: handle-success
handle-success	Checkout code	ï»¿2025-03-28T09:15:56.2127252Z ##[group]Run actions/checkout@v4
handle-success	Checkout code	2025-03-28T09:15:56.2128990Z with:
handle-success	Checkout code	2025-03-28T09:15:56.2129859Z   fetch-depth: 0
handle-success	Checkout code	2025-03-28T09:15:56.2131377Z   token: ***
handle-success	Checkout code	2025-03-28T09:15:56.2132298Z   repository: Ka0s-Klaus/ka0s
handle-success	Checkout code	2025-03-28T09:15:56.2133393Z   ssh-strict: true
handle-success	Checkout code	2025-03-28T09:15:56.2134925Z   ssh-user: git
handle-success	Checkout code	2025-03-28T09:15:56.2136024Z   persist-credentials: true
handle-success	Checkout code	2025-03-28T09:15:56.2137074Z   clean: true
handle-success	Checkout code	2025-03-28T09:15:56.2138013Z   sparse-checkout-cone-mode: true
handle-success	Checkout code	2025-03-28T09:15:56.2139166Z   fetch-tags: false
handle-success	Checkout code	2025-03-28T09:15:56.2140090Z   show-progress: true
handle-success	Checkout code	2025-03-28T09:15:56.2141035Z   lfs: false
handle-success	Checkout code	2025-03-28T09:15:56.2141886Z   submodules: false
handle-success	Checkout code	2025-03-28T09:15:56.2142842Z   set-safe-directory: true
handle-success	Checkout code	2025-03-28T09:15:56.2144648Z env:
handle-success	Checkout code	2025-03-28T09:15:56.2145637Z   KAOS_MODULE: [Ka0S] JSONLINT
handle-success	Checkout code	2025-03-28T09:15:56.2147429Z   GH_TOKEN: ***
handle-success	Checkout code	2025-03-28T09:15:56.2148491Z   KAOS_JSONLINT_CONFIG: core/config/.jsonlint.json
handle-success	Checkout code	2025-03-28T09:15:56.2149900Z   KAOS_PATH_RESUME: core/outputs/j/
handle-success	Checkout code	2025-03-28T09:15:56.2151249Z   KAOS_REPO: /actions-runner/_work/kaos/kaos
handle-success	Checkout code	2025-03-28T09:15:56.2152517Z   KAOS_STEP_MODULE: 
handle-success	Checkout code	2025-03-28T09:15:56.2153466Z   KAOS_CODE: 14125408582
handle-success	Checkout code	2025-03-28T09:15:56.2154926Z   KAOS_REF_BRANCH: main
handle-success	Checkout code	2025-03-28T09:15:56.2155880Z ##[endgroup]
handle-success	Checkout code	2025-03-28T09:15:56.4042132Z Syncing repository: Ka0s-Klaus/ka0s
handle-success	Checkout code	2025-03-28T09:15:56.4046738Z ##[group]Getting Git version info
handle-success	Checkout code	2025-03-28T09:15:56.4048524Z Working directory is '/actions-runner/_work/ka0s/ka0s'
handle-success	Checkout code	2025-03-28T09:15:56.4051069Z [command]/usr/bin/git version
handle-success	Checkout code	2025-03-28T09:15:56.4052468Z git version 2.48.1
handle-success	Checkout code	2025-03-28T09:15:56.4068169Z ##[endgroup]
handle-success	Checkout code	2025-03-28T09:15:56.4086181Z Copying '/home/kaos/.gitconfig' to '/actions-runner/_work/_temp/f0ec61bd-154f-41e9-83a1-9ce79884ceb9/.gitconfig'
handle-success	Checkout code	2025-03-28T09:15:56.4106231Z Temporarily overriding HOME='/actions-runner/_work/_temp/f0ec61bd-154f-41e9-83a1-9ce79884ceb9' before making global git config changes
handle-success	Checkout code	2025-03-28T09:15:56.4109440Z Adding repository directory to the temporary git global config as a safe directory
handle-success	Checkout code	2025-03-28T09:15:56.4117884Z [command]/usr/bin/git config --global --add safe.directory /actions-runner/_work/ka0s/ka0s
handle-success	Checkout code	2025-03-28T09:15:56.4196369Z [command]/usr/bin/git config --local --get remote.origin.url
handle-success	Checkout code	2025-03-28T09:15:56.4229656Z https://github.com/Ka0s-Klaus/ka0s
handle-success	Checkout code	2025-03-28T09:15:56.4253546Z ##[group]Removing previously created refs, to avoid conflicts
handle-success	Checkout code	2025-03-28T09:15:56.4261663Z [command]/usr/bin/git rev-parse --symbolic-full-name --verify --quiet HEAD
handle-success	Checkout code	2025-03-28T09:15:56.4307370Z refs/heads/H220-web-de-resultados
handle-success	Checkout code	2025-03-28T09:15:56.4325702Z [command]/usr/bin/git checkout --detach
handle-success	Checkout code	2025-03-28T09:15:56.4437543Z HEAD is now at f4d2316 [Ka0S] Uploading resume execution files to the repository...
handle-success	Checkout code	2025-03-28T09:15:56.4513668Z [command]/usr/bin/git branch --delete --force H220-web-de-resultados
handle-success	Checkout code	2025-03-28T09:15:56.4560948Z Deleted branch H220-web-de-resultados (was f4d2316).
handle-success	Checkout code	2025-03-28T09:15:56.4640352Z ##[endgroup]
handle-success	Checkout code	2025-03-28T09:15:56.4642203Z [command]/usr/bin/git submodule status
handle-success	Checkout code	2025-03-28T09:15:56.5044115Z ##[group]Cleaning the repository
handle-success	Checkout code	2025-03-28T09:15:56.5047675Z [command]/usr/bin/git clean -ffdx
handle-success	Checkout code	2025-03-28T09:15:56.5119228Z [command]/usr/bin/git reset --hard HEAD
handle-success	Checkout code	2025-03-28T09:15:56.5279540Z HEAD is now at f4d2316 [Ka0S] Uploading resume execution files to the repository...
handle-success	Checkout code	2025-03-28T09:15:56.5284177Z ##[endgroup]
handle-success	Checkout code	2025-03-28T09:15:56.5286791Z ##[group]Disabling automatic garbage collection
handle-success	Checkout code	2025-03-28T09:15:56.5293329Z [command]/usr/bin/git config --local gc.auto 0
handle-success	Checkout code	2025-03-28T09:15:56.5376090Z ##[endgroup]
handle-success	Checkout code	2025-03-28T09:15:56.5378426Z ##[group]Setting up auth
handle-success	Checkout code	2025-03-28T09:15:56.5380908Z [command]/usr/bin/git config --local --name-only --get-regexp core\.sshCommand
handle-success	Checkout code	2025-03-28T09:15:56.5453934Z [command]/usr/bin/git submodule foreach --recursive sh -c "git config --local --name-only --get-regexp 'core\.sshCommand' && git config --local --unset-all 'core.sshCommand' || :"
handle-success	Checkout code	2025-03-28T09:15:56.5891859Z [command]/usr/bin/git config --local --name-only --get-regexp http\.https\:\/\/github\.com\/\.extraheader
handle-success	Checkout code	2025-03-28T09:15:56.5937800Z [command]/usr/bin/git submodule foreach --recursive sh -c "git config --local --name-only --get-regexp 'http\.https\:\/\/github\.com\/\.extraheader' && git config --local --unset-all 'http.https://github.com/.extraheader' || :"
handle-success	Checkout code	2025-03-28T09:15:56.6351021Z [command]/usr/bin/git config --local http.https://github.com/.extraheader AUTHORIZATION: basic ***
handle-success	Checkout code	2025-03-28T09:15:56.6412393Z ##[endgroup]
handle-success	Checkout code	2025-03-28T09:15:56.6414734Z ##[group]Fetching the repository
handle-success	Checkout code	2025-03-28T09:15:56.6423718Z [command]/usr/bin/git -c protocol.version=2 fetch --prune --no-recurse-submodules origin +refs/heads/*:refs/remotes/origin/* +refs/tags/*:refs/tags/*
handle-success	Checkout code	2025-03-28T09:15:58.3956257Z From https://github.com/Ka0s-Klaus/ka0s
handle-success	Checkout code	2025-03-28T09:15:58.3959302Z    22bdc11..eefeb96  main       -> origin/main
handle-success	Checkout code	2025-03-28T09:15:58.4048474Z [command]/usr/bin/git branch --list --remote origin/H220-web-de-resultados
handle-success	Checkout code	2025-03-28T09:15:58.4070424Z   origin/H220-web-de-resultados
handle-success	Checkout code	2025-03-28T09:15:58.4101961Z [command]/usr/bin/git rev-parse refs/remotes/origin/H220-web-de-resultados
handle-success	Checkout code	2025-03-28T09:15:58.4159811Z f4d231695b25691b64ee5df6ffe9db4d7625551a
handle-success	Checkout code	2025-03-28T09:15:58.4245728Z ##[endgroup]
handle-success	Checkout code	2025-03-28T09:15:58.4248129Z ##[group]Determining the checkout info
handle-success	Checkout code	2025-03-28T09:15:58.4258538Z ##[endgroup]
handle-success	Checkout code	2025-03-28T09:15:58.4274579Z [command]/usr/bin/git sparse-checkout disable
handle-success	Checkout code	2025-03-28T09:15:58.4329386Z [command]/usr/bin/git config --local --unset-all extensions.worktreeConfig
handle-success	Checkout code	2025-03-28T09:15:58.4404958Z ##[group]Checking out the ref
handle-success	Checkout code	2025-03-28T09:15:58.4422374Z [command]/usr/bin/git checkout --progress --force -B H220-web-de-resultados refs/remotes/origin/H220-web-de-resultados
handle-success	Checkout code	2025-03-28T09:15:58.4653581Z Switched to a new branch 'H220-web-de-resultados'
handle-success	Checkout code	2025-03-28T09:15:58.4669592Z branch 'H220-web-de-resultados' set up to track 'origin/H220-web-de-resultados'.
handle-success	Checkout code	2025-03-28T09:15:58.4710151Z ##[endgroup]
handle-success	Checkout code	2025-03-28T09:15:58.4867696Z [command]/usr/bin/git log -1 --format=%H
handle-success	Checkout code	2025-03-28T09:15:58.4939369Z f4d231695b25691b64ee5df6ffe9db4d7625551a
handle-success	handle-success-execution	ï»¿2025-03-28T09:15:58.5625561Z ##[group]Run # Si todo ha ido correcto aÃ±adimos el contenido del fichero 
handle-success	handle-success-execution	2025-03-28T09:15:58.5627365Z [36;1m# Si todo ha ido correcto aÃ±adimos el contenido del fichero [0m
handle-success	handle-success-execution	2025-03-28T09:15:58.5629485Z [36;1mRNNUMBER=$(echo "refs/heads/H220-web-de-resultados" | grep -o '[0-9]*')[0m
handle-success	handle-success-execution	2025-03-28T09:15:58.5631547Z [36;1mgh issue comment $RNNUMBER --body "El proceso ha finalizado correctamente 14125408582. El resultado estÃ¡ en el fichero core/results/event_data14125408582.log"[0m
handle-success	handle-success-execution	2025-03-28T09:15:58.5809027Z shell: /usr/bin/bash -e {0}
handle-success	handle-success-execution	2025-03-28T09:15:58.5809856Z env:
handle-success	handle-success-execution	2025-03-28T09:15:58.5810721Z   KAOS_MODULE: [Ka0S] JSONLINT
handle-success	handle-success-execution	2025-03-28T09:15:58.5812453Z   GH_TOKEN: ***
handle-success	handle-success-execution	2025-03-28T09:15:58.5813164Z   KAOS_JSONLINT_CONFIG: core/config/.jsonlint.json
handle-success	handle-success-execution	2025-03-28T09:15:58.5822505Z   KAOS_PATH_RESUME: core/outputs/j/
handle-success	handle-success-execution	2025-03-28T09:15:58.5823502Z   KAOS_REPO: /actions-runner/_work/kaos/kaos
handle-success	handle-success-execution	2025-03-28T09:15:58.5824605Z   KAOS_STEP_MODULE: 
handle-success	handle-success-execution	2025-03-28T09:15:58.5825315Z   KAOS_CODE: 14125408582
handle-success	handle-success-execution	2025-03-28T09:15:58.5826137Z   KAOS_REF_BRANCH: main
handle-success	handle-success-execution	2025-03-28T09:15:58.5827387Z ##[endgroup]
handle-success	handle-success-execution	2025-03-28T09:16:00.2085980Z https://github.com/Ka0s-Klaus/ka0s/issues/220#issuecomment-2760640633
handle-success	Post Checkout code	ï»¿2025-03-28T09:16:00.2262783Z Post job cleanup.
handle-success	Post Checkout code	2025-03-28T09:16:00.6659712Z [command]/usr/bin/git version
handle-success	Post Checkout code	2025-03-28T09:16:00.6966727Z git version 2.48.1
handle-success	Post Checkout code	2025-03-28T09:16:00.7060778Z Copying '/home/kaos/.gitconfig' to '/actions-runner/_work/_temp/9f989358-1300-43b0-a22e-4084af1e8eff/.gitconfig'
handle-success	Post Checkout code	2025-03-28T09:16:00.7094766Z Temporarily overriding HOME='/actions-runner/_work/_temp/9f989358-1300-43b0-a22e-4084af1e8eff' before making global git config changes
handle-success	Post Checkout code	2025-03-28T09:16:00.7104291Z Adding repository directory to the temporary git global config as a safe directory
handle-success	Post Checkout code	2025-03-28T09:16:00.7123737Z [command]/usr/bin/git config --global --add safe.directory /actions-runner/_work/ka0s/ka0s
handle-success	Post Checkout code	2025-03-28T09:16:00.7221243Z [command]/usr/bin/git config --local --name-only --get-regexp core\.sshCommand
handle-success	Post Checkout code	2025-03-28T09:16:00.7421305Z [command]/usr/bin/git submodule foreach --recursive sh -c "git config --local --name-only --get-regexp 'core\.sshCommand' && git config --local --unset-all 'core.sshCommand' || :"
handle-success	Post Checkout code	2025-03-28T09:16:00.9755322Z [command]/usr/bin/git config --local --name-only --get-regexp http\.https\:\/\/github\.com\/\.extraheader
handle-success	Post Checkout code	2025-03-28T09:16:00.9845593Z http.https://github.com/.extraheader
handle-success	Post Checkout code	2025-03-28T09:16:00.9856046Z [command]/usr/bin/git config --local --unset-all http.https://github.com/.extraheader
handle-success	Post Checkout code	2025-03-28T09:16:00.9932293Z [command]/usr/bin/git submodule foreach --recursive sh -c "git config --local --name-only --get-regexp 'http\.https\:\/\/github\.com\/\.extraheader' && git config --local --unset-all 'http.https://github.com/.extraheader' || :"
handle-success	Complete job	ï»¿2025-03-28T09:16:01.0695631Z Cleaning up orphan processes
end-workflow	Set up job	ï»¿2025-03-28T09:23:38.7296814Z Current runner version: '2.323.0'
end-workflow	Set up job	2025-03-28T09:23:38.7307466Z Runner name: 'kaos-3'
end-workflow	Set up job	2025-03-28T09:23:38.7308867Z Machine name: 'ddaf71c4382c'
end-workflow	Set up job	2025-03-28T09:23:38.7313069Z ##[group]GITHUB_TOKEN Permissions
end-workflow	Set up job	2025-03-28T09:23:38.7316566Z Actions: write
end-workflow	Set up job	2025-03-28T09:23:38.7317441Z Contents: write
end-workflow	Set up job	2025-03-28T09:23:38.7318185Z Issues: write
end-workflow	Set up job	2025-03-28T09:23:38.7319057Z Metadata: read
end-workflow	Set up job	2025-03-28T09:23:38.7319798Z PullRequests: write
end-workflow	Set up job	2025-03-28T09:23:38.7320500Z ##[endgroup]
end-workflow	Set up job	2025-03-28T09:23:38.7324106Z Secret source: Actions
end-workflow	Set up job	2025-03-28T09:23:38.7325199Z Prepare workflow directory
end-workflow	Set up job	2025-03-28T09:23:38.8398865Z Prepare all required actions
end-workflow	Set up job	2025-03-28T09:23:38.8488357Z Getting action download info
end-workflow	Set up job	2025-03-28T09:23:39.5418425Z Download action repository 'actions/checkout@v4' (SHA:11bd71901bbe5b1630ceea73d27597364c9af683)
end-workflow	Set up job	2025-03-28T09:23:42.0256265Z Complete job name: end-workflow
end-workflow	Checkout code	ï»¿2025-03-28T09:23:42.1266014Z ##[group]Run actions/checkout@v4
end-workflow	Checkout code	2025-03-28T09:23:42.1267506Z with:
end-workflow	Checkout code	2025-03-28T09:23:42.1268151Z   fetch-depth: 0
end-workflow	Checkout code	2025-03-28T09:23:42.1269248Z   token: ***
end-workflow	Checkout code	2025-03-28T09:23:42.1269900Z   repository: Ka0s-Klaus/ka0s
end-workflow	Checkout code	2025-03-28T09:23:42.1270629Z   ssh-strict: true
end-workflow	Checkout code	2025-03-28T09:23:42.1271256Z   ssh-user: git
end-workflow	Checkout code	2025-03-28T09:23:42.1271908Z   persist-credentials: true
end-workflow	Checkout code	2025-03-28T09:23:42.1272600Z   clean: true
end-workflow	Checkout code	2025-03-28T09:23:42.1273209Z   sparse-checkout-cone-mode: true
end-workflow	Checkout code	2025-03-28T09:23:42.1274173Z   fetch-tags: false
end-workflow	Checkout code	2025-03-28T09:23:42.1274822Z   show-progress: true
end-workflow	Checkout code	2025-03-28T09:23:42.1275459Z   lfs: false
end-workflow	Checkout code	2025-03-28T09:23:42.1276051Z   submodules: false
end-workflow	Checkout code	2025-03-28T09:23:42.1276839Z   set-safe-directory: true
end-workflow	Checkout code	2025-03-28T09:23:42.1278056Z env:
end-workflow	Checkout code	2025-03-28T09:23:42.1278660Z   KAOS_MODULE: [Ka0S] JSONLINT
end-workflow	Checkout code	2025-03-28T09:23:42.1279671Z   GH_TOKEN: ***
end-workflow	Checkout code	2025-03-28T09:23:42.1280367Z   KAOS_JSONLINT_CONFIG: core/config/.jsonlint.json
end-workflow	Checkout code	2025-03-28T09:23:42.1281251Z   KAOS_PATH_RESUME: core/outputs/j/
end-workflow	Checkout code	2025-03-28T09:23:42.1282148Z   KAOS_REPO: /actions-runner/_work/kaos/kaos
end-workflow	Checkout code	2025-03-28T09:23:42.1282997Z   KAOS_STEP_MODULE: 
end-workflow	Checkout code	2025-03-28T09:23:42.1283671Z   KAOS_CODE: 14125408582
end-workflow	Checkout code	2025-03-28T09:23:42.1284593Z   KAOS_REF_BRANCH: main
end-workflow	Checkout code	2025-03-28T09:23:42.1285306Z ##[endgroup]
end-workflow	Checkout code	2025-03-28T09:23:42.3667107Z Syncing repository: Ka0s-Klaus/ka0s
end-workflow	Checkout code	2025-03-28T09:23:42.3675984Z ##[group]Getting Git version info
end-workflow	Checkout code	2025-03-28T09:23:42.3677928Z Working directory is '/actions-runner/_work/ka0s/ka0s'
end-workflow	Checkout code	2025-03-28T09:23:42.3680855Z [command]/usr/bin/git version
end-workflow	Checkout code	2025-03-28T09:23:42.3682632Z git version 2.48.1
end-workflow	Checkout code	2025-03-28T09:23:42.3743219Z ##[endgroup]
end-workflow	Checkout code	2025-03-28T09:23:42.3764971Z Copying '/home/kaos/.gitconfig' to '/actions-runner/_work/_temp/ff4d9fbf-fdcc-4e8b-962f-b4e94e73ae51/.gitconfig'
end-workflow	Checkout code	2025-03-28T09:23:42.3795781Z Temporarily overriding HOME='/actions-runner/_work/_temp/ff4d9fbf-fdcc-4e8b-962f-b4e94e73ae51' before making global git config changes
end-workflow	Checkout code	2025-03-28T09:23:42.3817384Z Adding repository directory to the temporary git global config as a safe directory
end-workflow	Checkout code	2025-03-28T09:23:42.3865995Z [command]/usr/bin/git config --global --add safe.directory /actions-runner/_work/ka0s/ka0s
end-workflow	Checkout code	2025-03-28T09:23:42.3945923Z [command]/usr/bin/git config --local --get remote.origin.url
end-workflow	Checkout code	2025-03-28T09:23:42.3989499Z https://github.com/Ka0s-Klaus/ka0s
end-workflow	Checkout code	2025-03-28T09:23:42.4026400Z ##[group]Removing previously created refs, to avoid conflicts
end-workflow	Checkout code	2025-03-28T09:23:42.4033983Z [command]/usr/bin/git rev-parse --symbolic-full-name --verify --quiet HEAD
end-workflow	Checkout code	2025-03-28T09:23:42.4067193Z refs/heads/H220-web-de-resultados
end-workflow	Checkout code	2025-03-28T09:23:42.4087610Z [command]/usr/bin/git checkout --detach
end-workflow	Checkout code	2025-03-28T09:23:42.4198294Z HEAD is now at f4d2316 [Ka0S] Uploading resume execution files to the repository...
end-workflow	Checkout code	2025-03-28T09:23:42.4273613Z [command]/usr/bin/git branch --delete --force H220-web-de-resultados
end-workflow	Checkout code	2025-03-28T09:23:42.4317677Z Deleted branch H220-web-de-resultados (was f4d2316).
end-workflow	Checkout code	2025-03-28T09:23:42.4396949Z ##[endgroup]
end-workflow	Checkout code	2025-03-28T09:23:42.4398532Z [command]/usr/bin/git submodule status
end-workflow	Checkout code	2025-03-28T09:23:42.4853467Z ##[group]Cleaning the repository
end-workflow	Checkout code	2025-03-28T09:23:42.4855438Z [command]/usr/bin/git clean -ffdx
end-workflow	Checkout code	2025-03-28T09:23:42.4951119Z [command]/usr/bin/git reset --hard HEAD
end-workflow	Checkout code	2025-03-28T09:23:42.5271388Z HEAD is now at f4d2316 [Ka0S] Uploading resume execution files to the repository...
end-workflow	Checkout code	2025-03-28T09:23:42.5304780Z ##[endgroup]
end-workflow	Checkout code	2025-03-28T09:23:42.5307040Z ##[group]Disabling automatic garbage collection
end-workflow	Checkout code	2025-03-28T09:23:42.5339231Z [command]/usr/bin/git config --local gc.auto 0
end-workflow	Checkout code	2025-03-28T09:23:42.5558823Z ##[endgroup]
end-workflow	Checkout code	2025-03-28T09:23:42.5560842Z ##[group]Setting up auth
end-workflow	Checkout code	2025-03-28T09:23:42.5653943Z [command]/usr/bin/git config --local --name-only --get-regexp core\.sshCommand
end-workflow	Checkout code	2025-03-28T09:23:42.5908237Z [command]/usr/bin/git submodule foreach --recursive sh -c "git config --local --name-only --get-regexp 'core\.sshCommand' && git config --local --unset-all 'core.sshCommand' || :"
end-workflow	Checkout code	2025-03-28T09:23:42.7498775Z [command]/usr/bin/git config --local --name-only --get-regexp http\.https\:\/\/github\.com\/\.extraheader
end-workflow	Checkout code	2025-03-28T09:23:42.7682658Z [command]/usr/bin/git submodule foreach --recursive sh -c "git config --local --name-only --get-regexp 'http\.https\:\/\/github\.com\/\.extraheader' && git config --local --unset-all 'http.https://github.com/.extraheader' || :"
end-workflow	Checkout code	2025-03-28T09:23:42.8619012Z [command]/usr/bin/git config --local http.https://github.com/.extraheader AUTHORIZATION: basic ***
end-workflow	Checkout code	2025-03-28T09:23:42.8733335Z ##[endgroup]
end-workflow	Checkout code	2025-03-28T09:23:42.8747522Z ##[group]Fetching the repository
end-workflow	Checkout code	2025-03-28T09:23:42.8771797Z [command]/usr/bin/git -c protocol.version=2 fetch --prune --no-recurse-submodules origin +refs/heads/*:refs/remotes/origin/* +refs/tags/*:refs/tags/*
end-workflow	Checkout code	2025-03-28T09:23:43.9613007Z From https://github.com/Ka0s-Klaus/ka0s
end-workflow	Checkout code	2025-03-28T09:23:43.9616521Z    e49090b..23a9287  main       -> origin/main
end-workflow	Checkout code	2025-03-28T09:23:43.9692284Z [command]/usr/bin/git branch --list --remote origin/H220-web-de-resultados
end-workflow	Checkout code	2025-03-28T09:23:43.9744281Z   origin/H220-web-de-resultados
end-workflow	Checkout code	2025-03-28T09:23:43.9781112Z [command]/usr/bin/git rev-parse refs/remotes/origin/H220-web-de-resultados
end-workflow	Checkout code	2025-03-28T09:23:43.9835792Z f4d231695b25691b64ee5df6ffe9db4d7625551a
end-workflow	Checkout code	2025-03-28T09:23:43.9850681Z ##[endgroup]
end-workflow	Checkout code	2025-03-28T09:23:43.9854625Z ##[group]Determining the checkout info
end-workflow	Checkout code	2025-03-28T09:23:43.9871610Z ##[endgroup]
end-workflow	Checkout code	2025-03-28T09:23:43.9875041Z [command]/usr/bin/git sparse-checkout disable
end-workflow	Checkout code	2025-03-28T09:23:43.9959488Z [command]/usr/bin/git config --local --unset-all extensions.worktreeConfig
end-workflow	Checkout code	2025-03-28T09:23:44.0033019Z ##[group]Checking out the ref
end-workflow	Checkout code	2025-03-28T09:23:44.0038066Z [command]/usr/bin/git checkout --progress --force -B H220-web-de-resultados refs/remotes/origin/H220-web-de-resultados
end-workflow	Checkout code	2025-03-28T09:23:44.0194082Z Switched to a new branch 'H220-web-de-resultados'
end-workflow	Checkout code	2025-03-28T09:23:44.0208646Z branch 'H220-web-de-resultados' set up to track 'origin/H220-web-de-resultados'.
end-workflow	Checkout code	2025-03-28T09:23:44.0224313Z ##[endgroup]
end-workflow	Checkout code	2025-03-28T09:23:44.0268663Z [command]/usr/bin/git log -1 --format=%H
end-workflow	Checkout code	2025-03-28T09:23:44.0309176Z f4d231695b25691b64ee5df6ffe9db4d7625551a
end-workflow	Finaliza el workflow	ï»¿2025-03-28T09:23:44.0692491Z ##[group]Run echo "End process"
end-workflow	Finaliza el workflow	2025-03-28T09:23:44.0694219Z [36;1mecho "End process"[0m
end-workflow	Finaliza el workflow	2025-03-28T09:23:44.0696141Z [36;1mRNNUMBER=$(echo "refs/heads/H220-web-de-resultados" | grep -o '[0-9]*')[0m
end-workflow	Finaliza el workflow	2025-03-28T09:23:44.0698677Z [36;1mgh issue comment $RNNUMBER --body "Se finaliza Ka0s 14125408582"[0m
end-workflow	Finaliza el workflow	2025-03-28T09:23:44.0702048Z [36;1mgh workflow run inspector.yml --ref 'main' -f kaos-issue-id=$RNNUMBER -f kaos-workflow-id="14125408582" -f kaos-user-start=""[0m
end-workflow	Finaliza el workflow	2025-03-28T09:23:44.0721473Z shell: /usr/bin/bash -e {0}
end-workflow	Finaliza el workflow	2025-03-28T09:23:44.0722744Z env:
end-workflow	Finaliza el workflow	2025-03-28T09:23:44.0723685Z   KAOS_MODULE: [Ka0S] JSONLINT
end-workflow	Finaliza el workflow	2025-03-28T09:23:44.0725762Z   GH_TOKEN: ***
end-workflow	Finaliza el workflow	2025-03-28T09:23:44.0726950Z   KAOS_JSONLINT_CONFIG: core/config/.jsonlint.json
end-workflow	Finaliza el workflow	2025-03-28T09:23:44.0728514Z   KAOS_PATH_RESUME: core/outputs/j/
end-workflow	Finaliza el workflow	2025-03-28T09:23:44.0729938Z   KAOS_REPO: /actions-runner/_work/kaos/kaos
end-workflow	Finaliza el workflow	2025-03-28T09:23:44.0731337Z   KAOS_STEP_MODULE: 
end-workflow	Finaliza el workflow	2025-03-28T09:23:44.0732400Z   KAOS_CODE: 14125408582
end-workflow	Finaliza el workflow	2025-03-28T09:23:44.0734047Z   KAOS_REF_BRANCH: main
end-workflow	Finaliza el workflow	2025-03-28T09:23:44.0735440Z ##[endgroup]
end-workflow	Finaliza el workflow	2025-03-28T09:23:44.0826626Z End process
end-workflow	Finaliza el workflow	2025-03-28T09:23:45.5446152Z https://github.com/Ka0s-Klaus/ka0s/issues/220#issuecomment-2760680254
end-workflow	Post Checkout code	ï»¿2025-03-28T09:23:52.5367890Z Post job cleanup.
end-workflow	Post Checkout code	2025-03-28T09:23:52.7629541Z [command]/usr/bin/git version
end-workflow	Post Checkout code	2025-03-28T09:23:52.7770561Z git version 2.48.1
end-workflow	Post Checkout code	2025-03-28T09:23:52.7852118Z Copying '/home/kaos/.gitconfig' to '/actions-runner/_work/_temp/5bc0f79b-27cf-4b7b-bc41-9209e7361749/.gitconfig'
end-workflow	Post Checkout code	2025-03-28T09:23:52.7890492Z Temporarily overriding HOME='/actions-runner/_work/_temp/5bc0f79b-27cf-4b7b-bc41-9209e7361749' before making global git config changes
end-workflow	Post Checkout code	2025-03-28T09:23:52.7898036Z Adding repository directory to the temporary git global config as a safe directory
end-workflow	Post Checkout code	2025-03-28T09:23:52.7907264Z [command]/usr/bin/git config --global --add safe.directory /actions-runner/_work/ka0s/ka0s
end-workflow	Post Checkout code	2025-03-28T09:23:52.7999926Z [command]/usr/bin/git config --local --name-only --get-regexp core\.sshCommand
end-workflow	Post Checkout code	2025-03-28T09:23:52.8087913Z [command]/usr/bin/git submodule foreach --recursive sh -c "git config --local --name-only --get-regexp 'core\.sshCommand' && git config --local --unset-all 'core.sshCommand' || :"
end-workflow	Post Checkout code	2025-03-28T09:23:52.8795693Z [command]/usr/bin/git config --local --name-only --get-regexp http\.https\:\/\/github\.com\/\.extraheader
end-workflow	Post Checkout code	2025-03-28T09:23:52.8848199Z http.https://github.com/.extraheader
end-workflow	Post Checkout code	2025-03-28T09:23:52.8887898Z [command]/usr/bin/git config --local --unset-all http.https://github.com/.extraheader
end-workflow	Post Checkout code	2025-03-28T09:23:52.8946976Z [command]/usr/bin/git submodule foreach --recursive sh -c "git config --local --name-only --get-regexp 'http\.https\:\/\/github\.com\/\.extraheader' && git config --local --unset-all 'http.https://github.com/.extraheader' || :"
end-workflow	Complete job	ï»¿2025-03-28T09:23:52.9555078Z Cleaning up orphan processes
