job-core	Set up job	ï»¿2025-03-28T09:10:16.4991834Z Current runner version: '2.323.0'
job-core	Set up job	2025-03-28T09:10:16.5001895Z Runner name: 'kaos-4'
job-core	Set up job	2025-03-28T09:10:16.5003251Z Machine name: '3fe80eba0036'
job-core	Set up job	2025-03-28T09:10:16.5007751Z ##[group]GITHUB_TOKEN Permissions
job-core	Set up job	2025-03-28T09:10:16.5011001Z Actions: write
job-core	Set up job	2025-03-28T09:10:16.5011852Z Contents: write
job-core	Set up job	2025-03-28T09:10:16.5012592Z Issues: write
job-core	Set up job	2025-03-28T09:10:16.5013428Z Metadata: read
job-core	Set up job	2025-03-28T09:10:16.5014342Z PullRequests: write
job-core	Set up job	2025-03-28T09:10:16.5015090Z ##[endgroup]
job-core	Set up job	2025-03-28T09:10:16.5019762Z Secret source: Actions
job-core	Set up job	2025-03-28T09:10:16.5021058Z Prepare workflow directory
job-core	Set up job	2025-03-28T09:10:16.6155710Z Prepare all required actions
job-core	Set up job	2025-03-28T09:10:16.6235671Z Getting action download info
job-core	Set up job	2025-03-28T09:10:17.5292211Z Download action repository 'actions/checkout@v4' (SHA:11bd71901bbe5b1630ceea73d27597364c9af683)
job-core	Set up job	2025-03-28T09:10:19.9229694Z Download action repository 'actions/setup-node@v2' (SHA:7c12f8017d5436eb855f1ed4399f037a36fbd9e8)
job-core	Set up job	2025-03-28T09:10:24.2997198Z Complete job name: job-core
job-core	Checkout code	ï»¿2025-03-28T09:10:24.4027740Z ##[group]Run actions/checkout@v4
job-core	Checkout code	2025-03-28T09:10:24.4029905Z with:
job-core	Checkout code	2025-03-28T09:10:24.4030833Z   fetch-depth: 0
job-core	Checkout code	2025-03-28T09:10:24.4032223Z   token: ***
job-core	Checkout code	2025-03-28T09:10:24.4032996Z   repository: Ka0s-Klaus/ka0s
job-core	Checkout code	2025-03-28T09:10:24.4034372Z   ssh-strict: true
job-core	Checkout code	2025-03-28T09:10:24.4035292Z   ssh-user: git
job-core	Checkout code	2025-03-28T09:10:24.4036212Z   persist-credentials: true
job-core	Checkout code	2025-03-28T09:10:24.4037211Z   clean: true
job-core	Checkout code	2025-03-28T09:10:24.4077700Z   sparse-checkout-cone-mode: true
job-core	Checkout code	2025-03-28T09:10:24.4079395Z   fetch-tags: false
job-core	Checkout code	2025-03-28T09:10:24.4080606Z   show-progress: true
job-core	Checkout code	2025-03-28T09:10:24.4081676Z   lfs: false
job-core	Checkout code	2025-03-28T09:10:24.4082486Z   submodules: false
job-core	Checkout code	2025-03-28T09:10:24.4083280Z   set-safe-directory: true
job-core	Checkout code	2025-03-28T09:10:24.4085317Z env:
job-core	Checkout code	2025-03-28T09:10:24.4086162Z   KAOS_MODULE: [Ka0S] JSONLINT
job-core	Checkout code	2025-03-28T09:10:24.4087622Z   GH_TOKEN: ***
job-core	Checkout code	2025-03-28T09:10:24.4088583Z   KAOS_JSONLINT_CONFIG: core/config/.jsonlint.json
job-core	Checkout code	2025-03-28T09:10:24.4090042Z   KAOS_PATH_RESUME: core/outputs/j/
job-core	Checkout code	2025-03-28T09:10:24.4091354Z   KAOS_REPO: /actions-runner/_work/kaos/kaos
job-core	Checkout code	2025-03-28T09:10:24.4092354Z   KAOS_STEP_MODULE: 
job-core	Checkout code	2025-03-28T09:10:24.4093192Z   KAOS_CODE: 14125424012
job-core	Checkout code	2025-03-28T09:10:24.4094345Z   KAOS_REF_BRANCH: main
job-core	Checkout code	2025-03-28T09:10:24.4095221Z ##[endgroup]
job-core	Checkout code	2025-03-28T09:10:24.5890867Z Syncing repository: Ka0s-Klaus/ka0s
job-core	Checkout code	2025-03-28T09:10:24.5893112Z ##[group]Getting Git version info
job-core	Checkout code	2025-03-28T09:10:24.5893942Z Working directory is '/actions-runner/_work/ka0s/ka0s'
job-core	Checkout code	2025-03-28T09:10:24.5894851Z [command]/usr/bin/git version
job-core	Checkout code	2025-03-28T09:10:24.5899050Z git version 2.48.1
job-core	Checkout code	2025-03-28T09:10:24.5937291Z ##[endgroup]
job-core	Checkout code	2025-03-28T09:10:24.5952693Z Copying '/home/kaos/.gitconfig' to '/actions-runner/_work/_temp/0c674bd5-6ab3-47d2-93a8-f2753e69a695/.gitconfig'
job-core	Checkout code	2025-03-28T09:10:24.5969114Z Temporarily overriding HOME='/actions-runner/_work/_temp/0c674bd5-6ab3-47d2-93a8-f2753e69a695' before making global git config changes
job-core	Checkout code	2025-03-28T09:10:24.5970744Z Adding repository directory to the temporary git global config as a safe directory
job-core	Checkout code	2025-03-28T09:10:24.5976927Z [command]/usr/bin/git config --global --add safe.directory /actions-runner/_work/ka0s/ka0s
job-core	Checkout code	2025-03-28T09:10:24.6037181Z [command]/usr/bin/git config --local --get remote.origin.url
job-core	Checkout code	2025-03-28T09:10:24.6068345Z https://github.com/Ka0s-Klaus/ka0s
job-core	Checkout code	2025-03-28T09:10:24.6094546Z ##[group]Removing previously created refs, to avoid conflicts
job-core	Checkout code	2025-03-28T09:10:24.6100435Z [command]/usr/bin/git rev-parse --symbolic-full-name --verify --quiet HEAD
job-core	Checkout code	2025-03-28T09:10:24.6132720Z refs/heads/H220-web-de-resultados
job-core	Checkout code	2025-03-28T09:10:24.6147657Z [command]/usr/bin/git checkout --detach
job-core	Checkout code	2025-03-28T09:10:24.6250863Z HEAD is now at f4d2316 [Ka0S] Uploading resume execution files to the repository...
job-core	Checkout code	2025-03-28T09:10:24.6321146Z [command]/usr/bin/git branch --delete --force H220-web-de-resultados
job-core	Checkout code	2025-03-28T09:10:24.6370170Z Deleted branch H220-web-de-resultados (was f4d2316).
job-core	Checkout code	2025-03-28T09:10:24.6441611Z ##[endgroup]
job-core	Checkout code	2025-03-28T09:10:24.6448973Z [command]/usr/bin/git submodule status
job-core	Checkout code	2025-03-28T09:10:24.6851915Z ##[group]Cleaning the repository
job-core	Checkout code	2025-03-28T09:10:24.6859090Z [command]/usr/bin/git clean -ffdx
job-core	Checkout code	2025-03-28T09:10:24.6920173Z Removing core/outputs/j/jsonlint-results-14125422286.txt
job-core	Checkout code	2025-03-28T09:10:24.6941188Z [command]/usr/bin/git reset --hard HEAD
job-core	Checkout code	2025-03-28T09:10:24.7096659Z HEAD is now at f4d2316 [Ka0S] Uploading resume execution files to the repository...
job-core	Checkout code	2025-03-28T09:10:24.7112746Z ##[endgroup]
job-core	Checkout code	2025-03-28T09:10:24.7114096Z ##[group]Disabling automatic garbage collection
job-core	Checkout code	2025-03-28T09:10:24.7120605Z [command]/usr/bin/git config --local gc.auto 0
job-core	Checkout code	2025-03-28T09:10:24.7212685Z ##[endgroup]
job-core	Checkout code	2025-03-28T09:10:24.7215598Z ##[group]Setting up auth
job-core	Checkout code	2025-03-28T09:10:24.7217929Z [command]/usr/bin/git config --local --name-only --get-regexp core\.sshCommand
job-core	Checkout code	2025-03-28T09:10:24.7272533Z [command]/usr/bin/git submodule foreach --recursive sh -c "git config --local --name-only --get-regexp 'core\.sshCommand' && git config --local --unset-all 'core.sshCommand' || :"
job-core	Checkout code	2025-03-28T09:10:24.7698237Z [command]/usr/bin/git config --local --name-only --get-regexp http\.https\:\/\/github\.com\/\.extraheader
job-core	Checkout code	2025-03-28T09:10:24.7740543Z [command]/usr/bin/git submodule foreach --recursive sh -c "git config --local --name-only --get-regexp 'http\.https\:\/\/github\.com\/\.extraheader' && git config --local --unset-all 'http.https://github.com/.extraheader' || :"
job-core	Checkout code	2025-03-28T09:10:24.8130638Z [command]/usr/bin/git config --local http.https://github.com/.extraheader AUTHORIZATION: basic ***
job-core	Checkout code	2025-03-28T09:10:24.8189083Z ##[endgroup]
job-core	Checkout code	2025-03-28T09:10:24.8190464Z ##[group]Fetching the repository
job-core	Checkout code	2025-03-28T09:10:24.8202631Z [command]/usr/bin/git -c protocol.version=2 fetch --prune --no-recurse-submodules origin +refs/heads/*:refs/remotes/origin/* +refs/tags/*:refs/tags/*
job-core	Checkout code	2025-03-28T09:10:25.5785365Z [command]/usr/bin/git branch --list --remote origin/H220-web-de-resultados
job-core	Checkout code	2025-03-28T09:10:25.5821573Z   origin/H220-web-de-resultados
job-core	Checkout code	2025-03-28T09:10:25.5834992Z [command]/usr/bin/git rev-parse refs/remotes/origin/H220-web-de-resultados
job-core	Checkout code	2025-03-28T09:10:25.5867232Z f4d231695b25691b64ee5df6ffe9db4d7625551a
job-core	Checkout code	2025-03-28T09:10:25.5874417Z ##[endgroup]
job-core	Checkout code	2025-03-28T09:10:25.5875085Z ##[group]Determining the checkout info
job-core	Checkout code	2025-03-28T09:10:25.5876455Z ##[endgroup]
job-core	Checkout code	2025-03-28T09:10:25.5884953Z [command]/usr/bin/git sparse-checkout disable
job-core	Checkout code	2025-03-28T09:10:25.5967162Z [command]/usr/bin/git config --local --unset-all extensions.worktreeConfig
job-core	Checkout code	2025-03-28T09:10:25.6009701Z ##[group]Checking out the ref
job-core	Checkout code	2025-03-28T09:10:25.6016611Z [command]/usr/bin/git checkout --progress --force -B H220-web-de-resultados refs/remotes/origin/H220-web-de-resultados
job-core	Checkout code	2025-03-28T09:10:25.6123250Z Switched to a new branch 'H220-web-de-resultados'
job-core	Checkout code	2025-03-28T09:10:25.6128885Z branch 'H220-web-de-resultados' set up to track 'origin/H220-web-de-resultados'.
job-core	Checkout code	2025-03-28T09:10:25.6138453Z ##[endgroup]
job-core	Checkout code	2025-03-28T09:10:25.6194150Z [command]/usr/bin/git log -1 --format=%H
job-core	Checkout code	2025-03-28T09:10:25.6230930Z f4d231695b25691b64ee5df6ffe9db4d7625551a
job-core	Install Node.js	ï»¿2025-03-28T09:10:25.6524955Z ##[group]Run actions/setup-node@v2
job-core	Install Node.js	2025-03-28T09:10:25.6525936Z with:
job-core	Install Node.js	2025-03-28T09:10:25.6526226Z   node-version: 14
job-core	Install Node.js	2025-03-28T09:10:25.6526544Z   always-auth: false
job-core	Install Node.js	2025-03-28T09:10:25.6526991Z   check-latest: false
job-core	Install Node.js	2025-03-28T09:10:25.6527487Z   token: ***
job-core	Install Node.js	2025-03-28T09:10:25.6527764Z env:
job-core	Install Node.js	2025-03-28T09:10:25.6528045Z   KAOS_MODULE: [Ka0S] JSONLINT
job-core	Install Node.js	2025-03-28T09:10:25.6528511Z   GH_TOKEN: ***
job-core	Install Node.js	2025-03-28T09:10:25.6528856Z   KAOS_JSONLINT_CONFIG: core/config/.jsonlint.json
job-core	Install Node.js	2025-03-28T09:10:25.6529304Z   KAOS_PATH_RESUME: core/outputs/j/
job-core	Install Node.js	2025-03-28T09:10:25.6529710Z   KAOS_REPO: /actions-runner/_work/kaos/kaos
job-core	Install Node.js	2025-03-28T09:10:25.6530126Z   KAOS_STEP_MODULE: 
job-core	Install Node.js	2025-03-28T09:10:25.6530434Z   KAOS_CODE: 14125424012
job-core	Install Node.js	2025-03-28T09:10:25.6530762Z   KAOS_REF_BRANCH: main
job-core	Install Node.js	2025-03-28T09:10:25.6531078Z ##[endgroup]
job-core	Install Node.js	2025-03-28T09:10:25.8304115Z Found in cache @ /actions-runner/_work/_tool/node/14.21.3/x64
job-core	Install jsonlint	ï»¿2025-03-28T09:10:25.8508444Z ##[group]Run if ! command -v jsonlint &> /dev/null; then
job-core	Install jsonlint	2025-03-28T09:10:25.8509939Z [36;1mif ! command -v jsonlint &> /dev/null; then[0m
job-core	Install jsonlint	2025-03-28T09:10:25.8510785Z [36;1m  echo "Installing jsonlint..."[0m
job-core	Install jsonlint	2025-03-28T09:10:25.8511504Z [36;1m  npm install -g jsonlint[0m
job-core	Install jsonlint	2025-03-28T09:10:25.8512161Z [36;1melse[0m
job-core	Install jsonlint	2025-03-28T09:10:25.8512908Z [36;1m  echo "jsonlint already installed, skipping installation"[0m
job-core	Install jsonlint	2025-03-28T09:10:25.8514053Z [36;1mfi[0m
job-core	Install jsonlint	2025-03-28T09:10:25.8514747Z [36;1mmkdir -p core/outputs/j/[0m
job-core	Install jsonlint	2025-03-28T09:10:25.8539487Z shell: /usr/bin/bash -e {0}
job-core	Install jsonlint	2025-03-28T09:10:25.8539928Z env:
job-core	Install jsonlint	2025-03-28T09:10:25.8540231Z   KAOS_MODULE: [Ka0S] JSONLINT
job-core	Install jsonlint	2025-03-28T09:10:25.8540848Z   GH_TOKEN: ***
job-core	Install jsonlint	2025-03-28T09:10:25.8541209Z   KAOS_JSONLINT_CONFIG: core/config/.jsonlint.json
job-core	Install jsonlint	2025-03-28T09:10:25.8541666Z   KAOS_PATH_RESUME: core/outputs/j/
job-core	Install jsonlint	2025-03-28T09:10:25.8542080Z   KAOS_REPO: /actions-runner/_work/kaos/kaos
job-core	Install jsonlint	2025-03-28T09:10:25.8542481Z   KAOS_STEP_MODULE: 
job-core	Install jsonlint	2025-03-28T09:10:25.8542850Z   KAOS_CODE: 14125424012
job-core	Install jsonlint	2025-03-28T09:10:25.8543179Z   KAOS_REF_BRANCH: main
job-core	Install jsonlint	2025-03-28T09:10:25.8543506Z ##[endgroup]
job-core	Install jsonlint	2025-03-28T09:10:25.8626278Z jsonlint already installed, skipping installation
job-core	Check JSON	ï»¿2025-03-28T09:10:25.8690437Z ##[group]Run # Invocamos la primera comprobaciÃ³n de base, sino se supera el proceso no continua
job-core	Check JSON	2025-03-28T09:10:25.8691480Z [36;1m# Invocamos la primera comprobaciÃ³n de base, sino se supera el proceso no continua[0m
job-core	Check JSON	2025-03-28T09:10:25.8692126Z [36;1m# Extraemos el nombre del fichero[0m
job-core	Check JSON	2025-03-28T09:10:25.8692624Z [36;1mfile_name=$(basename "core/outputs/i/13242166440.json")[0m
job-core	Check JSON	2025-03-28T09:10:25.8693158Z [36;1m# Generamos el fichero de resultados vacio[0m
job-core	Check JSON	2025-03-28T09:10:25.8693698Z [36;1mtouch core/outputs/j/jsonlint-results-14125424012.txt[0m
job-core	Check JSON	2025-03-28T09:10:25.8694741Z [36;1m# Realizamos el check del documento json [0m
job-core	Check JSON	2025-03-28T09:10:25.8695638Z [36;1mjsonlint core/outputs/i/13242166440.json > core/outputs/j/jsonlint-results-14125424012.txt[0m
job-core	Check JSON	2025-03-28T09:10:25.8697654Z [36;1m# esto es un workarround importante que hay que retirar[0m
job-core	Check JSON	2025-03-28T09:10:25.8699305Z [36;1m#rm -rf core/outputs/j/jsonlint-results-14125424012.txt[0m
job-core	Check JSON	2025-03-28T09:10:25.8700350Z [36;1m# a retirar[0m
job-core	Check JSON	2025-03-28T09:10:25.8700757Z [36;1m# Check if exist errors in file[0m
job-core	Check JSON	2025-03-28T09:10:25.8701177Z [36;1mecho "Mostramos fichero"[0m
job-core	Check JSON	2025-03-28T09:10:25.8701836Z [36;1mcat core/outputs/j/jsonlint-results-14125424012.txt[0m
job-core	Check JSON	2025-03-28T09:10:25.8702473Z [36;1mif [ ! -s core/outputs/j/jsonlint-results-14125424012.txt ]; then[0m
job-core	Check JSON	2025-03-28T09:10:25.8703295Z [36;1m  echo "File core/outputs/j/jsonlint-results-14125424012.txt is empty and is content correct"[0m
job-core	Check JSON	2025-03-28T09:10:25.8705127Z [36;1m  KAOS_ISSUE_BODY="The [Ka0S] JSONLINT process (14125357755) launch the check (14125424012) over file (core/outputs/i/13242166440.json) and its result has been SUCCESS. Please review all files implicated in pull request and approve to merge"[0m
job-core	Check JSON	2025-03-28T09:10:25.8706612Z [36;1m  # AÃ±adimos la versiÃ³n de jsonlint con la que se realiza la comprobacion[0m
job-core	Check JSON	2025-03-28T09:10:25.8707342Z [36;1m  jsonlint --version >> core/outputs/j/jsonlint-results-14125424012.txt[0m
job-core	Check JSON	2025-03-28T09:10:25.8708000Z [36;1m  # aÃ±adimos el nombre del fichero que vamos a comprobar[0m
job-core	Check JSON	2025-03-28T09:10:25.8708944Z [36;1m  echo "Finding: core/outputs/i/13242166440.json" >> core/outputs/j/jsonlint-results-14125424012.txt[0m
job-core	Check JSON	2025-03-28T09:10:25.8710548Z [36;1m  # gh workflow run issue.yaml --ref main -f kaos-issue-title="" -f kaos-issue-body="$KAOS_ISSUE_BODY" -f kaos-issue-actions=comment -f kaos-issue-tag="" -f kaos-issue-id=220[0m
job-core	Check JSON	2025-03-28T09:10:25.8711734Z [36;1m  gh issue comment  220 -F core/outputs/j/jsonlint-results-14125424012.txt[0m
job-core	Check JSON	2025-03-28T09:10:25.8712301Z [36;1melse[0m
job-core	Check JSON	2025-03-28T09:10:25.8712694Z [36;1m  cat core/outputs/j/jsonlint-results-14125424012.txt[0m
job-core	Check JSON	2025-03-28T09:10:25.8713741Z [36;1m  echo "File core/outputs/j/jsonlint-results-14125424012.txt is not empty and is content not correct and write commit info"[0m
job-core	Check JSON	2025-03-28T09:10:25.8715591Z [36;1m  KAOS_ISSUE_BODY="The [Ka0S] JSONLINT process (14125357755) launch the check (14125424012) over file (core/outputs/i/13242166440.json) and its result has been FAILED, please check and solved it"[0m
job-core	Check JSON	2025-03-28T09:10:25.8717142Z [36;1m  # AÃ±adimos la versiÃ³n de jsonlint con la que se realiza la comprobacion[0m
job-core	Check JSON	2025-03-28T09:10:25.8718007Z [36;1m  # jsonlint --version || true >> core/outputs/j/jsonlint-results-14125424012.txt[0m
job-core	Check JSON	2025-03-28T09:10:25.8718672Z [36;1m  # aÃ±adimos el nombre del fichero que vamos a comprobar[0m
job-core	Check JSON	2025-03-28T09:10:25.8719430Z [36;1m  echo "Finding: core/outputs/i/13242166440.json" >> core/outputs/j/jsonlint-results-14125424012.txt[0m
job-core	Check JSON	2025-03-28T09:10:25.8720692Z [36;1m  # gh workflow run issue.yaml --ref main -f kaos-issue-title="" -f kaos-issue-body="$KAOS_ISSUE_BODY" -f kaos-issue-actions=comment -f kaos-issue-tag="" -f kaos-issue-id=220 [0m
job-core	Check JSON	2025-03-28T09:10:25.8721825Z [36;1m  gh issue comment  220 -F core/outputs/j/jsonlint-results-14125424012.txt[0m
job-core	Check JSON	2025-03-28T09:10:25.8722367Z [36;1mfi[0m
job-core	Check JSON	2025-03-28T09:10:25.8732984Z shell: /usr/bin/bash -e {0}
job-core	Check JSON	2025-03-28T09:10:25.8733361Z env:
job-core	Check JSON	2025-03-28T09:10:25.8733654Z   KAOS_MODULE: [Ka0S] JSONLINT
job-core	Check JSON	2025-03-28T09:10:25.8735169Z   GH_TOKEN: ***
job-core	Check JSON	2025-03-28T09:10:25.8735526Z   KAOS_JSONLINT_CONFIG: core/config/.jsonlint.json
job-core	Check JSON	2025-03-28T09:10:25.8735981Z   KAOS_PATH_RESUME: core/outputs/j/
job-core	Check JSON	2025-03-28T09:10:25.8736390Z   KAOS_REPO: /actions-runner/_work/kaos/kaos
job-core	Check JSON	2025-03-28T09:10:25.8827953Z   KAOS_STEP_MODULE: 
job-core	Check JSON	2025-03-28T09:10:25.8828566Z   KAOS_CODE: 14125424012
job-core	Check JSON	2025-03-28T09:10:25.8828974Z   KAOS_REF_BRANCH: main
job-core	Check JSON	2025-03-28T09:10:25.8829381Z ##[endgroup]
job-core	Check JSON	2025-03-28T09:10:26.0433339Z Mostramos fichero
job-core	Check JSON	2025-03-28T09:10:26.0442805Z {
job-core	Check JSON	2025-03-28T09:10:26.0443604Z   "attempt": 1,
job-core	Check JSON	2025-03-28T09:10:26.0444412Z   "conclusion": "success",
job-core	Check JSON	2025-03-28T09:10:26.0445444Z   "createdAt": "2025-02-10T13:37:51Z",
job-core	Check JSON	2025-03-28T09:10:26.0446185Z   "databaseId": 13242166440,
job-core	Check JSON	2025-03-28T09:10:26.0447322Z   "displayTitle": "[Ka0S] Uploading resume execution files to the repository...",
job-core	Check JSON	2025-03-28T09:10:26.0448644Z   "event": "push",
job-core	Check JSON	2025-03-28T09:10:26.0449199Z   "headBranch": "main",
job-core	Check JSON	2025-03-28T09:10:26.0450165Z   "headSha": "c9263d57a1d9dd410cde4406ae133ad549324c59",
job-core	Check JSON	2025-03-28T09:10:26.0450995Z   "jobs": [
job-core	Check JSON	2025-03-28T09:10:26.0451613Z     {
job-core	Check JSON	2025-03-28T09:10:26.0452298Z       "completedAt": "2025-02-10T13:38:05Z",
job-core	Check JSON	2025-03-28T09:10:26.0453330Z       "conclusion": "success",
job-core	Check JSON	2025-03-28T09:10:26.0454662Z       "databaseId": 36959792384,
job-core	Check JSON	2025-03-28T09:10:26.0455641Z       "name": "job-core",
job-core	Check JSON	2025-03-28T09:10:26.0465907Z       "startedAt": "2025-02-10T13:37:57Z",
job-core	Check JSON	2025-03-28T09:10:26.0466493Z       "status": "completed",
job-core	Check JSON	2025-03-28T09:10:26.0466875Z       "steps": [
job-core	Check JSON	2025-03-28T09:10:26.0467186Z         {
job-core	Check JSON	2025-03-28T09:10:26.0467594Z           "completedAt": "2025-02-10T13:37:58Z",
job-core	Check JSON	2025-03-28T09:10:26.0468086Z           "conclusion": "success",
job-core	Check JSON	2025-03-28T09:10:26.0468526Z           "name": "Set up job",
job-core	Check JSON	2025-03-28T09:10:26.0468902Z           "number": 1,
job-core	Check JSON	2025-03-28T09:10:26.0469344Z           "startedAt": "2025-02-10T13:37:56Z",
job-core	Check JSON	2025-03-28T09:10:26.0469813Z           "status": "completed"
job-core	Check JSON	2025-03-28T09:10:26.0470186Z         },
job-core	Check JSON	2025-03-28T09:10:26.0470566Z         {
job-core	Check JSON	2025-03-28T09:10:26.0470947Z           "completedAt": "2025-02-10T13:37:59Z",
job-core	Check JSON	2025-03-28T09:10:26.0471422Z           "conclusion": "success",
job-core	Check JSON	2025-03-28T09:10:26.0471878Z           "name": "Checkout code",
job-core	Check JSON	2025-03-28T09:10:26.0472274Z           "number": 2,
job-core	Check JSON	2025-03-28T09:10:26.0472695Z           "startedAt": "2025-02-10T13:37:58Z",
job-core	Check JSON	2025-03-28T09:10:26.0473161Z           "status": "completed"
job-core	Check JSON	2025-03-28T09:10:26.0473539Z         },
job-core	Check JSON	2025-03-28T09:10:26.0474115Z         {
job-core	Check JSON	2025-03-28T09:10:26.0474522Z           "completedAt": "2025-02-10T13:37:59Z",
job-core	Check JSON	2025-03-28T09:10:26.0475007Z           "conclusion": "success",
job-core	Check JSON	2025-03-28T09:10:26.0475492Z           "name": "Validate file extensions",
job-core	Check JSON	2025-03-28T09:10:26.0475919Z           "number": 3,
job-core	Check JSON	2025-03-28T09:10:26.0476337Z           "startedAt": "2025-02-10T13:37:59Z",
job-core	Check JSON	2025-03-28T09:10:26.0477167Z           "status": "completed"
job-core	Check JSON	2025-03-28T09:10:26.0477531Z         },
job-core	Check JSON	2025-03-28T09:10:26.0477812Z         {
job-core	Check JSON	2025-03-28T09:10:26.0478208Z           "completedAt": "2025-02-10T13:37:59Z",
job-core	Check JSON	2025-03-28T09:10:26.0478691Z           "conclusion": "success",
job-core	Check JSON	2025-03-28T09:10:26.0479128Z           "name": "Crear JSON",
job-core	Check JSON	2025-03-28T09:10:26.0479500Z           "number": 4,
job-core	Check JSON	2025-03-28T09:10:26.0479911Z           "startedAt": "2025-02-10T13:37:59Z",
job-core	Check JSON	2025-03-28T09:10:26.0480370Z           "status": "completed"
job-core	Check JSON	2025-03-28T09:10:26.0480741Z         },
job-core	Check JSON	2025-03-28T09:10:26.0481040Z         {
job-core	Check JSON	2025-03-28T09:10:26.0481411Z           "completedAt": "2025-02-10T13:37:59Z",
job-core	Check JSON	2025-03-28T09:10:26.0481897Z           "conclusion": "success",
job-core	Check JSON	2025-03-28T09:10:26.0482301Z           "name": "Ver JSON",
job-core	Check JSON	2025-03-28T09:10:26.0482677Z           "number": 5,
job-core	Check JSON	2025-03-28T09:10:26.0483086Z           "startedAt": "2025-02-10T13:37:59Z",
job-core	Check JSON	2025-03-28T09:10:26.0483551Z           "status": "completed"
job-core	Check JSON	2025-03-28T09:10:26.0484177Z         },
job-core	Check JSON	2025-03-28T09:10:26.0484484Z         {
job-core	Check JSON	2025-03-28T09:10:26.0484860Z           "completedAt": "2025-02-10T13:37:59Z",
job-core	Check JSON	2025-03-28T09:10:26.0485332Z           "conclusion": "success",
job-core	Check JSON	2025-03-28T09:10:26.0500527Z           "name": "Run # Nuevo proceso de activacion de los modulos",
job-core	Check JSON	2025-03-28T09:10:26.0502129Z           "number": 6,
job-core	Check JSON	2025-03-28T09:10:26.0503486Z           "startedAt": "2025-02-10T13:37:59Z",
job-core	Check JSON	2025-03-28T09:10:26.0505122Z           "status": "completed"
job-core	Check JSON	2025-03-28T09:10:26.0506355Z         },
job-core	Check JSON	2025-03-28T09:10:26.0507371Z         {
job-core	Check JSON	2025-03-28T09:10:26.0508635Z           "completedAt": "2025-02-10T13:38:05Z",
job-core	Check JSON	2025-03-28T09:10:26.0510180Z           "conclusion": "success",
job-core	Check JSON	2025-03-28T09:10:26.0511643Z           "name": "Post Checkout code",
job-core	Check JSON	2025-03-28T09:10:26.0512946Z           "number": 12,
job-core	Check JSON	2025-03-28T09:10:26.0514426Z           "startedAt": "2025-02-10T13:38:05Z",
job-core	Check JSON	2025-03-28T09:10:26.0515933Z           "status": "completed"
job-core	Check JSON	2025-03-28T09:10:26.0517154Z         },
job-core	Check JSON	2025-03-28T09:10:26.0518193Z         {
job-core	Check JSON	2025-03-28T09:10:26.0519555Z           "completedAt": "2025-02-10T13:37:59Z",
job-core	Check JSON	2025-03-28T09:10:26.0521106Z           "conclusion": "success",
job-core	Check JSON	2025-03-28T09:10:26.0522567Z           "name": "Complete job",
job-core	Check JSON	2025-03-28T09:10:26.0523922Z           "number": 13,
job-core	Check JSON	2025-03-28T09:10:26.0525336Z           "startedAt": "2025-02-10T13:37:59Z",
job-core	Check JSON	2025-03-28T09:10:26.0526830Z           "status": "completed"
job-core	Check JSON	2025-03-28T09:10:26.0528062Z         }
job-core	Check JSON	2025-03-28T09:10:26.0529109Z       ],
job-core	Check JSON	2025-03-28T09:10:26.0531030Z       "url": "https://github.com/Ka0s-Klaus/ka0s/actions/runs/13242166440/job/36959792384"
job-core	Check JSON	2025-03-28T09:10:26.0532761Z     },
job-core	Check JSON	2025-03-28T09:10:26.0533849Z     {
job-core	Check JSON	2025-03-28T09:10:26.0535125Z       "completedAt": "2025-02-10T13:38:24Z",
job-core	Check JSON	2025-03-28T09:10:26.0536234Z       "conclusion": "success",
job-core	Check JSON	2025-03-28T09:10:26.0536674Z       "databaseId": 36959806715,
job-core	Check JSON	2025-03-28T09:10:26.0537107Z       "name": "handle-success",
job-core	Check JSON	2025-03-28T09:10:26.0537561Z       "startedAt": "2025-02-10T13:38:20Z",
job-core	Check JSON	2025-03-28T09:10:26.0538013Z       "status": "completed",
job-core	Check JSON	2025-03-28T09:10:26.0538391Z       "steps": [
job-core	Check JSON	2025-03-28T09:10:26.0538731Z         {
job-core	Check JSON	2025-03-28T09:10:26.0539118Z           "completedAt": "2025-02-10T13:38:19Z",
job-core	Check JSON	2025-03-28T09:10:26.0539609Z           "conclusion": "success",
job-core	Check JSON	2025-03-28T09:10:26.0540053Z           "name": "Set up job",
job-core	Check JSON	2025-03-28T09:10:26.0540435Z           "number": 1,
job-core	Check JSON	2025-03-28T09:10:26.0540857Z           "startedAt": "2025-02-10T13:38:19Z",
job-core	Check JSON	2025-03-28T09:10:26.0541317Z           "status": "completed"
job-core	Check JSON	2025-03-28T09:10:26.0541682Z         },
job-core	Check JSON	2025-03-28T09:10:26.0541969Z         {
job-core	Check JSON	2025-03-28T09:10:26.0542352Z           "completedAt": "2025-02-10T13:38:19Z",
job-core	Check JSON	2025-03-28T09:10:26.0542838Z           "conclusion": "success",
job-core	Check JSON	2025-03-28T09:10:26.0544098Z           "name": "handle-success-execution",
job-core	Check JSON	2025-03-28T09:10:26.0544550Z           "number": 2,
job-core	Check JSON	2025-03-28T09:10:26.0544976Z           "startedAt": "2025-02-10T13:38:19Z",
job-core	Check JSON	2025-03-28T09:10:26.0545441Z           "status": "completed"
job-core	Check JSON	2025-03-28T09:10:26.0545813Z         },
job-core	Check JSON	2025-03-28T09:10:26.0546494Z         {
job-core	Check JSON	2025-03-28T09:10:26.0546889Z           "completedAt": "2025-02-10T13:38:20Z",
job-core	Check JSON	2025-03-28T09:10:26.0547416Z           "conclusion": "success",
job-core	Check JSON	2025-03-28T09:10:26.0547855Z           "name": "Complete job",
job-core	Check JSON	2025-03-28T09:10:26.0548245Z           "number": 3,
job-core	Check JSON	2025-03-28T09:10:26.0548667Z           "startedAt": "2025-02-10T13:38:19Z",
job-core	Check JSON	2025-03-28T09:10:26.0549127Z           "status": "completed"
job-core	Check JSON	2025-03-28T09:10:26.0549487Z         }
job-core	Check JSON	2025-03-28T09:10:26.0549770Z       ],
job-core	Check JSON	2025-03-28T09:10:26.0550390Z       "url": "https://github.com/Ka0s-Klaus/ka0s/actions/runs/13242166440/job/36959806715"
job-core	Check JSON	2025-03-28T09:10:26.0550987Z     },
job-core	Check JSON	2025-03-28T09:10:26.0551266Z     {
job-core	Check JSON	2025-03-28T09:10:26.0551638Z       "completedAt": "2025-02-10T13:38:24Z",
job-core	Check JSON	2025-03-28T09:10:26.0552106Z       "conclusion": "skipped",
job-core	Check JSON	2025-03-28T09:10:26.0552537Z       "databaseId": 36959823724,
job-core	Check JSON	2025-03-28T09:10:26.0552966Z       "name": "handle_failure",
job-core	Check JSON	2025-03-28T09:10:26.0553406Z       "startedAt": "2025-02-10T13:38:24Z",
job-core	Check JSON	2025-03-28T09:10:26.0554254Z       "status": "completed",
job-core	Check JSON	2025-03-28T09:10:26.0555500Z       "steps": [],
job-core	Check JSON	2025-03-28T09:10:26.0556926Z       "url": "https://github.com/Ka0s-Klaus/ka0s/actions/runs/13242166440/job/36959823724"
job-core	Check JSON	2025-03-28T09:10:26.0557537Z     },
job-core	Check JSON	2025-03-28T09:10:26.0557816Z     {
job-core	Check JSON	2025-03-28T09:10:26.0558194Z       "completedAt": "2025-02-10T13:38:37Z",
job-core	Check JSON	2025-03-28T09:10:26.0558667Z       "conclusion": "success",
job-core	Check JSON	2025-03-28T09:10:26.0559092Z       "databaseId": 36959824123,
job-core	Check JSON	2025-03-28T09:10:26.0559500Z       "name": "end-workflow",
job-core	Check JSON	2025-03-28T09:10:26.0559945Z       "startedAt": "2025-02-10T13:38:30Z",
job-core	Check JSON	2025-03-28T09:10:26.0560378Z       "status": "completed",
job-core	Check JSON	2025-03-28T09:10:26.0560743Z       "steps": [
job-core	Check JSON	2025-03-28T09:10:26.0561058Z         {
job-core	Check JSON	2025-03-28T09:10:26.0561449Z           "completedAt": "2025-02-10T13:38:30Z",
job-core	Check JSON	2025-03-28T09:10:26.0561931Z           "conclusion": "success",
job-core	Check JSON	2025-03-28T09:10:26.0562371Z           "name": "Set up job",
job-core	Check JSON	2025-03-28T09:10:26.0562754Z           "number": 1,
job-core	Check JSON	2025-03-28T09:10:26.0563177Z           "startedAt": "2025-02-10T13:38:29Z",
job-core	Check JSON	2025-03-28T09:10:26.0563646Z           "status": "completed"
job-core	Check JSON	2025-03-28T09:10:26.0564144Z         },
job-core	Check JSON	2025-03-28T09:10:26.0564437Z         {
job-core	Check JSON	2025-03-28T09:10:26.0564826Z           "completedAt": "2025-02-10T13:38:32Z",
job-core	Check JSON	2025-03-28T09:10:26.0565309Z           "conclusion": "success",
job-core	Check JSON	2025-03-28T09:10:26.0565758Z           "name": "Checkout code",
job-core	Check JSON	2025-03-28T09:10:26.0566148Z           "number": 2,
job-core	Check JSON	2025-03-28T09:10:26.0566571Z           "startedAt": "2025-02-10T13:38:30Z",
job-core	Check JSON	2025-03-28T09:10:26.0567040Z           "status": "completed"
job-core	Check JSON	2025-03-28T09:10:26.0567399Z         },
job-core	Check JSON	2025-03-28T09:10:26.0567692Z         {
job-core	Check JSON	2025-03-28T09:10:26.0568077Z           "completedAt": "2025-02-10T13:38:32Z",
job-core	Check JSON	2025-03-28T09:10:26.0568560Z           "conclusion": "success",
job-core	Check JSON	2025-03-28T09:10:26.0569022Z           "name": "Finaliza el workflow",
job-core	Check JSON	2025-03-28T09:10:26.0569468Z           "number": 3,
job-core	Check JSON	2025-03-28T09:10:26.0570132Z           "startedAt": "2025-02-10T13:38:32Z",
job-core	Check JSON	2025-03-28T09:10:26.0570642Z           "status": "completed"
job-core	Check JSON	2025-03-28T09:10:26.0571192Z         },
job-core	Check JSON	2025-03-28T09:10:26.0572157Z         {
job-core	Check JSON	2025-03-28T09:10:26.0573450Z           "completedAt": "2025-02-10T13:38:32Z",
job-core	Check JSON	2025-03-28T09:10:26.0574223Z           "conclusion": "success",
job-core	Check JSON	2025-03-28T09:10:26.0574696Z           "name": "Post Checkout code",
job-core	Check JSON	2025-03-28T09:10:26.0575111Z           "number": 6,
job-core	Check JSON	2025-03-28T09:10:26.0575532Z           "startedAt": "2025-02-10T13:38:32Z",
job-core	Check JSON	2025-03-28T09:10:26.0575998Z           "status": "completed"
job-core	Check JSON	2025-03-28T09:10:26.0576364Z         },
job-core	Check JSON	2025-03-28T09:10:26.0576648Z         {
job-core	Check JSON	2025-03-28T09:10:26.0577032Z           "completedAt": "2025-02-10T13:38:32Z",
job-core	Check JSON	2025-03-28T09:10:26.0577514Z           "conclusion": "success",
job-core	Check JSON	2025-03-28T09:10:26.0577954Z           "name": "Complete job",
job-core	Check JSON	2025-03-28T09:10:26.0578346Z           "number": 7,
job-core	Check JSON	2025-03-28T09:10:26.0578765Z           "startedAt": "2025-02-10T13:38:32Z",
job-core	Check JSON	2025-03-28T09:10:26.0579226Z           "status": "completed"
job-core	Check JSON	2025-03-28T09:10:26.0579922Z         }
job-core	Check JSON	2025-03-28T09:10:26.0580207Z       ],
job-core	Check JSON	2025-03-28T09:10:26.0580843Z       "url": "https://github.com/Ka0s-Klaus/ka0s/actions/runs/13242166440/job/36959824123"
job-core	Check JSON	2025-03-28T09:10:26.0581495Z     }
job-core	Check JSON	2025-03-28T09:10:26.0588402Z   ],
job-core	Check JSON	2025-03-28T09:10:26.0588884Z   "name": "Ka0s",
job-core	Check JSON	2025-03-28T09:10:26.0589219Z   "number": 172,
job-core	Check JSON	2025-03-28T09:10:26.0589634Z   "startedAt": "2025-02-10T13:37:51Z",
job-core	Check JSON	2025-03-28T09:10:26.0590067Z   "status": "completed",
job-core	Check JSON	2025-03-28T09:10:26.0590495Z   "updatedAt": "2025-02-10T13:38:38Z",
job-core	Check JSON	2025-03-28T09:10:26.0591135Z   "url": "https://github.com/Ka0s-Klaus/ka0s/actions/runs/13242166440",
job-core	Check JSON	2025-03-28T09:10:26.0592066Z   "workflowDatabaseId": 142022472,
job-core	Check JSON	2025-03-28T09:10:26.0593184Z   "workflowName": "Ka0s"
job-core	Check JSON	2025-03-28T09:10:26.0594470Z }
job-core	Check JSON	2025-03-28T09:10:26.0595376Z {
job-core	Check JSON	2025-03-28T09:10:26.0595869Z   "attempt": 1,
job-core	Check JSON	2025-03-28T09:10:26.0596638Z   "conclusion": "success",
job-core	Check JSON	2025-03-28T09:10:26.0597724Z   "createdAt": "2025-02-10T13:37:51Z",
job-core	Check JSON	2025-03-28T09:10:26.0598650Z   "databaseId": 13242166440,
job-core	Check JSON	2025-03-28T09:10:26.0600065Z   "displayTitle": "[Ka0S] Uploading resume execution files to the repository...",
job-core	Check JSON	2025-03-28T09:10:26.0601809Z   "event": "push",
job-core	Check JSON	2025-03-28T09:10:26.0602598Z   "headBranch": "main",
job-core	Check JSON	2025-03-28T09:10:26.0603630Z   "headSha": "c9263d57a1d9dd410cde4406ae133ad549324c59",
job-core	Check JSON	2025-03-28T09:10:26.0604757Z   "jobs": [
job-core	Check JSON	2025-03-28T09:10:26.0605058Z     {
job-core	Check JSON	2025-03-28T09:10:26.0605446Z       "completedAt": "2025-02-10T13:38:05Z",
job-core	Check JSON	2025-03-28T09:10:26.0605923Z       "conclusion": "success",
job-core	Check JSON	2025-03-28T09:10:26.0606356Z       "databaseId": 36959792384,
job-core	Check JSON	2025-03-28T09:10:26.0606748Z       "name": "job-core",
job-core	Check JSON	2025-03-28T09:10:26.0607172Z       "startedAt": "2025-02-10T13:37:57Z",
job-core	Check JSON	2025-03-28T09:10:26.0607614Z       "status": "completed",
job-core	Check JSON	2025-03-28T09:10:26.0607984Z       "steps": [
job-core	Check JSON	2025-03-28T09:10:26.0608293Z         {
job-core	Check JSON	2025-03-28T09:10:26.0608685Z           "completedAt": "2025-02-10T13:37:58Z",
job-core	Check JSON	2025-03-28T09:10:26.0609171Z           "conclusion": "success",
job-core	Check JSON	2025-03-28T09:10:26.0609935Z           "name": "Set up job",
job-core	Check JSON	2025-03-28T09:10:26.0610603Z           "number": 1,
job-core	Check JSON	2025-03-28T09:10:26.0611337Z           "startedAt": "2025-02-10T13:37:56Z",
job-core	Check JSON	2025-03-28T09:10:26.0612405Z           "status": "completed"
job-core	Check JSON	2025-03-28T09:10:26.0613085Z         },
job-core	Check JSON	2025-03-28T09:10:26.0613604Z         {
job-core	Check JSON	2025-03-28T09:10:26.0614435Z           "completedAt": "2025-02-10T13:37:59Z",
job-core	Check JSON	2025-03-28T09:10:26.0615351Z           "conclusion": "success",
job-core	Check JSON	2025-03-28T09:10:26.0616184Z           "name": "Checkout code",
job-core	Check JSON	2025-03-28T09:10:26.0616896Z           "number": 2,
job-core	Check JSON	2025-03-28T09:10:26.0617660Z           "startedAt": "2025-02-10T13:37:58Z",
job-core	Check JSON	2025-03-28T09:10:26.0618528Z           "status": "completed"
job-core	Check JSON	2025-03-28T09:10:26.0619270Z         },
job-core	Check JSON	2025-03-28T09:10:26.0619783Z         {
job-core	Check JSON	2025-03-28T09:10:26.0620470Z           "completedAt": "2025-02-10T13:37:59Z",
job-core	Check JSON	2025-03-28T09:10:26.0621358Z           "conclusion": "success",
job-core	Check JSON	2025-03-28T09:10:26.0622377Z           "name": "Validate file extensions",
job-core	Check JSON	2025-03-28T09:10:26.0623308Z           "number": 3,
job-core	Check JSON	2025-03-28T09:10:26.0624263Z           "startedAt": "2025-02-10T13:37:59Z",
job-core	Check JSON	2025-03-28T09:10:26.0625119Z           "status": "completed"
job-core	Check JSON	2025-03-28T09:10:26.0625764Z         },
job-core	Check JSON	2025-03-28T09:10:26.0626272Z         {
job-core	Check JSON	2025-03-28T09:10:26.0626943Z           "completedAt": "2025-02-10T13:37:59Z",
job-core	Check JSON	2025-03-28T09:10:26.0627822Z           "conclusion": "success",
job-core	Check JSON	2025-03-28T09:10:26.0628624Z           "name": "Crear JSON",
job-core	Check JSON	2025-03-28T09:10:26.0629290Z           "number": 4,
job-core	Check JSON	2025-03-28T09:10:26.0630017Z           "startedAt": "2025-02-10T13:37:59Z",
job-core	Check JSON	2025-03-28T09:10:26.0630854Z           "status": "completed"
job-core	Check JSON	2025-03-28T09:10:26.0631513Z         },
job-core	Check JSON	2025-03-28T09:10:26.0632009Z         {
job-core	Check JSON	2025-03-28T09:10:26.0632657Z           "completedAt": "2025-02-10T13:37:59Z",
job-core	Check JSON	2025-03-28T09:10:26.0633516Z           "conclusion": "success",
job-core	Check JSON	2025-03-28T09:10:26.0634647Z           "name": "Ver JSON",
job-core	Check JSON	2025-03-28T09:10:26.0635662Z           "number": 5,
job-core	Check JSON	2025-03-28T09:10:26.0636527Z           "startedAt": "2025-02-10T13:37:59Z",
job-core	Check JSON	2025-03-28T09:10:26.0637744Z           "status": "completed"
job-core	Check JSON	2025-03-28T09:10:26.0638387Z         },
job-core	Check JSON	2025-03-28T09:10:26.0638897Z         {
job-core	Check JSON	2025-03-28T09:10:26.0639574Z           "completedAt": "2025-02-10T13:37:59Z",
job-core	Check JSON	2025-03-28T09:10:26.0640494Z           "conclusion": "success",
job-core	Check JSON	2025-03-28T09:10:26.0649820Z           "name": "Run # Nuevo proceso de activacion de los modulos",
job-core	Check JSON	2025-03-28T09:10:26.0651255Z           "number": 6,
job-core	Check JSON	2025-03-28T09:10:26.0652017Z           "startedAt": "2025-02-10T13:37:59Z",
job-core	Check JSON	2025-03-28T09:10:26.0652867Z           "status": "completed"
job-core	Check JSON	2025-03-28T09:10:26.0653514Z         },
job-core	Check JSON	2025-03-28T09:10:26.0654396Z         {
job-core	Check JSON	2025-03-28T09:10:26.0655236Z           "completedAt": "2025-02-10T13:38:05Z",
job-core	Check JSON	2025-03-28T09:10:26.0656119Z           "conclusion": "success",
job-core	Check JSON	2025-03-28T09:10:26.0656937Z           "name": "Post Checkout code",
job-core	Check JSON	2025-03-28T09:10:26.0657718Z           "number": 12,
job-core	Check JSON	2025-03-28T09:10:26.0658464Z           "startedAt": "2025-02-10T13:38:05Z",
job-core	Check JSON	2025-03-28T09:10:26.0659319Z           "status": "completed"
job-core	Check JSON	2025-03-28T09:10:26.0659991Z         },
job-core	Check JSON	2025-03-28T09:10:26.0660493Z         {
job-core	Check JSON	2025-03-28T09:10:26.0661489Z           "completedAt": "2025-02-10T13:37:59Z",
job-core	Check JSON	2025-03-28T09:10:26.0662530Z           "conclusion": "success",
job-core	Check JSON	2025-03-28T09:10:26.0663624Z           "name": "Complete job",
job-core	Check JSON	2025-03-28T09:10:26.0664544Z           "number": 13,
job-core	Check JSON	2025-03-28T09:10:26.0665277Z           "startedAt": "2025-02-10T13:37:59Z",
job-core	Check JSON	2025-03-28T09:10:26.0666104Z           "status": "completed"
job-core	Check JSON	2025-03-28T09:10:26.0666761Z         }
job-core	Check JSON	2025-03-28T09:10:26.0667260Z       ],
job-core	Check JSON	2025-03-28T09:10:26.0668378Z       "url": "https://github.com/Ka0s-Klaus/ka0s/actions/runs/13242166440/job/36959792384"
job-core	Check JSON	2025-03-28T09:10:26.0669497Z     },
job-core	Check JSON	2025-03-28T09:10:26.0669997Z     {
job-core	Check JSON	2025-03-28T09:10:26.0670636Z       "completedAt": "2025-02-10T13:38:24Z",
job-core	Check JSON	2025-03-28T09:10:26.0671476Z       "conclusion": "success",
job-core	Check JSON	2025-03-28T09:10:26.0672224Z       "databaseId": 36959806715,
job-core	Check JSON	2025-03-28T09:10:26.0673000Z       "name": "handle-success",
job-core	Check JSON	2025-03-28T09:10:26.0674028Z       "startedAt": "2025-02-10T13:38:20Z",
job-core	Check JSON	2025-03-28T09:10:26.0674934Z       "status": "completed",
job-core	Check JSON	2025-03-28T09:10:26.0675603Z       "steps": [
job-core	Check JSON	2025-03-28T09:10:26.0676133Z         {
job-core	Check JSON	2025-03-28T09:10:26.0676796Z           "completedAt": "2025-02-10T13:38:19Z",
job-core	Check JSON	2025-03-28T09:10:26.0677644Z           "conclusion": "success",
job-core	Check JSON	2025-03-28T09:10:26.0678417Z           "name": "Set up job",
job-core	Check JSON	2025-03-28T09:10:26.0679082Z           "number": 1,
job-core	Check JSON	2025-03-28T09:10:26.0679811Z           "startedAt": "2025-02-10T13:38:19Z",
job-core	Check JSON	2025-03-28T09:10:26.0680643Z           "status": "completed"
job-core	Check JSON	2025-03-28T09:10:26.0681278Z         },
job-core	Check JSON	2025-03-28T09:10:26.0681769Z         {
job-core	Check JSON	2025-03-28T09:10:26.0682414Z           "completedAt": "2025-02-10T13:38:19Z",
job-core	Check JSON	2025-03-28T09:10:26.0683250Z           "conclusion": "success",
job-core	Check JSON	2025-03-28T09:10:26.0684803Z           "name": "handle-success-execution",
job-core	Check JSON	2025-03-28T09:10:26.0685597Z           "number": 2,
job-core	Check JSON	2025-03-28T09:10:26.0686333Z           "startedAt": "2025-02-10T13:38:19Z",
job-core	Check JSON	2025-03-28T09:10:26.0687153Z           "status": "completed"
job-core	Check JSON	2025-03-28T09:10:26.0687791Z         },
job-core	Check JSON	2025-03-28T09:10:26.0688301Z         {
job-core	Check JSON	2025-03-28T09:10:26.0688941Z           "completedAt": "2025-02-10T13:38:20Z",
job-core	Check JSON	2025-03-28T09:10:26.0689792Z           "conclusion": "success",
job-core	Check JSON	2025-03-28T09:10:26.0690571Z           "name": "Complete job",
job-core	Check JSON	2025-03-28T09:10:26.0691248Z           "number": 3,
job-core	Check JSON	2025-03-28T09:10:26.0691973Z           "startedAt": "2025-02-10T13:38:19Z",
job-core	Check JSON	2025-03-28T09:10:26.0692791Z           "status": "completed"
job-core	Check JSON	2025-03-28T09:10:26.0693409Z         }
job-core	Check JSON	2025-03-28T09:10:26.0694131Z       ],
job-core	Check JSON	2025-03-28T09:10:26.0695508Z       "url": "https://github.com/Ka0s-Klaus/ka0s/actions/runs/13242166440/job/36959806715"
job-core	Check JSON	2025-03-28T09:10:26.0696606Z     },
job-core	Check JSON	2025-03-28T09:10:26.0697079Z     {
job-core	Check JSON	2025-03-28T09:10:26.0697714Z       "completedAt": "2025-02-10T13:38:24Z",
job-core	Check JSON	2025-03-28T09:10:26.0698528Z       "conclusion": "skipped",
job-core	Check JSON	2025-03-28T09:10:26.0699275Z       "databaseId": 36959823724,
job-core	Check JSON	2025-03-28T09:10:26.0700376Z       "name": "handle_failure",
job-core	Check JSON	2025-03-28T09:10:26.0701170Z       "startedAt": "2025-02-10T13:38:24Z",
job-core	Check JSON	2025-03-28T09:10:26.0701931Z       "status": "completed",
job-core	Check JSON	2025-03-28T09:10:26.0702580Z       "steps": [],
job-core	Check JSON	2025-03-28T09:10:26.0704443Z       "url": "https://github.com/Ka0s-Klaus/ka0s/actions/runs/13242166440/job/36959823724"
job-core	Check JSON	2025-03-28T09:10:26.0705672Z     },
job-core	Check JSON	2025-03-28T09:10:26.0706152Z     {
job-core	Check JSON	2025-03-28T09:10:26.0706791Z       "completedAt": "2025-02-10T13:38:37Z",
job-core	Check JSON	2025-03-28T09:10:26.0716204Z       "conclusion": "success",
job-core	Check JSON	2025-03-28T09:10:26.0717028Z       "databaseId": 36959824123,
job-core	Check JSON	2025-03-28T09:10:26.0717740Z       "name": "end-workflow",
job-core	Check JSON	2025-03-28T09:10:26.0718518Z       "startedAt": "2025-02-10T13:38:30Z",
job-core	Check JSON	2025-03-28T09:10:26.0719284Z       "status": "completed",
job-core	Check JSON	2025-03-28T09:10:26.0719927Z       "steps": [
job-core	Check JSON	2025-03-28T09:10:26.0720444Z         {
job-core	Check JSON	2025-03-28T09:10:26.0721105Z           "completedAt": "2025-02-10T13:38:30Z",
job-core	Check JSON	2025-03-28T09:10:26.0721968Z           "conclusion": "success",
job-core	Check JSON	2025-03-28T09:10:26.0722729Z           "name": "Set up job",
job-core	Check JSON	2025-03-28T09:10:26.0723412Z           "number": 1,
job-core	Check JSON	2025-03-28T09:10:26.0724893Z           "startedAt": "2025-02-10T13:38:29Z",
job-core	Check JSON	2025-03-28T09:10:26.0725877Z           "status": "completed"
job-core	Check JSON	2025-03-28T09:10:26.0726507Z         },
job-core	Check JSON	2025-03-28T09:10:26.0727020Z         {
job-core	Check JSON	2025-03-28T09:10:26.0727679Z           "completedAt": "2025-02-10T13:38:32Z",
job-core	Check JSON	2025-03-28T09:10:26.0728519Z           "conclusion": "success",
job-core	Check JSON	2025-03-28T09:10:26.0729306Z           "name": "Checkout code",
job-core	Check JSON	2025-03-28T09:10:26.0729989Z           "number": 2,
job-core	Check JSON	2025-03-28T09:10:26.0730703Z           "startedAt": "2025-02-10T13:38:30Z",
job-core	Check JSON	2025-03-28T09:10:26.0731525Z           "status": "completed"
job-core	Check JSON	2025-03-28T09:10:26.0732167Z         },
job-core	Check JSON	2025-03-28T09:10:26.0732607Z         {
job-core	Check JSON	2025-03-28T09:10:26.0733343Z           "completedAt": "2025-02-10T13:38:32Z",
job-core	Check JSON	2025-03-28T09:10:26.0734568Z           "conclusion": "success",
job-core	Check JSON	2025-03-28T09:10:26.0735389Z           "name": "Finaliza el workflow",
job-core	Check JSON	2025-03-28T09:10:26.0736489Z           "number": 3,
job-core	Check JSON	2025-03-28T09:10:26.0736940Z           "startedAt": "2025-02-10T13:38:32Z",
job-core	Check JSON	2025-03-28T09:10:26.0737420Z           "status": "completed"
job-core	Check JSON	2025-03-28T09:10:26.0737797Z         },
job-core	Check JSON	2025-03-28T09:10:26.0738085Z         {
job-core	Check JSON	2025-03-28T09:10:26.0738465Z           "completedAt": "2025-02-10T13:38:32Z",
job-core	Check JSON	2025-03-28T09:10:26.0739089Z           "conclusion": "success",
job-core	Check JSON	2025-03-28T09:10:26.0739929Z           "name": "Post Checkout code",
job-core	Check JSON	2025-03-28T09:10:26.0740674Z           "number": 6,
job-core	Check JSON	2025-03-28T09:10:26.0741399Z           "startedAt": "2025-02-10T13:38:32Z",
job-core	Check JSON	2025-03-28T09:10:26.0742251Z           "status": "completed"
job-core	Check JSON	2025-03-28T09:10:26.0742984Z         },
job-core	Check JSON	2025-03-28T09:10:26.0743485Z         {
job-core	Check JSON	2025-03-28T09:10:26.0744261Z           "completedAt": "2025-02-10T13:38:32Z",
job-core	Check JSON	2025-03-28T09:10:26.0745065Z           "conclusion": "success",
job-core	Check JSON	2025-03-28T09:10:26.0746451Z           "name": "Complete job",
job-core	Check JSON	2025-03-28T09:10:26.0747582Z           "number": 7,
job-core	Check JSON	2025-03-28T09:10:26.0748974Z           "startedAt": "2025-02-10T13:38:32Z",
job-core	Check JSON	2025-03-28T09:10:26.0750484Z           "status": "completed"
job-core	Check JSON	2025-03-28T09:10:26.0751389Z         }
job-core	Check JSON	2025-03-28T09:10:26.0752248Z       ],
job-core	Check JSON	2025-03-28T09:10:26.0754087Z       "url": "https://github.com/Ka0s-Klaus/ka0s/actions/runs/13242166440/job/36959824123"
job-core	Check JSON	2025-03-28T09:10:26.0755395Z     }
job-core	Check JSON	2025-03-28T09:10:26.0756093Z   ],
job-core	Check JSON	2025-03-28T09:10:26.0756792Z   "name": "Ka0s",
job-core	Check JSON	2025-03-28T09:10:26.0757546Z   "number": 172,
job-core	Check JSON	2025-03-28T09:10:26.0758303Z   "startedAt": "2025-02-10T13:37:51Z",
job-core	Check JSON	2025-03-28T09:10:26.0758734Z   "status": "completed",
job-core	Check JSON	2025-03-28T09:10:26.0759152Z   "updatedAt": "2025-02-10T13:38:38Z",
job-core	Check JSON	2025-03-28T09:10:26.0759787Z   "url": "https://github.com/Ka0s-Klaus/ka0s/actions/runs/13242166440",
job-core	Check JSON	2025-03-28T09:10:26.0760400Z   "workflowDatabaseId": 142022472,
job-core	Check JSON	2025-03-28T09:10:26.0760816Z   "workflowName": "Ka0s"
job-core	Check JSON	2025-03-28T09:10:26.0761263Z }
job-core	Check JSON	2025-03-28T09:10:26.0762238Z File core/outputs/j/jsonlint-results-14125424012.txt is not empty and is content not correct and write commit info
job-core	Check JSON	2025-03-28T09:10:27.3892671Z https://github.com/Ka0s-Klaus/ka0s/issues/220#issuecomment-2760628314
job-core	Post Install Node.js	ï»¿2025-03-28T09:10:27.4111712Z Post job cleanup.
job-core	Post Checkout code	ï»¿2025-03-28T09:10:27.5976349Z Post job cleanup.
job-core	Post Checkout code	2025-03-28T09:10:27.8066023Z [command]/usr/bin/git version
job-core	Post Checkout code	2025-03-28T09:10:27.8199325Z git version 2.48.1
job-core	Post Checkout code	2025-03-28T09:10:27.8293428Z Copying '/home/kaos/.gitconfig' to '/actions-runner/_work/_temp/272161e4-daad-4b6a-a85d-f1b01e618c7b/.gitconfig'
job-core	Post Checkout code	2025-03-28T09:10:27.8330424Z Temporarily overriding HOME='/actions-runner/_work/_temp/272161e4-daad-4b6a-a85d-f1b01e618c7b' before making global git config changes
job-core	Post Checkout code	2025-03-28T09:10:27.8334457Z Adding repository directory to the temporary git global config as a safe directory
job-core	Post Checkout code	2025-03-28T09:10:27.8341828Z [command]/usr/bin/git config --global --add safe.directory /actions-runner/_work/ka0s/ka0s
job-core	Post Checkout code	2025-03-28T09:10:27.8412550Z [command]/usr/bin/git config --local --name-only --get-regexp core\.sshCommand
job-core	Post Checkout code	2025-03-28T09:10:27.8496216Z [command]/usr/bin/git submodule foreach --recursive sh -c "git config --local --name-only --get-regexp 'core\.sshCommand' && git config --local --unset-all 'core.sshCommand' || :"
job-core	Post Checkout code	2025-03-28T09:10:27.8966522Z [command]/usr/bin/git config --local --name-only --get-regexp http\.https\:\/\/github\.com\/\.extraheader
job-core	Post Checkout code	2025-03-28T09:10:27.9003096Z http.https://github.com/.extraheader
job-core	Post Checkout code	2025-03-28T09:10:27.9028578Z [command]/usr/bin/git config --local --unset-all http.https://github.com/.extraheader
job-core	Post Checkout code	2025-03-28T09:10:27.9083676Z [command]/usr/bin/git submodule foreach --recursive sh -c "git config --local --name-only --get-regexp 'http\.https\:\/\/github\.com\/\.extraheader' && git config --local --unset-all 'http.https://github.com/.extraheader' || :"
job-core	Complete job	ï»¿2025-03-28T09:10:27.9653251Z Cleaning up orphan processes
handle-success	Set up job	ï»¿2025-03-28T09:19:06.4342769Z Current runner version: '2.323.0'
handle-success	Set up job	2025-03-28T09:19:06.4354254Z Runner name: 'ka0s-2'
handle-success	Set up job	2025-03-28T09:19:06.4355696Z Machine name: '90a1232a7504'
handle-success	Set up job	2025-03-28T09:19:06.4359682Z ##[group]GITHUB_TOKEN Permissions
handle-success	Set up job	2025-03-28T09:19:06.4362985Z Actions: write
handle-success	Set up job	2025-03-28T09:19:06.4363953Z Contents: write
handle-success	Set up job	2025-03-28T09:19:06.4365000Z Issues: write
handle-success	Set up job	2025-03-28T09:19:06.4365687Z Metadata: read
handle-success	Set up job	2025-03-28T09:19:06.4366427Z PullRequests: write
handle-success	Set up job	2025-03-28T09:19:06.4367225Z ##[endgroup]
handle-success	Set up job	2025-03-28T09:19:06.4370580Z Secret source: Actions
handle-success	Set up job	2025-03-28T09:19:06.4371518Z Prepare workflow directory
handle-success	Set up job	2025-03-28T09:19:06.5343365Z Prepare all required actions
handle-success	Set up job	2025-03-28T09:19:06.5402034Z Getting action download info
handle-success	Set up job	2025-03-28T09:19:07.2953615Z Download action repository 'actions/checkout@v4' (SHA:11bd71901bbe5b1630ceea73d27597364c9af683)
handle-success	Set up job	2025-03-28T09:19:10.0752725Z Complete job name: handle-success
handle-success	Checkout code	ï»¿2025-03-28T09:19:10.1592885Z ##[group]Run actions/checkout@v4
handle-success	Checkout code	2025-03-28T09:19:10.1595113Z with:
handle-success	Checkout code	2025-03-28T09:19:10.1595976Z   fetch-depth: 0
handle-success	Checkout code	2025-03-28T09:19:10.1597554Z   token: ***
handle-success	Checkout code	2025-03-28T09:19:10.1598480Z   repository: Ka0s-Klaus/ka0s
handle-success	Checkout code	2025-03-28T09:19:10.1599582Z   ssh-strict: true
handle-success	Checkout code	2025-03-28T09:19:10.1600505Z   ssh-user: git
handle-success	Checkout code	2025-03-28T09:19:10.1601540Z   persist-credentials: true
handle-success	Checkout code	2025-03-28T09:19:10.1602602Z   clean: true
handle-success	Checkout code	2025-03-28T09:19:10.1603539Z   sparse-checkout-cone-mode: true
handle-success	Checkout code	2025-03-28T09:19:10.1605379Z   fetch-tags: false
handle-success	Checkout code	2025-03-28T09:19:10.1606344Z   show-progress: true
handle-success	Checkout code	2025-03-28T09:19:10.1607300Z   lfs: false
handle-success	Checkout code	2025-03-28T09:19:10.1608170Z   submodules: false
handle-success	Checkout code	2025-03-28T09:19:10.1609115Z   set-safe-directory: true
handle-success	Checkout code	2025-03-28T09:19:10.1610844Z env:
handle-success	Checkout code	2025-03-28T09:19:10.1611711Z   KAOS_MODULE: [Ka0S] JSONLINT
handle-success	Checkout code	2025-03-28T09:19:10.1613173Z   GH_TOKEN: ***
handle-success	Checkout code	2025-03-28T09:19:10.1614716Z   KAOS_JSONLINT_CONFIG: core/config/.jsonlint.json
handle-success	Checkout code	2025-03-28T09:19:10.1616176Z   KAOS_PATH_RESUME: core/outputs/j/
handle-success	Checkout code	2025-03-28T09:19:10.1617871Z   KAOS_REPO: /actions-runner/_work/kaos/kaos
handle-success	Checkout code	2025-03-28T09:19:10.1619160Z   KAOS_STEP_MODULE: 
handle-success	Checkout code	2025-03-28T09:19:10.1620130Z   KAOS_CODE: 14125424012
handle-success	Checkout code	2025-03-28T09:19:10.1621156Z   KAOS_REF_BRANCH: main
handle-success	Checkout code	2025-03-28T09:19:10.1622108Z ##[endgroup]
handle-success	Checkout code	2025-03-28T09:19:10.3473247Z Syncing repository: Ka0s-Klaus/ka0s
handle-success	Checkout code	2025-03-28T09:19:10.3477532Z ##[group]Getting Git version info
handle-success	Checkout code	2025-03-28T09:19:10.3479248Z Working directory is '/actions-runner/_work/ka0s/ka0s'
handle-success	Checkout code	2025-03-28T09:19:10.3481817Z [command]/usr/bin/git version
handle-success	Checkout code	2025-03-28T09:19:10.3483349Z git version 2.48.1
handle-success	Checkout code	2025-03-28T09:19:10.3487970Z ##[endgroup]
handle-success	Checkout code	2025-03-28T09:19:10.3497947Z Copying '/home/kaos/.gitconfig' to '/actions-runner/_work/_temp/4531b038-01c7-4179-b912-22630decf140/.gitconfig'
handle-success	Checkout code	2025-03-28T09:19:10.3501010Z Temporarily overriding HOME='/actions-runner/_work/_temp/4531b038-01c7-4179-b912-22630decf140' before making global git config changes
handle-success	Checkout code	2025-03-28T09:19:10.3504113Z Adding repository directory to the temporary git global config as a safe directory
handle-success	Checkout code	2025-03-28T09:19:10.3506565Z [command]/usr/bin/git config --global --add safe.directory /actions-runner/_work/ka0s/ka0s
handle-success	Checkout code	2025-03-28T09:19:10.3549260Z [command]/usr/bin/git config --local --get remote.origin.url
handle-success	Checkout code	2025-03-28T09:19:10.3600664Z https://github.com/Ka0s-Klaus/ka0s
handle-success	Checkout code	2025-03-28T09:19:10.3628067Z ##[group]Removing previously created refs, to avoid conflicts
handle-success	Checkout code	2025-03-28T09:19:10.3637759Z [command]/usr/bin/git rev-parse --symbolic-full-name --verify --quiet HEAD
handle-success	Checkout code	2025-03-28T09:19:10.3674224Z refs/heads/H220-web-de-resultados
handle-success	Checkout code	2025-03-28T09:19:10.3695261Z [command]/usr/bin/git checkout --detach
handle-success	Checkout code	2025-03-28T09:19:10.3808468Z HEAD is now at f4d2316 [Ka0S] Uploading resume execution files to the repository...
handle-success	Checkout code	2025-03-28T09:19:10.3931425Z [command]/usr/bin/git branch --delete --force H220-web-de-resultados
handle-success	Checkout code	2025-03-28T09:19:10.3950396Z Deleted branch H220-web-de-resultados (was f4d2316).
handle-success	Checkout code	2025-03-28T09:19:10.4046755Z ##[endgroup]
handle-success	Checkout code	2025-03-28T09:19:10.4048784Z [command]/usr/bin/git submodule status
handle-success	Checkout code	2025-03-28T09:19:10.4436208Z ##[group]Cleaning the repository
handle-success	Checkout code	2025-03-28T09:19:10.4442096Z [command]/usr/bin/git clean -ffdx
handle-success	Checkout code	2025-03-28T09:19:10.4509817Z [command]/usr/bin/git reset --hard HEAD
handle-success	Checkout code	2025-03-28T09:19:10.4663503Z HEAD is now at f4d2316 [Ka0S] Uploading resume execution files to the repository...
handle-success	Checkout code	2025-03-28T09:19:10.4674356Z ##[endgroup]
handle-success	Checkout code	2025-03-28T09:19:10.4675824Z ##[group]Disabling automatic garbage collection
handle-success	Checkout code	2025-03-28T09:19:10.4679825Z [command]/usr/bin/git config --local gc.auto 0
handle-success	Checkout code	2025-03-28T09:19:10.4724447Z ##[endgroup]
handle-success	Checkout code	2025-03-28T09:19:10.4725872Z ##[group]Setting up auth
handle-success	Checkout code	2025-03-28T09:19:10.4731511Z [command]/usr/bin/git config --local --name-only --get-regexp core\.sshCommand
handle-success	Checkout code	2025-03-28T09:19:10.4789773Z [command]/usr/bin/git submodule foreach --recursive sh -c "git config --local --name-only --get-regexp 'core\.sshCommand' && git config --local --unset-all 'core.sshCommand' || :"
handle-success	Checkout code	2025-03-28T09:19:10.5178749Z [command]/usr/bin/git config --local --name-only --get-regexp http\.https\:\/\/github\.com\/\.extraheader
handle-success	Checkout code	2025-03-28T09:19:10.5227511Z [command]/usr/bin/git submodule foreach --recursive sh -c "git config --local --name-only --get-regexp 'http\.https\:\/\/github\.com\/\.extraheader' && git config --local --unset-all 'http.https://github.com/.extraheader' || :"
handle-success	Checkout code	2025-03-28T09:19:10.5631497Z [command]/usr/bin/git config --local http.https://github.com/.extraheader AUTHORIZATION: basic ***
handle-success	Checkout code	2025-03-28T09:19:10.5695398Z ##[endgroup]
handle-success	Checkout code	2025-03-28T09:19:10.5696569Z ##[group]Fetching the repository
handle-success	Checkout code	2025-03-28T09:19:10.5708989Z [command]/usr/bin/git -c protocol.version=2 fetch --prune --no-recurse-submodules origin +refs/heads/*:refs/remotes/origin/* +refs/tags/*:refs/tags/*
handle-success	Checkout code	2025-03-28T09:19:11.3281135Z [command]/usr/bin/git branch --list --remote origin/H220-web-de-resultados
handle-success	Checkout code	2025-03-28T09:19:11.3459012Z   origin/H220-web-de-resultados
handle-success	Checkout code	2025-03-28T09:19:11.3506788Z [command]/usr/bin/git rev-parse refs/remotes/origin/H220-web-de-resultados
handle-success	Checkout code	2025-03-28T09:19:11.3652019Z f4d231695b25691b64ee5df6ffe9db4d7625551a
handle-success	Checkout code	2025-03-28T09:19:11.3680943Z ##[endgroup]
handle-success	Checkout code	2025-03-28T09:19:11.3684480Z ##[group]Determining the checkout info
handle-success	Checkout code	2025-03-28T09:19:11.3735824Z ##[endgroup]
handle-success	Checkout code	2025-03-28T09:19:11.3762548Z [command]/usr/bin/git sparse-checkout disable
handle-success	Checkout code	2025-03-28T09:19:11.3963340Z [command]/usr/bin/git config --local --unset-all extensions.worktreeConfig
handle-success	Checkout code	2025-03-28T09:19:11.4038631Z ##[group]Checking out the ref
handle-success	Checkout code	2025-03-28T09:19:11.4047778Z [command]/usr/bin/git checkout --progress --force -B H220-web-de-resultados refs/remotes/origin/H220-web-de-resultados
handle-success	Checkout code	2025-03-28T09:19:11.4177703Z Switched to a new branch 'H220-web-de-resultados'
handle-success	Checkout code	2025-03-28T09:19:11.4185156Z branch 'H220-web-de-resultados' set up to track 'origin/H220-web-de-resultados'.
handle-success	Checkout code	2025-03-28T09:19:11.4196999Z ##[endgroup]
handle-success	Checkout code	2025-03-28T09:19:11.4260344Z [command]/usr/bin/git log -1 --format=%H
handle-success	Checkout code	2025-03-28T09:19:11.4302035Z f4d231695b25691b64ee5df6ffe9db4d7625551a
handle-success	handle-success-execution	ï»¿2025-03-28T09:19:11.4682136Z ##[group]Run # Si todo ha ido correcto aÃ±adimos el contenido del fichero 
handle-success	handle-success-execution	2025-03-28T09:19:11.4708271Z [36;1m# Si todo ha ido correcto aÃ±adimos el contenido del fichero [0m
handle-success	handle-success-execution	2025-03-28T09:19:11.4709720Z [36;1mRNNUMBER=$(echo "refs/heads/H220-web-de-resultados" | grep -o '[0-9]*')[0m
handle-success	handle-success-execution	2025-03-28T09:19:11.4711834Z [36;1mgh issue comment $RNNUMBER --body "El proceso ha finalizado correctamente 14125424012. El resultado estÃ¡ en el fichero core/results/event_data14125424012.log"[0m
handle-success	handle-success-execution	2025-03-28T09:19:11.4734878Z shell: /usr/bin/bash -e {0}
handle-success	handle-success-execution	2025-03-28T09:19:11.4735527Z env:
handle-success	handle-success-execution	2025-03-28T09:19:11.4735984Z   KAOS_MODULE: [Ka0S] JSONLINT
handle-success	handle-success-execution	2025-03-28T09:19:11.4736972Z   GH_TOKEN: ***
handle-success	handle-success-execution	2025-03-28T09:19:11.4737591Z   KAOS_JSONLINT_CONFIG: core/config/.jsonlint.json
handle-success	handle-success-execution	2025-03-28T09:19:11.4738369Z   KAOS_PATH_RESUME: core/outputs/j/
handle-success	handle-success-execution	2025-03-28T09:19:11.4739070Z   KAOS_REPO: /actions-runner/_work/kaos/kaos
handle-success	handle-success-execution	2025-03-28T09:19:11.4739755Z   KAOS_STEP_MODULE: 
handle-success	handle-success-execution	2025-03-28T09:19:11.4740299Z   KAOS_CODE: 14125424012
handle-success	handle-success-execution	2025-03-28T09:19:11.4740972Z   KAOS_REF_BRANCH: main
handle-success	handle-success-execution	2025-03-28T09:19:11.4741508Z ##[endgroup]
handle-success	handle-success-execution	2025-03-28T09:19:12.7356475Z https://github.com/Ka0s-Klaus/ka0s/issues/220#issuecomment-2760647510
handle-success	Post Checkout code	ï»¿2025-03-28T09:19:12.7903124Z Post job cleanup.
handle-success	Post Checkout code	2025-03-28T09:19:12.9340871Z [command]/usr/bin/git version
handle-success	Post Checkout code	2025-03-28T09:19:12.9405061Z git version 2.48.1
handle-success	Post Checkout code	2025-03-28T09:19:12.9472139Z Copying '/home/kaos/.gitconfig' to '/actions-runner/_work/_temp/c4c18d87-9223-4168-a9de-5eedecc1cab4/.gitconfig'
handle-success	Post Checkout code	2025-03-28T09:19:12.9490865Z Temporarily overriding HOME='/actions-runner/_work/_temp/c4c18d87-9223-4168-a9de-5eedecc1cab4' before making global git config changes
handle-success	Post Checkout code	2025-03-28T09:19:12.9494131Z Adding repository directory to the temporary git global config as a safe directory
handle-success	Post Checkout code	2025-03-28T09:19:12.9500481Z [command]/usr/bin/git config --global --add safe.directory /actions-runner/_work/ka0s/ka0s
handle-success	Post Checkout code	2025-03-28T09:19:12.9554985Z [command]/usr/bin/git config --local --name-only --get-regexp core\.sshCommand
handle-success	Post Checkout code	2025-03-28T09:19:12.9627860Z [command]/usr/bin/git submodule foreach --recursive sh -c "git config --local --name-only --get-regexp 'core\.sshCommand' && git config --local --unset-all 'core.sshCommand' || :"
handle-success	Post Checkout code	2025-03-28T09:19:13.0050052Z [command]/usr/bin/git config --local --name-only --get-regexp http\.https\:\/\/github\.com\/\.extraheader
handle-success	Post Checkout code	2025-03-28T09:19:13.0089037Z http.https://github.com/.extraheader
handle-success	Post Checkout code	2025-03-28T09:19:13.0109212Z [command]/usr/bin/git config --local --unset-all http.https://github.com/.extraheader
handle-success	Post Checkout code	2025-03-28T09:19:13.0163558Z [command]/usr/bin/git submodule foreach --recursive sh -c "git config --local --name-only --get-regexp 'http\.https\:\/\/github\.com\/\.extraheader' && git config --local --unset-all 'http.https://github.com/.extraheader' || :"
handle-success	Complete job	ï»¿2025-03-28T09:19:13.0815869Z Cleaning up orphan processes
end-workflow	Set up job	ï»¿2025-03-28T09:27:18.5731352Z Current runner version: '2.323.0'
end-workflow	Set up job	2025-03-28T09:27:18.5742404Z Runner name: 'kaos-4'
end-workflow	Set up job	2025-03-28T09:27:18.5743977Z Machine name: '3fe80eba0036'
end-workflow	Set up job	2025-03-28T09:27:18.5748140Z ##[group]GITHUB_TOKEN Permissions
end-workflow	Set up job	2025-03-28T09:27:18.5751336Z Actions: write
end-workflow	Set up job	2025-03-28T09:27:18.5752110Z Contents: write
end-workflow	Set up job	2025-03-28T09:27:18.5752755Z Issues: write
end-workflow	Set up job	2025-03-28T09:27:18.5753536Z Metadata: read
end-workflow	Set up job	2025-03-28T09:27:18.5754743Z PullRequests: write
end-workflow	Set up job	2025-03-28T09:27:18.5755393Z ##[endgroup]
end-workflow	Set up job	2025-03-28T09:27:18.5758180Z Secret source: Actions
end-workflow	Set up job	2025-03-28T09:27:18.5759434Z Prepare workflow directory
end-workflow	Set up job	2025-03-28T09:27:18.6683669Z Prepare all required actions
end-workflow	Set up job	2025-03-28T09:27:18.6751606Z Getting action download info
end-workflow	Set up job	2025-03-28T09:27:19.4742332Z Download action repository 'actions/checkout@v4' (SHA:11bd71901bbe5b1630ceea73d27597364c9af683)
end-workflow	Set up job	2025-03-28T09:27:21.3677790Z Complete job name: end-workflow
end-workflow	Checkout code	ï»¿2025-03-28T09:27:21.4319660Z ##[group]Run actions/checkout@v4
end-workflow	Checkout code	2025-03-28T09:27:21.4321049Z with:
end-workflow	Checkout code	2025-03-28T09:27:21.4321626Z   fetch-depth: 0
end-workflow	Checkout code	2025-03-28T09:27:21.4322670Z   token: ***
end-workflow	Checkout code	2025-03-28T09:27:21.4323262Z   repository: Ka0s-Klaus/ka0s
end-workflow	Checkout code	2025-03-28T09:27:21.4324225Z   ssh-strict: true
end-workflow	Checkout code	2025-03-28T09:27:21.4324827Z   ssh-user: git
end-workflow	Checkout code	2025-03-28T09:27:21.4325436Z   persist-credentials: true
end-workflow	Checkout code	2025-03-28T09:27:21.4326132Z   clean: true
end-workflow	Checkout code	2025-03-28T09:27:21.4326776Z   sparse-checkout-cone-mode: true
end-workflow	Checkout code	2025-03-28T09:27:21.4327530Z   fetch-tags: false
end-workflow	Checkout code	2025-03-28T09:27:21.4328196Z   show-progress: true
end-workflow	Checkout code	2025-03-28T09:27:21.4328826Z   lfs: false
end-workflow	Checkout code	2025-03-28T09:27:21.4329477Z   submodules: false
end-workflow	Checkout code	2025-03-28T09:27:21.4330097Z   set-safe-directory: true
end-workflow	Checkout code	2025-03-28T09:27:21.4331126Z env:
end-workflow	Checkout code	2025-03-28T09:27:21.4331661Z   KAOS_MODULE: [Ka0S] JSONLINT
end-workflow	Checkout code	2025-03-28T09:27:21.4332564Z   GH_TOKEN: ***
end-workflow	Checkout code	2025-03-28T09:27:21.4333210Z   KAOS_JSONLINT_CONFIG: core/config/.jsonlint.json
end-workflow	Checkout code	2025-03-28T09:27:21.4334596Z   KAOS_PATH_RESUME: core/outputs/j/
end-workflow	Checkout code	2025-03-28T09:27:21.4335433Z   KAOS_REPO: /actions-runner/_work/kaos/kaos
end-workflow	Checkout code	2025-03-28T09:27:21.4336197Z   KAOS_STEP_MODULE: 
end-workflow	Checkout code	2025-03-28T09:27:21.4336795Z   KAOS_CODE: 14125424012
end-workflow	Checkout code	2025-03-28T09:27:21.4337389Z   KAOS_REF_BRANCH: main
end-workflow	Checkout code	2025-03-28T09:27:21.4337966Z ##[endgroup]
end-workflow	Checkout code	2025-03-28T09:27:21.6212291Z Syncing repository: Ka0s-Klaus/ka0s
end-workflow	Checkout code	2025-03-28T09:27:21.6217063Z ##[group]Getting Git version info
end-workflow	Checkout code	2025-03-28T09:27:21.6220287Z Working directory is '/actions-runner/_work/ka0s/ka0s'
end-workflow	Checkout code	2025-03-28T09:27:21.6224345Z [command]/usr/bin/git version
end-workflow	Checkout code	2025-03-28T09:27:21.6226269Z git version 2.48.1
end-workflow	Checkout code	2025-03-28T09:27:21.6249189Z ##[endgroup]
end-workflow	Checkout code	2025-03-28T09:27:21.6268249Z Copying '/home/kaos/.gitconfig' to '/actions-runner/_work/_temp/e4e4751a-21fb-4da1-a1d5-ba0a84b01a25/.gitconfig'
end-workflow	Checkout code	2025-03-28T09:27:21.6286069Z Temporarily overriding HOME='/actions-runner/_work/_temp/e4e4751a-21fb-4da1-a1d5-ba0a84b01a25' before making global git config changes
end-workflow	Checkout code	2025-03-28T09:27:21.6295646Z Adding repository directory to the temporary git global config as a safe directory
end-workflow	Checkout code	2025-03-28T09:27:21.6301748Z [command]/usr/bin/git config --global --add safe.directory /actions-runner/_work/ka0s/ka0s
end-workflow	Checkout code	2025-03-28T09:27:21.6359399Z [command]/usr/bin/git config --local --get remote.origin.url
end-workflow	Checkout code	2025-03-28T09:27:21.6392638Z https://github.com/Ka0s-Klaus/ka0s
end-workflow	Checkout code	2025-03-28T09:27:21.6462731Z ##[group]Removing previously created refs, to avoid conflicts
end-workflow	Checkout code	2025-03-28T09:27:21.6466224Z [command]/usr/bin/git rev-parse --symbolic-full-name --verify --quiet HEAD
end-workflow	Checkout code	2025-03-28T09:27:21.6468272Z refs/heads/H220-web-de-resultados
end-workflow	Checkout code	2025-03-28T09:27:21.6484892Z [command]/usr/bin/git checkout --detach
end-workflow	Checkout code	2025-03-28T09:27:21.6588103Z HEAD is now at f4d2316 [Ka0S] Uploading resume execution files to the repository...
end-workflow	Checkout code	2025-03-28T09:27:21.6664269Z [command]/usr/bin/git branch --delete --force H220-web-de-resultados
end-workflow	Checkout code	2025-03-28T09:27:21.6706056Z Deleted branch H220-web-de-resultados (was f4d2316).
end-workflow	Checkout code	2025-03-28T09:27:21.6775704Z ##[endgroup]
end-workflow	Checkout code	2025-03-28T09:27:21.6777919Z [command]/usr/bin/git submodule status
end-workflow	Checkout code	2025-03-28T09:27:21.7150596Z ##[group]Cleaning the repository
end-workflow	Checkout code	2025-03-28T09:27:21.7156765Z [command]/usr/bin/git clean -ffdx
end-workflow	Checkout code	2025-03-28T09:27:21.7226343Z [command]/usr/bin/git reset --hard HEAD
end-workflow	Checkout code	2025-03-28T09:27:21.7370874Z HEAD is now at f4d2316 [Ka0S] Uploading resume execution files to the repository...
end-workflow	Checkout code	2025-03-28T09:27:21.7383000Z ##[endgroup]
end-workflow	Checkout code	2025-03-28T09:27:21.7385625Z ##[group]Disabling automatic garbage collection
end-workflow	Checkout code	2025-03-28T09:27:21.7392474Z [command]/usr/bin/git config --local gc.auto 0
end-workflow	Checkout code	2025-03-28T09:27:21.7438402Z ##[endgroup]
end-workflow	Checkout code	2025-03-28T09:27:21.7439467Z ##[group]Setting up auth
end-workflow	Checkout code	2025-03-28T09:27:21.7447742Z [command]/usr/bin/git config --local --name-only --get-regexp core\.sshCommand
end-workflow	Checkout code	2025-03-28T09:27:21.7498680Z [command]/usr/bin/git submodule foreach --recursive sh -c "git config --local --name-only --get-regexp 'core\.sshCommand' && git config --local --unset-all 'core.sshCommand' || :"
end-workflow	Checkout code	2025-03-28T09:27:21.7975262Z [command]/usr/bin/git config --local --name-only --get-regexp http\.https\:\/\/github\.com\/\.extraheader
end-workflow	Checkout code	2025-03-28T09:27:21.8073960Z [command]/usr/bin/git submodule foreach --recursive sh -c "git config --local --name-only --get-regexp 'http\.https\:\/\/github\.com\/\.extraheader' && git config --local --unset-all 'http.https://github.com/.extraheader' || :"
end-workflow	Checkout code	2025-03-28T09:27:21.8546280Z [command]/usr/bin/git config --local http.https://github.com/.extraheader AUTHORIZATION: basic ***
end-workflow	Checkout code	2025-03-28T09:27:21.8623614Z ##[endgroup]
end-workflow	Checkout code	2025-03-28T09:27:21.8627474Z ##[group]Fetching the repository
end-workflow	Checkout code	2025-03-28T09:27:21.8641743Z [command]/usr/bin/git -c protocol.version=2 fetch --prune --no-recurse-submodules origin +refs/heads/*:refs/remotes/origin/* +refs/tags/*:refs/tags/*
end-workflow	Checkout code	2025-03-28T09:27:23.2400085Z From https://github.com/Ka0s-Klaus/ka0s
end-workflow	Checkout code	2025-03-28T09:27:23.2402953Z    be27778..e6649ff  main       -> origin/main
end-workflow	Checkout code	2025-03-28T09:27:23.2483160Z [command]/usr/bin/git branch --list --remote origin/H220-web-de-resultados
end-workflow	Checkout code	2025-03-28T09:27:23.2533675Z   origin/H220-web-de-resultados
end-workflow	Checkout code	2025-03-28T09:27:23.2560318Z [command]/usr/bin/git rev-parse refs/remotes/origin/H220-web-de-resultados
end-workflow	Checkout code	2025-03-28T09:27:23.2612204Z f4d231695b25691b64ee5df6ffe9db4d7625551a
end-workflow	Checkout code	2025-03-28T09:27:23.2631274Z ##[endgroup]
end-workflow	Checkout code	2025-03-28T09:27:23.2634000Z ##[group]Determining the checkout info
end-workflow	Checkout code	2025-03-28T09:27:23.2636945Z ##[endgroup]
end-workflow	Checkout code	2025-03-28T09:27:23.2641329Z [command]/usr/bin/git sparse-checkout disable
end-workflow	Checkout code	2025-03-28T09:27:23.2746233Z [command]/usr/bin/git config --local --unset-all extensions.worktreeConfig
end-workflow	Checkout code	2025-03-28T09:27:23.2804270Z ##[group]Checking out the ref
end-workflow	Checkout code	2025-03-28T09:27:23.2812500Z [command]/usr/bin/git checkout --progress --force -B H220-web-de-resultados refs/remotes/origin/H220-web-de-resultados
end-workflow	Checkout code	2025-03-28T09:27:23.2944643Z Switched to a new branch 'H220-web-de-resultados'
end-workflow	Checkout code	2025-03-28T09:27:23.2950772Z branch 'H220-web-de-resultados' set up to track 'origin/H220-web-de-resultados'.
end-workflow	Checkout code	2025-03-28T09:27:23.2967488Z ##[endgroup]
end-workflow	Checkout code	2025-03-28T09:27:23.3042390Z [command]/usr/bin/git log -1 --format=%H
end-workflow	Checkout code	2025-03-28T09:27:23.3081437Z f4d231695b25691b64ee5df6ffe9db4d7625551a
end-workflow	Finaliza el workflow	ï»¿2025-03-28T09:27:23.3437398Z ##[group]Run echo "End process"
end-workflow	Finaliza el workflow	2025-03-28T09:27:23.3439047Z [36;1mecho "End process"[0m
end-workflow	Finaliza el workflow	2025-03-28T09:27:23.3440916Z [36;1mRNNUMBER=$(echo "refs/heads/H220-web-de-resultados" | grep -o '[0-9]*')[0m
end-workflow	Finaliza el workflow	2025-03-28T09:27:23.3443433Z [36;1mgh issue comment $RNNUMBER --body "Se finaliza Ka0s 14125424012"[0m
end-workflow	Finaliza el workflow	2025-03-28T09:27:23.3447566Z [36;1mgh workflow run inspector.yml --ref 'main' -f kaos-issue-id=$RNNUMBER -f kaos-workflow-id="14125424012" -f kaos-user-start=""[0m
end-workflow	Finaliza el workflow	2025-03-28T09:27:23.3466415Z shell: /usr/bin/bash -e {0}
end-workflow	Finaliza el workflow	2025-03-28T09:27:23.3467638Z env:
end-workflow	Finaliza el workflow	2025-03-28T09:27:23.3468524Z   KAOS_MODULE: [Ka0S] JSONLINT
end-workflow	Finaliza el workflow	2025-03-28T09:27:23.3470271Z   GH_TOKEN: ***
end-workflow	Finaliza el workflow	2025-03-28T09:27:23.3471406Z   KAOS_JSONLINT_CONFIG: core/config/.jsonlint.json
end-workflow	Finaliza el workflow	2025-03-28T09:27:23.3472978Z   KAOS_PATH_RESUME: core/outputs/j/
end-workflow	Finaliza el workflow	2025-03-28T09:27:23.3475059Z   KAOS_REPO: /actions-runner/_work/kaos/kaos
end-workflow	Finaliza el workflow	2025-03-28T09:27:23.3476440Z   KAOS_STEP_MODULE: 
end-workflow	Finaliza el workflow	2025-03-28T09:27:23.3477444Z   KAOS_CODE: 14125424012
end-workflow	Finaliza el workflow	2025-03-28T09:27:23.3478521Z   KAOS_REF_BRANCH: main
end-workflow	Finaliza el workflow	2025-03-28T09:27:23.3479618Z ##[endgroup]
end-workflow	Finaliza el workflow	2025-03-28T09:27:23.3560810Z End process
end-workflow	Finaliza el workflow	2025-03-28T09:27:24.6431725Z https://github.com/Ka0s-Klaus/ka0s/issues/220#issuecomment-2760693074
end-workflow	Post Checkout code	ï»¿2025-03-28T09:27:25.6042443Z Post job cleanup.
end-workflow	Post Checkout code	2025-03-28T09:27:25.7444395Z [command]/usr/bin/git version
end-workflow	Post Checkout code	2025-03-28T09:27:25.7506337Z git version 2.48.1
end-workflow	Post Checkout code	2025-03-28T09:27:25.7564807Z Copying '/home/kaos/.gitconfig' to '/actions-runner/_work/_temp/9ebf5d63-166b-4a4f-b465-a326054dcec3/.gitconfig'
end-workflow	Post Checkout code	2025-03-28T09:27:25.7584415Z Temporarily overriding HOME='/actions-runner/_work/_temp/9ebf5d63-166b-4a4f-b465-a326054dcec3' before making global git config changes
end-workflow	Post Checkout code	2025-03-28T09:27:25.7586682Z Adding repository directory to the temporary git global config as a safe directory
end-workflow	Post Checkout code	2025-03-28T09:27:25.7595130Z [command]/usr/bin/git config --global --add safe.directory /actions-runner/_work/ka0s/ka0s
end-workflow	Post Checkout code	2025-03-28T09:27:25.7651539Z [command]/usr/bin/git config --local --name-only --get-regexp core\.sshCommand
end-workflow	Post Checkout code	2025-03-28T09:27:25.7719707Z [command]/usr/bin/git submodule foreach --recursive sh -c "git config --local --name-only --get-regexp 'core\.sshCommand' && git config --local --unset-all 'core.sshCommand' || :"
end-workflow	Post Checkout code	2025-03-28T09:27:25.8196366Z [command]/usr/bin/git config --local --name-only --get-regexp http\.https\:\/\/github\.com\/\.extraheader
end-workflow	Post Checkout code	2025-03-28T09:27:25.8240037Z http.https://github.com/.extraheader
end-workflow	Post Checkout code	2025-03-28T09:27:25.8268099Z [command]/usr/bin/git config --local --unset-all http.https://github.com/.extraheader
end-workflow	Post Checkout code	2025-03-28T09:27:25.8347931Z [command]/usr/bin/git submodule foreach --recursive sh -c "git config --local --name-only --get-regexp 'http\.https\:\/\/github\.com\/\.extraheader' && git config --local --unset-all 'http.https://github.com/.extraheader' || :"
end-workflow	Complete job	ï»¿2025-03-28T09:27:25.9023389Z Cleaning up orphan processes
