job-core	Set up job	ï»¿2025-03-31T08:49:09.1597380Z Current runner version: '2.323.0'
job-core	Set up job	2025-03-31T08:49:09.1681272Z Runner name: 'ka0s-2'
job-core	Set up job	2025-03-31T08:49:09.1682526Z Machine name: '90a1232a7504'
job-core	Set up job	2025-03-31T08:49:09.1685731Z ##[group]GITHUB_TOKEN Permissions
job-core	Set up job	2025-03-31T08:49:09.1688847Z Contents: read
job-core	Set up job	2025-03-31T08:49:09.1689475Z Metadata: read
job-core	Set up job	2025-03-31T08:49:09.1690640Z Packages: read
job-core	Set up job	2025-03-31T08:49:09.1691240Z ##[endgroup]
job-core	Set up job	2025-03-31T08:49:09.1693879Z Secret source: Actions
job-core	Set up job	2025-03-31T08:49:09.1694680Z Prepare workflow directory
job-core	Set up job	2025-03-31T08:49:09.2528026Z Prepare all required actions
job-core	Set up job	2025-03-31T08:49:09.2581126Z Getting action download info
job-core	Set up job	2025-03-31T08:49:09.9713401Z Download action repository 'actions/checkout@v4' (SHA:11bd71901bbe5b1630ceea73d27597364c9af683)
job-core	Set up job	2025-03-31T08:49:11.9881341Z Complete job name: job-core
job-core	Checkout code	ï»¿2025-03-31T08:49:12.0666091Z ##[group]Run actions/checkout@v4
job-core	Checkout code	2025-03-31T08:49:12.0667887Z with:
job-core	Checkout code	2025-03-31T08:49:12.0668874Z   fetch-depth: 0
job-core	Checkout code	2025-03-31T08:49:12.0670563Z   token: ***
job-core	Checkout code	2025-03-31T08:49:12.0671619Z   repository: Ka0s-Klaus/ka0s
job-core	Checkout code	2025-03-31T08:49:12.0672930Z   ssh-strict: true
job-core	Checkout code	2025-03-31T08:49:12.0673959Z   ssh-user: git
job-core	Checkout code	2025-03-31T08:49:12.0675369Z   persist-credentials: true
job-core	Checkout code	2025-03-31T08:49:12.0676555Z   clean: true
job-core	Checkout code	2025-03-31T08:49:12.0677631Z   sparse-checkout-cone-mode: true
job-core	Checkout code	2025-03-31T08:49:12.0678935Z   fetch-tags: false
job-core	Checkout code	2025-03-31T08:49:12.0680002Z   show-progress: true
job-core	Checkout code	2025-03-31T08:49:12.0707173Z   lfs: false
job-core	Checkout code	2025-03-31T08:49:12.0708772Z   submodules: false
job-core	Checkout code	2025-03-31T08:49:12.0709869Z   set-safe-directory: true
job-core	Checkout code	2025-03-31T08:49:12.0711912Z env:
job-core	Checkout code	2025-03-31T08:49:12.0712893Z   KAOS_CODE: 14167696469
job-core	Checkout code	2025-03-31T08:49:12.0714062Z   KAOS_EVENT_NAME: push
job-core	Checkout code	2025-03-31T08:49:12.0715162Z   KAOS_ACTION: 
job-core	Checkout code	2025-03-31T08:49:12.0716925Z   KAOS_REF: refs/heads/H214-salidas-de-cada-uno-de-los-diferentes-modulos-a-output
job-core	Checkout code	2025-03-31T08:49:12.0719137Z   KAOS_MODULE: [Ka0S] kaos
job-core	Checkout code	2025-03-31T08:49:12.0720405Z   KAOS_PATH_RESUME: core/results/k/
job-core	Checkout code	2025-03-31T08:49:12.0721763Z   KAOS_JSON: core/results/event_data_
job-core	Checkout code	2025-03-31T08:49:12.0723087Z   KAOS_ACTOR: santakloud
job-core	Checkout code	2025-03-31T08:49:12.0724213Z   GITHUB_OUTPUT: 
job-core	Checkout code	2025-03-31T08:49:12.0725194Z ##[endgroup]
job-core	Checkout code	2025-03-31T08:49:12.2273832Z Syncing repository: Ka0s-Klaus/ka0s
job-core	Checkout code	2025-03-31T08:49:12.2277462Z ##[group]Getting Git version info
job-core	Checkout code	2025-03-31T08:49:12.2279215Z Working directory is '/actions-runner/_work/ka0s/ka0s'
job-core	Checkout code	2025-03-31T08:49:12.2281966Z [command]/usr/bin/git version
job-core	Checkout code	2025-03-31T08:49:12.2283293Z git version 2.48.1
job-core	Checkout code	2025-03-31T08:49:12.2311605Z ##[endgroup]
job-core	Checkout code	2025-03-31T08:49:12.2330561Z Copying '/home/kaos/.gitconfig' to '/actions-runner/_work/_temp/1a23bdf3-dd41-407c-86b5-fcd1380522de/.gitconfig'
job-core	Checkout code	2025-03-31T08:49:12.2349397Z Temporarily overriding HOME='/actions-runner/_work/_temp/1a23bdf3-dd41-407c-86b5-fcd1380522de' before making global git config changes
job-core	Checkout code	2025-03-31T08:49:12.2358307Z Adding repository directory to the temporary git global config as a safe directory
job-core	Checkout code	2025-03-31T08:49:12.2364161Z [command]/usr/bin/git config --global --add safe.directory /actions-runner/_work/ka0s/ka0s
job-core	Checkout code	2025-03-31T08:49:12.2430226Z [command]/usr/bin/git config --local --get remote.origin.url
job-core	Checkout code	2025-03-31T08:49:12.2460549Z https://github.com/Ka0s-Klaus/ka0s
job-core	Checkout code	2025-03-31T08:49:12.2486351Z ##[group]Removing previously created refs, to avoid conflicts
job-core	Checkout code	2025-03-31T08:49:12.2492998Z [command]/usr/bin/git rev-parse --symbolic-full-name --verify --quiet HEAD
job-core	Checkout code	2025-03-31T08:49:12.2528039Z refs/heads/H214-salidas-de-cada-uno-de-los-diferentes-modulos-a-output
job-core	Checkout code	2025-03-31T08:49:12.2543362Z [command]/usr/bin/git checkout --detach
job-core	Checkout code	2025-03-31T08:49:12.2660751Z HEAD is now at d27f628 [Ka0S] Uploading resume execution files to the repository...
job-core	Checkout code	2025-03-31T08:49:12.2731871Z [command]/usr/bin/git branch --delete --force H214-salidas-de-cada-uno-de-los-diferentes-modulos-a-output
job-core	Checkout code	2025-03-31T08:49:12.2779270Z Deleted branch H214-salidas-de-cada-uno-de-los-diferentes-modulos-a-output (was d27f628).
job-core	Checkout code	2025-03-31T08:49:12.2854996Z ##[endgroup]
job-core	Checkout code	2025-03-31T08:49:12.2857293Z [command]/usr/bin/git submodule status
job-core	Checkout code	2025-03-31T08:49:12.3252610Z ##[group]Cleaning the repository
job-core	Checkout code	2025-03-31T08:49:12.3257402Z [command]/usr/bin/git clean -ffdx
job-core	Checkout code	2025-03-31T08:49:12.3333908Z [command]/usr/bin/git reset --hard HEAD
job-core	Checkout code	2025-03-31T08:49:12.3501285Z HEAD is now at d27f628 [Ka0S] Uploading resume execution files to the repository...
job-core	Checkout code	2025-03-31T08:49:12.3513779Z ##[endgroup]
job-core	Checkout code	2025-03-31T08:49:12.3517684Z ##[group]Disabling automatic garbage collection
job-core	Checkout code	2025-03-31T08:49:12.3520702Z [command]/usr/bin/git config --local gc.auto 0
job-core	Checkout code	2025-03-31T08:49:12.3576585Z ##[endgroup]
job-core	Checkout code	2025-03-31T08:49:12.3579694Z ##[group]Setting up auth
job-core	Checkout code	2025-03-31T08:49:12.3585505Z [command]/usr/bin/git config --local --name-only --get-regexp core\.sshCommand
job-core	Checkout code	2025-03-31T08:49:12.3641507Z [command]/usr/bin/git submodule foreach --recursive sh -c "git config --local --name-only --get-regexp 'core\.sshCommand' && git config --local --unset-all 'core.sshCommand' || :"
job-core	Checkout code	2025-03-31T08:49:12.4041185Z [command]/usr/bin/git config --local --name-only --get-regexp http\.https\:\/\/github\.com\/\.extraheader
job-core	Checkout code	2025-03-31T08:49:12.4083340Z [command]/usr/bin/git submodule foreach --recursive sh -c "git config --local --name-only --get-regexp 'http\.https\:\/\/github\.com\/\.extraheader' && git config --local --unset-all 'http.https://github.com/.extraheader' || :"
job-core	Checkout code	2025-03-31T08:49:12.4471249Z [command]/usr/bin/git config --local http.https://github.com/.extraheader AUTHORIZATION: basic ***
job-core	Checkout code	2025-03-31T08:49:12.4530391Z ##[endgroup]
job-core	Checkout code	2025-03-31T08:49:12.4532424Z ##[group]Fetching the repository
job-core	Checkout code	2025-03-31T08:49:12.4542331Z [command]/usr/bin/git -c protocol.version=2 fetch --prune --no-recurse-submodules origin +refs/heads/*:refs/remotes/origin/* +refs/tags/*:refs/tags/*
job-core	Checkout code	2025-03-31T08:49:13.7025413Z From https://github.com/Ka0s-Klaus/ka0s
job-core	Checkout code	2025-03-31T08:49:13.7028230Z    d27f628..85e5e22  H214-salidas-de-cada-uno-de-los-diferentes-modulos-a-output -> origin/H214-salidas-de-cada-uno-de-los-diferentes-modulos-a-output
job-core	Checkout code	2025-03-31T08:49:13.7031312Z    caa0fd6..791302a  main       -> origin/main
job-core	Checkout code	2025-03-31T08:49:13.7094670Z [command]/usr/bin/git branch --list --remote origin/H214-salidas-de-cada-uno-de-los-diferentes-modulos-a-output
job-core	Checkout code	2025-03-31T08:49:13.7134088Z   origin/H214-salidas-de-cada-uno-de-los-diferentes-modulos-a-output
job-core	Checkout code	2025-03-31T08:49:13.7147537Z [command]/usr/bin/git rev-parse refs/remotes/origin/H214-salidas-de-cada-uno-de-los-diferentes-modulos-a-output
job-core	Checkout code	2025-03-31T08:49:13.7182823Z 85e5e22b484d10ca14559e297ddee7b345345fb3
job-core	Checkout code	2025-03-31T08:49:13.7189567Z ##[endgroup]
job-core	Checkout code	2025-03-31T08:49:13.7191157Z ##[group]Determining the checkout info
job-core	Checkout code	2025-03-31T08:49:13.7192482Z ##[endgroup]
job-core	Checkout code	2025-03-31T08:49:13.7199314Z [command]/usr/bin/git sparse-checkout disable
job-core	Checkout code	2025-03-31T08:49:13.7276114Z [command]/usr/bin/git config --local --unset-all extensions.worktreeConfig
job-core	Checkout code	2025-03-31T08:49:13.7322281Z ##[group]Checking out the ref
job-core	Checkout code	2025-03-31T08:49:13.7329064Z [command]/usr/bin/git checkout --progress --force -B H214-salidas-de-cada-uno-de-los-diferentes-modulos-a-output refs/remotes/origin/H214-salidas-de-cada-uno-de-los-diferentes-modulos-a-output
job-core	Checkout code	2025-03-31T08:49:13.7507062Z Previous HEAD position was d27f628 [Ka0S] Uploading resume execution files to the repository...
job-core	Checkout code	2025-03-31T08:49:13.7525016Z Switched to a new branch 'H214-salidas-de-cada-uno-de-los-diferentes-modulos-a-output'
job-core	Checkout code	2025-03-31T08:49:13.7533600Z branch 'H214-salidas-de-cada-uno-de-los-diferentes-modulos-a-output' set up to track 'origin/H214-salidas-de-cada-uno-de-los-diferentes-modulos-a-output'.
job-core	Checkout code	2025-03-31T08:49:13.7567580Z ##[endgroup]
job-core	Checkout code	2025-03-31T08:49:13.7606082Z [command]/usr/bin/git log -1 --format=%H
job-core	Checkout code	2025-03-31T08:49:13.7647466Z 85e5e22b484d10ca14559e297ddee7b345345fb3
job-core	Validate file extensions	ï»¿2025-03-31T08:49:13.7947912Z ##[group]Run IFS=' ' read -r -a extensions <<< "***"
job-core	Validate file extensions	2025-03-31T08:49:13.7948770Z [36;1mIFS=' ' read -r -a extensions <<< "***"[0m
job-core	Validate file extensions	2025-03-31T08:49:13.7949317Z [36;1mfor file in $(git diff --name-only HEAD~1 HEAD); do[0m
job-core	Validate file extensions	2025-03-31T08:49:13.7949816Z [36;1m  extension="${file##*.}"[0m
job-core	Validate file extensions	2025-03-31T08:49:13.7950930Z [36;1m  if [[ ! " ${extensions[@]} " =~ " ${extension} " ]]; then[0m
job-core	Validate file extensions	2025-03-31T08:49:13.7951859Z [36;1m    echo "File $file has an invalid extension: $extension"[0m
job-core	Validate file extensions	2025-03-31T08:49:13.7952338Z [36;1m  fi[0m
job-core	Validate file extensions	2025-03-31T08:49:13.7952649Z [36;1mdone[0m
job-core	Validate file extensions	2025-03-31T08:49:13.7953285Z [36;1mRNNUMBER=$(echo "H214-salidas-de-cada-uno-de-los-diferentes-modulos-a-output" | grep -o '[0-9]*')[0m
job-core	Validate file extensions	2025-03-31T08:49:13.7954128Z [36;1mgh issue comment $RNNUMBER --body "Se inicia Ka0s 14167696469 "[0m
job-core	Validate file extensions	2025-03-31T08:49:13.7969142Z shell: /usr/bin/bash -e {0}
job-core	Validate file extensions	2025-03-31T08:49:13.7969580Z env:
job-core	Validate file extensions	2025-03-31T08:49:13.7969897Z   KAOS_CODE: 14167696469
job-core	Validate file extensions	2025-03-31T08:49:13.7970966Z   KAOS_EVENT_NAME: push
job-core	Validate file extensions	2025-03-31T08:49:13.7971391Z   KAOS_ACTION: 
job-core	Validate file extensions	2025-03-31T08:49:13.7971930Z   KAOS_REF: refs/heads/H214-salidas-de-cada-uno-de-los-diferentes-modulos-a-output
job-core	Validate file extensions	2025-03-31T08:49:13.7972544Z   KAOS_MODULE: [Ka0S] kaos
job-core	Validate file extensions	2025-03-31T08:49:13.7972932Z   KAOS_PATH_RESUME: core/results/k/
job-core	Validate file extensions	2025-03-31T08:49:13.7973341Z   KAOS_JSON: core/results/event_data_
job-core	Validate file extensions	2025-03-31T08:49:13.7973736Z   KAOS_ACTOR: santakloud
job-core	Validate file extensions	2025-03-31T08:49:13.7974273Z   GITHUB_OUTPUT: 
job-core	Validate file extensions	2025-03-31T08:49:13.7975032Z   GH_TOKEN: ***
job-core	Validate file extensions	2025-03-31T08:49:13.7975545Z ##[endgroup]
job-core	Validate file extensions	2025-03-31T08:49:13.8086488Z File core/outputs/c/README.md has an invalid extension: md
job-core	Validate file extensions	2025-03-31T08:49:13.8087847Z File core/outputs/k/README.md has an invalid extension: md
job-core	Validate file extensions	2025-03-31T08:49:13.8088475Z File core/outputs/o/README.md has an invalid extension: md
job-core	Validate file extensions	2025-03-31T08:49:13.8089086Z File core/outputs/v/README.md has an invalid extension: md
job-core	Validate file extensions	2025-03-31T08:49:15.1875128Z https://github.com/Ka0s-Klaus/ka0s/issues/214#issuecomment-2765563331
job-core	Crear JSON	ï»¿2025-03-31T08:49:15.2352388Z ##[group]Run echo "{}" >> core/results/event_data_14167696469.json
job-core	Crear JSON	2025-03-31T08:49:15.2353531Z [36;1mecho "{}" >> core/results/event_data_14167696469.json[0m
job-core	Crear JSON	2025-03-31T08:49:15.2354268Z [36;1mcase "push" in[0m
job-core	Crear JSON	2025-03-31T08:49:15.2354781Z [36;1m  "push")[0m
job-core	Crear JSON	2025-03-31T08:49:15.2357029Z [36;1m    echo "{\"event\": \"push\", \"ref\": \"refs/heads/H214-salidas-de-cada-uno-de-los-diferentes-modulos-a-output\", \"sha\": \"85e5e22b484d10ca14559e297ddee7b345345fb3\"}" >> core/results/event_data_14167696469.json # Ejemplo: {"event": "push", "ref": "refs/heads/main", "sha": "abc123"}[0m
job-core	Crear JSON	2025-03-31T08:49:15.2359787Z [36;1m    echo "Variable github.action=crear_json" >> core/results/event_data_14167696469.json[0m
job-core	Crear JSON	2025-03-31T08:49:15.2361074Z [36;1m    echo "Variable github.event.action="[0m
job-core	Crear JSON	2025-03-31T08:49:15.2362179Z [36;1m    echo "Variable github.event.pusher.name=santakloud" >> core/results/event_data_14167696469.json[0m
job-core	Crear JSON	2025-03-31T08:49:15.2363620Z [36;1m    echo "variable github.event.pusher.email=73332898+santakloud@users.noreply.github.com" >> core/results/event_data_14167696469.json[0m
job-core	Crear JSON	2025-03-31T08:49:15.2365053Z [36;1m    echo "Variable github.event.issue.number=" >> core/results/event_data_14167696469.json[0m
job-core	Crear JSON	2025-03-31T08:49:15.2366461Z [36;1m    #Crear un fichero de resumen con todos los datos de los commits asociados, esta informaciÃ³n es usada en todo el ciclo de vida del workflow[0m
job-core	Crear JSON	2025-03-31T08:49:15.2368494Z [36;1m    git log d27f628a44e4775d2f0fc6c0d7d98e133fc67b92..85e5e22b484d10ca14559e297ddee7b345345fb3 --pretty=format:'%H%n%an%n%ae%n%ad%n%s' > core/results/k/commit-summary-$KAOS_CODE_FILES.txt[0m
job-core	Crear JSON	2025-03-31T08:49:15.2371434Z [36;1m    # Crear un fichero con la ruta completa y el nombre ficheros implicados en el commit[0m
job-core	Crear JSON	2025-03-31T08:49:15.2373028Z [36;1m    git diff --name-only d27f628a44e4775d2f0fc6c0d7d98e133fc67b92 85e5e22b484d10ca14559e297ddee7b345345fb3 > core/results/k/files-in-commit-$KAOS_CODE_FILES.txt[0m
job-core	Crear JSON	2025-03-31T08:49:15.2374552Z [36;1m    INVOLVED=core/results/k/files-in-commit-$KAOS_CODE_FILES.txt[0m
job-core	Crear JSON	2025-03-31T08:49:15.2375327Z [36;1m    #echo "INVOLVED=$INVOLVED" >> $GITHUB_OUTPUT[0m
job-core	Crear JSON	2025-03-31T08:49:15.2376081Z [36;1m    echo "INVOLVED=$INVOLVED" >> core/results/event_data_14167696469.json[0m
job-core	Crear JSON	2025-03-31T08:49:15.2376760Z [36;1m    ;;[0m
job-core	Crear JSON	2025-03-31T08:49:15.2377148Z [36;1m  "pull_request")[0m
job-core	Crear JSON	2025-03-31T08:49:15.2378126Z [36;1m    echo "{\"event\": \"pull_request\", \"action\": \"\", \"number\": \"\"}" > event_data.json # Ejemplo: {"event": "pull_request", "action": "opened", "number": "42"}[0m
job-core	Crear JSON	2025-03-31T08:49:15.2379487Z [36;1m    ;;[0m
job-core	Crear JSON	2025-03-31T08:49:15.2379858Z [36;1m  "issues")[0m
job-core	Crear JSON	2025-03-31T08:49:15.2380900Z [36;1m    echo "{\"event\": \"issues\", \"action\": \"\", \"issue\": \"\"}" > event_data.json # Ejemplo: {"event": "issues", "action": "opened", "issue": "99"}[0m
job-core	Crear JSON	2025-03-31T08:49:15.2381831Z [36;1m    ;;[0m
job-core	Crear JSON	2025-03-31T08:49:15.2382216Z [36;1m  "issue_comment")[0m
job-core	Crear JSON	2025-03-31T08:49:15.2383264Z [36;1m    echo "{\"event\": \"issue_comment\", \"action\": \"\", \"comment\": \"\"}" > event_data.json # Ejemplo: {"event": "issue_comment", "action": "created", "comment": "123456"}[0m
job-core	Crear JSON	2025-03-31T08:49:15.2384336Z [36;1m    ;;[0m
job-core	Crear JSON	2025-03-31T08:49:15.2384698Z [36;1m  "create")[0m
job-core	Crear JSON	2025-03-31T08:49:15.2386673Z [36;1m    echo "{\"event\": \"create\", \"ref\": \"refs/heads/H214-salidas-de-cada-uno-de-los-diferentes-modulos-a-output\", \"ref_type\": \"refs/heads/H214-salidas-de-cada-uno-de-los-diferentes-modulos-a-output\"}" > event_data.json # Ejemplo: {"event": "create", "ref": "refs/tags/v1.0", "ref_type": "tag"}[0m
job-core	Crear JSON	2025-03-31T08:49:15.2388749Z [36;1m    ;;[0m
job-core	Crear JSON	2025-03-31T08:49:15.2389118Z [36;1m  "delete")[0m
job-core	Crear JSON	2025-03-31T08:49:15.2391213Z [36;1m    echo "{\"event\": \"delete\", \"ref\": \"refs/heads/H214-salidas-de-cada-uno-de-los-diferentes-modulos-a-output\", \"ref_type\": \"refs/heads/H214-salidas-de-cada-uno-de-los-diferentes-modulos-a-output\"}" > event_data.json # Ejemplo: {"event": "delete", "ref": "refs/heads/feature-branch", "ref_type": "branch"}[0m
job-core	Crear JSON	2025-03-31T08:49:15.2393660Z [36;1m    ;;[0m
job-core	Crear JSON	2025-03-31T08:49:15.2394036Z [36;1m  "release")[0m
job-core	Crear JSON	2025-03-31T08:49:15.2394970Z [36;1m    echo "{\"event\": \"release\", \"action\": \"\", \"release\": \"\"}" > event_data.json # Ejemplo: {"event": "release", "action": "published", "release": "v1.0"}[0m
job-core	Crear JSON	2025-03-31T08:49:15.2395973Z [36;1m    ;;[0m
job-core	Crear JSON	2025-03-31T08:49:15.2396351Z [36;1m  "watch")[0m
job-core	Crear JSON	2025-03-31T08:49:15.2397089Z [36;1m    echo "{\"event\": \"watch\", \"action\": \"\"}" > event_data.json # Ejemplo: {"event": "watch", "action": "started"}[0m
job-core	Crear JSON	2025-03-31T08:49:15.2397910Z [36;1m    ;;[0m
job-core	Crear JSON	2025-03-31T08:49:15.2398304Z [36;1m  "repository_dispatch")[0m
job-core	Crear JSON	2025-03-31T08:49:15.2399310Z [36;1m    echo "{\"event\": \"repository_dispatch\", \"action\": \"\"}" > event_data.json # Ejemplo: {"event": "repository_dispatch", "action": "custom-event"}[0m
job-core	Crear JSON	2025-03-31T08:49:15.2400552Z [36;1m    ;;[0m
job-core	Crear JSON	2025-03-31T08:49:15.2400945Z [36;1m  "workflow_dispatch")[0m
job-core	Crear JSON	2025-03-31T08:49:15.2401747Z [36;1m    echo "{\"event\": \"workflow_dispatch\"}" > event_data.json # Ejemplo: {"event": "workflow_dispatch"}[0m
job-core	Crear JSON	2025-03-31T08:49:15.2402560Z [36;1m    ;;[0m
job-core	Crear JSON	2025-03-31T08:49:15.2402922Z [36;1m  *)[0m
job-core	Crear JSON	2025-03-31T08:49:15.2403504Z [36;1m    echo "{\"event\": \"unknown\"}" > event_data.json # Ejemplo: {"event": "unknown"}[0m
job-core	Crear JSON	2025-03-31T08:49:15.2404195Z [36;1m    ;;[0m
job-core	Crear JSON	2025-03-31T08:49:15.2404568Z [36;1mesac      [0m
job-core	Crear JSON	2025-03-31T08:49:15.2416745Z shell: /usr/bin/bash -e {0}
job-core	Crear JSON	2025-03-31T08:49:15.2417194Z env:
job-core	Crear JSON	2025-03-31T08:49:15.2417486Z   KAOS_CODE: 14167696469
job-core	Crear JSON	2025-03-31T08:49:15.2417964Z   KAOS_EVENT_NAME: push
job-core	Crear JSON	2025-03-31T08:49:15.2418494Z   KAOS_ACTION: 
job-core	Crear JSON	2025-03-31T08:49:15.2419672Z   KAOS_REF: refs/heads/H214-salidas-de-cada-uno-de-los-diferentes-modulos-a-output
job-core	Crear JSON	2025-03-31T08:49:15.2421349Z   KAOS_MODULE: [Ka0S] kaos
job-core	Crear JSON	2025-03-31T08:49:15.2421771Z   KAOS_PATH_RESUME: core/results/k/
job-core	Crear JSON	2025-03-31T08:49:15.2422196Z   KAOS_JSON: core/results/event_data_
job-core	Crear JSON	2025-03-31T08:49:15.2422609Z   KAOS_ACTOR: santakloud
job-core	Crear JSON	2025-03-31T08:49:15.2422978Z   GITHUB_OUTPUT: 
job-core	Crear JSON	2025-03-31T08:49:15.2423297Z ##[endgroup]
job-core	Crear JSON	2025-03-31T08:49:15.2472959Z Variable github.event.action=
job-core	Set environment variable for ref	ï»¿2025-03-31T08:49:15.2583840Z ##[group]Run echo "GITHUB_REF=refs/heads/H214-salidas-de-cada-uno-de-los-diferentes-modulos-a-output" >> $GITHUB_ENV
job-core	Set environment variable for ref	2025-03-31T08:49:15.2584985Z [36;1mecho "GITHUB_REF=refs/heads/H214-salidas-de-cada-uno-de-los-diferentes-modulos-a-output" >> $GITHUB_ENV[0m
job-core	Set environment variable for ref	2025-03-31T08:49:15.2594836Z shell: /usr/bin/bash -e {0}
job-core	Set environment variable for ref	2025-03-31T08:49:15.2595240Z env:
job-core	Set environment variable for ref	2025-03-31T08:49:15.2595485Z   KAOS_CODE: 14167696469
job-core	Set environment variable for ref	2025-03-31T08:49:15.2595788Z   KAOS_EVENT_NAME: push
job-core	Set environment variable for ref	2025-03-31T08:49:15.2596078Z   KAOS_ACTION: 
job-core	Set environment variable for ref	2025-03-31T08:49:15.2596554Z   KAOS_REF: refs/heads/H214-salidas-de-cada-uno-de-los-diferentes-modulos-a-output
job-core	Set environment variable for ref	2025-03-31T08:49:15.2597118Z   KAOS_MODULE: [Ka0S] kaos
job-core	Set environment variable for ref	2025-03-31T08:49:15.2610724Z   KAOS_PATH_RESUME: core/results/k/
job-core	Set environment variable for ref	2025-03-31T08:49:15.2611188Z   KAOS_JSON: core/results/event_data_
job-core	Set environment variable for ref	2025-03-31T08:49:15.2611814Z   KAOS_ACTOR: santakloud
job-core	Set environment variable for ref	2025-03-31T08:49:15.2612120Z   GITHUB_OUTPUT: 
job-core	Set environment variable for ref	2025-03-31T08:49:15.2612386Z ##[endgroup]
job-core	Upload Files	ï»¿2025-03-31T08:49:15.2688194Z ##[group]Run echo "Uploading files to the repository..."
job-core	Upload Files	2025-03-31T08:49:15.2688777Z [36;1mecho "Uploading files to the repository..."[0m
job-core	Upload Files	2025-03-31T08:49:15.2689393Z [36;1mgit config --global user.name "***"[0m
job-core	Upload Files	2025-03-31T08:49:15.2689881Z [36;1mgit config --global user.email "***"[0m
job-core	Upload Files	2025-03-31T08:49:15.2690582Z [36;1mgit pull[0m
job-core	Upload Files	2025-03-31T08:49:15.2691040Z [36;1mgit add core/results/event_data_*[0m
job-core	Upload Files	2025-03-31T08:49:15.2699608Z [36;1mgit commit -m "[Ka0S] Uploading resume execution files to the repository..."[0m
job-core	Upload Files	2025-03-31T08:49:15.2701169Z [36;1mgit push origin refs/heads/H214-salidas-de-cada-uno-de-los-diferentes-modulos-a-output[0m
job-core	Upload Files	2025-03-31T08:49:15.2701837Z [36;1mgit push origin $GITHUB_REF     [0m
job-core	Upload Files	2025-03-31T08:49:15.2711399Z shell: /usr/bin/bash -e {0}
job-core	Upload Files	2025-03-31T08:49:15.2711729Z env:
job-core	Upload Files	2025-03-31T08:49:15.2711975Z   KAOS_CODE: 14167696469
job-core	Upload Files	2025-03-31T08:49:15.2712273Z   KAOS_EVENT_NAME: push
job-core	Upload Files	2025-03-31T08:49:15.2712558Z   KAOS_ACTION: 
job-core	Upload Files	2025-03-31T08:49:15.2713036Z   KAOS_REF: refs/heads/H214-salidas-de-cada-uno-de-los-diferentes-modulos-a-output
job-core	Upload Files	2025-03-31T08:49:15.2713633Z   KAOS_MODULE: [Ka0S] kaos
job-core	Upload Files	2025-03-31T08:49:15.2713951Z   KAOS_PATH_RESUME: core/results/k/
job-core	Upload Files	2025-03-31T08:49:15.2714314Z   KAOS_JSON: core/results/event_data_
job-core	Upload Files	2025-03-31T08:49:15.2714669Z   KAOS_ACTOR: santakloud
job-core	Upload Files	2025-03-31T08:49:15.2714960Z   GITHUB_OUTPUT: 
job-core	Upload Files	2025-03-31T08:49:15.2715437Z   GITHUB_REF: refs/heads/H214-salidas-de-cada-uno-de-los-diferentes-modulos-a-output
job-core	Upload Files	2025-03-31T08:49:15.2716027Z ##[endgroup]
job-core	Upload Files	2025-03-31T08:49:15.2755211Z Uploading files to the repository...
job-core	Upload Files	2025-03-31T08:49:16.0546180Z Already up to date.
job-core	Upload Files	2025-03-31T08:49:16.0774712Z [H214-salidas-de-cada-uno-de-los-diferentes-modulos-a-output 1fd4121] [Ka0S] Uploading resume execution files to the repository...
job-core	Upload Files	2025-03-31T08:49:16.0777826Z  1 file changed, 7 insertions(+)
job-core	Upload Files	2025-03-31T08:49:16.0779243Z  create mode 100644 core/results/event_data_14167696469.json
job-core	Upload Files	2025-03-31T08:49:17.1065528Z To https://github.com/Ka0s-Klaus/ka0s
job-core	Upload Files	2025-03-31T08:49:17.1072584Z    85e5e22..1fd4121  H214-salidas-de-cada-uno-de-los-diferentes-modulos-a-output -> H214-salidas-de-cada-uno-de-los-diferentes-modulos-a-output
job-core	Upload Files	2025-03-31T08:49:17.7268981Z Everything up-to-date
job-core	Run git diff --name-only d27f628a44e4775d2f0fc6c0d7d98e133fc67b92 85e5e22b484d10ca14559e297ddee7b345345fb3 > files-in-commit.txt	ï»¿2025-03-31T08:49:17.7606543Z ##[group]Run git diff --name-only d27f628a44e4775d2f0fc6c0d7d98e133fc67b92 85e5e22b484d10ca14559e297ddee7b345345fb3 > files-in-commit.txt
job-core	Run git diff --name-only d27f628a44e4775d2f0fc6c0d7d98e133fc67b92 85e5e22b484d10ca14559e297ddee7b345345fb3 > files-in-commit.txt	2025-03-31T08:49:17.7611924Z [36;1mgit diff --name-only d27f628a44e4775d2f0fc6c0d7d98e133fc67b92 85e5e22b484d10ca14559e297ddee7b345345fb3 > files-in-commit.txt[0m
job-core	Run git diff --name-only d27f628a44e4775d2f0fc6c0d7d98e133fc67b92 85e5e22b484d10ca14559e297ddee7b345345fb3 > files-in-commit.txt	2025-03-31T08:49:17.7614825Z [36;1mcat files-in-commit.txt[0m
job-core	Run git diff --name-only d27f628a44e4775d2f0fc6c0d7d98e133fc67b92 85e5e22b484d10ca14559e297ddee7b345345fb3 > files-in-commit.txt	2025-03-31T08:49:17.7616287Z [36;1m# Nuevo proceso de activacion de los modulos[0m
job-core	Run git diff --name-only d27f628a44e4775d2f0fc6c0d7d98e133fc67b92 85e5e22b484d10ca14559e297ddee7b345345fb3 > files-in-commit.txt	2025-03-31T08:49:17.7617801Z [36;1mwhile IFS= read -r line; do[0m
job-core	Run git diff --name-only d27f628a44e4775d2f0fc6c0d7d98e133fc67b92 85e5e22b484d10ca14559e297ddee7b345345fb3 > files-in-commit.txt	2025-03-31T08:49:17.7619196Z [36;1m  # Skip files in core/outputs directory[0m
job-core	Run git diff --name-only d27f628a44e4775d2f0fc6c0d7d98e133fc67b92 85e5e22b484d10ca14559e297ddee7b345345fb3 > files-in-commit.txt	2025-03-31T08:49:17.7621007Z [36;1m  if [[ "$line" == core/outputs/* ]]; then[0m
job-core	Run git diff --name-only d27f628a44e4775d2f0fc6c0d7d98e133fc67b92 85e5e22b484d10ca14559e297ddee7b345345fb3 > files-in-commit.txt	2025-03-31T08:49:17.7622689Z [36;1m    echo "Skipping file in outputs directory: $line"[0m
job-core	Run git diff --name-only d27f628a44e4775d2f0fc6c0d7d98e133fc67b92 85e5e22b484d10ca14559e297ddee7b345345fb3 > files-in-commit.txt	2025-03-31T08:49:17.7624192Z [36;1m    continue[0m
job-core	Run git diff --name-only d27f628a44e4775d2f0fc6c0d7d98e133fc67b92 85e5e22b484d10ca14559e297ddee7b345345fb3 > files-in-commit.txt	2025-03-31T08:49:17.7625180Z [36;1m  fi[0m
job-core	Run git diff --name-only d27f628a44e4775d2f0fc6c0d7d98e133fc67b92 85e5e22b484d10ca14559e297ddee7b345345fb3 > files-in-commit.txt	2025-03-31T08:49:17.7626754Z [36;1m  echo "I Leemos el fichero files-in-commit.txt y extraemos el fichero $line"[0m
job-core	Run git diff --name-only d27f628a44e4775d2f0fc6c0d7d98e133fc67b92 85e5e22b484d10ca14559e297ddee7b345345fb3 > files-in-commit.txt	2025-03-31T08:49:17.7628667Z [36;1m  module_failed=0[0m
job-core	Run git diff --name-only d27f628a44e4775d2f0fc6c0d7d98e133fc67b92 85e5e22b484d10ca14559e297ddee7b345345fb3 > files-in-commit.txt	2025-03-31T08:49:17.7631256Z [36;1m  extension_failed=0[0m
job-core	Run git diff --name-only d27f628a44e4775d2f0fc6c0d7d98e133fc67b92 85e5e22b484d10ca14559e297ddee7b345345fb3 > files-in-commit.txt	2025-03-31T08:49:17.7632486Z [36;1m  file_name=$(basename "$line")[0m
job-core	Run git diff --name-only d27f628a44e4775d2f0fc6c0d7d98e133fc67b92 85e5e22b484d10ca14559e297ddee7b345345fb3 > files-in-commit.txt	2025-03-31T08:49:17.7634093Z [36;1m  echo "I-1 Calculamos el nombre del fichero $file_name"[0m
job-core	Run git diff --name-only d27f628a44e4775d2f0fc6c0d7d98e133fc67b92 85e5e22b484d10ca14559e297ddee7b345345fb3 > files-in-commit.txt	2025-03-31T08:49:17.7635764Z [36;1m  file_extension="${file_name##*.}"[0m
job-core	Run git diff --name-only d27f628a44e4775d2f0fc6c0d7d98e133fc67b92 85e5e22b484d10ca14559e297ddee7b345345fb3 > files-in-commit.txt	2025-03-31T08:49:17.7637648Z [36;1m  echo "I-2 Calculamos la extension del fichero $file_extension"[0m
job-core	Run git diff --name-only d27f628a44e4775d2f0fc6c0d7d98e133fc67b92 85e5e22b484d10ca14559e297ddee7b345345fb3 > files-in-commit.txt	2025-03-31T08:49:17.7639504Z [36;1m  file_module="$file_extension""lint.yml"[0m
job-core	Run git diff --name-only d27f628a44e4775d2f0fc6c0d7d98e133fc67b92 85e5e22b484d10ca14559e297ddee7b345345fb3 > files-in-commit.txt	2025-03-31T08:49:17.7641545Z [36;1m  echo "I-3 Calculamos el modulo $file_module"[0m
job-core	Run git diff --name-only d27f628a44e4775d2f0fc6c0d7d98e133fc67b92 85e5e22b484d10ca14559e297ddee7b345345fb3 > files-in-commit.txt	2025-03-31T08:49:17.7643157Z [36;1m  IFS=',' read -r -a file_array <<< "$files"[0m
job-core	Run git diff --name-only d27f628a44e4775d2f0fc6c0d7d98e133fc67b92 85e5e22b484d10ca14559e297ddee7b345345fb3 > files-in-commit.txt	2025-03-31T08:49:17.7644647Z [36;1m  for file in "${file_array[@]}"; do[0m
job-core	Run git diff --name-only d27f628a44e4775d2f0fc6c0d7d98e133fc67b92 85e5e22b484d10ca14559e297ddee7b345345fb3 > files-in-commit.txt	2025-03-31T08:49:17.7646087Z [36;1m    echo "II Leemos el array de $file"[0m
job-core	Run git diff --name-only d27f628a44e4775d2f0fc6c0d7d98e133fc67b92 85e5e22b484d10ca14559e297ddee7b345345fb3 > files-in-commit.txt	2025-03-31T08:49:17.7647591Z [36;1m    if [[ "$file_extension" == "$file" ]]; then[0m
job-core	Run git diff --name-only d27f628a44e4775d2f0fc6c0d7d98e133fc67b92 85e5e22b484d10ca14559e297ddee7b345345fb3 > files-in-commit.txt	2025-03-31T08:49:17.7649391Z [36;1m      echo "III Comprobamos si $file_extension es igual a $file"[0m
job-core	Run git diff --name-only d27f628a44e4775d2f0fc6c0d7d98e133fc67b92 85e5e22b484d10ca14559e297ddee7b345345fb3 > files-in-commit.txt	2025-03-31T08:49:17.7651858Z [36;1m      IFS=',' read -r -a module_array <<< "$modules"[0m
job-core	Run git diff --name-only d27f628a44e4775d2f0fc6c0d7d98e133fc67b92 85e5e22b484d10ca14559e297ddee7b345345fb3 > files-in-commit.txt	2025-03-31T08:49:17.7653583Z [36;1m      for module in "${module_array[@]}"; do[0m
job-core	Run git diff --name-only d27f628a44e4775d2f0fc6c0d7d98e133fc67b92 85e5e22b484d10ca14559e297ddee7b345345fb3 > files-in-commit.txt	2025-03-31T08:49:17.7655080Z [36;1m        echo "IV Leemos el array $module"[0m
job-core	Run git diff --name-only d27f628a44e4775d2f0fc6c0d7d98e133fc67b92 85e5e22b484d10ca14559e297ddee7b345345fb3 > files-in-commit.txt	2025-03-31T08:49:17.7656610Z [36;1m        if [[ "$file_module" == *"$module"* ]]; then[0m
job-core	Run git diff --name-only d27f628a44e4775d2f0fc6c0d7d98e133fc67b92 85e5e22b484d10ca14559e297ddee7b345345fb3 > files-in-commit.txt	2025-03-31T08:49:17.7658711Z [36;1m          echo "V Comprobamos que el $file_module es igual a $module y ejecutamos el flujo"[0m
job-core	Run git diff --name-only d27f628a44e4775d2f0fc6c0d7d98e133fc67b92 85e5e22b484d10ca14559e297ddee7b345345fb3 > files-in-commit.txt	2025-03-31T08:49:17.7661189Z [36;1m          # Si hemos llegado hasta aquÃ­ ejecutamos el mÃ³dulo[0m
job-core	Run git diff --name-only d27f628a44e4775d2f0fc6c0d7d98e133fc67b92 85e5e22b484d10ca14559e297ddee7b345345fb3 > files-in-commit.txt	2025-03-31T08:49:17.7662851Z [36;1m          # Lanzamos el lint del fichero[0m
job-core	Run git diff --name-only d27f628a44e4775d2f0fc6c0d7d98e133fc67b92 85e5e22b484d10ca14559e297ddee7b345345fb3 > files-in-commit.txt	2025-03-31T08:49:17.7665586Z [36;1m          RNNUMBER=$(echo "refs/heads/H214-salidas-de-cada-uno-de-los-diferentes-modulos-a-output" | grep -o '[0-9]*')[0m
job-core	Run git diff --name-only d27f628a44e4775d2f0fc6c0d7d98e133fc67b92 85e5e22b484d10ca14559e297ddee7b345345fb3 > files-in-commit.txt	2025-03-31T08:49:17.7668434Z [36;1m          echo "El numero de la issue es: $RNNUMBER"[0m
job-core	Run git diff --name-only d27f628a44e4775d2f0fc6c0d7d98e133fc67b92 85e5e22b484d10ca14559e297ddee7b345345fb3 > files-in-commit.txt	2025-03-31T08:49:17.7673102Z [36;1m          gh workflow run $file_module --ref refs/heads/H214-salidas-de-cada-uno-de-los-diferentes-modulos-a-output -f kaos-origin=14167696469 -f kaos-files=$line -f kaos-issue-id=$RNNUMBER -f kaos-user-start=santakloud[0m
job-core	Run git diff --name-only d27f628a44e4775d2f0fc6c0d7d98e133fc67b92 85e5e22b484d10ca14559e297ddee7b345345fb3 > files-in-commit.txt	2025-03-31T08:49:17.7677413Z [36;1m          module_failed=0[0m
job-core	Run git diff --name-only d27f628a44e4775d2f0fc6c0d7d98e133fc67b92 85e5e22b484d10ca14559e297ddee7b345345fb3 > files-in-commit.txt	2025-03-31T08:49:17.7678662Z [36;1m          extension_failed=0[0m
job-core	Run git diff --name-only d27f628a44e4775d2f0fc6c0d7d98e133fc67b92 85e5e22b484d10ca14559e297ddee7b345345fb3 > files-in-commit.txt	2025-03-31T08:49:17.7679887Z [36;1m          break[0m
job-core	Run git diff --name-only d27f628a44e4775d2f0fc6c0d7d98e133fc67b92 85e5e22b484d10ca14559e297ddee7b345345fb3 > files-in-commit.txt	2025-03-31T08:49:17.7681427Z [36;1m        else[0m
job-core	Run git diff --name-only d27f628a44e4775d2f0fc6c0d7d98e133fc67b92 85e5e22b484d10ca14559e297ddee7b345345fb3 > files-in-commit.txt	2025-03-31T08:49:17.7682780Z [36;1m          # Control de si existe el modulo para esa extension"[0m
job-core	Run git diff --name-only d27f628a44e4775d2f0fc6c0d7d98e133fc67b92 85e5e22b484d10ca14559e297ddee7b345345fb3 > files-in-commit.txt	2025-03-31T08:49:17.7685121Z [36;1m          echo "VI No es igual $file_module a $module y lo indicamos en la variable module_failed=1"[0m
job-core	Run git diff --name-only d27f628a44e4775d2f0fc6c0d7d98e133fc67b92 85e5e22b484d10ca14559e297ddee7b345345fb3 > files-in-commit.txt	2025-03-31T08:49:17.7687178Z [36;1m          module_failed=1[0m
job-core	Run git diff --name-only d27f628a44e4775d2f0fc6c0d7d98e133fc67b92 85e5e22b484d10ca14559e297ddee7b345345fb3 > files-in-commit.txt	2025-03-31T08:49:17.7688342Z [36;1m        fi[0m
job-core	Run git diff --name-only d27f628a44e4775d2f0fc6c0d7d98e133fc67b92 85e5e22b484d10ca14559e297ddee7b345345fb3 > files-in-commit.txt	2025-03-31T08:49:17.7689309Z [36;1m      done[0m
job-core	Run git diff --name-only d27f628a44e4775d2f0fc6c0d7d98e133fc67b92 85e5e22b484d10ca14559e297ddee7b345345fb3 > files-in-commit.txt	2025-03-31T08:49:17.7690682Z [36;1m      break[0m
job-core	Run git diff --name-only d27f628a44e4775d2f0fc6c0d7d98e133fc67b92 85e5e22b484d10ca14559e297ddee7b345345fb3 > files-in-commit.txt	2025-03-31T08:49:17.7691693Z [36;1m    else[0m
job-core	Run git diff --name-only d27f628a44e4775d2f0fc6c0d7d98e133fc67b92 85e5e22b484d10ca14559e297ddee7b345345fb3 > files-in-commit.txt	2025-03-31T08:49:17.7692953Z [36;1m      # Control de si existe el modulo para esa extension"[0m
job-core	Run git diff --name-only d27f628a44e4775d2f0fc6c0d7d98e133fc67b92 85e5e22b484d10ca14559e297ddee7b345345fb3 > files-in-commit.txt	2025-03-31T08:49:17.7696234Z [36;1m      echo "VII No es igual $file_extension a $file y lo indicamos en la variable extension_failed=1"[0m
job-core	Run git diff --name-only d27f628a44e4775d2f0fc6c0d7d98e133fc67b92 85e5e22b484d10ca14559e297ddee7b345345fb3 > files-in-commit.txt	2025-03-31T08:49:17.7698344Z [36;1m      extension_failed=1[0m
job-core	Run git diff --name-only d27f628a44e4775d2f0fc6c0d7d98e133fc67b92 85e5e22b484d10ca14559e297ddee7b345345fb3 > files-in-commit.txt	2025-03-31T08:49:17.7699531Z [36;1m    fi  [0m
job-core	Run git diff --name-only d27f628a44e4775d2f0fc6c0d7d98e133fc67b92 85e5e22b484d10ca14559e297ddee7b345345fb3 > files-in-commit.txt	2025-03-31T08:49:17.7700985Z [36;1m  done[0m
job-core	Run git diff --name-only d27f628a44e4775d2f0fc6c0d7d98e133fc67b92 85e5e22b484d10ca14559e297ddee7b345345fb3 > files-in-commit.txt	2025-03-31T08:49:17.7702040Z [36;1m  if [[ $module_failed == 1 ]]; then[0m
job-core	Run git diff --name-only d27f628a44e4775d2f0fc6c0d7d98e133fc67b92 85e5e22b484d10ca14559e297ddee7b345345fb3 > files-in-commit.txt	2025-03-31T08:49:17.7703970Z [36;1m    echo "IX Si el modulo falla ($module_failed) aÃ±adimos el comentario a la issue"[0m
job-core	Run git diff --name-only d27f628a44e4775d2f0fc6c0d7d98e133fc67b92 85e5e22b484d10ca14559e297ddee7b345345fb3 > files-in-commit.txt	2025-03-31T08:49:17.7706390Z [36;1m    # Si hemos llegado hasta aquÃ­ aÃ±adimos el mensaje de que la extension esta permitida pero no dispone de modulo activo y aqui finaliza el proceso[0m
job-core	Run git diff --name-only d27f628a44e4775d2f0fc6c0d7d98e133fc67b92 85e5e22b484d10ca14559e297ddee7b345345fb3 > files-in-commit.txt	2025-03-31T08:49:17.7708502Z [36;1m    # AÃ±adimos los valores a las variables de la issue[0m
job-core	Run git diff --name-only d27f628a44e4775d2f0fc6c0d7d98e133fc67b92 85e5e22b484d10ca14559e297ddee7b345345fb3 > files-in-commit.txt	2025-03-31T08:49:17.7711521Z [36;1m    KAOS_ISSUE_BODY="[Ka0S] kaos ha detectado que la extensiÃ³n ($file_extension) esta permitida dentro de KAOS_CORE_FILES, pero el mÃ³dulo asociado ($file_module) no esta activo. Por favor compruebe que exista y esta activo."[0m
job-core	Run git diff --name-only d27f628a44e4775d2f0fc6c0d7d98e133fc67b92 85e5e22b484d10ca14559e297ddee7b345345fb3 > files-in-commit.txt	2025-03-31T08:49:17.7714682Z [36;1m    # AÃ±adimos el comentario a la issue[0m
job-core	Run git diff --name-only d27f628a44e4775d2f0fc6c0d7d98e133fc67b92 85e5e22b484d10ca14559e297ddee7b345345fb3 > files-in-commit.txt	2025-03-31T08:49:17.7716530Z [36;1m    RNNUMBER=$(echo "refs/heads/H214-salidas-de-cada-uno-de-los-diferentes-modulos-a-output" | grep -o '[0-9]*')[0m
job-core	Run git diff --name-only d27f628a44e4775d2f0fc6c0d7d98e133fc67b92 85e5e22b484d10ca14559e297ddee7b345345fb3 > files-in-commit.txt	2025-03-31T08:49:17.7718532Z [36;1m    gh issue comment $RNNUMBER --body "$KAOS_ISSUE_BODY"[0m
job-core	Run git diff --name-only d27f628a44e4775d2f0fc6c0d7d98e133fc67b92 85e5e22b484d10ca14559e297ddee7b345345fb3 > files-in-commit.txt	2025-03-31T08:49:17.7719552Z [36;1m  fi[0m
job-core	Run git diff --name-only d27f628a44e4775d2f0fc6c0d7d98e133fc67b92 85e5e22b484d10ca14559e297ddee7b345345fb3 > files-in-commit.txt	2025-03-31T08:49:17.7720596Z [36;1m  if [[ $extension_failed == 1 ]]; then[0m
job-core	Run git diff --name-only d27f628a44e4775d2f0fc6c0d7d98e133fc67b92 85e5e22b484d10ca14559e297ddee7b345345fb3 > files-in-commit.txt	2025-03-31T08:49:17.7722060Z [36;1m    echo "X Si extension falla falla ($extension_failed) aÃ±adimos el comentario a la issue"[0m
job-core	Run git diff --name-only d27f628a44e4775d2f0fc6c0d7d98e133fc67b92 85e5e22b484d10ca14559e297ddee7b345345fb3 > files-in-commit.txt	2025-03-31T08:49:17.7723967Z [36;1m    # Si hemos llegado hasta aquÃ­ aÃ±adimos el mensaje de que la extension no esta permitida[0m
job-core	Run git diff --name-only d27f628a44e4775d2f0fc6c0d7d98e133fc67b92 85e5e22b484d10ca14559e297ddee7b345345fb3 > files-in-commit.txt	2025-03-31T08:49:17.7725534Z [36;1m    # AÃ±adimos los valores a las variables de la issue[0m
job-core	Run git diff --name-only d27f628a44e4775d2f0fc6c0d7d98e133fc67b92 85e5e22b484d10ca14559e297ddee7b345345fb3 > files-in-commit.txt	2025-03-31T08:49:17.7727849Z [36;1m    KAOS_ISSUE_BODY="[Ka0S] kaos ha detectado que la extensiÃ³n ($file_extension) NO esta permitida dentro de KAOS_CORE_FILES. Por favor compruebe que exista y esta activo."[0m
job-core	Run git diff --name-only d27f628a44e4775d2f0fc6c0d7d98e133fc67b92 85e5e22b484d10ca14559e297ddee7b345345fb3 > files-in-commit.txt	2025-03-31T08:49:17.7746373Z [36;1m    # AÃ±adimos el comentario a la issue[0m
job-core	Run git diff --name-only d27f628a44e4775d2f0fc6c0d7d98e133fc67b92 85e5e22b484d10ca14559e297ddee7b345345fb3 > files-in-commit.txt	2025-03-31T08:49:17.7748432Z [36;1m    RNNUMBER=$(echo "refs/heads/H214-salidas-de-cada-uno-de-los-diferentes-modulos-a-output" | grep -o '[0-9]*')[0m
job-core	Run git diff --name-only d27f628a44e4775d2f0fc6c0d7d98e133fc67b92 85e5e22b484d10ca14559e297ddee7b345345fb3 > files-in-commit.txt	2025-03-31T08:49:17.7750560Z [36;1m    gh issue comment $RNNUMBER --body "$KAOS_ISSUE_BODY"[0m
job-core	Run git diff --name-only d27f628a44e4775d2f0fc6c0d7d98e133fc67b92 85e5e22b484d10ca14559e297ddee7b345345fb3 > files-in-commit.txt	2025-03-31T08:49:17.7751607Z [36;1m  fi  [0m
job-core	Run git diff --name-only d27f628a44e4775d2f0fc6c0d7d98e133fc67b92 85e5e22b484d10ca14559e297ddee7b345345fb3 > files-in-commit.txt	2025-03-31T08:49:17.7752333Z [36;1mdone < files-in-commit.txt      [0m
job-core	Run git diff --name-only d27f628a44e4775d2f0fc6c0d7d98e133fc67b92 85e5e22b484d10ca14559e297ddee7b345345fb3 > files-in-commit.txt	2025-03-31T08:49:17.7769451Z shell: /usr/bin/bash -e {0}
job-core	Run git diff --name-only d27f628a44e4775d2f0fc6c0d7d98e133fc67b92 85e5e22b484d10ca14559e297ddee7b345345fb3 > files-in-commit.txt	2025-03-31T08:49:17.7770120Z env:
job-core	Run git diff --name-only d27f628a44e4775d2f0fc6c0d7d98e133fc67b92 85e5e22b484d10ca14559e297ddee7b345345fb3 > files-in-commit.txt	2025-03-31T08:49:17.7770572Z   KAOS_CODE: 14167696469
job-core	Run git diff --name-only d27f628a44e4775d2f0fc6c0d7d98e133fc67b92 85e5e22b484d10ca14559e297ddee7b345345fb3 > files-in-commit.txt	2025-03-31T08:49:17.7771121Z   KAOS_EVENT_NAME: push
job-core	Run git diff --name-only d27f628a44e4775d2f0fc6c0d7d98e133fc67b92 85e5e22b484d10ca14559e297ddee7b345345fb3 > files-in-commit.txt	2025-03-31T08:49:17.7771637Z   KAOS_ACTION: 
job-core	Run git diff --name-only d27f628a44e4775d2f0fc6c0d7d98e133fc67b92 85e5e22b484d10ca14559e297ddee7b345345fb3 > files-in-commit.txt	2025-03-31T08:49:17.7772521Z   KAOS_REF: refs/heads/H214-salidas-de-cada-uno-de-los-diferentes-modulos-a-output
job-core	Run git diff --name-only d27f628a44e4775d2f0fc6c0d7d98e133fc67b92 85e5e22b484d10ca14559e297ddee7b345345fb3 > files-in-commit.txt	2025-03-31T08:49:17.7773549Z   KAOS_MODULE: [Ka0S] kaos
job-core	Run git diff --name-only d27f628a44e4775d2f0fc6c0d7d98e133fc67b92 85e5e22b484d10ca14559e297ddee7b345345fb3 > files-in-commit.txt	2025-03-31T08:49:17.7774126Z   KAOS_PATH_RESUME: core/results/k/
job-core	Run git diff --name-only d27f628a44e4775d2f0fc6c0d7d98e133fc67b92 85e5e22b484d10ca14559e297ddee7b345345fb3 > files-in-commit.txt	2025-03-31T08:49:17.7774774Z   KAOS_JSON: core/results/event_data_
job-core	Run git diff --name-only d27f628a44e4775d2f0fc6c0d7d98e133fc67b92 85e5e22b484d10ca14559e297ddee7b345345fb3 > files-in-commit.txt	2025-03-31T08:49:17.7775451Z   KAOS_ACTOR: santakloud
job-core	Run git diff --name-only d27f628a44e4775d2f0fc6c0d7d98e133fc67b92 85e5e22b484d10ca14559e297ddee7b345345fb3 > files-in-commit.txt	2025-03-31T08:49:17.7775986Z   GITHUB_OUTPUT: 
job-core	Run git diff --name-only d27f628a44e4775d2f0fc6c0d7d98e133fc67b92 85e5e22b484d10ca14559e297ddee7b345345fb3 > files-in-commit.txt	2025-03-31T08:49:17.7776879Z   GITHUB_REF: refs/heads/H214-salidas-de-cada-uno-de-los-diferentes-modulos-a-output
job-core	Run git diff --name-only d27f628a44e4775d2f0fc6c0d7d98e133fc67b92 85e5e22b484d10ca14559e297ddee7b345345fb3 > files-in-commit.txt	2025-03-31T08:49:17.7778460Z   modules: ***
job-core	Run git diff --name-only d27f628a44e4775d2f0fc6c0d7d98e133fc67b92 85e5e22b484d10ca14559e297ddee7b345345fb3 > files-in-commit.txt	2025-03-31T08:49:17.7778999Z   files: ***
job-core	Run git diff --name-only d27f628a44e4775d2f0fc6c0d7d98e133fc67b92 85e5e22b484d10ca14559e297ddee7b345345fb3 > files-in-commit.txt	2025-03-31T08:49:17.7779706Z   GH_TOKEN: ***
job-core	Run git diff --name-only d27f628a44e4775d2f0fc6c0d7d98e133fc67b92 85e5e22b484d10ca14559e297ddee7b345345fb3 > files-in-commit.txt	2025-03-31T08:49:17.7780265Z ##[endgroup]
job-core	Run git diff --name-only d27f628a44e4775d2f0fc6c0d7d98e133fc67b92 85e5e22b484d10ca14559e297ddee7b345345fb3 > files-in-commit.txt	2025-03-31T08:49:17.7899028Z core/outputs/c/README.md
job-core	Run git diff --name-only d27f628a44e4775d2f0fc6c0d7d98e133fc67b92 85e5e22b484d10ca14559e297ddee7b345345fb3 > files-in-commit.txt	2025-03-31T08:49:17.7900165Z core/outputs/k/README.md
job-core	Run git diff --name-only d27f628a44e4775d2f0fc6c0d7d98e133fc67b92 85e5e22b484d10ca14559e297ddee7b345345fb3 > files-in-commit.txt	2025-03-31T08:49:17.7900662Z core/outputs/o/README.md
job-core	Run git diff --name-only d27f628a44e4775d2f0fc6c0d7d98e133fc67b92 85e5e22b484d10ca14559e297ddee7b345345fb3 > files-in-commit.txt	2025-03-31T08:49:17.7901033Z core/outputs/v/README.md
job-core	Run git diff --name-only d27f628a44e4775d2f0fc6c0d7d98e133fc67b92 85e5e22b484d10ca14559e297ddee7b345345fb3 > files-in-commit.txt	2025-03-31T08:49:17.7904935Z Skipping file in outputs directory: core/outputs/c/README.md
job-core	Run git diff --name-only d27f628a44e4775d2f0fc6c0d7d98e133fc67b92 85e5e22b484d10ca14559e297ddee7b345345fb3 > files-in-commit.txt	2025-03-31T08:49:17.7906831Z Skipping file in outputs directory: core/outputs/k/README.md
job-core	Run git diff --name-only d27f628a44e4775d2f0fc6c0d7d98e133fc67b92 85e5e22b484d10ca14559e297ddee7b345345fb3 > files-in-commit.txt	2025-03-31T08:49:17.7908933Z Skipping file in outputs directory: core/outputs/o/README.md
job-core	Run git diff --name-only d27f628a44e4775d2f0fc6c0d7d98e133fc67b92 85e5e22b484d10ca14559e297ddee7b345345fb3 > files-in-commit.txt	2025-03-31T08:49:17.7910560Z Skipping file in outputs directory: core/outputs/v/README.md
job-core	Post Checkout code	ï»¿2025-03-31T08:49:17.8008207Z Post job cleanup.
job-core	Post Checkout code	2025-03-31T08:49:17.9329873Z [command]/usr/bin/git version
job-core	Post Checkout code	2025-03-31T08:49:17.9385752Z git version 2.48.1
job-core	Post Checkout code	2025-03-31T08:49:17.9440850Z Copying '/home/kaos/.gitconfig' to '/actions-runner/_work/_temp/d78d6ca5-d8a6-4e60-8bd3-8844b53545c2/.gitconfig'
job-core	Post Checkout code	2025-03-31T08:49:17.9459323Z Temporarily overriding HOME='/actions-runner/_work/_temp/d78d6ca5-d8a6-4e60-8bd3-8844b53545c2' before making global git config changes
job-core	Post Checkout code	2025-03-31T08:49:17.9461927Z Adding repository directory to the temporary git global config as a safe directory
job-core	Post Checkout code	2025-03-31T08:49:17.9467086Z [command]/usr/bin/git config --global --add safe.directory /actions-runner/_work/ka0s/ka0s
job-core	Post Checkout code	2025-03-31T08:49:17.9526469Z [command]/usr/bin/git config --local --name-only --get-regexp core\.sshCommand
job-core	Post Checkout code	2025-03-31T08:49:17.9587166Z [command]/usr/bin/git submodule foreach --recursive sh -c "git config --local --name-only --get-regexp 'core\.sshCommand' && git config --local --unset-all 'core.sshCommand' || :"
job-core	Post Checkout code	2025-03-31T08:49:17.9993507Z [command]/usr/bin/git config --local --name-only --get-regexp http\.https\:\/\/github\.com\/\.extraheader
job-core	Post Checkout code	2025-03-31T08:49:18.0036065Z http.https://github.com/.extraheader
job-core	Post Checkout code	2025-03-31T08:49:18.0056021Z [command]/usr/bin/git config --local --unset-all http.https://github.com/.extraheader
job-core	Post Checkout code	2025-03-31T08:49:18.0109537Z [command]/usr/bin/git submodule foreach --recursive sh -c "git config --local --name-only --get-regexp 'http\.https\:\/\/github\.com\/\.extraheader' && git config --local --unset-all 'http.https://github.com/.extraheader' || :"
job-core	Complete job	ï»¿2025-03-31T08:49:18.0701123Z Cleaning up orphan processes
handle-success	Set up job	ï»¿2025-03-31T08:49:26.9786727Z Current runner version: '2.323.0'
handle-success	Set up job	2025-03-31T08:49:26.9796744Z Runner name: 'ka0s-runner-1'
handle-success	Set up job	2025-03-31T08:49:26.9798153Z Machine name: '181b3e34799e'
handle-success	Set up job	2025-03-31T08:49:26.9802309Z ##[group]GITHUB_TOKEN Permissions
handle-success	Set up job	2025-03-31T08:49:26.9805303Z Contents: read
handle-success	Set up job	2025-03-31T08:49:26.9806066Z Metadata: read
handle-success	Set up job	2025-03-31T08:49:26.9806745Z Packages: read
handle-success	Set up job	2025-03-31T08:49:26.9807526Z ##[endgroup]
handle-success	Set up job	2025-03-31T08:49:26.9810448Z Secret source: Actions
handle-success	Set up job	2025-03-31T08:49:26.9811349Z Prepare workflow directory
handle-success	Set up job	2025-03-31T08:49:27.0719630Z Prepare all required actions
handle-success	Set up job	2025-03-31T08:49:27.0772522Z Getting action download info
handle-success	Set up job	2025-03-31T08:49:27.8040405Z Download action repository 'actions/checkout@v4' (SHA:11bd71901bbe5b1630ceea73d27597364c9af683)
handle-success	Set up job	2025-03-31T08:49:30.0729184Z Complete job name: handle-success
handle-success	Checkout code	ï»¿2025-03-31T08:49:30.1404644Z ##[group]Run actions/checkout@v4
handle-success	Checkout code	2025-03-31T08:49:30.1405890Z with:
handle-success	Checkout code	2025-03-31T08:49:30.1406443Z   fetch-depth: 0
handle-success	Checkout code	2025-03-31T08:49:30.1407302Z   token: ***
handle-success	Checkout code	2025-03-31T08:49:30.1407853Z   repository: Ka0s-Klaus/ka0s
handle-success	Checkout code	2025-03-31T08:49:30.1408570Z   ssh-strict: true
handle-success	Checkout code	2025-03-31T08:49:30.1409113Z   ssh-user: git
handle-success	Checkout code	2025-03-31T08:49:30.1409661Z   persist-credentials: true
handle-success	Checkout code	2025-03-31T08:49:30.1410908Z   clean: true
handle-success	Checkout code	2025-03-31T08:49:30.1411471Z   sparse-checkout-cone-mode: true
handle-success	Checkout code	2025-03-31T08:49:30.1412146Z   fetch-tags: false
handle-success	Checkout code	2025-03-31T08:49:30.1412701Z   show-progress: true
handle-success	Checkout code	2025-03-31T08:49:30.1413251Z   lfs: false
handle-success	Checkout code	2025-03-31T08:49:30.1413875Z   submodules: false
handle-success	Checkout code	2025-03-31T08:49:30.1414507Z   set-safe-directory: true
handle-success	Checkout code	2025-03-31T08:49:30.1415462Z env:
handle-success	Checkout code	2025-03-31T08:49:30.1415977Z   KAOS_CODE: 14167696469
handle-success	Checkout code	2025-03-31T08:49:30.1416570Z   KAOS_EVENT_NAME: push
handle-success	Checkout code	2025-03-31T08:49:30.1417136Z   KAOS_ACTION: 
handle-success	Checkout code	2025-03-31T08:49:30.1418044Z   KAOS_REF: refs/heads/H214-salidas-de-cada-uno-de-los-diferentes-modulos-a-output
handle-success	Checkout code	2025-03-31T08:49:30.1419174Z   KAOS_MODULE: [Ka0S] kaos
handle-success	Checkout code	2025-03-31T08:49:30.1419819Z   KAOS_PATH_RESUME: core/results/k/
handle-success	Checkout code	2025-03-31T08:49:30.1421138Z   KAOS_JSON: core/results/event_data_
handle-success	Checkout code	2025-03-31T08:49:30.1421901Z   KAOS_ACTOR: santakloud
handle-success	Checkout code	2025-03-31T08:49:30.1422492Z ##[endgroup]
handle-success	Checkout code	2025-03-31T08:49:30.3146250Z Syncing repository: Ka0s-Klaus/ka0s
handle-success	Checkout code	2025-03-31T08:49:30.3151046Z ##[group]Getting Git version info
handle-success	Checkout code	2025-03-31T08:49:30.3152880Z Working directory is '/actions-runner/_work/ka0s/ka0s'
handle-success	Checkout code	2025-03-31T08:49:30.3155420Z [command]/usr/bin/git version
handle-success	Checkout code	2025-03-31T08:49:30.3156707Z git version 2.48.1
handle-success	Checkout code	2025-03-31T08:49:30.3172297Z ##[endgroup]
handle-success	Checkout code	2025-03-31T08:49:30.3191081Z Copying '/home/kaos/.gitconfig' to '/actions-runner/_work/_temp/2789b1ad-e8b9-41c3-b11f-75e14775ac3e/.gitconfig'
handle-success	Checkout code	2025-03-31T08:49:30.3208604Z Temporarily overriding HOME='/actions-runner/_work/_temp/2789b1ad-e8b9-41c3-b11f-75e14775ac3e' before making global git config changes
handle-success	Checkout code	2025-03-31T08:49:30.3213155Z Adding repository directory to the temporary git global config as a safe directory
handle-success	Checkout code	2025-03-31T08:49:30.3218312Z [command]/usr/bin/git config --global --add safe.directory /actions-runner/_work/ka0s/ka0s
handle-success	Checkout code	2025-03-31T08:49:30.3277924Z [command]/usr/bin/git config --local --get remote.origin.url
handle-success	Checkout code	2025-03-31T08:49:30.3312069Z https://github.com/Ka0s-Klaus/ka0s
handle-success	Checkout code	2025-03-31T08:49:30.3340876Z ##[group]Removing previously created refs, to avoid conflicts
handle-success	Checkout code	2025-03-31T08:49:30.3346573Z [command]/usr/bin/git rev-parse --symbolic-full-name --verify --quiet HEAD
handle-success	Checkout code	2025-03-31T08:49:30.3380841Z refs/heads/H214-salidas-de-cada-uno-de-los-diferentes-modulos-a-output
handle-success	Checkout code	2025-03-31T08:49:30.3427756Z [command]/usr/bin/git checkout --detach
handle-success	Checkout code	2025-03-31T08:49:30.3516996Z HEAD is now at eeda300 X JSON CORRECTO
handle-success	Checkout code	2025-03-31T08:49:30.3586633Z [command]/usr/bin/git branch --delete --force H214-salidas-de-cada-uno-de-los-diferentes-modulos-a-output
handle-success	Checkout code	2025-03-31T08:49:30.3633348Z Deleted branch H214-salidas-de-cada-uno-de-los-diferentes-modulos-a-output (was eeda300).
handle-success	Checkout code	2025-03-31T08:49:30.3706354Z ##[endgroup]
handle-success	Checkout code	2025-03-31T08:49:30.3708818Z [command]/usr/bin/git submodule status
handle-success	Checkout code	2025-03-31T08:49:30.4078323Z ##[group]Cleaning the repository
handle-success	Checkout code	2025-03-31T08:49:30.4087211Z [command]/usr/bin/git clean -ffdx
handle-success	Checkout code	2025-03-31T08:49:30.4158769Z [command]/usr/bin/git reset --hard HEAD
handle-success	Checkout code	2025-03-31T08:49:30.4319510Z HEAD is now at eeda300 X JSON CORRECTO
handle-success	Checkout code	2025-03-31T08:49:30.4330832Z ##[endgroup]
handle-success	Checkout code	2025-03-31T08:49:30.4332042Z ##[group]Disabling automatic garbage collection
handle-success	Checkout code	2025-03-31T08:49:30.4340391Z [command]/usr/bin/git config --local gc.auto 0
handle-success	Checkout code	2025-03-31T08:49:30.4391797Z ##[endgroup]
handle-success	Checkout code	2025-03-31T08:49:30.4392877Z ##[group]Setting up auth
handle-success	Checkout code	2025-03-31T08:49:30.4401681Z [command]/usr/bin/git config --local --name-only --get-regexp core\.sshCommand
handle-success	Checkout code	2025-03-31T08:49:30.4448689Z [command]/usr/bin/git submodule foreach --recursive sh -c "git config --local --name-only --get-regexp 'core\.sshCommand' && git config --local --unset-all 'core.sshCommand' || :"
handle-success	Checkout code	2025-03-31T08:49:30.4823887Z [command]/usr/bin/git config --local --name-only --get-regexp http\.https\:\/\/github\.com\/\.extraheader
handle-success	Checkout code	2025-03-31T08:49:30.4871557Z [command]/usr/bin/git submodule foreach --recursive sh -c "git config --local --name-only --get-regexp 'http\.https\:\/\/github\.com\/\.extraheader' && git config --local --unset-all 'http.https://github.com/.extraheader' || :"
handle-success	Checkout code	2025-03-31T08:49:30.5253924Z [command]/usr/bin/git config --local http.https://github.com/.extraheader AUTHORIZATION: basic ***
handle-success	Checkout code	2025-03-31T08:49:30.5319914Z ##[endgroup]
handle-success	Checkout code	2025-03-31T08:49:30.5322246Z ##[group]Fetching the repository
handle-success	Checkout code	2025-03-31T08:49:30.5341284Z [command]/usr/bin/git -c protocol.version=2 fetch --prune --no-recurse-submodules origin +refs/heads/*:refs/remotes/origin/* +refs/tags/*:refs/tags/*
handle-success	Checkout code	2025-03-31T08:49:31.7467579Z From https://github.com/Ka0s-Klaus/ka0s
handle-success	Checkout code	2025-03-31T08:49:31.7476597Z    eeda300..1fd4121  H214-salidas-de-cada-uno-de-los-diferentes-modulos-a-output -> origin/H214-salidas-de-cada-uno-de-los-diferentes-modulos-a-output
handle-success	Checkout code	2025-03-31T08:49:31.7484941Z    caa0fd6..791302a  main       -> origin/main
handle-success	Checkout code	2025-03-31T08:49:31.7533119Z [command]/usr/bin/git branch --list --remote origin/H214-salidas-de-cada-uno-de-los-diferentes-modulos-a-output
handle-success	Checkout code	2025-03-31T08:49:31.7570549Z   origin/H214-salidas-de-cada-uno-de-los-diferentes-modulos-a-output
handle-success	Checkout code	2025-03-31T08:49:31.7586316Z [command]/usr/bin/git rev-parse refs/remotes/origin/H214-salidas-de-cada-uno-de-los-diferentes-modulos-a-output
handle-success	Checkout code	2025-03-31T08:49:31.7617740Z 1fd4121303334f7b17bfa6ea6221820342fc61e6
handle-success	Checkout code	2025-03-31T08:49:31.7638194Z [command]/usr/bin/git -c protocol.version=2 fetch --no-tags --prune --no-recurse-submodules origin +85e5e22b484d10ca14559e297ddee7b345345fb3:refs/remotes/origin/H214-salidas-de-cada-uno-de-los-diferentes-modulos-a-output
handle-success	Checkout code	2025-03-31T08:49:32.4342343Z From https://github.com/Ka0s-Klaus/ka0s
handle-success	Checkout code	2025-03-31T08:49:32.4347632Z  + 1fd4121...85e5e22 85e5e22b484d10ca14559e297ddee7b345345fb3 -> origin/H214-salidas-de-cada-uno-de-los-diferentes-modulos-a-output  (forced update)
handle-success	Checkout code	2025-03-31T08:49:32.4434596Z ##[endgroup]
handle-success	Checkout code	2025-03-31T08:49:32.4437518Z ##[group]Determining the checkout info
handle-success	Checkout code	2025-03-31T08:49:32.4441025Z ##[endgroup]
handle-success	Checkout code	2025-03-31T08:49:32.4444071Z [command]/usr/bin/git sparse-checkout disable
handle-success	Checkout code	2025-03-31T08:49:32.4535958Z [command]/usr/bin/git config --local --unset-all extensions.worktreeConfig
handle-success	Checkout code	2025-03-31T08:49:32.4584556Z ##[group]Checking out the ref
handle-success	Checkout code	2025-03-31T08:49:32.4592694Z [command]/usr/bin/git checkout --progress --force -B H214-salidas-de-cada-uno-de-los-diferentes-modulos-a-output refs/remotes/origin/H214-salidas-de-cada-uno-de-los-diferentes-modulos-a-output
handle-success	Checkout code	2025-03-31T08:49:32.4765237Z Previous HEAD position was eeda300 X JSON CORRECTO
handle-success	Checkout code	2025-03-31T08:49:32.4784314Z Switched to a new branch 'H214-salidas-de-cada-uno-de-los-diferentes-modulos-a-output'
handle-success	Checkout code	2025-03-31T08:49:32.4797492Z branch 'H214-salidas-de-cada-uno-de-los-diferentes-modulos-a-output' set up to track 'origin/H214-salidas-de-cada-uno-de-los-diferentes-modulos-a-output'.
handle-success	Checkout code	2025-03-31T08:49:32.4810586Z ##[endgroup]
handle-success	Checkout code	2025-03-31T08:49:32.4866859Z [command]/usr/bin/git log -1 --format=%H
handle-success	Checkout code	2025-03-31T08:49:32.4911794Z 85e5e22b484d10ca14559e297ddee7b345345fb3
handle-success	handle-success-execution	ï»¿2025-03-31T08:49:32.5256887Z ##[group]Run # Si todo ha ido correcto aÃ±adimos el contenido del fichero 
handle-success	handle-success-execution	2025-03-31T08:49:32.5259774Z [36;1m# Si todo ha ido correcto aÃ±adimos el contenido del fichero [0m
handle-success	handle-success-execution	2025-03-31T08:49:32.5263365Z [36;1mRNNUMBER=$(echo "refs/heads/H214-salidas-de-cada-uno-de-los-diferentes-modulos-a-output" | grep -o '[0-9]*')[0m
handle-success	handle-success-execution	2025-03-31T08:49:32.5268080Z [36;1mgh issue comment $RNNUMBER --body "El proceso ha finalizado correctamente 14167696469. El resultado estÃ¡ en el fichero core/results/event_data14167696469.log"[0m
handle-success	handle-success-execution	2025-03-31T08:49:32.5287258Z shell: /usr/bin/bash -e {0}
handle-success	handle-success-execution	2025-03-31T08:49:32.5288751Z env:
handle-success	handle-success-execution	2025-03-31T08:49:32.5289773Z   KAOS_CODE: 14167696469
handle-success	handle-success-execution	2025-03-31T08:49:32.5291261Z   KAOS_EVENT_NAME: push
handle-success	handle-success-execution	2025-03-31T08:49:32.5292273Z   KAOS_ACTION: 
handle-success	handle-success-execution	2025-03-31T08:49:32.5293983Z   KAOS_REF: refs/heads/H214-salidas-de-cada-uno-de-los-diferentes-modulos-a-output
handle-success	handle-success-execution	2025-03-31T08:49:32.5296053Z   KAOS_MODULE: [Ka0S] kaos
handle-success	handle-success-execution	2025-03-31T08:49:32.5297185Z   KAOS_PATH_RESUME: core/results/k/
handle-success	handle-success-execution	2025-03-31T08:49:32.5298573Z   KAOS_JSON: core/results/event_data_
handle-success	handle-success-execution	2025-03-31T08:49:32.5299886Z   KAOS_ACTOR: santakloud
handle-success	handle-success-execution	2025-03-31T08:49:32.5301938Z   GH_TOKEN: ***
handle-success	handle-success-execution	2025-03-31T08:49:32.5302878Z ##[endgroup]
handle-success	handle-success-execution	2025-03-31T08:49:33.8966512Z https://github.com/Ka0s-Klaus/ka0s/issues/214#issuecomment-2765564055
handle-success	Post Checkout code	ï»¿2025-03-31T08:49:33.9189226Z Post job cleanup.
handle-success	Post Checkout code	2025-03-31T08:49:34.0499535Z [command]/usr/bin/git version
handle-success	Post Checkout code	2025-03-31T08:49:34.0549493Z git version 2.48.1
handle-success	Post Checkout code	2025-03-31T08:49:34.0603631Z Copying '/home/kaos/.gitconfig' to '/actions-runner/_work/_temp/c8dbd7f6-52e3-46d6-b5fa-8ef6510959c3/.gitconfig'
handle-success	Post Checkout code	2025-03-31T08:49:34.0621730Z Temporarily overriding HOME='/actions-runner/_work/_temp/c8dbd7f6-52e3-46d6-b5fa-8ef6510959c3' before making global git config changes
handle-success	Post Checkout code	2025-03-31T08:49:34.0623988Z Adding repository directory to the temporary git global config as a safe directory
handle-success	Post Checkout code	2025-03-31T08:49:34.0631469Z [command]/usr/bin/git config --global --add safe.directory /actions-runner/_work/ka0s/ka0s
handle-success	Post Checkout code	2025-03-31T08:49:34.0685143Z [command]/usr/bin/git config --local --name-only --get-regexp core\.sshCommand
handle-success	Post Checkout code	2025-03-31T08:49:34.0745959Z [command]/usr/bin/git submodule foreach --recursive sh -c "git config --local --name-only --get-regexp 'core\.sshCommand' && git config --local --unset-all 'core.sshCommand' || :"
handle-success	Post Checkout code	2025-03-31T08:49:34.1141622Z [command]/usr/bin/git config --local --name-only --get-regexp http\.https\:\/\/github\.com\/\.extraheader
handle-success	Post Checkout code	2025-03-31T08:49:34.1176994Z http.https://github.com/.extraheader
handle-success	Post Checkout code	2025-03-31T08:49:34.1201440Z [command]/usr/bin/git config --local --unset-all http.https://github.com/.extraheader
handle-success	Post Checkout code	2025-03-31T08:49:34.1261680Z [command]/usr/bin/git submodule foreach --recursive sh -c "git config --local --name-only --get-regexp 'http\.https\:\/\/github\.com\/\.extraheader' && git config --local --unset-all 'http.https://github.com/.extraheader' || :"
handle-success	Complete job	ï»¿2025-03-31T08:49:34.1828308Z Cleaning up orphan processes
end-workflow	Set up job	ï»¿2025-03-31T08:49:42.2105811Z Current runner version: '2.323.0'
end-workflow	Set up job	2025-03-31T08:49:42.2115676Z Runner name: 'ka0s-runner-1'
end-workflow	Set up job	2025-03-31T08:49:42.2116938Z Machine name: '181b3e34799e'
end-workflow	Set up job	2025-03-31T08:49:42.2120804Z ##[group]GITHUB_TOKEN Permissions
end-workflow	Set up job	2025-03-31T08:49:42.2124150Z Contents: read
end-workflow	Set up job	2025-03-31T08:49:42.2124942Z Metadata: read
end-workflow	Set up job	2025-03-31T08:49:42.2125633Z Packages: read
end-workflow	Set up job	2025-03-31T08:49:42.2126281Z ##[endgroup]
end-workflow	Set up job	2025-03-31T08:49:42.2128939Z Secret source: Actions
end-workflow	Set up job	2025-03-31T08:49:42.2129885Z Prepare workflow directory
end-workflow	Set up job	2025-03-31T08:49:42.3052513Z Prepare all required actions
end-workflow	Set up job	2025-03-31T08:49:42.3104045Z Getting action download info
end-workflow	Set up job	2025-03-31T08:49:43.0466053Z Download action repository 'actions/checkout@v4' (SHA:11bd71901bbe5b1630ceea73d27597364c9af683)
end-workflow	Set up job	2025-03-31T08:49:44.9965484Z Complete job name: end-workflow
end-workflow	Checkout code	ï»¿2025-03-31T08:49:45.0676229Z ##[group]Run actions/checkout@v4
end-workflow	Checkout code	2025-03-31T08:49:45.0677812Z with:
end-workflow	Checkout code	2025-03-31T08:49:45.0678380Z   fetch-depth: 0
end-workflow	Checkout code	2025-03-31T08:49:45.0679382Z   token: ***
end-workflow	Checkout code	2025-03-31T08:49:45.0679938Z   repository: Ka0s-Klaus/ka0s
end-workflow	Checkout code	2025-03-31T08:49:45.0681158Z   ssh-strict: true
end-workflow	Checkout code	2025-03-31T08:49:45.0681706Z   ssh-user: git
end-workflow	Checkout code	2025-03-31T08:49:45.0682279Z   persist-credentials: true
end-workflow	Checkout code	2025-03-31T08:49:45.0682897Z   clean: true
end-workflow	Checkout code	2025-03-31T08:49:45.0683473Z   sparse-checkout-cone-mode: true
end-workflow	Checkout code	2025-03-31T08:49:45.0684349Z   fetch-tags: false
end-workflow	Checkout code	2025-03-31T08:49:45.0685466Z   show-progress: true
end-workflow	Checkout code	2025-03-31T08:49:45.0686461Z   lfs: false
end-workflow	Checkout code	2025-03-31T08:49:45.0686994Z   submodules: false
end-workflow	Checkout code	2025-03-31T08:49:45.0687599Z   set-safe-directory: true
end-workflow	Checkout code	2025-03-31T08:49:45.0688695Z env:
end-workflow	Checkout code	2025-03-31T08:49:45.0689223Z   KAOS_CODE: 14167696469
end-workflow	Checkout code	2025-03-31T08:49:45.0689832Z   KAOS_EVENT_NAME: push
end-workflow	Checkout code	2025-03-31T08:49:45.0691094Z   KAOS_ACTION: 
end-workflow	Checkout code	2025-03-31T08:49:45.0692183Z   KAOS_REF: refs/heads/H214-salidas-de-cada-uno-de-los-diferentes-modulos-a-output
end-workflow	Checkout code	2025-03-31T08:49:45.0694838Z   KAOS_MODULE: [Ka0S] kaos
end-workflow	Checkout code	2025-03-31T08:49:45.0695673Z   KAOS_PATH_RESUME: core/results/k/
end-workflow	Checkout code	2025-03-31T08:49:45.0697232Z   KAOS_JSON: core/results/event_data_
end-workflow	Checkout code	2025-03-31T08:49:45.0699623Z   KAOS_ACTOR: santakloud
end-workflow	Checkout code	2025-03-31T08:49:45.0703547Z   GH_TOKEN: ***
end-workflow	Checkout code	2025-03-31T08:49:45.0705038Z ##[endgroup]
end-workflow	Checkout code	2025-03-31T08:49:45.2300405Z Syncing repository: Ka0s-Klaus/ka0s
end-workflow	Checkout code	2025-03-31T08:49:45.2304828Z ##[group]Getting Git version info
end-workflow	Checkout code	2025-03-31T08:49:45.2306706Z Working directory is '/actions-runner/_work/ka0s/ka0s'
end-workflow	Checkout code	2025-03-31T08:49:45.2309391Z [command]/usr/bin/git version
end-workflow	Checkout code	2025-03-31T08:49:45.2311857Z git version 2.48.1
end-workflow	Checkout code	2025-03-31T08:49:45.2328217Z ##[endgroup]
end-workflow	Checkout code	2025-03-31T08:49:45.2348349Z Copying '/home/kaos/.gitconfig' to '/actions-runner/_work/_temp/ac854350-d68b-4a53-afe4-907042a5106c/.gitconfig'
end-workflow	Checkout code	2025-03-31T08:49:45.2405082Z Temporarily overriding HOME='/actions-runner/_work/_temp/ac854350-d68b-4a53-afe4-907042a5106c' before making global git config changes
end-workflow	Checkout code	2025-03-31T08:49:45.2414006Z Adding repository directory to the temporary git global config as a safe directory
end-workflow	Checkout code	2025-03-31T08:49:45.2417307Z [command]/usr/bin/git config --global --add safe.directory /actions-runner/_work/ka0s/ka0s
end-workflow	Checkout code	2025-03-31T08:49:45.2456492Z [command]/usr/bin/git config --local --get remote.origin.url
end-workflow	Checkout code	2025-03-31T08:49:45.2488326Z https://github.com/Ka0s-Klaus/ka0s
end-workflow	Checkout code	2025-03-31T08:49:45.2518539Z ##[group]Removing previously created refs, to avoid conflicts
end-workflow	Checkout code	2025-03-31T08:49:45.2527064Z [command]/usr/bin/git rev-parse --symbolic-full-name --verify --quiet HEAD
end-workflow	Checkout code	2025-03-31T08:49:45.2561841Z refs/heads/H214-salidas-de-cada-uno-de-los-diferentes-modulos-a-output
end-workflow	Checkout code	2025-03-31T08:49:45.2576185Z [command]/usr/bin/git checkout --detach
end-workflow	Checkout code	2025-03-31T08:49:45.2695021Z HEAD is now at 85e5e22 AÃ±adimos la estructira de outputs que resta
end-workflow	Checkout code	2025-03-31T08:49:45.2762752Z [command]/usr/bin/git branch --delete --force H214-salidas-de-cada-uno-de-los-diferentes-modulos-a-output
end-workflow	Checkout code	2025-03-31T08:49:45.2810848Z Deleted branch H214-salidas-de-cada-uno-de-los-diferentes-modulos-a-output (was 85e5e22).
end-workflow	Checkout code	2025-03-31T08:49:45.2878973Z ##[endgroup]
end-workflow	Checkout code	2025-03-31T08:49:45.2881813Z [command]/usr/bin/git submodule status
end-workflow	Checkout code	2025-03-31T08:49:45.3259630Z ##[group]Cleaning the repository
end-workflow	Checkout code	2025-03-31T08:49:45.3267019Z [command]/usr/bin/git clean -ffdx
end-workflow	Checkout code	2025-03-31T08:49:45.3339417Z [command]/usr/bin/git reset --hard HEAD
end-workflow	Checkout code	2025-03-31T08:49:45.3503358Z HEAD is now at 85e5e22 AÃ±adimos la estructira de outputs que resta
end-workflow	Checkout code	2025-03-31T08:49:45.3514650Z ##[endgroup]
end-workflow	Checkout code	2025-03-31T08:49:45.3516888Z ##[group]Disabling automatic garbage collection
end-workflow	Checkout code	2025-03-31T08:49:45.3523892Z [command]/usr/bin/git config --local gc.auto 0
end-workflow	Checkout code	2025-03-31T08:49:45.3580574Z ##[endgroup]
end-workflow	Checkout code	2025-03-31T08:49:45.3582607Z ##[group]Setting up auth
end-workflow	Checkout code	2025-03-31T08:49:45.3590518Z [command]/usr/bin/git config --local --name-only --get-regexp core\.sshCommand
end-workflow	Checkout code	2025-03-31T08:49:45.3639679Z [command]/usr/bin/git submodule foreach --recursive sh -c "git config --local --name-only --get-regexp 'core\.sshCommand' && git config --local --unset-all 'core.sshCommand' || :"
end-workflow	Checkout code	2025-03-31T08:49:45.4029469Z [command]/usr/bin/git config --local --name-only --get-regexp http\.https\:\/\/github\.com\/\.extraheader
end-workflow	Checkout code	2025-03-31T08:49:45.4085630Z [command]/usr/bin/git submodule foreach --recursive sh -c "git config --local --name-only --get-regexp 'http\.https\:\/\/github\.com\/\.extraheader' && git config --local --unset-all 'http.https://github.com/.extraheader' || :"
end-workflow	Checkout code	2025-03-31T08:49:45.4503957Z [command]/usr/bin/git config --local http.https://github.com/.extraheader AUTHORIZATION: basic ***
end-workflow	Checkout code	2025-03-31T08:49:45.4573458Z ##[endgroup]
end-workflow	Checkout code	2025-03-31T08:49:45.4577783Z ##[group]Fetching the repository
end-workflow	Checkout code	2025-03-31T08:49:45.4588797Z [command]/usr/bin/git -c protocol.version=2 fetch --prune --no-recurse-submodules origin +refs/heads/*:refs/remotes/origin/* +refs/tags/*:refs/tags/*
end-workflow	Checkout code	2025-03-31T08:49:46.3418256Z From https://github.com/Ka0s-Klaus/ka0s
end-workflow	Checkout code	2025-03-31T08:49:46.3432347Z    85e5e22..1fd4121  H214-salidas-de-cada-uno-de-los-diferentes-modulos-a-output -> origin/H214-salidas-de-cada-uno-de-los-diferentes-modulos-a-output
end-workflow	Checkout code	2025-03-31T08:49:46.3721314Z [command]/usr/bin/git branch --list --remote origin/H214-salidas-de-cada-uno-de-los-diferentes-modulos-a-output
end-workflow	Checkout code	2025-03-31T08:49:46.3772457Z   origin/H214-salidas-de-cada-uno-de-los-diferentes-modulos-a-output
end-workflow	Checkout code	2025-03-31T08:49:46.3790499Z [command]/usr/bin/git rev-parse refs/remotes/origin/H214-salidas-de-cada-uno-de-los-diferentes-modulos-a-output
end-workflow	Checkout code	2025-03-31T08:49:46.3826826Z 1fd4121303334f7b17bfa6ea6221820342fc61e6
end-workflow	Checkout code	2025-03-31T08:49:46.3846729Z [command]/usr/bin/git -c protocol.version=2 fetch --no-tags --prune --no-recurse-submodules origin +85e5e22b484d10ca14559e297ddee7b345345fb3:refs/remotes/origin/H214-salidas-de-cada-uno-de-los-diferentes-modulos-a-output
end-workflow	Checkout code	2025-03-31T08:49:47.2157101Z From https://github.com/Ka0s-Klaus/ka0s
end-workflow	Checkout code	2025-03-31T08:49:47.2158841Z  + 1fd4121...85e5e22 85e5e22b484d10ca14559e297ddee7b345345fb3 -> origin/H214-salidas-de-cada-uno-de-los-diferentes-modulos-a-output  (forced update)
end-workflow	Checkout code	2025-03-31T08:49:47.2237298Z ##[endgroup]
end-workflow	Checkout code	2025-03-31T08:49:47.2238594Z ##[group]Determining the checkout info
end-workflow	Checkout code	2025-03-31T08:49:47.2240331Z ##[endgroup]
end-workflow	Checkout code	2025-03-31T08:49:47.2246538Z [command]/usr/bin/git sparse-checkout disable
end-workflow	Checkout code	2025-03-31T08:49:47.2320852Z [command]/usr/bin/git config --local --unset-all extensions.worktreeConfig
end-workflow	Checkout code	2025-03-31T08:49:47.2364319Z ##[group]Checking out the ref
end-workflow	Checkout code	2025-03-31T08:49:47.2371322Z [command]/usr/bin/git checkout --progress --force -B H214-salidas-de-cada-uno-de-los-diferentes-modulos-a-output refs/remotes/origin/H214-salidas-de-cada-uno-de-los-diferentes-modulos-a-output
end-workflow	Checkout code	2025-03-31T08:49:47.2495703Z Switched to a new branch 'H214-salidas-de-cada-uno-de-los-diferentes-modulos-a-output'
end-workflow	Checkout code	2025-03-31T08:49:47.2502676Z branch 'H214-salidas-de-cada-uno-de-los-diferentes-modulos-a-output' set up to track 'origin/H214-salidas-de-cada-uno-de-los-diferentes-modulos-a-output'.
end-workflow	Checkout code	2025-03-31T08:49:47.2512056Z ##[endgroup]
end-workflow	Checkout code	2025-03-31T08:49:47.2570632Z [command]/usr/bin/git log -1 --format=%H
end-workflow	Checkout code	2025-03-31T08:49:47.2610833Z 85e5e22b484d10ca14559e297ddee7b345345fb3
end-workflow	Finaliza el workflow	ï»¿2025-03-31T08:49:47.2924896Z ##[group]Run echo "End process"
end-workflow	Finaliza el workflow	2025-03-31T08:49:47.2925530Z [36;1mecho "End process"[0m
end-workflow	Finaliza el workflow	2025-03-31T08:49:47.2926346Z [36;1mRNNUMBER=$(echo "refs/heads/H214-salidas-de-cada-uno-de-los-diferentes-modulos-a-output" | grep -o '[0-9]*')[0m
end-workflow	Finaliza el workflow	2025-03-31T08:49:47.2927688Z [36;1mgh issue comment $RNNUMBER --body "Se finaliza Ka0s 14167696469"[0m
end-workflow	Finaliza el workflow	2025-03-31T08:49:47.2928641Z [36;1mgh workflow run inspector.yml --ref 'main' -f kaos-issue-id=$RNNUMBER -f kaos-workflow-id="14167696469" -f kaos-user-start=""[0m
end-workflow	Finaliza el workflow	2025-03-31T08:49:47.2943883Z shell: /usr/bin/bash -e {0}
end-workflow	Finaliza el workflow	2025-03-31T08:49:47.2944300Z env:
end-workflow	Finaliza el workflow	2025-03-31T08:49:47.2944596Z   KAOS_CODE: 14167696469
end-workflow	Finaliza el workflow	2025-03-31T08:49:47.2944938Z   KAOS_EVENT_NAME: push
end-workflow	Finaliza el workflow	2025-03-31T08:49:47.2945285Z   KAOS_ACTION: 
end-workflow	Finaliza el workflow	2025-03-31T08:49:47.2945825Z   KAOS_REF: refs/heads/H214-salidas-de-cada-uno-de-los-diferentes-modulos-a-output
end-workflow	Finaliza el workflow	2025-03-31T08:49:47.2946459Z   KAOS_MODULE: [Ka0S] kaos
end-workflow	Finaliza el workflow	2025-03-31T08:49:47.2946831Z   KAOS_PATH_RESUME: core/results/k/
end-workflow	Finaliza el workflow	2025-03-31T08:49:47.2947241Z   KAOS_JSON: core/results/event_data_
end-workflow	Finaliza el workflow	2025-03-31T08:49:47.2947720Z   KAOS_ACTOR: santakloud
end-workflow	Finaliza el workflow	2025-03-31T08:49:47.2948477Z   GH_TOKEN: ***
end-workflow	Finaliza el workflow	2025-03-31T08:49:47.2948857Z ##[endgroup]
end-workflow	Finaliza el workflow	2025-03-31T08:49:47.3019380Z End process
end-workflow	Finaliza el workflow	2025-03-31T08:49:48.7451402Z https://github.com/Ka0s-Klaus/ka0s/issues/214#issuecomment-2765564573
end-workflow	Post Checkout code	ï»¿2025-03-31T08:49:49.8941810Z Post job cleanup.
end-workflow	Post Checkout code	2025-03-31T08:49:50.0241134Z [command]/usr/bin/git version
end-workflow	Post Checkout code	2025-03-31T08:49:50.0291239Z git version 2.48.1
end-workflow	Post Checkout code	2025-03-31T08:49:50.0348141Z Copying '/home/kaos/.gitconfig' to '/actions-runner/_work/_temp/922abef5-bb64-4949-8877-96ff7548944b/.gitconfig'
end-workflow	Post Checkout code	2025-03-31T08:49:50.0365316Z Temporarily overriding HOME='/actions-runner/_work/_temp/922abef5-bb64-4949-8877-96ff7548944b' before making global git config changes
end-workflow	Post Checkout code	2025-03-31T08:49:50.0367482Z Adding repository directory to the temporary git global config as a safe directory
end-workflow	Post Checkout code	2025-03-31T08:49:50.0375334Z [command]/usr/bin/git config --global --add safe.directory /actions-runner/_work/ka0s/ka0s
end-workflow	Post Checkout code	2025-03-31T08:49:50.0431059Z [command]/usr/bin/git config --local --name-only --get-regexp core\.sshCommand
end-workflow	Post Checkout code	2025-03-31T08:49:50.0491570Z [command]/usr/bin/git submodule foreach --recursive sh -c "git config --local --name-only --get-regexp 'core\.sshCommand' && git config --local --unset-all 'core.sshCommand' || :"
end-workflow	Post Checkout code	2025-03-31T08:49:50.0883058Z [command]/usr/bin/git config --local --name-only --get-regexp http\.https\:\/\/github\.com\/\.extraheader
end-workflow	Post Checkout code	2025-03-31T08:49:50.0921261Z http.https://github.com/.extraheader
end-workflow	Post Checkout code	2025-03-31T08:49:50.0939994Z [command]/usr/bin/git config --local --unset-all http.https://github.com/.extraheader
end-workflow	Post Checkout code	2025-03-31T08:49:50.0995484Z [command]/usr/bin/git submodule foreach --recursive sh -c "git config --local --name-only --get-regexp 'http\.https\:\/\/github\.com\/\.extraheader' && git config --local --unset-all 'http.https://github.com/.extraheader' || :"
end-workflow	Complete job	ï»¿2025-03-31T08:49:50.1541971Z Cleaning up orphan processes
