job-core	Set up job	ï»¿2025-04-23T10:58:07.4939257Z Current runner version: '2.323.0'
job-core	Set up job	2025-04-23T10:58:07.4943218Z Runner name: 'ka0s-9'
job-core	Set up job	2025-04-23T10:58:07.4943795Z Machine name: '26a53205c9ac'
job-core	Set up job	2025-04-23T10:58:07.4945337Z ##[group]GITHUB_TOKEN Permissions
job-core	Set up job	2025-04-23T10:58:07.4946833Z Actions: write
job-core	Set up job	2025-04-23T10:58:07.4947142Z Contents: write
job-core	Set up job	2025-04-23T10:58:07.4947438Z Issues: write
job-core	Set up job	2025-04-23T10:58:07.4947725Z Metadata: read
job-core	Set up job	2025-04-23T10:58:07.4948000Z PullRequests: write
job-core	Set up job	2025-04-23T10:58:07.4948284Z ##[endgroup]
job-core	Set up job	2025-04-23T10:58:07.4949684Z Secret source: Actions
job-core	Set up job	2025-04-23T10:58:07.4950070Z Prepare workflow directory
job-core	Set up job	2025-04-23T10:58:07.5357220Z Prepare all required actions
job-core	Set up job	2025-04-23T10:58:07.5384467Z Getting action download info
job-core	Set up job	2025-04-23T10:58:08.0844990Z Download action repository 'actions/checkout@v4' (SHA:11bd71901bbe5b1630ceea73d27597364c9af683)
job-core	Set up job	2025-04-23T10:58:08.7296648Z Download action repository 'actions/setup-node@v2' (SHA:7c12f8017d5436eb855f1ed4399f037a36fbd9e8)
job-core	Set up job	2025-04-23T10:58:09.5528921Z Complete job name: job-core
job-core	Checkout code	ï»¿2025-04-23T10:58:09.5907137Z ##[group]Run actions/checkout@v4
job-core	Checkout code	2025-04-23T10:58:09.5908055Z with:
job-core	Checkout code	2025-04-23T10:58:09.5908619Z   fetch-depth: 0
job-core	Checkout code	2025-04-23T10:58:09.5909508Z   token: ***
job-core	Checkout code	2025-04-23T10:58:09.5910100Z   repository: Ka0s-Klaus/ka0s
job-core	Checkout code	2025-04-23T10:58:09.5910972Z   ssh-strict: true
job-core	Checkout code	2025-04-23T10:58:09.5911566Z   ssh-user: git
job-core	Checkout code	2025-04-23T10:58:09.5912352Z   persist-credentials: true
job-core	Checkout code	2025-04-23T10:58:09.5913121Z   clean: true
job-core	Checkout code	2025-04-23T10:58:09.5913816Z   sparse-checkout-cone-mode: true
job-core	Checkout code	2025-04-23T10:58:09.5914554Z   fetch-tags: false
job-core	Checkout code	2025-04-23T10:58:09.5915149Z   show-progress: true
job-core	Checkout code	2025-04-23T10:58:09.5915744Z   lfs: false
job-core	Checkout code	2025-04-23T10:58:09.5916283Z   submodules: false
job-core	Checkout code	2025-04-23T10:58:09.5916899Z   set-safe-directory: true
job-core	Checkout code	2025-04-23T10:58:09.5917625Z env:
job-core	Checkout code	2025-04-23T10:58:09.5918157Z   KAOS_MODULE: [Ka0S] JSONLINT
job-core	Checkout code	2025-04-23T10:58:09.5919184Z   GH_TOKEN: ***
job-core	Checkout code	2025-04-23T10:58:09.5919833Z   KAOS_JSONLINT_CONFIG: core/config/.jsonlint.json
job-core	Checkout code	2025-04-23T10:58:09.5920679Z   KAOS_PATH_RESUME: core/outputs/j/
job-core	Checkout code	2025-04-23T10:58:09.5921502Z   KAOS_REPO: /actions-runner/_work/kaos/kaos
job-core	Checkout code	2025-04-23T10:58:09.5922369Z   KAOS_STEP_MODULE: 
job-core	Checkout code	2025-04-23T10:58:09.5922956Z   KAOS_CODE: 14166772652
job-core	Checkout code	2025-04-23T10:58:09.5923566Z   KAOS_REF_BRANCH: main
job-core	Checkout code	2025-04-23T10:58:09.5924163Z ##[endgroup]
job-core	Checkout code	2025-04-23T10:58:09.6672376Z Syncing repository: Ka0s-Klaus/ka0s
job-core	Checkout code	2025-04-23T10:58:09.6674769Z ##[group]Getting Git version info
job-core	Checkout code	2025-04-23T10:58:09.6675767Z Working directory is '/actions-runner/_work/ka0s/ka0s'
job-core	Checkout code	2025-04-23T10:58:09.6677236Z [command]/usr/bin/git version
job-core	Checkout code	2025-04-23T10:58:09.6678017Z git version 2.43.0
job-core	Checkout code	2025-04-23T10:58:09.6686664Z ##[endgroup]
job-core	Checkout code	2025-04-23T10:58:09.6695615Z Copying '/home/kaos/.gitconfig' to '/actions-runner/_work/_temp/aa84b717-cf54-4428-870d-d4b9e2a708ed/.gitconfig'
job-core	Checkout code	2025-04-23T10:58:09.6706277Z Temporarily overriding HOME='/actions-runner/_work/_temp/aa84b717-cf54-4428-870d-d4b9e2a708ed' before making global git config changes
job-core	Checkout code	2025-04-23T10:58:09.6708632Z Adding repository directory to the temporary git global config as a safe directory
job-core	Checkout code	2025-04-23T10:58:09.6710502Z [command]/usr/bin/git config --global --add safe.directory /actions-runner/_work/ka0s/ka0s
job-core	Checkout code	2025-04-23T10:58:09.6741752Z [command]/usr/bin/git config --local --get remote.origin.url
job-core	Checkout code	2025-04-23T10:58:09.6759575Z https://github.com/Ka0s-Klaus/ka0s
job-core	Checkout code	2025-04-23T10:58:09.6780955Z ##[group]Removing previously created refs, to avoid conflicts
job-core	Checkout code	2025-04-23T10:58:09.6784745Z [command]/usr/bin/git rev-parse --symbolic-full-name --verify --quiet HEAD
job-core	Checkout code	2025-04-23T10:58:09.6806902Z refs/heads/H215-modulo-de-summary
job-core	Checkout code	2025-04-23T10:58:09.6817671Z [command]/usr/bin/git checkout --detach
job-core	Checkout code	2025-04-23T10:58:09.6885875Z HEAD is now at 4a6a832d [Ka0S] Uploading resume execution files to the repository...
job-core	Checkout code	2025-04-23T10:58:09.6923907Z [command]/usr/bin/git branch --delete --force H215-modulo-de-summary
job-core	Checkout code	2025-04-23T10:58:09.6948891Z Deleted branch H215-modulo-de-summary (was 4a6a832d).
job-core	Checkout code	2025-04-23T10:58:09.6999800Z ##[endgroup]
job-core	Checkout code	2025-04-23T10:58:09.7000641Z [command]/usr/bin/git submodule status
job-core	Checkout code	2025-04-23T10:58:09.7224933Z ##[group]Cleaning the repository
job-core	Checkout code	2025-04-23T10:58:09.7228714Z [command]/usr/bin/git clean -ffdx
job-core	Checkout code	2025-04-23T10:58:09.7265933Z Removing core/outputs/j/jsonlint-results-14214632554.txt
job-core	Checkout code	2025-04-23T10:58:09.7271173Z [command]/usr/bin/git reset --hard HEAD
job-core	Checkout code	2025-04-23T10:58:09.7374326Z HEAD is now at 4a6a832d [Ka0S] Uploading resume execution files to the repository...
job-core	Checkout code	2025-04-23T10:58:09.7377457Z ##[endgroup]
job-core	Checkout code	2025-04-23T10:58:09.7378428Z ##[group]Disabling automatic garbage collection
job-core	Checkout code	2025-04-23T10:58:09.7382059Z [command]/usr/bin/git config --local gc.auto 0
job-core	Checkout code	2025-04-23T10:58:09.7408409Z ##[endgroup]
job-core	Checkout code	2025-04-23T10:58:09.7409349Z ##[group]Setting up auth
job-core	Checkout code	2025-04-23T10:58:09.7416800Z [command]/usr/bin/git config --local --name-only --get-regexp core\.sshCommand
job-core	Checkout code	2025-04-23T10:58:09.7442292Z [command]/usr/bin/git submodule foreach --recursive sh -c "git config --local --name-only --get-regexp 'core\.sshCommand' && git config --local --unset-all 'core.sshCommand' || :"
job-core	Checkout code	2025-04-23T10:58:09.7666453Z [command]/usr/bin/git config --local --name-only --get-regexp http\.https\:\/\/github\.com\/\.extraheader
job-core	Checkout code	2025-04-23T10:58:09.7690862Z [command]/usr/bin/git submodule foreach --recursive sh -c "git config --local --name-only --get-regexp 'http\.https\:\/\/github\.com\/\.extraheader' && git config --local --unset-all 'http.https://github.com/.extraheader' || :"
job-core	Checkout code	2025-04-23T10:58:09.7915631Z [command]/usr/bin/git config --local http.https://github.com/.extraheader AUTHORIZATION: basic ***
job-core	Checkout code	2025-04-23T10:58:09.7945161Z ##[endgroup]
job-core	Checkout code	2025-04-23T10:58:09.7946367Z ##[group]Fetching the repository
job-core	Checkout code	2025-04-23T10:58:09.7956259Z [command]/usr/bin/git -c protocol.version=2 fetch --prune --no-recurse-submodules origin +refs/heads/*:refs/remotes/origin/* +refs/tags/*:refs/tags/*
job-core	Checkout code	2025-04-23T10:58:10.8272184Z From https://github.com/Ka0s-Klaus/ka0s
job-core	Checkout code	2025-04-23T10:58:10.8272934Z    4a6a832d..be8bef88  H215-modulo-de-summary -> origin/H215-modulo-de-summary
job-core	Checkout code	2025-04-23T10:58:10.8273339Z    771849ee..5bc14fea  main                   -> origin/main
job-core	Checkout code	2025-04-23T10:58:10.8315553Z [command]/usr/bin/git branch --list --remote origin/H220-web-de-resultados
job-core	Checkout code	2025-04-23T10:58:10.8341778Z   origin/H220-web-de-resultados
job-core	Checkout code	2025-04-23T10:58:10.8350830Z [command]/usr/bin/git rev-parse refs/remotes/origin/H220-web-de-resultados
job-core	Checkout code	2025-04-23T10:58:10.8371232Z 4c43f424dfeee64847046f241f62417f4ebdae6b
job-core	Checkout code	2025-04-23T10:58:10.8381403Z [command]/usr/bin/git -c protocol.version=2 fetch --no-tags --prune --no-recurse-submodules origin +1a5824f09c791ca8c9667f9d34daee4bb0625397:refs/remotes/origin/H220-web-de-resultados
job-core	Checkout code	2025-04-23T10:58:10.8740738Z From https://github.com/Ka0s-Klaus/ka0s
job-core	Checkout code	2025-04-23T10:58:10.8741351Z  + 4c43f424...1a5824f0 1a5824f09c791ca8c9667f9d34daee4bb0625397 -> origin/H220-web-de-resultados  (forced update)
job-core	Checkout code	2025-04-23T10:58:10.8760615Z ##[endgroup]
job-core	Checkout code	2025-04-23T10:58:10.8761054Z ##[group]Determining the checkout info
job-core	Checkout code	2025-04-23T10:58:10.8761453Z ##[endgroup]
job-core	Checkout code	2025-04-23T10:58:10.8764337Z [command]/usr/bin/git sparse-checkout disable
job-core	Checkout code	2025-04-23T10:58:10.8812753Z [command]/usr/bin/git config --local --unset-all extensions.worktreeConfig
job-core	Checkout code	2025-04-23T10:58:10.8838524Z ##[group]Checking out the ref
job-core	Checkout code	2025-04-23T10:58:10.8841149Z [command]/usr/bin/git checkout --progress --force -B H220-web-de-resultados refs/remotes/origin/H220-web-de-resultados
job-core	Checkout code	2025-04-23T10:58:10.9058028Z Previous HEAD position was 4a6a832d [Ka0S] Uploading resume execution files to the repository...
job-core	Checkout code	2025-04-23T10:58:10.9061725Z Switched to a new branch 'H220-web-de-resultados'
job-core	Checkout code	2025-04-23T10:58:10.9062416Z branch 'H220-web-de-resultados' set up to track 'origin/H220-web-de-resultados'.
job-core	Checkout code	2025-04-23T10:58:10.9070102Z ##[endgroup]
job-core	Checkout code	2025-04-23T10:58:10.9113450Z [command]/usr/bin/git log -1 --format=%H
job-core	Checkout code	2025-04-23T10:58:10.9130567Z 1a5824f09c791ca8c9667f9d34daee4bb0625397
job-core	Install Node.js	ï»¿2025-04-23T10:58:10.9293885Z ##[group]Run actions/setup-node@v2
job-core	Install Node.js	2025-04-23T10:58:10.9294104Z with:
job-core	Install Node.js	2025-04-23T10:58:10.9294258Z   node-version: 14
job-core	Install Node.js	2025-04-23T10:58:10.9294419Z   always-auth: false
job-core	Install Node.js	2025-04-23T10:58:10.9294582Z   check-latest: false
job-core	Install Node.js	2025-04-23T10:58:10.9294963Z   token: ***
job-core	Install Node.js	2025-04-23T10:58:10.9295124Z env:
job-core	Install Node.js	2025-04-23T10:58:10.9295309Z   KAOS_MODULE: [Ka0S] JSONLINT
job-core	Install Node.js	2025-04-23T10:58:10.9295539Z   GH_TOKEN: ***
job-core	Install Node.js	2025-04-23T10:58:10.9295714Z   KAOS_JSONLINT_CONFIG: core/config/.jsonlint.json
job-core	Install Node.js	2025-04-23T10:58:10.9295931Z   KAOS_PATH_RESUME: core/outputs/j/
job-core	Install Node.js	2025-04-23T10:58:10.9296133Z   KAOS_REPO: /actions-runner/_work/kaos/kaos
job-core	Install Node.js	2025-04-23T10:58:10.9296324Z   KAOS_STEP_MODULE: 
job-core	Install Node.js	2025-04-23T10:58:10.9296485Z   KAOS_CODE: 14166772652
job-core	Install Node.js	2025-04-23T10:58:10.9296647Z   KAOS_REF_BRANCH: main
job-core	Install Node.js	2025-04-23T10:58:10.9296802Z ##[endgroup]
job-core	Install Node.js	2025-04-23T10:58:11.0114893Z Found in cache @ /actions-runner/_work/_tool/node/14.21.3/x64
job-core	Install jsonlint	ï»¿2025-04-23T10:58:11.0208871Z ##[group]Run if ! command -v jsonlint &> /dev/null; then
job-core	Install jsonlint	2025-04-23T10:58:11.0209234Z [36;1mif ! command -v jsonlint &> /dev/null; then[0m
job-core	Install jsonlint	2025-04-23T10:58:11.0209465Z [36;1m  echo "Installing jsonlint..."[0m
job-core	Install jsonlint	2025-04-23T10:58:11.0209672Z [36;1m  npm install -g jsonlint[0m
job-core	Install jsonlint	2025-04-23T10:58:11.0209872Z [36;1melse[0m
job-core	Install jsonlint	2025-04-23T10:58:11.0210082Z [36;1m  echo "jsonlint already installed, skipping installation"[0m
job-core	Install jsonlint	2025-04-23T10:58:11.0210316Z [36;1mfi[0m
job-core	Install jsonlint	2025-04-23T10:58:11.0210477Z [36;1mmkdir -p core/outputs/j/[0m
job-core	Install jsonlint	2025-04-23T10:58:11.0219163Z shell: /usr/bin/bash -e {0}
job-core	Install jsonlint	2025-04-23T10:58:11.0219373Z env:
job-core	Install jsonlint	2025-04-23T10:58:11.0219533Z   KAOS_MODULE: [Ka0S] JSONLINT
job-core	Install jsonlint	2025-04-23T10:58:11.0219883Z   GH_TOKEN: ***
job-core	Install jsonlint	2025-04-23T10:58:11.0220067Z   KAOS_JSONLINT_CONFIG: core/config/.jsonlint.json
job-core	Install jsonlint	2025-04-23T10:58:11.0220292Z   KAOS_PATH_RESUME: core/outputs/j/
job-core	Install jsonlint	2025-04-23T10:58:11.0220495Z   KAOS_REPO: /actions-runner/_work/kaos/kaos
job-core	Install jsonlint	2025-04-23T10:58:11.0220690Z   KAOS_STEP_MODULE: 
job-core	Install jsonlint	2025-04-23T10:58:11.0220887Z   KAOS_CODE: 14166772652
job-core	Install jsonlint	2025-04-23T10:58:11.0221276Z   KAOS_REF_BRANCH: main
job-core	Install jsonlint	2025-04-23T10:58:11.0221446Z ##[endgroup]
job-core	Install jsonlint	2025-04-23T10:58:11.0265515Z jsonlint already installed, skipping installation
job-core	Check JSON	ï»¿2025-04-23T10:58:11.0320586Z ##[group]Run # Invocamos la primera comprobaciÃ³n de base, sino se supera el proceso no continua
job-core	Check JSON	2025-04-23T10:58:11.0321420Z [36;1m# Invocamos la primera comprobaciÃ³n de base, sino se supera el proceso no continua[0m
job-core	Check JSON	2025-04-23T10:58:11.0321937Z [36;1m# Extraemos el nombre del fichero[0m
job-core	Check JSON	2025-04-23T10:58:11.0322485Z [36;1mfile_name=$(basename "core/results/event_data_14127684643.json")[0m
job-core	Check JSON	2025-04-23T10:58:11.0322942Z [36;1m# Generamos el fichero de resultados vacio[0m
job-core	Check JSON	2025-04-23T10:58:11.0323423Z [36;1mtouch core/outputs/j/jsonlint-results-14166772652.txt[0m
job-core	Check JSON	2025-04-23T10:58:11.0323849Z [36;1m# Realizamos el check del documento json [0m
job-core	Check JSON	2025-04-23T10:58:11.0324416Z [36;1mjsonlint core/results/event_data_14127684643.json > core/outputs/j/jsonlint-results-14166772652.txt[0m
job-core	Check JSON	2025-04-23T10:58:11.0325032Z [36;1m# esto es un workarround importante que hay que retirar[0m
job-core	Check JSON	2025-04-23T10:58:11.0325481Z [36;1m#rm -rf core/outputs/j/jsonlint-results-14166772652.txt[0m
job-core	Check JSON	2025-04-23T10:58:11.0325870Z [36;1m# a retirar[0m
job-core	Check JSON	2025-04-23T10:58:11.0326201Z [36;1m# Check if exist errors in file[0m
job-core	Check JSON	2025-04-23T10:58:11.0326548Z [36;1mecho "Mostramos fichero"[0m
job-core	Check JSON	2025-04-23T10:58:11.0326925Z [36;1mcat core/outputs/j/jsonlint-results-14166772652.txt[0m
job-core	Check JSON	2025-04-23T10:58:11.0327401Z [36;1mif [ ! -s core/outputs/j/jsonlint-results-14166772652.txt ]; then[0m
job-core	Check JSON	2025-04-23T10:58:11.0328016Z [36;1m  echo "File core/outputs/j/jsonlint-results-14166772652.txt is empty and is content correct"[0m
job-core	Check JSON	2025-04-23T10:58:11.0329184Z [36;1m  KAOS_ISSUE_BODY="The [Ka0S] JSONLINT process (14166768315) launch the check (14166772652) over file (core/results/event_data_14127684643.json) and its result has been SUCCESS. Please review all files implicated in pull request and approve to merge"[0m
job-core	Check JSON	2025-04-23T10:58:11.0330295Z [36;1m  # AÃ±adimos la versiÃ³n de jsonlint con la que se realiza la comprobacion[0m
job-core	Check JSON	2025-04-23T10:58:11.0330849Z [36;1m  jsonlint --version >> core/outputs/j/jsonlint-results-14166772652.txt[0m
job-core	Check JSON	2025-04-23T10:58:11.0331384Z [36;1m  # aÃ±adimos el nombre del fichero que vamos a comprobar[0m
job-core	Check JSON	2025-04-23T10:58:11.0332246Z [36;1m  echo "Finding: core/results/event_data_14127684643.json" >> core/outputs/j/jsonlint-results-14166772652.txt[0m
job-core	Check JSON	2025-04-23T10:58:11.0333241Z [36;1m  # gh workflow run issue.yaml --ref main -f kaos-issue-title="" -f kaos-issue-body="$KAOS_ISSUE_BODY" -f kaos-issue-actions=comment -f kaos-issue-tag="" -f kaos-issue-id=220[0m
job-core	Check JSON	2025-04-23T10:58:11.0334122Z [36;1m  gh issue comment  220 -F core/outputs/j/jsonlint-results-14166772652.txt[0m
job-core	Check JSON	2025-04-23T10:58:11.0334609Z [36;1melse[0m
job-core	Check JSON	2025-04-23T10:58:11.0334919Z [36;1m  cat core/outputs/j/jsonlint-results-14166772652.txt[0m
job-core	Check JSON	2025-04-23T10:58:11.0347233Z [36;1m  echo "File core/outputs/j/jsonlint-results-14166772652.txt is not empty and is content not correct and write commit info"[0m
job-core	Check JSON	2025-04-23T10:58:11.0347917Z [36;1m  KAOS_ISSUE_BODY="The [Ka0S] JSONLINT process (14166768315) launch the check (14166772652) over file (core/results/event_data_14127684643.json) and its result has been FAILED, please check and solved it"[0m
job-core	Check JSON	2025-04-23T10:58:11.0348536Z [36;1m  # AÃ±adimos la versiÃ³n de jsonlint con la que se realiza la comprobacion[0m
job-core	Check JSON	2025-04-23T10:58:11.0348876Z [36;1m  # jsonlint --version || true >> core/outputs/j/jsonlint-results-14166772652.txt[0m
job-core	Check JSON	2025-04-23T10:58:11.0349184Z [36;1m  # aÃ±adimos el nombre del fichero que vamos a comprobar[0m
job-core	Check JSON	2025-04-23T10:58:11.0349541Z [36;1m  echo "Finding: core/results/event_data_14127684643.json" >> core/outputs/j/jsonlint-results-14166772652.txt[0m
job-core	Check JSON	2025-04-23T10:58:11.0350094Z [36;1m  # gh workflow run issue.yaml --ref main -f kaos-issue-title="" -f kaos-issue-body="$KAOS_ISSUE_BODY" -f kaos-issue-actions=comment -f kaos-issue-tag="" -f kaos-issue-id=220 [0m
job-core	Check JSON	2025-04-23T10:58:11.0350630Z [36;1m  gh issue comment  220 -F core/outputs/j/jsonlint-results-14166772652.txt[0m
job-core	Check JSON	2025-04-23T10:58:11.0350883Z [36;1mfi[0m
job-core	Check JSON	2025-04-23T10:58:11.0355907Z shell: /usr/bin/bash -e {0}
job-core	Check JSON	2025-04-23T10:58:11.0356092Z env:
job-core	Check JSON	2025-04-23T10:58:11.0356372Z   KAOS_MODULE: [Ka0S] JSONLINT
job-core	Check JSON	2025-04-23T10:58:11.0356718Z   GH_TOKEN: ***
job-core	Check JSON	2025-04-23T10:58:11.0356899Z   KAOS_JSONLINT_CONFIG: core/config/.jsonlint.json
job-core	Check JSON	2025-04-23T10:58:11.0357112Z   KAOS_PATH_RESUME: core/outputs/j/
job-core	Check JSON	2025-04-23T10:58:11.0357320Z   KAOS_REPO: /actions-runner/_work/kaos/kaos
job-core	Check JSON	2025-04-23T10:58:11.0357521Z   KAOS_STEP_MODULE: 
job-core	Check JSON	2025-04-23T10:58:11.0357685Z   KAOS_CODE: 14166772652
job-core	Check JSON	2025-04-23T10:58:11.0357849Z   KAOS_REF_BRANCH: main
job-core	Check JSON	2025-04-23T10:58:11.0358015Z ##[endgroup]
job-core	Check JSON	2025-04-23T10:58:11.1057021Z Error: Parse error on line 1:
job-core	Check JSON	2025-04-23T10:58:11.1057428Z {}{"event": "push", "r
job-core	Check JSON	2025-04-23T10:58:11.1057787Z --^
job-core	Check JSON	2025-04-23T10:58:11.1058086Z Expecting 'EOF', '}', ',', ']', got '{'
job-core	Check JSON	2025-04-23T10:58:11.1058605Z     at Object.parseError (/actions-runner/_work/_tool/node/14.21.3/x64/lib/node_modules/jsonlint/lib/jsonlint.js:55:11)
job-core	Check JSON	2025-04-23T10:58:11.1059236Z     at Object.parse (/actions-runner/_work/_tool/node/14.21.3/x64/lib/node_modules/jsonlint/lib/jsonlint.js:132:22)
job-core	Check JSON	2025-04-23T10:58:11.1059800Z     at parse (/actions-runner/_work/_tool/node/14.21.3/x64/lib/node_modules/jsonlint/lib/cli.js:82:14)
job-core	Check JSON	2025-04-23T10:58:11.1060241Z     at main (/actions-runner/_work/_tool/node/14.21.3/x64/lib/node_modules/jsonlint/lib/cli.js:135:14)
job-core	Check JSON	2025-04-23T10:58:11.1060722Z     at Object.<anonymous> (/actions-runner/_work/_tool/node/14.21.3/x64/lib/node_modules/jsonlint/lib/cli.js:179:1)
job-core	Check JSON	2025-04-23T10:58:11.1061112Z     at Module._compile (internal/modules/cjs/loader.js:1114:14)
job-core	Check JSON	2025-04-23T10:58:11.1061447Z     at Object.Module._extensions..js (internal/modules/cjs/loader.js:1143:10)
job-core	Check JSON	2025-04-23T10:58:11.1061762Z     at Module.load (internal/modules/cjs/loader.js:979:32)
job-core	Check JSON	2025-04-23T10:58:11.1062127Z     at Function.Module._load (internal/modules/cjs/loader.js:819:12)
job-core	Check JSON	2025-04-23T10:58:11.1062501Z     at Function.executeUserEntryPoint [as runMain] (internal/modules/run_main.js:75:12)
job-core	Check JSON	2025-04-23T10:58:11.1082873Z ##[error]Process completed with exit code 1.
job-core	Post Checkout code	ï»¿2025-04-23T10:58:11.1144982Z Post job cleanup.
job-core	Post Checkout code	2025-04-23T10:58:11.1777010Z [command]/usr/bin/git version
job-core	Post Checkout code	2025-04-23T10:58:11.1807374Z git version 2.43.0
job-core	Post Checkout code	2025-04-23T10:58:11.1831859Z Copying '/home/kaos/.gitconfig' to '/actions-runner/_work/_temp/d0d5cc28-b9d5-450a-a272-3e8401416a7c/.gitconfig'
job-core	Post Checkout code	2025-04-23T10:58:11.1845707Z Temporarily overriding HOME='/actions-runner/_work/_temp/d0d5cc28-b9d5-450a-a272-3e8401416a7c' before making global git config changes
job-core	Post Checkout code	2025-04-23T10:58:11.1846849Z Adding repository directory to the temporary git global config as a safe directory
job-core	Post Checkout code	2025-04-23T10:58:11.1847951Z [command]/usr/bin/git config --global --add safe.directory /actions-runner/_work/ka0s/ka0s
job-core	Post Checkout code	2025-04-23T10:58:11.1883579Z [command]/usr/bin/git config --local --name-only --get-regexp core\.sshCommand
job-core	Post Checkout code	2025-04-23T10:58:11.1909755Z [command]/usr/bin/git submodule foreach --recursive sh -c "git config --local --name-only --get-regexp 'core\.sshCommand' && git config --local --unset-all 'core.sshCommand' || :"
job-core	Post Checkout code	2025-04-23T10:58:11.2133257Z [command]/usr/bin/git config --local --name-only --get-regexp http\.https\:\/\/github\.com\/\.extraheader
job-core	Post Checkout code	2025-04-23T10:58:11.2154552Z http.https://github.com/.extraheader
job-core	Post Checkout code	2025-04-23T10:58:11.2161566Z [command]/usr/bin/git config --local --unset-all http.https://github.com/.extraheader
job-core	Post Checkout code	2025-04-23T10:58:11.2193010Z [command]/usr/bin/git submodule foreach --recursive sh -c "git config --local --name-only --get-regexp 'http\.https\:\/\/github\.com\/\.extraheader' && git config --local --unset-all 'http.https://github.com/.extraheader' || :"
job-core	Complete job	ï»¿2025-04-23T10:58:11.2505372Z Cleaning up orphan processes
handle_failure	Set up job	ï»¿2025-04-23T11:19:05.7782750Z Current runner version: '2.323.0'
handle_failure	Set up job	2025-04-23T11:19:05.7786867Z Runner name: 'ka0s-7'
handle_failure	Set up job	2025-04-23T11:19:05.7787426Z Machine name: '26a53205c9ac'
handle_failure	Set up job	2025-04-23T11:19:05.7788909Z ##[group]GITHUB_TOKEN Permissions
handle_failure	Set up job	2025-04-23T11:19:05.7790308Z Actions: write
handle_failure	Set up job	2025-04-23T11:19:05.7790617Z Contents: write
handle_failure	Set up job	2025-04-23T11:19:05.7790914Z Issues: write
handle_failure	Set up job	2025-04-23T11:19:05.7791200Z Metadata: read
handle_failure	Set up job	2025-04-23T11:19:05.7791487Z PullRequests: write
handle_failure	Set up job	2025-04-23T11:19:05.7791769Z ##[endgroup]
handle_failure	Set up job	2025-04-23T11:19:05.7793257Z Secret source: Actions
handle_failure	Set up job	2025-04-23T11:19:05.7793696Z Prepare workflow directory
handle_failure	Set up job	2025-04-23T11:19:05.8189382Z Prepare all required actions
handle_failure	Set up job	2025-04-23T11:19:05.8215864Z Getting action download info
handle_failure	Set up job	2025-04-23T11:19:06.3270159Z Download action repository 'actions/checkout@v4' (SHA:11bd71901bbe5b1630ceea73d27597364c9af683)
handle_failure	Set up job	2025-04-23T11:19:07.0412103Z Complete job name: handle_failure
handle_failure	Checkout code	ï»¿2025-04-23T11:19:07.0747790Z ##[group]Run actions/checkout@v4
handle_failure	Checkout code	2025-04-23T11:19:07.0748442Z with:
handle_failure	Checkout code	2025-04-23T11:19:07.0748776Z   fetch-depth: 0
handle_failure	Checkout code	2025-04-23T11:19:07.0749366Z   token: ***
handle_failure	Checkout code	2025-04-23T11:19:07.0749716Z   repository: Ka0s-Klaus/ka0s
handle_failure	Checkout code	2025-04-23T11:19:07.0750117Z   ssh-strict: true
handle_failure	Checkout code	2025-04-23T11:19:07.0750465Z   ssh-user: git
handle_failure	Checkout code	2025-04-23T11:19:07.0750823Z   persist-credentials: true
handle_failure	Checkout code	2025-04-23T11:19:07.0751208Z   clean: true
handle_failure	Checkout code	2025-04-23T11:19:07.0751571Z   sparse-checkout-cone-mode: true
handle_failure	Checkout code	2025-04-23T11:19:07.0751979Z   fetch-tags: false
handle_failure	Checkout code	2025-04-23T11:19:07.0752402Z   show-progress: true
handle_failure	Checkout code	2025-04-23T11:19:07.0752758Z   lfs: false
handle_failure	Checkout code	2025-04-23T11:19:07.0753077Z   submodules: false
handle_failure	Checkout code	2025-04-23T11:19:07.0753458Z   set-safe-directory: true
handle_failure	Checkout code	2025-04-23T11:19:07.0753953Z env:
handle_failure	Checkout code	2025-04-23T11:19:07.0754270Z   KAOS_MODULE: [Ka0S] JSONLINT
handle_failure	Checkout code	2025-04-23T11:19:07.0754784Z   GH_TOKEN: ***
handle_failure	Checkout code	2025-04-23T11:19:07.0755161Z   KAOS_JSONLINT_CONFIG: core/config/.jsonlint.json
handle_failure	Checkout code	2025-04-23T11:19:07.0755652Z   KAOS_PATH_RESUME: core/outputs/j/
handle_failure	Checkout code	2025-04-23T11:19:07.0756123Z   KAOS_REPO: /actions-runner/_work/kaos/kaos
handle_failure	Checkout code	2025-04-23T11:19:07.0756577Z   KAOS_STEP_MODULE: 
handle_failure	Checkout code	2025-04-23T11:19:07.0756941Z   KAOS_CODE: 14166772652
handle_failure	Checkout code	2025-04-23T11:19:07.0757310Z   KAOS_REF_BRANCH: main
handle_failure	Checkout code	2025-04-23T11:19:07.0757665Z ##[endgroup]
handle_failure	Checkout code	2025-04-23T11:19:07.1563405Z Syncing repository: Ka0s-Klaus/ka0s
handle_failure	Checkout code	2025-04-23T11:19:07.1565022Z ##[group]Getting Git version info
handle_failure	Checkout code	2025-04-23T11:19:07.1565592Z Working directory is '/actions-runner/_work/ka0s/ka0s'
handle_failure	Checkout code	2025-04-23T11:19:07.1566415Z [command]/usr/bin/git version
handle_failure	Checkout code	2025-04-23T11:19:07.1566869Z git version 2.43.0
handle_failure	Checkout code	2025-04-23T11:19:07.1578426Z ##[endgroup]
handle_failure	Checkout code	2025-04-23T11:19:07.1587052Z Copying '/home/kaos/.gitconfig' to '/actions-runner/_work/_temp/25ae36ca-4cbc-482b-8abe-262f69a7b07c/.gitconfig'
handle_failure	Checkout code	2025-04-23T11:19:07.1595634Z Temporarily overriding HOME='/actions-runner/_work/_temp/25ae36ca-4cbc-482b-8abe-262f69a7b07c' before making global git config changes
handle_failure	Checkout code	2025-04-23T11:19:07.1597317Z Adding repository directory to the temporary git global config as a safe directory
handle_failure	Checkout code	2025-04-23T11:19:07.1599823Z [command]/usr/bin/git config --global --add safe.directory /actions-runner/_work/ka0s/ka0s
handle_failure	Checkout code	2025-04-23T11:19:07.1639854Z [command]/usr/bin/git config --local --get remote.origin.url
handle_failure	Checkout code	2025-04-23T11:19:07.1661862Z https://github.com/Ka0s-Klaus/ka0s
handle_failure	Checkout code	2025-04-23T11:19:07.1682763Z ##[group]Removing previously created refs, to avoid conflicts
handle_failure	Checkout code	2025-04-23T11:19:07.1686605Z [command]/usr/bin/git rev-parse --symbolic-full-name --verify --quiet HEAD
handle_failure	Checkout code	2025-04-23T11:19:07.1709015Z refs/heads/H215-modulo-de-summary
handle_failure	Checkout code	2025-04-23T11:19:07.1716046Z [command]/usr/bin/git checkout --detach
handle_failure	Checkout code	2025-04-23T11:19:07.2382691Z HEAD is now at ef0a228a [Ka0S] Uploading resume execution files to the repository...
handle_failure	Checkout code	2025-04-23T11:19:07.2422987Z [command]/usr/bin/git branch --delete --force H215-modulo-de-summary
handle_failure	Checkout code	2025-04-23T11:19:07.2457983Z Deleted branch H215-modulo-de-summary (was ef0a228a).
handle_failure	Checkout code	2025-04-23T11:19:07.2511099Z ##[endgroup]
handle_failure	Checkout code	2025-04-23T11:19:07.2514555Z [command]/usr/bin/git submodule status
handle_failure	Checkout code	2025-04-23T11:19:07.2748027Z ##[group]Cleaning the repository
handle_failure	Checkout code	2025-04-23T11:19:07.2754617Z [command]/usr/bin/git clean -ffdx
handle_failure	Checkout code	2025-04-23T11:19:07.2791381Z [command]/usr/bin/git reset --hard HEAD
handle_failure	Checkout code	2025-04-23T11:19:07.2903847Z HEAD is now at ef0a228a [Ka0S] Uploading resume execution files to the repository...
handle_failure	Checkout code	2025-04-23T11:19:07.2906102Z ##[endgroup]
handle_failure	Checkout code	2025-04-23T11:19:07.2906952Z ##[group]Disabling automatic garbage collection
handle_failure	Checkout code	2025-04-23T11:19:07.2909834Z [command]/usr/bin/git config --local gc.auto 0
handle_failure	Checkout code	2025-04-23T11:19:07.2937906Z ##[endgroup]
handle_failure	Checkout code	2025-04-23T11:19:07.2938868Z ##[group]Setting up auth
handle_failure	Checkout code	2025-04-23T11:19:07.2941656Z [command]/usr/bin/git config --local --name-only --get-regexp core\.sshCommand
handle_failure	Checkout code	2025-04-23T11:19:07.2970234Z [command]/usr/bin/git submodule foreach --recursive sh -c "git config --local --name-only --get-regexp 'core\.sshCommand' && git config --local --unset-all 'core.sshCommand' || :"
handle_failure	Checkout code	2025-04-23T11:19:07.3190474Z [command]/usr/bin/git config --local --name-only --get-regexp http\.https\:\/\/github\.com\/\.extraheader
handle_failure	Checkout code	2025-04-23T11:19:07.3218322Z [command]/usr/bin/git submodule foreach --recursive sh -c "git config --local --name-only --get-regexp 'http\.https\:\/\/github\.com\/\.extraheader' && git config --local --unset-all 'http.https://github.com/.extraheader' || :"
handle_failure	Checkout code	2025-04-23T11:19:07.3443942Z [command]/usr/bin/git config --local http.https://github.com/.extraheader AUTHORIZATION: basic ***
handle_failure	Checkout code	2025-04-23T11:19:07.3478357Z ##[endgroup]
handle_failure	Checkout code	2025-04-23T11:19:07.3479464Z ##[group]Fetching the repository
handle_failure	Checkout code	2025-04-23T11:19:07.3484978Z [command]/usr/bin/git -c protocol.version=2 fetch --prune --no-recurse-submodules origin +refs/heads/*:refs/remotes/origin/* +refs/tags/*:refs/tags/*
handle_failure	Checkout code	2025-04-23T11:19:07.8166079Z From https://github.com/Ka0s-Klaus/ka0s
handle_failure	Checkout code	2025-04-23T11:19:07.8167966Z    ef0a228a..be8bef88  H215-modulo-de-summary -> origin/H215-modulo-de-summary
handle_failure	Checkout code	2025-04-23T11:19:07.8257919Z [command]/usr/bin/git branch --list --remote origin/H220-web-de-resultados
handle_failure	Checkout code	2025-04-23T11:19:07.8284190Z   origin/H220-web-de-resultados
handle_failure	Checkout code	2025-04-23T11:19:07.8288174Z [command]/usr/bin/git rev-parse refs/remotes/origin/H220-web-de-resultados
handle_failure	Checkout code	2025-04-23T11:19:07.8307381Z 4c43f424dfeee64847046f241f62417f4ebdae6b
handle_failure	Checkout code	2025-04-23T11:19:07.8319341Z [command]/usr/bin/git -c protocol.version=2 fetch --no-tags --prune --no-recurse-submodules origin +1a5824f09c791ca8c9667f9d34daee4bb0625397:refs/remotes/origin/H220-web-de-resultados
handle_failure	Checkout code	2025-04-23T11:19:07.8677206Z From https://github.com/Ka0s-Klaus/ka0s
handle_failure	Checkout code	2025-04-23T11:19:07.8680014Z  + 4c43f424...1a5824f0 1a5824f09c791ca8c9667f9d34daee4bb0625397 -> origin/H220-web-de-resultados  (forced update)
handle_failure	Checkout code	2025-04-23T11:19:07.8700460Z ##[endgroup]
handle_failure	Checkout code	2025-04-23T11:19:07.8701968Z ##[group]Determining the checkout info
handle_failure	Checkout code	2025-04-23T11:19:07.8704059Z ##[endgroup]
handle_failure	Checkout code	2025-04-23T11:19:07.8705091Z [command]/usr/bin/git sparse-checkout disable
handle_failure	Checkout code	2025-04-23T11:19:07.8751433Z [command]/usr/bin/git config --local --unset-all extensions.worktreeConfig
handle_failure	Checkout code	2025-04-23T11:19:07.8777852Z ##[group]Checking out the ref
handle_failure	Checkout code	2025-04-23T11:19:07.8780558Z [command]/usr/bin/git checkout --progress --force -B H220-web-de-resultados refs/remotes/origin/H220-web-de-resultados
handle_failure	Checkout code	2025-04-23T11:19:07.8964670Z Previous HEAD position was ef0a228a [Ka0S] Uploading resume execution files to the repository...
handle_failure	Checkout code	2025-04-23T11:19:07.8967363Z Switched to a new branch 'H220-web-de-resultados'
handle_failure	Checkout code	2025-04-23T11:19:07.8969563Z branch 'H220-web-de-resultados' set up to track 'origin/H220-web-de-resultados'.
handle_failure	Checkout code	2025-04-23T11:19:07.8974103Z ##[endgroup]
handle_failure	Checkout code	2025-04-23T11:19:07.9008276Z [command]/usr/bin/git log -1 --format=%H
handle_failure	Checkout code	2025-04-23T11:19:07.9037986Z 1a5824f09c791ca8c9667f9d34daee4bb0625397
handle_failure	handle-failure-execution	ï»¿2025-04-23T11:19:07.9274766Z ##[group]Run echo "Error detected in process"
handle_failure	handle-failure-execution	2025-04-23T11:19:07.9275882Z [36;1mecho "Error detected in process"[0m
handle_failure	handle-failure-execution	2025-04-23T11:19:07.9277213Z [36;1mRNNUMBER=$(echo "refs/heads/H220-web-de-resultados" | grep -o '[0-9]*')[0m
handle_failure	handle-failure-execution	2025-04-23T11:19:07.9279753Z [36;1mgh issue comment $RNNUMBER --body "El proceso no ha finalizado correctamente 14166772652. El resultado estÃ¡ en el fichero core/results/event_data14166772652.log"[0m
handle_failure	handle-failure-execution	2025-04-23T11:19:07.9289519Z shell: /usr/bin/bash -e {0}
handle_failure	handle-failure-execution	2025-04-23T11:19:07.9290471Z env:
handle_failure	handle-failure-execution	2025-04-23T11:19:07.9291093Z   KAOS_MODULE: [Ka0S] JSONLINT
handle_failure	handle-failure-execution	2025-04-23T11:19:07.9292470Z   GH_TOKEN: ***
handle_failure	handle-failure-execution	2025-04-23T11:19:07.9293408Z   KAOS_JSONLINT_CONFIG: core/config/.jsonlint.json
handle_failure	handle-failure-execution	2025-04-23T11:19:07.9294501Z   KAOS_PATH_RESUME: core/outputs/j/
handle_failure	handle-failure-execution	2025-04-23T11:19:07.9295394Z   KAOS_REPO: /actions-runner/_work/kaos/kaos
handle_failure	handle-failure-execution	2025-04-23T11:19:07.9296279Z   KAOS_STEP_MODULE: 
handle_failure	handle-failure-execution	2025-04-23T11:19:07.9296975Z   KAOS_CODE: 14166772652
handle_failure	handle-failure-execution	2025-04-23T11:19:07.9297709Z   KAOS_REF_BRANCH: main
handle_failure	handle-failure-execution	2025-04-23T11:19:07.9298445Z ##[endgroup]
handle_failure	handle-failure-execution	2025-04-23T11:19:07.9344919Z Error detected in process
handle_failure	handle-failure-execution	2025-04-23T11:19:08.9433950Z https://github.com/Ka0s-Klaus/ka0s/issues/220#issuecomment-2823953214
handle_failure	Post Checkout code	ï»¿2025-04-23T11:19:08.9543521Z Post job cleanup.
handle_failure	Post Checkout code	2025-04-23T11:19:09.0237460Z [command]/usr/bin/git version
handle_failure	Post Checkout code	2025-04-23T11:19:09.0264700Z git version 2.43.0
handle_failure	Post Checkout code	2025-04-23T11:19:09.0292691Z Copying '/home/kaos/.gitconfig' to '/actions-runner/_work/_temp/f8e03c62-3054-4f63-8105-3f733e028abf/.gitconfig'
handle_failure	Post Checkout code	2025-04-23T11:19:09.0302237Z Temporarily overriding HOME='/actions-runner/_work/_temp/f8e03c62-3054-4f63-8105-3f733e028abf' before making global git config changes
handle_failure	Post Checkout code	2025-04-23T11:19:09.0303211Z Adding repository directory to the temporary git global config as a safe directory
handle_failure	Post Checkout code	2025-04-23T11:19:09.0307811Z [command]/usr/bin/git config --global --add safe.directory /actions-runner/_work/ka0s/ka0s
handle_failure	Post Checkout code	2025-04-23T11:19:09.0332132Z [command]/usr/bin/git config --local --name-only --get-regexp core\.sshCommand
handle_failure	Post Checkout code	2025-04-23T11:19:09.0368669Z [command]/usr/bin/git submodule foreach --recursive sh -c "git config --local --name-only --get-regexp 'core\.sshCommand' && git config --local --unset-all 'core.sshCommand' || :"
handle_failure	Post Checkout code	2025-04-23T11:19:09.0592243Z [command]/usr/bin/git config --local --name-only --get-regexp http\.https\:\/\/github\.com\/\.extraheader
handle_failure	Post Checkout code	2025-04-23T11:19:09.0615059Z http.https://github.com/.extraheader
handle_failure	Post Checkout code	2025-04-23T11:19:09.0628366Z [command]/usr/bin/git config --local --unset-all http.https://github.com/.extraheader
handle_failure	Post Checkout code	2025-04-23T11:19:09.0660895Z [command]/usr/bin/git submodule foreach --recursive sh -c "git config --local --name-only --get-regexp 'http\.https\:\/\/github\.com\/\.extraheader' && git config --local --unset-all 'http.https://github.com/.extraheader' || :"
handle_failure	Complete job	ï»¿2025-04-23T11:19:09.0971294Z Cleaning up orphan processes
end-workflow	Set up job	ï»¿2025-04-23T11:26:00.4924508Z Current runner version: '2.323.0'
end-workflow	Set up job	2025-04-23T11:26:00.4929401Z Runner name: 'ka0s-9'
end-workflow	Set up job	2025-04-23T11:26:00.4930050Z Machine name: '26a53205c9ac'
end-workflow	Set up job	2025-04-23T11:26:00.4931856Z ##[group]GITHUB_TOKEN Permissions
end-workflow	Set up job	2025-04-23T11:26:00.4933534Z Actions: write
end-workflow	Set up job	2025-04-23T11:26:00.4933914Z Contents: write
end-workflow	Set up job	2025-04-23T11:26:00.4934273Z Issues: write
end-workflow	Set up job	2025-04-23T11:26:00.4934603Z Metadata: read
end-workflow	Set up job	2025-04-23T11:26:00.4934938Z PullRequests: write
end-workflow	Set up job	2025-04-23T11:26:00.4935289Z ##[endgroup]
end-workflow	Set up job	2025-04-23T11:26:00.4936736Z Secret source: Actions
end-workflow	Set up job	2025-04-23T11:26:00.4937335Z Prepare workflow directory
end-workflow	Set up job	2025-04-23T11:26:00.5364527Z Prepare all required actions
end-workflow	Set up job	2025-04-23T11:26:00.5407344Z Getting action download info
end-workflow	Set up job	2025-04-23T11:26:01.0622409Z Download action repository 'actions/checkout@v4' (SHA:11bd71901bbe5b1630ceea73d27597364c9af683)
end-workflow	Set up job	2025-04-23T11:26:01.7370256Z Complete job name: end-workflow
end-workflow	Checkout code	ï»¿2025-04-23T11:26:01.7669819Z ##[group]Run actions/checkout@v4
end-workflow	Checkout code	2025-04-23T11:26:01.7670350Z with:
end-workflow	Checkout code	2025-04-23T11:26:01.7670627Z   fetch-depth: 0
end-workflow	Checkout code	2025-04-23T11:26:01.7671079Z   token: ***
end-workflow	Checkout code	2025-04-23T11:26:01.7671353Z   repository: Ka0s-Klaus/ka0s
end-workflow	Checkout code	2025-04-23T11:26:01.7671665Z   ssh-strict: true
end-workflow	Checkout code	2025-04-23T11:26:01.7671934Z   ssh-user: git
end-workflow	Checkout code	2025-04-23T11:26:01.7672340Z   persist-credentials: true
end-workflow	Checkout code	2025-04-23T11:26:01.7672647Z   clean: true
end-workflow	Checkout code	2025-04-23T11:26:01.7672924Z   sparse-checkout-cone-mode: true
end-workflow	Checkout code	2025-04-23T11:26:01.7673255Z   fetch-tags: false
end-workflow	Checkout code	2025-04-23T11:26:01.7673528Z   show-progress: true
end-workflow	Checkout code	2025-04-23T11:26:01.7673799Z   lfs: false
end-workflow	Checkout code	2025-04-23T11:26:01.7674053Z   submodules: false
end-workflow	Checkout code	2025-04-23T11:26:01.7674331Z   set-safe-directory: true
end-workflow	Checkout code	2025-04-23T11:26:01.7674738Z env:
end-workflow	Checkout code	2025-04-23T11:26:01.7674994Z   KAOS_MODULE: [Ka0S] JSONLINT
end-workflow	Checkout code	2025-04-23T11:26:01.7675396Z   GH_TOKEN: ***
end-workflow	Checkout code	2025-04-23T11:26:01.7675698Z   KAOS_JSONLINT_CONFIG: core/config/.jsonlint.json
end-workflow	Checkout code	2025-04-23T11:26:01.7676098Z   KAOS_PATH_RESUME: core/outputs/j/
end-workflow	Checkout code	2025-04-23T11:26:01.7676474Z   KAOS_REPO: /actions-runner/_work/kaos/kaos
end-workflow	Checkout code	2025-04-23T11:26:01.7676835Z   KAOS_STEP_MODULE: 
end-workflow	Checkout code	2025-04-23T11:26:01.7677121Z   KAOS_CODE: 14166772652
end-workflow	Checkout code	2025-04-23T11:26:01.7677411Z   KAOS_REF_BRANCH: main
end-workflow	Checkout code	2025-04-23T11:26:01.7677695Z ##[endgroup]
end-workflow	Checkout code	2025-04-23T11:26:01.8434934Z Syncing repository: Ka0s-Klaus/ka0s
end-workflow	Checkout code	2025-04-23T11:26:01.8436277Z ##[group]Getting Git version info
end-workflow	Checkout code	2025-04-23T11:26:01.8436769Z Working directory is '/actions-runner/_work/ka0s/ka0s'
end-workflow	Checkout code	2025-04-23T11:26:01.8437504Z [command]/usr/bin/git version
end-workflow	Checkout code	2025-04-23T11:26:01.8440717Z git version 2.43.0
end-workflow	Checkout code	2025-04-23T11:26:01.8462126Z ##[endgroup]
end-workflow	Checkout code	2025-04-23T11:26:01.8469437Z Copying '/home/kaos/.gitconfig' to '/actions-runner/_work/_temp/6ee21760-606b-4172-92e0-e653c2d77d62/.gitconfig'
end-workflow	Checkout code	2025-04-23T11:26:01.8478877Z Temporarily overriding HOME='/actions-runner/_work/_temp/6ee21760-606b-4172-92e0-e653c2d77d62' before making global git config changes
end-workflow	Checkout code	2025-04-23T11:26:01.8479995Z Adding repository directory to the temporary git global config as a safe directory
end-workflow	Checkout code	2025-04-23T11:26:01.8481023Z [command]/usr/bin/git config --global --add safe.directory /actions-runner/_work/ka0s/ka0s
end-workflow	Checkout code	2025-04-23T11:26:01.8517250Z [command]/usr/bin/git config --local --get remote.origin.url
end-workflow	Checkout code	2025-04-23T11:26:01.8534659Z https://github.com/Ka0s-Klaus/ka0s
end-workflow	Checkout code	2025-04-23T11:26:01.8552704Z ##[group]Removing previously created refs, to avoid conflicts
end-workflow	Checkout code	2025-04-23T11:26:01.8556126Z [command]/usr/bin/git rev-parse --symbolic-full-name --verify --quiet HEAD
end-workflow	Checkout code	2025-04-23T11:26:01.8578405Z refs/heads/H220-web-de-resultados
end-workflow	Checkout code	2025-04-23T11:26:01.8586983Z [command]/usr/bin/git checkout --detach
end-workflow	Checkout code	2025-04-23T11:26:01.9876196Z HEAD is now at 855ed0fa [Ka0S] Uploading resume execution files to the repository...
end-workflow	Checkout code	2025-04-23T11:26:01.9916641Z [command]/usr/bin/git branch --delete --force H220-web-de-resultados
end-workflow	Checkout code	2025-04-23T11:26:01.9950200Z Deleted branch H220-web-de-resultados (was 855ed0fa).
end-workflow	Checkout code	2025-04-23T11:26:01.9990824Z ##[endgroup]
end-workflow	Checkout code	2025-04-23T11:26:01.9993362Z [command]/usr/bin/git submodule status
end-workflow	Checkout code	2025-04-23T11:26:02.0222956Z ##[group]Cleaning the repository
end-workflow	Checkout code	2025-04-23T11:26:02.0223583Z [command]/usr/bin/git clean -ffdx
end-workflow	Checkout code	2025-04-23T11:26:02.0261379Z [command]/usr/bin/git reset --hard HEAD
end-workflow	Checkout code	2025-04-23T11:26:02.0355964Z HEAD is now at 855ed0fa [Ka0S] Uploading resume execution files to the repository...
end-workflow	Checkout code	2025-04-23T11:26:02.0357695Z ##[endgroup]
end-workflow	Checkout code	2025-04-23T11:26:02.0358468Z ##[group]Disabling automatic garbage collection
end-workflow	Checkout code	2025-04-23T11:26:02.0360570Z [command]/usr/bin/git config --local gc.auto 0
end-workflow	Checkout code	2025-04-23T11:26:02.0385999Z ##[endgroup]
end-workflow	Checkout code	2025-04-23T11:26:02.0386589Z ##[group]Setting up auth
end-workflow	Checkout code	2025-04-23T11:26:02.0395916Z [command]/usr/bin/git config --local --name-only --get-regexp core\.sshCommand
end-workflow	Checkout code	2025-04-23T11:26:02.0416567Z [command]/usr/bin/git submodule foreach --recursive sh -c "git config --local --name-only --get-regexp 'core\.sshCommand' && git config --local --unset-all 'core.sshCommand' || :"
end-workflow	Checkout code	2025-04-23T11:26:02.0633896Z [command]/usr/bin/git config --local --name-only --get-regexp http\.https\:\/\/github\.com\/\.extraheader
end-workflow	Checkout code	2025-04-23T11:26:02.0658042Z [command]/usr/bin/git submodule foreach --recursive sh -c "git config --local --name-only --get-regexp 'http\.https\:\/\/github\.com\/\.extraheader' && git config --local --unset-all 'http.https://github.com/.extraheader' || :"
end-workflow	Checkout code	2025-04-23T11:26:02.0888104Z [command]/usr/bin/git config --local http.https://github.com/.extraheader AUTHORIZATION: basic ***
end-workflow	Checkout code	2025-04-23T11:26:02.0917402Z ##[endgroup]
end-workflow	Checkout code	2025-04-23T11:26:02.0918638Z ##[group]Fetching the repository
end-workflow	Checkout code	2025-04-23T11:26:02.0921845Z [command]/usr/bin/git -c protocol.version=2 fetch --prune --no-recurse-submodules origin +refs/heads/*:refs/remotes/origin/* +refs/tags/*:refs/tags/*
end-workflow	Checkout code	2025-04-23T11:26:03.0336781Z From https://github.com/Ka0s-Klaus/ka0s
end-workflow	Checkout code	2025-04-23T11:26:03.0337434Z    855ed0fa..4c43f424  H220-web-de-resultados -> origin/H220-web-de-resultados
end-workflow	Checkout code	2025-04-23T11:26:03.0337874Z    0f54a090..b46e5408  main                   -> origin/main
end-workflow	Checkout code	2025-04-23T11:26:03.0376809Z [command]/usr/bin/git branch --list --remote origin/H220-web-de-resultados
end-workflow	Checkout code	2025-04-23T11:26:03.0404344Z   origin/H220-web-de-resultados
end-workflow	Checkout code	2025-04-23T11:26:03.0412864Z [command]/usr/bin/git rev-parse refs/remotes/origin/H220-web-de-resultados
end-workflow	Checkout code	2025-04-23T11:26:03.0433206Z 4c43f424dfeee64847046f241f62417f4ebdae6b
end-workflow	Checkout code	2025-04-23T11:26:03.0440173Z [command]/usr/bin/git -c protocol.version=2 fetch --no-tags --prune --no-recurse-submodules origin +1a5824f09c791ca8c9667f9d34daee4bb0625397:refs/remotes/origin/H220-web-de-resultados
end-workflow	Checkout code	2025-04-23T11:26:03.0825494Z From https://github.com/Ka0s-Klaus/ka0s
end-workflow	Checkout code	2025-04-23T11:26:03.0826188Z  + 4c43f424...1a5824f0 1a5824f09c791ca8c9667f9d34daee4bb0625397 -> origin/H220-web-de-resultados  (forced update)
end-workflow	Checkout code	2025-04-23T11:26:03.0847480Z ##[endgroup]
end-workflow	Checkout code	2025-04-23T11:26:03.0848581Z ##[group]Determining the checkout info
end-workflow	Checkout code	2025-04-23T11:26:03.0848928Z ##[endgroup]
end-workflow	Checkout code	2025-04-23T11:26:03.0854099Z [command]/usr/bin/git sparse-checkout disable
end-workflow	Checkout code	2025-04-23T11:26:03.0906753Z [command]/usr/bin/git config --local --unset-all extensions.worktreeConfig
end-workflow	Checkout code	2025-04-23T11:26:03.0932393Z ##[group]Checking out the ref
end-workflow	Checkout code	2025-04-23T11:26:03.0932988Z [command]/usr/bin/git checkout --progress --force -B H220-web-de-resultados refs/remotes/origin/H220-web-de-resultados
end-workflow	Checkout code	2025-04-23T11:26:03.1264407Z Previous HEAD position was 855ed0fa [Ka0S] Uploading resume execution files to the repository...
end-workflow	Checkout code	2025-04-23T11:26:03.1265703Z Switched to a new branch 'H220-web-de-resultados'
end-workflow	Checkout code	2025-04-23T11:26:03.1280904Z branch 'H220-web-de-resultados' set up to track 'origin/H220-web-de-resultados'.
end-workflow	Checkout code	2025-04-23T11:26:03.1282762Z ##[endgroup]
end-workflow	Checkout code	2025-04-23T11:26:03.1310399Z [command]/usr/bin/git log -1 --format=%H
end-workflow	Checkout code	2025-04-23T11:26:03.1336128Z 1a5824f09c791ca8c9667f9d34daee4bb0625397
end-workflow	Finaliza el workflow	ï»¿2025-04-23T11:26:03.1534419Z ##[group]Run echo "End process"
end-workflow	Finaliza el workflow	2025-04-23T11:26:03.1534735Z [36;1mecho "End process"[0m
end-workflow	Finaliza el workflow	2025-04-23T11:26:03.1535037Z [36;1mRNNUMBER=$(echo "refs/heads/H220-web-de-resultados" | grep -o '[0-9]*')[0m
end-workflow	Finaliza el workflow	2025-04-23T11:26:03.1535392Z [36;1mgh issue comment $RNNUMBER --body "Se finaliza Ka0s 14166772652"[0m
end-workflow	Finaliza el workflow	2025-04-23T11:26:03.1535818Z [36;1mgh workflow run inspector.yml --ref 'main' -f kaos-issue-id=$RNNUMBER -f kaos-workflow-id="14166772652" -f kaos-user-start=""[0m
end-workflow	Finaliza el workflow	2025-04-23T11:26:03.1542381Z shell: /usr/bin/bash -e {0}
end-workflow	Finaliza el workflow	2025-04-23T11:26:03.1542608Z env:
end-workflow	Finaliza el workflow	2025-04-23T11:26:03.1542776Z   KAOS_MODULE: [Ka0S] JSONLINT
end-workflow	Finaliza el workflow	2025-04-23T11:26:03.1543193Z   GH_TOKEN: ***
end-workflow	Finaliza el workflow	2025-04-23T11:26:03.1543395Z   KAOS_JSONLINT_CONFIG: core/config/.jsonlint.json
end-workflow	Finaliza el workflow	2025-04-23T11:26:03.1543632Z   KAOS_PATH_RESUME: core/outputs/j/
end-workflow	Finaliza el workflow	2025-04-23T11:26:03.1543855Z   KAOS_REPO: /actions-runner/_work/kaos/kaos
end-workflow	Finaliza el workflow	2025-04-23T11:26:03.1544063Z   KAOS_STEP_MODULE: 
end-workflow	Finaliza el workflow	2025-04-23T11:26:03.1544240Z   KAOS_CODE: 14166772652
end-workflow	Finaliza el workflow	2025-04-23T11:26:03.1544423Z   KAOS_REF_BRANCH: main
end-workflow	Finaliza el workflow	2025-04-23T11:26:03.1544625Z ##[endgroup]
end-workflow	Finaliza el workflow	2025-04-23T11:26:03.1581180Z End process
end-workflow	Finaliza el workflow	2025-04-23T11:26:04.0134652Z https://github.com/Ka0s-Klaus/ka0s/issues/220#issuecomment-2823969031
end-workflow	Post Checkout code	ï»¿2025-04-23T11:26:04.5768607Z Post job cleanup.
end-workflow	Post Checkout code	2025-04-23T11:26:04.6430396Z [command]/usr/bin/git version
end-workflow	Post Checkout code	2025-04-23T11:26:04.6458569Z git version 2.43.0
end-workflow	Post Checkout code	2025-04-23T11:26:04.6496925Z Copying '/home/kaos/.gitconfig' to '/actions-runner/_work/_temp/95009f55-e3ef-4e86-b853-e4560325e8d4/.gitconfig'
end-workflow	Post Checkout code	2025-04-23T11:26:04.6509569Z Temporarily overriding HOME='/actions-runner/_work/_temp/95009f55-e3ef-4e86-b853-e4560325e8d4' before making global git config changes
end-workflow	Post Checkout code	2025-04-23T11:26:04.6510592Z Adding repository directory to the temporary git global config as a safe directory
end-workflow	Post Checkout code	2025-04-23T11:26:04.6515668Z [command]/usr/bin/git config --global --add safe.directory /actions-runner/_work/ka0s/ka0s
end-workflow	Post Checkout code	2025-04-23T11:26:04.6557034Z [command]/usr/bin/git config --local --name-only --get-regexp core\.sshCommand
end-workflow	Post Checkout code	2025-04-23T11:26:04.6589507Z [command]/usr/bin/git submodule foreach --recursive sh -c "git config --local --name-only --get-regexp 'core\.sshCommand' && git config --local --unset-all 'core.sshCommand' || :"
end-workflow	Post Checkout code	2025-04-23T11:26:04.6810007Z [command]/usr/bin/git config --local --name-only --get-regexp http\.https\:\/\/github\.com\/\.extraheader
end-workflow	Post Checkout code	2025-04-23T11:26:04.6828799Z http.https://github.com/.extraheader
end-workflow	Post Checkout code	2025-04-23T11:26:04.6840424Z [command]/usr/bin/git config --local --unset-all http.https://github.com/.extraheader
end-workflow	Post Checkout code	2025-04-23T11:26:04.6871550Z [command]/usr/bin/git submodule foreach --recursive sh -c "git config --local --name-only --get-regexp 'http\.https\:\/\/github\.com\/\.extraheader' && git config --local --unset-all 'http.https://github.com/.extraheader' || :"
end-workflow	Complete job	ï»¿2025-04-23T11:26:04.7180404Z Cleaning up orphan processes
