job-core	Set up job	﻿2025-04-23T11:00:08.7831232Z Current runner version: '2.323.0'
job-core	Set up job	2025-04-23T11:00:08.7835086Z Runner name: 'ka0s-7'
job-core	Set up job	2025-04-23T11:00:08.7835654Z Machine name: '26a53205c9ac'
job-core	Set up job	2025-04-23T11:00:08.7837052Z ##[group]GITHUB_TOKEN Permissions
job-core	Set up job	2025-04-23T11:00:08.7838459Z Contents: read
job-core	Set up job	2025-04-23T11:00:08.7838775Z Metadata: read
job-core	Set up job	2025-04-23T11:00:08.7839072Z Packages: read
job-core	Set up job	2025-04-23T11:00:08.7839464Z ##[endgroup]
job-core	Set up job	2025-04-23T11:00:08.7841194Z Secret source: Actions
job-core	Set up job	2025-04-23T11:00:08.7841585Z Prepare workflow directory
job-core	Set up job	2025-04-23T11:00:08.8244038Z Prepare all required actions
job-core	Set up job	2025-04-23T11:00:08.8270197Z Getting action download info
job-core	Set up job	2025-04-23T11:00:09.2659899Z Download action repository 'actions/checkout@v4' (SHA:11bd71901bbe5b1630ceea73d27597364c9af683)
job-core	Set up job	2025-04-23T11:00:09.9608651Z Download action repository 'actions/setup-python@v5' (SHA:8d9ed9ac5c53483de85588cdf95a591a75ab9f55)
job-core	Set up job	2025-04-23T11:00:10.9440332Z Complete job name: job-core
job-core	Checkout repository	﻿2025-04-23T11:00:10.9818081Z ##[group]Run actions/checkout@v4
job-core	Checkout repository	2025-04-23T11:00:10.9818985Z with:
job-core	Checkout repository	2025-04-23T11:00:10.9819524Z   fetch-depth: 0
job-core	Checkout repository	2025-04-23T11:00:10.9820399Z   token: ***
job-core	Checkout repository	2025-04-23T11:00:10.9820937Z   repository: Ka0s-Klaus/ka0s
job-core	Checkout repository	2025-04-23T11:00:10.9821585Z   ssh-strict: true
job-core	Checkout repository	2025-04-23T11:00:10.9822262Z   ssh-user: git
job-core	Checkout repository	2025-04-23T11:00:10.9822951Z   persist-credentials: true
job-core	Checkout repository	2025-04-23T11:00:10.9823720Z   clean: true
job-core	Checkout repository	2025-04-23T11:00:10.9824353Z   sparse-checkout-cone-mode: true
job-core	Checkout repository	2025-04-23T11:00:10.9825028Z   fetch-tags: false
job-core	Checkout repository	2025-04-23T11:00:10.9825587Z   show-progress: true
job-core	Checkout repository	2025-04-23T11:00:10.9826297Z   lfs: false
job-core	Checkout repository	2025-04-23T11:00:10.9826919Z   submodules: false
job-core	Checkout repository	2025-04-23T11:00:10.9827581Z   set-safe-directory: true
job-core	Checkout repository	2025-04-23T11:00:10.9828438Z env:
job-core	Checkout repository	2025-04-23T11:00:10.9829011Z   KAOS_CODE: 14192623809
job-core	Checkout repository	2025-04-23T11:00:10.9829740Z   KAOS_EVENT_NAME: workflow_dispatch
job-core	Checkout repository	2025-04-23T11:00:10.9830547Z   KAOS_ACTION: 
job-core	Checkout repository	2025-04-23T11:00:10.9831234Z   KAOS_REF: refs/heads/H215-modulo-de-summary
job-core	Checkout repository	2025-04-23T11:00:10.9832322Z   KAOS_MODULE: [Ka0S] Workflow Statistics Summary
job-core	Checkout repository	2025-04-23T11:00:10.9833344Z   KAOS_PATH_RESUME: core/outputs/w/
job-core	Checkout repository	2025-04-23T11:00:10.9834097Z   KAOS_JSON: core/results/event_data_
job-core	Checkout repository	2025-04-23T11:00:10.9834820Z   KAOS_ACTOR: ***
job-core	Checkout repository	2025-04-23T11:00:10.9835332Z ##[endgroup]
job-core	Checkout repository	2025-04-23T11:00:11.0556593Z Syncing repository: Ka0s-Klaus/ka0s
job-core	Checkout repository	2025-04-23T11:00:11.0558391Z ##[group]Getting Git version info
job-core	Checkout repository	2025-04-23T11:00:11.0559249Z Working directory is '/actions-runner/_work/ka0s/ka0s'
job-core	Checkout repository	2025-04-23T11:00:11.0560562Z [command]/usr/bin/git version
job-core	Checkout repository	2025-04-23T11:00:11.0561203Z git version 2.43.0
job-core	Checkout repository	2025-04-23T11:00:11.0574928Z ##[endgroup]
job-core	Checkout repository	2025-04-23T11:00:11.0585960Z Copying '/home/kaos/.gitconfig' to '/actions-runner/_work/_temp/4be00aa2-1690-4ebe-825f-4c88e545d4a2/.gitconfig'
job-core	Checkout repository	2025-04-23T11:00:11.0601133Z Temporarily overriding HOME='/actions-runner/_work/_temp/4be00aa2-1690-4ebe-825f-4c88e545d4a2' before making global git config changes
job-core	Checkout repository	2025-04-23T11:00:11.0603532Z Adding repository directory to the temporary git global config as a safe directory
job-core	Checkout repository	2025-04-23T11:00:11.0606409Z [command]/usr/bin/git config --global --add safe.directory /actions-runner/_work/ka0s/ka0s
job-core	Checkout repository	2025-04-23T11:00:11.0647223Z [command]/usr/bin/git config --local --get remote.origin.url
job-core	Checkout repository	2025-04-23T11:00:11.0666457Z https://github.com/Ka0s-Klaus/ka0s
job-core	Checkout repository	2025-04-23T11:00:11.0685188Z ##[group]Removing previously created refs, to avoid conflicts
job-core	Checkout repository	2025-04-23T11:00:11.0688847Z [command]/usr/bin/git rev-parse --symbolic-full-name --verify --quiet HEAD
job-core	Checkout repository	2025-04-23T11:00:11.0710279Z refs/heads/H220-web-de-resultados
job-core	Checkout repository	2025-04-23T11:00:11.0718509Z [command]/usr/bin/git checkout --detach
job-core	Checkout repository	2025-04-23T11:00:11.0875132Z HEAD is now at 855ed0fa [Ka0S] Uploading resume execution files to the repository...
job-core	Checkout repository	2025-04-23T11:00:11.0916482Z [command]/usr/bin/git branch --delete --force H220-web-de-resultados
job-core	Checkout repository	2025-04-23T11:00:11.0946853Z Deleted branch H220-web-de-resultados (was 855ed0fa).
job-core	Checkout repository	2025-04-23T11:00:11.0994724Z ##[endgroup]
job-core	Checkout repository	2025-04-23T11:00:11.0995623Z [command]/usr/bin/git submodule status
job-core	Checkout repository	2025-04-23T11:00:11.1213777Z ##[group]Cleaning the repository
job-core	Checkout repository	2025-04-23T11:00:11.1217493Z [command]/usr/bin/git clean -ffdx
job-core	Checkout repository	2025-04-23T11:00:11.1257200Z Removing core/outputs/j/jsonlint-results-14245380393.txt
job-core	Checkout repository	2025-04-23T11:00:11.1268040Z [command]/usr/bin/git reset --hard HEAD
job-core	Checkout repository	2025-04-23T11:00:11.1356729Z HEAD is now at 855ed0fa [Ka0S] Uploading resume execution files to the repository...
job-core	Checkout repository	2025-04-23T11:00:11.1359627Z ##[endgroup]
job-core	Checkout repository	2025-04-23T11:00:11.1360838Z ##[group]Disabling automatic garbage collection
job-core	Checkout repository	2025-04-23T11:00:11.1361955Z [command]/usr/bin/git config --local gc.auto 0
job-core	Checkout repository	2025-04-23T11:00:11.1387067Z ##[endgroup]
job-core	Checkout repository	2025-04-23T11:00:11.1388172Z ##[group]Setting up auth
job-core	Checkout repository	2025-04-23T11:00:11.1400088Z [command]/usr/bin/git config --local --name-only --get-regexp core\.sshCommand
job-core	Checkout repository	2025-04-23T11:00:11.1427326Z [command]/usr/bin/git submodule foreach --recursive sh -c "git config --local --name-only --get-regexp 'core\.sshCommand' && git config --local --unset-all 'core.sshCommand' || :"
job-core	Checkout repository	2025-04-23T11:00:11.1643332Z [command]/usr/bin/git config --local --name-only --get-regexp http\.https\:\/\/github\.com\/\.extraheader
job-core	Checkout repository	2025-04-23T11:00:11.1669161Z [command]/usr/bin/git submodule foreach --recursive sh -c "git config --local --name-only --get-regexp 'http\.https\:\/\/github\.com\/\.extraheader' && git config --local --unset-all 'http.https://github.com/.extraheader' || :"
job-core	Checkout repository	2025-04-23T11:00:11.1885809Z [command]/usr/bin/git config --local http.https://github.com/.extraheader AUTHORIZATION: basic ***
job-core	Checkout repository	2025-04-23T11:00:11.1919042Z ##[endgroup]
job-core	Checkout repository	2025-04-23T11:00:11.1920237Z ##[group]Fetching the repository
job-core	Checkout repository	2025-04-23T11:00:11.1925108Z [command]/usr/bin/git -c protocol.version=2 fetch --prune --no-recurse-submodules origin +refs/heads/*:refs/remotes/origin/* +refs/tags/*:refs/tags/*
job-core	Checkout repository	2025-04-23T11:00:11.6667595Z From https://github.com/Ka0s-Klaus/ka0s
job-core	Checkout repository	2025-04-23T11:00:11.6668065Z    855ed0fa..4c43f424  H220-web-de-resultados -> origin/H220-web-de-resultados
job-core	Checkout repository	2025-04-23T11:00:11.6732120Z [command]/usr/bin/git branch --list --remote origin/H215-modulo-de-summary
job-core	Checkout repository	2025-04-23T11:00:11.6758127Z   origin/H215-modulo-de-summary
job-core	Checkout repository	2025-04-23T11:00:11.6766564Z [command]/usr/bin/git rev-parse refs/remotes/origin/H215-modulo-de-summary
job-core	Checkout repository	2025-04-23T11:00:11.6787854Z be8bef882b98371a98b61b4341e9114465f4cc96
job-core	Checkout repository	2025-04-23T11:00:11.6797701Z [command]/usr/bin/git -c protocol.version=2 fetch --no-tags --prune --no-recurse-submodules origin +51109b526755cd7f5c47c81a8b31c6140628aa29:refs/remotes/origin/H215-modulo-de-summary
job-core	Checkout repository	2025-04-23T11:00:11.7029690Z From https://github.com/Ka0s-Klaus/ka0s
job-core	Checkout repository	2025-04-23T11:00:11.7030599Z  + be8bef88...51109b52 51109b526755cd7f5c47c81a8b31c6140628aa29 -> origin/H215-modulo-de-summary  (forced update)
job-core	Checkout repository	2025-04-23T11:00:11.7048829Z ##[endgroup]
job-core	Checkout repository	2025-04-23T11:00:11.7049182Z ##[group]Determining the checkout info
job-core	Checkout repository	2025-04-23T11:00:11.7049795Z ##[endgroup]
job-core	Checkout repository	2025-04-23T11:00:11.7056612Z [command]/usr/bin/git sparse-checkout disable
job-core	Checkout repository	2025-04-23T11:00:11.7109403Z [command]/usr/bin/git config --local --unset-all extensions.worktreeConfig
job-core	Checkout repository	2025-04-23T11:00:11.7135298Z ##[group]Checking out the ref
job-core	Checkout repository	2025-04-23T11:00:11.7138644Z [command]/usr/bin/git checkout --progress --force -B H215-modulo-de-summary refs/remotes/origin/H215-modulo-de-summary
job-core	Checkout repository	2025-04-23T11:00:11.7418169Z Previous HEAD position was 855ed0fa [Ka0S] Uploading resume execution files to the repository...
job-core	Checkout repository	2025-04-23T11:00:11.7424680Z Switched to a new branch 'H215-modulo-de-summary'
job-core	Checkout repository	2025-04-23T11:00:11.7425475Z branch 'H215-modulo-de-summary' set up to track 'origin/H215-modulo-de-summary'.
job-core	Checkout repository	2025-04-23T11:00:11.7431622Z ##[endgroup]
job-core	Checkout repository	2025-04-23T11:00:11.7469435Z [command]/usr/bin/git log -1 --format=%H
job-core	Checkout repository	2025-04-23T11:00:11.7493020Z 51109b526755cd7f5c47c81a8b31c6140628aa29
job-core	Set up Python	﻿2025-04-23T11:00:11.7637404Z ##[group]Run actions/setup-python@v5
job-core	Set up Python	2025-04-23T11:00:11.7637683Z with:
job-core	Set up Python	2025-04-23T11:00:11.7637861Z   python-version: 3.x
job-core	Set up Python	2025-04-23T11:00:11.7638070Z   check-latest: false
job-core	Set up Python	2025-04-23T11:00:11.7638367Z   token: ***
job-core	Set up Python	2025-04-23T11:00:11.7638542Z   update-environment: true
job-core	Set up Python	2025-04-23T11:00:11.7638745Z   allow-prereleases: false
job-core	Set up Python	2025-04-23T11:00:11.7638947Z   freethreaded: false
job-core	Set up Python	2025-04-23T11:00:11.7639266Z env:
job-core	Set up Python	2025-04-23T11:00:11.7639426Z   KAOS_CODE: 14192623809
job-core	Set up Python	2025-04-23T11:00:11.7639617Z   KAOS_EVENT_NAME: workflow_dispatch
job-core	Set up Python	2025-04-23T11:00:11.7639827Z   KAOS_ACTION: 
job-core	Set up Python	2025-04-23T11:00:11.7640024Z   KAOS_REF: refs/heads/H215-modulo-de-summary
job-core	Set up Python	2025-04-23T11:00:11.7640292Z   KAOS_MODULE: [Ka0S] Workflow Statistics Summary
job-core	Set up Python	2025-04-23T11:00:11.7640536Z   KAOS_PATH_RESUME: core/outputs/w/
job-core	Set up Python	2025-04-23T11:00:11.7640754Z   KAOS_JSON: core/results/event_data_
job-core	Set up Python	2025-04-23T11:00:11.7640976Z   KAOS_ACTOR: ***
job-core	Set up Python	2025-04-23T11:00:11.7641142Z ##[endgroup]
job-core	Set up Python	2025-04-23T11:00:11.8758316Z ##[group]Installed versions
job-core	Set up Python	2025-04-23T11:00:11.8799268Z Successfully set up CPython (3.13.2)
job-core	Set up Python	2025-04-23T11:00:11.8799803Z ##[endgroup]
job-core	Install dependencies	﻿2025-04-23T11:00:11.8878610Z ##[group]Run python -m pip install --upgrade pip
job-core	Install dependencies	2025-04-23T11:00:11.8878930Z [36;1mpython -m pip install --upgrade pip[0m
job-core	Install dependencies	2025-04-23T11:00:11.8879131Z [36;1mpip install PyGithub[0m
job-core	Install dependencies	2025-04-23T11:00:11.8895398Z shell: /usr/bin/bash -e {0}
job-core	Install dependencies	2025-04-23T11:00:11.8895599Z env:
job-core	Install dependencies	2025-04-23T11:00:11.8895740Z   KAOS_CODE: 14192623809
job-core	Install dependencies	2025-04-23T11:00:11.8895906Z   KAOS_EVENT_NAME: workflow_dispatch
job-core	Install dependencies	2025-04-23T11:00:11.8896078Z   KAOS_ACTION: 
job-core	Install dependencies	2025-04-23T11:00:11.8896241Z   KAOS_REF: refs/heads/H215-modulo-de-summary
job-core	Install dependencies	2025-04-23T11:00:11.8896450Z   KAOS_MODULE: [Ka0S] Workflow Statistics Summary
job-core	Install dependencies	2025-04-23T11:00:11.8896642Z   KAOS_PATH_RESUME: core/outputs/w/
job-core	Install dependencies	2025-04-23T11:00:11.8896819Z   KAOS_JSON: core/results/event_data_
job-core	Install dependencies	2025-04-23T11:00:11.8897075Z   KAOS_ACTOR: ***
job-core	Install dependencies	2025-04-23T11:00:11.8897276Z   pythonLocation: /actions-runner/_work/_tool/Python/3.13.2/x64
job-core	Install dependencies	2025-04-23T11:00:11.8897566Z   PKG_CONFIG_PATH: /actions-runner/_work/_tool/Python/3.13.2/x64/lib/pkgconfig
job-core	Install dependencies	2025-04-23T11:00:11.8897845Z   Python_ROOT_DIR: /actions-runner/_work/_tool/Python/3.13.2/x64
job-core	Install dependencies	2025-04-23T11:00:11.8898123Z   Python2_ROOT_DIR: /actions-runner/_work/_tool/Python/3.13.2/x64
job-core	Install dependencies	2025-04-23T11:00:11.8898367Z   Python3_ROOT_DIR: /actions-runner/_work/_tool/Python/3.13.2/x64
job-core	Install dependencies	2025-04-23T11:00:11.8898626Z   LD_LIBRARY_PATH: /actions-runner/_work/_tool/Python/3.13.2/x64/lib
job-core	Install dependencies	2025-04-23T11:00:11.8898841Z ##[endgroup]
job-core	Install dependencies	2025-04-23T11:00:12.2951160Z Requirement already satisfied: pip in /actions-runner/_work/_tool/Python/3.13.2/x64/lib/python3.13/site-packages (25.0.1)
job-core	Install dependencies	2025-04-23T11:00:12.7529113Z Collecting PyGithub
job-core	Install dependencies	2025-04-23T11:00:12.7871314Z   Downloading PyGithub-2.6.1-py3-none-any.whl.metadata (3.9 kB)
job-core	Install dependencies	2025-04-23T11:00:12.8108535Z Collecting pynacl>=1.4.0 (from PyGithub)
job-core	Install dependencies	2025-04-23T11:00:12.8163624Z   Downloading PyNaCl-1.5.0-cp36-abi3-manylinux_2_17_x86_64.manylinux2014_x86_64.manylinux_2_24_x86_64.whl.metadata (8.6 kB)
job-core	Install dependencies	2025-04-23T11:00:12.8454001Z Collecting requests>=2.14.0 (from PyGithub)
job-core	Install dependencies	2025-04-23T11:00:12.8512434Z   Downloading requests-2.32.3-py3-none-any.whl.metadata (4.6 kB)
job-core	Install dependencies	2025-04-23T11:00:12.8695278Z Collecting pyjwt>=2.4.0 (from pyjwt[crypto]>=2.4.0->PyGithub)
job-core	Install dependencies	2025-04-23T11:00:12.8750993Z   Downloading PyJWT-2.10.1-py3-none-any.whl.metadata (4.0 kB)
job-core	Install dependencies	2025-04-23T11:00:12.8923917Z Collecting typing-extensions>=4.0.0 (from PyGithub)
job-core	Install dependencies	2025-04-23T11:00:12.8970170Z   Downloading typing_extensions-4.13.2-py3-none-any.whl.metadata (3.0 kB)
job-core	Install dependencies	2025-04-23T11:00:12.9195544Z Collecting urllib3>=1.26.0 (from PyGithub)
job-core	Install dependencies	2025-04-23T11:00:12.9240103Z   Downloading urllib3-2.4.0-py3-none-any.whl.metadata (6.5 kB)
job-core	Install dependencies	2025-04-23T11:00:12.9419422Z Collecting Deprecated (from PyGithub)
job-core	Install dependencies	2025-04-23T11:00:12.9470857Z   Downloading Deprecated-1.2.18-py2.py3-none-any.whl.metadata (5.7 kB)
job-core	Install dependencies	2025-04-23T11:00:13.0344482Z Collecting cryptography>=3.4.0 (from pyjwt[crypto]>=2.4.0->PyGithub)
job-core	Install dependencies	2025-04-23T11:00:13.0383799Z   Downloading cryptography-44.0.2-cp39-abi3-manylinux_2_34_x86_64.whl.metadata (5.7 kB)
job-core	Install dependencies	2025-04-23T11:00:13.0901588Z Collecting cffi>=1.4.1 (from pynacl>=1.4.0->PyGithub)
job-core	Install dependencies	2025-04-23T11:00:13.0956785Z   Downloading cffi-1.17.1-cp313-cp313-manylinux_2_17_x86_64.manylinux2014_x86_64.whl.metadata (1.5 kB)
job-core	Install dependencies	2025-04-23T11:00:13.1338160Z Collecting charset-normalizer<4,>=2 (from requests>=2.14.0->PyGithub)
job-core	Install dependencies	2025-04-23T11:00:13.1398239Z   Downloading charset_normalizer-3.4.1-cp313-cp313-manylinux_2_17_x86_64.manylinux2014_x86_64.whl.metadata (35 kB)
job-core	Install dependencies	2025-04-23T11:00:13.1588638Z Collecting idna<4,>=2.5 (from requests>=2.14.0->PyGithub)
job-core	Install dependencies	2025-04-23T11:00:13.1640591Z   Downloading idna-3.10-py3-none-any.whl.metadata (10 kB)
job-core	Install dependencies	2025-04-23T11:00:13.1894904Z Collecting certifi>=2017.4.17 (from requests>=2.14.0->PyGithub)
job-core	Install dependencies	2025-04-23T11:00:13.1938892Z   Downloading certifi-2025.1.31-py3-none-any.whl.metadata (2.5 kB)
job-core	Install dependencies	2025-04-23T11:00:13.2397932Z Collecting wrapt<2,>=1.10 (from Deprecated->PyGithub)
job-core	Install dependencies	2025-04-23T11:00:13.2451787Z   Downloading wrapt-1.17.2-cp313-cp313-manylinux_2_5_x86_64.manylinux1_x86_64.manylinux_2_17_x86_64.manylinux2014_x86_64.whl.metadata (6.4 kB)
job-core	Install dependencies	2025-04-23T11:00:13.2599373Z Collecting pycparser (from cffi>=1.4.1->pynacl>=1.4.0->PyGithub)
job-core	Install dependencies	2025-04-23T11:00:13.2670055Z   Downloading pycparser-2.22-py3-none-any.whl.metadata (943 bytes)
job-core	Install dependencies	2025-04-23T11:00:13.2803843Z Downloading PyGithub-2.6.1-py3-none-any.whl (410 kB)
job-core	Install dependencies	2025-04-23T11:00:13.3043822Z Downloading PyJWT-2.10.1-py3-none-any.whl (22 kB)
job-core	Install dependencies	2025-04-23T11:00:13.3132145Z Downloading PyNaCl-1.5.0-cp36-abi3-manylinux_2_17_x86_64.manylinux2014_x86_64.manylinux_2_24_x86_64.whl (856 kB)
job-core	Install dependencies	2025-04-23T11:00:13.3333475Z    ━━━━━━━━━━━━━━━━━━━━━━━━━━━━━━━━━━━━━━━━ 856.7/856.7 kB 41.0 MB/s eta 0:00:00
job-core	Install dependencies	2025-04-23T11:00:13.3373139Z Downloading requests-2.32.3-py3-none-any.whl (64 kB)
job-core	Install dependencies	2025-04-23T11:00:13.3483969Z Downloading typing_extensions-4.13.2-py3-none-any.whl (45 kB)
job-core	Install dependencies	2025-04-23T11:00:13.3564225Z Downloading urllib3-2.4.0-py3-none-any.whl (128 kB)
job-core	Install dependencies	2025-04-23T11:00:13.3684124Z Downloading Deprecated-1.2.18-py2.py3-none-any.whl (10.0 kB)
job-core	Install dependencies	2025-04-23T11:00:13.3771090Z Downloading certifi-2025.1.31-py3-none-any.whl (166 kB)
job-core	Install dependencies	2025-04-23T11:00:13.3898669Z Downloading cffi-1.17.1-cp313-cp313-manylinux_2_17_x86_64.manylinux2014_x86_64.whl (479 kB)
job-core	Install dependencies	2025-04-23T11:00:13.4094421Z Downloading charset_normalizer-3.4.1-cp313-cp313-manylinux_2_17_x86_64.manylinux2014_x86_64.whl (144 kB)
job-core	Install dependencies	2025-04-23T11:00:13.4181582Z Downloading cryptography-44.0.2-cp39-abi3-manylinux_2_34_x86_64.whl (4.2 MB)
job-core	Install dependencies	2025-04-23T11:00:13.5042339Z    ━━━━━━━━━━━━━━━━━━━━━━━━━━━━━━━━━━━━━━━━ 4.2/4.2 MB 51.5 MB/s eta 0:00:00
job-core	Install dependencies	2025-04-23T11:00:13.5085120Z Downloading idna-3.10-py3-none-any.whl (70 kB)
job-core	Install dependencies	2025-04-23T11:00:13.5208506Z Downloading wrapt-1.17.2-cp313-cp313-manylinux_2_5_x86_64.manylinux1_x86_64.manylinux_2_17_x86_64.manylinux2014_x86_64.whl (89 kB)
job-core	Install dependencies	2025-04-23T11:00:13.5313215Z Downloading pycparser-2.22-py3-none-any.whl (117 kB)
job-core	Install dependencies	2025-04-23T11:00:13.5707918Z Installing collected packages: wrapt, urllib3, typing-extensions, pyjwt, pycparser, idna, charset-normalizer, certifi, requests, Deprecated, cffi, pynacl, cryptography, PyGithub
job-core	Install dependencies	2025-04-23T11:00:14.2921289Z Successfully installed Deprecated-1.2.18 PyGithub-2.6.1 certifi-2025.1.31 cffi-1.17.1 charset-normalizer-3.4.1 cryptography-44.0.2 idna-3.10 pycparser-2.22 pyjwt-2.10.1 pynacl-1.5.0 requests-2.32.3 typing-extensions-4.13.2 urllib3-2.4.0 wrapt-1.17.2
job-core	Collect workflow statistics	﻿2025-04-23T11:00:14.3952178Z ##[group]Run python - <<EOF
job-core	Collect workflow statistics	2025-04-23T11:00:14.3952531Z [36;1mpython - <<EOF[0m
job-core	Collect workflow statistics	2025-04-23T11:00:14.3952731Z [36;1mfrom github import Github[0m
job-core	Collect workflow statistics	2025-04-23T11:00:14.3952973Z [36;1mfrom datetime import datetime[0m
job-core	Collect workflow statistics	2025-04-23T11:00:14.3953171Z [36;1mimport json[0m
job-core	Collect workflow statistics	2025-04-23T11:00:14.3953337Z [36;1mimport os[0m
job-core	Collect workflow statistics	2025-04-23T11:00:14.3953514Z [36;1mfrom collections import defaultdict[0m
job-core	Collect workflow statistics	2025-04-23T11:00:14.3953722Z [36;1m[0m
job-core	Collect workflow statistics	2025-04-23T11:00:14.3953883Z [36;1m# Initialize GitHub client[0m
job-core	Collect workflow statistics	2025-04-23T11:00:14.3954107Z [36;1mg = Github(os.environ['GITHUB_TOKEN'])[0m
job-core	Collect workflow statistics	2025-04-23T11:00:14.3954385Z [36;1mrepo = g.get_repo(os.environ['GITHUB_REPOSITORY'])[0m
job-core	Collect workflow statistics	2025-04-23T11:00:14.3954624Z [36;1m[0m
job-core	Collect workflow statistics	2025-04-23T11:00:14.3954774Z [36;1m# Get all workflows[0m
job-core	Collect workflow statistics	2025-04-23T11:00:14.3954973Z [36;1mworkflows = repo.get_workflows()[0m
job-core	Collect workflow statistics	2025-04-23T11:00:14.3955179Z [36;1mstats = [][0m
job-core	Collect workflow statistics	2025-04-23T11:00:14.3955341Z [36;1m[0m
job-core	Collect workflow statistics	2025-04-23T11:00:14.3955581Z [36;1mfor workflow in workflows:[0m
job-core	Collect workflow statistics	2025-04-23T11:00:14.3955958Z [36;1m    runs = workflow.get_runs()[0m
job-core	Collect workflow statistics	2025-04-23T11:00:14.3956181Z [36;1m    if runs.totalCount == 0:[0m
job-core	Collect workflow statistics	2025-04-23T11:00:14.3956394Z [36;1m        continue[0m
job-core	Collect workflow statistics	2025-04-23T11:00:14.3956572Z [36;1m[0m
job-core	Collect workflow statistics	2025-04-23T11:00:14.3956737Z [36;1m    module_stats = {[0m
job-core	Collect workflow statistics	2025-04-23T11:00:14.3956948Z [36;1m        "module_name": workflow.name,[0m
job-core	Collect workflow statistics	2025-04-23T11:00:14.3957172Z [36;1m        "total_success": 0,[0m
job-core	Collect workflow statistics	2025-04-23T11:00:14.3957384Z [36;1m        "total_failures": 0,[0m
job-core	Collect workflow statistics	2025-04-23T11:00:14.3957597Z [36;1m        "total_cancelled": 0,[0m
job-core	Collect workflow statistics	2025-04-23T11:00:14.3957809Z [36;1m        "lead_time": 0,[0m
job-core	Collect workflow statistics	2025-04-23T11:00:14.3958011Z [36;1m        "total_runs": 0[0m
job-core	Collect workflow statistics	2025-04-23T11:00:14.3958203Z [36;1m    }[0m
job-core	Collect workflow statistics	2025-04-23T11:00:14.3958366Z [36;1m[0m
job-core	Collect workflow statistics	2025-04-23T11:00:14.3958527Z [36;1m    total_duration = 0[0m
job-core	Collect workflow statistics	2025-04-23T11:00:14.3958731Z [36;1m    for run in runs:[0m
job-core	Collect workflow statistics	2025-04-23T11:00:14.3958940Z [36;1m        if run.status == "completed":[0m
job-core	Collect workflow statistics	2025-04-23T11:00:14.3959191Z [36;1m            module_stats["total_runs"] += 1[0m
job-core	Collect workflow statistics	2025-04-23T11:00:14.3959442Z [36;1m            if run.conclusion == "success":[0m
job-core	Collect workflow statistics	2025-04-23T11:00:14.3959687Z [36;1m                module_stats["total_success"] += 1[0m
job-core	Collect workflow statistics	2025-04-23T11:00:14.3959936Z [36;1m            elif run.conclusion == "failure":[0m
job-core	Collect workflow statistics	2025-04-23T11:00:14.3960189Z [36;1m                module_stats["total_failures"] += 1[0m
job-core	Collect workflow statistics	2025-04-23T11:00:14.3960442Z [36;1m            elif run.conclusion == "cancelled":[0m
job-core	Collect workflow statistics	2025-04-23T11:00:14.3960688Z [36;1m                module_stats["total_cancelled"] += 1[0m
job-core	Collect workflow statistics	2025-04-23T11:00:14.3960907Z [36;1m[0m
job-core	Collect workflow statistics	2025-04-23T11:00:14.3961093Z [36;1m            if run.updated_at and run.created_at:[0m
job-core	Collect workflow statistics	2025-04-23T11:00:14.3961389Z [36;1m                duration = (run.updated_at - run.created_at).total_seconds()[0m
job-core	Collect workflow statistics	2025-04-23T11:00:14.3961674Z [36;1m                total_duration += duration[0m
job-core	Collect workflow statistics	2025-04-23T11:00:14.3961889Z [36;1m[0m
job-core	Collect workflow statistics	2025-04-23T11:00:14.3962119Z [36;1m    if module_stats["total_runs"] > 0:[0m
job-core	Collect workflow statistics	2025-04-23T11:00:14.3962436Z [36;1m        module_stats["lead_time"] = total_duration / module_stats["total_runs"][0m
job-core	Collect workflow statistics	2025-04-23T11:00:14.3962740Z [36;1m    stats.append(module_stats)[0m
job-core	Collect workflow statistics	2025-04-23T11:00:14.3962949Z [36;1m[0m
job-core	Collect workflow statistics	2025-04-23T11:00:14.3963125Z [36;1m# Create summary data[0m
job-core	Collect workflow statistics	2025-04-23T11:00:14.3963314Z [36;1msummary = {[0m
job-core	Collect workflow statistics	2025-04-23T11:00:14.3963486Z [36;1m    "metadata": {[0m
job-core	Collect workflow statistics	2025-04-23T11:00:14.3963697Z [36;1m        "run_id": os.environ.get('GITHUB_RUN_ID'),[0m
job-core	Collect workflow statistics	2025-04-23T11:00:14.3963956Z [36;1m        "collected_at": datetime.utcnow().isoformat(),[0m
job-core	Collect workflow statistics	2025-04-23T11:00:14.3964208Z [36;1m        "components": ["workflow_stats"][0m
job-core	Collect workflow statistics	2025-04-23T11:00:14.3964425Z [36;1m    },[0m
job-core	Collect workflow statistics	2025-04-23T11:00:14.3964585Z [36;1m    "components": {[0m
job-core	Collect workflow statistics	2025-04-23T11:00:14.3964780Z [36;1m        "workflow_stats": {[0m
job-core	Collect workflow statistics	2025-04-23T11:00:14.3964989Z [36;1m            "type": "workflow_stats",[0m
job-core	Collect workflow statistics	2025-04-23T11:00:14.3965214Z [36;1m            "title": "Workflow Statistics",[0m
job-core	Collect workflow statistics	2025-04-23T11:00:14.3965619Z [36;1m            "data": {[0m
job-core	Collect workflow statistics	2025-04-23T11:00:14.3965844Z [36;1m                "generated_at": datetime.utcnow().isoformat(),[0m
job-core	Collect workflow statistics	2025-04-23T11:00:14.3966119Z [36;1m                "repository": os.environ['GITHUB_REPOSITORY'],[0m
job-core	Collect workflow statistics	2025-04-23T11:00:14.3966364Z [36;1m                "modules": stats[0m
job-core	Collect workflow statistics	2025-04-23T11:00:14.3966598Z [36;1m            }[0m
job-core	Collect workflow statistics	2025-04-23T11:00:14.3966800Z [36;1m        }[0m
job-core	Collect workflow statistics	2025-04-23T11:00:14.3966963Z [36;1m    }[0m
job-core	Collect workflow statistics	2025-04-23T11:00:14.3967121Z [36;1m}[0m
job-core	Collect workflow statistics	2025-04-23T11:00:14.3967270Z [36;1m[0m
job-core	Collect workflow statistics	2025-04-23T11:00:14.3967418Z [36;1m# Save to file[0m
job-core	Collect workflow statistics	2025-04-23T11:00:14.3967646Z [36;1moutput_path = 'core/results/dashboard/workflow_stats.json'[0m
job-core	Collect workflow statistics	2025-04-23T11:00:14.3967965Z [36;1mos.makedirs(os.path.dirname(output_path), exist_ok=True)[0m
job-core	Collect workflow statistics	2025-04-23T11:00:14.3968232Z [36;1mwith open(output_path, 'w') as f:[0m
job-core	Collect workflow statistics	2025-04-23T11:00:14.3968455Z [36;1m    json.dump(summary, f, indent=2)[0m
job-core	Collect workflow statistics	2025-04-23T11:00:14.3968655Z [36;1mEOF[0m
job-core	Collect workflow statistics	2025-04-23T11:00:14.3974289Z shell: /usr/bin/bash -e {0}
job-core	Collect workflow statistics	2025-04-23T11:00:14.3974484Z env:
job-core	Collect workflow statistics	2025-04-23T11:00:14.3974645Z   KAOS_CODE: 14192623809
job-core	Collect workflow statistics	2025-04-23T11:00:14.3974824Z   KAOS_EVENT_NAME: workflow_dispatch
job-core	Collect workflow statistics	2025-04-23T11:00:14.3975024Z   KAOS_ACTION: 
job-core	Collect workflow statistics	2025-04-23T11:00:14.3975210Z   KAOS_REF: refs/heads/H215-modulo-de-summary
job-core	Collect workflow statistics	2025-04-23T11:00:14.3975444Z   KAOS_MODULE: [Ka0S] Workflow Statistics Summary
job-core	Collect workflow statistics	2025-04-23T11:00:14.3975669Z   KAOS_PATH_RESUME: core/outputs/w/
job-core	Collect workflow statistics	2025-04-23T11:00:14.3975872Z   KAOS_JSON: core/results/event_data_
job-core	Collect workflow statistics	2025-04-23T11:00:14.3976160Z   KAOS_ACTOR: ***
job-core	Collect workflow statistics	2025-04-23T11:00:14.3976375Z   pythonLocation: /actions-runner/_work/_tool/Python/3.13.2/x64
job-core	Collect workflow statistics	2025-04-23T11:00:14.3976711Z   PKG_CONFIG_PATH: /actions-runner/_work/_tool/Python/3.13.2/x64/lib/pkgconfig
job-core	Collect workflow statistics	2025-04-23T11:00:14.3977038Z   Python_ROOT_DIR: /actions-runner/_work/_tool/Python/3.13.2/x64
job-core	Collect workflow statistics	2025-04-23T11:00:14.3977329Z   Python2_ROOT_DIR: /actions-runner/_work/_tool/Python/3.13.2/x64
job-core	Collect workflow statistics	2025-04-23T11:00:14.3977617Z   Python3_ROOT_DIR: /actions-runner/_work/_tool/Python/3.13.2/x64
job-core	Collect workflow statistics	2025-04-23T11:00:14.3977923Z   LD_LIBRARY_PATH: /actions-runner/_work/_tool/Python/3.13.2/x64/lib
job-core	Collect workflow statistics	2025-04-23T11:00:14.3978289Z   GITHUB_TOKEN: ***
job-core	Collect workflow statistics	2025-04-23T11:00:14.3978453Z ##[endgroup]
job-core	Collect workflow statistics	2025-04-23T11:05:08.5376462Z <stdin>:52: DeprecationWarning: datetime.datetime.utcnow() is deprecated and scheduled for removal in a future version. Use timezone-aware objects to represent datetimes in UTC: datetime.datetime.now(datetime.UTC).
job-core	Collect workflow statistics	2025-04-23T11:05:08.6595009Z <stdin>:60: DeprecationWarning: datetime.datetime.utcnow() is deprecated and scheduled for removal in a future version. Use timezone-aware objects to represent datetimes in UTC: datetime.datetime.now(datetime.UTC).
job-core	Commit and push changes	﻿2025-04-23T11:05:08.6624103Z ##[group]Run git config --global user.name "***"
job-core	Commit and push changes	2025-04-23T11:05:08.6624385Z [36;1mgit config --global user.name "***"[0m
job-core	Commit and push changes	2025-04-23T11:05:08.6624602Z [36;1mgit config --global user.email "***"[0m
job-core	Commit and push changes	2025-04-23T11:05:08.6624816Z [36;1mgit add core/results/dashboard/workflow_stats.json[0m
job-core	Commit and push changes	2025-04-23T11:05:08.6625068Z [36;1mgit commit -m "Update workflow statistics" || exit 0[0m
job-core	Commit and push changes	2025-04-23T11:05:08.6625268Z [36;1mgit push[0m
job-core	Commit and push changes	2025-04-23T11:05:08.6629888Z shell: /usr/bin/bash -e {0}
job-core	Commit and push changes	2025-04-23T11:05:08.6630051Z env:
job-core	Commit and push changes	2025-04-23T11:05:08.6630177Z   KAOS_CODE: 14192623809
job-core	Commit and push changes	2025-04-23T11:05:08.6630334Z   KAOS_EVENT_NAME: workflow_dispatch
job-core	Commit and push changes	2025-04-23T11:05:08.6630504Z   KAOS_ACTION: 
job-core	Commit and push changes	2025-04-23T11:05:08.6630663Z   KAOS_REF: refs/heads/H215-modulo-de-summary
job-core	Commit and push changes	2025-04-23T11:05:08.6630865Z   KAOS_MODULE: [Ka0S] Workflow Statistics Summary
job-core	Commit and push changes	2025-04-23T11:05:08.6631057Z   KAOS_PATH_RESUME: core/outputs/w/
job-core	Commit and push changes	2025-04-23T11:05:08.6631229Z   KAOS_JSON: core/results/event_data_
job-core	Commit and push changes	2025-04-23T11:05:08.6631595Z   KAOS_ACTOR: ***
job-core	Commit and push changes	2025-04-23T11:05:08.6631814Z   pythonLocation: /actions-runner/_work/_tool/Python/3.13.2/x64
job-core	Commit and push changes	2025-04-23T11:05:08.6632188Z   PKG_CONFIG_PATH: /actions-runner/_work/_tool/Python/3.13.2/x64/lib/pkgconfig
job-core	Commit and push changes	2025-04-23T11:05:08.6632638Z   Python_ROOT_DIR: /actions-runner/_work/_tool/Python/3.13.2/x64
job-core	Commit and push changes	2025-04-23T11:05:08.6632985Z   Python2_ROOT_DIR: /actions-runner/_work/_tool/Python/3.13.2/x64
job-core	Commit and push changes	2025-04-23T11:05:08.6633273Z   Python3_ROOT_DIR: /actions-runner/_work/_tool/Python/3.13.2/x64
job-core	Commit and push changes	2025-04-23T11:05:08.6633537Z   LD_LIBRARY_PATH: /actions-runner/_work/_tool/Python/3.13.2/x64/lib
job-core	Commit and push changes	2025-04-23T11:05:08.6633745Z ##[endgroup]
job-core	Commit and push changes	2025-04-23T11:05:08.6831029Z [H215-modulo-de-summary 9fdd723d] Update workflow statistics
job-core	Commit and push changes	2025-04-23T11:05:08.6831449Z  1 file changed, 149 insertions(+)
job-core	Commit and push changes	2025-04-23T11:05:08.6831725Z  create mode 100644 core/results/dashboard/workflow_stats.json
job-core	Commit and push changes	2025-04-23T11:05:08.9905668Z To https://github.com/Ka0s-Klaus/ka0s
job-core	Commit and push changes	2025-04-23T11:05:08.9906103Z  ! [rejected]          H215-modulo-de-summary -> H215-modulo-de-summary (non-fast-forward)
job-core	Commit and push changes	2025-04-23T11:05:08.9906524Z error: failed to push some refs to 'https://github.com/Ka0s-Klaus/ka0s'
job-core	Commit and push changes	2025-04-23T11:05:08.9931384Z hint: Updates were rejected because the tip of your current branch is behind
job-core	Commit and push changes	2025-04-23T11:05:08.9932828Z hint: its remote counterpart. If you want to integrate the remote changes,
job-core	Commit and push changes	2025-04-23T11:05:08.9933305Z hint: use 'git pull' before pushing again.
job-core	Commit and push changes	2025-04-23T11:05:08.9933744Z hint: See the 'Note about fast-forwards' in 'git push --help' for details.
job-core	Commit and push changes	2025-04-23T11:05:08.9946670Z ##[error]Process completed with exit code 1.
job-core	Post Checkout repository	﻿2025-04-23T11:05:09.0041220Z Post job cleanup.
job-core	Post Checkout repository	2025-04-23T11:05:09.0718564Z [command]/usr/bin/git version
job-core	Post Checkout repository	2025-04-23T11:05:09.0743670Z git version 2.43.0
job-core	Post Checkout repository	2025-04-23T11:05:09.0770721Z Copying '/home/kaos/.gitconfig' to '/actions-runner/_work/_temp/25558192-6187-44dd-ba50-409309958f93/.gitconfig'
job-core	Post Checkout repository	2025-04-23T11:05:09.0782181Z Temporarily overriding HOME='/actions-runner/_work/_temp/25558192-6187-44dd-ba50-409309958f93' before making global git config changes
job-core	Post Checkout repository	2025-04-23T11:05:09.0783057Z Adding repository directory to the temporary git global config as a safe directory
job-core	Post Checkout repository	2025-04-23T11:05:09.0785200Z [command]/usr/bin/git config --global --add safe.directory /actions-runner/_work/ka0s/ka0s
job-core	Post Checkout repository	2025-04-23T11:05:09.0818821Z [command]/usr/bin/git config --local --name-only --get-regexp core\.sshCommand
job-core	Post Checkout repository	2025-04-23T11:05:09.0839505Z [command]/usr/bin/git submodule foreach --recursive sh -c "git config --local --name-only --get-regexp 'core\.sshCommand' && git config --local --unset-all 'core.sshCommand' || :"
job-core	Post Checkout repository	2025-04-23T11:05:09.1071527Z [command]/usr/bin/git config --local --name-only --get-regexp http\.https\:\/\/github\.com\/\.extraheader
job-core	Post Checkout repository	2025-04-23T11:05:09.1093504Z http.https://github.com/.extraheader
job-core	Post Checkout repository	2025-04-23T11:05:09.1108402Z [command]/usr/bin/git config --local --unset-all http.https://github.com/.extraheader
job-core	Post Checkout repository	2025-04-23T11:05:09.1140557Z [command]/usr/bin/git submodule foreach --recursive sh -c "git config --local --name-only --get-regexp 'http\.https\:\/\/github\.com\/\.extraheader' && git config --local --unset-all 'http.https://github.com/.extraheader' || :"
job-core	Complete job	﻿2025-04-23T11:05:09.1485048Z Cleaning up orphan processes
handle_failure	Set up job	﻿2025-04-23T11:12:43.7663738Z Current runner version: '2.323.0'
handle_failure	Set up job	2025-04-23T11:12:43.7668394Z Runner name: 'ka0s-9'
handle_failure	Set up job	2025-04-23T11:12:43.7669038Z Machine name: '26a53205c9ac'
handle_failure	Set up job	2025-04-23T11:12:43.7670635Z ##[group]GITHUB_TOKEN Permissions
handle_failure	Set up job	2025-04-23T11:12:43.7672309Z Contents: read
handle_failure	Set up job	2025-04-23T11:12:43.7672694Z Metadata: read
handle_failure	Set up job	2025-04-23T11:12:43.7673056Z Packages: read
handle_failure	Set up job	2025-04-23T11:12:43.7673409Z ##[endgroup]
handle_failure	Set up job	2025-04-23T11:12:43.7674866Z Secret source: Actions
handle_failure	Set up job	2025-04-23T11:12:43.7675294Z Prepare workflow directory
handle_failure	Set up job	2025-04-23T11:12:43.8079029Z Prepare all required actions
handle_failure	Set up job	2025-04-23T11:12:43.8105969Z Getting action download info
handle_failure	Set up job	2025-04-23T11:12:44.2548559Z Download action repository 'actions/checkout@v4' (SHA:11bd71901bbe5b1630ceea73d27597364c9af683)
handle_failure	Set up job	2025-04-23T11:12:44.9335864Z Complete job name: handle_failure
handle_failure	Checkout code	﻿2025-04-23T11:12:44.9622780Z ##[group]Run actions/checkout@v4
handle_failure	Checkout code	2025-04-23T11:12:44.9623340Z with:
handle_failure	Checkout code	2025-04-23T11:12:44.9623624Z   fetch-depth: 0
handle_failure	Checkout code	2025-04-23T11:12:44.9624086Z   token: ***
handle_failure	Checkout code	2025-04-23T11:12:44.9624383Z   repository: Ka0s-Klaus/ka0s
handle_failure	Checkout code	2025-04-23T11:12:44.9624767Z   ssh-strict: true
handle_failure	Checkout code	2025-04-23T11:12:44.9625073Z   ssh-user: git
handle_failure	Checkout code	2025-04-23T11:12:44.9625382Z   persist-credentials: true
handle_failure	Checkout code	2025-04-23T11:12:44.9625711Z   clean: true
handle_failure	Checkout code	2025-04-23T11:12:44.9626026Z   sparse-checkout-cone-mode: true
handle_failure	Checkout code	2025-04-23T11:12:44.9626385Z   fetch-tags: false
handle_failure	Checkout code	2025-04-23T11:12:44.9626690Z   show-progress: true
handle_failure	Checkout code	2025-04-23T11:12:44.9626997Z   lfs: false
handle_failure	Checkout code	2025-04-23T11:12:44.9627273Z   submodules: false
handle_failure	Checkout code	2025-04-23T11:12:44.9627593Z   set-safe-directory: true
handle_failure	Checkout code	2025-04-23T11:12:44.9648983Z env:
handle_failure	Checkout code	2025-04-23T11:12:44.9649312Z   KAOS_CODE: 14192623809
handle_failure	Checkout code	2025-04-23T11:12:44.9649663Z   KAOS_EVENT_NAME: workflow_dispatch
handle_failure	Checkout code	2025-04-23T11:12:44.9650025Z   KAOS_ACTION: 
handle_failure	Checkout code	2025-04-23T11:12:44.9650350Z   KAOS_REF: refs/heads/H215-modulo-de-summary
handle_failure	Checkout code	2025-04-23T11:12:44.9650792Z   KAOS_MODULE: [Ka0S] Workflow Statistics Summary
handle_failure	Checkout code	2025-04-23T11:12:44.9651253Z   KAOS_PATH_RESUME: core/outputs/w/
handle_failure	Checkout code	2025-04-23T11:12:44.9651635Z   KAOS_JSON: core/results/event_data_
handle_failure	Checkout code	2025-04-23T11:12:44.9652048Z   KAOS_ACTOR: ka0score
handle_failure	Checkout code	2025-04-23T11:12:44.9652431Z ##[endgroup]
handle_failure	Checkout code	2025-04-23T11:12:45.0360401Z Syncing repository: Ka0s-Klaus/ka0s
handle_failure	Checkout code	2025-04-23T11:12:45.0361954Z ##[group]Getting Git version info
handle_failure	Checkout code	2025-04-23T11:12:45.0362655Z Working directory is '/actions-runner/_work/ka0s/ka0s'
handle_failure	Checkout code	2025-04-23T11:12:45.0363523Z [command]/usr/bin/git version
handle_failure	Checkout code	2025-04-23T11:12:45.0363928Z git version 2.43.0
handle_failure	Checkout code	2025-04-23T11:12:45.0375400Z ##[endgroup]
handle_failure	Checkout code	2025-04-23T11:12:45.0381400Z Copying '/home/kaos/.gitconfig' to '/actions-runner/_work/_temp/30581bc4-ff4a-47a7-bb70-f73bc9c2a28b/.gitconfig'
handle_failure	Checkout code	2025-04-23T11:12:45.0394792Z Temporarily overriding HOME='/actions-runner/_work/_temp/30581bc4-ff4a-47a7-bb70-f73bc9c2a28b' before making global git config changes
handle_failure	Checkout code	2025-04-23T11:12:45.0396627Z Adding repository directory to the temporary git global config as a safe directory
handle_failure	Checkout code	2025-04-23T11:12:45.0398126Z [command]/usr/bin/git config --global --add safe.directory /actions-runner/_work/ka0s/ka0s
handle_failure	Checkout code	2025-04-23T11:12:45.0436747Z [command]/usr/bin/git config --local --get remote.origin.url
handle_failure	Checkout code	2025-04-23T11:12:45.0457314Z https://github.com/Ka0s-Klaus/ka0s
handle_failure	Checkout code	2025-04-23T11:12:45.0479208Z ##[group]Removing previously created refs, to avoid conflicts
handle_failure	Checkout code	2025-04-23T11:12:45.0483119Z [command]/usr/bin/git rev-parse --symbolic-full-name --verify --quiet HEAD
handle_failure	Checkout code	2025-04-23T11:12:45.0505616Z refs/heads/H215-modulo-de-summary
handle_failure	Checkout code	2025-04-23T11:12:45.0511952Z [command]/usr/bin/git checkout --detach
handle_failure	Checkout code	2025-04-23T11:12:45.1794580Z HEAD is now at 51109b52 [Ka0S] VERSION  Upload: CHANGELOG.md, INDEX.md with version 0.0.27
handle_failure	Checkout code	2025-04-23T11:12:45.1832309Z [command]/usr/bin/git branch --delete --force H215-modulo-de-summary
handle_failure	Checkout code	2025-04-23T11:12:45.1862196Z Deleted branch H215-modulo-de-summary (was 51109b52).
handle_failure	Checkout code	2025-04-23T11:12:45.1909855Z ##[endgroup]
handle_failure	Checkout code	2025-04-23T11:12:45.1910592Z [command]/usr/bin/git submodule status
handle_failure	Checkout code	2025-04-23T11:12:45.2130423Z ##[group]Cleaning the repository
handle_failure	Checkout code	2025-04-23T11:12:45.2131598Z [command]/usr/bin/git clean -ffdx
handle_failure	Checkout code	2025-04-23T11:12:45.2166363Z [command]/usr/bin/git reset --hard HEAD
handle_failure	Checkout code	2025-04-23T11:12:45.2240020Z HEAD is now at 51109b52 [Ka0S] VERSION  Upload: CHANGELOG.md, INDEX.md with version 0.0.27
handle_failure	Checkout code	2025-04-23T11:12:45.2241450Z ##[endgroup]
handle_failure	Checkout code	2025-04-23T11:12:45.2242558Z ##[group]Disabling automatic garbage collection
handle_failure	Checkout code	2025-04-23T11:12:45.2248247Z [command]/usr/bin/git config --local gc.auto 0
handle_failure	Checkout code	2025-04-23T11:12:45.2273176Z ##[endgroup]
handle_failure	Checkout code	2025-04-23T11:12:45.2275469Z ##[group]Setting up auth
handle_failure	Checkout code	2025-04-23T11:12:45.2280411Z [command]/usr/bin/git config --local --name-only --get-regexp core\.sshCommand
handle_failure	Checkout code	2025-04-23T11:12:45.2304203Z [command]/usr/bin/git submodule foreach --recursive sh -c "git config --local --name-only --get-regexp 'core\.sshCommand' && git config --local --unset-all 'core.sshCommand' || :"
handle_failure	Checkout code	2025-04-23T11:12:45.2522449Z [command]/usr/bin/git config --local --name-only --get-regexp http\.https\:\/\/github\.com\/\.extraheader
handle_failure	Checkout code	2025-04-23T11:12:45.2546689Z [command]/usr/bin/git submodule foreach --recursive sh -c "git config --local --name-only --get-regexp 'http\.https\:\/\/github\.com\/\.extraheader' && git config --local --unset-all 'http.https://github.com/.extraheader' || :"
handle_failure	Checkout code	2025-04-23T11:12:45.2767556Z [command]/usr/bin/git config --local http.https://github.com/.extraheader AUTHORIZATION: basic ***
handle_failure	Checkout code	2025-04-23T11:12:45.2804639Z ##[endgroup]
handle_failure	Checkout code	2025-04-23T11:12:45.2813229Z ##[group]Fetching the repository
handle_failure	Checkout code	2025-04-23T11:12:45.2815056Z [command]/usr/bin/git -c protocol.version=2 fetch --prune --no-recurse-submodules origin +refs/heads/*:refs/remotes/origin/* +refs/tags/*:refs/tags/*
handle_failure	Checkout code	2025-04-23T11:12:46.3748498Z From https://github.com/Ka0s-Klaus/ka0s
handle_failure	Checkout code	2025-04-23T11:12:46.3750066Z    51109b52..be8bef88  H215-modulo-de-summary -> origin/H215-modulo-de-summary
handle_failure	Checkout code	2025-04-23T11:12:46.3751732Z    0ec6349e..3b552ef8  main                   -> origin/main
handle_failure	Checkout code	2025-04-23T11:12:46.3789373Z [command]/usr/bin/git branch --list --remote origin/H215-modulo-de-summary
handle_failure	Checkout code	2025-04-23T11:12:46.3812825Z   origin/H215-modulo-de-summary
handle_failure	Checkout code	2025-04-23T11:12:46.3820488Z [command]/usr/bin/git rev-parse refs/remotes/origin/H215-modulo-de-summary
handle_failure	Checkout code	2025-04-23T11:12:46.3840504Z be8bef882b98371a98b61b4341e9114465f4cc96
handle_failure	Checkout code	2025-04-23T11:12:46.3853214Z [command]/usr/bin/git -c protocol.version=2 fetch --no-tags --prune --no-recurse-submodules origin +51109b526755cd7f5c47c81a8b31c6140628aa29:refs/remotes/origin/H215-modulo-de-summary
handle_failure	Checkout code	2025-04-23T11:12:46.4004467Z From https://github.com/Ka0s-Klaus/ka0s
handle_failure	Checkout code	2025-04-23T11:12:46.4006994Z  + be8bef88...51109b52 51109b526755cd7f5c47c81a8b31c6140628aa29 -> origin/H215-modulo-de-summary  (forced update)
handle_failure	Checkout code	2025-04-23T11:12:46.4023581Z ##[endgroup]
handle_failure	Checkout code	2025-04-23T11:12:46.4025092Z ##[group]Determining the checkout info
handle_failure	Checkout code	2025-04-23T11:12:46.4026784Z ##[endgroup]
handle_failure	Checkout code	2025-04-23T11:12:46.4028175Z [command]/usr/bin/git sparse-checkout disable
handle_failure	Checkout code	2025-04-23T11:12:46.4070482Z [command]/usr/bin/git config --local --unset-all extensions.worktreeConfig
handle_failure	Checkout code	2025-04-23T11:12:46.4094419Z ##[group]Checking out the ref
handle_failure	Checkout code	2025-04-23T11:12:46.4097347Z [command]/usr/bin/git checkout --progress --force -B H215-modulo-de-summary refs/remotes/origin/H215-modulo-de-summary
handle_failure	Checkout code	2025-04-23T11:12:46.4163883Z Switched to a new branch 'H215-modulo-de-summary'
handle_failure	Checkout code	2025-04-23T11:12:46.4165725Z branch 'H215-modulo-de-summary' set up to track 'origin/H215-modulo-de-summary'.
handle_failure	Checkout code	2025-04-23T11:12:46.4168769Z ##[endgroup]
handle_failure	Checkout code	2025-04-23T11:12:46.4205882Z [command]/usr/bin/git log -1 --format=%H
handle_failure	Checkout code	2025-04-23T11:12:46.4229129Z 51109b526755cd7f5c47c81a8b31c6140628aa29
handle_failure	handle-failure-execution	﻿2025-04-23T11:12:46.4425175Z ##[group]Run echo "Error detected in process"
handle_failure	handle-failure-execution	2025-04-23T11:12:46.4426252Z [36;1mecho "Error detected in process"[0m
handle_failure	handle-failure-execution	2025-04-23T11:12:46.4427492Z [36;1mRNNUMBER=$(echo "refs/heads/H215-modulo-de-summary" | grep -o '[0-9]*')[0m
handle_failure	handle-failure-execution	2025-04-23T11:12:46.4429938Z [36;1mgh issue comment $RNNUMBER --body "El proceso no ha finalizado correctamente 14192623809. El resultado está en el fichero core/results/event_data14192623809.log"[0m
handle_failure	handle-failure-execution	2025-04-23T11:12:46.4439386Z shell: /usr/bin/bash -e {0}
handle_failure	handle-failure-execution	2025-04-23T11:12:46.4440146Z env:
handle_failure	handle-failure-execution	2025-04-23T11:12:46.4440726Z   KAOS_CODE: 14192623809
handle_failure	handle-failure-execution	2025-04-23T11:12:46.4441635Z   KAOS_EVENT_NAME: workflow_dispatch
handle_failure	handle-failure-execution	2025-04-23T11:12:46.4442640Z   KAOS_ACTION: 
handle_failure	handle-failure-execution	2025-04-23T11:12:46.4443458Z   KAOS_REF: refs/heads/H215-modulo-de-summary
handle_failure	handle-failure-execution	2025-04-23T11:12:46.4444449Z   KAOS_MODULE: [Ka0S] Workflow Statistics Summary
handle_failure	handle-failure-execution	2025-04-23T11:12:46.4445391Z   KAOS_PATH_RESUME: core/outputs/w/
handle_failure	handle-failure-execution	2025-04-23T11:12:46.4446208Z   KAOS_JSON: core/results/event_data_
handle_failure	handle-failure-execution	2025-04-23T11:12:46.4447015Z   KAOS_ACTOR: ka0score
handle_failure	handle-failure-execution	2025-04-23T11:12:46.4448040Z   GH_TOKEN: ***
handle_failure	handle-failure-execution	2025-04-23T11:12:46.4448629Z ##[endgroup]
handle_failure	handle-failure-execution	2025-04-23T11:12:46.4491688Z Error detected in process
handle_failure	handle-failure-execution	2025-04-23T11:12:47.5189215Z https://github.com/Ka0s-Klaus/ka0s/issues/215#issuecomment-2823938557
handle_failure	Post Checkout code	﻿2025-04-23T11:12:47.5305946Z Post job cleanup.
handle_failure	Post Checkout code	2025-04-23T11:12:47.5938150Z [command]/usr/bin/git version
handle_failure	Post Checkout code	2025-04-23T11:12:47.5968078Z git version 2.43.0
handle_failure	Post Checkout code	2025-04-23T11:12:47.5992609Z Copying '/home/kaos/.gitconfig' to '/actions-runner/_work/_temp/efe29948-6a00-4ef6-8f45-64c69461b746/.gitconfig'
handle_failure	Post Checkout code	2025-04-23T11:12:47.6005415Z Temporarily overriding HOME='/actions-runner/_work/_temp/efe29948-6a00-4ef6-8f45-64c69461b746' before making global git config changes
handle_failure	Post Checkout code	2025-04-23T11:12:47.6006473Z Adding repository directory to the temporary git global config as a safe directory
handle_failure	Post Checkout code	2025-04-23T11:12:47.6009815Z [command]/usr/bin/git config --global --add safe.directory /actions-runner/_work/ka0s/ka0s
handle_failure	Post Checkout code	2025-04-23T11:12:47.6044651Z [command]/usr/bin/git config --local --name-only --get-regexp core\.sshCommand
handle_failure	Post Checkout code	2025-04-23T11:12:47.6070956Z [command]/usr/bin/git submodule foreach --recursive sh -c "git config --local --name-only --get-regexp 'core\.sshCommand' && git config --local --unset-all 'core.sshCommand' || :"
handle_failure	Post Checkout code	2025-04-23T11:12:47.6292331Z [command]/usr/bin/git config --local --name-only --get-regexp http\.https\:\/\/github\.com\/\.extraheader
handle_failure	Post Checkout code	2025-04-23T11:12:47.6313912Z http.https://github.com/.extraheader
handle_failure	Post Checkout code	2025-04-23T11:12:47.6326940Z [command]/usr/bin/git config --local --unset-all http.https://github.com/.extraheader
handle_failure	Post Checkout code	2025-04-23T11:12:47.6358746Z [command]/usr/bin/git submodule foreach --recursive sh -c "git config --local --name-only --get-regexp 'http\.https\:\/\/github\.com\/\.extraheader' && git config --local --unset-all 'http.https://github.com/.extraheader' || :"
handle_failure	Complete job	﻿2025-04-23T11:12:47.6673028Z Cleaning up orphan processes
end-workflow	Set up job	﻿2025-04-23T11:16:14.8992082Z Current runner version: '2.323.0'
end-workflow	Set up job	2025-04-23T11:16:14.9004942Z Runner name: 'ka0s-2'
end-workflow	Set up job	2025-04-23T11:16:14.9007671Z Machine name: '419612ea1a87'
end-workflow	Set up job	2025-04-23T11:16:14.9017467Z ##[group]GITHUB_TOKEN Permissions
end-workflow	Set up job	2025-04-23T11:16:14.9023133Z Contents: read
end-workflow	Set up job	2025-04-23T11:16:14.9024199Z Metadata: read
end-workflow	Set up job	2025-04-23T11:16:14.9024976Z Packages: read
end-workflow	Set up job	2025-04-23T11:16:14.9025711Z ##[endgroup]
end-workflow	Set up job	2025-04-23T11:16:14.9030348Z Secret source: Actions
end-workflow	Set up job	2025-04-23T11:16:14.9031873Z Prepare workflow directory
end-workflow	Set up job	2025-04-23T11:16:15.0376720Z Prepare all required actions
end-workflow	Set up job	2025-04-23T11:16:15.0500431Z Getting action download info
end-workflow	Set up job	2025-04-23T11:16:16.9904317Z Download action repository 'actions/checkout@v4' (SHA:11bd71901bbe5b1630ceea73d27597364c9af683)
end-workflow	Set up job	2025-04-23T11:16:19.2580271Z Complete job name: end-workflow
end-workflow	Checkout code	﻿2025-04-23T11:16:19.3559873Z ##[group]Run actions/checkout@v4
end-workflow	Checkout code	2025-04-23T11:16:19.3561713Z with:
end-workflow	Checkout code	2025-04-23T11:16:19.3562309Z   fetch-depth: 0
end-workflow	Checkout code	2025-04-23T11:16:19.3563668Z   token: ***
end-workflow	Checkout code	2025-04-23T11:16:19.3564297Z   repository: Ka0s-Klaus/ka0s
end-workflow	Checkout code	2025-04-23T11:16:19.3565092Z   ssh-strict: true
end-workflow	Checkout code	2025-04-23T11:16:19.3565660Z   ssh-user: git
end-workflow	Checkout code	2025-04-23T11:16:19.3566263Z   persist-credentials: true
end-workflow	Checkout code	2025-04-23T11:16:19.3566944Z   clean: true
end-workflow	Checkout code	2025-04-23T11:16:19.3567536Z   sparse-checkout-cone-mode: true
end-workflow	Checkout code	2025-04-23T11:16:19.3568448Z   fetch-tags: false
end-workflow	Checkout code	2025-04-23T11:16:19.3569003Z   show-progress: true
end-workflow	Checkout code	2025-04-23T11:16:19.3569599Z   lfs: false
end-workflow	Checkout code	2025-04-23T11:16:19.3570172Z   submodules: false
end-workflow	Checkout code	2025-04-23T11:16:19.3570761Z   set-safe-directory: true
end-workflow	Checkout code	2025-04-23T11:16:19.3572689Z env:
end-workflow	Checkout code	2025-04-23T11:16:19.3573384Z   KAOS_CODE: 14192623809
end-workflow	Checkout code	2025-04-23T11:16:19.3574051Z   KAOS_EVENT_NAME: workflow_dispatch
end-workflow	Checkout code	2025-04-23T11:16:19.3574901Z   KAOS_ACTION: 
end-workflow	Checkout code	2025-04-23T11:16:19.3575742Z   KAOS_REF: refs/heads/H215-modulo-de-summary
end-workflow	Checkout code	2025-04-23T11:16:19.3576662Z   KAOS_MODULE: [Ka0S] Workflow Statistics Summary
end-workflow	Checkout code	2025-04-23T11:16:19.3577780Z   KAOS_PATH_RESUME: core/outputs/w/
end-workflow	Checkout code	2025-04-23T11:16:19.3578585Z   KAOS_JSON: core/results/event_data_
end-workflow	Checkout code	2025-04-23T11:16:19.3579375Z   KAOS_ACTOR: ka0score
end-workflow	Checkout code	2025-04-23T11:16:19.3580458Z   GH_TOKEN: ***
end-workflow	Checkout code	2025-04-23T11:16:19.3581027Z ##[endgroup]
end-workflow	Checkout code	2025-04-23T11:16:19.5958134Z Syncing repository: Ka0s-Klaus/ka0s
end-workflow	Checkout code	2025-04-23T11:16:19.5961588Z ##[group]Getting Git version info
end-workflow	Checkout code	2025-04-23T11:16:19.5982751Z Working directory is '/actions-runner/_work/ka0s/ka0s'
end-workflow	Checkout code	2025-04-23T11:16:19.5985742Z [command]/usr/bin/git version
end-workflow	Checkout code	2025-04-23T11:16:19.5986914Z git version 2.48.1
end-workflow	Checkout code	2025-04-23T11:16:19.5990070Z ##[endgroup]
end-workflow	Checkout code	2025-04-23T11:16:19.6000075Z Copying '/home/kaos/.gitconfig' to '/actions-runner/_work/_temp/8cf70bc5-0b42-4077-9f81-1b85fef5da54/.gitconfig'
end-workflow	Checkout code	2025-04-23T11:16:19.6006120Z Temporarily overriding HOME='/actions-runner/_work/_temp/8cf70bc5-0b42-4077-9f81-1b85fef5da54' before making global git config changes
end-workflow	Checkout code	2025-04-23T11:16:19.6015277Z Adding repository directory to the temporary git global config as a safe directory
end-workflow	Checkout code	2025-04-23T11:16:19.6017676Z [command]/usr/bin/git config --global --add safe.directory /actions-runner/_work/ka0s/ka0s
end-workflow	Checkout code	2025-04-23T11:16:19.6020561Z [command]/usr/bin/git config --local --get remote.origin.url
end-workflow	Checkout code	2025-04-23T11:16:19.6053955Z https://github.com/Ka0s-Klaus/ka0s
end-workflow	Checkout code	2025-04-23T11:16:19.6226129Z ##[group]Removing previously created refs, to avoid conflicts
end-workflow	Checkout code	2025-04-23T11:16:19.6259703Z [command]/usr/bin/git rev-parse --symbolic-full-name --verify --quiet HEAD
end-workflow	Checkout code	2025-04-23T11:16:19.6398884Z refs/heads/H44-creación-módulo-versionado
end-workflow	Checkout code	2025-04-23T11:16:19.6482935Z [command]/usr/bin/git checkout --detach
end-workflow	Checkout code	2025-04-23T11:16:20.0306812Z HEAD is now at 08a0015b Test Json
end-workflow	Checkout code	2025-04-23T11:16:20.0524813Z [command]/usr/bin/git branch --delete --force H44-creación-módulo-versionado
end-workflow	Checkout code	2025-04-23T11:16:20.0623642Z Deleted branch H44-creación-módulo-versionado (was 08a0015b).
end-workflow	Checkout code	2025-04-23T11:16:20.0797297Z ##[endgroup]
end-workflow	Checkout code	2025-04-23T11:16:20.0818551Z [command]/usr/bin/git submodule status
end-workflow	Checkout code	2025-04-23T11:16:20.2020575Z ##[group]Cleaning the repository
end-workflow	Checkout code	2025-04-23T11:16:20.2022887Z [command]/usr/bin/git clean -ffdx
end-workflow	Checkout code	2025-04-23T11:16:20.2193901Z [command]/usr/bin/git reset --hard HEAD
end-workflow	Checkout code	2025-04-23T11:16:20.2435179Z HEAD is now at 08a0015b Test Json
end-workflow	Checkout code	2025-04-23T11:16:20.2494980Z ##[endgroup]
end-workflow	Checkout code	2025-04-23T11:16:20.2518834Z ##[group]Disabling automatic garbage collection
end-workflow	Checkout code	2025-04-23T11:16:20.2541766Z [command]/usr/bin/git config --local gc.auto 0
end-workflow	Checkout code	2025-04-23T11:16:20.2629376Z ##[endgroup]
end-workflow	Checkout code	2025-04-23T11:16:20.2632390Z ##[group]Setting up auth
end-workflow	Checkout code	2025-04-23T11:16:20.2664484Z [command]/usr/bin/git config --local --name-only --get-regexp core\.sshCommand
end-workflow	Checkout code	2025-04-23T11:16:20.2826877Z [command]/usr/bin/git submodule foreach --recursive sh -c "git config --local --name-only --get-regexp 'core\.sshCommand' && git config --local --unset-all 'core.sshCommand' || :"
end-workflow	Checkout code	2025-04-23T11:16:20.3539055Z [command]/usr/bin/git config --local --name-only --get-regexp http\.https\:\/\/github\.com\/\.extraheader
end-workflow	Checkout code	2025-04-23T11:16:20.3623749Z [command]/usr/bin/git submodule foreach --recursive sh -c "git config --local --name-only --get-regexp 'http\.https\:\/\/github\.com\/\.extraheader' && git config --local --unset-all 'http.https://github.com/.extraheader' || :"
end-workflow	Checkout code	2025-04-23T11:16:20.4259810Z [command]/usr/bin/git config --local http.https://github.com/.extraheader AUTHORIZATION: basic ***
end-workflow	Checkout code	2025-04-23T11:16:20.4498560Z ##[endgroup]
end-workflow	Checkout code	2025-04-23T11:16:20.4537745Z ##[group]Fetching the repository
end-workflow	Checkout code	2025-04-23T11:16:20.4598131Z [command]/usr/bin/git -c protocol.version=2 fetch --prune --no-recurse-submodules origin +refs/heads/*:refs/remotes/origin/* +refs/tags/*:refs/tags/*
end-workflow	Checkout code	2025-04-23T11:16:24.1486057Z From https://github.com/Ka0s-Klaus/ka0s
end-workflow	Checkout code	2025-04-23T11:16:24.1489009Z    08a0015b..de60dc53  H44-creación-módulo-versionado -> origin/H44-creación-módulo-versionado
end-workflow	Checkout code	2025-04-23T11:16:24.1495558Z    b0c26864..8fa17802  main       -> origin/main
end-workflow	Checkout code	2025-04-23T11:16:24.1591549Z [command]/usr/bin/git branch --list --remote origin/H215-modulo-de-summary
end-workflow	Checkout code	2025-04-23T11:16:24.1644336Z   origin/H215-modulo-de-summary
end-workflow	Checkout code	2025-04-23T11:16:24.1661590Z [command]/usr/bin/git rev-parse refs/remotes/origin/H215-modulo-de-summary
end-workflow	Checkout code	2025-04-23T11:16:24.1698799Z be8bef882b98371a98b61b4341e9114465f4cc96
end-workflow	Checkout code	2025-04-23T11:16:24.1719334Z [command]/usr/bin/git -c protocol.version=2 fetch --no-tags --prune --no-recurse-submodules origin +51109b526755cd7f5c47c81a8b31c6140628aa29:refs/remotes/origin/H215-modulo-de-summary
end-workflow	Checkout code	2025-04-23T11:16:24.9473471Z From https://github.com/Ka0s-Klaus/ka0s
end-workflow	Checkout code	2025-04-23T11:16:24.9512907Z  + be8bef88...51109b52 51109b526755cd7f5c47c81a8b31c6140628aa29 -> origin/H215-modulo-de-summary  (forced update)
end-workflow	Checkout code	2025-04-23T11:16:24.9694460Z ##[endgroup]
end-workflow	Checkout code	2025-04-23T11:16:24.9698876Z ##[group]Determining the checkout info
end-workflow	Checkout code	2025-04-23T11:16:24.9700920Z ##[endgroup]
end-workflow	Checkout code	2025-04-23T11:16:24.9702300Z [command]/usr/bin/git sparse-checkout disable
end-workflow	Checkout code	2025-04-23T11:16:24.9838374Z [command]/usr/bin/git config --local --unset-all extensions.worktreeConfig
end-workflow	Checkout code	2025-04-23T11:16:24.9895921Z ##[group]Checking out the ref
end-workflow	Checkout code	2025-04-23T11:16:24.9906200Z [command]/usr/bin/git checkout --progress --force -B H215-modulo-de-summary refs/remotes/origin/H215-modulo-de-summary
end-workflow	Checkout code	2025-04-23T11:16:25.5232614Z Previous HEAD position was 08a0015b Test Json
end-workflow	Checkout code	2025-04-23T11:16:25.5284090Z Switched to a new branch 'H215-modulo-de-summary'
end-workflow	Checkout code	2025-04-23T11:16:25.5290847Z branch 'H215-modulo-de-summary' set up to track 'origin/H215-modulo-de-summary'.
end-workflow	Checkout code	2025-04-23T11:16:25.5315767Z ##[endgroup]
end-workflow	Checkout code	2025-04-23T11:16:25.5365794Z [command]/usr/bin/git log -1 --format=%H
end-workflow	Checkout code	2025-04-23T11:16:25.5463802Z 51109b526755cd7f5c47c81a8b31c6140628aa29
end-workflow	Finaliza el workflow	﻿2025-04-23T11:16:25.6105441Z ##[group]Run echo "End process"
end-workflow	Finaliza el workflow	2025-04-23T11:16:25.6106457Z [36;1mecho "End process"[0m
end-workflow	Finaliza el workflow	2025-04-23T11:16:25.6111053Z [36;1mRNNUMBER=$(echo "refs/heads/H215-modulo-de-summary" | grep -o '[0-9]*')[0m
end-workflow	Finaliza el workflow	2025-04-23T11:16:25.6128499Z [36;1mgh issue comment $RNNUMBER --body "Se finaliza Ka0s 14192623809"[0m
end-workflow	Finaliza el workflow	2025-04-23T11:16:25.6130633Z [36;1mgh workflow run inspector.yml --ref 'main' -f kaos-issue-id=$RNNUMBER -f kaos-workflow-id="14192623809" -f kaos-user-start=""[0m
end-workflow	Finaliza el workflow	2025-04-23T11:16:25.6165062Z shell: /usr/bin/bash -e {0}
end-workflow	Finaliza el workflow	2025-04-23T11:16:25.6166900Z env:
end-workflow	Finaliza el workflow	2025-04-23T11:16:25.6167525Z   KAOS_CODE: 14192623809
end-workflow	Finaliza el workflow	2025-04-23T11:16:25.6168235Z   KAOS_EVENT_NAME: workflow_dispatch
end-workflow	Finaliza el workflow	2025-04-23T11:16:25.6169020Z   KAOS_ACTION: 
end-workflow	Finaliza el workflow	2025-04-23T11:16:25.6171066Z   KAOS_REF: refs/heads/H215-modulo-de-summary
end-workflow	Finaliza el workflow	2025-04-23T11:16:25.6172515Z   KAOS_MODULE: [Ka0S] Workflow Statistics Summary
end-workflow	Finaliza el workflow	2025-04-23T11:16:25.6173205Z   KAOS_PATH_RESUME: core/outputs/w/
end-workflow	Finaliza el workflow	2025-04-23T11:16:25.6173796Z   KAOS_JSON: core/results/event_data_
end-workflow	Finaliza el workflow	2025-04-23T11:16:25.6174493Z   KAOS_ACTOR: ka0score
end-workflow	Finaliza el workflow	2025-04-23T11:16:25.6175379Z   GH_TOKEN: ***
end-workflow	Finaliza el workflow	2025-04-23T11:16:25.6175798Z ##[endgroup]
end-workflow	Finaliza el workflow	2025-04-23T11:16:25.6309108Z End process
end-workflow	Finaliza el workflow	2025-04-23T11:16:27.8168174Z https://github.com/Ka0s-Klaus/ka0s/issues/215#issuecomment-2823947131
end-workflow	Post Checkout code	﻿2025-04-23T11:16:28.7945607Z Post job cleanup.
end-workflow	Post Checkout code	2025-04-23T11:16:29.0024932Z [command]/usr/bin/git version
end-workflow	Post Checkout code	2025-04-23T11:16:29.0147026Z git version 2.48.1
end-workflow	Post Checkout code	2025-04-23T11:16:29.0253929Z Copying '/home/kaos/.gitconfig' to '/actions-runner/_work/_temp/500296dc-4fd5-4698-9a1c-709cf67ff58b/.gitconfig'
end-workflow	Post Checkout code	2025-04-23T11:16:29.0272932Z Temporarily overriding HOME='/actions-runner/_work/_temp/500296dc-4fd5-4698-9a1c-709cf67ff58b' before making global git config changes
end-workflow	Post Checkout code	2025-04-23T11:16:29.0288527Z Adding repository directory to the temporary git global config as a safe directory
end-workflow	Post Checkout code	2025-04-23T11:16:29.0302950Z [command]/usr/bin/git config --global --add safe.directory /actions-runner/_work/ka0s/ka0s
end-workflow	Post Checkout code	2025-04-23T11:16:29.0366034Z [command]/usr/bin/git config --local --name-only --get-regexp core\.sshCommand
end-workflow	Post Checkout code	2025-04-23T11:16:29.0502407Z [command]/usr/bin/git submodule foreach --recursive sh -c "git config --local --name-only --get-regexp 'core\.sshCommand' && git config --local --unset-all 'core.sshCommand' || :"
end-workflow	Post Checkout code	2025-04-23T11:16:29.1189729Z [command]/usr/bin/git config --local --name-only --get-regexp http\.https\:\/\/github\.com\/\.extraheader
end-workflow	Post Checkout code	2025-04-23T11:16:29.1242730Z http.https://github.com/.extraheader
end-workflow	Post Checkout code	2025-04-23T11:16:29.1316257Z [command]/usr/bin/git config --local --unset-all http.https://github.com/.extraheader
end-workflow	Post Checkout code	2025-04-23T11:16:29.1373928Z [command]/usr/bin/git submodule foreach --recursive sh -c "git config --local --name-only --get-regexp 'http\.https\:\/\/github\.com\/\.extraheader' && git config --local --unset-all 'http.https://github.com/.extraheader' || :"
end-workflow	Complete job	﻿2025-04-23T11:16:29.2321071Z Cleaning up orphan processes
