job-core	Set up job	﻿2025-04-23T10:57:08.9255309Z Current runner version: '2.323.0'
job-core	Set up job	2025-04-23T10:57:08.9259331Z Runner name: 'ka0s-9'
job-core	Set up job	2025-04-23T10:57:08.9259883Z Machine name: '26a53205c9ac'
job-core	Set up job	2025-04-23T10:57:08.9261425Z ##[group]GITHUB_TOKEN Permissions
job-core	Set up job	2025-04-23T10:57:08.9262917Z Actions: write
job-core	Set up job	2025-04-23T10:57:08.9263225Z Contents: write
job-core	Set up job	2025-04-23T10:57:08.9263520Z Issues: write
job-core	Set up job	2025-04-23T10:57:08.9263805Z Metadata: read
job-core	Set up job	2025-04-23T10:57:08.9264085Z PullRequests: write
job-core	Set up job	2025-04-23T10:57:08.9264367Z ##[endgroup]
job-core	Set up job	2025-04-23T10:57:08.9265577Z Secret source: Actions
job-core	Set up job	2025-04-23T10:57:08.9265946Z Prepare workflow directory
job-core	Set up job	2025-04-23T10:57:08.9685295Z Prepare all required actions
job-core	Set up job	2025-04-23T10:57:08.9712429Z Getting action download info
job-core	Set up job	2025-04-23T10:57:09.4904661Z Download action repository 'actions/checkout@v4' (SHA:11bd71901bbe5b1630ceea73d27597364c9af683)
job-core	Set up job	2025-04-23T10:57:10.2245172Z Download action repository 'actions/setup-node@v2' (SHA:7c12f8017d5436eb855f1ed4399f037a36fbd9e8)
job-core	Set up job	2025-04-23T10:57:11.4670521Z Complete job name: job-core
job-core	Checkout code	﻿2025-04-23T10:57:11.5076699Z ##[group]Run actions/checkout@v4
job-core	Checkout code	2025-04-23T10:57:11.5077744Z with:
job-core	Checkout code	2025-04-23T10:57:11.5078333Z   fetch-depth: 0
job-core	Checkout code	2025-04-23T10:57:11.5079346Z   token: ***
job-core	Checkout code	2025-04-23T10:57:11.5079972Z   repository: Ka0s-Klaus/ka0s
job-core	Checkout code	2025-04-23T10:57:11.5080728Z   ssh-strict: true
job-core	Checkout code	2025-04-23T10:57:11.5081361Z   ssh-user: git
job-core	Checkout code	2025-04-23T10:57:11.5082118Z   persist-credentials: true
job-core	Checkout code	2025-04-23T10:57:11.5082888Z   clean: true
job-core	Checkout code	2025-04-23T10:57:11.5083585Z   sparse-checkout-cone-mode: true
job-core	Checkout code	2025-04-23T10:57:11.5084386Z   fetch-tags: false
job-core	Checkout code	2025-04-23T10:57:11.5085035Z   show-progress: true
job-core	Checkout code	2025-04-23T10:57:11.5085699Z   lfs: false
job-core	Checkout code	2025-04-23T10:57:11.5086304Z   submodules: false
job-core	Checkout code	2025-04-23T10:57:11.5086973Z   set-safe-directory: true
job-core	Checkout code	2025-04-23T10:57:11.5087819Z env:
job-core	Checkout code	2025-04-23T10:57:11.5088403Z   KAOS_MODULE: [Ka0S] JSONLINT
job-core	Checkout code	2025-04-23T10:57:11.5089365Z   GH_TOKEN: ***
job-core	Checkout code	2025-04-23T10:57:11.5090094Z   KAOS_JSONLINT_CONFIG: core/config/.jsonlint.json
job-core	Checkout code	2025-04-23T10:57:11.5091058Z   KAOS_PATH_RESUME: core/outputs/j/
job-core	Checkout code	2025-04-23T10:57:11.5092027Z   KAOS_REPO: /actions-runner/_work/kaos/kaos
job-core	Checkout code	2025-04-23T10:57:11.5092956Z   KAOS_STEP_MODULE: 
job-core	Checkout code	2025-04-23T10:57:11.5093679Z   KAOS_CODE: 14214626144
job-core	Checkout code	2025-04-23T10:57:11.5094260Z   KAOS_REF_BRANCH: main
job-core	Checkout code	2025-04-23T10:57:11.5094812Z ##[endgroup]
job-core	Checkout code	2025-04-23T10:57:11.5841582Z Syncing repository: Ka0s-Klaus/ka0s
job-core	Checkout code	2025-04-23T10:57:11.5843747Z ##[group]Getting Git version info
job-core	Checkout code	2025-04-23T10:57:11.5844800Z Working directory is '/actions-runner/_work/ka0s/ka0s'
job-core	Checkout code	2025-04-23T10:57:11.5846233Z [command]/usr/bin/git version
job-core	Checkout code	2025-04-23T10:57:11.5846980Z git version 2.43.0
job-core	Checkout code	2025-04-23T10:57:11.5851750Z ##[endgroup]
job-core	Checkout code	2025-04-23T10:57:11.5861118Z Copying '/home/kaos/.gitconfig' to '/actions-runner/_work/_temp/9346200b-b530-4533-a50d-f3e40488e2d7/.gitconfig'
job-core	Checkout code	2025-04-23T10:57:11.5870912Z Temporarily overriding HOME='/actions-runner/_work/_temp/9346200b-b530-4533-a50d-f3e40488e2d7' before making global git config changes
job-core	Checkout code	2025-04-23T10:57:11.5873419Z Adding repository directory to the temporary git global config as a safe directory
job-core	Checkout code	2025-04-23T10:57:11.5875444Z [command]/usr/bin/git config --global --add safe.directory /actions-runner/_work/ka0s/ka0s
job-core	Checkout code	2025-04-23T10:57:11.5908405Z [command]/usr/bin/git config --local --get remote.origin.url
job-core	Checkout code	2025-04-23T10:57:11.5926859Z https://github.com/Ka0s-Klaus/ka0s
job-core	Checkout code	2025-04-23T10:57:11.5944373Z ##[group]Removing previously created refs, to avoid conflicts
job-core	Checkout code	2025-04-23T10:57:11.5948802Z [command]/usr/bin/git rev-parse --symbolic-full-name --verify --quiet HEAD
job-core	Checkout code	2025-04-23T10:57:11.5970001Z refs/heads/H34-modulo-iac-kaos
job-core	Checkout code	2025-04-23T10:57:11.5979351Z [command]/usr/bin/git checkout --detach
job-core	Checkout code	2025-04-23T10:57:11.6072363Z HEAD is now at c30f3094 JSON CORRECTO
job-core	Checkout code	2025-04-23T10:57:11.6117288Z [command]/usr/bin/git branch --delete --force H34-modulo-iac-kaos
job-core	Checkout code	2025-04-23T10:57:11.6148417Z Deleted branch H34-modulo-iac-kaos (was c30f3094).
job-core	Checkout code	2025-04-23T10:57:11.6191134Z ##[endgroup]
job-core	Checkout code	2025-04-23T10:57:11.6191896Z [command]/usr/bin/git submodule status
job-core	Checkout code	2025-04-23T10:57:11.6402412Z ##[group]Cleaning the repository
job-core	Checkout code	2025-04-23T10:57:11.6403931Z [command]/usr/bin/git clean -ffdx
job-core	Checkout code	2025-04-23T10:57:11.6439155Z Removing core/outputs/j/jsonlint-results-14109303309.txt
job-core	Checkout code	2025-04-23T10:57:11.6446912Z [command]/usr/bin/git reset --hard HEAD
job-core	Checkout code	2025-04-23T10:57:11.6515900Z HEAD is now at c30f3094 JSON CORRECTO
job-core	Checkout code	2025-04-23T10:57:11.6519108Z ##[endgroup]
job-core	Checkout code	2025-04-23T10:57:11.6520288Z ##[group]Disabling automatic garbage collection
job-core	Checkout code	2025-04-23T10:57:11.6523820Z [command]/usr/bin/git config --local gc.auto 0
job-core	Checkout code	2025-04-23T10:57:11.6545206Z ##[endgroup]
job-core	Checkout code	2025-04-23T10:57:11.6546313Z ##[group]Setting up auth
job-core	Checkout code	2025-04-23T10:57:11.6549500Z [command]/usr/bin/git config --local --name-only --get-regexp core\.sshCommand
job-core	Checkout code	2025-04-23T10:57:11.6581767Z [command]/usr/bin/git submodule foreach --recursive sh -c "git config --local --name-only --get-regexp 'core\.sshCommand' && git config --local --unset-all 'core.sshCommand' || :"
job-core	Checkout code	2025-04-23T10:57:11.6802847Z [command]/usr/bin/git config --local --name-only --get-regexp http\.https\:\/\/github\.com\/\.extraheader
job-core	Checkout code	2025-04-23T10:57:11.6827682Z [command]/usr/bin/git submodule foreach --recursive sh -c "git config --local --name-only --get-regexp 'http\.https\:\/\/github\.com\/\.extraheader' && git config --local --unset-all 'http.https://github.com/.extraheader' || :"
job-core	Checkout code	2025-04-23T10:57:11.7046410Z [command]/usr/bin/git config --local http.https://github.com/.extraheader AUTHORIZATION: basic ***
job-core	Checkout code	2025-04-23T10:57:11.7083086Z ##[endgroup]
job-core	Checkout code	2025-04-23T10:57:11.7084236Z ##[group]Fetching the repository
job-core	Checkout code	2025-04-23T10:57:11.7086858Z [command]/usr/bin/git -c protocol.version=2 fetch --prune --no-recurse-submodules origin +refs/heads/*:refs/remotes/origin/* +refs/tags/*:refs/tags/*
job-core	Checkout code	2025-04-23T10:57:12.1773351Z From https://github.com/Ka0s-Klaus/ka0s
job-core	Checkout code	2025-04-23T10:57:12.1774536Z  - [deleted]           (none)     -> origin/H34-modulo-iac-kaos
job-core	Checkout code	2025-04-23T10:57:12.1932143Z [command]/usr/bin/git branch --list --remote origin/H215-modulo-de-summary
job-core	Checkout code	2025-04-23T10:57:12.1961106Z   origin/H215-modulo-de-summary
job-core	Checkout code	2025-04-23T10:57:12.1969530Z [command]/usr/bin/git rev-parse refs/remotes/origin/H215-modulo-de-summary
job-core	Checkout code	2025-04-23T10:57:12.1988932Z be8bef882b98371a98b61b4341e9114465f4cc96
job-core	Checkout code	2025-04-23T10:57:12.1996745Z [command]/usr/bin/git -c protocol.version=2 fetch --no-tags --prune --no-recurse-submodules origin +4a6a832d1122b16fd64dde65270b28aeaed503c2:refs/remotes/origin/H215-modulo-de-summary
job-core	Checkout code	2025-04-23T10:57:12.2245030Z From https://github.com/Ka0s-Klaus/ka0s
job-core	Checkout code	2025-04-23T10:57:12.2245923Z  + be8bef88...4a6a832d 4a6a832d1122b16fd64dde65270b28aeaed503c2 -> origin/H215-modulo-de-summary  (forced update)
job-core	Checkout code	2025-04-23T10:57:12.2265923Z ##[endgroup]
job-core	Checkout code	2025-04-23T10:57:12.2266445Z ##[group]Determining the checkout info
job-core	Checkout code	2025-04-23T10:57:12.2267199Z ##[endgroup]
job-core	Checkout code	2025-04-23T10:57:12.2271737Z [command]/usr/bin/git sparse-checkout disable
job-core	Checkout code	2025-04-23T10:57:12.2317379Z [command]/usr/bin/git config --local --unset-all extensions.worktreeConfig
job-core	Checkout code	2025-04-23T10:57:12.2344653Z ##[group]Checking out the ref
job-core	Checkout code	2025-04-23T10:57:12.2348550Z [command]/usr/bin/git checkout --progress --force -B H215-modulo-de-summary refs/remotes/origin/H215-modulo-de-summary
job-core	Checkout code	2025-04-23T10:57:12.3158637Z Previous HEAD position was c30f3094 JSON CORRECTO
job-core	Checkout code	2025-04-23T10:57:12.3161182Z Switched to a new branch 'H215-modulo-de-summary'
job-core	Checkout code	2025-04-23T10:57:12.3161775Z branch 'H215-modulo-de-summary' set up to track 'origin/H215-modulo-de-summary'.
job-core	Checkout code	2025-04-23T10:57:12.3173897Z ##[endgroup]
job-core	Checkout code	2025-04-23T10:57:12.3214960Z [command]/usr/bin/git log -1 --format=%H
job-core	Checkout code	2025-04-23T10:57:12.3241298Z 4a6a832d1122b16fd64dde65270b28aeaed503c2
job-core	Install Node.js	﻿2025-04-23T10:57:12.3390100Z ##[group]Run actions/setup-node@v2
job-core	Install Node.js	2025-04-23T10:57:12.3390381Z with:
job-core	Install Node.js	2025-04-23T10:57:12.3390570Z   node-version: 14
job-core	Install Node.js	2025-04-23T10:57:12.3390774Z   always-auth: false
job-core	Install Node.js	2025-04-23T10:57:12.3390982Z   check-latest: false
job-core	Install Node.js	2025-04-23T10:57:12.3391272Z   token: ***
job-core	Install Node.js	2025-04-23T10:57:12.3391457Z env:
job-core	Install Node.js	2025-04-23T10:57:12.3391654Z   KAOS_MODULE: [Ka0S] JSONLINT
job-core	Install Node.js	2025-04-23T10:57:12.3391939Z   GH_TOKEN: ***
job-core	Install Node.js	2025-04-23T10:57:12.3392240Z   KAOS_JSONLINT_CONFIG: core/config/.jsonlint.json
job-core	Install Node.js	2025-04-23T10:57:12.3392625Z   KAOS_PATH_RESUME: core/outputs/j/
job-core	Install Node.js	2025-04-23T10:57:12.3392879Z   KAOS_REPO: /actions-runner/_work/kaos/kaos
job-core	Install Node.js	2025-04-23T10:57:12.3393122Z   KAOS_STEP_MODULE: 
job-core	Install Node.js	2025-04-23T10:57:12.3393326Z   KAOS_CODE: 14214626144
job-core	Install Node.js	2025-04-23T10:57:12.3393532Z   KAOS_REF_BRANCH: main
job-core	Install Node.js	2025-04-23T10:57:12.3393738Z ##[endgroup]
job-core	Install Node.js	2025-04-23T10:57:12.4206472Z Found in cache @ /actions-runner/_work/_tool/node/14.21.3/x64
job-core	Install jsonlint	﻿2025-04-23T10:57:12.4287638Z ##[group]Run if ! command -v jsonlint &> /dev/null; then
job-core	Install jsonlint	2025-04-23T10:57:12.4288017Z [36;1mif ! command -v jsonlint &> /dev/null; then[0m
job-core	Install jsonlint	2025-04-23T10:57:12.4288253Z [36;1m  echo "Installing jsonlint..."[0m
job-core	Install jsonlint	2025-04-23T10:57:12.4288471Z [36;1m  npm install -g jsonlint[0m
job-core	Install jsonlint	2025-04-23T10:57:12.4288660Z [36;1melse[0m
job-core	Install jsonlint	2025-04-23T10:57:12.4288878Z [36;1m  echo "jsonlint already installed, skipping installation"[0m
job-core	Install jsonlint	2025-04-23T10:57:12.4289118Z [36;1mfi[0m
job-core	Install jsonlint	2025-04-23T10:57:12.4289293Z [36;1mmkdir -p core/outputs/j/[0m
job-core	Install jsonlint	2025-04-23T10:57:12.4297805Z shell: /usr/bin/bash -e {0}
job-core	Install jsonlint	2025-04-23T10:57:12.4298022Z env:
job-core	Install jsonlint	2025-04-23T10:57:12.4298196Z   KAOS_MODULE: [Ka0S] JSONLINT
job-core	Install jsonlint	2025-04-23T10:57:12.4298542Z   GH_TOKEN: ***
job-core	Install jsonlint	2025-04-23T10:57:12.4298733Z   KAOS_JSONLINT_CONFIG: core/config/.jsonlint.json
job-core	Install jsonlint	2025-04-23T10:57:12.4298961Z   KAOS_PATH_RESUME: core/outputs/j/
job-core	Install jsonlint	2025-04-23T10:57:12.4299172Z   KAOS_REPO: /actions-runner/_work/kaos/kaos
job-core	Install jsonlint	2025-04-23T10:57:12.4299377Z   KAOS_STEP_MODULE: 
job-core	Install jsonlint	2025-04-23T10:57:12.4299581Z   KAOS_CODE: 14214626144
job-core	Install jsonlint	2025-04-23T10:57:12.4299760Z   KAOS_REF_BRANCH: main
job-core	Install jsonlint	2025-04-23T10:57:12.4299932Z ##[endgroup]
job-core	Install jsonlint	2025-04-23T10:57:12.4341856Z jsonlint already installed, skipping installation
job-core	Check JSON	﻿2025-04-23T10:57:12.4394188Z ##[group]Run # Invocamos la primera comprobación de base, sino se supera el proceso no continua
job-core	Check JSON	2025-04-23T10:57:12.4394978Z [36;1m# Invocamos la primera comprobación de base, sino se supera el proceso no continua[0m
job-core	Check JSON	2025-04-23T10:57:12.4395490Z [36;1m# Extraemos el nombre del fichero[0m
job-core	Check JSON	2025-04-23T10:57:12.4395972Z [36;1mfile_name=$(basename "core/dashboard/dashboard/sections/seccion2.json")[0m
job-core	Check JSON	2025-04-23T10:57:12.4396455Z [36;1m# Generamos el fichero de resultados vacio[0m
job-core	Check JSON	2025-04-23T10:57:12.4396888Z [36;1mtouch core/outputs/j/jsonlint-results-14214626144.txt[0m
job-core	Check JSON	2025-04-23T10:57:12.4397313Z [36;1m# Realizamos el check del documento json [0m
job-core	Check JSON	2025-04-23T10:57:12.4397930Z [36;1mjsonlint core/dashboard/dashboard/sections/seccion2.json > core/outputs/j/jsonlint-results-14214626144.txt[0m
job-core	Check JSON	2025-04-23T10:57:12.4398582Z [36;1m# esto es un workarround importante que hay que retirar[0m
job-core	Check JSON	2025-04-23T10:57:12.4399051Z [36;1m#rm -rf core/outputs/j/jsonlint-results-14214626144.txt[0m
job-core	Check JSON	2025-04-23T10:57:12.4399489Z [36;1m# a retirar[0m
job-core	Check JSON	2025-04-23T10:57:12.4399773Z [36;1m# Check if exist errors in file[0m
job-core	Check JSON	2025-04-23T10:57:12.4400102Z [36;1mecho "Mostramos fichero"[0m
job-core	Check JSON	2025-04-23T10:57:12.4400477Z [36;1mcat core/outputs/j/jsonlint-results-14214626144.txt[0m
job-core	Check JSON	2025-04-23T10:57:12.4400953Z [36;1mif [ ! -s core/outputs/j/jsonlint-results-14214626144.txt ]; then[0m
job-core	Check JSON	2025-04-23T10:57:12.4401574Z [36;1m  echo "File core/outputs/j/jsonlint-results-14214626144.txt is empty and is content correct"[0m
job-core	Check JSON	2025-04-23T10:57:12.4402904Z [36;1m  KAOS_ISSUE_BODY="The [Ka0S] JSONLINT process (14214574225) launch the check (14214626144) over file (core/dashboard/dashboard/sections/seccion2.json) and its result has been SUCCESS. Please review all files implicated in pull request and approve to merge"[0m
job-core	Check JSON	2025-04-23T10:57:12.4404048Z [36;1m  # Añadimos la versión de jsonlint con la que se realiza la comprobacion[0m
job-core	Check JSON	2025-04-23T10:57:12.4404598Z [36;1m  jsonlint --version >> core/outputs/j/jsonlint-results-14214626144.txt[0m
job-core	Check JSON	2025-04-23T10:57:12.4405126Z [36;1m  # añadimos el nombre del fichero que vamos a comprobar[0m
job-core	Check JSON	2025-04-23T10:57:12.4405793Z [36;1m  echo "Finding: core/dashboard/dashboard/sections/seccion2.json" >> core/outputs/j/jsonlint-results-14214626144.txt[0m
job-core	Check JSON	2025-04-23T10:57:12.4406813Z [36;1m  # gh workflow run issue.yaml --ref main -f kaos-issue-title="" -f kaos-issue-body="$KAOS_ISSUE_BODY" -f kaos-issue-actions=comment -f kaos-issue-tag="" -f kaos-issue-id=215[0m
job-core	Check JSON	2025-04-23T10:57:12.4407851Z [36;1m  gh issue comment  215 -F core/outputs/j/jsonlint-results-14214626144.txt[0m
job-core	Check JSON	2025-04-23T10:57:12.4408308Z [36;1melse[0m
job-core	Check JSON	2025-04-23T10:57:12.4408633Z [36;1m  cat core/outputs/j/jsonlint-results-14214626144.txt[0m
job-core	Check JSON	2025-04-23T10:57:12.4409303Z [36;1m  echo "File core/outputs/j/jsonlint-results-14214626144.txt is not empty and is content not correct and write commit info"[0m
job-core	Check JSON	2025-04-23T10:57:12.4410479Z [36;1m  KAOS_ISSUE_BODY="The [Ka0S] JSONLINT process (14214574225) launch the check (14214626144) over file (core/dashboard/dashboard/sections/seccion2.json) and its result has been FAILED, please check and solved it"[0m
job-core	Check JSON	2025-04-23T10:57:12.4411465Z [36;1m  # Añadimos la versión de jsonlint con la que se realiza la comprobacion[0m
job-core	Check JSON	2025-04-23T10:57:12.4412114Z [36;1m  # jsonlint --version || true >> core/outputs/j/jsonlint-results-14214626144.txt[0m
job-core	Check JSON	2025-04-23T10:57:12.4424452Z [36;1m  # añadimos el nombre del fichero que vamos a comprobar[0m
job-core	Check JSON	2025-04-23T10:57:12.4425169Z [36;1m  echo "Finding: core/dashboard/dashboard/sections/seccion2.json" >> core/outputs/j/jsonlint-results-14214626144.txt[0m
job-core	Check JSON	2025-04-23T10:57:12.4426193Z [36;1m  # gh workflow run issue.yaml --ref main -f kaos-issue-title="" -f kaos-issue-body="$KAOS_ISSUE_BODY" -f kaos-issue-actions=comment -f kaos-issue-tag="" -f kaos-issue-id=215 [0m
job-core	Check JSON	2025-04-23T10:57:12.4427036Z [36;1m  gh issue comment  215 -F core/outputs/j/jsonlint-results-14214626144.txt[0m
job-core	Check JSON	2025-04-23T10:57:12.4427462Z [36;1mfi[0m
job-core	Check JSON	2025-04-23T10:57:12.4434872Z shell: /usr/bin/bash -e {0}
job-core	Check JSON	2025-04-23T10:57:12.4435373Z env:
job-core	Check JSON	2025-04-23T10:57:12.4435617Z   KAOS_MODULE: [Ka0S] JSONLINT
job-core	Check JSON	2025-04-23T10:57:12.4436118Z   GH_TOKEN: ***
job-core	Check JSON	2025-04-23T10:57:12.4436420Z   KAOS_JSONLINT_CONFIG: core/config/.jsonlint.json
job-core	Check JSON	2025-04-23T10:57:12.4436778Z   KAOS_PATH_RESUME: core/outputs/j/
job-core	Check JSON	2025-04-23T10:57:12.4437128Z   KAOS_REPO: /actions-runner/_work/kaos/kaos
job-core	Check JSON	2025-04-23T10:57:12.4437466Z   KAOS_STEP_MODULE: 
job-core	Check JSON	2025-04-23T10:57:12.4437740Z   KAOS_CODE: 14214626144
job-core	Check JSON	2025-04-23T10:57:12.4438016Z   KAOS_REF_BRANCH: main
job-core	Check JSON	2025-04-23T10:57:12.4438386Z ##[endgroup]
job-core	Check JSON	2025-04-23T10:57:12.5154092Z internal/fs/utils.js:332
job-core	Check JSON	2025-04-23T10:57:12.5154599Z     throw err;
job-core	Check JSON	2025-04-23T10:57:12.5154932Z     ^
job-core	Check JSON	2025-04-23T10:57:12.5155089Z 
job-core	Check JSON	2025-04-23T10:57:12.5155550Z Error: ENOENT: no such file or directory, open 'core/dashboard/dashboard/sections/seccion2.json'
job-core	Check JSON	2025-04-23T10:57:12.5156112Z     at Object.openSync (fs.js:498:3)
job-core	Check JSON	2025-04-23T10:57:12.5156487Z     at Object.readFileSync (fs.js:394:35)
job-core	Check JSON	2025-04-23T10:57:12.5157081Z     at main (/actions-runner/_work/_tool/node/14.21.3/x64/lib/node_modules/jsonlint/lib/cli.js:135:23)
job-core	Check JSON	2025-04-23T10:57:12.5157962Z     at Object.<anonymous> (/actions-runner/_work/_tool/node/14.21.3/x64/lib/node_modules/jsonlint/lib/cli.js:179:1)
job-core	Check JSON	2025-04-23T10:57:12.5158667Z     at Module._compile (internal/modules/cjs/loader.js:1114:14)
job-core	Check JSON	2025-04-23T10:57:12.5159254Z     at Object.Module._extensions..js (internal/modules/cjs/loader.js:1143:10)
job-core	Check JSON	2025-04-23T10:57:12.5159800Z     at Module.load (internal/modules/cjs/loader.js:979:32)
job-core	Check JSON	2025-04-23T10:57:12.5160313Z     at Function.Module._load (internal/modules/cjs/loader.js:819:12)
job-core	Check JSON	2025-04-23T10:57:12.5160946Z     at Function.executeUserEntryPoint [as runMain] (internal/modules/run_main.js:75:12)
job-core	Check JSON	2025-04-23T10:57:12.5161496Z     at internal/main/run_main_module.js:17:47 {
job-core	Check JSON	2025-04-23T10:57:12.5161857Z   errno: -2,
job-core	Check JSON	2025-04-23T10:57:12.5162408Z   syscall: 'open',
job-core	Check JSON	2025-04-23T10:57:12.5162690Z   code: 'ENOENT',
job-core	Check JSON	2025-04-23T10:57:12.5163073Z   path: 'core/dashboard/dashboard/sections/seccion2.json'
job-core	Check JSON	2025-04-23T10:57:12.5163530Z }
job-core	Check JSON	2025-04-23T10:57:12.5183915Z ##[error]Process completed with exit code 1.
job-core	Post Checkout code	﻿2025-04-23T10:57:12.5243992Z Post job cleanup.
job-core	Post Checkout code	2025-04-23T10:57:12.5906596Z [command]/usr/bin/git version
job-core	Post Checkout code	2025-04-23T10:57:12.5933209Z git version 2.43.0
job-core	Post Checkout code	2025-04-23T10:57:12.5959847Z Copying '/home/kaos/.gitconfig' to '/actions-runner/_work/_temp/68a88a3c-af38-4103-8dbd-6676834a16c9/.gitconfig'
job-core	Post Checkout code	2025-04-23T10:57:12.5975446Z Temporarily overriding HOME='/actions-runner/_work/_temp/68a88a3c-af38-4103-8dbd-6676834a16c9' before making global git config changes
job-core	Post Checkout code	2025-04-23T10:57:12.5976481Z Adding repository directory to the temporary git global config as a safe directory
job-core	Post Checkout code	2025-04-23T10:57:12.5978810Z [command]/usr/bin/git config --global --add safe.directory /actions-runner/_work/ka0s/ka0s
job-core	Post Checkout code	2025-04-23T10:57:12.6015130Z [command]/usr/bin/git config --local --name-only --get-regexp core\.sshCommand
job-core	Post Checkout code	2025-04-23T10:57:12.6040358Z [command]/usr/bin/git submodule foreach --recursive sh -c "git config --local --name-only --get-regexp 'core\.sshCommand' && git config --local --unset-all 'core.sshCommand' || :"
job-core	Post Checkout code	2025-04-23T10:57:12.6277341Z [command]/usr/bin/git config --local --name-only --get-regexp http\.https\:\/\/github\.com\/\.extraheader
job-core	Post Checkout code	2025-04-23T10:57:12.6297919Z http.https://github.com/.extraheader
job-core	Post Checkout code	2025-04-23T10:57:12.6310897Z [command]/usr/bin/git config --local --unset-all http.https://github.com/.extraheader
job-core	Post Checkout code	2025-04-23T10:57:12.6340420Z [command]/usr/bin/git submodule foreach --recursive sh -c "git config --local --name-only --get-regexp 'http\.https\:\/\/github\.com\/\.extraheader' && git config --local --unset-all 'http.https://github.com/.extraheader' || :"
job-core	Complete job	﻿2025-04-23T10:57:12.6636484Z Cleaning up orphan processes
handle_failure	Set up job	﻿2025-04-23T11:15:45.4934378Z Current runner version: '2.323.0'
handle_failure	Set up job	2025-04-23T11:15:45.4938231Z Runner name: 'ka0s-9'
handle_failure	Set up job	2025-04-23T11:15:45.4938768Z Machine name: '26a53205c9ac'
handle_failure	Set up job	2025-04-23T11:15:45.4940230Z ##[group]GITHUB_TOKEN Permissions
handle_failure	Set up job	2025-04-23T11:15:45.4941642Z Actions: write
handle_failure	Set up job	2025-04-23T11:15:45.4941947Z Contents: write
handle_failure	Set up job	2025-04-23T11:15:45.4942282Z Issues: write
handle_failure	Set up job	2025-04-23T11:15:45.4942557Z Metadata: read
handle_failure	Set up job	2025-04-23T11:15:45.4942832Z PullRequests: write
handle_failure	Set up job	2025-04-23T11:15:45.4943250Z ##[endgroup]
handle_failure	Set up job	2025-04-23T11:15:45.4944640Z Secret source: Actions
handle_failure	Set up job	2025-04-23T11:15:45.4945015Z Prepare workflow directory
handle_failure	Set up job	2025-04-23T11:15:45.5332958Z Prepare all required actions
handle_failure	Set up job	2025-04-23T11:15:45.5359571Z Getting action download info
handle_failure	Set up job	2025-04-23T11:15:46.0823952Z Download action repository 'actions/checkout@v4' (SHA:11bd71901bbe5b1630ceea73d27597364c9af683)
handle_failure	Set up job	2025-04-23T11:15:47.0423234Z Complete job name: handle_failure
handle_failure	Checkout code	﻿2025-04-23T11:15:47.0751046Z ##[group]Run actions/checkout@v4
handle_failure	Checkout code	2025-04-23T11:15:47.0751619Z with:
handle_failure	Checkout code	2025-04-23T11:15:47.0751919Z   fetch-depth: 0
handle_failure	Checkout code	2025-04-23T11:15:47.0752496Z   token: ***
handle_failure	Checkout code	2025-04-23T11:15:47.0752806Z   repository: Ka0s-Klaus/ka0s
handle_failure	Checkout code	2025-04-23T11:15:47.0753219Z   ssh-strict: true
handle_failure	Checkout code	2025-04-23T11:15:47.0753839Z   ssh-user: git
handle_failure	Checkout code	2025-04-23T11:15:47.0754204Z   persist-credentials: true
handle_failure	Checkout code	2025-04-23T11:15:47.0754606Z   clean: true
handle_failure	Checkout code	2025-04-23T11:15:47.0754972Z   sparse-checkout-cone-mode: true
handle_failure	Checkout code	2025-04-23T11:15:47.0755373Z   fetch-tags: false
handle_failure	Checkout code	2025-04-23T11:15:47.0755686Z   show-progress: true
handle_failure	Checkout code	2025-04-23T11:15:47.0755997Z   lfs: false
handle_failure	Checkout code	2025-04-23T11:15:47.0756275Z   submodules: false
handle_failure	Checkout code	2025-04-23T11:15:47.0756608Z   set-safe-directory: true
handle_failure	Checkout code	2025-04-23T11:15:47.0757047Z env:
handle_failure	Checkout code	2025-04-23T11:15:47.0757404Z   KAOS_MODULE: [Ka0S] JSONLINT
handle_failure	Checkout code	2025-04-23T11:15:47.0757894Z   GH_TOKEN: ***
handle_failure	Checkout code	2025-04-23T11:15:47.0758234Z   KAOS_JSONLINT_CONFIG: core/config/.jsonlint.json
handle_failure	Checkout code	2025-04-23T11:15:47.0758680Z   KAOS_PATH_RESUME: core/outputs/j/
handle_failure	Checkout code	2025-04-23T11:15:47.0759157Z   KAOS_REPO: /actions-runner/_work/kaos/kaos
handle_failure	Checkout code	2025-04-23T11:15:47.0759568Z   KAOS_STEP_MODULE: 
handle_failure	Checkout code	2025-04-23T11:15:47.0759894Z   KAOS_CODE: 14214626144
handle_failure	Checkout code	2025-04-23T11:15:47.0760223Z   KAOS_REF_BRANCH: main
handle_failure	Checkout code	2025-04-23T11:15:47.0760541Z ##[endgroup]
handle_failure	Checkout code	2025-04-23T11:15:47.1480009Z Syncing repository: Ka0s-Klaus/ka0s
handle_failure	Checkout code	2025-04-23T11:15:47.1481952Z ##[group]Getting Git version info
handle_failure	Checkout code	2025-04-23T11:15:47.1482670Z Working directory is '/actions-runner/_work/ka0s/ka0s'
handle_failure	Checkout code	2025-04-23T11:15:47.1483536Z [command]/usr/bin/git version
handle_failure	Checkout code	2025-04-23T11:15:47.1484005Z git version 2.43.0
handle_failure	Checkout code	2025-04-23T11:15:47.1495104Z ##[endgroup]
handle_failure	Checkout code	2025-04-23T11:15:47.1502681Z Copying '/home/kaos/.gitconfig' to '/actions-runner/_work/_temp/4974c5b3-a050-4bcc-b62e-1e43a696a45b/.gitconfig'
handle_failure	Checkout code	2025-04-23T11:15:47.1513938Z Temporarily overriding HOME='/actions-runner/_work/_temp/4974c5b3-a050-4bcc-b62e-1e43a696a45b' before making global git config changes
handle_failure	Checkout code	2025-04-23T11:15:47.1515265Z Adding repository directory to the temporary git global config as a safe directory
handle_failure	Checkout code	2025-04-23T11:15:47.1516261Z [command]/usr/bin/git config --global --add safe.directory /actions-runner/_work/ka0s/ka0s
handle_failure	Checkout code	2025-04-23T11:15:47.1549472Z [command]/usr/bin/git config --local --get remote.origin.url
handle_failure	Checkout code	2025-04-23T11:15:47.1566445Z https://github.com/Ka0s-Klaus/ka0s
handle_failure	Checkout code	2025-04-23T11:15:47.1582951Z ##[group]Removing previously created refs, to avoid conflicts
handle_failure	Checkout code	2025-04-23T11:15:47.1585818Z [command]/usr/bin/git rev-parse --symbolic-full-name --verify --quiet HEAD
handle_failure	Checkout code	2025-04-23T11:15:47.1604592Z refs/heads/H215-modulo-de-summary
handle_failure	Checkout code	2025-04-23T11:15:47.1614917Z [command]/usr/bin/git checkout --detach
handle_failure	Checkout code	2025-04-23T11:15:47.3165505Z HEAD is now at 3545d54f [Ka0S] VERSION  Upload: CHANGELOG.md, INDEX.md with version 0.0.58
handle_failure	Checkout code	2025-04-23T11:15:47.3203708Z [command]/usr/bin/git branch --delete --force H215-modulo-de-summary
handle_failure	Checkout code	2025-04-23T11:15:47.3236033Z Deleted branch H215-modulo-de-summary (was 3545d54f).
handle_failure	Checkout code	2025-04-23T11:15:47.3289869Z ##[endgroup]
handle_failure	Checkout code	2025-04-23T11:15:47.3290787Z [command]/usr/bin/git submodule status
handle_failure	Checkout code	2025-04-23T11:15:47.3514007Z ##[group]Cleaning the repository
handle_failure	Checkout code	2025-04-23T11:15:47.3517471Z [command]/usr/bin/git clean -ffdx
handle_failure	Checkout code	2025-04-23T11:15:47.3566913Z [command]/usr/bin/git reset --hard HEAD
handle_failure	Checkout code	2025-04-23T11:15:47.3658203Z HEAD is now at 3545d54f [Ka0S] VERSION  Upload: CHANGELOG.md, INDEX.md with version 0.0.58
handle_failure	Checkout code	2025-04-23T11:15:47.3661406Z ##[endgroup]
handle_failure	Checkout code	2025-04-23T11:15:47.3663085Z ##[group]Disabling automatic garbage collection
handle_failure	Checkout code	2025-04-23T11:15:47.3664490Z [command]/usr/bin/git config --local gc.auto 0
handle_failure	Checkout code	2025-04-23T11:15:47.3688653Z ##[endgroup]
handle_failure	Checkout code	2025-04-23T11:15:47.3690077Z ##[group]Setting up auth
handle_failure	Checkout code	2025-04-23T11:15:47.3698921Z [command]/usr/bin/git config --local --name-only --get-regexp core\.sshCommand
handle_failure	Checkout code	2025-04-23T11:15:47.3726706Z [command]/usr/bin/git submodule foreach --recursive sh -c "git config --local --name-only --get-regexp 'core\.sshCommand' && git config --local --unset-all 'core.sshCommand' || :"
handle_failure	Checkout code	2025-04-23T11:15:47.3959880Z [command]/usr/bin/git config --local --name-only --get-regexp http\.https\:\/\/github\.com\/\.extraheader
handle_failure	Checkout code	2025-04-23T11:15:47.3986348Z [command]/usr/bin/git submodule foreach --recursive sh -c "git config --local --name-only --get-regexp 'http\.https\:\/\/github\.com\/\.extraheader' && git config --local --unset-all 'http.https://github.com/.extraheader' || :"
handle_failure	Checkout code	2025-04-23T11:15:47.4208906Z [command]/usr/bin/git config --local http.https://github.com/.extraheader AUTHORIZATION: basic ***
handle_failure	Checkout code	2025-04-23T11:15:47.4245358Z ##[endgroup]
handle_failure	Checkout code	2025-04-23T11:15:47.4246499Z ##[group]Fetching the repository
handle_failure	Checkout code	2025-04-23T11:15:47.4250311Z [command]/usr/bin/git -c protocol.version=2 fetch --prune --no-recurse-submodules origin +refs/heads/*:refs/remotes/origin/* +refs/tags/*:refs/tags/*
handle_failure	Checkout code	2025-04-23T11:15:48.4538797Z From https://github.com/Ka0s-Klaus/ka0s
handle_failure	Checkout code	2025-04-23T11:15:48.4540466Z    3545d54f..be8bef88  H215-modulo-de-summary -> origin/H215-modulo-de-summary
handle_failure	Checkout code	2025-04-23T11:15:48.4542154Z    82ceba0a..cf1bb9d1  main                   -> origin/main
handle_failure	Checkout code	2025-04-23T11:15:48.4579907Z [command]/usr/bin/git branch --list --remote origin/H215-modulo-de-summary
handle_failure	Checkout code	2025-04-23T11:15:48.4607293Z   origin/H215-modulo-de-summary
handle_failure	Checkout code	2025-04-23T11:15:48.4616996Z [command]/usr/bin/git rev-parse refs/remotes/origin/H215-modulo-de-summary
handle_failure	Checkout code	2025-04-23T11:15:48.4631752Z be8bef882b98371a98b61b4341e9114465f4cc96
handle_failure	Checkout code	2025-04-23T11:15:48.4644993Z [command]/usr/bin/git -c protocol.version=2 fetch --no-tags --prune --no-recurse-submodules origin +4a6a832d1122b16fd64dde65270b28aeaed503c2:refs/remotes/origin/H215-modulo-de-summary
handle_failure	Checkout code	2025-04-23T11:15:48.4861160Z From https://github.com/Ka0s-Klaus/ka0s
handle_failure	Checkout code	2025-04-23T11:15:48.4863397Z  + be8bef88...4a6a832d 4a6a832d1122b16fd64dde65270b28aeaed503c2 -> origin/H215-modulo-de-summary  (forced update)
handle_failure	Checkout code	2025-04-23T11:15:48.4881939Z ##[endgroup]
handle_failure	Checkout code	2025-04-23T11:15:48.4883411Z ##[group]Determining the checkout info
handle_failure	Checkout code	2025-04-23T11:15:48.4884787Z ##[endgroup]
handle_failure	Checkout code	2025-04-23T11:15:48.4885600Z [command]/usr/bin/git sparse-checkout disable
handle_failure	Checkout code	2025-04-23T11:15:48.4927096Z [command]/usr/bin/git config --local --unset-all extensions.worktreeConfig
handle_failure	Checkout code	2025-04-23T11:15:48.4954871Z ##[group]Checking out the ref
handle_failure	Checkout code	2025-04-23T11:15:48.4956881Z [command]/usr/bin/git checkout --progress --force -B H215-modulo-de-summary refs/remotes/origin/H215-modulo-de-summary
handle_failure	Checkout code	2025-04-23T11:15:48.5249138Z Previous HEAD position was 3545d54f [Ka0S] VERSION  Upload: CHANGELOG.md, INDEX.md with version 0.0.58
handle_failure	Checkout code	2025-04-23T11:15:48.5254678Z Switched to a new branch 'H215-modulo-de-summary'
handle_failure	Checkout code	2025-04-23T11:15:48.5256567Z branch 'H215-modulo-de-summary' set up to track 'origin/H215-modulo-de-summary'.
handle_failure	Checkout code	2025-04-23T11:15:48.5260949Z ##[endgroup]
handle_failure	Checkout code	2025-04-23T11:15:48.5305807Z [command]/usr/bin/git log -1 --format=%H
handle_failure	Checkout code	2025-04-23T11:15:48.5320909Z 4a6a832d1122b16fd64dde65270b28aeaed503c2
handle_failure	handle-failure-execution	﻿2025-04-23T11:15:48.5522760Z ##[group]Run echo "Error detected in process"
handle_failure	handle-failure-execution	2025-04-23T11:15:48.5523823Z [36;1mecho "Error detected in process"[0m
handle_failure	handle-failure-execution	2025-04-23T11:15:48.5524959Z [36;1mRNNUMBER=$(echo "refs/heads/H215-modulo-de-summary" | grep -o '[0-9]*')[0m
handle_failure	handle-failure-execution	2025-04-23T11:15:48.5527143Z [36;1mgh issue comment $RNNUMBER --body "El proceso no ha finalizado correctamente 14214626144. El resultado está en el fichero core/results/event_data14214626144.log"[0m
handle_failure	handle-failure-execution	2025-04-23T11:15:48.5536466Z shell: /usr/bin/bash -e {0}
handle_failure	handle-failure-execution	2025-04-23T11:15:48.5537144Z env:
handle_failure	handle-failure-execution	2025-04-23T11:15:48.5537675Z   KAOS_MODULE: [Ka0S] JSONLINT
handle_failure	handle-failure-execution	2025-04-23T11:15:48.5538666Z   GH_TOKEN: ***
handle_failure	handle-failure-execution	2025-04-23T11:15:48.5539316Z   KAOS_JSONLINT_CONFIG: core/config/.jsonlint.json
handle_failure	handle-failure-execution	2025-04-23T11:15:48.5540179Z   KAOS_PATH_RESUME: core/outputs/j/
handle_failure	handle-failure-execution	2025-04-23T11:15:48.5540958Z   KAOS_REPO: /actions-runner/_work/kaos/kaos
handle_failure	handle-failure-execution	2025-04-23T11:15:48.5541736Z   KAOS_STEP_MODULE: 
handle_failure	handle-failure-execution	2025-04-23T11:15:48.5542515Z   KAOS_CODE: 14214626144
handle_failure	handle-failure-execution	2025-04-23T11:15:48.5543256Z   KAOS_REF_BRANCH: main
handle_failure	handle-failure-execution	2025-04-23T11:15:48.5543964Z ##[endgroup]
handle_failure	handle-failure-execution	2025-04-23T11:15:48.5586559Z Error detected in process
handle_failure	handle-failure-execution	2025-04-23T11:15:49.6035013Z https://github.com/Ka0s-Klaus/ka0s/issues/215#issuecomment-2823945694
handle_failure	Post Checkout code	﻿2025-04-23T11:15:49.6112884Z Post job cleanup.
handle_failure	Post Checkout code	2025-04-23T11:15:49.6758295Z [command]/usr/bin/git version
handle_failure	Post Checkout code	2025-04-23T11:15:49.6787370Z git version 2.43.0
handle_failure	Post Checkout code	2025-04-23T11:15:49.6809867Z Copying '/home/kaos/.gitconfig' to '/actions-runner/_work/_temp/a54800d6-1322-4811-9c3a-815134df4c29/.gitconfig'
handle_failure	Post Checkout code	2025-04-23T11:15:49.6819373Z Temporarily overriding HOME='/actions-runner/_work/_temp/a54800d6-1322-4811-9c3a-815134df4c29' before making global git config changes
handle_failure	Post Checkout code	2025-04-23T11:15:49.6820174Z Adding repository directory to the temporary git global config as a safe directory
handle_failure	Post Checkout code	2025-04-23T11:15:49.6822080Z [command]/usr/bin/git config --global --add safe.directory /actions-runner/_work/ka0s/ka0s
handle_failure	Post Checkout code	2025-04-23T11:15:49.6850934Z [command]/usr/bin/git config --local --name-only --get-regexp core\.sshCommand
handle_failure	Post Checkout code	2025-04-23T11:15:49.6878727Z [command]/usr/bin/git submodule foreach --recursive sh -c "git config --local --name-only --get-regexp 'core\.sshCommand' && git config --local --unset-all 'core.sshCommand' || :"
handle_failure	Post Checkout code	2025-04-23T11:15:49.7095573Z [command]/usr/bin/git config --local --name-only --get-regexp http\.https\:\/\/github\.com\/\.extraheader
handle_failure	Post Checkout code	2025-04-23T11:15:49.7110692Z http.https://github.com/.extraheader
handle_failure	Post Checkout code	2025-04-23T11:15:49.7122315Z [command]/usr/bin/git config --local --unset-all http.https://github.com/.extraheader
handle_failure	Post Checkout code	2025-04-23T11:15:49.7156451Z [command]/usr/bin/git submodule foreach --recursive sh -c "git config --local --name-only --get-regexp 'http\.https\:\/\/github\.com\/\.extraheader' && git config --local --unset-all 'http.https://github.com/.extraheader' || :"
handle_failure	Complete job	﻿2025-04-23T11:15:49.7476024Z Cleaning up orphan processes
end-workflow	Set up job	﻿2025-04-23T11:21:16.6622334Z Current runner version: '2.323.0'
end-workflow	Set up job	2025-04-23T11:21:16.6638827Z Runner name: 'ka0s-1'
end-workflow	Set up job	2025-04-23T11:21:16.6641003Z Machine name: '419612ea1a87'
end-workflow	Set up job	2025-04-23T11:21:16.6648778Z ##[group]GITHUB_TOKEN Permissions
end-workflow	Set up job	2025-04-23T11:21:16.6654125Z Actions: write
end-workflow	Set up job	2025-04-23T11:21:16.6818737Z Contents: write
end-workflow	Set up job	2025-04-23T11:21:16.6821003Z Issues: write
end-workflow	Set up job	2025-04-23T11:21:16.6822992Z Metadata: read
end-workflow	Set up job	2025-04-23T11:21:16.6824064Z PullRequests: write
end-workflow	Set up job	2025-04-23T11:21:16.6825207Z ##[endgroup]
end-workflow	Set up job	2025-04-23T11:21:16.6831248Z Secret source: Actions
end-workflow	Set up job	2025-04-23T11:21:16.6833100Z Prepare workflow directory
end-workflow	Set up job	2025-04-23T11:21:16.8346648Z Prepare all required actions
end-workflow	Set up job	2025-04-23T11:21:16.8483164Z Getting action download info
end-workflow	Set up job	2025-04-23T11:21:17.9369891Z Download action repository 'actions/checkout@v4' (SHA:11bd71901bbe5b1630ceea73d27597364c9af683)
end-workflow	Set up job	2025-04-23T11:21:32.5496195Z Complete job name: end-workflow
end-workflow	Checkout code	﻿2025-04-23T11:21:32.6395506Z ##[group]Run actions/checkout@v4
end-workflow	Checkout code	2025-04-23T11:21:32.6396824Z with:
end-workflow	Checkout code	2025-04-23T11:21:32.6397247Z   fetch-depth: 0
end-workflow	Checkout code	2025-04-23T11:21:32.6398374Z   token: ***
end-workflow	Checkout code	2025-04-23T11:21:32.6398792Z   repository: Ka0s-Klaus/ka0s
end-workflow	Checkout code	2025-04-23T11:21:32.6399243Z   ssh-strict: true
end-workflow	Checkout code	2025-04-23T11:21:32.6399635Z   ssh-user: git
end-workflow	Checkout code	2025-04-23T11:21:32.6400064Z   persist-credentials: true
end-workflow	Checkout code	2025-04-23T11:21:32.6400578Z   clean: true
end-workflow	Checkout code	2025-04-23T11:21:32.6401048Z   sparse-checkout-cone-mode: true
end-workflow	Checkout code	2025-04-23T11:21:32.6401595Z   fetch-tags: false
end-workflow	Checkout code	2025-04-23T11:21:32.6402435Z   show-progress: true
end-workflow	Checkout code	2025-04-23T11:21:32.6402870Z   lfs: false
end-workflow	Checkout code	2025-04-23T11:21:32.6403291Z   submodules: false
end-workflow	Checkout code	2025-04-23T11:21:32.6403776Z   set-safe-directory: true
end-workflow	Checkout code	2025-04-23T11:21:32.6405424Z env:
end-workflow	Checkout code	2025-04-23T11:21:32.6406435Z   KAOS_MODULE: [Ka0S] JSONLINT
end-workflow	Checkout code	2025-04-23T11:21:32.6407877Z   GH_TOKEN: ***
end-workflow	Checkout code	2025-04-23T11:21:32.6408891Z   KAOS_JSONLINT_CONFIG: core/config/.jsonlint.json
end-workflow	Checkout code	2025-04-23T11:21:32.6410163Z   KAOS_PATH_RESUME: core/outputs/j/
end-workflow	Checkout code	2025-04-23T11:21:32.6411542Z   KAOS_REPO: /actions-runner/_work/kaos/kaos
end-workflow	Checkout code	2025-04-23T11:21:32.6412993Z   KAOS_STEP_MODULE: 
end-workflow	Checkout code	2025-04-23T11:21:32.6413872Z   KAOS_CODE: 14214626144
end-workflow	Checkout code	2025-04-23T11:21:32.6414503Z   KAOS_REF_BRANCH: main
end-workflow	Checkout code	2025-04-23T11:21:32.6414924Z ##[endgroup]
end-workflow	Checkout code	2025-04-23T11:21:32.8658527Z Syncing repository: Ka0s-Klaus/ka0s
end-workflow	Checkout code	2025-04-23T11:21:32.8665695Z ##[group]Getting Git version info
end-workflow	Checkout code	2025-04-23T11:21:32.8666965Z Working directory is '/actions-runner/_work/ka0s/ka0s'
end-workflow	Checkout code	2025-04-23T11:21:32.8669000Z [command]/usr/bin/git version
end-workflow	Checkout code	2025-04-23T11:21:32.8669804Z git version 2.48.1
end-workflow	Checkout code	2025-04-23T11:21:32.8687484Z ##[endgroup]
end-workflow	Checkout code	2025-04-23T11:21:32.8703595Z Copying '/home/kaos/.gitconfig' to '/actions-runner/_work/_temp/6a9bd992-83c5-443e-8076-57c52474e0c1/.gitconfig'
end-workflow	Checkout code	2025-04-23T11:21:32.8737000Z Temporarily overriding HOME='/actions-runner/_work/_temp/6a9bd992-83c5-443e-8076-57c52474e0c1' before making global git config changes
end-workflow	Checkout code	2025-04-23T11:21:32.8748738Z Adding repository directory to the temporary git global config as a safe directory
end-workflow	Checkout code	2025-04-23T11:21:32.8750857Z [command]/usr/bin/git config --global --add safe.directory /actions-runner/_work/ka0s/ka0s
end-workflow	Checkout code	2025-04-23T11:21:32.8825673Z [command]/usr/bin/git config --local --get remote.origin.url
end-workflow	Checkout code	2025-04-23T11:21:32.8859609Z https://github.com/Ka0s-Klaus/ka0s
end-workflow	Checkout code	2025-04-23T11:21:32.8903542Z ##[group]Removing previously created refs, to avoid conflicts
end-workflow	Checkout code	2025-04-23T11:21:32.8916755Z [command]/usr/bin/git rev-parse --symbolic-full-name --verify --quiet HEAD
end-workflow	Checkout code	2025-04-23T11:21:32.8960438Z refs/heads/H215-modulo-de-summary
end-workflow	Checkout code	2025-04-23T11:21:32.8978568Z [command]/usr/bin/git checkout --detach
end-workflow	Checkout code	2025-04-23T11:21:33.0053581Z HEAD is now at 74205654 [Ka0S] Uploading resume execution files to the repository...
end-workflow	Checkout code	2025-04-23T11:21:33.0152996Z [command]/usr/bin/git branch --delete --force H215-modulo-de-summary
end-workflow	Checkout code	2025-04-23T11:21:33.0239929Z Deleted branch H215-modulo-de-summary (was 74205654).
end-workflow	Checkout code	2025-04-23T11:21:33.0369561Z ##[endgroup]
end-workflow	Checkout code	2025-04-23T11:21:33.0393680Z [command]/usr/bin/git submodule status
end-workflow	Checkout code	2025-04-23T11:21:33.0969020Z ##[group]Cleaning the repository
end-workflow	Checkout code	2025-04-23T11:21:33.0977158Z [command]/usr/bin/git clean -ffdx
end-workflow	Checkout code	2025-04-23T11:21:33.1098686Z [command]/usr/bin/git reset --hard HEAD
end-workflow	Checkout code	2025-04-23T11:21:33.1369756Z HEAD is now at 74205654 [Ka0S] Uploading resume execution files to the repository...
end-workflow	Checkout code	2025-04-23T11:21:33.1386055Z ##[endgroup]
end-workflow	Checkout code	2025-04-23T11:21:33.1389596Z ##[group]Disabling automatic garbage collection
end-workflow	Checkout code	2025-04-23T11:21:33.1403980Z [command]/usr/bin/git config --local gc.auto 0
end-workflow	Checkout code	2025-04-23T11:21:33.1468761Z ##[endgroup]
end-workflow	Checkout code	2025-04-23T11:21:33.1473007Z ##[group]Setting up auth
end-workflow	Checkout code	2025-04-23T11:21:33.1484756Z [command]/usr/bin/git config --local --name-only --get-regexp core\.sshCommand
end-workflow	Checkout code	2025-04-23T11:21:33.1541138Z [command]/usr/bin/git submodule foreach --recursive sh -c "git config --local --name-only --get-regexp 'core\.sshCommand' && git config --local --unset-all 'core.sshCommand' || :"
end-workflow	Checkout code	2025-04-23T11:21:33.2006781Z [command]/usr/bin/git config --local --name-only --get-regexp http\.https\:\/\/github\.com\/\.extraheader
end-workflow	Checkout code	2025-04-23T11:21:33.2066705Z [command]/usr/bin/git submodule foreach --recursive sh -c "git config --local --name-only --get-regexp 'http\.https\:\/\/github\.com\/\.extraheader' && git config --local --unset-all 'http.https://github.com/.extraheader' || :"
end-workflow	Checkout code	2025-04-23T11:21:33.2780371Z [command]/usr/bin/git config --local http.https://github.com/.extraheader AUTHORIZATION: basic ***
end-workflow	Checkout code	2025-04-23T11:21:33.2930111Z ##[endgroup]
end-workflow	Checkout code	2025-04-23T11:21:33.2932893Z ##[group]Fetching the repository
end-workflow	Checkout code	2025-04-23T11:21:33.2959245Z [command]/usr/bin/git -c protocol.version=2 fetch --prune --no-recurse-submodules origin +refs/heads/*:refs/remotes/origin/* +refs/tags/*:refs/tags/*
end-workflow	Checkout code	2025-04-23T11:21:35.6176431Z From https://github.com/Ka0s-Klaus/ka0s
end-workflow	Checkout code	2025-04-23T11:21:35.6177548Z    74205654..be8bef88  H215-modulo-de-summary -> origin/H215-modulo-de-summary
end-workflow	Checkout code	2025-04-23T11:21:35.6181372Z    6eca3c67..0de00ed0  main                   -> origin/main
end-workflow	Checkout code	2025-04-23T11:21:35.6304679Z [command]/usr/bin/git branch --list --remote origin/H215-modulo-de-summary
end-workflow	Checkout code	2025-04-23T11:21:35.6363577Z   origin/H215-modulo-de-summary
end-workflow	Checkout code	2025-04-23T11:21:35.6378977Z [command]/usr/bin/git rev-parse refs/remotes/origin/H215-modulo-de-summary
end-workflow	Checkout code	2025-04-23T11:21:35.6424550Z be8bef882b98371a98b61b4341e9114465f4cc96
end-workflow	Checkout code	2025-04-23T11:21:35.6447682Z [command]/usr/bin/git -c protocol.version=2 fetch --no-tags --prune --no-recurse-submodules origin +4a6a832d1122b16fd64dde65270b28aeaed503c2:refs/remotes/origin/H215-modulo-de-summary
end-workflow	Checkout code	2025-04-23T11:21:36.6620156Z From https://github.com/Ka0s-Klaus/ka0s
end-workflow	Checkout code	2025-04-23T11:21:36.6622667Z  + be8bef88...4a6a832d 4a6a832d1122b16fd64dde65270b28aeaed503c2 -> origin/H215-modulo-de-summary  (forced update)
end-workflow	Checkout code	2025-04-23T11:21:36.6726370Z ##[endgroup]
end-workflow	Checkout code	2025-04-23T11:21:36.6728286Z ##[group]Determining the checkout info
end-workflow	Checkout code	2025-04-23T11:21:36.6748809Z ##[endgroup]
end-workflow	Checkout code	2025-04-23T11:21:36.6768481Z [command]/usr/bin/git sparse-checkout disable
end-workflow	Checkout code	2025-04-23T11:21:36.6978788Z [command]/usr/bin/git config --local --unset-all extensions.worktreeConfig
end-workflow	Checkout code	2025-04-23T11:21:36.7074586Z ##[group]Checking out the ref
end-workflow	Checkout code	2025-04-23T11:21:36.7076505Z [command]/usr/bin/git checkout --progress --force -B H215-modulo-de-summary refs/remotes/origin/H215-modulo-de-summary
end-workflow	Checkout code	2025-04-23T11:21:36.8672920Z Previous HEAD position was 74205654 [Ka0S] Uploading resume execution files to the repository...
end-workflow	Checkout code	2025-04-23T11:21:36.8705671Z Switched to a new branch 'H215-modulo-de-summary'
end-workflow	Checkout code	2025-04-23T11:21:36.8716530Z branch 'H215-modulo-de-summary' set up to track 'origin/H215-modulo-de-summary'.
end-workflow	Checkout code	2025-04-23T11:21:36.8759332Z ##[endgroup]
end-workflow	Checkout code	2025-04-23T11:21:36.8882891Z [command]/usr/bin/git log -1 --format=%H
end-workflow	Checkout code	2025-04-23T11:21:36.8968892Z 4a6a832d1122b16fd64dde65270b28aeaed503c2
end-workflow	Finaliza el workflow	﻿2025-04-23T11:21:36.9876384Z ##[group]Run echo "End process"
end-workflow	Finaliza el workflow	2025-04-23T11:21:36.9877450Z [36;1mecho "End process"[0m
end-workflow	Finaliza el workflow	2025-04-23T11:21:36.9878757Z [36;1mRNNUMBER=$(echo "refs/heads/H215-modulo-de-summary" | grep -o '[0-9]*')[0m
end-workflow	Finaliza el workflow	2025-04-23T11:21:36.9880301Z [36;1mgh issue comment $RNNUMBER --body "Se finaliza Ka0s 14214626144"[0m
end-workflow	Finaliza el workflow	2025-04-23T11:21:36.9882292Z [36;1mgh workflow run inspector.yml --ref 'main' -f kaos-issue-id=$RNNUMBER -f kaos-workflow-id="14214626144" -f kaos-user-start=""[0m
end-workflow	Finaliza el workflow	2025-04-23T11:21:36.9908690Z shell: /usr/bin/bash -e {0}
end-workflow	Finaliza el workflow	2025-04-23T11:21:36.9909566Z env:
end-workflow	Finaliza el workflow	2025-04-23T11:21:36.9910273Z   KAOS_MODULE: [Ka0S] JSONLINT
end-workflow	Finaliza el workflow	2025-04-23T11:21:36.9911549Z   GH_TOKEN: ***
end-workflow	Finaliza el workflow	2025-04-23T11:21:36.9912492Z   KAOS_JSONLINT_CONFIG: core/config/.jsonlint.json
end-workflow	Finaliza el workflow	2025-04-23T11:21:36.9915914Z   KAOS_PATH_RESUME: core/outputs/j/
end-workflow	Finaliza el workflow	2025-04-23T11:21:36.9916862Z   KAOS_REPO: /actions-runner/_work/kaos/kaos
end-workflow	Finaliza el workflow	2025-04-23T11:21:36.9917829Z   KAOS_STEP_MODULE: 
end-workflow	Finaliza el workflow	2025-04-23T11:21:36.9918585Z   KAOS_CODE: 14214626144
end-workflow	Finaliza el workflow	2025-04-23T11:21:36.9919333Z   KAOS_REF_BRANCH: main
end-workflow	Finaliza el workflow	2025-04-23T11:21:36.9920254Z ##[endgroup]
end-workflow	Finaliza el workflow	2025-04-23T11:21:37.0043920Z End process
end-workflow	Finaliza el workflow	2025-04-23T11:21:38.7039989Z https://github.com/Ka0s-Klaus/ka0s/issues/215#issuecomment-2823958916
end-workflow	Post Checkout code	﻿2025-04-23T11:21:39.9306066Z Post job cleanup.
end-workflow	Post Checkout code	2025-04-23T11:21:40.1206682Z [command]/usr/bin/git version
end-workflow	Post Checkout code	2025-04-23T11:21:40.1307320Z git version 2.48.1
end-workflow	Post Checkout code	2025-04-23T11:21:40.1436018Z Copying '/home/kaos/.gitconfig' to '/actions-runner/_work/_temp/4e8a270e-529b-4ade-a366-4d6656b38d59/.gitconfig'
end-workflow	Post Checkout code	2025-04-23T11:21:40.1478973Z Temporarily overriding HOME='/actions-runner/_work/_temp/4e8a270e-529b-4ade-a366-4d6656b38d59' before making global git config changes
end-workflow	Post Checkout code	2025-04-23T11:21:40.1487531Z Adding repository directory to the temporary git global config as a safe directory
end-workflow	Post Checkout code	2025-04-23T11:21:40.1510943Z [command]/usr/bin/git config --global --add safe.directory /actions-runner/_work/ka0s/ka0s
end-workflow	Post Checkout code	2025-04-23T11:21:40.1621477Z [command]/usr/bin/git config --local --name-only --get-regexp core\.sshCommand
end-workflow	Post Checkout code	2025-04-23T11:21:40.1723159Z [command]/usr/bin/git submodule foreach --recursive sh -c "git config --local --name-only --get-regexp 'core\.sshCommand' && git config --local --unset-all 'core.sshCommand' || :"
end-workflow	Post Checkout code	2025-04-23T11:21:40.2265285Z [command]/usr/bin/git config --local --name-only --get-regexp http\.https\:\/\/github\.com\/\.extraheader
end-workflow	Post Checkout code	2025-04-23T11:21:40.2306584Z http.https://github.com/.extraheader
end-workflow	Post Checkout code	2025-04-23T11:21:40.2322630Z [command]/usr/bin/git config --local --unset-all http.https://github.com/.extraheader
end-workflow	Post Checkout code	2025-04-23T11:21:40.2404752Z [command]/usr/bin/git submodule foreach --recursive sh -c "git config --local --name-only --get-regexp 'http\.https\:\/\/github\.com\/\.extraheader' && git config --local --unset-all 'http.https://github.com/.extraheader' || :"
end-workflow	Complete job	﻿2025-04-23T11:21:40.3527053Z Cleaning up orphan processes
