job-core	Set up job	ï»¿2025-04-23T10:51:55.2818754Z Current runner version: '2.323.0'
job-core	Set up job	2025-04-23T10:51:55.2822873Z Runner name: 'ka0s-9'
job-core	Set up job	2025-04-23T10:51:55.2823494Z Machine name: '26a53205c9ac'
job-core	Set up job	2025-04-23T10:51:55.2825082Z ##[group]GITHUB_TOKEN Permissions
job-core	Set up job	2025-04-23T10:51:55.2826471Z Actions: write
job-core	Set up job	2025-04-23T10:51:55.2826769Z Contents: write
job-core	Set up job	2025-04-23T10:51:55.2827057Z Issues: write
job-core	Set up job	2025-04-23T10:51:55.2827340Z Metadata: read
job-core	Set up job	2025-04-23T10:51:55.2827614Z PullRequests: write
job-core	Set up job	2025-04-23T10:51:55.2827892Z ##[endgroup]
job-core	Set up job	2025-04-23T10:51:55.2829246Z Secret source: Actions
job-core	Set up job	2025-04-23T10:51:55.2829618Z Prepare workflow directory
job-core	Set up job	2025-04-23T10:51:55.3238528Z Prepare all required actions
job-core	Set up job	2025-04-23T10:51:55.3269016Z Getting action download info
job-core	Set up job	2025-04-23T10:51:55.7876644Z Download action repository 'actions/checkout@v4' (SHA:11bd71901bbe5b1630ceea73d27597364c9af683)
job-core	Set up job	2025-04-23T10:51:56.5755657Z Download action repository 'actions/setup-node@v2' (SHA:7c12f8017d5436eb855f1ed4399f037a36fbd9e8)
job-core	Set up job	2025-04-23T10:51:57.3401359Z Complete job name: job-core
job-core	Checkout code	ï»¿2025-04-23T10:51:57.3769227Z ##[group]Run actions/checkout@v4
job-core	Checkout code	2025-04-23T10:51:57.3770087Z with:
job-core	Checkout code	2025-04-23T10:51:57.3770568Z   fetch-depth: 0
job-core	Checkout code	2025-04-23T10:51:57.3771423Z   token: ***
job-core	Checkout code	2025-04-23T10:51:57.3771956Z   repository: Ka0s-Klaus/ka0s
job-core	Checkout code	2025-04-23T10:51:57.3772639Z   ssh-strict: true
job-core	Checkout code	2025-04-23T10:51:57.3773151Z   ssh-user: git
job-core	Checkout code	2025-04-23T10:51:57.3773688Z   persist-credentials: true
job-core	Checkout code	2025-04-23T10:51:57.3774287Z   clean: true
job-core	Checkout code	2025-04-23T10:51:57.3774819Z   sparse-checkout-cone-mode: true
job-core	Checkout code	2025-04-23T10:51:57.3775475Z   fetch-tags: false
job-core	Checkout code	2025-04-23T10:51:57.3776001Z   show-progress: true
job-core	Checkout code	2025-04-23T10:51:57.3776543Z   lfs: false
job-core	Checkout code	2025-04-23T10:51:57.3777045Z   submodules: false
job-core	Checkout code	2025-04-23T10:51:57.3777585Z   set-safe-directory: true
job-core	Checkout code	2025-04-23T10:51:57.3778259Z env:
job-core	Checkout code	2025-04-23T10:51:57.3778732Z   KAOS_MODULE: [Ka0S] JSONLINT
job-core	Checkout code	2025-04-23T10:51:57.3779522Z   GH_TOKEN: ***
job-core	Checkout code	2025-04-23T10:51:57.3780266Z   KAOS_JSONLINT_CONFIG: core/config/.jsonlint.json
job-core	Checkout code	2025-04-23T10:51:57.3781064Z   KAOS_PATH_RESUME: core/outputs/j/
job-core	Checkout code	2025-04-23T10:51:57.3781834Z   KAOS_REPO: /actions-runner/_work/kaos/kaos
job-core	Checkout code	2025-04-23T10:51:57.3782579Z   KAOS_STEP_MODULE: 
job-core	Checkout code	2025-04-23T10:51:57.3783195Z   KAOS_CODE: 14214502320
job-core	Checkout code	2025-04-23T10:51:57.3783937Z   KAOS_REF_BRANCH: main
job-core	Checkout code	2025-04-23T10:51:57.3784629Z ##[endgroup]
job-core	Checkout code	2025-04-23T10:51:57.4510935Z Syncing repository: Ka0s-Klaus/ka0s
job-core	Checkout code	2025-04-23T10:51:57.4513020Z ##[group]Getting Git version info
job-core	Checkout code	2025-04-23T10:51:57.4513907Z Working directory is '/actions-runner/_work/ka0s/ka0s'
job-core	Checkout code	2025-04-23T10:51:57.4515146Z [command]/usr/bin/git version
job-core	Checkout code	2025-04-23T10:51:57.4515853Z git version 2.43.0
job-core	Checkout code	2025-04-23T10:51:57.4518111Z ##[endgroup]
job-core	Checkout code	2025-04-23T10:51:57.4523320Z Copying '/home/kaos/.gitconfig' to '/actions-runner/_work/_temp/198f9f71-6a32-470e-9514-d19102e4e100/.gitconfig'
job-core	Checkout code	2025-04-23T10:51:57.4525903Z Temporarily overriding HOME='/actions-runner/_work/_temp/198f9f71-6a32-470e-9514-d19102e4e100' before making global git config changes
job-core	Checkout code	2025-04-23T10:51:57.4528070Z Adding repository directory to the temporary git global config as a safe directory
job-core	Checkout code	2025-04-23T10:51:57.4529872Z [command]/usr/bin/git config --global --add safe.directory /actions-runner/_work/ka0s/ka0s
job-core	Checkout code	2025-04-23T10:51:57.4560531Z [command]/usr/bin/git config --local --get remote.origin.url
job-core	Checkout code	2025-04-23T10:51:57.4585102Z https://github.com/Ka0s-Klaus/ka0s
job-core	Checkout code	2025-04-23T10:51:57.4603594Z ##[group]Removing previously created refs, to avoid conflicts
job-core	Checkout code	2025-04-23T10:51:57.4606839Z [command]/usr/bin/git rev-parse --symbolic-full-name --verify --quiet HEAD
job-core	Checkout code	2025-04-23T10:51:57.4625421Z refs/heads/H220-web-de-resultados
job-core	Checkout code	2025-04-23T10:51:57.4629961Z [command]/usr/bin/git checkout --detach
job-core	Checkout code	2025-04-23T10:51:57.4915861Z HEAD is now at 0c8c2c4f [Ka0S] Uploading resume execution files to the repository...
job-core	Checkout code	2025-04-23T10:51:57.4957307Z [command]/usr/bin/git branch --delete --force H220-web-de-resultados
job-core	Checkout code	2025-04-23T10:51:57.4987834Z Deleted branch H220-web-de-resultados (was 0c8c2c4f).
job-core	Checkout code	2025-04-23T10:51:57.5031220Z ##[endgroup]
job-core	Checkout code	2025-04-23T10:51:57.5032041Z [command]/usr/bin/git submodule status
job-core	Checkout code	2025-04-23T10:51:57.5248256Z ##[group]Cleaning the repository
job-core	Checkout code	2025-04-23T10:51:57.5249675Z [command]/usr/bin/git clean -ffdx
job-core	Checkout code	2025-04-23T10:51:57.5291369Z Removing core/outputs/j/jsonlint-results-14350742904.txt
job-core	Checkout code	2025-04-23T10:51:57.5300736Z [command]/usr/bin/git reset --hard HEAD
job-core	Checkout code	2025-04-23T10:51:57.5397705Z HEAD is now at 0c8c2c4f [Ka0S] Uploading resume execution files to the repository...
job-core	Checkout code	2025-04-23T10:51:57.5401533Z ##[endgroup]
job-core	Checkout code	2025-04-23T10:51:57.5404205Z ##[group]Disabling automatic garbage collection
job-core	Checkout code	2025-04-23T10:51:57.5405751Z [command]/usr/bin/git config --local gc.auto 0
job-core	Checkout code	2025-04-23T10:51:57.5430510Z ##[endgroup]
job-core	Checkout code	2025-04-23T10:51:57.5432149Z ##[group]Setting up auth
job-core	Checkout code	2025-04-23T10:51:57.5436824Z [command]/usr/bin/git config --local --name-only --get-regexp core\.sshCommand
job-core	Checkout code	2025-04-23T10:51:57.5470598Z [command]/usr/bin/git submodule foreach --recursive sh -c "git config --local --name-only --get-regexp 'core\.sshCommand' && git config --local --unset-all 'core.sshCommand' || :"
job-core	Checkout code	2025-04-23T10:51:57.5696602Z [command]/usr/bin/git config --local --name-only --get-regexp http\.https\:\/\/github\.com\/\.extraheader
job-core	Checkout code	2025-04-23T10:51:57.5726857Z [command]/usr/bin/git submodule foreach --recursive sh -c "git config --local --name-only --get-regexp 'http\.https\:\/\/github\.com\/\.extraheader' && git config --local --unset-all 'http.https://github.com/.extraheader' || :"
job-core	Checkout code	2025-04-23T10:51:57.5951243Z [command]/usr/bin/git config --local http.https://github.com/.extraheader AUTHORIZATION: basic ***
job-core	Checkout code	2025-04-23T10:51:57.5984925Z ##[endgroup]
job-core	Checkout code	2025-04-23T10:51:57.5986454Z ##[group]Fetching the repository
job-core	Checkout code	2025-04-23T10:51:57.5990356Z [command]/usr/bin/git -c protocol.version=2 fetch --prune --no-recurse-submodules origin +refs/heads/*:refs/remotes/origin/* +refs/tags/*:refs/tags/*
job-core	Checkout code	2025-04-23T10:51:58.0727398Z From https://github.com/Ka0s-Klaus/ka0s
job-core	Checkout code	2025-04-23T10:51:58.0727963Z    0c8c2c4f..4c43f424  H220-web-de-resultados -> origin/H220-web-de-resultados
job-core	Checkout code	2025-04-23T10:51:58.0797792Z [command]/usr/bin/git branch --list --remote origin/H220-web-de-resultados
job-core	Checkout code	2025-04-23T10:51:58.0815044Z   origin/H220-web-de-resultados
job-core	Checkout code	2025-04-23T10:51:58.0819455Z [command]/usr/bin/git rev-parse refs/remotes/origin/H220-web-de-resultados
job-core	Checkout code	2025-04-23T10:51:58.0835829Z 4c43f424dfeee64847046f241f62417f4ebdae6b
job-core	Checkout code	2025-04-23T10:51:58.0846096Z [command]/usr/bin/git -c protocol.version=2 fetch --no-tags --prune --no-recurse-submodules origin +512fe4f9dbe0cb6e520007d473f2f352c77438b6:refs/remotes/origin/H220-web-de-resultados
job-core	Checkout code	2025-04-23T10:51:58.1175037Z From https://github.com/Ka0s-Klaus/ka0s
job-core	Checkout code	2025-04-23T10:51:58.1175768Z  + 4c43f424...512fe4f9 512fe4f9dbe0cb6e520007d473f2f352c77438b6 -> origin/H220-web-de-resultados  (forced update)
job-core	Checkout code	2025-04-23T10:51:58.1195548Z ##[endgroup]
job-core	Checkout code	2025-04-23T10:51:58.1196059Z ##[group]Determining the checkout info
job-core	Checkout code	2025-04-23T10:51:58.1196519Z ##[endgroup]
job-core	Checkout code	2025-04-23T10:51:58.1200140Z [command]/usr/bin/git sparse-checkout disable
job-core	Checkout code	2025-04-23T10:51:58.1245571Z [command]/usr/bin/git config --local --unset-all extensions.worktreeConfig
job-core	Checkout code	2025-04-23T10:51:58.1265694Z ##[group]Checking out the ref
job-core	Checkout code	2025-04-23T10:51:58.1267818Z [command]/usr/bin/git checkout --progress --force -B H220-web-de-resultados refs/remotes/origin/H220-web-de-resultados
job-core	Checkout code	2025-04-23T10:51:58.1684025Z Previous HEAD position was 0c8c2c4f [Ka0S] Uploading resume execution files to the repository...
job-core	Checkout code	2025-04-23T10:51:58.1690897Z Switched to a new branch 'H220-web-de-resultados'
job-core	Checkout code	2025-04-23T10:51:58.1691481Z branch 'H220-web-de-resultados' set up to track 'origin/H220-web-de-resultados'.
job-core	Checkout code	2025-04-23T10:51:58.1693060Z ##[endgroup]
job-core	Checkout code	2025-04-23T10:51:58.1727127Z [command]/usr/bin/git log -1 --format=%H
job-core	Checkout code	2025-04-23T10:51:58.1751589Z 512fe4f9dbe0cb6e520007d473f2f352c77438b6
job-core	Install Node.js	ï»¿2025-04-23T10:51:58.1928320Z ##[group]Run actions/setup-node@v2
job-core	Install Node.js	2025-04-23T10:51:58.1928523Z with:
job-core	Install Node.js	2025-04-23T10:51:58.1928650Z   node-version: 14
job-core	Install Node.js	2025-04-23T10:51:58.1928786Z   always-auth: false
job-core	Install Node.js	2025-04-23T10:51:58.1928916Z   check-latest: false
job-core	Install Node.js	2025-04-23T10:51:58.1929135Z   token: ***
job-core	Install Node.js	2025-04-23T10:51:58.1929359Z env:
job-core	Install Node.js	2025-04-23T10:51:58.1929483Z   KAOS_MODULE: [Ka0S] JSONLINT
job-core	Install Node.js	2025-04-23T10:51:58.1929671Z   GH_TOKEN: ***
job-core	Install Node.js	2025-04-23T10:51:58.1929823Z   KAOS_JSONLINT_CONFIG: core/config/.jsonlint.json
job-core	Install Node.js	2025-04-23T10:51:58.1930014Z   KAOS_PATH_RESUME: core/outputs/j/
job-core	Install Node.js	2025-04-23T10:51:58.1930188Z   KAOS_REPO: /actions-runner/_work/kaos/kaos
job-core	Install Node.js	2025-04-23T10:51:58.1930358Z   KAOS_STEP_MODULE: 
job-core	Install Node.js	2025-04-23T10:51:58.1930490Z   KAOS_CODE: 14214502320
job-core	Install Node.js	2025-04-23T10:51:58.1930631Z   KAOS_REF_BRANCH: main
job-core	Install Node.js	2025-04-23T10:51:58.1930761Z ##[endgroup]
job-core	Install Node.js	2025-04-23T10:51:58.2885113Z Found in cache @ /actions-runner/_work/_tool/node/14.21.3/x64
job-core	Install jsonlint	ï»¿2025-04-23T10:51:58.2989134Z ##[group]Run if ! command -v jsonlint &> /dev/null; then
job-core	Install jsonlint	2025-04-23T10:51:58.2989664Z [36;1mif ! command -v jsonlint &> /dev/null; then[0m
job-core	Install jsonlint	2025-04-23T10:51:58.2990013Z [36;1m  echo "Installing jsonlint..."[0m
job-core	Install jsonlint	2025-04-23T10:51:58.2990326Z [36;1m  npm install -g jsonlint[0m
job-core	Install jsonlint	2025-04-23T10:51:58.2990600Z [36;1melse[0m
job-core	Install jsonlint	2025-04-23T10:51:58.2990904Z [36;1m  echo "jsonlint already installed, skipping installation"[0m
job-core	Install jsonlint	2025-04-23T10:51:58.2991293Z [36;1mfi[0m
job-core	Install jsonlint	2025-04-23T10:51:58.2991526Z [36;1mmkdir -p core/outputs/j/[0m
job-core	Install jsonlint	2025-04-23T10:51:58.3001117Z shell: /usr/bin/bash -e {0}
job-core	Install jsonlint	2025-04-23T10:51:58.3001348Z env:
job-core	Install jsonlint	2025-04-23T10:51:58.3001497Z   KAOS_MODULE: [Ka0S] JSONLINT
job-core	Install jsonlint	2025-04-23T10:51:58.3001961Z   GH_TOKEN: ***
job-core	Install jsonlint	2025-04-23T10:51:58.3002211Z   KAOS_JSONLINT_CONFIG: core/config/.jsonlint.json
job-core	Install jsonlint	2025-04-23T10:51:58.3002436Z   KAOS_PATH_RESUME: core/outputs/j/
job-core	Install jsonlint	2025-04-23T10:51:58.3002652Z   KAOS_REPO: /actions-runner/_work/kaos/kaos
job-core	Install jsonlint	2025-04-23T10:51:58.3002856Z   KAOS_STEP_MODULE: 
job-core	Install jsonlint	2025-04-23T10:51:58.3003054Z   KAOS_CODE: 14214502320
job-core	Install jsonlint	2025-04-23T10:51:58.3003218Z   KAOS_REF_BRANCH: main
job-core	Install jsonlint	2025-04-23T10:51:58.3003402Z ##[endgroup]
job-core	Install jsonlint	2025-04-23T10:51:58.3044673Z jsonlint already installed, skipping installation
job-core	Check JSON	ï»¿2025-04-23T10:51:58.3079755Z ##[group]Run # Invocamos la primera comprobaciÃ³n de base, sino se supera el proceso no continua
job-core	Check JSON	2025-04-23T10:51:58.3080292Z [36;1m# Invocamos la primera comprobaciÃ³n de base, sino se supera el proceso no continua[0m
job-core	Check JSON	2025-04-23T10:51:58.3080620Z [36;1m# Extraemos el nombre del fichero[0m
job-core	Check JSON	2025-04-23T10:51:58.3080910Z [36;1mfile_name=$(basename "core/dashboard/dashboard/sections/navbar.json")[0m
job-core	Check JSON	2025-04-23T10:51:58.3081178Z [36;1m# Generamos el fichero de resultados vacio[0m
job-core	Check JSON	2025-04-23T10:51:58.3081479Z [36;1mtouch core/outputs/j/jsonlint-results-14214502320.txt[0m
job-core	Check JSON	2025-04-23T10:51:58.3081748Z [36;1m# Realizamos el check del documento json [0m
job-core	Check JSON	2025-04-23T10:51:58.3082336Z [36;1mjsonlint core/dashboard/dashboard/sections/navbar.json > core/outputs/j/jsonlint-results-14214502320.txt[0m
job-core	Check JSON	2025-04-23T10:51:58.3082769Z [36;1m# esto es un workarround importante que hay que retirar[0m
job-core	Check JSON	2025-04-23T10:51:58.3083087Z [36;1m#rm -rf core/outputs/j/jsonlint-results-14214502320.txt[0m
job-core	Check JSON	2025-04-23T10:51:58.3083365Z [36;1m# a retirar[0m
job-core	Check JSON	2025-04-23T10:51:58.3083584Z [36;1m# Check if exist errors in file[0m
job-core	Check JSON	2025-04-23T10:51:58.3083757Z [36;1mecho "Mostramos fichero"[0m
job-core	Check JSON	2025-04-23T10:51:58.3083964Z [36;1mcat core/outputs/j/jsonlint-results-14214502320.txt[0m
job-core	Check JSON	2025-04-23T10:51:58.3084217Z [36;1mif [ ! -s core/outputs/j/jsonlint-results-14214502320.txt ]; then[0m
job-core	Check JSON	2025-04-23T10:51:58.3084554Z [36;1m  echo "File core/outputs/j/jsonlint-results-14214502320.txt is empty and is content correct"[0m
job-core	Check JSON	2025-04-23T10:51:58.3085199Z [36;1m  KAOS_ISSUE_BODY="The [Ka0S] JSONLINT process (14214468485) launch the check (14214502320) over file (core/dashboard/dashboard/sections/navbar.json) and its result has been SUCCESS. Please review all files implicated in pull request and approve to merge"[0m
job-core	Check JSON	2025-04-23T10:51:58.3085839Z [36;1m  # AÃ±adimos la versiÃ³n de jsonlint con la que se realiza la comprobacion[0m
job-core	Check JSON	2025-04-23T10:51:58.3086156Z [36;1m  jsonlint --version >> core/outputs/j/jsonlint-results-14214502320.txt[0m
job-core	Check JSON	2025-04-23T10:51:58.3086453Z [36;1m  # aÃ±adimos el nombre del fichero que vamos a comprobar[0m
job-core	Check JSON	2025-04-23T10:51:58.3086835Z [36;1m  echo "Finding: core/dashboard/dashboard/sections/navbar.json" >> core/outputs/j/jsonlint-results-14214502320.txt[0m
job-core	Check JSON	2025-04-23T10:51:58.3087477Z [36;1m  # gh workflow run issue.yaml --ref main -f kaos-issue-title="" -f kaos-issue-body="$KAOS_ISSUE_BODY" -f kaos-issue-actions=comment -f kaos-issue-tag="" -f kaos-issue-id=220[0m
job-core	Check JSON	2025-04-23T10:51:58.3087923Z [36;1m  gh issue comment  220 -F core/outputs/j/jsonlint-results-14214502320.txt[0m
job-core	Check JSON	2025-04-23T10:51:58.3088143Z [36;1melse[0m
job-core	Check JSON	2025-04-23T10:51:58.3088317Z [36;1m  cat core/outputs/j/jsonlint-results-14214502320.txt[0m
job-core	Check JSON	2025-04-23T10:51:58.3088677Z [36;1m  echo "File core/outputs/j/jsonlint-results-14214502320.txt is not empty and is content not correct and write commit info"[0m
job-core	Check JSON	2025-04-23T10:51:58.3089279Z [36;1m  KAOS_ISSUE_BODY="The [Ka0S] JSONLINT process (14214468485) launch the check (14214502320) over file (core/dashboard/dashboard/sections/navbar.json) and its result has been FAILED, please check and solved it"[0m
job-core	Check JSON	2025-04-23T10:51:58.3089851Z [36;1m  # AÃ±adimos la versiÃ³n de jsonlint con la que se realiza la comprobacion[0m
job-core	Check JSON	2025-04-23T10:51:58.3090175Z [36;1m  # jsonlint --version || true >> core/outputs/j/jsonlint-results-14214502320.txt[0m
job-core	Check JSON	2025-04-23T10:51:58.3090585Z [36;1m  # aÃ±adimos el nombre del fichero que vamos a comprobar[0m
job-core	Check JSON	2025-04-23T10:51:58.3090967Z [36;1m  echo "Finding: core/dashboard/dashboard/sections/navbar.json" >> core/outputs/j/jsonlint-results-14214502320.txt[0m
job-core	Check JSON	2025-04-23T10:51:58.3091550Z [36;1m  # gh workflow run issue.yaml --ref main -f kaos-issue-title="" -f kaos-issue-body="$KAOS_ISSUE_BODY" -f kaos-issue-actions=comment -f kaos-issue-tag="" -f kaos-issue-id=220 [0m
job-core	Check JSON	2025-04-23T10:51:58.3092184Z [36;1m  gh issue comment  220 -F core/outputs/j/jsonlint-results-14214502320.txt[0m
job-core	Check JSON	2025-04-23T10:51:58.3092561Z [36;1mfi[0m
job-core	Check JSON	2025-04-23T10:51:58.3097056Z shell: /usr/bin/bash -e {0}
job-core	Check JSON	2025-04-23T10:51:58.3097372Z env:
job-core	Check JSON	2025-04-23T10:51:58.3097609Z   KAOS_MODULE: [Ka0S] JSONLINT
job-core	Check JSON	2025-04-23T10:51:58.3098011Z   GH_TOKEN: ***
job-core	Check JSON	2025-04-23T10:51:58.3098219Z   KAOS_JSONLINT_CONFIG: core/config/.jsonlint.json
job-core	Check JSON	2025-04-23T10:51:58.3109950Z   KAOS_PATH_RESUME: core/outputs/j/
job-core	Check JSON	2025-04-23T10:51:58.3110153Z   KAOS_REPO: /actions-runner/_work/kaos/kaos
job-core	Check JSON	2025-04-23T10:51:58.3110335Z   KAOS_STEP_MODULE: 
job-core	Check JSON	2025-04-23T10:51:58.3110472Z   KAOS_CODE: 14214502320
job-core	Check JSON	2025-04-23T10:51:58.3110607Z   KAOS_REF_BRANCH: main
job-core	Check JSON	2025-04-23T10:51:58.3110742Z ##[endgroup]
job-core	Check JSON	2025-04-23T10:51:58.3807188Z Mostramos fichero
job-core	Check JSON	2025-04-23T10:51:58.3815076Z {
job-core	Check JSON	2025-04-23T10:51:58.3815720Z   "title": "Ka0s Dashboard",
job-core	Check JSON	2025-04-23T10:51:58.3816166Z   "logo": "images/kaos-summary.png",
job-core	Check JSON	2025-04-23T10:51:58.3816474Z   "links": [
job-core	Check JSON	2025-04-23T10:51:58.3816695Z     {
job-core	Check JSON	2025-04-23T10:51:58.3816924Z       "text": "Inicio",
job-core	Check JSON	2025-04-23T10:51:58.3817173Z       "url": "#",
job-core	Check JSON	2025-04-23T10:51:58.3817412Z       "icon": "fa-home"
job-core	Check JSON	2025-04-23T10:51:58.3817651Z     },
job-core	Check JSON	2025-04-23T10:51:58.3817893Z     {
job-core	Check JSON	2025-04-23T10:51:58.3818121Z       "text": "Lead Time",
job-core	Check JSON	2025-04-23T10:51:58.3818426Z       "url": "#",
job-core	Check JSON	2025-04-23T10:51:58.3818691Z       "icon": "fa-chart-line"
job-core	Check JSON	2025-04-23T10:51:58.3818947Z     },
job-core	Check JSON	2025-04-23T10:51:58.3819149Z     {
job-core	Check JSON	2025-04-23T10:51:58.3819424Z       "text": "Actions Performance",
job-core	Check JSON	2025-04-23T10:51:58.3819716Z       "url": "#",
job-core	Check JSON	2025-04-23T10:51:58.3819953Z       "icon": "fa-cog"
job-core	Check JSON	2025-04-23T10:51:58.3820188Z     },
job-core	Check JSON	2025-04-23T10:51:58.3820382Z     {
job-core	Check JSON	2025-04-23T10:51:58.3820608Z       "text": "Backlogs",
job-core	Check JSON	2025-04-23T10:51:58.3820868Z       "url": "#",
job-core	Check JSON	2025-04-23T10:51:58.3821105Z       "icon": "fa-tasks"
job-core	Check JSON	2025-04-23T10:51:58.3821352Z     },
job-core	Check JSON	2025-04-23T10:51:58.3821558Z     {
job-core	Check JSON	2025-04-23T10:51:58.3821818Z       "text": "Handler Failure",
job-core	Check JSON	2025-04-23T10:51:58.3822224Z       "url": "#",
job-core	Check JSON	2025-04-23T10:51:58.3822573Z       "icon": "fa-exclamation-triangle"
job-core	Check JSON	2025-04-23T10:51:58.3822862Z     },
job-core	Check JSON	2025-04-23T10:51:58.3823092Z     {
job-core	Check JSON	2025-04-23T10:51:58.3823354Z       "text": "Handler Success",
job-core	Check JSON	2025-04-23T10:51:58.3823678Z       "url": "#",
job-core	Check JSON	2025-04-23T10:51:58.3824063Z       "icon": "fa-check-circle"
job-core	Check JSON	2025-04-23T10:51:58.3824688Z     },
job-core	Check JSON	2025-04-23T10:51:58.3824901Z     {
job-core	Check JSON	2025-04-23T10:51:58.3825123Z       "text": "End Workflow",
job-core	Check JSON	2025-04-23T10:51:58.3825414Z       "url": "#",
job-core	Check JSON	2025-04-23T10:51:58.3825718Z       "icon": "fa-flag-checkered"
job-core	Check JSON	2025-04-23T10:51:58.3825991Z     }
job-core	Check JSON	2025-04-23T10:51:58.3826194Z   ]
job-core	Check JSON	2025-04-23T10:51:58.3826435Z }
job-core	Check JSON	2025-04-23T10:51:58.3826710Z {
job-core	Check JSON	2025-04-23T10:51:58.3826948Z   "title": "Ka0s Dashboard",
job-core	Check JSON	2025-04-23T10:51:58.3827289Z   "logo": "images/kaos-summary.png",
job-core	Check JSON	2025-04-23T10:51:58.3827589Z   "links": [
job-core	Check JSON	2025-04-23T10:51:58.3827808Z     {
job-core	Check JSON	2025-04-23T10:51:58.3828025Z       "text": "Inicio",
job-core	Check JSON	2025-04-23T10:51:58.3828276Z       "url": "#",
job-core	Check JSON	2025-04-23T10:51:58.3828514Z       "icon": "fa-home"
job-core	Check JSON	2025-04-23T10:51:58.3828750Z     },
job-core	Check JSON	2025-04-23T10:51:58.3828959Z     {
job-core	Check JSON	2025-04-23T10:51:58.3829184Z       "text": "Lead Time",
job-core	Check JSON	2025-04-23T10:51:58.3829442Z       "url": "#",
job-core	Check JSON	2025-04-23T10:51:58.3829712Z       "icon": "fa-chart-line"
job-core	Check JSON	2025-04-23T10:51:58.3829982Z     },
job-core	Check JSON	2025-04-23T10:51:58.3830183Z     {
job-core	Check JSON	2025-04-23T10:51:58.3830572Z       "text": "Actions Performance",
job-core	Check JSON	2025-04-23T10:51:58.3830872Z       "url": "#",
job-core	Check JSON	2025-04-23T10:51:58.3831140Z       "icon": "fa-cog"
job-core	Check JSON	2025-04-23T10:51:58.3831382Z     },
job-core	Check JSON	2025-04-23T10:51:58.3831584Z     {
job-core	Check JSON	2025-04-23T10:51:58.3831801Z       "text": "Backlogs",
job-core	Check JSON	2025-04-23T10:51:58.3832111Z       "url": "#",
job-core	Check JSON	2025-04-23T10:51:58.3832367Z       "icon": "fa-tasks"
job-core	Check JSON	2025-04-23T10:51:58.3832617Z     },
job-core	Check JSON	2025-04-23T10:51:58.3832816Z     {
job-core	Check JSON	2025-04-23T10:51:58.3833112Z       "text": "Handler Failure",
job-core	Check JSON	2025-04-23T10:51:58.3833419Z       "url": "#",
job-core	Check JSON	2025-04-23T10:51:58.3833689Z       "icon": "fa-exclamation-triangle"
job-core	Check JSON	2025-04-23T10:51:58.3833966Z     },
job-core	Check JSON	2025-04-23T10:51:58.3834160Z     {
job-core	Check JSON	2025-04-23T10:51:58.3834391Z       "text": "Handler Success",
job-core	Check JSON	2025-04-23T10:51:58.3834651Z       "url": "#",
job-core	Check JSON	2025-04-23T10:51:58.3834910Z       "icon": "fa-check-circle"
job-core	Check JSON	2025-04-23T10:51:58.3835375Z     },
job-core	Check JSON	2025-04-23T10:51:58.3835558Z     {
job-core	Check JSON	2025-04-23T10:51:58.3835769Z       "text": "End Workflow",
job-core	Check JSON	2025-04-23T10:51:58.3836028Z       "url": "#",
job-core	Check JSON	2025-04-23T10:51:58.3836291Z       "icon": "fa-flag-checkered"
job-core	Check JSON	2025-04-23T10:51:58.3836554Z     }
job-core	Check JSON	2025-04-23T10:51:58.3836742Z   ]
job-core	Check JSON	2025-04-23T10:51:58.3836942Z }
job-core	Check JSON	2025-04-23T10:51:58.3837612Z File core/outputs/j/jsonlint-results-14214502320.txt is not empty and is content not correct and write commit info
job-core	Check JSON	2025-04-23T10:51:59.4104470Z https://github.com/Ka0s-Klaus/ka0s/issues/220#issuecomment-2823888083
job-core	Post Install Node.js	ï»¿2025-04-23T10:51:59.4164229Z Post job cleanup.
job-core	Post Checkout code	ï»¿2025-04-23T10:51:59.4888547Z Post job cleanup.
job-core	Post Checkout code	2025-04-23T10:51:59.5525734Z [command]/usr/bin/git version
job-core	Post Checkout code	2025-04-23T10:51:59.5555068Z git version 2.43.0
job-core	Post Checkout code	2025-04-23T10:51:59.5595243Z Copying '/home/kaos/.gitconfig' to '/actions-runner/_work/_temp/8ccdb23f-de29-471f-a923-673698e131b5/.gitconfig'
job-core	Post Checkout code	2025-04-23T10:51:59.5606508Z Temporarily overriding HOME='/actions-runner/_work/_temp/8ccdb23f-de29-471f-a923-673698e131b5' before making global git config changes
job-core	Post Checkout code	2025-04-23T10:51:59.5607547Z Adding repository directory to the temporary git global config as a safe directory
job-core	Post Checkout code	2025-04-23T10:51:59.5611415Z [command]/usr/bin/git config --global --add safe.directory /actions-runner/_work/ka0s/ka0s
job-core	Post Checkout code	2025-04-23T10:51:59.5647250Z [command]/usr/bin/git config --local --name-only --get-regexp core\.sshCommand
job-core	Post Checkout code	2025-04-23T10:51:59.5676395Z [command]/usr/bin/git submodule foreach --recursive sh -c "git config --local --name-only --get-regexp 'core\.sshCommand' && git config --local --unset-all 'core.sshCommand' || :"
job-core	Post Checkout code	2025-04-23T10:51:59.5911955Z [command]/usr/bin/git config --local --name-only --get-regexp http\.https\:\/\/github\.com\/\.extraheader
job-core	Post Checkout code	2025-04-23T10:51:59.5930971Z http.https://github.com/.extraheader
job-core	Post Checkout code	2025-04-23T10:51:59.5942496Z [command]/usr/bin/git config --local --unset-all http.https://github.com/.extraheader
job-core	Post Checkout code	2025-04-23T10:51:59.5972529Z [command]/usr/bin/git submodule foreach --recursive sh -c "git config --local --name-only --get-regexp 'http\.https\:\/\/github\.com\/\.extraheader' && git config --local --unset-all 'http.https://github.com/.extraheader' || :"
job-core	Complete job	ï»¿2025-04-23T10:51:59.6277275Z Cleaning up orphan processes
handle-success	Set up job	ï»¿2025-04-23T11:17:28.0330220Z Current runner version: '2.323.0'
handle-success	Set up job	2025-04-23T11:17:28.0345196Z Runner name: 'ka0s-1'
handle-success	Set up job	2025-04-23T11:17:28.0347200Z Machine name: '419612ea1a87'
handle-success	Set up job	2025-04-23T11:17:28.0353766Z ##[group]GITHUB_TOKEN Permissions
handle-success	Set up job	2025-04-23T11:17:28.0359032Z Actions: write
handle-success	Set up job	2025-04-23T11:17:28.0360706Z Contents: write
handle-success	Set up job	2025-04-23T11:17:28.0362160Z Issues: write
handle-success	Set up job	2025-04-23T11:17:28.0475420Z Metadata: read
handle-success	Set up job	2025-04-23T11:17:28.0477181Z PullRequests: write
handle-success	Set up job	2025-04-23T11:17:28.0478148Z ##[endgroup]
handle-success	Set up job	2025-04-23T11:17:28.0488593Z Secret source: Actions
handle-success	Set up job	2025-04-23T11:17:28.0489898Z Prepare workflow directory
handle-success	Set up job	2025-04-23T11:17:28.1720910Z Prepare all required actions
handle-success	Set up job	2025-04-23T11:17:28.1778879Z Getting action download info
handle-success	Set up job	2025-04-23T11:17:28.9769454Z Download action repository 'actions/checkout@v4' (SHA:11bd71901bbe5b1630ceea73d27597364c9af683)
handle-success	Set up job	2025-04-23T11:17:31.7512475Z Complete job name: handle-success
handle-success	Checkout code	ï»¿2025-04-23T11:17:31.8364647Z ##[group]Run actions/checkout@v4
handle-success	Checkout code	2025-04-23T11:17:31.8365916Z with:
handle-success	Checkout code	2025-04-23T11:17:31.8366311Z   fetch-depth: 0
handle-success	Checkout code	2025-04-23T11:17:31.8367252Z   token: ***
handle-success	Checkout code	2025-04-23T11:17:31.8367653Z   repository: Ka0s-Klaus/ka0s
handle-success	Checkout code	2025-04-23T11:17:31.8368088Z   ssh-strict: true
handle-success	Checkout code	2025-04-23T11:17:31.8368461Z   ssh-user: git
handle-success	Checkout code	2025-04-23T11:17:31.8368842Z   persist-credentials: true
handle-success	Checkout code	2025-04-23T11:17:31.8369262Z   clean: true
handle-success	Checkout code	2025-04-23T11:17:31.8369650Z   sparse-checkout-cone-mode: true
handle-success	Checkout code	2025-04-23T11:17:31.8370115Z   fetch-tags: false
handle-success	Checkout code	2025-04-23T11:17:31.8370522Z   show-progress: true
handle-success	Checkout code	2025-04-23T11:17:31.8370919Z   lfs: false
handle-success	Checkout code	2025-04-23T11:17:31.8371283Z   submodules: false
handle-success	Checkout code	2025-04-23T11:17:31.8371862Z   set-safe-directory: true
handle-success	Checkout code	2025-04-23T11:17:31.8372793Z env:
handle-success	Checkout code	2025-04-23T11:17:31.8373180Z   KAOS_MODULE: [Ka0S] JSONLINT
handle-success	Checkout code	2025-04-23T11:17:31.8373834Z   GH_TOKEN: ***
handle-success	Checkout code	2025-04-23T11:17:31.8374264Z   KAOS_JSONLINT_CONFIG: core/config/.jsonlint.json
handle-success	Checkout code	2025-04-23T11:17:31.8374808Z   KAOS_PATH_RESUME: core/outputs/j/
handle-success	Checkout code	2025-04-23T11:17:31.8375377Z   KAOS_REPO: /actions-runner/_work/kaos/kaos
handle-success	Checkout code	2025-04-23T11:17:31.8375898Z   KAOS_STEP_MODULE: 
handle-success	Checkout code	2025-04-23T11:17:31.8376297Z   KAOS_CODE: 14214502320
handle-success	Checkout code	2025-04-23T11:17:31.8376700Z   KAOS_REF_BRANCH: main
handle-success	Checkout code	2025-04-23T11:17:31.8377090Z ##[endgroup]
handle-success	Checkout code	2025-04-23T11:17:32.0634993Z Syncing repository: Ka0s-Klaus/ka0s
handle-success	Checkout code	2025-04-23T11:17:32.0643864Z ##[group]Getting Git version info
handle-success	Checkout code	2025-04-23T11:17:32.0645371Z Working directory is '/actions-runner/_work/ka0s/ka0s'
handle-success	Checkout code	2025-04-23T11:17:32.0647034Z [command]/usr/bin/git version
handle-success	Checkout code	2025-04-23T11:17:32.0647750Z git version 2.48.1
handle-success	Checkout code	2025-04-23T11:17:32.0662841Z ##[endgroup]
handle-success	Checkout code	2025-04-23T11:17:32.0690246Z Copying '/home/kaos/.gitconfig' to '/actions-runner/_work/_temp/c4d724f7-ff0e-42b3-932a-259cad8107ca/.gitconfig'
handle-success	Checkout code	2025-04-23T11:17:32.0713585Z Temporarily overriding HOME='/actions-runner/_work/_temp/c4d724f7-ff0e-42b3-932a-259cad8107ca' before making global git config changes
handle-success	Checkout code	2025-04-23T11:17:32.0716117Z Adding repository directory to the temporary git global config as a safe directory
handle-success	Checkout code	2025-04-23T11:17:32.0722375Z [command]/usr/bin/git config --global --add safe.directory /actions-runner/_work/ka0s/ka0s
handle-success	Checkout code	2025-04-23T11:17:32.0810687Z [command]/usr/bin/git config --local --get remote.origin.url
handle-success	Checkout code	2025-04-23T11:17:32.0866467Z https://github.com/Ka0s-Klaus/ka0s
handle-success	Checkout code	2025-04-23T11:17:32.0894262Z ##[group]Removing previously created refs, to avoid conflicts
handle-success	Checkout code	2025-04-23T11:17:32.0902220Z [command]/usr/bin/git rev-parse --symbolic-full-name --verify --quiet HEAD
handle-success	Checkout code	2025-04-23T11:17:32.0936668Z refs/heads/H338-relanzador-de-jobs-en-caso-de-pattern
handle-success	Checkout code	2025-04-23T11:17:32.0957080Z [command]/usr/bin/git checkout --detach
handle-success	Checkout code	2025-04-23T11:17:32.2863781Z HEAD is now at ce03044 [Ka0S] Uploading resume execution files to the repository...
handle-success	Checkout code	2025-04-23T11:17:32.2953345Z [command]/usr/bin/git branch --delete --force H338-relanzador-de-jobs-en-caso-de-pattern
handle-success	Checkout code	2025-04-23T11:17:32.3025227Z Deleted branch H338-relanzador-de-jobs-en-caso-de-pattern (was ce03044).
handle-success	Checkout code	2025-04-23T11:17:32.3142694Z ##[endgroup]
handle-success	Checkout code	2025-04-23T11:17:32.3154158Z [command]/usr/bin/git submodule status
handle-success	Checkout code	2025-04-23T11:17:32.3690025Z ##[group]Cleaning the repository
handle-success	Checkout code	2025-04-23T11:17:32.3699526Z [command]/usr/bin/git clean -ffdx
handle-success	Checkout code	2025-04-23T11:17:32.3840825Z [command]/usr/bin/git reset --hard HEAD
handle-success	Checkout code	2025-04-23T11:17:32.4183360Z HEAD is now at ce03044 [Ka0S] Uploading resume execution files to the repository...
handle-success	Checkout code	2025-04-23T11:17:32.4194355Z ##[endgroup]
handle-success	Checkout code	2025-04-23T11:17:32.4196186Z ##[group]Disabling automatic garbage collection
handle-success	Checkout code	2025-04-23T11:17:32.4203740Z [command]/usr/bin/git config --local gc.auto 0
handle-success	Checkout code	2025-04-23T11:17:32.4253589Z ##[endgroup]
handle-success	Checkout code	2025-04-23T11:17:32.4254924Z ##[group]Setting up auth
handle-success	Checkout code	2025-04-23T11:17:32.4267368Z [command]/usr/bin/git config --local --name-only --get-regexp core\.sshCommand
handle-success	Checkout code	2025-04-23T11:17:32.4362117Z [command]/usr/bin/git submodule foreach --recursive sh -c "git config --local --name-only --get-regexp 'core\.sshCommand' && git config --local --unset-all 'core.sshCommand' || :"
handle-success	Checkout code	2025-04-23T11:17:32.5056176Z [command]/usr/bin/git config --local --name-only --get-regexp http\.https\:\/\/github\.com\/\.extraheader
handle-success	Checkout code	2025-04-23T11:17:32.5148169Z [command]/usr/bin/git submodule foreach --recursive sh -c "git config --local --name-only --get-regexp 'http\.https\:\/\/github\.com\/\.extraheader' && git config --local --unset-all 'http.https://github.com/.extraheader' || :"
handle-success	Checkout code	2025-04-23T11:17:32.5924752Z [command]/usr/bin/git config --local http.https://github.com/.extraheader AUTHORIZATION: basic ***
handle-success	Checkout code	2025-04-23T11:17:32.6036192Z ##[endgroup]
handle-success	Checkout code	2025-04-23T11:17:32.6038371Z ##[group]Fetching the repository
handle-success	Checkout code	2025-04-23T11:17:32.6056231Z [command]/usr/bin/git -c protocol.version=2 fetch --prune --no-recurse-submodules origin +refs/heads/*:refs/remotes/origin/* +refs/tags/*:refs/tags/*
handle-success	Checkout code	2025-04-23T11:17:33.7780341Z From https://github.com/Ka0s-Klaus/ka0s
handle-success	Checkout code	2025-04-23T11:17:33.7795214Z    c79eadf..a2d5f35  main       -> origin/main
handle-success	Checkout code	2025-04-23T11:17:33.7917755Z [command]/usr/bin/git branch --list --remote origin/H220-web-de-resultados
handle-success	Checkout code	2025-04-23T11:17:33.8008991Z   origin/H220-web-de-resultados
handle-success	Checkout code	2025-04-23T11:17:33.8027519Z [command]/usr/bin/git rev-parse refs/remotes/origin/H220-web-de-resultados
handle-success	Checkout code	2025-04-23T11:17:33.8068065Z 4c43f424dfeee64847046f241f62417f4ebdae6b
handle-success	Checkout code	2025-04-23T11:17:33.8114453Z [command]/usr/bin/git -c protocol.version=2 fetch --no-tags --prune --no-recurse-submodules origin +512fe4f9dbe0cb6e520007d473f2f352c77438b6:refs/remotes/origin/H220-web-de-resultados
handle-success	Checkout code	2025-04-23T11:17:34.6294368Z From https://github.com/Ka0s-Klaus/ka0s
handle-success	Checkout code	2025-04-23T11:17:34.6298691Z  + 4c43f42...512fe4f 512fe4f9dbe0cb6e520007d473f2f352c77438b6 -> origin/H220-web-de-resultados  (forced update)
handle-success	Checkout code	2025-04-23T11:17:34.6395416Z ##[endgroup]
handle-success	Checkout code	2025-04-23T11:17:34.6397053Z ##[group]Determining the checkout info
handle-success	Checkout code	2025-04-23T11:17:34.6398465Z ##[endgroup]
handle-success	Checkout code	2025-04-23T11:17:34.6408767Z [command]/usr/bin/git sparse-checkout disable
handle-success	Checkout code	2025-04-23T11:17:34.6523061Z [command]/usr/bin/git config --local --unset-all extensions.worktreeConfig
handle-success	Checkout code	2025-04-23T11:17:34.6569224Z ##[group]Checking out the ref
handle-success	Checkout code	2025-04-23T11:17:34.6575205Z [command]/usr/bin/git checkout --progress --force -B H220-web-de-resultados refs/remotes/origin/H220-web-de-resultados
handle-success	Checkout code	2025-04-23T11:17:34.8380521Z Previous HEAD position was ce03044 [Ka0S] Uploading resume execution files to the repository...
handle-success	Checkout code	2025-04-23T11:17:34.8395094Z Switched to a new branch 'H220-web-de-resultados'
handle-success	Checkout code	2025-04-23T11:17:34.8401291Z branch 'H220-web-de-resultados' set up to track 'origin/H220-web-de-resultados'.
handle-success	Checkout code	2025-04-23T11:17:34.8418923Z ##[endgroup]
handle-success	Checkout code	2025-04-23T11:17:34.8514034Z [command]/usr/bin/git log -1 --format=%H
handle-success	Checkout code	2025-04-23T11:17:34.8583860Z 512fe4f9dbe0cb6e520007d473f2f352c77438b6
handle-success	handle-success-execution	ï»¿2025-04-23T11:17:34.9026545Z ##[group]Run # Si todo ha ido correcto aÃ±adimos el contenido del fichero 
handle-success	handle-success-execution	2025-04-23T11:17:34.9027474Z [36;1m# Si todo ha ido correcto aÃ±adimos el contenido del fichero [0m
handle-success	handle-success-execution	2025-04-23T11:17:34.9028149Z [36;1mRNNUMBER=$(echo "refs/heads/H220-web-de-resultados" | grep -o '[0-9]*')[0m
handle-success	handle-success-execution	2025-04-23T11:17:34.9029893Z [36;1mgh issue comment $RNNUMBER --body "El proceso ha finalizado correctamente 14214502320. El resultado estÃ¡ en el fichero core/results/event_data14214502320.log"[0m
handle-success	handle-success-execution	2025-04-23T11:17:34.9051018Z shell: /usr/bin/bash -e {0}
handle-success	handle-success-execution	2025-04-23T11:17:34.9051942Z env:
handle-success	handle-success-execution	2025-04-23T11:17:34.9052346Z   KAOS_MODULE: [Ka0S] JSONLINT
handle-success	handle-success-execution	2025-04-23T11:17:34.9052942Z   GH_TOKEN: ***
handle-success	handle-success-execution	2025-04-23T11:17:34.9053303Z   KAOS_JSONLINT_CONFIG: core/config/.jsonlint.json
handle-success	handle-success-execution	2025-04-23T11:17:34.9053737Z   KAOS_PATH_RESUME: core/outputs/j/
handle-success	handle-success-execution	2025-04-23T11:17:34.9054143Z   KAOS_REPO: /actions-runner/_work/kaos/kaos
handle-success	handle-success-execution	2025-04-23T11:17:34.9054550Z   KAOS_STEP_MODULE: 
handle-success	handle-success-execution	2025-04-23T11:17:34.9054851Z   KAOS_CODE: 14214502320
handle-success	handle-success-execution	2025-04-23T11:17:34.9055287Z   KAOS_REF_BRANCH: main
handle-success	handle-success-execution	2025-04-23T11:17:34.9055616Z ##[endgroup]
handle-success	handle-success-execution	2025-04-23T11:17:36.2322500Z https://github.com/Ka0s-Klaus/ka0s/issues/220#issuecomment-2823949656
handle-success	Post Checkout code	ï»¿2025-04-23T11:17:36.2855520Z Post job cleanup.
handle-success	Post Checkout code	2025-04-23T11:17:36.4571506Z [command]/usr/bin/git version
handle-success	Post Checkout code	2025-04-23T11:17:36.4649757Z git version 2.48.1
handle-success	Post Checkout code	2025-04-23T11:17:36.4721359Z Copying '/home/kaos/.gitconfig' to '/actions-runner/_work/_temp/500f46c6-a9b3-4a1b-992d-246b9d1e1f3f/.gitconfig'
handle-success	Post Checkout code	2025-04-23T11:17:36.4742132Z Temporarily overriding HOME='/actions-runner/_work/_temp/500f46c6-a9b3-4a1b-992d-246b9d1e1f3f' before making global git config changes
handle-success	Post Checkout code	2025-04-23T11:17:36.4743946Z Adding repository directory to the temporary git global config as a safe directory
handle-success	Post Checkout code	2025-04-23T11:17:36.4751896Z [command]/usr/bin/git config --global --add safe.directory /actions-runner/_work/ka0s/ka0s
handle-success	Post Checkout code	2025-04-23T11:17:36.4828404Z [command]/usr/bin/git config --local --name-only --get-regexp core\.sshCommand
handle-success	Post Checkout code	2025-04-23T11:17:36.4902539Z [command]/usr/bin/git submodule foreach --recursive sh -c "git config --local --name-only --get-regexp 'core\.sshCommand' && git config --local --unset-all 'core.sshCommand' || :"
handle-success	Post Checkout code	2025-04-23T11:17:36.5374986Z [command]/usr/bin/git config --local --name-only --get-regexp http\.https\:\/\/github\.com\/\.extraheader
handle-success	Post Checkout code	2025-04-23T11:17:36.5414875Z http.https://github.com/.extraheader
handle-success	Post Checkout code	2025-04-23T11:17:36.5435637Z [command]/usr/bin/git config --local --unset-all http.https://github.com/.extraheader
handle-success	Post Checkout code	2025-04-23T11:17:36.5513143Z [command]/usr/bin/git submodule foreach --recursive sh -c "git config --local --name-only --get-regexp 'http\.https\:\/\/github\.com\/\.extraheader' && git config --local --unset-all 'http.https://github.com/.extraheader' || :"
handle-success	Complete job	ï»¿2025-04-23T11:17:36.6107969Z Cleaning up orphan processes
end-workflow	Set up job	ï»¿2025-04-23T11:24:31.9004124Z Current runner version: '2.323.0'
end-workflow	Set up job	2025-04-23T11:24:31.9008265Z Runner name: 'ka0s-7'
end-workflow	Set up job	2025-04-23T11:24:31.9008848Z Machine name: '26a53205c9ac'
end-workflow	Set up job	2025-04-23T11:24:31.9010412Z ##[group]GITHUB_TOKEN Permissions
end-workflow	Set up job	2025-04-23T11:24:31.9011881Z Actions: write
end-workflow	Set up job	2025-04-23T11:24:31.9012275Z Contents: write
end-workflow	Set up job	2025-04-23T11:24:31.9012582Z Issues: write
end-workflow	Set up job	2025-04-23T11:24:31.9012862Z Metadata: read
end-workflow	Set up job	2025-04-23T11:24:31.9013148Z PullRequests: write
end-workflow	Set up job	2025-04-23T11:24:31.9013449Z ##[endgroup]
end-workflow	Set up job	2025-04-23T11:24:31.9014704Z Secret source: Actions
end-workflow	Set up job	2025-04-23T11:24:31.9015079Z Prepare workflow directory
end-workflow	Set up job	2025-04-23T11:24:31.9419619Z Prepare all required actions
end-workflow	Set up job	2025-04-23T11:24:31.9464853Z Getting action download info
end-workflow	Set up job	2025-04-23T11:24:32.4237917Z Download action repository 'actions/checkout@v4' (SHA:11bd71901bbe5b1630ceea73d27597364c9af683)
end-workflow	Set up job	2025-04-23T11:24:33.1502081Z Complete job name: end-workflow
end-workflow	Checkout code	ï»¿2025-04-23T11:24:33.1797994Z ##[group]Run actions/checkout@v4
end-workflow	Checkout code	2025-04-23T11:24:33.1798546Z with:
end-workflow	Checkout code	2025-04-23T11:24:33.1798831Z   fetch-depth: 0
end-workflow	Checkout code	2025-04-23T11:24:33.1799347Z   token: ***
end-workflow	Checkout code	2025-04-23T11:24:33.1799649Z   repository: Ka0s-Klaus/ka0s
end-workflow	Checkout code	2025-04-23T11:24:33.1800006Z   ssh-strict: true
end-workflow	Checkout code	2025-04-23T11:24:33.1800312Z   ssh-user: git
end-workflow	Checkout code	2025-04-23T11:24:33.1821029Z   persist-credentials: true
end-workflow	Checkout code	2025-04-23T11:24:33.1821414Z   clean: true
end-workflow	Checkout code	2025-04-23T11:24:33.1821735Z   sparse-checkout-cone-mode: true
end-workflow	Checkout code	2025-04-23T11:24:33.1822126Z   fetch-tags: false
end-workflow	Checkout code	2025-04-23T11:24:33.1822436Z   show-progress: true
end-workflow	Checkout code	2025-04-23T11:24:33.1822757Z   lfs: false
end-workflow	Checkout code	2025-04-23T11:24:33.1823038Z   submodules: false
end-workflow	Checkout code	2025-04-23T11:24:33.1823364Z   set-safe-directory: true
end-workflow	Checkout code	2025-04-23T11:24:33.1824093Z env:
end-workflow	Checkout code	2025-04-23T11:24:33.1824377Z   KAOS_MODULE: [Ka0S] JSONLINT
end-workflow	Checkout code	2025-04-23T11:24:33.1824891Z   GH_TOKEN: ***
end-workflow	Checkout code	2025-04-23T11:24:33.1825236Z   KAOS_JSONLINT_CONFIG: core/config/.jsonlint.json
end-workflow	Checkout code	2025-04-23T11:24:33.1825683Z   KAOS_PATH_RESUME: core/outputs/j/
end-workflow	Checkout code	2025-04-23T11:24:33.1826118Z   KAOS_REPO: /actions-runner/_work/kaos/kaos
end-workflow	Checkout code	2025-04-23T11:24:33.1826526Z   KAOS_STEP_MODULE: 
end-workflow	Checkout code	2025-04-23T11:24:33.1826846Z   KAOS_CODE: 14214502320
end-workflow	Checkout code	2025-04-23T11:24:33.1827168Z   KAOS_REF_BRANCH: main
end-workflow	Checkout code	2025-04-23T11:24:33.1827483Z ##[endgroup]
end-workflow	Checkout code	2025-04-23T11:24:33.2615739Z Syncing repository: Ka0s-Klaus/ka0s
end-workflow	Checkout code	2025-04-23T11:24:33.2617913Z ##[group]Getting Git version info
end-workflow	Checkout code	2025-04-23T11:24:33.2618770Z Working directory is '/actions-runner/_work/ka0s/ka0s'
end-workflow	Checkout code	2025-04-23T11:24:33.2620114Z [command]/usr/bin/git version
end-workflow	Checkout code	2025-04-23T11:24:33.2620795Z git version 2.43.0
end-workflow	Checkout code	2025-04-23T11:24:33.2622949Z ##[endgroup]
end-workflow	Checkout code	2025-04-23T11:24:33.2628117Z Copying '/home/kaos/.gitconfig' to '/actions-runner/_work/_temp/50a1c92e-08bd-4a9e-8177-b158a69f543a/.gitconfig'
end-workflow	Checkout code	2025-04-23T11:24:33.2630285Z Temporarily overriding HOME='/actions-runner/_work/_temp/50a1c92e-08bd-4a9e-8177-b158a69f543a' before making global git config changes
end-workflow	Checkout code	2025-04-23T11:24:33.2632262Z Adding repository directory to the temporary git global config as a safe directory
end-workflow	Checkout code	2025-04-23T11:24:33.2633860Z [command]/usr/bin/git config --global --add safe.directory /actions-runner/_work/ka0s/ka0s
end-workflow	Checkout code	2025-04-23T11:24:33.2635926Z [command]/usr/bin/git config --local --get remote.origin.url
end-workflow	Checkout code	2025-04-23T11:24:33.2640800Z https://github.com/Ka0s-Klaus/ka0s
end-workflow	Checkout code	2025-04-23T11:24:33.2653786Z ##[group]Removing previously created refs, to avoid conflicts
end-workflow	Checkout code	2025-04-23T11:24:33.2655570Z [command]/usr/bin/git rev-parse --symbolic-full-name --verify --quiet HEAD
end-workflow	Checkout code	2025-04-23T11:24:33.2674851Z refs/heads/H215-modulo-de-summary
end-workflow	Checkout code	2025-04-23T11:24:33.2680891Z [command]/usr/bin/git checkout --detach
end-workflow	Checkout code	2025-04-23T11:24:33.5400681Z HEAD is now at 74205654 [Ka0S] Uploading resume execution files to the repository...
end-workflow	Checkout code	2025-04-23T11:24:33.5444976Z [command]/usr/bin/git branch --delete --force H215-modulo-de-summary
end-workflow	Checkout code	2025-04-23T11:24:33.5480697Z Deleted branch H215-modulo-de-summary (was 74205654).
end-workflow	Checkout code	2025-04-23T11:24:33.5534980Z ##[endgroup]
end-workflow	Checkout code	2025-04-23T11:24:33.5536167Z [command]/usr/bin/git submodule status
end-workflow	Checkout code	2025-04-23T11:24:33.5757627Z ##[group]Cleaning the repository
end-workflow	Checkout code	2025-04-23T11:24:33.5761492Z [command]/usr/bin/git clean -ffdx
end-workflow	Checkout code	2025-04-23T11:24:33.5812633Z [command]/usr/bin/git reset --hard HEAD
end-workflow	Checkout code	2025-04-23T11:24:33.5904084Z HEAD is now at 74205654 [Ka0S] Uploading resume execution files to the repository...
end-workflow	Checkout code	2025-04-23T11:24:33.5907178Z ##[endgroup]
end-workflow	Checkout code	2025-04-23T11:24:33.5908468Z ##[group]Disabling automatic garbage collection
end-workflow	Checkout code	2025-04-23T11:24:33.5909841Z [command]/usr/bin/git config --local gc.auto 0
end-workflow	Checkout code	2025-04-23T11:24:33.5937097Z ##[endgroup]
end-workflow	Checkout code	2025-04-23T11:24:33.5938811Z ##[group]Setting up auth
end-workflow	Checkout code	2025-04-23T11:24:33.5940677Z [command]/usr/bin/git config --local --name-only --get-regexp core\.sshCommand
end-workflow	Checkout code	2025-04-23T11:24:33.5976692Z [command]/usr/bin/git submodule foreach --recursive sh -c "git config --local --name-only --get-regexp 'core\.sshCommand' && git config --local --unset-all 'core.sshCommand' || :"
end-workflow	Checkout code	2025-04-23T11:24:33.6192689Z [command]/usr/bin/git config --local --name-only --get-regexp http\.https\:\/\/github\.com\/\.extraheader
end-workflow	Checkout code	2025-04-23T11:24:33.6218349Z [command]/usr/bin/git submodule foreach --recursive sh -c "git config --local --name-only --get-regexp 'http\.https\:\/\/github\.com\/\.extraheader' && git config --local --unset-all 'http.https://github.com/.extraheader' || :"
end-workflow	Checkout code	2025-04-23T11:24:33.6444239Z [command]/usr/bin/git config --local http.https://github.com/.extraheader AUTHORIZATION: basic ***
end-workflow	Checkout code	2025-04-23T11:24:33.6473697Z ##[endgroup]
end-workflow	Checkout code	2025-04-23T11:24:33.6475235Z ##[group]Fetching the repository
end-workflow	Checkout code	2025-04-23T11:24:33.6480240Z [command]/usr/bin/git -c protocol.version=2 fetch --prune --no-recurse-submodules origin +refs/heads/*:refs/remotes/origin/* +refs/tags/*:refs/tags/*
end-workflow	Checkout code	2025-04-23T11:24:34.7913781Z From https://github.com/Ka0s-Klaus/ka0s
end-workflow	Checkout code	2025-04-23T11:24:34.7915374Z    74205654..be8bef88  H215-modulo-de-summary -> origin/H215-modulo-de-summary
end-workflow	Checkout code	2025-04-23T11:24:34.7916819Z    2b4573ac..c1dfca66  main                   -> origin/main
end-workflow	Checkout code	2025-04-23T11:24:34.7963617Z [command]/usr/bin/git branch --list --remote origin/H220-web-de-resultados
end-workflow	Checkout code	2025-04-23T11:24:34.7990517Z   origin/H220-web-de-resultados
end-workflow	Checkout code	2025-04-23T11:24:34.7998775Z [command]/usr/bin/git rev-parse refs/remotes/origin/H220-web-de-resultados
end-workflow	Checkout code	2025-04-23T11:24:34.8019565Z 4c43f424dfeee64847046f241f62417f4ebdae6b
end-workflow	Checkout code	2025-04-23T11:24:34.8033150Z [command]/usr/bin/git -c protocol.version=2 fetch --no-tags --prune --no-recurse-submodules origin +512fe4f9dbe0cb6e520007d473f2f352c77438b6:refs/remotes/origin/H220-web-de-resultados
end-workflow	Checkout code	2025-04-23T11:24:34.8396739Z From https://github.com/Ka0s-Klaus/ka0s
end-workflow	Checkout code	2025-04-23T11:24:34.8399500Z  + 4c43f424...512fe4f9 512fe4f9dbe0cb6e520007d473f2f352c77438b6 -> origin/H220-web-de-resultados  (forced update)
end-workflow	Checkout code	2025-04-23T11:24:34.8419804Z ##[endgroup]
end-workflow	Checkout code	2025-04-23T11:24:34.8421554Z ##[group]Determining the checkout info
end-workflow	Checkout code	2025-04-23T11:24:34.8424923Z ##[endgroup]
end-workflow	Checkout code	2025-04-23T11:24:34.8426021Z [command]/usr/bin/git sparse-checkout disable
end-workflow	Checkout code	2025-04-23T11:24:34.8475351Z [command]/usr/bin/git config --local --unset-all extensions.worktreeConfig
end-workflow	Checkout code	2025-04-23T11:24:34.8503709Z ##[group]Checking out the ref
end-workflow	Checkout code	2025-04-23T11:24:34.8505857Z [command]/usr/bin/git checkout --progress --force -B H220-web-de-resultados refs/remotes/origin/H220-web-de-resultados
end-workflow	Checkout code	2025-04-23T11:24:34.8857351Z Previous HEAD position was 74205654 [Ka0S] Uploading resume execution files to the repository...
end-workflow	Checkout code	2025-04-23T11:24:34.8859846Z Switched to a new branch 'H220-web-de-resultados'
end-workflow	Checkout code	2025-04-23T11:24:34.8861974Z branch 'H220-web-de-resultados' set up to track 'origin/H220-web-de-resultados'.
end-workflow	Checkout code	2025-04-23T11:24:34.8866070Z ##[endgroup]
end-workflow	Checkout code	2025-04-23T11:24:34.8901396Z [command]/usr/bin/git log -1 --format=%H
end-workflow	Checkout code	2025-04-23T11:24:34.8929214Z 512fe4f9dbe0cb6e520007d473f2f352c77438b6
end-workflow	Finaliza el workflow	ï»¿2025-04-23T11:24:34.9119894Z ##[group]Run echo "End process"
end-workflow	Finaliza el workflow	2025-04-23T11:24:34.9120746Z [36;1mecho "End process"[0m
end-workflow	Finaliza el workflow	2025-04-23T11:24:34.9121823Z [36;1mRNNUMBER=$(echo "refs/heads/H220-web-de-resultados" | grep -o '[0-9]*')[0m
end-workflow	Finaliza el workflow	2025-04-23T11:24:34.9123487Z [36;1mgh issue comment $RNNUMBER --body "Se finaliza Ka0s 14214502320"[0m
end-workflow	Finaliza el workflow	2025-04-23T11:24:34.9125314Z [36;1mgh workflow run inspector.yml --ref 'main' -f kaos-issue-id=$RNNUMBER -f kaos-workflow-id="14214502320" -f kaos-user-start=""[0m
end-workflow	Finaliza el workflow	2025-04-23T11:24:34.9133975Z shell: /usr/bin/bash -e {0}
end-workflow	Finaliza el workflow	2025-04-23T11:24:34.9134675Z env:
end-workflow	Finaliza el workflow	2025-04-23T11:24:34.9135226Z   KAOS_MODULE: [Ka0S] JSONLINT
end-workflow	Finaliza el workflow	2025-04-23T11:24:34.9136242Z   GH_TOKEN: ***
end-workflow	Finaliza el workflow	2025-04-23T11:24:34.9136944Z   KAOS_JSONLINT_CONFIG: core/config/.jsonlint.json
end-workflow	Finaliza el workflow	2025-04-23T11:24:34.9137851Z   KAOS_PATH_RESUME: core/outputs/j/
end-workflow	Finaliza el workflow	2025-04-23T11:24:34.9138681Z   KAOS_REPO: /actions-runner/_work/kaos/kaos
end-workflow	Finaliza el workflow	2025-04-23T11:24:34.9139499Z   KAOS_STEP_MODULE: 
end-workflow	Finaliza el workflow	2025-04-23T11:24:34.9140115Z   KAOS_CODE: 14214502320
end-workflow	Finaliza el workflow	2025-04-23T11:24:34.9140762Z   KAOS_REF_BRANCH: main
end-workflow	Finaliza el workflow	2025-04-23T11:24:34.9141420Z ##[endgroup]
end-workflow	Finaliza el workflow	2025-04-23T11:24:34.9185792Z End process
end-workflow	Finaliza el workflow	2025-04-23T11:24:36.0301108Z https://github.com/Ka0s-Klaus/ka0s/issues/220#issuecomment-2823965540
end-workflow	Post Checkout code	ï»¿2025-04-23T11:24:36.5894007Z Post job cleanup.
end-workflow	Post Checkout code	2025-04-23T11:24:36.6589805Z [command]/usr/bin/git version
end-workflow	Post Checkout code	2025-04-23T11:24:36.6617221Z git version 2.43.0
end-workflow	Post Checkout code	2025-04-23T11:24:36.6644949Z Copying '/home/kaos/.gitconfig' to '/actions-runner/_work/_temp/97e555c7-82ec-4097-980a-4229d19b9175/.gitconfig'
end-workflow	Post Checkout code	2025-04-23T11:24:36.6653723Z Temporarily overriding HOME='/actions-runner/_work/_temp/97e555c7-82ec-4097-980a-4229d19b9175' before making global git config changes
end-workflow	Post Checkout code	2025-04-23T11:24:36.6654669Z Adding repository directory to the temporary git global config as a safe directory
end-workflow	Post Checkout code	2025-04-23T11:24:36.6657542Z [command]/usr/bin/git config --global --add safe.directory /actions-runner/_work/ka0s/ka0s
end-workflow	Post Checkout code	2025-04-23T11:24:36.6686904Z [command]/usr/bin/git config --local --name-only --get-regexp core\.sshCommand
end-workflow	Post Checkout code	2025-04-23T11:24:36.6720393Z [command]/usr/bin/git submodule foreach --recursive sh -c "git config --local --name-only --get-regexp 'core\.sshCommand' && git config --local --unset-all 'core.sshCommand' || :"
end-workflow	Post Checkout code	2025-04-23T11:24:36.6946711Z [command]/usr/bin/git config --local --name-only --get-regexp http\.https\:\/\/github\.com\/\.extraheader
end-workflow	Post Checkout code	2025-04-23T11:24:36.6968704Z http.https://github.com/.extraheader
end-workflow	Post Checkout code	2025-04-23T11:24:36.6980992Z [command]/usr/bin/git config --local --unset-all http.https://github.com/.extraheader
end-workflow	Post Checkout code	2025-04-23T11:24:36.7011815Z [command]/usr/bin/git submodule foreach --recursive sh -c "git config --local --name-only --get-regexp 'http\.https\:\/\/github\.com\/\.extraheader' && git config --local --unset-all 'http.https://github.com/.extraheader' || :"
end-workflow	Complete job	ï»¿2025-04-23T11:24:36.7367690Z Cleaning up orphan processes
