job-core	Set up job	ï»¿2025-04-02T12:05:26.1340119Z Current runner version: '2.323.0'
job-core	Set up job	2025-04-02T12:05:26.1430413Z Runner name: 'ka0s-1'
job-core	Set up job	2025-04-02T12:05:26.1431679Z Machine name: '419612ea1a87'
job-core	Set up job	2025-04-02T12:05:26.1435188Z ##[group]GITHUB_TOKEN Permissions
job-core	Set up job	2025-04-02T12:05:26.1440449Z Contents: read
job-core	Set up job	2025-04-02T12:05:26.1441201Z Metadata: read
job-core	Set up job	2025-04-02T12:05:26.1441801Z Packages: read
job-core	Set up job	2025-04-02T12:05:26.1442388Z ##[endgroup]
job-core	Set up job	2025-04-02T12:05:26.1445807Z Secret source: Actions
job-core	Set up job	2025-04-02T12:05:26.1446682Z Prepare workflow directory
job-core	Set up job	2025-04-02T12:05:26.2357245Z Prepare all required actions
job-core	Set up job	2025-04-02T12:05:26.2409271Z Getting action download info
job-core	Set up job	2025-04-02T12:05:26.9657227Z Download action repository 'actions/checkout@v4' (SHA:11bd71901bbe5b1630ceea73d27597364c9af683)
job-core	Set up job	2025-04-02T12:05:29.3523227Z Complete job name: job-core
job-core	Checkout code	ï»¿2025-04-02T12:05:29.4265826Z ##[group]Run actions/checkout@v4
job-core	Checkout code	2025-04-02T12:05:29.4268102Z with:
job-core	Checkout code	2025-04-02T12:05:29.4268871Z   fetch-depth: 0
job-core	Checkout code	2025-04-02T12:05:29.4269835Z   token: ***
job-core	Checkout code	2025-04-02T12:05:29.4270953Z   repository: Ka0s-Klaus/ka0s
job-core	Checkout code	2025-04-02T12:05:29.4271742Z   ssh-strict: true
job-core	Checkout code	2025-04-02T12:05:29.4272331Z   ssh-user: git
job-core	Checkout code	2025-04-02T12:05:29.4272938Z   persist-credentials: true
job-core	Checkout code	2025-04-02T12:05:29.4273608Z   clean: true
job-core	Checkout code	2025-04-02T12:05:29.4274219Z   sparse-checkout-cone-mode: true
job-core	Checkout code	2025-04-02T12:05:29.4274951Z   fetch-tags: false
job-core	Checkout code	2025-04-02T12:05:29.4275574Z   show-progress: true
job-core	Checkout code	2025-04-02T12:05:29.4301473Z   lfs: false
job-core	Checkout code	2025-04-02T12:05:29.4302539Z   submodules: false
job-core	Checkout code	2025-04-02T12:05:29.4303351Z   set-safe-directory: true
job-core	Checkout code	2025-04-02T12:05:29.4304871Z env:
job-core	Checkout code	2025-04-02T12:05:29.4305453Z   KAOS_CODE: 14219146011
job-core	Checkout code	2025-04-02T12:05:29.4306129Z   KAOS_EVENT_NAME: push
job-core	Checkout code	2025-04-02T12:05:29.4306757Z   KAOS_ACTION: 
job-core	Checkout code	2025-04-02T12:05:29.4307414Z   KAOS_REF: refs/heads/H215-modulo-de-summary
job-core	Checkout code	2025-04-02T12:05:29.4308216Z   KAOS_MODULE: [Ka0S] kaos
job-core	Checkout code	2025-04-02T12:05:29.4308991Z   KAOS_PATH_RESUME: core/results/k/
job-core	Checkout code	2025-04-02T12:05:29.4309759Z   KAOS_JSON: core/results/event_data_
job-core	Checkout code	2025-04-02T12:05:29.4311100Z   KAOS_ACTOR: ***
job-core	Checkout code	2025-04-02T12:05:29.4311873Z   GITHUB_OUTPUT: 
job-core	Checkout code	2025-04-02T12:05:29.4312457Z ##[endgroup]
job-core	Checkout code	2025-04-02T12:05:29.5977508Z Syncing repository: Ka0s-Klaus/ka0s
job-core	Checkout code	2025-04-02T12:05:29.5981241Z ##[group]Getting Git version info
job-core	Checkout code	2025-04-02T12:05:29.5982410Z Working directory is '/actions-runner/_work/ka0s/ka0s'
job-core	Checkout code	2025-04-02T12:05:29.5983955Z [command]/usr/bin/git version
job-core	Checkout code	2025-04-02T12:05:29.5984702Z git version 2.48.1
job-core	Checkout code	2025-04-02T12:05:29.6009118Z ##[endgroup]
job-core	Checkout code	2025-04-02T12:05:29.6024236Z Copying '/home/kaos/.gitconfig' to '/actions-runner/_work/_temp/0d79cd32-0f63-45d8-8d39-f6f25ffa6646/.gitconfig'
job-core	Checkout code	2025-04-02T12:05:29.6043946Z Temporarily overriding HOME='/actions-runner/_work/_temp/0d79cd32-0f63-45d8-8d39-f6f25ffa6646' before making global git config changes
job-core	Checkout code	2025-04-02T12:05:29.6046368Z Adding repository directory to the temporary git global config as a safe directory
job-core	Checkout code	2025-04-02T12:05:29.6049995Z [command]/usr/bin/git config --global --add safe.directory /actions-runner/_work/ka0s/ka0s
job-core	Checkout code	2025-04-02T12:05:29.6114144Z [command]/usr/bin/git config --local --get remote.origin.url
job-core	Checkout code	2025-04-02T12:05:29.6151870Z https://github.com/Ka0s-Klaus/ka0s
job-core	Checkout code	2025-04-02T12:05:29.6180907Z ##[group]Removing previously created refs, to avoid conflicts
job-core	Checkout code	2025-04-02T12:05:29.6189911Z [command]/usr/bin/git rev-parse --symbolic-full-name --verify --quiet HEAD
job-core	Checkout code	2025-04-02T12:05:29.6221122Z refs/heads/H215-modulo-de-summary
job-core	Checkout code	2025-04-02T12:05:29.6237936Z [command]/usr/bin/git checkout --detach
job-core	Checkout code	2025-04-02T12:05:29.6436859Z HEAD is now at ddd3e8a Update workflow resume
job-core	Checkout code	2025-04-02T12:05:29.6521798Z [command]/usr/bin/git branch --delete --force H215-modulo-de-summary
job-core	Checkout code	2025-04-02T12:05:29.6570513Z Deleted branch H215-modulo-de-summary (was ddd3e8a).
job-core	Checkout code	2025-04-02T12:05:29.6649124Z ##[endgroup]
job-core	Checkout code	2025-04-02T12:05:29.6656587Z [command]/usr/bin/git submodule status
job-core	Checkout code	2025-04-02T12:05:29.7041874Z ##[group]Cleaning the repository
job-core	Checkout code	2025-04-02T12:05:29.7049835Z [command]/usr/bin/git clean -ffdx
job-core	Checkout code	2025-04-02T12:05:29.7114480Z Removing core/outputs/w/kaos-workflows-available.json
job-core	Checkout code	2025-04-02T12:05:29.7119016Z Removing core/outputs/w/kaos-workflows-runs.json
job-core	Checkout code	2025-04-02T12:05:29.7132525Z [command]/usr/bin/git reset --hard HEAD
job-core	Checkout code	2025-04-02T12:05:29.7330840Z HEAD is now at ddd3e8a Update workflow resume
job-core	Checkout code	2025-04-02T12:05:29.7341521Z ##[endgroup]
job-core	Checkout code	2025-04-02T12:05:29.7344001Z ##[group]Disabling automatic garbage collection
job-core	Checkout code	2025-04-02T12:05:29.7350381Z [command]/usr/bin/git config --local gc.auto 0
job-core	Checkout code	2025-04-02T12:05:29.7394855Z ##[endgroup]
job-core	Checkout code	2025-04-02T12:05:29.7405643Z ##[group]Setting up auth
job-core	Checkout code	2025-04-02T12:05:29.7408045Z [command]/usr/bin/git config --local --name-only --get-regexp core\.sshCommand
job-core	Checkout code	2025-04-02T12:05:29.7460929Z [command]/usr/bin/git submodule foreach --recursive sh -c "git config --local --name-only --get-regexp 'core\.sshCommand' && git config --local --unset-all 'core.sshCommand' || :"
job-core	Checkout code	2025-04-02T12:05:29.7851418Z [command]/usr/bin/git config --local --name-only --get-regexp http\.https\:\/\/github\.com\/\.extraheader
job-core	Checkout code	2025-04-02T12:05:29.7897572Z [command]/usr/bin/git submodule foreach --recursive sh -c "git config --local --name-only --get-regexp 'http\.https\:\/\/github\.com\/\.extraheader' && git config --local --unset-all 'http.https://github.com/.extraheader' || :"
job-core	Checkout code	2025-04-02T12:05:29.8294546Z [command]/usr/bin/git config --local http.https://github.com/.extraheader AUTHORIZATION: basic ***
job-core	Checkout code	2025-04-02T12:05:29.8352515Z ##[endgroup]
job-core	Checkout code	2025-04-02T12:05:29.8354809Z ##[group]Fetching the repository
job-core	Checkout code	2025-04-02T12:05:29.8370745Z [command]/usr/bin/git -c protocol.version=2 fetch --prune --no-recurse-submodules origin +refs/heads/*:refs/remotes/origin/* +refs/tags/*:refs/tags/*
job-core	Checkout code	2025-04-02T12:05:30.5889420Z [command]/usr/bin/git branch --list --remote origin/H215-modulo-de-summary
job-core	Checkout code	2025-04-02T12:05:30.5918913Z   origin/H215-modulo-de-summary
job-core	Checkout code	2025-04-02T12:05:30.5943313Z [command]/usr/bin/git rev-parse refs/remotes/origin/H215-modulo-de-summary
job-core	Checkout code	2025-04-02T12:05:30.6006568Z ddd3e8a95471d1332258cb62a43d66f056190682
job-core	Checkout code	2025-04-02T12:05:30.6021024Z ##[endgroup]
job-core	Checkout code	2025-04-02T12:05:30.6023814Z ##[group]Determining the checkout info
job-core	Checkout code	2025-04-02T12:05:30.6027684Z ##[endgroup]
job-core	Checkout code	2025-04-02T12:05:30.6034001Z [command]/usr/bin/git sparse-checkout disable
job-core	Checkout code	2025-04-02T12:05:30.6124147Z [command]/usr/bin/git config --local --unset-all extensions.worktreeConfig
job-core	Checkout code	2025-04-02T12:05:30.6176745Z ##[group]Checking out the ref
job-core	Checkout code	2025-04-02T12:05:30.6182458Z [command]/usr/bin/git checkout --progress --force -B H215-modulo-de-summary refs/remotes/origin/H215-modulo-de-summary
job-core	Checkout code	2025-04-02T12:05:30.6352763Z Switched to a new branch 'H215-modulo-de-summary'
job-core	Checkout code	2025-04-02T12:05:30.6363527Z branch 'H215-modulo-de-summary' set up to track 'origin/H215-modulo-de-summary'.
job-core	Checkout code	2025-04-02T12:05:30.6484009Z ##[endgroup]
job-core	Checkout code	2025-04-02T12:05:30.6489924Z [command]/usr/bin/git log -1 --format=%H
job-core	Checkout code	2025-04-02T12:05:30.6498475Z ddd3e8a95471d1332258cb62a43d66f056190682
job-core	Validate file extensions	ï»¿2025-04-02T12:05:30.6893585Z ##[group]Run IFS=' ' read -r -a extensions <<< "***"
job-core	Validate file extensions	2025-04-02T12:05:30.6895910Z [36;1mIFS=' ' read -r -a extensions <<< "***"[0m
job-core	Validate file extensions	2025-04-02T12:05:30.6897869Z [36;1mfor file in $(git diff --name-only HEAD~1 HEAD); do[0m
job-core	Validate file extensions	2025-04-02T12:05:30.6899721Z [36;1m  extension="${file##*.}"[0m
job-core	Validate file extensions	2025-04-02T12:05:30.6901581Z [36;1m  if [[ ! " ${extensions[@]} " =~ " ${extension} " ]]; then[0m
job-core	Validate file extensions	2025-04-02T12:05:30.6903704Z [36;1m    echo "File $file has an invalid extension: $extension"[0m
job-core	Validate file extensions	2025-04-02T12:05:30.6905520Z [36;1m  fi[0m
job-core	Validate file extensions	2025-04-02T12:05:30.6906567Z [36;1mdone[0m
job-core	Validate file extensions	2025-04-02T12:05:30.6908138Z [36;1mRNNUMBER=$(echo "H215-modulo-de-summary" | grep -o '[0-9]*')[0m
job-core	Validate file extensions	2025-04-02T12:05:30.6910717Z [36;1mgh issue comment $RNNUMBER --body "Se inicia Ka0s 14219146011 "[0m
job-core	Validate file extensions	2025-04-02T12:05:30.6927928Z shell: /usr/bin/bash -e {0}
job-core	Validate file extensions	2025-04-02T12:05:30.6929282Z env:
job-core	Validate file extensions	2025-04-02T12:05:30.6930370Z   KAOS_CODE: 14219146011
job-core	Validate file extensions	2025-04-02T12:05:30.6931629Z   KAOS_EVENT_NAME: push
job-core	Validate file extensions	2025-04-02T12:05:30.6932838Z   KAOS_ACTION: 
job-core	Validate file extensions	2025-04-02T12:05:30.6934169Z   KAOS_REF: refs/heads/H215-modulo-de-summary
job-core	Validate file extensions	2025-04-02T12:05:30.6936265Z   KAOS_MODULE: [Ka0S] kaos
job-core	Validate file extensions	2025-04-02T12:05:30.6938308Z   KAOS_PATH_RESUME: core/results/k/
job-core	Validate file extensions	2025-04-02T12:05:30.6941428Z   KAOS_JSON: core/results/event_data_
job-core	Validate file extensions	2025-04-02T12:05:30.6944417Z   KAOS_ACTOR: ***
job-core	Validate file extensions	2025-04-02T12:05:30.6946275Z   GITHUB_OUTPUT: 
job-core	Validate file extensions	2025-04-02T12:05:30.6949090Z   GH_TOKEN: ***
job-core	Validate file extensions	2025-04-02T12:05:30.6951092Z ##[endgroup]
job-core	Validate file extensions	2025-04-02T12:05:30.7079523Z File core/outputs/w/workflows-available-14219099333.json has an invalid extension: json
job-core	Validate file extensions	2025-04-02T12:05:30.7087635Z File core/outputs/w/workflows-runs-14219099333.json has an invalid extension: json
job-core	Validate file extensions	2025-04-02T12:05:32.0863234Z https://github.com/Ka0s-Klaus/ka0s/issues/215#issuecomment-2772351872
job-core	Crear JSON	ï»¿2025-04-02T12:05:32.1097034Z ##[group]Run echo "{}" >> core/results/event_data_14219146011.json
job-core	Crear JSON	2025-04-02T12:05:32.1099165Z [36;1mecho "{}" >> core/results/event_data_14219146011.json[0m
job-core	Crear JSON	2025-04-02T12:05:32.1101245Z [36;1mcase "push" in[0m
job-core	Crear JSON	2025-04-02T12:05:32.1102351Z [36;1m  "push")[0m
job-core	Crear JSON	2025-04-02T12:05:32.1107571Z [36;1m    echo "{\"event\": \"push\", \"ref\": \"refs/heads/H215-modulo-de-summary\", \"sha\": \"ddd3e8a95471d1332258cb62a43d66f056190682\"}" >> core/results/event_data_14219146011.json # Ejemplo: {"event": "push", "ref": "refs/heads/main", "sha": "abc123"}[0m
job-core	Crear JSON	2025-04-02T12:05:32.1119119Z [36;1m    echo "Variable github.action=crear_json" >> core/results/event_data_14219146011.json[0m
job-core	Crear JSON	2025-04-02T12:05:32.1123126Z [36;1m    echo "Variable github.event.action="[0m
job-core	Crear JSON	2025-04-02T12:05:32.1125927Z [36;1m    echo "Variable github.event.pusher.name=***" >> core/results/event_data_14219146011.json[0m
job-core	Crear JSON	2025-04-02T12:05:32.1129203Z [36;1m    echo "variable github.event.pusher.email=***" >> core/results/event_data_14219146011.json[0m
job-core	Crear JSON	2025-04-02T12:05:32.1132524Z [36;1m    echo "Variable github.event.issue.number=" >> core/results/event_data_14219146011.json[0m
job-core	Crear JSON	2025-04-02T12:05:32.1136343Z [36;1m    #Crear un fichero de resumen con todos los datos de los commits asociados, esta informaciÃ³n es usada en todo el ciclo de vida del workflow[0m
job-core	Crear JSON	2025-04-02T12:05:32.1141906Z [36;1m    git log c3d31e43def99be5088890cb5d7a308d36b26b12..ddd3e8a95471d1332258cb62a43d66f056190682 --pretty=format:'%H%n%an%n%ae%n%ad%n%s' > core/results/k/commit-summary-$KAOS_CODE_FILES.txt[0m
job-core	Crear JSON	2025-04-02T12:05:32.1147553Z [36;1m    # Crear un fichero con la ruta completa y el nombre ficheros implicados en el commit[0m
job-core	Crear JSON	2025-04-02T12:05:32.1151969Z [36;1m    git diff --name-only c3d31e43def99be5088890cb5d7a308d36b26b12 ddd3e8a95471d1332258cb62a43d66f056190682 > core/results/k/files-in-commit-$KAOS_CODE_FILES.txt[0m
job-core	Crear JSON	2025-04-02T12:05:32.1156229Z [36;1m    INVOLVED=core/results/k/files-in-commit-$KAOS_CODE_FILES.txt[0m
job-core	Crear JSON	2025-04-02T12:05:32.1158196Z [36;1m    #echo "INVOLVED=$INVOLVED" >> $GITHUB_OUTPUT[0m
job-core	Crear JSON	2025-04-02T12:05:32.1160751Z [36;1m    echo "INVOLVED=$INVOLVED" >> core/results/event_data_14219146011.json[0m
job-core	Crear JSON	2025-04-02T12:05:32.1162722Z [36;1m    ;;[0m
job-core	Crear JSON	2025-04-02T12:05:32.1163696Z [36;1m  "pull_request")[0m
job-core	Crear JSON	2025-04-02T12:05:32.1166242Z [36;1m    echo "{\"event\": \"pull_request\", \"action\": \"\", \"number\": \"\"}" > event_data.json # Ejemplo: {"event": "pull_request", "action": "opened", "number": "42"}[0m
job-core	Crear JSON	2025-04-02T12:05:32.1168951Z [36;1m    ;;[0m
job-core	Crear JSON	2025-04-02T12:05:32.1169911Z [36;1m  "issues")[0m
job-core	Crear JSON	2025-04-02T12:05:32.1172698Z [36;1m    echo "{\"event\": \"issues\", \"action\": \"\", \"issue\": \"\"}" > event_data.json # Ejemplo: {"event": "issues", "action": "opened", "issue": "99"}[0m
job-core	Crear JSON	2025-04-02T12:05:32.1175191Z [36;1m    ;;[0m
job-core	Crear JSON	2025-04-02T12:05:32.1176198Z [36;1m  "issue_comment")[0m
job-core	Crear JSON	2025-04-02T12:05:32.1178907Z [36;1m    echo "{\"event\": \"issue_comment\", \"action\": \"\", \"comment\": \"\"}" > event_data.json # Ejemplo: {"event": "issue_comment", "action": "created", "comment": "123456"}[0m
job-core	Crear JSON	2025-04-02T12:05:32.1182127Z [36;1m    ;;[0m
job-core	Crear JSON	2025-04-02T12:05:32.1183091Z [36;1m  "create")[0m
job-core	Crear JSON	2025-04-02T12:05:32.1186599Z [36;1m    echo "{\"event\": \"create\", \"ref\": \"refs/heads/H215-modulo-de-summary\", \"ref_type\": \"refs/heads/H215-modulo-de-summary\"}" > event_data.json # Ejemplo: {"event": "create", "ref": "refs/tags/v1.0", "ref_type": "tag"}[0m
job-core	Crear JSON	2025-04-02T12:05:32.1191233Z [36;1m    ;;[0m
job-core	Crear JSON	2025-04-02T12:05:32.1192351Z [36;1m  "delete")[0m
job-core	Crear JSON	2025-04-02T12:05:32.1196052Z [36;1m    echo "{\"event\": \"delete\", \"ref\": \"refs/heads/H215-modulo-de-summary\", \"ref_type\": \"refs/heads/H215-modulo-de-summary\"}" > event_data.json # Ejemplo: {"event": "delete", "ref": "refs/heads/feature-branch", "ref_type": "branch"}[0m
job-core	Crear JSON	2025-04-02T12:05:32.1199966Z [36;1m    ;;[0m
job-core	Crear JSON	2025-04-02T12:05:32.1201960Z [36;1m  "release")[0m
job-core	Crear JSON	2025-04-02T12:05:32.1205626Z [36;1m    echo "{\"event\": \"release\", \"action\": \"\", \"release\": \"\"}" > event_data.json # Ejemplo: {"event": "release", "action": "published", "release": "v1.0"}[0m
job-core	Crear JSON	2025-04-02T12:05:32.1208591Z [36;1m    ;;[0m
job-core	Crear JSON	2025-04-02T12:05:32.1209541Z [36;1m  "watch")[0m
job-core	Crear JSON	2025-04-02T12:05:32.1211962Z [36;1m    echo "{\"event\": \"watch\", \"action\": \"\"}" > event_data.json # Ejemplo: {"event": "watch", "action": "started"}[0m
job-core	Crear JSON	2025-04-02T12:05:32.1214131Z [36;1m    ;;[0m
job-core	Crear JSON	2025-04-02T12:05:32.1215158Z [36;1m  "repository_dispatch")[0m
job-core	Crear JSON	2025-04-02T12:05:32.1217806Z [36;1m    echo "{\"event\": \"repository_dispatch\", \"action\": \"\"}" > event_data.json # Ejemplo: {"event": "repository_dispatch", "action": "custom-event"}[0m
job-core	Crear JSON	2025-04-02T12:05:32.1220899Z [36;1m    ;;[0m
job-core	Crear JSON	2025-04-02T12:05:32.1221898Z [36;1m  "workflow_dispatch")[0m
job-core	Crear JSON	2025-04-02T12:05:32.1223967Z [36;1m    echo "{\"event\": \"workflow_dispatch\"}" > event_data.json # Ejemplo: {"event": "workflow_dispatch"}[0m
job-core	Crear JSON	2025-04-02T12:05:32.1226788Z [36;1m    ;;[0m
job-core	Crear JSON	2025-04-02T12:05:32.1227728Z [36;1m  *)[0m
job-core	Crear JSON	2025-04-02T12:05:32.1229635Z [36;1m    echo "{\"event\": \"unknown\"}" > event_data.json # Ejemplo: {"event": "unknown"}[0m
job-core	Crear JSON	2025-04-02T12:05:32.1231757Z [36;1m    ;;[0m
job-core	Crear JSON	2025-04-02T12:05:32.1232701Z [36;1mesac      [0m
job-core	Crear JSON	2025-04-02T12:05:32.1245347Z shell: /usr/bin/bash -e {0}
job-core	Crear JSON	2025-04-02T12:05:32.1246450Z env:
job-core	Crear JSON	2025-04-02T12:05:32.1247304Z   KAOS_CODE: 14219146011
job-core	Crear JSON	2025-04-02T12:05:32.1248366Z   KAOS_EVENT_NAME: push
job-core	Crear JSON	2025-04-02T12:05:32.1249397Z   KAOS_ACTION: 
job-core	Crear JSON	2025-04-02T12:05:32.1250956Z   KAOS_REF: refs/heads/H215-modulo-de-summary
job-core	Crear JSON	2025-04-02T12:05:32.1252361Z   KAOS_MODULE: [Ka0S] kaos
job-core	Crear JSON	2025-04-02T12:05:32.1253499Z   KAOS_PATH_RESUME: core/results/k/
job-core	Crear JSON	2025-04-02T12:05:32.1254778Z   KAOS_JSON: core/results/event_data_
job-core	Crear JSON	2025-04-02T12:05:32.1256179Z   KAOS_ACTOR: ***
job-core	Crear JSON	2025-04-02T12:05:32.1257125Z   GITHUB_OUTPUT: 
job-core	Crear JSON	2025-04-02T12:05:32.1258046Z ##[endgroup]
job-core	Crear JSON	2025-04-02T12:05:32.1317460Z Variable github.event.action=
job-core	Set environment variable for ref	ï»¿2025-04-02T12:05:32.1483176Z ##[group]Run echo "GITHUB_REF=refs/heads/H215-modulo-de-summary" >> $GITHUB_ENV
job-core	Set environment variable for ref	2025-04-02T12:05:32.1485892Z [36;1mecho "GITHUB_REF=refs/heads/H215-modulo-de-summary" >> $GITHUB_ENV[0m
job-core	Set environment variable for ref	2025-04-02T12:05:32.1499392Z shell: /usr/bin/bash -e {0}
job-core	Set environment variable for ref	2025-04-02T12:05:32.1501080Z env:
job-core	Set environment variable for ref	2025-04-02T12:05:32.1502030Z   KAOS_CODE: 14219146011
job-core	Set environment variable for ref	2025-04-02T12:05:32.1503098Z   KAOS_EVENT_NAME: push
job-core	Set environment variable for ref	2025-04-02T12:05:32.1504100Z   KAOS_ACTION: 
job-core	Set environment variable for ref	2025-04-02T12:05:32.1505137Z   KAOS_REF: refs/heads/H215-modulo-de-summary
job-core	Set environment variable for ref	2025-04-02T12:05:32.1506489Z   KAOS_MODULE: [Ka0S] kaos
job-core	Set environment variable for ref	2025-04-02T12:05:32.1507611Z   KAOS_PATH_RESUME: core/results/k/
job-core	Set environment variable for ref	2025-04-02T12:05:32.1508858Z   KAOS_JSON: core/results/event_data_
job-core	Set environment variable for ref	2025-04-02T12:05:32.1510522Z   KAOS_ACTOR: ***
job-core	Set environment variable for ref	2025-04-02T12:05:32.1511855Z   GITHUB_OUTPUT: 
job-core	Set environment variable for ref	2025-04-02T12:05:32.1512784Z ##[endgroup]
job-core	Upload Files	ï»¿2025-04-02T12:05:32.1683417Z ##[group]Run echo "Uploading files to the repository..."
job-core	Upload Files	2025-04-02T12:05:32.1685175Z [36;1mecho "Uploading files to the repository..."[0m
job-core	Upload Files	2025-04-02T12:05:32.1686862Z [36;1mgit config --global user.name "***"[0m
job-core	Upload Files	2025-04-02T12:05:32.1688421Z [36;1mgit config --global user.email "***"[0m
job-core	Upload Files	2025-04-02T12:05:32.1689732Z [36;1mgit pull[0m
job-core	Upload Files	2025-04-02T12:05:32.1691306Z [36;1mgit add core/results/event_data_*[0m
job-core	Upload Files	2025-04-02T12:05:32.1693172Z [36;1mgit commit -m "[Ka0S] Uploading resume execution files to the repository..."[0m
job-core	Upload Files	2025-04-02T12:05:32.1695276Z [36;1mgit push origin refs/heads/H215-modulo-de-summary[0m
job-core	Upload Files	2025-04-02T12:05:32.1697094Z [36;1mgit push origin $GITHUB_REF     [0m
job-core	Upload Files	2025-04-02T12:05:32.1708564Z shell: /usr/bin/bash -e {0}
job-core	Upload Files	2025-04-02T12:05:32.1710993Z env:
job-core	Upload Files	2025-04-02T12:05:32.1711871Z   KAOS_CODE: 14219146011
job-core	Upload Files	2025-04-02T12:05:32.1712920Z   KAOS_EVENT_NAME: push
job-core	Upload Files	2025-04-02T12:05:32.1713934Z   KAOS_ACTION: 
job-core	Upload Files	2025-04-02T12:05:32.1714976Z   KAOS_REF: refs/heads/H215-modulo-de-summary
job-core	Upload Files	2025-04-02T12:05:32.1716334Z   KAOS_MODULE: [Ka0S] kaos
job-core	Upload Files	2025-04-02T12:05:32.1717457Z   KAOS_PATH_RESUME: core/results/k/
job-core	Upload Files	2025-04-02T12:05:32.1718695Z   KAOS_JSON: core/results/event_data_
job-core	Upload Files	2025-04-02T12:05:32.1720068Z   KAOS_ACTOR: ***
job-core	Upload Files	2025-04-02T12:05:32.1721385Z   GITHUB_OUTPUT: 
job-core	Upload Files	2025-04-02T12:05:32.1722464Z   GITHUB_REF: refs/heads/H215-modulo-de-summary
job-core	Upload Files	2025-04-02T12:05:32.1723759Z ##[endgroup]
job-core	Upload Files	2025-04-02T12:05:32.1776736Z Uploading files to the repository...
job-core	Upload Files	2025-04-02T12:05:33.1319047Z Already up to date.
job-core	Upload Files	2025-04-02T12:05:33.1586326Z [H215-modulo-de-summary be1e6f1] [Ka0S] Uploading resume execution files to the repository...
job-core	Upload Files	2025-04-02T12:05:33.1588128Z  1 file changed, 7 insertions(+)
job-core	Upload Files	2025-04-02T12:05:33.1589336Z  create mode 100644 core/results/event_data_14219146011.json
job-core	Upload Files	2025-04-02T12:05:34.5471762Z To https://github.com/Ka0s-Klaus/ka0s
job-core	Upload Files	2025-04-02T12:05:34.5473561Z    ddd3e8a..be1e6f1  H215-modulo-de-summary -> H215-modulo-de-summary
job-core	Upload Files	2025-04-02T12:05:35.0705568Z Everything up-to-date
job-core	Run git diff --name-only c3d31e43def99be5088890cb5d7a308d36b26b12 ddd3e8a95471d1332258cb62a43d66f056190682 > files-in-commit.txt	ï»¿2025-04-02T12:05:35.1215721Z ##[group]Run git diff --name-only c3d31e43def99be5088890cb5d7a308d36b26b12 ddd3e8a95471d1332258cb62a43d66f056190682 > files-in-commit.txt
job-core	Run git diff --name-only c3d31e43def99be5088890cb5d7a308d36b26b12 ddd3e8a95471d1332258cb62a43d66f056190682 > files-in-commit.txt	2025-04-02T12:05:35.1218603Z [36;1mgit diff --name-only c3d31e43def99be5088890cb5d7a308d36b26b12 ddd3e8a95471d1332258cb62a43d66f056190682 > files-in-commit.txt[0m
job-core	Run git diff --name-only c3d31e43def99be5088890cb5d7a308d36b26b12 ddd3e8a95471d1332258cb62a43d66f056190682 > files-in-commit.txt	2025-04-02T12:05:35.1220484Z [36;1mcat files-in-commit.txt[0m
job-core	Run git diff --name-only c3d31e43def99be5088890cb5d7a308d36b26b12 ddd3e8a95471d1332258cb62a43d66f056190682 > files-in-commit.txt	2025-04-02T12:05:35.1221342Z [36;1m# Nuevo proceso de activacion de los modulos[0m
job-core	Run git diff --name-only c3d31e43def99be5088890cb5d7a308d36b26b12 ddd3e8a95471d1332258cb62a43d66f056190682 > files-in-commit.txt	2025-04-02T12:05:35.1222244Z [36;1mwhile IFS= read -r line; do[0m
job-core	Run git diff --name-only c3d31e43def99be5088890cb5d7a308d36b26b12 ddd3e8a95471d1332258cb62a43d66f056190682 > files-in-commit.txt	2025-04-02T12:05:35.1223070Z [36;1m  # Skip files in core/outputs directory[0m
job-core	Run git diff --name-only c3d31e43def99be5088890cb5d7a308d36b26b12 ddd3e8a95471d1332258cb62a43d66f056190682 > files-in-commit.txt	2025-04-02T12:05:35.1223970Z [36;1m  if [[ "$line" == core/outputs/* ]]; then[0m
job-core	Run git diff --name-only c3d31e43def99be5088890cb5d7a308d36b26b12 ddd3e8a95471d1332258cb62a43d66f056190682 > files-in-commit.txt	2025-04-02T12:05:35.1224973Z [36;1m    echo "Skipping file in outputs directory: $line"[0m
job-core	Run git diff --name-only c3d31e43def99be5088890cb5d7a308d36b26b12 ddd3e8a95471d1332258cb62a43d66f056190682 > files-in-commit.txt	2025-04-02T12:05:35.1246304Z [36;1m    continue[0m
job-core	Run git diff --name-only c3d31e43def99be5088890cb5d7a308d36b26b12 ddd3e8a95471d1332258cb62a43d66f056190682 > files-in-commit.txt	2025-04-02T12:05:35.1247092Z [36;1m  fi[0m
job-core	Run git diff --name-only c3d31e43def99be5088890cb5d7a308d36b26b12 ddd3e8a95471d1332258cb62a43d66f056190682 > files-in-commit.txt	2025-04-02T12:05:35.1247835Z [36;1m  echo "I Leemos el fichero files-in-commit.txt y extraemos el fichero $line"[0m
job-core	Run git diff --name-only c3d31e43def99be5088890cb5d7a308d36b26b12 ddd3e8a95471d1332258cb62a43d66f056190682 > files-in-commit.txt	2025-04-02T12:05:35.1248717Z [36;1m  module_failed=0[0m
job-core	Run git diff --name-only c3d31e43def99be5088890cb5d7a308d36b26b12 ddd3e8a95471d1332258cb62a43d66f056190682 > files-in-commit.txt	2025-04-02T12:05:35.1249332Z [36;1m  extension_failed=0[0m
job-core	Run git diff --name-only c3d31e43def99be5088890cb5d7a308d36b26b12 ddd3e8a95471d1332258cb62a43d66f056190682 > files-in-commit.txt	2025-04-02T12:05:35.1249886Z [36;1m  file_name=$(basename "$line")[0m
job-core	Run git diff --name-only c3d31e43def99be5088890cb5d7a308d36b26b12 ddd3e8a95471d1332258cb62a43d66f056190682 > files-in-commit.txt	2025-04-02T12:05:35.1250908Z [36;1m  echo "I-1 Calculamos el nombre del fichero $file_name"[0m
job-core	Run git diff --name-only c3d31e43def99be5088890cb5d7a308d36b26b12 ddd3e8a95471d1332258cb62a43d66f056190682 > files-in-commit.txt	2025-04-02T12:05:35.1251686Z [36;1m  file_extension="${file_name##*.}"[0m
job-core	Run git diff --name-only c3d31e43def99be5088890cb5d7a308d36b26b12 ddd3e8a95471d1332258cb62a43d66f056190682 > files-in-commit.txt	2025-04-02T12:05:35.1252483Z [36;1m  echo "I-2 Calculamos la extension del fichero $file_extension"[0m
job-core	Run git diff --name-only c3d31e43def99be5088890cb5d7a308d36b26b12 ddd3e8a95471d1332258cb62a43d66f056190682 > files-in-commit.txt	2025-04-02T12:05:35.1253332Z [36;1m  file_module="$file_extension""lint.yml"[0m
job-core	Run git diff --name-only c3d31e43def99be5088890cb5d7a308d36b26b12 ddd3e8a95471d1332258cb62a43d66f056190682 > files-in-commit.txt	2025-04-02T12:05:35.1254064Z [36;1m  echo "I-3 Calculamos el modulo $file_module"[0m
job-core	Run git diff --name-only c3d31e43def99be5088890cb5d7a308d36b26b12 ddd3e8a95471d1332258cb62a43d66f056190682 > files-in-commit.txt	2025-04-02T12:05:35.1254800Z [36;1m  IFS=',' read -r -a file_array <<< "$files"[0m
job-core	Run git diff --name-only c3d31e43def99be5088890cb5d7a308d36b26b12 ddd3e8a95471d1332258cb62a43d66f056190682 > files-in-commit.txt	2025-04-02T12:05:35.1255493Z [36;1m  for file in "${file_array[@]}"; do[0m
job-core	Run git diff --name-only c3d31e43def99be5088890cb5d7a308d36b26b12 ddd3e8a95471d1332258cb62a43d66f056190682 > files-in-commit.txt	2025-04-02T12:05:35.1256145Z [36;1m    echo "II Leemos el array de $file"[0m
job-core	Run git diff --name-only c3d31e43def99be5088890cb5d7a308d36b26b12 ddd3e8a95471d1332258cb62a43d66f056190682 > files-in-commit.txt	2025-04-02T12:05:35.1256839Z [36;1m    if [[ "$file_extension" == "$file" ]]; then[0m
job-core	Run git diff --name-only c3d31e43def99be5088890cb5d7a308d36b26b12 ddd3e8a95471d1332258cb62a43d66f056190682 > files-in-commit.txt	2025-04-02T12:05:35.1257663Z [36;1m      echo "III Comprobamos si $file_extension es igual a $file"[0m
job-core	Run git diff --name-only c3d31e43def99be5088890cb5d7a308d36b26b12 ddd3e8a95471d1332258cb62a43d66f056190682 > files-in-commit.txt	2025-04-02T12:05:35.1258530Z [36;1m      IFS=',' read -r -a module_array <<< "$modules"[0m
job-core	Run git diff --name-only c3d31e43def99be5088890cb5d7a308d36b26b12 ddd3e8a95471d1332258cb62a43d66f056190682 > files-in-commit.txt	2025-04-02T12:05:35.1259250Z [36;1m      for module in "${module_array[@]}"; do[0m
job-core	Run git diff --name-only c3d31e43def99be5088890cb5d7a308d36b26b12 ddd3e8a95471d1332258cb62a43d66f056190682 > files-in-commit.txt	2025-04-02T12:05:35.1259931Z [36;1m        echo "IV Leemos el array $module"[0m
job-core	Run git diff --name-only c3d31e43def99be5088890cb5d7a308d36b26b12 ddd3e8a95471d1332258cb62a43d66f056190682 > files-in-commit.txt	2025-04-02T12:05:35.1260748Z [36;1m        if [[ "$file_module" == *"$module"* ]]; then[0m
job-core	Run git diff --name-only c3d31e43def99be5088890cb5d7a308d36b26b12 ddd3e8a95471d1332258cb62a43d66f056190682 > files-in-commit.txt	2025-04-02T12:05:35.1261709Z [36;1m          echo "V Comprobamos que el $file_module es igual a $module y ejecutamos el flujo"[0m
job-core	Run git diff --name-only c3d31e43def99be5088890cb5d7a308d36b26b12 ddd3e8a95471d1332258cb62a43d66f056190682 > files-in-commit.txt	2025-04-02T12:05:35.1262777Z [36;1m          # Si hemos llegado hasta aquÃ­ ejecutamos el mÃ³dulo[0m
job-core	Run git diff --name-only c3d31e43def99be5088890cb5d7a308d36b26b12 ddd3e8a95471d1332258cb62a43d66f056190682 > files-in-commit.txt	2025-04-02T12:05:35.1263530Z [36;1m          # Lanzamos el lint del fichero[0m
job-core	Run git diff --name-only c3d31e43def99be5088890cb5d7a308d36b26b12 ddd3e8a95471d1332258cb62a43d66f056190682 > files-in-commit.txt	2025-04-02T12:05:35.1264937Z [36;1m          RNNUMBER=$(echo "refs/heads/H215-modulo-de-summary" | grep -o '[0-9]*')[0m
job-core	Run git diff --name-only c3d31e43def99be5088890cb5d7a308d36b26b12 ddd3e8a95471d1332258cb62a43d66f056190682 > files-in-commit.txt	2025-04-02T12:05:35.1265888Z [36;1m          echo "El numero de la issue es: $RNNUMBER"[0m
job-core	Run git diff --name-only c3d31e43def99be5088890cb5d7a308d36b26b12 ddd3e8a95471d1332258cb62a43d66f056190682 > files-in-commit.txt	2025-04-02T12:05:35.1268087Z [36;1m          gh workflow run $file_module --ref refs/heads/H215-modulo-de-summary -f kaos-origin=14219146011 -f kaos-files=$line -f kaos-issue-id=$RNNUMBER -f kaos-user-start=***[0m
job-core	Run git diff --name-only c3d31e43def99be5088890cb5d7a308d36b26b12 ddd3e8a95471d1332258cb62a43d66f056190682 > files-in-commit.txt	2025-04-02T12:05:35.1269648Z [36;1m          module_failed=0[0m
job-core	Run git diff --name-only c3d31e43def99be5088890cb5d7a308d36b26b12 ddd3e8a95471d1332258cb62a43d66f056190682 > files-in-commit.txt	2025-04-02T12:05:35.1270613Z [36;1m          extension_failed=0[0m
job-core	Run git diff --name-only c3d31e43def99be5088890cb5d7a308d36b26b12 ddd3e8a95471d1332258cb62a43d66f056190682 > files-in-commit.txt	2025-04-02T12:05:35.1271188Z [36;1m          break[0m
job-core	Run git diff --name-only c3d31e43def99be5088890cb5d7a308d36b26b12 ddd3e8a95471d1332258cb62a43d66f056190682 > files-in-commit.txt	2025-04-02T12:05:35.1271662Z [36;1m        else[0m
job-core	Run git diff --name-only c3d31e43def99be5088890cb5d7a308d36b26b12 ddd3e8a95471d1332258cb62a43d66f056190682 > files-in-commit.txt	2025-04-02T12:05:35.1272275Z [36;1m          # Control de si existe el modulo para esa extension"[0m
job-core	Run git diff --name-only c3d31e43def99be5088890cb5d7a308d36b26b12 ddd3e8a95471d1332258cb62a43d66f056190682 > files-in-commit.txt	2025-04-02T12:05:35.1273352Z [36;1m          echo "VI No es igual $file_module a $module y lo indicamos en la variable module_failed=1"[0m
job-core	Run git diff --name-only c3d31e43def99be5088890cb5d7a308d36b26b12 ddd3e8a95471d1332258cb62a43d66f056190682 > files-in-commit.txt	2025-04-02T12:05:35.1274300Z [36;1m          module_failed=1[0m
job-core	Run git diff --name-only c3d31e43def99be5088890cb5d7a308d36b26b12 ddd3e8a95471d1332258cb62a43d66f056190682 > files-in-commit.txt	2025-04-02T12:05:35.1274844Z [36;1m        fi[0m
job-core	Run git diff --name-only c3d31e43def99be5088890cb5d7a308d36b26b12 ddd3e8a95471d1332258cb62a43d66f056190682 > files-in-commit.txt	2025-04-02T12:05:35.1275291Z [36;1m      done[0m
job-core	Run git diff --name-only c3d31e43def99be5088890cb5d7a308d36b26b12 ddd3e8a95471d1332258cb62a43d66f056190682 > files-in-commit.txt	2025-04-02T12:05:35.1275725Z [36;1m      break[0m
job-core	Run git diff --name-only c3d31e43def99be5088890cb5d7a308d36b26b12 ddd3e8a95471d1332258cb62a43d66f056190682 > files-in-commit.txt	2025-04-02T12:05:35.1276165Z [36;1m    else[0m
job-core	Run git diff --name-only c3d31e43def99be5088890cb5d7a308d36b26b12 ddd3e8a95471d1332258cb62a43d66f056190682 > files-in-commit.txt	2025-04-02T12:05:35.1276746Z [36;1m      # Control de si existe el modulo para esa extension"[0m
job-core	Run git diff --name-only c3d31e43def99be5088890cb5d7a308d36b26b12 ddd3e8a95471d1332258cb62a43d66f056190682 > files-in-commit.txt	2025-04-02T12:05:35.1277856Z [36;1m      echo "VII No es igual $file_extension a $file y lo indicamos en la variable extension_failed=1"[0m
job-core	Run git diff --name-only c3d31e43def99be5088890cb5d7a308d36b26b12 ddd3e8a95471d1332258cb62a43d66f056190682 > files-in-commit.txt	2025-04-02T12:05:35.1279255Z [36;1m      extension_failed=1[0m
job-core	Run git diff --name-only c3d31e43def99be5088890cb5d7a308d36b26b12 ddd3e8a95471d1332258cb62a43d66f056190682 > files-in-commit.txt	2025-04-02T12:05:35.1279783Z [36;1m    fi  [0m
job-core	Run git diff --name-only c3d31e43def99be5088890cb5d7a308d36b26b12 ddd3e8a95471d1332258cb62a43d66f056190682 > files-in-commit.txt	2025-04-02T12:05:35.1280487Z [36;1m  done[0m
job-core	Run git diff --name-only c3d31e43def99be5088890cb5d7a308d36b26b12 ddd3e8a95471d1332258cb62a43d66f056190682 > files-in-commit.txt	2025-04-02T12:05:35.1280961Z [36;1m  if [[ $module_failed == 1 ]]; then[0m
job-core	Run git diff --name-only c3d31e43def99be5088890cb5d7a308d36b26b12 ddd3e8a95471d1332258cb62a43d66f056190682 > files-in-commit.txt	2025-04-02T12:05:35.1281873Z [36;1m    echo "IX Si el modulo falla ($module_failed) aÃ±adimos el comentario a la issue"[0m
job-core	Run git diff --name-only c3d31e43def99be5088890cb5d7a308d36b26b12 ddd3e8a95471d1332258cb62a43d66f056190682 > files-in-commit.txt	2025-04-02T12:05:35.1283515Z [36;1m    # Si hemos llegado hasta aquÃ­ aÃ±adimos el mensaje de que la extension esta permitida pero no dispone de modulo activo y aqui finaliza el proceso[0m
job-core	Run git diff --name-only c3d31e43def99be5088890cb5d7a308d36b26b12 ddd3e8a95471d1332258cb62a43d66f056190682 > files-in-commit.txt	2025-04-02T12:05:35.1284949Z [36;1m    # AÃ±adimos los valores a las variables de la issue[0m
job-core	Run git diff --name-only c3d31e43def99be5088890cb5d7a308d36b26b12 ddd3e8a95471d1332258cb62a43d66f056190682 > files-in-commit.txt	2025-04-02T12:05:35.1286889Z [36;1m    KAOS_ISSUE_BODY="[Ka0S] kaos ha detectado que la extensiÃ³n ($file_extension) esta permitida dentro de KAOS_CORE_FILES, pero el mÃ³dulo asociado ($file_module) no esta activo. Por favor compruebe que exista y esta activo."[0m
job-core	Run git diff --name-only c3d31e43def99be5088890cb5d7a308d36b26b12 ddd3e8a95471d1332258cb62a43d66f056190682 > files-in-commit.txt	2025-04-02T12:05:35.1288758Z [36;1m    # AÃ±adimos el comentario a la issue[0m
job-core	Run git diff --name-only c3d31e43def99be5088890cb5d7a308d36b26b12 ddd3e8a95471d1332258cb62a43d66f056190682 > files-in-commit.txt	2025-04-02T12:05:35.1289683Z [36;1m    RNNUMBER=$(echo "refs/heads/H215-modulo-de-summary" | grep -o '[0-9]*')[0m
job-core	Run git diff --name-only c3d31e43def99be5088890cb5d7a308d36b26b12 ddd3e8a95471d1332258cb62a43d66f056190682 > files-in-commit.txt	2025-04-02T12:05:35.1290959Z [36;1m    gh issue comment $RNNUMBER --body "$KAOS_ISSUE_BODY"[0m
job-core	Run git diff --name-only c3d31e43def99be5088890cb5d7a308d36b26b12 ddd3e8a95471d1332258cb62a43d66f056190682 > files-in-commit.txt	2025-04-02T12:05:35.1291659Z [36;1m  fi[0m
job-core	Run git diff --name-only c3d31e43def99be5088890cb5d7a308d36b26b12 ddd3e8a95471d1332258cb62a43d66f056190682 > files-in-commit.txt	2025-04-02T12:05:35.1292140Z [36;1m  if [[ $extension_failed == 1 ]]; then[0m
job-core	Run git diff --name-only c3d31e43def99be5088890cb5d7a308d36b26b12 ddd3e8a95471d1332258cb62a43d66f056190682 > files-in-commit.txt	2025-04-02T12:05:35.1293123Z [36;1m    echo "X Si extension falla falla ($extension_failed) aÃ±adimos el comentario a la issue"[0m
job-core	Run git diff --name-only c3d31e43def99be5088890cb5d7a308d36b26b12 ddd3e8a95471d1332258cb62a43d66f056190682 > files-in-commit.txt	2025-04-02T12:05:35.1294413Z [36;1m    # Si hemos llegado hasta aquÃ­ aÃ±adimos el mensaje de que la extension no esta permitida[0m
job-core	Run git diff --name-only c3d31e43def99be5088890cb5d7a308d36b26b12 ddd3e8a95471d1332258cb62a43d66f056190682 > files-in-commit.txt	2025-04-02T12:05:35.1295483Z [36;1m    # AÃ±adimos los valores a las variables de la issue[0m
job-core	Run git diff --name-only c3d31e43def99be5088890cb5d7a308d36b26b12 ddd3e8a95471d1332258cb62a43d66f056190682 > files-in-commit.txt	2025-04-02T12:05:35.1297042Z [36;1m    KAOS_ISSUE_BODY="[Ka0S] kaos ha detectado que la extensiÃ³n ($file_extension) NO esta permitida dentro de KAOS_CORE_FILES. Por favor compruebe que exista y esta activo."[0m
job-core	Run git diff --name-only c3d31e43def99be5088890cb5d7a308d36b26b12 ddd3e8a95471d1332258cb62a43d66f056190682 > files-in-commit.txt	2025-04-02T12:05:35.1298554Z [36;1m    # AÃ±adimos el comentario a la issue[0m
job-core	Run git diff --name-only c3d31e43def99be5088890cb5d7a308d36b26b12 ddd3e8a95471d1332258cb62a43d66f056190682 > files-in-commit.txt	2025-04-02T12:05:35.1299465Z [36;1m    RNNUMBER=$(echo "refs/heads/H215-modulo-de-summary" | grep -o '[0-9]*')[0m
job-core	Run git diff --name-only c3d31e43def99be5088890cb5d7a308d36b26b12 ddd3e8a95471d1332258cb62a43d66f056190682 > files-in-commit.txt	2025-04-02T12:05:35.1300577Z [36;1m    gh issue comment $RNNUMBER --body "$KAOS_ISSUE_BODY"[0m
job-core	Run git diff --name-only c3d31e43def99be5088890cb5d7a308d36b26b12 ddd3e8a95471d1332258cb62a43d66f056190682 > files-in-commit.txt	2025-04-02T12:05:35.1301272Z [36;1m  fi  [0m
job-core	Run git diff --name-only c3d31e43def99be5088890cb5d7a308d36b26b12 ddd3e8a95471d1332258cb62a43d66f056190682 > files-in-commit.txt	2025-04-02T12:05:35.1301753Z [36;1mdone < files-in-commit.txt      [0m
job-core	Run git diff --name-only c3d31e43def99be5088890cb5d7a308d36b26b12 ddd3e8a95471d1332258cb62a43d66f056190682 > files-in-commit.txt	2025-04-02T12:05:35.1317664Z shell: /usr/bin/bash -e {0}
job-core	Run git diff --name-only c3d31e43def99be5088890cb5d7a308d36b26b12 ddd3e8a95471d1332258cb62a43d66f056190682 > files-in-commit.txt	2025-04-02T12:05:35.1318205Z env:
job-core	Run git diff --name-only c3d31e43def99be5088890cb5d7a308d36b26b12 ddd3e8a95471d1332258cb62a43d66f056190682 > files-in-commit.txt	2025-04-02T12:05:35.1318610Z   KAOS_CODE: 14219146011
job-core	Run git diff --name-only c3d31e43def99be5088890cb5d7a308d36b26b12 ddd3e8a95471d1332258cb62a43d66f056190682 > files-in-commit.txt	2025-04-02T12:05:35.1319102Z   KAOS_EVENT_NAME: push
job-core	Run git diff --name-only c3d31e43def99be5088890cb5d7a308d36b26b12 ddd3e8a95471d1332258cb62a43d66f056190682 > files-in-commit.txt	2025-04-02T12:05:35.1319566Z   KAOS_ACTION: 
job-core	Run git diff --name-only c3d31e43def99be5088890cb5d7a308d36b26b12 ddd3e8a95471d1332258cb62a43d66f056190682 > files-in-commit.txt	2025-04-02T12:05:35.1320270Z   KAOS_REF: refs/heads/H215-modulo-de-summary
job-core	Run git diff --name-only c3d31e43def99be5088890cb5d7a308d36b26b12 ddd3e8a95471d1332258cb62a43d66f056190682 > files-in-commit.txt	2025-04-02T12:05:35.1321244Z   KAOS_MODULE: [Ka0S] kaos
job-core	Run git diff --name-only c3d31e43def99be5088890cb5d7a308d36b26b12 ddd3e8a95471d1332258cb62a43d66f056190682 > files-in-commit.txt	2025-04-02T12:05:35.1321764Z   KAOS_PATH_RESUME: core/results/k/
job-core	Run git diff --name-only c3d31e43def99be5088890cb5d7a308d36b26b12 ddd3e8a95471d1332258cb62a43d66f056190682 > files-in-commit.txt	2025-04-02T12:05:35.1322347Z   KAOS_JSON: core/results/event_data_
job-core	Run git diff --name-only c3d31e43def99be5088890cb5d7a308d36b26b12 ddd3e8a95471d1332258cb62a43d66f056190682 > files-in-commit.txt	2025-04-02T12:05:35.1323054Z   KAOS_ACTOR: ***
job-core	Run git diff --name-only c3d31e43def99be5088890cb5d7a308d36b26b12 ddd3e8a95471d1332258cb62a43d66f056190682 > files-in-commit.txt	2025-04-02T12:05:35.1323491Z   GITHUB_OUTPUT: 
job-core	Run git diff --name-only c3d31e43def99be5088890cb5d7a308d36b26b12 ddd3e8a95471d1332258cb62a43d66f056190682 > files-in-commit.txt	2025-04-02T12:05:35.1324002Z   GITHUB_REF: refs/heads/H215-modulo-de-summary
job-core	Run git diff --name-only c3d31e43def99be5088890cb5d7a308d36b26b12 ddd3e8a95471d1332258cb62a43d66f056190682 > files-in-commit.txt	2025-04-02T12:05:35.1324765Z   modules: ***
job-core	Run git diff --name-only c3d31e43def99be5088890cb5d7a308d36b26b12 ddd3e8a95471d1332258cb62a43d66f056190682 > files-in-commit.txt	2025-04-02T12:05:35.1325217Z   files: ***
job-core	Run git diff --name-only c3d31e43def99be5088890cb5d7a308d36b26b12 ddd3e8a95471d1332258cb62a43d66f056190682 > files-in-commit.txt	2025-04-02T12:05:35.1325987Z   GH_TOKEN: ***
job-core	Run git diff --name-only c3d31e43def99be5088890cb5d7a308d36b26b12 ddd3e8a95471d1332258cb62a43d66f056190682 > files-in-commit.txt	2025-04-02T12:05:35.1326425Z ##[endgroup]
job-core	Run git diff --name-only c3d31e43def99be5088890cb5d7a308d36b26b12 ddd3e8a95471d1332258cb62a43d66f056190682 > files-in-commit.txt	2025-04-02T12:05:35.1432660Z core/outputs/w/workflows-available-14219099333.json
job-core	Run git diff --name-only c3d31e43def99be5088890cb5d7a308d36b26b12 ddd3e8a95471d1332258cb62a43d66f056190682 > files-in-commit.txt	2025-04-02T12:05:35.1434601Z core/outputs/w/workflows-runs-14219099333.json
job-core	Run git diff --name-only c3d31e43def99be5088890cb5d7a308d36b26b12 ddd3e8a95471d1332258cb62a43d66f056190682 > files-in-commit.txt	2025-04-02T12:05:35.1437795Z Skipping file in outputs directory: core/outputs/w/workflows-available-14219099333.json
job-core	Run git diff --name-only c3d31e43def99be5088890cb5d7a308d36b26b12 ddd3e8a95471d1332258cb62a43d66f056190682 > files-in-commit.txt	2025-04-02T12:05:35.1440429Z Skipping file in outputs directory: core/outputs/w/workflows-runs-14219099333.json
job-core	Post Checkout code	ï»¿2025-04-02T12:05:35.1561053Z Post job cleanup.
job-core	Post Checkout code	2025-04-02T12:05:35.2964637Z [command]/usr/bin/git version
job-core	Post Checkout code	2025-04-02T12:05:35.3018574Z git version 2.48.1
job-core	Post Checkout code	2025-04-02T12:05:35.3074423Z Copying '/home/kaos/.gitconfig' to '/actions-runner/_work/_temp/8ce4acec-cf1d-4696-ab05-2ad106376555/.gitconfig'
job-core	Post Checkout code	2025-04-02T12:05:35.3093095Z Temporarily overriding HOME='/actions-runner/_work/_temp/8ce4acec-cf1d-4696-ab05-2ad106376555' before making global git config changes
job-core	Post Checkout code	2025-04-02T12:05:35.3094288Z Adding repository directory to the temporary git global config as a safe directory
job-core	Post Checkout code	2025-04-02T12:05:35.3101580Z [command]/usr/bin/git config --global --add safe.directory /actions-runner/_work/ka0s/ka0s
job-core	Post Checkout code	2025-04-02T12:05:35.3155763Z [command]/usr/bin/git config --local --name-only --get-regexp core\.sshCommand
job-core	Post Checkout code	2025-04-02T12:05:35.3216551Z [command]/usr/bin/git submodule foreach --recursive sh -c "git config --local --name-only --get-regexp 'core\.sshCommand' && git config --local --unset-all 'core.sshCommand' || :"
job-core	Post Checkout code	2025-04-02T12:05:35.3622242Z [command]/usr/bin/git config --local --name-only --get-regexp http\.https\:\/\/github\.com\/\.extraheader
job-core	Post Checkout code	2025-04-02T12:05:35.3657699Z http.https://github.com/.extraheader
job-core	Post Checkout code	2025-04-02T12:05:35.3677350Z [command]/usr/bin/git config --local --unset-all http.https://github.com/.extraheader
job-core	Post Checkout code	2025-04-02T12:05:35.3730395Z [command]/usr/bin/git submodule foreach --recursive sh -c "git config --local --name-only --get-regexp 'http\.https\:\/\/github\.com\/\.extraheader' && git config --local --unset-all 'http.https://github.com/.extraheader' || :"
job-core	Complete job	ï»¿2025-04-02T12:05:35.4271293Z Cleaning up orphan processes
handle-success	Set up job	ï»¿2025-04-02T12:06:03.1448319Z Current runner version: '2.323.0'
handle-success	Set up job	2025-04-02T12:06:03.1459552Z Runner name: 'ka0s-1'
handle-success	Set up job	2025-04-02T12:06:03.1461382Z Machine name: '419612ea1a87'
handle-success	Set up job	2025-04-02T12:06:03.1464834Z ##[group]GITHUB_TOKEN Permissions
handle-success	Set up job	2025-04-02T12:06:03.1467740Z Contents: read
handle-success	Set up job	2025-04-02T12:06:03.1468516Z Metadata: read
handle-success	Set up job	2025-04-02T12:06:03.1469241Z Packages: read
handle-success	Set up job	2025-04-02T12:06:03.1469871Z ##[endgroup]
handle-success	Set up job	2025-04-02T12:06:03.1473362Z Secret source: Actions
handle-success	Set up job	2025-04-02T12:06:03.1474314Z Prepare workflow directory
handle-success	Set up job	2025-04-02T12:06:03.2456358Z Prepare all required actions
handle-success	Set up job	2025-04-02T12:06:03.2516572Z Getting action download info
handle-success	Set up job	2025-04-02T12:06:04.2386798Z Download action repository 'actions/checkout@v4' (SHA:11bd71901bbe5b1630ceea73d27597364c9af683)
handle-success	Set up job	2025-04-02T12:06:06.4286455Z Complete job name: handle-success
handle-success	Checkout code	ï»¿2025-04-02T12:06:06.4985415Z ##[group]Run actions/checkout@v4
handle-success	Checkout code	2025-04-02T12:06:06.4986640Z with:
handle-success	Checkout code	2025-04-02T12:06:06.4987192Z   fetch-depth: 0
handle-success	Checkout code	2025-04-02T12:06:06.4988095Z   token: ***
handle-success	Checkout code	2025-04-02T12:06:06.4988660Z   repository: Ka0s-Klaus/ka0s
handle-success	Checkout code	2025-04-02T12:06:06.4989398Z   ssh-strict: true
handle-success	Checkout code	2025-04-02T12:06:06.4989958Z   ssh-user: git
handle-success	Checkout code	2025-04-02T12:06:06.4990979Z   persist-credentials: true
handle-success	Checkout code	2025-04-02T12:06:06.4991628Z   clean: true
handle-success	Checkout code	2025-04-02T12:06:06.4992190Z   sparse-checkout-cone-mode: true
handle-success	Checkout code	2025-04-02T12:06:06.4992876Z   fetch-tags: false
handle-success	Checkout code	2025-04-02T12:06:06.4993444Z   show-progress: true
handle-success	Checkout code	2025-04-02T12:06:06.4994016Z   lfs: false
handle-success	Checkout code	2025-04-02T12:06:06.4994554Z   submodules: false
handle-success	Checkout code	2025-04-02T12:06:06.4995125Z   set-safe-directory: true
handle-success	Checkout code	2025-04-02T12:06:06.4996042Z env:
handle-success	Checkout code	2025-04-02T12:06:06.4996569Z   KAOS_CODE: 14219146011
handle-success	Checkout code	2025-04-02T12:06:06.4997180Z   KAOS_EVENT_NAME: push
handle-success	Checkout code	2025-04-02T12:06:06.4997758Z   KAOS_ACTION: 
handle-success	Checkout code	2025-04-02T12:06:06.4998364Z   KAOS_REF: refs/heads/H215-modulo-de-summary
handle-success	Checkout code	2025-04-02T12:06:06.4999122Z   KAOS_MODULE: [Ka0S] kaos
handle-success	Checkout code	2025-04-02T12:06:06.4999825Z   KAOS_PATH_RESUME: core/results/k/
handle-success	Checkout code	2025-04-02T12:06:06.5000992Z   KAOS_JSON: core/results/event_data_
handle-success	Checkout code	2025-04-02T12:06:06.5001845Z   KAOS_ACTOR: ka0score
handle-success	Checkout code	2025-04-02T12:06:06.5002435Z ##[endgroup]
handle-success	Checkout code	2025-04-02T12:06:06.6807052Z Syncing repository: Ka0s-Klaus/ka0s
handle-success	Checkout code	2025-04-02T12:06:06.6813083Z ##[group]Getting Git version info
handle-success	Checkout code	2025-04-02T12:06:06.6814786Z Working directory is '/actions-runner/_work/ka0s/ka0s'
handle-success	Checkout code	2025-04-02T12:06:06.6819388Z [command]/usr/bin/git version
handle-success	Checkout code	2025-04-02T12:06:06.6820947Z git version 2.48.1
handle-success	Checkout code	2025-04-02T12:06:06.6823997Z ##[endgroup]
handle-success	Checkout code	2025-04-02T12:06:06.6833704Z Copying '/home/kaos/.gitconfig' to '/actions-runner/_work/_temp/c5fc5a72-eab4-4bbc-b1ce-9ecebaa37bcb/.gitconfig'
handle-success	Checkout code	2025-04-02T12:06:06.6836089Z Temporarily overriding HOME='/actions-runner/_work/_temp/c5fc5a72-eab4-4bbc-b1ce-9ecebaa37bcb' before making global git config changes
handle-success	Checkout code	2025-04-02T12:06:06.6838331Z Adding repository directory to the temporary git global config as a safe directory
handle-success	Checkout code	2025-04-02T12:06:06.6841524Z [command]/usr/bin/git config --global --add safe.directory /actions-runner/_work/ka0s/ka0s
handle-success	Checkout code	2025-04-02T12:06:06.6844061Z [command]/usr/bin/git config --local --get remote.origin.url
handle-success	Checkout code	2025-04-02T12:06:06.6879112Z https://github.com/Ka0s-Klaus/ka0s
handle-success	Checkout code	2025-04-02T12:06:06.6905342Z ##[group]Removing previously created refs, to avoid conflicts
handle-success	Checkout code	2025-04-02T12:06:06.6910836Z [command]/usr/bin/git rev-parse --symbolic-full-name --verify --quiet HEAD
handle-success	Checkout code	2025-04-02T12:06:06.6944946Z refs/heads/H215-modulo-de-summary
handle-success	Checkout code	2025-04-02T12:06:06.6961172Z [command]/usr/bin/git checkout --detach
handle-success	Checkout code	2025-04-02T12:06:06.7169224Z HEAD is now at be1e6f1 [Ka0S] Uploading resume execution files to the repository...
handle-success	Checkout code	2025-04-02T12:06:06.7236912Z [command]/usr/bin/git branch --delete --force H215-modulo-de-summary
handle-success	Checkout code	2025-04-02T12:06:06.7282714Z Deleted branch H215-modulo-de-summary (was be1e6f1).
handle-success	Checkout code	2025-04-02T12:06:06.7362657Z ##[endgroup]
handle-success	Checkout code	2025-04-02T12:06:06.7364231Z [command]/usr/bin/git submodule status
handle-success	Checkout code	2025-04-02T12:06:06.7761518Z ##[group]Cleaning the repository
handle-success	Checkout code	2025-04-02T12:06:06.7763345Z [command]/usr/bin/git clean -ffdx
handle-success	Checkout code	2025-04-02T12:06:06.7827043Z Removing core/outputs/w/workflow-statistics.json
handle-success	Checkout code	2025-04-02T12:06:06.7841434Z [command]/usr/bin/git reset --hard HEAD
handle-success	Checkout code	2025-04-02T12:06:06.8039244Z HEAD is now at be1e6f1 [Ka0S] Uploading resume execution files to the repository...
handle-success	Checkout code	2025-04-02T12:06:06.8051000Z ##[endgroup]
handle-success	Checkout code	2025-04-02T12:06:06.8053128Z ##[group]Disabling automatic garbage collection
handle-success	Checkout code	2025-04-02T12:06:06.8058977Z [command]/usr/bin/git config --local gc.auto 0
handle-success	Checkout code	2025-04-02T12:06:06.8106345Z ##[endgroup]
handle-success	Checkout code	2025-04-02T12:06:06.8107411Z ##[group]Setting up auth
handle-success	Checkout code	2025-04-02T12:06:06.8118473Z [command]/usr/bin/git config --local --name-only --get-regexp core\.sshCommand
handle-success	Checkout code	2025-04-02T12:06:06.8167812Z [command]/usr/bin/git submodule foreach --recursive sh -c "git config --local --name-only --get-regexp 'core\.sshCommand' && git config --local --unset-all 'core.sshCommand' || :"
handle-success	Checkout code	2025-04-02T12:06:06.8551224Z [command]/usr/bin/git config --local --name-only --get-regexp http\.https\:\/\/github\.com\/\.extraheader
handle-success	Checkout code	2025-04-02T12:06:06.8593524Z [command]/usr/bin/git submodule foreach --recursive sh -c "git config --local --name-only --get-regexp 'http\.https\:\/\/github\.com\/\.extraheader' && git config --local --unset-all 'http.https://github.com/.extraheader' || :"
handle-success	Checkout code	2025-04-02T12:06:06.9015014Z [command]/usr/bin/git config --local http.https://github.com/.extraheader AUTHORIZATION: basic ***
handle-success	Checkout code	2025-04-02T12:06:06.9071960Z ##[endgroup]
handle-success	Checkout code	2025-04-02T12:06:06.9073121Z ##[group]Fetching the repository
handle-success	Checkout code	2025-04-02T12:06:06.9083201Z [command]/usr/bin/git -c protocol.version=2 fetch --prune --no-recurse-submodules origin +refs/heads/*:refs/remotes/origin/* +refs/tags/*:refs/tags/*
handle-success	Checkout code	2025-04-02T12:06:07.8904325Z [command]/usr/bin/git branch --list --remote origin/H215-modulo-de-summary
handle-success	Checkout code	2025-04-02T12:06:07.8947240Z   origin/H215-modulo-de-summary
handle-success	Checkout code	2025-04-02T12:06:07.8960636Z [command]/usr/bin/git rev-parse refs/remotes/origin/H215-modulo-de-summary
handle-success	Checkout code	2025-04-02T12:06:07.8993900Z be1e6f12007444989d0e8bf4ae05396e2e28b457
handle-success	Checkout code	2025-04-02T12:06:07.9014157Z [command]/usr/bin/git -c protocol.version=2 fetch --no-tags --prune --no-recurse-submodules origin +ddd3e8a95471d1332258cb62a43d66f056190682:refs/remotes/origin/H215-modulo-de-summary
handle-success	Checkout code	2025-04-02T12:06:08.7752688Z From https://github.com/Ka0s-Klaus/ka0s
handle-success	Checkout code	2025-04-02T12:06:08.7756775Z  + be1e6f1...ddd3e8a ddd3e8a95471d1332258cb62a43d66f056190682 -> origin/H215-modulo-de-summary  (forced update)
handle-success	Checkout code	2025-04-02T12:06:08.7834046Z ##[endgroup]
handle-success	Checkout code	2025-04-02T12:06:08.7837629Z ##[group]Determining the checkout info
handle-success	Checkout code	2025-04-02T12:06:08.7841205Z ##[endgroup]
handle-success	Checkout code	2025-04-02T12:06:08.7843203Z [command]/usr/bin/git sparse-checkout disable
handle-success	Checkout code	2025-04-02T12:06:08.7928288Z [command]/usr/bin/git config --local --unset-all extensions.worktreeConfig
handle-success	Checkout code	2025-04-02T12:06:08.7972878Z ##[group]Checking out the ref
handle-success	Checkout code	2025-04-02T12:06:08.7980553Z [command]/usr/bin/git checkout --progress --force -B H215-modulo-de-summary refs/remotes/origin/H215-modulo-de-summary
handle-success	Checkout code	2025-04-02T12:06:08.8149342Z Warning: you are leaving 1 commit behind, not connected to
handle-success	Checkout code	2025-04-02T12:06:08.8151767Z any of your branches:
handle-success	Checkout code	2025-04-02T12:06:08.8152468Z 
handle-success	Checkout code	2025-04-02T12:06:08.8153464Z   be1e6f1 [Ka0S] Uploading resume execution files to the repository...
handle-success	Checkout code	2025-04-02T12:06:08.8155037Z 
handle-success	Checkout code	2025-04-02T12:06:08.8155991Z If you want to keep it by creating a new branch, this may be a good time
handle-success	Checkout code	2025-04-02T12:06:08.8157983Z to do so with:
handle-success	Checkout code	2025-04-02T12:06:08.8158881Z 
handle-success	Checkout code	2025-04-02T12:06:08.8159725Z  git branch <new-branch-name> be1e6f1
handle-success	Checkout code	2025-04-02T12:06:08.8161881Z 
handle-success	Checkout code	2025-04-02T12:06:08.8162557Z Switched to a new branch 'H215-modulo-de-summary'
handle-success	Checkout code	2025-04-02T12:06:08.8167584Z branch 'H215-modulo-de-summary' set up to track 'origin/H215-modulo-de-summary'.
handle-success	Checkout code	2025-04-02T12:06:08.8178674Z ##[endgroup]
handle-success	Checkout code	2025-04-02T12:06:08.8246477Z [command]/usr/bin/git log -1 --format=%H
handle-success	Checkout code	2025-04-02T12:06:08.8294632Z ddd3e8a95471d1332258cb62a43d66f056190682
handle-success	handle-success-execution	ï»¿2025-04-02T12:06:08.8664479Z ##[group]Run # Si todo ha ido correcto aÃ±adimos el contenido del fichero 
handle-success	handle-success-execution	2025-04-02T12:06:08.8666776Z [36;1m# Si todo ha ido correcto aÃ±adimos el contenido del fichero [0m
handle-success	handle-success-execution	2025-04-02T12:06:08.8669012Z [36;1mRNNUMBER=$(echo "refs/heads/H215-modulo-de-summary" | grep -o '[0-9]*')[0m
handle-success	handle-success-execution	2025-04-02T12:06:08.8674001Z [36;1mgh issue comment $RNNUMBER --body "El proceso ha finalizado correctamente 14219146011. El resultado estÃ¡ en el fichero core/results/event_data14219146011.log"[0m
handle-success	handle-success-execution	2025-04-02T12:06:08.8692346Z shell: /usr/bin/bash -e {0}
handle-success	handle-success-execution	2025-04-02T12:06:08.8693444Z env:
handle-success	handle-success-execution	2025-04-02T12:06:08.8694225Z   KAOS_CODE: 14219146011
handle-success	handle-success-execution	2025-04-02T12:06:08.8695214Z   KAOS_EVENT_NAME: push
handle-success	handle-success-execution	2025-04-02T12:06:08.8696158Z   KAOS_ACTION: 
handle-success	handle-success-execution	2025-04-02T12:06:08.8697141Z   KAOS_REF: refs/heads/H215-modulo-de-summary
handle-success	handle-success-execution	2025-04-02T12:06:08.8698451Z   KAOS_MODULE: [Ka0S] kaos
handle-success	handle-success-execution	2025-04-02T12:06:08.8699507Z   KAOS_PATH_RESUME: core/results/k/
handle-success	handle-success-execution	2025-04-02T12:06:08.8701201Z   KAOS_JSON: core/results/event_data_
handle-success	handle-success-execution	2025-04-02T12:06:08.8702403Z   KAOS_ACTOR: ka0score
handle-success	handle-success-execution	2025-04-02T12:06:08.8704003Z   GH_TOKEN: ***
handle-success	handle-success-execution	2025-04-02T12:06:08.8705041Z ##[endgroup]
handle-success	handle-success-execution	2025-04-02T12:06:10.2841142Z https://github.com/Ka0s-Klaus/ka0s/issues/215#issuecomment-2772353495
handle-success	Post Checkout code	ï»¿2025-04-02T12:06:10.3174782Z Post job cleanup.
handle-success	Post Checkout code	2025-04-02T12:06:10.4625550Z [command]/usr/bin/git version
handle-success	Post Checkout code	2025-04-02T12:06:10.4678166Z git version 2.48.1
handle-success	Post Checkout code	2025-04-02T12:06:10.4737110Z Copying '/home/kaos/.gitconfig' to '/actions-runner/_work/_temp/3ee4472a-9dea-4760-862d-93eed7b5372e/.gitconfig'
handle-success	Post Checkout code	2025-04-02T12:06:10.4762537Z Temporarily overriding HOME='/actions-runner/_work/_temp/3ee4472a-9dea-4760-862d-93eed7b5372e' before making global git config changes
handle-success	Post Checkout code	2025-04-02T12:06:10.4766689Z Adding repository directory to the temporary git global config as a safe directory
handle-success	Post Checkout code	2025-04-02T12:06:10.4768898Z [command]/usr/bin/git config --global --add safe.directory /actions-runner/_work/ka0s/ka0s
handle-success	Post Checkout code	2025-04-02T12:06:10.4831339Z [command]/usr/bin/git config --local --name-only --get-regexp core\.sshCommand
handle-success	Post Checkout code	2025-04-02T12:06:10.4887736Z [command]/usr/bin/git submodule foreach --recursive sh -c "git config --local --name-only --get-regexp 'core\.sshCommand' && git config --local --unset-all 'core.sshCommand' || :"
handle-success	Post Checkout code	2025-04-02T12:06:10.5293612Z [command]/usr/bin/git config --local --name-only --get-regexp http\.https\:\/\/github\.com\/\.extraheader
handle-success	Post Checkout code	2025-04-02T12:06:10.5338080Z http.https://github.com/.extraheader
handle-success	Post Checkout code	2025-04-02T12:06:10.5375110Z [command]/usr/bin/git config --local --unset-all http.https://github.com/.extraheader
handle-success	Post Checkout code	2025-04-02T12:06:10.5435068Z [command]/usr/bin/git submodule foreach --recursive sh -c "git config --local --name-only --get-regexp 'http\.https\:\/\/github\.com\/\.extraheader' && git config --local --unset-all 'http.https://github.com/.extraheader' || :"
handle-success	Complete job	ï»¿2025-04-02T12:06:10.6034987Z Cleaning up orphan processes
end-workflow	Set up job	ï»¿2025-04-02T12:06:36.6568934Z Current runner version: '2.323.0'
end-workflow	Set up job	2025-04-02T12:06:36.6579171Z Runner name: 'ka0s-1'
end-workflow	Set up job	2025-04-02T12:06:36.6580760Z Machine name: '419612ea1a87'
end-workflow	Set up job	2025-04-02T12:06:36.6584669Z ##[group]GITHUB_TOKEN Permissions
end-workflow	Set up job	2025-04-02T12:06:36.6587517Z Contents: read
end-workflow	Set up job	2025-04-02T12:06:36.6588435Z Metadata: read
end-workflow	Set up job	2025-04-02T12:06:36.6589139Z Packages: read
end-workflow	Set up job	2025-04-02T12:06:36.6589783Z ##[endgroup]
end-workflow	Set up job	2025-04-02T12:06:36.6593006Z Secret source: Actions
end-workflow	Set up job	2025-04-02T12:06:36.6593915Z Prepare workflow directory
end-workflow	Set up job	2025-04-02T12:06:36.7589448Z Prepare all required actions
end-workflow	Set up job	2025-04-02T12:06:36.7651477Z Getting action download info
end-workflow	Set up job	2025-04-02T12:06:37.8109533Z Download action repository 'actions/checkout@v4' (SHA:11bd71901bbe5b1630ceea73d27597364c9af683)
end-workflow	Set up job	2025-04-02T12:06:39.9902568Z Complete job name: end-workflow
end-workflow	Checkout code	ï»¿2025-04-02T12:06:40.0572066Z ##[group]Run actions/checkout@v4
end-workflow	Checkout code	2025-04-02T12:06:40.0573010Z with:
end-workflow	Checkout code	2025-04-02T12:06:40.0573335Z   fetch-depth: 0
end-workflow	Checkout code	2025-04-02T12:06:40.0574062Z   token: ***
end-workflow	Checkout code	2025-04-02T12:06:40.0574395Z   repository: Ka0s-Klaus/ka0s
end-workflow	Checkout code	2025-04-02T12:06:40.0574840Z   ssh-strict: true
end-workflow	Checkout code	2025-04-02T12:06:40.0575149Z   ssh-user: git
end-workflow	Checkout code	2025-04-02T12:06:40.0575475Z   persist-credentials: true
end-workflow	Checkout code	2025-04-02T12:06:40.0575824Z   clean: true
end-workflow	Checkout code	2025-04-02T12:06:40.0576153Z   sparse-checkout-cone-mode: true
end-workflow	Checkout code	2025-04-02T12:06:40.0576542Z   fetch-tags: false
end-workflow	Checkout code	2025-04-02T12:06:40.0576866Z   show-progress: true
end-workflow	Checkout code	2025-04-02T12:06:40.0577198Z   lfs: false
end-workflow	Checkout code	2025-04-02T12:06:40.0577515Z   submodules: false
end-workflow	Checkout code	2025-04-02T12:06:40.0577851Z   set-safe-directory: true
end-workflow	Checkout code	2025-04-02T12:06:40.0578505Z env:
end-workflow	Checkout code	2025-04-02T12:06:40.0578819Z   KAOS_CODE: 14219146011
end-workflow	Checkout code	2025-04-02T12:06:40.0579165Z   KAOS_EVENT_NAME: push
end-workflow	Checkout code	2025-04-02T12:06:40.0579491Z   KAOS_ACTION: 
end-workflow	Checkout code	2025-04-02T12:06:40.0579838Z   KAOS_REF: refs/heads/H215-modulo-de-summary
end-workflow	Checkout code	2025-04-02T12:06:40.0580622Z   KAOS_MODULE: [Ka0S] kaos
end-workflow	Checkout code	2025-04-02T12:06:40.0581209Z   KAOS_PATH_RESUME: core/results/k/
end-workflow	Checkout code	2025-04-02T12:06:40.0581626Z   KAOS_JSON: core/results/event_data_
end-workflow	Checkout code	2025-04-02T12:06:40.0582035Z   KAOS_ACTOR: ka0score
end-workflow	Checkout code	2025-04-02T12:06:40.0582546Z   GH_TOKEN: ***
end-workflow	Checkout code	2025-04-02T12:06:40.0582852Z ##[endgroup]
end-workflow	Checkout code	2025-04-02T12:06:40.2313881Z Syncing repository: Ka0s-Klaus/ka0s
end-workflow	Checkout code	2025-04-02T12:06:40.2317499Z ##[group]Getting Git version info
end-workflow	Checkout code	2025-04-02T12:06:40.2318635Z Working directory is '/actions-runner/_work/ka0s/ka0s'
end-workflow	Checkout code	2025-04-02T12:06:40.2320696Z [command]/usr/bin/git version
end-workflow	Checkout code	2025-04-02T12:06:40.2321422Z git version 2.48.1
end-workflow	Checkout code	2025-04-02T12:06:40.2347077Z ##[endgroup]
end-workflow	Checkout code	2025-04-02T12:06:40.2365973Z Copying '/home/kaos/.gitconfig' to '/actions-runner/_work/_temp/6dfdec5a-f205-4493-8e26-89b3478acb46/.gitconfig'
end-workflow	Checkout code	2025-04-02T12:06:40.2384715Z Temporarily overriding HOME='/actions-runner/_work/_temp/6dfdec5a-f205-4493-8e26-89b3478acb46' before making global git config changes
end-workflow	Checkout code	2025-04-02T12:06:40.2387145Z Adding repository directory to the temporary git global config as a safe directory
end-workflow	Checkout code	2025-04-02T12:06:40.2395482Z [command]/usr/bin/git config --global --add safe.directory /actions-runner/_work/ka0s/ka0s
end-workflow	Checkout code	2025-04-02T12:06:40.2471535Z [command]/usr/bin/git config --local --get remote.origin.url
end-workflow	Checkout code	2025-04-02T12:06:40.2503616Z https://github.com/Ka0s-Klaus/ka0s
end-workflow	Checkout code	2025-04-02T12:06:40.2531127Z ##[group]Removing previously created refs, to avoid conflicts
end-workflow	Checkout code	2025-04-02T12:06:40.2538526Z [command]/usr/bin/git rev-parse --symbolic-full-name --verify --quiet HEAD
end-workflow	Checkout code	2025-04-02T12:06:40.2571578Z refs/heads/H215-modulo-de-summary
end-workflow	Checkout code	2025-04-02T12:06:40.2588330Z [command]/usr/bin/git checkout --detach
end-workflow	Checkout code	2025-04-02T12:06:40.2710596Z HEAD is now at c3d31e4 [Ka0S] VERSION  Upload: CHANGELOG.md, INDEX.md with version 0.0.41
end-workflow	Checkout code	2025-04-02T12:06:40.2784140Z [command]/usr/bin/git branch --delete --force H215-modulo-de-summary
end-workflow	Checkout code	2025-04-02T12:06:40.2832464Z Deleted branch H215-modulo-de-summary (was c3d31e4).
end-workflow	Checkout code	2025-04-02T12:06:40.2912178Z ##[endgroup]
end-workflow	Checkout code	2025-04-02T12:06:40.2917342Z [command]/usr/bin/git submodule status
end-workflow	Checkout code	2025-04-02T12:06:40.3318034Z ##[group]Cleaning the repository
end-workflow	Checkout code	2025-04-02T12:06:40.3324533Z [command]/usr/bin/git clean -ffdx
end-workflow	Checkout code	2025-04-02T12:06:40.3397541Z [command]/usr/bin/git reset --hard HEAD
end-workflow	Checkout code	2025-04-02T12:06:40.3586324Z HEAD is now at c3d31e4 [Ka0S] VERSION  Upload: CHANGELOG.md, INDEX.md with version 0.0.41
end-workflow	Checkout code	2025-04-02T12:06:40.3595416Z ##[endgroup]
end-workflow	Checkout code	2025-04-02T12:06:40.3597175Z ##[group]Disabling automatic garbage collection
end-workflow	Checkout code	2025-04-02T12:06:40.3602951Z [command]/usr/bin/git config --local gc.auto 0
end-workflow	Checkout code	2025-04-02T12:06:40.3659758Z ##[endgroup]
end-workflow	Checkout code	2025-04-02T12:06:40.3672465Z ##[group]Setting up auth
end-workflow	Checkout code	2025-04-02T12:06:40.3673238Z [command]/usr/bin/git config --local --name-only --get-regexp core\.sshCommand
end-workflow	Checkout code	2025-04-02T12:06:40.3733731Z [command]/usr/bin/git submodule foreach --recursive sh -c "git config --local --name-only --get-regexp 'core\.sshCommand' && git config --local --unset-all 'core.sshCommand' || :"
end-workflow	Checkout code	2025-04-02T12:06:40.4245580Z [command]/usr/bin/git config --local --name-only --get-regexp http\.https\:\/\/github\.com\/\.extraheader
end-workflow	Checkout code	2025-04-02T12:06:40.4317352Z [command]/usr/bin/git submodule foreach --recursive sh -c "git config --local --name-only --get-regexp 'http\.https\:\/\/github\.com\/\.extraheader' && git config --local --unset-all 'http.https://github.com/.extraheader' || :"
end-workflow	Checkout code	2025-04-02T12:06:40.4855131Z [command]/usr/bin/git config --local http.https://github.com/.extraheader AUTHORIZATION: basic ***
end-workflow	Checkout code	2025-04-02T12:06:40.4928837Z ##[endgroup]
end-workflow	Checkout code	2025-04-02T12:06:40.4933461Z ##[group]Fetching the repository
end-workflow	Checkout code	2025-04-02T12:06:40.4952040Z [command]/usr/bin/git -c protocol.version=2 fetch --prune --no-recurse-submodules origin +refs/heads/*:refs/remotes/origin/* +refs/tags/*:refs/tags/*
end-workflow	Checkout code	2025-04-02T12:06:41.4418921Z From https://github.com/Ka0s-Klaus/ka0s
end-workflow	Checkout code	2025-04-02T12:06:41.4421910Z    c3d31e4..be1e6f1  H215-modulo-de-summary -> origin/H215-modulo-de-summary
end-workflow	Checkout code	2025-04-02T12:06:41.4553178Z [command]/usr/bin/git branch --list --remote origin/H215-modulo-de-summary
end-workflow	Checkout code	2025-04-02T12:06:41.4595294Z   origin/H215-modulo-de-summary
end-workflow	Checkout code	2025-04-02T12:06:41.4608619Z [command]/usr/bin/git rev-parse refs/remotes/origin/H215-modulo-de-summary
end-workflow	Checkout code	2025-04-02T12:06:41.4646244Z be1e6f12007444989d0e8bf4ae05396e2e28b457
end-workflow	Checkout code	2025-04-02T12:06:41.4663962Z [command]/usr/bin/git -c protocol.version=2 fetch --no-tags --prune --no-recurse-submodules origin +ddd3e8a95471d1332258cb62a43d66f056190682:refs/remotes/origin/H215-modulo-de-summary
end-workflow	Checkout code	2025-04-02T12:06:42.4615444Z From https://github.com/Ka0s-Klaus/ka0s
end-workflow	Checkout code	2025-04-02T12:06:42.4636695Z  + be1e6f1...ddd3e8a ddd3e8a95471d1332258cb62a43d66f056190682 -> origin/H215-modulo-de-summary  (forced update)
end-workflow	Checkout code	2025-04-02T12:06:42.4721402Z ##[endgroup]
end-workflow	Checkout code	2025-04-02T12:06:42.4723997Z ##[group]Determining the checkout info
end-workflow	Checkout code	2025-04-02T12:06:42.4726790Z ##[endgroup]
end-workflow	Checkout code	2025-04-02T12:06:42.4731293Z [command]/usr/bin/git sparse-checkout disable
end-workflow	Checkout code	2025-04-02T12:06:42.4851071Z [command]/usr/bin/git config --local --unset-all extensions.worktreeConfig
end-workflow	Checkout code	2025-04-02T12:06:42.4914304Z ##[group]Checking out the ref
end-workflow	Checkout code	2025-04-02T12:06:42.4924211Z [command]/usr/bin/git checkout --progress --force -B H215-modulo-de-summary refs/remotes/origin/H215-modulo-de-summary
end-workflow	Checkout code	2025-04-02T12:06:42.5329999Z Previous HEAD position was c3d31e4 [Ka0S] VERSION  Upload: CHANGELOG.md, INDEX.md with version 0.0.41
end-workflow	Checkout code	2025-04-02T12:06:42.5349394Z Switched to a new branch 'H215-modulo-de-summary'
end-workflow	Checkout code	2025-04-02T12:06:42.5358199Z branch 'H215-modulo-de-summary' set up to track 'origin/H215-modulo-de-summary'.
end-workflow	Checkout code	2025-04-02T12:06:42.5371093Z ##[endgroup]
end-workflow	Checkout code	2025-04-02T12:06:42.5445038Z [command]/usr/bin/git log -1 --format=%H
end-workflow	Checkout code	2025-04-02T12:06:42.5492944Z ddd3e8a95471d1332258cb62a43d66f056190682
end-workflow	Finaliza el workflow	ï»¿2025-04-02T12:06:42.5909604Z ##[group]Run echo "End process"
end-workflow	Finaliza el workflow	2025-04-02T12:06:42.5910949Z [36;1mecho "End process"[0m
end-workflow	Finaliza el workflow	2025-04-02T12:06:42.5911541Z [36;1mRNNUMBER=$(echo "refs/heads/H215-modulo-de-summary" | grep -o '[0-9]*')[0m
end-workflow	Finaliza el workflow	2025-04-02T12:06:42.5912272Z [36;1mgh issue comment $RNNUMBER --body "Se finaliza Ka0s 14219146011"[0m
end-workflow	Finaliza el workflow	2025-04-02T12:06:42.5913211Z [36;1mgh workflow run inspector.yml --ref 'main' -f kaos-issue-id=$RNNUMBER -f kaos-workflow-id="14219146011" -f kaos-user-start=""[0m
end-workflow	Finaliza el workflow	2025-04-02T12:06:42.5928067Z shell: /usr/bin/bash -e {0}
end-workflow	Finaliza el workflow	2025-04-02T12:06:42.5929013Z env:
end-workflow	Finaliza el workflow	2025-04-02T12:06:42.5929478Z   KAOS_CODE: 14219146011
end-workflow	Finaliza el workflow	2025-04-02T12:06:42.5929859Z   KAOS_EVENT_NAME: push
end-workflow	Finaliza el workflow	2025-04-02T12:06:42.5930426Z   KAOS_ACTION: 
end-workflow	Finaliza el workflow	2025-04-02T12:06:42.5930820Z   KAOS_REF: refs/heads/H215-modulo-de-summary
end-workflow	Finaliza el workflow	2025-04-02T12:06:42.5931280Z   KAOS_MODULE: [Ka0S] kaos
end-workflow	Finaliza el workflow	2025-04-02T12:06:42.5931677Z   KAOS_PATH_RESUME: core/results/k/
end-workflow	Finaliza el workflow	2025-04-02T12:06:42.5932128Z   KAOS_JSON: core/results/event_data_
end-workflow	Finaliza el workflow	2025-04-02T12:06:42.5932569Z   KAOS_ACTOR: ka0score
end-workflow	Finaliza el workflow	2025-04-02T12:06:42.5933689Z   GH_TOKEN: ***
end-workflow	Finaliza el workflow	2025-04-02T12:06:42.5934216Z ##[endgroup]
end-workflow	Finaliza el workflow	2025-04-02T12:06:42.6019124Z End process
end-workflow	Finaliza el workflow	2025-04-02T12:06:44.1071405Z https://github.com/Ka0s-Klaus/ka0s/issues/215#issuecomment-2772354767
end-workflow	Post Checkout code	ï»¿2025-04-02T12:06:45.0698216Z Post job cleanup.
end-workflow	Post Checkout code	2025-04-02T12:06:45.2068542Z [command]/usr/bin/git version
end-workflow	Post Checkout code	2025-04-02T12:06:45.2135237Z git version 2.48.1
end-workflow	Post Checkout code	2025-04-02T12:06:45.2193631Z Copying '/home/kaos/.gitconfig' to '/actions-runner/_work/_temp/c9150532-5bdc-4fa7-a22c-c56c4e48d85e/.gitconfig'
end-workflow	Post Checkout code	2025-04-02T12:06:45.2212117Z Temporarily overriding HOME='/actions-runner/_work/_temp/c9150532-5bdc-4fa7-a22c-c56c4e48d85e' before making global git config changes
end-workflow	Post Checkout code	2025-04-02T12:06:45.2213487Z Adding repository directory to the temporary git global config as a safe directory
end-workflow	Post Checkout code	2025-04-02T12:06:45.2223558Z [command]/usr/bin/git config --global --add safe.directory /actions-runner/_work/ka0s/ka0s
end-workflow	Post Checkout code	2025-04-02T12:06:45.2282343Z [command]/usr/bin/git config --local --name-only --get-regexp core\.sshCommand
end-workflow	Post Checkout code	2025-04-02T12:06:45.2346196Z [command]/usr/bin/git submodule foreach --recursive sh -c "git config --local --name-only --get-regexp 'core\.sshCommand' && git config --local --unset-all 'core.sshCommand' || :"
end-workflow	Post Checkout code	2025-04-02T12:06:45.2747108Z [command]/usr/bin/git config --local --name-only --get-regexp http\.https\:\/\/github\.com\/\.extraheader
end-workflow	Post Checkout code	2025-04-02T12:06:45.2785483Z http.https://github.com/.extraheader
end-workflow	Post Checkout code	2025-04-02T12:06:45.2805872Z [command]/usr/bin/git config --local --unset-all http.https://github.com/.extraheader
end-workflow	Post Checkout code	2025-04-02T12:06:45.2869053Z [command]/usr/bin/git submodule foreach --recursive sh -c "git config --local --name-only --get-regexp 'http\.https\:\/\/github\.com\/\.extraheader' && git config --local --unset-all 'http.https://github.com/.extraheader' || :"
end-workflow	Complete job	ï»¿2025-04-02T12:06:45.3468954Z Cleaning up orphan processes
