job-core	Set up job	ï»¿2025-04-23T11:07:36.0548641Z Current runner version: '2.323.0'
job-core	Set up job	2025-04-23T11:07:36.0558327Z Runner name: 'ka0s-1'
job-core	Set up job	2025-04-23T11:07:36.0559656Z Machine name: '419612ea1a87'
job-core	Set up job	2025-04-23T11:07:36.0563920Z ##[group]GITHUB_TOKEN Permissions
job-core	Set up job	2025-04-23T11:07:36.0567701Z Actions: write
job-core	Set up job	2025-04-23T11:07:36.0568559Z Contents: write
job-core	Set up job	2025-04-23T11:07:36.0569410Z Issues: write
job-core	Set up job	2025-04-23T11:07:36.0570109Z Metadata: read
job-core	Set up job	2025-04-23T11:07:36.0570720Z PullRequests: write
job-core	Set up job	2025-04-23T11:07:36.0571547Z ##[endgroup]
job-core	Set up job	2025-04-23T11:07:36.0577348Z Secret source: Actions
job-core	Set up job	2025-04-23T11:07:36.0685167Z Prepare workflow directory
job-core	Set up job	2025-04-23T11:07:36.1980756Z Prepare all required actions
job-core	Set up job	2025-04-23T11:07:36.2075049Z Getting action download info
job-core	Set up job	2025-04-23T11:07:37.0291949Z Download action repository 'actions/checkout@v4' (SHA:11bd71901bbe5b1630ceea73d27597364c9af683)
job-core	Set up job	2025-04-23T11:07:39.6669925Z Download action repository 'actions/setup-node@v2' (SHA:7c12f8017d5436eb855f1ed4399f037a36fbd9e8)
job-core	Set up job	2025-04-23T11:07:45.2660662Z Complete job name: job-core
job-core	Checkout code	ï»¿2025-04-23T11:07:45.3612877Z ##[group]Run actions/checkout@v4
job-core	Checkout code	2025-04-23T11:07:45.3615367Z with:
job-core	Checkout code	2025-04-23T11:07:45.3616285Z   fetch-depth: 0
job-core	Checkout code	2025-04-23T11:07:45.3617907Z   token: ***
job-core	Checkout code	2025-04-23T11:07:45.3618903Z   repository: Ka0s-Klaus/ka0s
job-core	Checkout code	2025-04-23T11:07:45.3619984Z   ssh-strict: true
job-core	Checkout code	2025-04-23T11:07:45.3620903Z   ssh-user: git
job-core	Checkout code	2025-04-23T11:07:45.3622098Z   persist-credentials: true
job-core	Checkout code	2025-04-23T11:07:45.3623120Z   clean: true
job-core	Checkout code	2025-04-23T11:07:45.3624090Z   sparse-checkout-cone-mode: true
job-core	Checkout code	2025-04-23T11:07:45.3625180Z   fetch-tags: false
job-core	Checkout code	2025-04-23T11:07:45.3626170Z   show-progress: true
job-core	Checkout code	2025-04-23T11:07:45.3627140Z   lfs: false
job-core	Checkout code	2025-04-23T11:07:45.3628047Z   submodules: false
job-core	Checkout code	2025-04-23T11:07:45.3628990Z   set-safe-directory: true
job-core	Checkout code	2025-04-23T11:07:45.3630945Z env:
job-core	Checkout code	2025-04-23T11:07:45.3632065Z   KAOS_MODULE: [Ka0S] JSONLINT
job-core	Checkout code	2025-04-23T11:07:45.3633668Z   GH_TOKEN: ***
job-core	Checkout code	2025-04-23T11:07:45.3634718Z   KAOS_JSONLINT_CONFIG: core/config/.jsonlint.json
job-core	Checkout code	2025-04-23T11:07:45.3635995Z   KAOS_PATH_RESUME: core/outputs/j/
job-core	Checkout code	2025-04-23T11:07:45.3637320Z   KAOS_REPO: /actions-runner/_work/kaos/kaos
job-core	Checkout code	2025-04-23T11:07:45.3638587Z   KAOS_STEP_MODULE: 
job-core	Checkout code	2025-04-23T11:07:45.3639975Z   KAOS_CODE: 14214633628
job-core	Checkout code	2025-04-23T11:07:45.3641127Z   KAOS_REF_BRANCH: main
job-core	Checkout code	2025-04-23T11:07:45.3642537Z ##[endgroup]
job-core	Checkout code	2025-04-23T11:07:45.5994887Z Syncing repository: Ka0s-Klaus/ka0s
job-core	Checkout code	2025-04-23T11:07:45.5998763Z ##[group]Getting Git version info
job-core	Checkout code	2025-04-23T11:07:45.6000084Z Working directory is '/actions-runner/_work/ka0s/ka0s'
job-core	Checkout code	2025-04-23T11:07:45.6002045Z [command]/usr/bin/git version
job-core	Checkout code	2025-04-23T11:07:45.6003078Z git version 2.48.1
job-core	Checkout code	2025-04-23T11:07:45.6056390Z ##[endgroup]
job-core	Checkout code	2025-04-23T11:07:45.6071922Z Copying '/home/kaos/.gitconfig' to '/actions-runner/_work/_temp/ce69d2f4-8650-40be-8ba5-769e282bf3fd/.gitconfig'
job-core	Checkout code	2025-04-23T11:07:45.6093498Z Temporarily overriding HOME='/actions-runner/_work/_temp/ce69d2f4-8650-40be-8ba5-769e282bf3fd' before making global git config changes
job-core	Checkout code	2025-04-23T11:07:45.6102718Z Adding repository directory to the temporary git global config as a safe directory
job-core	Checkout code	2025-04-23T11:07:45.6103937Z [command]/usr/bin/git config --global --add safe.directory /actions-runner/_work/ka0s/ka0s
job-core	Checkout code	2025-04-23T11:07:45.6185082Z [command]/usr/bin/git config --local --get remote.origin.url
job-core	Checkout code	2025-04-23T11:07:45.6218772Z https://github.com/Ka0s-Klaus/ka0s
job-core	Checkout code	2025-04-23T11:07:45.6244946Z ##[group]Removing previously created refs, to avoid conflicts
job-core	Checkout code	2025-04-23T11:07:45.6251958Z [command]/usr/bin/git rev-parse --symbolic-full-name --verify --quiet HEAD
job-core	Checkout code	2025-04-23T11:07:45.6285780Z refs/heads/H215-modulo-de-summary
job-core	Checkout code	2025-04-23T11:07:45.6302581Z [command]/usr/bin/git checkout --detach
job-core	Checkout code	2025-04-23T11:07:45.6556334Z HEAD is now at 7420565 [Ka0S] Uploading resume execution files to the repository...
job-core	Checkout code	2025-04-23T11:07:45.6640669Z [command]/usr/bin/git branch --delete --force H215-modulo-de-summary
job-core	Checkout code	2025-04-23T11:07:45.6704752Z Deleted branch H215-modulo-de-summary (was 7420565).
job-core	Checkout code	2025-04-23T11:07:45.6834533Z ##[endgroup]
job-core	Checkout code	2025-04-23T11:07:45.6837556Z [command]/usr/bin/git submodule status
job-core	Checkout code	2025-04-23T11:07:45.7279616Z ##[group]Cleaning the repository
job-core	Checkout code	2025-04-23T11:07:45.7285801Z [command]/usr/bin/git clean -ffdx
job-core	Checkout code	2025-04-23T11:07:45.7367797Z Removing core/outputs/j/jsonlint-results-14246727492.txt
job-core	Checkout code	2025-04-23T11:07:45.7383056Z [command]/usr/bin/git reset --hard HEAD
job-core	Checkout code	2025-04-23T11:07:45.7628114Z HEAD is now at 7420565 [Ka0S] Uploading resume execution files to the repository...
job-core	Checkout code	2025-04-23T11:07:45.7640661Z ##[endgroup]
job-core	Checkout code	2025-04-23T11:07:45.7648407Z ##[group]Disabling automatic garbage collection
job-core	Checkout code	2025-04-23T11:07:45.7654736Z [command]/usr/bin/git config --local gc.auto 0
job-core	Checkout code	2025-04-23T11:07:45.7711433Z ##[endgroup]
job-core	Checkout code	2025-04-23T11:07:45.7713398Z ##[group]Setting up auth
job-core	Checkout code	2025-04-23T11:07:45.7723314Z [command]/usr/bin/git config --local --name-only --get-regexp core\.sshCommand
job-core	Checkout code	2025-04-23T11:07:45.7785967Z [command]/usr/bin/git submodule foreach --recursive sh -c "git config --local --name-only --get-regexp 'core\.sshCommand' && git config --local --unset-all 'core.sshCommand' || :"
job-core	Checkout code	2025-04-23T11:07:45.8305695Z [command]/usr/bin/git config --local --name-only --get-regexp http\.https\:\/\/github\.com\/\.extraheader
job-core	Checkout code	2025-04-23T11:07:45.8363564Z [command]/usr/bin/git submodule foreach --recursive sh -c "git config --local --name-only --get-regexp 'http\.https\:\/\/github\.com\/\.extraheader' && git config --local --unset-all 'http.https://github.com/.extraheader' || :"
job-core	Checkout code	2025-04-23T11:07:45.8814612Z [command]/usr/bin/git config --local http.https://github.com/.extraheader AUTHORIZATION: basic ***
job-core	Checkout code	2025-04-23T11:07:45.8888874Z ##[endgroup]
job-core	Checkout code	2025-04-23T11:07:45.8890150Z ##[group]Fetching the repository
job-core	Checkout code	2025-04-23T11:07:45.8902983Z [command]/usr/bin/git -c protocol.version=2 fetch --prune --no-recurse-submodules origin +refs/heads/*:refs/remotes/origin/* +refs/tags/*:refs/tags/*
job-core	Checkout code	2025-04-23T11:07:48.0593817Z From https://github.com/Ka0s-Klaus/ka0s
job-core	Checkout code	2025-04-23T11:07:48.0595944Z    7420565..be8bef8  H215-modulo-de-summary -> origin/H215-modulo-de-summary
job-core	Checkout code	2025-04-23T11:07:48.0599404Z    a684cce..2462c6d  main                   -> origin/main
job-core	Checkout code	2025-04-23T11:07:48.0709014Z [command]/usr/bin/git branch --list --remote origin/H215-modulo-de-summary
job-core	Checkout code	2025-04-23T11:07:48.0778793Z   origin/H215-modulo-de-summary
job-core	Checkout code	2025-04-23T11:07:48.0797814Z [command]/usr/bin/git rev-parse refs/remotes/origin/H215-modulo-de-summary
job-core	Checkout code	2025-04-23T11:07:48.0839187Z be8bef882b98371a98b61b4341e9114465f4cc96
job-core	Checkout code	2025-04-23T11:07:48.0887519Z [command]/usr/bin/git -c protocol.version=2 fetch --no-tags --prune --no-recurse-submodules origin +4a6a832d1122b16fd64dde65270b28aeaed503c2:refs/remotes/origin/H215-modulo-de-summary
job-core	Checkout code	2025-04-23T11:07:48.8950615Z From https://github.com/Ka0s-Klaus/ka0s
job-core	Checkout code	2025-04-23T11:07:48.8952095Z  + be8bef8...4a6a832 4a6a832d1122b16fd64dde65270b28aeaed503c2 -> origin/H215-modulo-de-summary  (forced update)
job-core	Checkout code	2025-04-23T11:07:48.9030406Z ##[endgroup]
job-core	Checkout code	2025-04-23T11:07:48.9031437Z ##[group]Determining the checkout info
job-core	Checkout code	2025-04-23T11:07:48.9035479Z ##[endgroup]
job-core	Checkout code	2025-04-23T11:07:48.9040416Z [command]/usr/bin/git sparse-checkout disable
job-core	Checkout code	2025-04-23T11:07:48.9153773Z [command]/usr/bin/git config --local --unset-all extensions.worktreeConfig
job-core	Checkout code	2025-04-23T11:07:48.9210015Z ##[group]Checking out the ref
job-core	Checkout code	2025-04-23T11:07:48.9211443Z [command]/usr/bin/git checkout --progress --force -B H215-modulo-de-summary refs/remotes/origin/H215-modulo-de-summary
job-core	Checkout code	2025-04-23T11:07:49.0306673Z Previous HEAD position was 7420565 [Ka0S] Uploading resume execution files to the repository...
job-core	Checkout code	2025-04-23T11:07:49.0320819Z Switched to a new branch 'H215-modulo-de-summary'
job-core	Checkout code	2025-04-23T11:07:49.0328372Z branch 'H215-modulo-de-summary' set up to track 'origin/H215-modulo-de-summary'.
job-core	Checkout code	2025-04-23T11:07:49.0341996Z ##[endgroup]
job-core	Checkout code	2025-04-23T11:07:49.0424693Z [command]/usr/bin/git log -1 --format=%H
job-core	Checkout code	2025-04-23T11:07:49.0504174Z 4a6a832d1122b16fd64dde65270b28aeaed503c2
job-core	Install Node.js	ï»¿2025-04-23T11:07:49.0868098Z ##[group]Run actions/setup-node@v2
job-core	Install Node.js	2025-04-23T11:07:49.0868738Z with:
job-core	Install Node.js	2025-04-23T11:07:49.0869184Z   node-version: 14
job-core	Install Node.js	2025-04-23T11:07:49.0869444Z   always-auth: false
job-core	Install Node.js	2025-04-23T11:07:49.0869706Z   check-latest: false
job-core	Install Node.js	2025-04-23T11:07:49.0870544Z   token: ***
job-core	Install Node.js	2025-04-23T11:07:49.0870795Z env:
job-core	Install Node.js	2025-04-23T11:07:49.0871063Z   KAOS_MODULE: [Ka0S] JSONLINT
job-core	Install Node.js	2025-04-23T11:07:49.0871477Z   GH_TOKEN: ***
job-core	Install Node.js	2025-04-23T11:07:49.0872296Z   KAOS_JSONLINT_CONFIG: core/config/.jsonlint.json
job-core	Install Node.js	2025-04-23T11:07:49.0872881Z   KAOS_PATH_RESUME: core/outputs/j/
job-core	Install Node.js	2025-04-23T11:07:49.0873251Z   KAOS_REPO: /actions-runner/_work/kaos/kaos
job-core	Install Node.js	2025-04-23T11:07:49.0873629Z   KAOS_STEP_MODULE: 
job-core	Install Node.js	2025-04-23T11:07:49.0874082Z   KAOS_CODE: 14214633628
job-core	Install Node.js	2025-04-23T11:07:49.0874372Z   KAOS_REF_BRANCH: main
job-core	Install Node.js	2025-04-23T11:07:49.0874839Z ##[endgroup]
job-core	Install Node.js	2025-04-23T11:07:49.3354966Z Found in cache @ /actions-runner/_work/_tool/node/14.21.3/x64
job-core	Install jsonlint	ï»¿2025-04-23T11:07:49.3529312Z ##[group]Run if ! command -v jsonlint &> /dev/null; then
job-core	Install jsonlint	2025-04-23T11:07:49.3529964Z [36;1mif ! command -v jsonlint &> /dev/null; then[0m
job-core	Install jsonlint	2025-04-23T11:07:49.3530955Z [36;1m  echo "Installing jsonlint..."[0m
job-core	Install jsonlint	2025-04-23T11:07:49.3531855Z [36;1m  npm install -g jsonlint[0m
job-core	Install jsonlint	2025-04-23T11:07:49.3532354Z [36;1melse[0m
job-core	Install jsonlint	2025-04-23T11:07:49.3532739Z [36;1m  echo "jsonlint already installed, skipping installation"[0m
job-core	Install jsonlint	2025-04-23T11:07:49.3533183Z [36;1mfi[0m
job-core	Install jsonlint	2025-04-23T11:07:49.3533445Z [36;1mmkdir -p core/outputs/j/[0m
job-core	Install jsonlint	2025-04-23T11:07:49.3554321Z shell: /usr/bin/bash -e {0}
job-core	Install jsonlint	2025-04-23T11:07:49.3554701Z env:
job-core	Install jsonlint	2025-04-23T11:07:49.3554955Z   KAOS_MODULE: [Ka0S] JSONLINT
job-core	Install jsonlint	2025-04-23T11:07:49.3555549Z   GH_TOKEN: ***
job-core	Install jsonlint	2025-04-23T11:07:49.3555873Z   KAOS_JSONLINT_CONFIG: core/config/.jsonlint.json
job-core	Install jsonlint	2025-04-23T11:07:49.3556279Z   KAOS_PATH_RESUME: core/outputs/j/
job-core	Install jsonlint	2025-04-23T11:07:49.3556659Z   KAOS_REPO: /actions-runner/_work/kaos/kaos
job-core	Install jsonlint	2025-04-23T11:07:49.3557020Z   KAOS_STEP_MODULE: 
job-core	Install jsonlint	2025-04-23T11:07:49.3557359Z   KAOS_CODE: 14214633628
job-core	Install jsonlint	2025-04-23T11:07:49.3557649Z   KAOS_REF_BRANCH: main
job-core	Install jsonlint	2025-04-23T11:07:49.3557929Z ##[endgroup]
job-core	Install jsonlint	2025-04-23T11:07:49.3662765Z jsonlint already installed, skipping installation
job-core	Check JSON	ï»¿2025-04-23T11:07:49.3750460Z ##[group]Run # Invocamos la primera comprobaciÃ³n de base, sino se supera el proceso no continua
job-core	Check JSON	2025-04-23T11:07:49.3753338Z [36;1m# Invocamos la primera comprobaciÃ³n de base, sino se supera el proceso no continua[0m
job-core	Check JSON	2025-04-23T11:07:49.3754344Z [36;1m# Extraemos el nombre del fichero[0m
job-core	Check JSON	2025-04-23T11:07:49.3755447Z [36;1mfile_name=$(basename "core/results/event_data_14192530220.json")[0m
job-core	Check JSON	2025-04-23T11:07:49.3756889Z [36;1m# Generamos el fichero de resultados vacio[0m
job-core	Check JSON	2025-04-23T11:07:49.3757727Z [36;1mtouch core/outputs/j/jsonlint-results-14214633628.txt[0m
job-core	Check JSON	2025-04-23T11:07:49.3758575Z [36;1m# Realizamos el check del documento json [0m
job-core	Check JSON	2025-04-23T11:07:49.3759923Z [36;1mjsonlint core/results/event_data_14192530220.json > core/outputs/j/jsonlint-results-14214633628.txt[0m
job-core	Check JSON	2025-04-23T11:07:49.3761206Z [36;1m# esto es un workarround importante que hay que retirar[0m
job-core	Check JSON	2025-04-23T11:07:49.3762820Z [36;1m#rm -rf core/outputs/j/jsonlint-results-14214633628.txt[0m
job-core	Check JSON	2025-04-23T11:07:49.3763669Z [36;1m# a retirar[0m
job-core	Check JSON	2025-04-23T11:07:49.3764668Z [36;1m# Check if exist errors in file[0m
job-core	Check JSON	2025-04-23T11:07:49.3765774Z [36;1mecho "Mostramos fichero"[0m
job-core	Check JSON	2025-04-23T11:07:49.3766782Z [36;1mcat core/outputs/j/jsonlint-results-14214633628.txt[0m
job-core	Check JSON	2025-04-23T11:07:49.3768335Z [36;1mif [ ! -s core/outputs/j/jsonlint-results-14214633628.txt ]; then[0m
job-core	Check JSON	2025-04-23T11:07:49.3770508Z [36;1m  echo "File core/outputs/j/jsonlint-results-14214633628.txt is empty and is content correct"[0m
job-core	Check JSON	2025-04-23T11:07:49.3773427Z [36;1m  KAOS_ISSUE_BODY="The [Ka0S] JSONLINT process (14214574225) launch the check (14214633628) over file (core/results/event_data_14192530220.json) and its result has been SUCCESS. Please review all files implicated in pull request and approve to merge"[0m
job-core	Check JSON	2025-04-23T11:07:49.3775192Z [36;1m  # AÃ±adimos la versiÃ³n de jsonlint con la que se realiza la comprobacion[0m
job-core	Check JSON	2025-04-23T11:07:49.3775932Z [36;1m  jsonlint --version >> core/outputs/j/jsonlint-results-14214633628.txt[0m
job-core	Check JSON	2025-04-23T11:07:49.3776656Z [36;1m  # aÃ±adimos el nombre del fichero que vamos a comprobar[0m
job-core	Check JSON	2025-04-23T11:07:49.3777921Z [36;1m  echo "Finding: core/results/event_data_14192530220.json" >> core/outputs/j/jsonlint-results-14214633628.txt[0m
job-core	Check JSON	2025-04-23T11:07:49.3779949Z [36;1m  # gh workflow run issue.yaml --ref main -f kaos-issue-title="" -f kaos-issue-body="$KAOS_ISSUE_BODY" -f kaos-issue-actions=comment -f kaos-issue-tag="" -f kaos-issue-id=215[0m
job-core	Check JSON	2025-04-23T11:07:49.3782787Z [36;1m  gh issue comment  215 -F core/outputs/j/jsonlint-results-14214633628.txt[0m
job-core	Check JSON	2025-04-23T11:07:49.3783323Z [36;1melse[0m
job-core	Check JSON	2025-04-23T11:07:49.3783685Z [36;1m  cat core/outputs/j/jsonlint-results-14214633628.txt[0m
job-core	Check JSON	2025-04-23T11:07:49.3784620Z [36;1m  echo "File core/outputs/j/jsonlint-results-14214633628.txt is not empty and is content not correct and write commit info"[0m
job-core	Check JSON	2025-04-23T11:07:49.3786368Z [36;1m  KAOS_ISSUE_BODY="The [Ka0S] JSONLINT process (14214574225) launch the check (14214633628) over file (core/results/event_data_14192530220.json) and its result has been FAILED, please check and solved it"[0m
job-core	Check JSON	2025-04-23T11:07:49.3787940Z [36;1m  # AÃ±adimos la versiÃ³n de jsonlint con la que se realiza la comprobacion[0m
job-core	Check JSON	2025-04-23T11:07:49.3788987Z [36;1m  # jsonlint --version || true >> core/outputs/j/jsonlint-results-14214633628.txt[0m
job-core	Check JSON	2025-04-23T11:07:49.3789897Z [36;1m  # aÃ±adimos el nombre del fichero que vamos a comprobar[0m
job-core	Check JSON	2025-04-23T11:07:49.3791995Z [36;1m  echo "Finding: core/results/event_data_14192530220.json" >> core/outputs/j/jsonlint-results-14214633628.txt[0m
job-core	Check JSON	2025-04-23T11:07:49.3793553Z [36;1m  # gh workflow run issue.yaml --ref main -f kaos-issue-title="" -f kaos-issue-body="$KAOS_ISSUE_BODY" -f kaos-issue-actions=comment -f kaos-issue-tag="" -f kaos-issue-id=215 [0m
job-core	Check JSON	2025-04-23T11:07:49.3794927Z [36;1m  gh issue comment  215 -F core/outputs/j/jsonlint-results-14214633628.txt[0m
job-core	Check JSON	2025-04-23T11:07:49.3795715Z [36;1mfi[0m
job-core	Check JSON	2025-04-23T11:07:49.3810246Z shell: /usr/bin/bash -e {0}
job-core	Check JSON	2025-04-23T11:07:49.3811184Z env:
job-core	Check JSON	2025-04-23T11:07:49.3812257Z   KAOS_MODULE: [Ka0S] JSONLINT
job-core	Check JSON	2025-04-23T11:07:49.3812997Z   GH_TOKEN: ***
job-core	Check JSON	2025-04-23T11:07:49.3813334Z   KAOS_JSONLINT_CONFIG: core/config/.jsonlint.json
job-core	Check JSON	2025-04-23T11:07:49.3813757Z   KAOS_PATH_RESUME: core/outputs/j/
job-core	Check JSON	2025-04-23T11:07:49.3814129Z   KAOS_REPO: /actions-runner/_work/kaos/kaos
job-core	Check JSON	2025-04-23T11:07:49.3814494Z   KAOS_STEP_MODULE: 
job-core	Check JSON	2025-04-23T11:07:49.3822243Z   KAOS_CODE: 14214633628
job-core	Check JSON	2025-04-23T11:07:49.3822723Z   KAOS_REF_BRANCH: main
job-core	Check JSON	2025-04-23T11:07:49.3822998Z ##[endgroup]
job-core	Check JSON	2025-04-23T11:07:49.5773562Z Error: Parse error on line 1:
job-core	Check JSON	2025-04-23T11:07:49.5774774Z {}{"event": "push", "r
job-core	Check JSON	2025-04-23T11:07:49.5775564Z --^
job-core	Check JSON	2025-04-23T11:07:49.5776716Z Expecting 'EOF', '}', ',', ']', got '{'
job-core	Check JSON	2025-04-23T11:07:49.5779279Z     at Object.parseError (/actions-runner/_work/_tool/node/14.21.3/x64/lib/node_modules/jsonlint/lib/jsonlint.js:55:11)
job-core	Check JSON	2025-04-23T11:07:49.5781496Z     at Object.parse (/actions-runner/_work/_tool/node/14.21.3/x64/lib/node_modules/jsonlint/lib/jsonlint.js:132:22)
job-core	Check JSON	2025-04-23T11:07:49.5784465Z     at parse (/actions-runner/_work/_tool/node/14.21.3/x64/lib/node_modules/jsonlint/lib/cli.js:82:14)
job-core	Check JSON	2025-04-23T11:07:49.5786290Z     at main (/actions-runner/_work/_tool/node/14.21.3/x64/lib/node_modules/jsonlint/lib/cli.js:135:14)
job-core	Check JSON	2025-04-23T11:07:49.5789204Z     at Object.<anonymous> (/actions-runner/_work/_tool/node/14.21.3/x64/lib/node_modules/jsonlint/lib/cli.js:179:1)
job-core	Check JSON	2025-04-23T11:07:49.5791020Z     at Module._compile (internal/modules/cjs/loader.js:1114:14)
job-core	Check JSON	2025-04-23T11:07:49.5792390Z     at Object.Module._extensions..js (internal/modules/cjs/loader.js:1143:10)
job-core	Check JSON	2025-04-23T11:07:49.5793779Z     at Module.load (internal/modules/cjs/loader.js:979:32)
job-core	Check JSON	2025-04-23T11:07:49.5794896Z     at Function.Module._load (internal/modules/cjs/loader.js:819:12)
job-core	Check JSON	2025-04-23T11:07:49.5795692Z     at Function.executeUserEntryPoint [as runMain] (internal/modules/run_main.js:75:12)
job-core	Check JSON	2025-04-23T11:07:49.5834858Z ##[error]Process completed with exit code 1.
job-core	Post Checkout code	ï»¿2025-04-23T11:07:49.6011313Z Post job cleanup.
job-core	Post Checkout code	2025-04-23T11:07:49.7969632Z [command]/usr/bin/git version
job-core	Post Checkout code	2025-04-23T11:07:49.8028427Z git version 2.48.1
job-core	Post Checkout code	2025-04-23T11:07:49.8116715Z Copying '/home/kaos/.gitconfig' to '/actions-runner/_work/_temp/c115068b-fa49-4768-920c-acd146c6ec03/.gitconfig'
job-core	Post Checkout code	2025-04-23T11:07:49.8149248Z Temporarily overriding HOME='/actions-runner/_work/_temp/c115068b-fa49-4768-920c-acd146c6ec03' before making global git config changes
job-core	Post Checkout code	2025-04-23T11:07:49.8154678Z Adding repository directory to the temporary git global config as a safe directory
job-core	Post Checkout code	2025-04-23T11:07:49.8163999Z [command]/usr/bin/git config --global --add safe.directory /actions-runner/_work/ka0s/ka0s
job-core	Post Checkout code	2025-04-23T11:07:49.8270707Z [command]/usr/bin/git config --local --name-only --get-regexp core\.sshCommand
job-core	Post Checkout code	2025-04-23T11:07:49.8344102Z [command]/usr/bin/git submodule foreach --recursive sh -c "git config --local --name-only --get-regexp 'core\.sshCommand' && git config --local --unset-all 'core.sshCommand' || :"
job-core	Post Checkout code	2025-04-23T11:07:49.8898477Z [command]/usr/bin/git config --local --name-only --get-regexp http\.https\:\/\/github\.com\/\.extraheader
job-core	Post Checkout code	2025-04-23T11:07:49.8961203Z http.https://github.com/.extraheader
job-core	Post Checkout code	2025-04-23T11:07:49.8990812Z [command]/usr/bin/git config --local --unset-all http.https://github.com/.extraheader
job-core	Post Checkout code	2025-04-23T11:07:49.9056654Z [command]/usr/bin/git submodule foreach --recursive sh -c "git config --local --name-only --get-regexp 'http\.https\:\/\/github\.com\/\.extraheader' && git config --local --unset-all 'http.https://github.com/.extraheader' || :"
job-core	Complete job	ï»¿2025-04-23T11:07:49.9791503Z Cleaning up orphan processes
handle_failure	Set up job	ï»¿2025-04-23T11:18:19.0729019Z Current runner version: '2.323.0'
handle_failure	Set up job	2025-04-23T11:18:19.0733589Z Runner name: 'ka0s-9'
handle_failure	Set up job	2025-04-23T11:18:19.0734205Z Machine name: '26a53205c9ac'
handle_failure	Set up job	2025-04-23T11:18:19.0735778Z ##[group]GITHUB_TOKEN Permissions
handle_failure	Set up job	2025-04-23T11:18:19.0737427Z Actions: write
handle_failure	Set up job	2025-04-23T11:18:19.0737749Z Contents: write
handle_failure	Set up job	2025-04-23T11:18:19.0738063Z Issues: write
handle_failure	Set up job	2025-04-23T11:18:19.0738375Z Metadata: read
handle_failure	Set up job	2025-04-23T11:18:19.0738673Z PullRequests: write
handle_failure	Set up job	2025-04-23T11:18:19.0739076Z ##[endgroup]
handle_failure	Set up job	2025-04-23T11:18:19.0740812Z Secret source: Actions
handle_failure	Set up job	2025-04-23T11:18:19.0741338Z Prepare workflow directory
handle_failure	Set up job	2025-04-23T11:18:19.1143163Z Prepare all required actions
handle_failure	Set up job	2025-04-23T11:18:19.1169368Z Getting action download info
handle_failure	Set up job	2025-04-23T11:18:19.6213573Z Download action repository 'actions/checkout@v4' (SHA:11bd71901bbe5b1630ceea73d27597364c9af683)
handle_failure	Set up job	2025-04-23T11:18:20.2936570Z Complete job name: handle_failure
handle_failure	Checkout code	ï»¿2025-04-23T11:18:20.3296923Z ##[group]Run actions/checkout@v4
handle_failure	Checkout code	2025-04-23T11:18:20.3297569Z with:
handle_failure	Checkout code	2025-04-23T11:18:20.3297880Z   fetch-depth: 0
handle_failure	Checkout code	2025-04-23T11:18:20.3298477Z   token: ***
handle_failure	Checkout code	2025-04-23T11:18:20.3298810Z   repository: Ka0s-Klaus/ka0s
handle_failure	Checkout code	2025-04-23T11:18:20.3299199Z   ssh-strict: true
handle_failure	Checkout code	2025-04-23T11:18:20.3299518Z   ssh-user: git
handle_failure	Checkout code	2025-04-23T11:18:20.3299918Z   persist-credentials: true
handle_failure	Checkout code	2025-04-23T11:18:20.3300293Z   clean: true
handle_failure	Checkout code	2025-04-23T11:18:20.3300639Z   sparse-checkout-cone-mode: true
handle_failure	Checkout code	2025-04-23T11:18:20.3301051Z   fetch-tags: false
handle_failure	Checkout code	2025-04-23T11:18:20.3301398Z   show-progress: true
handle_failure	Checkout code	2025-04-23T11:18:20.3301750Z   lfs: false
handle_failure	Checkout code	2025-04-23T11:18:20.3302114Z   submodules: false
handle_failure	Checkout code	2025-04-23T11:18:20.3302453Z   set-safe-directory: true
handle_failure	Checkout code	2025-04-23T11:18:20.3302978Z env:
handle_failure	Checkout code	2025-04-23T11:18:20.3303282Z   KAOS_MODULE: [Ka0S] JSONLINT
handle_failure	Checkout code	2025-04-23T11:18:20.3303758Z   GH_TOKEN: ***
handle_failure	Checkout code	2025-04-23T11:18:20.3304128Z   KAOS_JSONLINT_CONFIG: core/config/.jsonlint.json
handle_failure	Checkout code	2025-04-23T11:18:20.3304591Z   KAOS_PATH_RESUME: core/outputs/j/
handle_failure	Checkout code	2025-04-23T11:18:20.3305047Z   KAOS_REPO: /actions-runner/_work/kaos/kaos
handle_failure	Checkout code	2025-04-23T11:18:20.3305473Z   KAOS_STEP_MODULE: 
handle_failure	Checkout code	2025-04-23T11:18:20.3305815Z   KAOS_CODE: 14214633628
handle_failure	Checkout code	2025-04-23T11:18:20.3306163Z   KAOS_REF_BRANCH: main
handle_failure	Checkout code	2025-04-23T11:18:20.3306498Z ##[endgroup]
handle_failure	Checkout code	2025-04-23T11:18:20.4083701Z Syncing repository: Ka0s-Klaus/ka0s
handle_failure	Checkout code	2025-04-23T11:18:20.4085208Z ##[group]Getting Git version info
handle_failure	Checkout code	2025-04-23T11:18:20.4085727Z Working directory is '/actions-runner/_work/ka0s/ka0s'
handle_failure	Checkout code	2025-04-23T11:18:20.4086415Z [command]/usr/bin/git version
handle_failure	Checkout code	2025-04-23T11:18:20.4086794Z git version 2.43.0
handle_failure	Checkout code	2025-04-23T11:18:20.4103032Z ##[endgroup]
handle_failure	Checkout code	2025-04-23T11:18:20.4116849Z Copying '/home/kaos/.gitconfig' to '/actions-runner/_work/_temp/28e34a06-2097-42ad-8a81-aae0c3c79d34/.gitconfig'
handle_failure	Checkout code	2025-04-23T11:18:20.4130996Z Temporarily overriding HOME='/actions-runner/_work/_temp/28e34a06-2097-42ad-8a81-aae0c3c79d34' before making global git config changes
handle_failure	Checkout code	2025-04-23T11:18:20.4131927Z Adding repository directory to the temporary git global config as a safe directory
handle_failure	Checkout code	2025-04-23T11:18:20.4136391Z [command]/usr/bin/git config --global --add safe.directory /actions-runner/_work/ka0s/ka0s
handle_failure	Checkout code	2025-04-23T11:18:20.4175529Z [command]/usr/bin/git config --local --get remote.origin.url
handle_failure	Checkout code	2025-04-23T11:18:20.4195064Z https://github.com/Ka0s-Klaus/ka0s
handle_failure	Checkout code	2025-04-23T11:18:20.4214840Z ##[group]Removing previously created refs, to avoid conflicts
handle_failure	Checkout code	2025-04-23T11:18:20.4220336Z [command]/usr/bin/git rev-parse --symbolic-full-name --verify --quiet HEAD
handle_failure	Checkout code	2025-04-23T11:18:20.4238927Z refs/heads/H220-web-de-resultados
handle_failure	Checkout code	2025-04-23T11:18:20.4245126Z [command]/usr/bin/git checkout --detach
handle_failure	Checkout code	2025-04-23T11:18:20.4320335Z HEAD is now at 512fe4f9 [Ka0S] Uploading resume execution files to the repository...
handle_failure	Checkout code	2025-04-23T11:18:20.4368464Z [command]/usr/bin/git branch --delete --force H220-web-de-resultados
handle_failure	Checkout code	2025-04-23T11:18:20.4400014Z Deleted branch H220-web-de-resultados (was 512fe4f9).
handle_failure	Checkout code	2025-04-23T11:18:20.4440460Z ##[endgroup]
handle_failure	Checkout code	2025-04-23T11:18:20.4441100Z [command]/usr/bin/git submodule status
handle_failure	Checkout code	2025-04-23T11:18:20.4659928Z ##[group]Cleaning the repository
handle_failure	Checkout code	2025-04-23T11:18:20.4663186Z [command]/usr/bin/git clean -ffdx
handle_failure	Checkout code	2025-04-23T11:18:20.4705400Z [command]/usr/bin/git reset --hard HEAD
handle_failure	Checkout code	2025-04-23T11:18:20.4785890Z HEAD is now at 512fe4f9 [Ka0S] Uploading resume execution files to the repository...
handle_failure	Checkout code	2025-04-23T11:18:20.4788788Z ##[endgroup]
handle_failure	Checkout code	2025-04-23T11:18:20.4790216Z ##[group]Disabling automatic garbage collection
handle_failure	Checkout code	2025-04-23T11:18:20.4793895Z [command]/usr/bin/git config --local gc.auto 0
handle_failure	Checkout code	2025-04-23T11:18:20.4818753Z ##[endgroup]
handle_failure	Checkout code	2025-04-23T11:18:20.4819591Z ##[group]Setting up auth
handle_failure	Checkout code	2025-04-23T11:18:20.4821290Z [command]/usr/bin/git config --local --name-only --get-regexp core\.sshCommand
handle_failure	Checkout code	2025-04-23T11:18:20.4855930Z [command]/usr/bin/git submodule foreach --recursive sh -c "git config --local --name-only --get-regexp 'core\.sshCommand' && git config --local --unset-all 'core.sshCommand' || :"
handle_failure	Checkout code	2025-04-23T11:18:20.5076312Z [command]/usr/bin/git config --local --name-only --get-regexp http\.https\:\/\/github\.com\/\.extraheader
handle_failure	Checkout code	2025-04-23T11:18:20.5098165Z [command]/usr/bin/git submodule foreach --recursive sh -c "git config --local --name-only --get-regexp 'http\.https\:\/\/github\.com\/\.extraheader' && git config --local --unset-all 'http.https://github.com/.extraheader' || :"
handle_failure	Checkout code	2025-04-23T11:18:20.5323972Z [command]/usr/bin/git config --local http.https://github.com/.extraheader AUTHORIZATION: basic ***
handle_failure	Checkout code	2025-04-23T11:18:20.5356199Z ##[endgroup]
handle_failure	Checkout code	2025-04-23T11:18:20.5356776Z ##[group]Fetching the repository
handle_failure	Checkout code	2025-04-23T11:18:20.5360814Z [command]/usr/bin/git -c protocol.version=2 fetch --prune --no-recurse-submodules origin +refs/heads/*:refs/remotes/origin/* +refs/tags/*:refs/tags/*
handle_failure	Checkout code	2025-04-23T11:18:21.3605026Z From https://github.com/Ka0s-Klaus/ka0s
handle_failure	Checkout code	2025-04-23T11:18:21.3606680Z    512fe4f9..4c43f424  H220-web-de-resultados -> origin/H220-web-de-resultados
handle_failure	Checkout code	2025-04-23T11:18:21.3607974Z    889f42d0..d913bbd1  main                   -> origin/main
handle_failure	Checkout code	2025-04-23T11:18:21.3647447Z [command]/usr/bin/git branch --list --remote origin/H215-modulo-de-summary
handle_failure	Checkout code	2025-04-23T11:18:21.3673334Z   origin/H215-modulo-de-summary
handle_failure	Checkout code	2025-04-23T11:18:21.3681165Z [command]/usr/bin/git rev-parse refs/remotes/origin/H215-modulo-de-summary
handle_failure	Checkout code	2025-04-23T11:18:21.3702834Z be8bef882b98371a98b61b4341e9114465f4cc96
handle_failure	Checkout code	2025-04-23T11:18:21.3714512Z [command]/usr/bin/git -c protocol.version=2 fetch --no-tags --prune --no-recurse-submodules origin +4a6a832d1122b16fd64dde65270b28aeaed503c2:refs/remotes/origin/H215-modulo-de-summary
handle_failure	Checkout code	2025-04-23T11:18:21.3905138Z From https://github.com/Ka0s-Klaus/ka0s
handle_failure	Checkout code	2025-04-23T11:18:21.3905991Z  + be8bef88...4a6a832d 4a6a832d1122b16fd64dde65270b28aeaed503c2 -> origin/H215-modulo-de-summary  (forced update)
handle_failure	Checkout code	2025-04-23T11:18:21.3923911Z ##[endgroup]
handle_failure	Checkout code	2025-04-23T11:18:21.3924550Z ##[group]Determining the checkout info
handle_failure	Checkout code	2025-04-23T11:18:21.3925579Z ##[endgroup]
handle_failure	Checkout code	2025-04-23T11:18:21.3929323Z [command]/usr/bin/git sparse-checkout disable
handle_failure	Checkout code	2025-04-23T11:18:21.3969960Z [command]/usr/bin/git config --local --unset-all extensions.worktreeConfig
handle_failure	Checkout code	2025-04-23T11:18:21.3994359Z ##[group]Checking out the ref
handle_failure	Checkout code	2025-04-23T11:18:21.3996040Z [command]/usr/bin/git checkout --progress --force -B H215-modulo-de-summary refs/remotes/origin/H215-modulo-de-summary
handle_failure	Checkout code	2025-04-23T11:18:21.4211761Z Previous HEAD position was 512fe4f9 [Ka0S] Uploading resume execution files to the repository...
handle_failure	Checkout code	2025-04-23T11:18:21.4216075Z Switched to a new branch 'H215-modulo-de-summary'
handle_failure	Checkout code	2025-04-23T11:18:21.4216638Z branch 'H215-modulo-de-summary' set up to track 'origin/H215-modulo-de-summary'.
handle_failure	Checkout code	2025-04-23T11:18:21.4223395Z ##[endgroup]
handle_failure	Checkout code	2025-04-23T11:18:21.4248971Z [command]/usr/bin/git log -1 --format=%H
handle_failure	Checkout code	2025-04-23T11:18:21.4273921Z 4a6a832d1122b16fd64dde65270b28aeaed503c2
handle_failure	handle-failure-execution	ï»¿2025-04-23T11:18:21.4449398Z ##[group]Run echo "Error detected in process"
handle_failure	handle-failure-execution	2025-04-23T11:18:21.4449893Z [36;1mecho "Error detected in process"[0m
handle_failure	handle-failure-execution	2025-04-23T11:18:21.4450342Z [36;1mRNNUMBER=$(echo "refs/heads/H215-modulo-de-summary" | grep -o '[0-9]*')[0m
handle_failure	handle-failure-execution	2025-04-23T11:18:21.4451061Z [36;1mgh issue comment $RNNUMBER --body "El proceso no ha finalizado correctamente 14214633628. El resultado estÃ¡ en el fichero core/results/event_data14214633628.log"[0m
handle_failure	handle-failure-execution	2025-04-23T11:18:21.4458671Z shell: /usr/bin/bash -e {0}
handle_failure	handle-failure-execution	2025-04-23T11:18:21.4459027Z env:
handle_failure	handle-failure-execution	2025-04-23T11:18:21.4459314Z   KAOS_MODULE: [Ka0S] JSONLINT
handle_failure	handle-failure-execution	2025-04-23T11:18:21.4459858Z   GH_TOKEN: ***
handle_failure	handle-failure-execution	2025-04-23T11:18:21.4460172Z   KAOS_JSONLINT_CONFIG: core/config/.jsonlint.json
handle_failure	handle-failure-execution	2025-04-23T11:18:21.4460539Z   KAOS_PATH_RESUME: core/outputs/j/
handle_failure	handle-failure-execution	2025-04-23T11:18:21.4460886Z   KAOS_REPO: /actions-runner/_work/kaos/kaos
handle_failure	handle-failure-execution	2025-04-23T11:18:21.4461224Z   KAOS_STEP_MODULE: 
handle_failure	handle-failure-execution	2025-04-23T11:18:21.4461515Z   KAOS_CODE: 14214633628
handle_failure	handle-failure-execution	2025-04-23T11:18:21.4461808Z   KAOS_REF_BRANCH: main
handle_failure	handle-failure-execution	2025-04-23T11:18:21.4462463Z ##[endgroup]
handle_failure	handle-failure-execution	2025-04-23T11:18:21.4500535Z Error detected in process
handle_failure	handle-failure-execution	2025-04-23T11:18:22.5087882Z https://github.com/Ka0s-Klaus/ka0s/issues/215#issuecomment-2823951422
handle_failure	Post Checkout code	ï»¿2025-04-23T11:18:22.5155931Z Post job cleanup.
handle_failure	Post Checkout code	2025-04-23T11:18:22.5790428Z [command]/usr/bin/git version
handle_failure	Post Checkout code	2025-04-23T11:18:22.5819564Z git version 2.43.0
handle_failure	Post Checkout code	2025-04-23T11:18:22.5862287Z Copying '/home/kaos/.gitconfig' to '/actions-runner/_work/_temp/d830f6de-b537-473a-9b46-8dfa07b733a5/.gitconfig'
handle_failure	Post Checkout code	2025-04-23T11:18:22.5874723Z Temporarily overriding HOME='/actions-runner/_work/_temp/d830f6de-b537-473a-9b46-8dfa07b733a5' before making global git config changes
handle_failure	Post Checkout code	2025-04-23T11:18:22.5875804Z Adding repository directory to the temporary git global config as a safe directory
handle_failure	Post Checkout code	2025-04-23T11:18:22.5880674Z [command]/usr/bin/git config --global --add safe.directory /actions-runner/_work/ka0s/ka0s
handle_failure	Post Checkout code	2025-04-23T11:18:22.5915867Z [command]/usr/bin/git config --local --name-only --get-regexp core\.sshCommand
handle_failure	Post Checkout code	2025-04-23T11:18:22.5948925Z [command]/usr/bin/git submodule foreach --recursive sh -c "git config --local --name-only --get-regexp 'core\.sshCommand' && git config --local --unset-all 'core.sshCommand' || :"
handle_failure	Post Checkout code	2025-04-23T11:18:22.6189078Z [command]/usr/bin/git config --local --name-only --get-regexp http\.https\:\/\/github\.com\/\.extraheader
handle_failure	Post Checkout code	2025-04-23T11:18:22.6205175Z http.https://github.com/.extraheader
handle_failure	Post Checkout code	2025-04-23T11:18:22.6218811Z [command]/usr/bin/git config --local --unset-all http.https://github.com/.extraheader
handle_failure	Post Checkout code	2025-04-23T11:18:22.6251714Z [command]/usr/bin/git submodule foreach --recursive sh -c "git config --local --name-only --get-regexp 'http\.https\:\/\/github\.com\/\.extraheader' && git config --local --unset-all 'http.https://github.com/.extraheader' || :"
handle_failure	Complete job	ï»¿2025-04-23T11:18:22.6552765Z Cleaning up orphan processes
end-workflow	Set up job	ï»¿2025-04-23T11:25:41.8217669Z Current runner version: '2.323.0'
end-workflow	Set up job	2025-04-23T11:25:41.8221817Z Runner name: 'ka0s-9'
end-workflow	Set up job	2025-04-23T11:25:41.8222635Z Machine name: '26a53205c9ac'
end-workflow	Set up job	2025-04-23T11:25:41.8224399Z ##[group]GITHUB_TOKEN Permissions
end-workflow	Set up job	2025-04-23T11:25:41.8226335Z Actions: write
end-workflow	Set up job	2025-04-23T11:25:41.8226709Z Contents: write
end-workflow	Set up job	2025-04-23T11:25:41.8227040Z Issues: write
end-workflow	Set up job	2025-04-23T11:25:41.8227359Z Metadata: read
end-workflow	Set up job	2025-04-23T11:25:41.8227681Z PullRequests: write
end-workflow	Set up job	2025-04-23T11:25:41.8228004Z ##[endgroup]
end-workflow	Set up job	2025-04-23T11:25:41.8229485Z Secret source: Actions
end-workflow	Set up job	2025-04-23T11:25:41.8229924Z Prepare workflow directory
end-workflow	Set up job	2025-04-23T11:25:41.8644224Z Prepare all required actions
end-workflow	Set up job	2025-04-23T11:25:41.8673194Z Getting action download info
end-workflow	Set up job	2025-04-23T11:25:42.3423790Z Download action repository 'actions/checkout@v4' (SHA:11bd71901bbe5b1630ceea73d27597364c9af683)
end-workflow	Set up job	2025-04-23T11:25:43.0415991Z Complete job name: end-workflow
end-workflow	Checkout code	ï»¿2025-04-23T11:25:43.0763004Z ##[group]Run actions/checkout@v4
end-workflow	Checkout code	2025-04-23T11:25:43.0764271Z with:
end-workflow	Checkout code	2025-04-23T11:25:43.0764655Z   fetch-depth: 0
end-workflow	Checkout code	2025-04-23T11:25:43.0765645Z   token: ***
end-workflow	Checkout code	2025-04-23T11:25:43.0766013Z   repository: Ka0s-Klaus/ka0s
end-workflow	Checkout code	2025-04-23T11:25:43.0805931Z   ssh-strict: true
end-workflow	Checkout code	2025-04-23T11:25:43.0806529Z   ssh-user: git
end-workflow	Checkout code	2025-04-23T11:25:43.0806906Z   persist-credentials: true
end-workflow	Checkout code	2025-04-23T11:25:43.0807335Z   clean: true
end-workflow	Checkout code	2025-04-23T11:25:43.0807744Z   sparse-checkout-cone-mode: true
end-workflow	Checkout code	2025-04-23T11:25:43.0808191Z   fetch-tags: false
end-workflow	Checkout code	2025-04-23T11:25:43.0808576Z   show-progress: true
end-workflow	Checkout code	2025-04-23T11:25:43.0808962Z   lfs: false
end-workflow	Checkout code	2025-04-23T11:25:43.0809305Z   submodules: false
end-workflow	Checkout code	2025-04-23T11:25:43.0809728Z   set-safe-directory: true
end-workflow	Checkout code	2025-04-23T11:25:43.0811147Z env:
end-workflow	Checkout code	2025-04-23T11:25:43.0811513Z   KAOS_MODULE: [Ka0S] JSONLINT
end-workflow	Checkout code	2025-04-23T11:25:43.0812344Z   GH_TOKEN: ***
end-workflow	Checkout code	2025-04-23T11:25:43.0812770Z   KAOS_JSONLINT_CONFIG: core/config/.jsonlint.json
end-workflow	Checkout code	2025-04-23T11:25:43.0813330Z   KAOS_PATH_RESUME: core/outputs/j/
end-workflow	Checkout code	2025-04-23T11:25:43.0813935Z   KAOS_REPO: /actions-runner/_work/kaos/kaos
end-workflow	Checkout code	2025-04-23T11:25:43.0814447Z   KAOS_STEP_MODULE: 
end-workflow	Checkout code	2025-04-23T11:25:43.0814861Z   KAOS_CODE: 14214633628
end-workflow	Checkout code	2025-04-23T11:25:43.0815269Z   KAOS_REF_BRANCH: main
end-workflow	Checkout code	2025-04-23T11:25:43.0815671Z ##[endgroup]
end-workflow	Checkout code	2025-04-23T11:25:43.1712528Z Syncing repository: Ka0s-Klaus/ka0s
end-workflow	Checkout code	2025-04-23T11:25:43.1714989Z ##[group]Getting Git version info
end-workflow	Checkout code	2025-04-23T11:25:43.1715595Z Working directory is '/actions-runner/_work/ka0s/ka0s'
end-workflow	Checkout code	2025-04-23T11:25:43.1716561Z [command]/usr/bin/git version
end-workflow	Checkout code	2025-04-23T11:25:43.1717023Z git version 2.43.0
end-workflow	Checkout code	2025-04-23T11:25:43.1719718Z ##[endgroup]
end-workflow	Checkout code	2025-04-23T11:25:43.1731730Z Copying '/home/kaos/.gitconfig' to '/actions-runner/_work/_temp/2e304c0c-749a-4bc5-8f4f-98c9aea7cb5b/.gitconfig'
end-workflow	Checkout code	2025-04-23T11:25:43.1744237Z Temporarily overriding HOME='/actions-runner/_work/_temp/2e304c0c-749a-4bc5-8f4f-98c9aea7cb5b' before making global git config changes
end-workflow	Checkout code	2025-04-23T11:25:43.1745961Z Adding repository directory to the temporary git global config as a safe directory
end-workflow	Checkout code	2025-04-23T11:25:43.1747731Z [command]/usr/bin/git config --global --add safe.directory /actions-runner/_work/ka0s/ka0s
end-workflow	Checkout code	2025-04-23T11:25:43.1839102Z [command]/usr/bin/git config --local --get remote.origin.url
end-workflow	Checkout code	2025-04-23T11:25:43.1855161Z https://github.com/Ka0s-Klaus/ka0s
end-workflow	Checkout code	2025-04-23T11:25:43.1876429Z ##[group]Removing previously created refs, to avoid conflicts
end-workflow	Checkout code	2025-04-23T11:25:43.1881040Z [command]/usr/bin/git rev-parse --symbolic-full-name --verify --quiet HEAD
end-workflow	Checkout code	2025-04-23T11:25:43.1910469Z refs/heads/H220-web-de-resultados
end-workflow	Checkout code	2025-04-23T11:25:43.1918371Z [command]/usr/bin/git checkout --detach
end-workflow	Checkout code	2025-04-23T11:25:43.2659914Z HEAD is now at cfef8c4c [Ka0S] Uploading resume execution files to the repository...
end-workflow	Checkout code	2025-04-23T11:25:43.2691585Z [command]/usr/bin/git branch --delete --force H220-web-de-resultados
end-workflow	Checkout code	2025-04-23T11:25:43.2728141Z Deleted branch H220-web-de-resultados (was cfef8c4c).
end-workflow	Checkout code	2025-04-23T11:25:43.2780356Z ##[endgroup]
end-workflow	Checkout code	2025-04-23T11:25:43.2782587Z [command]/usr/bin/git submodule status
end-workflow	Checkout code	2025-04-23T11:25:43.3018816Z ##[group]Cleaning the repository
end-workflow	Checkout code	2025-04-23T11:25:43.3022214Z [command]/usr/bin/git clean -ffdx
end-workflow	Checkout code	2025-04-23T11:25:43.3080751Z [command]/usr/bin/git reset --hard HEAD
end-workflow	Checkout code	2025-04-23T11:25:43.3208577Z HEAD is now at cfef8c4c [Ka0S] Uploading resume execution files to the repository...
end-workflow	Checkout code	2025-04-23T11:25:43.3215937Z ##[endgroup]
end-workflow	Checkout code	2025-04-23T11:25:43.3217166Z ##[group]Disabling automatic garbage collection
end-workflow	Checkout code	2025-04-23T11:25:43.3220565Z [command]/usr/bin/git config --local gc.auto 0
end-workflow	Checkout code	2025-04-23T11:25:43.3251122Z ##[endgroup]
end-workflow	Checkout code	2025-04-23T11:25:43.3252426Z ##[group]Setting up auth
end-workflow	Checkout code	2025-04-23T11:25:43.3265203Z [command]/usr/bin/git config --local --name-only --get-regexp core\.sshCommand
end-workflow	Checkout code	2025-04-23T11:25:43.3291792Z [command]/usr/bin/git submodule foreach --recursive sh -c "git config --local --name-only --get-regexp 'core\.sshCommand' && git config --local --unset-all 'core.sshCommand' || :"
end-workflow	Checkout code	2025-04-23T11:25:43.3567707Z [command]/usr/bin/git config --local --name-only --get-regexp http\.https\:\/\/github\.com\/\.extraheader
end-workflow	Checkout code	2025-04-23T11:25:43.3600936Z [command]/usr/bin/git submodule foreach --recursive sh -c "git config --local --name-only --get-regexp 'http\.https\:\/\/github\.com\/\.extraheader' && git config --local --unset-all 'http.https://github.com/.extraheader' || :"
end-workflow	Checkout code	2025-04-23T11:25:43.3837843Z [command]/usr/bin/git config --local http.https://github.com/.extraheader AUTHORIZATION: basic ***
end-workflow	Checkout code	2025-04-23T11:25:43.3869001Z ##[endgroup]
end-workflow	Checkout code	2025-04-23T11:25:43.3870547Z ##[group]Fetching the repository
end-workflow	Checkout code	2025-04-23T11:25:43.3878823Z [command]/usr/bin/git -c protocol.version=2 fetch --prune --no-recurse-submodules origin +refs/heads/*:refs/remotes/origin/* +refs/tags/*:refs/tags/*
end-workflow	Checkout code	2025-04-23T11:25:44.2800990Z From https://github.com/Ka0s-Klaus/ka0s
end-workflow	Checkout code	2025-04-23T11:25:44.2803246Z    cfef8c4c..4c43f424  H220-web-de-resultados -> origin/H220-web-de-resultados
end-workflow	Checkout code	2025-04-23T11:25:44.2804844Z    6e3dfb90..b0d9d37a  main                   -> origin/main
end-workflow	Checkout code	2025-04-23T11:25:44.2840042Z [command]/usr/bin/git branch --list --remote origin/H215-modulo-de-summary
end-workflow	Checkout code	2025-04-23T11:25:44.2863056Z   origin/H215-modulo-de-summary
end-workflow	Checkout code	2025-04-23T11:25:44.2868617Z [command]/usr/bin/git rev-parse refs/remotes/origin/H215-modulo-de-summary
end-workflow	Checkout code	2025-04-23T11:25:44.2886929Z be8bef882b98371a98b61b4341e9114465f4cc96
end-workflow	Checkout code	2025-04-23T11:25:44.2899432Z [command]/usr/bin/git -c protocol.version=2 fetch --no-tags --prune --no-recurse-submodules origin +4a6a832d1122b16fd64dde65270b28aeaed503c2:refs/remotes/origin/H215-modulo-de-summary
end-workflow	Checkout code	2025-04-23T11:25:44.3136612Z From https://github.com/Ka0s-Klaus/ka0s
end-workflow	Checkout code	2025-04-23T11:25:44.3139237Z  + be8bef88...4a6a832d 4a6a832d1122b16fd64dde65270b28aeaed503c2 -> origin/H215-modulo-de-summary  (forced update)
end-workflow	Checkout code	2025-04-23T11:25:44.3160129Z ##[endgroup]
end-workflow	Checkout code	2025-04-23T11:25:44.3161798Z ##[group]Determining the checkout info
end-workflow	Checkout code	2025-04-23T11:25:44.3163718Z ##[endgroup]
end-workflow	Checkout code	2025-04-23T11:25:44.3164787Z [command]/usr/bin/git sparse-checkout disable
end-workflow	Checkout code	2025-04-23T11:25:44.3213222Z [command]/usr/bin/git config --local --unset-all extensions.worktreeConfig
end-workflow	Checkout code	2025-04-23T11:25:44.3240554Z ##[group]Checking out the ref
end-workflow	Checkout code	2025-04-23T11:25:44.3243640Z [command]/usr/bin/git checkout --progress --force -B H215-modulo-de-summary refs/remotes/origin/H215-modulo-de-summary
end-workflow	Checkout code	2025-04-23T11:25:44.3470710Z Previous HEAD position was cfef8c4c [Ka0S] Uploading resume execution files to the repository...
end-workflow	Checkout code	2025-04-23T11:25:44.3478574Z Switched to a new branch 'H215-modulo-de-summary'
end-workflow	Checkout code	2025-04-23T11:25:44.3480933Z branch 'H215-modulo-de-summary' set up to track 'origin/H215-modulo-de-summary'.
end-workflow	Checkout code	2025-04-23T11:25:44.3488316Z ##[endgroup]
end-workflow	Checkout code	2025-04-23T11:25:44.3527748Z [command]/usr/bin/git log -1 --format=%H
end-workflow	Checkout code	2025-04-23T11:25:44.3557608Z 4a6a832d1122b16fd64dde65270b28aeaed503c2
end-workflow	Finaliza el workflow	ï»¿2025-04-23T11:25:44.3777878Z ##[group]Run echo "End process"
end-workflow	Finaliza el workflow	2025-04-23T11:25:44.3778874Z [36;1mecho "End process"[0m
end-workflow	Finaliza el workflow	2025-04-23T11:25:44.3780072Z [36;1mRNNUMBER=$(echo "refs/heads/H215-modulo-de-summary" | grep -o '[0-9]*')[0m
end-workflow	Finaliza el workflow	2025-04-23T11:25:44.3781637Z [36;1mgh issue comment $RNNUMBER --body "Se finaliza Ka0s 14214633628"[0m
end-workflow	Finaliza el workflow	2025-04-23T11:25:44.3784135Z [36;1mgh workflow run inspector.yml --ref 'main' -f kaos-issue-id=$RNNUMBER -f kaos-workflow-id="14214633628" -f kaos-user-start=""[0m
end-workflow	Finaliza el workflow	2025-04-23T11:25:44.3794125Z shell: /usr/bin/bash -e {0}
end-workflow	Finaliza el workflow	2025-04-23T11:25:44.3794919Z env:
end-workflow	Finaliza el workflow	2025-04-23T11:25:44.3795554Z   KAOS_MODULE: [Ka0S] JSONLINT
end-workflow	Finaliza el workflow	2025-04-23T11:25:44.3796687Z   GH_TOKEN: ***
end-workflow	Finaliza el workflow	2025-04-23T11:25:44.3797449Z   KAOS_JSONLINT_CONFIG: core/config/.jsonlint.json
end-workflow	Finaliza el workflow	2025-04-23T11:25:44.3798435Z   KAOS_PATH_RESUME: core/outputs/j/
end-workflow	Finaliza el workflow	2025-04-23T11:25:44.3799347Z   KAOS_REPO: /actions-runner/_work/kaos/kaos
end-workflow	Finaliza el workflow	2025-04-23T11:25:44.3800259Z   KAOS_STEP_MODULE: 
end-workflow	Finaliza el workflow	2025-04-23T11:25:44.3800947Z   KAOS_CODE: 14214633628
end-workflow	Finaliza el workflow	2025-04-23T11:25:44.3801744Z   KAOS_REF_BRANCH: main
end-workflow	Finaliza el workflow	2025-04-23T11:25:44.3802823Z ##[endgroup]
end-workflow	Finaliza el workflow	2025-04-23T11:25:44.3847645Z End process
end-workflow	Finaliza el workflow	2025-04-23T11:25:45.4388406Z https://github.com/Ka0s-Klaus/ka0s/issues/215#issuecomment-2823968311
end-workflow	Post Checkout code	ï»¿2025-04-23T11:25:46.0391911Z Post job cleanup.
end-workflow	Post Checkout code	2025-04-23T11:25:46.1083813Z [command]/usr/bin/git version
end-workflow	Post Checkout code	2025-04-23T11:25:46.1113022Z git version 2.43.0
end-workflow	Post Checkout code	2025-04-23T11:25:46.1136496Z Copying '/home/kaos/.gitconfig' to '/actions-runner/_work/_temp/be749365-b749-4889-a743-d6d6a1872107/.gitconfig'
end-workflow	Post Checkout code	2025-04-23T11:25:46.1144110Z Temporarily overriding HOME='/actions-runner/_work/_temp/be749365-b749-4889-a743-d6d6a1872107' before making global git config changes
end-workflow	Post Checkout code	2025-04-23T11:25:46.1144681Z Adding repository directory to the temporary git global config as a safe directory
end-workflow	Post Checkout code	2025-04-23T11:25:46.1148425Z [command]/usr/bin/git config --global --add safe.directory /actions-runner/_work/ka0s/ka0s
end-workflow	Post Checkout code	2025-04-23T11:25:46.1184331Z [command]/usr/bin/git config --local --name-only --get-regexp core\.sshCommand
end-workflow	Post Checkout code	2025-04-23T11:25:46.1212808Z [command]/usr/bin/git submodule foreach --recursive sh -c "git config --local --name-only --get-regexp 'core\.sshCommand' && git config --local --unset-all 'core.sshCommand' || :"
end-workflow	Post Checkout code	2025-04-23T11:25:46.1476128Z [command]/usr/bin/git config --local --name-only --get-regexp http\.https\:\/\/github\.com\/\.extraheader
end-workflow	Post Checkout code	2025-04-23T11:25:46.1502713Z http.https://github.com/.extraheader
end-workflow	Post Checkout code	2025-04-23T11:25:46.1514521Z [command]/usr/bin/git config --local --unset-all http.https://github.com/.extraheader
end-workflow	Post Checkout code	2025-04-23T11:25:46.1548673Z [command]/usr/bin/git submodule foreach --recursive sh -c "git config --local --name-only --get-regexp 'http\.https\:\/\/github\.com\/\.extraheader' && git config --local --unset-all 'http.https://github.com/.extraheader' || :"
end-workflow	Complete job	ï»¿2025-04-23T11:25:46.1911819Z Cleaning up orphan processes
