job-core	Set up job	﻿2025-04-23T11:00:59.5507451Z Current runner version: '2.323.0'
job-core	Set up job	2025-04-23T11:00:59.5526384Z Runner name: 'ka0s-2'
job-core	Set up job	2025-04-23T11:00:59.5528192Z Machine name: '419612ea1a87'
job-core	Set up job	2025-04-23T11:00:59.5532486Z ##[group]GITHUB_TOKEN Permissions
job-core	Set up job	2025-04-23T11:00:59.5535966Z Actions: write
job-core	Set up job	2025-04-23T11:00:59.5536750Z Contents: write
job-core	Set up job	2025-04-23T11:00:59.5537538Z Issues: write
job-core	Set up job	2025-04-23T11:00:59.5538278Z Metadata: read
job-core	Set up job	2025-04-23T11:00:59.5539025Z PullRequests: write
job-core	Set up job	2025-04-23T11:00:59.5539738Z ##[endgroup]
job-core	Set up job	2025-04-23T11:00:59.5543180Z Secret source: Actions
job-core	Set up job	2025-04-23T11:00:59.5544366Z Prepare workflow directory
job-core	Set up job	2025-04-23T11:00:59.6855791Z Prepare all required actions
job-core	Set up job	2025-04-23T11:00:59.6953718Z Getting action download info
job-core	Set up job	2025-04-23T11:01:00.4434404Z Download action repository 'actions/checkout@v4' (SHA:11bd71901bbe5b1630ceea73d27597364c9af683)
job-core	Set up job	2025-04-23T11:01:04.0113661Z Download action repository 'actions/setup-node@v2' (SHA:7c12f8017d5436eb855f1ed4399f037a36fbd9e8)
job-core	Set up job	2025-04-23T11:01:14.7380461Z Complete job name: job-core
job-core	Checkout code	﻿2025-04-23T11:01:14.8664120Z ##[group]Run actions/checkout@v4
job-core	Checkout code	2025-04-23T11:01:14.8665811Z with:
job-core	Checkout code	2025-04-23T11:01:14.8666623Z   fetch-depth: 0
job-core	Checkout code	2025-04-23T11:01:14.8668077Z   token: ***
job-core	Checkout code	2025-04-23T11:01:14.8668956Z   repository: Ka0s-Klaus/ka0s
job-core	Checkout code	2025-04-23T11:01:14.8670007Z   ssh-strict: true
job-core	Checkout code	2025-04-23T11:01:14.8670860Z   ssh-user: git
job-core	Checkout code	2025-04-23T11:01:14.8672022Z   persist-credentials: true
job-core	Checkout code	2025-04-23T11:01:14.8673214Z   clean: true
job-core	Checkout code	2025-04-23T11:01:14.8674230Z   sparse-checkout-cone-mode: true
job-core	Checkout code	2025-04-23T11:01:14.8675335Z   fetch-tags: false
job-core	Checkout code	2025-04-23T11:01:14.8676602Z   show-progress: true
job-core	Checkout code	2025-04-23T11:01:14.8677686Z   lfs: false
job-core	Checkout code	2025-04-23T11:01:14.8678520Z   submodules: false
job-core	Checkout code	2025-04-23T11:01:14.8679421Z   set-safe-directory: true
job-core	Checkout code	2025-04-23T11:01:14.8680756Z env:
job-core	Checkout code	2025-04-23T11:01:14.8681557Z   KAOS_MODULE: [Ka0S] JSONLINT
job-core	Checkout code	2025-04-23T11:01:14.8683425Z   GH_TOKEN: ***
job-core	Checkout code	2025-04-23T11:01:14.8684446Z   KAOS_JSONLINT_CONFIG: core/config/.jsonlint.json
job-core	Checkout code	2025-04-23T11:01:14.8685801Z   KAOS_PATH_RESUME: core/outputs/j/
job-core	Checkout code	2025-04-23T11:01:14.8687541Z   KAOS_REPO: /actions-runner/_work/kaos/kaos
job-core	Checkout code	2025-04-23T11:01:14.8690166Z   KAOS_STEP_MODULE: 
job-core	Checkout code	2025-04-23T11:01:14.8692464Z   KAOS_CODE: 14214625761
job-core	Checkout code	2025-04-23T11:01:14.8693640Z   KAOS_REF_BRANCH: main
job-core	Checkout code	2025-04-23T11:01:14.8694745Z ##[endgroup]
job-core	Checkout code	2025-04-23T11:01:15.0761306Z Syncing repository: Ka0s-Klaus/ka0s
job-core	Checkout code	2025-04-23T11:01:15.0768093Z ##[group]Getting Git version info
job-core	Checkout code	2025-04-23T11:01:15.0770821Z Working directory is '/actions-runner/_work/ka0s/ka0s'
job-core	Checkout code	2025-04-23T11:01:15.0775242Z [command]/usr/bin/git version
job-core	Checkout code	2025-04-23T11:01:15.0777275Z git version 2.48.1
job-core	Checkout code	2025-04-23T11:01:15.0786933Z ##[endgroup]
job-core	Checkout code	2025-04-23T11:01:15.0806228Z Copying '/home/kaos/.gitconfig' to '/actions-runner/_work/_temp/8013a477-f74a-4b8f-9fa0-2e3647747fdb/.gitconfig'
job-core	Checkout code	2025-04-23T11:01:15.0831163Z Temporarily overriding HOME='/actions-runner/_work/_temp/8013a477-f74a-4b8f-9fa0-2e3647747fdb' before making global git config changes
job-core	Checkout code	2025-04-23T11:01:15.0839540Z Adding repository directory to the temporary git global config as a safe directory
job-core	Checkout code	2025-04-23T11:01:15.0848364Z [command]/usr/bin/git config --global --add safe.directory /actions-runner/_work/ka0s/ka0s
job-core	Checkout code	2025-04-23T11:01:15.0903826Z [command]/usr/bin/git config --local --get remote.origin.url
job-core	Checkout code	2025-04-23T11:01:15.0935512Z https://github.com/Ka0s-Klaus/ka0s
job-core	Checkout code	2025-04-23T11:01:15.0971330Z ##[group]Removing previously created refs, to avoid conflicts
job-core	Checkout code	2025-04-23T11:01:15.0982851Z [command]/usr/bin/git rev-parse --symbolic-full-name --verify --quiet HEAD
job-core	Checkout code	2025-04-23T11:01:15.1026683Z refs/heads/main
job-core	Checkout code	2025-04-23T11:01:15.1042027Z [command]/usr/bin/git checkout --detach
job-core	Checkout code	2025-04-23T11:01:15.1419878Z HEAD is now at 39a976d5 [Ka0S] Update workflow resume files
job-core	Checkout code	2025-04-23T11:01:15.1534953Z [command]/usr/bin/git branch --delete --force main
job-core	Checkout code	2025-04-23T11:01:15.1589085Z Deleted branch main (was 39a976d5).
job-core	Checkout code	2025-04-23T11:01:15.1702850Z ##[endgroup]
job-core	Checkout code	2025-04-23T11:01:15.1704702Z [command]/usr/bin/git submodule status
job-core	Checkout code	2025-04-23T11:01:15.2180846Z ##[group]Cleaning the repository
job-core	Checkout code	2025-04-23T11:01:15.2185763Z [command]/usr/bin/git clean -ffdx
job-core	Checkout code	2025-04-23T11:01:15.2265792Z [command]/usr/bin/git reset --hard HEAD
job-core	Checkout code	2025-04-23T11:01:15.2555994Z HEAD is now at 39a976d5 [Ka0S] Update workflow resume files
job-core	Checkout code	2025-04-23T11:01:15.2568023Z ##[endgroup]
job-core	Checkout code	2025-04-23T11:01:15.2573222Z ##[group]Disabling automatic garbage collection
job-core	Checkout code	2025-04-23T11:01:15.2576293Z [command]/usr/bin/git config --local gc.auto 0
job-core	Checkout code	2025-04-23T11:01:15.2624186Z ##[endgroup]
job-core	Checkout code	2025-04-23T11:01:15.2627412Z ##[group]Setting up auth
job-core	Checkout code	2025-04-23T11:01:15.2633951Z [command]/usr/bin/git config --local --name-only --get-regexp core\.sshCommand
job-core	Checkout code	2025-04-23T11:01:15.2703271Z [command]/usr/bin/git submodule foreach --recursive sh -c "git config --local --name-only --get-regexp 'core\.sshCommand' && git config --local --unset-all 'core.sshCommand' || :"
job-core	Checkout code	2025-04-23T11:01:15.3227295Z [command]/usr/bin/git config --local --name-only --get-regexp http\.https\:\/\/github\.com\/\.extraheader
job-core	Checkout code	2025-04-23T11:01:15.3274310Z [command]/usr/bin/git submodule foreach --recursive sh -c "git config --local --name-only --get-regexp 'http\.https\:\/\/github\.com\/\.extraheader' && git config --local --unset-all 'http.https://github.com/.extraheader' || :"
job-core	Checkout code	2025-04-23T11:01:15.3782342Z [command]/usr/bin/git config --local http.https://github.com/.extraheader AUTHORIZATION: basic ***
job-core	Checkout code	2025-04-23T11:01:15.3865857Z ##[endgroup]
job-core	Checkout code	2025-04-23T11:01:15.3867081Z ##[group]Fetching the repository
job-core	Checkout code	2025-04-23T11:01:15.3882915Z [command]/usr/bin/git -c protocol.version=2 fetch --prune --no-recurse-submodules origin +refs/heads/*:refs/remotes/origin/* +refs/tags/*:refs/tags/*
job-core	Checkout code	2025-04-23T11:01:21.2272881Z From https://github.com/Ka0s-Klaus/ka0s
job-core	Checkout code	2025-04-23T11:01:21.2274462Z    e49d439b..de60dc53  H44-creación-módulo-versionado -> origin/H44-creación-módulo-versionado
job-core	Checkout code	2025-04-23T11:01:21.2348064Z    2c3f52c9..ef00a455  main       -> origin/main
job-core	Checkout code	2025-04-23T11:01:21.2435214Z [command]/usr/bin/git branch --list --remote origin/H215-modulo-de-summary
job-core	Checkout code	2025-04-23T11:01:21.2484616Z   origin/H215-modulo-de-summary
job-core	Checkout code	2025-04-23T11:01:21.2505021Z [command]/usr/bin/git rev-parse refs/remotes/origin/H215-modulo-de-summary
job-core	Checkout code	2025-04-23T11:01:21.2550577Z be8bef882b98371a98b61b4341e9114465f4cc96
job-core	Checkout code	2025-04-23T11:01:21.2598819Z [command]/usr/bin/git -c protocol.version=2 fetch --no-tags --prune --no-recurse-submodules origin +4a6a832d1122b16fd64dde65270b28aeaed503c2:refs/remotes/origin/H215-modulo-de-summary
job-core	Checkout code	2025-04-23T11:01:22.0876289Z From https://github.com/Ka0s-Klaus/ka0s
job-core	Checkout code	2025-04-23T11:01:22.0878300Z  + be8bef88...4a6a832d 4a6a832d1122b16fd64dde65270b28aeaed503c2 -> origin/H215-modulo-de-summary  (forced update)
job-core	Checkout code	2025-04-23T11:01:22.0967841Z ##[endgroup]
job-core	Checkout code	2025-04-23T11:01:22.0969330Z ##[group]Determining the checkout info
job-core	Checkout code	2025-04-23T11:01:22.0974765Z ##[endgroup]
job-core	Checkout code	2025-04-23T11:01:22.0982624Z [command]/usr/bin/git sparse-checkout disable
job-core	Checkout code	2025-04-23T11:01:22.1081090Z [command]/usr/bin/git config --local --unset-all extensions.worktreeConfig
job-core	Checkout code	2025-04-23T11:01:22.1145780Z ##[group]Checking out the ref
job-core	Checkout code	2025-04-23T11:01:22.1152490Z [command]/usr/bin/git checkout --progress --force -B H215-modulo-de-summary refs/remotes/origin/H215-modulo-de-summary
job-core	Checkout code	2025-04-23T11:01:22.2402395Z Warning: you are leaving 1 commit behind, not connected to
job-core	Checkout code	2025-04-23T11:01:22.2403714Z any of your branches:
job-core	Checkout code	2025-04-23T11:01:22.2410936Z 
job-core	Checkout code	2025-04-23T11:01:22.2412046Z   39a976d5 [Ka0S] Update workflow resume files
job-core	Checkout code	2025-04-23T11:01:22.2412845Z 
job-core	Checkout code	2025-04-23T11:01:22.2413527Z If you want to keep it by creating a new branch, this may be a good time
job-core	Checkout code	2025-04-23T11:01:22.2414978Z to do so with:
job-core	Checkout code	2025-04-23T11:01:22.2415430Z 
job-core	Checkout code	2025-04-23T11:01:22.2415789Z  git branch <new-branch-name> 39a976d5
job-core	Checkout code	2025-04-23T11:01:22.2416542Z 
job-core	Checkout code	2025-04-23T11:01:22.2421200Z Switched to a new branch 'H215-modulo-de-summary'
job-core	Checkout code	2025-04-23T11:01:22.2430420Z branch 'H215-modulo-de-summary' set up to track 'origin/H215-modulo-de-summary'.
job-core	Checkout code	2025-04-23T11:01:22.2446206Z ##[endgroup]
job-core	Checkout code	2025-04-23T11:01:22.2536265Z [command]/usr/bin/git log -1 --format=%H
job-core	Checkout code	2025-04-23T11:01:22.2590589Z 4a6a832d1122b16fd64dde65270b28aeaed503c2
job-core	Install Node.js	﻿2025-04-23T11:01:22.2939745Z ##[group]Run actions/setup-node@v2
job-core	Install Node.js	2025-04-23T11:01:22.2940119Z with:
job-core	Install Node.js	2025-04-23T11:01:22.2940368Z   node-version: 14
job-core	Install Node.js	2025-04-23T11:01:22.2940612Z   always-auth: false
job-core	Install Node.js	2025-04-23T11:01:22.2940868Z   check-latest: false
job-core	Install Node.js	2025-04-23T11:01:22.2941315Z   token: ***
job-core	Install Node.js	2025-04-23T11:01:22.2941531Z env:
job-core	Install Node.js	2025-04-23T11:01:22.2942032Z   KAOS_MODULE: [Ka0S] JSONLINT
job-core	Install Node.js	2025-04-23T11:01:22.2942597Z   GH_TOKEN: ***
job-core	Install Node.js	2025-04-23T11:01:22.2942884Z   KAOS_JSONLINT_CONFIG: core/config/.jsonlint.json
job-core	Install Node.js	2025-04-23T11:01:22.2943261Z   KAOS_PATH_RESUME: core/outputs/j/
job-core	Install Node.js	2025-04-23T11:01:22.2943610Z   KAOS_REPO: /actions-runner/_work/kaos/kaos
job-core	Install Node.js	2025-04-23T11:01:22.2943948Z   KAOS_STEP_MODULE: 
job-core	Install Node.js	2025-04-23T11:01:22.2944194Z   KAOS_CODE: 14214625761
job-core	Install Node.js	2025-04-23T11:01:22.2944458Z   KAOS_REF_BRANCH: main
job-core	Install Node.js	2025-04-23T11:01:22.2944708Z ##[endgroup]
job-core	Install Node.js	2025-04-23T11:01:22.5301468Z Found in cache @ /actions-runner/_work/_tool/node/14.21.3/x64
job-core	Install jsonlint	﻿2025-04-23T11:01:22.5542584Z ##[group]Run if ! command -v jsonlint &> /dev/null; then
job-core	Install jsonlint	2025-04-23T11:01:22.5543322Z [36;1mif ! command -v jsonlint &> /dev/null; then[0m
job-core	Install jsonlint	2025-04-23T11:01:22.5543751Z [36;1m  echo "Installing jsonlint..."[0m
job-core	Install jsonlint	2025-04-23T11:01:22.5544130Z [36;1m  npm install -g jsonlint[0m
job-core	Install jsonlint	2025-04-23T11:01:22.5544470Z [36;1melse[0m
job-core	Install jsonlint	2025-04-23T11:01:22.5544862Z [36;1m  echo "jsonlint already installed, skipping installation"[0m
job-core	Install jsonlint	2025-04-23T11:01:22.5545378Z [36;1mfi[0m
job-core	Install jsonlint	2025-04-23T11:01:22.5545789Z [36;1mmkdir -p core/outputs/j/[0m
job-core	Install jsonlint	2025-04-23T11:01:22.5567428Z shell: /usr/bin/bash -e {0}
job-core	Install jsonlint	2025-04-23T11:01:22.5567895Z env:
job-core	Install jsonlint	2025-04-23T11:01:22.5568155Z   KAOS_MODULE: [Ka0S] JSONLINT
job-core	Install jsonlint	2025-04-23T11:01:22.5568721Z   GH_TOKEN: ***
job-core	Install jsonlint	2025-04-23T11:01:22.5569041Z   KAOS_JSONLINT_CONFIG: core/config/.jsonlint.json
job-core	Install jsonlint	2025-04-23T11:01:22.5569439Z   KAOS_PATH_RESUME: core/outputs/j/
job-core	Install jsonlint	2025-04-23T11:01:22.5569810Z   KAOS_REPO: /actions-runner/_work/kaos/kaos
job-core	Install jsonlint	2025-04-23T11:01:22.5570176Z   KAOS_STEP_MODULE: 
job-core	Install jsonlint	2025-04-23T11:01:22.5570514Z   KAOS_CODE: 14214625761
job-core	Install jsonlint	2025-04-23T11:01:22.5570835Z   KAOS_REF_BRANCH: main
job-core	Install jsonlint	2025-04-23T11:01:22.5571108Z ##[endgroup]
job-core	Install jsonlint	2025-04-23T11:01:22.5700594Z jsonlint already installed, skipping installation
job-core	Check JSON	﻿2025-04-23T11:01:22.5804850Z ##[group]Run # Invocamos la primera comprobación de base, sino se supera el proceso no continua
job-core	Check JSON	2025-04-23T11:01:22.5806722Z [36;1m# Invocamos la primera comprobación de base, sino se supera el proceso no continua[0m
job-core	Check JSON	2025-04-23T11:01:22.5822033Z [36;1m# Extraemos el nombre del fichero[0m
job-core	Check JSON	2025-04-23T11:01:22.5823009Z [36;1mfile_name=$(basename "core/dashboard/dashboard/sections/seccion1.json")[0m
job-core	Check JSON	2025-04-23T11:01:22.5824031Z [36;1m# Generamos el fichero de resultados vacio[0m
job-core	Check JSON	2025-04-23T11:01:22.5824924Z [36;1mtouch core/outputs/j/jsonlint-results-14214625761.txt[0m
job-core	Check JSON	2025-04-23T11:01:22.5825842Z [36;1m# Realizamos el check del documento json [0m
job-core	Check JSON	2025-04-23T11:01:22.5827259Z [36;1mjsonlint core/dashboard/dashboard/sections/seccion1.json > core/outputs/j/jsonlint-results-14214625761.txt[0m
job-core	Check JSON	2025-04-23T11:01:22.5828764Z [36;1m# esto es un workarround importante que hay que retirar[0m
job-core	Check JSON	2025-04-23T11:01:22.5829730Z [36;1m#rm -rf core/outputs/j/jsonlint-results-14214625761.txt[0m
job-core	Check JSON	2025-04-23T11:01:22.5830586Z [36;1m# a retirar[0m
job-core	Check JSON	2025-04-23T11:01:22.5831107Z [36;1m# Check if exist errors in file[0m
job-core	Check JSON	2025-04-23T11:01:22.5832179Z [36;1mecho "Mostramos fichero"[0m
job-core	Check JSON	2025-04-23T11:01:22.5833000Z [36;1mcat core/outputs/j/jsonlint-results-14214625761.txt[0m
job-core	Check JSON	2025-04-23T11:01:22.5833926Z [36;1mif [ ! -s core/outputs/j/jsonlint-results-14214625761.txt ]; then[0m
job-core	Check JSON	2025-04-23T11:01:22.5835366Z [36;1m  echo "File core/outputs/j/jsonlint-results-14214625761.txt is empty and is content correct"[0m
job-core	Check JSON	2025-04-23T11:01:22.5838145Z [36;1m  KAOS_ISSUE_BODY="The [Ka0S] JSONLINT process (14214574225) launch the check (14214625761) over file (core/dashboard/dashboard/sections/seccion1.json) and its result has been SUCCESS. Please review all files implicated in pull request and approve to merge"[0m
job-core	Check JSON	2025-04-23T11:01:22.5840797Z [36;1m  # Añadimos la versión de jsonlint con la que se realiza la comprobacion[0m
job-core	Check JSON	2025-04-23T11:01:22.5842374Z [36;1m  jsonlint --version >> core/outputs/j/jsonlint-results-14214625761.txt[0m
job-core	Check JSON	2025-04-23T11:01:22.5843002Z [36;1m  # añadimos el nombre del fichero que vamos a comprobar[0m
job-core	Check JSON	2025-04-23T11:01:22.5843828Z [36;1m  echo "Finding: core/dashboard/dashboard/sections/seccion1.json" >> core/outputs/j/jsonlint-results-14214625761.txt[0m
job-core	Check JSON	2025-04-23T11:01:22.5845179Z [36;1m  # gh workflow run issue.yaml --ref main -f kaos-issue-title="" -f kaos-issue-body="$KAOS_ISSUE_BODY" -f kaos-issue-actions=comment -f kaos-issue-tag="" -f kaos-issue-id=215[0m
job-core	Check JSON	2025-04-23T11:01:22.5846309Z [36;1m  gh issue comment  215 -F core/outputs/j/jsonlint-results-14214625761.txt[0m
job-core	Check JSON	2025-04-23T11:01:22.5846834Z [36;1melse[0m
job-core	Check JSON	2025-04-23T11:01:22.5847208Z [36;1m  cat core/outputs/j/jsonlint-results-14214625761.txt[0m
job-core	Check JSON	2025-04-23T11:01:22.5848093Z [36;1m  echo "File core/outputs/j/jsonlint-results-14214625761.txt is not empty and is content not correct and write commit info"[0m
job-core	Check JSON	2025-04-23T11:01:22.5849651Z [36;1m  KAOS_ISSUE_BODY="The [Ka0S] JSONLINT process (14214574225) launch the check (14214625761) over file (core/dashboard/dashboard/sections/seccion1.json) and its result has been FAILED, please check and solved it"[0m
job-core	Check JSON	2025-04-23T11:01:22.5851111Z [36;1m  # Añadimos la versión de jsonlint con la que se realiza la comprobacion[0m
job-core	Check JSON	2025-04-23T11:01:22.5852739Z [36;1m  # jsonlint --version || true >> core/outputs/j/jsonlint-results-14214625761.txt[0m
job-core	Check JSON	2025-04-23T11:01:22.5854247Z [36;1m  # añadimos el nombre del fichero que vamos a comprobar[0m
job-core	Check JSON	2025-04-23T11:01:22.5855572Z [36;1m  echo "Finding: core/dashboard/dashboard/sections/seccion1.json" >> core/outputs/j/jsonlint-results-14214625761.txt[0m
job-core	Check JSON	2025-04-23T11:01:22.5857911Z [36;1m  # gh workflow run issue.yaml --ref main -f kaos-issue-title="" -f kaos-issue-body="$KAOS_ISSUE_BODY" -f kaos-issue-actions=comment -f kaos-issue-tag="" -f kaos-issue-id=215 [0m
job-core	Check JSON	2025-04-23T11:01:22.5860715Z [36;1m  gh issue comment  215 -F core/outputs/j/jsonlint-results-14214625761.txt[0m
job-core	Check JSON	2025-04-23T11:01:22.5862212Z [36;1mfi[0m
job-core	Check JSON	2025-04-23T11:01:22.5875573Z shell: /usr/bin/bash -e {0}
job-core	Check JSON	2025-04-23T11:01:22.5876294Z env:
job-core	Check JSON	2025-04-23T11:01:22.5876574Z   KAOS_MODULE: [Ka0S] JSONLINT
job-core	Check JSON	2025-04-23T11:01:22.5877193Z   GH_TOKEN: ***
job-core	Check JSON	2025-04-23T11:01:22.5877520Z   KAOS_JSONLINT_CONFIG: core/config/.jsonlint.json
job-core	Check JSON	2025-04-23T11:01:22.5877942Z   KAOS_PATH_RESUME: core/outputs/j/
job-core	Check JSON	2025-04-23T11:01:22.5878356Z   KAOS_REPO: /actions-runner/_work/kaos/kaos
job-core	Check JSON	2025-04-23T11:01:22.5878762Z   KAOS_STEP_MODULE: 
job-core	Check JSON	2025-04-23T11:01:22.5879166Z   KAOS_CODE: 14214625761
job-core	Check JSON	2025-04-23T11:01:22.5879507Z   KAOS_REF_BRANCH: main
job-core	Check JSON	2025-04-23T11:01:22.5879819Z ##[endgroup]
job-core	Check JSON	2025-04-23T11:01:22.7873218Z internal/fs/utils.js:332
job-core	Check JSON	2025-04-23T11:01:22.7873840Z     throw err;
job-core	Check JSON	2025-04-23T11:01:22.7874277Z     ^
job-core	Check JSON	2025-04-23T11:01:22.7874907Z 
job-core	Check JSON	2025-04-23T11:01:22.7876049Z Error: ENOENT: no such file or directory, open 'core/dashboard/dashboard/sections/seccion1.json'
job-core	Check JSON	2025-04-23T11:01:22.7877169Z     at Object.openSync (fs.js:498:3)
job-core	Check JSON	2025-04-23T11:01:22.7878373Z     at Object.readFileSync (fs.js:394:35)
job-core	Check JSON	2025-04-23T11:01:22.7880369Z     at main (/actions-runner/_work/_tool/node/14.21.3/x64/lib/node_modules/jsonlint/lib/cli.js:135:23)
job-core	Check JSON	2025-04-23T11:01:22.7883006Z     at Object.<anonymous> (/actions-runner/_work/_tool/node/14.21.3/x64/lib/node_modules/jsonlint/lib/cli.js:179:1)
job-core	Check JSON	2025-04-23T11:01:22.7883901Z     at Module._compile (internal/modules/cjs/loader.js:1114:14)
job-core	Check JSON	2025-04-23T11:01:22.7884556Z     at Object.Module._extensions..js (internal/modules/cjs/loader.js:1143:10)
job-core	Check JSON	2025-04-23T11:01:22.7885182Z     at Module.load (internal/modules/cjs/loader.js:979:32)
job-core	Check JSON	2025-04-23T11:01:22.7886171Z     at Function.Module._load (internal/modules/cjs/loader.js:819:12)
job-core	Check JSON	2025-04-23T11:01:22.7888223Z     at Function.executeUserEntryPoint [as runMain] (internal/modules/run_main.js:75:12)
job-core	Check JSON	2025-04-23T11:01:22.7890077Z     at internal/main/run_main_module.js:17:47 {
job-core	Check JSON	2025-04-23T11:01:22.7891755Z   errno: -2,
job-core	Check JSON	2025-04-23T11:01:22.7892023Z   syscall: 'open',
job-core	Check JSON	2025-04-23T11:01:22.7892282Z   code: 'ENOENT',
job-core	Check JSON	2025-04-23T11:01:22.7892685Z   path: 'core/dashboard/dashboard/sections/seccion1.json'
job-core	Check JSON	2025-04-23T11:01:22.7893179Z }
job-core	Check JSON	2025-04-23T11:01:22.7927349Z ##[error]Process completed with exit code 1.
job-core	Post Checkout code	﻿2025-04-23T11:01:22.8091001Z Post job cleanup.
job-core	Post Checkout code	2025-04-23T11:01:22.9795017Z [command]/usr/bin/git version
job-core	Post Checkout code	2025-04-23T11:01:22.9867049Z git version 2.48.1
job-core	Post Checkout code	2025-04-23T11:01:22.9930134Z Copying '/home/kaos/.gitconfig' to '/actions-runner/_work/_temp/3f2edb78-5b8e-41e7-aaea-411bd67af2dd/.gitconfig'
job-core	Post Checkout code	2025-04-23T11:01:22.9949336Z Temporarily overriding HOME='/actions-runner/_work/_temp/3f2edb78-5b8e-41e7-aaea-411bd67af2dd' before making global git config changes
job-core	Post Checkout code	2025-04-23T11:01:22.9953762Z Adding repository directory to the temporary git global config as a safe directory
job-core	Post Checkout code	2025-04-23T11:01:22.9958515Z [command]/usr/bin/git config --global --add safe.directory /actions-runner/_work/ka0s/ka0s
job-core	Post Checkout code	2025-04-23T11:01:23.0027224Z [command]/usr/bin/git config --local --name-only --get-regexp core\.sshCommand
job-core	Post Checkout code	2025-04-23T11:01:23.0089827Z [command]/usr/bin/git submodule foreach --recursive sh -c "git config --local --name-only --get-regexp 'core\.sshCommand' && git config --local --unset-all 'core.sshCommand' || :"
job-core	Post Checkout code	2025-04-23T11:01:23.0669024Z [command]/usr/bin/git config --local --name-only --get-regexp http\.https\:\/\/github\.com\/\.extraheader
job-core	Post Checkout code	2025-04-23T11:01:23.0743237Z http.https://github.com/.extraheader
job-core	Post Checkout code	2025-04-23T11:01:23.0776155Z [command]/usr/bin/git config --local --unset-all http.https://github.com/.extraheader
job-core	Post Checkout code	2025-04-23T11:01:23.0870763Z [command]/usr/bin/git submodule foreach --recursive sh -c "git config --local --name-only --get-regexp 'http\.https\:\/\/github\.com\/\.extraheader' && git config --local --unset-all 'http.https://github.com/.extraheader' || :"
job-core	Complete job	﻿2025-04-23T11:01:23.1589920Z Cleaning up orphan processes
handle_failure	Set up job	﻿2025-04-23T11:17:02.2217190Z Current runner version: '2.323.0'
handle_failure	Set up job	2025-04-23T11:17:02.2221931Z Runner name: 'ka0s-9'
handle_failure	Set up job	2025-04-23T11:17:02.2222625Z Machine name: '26a53205c9ac'
handle_failure	Set up job	2025-04-23T11:17:02.2224410Z ##[group]GITHUB_TOKEN Permissions
handle_failure	Set up job	2025-04-23T11:17:02.2226026Z Actions: write
handle_failure	Set up job	2025-04-23T11:17:02.2226387Z Contents: write
handle_failure	Set up job	2025-04-23T11:17:02.2226733Z Issues: write
handle_failure	Set up job	2025-04-23T11:17:02.2227074Z Metadata: read
handle_failure	Set up job	2025-04-23T11:17:02.2227406Z PullRequests: write
handle_failure	Set up job	2025-04-23T11:17:02.2227745Z ##[endgroup]
handle_failure	Set up job	2025-04-23T11:17:02.2229173Z Secret source: Actions
handle_failure	Set up job	2025-04-23T11:17:02.2229602Z Prepare workflow directory
handle_failure	Set up job	2025-04-23T11:17:02.2639383Z Prepare all required actions
handle_failure	Set up job	2025-04-23T11:17:02.2681894Z Getting action download info
handle_failure	Set up job	2025-04-23T11:17:02.8000410Z Download action repository 'actions/checkout@v4' (SHA:11bd71901bbe5b1630ceea73d27597364c9af683)
handle_failure	Set up job	2025-04-23T11:17:03.4941937Z Complete job name: handle_failure
handle_failure	Checkout code	﻿2025-04-23T11:17:03.5243061Z ##[group]Run actions/checkout@v4
handle_failure	Checkout code	2025-04-23T11:17:03.5243567Z with:
handle_failure	Checkout code	2025-04-23T11:17:03.5243820Z   fetch-depth: 0
handle_failure	Checkout code	2025-04-23T11:17:03.5244264Z   token: ***
handle_failure	Checkout code	2025-04-23T11:17:03.5244526Z   repository: Ka0s-Klaus/ka0s
handle_failure	Checkout code	2025-04-23T11:17:03.5244824Z   ssh-strict: true
handle_failure	Checkout code	2025-04-23T11:17:03.5245082Z   ssh-user: git
handle_failure	Checkout code	2025-04-23T11:17:03.5245342Z   persist-credentials: true
handle_failure	Checkout code	2025-04-23T11:17:03.5245624Z   clean: true
handle_failure	Checkout code	2025-04-23T11:17:03.5245884Z   sparse-checkout-cone-mode: true
handle_failure	Checkout code	2025-04-23T11:17:03.5246190Z   fetch-tags: false
handle_failure	Checkout code	2025-04-23T11:17:03.5246446Z   show-progress: true
handle_failure	Checkout code	2025-04-23T11:17:03.5246705Z   lfs: false
handle_failure	Checkout code	2025-04-23T11:17:03.5246938Z   submodules: false
handle_failure	Checkout code	2025-04-23T11:17:03.5247201Z   set-safe-directory: true
handle_failure	Checkout code	2025-04-23T11:17:03.5247576Z env:
handle_failure	Checkout code	2025-04-23T11:17:03.5247817Z   KAOS_MODULE: [Ka0S] JSONLINT
handle_failure	Checkout code	2025-04-23T11:17:03.5248190Z   GH_TOKEN: ***
handle_failure	Checkout code	2025-04-23T11:17:03.5248476Z   KAOS_JSONLINT_CONFIG: core/config/.jsonlint.json
handle_failure	Checkout code	2025-04-23T11:17:03.5248851Z   KAOS_PATH_RESUME: core/outputs/j/
handle_failure	Checkout code	2025-04-23T11:17:03.5249206Z   KAOS_REPO: /actions-runner/_work/kaos/kaos
handle_failure	Checkout code	2025-04-23T11:17:03.5249540Z   KAOS_STEP_MODULE: 
handle_failure	Checkout code	2025-04-23T11:17:03.5249805Z   KAOS_CODE: 14214625761
handle_failure	Checkout code	2025-04-23T11:17:03.5250077Z   KAOS_REF_BRANCH: main
handle_failure	Checkout code	2025-04-23T11:17:03.5250338Z ##[endgroup]
handle_failure	Checkout code	2025-04-23T11:17:03.6013347Z Syncing repository: Ka0s-Klaus/ka0s
handle_failure	Checkout code	2025-04-23T11:17:03.6014779Z ##[group]Getting Git version info
handle_failure	Checkout code	2025-04-23T11:17:03.6015292Z Working directory is '/actions-runner/_work/ka0s/ka0s'
handle_failure	Checkout code	2025-04-23T11:17:03.6016053Z [command]/usr/bin/git version
handle_failure	Checkout code	2025-04-23T11:17:03.6016419Z git version 2.43.0
handle_failure	Checkout code	2025-04-23T11:17:03.6029726Z ##[endgroup]
handle_failure	Checkout code	2025-04-23T11:17:03.6037635Z Copying '/home/kaos/.gitconfig' to '/actions-runner/_work/_temp/74c41193-cf0e-4d61-8771-c7d64b9ed788/.gitconfig'
handle_failure	Checkout code	2025-04-23T11:17:03.6048441Z Temporarily overriding HOME='/actions-runner/_work/_temp/74c41193-cf0e-4d61-8771-c7d64b9ed788' before making global git config changes
handle_failure	Checkout code	2025-04-23T11:17:03.6049588Z Adding repository directory to the temporary git global config as a safe directory
handle_failure	Checkout code	2025-04-23T11:17:03.6051419Z [command]/usr/bin/git config --global --add safe.directory /actions-runner/_work/ka0s/ka0s
handle_failure	Checkout code	2025-04-23T11:17:03.6081886Z [command]/usr/bin/git config --local --get remote.origin.url
handle_failure	Checkout code	2025-04-23T11:17:03.6105030Z https://github.com/Ka0s-Klaus/ka0s
handle_failure	Checkout code	2025-04-23T11:17:03.6123455Z ##[group]Removing previously created refs, to avoid conflicts
handle_failure	Checkout code	2025-04-23T11:17:03.6128954Z [command]/usr/bin/git rev-parse --symbolic-full-name --verify --quiet HEAD
handle_failure	Checkout code	2025-04-23T11:17:03.6151116Z refs/heads/H215-modulo-de-summary
handle_failure	Checkout code	2025-04-23T11:17:03.6160270Z [command]/usr/bin/git checkout --detach
handle_failure	Checkout code	2025-04-23T11:17:03.6234106Z HEAD is now at 74205654 [Ka0S] Uploading resume execution files to the repository...
handle_failure	Checkout code	2025-04-23T11:17:03.6274973Z [command]/usr/bin/git branch --delete --force H215-modulo-de-summary
handle_failure	Checkout code	2025-04-23T11:17:03.6303946Z Deleted branch H215-modulo-de-summary (was 74205654).
handle_failure	Checkout code	2025-04-23T11:17:03.6341239Z ##[endgroup]
handle_failure	Checkout code	2025-04-23T11:17:03.6343760Z [command]/usr/bin/git submodule status
handle_failure	Checkout code	2025-04-23T11:17:03.6567366Z ##[group]Cleaning the repository
handle_failure	Checkout code	2025-04-23T11:17:03.6571501Z [command]/usr/bin/git clean -ffdx
handle_failure	Checkout code	2025-04-23T11:17:03.6615308Z [command]/usr/bin/git reset --hard HEAD
handle_failure	Checkout code	2025-04-23T11:17:03.6696034Z HEAD is now at 74205654 [Ka0S] Uploading resume execution files to the repository...
handle_failure	Checkout code	2025-04-23T11:17:03.6699202Z ##[endgroup]
handle_failure	Checkout code	2025-04-23T11:17:03.6699826Z ##[group]Disabling automatic garbage collection
handle_failure	Checkout code	2025-04-23T11:17:03.6705427Z [command]/usr/bin/git config --local gc.auto 0
handle_failure	Checkout code	2025-04-23T11:17:03.6729264Z ##[endgroup]
handle_failure	Checkout code	2025-04-23T11:17:03.6730042Z ##[group]Setting up auth
handle_failure	Checkout code	2025-04-23T11:17:03.6740660Z [command]/usr/bin/git config --local --name-only --get-regexp core\.sshCommand
handle_failure	Checkout code	2025-04-23T11:17:03.6766587Z [command]/usr/bin/git submodule foreach --recursive sh -c "git config --local --name-only --get-regexp 'core\.sshCommand' && git config --local --unset-all 'core.sshCommand' || :"
handle_failure	Checkout code	2025-04-23T11:17:03.7000942Z [command]/usr/bin/git config --local --name-only --get-regexp http\.https\:\/\/github\.com\/\.extraheader
handle_failure	Checkout code	2025-04-23T11:17:03.7029406Z [command]/usr/bin/git submodule foreach --recursive sh -c "git config --local --name-only --get-regexp 'http\.https\:\/\/github\.com\/\.extraheader' && git config --local --unset-all 'http.https://github.com/.extraheader' || :"
handle_failure	Checkout code	2025-04-23T11:17:03.7261305Z [command]/usr/bin/git config --local http.https://github.com/.extraheader AUTHORIZATION: basic ***
handle_failure	Checkout code	2025-04-23T11:17:03.7295125Z ##[endgroup]
handle_failure	Checkout code	2025-04-23T11:17:03.7295635Z ##[group]Fetching the repository
handle_failure	Checkout code	2025-04-23T11:17:03.7300855Z [command]/usr/bin/git -c protocol.version=2 fetch --prune --no-recurse-submodules origin +refs/heads/*:refs/remotes/origin/* +refs/tags/*:refs/tags/*
handle_failure	Checkout code	2025-04-23T11:17:04.8798861Z From https://github.com/Ka0s-Klaus/ka0s
handle_failure	Checkout code	2025-04-23T11:17:04.8799656Z    74205654..be8bef88  H215-modulo-de-summary -> origin/H215-modulo-de-summary
handle_failure	Checkout code	2025-04-23T11:17:04.8800170Z    f29060b7..ac85a312  main                   -> origin/main
handle_failure	Checkout code	2025-04-23T11:17:04.8848875Z [command]/usr/bin/git branch --list --remote origin/H215-modulo-de-summary
handle_failure	Checkout code	2025-04-23T11:17:04.8874073Z   origin/H215-modulo-de-summary
handle_failure	Checkout code	2025-04-23T11:17:04.8881754Z [command]/usr/bin/git rev-parse refs/remotes/origin/H215-modulo-de-summary
handle_failure	Checkout code	2025-04-23T11:17:04.8903277Z be8bef882b98371a98b61b4341e9114465f4cc96
handle_failure	Checkout code	2025-04-23T11:17:04.8913478Z [command]/usr/bin/git -c protocol.version=2 fetch --no-tags --prune --no-recurse-submodules origin +4a6a832d1122b16fd64dde65270b28aeaed503c2:refs/remotes/origin/H215-modulo-de-summary
handle_failure	Checkout code	2025-04-23T11:17:04.9124040Z From https://github.com/Ka0s-Klaus/ka0s
handle_failure	Checkout code	2025-04-23T11:17:04.9124990Z  + be8bef88...4a6a832d 4a6a832d1122b16fd64dde65270b28aeaed503c2 -> origin/H215-modulo-de-summary  (forced update)
handle_failure	Checkout code	2025-04-23T11:17:04.9142814Z ##[endgroup]
handle_failure	Checkout code	2025-04-23T11:17:04.9143429Z ##[group]Determining the checkout info
handle_failure	Checkout code	2025-04-23T11:17:04.9143994Z ##[endgroup]
handle_failure	Checkout code	2025-04-23T11:17:04.9150374Z [command]/usr/bin/git sparse-checkout disable
handle_failure	Checkout code	2025-04-23T11:17:04.9194937Z [command]/usr/bin/git config --local --unset-all extensions.worktreeConfig
handle_failure	Checkout code	2025-04-23T11:17:04.9220164Z ##[group]Checking out the ref
handle_failure	Checkout code	2025-04-23T11:17:04.9224091Z [command]/usr/bin/git checkout --progress --force -B H215-modulo-de-summary refs/remotes/origin/H215-modulo-de-summary
handle_failure	Checkout code	2025-04-23T11:17:04.9568055Z Previous HEAD position was 74205654 [Ka0S] Uploading resume execution files to the repository...
handle_failure	Checkout code	2025-04-23T11:17:04.9571816Z Switched to a new branch 'H215-modulo-de-summary'
handle_failure	Checkout code	2025-04-23T11:17:04.9572696Z branch 'H215-modulo-de-summary' set up to track 'origin/H215-modulo-de-summary'.
handle_failure	Checkout code	2025-04-23T11:17:04.9616651Z ##[endgroup]
handle_failure	Checkout code	2025-04-23T11:17:04.9620076Z [command]/usr/bin/git log -1 --format=%H
handle_failure	Checkout code	2025-04-23T11:17:04.9648248Z 4a6a832d1122b16fd64dde65270b28aeaed503c2
handle_failure	handle-failure-execution	﻿2025-04-23T11:17:04.9822571Z ##[group]Run echo "Error detected in process"
handle_failure	handle-failure-execution	2025-04-23T11:17:04.9823270Z [36;1mecho "Error detected in process"[0m
handle_failure	handle-failure-execution	2025-04-23T11:17:04.9823808Z [36;1mRNNUMBER=$(echo "refs/heads/H215-modulo-de-summary" | grep -o '[0-9]*')[0m
handle_failure	handle-failure-execution	2025-04-23T11:17:04.9824647Z [36;1mgh issue comment $RNNUMBER --body "El proceso no ha finalizado correctamente 14214625761. El resultado está en el fichero core/results/event_data14214625761.log"[0m
handle_failure	handle-failure-execution	2025-04-23T11:17:04.9833861Z shell: /usr/bin/bash -e {0}
handle_failure	handle-failure-execution	2025-04-23T11:17:04.9834291Z env:
handle_failure	handle-failure-execution	2025-04-23T11:17:04.9834655Z   KAOS_MODULE: [Ka0S] JSONLINT
handle_failure	handle-failure-execution	2025-04-23T11:17:04.9835304Z   GH_TOKEN: ***
handle_failure	handle-failure-execution	2025-04-23T11:17:04.9835625Z   KAOS_JSONLINT_CONFIG: core/config/.jsonlint.json
handle_failure	handle-failure-execution	2025-04-23T11:17:04.9835990Z   KAOS_PATH_RESUME: core/outputs/j/
handle_failure	handle-failure-execution	2025-04-23T11:17:04.9836474Z   KAOS_REPO: /actions-runner/_work/kaos/kaos
handle_failure	handle-failure-execution	2025-04-23T11:17:04.9836860Z   KAOS_STEP_MODULE: 
handle_failure	handle-failure-execution	2025-04-23T11:17:04.9837198Z   KAOS_CODE: 14214625761
handle_failure	handle-failure-execution	2025-04-23T11:17:04.9837548Z   KAOS_REF_BRANCH: main
handle_failure	handle-failure-execution	2025-04-23T11:17:04.9837962Z ##[endgroup]
handle_failure	handle-failure-execution	2025-04-23T11:17:04.9882764Z Error detected in process
handle_failure	handle-failure-execution	2025-04-23T11:17:06.0641189Z https://github.com/Ka0s-Klaus/ka0s/issues/215#issuecomment-2823948577
handle_failure	Post Checkout code	﻿2025-04-23T11:17:06.0715209Z Post job cleanup.
handle_failure	Post Checkout code	2025-04-23T11:17:06.1336086Z [command]/usr/bin/git version
handle_failure	Post Checkout code	2025-04-23T11:17:06.1365101Z git version 2.43.0
handle_failure	Post Checkout code	2025-04-23T11:17:06.1389865Z Copying '/home/kaos/.gitconfig' to '/actions-runner/_work/_temp/3bab3b13-7bdb-40f2-8b7f-0dd2f7b5f064/.gitconfig'
handle_failure	Post Checkout code	2025-04-23T11:17:06.1399458Z Temporarily overriding HOME='/actions-runner/_work/_temp/3bab3b13-7bdb-40f2-8b7f-0dd2f7b5f064' before making global git config changes
handle_failure	Post Checkout code	2025-04-23T11:17:06.1400309Z Adding repository directory to the temporary git global config as a safe directory
handle_failure	Post Checkout code	2025-04-23T11:17:06.1403960Z [command]/usr/bin/git config --global --add safe.directory /actions-runner/_work/ka0s/ka0s
handle_failure	Post Checkout code	2025-04-23T11:17:06.1436640Z [command]/usr/bin/git config --local --name-only --get-regexp core\.sshCommand
handle_failure	Post Checkout code	2025-04-23T11:17:06.1461431Z [command]/usr/bin/git submodule foreach --recursive sh -c "git config --local --name-only --get-regexp 'core\.sshCommand' && git config --local --unset-all 'core.sshCommand' || :"
handle_failure	Post Checkout code	2025-04-23T11:17:06.1687073Z [command]/usr/bin/git config --local --name-only --get-regexp http\.https\:\/\/github\.com\/\.extraheader
handle_failure	Post Checkout code	2025-04-23T11:17:06.1708128Z http.https://github.com/.extraheader
handle_failure	Post Checkout code	2025-04-23T11:17:06.1715502Z [command]/usr/bin/git config --local --unset-all http.https://github.com/.extraheader
handle_failure	Post Checkout code	2025-04-23T11:17:06.1736353Z [command]/usr/bin/git submodule foreach --recursive sh -c "git config --local --name-only --get-regexp 'http\.https\:\/\/github\.com\/\.extraheader' && git config --local --unset-all 'http.https://github.com/.extraheader' || :"
handle_failure	Complete job	﻿2025-04-23T11:17:06.2029407Z Cleaning up orphan processes
end-workflow	Set up job	﻿2025-04-23T11:22:53.5596052Z Current runner version: '2.323.0'
end-workflow	Set up job	2025-04-23T11:22:53.5600082Z Runner name: 'ka0s-9'
end-workflow	Set up job	2025-04-23T11:22:53.5600647Z Machine name: '26a53205c9ac'
end-workflow	Set up job	2025-04-23T11:22:53.5602434Z ##[group]GITHUB_TOKEN Permissions
end-workflow	Set up job	2025-04-23T11:22:53.5604119Z Actions: write
end-workflow	Set up job	2025-04-23T11:22:53.5604432Z Contents: write
end-workflow	Set up job	2025-04-23T11:22:53.5604720Z Issues: write
end-workflow	Set up job	2025-04-23T11:22:53.5604988Z Metadata: read
end-workflow	Set up job	2025-04-23T11:22:53.5605261Z PullRequests: write
end-workflow	Set up job	2025-04-23T11:22:53.5605541Z ##[endgroup]
end-workflow	Set up job	2025-04-23T11:22:53.5606786Z Secret source: Actions
end-workflow	Set up job	2025-04-23T11:22:53.5607166Z Prepare workflow directory
end-workflow	Set up job	2025-04-23T11:22:53.6014276Z Prepare all required actions
end-workflow	Set up job	2025-04-23T11:22:53.6044376Z Getting action download info
end-workflow	Set up job	2025-04-23T11:22:54.1069318Z Download action repository 'actions/checkout@v4' (SHA:11bd71901bbe5b1630ceea73d27597364c9af683)
end-workflow	Set up job	2025-04-23T11:22:54.7819357Z Complete job name: end-workflow
end-workflow	Checkout code	﻿2025-04-23T11:22:54.8145257Z ##[group]Run actions/checkout@v4
end-workflow	Checkout code	2025-04-23T11:22:54.8145841Z with:
end-workflow	Checkout code	2025-04-23T11:22:54.8146167Z   fetch-depth: 0
end-workflow	Checkout code	2025-04-23T11:22:54.8146691Z   token: ***
end-workflow	Checkout code	2025-04-23T11:22:54.8147021Z   repository: Ka0s-Klaus/ka0s
end-workflow	Checkout code	2025-04-23T11:22:54.8147435Z   ssh-strict: true
end-workflow	Checkout code	2025-04-23T11:22:54.8147795Z   ssh-user: git
end-workflow	Checkout code	2025-04-23T11:22:54.8148134Z   persist-credentials: true
end-workflow	Checkout code	2025-04-23T11:22:54.8148539Z   clean: true
end-workflow	Checkout code	2025-04-23T11:22:54.8148888Z   sparse-checkout-cone-mode: true
end-workflow	Checkout code	2025-04-23T11:22:54.8149308Z   fetch-tags: false
end-workflow	Checkout code	2025-04-23T11:22:54.8149669Z   show-progress: true
end-workflow	Checkout code	2025-04-23T11:22:54.8150033Z   lfs: false
end-workflow	Checkout code	2025-04-23T11:22:54.8150340Z   submodules: false
end-workflow	Checkout code	2025-04-23T11:22:54.8150725Z   set-safe-directory: true
end-workflow	Checkout code	2025-04-23T11:22:54.8151231Z env:
end-workflow	Checkout code	2025-04-23T11:22:54.8151546Z   KAOS_MODULE: [Ka0S] JSONLINT
end-workflow	Checkout code	2025-04-23T11:22:54.8152116Z   GH_TOKEN: ***
end-workflow	Checkout code	2025-04-23T11:22:54.8152507Z   KAOS_JSONLINT_CONFIG: core/config/.jsonlint.json
end-workflow	Checkout code	2025-04-23T11:22:54.8152969Z   KAOS_PATH_RESUME: core/outputs/j/
end-workflow	Checkout code	2025-04-23T11:22:54.8153477Z   KAOS_REPO: /actions-runner/_work/kaos/kaos
end-workflow	Checkout code	2025-04-23T11:22:54.8153998Z   KAOS_STEP_MODULE: 
end-workflow	Checkout code	2025-04-23T11:22:54.8154362Z   KAOS_CODE: 14214625761
end-workflow	Checkout code	2025-04-23T11:22:54.8154745Z   KAOS_REF_BRANCH: main
end-workflow	Checkout code	2025-04-23T11:22:54.8155116Z ##[endgroup]
end-workflow	Checkout code	2025-04-23T11:22:54.8899054Z Syncing repository: Ka0s-Klaus/ka0s
end-workflow	Checkout code	2025-04-23T11:22:54.8900737Z ##[group]Getting Git version info
end-workflow	Checkout code	2025-04-23T11:22:54.8901378Z Working directory is '/actions-runner/_work/ka0s/ka0s'
end-workflow	Checkout code	2025-04-23T11:22:54.8902419Z [command]/usr/bin/git version
end-workflow	Checkout code	2025-04-23T11:22:54.8902937Z git version 2.43.0
end-workflow	Checkout code	2025-04-23T11:22:54.8912726Z ##[endgroup]
end-workflow	Checkout code	2025-04-23T11:22:54.8919348Z Copying '/home/kaos/.gitconfig' to '/actions-runner/_work/_temp/1ca03521-3dca-4732-9d19-9399630b6b33/.gitconfig'
end-workflow	Checkout code	2025-04-23T11:22:54.8932082Z Temporarily overriding HOME='/actions-runner/_work/_temp/1ca03521-3dca-4732-9d19-9399630b6b33' before making global git config changes
end-workflow	Checkout code	2025-04-23T11:22:54.8933457Z Adding repository directory to the temporary git global config as a safe directory
end-workflow	Checkout code	2025-04-23T11:22:54.8934719Z [command]/usr/bin/git config --global --add safe.directory /actions-runner/_work/ka0s/ka0s
end-workflow	Checkout code	2025-04-23T11:22:54.8970180Z [command]/usr/bin/git config --local --get remote.origin.url
end-workflow	Checkout code	2025-04-23T11:22:54.8988332Z https://github.com/Ka0s-Klaus/ka0s
end-workflow	Checkout code	2025-04-23T11:22:54.9000686Z ##[group]Removing previously created refs, to avoid conflicts
end-workflow	Checkout code	2025-04-23T11:22:54.9002910Z [command]/usr/bin/git rev-parse --symbolic-full-name --verify --quiet HEAD
end-workflow	Checkout code	2025-04-23T11:22:54.9025521Z refs/heads/H34-modulo-iac-kaos
end-workflow	Checkout code	2025-04-23T11:22:54.9036980Z [command]/usr/bin/git checkout --detach
end-workflow	Checkout code	2025-04-23T11:22:54.9090497Z HEAD is now at c30f3094 JSON CORRECTO
end-workflow	Checkout code	2025-04-23T11:22:54.9126594Z [command]/usr/bin/git branch --delete --force H34-modulo-iac-kaos
end-workflow	Checkout code	2025-04-23T11:22:54.9155457Z Deleted branch H34-modulo-iac-kaos (was c30f3094).
end-workflow	Checkout code	2025-04-23T11:22:54.9203998Z ##[endgroup]
end-workflow	Checkout code	2025-04-23T11:22:54.9204467Z [command]/usr/bin/git submodule status
end-workflow	Checkout code	2025-04-23T11:22:54.9427243Z ##[group]Cleaning the repository
end-workflow	Checkout code	2025-04-23T11:22:54.9430915Z [command]/usr/bin/git clean -ffdx
end-workflow	Checkout code	2025-04-23T11:22:54.9476203Z [command]/usr/bin/git reset --hard HEAD
end-workflow	Checkout code	2025-04-23T11:22:54.9566900Z HEAD is now at c30f3094 JSON CORRECTO
end-workflow	Checkout code	2025-04-23T11:22:54.9571757Z ##[endgroup]
end-workflow	Checkout code	2025-04-23T11:22:54.9574432Z ##[group]Disabling automatic garbage collection
end-workflow	Checkout code	2025-04-23T11:22:54.9579432Z [command]/usr/bin/git config --local gc.auto 0
end-workflow	Checkout code	2025-04-23T11:22:54.9605368Z ##[endgroup]
end-workflow	Checkout code	2025-04-23T11:22:54.9606142Z ##[group]Setting up auth
end-workflow	Checkout code	2025-04-23T11:22:54.9609838Z [command]/usr/bin/git config --local --name-only --get-regexp core\.sshCommand
end-workflow	Checkout code	2025-04-23T11:22:54.9641535Z [command]/usr/bin/git submodule foreach --recursive sh -c "git config --local --name-only --get-regexp 'core\.sshCommand' && git config --local --unset-all 'core.sshCommand' || :"
end-workflow	Checkout code	2025-04-23T11:22:54.9859974Z [command]/usr/bin/git config --local --name-only --get-regexp http\.https\:\/\/github\.com\/\.extraheader
end-workflow	Checkout code	2025-04-23T11:22:54.9885450Z [command]/usr/bin/git submodule foreach --recursive sh -c "git config --local --name-only --get-regexp 'http\.https\:\/\/github\.com\/\.extraheader' && git config --local --unset-all 'http.https://github.com/.extraheader' || :"
end-workflow	Checkout code	2025-04-23T11:22:55.0107009Z [command]/usr/bin/git config --local http.https://github.com/.extraheader AUTHORIZATION: basic ***
end-workflow	Checkout code	2025-04-23T11:22:55.0137561Z ##[endgroup]
end-workflow	Checkout code	2025-04-23T11:22:55.0138382Z ##[group]Fetching the repository
end-workflow	Checkout code	2025-04-23T11:22:55.0142509Z [command]/usr/bin/git -c protocol.version=2 fetch --prune --no-recurse-submodules origin +refs/heads/*:refs/remotes/origin/* +refs/tags/*:refs/tags/*
end-workflow	Checkout code	2025-04-23T11:22:55.5139148Z From https://github.com/Ka0s-Klaus/ka0s
end-workflow	Checkout code	2025-04-23T11:22:55.5140993Z  - [deleted]           (none)     -> origin/H34-modulo-iac-kaos
end-workflow	Checkout code	2025-04-23T11:22:55.7679088Z    706bd914..c0c8e3bd  main       -> origin/main
end-workflow	Checkout code	2025-04-23T11:22:55.7716862Z [command]/usr/bin/git branch --list --remote origin/H215-modulo-de-summary
end-workflow	Checkout code	2025-04-23T11:22:55.7740575Z   origin/H215-modulo-de-summary
end-workflow	Checkout code	2025-04-23T11:22:55.7747981Z [command]/usr/bin/git rev-parse refs/remotes/origin/H215-modulo-de-summary
end-workflow	Checkout code	2025-04-23T11:22:55.7768241Z be8bef882b98371a98b61b4341e9114465f4cc96
end-workflow	Checkout code	2025-04-23T11:22:55.7779676Z [command]/usr/bin/git -c protocol.version=2 fetch --no-tags --prune --no-recurse-submodules origin +4a6a832d1122b16fd64dde65270b28aeaed503c2:refs/remotes/origin/H215-modulo-de-summary
end-workflow	Checkout code	2025-04-23T11:22:55.8051405Z From https://github.com/Ka0s-Klaus/ka0s
end-workflow	Checkout code	2025-04-23T11:22:55.8054075Z  + be8bef88...4a6a832d 4a6a832d1122b16fd64dde65270b28aeaed503c2 -> origin/H215-modulo-de-summary  (forced update)
end-workflow	Checkout code	2025-04-23T11:22:55.8073279Z ##[endgroup]
end-workflow	Checkout code	2025-04-23T11:22:55.8074860Z ##[group]Determining the checkout info
end-workflow	Checkout code	2025-04-23T11:22:55.8076664Z ##[endgroup]
end-workflow	Checkout code	2025-04-23T11:22:55.8079137Z [command]/usr/bin/git sparse-checkout disable
end-workflow	Checkout code	2025-04-23T11:22:55.8126361Z [command]/usr/bin/git config --local --unset-all extensions.worktreeConfig
end-workflow	Checkout code	2025-04-23T11:22:55.8147925Z ##[group]Checking out the ref
end-workflow	Checkout code	2025-04-23T11:22:55.8152751Z [command]/usr/bin/git checkout --progress --force -B H215-modulo-de-summary refs/remotes/origin/H215-modulo-de-summary
end-workflow	Checkout code	2025-04-23T11:22:55.8999895Z Previous HEAD position was c30f3094 JSON CORRECTO
end-workflow	Checkout code	2025-04-23T11:22:55.9004044Z Switched to a new branch 'H215-modulo-de-summary'
end-workflow	Checkout code	2025-04-23T11:22:55.9006222Z branch 'H215-modulo-de-summary' set up to track 'origin/H215-modulo-de-summary'.
end-workflow	Checkout code	2025-04-23T11:22:55.9032782Z ##[endgroup]
end-workflow	Checkout code	2025-04-23T11:22:55.9052157Z [command]/usr/bin/git log -1 --format=%H
end-workflow	Checkout code	2025-04-23T11:22:55.9079435Z 4a6a832d1122b16fd64dde65270b28aeaed503c2
end-workflow	Finaliza el workflow	﻿2025-04-23T11:22:55.9275493Z ##[group]Run echo "End process"
end-workflow	Finaliza el workflow	2025-04-23T11:22:55.9276428Z [36;1mecho "End process"[0m
end-workflow	Finaliza el workflow	2025-04-23T11:22:55.9277585Z [36;1mRNNUMBER=$(echo "refs/heads/H215-modulo-de-summary" | grep -o '[0-9]*')[0m
end-workflow	Finaliza el workflow	2025-04-23T11:22:55.9279083Z [36;1mgh issue comment $RNNUMBER --body "Se finaliza Ka0s 14214625761"[0m
end-workflow	Finaliza el workflow	2025-04-23T11:22:55.9281021Z [36;1mgh workflow run inspector.yml --ref 'main' -f kaos-issue-id=$RNNUMBER -f kaos-workflow-id="14214625761" -f kaos-user-start=""[0m
end-workflow	Finaliza el workflow	2025-04-23T11:22:55.9289949Z shell: /usr/bin/bash -e {0}
end-workflow	Finaliza el workflow	2025-04-23T11:22:55.9290698Z env:
end-workflow	Finaliza el workflow	2025-04-23T11:22:55.9291466Z   KAOS_MODULE: [Ka0S] JSONLINT
end-workflow	Finaliza el workflow	2025-04-23T11:22:55.9292738Z   GH_TOKEN: ***
end-workflow	Finaliza el workflow	2025-04-23T11:22:55.9293595Z   KAOS_JSONLINT_CONFIG: core/config/.jsonlint.json
end-workflow	Finaliza el workflow	2025-04-23T11:22:55.9294582Z   KAOS_PATH_RESUME: core/outputs/j/
end-workflow	Finaliza el workflow	2025-04-23T11:22:55.9295485Z   KAOS_REPO: /actions-runner/_work/kaos/kaos
end-workflow	Finaliza el workflow	2025-04-23T11:22:55.9296387Z   KAOS_STEP_MODULE: 
end-workflow	Finaliza el workflow	2025-04-23T11:22:55.9297070Z   KAOS_CODE: 14214625761
end-workflow	Finaliza el workflow	2025-04-23T11:22:55.9297790Z   KAOS_REF_BRANCH: main
end-workflow	Finaliza el workflow	2025-04-23T11:22:55.9298512Z ##[endgroup]
end-workflow	Finaliza el workflow	2025-04-23T11:22:55.9342320Z End process
end-workflow	Finaliza el workflow	2025-04-23T11:22:57.1655407Z https://github.com/Ka0s-Klaus/ka0s/issues/215#issuecomment-2823961882
end-workflow	Post Checkout code	﻿2025-04-23T11:22:57.7374957Z Post job cleanup.
end-workflow	Post Checkout code	2025-04-23T11:22:57.8113983Z [command]/usr/bin/git version
end-workflow	Post Checkout code	2025-04-23T11:22:57.8141627Z git version 2.43.0
end-workflow	Post Checkout code	2025-04-23T11:22:57.8168148Z Copying '/home/kaos/.gitconfig' to '/actions-runner/_work/_temp/2ac26973-4387-49ac-811a-6ac0a5f5e255/.gitconfig'
end-workflow	Post Checkout code	2025-04-23T11:22:57.8178430Z Temporarily overriding HOME='/actions-runner/_work/_temp/2ac26973-4387-49ac-811a-6ac0a5f5e255' before making global git config changes
end-workflow	Post Checkout code	2025-04-23T11:22:57.8179334Z Adding repository directory to the temporary git global config as a safe directory
end-workflow	Post Checkout code	2025-04-23T11:22:57.8183487Z [command]/usr/bin/git config --global --add safe.directory /actions-runner/_work/ka0s/ka0s
end-workflow	Post Checkout code	2025-04-23T11:22:57.8219800Z [command]/usr/bin/git config --local --name-only --get-regexp core\.sshCommand
end-workflow	Post Checkout code	2025-04-23T11:22:57.8248334Z [command]/usr/bin/git submodule foreach --recursive sh -c "git config --local --name-only --get-regexp 'core\.sshCommand' && git config --local --unset-all 'core.sshCommand' || :"
end-workflow	Post Checkout code	2025-04-23T11:22:57.8470445Z [command]/usr/bin/git config --local --name-only --get-regexp http\.https\:\/\/github\.com\/\.extraheader
end-workflow	Post Checkout code	2025-04-23T11:22:57.8495390Z http.https://github.com/.extraheader
end-workflow	Post Checkout code	2025-04-23T11:22:57.8504280Z [command]/usr/bin/git config --local --unset-all http.https://github.com/.extraheader
end-workflow	Post Checkout code	2025-04-23T11:22:57.8532647Z [command]/usr/bin/git submodule foreach --recursive sh -c "git config --local --name-only --get-regexp 'http\.https\:\/\/github\.com\/\.extraheader' && git config --local --unset-all 'http.https://github.com/.extraheader' || :"
end-workflow	Complete job	﻿2025-04-23T11:22:57.8835757Z Cleaning up orphan processes
