job-core	Set up job	ï»¿2025-04-23T10:55:40.9127485Z Current runner version: '2.323.0'
job-core	Set up job	2025-04-23T10:55:40.9132203Z Runner name: 'ka0s-9'
job-core	Set up job	2025-04-23T10:55:40.9132922Z Machine name: '26a53205c9ac'
job-core	Set up job	2025-04-23T10:55:40.9134665Z ##[group]GITHUB_TOKEN Permissions
job-core	Set up job	2025-04-23T10:55:40.9136263Z Actions: write
job-core	Set up job	2025-04-23T10:55:40.9136567Z Contents: write
job-core	Set up job	2025-04-23T10:55:40.9136859Z Issues: write
job-core	Set up job	2025-04-23T10:55:40.9137143Z Metadata: read
job-core	Set up job	2025-04-23T10:55:40.9137422Z PullRequests: write
job-core	Set up job	2025-04-23T10:55:40.9137708Z ##[endgroup]
job-core	Set up job	2025-04-23T10:55:40.9139292Z Secret source: Actions
job-core	Set up job	2025-04-23T10:55:40.9139734Z Prepare workflow directory
job-core	Set up job	2025-04-23T10:55:40.9573662Z Prepare all required actions
job-core	Set up job	2025-04-23T10:55:40.9605091Z Getting action download info
job-core	Set up job	2025-04-23T10:55:41.4138902Z Download action repository 'actions/checkout@v4' (SHA:11bd71901bbe5b1630ceea73d27597364c9af683)
job-core	Set up job	2025-04-23T10:55:42.0533707Z Download action repository 'actions/setup-node@v2' (SHA:7c12f8017d5436eb855f1ed4399f037a36fbd9e8)
job-core	Set up job	2025-04-23T10:55:42.8995096Z Complete job name: job-core
job-core	Checkout code	ï»¿2025-04-23T10:55:42.9387056Z ##[group]Run actions/checkout@v4
job-core	Checkout code	2025-04-23T10:55:42.9387979Z with:
job-core	Checkout code	2025-04-23T10:55:42.9388721Z   fetch-depth: 0
job-core	Checkout code	2025-04-23T10:55:42.9389608Z   token: ***
job-core	Checkout code	2025-04-23T10:55:42.9390187Z   repository: Ka0s-Klaus/ka0s
job-core	Checkout code	2025-04-23T10:55:42.9390866Z   ssh-strict: true
job-core	Checkout code	2025-04-23T10:55:42.9391453Z   ssh-user: git
job-core	Checkout code	2025-04-23T10:55:42.9392147Z   persist-credentials: true
job-core	Checkout code	2025-04-23T10:55:42.9392917Z   clean: true
job-core	Checkout code	2025-04-23T10:55:42.9393631Z   sparse-checkout-cone-mode: true
job-core	Checkout code	2025-04-23T10:55:42.9394390Z   fetch-tags: false
job-core	Checkout code	2025-04-23T10:55:42.9395072Z   show-progress: true
job-core	Checkout code	2025-04-23T10:55:42.9395784Z   lfs: false
job-core	Checkout code	2025-04-23T10:55:42.9396409Z   submodules: false
job-core	Checkout code	2025-04-23T10:55:42.9397033Z   set-safe-directory: true
job-core	Checkout code	2025-04-23T10:55:42.9397772Z env:
job-core	Checkout code	2025-04-23T10:55:42.9398428Z   KAOS_MODULE: [Ka0S] JSONLINT
job-core	Checkout code	2025-04-23T10:55:42.9399274Z   GH_TOKEN: ***
job-core	Checkout code	2025-04-23T10:55:42.9399928Z   KAOS_JSONLINT_CONFIG: core/config/.jsonlint.json
job-core	Checkout code	2025-04-23T10:55:42.9400782Z   KAOS_PATH_RESUME: core/outputs/j/
job-core	Checkout code	2025-04-23T10:55:42.9401722Z   KAOS_REPO: /actions-runner/_work/kaos/kaos
job-core	Checkout code	2025-04-23T10:55:42.9402671Z   KAOS_STEP_MODULE: 
job-core	Checkout code	2025-04-23T10:55:42.9403380Z   KAOS_CODE: 14246732885
job-core	Checkout code	2025-04-23T10:55:42.9404118Z   KAOS_REF_BRANCH: main
job-core	Checkout code	2025-04-23T10:55:42.9404840Z ##[endgroup]
job-core	Checkout code	2025-04-23T10:55:43.0211860Z Syncing repository: Ka0s-Klaus/ka0s
job-core	Checkout code	2025-04-23T10:55:43.0214350Z ##[group]Getting Git version info
job-core	Checkout code	2025-04-23T10:55:43.0215414Z Working directory is '/actions-runner/_work/ka0s/ka0s'
job-core	Checkout code	2025-04-23T10:55:43.0216943Z [command]/usr/bin/git version
job-core	Checkout code	2025-04-23T10:55:43.0217753Z git version 2.43.0
job-core	Checkout code	2025-04-23T10:55:43.0238856Z ##[endgroup]
job-core	Checkout code	2025-04-23T10:55:43.0248965Z Copying '/home/kaos/.gitconfig' to '/actions-runner/_work/_temp/2b0ecc1b-5cfc-4391-8eb3-5bd9d2029dd3/.gitconfig'
job-core	Checkout code	2025-04-23T10:55:43.0261464Z Temporarily overriding HOME='/actions-runner/_work/_temp/2b0ecc1b-5cfc-4391-8eb3-5bd9d2029dd3' before making global git config changes
job-core	Checkout code	2025-04-23T10:55:43.0264777Z Adding repository directory to the temporary git global config as a safe directory
job-core	Checkout code	2025-04-23T10:55:43.0267230Z [command]/usr/bin/git config --global --add safe.directory /actions-runner/_work/ka0s/ka0s
job-core	Checkout code	2025-04-23T10:55:43.0314930Z [command]/usr/bin/git config --local --get remote.origin.url
job-core	Checkout code	2025-04-23T10:55:43.0335729Z https://github.com/Ka0s-Klaus/ka0s
job-core	Checkout code	2025-04-23T10:55:43.0351911Z ##[group]Removing previously created refs, to avoid conflicts
job-core	Checkout code	2025-04-23T10:55:43.0353981Z [command]/usr/bin/git rev-parse --symbolic-full-name --verify --quiet HEAD
job-core	Checkout code	2025-04-23T10:55:43.0373457Z refs/heads/H214-salidas-de-cada-uno-de-los-diferentes-modulos-a-output
job-core	Checkout code	2025-04-23T10:55:43.0378761Z [command]/usr/bin/git checkout --detach
job-core	Checkout code	2025-04-23T10:55:43.1025724Z HEAD is now at 5c0ea4cb Merge remote-tracking branch 'origin' into H214-salidas-de-cada-uno-de-los-diferentes-modulos-a-output
job-core	Checkout code	2025-04-23T10:55:43.1059408Z [command]/usr/bin/git branch --delete --force H214-salidas-de-cada-uno-de-los-diferentes-modulos-a-output
job-core	Checkout code	2025-04-23T10:55:43.1091275Z Deleted branch H214-salidas-de-cada-uno-de-los-diferentes-modulos-a-output (was 5c0ea4cb).
job-core	Checkout code	2025-04-23T10:55:43.1146148Z ##[endgroup]
job-core	Checkout code	2025-04-23T10:55:43.1147478Z [command]/usr/bin/git submodule status
job-core	Checkout code	2025-04-23T10:55:43.1381182Z ##[group]Cleaning the repository
job-core	Checkout code	2025-04-23T10:55:43.1384983Z [command]/usr/bin/git clean -ffdx
job-core	Checkout code	2025-04-23T10:55:43.1431217Z [command]/usr/bin/git reset --hard HEAD
job-core	Checkout code	2025-04-23T10:55:43.1519638Z HEAD is now at 5c0ea4cb Merge remote-tracking branch 'origin' into H214-salidas-de-cada-uno-de-los-diferentes-modulos-a-output
job-core	Checkout code	2025-04-23T10:55:43.1524218Z ##[endgroup]
job-core	Checkout code	2025-04-23T10:55:43.1525872Z ##[group]Disabling automatic garbage collection
job-core	Checkout code	2025-04-23T10:55:43.1527364Z [command]/usr/bin/git config --local gc.auto 0
job-core	Checkout code	2025-04-23T10:55:43.1549524Z ##[endgroup]
job-core	Checkout code	2025-04-23T10:55:43.1551010Z ##[group]Setting up auth
job-core	Checkout code	2025-04-23T10:55:43.1558490Z [command]/usr/bin/git config --local --name-only --get-regexp core\.sshCommand
job-core	Checkout code	2025-04-23T10:55:43.1583418Z [command]/usr/bin/git submodule foreach --recursive sh -c "git config --local --name-only --get-regexp 'core\.sshCommand' && git config --local --unset-all 'core.sshCommand' || :"
job-core	Checkout code	2025-04-23T10:55:43.1810145Z [command]/usr/bin/git config --local --name-only --get-regexp http\.https\:\/\/github\.com\/\.extraheader
job-core	Checkout code	2025-04-23T10:55:43.1834322Z [command]/usr/bin/git submodule foreach --recursive sh -c "git config --local --name-only --get-regexp 'http\.https\:\/\/github\.com\/\.extraheader' && git config --local --unset-all 'http.https://github.com/.extraheader' || :"
job-core	Checkout code	2025-04-23T10:55:43.2057706Z [command]/usr/bin/git config --local http.https://github.com/.extraheader AUTHORIZATION: basic ***
job-core	Checkout code	2025-04-23T10:55:43.2102410Z ##[endgroup]
job-core	Checkout code	2025-04-23T10:55:43.2103874Z ##[group]Fetching the repository
job-core	Checkout code	2025-04-23T10:55:43.2106265Z [command]/usr/bin/git -c protocol.version=2 fetch --prune --no-recurse-submodules origin +refs/heads/*:refs/remotes/origin/* +refs/tags/*:refs/tags/*
job-core	Checkout code	2025-04-23T10:55:43.7068100Z From https://github.com/Ka0s-Klaus/ka0s
job-core	Checkout code	2025-04-23T10:55:43.7069463Z  - [deleted]           (none)     -> origin/H214-salidas-de-cada-uno-de-los-diferentes-modulos-a-output
job-core	Checkout code	2025-04-23T10:55:43.7217957Z [command]/usr/bin/git branch --list --remote origin/H215-modulo-de-summary
job-core	Checkout code	2025-04-23T10:55:43.7242120Z   origin/H215-modulo-de-summary
job-core	Checkout code	2025-04-23T10:55:43.7249844Z [command]/usr/bin/git rev-parse refs/remotes/origin/H215-modulo-de-summary
job-core	Checkout code	2025-04-23T10:55:43.7271188Z be8bef882b98371a98b61b4341e9114465f4cc96
job-core	Checkout code	2025-04-23T10:55:43.7280463Z [command]/usr/bin/git -c protocol.version=2 fetch --no-tags --prune --no-recurse-submodules origin +742056540d16d83f4bf9b8945443e58d72536e3d:refs/remotes/origin/H215-modulo-de-summary
job-core	Checkout code	2025-04-23T10:55:43.7454324Z From https://github.com/Ka0s-Klaus/ka0s
job-core	Checkout code	2025-04-23T10:55:43.7455056Z  + be8bef88...74205654 742056540d16d83f4bf9b8945443e58d72536e3d -> origin/H215-modulo-de-summary  (forced update)
job-core	Checkout code	2025-04-23T10:55:43.7471280Z ##[endgroup]
job-core	Checkout code	2025-04-23T10:55:43.7471826Z ##[group]Determining the checkout info
job-core	Checkout code	2025-04-23T10:55:43.7472351Z ##[endgroup]
job-core	Checkout code	2025-04-23T10:55:43.7475602Z [command]/usr/bin/git sparse-checkout disable
job-core	Checkout code	2025-04-23T10:55:43.7519495Z [command]/usr/bin/git config --local --unset-all extensions.worktreeConfig
job-core	Checkout code	2025-04-23T10:55:43.7543770Z ##[group]Checking out the ref
job-core	Checkout code	2025-04-23T10:55:43.7546308Z [command]/usr/bin/git checkout --progress --force -B H215-modulo-de-summary refs/remotes/origin/H215-modulo-de-summary
job-core	Checkout code	2025-04-23T10:55:43.8905088Z Previous HEAD position was 5c0ea4cb Merge remote-tracking branch 'origin' into H214-salidas-de-cada-uno-de-los-diferentes-modulos-a-output
job-core	Checkout code	2025-04-23T10:55:43.8914105Z Switched to a new branch 'H215-modulo-de-summary'
job-core	Checkout code	2025-04-23T10:55:43.8915146Z branch 'H215-modulo-de-summary' set up to track 'origin/H215-modulo-de-summary'.
job-core	Checkout code	2025-04-23T10:55:43.8948106Z ##[endgroup]
job-core	Checkout code	2025-04-23T10:55:43.8989577Z [command]/usr/bin/git log -1 --format=%H
job-core	Checkout code	2025-04-23T10:55:43.9011159Z 742056540d16d83f4bf9b8945443e58d72536e3d
job-core	Install Node.js	ï»¿2025-04-23T10:55:43.9180270Z ##[group]Run actions/setup-node@v2
job-core	Install Node.js	2025-04-23T10:55:43.9180538Z with:
job-core	Install Node.js	2025-04-23T10:55:43.9180721Z   node-version: 14
job-core	Install Node.js	2025-04-23T10:55:43.9181058Z   always-auth: false
job-core	Install Node.js	2025-04-23T10:55:43.9181251Z   check-latest: false
job-core	Install Node.js	2025-04-23T10:55:43.9181791Z   token: ***
job-core	Install Node.js	2025-04-23T10:55:43.9182316Z env:
job-core	Install Node.js	2025-04-23T10:55:43.9182543Z   KAOS_MODULE: [Ka0S] JSONLINT
job-core	Install Node.js	2025-04-23T10:55:43.9182877Z   GH_TOKEN: ***
job-core	Install Node.js	2025-04-23T10:55:43.9183153Z   KAOS_JSONLINT_CONFIG: core/config/.jsonlint.json
job-core	Install Node.js	2025-04-23T10:55:43.9183460Z   KAOS_PATH_RESUME: core/outputs/j/
job-core	Install Node.js	2025-04-23T10:55:43.9183738Z   KAOS_REPO: /actions-runner/_work/kaos/kaos
job-core	Install Node.js	2025-04-23T10:55:43.9183990Z   KAOS_STEP_MODULE: 
job-core	Install Node.js	2025-04-23T10:55:43.9184184Z   KAOS_CODE: 14246732885
job-core	Install Node.js	2025-04-23T10:55:43.9184381Z   KAOS_REF_BRANCH: main
job-core	Install Node.js	2025-04-23T10:55:43.9184565Z ##[endgroup]
job-core	Install Node.js	2025-04-23T10:55:44.0053601Z Found in cache @ /actions-runner/_work/_tool/node/14.21.3/x64
job-core	Install jsonlint	ï»¿2025-04-23T10:55:44.0146705Z ##[group]Run if ! command -v jsonlint &> /dev/null; then
job-core	Install jsonlint	2025-04-23T10:55:44.0147335Z [36;1mif ! command -v jsonlint &> /dev/null; then[0m
job-core	Install jsonlint	2025-04-23T10:55:44.0147761Z [36;1m  echo "Installing jsonlint..."[0m
job-core	Install jsonlint	2025-04-23T10:55:44.0148182Z [36;1m  npm install -g jsonlint[0m
job-core	Install jsonlint	2025-04-23T10:55:44.0148528Z [36;1melse[0m
job-core	Install jsonlint	2025-04-23T10:55:44.0148932Z [36;1m  echo "jsonlint already installed, skipping installation"[0m
job-core	Install jsonlint	2025-04-23T10:55:44.0149371Z [36;1mfi[0m
job-core	Install jsonlint	2025-04-23T10:55:44.0149673Z [36;1mmkdir -p core/outputs/j/[0m
job-core	Install jsonlint	2025-04-23T10:55:44.0164846Z shell: /usr/bin/bash -e {0}
job-core	Install jsonlint	2025-04-23T10:55:44.0165245Z env:
job-core	Install jsonlint	2025-04-23T10:55:44.0165543Z   KAOS_MODULE: [Ka0S] JSONLINT
job-core	Install jsonlint	2025-04-23T10:55:44.0166116Z   GH_TOKEN: ***
job-core	Install jsonlint	2025-04-23T10:55:44.0166472Z   KAOS_JSONLINT_CONFIG: core/config/.jsonlint.json
job-core	Install jsonlint	2025-04-23T10:55:44.0166891Z   KAOS_PATH_RESUME: core/outputs/j/
job-core	Install jsonlint	2025-04-23T10:55:44.0167284Z   KAOS_REPO: /actions-runner/_work/kaos/kaos
job-core	Install jsonlint	2025-04-23T10:55:44.0167669Z   KAOS_STEP_MODULE: 
job-core	Install jsonlint	2025-04-23T10:55:44.0168068Z   KAOS_CODE: 14246732885
job-core	Install jsonlint	2025-04-23T10:55:44.0168388Z   KAOS_REF_BRANCH: main
job-core	Install jsonlint	2025-04-23T10:55:44.0168707Z ##[endgroup]
job-core	Install jsonlint	2025-04-23T10:55:44.0225238Z jsonlint already installed, skipping installation
job-core	Check JSON	ï»¿2025-04-23T10:55:44.0274104Z ##[group]Run # Invocamos la primera comprobaciÃ³n de base, sino se supera el proceso no continua
job-core	Check JSON	2025-04-23T10:55:44.0274693Z [36;1m# Invocamos la primera comprobaciÃ³n de base, sino se supera el proceso no continua[0m
job-core	Check JSON	2025-04-23T10:55:44.0275037Z [36;1m# Extraemos el nombre del fichero[0m
job-core	Check JSON	2025-04-23T10:55:44.0275333Z [36;1mfile_name=$(basename "core/results/event_data13326392930.json")[0m
job-core	Check JSON	2025-04-23T10:55:44.0275638Z [36;1m# Generamos el fichero de resultados vacio[0m
job-core	Check JSON	2025-04-23T10:55:44.0275939Z [36;1mtouch core/outputs/j/jsonlint-results-14246732885.txt[0m
job-core	Check JSON	2025-04-23T10:55:44.0276230Z [36;1m# Realizamos el check del documento json [0m
job-core	Check JSON	2025-04-23T10:55:44.0276627Z [36;1mjsonlint core/results/event_data13326392930.json > core/outputs/j/jsonlint-results-14246732885.txt || true[0m
job-core	Check JSON	2025-04-23T10:55:44.0277054Z [36;1m# esto es un workarround importante que hay que retirar[0m
job-core	Check JSON	2025-04-23T10:55:44.0277391Z [36;1m#rm -rf core/outputs/j/jsonlint-results-14246732885.txt[0m
job-core	Check JSON	2025-04-23T10:55:44.0277692Z [36;1m# a retirar[0m
job-core	Check JSON	2025-04-23T10:55:44.0277942Z [36;1m# Check if exist errors in file[0m
job-core	Check JSON	2025-04-23T10:55:44.0278183Z [36;1mecho "Mostramos fichero"[0m
job-core	Check JSON	2025-04-23T10:55:44.0278476Z [36;1mcat core/outputs/j/jsonlint-results-14246732885.txt[0m
job-core	Check JSON	2025-04-23T10:55:44.0278823Z [36;1mif [ ! -s core/outputs/j/jsonlint-results-14246732885.txt ]; then[0m
job-core	Check JSON	2025-04-23T10:55:44.0279252Z [36;1m  echo "File core/outputs/j/jsonlint-results-14246732885.txt is empty and is content correct"[0m
job-core	Check JSON	2025-04-23T10:55:44.0280016Z [36;1m  KAOS_ISSUE_BODY="The [Ka0S] JSONLINT process (14246693517) launch the check (14246732885) over file (core/results/event_data13326392930.json) and its result has been SUCCESS. Please review all files implicated in pull request and approve to merge"[0m
job-core	Check JSON	2025-04-23T10:55:44.0280776Z [36;1m  # AÃ±adimos la versiÃ³n de jsonlint con la que se realiza la comprobacion[0m
job-core	Check JSON	2025-04-23T10:55:44.0281201Z [36;1m  jsonlint --version >> core/outputs/j/jsonlint-results-14246732885.txt[0m
job-core	Check JSON	2025-04-23T10:55:44.0282122Z [36;1m  # aÃ±adimos el nombre del fichero que vamos a comprobar[0m
job-core	Check JSON	2025-04-23T10:55:44.0282846Z [36;1m  echo "Finding: core/results/event_data13326392930.json" >> core/outputs/j/jsonlint-results-14246732885.txt[0m
job-core	Check JSON	2025-04-23T10:55:44.0283716Z [36;1m  # gh workflow run issue.yaml --ref main -f kaos-issue-title="" -f kaos-issue-body="$KAOS_ISSUE_BODY" -f kaos-issue-actions=comment -f kaos-issue-tag="" -f kaos-issue-id=215[0m
job-core	Check JSON	2025-04-23T10:55:44.0284431Z [36;1m  gh issue comment  215 -F core/outputs/j/jsonlint-results-14246732885.txt[0m
job-core	Check JSON	2025-04-23T10:55:44.0284818Z [36;1melse[0m
job-core	Check JSON	2025-04-23T10:55:44.0285117Z [36;1m  cat core/outputs/j/jsonlint-results-14246732885.txt[0m
job-core	Check JSON	2025-04-23T10:55:44.0285636Z [36;1m  echo "File core/outputs/j/jsonlint-results-14246732885.txt is not empty and is content not correct and write commit info"[0m
job-core	Check JSON	2025-04-23T10:55:44.0286406Z [36;1m  KAOS_ISSUE_BODY="The [Ka0S] JSONLINT process (14246693517) launch the check (14246732885) over file (core/results/event_data13326392930.json) and its result has been FAILED, please check and solved it"[0m
job-core	Check JSON	2025-04-23T10:55:44.0287115Z [36;1m  # AÃ±adimos la versiÃ³n de jsonlint con la que se realiza la comprobacion[0m
job-core	Check JSON	2025-04-23T10:55:44.0287531Z [36;1m  # jsonlint --version || true >> core/outputs/j/jsonlint-results-14246732885.txt[0m
job-core	Check JSON	2025-04-23T10:55:44.0287962Z [36;1m  # aÃ±adimos el nombre del fichero que vamos a comprobar[0m
job-core	Check JSON	2025-04-23T10:55:44.0288444Z [36;1m  echo "Finding: core/results/event_data13326392930.json" >> core/outputs/j/jsonlint-results-14246732885.txt[0m
job-core	Check JSON	2025-04-23T10:55:44.0289119Z [36;1m  # gh workflow run issue.yaml --ref main -f kaos-issue-title="" -f kaos-issue-body="$KAOS_ISSUE_BODY" -f kaos-issue-actions=comment -f kaos-issue-tag="" -f kaos-issue-id=215 [0m
job-core	Check JSON	2025-04-23T10:55:44.0289712Z [36;1m  gh issue comment  215 -F core/outputs/j/jsonlint-results-14246732885.txt[0m
job-core	Check JSON	2025-04-23T10:55:44.0290065Z [36;1mfi[0m
job-core	Check JSON	2025-04-23T10:55:44.0312209Z shell: /usr/bin/bash -e {0}
job-core	Check JSON	2025-04-23T10:55:44.0312784Z env:
job-core	Check JSON	2025-04-23T10:55:44.0313047Z   KAOS_MODULE: [Ka0S] JSONLINT
job-core	Check JSON	2025-04-23T10:55:44.0313590Z   GH_TOKEN: ***
job-core	Check JSON	2025-04-23T10:55:44.0313860Z   KAOS_JSONLINT_CONFIG: core/config/.jsonlint.json
job-core	Check JSON	2025-04-23T10:55:44.0314131Z   KAOS_PATH_RESUME: core/outputs/j/
job-core	Check JSON	2025-04-23T10:55:44.0314385Z   KAOS_REPO: /actions-runner/_work/kaos/kaos
job-core	Check JSON	2025-04-23T10:55:44.0314624Z   KAOS_STEP_MODULE: 
job-core	Check JSON	2025-04-23T10:55:44.0314834Z   KAOS_CODE: 14246732885
job-core	Check JSON	2025-04-23T10:55:44.0315145Z   KAOS_REF_BRANCH: main
job-core	Check JSON	2025-04-23T10:55:44.0315401Z ##[endgroup]
job-core	Check JSON	2025-04-23T10:55:44.1021917Z internal/fs/utils.js:332
job-core	Check JSON	2025-04-23T10:55:44.1022713Z     throw err;
job-core	Check JSON	2025-04-23T10:55:44.1023104Z     ^
job-core	Check JSON	2025-04-23T10:55:44.1023332Z 
job-core	Check JSON	2025-04-23T10:55:44.1023893Z Error: ENOENT: no such file or directory, open 'core/results/event_data13326392930.json'
job-core	Check JSON	2025-04-23T10:55:44.1024627Z     at Object.openSync (fs.js:498:3)
job-core	Check JSON	2025-04-23T10:55:44.1025121Z     at Object.readFileSync (fs.js:394:35)
job-core	Check JSON	2025-04-23T10:55:44.1025891Z     at main (/actions-runner/_work/_tool/node/14.21.3/x64/lib/node_modules/jsonlint/lib/cli.js:135:23)
job-core	Check JSON	2025-04-23T10:55:44.1027032Z     at Object.<anonymous> (/actions-runner/_work/_tool/node/14.21.3/x64/lib/node_modules/jsonlint/lib/cli.js:179:1)
job-core	Check JSON	2025-04-23T10:55:44.1027905Z     at Module._compile (internal/modules/cjs/loader.js:1114:14)
job-core	Check JSON	2025-04-23T10:55:44.1028613Z     at Object.Module._extensions..js (internal/modules/cjs/loader.js:1143:10)
job-core	Check JSON	2025-04-23T10:55:44.1029330Z     at Module.load (internal/modules/cjs/loader.js:979:32)
job-core	Check JSON	2025-04-23T10:55:44.1030010Z     at Function.Module._load (internal/modules/cjs/loader.js:819:12)
job-core	Check JSON	2025-04-23T10:55:44.1030803Z     at Function.executeUserEntryPoint [as runMain] (internal/modules/run_main.js:75:12)
job-core	Check JSON	2025-04-23T10:55:44.1031489Z     at internal/main/run_main_module.js:17:47 {
job-core	Check JSON	2025-04-23T10:55:44.1031937Z   errno: -2,
job-core	Check JSON	2025-04-23T10:55:44.1032349Z   syscall: 'open',
job-core	Check JSON	2025-04-23T10:55:44.1033241Z   code: 'ENOENT',
job-core	Check JSON	2025-04-23T10:55:44.1033680Z   path: 'core/results/event_data13326392930.json'
job-core	Check JSON	2025-04-23T10:55:44.1034325Z }
job-core	Check JSON	2025-04-23T10:55:44.1042754Z Mostramos fichero
job-core	Check JSON	2025-04-23T10:55:44.1053145Z File core/outputs/j/jsonlint-results-14246732885.txt is empty and is content correct
job-core	Check JSON	2025-04-23T10:55:44.1748131Z ##[error]Process completed with exit code 1.
job-core	Post Checkout code	ï»¿2025-04-23T10:55:44.1861837Z Post job cleanup.
job-core	Post Checkout code	2025-04-23T10:55:44.2511882Z [command]/usr/bin/git version
job-core	Post Checkout code	2025-04-23T10:55:44.2540113Z git version 2.43.0
job-core	Post Checkout code	2025-04-23T10:55:44.2580724Z Copying '/home/kaos/.gitconfig' to '/actions-runner/_work/_temp/afdc5357-3b2b-42f5-bcc9-ca378d202b71/.gitconfig'
job-core	Post Checkout code	2025-04-23T10:55:44.2592851Z Temporarily overriding HOME='/actions-runner/_work/_temp/afdc5357-3b2b-42f5-bcc9-ca378d202b71' before making global git config changes
job-core	Post Checkout code	2025-04-23T10:55:44.2593667Z Adding repository directory to the temporary git global config as a safe directory
job-core	Post Checkout code	2025-04-23T10:55:44.2598917Z [command]/usr/bin/git config --global --add safe.directory /actions-runner/_work/ka0s/ka0s
job-core	Post Checkout code	2025-04-23T10:55:44.2633507Z [command]/usr/bin/git config --local --name-only --get-regexp core\.sshCommand
job-core	Post Checkout code	2025-04-23T10:55:44.2669302Z [command]/usr/bin/git submodule foreach --recursive sh -c "git config --local --name-only --get-regexp 'core\.sshCommand' && git config --local --unset-all 'core.sshCommand' || :"
job-core	Post Checkout code	2025-04-23T10:55:44.2899989Z [command]/usr/bin/git config --local --name-only --get-regexp http\.https\:\/\/github\.com\/\.extraheader
job-core	Post Checkout code	2025-04-23T10:55:44.2920399Z http.https://github.com/.extraheader
job-core	Post Checkout code	2025-04-23T10:55:44.2930173Z [command]/usr/bin/git config --local --unset-all http.https://github.com/.extraheader
job-core	Post Checkout code	2025-04-23T10:55:44.2957287Z [command]/usr/bin/git submodule foreach --recursive sh -c "git config --local --name-only --get-regexp 'http\.https\:\/\/github\.com\/\.extraheader' && git config --local --unset-all 'http.https://github.com/.extraheader' || :"
job-core	Complete job	ï»¿2025-04-23T10:55:44.3252315Z Cleaning up orphan processes
handle_failure	Set up job	ï»¿2025-04-23T11:15:35.5856617Z Current runner version: '2.323.0'
handle_failure	Set up job	2025-04-23T11:15:35.5873674Z Runner name: 'ka0s-2'
handle_failure	Set up job	2025-04-23T11:15:35.5875636Z Machine name: '419612ea1a87'
handle_failure	Set up job	2025-04-23T11:15:35.5882131Z ##[group]GITHUB_TOKEN Permissions
handle_failure	Set up job	2025-04-23T11:15:35.5887471Z Actions: write
handle_failure	Set up job	2025-04-23T11:15:35.5888919Z Contents: write
handle_failure	Set up job	2025-04-23T11:15:35.5890170Z Issues: write
handle_failure	Set up job	2025-04-23T11:15:35.5891459Z Metadata: read
handle_failure	Set up job	2025-04-23T11:15:35.5893013Z PullRequests: write
handle_failure	Set up job	2025-04-23T11:15:35.5894256Z ##[endgroup]
handle_failure	Set up job	2025-04-23T11:15:35.5901167Z Secret source: Actions
handle_failure	Set up job	2025-04-23T11:15:35.5904106Z Prepare workflow directory
handle_failure	Set up job	2025-04-23T11:15:35.7779101Z Prepare all required actions
handle_failure	Set up job	2025-04-23T11:15:35.7887024Z Getting action download info
handle_failure	Set up job	2025-04-23T11:15:37.6805919Z Download action repository 'actions/checkout@v4' (SHA:11bd71901bbe5b1630ceea73d27597364c9af683)
handle_failure	Set up job	2025-04-23T11:15:40.9594535Z Complete job name: handle_failure
handle_failure	Checkout code	ï»¿2025-04-23T11:15:41.0433687Z ##[group]Run actions/checkout@v4
handle_failure	Checkout code	2025-04-23T11:15:41.0434716Z with:
handle_failure	Checkout code	2025-04-23T11:15:41.0435092Z   fetch-depth: 0
handle_failure	Checkout code	2025-04-23T11:15:41.0436086Z   token: ***
handle_failure	Checkout code	2025-04-23T11:15:41.0467917Z   repository: Ka0s-Klaus/ka0s
handle_failure	Checkout code	2025-04-23T11:15:41.0469139Z   ssh-strict: true
handle_failure	Checkout code	2025-04-23T11:15:41.0470026Z   ssh-user: git
handle_failure	Checkout code	2025-04-23T11:15:41.0470880Z   persist-credentials: true
handle_failure	Checkout code	2025-04-23T11:15:41.0471458Z   clean: true
handle_failure	Checkout code	2025-04-23T11:15:41.0472677Z   sparse-checkout-cone-mode: true
handle_failure	Checkout code	2025-04-23T11:15:41.0473249Z   fetch-tags: false
handle_failure	Checkout code	2025-04-23T11:15:41.0473710Z   show-progress: true
handle_failure	Checkout code	2025-04-23T11:15:41.0474200Z   lfs: false
handle_failure	Checkout code	2025-04-23T11:15:41.0474704Z   submodules: false
handle_failure	Checkout code	2025-04-23T11:15:41.0475210Z   set-safe-directory: true
handle_failure	Checkout code	2025-04-23T11:15:41.0477353Z env:
handle_failure	Checkout code	2025-04-23T11:15:41.0477915Z   KAOS_MODULE: [Ka0S] JSONLINT
handle_failure	Checkout code	2025-04-23T11:15:41.0479420Z   GH_TOKEN: ***
handle_failure	Checkout code	2025-04-23T11:15:41.0480998Z   KAOS_JSONLINT_CONFIG: core/config/.jsonlint.json
handle_failure	Checkout code	2025-04-23T11:15:41.0482070Z   KAOS_PATH_RESUME: core/outputs/j/
handle_failure	Checkout code	2025-04-23T11:15:41.0482691Z   KAOS_REPO: /actions-runner/_work/kaos/kaos
handle_failure	Checkout code	2025-04-23T11:15:41.0483190Z   KAOS_STEP_MODULE: 
handle_failure	Checkout code	2025-04-23T11:15:41.0483576Z   KAOS_CODE: 14246732885
handle_failure	Checkout code	2025-04-23T11:15:41.0483990Z   KAOS_REF_BRANCH: main
handle_failure	Checkout code	2025-04-23T11:15:41.0484376Z ##[endgroup]
handle_failure	Checkout code	2025-04-23T11:15:41.2606324Z Syncing repository: Ka0s-Klaus/ka0s
handle_failure	Checkout code	2025-04-23T11:15:41.2608572Z ##[group]Getting Git version info
handle_failure	Checkout code	2025-04-23T11:15:41.2609266Z Working directory is '/actions-runner/_work/ka0s/ka0s'
handle_failure	Checkout code	2025-04-23T11:15:41.2610228Z [command]/usr/bin/git version
handle_failure	Checkout code	2025-04-23T11:15:41.2610709Z git version 2.48.1
handle_failure	Checkout code	2025-04-23T11:15:41.2631386Z ##[endgroup]
handle_failure	Checkout code	2025-04-23T11:15:41.2648640Z Copying '/home/kaos/.gitconfig' to '/actions-runner/_work/_temp/0c29a992-4d24-4b8a-838f-6e351861bcdc/.gitconfig'
handle_failure	Checkout code	2025-04-23T11:15:41.2669706Z Temporarily overriding HOME='/actions-runner/_work/_temp/0c29a992-4d24-4b8a-838f-6e351861bcdc' before making global git config changes
handle_failure	Checkout code	2025-04-23T11:15:41.2680957Z Adding repository directory to the temporary git global config as a safe directory
handle_failure	Checkout code	2025-04-23T11:15:41.2683278Z [command]/usr/bin/git config --global --add safe.directory /actions-runner/_work/ka0s/ka0s
handle_failure	Checkout code	2025-04-23T11:15:41.2769143Z [command]/usr/bin/git config --local --get remote.origin.url
handle_failure	Checkout code	2025-04-23T11:15:41.2820921Z https://github.com/Ka0s-Klaus/ka0s
handle_failure	Checkout code	2025-04-23T11:15:41.2852171Z ##[group]Removing previously created refs, to avoid conflicts
handle_failure	Checkout code	2025-04-23T11:15:41.2862750Z [command]/usr/bin/git rev-parse --symbolic-full-name --verify --quiet HEAD
handle_failure	Checkout code	2025-04-23T11:15:41.2909384Z refs/heads/H220-web-de-resultados
handle_failure	Checkout code	2025-04-23T11:15:41.2927637Z [command]/usr/bin/git checkout --detach
handle_failure	Checkout code	2025-04-23T11:15:41.6256553Z HEAD is now at a3683c7c [Ka0S] Uploading resume execution files to the repository...
handle_failure	Checkout code	2025-04-23T11:15:41.6334786Z [command]/usr/bin/git branch --delete --force H220-web-de-resultados
handle_failure	Checkout code	2025-04-23T11:15:41.6403007Z Deleted branch H220-web-de-resultados (was a3683c7c).
handle_failure	Checkout code	2025-04-23T11:15:41.6511042Z ##[endgroup]
handle_failure	Checkout code	2025-04-23T11:15:41.6515319Z [command]/usr/bin/git submodule status
handle_failure	Checkout code	2025-04-23T11:15:41.7034990Z ##[group]Cleaning the repository
handle_failure	Checkout code	2025-04-23T11:15:41.7038170Z [command]/usr/bin/git clean -ffdx
handle_failure	Checkout code	2025-04-23T11:15:41.7108178Z Removing core/outputs/j/jsonlint-results-14192502642.txt
handle_failure	Checkout code	2025-04-23T11:15:41.7127971Z [command]/usr/bin/git reset --hard HEAD
handle_failure	Checkout code	2025-04-23T11:15:41.7361083Z HEAD is now at a3683c7c [Ka0S] Uploading resume execution files to the repository...
handle_failure	Checkout code	2025-04-23T11:15:41.7371796Z ##[endgroup]
handle_failure	Checkout code	2025-04-23T11:15:41.7374036Z ##[group]Disabling automatic garbage collection
handle_failure	Checkout code	2025-04-23T11:15:41.7379077Z [command]/usr/bin/git config --local gc.auto 0
handle_failure	Checkout code	2025-04-23T11:15:41.7434794Z ##[endgroup]
handle_failure	Checkout code	2025-04-23T11:15:41.7436610Z ##[group]Setting up auth
handle_failure	Checkout code	2025-04-23T11:15:41.7438230Z [command]/usr/bin/git config --local --name-only --get-regexp core\.sshCommand
handle_failure	Checkout code	2025-04-23T11:15:41.7522069Z [command]/usr/bin/git submodule foreach --recursive sh -c "git config --local --name-only --get-regexp 'core\.sshCommand' && git config --local --unset-all 'core.sshCommand' || :"
handle_failure	Checkout code	2025-04-23T11:15:41.8015594Z [command]/usr/bin/git config --local --name-only --get-regexp http\.https\:\/\/github\.com\/\.extraheader
handle_failure	Checkout code	2025-04-23T11:15:41.8063118Z [command]/usr/bin/git submodule foreach --recursive sh -c "git config --local --name-only --get-regexp 'http\.https\:\/\/github\.com\/\.extraheader' && git config --local --unset-all 'http.https://github.com/.extraheader' || :"
handle_failure	Checkout code	2025-04-23T11:15:41.8702506Z [command]/usr/bin/git config --local http.https://github.com/.extraheader AUTHORIZATION: basic ***
handle_failure	Checkout code	2025-04-23T11:15:41.8771595Z ##[endgroup]
handle_failure	Checkout code	2025-04-23T11:15:41.8772702Z ##[group]Fetching the repository
handle_failure	Checkout code	2025-04-23T11:15:41.8800520Z [command]/usr/bin/git -c protocol.version=2 fetch --prune --no-recurse-submodules origin +refs/heads/*:refs/remotes/origin/* +refs/tags/*:refs/tags/*
handle_failure	Checkout code	2025-04-23T11:15:44.0932735Z From https://github.com/Ka0s-Klaus/ka0s
handle_failure	Checkout code	2025-04-23T11:15:44.0945044Z    a3683c7c..4c43f424  H220-web-de-resultados -> origin/H220-web-de-resultados
handle_failure	Checkout code	2025-04-23T11:15:44.0947902Z    6ad8cd86..cf1bb9d1  main                   -> origin/main
handle_failure	Checkout code	2025-04-23T11:15:44.1043930Z [command]/usr/bin/git branch --list --remote origin/H215-modulo-de-summary
handle_failure	Checkout code	2025-04-23T11:15:44.1097848Z   origin/H215-modulo-de-summary
handle_failure	Checkout code	2025-04-23T11:15:44.1123399Z [command]/usr/bin/git rev-parse refs/remotes/origin/H215-modulo-de-summary
handle_failure	Checkout code	2025-04-23T11:15:44.1159470Z be8bef882b98371a98b61b4341e9114465f4cc96
handle_failure	Checkout code	2025-04-23T11:15:44.1183001Z [command]/usr/bin/git -c protocol.version=2 fetch --no-tags --prune --no-recurse-submodules origin +742056540d16d83f4bf9b8945443e58d72536e3d:refs/remotes/origin/H215-modulo-de-summary
handle_failure	Checkout code	2025-04-23T11:15:45.0360050Z From https://github.com/Ka0s-Klaus/ka0s
handle_failure	Checkout code	2025-04-23T11:15:45.0368868Z  + be8bef88...74205654 742056540d16d83f4bf9b8945443e58d72536e3d -> origin/H215-modulo-de-summary  (forced update)
handle_failure	Checkout code	2025-04-23T11:15:45.0477326Z ##[endgroup]
handle_failure	Checkout code	2025-04-23T11:15:45.0480027Z ##[group]Determining the checkout info
handle_failure	Checkout code	2025-04-23T11:15:45.0485272Z ##[endgroup]
handle_failure	Checkout code	2025-04-23T11:15:45.0498784Z [command]/usr/bin/git sparse-checkout disable
handle_failure	Checkout code	2025-04-23T11:15:45.0638188Z [command]/usr/bin/git config --local --unset-all extensions.worktreeConfig
handle_failure	Checkout code	2025-04-23T11:15:45.0701114Z ##[group]Checking out the ref
handle_failure	Checkout code	2025-04-23T11:15:45.0704268Z [command]/usr/bin/git checkout --progress --force -B H215-modulo-de-summary refs/remotes/origin/H215-modulo-de-summary
handle_failure	Checkout code	2025-04-23T11:15:45.4062658Z Previous HEAD position was a3683c7c [Ka0S] Uploading resume execution files to the repository...
handle_failure	Checkout code	2025-04-23T11:15:45.4093027Z Switched to a new branch 'H215-modulo-de-summary'
handle_failure	Checkout code	2025-04-23T11:15:45.4126049Z branch 'H215-modulo-de-summary' set up to track 'origin/H215-modulo-de-summary'.
handle_failure	Checkout code	2025-04-23T11:15:45.4186276Z ##[endgroup]
handle_failure	Checkout code	2025-04-23T11:15:45.4288666Z [command]/usr/bin/git log -1 --format=%H
handle_failure	Checkout code	2025-04-23T11:15:45.4354174Z 742056540d16d83f4bf9b8945443e58d72536e3d
handle_failure	handle-failure-execution	ï»¿2025-04-23T11:15:45.4736759Z ##[group]Run echo "Error detected in process"
handle_failure	handle-failure-execution	2025-04-23T11:15:45.4737355Z [36;1mecho "Error detected in process"[0m
handle_failure	handle-failure-execution	2025-04-23T11:15:45.4737903Z [36;1mRNNUMBER=$(echo "refs/heads/H215-modulo-de-summary" | grep -o '[0-9]*')[0m
handle_failure	handle-failure-execution	2025-04-23T11:15:45.4738981Z [36;1mgh issue comment $RNNUMBER --body "El proceso no ha finalizado correctamente 14246732885. El resultado estÃ¡ en el fichero core/results/event_data14246732885.log"[0m
handle_failure	handle-failure-execution	2025-04-23T11:15:45.4757545Z shell: /usr/bin/bash -e {0}
handle_failure	handle-failure-execution	2025-04-23T11:15:45.4758769Z env:
handle_failure	handle-failure-execution	2025-04-23T11:15:45.4759221Z   KAOS_MODULE: [Ka0S] JSONLINT
handle_failure	handle-failure-execution	2025-04-23T11:15:45.4760330Z   GH_TOKEN: ***
handle_failure	handle-failure-execution	2025-04-23T11:15:45.4760890Z   KAOS_JSONLINT_CONFIG: core/config/.jsonlint.json
handle_failure	handle-failure-execution	2025-04-23T11:15:45.4761591Z   KAOS_PATH_RESUME: core/outputs/j/
handle_failure	handle-failure-execution	2025-04-23T11:15:45.4762424Z   KAOS_REPO: /actions-runner/_work/kaos/kaos
handle_failure	handle-failure-execution	2025-04-23T11:15:45.4763064Z   KAOS_STEP_MODULE: 
handle_failure	handle-failure-execution	2025-04-23T11:15:45.4763552Z   KAOS_CODE: 14246732885
handle_failure	handle-failure-execution	2025-04-23T11:15:45.4764024Z   KAOS_REF_BRANCH: main
handle_failure	handle-failure-execution	2025-04-23T11:15:45.4764765Z ##[endgroup]
handle_failure	handle-failure-execution	2025-04-23T11:15:45.4864122Z Error detected in process
handle_failure	handle-failure-execution	2025-04-23T11:15:46.8538943Z https://github.com/Ka0s-Klaus/ka0s/issues/215#issuecomment-2823945569
handle_failure	Post Checkout code	ï»¿2025-04-23T11:15:46.9125148Z Post job cleanup.
handle_failure	Post Checkout code	2025-04-23T11:15:47.1903544Z [command]/usr/bin/git version
handle_failure	Post Checkout code	2025-04-23T11:15:47.2015155Z git version 2.48.1
handle_failure	Post Checkout code	2025-04-23T11:15:47.2190761Z Copying '/home/kaos/.gitconfig' to '/actions-runner/_work/_temp/4238fccc-8af1-4b66-8afc-7f4d275bed1e/.gitconfig'
handle_failure	Post Checkout code	2025-04-23T11:15:47.2244563Z Temporarily overriding HOME='/actions-runner/_work/_temp/4238fccc-8af1-4b66-8afc-7f4d275bed1e' before making global git config changes
handle_failure	Post Checkout code	2025-04-23T11:15:47.2247236Z Adding repository directory to the temporary git global config as a safe directory
handle_failure	Post Checkout code	2025-04-23T11:15:47.2284513Z [command]/usr/bin/git config --global --add safe.directory /actions-runner/_work/ka0s/ka0s
handle_failure	Post Checkout code	2025-04-23T11:15:47.2388008Z [command]/usr/bin/git config --local --name-only --get-regexp core\.sshCommand
handle_failure	Post Checkout code	2025-04-23T11:15:47.2524560Z [command]/usr/bin/git submodule foreach --recursive sh -c "git config --local --name-only --get-regexp 'core\.sshCommand' && git config --local --unset-all 'core.sshCommand' || :"
handle_failure	Post Checkout code	2025-04-23T11:15:47.3213596Z [command]/usr/bin/git config --local --name-only --get-regexp http\.https\:\/\/github\.com\/\.extraheader
handle_failure	Post Checkout code	2025-04-23T11:15:47.3269026Z http.https://github.com/.extraheader
handle_failure	Post Checkout code	2025-04-23T11:15:47.3294170Z [command]/usr/bin/git config --local --unset-all http.https://github.com/.extraheader
handle_failure	Post Checkout code	2025-04-23T11:15:47.3356655Z [command]/usr/bin/git submodule foreach --recursive sh -c "git config --local --name-only --get-regexp 'http\.https\:\/\/github\.com\/\.extraheader' && git config --local --unset-all 'http.https://github.com/.extraheader' || :"
handle_failure	Complete job	ï»¿2025-04-23T11:15:47.4049917Z Cleaning up orphan processes
end-workflow	Set up job	ï»¿2025-04-23T11:20:56.7546401Z Current runner version: '2.323.0'
end-workflow	Set up job	2025-04-23T11:20:56.7556649Z Runner name: 'ka0s-1'
end-workflow	Set up job	2025-04-23T11:20:56.7557875Z Machine name: '419612ea1a87'
end-workflow	Set up job	2025-04-23T11:20:56.7561502Z ##[group]GITHUB_TOKEN Permissions
end-workflow	Set up job	2025-04-23T11:20:56.7565289Z Actions: write
end-workflow	Set up job	2025-04-23T11:20:56.7659408Z Contents: write
end-workflow	Set up job	2025-04-23T11:20:56.7660653Z Issues: write
end-workflow	Set up job	2025-04-23T11:20:56.7661193Z Metadata: read
end-workflow	Set up job	2025-04-23T11:20:56.7661892Z PullRequests: write
end-workflow	Set up job	2025-04-23T11:20:56.7662617Z ##[endgroup]
end-workflow	Set up job	2025-04-23T11:20:56.7665749Z Secret source: Actions
end-workflow	Set up job	2025-04-23T11:20:56.7666488Z Prepare workflow directory
end-workflow	Set up job	2025-04-23T11:20:56.8925329Z Prepare all required actions
end-workflow	Set up job	2025-04-23T11:20:56.8986311Z Getting action download info
end-workflow	Set up job	2025-04-23T11:20:57.8876794Z Download action repository 'actions/checkout@v4' (SHA:11bd71901bbe5b1630ceea73d27597364c9af683)
end-workflow	Set up job	2025-04-23T11:21:00.6329626Z Complete job name: end-workflow
end-workflow	Checkout code	ï»¿2025-04-23T11:21:00.7814553Z ##[group]Run actions/checkout@v4
end-workflow	Checkout code	2025-04-23T11:21:00.7818276Z with:
end-workflow	Checkout code	2025-04-23T11:21:00.7820314Z   fetch-depth: 0
end-workflow	Checkout code	2025-04-23T11:21:00.7824230Z   token: ***
end-workflow	Checkout code	2025-04-23T11:21:00.7826548Z   repository: Ka0s-Klaus/ka0s
end-workflow	Checkout code	2025-04-23T11:21:00.7829303Z   ssh-strict: true
end-workflow	Checkout code	2025-04-23T11:21:00.7834016Z   ssh-user: git
end-workflow	Checkout code	2025-04-23T11:21:00.7836753Z   persist-credentials: true
end-workflow	Checkout code	2025-04-23T11:21:00.7838678Z   clean: true
end-workflow	Checkout code	2025-04-23T11:21:00.7840508Z   sparse-checkout-cone-mode: true
end-workflow	Checkout code	2025-04-23T11:21:00.7842970Z   fetch-tags: false
end-workflow	Checkout code	2025-04-23T11:21:00.7844758Z   show-progress: true
end-workflow	Checkout code	2025-04-23T11:21:00.7846659Z   lfs: false
end-workflow	Checkout code	2025-04-23T11:21:00.7848195Z   submodules: false
end-workflow	Checkout code	2025-04-23T11:21:00.7851267Z   set-safe-directory: true
end-workflow	Checkout code	2025-04-23T11:21:00.7854531Z env:
end-workflow	Checkout code	2025-04-23T11:21:00.7856110Z   KAOS_MODULE: [Ka0S] JSONLINT
end-workflow	Checkout code	2025-04-23T11:21:00.7858918Z   GH_TOKEN: ***
end-workflow	Checkout code	2025-04-23T11:21:00.7861051Z   KAOS_JSONLINT_CONFIG: core/config/.jsonlint.json
end-workflow	Checkout code	2025-04-23T11:21:00.7863880Z   KAOS_PATH_RESUME: core/outputs/j/
end-workflow	Checkout code	2025-04-23T11:21:00.7866445Z   KAOS_REPO: /actions-runner/_work/kaos/kaos
end-workflow	Checkout code	2025-04-23T11:21:00.7868892Z   KAOS_STEP_MODULE: 
end-workflow	Checkout code	2025-04-23T11:21:00.7870742Z   KAOS_CODE: 14246732885
end-workflow	Checkout code	2025-04-23T11:21:00.7872959Z   KAOS_REF_BRANCH: main
end-workflow	Checkout code	2025-04-23T11:21:00.7874858Z ##[endgroup]
end-workflow	Checkout code	2025-04-23T11:21:01.2496232Z Syncing repository: Ka0s-Klaus/ka0s
end-workflow	Checkout code	2025-04-23T11:21:01.2534563Z ##[group]Getting Git version info
end-workflow	Checkout code	2025-04-23T11:21:01.2537191Z Working directory is '/actions-runner/_work/ka0s/ka0s'
end-workflow	Checkout code	2025-04-23T11:21:01.2541097Z [command]/usr/bin/git version
end-workflow	Checkout code	2025-04-23T11:21:01.2581913Z git version 2.48.1
end-workflow	Checkout code	2025-04-23T11:21:01.2587926Z ##[endgroup]
end-workflow	Checkout code	2025-04-23T11:21:01.2674234Z Copying '/home/kaos/.gitconfig' to '/actions-runner/_work/_temp/1abcf01e-b6eb-42d6-b98e-18da9452fa2e/.gitconfig'
end-workflow	Checkout code	2025-04-23T11:21:01.2702523Z Temporarily overriding HOME='/actions-runner/_work/_temp/1abcf01e-b6eb-42d6-b98e-18da9452fa2e' before making global git config changes
end-workflow	Checkout code	2025-04-23T11:21:01.2708098Z Adding repository directory to the temporary git global config as a safe directory
end-workflow	Checkout code	2025-04-23T11:21:01.2712365Z [command]/usr/bin/git config --global --add safe.directory /actions-runner/_work/ka0s/ka0s
end-workflow	Checkout code	2025-04-23T11:21:01.2718124Z [command]/usr/bin/git config --local --get remote.origin.url
end-workflow	Checkout code	2025-04-23T11:21:01.2720503Z https://github.com/Ka0s-Klaus/ka0s
end-workflow	Checkout code	2025-04-23T11:21:01.2769286Z ##[group]Removing previously created refs, to avoid conflicts
end-workflow	Checkout code	2025-04-23T11:21:01.2773156Z [command]/usr/bin/git rev-parse --symbolic-full-name --verify --quiet HEAD
end-workflow	Checkout code	2025-04-23T11:21:01.2776075Z refs/heads/H220-web-de-resultados
end-workflow	Checkout code	2025-04-23T11:21:01.2780030Z [command]/usr/bin/git checkout --detach
end-workflow	Checkout code	2025-04-23T11:21:01.3218472Z HEAD is now at 4ce18c82 [Ka0S] Uploading resume execution files to the repository...
end-workflow	Checkout code	2025-04-23T11:21:01.3498509Z [command]/usr/bin/git branch --delete --force H220-web-de-resultados
end-workflow	Checkout code	2025-04-23T11:21:01.3583892Z Deleted branch H220-web-de-resultados (was 4ce18c82).
end-workflow	Checkout code	2025-04-23T11:21:01.3773874Z ##[endgroup]
end-workflow	Checkout code	2025-04-23T11:21:01.3776174Z [command]/usr/bin/git submodule status
end-workflow	Checkout code	2025-04-23T11:21:01.4350816Z ##[group]Cleaning the repository
end-workflow	Checkout code	2025-04-23T11:21:01.4360431Z [command]/usr/bin/git clean -ffdx
end-workflow	Checkout code	2025-04-23T11:21:01.4478323Z [command]/usr/bin/git reset --hard HEAD
end-workflow	Checkout code	2025-04-23T11:21:01.4713814Z HEAD is now at 4ce18c82 [Ka0S] Uploading resume execution files to the repository...
end-workflow	Checkout code	2025-04-23T11:21:01.4743669Z ##[endgroup]
end-workflow	Checkout code	2025-04-23T11:21:01.4748330Z ##[group]Disabling automatic garbage collection
end-workflow	Checkout code	2025-04-23T11:21:01.4753588Z [command]/usr/bin/git config --local gc.auto 0
end-workflow	Checkout code	2025-04-23T11:21:01.4810805Z ##[endgroup]
end-workflow	Checkout code	2025-04-23T11:21:01.4815471Z ##[group]Setting up auth
end-workflow	Checkout code	2025-04-23T11:21:01.4844744Z [command]/usr/bin/git config --local --name-only --get-regexp core\.sshCommand
end-workflow	Checkout code	2025-04-23T11:21:01.4920742Z [command]/usr/bin/git submodule foreach --recursive sh -c "git config --local --name-only --get-regexp 'core\.sshCommand' && git config --local --unset-all 'core.sshCommand' || :"
end-workflow	Checkout code	2025-04-23T11:21:01.5586117Z [command]/usr/bin/git config --local --name-only --get-regexp http\.https\:\/\/github\.com\/\.extraheader
end-workflow	Checkout code	2025-04-23T11:21:01.5687101Z [command]/usr/bin/git submodule foreach --recursive sh -c "git config --local --name-only --get-regexp 'http\.https\:\/\/github\.com\/\.extraheader' && git config --local --unset-all 'http.https://github.com/.extraheader' || :"
end-workflow	Checkout code	2025-04-23T11:21:01.6210439Z [command]/usr/bin/git config --local http.https://github.com/.extraheader AUTHORIZATION: basic ***
end-workflow	Checkout code	2025-04-23T11:21:01.6278330Z ##[endgroup]
end-workflow	Checkout code	2025-04-23T11:21:01.6311976Z ##[group]Fetching the repository
end-workflow	Checkout code	2025-04-23T11:21:01.6315161Z [command]/usr/bin/git -c protocol.version=2 fetch --prune --no-recurse-submodules origin +refs/heads/*:refs/remotes/origin/* +refs/tags/*:refs/tags/*
end-workflow	Checkout code	2025-04-23T11:21:02.7900460Z From https://github.com/Ka0s-Klaus/ka0s
end-workflow	Checkout code	2025-04-23T11:21:02.7903035Z    4ce18c82..4c43f424  H220-web-de-resultados -> origin/H220-web-de-resultados
end-workflow	Checkout code	2025-04-23T11:21:02.8128042Z [command]/usr/bin/git branch --list --remote origin/H215-modulo-de-summary
end-workflow	Checkout code	2025-04-23T11:21:02.8197726Z   origin/H215-modulo-de-summary
end-workflow	Checkout code	2025-04-23T11:21:02.8212449Z [command]/usr/bin/git rev-parse refs/remotes/origin/H215-modulo-de-summary
end-workflow	Checkout code	2025-04-23T11:21:02.8247483Z be8bef882b98371a98b61b4341e9114465f4cc96
end-workflow	Checkout code	2025-04-23T11:21:02.8278191Z [command]/usr/bin/git -c protocol.version=2 fetch --no-tags --prune --no-recurse-submodules origin +742056540d16d83f4bf9b8945443e58d72536e3d:refs/remotes/origin/H215-modulo-de-summary
end-workflow	Checkout code	2025-04-23T11:21:03.6531865Z From https://github.com/Ka0s-Klaus/ka0s
end-workflow	Checkout code	2025-04-23T11:21:03.6534553Z  + be8bef88...74205654 742056540d16d83f4bf9b8945443e58d72536e3d -> origin/H215-modulo-de-summary  (forced update)
end-workflow	Checkout code	2025-04-23T11:21:03.6670921Z ##[endgroup]
end-workflow	Checkout code	2025-04-23T11:21:03.6673116Z ##[group]Determining the checkout info
end-workflow	Checkout code	2025-04-23T11:21:03.6674766Z ##[endgroup]
end-workflow	Checkout code	2025-04-23T11:21:03.6676663Z [command]/usr/bin/git sparse-checkout disable
end-workflow	Checkout code	2025-04-23T11:21:03.6798686Z [command]/usr/bin/git config --local --unset-all extensions.worktreeConfig
end-workflow	Checkout code	2025-04-23T11:21:03.6873356Z ##[group]Checking out the ref
end-workflow	Checkout code	2025-04-23T11:21:03.6881935Z [command]/usr/bin/git checkout --progress --force -B H215-modulo-de-summary refs/remotes/origin/H215-modulo-de-summary
end-workflow	Checkout code	2025-04-23T11:21:04.0920809Z Previous HEAD position was 4ce18c82 [Ka0S] Uploading resume execution files to the repository...
end-workflow	Checkout code	2025-04-23T11:21:04.0938817Z Switched to a new branch 'H215-modulo-de-summary'
end-workflow	Checkout code	2025-04-23T11:21:04.0945985Z branch 'H215-modulo-de-summary' set up to track 'origin/H215-modulo-de-summary'.
end-workflow	Checkout code	2025-04-23T11:21:04.0967395Z ##[endgroup]
end-workflow	Checkout code	2025-04-23T11:21:04.1058610Z [command]/usr/bin/git log -1 --format=%H
end-workflow	Checkout code	2025-04-23T11:21:04.1122104Z 742056540d16d83f4bf9b8945443e58d72536e3d
end-workflow	Finaliza el workflow	ï»¿2025-04-23T11:21:04.1749404Z ##[group]Run echo "End process"
end-workflow	Finaliza el workflow	2025-04-23T11:21:04.1750642Z [36;1mecho "End process"[0m
end-workflow	Finaliza el workflow	2025-04-23T11:21:04.1751994Z [36;1mRNNUMBER=$(echo "refs/heads/H215-modulo-de-summary" | grep -o '[0-9]*')[0m
end-workflow	Finaliza el workflow	2025-04-23T11:21:04.1753908Z [36;1mgh issue comment $RNNUMBER --body "Se finaliza Ka0s 14246732885"[0m
end-workflow	Finaliza el workflow	2025-04-23T11:21:04.1755277Z [36;1mgh workflow run inspector.yml --ref 'main' -f kaos-issue-id=$RNNUMBER -f kaos-workflow-id="14246732885" -f kaos-user-start=""[0m
end-workflow	Finaliza el workflow	2025-04-23T11:21:04.1775682Z shell: /usr/bin/bash -e {0}
end-workflow	Finaliza el workflow	2025-04-23T11:21:04.1776279Z env:
end-workflow	Finaliza el workflow	2025-04-23T11:21:04.1776666Z   KAOS_MODULE: [Ka0S] JSONLINT
end-workflow	Finaliza el workflow	2025-04-23T11:21:04.1777800Z   GH_TOKEN: ***
end-workflow	Finaliza el workflow	2025-04-23T11:21:04.1778598Z   KAOS_JSONLINT_CONFIG: core/config/.jsonlint.json
end-workflow	Finaliza el workflow	2025-04-23T11:21:04.1779702Z   KAOS_PATH_RESUME: core/outputs/j/
end-workflow	Finaliza el workflow	2025-04-23T11:21:04.1780931Z   KAOS_REPO: /actions-runner/_work/kaos/kaos
end-workflow	Finaliza el workflow	2025-04-23T11:21:04.1782081Z   KAOS_STEP_MODULE: 
end-workflow	Finaliza el workflow	2025-04-23T11:21:04.1782767Z   KAOS_CODE: 14246732885
end-workflow	Finaliza el workflow	2025-04-23T11:21:04.1783253Z   KAOS_REF_BRANCH: main
end-workflow	Finaliza el workflow	2025-04-23T11:21:04.1783823Z ##[endgroup]
end-workflow	Finaliza el workflow	2025-04-23T11:21:04.1909663Z End process
end-workflow	Finaliza el workflow	2025-04-23T11:21:06.8662707Z https://github.com/Ka0s-Klaus/ka0s/issues/215#issuecomment-2823957677
end-workflow	Post Checkout code	ï»¿2025-04-23T11:21:08.0402863Z Post job cleanup.
end-workflow	Post Checkout code	2025-04-23T11:21:08.2156400Z [command]/usr/bin/git version
end-workflow	Post Checkout code	2025-04-23T11:21:08.2247553Z git version 2.48.1
end-workflow	Post Checkout code	2025-04-23T11:21:08.2332951Z Copying '/home/kaos/.gitconfig' to '/actions-runner/_work/_temp/2e5a1af4-d0d6-4b88-99c9-e39b7d3642c7/.gitconfig'
end-workflow	Post Checkout code	2025-04-23T11:21:08.2349909Z Temporarily overriding HOME='/actions-runner/_work/_temp/2e5a1af4-d0d6-4b88-99c9-e39b7d3642c7' before making global git config changes
end-workflow	Post Checkout code	2025-04-23T11:21:08.2352513Z Adding repository directory to the temporary git global config as a safe directory
end-workflow	Post Checkout code	2025-04-23T11:21:08.2357820Z [command]/usr/bin/git config --global --add safe.directory /actions-runner/_work/ka0s/ka0s
end-workflow	Post Checkout code	2025-04-23T11:21:08.2434609Z [command]/usr/bin/git config --local --name-only --get-regexp core\.sshCommand
end-workflow	Post Checkout code	2025-04-23T11:21:08.2510031Z [command]/usr/bin/git submodule foreach --recursive sh -c "git config --local --name-only --get-regexp 'core\.sshCommand' && git config --local --unset-all 'core.sshCommand' || :"
end-workflow	Post Checkout code	2025-04-23T11:21:08.3017731Z [command]/usr/bin/git config --local --name-only --get-regexp http\.https\:\/\/github\.com\/\.extraheader
end-workflow	Post Checkout code	2025-04-23T11:21:08.3086489Z http.https://github.com/.extraheader
end-workflow	Post Checkout code	2025-04-23T11:21:08.3111297Z [command]/usr/bin/git config --local --unset-all http.https://github.com/.extraheader
end-workflow	Post Checkout code	2025-04-23T11:21:08.3201971Z [command]/usr/bin/git submodule foreach --recursive sh -c "git config --local --name-only --get-regexp 'http\.https\:\/\/github\.com\/\.extraheader' && git config --local --unset-all 'http.https://github.com/.extraheader' || :"
end-workflow	Complete job	ï»¿2025-04-23T11:21:08.4186053Z Cleaning up orphan processes
