job-core	Set up job	ï»¿2025-04-23T10:49:29.4777011Z Current runner version: '2.323.0'
job-core	Set up job	2025-04-23T10:49:29.4780867Z Runner name: 'ka0s-9'
job-core	Set up job	2025-04-23T10:49:29.4781411Z Machine name: '26a53205c9ac'
job-core	Set up job	2025-04-23T10:49:29.4782989Z ##[group]GITHUB_TOKEN Permissions
job-core	Set up job	2025-04-23T10:49:29.4784437Z Actions: write
job-core	Set up job	2025-04-23T10:49:29.4784750Z Contents: write
job-core	Set up job	2025-04-23T10:49:29.4785044Z Issues: write
job-core	Set up job	2025-04-23T10:49:29.4785328Z Metadata: read
job-core	Set up job	2025-04-23T10:49:29.4785606Z PullRequests: write
job-core	Set up job	2025-04-23T10:49:29.4785892Z ##[endgroup]
job-core	Set up job	2025-04-23T10:49:29.4787253Z Secret source: Actions
job-core	Set up job	2025-04-23T10:49:29.4787619Z Prepare workflow directory
job-core	Set up job	2025-04-23T10:49:29.5231836Z Prepare all required actions
job-core	Set up job	2025-04-23T10:49:29.5258905Z Getting action download info
job-core	Set up job	2025-04-23T10:49:30.0726999Z Download action repository 'actions/checkout@v4' (SHA:11bd71901bbe5b1630ceea73d27597364c9af683)
job-core	Set up job	2025-04-23T10:49:30.7965617Z Download action repository 'actions/setup-node@v2' (SHA:7c12f8017d5436eb855f1ed4399f037a36fbd9e8)
job-core	Set up job	2025-04-23T10:49:31.6680745Z Complete job name: job-core
job-core	Checkout code	ï»¿2025-04-23T10:49:31.7030185Z ##[group]Run actions/checkout@v4
job-core	Checkout code	2025-04-23T10:49:31.7031037Z with:
job-core	Checkout code	2025-04-23T10:49:31.7031518Z   fetch-depth: 0
job-core	Checkout code	2025-04-23T10:49:31.7032410Z   token: ***
job-core	Checkout code	2025-04-23T10:49:31.7032916Z   repository: Ka0s-Klaus/ka0s
job-core	Checkout code	2025-04-23T10:49:31.7033539Z   ssh-strict: true
job-core	Checkout code	2025-04-23T10:49:31.7034046Z   ssh-user: git
job-core	Checkout code	2025-04-23T10:49:31.7034573Z   persist-credentials: true
job-core	Checkout code	2025-04-23T10:49:31.7035164Z   clean: true
job-core	Checkout code	2025-04-23T10:49:31.7035689Z   sparse-checkout-cone-mode: true
job-core	Checkout code	2025-04-23T10:49:31.7036341Z   fetch-tags: false
job-core	Checkout code	2025-04-23T10:49:31.7036873Z   show-progress: true
job-core	Checkout code	2025-04-23T10:49:31.7037401Z   lfs: false
job-core	Checkout code	2025-04-23T10:49:31.7037898Z   submodules: false
job-core	Checkout code	2025-04-23T10:49:31.7038513Z   set-safe-directory: true
job-core	Checkout code	2025-04-23T10:49:31.7039388Z env:
job-core	Checkout code	2025-04-23T10:49:31.7039981Z   KAOS_MODULE: [Ka0S] JSONLINT
job-core	Checkout code	2025-04-23T10:49:31.7040810Z   GH_TOKEN: ***
job-core	Checkout code	2025-04-23T10:49:31.7041407Z   KAOS_JSONLINT_CONFIG: core/config/.jsonlint.json
job-core	Checkout code	2025-04-23T10:49:31.7042330Z   KAOS_PATH_RESUME: core/outputs/j/
job-core	Checkout code	2025-04-23T10:49:31.7043091Z   KAOS_REPO: /actions-runner/_work/kaos/kaos
job-core	Checkout code	2025-04-23T10:49:31.7043791Z   KAOS_STEP_MODULE: 
job-core	Checkout code	2025-04-23T10:49:31.7044340Z   KAOS_CODE: 14246719933
job-core	Checkout code	2025-04-23T10:49:31.7044903Z   KAOS_REF_BRANCH: main
job-core	Checkout code	2025-04-23T10:49:31.7045448Z ##[endgroup]
job-core	Checkout code	2025-04-23T10:49:31.7872373Z Syncing repository: Ka0s-Klaus/ka0s
job-core	Checkout code	2025-04-23T10:49:31.7874373Z ##[group]Getting Git version info
job-core	Checkout code	2025-04-23T10:49:31.7875302Z Working directory is '/actions-runner/_work/ka0s/ka0s'
job-core	Checkout code	2025-04-23T10:49:31.7876669Z [command]/usr/bin/git version
job-core	Checkout code	2025-04-23T10:49:31.7877431Z git version 2.43.0
job-core	Checkout code	2025-04-23T10:49:31.7883390Z ##[endgroup]
job-core	Checkout code	2025-04-23T10:49:31.7891449Z Copying '/home/kaos/.gitconfig' to '/actions-runner/_work/_temp/8e99d5a7-06c3-4705-ad04-7732fcd70c09/.gitconfig'
job-core	Checkout code	2025-04-23T10:49:31.7902626Z Temporarily overriding HOME='/actions-runner/_work/_temp/8e99d5a7-06c3-4705-ad04-7732fcd70c09' before making global git config changes
job-core	Checkout code	2025-04-23T10:49:31.7904798Z Adding repository directory to the temporary git global config as a safe directory
job-core	Checkout code	2025-04-23T10:49:31.7906526Z [command]/usr/bin/git config --global --add safe.directory /actions-runner/_work/ka0s/ka0s
job-core	Checkout code	2025-04-23T10:49:31.7946229Z [command]/usr/bin/git config --local --get remote.origin.url
job-core	Checkout code	2025-04-23T10:49:31.7964687Z https://github.com/Ka0s-Klaus/ka0s
job-core	Checkout code	2025-04-23T10:49:31.7985023Z ##[group]Removing previously created refs, to avoid conflicts
job-core	Checkout code	2025-04-23T10:49:31.7988605Z [command]/usr/bin/git rev-parse --symbolic-full-name --verify --quiet HEAD
job-core	Checkout code	2025-04-23T10:49:31.8009028Z refs/heads/H220-web-de-resultados
job-core	Checkout code	2025-04-23T10:49:31.8017963Z [command]/usr/bin/git checkout --detach
job-core	Checkout code	2025-04-23T10:49:32.0515893Z HEAD is now at 2c279761 Recuperacion navbar
job-core	Checkout code	2025-04-23T10:49:32.0551473Z [command]/usr/bin/git branch --delete --force H220-web-de-resultados
job-core	Checkout code	2025-04-23T10:49:32.0584684Z Deleted branch H220-web-de-resultados (was 2c279761).
job-core	Checkout code	2025-04-23T10:49:32.0637075Z ##[endgroup]
job-core	Checkout code	2025-04-23T10:49:32.0637744Z [command]/usr/bin/git submodule status
job-core	Checkout code	2025-04-23T10:49:32.0864631Z ##[group]Cleaning the repository
job-core	Checkout code	2025-04-23T10:49:32.0867390Z [command]/usr/bin/git clean -ffdx
job-core	Checkout code	2025-04-23T10:49:32.0912395Z Removing core/results/k/event_data_14353070830.json
job-core	Checkout code	2025-04-23T10:49:32.0913663Z Removing core/results/k/event_data_14353070830.json.bak
job-core	Checkout code	2025-04-23T10:49:32.0930189Z [command]/usr/bin/git reset --hard HEAD
job-core	Checkout code	2025-04-23T10:49:32.1026661Z HEAD is now at 2c279761 Recuperacion navbar
job-core	Checkout code	2025-04-23T10:49:32.1030992Z ##[endgroup]
job-core	Checkout code	2025-04-23T10:49:32.1032244Z ##[group]Disabling automatic garbage collection
job-core	Checkout code	2025-04-23T10:49:32.1033965Z [command]/usr/bin/git config --local gc.auto 0
job-core	Checkout code	2025-04-23T10:49:32.1062983Z ##[endgroup]
job-core	Checkout code	2025-04-23T10:49:32.1064246Z ##[group]Setting up auth
job-core	Checkout code	2025-04-23T10:49:32.1065341Z [command]/usr/bin/git config --local --name-only --get-regexp core\.sshCommand
job-core	Checkout code	2025-04-23T10:49:32.1090135Z [command]/usr/bin/git submodule foreach --recursive sh -c "git config --local --name-only --get-regexp 'core\.sshCommand' && git config --local --unset-all 'core.sshCommand' || :"
job-core	Checkout code	2025-04-23T10:49:32.1309177Z [command]/usr/bin/git config --local --name-only --get-regexp http\.https\:\/\/github\.com\/\.extraheader
job-core	Checkout code	2025-04-23T10:49:32.1328473Z [command]/usr/bin/git submodule foreach --recursive sh -c "git config --local --name-only --get-regexp 'http\.https\:\/\/github\.com\/\.extraheader' && git config --local --unset-all 'http.https://github.com/.extraheader' || :"
job-core	Checkout code	2025-04-23T10:49:32.1541442Z [command]/usr/bin/git config --local http.https://github.com/.extraheader AUTHORIZATION: basic ***
job-core	Checkout code	2025-04-23T10:49:32.1575767Z ##[endgroup]
job-core	Checkout code	2025-04-23T10:49:32.1576877Z ##[group]Fetching the repository
job-core	Checkout code	2025-04-23T10:49:32.1581119Z [command]/usr/bin/git -c protocol.version=2 fetch --prune --no-recurse-submodules origin +refs/heads/*:refs/remotes/origin/* +refs/tags/*:refs/tags/*
job-core	Checkout code	2025-04-23T10:49:32.6511570Z [command]/usr/bin/git branch --list --remote origin/H215-modulo-de-summary
job-core	Checkout code	2025-04-23T10:49:32.6535853Z   origin/H215-modulo-de-summary
job-core	Checkout code	2025-04-23T10:49:32.6545265Z [command]/usr/bin/git rev-parse refs/remotes/origin/H215-modulo-de-summary
job-core	Checkout code	2025-04-23T10:49:32.6566287Z be8bef882b98371a98b61b4341e9114465f4cc96
job-core	Checkout code	2025-04-23T10:49:32.6578650Z [command]/usr/bin/git -c protocol.version=2 fetch --no-tags --prune --no-recurse-submodules origin +742056540d16d83f4bf9b8945443e58d72536e3d:refs/remotes/origin/H215-modulo-de-summary
job-core	Checkout code	2025-04-23T10:49:32.6754618Z From https://github.com/Ka0s-Klaus/ka0s
job-core	Checkout code	2025-04-23T10:49:32.6755389Z  + be8bef88...74205654 742056540d16d83f4bf9b8945443e58d72536e3d -> origin/H215-modulo-de-summary  (forced update)
job-core	Checkout code	2025-04-23T10:49:32.6772530Z ##[endgroup]
job-core	Checkout code	2025-04-23T10:49:32.6772908Z ##[group]Determining the checkout info
job-core	Checkout code	2025-04-23T10:49:32.6773251Z ##[endgroup]
job-core	Checkout code	2025-04-23T10:49:32.6780234Z [command]/usr/bin/git sparse-checkout disable
job-core	Checkout code	2025-04-23T10:49:32.6846741Z [command]/usr/bin/git config --local --unset-all extensions.worktreeConfig
job-core	Checkout code	2025-04-23T10:49:32.6873254Z ##[group]Checking out the ref
job-core	Checkout code	2025-04-23T10:49:32.6878131Z [command]/usr/bin/git checkout --progress --force -B H215-modulo-de-summary refs/remotes/origin/H215-modulo-de-summary
job-core	Checkout code	2025-04-23T10:49:32.7189938Z Previous HEAD position was 2c279761 Recuperacion navbar
job-core	Checkout code	2025-04-23T10:49:32.7193572Z Switched to a new branch 'H215-modulo-de-summary'
job-core	Checkout code	2025-04-23T10:49:32.7194297Z branch 'H215-modulo-de-summary' set up to track 'origin/H215-modulo-de-summary'.
job-core	Checkout code	2025-04-23T10:49:32.7204329Z ##[endgroup]
job-core	Checkout code	2025-04-23T10:49:32.7238367Z [command]/usr/bin/git log -1 --format=%H
job-core	Checkout code	2025-04-23T10:49:32.7262574Z 742056540d16d83f4bf9b8945443e58d72536e3d
job-core	Install Node.js	ï»¿2025-04-23T10:49:32.7419806Z ##[group]Run actions/setup-node@v2
job-core	Install Node.js	2025-04-23T10:49:32.7420015Z with:
job-core	Install Node.js	2025-04-23T10:49:32.7420147Z   node-version: 14
job-core	Install Node.js	2025-04-23T10:49:32.7420281Z   always-auth: false
job-core	Install Node.js	2025-04-23T10:49:32.7420414Z   check-latest: false
job-core	Install Node.js	2025-04-23T10:49:32.7420632Z   token: ***
job-core	Install Node.js	2025-04-23T10:49:32.7420761Z env:
job-core	Install Node.js	2025-04-23T10:49:32.7420888Z   KAOS_MODULE: [Ka0S] JSONLINT
job-core	Install Node.js	2025-04-23T10:49:32.7421079Z   GH_TOKEN: ***
job-core	Install Node.js	2025-04-23T10:49:32.7421235Z   KAOS_JSONLINT_CONFIG: core/config/.jsonlint.json
job-core	Install Node.js	2025-04-23T10:49:32.7421542Z   KAOS_PATH_RESUME: core/outputs/j/
job-core	Install Node.js	2025-04-23T10:49:32.7421724Z   KAOS_REPO: /actions-runner/_work/kaos/kaos
job-core	Install Node.js	2025-04-23T10:49:32.7422063Z   KAOS_STEP_MODULE: 
job-core	Install Node.js	2025-04-23T10:49:32.7422230Z   KAOS_CODE: 14246719933
job-core	Install Node.js	2025-04-23T10:49:32.7422400Z   KAOS_REF_BRANCH: main
job-core	Install Node.js	2025-04-23T10:49:32.7422558Z ##[endgroup]
job-core	Install Node.js	2025-04-23T10:49:32.8320258Z Found in cache @ /actions-runner/_work/_tool/node/14.21.3/x64
job-core	Install jsonlint	ï»¿2025-04-23T10:49:32.8409031Z ##[group]Run if ! command -v jsonlint &> /dev/null; then
job-core	Install jsonlint	2025-04-23T10:49:32.8409365Z [36;1mif ! command -v jsonlint &> /dev/null; then[0m
job-core	Install jsonlint	2025-04-23T10:49:32.8409568Z [36;1m  echo "Installing jsonlint..."[0m
job-core	Install jsonlint	2025-04-23T10:49:32.8409747Z [36;1m  npm install -g jsonlint[0m
job-core	Install jsonlint	2025-04-23T10:49:32.8409898Z [36;1melse[0m
job-core	Install jsonlint	2025-04-23T10:49:32.8410079Z [36;1m  echo "jsonlint already installed, skipping installation"[0m
job-core	Install jsonlint	2025-04-23T10:49:32.8410282Z [36;1mfi[0m
job-core	Install jsonlint	2025-04-23T10:49:32.8410414Z [36;1mmkdir -p core/outputs/j/[0m
job-core	Install jsonlint	2025-04-23T10:49:32.8418896Z shell: /usr/bin/bash -e {0}
job-core	Install jsonlint	2025-04-23T10:49:32.8419104Z env:
job-core	Install jsonlint	2025-04-23T10:49:32.8419240Z   KAOS_MODULE: [Ka0S] JSONLINT
job-core	Install jsonlint	2025-04-23T10:49:32.8419545Z   GH_TOKEN: ***
job-core	Install jsonlint	2025-04-23T10:49:32.8419712Z   KAOS_JSONLINT_CONFIG: core/config/.jsonlint.json
job-core	Install jsonlint	2025-04-23T10:49:32.8419907Z   KAOS_PATH_RESUME: core/outputs/j/
job-core	Install jsonlint	2025-04-23T10:49:32.8420091Z   KAOS_REPO: /actions-runner/_work/kaos/kaos
job-core	Install jsonlint	2025-04-23T10:49:32.8420260Z   KAOS_STEP_MODULE: 
job-core	Install jsonlint	2025-04-23T10:49:32.8420426Z   KAOS_CODE: 14246719933
job-core	Install jsonlint	2025-04-23T10:49:32.8420569Z   KAOS_REF_BRANCH: main
job-core	Install jsonlint	2025-04-23T10:49:32.8420714Z ##[endgroup]
job-core	Install jsonlint	2025-04-23T10:49:32.8462935Z jsonlint already installed, skipping installation
job-core	Check JSON	ï»¿2025-04-23T10:49:32.8510232Z ##[group]Run # Invocamos la primera comprobaciÃ³n de base, sino se supera el proceso no continua
job-core	Check JSON	2025-04-23T10:49:32.8510692Z [36;1m# Invocamos la primera comprobaciÃ³n de base, sino se supera el proceso no continua[0m
job-core	Check JSON	2025-04-23T10:49:32.8510956Z [36;1m# Extraemos el nombre del fichero[0m
job-core	Check JSON	2025-04-23T10:49:32.8511184Z [36;1mfile_name=$(basename "core/results/event_data13306060214.json")[0m
job-core	Check JSON	2025-04-23T10:49:32.8511561Z [36;1m# Generamos el fichero de resultados vacio[0m
job-core	Check JSON	2025-04-23T10:49:32.8512038Z [36;1mtouch core/outputs/j/jsonlint-results-14246719933.txt[0m
job-core	Check JSON	2025-04-23T10:49:32.8512321Z [36;1m# Realizamos el check del documento json [0m
job-core	Check JSON	2025-04-23T10:49:32.8512729Z [36;1mjsonlint core/results/event_data13306060214.json > core/outputs/j/jsonlint-results-14246719933.txt || true[0m
job-core	Check JSON	2025-04-23T10:49:32.8513231Z [36;1m# esto es un workarround importante que hay que retirar[0m
job-core	Check JSON	2025-04-23T10:49:32.8513533Z [36;1m#rm -rf core/outputs/j/jsonlint-results-14246719933.txt[0m
job-core	Check JSON	2025-04-23T10:49:32.8513764Z [36;1m# a retirar[0m
job-core	Check JSON	2025-04-23T10:49:32.8513938Z [36;1m# Check if exist errors in file[0m
job-core	Check JSON	2025-04-23T10:49:32.8514111Z [36;1mecho "Mostramos fichero"[0m
job-core	Check JSON	2025-04-23T10:49:32.8514313Z [36;1mcat core/outputs/j/jsonlint-results-14246719933.txt[0m
job-core	Check JSON	2025-04-23T10:49:32.8514569Z [36;1mif [ ! -s core/outputs/j/jsonlint-results-14246719933.txt ]; then[0m
job-core	Check JSON	2025-04-23T10:49:32.8514906Z [36;1m  echo "File core/outputs/j/jsonlint-results-14246719933.txt is empty and is content correct"[0m
job-core	Check JSON	2025-04-23T10:49:32.8515540Z [36;1m  KAOS_ISSUE_BODY="The [Ka0S] JSONLINT process (14246693517) launch the check (14246719933) over file (core/results/event_data13306060214.json) and its result has been SUCCESS. Please review all files implicated in pull request and approve to merge"[0m
job-core	Check JSON	2025-04-23T10:49:32.8516132Z [36;1m  # AÃ±adimos la versiÃ³n de jsonlint con la que se realiza la comprobacion[0m
job-core	Check JSON	2025-04-23T10:49:32.8516431Z [36;1m  jsonlint --version >> core/outputs/j/jsonlint-results-14246719933.txt[0m
job-core	Check JSON	2025-04-23T10:49:32.8516705Z [36;1m  # aÃ±adimos el nombre del fichero que vamos a comprobar[0m
job-core	Check JSON	2025-04-23T10:49:32.8517037Z [36;1m  echo "Finding: core/results/event_data13306060214.json" >> core/outputs/j/jsonlint-results-14246719933.txt[0m
job-core	Check JSON	2025-04-23T10:49:32.8517564Z [36;1m  # gh workflow run issue.yaml --ref main -f kaos-issue-title="" -f kaos-issue-body="$KAOS_ISSUE_BODY" -f kaos-issue-actions=comment -f kaos-issue-tag="" -f kaos-issue-id=215[0m
job-core	Check JSON	2025-04-23T10:49:32.8518113Z [36;1m  gh issue comment  215 -F core/outputs/j/jsonlint-results-14246719933.txt[0m
job-core	Check JSON	2025-04-23T10:49:32.8518337Z [36;1melse[0m
job-core	Check JSON	2025-04-23T10:49:32.8518502Z [36;1m  cat core/outputs/j/jsonlint-results-14246719933.txt[0m
job-core	Check JSON	2025-04-23T10:49:32.8518862Z [36;1m  echo "File core/outputs/j/jsonlint-results-14246719933.txt is not empty and is content not correct and write commit info"[0m
job-core	Check JSON	2025-04-23T10:49:32.8519445Z [36;1m  KAOS_ISSUE_BODY="The [Ka0S] JSONLINT process (14246693517) launch the check (14246719933) over file (core/results/event_data13306060214.json) and its result has been FAILED, please check and solved it"[0m
job-core	Check JSON	2025-04-23T10:49:32.8519943Z [36;1m  # AÃ±adimos la versiÃ³n de jsonlint con la que se realiza la comprobacion[0m
job-core	Check JSON	2025-04-23T10:49:32.8520239Z [36;1m  # jsonlint --version || true >> core/outputs/j/jsonlint-results-14246719933.txt[0m
job-core	Check JSON	2025-04-23T10:49:32.8520514Z [36;1m  # aÃ±adimos el nombre del fichero que vamos a comprobar[0m
job-core	Check JSON	2025-04-23T10:49:32.8520842Z [36;1m  echo "Finding: core/results/event_data13306060214.json" >> core/outputs/j/jsonlint-results-14246719933.txt[0m
job-core	Check JSON	2025-04-23T10:49:32.8521350Z [36;1m  # gh workflow run issue.yaml --ref main -f kaos-issue-title="" -f kaos-issue-body="$KAOS_ISSUE_BODY" -f kaos-issue-actions=comment -f kaos-issue-tag="" -f kaos-issue-id=215 [0m
job-core	Check JSON	2025-04-23T10:49:32.8521788Z [36;1m  gh issue comment  215 -F core/outputs/j/jsonlint-results-14246719933.txt[0m
job-core	Check JSON	2025-04-23T10:49:32.8522322Z [36;1mfi[0m
job-core	Check JSON	2025-04-23T10:49:32.8526915Z shell: /usr/bin/bash -e {0}
job-core	Check JSON	2025-04-23T10:49:32.8527181Z env:
job-core	Check JSON	2025-04-23T10:49:32.8527311Z   KAOS_MODULE: [Ka0S] JSONLINT
job-core	Check JSON	2025-04-23T10:49:32.8527608Z   GH_TOKEN: ***
job-core	Check JSON	2025-04-23T10:49:32.8527765Z   KAOS_JSONLINT_CONFIG: core/config/.jsonlint.json
job-core	Check JSON	2025-04-23T10:49:32.8527956Z   KAOS_PATH_RESUME: core/outputs/j/
job-core	Check JSON	2025-04-23T10:49:32.8528130Z   KAOS_REPO: /actions-runner/_work/kaos/kaos
job-core	Check JSON	2025-04-23T10:49:32.8528299Z   KAOS_STEP_MODULE: 
job-core	Check JSON	2025-04-23T10:49:32.8528440Z   KAOS_CODE: 14246719933
job-core	Check JSON	2025-04-23T10:49:32.8528575Z   KAOS_REF_BRANCH: main
job-core	Check JSON	2025-04-23T10:49:32.8528712Z ##[endgroup]
job-core	Check JSON	2025-04-23T10:49:32.9189129Z internal/fs/utils.js:332
job-core	Check JSON	2025-04-23T10:49:32.9189474Z     throw err;
job-core	Check JSON	2025-04-23T10:49:32.9189638Z     ^
job-core	Check JSON	2025-04-23T10:49:32.9189738Z 
job-core	Check JSON	2025-04-23T10:49:32.9190028Z Error: ENOENT: no such file or directory, open 'core/results/event_data13306060214.json'
job-core	Check JSON	2025-04-23T10:49:32.9190395Z     at Object.openSync (fs.js:498:3)
job-core	Check JSON	2025-04-23T10:49:32.9190619Z     at Object.readFileSync (fs.js:394:35)
job-core	Check JSON	2025-04-23T10:49:32.9190966Z     at main (/actions-runner/_work/_tool/node/14.21.3/x64/lib/node_modules/jsonlint/lib/cli.js:135:23)
job-core	Check JSON	2025-04-23T10:49:32.9191494Z     at Object.<anonymous> (/actions-runner/_work/_tool/node/14.21.3/x64/lib/node_modules/jsonlint/lib/cli.js:179:1)
job-core	Check JSON	2025-04-23T10:49:32.9191926Z     at Module._compile (internal/modules/cjs/loader.js:1114:14)
job-core	Check JSON	2025-04-23T10:49:32.9192366Z     at Object.Module._extensions..js (internal/modules/cjs/loader.js:1143:10)
job-core	Check JSON	2025-04-23T10:49:32.9192721Z     at Module.load (internal/modules/cjs/loader.js:979:32)
job-core	Check JSON	2025-04-23T10:49:32.9193053Z     at Function.Module._load (internal/modules/cjs/loader.js:819:12)
job-core	Check JSON	2025-04-23T10:49:32.9193446Z     at Function.executeUserEntryPoint [as runMain] (internal/modules/run_main.js:75:12)
job-core	Check JSON	2025-04-23T10:49:32.9193739Z     at internal/main/run_main_module.js:17:47 {
job-core	Check JSON	2025-04-23T10:49:32.9193917Z   errno: -2,
job-core	Check JSON	2025-04-23T10:49:32.9194057Z   syscall: 'open',
job-core	Check JSON	2025-04-23T10:49:32.9194198Z   code: 'ENOENT',
job-core	Check JSON	2025-04-23T10:49:32.9194379Z   path: 'core/results/event_data13306060214.json'
job-core	Check JSON	2025-04-23T10:49:32.9194562Z }
job-core	Check JSON	2025-04-23T10:49:32.9205878Z Mostramos fichero
job-core	Check JSON	2025-04-23T10:49:32.9217571Z File core/outputs/j/jsonlint-results-14246719933.txt is empty and is content correct
job-core	Check JSON	2025-04-23T10:49:32.9971412Z ##[error]Process completed with exit code 1.
job-core	Post Checkout code	ï»¿2025-04-23T10:49:33.0030257Z Post job cleanup.
job-core	Post Checkout code	2025-04-23T10:49:33.0634739Z [command]/usr/bin/git version
job-core	Post Checkout code	2025-04-23T10:49:33.0661457Z git version 2.43.0
job-core	Post Checkout code	2025-04-23T10:49:33.0699470Z Copying '/home/kaos/.gitconfig' to '/actions-runner/_work/_temp/83f03754-cdca-4ad9-8c70-002d6a3bbfa9/.gitconfig'
job-core	Post Checkout code	2025-04-23T10:49:33.0708780Z Temporarily overriding HOME='/actions-runner/_work/_temp/83f03754-cdca-4ad9-8c70-002d6a3bbfa9' before making global git config changes
job-core	Post Checkout code	2025-04-23T10:49:33.0709871Z Adding repository directory to the temporary git global config as a safe directory
job-core	Post Checkout code	2025-04-23T10:49:33.0710873Z [command]/usr/bin/git config --global --add safe.directory /actions-runner/_work/ka0s/ka0s
job-core	Post Checkout code	2025-04-23T10:49:33.0744728Z [command]/usr/bin/git config --local --name-only --get-regexp core\.sshCommand
job-core	Post Checkout code	2025-04-23T10:49:33.0769812Z [command]/usr/bin/git submodule foreach --recursive sh -c "git config --local --name-only --get-regexp 'core\.sshCommand' && git config --local --unset-all 'core.sshCommand' || :"
job-core	Post Checkout code	2025-04-23T10:49:33.0989100Z [command]/usr/bin/git config --local --name-only --get-regexp http\.https\:\/\/github\.com\/\.extraheader
job-core	Post Checkout code	2025-04-23T10:49:33.1060075Z http.https://github.com/.extraheader
job-core	Post Checkout code	2025-04-23T10:49:33.1061464Z [command]/usr/bin/git config --local --unset-all http.https://github.com/.extraheader
job-core	Post Checkout code	2025-04-23T10:49:33.1063457Z [command]/usr/bin/git submodule foreach --recursive sh -c "git config --local --name-only --get-regexp 'http\.https\:\/\/github\.com\/\.extraheader' && git config --local --unset-all 'http.https://github.com/.extraheader' || :"
job-core	Complete job	ï»¿2025-04-23T10:49:33.1347692Z Cleaning up orphan processes
handle_failure	Set up job	ï»¿2025-04-23T11:14:02.7564252Z Current runner version: '2.323.0'
handle_failure	Set up job	2025-04-23T11:14:02.7569015Z Runner name: 'ka0s-9'
handle_failure	Set up job	2025-04-23T11:14:02.7569701Z Machine name: '26a53205c9ac'
handle_failure	Set up job	2025-04-23T11:14:02.7571540Z ##[group]GITHUB_TOKEN Permissions
handle_failure	Set up job	2025-04-23T11:14:02.7573258Z Actions: write
handle_failure	Set up job	2025-04-23T11:14:02.7573656Z Contents: write
handle_failure	Set up job	2025-04-23T11:14:02.7574024Z Issues: write
handle_failure	Set up job	2025-04-23T11:14:02.7574373Z Metadata: read
handle_failure	Set up job	2025-04-23T11:14:02.7574724Z PullRequests: write
handle_failure	Set up job	2025-04-23T11:14:02.7575071Z ##[endgroup]
handle_failure	Set up job	2025-04-23T11:14:02.7576775Z Secret source: Actions
handle_failure	Set up job	2025-04-23T11:14:02.7577236Z Prepare workflow directory
handle_failure	Set up job	2025-04-23T11:14:02.8016220Z Prepare all required actions
handle_failure	Set up job	2025-04-23T11:14:02.8046237Z Getting action download info
handle_failure	Set up job	2025-04-23T11:14:03.3461343Z Download action repository 'actions/checkout@v4' (SHA:11bd71901bbe5b1630ceea73d27597364c9af683)
handle_failure	Set up job	2025-04-23T11:14:04.0289349Z Complete job name: handle_failure
handle_failure	Checkout code	ï»¿2025-04-23T11:14:04.0563727Z ##[group]Run actions/checkout@v4
handle_failure	Checkout code	2025-04-23T11:14:04.0564237Z with:
handle_failure	Checkout code	2025-04-23T11:14:04.0564704Z   fetch-depth: 0
handle_failure	Checkout code	2025-04-23T11:14:04.0565247Z   token: ***
handle_failure	Checkout code	2025-04-23T11:14:04.0565575Z   repository: Ka0s-Klaus/ka0s
handle_failure	Checkout code	2025-04-23T11:14:04.0565954Z   ssh-strict: true
handle_failure	Checkout code	2025-04-23T11:14:04.0566234Z   ssh-user: git
handle_failure	Checkout code	2025-04-23T11:14:04.0566512Z   persist-credentials: true
handle_failure	Checkout code	2025-04-23T11:14:04.0566807Z   clean: true
handle_failure	Checkout code	2025-04-23T11:14:04.0567080Z   sparse-checkout-cone-mode: true
handle_failure	Checkout code	2025-04-23T11:14:04.0567399Z   fetch-tags: false
handle_failure	Checkout code	2025-04-23T11:14:04.0589161Z   show-progress: true
handle_failure	Checkout code	2025-04-23T11:14:04.0589473Z   lfs: false
handle_failure	Checkout code	2025-04-23T11:14:04.0589727Z   submodules: false
handle_failure	Checkout code	2025-04-23T11:14:04.0590005Z   set-safe-directory: true
handle_failure	Checkout code	2025-04-23T11:14:04.0590659Z env:
handle_failure	Checkout code	2025-04-23T11:14:04.0590917Z   KAOS_MODULE: [Ka0S] JSONLINT
handle_failure	Checkout code	2025-04-23T11:14:04.0591366Z   GH_TOKEN: ***
handle_failure	Checkout code	2025-04-23T11:14:04.0591666Z   KAOS_JSONLINT_CONFIG: core/config/.jsonlint.json
handle_failure	Checkout code	2025-04-23T11:14:04.0592144Z   KAOS_PATH_RESUME: core/outputs/j/
handle_failure	Checkout code	2025-04-23T11:14:04.0592524Z   KAOS_REPO: /actions-runner/_work/kaos/kaos
handle_failure	Checkout code	2025-04-23T11:14:04.0592904Z   KAOS_STEP_MODULE: 
handle_failure	Checkout code	2025-04-23T11:14:04.0593176Z   KAOS_CODE: 14246719933
handle_failure	Checkout code	2025-04-23T11:14:04.0593459Z   KAOS_REF_BRANCH: main
handle_failure	Checkout code	2025-04-23T11:14:04.0593729Z ##[endgroup]
handle_failure	Checkout code	2025-04-23T11:14:04.1386726Z Syncing repository: Ka0s-Klaus/ka0s
handle_failure	Checkout code	2025-04-23T11:14:04.1388700Z ##[group]Getting Git version info
handle_failure	Checkout code	2025-04-23T11:14:04.1389445Z Working directory is '/actions-runner/_work/ka0s/ka0s'
handle_failure	Checkout code	2025-04-23T11:14:04.1390568Z [command]/usr/bin/git version
handle_failure	Checkout code	2025-04-23T11:14:04.1391154Z git version 2.43.0
handle_failure	Checkout code	2025-04-23T11:14:04.1392969Z ##[endgroup]
handle_failure	Checkout code	2025-04-23T11:14:04.1397696Z Copying '/home/kaos/.gitconfig' to '/actions-runner/_work/_temp/162c7d4e-3bca-4f1f-8bfd-c9281980f90b/.gitconfig'
handle_failure	Checkout code	2025-04-23T11:14:04.1399453Z Temporarily overriding HOME='/actions-runner/_work/_temp/162c7d4e-3bca-4f1f-8bfd-c9281980f90b' before making global git config changes
handle_failure	Checkout code	2025-04-23T11:14:04.1400978Z Adding repository directory to the temporary git global config as a safe directory
handle_failure	Checkout code	2025-04-23T11:14:04.1402401Z [command]/usr/bin/git config --global --add safe.directory /actions-runner/_work/ka0s/ka0s
handle_failure	Checkout code	2025-04-23T11:14:04.1404199Z [command]/usr/bin/git config --local --get remote.origin.url
handle_failure	Checkout code	2025-04-23T11:14:04.1421734Z https://github.com/Ka0s-Klaus/ka0s
handle_failure	Checkout code	2025-04-23T11:14:04.1438839Z ##[group]Removing previously created refs, to avoid conflicts
handle_failure	Checkout code	2025-04-23T11:14:04.1439986Z [command]/usr/bin/git rev-parse --symbolic-full-name --verify --quiet HEAD
handle_failure	Checkout code	2025-04-23T11:14:04.1459851Z refs/heads/H220-web-de-resultados
handle_failure	Checkout code	2025-04-23T11:14:04.1468583Z [command]/usr/bin/git checkout --detach
handle_failure	Checkout code	2025-04-23T11:14:04.4121567Z HEAD is now at a9feb357 Actions performance responsive
handle_failure	Checkout code	2025-04-23T11:14:04.4158993Z [command]/usr/bin/git branch --delete --force H220-web-de-resultados
handle_failure	Checkout code	2025-04-23T11:14:04.4195405Z Deleted branch H220-web-de-resultados (was a9feb357).
handle_failure	Checkout code	2025-04-23T11:14:04.4251791Z ##[endgroup]
handle_failure	Checkout code	2025-04-23T11:14:04.4252755Z [command]/usr/bin/git submodule status
handle_failure	Checkout code	2025-04-23T11:14:04.4482905Z ##[group]Cleaning the repository
handle_failure	Checkout code	2025-04-23T11:14:04.4484173Z [command]/usr/bin/git clean -ffdx
handle_failure	Checkout code	2025-04-23T11:14:04.4529445Z [command]/usr/bin/git reset --hard HEAD
handle_failure	Checkout code	2025-04-23T11:14:04.4616225Z HEAD is now at a9feb357 Actions performance responsive
handle_failure	Checkout code	2025-04-23T11:14:04.4618705Z ##[endgroup]
handle_failure	Checkout code	2025-04-23T11:14:04.4619740Z ##[group]Disabling automatic garbage collection
handle_failure	Checkout code	2025-04-23T11:14:04.4626010Z [command]/usr/bin/git config --local gc.auto 0
handle_failure	Checkout code	2025-04-23T11:14:04.4647416Z ##[endgroup]
handle_failure	Checkout code	2025-04-23T11:14:04.4648153Z ##[group]Setting up auth
handle_failure	Checkout code	2025-04-23T11:14:04.4657140Z [command]/usr/bin/git config --local --name-only --get-regexp core\.sshCommand
handle_failure	Checkout code	2025-04-23T11:14:04.4681147Z [command]/usr/bin/git submodule foreach --recursive sh -c "git config --local --name-only --get-regexp 'core\.sshCommand' && git config --local --unset-all 'core.sshCommand' || :"
handle_failure	Checkout code	2025-04-23T11:14:04.4911187Z [command]/usr/bin/git config --local --name-only --get-regexp http\.https\:\/\/github\.com\/\.extraheader
handle_failure	Checkout code	2025-04-23T11:14:04.4940249Z [command]/usr/bin/git submodule foreach --recursive sh -c "git config --local --name-only --get-regexp 'http\.https\:\/\/github\.com\/\.extraheader' && git config --local --unset-all 'http.https://github.com/.extraheader' || :"
handle_failure	Checkout code	2025-04-23T11:14:04.5166025Z [command]/usr/bin/git config --local http.https://github.com/.extraheader AUTHORIZATION: basic ***
handle_failure	Checkout code	2025-04-23T11:14:04.5199860Z ##[endgroup]
handle_failure	Checkout code	2025-04-23T11:14:04.5200690Z ##[group]Fetching the repository
handle_failure	Checkout code	2025-04-23T11:14:04.5206378Z [command]/usr/bin/git -c protocol.version=2 fetch --prune --no-recurse-submodules origin +refs/heads/*:refs/remotes/origin/* +refs/tags/*:refs/tags/*
handle_failure	Checkout code	2025-04-23T11:14:05.0090593Z From https://github.com/Ka0s-Klaus/ka0s
handle_failure	Checkout code	2025-04-23T11:14:05.0091659Z    a9feb357..4c43f424  H220-web-de-resultados -> origin/H220-web-de-resultados
handle_failure	Checkout code	2025-04-23T11:14:05.0157311Z [command]/usr/bin/git branch --list --remote origin/H215-modulo-de-summary
handle_failure	Checkout code	2025-04-23T11:14:05.0182639Z   origin/H215-modulo-de-summary
handle_failure	Checkout code	2025-04-23T11:14:05.0191040Z [command]/usr/bin/git rev-parse refs/remotes/origin/H215-modulo-de-summary
handle_failure	Checkout code	2025-04-23T11:14:05.0215977Z be8bef882b98371a98b61b4341e9114465f4cc96
handle_failure	Checkout code	2025-04-23T11:14:05.0226854Z [command]/usr/bin/git -c protocol.version=2 fetch --no-tags --prune --no-recurse-submodules origin +742056540d16d83f4bf9b8945443e58d72536e3d:refs/remotes/origin/H215-modulo-de-summary
handle_failure	Checkout code	2025-04-23T11:14:05.0418385Z From https://github.com/Ka0s-Klaus/ka0s
handle_failure	Checkout code	2025-04-23T11:14:05.0419785Z  + be8bef88...74205654 742056540d16d83f4bf9b8945443e58d72536e3d -> origin/H215-modulo-de-summary  (forced update)
handle_failure	Checkout code	2025-04-23T11:14:05.0440357Z ##[endgroup]
handle_failure	Checkout code	2025-04-23T11:14:05.0441576Z ##[group]Determining the checkout info
handle_failure	Checkout code	2025-04-23T11:14:05.0442982Z ##[endgroup]
handle_failure	Checkout code	2025-04-23T11:14:05.0446532Z [command]/usr/bin/git sparse-checkout disable
handle_failure	Checkout code	2025-04-23T11:14:05.0499790Z [command]/usr/bin/git config --local --unset-all extensions.worktreeConfig
handle_failure	Checkout code	2025-04-23T11:14:05.0525793Z ##[group]Checking out the ref
handle_failure	Checkout code	2025-04-23T11:14:05.0527376Z [command]/usr/bin/git checkout --progress --force -B H215-modulo-de-summary refs/remotes/origin/H215-modulo-de-summary
handle_failure	Checkout code	2025-04-23T11:14:05.0829766Z Previous HEAD position was a9feb357 Actions performance responsive
handle_failure	Checkout code	2025-04-23T11:14:05.0831521Z Switched to a new branch 'H215-modulo-de-summary'
handle_failure	Checkout code	2025-04-23T11:14:05.0832759Z branch 'H215-modulo-de-summary' set up to track 'origin/H215-modulo-de-summary'.
handle_failure	Checkout code	2025-04-23T11:14:05.0842085Z ##[endgroup]
handle_failure	Checkout code	2025-04-23T11:14:05.0870379Z [command]/usr/bin/git log -1 --format=%H
handle_failure	Checkout code	2025-04-23T11:14:05.0889773Z 742056540d16d83f4bf9b8945443e58d72536e3d
handle_failure	handle-failure-execution	ï»¿2025-04-23T11:14:05.1039053Z ##[group]Run echo "Error detected in process"
handle_failure	handle-failure-execution	2025-04-23T11:14:05.1039861Z [36;1mecho "Error detected in process"[0m
handle_failure	handle-failure-execution	2025-04-23T11:14:05.1040656Z [36;1mRNNUMBER=$(echo "refs/heads/H215-modulo-de-summary" | grep -o '[0-9]*')[0m
handle_failure	handle-failure-execution	2025-04-23T11:14:05.1041803Z [36;1mgh issue comment $RNNUMBER --body "El proceso no ha finalizado correctamente 14246719933. El resultado estÃ¡ en el fichero core/results/event_data14246719933.log"[0m
handle_failure	handle-failure-execution	2025-04-23T11:14:05.1049753Z shell: /usr/bin/bash -e {0}
handle_failure	handle-failure-execution	2025-04-23T11:14:05.1050345Z env:
handle_failure	handle-failure-execution	2025-04-23T11:14:05.1050878Z   KAOS_MODULE: [Ka0S] JSONLINT
handle_failure	handle-failure-execution	2025-04-23T11:14:05.1051985Z   GH_TOKEN: ***
handle_failure	handle-failure-execution	2025-04-23T11:14:05.1052722Z   KAOS_JSONLINT_CONFIG: core/config/.jsonlint.json
handle_failure	handle-failure-execution	2025-04-23T11:14:05.1053540Z   KAOS_PATH_RESUME: core/outputs/j/
handle_failure	handle-failure-execution	2025-04-23T11:14:05.1054264Z   KAOS_REPO: /actions-runner/_work/kaos/kaos
handle_failure	handle-failure-execution	2025-04-23T11:14:05.1054877Z   KAOS_STEP_MODULE: 
handle_failure	handle-failure-execution	2025-04-23T11:14:05.1055415Z   KAOS_CODE: 14246719933
handle_failure	handle-failure-execution	2025-04-23T11:14:05.1055973Z   KAOS_REF_BRANCH: main
handle_failure	handle-failure-execution	2025-04-23T11:14:05.1056541Z ##[endgroup]
handle_failure	handle-failure-execution	2025-04-23T11:14:05.1098650Z Error detected in process
handle_failure	handle-failure-execution	2025-04-23T11:14:06.1596747Z https://github.com/Ka0s-Klaus/ka0s/issues/215#issuecomment-2823941559
handle_failure	Post Checkout code	ï»¿2025-04-23T11:14:06.1706835Z Post job cleanup.
handle_failure	Post Checkout code	2025-04-23T11:14:06.2328101Z [command]/usr/bin/git version
handle_failure	Post Checkout code	2025-04-23T11:14:06.2354916Z git version 2.43.0
handle_failure	Post Checkout code	2025-04-23T11:14:06.2379403Z Copying '/home/kaos/.gitconfig' to '/actions-runner/_work/_temp/a28507f1-286e-4c90-863a-c186a2cd5cde/.gitconfig'
handle_failure	Post Checkout code	2025-04-23T11:14:06.2390694Z Temporarily overriding HOME='/actions-runner/_work/_temp/a28507f1-286e-4c90-863a-c186a2cd5cde' before making global git config changes
handle_failure	Post Checkout code	2025-04-23T11:14:06.2391749Z Adding repository directory to the temporary git global config as a safe directory
handle_failure	Post Checkout code	2025-04-23T11:14:06.2392457Z [command]/usr/bin/git config --global --add safe.directory /actions-runner/_work/ka0s/ka0s
handle_failure	Post Checkout code	2025-04-23T11:14:06.2428804Z [command]/usr/bin/git config --local --name-only --get-regexp core\.sshCommand
handle_failure	Post Checkout code	2025-04-23T11:14:06.2454428Z [command]/usr/bin/git submodule foreach --recursive sh -c "git config --local --name-only --get-regexp 'core\.sshCommand' && git config --local --unset-all 'core.sshCommand' || :"
handle_failure	Post Checkout code	2025-04-23T11:14:06.2684869Z [command]/usr/bin/git config --local --name-only --get-regexp http\.https\:\/\/github\.com\/\.extraheader
handle_failure	Post Checkout code	2025-04-23T11:14:06.2703937Z http.https://github.com/.extraheader
handle_failure	Post Checkout code	2025-04-23T11:14:06.2714873Z [command]/usr/bin/git config --local --unset-all http.https://github.com/.extraheader
handle_failure	Post Checkout code	2025-04-23T11:14:06.2740314Z [command]/usr/bin/git submodule foreach --recursive sh -c "git config --local --name-only --get-regexp 'http\.https\:\/\/github\.com\/\.extraheader' && git config --local --unset-all 'http.https://github.com/.extraheader' || :"
handle_failure	Complete job	ï»¿2025-04-23T11:14:06.3043671Z Cleaning up orphan processes
end-workflow	Set up job	ï»¿2025-04-23T11:20:07.5220485Z Current runner version: '2.323.0'
end-workflow	Set up job	2025-04-23T11:20:07.5224903Z Runner name: 'ka0s-9'
end-workflow	Set up job	2025-04-23T11:20:07.5225446Z Machine name: '26a53205c9ac'
end-workflow	Set up job	2025-04-23T11:20:07.5226944Z ##[group]GITHUB_TOKEN Permissions
end-workflow	Set up job	2025-04-23T11:20:07.5228629Z Actions: write
end-workflow	Set up job	2025-04-23T11:20:07.5229008Z Contents: write
end-workflow	Set up job	2025-04-23T11:20:07.5229371Z Issues: write
end-workflow	Set up job	2025-04-23T11:20:07.5229679Z Metadata: read
end-workflow	Set up job	2025-04-23T11:20:07.5229999Z PullRequests: write
end-workflow	Set up job	2025-04-23T11:20:07.5230325Z ##[endgroup]
end-workflow	Set up job	2025-04-23T11:20:07.5231732Z Secret source: Actions
end-workflow	Set up job	2025-04-23T11:20:07.5232228Z Prepare workflow directory
end-workflow	Set up job	2025-04-23T11:20:07.5624810Z Prepare all required actions
end-workflow	Set up job	2025-04-23T11:20:07.5667636Z Getting action download info
end-workflow	Set up job	2025-04-23T11:20:08.1576474Z Download action repository 'actions/checkout@v4' (SHA:11bd71901bbe5b1630ceea73d27597364c9af683)
end-workflow	Set up job	2025-04-23T11:20:08.8565423Z Complete job name: end-workflow
end-workflow	Checkout code	ï»¿2025-04-23T11:20:08.8853803Z ##[group]Run actions/checkout@v4
end-workflow	Checkout code	2025-04-23T11:20:08.8854288Z with:
end-workflow	Checkout code	2025-04-23T11:20:08.8854544Z   fetch-depth: 0
end-workflow	Checkout code	2025-04-23T11:20:08.8854991Z   token: ***
end-workflow	Checkout code	2025-04-23T11:20:08.8855260Z   repository: Ka0s-Klaus/ka0s
end-workflow	Checkout code	2025-04-23T11:20:08.8855571Z   ssh-strict: true
end-workflow	Checkout code	2025-04-23T11:20:08.8855836Z   ssh-user: git
end-workflow	Checkout code	2025-04-23T11:20:08.8856107Z   persist-credentials: true
end-workflow	Checkout code	2025-04-23T11:20:08.8856403Z   clean: true
end-workflow	Checkout code	2025-04-23T11:20:08.8856671Z   sparse-checkout-cone-mode: true
end-workflow	Checkout code	2025-04-23T11:20:08.8857000Z   fetch-tags: false
end-workflow	Checkout code	2025-04-23T11:20:08.8857273Z   show-progress: true
end-workflow	Checkout code	2025-04-23T11:20:08.8857545Z   lfs: false
end-workflow	Checkout code	2025-04-23T11:20:08.8857800Z   submodules: false
end-workflow	Checkout code	2025-04-23T11:20:08.8858076Z   set-safe-directory: true
end-workflow	Checkout code	2025-04-23T11:20:08.8858455Z env:
end-workflow	Checkout code	2025-04-23T11:20:08.8858705Z   KAOS_MODULE: [Ka0S] JSONLINT
end-workflow	Checkout code	2025-04-23T11:20:08.8859087Z   GH_TOKEN: ***
end-workflow	Checkout code	2025-04-23T11:20:08.8859387Z   KAOS_JSONLINT_CONFIG: core/config/.jsonlint.json
end-workflow	Checkout code	2025-04-23T11:20:08.8859773Z   KAOS_PATH_RESUME: core/outputs/j/
end-workflow	Checkout code	2025-04-23T11:20:08.8860142Z   KAOS_REPO: /actions-runner/_work/kaos/kaos
end-workflow	Checkout code	2025-04-23T11:20:08.8860492Z   KAOS_STEP_MODULE: 
end-workflow	Checkout code	2025-04-23T11:20:08.8860771Z   KAOS_CODE: 14246719933
end-workflow	Checkout code	2025-04-23T11:20:08.8861053Z   KAOS_REF_BRANCH: main
end-workflow	Checkout code	2025-04-23T11:20:08.8861330Z ##[endgroup]
end-workflow	Checkout code	2025-04-23T11:20:08.9565731Z Syncing repository: Ka0s-Klaus/ka0s
end-workflow	Checkout code	2025-04-23T11:20:08.9567092Z ##[group]Getting Git version info
end-workflow	Checkout code	2025-04-23T11:20:08.9567574Z Working directory is '/actions-runner/_work/ka0s/ka0s'
end-workflow	Checkout code	2025-04-23T11:20:08.9568245Z [command]/usr/bin/git version
end-workflow	Checkout code	2025-04-23T11:20:08.9569289Z git version 2.43.0
end-workflow	Checkout code	2025-04-23T11:20:08.9597340Z ##[endgroup]
end-workflow	Checkout code	2025-04-23T11:20:08.9608497Z Copying '/home/kaos/.gitconfig' to '/actions-runner/_work/_temp/8d2c75f3-905e-4607-8967-d0fc7eef499f/.gitconfig'
end-workflow	Checkout code	2025-04-23T11:20:08.9620300Z Temporarily overriding HOME='/actions-runner/_work/_temp/8d2c75f3-905e-4607-8967-d0fc7eef499f' before making global git config changes
end-workflow	Checkout code	2025-04-23T11:20:08.9621167Z Adding repository directory to the temporary git global config as a safe directory
end-workflow	Checkout code	2025-04-23T11:20:08.9625940Z [command]/usr/bin/git config --global --add safe.directory /actions-runner/_work/ka0s/ka0s
end-workflow	Checkout code	2025-04-23T11:20:08.9666545Z [command]/usr/bin/git config --local --get remote.origin.url
end-workflow	Checkout code	2025-04-23T11:20:08.9685005Z https://github.com/Ka0s-Klaus/ka0s
end-workflow	Checkout code	2025-04-23T11:20:08.9697951Z ##[group]Removing previously created refs, to avoid conflicts
end-workflow	Checkout code	2025-04-23T11:20:08.9698912Z [command]/usr/bin/git rev-parse --symbolic-full-name --verify --quiet HEAD
end-workflow	Checkout code	2025-04-23T11:20:08.9718332Z refs/heads/H220-web-de-resultados
end-workflow	Checkout code	2025-04-23T11:20:08.9728472Z [command]/usr/bin/git checkout --detach
end-workflow	Checkout code	2025-04-23T11:20:09.0110048Z HEAD is now at 7a4ddbd2 [Ka0S] Uploading resume execution files to the repository...
end-workflow	Checkout code	2025-04-23T11:20:09.0149859Z [command]/usr/bin/git branch --delete --force H220-web-de-resultados
end-workflow	Checkout code	2025-04-23T11:20:09.0183889Z Deleted branch H220-web-de-resultados (was 7a4ddbd2).
end-workflow	Checkout code	2025-04-23T11:20:09.0224653Z ##[endgroup]
end-workflow	Checkout code	2025-04-23T11:20:09.0225367Z [command]/usr/bin/git submodule status
end-workflow	Checkout code	2025-04-23T11:20:09.0446308Z ##[group]Cleaning the repository
end-workflow	Checkout code	2025-04-23T11:20:09.0450842Z [command]/usr/bin/git clean -ffdx
end-workflow	Checkout code	2025-04-23T11:20:09.0497430Z [command]/usr/bin/git reset --hard HEAD
end-workflow	Checkout code	2025-04-23T11:20:09.0589524Z HEAD is now at 7a4ddbd2 [Ka0S] Uploading resume execution files to the repository...
end-workflow	Checkout code	2025-04-23T11:20:09.0591401Z ##[endgroup]
end-workflow	Checkout code	2025-04-23T11:20:09.0592628Z ##[group]Disabling automatic garbage collection
end-workflow	Checkout code	2025-04-23T11:20:09.0597337Z [command]/usr/bin/git config --local gc.auto 0
end-workflow	Checkout code	2025-04-23T11:20:09.0620861Z ##[endgroup]
end-workflow	Checkout code	2025-04-23T11:20:09.0621654Z ##[group]Setting up auth
end-workflow	Checkout code	2025-04-23T11:20:09.0625524Z [command]/usr/bin/git config --local --name-only --get-regexp core\.sshCommand
end-workflow	Checkout code	2025-04-23T11:20:09.0655887Z [command]/usr/bin/git submodule foreach --recursive sh -c "git config --local --name-only --get-regexp 'core\.sshCommand' && git config --local --unset-all 'core.sshCommand' || :"
end-workflow	Checkout code	2025-04-23T11:20:09.0878342Z [command]/usr/bin/git config --local --name-only --get-regexp http\.https\:\/\/github\.com\/\.extraheader
end-workflow	Checkout code	2025-04-23T11:20:09.0905321Z [command]/usr/bin/git submodule foreach --recursive sh -c "git config --local --name-only --get-regexp 'http\.https\:\/\/github\.com\/\.extraheader' && git config --local --unset-all 'http.https://github.com/.extraheader' || :"
end-workflow	Checkout code	2025-04-23T11:20:09.1133467Z [command]/usr/bin/git config --local http.https://github.com/.extraheader AUTHORIZATION: basic ***
end-workflow	Checkout code	2025-04-23T11:20:09.1175856Z ##[endgroup]
end-workflow	Checkout code	2025-04-23T11:20:09.1176602Z ##[group]Fetching the repository
end-workflow	Checkout code	2025-04-23T11:20:09.1184140Z [command]/usr/bin/git -c protocol.version=2 fetch --prune --no-recurse-submodules origin +refs/heads/*:refs/remotes/origin/* +refs/tags/*:refs/tags/*
end-workflow	Checkout code	2025-04-23T11:20:10.0575439Z From https://github.com/Ka0s-Klaus/ka0s
end-workflow	Checkout code	2025-04-23T11:20:10.0576203Z    7a4ddbd2..4c43f424  H220-web-de-resultados -> origin/H220-web-de-resultados
end-workflow	Checkout code	2025-04-23T11:20:10.0576812Z    ecd1438e..6db926ae  main                   -> origin/main
end-workflow	Checkout code	2025-04-23T11:20:10.0614711Z [command]/usr/bin/git branch --list --remote origin/H215-modulo-de-summary
end-workflow	Checkout code	2025-04-23T11:20:10.0638632Z   origin/H215-modulo-de-summary
end-workflow	Checkout code	2025-04-23T11:20:10.0649884Z [command]/usr/bin/git rev-parse refs/remotes/origin/H215-modulo-de-summary
end-workflow	Checkout code	2025-04-23T11:20:10.0671691Z be8bef882b98371a98b61b4341e9114465f4cc96
end-workflow	Checkout code	2025-04-23T11:20:10.0683057Z [command]/usr/bin/git -c protocol.version=2 fetch --no-tags --prune --no-recurse-submodules origin +742056540d16d83f4bf9b8945443e58d72536e3d:refs/remotes/origin/H215-modulo-de-summary
end-workflow	Checkout code	2025-04-23T11:20:10.0862646Z From https://github.com/Ka0s-Klaus/ka0s
end-workflow	Checkout code	2025-04-23T11:20:10.0863592Z  + be8bef88...74205654 742056540d16d83f4bf9b8945443e58d72536e3d -> origin/H215-modulo-de-summary  (forced update)
end-workflow	Checkout code	2025-04-23T11:20:10.0881646Z ##[endgroup]
end-workflow	Checkout code	2025-04-23T11:20:10.0882658Z ##[group]Determining the checkout info
end-workflow	Checkout code	2025-04-23T11:20:10.0883266Z ##[endgroup]
end-workflow	Checkout code	2025-04-23T11:20:10.0886615Z [command]/usr/bin/git sparse-checkout disable
end-workflow	Checkout code	2025-04-23T11:20:10.0932936Z [command]/usr/bin/git config --local --unset-all extensions.worktreeConfig
end-workflow	Checkout code	2025-04-23T11:20:10.0956422Z ##[group]Checking out the ref
end-workflow	Checkout code	2025-04-23T11:20:10.0974768Z [command]/usr/bin/git checkout --progress --force -B H215-modulo-de-summary refs/remotes/origin/H215-modulo-de-summary
end-workflow	Checkout code	2025-04-23T11:20:10.1545628Z Previous HEAD position was 7a4ddbd2 [Ka0S] Uploading resume execution files to the repository...
end-workflow	Checkout code	2025-04-23T11:20:10.1547440Z Switched to a new branch 'H215-modulo-de-summary'
end-workflow	Checkout code	2025-04-23T11:20:10.1548103Z branch 'H215-modulo-de-summary' set up to track 'origin/H215-modulo-de-summary'.
end-workflow	Checkout code	2025-04-23T11:20:10.1566581Z ##[endgroup]
end-workflow	Checkout code	2025-04-23T11:20:10.1596557Z [command]/usr/bin/git log -1 --format=%H
end-workflow	Checkout code	2025-04-23T11:20:10.1619640Z 742056540d16d83f4bf9b8945443e58d72536e3d
end-workflow	Finaliza el workflow	ï»¿2025-04-23T11:20:10.1790838Z ##[group]Run echo "End process"
end-workflow	Finaliza el workflow	2025-04-23T11:20:10.1791183Z [36;1mecho "End process"[0m
end-workflow	Finaliza el workflow	2025-04-23T11:20:10.1791654Z [36;1mRNNUMBER=$(echo "refs/heads/H215-modulo-de-summary" | grep -o '[0-9]*')[0m
end-workflow	Finaliza el workflow	2025-04-23T11:20:10.1792332Z [36;1mgh issue comment $RNNUMBER --body "Se finaliza Ka0s 14246719933"[0m
end-workflow	Finaliza el workflow	2025-04-23T11:20:10.1792964Z [36;1mgh workflow run inspector.yml --ref 'main' -f kaos-issue-id=$RNNUMBER -f kaos-workflow-id="14246719933" -f kaos-user-start=""[0m
end-workflow	Finaliza el workflow	2025-04-23T11:20:10.1800081Z shell: /usr/bin/bash -e {0}
end-workflow	Finaliza el workflow	2025-04-23T11:20:10.1800332Z env:
end-workflow	Finaliza el workflow	2025-04-23T11:20:10.1800533Z   KAOS_MODULE: [Ka0S] JSONLINT
end-workflow	Finaliza el workflow	2025-04-23T11:20:10.1800949Z   GH_TOKEN: ***
end-workflow	Finaliza el workflow	2025-04-23T11:20:10.1801166Z   KAOS_JSONLINT_CONFIG: core/config/.jsonlint.json
end-workflow	Finaliza el workflow	2025-04-23T11:20:10.1801507Z   KAOS_PATH_RESUME: core/outputs/j/
end-workflow	Finaliza el workflow	2025-04-23T11:20:10.1801799Z   KAOS_REPO: /actions-runner/_work/kaos/kaos
end-workflow	Finaliza el workflow	2025-04-23T11:20:10.1802265Z   KAOS_STEP_MODULE: 
end-workflow	Finaliza el workflow	2025-04-23T11:20:10.1802509Z   KAOS_CODE: 14246719933
end-workflow	Finaliza el workflow	2025-04-23T11:20:10.1802759Z   KAOS_REF_BRANCH: main
end-workflow	Finaliza el workflow	2025-04-23T11:20:10.1803041Z ##[endgroup]
end-workflow	Finaliza el workflow	2025-04-23T11:20:10.1840640Z End process
end-workflow	Finaliza el workflow	2025-04-23T11:20:11.1363274Z https://github.com/Ka0s-Klaus/ka0s/issues/215#issuecomment-2823955656
end-workflow	Post Checkout code	ï»¿2025-04-23T11:20:11.8200124Z Post job cleanup.
end-workflow	Post Checkout code	2025-04-23T11:20:11.8893818Z [command]/usr/bin/git version
end-workflow	Post Checkout code	2025-04-23T11:20:11.8931005Z git version 2.43.0
end-workflow	Post Checkout code	2025-04-23T11:20:11.8960991Z Copying '/home/kaos/.gitconfig' to '/actions-runner/_work/_temp/233f7da0-c809-4ecd-b724-41f3a3dd98ae/.gitconfig'
end-workflow	Post Checkout code	2025-04-23T11:20:11.8975220Z Temporarily overriding HOME='/actions-runner/_work/_temp/233f7da0-c809-4ecd-b724-41f3a3dd98ae' before making global git config changes
end-workflow	Post Checkout code	2025-04-23T11:20:11.8975943Z Adding repository directory to the temporary git global config as a safe directory
end-workflow	Post Checkout code	2025-04-23T11:20:11.8978937Z [command]/usr/bin/git config --global --add safe.directory /actions-runner/_work/ka0s/ka0s
end-workflow	Post Checkout code	2025-04-23T11:20:11.9014642Z [command]/usr/bin/git config --local --name-only --get-regexp core\.sshCommand
end-workflow	Post Checkout code	2025-04-23T11:20:11.9041698Z [command]/usr/bin/git submodule foreach --recursive sh -c "git config --local --name-only --get-regexp 'core\.sshCommand' && git config --local --unset-all 'core.sshCommand' || :"
end-workflow	Post Checkout code	2025-04-23T11:20:11.9266477Z [command]/usr/bin/git config --local --name-only --get-regexp http\.https\:\/\/github\.com\/\.extraheader
end-workflow	Post Checkout code	2025-04-23T11:20:11.9285818Z http.https://github.com/.extraheader
end-workflow	Post Checkout code	2025-04-23T11:20:11.9297238Z [command]/usr/bin/git config --local --unset-all http.https://github.com/.extraheader
end-workflow	Post Checkout code	2025-04-23T11:20:11.9330031Z [command]/usr/bin/git submodule foreach --recursive sh -c "git config --local --name-only --get-regexp 'http\.https\:\/\/github\.com\/\.extraheader' && git config --local --unset-all 'http.https://github.com/.extraheader' || :"
end-workflow	Complete job	ï»¿2025-04-23T11:20:11.9668394Z Cleaning up orphan processes
