job-stats	Set up job	﻿2025-04-23T10:58:31.9563229Z Current runner version: '2.323.0'
job-stats	Set up job	2025-04-23T10:58:31.9567203Z Runner name: 'ka0s-7'
job-stats	Set up job	2025-04-23T10:58:31.9567766Z Machine name: '26a53205c9ac'
job-stats	Set up job	2025-04-23T10:58:31.9569163Z ##[group]GITHUB_TOKEN Permissions
job-stats	Set up job	2025-04-23T10:58:31.9570562Z Contents: read
job-stats	Set up job	2025-04-23T10:58:31.9570862Z Metadata: read
job-stats	Set up job	2025-04-23T10:58:31.9571147Z Packages: read
job-stats	Set up job	2025-04-23T10:58:31.9571428Z ##[endgroup]
job-stats	Set up job	2025-04-23T10:58:31.9572720Z Secret source: Actions
job-stats	Set up job	2025-04-23T10:58:31.9573100Z Prepare workflow directory
job-stats	Set up job	2025-04-23T10:58:31.9995615Z Prepare all required actions
job-stats	Set up job	2025-04-23T10:58:32.0025210Z Getting action download info
job-stats	Set up job	2025-04-23T10:58:32.4266781Z Download action repository 'actions/checkout@v4' (SHA:11bd71901bbe5b1630ceea73d27597364c9af683)
job-stats	Set up job	2025-04-23T10:58:33.2159231Z Complete job name: job-stats
job-stats	Checkout repository	﻿2025-04-23T10:58:33.2479596Z ##[group]Run actions/checkout@v4
job-stats	Checkout repository	2025-04-23T10:58:33.2480191Z with:
job-stats	Checkout repository	2025-04-23T10:58:33.2480513Z   fetch-depth: 0
job-stats	Checkout repository	2025-04-23T10:58:33.2481019Z   token: ***
job-stats	Checkout repository	2025-04-23T10:58:33.2481334Z   repository: Ka0s-Klaus/ka0s
job-stats	Checkout repository	2025-04-23T10:58:33.2481732Z   ssh-strict: true
job-stats	Checkout repository	2025-04-23T10:58:33.2482100Z   ssh-user: git
job-stats	Checkout repository	2025-04-23T10:58:33.2482423Z   persist-credentials: true
job-stats	Checkout repository	2025-04-23T10:58:33.2482773Z   clean: true
job-stats	Checkout repository	2025-04-23T10:58:33.2483090Z   sparse-checkout-cone-mode: true
job-stats	Checkout repository	2025-04-23T10:58:33.2483470Z   fetch-tags: false
job-stats	Checkout repository	2025-04-23T10:58:33.2483801Z   show-progress: true
job-stats	Checkout repository	2025-04-23T10:58:33.2484124Z   lfs: false
job-stats	Checkout repository	2025-04-23T10:58:33.2484424Z   submodules: false
job-stats	Checkout repository	2025-04-23T10:58:33.2484772Z   set-safe-directory: true
job-stats	Checkout repository	2025-04-23T10:58:33.2485235Z env:
job-stats	Checkout repository	2025-04-23T10:58:33.2485521Z   KAOS_CODE: 14242153311
job-stats	Checkout repository	2025-04-23T10:58:33.2485876Z   KAOS_EVENT_NAME: workflow_dispatch
job-stats	Checkout repository	2025-04-23T10:58:33.2486268Z   KAOS_ACTION: 
job-stats	Checkout repository	2025-04-23T10:58:33.2486615Z   KAOS_REF: refs/heads/H215-modulo-de-summary
job-stats	Checkout repository	2025-04-23T10:58:33.2487087Z   KAOS_MODULE: [Ka0S] Workflow Statistics Summary
job-stats	Checkout repository	2025-04-23T10:58:33.2487552Z   KAOS_PATH_RESUME: core/outputs/w/
job-stats	Checkout repository	2025-04-23T10:58:33.2487954Z   KAOS_JSON: core/results/event_data_
job-stats	Checkout repository	2025-04-23T10:58:33.2488369Z   KAOS_ACTOR: ***
job-stats	Checkout repository	2025-04-23T10:58:33.2488686Z ##[endgroup]
job-stats	Checkout repository	2025-04-23T10:58:33.3199292Z Syncing repository: Ka0s-Klaus/ka0s
job-stats	Checkout repository	2025-04-23T10:58:33.3200607Z ##[group]Getting Git version info
job-stats	Checkout repository	2025-04-23T10:58:33.3201098Z Working directory is '/actions-runner/_work/ka0s/ka0s'
job-stats	Checkout repository	2025-04-23T10:58:33.3202064Z [command]/usr/bin/git version
job-stats	Checkout repository	2025-04-23T10:58:33.3202534Z git version 2.43.0
job-stats	Checkout repository	2025-04-23T10:58:33.3221423Z ##[endgroup]
job-stats	Checkout repository	2025-04-23T10:58:33.3230196Z Copying '/home/kaos/.gitconfig' to '/actions-runner/_work/_temp/0a4aa238-13aa-4e94-97a1-15b031f10b4b/.gitconfig'
job-stats	Checkout repository	2025-04-23T10:58:33.3241324Z Temporarily overriding HOME='/actions-runner/_work/_temp/0a4aa238-13aa-4e94-97a1-15b031f10b4b' before making global git config changes
job-stats	Checkout repository	2025-04-23T10:58:33.3242683Z Adding repository directory to the temporary git global config as a safe directory
job-stats	Checkout repository	2025-04-23T10:58:33.3243724Z [command]/usr/bin/git config --global --add safe.directory /actions-runner/_work/ka0s/ka0s
job-stats	Checkout repository	2025-04-23T10:58:33.3277926Z [command]/usr/bin/git config --local --get remote.origin.url
job-stats	Checkout repository	2025-04-23T10:58:33.3293140Z https://github.com/Ka0s-Klaus/ka0s
job-stats	Checkout repository	2025-04-23T10:58:33.3304473Z ##[group]Removing previously created refs, to avoid conflicts
job-stats	Checkout repository	2025-04-23T10:58:33.3307534Z [command]/usr/bin/git rev-parse --symbolic-full-name --verify --quiet HEAD
job-stats	Checkout repository	2025-04-23T10:58:33.3327824Z refs/heads/H215-modulo-de-summary
job-stats	Checkout repository	2025-04-23T10:58:33.3337697Z [command]/usr/bin/git checkout --detach
job-stats	Checkout repository	2025-04-23T10:58:33.3542750Z HEAD is now at d100bbff Update workflow resume files
job-stats	Checkout repository	2025-04-23T10:58:33.3580761Z [command]/usr/bin/git branch --delete --force H215-modulo-de-summary
job-stats	Checkout repository	2025-04-23T10:58:33.3615077Z Deleted branch H215-modulo-de-summary (was d100bbff).
job-stats	Checkout repository	2025-04-23T10:58:33.3660305Z ##[endgroup]
job-stats	Checkout repository	2025-04-23T10:58:33.3661076Z [command]/usr/bin/git submodule status
job-stats	Checkout repository	2025-04-23T10:58:33.3876880Z ##[group]Cleaning the repository
job-stats	Checkout repository	2025-04-23T10:58:33.3877831Z [command]/usr/bin/git clean -ffdx
job-stats	Checkout repository	2025-04-23T10:58:33.3923104Z [command]/usr/bin/git reset --hard HEAD
job-stats	Checkout repository	2025-04-23T10:58:33.4007784Z HEAD is now at d100bbff Update workflow resume files
job-stats	Checkout repository	2025-04-23T10:58:33.4010494Z ##[endgroup]
job-stats	Checkout repository	2025-04-23T10:58:33.4011613Z ##[group]Disabling automatic garbage collection
job-stats	Checkout repository	2025-04-23T10:58:33.4014401Z [command]/usr/bin/git config --local gc.auto 0
job-stats	Checkout repository	2025-04-23T10:58:33.4042673Z ##[endgroup]
job-stats	Checkout repository	2025-04-23T10:58:33.4043749Z ##[group]Setting up auth
job-stats	Checkout repository	2025-04-23T10:58:33.4050565Z [command]/usr/bin/git config --local --name-only --get-regexp core\.sshCommand
job-stats	Checkout repository	2025-04-23T10:58:33.4075342Z [command]/usr/bin/git submodule foreach --recursive sh -c "git config --local --name-only --get-regexp 'core\.sshCommand' && git config --local --unset-all 'core.sshCommand' || :"
job-stats	Checkout repository	2025-04-23T10:58:33.4297210Z [command]/usr/bin/git config --local --name-only --get-regexp http\.https\:\/\/github\.com\/\.extraheader
job-stats	Checkout repository	2025-04-23T10:58:33.4319339Z [command]/usr/bin/git submodule foreach --recursive sh -c "git config --local --name-only --get-regexp 'http\.https\:\/\/github\.com\/\.extraheader' && git config --local --unset-all 'http.https://github.com/.extraheader' || :"
job-stats	Checkout repository	2025-04-23T10:58:33.4551173Z [command]/usr/bin/git config --local http.https://github.com/.extraheader AUTHORIZATION: basic ***
job-stats	Checkout repository	2025-04-23T10:58:33.4593069Z ##[endgroup]
job-stats	Checkout repository	2025-04-23T10:58:33.4593876Z ##[group]Fetching the repository
job-stats	Checkout repository	2025-04-23T10:58:33.4600713Z [command]/usr/bin/git -c protocol.version=2 fetch --prune --no-recurse-submodules origin +refs/heads/*:refs/remotes/origin/* +refs/tags/*:refs/tags/*
job-stats	Checkout repository	2025-04-23T10:58:34.6406243Z From https://github.com/Ka0s-Klaus/ka0s
job-stats	Checkout repository	2025-04-23T10:58:34.6406801Z    fca3da00..be8bef88  H215-modulo-de-summary -> origin/H215-modulo-de-summary
job-stats	Checkout repository	2025-04-23T10:58:34.6407650Z    e49d439b..de60dc53  H44-creación-módulo-versionado -> origin/H44-creación-módulo-versionado
job-stats	Checkout repository	2025-04-23T10:58:34.6408942Z    24fbec71..5bc14fea  main                   -> origin/main
job-stats	Checkout repository	2025-04-23T10:58:34.6459245Z [command]/usr/bin/git branch --list --remote origin/H215-modulo-de-summary
job-stats	Checkout repository	2025-04-23T10:58:34.6488924Z   origin/H215-modulo-de-summary
job-stats	Checkout repository	2025-04-23T10:58:34.6497890Z [command]/usr/bin/git rev-parse refs/remotes/origin/H215-modulo-de-summary
job-stats	Checkout repository	2025-04-23T10:58:34.6518940Z be8bef882b98371a98b61b4341e9114465f4cc96
job-stats	Checkout repository	2025-04-23T10:58:34.6526627Z [command]/usr/bin/git -c protocol.version=2 fetch --no-tags --prune --no-recurse-submodules origin +3545d54feef1729e5a644448707db93f7c9ae34f:refs/remotes/origin/H215-modulo-de-summary
job-stats	Checkout repository	2025-04-23T10:58:34.6739021Z From https://github.com/Ka0s-Klaus/ka0s
job-stats	Checkout repository	2025-04-23T10:58:34.6739658Z  + be8bef88...3545d54f 3545d54feef1729e5a644448707db93f7c9ae34f -> origin/H215-modulo-de-summary  (forced update)
job-stats	Checkout repository	2025-04-23T10:58:34.6756754Z ##[endgroup]
job-stats	Checkout repository	2025-04-23T10:58:34.6757380Z ##[group]Determining the checkout info
job-stats	Checkout repository	2025-04-23T10:58:34.6758091Z ##[endgroup]
job-stats	Checkout repository	2025-04-23T10:58:34.6760519Z [command]/usr/bin/git sparse-checkout disable
job-stats	Checkout repository	2025-04-23T10:58:34.6847752Z [command]/usr/bin/git config --local --unset-all extensions.worktreeConfig
job-stats	Checkout repository	2025-04-23T10:58:34.6872351Z ##[group]Checking out the ref
job-stats	Checkout repository	2025-04-23T10:58:34.6877126Z [command]/usr/bin/git checkout --progress --force -B H215-modulo-de-summary refs/remotes/origin/H215-modulo-de-summary
job-stats	Checkout repository	2025-04-23T10:58:34.7432249Z Warning: you are leaving 1 commit behind, not connected to
job-stats	Checkout repository	2025-04-23T10:58:34.7432722Z any of your branches:
job-stats	Checkout repository	2025-04-23T10:58:34.7432868Z 
job-stats	Checkout repository	2025-04-23T10:58:34.7432993Z   d100bbff Update workflow resume files
job-stats	Checkout repository	2025-04-23T10:58:34.7433157Z 
job-stats	Checkout repository	2025-04-23T10:58:34.7433363Z If you want to keep it by creating a new branch, this may be a good time
job-stats	Checkout repository	2025-04-23T10:58:34.7433640Z to do so with:
job-stats	Checkout repository	2025-04-23T10:58:34.7433742Z 
job-stats	Checkout repository	2025-04-23T10:58:34.7433901Z  git branch <new-branch-name> d100bbff
job-stats	Checkout repository	2025-04-23T10:58:34.7434101Z 
job-stats	Checkout repository	2025-04-23T10:58:34.7438337Z Switched to a new branch 'H215-modulo-de-summary'
job-stats	Checkout repository	2025-04-23T10:58:34.7438849Z branch 'H215-modulo-de-summary' set up to track 'origin/H215-modulo-de-summary'.
job-stats	Checkout repository	2025-04-23T10:58:34.7450344Z ##[endgroup]
job-stats	Checkout repository	2025-04-23T10:58:34.7488179Z [command]/usr/bin/git log -1 --format=%H
job-stats	Checkout repository	2025-04-23T10:58:34.7509713Z 3545d54feef1729e5a644448707db93f7c9ae34f
job-stats	Generate workflow statistics	﻿2025-04-23T10:58:34.7646656Z ##[group]Run # Pull the latest changes
job-stats	Generate workflow statistics	2025-04-23T10:58:34.7647196Z [36;1m# Pull the latest changes[0m
job-stats	Generate workflow statistics	2025-04-23T10:58:34.7647624Z [36;1mgit config --global user.name "***"[0m
job-stats	Generate workflow statistics	2025-04-23T10:58:34.7647899Z [36;1mgit config --global user.email "***"[0m
job-stats	Generate workflow statistics	2025-04-23T10:58:34.7648123Z [36;1mgit pull[0m
job-stats	Generate workflow statistics	2025-04-23T10:58:34.7648298Z [36;1m[0m
job-stats	Generate workflow statistics	2025-04-23T10:58:34.7662477Z [36;1m# Get workflows and process their runs[0m
job-stats	Generate workflow statistics	2025-04-23T10:58:34.7662902Z [36;1mworkflows=$(jq -r '.[].id' core/outputs/w/kaos-workflows-available.json)[0m
job-stats	Generate workflow statistics	2025-04-23T10:58:34.7663256Z [36;1m[0m
job-stats	Generate workflow statistics	2025-04-23T10:58:34.7663482Z [36;1m# Generate workflow statistics[0m
job-stats	Generate workflow statistics	2025-04-23T10:58:34.7663766Z [36;1mfor work_id in $workflows; do[0m
job-stats	Generate workflow statistics	2025-04-23T10:58:34.7664174Z [36;1m    jq -r '[.[] | select(.workflow_id = $work_id and .run_started_at != null and .updated_at != null) | {[0m
job-stats	Generate workflow statistics	2025-04-23T10:58:34.7664533Z [36;1m      name,[0m
job-stats	Generate workflow statistics	2025-04-23T10:58:34.7664742Z [36;1m      event,[0m
job-stats	Generate workflow statistics	2025-04-23T10:58:34.7664961Z [36;1m      conclusion,[0m
job-stats	Generate workflow statistics	2025-04-23T10:58:34.7665309Z [36;1m      duration: (if (.run_started_at != null and .updated_at != null) then[0m
job-stats	Generate workflow statistics	2025-04-23T10:58:34.7665724Z [36;1m        ((.updated_at | fromdateiso8601) - (.run_started_at | fromdateiso8601))[0m
job-stats	Generate workflow statistics	2025-04-23T10:58:34.7666061Z [36;1m      else[0m
job-stats	Generate workflow statistics	2025-04-23T10:58:34.7666270Z [36;1m        0[0m
job-stats	Generate workflow statistics	2025-04-23T10:58:34.7666476Z [36;1m      end)[0m
job-stats	Generate workflow statistics	2025-04-23T10:58:34.7666700Z [36;1m    }] | reduce .[] as $run ({[0m
job-stats	Generate workflow statistics	2025-04-23T10:58:34.7666947Z [36;1m      "total_runs": 0,[0m
job-stats	Generate workflow statistics	2025-04-23T10:58:34.7667186Z [36;1m      "successful_runs": 0,[0m
job-stats	Generate workflow statistics	2025-04-23T10:58:34.7667433Z [36;1m      "failed_runs": 0,[0m
job-stats	Generate workflow statistics	2025-04-23T10:58:34.7667674Z [36;1m      "cancelled_runs": 0,[0m
job-stats	Generate workflow statistics	2025-04-23T10:58:34.7667917Z [36;1m      "total_duration": 0,[0m
job-stats	Generate workflow statistics	2025-04-23T10:58:34.7668162Z [36;1m      "success_duration": 0,[0m
job-stats	Generate workflow statistics	2025-04-23T10:58:34.7668416Z [36;1m      "failed_duration": 0,[0m
job-stats	Generate workflow statistics	2025-04-23T10:58:34.7668666Z [36;1m      "cancelled_duration": 0,[0m
job-stats	Generate workflow statistics	2025-04-23T10:58:34.7668917Z [36;1m      "workflow_stats": {},[0m
job-stats	Generate workflow statistics	2025-04-23T10:58:34.7669161Z [36;1m      "events": {}[0m
job-stats	Generate workflow statistics	2025-04-23T10:58:34.7669381Z [36;1m    };[0m
job-stats	Generate workflow statistics	2025-04-23T10:58:34.7669603Z [36;1m      .total_runs += 1[0m
job-stats	Generate workflow statistics	2025-04-23T10:58:34.7669876Z [36;1m      | .total_duration += $run.duration[0m
job-stats	Generate workflow statistics	2025-04-23T10:58:34.7670166Z [36;1m      | if $run.conclusion == "success" then[0m
job-stats	Generate workflow statistics	2025-04-23T10:58:34.7670437Z [36;1m          .successful_runs += 1[0m
job-stats	Generate workflow statistics	2025-04-23T10:58:34.7670740Z [36;1m          | .success_duration += $run.duration[0m
job-stats	Generate workflow statistics	2025-04-23T10:58:34.7671058Z [36;1m        elif $run.conclusion == "failure" then[0m
job-stats	Generate workflow statistics	2025-04-23T10:58:34.7671333Z [36;1m          .failed_runs += 1[0m
job-stats	Generate workflow statistics	2025-04-23T10:58:34.7671603Z [36;1m          | .failed_duration += $run.duration[0m
job-stats	Generate workflow statistics	2025-04-23T10:58:34.7671978Z [36;1m        elif $run.conclusion == "cancelled" then[0m
job-stats	Generate workflow statistics	2025-04-23T10:58:34.7672518Z [36;1m          .cancelled_runs += 1[0m
job-stats	Generate workflow statistics	2025-04-23T10:58:34.7672809Z [36;1m          | .cancelled_duration += $run.duration[0m
job-stats	Generate workflow statistics	2025-04-23T10:58:34.7673100Z [36;1m        else . end[0m
job-stats	Generate workflow statistics	2025-04-23T10:58:34.7673355Z [36;1m      | .workflow_stats[$run.name] += 1[0m
job-stats	Generate workflow statistics	2025-04-23T10:58:34.7673690Z [36;1m      | .events[$run.event] += 1[0m
job-stats	Generate workflow statistics	2025-04-23T10:58:34.7673931Z [36;1m    ) | {[0m
job-stats	Generate workflow statistics	2025-04-23T10:58:34.7674146Z [36;1m      "summary": {[0m
job-stats	Generate workflow statistics	2025-04-23T10:58:34.7674388Z [36;1m        "total_runs": .total_runs,[0m
job-stats	Generate workflow statistics	2025-04-23T10:58:34.7674670Z [36;1m        "successful_runs": .successful_runs,[0m
job-stats	Generate workflow statistics	2025-04-23T10:58:34.7674953Z [36;1m        "failed_runs": .failed_runs,[0m
job-stats	Generate workflow statistics	2025-04-23T10:58:34.7675239Z [36;1m        "cancelled_runs": .cancelled_runs,[0m
job-stats	Generate workflow statistics	2025-04-23T10:58:34.7675604Z [36;1m        "success_rate": (if .total_runs > 0 then (.successful_runs / .total_runs) * 100 | floor else 0 end),[0m
job-stats	Generate workflow statistics	2025-04-23T10:58:34.7676014Z [36;1m        "failure_rate": (if .total_runs > 0 then (.failed_runs / .total_runs) * 100 | floor else 0 end),[0m
job-stats	Generate workflow statistics	2025-04-23T10:58:34.7676405Z [36;1m        "average_duration": (if .total_runs > 0 then .total_duration / .total_runs else 0 end),[0m
job-stats	Generate workflow statistics	2025-04-23T10:58:34.7677106Z [36;1m        "average_success_duration": (if .successful_runs > 0 then .success_duration / .successful_runs else 0 end),[0m
job-stats	Generate workflow statistics	2025-04-23T10:58:34.7677543Z [36;1m        "average_failed_duration": (if .failed_runs > 0 then .failed_duration / .failed_runs else 0 end),[0m
job-stats	Generate workflow statistics	2025-04-23T10:58:34.7677980Z [36;1m        "average_cancelled_duration": (if .cancelled_runs > 0 then .cancelled_duration / .cancelled_runs else 0 end)[0m
job-stats	Generate workflow statistics	2025-04-23T10:58:34.7678309Z [36;1m      },[0m
job-stats	Generate workflow statistics	2025-04-23T10:58:34.7678510Z [36;1m      "workflow_distribution": .workflow_stats,[0m
job-stats	Generate workflow statistics	2025-04-23T10:58:34.7678753Z [36;1m      "event_distribution": .events[0m
job-stats	Generate workflow statistics	2025-04-23T10:58:34.7678966Z [36;1m    }[0m
job-stats	Generate workflow statistics	2025-04-23T10:58:34.7679179Z [36;1m    ' core/outputs/w/kaos-workflows-runs.json > \[0m
job-stats	Generate workflow statistics	2025-04-23T10:58:34.7679465Z [36;1m    core/outputs/w/kaos-$workflow_id-statistics.json[0m
job-stats	Generate workflow statistics	2025-04-23T10:58:34.7679712Z [36;1mdone[0m
job-stats	Generate workflow statistics	2025-04-23T10:58:34.7687239Z shell: /usr/bin/bash -e {0}
job-stats	Generate workflow statistics	2025-04-23T10:58:34.7687465Z env:
job-stats	Generate workflow statistics	2025-04-23T10:58:34.7687634Z   KAOS_CODE: 14242153311
job-stats	Generate workflow statistics	2025-04-23T10:58:34.7687835Z   KAOS_EVENT_NAME: workflow_dispatch
job-stats	Generate workflow statistics	2025-04-23T10:58:34.7688043Z   KAOS_ACTION: 
job-stats	Generate workflow statistics	2025-04-23T10:58:34.7688241Z   KAOS_REF: refs/heads/H215-modulo-de-summary
job-stats	Generate workflow statistics	2025-04-23T10:58:34.7688488Z   KAOS_MODULE: [Ka0S] Workflow Statistics Summary
job-stats	Generate workflow statistics	2025-04-23T10:58:34.7688728Z   KAOS_PATH_RESUME: core/outputs/w/
job-stats	Generate workflow statistics	2025-04-23T10:58:34.7688941Z   KAOS_JSON: core/results/event_data_
job-stats	Generate workflow statistics	2025-04-23T10:58:34.7689233Z   KAOS_ACTOR: ***
job-stats	Generate workflow statistics	2025-04-23T10:58:34.7689408Z ##[endgroup]
job-stats	Generate workflow statistics	2025-04-23T10:58:35.2473959Z From https://github.com/Ka0s-Klaus/ka0s
job-stats	Generate workflow statistics	2025-04-23T10:58:35.2474497Z    3545d54f..be8bef88  H215-modulo-de-summary -> origin/H215-modulo-de-summary
job-stats	Generate workflow statistics	2025-04-23T10:58:35.3601519Z Updating 3545d54f..be8bef88
job-stats	Generate workflow statistics	2025-04-23T10:58:35.3601791Z Fast-forward
job-stats	Generate workflow statistics	2025-04-23T10:58:35.4652901Z  .github/workflows/kaos.yml                         |   135 +-
job-stats	Generate workflow statistics	2025-04-23T10:58:35.4653510Z  .github/workflows/workflow-stats.yml               |    52 +-
job-stats	Generate workflow statistics	2025-04-23T10:58:35.4653973Z  CHANGELOG.md                                       |   395 +
job-stats	Generate workflow statistics	2025-04-23T10:58:35.4654249Z  INDEX.md                                           |     6 +
job-stats	Generate workflow statistics	2025-04-23T10:58:35.4654529Z  core/dashboard/README.md                           |    65 +
job-stats	Generate workflow statistics	2025-04-23T10:58:35.4654870Z  core/dashboard/dashboard/README.md                 |    70 +
job-stats	Generate workflow statistics	2025-04-23T10:58:35.4655303Z  core/dashboard/dashboard/sections/README.md        |    79 +
job-stats	Generate workflow statistics	2025-04-23T10:58:35.4656034Z  core/dashboard/images/README.md                    |    38 +
job-stats	Generate workflow statistics	2025-04-23T10:58:35.4656553Z  core/dashboard/js/README.md                        |    56 +
job-stats	Generate workflow statistics	2025-04-23T10:58:35.4657033Z  core/dashboard/templates/README.md                 |    68 +
job-stats	Generate workflow statistics	2025-04-23T10:58:35.4657503Z  core/outputs/i/14236206567.json                    |     1 +
job-stats	Generate workflow statistics	2025-04-23T10:58:35.4657963Z  core/outputs/i/14236206567.log                     |   182 +
job-stats	Generate workflow statistics	2025-04-23T10:58:35.4658409Z  core/outputs/i/14237931584.json                    |     1 +
job-stats	Generate workflow statistics	2025-04-23T10:58:35.4658883Z  core/outputs/i/14237931584.log                     |   167 +
job-stats	Generate workflow statistics	2025-04-23T10:58:35.4659310Z  core/outputs/i/14239389102.json                    |     1 +
job-stats	Generate workflow statistics	2025-04-23T10:58:35.4659730Z  core/outputs/i/14239389102.log                     |   166 +
job-stats	Generate workflow statistics	2025-04-23T10:58:35.4660137Z  core/outputs/i/14241961837.json                    |     1 +
job-stats	Generate workflow statistics	2025-04-23T10:58:35.4660514Z  core/outputs/i/14241961837.log                     |   469 +
job-stats	Generate workflow statistics	2025-04-23T10:58:35.4660892Z  core/outputs/i/14242153311.json                    |     1 +
job-stats	Generate workflow statistics	2025-04-23T10:58:35.4661270Z  core/outputs/i/14242153311.log                     |   676 +
job-stats	Generate workflow statistics	2025-04-23T10:58:35.4661691Z  core/outputs/i/14242287015.json                    |     1 +
job-stats	Generate workflow statistics	2025-04-23T10:58:35.4662130Z  core/outputs/i/14242287015.log                     |   615 +
job-stats	Generate workflow statistics	2025-04-23T10:58:35.4662557Z  core/outputs/i/14242316319.json                    |     1 +
job-stats	Generate workflow statistics	2025-04-23T10:58:35.4662936Z  core/outputs/i/14242316319.log                     |   469 +
job-stats	Generate workflow statistics	2025-04-23T10:58:35.4663835Z  core/outputs/i/14242350473.json                    |     1 +
job-stats	Generate workflow statistics	2025-04-23T10:58:35.4664270Z  core/outputs/i/14242350473.log                     |   736 +
job-stats	Generate workflow statistics	2025-04-23T10:58:35.4664652Z  core/outputs/i/14242434386.json                    |     1 +
job-stats	Generate workflow statistics	2025-04-23T10:58:35.4665030Z  core/outputs/i/14242434386.log                     |   615 +
job-stats	Generate workflow statistics	2025-04-23T10:58:35.4665420Z  core/outputs/i/14242525230.json                    |     1 +
job-stats	Generate workflow statistics	2025-04-23T10:58:35.4665804Z  core/outputs/i/14242525230.log                     |   469 +
job-stats	Generate workflow statistics	2025-04-23T10:58:35.4666186Z  core/outputs/i/14242633350.json                    |     1 +
job-stats	Generate workflow statistics	2025-04-23T10:58:35.4666567Z  core/outputs/i/14242633350.log                     |   741 +
job-stats	Generate workflow statistics	2025-04-23T10:58:35.4666948Z  core/outputs/i/14244432080.json                    |     1 +
job-stats	Generate workflow statistics	2025-04-23T10:58:35.4667647Z  core/outputs/i/14244432080.log                     |   742 +
job-stats	Generate workflow statistics	2025-04-23T10:58:35.4668033Z  core/outputs/i/14245054967.json                    |     1 +
job-stats	Generate workflow statistics	2025-04-23T10:58:35.4668429Z  core/outputs/i/14245054967.log                     |   637 +
job-stats	Generate workflow statistics	2025-04-23T10:58:35.4668823Z  core/outputs/i/14245096639.json                    |     1 +
job-stats	Generate workflow statistics	2025-04-23T10:58:35.4669208Z  core/outputs/i/14245096639.log                     |   479 +
job-stats	Generate workflow statistics	2025-04-23T10:58:35.4669594Z  core/outputs/i/14245154890.json                    |     1 +
job-stats	Generate workflow statistics	2025-04-23T10:58:35.4669978Z  core/outputs/i/14245154890.log                     |   737 +
job-stats	Generate workflow statistics	2025-04-23T10:58:35.4670365Z  core/outputs/i/14245371771.json                    |     1 +
job-stats	Generate workflow statistics	2025-04-23T10:58:35.4670746Z  core/outputs/i/14245371771.log                     |   930 +
job-stats	Generate workflow statistics	2025-04-23T10:58:35.4671134Z  core/outputs/i/14245378957.json                    |     1 +
job-stats	Generate workflow statistics	2025-04-23T10:58:35.4671521Z  core/outputs/i/14245378957.log                     |   127 +
job-stats	Generate workflow statistics	2025-04-23T10:58:35.4671910Z  core/outputs/i/14245379757.json                    |     1 +
job-stats	Generate workflow statistics	2025-04-23T10:58:35.4672364Z  core/outputs/i/14245379757.log                     |   466 +
job-stats	Generate workflow statistics	2025-04-23T10:58:35.4672799Z  core/outputs/i/14245380148.json                    |     1 +
job-stats	Generate workflow statistics	2025-04-23T10:58:35.4673203Z  core/outputs/i/14245380148.log                     |   469 +
job-stats	Generate workflow statistics	2025-04-23T10:58:35.4673589Z  core/outputs/i/14245380393.json                    |     1 +
job-stats	Generate workflow statistics	2025-04-23T10:58:35.4673993Z  core/outputs/i/14245380393.log                     |   470 +
job-stats	Generate workflow statistics	2025-04-23T10:58:35.4674416Z  core/outputs/i/14245380838.json                    |     1 +
job-stats	Generate workflow statistics	2025-04-23T10:58:35.4674813Z  core/outputs/i/14245380838.log                     |   463 +
job-stats	Generate workflow statistics	2025-04-23T10:58:35.4675193Z  core/outputs/i/14245381167.json                    |     1 +
job-stats	Generate workflow statistics	2025-04-23T10:58:35.4675582Z  core/outputs/i/14245381167.log                     |   467 +
job-stats	Generate workflow statistics	2025-04-23T10:58:35.4675969Z  core/outputs/i/14245466779.json                    |     1 +
job-stats	Generate workflow statistics	2025-04-23T10:58:35.4676357Z  core/outputs/i/14245466779.log                     |   663 +
job-stats	Generate workflow statistics	2025-04-23T10:58:35.4676744Z  core/outputs/i/14245537218.json                    |     1 +
job-stats	Generate workflow statistics	2025-04-23T10:58:35.4677130Z  core/outputs/i/14245537218.log                     |   485 +
job-stats	Generate workflow statistics	2025-04-23T10:58:35.4677529Z  core/outputs/i/14245537608.json                    |     1 +
job-stats	Generate workflow statistics	2025-04-23T10:58:35.4677909Z  core/outputs/i/14245537608.log                     |   460 +
job-stats	Generate workflow statistics	2025-04-23T10:58:35.4678295Z  core/outputs/i/14245538037.json                    |     1 +
job-stats	Generate workflow statistics	2025-04-23T10:58:35.4678688Z  core/outputs/i/14245538037.log                     |   460 +
job-stats	Generate workflow statistics	2025-04-23T10:58:35.4679082Z  core/outputs/i/14245538367.json                    |     1 +
job-stats	Generate workflow statistics	2025-04-23T10:58:35.4679470Z  core/outputs/i/14245538367.log                     |   458 +
job-stats	Generate workflow statistics	2025-04-23T10:58:35.4679856Z  core/outputs/i/14245538678.json                    |     1 +
job-stats	Generate workflow statistics	2025-04-23T10:58:35.4680238Z  core/outputs/i/14245538678.log                     |   459 +
job-stats	Generate workflow statistics	2025-04-23T10:58:35.4680629Z  core/outputs/i/14245539173.json                    |     1 +
job-stats	Generate workflow statistics	2025-04-23T10:58:35.4681017Z  core/outputs/i/14245539173.log                     |   464 +
job-stats	Generate workflow statistics	2025-04-23T10:58:35.4681432Z  core/outputs/i/14245660894.json                    |     1 +
job-stats	Generate workflow statistics	2025-04-23T10:58:35.4682345Z  core/outputs/i/14245660894.log                     |   606 +
job-stats	Generate workflow statistics	2025-04-23T10:58:35.4682746Z  core/outputs/i/14245823476.json                    |     1 +
job-stats	Generate workflow statistics	2025-04-23T10:58:35.4683172Z  core/outputs/i/14245823476.log                     |   470 +
job-stats	Generate workflow statistics	2025-04-23T10:58:35.4683557Z  core/outputs/i/14245876608.json                    |     1 +
job-stats	Generate workflow statistics	2025-04-23T10:58:35.4683954Z  core/outputs/i/14245876608.log                     |   742 +
job-stats	Generate workflow statistics	2025-04-23T10:58:35.4684347Z  core/outputs/i/14246046406.json                    |     1 +
job-stats	Generate workflow statistics	2025-04-23T10:58:35.4684744Z  core/outputs/i/14246046406.log                     |   449 +
job-stats	Generate workflow statistics	2025-04-23T10:58:35.4685143Z  core/outputs/i/14246165541.json                    |     1 +
job-stats	Generate workflow statistics	2025-04-23T10:58:35.4685545Z  core/outputs/i/14246165541.log                     |   651 +
job-stats	Generate workflow statistics	2025-04-23T10:58:35.4685940Z  core/outputs/i/14246266756.json                    |     1 +
job-stats	Generate workflow statistics	2025-04-23T10:58:35.4686323Z  core/outputs/i/14246266756.log                     |   469 +
job-stats	Generate workflow statistics	2025-04-23T10:58:35.4686728Z  core/outputs/i/14246319198.json                    |     1 +
job-stats	Generate workflow statistics	2025-04-23T10:58:35.4687139Z  core/outputs/i/14246319198.log                     |   739 +
job-stats	Generate workflow statistics	2025-04-23T10:58:35.4687535Z  core/outputs/i/14246693517.json                    |     1 +
job-stats	Generate workflow statistics	2025-04-23T10:58:35.4687930Z  core/outputs/i/14246693517.log                     |  1334 +
job-stats	Generate workflow statistics	2025-04-23T10:58:35.4688322Z  core/outputs/i/14246716074.json                    |     1 +
job-stats	Generate workflow statistics	2025-04-23T10:58:35.4688716Z  core/outputs/i/14246716074.log                     |   483 +
job-stats	Generate workflow statistics	2025-04-23T10:58:35.4689119Z  core/outputs/i/14246716681.json                    |     1 +
job-stats	Generate workflow statistics	2025-04-23T10:58:35.4689516Z  core/outputs/i/14246716681.log                     |   480 +
job-stats	Generate workflow statistics	2025-04-23T10:58:35.4689905Z  core/outputs/i/14246717190.json                    |     1 +
job-stats	Generate workflow statistics	2025-04-23T10:58:35.4690310Z  core/outputs/i/14246717190.log                     |   480 +
job-stats	Generate workflow statistics	2025-04-23T10:58:35.4690702Z  core/outputs/i/14246718044.json                    |     1 +
job-stats	Generate workflow statistics	2025-04-23T10:58:35.4691189Z  core/outputs/i/14246718044.log                     |   491 +
job-stats	Generate workflow statistics	2025-04-23T10:58:35.4691584Z  core/outputs/i/14246718526.json                    |     1 +
job-stats	Generate workflow statistics	2025-04-23T10:58:35.4692158Z  core/outputs/i/14246718526.log                     |   491 +
job-stats	Generate workflow statistics	2025-04-23T10:58:35.4692616Z  core/outputs/i/14246719060.json                    |     1 +
job-stats	Generate workflow statistics	2025-04-23T10:58:35.4693053Z  core/outputs/i/14246719060.log                     |   493 +
job-stats	Generate workflow statistics	2025-04-23T10:58:35.4693484Z  core/outputs/i/14246719688.json                    |     1 +
job-stats	Generate workflow statistics	2025-04-23T10:58:35.4693882Z  core/outputs/i/14246719688.log                     |   491 +
job-stats	Generate workflow statistics	2025-04-23T10:58:35.4694270Z  core/outputs/i/14246719933.json                    |     1 +
job-stats	Generate workflow statistics	2025-04-23T10:58:35.4694655Z  core/outputs/i/14246719933.log                     |   493 +
job-stats	Generate workflow statistics	2025-04-23T10:58:35.4695044Z  core/outputs/i/14246720888.json                    |     1 +
job-stats	Generate workflow statistics	2025-04-23T10:58:35.4695423Z  core/outputs/i/14246720888.log                     |   482 +
job-stats	Generate workflow statistics	2025-04-23T10:58:35.4695806Z  core/outputs/i/14246723482.json                    |     1 +
job-stats	Generate workflow statistics	2025-04-23T10:58:35.4696200Z  core/outputs/i/14246723482.log                     |   497 +
job-stats	Generate workflow statistics	2025-04-23T10:58:35.4696585Z  core/outputs/i/14246724471.json                    |     1 +
job-stats	Generate workflow statistics	2025-04-23T10:58:35.4696962Z  core/outputs/i/14246724471.log                     |   483 +
job-stats	Generate workflow statistics	2025-04-23T10:58:35.4697346Z  core/outputs/i/14246725084.json                    |     1 +
job-stats	Generate workflow statistics	2025-04-23T10:58:35.4697732Z  core/outputs/i/14246725084.log                     |   481 +
job-stats	Generate workflow statistics	2025-04-23T10:58:35.4698122Z  core/outputs/i/14246726479.json                    |     1 +
job-stats	Generate workflow statistics	2025-04-23T10:58:35.4698511Z  core/outputs/i/14246726479.log                     |   480 +
job-stats	Generate workflow statistics	2025-04-23T10:58:35.4698902Z  core/outputs/i/14246727153.json                    |     1 +
job-stats	Generate workflow statistics	2025-04-23T10:58:35.4699292Z  core/outputs/i/14246727153.log                     |   482 +
job-stats	Generate workflow statistics	2025-04-23T10:58:35.4699668Z  core/outputs/i/14246727492.json                    |     1 +
job-stats	Generate workflow statistics	2025-04-23T10:58:35.4700050Z  core/outputs/i/14246727492.log                     |   481 +
job-stats	Generate workflow statistics	2025-04-23T10:58:35.4700677Z  core/outputs/i/14246727956.json                    |     1 +
job-stats	Generate workflow statistics	2025-04-23T10:58:35.4701070Z  core/outputs/i/14246727956.log                     |   479 +
job-stats	Generate workflow statistics	2025-04-23T10:58:35.4701463Z  core/outputs/i/14246728405.json                    |     1 +
job-stats	Generate workflow statistics	2025-04-23T10:58:35.4701979Z  core/outputs/i/14246728405.log                     |   480 +
job-stats	Generate workflow statistics	2025-04-23T10:58:35.4702517Z  core/outputs/i/14246730501.json                    |     1 +
job-stats	Generate workflow statistics	2025-04-23T10:58:35.4702915Z  core/outputs/i/14246730501.log                     |   484 +
job-stats	Generate workflow statistics	2025-04-23T10:58:35.4704277Z  core/outputs/i/14246732885.json                    |     1 +
job-stats	Generate workflow statistics	2025-04-23T10:58:35.4704605Z  core/outputs/i/14246732885.log                     |   496 +
job-stats	Generate workflow statistics	2025-04-23T10:58:35.4704876Z  core/outputs/i/14246882760.json                    |     1 +
job-stats	Generate workflow statistics	2025-04-23T10:58:35.4705141Z  core/outputs/i/14246882760.log                     |   653 +
job-stats	Generate workflow statistics	2025-04-23T10:58:35.4705412Z  core/outputs/i/14246944040.json                    |     1 +
job-stats	Generate workflow statistics	2025-04-23T10:58:35.4705670Z  core/outputs/i/14246944040.log                     |   643 +
job-stats	Generate workflow statistics	2025-04-23T10:58:35.4705960Z  core/outputs/i/14246992463.json                    |     1 +
job-stats	Generate workflow statistics	2025-04-23T10:58:35.4706251Z  core/outputs/i/14246992463.log                     |   476 +
job-stats	Generate workflow statistics	2025-04-23T10:58:35.4706509Z  core/outputs/i/14247060107.json                    |     1 +
job-stats	Generate workflow statistics	2025-04-23T10:58:35.4706772Z  core/outputs/i/14247060107.log                     |   652 +
job-stats	Generate workflow statistics	2025-04-23T10:58:35.4707036Z  core/outputs/i/14247172425.json                    |     1 +
job-stats	Generate workflow statistics	2025-04-23T10:58:35.4707297Z  core/outputs/i/14247172425.log                     |   697 +
job-stats	Generate workflow statistics	2025-04-23T10:58:35.4707565Z  core/outputs/i/14247202829.json                    |     1 +
job-stats	Generate workflow statistics	2025-04-23T10:58:35.4707826Z  core/outputs/i/14247202829.log                     |   479 +
job-stats	Generate workflow statistics	2025-04-23T10:58:35.4708085Z  core/outputs/i/14247203066.json                    |     1 +
job-stats	Generate workflow statistics	2025-04-23T10:58:35.4708342Z  core/outputs/i/14247203066.log                     |   449 +
job-stats	Generate workflow statistics	2025-04-23T10:58:35.4708609Z  core/outputs/i/14255936363.json                    |     1 +
job-stats	Generate workflow statistics	2025-04-23T10:58:35.4708883Z  core/outputs/i/14255936363.log                     |   733 +
job-stats	Generate workflow statistics	2025-04-23T10:58:35.4709145Z  core/outputs/i/14259225922.json                    |     1 +
job-stats	Generate workflow statistics	2025-04-23T10:58:35.4709588Z  core/outputs/i/14259225922.log                     |  2061 +
job-stats	Generate workflow statistics	2025-04-23T10:58:35.4709913Z  core/outputs/i/14260162154.json                    |     1 +
job-stats	Generate workflow statistics	2025-04-23T10:58:35.4710225Z  core/outputs/i/14260162154.log                     |   447 +
job-stats	Generate workflow statistics	2025-04-23T10:58:35.4710615Z  core/outputs/i/14260162390.json                    |     1 +
job-stats	Generate workflow statistics	2025-04-23T10:58:35.4710935Z  core/outputs/i/14260162390.log                     |   449 +
job-stats	Generate workflow statistics	2025-04-23T10:58:35.4711262Z  core/outputs/i/14260162755.json                    |     1 +
job-stats	Generate workflow statistics	2025-04-23T10:58:35.4711702Z  core/outputs/i/14260162755.log                     |   130 +
job-stats	Generate workflow statistics	2025-04-23T10:58:35.4712100Z  core/outputs/i/14260162932.json                    |     1 +
job-stats	Generate workflow statistics	2025-04-23T10:58:35.4712453Z  core/outputs/i/14260162932.log                     |   452 +
job-stats	Generate workflow statistics	2025-04-23T10:58:35.4712841Z  core/outputs/i/14260163333.json                    |     1 +
job-stats	Generate workflow statistics	2025-04-23T10:58:35.4713192Z  core/outputs/i/14260163333.log                     |   462 +
job-stats	Generate workflow statistics	2025-04-23T10:58:35.4713541Z  core/outputs/i/14260163589.json                    |     1 +
job-stats	Generate workflow statistics	2025-04-23T10:58:35.4713868Z  core/outputs/i/14260163589.log                     |   463 +
job-stats	Generate workflow statistics	2025-04-23T10:58:35.4714164Z  core/outputs/i/14260163895.json                    |     1 +
job-stats	Generate workflow statistics	2025-04-23T10:58:35.4714533Z  core/outputs/i/14260163895.log                     |   453 +
job-stats	Generate workflow statistics	2025-04-23T10:58:35.4714859Z  core/outputs/i/14260164233.json                    |     1 +
job-stats	Generate workflow statistics	2025-04-23T10:58:35.4728181Z  core/outputs/i/14260164233.log                     |   475 +
job-stats	Generate workflow statistics	2025-04-23T10:58:35.4728684Z  core/outputs/i/14260164434.json                    |     1 +
job-stats	Generate workflow statistics	2025-04-23T10:58:35.4728984Z  core/outputs/i/14260164434.log                     |   448 +
job-stats	Generate workflow statistics	2025-04-23T10:58:35.4729270Z  core/outputs/i/14260433590.json                    |     1 +
job-stats	Generate workflow statistics	2025-04-23T10:58:35.4729907Z  core/outputs/i/14260433590.log                     |   738 +
job-stats	Generate workflow statistics	2025-04-23T10:58:35.4730168Z  core/outputs/i/14260967021.json                    |     1 +
job-stats	Generate workflow statistics	2025-04-23T10:58:35.4730429Z  core/outputs/i/14260967021.log                     |   719 +
job-stats	Generate workflow statistics	2025-04-23T10:58:35.4730685Z  core/outputs/i/14261137732.json                    |     1 +
job-stats	Generate workflow statistics	2025-04-23T10:58:35.4730938Z  core/outputs/i/14261137732.log                     |   655 +
job-stats	Generate workflow statistics	2025-04-23T10:58:35.4731192Z  core/outputs/i/14261197622.json                    |     1 +
job-stats	Generate workflow statistics	2025-04-23T10:58:35.4731447Z  core/outputs/i/14261197622.log                     |   885 +
job-stats	Generate workflow statistics	2025-04-23T10:58:35.4731706Z  core/outputs/i/14261280385.json                    |     1 +
job-stats	Generate workflow statistics	2025-04-23T10:58:35.4731960Z  core/outputs/i/14261280385.log                     |   767 +
job-stats	Generate workflow statistics	2025-04-23T10:58:35.4732384Z  core/outputs/i/14261390947.json                    |     1 +
job-stats	Generate workflow statistics	2025-04-23T10:58:35.4732691Z  core/outputs/i/14261390947.log                     |   790 +
job-stats	Generate workflow statistics	2025-04-23T10:58:35.4732940Z  core/outputs/i/14261745584.json                    |     1 +
job-stats	Generate workflow statistics	2025-04-23T10:58:35.4733208Z  core/outputs/i/14261745584.log                     |   770 +
job-stats	Generate workflow statistics	2025-04-23T10:58:35.4733467Z  core/outputs/i/14261815193.json                    |     1 +
job-stats	Generate workflow statistics	2025-04-23T10:58:35.4733722Z  core/outputs/i/14261815193.log                     |   693 +
job-stats	Generate workflow statistics	2025-04-23T10:58:35.4733983Z  core/outputs/i/14261858625.json                    |     1 +
job-stats	Generate workflow statistics	2025-04-23T10:58:35.4734242Z  core/outputs/i/14261858625.log                     |   769 +
job-stats	Generate workflow statistics	2025-04-23T10:58:35.4734501Z  core/outputs/i/14262171806.json                    |     1 +
job-stats	Generate workflow statistics	2025-04-23T10:58:35.4734757Z  core/outputs/i/14262171806.log                     |   340 +
job-stats	Generate workflow statistics	2025-04-23T10:58:35.4735017Z  core/outputs/i/14262334926.json                    |     1 +
job-stats	Generate workflow statistics	2025-04-23T10:58:35.4735279Z  core/outputs/i/14262334926.log                     |   491 +
job-stats	Generate workflow statistics	2025-04-23T10:58:35.4735559Z  core/outputs/i/14262413488.json                    |     1 +
job-stats	Generate workflow statistics	2025-04-23T10:58:35.4735852Z  core/outputs/i/14262413488.log                     |   779 +
job-stats	Generate workflow statistics	2025-04-23T10:58:35.4736146Z  core/outputs/w/kaos-142022472-statistics.json      |   106 +-
job-stats	Generate workflow statistics	2025-04-23T10:58:35.4736445Z  core/outputs/w/kaos-142065355-statistics.json      |   102 +-
job-stats	Generate workflow statistics	2025-04-23T10:58:35.4736723Z  core/outputs/w/kaos-142215142-statistics.json      |   102 +-
job-stats	Generate workflow statistics	2025-04-23T10:58:35.4737005Z  core/outputs/w/kaos-143170239-statistics.json      |   102 +-
job-stats	Generate workflow statistics	2025-04-23T10:58:35.4737282Z  core/outputs/w/kaos-143179877-statistics.json      |   104 +-
job-stats	Generate workflow statistics	2025-04-23T10:58:35.4737561Z  core/outputs/w/kaos-143880144-statistics.json      |   101 +-
job-stats	Generate workflow statistics	2025-04-23T10:58:35.4737841Z  core/outputs/w/kaos-143918826-statistics.json      |   104 +-
job-stats	Generate workflow statistics	2025-04-23T10:58:35.4738124Z  core/outputs/w/kaos-147346817-statistics.json      |   106 +-
job-stats	Generate workflow statistics	2025-04-23T10:58:35.4738403Z  core/outputs/w/kaos-151629566-statistics.json      |    54 +-
job-stats	Generate workflow statistics	2025-04-23T10:58:35.4738682Z  core/outputs/w/kaos-152110813-statistics.json      |   102 +-
job-stats	Generate workflow statistics	2025-04-23T10:58:35.4738958Z  core/outputs/w/kaos-152390405-statistics.json      |   106 +-
job-stats	Generate workflow statistics	2025-04-23T10:58:35.4739242Z  core/outputs/w/kaos-153100219-statistics.json      |   103 +-
job-stats	Generate workflow statistics	2025-04-23T10:58:35.4739517Z  core/outputs/w/kaos-153261529-statistics.json      |   103 +-
job-stats	Generate workflow statistics	2025-04-23T10:58:35.4739801Z  core/outputs/w/kaos-issue.json                     |  8505 +++
job-stats	Generate workflow statistics	2025-04-23T10:58:35.4740099Z  .../w/kaos-repository-author-statistics.json       |     1 +
job-stats	Generate workflow statistics	2025-04-23T10:58:35.4740382Z  .../w/kaos-repository-global-statistics.json       |     8 +
job-stats	Generate workflow statistics	2025-04-23T10:58:35.4740675Z  core/outputs/w/kaos-repository-statistics.json     |     6 +-
job-stats	Generate workflow statistics	2025-04-23T10:58:35.4740970Z  core/outputs/w/kaos-workflow-statistics.json       |    97 -
job-stats	Generate workflow statistics	2025-04-23T10:58:35.4741256Z  core/outputs/w/kaos-workflows-runs.json            |  5085 +-
job-stats	Generate workflow statistics	2025-04-23T10:58:35.4741641Z  core/outputs/w/workflow-statistics.json            |    76 +-
job-stats	Generate workflow statistics	2025-04-23T10:58:35.4741945Z  .../outputs/w/workflows-available-14242153311.json |    80 +
job-stats	Generate workflow statistics	2025-04-23T10:58:35.4742275Z  .../outputs/w/workflows-available-14242350473.json |    80 +
job-stats	Generate workflow statistics	2025-04-23T10:58:35.4742697Z  .../outputs/w/workflows-available-14242633350.json |    80 +
job-stats	Generate workflow statistics	2025-04-23T10:58:35.4742992Z  .../outputs/w/workflows-available-14244432080.json |    80 +
job-stats	Generate workflow statistics	2025-04-23T10:58:35.4743310Z  .../outputs/w/workflows-available-14245154890.json |    80 +
job-stats	Generate workflow statistics	2025-04-23T10:58:35.4743588Z  .../outputs/w/workflows-available-14245876608.json |    80 +
job-stats	Generate workflow statistics	2025-04-23T10:58:35.4743865Z  .../outputs/w/workflows-available-14246319198.json |    80 +
job-stats	Generate workflow statistics	2025-04-23T10:58:35.4744139Z  .../outputs/w/workflows-available-14255936363.json |    80 +
job-stats	Generate workflow statistics	2025-04-23T10:58:35.4744412Z  .../outputs/w/workflows-available-14260433590.json |    80 +
job-stats	Generate workflow statistics	2025-04-23T10:58:35.4744687Z  .../outputs/w/workflows-available-14261280385.json |    80 +
job-stats	Generate workflow statistics	2025-04-23T10:58:35.4744964Z  .../outputs/w/workflows-available-14261390947.json |    80 +
job-stats	Generate workflow statistics	2025-04-23T10:58:35.4745243Z  .../outputs/w/workflows-available-14261624488.json |     0
job-stats	Generate workflow statistics	2025-04-23T10:58:35.4745521Z  .../outputs/w/workflows-available-14261706855.json |     0
job-stats	Generate workflow statistics	2025-04-23T10:58:35.4745807Z  .../outputs/w/workflows-available-14261745584.json |    80 +
job-stats	Generate workflow statistics	2025-04-23T10:58:35.4746087Z  .../outputs/w/workflows-available-14261858625.json |    80 +
job-stats	Generate workflow statistics	2025-04-23T10:58:35.4746362Z  .../outputs/w/workflows-available-14262171806.json |    80 +
job-stats	Generate workflow statistics	2025-04-23T10:58:35.4746643Z  .../outputs/w/workflows-available-14262413488.json |    80 +
job-stats	Generate workflow statistics	2025-04-23T10:58:35.4746966Z  core/outputs/w/workflows-runs-14242153311.json     | 65267 +++++++++++++++++
job-stats	Generate workflow statistics	2025-04-23T10:58:35.4747324Z  core/outputs/w/workflows-runs-14242350473.json     | 65492 +++++++++++++++++
job-stats	Generate workflow statistics	2025-04-23T10:58:35.4747677Z  core/outputs/w/workflows-runs-14242633350.json     | 65732 +++++++++++++++++
job-stats	Generate workflow statistics	2025-04-23T10:58:35.4748019Z  core/outputs/w/workflows-runs-14244432080.json     | 65837 +++++++++++++++++
job-stats	Generate workflow statistics	2025-04-23T10:58:35.4748363Z  core/outputs/w/workflows-runs-14245154890.json     | 56372 +++++++++++++++
job-stats	Generate workflow statistics	2025-04-23T10:58:35.4748700Z  core/outputs/w/workflows-runs-14245876608.json     | 53657 ++++++++++++++
job-stats	Generate workflow statistics	2025-04-23T10:58:35.4749047Z  core/outputs/w/workflows-runs-14246319198.json     | 67352 ++++++++++++++++++
job-stats	Generate workflow statistics	2025-04-23T10:58:35.4749406Z  core/outputs/w/workflows-runs-14255936363.json     | 69077 ++++++++++++++++++
job-stats	Generate workflow statistics	2025-04-23T10:58:35.4749754Z  core/outputs/w/workflows-runs-14260433590.json     | 69482 ++++++++++++++++++
job-stats	Generate workflow statistics	2025-04-23T10:58:35.4750096Z  core/outputs/w/workflows-runs-14261280385.json     | 69812 ++++++++++++++++++
job-stats	Generate workflow statistics	2025-04-23T10:58:35.4750439Z  core/outputs/w/workflows-runs-14261390947.json     | 68642 ++++++++++++++++++
job-stats	Generate workflow statistics	2025-04-23T10:58:35.4750759Z  core/outputs/w/workflows-runs-14261624488.json     |     1 +
job-stats	Generate workflow statistics	2025-04-23T10:58:35.4751048Z  core/outputs/w/workflows-runs-14261706855.json     |     1 +
job-stats	Generate workflow statistics	2025-04-23T10:58:35.4751369Z  core/outputs/w/workflows-runs-14261745584.json     | 70082 ++++++++++++++++++
job-stats	Generate workflow statistics	2025-04-23T10:58:35.4751846Z  core/outputs/w/workflows-runs-14261858625.json     | 70217 ++++++++++++++++++
job-stats	Generate workflow statistics	2025-04-23T10:58:35.4752243Z  core/outputs/w/workflows-runs-14262171806.json     | 70307 ++++++++++++++++++
job-stats	Generate workflow statistics	2025-04-23T10:58:35.4752635Z  core/outputs/w/workflows-runs-14262413488.json     | 70427 +++++++++++++++++++
job-stats	Generate workflow statistics	2025-04-23T10:58:35.4752974Z  core/results/event_data13289534408.json            |     7 -
job-stats	Generate workflow statistics	2025-04-23T10:58:35.4753269Z  core/results/event_data13303889710.json            |     7 -
job-stats	Generate workflow statistics	2025-04-23T10:58:35.4753553Z  core/results/event_data13303934871.json            |     7 -
job-stats	Generate workflow statistics	2025-04-23T10:58:35.4753827Z  core/results/event_data13304045015.json            |     7 -
job-stats	Generate workflow statistics	2025-04-23T10:58:35.4754099Z  core/results/event_data13304467970.json            |     7 -
job-stats	Generate workflow statistics	2025-04-23T10:58:35.4754369Z  core/results/event_data13305115419.json            |     7 -
job-stats	Generate workflow statistics	2025-04-23T10:58:35.4754636Z  core/results/event_data13305340449.json            |     7 -
job-stats	Generate workflow statistics	2025-04-23T10:58:35.4754900Z  core/results/event_data13306060214.json            |     7 -
job-stats	Generate workflow statistics	2025-04-23T10:58:35.4755162Z  core/results/event_data13306172134.json            |     7 -
job-stats	Generate workflow statistics	2025-04-23T10:58:35.4755425Z  core/results/event_data13306304013.json            |     7 -
job-stats	Generate workflow statistics	2025-04-23T10:58:35.4755763Z  core/results/event_data13306910230.json            |     7 -
job-stats	Generate workflow statistics	2025-04-23T10:58:35.4756089Z  core/results/event_data13307262365.json            |     7 -
job-stats	Generate workflow statistics	2025-04-23T10:58:35.4756358Z  core/results/event_data13307290379.json            |     7 -
job-stats	Generate workflow statistics	2025-04-23T10:58:35.4756629Z  core/results/event_data13308029762.json            |     7 -
job-stats	Generate workflow statistics	2025-04-23T10:58:35.4756898Z  core/results/event_data13308075265.json            |     7 -
job-stats	Generate workflow statistics	2025-04-23T10:58:35.4757163Z  core/results/event_data13308192652.json            |     7 -
job-stats	Generate workflow statistics	2025-04-23T10:58:35.4757435Z  core/results/event_data13308464786.json            |     7 -
job-stats	Generate workflow statistics	2025-04-23T10:58:35.4757701Z  core/results/event_data13308524743.json            |     7 -
job-stats	Generate workflow statistics	2025-04-23T10:58:35.4757971Z  core/results/event_data13308892676.json            |     7 -
job-stats	Generate workflow statistics	2025-04-23T10:58:35.4758242Z  core/results/event_data13309462936.json            |     7 -
job-stats	Generate workflow statistics	2025-04-23T10:58:35.4758513Z  core/results/event_data13325494223.json            |     7 -
job-stats	Generate workflow statistics	2025-04-23T10:58:35.4758781Z  core/results/event_data13326392930.json            |     7 -
job-stats	Generate workflow statistics	2025-04-23T10:58:35.4759052Z  core/results/event_data13327121635.json            |     7 -
job-stats	Generate workflow statistics	2025-04-23T10:58:35.4759322Z  core/results/event_data13327237604.json            |     7 -
job-stats	Generate workflow statistics	2025-04-23T10:58:35.4759588Z  core/results/event_data13327333671.json            |     7 -
job-stats	Generate workflow statistics	2025-04-23T10:58:35.4759858Z  core/results/event_data13327785895.json            |     7 -
job-stats	Generate workflow statistics	2025-04-23T10:58:35.4760127Z  core/results/event_data13328509251.json            |     7 -
job-stats	Generate workflow statistics	2025-04-23T10:58:35.4760396Z  core/results/event_data13328748888.json            |     7 -
job-stats	Generate workflow statistics	2025-04-23T10:58:35.4760664Z  core/results/event_data13329014333.json            |     7 -
job-stats	Generate workflow statistics	2025-04-23T10:58:35.4760929Z  core/results/event_data13329129995.json            |     7 -
job-stats	Generate workflow statistics	2025-04-23T10:58:35.4761198Z  core/results/event_data13329266333.json            |     7 -
job-stats	Generate workflow statistics	2025-04-23T10:58:35.4761472Z  core/results/event_data13366676530.json            |     7 -
job-stats	Generate workflow statistics	2025-04-23T10:58:35.4761738Z  core/results/event_data13368155583.json            |     7 -
job-stats	Generate workflow statistics	2025-04-23T10:58:35.4762180Z  core/results/event_data13368215415.json            |     7 -
job-stats	Generate workflow statistics	2025-04-23T10:58:35.4762457Z  core/results/event_data13368280261.json            |     7 -
job-stats	Generate workflow statistics	2025-04-23T10:58:35.4762740Z  core/results/event_data13386246633.json            |     7 -
job-stats	Generate workflow statistics	2025-04-23T10:58:35.4763012Z  core/results/event_data13388416725.json            |     7 -
job-stats	Generate workflow statistics	2025-04-23T10:58:35.4763287Z  core/results/event_data13392267752.json            |     7 -
job-stats	Generate workflow statistics	2025-04-23T10:58:35.4763630Z  core/results/event_data13433258032.json            |     7 -
job-stats	Generate workflow statistics	2025-04-23T10:58:35.4763895Z  core/results/event_data13433492949.json            |     7 -
job-stats	Generate workflow statistics	2025-04-23T10:58:35.4764160Z  core/results/event_data13433633988.json            |     7 -
job-stats	Generate workflow statistics	2025-04-23T10:58:35.4764421Z  core/results/event_data13433787431.json            |     7 -
job-stats	Generate workflow statistics	2025-04-23T10:58:35.4764680Z  core/results/event_data13433967934.json            |     7 -
job-stats	Generate workflow statistics	2025-04-23T10:58:35.4764944Z  core/results/event_data13434228606.json            |     7 -
job-stats	Generate workflow statistics	2025-04-23T10:58:35.4765216Z  core/results/event_data13434407311.json            |     7 -
job-stats	Generate workflow statistics	2025-04-23T10:58:35.4765474Z  core/results/event_data13434602110.json            |     7 -
job-stats	Generate workflow statistics	2025-04-23T10:58:35.4765733Z  core/results/event_data13434884043.json            |     7 -
job-stats	Generate workflow statistics	2025-04-23T10:58:35.4765994Z  core/results/event_data13434978030.json            |     7 -
job-stats	Generate workflow statistics	2025-04-23T10:58:35.4766254Z  core/results/event_data13435192474.json            |     7 -
job-stats	Generate workflow statistics	2025-04-23T10:58:35.4766512Z  core/results/event_data13435250978.json            |     7 -
job-stats	Generate workflow statistics	2025-04-23T10:58:35.4766779Z  core/results/event_data13452754152.json            |     7 -
job-stats	Generate workflow statistics	2025-04-23T10:58:35.4767040Z  core/results/event_data13452806078.json            |     7 -
job-stats	Generate workflow statistics	2025-04-23T10:58:35.4767299Z  core/results/event_data13452838619.json            |     7 -
job-stats	Generate workflow statistics	2025-04-23T10:58:35.4767563Z  core/results/event_data13453677014.json            |     7 -
job-stats	Generate workflow statistics	2025-04-23T10:58:35.4767823Z  core/results/event_data13453841921.json            |     7 -
job-stats	Generate workflow statistics	2025-04-23T10:58:35.4768180Z  core/results/event_data13454270473.json            |     7 -
job-stats	Generate workflow statistics	2025-04-23T10:58:35.4768502Z  core/results/event_data13454310995.json            |     7 -
job-stats	Generate workflow statistics	2025-04-23T10:58:35.4768771Z  core/results/event_data13454342482.json            |     7 -
job-stats	Generate workflow statistics	2025-04-23T10:58:35.4769040Z  core/results/event_data13454382622.json            |     7 -
job-stats	Generate workflow statistics	2025-04-23T10:58:35.4769309Z  core/results/event_data13454536579.json            |     7 -
job-stats	Generate workflow statistics	2025-04-23T10:58:35.4769581Z  core/results/event_data13454551339.json            |     7 -
job-stats	Generate workflow statistics	2025-04-23T10:58:35.4769849Z  core/results/event_data13454697875.json            |     7 -
job-stats	Generate workflow statistics	2025-04-23T10:58:35.4770112Z  core/results/event_data13454864212.json            |     7 -
job-stats	Generate workflow statistics	2025-04-23T10:58:35.4770387Z  core/results/event_data13454923957.json            |     7 -
job-stats	Generate workflow statistics	2025-04-23T10:58:35.4770656Z  core/results/event_data13455355756.json            |     7 -
job-stats	Generate workflow statistics	2025-04-23T10:58:35.4770923Z  core/results/event_data13455392656.json            |     7 -
job-stats	Generate workflow statistics	2025-04-23T10:58:35.4771199Z  core/results/event_data13455440053.json            |     7 -
job-stats	Generate workflow statistics	2025-04-23T10:58:35.4771477Z  core/results/event_data13455546011.json            |     7 -
job-stats	Generate workflow statistics	2025-04-23T10:58:35.4771744Z  core/results/event_data13455579448.json            |     7 -
job-stats	Generate workflow statistics	2025-04-23T10:58:35.4772060Z  core/results/event_data13455728864.json            |     7 -
job-stats	Generate workflow statistics	2025-04-23T10:58:35.4772346Z  core/results/event_data13456025713.json            |     7 -
job-stats	Generate workflow statistics	2025-04-23T10:58:35.4772625Z  core/results/event_data13456196057.json            |     7 -
job-stats	Generate workflow statistics	2025-04-23T10:58:35.4772905Z  core/results/event_data13456399931.json            |     7 -
job-stats	Generate workflow statistics	2025-04-23T10:58:35.4773182Z  core/results/event_data13456433943.json            |     7 -
job-stats	Generate workflow statistics	2025-04-23T10:58:35.4773461Z  core/results/event_data13456492274.json            |     7 -
job-stats	Generate workflow statistics	2025-04-23T10:58:35.4773750Z  core/results/event_data13456645803.json            |     7 -
job-stats	Generate workflow statistics	2025-04-23T10:58:35.4774016Z  core/results/event_data13456660928.json            |     7 -
job-stats	Generate workflow statistics	2025-04-23T10:58:35.4774280Z  core/results/event_data13456774195.json            |     7 -
job-stats	Generate workflow statistics	2025-04-23T10:58:35.4774553Z  core/results/event_data13501055093.json            |     7 -
job-stats	Generate workflow statistics	2025-04-23T10:58:35.4774815Z  core/results/event_data13501071737.json            |     7 -
job-stats	Generate workflow statistics	2025-04-23T10:58:35.4775083Z  core/results/event_data13501223519.json            |     7 -
job-stats	Generate workflow statistics	2025-04-23T10:58:35.4775348Z  core/results/event_data13501448651.json            |     7 -
job-stats	Generate workflow statistics	2025-04-23T10:58:35.4775607Z  core/results/event_data13501644167.json            |     7 -
job-stats	Generate workflow statistics	2025-04-23T10:58:35.4775874Z  core/results/event_data13501702808.json            |     7 -
job-stats	Generate workflow statistics	2025-04-23T10:58:35.4776142Z  core/results/event_data13501797056.json            |     7 -
job-stats	Generate workflow statistics	2025-04-23T10:58:35.4776407Z  core/results/event_data13501903405.json            |     7 -
job-stats	Generate workflow statistics	2025-04-23T10:58:35.4776674Z  core/results/event_data13502217285.json            |     7 -
job-stats	Generate workflow statistics	2025-04-23T10:58:35.4776939Z  core/results/event_data13517725517.json            |     7 -
job-stats	Generate workflow statistics	2025-04-23T10:58:35.4777206Z  core/results/event_data13517750322.json            |     7 -
job-stats	Generate workflow statistics	2025-04-23T10:58:35.4777476Z  core/results/event_data13517954232.json            |     7 -
job-stats	Generate workflow statistics	2025-04-23T10:58:35.4777743Z  core/results/event_data13518213919.json            |     7 -
job-stats	Generate workflow statistics	2025-04-23T10:58:35.4778007Z  core/results/event_data13518458794.json            |     7 -
job-stats	Generate workflow statistics	2025-04-23T10:58:35.4778273Z  core/results/event_data13518721804.json            |     7 -
job-stats	Generate workflow statistics	2025-04-23T10:58:35.4778538Z  core/results/event_data13519165884.json            |     7 -
job-stats	Generate workflow statistics	2025-04-23T10:58:35.4778801Z  core/results/event_data13519384750.json            |     7 -
job-stats	Generate workflow statistics	2025-04-23T10:58:35.4779060Z  core/results/event_data13520474822.json            |     7 -
job-stats	Generate workflow statistics	2025-04-23T10:58:35.4779344Z  core/results/event_data13520616276.json            |     7 -
job-stats	Generate workflow statistics	2025-04-23T10:58:35.4779611Z  core/results/event_data13520855067.json            |     7 -
job-stats	Generate workflow statistics	2025-04-23T10:58:35.4779876Z  core/results/event_data13520973377.json            |     7 -
job-stats	Generate workflow statistics	2025-04-23T10:58:35.4780141Z  core/results/event_data13521105293.json            |     7 -
job-stats	Generate workflow statistics	2025-04-23T10:58:35.4780494Z  core/results/event_data13521303754.json            |     7 -
job-stats	Generate workflow statistics	2025-04-23T10:58:35.4780818Z  core/results/event_data13521351557.json            |     7 -
job-stats	Generate workflow statistics	2025-04-23T10:58:35.4781078Z  core/results/event_data13521426155.json            |     7 -
job-stats	Generate workflow statistics	2025-04-23T10:58:35.4781346Z  core/results/event_data13521520039.json            |     7 -
job-stats	Generate workflow statistics	2025-04-23T10:58:35.4781609Z  core/results/event_data13521796868.json            |     7 -
job-stats	Generate workflow statistics	2025-04-23T10:58:35.4781871Z  core/results/event_data13525237278.json            |     7 -
job-stats	Generate workflow statistics	2025-04-23T10:58:35.4782289Z  core/results/event_data13525281177.json            |     7 -
job-stats	Generate workflow statistics	2025-04-23T10:58:35.4782570Z  core/results/event_data13525324800.json            |     7 -
job-stats	Generate workflow statistics	2025-04-23T10:58:35.4782845Z  core/results/event_data13525399212.json            |     7 -
job-stats	Generate workflow statistics	2025-04-23T10:58:35.4783121Z  core/results/event_data13525462189.json            |     7 -
job-stats	Generate workflow statistics	2025-04-23T10:58:35.4783405Z  core/results/event_data13525575260.json            |     7 -
job-stats	Generate workflow statistics	2025-04-23T10:58:35.4783667Z  core/results/event_data13525594912.json            |     7 -
job-stats	Generate workflow statistics	2025-04-23T10:58:35.4783938Z  core/results/event_data13525701988.json            |     7 -
job-stats	Generate workflow statistics	2025-04-23T10:58:35.4784200Z  core/results/event_data13525720300.json            |     7 -
job-stats	Generate workflow statistics	2025-04-23T10:58:35.4784460Z  core/results/event_data13525768323.json            |     7 -
job-stats	Generate workflow statistics	2025-04-23T10:58:35.4784715Z  core/results/event_data13525794540.json            |     7 -
job-stats	Generate workflow statistics	2025-04-23T10:58:35.4784979Z  core/results/event_data13525867741.json            |     7 -
job-stats	Generate workflow statistics	2025-04-23T10:58:35.4785239Z  core/results/event_data13525893693.json            |     7 -
job-stats	Generate workflow statistics	2025-04-23T10:58:35.4785499Z  core/results/event_data13526301749.json            |     7 -
job-stats	Generate workflow statistics	2025-04-23T10:58:35.4785759Z  core/results/event_data13526324043.json            |     7 -
job-stats	Generate workflow statistics	2025-04-23T10:58:35.4786016Z  core/results/event_data13526401167.json            |     7 -
job-stats	Generate workflow statistics	2025-04-23T10:58:35.4786272Z  core/results/event_data13526414254.json            |     7 -
job-stats	Generate workflow statistics	2025-04-23T10:58:35.4786535Z  core/results/event_data13526501302.json            |     7 -
job-stats	Generate workflow statistics	2025-04-23T10:58:35.4786806Z  core/results/event_data13526520277.json            |     7 -
job-stats	Generate workflow statistics	2025-04-23T10:58:35.4787076Z  core/results/event_data13526660402.json            |     7 -
job-stats	Generate workflow statistics	2025-04-23T10:58:35.4787337Z  core/results/event_data13526672421.json            |     7 -
job-stats	Generate workflow statistics	2025-04-23T10:58:35.4787600Z  core/results/event_data13526781947.json            |     7 -
job-stats	Generate workflow statistics	2025-04-23T10:58:35.4787861Z  core/results/event_data13526793615.json            |     7 -
job-stats	Generate workflow statistics	2025-04-23T10:58:35.4788118Z  core/results/event_data13626210093.json            |     7 -
job-stats	Generate workflow statistics	2025-04-23T10:58:35.4788381Z  core/results/event_data13904181171.json            |     7 -
job-stats	Generate workflow statistics	2025-04-23T10:58:35.4788642Z  core/results/event_data14038714142.json            |     7 -
job-stats	Generate workflow statistics	2025-04-23T10:58:35.4788911Z  core/results/event_data14040331291.json            |     7 -
job-stats	Generate workflow statistics	2025-04-23T10:58:35.4789176Z  core/results/event_data14054390859.json            |     7 -
job-stats	Generate workflow statistics	2025-04-23T10:58:35.4789438Z  core/results/event_data14057695227.json            |     7 -
job-stats	Generate workflow statistics	2025-04-23T10:58:35.4789711Z  core/results/event_data14058268820.json            |     7 -
job-stats	Generate workflow statistics	2025-04-23T10:58:35.4789967Z  core/results/event_data14059268573.json            |     7 -
job-stats	Generate workflow statistics	2025-04-23T10:58:35.4790233Z  core/results/event_data14059514614.json            |     7 -
job-stats	Generate workflow statistics	2025-04-23T10:58:35.4790496Z  core/results/event_data14077979686.json            |     7 -
job-stats	Generate workflow statistics	2025-04-23T10:58:35.4790759Z  core/results/event_data14078154270.json            |     7 -
job-stats	Generate workflow statistics	2025-04-23T10:58:35.4791023Z  core/results/event_data14079442629.json            |     7 -
job-stats	Generate workflow statistics	2025-04-23T10:58:35.4791287Z  core/results/event_data14079768478.json            |     7 -
job-stats	Generate workflow statistics	2025-04-23T10:58:35.4791546Z  core/results/event_data14079840901.json            |     7 -
job-stats	Generate workflow statistics	2025-04-23T10:58:35.4791982Z  core/results/event_data14080943654.json            |     7 -
job-stats	Generate workflow statistics	2025-04-23T10:58:35.4792295Z  core/results/event_data14081424992.json            |     7 -
job-stats	Generate workflow statistics	2025-04-23T10:58:35.4792583Z  core/results/event_data14081516569.json            |     7 -
job-stats	Generate workflow statistics	2025-04-23T10:58:35.4792934Z  core/results/event_data14081740499.json            |     7 -
job-stats	Generate workflow statistics	2025-04-23T10:58:35.4793268Z  core/results/event_data14081867340.json            |     7 -
job-stats	Generate workflow statistics	2025-04-23T10:58:35.4793595Z  core/results/event_data14082069951.json            |     7 -
job-stats	Generate workflow statistics	2025-04-23T10:58:35.4793860Z  core/results/event_data14082371523.json            |     7 -
job-stats	Generate workflow statistics	2025-04-23T10:58:35.4794122Z  core/results/event_data14082522310.json            |     7 -
job-stats	Generate workflow statistics	2025-04-23T10:58:35.4794385Z  core/results/event_data14082616695.json            |     7 -
job-stats	Generate workflow statistics	2025-04-23T10:58:35.4794647Z  core/results/event_data14082659801.json            |     7 -
job-stats	Generate workflow statistics	2025-04-23T10:58:35.4794909Z  core/results/event_data14083073763.json            |     7 -
job-stats	Generate workflow statistics	2025-04-23T10:58:35.4795172Z  core/results/event_data14083415361.json            |     7 -
job-stats	Generate workflow statistics	2025-04-23T10:58:35.4795435Z  core/results/event_data14083665015.json            |     7 -
job-stats	Generate workflow statistics	2025-04-23T10:58:35.4795693Z  core/results/event_data14102458457.json            |     7 -
job-stats	Generate workflow statistics	2025-04-23T10:58:35.4795954Z  core/results/event_data14104013570.json            |     7 -
job-stats	Generate workflow statistics	2025-04-23T10:58:35.4796223Z  core/results/event_data14104364261.json            |     7 -
job-stats	Generate workflow statistics	2025-04-23T10:58:35.4796486Z  core/results/event_data14104656814.json            |     7 -
job-stats	Generate workflow statistics	2025-04-23T10:58:35.4796749Z  core/results/event_data14104912407.json            |     7 -
job-stats	Generate workflow statistics	2025-04-23T10:58:35.4797011Z  core/results/event_data14105288066.json            |     7 -
job-stats	Generate workflow statistics	2025-04-23T10:58:35.4797274Z  core/results/event_data14124198527.json            |     7 -
job-stats	Generate workflow statistics	2025-04-23T10:58:35.4797537Z  core/results/event_data14124664270.json            |     7 -
job-stats	Generate workflow statistics	2025-04-23T10:58:35.4797799Z  core/results/event_data_14109251901.json           |     7 -
job-stats	Generate workflow statistics	2025-04-23T10:58:35.4798057Z  core/results/event_data_14109292096.json           |     7 -
job-stats	Generate workflow statistics	2025-04-23T10:58:35.4798317Z  core/results/event_data_14110458112.json           |     7 -
job-stats	Generate workflow statistics	2025-04-23T10:58:35.4798580Z  core/results/event_data_14110718971.json           |     7 -
job-stats	Generate workflow statistics	2025-04-23T10:58:35.4798843Z  core/results/event_data_14111030523.json           |     7 -
job-stats	Generate workflow statistics	2025-04-23T10:58:35.4799103Z  core/results/event_data_14111208798.json           |     7 -
job-stats	Generate workflow statistics	2025-04-23T10:58:35.4799368Z  core/results/event_data_14124151573.json           |     7 -
job-stats	Generate workflow statistics	2025-04-23T10:58:35.4799630Z  core/results/event_data_14125357755.json           |     7 -
job-stats	Generate workflow statistics	2025-04-23T10:58:35.4799896Z  core/results/event_data_14126135280.json           |     7 -
job-stats	Generate workflow statistics	2025-04-23T10:58:35.4800158Z  core/results/event_data_14127143604.json           |     7 -
job-stats	Generate workflow statistics	2025-04-23T10:58:35.4800417Z  core/results/event_data_14127460319.json           |     7 -
job-stats	Generate workflow statistics	2025-04-23T10:58:35.4800679Z  core/results/event_data_14127684643.json           |     7 -
job-stats	Generate workflow statistics	2025-04-23T10:58:35.4800939Z  core/results/event_data_14127918809.json           |     7 -
job-stats	Generate workflow statistics	2025-04-23T10:58:35.4801203Z  core/results/event_data_14128170421.json           |     7 -
job-stats	Generate workflow statistics	2025-04-23T10:58:35.4801464Z  core/results/event_data_14128342788.json           |     7 -
job-stats	Generate workflow statistics	2025-04-23T10:58:35.4801725Z  core/results/event_data_14166768315.json           |     7 -
job-stats	Generate workflow statistics	2025-04-23T10:58:35.4802015Z  core/results/event_data_14166973606.json           |     7 -
job-stats	Generate workflow statistics	2025-04-23T10:58:35.4802428Z  core/results/event_data_14167696469.json           |     7 -
job-stats	Generate workflow statistics	2025-04-23T10:58:35.4802699Z  core/results/event_data_14169638590.json           |     7 -
job-stats	Generate workflow statistics	2025-04-23T10:58:35.4802977Z  core/results/event_data_14169783228.json           |     7 -
job-stats	Generate workflow statistics	2025-04-23T10:58:35.4803254Z  core/results/event_data_14170317764.json           |     7 -
job-stats	Generate workflow statistics	2025-04-23T10:58:35.4803547Z  core/results/event_data_14173454264.json           |     7 -
job-stats	Generate workflow statistics	2025-04-23T10:58:35.4809902Z  core/results/event_data_14173684316.json           |     7 -
job-stats	Generate workflow statistics	2025-04-23T10:58:35.4810225Z  core/results/event_data_14174056716.json           |     7 -
job-stats	Generate workflow statistics	2025-04-23T10:58:35.4810509Z  core/results/event_data_14174372091.json           |     7 -
job-stats	Generate workflow statistics	2025-04-23T10:58:35.4810796Z  core/results/event_data_14174597726.json           |     7 -
job-stats	Generate workflow statistics	2025-04-23T10:58:35.4811060Z  core/results/event_data_14188707037.json           |     7 -
job-stats	Generate workflow statistics	2025-04-23T10:58:35.4811426Z  core/results/event_data_14188829039.json           |     7 -
job-stats	Generate workflow statistics	2025-04-23T10:58:35.4811743Z  core/results/event_data_14188971812.json           |     7 -
job-stats	Generate workflow statistics	2025-04-23T10:58:35.4812123Z  core/results/event_data_14189358506.json           |     7 -
job-stats	Generate workflow statistics	2025-04-23T10:58:35.4812397Z  core/results/event_data_14191001478.json           |     7 -
job-stats	Generate workflow statistics	2025-04-23T10:58:35.4812661Z  core/results/event_data_14191135516.json           |     7 -
job-stats	Generate workflow statistics	2025-04-23T10:58:35.4812931Z  core/results/event_data_14192495207.json           |     7 -
job-stats	Generate workflow statistics	2025-04-23T10:58:35.4813244Z  core/results/event_data_14192530220.json           |     7 -
job-stats	Generate workflow statistics	2025-04-23T10:58:35.4813499Z  core/results/event_data_14192632862.json           |     7 -
job-stats	Generate workflow statistics	2025-04-23T10:58:35.4813758Z  core/results/event_data_14194087967.json           |     7 -
job-stats	Generate workflow statistics	2025-04-23T10:58:35.4814015Z  core/results/event_data_14194189360.json           |     7 -
job-stats	Generate workflow statistics	2025-04-23T10:58:35.4814276Z  core/results/event_data_14213662479.json           |     7 -
job-stats	Generate workflow statistics	2025-04-23T10:58:35.4814535Z  core/results/event_data_14213762520.json           |     7 -
job-stats	Generate workflow statistics	2025-04-23T10:58:35.4814805Z  core/results/event_data_14213852846.json           |     7 -
job-stats	Generate workflow statistics	2025-04-23T10:58:35.4815062Z  core/results/event_data_14214468485.json           |     7 -
job-stats	Generate workflow statistics	2025-04-23T10:58:35.4815319Z  core/results/event_data_14214559356.json           |     7 -
job-stats	Generate workflow statistics	2025-04-23T10:58:35.4815576Z  core/results/event_data_14214574225.json           |     7 -
job-stats	Generate workflow statistics	2025-04-23T10:58:35.4815832Z  core/results/event_data_14214995888.json           |     7 -
job-stats	Generate workflow statistics	2025-04-23T10:58:35.4816084Z  core/results/event_data_14215637066.json           |     7 -
job-stats	Generate workflow statistics	2025-04-23T10:58:35.4816343Z  core/results/event_data_14215788905.json           |     7 -
job-stats	Generate workflow statistics	2025-04-23T10:58:35.4816599Z  core/results/event_data_14215955159.json           |     7 -
job-stats	Generate workflow statistics	2025-04-23T10:58:35.4816857Z  core/results/event_data_14216237528.json           |     7 -
job-stats	Generate workflow statistics	2025-04-23T10:58:35.4817116Z  core/results/event_data_14216355931.json           |     7 -
job-stats	Generate workflow statistics	2025-04-23T10:58:35.4817374Z  core/results/event_data_14216470390.json           |     7 -
job-stats	Generate workflow statistics	2025-04-23T10:58:35.4817639Z  core/results/event_data_14216751090.json           |     7 -
job-stats	Generate workflow statistics	2025-04-23T10:58:35.4817890Z  core/results/event_data_14217103667.json           |     7 -
job-stats	Generate workflow statistics	2025-04-23T10:58:35.4818150Z  core/results/event_data_14217290943.json           |     7 -
job-stats	Generate workflow statistics	2025-04-23T10:58:35.4818410Z  core/results/event_data_14217400262.json           |     7 -
job-stats	Generate workflow statistics	2025-04-23T10:58:35.4818671Z  core/results/event_data_14217519973.json           |     7 -
job-stats	Generate workflow statistics	2025-04-23T10:58:35.4818928Z  core/results/event_data_14217621115.json           |     7 -
job-stats	Generate workflow statistics	2025-04-23T10:58:35.4819189Z  core/results/event_data_14218113760.json           |     7 -
job-stats	Generate workflow statistics	2025-04-23T10:58:35.4819446Z  core/results/event_data_14218252868.json           |     7 -
job-stats	Generate workflow statistics	2025-04-23T10:58:35.4819701Z  core/results/event_data_14218720890.json           |     7 -
job-stats	Generate workflow statistics	2025-04-23T10:58:35.4819959Z  core/results/event_data_14218866675.json           |     7 -
job-stats	Generate workflow statistics	2025-04-23T10:58:35.4820222Z  core/results/event_data_14218995107.json           |     7 -
job-stats	Generate workflow statistics	2025-04-23T10:58:35.4820491Z  core/results/event_data_14219146011.json           |     7 -
job-stats	Generate workflow statistics	2025-04-23T10:58:35.4820755Z  core/results/event_data_14220876563.json           |     7 -
job-stats	Generate workflow statistics	2025-04-23T10:58:35.4821015Z  core/results/event_data_14220989170.json           |     7 -
job-stats	Generate workflow statistics	2025-04-23T10:58:35.4821269Z  core/results/event_data_14221036549.json           |     7 -
job-stats	Generate workflow statistics	2025-04-23T10:58:35.4821651Z  core/results/event_data_14221192505.json           |     7 -
job-stats	Generate workflow statistics	2025-04-23T10:58:35.4821926Z  core/results/event_data_14221465938.json           |     7 -
job-stats	Generate workflow statistics	2025-04-23T10:58:35.4822227Z  core/results/event_data_14221470395.json           |     7 -
job-stats	Generate workflow statistics	2025-04-23T10:58:35.4822501Z  core/results/event_data_14221762604.json           |     7 -
job-stats	Generate workflow statistics	2025-04-23T10:58:35.4822776Z  core/results/event_data_14222053738.json           |     7 -
job-stats	Generate workflow statistics	2025-04-23T10:58:35.4823091Z  core/results/event_data_14222060805.json           |     7 -
job-stats	Generate workflow statistics	2025-04-23T10:58:35.4823351Z  core/results/event_data_14222383483.json           |     7 -
job-stats	Generate workflow statistics	2025-04-23T10:58:35.4823672Z  core/results/event_data_14222852410.json           |     7 -
job-stats	Generate workflow statistics	2025-04-23T10:58:35.4823991Z  core/results/event_data_14236187098.json           |     7 -
job-stats	Generate workflow statistics	2025-04-23T10:58:35.4824257Z  core/results/event_data_14236638237.json           |     7 -
job-stats	Generate workflow statistics	2025-04-23T10:58:35.4824522Z  core/results/event_data_14237229550.json           |     7 -
job-stats	Generate workflow statistics	2025-04-23T10:58:35.4824783Z  core/results/event_data_14237235173.json           |     7 -
job-stats	Generate workflow statistics	2025-04-23T10:58:35.4825044Z  core/results/event_data_14237320354.json           |     7 -
job-stats	Generate workflow statistics	2025-04-23T10:58:35.4825302Z  core/results/event_data_14237669007.json           |     7 -
job-stats	Generate workflow statistics	2025-04-23T10:58:35.4825561Z  core/results/event_data_14237795820.json           |     7 -
job-stats	Generate workflow statistics	2025-04-23T10:58:35.4825819Z  core/results/event_data_14237927203.json           |     7 -
job-stats	Generate workflow statistics	2025-04-23T10:58:35.4826080Z  core/results/event_data_14237983781.json           |     7 -
job-stats	Generate workflow statistics	2025-04-23T10:58:35.4826339Z  core/results/event_data_14238100925.json           |     7 -
job-stats	Generate workflow statistics	2025-04-23T10:58:35.4826597Z  core/results/event_data_14238127536.json           |     7 -
job-stats	Generate workflow statistics	2025-04-23T10:58:35.4826860Z  core/results/event_data_14238177440.json           |     7 -
job-stats	Generate workflow statistics	2025-04-23T10:58:35.4827118Z  core/results/event_data_14238193942.json           |     7 -
job-stats	Generate workflow statistics	2025-04-23T10:58:35.4827376Z  core/results/event_data_14238309214.json           |     7 -
job-stats	Generate workflow statistics	2025-04-23T10:58:35.4827635Z  core/results/event_data_14238516683.json           |     7 -
job-stats	Generate workflow statistics	2025-04-23T10:58:35.4827894Z  core/results/event_data_14238738999.json           |     7 -
job-stats	Generate workflow statistics	2025-04-23T10:58:35.4828153Z  core/results/event_data_14238773710.json           |     7 -
job-stats	Generate workflow statistics	2025-04-23T10:58:35.4828412Z  core/results/event_data_14238802308.json           |     7 -
job-stats	Generate workflow statistics	2025-04-23T10:58:35.4828670Z  core/results/event_data_14238844999.json           |     7 -
job-stats	Generate workflow statistics	2025-04-23T10:58:35.4828929Z  core/results/event_data_14238900569.json           |     7 -
job-stats	Generate workflow statistics	2025-04-23T10:58:35.4829189Z  core/results/event_data_14239382528.json           |     7 -
job-stats	Generate workflow statistics	2025-04-23T10:58:35.4829449Z  core/results/event_data_14239503991.json           |     7 -
job-stats	Generate workflow statistics	2025-04-23T10:58:35.4829718Z  core/results/event_data_14240044808.json           |     7 -
job-stats	Generate workflow statistics	2025-04-23T10:58:35.4829980Z  core/results/event_data_14240050881.json           |     7 -
job-stats	Generate workflow statistics	2025-04-23T10:58:35.4830239Z  core/results/event_data_14240113306.json           |     7 -
job-stats	Generate workflow statistics	2025-04-23T10:58:35.4830500Z  core/results/event_data_14240252635.json           |     7 -
job-stats	Generate workflow statistics	2025-04-23T10:58:35.4830761Z  core/results/event_data_14240390356.json           |     7 -
job-stats	Generate workflow statistics	2025-04-23T10:58:35.4831019Z  core/results/event_data_14240643151.json           |     7 -
job-stats	Generate workflow statistics	2025-04-23T10:58:35.4831280Z  core/results/event_data_14240680668.json           |     7 -
job-stats	Generate workflow statistics	2025-04-23T10:58:35.4831541Z  core/results/event_data_14241328643.json           |     7 -
job-stats	Generate workflow statistics	2025-04-23T10:58:35.4831806Z  core/results/event_data_14241924994.json           |     7 -
job-stats	Generate workflow statistics	2025-04-23T10:58:35.4832196Z  core/results/event_data_14246165541.json           |    14 +
job-stats	Generate workflow statistics	2025-04-23T10:58:35.4832479Z  core/results/event_data_14246165541.json.bak       |    12 +
job-stats	Generate workflow statistics	2025-04-23T10:58:35.4832765Z  core/results/event_data_14246693517.json           |   569 +
job-stats	Generate workflow statistics	2025-04-23T10:58:35.4833040Z  core/results/event_data_14246693517.json.bak       |    17 +
job-stats	Generate workflow statistics	2025-04-23T10:58:35.4833320Z  core/results/event_data_14246882760.json           |    58 +
job-stats	Generate workflow statistics	2025-04-23T10:58:35.4833598Z  core/results/event_data_14246882760.json.bak       |    20 +
job-stats	Generate workflow statistics	2025-04-23T10:58:35.4833880Z  core/results/event_data_14246944040.json           |    14 +
job-stats	Generate workflow statistics	2025-04-23T10:58:35.4834143Z  core/results/event_data_14246944040.json.bak       |    12 +
job-stats	Generate workflow statistics	2025-04-23T10:58:35.4834411Z  core/results/k/event_data_14247060107.json         |    15 +
job-stats	Generate workflow statistics	2025-04-23T10:58:35.4834681Z  core/results/k/event_data_14247060107.json.bak     |    13 +
job-stats	Generate workflow statistics	2025-04-23T10:58:35.4834948Z  core/results/k/event_data_14247172425.json         |    18 +
job-stats	Generate workflow statistics	2025-04-23T10:58:35.4835209Z  core/results/k/event_data_14247172425.json.bak     |    12 +
job-stats	Generate workflow statistics	2025-04-23T10:58:35.4835471Z  core/results/k/event_data_14261137732.json         |    14 +
job-stats	Generate workflow statistics	2025-04-23T10:58:35.4835727Z  core/results/k/event_data_14261137732.json.bak     |    12 +
job-stats	Generate workflow statistics	2025-04-23T10:58:35.4836095Z  core/results/k/event_data_14261197622.json         |   220 +
job-stats	Generate workflow statistics	2025-04-23T10:58:35.4836359Z  core/results/k/event_data_14261197622.json.bak     |    54 +
job-stats	Generate workflow statistics	2025-04-23T10:58:35.4836620Z  core/results/k/event_data_14261815193.json         |    56 +
job-stats	Generate workflow statistics	2025-04-23T10:58:35.4836882Z  core/results/k/event_data_14261815193.json.bak     |    24 +
job-stats	Generate workflow statistics	2025-04-23T10:58:35.4837143Z  core/results/k/event_data_14262563294.json         |    78 +
job-stats	Generate workflow statistics	2025-04-23T10:58:35.4837408Z  core/results/k/event_data_14262563294.json.bak     |    24 +
job-stats	Generate workflow statistics	2025-04-23T10:58:35.4837680Z  core/test/correct-file.json                        |     2 +-
job-stats	Generate workflow statistics	2025-04-23T10:58:35.4837959Z  core/test/correct-file.md                          |     4 +-
job-stats	Generate workflow statistics	2025-04-23T10:58:35.4838232Z  core/test/correct-file1.yaml                       |     3 +-
job-stats	Generate workflow statistics	2025-04-23T10:58:35.4838492Z  version.txt                                        |     2 +-
job-stats	Generate workflow statistics	2025-04-23T10:58:35.4838757Z  527 files changed, 1063460 insertions(+), 3202 deletions(-)
job-stats	Generate workflow statistics	2025-04-23T10:58:35.4839010Z  create mode 100644 core/dashboard/README.md
job-stats	Generate workflow statistics	2025-04-23T10:58:35.4839246Z  create mode 100644 core/dashboard/dashboard/README.md
job-stats	Generate workflow statistics	2025-04-23T10:58:35.4839516Z  create mode 100644 core/dashboard/dashboard/sections/README.md
job-stats	Generate workflow statistics	2025-04-23T10:58:35.4839774Z  create mode 100644 core/dashboard/images/README.md
job-stats	Generate workflow statistics	2025-04-23T10:58:35.4840013Z  create mode 100644 core/dashboard/js/README.md
job-stats	Generate workflow statistics	2025-04-23T10:58:35.4840257Z  create mode 100644 core/dashboard/templates/README.md
job-stats	Generate workflow statistics	2025-04-23T10:58:35.4840494Z  create mode 100644 core/outputs/i/14236206567.json
job-stats	Generate workflow statistics	2025-04-23T10:58:35.4840724Z  create mode 100644 core/outputs/i/14236206567.log
job-stats	Generate workflow statistics	2025-04-23T10:58:35.4840945Z  create mode 100644 core/outputs/i/14237931584.json
job-stats	Generate workflow statistics	2025-04-23T10:58:35.4841172Z  create mode 100644 core/outputs/i/14237931584.log
job-stats	Generate workflow statistics	2025-04-23T10:58:35.4841396Z  create mode 100644 core/outputs/i/14239389102.json
job-stats	Generate workflow statistics	2025-04-23T10:58:35.4841615Z  create mode 100644 core/outputs/i/14239389102.log
job-stats	Generate workflow statistics	2025-04-23T10:58:35.4841841Z  create mode 100644 core/outputs/i/14241961837.json
job-stats	Generate workflow statistics	2025-04-23T10:58:35.4842086Z  create mode 100644 core/outputs/i/14241961837.log
job-stats	Generate workflow statistics	2025-04-23T10:58:35.4842387Z  create mode 100644 core/outputs/i/14242153311.json
job-stats	Generate workflow statistics	2025-04-23T10:58:35.4842622Z  create mode 100644 core/outputs/i/14242153311.log
job-stats	Generate workflow statistics	2025-04-23T10:58:35.4842857Z  create mode 100644 core/outputs/i/14242287015.json
job-stats	Generate workflow statistics	2025-04-23T10:58:35.4843089Z  create mode 100644 core/outputs/i/14242287015.log
job-stats	Generate workflow statistics	2025-04-23T10:58:35.4843322Z  create mode 100644 core/outputs/i/14242316319.json
job-stats	Generate workflow statistics	2025-04-23T10:58:35.4843575Z  create mode 100644 core/outputs/i/14242316319.log
job-stats	Generate workflow statistics	2025-04-23T10:58:35.4843793Z  create mode 100644 core/outputs/i/14242350473.json
job-stats	Generate workflow statistics	2025-04-23T10:58:35.4844014Z  create mode 100644 core/outputs/i/14242350473.log
job-stats	Generate workflow statistics	2025-04-23T10:58:35.4844234Z  create mode 100644 core/outputs/i/14242434386.json
job-stats	Generate workflow statistics	2025-04-23T10:58:35.4844449Z  create mode 100644 core/outputs/i/14242434386.log
job-stats	Generate workflow statistics	2025-04-23T10:58:35.4844670Z  create mode 100644 core/outputs/i/14242525230.json
job-stats	Generate workflow statistics	2025-04-23T10:58:35.4844896Z  create mode 100644 core/outputs/i/14242525230.log
job-stats	Generate workflow statistics	2025-04-23T10:58:35.4845117Z  create mode 100644 core/outputs/i/14242633350.json
job-stats	Generate workflow statistics	2025-04-23T10:58:35.4845328Z  create mode 100644 core/outputs/i/14242633350.log
job-stats	Generate workflow statistics	2025-04-23T10:58:35.4845551Z  create mode 100644 core/outputs/i/14244432080.json
job-stats	Generate workflow statistics	2025-04-23T10:58:35.4845767Z  create mode 100644 core/outputs/i/14244432080.log
job-stats	Generate workflow statistics	2025-04-23T10:58:35.4845988Z  create mode 100644 core/outputs/i/14245054967.json
job-stats	Generate workflow statistics	2025-04-23T10:58:35.4846206Z  create mode 100644 core/outputs/i/14245054967.log
job-stats	Generate workflow statistics	2025-04-23T10:58:35.4846425Z  create mode 100644 core/outputs/i/14245096639.json
job-stats	Generate workflow statistics	2025-04-23T10:58:35.4846638Z  create mode 100644 core/outputs/i/14245096639.log
job-stats	Generate workflow statistics	2025-04-23T10:58:35.4846858Z  create mode 100644 core/outputs/i/14245154890.json
job-stats	Generate workflow statistics	2025-04-23T10:58:35.4847075Z  create mode 100644 core/outputs/i/14245154890.log
job-stats	Generate workflow statistics	2025-04-23T10:58:35.4847296Z  create mode 100644 core/outputs/i/14245371771.json
job-stats	Generate workflow statistics	2025-04-23T10:58:35.4847513Z  create mode 100644 core/outputs/i/14245371771.log
job-stats	Generate workflow statistics	2025-04-23T10:58:35.4847858Z  create mode 100644 core/outputs/i/14245378957.json
job-stats	Generate workflow statistics	2025-04-23T10:58:35.4848072Z  create mode 100644 core/outputs/i/14245378957.log
job-stats	Generate workflow statistics	2025-04-23T10:58:35.4848292Z  create mode 100644 core/outputs/i/14245379757.json
job-stats	Generate workflow statistics	2025-04-23T10:58:35.4848509Z  create mode 100644 core/outputs/i/14245379757.log
job-stats	Generate workflow statistics	2025-04-23T10:58:35.4848730Z  create mode 100644 core/outputs/i/14245380148.json
job-stats	Generate workflow statistics	2025-04-23T10:58:35.4848949Z  create mode 100644 core/outputs/i/14245380148.log
job-stats	Generate workflow statistics	2025-04-23T10:58:35.4849166Z  create mode 100644 core/outputs/i/14245380393.json
job-stats	Generate workflow statistics	2025-04-23T10:58:35.4849379Z  create mode 100644 core/outputs/i/14245380393.log
job-stats	Generate workflow statistics	2025-04-23T10:58:35.4849598Z  create mode 100644 core/outputs/i/14245380838.json
job-stats	Generate workflow statistics	2025-04-23T10:58:35.4849816Z  create mode 100644 core/outputs/i/14245380838.log
job-stats	Generate workflow statistics	2025-04-23T10:58:35.4850036Z  create mode 100644 core/outputs/i/14245381167.json
job-stats	Generate workflow statistics	2025-04-23T10:58:35.4850253Z  create mode 100644 core/outputs/i/14245381167.log
job-stats	Generate workflow statistics	2025-04-23T10:58:35.4850480Z  create mode 100644 core/outputs/i/14245466779.json
job-stats	Generate workflow statistics	2025-04-23T10:58:35.4850697Z  create mode 100644 core/outputs/i/14245466779.log
job-stats	Generate workflow statistics	2025-04-23T10:58:35.4850910Z  create mode 100644 core/outputs/i/14245537218.json
job-stats	Generate workflow statistics	2025-04-23T10:58:35.4851126Z  create mode 100644 core/outputs/i/14245537218.log
job-stats	Generate workflow statistics	2025-04-23T10:58:35.4851343Z  create mode 100644 core/outputs/i/14245537608.json
job-stats	Generate workflow statistics	2025-04-23T10:58:35.4851559Z  create mode 100644 core/outputs/i/14245537608.log
job-stats	Generate workflow statistics	2025-04-23T10:58:35.4851777Z  create mode 100644 core/outputs/i/14245538037.json
job-stats	Generate workflow statistics	2025-04-23T10:58:35.4852296Z  create mode 100644 core/outputs/i/14245538037.log
job-stats	Generate workflow statistics	2025-04-23T10:58:35.4852527Z  create mode 100644 core/outputs/i/14245538367.json
job-stats	Generate workflow statistics	2025-04-23T10:58:35.4852763Z  create mode 100644 core/outputs/i/14245538367.log
job-stats	Generate workflow statistics	2025-04-23T10:58:35.4852996Z  create mode 100644 core/outputs/i/14245538678.json
job-stats	Generate workflow statistics	2025-04-23T10:58:35.4853229Z  create mode 100644 core/outputs/i/14245538678.log
job-stats	Generate workflow statistics	2025-04-23T10:58:35.4853463Z  create mode 100644 core/outputs/i/14245539173.json
job-stats	Generate workflow statistics	2025-04-23T10:58:35.4853711Z  create mode 100644 core/outputs/i/14245539173.log
job-stats	Generate workflow statistics	2025-04-23T10:58:35.4853926Z  create mode 100644 core/outputs/i/14245660894.json
job-stats	Generate workflow statistics	2025-04-23T10:58:35.4854145Z  create mode 100644 core/outputs/i/14245660894.log
job-stats	Generate workflow statistics	2025-04-23T10:58:35.4854366Z  create mode 100644 core/outputs/i/14245823476.json
job-stats	Generate workflow statistics	2025-04-23T10:58:35.4854583Z  create mode 100644 core/outputs/i/14245823476.log
job-stats	Generate workflow statistics	2025-04-23T10:58:35.4854804Z  create mode 100644 core/outputs/i/14245876608.json
job-stats	Generate workflow statistics	2025-04-23T10:58:35.4855021Z  create mode 100644 core/outputs/i/14245876608.log
job-stats	Generate workflow statistics	2025-04-23T10:58:35.4855242Z  create mode 100644 core/outputs/i/14246046406.json
job-stats	Generate workflow statistics	2025-04-23T10:58:35.4855461Z  create mode 100644 core/outputs/i/14246046406.log
job-stats	Generate workflow statistics	2025-04-23T10:58:35.4855681Z  create mode 100644 core/outputs/i/14246165541.json
job-stats	Generate workflow statistics	2025-04-23T10:58:35.4855905Z  create mode 100644 core/outputs/i/14246165541.log
job-stats	Generate workflow statistics	2025-04-23T10:58:35.4856127Z  create mode 100644 core/outputs/i/14246266756.json
job-stats	Generate workflow statistics	2025-04-23T10:58:35.4856346Z  create mode 100644 core/outputs/i/14246266756.log
job-stats	Generate workflow statistics	2025-04-23T10:58:35.4856575Z  create mode 100644 core/outputs/i/14246319198.json
job-stats	Generate workflow statistics	2025-04-23T10:58:35.4856787Z  create mode 100644 core/outputs/i/14246319198.log
job-stats	Generate workflow statistics	2025-04-23T10:58:35.4857006Z  create mode 100644 core/outputs/i/14246693517.json
job-stats	Generate workflow statistics	2025-04-23T10:58:35.4857223Z  create mode 100644 core/outputs/i/14246693517.log
job-stats	Generate workflow statistics	2025-04-23T10:58:35.4857442Z  create mode 100644 core/outputs/i/14246716074.json
job-stats	Generate workflow statistics	2025-04-23T10:58:35.4857657Z  create mode 100644 core/outputs/i/14246716074.log
job-stats	Generate workflow statistics	2025-04-23T10:58:35.4857877Z  create mode 100644 core/outputs/i/14246716681.json
job-stats	Generate workflow statistics	2025-04-23T10:58:35.4858093Z  create mode 100644 core/outputs/i/14246716681.log
job-stats	Generate workflow statistics	2025-04-23T10:58:35.4858313Z  create mode 100644 core/outputs/i/14246717190.json
job-stats	Generate workflow statistics	2025-04-23T10:58:35.4858530Z  create mode 100644 core/outputs/i/14246717190.log
job-stats	Generate workflow statistics	2025-04-23T10:58:35.4858748Z  create mode 100644 core/outputs/i/14246718044.json
job-stats	Generate workflow statistics	2025-04-23T10:58:35.4858966Z  create mode 100644 core/outputs/i/14246718044.log
job-stats	Generate workflow statistics	2025-04-23T10:58:35.4859182Z  create mode 100644 core/outputs/i/14246718526.json
job-stats	Generate workflow statistics	2025-04-23T10:58:35.4859503Z  create mode 100644 core/outputs/i/14246718526.log
job-stats	Generate workflow statistics	2025-04-23T10:58:35.4859721Z  create mode 100644 core/outputs/i/14246719060.json
job-stats	Generate workflow statistics	2025-04-23T10:58:35.4859937Z  create mode 100644 core/outputs/i/14246719060.log
job-stats	Generate workflow statistics	2025-04-23T10:58:35.4860155Z  create mode 100644 core/outputs/i/14246719688.json
job-stats	Generate workflow statistics	2025-04-23T10:58:35.4860371Z  create mode 100644 core/outputs/i/14246719688.log
job-stats	Generate workflow statistics	2025-04-23T10:58:35.4860590Z  create mode 100644 core/outputs/i/14246719933.json
job-stats	Generate workflow statistics	2025-04-23T10:58:35.4860810Z  create mode 100644 core/outputs/i/14246719933.log
job-stats	Generate workflow statistics	2025-04-23T10:58:35.4861021Z  create mode 100644 core/outputs/i/14246720888.json
job-stats	Generate workflow statistics	2025-04-23T10:58:35.4861238Z  create mode 100644 core/outputs/i/14246720888.log
job-stats	Generate workflow statistics	2025-04-23T10:58:35.4861456Z  create mode 100644 core/outputs/i/14246723482.json
job-stats	Generate workflow statistics	2025-04-23T10:58:35.4861766Z  create mode 100644 core/outputs/i/14246723482.log
job-stats	Generate workflow statistics	2025-04-23T10:58:35.4862023Z  create mode 100644 core/outputs/i/14246724471.json
job-stats	Generate workflow statistics	2025-04-23T10:58:35.4862267Z  create mode 100644 core/outputs/i/14246724471.log
job-stats	Generate workflow statistics	2025-04-23T10:58:35.4862493Z  create mode 100644 core/outputs/i/14246725084.json
job-stats	Generate workflow statistics	2025-04-23T10:58:35.4862729Z  create mode 100644 core/outputs/i/14246725084.log
job-stats	Generate workflow statistics	2025-04-23T10:58:35.4862973Z  create mode 100644 core/outputs/i/14246726479.json
job-stats	Generate workflow statistics	2025-04-23T10:58:35.4863193Z  create mode 100644 core/outputs/i/14246726479.log
job-stats	Generate workflow statistics	2025-04-23T10:58:35.4863415Z  create mode 100644 core/outputs/i/14246727153.json
job-stats	Generate workflow statistics	2025-04-23T10:58:35.4863636Z  create mode 100644 core/outputs/i/14246727153.log
job-stats	Generate workflow statistics	2025-04-23T10:58:35.4863851Z  create mode 100644 core/outputs/i/14246727492.json
job-stats	Generate workflow statistics	2025-04-23T10:58:35.4864070Z  create mode 100644 core/outputs/i/14246727492.log
job-stats	Generate workflow statistics	2025-04-23T10:58:35.4864292Z  create mode 100644 core/outputs/i/14246727956.json
job-stats	Generate workflow statistics	2025-04-23T10:58:35.4864514Z  create mode 100644 core/outputs/i/14246727956.log
job-stats	Generate workflow statistics	2025-04-23T10:58:35.4864735Z  create mode 100644 core/outputs/i/14246728405.json
job-stats	Generate workflow statistics	2025-04-23T10:58:35.4864957Z  create mode 100644 core/outputs/i/14246728405.log
job-stats	Generate workflow statistics	2025-04-23T10:58:35.4865187Z  create mode 100644 core/outputs/i/14246730501.json
job-stats	Generate workflow statistics	2025-04-23T10:58:35.4865403Z  create mode 100644 core/outputs/i/14246730501.log
job-stats	Generate workflow statistics	2025-04-23T10:58:35.4865624Z  create mode 100644 core/outputs/i/14246732885.json
job-stats	Generate workflow statistics	2025-04-23T10:58:35.4865844Z  create mode 100644 core/outputs/i/14246732885.log
job-stats	Generate workflow statistics	2025-04-23T10:58:35.4866068Z  create mode 100644 core/outputs/i/14246882760.json
job-stats	Generate workflow statistics	2025-04-23T10:58:35.4866286Z  create mode 100644 core/outputs/i/14246882760.log
job-stats	Generate workflow statistics	2025-04-23T10:58:35.4866505Z  create mode 100644 core/outputs/i/14246944040.json
job-stats	Generate workflow statistics	2025-04-23T10:58:35.4866722Z  create mode 100644 core/outputs/i/14246944040.log
job-stats	Generate workflow statistics	2025-04-23T10:58:35.4866944Z  create mode 100644 core/outputs/i/14246992463.json
job-stats	Generate workflow statistics	2025-04-23T10:58:35.4867163Z  create mode 100644 core/outputs/i/14246992463.log
job-stats	Generate workflow statistics	2025-04-23T10:58:35.4867388Z  create mode 100644 core/outputs/i/14247060107.json
job-stats	Generate workflow statistics	2025-04-23T10:58:35.4867606Z  create mode 100644 core/outputs/i/14247060107.log
job-stats	Generate workflow statistics	2025-04-23T10:58:35.4867825Z  create mode 100644 core/outputs/i/14247172425.json
job-stats	Generate workflow statistics	2025-04-23T10:58:35.4868046Z  create mode 100644 core/outputs/i/14247172425.log
job-stats	Generate workflow statistics	2025-04-23T10:58:35.4868268Z  create mode 100644 core/outputs/i/14247202829.json
job-stats	Generate workflow statistics	2025-04-23T10:58:35.4868485Z  create mode 100644 core/outputs/i/14247202829.log
job-stats	Generate workflow statistics	2025-04-23T10:58:35.4868707Z  create mode 100644 core/outputs/i/14247203066.json
job-stats	Generate workflow statistics	2025-04-23T10:58:35.4868925Z  create mode 100644 core/outputs/i/14247203066.log
job-stats	Generate workflow statistics	2025-04-23T10:58:35.4869142Z  create mode 100644 core/outputs/i/14255936363.json
job-stats	Generate workflow statistics	2025-04-23T10:58:35.4869353Z  create mode 100644 core/outputs/i/14255936363.log
job-stats	Generate workflow statistics	2025-04-23T10:58:35.4869570Z  create mode 100644 core/outputs/i/14259225922.json
job-stats	Generate workflow statistics	2025-04-23T10:58:35.4869788Z  create mode 100644 core/outputs/i/14259225922.log
job-stats	Generate workflow statistics	2025-04-23T10:58:35.4870006Z  create mode 100644 core/outputs/i/14260162154.json
job-stats	Generate workflow statistics	2025-04-23T10:58:35.4870228Z  create mode 100644 core/outputs/i/14260162154.log
job-stats	Generate workflow statistics	2025-04-23T10:58:35.4870447Z  create mode 100644 core/outputs/i/14260162390.json
job-stats	Generate workflow statistics	2025-04-23T10:58:35.4870767Z  create mode 100644 core/outputs/i/14260162390.log
job-stats	Generate workflow statistics	2025-04-23T10:58:35.4871034Z  create mode 100644 core/outputs/i/14260162755.json
job-stats	Generate workflow statistics	2025-04-23T10:58:35.4871254Z  create mode 100644 core/outputs/i/14260162755.log
job-stats	Generate workflow statistics	2025-04-23T10:58:35.4871474Z  create mode 100644 core/outputs/i/14260162932.json
job-stats	Generate workflow statistics	2025-04-23T10:58:35.4871691Z  create mode 100644 core/outputs/i/14260162932.log
job-stats	Generate workflow statistics	2025-04-23T10:58:35.4871913Z  create mode 100644 core/outputs/i/14260163333.json
job-stats	Generate workflow statistics	2025-04-23T10:58:35.4872156Z  create mode 100644 core/outputs/i/14260163333.log
job-stats	Generate workflow statistics	2025-04-23T10:58:35.4872473Z  create mode 100644 core/outputs/i/14260163589.json
job-stats	Generate workflow statistics	2025-04-23T10:58:35.4872707Z  create mode 100644 core/outputs/i/14260163589.log
job-stats	Generate workflow statistics	2025-04-23T10:58:35.4872937Z  create mode 100644 core/outputs/i/14260163895.json
job-stats	Generate workflow statistics	2025-04-23T10:58:35.4873168Z  create mode 100644 core/outputs/i/14260163895.log
job-stats	Generate workflow statistics	2025-04-23T10:58:35.4873400Z  create mode 100644 core/outputs/i/14260164233.json
job-stats	Generate workflow statistics	2025-04-23T10:58:35.4873637Z  create mode 100644 core/outputs/i/14260164233.log
job-stats	Generate workflow statistics	2025-04-23T10:58:35.4873875Z  create mode 100644 core/outputs/i/14260164434.json
job-stats	Generate workflow statistics	2025-04-23T10:58:35.4874095Z  create mode 100644 core/outputs/i/14260164434.log
job-stats	Generate workflow statistics	2025-04-23T10:58:35.4874314Z  create mode 100644 core/outputs/i/14260433590.json
job-stats	Generate workflow statistics	2025-04-23T10:58:35.4874532Z  create mode 100644 core/outputs/i/14260433590.log
job-stats	Generate workflow statistics	2025-04-23T10:58:35.4874754Z  create mode 100644 core/outputs/i/14260967021.json
job-stats	Generate workflow statistics	2025-04-23T10:58:35.4874971Z  create mode 100644 core/outputs/i/14260967021.log
job-stats	Generate workflow statistics	2025-04-23T10:58:35.4875192Z  create mode 100644 core/outputs/i/14261137732.json
job-stats	Generate workflow statistics	2025-04-23T10:58:35.4875404Z  create mode 100644 core/outputs/i/14261137732.log
job-stats	Generate workflow statistics	2025-04-23T10:58:35.4875625Z  create mode 100644 core/outputs/i/14261197622.json
job-stats	Generate workflow statistics	2025-04-23T10:58:35.4875844Z  create mode 100644 core/outputs/i/14261197622.log
job-stats	Generate workflow statistics	2025-04-23T10:58:35.4879991Z  create mode 100644 core/outputs/i/14261280385.json
job-stats	Generate workflow statistics	2025-04-23T10:58:35.4880257Z  create mode 100644 core/outputs/i/14261280385.log
job-stats	Generate workflow statistics	2025-04-23T10:58:35.4880495Z  create mode 100644 core/outputs/i/14261390947.json
job-stats	Generate workflow statistics	2025-04-23T10:58:35.4880735Z  create mode 100644 core/outputs/i/14261390947.log
job-stats	Generate workflow statistics	2025-04-23T10:58:35.4880959Z  create mode 100644 core/outputs/i/14261745584.json
job-stats	Generate workflow statistics	2025-04-23T10:58:35.4881182Z  create mode 100644 core/outputs/i/14261745584.log
job-stats	Generate workflow statistics	2025-04-23T10:58:35.4881404Z  create mode 100644 core/outputs/i/14261815193.json
job-stats	Generate workflow statistics	2025-04-23T10:58:35.4881624Z  create mode 100644 core/outputs/i/14261815193.log
job-stats	Generate workflow statistics	2025-04-23T10:58:35.4881846Z  create mode 100644 core/outputs/i/14261858625.json
job-stats	Generate workflow statistics	2025-04-23T10:58:35.4882100Z  create mode 100644 core/outputs/i/14261858625.log
job-stats	Generate workflow statistics	2025-04-23T10:58:35.4882324Z  create mode 100644 core/outputs/i/14262171806.json
job-stats	Generate workflow statistics	2025-04-23T10:58:35.4882657Z  create mode 100644 core/outputs/i/14262171806.log
job-stats	Generate workflow statistics	2025-04-23T10:58:35.4882885Z  create mode 100644 core/outputs/i/14262334926.json
job-stats	Generate workflow statistics	2025-04-23T10:58:35.4883117Z  create mode 100644 core/outputs/i/14262334926.log
job-stats	Generate workflow statistics	2025-04-23T10:58:35.4883349Z  create mode 100644 core/outputs/i/14262413488.json
job-stats	Generate workflow statistics	2025-04-23T10:58:35.4883574Z  create mode 100644 core/outputs/i/14262413488.log
job-stats	Generate workflow statistics	2025-04-23T10:58:35.4883825Z  create mode 100644 core/outputs/w/kaos-issue.json
job-stats	Generate workflow statistics	2025-04-23T10:58:35.4884134Z  create mode 100644 core/outputs/w/kaos-repository-author-statistics.json
job-stats	Generate workflow statistics	2025-04-23T10:58:35.4884502Z  create mode 100644 core/outputs/w/kaos-repository-global-statistics.json
job-stats	Generate workflow statistics	2025-04-23T10:58:35.4884829Z  delete mode 100644 core/outputs/w/kaos-workflow-statistics.json
job-stats	Generate workflow statistics	2025-04-23T10:58:35.4885145Z  create mode 100644 core/outputs/w/workflows-available-14242153311.json
job-stats	Generate workflow statistics	2025-04-23T10:58:35.4885469Z  create mode 100644 core/outputs/w/workflows-available-14242350473.json
job-stats	Generate workflow statistics	2025-04-23T10:58:35.4885781Z  create mode 100644 core/outputs/w/workflows-available-14242633350.json
job-stats	Generate workflow statistics	2025-04-23T10:58:35.4886091Z  create mode 100644 core/outputs/w/workflows-available-14244432080.json
job-stats	Generate workflow statistics	2025-04-23T10:58:35.4886398Z  create mode 100644 core/outputs/w/workflows-available-14245154890.json
job-stats	Generate workflow statistics	2025-04-23T10:58:35.4886703Z  create mode 100644 core/outputs/w/workflows-available-14245876608.json
job-stats	Generate workflow statistics	2025-04-23T10:58:35.4887157Z  create mode 100644 core/outputs/w/workflows-available-14246319198.json
job-stats	Generate workflow statistics	2025-04-23T10:58:35.4887466Z  create mode 100644 core/outputs/w/workflows-available-14255936363.json
job-stats	Generate workflow statistics	2025-04-23T10:58:35.4887771Z  create mode 100644 core/outputs/w/workflows-available-14260433590.json
job-stats	Generate workflow statistics	2025-04-23T10:58:35.4888076Z  create mode 100644 core/outputs/w/workflows-available-14261280385.json
job-stats	Generate workflow statistics	2025-04-23T10:58:35.4888382Z  create mode 100644 core/outputs/w/workflows-available-14261390947.json
job-stats	Generate workflow statistics	2025-04-23T10:58:35.4888690Z  create mode 100644 core/outputs/w/workflows-available-14261624488.json
job-stats	Generate workflow statistics	2025-04-23T10:58:35.4888996Z  create mode 100644 core/outputs/w/workflows-available-14261706855.json
job-stats	Generate workflow statistics	2025-04-23T10:58:35.4889303Z  create mode 100644 core/outputs/w/workflows-available-14261745584.json
job-stats	Generate workflow statistics	2025-04-23T10:58:35.4889611Z  create mode 100644 core/outputs/w/workflows-available-14261858625.json
job-stats	Generate workflow statistics	2025-04-23T10:58:35.4889921Z  create mode 100644 core/outputs/w/workflows-available-14262171806.json
job-stats	Generate workflow statistics	2025-04-23T10:58:35.4890236Z  create mode 100644 core/outputs/w/workflows-available-14262413488.json
job-stats	Generate workflow statistics	2025-04-23T10:58:35.4890542Z  create mode 100644 core/outputs/w/workflows-runs-14242153311.json
job-stats	Generate workflow statistics	2025-04-23T10:58:35.4890837Z  create mode 100644 core/outputs/w/workflows-runs-14242350473.json
job-stats	Generate workflow statistics	2025-04-23T10:58:35.4891128Z  create mode 100644 core/outputs/w/workflows-runs-14242633350.json
job-stats	Generate workflow statistics	2025-04-23T10:58:35.4891415Z  create mode 100644 core/outputs/w/workflows-runs-14244432080.json
job-stats	Generate workflow statistics	2025-04-23T10:58:35.4891705Z  create mode 100644 core/outputs/w/workflows-runs-14245154890.json
job-stats	Generate workflow statistics	2025-04-23T10:58:35.4892017Z  create mode 100644 core/outputs/w/workflows-runs-14245876608.json
job-stats	Generate workflow statistics	2025-04-23T10:58:35.4892560Z  create mode 100644 core/outputs/w/workflows-runs-14246319198.json
job-stats	Generate workflow statistics	2025-04-23T10:58:35.4892866Z  create mode 100644 core/outputs/w/workflows-runs-14255936363.json
job-stats	Generate workflow statistics	2025-04-23T10:58:35.4893164Z  create mode 100644 core/outputs/w/workflows-runs-14260433590.json
job-stats	Generate workflow statistics	2025-04-23T10:58:35.4893459Z  create mode 100644 core/outputs/w/workflows-runs-14261280385.json
job-stats	Generate workflow statistics	2025-04-23T10:58:35.4893766Z  create mode 100644 core/outputs/w/workflows-runs-14261390947.json
job-stats	Generate workflow statistics	2025-04-23T10:58:35.4894089Z  create mode 100644 core/outputs/w/workflows-runs-14261624488.json
job-stats	Generate workflow statistics	2025-04-23T10:58:35.4894368Z  create mode 100644 core/outputs/w/workflows-runs-14261706855.json
job-stats	Generate workflow statistics	2025-04-23T10:58:35.4894676Z  create mode 100644 core/outputs/w/workflows-runs-14261745584.json
job-stats	Generate workflow statistics	2025-04-23T10:58:35.4894959Z  create mode 100644 core/outputs/w/workflows-runs-14261858625.json
job-stats	Generate workflow statistics	2025-04-23T10:58:35.4895243Z  create mode 100644 core/outputs/w/workflows-runs-14262171806.json
job-stats	Generate workflow statistics	2025-04-23T10:58:35.4895529Z  create mode 100644 core/outputs/w/workflows-runs-14262413488.json
job-stats	Generate workflow statistics	2025-04-23T10:58:35.4895804Z  delete mode 100644 core/results/event_data13289534408.json
job-stats	Generate workflow statistics	2025-04-23T10:58:35.4896070Z  delete mode 100644 core/results/event_data13303889710.json
job-stats	Generate workflow statistics	2025-04-23T10:58:35.4896325Z  delete mode 100644 core/results/event_data13303934871.json
job-stats	Generate workflow statistics	2025-04-23T10:58:35.4896584Z  delete mode 100644 core/results/event_data13304045015.json
job-stats	Generate workflow statistics	2025-04-23T10:58:35.4896844Z  delete mode 100644 core/results/event_data13304467970.json
job-stats	Generate workflow statistics	2025-04-23T10:58:35.4897100Z  delete mode 100644 core/results/event_data13305115419.json
job-stats	Generate workflow statistics	2025-04-23T10:58:35.4897352Z  delete mode 100644 core/results/event_data13305340449.json
job-stats	Generate workflow statistics	2025-04-23T10:58:35.4897605Z  delete mode 100644 core/results/event_data13306060214.json
job-stats	Generate workflow statistics	2025-04-23T10:58:35.4897855Z  delete mode 100644 core/results/event_data13306172134.json
job-stats	Generate workflow statistics	2025-04-23T10:58:35.4898099Z  delete mode 100644 core/results/event_data13306304013.json
job-stats	Generate workflow statistics	2025-04-23T10:58:35.4898349Z  delete mode 100644 core/results/event_data13306910230.json
job-stats	Generate workflow statistics	2025-04-23T10:58:35.4898597Z  delete mode 100644 core/results/event_data13307262365.json
job-stats	Generate workflow statistics	2025-04-23T10:58:35.4898849Z  delete mode 100644 core/results/event_data13307290379.json
job-stats	Generate workflow statistics	2025-04-23T10:58:35.4899099Z  delete mode 100644 core/results/event_data13308029762.json
job-stats	Generate workflow statistics	2025-04-23T10:58:35.4899349Z  delete mode 100644 core/results/event_data13308075265.json
job-stats	Generate workflow statistics	2025-04-23T10:58:35.4899730Z  delete mode 100644 core/results/event_data13308192652.json
job-stats	Generate workflow statistics	2025-04-23T10:58:35.4899980Z  delete mode 100644 core/results/event_data13308464786.json
job-stats	Generate workflow statistics	2025-04-23T10:58:35.4900232Z  delete mode 100644 core/results/event_data13308524743.json
job-stats	Generate workflow statistics	2025-04-23T10:58:35.4900484Z  delete mode 100644 core/results/event_data13308892676.json
job-stats	Generate workflow statistics	2025-04-23T10:58:35.4900736Z  delete mode 100644 core/results/event_data13309462936.json
job-stats	Generate workflow statistics	2025-04-23T10:58:35.4900983Z  delete mode 100644 core/results/event_data13325494223.json
job-stats	Generate workflow statistics	2025-04-23T10:58:35.4901229Z  delete mode 100644 core/results/event_data13326392930.json
job-stats	Generate workflow statistics	2025-04-23T10:58:35.4901475Z  delete mode 100644 core/results/event_data13327121635.json
job-stats	Generate workflow statistics	2025-04-23T10:58:35.4901729Z  delete mode 100644 core/results/event_data13327237604.json
job-stats	Generate workflow statistics	2025-04-23T10:58:35.4901978Z  delete mode 100644 core/results/event_data13327333671.json
job-stats	Generate workflow statistics	2025-04-23T10:58:35.4902261Z  delete mode 100644 core/results/event_data13327785895.json
job-stats	Generate workflow statistics	2025-04-23T10:58:35.4902614Z  delete mode 100644 core/results/event_data13328509251.json
job-stats	Generate workflow statistics	2025-04-23T10:58:35.4902886Z  delete mode 100644 core/results/event_data13328748888.json
job-stats	Generate workflow statistics	2025-04-23T10:58:35.4903149Z  delete mode 100644 core/results/event_data13329014333.json
job-stats	Generate workflow statistics	2025-04-23T10:58:35.4903415Z  delete mode 100644 core/results/event_data13329129995.json
job-stats	Generate workflow statistics	2025-04-23T10:58:35.4903683Z  delete mode 100644 core/results/event_data13329266333.json
job-stats	Generate workflow statistics	2025-04-23T10:58:35.4903947Z  delete mode 100644 core/results/event_data13366676530.json
job-stats	Generate workflow statistics	2025-04-23T10:58:35.4904213Z  delete mode 100644 core/results/event_data13368155583.json
job-stats	Generate workflow statistics	2025-04-23T10:58:35.4904465Z  delete mode 100644 core/results/event_data13368215415.json
job-stats	Generate workflow statistics	2025-04-23T10:58:35.4904716Z  delete mode 100644 core/results/event_data13368280261.json
job-stats	Generate workflow statistics	2025-04-23T10:58:35.4904966Z  delete mode 100644 core/results/event_data13386246633.json
job-stats	Generate workflow statistics	2025-04-23T10:58:35.4905216Z  delete mode 100644 core/results/event_data13388416725.json
job-stats	Generate workflow statistics	2025-04-23T10:58:35.4905468Z  delete mode 100644 core/results/event_data13392267752.json
job-stats	Generate workflow statistics	2025-04-23T10:58:35.4905727Z  delete mode 100644 core/results/event_data13433258032.json
job-stats	Generate workflow statistics	2025-04-23T10:58:35.4905977Z  delete mode 100644 core/results/event_data13433492949.json
job-stats	Generate workflow statistics	2025-04-23T10:58:35.4906228Z  delete mode 100644 core/results/event_data13433633988.json
job-stats	Generate workflow statistics	2025-04-23T10:58:35.4906475Z  delete mode 100644 core/results/event_data13433787431.json
job-stats	Generate workflow statistics	2025-04-23T10:58:35.4906724Z  delete mode 100644 core/results/event_data13433967934.json
job-stats	Generate workflow statistics	2025-04-23T10:58:35.4906979Z  delete mode 100644 core/results/event_data13434228606.json
job-stats	Generate workflow statistics	2025-04-23T10:58:35.4907229Z  delete mode 100644 core/results/event_data13434407311.json
job-stats	Generate workflow statistics	2025-04-23T10:58:35.4907479Z  delete mode 100644 core/results/event_data13434602110.json
job-stats	Generate workflow statistics	2025-04-23T10:58:35.4907732Z  delete mode 100644 core/results/event_data13434884043.json
job-stats	Generate workflow statistics	2025-04-23T10:58:35.4907983Z  delete mode 100644 core/results/event_data13434978030.json
job-stats	Generate workflow statistics	2025-04-23T10:58:35.4908230Z  delete mode 100644 core/results/event_data13435192474.json
job-stats	Generate workflow statistics	2025-04-23T10:58:35.4908482Z  delete mode 100644 core/results/event_data13435250978.json
job-stats	Generate workflow statistics	2025-04-23T10:58:35.4908742Z  delete mode 100644 core/results/event_data13452754152.json
job-stats	Generate workflow statistics	2025-04-23T10:58:35.4908991Z  delete mode 100644 core/results/event_data13452806078.json
job-stats	Generate workflow statistics	2025-04-23T10:58:35.4909241Z  delete mode 100644 core/results/event_data13452838619.json
job-stats	Generate workflow statistics	2025-04-23T10:58:35.4909490Z  delete mode 100644 core/results/event_data13453677014.json
job-stats	Generate workflow statistics	2025-04-23T10:58:35.4909735Z  delete mode 100644 core/results/event_data13453841921.json
job-stats	Generate workflow statistics	2025-04-23T10:58:35.4909983Z  delete mode 100644 core/results/event_data13454270473.json
job-stats	Generate workflow statistics	2025-04-23T10:58:35.4910233Z  delete mode 100644 core/results/event_data13454310995.json
job-stats	Generate workflow statistics	2025-04-23T10:58:35.4910481Z  delete mode 100644 core/results/event_data13454342482.json
job-stats	Generate workflow statistics	2025-04-23T10:58:35.4910730Z  delete mode 100644 core/results/event_data13454382622.json
job-stats	Generate workflow statistics	2025-04-23T10:58:35.4910982Z  delete mode 100644 core/results/event_data13454536579.json
job-stats	Generate workflow statistics	2025-04-23T10:58:35.4911231Z  delete mode 100644 core/results/event_data13454551339.json
job-stats	Generate workflow statistics	2025-04-23T10:58:35.4911592Z  delete mode 100644 core/results/event_data13454697875.json
job-stats	Generate workflow statistics	2025-04-23T10:58:35.4911846Z  delete mode 100644 core/results/event_data13454864212.json
job-stats	Generate workflow statistics	2025-04-23T10:58:35.4912232Z  delete mode 100644 core/results/event_data13454923957.json
job-stats	Generate workflow statistics	2025-04-23T10:58:35.4912498Z  delete mode 100644 core/results/event_data13455355756.json
job-stats	Generate workflow statistics	2025-04-23T10:58:35.4912766Z  delete mode 100644 core/results/event_data13455392656.json
job-stats	Generate workflow statistics	2025-04-23T10:58:35.4913031Z  delete mode 100644 core/results/event_data13455440053.json
job-stats	Generate workflow statistics	2025-04-23T10:58:35.4913300Z  delete mode 100644 core/results/event_data13455546011.json
job-stats	Generate workflow statistics	2025-04-23T10:58:35.4913567Z  delete mode 100644 core/results/event_data13455579448.json
job-stats	Generate workflow statistics	2025-04-23T10:58:35.4913821Z  delete mode 100644 core/results/event_data13455728864.json
job-stats	Generate workflow statistics	2025-04-23T10:58:35.4914073Z  delete mode 100644 core/results/event_data13456025713.json
job-stats	Generate workflow statistics	2025-04-23T10:58:35.4914324Z  delete mode 100644 core/results/event_data13456196057.json
job-stats	Generate workflow statistics	2025-04-23T10:58:35.4914573Z  delete mode 100644 core/results/event_data13456399931.json
job-stats	Generate workflow statistics	2025-04-23T10:58:35.4914831Z  delete mode 100644 core/results/event_data13456433943.json
job-stats	Generate workflow statistics	2025-04-23T10:58:35.4915077Z  delete mode 100644 core/results/event_data13456492274.json
job-stats	Generate workflow statistics	2025-04-23T10:58:35.4915330Z  delete mode 100644 core/results/event_data13456645803.json
job-stats	Generate workflow statistics	2025-04-23T10:58:35.4915581Z  delete mode 100644 core/results/event_data13456660928.json
job-stats	Generate workflow statistics	2025-04-23T10:58:35.4915831Z  delete mode 100644 core/results/event_data13456774195.json
job-stats	Generate workflow statistics	2025-04-23T10:58:35.4916081Z  delete mode 100644 core/results/event_data13501055093.json
job-stats	Generate workflow statistics	2025-04-23T10:58:35.4916332Z  delete mode 100644 core/results/event_data13501071737.json
job-stats	Generate workflow statistics	2025-04-23T10:58:35.4916587Z  delete mode 100644 core/results/event_data13501223519.json
job-stats	Generate workflow statistics	2025-04-23T10:58:35.4916835Z  delete mode 100644 core/results/event_data13501448651.json
job-stats	Generate workflow statistics	2025-04-23T10:58:35.4917088Z  delete mode 100644 core/results/event_data13501644167.json
job-stats	Generate workflow statistics	2025-04-23T10:58:35.4917338Z  delete mode 100644 core/results/event_data13501702808.json
job-stats	Generate workflow statistics	2025-04-23T10:58:35.4917599Z  delete mode 100644 core/results/event_data13501797056.json
job-stats	Generate workflow statistics	2025-04-23T10:58:35.4917850Z  delete mode 100644 core/results/event_data13501903405.json
job-stats	Generate workflow statistics	2025-04-23T10:58:35.4918102Z  delete mode 100644 core/results/event_data13502217285.json
job-stats	Generate workflow statistics	2025-04-23T10:58:35.4918350Z  delete mode 100644 core/results/event_data13517725517.json
job-stats	Generate workflow statistics	2025-04-23T10:58:35.4918602Z  delete mode 100644 core/results/event_data13517750322.json
job-stats	Generate workflow statistics	2025-04-23T10:58:35.4918857Z  delete mode 100644 core/results/event_data13517954232.json
job-stats	Generate workflow statistics	2025-04-23T10:58:35.4919108Z  delete mode 100644 core/results/event_data13518213919.json
job-stats	Generate workflow statistics	2025-04-23T10:58:35.4919360Z  delete mode 100644 core/results/event_data13518458794.json
job-stats	Generate workflow statistics	2025-04-23T10:58:35.4919610Z  delete mode 100644 core/results/event_data13518721804.json
job-stats	Generate workflow statistics	2025-04-23T10:58:35.4919865Z  delete mode 100644 core/results/event_data13519165884.json
job-stats	Generate workflow statistics	2025-04-23T10:58:35.4920110Z  delete mode 100644 core/results/event_data13519384750.json
job-stats	Generate workflow statistics	2025-04-23T10:58:35.4920468Z  delete mode 100644 core/results/event_data13520474822.json
job-stats	Generate workflow statistics	2025-04-23T10:58:35.4920739Z  delete mode 100644 core/results/event_data13520616276.json
job-stats	Generate workflow statistics	2025-04-23T10:58:35.4921005Z  delete mode 100644 core/results/event_data13520855067.json
job-stats	Generate workflow statistics	2025-04-23T10:58:35.4921271Z  delete mode 100644 core/results/event_data13520973377.json
job-stats	Generate workflow statistics	2025-04-23T10:58:35.4921536Z  delete mode 100644 core/results/event_data13521105293.json
job-stats	Generate workflow statistics	2025-04-23T10:58:35.4921798Z  delete mode 100644 core/results/event_data13521303754.json
job-stats	Generate workflow statistics	2025-04-23T10:58:35.4922094Z  delete mode 100644 core/results/event_data13521351557.json
job-stats	Generate workflow statistics	2025-04-23T10:58:35.4922349Z  delete mode 100644 core/results/event_data13521426155.json
job-stats	Generate workflow statistics	2025-04-23T10:58:35.4922601Z  delete mode 100644 core/results/event_data13521520039.json
job-stats	Generate workflow statistics	2025-04-23T10:58:35.4922868Z  delete mode 100644 core/results/event_data13521796868.json
job-stats	Generate workflow statistics	2025-04-23T10:58:35.4923134Z  delete mode 100644 core/results/event_data13525237278.json
job-stats	Generate workflow statistics	2025-04-23T10:58:35.4923400Z  delete mode 100644 core/results/event_data13525281177.json
job-stats	Generate workflow statistics	2025-04-23T10:58:35.4923792Z  delete mode 100644 core/results/event_data13525324800.json
job-stats	Generate workflow statistics	2025-04-23T10:58:35.4924043Z  delete mode 100644 core/results/event_data13525399212.json
job-stats	Generate workflow statistics	2025-04-23T10:58:35.4924293Z  delete mode 100644 core/results/event_data13525462189.json
job-stats	Generate workflow statistics	2025-04-23T10:58:35.4924543Z  delete mode 100644 core/results/event_data13525575260.json
job-stats	Generate workflow statistics	2025-04-23T10:58:35.4924792Z  delete mode 100644 core/results/event_data13525594912.json
job-stats	Generate workflow statistics	2025-04-23T10:58:35.4925039Z  delete mode 100644 core/results/event_data13525701988.json
job-stats	Generate workflow statistics	2025-04-23T10:58:35.4925282Z  delete mode 100644 core/results/event_data13525720300.json
job-stats	Generate workflow statistics	2025-04-23T10:58:35.4925532Z  delete mode 100644 core/results/event_data13525768323.json
job-stats	Generate workflow statistics	2025-04-23T10:58:35.4925783Z  delete mode 100644 core/results/event_data13525794540.json
job-stats	Generate workflow statistics	2025-04-23T10:58:35.4926030Z  delete mode 100644 core/results/event_data13525867741.json
job-stats	Generate workflow statistics	2025-04-23T10:58:35.4926281Z  delete mode 100644 core/results/event_data13525893693.json
job-stats	Generate workflow statistics	2025-04-23T10:58:35.4926531Z  delete mode 100644 core/results/event_data13526301749.json
job-stats	Generate workflow statistics	2025-04-23T10:58:35.4926785Z  delete mode 100644 core/results/event_data13526324043.json
job-stats	Generate workflow statistics	2025-04-23T10:58:35.4927028Z  delete mode 100644 core/results/event_data13526401167.json
job-stats	Generate workflow statistics	2025-04-23T10:58:35.4927277Z  delete mode 100644 core/results/event_data13526414254.json
job-stats	Generate workflow statistics	2025-04-23T10:58:35.4927525Z  delete mode 100644 core/results/event_data13526501302.json
job-stats	Generate workflow statistics	2025-04-23T10:58:35.4927786Z  delete mode 100644 core/results/event_data13526520277.json
job-stats	Generate workflow statistics	2025-04-23T10:58:35.4928037Z  delete mode 100644 core/results/event_data13526660402.json
job-stats	Generate workflow statistics	2025-04-23T10:58:35.4928283Z  delete mode 100644 core/results/event_data13526672421.json
job-stats	Generate workflow statistics	2025-04-23T10:58:35.4928533Z  delete mode 100644 core/results/event_data13526781947.json
job-stats	Generate workflow statistics	2025-04-23T10:58:35.4928786Z  delete mode 100644 core/results/event_data13526793615.json
job-stats	Generate workflow statistics	2025-04-23T10:58:35.4929035Z  delete mode 100644 core/results/event_data13626210093.json
job-stats	Generate workflow statistics	2025-04-23T10:58:35.4929285Z  delete mode 100644 core/results/event_data13904181171.json
job-stats	Generate workflow statistics	2025-04-23T10:58:35.4929539Z  delete mode 100644 core/results/event_data14038714142.json
job-stats	Generate workflow statistics	2025-04-23T10:58:35.4929789Z  delete mode 100644 core/results/event_data14040331291.json
job-stats	Generate workflow statistics	2025-04-23T10:58:35.4930038Z  delete mode 100644 core/results/event_data14054390859.json
job-stats	Generate workflow statistics	2025-04-23T10:58:35.4930291Z  delete mode 100644 core/results/event_data14057695227.json
job-stats	Generate workflow statistics	2025-04-23T10:58:35.4930541Z  delete mode 100644 core/results/event_data14058268820.json
job-stats	Generate workflow statistics	2025-04-23T10:58:35.4930789Z  delete mode 100644 core/results/event_data14059268573.json
job-stats	Generate workflow statistics	2025-04-23T10:58:35.4931037Z  delete mode 100644 core/results/event_data14059514614.json
job-stats	Generate workflow statistics	2025-04-23T10:58:35.4931285Z  delete mode 100644 core/results/event_data14077979686.json
job-stats	Generate workflow statistics	2025-04-23T10:58:35.4931531Z  delete mode 100644 core/results/event_data14078154270.json
job-stats	Generate workflow statistics	2025-04-23T10:58:35.4931783Z  delete mode 100644 core/results/event_data14079442629.json
job-stats	Generate workflow statistics	2025-04-23T10:58:35.4932106Z  delete mode 100644 core/results/event_data14079768478.json
job-stats	Generate workflow statistics	2025-04-23T10:58:35.4932359Z  delete mode 100644 core/results/event_data14079840901.json
job-stats	Generate workflow statistics	2025-04-23T10:58:35.4932617Z  delete mode 100644 core/results/event_data14080943654.json
job-stats	Generate workflow statistics	2025-04-23T10:58:35.4932865Z  delete mode 100644 core/results/event_data14081424992.json
job-stats	Generate workflow statistics	2025-04-23T10:58:35.4933111Z  delete mode 100644 core/results/event_data14081516569.json
job-stats	Generate workflow statistics	2025-04-23T10:58:35.4933356Z  delete mode 100644 core/results/event_data14081740499.json
job-stats	Generate workflow statistics	2025-04-23T10:58:35.4933606Z  delete mode 100644 core/results/event_data14081867340.json
job-stats	Generate workflow statistics	2025-04-23T10:58:35.4933854Z  delete mode 100644 core/results/event_data14082069951.json
job-stats	Generate workflow statistics	2025-04-23T10:58:35.4934103Z  delete mode 100644 core/results/event_data14082371523.json
job-stats	Generate workflow statistics	2025-04-23T10:58:35.4934352Z  delete mode 100644 core/results/event_data14082522310.json
job-stats	Generate workflow statistics	2025-04-23T10:58:35.4934601Z  delete mode 100644 core/results/event_data14082616695.json
job-stats	Generate workflow statistics	2025-04-23T10:58:35.4934884Z  delete mode 100644 core/results/event_data14082659801.json
job-stats	Generate workflow statistics	2025-04-23T10:58:35.4935130Z  delete mode 100644 core/results/event_data14083073763.json
job-stats	Generate workflow statistics	2025-04-23T10:58:35.4935488Z  delete mode 100644 core/results/event_data14083415361.json
job-stats	Generate workflow statistics	2025-04-23T10:58:35.4935737Z  delete mode 100644 core/results/event_data14083665015.json
job-stats	Generate workflow statistics	2025-04-23T10:58:35.4935991Z  delete mode 100644 core/results/event_data14102458457.json
job-stats	Generate workflow statistics	2025-04-23T10:58:35.4936242Z  delete mode 100644 core/results/event_data14104013570.json
job-stats	Generate workflow statistics	2025-04-23T10:58:35.4936494Z  delete mode 100644 core/results/event_data14104364261.json
job-stats	Generate workflow statistics	2025-04-23T10:58:35.4936738Z  delete mode 100644 core/results/event_data14104656814.json
job-stats	Generate workflow statistics	2025-04-23T10:58:35.4936987Z  delete mode 100644 core/results/event_data14104912407.json
job-stats	Generate workflow statistics	2025-04-23T10:58:35.4937240Z  delete mode 100644 core/results/event_data14105288066.json
job-stats	Generate workflow statistics	2025-04-23T10:58:35.4937491Z  delete mode 100644 core/results/event_data14124198527.json
job-stats	Generate workflow statistics	2025-04-23T10:58:35.4937739Z  delete mode 100644 core/results/event_data14124664270.json
job-stats	Generate workflow statistics	2025-04-23T10:58:35.4938001Z  delete mode 100644 core/results/event_data_14109251901.json
job-stats	Generate workflow statistics	2025-04-23T10:58:35.4938266Z  delete mode 100644 core/results/event_data_14109292096.json
job-stats	Generate workflow statistics	2025-04-23T10:58:35.4938529Z  delete mode 100644 core/results/event_data_14110458112.json
job-stats	Generate workflow statistics	2025-04-23T10:58:35.4938784Z  delete mode 100644 core/results/event_data_14110718971.json
job-stats	Generate workflow statistics	2025-04-23T10:58:35.4939038Z  delete mode 100644 core/results/event_data_14111030523.json
job-stats	Generate workflow statistics	2025-04-23T10:58:35.4939292Z  delete mode 100644 core/results/event_data_14111208798.json
job-stats	Generate workflow statistics	2025-04-23T10:58:35.4939549Z  delete mode 100644 core/results/event_data_14124151573.json
job-stats	Generate workflow statistics	2025-04-23T10:58:35.4939805Z  delete mode 100644 core/results/event_data_14125357755.json
job-stats	Generate workflow statistics	2025-04-23T10:58:35.4940052Z  delete mode 100644 core/results/event_data_14126135280.json
job-stats	Generate workflow statistics	2025-04-23T10:58:35.4940305Z  delete mode 100644 core/results/event_data_14127143604.json
job-stats	Generate workflow statistics	2025-04-23T10:58:35.4940558Z  delete mode 100644 core/results/event_data_14127460319.json
job-stats	Generate workflow statistics	2025-04-23T10:58:35.4940811Z  delete mode 100644 core/results/event_data_14127684643.json
job-stats	Generate workflow statistics	2025-04-23T10:58:35.4941064Z  delete mode 100644 core/results/event_data_14127918809.json
job-stats	Generate workflow statistics	2025-04-23T10:58:35.4941324Z  delete mode 100644 core/results/event_data_14128170421.json
job-stats	Generate workflow statistics	2025-04-23T10:58:35.4941577Z  delete mode 100644 core/results/event_data_14128342788.json
job-stats	Generate workflow statistics	2025-04-23T10:58:35.4941827Z  delete mode 100644 core/results/event_data_14166768315.json
job-stats	Generate workflow statistics	2025-04-23T10:58:35.4942118Z  delete mode 100644 core/results/event_data_14166973606.json
job-stats	Generate workflow statistics	2025-04-23T10:58:35.4942500Z  delete mode 100644 core/results/event_data_14167696469.json
job-stats	Generate workflow statistics	2025-04-23T10:58:35.4942770Z  delete mode 100644 core/results/event_data_14169638590.json
job-stats	Generate workflow statistics	2025-04-23T10:58:35.4943040Z  delete mode 100644 core/results/event_data_14169783228.json
job-stats	Generate workflow statistics	2025-04-23T10:58:35.4943311Z  delete mode 100644 core/results/event_data_14170317764.json
job-stats	Generate workflow statistics	2025-04-23T10:58:35.4943574Z  delete mode 100644 core/results/event_data_14173454264.json
job-stats	Generate workflow statistics	2025-04-23T10:58:35.4943845Z  delete mode 100644 core/results/event_data_14173684316.json
job-stats	Generate workflow statistics	2025-04-23T10:58:35.4944101Z  delete mode 100644 core/results/event_data_14174056716.json
job-stats	Generate workflow statistics	2025-04-23T10:58:35.4944356Z  delete mode 100644 core/results/event_data_14174372091.json
job-stats	Generate workflow statistics	2025-04-23T10:58:35.4944618Z  delete mode 100644 core/results/event_data_14174597726.json
job-stats	Generate workflow statistics	2025-04-23T10:58:35.4944873Z  delete mode 100644 core/results/event_data_14188707037.json
job-stats	Generate workflow statistics	2025-04-23T10:58:35.4945126Z  delete mode 100644 core/results/event_data_14188829039.json
job-stats	Generate workflow statistics	2025-04-23T10:58:35.4945374Z  delete mode 100644 core/results/event_data_14188971812.json
job-stats	Generate workflow statistics	2025-04-23T10:58:35.4945630Z  delete mode 100644 core/results/event_data_14189358506.json
job-stats	Generate workflow statistics	2025-04-23T10:58:35.4945884Z  delete mode 100644 core/results/event_data_14191001478.json
job-stats	Generate workflow statistics	2025-04-23T10:58:35.4946138Z  delete mode 100644 core/results/event_data_14191135516.json
job-stats	Generate workflow statistics	2025-04-23T10:58:35.4946396Z  delete mode 100644 core/results/event_data_14192495207.json
job-stats	Generate workflow statistics	2025-04-23T10:58:35.4946648Z  delete mode 100644 core/results/event_data_14192530220.json
job-stats	Generate workflow statistics	2025-04-23T10:58:35.4946897Z  delete mode 100644 core/results/event_data_14192632862.json
job-stats	Generate workflow statistics	2025-04-23T10:58:35.4947154Z  delete mode 100644 core/results/event_data_14194087967.json
job-stats	Generate workflow statistics	2025-04-23T10:58:35.4947524Z  delete mode 100644 core/results/event_data_14194189360.json
job-stats	Generate workflow statistics	2025-04-23T10:58:35.4947783Z  delete mode 100644 core/results/event_data_14213662479.json
job-stats	Generate workflow statistics	2025-04-23T10:58:35.4948044Z  delete mode 100644 core/results/event_data_14213762520.json
job-stats	Generate workflow statistics	2025-04-23T10:58:35.4948299Z  delete mode 100644 core/results/event_data_14213852846.json
job-stats	Generate workflow statistics	2025-04-23T10:58:35.4948555Z  delete mode 100644 core/results/event_data_14214468485.json
job-stats	Generate workflow statistics	2025-04-23T10:58:35.4948804Z  delete mode 100644 core/results/event_data_14214559356.json
job-stats	Generate workflow statistics	2025-04-23T10:58:35.4949062Z  delete mode 100644 core/results/event_data_14214574225.json
job-stats	Generate workflow statistics	2025-04-23T10:58:35.4949319Z  delete mode 100644 core/results/event_data_14214995888.json
job-stats	Generate workflow statistics	2025-04-23T10:58:35.4949574Z  delete mode 100644 core/results/event_data_14215637066.json
job-stats	Generate workflow statistics	2025-04-23T10:58:35.4949832Z  delete mode 100644 core/results/event_data_14215788905.json
job-stats	Generate workflow statistics	2025-04-23T10:58:35.4950087Z  delete mode 100644 core/results/event_data_14215955159.json
job-stats	Generate workflow statistics	2025-04-23T10:58:35.4950341Z  delete mode 100644 core/results/event_data_14216237528.json
job-stats	Generate workflow statistics	2025-04-23T10:58:35.4950594Z  delete mode 100644 core/results/event_data_14216355931.json
job-stats	Generate workflow statistics	2025-04-23T10:58:35.4950851Z  delete mode 100644 core/results/event_data_14216470390.json
job-stats	Generate workflow statistics	2025-04-23T10:58:35.4951107Z  delete mode 100644 core/results/event_data_14216751090.json
job-stats	Generate workflow statistics	2025-04-23T10:58:35.4955350Z  delete mode 100644 core/results/event_data_14217103667.json
job-stats	Generate workflow statistics	2025-04-23T10:58:35.4955620Z  delete mode 100644 core/results/event_data_14217290943.json
job-stats	Generate workflow statistics	2025-04-23T10:58:35.4955875Z  delete mode 100644 core/results/event_data_14217400262.json
job-stats	Generate workflow statistics	2025-04-23T10:58:35.4956130Z  delete mode 100644 core/results/event_data_14217519973.json
job-stats	Generate workflow statistics	2025-04-23T10:58:35.4956379Z  delete mode 100644 core/results/event_data_14217621115.json
job-stats	Generate workflow statistics	2025-04-23T10:58:35.4956635Z  delete mode 100644 core/results/event_data_14218113760.json
job-stats	Generate workflow statistics	2025-04-23T10:58:35.4956887Z  delete mode 100644 core/results/event_data_14218252868.json
job-stats	Generate workflow statistics	2025-04-23T10:58:35.4957143Z  delete mode 100644 core/results/event_data_14218720890.json
job-stats	Generate workflow statistics	2025-04-23T10:58:35.4957405Z  delete mode 100644 core/results/event_data_14218866675.json
job-stats	Generate workflow statistics	2025-04-23T10:58:35.4957658Z  delete mode 100644 core/results/event_data_14218995107.json
job-stats	Generate workflow statistics	2025-04-23T10:58:35.4957910Z  delete mode 100644 core/results/event_data_14219146011.json
job-stats	Generate workflow statistics	2025-04-23T10:58:35.4958163Z  delete mode 100644 core/results/event_data_14220876563.json
job-stats	Generate workflow statistics	2025-04-23T10:58:35.4958415Z  delete mode 100644 core/results/event_data_14220989170.json
job-stats	Generate workflow statistics	2025-04-23T10:58:35.4958671Z  delete mode 100644 core/results/event_data_14221036549.json
job-stats	Generate workflow statistics	2025-04-23T10:58:35.4958927Z  delete mode 100644 core/results/event_data_14221192505.json
job-stats	Generate workflow statistics	2025-04-23T10:58:35.4959182Z  delete mode 100644 core/results/event_data_14221465938.json
job-stats	Generate workflow statistics	2025-04-23T10:58:35.4959436Z  delete mode 100644 core/results/event_data_14221470395.json
job-stats	Generate workflow statistics	2025-04-23T10:58:35.4959687Z  delete mode 100644 core/results/event_data_14221762604.json
job-stats	Generate workflow statistics	2025-04-23T10:58:35.4959943Z  delete mode 100644 core/results/event_data_14222053738.json
job-stats	Generate workflow statistics	2025-04-23T10:58:35.4960202Z  delete mode 100644 core/results/event_data_14222060805.json
job-stats	Generate workflow statistics	2025-04-23T10:58:35.4960454Z  delete mode 100644 core/results/event_data_14222383483.json
job-stats	Generate workflow statistics	2025-04-23T10:58:35.4960710Z  delete mode 100644 core/results/event_data_14222852410.json
job-stats	Generate workflow statistics	2025-04-23T10:58:35.4960962Z  delete mode 100644 core/results/event_data_14236187098.json
job-stats	Generate workflow statistics	2025-04-23T10:58:35.4961214Z  delete mode 100644 core/results/event_data_14236638237.json
job-stats	Generate workflow statistics	2025-04-23T10:58:35.4961470Z  delete mode 100644 core/results/event_data_14237229550.json
job-stats	Generate workflow statistics	2025-04-23T10:58:35.4961723Z  delete mode 100644 core/results/event_data_14237235173.json
job-stats	Generate workflow statistics	2025-04-23T10:58:35.4961975Z  delete mode 100644 core/results/event_data_14237320354.json
job-stats	Generate workflow statistics	2025-04-23T10:58:35.4962267Z  delete mode 100644 core/results/event_data_14237669007.json
job-stats	Generate workflow statistics	2025-04-23T10:58:35.4962588Z  delete mode 100644 core/results/event_data_14237795820.json
job-stats	Generate workflow statistics	2025-04-23T10:58:35.4962858Z  delete mode 100644 core/results/event_data_14237927203.json
job-stats	Generate workflow statistics	2025-04-23T10:58:35.4963121Z  delete mode 100644 core/results/event_data_14237983781.json
job-stats	Generate workflow statistics	2025-04-23T10:58:35.4963568Z  delete mode 100644 core/results/event_data_14238100925.json
job-stats	Generate workflow statistics	2025-04-23T10:58:35.4963840Z  delete mode 100644 core/results/event_data_14238127536.json
job-stats	Generate workflow statistics	2025-04-23T10:58:35.4964119Z  delete mode 100644 core/results/event_data_14238177440.json
job-stats	Generate workflow statistics	2025-04-23T10:58:35.4964373Z  delete mode 100644 core/results/event_data_14238193942.json
job-stats	Generate workflow statistics	2025-04-23T10:58:35.4964629Z  delete mode 100644 core/results/event_data_14238309214.json
job-stats	Generate workflow statistics	2025-04-23T10:58:35.4964878Z  delete mode 100644 core/results/event_data_14238516683.json
job-stats	Generate workflow statistics	2025-04-23T10:58:35.4965136Z  delete mode 100644 core/results/event_data_14238738999.json
job-stats	Generate workflow statistics	2025-04-23T10:58:35.4965393Z  delete mode 100644 core/results/event_data_14238773710.json
job-stats	Generate workflow statistics	2025-04-23T10:58:35.4965649Z  delete mode 100644 core/results/event_data_14238802308.json
job-stats	Generate workflow statistics	2025-04-23T10:58:35.4965901Z  delete mode 100644 core/results/event_data_14238844999.json
job-stats	Generate workflow statistics	2025-04-23T10:58:35.4966155Z  delete mode 100644 core/results/event_data_14238900569.json
job-stats	Generate workflow statistics	2025-04-23T10:58:35.4966418Z  delete mode 100644 core/results/event_data_14239382528.json
job-stats	Generate workflow statistics	2025-04-23T10:58:35.4966670Z  delete mode 100644 core/results/event_data_14239503991.json
job-stats	Generate workflow statistics	2025-04-23T10:58:35.4966925Z  delete mode 100644 core/results/event_data_14240044808.json
job-stats	Generate workflow statistics	2025-04-23T10:58:35.4967179Z  delete mode 100644 core/results/event_data_14240050881.json
job-stats	Generate workflow statistics	2025-04-23T10:58:35.4967434Z  delete mode 100644 core/results/event_data_14240113306.json
job-stats	Generate workflow statistics	2025-04-23T10:58:35.4967688Z  delete mode 100644 core/results/event_data_14240252635.json
job-stats	Generate workflow statistics	2025-04-23T10:58:35.4967940Z  delete mode 100644 core/results/event_data_14240390356.json
job-stats	Generate workflow statistics	2025-04-23T10:58:35.4968195Z  delete mode 100644 core/results/event_data_14240643151.json
job-stats	Generate workflow statistics	2025-04-23T10:58:35.4968445Z  delete mode 100644 core/results/event_data_14240680668.json
job-stats	Generate workflow statistics	2025-04-23T10:58:35.4968702Z  delete mode 100644 core/results/event_data_14241328643.json
job-stats	Generate workflow statistics	2025-04-23T10:58:35.4968953Z  delete mode 100644 core/results/event_data_14241924994.json
job-stats	Generate workflow statistics	2025-04-23T10:58:35.4969214Z  create mode 100644 core/results/event_data_14246165541.json
job-stats	Generate workflow statistics	2025-04-23T10:58:35.4969481Z  create mode 100644 core/results/event_data_14246165541.json.bak
job-stats	Generate workflow statistics	2025-04-23T10:58:35.4969750Z  create mode 100644 core/results/event_data_14246693517.json
job-stats	Generate workflow statistics	2025-04-23T10:58:35.4970010Z  create mode 100644 core/results/event_data_14246693517.json.bak
job-stats	Generate workflow statistics	2025-04-23T10:58:35.4970277Z  create mode 100644 core/results/event_data_14246882760.json
job-stats	Generate workflow statistics	2025-04-23T10:58:35.4970543Z  create mode 100644 core/results/event_data_14246882760.json.bak
job-stats	Generate workflow statistics	2025-04-23T10:58:35.4970807Z  create mode 100644 core/results/event_data_14246944040.json
job-stats	Generate workflow statistics	2025-04-23T10:58:35.4971071Z  create mode 100644 core/results/event_data_14246944040.json.bak
job-stats	Generate workflow statistics	2025-04-23T10:58:35.4971344Z  create mode 100644 core/results/k/event_data_14247060107.json
job-stats	Generate workflow statistics	2025-04-23T10:58:35.4971620Z  create mode 100644 core/results/k/event_data_14247060107.json.bak
job-stats	Generate workflow statistics	2025-04-23T10:58:35.4971893Z  create mode 100644 core/results/k/event_data_14247172425.json
job-stats	Generate workflow statistics	2025-04-23T10:58:35.4972202Z  create mode 100644 core/results/k/event_data_14247172425.json.bak
job-stats	Generate workflow statistics	2025-04-23T10:58:35.4972424Z  create mode 100644 core/results/k/event_data_14261137732.json
job-stats	Generate workflow statistics	2025-04-23T10:58:35.4972542Z  create mode 100644 core/results/k/event_data_14261137732.json.bak
job-stats	Generate workflow statistics	2025-04-23T10:58:35.4972657Z  create mode 100644 core/results/k/event_data_14261197622.json
job-stats	Generate workflow statistics	2025-04-23T10:58:35.4972774Z  create mode 100644 core/results/k/event_data_14261197622.json.bak
job-stats	Generate workflow statistics	2025-04-23T10:58:35.4972884Z  create mode 100644 core/results/k/event_data_14261815193.json
job-stats	Generate workflow statistics	2025-04-23T10:58:35.4973005Z  create mode 100644 core/results/k/event_data_14261815193.json.bak
job-stats	Generate workflow statistics	2025-04-23T10:58:35.4973119Z  create mode 100644 core/results/k/event_data_14262563294.json
job-stats	Generate workflow statistics	2025-04-23T10:58:35.4973240Z  create mode 100644 core/results/k/event_data_14262563294.json.bak
job-stats	Generate workflow statistics	2025-04-23T10:58:35.4973443Z jq: error: $work_id is not defined at <top-level>, line 1:
job-stats	Generate workflow statistics	2025-04-23T10:58:35.4973686Z [.[] | select(.workflow_id = $work_id and .run_started_at != null and .updated_at != null) | {                             
job-stats	Generate workflow statistics	2025-04-23T10:58:35.4973862Z jq: 1 compile error
job-stats	Generate workflow statistics	2025-04-23T10:58:35.4982364Z ##[error]Process completed with exit code 3.
job-stats	Post Checkout repository	﻿2025-04-23T10:58:35.5048163Z Post job cleanup.
job-stats	Post Checkout repository	2025-04-23T10:58:35.5753843Z [command]/usr/bin/git version
job-stats	Post Checkout repository	2025-04-23T10:58:35.5783822Z git version 2.43.0
job-stats	Post Checkout repository	2025-04-23T10:58:35.5810533Z Copying '/home/kaos/.gitconfig' to '/actions-runner/_work/_temp/241e81a2-3bd0-425f-a8b8-524e05b6b585/.gitconfig'
job-stats	Post Checkout repository	2025-04-23T10:58:35.5821864Z Temporarily overriding HOME='/actions-runner/_work/_temp/241e81a2-3bd0-425f-a8b8-524e05b6b585' before making global git config changes
job-stats	Post Checkout repository	2025-04-23T10:58:35.5822754Z Adding repository directory to the temporary git global config as a safe directory
job-stats	Post Checkout repository	2025-04-23T10:58:35.5826023Z [command]/usr/bin/git config --global --add safe.directory /actions-runner/_work/ka0s/ka0s
job-stats	Post Checkout repository	2025-04-23T10:58:35.5858646Z [command]/usr/bin/git config --local --name-only --get-regexp core\.sshCommand
job-stats	Post Checkout repository	2025-04-23T10:58:35.5887041Z [command]/usr/bin/git submodule foreach --recursive sh -c "git config --local --name-only --get-regexp 'core\.sshCommand' && git config --local --unset-all 'core.sshCommand' || :"
job-stats	Post Checkout repository	2025-04-23T10:58:35.6125479Z [command]/usr/bin/git config --local --name-only --get-regexp http\.https\:\/\/github\.com\/\.extraheader
job-stats	Post Checkout repository	2025-04-23T10:58:35.6145105Z http.https://github.com/.extraheader
job-stats	Post Checkout repository	2025-04-23T10:58:35.6157115Z [command]/usr/bin/git config --local --unset-all http.https://github.com/.extraheader
job-stats	Post Checkout repository	2025-04-23T10:58:35.6191097Z [command]/usr/bin/git submodule foreach --recursive sh -c "git config --local --name-only --get-regexp 'http\.https\:\/\/github\.com\/\.extraheader' && git config --local --unset-all 'http.https://github.com/.extraheader' || :"
job-stats	Complete job	﻿2025-04-23T10:58:35.6519978Z Cleaning up orphan processes
handle_failure	Set up job	﻿2025-04-23T11:11:02.5486198Z Current runner version: '2.323.0'
handle_failure	Set up job	2025-04-23T11:11:02.5507079Z Runner name: 'ka0s-2'
handle_failure	Set up job	2025-04-23T11:11:02.5508865Z Machine name: '419612ea1a87'
handle_failure	Set up job	2025-04-23T11:11:02.5513121Z ##[group]GITHUB_TOKEN Permissions
handle_failure	Set up job	2025-04-23T11:11:02.5517105Z Contents: read
handle_failure	Set up job	2025-04-23T11:11:02.5518254Z Metadata: read
handle_failure	Set up job	2025-04-23T11:11:02.5519071Z Packages: read
handle_failure	Set up job	2025-04-23T11:11:02.5519841Z ##[endgroup]
handle_failure	Set up job	2025-04-23T11:11:02.5525532Z Secret source: Actions
handle_failure	Set up job	2025-04-23T11:11:02.5526810Z Prepare workflow directory
handle_failure	Set up job	2025-04-23T11:11:02.6842541Z Prepare all required actions
handle_failure	Set up job	2025-04-23T11:11:02.6910235Z Getting action download info
handle_failure	Set up job	2025-04-23T11:11:03.7049440Z Download action repository 'actions/checkout@v4' (SHA:11bd71901bbe5b1630ceea73d27597364c9af683)
handle_failure	Set up job	2025-04-23T11:11:10.8948350Z Complete job name: handle_failure
handle_failure	Checkout code	﻿2025-04-23T11:11:11.0752431Z ##[group]Run actions/checkout@v4
handle_failure	Checkout code	2025-04-23T11:11:11.0755462Z with:
handle_failure	Checkout code	2025-04-23T11:11:11.0757906Z   fetch-depth: 0
handle_failure	Checkout code	2025-04-23T11:11:11.0760392Z   token: ***
handle_failure	Checkout code	2025-04-23T11:11:11.0762865Z   repository: Ka0s-Klaus/ka0s
handle_failure	Checkout code	2025-04-23T11:11:11.0765554Z   ssh-strict: true
handle_failure	Checkout code	2025-04-23T11:11:11.0767463Z   ssh-user: git
handle_failure	Checkout code	2025-04-23T11:11:11.0770005Z   persist-credentials: true
handle_failure	Checkout code	2025-04-23T11:11:11.0773485Z   clean: true
handle_failure	Checkout code	2025-04-23T11:11:11.0775801Z   sparse-checkout-cone-mode: true
handle_failure	Checkout code	2025-04-23T11:11:11.0777952Z   fetch-tags: false
handle_failure	Checkout code	2025-04-23T11:11:11.0780036Z   show-progress: true
handle_failure	Checkout code	2025-04-23T11:11:11.0782090Z   lfs: false
handle_failure	Checkout code	2025-04-23T11:11:11.0784305Z   submodules: false
handle_failure	Checkout code	2025-04-23T11:11:11.0786170Z   set-safe-directory: true
handle_failure	Checkout code	2025-04-23T11:11:11.0790226Z env:
handle_failure	Checkout code	2025-04-23T11:11:11.0792861Z   KAOS_CODE: 14242153311
handle_failure	Checkout code	2025-04-23T11:11:11.0796146Z   KAOS_EVENT_NAME: workflow_dispatch
handle_failure	Checkout code	2025-04-23T11:11:11.0799098Z   KAOS_ACTION: 
handle_failure	Checkout code	2025-04-23T11:11:11.0801504Z   KAOS_REF: refs/heads/H215-modulo-de-summary
handle_failure	Checkout code	2025-04-23T11:11:11.0805573Z   KAOS_MODULE: [Ka0S] Workflow Statistics Summary
handle_failure	Checkout code	2025-04-23T11:11:11.0811827Z   KAOS_PATH_RESUME: core/outputs/w/
handle_failure	Checkout code	2025-04-23T11:11:11.0816945Z   KAOS_JSON: core/results/event_data_
handle_failure	Checkout code	2025-04-23T11:11:11.0821993Z   KAOS_ACTOR: ka0score
handle_failure	Checkout code	2025-04-23T11:11:11.0823258Z ##[endgroup]
handle_failure	Checkout code	2025-04-23T11:11:11.4196618Z Syncing repository: Ka0s-Klaus/ka0s
handle_failure	Checkout code	2025-04-23T11:11:11.4202703Z ##[group]Getting Git version info
handle_failure	Checkout code	2025-04-23T11:11:11.4205588Z Working directory is '/actions-runner/_work/ka0s/ka0s'
handle_failure	Checkout code	2025-04-23T11:11:11.4209697Z [command]/usr/bin/git version
handle_failure	Checkout code	2025-04-23T11:11:11.4212272Z git version 2.48.1
handle_failure	Checkout code	2025-04-23T11:11:11.4220393Z ##[endgroup]
handle_failure	Checkout code	2025-04-23T11:11:11.4233207Z Copying '/home/kaos/.gitconfig' to '/actions-runner/_work/_temp/8cde1116-9427-4ff4-97d3-824674a7ff73/.gitconfig'
handle_failure	Checkout code	2025-04-23T11:11:11.4241020Z Temporarily overriding HOME='/actions-runner/_work/_temp/8cde1116-9427-4ff4-97d3-824674a7ff73' before making global git config changes
handle_failure	Checkout code	2025-04-23T11:11:11.4247924Z Adding repository directory to the temporary git global config as a safe directory
handle_failure	Checkout code	2025-04-23T11:11:11.4253167Z [command]/usr/bin/git config --global --add safe.directory /actions-runner/_work/ka0s/ka0s
handle_failure	Checkout code	2025-04-23T11:11:11.4260215Z [command]/usr/bin/git config --local --get remote.origin.url
handle_failure	Checkout code	2025-04-23T11:11:11.4301187Z https://github.com/Ka0s-Klaus/ka0s
handle_failure	Checkout code	2025-04-23T11:11:11.4308503Z ##[group]Removing previously created refs, to avoid conflicts
handle_failure	Checkout code	2025-04-23T11:11:11.4312784Z [command]/usr/bin/git rev-parse --symbolic-full-name --verify --quiet HEAD
handle_failure	Checkout code	2025-04-23T11:11:11.4316419Z refs/heads/H34-modulo-iac-kaos
handle_failure	Checkout code	2025-04-23T11:11:11.4333577Z [command]/usr/bin/git checkout --detach
handle_failure	Checkout code	2025-04-23T11:11:11.4657793Z HEAD is now at ee8d0964 III PRUEBA MD INCORRECTO
handle_failure	Checkout code	2025-04-23T11:11:11.4868406Z [command]/usr/bin/git branch --delete --force H34-modulo-iac-kaos
handle_failure	Checkout code	2025-04-23T11:11:11.4912018Z Deleted branch H34-modulo-iac-kaos (was ee8d0964).
handle_failure	Checkout code	2025-04-23T11:11:11.5202398Z ##[endgroup]
handle_failure	Checkout code	2025-04-23T11:11:11.5205794Z [command]/usr/bin/git submodule status
handle_failure	Checkout code	2025-04-23T11:11:11.5668633Z ##[group]Cleaning the repository
handle_failure	Checkout code	2025-04-23T11:11:11.5674101Z [command]/usr/bin/git clean -ffdx
handle_failure	Checkout code	2025-04-23T11:11:11.5747343Z [command]/usr/bin/git reset --hard HEAD
handle_failure	Checkout code	2025-04-23T11:11:11.5893362Z HEAD is now at ee8d0964 III PRUEBA MD INCORRECTO
handle_failure	Checkout code	2025-04-23T11:11:11.5954328Z ##[endgroup]
handle_failure	Checkout code	2025-04-23T11:11:11.5963135Z ##[group]Disabling automatic garbage collection
handle_failure	Checkout code	2025-04-23T11:11:11.5968179Z [command]/usr/bin/git config --local gc.auto 0
handle_failure	Checkout code	2025-04-23T11:11:11.5987380Z ##[endgroup]
handle_failure	Checkout code	2025-04-23T11:11:11.5992306Z ##[group]Setting up auth
handle_failure	Checkout code	2025-04-23T11:11:11.5997521Z [command]/usr/bin/git config --local --name-only --get-regexp core\.sshCommand
handle_failure	Checkout code	2025-04-23T11:11:11.6091068Z [command]/usr/bin/git submodule foreach --recursive sh -c "git config --local --name-only --get-regexp 'core\.sshCommand' && git config --local --unset-all 'core.sshCommand' || :"
handle_failure	Checkout code	2025-04-23T11:11:11.6696306Z [command]/usr/bin/git config --local --name-only --get-regexp http\.https\:\/\/github\.com\/\.extraheader
handle_failure	Checkout code	2025-04-23T11:11:11.6841332Z [command]/usr/bin/git submodule foreach --recursive sh -c "git config --local --name-only --get-regexp 'http\.https\:\/\/github\.com\/\.extraheader' && git config --local --unset-all 'http.https://github.com/.extraheader' || :"
handle_failure	Checkout code	2025-04-23T11:11:11.8052146Z [command]/usr/bin/git config --local http.https://github.com/.extraheader AUTHORIZATION: basic ***
handle_failure	Checkout code	2025-04-23T11:11:11.8211039Z ##[endgroup]
handle_failure	Checkout code	2025-04-23T11:11:11.8238151Z ##[group]Fetching the repository
handle_failure	Checkout code	2025-04-23T11:11:11.8305607Z [command]/usr/bin/git -c protocol.version=2 fetch --prune --no-recurse-submodules origin +refs/heads/*:refs/remotes/origin/* +refs/tags/*:refs/tags/*
handle_failure	Checkout code	2025-04-23T11:11:12.7072493Z From https://github.com/Ka0s-Klaus/ka0s
handle_failure	Checkout code	2025-04-23T11:11:12.7074279Z  - [deleted]           (none)     -> origin/H34-modulo-iac-kaos
handle_failure	Checkout code	2025-04-23T11:11:13.0938248Z    3635d599..a54f2e34  main       -> origin/main
handle_failure	Checkout code	2025-04-23T11:11:13.1094806Z [command]/usr/bin/git branch --list --remote origin/H215-modulo-de-summary
handle_failure	Checkout code	2025-04-23T11:11:13.1257060Z   origin/H215-modulo-de-summary
handle_failure	Checkout code	2025-04-23T11:11:13.1265955Z [command]/usr/bin/git rev-parse refs/remotes/origin/H215-modulo-de-summary
handle_failure	Checkout code	2025-04-23T11:11:13.1345806Z be8bef882b98371a98b61b4341e9114465f4cc96
handle_failure	Checkout code	2025-04-23T11:11:13.1379228Z [command]/usr/bin/git -c protocol.version=2 fetch --no-tags --prune --no-recurse-submodules origin +3545d54feef1729e5a644448707db93f7c9ae34f:refs/remotes/origin/H215-modulo-de-summary
handle_failure	Checkout code	2025-04-23T11:11:13.9471062Z From https://github.com/Ka0s-Klaus/ka0s
handle_failure	Checkout code	2025-04-23T11:11:13.9476001Z  + be8bef88...3545d54f 3545d54feef1729e5a644448707db93f7c9ae34f -> origin/H215-modulo-de-summary  (forced update)
handle_failure	Checkout code	2025-04-23T11:11:13.9674647Z ##[endgroup]
handle_failure	Checkout code	2025-04-23T11:11:13.9675978Z ##[group]Determining the checkout info
handle_failure	Checkout code	2025-04-23T11:11:13.9716340Z ##[endgroup]
handle_failure	Checkout code	2025-04-23T11:11:13.9721279Z [command]/usr/bin/git sparse-checkout disable
handle_failure	Checkout code	2025-04-23T11:11:14.0164336Z [command]/usr/bin/git config --local --unset-all extensions.worktreeConfig
handle_failure	Checkout code	2025-04-23T11:11:14.0342630Z ##[group]Checking out the ref
handle_failure	Checkout code	2025-04-23T11:11:14.0350628Z [command]/usr/bin/git checkout --progress --force -B H215-modulo-de-summary refs/remotes/origin/H215-modulo-de-summary
handle_failure	Checkout code	2025-04-23T11:11:15.0844033Z Previous HEAD position was ee8d0964 III PRUEBA MD INCORRECTO
handle_failure	Checkout code	2025-04-23T11:11:15.0908609Z Switched to a new branch 'H215-modulo-de-summary'
handle_failure	Checkout code	2025-04-23T11:11:15.0914221Z branch 'H215-modulo-de-summary' set up to track 'origin/H215-modulo-de-summary'.
handle_failure	Checkout code	2025-04-23T11:11:15.0997198Z ##[endgroup]
handle_failure	Checkout code	2025-04-23T11:11:15.1074968Z [command]/usr/bin/git log -1 --format=%H
handle_failure	Checkout code	2025-04-23T11:11:15.1169651Z 3545d54feef1729e5a644448707db93f7c9ae34f
handle_failure	handle-failure-execution	﻿2025-04-23T11:11:15.1588649Z ##[group]Run echo "Error detected in process"
handle_failure	handle-failure-execution	2025-04-23T11:11:15.1589286Z [36;1mecho "Error detected in process"[0m
handle_failure	handle-failure-execution	2025-04-23T11:11:15.1589843Z [36;1mRNNUMBER=$(echo "refs/heads/H215-modulo-de-summary" | grep -o '[0-9]*')[0m
handle_failure	handle-failure-execution	2025-04-23T11:11:15.1590928Z [36;1mgh issue comment $RNNUMBER --body "El proceso no ha finalizado correctamente 14242153311. El resultado está en el fichero core/results/event_data14242153311.log"[0m
handle_failure	handle-failure-execution	2025-04-23T11:11:15.1607375Z shell: /usr/bin/bash -e {0}
handle_failure	handle-failure-execution	2025-04-23T11:11:15.1607756Z env:
handle_failure	handle-failure-execution	2025-04-23T11:11:15.1608014Z   KAOS_CODE: 14242153311
handle_failure	handle-failure-execution	2025-04-23T11:11:15.1608340Z   KAOS_EVENT_NAME: workflow_dispatch
handle_failure	handle-failure-execution	2025-04-23T11:11:15.1609138Z   KAOS_ACTION: 
handle_failure	handle-failure-execution	2025-04-23T11:11:15.1609719Z   KAOS_REF: refs/heads/H215-modulo-de-summary
handle_failure	handle-failure-execution	2025-04-23T11:11:15.1610329Z   KAOS_MODULE: [Ka0S] Workflow Statistics Summary
handle_failure	handle-failure-execution	2025-04-23T11:11:15.1610956Z   KAOS_PATH_RESUME: core/outputs/w/
handle_failure	handle-failure-execution	2025-04-23T11:11:15.1611524Z   KAOS_JSON: core/results/event_data_
handle_failure	handle-failure-execution	2025-04-23T11:11:15.1612244Z   KAOS_ACTOR: ka0score
handle_failure	handle-failure-execution	2025-04-23T11:11:15.1613483Z   GH_TOKEN: ***
handle_failure	handle-failure-execution	2025-04-23T11:11:15.1613956Z ##[endgroup]
handle_failure	handle-failure-execution	2025-04-23T11:11:15.1738143Z Error detected in process
handle_failure	handle-failure-execution	2025-04-23T11:11:17.4287915Z https://github.com/Ka0s-Klaus/ka0s/issues/215#issuecomment-2823935244
handle_failure	Post Checkout code	﻿2025-04-23T11:11:17.4568593Z Post job cleanup.
handle_failure	Post Checkout code	2025-04-23T11:11:17.6291424Z [command]/usr/bin/git version
handle_failure	Post Checkout code	2025-04-23T11:11:17.6363030Z git version 2.48.1
handle_failure	Post Checkout code	2025-04-23T11:11:17.6422308Z Copying '/home/kaos/.gitconfig' to '/actions-runner/_work/_temp/b6d08b79-9f04-4e76-b05b-47aaa0dd9273/.gitconfig'
handle_failure	Post Checkout code	2025-04-23T11:11:17.6443648Z Temporarily overriding HOME='/actions-runner/_work/_temp/b6d08b79-9f04-4e76-b05b-47aaa0dd9273' before making global git config changes
handle_failure	Post Checkout code	2025-04-23T11:11:17.6445950Z Adding repository directory to the temporary git global config as a safe directory
handle_failure	Post Checkout code	2025-04-23T11:11:17.6466424Z [command]/usr/bin/git config --global --add safe.directory /actions-runner/_work/ka0s/ka0s
handle_failure	Post Checkout code	2025-04-23T11:11:17.6557503Z [command]/usr/bin/git config --local --name-only --get-regexp core\.sshCommand
handle_failure	Post Checkout code	2025-04-23T11:11:17.6619820Z [command]/usr/bin/git submodule foreach --recursive sh -c "git config --local --name-only --get-regexp 'core\.sshCommand' && git config --local --unset-all 'core.sshCommand' || :"
handle_failure	Post Checkout code	2025-04-23T11:11:17.7131233Z [command]/usr/bin/git config --local --name-only --get-regexp http\.https\:\/\/github\.com\/\.extraheader
handle_failure	Post Checkout code	2025-04-23T11:11:17.7199182Z http.https://github.com/.extraheader
handle_failure	Post Checkout code	2025-04-23T11:11:17.7218482Z [command]/usr/bin/git config --local --unset-all http.https://github.com/.extraheader
handle_failure	Post Checkout code	2025-04-23T11:11:17.7284917Z [command]/usr/bin/git submodule foreach --recursive sh -c "git config --local --name-only --get-regexp 'http\.https\:\/\/github\.com\/\.extraheader' && git config --local --unset-all 'http.https://github.com/.extraheader' || :"
handle_failure	Complete job	﻿2025-04-23T11:11:17.8085090Z Cleaning up orphan processes
end-workflow	Set up job	﻿2025-04-23T11:15:37.0305287Z Current runner version: '2.323.0'
end-workflow	Set up job	2025-04-23T11:15:37.0309174Z Runner name: 'ka0s-9'
end-workflow	Set up job	2025-04-23T11:15:37.0309759Z Machine name: '26a53205c9ac'
end-workflow	Set up job	2025-04-23T11:15:37.0311144Z ##[group]GITHUB_TOKEN Permissions
end-workflow	Set up job	2025-04-23T11:15:37.0312790Z Contents: read
end-workflow	Set up job	2025-04-23T11:15:37.0313169Z Metadata: read
end-workflow	Set up job	2025-04-23T11:15:37.0313510Z Packages: read
end-workflow	Set up job	2025-04-23T11:15:37.0313806Z ##[endgroup]
end-workflow	Set up job	2025-04-23T11:15:37.0315226Z Secret source: Actions
end-workflow	Set up job	2025-04-23T11:15:37.0315752Z Prepare workflow directory
end-workflow	Set up job	2025-04-23T11:15:37.0765382Z Prepare all required actions
end-workflow	Set up job	2025-04-23T11:15:37.0796028Z Getting action download info
end-workflow	Set up job	2025-04-23T11:15:37.5463943Z Download action repository 'actions/checkout@v4' (SHA:11bd71901bbe5b1630ceea73d27597364c9af683)
end-workflow	Set up job	2025-04-23T11:15:38.2519645Z Complete job name: end-workflow
end-workflow	Checkout code	﻿2025-04-23T11:15:38.2806739Z ##[group]Run actions/checkout@v4
end-workflow	Checkout code	2025-04-23T11:15:38.2807281Z with:
end-workflow	Checkout code	2025-04-23T11:15:38.2807552Z   fetch-depth: 0
end-workflow	Checkout code	2025-04-23T11:15:38.2807985Z   token: ***
end-workflow	Checkout code	2025-04-23T11:15:38.2808267Z   repository: Ka0s-Klaus/ka0s
end-workflow	Checkout code	2025-04-23T11:15:38.2808635Z   ssh-strict: true
end-workflow	Checkout code	2025-04-23T11:15:38.2808916Z   ssh-user: git
end-workflow	Checkout code	2025-04-23T11:15:38.2809208Z   persist-credentials: true
end-workflow	Checkout code	2025-04-23T11:15:38.2830718Z   clean: true
end-workflow	Checkout code	2025-04-23T11:15:38.2831092Z   sparse-checkout-cone-mode: true
end-workflow	Checkout code	2025-04-23T11:15:38.2831449Z   fetch-tags: false
end-workflow	Checkout code	2025-04-23T11:15:38.2831739Z   show-progress: true
end-workflow	Checkout code	2025-04-23T11:15:38.2832059Z   lfs: false
end-workflow	Checkout code	2025-04-23T11:15:38.2832327Z   submodules: false
end-workflow	Checkout code	2025-04-23T11:15:38.2832622Z   set-safe-directory: true
end-workflow	Checkout code	2025-04-23T11:15:38.2833295Z env:
end-workflow	Checkout code	2025-04-23T11:15:38.2833554Z   KAOS_CODE: 14242153311
end-workflow	Checkout code	2025-04-23T11:15:38.2833875Z   KAOS_EVENT_NAME: workflow_dispatch
end-workflow	Checkout code	2025-04-23T11:15:38.2834227Z   KAOS_ACTION: 
end-workflow	Checkout code	2025-04-23T11:15:38.2834533Z   KAOS_REF: refs/heads/H215-modulo-de-summary
end-workflow	Checkout code	2025-04-23T11:15:38.2834950Z   KAOS_MODULE: [Ka0S] Workflow Statistics Summary
end-workflow	Checkout code	2025-04-23T11:15:38.2835385Z   KAOS_PATH_RESUME: core/outputs/w/
end-workflow	Checkout code	2025-04-23T11:15:38.2835748Z   KAOS_JSON: core/results/event_data_
end-workflow	Checkout code	2025-04-23T11:15:38.2836103Z   KAOS_ACTOR: ka0score
end-workflow	Checkout code	2025-04-23T11:15:38.2836531Z   GH_TOKEN: ***
end-workflow	Checkout code	2025-04-23T11:15:38.2836799Z ##[endgroup]
end-workflow	Checkout code	2025-04-23T11:15:38.3679483Z Syncing repository: Ka0s-Klaus/ka0s
end-workflow	Checkout code	2025-04-23T11:15:38.3680971Z ##[group]Getting Git version info
end-workflow	Checkout code	2025-04-23T11:15:38.3681486Z Working directory is '/actions-runner/_work/ka0s/ka0s'
end-workflow	Checkout code	2025-04-23T11:15:38.3682293Z [command]/usr/bin/git version
end-workflow	Checkout code	2025-04-23T11:15:38.3682677Z git version 2.43.0
end-workflow	Checkout code	2025-04-23T11:15:38.3695654Z ##[endgroup]
end-workflow	Checkout code	2025-04-23T11:15:38.3704334Z Copying '/home/kaos/.gitconfig' to '/actions-runner/_work/_temp/c373662c-3cff-4b31-9a4b-57fe8c2db515/.gitconfig'
end-workflow	Checkout code	2025-04-23T11:15:38.3709917Z Temporarily overriding HOME='/actions-runner/_work/_temp/c373662c-3cff-4b31-9a4b-57fe8c2db515' before making global git config changes
end-workflow	Checkout code	2025-04-23T11:15:38.3711004Z Adding repository directory to the temporary git global config as a safe directory
end-workflow	Checkout code	2025-04-23T11:15:38.3714155Z [command]/usr/bin/git config --global --add safe.directory /actions-runner/_work/ka0s/ka0s
end-workflow	Checkout code	2025-04-23T11:15:38.3749234Z [command]/usr/bin/git config --local --get remote.origin.url
end-workflow	Checkout code	2025-04-23T11:15:38.3771347Z https://github.com/Ka0s-Klaus/ka0s
end-workflow	Checkout code	2025-04-23T11:15:38.3788576Z ##[group]Removing previously created refs, to avoid conflicts
end-workflow	Checkout code	2025-04-23T11:15:38.3789626Z [command]/usr/bin/git rev-parse --symbolic-full-name --verify --quiet HEAD
end-workflow	Checkout code	2025-04-23T11:15:38.3811501Z refs/heads/H34-modulo-iac-kaos
end-workflow	Checkout code	2025-04-23T11:15:38.3821200Z [command]/usr/bin/git checkout --detach
end-workflow	Checkout code	2025-04-23T11:15:38.4698487Z HEAD is now at 09439f1d [Ka0S] Uploading resume execution files to the repository...
end-workflow	Checkout code	2025-04-23T11:15:38.4738921Z [command]/usr/bin/git branch --delete --force H34-modulo-iac-kaos
end-workflow	Checkout code	2025-04-23T11:15:38.4761876Z Deleted branch H34-modulo-iac-kaos (was 09439f1d).
end-workflow	Checkout code	2025-04-23T11:15:38.4809269Z ##[endgroup]
end-workflow	Checkout code	2025-04-23T11:15:38.4811096Z [command]/usr/bin/git submodule status
end-workflow	Checkout code	2025-04-23T11:15:38.5031881Z ##[group]Cleaning the repository
end-workflow	Checkout code	2025-04-23T11:15:38.5037645Z [command]/usr/bin/git clean -ffdx
end-workflow	Checkout code	2025-04-23T11:15:38.5079066Z [command]/usr/bin/git reset --hard HEAD
end-workflow	Checkout code	2025-04-23T11:15:38.5164183Z HEAD is now at 09439f1d [Ka0S] Uploading resume execution files to the repository...
end-workflow	Checkout code	2025-04-23T11:15:38.5168809Z ##[endgroup]
end-workflow	Checkout code	2025-04-23T11:15:38.5170697Z ##[group]Disabling automatic garbage collection
end-workflow	Checkout code	2025-04-23T11:15:38.5177614Z [command]/usr/bin/git config --local gc.auto 0
end-workflow	Checkout code	2025-04-23T11:15:38.5205906Z ##[endgroup]
end-workflow	Checkout code	2025-04-23T11:15:38.5206786Z ##[group]Setting up auth
end-workflow	Checkout code	2025-04-23T11:15:38.5222221Z [command]/usr/bin/git config --local --name-only --get-regexp core\.sshCommand
end-workflow	Checkout code	2025-04-23T11:15:38.5257225Z [command]/usr/bin/git submodule foreach --recursive sh -c "git config --local --name-only --get-regexp 'core\.sshCommand' && git config --local --unset-all 'core.sshCommand' || :"
end-workflow	Checkout code	2025-04-23T11:15:38.5495478Z [command]/usr/bin/git config --local --name-only --get-regexp http\.https\:\/\/github\.com\/\.extraheader
end-workflow	Checkout code	2025-04-23T11:15:38.5522333Z [command]/usr/bin/git submodule foreach --recursive sh -c "git config --local --name-only --get-regexp 'http\.https\:\/\/github\.com\/\.extraheader' && git config --local --unset-all 'http.https://github.com/.extraheader' || :"
end-workflow	Checkout code	2025-04-23T11:15:38.5756937Z [command]/usr/bin/git config --local http.https://github.com/.extraheader AUTHORIZATION: basic ***
end-workflow	Checkout code	2025-04-23T11:15:38.5788775Z ##[endgroup]
end-workflow	Checkout code	2025-04-23T11:15:38.5789650Z ##[group]Fetching the repository
end-workflow	Checkout code	2025-04-23T11:15:38.5793792Z [command]/usr/bin/git -c protocol.version=2 fetch --prune --no-recurse-submodules origin +refs/heads/*:refs/remotes/origin/* +refs/tags/*:refs/tags/*
end-workflow	Checkout code	2025-04-23T11:15:39.0147066Z From https://github.com/Ka0s-Klaus/ka0s
end-workflow	Checkout code	2025-04-23T11:15:39.0148399Z  - [deleted]           (none)     -> origin/H34-modulo-iac-kaos
end-workflow	Checkout code	2025-04-23T11:15:39.2236159Z    87c32a97..82ceba0a  main       -> origin/main
end-workflow	Checkout code	2025-04-23T11:15:39.2283974Z [command]/usr/bin/git branch --list --remote origin/H215-modulo-de-summary
end-workflow	Checkout code	2025-04-23T11:15:39.2311657Z   origin/H215-modulo-de-summary
end-workflow	Checkout code	2025-04-23T11:15:39.2320259Z [command]/usr/bin/git rev-parse refs/remotes/origin/H215-modulo-de-summary
end-workflow	Checkout code	2025-04-23T11:15:39.2342326Z be8bef882b98371a98b61b4341e9114465f4cc96
end-workflow	Checkout code	2025-04-23T11:15:39.2354398Z [command]/usr/bin/git -c protocol.version=2 fetch --no-tags --prune --no-recurse-submodules origin +3545d54feef1729e5a644448707db93f7c9ae34f:refs/remotes/origin/H215-modulo-de-summary
end-workflow	Checkout code	2025-04-23T11:15:39.2584787Z From https://github.com/Ka0s-Klaus/ka0s
end-workflow	Checkout code	2025-04-23T11:15:39.2586700Z  + be8bef88...3545d54f 3545d54feef1729e5a644448707db93f7c9ae34f -> origin/H215-modulo-de-summary  (forced update)
end-workflow	Checkout code	2025-04-23T11:15:39.2605555Z ##[endgroup]
end-workflow	Checkout code	2025-04-23T11:15:39.2606663Z ##[group]Determining the checkout info
end-workflow	Checkout code	2025-04-23T11:15:39.2607901Z ##[endgroup]
end-workflow	Checkout code	2025-04-23T11:15:39.2611475Z [command]/usr/bin/git sparse-checkout disable
end-workflow	Checkout code	2025-04-23T11:15:39.2657683Z [command]/usr/bin/git config --local --unset-all extensions.worktreeConfig
end-workflow	Checkout code	2025-04-23T11:15:39.2685340Z ##[group]Checking out the ref
end-workflow	Checkout code	2025-04-23T11:15:39.2687662Z [command]/usr/bin/git checkout --progress --force -B H215-modulo-de-summary refs/remotes/origin/H215-modulo-de-summary
end-workflow	Checkout code	2025-04-23T11:15:39.4383364Z Previous HEAD position was 09439f1d [Ka0S] Uploading resume execution files to the repository...
end-workflow	Checkout code	2025-04-23T11:15:39.4386168Z Switched to a new branch 'H215-modulo-de-summary'
end-workflow	Checkout code	2025-04-23T11:15:39.4387027Z branch 'H215-modulo-de-summary' set up to track 'origin/H215-modulo-de-summary'.
end-workflow	Checkout code	2025-04-23T11:15:39.4407370Z ##[endgroup]
end-workflow	Checkout code	2025-04-23T11:15:39.4436306Z [command]/usr/bin/git log -1 --format=%H
end-workflow	Checkout code	2025-04-23T11:15:39.4461113Z 3545d54feef1729e5a644448707db93f7c9ae34f
end-workflow	Finaliza el workflow	﻿2025-04-23T11:15:39.4631457Z ##[group]Run echo "End process"
end-workflow	Finaliza el workflow	2025-04-23T11:15:39.4632277Z [36;1mecho "End process"[0m
end-workflow	Finaliza el workflow	2025-04-23T11:15:39.4632853Z [36;1mRNNUMBER=$(echo "refs/heads/H215-modulo-de-summary" | grep -o '[0-9]*')[0m
end-workflow	Finaliza el workflow	2025-04-23T11:15:39.4633519Z [36;1mgh issue comment $RNNUMBER --body "Se finaliza Ka0s 14242153311"[0m
end-workflow	Finaliza el workflow	2025-04-23T11:15:39.4634270Z [36;1mgh workflow run inspector.yml --ref 'main' -f kaos-issue-id=$RNNUMBER -f kaos-workflow-id="14242153311" -f kaos-user-start=""[0m
end-workflow	Finaliza el workflow	2025-04-23T11:15:39.4641530Z shell: /usr/bin/bash -e {0}
end-workflow	Finaliza el workflow	2025-04-23T11:15:39.4641925Z env:
end-workflow	Finaliza el workflow	2025-04-23T11:15:39.4642484Z   KAOS_CODE: 14242153311
end-workflow	Finaliza el workflow	2025-04-23T11:15:39.4642906Z   KAOS_EVENT_NAME: workflow_dispatch
end-workflow	Finaliza el workflow	2025-04-23T11:15:39.4643327Z   KAOS_ACTION: 
end-workflow	Finaliza el workflow	2025-04-23T11:15:39.4643676Z   KAOS_REF: refs/heads/H215-modulo-de-summary
end-workflow	Finaliza el workflow	2025-04-23T11:15:39.4644053Z   KAOS_MODULE: [Ka0S] Workflow Statistics Summary
end-workflow	Finaliza el workflow	2025-04-23T11:15:39.4644431Z   KAOS_PATH_RESUME: core/outputs/w/
end-workflow	Finaliza el workflow	2025-04-23T11:15:39.4644766Z   KAOS_JSON: core/results/event_data_
end-workflow	Finaliza el workflow	2025-04-23T11:15:39.4645137Z   KAOS_ACTOR: ka0score
end-workflow	Finaliza el workflow	2025-04-23T11:15:39.4645721Z   GH_TOKEN: ***
end-workflow	Finaliza el workflow	2025-04-23T11:15:39.4646004Z ##[endgroup]
end-workflow	Finaliza el workflow	2025-04-23T11:15:39.4685389Z End process
end-workflow	Finaliza el workflow	2025-04-23T11:15:40.5542326Z https://github.com/Ka0s-Klaus/ka0s/issues/215#issuecomment-2823945334
end-workflow	Post Checkout code	﻿2025-04-23T11:15:41.1516925Z Post job cleanup.
end-workflow	Post Checkout code	2025-04-23T11:15:41.2190595Z [command]/usr/bin/git version
end-workflow	Post Checkout code	2025-04-23T11:15:41.2213808Z git version 2.43.0
end-workflow	Post Checkout code	2025-04-23T11:15:41.2238357Z Copying '/home/kaos/.gitconfig' to '/actions-runner/_work/_temp/d7ce18c8-4e13-4f0b-bc35-335987937cea/.gitconfig'
end-workflow	Post Checkout code	2025-04-23T11:15:41.2244700Z Temporarily overriding HOME='/actions-runner/_work/_temp/d7ce18c8-4e13-4f0b-bc35-335987937cea' before making global git config changes
end-workflow	Post Checkout code	2025-04-23T11:15:41.2245660Z Adding repository directory to the temporary git global config as a safe directory
end-workflow	Post Checkout code	2025-04-23T11:15:41.2248953Z [command]/usr/bin/git config --global --add safe.directory /actions-runner/_work/ka0s/ka0s
end-workflow	Post Checkout code	2025-04-23T11:15:41.2277432Z [command]/usr/bin/git config --local --name-only --get-regexp core\.sshCommand
end-workflow	Post Checkout code	2025-04-23T11:15:41.2309440Z [command]/usr/bin/git submodule foreach --recursive sh -c "git config --local --name-only --get-regexp 'core\.sshCommand' && git config --local --unset-all 'core.sshCommand' || :"
end-workflow	Post Checkout code	2025-04-23T11:15:41.2534956Z [command]/usr/bin/git config --local --name-only --get-regexp http\.https\:\/\/github\.com\/\.extraheader
end-workflow	Post Checkout code	2025-04-23T11:15:41.2551003Z http.https://github.com/.extraheader
end-workflow	Post Checkout code	2025-04-23T11:15:41.2557848Z [command]/usr/bin/git config --local --unset-all http.https://github.com/.extraheader
end-workflow	Post Checkout code	2025-04-23T11:15:41.2582302Z [command]/usr/bin/git submodule foreach --recursive sh -c "git config --local --name-only --get-regexp 'http\.https\:\/\/github\.com\/\.extraheader' && git config --local --unset-all 'http.https://github.com/.extraheader' || :"
end-workflow	Complete job	﻿2025-04-23T11:15:41.2877912Z Cleaning up orphan processes
