job-core	Set up job	ï»¿2025-04-04T10:09:31.2349930Z Current runner version: '2.323.0'
job-core	Set up job	2025-04-04T10:09:31.2359218Z Runner name: 'ka0s-1'
job-core	Set up job	2025-04-04T10:09:31.2360445Z Machine name: '419612ea1a87'
job-core	Set up job	2025-04-04T10:09:31.2363941Z ##[group]GITHUB_TOKEN Permissions
job-core	Set up job	2025-04-04T10:09:31.2366743Z Contents: read
job-core	Set up job	2025-04-04T10:09:31.2367516Z Metadata: read
job-core	Set up job	2025-04-04T10:09:31.2368424Z Packages: read
job-core	Set up job	2025-04-04T10:09:31.2369467Z ##[endgroup]
job-core	Set up job	2025-04-04T10:09:31.2374380Z Secret source: Actions
job-core	Set up job	2025-04-04T10:09:31.2375204Z Prepare workflow directory
job-core	Set up job	2025-04-04T10:09:31.3238251Z Prepare all required actions
job-core	Set up job	2025-04-04T10:09:31.3294448Z Getting action download info
job-core	Set up job	2025-04-04T10:09:32.1682941Z Download action repository 'actions/checkout@v4' (SHA:11bd71901bbe5b1630ceea73d27597364c9af683)
job-core	Set up job	2025-04-04T10:09:34.8049899Z Complete job name: job-core
job-core	Checkout code	ï»¿2025-04-04T10:09:34.9094259Z ##[group]Run actions/checkout@v4
job-core	Checkout code	2025-04-04T10:09:34.9096458Z with:
job-core	Checkout code	2025-04-04T10:09:34.9097418Z   fetch-depth: 0
job-core	Checkout code	2025-04-04T10:09:34.9099085Z   token: ***
job-core	Checkout code	2025-04-04T10:09:34.9100105Z   repository: Ka0s-Klaus/ka0s
job-core	Checkout code	2025-04-04T10:09:34.9101803Z   ssh-strict: true
job-core	Checkout code	2025-04-04T10:09:34.9103940Z   ssh-user: git
job-core	Checkout code	2025-04-04T10:09:34.9105672Z   persist-credentials: true
job-core	Checkout code	2025-04-04T10:09:34.9107446Z   clean: true
job-core	Checkout code	2025-04-04T10:09:34.9108530Z   sparse-checkout-cone-mode: true
job-core	Checkout code	2025-04-04T10:09:34.9109825Z   fetch-tags: false
job-core	Checkout code	2025-04-04T10:09:34.9110893Z   show-progress: true
job-core	Checkout code	2025-04-04T10:09:34.9111960Z   lfs: false
job-core	Checkout code	2025-04-04T10:09:34.9113065Z   submodules: false
job-core	Checkout code	2025-04-04T10:09:34.9114128Z   set-safe-directory: true
job-core	Checkout code	2025-04-04T10:09:34.9116184Z env:
job-core	Checkout code	2025-04-04T10:09:34.9117132Z   KAOS_CODE: 14263039679
job-core	Checkout code	2025-04-04T10:09:34.9118290Z   KAOS_EVENT_NAME: push
job-core	Checkout code	2025-04-04T10:09:34.9119361Z   KAOS_ACTION: 
job-core	Checkout code	2025-04-04T10:09:34.9120461Z   KAOS_REF: refs/heads/H220-web-de-resultados
job-core	Checkout code	2025-04-04T10:09:34.9121899Z   KAOS_MODULE: [Ka0S] kaos
job-core	Checkout code	2025-04-04T10:09:34.9123466Z   KAOS_PATH_RESUME: core/results/k/
job-core	Checkout code	2025-04-04T10:09:34.9124794Z   KAOS_JSON: core/results/k/event_data_
job-core	Checkout code	2025-04-04T10:09:34.9126132Z   KAOS_ACTOR: jorgecg646
job-core	Checkout code	2025-04-04T10:09:34.9127243Z   GITHUB_OUTPUT: 
job-core	Checkout code	2025-04-04T10:09:34.9128216Z ##[endgroup]
job-core	Checkout code	2025-04-04T10:09:35.0823986Z Syncing repository: Ka0s-Klaus/ka0s
job-core	Checkout code	2025-04-04T10:09:35.0830084Z ##[group]Getting Git version info
job-core	Checkout code	2025-04-04T10:09:35.0833047Z Working directory is '/actions-runner/_work/ka0s/ka0s'
job-core	Checkout code	2025-04-04T10:09:35.0841415Z [command]/usr/bin/git version
job-core	Checkout code	2025-04-04T10:09:35.0843269Z git version 2.48.1
job-core	Checkout code	2025-04-04T10:09:35.0847349Z ##[endgroup]
job-core	Checkout code	2025-04-04T10:09:35.0859429Z Copying '/home/kaos/.gitconfig' to '/actions-runner/_work/_temp/fad9076d-1fbb-42c8-8004-b9fb1a652a51/.gitconfig'
job-core	Checkout code	2025-04-04T10:09:35.0863745Z Temporarily overriding HOME='/actions-runner/_work/_temp/fad9076d-1fbb-42c8-8004-b9fb1a652a51' before making global git config changes
job-core	Checkout code	2025-04-04T10:09:35.0867463Z Adding repository directory to the temporary git global config as a safe directory
job-core	Checkout code	2025-04-04T10:09:35.0870437Z [command]/usr/bin/git config --global --add safe.directory /actions-runner/_work/ka0s/ka0s
job-core	Checkout code	2025-04-04T10:09:35.0897723Z [command]/usr/bin/git config --local --get remote.origin.url
job-core	Checkout code	2025-04-04T10:09:35.0930555Z https://github.com/Ka0s-Klaus/ka0s
job-core	Checkout code	2025-04-04T10:09:35.0960477Z ##[group]Removing previously created refs, to avoid conflicts
job-core	Checkout code	2025-04-04T10:09:35.0965560Z [command]/usr/bin/git rev-parse --symbolic-full-name --verify --quiet HEAD
job-core	Checkout code	2025-04-04T10:09:35.1001729Z refs/heads/main
job-core	Checkout code	2025-04-04T10:09:35.1018160Z [command]/usr/bin/git checkout --detach
job-core	Checkout code	2025-04-04T10:09:35.1364049Z HEAD is now at 2b084b1 [Ka0S] Update workflow resume files
job-core	Checkout code	2025-04-04T10:09:35.1442898Z [command]/usr/bin/git branch --delete --force main
job-core	Checkout code	2025-04-04T10:09:35.1490925Z Deleted branch main (was 2b084b1).
job-core	Checkout code	2025-04-04T10:09:35.1583654Z ##[endgroup]
job-core	Checkout code	2025-04-04T10:09:35.1585574Z [command]/usr/bin/git submodule status
job-core	Checkout code	2025-04-04T10:09:35.2023084Z ##[group]Cleaning the repository
job-core	Checkout code	2025-04-04T10:09:35.2025394Z [command]/usr/bin/git clean -ffdx
job-core	Checkout code	2025-04-04T10:09:35.2097322Z [command]/usr/bin/git reset --hard HEAD
job-core	Checkout code	2025-04-04T10:09:35.2355673Z HEAD is now at 2b084b1 [Ka0S] Update workflow resume files
job-core	Checkout code	2025-04-04T10:09:35.2367656Z ##[endgroup]
job-core	Checkout code	2025-04-04T10:09:35.2370505Z ##[group]Disabling automatic garbage collection
job-core	Checkout code	2025-04-04T10:09:35.2374366Z [command]/usr/bin/git config --local gc.auto 0
job-core	Checkout code	2025-04-04T10:09:35.2423991Z ##[endgroup]
job-core	Checkout code	2025-04-04T10:09:35.2426702Z ##[group]Setting up auth
job-core	Checkout code	2025-04-04T10:09:35.2431898Z [command]/usr/bin/git config --local --name-only --get-regexp core\.sshCommand
job-core	Checkout code	2025-04-04T10:09:35.2480611Z [command]/usr/bin/git submodule foreach --recursive sh -c "git config --local --name-only --get-regexp 'core\.sshCommand' && git config --local --unset-all 'core.sshCommand' || :"
job-core	Checkout code	2025-04-04T10:09:35.2883272Z [command]/usr/bin/git config --local --name-only --get-regexp http\.https\:\/\/github\.com\/\.extraheader
job-core	Checkout code	2025-04-04T10:09:35.2928627Z [command]/usr/bin/git submodule foreach --recursive sh -c "git config --local --name-only --get-regexp 'http\.https\:\/\/github\.com\/\.extraheader' && git config --local --unset-all 'http.https://github.com/.extraheader' || :"
job-core	Checkout code	2025-04-04T10:09:35.3338146Z [command]/usr/bin/git config --local http.https://github.com/.extraheader AUTHORIZATION: basic ***
job-core	Checkout code	2025-04-04T10:09:35.3480398Z ##[endgroup]
job-core	Checkout code	2025-04-04T10:09:35.3488520Z ##[group]Fetching the repository
job-core	Checkout code	2025-04-04T10:09:35.3495885Z [command]/usr/bin/git -c protocol.version=2 fetch --prune --no-recurse-submodules origin +refs/heads/*:refs/remotes/origin/* +refs/tags/*:refs/tags/*
job-core	Checkout code	2025-04-04T10:09:36.7012847Z From https://github.com/Ka0s-Klaus/ka0s
job-core	Checkout code	2025-04-04T10:09:36.7014479Z    38cb323..6c432fe  H220-web-de-resultados -> origin/H220-web-de-resultados
job-core	Checkout code	2025-04-04T10:09:36.7018864Z    2b084b1..5755be1  main                   -> origin/main
job-core	Checkout code	2025-04-04T10:09:36.7106860Z [command]/usr/bin/git branch --list --remote origin/H220-web-de-resultados
job-core	Checkout code	2025-04-04T10:09:36.7158332Z   origin/H220-web-de-resultados
job-core	Checkout code	2025-04-04T10:09:36.7175348Z [command]/usr/bin/git rev-parse refs/remotes/origin/H220-web-de-resultados
job-core	Checkout code	2025-04-04T10:09:36.7209283Z 6c432fedc505dfb5f3436015076d6be247099075
job-core	Checkout code	2025-04-04T10:09:36.7244680Z ##[endgroup]
job-core	Checkout code	2025-04-04T10:09:36.7246791Z ##[group]Determining the checkout info
job-core	Checkout code	2025-04-04T10:09:36.7254635Z ##[endgroup]
job-core	Checkout code	2025-04-04T10:09:36.7255840Z [command]/usr/bin/git sparse-checkout disable
job-core	Checkout code	2025-04-04T10:09:36.7325576Z [command]/usr/bin/git config --local --unset-all extensions.worktreeConfig
job-core	Checkout code	2025-04-04T10:09:36.7368016Z ##[group]Checking out the ref
job-core	Checkout code	2025-04-04T10:09:36.7376132Z [command]/usr/bin/git checkout --progress --force -B H220-web-de-resultados refs/remotes/origin/H220-web-de-resultados
job-core	Checkout code	2025-04-04T10:09:36.7831843Z Previous HEAD position was 2b084b1 [Ka0S] Update workflow resume files
job-core	Checkout code	2025-04-04T10:09:36.7849736Z Switched to a new branch 'H220-web-de-resultados'
job-core	Checkout code	2025-04-04T10:09:36.7857475Z branch 'H220-web-de-resultados' set up to track 'origin/H220-web-de-resultados'.
job-core	Checkout code	2025-04-04T10:09:36.7867921Z ##[endgroup]
job-core	Checkout code	2025-04-04T10:09:36.7927672Z [command]/usr/bin/git log -1 --format=%H
job-core	Checkout code	2025-04-04T10:09:36.7968006Z 6c432fedc505dfb5f3436015076d6be247099075
job-core	Validate file extensions	ï»¿2025-04-04T10:09:36.8268663Z ##[group]Run IFS=' ' read -r -a extensions <<< "***"
job-core	Validate file extensions	2025-04-04T10:09:36.8269666Z [36;1mIFS=' ' read -r -a extensions <<< "***"[0m
job-core	Validate file extensions	2025-04-04T10:09:36.8270266Z [36;1mfor file in $(git diff --name-only HEAD~1 HEAD); do[0m
job-core	Validate file extensions	2025-04-04T10:09:36.8270784Z [36;1m  extension="${file##*.}"[0m
job-core	Validate file extensions	2025-04-04T10:09:36.8271261Z [36;1m  if [[ ! " ${extensions[@]} " =~ " ${extension} " ]]; then[0m
job-core	Validate file extensions	2025-04-04T10:09:36.8271841Z [36;1m    echo "File $file has an invalid extension: $extension"[0m
job-core	Validate file extensions	2025-04-04T10:09:36.8272471Z [36;1m  fi[0m
job-core	Validate file extensions	2025-04-04T10:09:36.8272795Z [36;1mdone[0m
job-core	Validate file extensions	2025-04-04T10:09:36.8273257Z [36;1mRNNUMBER=$(echo "H220-web-de-resultados" | grep -o '[0-9]*')[0m
job-core	Validate file extensions	2025-04-04T10:09:36.8273935Z [36;1mgh issue comment $RNNUMBER --body "Se inicia Ka0s 14263039679 "[0m
job-core	Validate file extensions	2025-04-04T10:09:36.8290619Z shell: /usr/bin/bash -e {0}
job-core	Validate file extensions	2025-04-04T10:09:36.8291104Z env:
job-core	Validate file extensions	2025-04-04T10:09:36.8291429Z   KAOS_CODE: 14263039679
job-core	Validate file extensions	2025-04-04T10:09:36.8291799Z   KAOS_EVENT_NAME: push
job-core	Validate file extensions	2025-04-04T10:09:36.8292404Z   KAOS_ACTION: 
job-core	Validate file extensions	2025-04-04T10:09:36.8293277Z   KAOS_REF: refs/heads/H220-web-de-resultados
job-core	Validate file extensions	2025-04-04T10:09:36.8293772Z   KAOS_MODULE: [Ka0S] kaos
job-core	Validate file extensions	2025-04-04T10:09:36.8294162Z   KAOS_PATH_RESUME: core/results/k/
job-core	Validate file extensions	2025-04-04T10:09:36.8294592Z   KAOS_JSON: core/results/k/event_data_
job-core	Validate file extensions	2025-04-04T10:09:36.8295013Z   KAOS_ACTOR: jorgecg646
job-core	Validate file extensions	2025-04-04T10:09:36.8295377Z   GITHUB_OUTPUT: 
job-core	Validate file extensions	2025-04-04T10:09:36.8296022Z   GH_TOKEN: ***
job-core	Validate file extensions	2025-04-04T10:09:36.8296355Z ##[endgroup]
job-core	Validate file extensions	2025-04-04T10:09:36.8413026Z File core/outputs/w/kaos-142022472-statistics.json has an invalid extension: json
job-core	Validate file extensions	2025-04-04T10:09:36.8415224Z File core/outputs/w/kaos-142065355-statistics.json has an invalid extension: json
job-core	Validate file extensions	2025-04-04T10:09:36.8417424Z File core/outputs/w/kaos-151629566-statistics.json has an invalid extension: json
job-core	Validate file extensions	2025-04-04T10:09:36.8419522Z File core/outputs/w/kaos-153261529-statistics.json has an invalid extension: json
job-core	Validate file extensions	2025-04-04T10:09:36.8421409Z File core/outputs/w/kaos-issue.json has an invalid extension: json
job-core	Validate file extensions	2025-04-04T10:09:36.8423824Z File core/outputs/w/kaos-repository-global-statistics.json has an invalid extension: json
job-core	Validate file extensions	2025-04-04T10:09:36.8426104Z File core/outputs/w/kaos-workflows-runs.json has an invalid extension: json
job-core	Validate file extensions	2025-04-04T10:09:36.8428395Z File core/outputs/w/workflows-available-14262910476.json has an invalid extension: json
job-core	Validate file extensions	2025-04-04T10:09:36.8431530Z File core/outputs/w/workflows-runs-14262910476.json has an invalid extension: json
job-core	Validate file extensions	2025-04-04T10:09:38.3293157Z https://github.com/Ka0s-Klaus/ka0s/issues/220#issuecomment-2778205490
job-core	Crear JSON	ï»¿2025-04-04T10:09:38.3527981Z ##[group]Run # Create JSON structure using proper bash syntax
job-core	Crear JSON	2025-04-04T10:09:38.3530104Z [36;1m# Create JSON structure using proper bash syntax[0m
job-core	Crear JSON	2025-04-04T10:09:38.3531822Z [36;1mcat > core/results/k/event_data_14263039679.json << EOF[0m
job-core	Crear JSON	2025-04-04T10:09:38.3533532Z [36;1m{[0m
job-core	Crear JSON	2025-04-04T10:09:38.3534465Z [36;1m  "event_type": "push",[0m
job-core	Crear JSON	2025-04-04T10:09:38.3535887Z [36;1m  "trigger_branch": "refs/heads/H220-web-de-resultados",[0m
job-core	Crear JSON	2025-04-04T10:09:38.3537626Z [36;1m  "timestamp": "$(date -u +"%Y-%m-%dT%H:%M:%SZ")",[0m
job-core	Crear JSON	2025-04-04T10:09:38.3538986Z [36;1m  "author": {[0m
job-core	Crear JSON	2025-04-04T10:09:38.3540168Z [36;1m    "name": "jorgecg646",[0m
job-core	Crear JSON	2025-04-04T10:09:38.3542235Z [36;1m    "email": "jorgecg646@gmail.com"[0m
job-core	Crear JSON	2025-04-04T10:09:38.3544006Z [36;1m  },[0m
job-core	Crear JSON	2025-04-04T10:09:38.3544929Z [36;1m  "commits": [],[0m
job-core	Crear JSON	2025-04-04T10:09:38.3545945Z [36;1m  "files": [][0m
job-core	Crear JSON	2025-04-04T10:09:38.3547243Z [36;1m}[0m
job-core	Crear JSON	2025-04-04T10:09:38.3548086Z [36;1mEOF[0m
job-core	Crear JSON	2025-04-04T10:09:38.3548912Z [36;1m[0m
job-core	Crear JSON	2025-04-04T10:09:38.3549992Z [36;1m# Add commits if this is a push event[0m
job-core	Crear JSON	2025-04-04T10:09:38.3551313Z [36;1mif [[ "push" == "push" ]]; then[0m
job-core	Crear JSON	2025-04-04T10:09:38.3553134Z [36;1m  # Create a temporary file for commits[0m
job-core	Crear JSON	2025-04-04T10:09:38.3554446Z [36;1m  TEMP_COMMITS=$(mktemp)[0m
job-core	Crear JSON	2025-04-04T10:09:38.3555601Z [36;1m  echo "[" > "$TEMP_COMMITS"[0m
job-core	Crear JSON	2025-04-04T10:09:38.3556695Z [36;1m  [0m
job-core	Crear JSON	2025-04-04T10:09:38.3557582Z [36;1m  # Process each commit[0m
job-core	Crear JSON	2025-04-04T10:09:38.3558693Z [36;1m  FIRST=true[0m
job-core	Crear JSON	2025-04-04T10:09:38.3559749Z [36;1m  while IFS= read -r commit; do[0m
job-core	Crear JSON	2025-04-04T10:09:38.3560983Z [36;1m    if [ "$FIRST" = true ]; then[0m
job-core	Crear JSON	2025-04-04T10:09:38.3562490Z [36;1m      FIRST=false[0m
job-core	Crear JSON	2025-04-04T10:09:38.3563545Z [36;1m    else[0m
job-core	Crear JSON	2025-04-04T10:09:38.3564589Z [36;1m      echo "," >> "$TEMP_COMMITS"[0m
job-core	Crear JSON	2025-04-04T10:09:38.3565827Z [36;1m    fi[0m
job-core	Crear JSON	2025-04-04T10:09:38.3567674Z [36;1m    git log -1 --pretty=format:'{"sha":"%H","author":"%an","email":"%ae","date":"%aI","message":"%s"}' "$commit" >> "$TEMP_COMMITS"[0m
job-core	Crear JSON	2025-04-04T10:09:38.3570878Z [36;1m  done < <(git rev-list 1ea6771fceca8844fcaa0d3ef2e860cc43deebad..6c432fedc505dfb5f3436015076d6be247099075)[0m
job-core	Crear JSON	2025-04-04T10:09:38.3573341Z [36;1m  echo "]" >> "$TEMP_COMMITS"[0m
job-core	Crear JSON	2025-04-04T10:09:38.3601326Z [36;1m  [0m
job-core	Crear JSON	2025-04-04T10:09:38.3602433Z [36;1m  # Insert commits into main JSON[0m
job-core	Crear JSON	2025-04-04T10:09:38.3603929Z [36;1m  sed -i.bak -e '/"commits": \[/r '$TEMP_COMMITS'' -e '/"commits": \[/d' core/results/k/event_data_14263039679.json[0m
job-core	Crear JSON	2025-04-04T10:09:38.3606018Z [36;1m  rm "$TEMP_COMMITS"[0m
job-core	Crear JSON	2025-04-04T10:09:38.3606740Z [36;1m[0m
job-core	Crear JSON	2025-04-04T10:09:38.3607341Z [36;1m  # Add changed files[0m
job-core	Crear JSON	2025-04-04T10:09:38.3608110Z [36;1m  TEMP_FILES=$(mktemp)[0m
job-core	Crear JSON	2025-04-04T10:09:38.3608889Z [36;1m  echo "[" > "$TEMP_FILES"[0m
job-core	Crear JSON	2025-04-04T10:09:38.3609661Z [36;1m  FIRST=true[0m
job-core	Crear JSON	2025-04-04T10:09:38.3610378Z [36;1m  while IFS= read -r file; do[0m
job-core	Crear JSON	2025-04-04T10:09:38.3611245Z [36;1m    if [ "$FIRST" = true ]; then[0m
job-core	Crear JSON	2025-04-04T10:09:38.3612241Z [36;1m      FIRST=false[0m
job-core	Crear JSON	2025-04-04T10:09:38.3612949Z [36;1m    else[0m
job-core	Crear JSON	2025-04-04T10:09:38.3613607Z [36;1m      echo "," >> "$TEMP_FILES"[0m
job-core	Crear JSON	2025-04-04T10:09:38.3614389Z [36;1m    fi[0m
job-core	Crear JSON	2025-04-04T10:09:38.3615062Z [36;1m    echo "\"$file\"" >> "$TEMP_FILES"[0m
job-core	Crear JSON	2025-04-04T10:09:38.3616671Z [36;1m  done < <(git diff --name-only 1ea6771fceca8844fcaa0d3ef2e860cc43deebad 6c432fedc505dfb5f3436015076d6be247099075)[0m
job-core	Crear JSON	2025-04-04T10:09:38.3618267Z [36;1m  echo "]" >> "$TEMP_FILES"[0m
job-core	Crear JSON	2025-04-04T10:09:38.3619052Z [36;1m  [0m
job-core	Crear JSON	2025-04-04T10:09:38.3619702Z [36;1m  # Insert files into main JSON[0m
job-core	Crear JSON	2025-04-04T10:09:38.3620992Z [36;1m  sed -i.bak -e '/"files": \[/r '$TEMP_FILES'' -e '/"files": \[/d' core/results/k/event_data_14263039679.json[0m
job-core	Crear JSON	2025-04-04T10:09:38.3622460Z [36;1m  rm "$TEMP_FILES"[0m
job-core	Crear JSON	2025-04-04T10:09:38.3623321Z [36;1melif [[ "push" == "pull_request" ]]; then[0m
job-core	Crear JSON	2025-04-04T10:09:38.3624274Z [36;1m  # Add pull request information[0m
job-core	Crear JSON	2025-04-04T10:09:38.3625618Z [36;1m  TEMP_PR=$(mktemp)[0m
job-core	Crear JSON	2025-04-04T10:09:38.3626198Z [36;1m  cat > "$TEMP_PR" << EOF[0m
job-core	Crear JSON	2025-04-04T10:09:38.3626797Z [36;1m  ,"pull_request": {[0m
job-core	Crear JSON	2025-04-04T10:09:38.3627365Z [36;1m    "action": "",[0m
job-core	Crear JSON	2025-04-04T10:09:38.3627908Z [36;1m    "number": "",[0m
job-core	Crear JSON	2025-04-04T10:09:38.3628447Z [36;1m    "title": ""[0m
job-core	Crear JSON	2025-04-04T10:09:38.3628955Z [36;1m  }[0m
job-core	Crear JSON	2025-04-04T10:09:38.3629440Z [36;1mEOF[0m
job-core	Crear JSON	2025-04-04T10:09:38.3630233Z [36;1m  sed -i.bak -e '/}$/r '$TEMP_PR'' core/results/k/event_data_14263039679.json[0m
job-core	Crear JSON	2025-04-04T10:09:38.3631086Z [36;1m  rm "$TEMP_PR"[0m
job-core	Crear JSON	2025-04-04T10:09:38.3631665Z [36;1melif [[ "push" == "issues" ]]; then[0m
job-core	Crear JSON	2025-04-04T10:09:38.3632472Z [36;1m  # Add issue information[0m
job-core	Crear JSON	2025-04-04T10:09:38.3633091Z [36;1m  TEMP_ISSUE=$(mktemp)[0m
job-core	Crear JSON	2025-04-04T10:09:38.3633686Z [36;1m  cat > "$TEMP_ISSUE" << EOF[0m
job-core	Crear JSON	2025-04-04T10:09:38.3634294Z [36;1m  ,"issue": {[0m
job-core	Crear JSON	2025-04-04T10:09:38.3634814Z [36;1m    "action": "",[0m
job-core	Crear JSON	2025-04-04T10:09:38.3635353Z [36;1m    "number": "",[0m
job-core	Crear JSON	2025-04-04T10:09:38.3635915Z [36;1m    "title": ""[0m
job-core	Crear JSON	2025-04-04T10:09:38.3636423Z [36;1m  }[0m
job-core	Crear JSON	2025-04-04T10:09:38.3636873Z [36;1mEOF[0m
job-core	Crear JSON	2025-04-04T10:09:38.3637574Z [36;1m  sed -i.bak -e '/}$/r '$TEMP_ISSUE'' core/results/k/event_data_14263039679.json[0m
job-core	Crear JSON	2025-04-04T10:09:38.3638441Z [36;1m  rm "$TEMP_ISSUE"[0m
job-core	Crear JSON	2025-04-04T10:09:38.3639008Z [36;1mfi[0m
job-core	Crear JSON	2025-04-04T10:09:38.3639443Z [36;1m[0m
job-core	Crear JSON	2025-04-04T10:09:38.3639942Z [36;1m# Store the file path for later use[0m
job-core	Crear JSON	2025-04-04T10:09:38.3640840Z [36;1mINVOLVED=core/results/k/files-in-commit-$KAOS_CODE_FILES.txt[0m
job-core	Crear JSON	2025-04-04T10:09:38.3641763Z [36;1mecho "INVOLVED=$INVOLVED" >> $GITHUB_ENV[0m
job-core	Crear JSON	2025-04-04T10:09:38.3657921Z shell: /usr/bin/bash -e {0}
job-core	Crear JSON	2025-04-04T10:09:38.3658514Z env:
job-core	Crear JSON	2025-04-04T10:09:38.3658959Z   KAOS_CODE: 14263039679
job-core	Crear JSON	2025-04-04T10:09:38.3659501Z   KAOS_EVENT_NAME: push
job-core	Crear JSON	2025-04-04T10:09:38.3660011Z   KAOS_ACTION: 
job-core	Crear JSON	2025-04-04T10:09:38.3660558Z   KAOS_REF: refs/heads/H220-web-de-resultados
job-core	Crear JSON	2025-04-04T10:09:38.3661279Z   KAOS_MODULE: [Ka0S] kaos
job-core	Crear JSON	2025-04-04T10:09:38.3662919Z   KAOS_PATH_RESUME: core/results/k/
job-core	Crear JSON	2025-04-04T10:09:38.3663590Z   KAOS_JSON: core/results/k/event_data_
job-core	Crear JSON	2025-04-04T10:09:38.3664218Z   KAOS_ACTOR: jorgecg646
job-core	Crear JSON	2025-04-04T10:09:38.3664752Z   GITHUB_OUTPUT: 
job-core	Crear JSON	2025-04-04T10:09:38.3675665Z ##[endgroup]
job-core	Set environment variable for ref	ï»¿2025-04-04T10:09:38.4134071Z ##[group]Run echo "GITHUB_REF=refs/heads/H220-web-de-resultados" >> $GITHUB_ENV
job-core	Set environment variable for ref	2025-04-04T10:09:38.4134808Z [36;1mecho "GITHUB_REF=refs/heads/H220-web-de-resultados" >> $GITHUB_ENV[0m
job-core	Set environment variable for ref	2025-04-04T10:09:38.4145040Z shell: /usr/bin/bash -e {0}
job-core	Set environment variable for ref	2025-04-04T10:09:38.4145379Z env:
job-core	Set environment variable for ref	2025-04-04T10:09:38.4145635Z   KAOS_CODE: 14263039679
job-core	Set environment variable for ref	2025-04-04T10:09:38.4145944Z   KAOS_EVENT_NAME: push
job-core	Set environment variable for ref	2025-04-04T10:09:38.4146237Z   KAOS_ACTION: 
job-core	Set environment variable for ref	2025-04-04T10:09:38.4146547Z   KAOS_REF: refs/heads/H220-web-de-resultados
job-core	Set environment variable for ref	2025-04-04T10:09:38.4155683Z   KAOS_MODULE: [Ka0S] kaos
job-core	Set environment variable for ref	2025-04-04T10:09:38.4156449Z   KAOS_PATH_RESUME: core/results/k/
job-core	Set environment variable for ref	2025-04-04T10:09:38.4156839Z   KAOS_JSON: core/results/k/event_data_
job-core	Set environment variable for ref	2025-04-04T10:09:38.4157496Z   KAOS_ACTOR: jorgecg646
job-core	Set environment variable for ref	2025-04-04T10:09:38.4157799Z   GITHUB_OUTPUT: 
job-core	Set environment variable for ref	2025-04-04T10:09:38.4158127Z   INVOLVED: core/results/k/files-in-commit-.txt
job-core	Set environment variable for ref	2025-04-04T10:09:38.4158514Z ##[endgroup]
job-core	Upload Files	ï»¿2025-04-04T10:09:38.4235520Z ##[group]Run echo "Uploading files to the repository..."
job-core	Upload Files	2025-04-04T10:09:38.4236129Z [36;1mecho "Uploading files to the repository..."[0m
job-core	Upload Files	2025-04-04T10:09:38.4236763Z [36;1mgit config --global user.name "***"[0m
job-core	Upload Files	2025-04-04T10:09:38.4237267Z [36;1mgit config --global user.email "***"[0m
job-core	Upload Files	2025-04-04T10:09:38.4247996Z [36;1mgit pull[0m
job-core	Upload Files	2025-04-04T10:09:38.4249029Z [36;1mgit add core/results/k/event_data_*[0m
job-core	Upload Files	2025-04-04T10:09:38.4250760Z [36;1mgit commit -m "[Ka0S] Uploading resume execution files to the repository..."[0m
job-core	Upload Files	2025-04-04T10:09:38.4252604Z [36;1mgit push origin refs/heads/H220-web-de-resultados[0m
job-core	Upload Files	2025-04-04T10:09:38.4253479Z [36;1mgit push origin $GITHUB_REF     [0m
job-core	Upload Files	2025-04-04T10:09:38.4264020Z shell: /usr/bin/bash -e {0}
job-core	Upload Files	2025-04-04T10:09:38.4264379Z env:
job-core	Upload Files	2025-04-04T10:09:38.4264648Z   KAOS_CODE: 14263039679
job-core	Upload Files	2025-04-04T10:09:38.4264969Z   KAOS_EVENT_NAME: push
job-core	Upload Files	2025-04-04T10:09:38.4265271Z   KAOS_ACTION: 
job-core	Upload Files	2025-04-04T10:09:38.4265594Z   KAOS_REF: refs/heads/H220-web-de-resultados
job-core	Upload Files	2025-04-04T10:09:38.4266050Z   KAOS_MODULE: [Ka0S] kaos
job-core	Upload Files	2025-04-04T10:09:38.4266385Z   KAOS_PATH_RESUME: core/results/k/
job-core	Upload Files	2025-04-04T10:09:38.4266764Z   KAOS_JSON: core/results/k/event_data_
job-core	Upload Files	2025-04-04T10:09:38.4267144Z   KAOS_ACTOR: jorgecg646
job-core	Upload Files	2025-04-04T10:09:38.4267455Z   GITHUB_OUTPUT: 
job-core	Upload Files	2025-04-04T10:09:38.4267792Z   INVOLVED: core/results/k/files-in-commit-.txt
job-core	Upload Files	2025-04-04T10:09:38.4268240Z   GITHUB_REF: refs/heads/H220-web-de-resultados
job-core	Upload Files	2025-04-04T10:09:38.4268628Z ##[endgroup]
job-core	Upload Files	2025-04-04T10:09:38.4306780Z Uploading files to the repository...
job-core	Upload Files	2025-04-04T10:09:39.4534396Z Already up to date.
job-core	Upload Files	2025-04-04T10:09:39.4799095Z [H220-web-de-resultados 635c33b] [Ka0S] Uploading resume execution files to the repository...
job-core	Upload Files	2025-04-04T10:09:39.4801537Z  2 files changed, 46 insertions(+)
job-core	Upload Files	2025-04-04T10:09:39.4803199Z  create mode 100644 core/results/k/event_data_14263039679.json
job-core	Upload Files	2025-04-04T10:09:39.4804917Z  create mode 100644 core/results/k/event_data_14263039679.json.bak
job-core	Upload Files	2025-04-04T10:09:40.6114155Z To https://github.com/Ka0s-Klaus/ka0s
job-core	Upload Files	2025-04-04T10:09:40.6115574Z    6c432fe..635c33b  H220-web-de-resultados -> H220-web-de-resultados
job-core	Upload Files	2025-04-04T10:09:41.2789434Z Everything up-to-date
job-core	Run git diff --name-only 1ea6771fceca8844fcaa0d3ef2e860cc43deebad 6c432fedc505dfb5f3436015076d6be247099075 > files-in-commit.txt	ï»¿2025-04-04T10:09:41.2906374Z ##[group]Run git diff --name-only 1ea6771fceca8844fcaa0d3ef2e860cc43deebad 6c432fedc505dfb5f3436015076d6be247099075 > files-in-commit.txt
job-core	Run git diff --name-only 1ea6771fceca8844fcaa0d3ef2e860cc43deebad 6c432fedc505dfb5f3436015076d6be247099075 > files-in-commit.txt	2025-04-04T10:09:41.2907815Z [36;1mgit diff --name-only 1ea6771fceca8844fcaa0d3ef2e860cc43deebad 6c432fedc505dfb5f3436015076d6be247099075 > files-in-commit.txt[0m
job-core	Run git diff --name-only 1ea6771fceca8844fcaa0d3ef2e860cc43deebad 6c432fedc505dfb5f3436015076d6be247099075 > files-in-commit.txt	2025-04-04T10:09:41.2908628Z [36;1mcat files-in-commit.txt[0m
job-core	Run git diff --name-only 1ea6771fceca8844fcaa0d3ef2e860cc43deebad 6c432fedc505dfb5f3436015076d6be247099075 > files-in-commit.txt	2025-04-04T10:09:41.2909047Z [36;1m# Nuevo proceso de activacion de los modulos[0m
job-core	Run git diff --name-only 1ea6771fceca8844fcaa0d3ef2e860cc43deebad 6c432fedc505dfb5f3436015076d6be247099075 > files-in-commit.txt	2025-04-04T10:09:41.2909486Z [36;1mwhile IFS= read -r line; do[0m
job-core	Run git diff --name-only 1ea6771fceca8844fcaa0d3ef2e860cc43deebad 6c432fedc505dfb5f3436015076d6be247099075 > files-in-commit.txt	2025-04-04T10:09:41.2909892Z [36;1m  # Skip files in core/outputs directory[0m
job-core	Run git diff --name-only 1ea6771fceca8844fcaa0d3ef2e860cc43deebad 6c432fedc505dfb5f3436015076d6be247099075 > files-in-commit.txt	2025-04-04T10:09:41.2910410Z [36;1m  if [[ "$line" == core/outputs/* || "$line" == core/results/* ]]; then[0m
job-core	Run git diff --name-only 1ea6771fceca8844fcaa0d3ef2e860cc43deebad 6c432fedc505dfb5f3436015076d6be247099075 > files-in-commit.txt	2025-04-04T10:09:41.2910972Z [36;1m    echo "Skipping file in outputs directory: $line"[0m
job-core	Run git diff --name-only 1ea6771fceca8844fcaa0d3ef2e860cc43deebad 6c432fedc505dfb5f3436015076d6be247099075 > files-in-commit.txt	2025-04-04T10:09:41.2911411Z [36;1m    continue[0m
job-core	Run git diff --name-only 1ea6771fceca8844fcaa0d3ef2e860cc43deebad 6c432fedc505dfb5f3436015076d6be247099075 > files-in-commit.txt	2025-04-04T10:09:41.2911705Z [36;1m  fi[0m
job-core	Run git diff --name-only 1ea6771fceca8844fcaa0d3ef2e860cc43deebad 6c432fedc505dfb5f3436015076d6be247099075 > files-in-commit.txt	2025-04-04T10:09:41.2912278Z [36;1m  echo "I Leemos el fichero files-in-commit.txt y extraemos el fichero $line"[0m
job-core	Run git diff --name-only 1ea6771fceca8844fcaa0d3ef2e860cc43deebad 6c432fedc505dfb5f3436015076d6be247099075 > files-in-commit.txt	2025-04-04T10:09:41.2913150Z [36;1m  module_failed=0[0m
job-core	Run git diff --name-only 1ea6771fceca8844fcaa0d3ef2e860cc43deebad 6c432fedc505dfb5f3436015076d6be247099075 > files-in-commit.txt	2025-04-04T10:09:41.2913505Z [36;1m  extension_failed=0[0m
job-core	Run git diff --name-only 1ea6771fceca8844fcaa0d3ef2e860cc43deebad 6c432fedc505dfb5f3436015076d6be247099075 > files-in-commit.txt	2025-04-04T10:09:41.2913854Z [36;1m  file_name=$(basename "$line")[0m
job-core	Run git diff --name-only 1ea6771fceca8844fcaa0d3ef2e860cc43deebad 6c432fedc505dfb5f3436015076d6be247099075 > files-in-commit.txt	2025-04-04T10:09:41.2914312Z [36;1m  echo "I-1 Calculamos el nombre del fichero $file_name"[0m
job-core	Run git diff --name-only 1ea6771fceca8844fcaa0d3ef2e860cc43deebad 6c432fedc505dfb5f3436015076d6be247099075 > files-in-commit.txt	2025-04-04T10:09:41.2914791Z [36;1m  file_extension="${file_name##*.}"[0m
job-core	Run git diff --name-only 1ea6771fceca8844fcaa0d3ef2e860cc43deebad 6c432fedc505dfb5f3436015076d6be247099075 > files-in-commit.txt	2025-04-04T10:09:41.2915292Z [36;1m  echo "I-2 Calculamos la extension del fichero $file_extension"[0m
job-core	Run git diff --name-only 1ea6771fceca8844fcaa0d3ef2e860cc43deebad 6c432fedc505dfb5f3436015076d6be247099075 > files-in-commit.txt	2025-04-04T10:09:41.2915822Z [36;1m  file_module="$file_extension""lint.yml"[0m
job-core	Run git diff --name-only 1ea6771fceca8844fcaa0d3ef2e860cc43deebad 6c432fedc505dfb5f3436015076d6be247099075 > files-in-commit.txt	2025-04-04T10:09:41.2916282Z [36;1m  echo "I-3 Calculamos el modulo $file_module"[0m
job-core	Run git diff --name-only 1ea6771fceca8844fcaa0d3ef2e860cc43deebad 6c432fedc505dfb5f3436015076d6be247099075 > files-in-commit.txt	2025-04-04T10:09:41.2916745Z [36;1m  IFS=',' read -r -a file_array <<< "$files"[0m
job-core	Run git diff --name-only 1ea6771fceca8844fcaa0d3ef2e860cc43deebad 6c432fedc505dfb5f3436015076d6be247099075 > files-in-commit.txt	2025-04-04T10:09:41.2917175Z [36;1m  for file in "${file_array[@]}"; do[0m
job-core	Run git diff --name-only 1ea6771fceca8844fcaa0d3ef2e860cc43deebad 6c432fedc505dfb5f3436015076d6be247099075 > files-in-commit.txt	2025-04-04T10:09:41.2917588Z [36;1m    echo "II Leemos el array de $file"[0m
job-core	Run git diff --name-only 1ea6771fceca8844fcaa0d3ef2e860cc43deebad 6c432fedc505dfb5f3436015076d6be247099075 > files-in-commit.txt	2025-04-04T10:09:41.2918024Z [36;1m    if [[ "$file_extension" == "$file" ]]; then[0m
job-core	Run git diff --name-only 1ea6771fceca8844fcaa0d3ef2e860cc43deebad 6c432fedc505dfb5f3436015076d6be247099075 > files-in-commit.txt	2025-04-04T10:09:41.2918540Z [36;1m      echo "III Comprobamos si $file_extension es igual a $file"[0m
job-core	Run git diff --name-only 1ea6771fceca8844fcaa0d3ef2e860cc43deebad 6c432fedc505dfb5f3436015076d6be247099075 > files-in-commit.txt	2025-04-04T10:09:41.2919101Z [36;1m      IFS=',' read -r -a module_array <<< "$modules"[0m
job-core	Run git diff --name-only 1ea6771fceca8844fcaa0d3ef2e860cc43deebad 6c432fedc505dfb5f3436015076d6be247099075 > files-in-commit.txt	2025-04-04T10:09:41.2919562Z [36;1m      for module in "${module_array[@]}"; do[0m
job-core	Run git diff --name-only 1ea6771fceca8844fcaa0d3ef2e860cc43deebad 6c432fedc505dfb5f3436015076d6be247099075 > files-in-commit.txt	2025-04-04T10:09:41.2920002Z [36;1m        echo "IV Leemos el array $module"[0m
job-core	Run git diff --name-only 1ea6771fceca8844fcaa0d3ef2e860cc43deebad 6c432fedc505dfb5f3436015076d6be247099075 > files-in-commit.txt	2025-04-04T10:09:41.2920449Z [36;1m        if [[ "$file_module" == *"$module"* ]]; then[0m
job-core	Run git diff --name-only 1ea6771fceca8844fcaa0d3ef2e860cc43deebad 6c432fedc505dfb5f3436015076d6be247099075 > files-in-commit.txt	2025-04-04T10:09:41.2921057Z [36;1m          echo "V Comprobamos que el $file_module es igual a $module y ejecutamos el flujo"[0m
job-core	Run git diff --name-only 1ea6771fceca8844fcaa0d3ef2e860cc43deebad 6c432fedc505dfb5f3436015076d6be247099075 > files-in-commit.txt	2025-04-04T10:09:41.2921715Z [36;1m          # Si hemos llegado hasta aquÃ­ ejecutamos el mÃ³dulo[0m
job-core	Run git diff --name-only 1ea6771fceca8844fcaa0d3ef2e860cc43deebad 6c432fedc505dfb5f3436015076d6be247099075 > files-in-commit.txt	2025-04-04T10:09:41.2922389Z [36;1m          # Lanzamos el lint del fichero[0m
job-core	Run git diff --name-only 1ea6771fceca8844fcaa0d3ef2e860cc43deebad 6c432fedc505dfb5f3436015076d6be247099075 > files-in-commit.txt	2025-04-04T10:09:41.2922960Z [36;1m          RNNUMBER=$(echo "refs/heads/H220-web-de-resultados" | grep -o '[0-9]*')[0m
job-core	Run git diff --name-only 1ea6771fceca8844fcaa0d3ef2e860cc43deebad 6c432fedc505dfb5f3436015076d6be247099075 > files-in-commit.txt	2025-04-04T10:09:41.2923558Z [36;1m          echo "El numero de la issue es: $RNNUMBER"[0m
job-core	Run git diff --name-only 1ea6771fceca8844fcaa0d3ef2e860cc43deebad 6c432fedc505dfb5f3436015076d6be247099075 > files-in-commit.txt	2025-04-04T10:09:41.2924573Z [36;1m          gh workflow run $file_module --ref refs/heads/H220-web-de-resultados -f kaos-origin=14263039679 -f kaos-files=$line -f kaos-issue-id=$RNNUMBER -f kaos-user-start=jorgecg646[0m
job-core	Run git diff --name-only 1ea6771fceca8844fcaa0d3ef2e860cc43deebad 6c432fedc505dfb5f3436015076d6be247099075 > files-in-commit.txt	2025-04-04T10:09:41.2925571Z [36;1m          module_failed=0[0m
job-core	Run git diff --name-only 1ea6771fceca8844fcaa0d3ef2e860cc43deebad 6c432fedc505dfb5f3436015076d6be247099075 > files-in-commit.txt	2025-04-04T10:09:41.2925945Z [36;1m          extension_failed=0[0m
job-core	Run git diff --name-only 1ea6771fceca8844fcaa0d3ef2e860cc43deebad 6c432fedc505dfb5f3436015076d6be247099075 > files-in-commit.txt	2025-04-04T10:09:41.2926315Z [36;1m          break[0m
job-core	Run git diff --name-only 1ea6771fceca8844fcaa0d3ef2e860cc43deebad 6c432fedc505dfb5f3436015076d6be247099075 > files-in-commit.txt	2025-04-04T10:09:41.2926622Z [36;1m        else[0m
job-core	Run git diff --name-only 1ea6771fceca8844fcaa0d3ef2e860cc43deebad 6c432fedc505dfb5f3436015076d6be247099075 > files-in-commit.txt	2025-04-04T10:09:41.2927014Z [36;1m          # Control de si existe el modulo para esa extension"[0m
job-core	Run git diff --name-only 1ea6771fceca8844fcaa0d3ef2e860cc43deebad 6c432fedc505dfb5f3436015076d6be247099075 > files-in-commit.txt	2025-04-04T10:09:41.2927687Z [36;1m          echo "VI No es igual $file_module a $module y lo indicamos en la variable module_failed=1"[0m
job-core	Run git diff --name-only 1ea6771fceca8844fcaa0d3ef2e860cc43deebad 6c432fedc505dfb5f3436015076d6be247099075 > files-in-commit.txt	2025-04-04T10:09:41.2928284Z [36;1m          module_failed=1[0m
job-core	Run git diff --name-only 1ea6771fceca8844fcaa0d3ef2e860cc43deebad 6c432fedc505dfb5f3436015076d6be247099075 > files-in-commit.txt	2025-04-04T10:09:41.2928639Z [36;1m        fi[0m
job-core	Run git diff --name-only 1ea6771fceca8844fcaa0d3ef2e860cc43deebad 6c432fedc505dfb5f3436015076d6be247099075 > files-in-commit.txt	2025-04-04T10:09:41.2928931Z [36;1m      done[0m
job-core	Run git diff --name-only 1ea6771fceca8844fcaa0d3ef2e860cc43deebad 6c432fedc505dfb5f3436015076d6be247099075 > files-in-commit.txt	2025-04-04T10:09:41.2929227Z [36;1m      break[0m
job-core	Run git diff --name-only 1ea6771fceca8844fcaa0d3ef2e860cc43deebad 6c432fedc505dfb5f3436015076d6be247099075 > files-in-commit.txt	2025-04-04T10:09:41.2929551Z [36;1m    else[0m
job-core	Run git diff --name-only 1ea6771fceca8844fcaa0d3ef2e860cc43deebad 6c432fedc505dfb5f3436015076d6be247099075 > files-in-commit.txt	2025-04-04T10:09:41.2929938Z [36;1m      # Control de si existe el modulo para esa extension"[0m
job-core	Run git diff --name-only 1ea6771fceca8844fcaa0d3ef2e860cc43deebad 6c432fedc505dfb5f3436015076d6be247099075 > files-in-commit.txt	2025-04-04T10:09:41.2930626Z [36;1m      echo "VII No es igual $file_extension a $file y lo indicamos en la variable extension_failed=1"[0m
job-core	Run git diff --name-only 1ea6771fceca8844fcaa0d3ef2e860cc43deebad 6c432fedc505dfb5f3436015076d6be247099075 > files-in-commit.txt	2025-04-04T10:09:41.2931626Z [36;1m      extension_failed=1[0m
job-core	Run git diff --name-only 1ea6771fceca8844fcaa0d3ef2e860cc43deebad 6c432fedc505dfb5f3436015076d6be247099075 > files-in-commit.txt	2025-04-04T10:09:41.2931985Z [36;1m    fi  [0m
job-core	Run git diff --name-only 1ea6771fceca8844fcaa0d3ef2e860cc43deebad 6c432fedc505dfb5f3436015076d6be247099075 > files-in-commit.txt	2025-04-04T10:09:41.2932485Z [36;1m  done[0m
job-core	Run git diff --name-only 1ea6771fceca8844fcaa0d3ef2e860cc43deebad 6c432fedc505dfb5f3436015076d6be247099075 > files-in-commit.txt	2025-04-04T10:09:41.2932818Z [36;1m  if [[ $module_failed == 1 ]]; then[0m
job-core	Run git diff --name-only 1ea6771fceca8844fcaa0d3ef2e860cc43deebad 6c432fedc505dfb5f3436015076d6be247099075 > files-in-commit.txt	2025-04-04T10:09:41.2933415Z [36;1m    echo "IX Si el modulo falla ($module_failed) aÃ±adimos el comentario a la issue"[0m
job-core	Run git diff --name-only 1ea6771fceca8844fcaa0d3ef2e860cc43deebad 6c432fedc505dfb5f3436015076d6be247099075 > files-in-commit.txt	2025-04-04T10:09:41.2934435Z [36;1m    # Si hemos llegado hasta aquÃ­ aÃ±adimos el mensaje de que la extension esta permitida pero no dispone de modulo activo y aqui finaliza el proceso[0m
job-core	Run git diff --name-only 1ea6771fceca8844fcaa0d3ef2e860cc43deebad 6c432fedc505dfb5f3436015076d6be247099075 > files-in-commit.txt	2025-04-04T10:09:41.2935315Z [36;1m    # AÃ±adimos los valores a las variables de la issue[0m
job-core	Run git diff --name-only 1ea6771fceca8844fcaa0d3ef2e860cc43deebad 6c432fedc505dfb5f3436015076d6be247099075 > files-in-commit.txt	2025-04-04T10:09:41.2936508Z [36;1m    KAOS_ISSUE_BODY="[Ka0S] kaos ha detectado que la extensiÃ³n ($file_extension) esta permitida dentro de KAOS_CORE_FILES, pero el mÃ³dulo asociado ($file_module) no esta activo. Por favor compruebe que exista y esta activo."[0m
job-core	Run git diff --name-only 1ea6771fceca8844fcaa0d3ef2e860cc43deebad 6c432fedc505dfb5f3436015076d6be247099075 > files-in-commit.txt	2025-04-04T10:09:41.2937703Z [36;1m    # AÃ±adimos el comentario a la issue[0m
job-core	Run git diff --name-only 1ea6771fceca8844fcaa0d3ef2e860cc43deebad 6c432fedc505dfb5f3436015076d6be247099075 > files-in-commit.txt	2025-04-04T10:09:41.2938492Z [36;1m    RNNUMBER=$(echo "refs/heads/H220-web-de-resultados" | grep -o '[0-9]*')[0m
job-core	Run git diff --name-only 1ea6771fceca8844fcaa0d3ef2e860cc43deebad 6c432fedc505dfb5f3436015076d6be247099075 > files-in-commit.txt	2025-04-04T10:09:41.2939120Z [36;1m    gh issue comment $RNNUMBER --body "$KAOS_ISSUE_BODY"[0m
job-core	Run git diff --name-only 1ea6771fceca8844fcaa0d3ef2e860cc43deebad 6c432fedc505dfb5f3436015076d6be247099075 > files-in-commit.txt	2025-04-04T10:09:41.2939573Z [36;1m  fi[0m
job-core	Run git diff --name-only 1ea6771fceca8844fcaa0d3ef2e860cc43deebad 6c432fedc505dfb5f3436015076d6be247099075 > files-in-commit.txt	2025-04-04T10:09:41.2939894Z [36;1m  if [[ $extension_failed == 1 ]]; then[0m
job-core	Run git diff --name-only 1ea6771fceca8844fcaa0d3ef2e860cc43deebad 6c432fedc505dfb5f3436015076d6be247099075 > files-in-commit.txt	2025-04-04T10:09:41.2940528Z [36;1m    echo "X Si extension falla falla ($extension_failed) aÃ±adimos el comentario a la issue"[0m
job-core	Run git diff --name-only 1ea6771fceca8844fcaa0d3ef2e860cc43deebad 6c432fedc505dfb5f3436015076d6be247099075 > files-in-commit.txt	2025-04-04T10:09:41.2941337Z [36;1m    # Si hemos llegado hasta aquÃ­ aÃ±adimos el mensaje de que la extension no esta permitida[0m
job-core	Run git diff --name-only 1ea6771fceca8844fcaa0d3ef2e860cc43deebad 6c432fedc505dfb5f3436015076d6be247099075 > files-in-commit.txt	2025-04-04T10:09:41.2942003Z [36;1m    # AÃ±adimos los valores a las variables de la issue[0m
job-core	Run git diff --name-only 1ea6771fceca8844fcaa0d3ef2e860cc43deebad 6c432fedc505dfb5f3436015076d6be247099075 > files-in-commit.txt	2025-04-04T10:09:41.2943158Z [36;1m    KAOS_ISSUE_BODY="[Ka0S] kaos ha detectado que la extensiÃ³n ($file_extension) NO esta permitida dentro de KAOS_CORE_FILES. Por favor compruebe que exista y esta activo."[0m
job-core	Run git diff --name-only 1ea6771fceca8844fcaa0d3ef2e860cc43deebad 6c432fedc505dfb5f3436015076d6be247099075 > files-in-commit.txt	2025-04-04T10:09:41.2944109Z [36;1m    # AÃ±adimos el comentario a la issue[0m
job-core	Run git diff --name-only 1ea6771fceca8844fcaa0d3ef2e860cc43deebad 6c432fedc505dfb5f3436015076d6be247099075 > files-in-commit.txt	2025-04-04T10:09:41.2944736Z [36;1m    RNNUMBER=$(echo "refs/heads/H220-web-de-resultados" | grep -o '[0-9]*')[0m
job-core	Run git diff --name-only 1ea6771fceca8844fcaa0d3ef2e860cc43deebad 6c432fedc505dfb5f3436015076d6be247099075 > files-in-commit.txt	2025-04-04T10:09:41.2945392Z [36;1m    gh issue comment $RNNUMBER --body "$KAOS_ISSUE_BODY"[0m
job-core	Run git diff --name-only 1ea6771fceca8844fcaa0d3ef2e860cc43deebad 6c432fedc505dfb5f3436015076d6be247099075 > files-in-commit.txt	2025-04-04T10:09:41.2945853Z [36;1m  fi  [0m
job-core	Run git diff --name-only 1ea6771fceca8844fcaa0d3ef2e860cc43deebad 6c432fedc505dfb5f3436015076d6be247099075 > files-in-commit.txt	2025-04-04T10:09:41.2946183Z [36;1mdone < files-in-commit.txt      [0m
job-core	Run git diff --name-only 1ea6771fceca8844fcaa0d3ef2e860cc43deebad 6c432fedc505dfb5f3436015076d6be247099075 > files-in-commit.txt	2025-04-04T10:09:41.2957474Z shell: /usr/bin/bash -e {0}
job-core	Run git diff --name-only 1ea6771fceca8844fcaa0d3ef2e860cc43deebad 6c432fedc505dfb5f3436015076d6be247099075 > files-in-commit.txt	2025-04-04T10:09:41.2957830Z env:
job-core	Run git diff --name-only 1ea6771fceca8844fcaa0d3ef2e860cc43deebad 6c432fedc505dfb5f3436015076d6be247099075 > files-in-commit.txt	2025-04-04T10:09:41.2958103Z   KAOS_CODE: 14263039679
job-core	Run git diff --name-only 1ea6771fceca8844fcaa0d3ef2e860cc43deebad 6c432fedc505dfb5f3436015076d6be247099075 > files-in-commit.txt	2025-04-04T10:09:41.2958446Z   KAOS_EVENT_NAME: push
job-core	Run git diff --name-only 1ea6771fceca8844fcaa0d3ef2e860cc43deebad 6c432fedc505dfb5f3436015076d6be247099075 > files-in-commit.txt	2025-04-04T10:09:41.2958772Z   KAOS_ACTION: 
job-core	Run git diff --name-only 1ea6771fceca8844fcaa0d3ef2e860cc43deebad 6c432fedc505dfb5f3436015076d6be247099075 > files-in-commit.txt	2025-04-04T10:09:41.2959118Z   KAOS_REF: refs/heads/H220-web-de-resultados
job-core	Run git diff --name-only 1ea6771fceca8844fcaa0d3ef2e860cc43deebad 6c432fedc505dfb5f3436015076d6be247099075 > files-in-commit.txt	2025-04-04T10:09:41.2959540Z   KAOS_MODULE: [Ka0S] kaos
job-core	Run git diff --name-only 1ea6771fceca8844fcaa0d3ef2e860cc43deebad 6c432fedc505dfb5f3436015076d6be247099075 > files-in-commit.txt	2025-04-04T10:09:41.2959896Z   KAOS_PATH_RESUME: core/results/k/
job-core	Run git diff --name-only 1ea6771fceca8844fcaa0d3ef2e860cc43deebad 6c432fedc505dfb5f3436015076d6be247099075 > files-in-commit.txt	2025-04-04T10:09:41.2960291Z   KAOS_JSON: core/results/k/event_data_
job-core	Run git diff --name-only 1ea6771fceca8844fcaa0d3ef2e860cc43deebad 6c432fedc505dfb5f3436015076d6be247099075 > files-in-commit.txt	2025-04-04T10:09:41.2960697Z   KAOS_ACTOR: jorgecg646
job-core	Run git diff --name-only 1ea6771fceca8844fcaa0d3ef2e860cc43deebad 6c432fedc505dfb5f3436015076d6be247099075 > files-in-commit.txt	2025-04-04T10:09:41.2961026Z   GITHUB_OUTPUT: 
job-core	Run git diff --name-only 1ea6771fceca8844fcaa0d3ef2e860cc43deebad 6c432fedc505dfb5f3436015076d6be247099075 > files-in-commit.txt	2025-04-04T10:09:41.2961428Z   INVOLVED: core/results/k/files-in-commit-.txt
job-core	Run git diff --name-only 1ea6771fceca8844fcaa0d3ef2e860cc43deebad 6c432fedc505dfb5f3436015076d6be247099075 > files-in-commit.txt	2025-04-04T10:09:41.2961944Z   GITHUB_REF: refs/heads/H220-web-de-resultados
job-core	Run git diff --name-only 1ea6771fceca8844fcaa0d3ef2e860cc43deebad 6c432fedc505dfb5f3436015076d6be247099075 > files-in-commit.txt	2025-04-04T10:09:41.2963013Z   modules: ***
job-core	Run git diff --name-only 1ea6771fceca8844fcaa0d3ef2e860cc43deebad 6c432fedc505dfb5f3436015076d6be247099075 > files-in-commit.txt	2025-04-04T10:09:41.2963365Z   files: ***
job-core	Run git diff --name-only 1ea6771fceca8844fcaa0d3ef2e860cc43deebad 6c432fedc505dfb5f3436015076d6be247099075 > files-in-commit.txt	2025-04-04T10:09:41.2963793Z   GH_TOKEN: ***
job-core	Run git diff --name-only 1ea6771fceca8844fcaa0d3ef2e860cc43deebad 6c432fedc505dfb5f3436015076d6be247099075 > files-in-commit.txt	2025-04-04T10:09:41.2964091Z ##[endgroup]
job-core	Run git diff --name-only 1ea6771fceca8844fcaa0d3ef2e860cc43deebad 6c432fedc505dfb5f3436015076d6be247099075 > files-in-commit.txt	2025-04-04T10:09:41.3062422Z core/outputs/w/kaos-142022472-statistics.json
job-core	Run git diff --name-only 1ea6771fceca8844fcaa0d3ef2e860cc43deebad 6c432fedc505dfb5f3436015076d6be247099075 > files-in-commit.txt	2025-04-04T10:09:41.3063851Z core/outputs/w/kaos-142065355-statistics.json
job-core	Run git diff --name-only 1ea6771fceca8844fcaa0d3ef2e860cc43deebad 6c432fedc505dfb5f3436015076d6be247099075 > files-in-commit.txt	2025-04-04T10:09:41.3064677Z core/outputs/w/kaos-151629566-statistics.json
job-core	Run git diff --name-only 1ea6771fceca8844fcaa0d3ef2e860cc43deebad 6c432fedc505dfb5f3436015076d6be247099075 > files-in-commit.txt	2025-04-04T10:09:41.3065493Z core/outputs/w/kaos-153261529-statistics.json
job-core	Run git diff --name-only 1ea6771fceca8844fcaa0d3ef2e860cc43deebad 6c432fedc505dfb5f3436015076d6be247099075 > files-in-commit.txt	2025-04-04T10:09:41.3066258Z core/outputs/w/kaos-issue.json
job-core	Run git diff --name-only 1ea6771fceca8844fcaa0d3ef2e860cc43deebad 6c432fedc505dfb5f3436015076d6be247099075 > files-in-commit.txt	2025-04-04T10:09:41.3067168Z core/outputs/w/kaos-repository-global-statistics.json
job-core	Run git diff --name-only 1ea6771fceca8844fcaa0d3ef2e860cc43deebad 6c432fedc505dfb5f3436015076d6be247099075 > files-in-commit.txt	2025-04-04T10:09:41.3068210Z core/outputs/w/kaos-workflows-runs.json
job-core	Run git diff --name-only 1ea6771fceca8844fcaa0d3ef2e860cc43deebad 6c432fedc505dfb5f3436015076d6be247099075 > files-in-commit.txt	2025-04-04T10:09:41.3069139Z core/outputs/w/workflows-available-14262910476.json
job-core	Run git diff --name-only 1ea6771fceca8844fcaa0d3ef2e860cc43deebad 6c432fedc505dfb5f3436015076d6be247099075 > files-in-commit.txt	2025-04-04T10:09:41.3070105Z core/outputs/w/workflows-runs-14262910476.json
job-core	Run git diff --name-only 1ea6771fceca8844fcaa0d3ef2e860cc43deebad 6c432fedc505dfb5f3436015076d6be247099075 > files-in-commit.txt	2025-04-04T10:09:41.3071337Z Skipping file in outputs directory: core/outputs/w/kaos-142022472-statistics.json
job-core	Run git diff --name-only 1ea6771fceca8844fcaa0d3ef2e860cc43deebad 6c432fedc505dfb5f3436015076d6be247099075 > files-in-commit.txt	2025-04-04T10:09:41.3076476Z Skipping file in outputs directory: core/outputs/w/kaos-142065355-statistics.json
job-core	Run git diff --name-only 1ea6771fceca8844fcaa0d3ef2e860cc43deebad 6c432fedc505dfb5f3436015076d6be247099075 > files-in-commit.txt	2025-04-04T10:09:41.3078233Z Skipping file in outputs directory: core/outputs/w/kaos-151629566-statistics.json
job-core	Run git diff --name-only 1ea6771fceca8844fcaa0d3ef2e860cc43deebad 6c432fedc505dfb5f3436015076d6be247099075 > files-in-commit.txt	2025-04-04T10:09:41.3079810Z Skipping file in outputs directory: core/outputs/w/kaos-153261529-statistics.json
job-core	Run git diff --name-only 1ea6771fceca8844fcaa0d3ef2e860cc43deebad 6c432fedc505dfb5f3436015076d6be247099075 > files-in-commit.txt	2025-04-04T10:09:41.3081785Z Skipping file in outputs directory: core/outputs/w/kaos-issue.json
job-core	Run git diff --name-only 1ea6771fceca8844fcaa0d3ef2e860cc43deebad 6c432fedc505dfb5f3436015076d6be247099075 > files-in-commit.txt	2025-04-04T10:09:41.3082829Z Skipping file in outputs directory: core/outputs/w/kaos-repository-global-statistics.json
job-core	Run git diff --name-only 1ea6771fceca8844fcaa0d3ef2e860cc43deebad 6c432fedc505dfb5f3436015076d6be247099075 > files-in-commit.txt	2025-04-04T10:09:41.3083592Z Skipping file in outputs directory: core/outputs/w/kaos-workflows-runs.json
job-core	Run git diff --name-only 1ea6771fceca8844fcaa0d3ef2e860cc43deebad 6c432fedc505dfb5f3436015076d6be247099075 > files-in-commit.txt	2025-04-04T10:09:41.3084329Z Skipping file in outputs directory: core/outputs/w/workflows-available-14262910476.json
job-core	Run git diff --name-only 1ea6771fceca8844fcaa0d3ef2e860cc43deebad 6c432fedc505dfb5f3436015076d6be247099075 > files-in-commit.txt	2025-04-04T10:09:41.3085095Z Skipping file in outputs directory: core/outputs/w/workflows-runs-14262910476.json
job-core	Post Checkout code	ï»¿2025-04-04T10:09:41.3186366Z Post job cleanup.
job-core	Post Checkout code	2025-04-04T10:09:41.4664710Z [command]/usr/bin/git version
job-core	Post Checkout code	2025-04-04T10:09:41.4724943Z git version 2.48.1
job-core	Post Checkout code	2025-04-04T10:09:41.4785397Z Copying '/home/kaos/.gitconfig' to '/actions-runner/_work/_temp/b1e14c79-c99c-483d-aeb4-5bcf4fb14606/.gitconfig'
job-core	Post Checkout code	2025-04-04T10:09:41.4802839Z Temporarily overriding HOME='/actions-runner/_work/_temp/b1e14c79-c99c-483d-aeb4-5bcf4fb14606' before making global git config changes
job-core	Post Checkout code	2025-04-04T10:09:41.4806452Z Adding repository directory to the temporary git global config as a safe directory
job-core	Post Checkout code	2025-04-04T10:09:41.4813571Z [command]/usr/bin/git config --global --add safe.directory /actions-runner/_work/ka0s/ka0s
job-core	Post Checkout code	2025-04-04T10:09:41.4869440Z [command]/usr/bin/git config --local --name-only --get-regexp core\.sshCommand
job-core	Post Checkout code	2025-04-04T10:09:41.4943105Z [command]/usr/bin/git submodule foreach --recursive sh -c "git config --local --name-only --get-regexp 'core\.sshCommand' && git config --local --unset-all 'core.sshCommand' || :"
job-core	Post Checkout code	2025-04-04T10:09:41.5584656Z [command]/usr/bin/git config --local --name-only --get-regexp http\.https\:\/\/github\.com\/\.extraheader
job-core	Post Checkout code	2025-04-04T10:09:41.5627858Z http.https://github.com/.extraheader
job-core	Post Checkout code	2025-04-04T10:09:41.5654684Z [command]/usr/bin/git config --local --unset-all http.https://github.com/.extraheader
job-core	Post Checkout code	2025-04-04T10:09:41.6226153Z [command]/usr/bin/git submodule foreach --recursive sh -c "git config --local --name-only --get-regexp 'http\.https\:\/\/github\.com\/\.extraheader' && git config --local --unset-all 'http.https://github.com/.extraheader' || :"
job-core	Complete job	ï»¿2025-04-04T10:09:41.6440143Z Cleaning up orphan processes
handle_failure	Set up job	ï»¿2025-04-04T10:20:19.2819374Z Current runner version: '2.323.0'
handle_failure	Set up job	2025-04-04T10:20:19.2829647Z Runner name: 'ka0s-4'
handle_failure	Set up job	2025-04-04T10:20:19.2830826Z Machine name: '419612ea1a87'
handle_failure	Set up job	2025-04-04T10:20:19.2834791Z ##[group]GITHUB_TOKEN Permissions
handle_failure	Set up job	2025-04-04T10:20:19.2837978Z Contents: read
handle_failure	Set up job	2025-04-04T10:20:19.2838731Z Metadata: read
handle_failure	Set up job	2025-04-04T10:20:19.2839354Z Packages: read
handle_failure	Set up job	2025-04-04T10:20:19.2840165Z ##[endgroup]
handle_failure	Set up job	2025-04-04T10:20:19.2843510Z Secret source: Actions
handle_failure	Set up job	2025-04-04T10:20:19.2844605Z Prepare workflow directory
handle_failure	Set up job	2025-04-04T10:20:19.3779906Z Prepare all required actions
handle_failure	Set up job	2025-04-04T10:20:19.3831860Z Getting action download info
handle_failure	Set up job	2025-04-04T10:20:20.3979725Z Download action repository 'actions/checkout@v4' (SHA:11bd71901bbe5b1630ceea73d27597364c9af683)
handle_failure	Set up job	2025-04-04T10:21:16.4944932Z Complete job name: handle_failure
handle_failure	Checkout code	ï»¿2025-04-04T10:21:16.5673382Z ##[group]Run actions/checkout@v4
handle_failure	Checkout code	2025-04-04T10:21:16.5675711Z with:
handle_failure	Checkout code	2025-04-04T10:21:16.5676726Z   fetch-depth: 0
handle_failure	Checkout code	2025-04-04T10:21:16.5678312Z   token: ***
handle_failure	Checkout code	2025-04-04T10:21:16.5679409Z   repository: Ka0s-Klaus/ka0s
handle_failure	Checkout code	2025-04-04T10:21:16.5680804Z   ssh-strict: true
handle_failure	Checkout code	2025-04-04T10:21:16.5681891Z   ssh-user: git
handle_failure	Checkout code	2025-04-04T10:21:16.5683573Z   persist-credentials: true
handle_failure	Checkout code	2025-04-04T10:21:16.5684808Z   clean: true
handle_failure	Checkout code	2025-04-04T10:21:16.5685918Z   sparse-checkout-cone-mode: true
handle_failure	Checkout code	2025-04-04T10:21:16.5687269Z   fetch-tags: false
handle_failure	Checkout code	2025-04-04T10:21:16.5688398Z   show-progress: true
handle_failure	Checkout code	2025-04-04T10:21:16.5689527Z   lfs: false
handle_failure	Checkout code	2025-04-04T10:21:16.5690527Z   submodules: false
handle_failure	Checkout code	2025-04-04T10:21:16.5692379Z   set-safe-directory: true
handle_failure	Checkout code	2025-04-04T10:21:16.5694412Z env:
handle_failure	Checkout code	2025-04-04T10:21:16.5695413Z   KAOS_CODE: 14263039679
handle_failure	Checkout code	2025-04-04T10:21:16.5696616Z   KAOS_EVENT_NAME: push
handle_failure	Checkout code	2025-04-04T10:21:16.5697751Z   KAOS_ACTION: 
handle_failure	Checkout code	2025-04-04T10:21:16.5698934Z   KAOS_REF: refs/heads/H220-web-de-resultados
handle_failure	Checkout code	2025-04-04T10:21:16.5700398Z   KAOS_MODULE: [Ka0S] kaos
handle_failure	Checkout code	2025-04-04T10:21:16.5701756Z   KAOS_PATH_RESUME: core/results/k/
handle_failure	Checkout code	2025-04-04T10:21:16.5703647Z   KAOS_JSON: core/results/k/event_data_
handle_failure	Checkout code	2025-04-04T10:21:16.5738927Z   KAOS_ACTOR: jorgecg646
handle_failure	Checkout code	2025-04-04T10:21:16.5739927Z ##[endgroup]
handle_failure	Checkout code	2025-04-04T10:21:16.7290905Z Syncing repository: Ka0s-Klaus/ka0s
handle_failure	Checkout code	2025-04-04T10:21:16.7294842Z ##[group]Getting Git version info
handle_failure	Checkout code	2025-04-04T10:21:16.7295990Z Working directory is '/actions-runner/_work/ka0s/ka0s'
handle_failure	Checkout code	2025-04-04T10:21:16.7297481Z [command]/usr/bin/git version
handle_failure	Checkout code	2025-04-04T10:21:16.7298212Z git version 2.48.1
handle_failure	Checkout code	2025-04-04T10:21:16.7313928Z ##[endgroup]
handle_failure	Checkout code	2025-04-04T10:21:16.7327907Z Copying '/home/kaos/.gitconfig' to '/actions-runner/_work/_temp/992dd09d-481f-47e8-b57f-0c7d64c64995/.gitconfig'
handle_failure	Checkout code	2025-04-04T10:21:16.7344123Z Temporarily overriding HOME='/actions-runner/_work/_temp/992dd09d-481f-47e8-b57f-0c7d64c64995' before making global git config changes
handle_failure	Checkout code	2025-04-04T10:21:16.7346478Z Adding repository directory to the temporary git global config as a safe directory
handle_failure	Checkout code	2025-04-04T10:21:16.7351737Z [command]/usr/bin/git config --global --add safe.directory /actions-runner/_work/ka0s/ka0s
handle_failure	Checkout code	2025-04-04T10:21:16.7412333Z [command]/usr/bin/git config --local --get remote.origin.url
handle_failure	Checkout code	2025-04-04T10:21:16.7442392Z https://github.com/Ka0s-Klaus/ka0s
handle_failure	Checkout code	2025-04-04T10:21:16.7467820Z ##[group]Removing previously created refs, to avoid conflicts
handle_failure	Checkout code	2025-04-04T10:21:16.7473366Z [command]/usr/bin/git rev-parse --symbolic-full-name --verify --quiet HEAD
handle_failure	Checkout code	2025-04-04T10:21:16.7505628Z refs/heads/main
handle_failure	Checkout code	2025-04-04T10:21:16.7522468Z [command]/usr/bin/git checkout --detach
handle_failure	Checkout code	2025-04-04T10:21:16.7849148Z HEAD is now at 75808be Merge pull request #294 from Ka0s-Klaus/H215-modulo-de-summary
handle_failure	Checkout code	2025-04-04T10:21:16.7915602Z [command]/usr/bin/git branch --delete --force main
handle_failure	Checkout code	2025-04-04T10:21:16.7958202Z Deleted branch main (was 75808be).
handle_failure	Checkout code	2025-04-04T10:21:16.8038035Z ##[endgroup]
handle_failure	Checkout code	2025-04-04T10:21:16.8040803Z [command]/usr/bin/git submodule status
handle_failure	Checkout code	2025-04-04T10:21:16.8430483Z ##[group]Cleaning the repository
handle_failure	Checkout code	2025-04-04T10:21:16.8433657Z [command]/usr/bin/git clean -ffdx
handle_failure	Checkout code	2025-04-04T10:21:16.8507254Z [command]/usr/bin/git reset --hard HEAD
handle_failure	Checkout code	2025-04-04T10:21:16.8705793Z HEAD is now at 75808be Merge pull request #294 from Ka0s-Klaus/H215-modulo-de-summary
handle_failure	Checkout code	2025-04-04T10:21:16.8714028Z ##[endgroup]
handle_failure	Checkout code	2025-04-04T10:21:16.8716318Z ##[group]Disabling automatic garbage collection
handle_failure	Checkout code	2025-04-04T10:21:16.8722230Z [command]/usr/bin/git config --local gc.auto 0
handle_failure	Checkout code	2025-04-04T10:21:16.8768978Z ##[endgroup]
handle_failure	Checkout code	2025-04-04T10:21:16.8771013Z ##[group]Setting up auth
handle_failure	Checkout code	2025-04-04T10:21:16.8779181Z [command]/usr/bin/git config --local --name-only --get-regexp core\.sshCommand
handle_failure	Checkout code	2025-04-04T10:21:16.8829533Z [command]/usr/bin/git submodule foreach --recursive sh -c "git config --local --name-only --get-regexp 'core\.sshCommand' && git config --local --unset-all 'core.sshCommand' || :"
handle_failure	Checkout code	2025-04-04T10:21:16.9219184Z [command]/usr/bin/git config --local --name-only --get-regexp http\.https\:\/\/github\.com\/\.extraheader
handle_failure	Checkout code	2025-04-04T10:21:16.9261232Z [command]/usr/bin/git submodule foreach --recursive sh -c "git config --local --name-only --get-regexp 'http\.https\:\/\/github\.com\/\.extraheader' && git config --local --unset-all 'http.https://github.com/.extraheader' || :"
handle_failure	Checkout code	2025-04-04T10:21:16.9652948Z [command]/usr/bin/git config --local http.https://github.com/.extraheader AUTHORIZATION: basic ***
handle_failure	Checkout code	2025-04-04T10:21:16.9709665Z ##[endgroup]
handle_failure	Checkout code	2025-04-04T10:21:16.9713050Z ##[group]Fetching the repository
handle_failure	Checkout code	2025-04-04T10:21:16.9719445Z [command]/usr/bin/git -c protocol.version=2 fetch --prune --no-recurse-submodules origin +refs/heads/*:refs/remotes/origin/* +refs/tags/*:refs/tags/*
handle_failure	Checkout code	2025-04-04T10:21:18.0848716Z From https://github.com/Ka0s-Klaus/ka0s
handle_failure	Checkout code	2025-04-04T10:21:18.0851872Z    75808be..c96a731  main       -> origin/main
handle_failure	Checkout code	2025-04-04T10:21:18.0917519Z [command]/usr/bin/git branch --list --remote origin/H220-web-de-resultados
handle_failure	Checkout code	2025-04-04T10:21:18.0961185Z   origin/H220-web-de-resultados
handle_failure	Checkout code	2025-04-04T10:21:18.0977916Z [command]/usr/bin/git rev-parse refs/remotes/origin/H220-web-de-resultados
handle_failure	Checkout code	2025-04-04T10:21:18.1015512Z 635c33b2319592ba62b6c4b9a1f0f77142952571
handle_failure	Checkout code	2025-04-04T10:21:18.1034601Z [command]/usr/bin/git -c protocol.version=2 fetch --no-tags --prune --no-recurse-submodules origin +6c432fedc505dfb5f3436015076d6be247099075:refs/remotes/origin/H220-web-de-resultados
handle_failure	Checkout code	2025-04-04T10:21:18.9577393Z From https://github.com/Ka0s-Klaus/ka0s
handle_failure	Checkout code	2025-04-04T10:21:18.9583105Z  + 635c33b...6c432fe 6c432fedc505dfb5f3436015076d6be247099075 -> origin/H220-web-de-resultados  (forced update)
handle_failure	Checkout code	2025-04-04T10:21:18.9671814Z ##[endgroup]
handle_failure	Checkout code	2025-04-04T10:21:18.9674778Z ##[group]Determining the checkout info
handle_failure	Checkout code	2025-04-04T10:21:18.9677794Z ##[endgroup]
handle_failure	Checkout code	2025-04-04T10:21:18.9680137Z [command]/usr/bin/git sparse-checkout disable
handle_failure	Checkout code	2025-04-04T10:21:18.9761585Z [command]/usr/bin/git config --local --unset-all extensions.worktreeConfig
handle_failure	Checkout code	2025-04-04T10:21:18.9805113Z ##[group]Checking out the ref
handle_failure	Checkout code	2025-04-04T10:21:18.9809765Z [command]/usr/bin/git checkout --progress --force -B H220-web-de-resultados refs/remotes/origin/H220-web-de-resultados
handle_failure	Checkout code	2025-04-04T10:21:19.0246492Z Previous HEAD position was 75808be Merge pull request #294 from Ka0s-Klaus/H215-modulo-de-summary
handle_failure	Checkout code	2025-04-04T10:21:19.0258955Z Switched to a new branch 'H220-web-de-resultados'
handle_failure	Checkout code	2025-04-04T10:21:19.0264705Z branch 'H220-web-de-resultados' set up to track 'origin/H220-web-de-resultados'.
handle_failure	Checkout code	2025-04-04T10:21:19.0284303Z ##[endgroup]
handle_failure	Checkout code	2025-04-04T10:21:19.0342516Z [command]/usr/bin/git log -1 --format=%H
handle_failure	Checkout code	2025-04-04T10:21:19.0380230Z 6c432fedc505dfb5f3436015076d6be247099075
handle_failure	handle-failure-execution	ï»¿2025-04-04T10:21:19.0753028Z ##[group]Run echo "Error detected in process"
handle_failure	handle-failure-execution	2025-04-04T10:21:19.0756668Z [36;1mecho "Error detected in process"[0m
handle_failure	handle-failure-execution	2025-04-04T10:21:19.0759738Z [36;1mRNNUMBER=$(echo "refs/heads/H220-web-de-resultados" | grep -o '[0-9]*')[0m
handle_failure	handle-failure-execution	2025-04-04T10:21:19.0765251Z [36;1mgh issue comment $RNNUMBER --body "El proceso no ha finalizado correctamente 14263039679. El resultado estÃ¡ en el fichero core/results/event_data14263039679.log"[0m
handle_failure	handle-failure-execution	2025-04-04T10:21:19.0788262Z shell: /usr/bin/bash -e {0}
handle_failure	handle-failure-execution	2025-04-04T10:21:19.0789396Z env:
handle_failure	handle-failure-execution	2025-04-04T10:21:19.0790199Z   KAOS_CODE: 14263039679
handle_failure	handle-failure-execution	2025-04-04T10:21:19.0791216Z   KAOS_EVENT_NAME: push
handle_failure	handle-failure-execution	2025-04-04T10:21:19.0792752Z   KAOS_ACTION: 
handle_failure	handle-failure-execution	2025-04-04T10:21:19.0794348Z   KAOS_REF: refs/heads/H220-web-de-resultados
handle_failure	handle-failure-execution	2025-04-04T10:21:19.0795684Z   KAOS_MODULE: [Ka0S] kaos
handle_failure	handle-failure-execution	2025-04-04T10:21:19.0796796Z   KAOS_PATH_RESUME: core/results/k/
handle_failure	handle-failure-execution	2025-04-04T10:21:19.0798044Z   KAOS_JSON: core/results/k/event_data_
handle_failure	handle-failure-execution	2025-04-04T10:21:19.0799279Z   KAOS_ACTOR: jorgecg646
handle_failure	handle-failure-execution	2025-04-04T10:21:19.0800909Z   GH_TOKEN: ***
handle_failure	handle-failure-execution	2025-04-04T10:21:19.0801889Z ##[endgroup]
handle_failure	handle-failure-execution	2025-04-04T10:21:19.0883410Z Error detected in process
handle_failure	handle-failure-execution	2025-04-04T10:21:20.7131730Z https://github.com/Ka0s-Klaus/ka0s/issues/220#issuecomment-2778241063
handle_failure	Post Checkout code	ï»¿2025-04-04T10:21:20.7302244Z Post job cleanup.
handle_failure	Post Checkout code	2025-04-04T10:21:20.8683243Z [command]/usr/bin/git version
handle_failure	Post Checkout code	2025-04-04T10:21:20.8733083Z git version 2.48.1
handle_failure	Post Checkout code	2025-04-04T10:21:20.8786874Z Copying '/home/kaos/.gitconfig' to '/actions-runner/_work/_temp/c1bbc51e-2f35-4374-b536-2e44c4af4167/.gitconfig'
handle_failure	Post Checkout code	2025-04-04T10:21:20.8805628Z Temporarily overriding HOME='/actions-runner/_work/_temp/c1bbc51e-2f35-4374-b536-2e44c4af4167' before making global git config changes
handle_failure	Post Checkout code	2025-04-04T10:21:20.8806995Z Adding repository directory to the temporary git global config as a safe directory
handle_failure	Post Checkout code	2025-04-04T10:21:20.8813754Z [command]/usr/bin/git config --global --add safe.directory /actions-runner/_work/ka0s/ka0s
handle_failure	Post Checkout code	2025-04-04T10:21:20.8870135Z [command]/usr/bin/git config --local --name-only --get-regexp core\.sshCommand
handle_failure	Post Checkout code	2025-04-04T10:21:20.8932477Z [command]/usr/bin/git submodule foreach --recursive sh -c "git config --local --name-only --get-regexp 'core\.sshCommand' && git config --local --unset-all 'core.sshCommand' || :"
handle_failure	Post Checkout code	2025-04-04T10:21:20.9339965Z [command]/usr/bin/git config --local --name-only --get-regexp http\.https\:\/\/github\.com\/\.extraheader
handle_failure	Post Checkout code	2025-04-04T10:21:20.9376462Z http.https://github.com/.extraheader
handle_failure	Post Checkout code	2025-04-04T10:21:20.9400408Z [command]/usr/bin/git config --local --unset-all http.https://github.com/.extraheader
handle_failure	Post Checkout code	2025-04-04T10:21:20.9456080Z [command]/usr/bin/git submodule foreach --recursive sh -c "git config --local --name-only --get-regexp 'http\.https\:\/\/github\.com\/\.extraheader' && git config --local --unset-all 'http.https://github.com/.extraheader' || :"
handle_failure	Complete job	ï»¿2025-04-04T10:21:21.0030850Z Cleaning up orphan processes
end-workflow	Set up job	ï»¿2025-04-04T10:21:31.8498873Z Current runner version: '2.323.0'
end-workflow	Set up job	2025-04-04T10:21:31.8509113Z Runner name: 'ka0s-4'
end-workflow	Set up job	2025-04-04T10:21:31.8510641Z Machine name: '419612ea1a87'
end-workflow	Set up job	2025-04-04T10:21:31.8514485Z ##[group]GITHUB_TOKEN Permissions
end-workflow	Set up job	2025-04-04T10:21:31.8517421Z Contents: read
end-workflow	Set up job	2025-04-04T10:21:31.8518332Z Metadata: read
end-workflow	Set up job	2025-04-04T10:21:31.8519047Z Packages: read
end-workflow	Set up job	2025-04-04T10:21:31.8519644Z ##[endgroup]
end-workflow	Set up job	2025-04-04T10:21:31.8523251Z Secret source: Actions
end-workflow	Set up job	2025-04-04T10:21:31.8524503Z Prepare workflow directory
end-workflow	Set up job	2025-04-04T10:21:31.9439093Z Prepare all required actions
end-workflow	Set up job	2025-04-04T10:21:31.9494995Z Getting action download info
end-workflow	Set up job	2025-04-04T10:21:33.0602949Z Download action repository 'actions/checkout@v4' (SHA:11bd71901bbe5b1630ceea73d27597364c9af683)
end-workflow	Set up job	2025-04-04T10:21:35.3411541Z Complete job name: end-workflow
end-workflow	Checkout code	ï»¿2025-04-04T10:21:35.4126501Z ##[group]Run actions/checkout@v4
end-workflow	Checkout code	2025-04-04T10:21:35.4128118Z with:
end-workflow	Checkout code	2025-04-04T10:21:35.4128714Z   fetch-depth: 0
end-workflow	Checkout code	2025-04-04T10:21:35.4129969Z   token: ***
end-workflow	Checkout code	2025-04-04T10:21:35.4130653Z   repository: Ka0s-Klaus/ka0s
end-workflow	Checkout code	2025-04-04T10:21:35.4131576Z   ssh-strict: true
end-workflow	Checkout code	2025-04-04T10:21:35.4132887Z   ssh-user: git
end-workflow	Checkout code	2025-04-04T10:21:35.4133755Z   persist-credentials: true
end-workflow	Checkout code	2025-04-04T10:21:35.4134567Z   clean: true
end-workflow	Checkout code	2025-04-04T10:21:35.4135268Z   sparse-checkout-cone-mode: true
end-workflow	Checkout code	2025-04-04T10:21:35.4136190Z   fetch-tags: false
end-workflow	Checkout code	2025-04-04T10:21:35.4136889Z   show-progress: true
end-workflow	Checkout code	2025-04-04T10:21:35.4137609Z   lfs: false
end-workflow	Checkout code	2025-04-04T10:21:35.4138281Z   submodules: false
end-workflow	Checkout code	2025-04-04T10:21:35.4138989Z   set-safe-directory: true
end-workflow	Checkout code	2025-04-04T10:21:35.4140139Z env:
end-workflow	Checkout code	2025-04-04T10:21:35.4140727Z   KAOS_CODE: 14263039679
end-workflow	Checkout code	2025-04-04T10:21:35.4141498Z   KAOS_EVENT_NAME: push
end-workflow	Checkout code	2025-04-04T10:21:35.4142594Z   KAOS_ACTION: 
end-workflow	Checkout code	2025-04-04T10:21:35.4143529Z   KAOS_REF: refs/heads/H220-web-de-resultados
end-workflow	Checkout code	2025-04-04T10:21:35.4144598Z   KAOS_MODULE: [Ka0S] kaos
end-workflow	Checkout code	2025-04-04T10:21:35.4145497Z   KAOS_PATH_RESUME: core/results/k/
end-workflow	Checkout code	2025-04-04T10:21:35.4146515Z   KAOS_JSON: core/results/k/event_data_
end-workflow	Checkout code	2025-04-04T10:21:35.4147505Z   KAOS_ACTOR: jorgecg646
end-workflow	Checkout code	2025-04-04T10:21:35.4148661Z   GH_TOKEN: ***
end-workflow	Checkout code	2025-04-04T10:21:35.4149298Z ##[endgroup]
end-workflow	Checkout code	2025-04-04T10:21:35.5700853Z Syncing repository: Ka0s-Klaus/ka0s
end-workflow	Checkout code	2025-04-04T10:21:35.5704278Z ##[group]Getting Git version info
end-workflow	Checkout code	2025-04-04T10:21:35.5705755Z Working directory is '/actions-runner/_work/ka0s/ka0s'
end-workflow	Checkout code	2025-04-04T10:21:35.5707738Z [command]/usr/bin/git version
end-workflow	Checkout code	2025-04-04T10:21:35.5708639Z git version 2.48.1
end-workflow	Checkout code	2025-04-04T10:21:35.5727148Z ##[endgroup]
end-workflow	Checkout code	2025-04-04T10:21:35.5742670Z Copying '/home/kaos/.gitconfig' to '/actions-runner/_work/_temp/9a2c5a65-16e6-40d3-a432-388615baac6a/.gitconfig'
end-workflow	Checkout code	2025-04-04T10:21:35.5758174Z Temporarily overriding HOME='/actions-runner/_work/_temp/9a2c5a65-16e6-40d3-a432-388615baac6a' before making global git config changes
end-workflow	Checkout code	2025-04-04T10:21:35.5761798Z Adding repository directory to the temporary git global config as a safe directory
end-workflow	Checkout code	2025-04-04T10:21:35.5765783Z [command]/usr/bin/git config --global --add safe.directory /actions-runner/_work/ka0s/ka0s
end-workflow	Checkout code	2025-04-04T10:21:35.5823048Z [command]/usr/bin/git config --local --get remote.origin.url
end-workflow	Checkout code	2025-04-04T10:21:35.5865969Z https://github.com/Ka0s-Klaus/ka0s
end-workflow	Checkout code	2025-04-04T10:21:35.5891504Z ##[group]Removing previously created refs, to avoid conflicts
end-workflow	Checkout code	2025-04-04T10:21:35.5895620Z [command]/usr/bin/git rev-parse --symbolic-full-name --verify --quiet HEAD
end-workflow	Checkout code	2025-04-04T10:21:35.5926637Z refs/heads/H220-web-de-resultados
end-workflow	Checkout code	2025-04-04T10:21:35.5941736Z [command]/usr/bin/git checkout --detach
end-workflow	Checkout code	2025-04-04T10:21:35.6266322Z HEAD is now at 6c432fe Merge remote-tracking branch 'origin' into H220-web-de-resultados
end-workflow	Checkout code	2025-04-04T10:21:35.6335853Z [command]/usr/bin/git branch --delete --force H220-web-de-resultados
end-workflow	Checkout code	2025-04-04T10:21:35.6385143Z Deleted branch H220-web-de-resultados (was 6c432fe).
end-workflow	Checkout code	2025-04-04T10:21:35.6468002Z ##[endgroup]
end-workflow	Checkout code	2025-04-04T10:21:35.6470739Z [command]/usr/bin/git submodule status
end-workflow	Checkout code	2025-04-04T10:21:35.6865554Z ##[group]Cleaning the repository
end-workflow	Checkout code	2025-04-04T10:21:35.6871214Z [command]/usr/bin/git clean -ffdx
end-workflow	Checkout code	2025-04-04T10:21:35.6950329Z [command]/usr/bin/git reset --hard HEAD
end-workflow	Checkout code	2025-04-04T10:21:35.7155544Z HEAD is now at 6c432fe Merge remote-tracking branch 'origin' into H220-web-de-resultados
end-workflow	Checkout code	2025-04-04T10:21:35.7168263Z ##[endgroup]
end-workflow	Checkout code	2025-04-04T10:21:35.7170480Z ##[group]Disabling automatic garbage collection
end-workflow	Checkout code	2025-04-04T10:21:35.7172796Z [command]/usr/bin/git config --local gc.auto 0
end-workflow	Checkout code	2025-04-04T10:21:35.7216554Z ##[endgroup]
end-workflow	Checkout code	2025-04-04T10:21:35.7218536Z ##[group]Setting up auth
end-workflow	Checkout code	2025-04-04T10:21:35.7228192Z [command]/usr/bin/git config --local --name-only --get-regexp core\.sshCommand
end-workflow	Checkout code	2025-04-04T10:21:35.7292744Z [command]/usr/bin/git submodule foreach --recursive sh -c "git config --local --name-only --get-regexp 'core\.sshCommand' && git config --local --unset-all 'core.sshCommand' || :"
end-workflow	Checkout code	2025-04-04T10:21:35.7696333Z [command]/usr/bin/git config --local --name-only --get-regexp http\.https\:\/\/github\.com\/\.extraheader
end-workflow	Checkout code	2025-04-04T10:21:35.7741603Z [command]/usr/bin/git submodule foreach --recursive sh -c "git config --local --name-only --get-regexp 'http\.https\:\/\/github\.com\/\.extraheader' && git config --local --unset-all 'http.https://github.com/.extraheader' || :"
end-workflow	Checkout code	2025-04-04T10:21:35.8153634Z [command]/usr/bin/git config --local http.https://github.com/.extraheader AUTHORIZATION: basic ***
end-workflow	Checkout code	2025-04-04T10:21:35.8219855Z ##[endgroup]
end-workflow	Checkout code	2025-04-04T10:21:35.8221116Z ##[group]Fetching the repository
end-workflow	Checkout code	2025-04-04T10:21:35.8233062Z [command]/usr/bin/git -c protocol.version=2 fetch --prune --no-recurse-submodules origin +refs/heads/*:refs/remotes/origin/* +refs/tags/*:refs/tags/*
end-workflow	Checkout code	2025-04-04T10:21:36.7149032Z From https://github.com/Ka0s-Klaus/ka0s
end-workflow	Checkout code	2025-04-04T10:21:36.7151225Z    6c432fe..635c33b  H220-web-de-resultados -> origin/H220-web-de-resultados
end-workflow	Checkout code	2025-04-04T10:21:36.7297020Z [command]/usr/bin/git branch --list --remote origin/H220-web-de-resultados
end-workflow	Checkout code	2025-04-04T10:21:36.7340794Z   origin/H220-web-de-resultados
end-workflow	Checkout code	2025-04-04T10:21:36.7354764Z [command]/usr/bin/git rev-parse refs/remotes/origin/H220-web-de-resultados
end-workflow	Checkout code	2025-04-04T10:21:36.7392352Z 635c33b2319592ba62b6c4b9a1f0f77142952571
end-workflow	Checkout code	2025-04-04T10:21:36.7411536Z [command]/usr/bin/git -c protocol.version=2 fetch --no-tags --prune --no-recurse-submodules origin +6c432fedc505dfb5f3436015076d6be247099075:refs/remotes/origin/H220-web-de-resultados
end-workflow	Checkout code	2025-04-04T10:21:37.7825120Z From https://github.com/Ka0s-Klaus/ka0s
end-workflow	Checkout code	2025-04-04T10:21:37.7828395Z  + 635c33b...6c432fe 6c432fedc505dfb5f3436015076d6be247099075 -> origin/H220-web-de-resultados  (forced update)
end-workflow	Checkout code	2025-04-04T10:21:37.7978390Z ##[endgroup]
end-workflow	Checkout code	2025-04-04T10:21:37.7980798Z ##[group]Determining the checkout info
end-workflow	Checkout code	2025-04-04T10:21:37.7984883Z ##[endgroup]
end-workflow	Checkout code	2025-04-04T10:21:37.7992164Z [command]/usr/bin/git sparse-checkout disable
end-workflow	Checkout code	2025-04-04T10:21:37.8127201Z [command]/usr/bin/git config --local --unset-all extensions.worktreeConfig
end-workflow	Checkout code	2025-04-04T10:21:37.8205534Z ##[group]Checking out the ref
end-workflow	Checkout code	2025-04-04T10:21:37.8214143Z [command]/usr/bin/git checkout --progress --force -B H220-web-de-resultados refs/remotes/origin/H220-web-de-resultados
end-workflow	Checkout code	2025-04-04T10:21:37.8363783Z Switched to a new branch 'H220-web-de-resultados'
end-workflow	Checkout code	2025-04-04T10:21:37.8368514Z branch 'H220-web-de-resultados' set up to track 'origin/H220-web-de-resultados'.
end-workflow	Checkout code	2025-04-04T10:21:37.8377753Z ##[endgroup]
end-workflow	Checkout code	2025-04-04T10:21:37.8437723Z [command]/usr/bin/git log -1 --format=%H
end-workflow	Checkout code	2025-04-04T10:21:37.8477886Z 6c432fedc505dfb5f3436015076d6be247099075
end-workflow	Finaliza el workflow	ï»¿2025-04-04T10:21:37.8770233Z ##[group]Run echo "End process"
end-workflow	Finaliza el workflow	2025-04-04T10:21:37.8770982Z [36;1mecho "End process"[0m
end-workflow	Finaliza el workflow	2025-04-04T10:21:37.8771528Z [36;1mRNNUMBER=$(echo "refs/heads/H220-web-de-resultados" | grep -o '[0-9]*')[0m
end-workflow	Finaliza el workflow	2025-04-04T10:21:37.8772519Z [36;1mgh issue comment $RNNUMBER --body "Se finaliza Ka0s 14263039679"[0m
end-workflow	Finaliza el workflow	2025-04-04T10:21:37.8773561Z [36;1mgh workflow run inspector.yml --ref 'main' -f kaos-issue-id=$RNNUMBER -f kaos-workflow-id="14263039679" -f kaos-user-start=""[0m
end-workflow	Finaliza el workflow	2025-04-04T10:21:37.8788199Z shell: /usr/bin/bash -e {0}
end-workflow	Finaliza el workflow	2025-04-04T10:21:37.8788601Z env:
end-workflow	Finaliza el workflow	2025-04-04T10:21:37.8788900Z   KAOS_CODE: 14263039679
end-workflow	Finaliza el workflow	2025-04-04T10:21:37.8789237Z   KAOS_EVENT_NAME: push
end-workflow	Finaliza el workflow	2025-04-04T10:21:37.8789878Z   KAOS_ACTION: 
end-workflow	Finaliza el workflow	2025-04-04T10:21:37.8790211Z   KAOS_REF: refs/heads/H220-web-de-resultados
end-workflow	Finaliza el workflow	2025-04-04T10:21:37.8790624Z   KAOS_MODULE: [Ka0S] kaos
end-workflow	Finaliza el workflow	2025-04-04T10:21:37.8790989Z   KAOS_PATH_RESUME: core/results/k/
end-workflow	Finaliza el workflow	2025-04-04T10:21:37.8791379Z   KAOS_JSON: core/results/k/event_data_
end-workflow	Finaliza el workflow	2025-04-04T10:21:37.8791762Z   KAOS_ACTOR: jorgecg646
end-workflow	Finaliza el workflow	2025-04-04T10:21:37.8792968Z   GH_TOKEN: ***
end-workflow	Finaliza el workflow	2025-04-04T10:21:37.8793302Z ##[endgroup]
end-workflow	Finaliza el workflow	2025-04-04T10:21:37.8867347Z End process
end-workflow	Finaliza el workflow	2025-04-04T10:22:26.9184146Z https://github.com/Ka0s-Klaus/ka0s/issues/220#issuecomment-2778241758
end-workflow	Post Checkout code	ï»¿2025-04-04T10:22:27.9035098Z Post job cleanup.
end-workflow	Post Checkout code	2025-04-04T10:22:28.0397348Z [command]/usr/bin/git version
end-workflow	Post Checkout code	2025-04-04T10:22:28.0450630Z git version 2.48.1
end-workflow	Post Checkout code	2025-04-04T10:22:28.0503177Z Copying '/home/kaos/.gitconfig' to '/actions-runner/_work/_temp/6ec9b76e-ffdb-476f-8c50-f3686a1ec986/.gitconfig'
end-workflow	Post Checkout code	2025-04-04T10:22:28.0520096Z Temporarily overriding HOME='/actions-runner/_work/_temp/6ec9b76e-ffdb-476f-8c50-f3686a1ec986' before making global git config changes
end-workflow	Post Checkout code	2025-04-04T10:22:28.0522593Z Adding repository directory to the temporary git global config as a safe directory
end-workflow	Post Checkout code	2025-04-04T10:22:28.0530087Z [command]/usr/bin/git config --global --add safe.directory /actions-runner/_work/ka0s/ka0s
end-workflow	Post Checkout code	2025-04-04T10:22:28.0585410Z [command]/usr/bin/git config --local --name-only --get-regexp core\.sshCommand
end-workflow	Post Checkout code	2025-04-04T10:22:28.0647720Z [command]/usr/bin/git submodule foreach --recursive sh -c "git config --local --name-only --get-regexp 'core\.sshCommand' && git config --local --unset-all 'core.sshCommand' || :"
end-workflow	Post Checkout code	2025-04-04T10:22:28.1043788Z [command]/usr/bin/git config --local --name-only --get-regexp http\.https\:\/\/github\.com\/\.extraheader
end-workflow	Post Checkout code	2025-04-04T10:22:28.1079177Z http.https://github.com/.extraheader
end-workflow	Post Checkout code	2025-04-04T10:22:28.1102880Z [command]/usr/bin/git config --local --unset-all http.https://github.com/.extraheader
end-workflow	Post Checkout code	2025-04-04T10:22:28.1159101Z [command]/usr/bin/git submodule foreach --recursive sh -c "git config --local --name-only --get-regexp 'http\.https\:\/\/github\.com\/\.extraheader' && git config --local --unset-all 'http.https://github.com/.extraheader' || :"
end-workflow	Complete job	ï»¿2025-04-04T10:22:28.1778388Z Cleaning up orphan processes
