job-core	Set up job	ï»¿2025-04-09T14:03:25.4162243Z Current runner version: '2.323.0'
job-core	Set up job	2025-04-09T14:03:25.4179281Z Runner name: 'ka0s-6'
job-core	Set up job	2025-04-09T14:03:25.4181683Z Machine name: '419612ea1a87'
job-core	Set up job	2025-04-09T14:03:25.4292961Z ##[group]GITHUB_TOKEN Permissions
job-core	Set up job	2025-04-09T14:03:25.4297640Z Contents: read
job-core	Set up job	2025-04-09T14:03:25.4298728Z Metadata: read
job-core	Set up job	2025-04-09T14:03:25.4299700Z Packages: read
job-core	Set up job	2025-04-09T14:03:25.4300667Z ##[endgroup]
job-core	Set up job	2025-04-09T14:03:25.4305611Z Secret source: Actions
job-core	Set up job	2025-04-09T14:03:25.4307028Z Prepare workflow directory
job-core	Set up job	2025-04-09T14:03:25.5687626Z Prepare all required actions
job-core	Set up job	2025-04-09T14:03:25.5772452Z Getting action download info
job-core	Set up job	2025-04-09T14:03:27.0798166Z Download action repository 'actions/checkout@v4' (SHA:11bd71901bbe5b1630ceea73d27597364c9af683)
job-core	Set up job	2025-04-09T14:05:07.1482680Z ##[warning]Failed to download action 'https://api.github.com/repos/actions/checkout/tarball/11bd71901bbe5b1630ceea73d27597364c9af683'. Error: The request was canceled due to the configured HttpClient.Timeout of 100 seconds elapsing. 
job-core	Set up job	2025-04-09T14:05:07.1500233Z ##[warning]Back off 22.58 seconds before retry.
job-core	Set up job	2025-04-09T14:07:09.7626073Z ##[warning]Failed to download action 'https://api.github.com/repos/actions/checkout/tarball/11bd71901bbe5b1630ceea73d27597364c9af683'. Error: The request was canceled due to the configured HttpClient.Timeout of 100 seconds elapsing. 
job-core	Set up job	2025-04-09T14:07:09.7635340Z ##[warning]Back off 21.043 seconds before retry.
job-core	Set up job	2025-04-09T14:07:35.1885906Z Complete job name: job-core
job-core	Checkout code	ï»¿2025-04-09T14:07:35.2567594Z ##[group]Run actions/checkout@v4
job-core	Checkout code	2025-04-09T14:07:35.2568512Z with:
job-core	Checkout code	2025-04-09T14:07:35.2568849Z   fetch-depth: 0
job-core	Checkout code	2025-04-09T14:07:35.2569591Z   token: ***
job-core	Checkout code	2025-04-09T14:07:35.2569936Z   repository: Ka0s-Klaus/ka0s
job-core	Checkout code	2025-04-09T14:07:35.2570318Z   ssh-strict: true
job-core	Checkout code	2025-04-09T14:07:35.2570637Z   ssh-user: git
job-core	Checkout code	2025-04-09T14:07:35.2570983Z   persist-credentials: true
job-core	Checkout code	2025-04-09T14:07:35.2571361Z   clean: true
job-core	Checkout code	2025-04-09T14:07:35.2571720Z   sparse-checkout-cone-mode: true
job-core	Checkout code	2025-04-09T14:07:35.2572601Z   fetch-tags: false
job-core	Checkout code	2025-04-09T14:07:35.2573088Z   show-progress: true
job-core	Checkout code	2025-04-09T14:07:35.2573440Z   lfs: false
job-core	Checkout code	2025-04-09T14:07:35.2573745Z   submodules: false
job-core	Checkout code	2025-04-09T14:07:35.2574078Z   set-safe-directory: true
job-core	Checkout code	2025-04-09T14:07:35.2574753Z env:
job-core	Checkout code	2025-04-09T14:07:35.2575069Z   KAOS_CODE: 14359169174
job-core	Checkout code	2025-04-09T14:07:35.2575425Z   KAOS_EVENT_NAME: push
job-core	Checkout code	2025-04-09T14:07:35.2575763Z   KAOS_ACTION: 
job-core	Checkout code	2025-04-09T14:07:35.2576117Z   KAOS_REF: refs/heads/H220-web-de-resultados
job-core	Checkout code	2025-04-09T14:07:35.2576555Z   KAOS_MODULE: [Ka0S] kaos
job-core	Checkout code	2025-04-09T14:07:35.2576981Z   KAOS_PATH_RESUME: core/results/k/
job-core	Checkout code	2025-04-09T14:07:35.2577396Z   KAOS_JSON: core/results/k/event_data_
job-core	Checkout code	2025-04-09T14:07:35.2577813Z   KAOS_ACTOR: jh0ny2k2
job-core	Checkout code	2025-04-09T14:07:35.2578181Z   GITHUB_OUTPUT: 
job-core	Checkout code	2025-04-09T14:07:35.2578495Z ##[endgroup]
job-core	Checkout code	2025-04-09T14:07:35.4204135Z Syncing repository: Ka0s-Klaus/ka0s
job-core	Checkout code	2025-04-09T14:07:35.4207189Z ##[group]Getting Git version info
job-core	Checkout code	2025-04-09T14:07:35.4208153Z Working directory is '/actions-runner/_work/ka0s/ka0s'
job-core	Checkout code	2025-04-09T14:07:35.4210083Z [command]/usr/bin/git version
job-core	Checkout code	2025-04-09T14:07:35.4210876Z git version 2.48.1
job-core	Checkout code	2025-04-09T14:07:35.4236272Z ##[endgroup]
job-core	Checkout code	2025-04-09T14:07:35.4253008Z Copying '/home/kaos/.gitconfig' to '/actions-runner/_work/_temp/b15db49f-fe3c-4a82-9479-3106503559ad/.gitconfig'
job-core	Checkout code	2025-04-09T14:07:35.4272263Z Temporarily overriding HOME='/actions-runner/_work/_temp/b15db49f-fe3c-4a82-9479-3106503559ad' before making global git config changes
job-core	Checkout code	2025-04-09T14:07:35.4281537Z Adding repository directory to the temporary git global config as a safe directory
job-core	Checkout code	2025-04-09T14:07:35.4284734Z [command]/usr/bin/git config --global --add safe.directory /actions-runner/_work/ka0s/ka0s
job-core	Checkout code	2025-04-09T14:07:35.4349161Z [command]/usr/bin/git config --local --get remote.origin.url
job-core	Checkout code	2025-04-09T14:07:35.4380520Z https://github.com/Ka0s-Klaus/ka0s
job-core	Checkout code	2025-04-09T14:07:35.4425429Z ##[group]Removing previously created refs, to avoid conflicts
job-core	Checkout code	2025-04-09T14:07:35.4427934Z [command]/usr/bin/git rev-parse --symbolic-full-name --verify --quiet HEAD
job-core	Checkout code	2025-04-09T14:07:35.4464180Z refs/heads/H220-web-de-resultados
job-core	Checkout code	2025-04-09T14:07:35.4481390Z [command]/usr/bin/git checkout --detach
job-core	Checkout code	2025-04-09T14:07:35.4712338Z HEAD is now at 3b95f74 [Ka0S] Uploading resume execution files to the repository...
job-core	Checkout code	2025-04-09T14:07:35.4785542Z [command]/usr/bin/git branch --delete --force H220-web-de-resultados
job-core	Checkout code	2025-04-09T14:07:35.4831940Z Deleted branch H220-web-de-resultados (was 3b95f74).
job-core	Checkout code	2025-04-09T14:07:35.5091408Z ##[endgroup]
job-core	Checkout code	2025-04-09T14:07:35.5096216Z [command]/usr/bin/git submodule status
job-core	Checkout code	2025-04-09T14:07:35.5472422Z ##[group]Cleaning the repository
job-core	Checkout code	2025-04-09T14:07:35.5473043Z [command]/usr/bin/git clean -ffdx
job-core	Checkout code	2025-04-09T14:07:35.5645082Z [command]/usr/bin/git reset --hard HEAD
job-core	Checkout code	2025-04-09T14:07:35.5891313Z HEAD is now at 3b95f74 [Ka0S] Uploading resume execution files to the repository...
job-core	Checkout code	2025-04-09T14:07:35.5901312Z ##[endgroup]
job-core	Checkout code	2025-04-09T14:07:35.5902996Z ##[group]Disabling automatic garbage collection
job-core	Checkout code	2025-04-09T14:07:35.5908318Z [command]/usr/bin/git config --local gc.auto 0
job-core	Checkout code	2025-04-09T14:07:35.5962180Z ##[endgroup]
job-core	Checkout code	2025-04-09T14:07:35.5963406Z ##[group]Setting up auth
job-core	Checkout code	2025-04-09T14:07:35.5972835Z [command]/usr/bin/git config --local --name-only --get-regexp core\.sshCommand
job-core	Checkout code	2025-04-09T14:07:35.6018126Z [command]/usr/bin/git submodule foreach --recursive sh -c "git config --local --name-only --get-regexp 'core\.sshCommand' && git config --local --unset-all 'core.sshCommand' || :"
job-core	Checkout code	2025-04-09T14:07:35.6392216Z [command]/usr/bin/git config --local --name-only --get-regexp http\.https\:\/\/github\.com\/\.extraheader
job-core	Checkout code	2025-04-09T14:07:35.6432743Z [command]/usr/bin/git submodule foreach --recursive sh -c "git config --local --name-only --get-regexp 'http\.https\:\/\/github\.com\/\.extraheader' && git config --local --unset-all 'http.https://github.com/.extraheader' || :"
job-core	Checkout code	2025-04-09T14:07:35.6813192Z [command]/usr/bin/git config --local http.https://github.com/.extraheader AUTHORIZATION: basic ***
job-core	Checkout code	2025-04-09T14:07:35.6874387Z ##[endgroup]
job-core	Checkout code	2025-04-09T14:07:35.6884912Z ##[group]Fetching the repository
job-core	Checkout code	2025-04-09T14:07:35.6886024Z [command]/usr/bin/git -c protocol.version=2 fetch --prune --no-recurse-submodules origin +refs/heads/*:refs/remotes/origin/* +refs/tags/*:refs/tags/*
job-core	Checkout code	2025-04-09T14:13:40.9942533Z ##[error]error: RPC failed; curl 56 Recv failure: Connection reset by peer
job-core	Checkout code	2025-04-09T14:13:40.9946794Z ##[error]error: 7169 bytes of body are still expected
job-core	Checkout code	2025-04-09T14:13:40.9967955Z fetch-pack: unexpected disconnect while reading sideband packet
job-core	Checkout code	2025-04-09T14:13:40.9973424Z ##[error]fatal: early EOF
job-core	Checkout code	2025-04-09T14:13:40.9980629Z ##[error]fatal: fetch-pack: invalid index-pack output
job-core	Checkout code	2025-04-09T14:13:40.9997989Z The process '/usr/bin/git' failed with exit code 128
job-core	Checkout code	2025-04-09T14:13:41.0002761Z Waiting 12 seconds before trying again
job-core	Checkout code	2025-04-09T14:13:53.0026357Z [command]/usr/bin/git -c protocol.version=2 fetch --prune --no-recurse-submodules origin +refs/heads/*:refs/remotes/origin/* +refs/tags/*:refs/tags/*
job-core	Checkout code	2025-04-09T14:15:22.2390725Z From https://github.com/Ka0s-Klaus/ka0s
job-core	Checkout code	2025-04-09T14:15:22.2391533Z    c90f7eb..f7799d1  H215-modulo-de-summary -> origin/H215-modulo-de-summary
job-core	Checkout code	2025-04-09T14:15:22.2487908Z    3b95f74..671d914  H220-web-de-resultados -> origin/H220-web-de-resultados
job-core	Checkout code	2025-04-09T14:15:22.2493732Z  * [new branch]      H306-ficheros-de-estadisticas -> origin/H306-ficheros-de-estadisticas
job-core	Checkout code	2025-04-09T14:15:22.2503563Z    47c30cf..667c510  H44-creaciÃ³n-mÃ³dulo-versionado -> origin/H44-creaciÃ³n-mÃ³dulo-versionado
job-core	Checkout code	2025-04-09T14:15:22.2516458Z    4e017da..6e77690  main                   -> origin/main
job-core	Checkout code	2025-04-09T14:15:22.2529426Z  * [new tag]         0.0.54                 -> 0.0.54
job-core	Checkout code	2025-04-09T14:15:22.2530621Z  * [new tag]         0.0.55                 -> 0.0.55
job-core	Checkout code	2025-04-09T14:15:22.2531844Z  * [new tag]         0.0.56                 -> 0.0.56
job-core	Checkout code	2025-04-09T14:15:22.2533397Z  * [new tag]         0.0.57                 -> 0.0.57
job-core	Checkout code	2025-04-09T14:15:22.2534193Z  * [new tag]         0.0.58                 -> 0.0.58
job-core	Checkout code	2025-04-09T14:15:22.2536729Z  * [new tag]         0.0.59                 -> 0.0.59
job-core	Checkout code	2025-04-09T14:15:22.2537940Z  * [new tag]         0.0.60                 -> 0.0.60
job-core	Checkout code	2025-04-09T14:15:22.2539584Z  * [new tag]         0.0.61                 -> 0.0.61
job-core	Checkout code	2025-04-09T14:15:22.2544938Z  * [new tag]         0.0.62                 -> 0.0.62
job-core	Checkout code	2025-04-09T14:15:22.2546109Z  * [new tag]         0.0.63                 -> 0.0.63
job-core	Checkout code	2025-04-09T14:15:22.2546888Z  * [new tag]         0.0.64                 -> 0.0.64
job-core	Checkout code	2025-04-09T14:15:22.2550122Z  * [new tag]         0.0.65                 -> 0.0.65
job-core	Checkout code	2025-04-09T14:15:22.2552265Z  * [new tag]         0.0.66                 -> 0.0.66
job-core	Checkout code	2025-04-09T14:15:22.2553152Z  * [new tag]         0.0.67                 -> 0.0.67
job-core	Checkout code	2025-04-09T14:15:22.2555119Z  * [new tag]         0.0.68                 -> 0.0.68
job-core	Checkout code	2025-04-09T14:15:22.2557190Z  * [new tag]         0.0.69                 -> 0.0.69
job-core	Checkout code	2025-04-09T14:15:22.2558249Z  * [new tag]         0.0.70                 -> 0.0.70
job-core	Checkout code	2025-04-09T14:15:22.2560608Z  * [new tag]         0.0.71                 -> 0.0.71
job-core	Checkout code	2025-04-09T14:15:22.2564253Z  * [new tag]         0.0.72                 -> 0.0.72
job-core	Checkout code	2025-04-09T14:15:22.2567423Z  * [new tag]         0.0.73                 -> 0.0.73
job-core	Checkout code	2025-04-09T14:15:22.2568830Z  * [new tag]         0.0.74                 -> 0.0.74
job-core	Checkout code	2025-04-09T14:15:22.2572587Z  * [new tag]         0.0.75                 -> 0.0.75
job-core	Checkout code	2025-04-09T14:15:22.2656503Z [command]/usr/bin/git branch --list --remote origin/H220-web-de-resultados
job-core	Checkout code	2025-04-09T14:15:22.2696634Z   origin/H220-web-de-resultados
job-core	Checkout code	2025-04-09T14:15:22.2710292Z [command]/usr/bin/git rev-parse refs/remotes/origin/H220-web-de-resultados
job-core	Checkout code	2025-04-09T14:15:22.2746140Z 671d91484d05e108b35edcc255d4b42d57694ca4
job-core	Checkout code	2025-04-09T14:15:22.2754746Z ##[endgroup]
job-core	Checkout code	2025-04-09T14:15:22.2755624Z ##[group]Determining the checkout info
job-core	Checkout code	2025-04-09T14:15:22.2757086Z ##[endgroup]
job-core	Checkout code	2025-04-09T14:15:22.2767234Z [command]/usr/bin/git sparse-checkout disable
job-core	Checkout code	2025-04-09T14:15:22.2851407Z [command]/usr/bin/git config --local --unset-all extensions.worktreeConfig
job-core	Checkout code	2025-04-09T14:15:22.2898264Z ##[group]Checking out the ref
job-core	Checkout code	2025-04-09T14:15:22.2907014Z [command]/usr/bin/git checkout --progress --force -B H220-web-de-resultados refs/remotes/origin/H220-web-de-resultados
job-core	Checkout code	2025-04-09T14:15:22.5217518Z Previous HEAD position was 3b95f74 [Ka0S] Uploading resume execution files to the repository...
job-core	Checkout code	2025-04-09T14:15:22.5235300Z Switched to a new branch 'H220-web-de-resultados'
job-core	Checkout code	2025-04-09T14:15:22.5243106Z branch 'H220-web-de-resultados' set up to track 'origin/H220-web-de-resultados'.
job-core	Checkout code	2025-04-09T14:15:22.5302586Z ##[endgroup]
job-core	Checkout code	2025-04-09T14:15:22.5366824Z [command]/usr/bin/git log -1 --format=%H
job-core	Checkout code	2025-04-09T14:15:22.5406253Z 671d91484d05e108b35edcc255d4b42d57694ca4
job-core	Validate file extensions	ï»¿2025-04-09T14:15:22.5693866Z ##[group]Run IFS=' ' read -r -a extensions <<< "***"
job-core	Validate file extensions	2025-04-09T14:15:22.5694588Z [36;1mIFS=' ' read -r -a extensions <<< "***"[0m
job-core	Validate file extensions	2025-04-09T14:15:22.5695070Z [36;1mfor file in $(git diff --name-only HEAD~1 HEAD); do[0m
job-core	Validate file extensions	2025-04-09T14:15:22.5695510Z [36;1m  extension="${file##*.}"[0m
job-core	Validate file extensions	2025-04-09T14:15:22.5695918Z [36;1m  if [[ ! " ${extensions[@]} " =~ " ${extension} " ]]; then[0m
job-core	Validate file extensions	2025-04-09T14:15:22.5696453Z [36;1m    echo "File $file has an invalid extension: $extension"[0m
job-core	Validate file extensions	2025-04-09T14:15:22.5696883Z [36;1m  fi[0m
job-core	Validate file extensions	2025-04-09T14:15:22.5697133Z [36;1mdone[0m
job-core	Validate file extensions	2025-04-09T14:15:22.5697515Z [36;1mRNNUMBER=$(echo "H220-web-de-resultados" | grep -o '[0-9]*')[0m
job-core	Validate file extensions	2025-04-09T14:15:22.5698126Z [36;1mgh issue comment $RNNUMBER --body "Se inicia Ka0s 14359169174 "[0m
job-core	Validate file extensions	2025-04-09T14:15:22.5714365Z shell: /usr/bin/bash -e {0}
job-core	Validate file extensions	2025-04-09T14:15:22.5714726Z env:
job-core	Validate file extensions	2025-04-09T14:15:22.5714987Z   KAOS_CODE: 14359169174
job-core	Validate file extensions	2025-04-09T14:15:22.5715290Z   KAOS_EVENT_NAME: push
job-core	Validate file extensions	2025-04-09T14:15:22.5715578Z   KAOS_ACTION: 
job-core	Validate file extensions	2025-04-09T14:15:22.5715961Z   KAOS_REF: refs/heads/H220-web-de-resultados
job-core	Validate file extensions	2025-04-09T14:15:22.5716345Z   KAOS_MODULE: [Ka0S] kaos
job-core	Validate file extensions	2025-04-09T14:15:22.5716665Z   KAOS_PATH_RESUME: core/results/k/
job-core	Validate file extensions	2025-04-09T14:15:22.5717023Z   KAOS_JSON: core/results/k/event_data_
job-core	Validate file extensions	2025-04-09T14:15:22.5717373Z   KAOS_ACTOR: jh0ny2k2
job-core	Validate file extensions	2025-04-09T14:15:22.5717669Z   GITHUB_OUTPUT: 
job-core	Validate file extensions	2025-04-09T14:15:22.5718574Z   GH_TOKEN: ***
job-core	Validate file extensions	2025-04-09T14:15:22.5718846Z ##[endgroup]
job-core	Validate file extensions	2025-04-09T14:15:22.5824439Z File core/results/k/event_data_14358810226.json has an invalid extension: json
job-core	Validate file extensions	2025-04-09T14:15:22.5825264Z File core/results/k/event_data_14358810226.json.bak has an invalid extension: bak
job-core	Validate file extensions	2025-04-09T14:15:24.4783569Z https://github.com/Ka0s-Klaus/ka0s/issues/220#issuecomment-2789892805
job-core	Crear JSON	ï»¿2025-04-09T14:15:24.4956615Z ##[group]Run # Create JSON structure using proper bash syntax
job-core	Crear JSON	2025-04-09T14:15:24.4957346Z [36;1m# Create JSON structure using proper bash syntax[0m
job-core	Crear JSON	2025-04-09T14:15:24.4957935Z [36;1mcat > core/results/k/event_data_14359169174.json << EOF[0m
job-core	Crear JSON	2025-04-09T14:15:24.4958419Z [36;1m{[0m
job-core	Crear JSON	2025-04-09T14:15:24.4958715Z [36;1m  "event_type": "push",[0m
job-core	Crear JSON	2025-04-09T14:15:24.4959197Z [36;1m  "trigger_branch": "refs/heads/H220-web-de-resultados",[0m
job-core	Crear JSON	2025-04-09T14:15:24.4959772Z [36;1m  "timestamp": "$(date -u +"%Y-%m-%dT%H:%M:%SZ")",[0m
job-core	Crear JSON	2025-04-09T14:15:24.4960228Z [36;1m  "author": {[0m
job-core	Crear JSON	2025-04-09T14:15:24.4960576Z [36;1m    "name": "jh0ny2k2",[0m
job-core	Crear JSON	2025-04-09T14:15:24.4961042Z [36;1m    "email": "117847861+jh0ny2k2@users.noreply.github.com"[0m
job-core	Crear JSON	2025-04-09T14:15:24.4961518Z [36;1m  },[0m
job-core	Crear JSON	2025-04-09T14:15:24.4961807Z [36;1m  "commits": [],[0m
job-core	Crear JSON	2025-04-09T14:15:24.4962297Z [36;1m  "files": [][0m
job-core	Crear JSON	2025-04-09T14:15:24.4962606Z [36;1m}[0m
job-core	Crear JSON	2025-04-09T14:15:24.4962866Z [36;1mEOF[0m
job-core	Crear JSON	2025-04-09T14:15:24.4963186Z [36;1m[0m
job-core	Crear JSON	2025-04-09T14:15:24.4963494Z [36;1m# Add commits if this is a push event[0m
job-core	Crear JSON	2025-04-09T14:15:24.4963934Z [36;1mif [[ "push" == "push" ]]; then[0m
job-core	Crear JSON	2025-04-09T14:15:24.4964367Z [36;1m  # Create a temporary file for commits[0m
job-core	Crear JSON	2025-04-09T14:15:24.4964804Z [36;1m  TEMP_COMMITS=$(mktemp)[0m
job-core	Crear JSON	2025-04-09T14:15:24.4965184Z [36;1m  echo "[" > "$TEMP_COMMITS"[0m
job-core	Crear JSON	2025-04-09T14:15:24.4965545Z [36;1m  [0m
job-core	Crear JSON	2025-04-09T14:15:24.4965838Z [36;1m  # Process each commit[0m
job-core	Crear JSON	2025-04-09T14:15:24.4966205Z [36;1m  FIRST=true[0m
job-core	Crear JSON	2025-04-09T14:15:24.4966555Z [36;1m  while IFS= read -r commit; do[0m
job-core	Crear JSON	2025-04-09T14:15:24.4966975Z [36;1m    if [ "$FIRST" = true ]; then[0m
job-core	Crear JSON	2025-04-09T14:15:24.4967365Z [36;1m      FIRST=false[0m
job-core	Crear JSON	2025-04-09T14:15:24.4967696Z [36;1m    else[0m
job-core	Crear JSON	2025-04-09T14:15:24.4968016Z [36;1m      echo "," >> "$TEMP_COMMITS"[0m
job-core	Crear JSON	2025-04-09T14:15:24.4968420Z [36;1m    fi[0m
job-core	Crear JSON	2025-04-09T14:15:24.4969048Z [36;1m    git log -1 --pretty=format:'{"sha":"%H","author":"%an","email":"%ae","date":"%aI","message":"%s"}' "$commit" >> "$TEMP_COMMITS"[0m
job-core	Crear JSON	2025-04-09T14:15:24.4970152Z [36;1m  done < <(git rev-list 421cb65e5a560f48163fb64c10c9c1ce1c49e8a3..671d91484d05e108b35edcc255d4b42d57694ca4)[0m
job-core	Crear JSON	2025-04-09T14:15:24.4970929Z [36;1m  echo "]" >> "$TEMP_COMMITS"[0m
job-core	Crear JSON	2025-04-09T14:15:24.4971298Z [36;1m  [0m
job-core	Crear JSON	2025-04-09T14:15:24.4971605Z [36;1m  # Insert commits into main JSON[0m
job-core	Crear JSON	2025-04-09T14:15:24.4972674Z [36;1m  sed -i.bak -e '/"commits": \[/r '$TEMP_COMMITS'' -e '/"commits": \[/d' core/results/k/event_data_14359169174.json[0m
job-core	Crear JSON	2025-04-09T14:15:24.4973365Z [36;1m  rm "$TEMP_COMMITS"[0m
job-core	Crear JSON	2025-04-09T14:15:24.4973718Z [36;1m[0m
job-core	Crear JSON	2025-04-09T14:15:24.4974006Z [36;1m  # Add changed files[0m
job-core	Crear JSON	2025-04-09T14:15:24.4974565Z [36;1m  TEMP_FILES=$(mktemp)[0m
job-core	Crear JSON	2025-04-09T14:15:24.4975388Z [36;1m  echo "[" > "$TEMP_FILES"[0m
job-core	Crear JSON	2025-04-09T14:15:24.4976338Z [36;1m  FIRST=true[0m
job-core	Crear JSON	2025-04-09T14:15:24.4976706Z [36;1m  while IFS= read -r file; do[0m
job-core	Crear JSON	2025-04-09T14:15:24.4977171Z [36;1m    if [ "$FIRST" = true ]; then[0m
job-core	Crear JSON	2025-04-09T14:15:24.4977598Z [36;1m      FIRST=false[0m
job-core	Crear JSON	2025-04-09T14:15:24.4977940Z [36;1m    else[0m
job-core	Crear JSON	2025-04-09T14:15:24.4978261Z [36;1m      echo "," >> "$TEMP_FILES"[0m
job-core	Crear JSON	2025-04-09T14:15:24.4978640Z [36;1m    fi[0m
job-core	Crear JSON	2025-04-09T14:15:24.4978965Z [36;1m    echo "\"$file\"" >> "$TEMP_FILES"[0m
job-core	Crear JSON	2025-04-09T14:15:24.4979792Z [36;1m  done < <(git diff --name-only 421cb65e5a560f48163fb64c10c9c1ce1c49e8a3 671d91484d05e108b35edcc255d4b42d57694ca4)[0m
job-core	Crear JSON	2025-04-09T14:15:24.4980616Z [36;1m  echo "]" >> "$TEMP_FILES"[0m
job-core	Crear JSON	2025-04-09T14:15:24.4980995Z [36;1m  [0m
job-core	Crear JSON	2025-04-09T14:15:24.4981578Z [36;1m  # Insert files into main JSON[0m
job-core	Crear JSON	2025-04-09T14:15:24.4982343Z [36;1m  sed -i.bak -e '/"files": \[/r '$TEMP_FILES'' -e '/"files": \[/d' core/results/k/event_data_14359169174.json[0m
job-core	Crear JSON	2025-04-09T14:15:24.4982986Z [36;1m  rm "$TEMP_FILES"[0m
job-core	Crear JSON	2025-04-09T14:15:24.4983388Z [36;1melif [[ "push" == "pull_request" ]]; then[0m
job-core	Crear JSON	2025-04-09T14:15:24.4983849Z [36;1m  # Add pull request information[0m
job-core	Crear JSON	2025-04-09T14:15:24.4984528Z [36;1m  TEMP_PR=$(mktemp)[0m
job-core	Crear JSON	2025-04-09T14:15:24.4984884Z [36;1m  cat > "$TEMP_PR" << EOF[0m
job-core	Crear JSON	2025-04-09T14:15:24.4985271Z [36;1m  ,"pull_request": {[0m
job-core	Crear JSON	2025-04-09T14:15:24.4985622Z [36;1m    "action": "",[0m
job-core	Crear JSON	2025-04-09T14:15:24.4985957Z [36;1m    "number": "",[0m
job-core	Crear JSON	2025-04-09T14:15:24.4986289Z [36;1m    "title": ""[0m
job-core	Crear JSON	2025-04-09T14:15:24.4986599Z [36;1m  }[0m
job-core	Crear JSON	2025-04-09T14:15:24.4986875Z [36;1mEOF[0m
job-core	Crear JSON	2025-04-09T14:15:24.4987343Z [36;1m  sed -i.bak -e '/}$/r '$TEMP_PR'' core/results/k/event_data_14359169174.json[0m
job-core	Crear JSON	2025-04-09T14:15:24.4987966Z [36;1m  rm "$TEMP_PR"[0m
job-core	Crear JSON	2025-04-09T14:15:24.4988328Z [36;1melif [[ "push" == "issues" ]]; then[0m
job-core	Crear JSON	2025-04-09T14:15:24.4988754Z [36;1m  # Add issue information[0m
job-core	Crear JSON	2025-04-09T14:15:24.4989154Z [36;1m  TEMP_ISSUE=$(mktemp)[0m
job-core	Crear JSON	2025-04-09T14:15:24.4989541Z [36;1m  cat > "$TEMP_ISSUE" << EOF[0m
job-core	Crear JSON	2025-04-09T14:15:24.4989934Z [36;1m  ,"issue": {[0m
job-core	Crear JSON	2025-04-09T14:15:24.4990271Z [36;1m    "action": "",[0m
job-core	Crear JSON	2025-04-09T14:15:24.4990628Z [36;1m    "number": "",[0m
job-core	Crear JSON	2025-04-09T14:15:24.4990974Z [36;1m    "title": ""[0m
job-core	Crear JSON	2025-04-09T14:15:24.4991304Z [36;1m  }[0m
job-core	Crear JSON	2025-04-09T14:15:24.4991587Z [36;1mEOF[0m
job-core	Crear JSON	2025-04-09T14:15:24.5000223Z [36;1m  sed -i.bak -e '/}$/r '$TEMP_ISSUE'' core/results/k/event_data_14359169174.json[0m
job-core	Crear JSON	2025-04-09T14:15:24.5000893Z [36;1m  rm "$TEMP_ISSUE"[0m
job-core	Crear JSON	2025-04-09T14:15:24.5001233Z [36;1mfi[0m
job-core	Crear JSON	2025-04-09T14:15:24.5001516Z [36;1m[0m
job-core	Crear JSON	2025-04-09T14:15:24.5001827Z [36;1m# Store the file path for later use[0m
job-core	Crear JSON	2025-04-09T14:15:24.5002574Z [36;1mINVOLVED=core/results/k/files-in-commit-$KAOS_CODE_FILES.txt[0m
job-core	Crear JSON	2025-04-09T14:15:24.5003186Z [36;1mecho "INVOLVED=$INVOLVED" >> $GITHUB_ENV[0m
job-core	Crear JSON	2025-04-09T14:15:24.5013678Z shell: /usr/bin/bash -e {0}
job-core	Crear JSON	2025-04-09T14:15:24.5014044Z env:
job-core	Crear JSON	2025-04-09T14:15:24.5014323Z   KAOS_CODE: 14359169174
job-core	Crear JSON	2025-04-09T14:15:24.5014657Z   KAOS_EVENT_NAME: push
job-core	Crear JSON	2025-04-09T14:15:24.5014973Z   KAOS_ACTION: 
job-core	Crear JSON	2025-04-09T14:15:24.5015357Z   KAOS_REF: refs/heads/H220-web-de-resultados
job-core	Crear JSON	2025-04-09T14:15:24.5015806Z   KAOS_MODULE: [Ka0S] kaos
job-core	Crear JSON	2025-04-09T14:15:24.5016160Z   KAOS_PATH_RESUME: core/results/k/
job-core	Crear JSON	2025-04-09T14:15:24.5016557Z   KAOS_JSON: core/results/k/event_data_
job-core	Crear JSON	2025-04-09T14:15:24.5016961Z   KAOS_ACTOR: jh0ny2k2
job-core	Crear JSON	2025-04-09T14:15:24.5017278Z   GITHUB_OUTPUT: 
job-core	Crear JSON	2025-04-09T14:15:24.5017568Z ##[endgroup]
job-core	Set environment variable for ref	ï»¿2025-04-09T14:15:24.5415572Z ##[group]Run echo "GITHUB_REF=refs/heads/H220-web-de-resultados" >> $GITHUB_ENV
job-core	Set environment variable for ref	2025-04-09T14:15:24.5416498Z [36;1mecho "GITHUB_REF=refs/heads/H220-web-de-resultados" >> $GITHUB_ENV[0m
job-core	Set environment variable for ref	2025-04-09T14:15:24.5426310Z shell: /usr/bin/bash -e {0}
job-core	Set environment variable for ref	2025-04-09T14:15:24.5426658Z env:
job-core	Set environment variable for ref	2025-04-09T14:15:24.5426914Z   KAOS_CODE: 14359169174
job-core	Set environment variable for ref	2025-04-09T14:15:24.5427220Z   KAOS_EVENT_NAME: push
job-core	Set environment variable for ref	2025-04-09T14:15:24.5427507Z   KAOS_ACTION: 
job-core	Set environment variable for ref	2025-04-09T14:15:24.5427812Z   KAOS_REF: refs/heads/H220-web-de-resultados
job-core	Set environment variable for ref	2025-04-09T14:15:24.5428192Z   KAOS_MODULE: [Ka0S] kaos
job-core	Set environment variable for ref	2025-04-09T14:15:24.5428513Z   KAOS_PATH_RESUME: core/results/k/
job-core	Set environment variable for ref	2025-04-09T14:15:24.5428871Z   KAOS_JSON: core/results/k/event_data_
job-core	Set environment variable for ref	2025-04-09T14:15:24.5429220Z   KAOS_ACTOR: jh0ny2k2
job-core	Set environment variable for ref	2025-04-09T14:15:24.5429506Z   GITHUB_OUTPUT: 
job-core	Set environment variable for ref	2025-04-09T14:15:24.5429857Z   INVOLVED: core/results/k/files-in-commit-.txt
job-core	Set environment variable for ref	2025-04-09T14:15:24.5430244Z ##[endgroup]
job-core	Upload Files	ï»¿2025-04-09T14:15:24.5516196Z ##[group]Run echo "Uploading files to the repository..."
job-core	Upload Files	2025-04-09T14:15:24.5516792Z [36;1mecho "Uploading files to the repository..."[0m
job-core	Upload Files	2025-04-09T14:15:24.5517415Z [36;1mgit config --global user.name "***"[0m
job-core	Upload Files	2025-04-09T14:15:24.5517901Z [36;1mgit config --global user.email "***"[0m
job-core	Upload Files	2025-04-09T14:15:24.5518475Z [36;1mgit pull[0m
job-core	Upload Files	2025-04-09T14:15:24.5518782Z [36;1mgit add core/results/k/event_data_*[0m
job-core	Upload Files	2025-04-09T14:15:24.5519343Z [36;1mgit commit -m "[Ka0S] Uploading resume execution files to the repository..."[0m
job-core	Upload Files	2025-04-09T14:15:24.5519973Z [36;1mgit push origin refs/heads/H220-web-de-resultados[0m
job-core	Upload Files	2025-04-09T14:15:24.5520431Z [36;1mgit push origin $GITHUB_REF     [0m
job-core	Upload Files	2025-04-09T14:15:24.5529867Z shell: /usr/bin/bash -e {0}
job-core	Upload Files	2025-04-09T14:15:24.5530193Z env:
job-core	Upload Files	2025-04-09T14:15:24.5530444Z   KAOS_CODE: 14359169174
job-core	Upload Files	2025-04-09T14:15:24.5530746Z   KAOS_EVENT_NAME: push
job-core	Upload Files	2025-04-09T14:15:24.5531034Z   KAOS_ACTION: 
job-core	Upload Files	2025-04-09T14:15:24.5531335Z   KAOS_REF: refs/heads/H220-web-de-resultados
job-core	Upload Files	2025-04-09T14:15:24.5531773Z   KAOS_MODULE: [Ka0S] kaos
job-core	Upload Files	2025-04-09T14:15:24.5532360Z   KAOS_PATH_RESUME: core/results/k/
job-core	Upload Files	2025-04-09T14:15:24.5532890Z   KAOS_JSON: core/results/k/event_data_
job-core	Upload Files	2025-04-09T14:15:24.5533244Z   KAOS_ACTOR: jh0ny2k2
job-core	Upload Files	2025-04-09T14:15:24.5533528Z   GITHUB_OUTPUT: 
job-core	Upload Files	2025-04-09T14:15:24.5533847Z   INVOLVED: core/results/k/files-in-commit-.txt
job-core	Upload Files	2025-04-09T14:15:24.5534309Z   GITHUB_REF: refs/heads/H220-web-de-resultados
job-core	Upload Files	2025-04-09T14:15:24.5534684Z ##[endgroup]
job-core	Upload Files	2025-04-09T14:15:24.5572975Z Uploading files to the repository...
job-core	Upload Files	2025-04-09T14:15:25.6467370Z Already up to date.
job-core	Upload Files	2025-04-09T14:15:25.9451663Z [H220-web-de-resultados b0243d8] [Ka0S] Uploading resume execution files to the repository...
job-core	Upload Files	2025-04-09T14:15:25.9454966Z  2 files changed, 34 insertions(+)
job-core	Upload Files	2025-04-09T14:15:25.9456516Z  create mode 100644 core/results/k/event_data_14359169174.json
job-core	Upload Files	2025-04-09T14:15:25.9457268Z  create mode 100644 core/results/k/event_data_14359169174.json.bak
job-core	Upload Files	2025-04-09T14:15:27.0251173Z To https://github.com/Ka0s-Klaus/ka0s
job-core	Upload Files	2025-04-09T14:15:27.0252466Z    671d914..b0243d8  H220-web-de-resultados -> H220-web-de-resultados
job-core	Upload Files	2025-04-09T14:15:27.9732395Z Everything up-to-date
job-core	Run git diff --name-only 421cb65e5a560f48163fb64c10c9c1ce1c49e8a3 671d91484d05e108b35edcc255d4b42d57694ca4 > files-in-commit.txt	ï»¿2025-04-09T14:15:27.9843282Z ##[group]Run git diff --name-only 421cb65e5a560f48163fb64c10c9c1ce1c49e8a3 671d91484d05e108b35edcc255d4b42d57694ca4 > files-in-commit.txt
job-core	Run git diff --name-only 421cb65e5a560f48163fb64c10c9c1ce1c49e8a3 671d91484d05e108b35edcc255d4b42d57694ca4 > files-in-commit.txt	2025-04-09T14:15:27.9844842Z [36;1mgit diff --name-only 421cb65e5a560f48163fb64c10c9c1ce1c49e8a3 671d91484d05e108b35edcc255d4b42d57694ca4 > files-in-commit.txt[0m
job-core	Run git diff --name-only 421cb65e5a560f48163fb64c10c9c1ce1c49e8a3 671d91484d05e108b35edcc255d4b42d57694ca4 > files-in-commit.txt	2025-04-09T14:15:27.9845743Z [36;1mcat files-in-commit.txt[0m
job-core	Run git diff --name-only 421cb65e5a560f48163fb64c10c9c1ce1c49e8a3 671d91484d05e108b35edcc255d4b42d57694ca4 > files-in-commit.txt	2025-04-09T14:15:27.9846191Z [36;1m# Nuevo proceso de activacion de los modulos[0m
job-core	Run git diff --name-only 421cb65e5a560f48163fb64c10c9c1ce1c49e8a3 671d91484d05e108b35edcc255d4b42d57694ca4 > files-in-commit.txt	2025-04-09T14:15:27.9846659Z [36;1mwhile IFS= read -r line; do[0m
job-core	Run git diff --name-only 421cb65e5a560f48163fb64c10c9c1ce1c49e8a3 671d91484d05e108b35edcc255d4b42d57694ca4 > files-in-commit.txt	2025-04-09T14:15:27.9847091Z [36;1m  # Skip files in core/outputs directory[0m
job-core	Run git diff --name-only 421cb65e5a560f48163fb64c10c9c1ce1c49e8a3 671d91484d05e108b35edcc255d4b42d57694ca4 > files-in-commit.txt	2025-04-09T14:15:27.9847649Z [36;1m  if [[ "$line" == core/outputs/* || "$line" == core/results/* ]]; then[0m
job-core	Run git diff --name-only 421cb65e5a560f48163fb64c10c9c1ce1c49e8a3 671d91484d05e108b35edcc255d4b42d57694ca4 > files-in-commit.txt	2025-04-09T14:15:27.9848256Z [36;1m    echo "Skipping file in outputs directory: $line"[0m
job-core	Run git diff --name-only 421cb65e5a560f48163fb64c10c9c1ce1c49e8a3 671d91484d05e108b35edcc255d4b42d57694ca4 > files-in-commit.txt	2025-04-09T14:15:27.9848726Z [36;1m    continue[0m
job-core	Run git diff --name-only 421cb65e5a560f48163fb64c10c9c1ce1c49e8a3 671d91484d05e108b35edcc255d4b42d57694ca4 > files-in-commit.txt	2025-04-09T14:15:27.9849030Z [36;1m  fi[0m
job-core	Run git diff --name-only 421cb65e5a560f48163fb64c10c9c1ce1c49e8a3 671d91484d05e108b35edcc255d4b42d57694ca4 > files-in-commit.txt	2025-04-09T14:15:27.9849518Z [36;1m  echo "I Leemos el fichero files-in-commit.txt y extraemos el fichero $line"[0m
job-core	Run git diff --name-only 421cb65e5a560f48163fb64c10c9c1ce1c49e8a3 671d91484d05e108b35edcc255d4b42d57694ca4 > files-in-commit.txt	2025-04-09T14:15:27.9850168Z [36;1m  module_failed=0[0m
job-core	Run git diff --name-only 421cb65e5a560f48163fb64c10c9c1ce1c49e8a3 671d91484d05e108b35edcc255d4b42d57694ca4 > files-in-commit.txt	2025-04-09T14:15:27.9850522Z [36;1m  extension_failed=0[0m
job-core	Run git diff --name-only 421cb65e5a560f48163fb64c10c9c1ce1c49e8a3 671d91484d05e108b35edcc255d4b42d57694ca4 > files-in-commit.txt	2025-04-09T14:15:27.9850907Z [36;1m  file_name=$(basename "$line")[0m
job-core	Run git diff --name-only 421cb65e5a560f48163fb64c10c9c1ce1c49e8a3 671d91484d05e108b35edcc255d4b42d57694ca4 > files-in-commit.txt	2025-04-09T14:15:27.9851408Z [36;1m  echo "I-1 Calculamos el nombre del fichero $file_name"[0m
job-core	Run git diff --name-only 421cb65e5a560f48163fb64c10c9c1ce1c49e8a3 671d91484d05e108b35edcc255d4b42d57694ca4 > files-in-commit.txt	2025-04-09T14:15:27.9851931Z [36;1m  file_extension="${file_name##*.}"[0m
job-core	Run git diff --name-only 421cb65e5a560f48163fb64c10c9c1ce1c49e8a3 671d91484d05e108b35edcc255d4b42d57694ca4 > files-in-commit.txt	2025-04-09T14:15:27.9852580Z [36;1m  echo "I-2 Calculamos la extension del fichero $file_extension"[0m
job-core	Run git diff --name-only 421cb65e5a560f48163fb64c10c9c1ce1c49e8a3 671d91484d05e108b35edcc255d4b42d57694ca4 > files-in-commit.txt	2025-04-09T14:15:27.9853159Z [36;1m  file_module="$file_extension""lint.yml"[0m
job-core	Run git diff --name-only 421cb65e5a560f48163fb64c10c9c1ce1c49e8a3 671d91484d05e108b35edcc255d4b42d57694ca4 > files-in-commit.txt	2025-04-09T14:15:27.9853657Z [36;1m  echo "I-3 Calculamos el modulo $file_module"[0m
job-core	Run git diff --name-only 421cb65e5a560f48163fb64c10c9c1ce1c49e8a3 671d91484d05e108b35edcc255d4b42d57694ca4 > files-in-commit.txt	2025-04-09T14:15:27.9854153Z [36;1m  IFS=',' read -r -a file_array <<< "$files"[0m
job-core	Run git diff --name-only 421cb65e5a560f48163fb64c10c9c1ce1c49e8a3 671d91484d05e108b35edcc255d4b42d57694ca4 > files-in-commit.txt	2025-04-09T14:15:27.9854617Z [36;1m  for file in "${file_array[@]}"; do[0m
job-core	Run git diff --name-only 421cb65e5a560f48163fb64c10c9c1ce1c49e8a3 671d91484d05e108b35edcc255d4b42d57694ca4 > files-in-commit.txt	2025-04-09T14:15:27.9855071Z [36;1m    echo "II Leemos el array de $file"[0m
job-core	Run git diff --name-only 421cb65e5a560f48163fb64c10c9c1ce1c49e8a3 671d91484d05e108b35edcc255d4b42d57694ca4 > files-in-commit.txt	2025-04-09T14:15:27.9855536Z [36;1m    if [[ "$file_extension" == "$file" ]]; then[0m
job-core	Run git diff --name-only 421cb65e5a560f48163fb64c10c9c1ce1c49e8a3 671d91484d05e108b35edcc255d4b42d57694ca4 > files-in-commit.txt	2025-04-09T14:15:27.9856090Z [36;1m      echo "III Comprobamos si $file_extension es igual a $file"[0m
job-core	Run git diff --name-only 421cb65e5a560f48163fb64c10c9c1ce1c49e8a3 671d91484d05e108b35edcc255d4b42d57694ca4 > files-in-commit.txt	2025-04-09T14:15:27.9856682Z [36;1m      IFS=',' read -r -a module_array <<< "$modules"[0m
job-core	Run git diff --name-only 421cb65e5a560f48163fb64c10c9c1ce1c49e8a3 671d91484d05e108b35edcc255d4b42d57694ca4 > files-in-commit.txt	2025-04-09T14:15:27.9857394Z [36;1m      for module in "${module_array[@]}"; do[0m
job-core	Run git diff --name-only 421cb65e5a560f48163fb64c10c9c1ce1c49e8a3 671d91484d05e108b35edcc255d4b42d57694ca4 > files-in-commit.txt	2025-04-09T14:15:27.9857859Z [36;1m        echo "IV Leemos el array $module"[0m
job-core	Run git diff --name-only 421cb65e5a560f48163fb64c10c9c1ce1c49e8a3 671d91484d05e108b35edcc255d4b42d57694ca4 > files-in-commit.txt	2025-04-09T14:15:27.9858331Z [36;1m        if [[ "$file_module" == *"$module"* ]]; then[0m
job-core	Run git diff --name-only 421cb65e5a560f48163fb64c10c9c1ce1c49e8a3 671d91484d05e108b35edcc255d4b42d57694ca4 > files-in-commit.txt	2025-04-09T14:15:27.9858987Z [36;1m          echo "V Comprobamos que el $file_module es igual a $module y ejecutamos el flujo"[0m
job-core	Run git diff --name-only 421cb65e5a560f48163fb64c10c9c1ce1c49e8a3 671d91484d05e108b35edcc255d4b42d57694ca4 > files-in-commit.txt	2025-04-09T14:15:27.9859699Z [36;1m          # Si hemos llegado hasta aquÃ­ ejecutamos el mÃ³dulo[0m
job-core	Run git diff --name-only 421cb65e5a560f48163fb64c10c9c1ce1c49e8a3 671d91484d05e108b35edcc255d4b42d57694ca4 > files-in-commit.txt	2025-04-09T14:15:27.9860216Z [36;1m          # Lanzamos el lint del fichero[0m
job-core	Run git diff --name-only 421cb65e5a560f48163fb64c10c9c1ce1c49e8a3 671d91484d05e108b35edcc255d4b42d57694ca4 > files-in-commit.txt	2025-04-09T14:15:27.9860832Z [36;1m          RNNUMBER=$(echo "refs/heads/H220-web-de-resultados" | grep -o '[0-9]*')[0m
job-core	Run git diff --name-only 421cb65e5a560f48163fb64c10c9c1ce1c49e8a3 671d91484d05e108b35edcc255d4b42d57694ca4 > files-in-commit.txt	2025-04-09T14:15:27.9861482Z [36;1m          echo "El numero de la issue es: $RNNUMBER"[0m
job-core	Run git diff --name-only 421cb65e5a560f48163fb64c10c9c1ce1c49e8a3 671d91484d05e108b35edcc255d4b42d57694ca4 > files-in-commit.txt	2025-04-09T14:15:27.9863826Z [36;1m          gh workflow run $file_module --ref refs/heads/H220-web-de-resultados -f kaos-origin=14359169174 -f kaos-files=$line -f kaos-issue-id=$RNNUMBER -f kaos-user-start=jh0ny2k2[0m
job-core	Run git diff --name-only 421cb65e5a560f48163fb64c10c9c1ce1c49e8a3 671d91484d05e108b35edcc255d4b42d57694ca4 > files-in-commit.txt	2025-04-09T14:15:27.9865778Z [36;1m          module_failed=0[0m
job-core	Run git diff --name-only 421cb65e5a560f48163fb64c10c9c1ce1c49e8a3 671d91484d05e108b35edcc255d4b42d57694ca4 > files-in-commit.txt	2025-04-09T14:15:27.9866170Z [36;1m          extension_failed=0[0m
job-core	Run git diff --name-only 421cb65e5a560f48163fb64c10c9c1ce1c49e8a3 671d91484d05e108b35edcc255d4b42d57694ca4 > files-in-commit.txt	2025-04-09T14:15:27.9866553Z [36;1m          break[0m
job-core	Run git diff --name-only 421cb65e5a560f48163fb64c10c9c1ce1c49e8a3 671d91484d05e108b35edcc255d4b42d57694ca4 > files-in-commit.txt	2025-04-09T14:15:27.9867015Z [36;1m        else[0m
job-core	Run git diff --name-only 421cb65e5a560f48163fb64c10c9c1ce1c49e8a3 671d91484d05e108b35edcc255d4b42d57694ca4 > files-in-commit.txt	2025-04-09T14:15:27.9867522Z [36;1m          # Control de si existe el modulo para esa extension"[0m
job-core	Run git diff --name-only 421cb65e5a560f48163fb64c10c9c1ce1c49e8a3 671d91484d05e108b35edcc255d4b42d57694ca4 > files-in-commit.txt	2025-04-09T14:15:27.9868262Z [36;1m          echo "VI No es igual $file_module a $module y lo indicamos en la variable module_failed=1"[0m
job-core	Run git diff --name-only 421cb65e5a560f48163fb64c10c9c1ce1c49e8a3 671d91484d05e108b35edcc255d4b42d57694ca4 > files-in-commit.txt	2025-04-09T14:15:27.9868911Z [36;1m          module_failed=1[0m
job-core	Run git diff --name-only 421cb65e5a560f48163fb64c10c9c1ce1c49e8a3 671d91484d05e108b35edcc255d4b42d57694ca4 > files-in-commit.txt	2025-04-09T14:15:27.9869285Z [36;1m        fi[0m
job-core	Run git diff --name-only 421cb65e5a560f48163fb64c10c9c1ce1c49e8a3 671d91484d05e108b35edcc255d4b42d57694ca4 > files-in-commit.txt	2025-04-09T14:15:27.9869607Z [36;1m      done[0m
job-core	Run git diff --name-only 421cb65e5a560f48163fb64c10c9c1ce1c49e8a3 671d91484d05e108b35edcc255d4b42d57694ca4 > files-in-commit.txt	2025-04-09T14:15:27.9869922Z [36;1m      break[0m
job-core	Run git diff --name-only 421cb65e5a560f48163fb64c10c9c1ce1c49e8a3 671d91484d05e108b35edcc255d4b42d57694ca4 > files-in-commit.txt	2025-04-09T14:15:27.9870240Z [36;1m    else[0m
job-core	Run git diff --name-only 421cb65e5a560f48163fb64c10c9c1ce1c49e8a3 671d91484d05e108b35edcc255d4b42d57694ca4 > files-in-commit.txt	2025-04-09T14:15:27.9870651Z [36;1m      # Control de si existe el modulo para esa extension"[0m
job-core	Run git diff --name-only 421cb65e5a560f48163fb64c10c9c1ce1c49e8a3 671d91484d05e108b35edcc255d4b42d57694ca4 > files-in-commit.txt	2025-04-09T14:15:27.9871429Z [36;1m      echo "VII No es igual $file_extension a $file y lo indicamos en la variable extension_failed=1"[0m
job-core	Run git diff --name-only 421cb65e5a560f48163fb64c10c9c1ce1c49e8a3 671d91484d05e108b35edcc255d4b42d57694ca4 > files-in-commit.txt	2025-04-09T14:15:27.9872592Z [36;1m      extension_failed=1[0m
job-core	Run git diff --name-only 421cb65e5a560f48163fb64c10c9c1ce1c49e8a3 671d91484d05e108b35edcc255d4b42d57694ca4 > files-in-commit.txt	2025-04-09T14:15:27.9872978Z [36;1m    fi  [0m
job-core	Run git diff --name-only 421cb65e5a560f48163fb64c10c9c1ce1c49e8a3 671d91484d05e108b35edcc255d4b42d57694ca4 > files-in-commit.txt	2025-04-09T14:15:27.9873277Z [36;1m  done[0m
job-core	Run git diff --name-only 421cb65e5a560f48163fb64c10c9c1ce1c49e8a3 671d91484d05e108b35edcc255d4b42d57694ca4 > files-in-commit.txt	2025-04-09T14:15:27.9873616Z [36;1m  if [[ $module_failed == 1 ]]; then[0m
job-core	Run git diff --name-only 421cb65e5a560f48163fb64c10c9c1ce1c49e8a3 671d91484d05e108b35edcc255d4b42d57694ca4 > files-in-commit.txt	2025-04-09T14:15:27.9874254Z [36;1m    echo "IX Si el modulo falla ($module_failed) aÃ±adimos el comentario a la issue"[0m
job-core	Run git diff --name-only 421cb65e5a560f48163fb64c10c9c1ce1c49e8a3 671d91484d05e108b35edcc255d4b42d57694ca4 > files-in-commit.txt	2025-04-09T14:15:27.9875405Z [36;1m    # Si hemos llegado hasta aquÃ­ aÃ±adimos el mensaje de que la extension esta permitida pero no dispone de modulo activo y aqui finaliza el proceso[0m
job-core	Run git diff --name-only 421cb65e5a560f48163fb64c10c9c1ce1c49e8a3 671d91484d05e108b35edcc255d4b42d57694ca4 > files-in-commit.txt	2025-04-09T14:15:27.9876398Z [36;1m    # AÃ±adimos los valores a las variables de la issue[0m
job-core	Run git diff --name-only 421cb65e5a560f48163fb64c10c9c1ce1c49e8a3 671d91484d05e108b35edcc255d4b42d57694ca4 > files-in-commit.txt	2025-04-09T14:15:27.9886060Z [36;1m    KAOS_ISSUE_BODY="[Ka0S] kaos ha detectado que la extensiÃ³n ($file_extension) esta permitida dentro de KAOS_CORE_FILES, pero el mÃ³dulo asociado ($file_module) no esta activo. Por favor compruebe que exista y esta activo."[0m
job-core	Run git diff --name-only 421cb65e5a560f48163fb64c10c9c1ce1c49e8a3 671d91484d05e108b35edcc255d4b42d57694ca4 > files-in-commit.txt	2025-04-09T14:15:27.9887504Z [36;1m    # AÃ±adimos el comentario a la issue[0m
job-core	Run git diff --name-only 421cb65e5a560f48163fb64c10c9c1ce1c49e8a3 671d91484d05e108b35edcc255d4b42d57694ca4 > files-in-commit.txt	2025-04-09T14:15:27.9888135Z [36;1m    RNNUMBER=$(echo "refs/heads/H220-web-de-resultados" | grep -o '[0-9]*')[0m
job-core	Run git diff --name-only 421cb65e5a560f48163fb64c10c9c1ce1c49e8a3 671d91484d05e108b35edcc255d4b42d57694ca4 > files-in-commit.txt	2025-04-09T14:15:27.9888836Z [36;1m    gh issue comment $RNNUMBER --body "$KAOS_ISSUE_BODY"[0m
job-core	Run git diff --name-only 421cb65e5a560f48163fb64c10c9c1ce1c49e8a3 671d91484d05e108b35edcc255d4b42d57694ca4 > files-in-commit.txt	2025-04-09T14:15:27.9889310Z [36;1m  fi[0m
job-core	Run git diff --name-only 421cb65e5a560f48163fb64c10c9c1ce1c49e8a3 671d91484d05e108b35edcc255d4b42d57694ca4 > files-in-commit.txt	2025-04-09T14:15:27.9889635Z [36;1m  if [[ $extension_failed == 1 ]]; then[0m
job-core	Run git diff --name-only 421cb65e5a560f48163fb64c10c9c1ce1c49e8a3 671d91484d05e108b35edcc255d4b42d57694ca4 > files-in-commit.txt	2025-04-09T14:15:27.9890306Z [36;1m    echo "X Si extension falla falla ($extension_failed) aÃ±adimos el comentario a la issue"[0m
job-core	Run git diff --name-only 421cb65e5a560f48163fb64c10c9c1ce1c49e8a3 671d91484d05e108b35edcc255d4b42d57694ca4 > files-in-commit.txt	2025-04-09T14:15:27.9891192Z [36;1m    # Si hemos llegado hasta aquÃ­ aÃ±adimos el mensaje de que la extension no esta permitida[0m
job-core	Run git diff --name-only 421cb65e5a560f48163fb64c10c9c1ce1c49e8a3 671d91484d05e108b35edcc255d4b42d57694ca4 > files-in-commit.txt	2025-04-09T14:15:27.9891907Z [36;1m    # AÃ±adimos los valores a las variables de la issue[0m
job-core	Run git diff --name-only 421cb65e5a560f48163fb64c10c9c1ce1c49e8a3 671d91484d05e108b35edcc255d4b42d57694ca4 > files-in-commit.txt	2025-04-09T14:15:27.9893110Z [36;1m    KAOS_ISSUE_BODY="[Ka0S] kaos ha detectado que la extensiÃ³n ($file_extension) NO esta permitida dentro de KAOS_CORE_FILES. Por favor compruebe que exista y esta activo."[0m
job-core	Run git diff --name-only 421cb65e5a560f48163fb64c10c9c1ce1c49e8a3 671d91484d05e108b35edcc255d4b42d57694ca4 > files-in-commit.txt	2025-04-09T14:15:27.9894150Z [36;1m    # AÃ±adimos el comentario a la issue[0m
job-core	Run git diff --name-only 421cb65e5a560f48163fb64c10c9c1ce1c49e8a3 671d91484d05e108b35edcc255d4b42d57694ca4 > files-in-commit.txt	2025-04-09T14:15:27.9894772Z [36;1m    RNNUMBER=$(echo "refs/heads/H220-web-de-resultados" | grep -o '[0-9]*')[0m
job-core	Run git diff --name-only 421cb65e5a560f48163fb64c10c9c1ce1c49e8a3 671d91484d05e108b35edcc255d4b42d57694ca4 > files-in-commit.txt	2025-04-09T14:15:27.9895744Z [36;1m    gh issue comment $RNNUMBER --body "$KAOS_ISSUE_BODY"[0m
job-core	Run git diff --name-only 421cb65e5a560f48163fb64c10c9c1ce1c49e8a3 671d91484d05e108b35edcc255d4b42d57694ca4 > files-in-commit.txt	2025-04-09T14:15:27.9896217Z [36;1m  fi  [0m
job-core	Run git diff --name-only 421cb65e5a560f48163fb64c10c9c1ce1c49e8a3 671d91484d05e108b35edcc255d4b42d57694ca4 > files-in-commit.txt	2025-04-09T14:15:27.9896545Z [36;1mdone < files-in-commit.txt      [0m
job-core	Run git diff --name-only 421cb65e5a560f48163fb64c10c9c1ce1c49e8a3 671d91484d05e108b35edcc255d4b42d57694ca4 > files-in-commit.txt	2025-04-09T14:15:27.9906923Z shell: /usr/bin/bash -e {0}
job-core	Run git diff --name-only 421cb65e5a560f48163fb64c10c9c1ce1c49e8a3 671d91484d05e108b35edcc255d4b42d57694ca4 > files-in-commit.txt	2025-04-09T14:15:27.9907284Z env:
job-core	Run git diff --name-only 421cb65e5a560f48163fb64c10c9c1ce1c49e8a3 671d91484d05e108b35edcc255d4b42d57694ca4 > files-in-commit.txt	2025-04-09T14:15:27.9907566Z   KAOS_CODE: 14359169174
job-core	Run git diff --name-only 421cb65e5a560f48163fb64c10c9c1ce1c49e8a3 671d91484d05e108b35edcc255d4b42d57694ca4 > files-in-commit.txt	2025-04-09T14:15:27.9907902Z   KAOS_EVENT_NAME: push
job-core	Run git diff --name-only 421cb65e5a560f48163fb64c10c9c1ce1c49e8a3 671d91484d05e108b35edcc255d4b42d57694ca4 > files-in-commit.txt	2025-04-09T14:15:27.9908220Z   KAOS_ACTION: 
job-core	Run git diff --name-only 421cb65e5a560f48163fb64c10c9c1ce1c49e8a3 671d91484d05e108b35edcc255d4b42d57694ca4 > files-in-commit.txt	2025-04-09T14:15:27.9908561Z   KAOS_REF: refs/heads/H220-web-de-resultados
job-core	Run git diff --name-only 421cb65e5a560f48163fb64c10c9c1ce1c49e8a3 671d91484d05e108b35edcc255d4b42d57694ca4 > files-in-commit.txt	2025-04-09T14:15:27.9908985Z   KAOS_MODULE: [Ka0S] kaos
job-core	Run git diff --name-only 421cb65e5a560f48163fb64c10c9c1ce1c49e8a3 671d91484d05e108b35edcc255d4b42d57694ca4 > files-in-commit.txt	2025-04-09T14:15:27.9909347Z   KAOS_PATH_RESUME: core/results/k/
job-core	Run git diff --name-only 421cb65e5a560f48163fb64c10c9c1ce1c49e8a3 671d91484d05e108b35edcc255d4b42d57694ca4 > files-in-commit.txt	2025-04-09T14:15:27.9909743Z   KAOS_JSON: core/results/k/event_data_
job-core	Run git diff --name-only 421cb65e5a560f48163fb64c10c9c1ce1c49e8a3 671d91484d05e108b35edcc255d4b42d57694ca4 > files-in-commit.txt	2025-04-09T14:15:27.9910131Z   KAOS_ACTOR: jh0ny2k2
job-core	Run git diff --name-only 421cb65e5a560f48163fb64c10c9c1ce1c49e8a3 671d91484d05e108b35edcc255d4b42d57694ca4 > files-in-commit.txt	2025-04-09T14:15:27.9910445Z   GITHUB_OUTPUT: 
job-core	Run git diff --name-only 421cb65e5a560f48163fb64c10c9c1ce1c49e8a3 671d91484d05e108b35edcc255d4b42d57694ca4 > files-in-commit.txt	2025-04-09T14:15:27.9910794Z   INVOLVED: core/results/k/files-in-commit-.txt
job-core	Run git diff --name-only 421cb65e5a560f48163fb64c10c9c1ce1c49e8a3 671d91484d05e108b35edcc255d4b42d57694ca4 > files-in-commit.txt	2025-04-09T14:15:27.9911283Z   GITHUB_REF: refs/heads/H220-web-de-resultados
job-core	Run git diff --name-only 421cb65e5a560f48163fb64c10c9c1ce1c49e8a3 671d91484d05e108b35edcc255d4b42d57694ca4 > files-in-commit.txt	2025-04-09T14:15:27.9912413Z   modules: ***
job-core	Run git diff --name-only 421cb65e5a560f48163fb64c10c9c1ce1c49e8a3 671d91484d05e108b35edcc255d4b42d57694ca4 > files-in-commit.txt	2025-04-09T14:15:27.9912766Z   files: ***
job-core	Run git diff --name-only 421cb65e5a560f48163fb64c10c9c1ce1c49e8a3 671d91484d05e108b35edcc255d4b42d57694ca4 > files-in-commit.txt	2025-04-09T14:15:27.9913200Z   GH_TOKEN: ***
job-core	Run git diff --name-only 421cb65e5a560f48163fb64c10c9c1ce1c49e8a3 671d91484d05e108b35edcc255d4b42d57694ca4 > files-in-commit.txt	2025-04-09T14:15:27.9913487Z ##[endgroup]
job-core	Run git diff --name-only 421cb65e5a560f48163fb64c10c9c1ce1c49e8a3 671d91484d05e108b35edcc255d4b42d57694ca4 > files-in-commit.txt	2025-04-09T14:15:28.0001885Z core/web/custom/prueba.html
job-core	Run git diff --name-only 421cb65e5a560f48163fb64c10c9c1ce1c49e8a3 671d91484d05e108b35edcc255d4b42d57694ca4 > files-in-commit.txt	2025-04-09T14:15:28.0002970Z core/web/data/prueba.json
job-core	Run git diff --name-only 421cb65e5a560f48163fb64c10c9c1ce1c49e8a3 671d91484d05e108b35edcc255d4b42d57694ca4 > files-in-commit.txt	2025-04-09T14:15:28.0003680Z core/web/estructura/estructura.json
job-core	Run git diff --name-only 421cb65e5a560f48163fb64c10c9c1ce1c49e8a3 671d91484d05e108b35edcc255d4b42d57694ca4 > files-in-commit.txt	2025-04-09T14:15:28.0004457Z core/web/templates/prueba.html
job-core	Run git diff --name-only 421cb65e5a560f48163fb64c10c9c1ce1c49e8a3 671d91484d05e108b35edcc255d4b42d57694ca4 > files-in-commit.txt	2025-04-09T14:15:28.0009868Z I Leemos el fichero files-in-commit.txt y extraemos el fichero core/web/custom/prueba.html
job-core	Run git diff --name-only 421cb65e5a560f48163fb64c10c9c1ce1c49e8a3 671d91484d05e108b35edcc255d4b42d57694ca4 > files-in-commit.txt	2025-04-09T14:15:28.0029314Z I-1 Calculamos el nombre del fichero prueba.html
job-core	Run git diff --name-only 421cb65e5a560f48163fb64c10c9c1ce1c49e8a3 671d91484d05e108b35edcc255d4b42d57694ca4 > files-in-commit.txt	2025-04-09T14:15:28.0030335Z I-2 Calculamos la extension del fichero html
job-core	Run git diff --name-only 421cb65e5a560f48163fb64c10c9c1ce1c49e8a3 671d91484d05e108b35edcc255d4b42d57694ca4 > files-in-commit.txt	2025-04-09T14:15:28.0031233Z I-3 Calculamos el modulo htmllint.yml
job-core	Run git diff --name-only 421cb65e5a560f48163fb64c10c9c1ce1c49e8a3 671d91484d05e108b35edcc255d4b42d57694ca4 > files-in-commit.txt	2025-04-09T14:15:28.0032624Z II Leemos el array de md
job-core	Run git diff --name-only 421cb65e5a560f48163fb64c10c9c1ce1c49e8a3 671d91484d05e108b35edcc255d4b42d57694ca4 > files-in-commit.txt	2025-04-09T14:15:28.0033708Z VII No es igual html a md y lo indicamos en la variable extension_failed=1
job-core	Run git diff --name-only 421cb65e5a560f48163fb64c10c9c1ce1c49e8a3 671d91484d05e108b35edcc255d4b42d57694ca4 > files-in-commit.txt	2025-04-09T14:15:28.0035307Z II Leemos el array de yaml
job-core	Run git diff --name-only 421cb65e5a560f48163fb64c10c9c1ce1c49e8a3 671d91484d05e108b35edcc255d4b42d57694ca4 > files-in-commit.txt	2025-04-09T14:15:28.0036294Z VII No es igual html a yaml y lo indicamos en la variable extension_failed=1
job-core	Run git diff --name-only 421cb65e5a560f48163fb64c10c9c1ce1c49e8a3 671d91484d05e108b35edcc255d4b42d57694ca4 > files-in-commit.txt	2025-04-09T14:15:28.0038049Z II Leemos el array de json
job-core	Run git diff --name-only 421cb65e5a560f48163fb64c10c9c1ce1c49e8a3 671d91484d05e108b35edcc255d4b42d57694ca4 > files-in-commit.txt	2025-04-09T14:15:28.0054394Z VII No es igual html a json y lo indicamos en la variable extension_failed=1
job-core	Run git diff --name-only 421cb65e5a560f48163fb64c10c9c1ce1c49e8a3 671d91484d05e108b35edcc255d4b42d57694ca4 > files-in-commit.txt	2025-04-09T14:15:28.0055410Z II Leemos el array de html
job-core	Run git diff --name-only 421cb65e5a560f48163fb64c10c9c1ce1c49e8a3 671d91484d05e108b35edcc255d4b42d57694ca4 > files-in-commit.txt	2025-04-09T14:15:28.0056091Z III Comprobamos si html es igual a html
job-core	Run git diff --name-only 421cb65e5a560f48163fb64c10c9c1ce1c49e8a3 671d91484d05e108b35edcc255d4b42d57694ca4 > files-in-commit.txt	2025-04-09T14:15:28.0056939Z IV Leemos el array mdlint.yml
job-core	Run git diff --name-only 421cb65e5a560f48163fb64c10c9c1ce1c49e8a3 671d91484d05e108b35edcc255d4b42d57694ca4 > files-in-commit.txt	2025-04-09T14:15:28.0057955Z VI No es igual htmllint.yml a mdlint.yml y lo indicamos en la variable module_failed=1
job-core	Run git diff --name-only 421cb65e5a560f48163fb64c10c9c1ce1c49e8a3 671d91484d05e108b35edcc255d4b42d57694ca4 > files-in-commit.txt	2025-04-09T14:15:28.0059161Z IV Leemos el array yamllint.yml
job-core	Run git diff --name-only 421cb65e5a560f48163fb64c10c9c1ce1c49e8a3 671d91484d05e108b35edcc255d4b42d57694ca4 > files-in-commit.txt	2025-04-09T14:15:28.0060146Z VI No es igual htmllint.yml a yamllint.yml y lo indicamos en la variable module_failed=1
job-core	Run git diff --name-only 421cb65e5a560f48163fb64c10c9c1ce1c49e8a3 671d91484d05e108b35edcc255d4b42d57694ca4 > files-in-commit.txt	2025-04-09T14:15:28.0061224Z IV Leemos el array jsonlint.yml
job-core	Run git diff --name-only 421cb65e5a560f48163fb64c10c9c1ce1c49e8a3 671d91484d05e108b35edcc255d4b42d57694ca4 > files-in-commit.txt	2025-04-09T14:15:28.0062385Z VI No es igual htmllint.yml a jsonlint.yml y lo indicamos en la variable module_failed=1
job-core	Run git diff --name-only 421cb65e5a560f48163fb64c10c9c1ce1c49e8a3 671d91484d05e108b35edcc255d4b42d57694ca4 > files-in-commit.txt	2025-04-09T14:15:28.0063511Z IV Leemos el array htmllint.yml
job-core	Run git diff --name-only 421cb65e5a560f48163fb64c10c9c1ce1c49e8a3 671d91484d05e108b35edcc255d4b42d57694ca4 > files-in-commit.txt	2025-04-09T14:15:28.0064541Z V Comprobamos que el htmllint.yml es igual a htmllint.yml y ejecutamos el flujo
job-core	Run git diff --name-only 421cb65e5a560f48163fb64c10c9c1ce1c49e8a3 671d91484d05e108b35edcc255d4b42d57694ca4 > files-in-commit.txt	2025-04-09T14:15:28.0069221Z El numero de la issue es: 220
job-core	Run git diff --name-only 421cb65e5a560f48163fb64c10c9c1ce1c49e8a3 671d91484d05e108b35edcc255d4b42d57694ca4 > files-in-commit.txt	2025-04-09T14:15:56.1260325Z I Leemos el fichero files-in-commit.txt y extraemos el fichero core/web/data/prueba.json
job-core	Run git diff --name-only 421cb65e5a560f48163fb64c10c9c1ce1c49e8a3 671d91484d05e108b35edcc255d4b42d57694ca4 > files-in-commit.txt	2025-04-09T14:15:56.1320545Z I-1 Calculamos el nombre del fichero prueba.json
job-core	Run git diff --name-only 421cb65e5a560f48163fb64c10c9c1ce1c49e8a3 671d91484d05e108b35edcc255d4b42d57694ca4 > files-in-commit.txt	2025-04-09T14:15:56.1324937Z I-2 Calculamos la extension del fichero json
job-core	Run git diff --name-only 421cb65e5a560f48163fb64c10c9c1ce1c49e8a3 671d91484d05e108b35edcc255d4b42d57694ca4 > files-in-commit.txt	2025-04-09T14:15:56.1327981Z I-3 Calculamos el modulo jsonlint.yml
job-core	Run git diff --name-only 421cb65e5a560f48163fb64c10c9c1ce1c49e8a3 671d91484d05e108b35edcc255d4b42d57694ca4 > files-in-commit.txt	2025-04-09T14:15:56.1331383Z II Leemos el array de md
job-core	Run git diff --name-only 421cb65e5a560f48163fb64c10c9c1ce1c49e8a3 671d91484d05e108b35edcc255d4b42d57694ca4 > files-in-commit.txt	2025-04-09T14:15:56.1335602Z VII No es igual json a md y lo indicamos en la variable extension_failed=1
job-core	Run git diff --name-only 421cb65e5a560f48163fb64c10c9c1ce1c49e8a3 671d91484d05e108b35edcc255d4b42d57694ca4 > files-in-commit.txt	2025-04-09T14:15:56.1339269Z II Leemos el array de yaml
job-core	Run git diff --name-only 421cb65e5a560f48163fb64c10c9c1ce1c49e8a3 671d91484d05e108b35edcc255d4b42d57694ca4 > files-in-commit.txt	2025-04-09T14:15:56.1342871Z VII No es igual json a yaml y lo indicamos en la variable extension_failed=1
job-core	Run git diff --name-only 421cb65e5a560f48163fb64c10c9c1ce1c49e8a3 671d91484d05e108b35edcc255d4b42d57694ca4 > files-in-commit.txt	2025-04-09T14:15:56.1348713Z II Leemos el array de json
job-core	Run git diff --name-only 421cb65e5a560f48163fb64c10c9c1ce1c49e8a3 671d91484d05e108b35edcc255d4b42d57694ca4 > files-in-commit.txt	2025-04-09T14:15:56.1352752Z III Comprobamos si json es igual a json
job-core	Run git diff --name-only 421cb65e5a560f48163fb64c10c9c1ce1c49e8a3 671d91484d05e108b35edcc255d4b42d57694ca4 > files-in-commit.txt	2025-04-09T14:15:56.1356556Z IV Leemos el array mdlint.yml
job-core	Run git diff --name-only 421cb65e5a560f48163fb64c10c9c1ce1c49e8a3 671d91484d05e108b35edcc255d4b42d57694ca4 > files-in-commit.txt	2025-04-09T14:15:56.1362288Z VI No es igual jsonlint.yml a mdlint.yml y lo indicamos en la variable module_failed=1
job-core	Run git diff --name-only 421cb65e5a560f48163fb64c10c9c1ce1c49e8a3 671d91484d05e108b35edcc255d4b42d57694ca4 > files-in-commit.txt	2025-04-09T14:15:56.1370061Z IV Leemos el array yamllint.yml
job-core	Run git diff --name-only 421cb65e5a560f48163fb64c10c9c1ce1c49e8a3 671d91484d05e108b35edcc255d4b42d57694ca4 > files-in-commit.txt	2025-04-09T14:15:56.1374983Z VI No es igual jsonlint.yml a yamllint.yml y lo indicamos en la variable module_failed=1
job-core	Run git diff --name-only 421cb65e5a560f48163fb64c10c9c1ce1c49e8a3 671d91484d05e108b35edcc255d4b42d57694ca4 > files-in-commit.txt	2025-04-09T14:15:56.1377121Z IV Leemos el array jsonlint.yml
job-core	Run git diff --name-only 421cb65e5a560f48163fb64c10c9c1ce1c49e8a3 671d91484d05e108b35edcc255d4b42d57694ca4 > files-in-commit.txt	2025-04-09T14:15:56.1379027Z V Comprobamos que el jsonlint.yml es igual a jsonlint.yml y ejecutamos el flujo
job-core	Run git diff --name-only 421cb65e5a560f48163fb64c10c9c1ce1c49e8a3 671d91484d05e108b35edcc255d4b42d57694ca4 > files-in-commit.txt	2025-04-09T14:15:56.1465263Z El numero de la issue es: 220
job-core	Run git diff --name-only 421cb65e5a560f48163fb64c10c9c1ce1c49e8a3 671d91484d05e108b35edcc255d4b42d57694ca4 > files-in-commit.txt	2025-04-09T14:15:57.0442371Z I Leemos el fichero files-in-commit.txt y extraemos el fichero core/web/estructura/estructura.json
job-core	Run git diff --name-only 421cb65e5a560f48163fb64c10c9c1ce1c49e8a3 671d91484d05e108b35edcc255d4b42d57694ca4 > files-in-commit.txt	2025-04-09T14:15:57.0463580Z I-1 Calculamos el nombre del fichero estructura.json
job-core	Run git diff --name-only 421cb65e5a560f48163fb64c10c9c1ce1c49e8a3 671d91484d05e108b35edcc255d4b42d57694ca4 > files-in-commit.txt	2025-04-09T14:15:57.0474541Z I-2 Calculamos la extension del fichero json
job-core	Run git diff --name-only 421cb65e5a560f48163fb64c10c9c1ce1c49e8a3 671d91484d05e108b35edcc255d4b42d57694ca4 > files-in-commit.txt	2025-04-09T14:15:57.0475787Z I-3 Calculamos el modulo jsonlint.yml
job-core	Run git diff --name-only 421cb65e5a560f48163fb64c10c9c1ce1c49e8a3 671d91484d05e108b35edcc255d4b42d57694ca4 > files-in-commit.txt	2025-04-09T14:15:57.0476762Z II Leemos el array de md
job-core	Run git diff --name-only 421cb65e5a560f48163fb64c10c9c1ce1c49e8a3 671d91484d05e108b35edcc255d4b42d57694ca4 > files-in-commit.txt	2025-04-09T14:15:57.0478062Z VII No es igual json a md y lo indicamos en la variable extension_failed=1
job-core	Run git diff --name-only 421cb65e5a560f48163fb64c10c9c1ce1c49e8a3 671d91484d05e108b35edcc255d4b42d57694ca4 > files-in-commit.txt	2025-04-09T14:15:57.0479538Z II Leemos el array de yaml
job-core	Run git diff --name-only 421cb65e5a560f48163fb64c10c9c1ce1c49e8a3 671d91484d05e108b35edcc255d4b42d57694ca4 > files-in-commit.txt	2025-04-09T14:15:57.0481145Z VII No es igual json a yaml y lo indicamos en la variable extension_failed=1
job-core	Run git diff --name-only 421cb65e5a560f48163fb64c10c9c1ce1c49e8a3 671d91484d05e108b35edcc255d4b42d57694ca4 > files-in-commit.txt	2025-04-09T14:15:57.0483373Z II Leemos el array de json
job-core	Run git diff --name-only 421cb65e5a560f48163fb64c10c9c1ce1c49e8a3 671d91484d05e108b35edcc255d4b42d57694ca4 > files-in-commit.txt	2025-04-09T14:15:57.0484588Z III Comprobamos si json es igual a json
job-core	Run git diff --name-only 421cb65e5a560f48163fb64c10c9c1ce1c49e8a3 671d91484d05e108b35edcc255d4b42d57694ca4 > files-in-commit.txt	2025-04-09T14:15:57.0485585Z IV Leemos el array mdlint.yml
job-core	Run git diff --name-only 421cb65e5a560f48163fb64c10c9c1ce1c49e8a3 671d91484d05e108b35edcc255d4b42d57694ca4 > files-in-commit.txt	2025-04-09T14:15:57.0487298Z VI No es igual jsonlint.yml a mdlint.yml y lo indicamos en la variable module_failed=1
job-core	Run git diff --name-only 421cb65e5a560f48163fb64c10c9c1ce1c49e8a3 671d91484d05e108b35edcc255d4b42d57694ca4 > files-in-commit.txt	2025-04-09T14:15:57.0488757Z IV Leemos el array yamllint.yml
job-core	Run git diff --name-only 421cb65e5a560f48163fb64c10c9c1ce1c49e8a3 671d91484d05e108b35edcc255d4b42d57694ca4 > files-in-commit.txt	2025-04-09T14:15:57.0490144Z VI No es igual jsonlint.yml a yamllint.yml y lo indicamos en la variable module_failed=1
job-core	Run git diff --name-only 421cb65e5a560f48163fb64c10c9c1ce1c49e8a3 671d91484d05e108b35edcc255d4b42d57694ca4 > files-in-commit.txt	2025-04-09T14:15:57.0491870Z IV Leemos el array jsonlint.yml
job-core	Run git diff --name-only 421cb65e5a560f48163fb64c10c9c1ce1c49e8a3 671d91484d05e108b35edcc255d4b42d57694ca4 > files-in-commit.txt	2025-04-09T14:15:57.0493840Z V Comprobamos que el jsonlint.yml es igual a jsonlint.yml y ejecutamos el flujo
job-core	Run git diff --name-only 421cb65e5a560f48163fb64c10c9c1ce1c49e8a3 671d91484d05e108b35edcc255d4b42d57694ca4 > files-in-commit.txt	2025-04-09T14:15:57.0506343Z El numero de la issue es: 220
job-core	Run git diff --name-only 421cb65e5a560f48163fb64c10c9c1ce1c49e8a3 671d91484d05e108b35edcc255d4b42d57694ca4 > files-in-commit.txt	2025-04-09T14:15:57.9702111Z I Leemos el fichero files-in-commit.txt y extraemos el fichero core/web/templates/prueba.html
job-core	Run git diff --name-only 421cb65e5a560f48163fb64c10c9c1ce1c49e8a3 671d91484d05e108b35edcc255d4b42d57694ca4 > files-in-commit.txt	2025-04-09T14:15:57.9723251Z I-1 Calculamos el nombre del fichero prueba.html
job-core	Run git diff --name-only 421cb65e5a560f48163fb64c10c9c1ce1c49e8a3 671d91484d05e108b35edcc255d4b42d57694ca4 > files-in-commit.txt	2025-04-09T14:15:57.9724783Z I-2 Calculamos la extension del fichero html
job-core	Run git diff --name-only 421cb65e5a560f48163fb64c10c9c1ce1c49e8a3 671d91484d05e108b35edcc255d4b42d57694ca4 > files-in-commit.txt	2025-04-09T14:15:57.9725659Z I-3 Calculamos el modulo htmllint.yml
job-core	Run git diff --name-only 421cb65e5a560f48163fb64c10c9c1ce1c49e8a3 671d91484d05e108b35edcc255d4b42d57694ca4 > files-in-commit.txt	2025-04-09T14:15:57.9726617Z II Leemos el array de md
job-core	Run git diff --name-only 421cb65e5a560f48163fb64c10c9c1ce1c49e8a3 671d91484d05e108b35edcc255d4b42d57694ca4 > files-in-commit.txt	2025-04-09T14:15:57.9727960Z VII No es igual html a md y lo indicamos en la variable extension_failed=1
job-core	Run git diff --name-only 421cb65e5a560f48163fb64c10c9c1ce1c49e8a3 671d91484d05e108b35edcc255d4b42d57694ca4 > files-in-commit.txt	2025-04-09T14:15:57.9728920Z II Leemos el array de yaml
job-core	Run git diff --name-only 421cb65e5a560f48163fb64c10c9c1ce1c49e8a3 671d91484d05e108b35edcc255d4b42d57694ca4 > files-in-commit.txt	2025-04-09T14:15:57.9729722Z VII No es igual html a yaml y lo indicamos en la variable extension_failed=1
job-core	Run git diff --name-only 421cb65e5a560f48163fb64c10c9c1ce1c49e8a3 671d91484d05e108b35edcc255d4b42d57694ca4 > files-in-commit.txt	2025-04-09T14:15:57.9731246Z II Leemos el array de json
job-core	Run git diff --name-only 421cb65e5a560f48163fb64c10c9c1ce1c49e8a3 671d91484d05e108b35edcc255d4b42d57694ca4 > files-in-commit.txt	2025-04-09T14:15:57.9733211Z VII No es igual html a json y lo indicamos en la variable extension_failed=1
job-core	Run git diff --name-only 421cb65e5a560f48163fb64c10c9c1ce1c49e8a3 671d91484d05e108b35edcc255d4b42d57694ca4 > files-in-commit.txt	2025-04-09T14:15:57.9734451Z II Leemos el array de html
job-core	Run git diff --name-only 421cb65e5a560f48163fb64c10c9c1ce1c49e8a3 671d91484d05e108b35edcc255d4b42d57694ca4 > files-in-commit.txt	2025-04-09T14:15:57.9734944Z III Comprobamos si html es igual a html
job-core	Run git diff --name-only 421cb65e5a560f48163fb64c10c9c1ce1c49e8a3 671d91484d05e108b35edcc255d4b42d57694ca4 > files-in-commit.txt	2025-04-09T14:15:57.9735531Z IV Leemos el array mdlint.yml
job-core	Run git diff --name-only 421cb65e5a560f48163fb64c10c9c1ce1c49e8a3 671d91484d05e108b35edcc255d4b42d57694ca4 > files-in-commit.txt	2025-04-09T14:15:57.9736452Z VI No es igual htmllint.yml a mdlint.yml y lo indicamos en la variable module_failed=1
job-core	Run git diff --name-only 421cb65e5a560f48163fb64c10c9c1ce1c49e8a3 671d91484d05e108b35edcc255d4b42d57694ca4 > files-in-commit.txt	2025-04-09T14:15:57.9737467Z IV Leemos el array yamllint.yml
job-core	Run git diff --name-only 421cb65e5a560f48163fb64c10c9c1ce1c49e8a3 671d91484d05e108b35edcc255d4b42d57694ca4 > files-in-commit.txt	2025-04-09T14:15:57.9738147Z VI No es igual htmllint.yml a yamllint.yml y lo indicamos en la variable module_failed=1
job-core	Run git diff --name-only 421cb65e5a560f48163fb64c10c9c1ce1c49e8a3 671d91484d05e108b35edcc255d4b42d57694ca4 > files-in-commit.txt	2025-04-09T14:15:57.9738820Z IV Leemos el array jsonlint.yml
job-core	Run git diff --name-only 421cb65e5a560f48163fb64c10c9c1ce1c49e8a3 671d91484d05e108b35edcc255d4b42d57694ca4 > files-in-commit.txt	2025-04-09T14:15:57.9740039Z VI No es igual htmllint.yml a jsonlint.yml y lo indicamos en la variable module_failed=1
job-core	Run git diff --name-only 421cb65e5a560f48163fb64c10c9c1ce1c49e8a3 671d91484d05e108b35edcc255d4b42d57694ca4 > files-in-commit.txt	2025-04-09T14:15:57.9741650Z IV Leemos el array htmllint.yml
job-core	Run git diff --name-only 421cb65e5a560f48163fb64c10c9c1ce1c49e8a3 671d91484d05e108b35edcc255d4b42d57694ca4 > files-in-commit.txt	2025-04-09T14:15:57.9743554Z V Comprobamos que el htmllint.yml es igual a htmllint.yml y ejecutamos el flujo
job-core	Run git diff --name-only 421cb65e5a560f48163fb64c10c9c1ce1c49e8a3 671d91484d05e108b35edcc255d4b42d57694ca4 > files-in-commit.txt	2025-04-09T14:15:57.9765338Z El numero de la issue es: 220
job-core	Post Checkout code	ï»¿2025-04-09T14:15:58.8321794Z Post job cleanup.
job-core	Post Checkout code	2025-04-09T14:15:58.9645645Z [command]/usr/bin/git version
job-core	Post Checkout code	2025-04-09T14:15:58.9696919Z git version 2.48.1
job-core	Post Checkout code	2025-04-09T14:15:58.9753260Z Copying '/home/kaos/.gitconfig' to '/actions-runner/_work/_temp/3f8f2347-fe5b-45ce-917f-688fb884ef91/.gitconfig'
job-core	Post Checkout code	2025-04-09T14:15:58.9772407Z Temporarily overriding HOME='/actions-runner/_work/_temp/3f8f2347-fe5b-45ce-917f-688fb884ef91' before making global git config changes
job-core	Post Checkout code	2025-04-09T14:15:58.9774513Z Adding repository directory to the temporary git global config as a safe directory
job-core	Post Checkout code	2025-04-09T14:15:58.9782385Z [command]/usr/bin/git config --global --add safe.directory /actions-runner/_work/ka0s/ka0s
job-core	Post Checkout code	2025-04-09T14:15:58.9835327Z [command]/usr/bin/git config --local --name-only --get-regexp core\.sshCommand
job-core	Post Checkout code	2025-04-09T14:15:58.9899161Z [command]/usr/bin/git submodule foreach --recursive sh -c "git config --local --name-only --get-regexp 'core\.sshCommand' && git config --local --unset-all 'core.sshCommand' || :"
job-core	Post Checkout code	2025-04-09T14:15:59.0286504Z [command]/usr/bin/git config --local --name-only --get-regexp http\.https\:\/\/github\.com\/\.extraheader
job-core	Post Checkout code	2025-04-09T14:15:59.0328613Z http.https://github.com/.extraheader
job-core	Post Checkout code	2025-04-09T14:15:59.0348585Z [command]/usr/bin/git config --local --unset-all http.https://github.com/.extraheader
job-core	Post Checkout code	2025-04-09T14:15:59.0403646Z [command]/usr/bin/git submodule foreach --recursive sh -c "git config --local --name-only --get-regexp 'http\.https\:\/\/github\.com\/\.extraheader' && git config --local --unset-all 'http.https://github.com/.extraheader' || :"
job-core	Complete job	ï»¿2025-04-09T14:15:59.0980009Z Cleaning up orphan processes
handle-success	Set up job	ï»¿2025-04-09T14:19:04.0461689Z Current runner version: '2.323.0'
handle-success	Set up job	2025-04-09T14:19:04.0470818Z Runner name: 'ka0s-6'
handle-success	Set up job	2025-04-09T14:19:04.0472186Z Machine name: '419612ea1a87'
handle-success	Set up job	2025-04-09T14:19:04.0475771Z ##[group]GITHUB_TOKEN Permissions
handle-success	Set up job	2025-04-09T14:19:04.0478986Z Contents: read
handle-success	Set up job	2025-04-09T14:19:04.0479924Z Metadata: read
handle-success	Set up job	2025-04-09T14:19:04.0480648Z Packages: read
handle-success	Set up job	2025-04-09T14:19:04.0481281Z ##[endgroup]
handle-success	Set up job	2025-04-09T14:19:04.0484318Z Secret source: Actions
handle-success	Set up job	2025-04-09T14:19:04.0485226Z Prepare workflow directory
handle-success	Set up job	2025-04-09T14:19:04.1416976Z Prepare all required actions
handle-success	Set up job	2025-04-09T14:19:04.1469938Z Getting action download info
handle-success	Set up job	2025-04-09T14:19:04.8865550Z Download action repository 'actions/checkout@v4' (SHA:11bd71901bbe5b1630ceea73d27597364c9af683)
handle-success	Set up job	2025-04-09T14:20:44.9460227Z ##[warning]Failed to download action 'https://api.github.com/repos/actions/checkout/tarball/11bd71901bbe5b1630ceea73d27597364c9af683'. Error: The request was canceled due to the configured HttpClient.Timeout of 100 seconds elapsing. 
handle-success	Set up job	2025-04-09T14:20:44.9476274Z ##[warning]Back off 10.614 seconds before retry.
handle-success	Set up job	2025-04-09T14:20:58.0432965Z Complete job name: handle-success
handle-success	Checkout code	ï»¿2025-04-09T14:20:58.1470557Z ##[group]Run actions/checkout@v4
handle-success	Checkout code	2025-04-09T14:20:58.1472842Z with:
handle-success	Checkout code	2025-04-09T14:20:58.1473413Z   fetch-depth: 0
handle-success	Checkout code	2025-04-09T14:20:58.1474575Z   token: ***
handle-success	Checkout code	2025-04-09T14:20:58.1475145Z   repository: Ka0s-Klaus/ka0s
handle-success	Checkout code	2025-04-09T14:20:58.1475813Z   ssh-strict: true
handle-success	Checkout code	2025-04-09T14:20:58.1476353Z   ssh-user: git
handle-success	Checkout code	2025-04-09T14:20:58.1476941Z   persist-credentials: true
handle-success	Checkout code	2025-04-09T14:20:58.1477574Z   clean: true
handle-success	Checkout code	2025-04-09T14:20:58.1478180Z   sparse-checkout-cone-mode: true
handle-success	Checkout code	2025-04-09T14:20:58.1478939Z   fetch-tags: false
handle-success	Checkout code	2025-04-09T14:20:58.1479554Z   show-progress: true
handle-success	Checkout code	2025-04-09T14:20:58.1480056Z   lfs: false
handle-success	Checkout code	2025-04-09T14:20:58.1480566Z   submodules: false
handle-success	Checkout code	2025-04-09T14:20:58.1481110Z   set-safe-directory: true
handle-success	Checkout code	2025-04-09T14:20:58.1483213Z env:
handle-success	Checkout code	2025-04-09T14:20:58.1483792Z   KAOS_CODE: 14359169174
handle-success	Checkout code	2025-04-09T14:20:58.1484207Z   KAOS_EVENT_NAME: push
handle-success	Checkout code	2025-04-09T14:20:58.1484601Z   KAOS_ACTION: 
handle-success	Checkout code	2025-04-09T14:20:58.1484950Z   KAOS_REF: refs/heads/H220-web-de-resultados
handle-success	Checkout code	2025-04-09T14:20:58.1485372Z   KAOS_MODULE: [Ka0S] kaos
handle-success	Checkout code	2025-04-09T14:20:58.1485791Z   KAOS_PATH_RESUME: core/results/k/
handle-success	Checkout code	2025-04-09T14:20:58.1486203Z   KAOS_JSON: core/results/k/event_data_
handle-success	Checkout code	2025-04-09T14:20:58.1486612Z   KAOS_ACTOR: jh0ny2k2
handle-success	Checkout code	2025-04-09T14:20:58.1486926Z ##[endgroup]
handle-success	Checkout code	2025-04-09T14:20:58.3481830Z Syncing repository: Ka0s-Klaus/ka0s
handle-success	Checkout code	2025-04-09T14:20:58.3485386Z ##[group]Getting Git version info
handle-success	Checkout code	2025-04-09T14:20:58.3486335Z Working directory is '/actions-runner/_work/ka0s/ka0s'
handle-success	Checkout code	2025-04-09T14:20:58.3487691Z [command]/usr/bin/git version
handle-success	Checkout code	2025-04-09T14:20:58.3488405Z git version 2.48.1
handle-success	Checkout code	2025-04-09T14:20:58.3519594Z ##[endgroup]
handle-success	Checkout code	2025-04-09T14:20:58.3538476Z Copying '/home/kaos/.gitconfig' to '/actions-runner/_work/_temp/adc51073-dae4-4733-a272-eafe36e027f0/.gitconfig'
handle-success	Checkout code	2025-04-09T14:20:58.3556953Z Temporarily overriding HOME='/actions-runner/_work/_temp/adc51073-dae4-4733-a272-eafe36e027f0' before making global git config changes
handle-success	Checkout code	2025-04-09T14:20:58.3559616Z Adding repository directory to the temporary git global config as a safe directory
handle-success	Checkout code	2025-04-09T14:20:58.3569272Z [command]/usr/bin/git config --global --add safe.directory /actions-runner/_work/ka0s/ka0s
handle-success	Checkout code	2025-04-09T14:20:58.3638749Z [command]/usr/bin/git config --local --get remote.origin.url
handle-success	Checkout code	2025-04-09T14:20:58.3671122Z https://github.com/Ka0s-Klaus/ka0s
handle-success	Checkout code	2025-04-09T14:20:58.3700056Z ##[group]Removing previously created refs, to avoid conflicts
handle-success	Checkout code	2025-04-09T14:20:58.3708056Z [command]/usr/bin/git rev-parse --symbolic-full-name --verify --quiet HEAD
handle-success	Checkout code	2025-04-09T14:20:58.3749879Z refs/heads/H220-web-de-resultados
handle-success	Checkout code	2025-04-09T14:20:58.3767961Z [command]/usr/bin/git checkout --detach
handle-success	Checkout code	2025-04-09T14:20:58.3927304Z HEAD is now at b0243d8 [Ka0S] Uploading resume execution files to the repository...
handle-success	Checkout code	2025-04-09T14:20:58.4002576Z [command]/usr/bin/git branch --delete --force H220-web-de-resultados
handle-success	Checkout code	2025-04-09T14:20:58.4050361Z Deleted branch H220-web-de-resultados (was b0243d8).
handle-success	Checkout code	2025-04-09T14:20:58.4134732Z ##[endgroup]
handle-success	Checkout code	2025-04-09T14:20:58.4141070Z [command]/usr/bin/git submodule status
handle-success	Checkout code	2025-04-09T14:20:58.4519808Z ##[group]Cleaning the repository
handle-success	Checkout code	2025-04-09T14:20:58.4527692Z [command]/usr/bin/git clean -ffdx
handle-success	Checkout code	2025-04-09T14:20:58.4593163Z Removing files-in-commit.txt
handle-success	Checkout code	2025-04-09T14:20:58.4608631Z [command]/usr/bin/git reset --hard HEAD
handle-success	Checkout code	2025-04-09T14:20:58.4826258Z HEAD is now at b0243d8 [Ka0S] Uploading resume execution files to the repository...
handle-success	Checkout code	2025-04-09T14:20:58.4836841Z ##[endgroup]
handle-success	Checkout code	2025-04-09T14:20:58.4838837Z ##[group]Disabling automatic garbage collection
handle-success	Checkout code	2025-04-09T14:20:58.4846416Z [command]/usr/bin/git config --local gc.auto 0
handle-success	Checkout code	2025-04-09T14:20:58.4902945Z ##[endgroup]
handle-success	Checkout code	2025-04-09T14:20:58.4904031Z ##[group]Setting up auth
handle-success	Checkout code	2025-04-09T14:20:58.4911724Z [command]/usr/bin/git config --local --name-only --get-regexp core\.sshCommand
handle-success	Checkout code	2025-04-09T14:20:58.4960294Z [command]/usr/bin/git submodule foreach --recursive sh -c "git config --local --name-only --get-regexp 'core\.sshCommand' && git config --local --unset-all 'core.sshCommand' || :"
handle-success	Checkout code	2025-04-09T14:20:58.5341982Z [command]/usr/bin/git config --local --name-only --get-regexp http\.https\:\/\/github\.com\/\.extraheader
handle-success	Checkout code	2025-04-09T14:20:58.5389323Z [command]/usr/bin/git submodule foreach --recursive sh -c "git config --local --name-only --get-regexp 'http\.https\:\/\/github\.com\/\.extraheader' && git config --local --unset-all 'http.https://github.com/.extraheader' || :"
handle-success	Checkout code	2025-04-09T14:20:58.5795655Z [command]/usr/bin/git config --local http.https://github.com/.extraheader AUTHORIZATION: basic ***
handle-success	Checkout code	2025-04-09T14:20:58.5854003Z ##[endgroup]
handle-success	Checkout code	2025-04-09T14:20:58.5882566Z ##[group]Fetching the repository
handle-success	Checkout code	2025-04-09T14:20:58.5884054Z [command]/usr/bin/git -c protocol.version=2 fetch --prune --no-recurse-submodules origin +refs/heads/*:refs/remotes/origin/* +refs/tags/*:refs/tags/*
handle-success	Checkout code	2025-04-09T14:21:09.3906504Z From https://github.com/Ka0s-Klaus/ka0s
handle-success	Checkout code	2025-04-09T14:21:09.3907871Z    6e77690..9d0fdc3  main       -> origin/main
handle-success	Checkout code	2025-04-09T14:21:09.3980141Z [command]/usr/bin/git branch --list --remote origin/H220-web-de-resultados
handle-success	Checkout code	2025-04-09T14:21:09.4016836Z   origin/H220-web-de-resultados
handle-success	Checkout code	2025-04-09T14:21:09.4032152Z [command]/usr/bin/git rev-parse refs/remotes/origin/H220-web-de-resultados
handle-success	Checkout code	2025-04-09T14:21:09.4063237Z b0243d816915e8e70b772ba2c5e752af8863fa74
handle-success	Checkout code	2025-04-09T14:21:09.4080763Z [command]/usr/bin/git -c protocol.version=2 fetch --no-tags --prune --no-recurse-submodules origin +671d91484d05e108b35edcc255d4b42d57694ca4:refs/remotes/origin/H220-web-de-resultados
handle-success	Checkout code	2025-04-09T14:21:10.1937841Z From https://github.com/Ka0s-Klaus/ka0s
handle-success	Checkout code	2025-04-09T14:21:10.1939054Z  + b0243d8...671d914 671d91484d05e108b35edcc255d4b42d57694ca4 -> origin/H220-web-de-resultados  (forced update)
handle-success	Checkout code	2025-04-09T14:21:10.2015321Z ##[endgroup]
handle-success	Checkout code	2025-04-09T14:21:10.2016418Z ##[group]Determining the checkout info
handle-success	Checkout code	2025-04-09T14:21:10.2017656Z ##[endgroup]
handle-success	Checkout code	2025-04-09T14:21:10.2027054Z [command]/usr/bin/git sparse-checkout disable
handle-success	Checkout code	2025-04-09T14:21:10.2109794Z [command]/usr/bin/git config --local --unset-all extensions.worktreeConfig
handle-success	Checkout code	2025-04-09T14:21:10.2150819Z ##[group]Checking out the ref
handle-success	Checkout code	2025-04-09T14:21:10.2158105Z [command]/usr/bin/git checkout --progress --force -B H220-web-de-resultados refs/remotes/origin/H220-web-de-resultados
handle-success	Checkout code	2025-04-09T14:21:10.2339785Z Warning: you are leaving 1 commit behind, not connected to
handle-success	Checkout code	2025-04-09T14:21:10.2340896Z any of your branches:
handle-success	Checkout code	2025-04-09T14:21:10.2341231Z 
handle-success	Checkout code	2025-04-09T14:21:10.2341630Z   b0243d8 [Ka0S] Uploading resume execution files to the repository...
handle-success	Checkout code	2025-04-09T14:21:10.2342583Z 
handle-success	Checkout code	2025-04-09T14:21:10.2342998Z If you want to keep it by creating a new branch, this may be a good time
handle-success	Checkout code	2025-04-09T14:21:10.2343798Z to do so with:
handle-success	Checkout code	2025-04-09T14:21:10.2344040Z 
handle-success	Checkout code	2025-04-09T14:21:10.2344262Z  git branch <new-branch-name> b0243d8
handle-success	Checkout code	2025-04-09T14:21:10.2344690Z 
handle-success	Checkout code	2025-04-09T14:21:10.2356878Z Switched to a new branch 'H220-web-de-resultados'
handle-success	Checkout code	2025-04-09T14:21:10.2362495Z branch 'H220-web-de-resultados' set up to track 'origin/H220-web-de-resultados'.
handle-success	Checkout code	2025-04-09T14:21:10.2375764Z ##[endgroup]
handle-success	Checkout code	2025-04-09T14:21:10.2444883Z [command]/usr/bin/git log -1 --format=%H
handle-success	Checkout code	2025-04-09T14:21:10.2484678Z 671d91484d05e108b35edcc255d4b42d57694ca4
handle-success	handle-success-execution	ï»¿2025-04-09T14:21:10.2897797Z ##[group]Run # Si todo ha ido correcto aÃ±adimos el contenido del fichero 
handle-success	handle-success-execution	2025-04-09T14:21:10.2899087Z [36;1m# Si todo ha ido correcto aÃ±adimos el contenido del fichero [0m
handle-success	handle-success-execution	2025-04-09T14:21:10.2900240Z [36;1mRNNUMBER=$(echo "refs/heads/H220-web-de-resultados" | grep -o '[0-9]*')[0m
handle-success	handle-success-execution	2025-04-09T14:21:10.2902659Z [36;1mgh issue comment $RNNUMBER --body "El proceso ha finalizado correctamente 14359169174. El resultado estÃ¡ en el fichero core/results/event_data14359169174.log"[0m
handle-success	handle-success-execution	2025-04-09T14:21:10.2924990Z shell: /usr/bin/bash -e {0}
handle-success	handle-success-execution	2025-04-09T14:21:10.2925557Z env:
handle-success	handle-success-execution	2025-04-09T14:21:10.2925940Z   KAOS_CODE: 14359169174
handle-success	handle-success-execution	2025-04-09T14:21:10.2926434Z   KAOS_EVENT_NAME: push
handle-success	handle-success-execution	2025-04-09T14:21:10.2926906Z   KAOS_ACTION: 
handle-success	handle-success-execution	2025-04-09T14:21:10.2927391Z   KAOS_REF: refs/heads/H220-web-de-resultados
handle-success	handle-success-execution	2025-04-09T14:21:10.2928069Z   KAOS_MODULE: [Ka0S] kaos
handle-success	handle-success-execution	2025-04-09T14:21:10.2928600Z   KAOS_PATH_RESUME: core/results/k/
handle-success	handle-success-execution	2025-04-09T14:21:10.2929209Z   KAOS_JSON: core/results/k/event_data_
handle-success	handle-success-execution	2025-04-09T14:21:10.2929805Z   KAOS_ACTOR: jh0ny2k2
handle-success	handle-success-execution	2025-04-09T14:21:10.2930655Z   GH_TOKEN: ***
handle-success	handle-success-execution	2025-04-09T14:21:10.2931067Z ##[endgroup]
handle-success	handle-success-execution	2025-04-09T14:21:13.1250135Z https://github.com/Ka0s-Klaus/ka0s/issues/220#issuecomment-2789910985
handle-success	Post Checkout code	ï»¿2025-04-09T14:21:13.1672853Z Post job cleanup.
handle-success	Post Checkout code	2025-04-09T14:21:13.3032658Z [command]/usr/bin/git version
handle-success	Post Checkout code	2025-04-09T14:21:13.3082235Z git version 2.48.1
handle-success	Post Checkout code	2025-04-09T14:21:13.3134147Z Copying '/home/kaos/.gitconfig' to '/actions-runner/_work/_temp/2c1a9f94-9aed-4b39-90a9-ea0b6bf664e9/.gitconfig'
handle-success	Post Checkout code	2025-04-09T14:21:13.3153982Z Temporarily overriding HOME='/actions-runner/_work/_temp/2c1a9f94-9aed-4b39-90a9-ea0b6bf664e9' before making global git config changes
handle-success	Post Checkout code	2025-04-09T14:21:13.3155287Z Adding repository directory to the temporary git global config as a safe directory
handle-success	Post Checkout code	2025-04-09T14:21:13.3162543Z [command]/usr/bin/git config --global --add safe.directory /actions-runner/_work/ka0s/ka0s
handle-success	Post Checkout code	2025-04-09T14:21:13.3217097Z [command]/usr/bin/git config --local --name-only --get-regexp core\.sshCommand
handle-success	Post Checkout code	2025-04-09T14:21:13.3279490Z [command]/usr/bin/git submodule foreach --recursive sh -c "git config --local --name-only --get-regexp 'core\.sshCommand' && git config --local --unset-all 'core.sshCommand' || :"
handle-success	Post Checkout code	2025-04-09T14:21:13.3667470Z [command]/usr/bin/git config --local --name-only --get-regexp http\.https\:\/\/github\.com\/\.extraheader
handle-success	Post Checkout code	2025-04-09T14:21:13.3705392Z http.https://github.com/.extraheader
handle-success	Post Checkout code	2025-04-09T14:21:13.3723816Z [command]/usr/bin/git config --local --unset-all http.https://github.com/.extraheader
handle-success	Post Checkout code	2025-04-09T14:21:13.3776702Z [command]/usr/bin/git submodule foreach --recursive sh -c "git config --local --name-only --get-regexp 'http\.https\:\/\/github\.com\/\.extraheader' && git config --local --unset-all 'http.https://github.com/.extraheader' || :"
handle-success	Complete job	ï»¿2025-04-09T14:21:13.4329925Z Cleaning up orphan processes
end-workflow	Set up job	ï»¿2025-04-09T14:22:15.9984558Z Current runner version: '2.323.0'
end-workflow	Set up job	2025-04-09T14:22:15.9994907Z Runner name: 'ka0s-1'
end-workflow	Set up job	2025-04-09T14:22:15.9996137Z Machine name: '419612ea1a87'
end-workflow	Set up job	2025-04-09T14:22:15.9999480Z ##[group]GITHUB_TOKEN Permissions
end-workflow	Set up job	2025-04-09T14:22:16.0083414Z Contents: read
end-workflow	Set up job	2025-04-09T14:22:16.0084104Z Metadata: read
end-workflow	Set up job	2025-04-09T14:22:16.0084645Z Packages: read
end-workflow	Set up job	2025-04-09T14:22:16.0085145Z ##[endgroup]
end-workflow	Set up job	2025-04-09T14:22:16.0087842Z Secret source: Actions
end-workflow	Set up job	2025-04-09T14:22:16.0088575Z Prepare workflow directory
end-workflow	Set up job	2025-04-09T14:22:16.0934819Z Prepare all required actions
end-workflow	Set up job	2025-04-09T14:22:16.0988208Z Getting action download info
end-workflow	Set up job	2025-04-09T14:22:16.8234151Z Download action repository 'actions/checkout@v4' (SHA:11bd71901bbe5b1630ceea73d27597364c9af683)
end-workflow	Set up job	2025-04-09T14:22:19.5247242Z Complete job name: end-workflow
end-workflow	Checkout code	ï»¿2025-04-09T14:22:19.6009014Z ##[group]Run actions/checkout@v4
end-workflow	Checkout code	2025-04-09T14:22:19.6010295Z with:
end-workflow	Checkout code	2025-04-09T14:22:19.6010845Z   fetch-depth: 0
end-workflow	Checkout code	2025-04-09T14:22:19.6011828Z   token: ***
end-workflow	Checkout code	2025-04-09T14:22:19.6012874Z   repository: Ka0s-Klaus/ka0s
end-workflow	Checkout code	2025-04-09T14:22:19.6014392Z   ssh-strict: true
end-workflow	Checkout code	2025-04-09T14:22:19.6014965Z   ssh-user: git
end-workflow	Checkout code	2025-04-09T14:22:19.6015533Z   persist-credentials: true
end-workflow	Checkout code	2025-04-09T14:22:19.6016154Z   clean: true
end-workflow	Checkout code	2025-04-09T14:22:19.6016717Z   sparse-checkout-cone-mode: true
end-workflow	Checkout code	2025-04-09T14:22:19.6017407Z   fetch-tags: false
end-workflow	Checkout code	2025-04-09T14:22:19.6017974Z   show-progress: true
end-workflow	Checkout code	2025-04-09T14:22:19.6018556Z   lfs: false
end-workflow	Checkout code	2025-04-09T14:22:19.6019077Z   submodules: false
end-workflow	Checkout code	2025-04-09T14:22:19.6019661Z   set-safe-directory: true
end-workflow	Checkout code	2025-04-09T14:22:19.6020841Z env:
end-workflow	Checkout code	2025-04-09T14:22:19.6021382Z   KAOS_CODE: 14359169174
end-workflow	Checkout code	2025-04-09T14:22:19.6021992Z   KAOS_EVENT_NAME: push
end-workflow	Checkout code	2025-04-09T14:22:19.6023028Z   KAOS_ACTION: 
end-workflow	Checkout code	2025-04-09T14:22:19.6023636Z   KAOS_REF: refs/heads/H220-web-de-resultados
end-workflow	Checkout code	2025-04-09T14:22:19.6024400Z   KAOS_MODULE: [Ka0S] kaos
end-workflow	Checkout code	2025-04-09T14:22:19.6025121Z   KAOS_PATH_RESUME: core/results/k/
end-workflow	Checkout code	2025-04-09T14:22:19.6025854Z   KAOS_JSON: core/results/k/event_data_
end-workflow	Checkout code	2025-04-09T14:22:19.6026566Z   KAOS_ACTOR: jh0ny2k2
end-workflow	Checkout code	2025-04-09T14:22:19.6027426Z   GH_TOKEN: ***
end-workflow	Checkout code	2025-04-09T14:22:19.6027978Z ##[endgroup]
end-workflow	Checkout code	2025-04-09T14:22:19.7596704Z Syncing repository: Ka0s-Klaus/ka0s
end-workflow	Checkout code	2025-04-09T14:22:19.7599656Z ##[group]Getting Git version info
end-workflow	Checkout code	2025-04-09T14:22:19.7600750Z Working directory is '/actions-runner/_work/ka0s/ka0s'
end-workflow	Checkout code	2025-04-09T14:22:19.7602501Z [command]/usr/bin/git version
end-workflow	Checkout code	2025-04-09T14:22:19.7603258Z git version 2.48.1
end-workflow	Checkout code	2025-04-09T14:22:19.7605685Z ##[endgroup]
end-workflow	Checkout code	2025-04-09T14:22:19.7614795Z Copying '/home/kaos/.gitconfig' to '/actions-runner/_work/_temp/010dacb4-5f1c-4a8a-b019-781cb5eb04c8/.gitconfig'
end-workflow	Checkout code	2025-04-09T14:22:19.7618919Z Temporarily overriding HOME='/actions-runner/_work/_temp/010dacb4-5f1c-4a8a-b019-781cb5eb04c8' before making global git config changes
end-workflow	Checkout code	2025-04-09T14:22:19.7623633Z Adding repository directory to the temporary git global config as a safe directory
end-workflow	Checkout code	2025-04-09T14:22:19.7625403Z [command]/usr/bin/git config --global --add safe.directory /actions-runner/_work/ka0s/ka0s
end-workflow	Checkout code	2025-04-09T14:22:19.7682366Z [command]/usr/bin/git config --local --get remote.origin.url
end-workflow	Checkout code	2025-04-09T14:22:19.7712918Z https://github.com/Ka0s-Klaus/ka0s
end-workflow	Checkout code	2025-04-09T14:22:19.7738710Z ##[group]Removing previously created refs, to avoid conflicts
end-workflow	Checkout code	2025-04-09T14:22:19.7745810Z [command]/usr/bin/git rev-parse --symbolic-full-name --verify --quiet HEAD
end-workflow	Checkout code	2025-04-09T14:22:19.7778522Z refs/heads/H220-web-de-resultados
end-workflow	Checkout code	2025-04-09T14:22:19.7796687Z [command]/usr/bin/git checkout --detach
end-workflow	Checkout code	2025-04-09T14:22:19.7939136Z HEAD is now at b0243d8 [Ka0S] Uploading resume execution files to the repository...
end-workflow	Checkout code	2025-04-09T14:22:19.8010261Z [command]/usr/bin/git branch --delete --force H220-web-de-resultados
end-workflow	Checkout code	2025-04-09T14:22:19.8052621Z Deleted branch H220-web-de-resultados (was b0243d8).
end-workflow	Checkout code	2025-04-09T14:22:19.8146532Z ##[endgroup]
end-workflow	Checkout code	2025-04-09T14:22:19.8149980Z [command]/usr/bin/git submodule status
end-workflow	Checkout code	2025-04-09T14:22:19.8520645Z ##[group]Cleaning the repository
end-workflow	Checkout code	2025-04-09T14:22:19.8528657Z [command]/usr/bin/git clean -ffdx
end-workflow	Checkout code	2025-04-09T14:22:19.8607224Z [command]/usr/bin/git reset --hard HEAD
end-workflow	Checkout code	2025-04-09T14:22:19.8823674Z HEAD is now at b0243d8 [Ka0S] Uploading resume execution files to the repository...
end-workflow	Checkout code	2025-04-09T14:22:19.8833644Z ##[endgroup]
end-workflow	Checkout code	2025-04-09T14:22:19.8835283Z ##[group]Disabling automatic garbage collection
end-workflow	Checkout code	2025-04-09T14:22:19.8842356Z [command]/usr/bin/git config --local gc.auto 0
end-workflow	Checkout code	2025-04-09T14:22:19.8884537Z ##[endgroup]
end-workflow	Checkout code	2025-04-09T14:22:19.8885660Z ##[group]Setting up auth
end-workflow	Checkout code	2025-04-09T14:22:19.8895012Z [command]/usr/bin/git config --local --name-only --get-regexp core\.sshCommand
end-workflow	Checkout code	2025-04-09T14:22:19.8943347Z [command]/usr/bin/git submodule foreach --recursive sh -c "git config --local --name-only --get-regexp 'core\.sshCommand' && git config --local --unset-all 'core.sshCommand' || :"
end-workflow	Checkout code	2025-04-09T14:22:19.9318342Z [command]/usr/bin/git config --local --name-only --get-regexp http\.https\:\/\/github\.com\/\.extraheader
end-workflow	Checkout code	2025-04-09T14:22:19.9364319Z [command]/usr/bin/git submodule foreach --recursive sh -c "git config --local --name-only --get-regexp 'http\.https\:\/\/github\.com\/\.extraheader' && git config --local --unset-all 'http.https://github.com/.extraheader' || :"
end-workflow	Checkout code	2025-04-09T14:22:19.9763270Z [command]/usr/bin/git config --local http.https://github.com/.extraheader AUTHORIZATION: basic ***
end-workflow	Checkout code	2025-04-09T14:22:19.9823651Z ##[endgroup]
end-workflow	Checkout code	2025-04-09T14:22:19.9824641Z ##[group]Fetching the repository
end-workflow	Checkout code	2025-04-09T14:22:19.9835658Z [command]/usr/bin/git -c protocol.version=2 fetch --prune --no-recurse-submodules origin +refs/heads/*:refs/remotes/origin/* +refs/tags/*:refs/tags/*
end-workflow	Checkout code	2025-04-09T14:22:21.1694667Z From https://github.com/Ka0s-Klaus/ka0s
end-workflow	Checkout code	2025-04-09T14:22:21.1699683Z    6e77690..9d0fdc3  main       -> origin/main
end-workflow	Checkout code	2025-04-09T14:22:21.1781709Z [command]/usr/bin/git branch --list --remote origin/H220-web-de-resultados
end-workflow	Checkout code	2025-04-09T14:22:21.1831536Z   origin/H220-web-de-resultados
end-workflow	Checkout code	2025-04-09T14:22:21.1843627Z [command]/usr/bin/git rev-parse refs/remotes/origin/H220-web-de-resultados
end-workflow	Checkout code	2025-04-09T14:22:21.1875000Z b0243d816915e8e70b772ba2c5e752af8863fa74
end-workflow	Checkout code	2025-04-09T14:22:21.1894824Z [command]/usr/bin/git -c protocol.version=2 fetch --no-tags --prune --no-recurse-submodules origin +671d91484d05e108b35edcc255d4b42d57694ca4:refs/remotes/origin/H220-web-de-resultados
end-workflow	Checkout code	2025-04-09T14:22:21.9520992Z From https://github.com/Ka0s-Klaus/ka0s
end-workflow	Checkout code	2025-04-09T14:22:21.9523334Z  + b0243d8...671d914 671d91484d05e108b35edcc255d4b42d57694ca4 -> origin/H220-web-de-resultados  (forced update)
end-workflow	Checkout code	2025-04-09T14:22:21.9600907Z ##[endgroup]
end-workflow	Checkout code	2025-04-09T14:22:21.9602928Z ##[group]Determining the checkout info
end-workflow	Checkout code	2025-04-09T14:22:21.9604565Z ##[endgroup]
end-workflow	Checkout code	2025-04-09T14:22:21.9607428Z [command]/usr/bin/git sparse-checkout disable
end-workflow	Checkout code	2025-04-09T14:22:21.9689827Z [command]/usr/bin/git config --local --unset-all extensions.worktreeConfig
end-workflow	Checkout code	2025-04-09T14:22:21.9733550Z ##[group]Checking out the ref
end-workflow	Checkout code	2025-04-09T14:22:21.9744008Z [command]/usr/bin/git checkout --progress --force -B H220-web-de-resultados refs/remotes/origin/H220-web-de-resultados
end-workflow	Checkout code	2025-04-09T14:22:22.0021653Z Warning: you are leaving 1 commit behind, not connected to
end-workflow	Checkout code	2025-04-09T14:22:22.0024283Z any of your branches:
end-workflow	Checkout code	2025-04-09T14:22:22.0026701Z 
end-workflow	Checkout code	2025-04-09T14:22:22.0027831Z   b0243d8 [Ka0S] Uploading resume execution files to the repository...
end-workflow	Checkout code	2025-04-09T14:22:22.0028723Z 
end-workflow	Checkout code	2025-04-09T14:22:22.0029220Z If you want to keep it by creating a new branch, this may be a good time
end-workflow	Checkout code	2025-04-09T14:22:22.0030255Z to do so with:
end-workflow	Checkout code	2025-04-09T14:22:22.0030693Z 
end-workflow	Checkout code	2025-04-09T14:22:22.0031049Z  git branch <new-branch-name> b0243d8
end-workflow	Checkout code	2025-04-09T14:22:22.0031542Z 
end-workflow	Checkout code	2025-04-09T14:22:22.0039043Z Switched to a new branch 'H220-web-de-resultados'
end-workflow	Checkout code	2025-04-09T14:22:22.0047591Z branch 'H220-web-de-resultados' set up to track 'origin/H220-web-de-resultados'.
end-workflow	Checkout code	2025-04-09T14:22:22.0060536Z ##[endgroup]
end-workflow	Checkout code	2025-04-09T14:22:22.0126243Z [command]/usr/bin/git log -1 --format=%H
end-workflow	Checkout code	2025-04-09T14:22:22.0169043Z 671d91484d05e108b35edcc255d4b42d57694ca4
end-workflow	Finaliza el workflow	ï»¿2025-04-09T14:22:22.0602898Z ##[group]Run echo "End process"
end-workflow	Finaliza el workflow	2025-04-09T14:22:22.0603531Z [36;1mecho "End process"[0m
end-workflow	Finaliza el workflow	2025-04-09T14:22:22.0604121Z [36;1mRNNUMBER=$(echo "refs/heads/H220-web-de-resultados" | grep -o '[0-9]*')[0m
end-workflow	Finaliza el workflow	2025-04-09T14:22:22.0605249Z [36;1mgh issue comment $RNNUMBER --body "Se finaliza Ka0s 14359169174"[0m
end-workflow	Finaliza el workflow	2025-04-09T14:22:22.0606204Z [36;1mgh workflow run inspector.yml --ref 'main' -f kaos-issue-id=$RNNUMBER -f kaos-workflow-id="14359169174" -f kaos-user-start=""[0m
end-workflow	Finaliza el workflow	2025-04-09T14:22:22.0621795Z shell: /usr/bin/bash -e {0}
end-workflow	Finaliza el workflow	2025-04-09T14:22:22.0622523Z env:
end-workflow	Finaliza el workflow	2025-04-09T14:22:22.0622988Z   KAOS_CODE: 14359169174
end-workflow	Finaliza el workflow	2025-04-09T14:22:22.0623350Z   KAOS_EVENT_NAME: push
end-workflow	Finaliza el workflow	2025-04-09T14:22:22.0623690Z   KAOS_ACTION: 
end-workflow	Finaliza el workflow	2025-04-09T14:22:22.0624067Z   KAOS_REF: refs/heads/H220-web-de-resultados
end-workflow	Finaliza el workflow	2025-04-09T14:22:22.0624502Z   KAOS_MODULE: [Ka0S] kaos
end-workflow	Finaliza el workflow	2025-04-09T14:22:22.0624875Z   KAOS_PATH_RESUME: core/results/k/
end-workflow	Finaliza el workflow	2025-04-09T14:22:22.0625381Z   KAOS_JSON: core/results/k/event_data_
end-workflow	Finaliza el workflow	2025-04-09T14:22:22.0625848Z   KAOS_ACTOR: jh0ny2k2
end-workflow	Finaliza el workflow	2025-04-09T14:22:22.0626687Z   GH_TOKEN: ***
end-workflow	Finaliza el workflow	2025-04-09T14:22:22.0627003Z ##[endgroup]
end-workflow	Finaliza el workflow	2025-04-09T14:22:22.0698001Z End process
end-workflow	Finaliza el workflow	2025-04-09T14:22:23.4138417Z https://github.com/Ka0s-Klaus/ka0s/issues/220#issuecomment-2789914631
end-workflow	Post Checkout code	ï»¿2025-04-09T14:22:24.4765856Z Post job cleanup.
end-workflow	Post Checkout code	2025-04-09T14:22:24.6062299Z [command]/usr/bin/git version
end-workflow	Post Checkout code	2025-04-09T14:22:24.6111899Z git version 2.48.1
end-workflow	Post Checkout code	2025-04-09T14:22:24.6165410Z Copying '/home/kaos/.gitconfig' to '/actions-runner/_work/_temp/429b63be-0295-4618-a8d9-54eb5cd00b48/.gitconfig'
end-workflow	Post Checkout code	2025-04-09T14:22:24.6184065Z Temporarily overriding HOME='/actions-runner/_work/_temp/429b63be-0295-4618-a8d9-54eb5cd00b48' before making global git config changes
end-workflow	Post Checkout code	2025-04-09T14:22:24.6185304Z Adding repository directory to the temporary git global config as a safe directory
end-workflow	Post Checkout code	2025-04-09T14:22:24.6195713Z [command]/usr/bin/git config --global --add safe.directory /actions-runner/_work/ka0s/ka0s
end-workflow	Post Checkout code	2025-04-09T14:22:24.6250851Z [command]/usr/bin/git config --local --name-only --get-regexp core\.sshCommand
end-workflow	Post Checkout code	2025-04-09T14:22:24.6312275Z [command]/usr/bin/git submodule foreach --recursive sh -c "git config --local --name-only --get-regexp 'core\.sshCommand' && git config --local --unset-all 'core.sshCommand' || :"
end-workflow	Post Checkout code	2025-04-09T14:22:24.6700105Z [command]/usr/bin/git config --local --name-only --get-regexp http\.https\:\/\/github\.com\/\.extraheader
end-workflow	Post Checkout code	2025-04-09T14:22:24.6733899Z http.https://github.com/.extraheader
end-workflow	Post Checkout code	2025-04-09T14:22:24.6752304Z [command]/usr/bin/git config --local --unset-all http.https://github.com/.extraheader
end-workflow	Post Checkout code	2025-04-09T14:22:24.6802353Z [command]/usr/bin/git submodule foreach --recursive sh -c "git config --local --name-only --get-regexp 'http\.https\:\/\/github\.com\/\.extraheader' && git config --local --unset-all 'http.https://github.com/.extraheader' || :"
end-workflow	Complete job	ï»¿2025-04-09T14:22:24.7319536Z Cleaning up orphan processes
