job-core	Set up job	﻿2025-04-09T10:18:53.6944453Z Current runner version: '2.323.0'
job-core	Set up job	2025-04-09T10:18:53.6958782Z Runner name: 'ka0s-1'
job-core	Set up job	2025-04-09T10:18:53.6960271Z Machine name: '419612ea1a87'
job-core	Set up job	2025-04-09T10:18:53.6965403Z ##[group]GITHUB_TOKEN Permissions
job-core	Set up job	2025-04-09T10:18:53.6969304Z Actions: write
job-core	Set up job	2025-04-09T10:18:53.6970068Z Contents: write
job-core	Set up job	2025-04-09T10:18:53.6970916Z Issues: write
job-core	Set up job	2025-04-09T10:18:53.6971686Z Metadata: read
job-core	Set up job	2025-04-09T10:18:53.6972513Z PullRequests: write
job-core	Set up job	2025-04-09T10:18:53.6973313Z ##[endgroup]
job-core	Set up job	2025-04-09T10:18:53.6977625Z Secret source: Actions
job-core	Set up job	2025-04-09T10:18:53.6978731Z Prepare workflow directory
job-core	Set up job	2025-04-09T10:18:53.7921307Z Prepare all required actions
job-core	Set up job	2025-04-09T10:18:53.7976706Z Getting action download info
job-core	Set up job	2025-04-09T10:18:54.5666780Z Download action repository 'actions/checkout@v4' (SHA:11bd71901bbe5b1630ceea73d27597364c9af683)
job-core	Set up job	2025-04-09T10:18:58.0959144Z Download action repository 'actions/setup-node@v2' (SHA:7c12f8017d5436eb855f1ed4399f037a36fbd9e8)
job-core	Set up job	2025-04-09T10:19:03.4492831Z Complete job name: job-core
job-core	Checkout code	﻿2025-04-09T10:19:03.5249051Z ##[group]Run actions/checkout@v4
job-core	Checkout code	2025-04-09T10:19:03.5250032Z with:
job-core	Checkout code	2025-04-09T10:19:03.5250359Z   fetch-depth: 0
job-core	Checkout code	2025-04-09T10:19:03.5251145Z   token: ***
job-core	Checkout code	2025-04-09T10:19:03.5251480Z   repository: Ka0s-Klaus/ka0s
job-core	Checkout code	2025-04-09T10:19:03.5279173Z   ssh-strict: true
job-core	Checkout code	2025-04-09T10:19:03.5279814Z   ssh-user: git
job-core	Checkout code	2025-04-09T10:19:03.5280146Z   persist-credentials: true
job-core	Checkout code	2025-04-09T10:19:03.5280506Z   clean: true
job-core	Checkout code	2025-04-09T10:19:03.5280832Z   sparse-checkout-cone-mode: true
job-core	Checkout code	2025-04-09T10:19:03.5281220Z   fetch-tags: false
job-core	Checkout code	2025-04-09T10:19:03.5281593Z   show-progress: true
job-core	Checkout code	2025-04-09T10:19:03.5281951Z   lfs: false
job-core	Checkout code	2025-04-09T10:19:03.5282516Z   submodules: false
job-core	Checkout code	2025-04-09T10:19:03.5282852Z   set-safe-directory: true
job-core	Checkout code	2025-04-09T10:19:03.5284142Z env:
job-core	Checkout code	2025-04-09T10:19:03.5284480Z   KAOS_MODULE: [Ka0S] HTMLLINT
job-core	Checkout code	2025-04-09T10:19:03.5285164Z   GH_TOKEN: ***
job-core	Checkout code	2025-04-09T10:19:03.5285543Z   KAOS_HTMLLINT_CONFIG: core/config/.htmllintrc
job-core	Checkout code	2025-04-09T10:19:03.5285997Z   KAOS_PATH_RESUME: core/outputs/h/
job-core	Checkout code	2025-04-09T10:19:03.5286528Z   KAOS_REPO: /actions-runner/_work/kaos/kaos
job-core	Checkout code	2025-04-09T10:19:03.5286953Z   KAOS_STEP_MODULE: 
job-core	Checkout code	2025-04-09T10:19:03.5287289Z   KAOS_CODE: 14354689900
job-core	Checkout code	2025-04-09T10:19:03.5287635Z   KAOS_REF_BRANCH: main
job-core	Checkout code	2025-04-09T10:19:03.5287966Z ##[endgroup]
job-core	Checkout code	2025-04-09T10:19:03.6956732Z Syncing repository: Ka0s-Klaus/ka0s
job-core	Checkout code	2025-04-09T10:19:03.6960606Z ##[group]Getting Git version info
job-core	Checkout code	2025-04-09T10:19:03.6962229Z Working directory is '/actions-runner/_work/ka0s/ka0s'
job-core	Checkout code	2025-04-09T10:19:03.6963150Z [command]/usr/bin/git version
job-core	Checkout code	2025-04-09T10:19:03.6963604Z git version 2.48.1
job-core	Checkout code	2025-04-09T10:19:03.7013648Z ##[endgroup]
job-core	Checkout code	2025-04-09T10:19:03.7030976Z Copying '/home/kaos/.gitconfig' to '/actions-runner/_work/_temp/1058406e-4d4c-45fc-ae23-f2a6b697d417/.gitconfig'
job-core	Checkout code	2025-04-09T10:19:03.7052787Z Temporarily overriding HOME='/actions-runner/_work/_temp/1058406e-4d4c-45fc-ae23-f2a6b697d417' before making global git config changes
job-core	Checkout code	2025-04-09T10:19:03.7062779Z Adding repository directory to the temporary git global config as a safe directory
job-core	Checkout code	2025-04-09T10:19:03.7064264Z [command]/usr/bin/git config --global --add safe.directory /actions-runner/_work/ka0s/ka0s
job-core	Checkout code	2025-04-09T10:19:03.7140044Z [command]/usr/bin/git config --local --get remote.origin.url
job-core	Checkout code	2025-04-09T10:19:03.7172672Z https://github.com/Ka0s-Klaus/ka0s
job-core	Checkout code	2025-04-09T10:19:03.7203675Z ##[group]Removing previously created refs, to avoid conflicts
job-core	Checkout code	2025-04-09T10:19:03.7211354Z [command]/usr/bin/git rev-parse --symbolic-full-name --verify --quiet HEAD
job-core	Checkout code	2025-04-09T10:19:03.7244160Z refs/heads/H220-web-de-resultados
job-core	Checkout code	2025-04-09T10:19:03.7262953Z [command]/usr/bin/git checkout --detach
job-core	Checkout code	2025-04-09T10:19:03.7412827Z HEAD is now at a9feb35 Actions performance responsive
job-core	Checkout code	2025-04-09T10:19:03.7491312Z [command]/usr/bin/git branch --delete --force H220-web-de-resultados
job-core	Checkout code	2025-04-09T10:19:03.7534219Z Deleted branch H220-web-de-resultados (was a9feb35).
job-core	Checkout code	2025-04-09T10:19:03.7628997Z ##[endgroup]
job-core	Checkout code	2025-04-09T10:19:03.7636141Z [command]/usr/bin/git submodule status
job-core	Checkout code	2025-04-09T10:19:03.8088215Z ##[group]Cleaning the repository
job-core	Checkout code	2025-04-09T10:19:03.8089987Z [command]/usr/bin/git clean -ffdx
job-core	Checkout code	2025-04-09T10:19:03.8164136Z [command]/usr/bin/git reset --hard HEAD
job-core	Checkout code	2025-04-09T10:19:03.8376900Z HEAD is now at a9feb35 Actions performance responsive
job-core	Checkout code	2025-04-09T10:19:03.8384383Z ##[endgroup]
job-core	Checkout code	2025-04-09T10:19:03.8387946Z ##[group]Disabling automatic garbage collection
job-core	Checkout code	2025-04-09T10:19:03.8395538Z [command]/usr/bin/git config --local gc.auto 0
job-core	Checkout code	2025-04-09T10:19:03.8443793Z ##[endgroup]
job-core	Checkout code	2025-04-09T10:19:03.8445264Z ##[group]Setting up auth
job-core	Checkout code	2025-04-09T10:19:03.8455609Z [command]/usr/bin/git config --local --name-only --get-regexp core\.sshCommand
job-core	Checkout code	2025-04-09T10:19:03.8530899Z [command]/usr/bin/git submodule foreach --recursive sh -c "git config --local --name-only --get-regexp 'core\.sshCommand' && git config --local --unset-all 'core.sshCommand' || :"
job-core	Checkout code	2025-04-09T10:19:03.9064143Z [command]/usr/bin/git config --local --name-only --get-regexp http\.https\:\/\/github\.com\/\.extraheader
job-core	Checkout code	2025-04-09T10:19:03.9138941Z [command]/usr/bin/git submodule foreach --recursive sh -c "git config --local --name-only --get-regexp 'http\.https\:\/\/github\.com\/\.extraheader' && git config --local --unset-all 'http.https://github.com/.extraheader' || :"
job-core	Checkout code	2025-04-09T10:19:03.9740455Z [command]/usr/bin/git config --local http.https://github.com/.extraheader AUTHORIZATION: basic ***
job-core	Checkout code	2025-04-09T10:19:03.9839208Z ##[endgroup]
job-core	Checkout code	2025-04-09T10:19:03.9842975Z ##[group]Fetching the repository
job-core	Checkout code	2025-04-09T10:19:03.9858048Z [command]/usr/bin/git -c protocol.version=2 fetch --prune --no-recurse-submodules origin +refs/heads/*:refs/remotes/origin/* +refs/tags/*:refs/tags/*
job-core	Checkout code	2025-04-09T10:19:04.9426903Z From https://github.com/Ka0s-Klaus/ka0s
job-core	Checkout code	2025-04-09T10:19:04.9428529Z    a9feb35..5156c5c  H220-web-de-resultados -> origin/H220-web-de-resultados
job-core	Checkout code	2025-04-09T10:19:04.9659719Z [command]/usr/bin/git branch --list --remote origin/H220-web-de-resultados
job-core	Checkout code	2025-04-09T10:19:04.9729879Z   origin/H220-web-de-resultados
job-core	Checkout code	2025-04-09T10:19:04.9755359Z [command]/usr/bin/git rev-parse refs/remotes/origin/H220-web-de-resultados
job-core	Checkout code	2025-04-09T10:19:04.9808393Z 5156c5cda24f892249e335190229f8a50b63c74c
job-core	Checkout code	2025-04-09T10:19:04.9832252Z [command]/usr/bin/git -c protocol.version=2 fetch --no-tags --prune --no-recurse-submodules origin +a4a19e313fb220677d6976478a198f7b5e522139:refs/remotes/origin/H220-web-de-resultados
job-core	Checkout code	2025-04-09T10:19:05.8238822Z From https://github.com/Ka0s-Klaus/ka0s
job-core	Checkout code	2025-04-09T10:19:05.8240997Z  + 5156c5c...a4a19e3 a4a19e313fb220677d6976478a198f7b5e522139 -> origin/H220-web-de-resultados  (forced update)
job-core	Checkout code	2025-04-09T10:19:05.8334259Z ##[endgroup]
job-core	Checkout code	2025-04-09T10:19:05.8335237Z ##[group]Determining the checkout info
job-core	Checkout code	2025-04-09T10:19:05.8374327Z ##[endgroup]
job-core	Checkout code	2025-04-09T10:19:05.8379692Z [command]/usr/bin/git sparse-checkout disable
job-core	Checkout code	2025-04-09T10:19:05.8436920Z [command]/usr/bin/git config --local --unset-all extensions.worktreeConfig
job-core	Checkout code	2025-04-09T10:19:05.8480651Z ##[group]Checking out the ref
job-core	Checkout code	2025-04-09T10:19:05.8490191Z [command]/usr/bin/git checkout --progress --force -B H220-web-de-resultados refs/remotes/origin/H220-web-de-resultados
job-core	Checkout code	2025-04-09T10:19:05.8828415Z Previous HEAD position was a9feb35 Actions performance responsive
job-core	Checkout code	2025-04-09T10:19:05.8842437Z Switched to a new branch 'H220-web-de-resultados'
job-core	Checkout code	2025-04-09T10:19:05.8848528Z branch 'H220-web-de-resultados' set up to track 'origin/H220-web-de-resultados'.
job-core	Checkout code	2025-04-09T10:19:05.8860675Z ##[endgroup]
job-core	Checkout code	2025-04-09T10:19:05.8928671Z [command]/usr/bin/git log -1 --format=%H
job-core	Checkout code	2025-04-09T10:19:05.8983412Z a4a19e313fb220677d6976478a198f7b5e522139
job-core	Install Node.js	﻿2025-04-09T10:19:05.9325478Z ##[group]Run actions/setup-node@v2
job-core	Install Node.js	2025-04-09T10:19:05.9325914Z with:
job-core	Install Node.js	2025-04-09T10:19:05.9326159Z   node-version: 14
job-core	Install Node.js	2025-04-09T10:19:05.9326428Z   always-auth: false
job-core	Install Node.js	2025-04-09T10:19:05.9326730Z   check-latest: false
job-core	Install Node.js	2025-04-09T10:19:05.9327267Z   token: ***
job-core	Install Node.js	2025-04-09T10:19:05.9327501Z env:
job-core	Install Node.js	2025-04-09T10:19:05.9327741Z   KAOS_MODULE: [Ka0S] HTMLLINT
job-core	Install Node.js	2025-04-09T10:19:05.9328175Z   GH_TOKEN: ***
job-core	Install Node.js	2025-04-09T10:19:05.9328474Z   KAOS_HTMLLINT_CONFIG: core/config/.htmllintrc
job-core	Install Node.js	2025-04-09T10:19:05.9329204Z   KAOS_PATH_RESUME: core/outputs/h/
job-core	Install Node.js	2025-04-09T10:19:05.9329584Z   KAOS_REPO: /actions-runner/_work/kaos/kaos
job-core	Install Node.js	2025-04-09T10:19:05.9329952Z   KAOS_STEP_MODULE: 
job-core	Install Node.js	2025-04-09T10:19:05.9330232Z   KAOS_CODE: 14354689900
job-core	Install Node.js	2025-04-09T10:19:05.9330568Z   KAOS_REF_BRANCH: main
job-core	Install Node.js	2025-04-09T10:19:05.9330883Z ##[endgroup]
job-core	Install Node.js	2025-04-09T10:19:06.1841469Z Found in cache @ /actions-runner/_work/_tool/node/14.21.3/x64
job-core	Install htmllint	﻿2025-04-09T10:19:06.2020311Z ##[group]Run if ! command -v htmllint &> /dev/null; then
job-core	Install htmllint	2025-04-09T10:19:06.2021014Z [36;1mif ! command -v htmllint &> /dev/null; then[0m
job-core	Install htmllint	2025-04-09T10:19:06.2021442Z [36;1m  echo "Installing htmllint..."[0m
job-core	Install htmllint	2025-04-09T10:19:06.2021825Z [36;1m  npm install -g htmllint-cli[0m
job-core	Install htmllint	2025-04-09T10:19:06.2022321Z [36;1melse[0m
job-core	Install htmllint	2025-04-09T10:19:06.2022697Z [36;1m  echo "htmllint already installed, skipping installation"[0m
job-core	Install htmllint	2025-04-09T10:19:06.2023165Z [36;1mfi[0m
job-core	Install htmllint	2025-04-09T10:19:06.2023439Z [36;1mmkdir -p core/outputs/h/[0m
job-core	Install htmllint	2025-04-09T10:19:06.2043329Z shell: /usr/bin/bash -e {0}
job-core	Install htmllint	2025-04-09T10:19:06.2043880Z env:
job-core	Install htmllint	2025-04-09T10:19:06.2044487Z   KAOS_MODULE: [Ka0S] HTMLLINT
job-core	Install htmllint	2025-04-09T10:19:06.2045236Z   GH_TOKEN: ***
job-core	Install htmllint	2025-04-09T10:19:06.2045685Z   KAOS_HTMLLINT_CONFIG: core/config/.htmllintrc
job-core	Install htmllint	2025-04-09T10:19:06.2046326Z   KAOS_PATH_RESUME: core/outputs/h/
job-core	Install htmllint	2025-04-09T10:19:06.2046866Z   KAOS_REPO: /actions-runner/_work/kaos/kaos
job-core	Install htmllint	2025-04-09T10:19:06.2047342Z   KAOS_STEP_MODULE: 
job-core	Install htmllint	2025-04-09T10:19:06.2048027Z   KAOS_CODE: 14354689900
job-core	Install htmllint	2025-04-09T10:19:06.2048512Z   KAOS_REF_BRANCH: main
job-core	Install htmllint	2025-04-09T10:19:06.2048980Z ##[endgroup]
job-core	Install htmllint	2025-04-09T10:19:06.2145772Z htmllint already installed, skipping installation
job-core	Check HTML	﻿2025-04-09T10:19:06.2216571Z ##[group]Run file_name=$(basename "core/dashboard/templates/handlerSuccess.html")
job-core	Check HTML	2025-04-09T10:19:06.2217692Z [36;1mfile_name=$(basename "core/dashboard/templates/handlerSuccess.html")[0m
job-core	Check HTML	2025-04-09T10:19:06.2218500Z [36;1mtouch core/outputs/h/htmllint-results-14354689900.txt[0m
job-core	Check HTML	2025-04-09T10:19:06.2219665Z [36;1mhtmllint --rc core/config/.htmllintrc core/dashboard/templates/handlerSuccess.html > core/outputs/h/htmllint-results-14354689900.txt || true[0m
job-core	Check HTML	2025-04-09T10:19:06.2220946Z [36;1mcat core/outputs/h/htmllint-results-14354689900.txt[0m
job-core	Check HTML	2025-04-09T10:19:06.2221689Z [36;1mif [ ! -s core/outputs/h/htmllint-results-14354689900.txt ]; then[0m
job-core	Check HTML	2025-04-09T10:19:06.2222759Z [36;1m  echo "File core/outputs/h/htmllint-results-14354689900.txt is empty and content is correct"[0m
job-core	Check HTML	2025-04-09T10:19:06.2224727Z [36;1m  KAOS_ISSUE_BODY="The [Ka0S] HTMLLINT process (14352632982) launched the check (14354689900) over file (core/dashboard/templates/handlerSuccess.html) and its result has been SUCCESS. Please review all files implicated in pull request and approve to merge."[0m
job-core	Check HTML	2025-04-09T10:19:06.2226585Z [36;1m  gh issue comment 220 -F core/outputs/h/htmllint-results-14354689900.txt[0m
job-core	Check HTML	2025-04-09T10:19:06.2227287Z [36;1melse[0m
job-core	Check HTML	2025-04-09T10:19:06.2228061Z [36;1m  echo "File core/outputs/h/htmllint-results-14354689900.txt is not empty and content is incorrect"[0m
job-core	Check HTML	2025-04-09T10:19:06.2229718Z [36;1m  KAOS_ISSUE_BODY="The [Ka0S] HTMLLINT process (14352632982) launched the check (14354689900) over file (core/dashboard/templates/handlerSuccess.html) and its result has been FAILED. Please check and resolve the issues."[0m
job-core	Check HTML	2025-04-09T10:19:06.2231522Z [36;1m  gh issue comment 220 -F core/outputs/h/htmllint-results-14354689900.txt[0m
job-core	Check HTML	2025-04-09T10:19:06.2232654Z [36;1mfi[0m
job-core	Check HTML	2025-04-09T10:19:06.2244129Z shell: /usr/bin/bash -e {0}
job-core	Check HTML	2025-04-09T10:19:06.2244698Z env:
job-core	Check HTML	2025-04-09T10:19:06.2245240Z   KAOS_MODULE: [Ka0S] HTMLLINT
job-core	Check HTML	2025-04-09T10:19:06.2341830Z   GH_TOKEN: ***
job-core	Check HTML	2025-04-09T10:19:06.2342510Z   KAOS_HTMLLINT_CONFIG: core/config/.htmllintrc
job-core	Check HTML	2025-04-09T10:19:06.2343165Z   KAOS_PATH_RESUME: core/outputs/h/
job-core	Check HTML	2025-04-09T10:19:06.2343992Z   KAOS_REPO: /actions-runner/_work/kaos/kaos
job-core	Check HTML	2025-04-09T10:19:06.2344507Z   KAOS_STEP_MODULE: 
job-core	Check HTML	2025-04-09T10:19:06.2344958Z   KAOS_CODE: 14354689900
job-core	Check HTML	2025-04-09T10:19:06.2345485Z   KAOS_REF_BRANCH: main
job-core	Check HTML	2025-04-09T10:19:06.2346477Z ##[endgroup]
job-core	Check HTML	2025-04-09T10:19:06.7533438Z core/dashboard/templates/handlerSuccess.html: line 43, col 124, line length should not exceed 120 characters (current: 124)
job-core	Check HTML	2025-04-09T10:19:06.7535911Z core/dashboard/templates/handlerSuccess.html: line 44, col 124, line length should not exceed 120 characters (current: 124)
job-core	Check HTML	2025-04-09T10:19:06.7538247Z core/dashboard/templates/handlerSuccess.html: line 45, col 130, line length should not exceed 120 characters (current: 130)
job-core	Check HTML	2025-04-09T10:19:06.7540681Z core/dashboard/templates/handlerSuccess.html: line 46, col 122, line length should not exceed 120 characters (current: 122)
job-core	Check HTML	2025-04-09T10:19:06.7604763Z core/dashboard/templates/handlerSuccess.html: line 56, col 128, line length should not exceed 120 characters (current: 128)
job-core	Check HTML	2025-04-09T10:19:06.7607825Z core/dashboard/templates/handlerSuccess.html: line 70, col 210, line length should not exceed 120 characters (current: 210)
job-core	Check HTML	2025-04-09T10:19:06.7610152Z core/dashboard/templates/handlerSuccess.html: line 74, col 171, line length should not exceed 120 characters (current: 171)
job-core	Check HTML	2025-04-09T10:19:06.7612610Z core/dashboard/templates/handlerSuccess.html: line 76, col 164, line length should not exceed 120 characters (current: 164)
job-core	Check HTML	2025-04-09T10:19:06.7614690Z core/dashboard/templates/handlerSuccess.html: line 79, col 6, line ending does not match format: lf
job-core	Check HTML	2025-04-09T10:19:06.7616590Z core/dashboard/templates/handlerSuccess.html: line 1, col 12, class value must match the format: dash
job-core	Check HTML	2025-04-09T10:19:06.7618514Z core/dashboard/templates/handlerSuccess.html: line 1, col 12, class value must match the format: dash
job-core	Check HTML	2025-04-09T10:19:06.7620464Z core/dashboard/templates/handlerSuccess.html: line 1, col 1, <!DOCTYPE> should be the first element seen
job-core	Check HTML	2025-04-09T10:19:06.7632408Z core/dashboard/templates/handlerSuccess.html: line 3, col 16, class value must match the format: dash
job-core	Check HTML	2025-04-09T10:19:06.7634488Z core/dashboard/templates/handlerSuccess.html: line 11, col 16, class value must match the format: dash
job-core	Check HTML	2025-04-09T10:19:06.7636705Z core/dashboard/templates/handlerSuccess.html: line 38, col 16, class value must match the format: dash
job-core	Check HTML	2025-04-09T10:19:06.7638652Z core/dashboard/templates/handlerSuccess.html: line 51, col 27, class value must match the format: dash
job-core	Check HTML	2025-04-09T10:19:06.7640555Z core/dashboard/templates/handlerSuccess.html: line 74, col 24, id value must match the format: dash
job-core	Check HTML	2025-04-09T10:19:06.7642604Z core/dashboard/templates/handlerSuccess.html: line 74, col 41, class value must match the format: dash
job-core	Check HTML	2025-04-09T10:19:06.7645545Z core/dashboard/templates/handlerSuccess.html: line 74, col 107, attribute names must match the format: 
job-core	Check HTML	2025-04-09T10:19:06.7647557Z core/dashboard/templates/handlerSuccess.html: line 74, col 107, attribute values cannot be empty
job-core	Check HTML	2025-04-09T10:19:06.7649468Z core/dashboard/templates/handlerSuccess.html: line 74, col 113, attribute names must match the format: 
job-core	Check HTML	2025-04-09T10:19:06.7666450Z core/dashboard/templates/handlerSuccess.html: line 74, col 113, attribute values cannot be empty
job-core	Check HTML	2025-04-09T10:19:06.7668712Z core/dashboard/templates/handlerSuccess.html: line 74, col 150, attribute names must match the format: 
job-core	Check HTML	2025-04-09T10:19:06.7670462Z core/dashboard/templates/handlerSuccess.html: line 74, col 150, attribute values cannot be empty
job-core	Check HTML	2025-04-09T10:19:06.7672245Z core/dashboard/templates/handlerSuccess.html: line 76, col 24, id value must match the format: dash
job-core	Check HTML	2025-04-09T10:19:06.7674071Z core/dashboard/templates/handlerSuccess.html: line 76, col 41, class value must match the format: dash
job-core	Check HTML	2025-04-09T10:19:06.7677482Z core/dashboard/templates/handlerSuccess.html: line 76, col 105, attribute names must match the format: 
job-core	Check HTML	2025-04-09T10:19:06.7679783Z core/dashboard/templates/handlerSuccess.html: line 76, col 105, attribute values cannot be empty
job-core	Check HTML	2025-04-09T10:19:06.7681613Z core/dashboard/templates/handlerSuccess.html: line 76, col 111, attribute names must match the format: 
job-core	Check HTML	2025-04-09T10:19:06.7683667Z core/dashboard/templates/handlerSuccess.html: line 76, col 111, attribute values cannot be empty
job-core	Check HTML	2025-04-09T10:19:06.7687767Z core/dashboard/templates/handlerSuccess.html: line 76, col 147, attribute names must match the format: 
job-core	Check HTML	2025-04-09T10:19:06.7689609Z core/dashboard/templates/handlerSuccess.html: line 76, col 147, attribute values cannot be empty
job-core	Check HTML	2025-04-09T10:19:06.7690705Z 
job-core	Check HTML	2025-04-09T10:19:06.7691052Z [htmllint] found 32 errors out of 1 files
job-core	Check HTML	2025-04-09T10:19:06.7692405Z File core/outputs/h/htmllint-results-14354689900.txt is not empty and content is incorrect
job-core	Check HTML	2025-04-09T10:19:08.2173386Z https://github.com/Ka0s-Klaus/ka0s/issues/220#issuecomment-2789173631
job-core	Post Install Node.js	﻿2025-04-09T10:19:08.2393885Z Post job cleanup.
job-core	Post Checkout code	﻿2025-04-09T10:19:08.4035831Z Post job cleanup.
job-core	Post Checkout code	2025-04-09T10:19:08.5451627Z [command]/usr/bin/git version
job-core	Post Checkout code	2025-04-09T10:19:08.5521761Z git version 2.48.1
job-core	Post Checkout code	2025-04-09T10:19:08.5599798Z Copying '/home/kaos/.gitconfig' to '/actions-runner/_work/_temp/c5e1f1ad-76d9-4c09-b0e9-a7fd603700df/.gitconfig'
job-core	Post Checkout code	2025-04-09T10:19:08.5619859Z Temporarily overriding HOME='/actions-runner/_work/_temp/c5e1f1ad-76d9-4c09-b0e9-a7fd603700df' before making global git config changes
job-core	Post Checkout code	2025-04-09T10:19:08.5622446Z Adding repository directory to the temporary git global config as a safe directory
job-core	Post Checkout code	2025-04-09T10:19:08.5629466Z [command]/usr/bin/git config --global --add safe.directory /actions-runner/_work/ka0s/ka0s
job-core	Post Checkout code	2025-04-09T10:19:08.5685651Z [command]/usr/bin/git config --local --name-only --get-regexp core\.sshCommand
job-core	Post Checkout code	2025-04-09T10:19:08.5748348Z [command]/usr/bin/git submodule foreach --recursive sh -c "git config --local --name-only --get-regexp 'core\.sshCommand' && git config --local --unset-all 'core.sshCommand' || :"
job-core	Post Checkout code	2025-04-09T10:19:08.6148515Z [command]/usr/bin/git config --local --name-only --get-regexp http\.https\:\/\/github\.com\/\.extraheader
job-core	Post Checkout code	2025-04-09T10:19:08.6185994Z http.https://github.com/.extraheader
job-core	Post Checkout code	2025-04-09T10:19:08.6210868Z [command]/usr/bin/git config --local --unset-all http.https://github.com/.extraheader
job-core	Post Checkout code	2025-04-09T10:19:08.6269094Z [command]/usr/bin/git submodule foreach --recursive sh -c "git config --local --name-only --get-regexp 'http\.https\:\/\/github\.com\/\.extraheader' && git config --local --unset-all 'http.https://github.com/.extraheader' || :"
job-core	Complete job	﻿2025-04-09T10:19:08.6799433Z Cleaning up orphan processes
handle-success	Set up job	﻿2025-04-09T10:20:23.9043063Z Current runner version: '2.323.0'
handle-success	Set up job	2025-04-09T10:20:23.9054213Z Runner name: 'ka0s-1'
handle-success	Set up job	2025-04-09T10:20:23.9055727Z Machine name: '419612ea1a87'
handle-success	Set up job	2025-04-09T10:20:23.9059743Z ##[group]GITHUB_TOKEN Permissions
handle-success	Set up job	2025-04-09T10:20:23.9063888Z Actions: write
handle-success	Set up job	2025-04-09T10:20:23.9064683Z Contents: write
handle-success	Set up job	2025-04-09T10:20:23.9065526Z Issues: write
handle-success	Set up job	2025-04-09T10:20:23.9066256Z Metadata: read
handle-success	Set up job	2025-04-09T10:20:23.9066930Z PullRequests: write
handle-success	Set up job	2025-04-09T10:20:23.9067738Z ##[endgroup]
handle-success	Set up job	2025-04-09T10:20:23.9071662Z Secret source: Actions
handle-success	Set up job	2025-04-09T10:20:23.9072832Z Prepare workflow directory
handle-success	Set up job	2025-04-09T10:20:24.0114785Z Prepare all required actions
handle-success	Set up job	2025-04-09T10:20:24.0181258Z Getting action download info
handle-success	Set up job	2025-04-09T10:20:24.9247212Z Download action repository 'actions/checkout@v4' (SHA:11bd71901bbe5b1630ceea73d27597364c9af683)
handle-success	Set up job	2025-04-09T10:20:27.3213128Z Complete job name: handle-success
handle-success	Checkout code	﻿2025-04-09T10:20:27.4020684Z ##[group]Run actions/checkout@v4
handle-success	Checkout code	2025-04-09T10:20:27.4022907Z with:
handle-success	Checkout code	2025-04-09T10:20:27.4023827Z   fetch-depth: 0
handle-success	Checkout code	2025-04-09T10:20:27.4025503Z   token: ***
handle-success	Checkout code	2025-04-09T10:20:27.4026486Z   repository: Ka0s-Klaus/ka0s
handle-success	Checkout code	2025-04-09T10:20:27.4027647Z   ssh-strict: true
handle-success	Checkout code	2025-04-09T10:20:27.4028598Z   ssh-user: git
handle-success	Checkout code	2025-04-09T10:20:27.4029596Z   persist-credentials: true
handle-success	Checkout code	2025-04-09T10:20:27.4030702Z   clean: true
handle-success	Checkout code	2025-04-09T10:20:27.4031706Z   sparse-checkout-cone-mode: true
handle-success	Checkout code	2025-04-09T10:20:27.4033181Z   fetch-tags: false
handle-success	Checkout code	2025-04-09T10:20:27.4034194Z   show-progress: true
handle-success	Checkout code	2025-04-09T10:20:27.4035214Z   lfs: false
handle-success	Checkout code	2025-04-09T10:20:27.4036149Z   submodules: false
handle-success	Checkout code	2025-04-09T10:20:27.4037182Z   set-safe-directory: true
handle-success	Checkout code	2025-04-09T10:20:27.4038974Z env:
handle-success	Checkout code	2025-04-09T10:20:27.4039907Z   KAOS_MODULE: [Ka0S] HTMLLINT
handle-success	Checkout code	2025-04-09T10:20:27.4041479Z   GH_TOKEN: ***
handle-success	Checkout code	2025-04-09T10:20:27.4042746Z   KAOS_HTMLLINT_CONFIG: core/config/.htmllintrc
handle-success	Checkout code	2025-04-09T10:20:27.4044209Z   KAOS_PATH_RESUME: core/outputs/h/
handle-success	Checkout code	2025-04-09T10:20:27.4045664Z   KAOS_REPO: /actions-runner/_work/kaos/kaos
handle-success	Checkout code	2025-04-09T10:20:27.4047011Z   KAOS_STEP_MODULE: 
handle-success	Checkout code	2025-04-09T10:20:27.4048048Z   KAOS_CODE: 14354689900
handle-success	Checkout code	2025-04-09T10:20:27.4049111Z   KAOS_REF_BRANCH: main
handle-success	Checkout code	2025-04-09T10:20:27.4050125Z ##[endgroup]
handle-success	Checkout code	2025-04-09T10:20:27.5960584Z Syncing repository: Ka0s-Klaus/ka0s
handle-success	Checkout code	2025-04-09T10:20:27.5968935Z ##[group]Getting Git version info
handle-success	Checkout code	2025-04-09T10:20:27.5971561Z Working directory is '/actions-runner/_work/ka0s/ka0s'
handle-success	Checkout code	2025-04-09T10:20:27.5975448Z [command]/usr/bin/git version
handle-success	Checkout code	2025-04-09T10:20:27.5977232Z git version 2.48.1
handle-success	Checkout code	2025-04-09T10:20:27.5982847Z ##[endgroup]
handle-success	Checkout code	2025-04-09T10:20:27.5995240Z Copying '/home/kaos/.gitconfig' to '/actions-runner/_work/_temp/5417ad9d-e3b0-4e9d-a3e6-60f121b4e167/.gitconfig'
handle-success	Checkout code	2025-04-09T10:20:27.6001443Z Temporarily overriding HOME='/actions-runner/_work/_temp/5417ad9d-e3b0-4e9d-a3e6-60f121b4e167' before making global git config changes
handle-success	Checkout code	2025-04-09T10:20:27.6007490Z Adding repository directory to the temporary git global config as a safe directory
handle-success	Checkout code	2025-04-09T10:20:27.6011900Z [command]/usr/bin/git config --global --add safe.directory /actions-runner/_work/ka0s/ka0s
handle-success	Checkout code	2025-04-09T10:20:27.6044562Z [command]/usr/bin/git config --local --get remote.origin.url
handle-success	Checkout code	2025-04-09T10:20:27.6086187Z https://github.com/Ka0s-Klaus/ka0s
handle-success	Checkout code	2025-04-09T10:20:27.6112778Z ##[group]Removing previously created refs, to avoid conflicts
handle-success	Checkout code	2025-04-09T10:20:27.6119608Z [command]/usr/bin/git rev-parse --symbolic-full-name --verify --quiet HEAD
handle-success	Checkout code	2025-04-09T10:20:27.6158289Z refs/heads/main
handle-success	Checkout code	2025-04-09T10:20:27.6175711Z [command]/usr/bin/git checkout --detach
handle-success	Checkout code	2025-04-09T10:20:27.6386974Z HEAD is now at e6eb9f5 [Ka0S] Uploading resume execution files to the repository...
handle-success	Checkout code	2025-04-09T10:20:27.6461114Z [command]/usr/bin/git branch --delete --force main
handle-success	Checkout code	2025-04-09T10:20:27.6510682Z Deleted branch main (was e6eb9f5).
handle-success	Checkout code	2025-04-09T10:20:27.6610400Z ##[endgroup]
handle-success	Checkout code	2025-04-09T10:20:27.6612343Z [command]/usr/bin/git submodule status
handle-success	Checkout code	2025-04-09T10:20:27.7034285Z ##[group]Cleaning the repository
handle-success	Checkout code	2025-04-09T10:20:27.7038070Z [command]/usr/bin/git clean -ffdx
handle-success	Checkout code	2025-04-09T10:20:27.7137114Z [command]/usr/bin/git reset --hard HEAD
handle-success	Checkout code	2025-04-09T10:20:27.7375797Z HEAD is now at e6eb9f5 [Ka0S] Uploading resume execution files to the repository...
handle-success	Checkout code	2025-04-09T10:20:27.7395128Z ##[endgroup]
handle-success	Checkout code	2025-04-09T10:20:27.7398933Z ##[group]Disabling automatic garbage collection
handle-success	Checkout code	2025-04-09T10:20:27.7404807Z [command]/usr/bin/git config --local gc.auto 0
handle-success	Checkout code	2025-04-09T10:20:27.7453109Z ##[endgroup]
handle-success	Checkout code	2025-04-09T10:20:27.7455884Z ##[group]Setting up auth
handle-success	Checkout code	2025-04-09T10:20:27.7460233Z [command]/usr/bin/git config --local --name-only --get-regexp core\.sshCommand
handle-success	Checkout code	2025-04-09T10:20:27.7512440Z [command]/usr/bin/git submodule foreach --recursive sh -c "git config --local --name-only --get-regexp 'core\.sshCommand' && git config --local --unset-all 'core.sshCommand' || :"
handle-success	Checkout code	2025-04-09T10:20:27.7916875Z [command]/usr/bin/git config --local --name-only --get-regexp http\.https\:\/\/github\.com\/\.extraheader
handle-success	Checkout code	2025-04-09T10:20:27.7970998Z [command]/usr/bin/git submodule foreach --recursive sh -c "git config --local --name-only --get-regexp 'http\.https\:\/\/github\.com\/\.extraheader' && git config --local --unset-all 'http.https://github.com/.extraheader' || :"
handle-success	Checkout code	2025-04-09T10:20:27.8489395Z [command]/usr/bin/git config --local http.https://github.com/.extraheader AUTHORIZATION: basic ***
handle-success	Checkout code	2025-04-09T10:20:27.8565292Z ##[endgroup]
handle-success	Checkout code	2025-04-09T10:20:27.8568914Z ##[group]Fetching the repository
handle-success	Checkout code	2025-04-09T10:20:27.8582884Z [command]/usr/bin/git -c protocol.version=2 fetch --prune --no-recurse-submodules origin +refs/heads/*:refs/remotes/origin/* +refs/tags/*:refs/tags/*
handle-success	Checkout code	2025-04-09T10:20:29.0055484Z From https://github.com/Ka0s-Klaus/ka0s
handle-success	Checkout code	2025-04-09T10:20:29.0076521Z    e6eb9f5..fc4efac  main       -> origin/main
handle-success	Checkout code	2025-04-09T10:20:29.0207391Z [command]/usr/bin/git branch --list --remote origin/H220-web-de-resultados
handle-success	Checkout code	2025-04-09T10:20:29.0281306Z   origin/H220-web-de-resultados
handle-success	Checkout code	2025-04-09T10:20:29.0303907Z [command]/usr/bin/git rev-parse refs/remotes/origin/H220-web-de-resultados
handle-success	Checkout code	2025-04-09T10:20:29.0343629Z 475355670a1c79945ea8ad82a2769308921915b5
handle-success	Checkout code	2025-04-09T10:20:29.0369027Z [command]/usr/bin/git -c protocol.version=2 fetch --no-tags --prune --no-recurse-submodules origin +a4a19e313fb220677d6976478a198f7b5e522139:refs/remotes/origin/H220-web-de-resultados
handle-success	Checkout code	2025-04-09T10:20:29.7187828Z From https://github.com/Ka0s-Klaus/ka0s
handle-success	Checkout code	2025-04-09T10:20:29.7193326Z  + 4753556...a4a19e3 a4a19e313fb220677d6976478a198f7b5e522139 -> origin/H220-web-de-resultados  (forced update)
handle-success	Checkout code	2025-04-09T10:20:29.7275785Z ##[endgroup]
handle-success	Checkout code	2025-04-09T10:20:29.7281125Z ##[group]Determining the checkout info
handle-success	Checkout code	2025-04-09T10:20:29.7282639Z ##[endgroup]
handle-success	Checkout code	2025-04-09T10:20:29.7289670Z [command]/usr/bin/git sparse-checkout disable
handle-success	Checkout code	2025-04-09T10:20:29.7406658Z [command]/usr/bin/git config --local --unset-all extensions.worktreeConfig
handle-success	Checkout code	2025-04-09T10:20:29.7490294Z ##[group]Checking out the ref
handle-success	Checkout code	2025-04-09T10:20:29.7515653Z [command]/usr/bin/git checkout --progress --force -B H220-web-de-resultados refs/remotes/origin/H220-web-de-resultados
handle-success	Checkout code	2025-04-09T10:20:29.8256123Z Previous HEAD position was e6eb9f5 [Ka0S] Uploading resume execution files to the repository...
handle-success	Checkout code	2025-04-09T10:20:29.8286682Z Switched to a new branch 'H220-web-de-resultados'
handle-success	Checkout code	2025-04-09T10:20:29.8297183Z branch 'H220-web-de-resultados' set up to track 'origin/H220-web-de-resultados'.
handle-success	Checkout code	2025-04-09T10:20:29.8374234Z ##[endgroup]
handle-success	Checkout code	2025-04-09T10:20:29.8574739Z [command]/usr/bin/git log -1 --format=%H
handle-success	Checkout code	2025-04-09T10:20:29.8642746Z a4a19e313fb220677d6976478a198f7b5e522139
handle-success	Handle Success Execution	﻿2025-04-09T10:20:29.9930097Z ##[group]Run RNNUMBER=$(echo "refs/heads/H220-web-de-resultados" | grep -o '[0-9]*')
handle-success	Handle Success Execution	2025-04-09T10:20:29.9931703Z [36;1mRNNUMBER=$(echo "refs/heads/H220-web-de-resultados" | grep -o '[0-9]*')[0m
handle-success	Handle Success Execution	2025-04-09T10:20:29.9954065Z [36;1mgh issue comment $RNNUMBER --body "El proceso ha finalizado correctamente 14354689900. El resultado está en el fichero core/results/event_data14354689900.log"[0m
handle-success	Handle Success Execution	2025-04-09T10:20:30.0006985Z shell: /usr/bin/bash -e {0}
handle-success	Handle Success Execution	2025-04-09T10:20:30.0007560Z env:
handle-success	Handle Success Execution	2025-04-09T10:20:30.0007938Z   KAOS_MODULE: [Ka0S] HTMLLINT
handle-success	Handle Success Execution	2025-04-09T10:20:30.0008764Z   GH_TOKEN: ***
handle-success	Handle Success Execution	2025-04-09T10:20:30.0010057Z   KAOS_HTMLLINT_CONFIG: core/config/.htmllintrc
handle-success	Handle Success Execution	2025-04-09T10:20:30.0010690Z   KAOS_PATH_RESUME: core/outputs/h/
handle-success	Handle Success Execution	2025-04-09T10:20:30.0011256Z   KAOS_REPO: /actions-runner/_work/kaos/kaos
handle-success	Handle Success Execution	2025-04-09T10:20:30.0011807Z   KAOS_STEP_MODULE: 
handle-success	Handle Success Execution	2025-04-09T10:20:30.0012390Z   KAOS_CODE: 14354689900
handle-success	Handle Success Execution	2025-04-09T10:20:30.0012844Z   KAOS_REF_BRANCH: main
handle-success	Handle Success Execution	2025-04-09T10:20:30.0013268Z ##[endgroup]
handle-success	Handle Success Execution	2025-04-09T10:20:32.6051709Z https://github.com/Ka0s-Klaus/ka0s/issues/220#issuecomment-2789178800
handle-success	Post Checkout code	﻿2025-04-09T10:20:32.6381367Z Post job cleanup.
handle-success	Post Checkout code	2025-04-09T10:20:32.7816555Z [command]/usr/bin/git version
handle-success	Post Checkout code	2025-04-09T10:20:32.7871875Z git version 2.48.1
handle-success	Post Checkout code	2025-04-09T10:20:32.7933122Z Copying '/home/kaos/.gitconfig' to '/actions-runner/_work/_temp/06bce731-d04e-4d0f-a463-94a5cd0c56a3/.gitconfig'
handle-success	Post Checkout code	2025-04-09T10:20:32.7952005Z Temporarily overriding HOME='/actions-runner/_work/_temp/06bce731-d04e-4d0f-a463-94a5cd0c56a3' before making global git config changes
handle-success	Post Checkout code	2025-04-09T10:20:32.7954077Z Adding repository directory to the temporary git global config as a safe directory
handle-success	Post Checkout code	2025-04-09T10:20:32.7962433Z [command]/usr/bin/git config --global --add safe.directory /actions-runner/_work/ka0s/ka0s
handle-success	Post Checkout code	2025-04-09T10:20:32.8025125Z [command]/usr/bin/git config --local --name-only --get-regexp core\.sshCommand
handle-success	Post Checkout code	2025-04-09T10:20:32.8123801Z [command]/usr/bin/git submodule foreach --recursive sh -c "git config --local --name-only --get-regexp 'core\.sshCommand' && git config --local --unset-all 'core.sshCommand' || :"
handle-success	Post Checkout code	2025-04-09T10:20:32.8974656Z [command]/usr/bin/git config --local --name-only --get-regexp http\.https\:\/\/github\.com\/\.extraheader
handle-success	Post Checkout code	2025-04-09T10:20:32.9038155Z http.https://github.com/.extraheader
handle-success	Post Checkout code	2025-04-09T10:20:32.9075523Z [command]/usr/bin/git config --local --unset-all http.https://github.com/.extraheader
handle-success	Post Checkout code	2025-04-09T10:20:32.9139011Z [command]/usr/bin/git submodule foreach --recursive sh -c "git config --local --name-only --get-regexp 'http\.https\:\/\/github\.com\/\.extraheader' && git config --local --unset-all 'http.https://github.com/.extraheader' || :"
handle-success	Complete job	﻿2025-04-09T10:20:33.0004143Z Cleaning up orphan processes
end-workflow	Set up job	﻿2025-04-09T10:21:27.0712818Z Current runner version: '2.323.0'
end-workflow	Set up job	2025-04-09T10:21:27.0728882Z Runner name: 'ka0s-2'
end-workflow	Set up job	2025-04-09T10:21:27.0732145Z Machine name: '419612ea1a87'
end-workflow	Set up job	2025-04-09T10:21:27.0736509Z ##[group]GITHUB_TOKEN Permissions
end-workflow	Set up job	2025-04-09T10:21:27.0740294Z Actions: write
end-workflow	Set up job	2025-04-09T10:21:27.0741126Z Contents: write
end-workflow	Set up job	2025-04-09T10:21:27.0741950Z Issues: write
end-workflow	Set up job	2025-04-09T10:21:27.0743036Z Metadata: read
end-workflow	Set up job	2025-04-09T10:21:27.0743757Z PullRequests: write
end-workflow	Set up job	2025-04-09T10:21:27.0744522Z ##[endgroup]
end-workflow	Set up job	2025-04-09T10:21:27.0748247Z Secret source: Actions
end-workflow	Set up job	2025-04-09T10:21:27.0749292Z Prepare workflow directory
end-workflow	Set up job	2025-04-09T10:21:27.1768872Z Prepare all required actions
end-workflow	Set up job	2025-04-09T10:21:27.1841384Z Getting action download info
end-workflow	Set up job	2025-04-09T10:21:27.9584783Z Download action repository 'actions/checkout@v4' (SHA:11bd71901bbe5b1630ceea73d27597364c9af683)
end-workflow	Set up job	2025-04-09T10:21:30.4075920Z Complete job name: end-workflow
end-workflow	Checkout code	﻿2025-04-09T10:21:30.4833297Z ##[group]Run actions/checkout@v4
end-workflow	Checkout code	2025-04-09T10:21:30.4835060Z with:
end-workflow	Checkout code	2025-04-09T10:21:30.4835933Z   fetch-depth: 0
end-workflow	Checkout code	2025-04-09T10:21:30.4837504Z   token: ***
end-workflow	Checkout code	2025-04-09T10:21:30.4838484Z   repository: Ka0s-Klaus/ka0s
end-workflow	Checkout code	2025-04-09T10:21:30.4839605Z   ssh-strict: true
end-workflow	Checkout code	2025-04-09T10:21:30.4840543Z   ssh-user: git
end-workflow	Checkout code	2025-04-09T10:21:30.4841880Z   persist-credentials: true
end-workflow	Checkout code	2025-04-09T10:21:30.4843476Z   clean: true
end-workflow	Checkout code	2025-04-09T10:21:30.4844459Z   sparse-checkout-cone-mode: true
end-workflow	Checkout code	2025-04-09T10:21:30.4845668Z   fetch-tags: false
end-workflow	Checkout code	2025-04-09T10:21:30.4846824Z   show-progress: true
end-workflow	Checkout code	2025-04-09T10:21:30.4847993Z   lfs: false
end-workflow	Checkout code	2025-04-09T10:21:30.4848920Z   submodules: false
end-workflow	Checkout code	2025-04-09T10:21:30.4849901Z   set-safe-directory: true
end-workflow	Checkout code	2025-04-09T10:21:30.4851330Z env:
end-workflow	Checkout code	2025-04-09T10:21:30.4852530Z   KAOS_MODULE: [Ka0S] HTMLLINT
end-workflow	Checkout code	2025-04-09T10:21:30.4854213Z   GH_TOKEN: ***
end-workflow	Checkout code	2025-04-09T10:21:30.4855302Z   KAOS_HTMLLINT_CONFIG: core/config/.htmllintrc
end-workflow	Checkout code	2025-04-09T10:21:30.4856719Z   KAOS_PATH_RESUME: core/outputs/h/
end-workflow	Checkout code	2025-04-09T10:21:30.4858100Z   KAOS_REPO: /actions-runner/_work/kaos/kaos
end-workflow	Checkout code	2025-04-09T10:21:30.4859428Z   KAOS_STEP_MODULE: 
end-workflow	Checkout code	2025-04-09T10:21:30.4860416Z   KAOS_CODE: 14354689900
end-workflow	Checkout code	2025-04-09T10:21:30.4861467Z   KAOS_REF_BRANCH: main
end-workflow	Checkout code	2025-04-09T10:21:30.4862943Z ##[endgroup]
end-workflow	Checkout code	2025-04-09T10:21:30.6482508Z Syncing repository: Ka0s-Klaus/ka0s
end-workflow	Checkout code	2025-04-09T10:21:30.6486198Z ##[group]Getting Git version info
end-workflow	Checkout code	2025-04-09T10:21:30.6487904Z Working directory is '/actions-runner/_work/ka0s/ka0s'
end-workflow	Checkout code	2025-04-09T10:21:30.6490339Z [command]/usr/bin/git version
end-workflow	Checkout code	2025-04-09T10:21:30.6491569Z git version 2.48.1
end-workflow	Checkout code	2025-04-09T10:21:30.6515479Z ##[endgroup]
end-workflow	Checkout code	2025-04-09T10:21:30.6528274Z Copying '/home/kaos/.gitconfig' to '/actions-runner/_work/_temp/1f6cbe64-8dc0-4d37-99b0-15fc1036fc1e/.gitconfig'
end-workflow	Checkout code	2025-04-09T10:21:30.6550663Z Temporarily overriding HOME='/actions-runner/_work/_temp/1f6cbe64-8dc0-4d37-99b0-15fc1036fc1e' before making global git config changes
end-workflow	Checkout code	2025-04-09T10:21:30.6560126Z Adding repository directory to the temporary git global config as a safe directory
end-workflow	Checkout code	2025-04-09T10:21:30.6569326Z [command]/usr/bin/git config --global --add safe.directory /actions-runner/_work/ka0s/ka0s
end-workflow	Checkout code	2025-04-09T10:21:30.6623959Z [command]/usr/bin/git config --local --get remote.origin.url
end-workflow	Checkout code	2025-04-09T10:21:30.6655327Z https://github.com/Ka0s-Klaus/ka0s
end-workflow	Checkout code	2025-04-09T10:21:30.6684627Z ##[group]Removing previously created refs, to avoid conflicts
end-workflow	Checkout code	2025-04-09T10:21:30.6691384Z [command]/usr/bin/git rev-parse --symbolic-full-name --verify --quiet HEAD
end-workflow	Checkout code	2025-04-09T10:21:30.6726599Z refs/heads/H220-web-de-resultados
end-workflow	Checkout code	2025-04-09T10:21:30.6775316Z [command]/usr/bin/git checkout --detach
end-workflow	Checkout code	2025-04-09T10:21:30.6897875Z HEAD is now at 3e761696 [Ka0S] Uploading resume execution files to the repository...
end-workflow	Checkout code	2025-04-09T10:21:30.6970109Z [command]/usr/bin/git branch --delete --force H220-web-de-resultados
end-workflow	Checkout code	2025-04-09T10:21:30.7014415Z Deleted branch H220-web-de-resultados (was 3e761696).
end-workflow	Checkout code	2025-04-09T10:21:30.7098536Z ##[endgroup]
end-workflow	Checkout code	2025-04-09T10:21:30.7100683Z [command]/usr/bin/git submodule status
end-workflow	Checkout code	2025-04-09T10:21:30.7483948Z ##[group]Cleaning the repository
end-workflow	Checkout code	2025-04-09T10:21:30.7485406Z [command]/usr/bin/git clean -ffdx
end-workflow	Checkout code	2025-04-09T10:21:30.7565136Z [command]/usr/bin/git reset --hard HEAD
end-workflow	Checkout code	2025-04-09T10:21:30.7774864Z HEAD is now at 3e761696 [Ka0S] Uploading resume execution files to the repository...
end-workflow	Checkout code	2025-04-09T10:21:30.7787392Z ##[endgroup]
end-workflow	Checkout code	2025-04-09T10:21:30.7790650Z ##[group]Disabling automatic garbage collection
end-workflow	Checkout code	2025-04-09T10:21:30.7794753Z [command]/usr/bin/git config --local gc.auto 0
end-workflow	Checkout code	2025-04-09T10:21:30.7840775Z ##[endgroup]
end-workflow	Checkout code	2025-04-09T10:21:30.7844208Z ##[group]Setting up auth
end-workflow	Checkout code	2025-04-09T10:21:30.7852716Z [command]/usr/bin/git config --local --name-only --get-regexp core\.sshCommand
end-workflow	Checkout code	2025-04-09T10:21:30.7903921Z [command]/usr/bin/git submodule foreach --recursive sh -c "git config --local --name-only --get-regexp 'core\.sshCommand' && git config --local --unset-all 'core.sshCommand' || :"
end-workflow	Checkout code	2025-04-09T10:21:30.8281261Z [command]/usr/bin/git config --local --name-only --get-regexp http\.https\:\/\/github\.com\/\.extraheader
end-workflow	Checkout code	2025-04-09T10:21:30.8328563Z [command]/usr/bin/git submodule foreach --recursive sh -c "git config --local --name-only --get-regexp 'http\.https\:\/\/github\.com\/\.extraheader' && git config --local --unset-all 'http.https://github.com/.extraheader' || :"
end-workflow	Checkout code	2025-04-09T10:21:30.8725633Z [command]/usr/bin/git config --local http.https://github.com/.extraheader AUTHORIZATION: basic ***
end-workflow	Checkout code	2025-04-09T10:21:30.8788093Z ##[endgroup]
end-workflow	Checkout code	2025-04-09T10:21:30.8792600Z ##[group]Fetching the repository
end-workflow	Checkout code	2025-04-09T10:21:30.8804262Z [command]/usr/bin/git -c protocol.version=2 fetch --prune --no-recurse-submodules origin +refs/heads/*:refs/remotes/origin/* +refs/tags/*:refs/tags/*
end-workflow	Checkout code	2025-04-09T10:21:32.1968300Z From https://github.com/Ka0s-Klaus/ka0s
end-workflow	Checkout code	2025-04-09T10:21:32.1970193Z    3e761696..47535567  H220-web-de-resultados -> origin/H220-web-de-resultados
end-workflow	Checkout code	2025-04-09T10:21:32.1974903Z    fc4efac8..c29b5396  main                   -> origin/main
end-workflow	Checkout code	2025-04-09T10:21:32.2053229Z [command]/usr/bin/git branch --list --remote origin/H220-web-de-resultados
end-workflow	Checkout code	2025-04-09T10:21:32.2090679Z   origin/H220-web-de-resultados
end-workflow	Checkout code	2025-04-09T10:21:32.2105132Z [command]/usr/bin/git rev-parse refs/remotes/origin/H220-web-de-resultados
end-workflow	Checkout code	2025-04-09T10:21:32.2138927Z 475355670a1c79945ea8ad82a2769308921915b5
end-workflow	Checkout code	2025-04-09T10:21:32.2157401Z [command]/usr/bin/git -c protocol.version=2 fetch --no-tags --prune --no-recurse-submodules origin +a4a19e313fb220677d6976478a198f7b5e522139:refs/remotes/origin/H220-web-de-resultados
end-workflow	Checkout code	2025-04-09T10:21:32.9107029Z From https://github.com/Ka0s-Klaus/ka0s
end-workflow	Checkout code	2025-04-09T10:21:32.9113926Z  + 47535567...a4a19e31 a4a19e313fb220677d6976478a198f7b5e522139 -> origin/H220-web-de-resultados  (forced update)
end-workflow	Checkout code	2025-04-09T10:21:32.9301547Z ##[endgroup]
end-workflow	Checkout code	2025-04-09T10:21:32.9303558Z ##[group]Determining the checkout info
end-workflow	Checkout code	2025-04-09T10:21:32.9305966Z ##[endgroup]
end-workflow	Checkout code	2025-04-09T10:21:32.9318125Z [command]/usr/bin/git sparse-checkout disable
end-workflow	Checkout code	2025-04-09T10:21:32.9428730Z [command]/usr/bin/git config --local --unset-all extensions.worktreeConfig
end-workflow	Checkout code	2025-04-09T10:21:32.9471402Z ##[group]Checking out the ref
end-workflow	Checkout code	2025-04-09T10:21:32.9480023Z [command]/usr/bin/git checkout --progress --force -B H220-web-de-resultados refs/remotes/origin/H220-web-de-resultados
end-workflow	Checkout code	2025-04-09T10:21:32.9652898Z Previous HEAD position was 3e761696 [Ka0S] Uploading resume execution files to the repository...
end-workflow	Checkout code	2025-04-09T10:21:32.9666003Z Switched to a new branch 'H220-web-de-resultados'
end-workflow	Checkout code	2025-04-09T10:21:32.9672728Z branch 'H220-web-de-resultados' set up to track 'origin/H220-web-de-resultados'.
end-workflow	Checkout code	2025-04-09T10:21:32.9683027Z ##[endgroup]
end-workflow	Checkout code	2025-04-09T10:21:32.9750827Z [command]/usr/bin/git log -1 --format=%H
end-workflow	Checkout code	2025-04-09T10:21:32.9791018Z a4a19e313fb220677d6976478a198f7b5e522139
end-workflow	Finaliza el workflow	﻿2025-04-09T10:21:33.0181481Z ##[group]Run echo "End process"
end-workflow	Finaliza el workflow	2025-04-09T10:21:33.0182322Z [36;1mecho "End process"[0m
end-workflow	Finaliza el workflow	2025-04-09T10:21:33.0182858Z [36;1mRNNUMBER=$(echo "refs/heads/H220-web-de-resultados" | grep -o '[0-9]*')[0m
end-workflow	Finaliza el workflow	2025-04-09T10:21:33.0183535Z [36;1mgh issue comment $RNNUMBER --body "Se finaliza Ka0s 14354689900"[0m
end-workflow	Finaliza el workflow	2025-04-09T10:21:33.0184394Z [36;1mgh workflow run inspector.yml --ref 'main' -f kaos-issue-id=$RNNUMBER -f kaos-workflow-id="14354689900" -f kaos-user-start=""[0m
end-workflow	Finaliza el workflow	2025-04-09T10:21:33.0202930Z shell: /usr/bin/bash -e {0}
end-workflow	Finaliza el workflow	2025-04-09T10:21:33.0203320Z env:
end-workflow	Finaliza el workflow	2025-04-09T10:21:33.0203582Z   KAOS_MODULE: [Ka0S] HTMLLINT
end-workflow	Finaliza el workflow	2025-04-09T10:21:33.0204164Z   GH_TOKEN: ***
end-workflow	Finaliza el workflow	2025-04-09T10:21:33.0204478Z   KAOS_HTMLLINT_CONFIG: core/config/.htmllintrc
end-workflow	Finaliza el workflow	2025-04-09T10:21:33.0204873Z   KAOS_PATH_RESUME: core/outputs/h/
end-workflow	Finaliza el workflow	2025-04-09T10:21:33.0205245Z   KAOS_REPO: /actions-runner/_work/kaos/kaos
end-workflow	Finaliza el workflow	2025-04-09T10:21:33.0205606Z   KAOS_STEP_MODULE: 
end-workflow	Finaliza el workflow	2025-04-09T10:21:33.0205888Z   KAOS_CODE: 14354689900
end-workflow	Finaliza el workflow	2025-04-09T10:21:33.0206194Z   KAOS_REF_BRANCH: main
end-workflow	Finaliza el workflow	2025-04-09T10:21:33.0206577Z ##[endgroup]
end-workflow	Finaliza el workflow	2025-04-09T10:21:33.0280354Z End process
end-workflow	Finaliza el workflow	2025-04-09T10:21:34.3197825Z https://github.com/Ka0s-Klaus/ka0s/issues/220#issuecomment-2789181345
end-workflow	Post Checkout code	﻿2025-04-09T10:21:35.5635989Z Post job cleanup.
end-workflow	Post Checkout code	2025-04-09T10:21:35.6992611Z [command]/usr/bin/git version
end-workflow	Post Checkout code	2025-04-09T10:21:35.7041551Z git version 2.48.1
end-workflow	Post Checkout code	2025-04-09T10:21:35.7095027Z Copying '/home/kaos/.gitconfig' to '/actions-runner/_work/_temp/3d646c5d-f844-4fca-8734-5b5610261471/.gitconfig'
end-workflow	Post Checkout code	2025-04-09T10:21:35.7112485Z Temporarily overriding HOME='/actions-runner/_work/_temp/3d646c5d-f844-4fca-8734-5b5610261471' before making global git config changes
end-workflow	Post Checkout code	2025-04-09T10:21:35.7113589Z Adding repository directory to the temporary git global config as a safe directory
end-workflow	Post Checkout code	2025-04-09T10:21:35.7120750Z [command]/usr/bin/git config --global --add safe.directory /actions-runner/_work/ka0s/ka0s
end-workflow	Post Checkout code	2025-04-09T10:21:35.7173659Z [command]/usr/bin/git config --local --name-only --get-regexp core\.sshCommand
end-workflow	Post Checkout code	2025-04-09T10:21:35.7233163Z [command]/usr/bin/git submodule foreach --recursive sh -c "git config --local --name-only --get-regexp 'core\.sshCommand' && git config --local --unset-all 'core.sshCommand' || :"
end-workflow	Post Checkout code	2025-04-09T10:21:35.7624097Z [command]/usr/bin/git config --local --name-only --get-regexp http\.https\:\/\/github\.com\/\.extraheader
end-workflow	Post Checkout code	2025-04-09T10:21:35.7661992Z http.https://github.com/.extraheader
end-workflow	Post Checkout code	2025-04-09T10:21:35.7679740Z [command]/usr/bin/git config --local --unset-all http.https://github.com/.extraheader
end-workflow	Post Checkout code	2025-04-09T10:21:35.7733389Z [command]/usr/bin/git submodule foreach --recursive sh -c "git config --local --name-only --get-regexp 'http\.https\:\/\/github\.com\/\.extraheader' && git config --local --unset-all 'http.https://github.com/.extraheader' || :"
end-workflow	Complete job	﻿2025-04-09T10:21:35.8292753Z Cleaning up orphan processes
