handle_failure	Set up job	﻿2025-04-10T10:04:42.2558288Z Current runner version: '2.323.0'
handle_failure	Set up job	2025-04-10T10:04:42.2567976Z Runner name: 'ka0s-6'
handle_failure	Set up job	2025-04-10T10:04:42.2569196Z Machine name: '419612ea1a87'
handle_failure	Set up job	2025-04-10T10:04:42.2573581Z ##[group]GITHUB_TOKEN Permissions
handle_failure	Set up job	2025-04-10T10:04:42.2576635Z Actions: write
handle_failure	Set up job	2025-04-10T10:04:42.2577484Z Contents: write
handle_failure	Set up job	2025-04-10T10:04:42.2578194Z Issues: write
handle_failure	Set up job	2025-04-10T10:04:42.2578865Z Metadata: read
handle_failure	Set up job	2025-04-10T10:04:42.2579600Z PullRequests: write
handle_failure	Set up job	2025-04-10T10:04:42.2580300Z ##[endgroup]
handle_failure	Set up job	2025-04-10T10:04:42.2583853Z Secret source: Actions
handle_failure	Set up job	2025-04-10T10:04:42.2584950Z Prepare workflow directory
handle_failure	Set up job	2025-04-10T10:04:42.3473775Z Prepare all required actions
handle_failure	Set up job	2025-04-10T10:04:42.3526364Z Getting action download info
handle_failure	Set up job	2025-04-10T10:04:43.0700517Z Download action repository 'actions/checkout@v4' (SHA:11bd71901bbe5b1630ceea73d27597364c9af683)
handle_failure	Set up job	2025-04-10T10:04:45.3617974Z Complete job name: handle_failure
handle_failure	Checkout code	﻿2025-04-10T10:04:45.4269288Z ##[group]Run actions/checkout@v4
handle_failure	Checkout code	2025-04-10T10:04:45.4270559Z with:
handle_failure	Checkout code	2025-04-10T10:04:45.4271125Z   fetch-depth: 0
handle_failure	Checkout code	2025-04-10T10:04:45.4272253Z   token: ***
handle_failure	Checkout code	2025-04-10T10:04:45.4272860Z   repository: Ka0s-Klaus/ka0s
handle_failure	Checkout code	2025-04-10T10:04:45.4273517Z   ssh-strict: true
handle_failure	Checkout code	2025-04-10T10:04:45.4274067Z   ssh-user: git
handle_failure	Checkout code	2025-04-10T10:04:45.4274638Z   persist-credentials: true
handle_failure	Checkout code	2025-04-10T10:04:45.4275273Z   clean: true
handle_failure	Checkout code	2025-04-10T10:04:45.4276128Z   sparse-checkout-cone-mode: true
handle_failure	Checkout code	2025-04-10T10:04:45.4276864Z   fetch-tags: false
handle_failure	Checkout code	2025-04-10T10:04:45.4277460Z   show-progress: true
handle_failure	Checkout code	2025-04-10T10:04:45.4278023Z   lfs: false
handle_failure	Checkout code	2025-04-10T10:04:45.4278535Z   submodules: false
handle_failure	Checkout code	2025-04-10T10:04:45.4279121Z   set-safe-directory: true
handle_failure	Checkout code	2025-04-10T10:04:45.4280073Z env:
handle_failure	Checkout code	2025-04-10T10:04:45.4280612Z   KAOS_MODULE: [Ka0S] HTMLLINT
handle_failure	Checkout code	2025-04-10T10:04:45.4281474Z   GH_TOKEN: ***
handle_failure	Checkout code	2025-04-10T10:04:45.4282408Z   KAOS_HTMLLINT_CONFIG: core/config/.htmllintrc
handle_failure	Checkout code	2025-04-10T10:04:45.4283396Z   KAOS_PATH_RESUME: core/outputs/h/
handle_failure	Checkout code	2025-04-10T10:04:45.4284205Z   KAOS_REPO: /actions-runner/_work/kaos/kaos
handle_failure	Checkout code	2025-04-10T10:04:45.4284956Z   KAOS_STEP_MODULE: 
handle_failure	Checkout code	2025-04-10T10:04:45.4285547Z   KAOS_CODE: 14377578108
handle_failure	Checkout code	2025-04-10T10:04:45.4286149Z   KAOS_REF_BRANCH: main
handle_failure	Checkout code	2025-04-10T10:04:45.4286716Z ##[endgroup]
handle_failure	Checkout code	2025-04-10T10:04:45.5783600Z Syncing repository: Ka0s-Klaus/ka0s
handle_failure	Checkout code	2025-04-10T10:04:45.5786958Z ##[group]Getting Git version info
handle_failure	Checkout code	2025-04-10T10:04:45.5788061Z Working directory is '/actions-runner/_work/ka0s/ka0s'
handle_failure	Checkout code	2025-04-10T10:04:45.5880314Z [command]/usr/bin/git version
handle_failure	Checkout code	2025-04-10T10:04:45.5883142Z git version 2.48.1
handle_failure	Checkout code	2025-04-10T10:04:45.5886539Z ##[endgroup]
handle_failure	Checkout code	2025-04-10T10:04:45.5895166Z Copying '/home/kaos/.gitconfig' to '/actions-runner/_work/_temp/b6e1d3fb-fbac-4a94-b091-22712b842ab5/.gitconfig'
handle_failure	Checkout code	2025-04-10T10:04:45.5901210Z Temporarily overriding HOME='/actions-runner/_work/_temp/b6e1d3fb-fbac-4a94-b091-22712b842ab5' before making global git config changes
handle_failure	Checkout code	2025-04-10T10:04:45.5906498Z Adding repository directory to the temporary git global config as a safe directory
handle_failure	Checkout code	2025-04-10T10:04:45.5909780Z [command]/usr/bin/git config --global --add safe.directory /actions-runner/_work/ka0s/ka0s
handle_failure	Checkout code	2025-04-10T10:04:45.5929499Z [command]/usr/bin/git config --local --get remote.origin.url
handle_failure	Checkout code	2025-04-10T10:04:45.5962181Z https://github.com/Ka0s-Klaus/ka0s
handle_failure	Checkout code	2025-04-10T10:04:45.5992513Z ##[group]Removing previously created refs, to avoid conflicts
handle_failure	Checkout code	2025-04-10T10:04:45.5997446Z [command]/usr/bin/git rev-parse --symbolic-full-name --verify --quiet HEAD
handle_failure	Checkout code	2025-04-10T10:04:45.6030681Z refs/heads/main
handle_failure	Checkout code	2025-04-10T10:04:45.6045464Z [command]/usr/bin/git checkout --detach
handle_failure	Checkout code	2025-04-10T10:04:45.6233252Z HEAD is now at 90b079e Merge pull request #311 from Ka0s-Klaus/H220-web-de-resultados
handle_failure	Checkout code	2025-04-10T10:04:45.6300522Z [command]/usr/bin/git branch --delete --force main
handle_failure	Checkout code	2025-04-10T10:04:45.6343733Z Deleted branch main (was 90b079e).
handle_failure	Checkout code	2025-04-10T10:04:45.6426207Z ##[endgroup]
handle_failure	Checkout code	2025-04-10T10:04:45.6428417Z [command]/usr/bin/git submodule status
handle_failure	Checkout code	2025-04-10T10:04:45.6810426Z ##[group]Cleaning the repository
handle_failure	Checkout code	2025-04-10T10:04:45.6818595Z [command]/usr/bin/git clean -ffdx
handle_failure	Checkout code	2025-04-10T10:04:45.6898825Z [command]/usr/bin/git reset --hard HEAD
handle_failure	Checkout code	2025-04-10T10:04:45.7124606Z HEAD is now at 90b079e Merge pull request #311 from Ka0s-Klaus/H220-web-de-resultados
handle_failure	Checkout code	2025-04-10T10:04:45.7135565Z ##[endgroup]
handle_failure	Checkout code	2025-04-10T10:04:45.7137820Z ##[group]Disabling automatic garbage collection
handle_failure	Checkout code	2025-04-10T10:04:45.7143847Z [command]/usr/bin/git config --local gc.auto 0
handle_failure	Checkout code	2025-04-10T10:04:45.7198740Z ##[endgroup]
handle_failure	Checkout code	2025-04-10T10:04:45.7199822Z ##[group]Setting up auth
handle_failure	Checkout code	2025-04-10T10:04:45.7207123Z [command]/usr/bin/git config --local --name-only --get-regexp core\.sshCommand
handle_failure	Checkout code	2025-04-10T10:04:45.7254500Z [command]/usr/bin/git submodule foreach --recursive sh -c "git config --local --name-only --get-regexp 'core\.sshCommand' && git config --local --unset-all 'core.sshCommand' || :"
handle_failure	Checkout code	2025-04-10T10:04:45.7633969Z [command]/usr/bin/git config --local --name-only --get-regexp http\.https\:\/\/github\.com\/\.extraheader
handle_failure	Checkout code	2025-04-10T10:04:45.7679696Z [command]/usr/bin/git submodule foreach --recursive sh -c "git config --local --name-only --get-regexp 'http\.https\:\/\/github\.com\/\.extraheader' && git config --local --unset-all 'http.https://github.com/.extraheader' || :"
handle_failure	Checkout code	2025-04-10T10:04:45.8073803Z [command]/usr/bin/git config --local http.https://github.com/.extraheader AUTHORIZATION: basic ***
handle_failure	Checkout code	2025-04-10T10:04:45.8133561Z ##[endgroup]
handle_failure	Checkout code	2025-04-10T10:04:45.8135445Z ##[group]Fetching the repository
handle_failure	Checkout code	2025-04-10T10:04:45.8145989Z [command]/usr/bin/git -c protocol.version=2 fetch --prune --no-recurse-submodules origin +refs/heads/*:refs/remotes/origin/* +refs/tags/*:refs/tags/*
handle_failure	Checkout code	2025-04-10T10:04:47.8105639Z From https://github.com/Ka0s-Klaus/ka0s
handle_failure	Checkout code	2025-04-10T10:04:47.8107230Z    ebc126c..c62e9c0  H306-ficheros-de-estadisticas -> origin/H306-ficheros-de-estadisticas
handle_failure	Checkout code	2025-04-10T10:04:47.8109067Z    90b079e..c27bd84  main       -> origin/main
handle_failure	Checkout code	2025-04-10T10:04:47.8178839Z [command]/usr/bin/git branch --list --remote origin/H306-ficheros-de-estadisticas
handle_failure	Checkout code	2025-04-10T10:04:47.8214305Z   origin/H306-ficheros-de-estadisticas
handle_failure	Checkout code	2025-04-10T10:04:47.8229403Z [command]/usr/bin/git rev-parse refs/remotes/origin/H306-ficheros-de-estadisticas
handle_failure	Checkout code	2025-04-10T10:04:47.8260069Z c62e9c01fb423323dca5787671dd9d6dbc7b2bb7
handle_failure	Checkout code	2025-04-10T10:04:47.8267427Z ##[endgroup]
handle_failure	Checkout code	2025-04-10T10:04:47.8269140Z ##[group]Determining the checkout info
handle_failure	Checkout code	2025-04-10T10:04:47.8270969Z ##[endgroup]
handle_failure	Checkout code	2025-04-10T10:04:47.8273938Z [command]/usr/bin/git sparse-checkout disable
handle_failure	Checkout code	2025-04-10T10:04:47.8351354Z [command]/usr/bin/git config --local --unset-all extensions.worktreeConfig
handle_failure	Checkout code	2025-04-10T10:04:47.8392422Z ##[group]Checking out the ref
handle_failure	Checkout code	2025-04-10T10:04:47.8397082Z [command]/usr/bin/git checkout --progress --force -B H306-ficheros-de-estadisticas refs/remotes/origin/H306-ficheros-de-estadisticas
handle_failure	Checkout code	2025-04-10T10:04:47.8830396Z Previous HEAD position was 90b079e Merge pull request #311 from Ka0s-Klaus/H220-web-de-resultados
handle_failure	Checkout code	2025-04-10T10:04:47.8843504Z Switched to a new branch 'H306-ficheros-de-estadisticas'
handle_failure	Checkout code	2025-04-10T10:04:47.8849783Z branch 'H306-ficheros-de-estadisticas' set up to track 'origin/H306-ficheros-de-estadisticas'.
handle_failure	Checkout code	2025-04-10T10:04:47.8865858Z ##[endgroup]
handle_failure	Checkout code	2025-04-10T10:04:47.8924874Z [command]/usr/bin/git log -1 --format=%H
handle_failure	Checkout code	2025-04-10T10:04:47.8964362Z c62e9c01fb423323dca5787671dd9d6dbc7b2bb7
handle_failure	Handle Failure Execution	﻿2025-04-10T10:04:47.9279440Z ##[group]Run echo "Error detected in process"
handle_failure	Handle Failure Execution	2025-04-10T10:04:47.9280078Z [36;1mecho "Error detected in process"[0m
handle_failure	Handle Failure Execution	2025-04-10T10:04:47.9280731Z [36;1mRNNUMBER=$(echo "refs/heads/H306-ficheros-de-estadisticas" | grep -o '[0-9]*')[0m
handle_failure	Handle Failure Execution	2025-04-10T10:04:47.9281923Z [36;1mgh issue comment $RNNUMBER --body "El proceso no ha finalizado correctamente 14377578108. El resultado está en el fichero core/results/event_data14377578108.log"[0m
handle_failure	Handle Failure Execution	2025-04-10T10:04:47.9298046Z shell: /usr/bin/bash -e {0}
handle_failure	Handle Failure Execution	2025-04-10T10:04:47.9298447Z env:
handle_failure	Handle Failure Execution	2025-04-10T10:04:47.9298767Z   KAOS_MODULE: [Ka0S] HTMLLINT
handle_failure	Handle Failure Execution	2025-04-10T10:04:47.9299526Z   GH_TOKEN: ***
handle_failure	Handle Failure Execution	2025-04-10T10:04:47.9299891Z   KAOS_HTMLLINT_CONFIG: core/config/.htmllintrc
handle_failure	Handle Failure Execution	2025-04-10T10:04:47.9300348Z   KAOS_PATH_RESUME: core/outputs/h/
handle_failure	Handle Failure Execution	2025-04-10T10:04:47.9300790Z   KAOS_REPO: /actions-runner/_work/kaos/kaos
handle_failure	Handle Failure Execution	2025-04-10T10:04:47.9301565Z   KAOS_STEP_MODULE: 
handle_failure	Handle Failure Execution	2025-04-10T10:04:47.9301877Z   KAOS_CODE: 14377578108
handle_failure	Handle Failure Execution	2025-04-10T10:04:47.9302581Z   KAOS_REF_BRANCH: main
handle_failure	Handle Failure Execution	2025-04-10T10:04:47.9303122Z ##[endgroup]
handle_failure	Handle Failure Execution	2025-04-10T10:04:47.9374755Z Error detected in process
handle_failure	Handle Failure Execution	2025-04-10T10:04:49.8795044Z https://github.com/Ka0s-Klaus/ka0s/issues/306#issuecomment-2792228787
handle_failure	Post Checkout code	﻿2025-04-10T10:04:49.8984844Z Post job cleanup.
handle_failure	Post Checkout code	2025-04-10T10:04:50.0283086Z [command]/usr/bin/git version
handle_failure	Post Checkout code	2025-04-10T10:04:50.0334810Z git version 2.48.1
handle_failure	Post Checkout code	2025-04-10T10:04:50.0388110Z Copying '/home/kaos/.gitconfig' to '/actions-runner/_work/_temp/528c9504-1aac-455d-9bcb-c2da82e1cc26/.gitconfig'
handle_failure	Post Checkout code	2025-04-10T10:04:50.0404368Z Temporarily overriding HOME='/actions-runner/_work/_temp/528c9504-1aac-455d-9bcb-c2da82e1cc26' before making global git config changes
handle_failure	Post Checkout code	2025-04-10T10:04:50.0407215Z Adding repository directory to the temporary git global config as a safe directory
handle_failure	Post Checkout code	2025-04-10T10:04:50.0415538Z [command]/usr/bin/git config --global --add safe.directory /actions-runner/_work/ka0s/ka0s
handle_failure	Post Checkout code	2025-04-10T10:04:50.0468484Z [command]/usr/bin/git config --local --name-only --get-regexp core\.sshCommand
handle_failure	Post Checkout code	2025-04-10T10:04:50.0530871Z [command]/usr/bin/git submodule foreach --recursive sh -c "git config --local --name-only --get-regexp 'core\.sshCommand' && git config --local --unset-all 'core.sshCommand' || :"
handle_failure	Post Checkout code	2025-04-10T10:04:50.0917241Z [command]/usr/bin/git config --local --name-only --get-regexp http\.https\:\/\/github\.com\/\.extraheader
handle_failure	Post Checkout code	2025-04-10T10:04:50.0948498Z http.https://github.com/.extraheader
handle_failure	Post Checkout code	2025-04-10T10:04:50.0967936Z [command]/usr/bin/git config --local --unset-all http.https://github.com/.extraheader
handle_failure	Post Checkout code	2025-04-10T10:04:50.1018197Z [command]/usr/bin/git submodule foreach --recursive sh -c "git config --local --name-only --get-regexp 'http\.https\:\/\/github\.com\/\.extraheader' && git config --local --unset-all 'http.https://github.com/.extraheader' || :"
handle_failure	Complete job	﻿2025-04-10T10:04:50.1528255Z Cleaning up orphan processes
end-workflow	Set up job	﻿2025-04-10T10:04:57.9355501Z Current runner version: '2.323.0'
end-workflow	Set up job	2025-04-10T10:04:57.9363294Z Runner name: 'ka0s-8'
end-workflow	Set up job	2025-04-10T10:04:57.9364374Z Machine name: '26a53205c9ac'
end-workflow	Set up job	2025-04-10T10:04:57.9367595Z ##[group]GITHUB_TOKEN Permissions
end-workflow	Set up job	2025-04-10T10:04:57.9370334Z Actions: write
end-workflow	Set up job	2025-04-10T10:04:57.9370963Z Contents: write
end-workflow	Set up job	2025-04-10T10:04:57.9371534Z Issues: write
end-workflow	Set up job	2025-04-10T10:04:57.9372062Z Metadata: read
end-workflow	Set up job	2025-04-10T10:04:57.9372607Z PullRequests: write
end-workflow	Set up job	2025-04-10T10:04:57.9373169Z ##[endgroup]
end-workflow	Set up job	2025-04-10T10:04:57.9376233Z Secret source: Actions
end-workflow	Set up job	2025-04-10T10:04:57.9377013Z Prepare workflow directory
end-workflow	Set up job	2025-04-10T10:04:58.0102894Z Prepare all required actions
end-workflow	Set up job	2025-04-10T10:04:58.0151983Z Getting action download info
end-workflow	Set up job	2025-04-10T10:04:58.7097827Z Download action repository 'actions/checkout@v4' (SHA:11bd71901bbe5b1630ceea73d27597364c9af683)
end-workflow	Set up job	2025-04-10T10:04:59.5033392Z Complete job name: end-workflow
end-workflow	Checkout code	﻿2025-04-10T10:04:59.5638917Z ##[group]Run actions/checkout@v4
end-workflow	Checkout code	2025-04-10T10:04:59.5640035Z with:
end-workflow	Checkout code	2025-04-10T10:04:59.5640639Z   fetch-depth: 0
end-workflow	Checkout code	2025-04-10T10:04:59.5641638Z   token: ***
end-workflow	Checkout code	2025-04-10T10:04:59.5642235Z   repository: Ka0s-Klaus/ka0s
end-workflow	Checkout code	2025-04-10T10:04:59.5642927Z   ssh-strict: true
end-workflow	Checkout code	2025-04-10T10:04:59.5643519Z   ssh-user: git
end-workflow	Checkout code	2025-04-10T10:04:59.5644134Z   persist-credentials: true
end-workflow	Checkout code	2025-04-10T10:04:59.5644801Z   clean: true
end-workflow	Checkout code	2025-04-10T10:04:59.5645414Z   sparse-checkout-cone-mode: true
end-workflow	Checkout code	2025-04-10T10:04:59.5646248Z   fetch-tags: false
end-workflow	Checkout code	2025-04-10T10:04:59.5646865Z   show-progress: true
end-workflow	Checkout code	2025-04-10T10:04:59.5647473Z   lfs: false
end-workflow	Checkout code	2025-04-10T10:04:59.5648036Z   submodules: false
end-workflow	Checkout code	2025-04-10T10:04:59.5648687Z   set-safe-directory: true
end-workflow	Checkout code	2025-04-10T10:04:59.5649553Z env:
end-workflow	Checkout code	2025-04-10T10:04:59.5650109Z   KAOS_MODULE: [Ka0S] HTMLLINT
end-workflow	Checkout code	2025-04-10T10:04:59.5650976Z   GH_TOKEN: ***
end-workflow	Checkout code	2025-04-10T10:04:59.5651632Z   KAOS_HTMLLINT_CONFIG: core/config/.htmllintrc
end-workflow	Checkout code	2025-04-10T10:04:59.5652483Z   KAOS_PATH_RESUME: core/outputs/h/
end-workflow	Checkout code	2025-04-10T10:04:59.5653310Z   KAOS_REPO: /actions-runner/_work/kaos/kaos
end-workflow	Checkout code	2025-04-10T10:04:59.5654108Z   KAOS_STEP_MODULE: 
end-workflow	Checkout code	2025-04-10T10:04:59.5654746Z   KAOS_CODE: 14377578108
end-workflow	Checkout code	2025-04-10T10:04:59.5655382Z   KAOS_REF_BRANCH: main
end-workflow	Checkout code	2025-04-10T10:04:59.5656096Z ##[endgroup]
end-workflow	Checkout code	2025-04-10T10:04:59.7075226Z Syncing repository: Ka0s-Klaus/ka0s
end-workflow	Checkout code	2025-04-10T10:04:59.7078246Z ##[group]Getting Git version info
end-workflow	Checkout code	2025-04-10T10:04:59.7079297Z Working directory is '/actions-runner/_work/ka0s/ka0s'
end-workflow	Checkout code	2025-04-10T10:04:59.7080812Z [command]/usr/bin/git version
end-workflow	Checkout code	2025-04-10T10:04:59.7081658Z git version 2.43.0
end-workflow	Checkout code	2025-04-10T10:04:59.7141767Z ##[endgroup]
end-workflow	Checkout code	2025-04-10T10:04:59.7165428Z Copying '/home/kaos/.gitconfig' to '/actions-runner/_work/_temp/328351c2-1cae-46a6-a91d-99073b142af4/.gitconfig'
end-workflow	Checkout code	2025-04-10T10:04:59.7198554Z Temporarily overriding HOME='/actions-runner/_work/_temp/328351c2-1cae-46a6-a91d-99073b142af4' before making global git config changes
end-workflow	Checkout code	2025-04-10T10:04:59.7201994Z Adding repository directory to the temporary git global config as a safe directory
end-workflow	Checkout code	2025-04-10T10:04:59.7213906Z [command]/usr/bin/git config --global --add safe.directory /actions-runner/_work/ka0s/ka0s
end-workflow	Checkout code	2025-04-10T10:04:59.7327386Z [command]/usr/bin/git config --local --get remote.origin.url
end-workflow	Checkout code	2025-04-10T10:04:59.7369491Z https://github.com/Ka0s-Klaus/ka0s
end-workflow	Checkout code	2025-04-10T10:04:59.7405534Z ##[group]Removing previously created refs, to avoid conflicts
end-workflow	Checkout code	2025-04-10T10:04:59.7414571Z [command]/usr/bin/git rev-parse --symbolic-full-name --verify --quiet HEAD
end-workflow	Checkout code	2025-04-10T10:04:59.7456590Z refs/heads/H306-ficheros-de-estadisticas
end-workflow	Checkout code	2025-04-10T10:04:59.7473760Z [command]/usr/bin/git checkout --detach
end-workflow	Checkout code	2025-04-10T10:04:59.7613149Z HEAD is now at c62e9c0 [Ka0S] Uploading resume execution files to the repository...
end-workflow	Checkout code	2025-04-10T10:04:59.7712489Z [command]/usr/bin/git branch --delete --force H306-ficheros-de-estadisticas
end-workflow	Checkout code	2025-04-10T10:04:59.7765338Z Deleted branch H306-ficheros-de-estadisticas (was c62e9c0).
end-workflow	Checkout code	2025-04-10T10:04:59.7850428Z ##[endgroup]
end-workflow	Checkout code	2025-04-10T10:04:59.7852324Z [command]/usr/bin/git submodule status
end-workflow	Checkout code	2025-04-10T10:04:59.8310506Z ##[group]Cleaning the repository
end-workflow	Checkout code	2025-04-10T10:04:59.8323484Z [command]/usr/bin/git clean -ffdx
end-workflow	Checkout code	2025-04-10T10:04:59.8427756Z [command]/usr/bin/git reset --hard HEAD
end-workflow	Checkout code	2025-04-10T10:04:59.8647919Z HEAD is now at c62e9c0 [Ka0S] Uploading resume execution files to the repository...
end-workflow	Checkout code	2025-04-10T10:04:59.8669894Z ##[endgroup]
end-workflow	Checkout code	2025-04-10T10:04:59.8671343Z ##[group]Disabling automatic garbage collection
end-workflow	Checkout code	2025-04-10T10:04:59.8672587Z [command]/usr/bin/git config --local gc.auto 0
end-workflow	Checkout code	2025-04-10T10:04:59.8732737Z ##[endgroup]
end-workflow	Checkout code	2025-04-10T10:04:59.8734410Z ##[group]Setting up auth
end-workflow	Checkout code	2025-04-10T10:04:59.8749167Z [command]/usr/bin/git config --local --name-only --get-regexp core\.sshCommand
end-workflow	Checkout code	2025-04-10T10:04:59.8816059Z [command]/usr/bin/git submodule foreach --recursive sh -c "git config --local --name-only --get-regexp 'core\.sshCommand' && git config --local --unset-all 'core.sshCommand' || :"
end-workflow	Checkout code	2025-04-10T10:04:59.9362272Z [command]/usr/bin/git config --local --name-only --get-regexp http\.https\:\/\/github\.com\/\.extraheader
end-workflow	Checkout code	2025-04-10T10:04:59.9416206Z [command]/usr/bin/git submodule foreach --recursive sh -c "git config --local --name-only --get-regexp 'http\.https\:\/\/github\.com\/\.extraheader' && git config --local --unset-all 'http.https://github.com/.extraheader' || :"
end-workflow	Checkout code	2025-04-10T10:04:59.9918174Z [command]/usr/bin/git config --local http.https://github.com/.extraheader AUTHORIZATION: basic ***
end-workflow	Checkout code	2025-04-10T10:05:00.0051211Z ##[endgroup]
end-workflow	Checkout code	2025-04-10T10:05:00.0053102Z ##[group]Fetching the repository
end-workflow	Checkout code	2025-04-10T10:05:00.0070642Z [command]/usr/bin/git -c protocol.version=2 fetch --prune --no-recurse-submodules origin +refs/heads/*:refs/remotes/origin/* +refs/tags/*:refs/tags/*
end-workflow	Checkout code	2025-04-10T10:05:00.8036097Z From https://github.com/Ka0s-Klaus/ka0s
end-workflow	Checkout code	2025-04-10T10:05:00.8038158Z    b04dc3b..c27bd84  main       -> origin/main
end-workflow	Checkout code	2025-04-10T10:05:00.8095956Z [command]/usr/bin/git branch --list --remote origin/H306-ficheros-de-estadisticas
end-workflow	Checkout code	2025-04-10T10:05:00.8135714Z   origin/H306-ficheros-de-estadisticas
end-workflow	Checkout code	2025-04-10T10:05:00.8147692Z [command]/usr/bin/git rev-parse refs/remotes/origin/H306-ficheros-de-estadisticas
end-workflow	Checkout code	2025-04-10T10:05:00.8184492Z c62e9c01fb423323dca5787671dd9d6dbc7b2bb7
end-workflow	Checkout code	2025-04-10T10:05:00.8190713Z ##[endgroup]
end-workflow	Checkout code	2025-04-10T10:05:00.8193064Z ##[group]Determining the checkout info
end-workflow	Checkout code	2025-04-10T10:05:00.8196096Z ##[endgroup]
end-workflow	Checkout code	2025-04-10T10:05:00.8197907Z [command]/usr/bin/git sparse-checkout disable
end-workflow	Checkout code	2025-04-10T10:05:00.8303296Z [command]/usr/bin/git config --local --unset-all extensions.worktreeConfig
end-workflow	Checkout code	2025-04-10T10:05:00.8346967Z ##[group]Checking out the ref
end-workflow	Checkout code	2025-04-10T10:05:00.8351357Z [command]/usr/bin/git checkout --progress --force -B H306-ficheros-de-estadisticas refs/remotes/origin/H306-ficheros-de-estadisticas
end-workflow	Checkout code	2025-04-10T10:05:00.8480903Z Switched to a new branch 'H306-ficheros-de-estadisticas'
end-workflow	Checkout code	2025-04-10T10:05:00.8487311Z branch 'H306-ficheros-de-estadisticas' set up to track 'origin/H306-ficheros-de-estadisticas'.
end-workflow	Checkout code	2025-04-10T10:05:00.8498704Z ##[endgroup]
end-workflow	Checkout code	2025-04-10T10:05:00.8563365Z [command]/usr/bin/git log -1 --format=%H
end-workflow	Checkout code	2025-04-10T10:05:00.8608470Z c62e9c01fb423323dca5787671dd9d6dbc7b2bb7
end-workflow	Finaliza el workflow	﻿2025-04-10T10:05:00.9040590Z ##[group]Run echo "End process"
end-workflow	Finaliza el workflow	2025-04-10T10:05:00.9042876Z [36;1mecho "End process"[0m
end-workflow	Finaliza el workflow	2025-04-10T10:05:00.9046250Z [36;1mRNNUMBER=$(echo "refs/heads/H306-ficheros-de-estadisticas" | grep -o '[0-9]*')[0m
end-workflow	Finaliza el workflow	2025-04-10T10:05:00.9050425Z [36;1mgh issue comment $RNNUMBER --body "Se finaliza Ka0s 14377578108"[0m
end-workflow	Finaliza el workflow	2025-04-10T10:05:00.9055519Z [36;1mgh workflow run inspector.yml --ref 'main' -f kaos-issue-id=$RNNUMBER -f kaos-workflow-id="14377578108" -f kaos-user-start=""[0m
end-workflow	Finaliza el workflow	2025-04-10T10:05:00.9075005Z shell: /usr/bin/bash -e {0}
end-workflow	Finaliza el workflow	2025-04-10T10:05:00.9076757Z env:
end-workflow	Finaliza el workflow	2025-04-10T10:05:00.9078074Z   KAOS_MODULE: [Ka0S] HTMLLINT
end-workflow	Finaliza el workflow	2025-04-10T10:05:00.9080356Z   GH_TOKEN: ***
end-workflow	Finaliza el workflow	2025-04-10T10:05:00.9081941Z   KAOS_HTMLLINT_CONFIG: core/config/.htmllintrc
end-workflow	Finaliza el workflow	2025-04-10T10:05:00.9083952Z   KAOS_PATH_RESUME: core/outputs/h/
end-workflow	Finaliza el workflow	2025-04-10T10:05:00.9085898Z   KAOS_REPO: /actions-runner/_work/kaos/kaos
end-workflow	Finaliza el workflow	2025-04-10T10:05:00.9087767Z   KAOS_STEP_MODULE: 
end-workflow	Finaliza el workflow	2025-04-10T10:05:00.9089186Z   KAOS_CODE: 14377578108
end-workflow	Finaliza el workflow	2025-04-10T10:05:00.9091057Z   KAOS_REF_BRANCH: main
end-workflow	Finaliza el workflow	2025-04-10T10:05:00.9092483Z ##[endgroup]
end-workflow	Finaliza el workflow	2025-04-10T10:05:00.9172404Z End process
end-workflow	Finaliza el workflow	2025-04-10T10:05:02.1373684Z https://github.com/Ka0s-Klaus/ka0s/issues/306#issuecomment-2792229309
end-workflow	Post Checkout code	﻿2025-04-10T10:05:03.9538907Z Post job cleanup.
end-workflow	Post Checkout code	2025-04-10T10:05:04.0797393Z [command]/usr/bin/git version
end-workflow	Post Checkout code	2025-04-10T10:05:04.0845891Z git version 2.43.0
end-workflow	Post Checkout code	2025-04-10T10:05:04.0888269Z Copying '/home/kaos/.gitconfig' to '/actions-runner/_work/_temp/69e17333-ff4b-4857-b6e4-132f689e5899/.gitconfig'
end-workflow	Post Checkout code	2025-04-10T10:05:04.0905707Z Temporarily overriding HOME='/actions-runner/_work/_temp/69e17333-ff4b-4857-b6e4-132f689e5899' before making global git config changes
end-workflow	Post Checkout code	2025-04-10T10:05:04.0907177Z Adding repository directory to the temporary git global config as a safe directory
end-workflow	Post Checkout code	2025-04-10T10:05:04.0912049Z [command]/usr/bin/git config --global --add safe.directory /actions-runner/_work/ka0s/ka0s
end-workflow	Post Checkout code	2025-04-10T10:05:04.1015131Z [command]/usr/bin/git config --local --name-only --get-regexp core\.sshCommand
end-workflow	Post Checkout code	2025-04-10T10:05:04.1056446Z [command]/usr/bin/git submodule foreach --recursive sh -c "git config --local --name-only --get-regexp 'core\.sshCommand' && git config --local --unset-all 'core.sshCommand' || :"
end-workflow	Post Checkout code	2025-04-10T10:05:04.1507544Z [command]/usr/bin/git config --local --name-only --get-regexp http\.https\:\/\/github\.com\/\.extraheader
end-workflow	Post Checkout code	2025-04-10T10:05:04.1547449Z http.https://github.com/.extraheader
end-workflow	Post Checkout code	2025-04-10T10:05:04.1566229Z [command]/usr/bin/git config --local --unset-all http.https://github.com/.extraheader
end-workflow	Post Checkout code	2025-04-10T10:05:04.1617714Z [command]/usr/bin/git submodule foreach --recursive sh -c "git config --local --name-only --get-regexp 'http\.https\:\/\/github\.com\/\.extraheader' && git config --local --unset-all 'http.https://github.com/.extraheader' || :"
end-workflow	Complete job	﻿2025-04-10T10:05:04.2250926Z Cleaning up orphan processes
