job-core	Set up job	Ôªø2025-04-14T14:08:54.6288546Z Current runner version: '2.323.0'
job-core	Set up job	2025-04-14T14:08:54.6292840Z Runner name: 'ka0s-10'
job-core	Set up job	2025-04-14T14:08:54.6293412Z Machine name: '26a53205c9ac'
job-core	Set up job	2025-04-14T14:08:54.6295130Z ##[group]GITHUB_TOKEN Permissions
job-core	Set up job	2025-04-14T14:08:54.6296611Z Actions: write
job-core	Set up job	2025-04-14T14:08:54.6296936Z Contents: write
job-core	Set up job	2025-04-14T14:08:54.6297235Z Issues: write
job-core	Set up job	2025-04-14T14:08:54.6297528Z Metadata: read
job-core	Set up job	2025-04-14T14:08:54.6297814Z PullRequests: write
job-core	Set up job	2025-04-14T14:08:54.6298107Z ##[endgroup]
job-core	Set up job	2025-04-14T14:08:54.6299388Z Secret source: Actions
job-core	Set up job	2025-04-14T14:08:54.6299766Z Prepare workflow directory
job-core	Set up job	2025-04-14T14:08:54.6676927Z Prepare all required actions
job-core	Set up job	2025-04-14T14:08:54.6702957Z Getting action download info
job-core	Set up job	2025-04-14T14:08:55.8541246Z Download action repository 'actions/checkout@v4' (SHA:11bd71901bbe5b1630ceea73d27597364c9af683)
job-core	Set up job	2025-04-14T14:09:27.1259687Z Download action repository 'actions/setup-node@v4' (SHA:49933ea5288caeca8642d1e84afbd3f7d6820020)
job-core	Set up job	2025-04-14T14:09:27.9552933Z Complete job name: job-core
job-core	Run actions/checkout@v4	Ôªø2025-04-14T14:09:27.9969488Z ##[group]Run actions/checkout@v4
job-core	Run actions/checkout@v4	2025-04-14T14:09:27.9969912Z with:
job-core	Run actions/checkout@v4	2025-04-14T14:09:27.9970090Z   fetch-depth: 0
job-core	Run actions/checkout@v4	2025-04-14T14:09:27.9970550Z   token: ***
job-core	Run actions/checkout@v4	2025-04-14T14:09:27.9970729Z   repository: Ka0s-Klaus/ka0s
job-core	Run actions/checkout@v4	2025-04-14T14:09:27.9970927Z   ssh-strict: true
job-core	Run actions/checkout@v4	2025-04-14T14:09:27.9971097Z   ssh-user: git
job-core	Run actions/checkout@v4	2025-04-14T14:09:27.9971279Z   persist-credentials: true
job-core	Run actions/checkout@v4	2025-04-14T14:09:27.9971465Z   clean: true
job-core	Run actions/checkout@v4	2025-04-14T14:09:27.9971650Z   sparse-checkout-cone-mode: true
job-core	Run actions/checkout@v4	2025-04-14T14:09:27.9971853Z   fetch-tags: false
job-core	Run actions/checkout@v4	2025-04-14T14:09:27.9972031Z   show-progress: true
job-core	Run actions/checkout@v4	2025-04-14T14:09:27.9972222Z   lfs: false
job-core	Run actions/checkout@v4	2025-04-14T14:09:27.9972379Z   submodules: false
job-core	Run actions/checkout@v4	2025-04-14T14:09:27.9972559Z   set-safe-directory: true
job-core	Run actions/checkout@v4	2025-04-14T14:09:27.9972863Z env:
job-core	Run actions/checkout@v4	2025-04-14T14:09:27.9973032Z   KAOS_MODULE: [Ka0S] MDLINT
job-core	Run actions/checkout@v4	2025-04-14T14:09:27.9973287Z   GH_TOKEN: ***
job-core	Run actions/checkout@v4	2025-04-14T14:09:27.9973462Z   FILE_ERROR: 
job-core	Run actions/checkout@v4	2025-04-14T14:09:27.9973746Z   KAOS_MD_CONFIG: core/config/.markdownlint.json
job-core	Run actions/checkout@v4	2025-04-14T14:09:27.9974024Z   KAOS_PATH_RESUME: core/outputs/m/
job-core	Run actions/checkout@v4	2025-04-14T14:09:27.9974337Z   KAOS_REPO: /actions-runner/_work/kaos/kaos
job-core	Run actions/checkout@v4	2025-04-14T14:09:27.9974659Z   KAOS_STEP_MODULE: 
job-core	Run actions/checkout@v4	2025-04-14T14:09:27.9974864Z   KAOS_CODE: 14447785539
job-core	Run actions/checkout@v4	2025-04-14T14:09:27.9975078Z ##[endgroup]
job-core	Run actions/checkout@v4	2025-04-14T14:09:28.0772977Z Syncing repository: Ka0s-Klaus/ka0s
job-core	Run actions/checkout@v4	2025-04-14T14:09:28.0774110Z ##[group]Getting Git version info
job-core	Run actions/checkout@v4	2025-04-14T14:09:28.0774564Z Working directory is '/actions-runner/_work/ka0s/ka0s'
job-core	Run actions/checkout@v4	2025-04-14T14:09:28.0775136Z [command]/usr/bin/git version
job-core	Run actions/checkout@v4	2025-04-14T14:09:28.0775383Z git version 2.43.0
job-core	Run actions/checkout@v4	2025-04-14T14:09:28.0784927Z ##[endgroup]
job-core	Run actions/checkout@v4	2025-04-14T14:09:28.0799497Z Copying '/home/kaos/.gitconfig' to '/actions-runner/_work/_temp/8dd35869-cea6-452a-b6a0-ca55559fa496/.gitconfig'
job-core	Run actions/checkout@v4	2025-04-14T14:09:28.0815124Z Temporarily overriding HOME='/actions-runner/_work/_temp/8dd35869-cea6-452a-b6a0-ca55559fa496' before making global git config changes
job-core	Run actions/checkout@v4	2025-04-14T14:09:28.0816211Z Adding repository directory to the temporary git global config as a safe directory
job-core	Run actions/checkout@v4	2025-04-14T14:09:28.0823558Z [command]/usr/bin/git config --global --add safe.directory /actions-runner/_work/ka0s/ka0s
job-core	Run actions/checkout@v4	2025-04-14T14:09:28.0862811Z [command]/usr/bin/git config --local --get remote.origin.url
job-core	Run actions/checkout@v4	2025-04-14T14:09:28.0883105Z https://github.com/Ka0s-Klaus/ka0s
job-core	Run actions/checkout@v4	2025-04-14T14:09:28.0903951Z ##[group]Removing previously created refs, to avoid conflicts
job-core	Run actions/checkout@v4	2025-04-14T14:09:28.0909725Z [command]/usr/bin/git rev-parse --symbolic-full-name --verify --quiet HEAD
job-core	Run actions/checkout@v4	2025-04-14T14:09:28.0927565Z refs/heads/main
job-core	Run actions/checkout@v4	2025-04-14T14:09:28.0934250Z [command]/usr/bin/git checkout --detach
job-core	Run actions/checkout@v4	2025-04-14T14:09:28.1004095Z HEAD is now at 33b3fae6 A√±adimos un control para subir todos los ficheros generados
job-core	Run actions/checkout@v4	2025-04-14T14:09:28.1050173Z [command]/usr/bin/git branch --delete --force main
job-core	Run actions/checkout@v4	2025-04-14T14:09:28.1085916Z Deleted branch main (was 33b3fae6).
job-core	Run actions/checkout@v4	2025-04-14T14:09:28.1134343Z ##[endgroup]
job-core	Run actions/checkout@v4	2025-04-14T14:09:28.1138215Z [command]/usr/bin/git submodule status
job-core	Run actions/checkout@v4	2025-04-14T14:09:28.1387298Z ##[group]Cleaning the repository
job-core	Run actions/checkout@v4	2025-04-14T14:09:28.1391709Z [command]/usr/bin/git clean -ffdx
job-core	Run actions/checkout@v4	2025-04-14T14:09:28.1440912Z [command]/usr/bin/git reset --hard HEAD
job-core	Run actions/checkout@v4	2025-04-14T14:09:28.1547958Z HEAD is now at 33b3fae6 A√±adimos un control para subir todos los ficheros generados
job-core	Run actions/checkout@v4	2025-04-14T14:09:28.1567332Z ##[endgroup]
job-core	Run actions/checkout@v4	2025-04-14T14:09:28.1568295Z ##[group]Disabling automatic garbage collection
job-core	Run actions/checkout@v4	2025-04-14T14:09:28.1568804Z [command]/usr/bin/git config --local gc.auto 0
job-core	Run actions/checkout@v4	2025-04-14T14:09:28.1584520Z ##[endgroup]
job-core	Run actions/checkout@v4	2025-04-14T14:09:28.1585299Z ##[group]Setting up auth
job-core	Run actions/checkout@v4	2025-04-14T14:09:28.1600860Z [command]/usr/bin/git config --local --name-only --get-regexp core\.sshCommand
job-core	Run actions/checkout@v4	2025-04-14T14:09:28.1627672Z [command]/usr/bin/git submodule foreach --recursive sh -c "git config --local --name-only --get-regexp 'core\.sshCommand' && git config --local --unset-all 'core.sshCommand' || :"
job-core	Run actions/checkout@v4	2025-04-14T14:09:28.1868197Z [command]/usr/bin/git config --local --name-only --get-regexp http\.https\:\/\/github\.com\/\.extraheader
job-core	Run actions/checkout@v4	2025-04-14T14:09:28.1899418Z [command]/usr/bin/git submodule foreach --recursive sh -c "git config --local --name-only --get-regexp 'http\.https\:\/\/github\.com\/\.extraheader' && git config --local --unset-all 'http.https://github.com/.extraheader' || :"
job-core	Run actions/checkout@v4	2025-04-14T14:09:28.2155525Z [command]/usr/bin/git config --local http.https://github.com/.extraheader AUTHORIZATION: basic ***
job-core	Run actions/checkout@v4	2025-04-14T14:09:28.2198604Z ##[endgroup]
job-core	Run actions/checkout@v4	2025-04-14T14:09:28.2199285Z ##[group]Fetching the repository
job-core	Run actions/checkout@v4	2025-04-14T14:09:28.2205376Z [command]/usr/bin/git -c protocol.version=2 fetch --prune --no-recurse-submodules origin +refs/heads/*:refs/remotes/origin/* +refs/tags/*:refs/tags/*
job-core	Run actions/checkout@v4	2025-04-14T14:09:28.9206774Z From https://github.com/Ka0s-Klaus/ka0s
job-core	Run actions/checkout@v4	2025-04-14T14:09:28.9207267Z    553c4971..9b5d95b1  H306-ficheros-de-estadisticas -> origin/H306-ficheros-de-estadisticas
job-core	Run actions/checkout@v4	2025-04-14T14:09:28.9207585Z    33b3fae6..9463bc34  main       -> origin/main
job-core	Run actions/checkout@v4	2025-04-14T14:09:28.9244136Z [command]/usr/bin/git branch --list --remote origin/H306-ficheros-de-estadisticas
job-core	Run actions/checkout@v4	2025-04-14T14:09:28.9264325Z   origin/H306-ficheros-de-estadisticas
job-core	Run actions/checkout@v4	2025-04-14T14:09:28.9269224Z [command]/usr/bin/git rev-parse refs/remotes/origin/H306-ficheros-de-estadisticas
job-core	Run actions/checkout@v4	2025-04-14T14:09:28.9288056Z 9b5d95b12b22657d0083dcb5246845555989b5c9
job-core	Run actions/checkout@v4	2025-04-14T14:09:28.9291847Z ##[endgroup]
job-core	Run actions/checkout@v4	2025-04-14T14:09:28.9292105Z ##[group]Determining the checkout info
job-core	Run actions/checkout@v4	2025-04-14T14:09:28.9292465Z ##[endgroup]
job-core	Run actions/checkout@v4	2025-04-14T14:09:28.9298582Z [command]/usr/bin/git sparse-checkout disable
job-core	Run actions/checkout@v4	2025-04-14T14:09:28.9354649Z [command]/usr/bin/git config --local --unset-all extensions.worktreeConfig
job-core	Run actions/checkout@v4	2025-04-14T14:09:28.9384535Z ##[group]Checking out the ref
job-core	Run actions/checkout@v4	2025-04-14T14:09:28.9391568Z [command]/usr/bin/git checkout --progress --force -B H306-ficheros-de-estadisticas refs/remotes/origin/H306-ficheros-de-estadisticas
job-core	Run actions/checkout@v4	2025-04-14T14:09:28.9509969Z Previous HEAD position was 33b3fae6 A√±adimos un control para subir todos los ficheros generados
job-core	Run actions/checkout@v4	2025-04-14T14:09:28.9510700Z Switched to a new branch 'H306-ficheros-de-estadisticas'
job-core	Run actions/checkout@v4	2025-04-14T14:09:28.9511457Z branch 'H306-ficheros-de-estadisticas' set up to track 'origin/H306-ficheros-de-estadisticas'.
job-core	Run actions/checkout@v4	2025-04-14T14:09:28.9514724Z ##[endgroup]
job-core	Run actions/checkout@v4	2025-04-14T14:09:28.9547311Z [command]/usr/bin/git log -1 --format=%H
job-core	Run actions/checkout@v4	2025-04-14T14:09:28.9573598Z 9b5d95b12b22657d0083dcb5246845555989b5c9
job-core	Run actions/setup-node@v4	Ôªø2025-04-14T14:09:28.9723129Z ##[group]Run actions/setup-node@v4
job-core	Run actions/setup-node@v4	2025-04-14T14:09:28.9723337Z with:
job-core	Run actions/setup-node@v4	2025-04-14T14:09:28.9723470Z   node-version: 20
job-core	Run actions/setup-node@v4	2025-04-14T14:09:28.9723609Z   always-auth: false
job-core	Run actions/setup-node@v4	2025-04-14T14:09:28.9723753Z   check-latest: false
job-core	Run actions/setup-node@v4	2025-04-14T14:09:28.9723986Z   token: ***
job-core	Run actions/setup-node@v4	2025-04-14T14:09:28.9724112Z env:
job-core	Run actions/setup-node@v4	2025-04-14T14:09:28.9724236Z   KAOS_MODULE: [Ka0S] MDLINT
job-core	Run actions/setup-node@v4	2025-04-14T14:09:28.9724771Z   GH_TOKEN: ***
job-core	Run actions/setup-node@v4	2025-04-14T14:09:28.9724944Z   FILE_ERROR: 
job-core	Run actions/setup-node@v4	2025-04-14T14:09:28.9725149Z   KAOS_MD_CONFIG: core/config/.markdownlint.json
job-core	Run actions/setup-node@v4	2025-04-14T14:09:28.9725378Z   KAOS_PATH_RESUME: core/outputs/m/
job-core	Run actions/setup-node@v4	2025-04-14T14:09:28.9725599Z   KAOS_REPO: /actions-runner/_work/kaos/kaos
job-core	Run actions/setup-node@v4	2025-04-14T14:09:28.9725804Z   KAOS_STEP_MODULE: 
job-core	Run actions/setup-node@v4	2025-04-14T14:09:28.9726104Z   KAOS_CODE: 14447785539
job-core	Run actions/setup-node@v4	2025-04-14T14:09:28.9726252Z ##[endgroup]
job-core	Run actions/setup-node@v4	2025-04-14T14:09:29.0947638Z Found in cache @ /actions-runner/_work/_tool/node/20.19.0/x64
job-core	Run actions/setup-node@v4	2025-04-14T14:09:29.0953889Z ##[group]Environment details
job-core	Run actions/setup-node@v4	2025-04-14T14:09:29.2515842Z node: v20.19.0
job-core	Run actions/setup-node@v4	2025-04-14T14:09:29.2516659Z npm: 10.8.2
job-core	Run actions/setup-node@v4	2025-04-14T14:09:29.2516908Z yarn: 
job-core	Run actions/setup-node@v4	2025-04-14T14:09:29.2517345Z ##[endgroup]
job-core	Run npm install -g markdownlint-cli2	Ôªø2025-04-14T14:09:29.2589220Z ##[group]Run npm install -g markdownlint-cli2
job-core	Run npm install -g markdownlint-cli2	2025-04-14T14:09:29.2589557Z [36;1mnpm install -g markdownlint-cli2[0m
job-core	Run npm install -g markdownlint-cli2	2025-04-14T14:09:29.2608155Z shell: /usr/bin/bash -e {0}
job-core	Run npm install -g markdownlint-cli2	2025-04-14T14:09:29.2608346Z env:
job-core	Run npm install -g markdownlint-cli2	2025-04-14T14:09:29.2608487Z   KAOS_MODULE: [Ka0S] MDLINT
job-core	Run npm install -g markdownlint-cli2	2025-04-14T14:09:29.2608806Z   GH_TOKEN: ***
job-core	Run npm install -g markdownlint-cli2	2025-04-14T14:09:29.2608934Z   FILE_ERROR: 
job-core	Run npm install -g markdownlint-cli2	2025-04-14T14:09:29.2609090Z   KAOS_MD_CONFIG: core/config/.markdownlint.json
job-core	Run npm install -g markdownlint-cli2	2025-04-14T14:09:29.2609288Z   KAOS_PATH_RESUME: core/outputs/m/
job-core	Run npm install -g markdownlint-cli2	2025-04-14T14:09:29.2609470Z   KAOS_REPO: /actions-runner/_work/kaos/kaos
job-core	Run npm install -g markdownlint-cli2	2025-04-14T14:09:29.2609657Z   KAOS_STEP_MODULE: 
job-core	Run npm install -g markdownlint-cli2	2025-04-14T14:09:29.2609803Z   KAOS_CODE: 14447785539
job-core	Run npm install -g markdownlint-cli2	2025-04-14T14:09:29.2609944Z ##[endgroup]
job-core	Run npm install -g markdownlint-cli2	2025-04-14T14:09:30.9827428Z 
job-core	Run npm install -g markdownlint-cli2	2025-04-14T14:09:30.9833143Z changed 80 packages in 2s
job-core	Run npm install -g markdownlint-cli2	2025-04-14T14:09:30.9833410Z 
job-core	Run npm install -g markdownlint-cli2	2025-04-14T14:09:30.9833608Z 48 packages are looking for funding
job-core	Run npm install -g markdownlint-cli2	2025-04-14T14:09:30.9833966Z   run `npm fund` for details
job-core	Run # Realizamos el check del documento md 	Ôªø2025-04-14T14:09:30.9947610Z ##[group]Run # Realizamos el check del documento md 
job-core	Run # Realizamos el check del documento md 	2025-04-14T14:09:30.9947952Z [36;1m# Realizamos el check del documento md [0m
job-core	Run # Realizamos el check del documento md 	2025-04-14T14:09:30.9948242Z [36;1m    # Run markdownlint with the specified files and ignore rules[0m
job-core	Run # Realizamos el check del documento md 	2025-04-14T14:09:30.9948739Z [36;1m    markdownlint-cli2 INDEX.md --config core/config/.markdownlint.json > core/outputs/m/mdlint-results-14447785539.txt 2>&1 || true[0m
job-core	Run # Realizamos el check del documento md 	2025-04-14T14:09:30.9949166Z [36;1m    # Check if exist errors in file[0m
job-core	Run # Realizamos el check del documento md 	2025-04-14T14:09:30.9949438Z [36;1m    # Abre el fichero en modo lectura y lee todas las l√≠neas[0m
job-core	Run # Realizamos el check del documento md 	2025-04-14T14:09:30.9949775Z [36;1m    lines=$(cat core/outputs/m/mdlint-results-14447785539.txt)[0m
job-core	Run # Realizamos el check del documento md 	2025-04-14T14:09:30.9950088Z [36;1m    # Inicializa la variable summary_value[0m
job-core	Run # Realizamos el check del documento md 	2025-04-14T14:09:30.9950321Z [36;1m    summary_value=""[0m
job-core	Run # Realizamos el check del documento md 	2025-04-14T14:09:30.9950549Z [36;1m    # Busca la l√≠nea que contiene "Summary:"[0m
job-core	Run # Realizamos el check del documento md 	2025-04-14T14:09:30.9950807Z [36;1m    while IFS= read -r line; do[0m
job-core	Run # Realizamos el check del documento md 	2025-04-14T14:09:30.9951021Z [36;1m        if [[ "$line" == *"Summary:"* ]]; then[0m
job-core	Run # Realizamos el check del documento md 	2025-04-14T14:09:30.9951298Z [36;1m            # Extrae el n√∫mero despu√©s de "Summary:"[0m
job-core	Run # Realizamos el check del documento md 	2025-04-14T14:09:30.9951615Z [36;1m            summary_value=$(echo "$line" | awk -F'Summary: ' '{print $2}' | awk '{print $1}')[0m
job-core	Run # Realizamos el check del documento md 	2025-04-14T14:09:30.9951899Z [36;1m            break[0m
job-core	Run # Realizamos el check del documento md 	2025-04-14T14:09:30.9952071Z [36;1m        fi[0m
job-core	Run # Realizamos el check del documento md 	2025-04-14T14:09:30.9952227Z [36;1m    done <<< "$lines"[0m
job-core	Run # Realizamos el check del documento md 	2025-04-14T14:09:30.9952424Z [36;1m    # Comprueba si el valor es cero[0m
job-core	Run # Realizamos el check del documento md 	2025-04-14T14:09:30.9953206Z [36;1m    if [ "$summary_value" == "0" ]; then[0m
job-core	Run # Realizamos el check del documento md 	2025-04-14T14:09:30.9953581Z [36;1m      echo "File core/outputs/m/mdlint-results-14447785539.txt is empty and $file is content correct"[0m
job-core	Run # Realizamos el check del documento md 	2025-04-14T14:09:30.9954153Z [36;1m      KAOS_ISSUE_BODY="The [Ka0S] MDLINT process (14447778286) launch the check (14447785539) over file (INDEX.md) and its result has been SUCCESS. Please MERGE"[0m
job-core	Run # Realizamos el check del documento md 	2025-04-14T14:09:30.9954743Z [36;1m      gh issue comment 306 -b "$KAOS_ISSUE_BODY"[0m
job-core	Run # Realizamos el check del documento md 	2025-04-14T14:09:30.9955073Z [36;1m      gh issue comment  306 -F core/outputs/m/mdlint-results-14447785539.txt[0m
job-core	Run # Realizamos el check del documento md 	2025-04-14T14:09:30.9955354Z [36;1m    else[0m
job-core	Run # Realizamos el check del documento md 	2025-04-14T14:09:30.9955732Z [36;1m      echo "File core/outputs/m/mdlint-results-14447785539.txt is not empty and $file is content not correct and write commit info"[0m
job-core	Run # Realizamos el check del documento md 	2025-04-14T14:09:30.9956404Z [36;1m      KAOS_ISSUE_BODY="The [Ka0S] MDLINT process (14447778286) launch the check (14447785539) over file (INDEX.md) and its result has been FAILED, please check and solved it"[0m
job-core	Run # Realizamos el check del documento md 	2025-04-14T14:09:30.9956897Z [36;1m      gh issue comment 306 -b "$KAOS_ISSUE_BODY"[0m
job-core	Run # Realizamos el check del documento md 	2025-04-14T14:09:30.9957350Z [36;1m      gh issue comment  306 -F core/outputs/m/mdlint-results-14447785539.txt[0m
job-core	Run # Realizamos el check del documento md 	2025-04-14T14:09:30.9957624Z [36;1m    fi[0m
job-core	Run # Realizamos el check del documento md 	2025-04-14T14:09:30.9962660Z shell: /usr/bin/bash -e {0}
job-core	Run # Realizamos el check del documento md 	2025-04-14T14:09:30.9962847Z env:
job-core	Run # Realizamos el check del documento md 	2025-04-14T14:09:30.9962995Z   KAOS_MODULE: [Ka0S] MDLINT
job-core	Run # Realizamos el check del documento md 	2025-04-14T14:09:30.9963354Z   GH_TOKEN: ***
job-core	Run # Realizamos el check del documento md 	2025-04-14T14:09:30.9963515Z   FILE_ERROR: 
job-core	Run # Realizamos el check del documento md 	2025-04-14T14:09:30.9963696Z   KAOS_MD_CONFIG: core/config/.markdownlint.json
job-core	Run # Realizamos el check del documento md 	2025-04-14T14:09:30.9964055Z   KAOS_PATH_RESUME: core/outputs/m/
job-core	Run # Realizamos el check del documento md 	2025-04-14T14:09:30.9964279Z   KAOS_REPO: /actions-runner/_work/kaos/kaos
job-core	Run # Realizamos el check del documento md 	2025-04-14T14:09:30.9964556Z   KAOS_STEP_MODULE: 
job-core	Run # Realizamos el check del documento md 	2025-04-14T14:09:30.9964729Z   KAOS_CODE: 14447785539
job-core	Run # Realizamos el check del documento md 	2025-04-14T14:09:30.9964907Z ##[endgroup]
job-core	Run # Realizamos el check del documento md 	2025-04-14T14:09:31.1552867Z File core/outputs/m/mdlint-results-14447785539.txt is not empty and  is content not correct and write commit info
job-core	Run # Realizamos el check del documento md 	2025-04-14T14:09:32.1884839Z https://github.com/Ka0s-Klaus/ka0s/issues/306#issuecomment-2801844663
job-core	Run # Realizamos el check del documento md 	2025-04-14T14:09:33.2741313Z https://github.com/Ka0s-Klaus/ka0s/issues/306#issuecomment-2801844723
job-core	Post Run actions/setup-node@v4	Ôªø2025-04-14T14:09:33.2820773Z Post job cleanup.
job-core	Post Run actions/checkout@v4	Ôªø2025-04-14T14:09:33.3955555Z Post job cleanup.
job-core	Post Run actions/checkout@v4	2025-04-14T14:09:33.4569819Z [command]/usr/bin/git version
job-core	Post Run actions/checkout@v4	2025-04-14T14:09:33.4597401Z git version 2.43.0
job-core	Post Run actions/checkout@v4	2025-04-14T14:09:33.4625660Z Copying '/home/kaos/.gitconfig' to '/actions-runner/_work/_temp/0a43b7d4-d96d-41b7-b981-296832c3a49e/.gitconfig'
job-core	Post Run actions/checkout@v4	2025-04-14T14:09:33.4636057Z Temporarily overriding HOME='/actions-runner/_work/_temp/0a43b7d4-d96d-41b7-b981-296832c3a49e' before making global git config changes
job-core	Post Run actions/checkout@v4	2025-04-14T14:09:33.4636966Z Adding repository directory to the temporary git global config as a safe directory
job-core	Post Run actions/checkout@v4	2025-04-14T14:09:33.4639430Z [command]/usr/bin/git config --global --add safe.directory /actions-runner/_work/ka0s/ka0s
job-core	Post Run actions/checkout@v4	2025-04-14T14:09:33.4673483Z [command]/usr/bin/git config --local --name-only --get-regexp core\.sshCommand
job-core	Post Run actions/checkout@v4	2025-04-14T14:09:33.4700775Z [command]/usr/bin/git submodule foreach --recursive sh -c "git config --local --name-only --get-regexp 'core\.sshCommand' && git config --local --unset-all 'core.sshCommand' || :"
job-core	Post Run actions/checkout@v4	2025-04-14T14:09:33.4949329Z [command]/usr/bin/git config --local --name-only --get-regexp http\.https\:\/\/github\.com\/\.extraheader
job-core	Post Run actions/checkout@v4	2025-04-14T14:09:33.4970679Z http.https://github.com/.extraheader
job-core	Post Run actions/checkout@v4	2025-04-14T14:09:33.4978116Z [command]/usr/bin/git config --local --unset-all http.https://github.com/.extraheader
job-core	Post Run actions/checkout@v4	2025-04-14T14:09:33.5003464Z [command]/usr/bin/git submodule foreach --recursive sh -c "git config --local --name-only --get-regexp 'http\.https\:\/\/github\.com\/\.extraheader' && git config --local --unset-all 'http.https://github.com/.extraheader' || :"
job-core	Complete job	Ôªø2025-04-14T14:09:33.5332222Z Cleaning up orphan processes
handle-success	Set up job	Ôªø2025-04-14T14:11:39.9670211Z Current runner version: '2.323.0'
handle-success	Set up job	2025-04-14T14:11:39.9679590Z Runner name: 'ka0s-1'
handle-success	Set up job	2025-04-14T14:11:39.9680801Z Machine name: '419612ea1a87'
handle-success	Set up job	2025-04-14T14:11:39.9684679Z ##[group]GITHUB_TOKEN Permissions
handle-success	Set up job	2025-04-14T14:11:39.9687610Z Actions: write
handle-success	Set up job	2025-04-14T14:11:39.9688481Z Contents: write
handle-success	Set up job	2025-04-14T14:11:39.9689194Z Issues: write
handle-success	Set up job	2025-04-14T14:11:39.9689858Z Metadata: read
handle-success	Set up job	2025-04-14T14:11:39.9690586Z PullRequests: write
handle-success	Set up job	2025-04-14T14:11:39.9691276Z ##[endgroup]
handle-success	Set up job	2025-04-14T14:11:39.9694398Z Secret source: Actions
handle-success	Set up job	2025-04-14T14:11:39.9695438Z Prepare workflow directory
handle-success	Set up job	2025-04-14T14:11:40.0671445Z Prepare all required actions
handle-success	Set up job	2025-04-14T14:11:40.0752782Z Getting action download info
handle-success	Set up job	2025-04-14T14:11:40.8436530Z Download action repository 'actions/checkout@v4' (SHA:11bd71901bbe5b1630ceea73d27597364c9af683)
handle-success	Set up job	2025-04-14T14:11:43.3731434Z Complete job name: handle-success
handle-success	Checkout code	Ôªø2025-04-14T14:11:43.4482001Z ##[group]Run actions/checkout@v4
handle-success	Checkout code	2025-04-14T14:11:43.4484633Z with:
handle-success	Checkout code	2025-04-14T14:11:43.4485607Z   fetch-depth: 0
handle-success	Checkout code	2025-04-14T14:11:43.4487453Z   token: ***
handle-success	Checkout code	2025-04-14T14:11:43.4488445Z   repository: Ka0s-Klaus/ka0s
handle-success	Checkout code	2025-04-14T14:11:43.4489627Z   ssh-strict: true
handle-success	Checkout code	2025-04-14T14:11:43.4490630Z   ssh-user: git
handle-success	Checkout code	2025-04-14T14:11:43.4491639Z   persist-credentials: true
handle-success	Checkout code	2025-04-14T14:11:43.4493037Z   clean: true
handle-success	Checkout code	2025-04-14T14:11:43.4494125Z   sparse-checkout-cone-mode: true
handle-success	Checkout code	2025-04-14T14:11:43.4495411Z   fetch-tags: false
handle-success	Checkout code	2025-04-14T14:11:43.4496471Z   show-progress: true
handle-success	Checkout code	2025-04-14T14:11:43.4497509Z   lfs: false
handle-success	Checkout code	2025-04-14T14:11:43.4498456Z   submodules: false
handle-success	Checkout code	2025-04-14T14:11:43.4499465Z   set-safe-directory: true
handle-success	Checkout code	2025-04-14T14:11:43.4501297Z env:
handle-success	Checkout code	2025-04-14T14:11:43.4502388Z   KAOS_MODULE: [Ka0S] MDLINT
handle-success	Checkout code	2025-04-14T14:11:43.4504008Z   GH_TOKEN: ***
handle-success	Checkout code	2025-04-14T14:11:43.4504947Z   FILE_ERROR: 
handle-success	Checkout code	2025-04-14T14:11:43.4506047Z   KAOS_MD_CONFIG: core/config/.markdownlint.json
handle-success	Checkout code	2025-04-14T14:11:43.4508204Z   KAOS_PATH_RESUME: core/outputs/m/
handle-success	Checkout code	2025-04-14T14:11:43.4510238Z   KAOS_REPO: /actions-runner/_work/kaos/kaos
handle-success	Checkout code	2025-04-14T14:11:43.4511647Z   KAOS_STEP_MODULE: 
handle-success	Checkout code	2025-04-14T14:11:43.4512887Z   KAOS_CODE: 14447785539
handle-success	Checkout code	2025-04-14T14:11:43.4514853Z ##[endgroup]
handle-success	Checkout code	2025-04-14T14:11:43.6237492Z Syncing repository: Ka0s-Klaus/ka0s
handle-success	Checkout code	2025-04-14T14:11:43.6243279Z ##[group]Getting Git version info
handle-success	Checkout code	2025-04-14T14:11:43.6244765Z Working directory is '/actions-runner/_work/ka0s/ka0s'
handle-success	Checkout code	2025-04-14T14:11:43.6246846Z [command]/usr/bin/git version
handle-success	Checkout code	2025-04-14T14:11:43.6247936Z git version 2.48.1
handle-success	Checkout code	2025-04-14T14:11:43.6274359Z ##[endgroup]
handle-success	Checkout code	2025-04-14T14:11:43.6329486Z Copying '/home/kaos/.gitconfig' to '/actions-runner/_work/_temp/7b06d621-4c7e-4eb1-881b-c5f0c6382b74/.gitconfig'
handle-success	Checkout code	2025-04-14T14:11:43.6337374Z Temporarily overriding HOME='/actions-runner/_work/_temp/7b06d621-4c7e-4eb1-881b-c5f0c6382b74' before making global git config changes
handle-success	Checkout code	2025-04-14T14:11:43.6343294Z Adding repository directory to the temporary git global config as a safe directory
handle-success	Checkout code	2025-04-14T14:11:43.6346975Z [command]/usr/bin/git config --global --add safe.directory /actions-runner/_work/ka0s/ka0s
handle-success	Checkout code	2025-04-14T14:11:43.6393785Z [command]/usr/bin/git config --local --get remote.origin.url
handle-success	Checkout code	2025-04-14T14:11:43.6427317Z https://github.com/Ka0s-Klaus/ka0s
handle-success	Checkout code	2025-04-14T14:11:43.6456652Z ##[group]Removing previously created refs, to avoid conflicts
handle-success	Checkout code	2025-04-14T14:11:43.6462302Z [command]/usr/bin/git rev-parse --symbolic-full-name --verify --quiet HEAD
handle-success	Checkout code	2025-04-14T14:11:43.6493556Z refs/heads/H306-ficheros-de-estadisticas
handle-success	Checkout code	2025-04-14T14:11:43.6509482Z [command]/usr/bin/git checkout --detach
handle-success	Checkout code	2025-04-14T14:11:43.6656891Z HEAD is now at 9b5d95b [Ka0S] Uploading resume execution files to the repository...
handle-success	Checkout code	2025-04-14T14:11:43.6728315Z [command]/usr/bin/git branch --delete --force H306-ficheros-de-estadisticas
handle-success	Checkout code	2025-04-14T14:11:43.6773591Z Deleted branch H306-ficheros-de-estadisticas (was 9b5d95b).
handle-success	Checkout code	2025-04-14T14:11:43.6872346Z ##[endgroup]
handle-success	Checkout code	2025-04-14T14:11:43.6875225Z [command]/usr/bin/git submodule status
handle-success	Checkout code	2025-04-14T14:11:43.7261748Z ##[group]Cleaning the repository
handle-success	Checkout code	2025-04-14T14:11:43.7266629Z [command]/usr/bin/git clean -ffdx
handle-success	Checkout code	2025-04-14T14:11:43.7353474Z [command]/usr/bin/git reset --hard HEAD
handle-success	Checkout code	2025-04-14T14:11:43.7578612Z HEAD is now at 9b5d95b [Ka0S] Uploading resume execution files to the repository...
handle-success	Checkout code	2025-04-14T14:11:43.7590644Z ##[endgroup]
handle-success	Checkout code	2025-04-14T14:11:43.7593800Z ##[group]Disabling automatic garbage collection
handle-success	Checkout code	2025-04-14T14:11:43.7599405Z [command]/usr/bin/git config --local gc.auto 0
handle-success	Checkout code	2025-04-14T14:11:43.7646977Z ##[endgroup]
handle-success	Checkout code	2025-04-14T14:11:43.7649399Z ##[group]Setting up auth
handle-success	Checkout code	2025-04-14T14:11:43.7658260Z [command]/usr/bin/git config --local --name-only --get-regexp core\.sshCommand
handle-success	Checkout code	2025-04-14T14:11:43.7710440Z [command]/usr/bin/git submodule foreach --recursive sh -c "git config --local --name-only --get-regexp 'core\.sshCommand' && git config --local --unset-all 'core.sshCommand' || :"
handle-success	Checkout code	2025-04-14T14:11:43.8119998Z [command]/usr/bin/git config --local --name-only --get-regexp http\.https\:\/\/github\.com\/\.extraheader
handle-success	Checkout code	2025-04-14T14:11:43.8187054Z [command]/usr/bin/git submodule foreach --recursive sh -c "git config --local --name-only --get-regexp 'http\.https\:\/\/github\.com\/\.extraheader' && git config --local --unset-all 'http.https://github.com/.extraheader' || :"
handle-success	Checkout code	2025-04-14T14:11:43.8731896Z [command]/usr/bin/git config --local http.https://github.com/.extraheader AUTHORIZATION: basic ***
handle-success	Checkout code	2025-04-14T14:11:43.8827619Z ##[endgroup]
handle-success	Checkout code	2025-04-14T14:11:43.8829009Z ##[group]Fetching the repository
handle-success	Checkout code	2025-04-14T14:11:43.8841141Z [command]/usr/bin/git -c protocol.version=2 fetch --prune --no-recurse-submodules origin +refs/heads/*:refs/remotes/origin/* +refs/tags/*:refs/tags/*
handle-success	Checkout code	2025-04-14T14:11:44.8109567Z [command]/usr/bin/git branch --list --remote origin/H306-ficheros-de-estadisticas
handle-success	Checkout code	2025-04-14T14:11:44.8177212Z   origin/H306-ficheros-de-estadisticas
handle-success	Checkout code	2025-04-14T14:11:44.8194580Z [command]/usr/bin/git rev-parse refs/remotes/origin/H306-ficheros-de-estadisticas
handle-success	Checkout code	2025-04-14T14:11:44.8237142Z 9b5d95b12b22657d0083dcb5246845555989b5c9
handle-success	Checkout code	2025-04-14T14:11:44.8248670Z ##[endgroup]
handle-success	Checkout code	2025-04-14T14:11:44.8250037Z ##[group]Determining the checkout info
handle-success	Checkout code	2025-04-14T14:11:44.8252593Z ##[endgroup]
handle-success	Checkout code	2025-04-14T14:11:44.8257862Z [command]/usr/bin/git sparse-checkout disable
handle-success	Checkout code	2025-04-14T14:11:44.8376944Z [command]/usr/bin/git config --local --unset-all extensions.worktreeConfig
handle-success	Checkout code	2025-04-14T14:11:44.8431530Z ##[group]Checking out the ref
handle-success	Checkout code	2025-04-14T14:11:44.8438372Z [command]/usr/bin/git checkout --progress --force -B H306-ficheros-de-estadisticas refs/remotes/origin/H306-ficheros-de-estadisticas
handle-success	Checkout code	2025-04-14T14:11:44.8650354Z Switched to a new branch 'H306-ficheros-de-estadisticas'
handle-success	Checkout code	2025-04-14T14:11:44.8656928Z branch 'H306-ficheros-de-estadisticas' set up to track 'origin/H306-ficheros-de-estadisticas'.
handle-success	Checkout code	2025-04-14T14:11:44.8672587Z ##[endgroup]
handle-success	Checkout code	2025-04-14T14:11:44.8756104Z [command]/usr/bin/git log -1 --format=%H
handle-success	Checkout code	2025-04-14T14:11:44.8814831Z 9b5d95b12b22657d0083dcb5246845555989b5c9
handle-success	handle-success-execution	Ôªø2025-04-14T14:11:44.9273835Z ##[group]Run # Si todo ha ido correcto a√±adimos el contenido del fichero 
handle-success	handle-success-execution	2025-04-14T14:11:44.9275575Z [36;1m# Si todo ha ido correcto a√±adimos el contenido del fichero [0m
handle-success	handle-success-execution	2025-04-14T14:11:44.9276798Z [36;1mRNNUMBER=$(echo "refs/heads/H306-ficheros-de-estadisticas" | grep -o '[0-9]*')[0m
handle-success	handle-success-execution	2025-04-14T14:11:44.9278562Z [36;1mgh issue comment $RNNUMBER --body "El proceso ha finalizado correctamente 14447785539. El resultado est√° en el fichero core/results/event_data14447785539.log"[0m
handle-success	handle-success-execution	2025-04-14T14:11:44.9336382Z shell: /usr/bin/bash -e {0}
handle-success	handle-success-execution	2025-04-14T14:11:44.9338824Z env:
handle-success	handle-success-execution	2025-04-14T14:11:44.9339355Z   KAOS_MODULE: [Ka0S] MDLINT
handle-success	handle-success-execution	2025-04-14T14:11:44.9340398Z   GH_TOKEN: ***
handle-success	handle-success-execution	2025-04-14T14:11:44.9340896Z   FILE_ERROR: 
handle-success	handle-success-execution	2025-04-14T14:11:44.9341443Z   KAOS_MD_CONFIG: core/config/.markdownlint.json
handle-success	handle-success-execution	2025-04-14T14:11:44.9343551Z   KAOS_PATH_RESUME: core/outputs/m/
handle-success	handle-success-execution	2025-04-14T14:11:44.9344332Z   KAOS_REPO: /actions-runner/_work/kaos/kaos
handle-success	handle-success-execution	2025-04-14T14:11:44.9344971Z   KAOS_STEP_MODULE: 
handle-success	handle-success-execution	2025-04-14T14:11:44.9345614Z   KAOS_CODE: 14447785539
handle-success	handle-success-execution	2025-04-14T14:11:44.9346121Z ##[endgroup]
handle-success	handle-success-execution	2025-04-14T14:11:46.5094216Z https://github.com/Ka0s-Klaus/ka0s/issues/306#issuecomment-2801851895
handle-success	Post Checkout code	Ôªø2025-04-14T14:11:46.5388958Z Post job cleanup.
handle-success	Post Checkout code	2025-04-14T14:11:46.7514518Z [command]/usr/bin/git version
handle-success	Post Checkout code	2025-04-14T14:11:46.7617261Z git version 2.48.1
handle-success	Post Checkout code	2025-04-14T14:11:46.7719786Z Copying '/home/kaos/.gitconfig' to '/actions-runner/_work/_temp/0a23fbb8-0c6b-4aa4-9c20-16ff07f52777/.gitconfig'
handle-success	Post Checkout code	2025-04-14T14:11:46.7755424Z Temporarily overriding HOME='/actions-runner/_work/_temp/0a23fbb8-0c6b-4aa4-9c20-16ff07f52777' before making global git config changes
handle-success	Post Checkout code	2025-04-14T14:11:46.7765037Z Adding repository directory to the temporary git global config as a safe directory
handle-success	Post Checkout code	2025-04-14T14:11:46.7784369Z [command]/usr/bin/git config --global --add safe.directory /actions-runner/_work/ka0s/ka0s
handle-success	Post Checkout code	2025-04-14T14:11:46.7894067Z [command]/usr/bin/git config --local --name-only --get-regexp core\.sshCommand
handle-success	Post Checkout code	2025-04-14T14:11:46.8004982Z [command]/usr/bin/git submodule foreach --recursive sh -c "git config --local --name-only --get-regexp 'core\.sshCommand' && git config --local --unset-all 'core.sshCommand' || :"
handle-success	Post Checkout code	2025-04-14T14:11:46.8557953Z [command]/usr/bin/git config --local --name-only --get-regexp http\.https\:\/\/github\.com\/\.extraheader
handle-success	Post Checkout code	2025-04-14T14:11:46.8598831Z http.https://github.com/.extraheader
handle-success	Post Checkout code	2025-04-14T14:11:46.8620283Z [command]/usr/bin/git config --local --unset-all http.https://github.com/.extraheader
handle-success	Post Checkout code	2025-04-14T14:11:46.8676661Z [command]/usr/bin/git submodule foreach --recursive sh -c "git config --local --name-only --get-regexp 'http\.https\:\/\/github\.com\/\.extraheader' && git config --local --unset-all 'http.https://github.com/.extraheader' || :"
handle-success	Complete job	Ôªø2025-04-14T14:11:46.9282954Z Cleaning up orphan processes
end-workflow	Set up job	Ôªø2025-04-14T14:11:54.7445952Z Current runner version: '2.323.0'
end-workflow	Set up job	2025-04-14T14:11:54.7459430Z Runner name: 'ka0s-1'
end-workflow	Set up job	2025-04-14T14:11:54.7461267Z Machine name: '419612ea1a87'
end-workflow	Set up job	2025-04-14T14:11:54.7467206Z ##[group]GITHUB_TOKEN Permissions
end-workflow	Set up job	2025-04-14T14:11:54.7472321Z Actions: write
end-workflow	Set up job	2025-04-14T14:11:54.7473584Z Contents: write
end-workflow	Set up job	2025-04-14T14:11:54.7474642Z Issues: write
end-workflow	Set up job	2025-04-14T14:11:54.7475781Z Metadata: read
end-workflow	Set up job	2025-04-14T14:11:54.7476841Z PullRequests: write
end-workflow	Set up job	2025-04-14T14:11:54.7477886Z ##[endgroup]
end-workflow	Set up job	2025-04-14T14:11:54.7585021Z Secret source: Actions
end-workflow	Set up job	2025-04-14T14:11:54.7586504Z Prepare workflow directory
end-workflow	Set up job	2025-04-14T14:11:54.8907429Z Prepare all required actions
end-workflow	Set up job	2025-04-14T14:11:54.8969302Z Getting action download info
end-workflow	Set up job	2025-04-14T14:11:55.7488019Z Download action repository 'actions/checkout@v4' (SHA:11bd71901bbe5b1630ceea73d27597364c9af683)
end-workflow	Set up job	2025-04-14T14:11:58.4469597Z Complete job name: end-workflow
end-workflow	Checkout code	Ôªø2025-04-14T14:11:58.5148233Z ##[group]Run actions/checkout@v4
end-workflow	Checkout code	2025-04-14T14:11:58.5149469Z with:
end-workflow	Checkout code	2025-04-14T14:11:58.5149857Z   fetch-depth: 0
end-workflow	Checkout code	2025-04-14T14:11:58.5150795Z   token: ***
end-workflow	Checkout code	2025-04-14T14:11:58.5151196Z   repository: Ka0s-Klaus/ka0s
end-workflow	Checkout code	2025-04-14T14:11:58.5151636Z   ssh-strict: true
end-workflow	Checkout code	2025-04-14T14:11:58.5152000Z   ssh-user: git
end-workflow	Checkout code	2025-04-14T14:11:58.5152547Z   persist-credentials: true
end-workflow	Checkout code	2025-04-14T14:11:58.5152968Z   clean: true
end-workflow	Checkout code	2025-04-14T14:11:58.5153358Z   sparse-checkout-cone-mode: true
end-workflow	Checkout code	2025-04-14T14:11:58.5153809Z   fetch-tags: false
end-workflow	Checkout code	2025-04-14T14:11:58.5154215Z   show-progress: true
end-workflow	Checkout code	2025-04-14T14:11:58.5154619Z   lfs: false
end-workflow	Checkout code	2025-04-14T14:11:58.5154987Z   submodules: false
end-workflow	Checkout code	2025-04-14T14:11:58.5155375Z   set-safe-directory: true
end-workflow	Checkout code	2025-04-14T14:11:58.5156300Z env:
end-workflow	Checkout code	2025-04-14T14:11:58.5156683Z   KAOS_MODULE: [Ka0S] MDLINT
end-workflow	Checkout code	2025-04-14T14:11:58.5157318Z   GH_TOKEN: ***
end-workflow	Checkout code	2025-04-14T14:11:58.5157683Z   FILE_ERROR: 
end-workflow	Checkout code	2025-04-14T14:11:58.5158098Z   KAOS_MD_CONFIG: core/config/.markdownlint.json
end-workflow	Checkout code	2025-04-14T14:11:58.5158661Z   KAOS_PATH_RESUME: core/outputs/m/
end-workflow	Checkout code	2025-04-14T14:11:58.5159255Z   KAOS_REPO: /actions-runner/_work/kaos/kaos
end-workflow	Checkout code	2025-04-14T14:11:58.5159772Z   KAOS_STEP_MODULE: 
end-workflow	Checkout code	2025-04-14T14:11:58.5160180Z   KAOS_CODE: 14447785539
end-workflow	Checkout code	2025-04-14T14:11:58.5160571Z ##[endgroup]
end-workflow	Checkout code	2025-04-14T14:11:58.7499371Z Syncing repository: Ka0s-Klaus/ka0s
end-workflow	Checkout code	2025-04-14T14:11:58.7502662Z ##[group]Getting Git version info
end-workflow	Checkout code	2025-04-14T14:11:58.7503640Z Working directory is '/actions-runner/_work/ka0s/ka0s'
end-workflow	Checkout code	2025-04-14T14:11:58.7504957Z [command]/usr/bin/git version
end-workflow	Checkout code	2025-04-14T14:11:58.7505580Z git version 2.48.1
end-workflow	Checkout code	2025-04-14T14:11:58.7507655Z ##[endgroup]
end-workflow	Checkout code	2025-04-14T14:11:58.7521114Z Copying '/home/kaos/.gitconfig' to '/actions-runner/_work/_temp/6b9c71ce-8284-4782-ba92-61b820828a6d/.gitconfig'
end-workflow	Checkout code	2025-04-14T14:11:58.7544393Z Temporarily overriding HOME='/actions-runner/_work/_temp/6b9c71ce-8284-4782-ba92-61b820828a6d' before making global git config changes
end-workflow	Checkout code	2025-04-14T14:11:58.7546960Z Adding repository directory to the temporary git global config as a safe directory
end-workflow	Checkout code	2025-04-14T14:11:58.7560450Z [command]/usr/bin/git config --global --add safe.directory /actions-runner/_work/ka0s/ka0s
end-workflow	Checkout code	2025-04-14T14:11:58.7646919Z [command]/usr/bin/git config --local --get remote.origin.url
end-workflow	Checkout code	2025-04-14T14:11:58.7727619Z https://github.com/Ka0s-Klaus/ka0s
end-workflow	Checkout code	2025-04-14T14:11:58.7771587Z ##[group]Removing previously created refs, to avoid conflicts
end-workflow	Checkout code	2025-04-14T14:11:58.7786714Z [command]/usr/bin/git rev-parse --symbolic-full-name --verify --quiet HEAD
end-workflow	Checkout code	2025-04-14T14:11:58.7836667Z refs/heads/H306-ficheros-de-estadisticas
end-workflow	Checkout code	2025-04-14T14:11:58.7856406Z [command]/usr/bin/git checkout --detach
end-workflow	Checkout code	2025-04-14T14:11:58.8072611Z HEAD is now at 9b5d95b [Ka0S] Uploading resume execution files to the repository...
end-workflow	Checkout code	2025-04-14T14:11:58.8176208Z [command]/usr/bin/git branch --delete --force H306-ficheros-de-estadisticas
end-workflow	Checkout code	2025-04-14T14:11:58.8253597Z Deleted branch H306-ficheros-de-estadisticas (was 9b5d95b).
end-workflow	Checkout code	2025-04-14T14:11:58.8420691Z ##[endgroup]
end-workflow	Checkout code	2025-04-14T14:11:58.8421909Z [command]/usr/bin/git submodule status
end-workflow	Checkout code	2025-04-14T14:11:58.8886712Z ##[group]Cleaning the repository
end-workflow	Checkout code	2025-04-14T14:11:58.8892615Z [command]/usr/bin/git clean -ffdx
end-workflow	Checkout code	2025-04-14T14:11:58.8979439Z [command]/usr/bin/git reset --hard HEAD
end-workflow	Checkout code	2025-04-14T14:11:58.9214166Z HEAD is now at 9b5d95b [Ka0S] Uploading resume execution files to the repository...
end-workflow	Checkout code	2025-04-14T14:11:58.9222892Z ##[endgroup]
end-workflow	Checkout code	2025-04-14T14:11:58.9225321Z ##[group]Disabling automatic garbage collection
end-workflow	Checkout code	2025-04-14T14:11:58.9232623Z [command]/usr/bin/git config --local gc.auto 0
end-workflow	Checkout code	2025-04-14T14:11:58.9276974Z ##[endgroup]
end-workflow	Checkout code	2025-04-14T14:11:58.9277660Z ##[group]Setting up auth
end-workflow	Checkout code	2025-04-14T14:11:58.9293069Z [command]/usr/bin/git config --local --name-only --get-regexp core\.sshCommand
end-workflow	Checkout code	2025-04-14T14:11:58.9359036Z [command]/usr/bin/git submodule foreach --recursive sh -c "git config --local --name-only --get-regexp 'core\.sshCommand' && git config --local --unset-all 'core.sshCommand' || :"
end-workflow	Checkout code	2025-04-14T14:11:59.0048429Z [command]/usr/bin/git config --local --name-only --get-regexp http\.https\:\/\/github\.com\/\.extraheader
end-workflow	Checkout code	2025-04-14T14:11:59.0167836Z [command]/usr/bin/git submodule foreach --recursive sh -c "git config --local --name-only --get-regexp 'http\.https\:\/\/github\.com\/\.extraheader' && git config --local --unset-all 'http.https://github.com/.extraheader' || :"
end-workflow	Checkout code	2025-04-14T14:11:59.1005401Z [command]/usr/bin/git config --local http.https://github.com/.extraheader AUTHORIZATION: basic ***
end-workflow	Checkout code	2025-04-14T14:11:59.1085175Z ##[endgroup]
end-workflow	Checkout code	2025-04-14T14:11:59.1087357Z ##[group]Fetching the repository
end-workflow	Checkout code	2025-04-14T14:11:59.1101631Z [command]/usr/bin/git -c protocol.version=2 fetch --prune --no-recurse-submodules origin +refs/heads/*:refs/remotes/origin/* +refs/tags/*:refs/tags/*
end-workflow	Checkout code	2025-04-14T14:12:00.5426065Z From https://github.com/Ka0s-Klaus/ka0s
end-workflow	Checkout code	2025-04-14T14:12:00.5427760Z    c8d24b1..1d8f464  main       -> origin/main
end-workflow	Checkout code	2025-04-14T14:12:00.5841110Z [command]/usr/bin/git branch --list --remote origin/H306-ficheros-de-estadisticas
end-workflow	Checkout code	2025-04-14T14:12:00.6035260Z   origin/H306-ficheros-de-estadisticas
end-workflow	Checkout code	2025-04-14T14:12:00.6153602Z [command]/usr/bin/git rev-parse refs/remotes/origin/H306-ficheros-de-estadisticas
end-workflow	Checkout code	2025-04-14T14:12:00.6250398Z 9b5d95b12b22657d0083dcb5246845555989b5c9
end-workflow	Checkout code	2025-04-14T14:12:00.6319175Z ##[endgroup]
end-workflow	Checkout code	2025-04-14T14:12:00.6325226Z ##[group]Determining the checkout info
end-workflow	Checkout code	2025-04-14T14:12:00.6364833Z ##[endgroup]
end-workflow	Checkout code	2025-04-14T14:12:00.6376360Z [command]/usr/bin/git sparse-checkout disable
end-workflow	Checkout code	2025-04-14T14:12:00.6545875Z [command]/usr/bin/git config --local --unset-all extensions.worktreeConfig
end-workflow	Checkout code	2025-04-14T14:12:00.6631324Z ##[group]Checking out the ref
end-workflow	Checkout code	2025-04-14T14:12:00.6643988Z [command]/usr/bin/git checkout --progress --force -B H306-ficheros-de-estadisticas refs/remotes/origin/H306-ficheros-de-estadisticas
end-workflow	Checkout code	2025-04-14T14:12:00.6930066Z Switched to a new branch 'H306-ficheros-de-estadisticas'
end-workflow	Checkout code	2025-04-14T14:12:00.6948832Z branch 'H306-ficheros-de-estadisticas' set up to track 'origin/H306-ficheros-de-estadisticas'.
end-workflow	Checkout code	2025-04-14T14:12:00.6989203Z ##[endgroup]
end-workflow	Checkout code	2025-04-14T14:12:00.7095752Z [command]/usr/bin/git log -1 --format=%H
end-workflow	Checkout code	2025-04-14T14:12:00.7164276Z 9b5d95b12b22657d0083dcb5246845555989b5c9
end-workflow	Finaliza el workflow	Ôªø2025-04-14T14:12:00.7713653Z ##[group]Run echo "End process"
end-workflow	Finaliza el workflow	2025-04-14T14:12:00.7714811Z [36;1mecho "End process"[0m
end-workflow	Finaliza el workflow	2025-04-14T14:12:00.7715913Z [36;1mRNNUMBER=$(echo "refs/heads/H306-ficheros-de-estadisticas" | grep -o '[0-9]*')[0m
end-workflow	Finaliza el workflow	2025-04-14T14:12:00.7717453Z [36;1mgh issue comment $RNNUMBER --body "Se finaliza Ka0s 14447785539"[0m
end-workflow	Finaliza el workflow	2025-04-14T14:12:00.7719081Z [36;1mgh workflow run inspector.yml --ref 'main' -f kaos-issue-id=$RNNUMBER -f kaos-workflow-id="14447785539" -f kaos-user-start=""[0m
end-workflow	Finaliza el workflow	2025-04-14T14:12:00.7742474Z shell: /usr/bin/bash -e {0}
end-workflow	Finaliza el workflow	2025-04-14T14:12:00.7743233Z env:
end-workflow	Finaliza el workflow	2025-04-14T14:12:00.7743841Z   KAOS_MODULE: [Ka0S] MDLINT
end-workflow	Finaliza el workflow	2025-04-14T14:12:00.7744919Z   GH_TOKEN: ***
end-workflow	Finaliza el workflow	2025-04-14T14:12:00.7745491Z   FILE_ERROR: 
end-workflow	Finaliza el workflow	2025-04-14T14:12:00.7746055Z   KAOS_MD_CONFIG: core/config/.markdownlint.json
end-workflow	Finaliza el workflow	2025-04-14T14:12:00.7746944Z   KAOS_PATH_RESUME: core/outputs/m/
end-workflow	Finaliza el workflow	2025-04-14T14:12:00.7747688Z   KAOS_REPO: /actions-runner/_work/kaos/kaos
end-workflow	Finaliza el workflow	2025-04-14T14:12:00.7748447Z   KAOS_STEP_MODULE: 
end-workflow	Finaliza el workflow	2025-04-14T14:12:00.7748992Z   KAOS_CODE: 14447785539
end-workflow	Finaliza el workflow	2025-04-14T14:12:00.7750272Z ##[endgroup]
end-workflow	Finaliza el workflow	2025-04-14T14:12:00.7856610Z End process
end-workflow	Finaliza el workflow	2025-04-14T14:12:02.2283650Z https://github.com/Ka0s-Klaus/ka0s/issues/306#issuecomment-2801852725
end-workflow	Post Checkout code	Ôªø2025-04-14T14:12:03.1331597Z Post job cleanup.
end-workflow	Post Checkout code	2025-04-14T14:12:03.2661489Z [command]/usr/bin/git version
end-workflow	Post Checkout code	2025-04-14T14:12:03.2721698Z git version 2.48.1
end-workflow	Post Checkout code	2025-04-14T14:12:03.2778917Z Copying '/home/kaos/.gitconfig' to '/actions-runner/_work/_temp/a99aa90d-0188-4063-adad-5e593f2e3296/.gitconfig'
end-workflow	Post Checkout code	2025-04-14T14:12:03.2797242Z Temporarily overriding HOME='/actions-runner/_work/_temp/a99aa90d-0188-4063-adad-5e593f2e3296' before making global git config changes
end-workflow	Post Checkout code	2025-04-14T14:12:03.2799386Z Adding repository directory to the temporary git global config as a safe directory
end-workflow	Post Checkout code	2025-04-14T14:12:03.2807441Z [command]/usr/bin/git config --global --add safe.directory /actions-runner/_work/ka0s/ka0s
end-workflow	Post Checkout code	2025-04-14T14:12:03.2862465Z [command]/usr/bin/git config --local --name-only --get-regexp core\.sshCommand
end-workflow	Post Checkout code	2025-04-14T14:12:03.2926404Z [command]/usr/bin/git submodule foreach --recursive sh -c "git config --local --name-only --get-regexp 'core\.sshCommand' && git config --local --unset-all 'core.sshCommand' || :"
end-workflow	Post Checkout code	2025-04-14T14:12:03.3389195Z [command]/usr/bin/git config --local --name-only --get-regexp http\.https\:\/\/github\.com\/\.extraheader
end-workflow	Post Checkout code	2025-04-14T14:12:03.3431608Z http.https://github.com/.extraheader
end-workflow	Post Checkout code	2025-04-14T14:12:03.3457244Z [command]/usr/bin/git config --local --unset-all http.https://github.com/.extraheader
end-workflow	Post Checkout code	2025-04-14T14:12:03.3533554Z [command]/usr/bin/git submodule foreach --recursive sh -c "git config --local --name-only --get-regexp 'http\.https\:\/\/github\.com\/\.extraheader' && git config --local --unset-all 'http.https://github.com/.extraheader' || :"
end-workflow	Complete job	Ôªø2025-04-14T14:12:03.4189948Z Cleaning up orphan processes
