job-core	Set up job	ï»¿2025-04-16T08:40:19.5570183Z Current runner version: '2.323.0'
job-core	Set up job	2025-04-16T08:40:19.5579295Z Runner name: 'ka0s-2'
job-core	Set up job	2025-04-16T08:40:19.5580355Z Machine name: '419612ea1a87'
job-core	Set up job	2025-04-16T08:40:19.5583605Z ##[group]GITHUB_TOKEN Permissions
job-core	Set up job	2025-04-16T08:40:19.5586248Z Contents: read
job-core	Set up job	2025-04-16T08:40:19.5587028Z Metadata: read
job-core	Set up job	2025-04-16T08:40:19.5587746Z Packages: read
job-core	Set up job	2025-04-16T08:40:19.5588519Z ##[endgroup]
job-core	Set up job	2025-04-16T08:40:19.5593135Z Secret source: Actions
job-core	Set up job	2025-04-16T08:40:19.5593961Z Prepare workflow directory
job-core	Set up job	2025-04-16T08:40:19.6420653Z Prepare all required actions
job-core	Set up job	2025-04-16T08:40:19.6473900Z Getting action download info
job-core	Set up job	2025-04-16T08:40:20.8311677Z Download action repository 'actions/checkout@v4' (SHA:11bd71901bbe5b1630ceea73d27597364c9af683)
job-core	Set up job	2025-04-16T08:40:24.1524879Z Complete job name: job-core
job-core	Checkout code	ï»¿2025-04-16T08:40:24.2266081Z ##[group]Run actions/checkout@v4
job-core	Checkout code	2025-04-16T08:40:24.2267914Z with:
job-core	Checkout code	2025-04-16T08:40:24.2268829Z   fetch-depth: 0
job-core	Checkout code	2025-04-16T08:40:24.2270354Z   token: ***
job-core	Checkout code	2025-04-16T08:40:24.2271329Z   repository: Ka0s-Klaus/ka0s
job-core	Checkout code	2025-04-16T08:40:24.2272853Z   ssh-strict: true
job-core	Checkout code	2025-04-16T08:40:24.2273832Z   ssh-user: git
job-core	Checkout code	2025-04-16T08:40:24.2274825Z   persist-credentials: true
job-core	Checkout code	2025-04-16T08:40:24.2275936Z   clean: true
job-core	Checkout code	2025-04-16T08:40:24.2276947Z   sparse-checkout-cone-mode: true
job-core	Checkout code	2025-04-16T08:40:24.2278166Z   fetch-tags: false
job-core	Checkout code	2025-04-16T08:40:24.2279165Z   show-progress: true
job-core	Checkout code	2025-04-16T08:40:24.2280181Z   lfs: false
job-core	Checkout code	2025-04-16T08:40:24.2281111Z   submodules: false
job-core	Checkout code	2025-04-16T08:40:24.2282231Z   set-safe-directory: true
job-core	Checkout code	2025-04-16T08:40:24.2283690Z env:
job-core	Checkout code	2025-04-16T08:40:24.2285078Z   KAOS_CODE: 14488445722
job-core	Checkout code	2025-04-16T08:40:24.2286164Z   KAOS_EVENT_NAME: push
job-core	Checkout code	2025-04-16T08:40:24.2287210Z   KAOS_ACTION: 
job-core	Checkout code	2025-04-16T08:40:24.2288405Z   KAOS_REF: refs/heads/H325-documentacion-readme***
job-core	Checkout code	2025-04-16T08:40:24.2289904Z   KAOS_MODULE: [Ka0S] kaos
job-core	Checkout code	2025-04-16T08:40:24.2291106Z   KAOS_PATH_RESUME: core/results/k/
job-core	Checkout code	2025-04-16T08:40:24.2292473Z   KAOS_JSON: core/results/k/event_data_
job-core	Checkout code	2025-04-16T08:40:24.2293760Z   KAOS_ACTOR: santakloud
job-core	Checkout code	2025-04-16T08:40:24.2294835Z   GITHUB_OUTPUT: 
job-core	Checkout code	2025-04-16T08:40:24.2295783Z ##[endgroup]
job-core	Checkout code	2025-04-16T08:40:24.3992753Z Syncing repository: Ka0s-Klaus/ka0s
job-core	Checkout code	2025-04-16T08:40:24.3997236Z ##[group]Getting Git version info
job-core	Checkout code	2025-04-16T08:40:24.4001011Z Working directory is '/actions-runner/_work/ka0s/ka0s'
job-core	Checkout code	2025-04-16T08:40:24.4004239Z [command]/usr/bin/git version
job-core	Checkout code	2025-04-16T08:40:24.4005304Z git version 2.48.1
job-core	Checkout code	2025-04-16T08:40:24.4008764Z ##[endgroup]
job-core	Checkout code	2025-04-16T08:40:24.4016851Z Copying '/home/kaos/.gitconfig' to '/actions-runner/_work/_temp/f07f16b8-40b7-48f6-b7d6-4b159ee060a8/.gitconfig'
job-core	Checkout code	2025-04-16T08:40:24.4020600Z Temporarily overriding HOME='/actions-runner/_work/_temp/f07f16b8-40b7-48f6-b7d6-4b159ee060a8' before making global git config changes
job-core	Checkout code	2025-04-16T08:40:24.4024762Z Adding repository directory to the temporary git global config as a safe directory
job-core	Checkout code	2025-04-16T08:40:24.4027161Z [command]/usr/bin/git config --global --add safe.directory /actions-runner/_work/ka0s/ka0s
job-core	Checkout code	2025-04-16T08:40:24.4055316Z [command]/usr/bin/git config --local --get remote.origin.url
job-core	Checkout code	2025-04-16T08:40:24.4086998Z https://github.com/Ka0s-Klaus/ka0s
job-core	Checkout code	2025-04-16T08:40:24.4114521Z ##[group]Removing previously created refs, to avoid conflicts
job-core	Checkout code	2025-04-16T08:40:24.4122627Z [command]/usr/bin/git rev-parse --symbolic-full-name --verify --quiet HEAD
job-core	Checkout code	2025-04-16T08:40:24.4154197Z refs/heads/H325-documentacion-readme***
job-core	Checkout code	2025-04-16T08:40:24.4171775Z [command]/usr/bin/git checkout --detach
job-core	Checkout code	2025-04-16T08:40:24.4355474Z HEAD is now at 9b15fb13 [Ka0S] Uploading resume execution files to the repository...
job-core	Checkout code	2025-04-16T08:40:24.4431107Z [command]/usr/bin/git branch --delete --force H325-documentacion-readme***
job-core	Checkout code	2025-04-16T08:40:24.4482016Z Deleted branch H325-documentacion-readme*** (was 9b15fb13).
job-core	Checkout code	2025-04-16T08:40:24.4573384Z ##[endgroup]
job-core	Checkout code	2025-04-16T08:40:24.4576195Z [command]/usr/bin/git submodule status
job-core	Checkout code	2025-04-16T08:40:24.4949857Z ##[group]Cleaning the repository
job-core	Checkout code	2025-04-16T08:40:24.4953599Z [command]/usr/bin/git clean -ffdx
job-core	Checkout code	2025-04-16T08:40:24.5038717Z [command]/usr/bin/git reset --hard HEAD
job-core	Checkout code	2025-04-16T08:40:24.5291722Z HEAD is now at 9b15fb13 [Ka0S] Uploading resume execution files to the repository...
job-core	Checkout code	2025-04-16T08:40:24.5302893Z ##[endgroup]
job-core	Checkout code	2025-04-16T08:40:24.5304746Z ##[group]Disabling automatic garbage collection
job-core	Checkout code	2025-04-16T08:40:24.5310339Z [command]/usr/bin/git config --local gc.auto 0
job-core	Checkout code	2025-04-16T08:40:24.5367531Z ##[endgroup]
job-core	Checkout code	2025-04-16T08:40:24.5369179Z ##[group]Setting up auth
job-core	Checkout code	2025-04-16T08:40:24.5373941Z [command]/usr/bin/git config --local --name-only --get-regexp core\.sshCommand
job-core	Checkout code	2025-04-16T08:40:24.5419355Z [command]/usr/bin/git submodule foreach --recursive sh -c "git config --local --name-only --get-regexp 'core\.sshCommand' && git config --local --unset-all 'core.sshCommand' || :"
job-core	Checkout code	2025-04-16T08:40:24.5803839Z [command]/usr/bin/git config --local --name-only --get-regexp http\.https\:\/\/github\.com\/\.extraheader
job-core	Checkout code	2025-04-16T08:40:24.5849279Z [command]/usr/bin/git submodule foreach --recursive sh -c "git config --local --name-only --get-regexp 'http\.https\:\/\/github\.com\/\.extraheader' && git config --local --unset-all 'http.https://github.com/.extraheader' || :"
job-core	Checkout code	2025-04-16T08:40:24.6240287Z [command]/usr/bin/git config --local http.https://github.com/.extraheader AUTHORIZATION: basic ***
job-core	Checkout code	2025-04-16T08:40:24.6298094Z ##[endgroup]
job-core	Checkout code	2025-04-16T08:40:24.6299769Z ##[group]Fetching the repository
job-core	Checkout code	2025-04-16T08:40:24.6313144Z [command]/usr/bin/git -c protocol.version=2 fetch --prune --no-recurse-submodules origin +refs/heads/*:refs/remotes/origin/* +refs/tags/*:refs/tags/*
job-core	Checkout code	2025-04-16T08:40:25.8427918Z From https://github.com/Ka0s-Klaus/ka0s
job-core	Checkout code	2025-04-16T08:40:25.8429730Z    9b15fb13..f1237903  H325-documentacion-readme*** -> origin/H325-documentacion-readme***
job-core	Checkout code	2025-04-16T08:40:25.8431950Z    d0a49bda..94f33af7  main       -> origin/main
job-core	Checkout code	2025-04-16T08:40:25.8503878Z [command]/usr/bin/git branch --list --remote origin/H325-documentacion-readme***
job-core	Checkout code	2025-04-16T08:40:25.8541196Z   origin/H325-documentacion-readme***
job-core	Checkout code	2025-04-16T08:40:25.8555842Z [command]/usr/bin/git rev-parse refs/remotes/origin/H325-documentacion-readme***
job-core	Checkout code	2025-04-16T08:40:25.8587003Z f123790357f4ed81372c1bea7f9610709fecf83f
job-core	Checkout code	2025-04-16T08:40:25.8595673Z ##[endgroup]
job-core	Checkout code	2025-04-16T08:40:25.8597206Z ##[group]Determining the checkout info
job-core	Checkout code	2025-04-16T08:40:25.8598396Z ##[endgroup]
job-core	Checkout code	2025-04-16T08:40:25.8606448Z [command]/usr/bin/git sparse-checkout disable
job-core	Checkout code	2025-04-16T08:40:25.8688892Z [command]/usr/bin/git config --local --unset-all extensions.worktreeConfig
job-core	Checkout code	2025-04-16T08:40:25.8731100Z ##[group]Checking out the ref
job-core	Checkout code	2025-04-16T08:40:25.8738618Z [command]/usr/bin/git checkout --progress --force -B H325-documentacion-readme*** refs/remotes/origin/H325-documentacion-readme***
job-core	Checkout code	2025-04-16T08:40:25.8998022Z Previous HEAD position was 9b15fb13 [Ka0S] Uploading resume execution files to the repository...
job-core	Checkout code	2025-04-16T08:40:25.9011886Z Switched to a new branch 'H325-documentacion-readme***'
job-core	Checkout code	2025-04-16T08:40:25.9018691Z branch 'H325-documentacion-readme***' set up to track 'origin/H325-documentacion-readme***'.
job-core	Checkout code	2025-04-16T08:40:25.9030845Z ##[endgroup]
job-core	Checkout code	2025-04-16T08:40:25.9091998Z [command]/usr/bin/git log -1 --format=%H
job-core	Checkout code	2025-04-16T08:40:25.9136079Z f123790357f4ed81372c1bea7f9610709fecf83f
job-core	Validate file extensions	ï»¿2025-04-16T08:40:25.9422749Z ##[group]Run # Nueva ejecuciÃ³n
job-core	Validate file extensions	2025-04-16T08:40:25.9423366Z [36;1m# Nueva ejecuciÃ³n[0m
job-core	Validate file extensions	2025-04-16T08:40:25.9424075Z [36;1mRNNUMBER=$(echo "H325-documentacion-readme***" | grep -o '[0-9]*')[0m
job-core	Validate file extensions	2025-04-16T08:40:25.9424771Z [36;1mgh issue comment $RNNUMBER --body "Se inicia Ka0s 14488445722 "[0m
job-core	Validate file extensions	2025-04-16T08:40:25.9439680Z shell: /usr/bin/bash -e {0}
job-core	Validate file extensions	2025-04-16T08:40:25.9440123Z env:
job-core	Validate file extensions	2025-04-16T08:40:25.9440431Z   KAOS_CODE: 14488445722
job-core	Validate file extensions	2025-04-16T08:40:25.9440783Z   KAOS_EVENT_NAME: push
job-core	Validate file extensions	2025-04-16T08:40:25.9441119Z   KAOS_ACTION: 
job-core	Validate file extensions	2025-04-16T08:40:25.9441612Z   KAOS_REF: refs/heads/H325-documentacion-readme***
job-core	Validate file extensions	2025-04-16T08:40:25.9442482Z   KAOS_MODULE: [Ka0S] kaos
job-core	Validate file extensions	2025-04-16T08:40:25.9443050Z   KAOS_PATH_RESUME: core/results/k/
job-core	Validate file extensions	2025-04-16T08:40:25.9443455Z   KAOS_JSON: core/results/k/event_data_
job-core	Validate file extensions	2025-04-16T08:40:25.9444260Z   KAOS_ACTOR: santakloud
job-core	Validate file extensions	2025-04-16T08:40:25.9444603Z   GITHUB_OUTPUT: 
job-core	Validate file extensions	2025-04-16T08:40:25.9445102Z   GH_TOKEN: ***
job-core	Validate file extensions	2025-04-16T08:40:25.9445412Z ##[endgroup]
job-core	Validate file extensions	2025-04-16T08:40:27.6232991Z https://github.com/Ka0s-Klaus/ka0s/issues/325#issuecomment-2808834133
job-core	Crear JSON	ï»¿2025-04-16T08:40:27.6360692Z ##[group]Run # Create JSON structure using proper bash syntax
job-core	Crear JSON	2025-04-16T08:40:27.6361400Z [36;1m# Create JSON structure using proper bash syntax[0m
job-core	Crear JSON	2025-04-16T08:40:27.6361938Z [36;1mcat > core/results/k/event_data_14488445722.json << EOF[0m
job-core	Crear JSON	2025-04-16T08:40:27.6362511Z [36;1m{[0m
job-core	Crear JSON	2025-04-16T08:40:27.6362797Z [36;1m  "event_type": "push",[0m
job-core	Crear JSON	2025-04-16T08:40:27.6363552Z [36;1m  "trigger_branch": "refs/heads/H325-documentacion-readme***",[0m
job-core	Crear JSON	2025-04-16T08:40:27.6364133Z [36;1m  "timestamp": "$(date -u +"%Y-%m-%dT%H:%M:%SZ")",[0m
job-core	Crear JSON	2025-04-16T08:40:27.6364558Z [36;1m  "author": {[0m
job-core	Crear JSON	2025-04-16T08:40:27.6364876Z [36;1m    "name": "santakloud",[0m
job-core	Crear JSON	2025-04-16T08:40:27.6365330Z [36;1m    "email": "73332898+santakloud@users.noreply.github.com"[0m
job-core	Crear JSON	2025-04-16T08:40:27.6365800Z [36;1m  },[0m
job-core	Crear JSON	2025-04-16T08:40:27.6366074Z [36;1m  "commits": [],[0m
job-core	Crear JSON	2025-04-16T08:40:27.6366394Z [36;1m  "files": [][0m
job-core	Crear JSON	2025-04-16T08:40:27.6366689Z [36;1m}[0m
job-core	Crear JSON	2025-04-16T08:40:27.6366978Z [36;1mEOF[0m
job-core	Crear JSON	2025-04-16T08:40:27.6367282Z [36;1m[0m
job-core	Crear JSON	2025-04-16T08:40:27.6367576Z [36;1m# Add commits if this is a push event[0m
job-core	Crear JSON	2025-04-16T08:40:27.6367981Z [36;1mif [[ "push" == "push" ]]; then[0m
job-core	Crear JSON	2025-04-16T08:40:27.6368380Z [36;1m  # Create a temporary file for commits[0m
job-core	Crear JSON	2025-04-16T08:40:27.6368791Z [36;1m  TEMP_COMMITS=$(mktemp)[0m
job-core	Crear JSON	2025-04-16T08:40:27.6369147Z [36;1m  echo "[" > "$TEMP_COMMITS"[0m
job-core	Crear JSON	2025-04-16T08:40:27.6369488Z [36;1m  [0m
job-core	Crear JSON	2025-04-16T08:40:27.6369764Z [36;1m  # Process each commit[0m
job-core	Crear JSON	2025-04-16T08:40:27.6370103Z [36;1m  FIRST=true[0m
job-core	Crear JSON	2025-04-16T08:40:27.6370445Z [36;1m  while IFS= read -r commit; do[0m
job-core	Crear JSON	2025-04-16T08:40:27.6370843Z [36;1m    if [ "$FIRST" = true ]; then[0m
job-core	Crear JSON	2025-04-16T08:40:27.6371217Z [36;1m      FIRST=false[0m
job-core	Crear JSON	2025-04-16T08:40:27.6371531Z [36;1m    else[0m
job-core	Crear JSON	2025-04-16T08:40:27.6371852Z [36;1m      echo "," >> "$TEMP_COMMITS"[0m
job-core	Crear JSON	2025-04-16T08:40:27.6372335Z [36;1m    fi[0m
job-core	Crear JSON	2025-04-16T08:40:27.6372914Z [36;1m    git log -1 --pretty=format:'{"sha":"%H","author":"%an","email":"%ae","date":"%aI","message":"%s"}' "$commit" >> "$TEMP_COMMITS"[0m
job-core	Crear JSON	2025-04-16T08:40:27.6373911Z [36;1m  done < <(git rev-list 9b15fb13c7fb0a30dc44ebfd5d764459c4a63114..f123790357f4ed81372c1bea7f9610709fecf83f)[0m
job-core	Crear JSON	2025-04-16T08:40:27.6374623Z [36;1m  echo "]" >> "$TEMP_COMMITS"[0m
job-core	Crear JSON	2025-04-16T08:40:27.6374975Z [36;1m  [0m
job-core	Crear JSON	2025-04-16T08:40:27.6375268Z [36;1m  # Insert commits into main JSON[0m
job-core	Crear JSON	2025-04-16T08:40:27.6375903Z [36;1m  sed -i.bak -e '/"commits": \[/r '$TEMP_COMMITS'' -e '/"commits": \[/d' core/results/k/event_data_14488445722.json[0m
job-core	Crear JSON	2025-04-16T08:40:27.6376667Z [36;1m  rm "$TEMP_COMMITS"[0m
job-core	Crear JSON	2025-04-16T08:40:27.6376989Z [36;1m[0m
job-core	Crear JSON	2025-04-16T08:40:27.6377256Z [36;1m  # Add changed files[0m
job-core	Crear JSON	2025-04-16T08:40:27.6377605Z [36;1m  TEMP_FILES=$(mktemp)[0m
job-core	Crear JSON	2025-04-16T08:40:27.6377955Z [36;1m  echo "[" > "$TEMP_FILES"[0m
job-core	Crear JSON	2025-04-16T08:40:27.6378301Z [36;1m  FIRST=true[0m
job-core	Crear JSON	2025-04-16T08:40:27.6378623Z [36;1m  while IFS= read -r file; do[0m
job-core	Crear JSON	2025-04-16T08:40:27.6379002Z [36;1m    if [ "$FIRST" = true ]; then[0m
job-core	Crear JSON	2025-04-16T08:40:27.6379381Z [36;1m      FIRST=false[0m
job-core	Crear JSON	2025-04-16T08:40:27.6379690Z [36;1m    else[0m
job-core	Crear JSON	2025-04-16T08:40:27.6379980Z [36;1m      echo "," >> "$TEMP_FILES"[0m
job-core	Crear JSON	2025-04-16T08:40:27.6380332Z [36;1m    fi[0m
job-core	Crear JSON	2025-04-16T08:40:27.6380630Z [36;1m    echo "\"$file\"" >> "$TEMP_FILES"[0m
job-core	Crear JSON	2025-04-16T08:40:27.6381355Z [36;1m  done < <(git diff --name-only 9b15fb13c7fb0a30dc44ebfd5d764459c4a63114 f123790357f4ed81372c1bea7f9610709fecf83f)[0m
job-core	Crear JSON	2025-04-16T08:40:27.6382215Z [36;1m  echo "]" >> "$TEMP_FILES"[0m
job-core	Crear JSON	2025-04-16T08:40:27.6382650Z [36;1m  [0m
job-core	Crear JSON	2025-04-16T08:40:27.6382938Z [36;1m  # Insert files into main JSON[0m
job-core	Crear JSON	2025-04-16T08:40:27.6383531Z [36;1m  sed -i.bak -e '/"files": \[/r '$TEMP_FILES'' -e '/"files": \[/d' core/results/k/event_data_14488445722.json[0m
job-core	Crear JSON	2025-04-16T08:40:27.6384395Z [36;1m  rm "$TEMP_FILES"[0m
job-core	Crear JSON	2025-04-16T08:40:27.6384776Z [36;1melif [[ "push" == "pull_request" ]]; then[0m
job-core	Crear JSON	2025-04-16T08:40:27.6385205Z [36;1m  # Add pull request information[0m
job-core	Crear JSON	2025-04-16T08:40:27.6385819Z [36;1m  TEMP_PR=$(mktemp)[0m
job-core	Crear JSON	2025-04-16T08:40:27.6386153Z [36;1m  cat > "$TEMP_PR" << EOF[0m
job-core	Crear JSON	2025-04-16T08:40:27.6386505Z [36;1m  ,"pull_request": {[0m
job-core	Crear JSON	2025-04-16T08:40:27.6386835Z [36;1m    "action": "",[0m
job-core	Crear JSON	2025-04-16T08:40:27.6387154Z [36;1m    "number": "",[0m
job-core	Crear JSON	2025-04-16T08:40:27.6387466Z [36;1m    "title": ""[0m
job-core	Crear JSON	2025-04-16T08:40:27.6387766Z [36;1m  }[0m
job-core	Crear JSON	2025-04-16T08:40:27.6388052Z [36;1mEOF[0m
job-core	Crear JSON	2025-04-16T08:40:27.6388507Z [36;1m  sed -i.bak -e '/}$/r '$TEMP_PR'' core/results/k/event_data_14488445722.json[0m
job-core	Crear JSON	2025-04-16T08:40:27.6389015Z [36;1m  rm "$TEMP_PR"[0m
job-core	Crear JSON	2025-04-16T08:40:27.6389353Z [36;1melif [[ "push" == "issues" ]]; then[0m
job-core	Crear JSON	2025-04-16T08:40:27.6389748Z [36;1m  # Add issue information[0m
job-core	Crear JSON	2025-04-16T08:40:27.6390109Z [36;1m  TEMP_ISSUE=$(mktemp)[0m
job-core	Crear JSON	2025-04-16T08:40:27.6390455Z [36;1m  cat > "$TEMP_ISSUE" << EOF[0m
job-core	Crear JSON	2025-04-16T08:40:27.6390808Z [36;1m  ,"issue": {[0m
job-core	Crear JSON	2025-04-16T08:40:27.6391112Z [36;1m    "action": "",[0m
job-core	Crear JSON	2025-04-16T08:40:27.6391435Z [36;1m    "number": "",[0m
job-core	Crear JSON	2025-04-16T08:40:27.6391759Z [36;1m    "title": ""[0m
job-core	Crear JSON	2025-04-16T08:40:27.6392320Z [36;1m  }[0m
job-core	Crear JSON	2025-04-16T08:40:27.6392638Z [36;1mEOF[0m
job-core	Crear JSON	2025-04-16T08:40:27.6393056Z [36;1m  sed -i.bak -e '/}$/r '$TEMP_ISSUE'' core/results/k/event_data_14488445722.json[0m
job-core	Crear JSON	2025-04-16T08:40:27.6393572Z [36;1m  rm "$TEMP_ISSUE"[0m
job-core	Crear JSON	2025-04-16T08:40:27.6393896Z [36;1mfi[0m
job-core	Crear JSON	2025-04-16T08:40:27.6394152Z [36;1m[0m
job-core	Crear JSON	2025-04-16T08:40:27.6394440Z [36;1m# Store the file path for later use[0m
job-core	Crear JSON	2025-04-16T08:40:27.6394965Z [36;1mINVOLVED=core/results/k/files-in-commit-$KAOS_CODE_FILES.txt[0m
job-core	Crear JSON	2025-04-16T08:40:27.6395510Z [36;1mecho "INVOLVED=$INVOLVED" >> $GITHUB_ENV[0m
job-core	Crear JSON	2025-04-16T08:40:27.6405549Z shell: /usr/bin/bash -e {0}
job-core	Crear JSON	2025-04-16T08:40:27.6405903Z env:
job-core	Crear JSON	2025-04-16T08:40:27.6406168Z   KAOS_CODE: 14488445722
job-core	Crear JSON	2025-04-16T08:40:27.6406487Z   KAOS_EVENT_NAME: push
job-core	Crear JSON	2025-04-16T08:40:27.6406786Z   KAOS_ACTION: 
job-core	Crear JSON	2025-04-16T08:40:27.6407215Z   KAOS_REF: refs/heads/H325-documentacion-readme***
job-core	Crear JSON	2025-04-16T08:40:27.6407658Z   KAOS_MODULE: [Ka0S] kaos
job-core	Crear JSON	2025-04-16T08:40:27.6407988Z   KAOS_PATH_RESUME: core/results/k/
job-core	Crear JSON	2025-04-16T08:40:27.6408357Z   KAOS_JSON: core/results/k/event_data_
job-core	Crear JSON	2025-04-16T08:40:27.6408747Z   KAOS_ACTOR: santakloud
job-core	Crear JSON	2025-04-16T08:40:27.6409056Z   GITHUB_OUTPUT: 
job-core	Crear JSON	2025-04-16T08:40:27.6409334Z ##[endgroup]
job-core	Upload Files	ï»¿2025-04-16T08:40:27.6979834Z ##[group]Run echo "Uploading files to the repository..."
job-core	Upload Files	2025-04-16T08:40:27.6980425Z [36;1mecho "Uploading files to the repository..."[0m
job-core	Upload Files	2025-04-16T08:40:27.6980966Z [36;1mgit config --global user.name "***"[0m
job-core	Upload Files	2025-04-16T08:40:27.6981436Z [36;1mgit config --global user.email "***"[0m
job-core	Upload Files	2025-04-16T08:40:27.6981823Z [36;1mgit pull[0m
job-core	Upload Files	2025-04-16T08:40:27.6982664Z [36;1mgit add core/results/k/event_data_*[0m
job-core	Upload Files	2025-04-16T08:40:27.6983244Z [36;1mgit commit -m "[Ka0S] Uploading resume execution files to the repository..."[0m
job-core	Upload Files	2025-04-16T08:40:27.6984049Z [36;1mgit push origin refs/heads/H325-documentacion-readme*** [0m
job-core	Upload Files	2025-04-16T08:40:27.6993520Z shell: /usr/bin/bash -e {0}
job-core	Upload Files	2025-04-16T08:40:27.6993870Z env:
job-core	Upload Files	2025-04-16T08:40:27.6994123Z   KAOS_CODE: 14488445722
job-core	Upload Files	2025-04-16T08:40:27.6994431Z   KAOS_EVENT_NAME: push
job-core	Upload Files	2025-04-16T08:40:27.6994721Z   KAOS_ACTION: 
job-core	Upload Files	2025-04-16T08:40:27.6995085Z   KAOS_REF: refs/heads/H325-documentacion-readme***
job-core	Upload Files	2025-04-16T08:40:27.6995500Z   KAOS_MODULE: [Ka0S] kaos
job-core	Upload Files	2025-04-16T08:40:27.7023053Z   KAOS_PATH_RESUME: core/results/k/
job-core	Upload Files	2025-04-16T08:40:27.7023437Z   KAOS_JSON: core/results/k/event_data_
job-core	Upload Files	2025-04-16T08:40:27.7023879Z   KAOS_ACTOR: santakloud
job-core	Upload Files	2025-04-16T08:40:27.7024198Z   GITHUB_OUTPUT: 
job-core	Upload Files	2025-04-16T08:40:27.7024555Z   INVOLVED: core/results/k/files-in-commit-.txt
job-core	Upload Files	2025-04-16T08:40:27.7025080Z ##[endgroup]
job-core	Upload Files	2025-04-16T08:40:27.7064897Z Uploading files to the repository...
job-core	Upload Files	2025-04-16T08:40:28.6327346Z Already up to date.
job-core	Upload Files	2025-04-16T08:40:28.6669819Z [H325-documentacion-readme*** 21eda587] [Ka0S] Uploading resume execution files to the repository...
job-core	Upload Files	2025-04-16T08:40:28.6672567Z  2 files changed, 52 insertions(+)
job-core	Upload Files	2025-04-16T08:40:28.6673318Z  create mode 100644 core/results/k/event_data_14488445722.json
job-core	Upload Files	2025-04-16T08:40:28.6673901Z  create mode 100644 core/results/k/event_data_14488445722.json.bak
job-core	Upload Files	2025-04-16T08:40:29.8794999Z To https://github.com/Ka0s-Klaus/ka0s
job-core	Upload Files	2025-04-16T08:40:29.8912565Z    f1237903..21eda587  H325-documentacion-readme*** -> H325-documentacion-readme***
job-core	Run git diff --name-only 9b15fb13c7fb0a30dc44ebfd5d764459c4a63114 f123790357f4ed81372c1bea7f9610709fecf83f > files-in-commit.txt	ï»¿2025-04-16T08:40:29.8978800Z ##[group]Run git diff --name-only 9b15fb13c7fb0a30dc44ebfd5d764459c4a63114 f123790357f4ed81372c1bea7f9610709fecf83f > files-in-commit.txt
job-core	Run git diff --name-only 9b15fb13c7fb0a30dc44ebfd5d764459c4a63114 f123790357f4ed81372c1bea7f9610709fecf83f > files-in-commit.txt	2025-04-16T08:40:29.8980151Z [36;1mgit diff --name-only 9b15fb13c7fb0a30dc44ebfd5d764459c4a63114 f123790357f4ed81372c1bea7f9610709fecf83f > files-in-commit.txt[0m
job-core	Run git diff --name-only 9b15fb13c7fb0a30dc44ebfd5d764459c4a63114 f123790357f4ed81372c1bea7f9610709fecf83f > files-in-commit.txt	2025-04-16T08:40:29.8980953Z [36;1mcat files-in-commit.txt[0m
job-core	Run git diff --name-only 9b15fb13c7fb0a30dc44ebfd5d764459c4a63114 f123790357f4ed81372c1bea7f9610709fecf83f > files-in-commit.txt	2025-04-16T08:40:29.8981349Z [36;1m# Nuevo proceso de activacion de los modulos[0m
job-core	Run git diff --name-only 9b15fb13c7fb0a30dc44ebfd5d764459c4a63114 f123790357f4ed81372c1bea7f9610709fecf83f > files-in-commit.txt	2025-04-16T08:40:29.8981763Z [36;1mwhile IFS= read -r line; do[0m
job-core	Run git diff --name-only 9b15fb13c7fb0a30dc44ebfd5d764459c4a63114 f123790357f4ed81372c1bea7f9610709fecf83f > files-in-commit.txt	2025-04-16T08:40:29.8983018Z [36;1m  # Skip files in core/outputs directory[0m
job-core	Run git diff --name-only 9b15fb13c7fb0a30dc44ebfd5d764459c4a63114 f123790357f4ed81372c1bea7f9610709fecf83f > files-in-commit.txt	2025-04-16T08:40:29.8983729Z [36;1m  if [[ "$line" == core/outputs/* || "$line" == core/results/* ]]; then[0m
job-core	Run git diff --name-only 9b15fb13c7fb0a30dc44ebfd5d764459c4a63114 f123790357f4ed81372c1bea7f9610709fecf83f > files-in-commit.txt	2025-04-16T08:40:29.8984270Z [36;1m    echo "Skipping file in outputs directory: $line"[0m
job-core	Run git diff --name-only 9b15fb13c7fb0a30dc44ebfd5d764459c4a63114 f123790357f4ed81372c1bea7f9610709fecf83f > files-in-commit.txt	2025-04-16T08:40:29.8984687Z [36;1m    continue[0m
job-core	Run git diff --name-only 9b15fb13c7fb0a30dc44ebfd5d764459c4a63114 f123790357f4ed81372c1bea7f9610709fecf83f > files-in-commit.txt	2025-04-16T08:40:29.8984963Z [36;1m  fi[0m
job-core	Run git diff --name-only 9b15fb13c7fb0a30dc44ebfd5d764459c4a63114 f123790357f4ed81372c1bea7f9610709fecf83f > files-in-commit.txt	2025-04-16T08:40:29.8985395Z [36;1m  echo "I Leemos el fichero files-in-commit.txt y extraemos el fichero $line"[0m
job-core	Run git diff --name-only 9b15fb13c7fb0a30dc44ebfd5d764459c4a63114 f123790357f4ed81372c1bea7f9610709fecf83f > files-in-commit.txt	2025-04-16T08:40:29.8994362Z [36;1m  module_failed=0[0m
job-core	Run git diff --name-only 9b15fb13c7fb0a30dc44ebfd5d764459c4a63114 f123790357f4ed81372c1bea7f9610709fecf83f > files-in-commit.txt	2025-04-16T08:40:29.8994688Z [36;1m  extension_failed=0[0m
job-core	Run git diff --name-only 9b15fb13c7fb0a30dc44ebfd5d764459c4a63114 f123790357f4ed81372c1bea7f9610709fecf83f > files-in-commit.txt	2025-04-16T08:40:29.8995029Z [36;1m  file_name=$(basename "$line")[0m
job-core	Run git diff --name-only 9b15fb13c7fb0a30dc44ebfd5d764459c4a63114 f123790357f4ed81372c1bea7f9610709fecf83f > files-in-commit.txt	2025-04-16T08:40:29.8995476Z [36;1m  echo "I-1 Calculamos el nombre del fichero $file_name"[0m
job-core	Run git diff --name-only 9b15fb13c7fb0a30dc44ebfd5d764459c4a63114 f123790357f4ed81372c1bea7f9610709fecf83f > files-in-commit.txt	2025-04-16T08:40:29.8995951Z [36;1m  file_extension="${file_name##*.}"[0m
job-core	Run git diff --name-only 9b15fb13c7fb0a30dc44ebfd5d764459c4a63114 f123790357f4ed81372c1bea7f9610709fecf83f > files-in-commit.txt	2025-04-16T08:40:29.8996433Z [36;1m  echo "I-2 Calculamos la extension del fichero $file_extension"[0m
job-core	Run git diff --name-only 9b15fb13c7fb0a30dc44ebfd5d764459c4a63114 f123790357f4ed81372c1bea7f9610709fecf83f > files-in-commit.txt	2025-04-16T08:40:29.8996939Z [36;1m  file_module="$file_extension""lint.yml"[0m
job-core	Run git diff --name-only 9b15fb13c7fb0a30dc44ebfd5d764459c4a63114 f123790357f4ed81372c1bea7f9610709fecf83f > files-in-commit.txt	2025-04-16T08:40:29.8997379Z [36;1m  echo "I-3 Calculamos el modulo $file_module"[0m
job-core	Run git diff --name-only 9b15fb13c7fb0a30dc44ebfd5d764459c4a63114 f123790357f4ed81372c1bea7f9610709fecf83f > files-in-commit.txt	2025-04-16T08:40:29.8997823Z [36;1m  IFS=',' read -r -a file_array <<< "$files"[0m
job-core	Run git diff --name-only 9b15fb13c7fb0a30dc44ebfd5d764459c4a63114 f123790357f4ed81372c1bea7f9610709fecf83f > files-in-commit.txt	2025-04-16T08:40:29.8998232Z [36;1m  for file in "${file_array[@]}"; do[0m
job-core	Run git diff --name-only 9b15fb13c7fb0a30dc44ebfd5d764459c4a63114 f123790357f4ed81372c1bea7f9610709fecf83f > files-in-commit.txt	2025-04-16T08:40:29.8998625Z [36;1m    echo "II Leemos el array de $file"[0m
job-core	Run git diff --name-only 9b15fb13c7fb0a30dc44ebfd5d764459c4a63114 f123790357f4ed81372c1bea7f9610709fecf83f > files-in-commit.txt	2025-04-16T08:40:29.8999034Z [36;1m    if [[ "$file_extension" == "$file" ]]; then[0m
job-core	Run git diff --name-only 9b15fb13c7fb0a30dc44ebfd5d764459c4a63114 f123790357f4ed81372c1bea7f9610709fecf83f > files-in-commit.txt	2025-04-16T08:40:29.8999526Z [36;1m      echo "III Comprobamos si $file_extension es igual a $file"[0m
job-core	Run git diff --name-only 9b15fb13c7fb0a30dc44ebfd5d764459c4a63114 f123790357f4ed81372c1bea7f9610709fecf83f > files-in-commit.txt	2025-04-16T08:40:29.9000045Z [36;1m      IFS=',' read -r -a module_array <<< "$modules"[0m
job-core	Run git diff --name-only 9b15fb13c7fb0a30dc44ebfd5d764459c4a63114 f123790357f4ed81372c1bea7f9610709fecf83f > files-in-commit.txt	2025-04-16T08:40:29.9000484Z [36;1m      for module in "${module_array[@]}"; do[0m
job-core	Run git diff --name-only 9b15fb13c7fb0a30dc44ebfd5d764459c4a63114 f123790357f4ed81372c1bea7f9610709fecf83f > files-in-commit.txt	2025-04-16T08:40:29.9000892Z [36;1m        echo "IV Leemos el array $module"[0m
job-core	Run git diff --name-only 9b15fb13c7fb0a30dc44ebfd5d764459c4a63114 f123790357f4ed81372c1bea7f9610709fecf83f > files-in-commit.txt	2025-04-16T08:40:29.9001313Z [36;1m        if [[ "$file_module" == *"$module"* ]]; then[0m
job-core	Run git diff --name-only 9b15fb13c7fb0a30dc44ebfd5d764459c4a63114 f123790357f4ed81372c1bea7f9610709fecf83f > files-in-commit.txt	2025-04-16T08:40:29.9001886Z [36;1m          echo "V Comprobamos que el $file_module es igual a $module y ejecutamos el flujo"[0m
job-core	Run git diff --name-only 9b15fb13c7fb0a30dc44ebfd5d764459c4a63114 f123790357f4ed81372c1bea7f9610709fecf83f > files-in-commit.txt	2025-04-16T08:40:29.9002965Z [36;1m          # Si hemos llegado hasta aquÃ­ ejecutamos el mÃ³dulo[0m
job-core	Run git diff --name-only 9b15fb13c7fb0a30dc44ebfd5d764459c4a63114 f123790357f4ed81372c1bea7f9610709fecf83f > files-in-commit.txt	2025-04-16T08:40:29.9003421Z [36;1m          # Lanzamos el lint del fichero[0m
job-core	Run git diff --name-only 9b15fb13c7fb0a30dc44ebfd5d764459c4a63114 f123790357f4ed81372c1bea7f9610709fecf83f > files-in-commit.txt	2025-04-16T08:40:29.9004082Z [36;1m          RNNUMBER=$(echo "refs/heads/H325-documentacion-readme***" | grep -o '[0-9]*')[0m
job-core	Run git diff --name-only 9b15fb13c7fb0a30dc44ebfd5d764459c4a63114 f123790357f4ed81372c1bea7f9610709fecf83f > files-in-commit.txt	2025-04-16T08:40:29.9004689Z [36;1m          echo "El numero de la issue es: $RNNUMBER"[0m
job-core	Run git diff --name-only 9b15fb13c7fb0a30dc44ebfd5d764459c4a63114 f123790357f4ed81372c1bea7f9610709fecf83f > files-in-commit.txt	2025-04-16T08:40:29.9005730Z [36;1m          gh workflow run $file_module --ref refs/heads/H325-documentacion-readme*** -f kaos-origin=14488445722 -f kaos-files=$line -f kaos-issue-id=$RNNUMBER -f kaos-user-start=santakloud[0m
job-core	Run git diff --name-only 9b15fb13c7fb0a30dc44ebfd5d764459c4a63114 f123790357f4ed81372c1bea7f9610709fecf83f > files-in-commit.txt	2025-04-16T08:40:29.9006713Z [36;1m          module_failed=0[0m
job-core	Run git diff --name-only 9b15fb13c7fb0a30dc44ebfd5d764459c4a63114 f123790357f4ed81372c1bea7f9610709fecf83f > files-in-commit.txt	2025-04-16T08:40:29.9007053Z [36;1m          extension_failed=0[0m
job-core	Run git diff --name-only 9b15fb13c7fb0a30dc44ebfd5d764459c4a63114 f123790357f4ed81372c1bea7f9610709fecf83f > files-in-commit.txt	2025-04-16T08:40:29.9007388Z [36;1m          break[0m
job-core	Run git diff --name-only 9b15fb13c7fb0a30dc44ebfd5d764459c4a63114 f123790357f4ed81372c1bea7f9610709fecf83f > files-in-commit.txt	2025-04-16T08:40:29.9008201Z [36;1m        else[0m
job-core	Run git diff --name-only 9b15fb13c7fb0a30dc44ebfd5d764459c4a63114 f123790357f4ed81372c1bea7f9610709fecf83f > files-in-commit.txt	2025-04-16T08:40:29.9008569Z [36;1m          # Control de si existe el modulo para esa extension"[0m
job-core	Run git diff --name-only 9b15fb13c7fb0a30dc44ebfd5d764459c4a63114 f123790357f4ed81372c1bea7f9610709fecf83f > files-in-commit.txt	2025-04-16T08:40:29.9009209Z [36;1m          echo "VI No es igual $file_module a $module y lo indicamos en la variable module_failed=1"[0m
job-core	Run git diff --name-only 9b15fb13c7fb0a30dc44ebfd5d764459c4a63114 f123790357f4ed81372c1bea7f9610709fecf83f > files-in-commit.txt	2025-04-16T08:40:29.9009770Z [36;1m          module_failed=1[0m
job-core	Run git diff --name-only 9b15fb13c7fb0a30dc44ebfd5d764459c4a63114 f123790357f4ed81372c1bea7f9610709fecf83f > files-in-commit.txt	2025-04-16T08:40:29.9010091Z [36;1m        fi[0m
job-core	Run git diff --name-only 9b15fb13c7fb0a30dc44ebfd5d764459c4a63114 f123790357f4ed81372c1bea7f9610709fecf83f > files-in-commit.txt	2025-04-16T08:40:29.9010360Z [36;1m      done[0m
job-core	Run git diff --name-only 9b15fb13c7fb0a30dc44ebfd5d764459c4a63114 f123790357f4ed81372c1bea7f9610709fecf83f > files-in-commit.txt	2025-04-16T08:40:29.9010627Z [36;1m      break[0m
job-core	Run git diff --name-only 9b15fb13c7fb0a30dc44ebfd5d764459c4a63114 f123790357f4ed81372c1bea7f9610709fecf83f > files-in-commit.txt	2025-04-16T08:40:29.9010896Z [36;1m    else[0m
job-core	Run git diff --name-only 9b15fb13c7fb0a30dc44ebfd5d764459c4a63114 f123790357f4ed81372c1bea7f9610709fecf83f > files-in-commit.txt	2025-04-16T08:40:29.9011243Z [36;1m      # Control de si existe el modulo para esa extension"[0m
job-core	Run git diff --name-only 9b15fb13c7fb0a30dc44ebfd5d764459c4a63114 f123790357f4ed81372c1bea7f9610709fecf83f > files-in-commit.txt	2025-04-16T08:40:29.9011897Z [36;1m      echo "VII No es igual $file_extension a $file y lo indicamos en la variable extension_failed=1"[0m
job-core	Run git diff --name-only 9b15fb13c7fb0a30dc44ebfd5d764459c4a63114 f123790357f4ed81372c1bea7f9610709fecf83f > files-in-commit.txt	2025-04-16T08:40:29.9013139Z [36;1m      extension_failed=1[0m
job-core	Run git diff --name-only 9b15fb13c7fb0a30dc44ebfd5d764459c4a63114 f123790357f4ed81372c1bea7f9610709fecf83f > files-in-commit.txt	2025-04-16T08:40:29.9013461Z [36;1m    fi  [0m
job-core	Run git diff --name-only 9b15fb13c7fb0a30dc44ebfd5d764459c4a63114 f123790357f4ed81372c1bea7f9610709fecf83f > files-in-commit.txt	2025-04-16T08:40:29.9013718Z [36;1m  done[0m
job-core	Run git diff --name-only 9b15fb13c7fb0a30dc44ebfd5d764459c4a63114 f123790357f4ed81372c1bea7f9610709fecf83f > files-in-commit.txt	2025-04-16T08:40:29.9014004Z [36;1m  if [[ $module_failed == 1 ]]; then[0m
job-core	Run git diff --name-only 9b15fb13c7fb0a30dc44ebfd5d764459c4a63114 f123790357f4ed81372c1bea7f9610709fecf83f > files-in-commit.txt	2025-04-16T08:40:29.9014563Z [36;1m    echo "IX Si el modulo falla ($module_failed) aÃ±adimos el comentario a la issue"[0m
job-core	Run git diff --name-only 9b15fb13c7fb0a30dc44ebfd5d764459c4a63114 f123790357f4ed81372c1bea7f9610709fecf83f > files-in-commit.txt	2025-04-16T08:40:29.9015539Z [36;1m    # Si hemos llegado hasta aquÃ­ aÃ±adimos el mensaje de que la extension esta permitida pero no dispone de modulo activo y aqui finaliza el proceso[0m
job-core	Run git diff --name-only 9b15fb13c7fb0a30dc44ebfd5d764459c4a63114 f123790357f4ed81372c1bea7f9610709fecf83f > files-in-commit.txt	2025-04-16T08:40:29.9016396Z [36;1m    # AÃ±adimos los valores a las variables de la issue[0m
job-core	Run git diff --name-only 9b15fb13c7fb0a30dc44ebfd5d764459c4a63114 f123790357f4ed81372c1bea7f9610709fecf83f > files-in-commit.txt	2025-04-16T08:40:29.9017546Z [36;1m    KAOS_ISSUE_BODY="[Ka0S] kaos ha detectado que la extensiÃ³n ($file_extension) esta permitida dentro de KAOS_CORE_FILES, pero el mÃ³dulo asociado ($file_module) no esta activo. Por favor compruebe que exista y esta activo."[0m
job-core	Run git diff --name-only 9b15fb13c7fb0a30dc44ebfd5d764459c4a63114 f123790357f4ed81372c1bea7f9610709fecf83f > files-in-commit.txt	2025-04-16T08:40:29.9018673Z [36;1m    # AÃ±adimos el comentario a la issue[0m
job-core	Run git diff --name-only 9b15fb13c7fb0a30dc44ebfd5d764459c4a63114 f123790357f4ed81372c1bea7f9610709fecf83f > files-in-commit.txt	2025-04-16T08:40:29.9019269Z [36;1m    RNNUMBER=$(echo "refs/heads/H325-documentacion-readme***" | grep -o '[0-9]*')[0m
job-core	Run git diff --name-only 9b15fb13c7fb0a30dc44ebfd5d764459c4a63114 f123790357f4ed81372c1bea7f9610709fecf83f > files-in-commit.txt	2025-04-16T08:40:29.9019898Z [36;1m    gh issue comment $RNNUMBER --body "$KAOS_ISSUE_BODY"[0m
job-core	Run git diff --name-only 9b15fb13c7fb0a30dc44ebfd5d764459c4a63114 f123790357f4ed81372c1bea7f9610709fecf83f > files-in-commit.txt	2025-04-16T08:40:29.9020328Z [36;1m  fi[0m
job-core	Run git diff --name-only 9b15fb13c7fb0a30dc44ebfd5d764459c4a63114 f123790357f4ed81372c1bea7f9610709fecf83f > files-in-commit.txt	2025-04-16T08:40:29.9020622Z [36;1m  if [[ $extension_failed == 1 ]]; then[0m
job-core	Run git diff --name-only 9b15fb13c7fb0a30dc44ebfd5d764459c4a63114 f123790357f4ed81372c1bea7f9610709fecf83f > files-in-commit.txt	2025-04-16T08:40:29.9021204Z [36;1m    echo "X Si extension falla falla ($extension_failed) aÃ±adimos el comentario a la issue"[0m
job-core	Run git diff --name-only 9b15fb13c7fb0a30dc44ebfd5d764459c4a63114 f123790357f4ed81372c1bea7f9610709fecf83f > files-in-commit.txt	2025-04-16T08:40:29.9021972Z [36;1m    # Si hemos llegado hasta aquÃ­ aÃ±adimos el mensaje de que la extension no esta permitida[0m
job-core	Run git diff --name-only 9b15fb13c7fb0a30dc44ebfd5d764459c4a63114 f123790357f4ed81372c1bea7f9610709fecf83f > files-in-commit.txt	2025-04-16T08:40:29.9023018Z [36;1m    # AÃ±adimos los valores a las variables de la issue[0m
job-core	Run git diff --name-only 9b15fb13c7fb0a30dc44ebfd5d764459c4a63114 f123790357f4ed81372c1bea7f9610709fecf83f > files-in-commit.txt	2025-04-16T08:40:29.9023951Z [36;1m    KAOS_ISSUE_BODY="[Ka0S] kaos ha detectado que la extensiÃ³n ($file_extension) NO esta permitida dentro de KAOS_CORE_FILES. Por favor compruebe que exista y esta activo."[0m
job-core	Run git diff --name-only 9b15fb13c7fb0a30dc44ebfd5d764459c4a63114 f123790357f4ed81372c1bea7f9610709fecf83f > files-in-commit.txt	2025-04-16T08:40:29.9024865Z [36;1m    # AÃ±adimos el comentario a la issue[0m
job-core	Run git diff --name-only 9b15fb13c7fb0a30dc44ebfd5d764459c4a63114 f123790357f4ed81372c1bea7f9610709fecf83f > files-in-commit.txt	2025-04-16T08:40:29.9025441Z [36;1m    RNNUMBER=$(echo "refs/heads/H325-documentacion-readme***" | grep -o '[0-9]*')[0m
job-core	Run git diff --name-only 9b15fb13c7fb0a30dc44ebfd5d764459c4a63114 f123790357f4ed81372c1bea7f9610709fecf83f > files-in-commit.txt	2025-04-16T08:40:29.9026067Z [36;1m    gh issue comment $RNNUMBER --body "$KAOS_ISSUE_BODY"[0m
job-core	Run git diff --name-only 9b15fb13c7fb0a30dc44ebfd5d764459c4a63114 f123790357f4ed81372c1bea7f9610709fecf83f > files-in-commit.txt	2025-04-16T08:40:29.9026492Z [36;1m  fi  [0m
job-core	Run git diff --name-only 9b15fb13c7fb0a30dc44ebfd5d764459c4a63114 f123790357f4ed81372c1bea7f9610709fecf83f > files-in-commit.txt	2025-04-16T08:40:29.9026810Z [36;1***one < files-in-commit.txt      [0m
job-core	Run git diff --name-only 9b15fb13c7fb0a30dc44ebfd5d764459c4a63114 f123790357f4ed81372c1bea7f9610709fecf83f > files-in-commit.txt	2025-04-16T08:40:29.9036615Z shell: /usr/bin/bash -e {0}
job-core	Run git diff --name-only 9b15fb13c7fb0a30dc44ebfd5d764459c4a63114 f123790357f4ed81372c1bea7f9610709fecf83f > files-in-commit.txt	2025-04-16T08:40:29.9036945Z env:
job-core	Run git diff --name-only 9b15fb13c7fb0a30dc44ebfd5d764459c4a63114 f123790357f4ed81372c1bea7f9610709fecf83f > files-in-commit.txt	2025-04-16T08:40:29.9037193Z   KAOS_CODE: 14488445722
job-core	Run git diff --name-only 9b15fb13c7fb0a30dc44ebfd5d764459c4a63114 f123790357f4ed81372c1bea7f9610709fecf83f > files-in-commit.txt	2025-04-16T08:40:29.9037495Z   KAOS_EVENT_NAME: push
job-core	Run git diff --name-only 9b15fb13c7fb0a30dc44ebfd5d764459c4a63114 f123790357f4ed81372c1bea7f9610709fecf83f > files-in-commit.txt	2025-04-16T08:40:29.9037778Z   KAOS_ACTION: 
job-core	Run git diff --name-only 9b15fb13c7fb0a30dc44ebfd5d764459c4a63114 f123790357f4ed81372c1bea7f9610709fecf83f > files-in-commit.txt	2025-04-16T08:40:29.9038169Z   KAOS_REF: refs/heads/H325-documentacion-readme***
job-core	Run git diff --name-only 9b15fb13c7fb0a30dc44ebfd5d764459c4a63114 f123790357f4ed81372c1bea7f9610709fecf83f > files-in-commit.txt	2025-04-16T08:40:29.9038574Z   KAOS_MODULE: [Ka0S] kaos
job-core	Run git diff --name-only 9b15fb13c7fb0a30dc44ebfd5d764459c4a63114 f123790357f4ed81372c1bea7f9610709fecf83f > files-in-commit.txt	2025-04-16T08:40:29.9038890Z   KAOS_PATH_RESUME: core/results/k/
job-core	Run git diff --name-only 9b15fb13c7fb0a30dc44ebfd5d764459c4a63114 f123790357f4ed81372c1bea7f9610709fecf83f > files-in-commit.txt	2025-04-16T08:40:29.9039246Z   KAOS_JSON: core/results/k/event_data_
job-core	Run git diff --name-only 9b15fb13c7fb0a30dc44ebfd5d764459c4a63114 f123790357f4ed81372c1bea7f9610709fecf83f > files-in-commit.txt	2025-04-16T08:40:29.9039600Z   KAOS_ACTOR: santakloud
job-core	Run git diff --name-only 9b15fb13c7fb0a30dc44ebfd5d764459c4a63114 f123790357f4ed81372c1bea7f9610709fecf83f > files-in-commit.txt	2025-04-16T08:40:29.9039893Z   GITHUB_OUTPUT: 
job-core	Run git diff --name-only 9b15fb13c7fb0a30dc44ebfd5d764459c4a63114 f123790357f4ed81372c1bea7f9610709fecf83f > files-in-commit.txt	2025-04-16T08:40:29.9040228Z   INVOLVED: core/results/k/files-in-commit-.txt
job-core	Run git diff --name-only 9b15fb13c7fb0a30dc44ebfd5d764459c4a63114 f123790357f4ed81372c1bea7f9610709fecf83f > files-in-commit.txt	2025-04-16T08:40:29.9041035Z   modules: ***
job-core	Run git diff --name-only 9b15fb13c7fb0a30dc44ebfd5d764459c4a63114 f123790357f4ed81372c1bea7f9610709fecf83f > files-in-commit.txt	2025-04-16T08:40:29.9041301Z   files: ***
job-core	Run git diff --name-only 9b15fb13c7fb0a30dc44ebfd5d764459c4a63114 f123790357f4ed81372c1bea7f9610709fecf83f > files-in-commit.txt	2025-04-16T08:40:29.9041839Z   GH_TOKEN: ***
job-core	Run git diff --name-only 9b15fb13c7fb0a30dc44ebfd5d764459c4a63114 f123790357f4ed81372c1bea7f9610709fecf83f > files-in-commit.txt	2025-04-16T08:40:29.9042474Z ##[endgroup]
job-core	Run git diff --name-only 9b15fb13c7fb0a30dc44ebfd5d764459c4a63114 f123790357f4ed81372c1bea7f9610709fecf83f > files-in-commit.txt	2025-04-16T08:40:29.9153596Z README.***
job-core	Run git diff --name-only 9b15fb13c7fb0a30dc44ebfd5d764459c4a63114 f123790357f4ed81372c1bea7f9610709fecf83f > files-in-commit.txt	2025-04-16T08:40:29.9154237Z core/outputs/i/14487512248.json
job-core	Run git diff --name-only 9b15fb13c7fb0a30dc44ebfd5d764459c4a63114 f123790357f4ed81372c1bea7f9610709fecf83f > files-in-commit.txt	2025-04-16T08:40:29.9155309Z core/outputs/i/14487512248.log
job-core	Run git diff --name-only 9b15fb13c7fb0a30dc44ebfd5d764459c4a63114 f123790357f4ed81372c1bea7f9610709fecf83f > files-in-commit.txt	2025-04-16T08:40:29.9156055Z core/outputs/i/14487940774.json
job-core	Run git diff --name-only 9b15fb13c7fb0a30dc44ebfd5d764459c4a63114 f123790357f4ed81372c1bea7f9610709fecf83f > files-in-commit.txt	2025-04-16T08:40:29.9156648Z core/outputs/i/14487940774.log
job-core	Run git diff --name-only 9b15fb13c7fb0a30dc44ebfd5d764459c4a63114 f123790357f4ed81372c1bea7f9610709fecf83f > files-in-commit.txt	2025-04-16T08:40:29.9157254Z core/outputs/i/14487941126.json
job-core	Run git diff --name-only 9b15fb13c7fb0a30dc44ebfd5d764459c4a63114 f123790357f4ed81372c1bea7f9610709fecf83f > files-in-commit.txt	2025-04-16T08:40:29.9157890Z core/outputs/i/14487941126.log
job-core	Run git diff --name-only 9b15fb13c7fb0a30dc44ebfd5d764459c4a63114 f123790357f4ed81372c1bea7f9610709fecf83f > files-in-commit.txt	2025-04-16T08:40:29.9158541Z core/outputs/i/14488195339.json
job-core	Run git diff --name-only 9b15fb13c7fb0a30dc44ebfd5d764459c4a63114 f123790357f4ed81372c1bea7f9610709fecf83f > files-in-commit.txt	2025-04-16T08:40:29.9159390Z core/outputs/i/14488195339.log
job-core	Run git diff --name-only 9b15fb13c7fb0a30dc44ebfd5d764459c4a63114 f123790357f4ed81372c1bea7f9610709fecf83f > files-in-commit.txt	2025-04-16T08:40:29.9160853Z I Leemos el fichero files-in-commit.txt y extraemos el fichero README.***
job-core	Run git diff --name-only 9b15fb13c7fb0a30dc44ebfd5d764459c4a63114 f123790357f4ed81372c1bea7f9610709fecf83f > files-in-commit.txt	2025-04-16T08:40:29.9180494Z I-1 Calculamos el nombre del fichero README.***
job-core	Run git diff --name-only 9b15fb13c7fb0a30dc44ebfd5d764459c4a63114 f123790357f4ed81372c1bea7f9610709fecf83f > files-in-commit.txt	2025-04-16T08:40:29.9181716Z I-2 Calculamos la extension del fichero ***
job-core	Run git diff --name-only 9b15fb13c7fb0a30dc44ebfd5d764459c4a63114 f123790357f4ed81372c1bea7f9610709fecf83f > files-in-commit.txt	2025-04-16T08:40:29.9183348Z I-3 Calculamos el modulo ***lint.yml
job-core	Run git diff --name-only 9b15fb13c7fb0a30dc44ebfd5d764459c4a63114 f123790357f4ed81372c1bea7f9610709fecf83f > files-in-commit.txt	2025-04-16T08:40:29.9184350Z II Leemos el array de ***
job-core	Run git diff --name-only 9b15fb13c7fb0a30dc44ebfd5d764459c4a63114 f123790357f4ed81372c1bea7f9610709fecf83f > files-in-commit.txt	2025-04-16T08:40:29.9185563Z III Comprobamos si *** es igual a ***
job-core	Run git diff --name-only 9b15fb13c7fb0a30dc44ebfd5d764459c4a63114 f123790357f4ed81372c1bea7f9610709fecf83f > files-in-commit.txt	2025-04-16T08:40:29.9186715Z IV Leemos el array ***lint.yml
job-core	Run git diff --name-only 9b15fb13c7fb0a30dc44ebfd5d764459c4a63114 f123790357f4ed81372c1bea7f9610709fecf83f > files-in-commit.txt	2025-04-16T08:40:29.9187330Z V Comprobamos que el ***lint.yml es igual a ***lint.yml y ejecutamos el flujo
job-core	Run git diff --name-only 9b15fb13c7fb0a30dc44ebfd5d764459c4a63114 f123790357f4ed81372c1bea7f9610709fecf83f > files-in-commit.txt	2025-04-16T08:40:29.9213758Z El numero de la issue es: 325
job-core	Run git diff --name-only 9b15fb13c7fb0a30dc44ebfd5d764459c4a63114 f123790357f4ed81372c1bea7f9610709fecf83f > files-in-commit.txt	2025-04-16T08:40:31.0017637Z Skipping file in outputs directory: core/outputs/i/14487512248.json
job-core	Run git diff --name-only 9b15fb13c7fb0a30dc44ebfd5d764459c4a63114 f123790357f4ed81372c1bea7f9610709fecf83f > files-in-commit.txt	2025-04-16T08:40:31.0019038Z Skipping file in outputs directory: core/outputs/i/14487512248.log
job-core	Run git diff --name-only 9b15fb13c7fb0a30dc44ebfd5d764459c4a63114 f123790357f4ed81372c1bea7f9610709fecf83f > files-in-commit.txt	2025-04-16T08:40:31.0020087Z Skipping file in outputs directory: core/outputs/i/14487940774.json
job-core	Run git diff --name-only 9b15fb13c7fb0a30dc44ebfd5d764459c4a63114 f123790357f4ed81372c1bea7f9610709fecf83f > files-in-commit.txt	2025-04-16T08:40:31.0024124Z Skipping file in outputs directory: core/outputs/i/14487940774.log
job-core	Run git diff --name-only 9b15fb13c7fb0a30dc44ebfd5d764459c4a63114 f123790357f4ed81372c1bea7f9610709fecf83f > files-in-commit.txt	2025-04-16T08:40:31.0025623Z Skipping file in outputs directory: core/outputs/i/14487941126.json
job-core	Run git diff --name-only 9b15fb13c7fb0a30dc44ebfd5d764459c4a63114 f123790357f4ed81372c1bea7f9610709fecf83f > files-in-commit.txt	2025-04-16T08:40:31.0026809Z Skipping file in outputs directory: core/outputs/i/14487941126.log
job-core	Run git diff --name-only 9b15fb13c7fb0a30dc44ebfd5d764459c4a63114 f123790357f4ed81372c1bea7f9610709fecf83f > files-in-commit.txt	2025-04-16T08:40:31.0028298Z Skipping file in outputs directory: core/outputs/i/14488195339.json
job-core	Run git diff --name-only 9b15fb13c7fb0a30dc44ebfd5d764459c4a63114 f123790357f4ed81372c1bea7f9610709fecf83f > files-in-commit.txt	2025-04-16T08:40:31.0029016Z Skipping file in outputs directory: core/outputs/i/14488195339.log
job-core	Post Checkout code	ï»¿2025-04-16T08:40:31.0133987Z Post job cleanup.
job-core	Post Checkout code	2025-04-16T08:40:31.1410261Z [command]/usr/bin/git version
job-core	Post Checkout code	2025-04-16T08:40:31.1459122Z git version 2.48.1
job-core	Post Checkout code	2025-04-16T08:40:31.1515148Z Copying '/home/kaos/.gitconfig' to '/actions-runner/_work/_temp/5d622b0f-490a-4b68-82d0-2bd7a7b26a74/.gitconfig'
job-core	Post Checkout code	2025-04-16T08:40:31.1535162Z Temporarily overriding HOME='/actions-runner/_work/_temp/5d622b0f-490a-4b68-82d0-2bd7a7b26a74' before making global git config changes
job-core	Post Checkout code	2025-04-16T08:40:31.1537270Z Adding repository directory to the temporary git global config as a safe directory
job-core	Post Checkout code	2025-04-16T08:40:31.1545291Z [command]/usr/bin/git config --global --add safe.directory /actions-runner/_work/ka0s/ka0s
job-core	Post Checkout code	2025-04-16T08:40:31.1599228Z [command]/usr/bin/git config --local --name-only --get-regexp core\.sshCommand
job-core	Post Checkout code	2025-04-16T08:40:31.1659871Z [command]/usr/bin/git submodule foreach --recursive sh -c "git config --local --name-only --get-regexp 'core\.sshCommand' && git config --local --unset-all 'core.sshCommand' || :"
job-core	Post Checkout code	2025-04-16T08:40:31.2046281Z [command]/usr/bin/git config --local --name-only --get-regexp http\.https\:\/\/github\.com\/\.extraheader
job-core	Post Checkout code	2025-04-16T08:40:31.2081547Z http.https://github.com/.extraheader
job-core	Post Checkout code	2025-04-16T08:40:31.2104294Z [command]/usr/bin/git config --local --unset-all http.https://github.com/.extraheader
job-core	Post Checkout code	2025-04-16T08:40:31.2160124Z [command]/usr/bin/git submodule foreach --recursive sh -c "git config --local --name-only --get-regexp 'http\.https\:\/\/github\.com\/\.extraheader' && git config --local --unset-all 'http.https://github.com/.extraheader' || :"
job-core	Complete job	ï»¿2025-04-16T08:40:31.2769627Z Cleaning up orphan processes
handle-success	Set up job	ï»¿2025-04-16T08:40:41.3132766Z Current runner version: '2.323.0'
handle-success	Set up job	2025-04-16T08:40:41.3136601Z Runner name: 'ka0s-9'
handle-success	Set up job	2025-04-16T08:40:41.3137402Z Machine name: '26a53205c9ac'
handle-success	Set up job	2025-04-16T08:40:41.3138888Z ##[group]GITHUB_TOKEN Permissions
handle-success	Set up job	2025-04-16T08:40:41.3140322Z Contents: read
handle-success	Set up job	2025-04-16T08:40:41.3140632Z Metadata: read
handle-success	Set up job	2025-04-16T08:40:41.3140930Z Packages: read
handle-success	Set up job	2025-04-16T08:40:41.3141216Z ##[endgroup]
handle-success	Set up job	2025-04-16T08:40:41.3142400Z Secret source: Actions
handle-success	Set up job	2025-04-16T08:40:41.3142762Z Prepare workflow directory
handle-success	Set up job	2025-04-16T08:40:41.3563678Z Prepare all required actions
handle-success	Set up job	2025-04-16T08:40:41.3589676Z Getting action download info
handle-success	Set up job	2025-04-16T08:40:43.1159639Z Download action repository 'actions/checkout@v4' (SHA:11bd71901bbe5b1630ceea73d27597364c9af683)
handle-success	Set up job	2025-04-16T08:40:47.1572825Z Complete job name: handle-success
handle-success	Checkout code	ï»¿2025-04-16T08:40:47.1912999Z ##[group]Run actions/checkout@v4
handle-success	Checkout code	2025-04-16T08:40:47.1913897Z with:
handle-success	Checkout code	2025-04-16T08:40:47.1914397Z   fetch-depth: 0
handle-success	Checkout code	2025-04-16T08:40:47.1935436Z   token: ***
handle-success	Checkout code	2025-04-16T08:40:47.1936027Z   repository: Ka0s-Klaus/ka0s
handle-success	Checkout code	2025-04-16T08:40:47.1936753Z   ssh-strict: true
handle-success	Checkout code	2025-04-16T08:40:47.1937296Z   ssh-user: git
handle-success	Checkout code	2025-04-16T08:40:47.1937917Z   persist-credentials: true
handle-success	Checkout code	2025-04-16T08:40:47.1938542Z   clean: true
handle-success	Checkout code	2025-04-16T08:40:47.1939110Z   sparse-checkout-cone-mode: true
handle-success	Checkout code	2025-04-16T08:40:47.1939799Z   fetch-tags: false
handle-success	Checkout code	2025-04-16T08:40:47.1940355Z   show-progress: true
handle-success	Checkout code	2025-04-16T08:40:47.1940909Z   lfs: false
handle-success	Checkout code	2025-04-16T08:40:47.1941426Z   submodules: false
handle-success	Checkout code	2025-04-16T08:40:47.1941983Z   set-safe-directory: true
handle-success	Checkout code	2025-04-16T08:40:47.1942936Z env:
handle-success	Checkout code	2025-04-16T08:40:47.1943414Z   KAOS_CODE: 14488445722
handle-success	Checkout code	2025-04-16T08:40:47.1944004Z   KAOS_EVENT_NAME: push
handle-success	Checkout code	2025-04-16T08:40:47.1944575Z   KAOS_ACTION: 
handle-success	Checkout code	2025-04-16T08:40:47.1945197Z   KAOS_REF: refs/heads/H325-documentacion-readmemd
handle-success	Checkout code	2025-04-16T08:40:47.1946012Z   KAOS_MODULE: [Ka0S] kaos
handle-success	Checkout code	2025-04-16T08:40:47.1946667Z   KAOS_PATH_RESUME: core/results/k/
handle-success	Checkout code	2025-04-16T08:40:47.1947398Z   KAOS_JSON: core/results/k/event_data_
handle-success	Checkout code	2025-04-16T08:40:47.1948332Z   KAOS_ACTOR: santakloud
handle-success	Checkout code	2025-04-16T08:40:47.1948922Z ##[endgroup]
handle-success	Checkout code	2025-04-16T08:40:47.3323269Z Syncing repository: Ka0s-Klaus/ka0s
handle-success	Checkout code	2025-04-16T08:40:47.3325269Z ##[group]Getting Git version info
handle-success	Checkout code	2025-04-16T08:40:47.3326138Z Working directory is '/actions-runner/_work/ka0s/ka0s'
handle-success	Checkout code	2025-04-16T08:40:47.3327390Z [command]/usr/bin/git version
handle-success	Checkout code	2025-04-16T08:40:47.3376074Z git version 2.43.0
handle-success	Checkout code	2025-04-16T08:40:47.3400412Z ##[endgroup]
handle-success	Checkout code	2025-04-16T08:40:47.3406960Z Copying '/home/kaos/.gitconfig' to '/actions-runner/_work/_temp/e23d87cd-b8c4-48f0-ae9e-c54ae2f328f2/.gitconfig'
handle-success	Checkout code	2025-04-16T08:40:47.3421196Z Temporarily overriding HOME='/actions-runner/_work/_temp/e23d87cd-b8c4-48f0-ae9e-c54ae2f328f2' before making global git config changes
handle-success	Checkout code	2025-04-16T08:40:47.3423641Z Adding repository directory to the temporary git global config as a safe directory
handle-success	Checkout code	2025-04-16T08:40:47.3431823Z [command]/usr/bin/git config --global --add safe.directory /actions-runner/_work/ka0s/ka0s
handle-success	Checkout code	2025-04-16T08:40:47.3474317Z [command]/usr/bin/git config --local --get remote.origin.url
handle-success	Checkout code	2025-04-16T08:40:47.3493200Z https://github.com/Ka0s-Klaus/ka0s
handle-success	Checkout code	2025-04-16T08:40:47.3513818Z ##[group]Removing previously created refs, to avoid conflicts
handle-success	Checkout code	2025-04-16T08:40:47.3517825Z [command]/usr/bin/git rev-parse --symbolic-full-name --verify --quiet HEAD
handle-success	Checkout code	2025-04-16T08:40:47.3556948Z refs/heads/main
handle-success	Checkout code	2025-04-16T08:40:47.3567264Z [command]/usr/bin/git checkout --detach
handle-success	Checkout code	2025-04-16T08:40:47.3931729Z HEAD is now at 95918ef9 [Ka0S] Update workflow statistics
handle-success	Checkout code	2025-04-16T08:40:47.3970375Z [command]/usr/bin/git branch --delete --force main
handle-success	Checkout code	2025-04-16T08:40:47.4002484Z Deleted branch main (was 95918ef9).
handle-success	Checkout code	2025-04-16T08:40:47.4187571Z ##[endgroup]
handle-success	Checkout code	2025-04-16T08:40:47.4188858Z [command]/usr/bin/git submodule status
handle-success	Checkout code	2025-04-16T08:40:47.4498921Z ##[group]Cleaning the repository
handle-success	Checkout code	2025-04-16T08:40:47.4502018Z [command]/usr/bin/git clean -ffdx
handle-success	Checkout code	2025-04-16T08:40:47.4549605Z Removing core/outputs/w/issue-log-14482588522.json
handle-success	Checkout code	2025-04-16T08:40:47.4558648Z [command]/usr/bin/git reset --hard HEAD
handle-success	Checkout code	2025-04-16T08:40:47.4760303Z HEAD is now at 95918ef9 [Ka0S] Update workflow statistics
handle-success	Checkout code	2025-04-16T08:40:47.4763289Z ##[endgroup]
handle-success	Checkout code	2025-04-16T08:40:47.4764430Z ##[group]Disabling automatic garbage collection
handle-success	Checkout code	2025-04-16T08:40:47.4767672Z [command]/usr/bin/git config --local gc.auto 0
handle-success	Checkout code	2025-04-16T08:40:47.4796555Z ##[endgroup]
handle-success	Checkout code	2025-04-16T08:40:47.4797717Z ##[group]Setting up auth
handle-success	Checkout code	2025-04-16T08:40:47.4800979Z [command]/usr/bin/git config --local --name-only --get-regexp core\.sshCommand
handle-success	Checkout code	2025-04-16T08:40:47.4830196Z [command]/usr/bin/git submodule foreach --recursive sh -c "git config --local --name-only --get-regexp 'core\.sshCommand' && git config --local --unset-all 'core.sshCommand' || :"
handle-success	Checkout code	2025-04-16T08:40:47.5062919Z [command]/usr/bin/git config --local --name-only --get-regexp http\.https\:\/\/github\.com\/\.extraheader
handle-success	Checkout code	2025-04-16T08:40:47.5087501Z [command]/usr/bin/git submodule foreach --recursive sh -c "git config --local --name-only --get-regexp 'http\.https\:\/\/github\.com\/\.extraheader' && git config --local --unset-all 'http.https://github.com/.extraheader' || :"
handle-success	Checkout code	2025-04-16T08:40:47.5314080Z [command]/usr/bin/git config --local http.https://github.com/.extraheader AUTHORIZATION: basic ***
handle-success	Checkout code	2025-04-16T08:40:47.5350174Z ##[endgroup]
handle-success	Checkout code	2025-04-16T08:40:47.5351393Z ##[group]Fetching the repository
handle-success	Checkout code	2025-04-16T08:40:47.5356074Z [command]/usr/bin/git -c protocol.version=2 fetch --prune --no-recurse-submodules origin +refs/heads/*:refs/remotes/origin/* +refs/tags/*:refs/tags/*
handle-success	Checkout code	2025-04-16T08:40:48.0400637Z From https://github.com/Ka0s-Klaus/ka0s
handle-success	Checkout code	2025-04-16T08:40:48.0401882Z  - [deleted]           (none)     -> origin/H323-documentacion-ka0s
handle-success	Checkout code	2025-04-16T08:40:48.7804364Z  * [new branch]        H325-documentacion-readmemd -> origin/H325-documentacion-readmemd
handle-success	Checkout code	2025-04-16T08:40:48.7811157Z    95918ef9..94f33af7  main       -> origin/main
handle-success	Checkout code	2025-04-16T08:40:48.7811813Z  * [new tag]           0.0.87     -> 0.0.87
handle-success	Checkout code	2025-04-16T08:40:48.7842252Z [command]/usr/bin/git branch --list --remote origin/H325-documentacion-readmemd
handle-success	Checkout code	2025-04-16T08:40:48.7859989Z   origin/H325-documentacion-readmemd
handle-success	Checkout code	2025-04-16T08:40:48.7866027Z [command]/usr/bin/git rev-parse refs/remotes/origin/H325-documentacion-readmemd
handle-success	Checkout code	2025-04-16T08:40:48.7883296Z 21eda587fe98d9e165e32ec772fed570adee716a
handle-success	Checkout code	2025-04-16T08:40:48.7889451Z [command]/usr/bin/git -c protocol.version=2 fetch --no-tags --prune --no-recurse-submodules origin +f123790357f4ed81372c1bea7f9610709fecf83f:refs/remotes/origin/H325-documentacion-readmemd
handle-success	Checkout code	2025-04-16T08:40:48.7962221Z From https://github.com/Ka0s-Klaus/ka0s
handle-success	Checkout code	2025-04-16T08:40:48.7963024Z  + 21eda587...f1237903 f123790357f4ed81372c1bea7f9610709fecf83f -> origin/H325-documentacion-readmemd  (forced update)
handle-success	Checkout code	2025-04-16T08:40:48.7981298Z ##[endgroup]
handle-success	Checkout code	2025-04-16T08:40:48.7982117Z ##[group]Determining the checkout info
handle-success	Checkout code	2025-04-16T08:40:48.7982685Z ##[endgroup]
handle-success	Checkout code	2025-04-16T08:40:48.7986462Z [command]/usr/bin/git sparse-checkout disable
handle-success	Checkout code	2025-04-16T08:40:48.8044637Z [command]/usr/bin/git config --local --unset-all extensions.worktreeConfig
handle-success	Checkout code	2025-04-16T08:40:48.8073024Z ##[group]Checking out the ref
handle-success	Checkout code	2025-04-16T08:40:48.8075618Z [command]/usr/bin/git checkout --progress --force -B H325-documentacion-readmemd refs/remotes/origin/H325-documentacion-readmemd
handle-success	Checkout code	2025-04-16T08:40:48.8296886Z Previous HEAD position was 95918ef9 [Ka0S] Update workflow statistics
handle-success	Checkout code	2025-04-16T08:40:48.8299195Z Switched to a new branch 'H325-documentacion-readmemd'
handle-success	Checkout code	2025-04-16T08:40:48.8300068Z branch 'H325-documentacion-readmemd' set up to track 'origin/H325-documentacion-readmemd'.
handle-success	Checkout code	2025-04-16T08:40:48.8305628Z ##[endgroup]
handle-success	Checkout code	2025-04-16T08:40:48.8336531Z [command]/usr/bin/git log -1 --format=%H
handle-success	Checkout code	2025-04-16T08:40:48.8360155Z f123790357f4ed81372c1bea7f9610709fecf83f
handle-success	handle-success-execution	ï»¿2025-04-16T08:40:48.8536681Z ##[group]Run # Si todo ha ido correcto aÃ±adimos el contenido del fichero 
handle-success	handle-success-execution	2025-04-16T08:40:48.8537332Z [36;1m# Si todo ha ido correcto aÃ±adimos el contenido del fichero [0m
handle-success	handle-success-execution	2025-04-16T08:40:48.8537796Z [36;1mRNNUMBER=$(echo "refs/heads/H325-documentacion-readmemd" | grep -o '[0-9]*')[0m
handle-success	handle-success-execution	2025-04-16T08:40:48.8538593Z [36;1mgh issue comment $RNNUMBER --body "El proceso ha finalizado correctamente 14488445722. El resultado estÃ¡ en el fichero core/results/event_data_14488445722.log"[0m
handle-success	handle-success-execution	2025-04-16T08:40:48.8545713Z shell: /usr/bin/bash -e {0}
handle-success	handle-success-execution	2025-04-16T08:40:48.8545930Z env:
handle-success	handle-success-execution	2025-04-16T08:40:48.8546105Z   KAOS_CODE: 14488445722
handle-success	handle-success-execution	2025-04-16T08:40:48.8546324Z   KAOS_EVENT_NAME: push
handle-success	handle-success-execution	2025-04-16T08:40:48.8546505Z   KAOS_ACTION: 
handle-success	handle-success-execution	2025-04-16T08:40:48.8546699Z   KAOS_REF: refs/heads/H325-documentacion-readmemd
handle-success	handle-success-execution	2025-04-16T08:40:48.8546966Z   KAOS_MODULE: [Ka0S] kaos
handle-success	handle-success-execution	2025-04-16T08:40:48.8547386Z   KAOS_PATH_RESUME: core/results/k/
handle-success	handle-success-execution	2025-04-16T08:40:48.8547938Z   KAOS_JSON: core/results/k/event_data_
handle-success	handle-success-execution	2025-04-16T08:40:48.8548233Z   KAOS_ACTOR: santakloud
handle-success	handle-success-execution	2025-04-16T08:40:48.8548676Z   GH_TOKEN: ***
handle-success	handle-success-execution	2025-04-16T08:40:48.8548888Z ##[endgroup]
handle-success	handle-success-execution	2025-04-16T08:40:49.9192115Z https://github.com/Ka0s-Klaus/ka0s/issues/325#issuecomment-2808835020
handle-success	Post Checkout code	ï»¿2025-04-16T08:40:49.9279139Z Post job cleanup.
handle-success	Post Checkout code	2025-04-16T08:40:49.9963113Z [command]/usr/bin/git version
handle-success	Post Checkout code	2025-04-16T08:40:49.9990660Z git version 2.43.0
handle-success	Post Checkout code	2025-04-16T08:40:50.0028021Z Copying '/home/kaos/.gitconfig' to '/actions-runner/_work/_temp/34a6e083-4fc9-4966-963f-4befbaee846c/.gitconfig'
handle-success	Post Checkout code	2025-04-16T08:40:50.0040210Z Temporarily overriding HOME='/actions-runner/_work/_temp/34a6e083-4fc9-4966-963f-4befbaee846c' before making global git config changes
handle-success	Post Checkout code	2025-04-16T08:40:50.0041051Z Adding repository directory to the temporary git global config as a safe directory
handle-success	Post Checkout code	2025-04-16T08:40:50.0046088Z [command]/usr/bin/git config --global --add safe.directory /actions-runner/_work/ka0s/ka0s
handle-success	Post Checkout code	2025-04-16T08:40:50.0081367Z [command]/usr/bin/git config --local --name-only --get-regexp core\.sshCommand
handle-success	Post Checkout code	2025-04-16T08:40:50.0105524Z [command]/usr/bin/git submodule foreach --recursive sh -c "git config --local --name-only --get-regexp 'core\.sshCommand' && git config --local --unset-all 'core.sshCommand' || :"
handle-success	Post Checkout code	2025-04-16T08:40:50.0332724Z [command]/usr/bin/git config --local --name-only --get-regexp http\.https\:\/\/github\.com\/\.extraheader
handle-success	Post Checkout code	2025-04-16T08:40:50.0351156Z http.https://github.com/.extraheader
handle-success	Post Checkout code	2025-04-16T08:40:50.0363636Z [command]/usr/bin/git config --local --unset-all http.https://github.com/.extraheader
handle-success	Post Checkout code	2025-04-16T08:40:50.0393442Z [command]/usr/bin/git submodule foreach --recursive sh -c "git config --local --name-only --get-regexp 'http\.https\:\/\/github\.com\/\.extraheader' && git config --local --unset-all 'http.https://github.com/.extraheader' || :"
handle-success	Complete job	ï»¿2025-04-16T08:40:50.0700160Z Cleaning up orphan processes
end-workflow	Set up job	ï»¿2025-04-16T08:40:55.0473284Z Current runner version: '2.323.0'
end-workflow	Set up job	2025-04-16T08:40:55.0477332Z Runner name: 'ka0s-7'
end-workflow	Set up job	2025-04-16T08:40:55.0478095Z Machine name: '26a53205c9ac'
end-workflow	Set up job	2025-04-16T08:40:55.0479765Z ##[group]GITHUB_TOKEN Permissions
end-workflow	Set up job	2025-04-16T08:40:55.0481057Z Contents: read
end-workflow	Set up job	2025-04-16T08:40:55.0481368Z Metadata: read
end-workflow	Set up job	2025-04-16T08:40:55.0481653Z Packages: read
end-workflow	Set up job	2025-04-16T08:40:55.0481922Z ##[endgroup]
end-workflow	Set up job	2025-04-16T08:40:55.0483220Z Secret source: Actions
end-workflow	Set up job	2025-04-16T08:40:55.0483659Z Prepare workflow directory
end-workflow	Set up job	2025-04-16T08:40:55.0911392Z Prepare all required actions
end-workflow	Set up job	2025-04-16T08:40:55.0937855Z Getting action download info
end-workflow	Set up job	2025-04-16T08:40:55.5439876Z Download action repository 'actions/checkout@v4' (SHA:11bd71901bbe5b1630ceea73d27597364c9af683)
end-workflow	Set up job	2025-04-16T08:40:56.2256255Z Complete job name: end-workflow
end-workflow	Checkout code	ï»¿2025-04-16T08:40:56.2542785Z ##[group]Run actions/checkout@v4
end-workflow	Checkout code	2025-04-16T08:40:56.2543269Z with:
end-workflow	Checkout code	2025-04-16T08:40:56.2543516Z   fetch-depth: 0
end-workflow	Checkout code	2025-04-16T08:40:56.2543931Z   token: ***
end-workflow	Checkout code	2025-04-16T08:40:56.2544185Z   repository: Ka0s-Klaus/ka0s
end-workflow	Checkout code	2025-04-16T08:40:56.2544516Z   ssh-strict: true
end-workflow	Checkout code	2025-04-16T08:40:56.2544767Z   ssh-user: git
end-workflow	Checkout code	2025-04-16T08:40:56.2545024Z   persist-credentials: true
end-workflow	Checkout code	2025-04-16T08:40:56.2545305Z   clean: true
end-workflow	Checkout code	2025-04-16T08:40:56.2545561Z   sparse-checkout-cone-mode: true
end-workflow	Checkout code	2025-04-16T08:40:56.2545871Z   fetch-tags: false
end-workflow	Checkout code	2025-04-16T08:40:56.2546124Z   show-progress: true
end-workflow	Checkout code	2025-04-16T08:40:56.2546381Z   lfs: false
end-workflow	Checkout code	2025-04-16T08:40:56.2546620Z   submodules: false
end-workflow	Checkout code	2025-04-16T08:40:56.2546883Z   set-safe-directory: true
end-workflow	Checkout code	2025-04-16T08:40:56.2547463Z env:
end-workflow	Checkout code	2025-04-16T08:40:56.2547771Z   KAOS_CODE: 14488445722
end-workflow	Checkout code	2025-04-16T08:40:56.2548050Z   KAOS_EVENT_NAME: push
end-workflow	Checkout code	2025-04-16T08:40:56.2548319Z   KAOS_ACTION: 
end-workflow	Checkout code	2025-04-16T08:40:56.2548604Z   KAOS_REF: refs/heads/H325-documentacion-readmemd
end-workflow	Checkout code	2025-04-16T08:40:56.2548960Z   KAOS_MODULE: [Ka0S] kaos
end-workflow	Checkout code	2025-04-16T08:40:56.2549268Z   KAOS_PATH_RESUME: core/results/k/
end-workflow	Checkout code	2025-04-16T08:40:56.2549594Z   KAOS_JSON: core/results/k/event_data_
end-workflow	Checkout code	2025-04-16T08:40:56.2549921Z   KAOS_ACTOR: santakloud
end-workflow	Checkout code	2025-04-16T08:40:56.2550280Z   GH_TOKEN: ***
end-workflow	Checkout code	2025-04-16T08:40:56.2550520Z ##[endgroup]
end-workflow	Checkout code	2025-04-16T08:40:56.3257189Z Syncing repository: Ka0s-Klaus/ka0s
end-workflow	Checkout code	2025-04-16T08:40:56.3258591Z ##[group]Getting Git version info
end-workflow	Checkout code	2025-04-16T08:40:56.3259084Z Working directory is '/actions-runner/_work/ka0s/ka0s'
end-workflow	Checkout code	2025-04-16T08:40:56.3259747Z [command]/usr/bin/git version
end-workflow	Checkout code	2025-04-16T08:40:56.3276464Z git version 2.43.0
end-workflow	Checkout code	2025-04-16T08:40:56.3303010Z ##[endgroup]
end-workflow	Checkout code	2025-04-16T08:40:56.3313841Z Copying '/home/kaos/.gitconfig' to '/actions-runner/_work/_temp/67a24ee7-0185-4f0b-bdd1-4fd14829398f/.gitconfig'
end-workflow	Checkout code	2025-04-16T08:40:56.3326633Z Temporarily overriding HOME='/actions-runner/_work/_temp/67a24ee7-0185-4f0b-bdd1-4fd14829398f' before making global git config changes
end-workflow	Checkout code	2025-04-16T08:40:56.3328347Z Adding repository directory to the temporary git global config as a safe directory
end-workflow	Checkout code	2025-04-16T08:40:56.3331806Z [command]/usr/bin/git config --global --add safe.directory /actions-runner/_work/ka0s/ka0s
end-workflow	Checkout code	2025-04-16T08:40:56.3370383Z [command]/usr/bin/git config --local --get remote.origin.url
end-workflow	Checkout code	2025-04-16T08:40:56.3389031Z https://github.com/Ka0s-Klaus/ka0s
end-workflow	Checkout code	2025-04-16T08:40:56.3408400Z ##[group]Removing previously created refs, to avoid conflicts
end-workflow	Checkout code	2025-04-16T08:40:56.3412366Z [command]/usr/bin/git rev-parse --symbolic-full-name --verify --quiet HEAD
end-workflow	Checkout code	2025-04-16T08:40:56.3441370Z refs/heads/H323-documentacion-ka0s
end-workflow	Checkout code	2025-04-16T08:40:56.3452996Z [command]/usr/bin/git checkout --detach
end-workflow	Checkout code	2025-04-16T08:40:56.3717726Z HEAD is now at 5a66cff2 I MD
end-workflow	Checkout code	2025-04-16T08:40:56.3754263Z [command]/usr/bin/git branch --delete --force H323-documentacion-ka0s
end-workflow	Checkout code	2025-04-16T08:40:56.3785873Z Deleted branch H323-documentacion-ka0s (was 5a66cff2).
end-workflow	Checkout code	2025-04-16T08:40:56.3962394Z ##[endgroup]
end-workflow	Checkout code	2025-04-16T08:40:56.3964266Z [command]/usr/bin/git submodule status
end-workflow	Checkout code	2025-04-16T08:40:56.4198415Z ##[group]Cleaning the repository
end-workflow	Checkout code	2025-04-16T08:40:56.4201607Z [command]/usr/bin/git clean -ffdx
end-workflow	Checkout code	2025-04-16T08:40:56.4251400Z [command]/usr/bin/git reset --hard HEAD
end-workflow	Checkout code	2025-04-16T08:40:56.4408688Z HEAD is now at 5a66cff2 I MD
end-workflow	Checkout code	2025-04-16T08:40:56.4410680Z ##[endgroup]
end-workflow	Checkout code	2025-04-16T08:40:56.4411430Z ##[group]Disabling automatic garbage collection
end-workflow	Checkout code	2025-04-16T08:40:56.4413241Z [command]/usr/bin/git config --local gc.auto 0
end-workflow	Checkout code	2025-04-16T08:40:56.4438556Z ##[endgroup]
end-workflow	Checkout code	2025-04-16T08:40:56.4439222Z ##[group]Setting up auth
end-workflow	Checkout code	2025-04-16T08:40:56.4446794Z [command]/usr/bin/git config --local --name-only --get-regexp core\.sshCommand
end-workflow	Checkout code	2025-04-16T08:40:56.4472086Z [command]/usr/bin/git submodule foreach --recursive sh -c "git config --local --name-only --get-regexp 'core\.sshCommand' && git config --local --unset-all 'core.sshCommand' || :"
end-workflow	Checkout code	2025-04-16T08:40:56.4708261Z [command]/usr/bin/git config --local --name-only --get-regexp http\.https\:\/\/github\.com\/\.extraheader
end-workflow	Checkout code	2025-04-16T08:40:56.4733896Z [command]/usr/bin/git submodule foreach --recursive sh -c "git config --local --name-only --get-regexp 'http\.https\:\/\/github\.com\/\.extraheader' && git config --local --unset-all 'http.https://github.com/.extraheader' || :"
end-workflow	Checkout code	2025-04-16T08:40:56.4965035Z [command]/usr/bin/git config --local http.https://github.com/.extraheader AUTHORIZATION: basic ***
end-workflow	Checkout code	2025-04-16T08:40:56.5003324Z ##[endgroup]
end-workflow	Checkout code	2025-04-16T08:40:56.5004142Z ##[group]Fetching the repository
end-workflow	Checkout code	2025-04-16T08:40:56.5008368Z [command]/usr/bin/git -c protocol.version=2 fetch --prune --no-recurse-submodules origin +refs/heads/*:refs/remotes/origin/* +refs/tags/*:refs/tags/*
end-workflow	Checkout code	2025-04-16T08:40:56.9298702Z From https://github.com/Ka0s-Klaus/ka0s
end-workflow	Checkout code	2025-04-16T08:40:56.9300084Z  - [deleted]           (none)     -> origin/H323-documentacion-ka0s
end-workflow	Checkout code	2025-04-16T08:40:57.6919285Z  * [new branch]        H325-documentacion-readmemd -> origin/H325-documentacion-readmemd
end-workflow	Checkout code	2025-04-16T08:40:57.6926519Z    6eb534c4..94f33af7  main       -> origin/main
end-workflow	Checkout code	2025-04-16T08:40:57.6926999Z  * [new tag]           0.0.87     -> 0.0.87
end-workflow	Checkout code	2025-04-16T08:40:57.6962810Z [command]/usr/bin/git branch --list --remote origin/H325-documentacion-readmemd
end-workflow	Checkout code	2025-04-16T08:40:57.6987092Z   origin/H325-documentacion-readmemd
end-workflow	Checkout code	2025-04-16T08:40:57.6994929Z [command]/usr/bin/git rev-parse refs/remotes/origin/H325-documentacion-readmemd
end-workflow	Checkout code	2025-04-16T08:40:57.7013039Z 21eda587fe98d9e165e32ec772fed570adee716a
end-workflow	Checkout code	2025-04-16T08:40:57.7026008Z [command]/usr/bin/git -c protocol.version=2 fetch --no-tags --prune --no-recurse-submodules origin +f123790357f4ed81372c1bea7f9610709fecf83f:refs/remotes/origin/H325-documentacion-readmemd
end-workflow	Checkout code	2025-04-16T08:40:57.7111800Z From https://github.com/Ka0s-Klaus/ka0s
end-workflow	Checkout code	2025-04-16T08:40:57.7112403Z  + 21eda587...f1237903 f123790357f4ed81372c1bea7f9610709fecf83f -> origin/H325-documentacion-readmemd  (forced update)
end-workflow	Checkout code	2025-04-16T08:40:57.7131533Z ##[endgroup]
end-workflow	Checkout code	2025-04-16T08:40:57.7131980Z ##[group]Determining the checkout info
end-workflow	Checkout code	2025-04-16T08:40:57.7132384Z ##[endgroup]
end-workflow	Checkout code	2025-04-16T08:40:57.7139131Z [command]/usr/bin/git sparse-checkout disable
end-workflow	Checkout code	2025-04-16T08:40:57.7195705Z [command]/usr/bin/git config --local --unset-all extensions.worktreeConfig
end-workflow	Checkout code	2025-04-16T08:40:57.7218466Z ##[group]Checking out the ref
end-workflow	Checkout code	2025-04-16T08:40:57.7219715Z [command]/usr/bin/git checkout --progress --force -B H325-documentacion-readmemd refs/remotes/origin/H325-documentacion-readmemd
end-workflow	Checkout code	2025-04-16T08:40:57.7482648Z Previous HEAD position was 5a66cff2 I MD
end-workflow	Checkout code	2025-04-16T08:40:57.7483741Z Switched to a new branch 'H325-documentacion-readmemd'
end-workflow	Checkout code	2025-04-16T08:40:57.7484617Z branch 'H325-documentacion-readmemd' set up to track 'origin/H325-documentacion-readmemd'.
end-workflow	Checkout code	2025-04-16T08:40:57.7494635Z ##[endgroup]
end-workflow	Checkout code	2025-04-16T08:40:57.7525788Z [command]/usr/bin/git log -1 --format=%H
end-workflow	Checkout code	2025-04-16T08:40:57.7549427Z f123790357f4ed81372c1bea7f9610709fecf83f
end-workflow	Finaliza el workflow	ï»¿2025-04-16T08:40:57.7733769Z ##[group]Run echo "End process"
end-workflow	Finaliza el workflow	2025-04-16T08:40:57.7734222Z [36;1mecho "End process"[0m
end-workflow	Finaliza el workflow	2025-04-16T08:40:57.7734668Z [36;1mRNNUMBER=$(echo "refs/heads/H325-documentacion-readmemd" | grep -o '[0-9]*')[0m
end-workflow	Finaliza el workflow	2025-04-16T08:40:57.7735176Z [36;1mgh issue comment $RNNUMBER --body "Se finaliza Ka0s 14488445722"[0m
end-workflow	Finaliza el workflow	2025-04-16T08:40:57.7735768Z [36;1mgh workflow run inspector.yml --ref 'main' -f kaos-issue-id=$RNNUMBER -f kaos-workflow-id="14488445722" -f kaos-user-start=""[0m
end-workflow	Finaliza el workflow	2025-04-16T08:40:57.7743805Z shell: /usr/bin/bash -e {0}
end-workflow	Finaliza el workflow	2025-04-16T08:40:57.7744138Z env:
end-workflow	Finaliza el workflow	2025-04-16T08:40:57.7744408Z   KAOS_CODE: 14488445722
end-workflow	Finaliza el workflow	2025-04-16T08:40:57.7744704Z   KAOS_EVENT_NAME: push
end-workflow	Finaliza el workflow	2025-04-16T08:40:57.7744988Z   KAOS_ACTION: 
end-workflow	Finaliza el workflow	2025-04-16T08:40:57.7745290Z   KAOS_REF: refs/heads/H325-documentacion-readmemd
end-workflow	Finaliza el workflow	2025-04-16T08:40:57.7745635Z   KAOS_MODULE: [Ka0S] kaos
end-workflow	Finaliza el workflow	2025-04-16T08:40:57.7745942Z   KAOS_PATH_RESUME: core/results/k/
end-workflow	Finaliza el workflow	2025-04-16T08:40:57.7746276Z   KAOS_JSON: core/results/k/event_data_
end-workflow	Finaliza el workflow	2025-04-16T08:40:57.7746592Z   KAOS_ACTOR: santakloud
end-workflow	Finaliza el workflow	2025-04-16T08:40:57.7747393Z   GH_TOKEN: ***
end-workflow	Finaliza el workflow	2025-04-16T08:40:57.7747752Z ##[endgroup]
end-workflow	Finaliza el workflow	2025-04-16T08:40:57.7802465Z End process
end-workflow	Finaliza el workflow	2025-04-16T08:40:59.2001734Z https://github.com/Ka0s-Klaus/ka0s/issues/325#issuecomment-2808835379
end-workflow	Post Checkout code	ï»¿2025-04-16T08:40:59.8289027Z Post job cleanup.
end-workflow	Post Checkout code	2025-04-16T08:40:59.8899435Z [command]/usr/bin/git version
end-workflow	Post Checkout code	2025-04-16T08:40:59.8927694Z git version 2.43.0
end-workflow	Post Checkout code	2025-04-16T08:40:59.8968209Z Copying '/home/kaos/.gitconfig' to '/actions-runner/_work/_temp/21fa35c9-0ec7-4d5d-b279-4b4ad539ee20/.gitconfig'
end-workflow	Post Checkout code	2025-04-16T08:40:59.8980622Z Temporarily overriding HOME='/actions-runner/_work/_temp/21fa35c9-0ec7-4d5d-b279-4b4ad539ee20' before making global git config changes
end-workflow	Post Checkout code	2025-04-16T08:40:59.8981213Z Adding repository directory to the temporary git global config as a safe directory
end-workflow	Post Checkout code	2025-04-16T08:40:59.8985649Z [command]/usr/bin/git config --global --add safe.directory /actions-runner/_work/ka0s/ka0s
end-workflow	Post Checkout code	2025-04-16T08:40:59.9082866Z [command]/usr/bin/git config --local --name-only --get-regexp core\.sshCommand
end-workflow	Post Checkout code	2025-04-16T08:40:59.9114076Z [command]/usr/bin/git submodule foreach --recursive sh -c "git config --local --name-only --get-regexp 'core\.sshCommand' && git config --local --unset-all 'core.sshCommand' || :"
end-workflow	Post Checkout code	2025-04-16T08:40:59.9355525Z [command]/usr/bin/git config --local --name-only --get-regexp http\.https\:\/\/github\.com\/\.extraheader
end-workflow	Post Checkout code	2025-04-16T08:40:59.9375802Z http.https://github.com/.extraheader
end-workflow	Post Checkout code	2025-04-16T08:40:59.9386180Z [command]/usr/bin/git config --local --unset-all http.https://github.com/.extraheader
end-workflow	Post Checkout code	2025-04-16T08:40:59.9417778Z [command]/usr/bin/git submodule foreach --recursive sh -c "git config --local --name-only --get-regexp 'http\.https\:\/\/github\.com\/\.extraheader' && git config --local --unset-all 'http.https://github.com/.extraheader' || :"
end-workflow	Complete job	ï»¿2025-04-16T08:40:59.9724768Z Cleaning up orphan processes
