job-core	Set up job	ï»¿2025-04-22T06:31:10.3779253Z Current runner version: '2.323.0'
job-core	Set up job	2025-04-22T06:31:10.3788696Z Runner name: 'ka0s-1'
job-core	Set up job	2025-04-22T06:31:10.3789776Z Machine name: '419612ea1a87'
job-core	Set up job	2025-04-22T06:31:10.3793304Z ##[group]GITHUB_TOKEN Permissions
job-core	Set up job	2025-04-22T06:31:10.3796123Z Contents: read
job-core	Set up job	2025-04-22T06:31:10.3796728Z Metadata: read
job-core	Set up job	2025-04-22T06:31:10.3797282Z Packages: read
job-core	Set up job	2025-04-22T06:31:10.3797826Z ##[endgroup]
job-core	Set up job	2025-04-22T06:31:10.3800496Z Secret source: Actions
job-core	Set up job	2025-04-22T06:31:10.3801432Z Prepare workflow directory
job-core	Set up job	2025-04-22T06:31:10.4646550Z Prepare all required actions
job-core	Set up job	2025-04-22T06:31:10.4699750Z Getting action download info
job-core	Set up job	2025-04-22T06:31:11.3144167Z Download action repository 'actions/checkout@v4' (SHA:11bd71901bbe5b1630ceea73d27597364c9af683)
job-core	Set up job	2025-04-22T06:31:13.5410934Z Complete job name: job-core
job-core	Checkout code	ï»¿2025-04-22T06:31:13.6093779Z ##[group]Run actions/checkout@v4
job-core	Checkout code	2025-04-22T06:31:13.6095596Z with:
job-core	Checkout code	2025-04-22T06:31:13.6096265Z   fetch-depth: 0
job-core	Checkout code	2025-04-22T06:31:13.6097276Z   token: ***
job-core	Checkout code	2025-04-22T06:31:13.6097925Z   repository: Ka0s-Klaus/ka0s
job-core	Checkout code	2025-04-22T06:31:13.6098772Z   ssh-strict: true
job-core	Checkout code	2025-04-22T06:31:13.6099421Z   ssh-user: git
job-core	Checkout code	2025-04-22T06:31:13.6100082Z   persist-credentials: true
job-core	Checkout code	2025-04-22T06:31:13.6100815Z   clean: true
job-core	Checkout code	2025-04-22T06:31:13.6101493Z   sparse-checkout-cone-mode: true
job-core	Checkout code	2025-04-22T06:31:13.6103509Z   fetch-tags: false
job-core	Checkout code	2025-04-22T06:31:13.6105636Z   show-progress: true
job-core	Checkout code	2025-04-22T06:31:13.6107171Z   lfs: false
job-core	Checkout code	2025-04-22T06:31:13.6108301Z   submodules: false
job-core	Checkout code	2025-04-22T06:31:13.6109095Z   set-safe-directory: true
job-core	Checkout code	2025-04-22T06:31:13.6110712Z env:
job-core	Checkout code	2025-04-22T06:31:13.6111379Z   KAOS_CODE: 14588263585
job-core	Checkout code	2025-04-22T06:31:13.6112410Z   KAOS_EVENT_NAME: push
job-core	Checkout code	2025-04-22T06:31:13.6113286Z   KAOS_ACTION: 
job-core	Checkout code	2025-04-22T06:31:13.6113990Z   KAOS_REF: refs/heads/H220-web-de-resultados
job-core	Checkout code	2025-04-22T06:31:13.6114844Z   KAOS_MODULE: [Ka0S] kaos
job-core	Checkout code	2025-04-22T06:31:13.6115674Z   KAOS_PATH_RESUME: core/results/k/
job-core	Checkout code	2025-04-22T06:31:13.6116497Z   KAOS_JSON: core/results/k/event_data_
job-core	Checkout code	2025-04-22T06:31:13.6117297Z   KAOS_ACTOR: jh0ny2k2
job-core	Checkout code	2025-04-22T06:31:13.6118625Z   GITHUB_OUTPUT: 
job-core	Checkout code	2025-04-22T06:31:13.6119264Z ##[endgroup]
job-core	Checkout code	2025-04-22T06:31:13.7676638Z Syncing repository: Ka0s-Klaus/ka0s
job-core	Checkout code	2025-04-22T06:31:13.7679559Z ##[group]Getting Git version info
job-core	Checkout code	2025-04-22T06:31:13.7680703Z Working directory is '/actions-runner/_work/ka0s/ka0s'
job-core	Checkout code	2025-04-22T06:31:13.7682550Z [command]/usr/bin/git version
job-core	Checkout code	2025-04-22T06:31:13.7683374Z git version 2.48.1
job-core	Checkout code	2025-04-22T06:31:13.7706121Z ##[endgroup]
job-core	Checkout code	2025-04-22T06:31:13.7720223Z Copying '/home/kaos/.gitconfig' to '/actions-runner/_work/_temp/8462ff75-d56b-4035-ae21-9656c78630a0/.gitconfig'
job-core	Checkout code	2025-04-22T06:31:13.7738414Z Temporarily overriding HOME='/actions-runner/_work/_temp/8462ff75-d56b-4035-ae21-9656c78630a0' before making global git config changes
job-core	Checkout code	2025-04-22T06:31:13.7745762Z Adding repository directory to the temporary git global config as a safe directory
job-core	Checkout code	2025-04-22T06:31:13.7757904Z [command]/usr/bin/git config --global --add safe.directory /actions-runner/_work/ka0s/ka0s
job-core	Checkout code	2025-04-22T06:31:13.7815020Z [command]/usr/bin/git config --local --get remote.origin.url
job-core	Checkout code	2025-04-22T06:31:13.7846515Z https://github.com/Ka0s-Klaus/ka0s
job-core	Checkout code	2025-04-22T06:31:13.7873736Z ##[group]Removing previously created refs, to avoid conflicts
job-core	Checkout code	2025-04-22T06:31:13.7880625Z [command]/usr/bin/git rev-parse --symbolic-full-name --verify --quiet HEAD
job-core	Checkout code	2025-04-22T06:31:13.7911891Z refs/heads/H329-documentacion-metodologia-de-kaos
job-core	Checkout code	2025-04-22T06:31:13.7928670Z [command]/usr/bin/git checkout --detach
job-core	Checkout code	2025-04-22T06:31:13.8269664Z HEAD is now at bcf0684 [Ka0S] Uploading resume execution files to the repository...
job-core	Checkout code	2025-04-22T06:31:13.8341353Z [command]/usr/bin/git branch --delete --force H329-documentacion-metodologia-de-kaos
job-core	Checkout code	2025-04-22T06:31:13.8385491Z Deleted branch H329-documentacion-metodologia-de-kaos (was bcf0684).
job-core	Checkout code	2025-04-22T06:31:13.8483913Z ##[endgroup]
job-core	Checkout code	2025-04-22T06:31:13.8487942Z [command]/usr/bin/git submodule status
job-core	Checkout code	2025-04-22T06:31:13.8865160Z ##[group]Cleaning the repository
job-core	Checkout code	2025-04-22T06:31:13.8870582Z [command]/usr/bin/git clean -ffdx
job-core	Checkout code	2025-04-22T06:31:13.8956815Z [command]/usr/bin/git reset --hard HEAD
job-core	Checkout code	2025-04-22T06:31:13.9207293Z HEAD is now at bcf0684 [Ka0S] Uploading resume execution files to the repository...
job-core	Checkout code	2025-04-22T06:31:13.9218903Z ##[endgroup]
job-core	Checkout code	2025-04-22T06:31:13.9221453Z ##[group]Disabling automatic garbage collection
job-core	Checkout code	2025-04-22T06:31:13.9228172Z [command]/usr/bin/git config --local gc.auto 0
job-core	Checkout code	2025-04-22T06:31:13.9286806Z ##[endgroup]
job-core	Checkout code	2025-04-22T06:31:13.9288109Z ##[group]Setting up auth
job-core	Checkout code	2025-04-22T06:31:13.9294548Z [command]/usr/bin/git config --local --name-only --get-regexp core\.sshCommand
job-core	Checkout code	2025-04-22T06:31:13.9341766Z [command]/usr/bin/git submodule foreach --recursive sh -c "git config --local --name-only --get-regexp 'core\.sshCommand' && git config --local --unset-all 'core.sshCommand' || :"
job-core	Checkout code	2025-04-22T06:31:13.9721773Z [command]/usr/bin/git config --local --name-only --get-regexp http\.https\:\/\/github\.com\/\.extraheader
job-core	Checkout code	2025-04-22T06:31:13.9766118Z [command]/usr/bin/git submodule foreach --recursive sh -c "git config --local --name-only --get-regexp 'http\.https\:\/\/github\.com\/\.extraheader' && git config --local --unset-all 'http.https://github.com/.extraheader' || :"
job-core	Checkout code	2025-04-22T06:31:14.0155436Z [command]/usr/bin/git config --local http.https://github.com/.extraheader AUTHORIZATION: basic ***
job-core	Checkout code	2025-04-22T06:31:14.0214730Z ##[endgroup]
job-core	Checkout code	2025-04-22T06:31:14.0216090Z ##[group]Fetching the repository
job-core	Checkout code	2025-04-22T06:31:14.0229986Z [command]/usr/bin/git -c protocol.version=2 fetch --prune --no-recurse-submodules origin +refs/heads/*:refs/remotes/origin/* +refs/tags/*:refs/tags/*
job-core	Checkout code	2025-04-22T06:31:15.5434531Z From https://github.com/Ka0s-Klaus/ka0s
job-core	Checkout code	2025-04-22T06:31:15.5439260Z    58ddf83..3600898  H220-web-de-resultados -> origin/H220-web-de-resultados
job-core	Checkout code	2025-04-22T06:31:15.5447772Z    bcf0684..5d74665  H329-documentacion-metodologia-de-kaos -> origin/H329-documentacion-metodologia-de-kaos
job-core	Checkout code	2025-04-22T06:31:15.5454470Z    f5a1181..719e172  main                   -> origin/main
job-core	Checkout code	2025-04-22T06:31:15.5458480Z  * [new tag]         0.0.93                 -> 0.0.93
job-core	Checkout code	2025-04-22T06:31:15.5550438Z [command]/usr/bin/git branch --list --remote origin/H220-web-de-resultados
job-core	Checkout code	2025-04-22T06:31:15.5609139Z   origin/H220-web-de-resultados
job-core	Checkout code	2025-04-22T06:31:15.5627371Z [command]/usr/bin/git rev-parse refs/remotes/origin/H220-web-de-resultados
job-core	Checkout code	2025-04-22T06:31:15.5662229Z 3600898e0a396a519180573d820593a55cb15fcc
job-core	Checkout code	2025-04-22T06:31:15.5672892Z ##[endgroup]
job-core	Checkout code	2025-04-22T06:31:15.5676772Z ##[group]Determining the checkout info
job-core	Checkout code	2025-04-22T06:31:15.5679010Z ##[endgroup]
job-core	Checkout code	2025-04-22T06:31:15.5681308Z [command]/usr/bin/git sparse-checkout disable
job-core	Checkout code	2025-04-22T06:31:15.5772254Z [command]/usr/bin/git config --local --unset-all extensions.worktreeConfig
job-core	Checkout code	2025-04-22T06:31:15.5820733Z ##[group]Checking out the ref
job-core	Checkout code	2025-04-22T06:31:15.5826979Z [command]/usr/bin/git checkout --progress --force -B H220-web-de-resultados refs/remotes/origin/H220-web-de-resultados
job-core	Checkout code	2025-04-22T06:31:15.6602961Z Previous HEAD position was bcf0684 [Ka0S] Uploading resume execution files to the repository...
job-core	Checkout code	2025-04-22T06:31:15.6618198Z Switched to a new branch 'H220-web-de-resultados'
job-core	Checkout code	2025-04-22T06:31:15.6626232Z branch 'H220-web-de-resultados' set up to track 'origin/H220-web-de-resultados'.
job-core	Checkout code	2025-04-22T06:31:15.6638178Z ##[endgroup]
job-core	Checkout code	2025-04-22T06:31:15.6693040Z [command]/usr/bin/git log -1 --format=%H
job-core	Checkout code	2025-04-22T06:31:15.6734240Z 3600898e0a396a519180573d820593a55cb15fcc
job-core	Validate file extensions	ï»¿2025-04-22T06:31:15.7078086Z ##[group]Run # Nueva ejecuciÃ³n
job-core	Validate file extensions	2025-04-22T06:31:15.7079796Z [36;1m# Nueva ejecuciÃ³n[0m
job-core	Validate file extensions	2025-04-22T06:31:15.7081515Z [36;1mRNNUMBER=$(echo "H220-web-de-resultados" | grep -o '[0-9]*')[0m
job-core	Validate file extensions	2025-04-22T06:31:15.7084515Z [36;1mgh issue comment $RNNUMBER --body "Se inicia Ka0s 14588263585 "[0m
job-core	Validate file extensions	2025-04-22T06:31:15.7101684Z shell: /usr/bin/bash -e {0}
job-core	Validate file extensions	2025-04-22T06:31:15.7103426Z env:
job-core	Validate file extensions	2025-04-22T06:31:15.7104365Z   KAOS_CODE: 14588263585
job-core	Validate file extensions	2025-04-22T06:31:15.7105713Z   KAOS_EVENT_NAME: push
job-core	Validate file extensions	2025-04-22T06:31:15.7107349Z   KAOS_ACTION: 
job-core	Validate file extensions	2025-04-22T06:31:15.7109134Z   KAOS_REF: refs/heads/H220-web-de-resultados
job-core	Validate file extensions	2025-04-22T06:31:15.7113318Z   KAOS_MODULE: [Ka0S] kaos
job-core	Validate file extensions	2025-04-22T06:31:15.7114580Z   KAOS_PATH_RESUME: core/results/k/
job-core	Validate file extensions	2025-04-22T06:31:15.7115973Z   KAOS_JSON: core/results/k/event_data_
job-core	Validate file extensions	2025-04-22T06:31:15.7117353Z   KAOS_ACTOR: jh0ny2k2
job-core	Validate file extensions	2025-04-22T06:31:15.7118466Z   GITHUB_OUTPUT: 
job-core	Validate file extensions	2025-04-22T06:31:15.7120176Z   GH_TOKEN: ***
job-core	Validate file extensions	2025-04-22T06:31:15.7121190Z ##[endgroup]
job-core	Validate file extensions	2025-04-22T06:31:17.6673916Z https://github.com/Ka0s-Klaus/ka0s/issues/220#issuecomment-2820205272
job-core	Crear JSON	ï»¿2025-04-22T06:31:17.6927616Z ##[group]Run # Create JSON structure using proper bash syntax
job-core	Crear JSON	2025-04-22T06:31:17.6930067Z [36;1m# Create JSON structure using proper bash syntax[0m
job-core	Crear JSON	2025-04-22T06:31:17.6931992Z [36;1mcat > core/results/k/event_data_14588263585.json << EOF[0m
job-core	Crear JSON	2025-04-22T06:31:17.6933871Z [36;1m{[0m
job-core	Crear JSON	2025-04-22T06:31:17.6934843Z [36;1m  "event_type": "push",[0m
job-core	Crear JSON	2025-04-22T06:31:17.6936435Z [36;1m  "trigger_branch": "refs/heads/H220-web-de-resultados",[0m
job-core	Crear JSON	2025-04-22T06:31:17.6938362Z [36;1m  "timestamp": "$(date -u +"%Y-%m-%dT%H:%M:%SZ")",[0m
job-core	Crear JSON	2025-04-22T06:31:17.6940798Z [36;1m  "author": {[0m
job-core	Crear JSON	2025-04-22T06:31:17.6943635Z [36;1m    "name": "jh0ny2k2",[0m
job-core	Crear JSON	2025-04-22T06:31:17.6945483Z [36;1m    "email": "117847861+jh0ny2k2@users.noreply.github.com"[0m
job-core	Crear JSON	2025-04-22T06:31:17.6948546Z [36;1m  },[0m
job-core	Crear JSON	2025-04-22T06:31:17.6950380Z [36;1m  "commits": [],[0m
job-core	Crear JSON	2025-04-22T06:31:17.6952421Z [36;1m  "files": [][0m
job-core	Crear JSON	2025-04-22T06:31:17.6954225Z [36;1m}[0m
job-core	Crear JSON	2025-04-22T06:31:17.6956051Z [36;1mEOF[0m
job-core	Crear JSON	2025-04-22T06:31:17.6957260Z [36;1m[0m
job-core	Crear JSON	2025-04-22T06:31:17.6957950Z [36;1m# Add commits if this is a push event[0m
job-core	Crear JSON	2025-04-22T06:31:17.6958924Z [36;1mif [[ "push" == "push" ]]; then[0m
job-core	Crear JSON	2025-04-22T06:31:17.6959883Z [36;1m  # Create a temporary file for commits[0m
job-core	Crear JSON	2025-04-22T06:31:17.6960853Z [36;1m  TEMP_COMMITS=$(mktemp)[0m
job-core	Crear JSON	2025-04-22T06:31:17.6986122Z [36;1m  echo "[" > "$TEMP_COMMITS"[0m
job-core	Crear JSON	2025-04-22T06:31:17.6987055Z [36;1m  [0m
job-core	Crear JSON	2025-04-22T06:31:17.6987753Z [36;1m  # Process each commit[0m
job-core	Crear JSON	2025-04-22T06:31:17.6988570Z [36;1m  FIRST=true[0m
job-core	Crear JSON	2025-04-22T06:31:17.6989397Z [36;1m  while IFS= read -r commit; do[0m
job-core	Crear JSON	2025-04-22T06:31:17.6990350Z [36;1m    if [ "$FIRST" = true ]; then[0m
job-core	Crear JSON	2025-04-22T06:31:17.6991215Z [36;1m      FIRST=false[0m
job-core	Crear JSON	2025-04-22T06:31:17.6991942Z [36;1m    else[0m
job-core	Crear JSON	2025-04-22T06:31:17.6993003Z [36;1m      echo "," >> "$TEMP_COMMITS"[0m
job-core	Crear JSON	2025-04-22T06:31:17.6993939Z [36;1m    fi[0m
job-core	Crear JSON	2025-04-22T06:31:17.6995353Z [36;1m    git log -1 --pretty=format:'{"sha":"%H","author":"%an","email":"%ae","date":"%aI","message":"%s"}' "$commit" >> "$TEMP_COMMITS"[0m
job-core	Crear JSON	2025-04-22T06:31:17.6997802Z [36;1m  done < <(git rev-list 58ddf83a0d7e8c2d5516565cc3fc762c274cbacd..3600898e0a396a519180573d820593a55cb15fcc)[0m
job-core	Crear JSON	2025-04-22T06:31:17.6999816Z [36;1m  echo "]" >> "$TEMP_COMMITS"[0m
job-core	Crear JSON	2025-04-22T06:31:17.7000762Z [36;1m  [0m
job-core	Crear JSON	2025-04-22T06:31:17.7001449Z [36;1m  # Insert commits into main JSON[0m
job-core	Crear JSON	2025-04-22T06:31:17.7004343Z [36;1m  sed -i.bak -e '/"commits": \[/r '$TEMP_COMMITS'' -e '/"commits": \[/d' core/results/k/event_data_14588263585.json[0m
job-core	Crear JSON	2025-04-22T06:31:17.7005904Z [36;1m  rm "$TEMP_COMMITS"[0m
job-core	Crear JSON	2025-04-22T06:31:17.7006661Z [36;1m[0m
job-core	Crear JSON	2025-04-22T06:31:17.7007276Z [36;1m  # Add changed files[0m
job-core	Crear JSON	2025-04-22T06:31:17.7008136Z [36;1m  TEMP_FILES=$(mktemp)[0m
job-core	Crear JSON	2025-04-22T06:31:17.7008754Z [36;1m  echo "[" > "$TEMP_FILES"[0m
job-core	Crear JSON	2025-04-22T06:31:17.7009370Z [36;1m  FIRST=true[0m
job-core	Crear JSON	2025-04-22T06:31:17.7009925Z [36;1m  while IFS= read -r file; do[0m
job-core	Crear JSON	2025-04-22T06:31:17.7010601Z [36;1m    if [ "$FIRST" = true ]; then[0m
job-core	Crear JSON	2025-04-22T06:31:17.7011271Z [36;1m      FIRST=false[0m
job-core	Crear JSON	2025-04-22T06:31:17.7011812Z [36;1m    else[0m
job-core	Crear JSON	2025-04-22T06:31:17.7012841Z [36;1m      echo "," >> "$TEMP_FILES"[0m
job-core	Crear JSON	2025-04-22T06:31:17.7013495Z [36;1m    fi[0m
job-core	Crear JSON	2025-04-22T06:31:17.7014022Z [36;1m    echo "\"$file\"" >> "$TEMP_FILES"[0m
job-core	Crear JSON	2025-04-22T06:31:17.7015349Z [36;1m  done < <(git diff --name-only 58ddf83a0d7e8c2d5516565cc3fc762c274cbacd 3600898e0a396a519180573d820593a55cb15fcc)[0m
job-core	Crear JSON	2025-04-22T06:31:17.7016642Z [36;1m  echo "]" >> "$TEMP_FILES"[0m
job-core	Crear JSON	2025-04-22T06:31:17.7017848Z [36;1m  [0m
job-core	Crear JSON	2025-04-22T06:31:17.7018352Z [36;1m  # Insert files into main JSON[0m
job-core	Crear JSON	2025-04-22T06:31:17.7019422Z [36;1m  sed -i.bak -e '/"files": \[/r '$TEMP_FILES'' -e '/"files": \[/d' core/results/k/event_data_14588263585.json[0m
job-core	Crear JSON	2025-04-22T06:31:17.7020477Z [36;1m  rm "$TEMP_FILES"[0m
job-core	Crear JSON	2025-04-22T06:31:17.7021153Z [36;1melif [[ "push" == "pull_request" ]]; then[0m
job-core	Crear JSON	2025-04-22T06:31:17.7021924Z [36;1m  # Add pull request information[0m
job-core	Crear JSON	2025-04-22T06:31:17.7023733Z [36;1m  TEMP_PR=$(mktemp)[0m
job-core	Crear JSON	2025-04-22T06:31:17.7024333Z [36;1m  cat > "$TEMP_PR" << EOF[0m
job-core	Crear JSON	2025-04-22T06:31:17.7024969Z [36;1m  ,"pull_request": {[0m
job-core	Crear JSON	2025-04-22T06:31:17.7025549Z [36;1m    "action": "",[0m
job-core	Crear JSON	2025-04-22T06:31:17.7026107Z [36;1m    "number": "",[0m
job-core	Crear JSON	2025-04-22T06:31:17.7026671Z [36;1m    "title": ""[0m
job-core	Crear JSON	2025-04-22T06:31:17.7027195Z [36;1m  }[0m
job-core	Crear JSON	2025-04-22T06:31:17.7027640Z [36;1mEOF[0m
job-core	Crear JSON	2025-04-22T06:31:17.7028354Z [36;1m  sed -i.bak -e '/}$/r '$TEMP_PR'' core/results/k/event_data_14588263585.json[0m
job-core	Crear JSON	2025-04-22T06:31:17.7029262Z [36;1m  rm "$TEMP_PR"[0m
job-core	Crear JSON	2025-04-22T06:31:17.7029859Z [36;1melif [[ "push" == "issues" ]]; then[0m
job-core	Crear JSON	2025-04-22T06:31:17.7030554Z [36;1m  # Add issue information[0m
job-core	Crear JSON	2025-04-22T06:31:17.7031197Z [36;1m  TEMP_ISSUE=$(mktemp)[0m
job-core	Crear JSON	2025-04-22T06:31:17.7031816Z [36;1m  cat > "$TEMP_ISSUE" << EOF[0m
job-core	Crear JSON	2025-04-22T06:31:17.7032631Z [36;1m  ,"issue": {[0m
job-core	Crear JSON	2025-04-22T06:31:17.7033169Z [36;1m    "action": "",[0m
job-core	Crear JSON	2025-04-22T06:31:17.7033732Z [36;1m    "number": "",[0m
job-core	Crear JSON	2025-04-22T06:31:17.7034283Z [36;1m    "title": ""[0m
job-core	Crear JSON	2025-04-22T06:31:17.7034806Z [36;1m  }[0m
job-core	Crear JSON	2025-04-22T06:31:17.7035257Z [36;1mEOF[0m
job-core	Crear JSON	2025-04-22T06:31:17.7035997Z [36;1m  sed -i.bak -e '/}$/r '$TEMP_ISSUE'' core/results/k/event_data_14588263585.json[0m
job-core	Crear JSON	2025-04-22T06:31:17.7036921Z [36;1m  rm "$TEMP_ISSUE"[0m
job-core	Crear JSON	2025-04-22T06:31:17.7037474Z [36;1mfi[0m
job-core	Crear JSON	2025-04-22T06:31:17.7037915Z [36;1m[0m
job-core	Crear JSON	2025-04-22T06:31:17.7038427Z [36;1m# Store the file path for later use[0m
job-core	Crear JSON	2025-04-22T06:31:17.7039389Z [36;1mINVOLVED=core/results/k/files-in-commit-$KAOS_CODE_FILES.txt[0m
job-core	Crear JSON	2025-04-22T06:31:17.7040382Z [36;1mecho "INVOLVED=$INVOLVED" >> $GITHUB_ENV[0m
job-core	Crear JSON	2025-04-22T06:31:17.7057529Z shell: /usr/bin/bash -e {0}
job-core	Crear JSON	2025-04-22T06:31:17.7058022Z env:
job-core	Crear JSON	2025-04-22T06:31:17.7058385Z   KAOS_CODE: 14588263585
job-core	Crear JSON	2025-04-22T06:31:17.7058831Z   KAOS_EVENT_NAME: push
job-core	Crear JSON	2025-04-22T06:31:17.7059251Z   KAOS_ACTION: 
job-core	Crear JSON	2025-04-22T06:31:17.7059701Z   KAOS_REF: refs/heads/H220-web-de-resultados
job-core	Crear JSON	2025-04-22T06:31:17.7060301Z   KAOS_MODULE: [Ka0S] kaos
job-core	Crear JSON	2025-04-22T06:31:17.7060777Z   KAOS_PATH_RESUME: core/results/k/
job-core	Crear JSON	2025-04-22T06:31:17.7061316Z   KAOS_JSON: core/results/k/event_data_
job-core	Crear JSON	2025-04-22T06:31:17.7061837Z   KAOS_ACTOR: jh0ny2k2
job-core	Crear JSON	2025-04-22T06:31:17.7062346Z   GITHUB_OUTPUT: 
job-core	Crear JSON	2025-04-22T06:31:17.7062735Z ##[endgroup]
job-core	Upload Files	ï»¿2025-04-22T06:31:17.8475091Z ##[group]Run echo "Uploading files to the repository..."
job-core	Upload Files	2025-04-22T06:31:17.8475679Z [36;1mecho "Uploading files to the repository..."[0m
job-core	Upload Files	2025-04-22T06:31:17.8476241Z [36;1mgit config --global user.name "***"[0m
job-core	Upload Files	2025-04-22T06:31:17.8476716Z [36;1mgit config --global user.email "***"[0m
job-core	Upload Files	2025-04-22T06:31:17.8477088Z [36;1mgit pull[0m
job-core	Upload Files	2025-04-22T06:31:17.8477388Z [36;1mgit add core/results/k/event_data_*[0m
job-core	Upload Files	2025-04-22T06:31:17.8477935Z [36;1mgit commit -m "[Ka0S] Uploading resume execution files to the repository..."[0m
job-core	Upload Files	2025-04-22T06:31:17.8478555Z [36;1mgit push origin refs/heads/H220-web-de-resultados [0m
job-core	Upload Files	2025-04-22T06:31:17.8488240Z shell: /usr/bin/bash -e {0}
job-core	Upload Files	2025-04-22T06:31:17.8488572Z env:
job-core	Upload Files	2025-04-22T06:31:17.8497501Z   KAOS_CODE: 14588263585
job-core	Upload Files	2025-04-22T06:31:17.8497995Z   KAOS_EVENT_NAME: push
job-core	Upload Files	2025-04-22T06:31:17.8498291Z   KAOS_ACTION: 
job-core	Upload Files	2025-04-22T06:31:17.8498889Z   KAOS_REF: refs/heads/H220-web-de-resultados
job-core	Upload Files	2025-04-22T06:31:17.8499270Z   KAOS_MODULE: [Ka0S] kaos
job-core	Upload Files	2025-04-22T06:31:17.8499681Z   KAOS_PATH_RESUME: core/results/k/
job-core	Upload Files	2025-04-22T06:31:17.8500033Z   KAOS_JSON: core/results/k/event_data_
job-core	Upload Files	2025-04-22T06:31:17.8500380Z   KAOS_ACTOR: jh0ny2k2
job-core	Upload Files	2025-04-22T06:31:17.8500944Z   GITHUB_OUTPUT: 
job-core	Upload Files	2025-04-22T06:31:17.8501262Z   INVOLVED: core/results/k/files-in-commit-.txt
job-core	Upload Files	2025-04-22T06:31:17.8501640Z ##[endgroup]
job-core	Upload Files	2025-04-22T06:31:17.8542206Z Uploading files to the repository...
job-core	Upload Files	2025-04-22T06:31:18.7880885Z Already up to date.
job-core	Upload Files	2025-04-22T06:31:18.8859764Z [H220-web-de-resultados ef2642c] [Ka0S] Uploading resume execution files to the repository...
job-core	Upload Files	2025-04-22T06:31:18.8860767Z  2 files changed, 158 insertions(+)
job-core	Upload Files	2025-04-22T06:31:18.8861492Z  create mode 100644 core/results/k/event_data_14588263585.json
job-core	Upload Files	2025-04-22T06:31:18.8862711Z  create mode 100644 core/results/k/event_data_14588263585.json.bak
job-core	Upload Files	2025-04-22T06:31:19.9602621Z To https://github.com/Ka0s-Klaus/ka0s
job-core	Upload Files	2025-04-22T06:31:19.9607997Z    3600898..ef2642c  H220-web-de-resultados -> H220-web-de-resultados
job-core	Run git diff --name-only 58ddf83a0d7e8c2d5516565cc3fc762c274cbacd 3600898e0a396a519180573d820593a55cb15fcc > files-in-commit.txt	ï»¿2025-04-22T06:31:19.9921092Z ##[group]Run git diff --name-only 58ddf83a0d7e8c2d5516565cc3fc762c274cbacd 3600898e0a396a519180573d820593a55cb15fcc > files-in-commit.txt
job-core	Run git diff --name-only 58ddf83a0d7e8c2d5516565cc3fc762c274cbacd 3600898e0a396a519180573d820593a55cb15fcc > files-in-commit.txt	2025-04-22T06:31:19.9923867Z [36;1mgit diff --name-only 58ddf83a0d7e8c2d5516565cc3fc762c274cbacd 3600898e0a396a519180573d820593a55cb15fcc > files-in-commit.txt[0m
job-core	Run git diff --name-only 58ddf83a0d7e8c2d5516565cc3fc762c274cbacd 3600898e0a396a519180573d820593a55cb15fcc > files-in-commit.txt	2025-04-22T06:31:19.9925391Z [36;1mcat files-in-commit.txt[0m
job-core	Run git diff --name-only 58ddf83a0d7e8c2d5516565cc3fc762c274cbacd 3600898e0a396a519180573d820593a55cb15fcc > files-in-commit.txt	2025-04-22T06:31:19.9926134Z [36;1m# Nuevo proceso de activacion de los modulos[0m
job-core	Run git diff --name-only 58ddf83a0d7e8c2d5516565cc3fc762c274cbacd 3600898e0a396a519180573d820593a55cb15fcc > files-in-commit.txt	2025-04-22T06:31:19.9926905Z [36;1mwhile IFS= read -r line; do[0m
job-core	Run git diff --name-only 58ddf83a0d7e8c2d5516565cc3fc762c274cbacd 3600898e0a396a519180573d820593a55cb15fcc > files-in-commit.txt	2025-04-22T06:31:19.9927615Z [36;1m  # Skip files in core/outputs directory[0m
job-core	Run git diff --name-only 58ddf83a0d7e8c2d5516565cc3fc762c274cbacd 3600898e0a396a519180573d820593a55cb15fcc > files-in-commit.txt	2025-04-22T06:31:19.9928537Z [36;1m  if [[ "$line" == core/outputs/* || "$line" == core/results/* ]]; then[0m
job-core	Run git diff --name-only 58ddf83a0d7e8c2d5516565cc3fc762c274cbacd 3600898e0a396a519180573d820593a55cb15fcc > files-in-commit.txt	2025-04-22T06:31:19.9929544Z [36;1m    echo "Skipping file in outputs directory: $line"[0m
job-core	Run git diff --name-only 58ddf83a0d7e8c2d5516565cc3fc762c274cbacd 3600898e0a396a519180573d820593a55cb15fcc > files-in-commit.txt	2025-04-22T06:31:19.9930321Z [36;1m    continue[0m
job-core	Run git diff --name-only 58ddf83a0d7e8c2d5516565cc3fc762c274cbacd 3600898e0a396a519180573d820593a55cb15fcc > files-in-commit.txt	2025-04-22T06:31:19.9930824Z [36;1m  fi[0m
job-core	Run git diff --name-only 58ddf83a0d7e8c2d5516565cc3fc762c274cbacd 3600898e0a396a519180573d820593a55cb15fcc > files-in-commit.txt	2025-04-22T06:31:19.9931637Z [36;1m  echo "I Leemos el fichero files-in-commit.txt y extraemos el fichero $line"[0m
job-core	Run git diff --name-only 58ddf83a0d7e8c2d5516565cc3fc762c274cbacd 3600898e0a396a519180573d820593a55cb15fcc > files-in-commit.txt	2025-04-22T06:31:19.9932990Z [36;1m  module_failed=0[0m
job-core	Run git diff --name-only 58ddf83a0d7e8c2d5516565cc3fc762c274cbacd 3600898e0a396a519180573d820593a55cb15fcc > files-in-commit.txt	2025-04-22T06:31:19.9933576Z [36;1m  extension_failed=0[0m
job-core	Run git diff --name-only 58ddf83a0d7e8c2d5516565cc3fc762c274cbacd 3600898e0a396a519180573d820593a55cb15fcc > files-in-commit.txt	2025-04-22T06:31:19.9934195Z [36;1m  file_name=$(basename "$line")[0m
job-core	Run git diff --name-only 58ddf83a0d7e8c2d5516565cc3fc762c274cbacd 3600898e0a396a519180573d820593a55cb15fcc > files-in-commit.txt	2025-04-22T06:31:19.9935036Z [36;1m  echo "I-1 Calculamos el nombre del fichero $file_name"[0m
job-core	Run git diff --name-only 58ddf83a0d7e8c2d5516565cc3fc762c274cbacd 3600898e0a396a519180573d820593a55cb15fcc > files-in-commit.txt	2025-04-22T06:31:19.9935895Z [36;1m  file_extension="${file_name##*.}"[0m
job-core	Run git diff --name-only 58ddf83a0d7e8c2d5516565cc3fc762c274cbacd 3600898e0a396a519180573d820593a55cb15fcc > files-in-commit.txt	2025-04-22T06:31:19.9936789Z [36;1m  echo "I-2 Calculamos la extension del fichero $file_extension"[0m
job-core	Run git diff --name-only 58ddf83a0d7e8c2d5516565cc3fc762c274cbacd 3600898e0a396a519180573d820593a55cb15fcc > files-in-commit.txt	2025-04-22T06:31:19.9937744Z [36;1m  file_module="$file_extension""lint.yml"[0m
job-core	Run git diff --name-only 58ddf83a0d7e8c2d5516565cc3fc762c274cbacd 3600898e0a396a519180573d820593a55cb15fcc > files-in-commit.txt	2025-04-22T06:31:19.9938556Z [36;1m  echo "I-3 Calculamos el modulo $file_module"[0m
job-core	Run git diff --name-only 58ddf83a0d7e8c2d5516565cc3fc762c274cbacd 3600898e0a396a519180573d820593a55cb15fcc > files-in-commit.txt	2025-04-22T06:31:19.9939374Z [36;1m  IFS=',' read -r -a file_array <<< "$files"[0m
job-core	Run git diff --name-only 58ddf83a0d7e8c2d5516565cc3fc762c274cbacd 3600898e0a396a519180573d820593a55cb15fcc > files-in-commit.txt	2025-04-22T06:31:19.9940138Z [36;1m  for file in "${file_array[@]}"; do[0m
job-core	Run git diff --name-only 58ddf83a0d7e8c2d5516565cc3fc762c274cbacd 3600898e0a396a519180573d820593a55cb15fcc > files-in-commit.txt	2025-04-22T06:31:19.9940879Z [36;1m    echo "II Leemos el array de $file"[0m
job-core	Run git diff --name-only 58ddf83a0d7e8c2d5516565cc3fc762c274cbacd 3600898e0a396a519180573d820593a55cb15fcc > files-in-commit.txt	2025-04-22T06:31:19.9942432Z [36;1m    if [[ "$file_extension" == "$file" ]]; then[0m
job-core	Run git diff --name-only 58ddf83a0d7e8c2d5516565cc3fc762c274cbacd 3600898e0a396a519180573d820593a55cb15fcc > files-in-commit.txt	2025-04-22T06:31:19.9944104Z [36;1m      echo "III Comprobamos si $file_extension es igual a $file"[0m
job-core	Run git diff --name-only 58ddf83a0d7e8c2d5516565cc3fc762c274cbacd 3600898e0a396a519180573d820593a55cb15fcc > files-in-commit.txt	2025-04-22T06:31:19.9945769Z [36;1m      IFS=',' read -r -a module_array <<< "$modules"[0m
job-core	Run git diff --name-only 58ddf83a0d7e8c2d5516565cc3fc762c274cbacd 3600898e0a396a519180573d820593a55cb15fcc > files-in-commit.txt	2025-04-22T06:31:19.9947055Z [36;1m      for module in "${module_array[@]}"; do[0m
job-core	Run git diff --name-only 58ddf83a0d7e8c2d5516565cc3fc762c274cbacd 3600898e0a396a519180573d820593a55cb15fcc > files-in-commit.txt	2025-04-22T06:31:19.9948473Z [36;1m        echo "IV Leemos el array $module"[0m
job-core	Run git diff --name-only 58ddf83a0d7e8c2d5516565cc3fc762c274cbacd 3600898e0a396a519180573d820593a55cb15fcc > files-in-commit.txt	2025-04-22T06:31:19.9949261Z [36;1m        if [[ "$file_module" == *"$module"* ]]; then[0m
job-core	Run git diff --name-only 58ddf83a0d7e8c2d5516565cc3fc762c274cbacd 3600898e0a396a519180573d820593a55cb15fcc > files-in-commit.txt	2025-04-22T06:31:19.9950361Z [36;1m          echo "V Comprobamos que el $file_module es igual a $module y ejecutamos el flujo"[0m
job-core	Run git diff --name-only 58ddf83a0d7e8c2d5516565cc3fc762c274cbacd 3600898e0a396a519180573d820593a55cb15fcc > files-in-commit.txt	2025-04-22T06:31:19.9951533Z [36;1m          # Si hemos llegado hasta aquÃ­ ejecutamos el mÃ³dulo[0m
job-core	Run git diff --name-only 58ddf83a0d7e8c2d5516565cc3fc762c274cbacd 3600898e0a396a519180573d820593a55cb15fcc > files-in-commit.txt	2025-04-22T06:31:19.9952592Z [36;1m          # Lanzamos el lint del fichero[0m
job-core	Run git diff --name-only 58ddf83a0d7e8c2d5516565cc3fc762c274cbacd 3600898e0a396a519180573d820593a55cb15fcc > files-in-commit.txt	2025-04-22T06:31:19.9953607Z [36;1m          RNNUMBER=$(echo "refs/heads/H220-web-de-resultados" | grep -o '[0-9]*')[0m
job-core	Run git diff --name-only 58ddf83a0d7e8c2d5516565cc3fc762c274cbacd 3600898e0a396a519180573d820593a55cb15fcc > files-in-commit.txt	2025-04-22T06:31:19.9954688Z [36;1m          echo "El numero de la issue es: $RNNUMBER"[0m
job-core	Run git diff --name-only 58ddf83a0d7e8c2d5516565cc3fc762c274cbacd 3600898e0a396a519180573d820593a55cb15fcc > files-in-commit.txt	2025-04-22T06:31:19.9956529Z [36;1m          gh workflow run $file_module --ref refs/heads/H220-web-de-resultados -f kaos-origin=14588263585 -f kaos-files=$line -f kaos-issue-id=$RNNUMBER -f kaos-user-start=jh0ny2k2[0m
job-core	Run git diff --name-only 58ddf83a0d7e8c2d5516565cc3fc762c274cbacd 3600898e0a396a519180573d820593a55cb15fcc > files-in-commit.txt	2025-04-22T06:31:19.9958294Z [36;1m          module_failed=0[0m
job-core	Run git diff --name-only 58ddf83a0d7e8c2d5516565cc3fc762c274cbacd 3600898e0a396a519180573d820593a55cb15fcc > files-in-commit.txt	2025-04-22T06:31:19.9959507Z [36;1m          extension_failed=0[0m
job-core	Run git diff --name-only 58ddf83a0d7e8c2d5516565cc3fc762c274cbacd 3600898e0a396a519180573d820593a55cb15fcc > files-in-commit.txt	2025-04-22T06:31:19.9960137Z [36;1m          break[0m
job-core	Run git diff --name-only 58ddf83a0d7e8c2d5516565cc3fc762c274cbacd 3600898e0a396a519180573d820593a55cb15fcc > files-in-commit.txt	2025-04-22T06:31:19.9960668Z [36;1m        else[0m
job-core	Run git diff --name-only 58ddf83a0d7e8c2d5516565cc3fc762c274cbacd 3600898e0a396a519180573d820593a55cb15fcc > files-in-commit.txt	2025-04-22T06:31:19.9961349Z [36;1m          # Control de si existe el modulo para esa extension"[0m
job-core	Run git diff --name-only 58ddf83a0d7e8c2d5516565cc3fc762c274cbacd 3600898e0a396a519180573d820593a55cb15fcc > files-in-commit.txt	2025-04-22T06:31:19.9962821Z [36;1m          echo "VI No es igual $file_module a $module y lo indicamos en la variable module_failed=1"[0m
job-core	Run git diff --name-only 58ddf83a0d7e8c2d5516565cc3fc762c274cbacd 3600898e0a396a519180573d820593a55cb15fcc > files-in-commit.txt	2025-04-22T06:31:19.9963883Z [36;1m          module_failed=1[0m
job-core	Run git diff --name-only 58ddf83a0d7e8c2d5516565cc3fc762c274cbacd 3600898e0a396a519180573d820593a55cb15fcc > files-in-commit.txt	2025-04-22T06:31:19.9964476Z [36;1m        fi[0m
job-core	Run git diff --name-only 58ddf83a0d7e8c2d5516565cc3fc762c274cbacd 3600898e0a396a519180573d820593a55cb15fcc > files-in-commit.txt	2025-04-22T06:31:19.9964966Z [36;1m      done[0m
job-core	Run git diff --name-only 58ddf83a0d7e8c2d5516565cc3fc762c274cbacd 3600898e0a396a519180573d820593a55cb15fcc > files-in-commit.txt	2025-04-22T06:31:19.9979977Z [36;1m      break[0m
job-core	Run git diff --name-only 58ddf83a0d7e8c2d5516565cc3fc762c274cbacd 3600898e0a396a519180573d820593a55cb15fcc > files-in-commit.txt	2025-04-22T06:31:19.9980537Z [36;1m    else[0m
job-core	Run git diff --name-only 58ddf83a0d7e8c2d5516565cc3fc762c274cbacd 3600898e0a396a519180573d820593a55cb15fcc > files-in-commit.txt	2025-04-22T06:31:19.9981203Z [36;1m      # Control de si existe el modulo para esa extension"[0m
job-core	Run git diff --name-only 58ddf83a0d7e8c2d5516565cc3fc762c274cbacd 3600898e0a396a519180573d820593a55cb15fcc > files-in-commit.txt	2025-04-22T06:31:19.9982758Z [36;1m      echo "VII No es igual $file_extension a $file y lo indicamos en la variable extension_failed=1"[0m
job-core	Run git diff --name-only 58ddf83a0d7e8c2d5516565cc3fc762c274cbacd 3600898e0a396a519180573d820593a55cb15fcc > files-in-commit.txt	2025-04-22T06:31:19.9984978Z [36;1m      extension_failed=1[0m
job-core	Run git diff --name-only 58ddf83a0d7e8c2d5516565cc3fc762c274cbacd 3600898e0a396a519180573d820593a55cb15fcc > files-in-commit.txt	2025-04-22T06:31:19.9985596Z [36;1m    fi  [0m
job-core	Run git diff --name-only 58ddf83a0d7e8c2d5516565cc3fc762c274cbacd 3600898e0a396a519180573d820593a55cb15fcc > files-in-commit.txt	2025-04-22T06:31:19.9986062Z [36;1m  done[0m
job-core	Run git diff --name-only 58ddf83a0d7e8c2d5516565cc3fc762c274cbacd 3600898e0a396a519180573d820593a55cb15fcc > files-in-commit.txt	2025-04-22T06:31:19.9986586Z [36;1m  if [[ $module_failed == 1 ]]; then[0m
job-core	Run git diff --name-only 58ddf83a0d7e8c2d5516565cc3fc762c274cbacd 3600898e0a396a519180573d820593a55cb15fcc > files-in-commit.txt	2025-04-22T06:31:19.9987617Z [36;1m    echo "IX Si el modulo falla ($module_failed) aÃ±adimos el comentario a la issue"[0m
job-core	Run git diff --name-only 58ddf83a0d7e8c2d5516565cc3fc762c274cbacd 3600898e0a396a519180573d820593a55cb15fcc > files-in-commit.txt	2025-04-22T06:31:19.9989473Z [36;1m    # Si hemos llegado hasta aquÃ­ aÃ±adimos el mensaje de que la extension esta permitida pero no dispone de modulo activo y aqui finaliza el proceso[0m
job-core	Run git diff --name-only 58ddf83a0d7e8c2d5516565cc3fc762c274cbacd 3600898e0a396a519180573d820593a55cb15fcc > files-in-commit.txt	2025-04-22T06:31:19.9991079Z [36;1m    # AÃ±adimos los valores a las variables de la issue[0m
job-core	Run git diff --name-only 58ddf83a0d7e8c2d5516565cc3fc762c274cbacd 3600898e0a396a519180573d820593a55cb15fcc > files-in-commit.txt	2025-04-22T06:31:19.9993555Z [36;1m    KAOS_ISSUE_BODY="[Ka0S] kaos ha detectado que la extensiÃ³n ($file_extension) esta permitida dentro de KAOS_CORE_FILES, pero el mÃ³dulo asociado ($file_module) no esta activo. Por favor compruebe que exista y esta activo."[0m
job-core	Run git diff --name-only 58ddf83a0d7e8c2d5516565cc3fc762c274cbacd 3600898e0a396a519180573d820593a55cb15fcc > files-in-commit.txt	2025-04-22T06:31:19.9995712Z [36;1m    # AÃ±adimos el comentario a la issue[0m
job-core	Run git diff --name-only 58ddf83a0d7e8c2d5516565cc3fc762c274cbacd 3600898e0a396a519180573d820593a55cb15fcc > files-in-commit.txt	2025-04-22T06:31:19.9996734Z [36;1m    RNNUMBER=$(echo "refs/heads/H220-web-de-resultados" | grep -o '[0-9]*')[0m
job-core	Run git diff --name-only 58ddf83a0d7e8c2d5516565cc3fc762c274cbacd 3600898e0a396a519180573d820593a55cb15fcc > files-in-commit.txt	2025-04-22T06:31:19.9997888Z [36;1m    gh issue comment $RNNUMBER --body "$KAOS_ISSUE_BODY"[0m
job-core	Run git diff --name-only 58ddf83a0d7e8c2d5516565cc3fc762c274cbacd 3600898e0a396a519180573d820593a55cb15fcc > files-in-commit.txt	2025-04-22T06:31:19.9998667Z [36;1m  fi[0m
job-core	Run git diff --name-only 58ddf83a0d7e8c2d5516565cc3fc762c274cbacd 3600898e0a396a519180573d820593a55cb15fcc > files-in-commit.txt	2025-04-22T06:31:19.9999201Z [36;1m  if [[ $extension_failed == 1 ]]; then[0m
job-core	Run git diff --name-only 58ddf83a0d7e8c2d5516565cc3fc762c274cbacd 3600898e0a396a519180573d820593a55cb15fcc > files-in-commit.txt	2025-04-22T06:31:20.0000298Z [36;1m    echo "X Si extension falla falla ($extension_failed) aÃ±adimos el comentario a la issue"[0m
job-core	Run git diff --name-only 58ddf83a0d7e8c2d5516565cc3fc762c274cbacd 3600898e0a396a519180573d820593a55cb15fcc > files-in-commit.txt	2025-04-22T06:31:20.0001786Z [36;1m    # Si hemos llegado hasta aquÃ­ aÃ±adimos el mensaje de que la extension no esta permitida[0m
job-core	Run git diff --name-only 58ddf83a0d7e8c2d5516565cc3fc762c274cbacd 3600898e0a396a519180573d820593a55cb15fcc > files-in-commit.txt	2025-04-22T06:31:20.0003835Z [36;1m    # AÃ±adimos los valores a las variables de la issue[0m
job-core	Run git diff --name-only 58ddf83a0d7e8c2d5516565cc3fc762c274cbacd 3600898e0a396a519180573d820593a55cb15fcc > files-in-commit.txt	2025-04-22T06:31:20.0005619Z [36;1m    KAOS_ISSUE_BODY="[Ka0S] kaos ha detectado que la extensiÃ³n ($file_extension) NO esta permitida dentro de KAOS_CORE_FILES. Por favor compruebe que exista y esta activo."[0m
job-core	Run git diff --name-only 58ddf83a0d7e8c2d5516565cc3fc762c274cbacd 3600898e0a396a519180573d820593a55cb15fcc > files-in-commit.txt	2025-04-22T06:31:20.0007328Z [36;1m    # AÃ±adimos el comentario a la issue[0m
job-core	Run git diff --name-only 58ddf83a0d7e8c2d5516565cc3fc762c274cbacd 3600898e0a396a519180573d820593a55cb15fcc > files-in-commit.txt	2025-04-22T06:31:20.0008366Z [36;1m    RNNUMBER=$(echo "refs/heads/H220-web-de-resultados" | grep -o '[0-9]*')[0m
job-core	Run git diff --name-only 58ddf83a0d7e8c2d5516565cc3fc762c274cbacd 3600898e0a396a519180573d820593a55cb15fcc > files-in-commit.txt	2025-04-22T06:31:20.0009484Z [36;1m    gh issue comment $RNNUMBER --body "$KAOS_ISSUE_BODY"[0m
job-core	Run git diff --name-only 58ddf83a0d7e8c2d5516565cc3fc762c274cbacd 3600898e0a396a519180573d820593a55cb15fcc > files-in-commit.txt	2025-04-22T06:31:20.0010312Z [36;1m  fi  [0m
job-core	Run git diff --name-only 58ddf83a0d7e8c2d5516565cc3fc762c274cbacd 3600898e0a396a519180573d820593a55cb15fcc > files-in-commit.txt	2025-04-22T06:31:20.0011170Z [36;1***one < files-in-commit.txt      [0m
job-core	Run git diff --name-only 58ddf83a0d7e8c2d5516565cc3fc762c274cbacd 3600898e0a396a519180573d820593a55cb15fcc > files-in-commit.txt	2025-04-22T06:31:20.0028338Z shell: /usr/bin/bash -e {0}
job-core	Run git diff --name-only 58ddf83a0d7e8c2d5516565cc3fc762c274cbacd 3600898e0a396a519180573d820593a55cb15fcc > files-in-commit.txt	2025-04-22T06:31:20.0028934Z env:
job-core	Run git diff --name-only 58ddf83a0d7e8c2d5516565cc3fc762c274cbacd 3600898e0a396a519180573d820593a55cb15fcc > files-in-commit.txt	2025-04-22T06:31:20.0029383Z   KAOS_CODE: 14588263585
job-core	Run git diff --name-only 58ddf83a0d7e8c2d5516565cc3fc762c274cbacd 3600898e0a396a519180573d820593a55cb15fcc > files-in-commit.txt	2025-04-22T06:31:20.0029938Z   KAOS_EVENT_NAME: push
job-core	Run git diff --name-only 58ddf83a0d7e8c2d5516565cc3fc762c274cbacd 3600898e0a396a519180573d820593a55cb15fcc > files-in-commit.txt	2025-04-22T06:31:20.0030455Z   KAOS_ACTION: 
job-core	Run git diff --name-only 58ddf83a0d7e8c2d5516565cc3fc762c274cbacd 3600898e0a396a519180573d820593a55cb15fcc > files-in-commit.txt	2025-04-22T06:31:20.0031023Z   KAOS_REF: refs/heads/H220-web-de-resultados
job-core	Run git diff --name-only 58ddf83a0d7e8c2d5516565cc3fc762c274cbacd 3600898e0a396a519180573d820593a55cb15fcc > files-in-commit.txt	2025-04-22T06:31:20.0031728Z   KAOS_MODULE: [Ka0S] kaos
job-core	Run git diff --name-only 58ddf83a0d7e8c2d5516565cc3fc762c274cbacd 3600898e0a396a519180573d820593a55cb15fcc > files-in-commit.txt	2025-04-22T06:31:20.0032411Z   KAOS_PATH_RESUME: core/results/k/
job-core	Run git diff --name-only 58ddf83a0d7e8c2d5516565cc3fc762c274cbacd 3600898e0a396a519180573d820593a55cb15fcc > files-in-commit.txt	2025-04-22T06:31:20.0033071Z   KAOS_JSON: core/results/k/event_data_
job-core	Run git diff --name-only 58ddf83a0d7e8c2d5516565cc3fc762c274cbacd 3600898e0a396a519180573d820593a55cb15fcc > files-in-commit.txt	2025-04-22T06:31:20.0033714Z   KAOS_ACTOR: jh0ny2k2
job-core	Run git diff --name-only 58ddf83a0d7e8c2d5516565cc3fc762c274cbacd 3600898e0a396a519180573d820593a55cb15fcc > files-in-commit.txt	2025-04-22T06:31:20.0034222Z   GITHUB_OUTPUT: 
job-core	Run git diff --name-only 58ddf83a0d7e8c2d5516565cc3fc762c274cbacd 3600898e0a396a519180573d820593a55cb15fcc > files-in-commit.txt	2025-04-22T06:31:20.0034807Z   INVOLVED: core/results/k/files-in-commit-.txt
job-core	Run git diff --name-only 58ddf83a0d7e8c2d5516565cc3fc762c274cbacd 3600898e0a396a519180573d820593a55cb15fcc > files-in-commit.txt	2025-04-22T06:31:20.0036246Z   modules: ***
job-core	Run git diff --name-only 58ddf83a0d7e8c2d5516565cc3fc762c274cbacd 3600898e0a396a519180573d820593a55cb15fcc > files-in-commit.txt	2025-04-22T06:31:20.0036636Z   files: ***
job-core	Run git diff --name-only 58ddf83a0d7e8c2d5516565cc3fc762c274cbacd 3600898e0a396a519180573d820593a55cb15fcc > files-in-commit.txt	2025-04-22T06:31:20.0037190Z   GH_TOKEN: ***
job-core	Run git diff --name-only 58ddf83a0d7e8c2d5516565cc3fc762c274cbacd 3600898e0a396a519180573d820593a55cb15fcc > files-in-commit.txt	2025-04-22T06:31:20.0037571Z ##[endgroup]
job-core	Run git diff --name-only 58ddf83a0d7e8c2d5516565cc3fc762c274cbacd 3600898e0a396a519180573d820593a55cb15fcc > files-in-commit.txt	2025-04-22T06:31:20.0289877Z CHANGELOG.***
job-core	Run git diff --name-only 58ddf83a0d7e8c2d5516565cc3fc762c274cbacd 3600898e0a396a519180573d820593a55cb15fcc > files-in-commit.txt	2025-04-22T06:31:20.0290920Z INDEX.***
job-core	Run git diff --name-only 58ddf83a0d7e8c2d5516565cc3fc762c274cbacd 3600898e0a396a519180573d820593a55cb15fcc > files-in-commit.txt	2025-04-22T06:31:20.0291838Z core/docs/ka0s/ka0s_metodologia.***
job-core	Run git diff --name-only 58ddf83a0d7e8c2d5516565cc3fc762c274cbacd 3600898e0a396a519180573d820593a55cb15fcc > files-in-commit.txt	2025-04-22T06:31:20.0300039Z core/imgs/ka0s-branch.png
job-core	Run git diff --name-only 58ddf83a0d7e8c2d5516565cc3fc762c274cbacd 3600898e0a396a519180573d820593a55cb15fcc > files-in-commit.txt	2025-04-22T06:31:20.0300777Z core/imgs/ka0s-info.png
job-core	Run git diff --name-only 58ddf83a0d7e8c2d5516565cc3fc762c274cbacd 3600898e0a396a519180573d820593a55cb15fcc > files-in-commit.txt	2025-04-22T06:31:20.0301588Z core/imgs/ka0s-inspector-human.png
job-core	Run git diff --name-only 58ddf83a0d7e8c2d5516565cc3fc762c274cbacd 3600898e0a396a519180573d820593a55cb15fcc > files-in-commit.txt	2025-04-22T06:31:20.0302358Z core/imgs/ka0s-inspector.png
job-core	Run git diff --name-only 58ddf83a0d7e8c2d5516565cc3fc762c274cbacd 3600898e0a396a519180573d820593a55cb15fcc > files-in-commit.txt	2025-04-22T06:31:20.0302702Z core/imgs/kaos-core.jpeg
job-core	Run git diff --name-only 58ddf83a0d7e8c2d5516565cc3fc762c274cbacd 3600898e0a396a519180573d820593a55cb15fcc > files-in-commit.txt	2025-04-22T06:31:20.0303017Z core/imgs/kaos-core.png
job-core	Run git diff --name-only 58ddf83a0d7e8c2d5516565cc3fc762c274cbacd 3600898e0a396a519180573d820593a55cb15fcc > files-in-commit.txt	2025-04-22T06:31:20.0303506Z core/outputs/i/14572372111.json
job-core	Run git diff --name-only 58ddf83a0d7e8c2d5516565cc3fc762c274cbacd 3600898e0a396a519180573d820593a55cb15fcc > files-in-commit.txt	2025-04-22T06:31:20.0303850Z core/outputs/i/14572372111.log
job-core	Run git diff --name-only 58ddf83a0d7e8c2d5516565cc3fc762c274cbacd 3600898e0a396a519180573d820593a55cb15fcc > files-in-commit.txt	2025-04-22T06:31:20.0304179Z core/outputs/i/14572636601.json
job-core	Run git diff --name-only 58ddf83a0d7e8c2d5516565cc3fc762c274cbacd 3600898e0a396a519180573d820593a55cb15fcc > files-in-commit.txt	2025-04-22T06:31:20.0304504Z core/outputs/i/14572636601.log
job-core	Run git diff --name-only 58ddf83a0d7e8c2d5516565cc3fc762c274cbacd 3600898e0a396a519180573d820593a55cb15fcc > files-in-commit.txt	2025-04-22T06:31:20.0304829Z core/outputs/i/14572638591.json
job-core	Run git diff --name-only 58ddf83a0d7e8c2d5516565cc3fc762c274cbacd 3600898e0a396a519180573d820593a55cb15fcc > files-in-commit.txt	2025-04-22T06:31:20.0305150Z core/outputs/i/14572638591.log
job-core	Run git diff --name-only 58ddf83a0d7e8c2d5516565cc3fc762c274cbacd 3600898e0a396a519180573d820593a55cb15fcc > files-in-commit.txt	2025-04-22T06:31:20.0305913Z core/outputs/i/14572638643.json
job-core	Run git diff --name-only 58ddf83a0d7e8c2d5516565cc3fc762c274cbacd 3600898e0a396a519180573d820593a55cb15fcc > files-in-commit.txt	2025-04-22T06:31:20.0306247Z core/outputs/i/14572638643.log
job-core	Run git diff --name-only 58ddf83a0d7e8c2d5516565cc3fc762c274cbacd 3600898e0a396a519180573d820593a55cb15fcc > files-in-commit.txt	2025-04-22T06:31:20.0306573Z core/outputs/i/14575963319.json
job-core	Run git diff --name-only 58ddf83a0d7e8c2d5516565cc3fc762c274cbacd 3600898e0a396a519180573d820593a55cb15fcc > files-in-commit.txt	2025-04-22T06:31:20.0306925Z core/outputs/i/14575963319.log
job-core	Run git diff --name-only 58ddf83a0d7e8c2d5516565cc3fc762c274cbacd 3600898e0a396a519180573d820593a55cb15fcc > files-in-commit.txt	2025-04-22T06:31:20.0307254Z core/outputs/i/14575967087.json
job-core	Run git diff --name-only 58ddf83a0d7e8c2d5516565cc3fc762c274cbacd 3600898e0a396a519180573d820593a55cb15fcc > files-in-commit.txt	2025-04-22T06:31:20.0307596Z core/outputs/i/14575967087.log
job-core	Run git diff --name-only 58ddf83a0d7e8c2d5516565cc3fc762c274cbacd 3600898e0a396a519180573d820593a55cb15fcc > files-in-commit.txt	2025-04-22T06:31:20.0307922Z core/outputs/i/14576190210.json
job-core	Run git diff --name-only 58ddf83a0d7e8c2d5516565cc3fc762c274cbacd 3600898e0a396a519180573d820593a55cb15fcc > files-in-commit.txt	2025-04-22T06:31:20.0308245Z core/outputs/i/14576190210.log
job-core	Run git diff --name-only 58ddf83a0d7e8c2d5516565cc3fc762c274cbacd 3600898e0a396a519180573d820593a55cb15fcc > files-in-commit.txt	2025-04-22T06:31:20.0308563Z core/outputs/i/14584568765.json
job-core	Run git diff --name-only 58ddf83a0d7e8c2d5516565cc3fc762c274cbacd 3600898e0a396a519180573d820593a55cb15fcc > files-in-commit.txt	2025-04-22T06:31:20.0308884Z core/outputs/i/14584568765.log
job-core	Run git diff --name-only 58ddf83a0d7e8c2d5516565cc3fc762c274cbacd 3600898e0a396a519180573d820593a55cb15fcc > files-in-commit.txt	2025-04-22T06:31:20.0309249Z core/outputs/w/kaos-142022472-statistics.json
job-core	Run git diff --name-only 58ddf83a0d7e8c2d5516565cc3fc762c274cbacd 3600898e0a396a519180573d820593a55cb15fcc > files-in-commit.txt	2025-04-22T06:31:20.0309694Z core/outputs/w/kaos-142065355-statistics.json
job-core	Run git diff --name-only 58ddf83a0d7e8c2d5516565cc3fc762c274cbacd 3600898e0a396a519180573d820593a55cb15fcc > files-in-commit.txt	2025-04-22T06:31:20.0310130Z core/outputs/w/kaos-142215142-statistics.json
job-core	Run git diff --name-only 58ddf83a0d7e8c2d5516565cc3fc762c274cbacd 3600898e0a396a519180573d820593a55cb15fcc > files-in-commit.txt	2025-04-22T06:31:20.0310609Z core/outputs/w/kaos-143918826-statistics.json
job-core	Run git diff --name-only 58ddf83a0d7e8c2d5516565cc3fc762c274cbacd 3600898e0a396a519180573d820593a55cb15fcc > files-in-commit.txt	2025-04-22T06:31:20.0311060Z core/outputs/w/kaos-151629566-statistics.json
job-core	Run git diff --name-only 58ddf83a0d7e8c2d5516565cc3fc762c274cbacd 3600898e0a396a519180573d820593a55cb15fcc > files-in-commit.txt	2025-04-22T06:31:20.0311503Z core/outputs/w/kaos-153261529-statistics.json
job-core	Run git diff --name-only 58ddf83a0d7e8c2d5516565cc3fc762c274cbacd 3600898e0a396a519180573d820593a55cb15fcc > files-in-commit.txt	2025-04-22T06:31:20.0311950Z core/outputs/w/kaos-155387840-statistics.json
job-core	Run git diff --name-only 58ddf83a0d7e8c2d5516565cc3fc762c274cbacd 3600898e0a396a519180573d820593a55cb15fcc > files-in-commit.txt	2025-04-22T06:31:20.0312575Z core/outputs/w/kaos-issue.json
job-core	Run git diff --name-only 58ddf83a0d7e8c2d5516565cc3fc762c274cbacd 3600898e0a396a519180573d820593a55cb15fcc > files-in-commit.txt	2025-04-22T06:31:20.0313321Z core/outputs/w/kaos-repository-global-statistics.json
job-core	Run git diff --name-only 58ddf83a0d7e8c2d5516565cc3fc762c274cbacd 3600898e0a396a519180573d820593a55cb15fcc > files-in-commit.txt	2025-04-22T06:31:20.0314621Z core/outputs/w/kaos-workflows-available.json
job-core	Run git diff --name-only 58ddf83a0d7e8c2d5516565cc3fc762c274cbacd 3600898e0a396a519180573d820593a55cb15fcc > files-in-commit.txt	2025-04-22T06:31:20.0315610Z core/outputs/w/kaos-workflows-runs.json
job-core	Run git diff --name-only 58ddf83a0d7e8c2d5516565cc3fc762c274cbacd 3600898e0a396a519180573d820593a55cb15fcc > files-in-commit.txt	2025-04-22T06:31:20.0316708Z core/outputs/w/workflows-available-14584568765.json
job-core	Run git diff --name-only 58ddf83a0d7e8c2d5516565cc3fc762c274cbacd 3600898e0a396a519180573d820593a55cb15fcc > files-in-commit.txt	2025-04-22T06:31:20.0317736Z core/outputs/w/workflows-runs-14584568765.json
job-core	Run git diff --name-only 58ddf83a0d7e8c2d5516565cc3fc762c274cbacd 3600898e0a396a519180573d820593a55cb15fcc > files-in-commit.txt	2025-04-22T06:31:20.0318752Z core/results/k/event_data_14571498648.json
job-core	Run git diff --name-only 58ddf83a0d7e8c2d5516565cc3fc762c274cbacd 3600898e0a396a519180573d820593a55cb15fcc > files-in-commit.txt	2025-04-22T06:31:20.0319784Z core/results/k/event_data_14571498648.json.bak
job-core	Run git diff --name-only 58ddf83a0d7e8c2d5516565cc3fc762c274cbacd 3600898e0a396a519180573d820593a55cb15fcc > files-in-commit.txt	2025-04-22T06:31:20.0320781Z core/results/k/event_data_14572636601.json
job-core	Run git diff --name-only 58ddf83a0d7e8c2d5516565cc3fc762c274cbacd 3600898e0a396a519180573d820593a55cb15fcc > files-in-commit.txt	2025-04-22T06:31:20.0321806Z core/results/k/event_data_14572636601.json.bak
job-core	Run git diff --name-only 58ddf83a0d7e8c2d5516565cc3fc762c274cbacd 3600898e0a396a519180573d820593a55cb15fcc > files-in-commit.txt	2025-04-22T06:31:20.0322961Z core/results/k/event_data_14575963319.json
job-core	Run git diff --name-only 58ddf83a0d7e8c2d5516565cc3fc762c274cbacd 3600898e0a396a519180573d820593a55cb15fcc > files-in-commit.txt	2025-04-22T06:31:20.0323580Z core/results/k/event_data_14575963319.json.bak
job-core	Run git diff --name-only 58ddf83a0d7e8c2d5516565cc3fc762c274cbacd 3600898e0a396a519180573d820593a55cb15fcc > files-in-commit.txt	2025-04-22T06:31:20.0323966Z version.txt
job-core	Run git diff --name-only 58ddf83a0d7e8c2d5516565cc3fc762c274cbacd 3600898e0a396a519180573d820593a55cb15fcc > files-in-commit.txt	2025-04-22T06:31:20.0324554Z I Leemos el fichero files-in-commit.txt y extraemos el fichero CHANGELOG.***
job-core	Run git diff --name-only 58ddf83a0d7e8c2d5516565cc3fc762c274cbacd 3600898e0a396a519180573d820593a55cb15fcc > files-in-commit.txt	2025-04-22T06:31:20.0325219Z I-1 Calculamos el nombre del fichero CHANGELOG.***
job-core	Run git diff --name-only 58ddf83a0d7e8c2d5516565cc3fc762c274cbacd 3600898e0a396a519180573d820593a55cb15fcc > files-in-commit.txt	2025-04-22T06:31:20.0325696Z I-2 Calculamos la extension del fichero ***
job-core	Run git diff --name-only 58ddf83a0d7e8c2d5516565cc3fc762c274cbacd 3600898e0a396a519180573d820593a55cb15fcc > files-in-commit.txt	2025-04-22T06:31:20.0326116Z I-3 Calculamos el modulo ***lint.yml
job-core	Run git diff --name-only 58ddf83a0d7e8c2d5516565cc3fc762c274cbacd 3600898e0a396a519180573d820593a55cb15fcc > files-in-commit.txt	2025-04-22T06:31:20.0326493Z II Leemos el array de ***
job-core	Run git diff --name-only 58ddf83a0d7e8c2d5516565cc3fc762c274cbacd 3600898e0a396a519180573d820593a55cb15fcc > files-in-commit.txt	2025-04-22T06:31:20.0326872Z III Comprobamos si *** es igual a ***
job-core	Run git diff --name-only 58ddf83a0d7e8c2d5516565cc3fc762c274cbacd 3600898e0a396a519180573d820593a55cb15fcc > files-in-commit.txt	2025-04-22T06:31:20.0327311Z IV Leemos el array ***lint.yml
job-core	Run git diff --name-only 58ddf83a0d7e8c2d5516565cc3fc762c274cbacd 3600898e0a396a519180573d820593a55cb15fcc > files-in-commit.txt	2025-04-22T06:31:20.0328417Z V Comprobamos que el ***lint.yml es igual a ***lint.yml y ejecutamos el flujo
job-core	Run git diff --name-only 58ddf83a0d7e8c2d5516565cc3fc762c274cbacd 3600898e0a396a519180573d820593a55cb15fcc > files-in-commit.txt	2025-04-22T06:31:20.0352539Z El numero de la issue es: 220
job-core	Run git diff --name-only 58ddf83a0d7e8c2d5516565cc3fc762c274cbacd 3600898e0a396a519180573d820593a55cb15fcc > files-in-commit.txt	2025-04-22T06:31:20.9438416Z I Leemos el fichero files-in-commit.txt y extraemos el fichero INDEX.***
job-core	Run git diff --name-only 58ddf83a0d7e8c2d5516565cc3fc762c274cbacd 3600898e0a396a519180573d820593a55cb15fcc > files-in-commit.txt	2025-04-22T06:31:20.9463289Z I-1 Calculamos el nombre del fichero INDEX.***
job-core	Run git diff --name-only 58ddf83a0d7e8c2d5516565cc3fc762c274cbacd 3600898e0a396a519180573d820593a55cb15fcc > files-in-commit.txt	2025-04-22T06:31:20.9463829Z I-2 Calculamos la extension del fichero ***
job-core	Run git diff --name-only 58ddf83a0d7e8c2d5516565cc3fc762c274cbacd 3600898e0a396a519180573d820593a55cb15fcc > files-in-commit.txt	2025-04-22T06:31:20.9464557Z I-3 Calculamos el modulo ***lint.yml
job-core	Run git diff --name-only 58ddf83a0d7e8c2d5516565cc3fc762c274cbacd 3600898e0a396a519180573d820593a55cb15fcc > files-in-commit.txt	2025-04-22T06:31:20.9465465Z II Leemos el array de ***
job-core	Run git diff --name-only 58ddf83a0d7e8c2d5516565cc3fc762c274cbacd 3600898e0a396a519180573d820593a55cb15fcc > files-in-commit.txt	2025-04-22T06:31:20.9466366Z III Comprobamos si *** es igual a ***
job-core	Run git diff --name-only 58ddf83a0d7e8c2d5516565cc3fc762c274cbacd 3600898e0a396a519180573d820593a55cb15fcc > files-in-commit.txt	2025-04-22T06:31:20.9467315Z IV Leemos el array ***lint.yml
job-core	Run git diff --name-only 58ddf83a0d7e8c2d5516565cc3fc762c274cbacd 3600898e0a396a519180573d820593a55cb15fcc > files-in-commit.txt	2025-04-22T06:31:20.9468886Z V Comprobamos que el ***lint.yml es igual a ***lint.yml y ejecutamos el flujo
job-core	Run git diff --name-only 58ddf83a0d7e8c2d5516565cc3fc762c274cbacd 3600898e0a396a519180573d820593a55cb15fcc > files-in-commit.txt	2025-04-22T06:31:20.9498238Z El numero de la issue es: 220
job-core	Run git diff --name-only 58ddf83a0d7e8c2d5516565cc3fc762c274cbacd 3600898e0a396a519180573d820593a55cb15fcc > files-in-commit.txt	2025-04-22T06:31:21.9744287Z I Leemos el fichero files-in-commit.txt y extraemos el fichero core/docs/ka0s/ka0s_metodologia.***
job-core	Run git diff --name-only 58ddf83a0d7e8c2d5516565cc3fc762c274cbacd 3600898e0a396a519180573d820593a55cb15fcc > files-in-commit.txt	2025-04-22T06:31:21.9810991Z I-1 Calculamos el nombre del fichero ka0s_metodologia.***
job-core	Run git diff --name-only 58ddf83a0d7e8c2d5516565cc3fc762c274cbacd 3600898e0a396a519180573d820593a55cb15fcc > files-in-commit.txt	2025-04-22T06:31:21.9814739Z I-2 Calculamos la extension del fichero ***
job-core	Run git diff --name-only 58ddf83a0d7e8c2d5516565cc3fc762c274cbacd 3600898e0a396a519180573d820593a55cb15fcc > files-in-commit.txt	2025-04-22T06:31:21.9817335Z I-3 Calculamos el modulo ***lint.yml
job-core	Run git diff --name-only 58ddf83a0d7e8c2d5516565cc3fc762c274cbacd 3600898e0a396a519180573d820593a55cb15fcc > files-in-commit.txt	2025-04-22T06:31:21.9820553Z II Leemos el array de ***
job-core	Run git diff --name-only 58ddf83a0d7e8c2d5516565cc3fc762c274cbacd 3600898e0a396a519180573d820593a55cb15fcc > files-in-commit.txt	2025-04-22T06:31:21.9823130Z III Comprobamos si *** es igual a ***
job-core	Run git diff --name-only 58ddf83a0d7e8c2d5516565cc3fc762c274cbacd 3600898e0a396a519180573d820593a55cb15fcc > files-in-commit.txt	2025-04-22T06:31:21.9828670Z IV Leemos el array ***lint.yml
job-core	Run git diff --name-only 58ddf83a0d7e8c2d5516565cc3fc762c274cbacd 3600898e0a396a519180573d820593a55cb15fcc > files-in-commit.txt	2025-04-22T06:31:21.9831880Z V Comprobamos que el ***lint.yml es igual a ***lint.yml y ejecutamos el flujo
job-core	Run git diff --name-only 58ddf83a0d7e8c2d5516565cc3fc762c274cbacd 3600898e0a396a519180573d820593a55cb15fcc > files-in-commit.txt	2025-04-22T06:31:21.9937806Z El numero de la issue es: 220
job-core	Run git diff --name-only 58ddf83a0d7e8c2d5516565cc3fc762c274cbacd 3600898e0a396a519180573d820593a55cb15fcc > files-in-commit.txt	2025-04-22T06:31:23.1007993Z I Leemos el fichero files-in-commit.txt y extraemos el fichero core/imgs/ka0s-branch.png
job-core	Run git diff --name-only 58ddf83a0d7e8c2d5516565cc3fc762c274cbacd 3600898e0a396a519180573d820593a55cb15fcc > files-in-commit.txt	2025-04-22T06:31:23.1073373Z I-1 Calculamos el nombre del fichero ka0s-branch.png
job-core	Run git diff --name-only 58ddf83a0d7e8c2d5516565cc3fc762c274cbacd 3600898e0a396a519180573d820593a55cb15fcc > files-in-commit.txt	2025-04-22T06:31:23.1077953Z I-2 Calculamos la extension del fichero png
job-core	Run git diff --name-only 58ddf83a0d7e8c2d5516565cc3fc762c274cbacd 3600898e0a396a519180573d820593a55cb15fcc > files-in-commit.txt	2025-04-22T06:31:23.1081565Z I-3 Calculamos el modulo pnglint.yml
job-core	Run git diff --name-only 58ddf83a0d7e8c2d5516565cc3fc762c274cbacd 3600898e0a396a519180573d820593a55cb15fcc > files-in-commit.txt	2025-04-22T06:31:23.1085467Z II Leemos el array de ***
job-core	Run git diff --name-only 58ddf83a0d7e8c2d5516565cc3fc762c274cbacd 3600898e0a396a519180573d820593a55cb15fcc > files-in-commit.txt	2025-04-22T06:31:23.1089745Z VII No es igual png a *** y lo indicamos en la variable extension_failed=1
job-core	Run git diff --name-only 58ddf83a0d7e8c2d5516565cc3fc762c274cbacd 3600898e0a396a519180573d820593a55cb15fcc > files-in-commit.txt	2025-04-22T06:31:23.1095770Z X Si extension falla falla (1) aÃ±adimos el comentario a la issue
job-core	Run git diff --name-only 58ddf83a0d7e8c2d5516565cc3fc762c274cbacd 3600898e0a396a519180573d820593a55cb15fcc > files-in-commit.txt	2025-04-22T06:31:24.4077854Z https://github.com/Ka0s-Klaus/ka0s/issues/220#issuecomment-2820205488
job-core	Run git diff --name-only 58ddf83a0d7e8c2d5516565cc3fc762c274cbacd 3600898e0a396a519180573d820593a55cb15fcc > files-in-commit.txt	2025-04-22T06:31:24.4119213Z I Leemos el fichero files-in-commit.txt y extraemos el fichero core/imgs/ka0s-info.png
job-core	Run git diff --name-only 58ddf83a0d7e8c2d5516565cc3fc762c274cbacd 3600898e0a396a519180573d820593a55cb15fcc > files-in-commit.txt	2025-04-22T06:31:24.4151833Z I-1 Calculamos el nombre del fichero ka0s-info.png
job-core	Run git diff --name-only 58ddf83a0d7e8c2d5516565cc3fc762c274cbacd 3600898e0a396a519180573d820593a55cb15fcc > files-in-commit.txt	2025-04-22T06:31:24.4153778Z I-2 Calculamos la extension del fichero png
job-core	Run git diff --name-only 58ddf83a0d7e8c2d5516565cc3fc762c274cbacd 3600898e0a396a519180573d820593a55cb15fcc > files-in-commit.txt	2025-04-22T06:31:24.4154772Z I-3 Calculamos el modulo pnglint.yml
job-core	Run git diff --name-only 58ddf83a0d7e8c2d5516565cc3fc762c274cbacd 3600898e0a396a519180573d820593a55cb15fcc > files-in-commit.txt	2025-04-22T06:31:24.4155621Z II Leemos el array de ***
job-core	Run git diff --name-only 58ddf83a0d7e8c2d5516565cc3fc762c274cbacd 3600898e0a396a519180573d820593a55cb15fcc > files-in-commit.txt	2025-04-22T06:31:24.4156580Z VII No es igual png a *** y lo indicamos en la variable extension_failed=1
job-core	Run git diff --name-only 58ddf83a0d7e8c2d5516565cc3fc762c274cbacd 3600898e0a396a519180573d820593a55cb15fcc > files-in-commit.txt	2025-04-22T06:31:24.4158383Z X Si extension falla falla (1) aÃ±adimos el comentario a la issue
job-core	Run git diff --name-only 58ddf83a0d7e8c2d5516565cc3fc762c274cbacd 3600898e0a396a519180573d820593a55cb15fcc > files-in-commit.txt	2025-04-22T06:31:25.7556593Z https://github.com/Ka0s-Klaus/ka0s/issues/220#issuecomment-2820205524
job-core	Run git diff --name-only 58ddf83a0d7e8c2d5516565cc3fc762c274cbacd 3600898e0a396a519180573d820593a55cb15fcc > files-in-commit.txt	2025-04-22T06:31:25.7588223Z I Leemos el fichero files-in-commit.txt y extraemos el fichero core/imgs/ka0s-inspector-human.png
job-core	Run git diff --name-only 58ddf83a0d7e8c2d5516565cc3fc762c274cbacd 3600898e0a396a519180573d820593a55cb15fcc > files-in-commit.txt	2025-04-22T06:31:25.7615958Z I-1 Calculamos el nombre del fichero ka0s-inspector-human.png
job-core	Run git diff --name-only 58ddf83a0d7e8c2d5516565cc3fc762c274cbacd 3600898e0a396a519180573d820593a55cb15fcc > files-in-commit.txt	2025-04-22T06:31:25.7623308Z I-2 Calculamos la extension del fichero png
job-core	Run git diff --name-only 58ddf83a0d7e8c2d5516565cc3fc762c274cbacd 3600898e0a396a519180573d820593a55cb15fcc > files-in-commit.txt	2025-04-22T06:31:25.7624732Z I-3 Calculamos el modulo pnglint.yml
job-core	Run git diff --name-only 58ddf83a0d7e8c2d5516565cc3fc762c274cbacd 3600898e0a396a519180573d820593a55cb15fcc > files-in-commit.txt	2025-04-22T06:31:25.7638934Z II Leemos el array de ***
job-core	Run git diff --name-only 58ddf83a0d7e8c2d5516565cc3fc762c274cbacd 3600898e0a396a519180573d820593a55cb15fcc > files-in-commit.txt	2025-04-22T06:31:25.7641310Z VII No es igual png a *** y lo indicamos en la variable extension_failed=1
job-core	Run git diff --name-only 58ddf83a0d7e8c2d5516565cc3fc762c274cbacd 3600898e0a396a519180573d820593a55cb15fcc > files-in-commit.txt	2025-04-22T06:31:25.7643904Z X Si extension falla falla (1) aÃ±adimos el comentario a la issue
job-core	Run git diff --name-only 58ddf83a0d7e8c2d5516565cc3fc762c274cbacd 3600898e0a396a519180573d820593a55cb15fcc > files-in-commit.txt	2025-04-22T06:31:27.0268783Z https://github.com/Ka0s-Klaus/ka0s/issues/220#issuecomment-2820205565
job-core	Run git diff --name-only 58ddf83a0d7e8c2d5516565cc3fc762c274cbacd 3600898e0a396a519180573d820593a55cb15fcc > files-in-commit.txt	2025-04-22T06:31:27.0298677Z I Leemos el fichero files-in-commit.txt y extraemos el fichero core/imgs/ka0s-inspector.png
job-core	Run git diff --name-only 58ddf83a0d7e8c2d5516565cc3fc762c274cbacd 3600898e0a396a519180573d820593a55cb15fcc > files-in-commit.txt	2025-04-22T06:31:27.0319045Z I-1 Calculamos el nombre del fichero ka0s-inspector.png
job-core	Run git diff --name-only 58ddf83a0d7e8c2d5516565cc3fc762c274cbacd 3600898e0a396a519180573d820593a55cb15fcc > files-in-commit.txt	2025-04-22T06:31:27.0320274Z I-2 Calculamos la extension del fichero png
job-core	Run git diff --name-only 58ddf83a0d7e8c2d5516565cc3fc762c274cbacd 3600898e0a396a519180573d820593a55cb15fcc > files-in-commit.txt	2025-04-22T06:31:27.0321264Z I-3 Calculamos el modulo pnglint.yml
job-core	Run git diff --name-only 58ddf83a0d7e8c2d5516565cc3fc762c274cbacd 3600898e0a396a519180573d820593a55cb15fcc > files-in-commit.txt	2025-04-22T06:31:27.0322463Z II Leemos el array de ***
job-core	Run git diff --name-only 58ddf83a0d7e8c2d5516565cc3fc762c274cbacd 3600898e0a396a519180573d820593a55cb15fcc > files-in-commit.txt	2025-04-22T06:31:27.0323621Z VII No es igual png a *** y lo indicamos en la variable extension_failed=1
job-core	Run git diff --name-only 58ddf83a0d7e8c2d5516565cc3fc762c274cbacd 3600898e0a396a519180573d820593a55cb15fcc > files-in-commit.txt	2025-04-22T06:31:27.0325346Z X Si extension falla falla (1) aÃ±adimos el comentario a la issue
job-core	Run git diff --name-only 58ddf83a0d7e8c2d5516565cc3fc762c274cbacd 3600898e0a396a519180573d820593a55cb15fcc > files-in-commit.txt	2025-04-22T06:31:28.5683029Z https://github.com/Ka0s-Klaus/ka0s/issues/220#issuecomment-2820205607
job-core	Run git diff --name-only 58ddf83a0d7e8c2d5516565cc3fc762c274cbacd 3600898e0a396a519180573d820593a55cb15fcc > files-in-commit.txt	2025-04-22T06:31:28.5759151Z I Leemos el fichero files-in-commit.txt y extraemos el fichero core/imgs/kaos-core.jpeg
job-core	Run git diff --name-only 58ddf83a0d7e8c2d5516565cc3fc762c274cbacd 3600898e0a396a519180573d820593a55cb15fcc > files-in-commit.txt	2025-04-22T06:31:28.5831668Z I-1 Calculamos el nombre del fichero kaos-core.jpeg
job-core	Run git diff --name-only 58ddf83a0d7e8c2d5516565cc3fc762c274cbacd 3600898e0a396a519180573d820593a55cb15fcc > files-in-commit.txt	2025-04-22T06:31:28.5834450Z I-2 Calculamos la extension del fichero jpeg
job-core	Run git diff --name-only 58ddf83a0d7e8c2d5516565cc3fc762c274cbacd 3600898e0a396a519180573d820593a55cb15fcc > files-in-commit.txt	2025-04-22T06:31:28.5836858Z I-3 Calculamos el modulo jpeglint.yml
job-core	Run git diff --name-only 58ddf83a0d7e8c2d5516565cc3fc762c274cbacd 3600898e0a396a519180573d820593a55cb15fcc > files-in-commit.txt	2025-04-22T06:31:28.5838475Z II Leemos el array de ***
job-core	Run git diff --name-only 58ddf83a0d7e8c2d5516565cc3fc762c274cbacd 3600898e0a396a519180573d820593a55cb15fcc > files-in-commit.txt	2025-04-22T06:31:28.5840422Z VII No es igual jpeg a *** y lo indicamos en la variable extension_failed=1
job-core	Run git diff --name-only 58ddf83a0d7e8c2d5516565cc3fc762c274cbacd 3600898e0a396a519180573d820593a55cb15fcc > files-in-commit.txt	2025-04-22T06:31:28.5846373Z X Si extension falla falla (1) aÃ±adimos el comentario a la issue
job-core	Run git diff --name-only 58ddf83a0d7e8c2d5516565cc3fc762c274cbacd 3600898e0a396a519180573d820593a55cb15fcc > files-in-commit.txt	2025-04-22T06:31:30.2636505Z https://github.com/Ka0s-Klaus/ka0s/issues/220#issuecomment-2820205659
job-core	Run git diff --name-only 58ddf83a0d7e8c2d5516565cc3fc762c274cbacd 3600898e0a396a519180573d820593a55cb15fcc > files-in-commit.txt	2025-04-22T06:31:30.2718680Z I Leemos el fichero files-in-commit.txt y extraemos el fichero core/imgs/kaos-core.png
job-core	Run git diff --name-only 58ddf83a0d7e8c2d5516565cc3fc762c274cbacd 3600898e0a396a519180573d820593a55cb15fcc > files-in-commit.txt	2025-04-22T06:31:30.2801350Z I-1 Calculamos el nombre del fichero kaos-core.png
job-core	Run git diff --name-only 58ddf83a0d7e8c2d5516565cc3fc762c274cbacd 3600898e0a396a519180573d820593a55cb15fcc > files-in-commit.txt	2025-04-22T06:31:30.2805292Z I-2 Calculamos la extension del fichero png
job-core	Run git diff --name-only 58ddf83a0d7e8c2d5516565cc3fc762c274cbacd 3600898e0a396a519180573d820593a55cb15fcc > files-in-commit.txt	2025-04-22T06:31:30.2808000Z I-3 Calculamos el modulo pnglint.yml
job-core	Run git diff --name-only 58ddf83a0d7e8c2d5516565cc3fc762c274cbacd 3600898e0a396a519180573d820593a55cb15fcc > files-in-commit.txt	2025-04-22T06:31:30.2810573Z II Leemos el array de ***
job-core	Run git diff --name-only 58ddf83a0d7e8c2d5516565cc3fc762c274cbacd 3600898e0a396a519180573d820593a55cb15fcc > files-in-commit.txt	2025-04-22T06:31:30.2814092Z VII No es igual png a *** y lo indicamos en la variable extension_failed=1
job-core	Run git diff --name-only 58ddf83a0d7e8c2d5516565cc3fc762c274cbacd 3600898e0a396a519180573d820593a55cb15fcc > files-in-commit.txt	2025-04-22T06:31:30.2818477Z X Si extension falla falla (1) aÃ±adimos el comentario a la issue
job-core	Run git diff --name-only 58ddf83a0d7e8c2d5516565cc3fc762c274cbacd 3600898e0a396a519180573d820593a55cb15fcc > files-in-commit.txt	2025-04-22T06:31:31.7285816Z https://github.com/Ka0s-Klaus/ka0s/issues/220#issuecomment-2820205707
job-core	Run git diff --name-only 58ddf83a0d7e8c2d5516565cc3fc762c274cbacd 3600898e0a396a519180573d820593a55cb15fcc > files-in-commit.txt	2025-04-22T06:31:31.7362832Z Skipping file in outputs directory: core/outputs/i/14572372111.json
job-core	Run git diff --name-only 58ddf83a0d7e8c2d5516565cc3fc762c274cbacd 3600898e0a396a519180573d820593a55cb15fcc > files-in-commit.txt	2025-04-22T06:31:31.7368172Z Skipping file in outputs directory: core/outputs/i/14572372111.log
job-core	Run git diff --name-only 58ddf83a0d7e8c2d5516565cc3fc762c274cbacd 3600898e0a396a519180573d820593a55cb15fcc > files-in-commit.txt	2025-04-22T06:31:31.7373844Z Skipping file in outputs directory: core/outputs/i/14572636601.json
job-core	Run git diff --name-only 58ddf83a0d7e8c2d5516565cc3fc762c274cbacd 3600898e0a396a519180573d820593a55cb15fcc > files-in-commit.txt	2025-04-22T06:31:31.7378825Z Skipping file in outputs directory: core/outputs/i/14572636601.log
job-core	Run git diff --name-only 58ddf83a0d7e8c2d5516565cc3fc762c274cbacd 3600898e0a396a519180573d820593a55cb15fcc > files-in-commit.txt	2025-04-22T06:31:31.7384208Z Skipping file in outputs directory: core/outputs/i/14572638591.json
job-core	Run git diff --name-only 58ddf83a0d7e8c2d5516565cc3fc762c274cbacd 3600898e0a396a519180573d820593a55cb15fcc > files-in-commit.txt	2025-04-22T06:31:31.7389306Z Skipping file in outputs directory: core/outputs/i/14572638591.log
job-core	Run git diff --name-only 58ddf83a0d7e8c2d5516565cc3fc762c274cbacd 3600898e0a396a519180573d820593a55cb15fcc > files-in-commit.txt	2025-04-22T06:31:31.7394547Z Skipping file in outputs directory: core/outputs/i/14572638643.json
job-core	Run git diff --name-only 58ddf83a0d7e8c2d5516565cc3fc762c274cbacd 3600898e0a396a519180573d820593a55cb15fcc > files-in-commit.txt	2025-04-22T06:31:31.7399544Z Skipping file in outputs directory: core/outputs/i/14572638643.log
job-core	Run git diff --name-only 58ddf83a0d7e8c2d5516565cc3fc762c274cbacd 3600898e0a396a519180573d820593a55cb15fcc > files-in-commit.txt	2025-04-22T06:31:31.7404716Z Skipping file in outputs directory: core/outputs/i/14575963319.json
job-core	Run git diff --name-only 58ddf83a0d7e8c2d5516565cc3fc762c274cbacd 3600898e0a396a519180573d820593a55cb15fcc > files-in-commit.txt	2025-04-22T06:31:31.7409635Z Skipping file in outputs directory: core/outputs/i/14575963319.log
job-core	Run git diff --name-only 58ddf83a0d7e8c2d5516565cc3fc762c274cbacd 3600898e0a396a519180573d820593a55cb15fcc > files-in-commit.txt	2025-04-22T06:31:31.7414889Z Skipping file in outputs directory: core/outputs/i/14575967087.json
job-core	Run git diff --name-only 58ddf83a0d7e8c2d5516565cc3fc762c274cbacd 3600898e0a396a519180573d820593a55cb15fcc > files-in-commit.txt	2025-04-22T06:31:31.7419770Z Skipping file in outputs directory: core/outputs/i/14575967087.log
job-core	Run git diff --name-only 58ddf83a0d7e8c2d5516565cc3fc762c274cbacd 3600898e0a396a519180573d820593a55cb15fcc > files-in-commit.txt	2025-04-22T06:31:31.7424963Z Skipping file in outputs directory: core/outputs/i/14576190210.json
job-core	Run git diff --name-only 58ddf83a0d7e8c2d5516565cc3fc762c274cbacd 3600898e0a396a519180573d820593a55cb15fcc > files-in-commit.txt	2025-04-22T06:31:31.7429998Z Skipping file in outputs directory: core/outputs/i/14576190210.log
job-core	Run git diff --name-only 58ddf83a0d7e8c2d5516565cc3fc762c274cbacd 3600898e0a396a519180573d820593a55cb15fcc > files-in-commit.txt	2025-04-22T06:31:31.7434275Z Skipping file in outputs directory: core/outputs/i/14584568765.json
job-core	Run git diff --name-only 58ddf83a0d7e8c2d5516565cc3fc762c274cbacd 3600898e0a396a519180573d820593a55cb15fcc > files-in-commit.txt	2025-04-22T06:31:31.7436396Z Skipping file in outputs directory: core/outputs/i/14584568765.log
job-core	Run git diff --name-only 58ddf83a0d7e8c2d5516565cc3fc762c274cbacd 3600898e0a396a519180573d820593a55cb15fcc > files-in-commit.txt	2025-04-22T06:31:31.7438823Z Skipping file in outputs directory: core/outputs/w/kaos-142022472-statistics.json
job-core	Run git diff --name-only 58ddf83a0d7e8c2d5516565cc3fc762c274cbacd 3600898e0a396a519180573d820593a55cb15fcc > files-in-commit.txt	2025-04-22T06:31:31.7441516Z Skipping file in outputs directory: core/outputs/w/kaos-142065355-statistics.json
job-core	Run git diff --name-only 58ddf83a0d7e8c2d5516565cc3fc762c274cbacd 3600898e0a396a519180573d820593a55cb15fcc > files-in-commit.txt	2025-04-22T06:31:31.7444587Z Skipping file in outputs directory: core/outputs/w/kaos-142215142-statistics.json
job-core	Run git diff --name-only 58ddf83a0d7e8c2d5516565cc3fc762c274cbacd 3600898e0a396a519180573d820593a55cb15fcc > files-in-commit.txt	2025-04-22T06:31:31.7449118Z Skipping file in outputs directory: core/outputs/w/kaos-143918826-statistics.json
job-core	Run git diff --name-only 58ddf83a0d7e8c2d5516565cc3fc762c274cbacd 3600898e0a396a519180573d820593a55cb15fcc > files-in-commit.txt	2025-04-22T06:31:31.7453708Z Skipping file in outputs directory: core/outputs/w/kaos-151629566-statistics.json
job-core	Run git diff --name-only 58ddf83a0d7e8c2d5516565cc3fc762c274cbacd 3600898e0a396a519180573d820593a55cb15fcc > files-in-commit.txt	2025-04-22T06:31:31.7456407Z Skipping file in outputs directory: core/outputs/w/kaos-153261529-statistics.json
job-core	Run git diff --name-only 58ddf83a0d7e8c2d5516565cc3fc762c274cbacd 3600898e0a396a519180573d820593a55cb15fcc > files-in-commit.txt	2025-04-22T06:31:31.7460648Z Skipping file in outputs directory: core/outputs/w/kaos-155387840-statistics.json
job-core	Run git diff --name-only 58ddf83a0d7e8c2d5516565cc3fc762c274cbacd 3600898e0a396a519180573d820593a55cb15fcc > files-in-commit.txt	2025-04-22T06:31:31.7466361Z Skipping file in outputs directory: core/outputs/w/kaos-issue.json
job-core	Run git diff --name-only 58ddf83a0d7e8c2d5516565cc3fc762c274cbacd 3600898e0a396a519180573d820593a55cb15fcc > files-in-commit.txt	2025-04-22T06:31:31.7470870Z Skipping file in outputs directory: core/outputs/w/kaos-repository-global-statistics.json
job-core	Run git diff --name-only 58ddf83a0d7e8c2d5516565cc3fc762c274cbacd 3600898e0a396a519180573d820593a55cb15fcc > files-in-commit.txt	2025-04-22T06:31:31.7474373Z Skipping file in outputs directory: core/outputs/w/kaos-workflows-available.json
job-core	Run git diff --name-only 58ddf83a0d7e8c2d5516565cc3fc762c274cbacd 3600898e0a396a519180573d820593a55cb15fcc > files-in-commit.txt	2025-04-22T06:31:31.7477002Z Skipping file in outputs directory: core/outputs/w/kaos-workflows-runs.json
job-core	Run git diff --name-only 58ddf83a0d7e8c2d5516565cc3fc762c274cbacd 3600898e0a396a519180573d820593a55cb15fcc > files-in-commit.txt	2025-04-22T06:31:31.7479713Z Skipping file in outputs directory: core/outputs/w/workflows-available-14584568765.json
job-core	Run git diff --name-only 58ddf83a0d7e8c2d5516565cc3fc762c274cbacd 3600898e0a396a519180573d820593a55cb15fcc > files-in-commit.txt	2025-04-22T06:31:31.7483025Z Skipping file in outputs directory: core/outputs/w/workflows-runs-14584568765.json
job-core	Run git diff --name-only 58ddf83a0d7e8c2d5516565cc3fc762c274cbacd 3600898e0a396a519180573d820593a55cb15fcc > files-in-commit.txt	2025-04-22T06:31:31.7485692Z Skipping file in outputs directory: core/results/k/event_data_14571498648.json
job-core	Run git diff --name-only 58ddf83a0d7e8c2d5516565cc3fc762c274cbacd 3600898e0a396a519180573d820593a55cb15fcc > files-in-commit.txt	2025-04-22T06:31:31.7512985Z Skipping file in outputs directory: core/results/k/event_data_14571498648.json.bak
job-core	Run git diff --name-only 58ddf83a0d7e8c2d5516565cc3fc762c274cbacd 3600898e0a396a519180573d820593a55cb15fcc > files-in-commit.txt	2025-04-22T06:31:31.7521334Z Skipping file in outputs directory: core/results/k/event_data_14572636601.json
job-core	Run git diff --name-only 58ddf83a0d7e8c2d5516565cc3fc762c274cbacd 3600898e0a396a519180573d820593a55cb15fcc > files-in-commit.txt	2025-04-22T06:31:31.7528231Z Skipping file in outputs directory: core/results/k/event_data_14572636601.json.bak
job-core	Run git diff --name-only 58ddf83a0d7e8c2d5516565cc3fc762c274cbacd 3600898e0a396a519180573d820593a55cb15fcc > files-in-commit.txt	2025-04-22T06:31:31.7533993Z Skipping file in outputs directory: core/results/k/event_data_14575963319.json
job-core	Run git diff --name-only 58ddf83a0d7e8c2d5516565cc3fc762c274cbacd 3600898e0a396a519180573d820593a55cb15fcc > files-in-commit.txt	2025-04-22T06:31:31.7540652Z Skipping file in outputs directory: core/results/k/event_data_14575963319.json.bak
job-core	Run git diff --name-only 58ddf83a0d7e8c2d5516565cc3fc762c274cbacd 3600898e0a396a519180573d820593a55cb15fcc > files-in-commit.txt	2025-04-22T06:31:31.7550021Z I Leemos el fichero files-in-commit.txt y extraemos el fichero version.txt
job-core	Run git diff --name-only 58ddf83a0d7e8c2d5516565cc3fc762c274cbacd 3600898e0a396a519180573d820593a55cb15fcc > files-in-commit.txt	2025-04-22T06:31:31.7555722Z I-1 Calculamos el nombre del fichero version.txt
job-core	Run git diff --name-only 58ddf83a0d7e8c2d5516565cc3fc762c274cbacd 3600898e0a396a519180573d820593a55cb15fcc > files-in-commit.txt	2025-04-22T06:31:31.7560341Z I-2 Calculamos la extension del fichero txt
job-core	Run git diff --name-only 58ddf83a0d7e8c2d5516565cc3fc762c274cbacd 3600898e0a396a519180573d820593a55cb15fcc > files-in-commit.txt	2025-04-22T06:31:31.7564396Z I-3 Calculamos el modulo txtlint.yml
job-core	Run git diff --name-only 58ddf83a0d7e8c2d5516565cc3fc762c274cbacd 3600898e0a396a519180573d820593a55cb15fcc > files-in-commit.txt	2025-04-22T06:31:31.7567487Z II Leemos el array de ***
job-core	Run git diff --name-only 58ddf83a0d7e8c2d5516565cc3fc762c274cbacd 3600898e0a396a519180573d820593a55cb15fcc > files-in-commit.txt	2025-04-22T06:31:31.7573721Z VII No es igual txt a *** y lo indicamos en la variable extension_failed=1
job-core	Run git diff --name-only 58ddf83a0d7e8c2d5516565cc3fc762c274cbacd 3600898e0a396a519180573d820593a55cb15fcc > files-in-commit.txt	2025-04-22T06:31:31.7580915Z X Si extension falla falla (1) aÃ±adimos el comentario a la issue
job-core	Run git diff --name-only 58ddf83a0d7e8c2d5516565cc3fc762c274cbacd 3600898e0a396a519180573d820593a55cb15fcc > files-in-commit.txt	2025-04-22T06:31:34.7503161Z https://github.com/Ka0s-Klaus/ka0s/issues/220#issuecomment-2820205794
job-core	Post Checkout code	ï»¿2025-04-22T06:31:34.7946812Z Post job cleanup.
job-core	Post Checkout code	2025-04-22T06:31:34.9344757Z [command]/usr/bin/git version
job-core	Post Checkout code	2025-04-22T06:31:34.9395117Z git version 2.48.1
job-core	Post Checkout code	2025-04-22T06:31:34.9468555Z Copying '/home/kaos/.gitconfig' to '/actions-runner/_work/_temp/964fa663-d149-43e2-96d8-973eb87a3f87/.gitconfig'
job-core	Post Checkout code	2025-04-22T06:31:34.9473130Z Temporarily overriding HOME='/actions-runner/_work/_temp/964fa663-d149-43e2-96d8-973eb87a3f87' before making global git config changes
job-core	Post Checkout code	2025-04-22T06:31:34.9474701Z Adding repository directory to the temporary git global config as a safe directory
job-core	Post Checkout code	2025-04-22T06:31:34.9481108Z [command]/usr/bin/git config --global --add safe.directory /actions-runner/_work/ka0s/ka0s
job-core	Post Checkout code	2025-04-22T06:31:34.9535085Z [command]/usr/bin/git config --local --name-only --get-regexp core\.sshCommand
job-core	Post Checkout code	2025-04-22T06:31:34.9589156Z [command]/usr/bin/git submodule foreach --recursive sh -c "git config --local --name-only --get-regexp 'core\.sshCommand' && git config --local --unset-all 'core.sshCommand' || :"
job-core	Post Checkout code	2025-04-22T06:31:34.9979620Z [command]/usr/bin/git config --local --name-only --get-regexp http\.https\:\/\/github\.com\/\.extraheader
job-core	Post Checkout code	2025-04-22T06:31:35.0012220Z http.https://github.com/.extraheader
job-core	Post Checkout code	2025-04-22T06:31:35.0029725Z [command]/usr/bin/git config --local --unset-all http.https://github.com/.extraheader
job-core	Post Checkout code	2025-04-22T06:31:35.0078569Z [command]/usr/bin/git submodule foreach --recursive sh -c "git config --local --name-only --get-regexp 'http\.https\:\/\/github\.com\/\.extraheader' && git config --local --unset-all 'http.https://github.com/.extraheader' || :"
job-core	Complete job	ï»¿2025-04-22T06:31:35.0627161Z Cleaning up orphan processes
handle-success	Set up job	ï»¿2025-04-22T06:32:44.1686569Z Current runner version: '2.323.0'
handle-success	Set up job	2025-04-22T06:32:44.1690390Z Runner name: 'ka0s-10'
handle-success	Set up job	2025-04-22T06:32:44.1690940Z Machine name: '26a53205c9ac'
handle-success	Set up job	2025-04-22T06:32:44.1692275Z ##[group]GITHUB_TOKEN Permissions
handle-success	Set up job	2025-04-22T06:32:44.1693775Z Contents: read
handle-success	Set up job	2025-04-22T06:32:44.1694078Z Metadata: read
handle-success	Set up job	2025-04-22T06:32:44.1694494Z Packages: read
handle-success	Set up job	2025-04-22T06:32:44.1694839Z ##[endgroup]
handle-success	Set up job	2025-04-22T06:32:44.1696341Z Secret source: Actions
handle-success	Set up job	2025-04-22T06:32:44.1696701Z Prepare workflow directory
handle-success	Set up job	2025-04-22T06:32:44.2097405Z Prepare all required actions
handle-success	Set up job	2025-04-22T06:32:44.2124640Z Getting action download info
handle-success	Set up job	2025-04-22T06:32:44.7299153Z Download action repository 'actions/checkout@v4' (SHA:11bd71901bbe5b1630ceea73d27597364c9af683)
handle-success	Set up job	2025-04-22T06:32:45.8361079Z Complete job name: handle-success
handle-success	Checkout code	ï»¿2025-04-22T06:32:45.8650737Z ##[group]Run actions/checkout@v4
handle-success	Checkout code	2025-04-22T06:32:45.8651347Z with:
handle-success	Checkout code	2025-04-22T06:32:45.8651675Z   fetch-depth: 0
handle-success	Checkout code	2025-04-22T06:32:45.8652190Z   token: ***
handle-success	Checkout code	2025-04-22T06:32:45.8652530Z   repository: Ka0s-Klaus/ka0s
handle-success	Checkout code	2025-04-22T06:32:45.8652989Z   ssh-strict: true
handle-success	Checkout code	2025-04-22T06:32:45.8653354Z   ssh-user: git
handle-success	Checkout code	2025-04-22T06:32:45.8653705Z   persist-credentials: true
handle-success	Checkout code	2025-04-22T06:32:45.8654107Z   clean: true
handle-success	Checkout code	2025-04-22T06:32:45.8654498Z   sparse-checkout-cone-mode: true
handle-success	Checkout code	2025-04-22T06:32:45.8654943Z   fetch-tags: false
handle-success	Checkout code	2025-04-22T06:32:45.8655321Z   show-progress: true
handle-success	Checkout code	2025-04-22T06:32:45.8655677Z   lfs: false
handle-success	Checkout code	2025-04-22T06:32:45.8656008Z   submodules: false
handle-success	Checkout code	2025-04-22T06:32:45.8656363Z   set-safe-directory: true
handle-success	Checkout code	2025-04-22T06:32:45.8656843Z env:
handle-success	Checkout code	2025-04-22T06:32:45.8657162Z   KAOS_CODE: 14588263585
handle-success	Checkout code	2025-04-22T06:32:45.8657535Z   KAOS_EVENT_NAME: push
handle-success	Checkout code	2025-04-22T06:32:45.8657908Z   KAOS_ACTION: 
handle-success	Checkout code	2025-04-22T06:32:45.8658260Z   KAOS_REF: refs/heads/H220-web-de-resultados
handle-success	Checkout code	2025-04-22T06:32:45.8658741Z   KAOS_MODULE: [Ka0S] kaos
handle-success	Checkout code	2025-04-22T06:32:45.8659162Z   KAOS_PATH_RESUME: core/results/k/
handle-success	Checkout code	2025-04-22T06:32:45.8659656Z   KAOS_JSON: core/results/k/event_data_
handle-success	Checkout code	2025-04-22T06:32:45.8660090Z   KAOS_ACTOR: jh0ny2k2
handle-success	Checkout code	2025-04-22T06:32:45.8660466Z ##[endgroup]
handle-success	Checkout code	2025-04-22T06:32:45.9362506Z Syncing repository: Ka0s-Klaus/ka0s
handle-success	Checkout code	2025-04-22T06:32:45.9364291Z ##[group]Getting Git version info
handle-success	Checkout code	2025-04-22T06:32:45.9365010Z Working directory is '/actions-runner/_work/ka0s/ka0s'
handle-success	Checkout code	2025-04-22T06:32:45.9366156Z [command]/usr/bin/git version
handle-success	Checkout code	2025-04-22T06:32:45.9366704Z git version 2.43.0
handle-success	Checkout code	2025-04-22T06:32:45.9390596Z ##[endgroup]
handle-success	Checkout code	2025-04-22T06:32:45.9402503Z Copying '/home/kaos/.gitconfig' to '/actions-runner/_work/_temp/b165a4aa-f54e-4496-a1a1-1b30c01549ec/.gitconfig'
handle-success	Checkout code	2025-04-22T06:32:45.9420486Z Temporarily overriding HOME='/actions-runner/_work/_temp/b165a4aa-f54e-4496-a1a1-1b30c01549ec' before making global git config changes
handle-success	Checkout code	2025-04-22T06:32:45.9421950Z Adding repository directory to the temporary git global config as a safe directory
handle-success	Checkout code	2025-04-22T06:32:45.9424286Z [command]/usr/bin/git config --global --add safe.directory /actions-runner/_work/ka0s/ka0s
handle-success	Checkout code	2025-04-22T06:32:45.9457868Z [command]/usr/bin/git config --local --get remote.origin.url
handle-success	Checkout code	2025-04-22T06:32:45.9478247Z https://github.com/Ka0s-Klaus/ka0s
handle-success	Checkout code	2025-04-22T06:32:45.9499218Z ##[group]Removing previously created refs, to avoid conflicts
handle-success	Checkout code	2025-04-22T06:32:45.9504882Z [command]/usr/bin/git rev-parse --symbolic-full-name --verify --quiet HEAD
handle-success	Checkout code	2025-04-22T06:32:45.9525813Z refs/heads/H220-web-de-resultados
handle-success	Checkout code	2025-04-22T06:32:45.9537990Z [command]/usr/bin/git checkout --detach
handle-success	Checkout code	2025-04-22T06:32:45.9915818Z HEAD is now at ef2642c7 [Ka0S] Uploading resume execution files to the repository...
handle-success	Checkout code	2025-04-22T06:32:45.9958826Z [command]/usr/bin/git branch --delete --force H220-web-de-resultados
handle-success	Checkout code	2025-04-22T06:32:45.9988723Z Deleted branch H220-web-de-resultados (was ef2642c7).
handle-success	Checkout code	2025-04-22T06:32:46.0033104Z ##[endgroup]
handle-success	Checkout code	2025-04-22T06:32:46.0033687Z [command]/usr/bin/git submodule status
handle-success	Checkout code	2025-04-22T06:32:46.0268398Z ##[group]Cleaning the repository
handle-success	Checkout code	2025-04-22T06:32:46.0270216Z [command]/usr/bin/git clean -ffdx
handle-success	Checkout code	2025-04-22T06:32:46.0322889Z [command]/usr/bin/git reset --hard HEAD
handle-success	Checkout code	2025-04-22T06:32:46.0422175Z HEAD is now at ef2642c7 [Ka0S] Uploading resume execution files to the repository...
handle-success	Checkout code	2025-04-22T06:32:46.0424954Z ##[endgroup]
handle-success	Checkout code	2025-04-22T06:32:46.0425937Z ##[group]Disabling automatic garbage collection
handle-success	Checkout code	2025-04-22T06:32:46.0437118Z [command]/usr/bin/git config --local gc.auto 0
handle-success	Checkout code	2025-04-22T06:32:46.0462890Z ##[endgroup]
handle-success	Checkout code	2025-04-22T06:32:46.0463856Z ##[group]Setting up auth
handle-success	Checkout code	2025-04-22T06:32:46.0465587Z [command]/usr/bin/git config --local --name-only --get-regexp core\.sshCommand
handle-success	Checkout code	2025-04-22T06:32:46.0492255Z [command]/usr/bin/git submodule foreach --recursive sh -c "git config --local --name-only --get-regexp 'core\.sshCommand' && git config --local --unset-all 'core.sshCommand' || :"
handle-success	Checkout code	2025-04-22T06:32:46.0730642Z [command]/usr/bin/git config --local --name-only --get-regexp http\.https\:\/\/github\.com\/\.extraheader
handle-success	Checkout code	2025-04-22T06:32:46.0759571Z [command]/usr/bin/git submodule foreach --recursive sh -c "git config --local --name-only --get-regexp 'http\.https\:\/\/github\.com\/\.extraheader' && git config --local --unset-all 'http.https://github.com/.extraheader' || :"
handle-success	Checkout code	2025-04-22T06:32:46.0990290Z [command]/usr/bin/git config --local http.https://github.com/.extraheader AUTHORIZATION: basic ***
handle-success	Checkout code	2025-04-22T06:32:46.1032693Z ##[endgroup]
handle-success	Checkout code	2025-04-22T06:32:46.1033840Z ##[group]Fetching the repository
handle-success	Checkout code	2025-04-22T06:32:46.1038388Z [command]/usr/bin/git -c protocol.version=2 fetch --prune --no-recurse-submodules origin +refs/heads/*:refs/remotes/origin/* +refs/tags/*:refs/tags/*
handle-success	Checkout code	2025-04-22T06:32:46.7923215Z From https://github.com/Ka0s-Klaus/ka0s
handle-success	Checkout code	2025-04-22T06:32:46.7924234Z    719e1724..6e9d0c9d  main       -> origin/main
handle-success	Checkout code	2025-04-22T06:32:46.7964661Z [command]/usr/bin/git branch --list --remote origin/H220-web-de-resultados
handle-success	Checkout code	2025-04-22T06:32:46.7990069Z   origin/H220-web-de-resultados
handle-success	Checkout code	2025-04-22T06:32:46.8000479Z [command]/usr/bin/git rev-parse refs/remotes/origin/H220-web-de-resultados
handle-success	Checkout code	2025-04-22T06:32:46.8022365Z ef2642c762cc272ae46908652cafbc54acae3256
handle-success	Checkout code	2025-04-22T06:32:46.8038148Z [command]/usr/bin/git -c protocol.version=2 fetch --no-tags --prune --no-recurse-submodules origin +3600898e0a396a519180573d820593a55cb15fcc:refs/remotes/origin/H220-web-de-resultados
handle-success	Checkout code	2025-04-22T06:32:46.8127683Z From https://github.com/Ka0s-Klaus/ka0s
handle-success	Checkout code	2025-04-22T06:32:46.8129687Z  + ef2642c7...3600898e 3600898e0a396a519180573d820593a55cb15fcc -> origin/H220-web-de-resultados  (forced update)
handle-success	Checkout code	2025-04-22T06:32:46.8148735Z ##[endgroup]
handle-success	Checkout code	2025-04-22T06:32:46.8149766Z ##[group]Determining the checkout info
handle-success	Checkout code	2025-04-22T06:32:46.8150897Z ##[endgroup]
handle-success	Checkout code	2025-04-22T06:32:46.8152713Z [command]/usr/bin/git sparse-checkout disable
handle-success	Checkout code	2025-04-22T06:32:46.8209168Z [command]/usr/bin/git config --local --unset-all extensions.worktreeConfig
handle-success	Checkout code	2025-04-22T06:32:46.8238520Z ##[group]Checking out the ref
handle-success	Checkout code	2025-04-22T06:32:46.8243192Z [command]/usr/bin/git checkout --progress --force -B H220-web-de-resultados refs/remotes/origin/H220-web-de-resultados
handle-success	Checkout code	2025-04-22T06:32:46.8337488Z Warning: you are leaving 1 commit behind, not connected to
handle-success	Checkout code	2025-04-22T06:32:46.8339244Z any of your branches:
handle-success	Checkout code	2025-04-22T06:32:46.8339930Z 
handle-success	Checkout code	2025-04-22T06:32:46.8340780Z   ef2642c7 [Ka0S] Uploading resume execution files to the repository...
handle-success	Checkout code	2025-04-22T06:32:46.8342053Z 
handle-success	Checkout code	2025-04-22T06:32:46.8342774Z If you want to keep it by creating a new branch, this may be a good time
handle-success	Checkout code	2025-04-22T06:32:46.8344330Z to do so with:
handle-success	Checkout code	2025-04-22T06:32:46.8344972Z 
handle-success	Checkout code	2025-04-22T06:32:46.8345477Z  git branch <new-branch-name> ef2642c7
handle-success	Checkout code	2025-04-22T06:32:46.8346179Z 
handle-success	Checkout code	2025-04-22T06:32:46.8346594Z Switched to a new branch 'H220-web-de-resultados'
handle-success	Checkout code	2025-04-22T06:32:46.8347985Z branch 'H220-web-de-resultados' set up to track 'origin/H220-web-de-resultados'.
handle-success	Checkout code	2025-04-22T06:32:46.8350704Z ##[endgroup]
handle-success	Checkout code	2025-04-22T06:32:46.8377919Z [command]/usr/bin/git log -1 --format=%H
handle-success	Checkout code	2025-04-22T06:32:46.8401123Z 3600898e0a396a519180573d820593a55cb15fcc
handle-success	handle-success-execution	ï»¿2025-04-22T06:32:46.8585164Z ##[group]Run # Si todo ha ido correcto aÃ±adimos el contenido del fichero 
handle-success	handle-success-execution	2025-04-22T06:32:46.8587078Z [36;1m# Si todo ha ido correcto aÃ±adimos el contenido del fichero [0m
handle-success	handle-success-execution	2025-04-22T06:32:46.8588634Z [36;1mRNNUMBER=$(echo "refs/heads/H220-web-de-resultados" | grep -o '[0-9]*')[0m
handle-success	handle-success-execution	2025-04-22T06:32:46.8591012Z [36;1mgh issue comment $RNNUMBER --body "El proceso ha finalizado correctamente 14588263585. El resultado estÃ¡ en el fichero core/results/event_data_14588263585.log"[0m
handle-success	handle-success-execution	2025-04-22T06:32:46.8600530Z shell: /usr/bin/bash -e {0}
handle-success	handle-success-execution	2025-04-22T06:32:46.8601231Z env:
handle-success	handle-success-execution	2025-04-22T06:32:46.8601756Z   KAOS_CODE: 14588263585
handle-success	handle-success-execution	2025-04-22T06:32:46.8602415Z   KAOS_EVENT_NAME: push
handle-success	handle-success-execution	2025-04-22T06:32:46.8603048Z   KAOS_ACTION: 
handle-success	handle-success-execution	2025-04-22T06:32:46.8603696Z   KAOS_REF: refs/heads/H220-web-de-resultados
handle-success	handle-success-execution	2025-04-22T06:32:46.8604575Z   KAOS_MODULE: [Ka0S] kaos
handle-success	handle-success-execution	2025-04-22T06:32:46.8605387Z   KAOS_PATH_RESUME: core/results/k/
handle-success	handle-success-execution	2025-04-22T06:32:46.8606330Z   KAOS_JSON: core/results/k/event_data_
handle-success	handle-success-execution	2025-04-22T06:32:46.8607128Z   KAOS_ACTOR: jh0ny2k2
handle-success	handle-success-execution	2025-04-22T06:32:46.8608096Z   GH_TOKEN: ***
handle-success	handle-success-execution	2025-04-22T06:32:46.8608653Z ##[endgroup]
handle-success	handle-success-execution	2025-04-22T06:32:47.8019385Z https://github.com/Ka0s-Klaus/ka0s/issues/220#issuecomment-2820207947
handle-success	Post Checkout code	ï»¿2025-04-22T06:32:47.8097976Z Post job cleanup.
handle-success	Post Checkout code	2025-04-22T06:32:47.8723568Z [command]/usr/bin/git version
handle-success	Post Checkout code	2025-04-22T06:32:47.8751401Z git version 2.43.0
handle-success	Post Checkout code	2025-04-22T06:32:47.8791344Z Copying '/home/kaos/.gitconfig' to '/actions-runner/_work/_temp/1026419a-4680-447d-9374-a34cd0af035e/.gitconfig'
handle-success	Post Checkout code	2025-04-22T06:32:47.8803343Z Temporarily overriding HOME='/actions-runner/_work/_temp/1026419a-4680-447d-9374-a34cd0af035e' before making global git config changes
handle-success	Post Checkout code	2025-04-22T06:32:47.8804049Z Adding repository directory to the temporary git global config as a safe directory
handle-success	Post Checkout code	2025-04-22T06:32:47.8814535Z [command]/usr/bin/git config --global --add safe.directory /actions-runner/_work/ka0s/ka0s
handle-success	Post Checkout code	2025-04-22T06:32:47.8896968Z [command]/usr/bin/git config --local --name-only --get-regexp core\.sshCommand
handle-success	Post Checkout code	2025-04-22T06:32:47.8931371Z [command]/usr/bin/git submodule foreach --recursive sh -c "git config --local --name-only --get-regexp 'core\.sshCommand' && git config --local --unset-all 'core.sshCommand' || :"
handle-success	Post Checkout code	2025-04-22T06:32:47.9160158Z [command]/usr/bin/git config --local --name-only --get-regexp http\.https\:\/\/github\.com\/\.extraheader
handle-success	Post Checkout code	2025-04-22T06:32:47.9180896Z http.https://github.com/.extraheader
handle-success	Post Checkout code	2025-04-22T06:32:47.9190180Z [command]/usr/bin/git config --local --unset-all http.https://github.com/.extraheader
handle-success	Post Checkout code	2025-04-22T06:32:47.9220544Z [command]/usr/bin/git submodule foreach --recursive sh -c "git config --local --name-only --get-regexp 'http\.https\:\/\/github\.com\/\.extraheader' && git config --local --unset-all 'http.https://github.com/.extraheader' || :"
handle-success	Complete job	ï»¿2025-04-22T06:32:47.9546187Z Cleaning up orphan processes
end-workflow	Set up job	ï»¿2025-04-22T06:32:58.3504018Z Current runner version: '2.323.0'
end-workflow	Set up job	2025-04-22T06:32:58.3508540Z Runner name: 'ka0s-7'
end-workflow	Set up job	2025-04-22T06:32:58.3509097Z Machine name: '26a53205c9ac'
end-workflow	Set up job	2025-04-22T06:32:58.3510468Z ##[group]GITHUB_TOKEN Permissions
end-workflow	Set up job	2025-04-22T06:32:58.3511840Z Contents: read
end-workflow	Set up job	2025-04-22T06:32:58.3512154Z Metadata: read
end-workflow	Set up job	2025-04-22T06:32:58.3512444Z Packages: read
end-workflow	Set up job	2025-04-22T06:32:58.3512714Z ##[endgroup]
end-workflow	Set up job	2025-04-22T06:32:58.3514120Z Secret source: Actions
end-workflow	Set up job	2025-04-22T06:32:58.3514536Z Prepare workflow directory
end-workflow	Set up job	2025-04-22T06:32:58.3902461Z Prepare all required actions
end-workflow	Set up job	2025-04-22T06:32:58.3929752Z Getting action download info
end-workflow	Set up job	2025-04-22T06:32:58.8425622Z Download action repository 'actions/checkout@v4' (SHA:11bd71901bbe5b1630ceea73d27597364c9af683)
end-workflow	Set up job	2025-04-22T06:32:59.5541771Z Complete job name: end-workflow
end-workflow	Checkout code	ï»¿2025-04-22T06:32:59.5834800Z ##[group]Run actions/checkout@v4
end-workflow	Checkout code	2025-04-22T06:32:59.5835294Z with:
end-workflow	Checkout code	2025-04-22T06:32:59.5835533Z   fetch-depth: 0
end-workflow	Checkout code	2025-04-22T06:32:59.5835939Z   token: ***
end-workflow	Checkout code	2025-04-22T06:32:59.5836197Z   repository: Ka0s-Klaus/ka0s
end-workflow	Checkout code	2025-04-22T06:32:59.5836524Z   ssh-strict: true
end-workflow	Checkout code	2025-04-22T06:32:59.5836781Z   ssh-user: git
end-workflow	Checkout code	2025-04-22T06:32:59.5837038Z   persist-credentials: true
end-workflow	Checkout code	2025-04-22T06:32:59.5837331Z   clean: true
end-workflow	Checkout code	2025-04-22T06:32:59.5837593Z   sparse-checkout-cone-mode: true
end-workflow	Checkout code	2025-04-22T06:32:59.5837904Z   fetch-tags: false
end-workflow	Checkout code	2025-04-22T06:32:59.5838165Z   show-progress: true
end-workflow	Checkout code	2025-04-22T06:32:59.5838431Z   lfs: false
end-workflow	Checkout code	2025-04-22T06:32:59.5838667Z   submodules: false
end-workflow	Checkout code	2025-04-22T06:32:59.5838931Z   set-safe-directory: true
end-workflow	Checkout code	2025-04-22T06:32:59.5839306Z env:
end-workflow	Checkout code	2025-04-22T06:32:59.5839537Z   KAOS_CODE: 14588263585
end-workflow	Checkout code	2025-04-22T06:32:59.5839817Z   KAOS_EVENT_NAME: push
end-workflow	Checkout code	2025-04-22T06:32:59.5840084Z   KAOS_ACTION: 
end-workflow	Checkout code	2025-04-22T06:32:59.5840360Z   KAOS_REF: refs/heads/H220-web-de-resultados
end-workflow	Checkout code	2025-04-22T06:32:59.5840716Z   KAOS_MODULE: [Ka0S] kaos
end-workflow	Checkout code	2025-04-22T06:32:59.5841027Z   KAOS_PATH_RESUME: core/results/k/
end-workflow	Checkout code	2025-04-22T06:32:59.5841359Z   KAOS_JSON: core/results/k/event_data_
end-workflow	Checkout code	2025-04-22T06:32:59.5841685Z   KAOS_ACTOR: jh0ny2k2
end-workflow	Checkout code	2025-04-22T06:32:59.5842032Z   GH_TOKEN: ***
end-workflow	Checkout code	2025-04-22T06:32:59.5842276Z ##[endgroup]
end-workflow	Checkout code	2025-04-22T06:32:59.6563724Z Syncing repository: Ka0s-Klaus/ka0s
end-workflow	Checkout code	2025-04-22T06:32:59.6565080Z ##[group]Getting Git version info
end-workflow	Checkout code	2025-04-22T06:32:59.6565644Z Working directory is '/actions-runner/_work/ka0s/ka0s'
end-workflow	Checkout code	2025-04-22T06:32:59.6566334Z [command]/usr/bin/git version
end-workflow	Checkout code	2025-04-22T06:32:59.6566633Z git version 2.43.0
end-workflow	Checkout code	2025-04-22T06:32:59.6567569Z ##[endgroup]
end-workflow	Checkout code	2025-04-22T06:32:59.6573289Z Copying '/home/kaos/.gitconfig' to '/actions-runner/_work/_temp/a070e74d-7e62-4a30-8deb-7542e9c788a2/.gitconfig'
end-workflow	Checkout code	2025-04-22T06:32:59.6593188Z Temporarily overriding HOME='/actions-runner/_work/_temp/a070e74d-7e62-4a30-8deb-7542e9c788a2' before making global git config changes
end-workflow	Checkout code	2025-04-22T06:32:59.6594717Z Adding repository directory to the temporary git global config as a safe directory
end-workflow	Checkout code	2025-04-22T06:32:59.6595789Z [command]/usr/bin/git config --global --add safe.directory /actions-runner/_work/ka0s/ka0s
end-workflow	Checkout code	2025-04-22T06:32:59.6683973Z [command]/usr/bin/git config --local --get remote.origin.url
end-workflow	Checkout code	2025-04-22T06:32:59.6702218Z https://github.com/Ka0s-Klaus/ka0s
end-workflow	Checkout code	2025-04-22T06:32:59.6718472Z ##[group]Removing previously created refs, to avoid conflicts
end-workflow	Checkout code	2025-04-22T06:32:59.6720402Z [command]/usr/bin/git rev-parse --symbolic-full-name --verify --quiet HEAD
end-workflow	Checkout code	2025-04-22T06:32:59.6734136Z refs/heads/H220-web-de-resultados
end-workflow	Checkout code	2025-04-22T06:32:59.6740486Z [command]/usr/bin/git checkout --detach
end-workflow	Checkout code	2025-04-22T06:32:59.6820942Z HEAD is now at ef2642c7 [Ka0S] Uploading resume execution files to the repository...
end-workflow	Checkout code	2025-04-22T06:32:59.6864276Z [command]/usr/bin/git branch --delete --force H220-web-de-resultados
end-workflow	Checkout code	2025-04-22T06:32:59.6894191Z Deleted branch H220-web-de-resultados (was ef2642c7).
end-workflow	Checkout code	2025-04-22T06:32:59.6940606Z ##[endgroup]
end-workflow	Checkout code	2025-04-22T06:32:59.6942932Z [command]/usr/bin/git submodule status
end-workflow	Checkout code	2025-04-22T06:32:59.7174137Z ##[group]Cleaning the repository
end-workflow	Checkout code	2025-04-22T06:32:59.7181187Z [command]/usr/bin/git clean -ffdx
end-workflow	Checkout code	2025-04-22T06:32:59.7231883Z [command]/usr/bin/git reset --hard HEAD
end-workflow	Checkout code	2025-04-22T06:32:59.7336961Z HEAD is now at ef2642c7 [Ka0S] Uploading resume execution files to the repository...
end-workflow	Checkout code	2025-04-22T06:32:59.7339490Z ##[endgroup]
end-workflow	Checkout code	2025-04-22T06:32:59.7340418Z ##[group]Disabling automatic garbage collection
end-workflow	Checkout code	2025-04-22T06:32:59.7350397Z [command]/usr/bin/git config --local gc.auto 0
end-workflow	Checkout code	2025-04-22T06:32:59.7375960Z ##[endgroup]
end-workflow	Checkout code	2025-04-22T06:32:59.7376949Z ##[group]Setting up auth
end-workflow	Checkout code	2025-04-22T06:32:59.7378169Z [command]/usr/bin/git config --local --name-only --get-regexp core\.sshCommand
end-workflow	Checkout code	2025-04-22T06:32:59.7399719Z [command]/usr/bin/git submodule foreach --recursive sh -c "git config --local --name-only --get-regexp 'core\.sshCommand' && git config --local --unset-all 'core.sshCommand' || :"
end-workflow	Checkout code	2025-04-22T06:32:59.7634307Z [command]/usr/bin/git config --local --name-only --get-regexp http\.https\:\/\/github\.com\/\.extraheader
end-workflow	Checkout code	2025-04-22T06:32:59.7664007Z [command]/usr/bin/git submodule foreach --recursive sh -c "git config --local --name-only --get-regexp 'http\.https\:\/\/github\.com\/\.extraheader' && git config --local --unset-all 'http.https://github.com/.extraheader' || :"
end-workflow	Checkout code	2025-04-22T06:32:59.7901151Z [command]/usr/bin/git config --local http.https://github.com/.extraheader AUTHORIZATION: basic ***
end-workflow	Checkout code	2025-04-22T06:32:59.7940929Z ##[endgroup]
end-workflow	Checkout code	2025-04-22T06:32:59.7941601Z ##[group]Fetching the repository
end-workflow	Checkout code	2025-04-22T06:32:59.7947275Z [command]/usr/bin/git -c protocol.version=2 fetch --prune --no-recurse-submodules origin +refs/heads/*:refs/remotes/origin/* +refs/tags/*:refs/tags/*
end-workflow	Checkout code	2025-04-22T06:33:00.5587600Z From https://github.com/Ka0s-Klaus/ka0s
end-workflow	Checkout code	2025-04-22T06:33:00.5588749Z    719e1724..6e9d0c9d  main       -> origin/main
end-workflow	Checkout code	2025-04-22T06:33:00.5631650Z [command]/usr/bin/git branch --list --remote origin/H220-web-de-resultados
end-workflow	Checkout code	2025-04-22T06:33:00.5652675Z   origin/H220-web-de-resultados
end-workflow	Checkout code	2025-04-22T06:33:00.5662842Z [command]/usr/bin/git rev-parse refs/remotes/origin/H220-web-de-resultados
end-workflow	Checkout code	2025-04-22T06:33:00.5683995Z ef2642c762cc272ae46908652cafbc54acae3256
end-workflow	Checkout code	2025-04-22T06:33:00.5696913Z [command]/usr/bin/git -c protocol.version=2 fetch --no-tags --prune --no-recurse-submodules origin +3600898e0a396a519180573d820593a55cb15fcc:refs/remotes/origin/H220-web-de-resultados
end-workflow	Checkout code	2025-04-22T06:33:00.5785624Z From https://github.com/Ka0s-Klaus/ka0s
end-workflow	Checkout code	2025-04-22T06:33:00.5787532Z  + ef2642c7...3600898e 3600898e0a396a519180573d820593a55cb15fcc -> origin/H220-web-de-resultados  (forced update)
end-workflow	Checkout code	2025-04-22T06:33:00.5809706Z ##[endgroup]
end-workflow	Checkout code	2025-04-22T06:33:00.5810855Z ##[group]Determining the checkout info
end-workflow	Checkout code	2025-04-22T06:33:00.5812118Z ##[endgroup]
end-workflow	Checkout code	2025-04-22T06:33:00.5814184Z [command]/usr/bin/git sparse-checkout disable
end-workflow	Checkout code	2025-04-22T06:33:00.5872290Z [command]/usr/bin/git config --local --unset-all extensions.worktreeConfig
end-workflow	Checkout code	2025-04-22T06:33:00.5902724Z ##[group]Checking out the ref
end-workflow	Checkout code	2025-04-22T06:33:00.5907658Z [command]/usr/bin/git checkout --progress --force -B H220-web-de-resultados refs/remotes/origin/H220-web-de-resultados
end-workflow	Checkout code	2025-04-22T06:33:00.6002622Z Warning: you are leaving 1 commit behind, not connected to
end-workflow	Checkout code	2025-04-22T06:33:00.6005132Z any of your branches:
end-workflow	Checkout code	2025-04-22T06:33:00.6005851Z 
end-workflow	Checkout code	2025-04-22T06:33:00.6006835Z   ef2642c7 [Ka0S] Uploading resume execution files to the repository...
end-workflow	Checkout code	2025-04-22T06:33:00.6008366Z 
end-workflow	Checkout code	2025-04-22T06:33:00.6010414Z If you want to keep it by creating a new branch, this may be a good time
end-workflow	Checkout code	2025-04-22T06:33:00.6012199Z to do so with:
end-workflow	Checkout code	2025-04-22T06:33:00.6012740Z 
end-workflow	Checkout code	2025-04-22T06:33:00.6013237Z  git branch <new-branch-name> ef2642c7
end-workflow	Checkout code	2025-04-22T06:33:00.6014036Z 
end-workflow	Checkout code	2025-04-22T06:33:00.6014989Z Switched to a new branch 'H220-web-de-resultados'
end-workflow	Checkout code	2025-04-22T06:33:00.6016855Z branch 'H220-web-de-resultados' set up to track 'origin/H220-web-de-resultados'.
end-workflow	Checkout code	2025-04-22T06:33:00.6035557Z ##[endgroup]
end-workflow	Checkout code	2025-04-22T06:33:00.6042206Z [command]/usr/bin/git log -1 --format=%H
end-workflow	Checkout code	2025-04-22T06:33:00.6066398Z 3600898e0a396a519180573d820593a55cb15fcc
end-workflow	Finaliza el workflow	ï»¿2025-04-22T06:33:00.6275023Z ##[group]Run echo "End process"
end-workflow	Finaliza el workflow	2025-04-22T06:33:00.6276128Z [36;1mecho "End process"[0m
end-workflow	Finaliza el workflow	2025-04-22T06:33:00.6277269Z [36;1mRNNUMBER=$(echo "refs/heads/H220-web-de-resultados" | grep -o '[0-9]*')[0m
end-workflow	Finaliza el workflow	2025-04-22T06:33:00.6278893Z [36;1mgh issue comment $RNNUMBER --body "Se finaliza Ka0s 14588263585"[0m
end-workflow	Finaliza el workflow	2025-04-22T06:33:00.6280829Z [36;1mgh workflow run inspector.yml --ref 'main' -f kaos-issue-id=$RNNUMBER -f kaos-workflow-id="14588263585" -f kaos-user-start=""[0m
end-workflow	Finaliza el workflow	2025-04-22T06:33:00.6290024Z shell: /usr/bin/bash -e {0}
end-workflow	Finaliza el workflow	2025-04-22T06:33:00.6290736Z env:
end-workflow	Finaliza el workflow	2025-04-22T06:33:00.6291278Z   KAOS_CODE: 14588263585
end-workflow	Finaliza el workflow	2025-04-22T06:33:00.6291948Z   KAOS_EVENT_NAME: push
end-workflow	Finaliza el workflow	2025-04-22T06:33:00.6292579Z   KAOS_ACTION: 
end-workflow	Finaliza el workflow	2025-04-22T06:33:00.6293228Z   KAOS_REF: refs/heads/H220-web-de-resultados
end-workflow	Finaliza el workflow	2025-04-22T06:33:00.6294345Z   KAOS_MODULE: [Ka0S] kaos
end-workflow	Finaliza el workflow	2025-04-22T06:33:00.6295498Z   KAOS_PATH_RESUME: core/results/k/
end-workflow	Finaliza el workflow	2025-04-22T06:33:00.6296479Z   KAOS_JSON: core/results/k/event_data_
end-workflow	Finaliza el workflow	2025-04-22T06:33:00.6297282Z   KAOS_ACTOR: jh0ny2k2
end-workflow	Finaliza el workflow	2025-04-22T06:33:00.6298267Z   GH_TOKEN: ***
end-workflow	Finaliza el workflow	2025-04-22T06:33:00.6298837Z ##[endgroup]
end-workflow	Finaliza el workflow	2025-04-22T06:33:00.6344532Z End process
end-workflow	Finaliza el workflow	2025-04-22T06:33:01.6273661Z https://github.com/Ka0s-Klaus/ka0s/issues/220#issuecomment-2820208387
end-workflow	Post Checkout code	ï»¿2025-04-22T06:33:02.2705844Z Post job cleanup.
end-workflow	Post Checkout code	2025-04-22T06:33:02.3344896Z [command]/usr/bin/git version
end-workflow	Post Checkout code	2025-04-22T06:33:02.3372916Z git version 2.43.0
end-workflow	Post Checkout code	2025-04-22T06:33:02.3403145Z Copying '/home/kaos/.gitconfig' to '/actions-runner/_work/_temp/1febedc6-2d77-4b37-a1de-0dfb555bcf09/.gitconfig'
end-workflow	Post Checkout code	2025-04-22T06:33:02.3415810Z Temporarily overriding HOME='/actions-runner/_work/_temp/1febedc6-2d77-4b37-a1de-0dfb555bcf09' before making global git config changes
end-workflow	Post Checkout code	2025-04-22T06:33:02.3417671Z Adding repository directory to the temporary git global config as a safe directory
end-workflow	Post Checkout code	2025-04-22T06:33:02.3418674Z [command]/usr/bin/git config --global --add safe.directory /actions-runner/_work/ka0s/ka0s
end-workflow	Post Checkout code	2025-04-22T06:33:02.3509739Z [command]/usr/bin/git config --local --name-only --get-regexp core\.sshCommand
end-workflow	Post Checkout code	2025-04-22T06:33:02.3538274Z [command]/usr/bin/git submodule foreach --recursive sh -c "git config --local --name-only --get-regexp 'core\.sshCommand' && git config --local --unset-all 'core.sshCommand' || :"
end-workflow	Post Checkout code	2025-04-22T06:33:02.3769944Z [command]/usr/bin/git config --local --name-only --get-regexp http\.https\:\/\/github\.com\/\.extraheader
end-workflow	Post Checkout code	2025-04-22T06:33:02.3794100Z http.https://github.com/.extraheader
end-workflow	Post Checkout code	2025-04-22T06:33:02.3804585Z [command]/usr/bin/git config --local --unset-all http.https://github.com/.extraheader
end-workflow	Post Checkout code	2025-04-22T06:33:02.3833026Z [command]/usr/bin/git submodule foreach --recursive sh -c "git config --local --name-only --get-regexp 'http\.https\:\/\/github\.com\/\.extraheader' && git config --local --unset-all 'http.https://github.com/.extraheader' || :"
end-workflow	Complete job	ï»¿2025-04-22T06:33:02.4163557Z Cleaning up orphan processes
