job-core	Set up job	ï»¿2025-04-24T13:27:46.1874867Z Current runner version: '2.323.0'
job-core	Set up job	2025-04-24T13:27:46.1878764Z Runner name: 'version-2'
job-core	Set up job	2025-04-24T13:27:46.1879328Z Machine name: 'e8214257ec93'
job-core	Set up job	2025-04-24T13:27:46.1880788Z ##[group]GITHUB_TOKEN Permissions
job-core	Set up job	2025-04-24T13:27:46.1882240Z Actions: write
job-core	Set up job	2025-04-24T13:27:46.1882536Z Contents: write
job-core	Set up job	2025-04-24T13:27:46.1882815Z Issues: write
job-core	Set up job	2025-04-24T13:27:46.1883091Z Metadata: read
job-core	Set up job	2025-04-24T13:27:46.1883404Z ##[endgroup]
job-core	Set up job	2025-04-24T13:27:46.1884609Z Secret source: Actions
job-core	Set up job	2025-04-24T13:27:46.1884980Z Prepare workflow directory
job-core	Set up job	2025-04-24T13:27:46.2256548Z Prepare all required actions
job-core	Set up job	2025-04-24T13:27:46.2282224Z Getting action download info
job-core	Set up job	2025-04-24T13:27:46.7099753Z Download action repository 'actions/checkout@v4' (SHA:11bd71901bbe5b1630ceea73d27597364c9af683)
job-core	Set up job	2025-04-24T13:27:48.5145555Z Complete job name: job-core
job-core	Checkout code	ï»¿2025-04-24T13:27:48.5548171Z ##[group]Run actions/checkout@v4
job-core	Checkout code	2025-04-24T13:27:48.5549109Z with:
job-core	Checkout code	2025-04-24T13:27:48.5549670Z   fetch-depth: 0
job-core	Checkout code	2025-04-24T13:27:48.5550558Z   token: ***
job-core	Checkout code	2025-04-24T13:27:48.5551200Z   repository: Ka0s-Klaus/ka0s
job-core	Checkout code	2025-04-24T13:27:48.5551919Z   ssh-strict: true
job-core	Checkout code	2025-04-24T13:27:48.5552521Z   ssh-user: git
job-core	Checkout code	2025-04-24T13:27:48.5553153Z   persist-credentials: true
job-core	Checkout code	2025-04-24T13:27:48.5553884Z   clean: true
job-core	Checkout code	2025-04-24T13:27:48.5554512Z   sparse-checkout-cone-mode: true
job-core	Checkout code	2025-04-24T13:27:48.5555388Z   fetch-tags: false
job-core	Checkout code	2025-04-24T13:27:48.5556117Z   show-progress: true
job-core	Checkout code	2025-04-24T13:27:48.5556753Z   lfs: false
job-core	Checkout code	2025-04-24T13:27:48.5557324Z   submodules: false
job-core	Checkout code	2025-04-24T13:27:48.5557960Z   set-safe-directory: true
job-core	Checkout code	2025-04-24T13:27:48.5558710Z env:
job-core	Checkout code	2025-04-24T13:27:48.5559253Z   KAOS_MODULE: [Ka0S] VERSION
job-core	Checkout code	2025-04-24T13:27:48.5560101Z   GH_TOKEN: ***
job-core	Checkout code	2025-04-24T13:27:48.5560694Z   PATH_RESUME: core/config/
job-core	Checkout code	2025-04-24T13:27:48.5561430Z   KAOS_REPO: /actions-runner/_work/kaos/kaos
job-core	Checkout code	2025-04-24T13:27:48.5562239Z   KAOS_STEP_MODULE: 
job-core	Checkout code	2025-04-24T13:27:48.5562878Z   KAOS_CODE: 14642843859
job-core	Checkout code	2025-04-24T13:27:48.5563539Z   GH_VERSION: 
job-core	Checkout code	2025-04-24T13:27:48.5564091Z ##[endgroup]
job-core	Checkout code	2025-04-24T13:27:48.6324514Z Syncing repository: Ka0s-Klaus/ka0s
job-core	Checkout code	2025-04-24T13:27:48.6326391Z ##[group]Getting Git version info
job-core	Checkout code	2025-04-24T13:27:48.6327259Z Working directory is '/actions-runner/_work/ka0s/ka0s'
job-core	Checkout code	2025-04-24T13:27:48.6328603Z [command]/usr/bin/git version
job-core	Checkout code	2025-04-24T13:27:48.6329317Z git version 2.43.0
job-core	Checkout code	2025-04-24T13:27:48.6331477Z ##[endgroup]
job-core	Checkout code	2025-04-24T13:27:48.6336004Z Copying '/home/kaos/.gitconfig' to '/actions-runner/_work/_temp/2367b250-9af4-4850-b77f-6e66ee6688c5/.gitconfig'
job-core	Checkout code	2025-04-24T13:27:48.6338179Z Temporarily overriding HOME='/actions-runner/_work/_temp/2367b250-9af4-4850-b77f-6e66ee6688c5' before making global git config changes
job-core	Checkout code	2025-04-24T13:27:48.6340085Z Adding repository directory to the temporary git global config as a safe directory
job-core	Checkout code	2025-04-24T13:27:48.6341585Z [command]/usr/bin/git config --global --add safe.directory /actions-runner/_work/ka0s/ka0s
job-core	Checkout code	2025-04-24T13:27:48.6403095Z [command]/usr/bin/git config --local --get remote.origin.url
job-core	Checkout code	2025-04-24T13:27:48.6423534Z https://github.com/Ka0s-Klaus/ka0s
job-core	Checkout code	2025-04-24T13:27:48.6448193Z ##[group]Removing previously created refs, to avoid conflicts
job-core	Checkout code	2025-04-24T13:27:48.6452585Z [command]/usr/bin/git rev-parse --symbolic-full-name --verify --quiet HEAD
job-core	Checkout code	2025-04-24T13:27:48.6472701Z HEAD
job-core	Checkout code	2025-04-24T13:27:48.6514449Z ##[endgroup]
job-core	Checkout code	2025-04-24T13:27:48.6516872Z [command]/usr/bin/git submodule status
job-core	Checkout code	2025-04-24T13:27:48.6739310Z ##[group]Cleaning the repository
job-core	Checkout code	2025-04-24T13:27:48.6742871Z [command]/usr/bin/git clean -ffdx
job-core	Checkout code	2025-04-24T13:27:48.6790749Z [command]/usr/bin/git reset --hard HEAD
job-core	Checkout code	2025-04-24T13:27:48.6900685Z HEAD is now at befce638 [Ka0S] VERSION  Upload: CHANGELOG.md, INDEX.md with version 0.0.113
job-core	Checkout code	2025-04-24T13:27:48.6904714Z ##[endgroup]
job-core	Checkout code	2025-04-24T13:27:48.6906328Z ##[group]Disabling automatic garbage collection
job-core	Checkout code	2025-04-24T13:27:48.6908021Z [command]/usr/bin/git config --local gc.auto 0
job-core	Checkout code	2025-04-24T13:27:48.6938505Z ##[endgroup]
job-core	Checkout code	2025-04-24T13:27:48.6939651Z ##[group]Setting up auth
job-core	Checkout code	2025-04-24T13:27:48.6940686Z [command]/usr/bin/git config --local --name-only --get-regexp core\.sshCommand
job-core	Checkout code	2025-04-24T13:27:48.6964545Z [command]/usr/bin/git submodule foreach --recursive sh -c "git config --local --name-only --get-regexp 'core\.sshCommand' && git config --local --unset-all 'core.sshCommand' || :"
job-core	Checkout code	2025-04-24T13:27:48.7203210Z [command]/usr/bin/git config --local --name-only --get-regexp http\.https\:\/\/github\.com\/\.extraheader
job-core	Checkout code	2025-04-24T13:27:48.7228664Z [command]/usr/bin/git submodule foreach --recursive sh -c "git config --local --name-only --get-regexp 'http\.https\:\/\/github\.com\/\.extraheader' && git config --local --unset-all 'http.https://github.com/.extraheader' || :"
job-core	Checkout code	2025-04-24T13:27:48.7460046Z [command]/usr/bin/git config --local http.https://github.com/.extraheader AUTHORIZATION: basic ***
job-core	Checkout code	2025-04-24T13:27:48.7496680Z ##[endgroup]
job-core	Checkout code	2025-04-24T13:27:48.7497937Z ##[group]Fetching the repository
job-core	Checkout code	2025-04-24T13:27:48.7501266Z [command]/usr/bin/git -c protocol.version=2 fetch --prune --no-recurse-submodules origin +refs/heads/*:refs/remotes/origin/* +refs/tags/*:refs/tags/* +5af0b31a1caa95a05bd3457dd7313a1d63949e59:refs/remotes/pull/1130/merge
job-core	Checkout code	2025-04-24T13:27:49.7213113Z From https://github.com/Ka0s-Klaus/ka0s
job-core	Checkout code	2025-04-24T13:27:49.7214134Z  * [new branch]        H1128-mÃ³dulo-de-observabilidad -> origin/H1128-mÃ³dulo-de-observabilidad
job-core	Checkout code	2025-04-24T13:27:49.7214626Z    befce638..d3a34a7f  H220-web-de-resultados -> origin/H220-web-de-resultados
job-core	Checkout code	2025-04-24T13:27:49.7214985Z    5a2b1464..65f30b72  main                   -> origin/main
job-core	Checkout code	2025-04-24T13:27:49.7215589Z  * [new ref]           5af0b31a1caa95a05bd3457dd7313a1d63949e59 -> pull/1130/merge
job-core	Checkout code	2025-04-24T13:27:49.7247728Z ##[endgroup]
job-core	Checkout code	2025-04-24T13:27:49.7248209Z ##[group]Determining the checkout info
job-core	Checkout code	2025-04-24T13:27:49.7248679Z ##[endgroup]
job-core	Checkout code	2025-04-24T13:27:49.7254344Z [command]/usr/bin/git sparse-checkout disable
job-core	Checkout code	2025-04-24T13:27:49.7311804Z [command]/usr/bin/git config --local --unset-all extensions.worktreeConfig
job-core	Checkout code	2025-04-24T13:27:49.7336122Z ##[group]Checking out the ref
job-core	Checkout code	2025-04-24T13:27:49.7336669Z [command]/usr/bin/git checkout --progress --force refs/remotes/pull/1130/merge
job-core	Checkout code	2025-04-24T13:27:49.7721408Z Previous HEAD position was befce638 [Ka0S] VERSION  Upload: CHANGELOG.md, INDEX.md with version 0.0.113
job-core	Checkout code	2025-04-24T13:27:49.7722358Z HEAD is now at 5af0b31a Merge d3a34a7f30957fcad0f18342d00222c1516ae86b into ea813a8230ef964f1baf3e09256d9dae494b0f56
job-core	Checkout code	2025-04-24T13:27:49.7732263Z ##[endgroup]
job-core	Checkout code	2025-04-24T13:27:49.7771381Z [command]/usr/bin/git log -1 --format=%H
job-core	Checkout code	2025-04-24T13:27:49.7795418Z 5af0b31a1caa95a05bd3457dd7313a1d63949e59
job-core	Get commit details	ï»¿2025-04-24T13:27:49.7958567Z ##[group]Run RNNUMBER=$(echo "H220 web de resultados" | grep -o '[0-9]*')
job-core	Get commit details	2025-04-24T13:27:49.7958992Z [36;1mRNNUMBER=$(echo "H220 web de resultados" | grep -o '[0-9]*')[0m
job-core	Get commit details	2025-04-24T13:27:49.7959303Z [36;1mgh issue comment $RNNUMBER --body "Se inicia Version 14642843859"[0m
job-core	Get commit details	2025-04-24T13:27:49.7959719Z [36;1mecho "GH_VERSION=$(gh api repos/:owner/:repo/git/matching-refs/tags --jq '.[-1].ref' | sed 's|refs/tags/||')" >> $GITHUB_ENV[0m
job-core	Get commit details	2025-04-24T13:27:49.7960143Z [36;1mecho "AUTHOR_NAME=$(git log -1 --pretty=format:'%an')" >> $GITHUB_OUTPUT[0m
job-core	Get commit details	2025-04-24T13:27:49.7960463Z [36;1mecho "AUTHOR_EMAIL=$(git log -1 --pretty=format:'%ae')" >> $GITHUB_OUTPUT[0m
job-core	Get commit details	2025-04-24T13:27:49.7960771Z [36;1mecho "COMMIT_MESSAGE=H220 web de resultados" >> $GITHUB_OUTPUT[0m
job-core	Get commit details	2025-04-24T13:27:49.7961066Z [36;1mRNBRANCH=$(echo "H220 web de resultados" | grep -o '^[A-Za-z]*')[0m
job-core	Get commit details	2025-04-24T13:27:49.7961357Z [36;1mRNNUMBER=$(echo "H220 web de resultados" | grep -o '[0-9]*')[0m
job-core	Get commit details	2025-04-24T13:27:49.7961611Z [36;1mecho "Extracted RN Branch: $RNBRANCH"[0m
job-core	Get commit details	2025-04-24T13:27:49.7961863Z [36;1mecho "Extracted RN Number: $RNNUMBER"[0m
job-core	Get commit details	2025-04-24T13:27:49.7962093Z [36;1mecho "RNBRANCH=$RNBRANCH" >> $GITHUB_OUTPUT[0m
job-core	Get commit details	2025-04-24T13:27:49.7962327Z [36;1mecho "RNNUMBER=$RNNUMBER" >> $GITHUB_OUTPUT [0m
job-core	Get commit details	2025-04-24T13:27:49.7969882Z shell: /usr/bin/bash -e {0}
job-core	Get commit details	2025-04-24T13:27:49.7970091Z env:
job-core	Get commit details	2025-04-24T13:27:49.7970258Z   KAOS_MODULE: [Ka0S] VERSION
job-core	Get commit details	2025-04-24T13:27:49.7970749Z   GH_TOKEN: ***
job-core	Get commit details	2025-04-24T13:27:49.7970922Z   PATH_RESUME: core/config/
job-core	Get commit details	2025-04-24T13:27:49.7971120Z   KAOS_REPO: /actions-runner/_work/kaos/kaos
job-core	Get commit details	2025-04-24T13:27:49.7971327Z   KAOS_STEP_MODULE: 
job-core	Get commit details	2025-04-24T13:27:49.7971490Z   KAOS_CODE: 14642843859
job-core	Get commit details	2025-04-24T13:27:49.7971662Z   GH_VERSION: 
job-core	Get commit details	2025-04-24T13:27:49.7971826Z ##[endgroup]
job-core	Get commit details	2025-04-24T13:27:50.8169028Z https://github.com/Ka0s-Klaus/ka0s/issues/220#issuecomment-2827635329
job-core	Get commit details	2025-04-24T13:27:51.2945308Z Extracted RN Branch: H
job-core	Get commit details	2025-04-24T13:27:51.2946000Z Extracted RN Number: 220
job-core	Get version	ï»¿2025-04-24T13:27:51.2977620Z ##[group]Run if [ ! -f 0.0.113 ]; then echo "0.0.113" > version.txt; fi
job-core	Get version	2025-04-24T13:27:51.2977947Z [36;1mif [ ! -f 0.0.113 ]; then echo "0.0.113" > version.txt; fi[0m
job-core	Get version	2025-04-24T13:27:51.2978175Z [36;1mVERSION=0.0.113[0m
job-core	Get version	2025-04-24T13:27:51.2978378Z [36;1mIFS='.' read -r MAJOR MINOR PATCH <<< "$VERSION"[0m
job-core	Get version	2025-04-24T13:27:51.2978603Z [36;1mif [[ "H" =~ (H) ]]; then[0m
job-core	Get version	2025-04-24T13:27:51.2978797Z [36;1m  PATCH=$((PATCH + 1))[0m
job-core	Get version	2025-04-24T13:27:51.2978994Z [36;1melif [[ "H" =~ (F) ]]; then[0m
job-core	Get version	2025-04-24T13:27:51.2979183Z [36;1m  MINOR=$((MINOR + 1))[0m
job-core	Get version	2025-04-24T13:27:51.2979360Z [36;1m  PATCH=0[0m
job-core	Get version	2025-04-24T13:27:51.2979527Z [36;1melif [[ "H" =~ (RN) ]]; then[0m
job-core	Get version	2025-04-24T13:27:51.2979715Z [36;1m  MAJOR=$((MAJOR + 1))[0m
job-core	Get version	2025-04-24T13:27:51.2979890Z [36;1m  MINOR=0[0m
job-core	Get version	2025-04-24T13:27:51.2980081Z [36;1m  PATCH=0[0m
job-core	Get version	2025-04-24T13:27:51.2980238Z [36;1mfi[0m
job-core	Get version	2025-04-24T13:27:51.2980387Z [36;1m[0m
job-core	Get version	2025-04-24T13:27:51.2980548Z [36;1mNEW_VERSION="$MAJOR.$MINOR.$PATCH"[0m
job-core	Get version	2025-04-24T13:27:51.2980809Z [36;1mecho "VERSION=$NEW_VERSION" >> $GITHUB_OUTPUT[0m
job-core	Get version	2025-04-24T13:27:51.2981038Z [36;1mecho "GH_VERSION=$NEW_VERSION" >> $GITHUB_ENV[0m
job-core	Get version	2025-04-24T13:27:51.2985217Z shell: /usr/bin/bash -e {0}
job-core	Get version	2025-04-24T13:27:51.2985408Z env:
job-core	Get version	2025-04-24T13:27:51.2985576Z   KAOS_MODULE: [Ka0S] VERSION
job-core	Get version	2025-04-24T13:27:51.2985945Z   GH_TOKEN: ***
job-core	Get version	2025-04-24T13:27:51.2986114Z   PATH_RESUME: core/config/
job-core	Get version	2025-04-24T13:27:51.2986326Z   KAOS_REPO: /actions-runner/_work/kaos/kaos
job-core	Get version	2025-04-24T13:27:51.2986525Z   KAOS_STEP_MODULE: 
job-core	Get version	2025-04-24T13:27:51.2986694Z   KAOS_CODE: 14642843859
job-core	Get version	2025-04-24T13:27:51.2986892Z   GH_VERSION: 0.0.113
job-core	Get version	2025-04-24T13:27:51.2987069Z ##[endgroup]
job-core	Get changed files	ï»¿2025-04-24T13:27:51.3044939Z ##[group]Run CHANGED_FILES=$(git diff --name-only HEAD~1 | tr '\n' ' ')
job-core	Get changed files	2025-04-24T13:27:51.3045345Z [36;1mCHANGED_FILES=$(git diff --name-only HEAD~1 | tr '\n' ' ')[0m
job-core	Get changed files	2025-04-24T13:27:51.3045624Z [36;1mecho "CHANGED_FILES=$CHANGED_FILES" >> $GITHUB_OUTPUT[0m
job-core	Get changed files	2025-04-24T13:27:51.3049490Z shell: /usr/bin/bash -e {0}
job-core	Get changed files	2025-04-24T13:27:51.3049672Z env:
job-core	Get changed files	2025-04-24T13:27:51.3049830Z   KAOS_MODULE: [Ka0S] VERSION
job-core	Get changed files	2025-04-24T13:27:51.3050149Z   GH_TOKEN: ***
job-core	Get changed files	2025-04-24T13:27:51.3050314Z   PATH_RESUME: core/config/
job-core	Get changed files	2025-04-24T13:27:51.3050507Z   KAOS_REPO: /actions-runner/_work/kaos/kaos
job-core	Get changed files	2025-04-24T13:27:51.3050709Z   KAOS_STEP_MODULE: 
job-core	Get changed files	2025-04-24T13:27:51.3050876Z   KAOS_CODE: 14642843859
job-core	Get changed files	2025-04-24T13:27:51.3051042Z   GH_VERSION: 0.0.114
job-core	Get changed files	2025-04-24T13:27:51.3051211Z ##[endgroup]
job-core	Update changelog	ï»¿2025-04-24T13:27:51.3504730Z ##[group]Run echo "## Version 0.0.114" >> CHANGELOG.md
job-core	Update changelog	2025-04-24T13:27:51.3505060Z [36;1mecho "## Version 0.0.114" >> CHANGELOG.md[0m
job-core	Update changelog	2025-04-24T13:27:51.3505305Z [36;1mecho "- **Branch**: refs/pull/1130/merge" >> CHANGELOG.md[0m
job-core	Update changelog	2025-04-24T13:27:51.3505679Z [36;1mecho "- **Commit**: $(git log -1 --pretty=format:'%s' d3a34a7f30957fcad0f18342d00222c1516ae86b)" >> CHANGELOG.md[0m
job-core	Update changelog	2025-04-24T13:27:51.3506015Z [36;1mecho "- **Author**: jorgecg646" >> CHANGELOG.md[0m
job-core	Update changelog	2025-04-24T13:27:51.3506255Z [36;1mecho "- **Date**: $(date -u)" >> CHANGELOG.md[0m
job-core	Update changelog	2025-04-24T13:27:51.3506503Z [36;1mecho "- **Message**: H220 web de resultados" >> CHANGELOG.md[0m
job-core	Update changelog	2025-04-24T13:27:51.3506751Z [36;1mecho "- **Files Changed**:" >> CHANGELOG.md[0m
job-core	Update changelog	2025-04-24T13:27:51.3507243Z [36;1mfor file in .github/workflows/structure.yml core/results/k/event_data_14642828146.json core/results/k/event_data_14642828146.json.bak version.txt ; do echo "  - $file" >> CHANGELOG.md; done[0m
job-core	Update changelog	2025-04-24T13:27:51.3507837Z [36;1mecho "---------------------------------" >> CHANGELOG.md[0m
job-core	Update changelog	2025-04-24T13:27:51.3511939Z shell: /usr/bin/bash -e {0}
job-core	Update changelog	2025-04-24T13:27:51.3512130Z env:
job-core	Update changelog	2025-04-24T13:27:51.3512290Z   KAOS_MODULE: [Ka0S] VERSION
job-core	Update changelog	2025-04-24T13:27:51.3512860Z   GH_TOKEN: ***
job-core	Update changelog	2025-04-24T13:27:51.3513185Z   PATH_RESUME: core/config/
job-core	Update changelog	2025-04-24T13:27:51.3513577Z   KAOS_REPO: /actions-runner/_work/kaos/kaos
job-core	Update changelog	2025-04-24T13:27:51.3513827Z   KAOS_STEP_MODULE: 
job-core	Update changelog	2025-04-24T13:27:51.3514030Z   KAOS_CODE: 14642843859
job-core	Update changelog	2025-04-24T13:27:51.3514238Z   GH_VERSION: 0.0.114
job-core	Update changelog	2025-04-24T13:27:51.3514442Z   VERSION: 0.0.114
job-core	Update changelog	2025-04-24T13:27:51.3514836Z   CHANGE_FILES: .github/workflows/structure.yml core/results/k/event_data_14642828146.json core/results/k/event_data_14642828146.json.bak version.txt 
job-core	Update changelog	2025-04-24T13:27:51.3515224Z   NAME: jorgecg646
job-core	Update changelog	2025-04-24T13:27:51.3515389Z   EMAIL: jorgecg646@gmail.com
job-core	Update changelog	2025-04-24T13:27:51.3515566Z   MESSAGE: H220 web de resultados
job-core	Update changelog	2025-04-24T13:27:51.3515757Z ##[endgroup]
job-core	Push log, tag and index	ï»¿2025-04-24T13:27:51.3600461Z ##[group]Run git config --global user.name '***'
job-core	Push log, tag and index	2025-04-24T13:27:51.3600767Z [36;1mgit config --global user.name '***'[0m
job-core	Push log, tag and index	2025-04-24T13:27:51.3601015Z [36;1mgit config --global user.email '***'[0m
job-core	Push log, tag and index	2025-04-24T13:27:51.3601267Z [36;1mgit tag -a "0.0.114" -m "[Ka0S] VERSION NEW Ka0S version 0.0.114"[0m
job-core	Push log, tag and index	2025-04-24T13:27:51.3601506Z [36;1mgit push origin "0.0.114"[0m
job-core	Push log, tag and index	2025-04-24T13:27:51.3601743Z [36;1mif [ ! -f INDEX.md ]; then echo "# Version Index" > INDEX.md; fi[0m
job-core	Push log, tag and index	2025-04-24T13:27:51.3602056Z [36;1mecho "- **Version**: 0.0.114 - **Description**: H220 web de resultados" >> INDEX.md[0m
job-core	Push log, tag and index	2025-04-24T13:27:51.3602314Z [36;1mgit add *[0m
job-core	Push log, tag and index	2025-04-24T13:27:51.3602564Z [36;1mgit commit -m "[Ka0S] VERSION  Upload: CHANGELOG.md, INDEX.md with version 0.0.114"[0m
job-core	Push log, tag and index	2025-04-24T13:27:51.3602990Z [36;1mgit push origin HEAD:H220-web-de-resultados[0m
job-core	Push log, tag and index	2025-04-24T13:27:51.3607512Z shell: /usr/bin/bash -e {0}
job-core	Push log, tag and index	2025-04-24T13:27:51.3607716Z env:
job-core	Push log, tag and index	2025-04-24T13:27:51.3607880Z   KAOS_MODULE: [Ka0S] VERSION
job-core	Push log, tag and index	2025-04-24T13:27:51.3608195Z   GH_TOKEN: ***
job-core	Push log, tag and index	2025-04-24T13:27:51.3608357Z   PATH_RESUME: core/config/
job-core	Push log, tag and index	2025-04-24T13:27:51.3608546Z   KAOS_REPO: /actions-runner/_work/kaos/kaos
job-core	Push log, tag and index	2025-04-24T13:27:51.3608751Z   KAOS_STEP_MODULE: 
job-core	Push log, tag and index	2025-04-24T13:27:51.3608917Z   KAOS_CODE: 14642843859
job-core	Push log, tag and index	2025-04-24T13:27:51.3609085Z   GH_VERSION: 0.0.114
job-core	Push log, tag and index	2025-04-24T13:27:51.3609256Z   USER_NAME: ***
job-core	Push log, tag and index	2025-04-24T13:27:51.3609423Z   USER_EMAIL: ***
job-core	Push log, tag and index	2025-04-24T13:27:51.3609576Z ##[endgroup]
job-core	Push log, tag and index	2025-04-24T13:27:52.1155366Z To https://github.com/Ka0s-Klaus/ka0s
job-core	Push log, tag and index	2025-04-24T13:27:52.1155679Z  * [new tag]           0.0.114 -> 0.0.114
job-core	Push log, tag and index	2025-04-24T13:27:52.1729815Z [detached HEAD 7d7f6e88] [Ka0S] VERSION  Upload: CHANGELOG.md, INDEX.md with version 0.0.114
job-core	Push log, tag and index	2025-04-24T13:27:52.1730512Z  3 files changed, 14 insertions(+), 1 deletion(-)
job-core	Push log, tag and index	2025-04-24T13:27:52.9310593Z To https://github.com/Ka0s-Klaus/ka0s
job-core	Push log, tag and index	2025-04-24T13:27:52.9311026Z    d3a34a7f..7d7f6e88  HEAD -> H220-web-de-resultados
job-core	Post Checkout code	ï»¿2025-04-24T13:27:52.9395716Z Post job cleanup.
job-core	Post Checkout code	2025-04-24T13:27:53.0021528Z [command]/usr/bin/git version
job-core	Post Checkout code	2025-04-24T13:27:53.0052126Z git version 2.43.0
job-core	Post Checkout code	2025-04-24T13:27:53.0090964Z Copying '/home/kaos/.gitconfig' to '/actions-runner/_work/_temp/a192e4a8-76d4-48f5-a071-bb1b0aac0fa6/.gitconfig'
job-core	Post Checkout code	2025-04-24T13:27:53.0104908Z Temporarily overriding HOME='/actions-runner/_work/_temp/a192e4a8-76d4-48f5-a071-bb1b0aac0fa6' before making global git config changes
job-core	Post Checkout code	2025-04-24T13:27:53.0105737Z Adding repository directory to the temporary git global config as a safe directory
job-core	Post Checkout code	2025-04-24T13:27:53.0111096Z [command]/usr/bin/git config --global --add safe.directory /actions-runner/_work/ka0s/ka0s
job-core	Post Checkout code	2025-04-24T13:27:53.0139402Z [command]/usr/bin/git config --local --name-only --get-regexp core\.sshCommand
job-core	Post Checkout code	2025-04-24T13:27:53.0166869Z [command]/usr/bin/git submodule foreach --recursive sh -c "git config --local --name-only --get-regexp 'core\.sshCommand' && git config --local --unset-all 'core.sshCommand' || :"
job-core	Post Checkout code	2025-04-24T13:27:53.0398741Z [command]/usr/bin/git config --local --name-only --get-regexp http\.https\:\/\/github\.com\/\.extraheader
job-core	Post Checkout code	2025-04-24T13:27:53.0415429Z http.https://github.com/.extraheader
job-core	Post Checkout code	2025-04-24T13:27:53.0422985Z [command]/usr/bin/git config --local --unset-all http.https://github.com/.extraheader
job-core	Post Checkout code	2025-04-24T13:27:53.0448089Z [command]/usr/bin/git submodule foreach --recursive sh -c "git config --local --name-only --get-regexp 'http\.https\:\/\/github\.com\/\.extraheader' && git config --local --unset-all 'http.https://github.com/.extraheader' || :"
job-core	Complete job	ï»¿2025-04-24T13:27:53.0759162Z Evaluate and set job outputs
job-core	Complete job	2025-04-24T13:27:53.0763747Z Set output 'KAOS_BRANCH'
job-core	Complete job	2025-04-24T13:27:53.0765052Z Set output 'KAOS_NUMBER'
job-core	Complete job	2025-04-24T13:27:53.0765555Z Set output 'KAOS_VERSION'
job-core	Complete job	2025-04-24T13:27:53.0765962Z Set output 'KAOS_FILES'
job-core	Complete job	2025-04-24T13:27:53.0766157Z Set output 'AUTHOR_NAME'
job-core	Complete job	2025-04-24T13:27:53.0766351Z Set output 'AUTHOR_EMAIL'
job-core	Complete job	2025-04-24T13:27:53.0766555Z Set output 'COMMIT_MESSAGE'
job-core	Complete job	2025-04-24T13:27:53.0766915Z Cleaning up orphan processes
handle-success	Set up job	ï»¿2025-04-24T13:28:09.8031607Z Current runner version: '2.323.0'
handle-success	Set up job	2025-04-24T13:28:09.8035804Z Runner name: 'ka0s-10'
handle-success	Set up job	2025-04-24T13:28:09.8036360Z Machine name: '26a53205c9ac'
handle-success	Set up job	2025-04-24T13:28:09.8037793Z ##[group]GITHUB_TOKEN Permissions
handle-success	Set up job	2025-04-24T13:28:09.8039179Z Actions: write
handle-success	Set up job	2025-04-24T13:28:09.8039477Z Contents: write
handle-success	Set up job	2025-04-24T13:28:09.8039761Z Issues: write
handle-success	Set up job	2025-04-24T13:28:09.8040040Z Metadata: read
handle-success	Set up job	2025-04-24T13:28:09.8040307Z ##[endgroup]
handle-success	Set up job	2025-04-24T13:28:09.8041511Z Secret source: Actions
handle-success	Set up job	2025-04-24T13:28:09.8041868Z Prepare workflow directory
handle-success	Set up job	2025-04-24T13:28:09.8426999Z Prepare all required actions
handle-success	Set up job	2025-04-24T13:28:09.8464733Z Getting action download info
handle-success	Set up job	2025-04-24T13:28:10.3012014Z Download action repository 'actions/checkout@v4' (SHA:11bd71901bbe5b1630ceea73d27597364c9af683)
handle-success	Set up job	2025-04-24T13:28:10.9674344Z Complete job name: handle-success
handle-success	Checkout code	ï»¿2025-04-24T13:28:10.9987179Z ##[group]Run actions/checkout@v4
handle-success	Checkout code	2025-04-24T13:28:10.9987727Z with:
handle-success	Checkout code	2025-04-24T13:28:10.9988009Z   fetch-depth: 0
handle-success	Checkout code	2025-04-24T13:28:10.9988477Z   token: ***
handle-success	Checkout code	2025-04-24T13:28:10.9988805Z   repository: Ka0s-Klaus/ka0s
handle-success	Checkout code	2025-04-24T13:28:10.9989149Z   ssh-strict: true
handle-success	Checkout code	2025-04-24T13:28:10.9989439Z   ssh-user: git
handle-success	Checkout code	2025-04-24T13:28:10.9989730Z   persist-credentials: true
handle-success	Checkout code	2025-04-24T13:28:10.9990059Z   clean: true
handle-success	Checkout code	2025-04-24T13:28:10.9990358Z   sparse-checkout-cone-mode: true
handle-success	Checkout code	2025-04-24T13:28:10.9990714Z   fetch-tags: false
handle-success	Checkout code	2025-04-24T13:28:10.9991011Z   show-progress: true
handle-success	Checkout code	2025-04-24T13:28:10.9991302Z   lfs: false
handle-success	Checkout code	2025-04-24T13:28:10.9991575Z   submodules: false
handle-success	Checkout code	2025-04-24T13:28:10.9991888Z   set-safe-directory: true
handle-success	Checkout code	2025-04-24T13:28:10.9992313Z env:
handle-success	Checkout code	2025-04-24T13:28:10.9992582Z   KAOS_MODULE: [Ka0S] VERSION
handle-success	Checkout code	2025-04-24T13:28:10.9993005Z   GH_TOKEN: ***
handle-success	Checkout code	2025-04-24T13:28:10.9993331Z   PATH_RESUME: core/config/
handle-success	Checkout code	2025-04-24T13:28:10.9993688Z   KAOS_REPO: /actions-runner/_work/kaos/kaos
handle-success	Checkout code	2025-04-24T13:28:10.9994255Z   KAOS_STEP_MODULE: 
handle-success	Checkout code	2025-04-24T13:28:10.9994574Z   KAOS_CODE: 14642843859
handle-success	Checkout code	2025-04-24T13:28:10.9994887Z   GH_VERSION: 
handle-success	Checkout code	2025-04-24T13:28:10.9995161Z ##[endgroup]
handle-success	Checkout code	2025-04-24T13:28:11.0755842Z Syncing repository: Ka0s-Klaus/ka0s
handle-success	Checkout code	2025-04-24T13:28:11.0758005Z ##[group]Getting Git version info
handle-success	Checkout code	2025-04-24T13:28:11.0758875Z Working directory is '/actions-runner/_work/ka0s/ka0s'
handle-success	Checkout code	2025-04-24T13:28:11.0760182Z [command]/usr/bin/git version
handle-success	Checkout code	2025-04-24T13:28:11.0760850Z git version 2.43.0
handle-success	Checkout code	2025-04-24T13:28:11.0762913Z ##[endgroup]
handle-success	Checkout code	2025-04-24T13:28:11.0768478Z Copying '/home/kaos/.gitconfig' to '/actions-runner/_work/_temp/233d0a22-bdf1-43a3-8686-3e093698f9a3/.gitconfig'
handle-success	Checkout code	2025-04-24T13:28:11.0770478Z Temporarily overriding HOME='/actions-runner/_work/_temp/233d0a22-bdf1-43a3-8686-3e093698f9a3' before making global git config changes
handle-success	Checkout code	2025-04-24T13:28:11.0772375Z Adding repository directory to the temporary git global config as a safe directory
handle-success	Checkout code	2025-04-24T13:28:11.0773898Z [command]/usr/bin/git config --global --add safe.directory /actions-runner/_work/ka0s/ka0s
handle-success	Checkout code	2025-04-24T13:28:11.0833553Z [command]/usr/bin/git config --local --get remote.origin.url
handle-success	Checkout code	2025-04-24T13:28:11.0856061Z https://github.com/Ka0s-Klaus/ka0s
handle-success	Checkout code	2025-04-24T13:28:11.0875361Z ##[group]Removing previously created refs, to avoid conflicts
handle-success	Checkout code	2025-04-24T13:28:11.0878601Z [command]/usr/bin/git rev-parse --symbolic-full-name --verify --quiet HEAD
handle-success	Checkout code	2025-04-24T13:28:11.0896930Z refs/heads/H220-web-de-resultados
handle-success	Checkout code	2025-04-24T13:28:11.0903107Z [command]/usr/bin/git checkout --detach
handle-success	Checkout code	2025-04-24T13:28:11.0977643Z HEAD is now at 244a5153 AÃ±adir secciones a dashboard.html
handle-success	Checkout code	2025-04-24T13:28:11.1012018Z [command]/usr/bin/git branch --delete --force H220-web-de-resultados
handle-success	Checkout code	2025-04-24T13:28:11.1041720Z Deleted branch H220-web-de-resultados (was 244a5153).
handle-success	Checkout code	2025-04-24T13:28:11.1048099Z ##[endgroup]
handle-success	Checkout code	2025-04-24T13:28:11.1049401Z [command]/usr/bin/git submodule status
handle-success	Checkout code	2025-04-24T13:28:11.1275908Z ##[group]Cleaning the repository
handle-success	Checkout code	2025-04-24T13:28:11.1277682Z [command]/usr/bin/git clean -ffdx
handle-success	Checkout code	2025-04-24T13:28:11.1321745Z [command]/usr/bin/git reset --hard HEAD
handle-success	Checkout code	2025-04-24T13:28:11.1447958Z HEAD is now at 244a5153 AÃ±adir secciones a dashboard.html
handle-success	Checkout code	2025-04-24T13:28:11.1450163Z ##[endgroup]
handle-success	Checkout code	2025-04-24T13:28:11.1451361Z ##[group]Disabling automatic garbage collection
handle-success	Checkout code	2025-04-24T13:28:11.1457449Z [command]/usr/bin/git config --local gc.auto 0
handle-success	Checkout code	2025-04-24T13:28:11.1484733Z ##[endgroup]
handle-success	Checkout code	2025-04-24T13:28:11.1485402Z ##[group]Setting up auth
handle-success	Checkout code	2025-04-24T13:28:11.1493322Z [command]/usr/bin/git config --local --name-only --get-regexp core\.sshCommand
handle-success	Checkout code	2025-04-24T13:28:11.1518248Z [command]/usr/bin/git submodule foreach --recursive sh -c "git config --local --name-only --get-regexp 'core\.sshCommand' && git config --local --unset-all 'core.sshCommand' || :"
handle-success	Checkout code	2025-04-24T13:28:11.1753581Z [command]/usr/bin/git config --local --name-only --get-regexp http\.https\:\/\/github\.com\/\.extraheader
handle-success	Checkout code	2025-04-24T13:28:11.1780272Z [command]/usr/bin/git submodule foreach --recursive sh -c "git config --local --name-only --get-regexp 'http\.https\:\/\/github\.com\/\.extraheader' && git config --local --unset-all 'http.https://github.com/.extraheader' || :"
handle-success	Checkout code	2025-04-24T13:28:11.2008785Z [command]/usr/bin/git config --local http.https://github.com/.extraheader AUTHORIZATION: basic ***
handle-success	Checkout code	2025-04-24T13:28:11.2043562Z ##[endgroup]
handle-success	Checkout code	2025-04-24T13:28:11.2044567Z ##[group]Fetching the repository
handle-success	Checkout code	2025-04-24T13:28:11.2050863Z [command]/usr/bin/git -c protocol.version=2 fetch --prune --no-recurse-submodules origin +refs/heads/*:refs/remotes/origin/* +refs/tags/*:refs/tags/* +5af0b31a1caa95a05bd3457dd7313a1d63949e59:refs/remotes/pull/1130/merge
handle-success	Checkout code	2025-04-24T13:28:12.0992219Z From https://github.com/Ka0s-Klaus/ka0s
handle-success	Checkout code	2025-04-24T13:28:12.0993917Z    244a5153..7d7f6e88  H220-web-de-resultados -> origin/H220-web-de-resultados
handle-success	Checkout code	2025-04-24T13:28:12.0995063Z    ea813a82..65f30b72  main                   -> origin/main
handle-success	Checkout code	2025-04-24T13:28:12.0995940Z  * [new tag]           0.0.114                -> 0.0.114
handle-success	Checkout code	2025-04-24T13:28:12.0996932Z  * [new ref]           5af0b31a1caa95a05bd3457dd7313a1d63949e59 -> pull/1130/merge
handle-success	Checkout code	2025-04-24T13:28:12.1025989Z ##[endgroup]
handle-success	Checkout code	2025-04-24T13:28:12.1026927Z ##[group]Determining the checkout info
handle-success	Checkout code	2025-04-24T13:28:12.1028033Z ##[endgroup]
handle-success	Checkout code	2025-04-24T13:28:12.1029145Z [command]/usr/bin/git sparse-checkout disable
handle-success	Checkout code	2025-04-24T13:28:12.1080920Z [command]/usr/bin/git config --local --unset-all extensions.worktreeConfig
handle-success	Checkout code	2025-04-24T13:28:12.1102164Z ##[group]Checking out the ref
handle-success	Checkout code	2025-04-24T13:28:12.1103568Z [command]/usr/bin/git checkout --progress --force refs/remotes/pull/1130/merge
handle-success	Checkout code	2025-04-24T13:28:12.1243500Z Previous HEAD position was 244a5153 AÃ±adir secciones a dashboard.html
handle-success	Checkout code	2025-04-24T13:28:12.1245928Z HEAD is now at 5af0b31a Merge d3a34a7f30957fcad0f18342d00222c1516ae86b into ea813a8230ef964f1baf3e09256d9dae494b0f56
handle-success	Checkout code	2025-04-24T13:28:12.1249419Z ##[endgroup]
handle-success	Checkout code	2025-04-24T13:28:12.1277051Z [command]/usr/bin/git log -1 --format=%H
handle-success	Checkout code	2025-04-24T13:28:12.1302723Z 5af0b31a1caa95a05bd3457dd7313a1d63949e59
handle-success	handle-success-execution	ï»¿2025-04-24T13:28:12.1521691Z ##[group]Run # Si todo ha ido correcto aÃ±adimos el contenido del fichero 
handle-success	handle-success-execution	2025-04-24T13:28:12.1523197Z [36;1m# Si todo ha ido correcto aÃ±adimos el contenido del fichero [0m
handle-success	handle-success-execution	2025-04-24T13:28:12.1524871Z [36;1mRNNUMBER=$(echo "refs/pull/1130/merge" | grep -o '[0-9]*')[0m
handle-success	handle-success-execution	2025-04-24T13:28:12.1527241Z [36;1mgh issue comment $RNNUMBER --body "El proceso ha finalizado correctamente 14642843859. El resultado estÃ¡ en el fichero core/results/event_data_14642843859.log"[0m
handle-success	handle-success-execution	2025-04-24T13:28:12.1536786Z shell: /usr/bin/bash -e {0}
handle-success	handle-success-execution	2025-04-24T13:28:12.1537550Z env:
handle-success	handle-success-execution	2025-04-24T13:28:12.1538146Z   KAOS_MODULE: [Ka0S] VERSION
handle-success	handle-success-execution	2025-04-24T13:28:12.1539241Z   GH_TOKEN: ***
handle-success	handle-success-execution	2025-04-24T13:28:12.1539891Z   PATH_RESUME: core/config/
handle-success	handle-success-execution	2025-04-24T13:28:12.1540687Z   KAOS_REPO: /actions-runner/_work/kaos/kaos
handle-success	handle-success-execution	2025-04-24T13:28:12.1541581Z   KAOS_STEP_MODULE: 
handle-success	handle-success-execution	2025-04-24T13:28:12.1542238Z   KAOS_CODE: 14642843859
handle-success	handle-success-execution	2025-04-24T13:28:12.1542915Z   GH_VERSION: 
handle-success	handle-success-execution	2025-04-24T13:28:12.1543570Z ##[endgroup]
handle-success	handle-success-execution	2025-04-24T13:28:13.1409262Z https://github.com/Ka0s-Klaus/ka0s/pull/1130#issuecomment-2827636363
handle-success	Post Checkout code	ï»¿2025-04-24T13:28:13.1479275Z Post job cleanup.
handle-success	Post Checkout code	2025-04-24T13:28:13.2088223Z [command]/usr/bin/git version
handle-success	Post Checkout code	2025-04-24T13:28:13.2113245Z git version 2.43.0
handle-success	Post Checkout code	2025-04-24T13:28:13.2136995Z Copying '/home/kaos/.gitconfig' to '/actions-runner/_work/_temp/b6be67d0-f046-416c-8978-975966d07376/.gitconfig'
handle-success	Post Checkout code	2025-04-24T13:28:13.2146047Z Temporarily overriding HOME='/actions-runner/_work/_temp/b6be67d0-f046-416c-8978-975966d07376' before making global git config changes
handle-success	Post Checkout code	2025-04-24T13:28:13.2146619Z Adding repository directory to the temporary git global config as a safe directory
handle-success	Post Checkout code	2025-04-24T13:28:13.2155772Z [command]/usr/bin/git config --global --add safe.directory /actions-runner/_work/ka0s/ka0s
handle-success	Post Checkout code	2025-04-24T13:28:13.2238094Z [command]/usr/bin/git config --local --name-only --get-regexp core\.sshCommand
handle-success	Post Checkout code	2025-04-24T13:28:13.2261786Z [command]/usr/bin/git submodule foreach --recursive sh -c "git config --local --name-only --get-regexp 'core\.sshCommand' && git config --local --unset-all 'core.sshCommand' || :"
handle-success	Post Checkout code	2025-04-24T13:28:13.2489167Z [command]/usr/bin/git config --local --name-only --get-regexp http\.https\:\/\/github\.com\/\.extraheader
handle-success	Post Checkout code	2025-04-24T13:28:13.2511889Z http.https://github.com/.extraheader
handle-success	Post Checkout code	2025-04-24T13:28:13.2524074Z [command]/usr/bin/git config --local --unset-all http.https://github.com/.extraheader
handle-success	Post Checkout code	2025-04-24T13:28:13.2558367Z [command]/usr/bin/git submodule foreach --recursive sh -c "git config --local --name-only --get-regexp 'http\.https\:\/\/github\.com\/\.extraheader' && git config --local --unset-all 'http.https://github.com/.extraheader' || :"
handle-success	Complete job	ï»¿2025-04-24T13:28:13.2887174Z Cleaning up orphan processes
end-workflow	Set up job	ï»¿2025-04-24T13:28:20.3968400Z Current runner version: '2.323.0'
end-workflow	Set up job	2025-04-24T13:28:20.3972213Z Runner name: 'ka0s-9'
end-workflow	Set up job	2025-04-24T13:28:20.3972759Z Machine name: '26a53205c9ac'
end-workflow	Set up job	2025-04-24T13:28:20.3974401Z ##[group]GITHUB_TOKEN Permissions
end-workflow	Set up job	2025-04-24T13:28:20.3975839Z Actions: write
end-workflow	Set up job	2025-04-24T13:28:20.3976159Z Contents: write
end-workflow	Set up job	2025-04-24T13:28:20.3976465Z Issues: write
end-workflow	Set up job	2025-04-24T13:28:20.3976744Z Metadata: read
end-workflow	Set up job	2025-04-24T13:28:20.3977027Z ##[endgroup]
end-workflow	Set up job	2025-04-24T13:28:20.3978235Z Secret source: Actions
end-workflow	Set up job	2025-04-24T13:28:20.3978605Z Prepare workflow directory
end-workflow	Set up job	2025-04-24T13:28:20.4357944Z Prepare all required actions
end-workflow	Set up job	2025-04-24T13:28:20.4384440Z Getting action download info
end-workflow	Set up job	2025-04-24T13:28:20.8665557Z Download action repository 'actions/checkout@v4' (SHA:11bd71901bbe5b1630ceea73d27597364c9af683)
end-workflow	Set up job	2025-04-24T13:28:21.5868825Z Complete job name: end-workflow
end-workflow	Checkout code	ï»¿2025-04-24T13:28:21.6161307Z ##[group]Run actions/checkout@v4
end-workflow	Checkout code	2025-04-24T13:28:21.6161778Z with:
end-workflow	Checkout code	2025-04-24T13:28:21.6162022Z   fetch-depth: 0
end-workflow	Checkout code	2025-04-24T13:28:21.6162422Z   token: ***
end-workflow	Checkout code	2025-04-24T13:28:21.6162707Z   repository: Ka0s-Klaus/ka0s
end-workflow	Checkout code	2025-04-24T13:28:21.6163014Z   ssh-strict: true
end-workflow	Checkout code	2025-04-24T13:28:21.6163321Z   ssh-user: git
end-workflow	Checkout code	2025-04-24T13:28:21.6163583Z   persist-credentials: true
end-workflow	Checkout code	2025-04-24T13:28:21.6163877Z   clean: true
end-workflow	Checkout code	2025-04-24T13:28:21.6164138Z   sparse-checkout-cone-mode: true
end-workflow	Checkout code	2025-04-24T13:28:21.6164450Z   fetch-tags: false
end-workflow	Checkout code	2025-04-24T13:28:21.6164710Z   show-progress: true
end-workflow	Checkout code	2025-04-24T13:28:21.6164977Z   lfs: false
end-workflow	Checkout code	2025-04-24T13:28:21.6165216Z   submodules: false
end-workflow	Checkout code	2025-04-24T13:28:21.6165485Z   set-safe-directory: true
end-workflow	Checkout code	2025-04-24T13:28:21.6165863Z env:
end-workflow	Checkout code	2025-04-24T13:28:21.6166104Z   KAOS_MODULE: [Ka0S] VERSION
end-workflow	Checkout code	2025-04-24T13:28:21.6166481Z   GH_TOKEN: ***
end-workflow	Checkout code	2025-04-24T13:28:21.6166741Z   PATH_RESUME: core/config/
end-workflow	Checkout code	2025-04-24T13:28:21.6167058Z   KAOS_REPO: /actions-runner/_work/kaos/kaos
end-workflow	Checkout code	2025-04-24T13:28:21.6167409Z   KAOS_STEP_MODULE: 
end-workflow	Checkout code	2025-04-24T13:28:21.6167690Z   KAOS_CODE: 14642843859
end-workflow	Checkout code	2025-04-24T13:28:21.6167967Z   GH_VERSION: 
end-workflow	Checkout code	2025-04-24T13:28:21.6168214Z ##[endgroup]
end-workflow	Checkout code	2025-04-24T13:28:21.6872084Z Syncing repository: Ka0s-Klaus/ka0s
end-workflow	Checkout code	2025-04-24T13:28:21.6873250Z ##[group]Getting Git version info
end-workflow	Checkout code	2025-04-24T13:28:21.6873715Z Working directory is '/actions-runner/_work/ka0s/ka0s'
end-workflow	Checkout code	2025-04-24T13:28:21.6874341Z [command]/usr/bin/git version
end-workflow	Checkout code	2025-04-24T13:28:21.6875295Z git version 2.43.0
end-workflow	Checkout code	2025-04-24T13:28:21.6902696Z ##[endgroup]
end-workflow	Checkout code	2025-04-24T13:28:21.6920901Z Copying '/home/kaos/.gitconfig' to '/actions-runner/_work/_temp/da685971-12ad-4ae2-82f1-34f38ae6ed44/.gitconfig'
end-workflow	Checkout code	2025-04-24T13:28:21.6936831Z Temporarily overriding HOME='/actions-runner/_work/_temp/da685971-12ad-4ae2-82f1-34f38ae6ed44' before making global git config changes
end-workflow	Checkout code	2025-04-24T13:28:21.6938098Z Adding repository directory to the temporary git global config as a safe directory
end-workflow	Checkout code	2025-04-24T13:28:21.6941321Z [command]/usr/bin/git config --global --add safe.directory /actions-runner/_work/ka0s/ka0s
end-workflow	Checkout code	2025-04-24T13:28:21.7037854Z [command]/usr/bin/git config --local --get remote.origin.url
end-workflow	Checkout code	2025-04-24T13:28:21.7058249Z https://github.com/Ka0s-Klaus/ka0s
end-workflow	Checkout code	2025-04-24T13:28:21.7077237Z ##[group]Removing previously created refs, to avoid conflicts
end-workflow	Checkout code	2025-04-24T13:28:21.7081909Z [command]/usr/bin/git rev-parse --symbolic-full-name --verify --quiet HEAD
end-workflow	Checkout code	2025-04-24T13:28:21.7102525Z refs/heads/H220-web-de-resultados
end-workflow	Checkout code	2025-04-24T13:28:21.7113841Z [command]/usr/bin/git checkout --detach
end-workflow	Checkout code	2025-04-24T13:28:21.7193597Z HEAD is now at 244a5153 AÃ±adir secciones a dashboard.html
end-workflow	Checkout code	2025-04-24T13:28:21.7231179Z [command]/usr/bin/git branch --delete --force H220-web-de-resultados
end-workflow	Checkout code	2025-04-24T13:28:21.7267950Z Deleted branch H220-web-de-resultados (was 244a5153).
end-workflow	Checkout code	2025-04-24T13:28:21.7273717Z ##[endgroup]
end-workflow	Checkout code	2025-04-24T13:28:21.7279566Z [command]/usr/bin/git submodule status
end-workflow	Checkout code	2025-04-24T13:28:21.7511692Z ##[group]Cleaning the repository
end-workflow	Checkout code	2025-04-24T13:28:21.7512632Z [command]/usr/bin/git clean -ffdx
end-workflow	Checkout code	2025-04-24T13:28:21.7557607Z [command]/usr/bin/git reset --hard HEAD
end-workflow	Checkout code	2025-04-24T13:28:21.7680934Z HEAD is now at 244a5153 AÃ±adir secciones a dashboard.html
end-workflow	Checkout code	2025-04-24T13:28:21.7683210Z ##[endgroup]
end-workflow	Checkout code	2025-04-24T13:28:21.7684178Z ##[group]Disabling automatic garbage collection
end-workflow	Checkout code	2025-04-24T13:28:21.7688966Z [command]/usr/bin/git config --local gc.auto 0
end-workflow	Checkout code	2025-04-24T13:28:21.7715969Z ##[endgroup]
end-workflow	Checkout code	2025-04-24T13:28:21.7716785Z ##[group]Setting up auth
end-workflow	Checkout code	2025-04-24T13:28:21.7725357Z [command]/usr/bin/git config --local --name-only --get-regexp core\.sshCommand
end-workflow	Checkout code	2025-04-24T13:28:21.7747799Z [command]/usr/bin/git submodule foreach --recursive sh -c "git config --local --name-only --get-regexp 'core\.sshCommand' && git config --local --unset-all 'core.sshCommand' || :"
end-workflow	Checkout code	2025-04-24T13:28:21.7976417Z [command]/usr/bin/git config --local --name-only --get-regexp http\.https\:\/\/github\.com\/\.extraheader
end-workflow	Checkout code	2025-04-24T13:28:21.8000644Z [command]/usr/bin/git submodule foreach --recursive sh -c "git config --local --name-only --get-regexp 'http\.https\:\/\/github\.com\/\.extraheader' && git config --local --unset-all 'http.https://github.com/.extraheader' || :"
end-workflow	Checkout code	2025-04-24T13:28:21.8228290Z [command]/usr/bin/git config --local http.https://github.com/.extraheader AUTHORIZATION: basic ***
end-workflow	Checkout code	2025-04-24T13:28:21.8266133Z ##[endgroup]
end-workflow	Checkout code	2025-04-24T13:28:21.8266952Z ##[group]Fetching the repository
end-workflow	Checkout code	2025-04-24T13:28:21.8270154Z [command]/usr/bin/git -c protocol.version=2 fetch --prune --no-recurse-submodules origin +refs/heads/*:refs/remotes/origin/* +refs/tags/*:refs/tags/* +5af0b31a1caa95a05bd3457dd7313a1d63949e59:refs/remotes/pull/1130/merge
end-workflow	Checkout code	2025-04-24T13:28:22.6145532Z From https://github.com/Ka0s-Klaus/ka0s
end-workflow	Checkout code	2025-04-24T13:28:22.6147290Z    244a5153..7d7f6e88  H220-web-de-resultados -> origin/H220-web-de-resultados
end-workflow	Checkout code	2025-04-24T13:28:22.6148856Z    ea813a82..65f30b72  main                   -> origin/main
end-workflow	Checkout code	2025-04-24T13:28:22.6150087Z  * [new tag]           0.0.114                -> 0.0.114
end-workflow	Checkout code	2025-04-24T13:28:22.6151649Z  * [new ref]           5af0b31a1caa95a05bd3457dd7313a1d63949e59 -> pull/1130/merge
end-workflow	Checkout code	2025-04-24T13:28:22.6196341Z ##[endgroup]
end-workflow	Checkout code	2025-04-24T13:28:22.6197776Z ##[group]Determining the checkout info
end-workflow	Checkout code	2025-04-24T13:28:22.6199370Z ##[endgroup]
end-workflow	Checkout code	2025-04-24T13:28:22.6200448Z [command]/usr/bin/git sparse-checkout disable
end-workflow	Checkout code	2025-04-24T13:28:22.6247559Z [command]/usr/bin/git config --local --unset-all extensions.worktreeConfig
end-workflow	Checkout code	2025-04-24T13:28:22.6274014Z ##[group]Checking out the ref
end-workflow	Checkout code	2025-04-24T13:28:22.6276195Z [command]/usr/bin/git checkout --progress --force refs/remotes/pull/1130/merge
end-workflow	Checkout code	2025-04-24T13:28:22.6413437Z Previous HEAD position was 244a5153 AÃ±adir secciones a dashboard.html
end-workflow	Checkout code	2025-04-24T13:28:22.6416395Z HEAD is now at 5af0b31a Merge d3a34a7f30957fcad0f18342d00222c1516ae86b into ea813a8230ef964f1baf3e09256d9dae494b0f56
end-workflow	Checkout code	2025-04-24T13:28:22.6438317Z ##[endgroup]
end-workflow	Checkout code	2025-04-24T13:28:22.6457435Z [command]/usr/bin/git log -1 --format=%H
end-workflow	Checkout code	2025-04-24T13:28:22.6485685Z 5af0b31a1caa95a05bd3457dd7313a1d63949e59
end-workflow	Finaliza el workflow	ï»¿2025-04-24T13:28:22.6688729Z ##[group]Run echo "End process"
end-workflow	Finaliza el workflow	2025-04-24T13:28:22.6689607Z [36;1mecho "End process"[0m
end-workflow	Finaliza el workflow	2025-04-24T13:28:22.6690590Z [36;1mRNNUMBER=$(echo "refs/pull/1130/merge" | grep -o '[0-9]*')[0m
end-workflow	Finaliza el workflow	2025-04-24T13:28:22.6691972Z [36;1mgh issue comment $RNNUMBER --body "Se finaliza Ka0s 14642843859"[0m
end-workflow	Finaliza el workflow	2025-04-24T13:28:22.6694021Z [36;1mgh workflow run inspector.yml --ref 'main' -f kaos-issue-id=$RNNUMBER -f kaos-workflow-id="14642843859" -f kaos-user-start=""[0m
end-workflow	Finaliza el workflow	2025-04-24T13:28:22.6702205Z shell: /usr/bin/bash -e {0}
end-workflow	Finaliza el workflow	2025-04-24T13:28:22.6703161Z env:
end-workflow	Finaliza el workflow	2025-04-24T13:28:22.6703808Z   KAOS_MODULE: [Ka0S] VERSION
end-workflow	Finaliza el workflow	2025-04-24T13:28:22.6704829Z   GH_TOKEN: ***
end-workflow	Finaliza el workflow	2025-04-24T13:28:22.6705433Z   PATH_RESUME: core/config/
end-workflow	Finaliza el workflow	2025-04-24T13:28:22.6706204Z   KAOS_REPO: /actions-runner/_work/kaos/kaos
end-workflow	Finaliza el workflow	2025-04-24T13:28:22.6707053Z   KAOS_STEP_MODULE: 
end-workflow	Finaliza el workflow	2025-04-24T13:28:22.6707698Z   KAOS_CODE: 14642843859
end-workflow	Finaliza el workflow	2025-04-24T13:28:22.6708366Z   GH_VERSION: 
end-workflow	Finaliza el workflow	2025-04-24T13:28:22.6708942Z ##[endgroup]
end-workflow	Finaliza el workflow	2025-04-24T13:28:22.6752076Z End process
end-workflow	Finaliza el workflow	2025-04-24T13:28:23.6872894Z https://github.com/Ka0s-Klaus/ka0s/pull/1130#issuecomment-2827636878
end-workflow	Post Checkout code	ï»¿2025-04-24T13:28:24.2513001Z Post job cleanup.
end-workflow	Post Checkout code	2025-04-24T13:28:24.3132540Z [command]/usr/bin/git version
end-workflow	Post Checkout code	2025-04-24T13:28:24.3161648Z git version 2.43.0
end-workflow	Post Checkout code	2025-04-24T13:28:24.3201503Z Copying '/home/kaos/.gitconfig' to '/actions-runner/_work/_temp/c41ebf01-f3e3-4208-9993-fa56fce33fa6/.gitconfig'
end-workflow	Post Checkout code	2025-04-24T13:28:24.3213236Z Temporarily overriding HOME='/actions-runner/_work/_temp/c41ebf01-f3e3-4208-9993-fa56fce33fa6' before making global git config changes
end-workflow	Post Checkout code	2025-04-24T13:28:24.3214000Z Adding repository directory to the temporary git global config as a safe directory
end-workflow	Post Checkout code	2025-04-24T13:28:24.3219788Z [command]/usr/bin/git config --global --add safe.directory /actions-runner/_work/ka0s/ka0s
end-workflow	Post Checkout code	2025-04-24T13:28:24.3312508Z [command]/usr/bin/git config --local --name-only --get-regexp core\.sshCommand
end-workflow	Post Checkout code	2025-04-24T13:28:24.3339933Z [command]/usr/bin/git submodule foreach --recursive sh -c "git config --local --name-only --get-regexp 'core\.sshCommand' && git config --local --unset-all 'core.sshCommand' || :"
end-workflow	Post Checkout code	2025-04-24T13:28:24.3567434Z [command]/usr/bin/git config --local --name-only --get-regexp http\.https\:\/\/github\.com\/\.extraheader
end-workflow	Post Checkout code	2025-04-24T13:28:24.3587705Z http.https://github.com/.extraheader
end-workflow	Post Checkout code	2025-04-24T13:28:24.3600178Z [command]/usr/bin/git config --local --unset-all http.https://github.com/.extraheader
end-workflow	Post Checkout code	2025-04-24T13:28:24.3630946Z [command]/usr/bin/git submodule foreach --recursive sh -c "git config --local --name-only --get-regexp 'http\.https\:\/\/github\.com\/\.extraheader' && git config --local --unset-all 'http.https://github.com/.extraheader' || :"
end-workflow	Complete job	ï»¿2025-04-24T13:28:24.3941059Z Cleaning up orphan processes
