job-core	Set up job	ï»¿2025-04-25T09:03:40.3030394Z Current runner version: '2.323.0'
job-core	Set up job	2025-04-25T09:03:40.3034579Z Runner name: 'ka0s-8'
job-core	Set up job	2025-04-25T09:03:40.3035145Z Machine name: '26a53205c9ac'
job-core	Set up job	2025-04-25T09:03:40.3036553Z ##[group]GITHUB_TOKEN Permissions
job-core	Set up job	2025-04-25T09:03:40.3038012Z Contents: read
job-core	Set up job	2025-04-25T09:03:40.3038335Z Metadata: read
job-core	Set up job	2025-04-25T09:03:40.3038635Z Packages: read
job-core	Set up job	2025-04-25T09:03:40.3038933Z ##[endgroup]
job-core	Set up job	2025-04-25T09:03:40.3040171Z Secret source: Actions
job-core	Set up job	2025-04-25T09:03:40.3040561Z Prepare workflow directory
job-core	Set up job	2025-04-25T09:03:40.3414416Z Prepare all required actions
job-core	Set up job	2025-04-25T09:03:40.3440513Z Getting action download info
job-core	Set up job	2025-04-25T09:03:40.7925666Z Download action repository 'actions/checkout@v4' (SHA:11bd71901bbe5b1630ceea73d27597364c9af683)
job-core	Set up job	2025-04-25T09:03:41.5877741Z Complete job name: job-core
job-core	Checkout code	ï»¿2025-04-25T09:03:41.6209432Z ##[group]Run actions/checkout@v4
job-core	Checkout code	2025-04-25T09:03:41.6210097Z with:
job-core	Checkout code	2025-04-25T09:03:41.6210428Z   fetch-depth: 0
job-core	Checkout code	2025-04-25T09:03:41.6210954Z   token: ***
job-core	Checkout code	2025-04-25T09:03:41.6211303Z   repository: Ka0s-Klaus/ka0s
job-core	Checkout code	2025-04-25T09:03:41.6211742Z   ssh-strict: true
job-core	Checkout code	2025-04-25T09:03:41.6212084Z   ssh-user: git
job-core	Checkout code	2025-04-25T09:03:41.6212434Z   persist-credentials: true
job-core	Checkout code	2025-04-25T09:03:41.6212819Z   clean: true
job-core	Checkout code	2025-04-25T09:03:41.6213159Z   sparse-checkout-cone-mode: true
job-core	Checkout code	2025-04-25T09:03:41.6213582Z   fetch-tags: false
job-core	Checkout code	2025-04-25T09:03:41.6213935Z   show-progress: true
job-core	Checkout code	2025-04-25T09:03:41.6214295Z   lfs: false
job-core	Checkout code	2025-04-25T09:03:41.6214907Z   submodules: false
job-core	Checkout code	2025-04-25T09:03:41.6215386Z   set-safe-directory: true
job-core	Checkout code	2025-04-25T09:03:41.6215975Z env:
job-core	Checkout code	2025-04-25T09:03:41.6216357Z   KAOS_CODE: 14660962513
job-core	Checkout code	2025-04-25T09:03:41.6216727Z   KAOS_EVENT_NAME: push
job-core	Checkout code	2025-04-25T09:03:41.6217085Z   KAOS_ACTION: 
job-core	Checkout code	2025-04-25T09:03:41.6217450Z   KAOS_REF: refs/heads/H220-web-de-resultados
job-core	Checkout code	2025-04-25T09:03:41.6217925Z   KAOS_MODULE: [Ka0S] kaos
job-core	Checkout code	2025-04-25T09:03:41.6218338Z   KAOS_PATH_RESUME: core/results/k/
job-core	Checkout code	2025-04-25T09:03:41.6218781Z   KAOS_JSON: core/results/k/event_data_
job-core	Checkout code	2025-04-25T09:03:41.6219220Z   KAOS_ACTOR: jh0ny2k2
job-core	Checkout code	2025-04-25T09:03:41.6219589Z   GITHUB_OUTPUT: 
job-core	Checkout code	2025-04-25T09:03:41.6219915Z ##[endgroup]
job-core	Checkout code	2025-04-25T09:03:41.6942699Z Syncing repository: Ka0s-Klaus/ka0s
job-core	Checkout code	2025-04-25T09:03:41.6944466Z ##[group]Getting Git version info
job-core	Checkout code	2025-04-25T09:03:41.6945328Z Working directory is '/actions-runner/_work/ka0s/ka0s'
job-core	Checkout code	2025-04-25T09:03:41.6946440Z [command]/usr/bin/git version
job-core	Checkout code	2025-04-25T09:03:41.6946917Z git version 2.43.0
job-core	Checkout code	2025-04-25T09:03:41.6948289Z ##[endgroup]
job-core	Checkout code	2025-04-25T09:03:41.6953707Z Copying '/home/kaos/.gitconfig' to '/actions-runner/_work/_temp/5305306b-752f-4a84-a021-aa04fef9052c/.gitconfig'
job-core	Checkout code	2025-04-25T09:03:41.6967046Z Temporarily overriding HOME='/actions-runner/_work/_temp/5305306b-752f-4a84-a021-aa04fef9052c' before making global git config changes
job-core	Checkout code	2025-04-25T09:03:41.6968541Z Adding repository directory to the temporary git global config as a safe directory
job-core	Checkout code	2025-04-25T09:03:41.6969675Z [command]/usr/bin/git config --global --add safe.directory /actions-runner/_work/ka0s/ka0s
job-core	Checkout code	2025-04-25T09:03:41.7061291Z [command]/usr/bin/git config --local --get remote.origin.url
job-core	Checkout code	2025-04-25T09:03:41.7079019Z https://github.com/Ka0s-Klaus/ka0s
job-core	Checkout code	2025-04-25T09:03:41.7093273Z ##[group]Removing previously created refs, to avoid conflicts
job-core	Checkout code	2025-04-25T09:03:41.7095141Z [command]/usr/bin/git rev-parse --symbolic-full-name --verify --quiet HEAD
job-core	Checkout code	2025-04-25T09:03:41.7116994Z refs/heads/H220-web-de-resultados
job-core	Checkout code	2025-04-25T09:03:41.7121932Z [command]/usr/bin/git checkout --detach
job-core	Checkout code	2025-04-25T09:03:41.7211583Z HEAD is now at 9861004d merge
job-core	Checkout code	2025-04-25T09:03:41.7252208Z [command]/usr/bin/git branch --delete --force H220-web-de-resultados
job-core	Checkout code	2025-04-25T09:03:41.7282736Z Deleted branch H220-web-de-resultados (was 9861004d).
job-core	Checkout code	2025-04-25T09:03:41.7332079Z ##[endgroup]
job-core	Checkout code	2025-04-25T09:03:41.7332866Z [command]/usr/bin/git submodule status
job-core	Checkout code	2025-04-25T09:03:41.7569634Z ##[group]Cleaning the repository
job-core	Checkout code	2025-04-25T09:03:41.7573618Z [command]/usr/bin/git clean -ffdx
job-core	Checkout code	2025-04-25T09:03:41.7633953Z [command]/usr/bin/git reset --hard HEAD
job-core	Checkout code	2025-04-25T09:03:41.7775904Z HEAD is now at 9861004d merge
job-core	Checkout code	2025-04-25T09:03:41.7778913Z ##[endgroup]
job-core	Checkout code	2025-04-25T09:03:41.7779917Z ##[group]Disabling automatic garbage collection
job-core	Checkout code	2025-04-25T09:03:41.7783069Z [command]/usr/bin/git config --local gc.auto 0
job-core	Checkout code	2025-04-25T09:03:41.7810660Z ##[endgroup]
job-core	Checkout code	2025-04-25T09:03:41.7811724Z ##[group]Setting up auth
job-core	Checkout code	2025-04-25T09:03:41.7821886Z [command]/usr/bin/git config --local --name-only --get-regexp core\.sshCommand
job-core	Checkout code	2025-04-25T09:03:41.7843539Z [command]/usr/bin/git submodule foreach --recursive sh -c "git config --local --name-only --get-regexp 'core\.sshCommand' && git config --local --unset-all 'core.sshCommand' || :"
job-core	Checkout code	2025-04-25T09:03:41.8078539Z [command]/usr/bin/git config --local --name-only --get-regexp http\.https\:\/\/github\.com\/\.extraheader
job-core	Checkout code	2025-04-25T09:03:41.8105460Z [command]/usr/bin/git submodule foreach --recursive sh -c "git config --local --name-only --get-regexp 'http\.https\:\/\/github\.com\/\.extraheader' && git config --local --unset-all 'http.https://github.com/.extraheader' || :"
job-core	Checkout code	2025-04-25T09:03:41.8352784Z [command]/usr/bin/git config --local http.https://github.com/.extraheader AUTHORIZATION: basic ***
job-core	Checkout code	2025-04-25T09:03:41.8389693Z ##[endgroup]
job-core	Checkout code	2025-04-25T09:03:41.8390804Z ##[group]Fetching the repository
job-core	Checkout code	2025-04-25T09:03:41.8394295Z [command]/usr/bin/git -c protocol.version=2 fetch --prune --no-recurse-submodules origin +refs/heads/*:refs/remotes/origin/* +refs/tags/*:refs/tags/*
job-core	Checkout code	2025-04-25T09:03:42.5903639Z From https://github.com/Ka0s-Klaus/ka0s
job-core	Checkout code	2025-04-25T09:03:42.5905201Z    9861004d..9d80d9f1  H220-web-de-resultados -> origin/H220-web-de-resultados
job-core	Checkout code	2025-04-25T09:03:42.5906729Z    cf460c05..892e8cc6  main                   -> origin/main
job-core	Checkout code	2025-04-25T09:03:42.5942298Z [command]/usr/bin/git branch --list --remote origin/H220-web-de-resultados
job-core	Checkout code	2025-04-25T09:03:42.5967232Z   origin/H220-web-de-resultados
job-core	Checkout code	2025-04-25T09:03:42.5975376Z [command]/usr/bin/git rev-parse refs/remotes/origin/H220-web-de-resultados
job-core	Checkout code	2025-04-25T09:03:42.5998709Z 9d80d9f1d36a2c28e7b5233e13c59968b94c71d7
job-core	Checkout code	2025-04-25T09:03:42.6003578Z ##[endgroup]
job-core	Checkout code	2025-04-25T09:03:42.6005202Z ##[group]Determining the checkout info
job-core	Checkout code	2025-04-25T09:03:42.6006989Z ##[endgroup]
job-core	Checkout code	2025-04-25T09:03:42.6009776Z [command]/usr/bin/git sparse-checkout disable
job-core	Checkout code	2025-04-25T09:03:42.6066919Z [command]/usr/bin/git config --local --unset-all extensions.worktreeConfig
job-core	Checkout code	2025-04-25T09:03:42.6096455Z ##[group]Checking out the ref
job-core	Checkout code	2025-04-25T09:03:42.6099419Z [command]/usr/bin/git checkout --progress --force -B H220-web-de-resultados refs/remotes/origin/H220-web-de-resultados
job-core	Checkout code	2025-04-25T09:03:42.6255448Z Previous HEAD position was 9861004d merge
job-core	Checkout code	2025-04-25T09:03:42.6257263Z Switched to a new branch 'H220-web-de-resultados'
job-core	Checkout code	2025-04-25T09:03:42.6259385Z branch 'H220-web-de-resultados' set up to track 'origin/H220-web-de-resultados'.
job-core	Checkout code	2025-04-25T09:03:42.6263558Z ##[endgroup]
job-core	Checkout code	2025-04-25T09:03:42.6298814Z [command]/usr/bin/git log -1 --format=%H
job-core	Checkout code	2025-04-25T09:03:42.6324120Z 9d80d9f1d36a2c28e7b5233e13c59968b94c71d7
job-core	Validate file extensions	ï»¿2025-04-25T09:03:42.6503401Z ##[group]Run # Nueva ejecuciÃ³n
job-core	Validate file extensions	2025-04-25T09:03:42.6504477Z [36;1m# Nueva ejecuciÃ³n[0m
job-core	Validate file extensions	2025-04-25T09:03:42.6505781Z [36;1mRNNUMBER=$(echo "H220-web-de-resultados" | grep -o '[0-9]*')[0m
job-core	Validate file extensions	2025-04-25T09:03:42.6507290Z [36;1mgh issue comment $RNNUMBER --body "Se inicia Ka0s 14660962513 "[0m
job-core	Validate file extensions	2025-04-25T09:03:42.6515842Z shell: /usr/bin/bash -e {0}
job-core	Validate file extensions	2025-04-25T09:03:42.6516659Z env:
job-core	Validate file extensions	2025-04-25T09:03:42.6517233Z   KAOS_CODE: 14660962513
job-core	Validate file extensions	2025-04-25T09:03:42.6517920Z   KAOS_EVENT_NAME: push
job-core	Validate file extensions	2025-04-25T09:03:42.6518581Z   KAOS_ACTION: 
job-core	Validate file extensions	2025-04-25T09:03:42.6519247Z   KAOS_REF: refs/heads/H220-web-de-resultados
job-core	Validate file extensions	2025-04-25T09:03:42.6520111Z   KAOS_MODULE: [Ka0S] kaos
job-core	Validate file extensions	2025-04-25T09:03:42.6520840Z   KAOS_PATH_RESUME: core/results/k/
job-core	Validate file extensions	2025-04-25T09:03:42.6521649Z   KAOS_JSON: core/results/k/event_data_
job-core	Validate file extensions	2025-04-25T09:03:42.6522449Z   KAOS_ACTOR: jh0ny2k2
job-core	Validate file extensions	2025-04-25T09:03:42.6523096Z   GITHUB_OUTPUT: 
job-core	Validate file extensions	2025-04-25T09:03:42.6524261Z   GH_TOKEN: ***
job-core	Validate file extensions	2025-04-25T09:03:42.6524924Z ##[endgroup]
job-core	Validate file extensions	2025-04-25T09:03:43.7081771Z https://github.com/Ka0s-Klaus/ka0s/issues/220#issuecomment-2829810740
job-core	Crear JSON	ï»¿2025-04-25T09:03:43.7129377Z ##[group]Run # Create JSON structure using proper bash syntax
job-core	Crear JSON	2025-04-25T09:03:43.7129773Z [36;1m# Create JSON structure using proper bash syntax[0m
job-core	Crear JSON	2025-04-25T09:03:43.7130059Z [36;1mcat > core/results/k/event_data_14660962513.json << EOF[0m
job-core	Crear JSON	2025-04-25T09:03:43.7130302Z [36;1m{[0m
job-core	Crear JSON	2025-04-25T09:03:43.7130487Z [36;1m  "event_type": "push",[0m
job-core	Crear JSON	2025-04-25T09:03:43.7130737Z [36;1m  "trigger_branch": "refs/heads/H220-web-de-resultados",[0m
job-core	Crear JSON	2025-04-25T09:03:43.7131019Z [36;1m  "timestamp": "$(date -u +"%Y-%m-%dT%H:%M:%SZ")",[0m
job-core	Crear JSON	2025-04-25T09:03:43.7131256Z [36;1m  "author": {[0m
job-core	Crear JSON	2025-04-25T09:03:43.7131453Z [36;1m    "name": "jh0ny2k2",[0m
job-core	Crear JSON	2025-04-25T09:03:43.7131695Z [36;1m    "email": "117847861+jh0ny2k2@users.noreply.github.com"[0m
job-core	Crear JSON	2025-04-25T09:03:43.7131939Z [36;1m  },[0m
job-core	Crear JSON	2025-04-25T09:03:43.7132118Z [36;1m  "commits": [],[0m
job-core	Crear JSON	2025-04-25T09:03:43.7132307Z [36;1m  "files": [][0m
job-core	Crear JSON	2025-04-25T09:03:43.7132488Z [36;1m}[0m
job-core	Crear JSON	2025-04-25T09:03:43.7132691Z [36;1mEOF[0m
job-core	Crear JSON	2025-04-25T09:03:43.7132894Z [36;1m[0m
job-core	Crear JSON	2025-04-25T09:03:43.7133080Z [36;1m# Add commits if this is a push event[0m
job-core	Crear JSON	2025-04-25T09:03:43.7133312Z [36;1mif [[ "push" == "push" ]]; then[0m
job-core	Crear JSON	2025-04-25T09:03:43.7133541Z [36;1m  # Create a temporary file for commits[0m
job-core	Crear JSON	2025-04-25T09:03:43.7133770Z [36;1m  TEMP_COMMITS=$(mktemp)[0m
job-core	Crear JSON	2025-04-25T09:03:43.7133979Z [36;1m  echo "[" > "$TEMP_COMMITS"[0m
job-core	Crear JSON	2025-04-25T09:03:43.7134366Z [36;1m  [0m
job-core	Crear JSON	2025-04-25T09:03:43.7134836Z [36;1m  # Process each commit[0m
job-core	Crear JSON	2025-04-25T09:03:43.7135086Z [36;1m  FIRST=true[0m
job-core	Crear JSON	2025-04-25T09:03:43.7135337Z [36;1m  while IFS= read -r commit; do[0m
job-core	Crear JSON	2025-04-25T09:03:43.7135618Z [36;1m    if [ "$FIRST" = true ]; then[0m
job-core	Crear JSON	2025-04-25T09:03:43.7135882Z [36;1m      FIRST=false[0m
job-core	Crear JSON	2025-04-25T09:03:43.7136104Z [36;1m    else[0m
job-core	Crear JSON	2025-04-25T09:03:43.7136338Z [36;1m      echo "," >> "$TEMP_COMMITS"[0m
job-core	Crear JSON	2025-04-25T09:03:43.7136657Z [36;1m    fi[0m
job-core	Crear JSON	2025-04-25T09:03:43.7136961Z [36;1m    git log -1 --pretty=format:'{"sha":"%H","author":"%an","email":"%ae","date":"%aI","message":"%s"}' "$commit" >> "$TEMP_COMMITS"[0m
job-core	Crear JSON	2025-04-25T09:03:43.7137439Z [36;1m  done < <(git rev-list 25cfb8c286b724b471ade2fa51925eb030cd2d4f..9d80d9f1d36a2c28e7b5233e13c59968b94c71d7)[0m
job-core	Crear JSON	2025-04-25T09:03:43.7137798Z [36;1m  echo "]" >> "$TEMP_COMMITS"[0m
job-core	Crear JSON	2025-04-25T09:03:43.7138002Z [36;1m  [0m
job-core	Crear JSON	2025-04-25T09:03:43.7138186Z [36;1m  # Insert commits into main JSON[0m
job-core	Crear JSON	2025-04-25T09:03:43.7138512Z [36;1m  sed -i.bak -e '/"commits": \[/r '$TEMP_COMMITS'' -e '/"commits": \[/d' core/results/k/event_data_14660962513.json[0m
job-core	Crear JSON	2025-04-25T09:03:43.7138822Z [36;1m  rm "$TEMP_COMMITS"[0m
job-core	Crear JSON	2025-04-25T09:03:43.7139014Z [36;1m[0m
job-core	Crear JSON	2025-04-25T09:03:43.7139181Z [36;1m  # Add changed files[0m
job-core	Crear JSON	2025-04-25T09:03:43.7139379Z [36;1m  TEMP_FILES=$(mktemp)[0m
job-core	Crear JSON	2025-04-25T09:03:43.7139580Z [36;1m  echo "[" > "$TEMP_FILES"[0m
job-core	Crear JSON	2025-04-25T09:03:43.7139782Z [36;1m  FIRST=true[0m
job-core	Crear JSON	2025-04-25T09:03:43.7139972Z [36;1m  while IFS= read -r file; do[0m
job-core	Crear JSON	2025-04-25T09:03:43.7140204Z [36;1m    if [ "$FIRST" = true ]; then[0m
job-core	Crear JSON	2025-04-25T09:03:43.7140417Z [36;1m      FIRST=false[0m
job-core	Crear JSON	2025-04-25T09:03:43.7140603Z [36;1m    else[0m
job-core	Crear JSON	2025-04-25T09:03:43.7140785Z [36;1m      echo "," >> "$TEMP_FILES"[0m
job-core	Crear JSON	2025-04-25T09:03:43.7140985Z [36;1m    fi[0m
job-core	Crear JSON	2025-04-25T09:03:43.7141170Z [36;1m    echo "\"$file\"" >> "$TEMP_FILES"[0m
job-core	Crear JSON	2025-04-25T09:03:43.7141532Z [36;1m  done < <(git diff --name-only 25cfb8c286b724b471ade2fa51925eb030cd2d4f 9d80d9f1d36a2c28e7b5233e13c59968b94c71d7)[0m
job-core	Crear JSON	2025-04-25T09:03:43.7141878Z [36;1m  echo "]" >> "$TEMP_FILES"[0m
job-core	Crear JSON	2025-04-25T09:03:43.7142078Z [36;1m  [0m
job-core	Crear JSON	2025-04-25T09:03:43.7142254Z [36;1m  # Insert files into main JSON[0m
job-core	Crear JSON	2025-04-25T09:03:43.7142550Z [36;1m  sed -i.bak -e '/"files": \[/r '$TEMP_FILES'' -e '/"files": \[/d' core/results/k/event_data_14660962513.json[0m
job-core	Crear JSON	2025-04-25T09:03:43.7142841Z [36;1m  rm "$TEMP_FILES"[0m
job-core	Crear JSON	2025-04-25T09:03:43.7143062Z [36;1melif [[ "push" == "pull_request" ]]; then[0m
job-core	Crear JSON	2025-04-25T09:03:43.7143422Z [36;1m  # Add pull request information[0m
job-core	Crear JSON	2025-04-25T09:03:43.7143735Z [36;1m  TEMP_PR=$(mktemp)[0m
job-core	Crear JSON	2025-04-25T09:03:43.7144160Z [36;1m  cat > "$TEMP_PR" << EOF[0m
job-core	Crear JSON	2025-04-25T09:03:43.7144375Z [36;1m  ,"pull_request": {[0m
job-core	Crear JSON	2025-04-25T09:03:43.7144846Z [36;1m    "action": "",[0m
job-core	Crear JSON	2025-04-25T09:03:43.7145191Z [36;1m    "number": "",[0m
job-core	Crear JSON	2025-04-25T09:03:43.7145432Z [36;1m    "title": ""[0m
job-core	Crear JSON	2025-04-25T09:03:43.7145750Z [36;1m  }[0m
job-core	Crear JSON	2025-04-25T09:03:43.7145966Z [36;1mEOF[0m
job-core	Crear JSON	2025-04-25T09:03:43.7146276Z [36;1m  sed -i.bak -e '/}$/r '$TEMP_PR'' core/results/k/event_data_14660962513.json[0m
job-core	Crear JSON	2025-04-25T09:03:43.7146558Z [36;1m  rm "$TEMP_PR"[0m
job-core	Crear JSON	2025-04-25T09:03:43.7146769Z [36;1melif [[ "push" == "issues" ]]; then[0m
job-core	Crear JSON	2025-04-25T09:03:43.7146994Z [36;1m  # Add issue information[0m
job-core	Crear JSON	2025-04-25T09:03:43.7147205Z [36;1m  TEMP_ISSUE=$(mktemp)[0m
job-core	Crear JSON	2025-04-25T09:03:43.7147412Z [36;1m  cat > "$TEMP_ISSUE" << EOF[0m
job-core	Crear JSON	2025-04-25T09:03:43.7147621Z [36;1m  ,"issue": {[0m
job-core	Crear JSON	2025-04-25T09:03:43.7147813Z [36;1m    "action": "",[0m
job-core	Crear JSON	2025-04-25T09:03:43.7148007Z [36;1m    "number": "",[0m
job-core	Crear JSON	2025-04-25T09:03:43.7148197Z [36;1m    "title": ""[0m
job-core	Crear JSON	2025-04-25T09:03:43.7148378Z [36;1m  }[0m
job-core	Crear JSON	2025-04-25T09:03:43.7148545Z [36;1mEOF[0m
job-core	Crear JSON	2025-04-25T09:03:43.7148777Z [36;1m  sed -i.bak -e '/}$/r '$TEMP_ISSUE'' core/results/k/event_data_14660962513.json[0m
job-core	Crear JSON	2025-04-25T09:03:43.7149041Z [36;1m  rm "$TEMP_ISSUE"[0m
job-core	Crear JSON	2025-04-25T09:03:43.7149233Z [36;1mfi[0m
job-core	Crear JSON	2025-04-25T09:03:43.7149398Z [36;1m[0m
job-core	Crear JSON	2025-04-25T09:03:43.7149579Z [36;1m# Store the file path for later use[0m
job-core	Crear JSON	2025-04-25T09:03:43.7149857Z [36;1mINVOLVED=core/results/k/files-in-commit-$KAOS_CODE_FILES.txt[0m
job-core	Crear JSON	2025-04-25T09:03:43.7150147Z [36;1mecho "INVOLVED=$INVOLVED" >> $GITHUB_ENV[0m
job-core	Crear JSON	2025-04-25T09:03:43.7155076Z shell: /usr/bin/bash -e {0}
job-core	Crear JSON	2025-04-25T09:03:43.7155424Z env:
job-core	Crear JSON	2025-04-25T09:03:43.7155639Z   KAOS_CODE: 14660962513
job-core	Crear JSON	2025-04-25T09:03:43.7155882Z   KAOS_EVENT_NAME: push
job-core	Crear JSON	2025-04-25T09:03:43.7156102Z   KAOS_ACTION: 
job-core	Crear JSON	2025-04-25T09:03:43.7156324Z   KAOS_REF: refs/heads/H220-web-de-resultados
job-core	Crear JSON	2025-04-25T09:03:43.7156557Z   KAOS_MODULE: [Ka0S] kaos
job-core	Crear JSON	2025-04-25T09:03:43.7156759Z   KAOS_PATH_RESUME: core/results/k/
job-core	Crear JSON	2025-04-25T09:03:43.7156998Z   KAOS_JSON: core/results/k/event_data_
job-core	Crear JSON	2025-04-25T09:03:43.7157208Z   KAOS_ACTOR: jh0ny2k2
job-core	Crear JSON	2025-04-25T09:03:43.7157392Z   GITHUB_OUTPUT: 
job-core	Crear JSON	2025-04-25T09:03:43.7157569Z ##[endgroup]
job-core	Upload Files	ï»¿2025-04-25T09:03:43.7498115Z ##[group]Run echo "Uploading files to the repository..."
job-core	Upload Files	2025-04-25T09:03:43.7498704Z [36;1mecho "Uploading files to the repository..."[0m
job-core	Upload Files	2025-04-25T09:03:43.7499380Z [36;1mgit config --global user.name "***"[0m
job-core	Upload Files	2025-04-25T09:03:43.7499882Z [36;1mgit config --global user.email "***"[0m
job-core	Upload Files	2025-04-25T09:03:43.7500268Z [36;1mgit pull[0m
job-core	Upload Files	2025-04-25T09:03:43.7500596Z [36;1mgit add core/results/k/event_data_*[0m
job-core	Upload Files	2025-04-25T09:03:43.7501122Z [36;1mgit commit -m "[Ka0S] Uploading resume execution files to the repository..."[0m
job-core	Upload Files	2025-04-25T09:03:43.7501697Z [36;1mgit push origin refs/heads/H220-web-de-resultados [0m
job-core	Upload Files	2025-04-25T09:03:43.7509649Z shell: /usr/bin/bash -e {0}
job-core	Upload Files	2025-04-25T09:03:43.7509896Z env:
job-core	Upload Files	2025-04-25T09:03:43.7510079Z   KAOS_CODE: 14660962513
job-core	Upload Files	2025-04-25T09:03:43.7510273Z   KAOS_EVENT_NAME: push
job-core	Upload Files	2025-04-25T09:03:43.7510462Z   KAOS_ACTION: 
job-core	Upload Files	2025-04-25T09:03:43.7510659Z   KAOS_REF: refs/heads/H220-web-de-resultados
job-core	Upload Files	2025-04-25T09:03:43.7510889Z   KAOS_MODULE: [Ka0S] kaos
job-core	Upload Files	2025-04-25T09:03:43.7511131Z   KAOS_PATH_RESUME: core/results/k/
job-core	Upload Files	2025-04-25T09:03:43.7511348Z   KAOS_JSON: core/results/k/event_data_
job-core	Upload Files	2025-04-25T09:03:43.7511556Z   KAOS_ACTOR: jh0ny2k2
job-core	Upload Files	2025-04-25T09:03:43.7511741Z   GITHUB_OUTPUT: 
job-core	Upload Files	2025-04-25T09:03:43.7511945Z   INVOLVED: core/results/k/files-in-commit-.txt
job-core	Upload Files	2025-04-25T09:03:43.7512172Z ##[endgroup]
job-core	Upload Files	2025-04-25T09:03:43.7534418Z Uploading files to the repository...
job-core	Upload Files	2025-04-25T09:03:44.2350068Z Already up to date.
job-core	Upload Files	2025-04-25T09:03:44.2569283Z [H220-web-de-resultados 4bf0bb5a] [Ka0S] Uploading resume execution files to the repository...
job-core	Upload Files	2025-04-25T09:03:44.2569928Z  2 files changed, 40 insertions(+)
job-core	Upload Files	2025-04-25T09:03:44.2570445Z  create mode 100644 core/results/k/event_data_14660962513.json
job-core	Upload Files	2025-04-25T09:03:44.2570773Z  create mode 100644 core/results/k/event_data_14660962513.json.bak
job-core	Upload Files	2025-04-25T09:03:45.0853291Z To https://github.com/Ka0s-Klaus/ka0s
job-core	Upload Files	2025-04-25T09:03:45.0853798Z    9d80d9f1..4bf0bb5a  H220-web-de-resultados -> H220-web-de-resultados
job-core	Run git diff --name-only 25cfb8c286b724b471ade2fa51925eb030cd2d4f 9d80d9f1d36a2c28e7b5233e13c59968b94c71d7 > files-in-commit.txt	ï»¿2025-04-25T09:03:45.0911955Z ##[group]Run git diff --name-only 25cfb8c286b724b471ade2fa51925eb030cd2d4f 9d80d9f1d36a2c28e7b5233e13c59968b94c71d7 > files-in-commit.txt
job-core	Run git diff --name-only 25cfb8c286b724b471ade2fa51925eb030cd2d4f 9d80d9f1d36a2c28e7b5233e13c59968b94c71d7 > files-in-commit.txt	2025-04-25T09:03:45.0912565Z [36;1mgit diff --name-only 25cfb8c286b724b471ade2fa51925eb030cd2d4f 9d80d9f1d36a2c28e7b5233e13c59968b94c71d7 > files-in-commit.txt[0m
job-core	Run git diff --name-only 25cfb8c286b724b471ade2fa51925eb030cd2d4f 9d80d9f1d36a2c28e7b5233e13c59968b94c71d7 > files-in-commit.txt	2025-04-25T09:03:45.0912921Z [36;1mcat files-in-commit.txt[0m
job-core	Run git diff --name-only 25cfb8c286b724b471ade2fa51925eb030cd2d4f 9d80d9f1d36a2c28e7b5233e13c59968b94c71d7 > files-in-commit.txt	2025-04-25T09:03:45.0913122Z [36;1m# Nuevo proceso de activacion de los modulos[0m
job-core	Run git diff --name-only 25cfb8c286b724b471ade2fa51925eb030cd2d4f 9d80d9f1d36a2c28e7b5233e13c59968b94c71d7 > files-in-commit.txt	2025-04-25T09:03:45.0913326Z [36;1mwhile IFS= read -r line; do[0m
job-core	Run git diff --name-only 25cfb8c286b724b471ade2fa51925eb030cd2d4f 9d80d9f1d36a2c28e7b5233e13c59968b94c71d7 > files-in-commit.txt	2025-04-25T09:03:45.0913518Z [36;1m  # Skip files in core/outputs directory[0m
job-core	Run git diff --name-only 25cfb8c286b724b471ade2fa51925eb030cd2d4f 9d80d9f1d36a2c28e7b5233e13c59968b94c71d7 > files-in-commit.txt	2025-04-25T09:03:45.0913763Z [36;1m  if [[ "$line" == core/outputs/* || "$line" == core/results/* ]]; then[0m
job-core	Run git diff --name-only 25cfb8c286b724b471ade2fa51925eb030cd2d4f 9d80d9f1d36a2c28e7b5233e13c59968b94c71d7 > files-in-commit.txt	2025-04-25T09:03:45.0914015Z [36;1m    echo "Skipping file in outputs directory: $line"[0m
job-core	Run git diff --name-only 25cfb8c286b724b471ade2fa51925eb030cd2d4f 9d80d9f1d36a2c28e7b5233e13c59968b94c71d7 > files-in-commit.txt	2025-04-25T09:03:45.0914221Z [36;1m    continue[0m
job-core	Run git diff --name-only 25cfb8c286b724b471ade2fa51925eb030cd2d4f 9d80d9f1d36a2c28e7b5233e13c59968b94c71d7 > files-in-commit.txt	2025-04-25T09:03:45.0914510Z [36;1m  fi[0m
job-core	Run git diff --name-only 25cfb8c286b724b471ade2fa51925eb030cd2d4f 9d80d9f1d36a2c28e7b5233e13c59968b94c71d7 > files-in-commit.txt	2025-04-25T09:03:45.0914911Z [36;1m  echo "I Leemos el fichero files-in-commit.txt y extraemos el fichero $line"[0m
job-core	Run git diff --name-only 25cfb8c286b724b471ade2fa51925eb030cd2d4f 9d80d9f1d36a2c28e7b5233e13c59968b94c71d7 > files-in-commit.txt	2025-04-25T09:03:45.0915255Z [36;1m  module_failed=0[0m
job-core	Run git diff --name-only 25cfb8c286b724b471ade2fa51925eb030cd2d4f 9d80d9f1d36a2c28e7b5233e13c59968b94c71d7 > files-in-commit.txt	2025-04-25T09:03:45.0915460Z [36;1m  extension_failed=0[0m
job-core	Run git diff --name-only 25cfb8c286b724b471ade2fa51925eb030cd2d4f 9d80d9f1d36a2c28e7b5233e13c59968b94c71d7 > files-in-commit.txt	2025-04-25T09:03:45.0915671Z [36;1m  file_name=$(basename "$line")[0m
job-core	Run git diff --name-only 25cfb8c286b724b471ade2fa51925eb030cd2d4f 9d80d9f1d36a2c28e7b5233e13c59968b94c71d7 > files-in-commit.txt	2025-04-25T09:03:45.0915953Z [36;1m  echo "I-1 Calculamos el nombre del fichero $file_name"[0m
job-core	Run git diff --name-only 25cfb8c286b724b471ade2fa51925eb030cd2d4f 9d80d9f1d36a2c28e7b5233e13c59968b94c71d7 > files-in-commit.txt	2025-04-25T09:03:45.0916174Z [36;1m  file_extension="${file_name##*.}"[0m
job-core	Run git diff --name-only 25cfb8c286b724b471ade2fa51925eb030cd2d4f 9d80d9f1d36a2c28e7b5233e13c59968b94c71d7 > files-in-commit.txt	2025-04-25T09:03:45.0916618Z [36;1m  echo "I-2 Calculamos la extension del fichero $file_extension"[0m
job-core	Run git diff --name-only 25cfb8c286b724b471ade2fa51925eb030cd2d4f 9d80d9f1d36a2c28e7b5233e13c59968b94c71d7 > files-in-commit.txt	2025-04-25T09:03:45.0916859Z [36;1m  file_module="$file_extension""lint.yml"[0m
job-core	Run git diff --name-only 25cfb8c286b724b471ade2fa51925eb030cd2d4f 9d80d9f1d36a2c28e7b5233e13c59968b94c71d7 > files-in-commit.txt	2025-04-25T09:03:45.0917072Z [36;1m  echo "I-3 Calculamos el modulo $file_module"[0m
job-core	Run git diff --name-only 25cfb8c286b724b471ade2fa51925eb030cd2d4f 9d80d9f1d36a2c28e7b5233e13c59968b94c71d7 > files-in-commit.txt	2025-04-25T09:03:45.0917291Z [36;1m  IFS=',' read -r -a file_array <<< "$files"[0m
job-core	Run git diff --name-only 25cfb8c286b724b471ade2fa51925eb030cd2d4f 9d80d9f1d36a2c28e7b5233e13c59968b94c71d7 > files-in-commit.txt	2025-04-25T09:03:45.0917489Z [36;1m  for file in "${file_array[@]}"; do[0m
job-core	Run git diff --name-only 25cfb8c286b724b471ade2fa51925eb030cd2d4f 9d80d9f1d36a2c28e7b5233e13c59968b94c71d7 > files-in-commit.txt	2025-04-25T09:03:45.0917684Z [36;1m    echo "II Leemos el array de $file"[0m
job-core	Run git diff --name-only 25cfb8c286b724b471ade2fa51925eb030cd2d4f 9d80d9f1d36a2c28e7b5233e13c59968b94c71d7 > files-in-commit.txt	2025-04-25T09:03:45.0917884Z [36;1m    if [[ "$file_extension" == "$file" ]]; then[0m
job-core	Run git diff --name-only 25cfb8c286b724b471ade2fa51925eb030cd2d4f 9d80d9f1d36a2c28e7b5233e13c59968b94c71d7 > files-in-commit.txt	2025-04-25T09:03:45.0918116Z [36;1m      echo "III Comprobamos si $file_extension es igual a $file"[0m
job-core	Run git diff --name-only 25cfb8c286b724b471ade2fa51925eb030cd2d4f 9d80d9f1d36a2c28e7b5233e13c59968b94c71d7 > files-in-commit.txt	2025-04-25T09:03:45.0918359Z [36;1m      IFS=',' read -r -a module_array <<< "$modules"[0m
job-core	Run git diff --name-only 25cfb8c286b724b471ade2fa51925eb030cd2d4f 9d80d9f1d36a2c28e7b5233e13c59968b94c71d7 > files-in-commit.txt	2025-04-25T09:03:45.0918567Z [36;1m      for module in "${module_array[@]}"; do[0m
job-core	Run git diff --name-only 25cfb8c286b724b471ade2fa51925eb030cd2d4f 9d80d9f1d36a2c28e7b5233e13c59968b94c71d7 > files-in-commit.txt	2025-04-25T09:03:45.0918764Z [36;1m        echo "IV Leemos el array $module"[0m
job-core	Run git diff --name-only 25cfb8c286b724b471ade2fa51925eb030cd2d4f 9d80d9f1d36a2c28e7b5233e13c59968b94c71d7 > files-in-commit.txt	2025-04-25T09:03:45.0918959Z [36;1m        if [[ "$file_module" == *"$module"* ]]; then[0m
job-core	Run git diff --name-only 25cfb8c286b724b471ade2fa51925eb030cd2d4f 9d80d9f1d36a2c28e7b5233e13c59968b94c71d7 > files-in-commit.txt	2025-04-25T09:03:45.0919220Z [36;1m          echo "V Comprobamos que el $file_module es igual a $module y ejecutamos el flujo"[0m
job-core	Run git diff --name-only 25cfb8c286b724b471ade2fa51925eb030cd2d4f 9d80d9f1d36a2c28e7b5233e13c59968b94c71d7 > files-in-commit.txt	2025-04-25T09:03:45.0919508Z [36;1m          # Si hemos llegado hasta aquÃ­ ejecutamos el mÃ³dulo[0m
job-core	Run git diff --name-only 25cfb8c286b724b471ade2fa51925eb030cd2d4f 9d80d9f1d36a2c28e7b5233e13c59968b94c71d7 > files-in-commit.txt	2025-04-25T09:03:45.0919725Z [36;1m          # Lanzamos el lint del fichero[0m
job-core	Run git diff --name-only 25cfb8c286b724b471ade2fa51925eb030cd2d4f 9d80d9f1d36a2c28e7b5233e13c59968b94c71d7 > files-in-commit.txt	2025-04-25T09:03:45.0919978Z [36;1m          RNNUMBER=$(echo "refs/heads/H220-web-de-resultados" | grep -o '[0-9]*')[0m
job-core	Run git diff --name-only 25cfb8c286b724b471ade2fa51925eb030cd2d4f 9d80d9f1d36a2c28e7b5233e13c59968b94c71d7 > files-in-commit.txt	2025-04-25T09:03:45.0920241Z [36;1m          echo "El numero de la issue es: $RNNUMBER"[0m
job-core	Run git diff --name-only 25cfb8c286b724b471ade2fa51925eb030cd2d4f 9d80d9f1d36a2c28e7b5233e13c59968b94c71d7 > files-in-commit.txt	2025-04-25T09:03:45.0920666Z [36;1m          gh workflow run $file_module --ref refs/heads/H220-web-de-resultados -f kaos-origin=14660962513 -f kaos-files=$line -f kaos-issue-id=$RNNUMBER -f kaos-user-start=jh0ny2k2[0m
job-core	Run git diff --name-only 25cfb8c286b724b471ade2fa51925eb030cd2d4f 9d80d9f1d36a2c28e7b5233e13c59968b94c71d7 > files-in-commit.txt	2025-04-25T09:03:45.0921071Z [36;1m          module_failed=0[0m
job-core	Run git diff --name-only 25cfb8c286b724b471ade2fa51925eb030cd2d4f 9d80d9f1d36a2c28e7b5233e13c59968b94c71d7 > files-in-commit.txt	2025-04-25T09:03:45.0921244Z [36;1m          extension_failed=0[0m
job-core	Run git diff --name-only 25cfb8c286b724b471ade2fa51925eb030cd2d4f 9d80d9f1d36a2c28e7b5233e13c59968b94c71d7 > files-in-commit.txt	2025-04-25T09:03:45.0921409Z [36;1m          break[0m
job-core	Run git diff --name-only 25cfb8c286b724b471ade2fa51925eb030cd2d4f 9d80d9f1d36a2c28e7b5233e13c59968b94c71d7 > files-in-commit.txt	2025-04-25T09:03:45.0921557Z [36;1m        else[0m
job-core	Run git diff --name-only 25cfb8c286b724b471ade2fa51925eb030cd2d4f 9d80d9f1d36a2c28e7b5233e13c59968b94c71d7 > files-in-commit.txt	2025-04-25T09:03:45.0921737Z [36;1m          # Control de si existe el modulo para esa extension"[0m
job-core	Run git diff --name-only 25cfb8c286b724b471ade2fa51925eb030cd2d4f 9d80d9f1d36a2c28e7b5233e13c59968b94c71d7 > files-in-commit.txt	2025-04-25T09:03:45.0922028Z [36;1m          echo "VI No es igual $file_module a $module y lo indicamos en la variable module_failed=1"[0m
job-core	Run git diff --name-only 25cfb8c286b724b471ade2fa51925eb030cd2d4f 9d80d9f1d36a2c28e7b5233e13c59968b94c71d7 > files-in-commit.txt	2025-04-25T09:03:45.0922388Z [36;1m          module_failed=1[0m
job-core	Run git diff --name-only 25cfb8c286b724b471ade2fa51925eb030cd2d4f 9d80d9f1d36a2c28e7b5233e13c59968b94c71d7 > files-in-commit.txt	2025-04-25T09:03:45.0922551Z [36;1m        fi[0m
job-core	Run git diff --name-only 25cfb8c286b724b471ade2fa51925eb030cd2d4f 9d80d9f1d36a2c28e7b5233e13c59968b94c71d7 > files-in-commit.txt	2025-04-25T09:03:45.0922692Z [36;1m      done[0m
job-core	Run git diff --name-only 25cfb8c286b724b471ade2fa51925eb030cd2d4f 9d80d9f1d36a2c28e7b5233e13c59968b94c71d7 > files-in-commit.txt	2025-04-25T09:03:45.0922830Z [36;1m      break[0m
job-core	Run git diff --name-only 25cfb8c286b724b471ade2fa51925eb030cd2d4f 9d80d9f1d36a2c28e7b5233e13c59968b94c71d7 > files-in-commit.txt	2025-04-25T09:03:45.0922970Z [36;1m    else[0m
job-core	Run git diff --name-only 25cfb8c286b724b471ade2fa51925eb030cd2d4f 9d80d9f1d36a2c28e7b5233e13c59968b94c71d7 > files-in-commit.txt	2025-04-25T09:03:45.0923148Z [36;1m      # Control de si existe el modulo para esa extension"[0m
job-core	Run git diff --name-only 25cfb8c286b724b471ade2fa51925eb030cd2d4f 9d80d9f1d36a2c28e7b5233e13c59968b94c71d7 > files-in-commit.txt	2025-04-25T09:03:45.0923452Z [36;1m      echo "VII No es igual $file_extension a $file y lo indicamos en la variable extension_failed=1"[0m
job-core	Run git diff --name-only 25cfb8c286b724b471ade2fa51925eb030cd2d4f 9d80d9f1d36a2c28e7b5233e13c59968b94c71d7 > files-in-commit.txt	2025-04-25T09:03:45.0923803Z [36;1m      extension_failed=1[0m
job-core	Run git diff --name-only 25cfb8c286b724b471ade2fa51925eb030cd2d4f 9d80d9f1d36a2c28e7b5233e13c59968b94c71d7 > files-in-commit.txt	2025-04-25T09:03:45.0924104Z [36;1m    fi  [0m
job-core	Run git diff --name-only 25cfb8c286b724b471ade2fa51925eb030cd2d4f 9d80d9f1d36a2c28e7b5233e13c59968b94c71d7 > files-in-commit.txt	2025-04-25T09:03:45.0924262Z [36;1m  done[0m
job-core	Run git diff --name-only 25cfb8c286b724b471ade2fa51925eb030cd2d4f 9d80d9f1d36a2c28e7b5233e13c59968b94c71d7 > files-in-commit.txt	2025-04-25T09:03:45.0924616Z [36;1m  if [[ $module_failed == 1 ]]; then[0m
job-core	Run git diff --name-only 25cfb8c286b724b471ade2fa51925eb030cd2d4f 9d80d9f1d36a2c28e7b5233e13c59968b94c71d7 > files-in-commit.txt	2025-04-25T09:03:45.0924949Z [36;1m    echo "IX Si el modulo falla ($module_failed) aÃ±adimos el comentario a la issue"[0m
job-core	Run git diff --name-only 25cfb8c286b724b471ade2fa51925eb030cd2d4f 9d80d9f1d36a2c28e7b5233e13c59968b94c71d7 > files-in-commit.txt	2025-04-25T09:03:45.0925504Z [36;1m    # Si hemos llegado hasta aquÃ­ aÃ±adimos el mensaje de que la extension esta permitida pero no dispone de modulo activo y aqui finaliza el proceso[0m
job-core	Run git diff --name-only 25cfb8c286b724b471ade2fa51925eb030cd2d4f 9d80d9f1d36a2c28e7b5233e13c59968b94c71d7 > files-in-commit.txt	2025-04-25T09:03:45.0925915Z [36;1m    # AÃ±adimos los valores a las variables de la issue[0m
job-core	Run git diff --name-only 25cfb8c286b724b471ade2fa51925eb030cd2d4f 9d80d9f1d36a2c28e7b5233e13c59968b94c71d7 > files-in-commit.txt	2025-04-25T09:03:45.0926421Z [36;1m    KAOS_ISSUE_BODY="[Ka0S] kaos ha detectado que la extensiÃ³n ($file_extension) esta permitida dentro de KAOS_CORE_FILES, pero el mÃ³dulo asociado ($file_module) no esta activo. Por favor compruebe que exista y esta activo."[0m
job-core	Run git diff --name-only 25cfb8c286b724b471ade2fa51925eb030cd2d4f 9d80d9f1d36a2c28e7b5233e13c59968b94c71d7 > files-in-commit.txt	2025-04-25T09:03:45.0926903Z [36;1m    # AÃ±adimos el comentario a la issue[0m
job-core	Run git diff --name-only 25cfb8c286b724b471ade2fa51925eb030cd2d4f 9d80d9f1d36a2c28e7b5233e13c59968b94c71d7 > files-in-commit.txt	2025-04-25T09:03:45.0927157Z [36;1m    RNNUMBER=$(echo "refs/heads/H220-web-de-resultados" | grep -o '[0-9]*')[0m
job-core	Run git diff --name-only 25cfb8c286b724b471ade2fa51925eb030cd2d4f 9d80d9f1d36a2c28e7b5233e13c59968b94c71d7 > files-in-commit.txt	2025-04-25T09:03:45.0927431Z [36;1m    gh issue comment $RNNUMBER --body "$KAOS_ISSUE_BODY"[0m
job-core	Run git diff --name-only 25cfb8c286b724b471ade2fa51925eb030cd2d4f 9d80d9f1d36a2c28e7b5233e13c59968b94c71d7 > files-in-commit.txt	2025-04-25T09:03:45.0927635Z [36;1m  fi[0m
job-core	Run git diff --name-only 25cfb8c286b724b471ade2fa51925eb030cd2d4f 9d80d9f1d36a2c28e7b5233e13c59968b94c71d7 > files-in-commit.txt	2025-04-25T09:03:45.0927792Z [36;1m  if [[ $extension_failed == 1 ]]; then[0m
job-core	Run git diff --name-only 25cfb8c286b724b471ade2fa51925eb030cd2d4f 9d80d9f1d36a2c28e7b5233e13c59968b94c71d7 > files-in-commit.txt	2025-04-25T09:03:45.0928063Z [36;1m    echo "X Si extension falla falla ($extension_failed) aÃ±adimos el comentario a la issue"[0m
job-core	Run git diff --name-only 25cfb8c286b724b471ade2fa51925eb030cd2d4f 9d80d9f1d36a2c28e7b5233e13c59968b94c71d7 > files-in-commit.txt	2025-04-25T09:03:45.0928415Z [36;1m    # Si hemos llegado hasta aquÃ­ aÃ±adimos el mensaje de que la extension no esta permitida[0m
job-core	Run git diff --name-only 25cfb8c286b724b471ade2fa51925eb030cd2d4f 9d80d9f1d36a2c28e7b5233e13c59968b94c71d7 > files-in-commit.txt	2025-04-25T09:03:45.0928706Z [36;1m    # AÃ±adimos los valores a las variables de la issue[0m
job-core	Run git diff --name-only 25cfb8c286b724b471ade2fa51925eb030cd2d4f 9d80d9f1d36a2c28e7b5233e13c59968b94c71d7 > files-in-commit.txt	2025-04-25T09:03:45.0929118Z [36;1m    KAOS_ISSUE_BODY="[Ka0S] kaos ha detectado que la extensiÃ³n ($file_extension) NO esta permitida dentro de KAOS_CORE_FILES. Por favor compruebe que exista y esta activo."[0m
job-core	Run git diff --name-only 25cfb8c286b724b471ade2fa51925eb030cd2d4f 9d80d9f1d36a2c28e7b5233e13c59968b94c71d7 > files-in-commit.txt	2025-04-25T09:03:45.0929508Z [36;1m    # AÃ±adimos el comentario a la issue[0m
job-core	Run git diff --name-only 25cfb8c286b724b471ade2fa51925eb030cd2d4f 9d80d9f1d36a2c28e7b5233e13c59968b94c71d7 > files-in-commit.txt	2025-04-25T09:03:45.0929825Z [36;1m    RNNUMBER=$(echo "refs/heads/H220-web-de-resultados" | grep -o '[0-9]*')[0m
job-core	Run git diff --name-only 25cfb8c286b724b471ade2fa51925eb030cd2d4f 9d80d9f1d36a2c28e7b5233e13c59968b94c71d7 > files-in-commit.txt	2025-04-25T09:03:45.0930262Z [36;1m    gh issue comment $RNNUMBER --body "$KAOS_ISSUE_BODY"[0m
job-core	Run git diff --name-only 25cfb8c286b724b471ade2fa51925eb030cd2d4f 9d80d9f1d36a2c28e7b5233e13c59968b94c71d7 > files-in-commit.txt	2025-04-25T09:03:45.0930524Z [36;1m  fi  [0m
job-core	Run git diff --name-only 25cfb8c286b724b471ade2fa51925eb030cd2d4f 9d80d9f1d36a2c28e7b5233e13c59968b94c71d7 > files-in-commit.txt	2025-04-25T09:03:45.0930870Z [36;1***one < files-in-commit.txt      [0m
job-core	Run git diff --name-only 25cfb8c286b724b471ade2fa51925eb030cd2d4f 9d80d9f1d36a2c28e7b5233e13c59968b94c71d7 > files-in-commit.txt	2025-04-25T09:03:45.0935714Z shell: /usr/bin/bash -e {0}
job-core	Run git diff --name-only 25cfb8c286b724b471ade2fa51925eb030cd2d4f 9d80d9f1d36a2c28e7b5233e13c59968b94c71d7 > files-in-commit.txt	2025-04-25T09:03:45.0935960Z env:
job-core	Run git diff --name-only 25cfb8c286b724b471ade2fa51925eb030cd2d4f 9d80d9f1d36a2c28e7b5233e13c59968b94c71d7 > files-in-commit.txt	2025-04-25T09:03:45.0936190Z   KAOS_CODE: 14660962513
job-core	Run git diff --name-only 25cfb8c286b724b471ade2fa51925eb030cd2d4f 9d80d9f1d36a2c28e7b5233e13c59968b94c71d7 > files-in-commit.txt	2025-04-25T09:03:45.0936413Z   KAOS_EVENT_NAME: push
job-core	Run git diff --name-only 25cfb8c286b724b471ade2fa51925eb030cd2d4f 9d80d9f1d36a2c28e7b5233e13c59968b94c71d7 > files-in-commit.txt	2025-04-25T09:03:45.0979627Z   KAOS_ACTION: 
job-core	Run git diff --name-only 25cfb8c286b724b471ade2fa51925eb030cd2d4f 9d80d9f1d36a2c28e7b5233e13c59968b94c71d7 > files-in-commit.txt	2025-04-25T09:03:45.0979833Z   KAOS_REF: refs/heads/H220-web-de-resultados
job-core	Run git diff --name-only 25cfb8c286b724b471ade2fa51925eb030cd2d4f 9d80d9f1d36a2c28e7b5233e13c59968b94c71d7 > files-in-commit.txt	2025-04-25T09:03:45.0980023Z   KAOS_MODULE: [Ka0S] kaos
job-core	Run git diff --name-only 25cfb8c286b724b471ade2fa51925eb030cd2d4f 9d80d9f1d36a2c28e7b5233e13c59968b94c71d7 > files-in-commit.txt	2025-04-25T09:03:45.0980187Z   KAOS_PATH_RESUME: core/results/k/
job-core	Run git diff --name-only 25cfb8c286b724b471ade2fa51925eb030cd2d4f 9d80d9f1d36a2c28e7b5233e13c59968b94c71d7 > files-in-commit.txt	2025-04-25T09:03:45.0980361Z   KAOS_JSON: core/results/k/event_data_
job-core	Run git diff --name-only 25cfb8c286b724b471ade2fa51925eb030cd2d4f 9d80d9f1d36a2c28e7b5233e13c59968b94c71d7 > files-in-commit.txt	2025-04-25T09:03:45.0980526Z   KAOS_ACTOR: jh0ny2k2
job-core	Run git diff --name-only 25cfb8c286b724b471ade2fa51925eb030cd2d4f 9d80d9f1d36a2c28e7b5233e13c59968b94c71d7 > files-in-commit.txt	2025-04-25T09:03:45.0980670Z   GITHUB_OUTPUT: 
job-core	Run git diff --name-only 25cfb8c286b724b471ade2fa51925eb030cd2d4f 9d80d9f1d36a2c28e7b5233e13c59968b94c71d7 > files-in-commit.txt	2025-04-25T09:03:45.0980834Z   INVOLVED: core/results/k/files-in-commit-.txt
job-core	Run git diff --name-only 25cfb8c286b724b471ade2fa51925eb030cd2d4f 9d80d9f1d36a2c28e7b5233e13c59968b94c71d7 > files-in-commit.txt	2025-04-25T09:03:45.0981257Z   modules: ***
job-core	Run git diff --name-only 25cfb8c286b724b471ade2fa51925eb030cd2d4f 9d80d9f1d36a2c28e7b5233e13c59968b94c71d7 > files-in-commit.txt	2025-04-25T09:03:45.0981410Z   files: ***
job-core	Run git diff --name-only 25cfb8c286b724b471ade2fa51925eb030cd2d4f 9d80d9f1d36a2c28e7b5233e13c59968b94c71d7 > files-in-commit.txt	2025-04-25T09:03:45.0981638Z   GH_TOKEN: ***
job-core	Run git diff --name-only 25cfb8c286b724b471ade2fa51925eb030cd2d4f 9d80d9f1d36a2c28e7b5233e13c59968b94c71d7 > files-in-commit.txt	2025-04-25T09:03:45.0981779Z ##[endgroup]
job-core	Run git diff --name-only 25cfb8c286b724b471ade2fa51925eb030cd2d4f 9d80d9f1d36a2c28e7b5233e13c59968b94c71d7 > files-in-commit.txt	2025-04-25T09:03:45.1056645Z core/outputs/i/14660767386.json
job-core	Run git diff --name-only 25cfb8c286b724b471ade2fa51925eb030cd2d4f 9d80d9f1d36a2c28e7b5233e13c59968b94c71d7 > files-in-commit.txt	2025-04-25T09:03:45.1057305Z core/outputs/i/14660767386.log
job-core	Run git diff --name-only 25cfb8c286b724b471ade2fa51925eb030cd2d4f 9d80d9f1d36a2c28e7b5233e13c59968b94c71d7 > files-in-commit.txt	2025-04-25T09:03:45.1057604Z core/outputs/i/14660767399.json
job-core	Run git diff --name-only 25cfb8c286b724b471ade2fa51925eb030cd2d4f 9d80d9f1d36a2c28e7b5233e13c59968b94c71d7 > files-in-commit.txt	2025-04-25T09:03:45.1057896Z core/outputs/i/14660767399.log
job-core	Run git diff --name-only 25cfb8c286b724b471ade2fa51925eb030cd2d4f 9d80d9f1d36a2c28e7b5233e13c59968b94c71d7 > files-in-commit.txt	2025-04-25T09:03:45.1058227Z core/web/templates/section-template.html
job-core	Run git diff --name-only 25cfb8c286b724b471ade2fa51925eb030cd2d4f 9d80d9f1d36a2c28e7b5233e13c59968b94c71d7 > files-in-commit.txt	2025-04-25T09:03:45.1061841Z Skipping file in outputs directory: core/outputs/i/14660767386.json
job-core	Run git diff --name-only 25cfb8c286b724b471ade2fa51925eb030cd2d4f 9d80d9f1d36a2c28e7b5233e13c59968b94c71d7 > files-in-commit.txt	2025-04-25T09:03:45.1062489Z Skipping file in outputs directory: core/outputs/i/14660767386.log
job-core	Run git diff --name-only 25cfb8c286b724b471ade2fa51925eb030cd2d4f 9d80d9f1d36a2c28e7b5233e13c59968b94c71d7 > files-in-commit.txt	2025-04-25T09:03:45.1062838Z Skipping file in outputs directory: core/outputs/i/14660767399.json
job-core	Run git diff --name-only 25cfb8c286b724b471ade2fa51925eb030cd2d4f 9d80d9f1d36a2c28e7b5233e13c59968b94c71d7 > files-in-commit.txt	2025-04-25T09:03:45.1063176Z Skipping file in outputs directory: core/outputs/i/14660767399.log
job-core	Run git diff --name-only 25cfb8c286b724b471ade2fa51925eb030cd2d4f 9d80d9f1d36a2c28e7b5233e13c59968b94c71d7 > files-in-commit.txt	2025-04-25T09:03:45.1063624Z I Leemos el fichero files-in-commit.txt y extraemos el fichero core/web/templates/section-template.html
job-core	Run git diff --name-only 25cfb8c286b724b471ade2fa51925eb030cd2d4f 9d80d9f1d36a2c28e7b5233e13c59968b94c71d7 > files-in-commit.txt	2025-04-25T09:03:45.1073495Z I-1 Calculamos el nombre del fichero section-template.html
job-core	Run git diff --name-only 25cfb8c286b724b471ade2fa51925eb030cd2d4f 9d80d9f1d36a2c28e7b5233e13c59968b94c71d7 > files-in-commit.txt	2025-04-25T09:03:45.1073824Z I-2 Calculamos la extension del fichero html
job-core	Run git diff --name-only 25cfb8c286b724b471ade2fa51925eb030cd2d4f 9d80d9f1d36a2c28e7b5233e13c59968b94c71d7 > files-in-commit.txt	2025-04-25T09:03:45.1074222Z I-3 Calculamos el modulo htmllint.yml
job-core	Run git diff --name-only 25cfb8c286b724b471ade2fa51925eb030cd2d4f 9d80d9f1d36a2c28e7b5233e13c59968b94c71d7 > files-in-commit.txt	2025-04-25T09:03:45.1074919Z II Leemos el array de ***
job-core	Run git diff --name-only 25cfb8c286b724b471ade2fa51925eb030cd2d4f 9d80d9f1d36a2c28e7b5233e13c59968b94c71d7 > files-in-commit.txt	2025-04-25T09:03:45.1075330Z VII No es igual html a *** y lo indicamos en la variable extension_failed=1
job-core	Run git diff --name-only 25cfb8c286b724b471ade2fa51925eb030cd2d4f 9d80d9f1d36a2c28e7b5233e13c59968b94c71d7 > files-in-commit.txt	2025-04-25T09:03:45.1075867Z X Si extension falla falla (1) aÃ±adimos el comentario a la issue
job-core	Run git diff --name-only 25cfb8c286b724b471ade2fa51925eb030cd2d4f 9d80d9f1d36a2c28e7b5233e13c59968b94c71d7 > files-in-commit.txt	2025-04-25T09:03:45.9721585Z https://github.com/Ka0s-Klaus/ka0s/issues/220#issuecomment-2829810818
job-core	Post Checkout code	ï»¿2025-04-25T09:03:45.9865476Z Post job cleanup.
job-core	Post Checkout code	2025-04-25T09:03:46.0485814Z [command]/usr/bin/git version
job-core	Post Checkout code	2025-04-25T09:03:46.0516607Z git version 2.43.0
job-core	Post Checkout code	2025-04-25T09:03:46.0552843Z Copying '/home/kaos/.gitconfig' to '/actions-runner/_work/_temp/5ba06265-0f16-4af0-813e-b65224b549c4/.gitconfig'
job-core	Post Checkout code	2025-04-25T09:03:46.0567012Z Temporarily overriding HOME='/actions-runner/_work/_temp/5ba06265-0f16-4af0-813e-b65224b549c4' before making global git config changes
job-core	Post Checkout code	2025-04-25T09:03:46.0567593Z Adding repository directory to the temporary git global config as a safe directory
job-core	Post Checkout code	2025-04-25T09:03:46.0570500Z [command]/usr/bin/git config --global --add safe.directory /actions-runner/_work/ka0s/ka0s
job-core	Post Checkout code	2025-04-25T09:03:46.0601523Z [command]/usr/bin/git config --local --name-only --get-regexp core\.sshCommand
job-core	Post Checkout code	2025-04-25T09:03:46.0628633Z [command]/usr/bin/git submodule foreach --recursive sh -c "git config --local --name-only --get-regexp 'core\.sshCommand' && git config --local --unset-all 'core.sshCommand' || :"
job-core	Post Checkout code	2025-04-25T09:03:46.0877991Z [command]/usr/bin/git config --local --name-only --get-regexp http\.https\:\/\/github\.com\/\.extraheader
job-core	Post Checkout code	2025-04-25T09:03:46.0896126Z http.https://github.com/.extraheader
job-core	Post Checkout code	2025-04-25T09:03:46.0903369Z [command]/usr/bin/git config --local --unset-all http.https://github.com/.extraheader
job-core	Post Checkout code	2025-04-25T09:03:46.0931122Z [command]/usr/bin/git submodule foreach --recursive sh -c "git config --local --name-only --get-regexp 'http\.https\:\/\/github\.com\/\.extraheader' && git config --local --unset-all 'http.https://github.com/.extraheader' || :"
job-core	Complete job	ï»¿2025-04-25T09:03:46.1251662Z Cleaning up orphan processes
handle-success	Set up job	ï»¿2025-04-25T09:04:36.6418336Z Current runner version: '2.323.0'
handle-success	Set up job	2025-04-25T09:04:36.6422031Z Runner name: 'ka0s-8'
handle-success	Set up job	2025-04-25T09:04:36.6422581Z Machine name: '26a53205c9ac'
handle-success	Set up job	2025-04-25T09:04:36.6424133Z ##[group]GITHUB_TOKEN Permissions
handle-success	Set up job	2025-04-25T09:04:36.6425623Z Contents: read
handle-success	Set up job	2025-04-25T09:04:36.6425931Z Metadata: read
handle-success	Set up job	2025-04-25T09:04:36.6426261Z Packages: read
handle-success	Set up job	2025-04-25T09:04:36.6426550Z ##[endgroup]
handle-success	Set up job	2025-04-25T09:04:36.6427761Z Secret source: Actions
handle-success	Set up job	2025-04-25T09:04:36.6428135Z Prepare workflow directory
handle-success	Set up job	2025-04-25T09:04:36.6801135Z Prepare all required actions
handle-success	Set up job	2025-04-25T09:04:36.6827401Z Getting action download info
handle-success	Set up job	2025-04-25T09:04:37.1930283Z Download action repository 'actions/checkout@v4' (SHA:11bd71901bbe5b1630ceea73d27597364c9af683)
handle-success	Set up job	2025-04-25T09:06:17.2119748Z ##[warning]Failed to download action 'https://api.github.com/repos/actions/checkout/tarball/11bd71901bbe5b1630ceea73d27597364c9af683'. Error: The request was canceled due to the configured HttpClient.Timeout of 100 seconds elapsing. 
handle-success	Set up job	2025-04-25T09:06:17.2127570Z ##[warning]Back off 15.756 seconds before retry.
handle-success	Set up job	2025-04-25T09:06:33.8661935Z Complete job name: handle-success
handle-success	Checkout code	ï»¿2025-04-25T09:06:33.8942863Z ##[group]Run actions/checkout@v4
handle-success	Checkout code	2025-04-25T09:06:33.8943243Z with:
handle-success	Checkout code	2025-04-25T09:06:33.8943417Z   fetch-depth: 0
handle-success	Checkout code	2025-04-25T09:06:33.8943792Z   token: ***
handle-success	Checkout code	2025-04-25T09:06:33.8943972Z   repository: Ka0s-Klaus/ka0s
handle-success	Checkout code	2025-04-25T09:06:33.8944169Z   ssh-strict: true
handle-success	Checkout code	2025-04-25T09:06:33.8944333Z   ssh-user: git
handle-success	Checkout code	2025-04-25T09:06:33.8944561Z   persist-credentials: true
handle-success	Checkout code	2025-04-25T09:06:33.8944747Z   clean: true
handle-success	Checkout code	2025-04-25T09:06:33.8944923Z   sparse-checkout-cone-mode: true
handle-success	Checkout code	2025-04-25T09:06:33.8945128Z   fetch-tags: false
handle-success	Checkout code	2025-04-25T09:06:33.8945297Z   show-progress: true
handle-success	Checkout code	2025-04-25T09:06:33.8945482Z   lfs: false
handle-success	Checkout code	2025-04-25T09:06:33.8945639Z   submodules: false
handle-success	Checkout code	2025-04-25T09:06:33.8945815Z   set-safe-directory: true
handle-success	Checkout code	2025-04-25T09:06:33.8946089Z env:
handle-success	Checkout code	2025-04-25T09:06:33.8946246Z   KAOS_CODE: 14660962513
handle-success	Checkout code	2025-04-25T09:06:33.8946432Z   KAOS_EVENT_NAME: push
handle-success	Checkout code	2025-04-25T09:06:33.8946623Z   KAOS_ACTION: 
handle-success	Checkout code	2025-04-25T09:06:33.8946810Z   KAOS_REF: refs/heads/H220-web-de-resultados
handle-success	Checkout code	2025-04-25T09:06:33.8947028Z   KAOS_MODULE: [Ka0S] kaos
handle-success	Checkout code	2025-04-25T09:06:33.8947246Z   KAOS_PATH_RESUME: core/results/k/
handle-success	Checkout code	2025-04-25T09:06:33.8947454Z   KAOS_JSON: core/results/k/event_data_
handle-success	Checkout code	2025-04-25T09:06:33.8947651Z   KAOS_ACTOR: jh0ny2k2
handle-success	Checkout code	2025-04-25T09:06:33.8947829Z ##[endgroup]
handle-success	Checkout code	2025-04-25T09:06:33.9693782Z Syncing repository: Ka0s-Klaus/ka0s
handle-success	Checkout code	2025-04-25T09:06:33.9695238Z ##[group]Getting Git version info
handle-success	Checkout code	2025-04-25T09:06:33.9695596Z Working directory is '/actions-runner/_work/ka0s/ka0s'
handle-success	Checkout code	2025-04-25T09:06:33.9696080Z [command]/usr/bin/git version
handle-success	Checkout code	2025-04-25T09:06:33.9696327Z git version 2.43.0
handle-success	Checkout code	2025-04-25T09:06:33.9705479Z ##[endgroup]
handle-success	Checkout code	2025-04-25T09:06:33.9712624Z Copying '/home/kaos/.gitconfig' to '/actions-runner/_work/_temp/cc3060ce-24f3-4e0c-a82e-f57b1f4fb61f/.gitconfig'
handle-success	Checkout code	2025-04-25T09:06:33.9721044Z Temporarily overriding HOME='/actions-runner/_work/_temp/cc3060ce-24f3-4e0c-a82e-f57b1f4fb61f' before making global git config changes
handle-success	Checkout code	2025-04-25T09:06:33.9722111Z Adding repository directory to the temporary git global config as a safe directory
handle-success	Checkout code	2025-04-25T09:06:33.9732945Z [command]/usr/bin/git config --global --add safe.directory /actions-runner/_work/ka0s/ka0s
handle-success	Checkout code	2025-04-25T09:06:33.9765334Z [command]/usr/bin/git config --local --get remote.origin.url
handle-success	Checkout code	2025-04-25T09:06:33.9782492Z https://github.com/Ka0s-Klaus/ka0s
handle-success	Checkout code	2025-04-25T09:06:33.9800543Z ##[group]Removing previously created refs, to avoid conflicts
handle-success	Checkout code	2025-04-25T09:06:33.9804438Z [command]/usr/bin/git rev-parse --symbolic-full-name --verify --quiet HEAD
handle-success	Checkout code	2025-04-25T09:06:33.9824455Z refs/heads/H220-web-de-resultados
handle-success	Checkout code	2025-04-25T09:06:33.9836934Z [command]/usr/bin/git checkout --detach
handle-success	Checkout code	2025-04-25T09:06:33.9921352Z HEAD is now at 4bf0bb5a [Ka0S] Uploading resume execution files to the repository...
handle-success	Checkout code	2025-04-25T09:06:33.9958062Z [command]/usr/bin/git branch --delete --force H220-web-de-resultados
handle-success	Checkout code	2025-04-25T09:06:33.9988534Z Deleted branch H220-web-de-resultados (was 4bf0bb5a).
handle-success	Checkout code	2025-04-25T09:06:34.0046670Z ##[endgroup]
handle-success	Checkout code	2025-04-25T09:06:34.0050876Z [command]/usr/bin/git submodule status
handle-success	Checkout code	2025-04-25T09:06:34.0283119Z ##[group]Cleaning the repository
handle-success	Checkout code	2025-04-25T09:06:34.0284074Z [command]/usr/bin/git clean -ffdx
handle-success	Checkout code	2025-04-25T09:06:34.0333220Z Removing files-in-commit.txt
handle-success	Checkout code	2025-04-25T09:06:34.0340797Z [command]/usr/bin/git reset --hard HEAD
handle-success	Checkout code	2025-04-25T09:06:34.0456687Z HEAD is now at 4bf0bb5a [Ka0S] Uploading resume execution files to the repository...
handle-success	Checkout code	2025-04-25T09:06:34.0458273Z ##[endgroup]
handle-success	Checkout code	2025-04-25T09:06:34.0458989Z ##[group]Disabling automatic garbage collection
handle-success	Checkout code	2025-04-25T09:06:34.0461234Z [command]/usr/bin/git config --local gc.auto 0
handle-success	Checkout code	2025-04-25T09:06:34.0485960Z ##[endgroup]
handle-success	Checkout code	2025-04-25T09:06:34.0486533Z ##[group]Setting up auth
handle-success	Checkout code	2025-04-25T09:06:34.0491231Z [command]/usr/bin/git config --local --name-only --get-regexp core\.sshCommand
handle-success	Checkout code	2025-04-25T09:06:34.0509734Z [command]/usr/bin/git submodule foreach --recursive sh -c "git config --local --name-only --get-regexp 'core\.sshCommand' && git config --local --unset-all 'core.sshCommand' || :"
handle-success	Checkout code	2025-04-25T09:06:34.0757224Z [command]/usr/bin/git config --local --name-only --get-regexp http\.https\:\/\/github\.com\/\.extraheader
handle-success	Checkout code	2025-04-25T09:06:34.0780717Z [command]/usr/bin/git submodule foreach --recursive sh -c "git config --local --name-only --get-regexp 'http\.https\:\/\/github\.com\/\.extraheader' && git config --local --unset-all 'http.https://github.com/.extraheader' || :"
handle-success	Checkout code	2025-04-25T09:06:34.1030138Z [command]/usr/bin/git config --local http.https://github.com/.extraheader AUTHORIZATION: basic ***
handle-success	Checkout code	2025-04-25T09:06:34.1061385Z ##[endgroup]
handle-success	Checkout code	2025-04-25T09:06:34.1062015Z ##[group]Fetching the repository
handle-success	Checkout code	2025-04-25T09:06:34.1064630Z [command]/usr/bin/git -c protocol.version=2 fetch --prune --no-recurse-submodules origin +refs/heads/*:refs/remotes/origin/* +refs/tags/*:refs/tags/*
handle-success	Checkout code	2025-04-25T09:06:34.7992249Z From https://github.com/Ka0s-Klaus/ka0s
handle-success	Checkout code	2025-04-25T09:06:34.7992919Z    4bf0bb5a..d54a5980  H220-web-de-resultados -> origin/H220-web-de-resultados
handle-success	Checkout code	2025-04-25T09:06:34.7993496Z    892e8cc6..e9ccab2a  main                   -> origin/main
handle-success	Checkout code	2025-04-25T09:06:34.7993964Z  * [new tag]           0.0.117                -> 0.0.117
handle-success	Checkout code	2025-04-25T09:06:34.8032753Z [command]/usr/bin/git branch --list --remote origin/H220-web-de-resultados
handle-success	Checkout code	2025-04-25T09:06:34.8054500Z   origin/H220-web-de-resultados
handle-success	Checkout code	2025-04-25T09:06:34.8059481Z [command]/usr/bin/git rev-parse refs/remotes/origin/H220-web-de-resultados
handle-success	Checkout code	2025-04-25T09:06:34.8079933Z d54a5980c596b47474fb18decee1197387133390
handle-success	Checkout code	2025-04-25T09:06:34.8091944Z [command]/usr/bin/git -c protocol.version=2 fetch --no-tags --prune --no-recurse-submodules origin +9d80d9f1d36a2c28e7b5233e13c59968b94c71d7:refs/remotes/origin/H220-web-de-resultados
handle-success	Checkout code	2025-04-25T09:06:34.8224818Z From https://github.com/Ka0s-Klaus/ka0s
handle-success	Checkout code	2025-04-25T09:06:34.8225473Z  + d54a5980...9d80d9f1 9d80d9f1d36a2c28e7b5233e13c59968b94c71d7 -> origin/H220-web-de-resultados  (forced update)
handle-success	Checkout code	2025-04-25T09:06:34.8246329Z ##[endgroup]
handle-success	Checkout code	2025-04-25T09:06:34.8246972Z ##[group]Determining the checkout info
handle-success	Checkout code	2025-04-25T09:06:34.8247541Z ##[endgroup]
handle-success	Checkout code	2025-04-25T09:06:34.8249085Z [command]/usr/bin/git sparse-checkout disable
handle-success	Checkout code	2025-04-25T09:06:34.8301732Z [command]/usr/bin/git config --local --unset-all extensions.worktreeConfig
handle-success	Checkout code	2025-04-25T09:06:34.8326916Z ##[group]Checking out the ref
handle-success	Checkout code	2025-04-25T09:06:34.8328849Z [command]/usr/bin/git checkout --progress --force -B H220-web-de-resultados refs/remotes/origin/H220-web-de-resultados
handle-success	Checkout code	2025-04-25T09:06:34.8439603Z Previous HEAD position was 4bf0bb5a [Ka0S] Uploading resume execution files to the repository...
handle-success	Checkout code	2025-04-25T09:06:34.8441994Z Switched to a new branch 'H220-web-de-resultados'
handle-success	Checkout code	2025-04-25T09:06:34.8442541Z branch 'H220-web-de-resultados' set up to track 'origin/H220-web-de-resultados'.
handle-success	Checkout code	2025-04-25T09:06:34.8446894Z ##[endgroup]
handle-success	Checkout code	2025-04-25T09:06:34.8481028Z [command]/usr/bin/git log -1 --format=%H
handle-success	Checkout code	2025-04-25T09:06:34.8510270Z 9d80d9f1d36a2c28e7b5233e13c59968b94c71d7
handle-success	handle-success-execution	ï»¿2025-04-25T09:06:34.8667220Z ##[group]Run # Si todo ha ido correcto aÃ±adimos el contenido del fichero 
handle-success	handle-success-execution	2025-04-25T09:06:34.8667795Z [36;1m# Si todo ha ido correcto aÃ±adimos el contenido del fichero [0m
handle-success	handle-success-execution	2025-04-25T09:06:34.8668160Z [36;1mRNNUMBER=$(echo "refs/heads/H220-web-de-resultados" | grep -o '[0-9]*')[0m
handle-success	handle-success-execution	2025-04-25T09:06:34.8668678Z [36;1mgh issue comment $RNNUMBER --body "El proceso ha finalizado correctamente 14660962513. El resultado estÃ¡ en el fichero core/results/event_data_14660962513.log"[0m
handle-success	handle-success-execution	2025-04-25T09:06:34.8676007Z shell: /usr/bin/bash -e {0}
handle-success	handle-success-execution	2025-04-25T09:06:34.8676278Z env:
handle-success	handle-success-execution	2025-04-25T09:06:34.8676443Z   KAOS_CODE: 14660962513
handle-success	handle-success-execution	2025-04-25T09:06:34.8676629Z   KAOS_EVENT_NAME: push
handle-success	handle-success-execution	2025-04-25T09:06:34.8676810Z   KAOS_ACTION: 
handle-success	handle-success-execution	2025-04-25T09:06:34.8676995Z   KAOS_REF: refs/heads/H220-web-de-resultados
handle-success	handle-success-execution	2025-04-25T09:06:34.8677221Z   KAOS_MODULE: [Ka0S] kaos
handle-success	handle-success-execution	2025-04-25T09:06:34.8677421Z   KAOS_PATH_RESUME: core/results/k/
handle-success	handle-success-execution	2025-04-25T09:06:34.8677626Z   KAOS_JSON: core/results/k/event_data_
handle-success	handle-success-execution	2025-04-25T09:06:34.8677832Z   KAOS_ACTOR: jh0ny2k2
handle-success	handle-success-execution	2025-04-25T09:06:34.8678253Z   GH_TOKEN: ***
handle-success	handle-success-execution	2025-04-25T09:06:34.8678422Z ##[endgroup]
handle-success	handle-success-execution	2025-04-25T09:06:35.7640199Z https://github.com/Ka0s-Klaus/ka0s/issues/220#issuecomment-2829817321
handle-success	Post Checkout code	ï»¿2025-04-25T09:06:35.7712960Z Post job cleanup.
handle-success	Post Checkout code	2025-04-25T09:06:35.8339280Z [command]/usr/bin/git version
handle-success	Post Checkout code	2025-04-25T09:06:35.8368291Z git version 2.43.0
handle-success	Post Checkout code	2025-04-25T09:06:35.8393209Z Copying '/home/kaos/.gitconfig' to '/actions-runner/_work/_temp/096cc494-4977-4cbe-ba2d-41a13a38e67c/.gitconfig'
handle-success	Post Checkout code	2025-04-25T09:06:35.8402535Z Temporarily overriding HOME='/actions-runner/_work/_temp/096cc494-4977-4cbe-ba2d-41a13a38e67c' before making global git config changes
handle-success	Post Checkout code	2025-04-25T09:06:35.8403239Z Adding repository directory to the temporary git global config as a safe directory
handle-success	Post Checkout code	2025-04-25T09:06:35.8406002Z [command]/usr/bin/git config --global --add safe.directory /actions-runner/_work/ka0s/ka0s
handle-success	Post Checkout code	2025-04-25T09:06:35.8496681Z [command]/usr/bin/git config --local --name-only --get-regexp core\.sshCommand
handle-success	Post Checkout code	2025-04-25T09:06:35.8521328Z [command]/usr/bin/git submodule foreach --recursive sh -c "git config --local --name-only --get-regexp 'core\.sshCommand' && git config --local --unset-all 'core.sshCommand' || :"
handle-success	Post Checkout code	2025-04-25T09:06:35.8778040Z [command]/usr/bin/git config --local --name-only --get-regexp http\.https\:\/\/github\.com\/\.extraheader
handle-success	Post Checkout code	2025-04-25T09:06:35.8798386Z http.https://github.com/.extraheader
handle-success	Post Checkout code	2025-04-25T09:06:35.8809456Z [command]/usr/bin/git config --local --unset-all http.https://github.com/.extraheader
handle-success	Post Checkout code	2025-04-25T09:06:35.8843446Z [command]/usr/bin/git submodule foreach --recursive sh -c "git config --local --name-only --get-regexp 'http\.https\:\/\/github\.com\/\.extraheader' && git config --local --unset-all 'http.https://github.com/.extraheader' || :"
handle-success	Complete job	ï»¿2025-04-25T09:06:35.9172271Z Cleaning up orphan processes
end-workflow	Set up job	ï»¿2025-04-25T09:06:50.5775996Z Current runner version: '2.323.0'
end-workflow	Set up job	2025-04-25T09:06:50.5779912Z Runner name: 'ka0s-9'
end-workflow	Set up job	2025-04-25T09:06:50.5780476Z Machine name: '26a53205c9ac'
end-workflow	Set up job	2025-04-25T09:06:50.5781862Z ##[group]GITHUB_TOKEN Permissions
end-workflow	Set up job	2025-04-25T09:06:50.5783219Z Contents: read
end-workflow	Set up job	2025-04-25T09:06:50.5783533Z Metadata: read
end-workflow	Set up job	2025-04-25T09:06:50.5783832Z Packages: read
end-workflow	Set up job	2025-04-25T09:06:50.5784337Z ##[endgroup]
end-workflow	Set up job	2025-04-25T09:06:50.5785648Z Secret source: Actions
end-workflow	Set up job	2025-04-25T09:06:50.5786088Z Prepare workflow directory
end-workflow	Set up job	2025-04-25T09:06:50.6165024Z Prepare all required actions
end-workflow	Set up job	2025-04-25T09:06:50.6197015Z Getting action download info
end-workflow	Set up job	2025-04-25T09:06:51.0819428Z Download action repository 'actions/checkout@v4' (SHA:11bd71901bbe5b1630ceea73d27597364c9af683)
end-workflow	Set up job	2025-04-25T09:06:51.7895314Z Complete job name: end-workflow
end-workflow	Checkout code	ï»¿2025-04-25T09:06:51.8194870Z ##[group]Run actions/checkout@v4
end-workflow	Checkout code	2025-04-25T09:06:51.8195430Z with:
end-workflow	Checkout code	2025-04-25T09:06:51.8195720Z   fetch-depth: 0
end-workflow	Checkout code	2025-04-25T09:06:51.8196226Z   token: ***
end-workflow	Checkout code	2025-04-25T09:06:51.8196527Z   repository: Ka0s-Klaus/ka0s
end-workflow	Checkout code	2025-04-25T09:06:51.8196914Z   ssh-strict: true
end-workflow	Checkout code	2025-04-25T09:06:51.8197214Z   ssh-user: git
end-workflow	Checkout code	2025-04-25T09:06:51.8197518Z   persist-credentials: true
end-workflow	Checkout code	2025-04-25T09:06:51.8197860Z   clean: true
end-workflow	Checkout code	2025-04-25T09:06:51.8198173Z   sparse-checkout-cone-mode: true
end-workflow	Checkout code	2025-04-25T09:06:51.8198533Z   fetch-tags: false
end-workflow	Checkout code	2025-04-25T09:06:51.8198847Z   show-progress: true
end-workflow	Checkout code	2025-04-25T09:06:51.8199162Z   lfs: false
end-workflow	Checkout code	2025-04-25T09:06:51.8199440Z   submodules: false
end-workflow	Checkout code	2025-04-25T09:06:51.8199765Z   set-safe-directory: true
end-workflow	Checkout code	2025-04-25T09:06:51.8200201Z env:
end-workflow	Checkout code	2025-04-25T09:06:51.8200473Z   KAOS_CODE: 14660962513
end-workflow	Checkout code	2025-04-25T09:06:51.8200804Z   KAOS_EVENT_NAME: push
end-workflow	Checkout code	2025-04-25T09:06:51.8201127Z   KAOS_ACTION: 
end-workflow	Checkout code	2025-04-25T09:06:51.8201450Z   KAOS_REF: refs/heads/H220-web-de-resultados
end-workflow	Checkout code	2025-04-25T09:06:51.8201864Z   KAOS_MODULE: [Ka0S] kaos
end-workflow	Checkout code	2025-04-25T09:06:51.8202234Z   KAOS_PATH_RESUME: core/results/k/
end-workflow	Checkout code	2025-04-25T09:06:51.8202624Z   KAOS_JSON: core/results/k/event_data_
end-workflow	Checkout code	2025-04-25T09:06:51.8203003Z   KAOS_ACTOR: jh0ny2k2
end-workflow	Checkout code	2025-04-25T09:06:51.8203412Z   GH_TOKEN: ***
end-workflow	Checkout code	2025-04-25T09:06:51.8203705Z ##[endgroup]
end-workflow	Checkout code	2025-04-25T09:06:51.8894648Z Syncing repository: Ka0s-Klaus/ka0s
end-workflow	Checkout code	2025-04-25T09:06:51.8896121Z ##[group]Getting Git version info
end-workflow	Checkout code	2025-04-25T09:06:51.8896615Z Working directory is '/actions-runner/_work/ka0s/ka0s'
end-workflow	Checkout code	2025-04-25T09:06:51.8897386Z [command]/usr/bin/git version
end-workflow	Checkout code	2025-04-25T09:06:51.8897759Z git version 2.43.0
end-workflow	Checkout code	2025-04-25T09:06:51.8923316Z ##[endgroup]
end-workflow	Checkout code	2025-04-25T09:06:51.8931287Z Copying '/home/kaos/.gitconfig' to '/actions-runner/_work/_temp/68ea9fa5-e025-4811-bd91-22b4072311b2/.gitconfig'
end-workflow	Checkout code	2025-04-25T09:06:51.8947305Z Temporarily overriding HOME='/actions-runner/_work/_temp/68ea9fa5-e025-4811-bd91-22b4072311b2' before making global git config changes
end-workflow	Checkout code	2025-04-25T09:06:51.8949278Z Adding repository directory to the temporary git global config as a safe directory
end-workflow	Checkout code	2025-04-25T09:06:51.8954168Z [command]/usr/bin/git config --global --add safe.directory /actions-runner/_work/ka0s/ka0s
end-workflow	Checkout code	2025-04-25T09:06:51.9042030Z [command]/usr/bin/git config --local --get remote.origin.url
end-workflow	Checkout code	2025-04-25T09:06:51.9059315Z https://github.com/Ka0s-Klaus/ka0s
end-workflow	Checkout code	2025-04-25T09:06:51.9081007Z ##[group]Removing previously created refs, to avoid conflicts
end-workflow	Checkout code	2025-04-25T09:06:51.9084870Z [command]/usr/bin/git rev-parse --symbolic-full-name --verify --quiet HEAD
end-workflow	Checkout code	2025-04-25T09:06:51.9107321Z HEAD
end-workflow	Checkout code	2025-04-25T09:06:51.9184586Z ##[endgroup]
end-workflow	Checkout code	2025-04-25T09:06:51.9185394Z [command]/usr/bin/git submodule status
end-workflow	Checkout code	2025-04-25T09:06:51.9428425Z ##[group]Cleaning the repository
end-workflow	Checkout code	2025-04-25T09:06:51.9429107Z [command]/usr/bin/git clean -ffdx
end-workflow	Checkout code	2025-04-25T09:06:51.9481001Z [command]/usr/bin/git reset --hard HEAD
end-workflow	Checkout code	2025-04-25T09:06:51.9645287Z HEAD is now at a2568e7f Merge b3c777e234464aadd102618e8d7af70db5e7c407 into 892e8cc6e8d075fb28d8b350205011f866769442
end-workflow	Checkout code	2025-04-25T09:06:51.9647537Z ##[endgroup]
end-workflow	Checkout code	2025-04-25T09:06:51.9648523Z ##[group]Disabling automatic garbage collection
end-workflow	Checkout code	2025-04-25T09:06:51.9653504Z [command]/usr/bin/git config --local gc.auto 0
end-workflow	Checkout code	2025-04-25T09:06:51.9677805Z ##[endgroup]
end-workflow	Checkout code	2025-04-25T09:06:51.9678792Z ##[group]Setting up auth
end-workflow	Checkout code	2025-04-25T09:06:51.9681742Z [command]/usr/bin/git config --local --name-only --get-regexp core\.sshCommand
end-workflow	Checkout code	2025-04-25T09:06:51.9709660Z [command]/usr/bin/git submodule foreach --recursive sh -c "git config --local --name-only --get-regexp 'core\.sshCommand' && git config --local --unset-all 'core.sshCommand' || :"
end-workflow	Checkout code	2025-04-25T09:06:51.9953596Z [command]/usr/bin/git config --local --name-only --get-regexp http\.https\:\/\/github\.com\/\.extraheader
end-workflow	Checkout code	2025-04-25T09:06:51.9980038Z [command]/usr/bin/git submodule foreach --recursive sh -c "git config --local --name-only --get-regexp 'http\.https\:\/\/github\.com\/\.extraheader' && git config --local --unset-all 'http.https://github.com/.extraheader' || :"
end-workflow	Checkout code	2025-04-25T09:06:52.0230145Z [command]/usr/bin/git config --local http.https://github.com/.extraheader AUTHORIZATION: basic ***
end-workflow	Checkout code	2025-04-25T09:06:52.0264268Z ##[endgroup]
end-workflow	Checkout code	2025-04-25T09:06:52.0265586Z ##[group]Fetching the repository
end-workflow	Checkout code	2025-04-25T09:06:52.0269152Z [command]/usr/bin/git -c protocol.version=2 fetch --prune --no-recurse-submodules origin +refs/heads/*:refs/remotes/origin/* +refs/tags/*:refs/tags/*
end-workflow	Checkout code	2025-04-25T09:06:52.8109657Z From https://github.com/Ka0s-Klaus/ka0s
end-workflow	Checkout code	2025-04-25T09:06:52.8110965Z    e9ccab2a..92e2ee57  main       -> origin/main
end-workflow	Checkout code	2025-04-25T09:06:52.8150093Z [command]/usr/bin/git branch --list --remote origin/H220-web-de-resultados
end-workflow	Checkout code	2025-04-25T09:06:52.8176821Z   origin/H220-web-de-resultados
end-workflow	Checkout code	2025-04-25T09:06:52.8187201Z [command]/usr/bin/git rev-parse refs/remotes/origin/H220-web-de-resultados
end-workflow	Checkout code	2025-04-25T09:06:52.8207342Z d54a5980c596b47474fb18decee1197387133390
end-workflow	Checkout code	2025-04-25T09:06:52.8219585Z [command]/usr/bin/git -c protocol.version=2 fetch --no-tags --prune --no-recurse-submodules origin +9d80d9f1d36a2c28e7b5233e13c59968b94c71d7:refs/remotes/origin/H220-web-de-resultados
end-workflow	Checkout code	2025-04-25T09:06:52.8313907Z From https://github.com/Ka0s-Klaus/ka0s
end-workflow	Checkout code	2025-04-25T09:06:52.8316446Z  + d54a5980...9d80d9f1 9d80d9f1d36a2c28e7b5233e13c59968b94c71d7 -> origin/H220-web-de-resultados  (forced update)
end-workflow	Checkout code	2025-04-25T09:06:52.8333203Z ##[endgroup]
end-workflow	Checkout code	2025-04-25T09:06:52.8334901Z ##[group]Determining the checkout info
end-workflow	Checkout code	2025-04-25T09:06:52.8336610Z ##[endgroup]
end-workflow	Checkout code	2025-04-25T09:06:52.8337628Z [command]/usr/bin/git sparse-checkout disable
end-workflow	Checkout code	2025-04-25T09:06:52.8382964Z [command]/usr/bin/git config --local --unset-all extensions.worktreeConfig
end-workflow	Checkout code	2025-04-25T09:06:52.8409328Z ##[group]Checking out the ref
end-workflow	Checkout code	2025-04-25T09:06:52.8412007Z [command]/usr/bin/git checkout --progress --force -B H220-web-de-resultados refs/remotes/origin/H220-web-de-resultados
end-workflow	Checkout code	2025-04-25T09:06:52.8552764Z Previous HEAD position was a2568e7f Merge b3c777e234464aadd102618e8d7af70db5e7c407 into 892e8cc6e8d075fb28d8b350205011f866769442
end-workflow	Checkout code	2025-04-25T09:06:52.8556385Z Switched to a new branch 'H220-web-de-resultados'
end-workflow	Checkout code	2025-04-25T09:06:52.8558709Z branch 'H220-web-de-resultados' set up to track 'origin/H220-web-de-resultados'.
end-workflow	Checkout code	2025-04-25T09:06:52.8563621Z ##[endgroup]
end-workflow	Checkout code	2025-04-25T09:06:52.8610703Z [command]/usr/bin/git log -1 --format=%H
end-workflow	Checkout code	2025-04-25T09:06:52.8641989Z 9d80d9f1d36a2c28e7b5233e13c59968b94c71d7
end-workflow	Finaliza el workflow	ï»¿2025-04-25T09:06:52.8838416Z ##[group]Run echo "End process"
end-workflow	Finaliza el workflow	2025-04-25T09:06:52.8839347Z [36;1mecho "End process"[0m
end-workflow	Finaliza el workflow	2025-04-25T09:06:52.8840529Z [36;1mRNNUMBER=$(echo "refs/heads/H220-web-de-resultados" | grep -o '[0-9]*')[0m
end-workflow	Finaliza el workflow	2025-04-25T09:06:52.8842067Z [36;1mgh issue comment $RNNUMBER --body "Se finaliza Ka0s 14660962513"[0m
end-workflow	Finaliza el workflow	2025-04-25T09:06:52.8844210Z [36;1mgh workflow run inspector.yml --ref 'main' -f kaos-issue-id=$RNNUMBER -f kaos-workflow-id="14660962513" -f kaos-user-start=""[0m
end-workflow	Finaliza el workflow	2025-04-25T09:06:52.8853144Z shell: /usr/bin/bash -e {0}
end-workflow	Finaliza el workflow	2025-04-25T09:06:52.8853963Z env:
end-workflow	Finaliza el workflow	2025-04-25T09:06:52.8855074Z   KAOS_CODE: 14660962513
end-workflow	Finaliza el workflow	2025-04-25T09:06:52.8855799Z   KAOS_EVENT_NAME: push
end-workflow	Finaliza el workflow	2025-04-25T09:06:52.8856513Z   KAOS_ACTION: 
end-workflow	Finaliza el workflow	2025-04-25T09:06:52.8857231Z   KAOS_REF: refs/heads/H220-web-de-resultados
end-workflow	Finaliza el workflow	2025-04-25T09:06:52.8858133Z   KAOS_MODULE: [Ka0S] kaos
end-workflow	Finaliza el workflow	2025-04-25T09:06:52.8858893Z   KAOS_PATH_RESUME: core/results/k/
end-workflow	Finaliza el workflow	2025-04-25T09:06:52.8859953Z   KAOS_JSON: core/results/k/event_data_
end-workflow	Finaliza el workflow	2025-04-25T09:06:52.8860811Z   KAOS_ACTOR: jh0ny2k2
end-workflow	Finaliza el workflow	2025-04-25T09:06:52.8861850Z   GH_TOKEN: ***
end-workflow	Finaliza el workflow	2025-04-25T09:06:52.8862476Z ##[endgroup]
end-workflow	Finaliza el workflow	2025-04-25T09:06:52.8918588Z End process
end-workflow	Finaliza el workflow	2025-04-25T09:06:53.8673495Z https://github.com/Ka0s-Klaus/ka0s/issues/220#issuecomment-2829818043
end-workflow	Post Checkout code	ï»¿2025-04-25T09:06:54.5377791Z Post job cleanup.
end-workflow	Post Checkout code	2025-04-25T09:06:54.6069295Z [command]/usr/bin/git version
end-workflow	Post Checkout code	2025-04-25T09:06:54.6100468Z git version 2.43.0
end-workflow	Post Checkout code	2025-04-25T09:06:54.6134707Z Copying '/home/kaos/.gitconfig' to '/actions-runner/_work/_temp/fa673256-19a8-4837-b05b-856c25057dba/.gitconfig'
end-workflow	Post Checkout code	2025-04-25T09:06:54.6146114Z Temporarily overriding HOME='/actions-runner/_work/_temp/fa673256-19a8-4837-b05b-856c25057dba' before making global git config changes
end-workflow	Post Checkout code	2025-04-25T09:06:54.6153112Z Adding repository directory to the temporary git global config as a safe directory
end-workflow	Post Checkout code	2025-04-25T09:06:54.6153568Z [command]/usr/bin/git config --global --add safe.directory /actions-runner/_work/ka0s/ka0s
end-workflow	Post Checkout code	2025-04-25T09:06:54.6246182Z [command]/usr/bin/git config --local --name-only --get-regexp core\.sshCommand
end-workflow	Post Checkout code	2025-04-25T09:06:54.6272649Z [command]/usr/bin/git submodule foreach --recursive sh -c "git config --local --name-only --get-regexp 'core\.sshCommand' && git config --local --unset-all 'core.sshCommand' || :"
end-workflow	Post Checkout code	2025-04-25T09:06:54.6513358Z [command]/usr/bin/git config --local --name-only --get-regexp http\.https\:\/\/github\.com\/\.extraheader
end-workflow	Post Checkout code	2025-04-25T09:06:54.6533192Z http.https://github.com/.extraheader
end-workflow	Post Checkout code	2025-04-25T09:06:54.6543975Z [command]/usr/bin/git config --local --unset-all http.https://github.com/.extraheader
end-workflow	Post Checkout code	2025-04-25T09:06:54.6575176Z [command]/usr/bin/git submodule foreach --recursive sh -c "git config --local --name-only --get-regexp 'http\.https\:\/\/github\.com\/\.extraheader' && git config --local --unset-all 'http.https://github.com/.extraheader' || :"
end-workflow	Complete job	ï»¿2025-04-25T09:06:54.6928608Z Cleaning up orphan processes
