job-core	Set up job	﻿2025-04-28T07:57:13.2257220Z Current runner version: '2.323.0'
job-core	Set up job	2025-04-28T07:57:13.2261100Z Runner name: 'ka0s-9'
job-core	Set up job	2025-04-28T07:57:13.2261645Z Machine name: '26a53205c9ac'
job-core	Set up job	2025-04-28T07:57:13.2263012Z ##[group]GITHUB_TOKEN Permissions
job-core	Set up job	2025-04-28T07:57:13.2264598Z Contents: read
job-core	Set up job	2025-04-28T07:57:13.2264910Z Metadata: read
job-core	Set up job	2025-04-28T07:57:13.2265200Z Packages: read
job-core	Set up job	2025-04-28T07:57:13.2265484Z ##[endgroup]
job-core	Set up job	2025-04-28T07:57:13.2266746Z Secret source: Actions
job-core	Set up job	2025-04-28T07:57:13.2267120Z Prepare workflow directory
job-core	Set up job	2025-04-28T07:57:13.2645249Z Prepare all required actions
job-core	Set up job	2025-04-28T07:57:13.2688657Z Getting action download info
job-core	Set up job	2025-04-28T07:57:13.6961401Z Download action repository 'actions/checkout@v3' (SHA:f43a0e5ff2bd294095638e18286ca9a3d1956744)
job-core	Set up job	2025-04-28T07:57:15.6352442Z Complete job name: job-core
job-core	Checkout repository	﻿2025-04-28T07:57:15.6685151Z ##[group]Run actions/checkout@v3
job-core	Checkout repository	2025-04-28T07:57:15.6686041Z with:
job-core	Checkout repository	2025-04-28T07:57:15.6686555Z   fetch-depth: 0
job-core	Checkout repository	2025-04-28T07:57:15.6687390Z   token: ***
job-core	Checkout repository	2025-04-28T07:57:15.6687950Z   repository: Ka0s-Klaus/ka0s
job-core	Checkout repository	2025-04-28T07:57:15.6688651Z   ssh-strict: true
job-core	Checkout repository	2025-04-28T07:57:15.6689238Z   persist-credentials: true
job-core	Checkout repository	2025-04-28T07:57:15.6689874Z   clean: true
job-core	Checkout repository	2025-04-28T07:57:15.6690444Z   sparse-checkout-cone-mode: true
job-core	Checkout repository	2025-04-28T07:57:15.6691139Z   fetch-tags: false
job-core	Checkout repository	2025-04-28T07:57:15.6691695Z   lfs: false
job-core	Checkout repository	2025-04-28T07:57:15.6692225Z   submodules: false
job-core	Checkout repository	2025-04-28T07:57:15.6692812Z   set-safe-directory: true
job-core	Checkout repository	2025-04-28T07:57:15.6713161Z env:
job-core	Checkout repository	2025-04-28T07:57:15.6714379Z   KAOS_CODE: 14703088720
job-core	Checkout repository	2025-04-28T07:57:15.6715272Z   KAOS_EVENT_NAME: workflow_dispatch
job-core	Checkout repository	2025-04-28T07:57:15.6716061Z   KAOS_ACTION: 
job-core	Checkout repository	2025-04-28T07:57:15.6716616Z   KAOS_REF: refs/heads/main
job-core	Checkout repository	2025-04-28T07:57:15.6717299Z   KAOS_MODULE: [Ka0S] Deploy Web Structure
job-core	Checkout repository	2025-04-28T07:57:15.6718112Z   KAOS_JSON_WEB: core/config/webs/webs.json
job-core	Checkout repository	2025-04-28T07:57:15.6718958Z   KAOS_JSON_RESUME: core/outputs/webs/
job-core	Checkout repository	2025-04-28T07:57:15.6719741Z   KAOS_JSON_DATA: core/web/data/data.json
job-core	Checkout repository	2025-04-28T07:57:15.6720540Z   KAOS_WEB_STRUCTURE: core/results/webs/
job-core	Checkout repository	2025-04-28T07:57:15.6721305Z   KAOS_ACTOR: AlejandroPB5
job-core	Checkout repository	2025-04-28T07:57:15.6721925Z ##[endgroup]
job-core	Checkout repository	2025-04-28T07:57:15.7337063Z Syncing repository: Ka0s-Klaus/ka0s
job-core	Checkout repository	2025-04-28T07:57:15.7338841Z ##[group]Getting Git version info
job-core	Checkout repository	2025-04-28T07:57:15.7339738Z Working directory is '/actions-runner/_work/ka0s/ka0s'
job-core	Checkout repository	2025-04-28T07:57:15.7341081Z [command]/usr/bin/git version
job-core	Checkout repository	2025-04-28T07:57:15.7341757Z git version 2.43.0
job-core	Checkout repository	2025-04-28T07:57:15.7347452Z ##[endgroup]
job-core	Checkout repository	2025-04-28T07:57:15.7363179Z Copying '/home/kaos/.gitconfig' to '/actions-runner/_work/_temp/557253b4-244b-487e-b592-04e72a8b8b39/.gitconfig'
job-core	Checkout repository	2025-04-28T07:57:15.7382209Z Temporarily overriding HOME='/actions-runner/_work/_temp/557253b4-244b-487e-b592-04e72a8b8b39' before making global git config changes
job-core	Checkout repository	2025-04-28T07:57:15.7384622Z Adding repository directory to the temporary git global config as a safe directory
job-core	Checkout repository	2025-04-28T07:57:15.7387078Z [command]/usr/bin/git config --global --add safe.directory /actions-runner/_work/ka0s/ka0s
job-core	Checkout repository	2025-04-28T07:57:15.7424300Z [command]/usr/bin/git config --local --get remote.origin.url
job-core	Checkout repository	2025-04-28T07:57:15.7442468Z https://github.com/Ka0s-Klaus/ka0s
job-core	Checkout repository	2025-04-28T07:57:15.7462660Z ##[group]Removing previously created refs, to avoid conflicts
job-core	Checkout repository	2025-04-28T07:57:15.7464712Z [command]/usr/bin/git rev-parse --symbolic-full-name --verify --quiet HEAD
job-core	Checkout repository	2025-04-28T07:57:15.7486516Z refs/heads/main
job-core	Checkout repository	2025-04-28T07:57:15.7496770Z [command]/usr/bin/git checkout --detach
job-core	Checkout repository	2025-04-28T07:57:15.7683052Z HEAD is now at 66a73ec8 [Ka0S] Uploading data files to web structure...
job-core	Checkout repository	2025-04-28T07:57:15.7717914Z [command]/usr/bin/git branch --delete --force main
job-core	Checkout repository	2025-04-28T07:57:15.7753325Z Deleted branch main (was 66a73ec8).
job-core	Checkout repository	2025-04-28T07:57:15.7804395Z ##[endgroup]
job-core	Checkout repository	2025-04-28T07:57:15.7805066Z [command]/usr/bin/git submodule status
job-core	Checkout repository	2025-04-28T07:57:15.8049436Z ##[group]Cleaning the repository
job-core	Checkout repository	2025-04-28T07:57:15.8050287Z [command]/usr/bin/git clean -ffdx
job-core	Checkout repository	2025-04-28T07:57:15.8100054Z Removing core/outputs/webs/dashboard/data-files-summary.json
job-core	Checkout repository	2025-04-28T07:57:15.8109628Z [command]/usr/bin/git reset --hard HEAD
job-core	Checkout repository	2025-04-28T07:57:15.8225349Z HEAD is now at 66a73ec8 [Ka0S] Uploading data files to web structure...
job-core	Checkout repository	2025-04-28T07:57:15.8227945Z ##[endgroup]
job-core	Checkout repository	2025-04-28T07:57:15.8229157Z ##[group]Disabling automatic garbage collection
job-core	Checkout repository	2025-04-28T07:57:15.8230260Z [command]/usr/bin/git config --local gc.auto 0
job-core	Checkout repository	2025-04-28T07:57:15.8253416Z ##[endgroup]
job-core	Checkout repository	2025-04-28T07:57:15.8254530Z ##[group]Setting up auth
job-core	Checkout repository	2025-04-28T07:57:15.8255749Z [command]/usr/bin/git config --local --name-only --get-regexp core\.sshCommand
job-core	Checkout repository	2025-04-28T07:57:15.8276139Z [command]/usr/bin/git submodule foreach --recursive sh -c "git config --local --name-only --get-regexp 'core\.sshCommand' && git config --local --unset-all 'core.sshCommand' || :"
job-core	Checkout repository	2025-04-28T07:57:15.8517311Z [command]/usr/bin/git config --local --name-only --get-regexp http\.https\:\/\/github\.com\/\.extraheader
job-core	Checkout repository	2025-04-28T07:57:15.8537010Z [command]/usr/bin/git submodule foreach --recursive sh -c "git config --local --name-only --get-regexp 'http\.https\:\/\/github\.com\/\.extraheader' && git config --local --unset-all 'http.https://github.com/.extraheader' || :"
job-core	Checkout repository	2025-04-28T07:57:15.8773627Z [command]/usr/bin/git config --local http.https://github.com/.extraheader AUTHORIZATION: basic ***
job-core	Checkout repository	2025-04-28T07:57:15.8816285Z ##[endgroup]
job-core	Checkout repository	2025-04-28T07:57:15.8817512Z ##[group]Fetching the repository
job-core	Checkout repository	2025-04-28T07:57:15.8819998Z [command]/usr/bin/git -c protocol.version=2 fetch --prune --progress --no-recurse-submodules origin +refs/heads/*:refs/remotes/origin/* +refs/tags/*:refs/tags/*
job-core	Checkout repository	2025-04-28T07:57:16.5444493Z remote: Enumerating objects: 36, done.        
job-core	Checkout repository	2025-04-28T07:57:16.5444981Z remote: Counting objects:   2% (1/36)        
job-core	Checkout repository	2025-04-28T07:57:16.5445421Z remote: Counting objects:   5% (2/36)        
job-core	Checkout repository	2025-04-28T07:57:16.5445727Z remote: Counting objects:   8% (3/36)        
job-core	Checkout repository	2025-04-28T07:57:16.5446037Z remote: Counting objects:  11% (4/36)        
job-core	Checkout repository	2025-04-28T07:57:16.5446294Z remote: Counting objects:  13% (5/36)        
job-core	Checkout repository	2025-04-28T07:57:16.5446560Z remote: Counting objects:  16% (6/36)        
job-core	Checkout repository	2025-04-28T07:57:16.5446813Z remote: Counting objects:  19% (7/36)        
job-core	Checkout repository	2025-04-28T07:57:16.5447089Z remote: Counting objects:  22% (8/36)        
job-core	Checkout repository	2025-04-28T07:57:16.5447320Z remote: Counting objects:  25% (9/36)        
job-core	Checkout repository	2025-04-28T07:57:16.5456094Z remote: Counting objects:  27% (10/36)        
job-core	Checkout repository	2025-04-28T07:57:16.5456986Z remote: Counting objects:  30% (11/36)        
job-core	Checkout repository	2025-04-28T07:57:16.5457445Z remote: Counting objects:  33% (12/36)        
job-core	Checkout repository	2025-04-28T07:57:16.5457738Z remote: Counting objects:  36% (13/36)        
job-core	Checkout repository	2025-04-28T07:57:16.5458053Z remote: Counting objects:  38% (14/36)        
job-core	Checkout repository	2025-04-28T07:57:16.5458279Z remote: Counting objects:  41% (15/36)        
job-core	Checkout repository	2025-04-28T07:57:16.5458515Z remote: Counting objects:  44% (16/36)        
job-core	Checkout repository	2025-04-28T07:57:16.5458769Z remote: Counting objects:  47% (17/36)        
job-core	Checkout repository	2025-04-28T07:57:16.5458998Z remote: Counting objects:  50% (18/36)        
job-core	Checkout repository	2025-04-28T07:57:16.5459219Z remote: Counting objects:  52% (19/36)        
job-core	Checkout repository	2025-04-28T07:57:16.5459450Z remote: Counting objects:  55% (20/36)        
job-core	Checkout repository	2025-04-28T07:57:16.5459672Z remote: Counting objects:  58% (21/36)        
job-core	Checkout repository	2025-04-28T07:57:16.5459895Z remote: Counting objects:  61% (22/36)        
job-core	Checkout repository	2025-04-28T07:57:16.5460109Z remote: Counting objects:  63% (23/36)        
job-core	Checkout repository	2025-04-28T07:57:16.5460332Z remote: Counting objects:  66% (24/36)        
job-core	Checkout repository	2025-04-28T07:57:16.5460553Z remote: Counting objects:  69% (25/36)        
job-core	Checkout repository	2025-04-28T07:57:16.5460942Z remote: Counting objects:  72% (26/36)        
job-core	Checkout repository	2025-04-28T07:57:16.5461204Z remote: Counting objects:  75% (27/36)        
job-core	Checkout repository	2025-04-28T07:57:16.5461487Z remote: Counting objects:  77% (28/36)        
job-core	Checkout repository	2025-04-28T07:57:16.5461854Z remote: Counting objects:  80% (29/36)        
job-core	Checkout repository	2025-04-28T07:57:16.5462128Z remote: Counting objects:  83% (30/36)        
job-core	Checkout repository	2025-04-28T07:57:16.5462401Z remote: Counting objects:  86% (31/36)        
job-core	Checkout repository	2025-04-28T07:57:16.5462658Z remote: Counting objects:  88% (32/36)        
job-core	Checkout repository	2025-04-28T07:57:16.5463350Z remote: Counting objects:  91% (33/36)        
job-core	Checkout repository	2025-04-28T07:57:16.5463617Z remote: Counting objects:  94% (34/36)        
job-core	Checkout repository	2025-04-28T07:57:16.5463951Z remote: Counting objects:  97% (35/36)        
job-core	Checkout repository	2025-04-28T07:57:16.5464215Z remote: Counting objects: 100% (36/36)        
job-core	Checkout repository	2025-04-28T07:57:16.5464502Z remote: Counting objects: 100% (36/36), done.        
job-core	Checkout repository	2025-04-28T07:57:16.5464801Z remote: Compressing objects:   7% (1/14)        
job-core	Checkout repository	2025-04-28T07:57:16.5465076Z remote: Compressing objects:  14% (2/14)        
job-core	Checkout repository	2025-04-28T07:57:16.5465353Z remote: Compressing objects:  21% (3/14)        
job-core	Checkout repository	2025-04-28T07:57:16.5465628Z remote: Compressing objects:  28% (4/14)        
job-core	Checkout repository	2025-04-28T07:57:16.5465897Z remote: Compressing objects:  35% (5/14)        
job-core	Checkout repository	2025-04-28T07:57:16.5466167Z remote: Compressing objects:  42% (6/14)        
job-core	Checkout repository	2025-04-28T07:57:16.5466518Z remote: Compressing objects:  50% (7/14)        
job-core	Checkout repository	2025-04-28T07:57:16.5466781Z remote: Compressing objects:  57% (8/14)        
job-core	Checkout repository	2025-04-28T07:57:16.5467050Z remote: Compressing objects:  64% (9/14)        
job-core	Checkout repository	2025-04-28T07:57:16.5467328Z remote: Compressing objects:  71% (10/14)        
job-core	Checkout repository	2025-04-28T07:57:16.5467604Z remote: Compressing objects:  78% (11/14)        
job-core	Checkout repository	2025-04-28T07:57:16.5467878Z remote: Compressing objects:  85% (12/14)        
job-core	Checkout repository	2025-04-28T07:57:16.5468146Z remote: Compressing objects:  92% (13/14)        
job-core	Checkout repository	2025-04-28T07:57:16.5468407Z remote: Compressing objects: 100% (14/14)        
job-core	Checkout repository	2025-04-28T07:57:16.5468697Z remote: Compressing objects: 100% (14/14), done.        
job-core	Checkout repository	2025-04-28T07:57:16.5469068Z remote: Total 25 (delta 14), reused 18 (delta 7), pack-reused 0 (from 0)        
job-core	Checkout repository	2025-04-28T07:57:16.5670356Z From https://github.com/Ka0s-Klaus/ka0s
job-core	Checkout repository	2025-04-28T07:57:16.5671034Z    66a73ec8..803f4852  main       -> origin/main
job-core	Checkout repository	2025-04-28T07:57:16.5704918Z [command]/usr/bin/git branch --list --remote origin/main
job-core	Checkout repository	2025-04-28T07:57:16.5731999Z   origin/main
job-core	Checkout repository	2025-04-28T07:57:16.5738916Z [command]/usr/bin/git rev-parse refs/remotes/origin/main
job-core	Checkout repository	2025-04-28T07:57:16.5758240Z 803f48527e8953c5b709103e4496a43b604b369a
job-core	Checkout repository	2025-04-28T07:57:16.5760230Z ##[endgroup]
job-core	Checkout repository	2025-04-28T07:57:16.5760571Z ##[group]Determining the checkout info
job-core	Checkout repository	2025-04-28T07:57:16.5761884Z ##[endgroup]
job-core	Checkout repository	2025-04-28T07:57:16.5762168Z ##[group]Checking out the ref
job-core	Checkout repository	2025-04-28T07:57:16.5767806Z [command]/usr/bin/git checkout --progress --force -B main refs/remotes/origin/main
job-core	Checkout repository	2025-04-28T07:57:16.5923008Z Previous HEAD position was 66a73ec8 [Ka0S] Uploading data files to web structure...
job-core	Checkout repository	2025-04-28T07:57:16.5927496Z Switched to a new branch 'main'
job-core	Checkout repository	2025-04-28T07:57:16.5927818Z branch 'main' set up to track 'origin/main'.
job-core	Checkout repository	2025-04-28T07:57:16.5936421Z ##[endgroup]
job-core	Checkout repository	2025-04-28T07:57:16.5972312Z [command]/usr/bin/git log -1 --format='%H'
job-core	Checkout repository	2025-04-28T07:57:16.5999824Z '803f48527e8953c5b709103e4496a43b604b369a'
job-core	Copy web folder structure	﻿2025-04-28T07:57:16.6182544Z ##[group]Run # Tenemos que añadir al proceso que sea capaz de leer + de un json de creación de webs
job-core	Copy web folder structure	2025-04-28T07:57:16.6183316Z [36;1m# Tenemos que añadir al proceso que sea capaz de leer + de un json de creación de webs[0m
job-core	Copy web folder structure	2025-04-28T07:57:16.6183670Z [36;1m# si web esta creada la actualiza, sino la crea desde cero[0m
job-core	Copy web folder structure	2025-04-28T07:57:16.6184072Z [36;1m[0m
job-core	Copy web folder structure	2025-04-28T07:57:16.6184307Z [36;1m# Read the structure.json file to get folder names[0m
job-core	Copy web folder structure	2025-04-28T07:57:16.6184615Z [36;1mecho "0 - Reading structure.json file..."[0m
job-core	Copy web folder structure	2025-04-28T07:57:16.6184905Z [36;1mSTRUCTURE_FILE="core/config/webs/webs.json"[0m
job-core	Copy web folder structure	2025-04-28T07:57:16.6185155Z [36;1m[0m
job-core	Copy web folder structure	2025-04-28T07:57:16.6185363Z [36;1m# Extract title for main folder name[0m
job-core	Copy web folder structure	2025-04-28T07:57:16.6185664Z [36;1mTITLE=$(cat $STRUCTURE_FILE | grep -o '"title": *"[^"]*"' | cut -d'"' -f4)[0m
job-core	Copy web folder structure	2025-04-28T07:57:16.6185981Z [36;1mecho "I - Main folder will be named: $TITLE"[0m
job-core	Copy web folder structure	2025-04-28T07:57:16.6186190Z [36;1m[0m
job-core	Copy web folder structure	2025-04-28T07:57:16.6186351Z [36;1m# Create main directory[0m
job-core	Copy web folder structure	2025-04-28T07:57:16.6186617Z [36;1mmkdir -p "core/results/webs/$TITLE"[0m
job-core	Copy web folder structure	2025-04-28T07:57:16.6186846Z [36;1mtouch core/results/webs/$TITLE/$TITLE".html"[0m
job-core	Copy web folder structure	2025-04-28T07:57:16.6187234Z [36;1mmkdir -p "core/outputs/webs/$TITLE"[0m
job-core	Copy web folder structure	2025-04-28T07:57:16.6187463Z [36;1mtouch core/outputs/webs/$TITLE/readme.txt[0m
job-core	Copy web folder structure	2025-04-28T07:57:16.6187667Z [36;1m[0m
job-core	Copy web folder structure	2025-04-28T07:57:16.6187849Z [36;1m# Copy the directory structure (without files)[0m
job-core	Copy web folder structure	2025-04-28T07:57:16.6188093Z [36;1mfind core/web -type d | while read dir; do[0m
job-core	Copy web folder structure	2025-04-28T07:57:16.6188312Z [36;1m  if [ "$dir" != "core/web" ]; then[0m
job-core	Copy web folder structure	2025-04-28T07:57:16.6188538Z [36;1m    # Remove core/web prefix from directory path[0m
job-core	Copy web folder structure	2025-04-28T07:57:16.6188768Z [36;1m    clean_dir=${dir#core/web/}[0m
job-core	Copy web folder structure	2025-04-28T07:57:16.6188987Z [36;1m    echo "II - Created directory: $clean_dir"[0m
job-core	Copy web folder structure	2025-04-28T07:57:16.6189232Z [36;1m    target_dir="core/results/webs/$TITLE/$clean_dir"[0m
job-core	Copy web folder structure	2025-04-28T07:57:16.6189464Z [36;1m    mkdir -p "$target_dir"[0m
job-core	Copy web folder structure	2025-04-28T07:57:16.6189674Z [36;1m    touch $target_dir/$clean_dir".html"[0m
job-core	Copy web folder structure	2025-04-28T07:57:16.6189906Z [36;1m    echo "II - Created directory: $target_dir"[0m
job-core	Copy web folder structure	2025-04-28T07:57:16.6190119Z [36;1m  fi[0m
job-core	Copy web folder structure	2025-04-28T07:57:16.6190278Z [36;1mdone[0m
job-core	Copy web folder structure	2025-04-28T07:57:16.6190437Z [36;1m[0m
job-core	Copy web folder structure	2025-04-28T07:57:16.6190623Z [36;1m# Extract section names and create subfolders[0m
job-core	Copy web folder structure	2025-04-28T07:57:16.6190921Z [36;1mcat $STRUCTURE_FILE | grep -o '"section[^"]*": *"[^"]*"' | while read -r section; do[0m
job-core	Copy web folder structure	2025-04-28T07:57:16.6191227Z [36;1m  SECTION_NAME=$(echo $section | cut -d'"' -f4)[0m
job-core	Copy web folder structure	2025-04-28T07:57:16.6191470Z [36;1m  echo "III - Creating subfolder: $SECTION_NAME"[0m
job-core	Copy web folder structure	2025-04-28T07:57:16.6191743Z [36;1m  mkdir -p "core/results/webs/$TITLE/structure/$SECTION_NAME"[0m
job-core	Copy web folder structure	2025-04-28T07:57:16.6192067Z [36;1m  touch core/results/webs/$TITLE/structure/$SECTION_NAME/$SECTION_NAME".html"[0m
job-core	Copy web folder structure	2025-04-28T07:57:16.6192337Z [36;1mdone[0m
job-core	Copy web folder structure	2025-04-28T07:57:16.6192496Z [36;1m[0m
job-core	Copy web folder structure	2025-04-28T07:57:16.6192695Z [36;1m# Create a JSON file with the structure information[0m
job-core	Copy web folder structure	2025-04-28T07:57:16.6192961Z [36;1mecho "[" > core/outputs/webs/$TITLE/$TITLE"_resume.json"[0m
job-core	Copy web folder structure	2025-04-28T07:57:16.6193393Z [36;1m# Find all files and directories[0m
job-core	Copy web folder structure	2025-04-28T07:57:16.6193676Z [36;1mfind core/results/webs/ -type f -o -type d | sort | while read path; do[0m
job-core	Copy web folder structure	2025-04-28T07:57:16.6194132Z [36;1m  if [ "$path" != "core/results/webs/" ]; then[0m
job-core	Copy web folder structure	2025-04-28T07:57:16.6194400Z [36;1m    # Get the type (file or directory)[0m
job-core	Copy web folder structure	2025-04-28T07:57:16.6194653Z [36;1m    if [ -d "$path" ]; then[0m
job-core	Copy web folder structure	2025-04-28T07:57:16.6194892Z [36;1m      TYPE="directory"[0m
job-core	Copy web folder structure	2025-04-28T07:57:16.6195112Z [36;1m    else[0m
job-core	Copy web folder structure	2025-04-28T07:57:16.6195309Z [36;1m      TYPE="file"[0m
job-core	Copy web folder structure	2025-04-28T07:57:16.6195487Z [36;1m    fi[0m
job-core	Copy web folder structure	2025-04-28T07:57:16.6195682Z [36;1m    # Get the name of the item (last part of path)[0m
job-core	Copy web folder structure	2025-04-28T07:57:16.6195905Z [36;1m    NAME=$(basename "$path")[0m
job-core	Copy web folder structure	2025-04-28T07:57:16.6196107Z [36;1m    # Create the JSON entry[0m
job-core	Copy web folder structure	2025-04-28T07:57:16.6196526Z [36;1m    echo "  {\"path\": \"$path\", \"name\": \"$NAME\", \"type\": \"$TYPE\"}," >> core/outputs/webs/$TITLE/$TITLE"_resume.json"[0m
job-core	Copy web folder structure	2025-04-28T07:57:16.6196811Z [36;1m  fi[0m
job-core	Copy web folder structure	2025-04-28T07:57:16.6196973Z [36;1mdone[0m
job-core	Copy web folder structure	2025-04-28T07:57:16.6197182Z [36;1m# Remove the last comma and close the JSON array[0m
job-core	Copy web folder structure	2025-04-28T07:57:16.6197475Z [36;1msed -i '$ s/,$//' core/outputs/webs/$TITLE/$TITLE"_resume.json"[0m
job-core	Copy web folder structure	2025-04-28T07:57:16.6197783Z [36;1mecho "]" >> core/outputs/webs/$TITLE/$TITLE"_resume.json"[0m
job-core	Copy web folder structure	2025-04-28T07:57:16.6198084Z [36;1mecho "IV - Web folder structure copied successfully!"[0m
job-core	Copy web folder structure	2025-04-28T07:57:16.6205453Z shell: /usr/bin/bash -e {0}
job-core	Copy web folder structure	2025-04-28T07:57:16.6205668Z env:
job-core	Copy web folder structure	2025-04-28T07:57:16.6205826Z   KAOS_CODE: 14703088720
job-core	Copy web folder structure	2025-04-28T07:57:16.6206014Z   KAOS_EVENT_NAME: workflow_dispatch
job-core	Copy web folder structure	2025-04-28T07:57:16.6206209Z   KAOS_ACTION: 
job-core	Copy web folder structure	2025-04-28T07:57:16.6206385Z   KAOS_REF: refs/heads/main
job-core	Copy web folder structure	2025-04-28T07:57:16.6206582Z   KAOS_MODULE: [Ka0S] Deploy Web Structure
job-core	Copy web folder structure	2025-04-28T07:57:16.6206807Z   KAOS_JSON_WEB: core/config/webs/webs.json
job-core	Copy web folder structure	2025-04-28T07:57:16.6207013Z   KAOS_JSON_RESUME: core/outputs/webs/
job-core	Copy web folder structure	2025-04-28T07:57:16.6207221Z   KAOS_JSON_DATA: core/web/data/data.json
job-core	Copy web folder structure	2025-04-28T07:57:16.6207537Z   KAOS_WEB_STRUCTURE: core/results/webs/
job-core	Copy web folder structure	2025-04-28T07:57:16.6207744Z   KAOS_ACTOR: AlejandroPB5
job-core	Copy web folder structure	2025-04-28T07:57:16.6207926Z ##[endgroup]
job-core	Copy web folder structure	2025-04-28T07:57:16.6246040Z 0 - Reading structure.json file...
job-core	Copy web folder structure	2025-04-28T07:57:16.6267519Z I - Main folder will be named: dashboard
job-core	Copy web folder structure	2025-04-28T07:57:16.6325262Z II - Created directory: data
job-core	Copy web folder structure	2025-04-28T07:57:16.6348194Z II - Created directory: core/results/webs/dashboard/data
job-core	Copy web folder structure	2025-04-28T07:57:16.6348529Z II - Created directory: templates
job-core	Copy web folder structure	2025-04-28T07:57:16.6373304Z II - Created directory: core/results/webs/dashboard/templates
job-core	Copy web folder structure	2025-04-28T07:57:16.6373656Z II - Created directory: custom
job-core	Copy web folder structure	2025-04-28T07:57:16.6397519Z II - Created directory: core/results/webs/dashboard/custom
job-core	Copy web folder structure	2025-04-28T07:57:16.6397858Z II - Created directory: js
job-core	Copy web folder structure	2025-04-28T07:57:16.6419378Z II - Created directory: core/results/webs/dashboard/js
job-core	Copy web folder structure	2025-04-28T07:57:16.6419717Z II - Created directory: structure
job-core	Copy web folder structure	2025-04-28T07:57:16.6442866Z II - Created directory: core/results/webs/dashboard/structure
job-core	Copy web folder structure	2025-04-28T07:57:16.6476114Z III - Creating subfolder: inicio
job-core	Copy web folder structure	2025-04-28T07:57:16.6510702Z III - Creating subfolder: workflows
job-core	Copy web folder structure	2025-04-28T07:57:16.6548102Z III - Creating subfolder: issues
job-core	Copy web folder structure	2025-04-28T07:57:16.6822181Z IV - Web folder structure copied successfully!
job-core	Upload Files	﻿2025-04-28T07:57:16.6847623Z ##[group]Run echo "Uploading files to the repository..."
job-core	Upload Files	2025-04-28T07:57:16.6847942Z [36;1mecho "Uploading files to the repository..."[0m
job-core	Upload Files	2025-04-28T07:57:16.6848308Z [36;1mgit config --global user.name "***"[0m
job-core	Upload Files	2025-04-28T07:57:16.6848570Z [36;1mgit config --global user.email "***"[0m
job-core	Upload Files	2025-04-28T07:57:16.6848782Z [36;1mgit pull[0m
job-core	Upload Files	2025-04-28T07:57:16.6849043Z [36;1m# Asegurarse de que la carpeta web_structure se añade explicitamente[0m
job-core	Upload Files	2025-04-28T07:57:16.6849320Z [36;1mgit add core/results/webs/*[0m
job-core	Upload Files	2025-04-28T07:57:16.6849546Z [36;1mgit add core/outputs/webs/*[0m
job-core	Upload Files	2025-04-28T07:57:16.6849776Z [36;1m# Verificar si hay cambios para hacer commit[0m
job-core	Upload Files	2025-04-28T07:57:16.6850032Z [36;1mif git diff --staged --quiet; then[0m
job-core	Upload Files	2025-04-28T07:57:16.6850265Z [36;1m  echo "No hay cambios para hacer commit"[0m
job-core	Upload Files	2025-04-28T07:57:16.6850470Z [36;1melse[0m
job-core	Upload Files	2025-04-28T07:57:16.6850746Z [36;1m  git commit -m "[Ka0S] Uploading resume execution files and web structure to the repository..."[0m
job-core	Upload Files	2025-04-28T07:57:16.6851105Z [36;1m  git push origin refs/heads/main[0m
job-core	Upload Files	2025-04-28T07:57:16.6851306Z [36;1mfi[0m
job-core	Upload Files	2025-04-28T07:57:16.6855709Z shell: /usr/bin/bash -e {0}
job-core	Upload Files	2025-04-28T07:57:16.6855909Z env:
job-core	Upload Files	2025-04-28T07:57:16.6856074Z   KAOS_CODE: 14703088720
job-core	Upload Files	2025-04-28T07:57:16.6856270Z   KAOS_EVENT_NAME: workflow_dispatch
job-core	Upload Files	2025-04-28T07:57:16.6856471Z   KAOS_ACTION: 
job-core	Upload Files	2025-04-28T07:57:16.6856642Z   KAOS_REF: refs/heads/main
job-core	Upload Files	2025-04-28T07:57:16.6856836Z   KAOS_MODULE: [Ka0S] Deploy Web Structure
job-core	Upload Files	2025-04-28T07:57:16.6857056Z   KAOS_JSON_WEB: core/config/webs/webs.json
job-core	Upload Files	2025-04-28T07:57:16.6857273Z   KAOS_JSON_RESUME: core/outputs/webs/
job-core	Upload Files	2025-04-28T07:57:16.6857484Z   KAOS_JSON_DATA: core/web/data/data.json
job-core	Upload Files	2025-04-28T07:57:16.6857705Z   KAOS_WEB_STRUCTURE: core/results/webs/
job-core	Upload Files	2025-04-28T07:57:16.6857913Z   KAOS_ACTOR: AlejandroPB5
job-core	Upload Files	2025-04-28T07:57:16.6858097Z ##[endgroup]
job-core	Upload Files	2025-04-28T07:57:16.6881579Z Uploading files to the repository...
job-core	Upload Files	2025-04-28T07:57:17.4361983Z Already up to date.
job-core	Upload Files	2025-04-28T07:57:17.4594326Z [main 8394d5a3] [Ka0S] Uploading resume execution files and web structure to the repository...
job-core	Upload Files	2025-04-28T07:57:17.4596213Z  11 files changed, 15 deletions(-)
job-core	Upload Files	2025-04-28T07:57:17.4596782Z  create mode 100644 core/outputs/webs/dashboard/readme.txt
job-core	Upload Files	2025-04-28T07:57:17.4597113Z  create mode 100644 core/results/webs/dashboard/custom/custom.html
job-core	Upload Files	2025-04-28T07:57:17.4597414Z  create mode 100644 core/results/webs/dashboard/dashboard.html
job-core	Upload Files	2025-04-28T07:57:17.4597708Z  create mode 100644 core/results/webs/dashboard/data/data.html
job-core	Upload Files	2025-04-28T07:57:17.4597992Z  create mode 100644 core/results/webs/dashboard/js/js.html
job-core	Upload Files	2025-04-28T07:57:17.4598331Z  create mode 100644 core/results/webs/dashboard/structure/inicio/inicio.html
job-core	Upload Files	2025-04-28T07:57:17.4598891Z  create mode 100644 core/results/webs/dashboard/structure/issues/issues.html
job-core	Upload Files	2025-04-28T07:57:17.4599222Z  create mode 100644 core/results/webs/dashboard/structure/structure.html
job-core	Upload Files	2025-04-28T07:57:17.4599591Z  create mode 100644 core/results/webs/dashboard/structure/workflows/workflows.html
job-core	Upload Files	2025-04-28T07:57:17.4599959Z  create mode 100644 core/results/webs/dashboard/templates/templates.html
job-core	Upload Files	2025-04-28T07:57:18.4896034Z To https://github.com/Ka0s-Klaus/ka0s
job-core	Upload Files	2025-04-28T07:57:18.4896784Z    803f4852..8394d5a3  main -> main
job-core	Post Checkout repository	﻿2025-04-28T07:57:18.5004692Z Post job cleanup.
job-core	Post Checkout repository	2025-04-28T07:57:18.5483659Z [command]/usr/bin/git version
job-core	Post Checkout repository	2025-04-28T07:57:18.5510129Z git version 2.43.0
job-core	Post Checkout repository	2025-04-28T07:57:18.5533546Z Copying '/home/kaos/.gitconfig' to '/actions-runner/_work/_temp/cedd7230-9575-4998-84c5-9d5bf030f478/.gitconfig'
job-core	Post Checkout repository	2025-04-28T07:57:18.5545575Z Temporarily overriding HOME='/actions-runner/_work/_temp/cedd7230-9575-4998-84c5-9d5bf030f478' before making global git config changes
job-core	Post Checkout repository	2025-04-28T07:57:18.5546379Z Adding repository directory to the temporary git global config as a safe directory
job-core	Post Checkout repository	2025-04-28T07:57:18.5547839Z [command]/usr/bin/git config --global --add safe.directory /actions-runner/_work/ka0s/ka0s
job-core	Post Checkout repository	2025-04-28T07:57:18.5576795Z [command]/usr/bin/git config --local --name-only --get-regexp core\.sshCommand
job-core	Post Checkout repository	2025-04-28T07:57:18.5601121Z [command]/usr/bin/git submodule foreach --recursive sh -c "git config --local --name-only --get-regexp 'core\.sshCommand' && git config --local --unset-all 'core.sshCommand' || :"
job-core	Post Checkout repository	2025-04-28T07:57:18.5839173Z [command]/usr/bin/git config --local --name-only --get-regexp http\.https\:\/\/github\.com\/\.extraheader
job-core	Post Checkout repository	2025-04-28T07:57:18.5859762Z http.https://github.com/.extraheader
job-core	Post Checkout repository	2025-04-28T07:57:18.5866003Z [command]/usr/bin/git config --local --unset-all http.https://github.com/.extraheader
job-core	Post Checkout repository	2025-04-28T07:57:18.5891128Z [command]/usr/bin/git submodule foreach --recursive sh -c "git config --local --name-only --get-regexp 'http\.https\:\/\/github\.com\/\.extraheader' && git config --local --unset-all 'http.https://github.com/.extraheader' || :"
job-core	Complete job	﻿2025-04-28T07:57:18.6219057Z Cleaning up orphan processes
job-data	Set up job	﻿2025-04-28T07:57:25.5759956Z Current runner version: '2.323.0'
job-data	Set up job	2025-04-28T07:57:25.5763851Z Runner name: 'ka0s-10'
job-data	Set up job	2025-04-28T07:57:25.5764435Z Machine name: '26a53205c9ac'
job-data	Set up job	2025-04-28T07:57:25.5765833Z ##[group]GITHUB_TOKEN Permissions
job-data	Set up job	2025-04-28T07:57:25.5767281Z Contents: read
job-data	Set up job	2025-04-28T07:57:25.5767572Z Metadata: read
job-data	Set up job	2025-04-28T07:57:25.5767850Z Packages: read
job-data	Set up job	2025-04-28T07:57:25.5768124Z ##[endgroup]
job-data	Set up job	2025-04-28T07:57:25.5769478Z Secret source: Actions
job-data	Set up job	2025-04-28T07:57:25.5769846Z Prepare workflow directory
job-data	Set up job	2025-04-28T07:57:25.6174049Z Prepare all required actions
job-data	Set up job	2025-04-28T07:57:25.6202840Z Getting action download info
job-data	Set up job	2025-04-28T07:57:26.0971557Z Download action repository 'actions/checkout@v3' (SHA:f43a0e5ff2bd294095638e18286ca9a3d1956744)
job-data	Set up job	2025-04-28T07:57:26.7987940Z Complete job name: job-data
job-data	Checkout repository	﻿2025-04-28T07:57:26.8278204Z ##[group]Run actions/checkout@v3
job-data	Checkout repository	2025-04-28T07:57:26.8278749Z with:
job-data	Checkout repository	2025-04-28T07:57:26.8279047Z   fetch-depth: 0
job-data	Checkout repository	2025-04-28T07:57:26.8279522Z   token: ***
job-data	Checkout repository	2025-04-28T07:57:26.8279833Z   repository: Ka0s-Klaus/ka0s
job-data	Checkout repository	2025-04-28T07:57:26.8280237Z   ssh-strict: true
job-data	Checkout repository	2025-04-28T07:57:26.8280565Z   persist-credentials: true
job-data	Checkout repository	2025-04-28T07:57:26.8280915Z   clean: true
job-data	Checkout repository	2025-04-28T07:57:26.8281230Z   sparse-checkout-cone-mode: true
job-data	Checkout repository	2025-04-28T07:57:26.8281603Z   fetch-tags: false
job-data	Checkout repository	2025-04-28T07:57:26.8281911Z   lfs: false
job-data	Checkout repository	2025-04-28T07:57:26.8282199Z   submodules: false
job-data	Checkout repository	2025-04-28T07:57:26.8282517Z   set-safe-directory: true
job-data	Checkout repository	2025-04-28T07:57:26.8282945Z env:
job-data	Checkout repository	2025-04-28T07:57:26.8283239Z   KAOS_CODE: 14703088720
job-data	Checkout repository	2025-04-28T07:57:26.8283586Z   KAOS_EVENT_NAME: workflow_dispatch
job-data	Checkout repository	2025-04-28T07:57:26.8284195Z   KAOS_ACTION: 
job-data	Checkout repository	2025-04-28T07:57:26.8284551Z   KAOS_REF: refs/heads/main
job-data	Checkout repository	2025-04-28T07:57:26.8304940Z   KAOS_MODULE: [Ka0S] Deploy Web Structure
job-data	Checkout repository	2025-04-28T07:57:26.8305773Z   KAOS_JSON_WEB: core/config/webs/webs.json
job-data	Checkout repository	2025-04-28T07:57:26.8306237Z   KAOS_JSON_RESUME: core/outputs/webs/
job-data	Checkout repository	2025-04-28T07:57:26.8306643Z   KAOS_JSON_DATA: core/web/data/data.json
job-data	Checkout repository	2025-04-28T07:57:26.8307056Z   KAOS_WEB_STRUCTURE: core/results/webs/
job-data	Checkout repository	2025-04-28T07:57:26.8307454Z   KAOS_ACTOR: AlejandroPB5
job-data	Checkout repository	2025-04-28T07:57:26.8307792Z ##[endgroup]
job-data	Checkout repository	2025-04-28T07:57:26.8887348Z Syncing repository: Ka0s-Klaus/ka0s
job-data	Checkout repository	2025-04-28T07:57:26.8888948Z ##[group]Getting Git version info
job-data	Checkout repository	2025-04-28T07:57:26.8889511Z Working directory is '/actions-runner/_work/ka0s/ka0s'
job-data	Checkout repository	2025-04-28T07:57:26.8890200Z [command]/usr/bin/git version
job-data	Checkout repository	2025-04-28T07:57:26.8890605Z git version 2.43.0
job-data	Checkout repository	2025-04-28T07:57:26.8904517Z ##[endgroup]
job-data	Checkout repository	2025-04-28T07:57:26.8914204Z Copying '/home/kaos/.gitconfig' to '/actions-runner/_work/_temp/d5ac44c9-230f-41d2-8863-f37a132d9d81/.gitconfig'
job-data	Checkout repository	2025-04-28T07:57:26.8928311Z Temporarily overriding HOME='/actions-runner/_work/_temp/d5ac44c9-230f-41d2-8863-f37a132d9d81' before making global git config changes
job-data	Checkout repository	2025-04-28T07:57:26.8929502Z Adding repository directory to the temporary git global config as a safe directory
job-data	Checkout repository	2025-04-28T07:57:26.8930342Z [command]/usr/bin/git config --global --add safe.directory /actions-runner/_work/ka0s/ka0s
job-data	Checkout repository	2025-04-28T07:57:26.8959540Z [command]/usr/bin/git config --local --get remote.origin.url
job-data	Checkout repository	2025-04-28T07:57:26.8978523Z https://github.com/Ka0s-Klaus/ka0s
job-data	Checkout repository	2025-04-28T07:57:26.8998845Z ##[group]Removing previously created refs, to avoid conflicts
job-data	Checkout repository	2025-04-28T07:57:26.9001995Z [command]/usr/bin/git rev-parse --symbolic-full-name --verify --quiet HEAD
job-data	Checkout repository	2025-04-28T07:57:26.9019550Z refs/heads/main
job-data	Checkout repository	2025-04-28T07:57:26.9029108Z [command]/usr/bin/git checkout --detach
job-data	Checkout repository	2025-04-28T07:57:26.9104382Z HEAD is now at 9122aa81 [Ka0S] Reverting changes due to workflow failure
job-data	Checkout repository	2025-04-28T07:57:26.9147234Z [command]/usr/bin/git branch --delete --force main
job-data	Checkout repository	2025-04-28T07:57:26.9172054Z Deleted branch main (was 9122aa81).
job-data	Checkout repository	2025-04-28T07:57:26.9207444Z ##[endgroup]
job-data	Checkout repository	2025-04-28T07:57:26.9208081Z [command]/usr/bin/git submodule status
job-data	Checkout repository	2025-04-28T07:57:26.9448668Z ##[group]Cleaning the repository
job-data	Checkout repository	2025-04-28T07:57:26.9449495Z [command]/usr/bin/git clean -ffdx
job-data	Checkout repository	2025-04-28T07:57:26.9503508Z [command]/usr/bin/git reset --hard HEAD
job-data	Checkout repository	2025-04-28T07:57:26.9611544Z HEAD is now at 9122aa81 [Ka0S] Reverting changes due to workflow failure
job-data	Checkout repository	2025-04-28T07:57:26.9613886Z ##[endgroup]
job-data	Checkout repository	2025-04-28T07:57:26.9615080Z ##[group]Disabling automatic garbage collection
job-data	Checkout repository	2025-04-28T07:57:26.9617950Z [command]/usr/bin/git config --local gc.auto 0
job-data	Checkout repository	2025-04-28T07:57:26.9642104Z ##[endgroup]
job-data	Checkout repository	2025-04-28T07:57:26.9642895Z ##[group]Setting up auth
job-data	Checkout repository	2025-04-28T07:57:26.9643718Z [command]/usr/bin/git config --local --name-only --get-regexp core\.sshCommand
job-data	Checkout repository	2025-04-28T07:57:26.9665847Z [command]/usr/bin/git submodule foreach --recursive sh -c "git config --local --name-only --get-regexp 'core\.sshCommand' && git config --local --unset-all 'core.sshCommand' || :"
job-data	Checkout repository	2025-04-28T07:57:26.9893995Z [command]/usr/bin/git config --local --name-only --get-regexp http\.https\:\/\/github\.com\/\.extraheader
job-data	Checkout repository	2025-04-28T07:57:26.9915426Z [command]/usr/bin/git submodule foreach --recursive sh -c "git config --local --name-only --get-regexp 'http\.https\:\/\/github\.com\/\.extraheader' && git config --local --unset-all 'http.https://github.com/.extraheader' || :"
job-data	Checkout repository	2025-04-28T07:57:27.0154103Z [command]/usr/bin/git config --local http.https://github.com/.extraheader AUTHORIZATION: basic ***
job-data	Checkout repository	2025-04-28T07:57:27.0189601Z ##[endgroup]
job-data	Checkout repository	2025-04-28T07:57:27.0190420Z ##[group]Fetching the repository
job-data	Checkout repository	2025-04-28T07:57:27.0192968Z [command]/usr/bin/git -c protocol.version=2 fetch --prune --progress --no-recurse-submodules origin +refs/heads/*:refs/remotes/origin/* +refs/tags/*:refs/tags/*
job-data	Checkout repository	2025-04-28T07:57:27.6635275Z remote: Enumerating objects: 47, done.        
job-data	Checkout repository	2025-04-28T07:57:27.6636584Z remote: Counting objects:   2% (1/47)        
job-data	Checkout repository	2025-04-28T07:57:27.6637509Z remote: Counting objects:   4% (2/47)        
job-data	Checkout repository	2025-04-28T07:57:27.6638278Z remote: Counting objects:   6% (3/47)        
job-data	Checkout repository	2025-04-28T07:57:27.6639037Z remote: Counting objects:   8% (4/47)        
job-data	Checkout repository	2025-04-28T07:57:27.6639856Z remote: Counting objects:  10% (5/47)        
job-data	Checkout repository	2025-04-28T07:57:27.6640621Z remote: Counting objects:  12% (6/47)        
job-data	Checkout repository	2025-04-28T07:57:27.6641385Z remote: Counting objects:  14% (7/47)        
job-data	Checkout repository	2025-04-28T07:57:27.6642157Z remote: Counting objects:  17% (8/47)        
job-data	Checkout repository	2025-04-28T07:57:27.6642915Z remote: Counting objects:  19% (9/47)        
job-data	Checkout repository	2025-04-28T07:57:27.6643960Z remote: Counting objects:  21% (10/47)        
job-data	Checkout repository	2025-04-28T07:57:27.6644790Z remote: Counting objects:  23% (11/47)        
job-data	Checkout repository	2025-04-28T07:57:27.6645624Z remote: Counting objects:  25% (12/47)        
job-data	Checkout repository	2025-04-28T07:57:27.6646463Z remote: Counting objects:  27% (13/47)        
job-data	Checkout repository	2025-04-28T07:57:27.6647317Z remote: Counting objects:  29% (14/47)        
job-data	Checkout repository	2025-04-28T07:57:27.6648135Z remote: Counting objects:  31% (15/47)        
job-data	Checkout repository	2025-04-28T07:57:27.6648967Z remote: Counting objects:  34% (16/47)        
job-data	Checkout repository	2025-04-28T07:57:27.6649813Z remote: Counting objects:  36% (17/47)        
job-data	Checkout repository	2025-04-28T07:57:27.6650940Z remote: Counting objects:  38% (18/47)        
job-data	Checkout repository	2025-04-28T07:57:27.6651825Z remote: Counting objects:  40% (19/47)        
job-data	Checkout repository	2025-04-28T07:57:27.6652663Z remote: Counting objects:  42% (20/47)        
job-data	Checkout repository	2025-04-28T07:57:27.6653804Z remote: Counting objects:  44% (21/47)        
job-data	Checkout repository	2025-04-28T07:57:27.6654920Z remote: Counting objects:  46% (22/47)        
job-data	Checkout repository	2025-04-28T07:57:27.6655942Z remote: Counting objects:  48% (23/47)        
job-data	Checkout repository	2025-04-28T07:57:27.6656998Z remote: Counting objects:  51% (24/47)        
job-data	Checkout repository	2025-04-28T07:57:27.6658034Z remote: Counting objects:  53% (25/47)        
job-data	Checkout repository	2025-04-28T07:57:27.6659102Z remote: Counting objects:  55% (26/47)        
job-data	Checkout repository	2025-04-28T07:57:27.6660194Z remote: Counting objects:  57% (27/47)        
job-data	Checkout repository	2025-04-28T07:57:27.6661274Z remote: Counting objects:  59% (28/47)        
job-data	Checkout repository	2025-04-28T07:57:27.6662370Z remote: Counting objects:  61% (29/47)        
job-data	Checkout repository	2025-04-28T07:57:27.6663817Z remote: Counting objects:  63% (30/47)        
job-data	Checkout repository	2025-04-28T07:57:27.6665153Z remote: Counting objects:  65% (31/47)        
job-data	Checkout repository	2025-04-28T07:57:27.6666331Z remote: Counting objects:  68% (32/47)        
job-data	Checkout repository	2025-04-28T07:57:27.6667420Z remote: Counting objects:  70% (33/47)        
job-data	Checkout repository	2025-04-28T07:57:27.6668546Z remote: Counting objects:  72% (34/47)        
job-data	Checkout repository	2025-04-28T07:57:27.6669979Z remote: Counting objects:  74% (35/47)        
job-data	Checkout repository	2025-04-28T07:57:27.6671137Z remote: Counting objects:  76% (36/47)        
job-data	Checkout repository	2025-04-28T07:57:27.6672302Z remote: Counting objects:  78% (37/47)        
job-data	Checkout repository	2025-04-28T07:57:27.6673452Z remote: Counting objects:  80% (38/47)        
job-data	Checkout repository	2025-04-28T07:57:27.6675028Z remote: Counting objects:  82% (39/47)        
job-data	Checkout repository	2025-04-28T07:57:27.6676321Z remote: Counting objects:  85% (40/47)        
job-data	Checkout repository	2025-04-28T07:57:27.6677457Z remote: Counting objects:  87% (41/47)        
job-data	Checkout repository	2025-04-28T07:57:27.6678591Z remote: Counting objects:  89% (42/47)        
job-data	Checkout repository	2025-04-28T07:57:27.6679704Z remote: Counting objects:  91% (43/47)        
job-data	Checkout repository	2025-04-28T07:57:27.6680791Z remote: Counting objects:  93% (44/47)        
job-data	Checkout repository	2025-04-28T07:57:27.6681927Z remote: Counting objects:  95% (45/47)        
job-data	Checkout repository	2025-04-28T07:57:27.6682974Z remote: Counting objects:  97% (46/47)        
job-data	Checkout repository	2025-04-28T07:57:27.6684201Z remote: Counting objects: 100% (47/47)        
job-data	Checkout repository	2025-04-28T07:57:27.6685436Z remote: Counting objects: 100% (47/47), done.        
job-data	Checkout repository	2025-04-28T07:57:27.6686551Z remote: Compressing objects:   5% (1/19)        
job-data	Checkout repository	2025-04-28T07:57:27.6687629Z remote: Compressing objects:  10% (2/19)        
job-data	Checkout repository	2025-04-28T07:57:27.6688695Z remote: Compressing objects:  15% (3/19)        
job-data	Checkout repository	2025-04-28T07:57:27.6689758Z remote: Compressing objects:  21% (4/19)        
job-data	Checkout repository	2025-04-28T07:57:27.6690817Z remote: Compressing objects:  26% (5/19)        
job-data	Checkout repository	2025-04-28T07:57:27.6691870Z remote: Compressing objects:  31% (6/19)        
job-data	Checkout repository	2025-04-28T07:57:27.6692921Z remote: Compressing objects:  36% (7/19)        
job-data	Checkout repository	2025-04-28T07:57:27.6694225Z remote: Compressing objects:  42% (8/19)        
job-data	Checkout repository	2025-04-28T07:57:27.6695386Z remote: Compressing objects:  47% (9/19)        
job-data	Checkout repository	2025-04-28T07:57:27.6696497Z remote: Compressing objects:  52% (10/19)        
job-data	Checkout repository	2025-04-28T07:57:27.6697618Z remote: Compressing objects:  57% (11/19)        
job-data	Checkout repository	2025-04-28T07:57:27.6698698Z remote: Compressing objects:  63% (12/19)        
job-data	Checkout repository	2025-04-28T07:57:27.6699784Z remote: Compressing objects:  68% (13/19)        
job-data	Checkout repository	2025-04-28T07:57:27.6700864Z remote: Compressing objects:  73% (14/19)        
job-data	Checkout repository	2025-04-28T07:57:27.6701951Z remote: Compressing objects:  78% (15/19)        
job-data	Checkout repository	2025-04-28T07:57:27.6703027Z remote: Compressing objects:  84% (16/19)        
job-data	Checkout repository	2025-04-28T07:57:27.6704189Z remote: Compressing objects:  89% (17/19)        
job-data	Checkout repository	2025-04-28T07:57:27.6705442Z remote: Compressing objects:  94% (18/19)        
job-data	Checkout repository	2025-04-28T07:57:27.6706539Z remote: Compressing objects: 100% (19/19)        
job-data	Checkout repository	2025-04-28T07:57:27.6707712Z remote: Compressing objects: 100% (19/19), done.        
job-data	Checkout repository	2025-04-28T07:57:27.6918807Z remote: Total 35 (delta 15), reused 25 (delta 7), pack-reused 0 (from 0)        
job-data	Checkout repository	2025-04-28T07:57:27.7035715Z From https://github.com/Ka0s-Klaus/ka0s
job-data	Checkout repository	2025-04-28T07:57:27.7037416Z    9122aa81..8394d5a3  main       -> origin/main
job-data	Checkout repository	2025-04-28T07:57:27.7072102Z [command]/usr/bin/git branch --list --remote origin/main
job-data	Checkout repository	2025-04-28T07:57:27.7099177Z   origin/main
job-data	Checkout repository	2025-04-28T07:57:27.7107502Z [command]/usr/bin/git rev-parse refs/remotes/origin/main
job-data	Checkout repository	2025-04-28T07:57:27.7124341Z 8394d5a39479f5a3c7dc713d3cc6db74330bb4bf
job-data	Checkout repository	2025-04-28T07:57:27.7133790Z [command]/usr/bin/git -c protocol.version=2 fetch --no-tags --prune --progress --no-recurse-submodules origin +803f48527e8953c5b709103e4496a43b604b369a:refs/remotes/origin/main
job-data	Checkout repository	2025-04-28T07:57:27.7245161Z From https://github.com/Ka0s-Klaus/ka0s
job-data	Checkout repository	2025-04-28T07:57:27.7247162Z  + 8394d5a3...803f4852 803f48527e8953c5b709103e4496a43b604b369a -> origin/main  (forced update)
job-data	Checkout repository	2025-04-28T07:57:27.7265935Z ##[endgroup]
job-data	Checkout repository	2025-04-28T07:57:27.7267318Z ##[group]Determining the checkout info
job-data	Checkout repository	2025-04-28T07:57:27.7268862Z ##[endgroup]
job-data	Checkout repository	2025-04-28T07:57:27.7270150Z ##[group]Checking out the ref
job-data	Checkout repository	2025-04-28T07:57:27.7271648Z [command]/usr/bin/git checkout --progress --force -B main refs/remotes/origin/main
job-data	Checkout repository	2025-04-28T07:57:27.7408269Z Previous HEAD position was 9122aa81 [Ka0S] Reverting changes due to workflow failure
job-data	Checkout repository	2025-04-28T07:57:27.7410352Z Switched to a new branch 'main'
job-data	Checkout repository	2025-04-28T07:57:27.7411418Z branch 'main' set up to track 'origin/main'.
job-data	Checkout repository	2025-04-28T07:57:27.7414297Z ##[endgroup]
job-data	Checkout repository	2025-04-28T07:57:27.7439340Z [command]/usr/bin/git log -1 --format='%H'
job-data	Checkout repository	2025-04-28T07:57:27.7457301Z '803f48527e8953c5b709103e4496a43b604b369a'
job-data	Copy data files to web structure	﻿2025-04-28T07:57:27.7622016Z ##[group]Run echo "Reading data.json file..."
job-data	Copy data files to web structure	2025-04-28T07:57:27.7623091Z [36;1mecho "Reading data.json file..."[0m
job-data	Copy data files to web structure	2025-04-28T07:57:27.7624032Z [36;1mDATA_FILE="core/web/data/data.json"[0m
job-data	Copy data files to web structure	2025-04-28T07:57:27.7625144Z [36;1mecho "Data file: $DATA_FILE"[0m
job-data	Copy data files to web structure	2025-04-28T07:57:27.7625903Z [36;1m[0m
job-data	Copy data files to web structure	2025-04-28T07:57:27.7626663Z [36;1m# Extract title for main folder name from structure file[0m
job-data	Copy data files to web structure	2025-04-28T07:57:27.7627751Z [36;1mSTRUCTURE_FILE="core/config/webs/webs.json"[0m
job-data	Copy data files to web structure	2025-04-28T07:57:27.7628943Z [36;1mTITLE=$(cat $STRUCTURE_FILE | grep -o '"title": *"[^"]*"' | cut -d'"' -f4)[0m
job-data	Copy data files to web structure	2025-04-28T07:57:27.7630030Z [36;1mif [ -z "$TITLE" ]; then[0m
job-data	Copy data files to web structure	2025-04-28T07:57:27.7630757Z [36;1m  TITLE="dashboard"[0m
job-data	Copy data files to web structure	2025-04-28T07:57:27.7631659Z [36;1m  echo "Title not found in JSON file, using default: $TITLE"[0m
job-data	Copy data files to web structure	2025-04-28T07:57:27.7632611Z [36;1melse[0m
job-data	Copy data files to web structure	2025-04-28T07:57:27.7633238Z [36;1m  echo "Main folder is named: $TITLE"[0m
job-data	Copy data files to web structure	2025-04-28T07:57:27.7634054Z [36;1mfi[0m
job-data	Copy data files to web structure	2025-04-28T07:57:27.7634668Z [36;1m[0m
job-data	Copy data files to web structure	2025-04-28T07:57:27.7635413Z [36;1m# Create data directory if it doesn't exist[0m
job-data	Copy data files to web structure	2025-04-28T07:57:27.7636340Z [36;1mmkdir -p "core/results/webs/$TITLE/data"[0m
job-data	Copy data files to web structure	2025-04-28T07:57:27.7637152Z [36;1m[0m
job-data	Copy data files to web structure	2025-04-28T07:57:27.7637728Z [36;1m# Read data.json and copy files[0m
job-data	Copy data files to web structure	2025-04-28T07:57:27.7638510Z [36;1mif [ -f "$DATA_FILE" ]; then[0m
job-data	Copy data files to web structure	2025-04-28T07:57:27.7639377Z [36;1m  echo "Processing data files from data.json..."[0m
job-data	Copy data files to web structure	2025-04-28T07:57:27.7640233Z [36;1m  [0m
job-data	Copy data files to web structure	2025-04-28T07:57:27.7640858Z [36;1m  # Extract source and destination paths[0m
job-data	Copy data files to web structure	2025-04-28T07:57:27.7641844Z [36;1m  jq -c '.dataFiles[]' "$DATA_FILE" | while read -r file; do[0m
job-data	Copy data files to web structure	2025-04-28T07:57:27.7642868Z [36;1m    SOURCE=$(echo $file | jq -r '.source')[0m
job-data	Copy data files to web structure	2025-04-28T07:57:27.7643831Z [36;1m    DEST=$(echo $file | jq -r '.destination')[0m
job-data	Copy data files to web structure	2025-04-28T07:57:27.7644862Z [36;1m    echo "Source: $SOURCE"[0m
job-data	Copy data files to web structure	2025-04-28T07:57:27.7645657Z [36;1m    echo "Destination: $DEST"[0m
job-data	Copy data files to web structure	2025-04-28T07:57:27.7646390Z [36;1m[0m
job-data	Copy data files to web structure	2025-04-28T07:57:27.7647011Z [36;1m    # Ensure destination directory exists[0m
job-data	Copy data files to web structure	2025-04-28T07:57:27.7647992Z [36;1m    DEST_DIR=$(dirname "core/results/webs/$TITLE/$DEST")[0m
job-data	Copy data files to web structure	2025-04-28T07:57:27.7648929Z [36;1m    mkdir -p "$DEST_DIR"[0m
job-data	Copy data files to web structure	2025-04-28T07:57:27.7649725Z [36;1m    echo "Destination directory: $DEST_DIR"[0m
job-data	Copy data files to web structure	2025-04-28T07:57:27.7650532Z [36;1m    [0m
job-data	Copy data files to web structure	2025-04-28T07:57:27.7651096Z [36;1m    # Copy the file[0m
job-data	Copy data files to web structure	2025-04-28T07:57:27.7651784Z [36;1m    if [ -f "$SOURCE" ]; then[0m
job-data	Copy data files to web structure	2025-04-28T07:57:27.7652729Z [36;1m      echo "Copying $SOURCE to core/results/webs/$TITLE/$DEST"[0m
job-data	Copy data files to web structure	2025-04-28T07:57:27.7653840Z [36;1m      cp "$SOURCE" "core/results/webs/$TITLE/$DEST"[0m
job-data	Copy data files to web structure	2025-04-28T07:57:27.7654846Z [36;1m    else[0m
job-data	Copy data files to web structure	2025-04-28T07:57:27.7655683Z [36;1m      echo "Warning: Source file $SOURCE not found"[0m
job-data	Copy data files to web structure	2025-04-28T07:57:27.7656534Z [36;1m    fi[0m
job-data	Copy data files to web structure	2025-04-28T07:57:27.7657093Z [36;1m  done[0m
job-data	Copy data files to web structure	2025-04-28T07:57:27.7657634Z [36;1m  [0m
job-data	Copy data files to web structure	2025-04-28T07:57:27.7658260Z [36;1m  echo "Data files copied successfully!"[0m
job-data	Copy data files to web structure	2025-04-28T07:57:27.7659069Z [36;1melse[0m
job-data	Copy data files to web structure	2025-04-28T07:57:27.7659806Z [36;1m  echo "Warning: data.json file not found at $DATA_FILE"[0m
job-data	Copy data files to web structure	2025-04-28T07:57:27.7660699Z [36;1mfi[0m
job-data	Copy data files to web structure	2025-04-28T07:57:27.7661223Z [36;1m[0m
job-data	Copy data files to web structure	2025-04-28T07:57:27.7661810Z [36;1m# Generate a summary of copied files[0m
job-data	Copy data files to web structure	2025-04-28T07:57:27.7662685Z [36;1mecho "Generating data files summary..."[0m
job-data	Copy data files to web structure	2025-04-28T07:57:27.7663890Z [36;1mecho "{" > "core/outputs/webs/$TITLE/data-files-summary.json"[0m
job-data	Copy data files to web structure	2025-04-28T07:57:27.7665540Z [36;1mecho "  \"generated_at\": \"$(date -u +"%Y-%m-%dT%H:%M:%SZ")\"," >> "core/outputs/webs/$TITLE/data-files-summary.json"[0m
job-data	Copy data files to web structure	2025-04-28T07:57:27.7667131Z [36;1mecho "  \"title\": \"$TITLE\"," >> "core/outputs/webs/$TITLE/data-files-summary.json"[0m
job-data	Copy data files to web structure	2025-04-28T07:57:27.7668664Z [36;1mecho "  \"files\": [" >> "core/outputs/webs/$TITLE/data-files-summary.json"[0m
job-data	Copy data files to web structure	2025-04-28T07:57:27.7669678Z [36;1m[0m
job-data	Copy data files to web structure	2025-04-28T07:57:27.7670223Z [36;1m# List all copied files[0m
job-data	Copy data files to web structure	2025-04-28T07:57:27.7671413Z [36;1mfind "core/results/webs/$TITLE/data" -type f | sort | while read -r file; do[0m
job-data	Copy data files to web structure	2025-04-28T07:57:27.7672690Z [36;1m  RELATIVE_PATH="${file#core/results/webs/$TITLE/}"[0m
job-data	Copy data files to web structure	2025-04-28T07:57:27.7674143Z [36;1m  echo "    {\"path\": \"$RELATIVE_PATH\"}," >> "core/outputs/webs/$TITLE/data-files-summary.json"[0m
job-data	Copy data files to web structure	2025-04-28T07:57:27.7675390Z [36;1mdone[0m
job-data	Copy data files to web structure	2025-04-28T07:57:27.7675908Z [36;1m[0m
job-data	Copy data files to web structure	2025-04-28T07:57:27.7676514Z [36;1m# Remove the last comma and close the JSON[0m
job-data	Copy data files to web structure	2025-04-28T07:57:27.7677489Z [36;1msed -i '$ s/,$//' "core/outputs/webs/data-files-summary.json"[0m
job-data	Copy data files to web structure	2025-04-28T07:57:27.7678573Z [36;1mecho "  ]" >> "core/outputs/webs/data-files-summary.json"[0m
job-data	Copy data files to web structure	2025-04-28T07:57:27.7679639Z [36;1mecho "}" >> "core/outputs/webs/data-files-summary.json"[0m
job-data	Copy data files to web structure	2025-04-28T07:57:27.7680506Z [36;1m[0m
job-data	Copy data files to web structure	2025-04-28T07:57:27.7681435Z [36;1mecho "Data files summary generated at core/outputs/webs/data-files-summary.json"[0m
job-data	Copy data files to web structure	2025-04-28T07:57:27.7689719Z shell: /usr/bin/bash -e {0}
job-data	Copy data files to web structure	2025-04-28T07:57:27.7690392Z env:
job-data	Copy data files to web structure	2025-04-28T07:57:27.7690890Z   KAOS_CODE: 14703088720
job-data	Copy data files to web structure	2025-04-28T07:57:27.7691519Z   KAOS_EVENT_NAME: workflow_dispatch
job-data	Copy data files to web structure	2025-04-28T07:57:27.7692235Z   KAOS_ACTION: 
job-data	Copy data files to web structure	2025-04-28T07:57:27.7692788Z   KAOS_REF: refs/heads/main
job-data	Copy data files to web structure	2025-04-28T07:57:27.7693470Z   KAOS_MODULE: [Ka0S] Deploy Web Structure
job-data	Copy data files to web structure	2025-04-28T07:57:27.7694478Z   KAOS_JSON_WEB: core/config/webs/webs.json
job-data	Copy data files to web structure	2025-04-28T07:57:27.7695376Z   KAOS_JSON_RESUME: core/outputs/webs/
job-data	Copy data files to web structure	2025-04-28T07:57:27.7696125Z   KAOS_JSON_DATA: core/web/data/data.json
job-data	Copy data files to web structure	2025-04-28T07:57:27.7696893Z   KAOS_WEB_STRUCTURE: core/results/webs/
job-data	Copy data files to web structure	2025-04-28T07:57:27.7697633Z   KAOS_ACTOR: AlejandroPB5
job-data	Copy data files to web structure	2025-04-28T07:57:27.7698239Z ##[endgroup]
job-data	Copy data files to web structure	2025-04-28T07:57:27.7740971Z Reading data.json file...
job-data	Copy data files to web structure	2025-04-28T07:57:27.7741724Z Data file: core/web/data/data.json
job-data	Copy data files to web structure	2025-04-28T07:57:27.7760609Z Main folder is named: dashboard
job-data	Copy data files to web structure	2025-04-28T07:57:27.7771683Z Processing data files from data.json...
job-data	Copy data files to web structure	2025-04-28T07:57:27.7854922Z Source: core/outputs/w/kaos-issue.json
job-data	Copy data files to web structure	2025-04-28T07:57:27.7856354Z Destination: data/kaos-issue.json
job-data	Copy data files to web structure	2025-04-28T07:57:27.7874087Z Destination directory: core/results/webs/dashboard/data
job-data	Copy data files to web structure	2025-04-28T07:57:27.7876260Z Copying core/outputs/w/kaos-issue.json to core/results/webs/dashboard/data/kaos-issue.json
job-data	Copy data files to web structure	2025-04-28T07:57:27.7955507Z Source: core/outputs/w/kaos-repository-global-statistics.json
job-data	Copy data files to web structure	2025-04-28T07:57:27.7957451Z Destination: data/kaos-repository-global-statistics.json
job-data	Copy data files to web structure	2025-04-28T07:57:27.7975065Z Destination directory: core/results/webs/dashboard/data
job-data	Copy data files to web structure	2025-04-28T07:57:27.7978138Z Copying core/outputs/w/kaos-repository-global-statistics.json to core/results/webs/dashboard/data/kaos-repository-global-statistics.json
job-data	Copy data files to web structure	2025-04-28T07:57:27.8041700Z Source: core/outputs/w/kaos-repository-statistics.json
job-data	Copy data files to web structure	2025-04-28T07:57:27.8043492Z Destination: data/kaos-repository-statistics.json
job-data	Copy data files to web structure	2025-04-28T07:57:27.8063247Z Destination directory: core/results/webs/dashboard/data
job-data	Copy data files to web structure	2025-04-28T07:57:27.8066088Z Copying core/outputs/w/kaos-repository-statistics.json to core/results/webs/dashboard/data/kaos-repository-statistics.json
job-data	Copy data files to web structure	2025-04-28T07:57:27.8130265Z Source: core/outputs/w/kaos-workflows-available.json
job-data	Copy data files to web structure	2025-04-28T07:57:27.8131966Z Destination: data/kaos-workflows-available.json
job-data	Copy data files to web structure	2025-04-28T07:57:27.8151348Z Destination directory: core/results/webs/dashboard/data
job-data	Copy data files to web structure	2025-04-28T07:57:27.8154175Z Copying core/outputs/w/kaos-workflows-available.json to core/results/webs/dashboard/data/kaos-workflows-available.json
job-data	Copy data files to web structure	2025-04-28T07:57:27.8221017Z Source: core/outputs/w/kaos-workflows-runs.json
job-data	Copy data files to web structure	2025-04-28T07:57:27.8222619Z Destination: data/kaos-workflows-runs.json
job-data	Copy data files to web structure	2025-04-28T07:57:27.8242868Z Destination directory: core/results/webs/dashboard/data
job-data	Copy data files to web structure	2025-04-28T07:57:27.8245954Z Copying core/outputs/w/kaos-workflows-runs.json to core/results/webs/dashboard/data/kaos-workflows-runs.json
job-data	Copy data files to web structure	2025-04-28T07:57:27.8267368Z Data files copied successfully!
job-data	Copy data files to web structure	2025-04-28T07:57:27.8268611Z Generating data files summary...
job-data	Copy data files to web structure	2025-04-28T07:57:27.8315804Z Data files summary generated at core/outputs/webs/data-files-summary.json
job-data	Upload Files	﻿2025-04-28T07:57:27.8363468Z ##[group]Run echo "Uploading data files to the repository..."
job-data	Upload Files	2025-04-28T07:57:27.8364759Z [36;1mecho "Uploading data files to the repository..."[0m
job-data	Upload Files	2025-04-28T07:57:27.8366104Z [36;1mgit config --global user.name "***"[0m
job-data	Upload Files	2025-04-28T07:57:27.8366991Z [36;1mgit config --global user.email "***"[0m
job-data	Upload Files	2025-04-28T07:57:27.8367762Z [36;1mgit pull[0m
job-data	Upload Files	2025-04-28T07:57:27.8368374Z [36;1m# Add the data files and summary[0m
job-data	Upload Files	2025-04-28T07:57:27.8369163Z [36;1mgit add core/results/webs/**/data/*[0m
job-data	Upload Files	2025-04-28T07:57:27.8370058Z [36;1mgit add core/outputs/webs/data-files-summary.json[0m
job-data	Upload Files	2025-04-28T07:57:27.8370979Z [36;1m# Verify if there are changes to commit[0m
job-data	Upload Files	2025-04-28T07:57:27.8371823Z [36;1mif git diff --staged --quiet; then[0m
job-data	Upload Files	2025-04-28T07:57:27.8372642Z [36;1m  echo "No hay cambios para hacer commit"[0m
job-data	Upload Files	2025-04-28T07:57:27.8373606Z [36;1melse[0m
job-data	Upload Files	2025-04-28T07:57:27.8374738Z [36;1m  git commit -m "[Ka0S] Uploading data files to web structure..."[0m
job-data	Upload Files	2025-04-28T07:57:27.8375851Z [36;1m  git push origin refs/heads/main[0m
job-data	Upload Files	2025-04-28T07:57:27.8376578Z [36;1mfi[0m
job-data	Upload Files	2025-04-28T07:57:27.8381573Z shell: /usr/bin/bash -e {0}
job-data	Upload Files	2025-04-28T07:57:27.8382194Z env:
job-data	Upload Files	2025-04-28T07:57:27.8382699Z   KAOS_CODE: 14703088720
job-data	Upload Files	2025-04-28T07:57:27.8383513Z   KAOS_EVENT_NAME: workflow_dispatch
job-data	Upload Files	2025-04-28T07:57:27.8384679Z   KAOS_ACTION: 
job-data	Upload Files	2025-04-28T07:57:27.8385367Z   KAOS_REF: refs/heads/main
job-data	Upload Files	2025-04-28T07:57:27.8386083Z   KAOS_MODULE: [Ka0S] Deploy Web Structure
job-data	Upload Files	2025-04-28T07:57:27.8386848Z   KAOS_JSON_WEB: core/config/webs/webs.json
job-data	Upload Files	2025-04-28T07:57:27.8387613Z   KAOS_JSON_RESUME: core/outputs/webs/
job-data	Upload Files	2025-04-28T07:57:27.8388347Z   KAOS_JSON_DATA: core/web/data/data.json
job-data	Upload Files	2025-04-28T07:57:27.8389108Z   KAOS_WEB_STRUCTURE: core/results/webs/
job-data	Upload Files	2025-04-28T07:57:27.8389830Z   KAOS_ACTOR: AlejandroPB5
job-data	Upload Files	2025-04-28T07:57:27.8390442Z ##[endgroup]
job-data	Upload Files	2025-04-28T07:57:27.8419666Z Uploading data files to the repository...
job-data	Upload Files	2025-04-28T07:57:28.3305566Z From https://github.com/Ka0s-Klaus/ka0s
job-data	Upload Files	2025-04-28T07:57:28.3306542Z    803f4852..8394d5a3  main       -> origin/main
job-data	Upload Files	2025-04-28T07:57:28.3441424Z Updating 803f4852..8394d5a3
job-data	Upload Files	2025-04-28T07:57:28.3442251Z Fast-forward
job-data	Upload Files	2025-04-28T07:57:28.3466264Z  core/outputs/webs/dashboard/dashboard_resume.json         | 15 ---------------
job-data	Upload Files	2025-04-28T07:57:28.3467608Z  core/outputs/webs/dashboard/readme.txt                    |  0
job-data	Upload Files	2025-04-28T07:57:28.3468722Z  core/results/webs/dashboard/custom/custom.html            |  0
job-data	Upload Files	2025-04-28T07:57:28.3469830Z  core/results/webs/dashboard/dashboard.html                |  0
job-data	Upload Files	2025-04-28T07:57:28.3470941Z  core/results/webs/dashboard/data/data.html                |  0
job-data	Upload Files	2025-04-28T07:57:28.3472065Z  core/results/webs/dashboard/js/js.html                    |  0
job-data	Upload Files	2025-04-28T07:57:28.3473169Z  core/results/webs/dashboard/structure/inicio/inicio.html  |  0
job-data	Upload Files	2025-04-28T07:57:28.3474557Z  core/results/webs/dashboard/structure/issues/issues.html  |  0
job-data	Upload Files	2025-04-28T07:57:28.3475840Z  core/results/webs/dashboard/structure/structure.html      |  0
job-data	Upload Files	2025-04-28T07:57:28.3476934Z  .../webs/dashboard/structure/workflows/workflows.html     |  0
job-data	Upload Files	2025-04-28T07:57:28.3478054Z  core/results/webs/dashboard/templates/templates.html      |  0
job-data	Upload Files	2025-04-28T07:57:28.3479015Z  11 files changed, 15 deletions(-)
job-data	Upload Files	2025-04-28T07:57:28.3479836Z  create mode 100644 core/outputs/webs/dashboard/readme.txt
job-data	Upload Files	2025-04-28T07:57:28.3489379Z  create mode 100644 core/results/webs/dashboard/custom/custom.html
job-data	Upload Files	2025-04-28T07:57:28.3490579Z  create mode 100644 core/results/webs/dashboard/dashboard.html
job-data	Upload Files	2025-04-28T07:57:28.3491649Z  create mode 100644 core/results/webs/dashboard/data/data.html
job-data	Upload Files	2025-04-28T07:57:28.3492661Z  create mode 100644 core/results/webs/dashboard/js/js.html
job-data	Upload Files	2025-04-28T07:57:28.3494212Z  create mode 100644 core/results/webs/dashboard/structure/inicio/inicio.html
job-data	Upload Files	2025-04-28T07:57:28.3495662Z  create mode 100644 core/results/webs/dashboard/structure/issues/issues.html
job-data	Upload Files	2025-04-28T07:57:28.3496895Z  create mode 100644 core/results/webs/dashboard/structure/structure.html
job-data	Upload Files	2025-04-28T07:57:28.3498183Z  create mode 100644 core/results/webs/dashboard/structure/workflows/workflows.html
job-data	Upload Files	2025-04-28T07:57:28.3499590Z  create mode 100644 core/results/webs/dashboard/templates/templates.html
job-data	Upload Files	2025-04-28T07:57:28.3937597Z [main 738226a6] [Ka0S] Uploading data files to web structure...
job-data	Upload Files	2025-04-28T07:57:28.3938637Z  6 files changed, 144776 insertions(+)
job-data	Upload Files	2025-04-28T07:57:28.3939574Z  create mode 100644 core/results/webs/dashboard/data/kaos-issue.json
job-data	Upload Files	2025-04-28T07:57:28.3940936Z  create mode 100644 core/results/webs/dashboard/data/kaos-repository-global-statistics.json
job-data	Upload Files	2025-04-28T07:57:28.3942474Z  create mode 100644 core/results/webs/dashboard/data/kaos-repository-statistics.json
job-data	Upload Files	2025-04-28T07:57:28.3944027Z  create mode 100644 core/results/webs/dashboard/data/kaos-workflows-available.json
job-data	Upload Files	2025-04-28T07:57:28.3945413Z  create mode 100644 core/results/webs/dashboard/data/kaos-workflows-runs.json
job-data	Upload Files	2025-04-28T07:57:29.5489733Z To https://github.com/Ka0s-Klaus/ka0s
job-data	Upload Files	2025-04-28T07:57:29.5490150Z    8394d5a3..738226a6  main -> main
job-data	Post Checkout repository	﻿2025-04-28T07:57:29.5591448Z Post job cleanup.
job-data	Post Checkout repository	2025-04-28T07:57:29.6058844Z [command]/usr/bin/git version
job-data	Post Checkout repository	2025-04-28T07:57:29.6087177Z git version 2.43.0
job-data	Post Checkout repository	2025-04-28T07:57:29.6130630Z Copying '/home/kaos/.gitconfig' to '/actions-runner/_work/_temp/682c33fd-9b68-4c28-abc4-558bfe6caa68/.gitconfig'
job-data	Post Checkout repository	2025-04-28T07:57:29.6139327Z Temporarily overriding HOME='/actions-runner/_work/_temp/682c33fd-9b68-4c28-abc4-558bfe6caa68' before making global git config changes
job-data	Post Checkout repository	2025-04-28T07:57:29.6140269Z Adding repository directory to the temporary git global config as a safe directory
job-data	Post Checkout repository	2025-04-28T07:57:29.6140990Z [command]/usr/bin/git config --global --add safe.directory /actions-runner/_work/ka0s/ka0s
job-data	Post Checkout repository	2025-04-28T07:57:29.6171543Z [command]/usr/bin/git config --local --name-only --get-regexp core\.sshCommand
job-data	Post Checkout repository	2025-04-28T07:57:29.6193729Z [command]/usr/bin/git submodule foreach --recursive sh -c "git config --local --name-only --get-regexp 'core\.sshCommand' && git config --local --unset-all 'core.sshCommand' || :"
job-data	Post Checkout repository	2025-04-28T07:57:29.6434095Z [command]/usr/bin/git config --local --name-only --get-regexp http\.https\:\/\/github\.com\/\.extraheader
job-data	Post Checkout repository	2025-04-28T07:57:29.6450490Z http.https://github.com/.extraheader
job-data	Post Checkout repository	2025-04-28T07:57:29.6461536Z [command]/usr/bin/git config --local --unset-all http.https://github.com/.extraheader
job-data	Post Checkout repository	2025-04-28T07:57:29.6481844Z [command]/usr/bin/git submodule foreach --recursive sh -c "git config --local --name-only --get-regexp 'http\.https\:\/\/github\.com\/\.extraheader' && git config --local --unset-all 'http.https://github.com/.extraheader' || :"
job-data	Complete job	﻿2025-04-28T07:57:29.6800901Z Cleaning up orphan processes
job-design	Set up job	﻿2025-04-28T07:58:28.5064910Z Current runner version: '2.323.0'
job-design	Set up job	2025-04-28T07:58:28.5068804Z Runner name: 'ka0s-9'
job-design	Set up job	2025-04-28T07:58:28.5069354Z Machine name: '26a53205c9ac'
job-design	Set up job	2025-04-28T07:58:28.5070730Z ##[group]GITHUB_TOKEN Permissions
job-design	Set up job	2025-04-28T07:58:28.5072123Z Contents: read
job-design	Set up job	2025-04-28T07:58:28.5072429Z Metadata: read
job-design	Set up job	2025-04-28T07:58:28.5072713Z Packages: read
job-design	Set up job	2025-04-28T07:58:28.5072993Z ##[endgroup]
job-design	Set up job	2025-04-28T07:58:28.5074409Z Secret source: Actions
job-design	Set up job	2025-04-28T07:58:28.5074788Z Prepare workflow directory
job-design	Set up job	2025-04-28T07:58:28.5459818Z Prepare all required actions
job-design	Set up job	2025-04-28T07:58:28.5503556Z Getting action download info
job-design	Set up job	2025-04-28T07:58:29.1590278Z Download action repository 'actions/checkout@v3' (SHA:f43a0e5ff2bd294095638e18286ca9a3d1956744)
job-design	Set up job	2025-04-28T07:58:29.8754893Z Complete job name: job-design
job-design	Checkout repository	﻿2025-04-28T07:58:29.9037742Z ##[group]Run actions/checkout@v3
job-design	Checkout repository	2025-04-28T07:58:29.9038371Z with:
job-design	Checkout repository	2025-04-28T07:58:29.9038689Z   fetch-depth: 0
job-design	Checkout repository	2025-04-28T07:58:29.9039213Z   token: ***
job-design	Checkout repository	2025-04-28T07:58:29.9039562Z   repository: Ka0s-Klaus/ka0s
job-design	Checkout repository	2025-04-28T07:58:29.9040041Z   ssh-strict: true
job-design	Checkout repository	2025-04-28T07:58:29.9040405Z   persist-credentials: true
job-design	Checkout repository	2025-04-28T07:58:29.9060720Z   clean: true
job-design	Checkout repository	2025-04-28T07:58:29.9061428Z   sparse-checkout-cone-mode: true
job-design	Checkout repository	2025-04-28T07:58:29.9061901Z   fetch-tags: false
job-design	Checkout repository	2025-04-28T07:58:29.9062249Z   lfs: false
job-design	Checkout repository	2025-04-28T07:58:29.9062593Z   submodules: false
job-design	Checkout repository	2025-04-28T07:58:29.9062980Z   set-safe-directory: true
job-design	Checkout repository	2025-04-28T07:58:29.9063765Z env:
job-design	Checkout repository	2025-04-28T07:58:29.9064109Z   KAOS_CODE: 14703088720
job-design	Checkout repository	2025-04-28T07:58:29.9064503Z   KAOS_EVENT_NAME: workflow_dispatch
job-design	Checkout repository	2025-04-28T07:58:29.9064955Z   KAOS_ACTION: 
job-design	Checkout repository	2025-04-28T07:58:29.9065272Z   KAOS_REF: refs/heads/main
job-design	Checkout repository	2025-04-28T07:58:29.9065688Z   KAOS_MODULE: [Ka0S] Deploy Web Structure
job-design	Checkout repository	2025-04-28T07:58:29.9066185Z   KAOS_JSON_WEB: core/config/webs/webs.json
job-design	Checkout repository	2025-04-28T07:58:29.9066729Z   KAOS_JSON_RESUME: core/outputs/webs/
job-design	Checkout repository	2025-04-28T07:58:29.9067174Z   KAOS_JSON_DATA: core/web/data/data.json
job-design	Checkout repository	2025-04-28T07:58:29.9067652Z   KAOS_WEB_STRUCTURE: core/results/webs/
job-design	Checkout repository	2025-04-28T07:58:29.9068145Z   KAOS_ACTOR: AlejandroPB5
job-design	Checkout repository	2025-04-28T07:58:29.9068551Z ##[endgroup]
job-design	Checkout repository	2025-04-28T07:58:29.9611743Z Syncing repository: Ka0s-Klaus/ka0s
job-design	Checkout repository	2025-04-28T07:58:29.9613175Z ##[group]Getting Git version info
job-design	Checkout repository	2025-04-28T07:58:29.9613805Z Working directory is '/actions-runner/_work/ka0s/ka0s'
job-design	Checkout repository	2025-04-28T07:58:29.9614669Z [command]/usr/bin/git version
job-design	Checkout repository	2025-04-28T07:58:29.9630075Z git version 2.43.0
job-design	Checkout repository	2025-04-28T07:58:29.9645654Z ##[endgroup]
job-design	Checkout repository	2025-04-28T07:58:29.9653796Z Copying '/home/kaos/.gitconfig' to '/actions-runner/_work/_temp/bddba8e6-069b-4e1b-a189-9aeaa9d13e8b/.gitconfig'
job-design	Checkout repository	2025-04-28T07:58:29.9665941Z Temporarily overriding HOME='/actions-runner/_work/_temp/bddba8e6-069b-4e1b-a189-9aeaa9d13e8b' before making global git config changes
job-design	Checkout repository	2025-04-28T07:58:29.9667212Z Adding repository directory to the temporary git global config as a safe directory
job-design	Checkout repository	2025-04-28T07:58:29.9668344Z [command]/usr/bin/git config --global --add safe.directory /actions-runner/_work/ka0s/ka0s
job-design	Checkout repository	2025-04-28T07:58:29.9696712Z [command]/usr/bin/git config --local --get remote.origin.url
job-design	Checkout repository	2025-04-28T07:58:29.9712246Z https://github.com/Ka0s-Klaus/ka0s
job-design	Checkout repository	2025-04-28T07:58:29.9723840Z ##[group]Removing previously created refs, to avoid conflicts
job-design	Checkout repository	2025-04-28T07:58:29.9725504Z [command]/usr/bin/git rev-parse --symbolic-full-name --verify --quiet HEAD
job-design	Checkout repository	2025-04-28T07:58:29.9742748Z refs/heads/main
job-design	Checkout repository	2025-04-28T07:58:29.9750476Z [command]/usr/bin/git checkout --detach
job-design	Checkout repository	2025-04-28T07:58:29.9956665Z HEAD is now at 738226a6 [Ka0S] Uploading data files to web structure...
job-design	Checkout repository	2025-04-28T07:58:29.9987417Z [command]/usr/bin/git branch --delete --force main
job-design	Checkout repository	2025-04-28T07:58:30.0023516Z Deleted branch main (was 738226a6).
job-design	Checkout repository	2025-04-28T07:58:30.0077061Z ##[endgroup]
job-design	Checkout repository	2025-04-28T07:58:30.0078116Z [command]/usr/bin/git submodule status
job-design	Checkout repository	2025-04-28T07:58:30.0319844Z ##[group]Cleaning the repository
job-design	Checkout repository	2025-04-28T07:58:30.0320470Z [command]/usr/bin/git clean -ffdx
job-design	Checkout repository	2025-04-28T07:58:30.0375530Z Removing core/results/webs/14703094489-ftp-deploy-sync-state.json
job-design	Checkout repository	2025-04-28T07:58:30.0387015Z [command]/usr/bin/git reset --hard HEAD
job-design	Checkout repository	2025-04-28T07:58:30.0507481Z HEAD is now at 738226a6 [Ka0S] Uploading data files to web structure...
job-design	Checkout repository	2025-04-28T07:58:30.0509779Z ##[endgroup]
job-design	Checkout repository	2025-04-28T07:58:30.0510775Z ##[group]Disabling automatic garbage collection
job-design	Checkout repository	2025-04-28T07:58:30.0511976Z [command]/usr/bin/git config --local gc.auto 0
job-design	Checkout repository	2025-04-28T07:58:30.0535992Z ##[endgroup]
job-design	Checkout repository	2025-04-28T07:58:30.0536957Z ##[group]Setting up auth
job-design	Checkout repository	2025-04-28T07:58:30.0537987Z [command]/usr/bin/git config --local --name-only --get-regexp core\.sshCommand
job-design	Checkout repository	2025-04-28T07:58:30.0560233Z [command]/usr/bin/git submodule foreach --recursive sh -c "git config --local --name-only --get-regexp 'core\.sshCommand' && git config --local --unset-all 'core.sshCommand' || :"
job-design	Checkout repository	2025-04-28T07:58:30.0797266Z [command]/usr/bin/git config --local --name-only --get-regexp http\.https\:\/\/github\.com\/\.extraheader
job-design	Checkout repository	2025-04-28T07:58:30.0819052Z [command]/usr/bin/git submodule foreach --recursive sh -c "git config --local --name-only --get-regexp 'http\.https\:\/\/github\.com\/\.extraheader' && git config --local --unset-all 'http.https://github.com/.extraheader' || :"
job-design	Checkout repository	2025-04-28T07:58:30.1058208Z [command]/usr/bin/git config --local http.https://github.com/.extraheader AUTHORIZATION: basic ***
job-design	Checkout repository	2025-04-28T07:58:30.1097257Z ##[endgroup]
job-design	Checkout repository	2025-04-28T07:58:30.1098344Z ##[group]Fetching the repository
job-design	Checkout repository	2025-04-28T07:58:30.1099958Z [command]/usr/bin/git -c protocol.version=2 fetch --prune --progress --no-recurse-submodules origin +refs/heads/*:refs/remotes/origin/* +refs/tags/*:refs/tags/*
job-design	Checkout repository	2025-04-28T07:58:30.5777895Z [command]/usr/bin/git branch --list --remote origin/main
job-design	Checkout repository	2025-04-28T07:58:30.5807344Z   origin/main
job-design	Checkout repository	2025-04-28T07:58:30.5813705Z [command]/usr/bin/git rev-parse refs/remotes/origin/main
job-design	Checkout repository	2025-04-28T07:58:30.5833153Z 738226a6c4acac50f8332740a646fa4150e97d45
job-design	Checkout repository	2025-04-28T07:58:30.5841639Z [command]/usr/bin/git -c protocol.version=2 fetch --no-tags --prune --progress --no-recurse-submodules origin +803f48527e8953c5b709103e4496a43b604b369a:refs/remotes/origin/main
job-design	Checkout repository	2025-04-28T07:58:30.5965403Z From https://github.com/Ka0s-Klaus/ka0s
job-design	Checkout repository	2025-04-28T07:58:30.5966922Z  + 738226a6...803f4852 803f48527e8953c5b709103e4496a43b604b369a -> origin/main  (forced update)
job-design	Checkout repository	2025-04-28T07:58:30.5987401Z ##[endgroup]
job-design	Checkout repository	2025-04-28T07:58:30.5988427Z ##[group]Determining the checkout info
job-design	Checkout repository	2025-04-28T07:58:30.5989603Z ##[endgroup]
job-design	Checkout repository	2025-04-28T07:58:30.5990558Z ##[group]Checking out the ref
job-design	Checkout repository	2025-04-28T07:58:30.5992013Z [command]/usr/bin/git checkout --progress --force -B main refs/remotes/origin/main
job-design	Checkout repository	2025-04-28T07:58:30.6122850Z Warning: you are leaving 2 commits behind, not connected to
job-design	Checkout repository	2025-04-28T07:58:30.6124965Z any of your branches:
job-design	Checkout repository	2025-04-28T07:58:30.6125825Z 
job-design	Checkout repository	2025-04-28T07:58:30.6126894Z   738226a6 [Ka0S] Uploading data files to web structure...
job-design	Checkout repository	2025-04-28T07:58:30.6129572Z   8394d5a3 [Ka0S] Uploading resume execution files and web structure to the repository...
job-design	Checkout repository	2025-04-28T07:58:30.6131378Z 
job-design	Checkout repository	2025-04-28T07:58:30.6132351Z If you want to keep them by creating a new branch, this may be a good time
job-design	Checkout repository	2025-04-28T07:58:30.6134440Z to do so with:
job-design	Checkout repository	2025-04-28T07:58:30.6135106Z 
job-design	Checkout repository	2025-04-28T07:58:30.6135746Z  git branch <new-branch-name> 738226a6
job-design	Checkout repository	2025-04-28T07:58:30.6136732Z 
job-design	Checkout repository	2025-04-28T07:58:30.6137297Z Switched to a new branch 'main'
job-design	Checkout repository	2025-04-28T07:58:30.6138761Z branch 'main' set up to track 'origin/main'.
job-design	Checkout repository	2025-04-28T07:58:30.6142663Z ##[endgroup]
job-design	Checkout repository	2025-04-28T07:58:30.6168404Z [command]/usr/bin/git log -1 --format='%H'
job-design	Checkout repository	2025-04-28T07:58:30.6186320Z '803f48527e8953c5b709103e4496a43b604b369a'
job-design	Generar HTML de secciones según JSON	﻿2025-04-28T07:58:30.6343196Z ##[group]Run echo "Generando HTML de secciones según su JSON..."
job-design	Generar HTML de secciones según JSON	2025-04-28T07:58:30.6345274Z [36;1mecho "Generando HTML de secciones según su JSON..."[0m
job-design	Generar HTML de secciones según JSON	2025-04-28T07:58:30.6346559Z [36;1mSTRUCTURE_FILE="core/config/webs/webs.json"[0m
job-design	Generar HTML de secciones según JSON	2025-04-28T07:58:30.6347944Z [36;1mTITLE=$(cat $STRUCTURE_FILE | grep -o '"title": *"[^"]*"' | cut -d'"' -f4)[0m
job-design	Generar HTML de secciones según JSON	2025-04-28T07:58:30.6349753Z [36;1mSECTIONS=$(cat $STRUCTURE_FILE | grep -o '"section[0-9]*": *"[^"]*"' | cut -d'"' -f2,4 | tr '\n' ' ')[0m
job-design	Generar HTML de secciones según JSON	2025-04-28T07:58:30.6351424Z [36;1mfor entry in $SECTIONS; do[0m
job-design	Generar HTML de secciones según JSON	2025-04-28T07:58:30.6352492Z [36;1m  SECTION_KEY=$(echo $entry | cut -d':' -f1 | tr -d '"')[0m
job-design	Generar HTML de secciones según JSON	2025-04-28T07:58:30.6353828Z [36;1m  SECTION_NAME=$(echo $entry | cut -d':' -f2 | tr -d '"')[0m
job-design	Generar HTML de secciones según JSON	2025-04-28T07:58:30.6355501Z [36;1m  SECTION_JSON="core/config/webs/${SECTION_NAME}.json"[0m
job-design	Generar HTML de secciones según JSON	2025-04-28T07:58:30.6357171Z [36;1m  SECTION_HTML="core/results/webs/${TITLE}/structure/${SECTION_NAME}/${SECTION_NAME}.html"[0m
job-design	Generar HTML de secciones según JSON	2025-04-28T07:58:30.6358713Z [36;1m  if [ -f "$SECTION_JSON" ]; then[0m
job-design	Generar HTML de secciones según JSON	2025-04-28T07:58:30.6359893Z [36;1m    echo "Procesando $SECTION_JSON para $SECTION_HTML"[0m
job-design	Generar HTML de secciones según JSON	2025-04-28T07:58:30.6361049Z [36;1m    # Extraer título de la sección[0m
job-design	Generar HTML de secciones según JSON	2025-04-28T07:58:30.6362123Z [36;1m    SECTION_TITLE=$(jq -r '.title' "$SECTION_JSON")[0m
job-design	Generar HTML de secciones según JSON	2025-04-28T07:58:30.6363363Z [36;1m    [0m
job-design	Generar HTML de secciones según JSON	2025-04-28T07:58:30.6364508Z [36;1m    # Leer la plantilla HTML[0m
job-design	Generar HTML de secciones según JSON	2025-04-28T07:58:30.6365832Z [36;1m    TEMPLATE_HTML="core/web/templates/section-template.html"[0m
job-design	Generar HTML de secciones según JSON	2025-04-28T07:58:30.6367076Z [36;1m    if [ -f "$TEMPLATE_HTML" ]; then[0m
job-design	Generar HTML de secciones según JSON	2025-04-28T07:58:30.6368079Z [36;1m      # Copiar la plantilla al destino[0m
job-design	Generar HTML de secciones según JSON	2025-04-28T07:58:30.6369129Z [36;1m      mkdir -p "$(dirname "$SECTION_HTML")"[0m
job-design	Generar HTML de secciones según JSON	2025-04-28T07:58:30.6370182Z [36;1m      cp "$TEMPLATE_HTML" "$SECTION_HTML"[0m
job-design	Generar HTML de secciones según JSON	2025-04-28T07:58:30.6371134Z [36;1m      [0m
job-design	Generar HTML de secciones según JSON	2025-04-28T07:58:30.6372025Z [36;1m      # Reemplazar los placeholders con los valores reales[0m
job-design	Generar HTML de secciones según JSON	2025-04-28T07:58:30.6373658Z [36;1m      sed -i "s/SECTION_TITLE_PLACEHOLDER/$SECTION_TITLE/g" "$SECTION_HTML"[0m
job-design	Generar HTML de secciones según JSON	2025-04-28T07:58:30.6375276Z [36;1m      [0m
job-design	Generar HTML de secciones según JSON	2025-04-28T07:58:30.6376415Z [36;1m      # Comprobar si hay un placeholder para lista de sección y procesarlo[0m
job-design	Generar HTML de secciones según JSON	2025-04-28T07:58:30.6377934Z [36;1m      if grep -q "SECTION_LIST_PLACEHOLDER" "$SECTION_HTML"; then[0m
job-design	Generar HTML de secciones según JSON	2025-04-28T07:58:30.6379401Z [36;1m        echo "Encontrado placeholder para lista de sección, procesando..."[0m
job-design	Generar HTML de secciones según JSON	2025-04-28T07:58:30.6380986Z [36;1m        # Verificar si el JSON de la sección tiene una lista en sus templates[0m
job-design	Generar HTML de secciones según JSON	2025-04-28T07:58:30.6382563Z [36;1m        if jq -e '.templates[] | select(.type == "list")' "$SECTION_JSON" > /dev/null; then[0m
job-design	Generar HTML de secciones según JSON	2025-04-28T07:58:30.6385480Z [36;1m          # Obtener el primer template de tipo list (usando head -1 en lugar de first)[0m
job-design	Generar HTML de secciones según JSON	2025-04-28T07:58:30.6387299Z [36;1m          LIST_TEMPLATE_JSON=$(jq -c '.templates[] | select(.type == "list")' "$SECTION_JSON" | head -1)[0m
job-design	Generar HTML de secciones según JSON	2025-04-28T07:58:30.6388808Z [36;1m          echo "LIST_TEMPLATE_JSON: $LIST_TEMPLATE_JSON"[0m
job-design	Generar HTML de secciones según JSON	2025-04-28T07:58:30.6390029Z [36;1m          LIST_TITLE=$(echo "$LIST_TEMPLATE_JSON" | jq -r '.title')[0m
job-design	Generar HTML de secciones según JSON	2025-04-28T07:58:30.6391150Z [36;1m          echo "LIST_TITLE: $LIST_TITLE"[0m
job-design	Generar HTML de secciones según JSON	2025-04-28T07:58:30.6392358Z [36;1m          LIST_DATA_SOURCE=$(echo "$LIST_TEMPLATE_JSON" | jq -r '.dataSource')[0m
job-design	Generar HTML de secciones según JSON	2025-04-28T07:58:30.6393976Z [36;1m          echo "LIST_DATA_SOURCE: $LIST_DATA_SOURCE"[0m
job-design	Generar HTML de secciones según JSON	2025-04-28T07:58:30.6395262Z [36;1m          [0m
job-design	Generar HTML de secciones según JSON	2025-04-28T07:58:30.6396026Z [36;1m          # Leer la plantilla de lista[0m
job-design	Generar HTML de secciones según JSON	2025-04-28T07:58:30.6397118Z [36;1m          LIST_TEMPLATE=$(cat core/web/templates/data-list.html)[0m
job-design	Generar HTML de secciones según JSON	2025-04-28T07:58:30.6398266Z [36;1m          echo "LIST_TEMPLATE: $LIST_TEMPLATE"[0m
job-design	Generar HTML de secciones según JSON	2025-04-28T07:58:30.6399216Z [36;1m          [0m
job-design	Generar HTML de secciones según JSON	2025-04-28T07:58:30.6400183Z [36;1m          # Usar reemplazo nativo de Bash con los placeholders correctos[0m
job-design	Generar HTML de secciones según JSON	2025-04-28T07:58:30.6401618Z [36;1m          LIST_TEMPLATE="${LIST_TEMPLATE//\{\{TEMPLATE_TITLE\}\}/$LIST_TITLE}"[0m
job-design	Generar HTML de secciones según JSON	2025-04-28T07:58:30.6420232Z [36;1m          LIST_TEMPLATE="${LIST_TEMPLATE//\{\{DATA_SOURCE\}\}/$LIST_DATA_SOURCE}"[0m
job-design	Generar HTML de secciones según JSON	2025-04-28T07:58:30.6422107Z [36;1m          echo "LIST_TEMPLATE después de reemplazo: $LIST_TEMPLATE"[0m
job-design	Generar HTML de secciones según JSON	2025-04-28T07:58:30.6423430Z [36;1m          [0m
job-design	Generar HTML de secciones según JSON	2025-04-28T07:58:30.6424829Z [36;1m          # Reemplazar el placeholder con la lista usando archivos temporales[0m
job-design	Generar HTML de secciones según JSON	2025-04-28T07:58:30.6426024Z [36;1m          TEMP_FILE=$(mktemp)[0m
job-design	Generar HTML de secciones según JSON	2025-04-28T07:58:30.6427215Z [36;1m          cat "$SECTION_HTML" | while IFS= read -r line; do[0m
job-design	Generar HTML de secciones según JSON	2025-04-28T07:58:30.6428423Z [36;1m            echo "${line//SECTION_LIST_PLACEHOLDER/$LIST_TEMPLATE}" [0m
job-design	Generar HTML de secciones según JSON	2025-04-28T07:58:30.6429481Z [36;1m          done > "$TEMP_FILE"[0m
job-design	Generar HTML de secciones según JSON	2025-04-28T07:58:30.6430320Z [36;1m          mv "$TEMP_FILE" "$SECTION_HTML"[0m
job-design	Generar HTML de secciones según JSON	2025-04-28T07:58:30.6431329Z [36;1m          echo "Añadido componente de lista a la sección"[0m
job-design	Generar HTML de secciones según JSON	2025-04-28T07:58:30.6432262Z [36;1m        else[0m
job-design	Generar HTML de secciones según JSON	2025-04-28T07:58:30.6433252Z [36;1m          echo "La sección no tiene una lista definida, eliminando placeholder"[0m
job-design	Generar HTML de secciones según JSON	2025-04-28T07:58:30.6434870Z [36;1m          sed -i "s|SECTION_LIST_PLACEHOLDER||g" "$SECTION_HTML"[0m
job-design	Generar HTML de secciones según JSON	2025-04-28T07:58:30.6435900Z [36;1m        fi[0m
job-design	Generar HTML de secciones según JSON	2025-04-28T07:58:30.6436515Z [36;1m      fi[0m
job-design	Generar HTML de secciones según JSON	2025-04-28T07:58:30.6437102Z [36;1m      [0m
job-design	Generar HTML de secciones según JSON	2025-04-28T07:58:30.6437981Z [36;1m      # Procesar templates y reemplazar el placeholder de templates[0m
job-design	Generar HTML de secciones según JSON	2025-04-28T07:58:30.6439076Z [36;1m      TEMPLATES_HTML=""[0m
job-design	Generar HTML de secciones según JSON	2025-04-28T07:58:30.6440089Z [36;1m      jq -c '.templates[]' "$SECTION_JSON" | while read -r template; do[0m
job-design	Generar HTML de secciones según JSON	2025-04-28T07:58:30.6441244Z [36;1m        TYPE=$(echo $template | jq -r '.type')[0m
job-design	Generar HTML de secciones según JSON	2025-04-28T07:58:30.6442215Z [36;1m        TITLE=$(echo $template | jq -r '.title')[0m
job-design	Generar HTML de secciones según JSON	2025-04-28T07:58:30.6443462Z [36;1m        DATA_SOURCE=$(echo $template | jq -r '.dataSource')[0m
job-design	Generar HTML de secciones según JSON	2025-04-28T07:58:30.6444593Z [36;1m        [0m
job-design	Generar HTML de secciones según JSON	2025-04-28T07:58:30.6445336Z [36;1m        if [ "$TYPE" = "graphic" ]; then[0m
job-design	Generar HTML de secciones según JSON	2025-04-28T07:58:30.6446252Z [36;1m          # Leer la plantilla de gráfico[0m
job-design	Generar HTML de secciones según JSON	2025-04-28T07:58:30.6447330Z [36;1m          GRAPHIC_TEMPLATE=$(cat core/web/templates/graphic.html)[0m
job-design	Generar HTML de secciones según JSON	2025-04-28T07:58:30.6448476Z [36;1m          # Reemplazar placeholders en la plantilla[0m
job-design	Generar HTML de secciones según JSON	2025-04-28T07:58:30.6449862Z [36;1m          GRAPHIC_TEMPLATE=$(echo "$GRAPHIC_TEMPLATE" | sed "s/GRAPHIC_TITLE_PLACEHOLDER/$TITLE/g")[0m
job-design	Generar HTML de secciones según JSON	2025-04-28T07:58:30.6451958Z [36;1m          GRAPHIC_TEMPLATE=$(echo "$GRAPHIC_TEMPLATE" | sed "s|DATA_SOURCE_PLACEHOLDER|$DATA_SOURCE|g")[0m
job-design	Generar HTML de secciones según JSON	2025-04-28T07:58:30.6453621Z [36;1m          TEMPLATES_HTML+="$GRAPHIC_TEMPLATE"[0m
job-design	Generar HTML de secciones según JSON	2025-04-28T07:58:30.6455156Z [36;1m          TEMPLATES_HTML+="<script src=\"../../js/graphic.js\" data-source=\"$DATA_SOURCE\"></script>"[0m
job-design	Generar HTML de secciones según JSON	2025-04-28T07:58:30.6456480Z [36;1m        elif [ "$TYPE" = "list" ]; then[0m
job-design	Generar HTML de secciones según JSON	2025-04-28T07:58:30.6457361Z [36;1m          # Leer la plantilla de lista[0m
job-design	Generar HTML de secciones según JSON	2025-04-28T07:58:30.6458393Z [36;1m          LIST_TEMPLATE=$(cat core/web/templates/data-list.html)[0m
job-design	Generar HTML de secciones según JSON	2025-04-28T07:58:30.6459521Z [36;1m          # Reemplazar placeholders en la plantilla[0m
job-design	Generar HTML de secciones según JSON	2025-04-28T07:58:30.6460787Z [36;1m          LIST_TEMPLATE=$(echo "$LIST_TEMPLATE" | sed "s/LIST_TITLE_PLACEHOLDER/$TITLE/g")[0m
job-design	Generar HTML de secciones según JSON	2025-04-28T07:58:30.6462393Z [36;1m          LIST_TEMPLATE=$(echo "$LIST_TEMPLATE" | sed "s|DATA_SOURCE_PLACEHOLDER|$DATA_SOURCE|g")[0m
job-design	Generar HTML de secciones según JSON	2025-04-28T07:58:30.6464082Z [36;1m          TEMPLATES_HTML+="$LIST_TEMPLATE"[0m
job-design	Generar HTML de secciones según JSON	2025-04-28T07:58:30.6465675Z [36;1m          TEMPLATES_HTML+="<script src=\"../../js/data-list.js\" data-source=\"$DATA_SOURCE\"></script>"[0m
job-design	Generar HTML de secciones según JSON	2025-04-28T07:58:30.6466977Z [36;1m        fi[0m
job-design	Generar HTML de secciones según JSON	2025-04-28T07:58:30.6467608Z [36;1m      done[0m
job-design	Generar HTML de secciones según JSON	2025-04-28T07:58:30.6468228Z [36;1m      [0m
job-design	Generar HTML de secciones según JSON	2025-04-28T07:58:30.6469116Z [36;1m      # Reemplazar el placeholder de templates con el HTML generado[0m
job-design	Generar HTML de secciones según JSON	2025-04-28T07:58:30.6470884Z [36;1m      awk -v r="$TEMPLATES_HTML" '{gsub("<!-- TEMPLATES_PLACEHOLDER -->", r)} 1' "$SECTION_HTML" > temp && mv temp "$SECTION_HTML"[0m
job-design	Generar HTML de secciones según JSON	2025-04-28T07:58:30.6472433Z [36;1m      [0m
job-design	Generar HTML de secciones según JSON	2025-04-28T07:58:30.6473115Z [36;1m      echo "Generado $SECTION_HTML"[0m
job-design	Generar HTML de secciones según JSON	2025-04-28T07:58:30.6474494Z [36;1m      # Almacenar cada sección en un directorio temporal para concatenarlas después[0m
job-design	Generar HTML de secciones según JSON	2025-04-28T07:58:30.6475961Z [36;1m      mkdir -p "core/results/webs/${TITLE}/temp_sections"[0m
job-design	Generar HTML de secciones según JSON	2025-04-28T07:58:30.6477319Z [36;1m      cp "$SECTION_HTML" "core/results/webs/${TITLE}/temp_sections/${SECTION_NAME}.html"[0m
job-design	Generar HTML de secciones según JSON	2025-04-28T07:58:30.6478578Z [36;1m    else[0m
job-design	Generar HTML de secciones según JSON	2025-04-28T07:58:30.6479482Z [36;1m      echo "Error: No se encontro la plantilla HTML en $TEMPLATE_HTML"[0m
job-design	Generar HTML de secciones según JSON	2025-04-28T07:58:30.6480547Z [36;1m    fi[0m
job-design	Generar HTML de secciones según JSON	2025-04-28T07:58:30.6481148Z [36;1m  else[0m
job-design	Generar HTML de secciones según JSON	2025-04-28T07:58:30.6481829Z [36;1m    echo "No se encontró $SECTION_JSON"[0m
job-design	Generar HTML de secciones según JSON	2025-04-28T07:58:30.6482680Z [36;1m  fi[0m
job-design	Generar HTML de secciones según JSON	2025-04-28T07:58:30.6483273Z [36;1mdone[0m
job-design	Generar HTML de secciones según JSON	2025-04-28T07:58:30.6484108Z [36;1m[0m
job-design	Generar HTML de secciones según JSON	2025-04-28T07:58:30.6485184Z [36;1m# Crear el dashboard.html con todas las secciones concatenadas[0m
job-design	Generar HTML de secciones según JSON	2025-04-28T07:58:30.6486258Z [36;1mecho "<!DOCTYPE html>[0m
job-design	Generar HTML de secciones según JSON	2025-04-28T07:58:30.6486990Z [36;1m<html lang=\"en\">[0m
job-design	Generar HTML de secciones según JSON	2025-04-28T07:58:30.6487685Z [36;1m<head>[0m
job-design	Generar HTML de secciones según JSON	2025-04-28T07:58:30.6488457Z [36;1m    <meta charset=\"UTF-8\">[0m
job-design	Generar HTML de secciones según JSON	2025-04-28T07:58:30.6489553Z [36;1m    <meta name=\"viewport\" content=\"width=device-width, initial-scale=1.0\">[0m
job-design	Generar HTML de secciones según JSON	2025-04-28T07:58:30.6490698Z [36;1m    <title>Dashboard</title>[0m
job-design	Generar HTML de secciones según JSON	2025-04-28T07:58:30.6491469Z [36;1m</head>[0m
job-design	Generar HTML de secciones según JSON	2025-04-28T07:58:30.6492235Z [36;1m<body>" > "core/results/webs/${TITLE}/dashboard.html"[0m
job-design	Generar HTML de secciones según JSON	2025-04-28T07:58:30.6493155Z [36;1m[0m
job-design	Generar HTML de secciones según JSON	2025-04-28T07:58:30.6493872Z [36;1m# Concatenar todas las secciones[0m
job-design	Generar HTML de secciones según JSON	2025-04-28T07:58:30.6495077Z [36;1mif [ -d "core/results/webs/${TITLE}/temp_sections" ]; then[0m
job-design	Generar HTML de secciones según JSON	2025-04-28T07:58:30.6496389Z [36;1m  for section_file in "core/results/webs/${TITLE}/temp_sections"/*.html; do[0m
job-design	Generar HTML de secciones según JSON	2025-04-28T07:58:30.6497909Z [36;1m    echo "<div class=\"section-content\">" >> "core/results/webs/${TITLE}/dashboard.html"[0m
job-design	Generar HTML de secciones según JSON	2025-04-28T07:58:30.6499364Z [36;1m    cat "$section_file" >> "core/results/webs/${TITLE}/dashboard.html"[0m
job-design	Generar HTML de secciones según JSON	2025-04-28T07:58:30.6500595Z [36;1m    echo "</div>" >> "core/results/webs/${TITLE}/dashboard.html"[0m
job-design	Generar HTML de secciones según JSON	2025-04-28T07:58:30.6501563Z [36;1m  done[0m
job-design	Generar HTML de secciones según JSON	2025-04-28T07:58:30.6502156Z [36;1mfi[0m
job-design	Generar HTML de secciones según JSON	2025-04-28T07:58:30.6502708Z [36;1m[0m
job-design	Generar HTML de secciones según JSON	2025-04-28T07:58:30.6503518Z [36;1mecho "</body></html>" >> "core/results/webs/${TITLE}/dashboard.html"[0m
job-design	Generar HTML de secciones según JSON	2025-04-28T07:58:30.6504928Z [36;1mecho "Dashboard generado con todas las secciones"[0m
job-design	Generar HTML de secciones según JSON	2025-04-28T07:58:30.6513123Z shell: /usr/bin/bash -e {0}
job-design	Generar HTML de secciones según JSON	2025-04-28T07:58:30.6514090Z env:
job-design	Generar HTML de secciones según JSON	2025-04-28T07:58:30.6514755Z   KAOS_CODE: 14703088720
job-design	Generar HTML de secciones según JSON	2025-04-28T07:58:30.6515432Z   KAOS_EVENT_NAME: workflow_dispatch
job-design	Generar HTML de secciones según JSON	2025-04-28T07:58:30.6516179Z   KAOS_ACTION: 
job-design	Generar HTML de secciones según JSON	2025-04-28T07:58:30.6516770Z   KAOS_REF: refs/heads/main
job-design	Generar HTML de secciones según JSON	2025-04-28T07:58:30.6517486Z   KAOS_MODULE: [Ka0S] Deploy Web Structure
job-design	Generar HTML de secciones según JSON	2025-04-28T07:58:30.6518330Z   KAOS_JSON_WEB: core/config/webs/webs.json
job-design	Generar HTML de secciones según JSON	2025-04-28T07:58:30.6519151Z   KAOS_JSON_RESUME: core/outputs/webs/
job-design	Generar HTML de secciones según JSON	2025-04-28T07:58:30.6519954Z   KAOS_JSON_DATA: core/web/data/data.json
job-design	Generar HTML de secciones según JSON	2025-04-28T07:58:30.6520756Z   KAOS_WEB_STRUCTURE: core/results/webs/
job-design	Generar HTML de secciones según JSON	2025-04-28T07:58:30.6521540Z   KAOS_ACTOR: AlejandroPB5
job-design	Generar HTML de secciones según JSON	2025-04-28T07:58:30.6522189Z ##[endgroup]
job-design	Generar HTML de secciones según JSON	2025-04-28T07:58:30.6567890Z Generando HTML de secciones según su JSON...
job-design	Generar HTML de secciones según JSON	2025-04-28T07:58:30.6647883Z Procesando core/config/webs/section1inicio.json para core/results/webs/dashboard/structure/section1inicio/section1inicio.html
job-design	Generar HTML de secciones según JSON	2025-04-28T07:58:30.6741564Z Encontrado placeholder para lista de sección, procesando...
job-design	Generar HTML de secciones según JSON	2025-04-28T07:58:30.6798354Z LIST_TEMPLATE_JSON: {"type":"list","title":"Resumen de Actividades","dataSource":"core/results/webs/dashboard/data/kaos-repository-statistics.json"}
job-design	Generar HTML de secciones según JSON	2025-04-28T07:58:30.6827034Z LIST_TITLE: Resumen de Actividades
job-design	Generar HTML de secciones según JSON	2025-04-28T07:58:30.6861510Z LIST_DATA_SOURCE: core/results/webs/dashboard/data/kaos-repository-statistics.json
job-design	Generar HTML de secciones según JSON	2025-04-28T07:58:30.6878085Z LIST_TEMPLATE: <!DOCTYPE html>
job-design	Generar HTML de secciones según JSON	2025-04-28T07:58:30.6879142Z <html lang="es">
job-design	Generar HTML de secciones según JSON	2025-04-28T07:58:30.6879864Z <head>
job-design	Generar HTML de secciones según JSON	2025-04-28T07:58:30.6880510Z     <meta charset="UTF-8">
job-design	Generar HTML de secciones según JSON	2025-04-28T07:58:30.6881682Z     <meta name="viewport" content="width=device-width, initial-scale=1.0">
job-design	Generar HTML de secciones según JSON	2025-04-28T07:58:30.6883073Z     <title>Ka0s - {{TEMPLATE_TITLE}}</title>
job-design	Generar HTML de secciones según JSON	2025-04-28T07:58:30.6884322Z     <script src="https://cdn.tailwindcss.com"></script>
job-design	Generar HTML de secciones según JSON	2025-04-28T07:58:30.6885652Z </head>
job-design	Generar HTML de secciones según JSON	2025-04-28T07:58:30.6886256Z <body class="bg-gray-50">
job-design	Generar HTML de secciones según JSON	2025-04-28T07:58:30.6886997Z     <div class="container mx-auto px-4 py-8">
job-design	Generar HTML de secciones según JSON	2025-04-28T07:58:30.6887936Z         <header class="py-3 mb-4 border-b border-gray-200">
job-design	Generar HTML de secciones según JSON	2025-04-28T07:58:30.6889023Z             <div class="flex items-center">
job-design	Generar HTML de secciones según JSON	2025-04-28T07:58:30.6890275Z                 <h1 class="text-xl font-semibold text-gray-800">{{TEMPLATE_TITLE}}</h1>
job-design	Generar HTML de secciones según JSON	2025-04-28T07:58:30.6891501Z             </div>
job-design	Generar HTML de secciones según JSON	2025-04-28T07:58:30.6892201Z         </header>
job-design	Generar HTML de secciones según JSON	2025-04-28T07:58:30.6892617Z 
job-design	Generar HTML de secciones según JSON	2025-04-28T07:58:30.6892933Z         <div class="my-6">
job-design	Generar HTML de secciones según JSON	2025-04-28T07:58:30.6893904Z             <div class="bg-gray-100 p-3 rounded-md mb-3">
job-design	Generar HTML de secciones según JSON	2025-04-28T07:58:30.6895089Z                 <div id="data-headers" class="grid grid-cols-12 gap-4">
job-design	Generar HTML de secciones según JSON	2025-04-28T07:58:30.6896453Z                     <!-- Los encabezados se generarán dinámicamente basados en el JSON -->
job-design	Generar HTML de secciones según JSON	2025-04-28T07:58:30.6897488Z                 </div>
job-design	Generar HTML de secciones según JSON	2025-04-28T07:58:30.6898107Z             </div>
job-design	Generar HTML de secciones según JSON	2025-04-28T07:58:30.6898815Z             <div id="data-list" data-source="{{DATA_SOURCE}}">
job-design	Generar HTML de secciones según JSON	2025-04-28T07:58:30.6899874Z                 <!-- Los elementos de datos se cargarán dinámicamente -->
job-design	Generar HTML de secciones según JSON	2025-04-28T07:58:30.6900838Z                 <div class="text-center py-10">
job-design	Generar HTML de secciones según JSON	2025-04-28T07:58:30.6902179Z                     <div class="inline-block animate-spin rounded-full h-8 w-8 border-t-2 border-b-2 border-blue-500"></div>
job-design	Generar HTML de secciones según JSON	2025-04-28T07:58:30.6903920Z                     <p class="mt-2 text-gray-600">Cargando datos...</p>
job-design	Generar HTML de secciones según JSON	2025-04-28T07:58:30.6905016Z                 </div>
job-design	Generar HTML de secciones según JSON	2025-04-28T07:58:30.6905621Z             </div>
job-design	Generar HTML de secciones según JSON	2025-04-28T07:58:30.6906194Z         </div>
job-design	Generar HTML de secciones según JSON	2025-04-28T07:58:30.6906519Z 
job-design	Generar HTML de secciones según JSON	2025-04-28T07:58:30.6906907Z         <div id="pagination" class="flex justify-center my-6">
job-design	Generar HTML de secciones según JSON	2025-04-28T07:58:30.6907911Z             <!-- La paginación se generará dinámicamente -->
job-design	Generar HTML de secciones según JSON	2025-04-28T07:58:30.6908720Z         </div>
job-design	Generar HTML de secciones según JSON	2025-04-28T07:58:30.6909284Z     </div>
job-design	Generar HTML de secciones según JSON	2025-04-28T07:58:30.6909587Z 
job-design	Generar HTML de secciones según JSON	2025-04-28T07:58:30.6910374Z     <script src="https://cdn.jsdelivr.net/npm/bootstrap@5.2.3/dist/js/bootstrap.bundle.min.js"></script>
job-design	Generar HTML de secciones según JSON	2025-04-28T07:58:30.6911695Z     <script src="../js/data-list.js"></script>
job-design	Generar HTML de secciones según JSON	2025-04-28T07:58:30.6912461Z     <script>
job-design	Generar HTML de secciones según JSON	2025-04-28T07:58:30.6913095Z         // Inicializar la lista con la fuente de datos
job-design	Generar HTML de secciones según JSON	2025-04-28T07:58:30.6914157Z         document.addEventListener('DOMContentLoaded', function() {
job-design	Generar HTML de secciones según JSON	2025-04-28T07:58:30.6915731Z             // El script data-list.js debería buscar este atributo para cargar los datos
job-design	Generar HTML de secciones según JSON	2025-04-28T07:58:30.6917524Z             const dataSource = document.getElementById('data-list').getAttribute('data-source');
job-design	Generar HTML de secciones según JSON	2025-04-28T07:58:30.6919042Z             // Aquí iría la lógica para cargar los datos desde la fuente especificada
job-design	Generar HTML de secciones según JSON	2025-04-28T07:58:30.6920006Z         });
job-design	Generar HTML de secciones según JSON	2025-04-28T07:58:30.6920547Z     </script>
job-design	Generar HTML de secciones según JSON	2025-04-28T07:58:30.6921112Z </body>
job-design	Generar HTML de secciones según JSON	2025-04-28T07:58:30.6921637Z </html>
job-design	Generar HTML de secciones según JSON	2025-04-28T07:58:30.6922308Z LIST_TEMPLATE después de reemplazo: <!DOCTYPE html>
job-design	Generar HTML de secciones según JSON	2025-04-28T07:58:30.6923171Z <html lang="es">
job-design	Generar HTML de secciones según JSON	2025-04-28T07:58:30.6923904Z <head>
job-design	Generar HTML de secciones según JSON	2025-04-28T07:58:30.6924558Z     <meta charset="UTF-8">
job-design	Generar HTML de secciones según JSON	2025-04-28T07:58:30.6925542Z     <meta name="viewport" content="width=device-width, initial-scale=1.0">
job-design	Generar HTML de secciones según JSON	2025-04-28T07:58:30.6926613Z     <title>Ka0s - Resumen de Actividades</title>
job-design	Generar HTML de secciones según JSON	2025-04-28T07:58:30.6927522Z     <script src="https://cdn.tailwindcss.com"></script>
job-design	Generar HTML de secciones según JSON	2025-04-28T07:58:30.6928357Z </head>
job-design	Generar HTML de secciones según JSON	2025-04-28T07:58:30.6928911Z <body class="bg-gray-50">
job-design	Generar HTML de secciones según JSON	2025-04-28T07:58:30.6929624Z     <div class="container mx-auto px-4 py-8">
job-design	Generar HTML de secciones según JSON	2025-04-28T07:58:30.6930640Z         <header class="py-3 mb-4 border-b border-gray-200">
job-design	Generar HTML de secciones según JSON	2025-04-28T07:58:30.6931530Z             <div class="flex items-center">
job-design	Generar HTML de secciones según JSON	2025-04-28T07:58:30.6932558Z                 <h1 class="text-xl font-semibold text-gray-800">Resumen de Actividades</h1>
job-design	Generar HTML de secciones según JSON	2025-04-28T07:58:30.6933639Z             </div>
job-design	Generar HTML de secciones según JSON	2025-04-28T07:58:30.6934354Z         </header>
job-design	Generar HTML de secciones según JSON	2025-04-28T07:58:30.6934756Z 
job-design	Generar HTML de secciones según JSON	2025-04-28T07:58:30.6935047Z         <div class="my-6">
job-design	Generar HTML de secciones según JSON	2025-04-28T07:58:30.6935852Z             <div class="bg-gray-100 p-3 rounded-md mb-3">
job-design	Generar HTML de secciones según JSON	2025-04-28T07:58:30.6936796Z                 <div id="data-headers" class="grid grid-cols-12 gap-4">
job-design	Generar HTML de secciones según JSON	2025-04-28T07:58:30.6937988Z                     <!-- Los encabezados se generarán dinámicamente basados en el JSON -->
job-design	Generar HTML de secciones según JSON	2025-04-28T07:58:30.6938991Z                 </div>
job-design	Generar HTML de secciones según JSON	2025-04-28T07:58:30.6939601Z             </div>
job-design	Generar HTML de secciones según JSON	2025-04-28T07:58:30.6940709Z             <div id="data-list" data-source="core/results/webs/dashboard/data/kaos-repository-statistics.json">
job-design	Generar HTML de secciones según JSON	2025-04-28T07:58:30.6942184Z                 <!-- Los elementos de datos se cargarán dinámicamente -->
job-design	Generar HTML de secciones según JSON	2025-04-28T07:58:30.6943117Z                 <div class="text-center py-10">
job-design	Generar HTML de secciones según JSON	2025-04-28T07:58:30.6944632Z                     <div class="inline-block animate-spin rounded-full h-8 w-8 border-t-2 border-b-2 border-blue-500"></div>
job-design	Generar HTML de secciones según JSON	2025-04-28T07:58:30.6946085Z                     <p class="mt-2 text-gray-600">Cargando datos...</p>
job-design	Generar HTML de secciones según JSON	2025-04-28T07:58:30.6946950Z                 </div>
job-design	Generar HTML de secciones según JSON	2025-04-28T07:58:30.6947580Z             </div>
job-design	Generar HTML de secciones según JSON	2025-04-28T07:58:30.6948155Z         </div>
job-design	Generar HTML de secciones según JSON	2025-04-28T07:58:30.6948480Z 
job-design	Generar HTML de secciones según JSON	2025-04-28T07:58:30.6948875Z         <div id="pagination" class="flex justify-center my-6">
job-design	Generar HTML de secciones según JSON	2025-04-28T07:58:30.6949873Z             <!-- La paginación se generará dinámicamente -->
job-design	Generar HTML de secciones según JSON	2025-04-28T07:58:30.6950685Z         </div>
job-design	Generar HTML de secciones según JSON	2025-04-28T07:58:30.6951235Z     </div>
job-design	Generar HTML de secciones según JSON	2025-04-28T07:58:30.6951545Z 
job-design	Generar HTML de secciones según JSON	2025-04-28T07:58:30.6952300Z     <script src="https://cdn.jsdelivr.net/npm/bootstrap@5.2.3/dist/js/bootstrap.bundle.min.js"></script>
job-design	Generar HTML de secciones según JSON	2025-04-28T07:58:30.6953650Z     <script src="../js/data-list.js"></script>
job-design	Generar HTML de secciones según JSON	2025-04-28T07:58:30.6954547Z     <script>
job-design	Generar HTML de secciones según JSON	2025-04-28T07:58:30.6955291Z         // Inicializar la lista con la fuente de datos
job-design	Generar HTML de secciones según JSON	2025-04-28T07:58:30.6956325Z         document.addEventListener('DOMContentLoaded', function() {
job-design	Generar HTML de secciones según JSON	2025-04-28T07:58:30.6957595Z             // El script data-list.js debería buscar este atributo para cargar los datos
job-design	Generar HTML de secciones según JSON	2025-04-28T07:58:30.6959019Z             const dataSource = document.getElementById('data-list').getAttribute('data-source');
job-design	Generar HTML de secciones según JSON	2025-04-28T07:58:30.6960442Z             // Aquí iría la lógica para cargar los datos desde la fuente especificada
job-design	Generar HTML de secciones según JSON	2025-04-28T07:58:30.6961398Z         });
job-design	Generar HTML de secciones según JSON	2025-04-28T07:58:30.6961945Z     </script>
job-design	Generar HTML de secciones según JSON	2025-04-28T07:58:30.6962505Z </body>
job-design	Generar HTML de secciones según JSON	2025-04-28T07:58:30.6963030Z </html>
job-design	Generar HTML de secciones según JSON	2025-04-28T07:58:30.6963686Z Añadido componente de lista a la sección
job-design	Generar HTML de secciones según JSON	2025-04-28T07:58:30.7244620Z Generado core/results/webs/dashboard/structure/section1inicio/section1inicio.html
job-design	Generar HTML de secciones según JSON	2025-04-28T07:58:30.7302270Z Procesando core/config/webs/section2workflows.json para core/results/webs/dashboard/structure/section2workflows/section2workflows.html
job-design	Generar HTML de secciones según JSON	2025-04-28T07:58:30.7397822Z Encontrado placeholder para lista de sección, procesando...
job-design	Generar HTML de secciones según JSON	2025-04-28T07:58:30.7453229Z LIST_TEMPLATE_JSON: {"type":"list","title":"Lista de Workflows","dataSource":"core/results/webs/dashboard/data/kaos-workflows-available.json"}
job-design	Generar HTML de secciones según JSON	2025-04-28T07:58:30.7480750Z LIST_TITLE: Lista de Workflows
job-design	Generar HTML de secciones según JSON	2025-04-28T07:58:30.7510213Z LIST_DATA_SOURCE: core/results/webs/dashboard/data/kaos-workflows-available.json
job-design	Generar HTML de secciones según JSON	2025-04-28T07:58:30.7524106Z LIST_TEMPLATE: <!DOCTYPE html>
job-design	Generar HTML de secciones según JSON	2025-04-28T07:58:30.7525071Z <html lang="es">
job-design	Generar HTML de secciones según JSON	2025-04-28T07:58:30.7526041Z <head>
job-design	Generar HTML de secciones según JSON	2025-04-28T07:58:30.7526697Z     <meta charset="UTF-8">
job-design	Generar HTML de secciones según JSON	2025-04-28T07:58:30.7527666Z     <meta name="viewport" content="width=device-width, initial-scale=1.0">
job-design	Generar HTML de secciones según JSON	2025-04-28T07:58:30.7528912Z     <title>Ka0s - {{TEMPLATE_TITLE}}</title>
job-design	Generar HTML de secciones según JSON	2025-04-28T07:58:30.7529977Z     <script src="https://cdn.tailwindcss.com"></script>
job-design	Generar HTML de secciones según JSON	2025-04-28T07:58:30.7531235Z </head>
job-design	Generar HTML de secciones según JSON	2025-04-28T07:58:30.7531894Z <body class="bg-gray-50">
job-design	Generar HTML de secciones según JSON	2025-04-28T07:58:30.7532724Z     <div class="container mx-auto px-4 py-8">
job-design	Generar HTML de secciones según JSON	2025-04-28T07:58:30.7533807Z         <header class="py-3 mb-4 border-b border-gray-200">
job-design	Generar HTML de secciones según JSON	2025-04-28T07:58:30.7534869Z             <div class="flex items-center">
job-design	Generar HTML de secciones según JSON	2025-04-28T07:58:30.7535865Z                 <h1 class="text-xl font-semibold text-gray-800">{{TEMPLATE_TITLE}}</h1>
job-design	Generar HTML de secciones según JSON	2025-04-28T07:58:30.7536918Z             </div>
job-design	Generar HTML de secciones según JSON	2025-04-28T07:58:30.7537489Z         </header>
job-design	Generar HTML de secciones según JSON	2025-04-28T07:58:30.7537823Z 
job-design	Generar HTML de secciones según JSON	2025-04-28T07:58:30.7538083Z         <div class="my-6">
job-design	Generar HTML de secciones según JSON	2025-04-28T07:58:30.7538817Z             <div class="bg-gray-100 p-3 rounded-md mb-3">
job-design	Generar HTML de secciones según JSON	2025-04-28T07:58:30.7539760Z                 <div id="data-headers" class="grid grid-cols-12 gap-4">
job-design	Generar HTML de secciones según JSON	2025-04-28T07:58:30.7541097Z                     <!-- Los encabezados se generarán dinámicamente basados en el JSON -->
job-design	Generar HTML de secciones según JSON	2025-04-28T07:58:30.7542197Z                 </div>
job-design	Generar HTML de secciones según JSON	2025-04-28T07:58:30.7542815Z             </div>
job-design	Generar HTML de secciones según JSON	2025-04-28T07:58:30.7543489Z             <div id="data-list" data-source="{{DATA_SOURCE}}">
job-design	Generar HTML de secciones según JSON	2025-04-28T07:58:30.7544739Z                 <!-- Los elementos de datos se cargarán dinámicamente -->
job-design	Generar HTML de secciones según JSON	2025-04-28T07:58:30.7545802Z                 <div class="text-center py-10">
job-design	Generar HTML de secciones según JSON	2025-04-28T07:58:30.7547078Z                     <div class="inline-block animate-spin rounded-full h-8 w-8 border-t-2 border-b-2 border-blue-500"></div>
job-design	Generar HTML de secciones según JSON	2025-04-28T07:58:30.7548633Z                     <p class="mt-2 text-gray-600">Cargando datos...</p>
job-design	Generar HTML de secciones según JSON	2025-04-28T07:58:30.7549640Z                 </div>
job-design	Generar HTML de secciones según JSON	2025-04-28T07:58:30.7550359Z             </div>
job-design	Generar HTML de secciones según JSON	2025-04-28T07:58:30.7551029Z         </div>
job-design	Generar HTML de secciones según JSON	2025-04-28T07:58:30.7551433Z 
job-design	Generar HTML de secciones según JSON	2025-04-28T07:58:30.7551887Z         <div id="pagination" class="flex justify-center my-6">
job-design	Generar HTML de secciones según JSON	2025-04-28T07:58:30.7553056Z             <!-- La paginación se generará dinámicamente -->
job-design	Generar HTML de secciones según JSON	2025-04-28T07:58:30.7554159Z         </div>
job-design	Generar HTML de secciones según JSON	2025-04-28T07:58:30.7554844Z     </div>
job-design	Generar HTML de secciones según JSON	2025-04-28T07:58:30.7555179Z 
job-design	Generar HTML de secciones según JSON	2025-04-28T07:58:30.7555947Z     <script src="https://cdn.jsdelivr.net/npm/bootstrap@5.2.3/dist/js/bootstrap.bundle.min.js"></script>
job-design	Generar HTML de secciones según JSON	2025-04-28T07:58:30.7557347Z     <script src="../js/data-list.js"></script>
job-design	Generar HTML de secciones según JSON	2025-04-28T07:58:30.7558143Z     <script>
job-design	Generar HTML de secciones según JSON	2025-04-28T07:58:30.7558834Z         // Inicializar la lista con la fuente de datos
job-design	Generar HTML de secciones según JSON	2025-04-28T07:58:30.7559903Z         document.addEventListener('DOMContentLoaded', function() {
job-design	Generar HTML de secciones según JSON	2025-04-28T07:58:30.7561211Z             // El script data-list.js debería buscar este atributo para cargar los datos
job-design	Generar HTML de secciones según JSON	2025-04-28T07:58:30.7562732Z             const dataSource = document.getElementById('data-list').getAttribute('data-source');
job-design	Generar HTML de secciones según JSON	2025-04-28T07:58:30.7564465Z             // Aquí iría la lógica para cargar los datos desde la fuente especificada
job-design	Generar HTML de secciones según JSON	2025-04-28T07:58:30.7565670Z         });
job-design	Generar HTML de secciones según JSON	2025-04-28T07:58:30.7566242Z     </script>
job-design	Generar HTML de secciones según JSON	2025-04-28T07:58:30.7566849Z </body>
job-design	Generar HTML de secciones según JSON	2025-04-28T07:58:30.7567441Z </html>
job-design	Generar HTML de secciones según JSON	2025-04-28T07:58:30.7568194Z LIST_TEMPLATE después de reemplazo: <!DOCTYPE html>
job-design	Generar HTML de secciones según JSON	2025-04-28T07:58:30.7569123Z <html lang="es">
job-design	Generar HTML de secciones según JSON	2025-04-28T07:58:30.7569727Z <head>
job-design	Generar HTML de secciones según JSON	2025-04-28T07:58:30.7570329Z     <meta charset="UTF-8">
job-design	Generar HTML de secciones según JSON	2025-04-28T07:58:30.7581613Z     <meta name="viewport" content="width=device-width, initial-scale=1.0">
job-design	Generar HTML de secciones según JSON	2025-04-28T07:58:30.7582737Z     <title>Ka0s - Lista de Workflows</title>
job-design	Generar HTML de secciones según JSON	2025-04-28T07:58:30.7583639Z     <script src="https://cdn.tailwindcss.com"></script>
job-design	Generar HTML de secciones según JSON	2025-04-28T07:58:30.7584792Z </head>
job-design	Generar HTML de secciones según JSON	2025-04-28T07:58:30.7585505Z <body class="bg-gray-50">
job-design	Generar HTML de secciones según JSON	2025-04-28T07:58:30.7586262Z     <div class="container mx-auto px-4 py-8">
job-design	Generar HTML de secciones según JSON	2025-04-28T07:58:30.7587138Z         <header class="py-3 mb-4 border-b border-gray-200">
job-design	Generar HTML de secciones según JSON	2025-04-28T07:58:30.7588008Z             <div class="flex items-center">
job-design	Generar HTML de secciones según JSON	2025-04-28T07:58:30.7588975Z                 <h1 class="text-xl font-semibold text-gray-800">Lista de Workflows</h1>
job-design	Generar HTML de secciones según JSON	2025-04-28T07:58:30.7589933Z             </div>
job-design	Generar HTML de secciones según JSON	2025-04-28T07:58:30.7590491Z         </header>
job-design	Generar HTML de secciones según JSON	2025-04-28T07:58:30.7590810Z 
job-design	Generar HTML de secciones según JSON	2025-04-28T07:58:30.7591058Z         <div class="my-6">
job-design	Generar HTML de secciones según JSON	2025-04-28T07:58:30.7591996Z             <div class="bg-gray-100 p-3 rounded-md mb-3">
job-design	Generar HTML de secciones según JSON	2025-04-28T07:58:30.7592939Z                 <div id="data-headers" class="grid grid-cols-12 gap-4">
job-design	Generar HTML de secciones según JSON	2025-04-28T07:58:30.7594411Z                     <!-- Los encabezados se generarán dinámicamente basados en el JSON -->
job-design	Generar HTML de secciones según JSON	2025-04-28T07:58:30.7595540Z                 </div>
job-design	Generar HTML de secciones según JSON	2025-04-28T07:58:30.7596138Z             </div>
job-design	Generar HTML de secciones según JSON	2025-04-28T07:58:30.7597197Z             <div id="data-list" data-source="core/results/webs/dashboard/data/kaos-workflows-available.json">
job-design	Generar HTML de secciones según JSON	2025-04-28T07:58:30.7598693Z                 <!-- Los elementos de datos se cargarán dinámicamente -->
job-design	Generar HTML de secciones según JSON	2025-04-28T07:58:30.7599616Z                 <div class="text-center py-10">
job-design	Generar HTML de secciones según JSON	2025-04-28T07:58:30.7600902Z                     <div class="inline-block animate-spin rounded-full h-8 w-8 border-t-2 border-b-2 border-blue-500"></div>
job-design	Generar HTML de secciones según JSON	2025-04-28T07:58:30.7602261Z                     <p class="mt-2 text-gray-600">Cargando datos...</p>
job-design	Generar HTML de secciones según JSON	2025-04-28T07:58:30.7603108Z                 </div>
job-design	Generar HTML de secciones según JSON	2025-04-28T07:58:30.7603796Z             </div>
job-design	Generar HTML de secciones según JSON	2025-04-28T07:58:30.7604598Z         </div>
job-design	Generar HTML de secciones según JSON	2025-04-28T07:58:30.7604996Z 
job-design	Generar HTML de secciones según JSON	2025-04-28T07:58:30.7605430Z         <div id="pagination" class="flex justify-center my-6">
job-design	Generar HTML de secciones según JSON	2025-04-28T07:58:30.7606401Z             <!-- La paginación se generará dinámicamente -->
job-design	Generar HTML de secciones según JSON	2025-04-28T07:58:30.7607197Z         </div>
job-design	Generar HTML de secciones según JSON	2025-04-28T07:58:30.7607737Z     </div>
job-design	Generar HTML de secciones según JSON	2025-04-28T07:58:30.7608036Z 
job-design	Generar HTML de secciones según JSON	2025-04-28T07:58:30.7608793Z     <script src="https://cdn.jsdelivr.net/npm/bootstrap@5.2.3/dist/js/bootstrap.bundle.min.js"></script>
job-design	Generar HTML de secciones según JSON	2025-04-28T07:58:30.7610112Z     <script src="../js/data-list.js"></script>
job-design	Generar HTML de secciones según JSON	2025-04-28T07:58:30.7610863Z     <script>
job-design	Generar HTML de secciones según JSON	2025-04-28T07:58:30.7611486Z         // Inicializar la lista con la fuente de datos
job-design	Generar HTML de secciones según JSON	2025-04-28T07:58:30.7612482Z         document.addEventListener('DOMContentLoaded', function() {
job-design	Generar HTML de secciones según JSON	2025-04-28T07:58:30.7613710Z             // El script data-list.js debería buscar este atributo para cargar los datos
job-design	Generar HTML de secciones según JSON	2025-04-28T07:58:30.7615657Z             const dataSource = document.getElementById('data-list').getAttribute('data-source');
job-design	Generar HTML de secciones según JSON	2025-04-28T07:58:30.7617077Z             // Aquí iría la lógica para cargar los datos desde la fuente especificada
job-design	Generar HTML de secciones según JSON	2025-04-28T07:58:30.7618014Z         });
job-design	Generar HTML de secciones según JSON	2025-04-28T07:58:30.7618545Z     </script>
job-design	Generar HTML de secciones según JSON	2025-04-28T07:58:30.7619081Z </body>
job-design	Generar HTML de secciones según JSON	2025-04-28T07:58:30.7619589Z </html>
job-design	Generar HTML de secciones según JSON	2025-04-28T07:58:30.7620188Z Añadido componente de lista a la sección
job-design	Generar HTML de secciones según JSON	2025-04-28T07:58:30.7894142Z Generado core/results/webs/dashboard/structure/section2workflows/section2workflows.html
job-design	Generar HTML de secciones según JSON	2025-04-28T07:58:30.7952454Z Procesando core/config/webs/section3issues.json para core/results/webs/dashboard/structure/section3issues/section3issues.html
job-design	Generar HTML de secciones según JSON	2025-04-28T07:58:30.8044296Z Encontrado placeholder para lista de sección, procesando...
job-design	Generar HTML de secciones según JSON	2025-04-28T07:58:30.8097000Z LIST_TEMPLATE_JSON: {"type":"list","title":"Issues Abiertos","dataSource":"core/results/webs/dashboard/data/kaos-issue.json"}
job-design	Generar HTML de secciones según JSON	2025-04-28T07:58:30.8127835Z LIST_TITLE: Issues Abiertos
job-design	Generar HTML de secciones según JSON	2025-04-28T07:58:30.8157361Z LIST_DATA_SOURCE: core/results/webs/dashboard/data/kaos-issue.json
job-design	Generar HTML de secciones según JSON	2025-04-28T07:58:30.8170237Z LIST_TEMPLATE: <!DOCTYPE html>
job-design	Generar HTML de secciones según JSON	2025-04-28T07:58:30.8171519Z <html lang="es">
job-design	Generar HTML de secciones según JSON	2025-04-28T07:58:30.8172462Z <head>
job-design	Generar HTML de secciones según JSON	2025-04-28T07:58:30.8173334Z     <meta charset="UTF-8">
job-design	Generar HTML de secciones según JSON	2025-04-28T07:58:30.8175031Z     <meta name="viewport" content="width=device-width, initial-scale=1.0">
job-design	Generar HTML de secciones según JSON	2025-04-28T07:58:30.8176593Z     <title>Ka0s - {{TEMPLATE_TITLE}}</title>
job-design	Generar HTML de secciones según JSON	2025-04-28T07:58:30.8177964Z     <script src="https://cdn.tailwindcss.com"></script>
job-design	Generar HTML de secciones según JSON	2025-04-28T07:58:30.8179207Z </head>
job-design	Generar HTML de secciones según JSON	2025-04-28T07:58:30.8180060Z <body class="bg-gray-50">
job-design	Generar HTML de secciones según JSON	2025-04-28T07:58:30.8181108Z     <div class="container mx-auto px-4 py-8">
job-design	Generar HTML de secciones según JSON	2025-04-28T07:58:30.8182442Z         <header class="py-3 mb-4 border-b border-gray-200">
job-design	Generar HTML de secciones según JSON	2025-04-28T07:58:30.8183855Z             <div class="flex items-center">
job-design	Generar HTML de secciones según JSON	2025-04-28T07:58:30.8185570Z                 <h1 class="text-xl font-semibold text-gray-800">{{TEMPLATE_TITLE}}</h1>
job-design	Generar HTML de secciones según JSON	2025-04-28T07:58:30.8186788Z             </div>
job-design	Generar HTML de secciones según JSON	2025-04-28T07:58:30.8187637Z         </header>
job-design	Generar HTML de secciones según JSON	2025-04-28T07:58:30.8187968Z 
job-design	Generar HTML de secciones según JSON	2025-04-28T07:58:30.8188226Z         <div class="my-6">
job-design	Generar HTML de secciones según JSON	2025-04-28T07:58:30.8188954Z             <div class="bg-gray-100 p-3 rounded-md mb-3">
job-design	Generar HTML de secciones según JSON	2025-04-28T07:58:30.8189883Z                 <div id="data-headers" class="grid grid-cols-12 gap-4">
job-design	Generar HTML de secciones según JSON	2025-04-28T07:58:30.8191181Z                     <!-- Los encabezados se generarán dinámicamente basados en el JSON -->
job-design	Generar HTML de secciones según JSON	2025-04-28T07:58:30.8192260Z                 </div>
job-design	Generar HTML de secciones según JSON	2025-04-28T07:58:30.8192855Z             </div>
job-design	Generar HTML de secciones según JSON	2025-04-28T07:58:30.8193585Z             <div id="data-list" data-source="{{DATA_SOURCE}}">
job-design	Generar HTML de secciones según JSON	2025-04-28T07:58:30.8194863Z                 <!-- Los elementos de datos se cargarán dinámicamente -->
job-design	Generar HTML de secciones según JSON	2025-04-28T07:58:30.8195876Z                 <div class="text-center py-10">
job-design	Generar HTML de secciones según JSON	2025-04-28T07:58:30.8197123Z                     <div class="inline-block animate-spin rounded-full h-8 w-8 border-t-2 border-b-2 border-blue-500"></div>
job-design	Generar HTML de secciones según JSON	2025-04-28T07:58:30.8198485Z                     <p class="mt-2 text-gray-600">Cargando datos...</p>
job-design	Generar HTML de secciones según JSON	2025-04-28T07:58:30.8199344Z                 </div>
job-design	Generar HTML de secciones según JSON	2025-04-28T07:58:30.8199937Z             </div>
job-design	Generar HTML de secciones según JSON	2025-04-28T07:58:30.8200488Z         </div>
job-design	Generar HTML de secciones según JSON	2025-04-28T07:58:30.8200808Z 
job-design	Generar HTML de secciones según JSON	2025-04-28T07:58:30.8201177Z         <div id="pagination" class="flex justify-center my-6">
job-design	Generar HTML de secciones según JSON	2025-04-28T07:58:30.8202138Z             <!-- La paginación se generará dinámicamente -->
job-design	Generar HTML de secciones según JSON	2025-04-28T07:58:30.8202925Z         </div>
job-design	Generar HTML de secciones según JSON	2025-04-28T07:58:30.8203563Z     </div>
job-design	Generar HTML de secciones según JSON	2025-04-28T07:58:30.8204117Z 
job-design	Generar HTML de secciones según JSON	2025-04-28T07:58:30.8205058Z     <script src="https://cdn.jsdelivr.net/npm/bootstrap@5.2.3/dist/js/bootstrap.bundle.min.js"></script>
job-design	Generar HTML de secciones según JSON	2025-04-28T07:58:30.8206352Z     <script src="../js/data-list.js"></script>
job-design	Generar HTML de secciones según JSON	2025-04-28T07:58:30.8207089Z     <script>
job-design	Generar HTML de secciones según JSON	2025-04-28T07:58:30.8207707Z         // Inicializar la lista con la fuente de datos
job-design	Generar HTML de secciones según JSON	2025-04-28T07:58:30.8208679Z         document.addEventListener('DOMContentLoaded', function() {
job-design	Generar HTML de secciones según JSON	2025-04-28T07:58:30.8210104Z             // El script data-list.js debería buscar este atributo para cargar los datos
job-design	Generar HTML de secciones según JSON	2025-04-28T07:58:30.8211829Z             const dataSource = document.getElementById('data-list').getAttribute('data-source');
job-design	Generar HTML de secciones según JSON	2025-04-28T07:58:30.8213540Z             // Aquí iría la lógica para cargar los datos desde la fuente especificada
job-design	Generar HTML de secciones según JSON	2025-04-28T07:58:30.8214700Z         });
job-design	Generar HTML de secciones según JSON	2025-04-28T07:58:30.8215221Z     </script>
job-design	Generar HTML de secciones según JSON	2025-04-28T07:58:30.8215745Z </body>
job-design	Generar HTML de secciones según JSON	2025-04-28T07:58:30.8216243Z </html>
job-design	Generar HTML de secciones según JSON	2025-04-28T07:58:30.8216984Z LIST_TEMPLATE después de reemplazo: <!DOCTYPE html>
job-design	Generar HTML de secciones según JSON	2025-04-28T07:58:30.8217777Z <html lang="es">
job-design	Generar HTML de secciones según JSON	2025-04-28T07:58:30.8218311Z <head>
job-design	Generar HTML de secciones según JSON	2025-04-28T07:58:30.8218829Z     <meta charset="UTF-8">
job-design	Generar HTML de secciones según JSON	2025-04-28T07:58:30.8219694Z     <meta name="viewport" content="width=device-width, initial-scale=1.0">
job-design	Generar HTML de secciones según JSON	2025-04-28T07:58:30.8220674Z     <title>Ka0s - Issues Abiertos</title>
job-design	Generar HTML de secciones según JSON	2025-04-28T07:58:30.8221508Z     <script src="https://cdn.tailwindcss.com"></script>
job-design	Generar HTML de secciones según JSON	2025-04-28T07:58:30.8222283Z </head>
job-design	Generar HTML de secciones según JSON	2025-04-28T07:58:30.8222816Z <body class="bg-gray-50">
job-design	Generar HTML de secciones según JSON	2025-04-28T07:58:30.8223536Z     <div class="container mx-auto px-4 py-8">
job-design	Generar HTML de secciones según JSON	2025-04-28T07:58:30.8224792Z         <header class="py-3 mb-4 border-b border-gray-200">
job-design	Generar HTML de secciones según JSON	2025-04-28T07:58:30.8225776Z             <div class="flex items-center">
job-design	Generar HTML de secciones según JSON	2025-04-28T07:58:30.8226759Z                 <h1 class="text-xl font-semibold text-gray-800">Issues Abiertos</h1>
job-design	Generar HTML de secciones según JSON	2025-04-28T07:58:30.8227717Z             </div>
job-design	Generar HTML de secciones según JSON	2025-04-28T07:58:30.8228311Z         </header>
job-design	Generar HTML de secciones según JSON	2025-04-28T07:58:30.8228645Z 
job-design	Generar HTML de secciones según JSON	2025-04-28T07:58:30.8228946Z         <div class="my-6">
job-design	Generar HTML de secciones según JSON	2025-04-28T07:58:30.8229706Z             <div class="bg-gray-100 p-3 rounded-md mb-3">
job-design	Generar HTML de secciones según JSON	2025-04-28T07:58:30.8230661Z                 <div id="data-headers" class="grid grid-cols-12 gap-4">
job-design	Generar HTML de secciones según JSON	2025-04-28T07:58:30.8231809Z                     <!-- Los encabezados se generarán dinámicamente basados en el JSON -->
job-design	Generar HTML de secciones según JSON	2025-04-28T07:58:30.8232773Z                 </div>
job-design	Generar HTML de secciones según JSON	2025-04-28T07:58:30.8233360Z             </div>
job-design	Generar HTML de secciones según JSON	2025-04-28T07:58:30.8234601Z             <div id="data-list" data-source="core/results/webs/dashboard/data/kaos-issue.json">
job-design	Generar HTML de secciones según JSON	2025-04-28T07:58:30.8236121Z                 <!-- Los elementos de datos se cargarán dinámicamente -->
job-design	Generar HTML de secciones según JSON	2025-04-28T07:58:30.8237238Z                 <div class="text-center py-10">
job-design	Generar HTML de secciones según JSON	2025-04-28T07:58:30.8238516Z                     <div class="inline-block animate-spin rounded-full h-8 w-8 border-t-2 border-b-2 border-blue-500"></div>
job-design	Generar HTML de secciones según JSON	2025-04-28T07:58:30.8239901Z                     <p class="mt-2 text-gray-600">Cargando datos...</p>
job-design	Generar HTML de secciones según JSON	2025-04-28T07:58:30.8240815Z                 </div>
job-design	Generar HTML de secciones según JSON	2025-04-28T07:58:30.8241412Z             </div>
job-design	Generar HTML de secciones según JSON	2025-04-28T07:58:30.8241977Z         </div>
job-design	Generar HTML de secciones según JSON	2025-04-28T07:58:30.8242291Z 
job-design	Generar HTML de secciones según JSON	2025-04-28T07:58:30.8242669Z         <div id="pagination" class="flex justify-center my-6">
job-design	Generar HTML de secciones según JSON	2025-04-28T07:58:30.8243679Z             <!-- La paginación se generará dinámicamente -->
job-design	Generar HTML de secciones según JSON	2025-04-28T07:58:30.8244716Z         </div>
job-design	Generar HTML de secciones según JSON	2025-04-28T07:58:30.8245306Z     </div>
job-design	Generar HTML de secciones según JSON	2025-04-28T07:58:30.8245599Z 
job-design	Generar HTML de secciones según JSON	2025-04-28T07:58:30.8246321Z     <script src="https://cdn.jsdelivr.net/npm/bootstrap@5.2.3/dist/js/bootstrap.bundle.min.js"></script>
job-design	Generar HTML de secciones según JSON	2025-04-28T07:58:30.8247596Z     <script src="../js/data-list.js"></script>
job-design	Generar HTML de secciones según JSON	2025-04-28T07:58:30.8248321Z     <script>
job-design	Generar HTML de secciones según JSON	2025-04-28T07:58:30.8248931Z         // Inicializar la lista con la fuente de datos
job-design	Generar HTML de secciones según JSON	2025-04-28T07:58:30.8249897Z         document.addEventListener('DOMContentLoaded', function() {
job-design	Generar HTML de secciones según JSON	2025-04-28T07:58:30.8251092Z             // El script data-list.js debería buscar este atributo para cargar los datos
job-design	Generar HTML de secciones según JSON	2025-04-28T07:58:30.8252470Z             const dataSource = document.getElementById('data-list').getAttribute('data-source');
job-design	Generar HTML de secciones según JSON	2025-04-28T07:58:30.8253879Z             // Aquí iría la lógica para cargar los datos desde la fuente especificada
job-design	Generar HTML de secciones según JSON	2025-04-28T07:58:30.8255026Z         });
job-design	Generar HTML de secciones según JSON	2025-04-28T07:58:30.8255610Z     </script>
job-design	Generar HTML de secciones según JSON	2025-04-28T07:58:30.8256140Z </body>
job-design	Generar HTML de secciones según JSON	2025-04-28T07:58:30.8256639Z </html>
job-design	Generar HTML de secciones según JSON	2025-04-28T07:58:30.8257239Z Añadido componente de lista a la sección
job-design	Generar HTML de secciones según JSON	2025-04-28T07:58:30.8537463Z Generado core/results/webs/dashboard/structure/section3issues/section3issues.html
job-design	Generar HTML de secciones según JSON	2025-04-28T07:58:30.8600362Z Dashboard generado con todas las secciones
job-design	Upload Files	﻿2025-04-28T07:58:30.8656314Z ##[group]Run echo "Uploading files to the repository..."
job-design	Upload Files	2025-04-28T07:58:30.8657279Z [36;1mecho "Uploading files to the repository..."[0m
job-design	Upload Files	2025-04-28T07:58:30.8658267Z [36;1mgit config --global user.name "***"[0m
job-design	Upload Files	2025-04-28T07:58:30.8659117Z [36;1mgit config --global user.email "***"[0m
job-design	Upload Files	2025-04-28T07:58:30.8659839Z [36;1mgit pull[0m
job-design	Upload Files	2025-04-28T07:58:30.8660679Z [36;1m # Asegurarse de que la carpeta web_structure se añade explicitamente[0m
job-design	Upload Files	2025-04-28T07:58:30.8661650Z [36;1mgit add core/results/webs/*[0m
job-design	Upload Files	2025-04-28T07:58:30.8662351Z [36;1mgit add core/outputs/webs/*[0m
job-design	Upload Files	2025-04-28T07:58:30.8663123Z [36;1m# Verificar si hay cambios para hacer commit[0m
job-design	Upload Files	2025-04-28T07:58:30.8664257Z [36;1mif git diff --staged --quiet; then[0m
job-design	Upload Files	2025-04-28T07:58:30.8665243Z [36;1m  echo "No hay cambios para hacer commit"[0m
job-design	Upload Files	2025-04-28T07:58:30.8666057Z [36;1melse[0m
job-design	Upload Files	2025-04-28T07:58:30.8667001Z [36;1m  git commit -m "[Ka0S] Uploading resume execution files and web structure to the repository..."[0m
job-design	Upload Files	2025-04-28T07:58:30.8668190Z [36;1m  git push origin refs/heads/main[0m
job-design	Upload Files	2025-04-28T07:58:30.8668859Z [36;1mfi[0m
job-design	Upload Files	2025-04-28T07:58:30.8674046Z shell: /usr/bin/bash -e {0}
job-design	Upload Files	2025-04-28T07:58:30.8674717Z env:
job-design	Upload Files	2025-04-28T07:58:30.8675289Z   KAOS_CODE: 14703088720
job-design	Upload Files	2025-04-28T07:58:30.8675983Z   KAOS_EVENT_NAME: workflow_dispatch
job-design	Upload Files	2025-04-28T07:58:30.8676631Z   KAOS_ACTION: 
job-design	Upload Files	2025-04-28T07:58:30.8677199Z   KAOS_REF: refs/heads/main
job-design	Upload Files	2025-04-28T07:58:30.8677822Z   KAOS_MODULE: [Ka0S] Deploy Web Structure
job-design	Upload Files	2025-04-28T07:58:30.8678540Z   KAOS_JSON_WEB: core/config/webs/webs.json
job-design	Upload Files	2025-04-28T07:58:30.8679251Z   KAOS_JSON_RESUME: core/outputs/webs/
job-design	Upload Files	2025-04-28T07:58:30.8679953Z   KAOS_JSON_DATA: core/web/data/data.json
job-design	Upload Files	2025-04-28T07:58:30.8680663Z   KAOS_WEB_STRUCTURE: core/results/webs/
job-design	Upload Files	2025-04-28T07:58:30.8681355Z   KAOS_ACTOR: AlejandroPB5
job-design	Upload Files	2025-04-28T07:58:30.8681931Z ##[endgroup]
job-design	Upload Files	2025-04-28T07:58:30.8710960Z Uploading files to the repository...
job-design	Upload Files	2025-04-28T07:58:31.4242867Z From https://github.com/Ka0s-Klaus/ka0s
job-design	Upload Files	2025-04-28T07:58:31.4244279Z    803f4852..738226a6  main       -> origin/main
job-design	Upload Files	2025-04-28T07:58:31.4351241Z error: The following untracked working tree files would be overwritten by merge:
job-design	Upload Files	2025-04-28T07:58:31.4352662Z 	core/results/webs/dashboard/dashboard.html
job-design	Upload Files	2025-04-28T07:58:31.4353643Z Please move or remove them before you merge.
job-design	Upload Files	2025-04-28T07:58:31.4354582Z Aborting
job-design	Upload Files	2025-04-28T07:58:31.4355885Z Updating 803f4852..738226a6
job-design	Upload Files	2025-04-28T07:58:31.4364695Z ##[error]Process completed with exit code 1.
job-design	Post Checkout repository	﻿2025-04-28T07:58:31.4477498Z Post job cleanup.
job-design	Post Checkout repository	2025-04-28T07:58:31.4939221Z [command]/usr/bin/git version
job-design	Post Checkout repository	2025-04-28T07:58:31.4968017Z git version 2.43.0
job-design	Post Checkout repository	2025-04-28T07:58:31.5000360Z Copying '/home/kaos/.gitconfig' to '/actions-runner/_work/_temp/1f8b04ab-7a43-4c46-bc4f-d139f51f63a2/.gitconfig'
job-design	Post Checkout repository	2025-04-28T07:58:31.5011578Z Temporarily overriding HOME='/actions-runner/_work/_temp/1f8b04ab-7a43-4c46-bc4f-d139f51f63a2' before making global git config changes
job-design	Post Checkout repository	2025-04-28T07:58:31.5013816Z Adding repository directory to the temporary git global config as a safe directory
job-design	Post Checkout repository	2025-04-28T07:58:31.5015518Z [command]/usr/bin/git config --global --add safe.directory /actions-runner/_work/ka0s/ka0s
job-design	Post Checkout repository	2025-04-28T07:58:31.5039415Z [command]/usr/bin/git config --local --name-only --get-regexp core\.sshCommand
job-design	Post Checkout repository	2025-04-28T07:58:31.5063244Z [command]/usr/bin/git submodule foreach --recursive sh -c "git config --local --name-only --get-regexp 'core\.sshCommand' && git config --local --unset-all 'core.sshCommand' || :"
job-design	Post Checkout repository	2025-04-28T07:58:31.5309244Z [command]/usr/bin/git config --local --name-only --get-regexp http\.https\:\/\/github\.com\/\.extraheader
job-design	Post Checkout repository	2025-04-28T07:58:31.5327037Z http.https://github.com/.extraheader
job-design	Post Checkout repository	2025-04-28T07:58:31.5332470Z [command]/usr/bin/git config --local --unset-all http.https://github.com/.extraheader
job-design	Post Checkout repository	2025-04-28T07:58:31.5356689Z [command]/usr/bin/git submodule foreach --recursive sh -c "git config --local --name-only --get-regexp 'http\.https\:\/\/github\.com\/\.extraheader' && git config --local --unset-all 'http.https://github.com/.extraheader' || :"
job-design	Complete job	﻿2025-04-28T07:58:31.5694546Z Cleaning up orphan processes
handle_failure	Set up job	﻿2025-04-28T07:58:38.4544176Z Current runner version: '2.323.0'
handle_failure	Set up job	2025-04-28T07:58:38.4548022Z Runner name: 'ka0s-9'
handle_failure	Set up job	2025-04-28T07:58:38.4548574Z Machine name: '26a53205c9ac'
handle_failure	Set up job	2025-04-28T07:58:38.4549967Z ##[group]GITHUB_TOKEN Permissions
handle_failure	Set up job	2025-04-28T07:58:38.4551350Z Contents: read
handle_failure	Set up job	2025-04-28T07:58:38.4551662Z Metadata: read
handle_failure	Set up job	2025-04-28T07:58:38.4551953Z Packages: read
handle_failure	Set up job	2025-04-28T07:58:38.4552236Z ##[endgroup]
handle_failure	Set up job	2025-04-28T07:58:38.4553702Z Secret source: Actions
handle_failure	Set up job	2025-04-28T07:58:38.4554148Z Prepare workflow directory
handle_failure	Set up job	2025-04-28T07:58:38.4923047Z Prepare all required actions
handle_failure	Set up job	2025-04-28T07:58:38.4949810Z Getting action download info
handle_failure	Set up job	2025-04-28T07:58:39.0076189Z Download action repository 'actions/checkout@v4' (SHA:11bd71901bbe5b1630ceea73d27597364c9af683)
handle_failure	Set up job	2025-04-28T07:58:41.0051928Z Complete job name: handle_failure
handle_failure	Checkout code	﻿2025-04-28T07:58:41.0496537Z ##[group]Run actions/checkout@v4
handle_failure	Checkout code	2025-04-28T07:58:41.0497614Z with:
handle_failure	Checkout code	2025-04-28T07:58:41.0498258Z   fetch-depth: 0
handle_failure	Checkout code	2025-04-28T07:58:41.0499307Z   token: ***
handle_failure	Checkout code	2025-04-28T07:58:41.0500004Z   repository: Ka0s-Klaus/ka0s
handle_failure	Checkout code	2025-04-28T07:58:41.0500881Z   ssh-strict: true
handle_failure	Checkout code	2025-04-28T07:58:41.0501572Z   ssh-user: git
handle_failure	Checkout code	2025-04-28T07:58:41.0502281Z   persist-credentials: true
handle_failure	Checkout code	2025-04-28T07:58:41.0503062Z   clean: true
handle_failure	Checkout code	2025-04-28T07:58:41.0503838Z   sparse-checkout-cone-mode: true
handle_failure	Checkout code	2025-04-28T07:58:41.0504711Z   fetch-tags: false
handle_failure	Checkout code	2025-04-28T07:58:41.0505417Z   show-progress: true
handle_failure	Checkout code	2025-04-28T07:58:41.0506122Z   lfs: false
handle_failure	Checkout code	2025-04-28T07:58:41.0506767Z   submodules: false
handle_failure	Checkout code	2025-04-28T07:58:41.0507505Z   set-safe-directory: true
handle_failure	Checkout code	2025-04-28T07:58:41.0508369Z env:
handle_failure	Checkout code	2025-04-28T07:58:41.0508978Z   KAOS_CODE: 14703088720
handle_failure	Checkout code	2025-04-28T07:58:41.0509778Z   KAOS_EVENT_NAME: workflow_dispatch
handle_failure	Checkout code	2025-04-28T07:58:41.0510665Z   KAOS_ACTION: 
handle_failure	Checkout code	2025-04-28T07:58:41.0511357Z   KAOS_REF: refs/heads/main
handle_failure	Checkout code	2025-04-28T07:58:41.0512210Z   KAOS_MODULE: [Ka0S] Deploy Web Structure
handle_failure	Checkout code	2025-04-28T07:58:41.0513254Z   KAOS_JSON_WEB: core/config/webs/webs.json
handle_failure	Checkout code	2025-04-28T07:58:41.0514337Z   KAOS_JSON_RESUME: core/outputs/webs/
handle_failure	Checkout code	2025-04-28T07:58:41.0515298Z   KAOS_JSON_DATA: core/web/data/data.json
handle_failure	Checkout code	2025-04-28T07:58:41.0516286Z   KAOS_WEB_STRUCTURE: core/results/webs/
handle_failure	Checkout code	2025-04-28T07:58:41.0517221Z   KAOS_ACTOR: AlejandroPB5
handle_failure	Checkout code	2025-04-28T07:58:41.0517971Z ##[endgroup]
handle_failure	Checkout code	2025-04-28T07:58:41.1320035Z Syncing repository: Ka0s-Klaus/ka0s
handle_failure	Checkout code	2025-04-28T07:58:41.1322181Z ##[group]Getting Git version info
handle_failure	Checkout code	2025-04-28T07:58:41.1323258Z Working directory is '/actions-runner/_work/ka0s/ka0s'
handle_failure	Checkout code	2025-04-28T07:58:41.1324934Z [command]/usr/bin/git version
handle_failure	Checkout code	2025-04-28T07:58:41.1325730Z git version 2.43.0
handle_failure	Checkout code	2025-04-28T07:58:41.1328113Z ##[endgroup]
handle_failure	Checkout code	2025-04-28T07:58:41.1332979Z Copying '/home/kaos/.gitconfig' to '/actions-runner/_work/_temp/a1ee12d5-3c3d-496e-b656-04484286cdb1/.gitconfig'
handle_failure	Checkout code	2025-04-28T07:58:41.1336237Z Temporarily overriding HOME='/actions-runner/_work/_temp/a1ee12d5-3c3d-496e-b656-04484286cdb1' before making global git config changes
handle_failure	Checkout code	2025-04-28T07:58:41.1338752Z Adding repository directory to the temporary git global config as a safe directory
handle_failure	Checkout code	2025-04-28T07:58:41.1341037Z [command]/usr/bin/git config --global --add safe.directory /actions-runner/_work/ka0s/ka0s
handle_failure	Checkout code	2025-04-28T07:58:41.1383613Z [command]/usr/bin/git config --local --get remote.origin.url
handle_failure	Checkout code	2025-04-28T07:58:41.1402691Z https://github.com/Ka0s-Klaus/ka0s
handle_failure	Checkout code	2025-04-28T07:58:41.1423378Z ##[group]Removing previously created refs, to avoid conflicts
handle_failure	Checkout code	2025-04-28T07:58:41.1425481Z [command]/usr/bin/git rev-parse --symbolic-full-name --verify --quiet HEAD
handle_failure	Checkout code	2025-04-28T07:58:41.1443884Z refs/heads/main
handle_failure	Checkout code	2025-04-28T07:58:41.1449139Z [command]/usr/bin/git checkout --detach
handle_failure	Checkout code	2025-04-28T07:58:41.1537118Z HEAD is now at 803f4852 cambiados placeholders
handle_failure	Checkout code	2025-04-28T07:58:41.1578695Z [command]/usr/bin/git branch --delete --force main
handle_failure	Checkout code	2025-04-28T07:58:41.1607082Z Deleted branch main (was 803f4852).
handle_failure	Checkout code	2025-04-28T07:58:41.1660595Z ##[endgroup]
handle_failure	Checkout code	2025-04-28T07:58:41.1661489Z [command]/usr/bin/git submodule status
handle_failure	Checkout code	2025-04-28T07:58:41.1909031Z ##[group]Cleaning the repository
handle_failure	Checkout code	2025-04-28T07:58:41.1911258Z [command]/usr/bin/git clean -ffdx
handle_failure	Checkout code	2025-04-28T07:58:41.1951816Z Removing core/results/webs/dashboard/
handle_failure	Checkout code	2025-04-28T07:58:41.1960427Z [command]/usr/bin/git reset --hard HEAD
handle_failure	Checkout code	2025-04-28T07:58:41.2078112Z HEAD is now at 803f4852 cambiados placeholders
handle_failure	Checkout code	2025-04-28T07:58:41.2081719Z ##[endgroup]
handle_failure	Checkout code	2025-04-28T07:58:41.2083264Z ##[group]Disabling automatic garbage collection
handle_failure	Checkout code	2025-04-28T07:58:41.2089385Z [command]/usr/bin/git config --local gc.auto 0
handle_failure	Checkout code	2025-04-28T07:58:41.2108541Z ##[endgroup]
handle_failure	Checkout code	2025-04-28T07:58:41.2109985Z ##[group]Setting up auth
handle_failure	Checkout code	2025-04-28T07:58:41.2119000Z [command]/usr/bin/git config --local --name-only --get-regexp core\.sshCommand
handle_failure	Checkout code	2025-04-28T07:58:41.2144432Z [command]/usr/bin/git submodule foreach --recursive sh -c "git config --local --name-only --get-regexp 'core\.sshCommand' && git config --local --unset-all 'core.sshCommand' || :"
handle_failure	Checkout code	2025-04-28T07:58:41.2386034Z [command]/usr/bin/git config --local --name-only --get-regexp http\.https\:\/\/github\.com\/\.extraheader
handle_failure	Checkout code	2025-04-28T07:58:41.2413219Z [command]/usr/bin/git submodule foreach --recursive sh -c "git config --local --name-only --get-regexp 'http\.https\:\/\/github\.com\/\.extraheader' && git config --local --unset-all 'http.https://github.com/.extraheader' || :"
handle_failure	Checkout code	2025-04-28T07:58:41.2653905Z [command]/usr/bin/git config --local http.https://github.com/.extraheader AUTHORIZATION: basic ***
handle_failure	Checkout code	2025-04-28T07:58:41.2689992Z ##[endgroup]
handle_failure	Checkout code	2025-04-28T07:58:41.2691593Z ##[group]Fetching the repository
handle_failure	Checkout code	2025-04-28T07:58:41.2698164Z [command]/usr/bin/git -c protocol.version=2 fetch --prune --no-recurse-submodules origin +refs/heads/*:refs/remotes/origin/* +refs/tags/*:refs/tags/*
handle_failure	Checkout code	2025-04-28T07:58:41.7626004Z [command]/usr/bin/git branch --list --remote origin/main
handle_failure	Checkout code	2025-04-28T07:58:41.7653179Z   origin/main
handle_failure	Checkout code	2025-04-28T07:58:41.7660479Z [command]/usr/bin/git rev-parse refs/remotes/origin/main
handle_failure	Checkout code	2025-04-28T07:58:41.7683817Z 738226a6c4acac50f8332740a646fa4150e97d45
handle_failure	Checkout code	2025-04-28T07:58:41.7697210Z [command]/usr/bin/git -c protocol.version=2 fetch --no-tags --prune --no-recurse-submodules origin +803f48527e8953c5b709103e4496a43b604b369a:refs/remotes/origin/main
handle_failure	Checkout code	2025-04-28T07:58:41.7801745Z From https://github.com/Ka0s-Klaus/ka0s
handle_failure	Checkout code	2025-04-28T07:58:41.7803225Z  + 738226a6...803f4852 803f48527e8953c5b709103e4496a43b604b369a -> origin/main  (forced update)
handle_failure	Checkout code	2025-04-28T07:58:41.7823893Z ##[endgroup]
handle_failure	Checkout code	2025-04-28T07:58:41.7825120Z ##[group]Determining the checkout info
handle_failure	Checkout code	2025-04-28T07:58:41.7838873Z ##[endgroup]
handle_failure	Checkout code	2025-04-28T07:58:41.7839755Z [command]/usr/bin/git sparse-checkout disable
handle_failure	Checkout code	2025-04-28T07:58:41.7892013Z [command]/usr/bin/git config --local --unset-all extensions.worktreeConfig
handle_failure	Checkout code	2025-04-28T07:58:41.7917813Z ##[group]Checking out the ref
handle_failure	Checkout code	2025-04-28T07:58:41.7919491Z [command]/usr/bin/git checkout --progress --force -B main refs/remotes/origin/main
handle_failure	Checkout code	2025-04-28T07:58:41.7994399Z Switched to a new branch 'main'
handle_failure	Checkout code	2025-04-28T07:58:41.7995856Z branch 'main' set up to track 'origin/main'.
handle_failure	Checkout code	2025-04-28T07:58:41.7998981Z ##[endgroup]
handle_failure	Checkout code	2025-04-28T07:58:41.8039379Z [command]/usr/bin/git log -1 --format=%H
handle_failure	Checkout code	2025-04-28T07:58:41.8063447Z 803f48527e8953c5b709103e4496a43b604b369a
handle_failure	handle-failure-execution	﻿2025-04-28T07:58:41.8221735Z ##[group]Run echo "Error detected in process"
handle_failure	handle-failure-execution	2025-04-28T07:58:41.8222708Z [36;1mecho "Error detected in process"[0m
handle_failure	handle-failure-execution	2025-04-28T07:58:41.8224176Z [36;1m# RNNUMBER=$(echo "refs/heads/main" | grep -o '[0-9]*')[0m
handle_failure	handle-failure-execution	2025-04-28T07:58:41.8225293Z [36;1mRNNUMBER=220[0m
handle_failure	handle-failure-execution	2025-04-28T07:58:41.8226902Z [36;1mgh issue comment $RNNUMBER --body "El proceso no ha finalizado correctamente 14703088720. El resultado está en el fichero core/results/event_data14703088720.log"[0m
handle_failure	handle-failure-execution	2025-04-28T07:58:41.8235254Z shell: /usr/bin/bash -e {0}
handle_failure	handle-failure-execution	2025-04-28T07:58:41.8235927Z env:
handle_failure	handle-failure-execution	2025-04-28T07:58:41.8236431Z   KAOS_CODE: 14703088720
handle_failure	handle-failure-execution	2025-04-28T07:58:41.8237062Z   KAOS_EVENT_NAME: workflow_dispatch
handle_failure	handle-failure-execution	2025-04-28T07:58:41.8237738Z   KAOS_ACTION: 
handle_failure	handle-failure-execution	2025-04-28T07:58:41.8238285Z   KAOS_REF: refs/heads/main
handle_failure	handle-failure-execution	2025-04-28T07:58:41.8238945Z   KAOS_MODULE: [Ka0S] Deploy Web Structure
handle_failure	handle-failure-execution	2025-04-28T07:58:41.8239709Z   KAOS_JSON_WEB: core/config/webs/webs.json
handle_failure	handle-failure-execution	2025-04-28T07:58:41.8240469Z   KAOS_JSON_RESUME: core/outputs/webs/
handle_failure	handle-failure-execution	2025-04-28T07:58:41.8241397Z   KAOS_JSON_DATA: core/web/data/data.json
handle_failure	handle-failure-execution	2025-04-28T07:58:41.8242158Z   KAOS_WEB_STRUCTURE: core/results/webs/
handle_failure	handle-failure-execution	2025-04-28T07:58:41.8242885Z   KAOS_ACTOR: AlejandroPB5
handle_failure	handle-failure-execution	2025-04-28T07:58:41.8243889Z   GH_TOKEN: ***
handle_failure	handle-failure-execution	2025-04-28T07:58:41.8244623Z ##[endgroup]
handle_failure	handle-failure-execution	2025-04-28T07:58:41.8290330Z Error detected in process
handle_failure	handle-failure-execution	2025-04-28T07:58:44.0110721Z https://github.com/Ka0s-Klaus/ka0s/issues/220#issuecomment-2834303999
handle_failure	Revert changes made by workflow	﻿2025-04-28T07:58:44.0159626Z ##[group]Run echo "Reverting changes made by the workflow..."
handle_failure	Revert changes made by workflow	2025-04-28T07:58:44.0159984Z [36;1mecho "Reverting changes made by the workflow..."[0m
handle_failure	Revert changes made by workflow	2025-04-28T07:58:44.0160232Z [36;1m[0m
handle_failure	Revert changes made by workflow	2025-04-28T07:58:44.0160428Z [36;1m# Extract title to know which folders to remove[0m
handle_failure	Revert changes made by workflow	2025-04-28T07:58:44.0160676Z [36;1mSTRUCTURE_FILE="core/config/webs/webs.json"[0m
handle_failure	Revert changes made by workflow	2025-04-28T07:58:44.0160918Z [36;1mif [ -f "$STRUCTURE_FILE" ]; then[0m
handle_failure	Revert changes made by workflow	2025-04-28T07:58:44.0161195Z [36;1m  TITLE=$(cat $STRUCTURE_FILE | grep -o '"title": *"[^"]*"' | cut -d'"' -f4)[0m
handle_failure	Revert changes made by workflow	2025-04-28T07:58:44.0161476Z [36;1m  if [ -z "$TITLE" ]; then[0m
handle_failure	Revert changes made by workflow	2025-04-28T07:58:44.0161680Z [36;1m    TITLE="dashboard"[0m
handle_failure	Revert changes made by workflow	2025-04-28T07:58:44.0161919Z [36;1m    echo "Title not found in JSON file, using default: $TITLE"[0m
handle_failure	Revert changes made by workflow	2025-04-28T07:58:44.0162157Z [36;1m  else[0m
handle_failure	Revert changes made by workflow	2025-04-28T07:58:44.0162338Z [36;1m    echo "Reverting changes for: $TITLE"[0m
handle_failure	Revert changes made by workflow	2025-04-28T07:58:44.0162559Z [36;1m  fi[0m
handle_failure	Revert changes made by workflow	2025-04-28T07:58:44.0162719Z [36;1m  [0m
handle_failure	Revert changes made by workflow	2025-04-28T07:58:44.0163206Z [36;1m  # Remove created directories and files[0m
handle_failure	Revert changes made by workflow	2025-04-28T07:58:44.0163573Z [36;1m  if [ -d "core/results/webs/$TITLE" ]; then[0m
handle_failure	Revert changes made by workflow	2025-04-28T07:58:44.0164032Z [36;1m    echo "Removing web structure directory: core/results/webs/$TITLE"[0m
handle_failure	Revert changes made by workflow	2025-04-28T07:58:44.0164359Z [36;1m    rm -rf "core/results/webs/$TITLE"[0m
handle_failure	Revert changes made by workflow	2025-04-28T07:58:44.0164745Z [36;1m  fi[0m
handle_failure	Revert changes made by workflow	2025-04-28T07:58:44.0164953Z [36;1m  [0m
handle_failure	Revert changes made by workflow	2025-04-28T07:58:44.0165184Z [36;1m  if [ -d "core/outputs/webs/$TITLE" ]; then[0m
handle_failure	Revert changes made by workflow	2025-04-28T07:58:44.0165535Z [36;1m    echo "Removing resume directory: core/outputs/webs/$TITLE"[0m
handle_failure	Revert changes made by workflow	2025-04-28T07:58:44.0165860Z [36;1m    rm -rf "core/outputs/webs/$TITLE"[0m
handle_failure	Revert changes made by workflow	2025-04-28T07:58:44.0166063Z [36;1m  fi[0m
handle_failure	Revert changes made by workflow	2025-04-28T07:58:44.0166232Z [36;1m  [0m
handle_failure	Revert changes made by workflow	2025-04-28T07:58:44.0166422Z [36;1m  # Commit the removal[0m
handle_failure	Revert changes made by workflow	2025-04-28T07:58:44.0166762Z [36;1m  git config --global user.name "***"[0m
handle_failure	Revert changes made by workflow	2025-04-28T07:58:44.0167024Z [36;1m  git config --global user.email "***"[0m
handle_failure	Revert changes made by workflow	2025-04-28T07:58:44.0167257Z [36;1m  git pull[0m
handle_failure	Revert changes made by workflow	2025-04-28T07:58:44.0167468Z [36;1m  git add "core/results/webs/"[0m
handle_failure	Revert changes made by workflow	2025-04-28T07:58:44.0167676Z [36;1m  git add "core/outputs/webs/"[0m
handle_failure	Revert changes made by workflow	2025-04-28T07:58:44.0167871Z [36;1m  [0m
handle_failure	Revert changes made by workflow	2025-04-28T07:58:44.0168056Z [36;1m  # Check if there are changes to commit[0m
handle_failure	Revert changes made by workflow	2025-04-28T07:58:44.0168289Z [36;1m  if git diff --staged --quiet; then[0m
handle_failure	Revert changes made by workflow	2025-04-28T07:58:44.0168508Z [36;1m    echo "No changes to revert"[0m
handle_failure	Revert changes made by workflow	2025-04-28T07:58:44.0168709Z [36;1m  else[0m
handle_failure	Revert changes made by workflow	2025-04-28T07:58:44.0168927Z [36;1m    git commit -m "[Ka0S] Reverting changes due to workflow failure"[0m
handle_failure	Revert changes made by workflow	2025-04-28T07:58:44.0169199Z [36;1m    git push origin refs/heads/main[0m
handle_failure	Revert changes made by workflow	2025-04-28T07:58:44.0169424Z [36;1m    echo "Changes successfully reverted"[0m
handle_failure	Revert changes made by workflow	2025-04-28T07:58:44.0169633Z [36;1m  fi[0m
handle_failure	Revert changes made by workflow	2025-04-28T07:58:44.0169794Z [36;1melse[0m
handle_failure	Revert changes made by workflow	2025-04-28T07:58:44.0170012Z [36;1m  echo "Structure file not found, cannot determine what to revert"[0m
handle_failure	Revert changes made by workflow	2025-04-28T07:58:44.0170257Z [36;1mfi[0m
handle_failure	Revert changes made by workflow	2025-04-28T07:58:44.0175014Z shell: /usr/bin/bash -e {0}
handle_failure	Revert changes made by workflow	2025-04-28T07:58:44.0175233Z env:
handle_failure	Revert changes made by workflow	2025-04-28T07:58:44.0175400Z   KAOS_CODE: 14703088720
handle_failure	Revert changes made by workflow	2025-04-28T07:58:44.0175593Z   KAOS_EVENT_NAME: workflow_dispatch
handle_failure	Revert changes made by workflow	2025-04-28T07:58:44.0175793Z   KAOS_ACTION: 
handle_failure	Revert changes made by workflow	2025-04-28T07:58:44.0175990Z   KAOS_REF: refs/heads/main
handle_failure	Revert changes made by workflow	2025-04-28T07:58:44.0176188Z   KAOS_MODULE: [Ka0S] Deploy Web Structure
handle_failure	Revert changes made by workflow	2025-04-28T07:58:44.0176411Z   KAOS_JSON_WEB: core/config/webs/webs.json
handle_failure	Revert changes made by workflow	2025-04-28T07:58:44.0176628Z   KAOS_JSON_RESUME: core/outputs/webs/
handle_failure	Revert changes made by workflow	2025-04-28T07:58:44.0176838Z   KAOS_JSON_DATA: core/web/data/data.json
handle_failure	Revert changes made by workflow	2025-04-28T07:58:44.0177170Z   KAOS_WEB_STRUCTURE: core/results/webs/
handle_failure	Revert changes made by workflow	2025-04-28T07:58:44.0177379Z   KAOS_ACTOR: AlejandroPB5
handle_failure	Revert changes made by workflow	2025-04-28T07:58:44.0177563Z ##[endgroup]
handle_failure	Revert changes made by workflow	2025-04-28T07:58:44.0200400Z Reverting changes made by the workflow...
handle_failure	Revert changes made by workflow	2025-04-28T07:58:44.0220683Z Reverting changes for: dashboard
handle_failure	Revert changes made by workflow	2025-04-28T07:58:44.0221298Z Removing resume directory: core/outputs/webs/dashboard
handle_failure	Revert changes made by workflow	2025-04-28T07:58:44.5026393Z From https://github.com/Ka0s-Klaus/ka0s
handle_failure	Revert changes made by workflow	2025-04-28T07:58:44.5027200Z    803f4852..738226a6  main       -> origin/main
handle_failure	Revert changes made by workflow	2025-04-28T07:58:44.5265034Z Updating 803f4852..738226a6
handle_failure	Revert changes made by workflow	2025-04-28T07:58:44.5265826Z Fast-forward
handle_failure	Revert changes made by workflow	2025-04-28T07:58:44.5410151Z  core/outputs/webs/dashboard/dashboard_resume.json  |     15 -
handle_failure	Revert changes made by workflow	2025-04-28T07:58:44.5410689Z  core/outputs/webs/dashboard/readme.txt             |      0
handle_failure	Revert changes made by workflow	2025-04-28T07:58:44.5411178Z  core/outputs/webs/data-files-summary.json          |      2 +
handle_failure	Revert changes made by workflow	2025-04-28T07:58:44.5412097Z  core/results/webs/dashboard/custom/custom.html     |      0
handle_failure	Revert changes made by workflow	2025-04-28T07:58:44.5412998Z  core/results/webs/dashboard/dashboard.html         |      0
handle_failure	Revert changes made by workflow	2025-04-28T07:58:44.5413681Z  core/results/webs/dashboard/data/data.html         |      0
handle_failure	Revert changes made by workflow	2025-04-28T07:58:44.5414565Z  core/results/webs/dashboard/data/kaos-issue.json   |  32989 ++++++
handle_failure	Revert changes made by workflow	2025-04-28T07:58:44.5415045Z  .../data/kaos-repository-global-statistics.json    |      8 +
handle_failure	Revert changes made by workflow	2025-04-28T07:58:44.5415484Z  .../dashboard/data/kaos-repository-statistics.json |     11 +
handle_failure	Revert changes made by workflow	2025-04-28T07:58:44.5415905Z  .../dashboard/data/kaos-workflows-available.json   |    104 +
handle_failure	Revert changes made by workflow	2025-04-28T07:58:44.5416337Z  .../webs/dashboard/data/kaos-workflows-runs.json   | 111662 ++++++++++++++++++
handle_failure	Revert changes made by workflow	2025-04-28T07:58:44.5416746Z  core/results/webs/dashboard/js/js.html             |      0
handle_failure	Revert changes made by workflow	2025-04-28T07:58:44.5417135Z  .../webs/dashboard/structure/inicio/inicio.html    |      0
handle_failure	Revert changes made by workflow	2025-04-28T07:58:44.5417490Z  .../webs/dashboard/structure/issues/issues.html    |      0
handle_failure	Revert changes made by workflow	2025-04-28T07:58:44.5417829Z  .../webs/dashboard/structure/structure.html        |      0
handle_failure	Revert changes made by workflow	2025-04-28T07:58:44.5418281Z  .../dashboard/structure/workflows/workflows.html   |      0
handle_failure	Revert changes made by workflow	2025-04-28T07:58:44.5418637Z  .../webs/dashboard/templates/templates.html        |      0
handle_failure	Revert changes made by workflow	2025-04-28T07:58:44.5419004Z  17 files changed, 144776 insertions(+), 15 deletions(-)
handle_failure	Revert changes made by workflow	2025-04-28T07:58:44.5433799Z  create mode 100644 core/outputs/webs/dashboard/readme.txt
handle_failure	Revert changes made by workflow	2025-04-28T07:58:44.5434341Z  create mode 100644 core/results/webs/dashboard/custom/custom.html
handle_failure	Revert changes made by workflow	2025-04-28T07:58:44.5434771Z  create mode 100644 core/results/webs/dashboard/dashboard.html
handle_failure	Revert changes made by workflow	2025-04-28T07:58:44.5435193Z  create mode 100644 core/results/webs/dashboard/data/data.html
handle_failure	Revert changes made by workflow	2025-04-28T07:58:44.5435555Z  create mode 100644 core/results/webs/dashboard/data/kaos-issue.json
handle_failure	Revert changes made by workflow	2025-04-28T07:58:44.5435974Z  create mode 100644 core/results/webs/dashboard/data/kaos-repository-global-statistics.json
handle_failure	Revert changes made by workflow	2025-04-28T07:58:44.5436438Z  create mode 100644 core/results/webs/dashboard/data/kaos-repository-statistics.json
handle_failure	Revert changes made by workflow	2025-04-28T07:58:44.5436869Z  create mode 100644 core/results/webs/dashboard/data/kaos-workflows-available.json
handle_failure	Revert changes made by workflow	2025-04-28T07:58:44.5437283Z  create mode 100644 core/results/webs/dashboard/data/kaos-workflows-runs.json
handle_failure	Revert changes made by workflow	2025-04-28T07:58:44.5437624Z  create mode 100644 core/results/webs/dashboard/js/js.html
handle_failure	Revert changes made by workflow	2025-04-28T07:58:44.5437953Z  create mode 100644 core/results/webs/dashboard/structure/inicio/inicio.html
handle_failure	Revert changes made by workflow	2025-04-28T07:58:44.5438328Z  create mode 100644 core/results/webs/dashboard/structure/issues/issues.html
handle_failure	Revert changes made by workflow	2025-04-28T07:58:44.5438694Z  create mode 100644 core/results/webs/dashboard/structure/structure.html
handle_failure	Revert changes made by workflow	2025-04-28T07:58:44.5439081Z  create mode 100644 core/results/webs/dashboard/structure/workflows/workflows.html
handle_failure	Revert changes made by workflow	2025-04-28T07:58:44.5439460Z  create mode 100644 core/results/webs/dashboard/templates/templates.html
handle_failure	Revert changes made by workflow	2025-04-28T07:58:44.5837952Z No changes to revert
handle_failure	Post Checkout code	﻿2025-04-28T07:58:44.5894593Z Post job cleanup.
handle_failure	Post Checkout code	2025-04-28T07:58:44.6494855Z [command]/usr/bin/git version
handle_failure	Post Checkout code	2025-04-28T07:58:44.6522395Z git version 2.43.0
handle_failure	Post Checkout code	2025-04-28T07:58:44.6562139Z Copying '/home/kaos/.gitconfig' to '/actions-runner/_work/_temp/5ab22249-9cf2-4936-b4b8-726ac78f0493/.gitconfig'
handle_failure	Post Checkout code	2025-04-28T07:58:44.6575454Z Temporarily overriding HOME='/actions-runner/_work/_temp/5ab22249-9cf2-4936-b4b8-726ac78f0493' before making global git config changes
handle_failure	Post Checkout code	2025-04-28T07:58:44.6576336Z Adding repository directory to the temporary git global config as a safe directory
handle_failure	Post Checkout code	2025-04-28T07:58:44.6580627Z [command]/usr/bin/git config --global --add safe.directory /actions-runner/_work/ka0s/ka0s
handle_failure	Post Checkout code	2025-04-28T07:58:44.6615949Z [command]/usr/bin/git config --local --name-only --get-regexp core\.sshCommand
handle_failure	Post Checkout code	2025-04-28T07:58:44.6651635Z [command]/usr/bin/git submodule foreach --recursive sh -c "git config --local --name-only --get-regexp 'core\.sshCommand' && git config --local --unset-all 'core.sshCommand' || :"
handle_failure	Post Checkout code	2025-04-28T07:58:44.6888171Z [command]/usr/bin/git config --local --name-only --get-regexp http\.https\:\/\/github\.com\/\.extraheader
handle_failure	Post Checkout code	2025-04-28T07:58:44.6903536Z http.https://github.com/.extraheader
handle_failure	Post Checkout code	2025-04-28T07:58:44.6910908Z [command]/usr/bin/git config --local --unset-all http.https://github.com/.extraheader
handle_failure	Post Checkout code	2025-04-28T07:58:44.6939726Z [command]/usr/bin/git submodule foreach --recursive sh -c "git config --local --name-only --get-regexp 'http\.https\:\/\/github\.com\/\.extraheader' && git config --local --unset-all 'http.https://github.com/.extraheader' || :"
handle_failure	Complete job	﻿2025-04-28T07:58:44.7272211Z Cleaning up orphan processes
end-workflow	Set up job	﻿2025-04-28T07:58:49.9059858Z Current runner version: '2.323.0'
end-workflow	Set up job	2025-04-28T07:58:49.9064033Z Runner name: 'ka0s-9'
end-workflow	Set up job	2025-04-28T07:58:49.9064591Z Machine name: '26a53205c9ac'
end-workflow	Set up job	2025-04-28T07:58:49.9065935Z ##[group]GITHUB_TOKEN Permissions
end-workflow	Set up job	2025-04-28T07:58:49.9067295Z Contents: read
end-workflow	Set up job	2025-04-28T07:58:49.9067603Z Metadata: read
end-workflow	Set up job	2025-04-28T07:58:49.9067886Z Packages: read
end-workflow	Set up job	2025-04-28T07:58:49.9068151Z ##[endgroup]
end-workflow	Set up job	2025-04-28T07:58:49.9069356Z Secret source: Actions
end-workflow	Set up job	2025-04-28T07:58:49.9069713Z Prepare workflow directory
end-workflow	Set up job	2025-04-28T07:58:49.9445831Z Prepare all required actions
end-workflow	Set up job	2025-04-28T07:58:49.9471133Z Getting action download info
end-workflow	Set up job	2025-04-28T07:58:50.9814017Z Download action repository 'actions/checkout@v4' (SHA:11bd71901bbe5b1630ceea73d27597364c9af683)
end-workflow	Set up job	2025-04-28T07:58:51.7190988Z Complete job name: end-workflow
end-workflow	Checkout code	﻿2025-04-28T07:58:51.7557183Z ##[group]Run actions/checkout@v4
end-workflow	Checkout code	2025-04-28T07:58:51.7558437Z with:
end-workflow	Checkout code	2025-04-28T07:58:51.7558994Z   fetch-depth: 0
end-workflow	Checkout code	2025-04-28T07:58:51.7559912Z   token: ***
end-workflow	Checkout code	2025-04-28T07:58:51.7560499Z   repository: Ka0s-Klaus/ka0s
end-workflow	Checkout code	2025-04-28T07:58:51.7561240Z   ssh-strict: true
end-workflow	Checkout code	2025-04-28T07:58:51.7561823Z   ssh-user: git
end-workflow	Checkout code	2025-04-28T07:58:51.7562408Z   persist-credentials: true
end-workflow	Checkout code	2025-04-28T07:58:51.7563069Z   clean: true
end-workflow	Checkout code	2025-04-28T07:58:51.7563664Z   sparse-checkout-cone-mode: true
end-workflow	Checkout code	2025-04-28T07:58:51.7564520Z   fetch-tags: false
end-workflow	Checkout code	2025-04-28T07:58:51.7565108Z   show-progress: true
end-workflow	Checkout code	2025-04-28T07:58:51.7565700Z   lfs: false
end-workflow	Checkout code	2025-04-28T07:58:51.7566254Z   submodules: false
end-workflow	Checkout code	2025-04-28T07:58:51.7566849Z   set-safe-directory: true
end-workflow	Checkout code	2025-04-28T07:58:51.7567660Z env:
end-workflow	Checkout code	2025-04-28T07:58:51.7568173Z   KAOS_CODE: 14703088720
end-workflow	Checkout code	2025-04-28T07:58:51.7568822Z   KAOS_EVENT_NAME: workflow_dispatch
end-workflow	Checkout code	2025-04-28T07:58:51.7569535Z   KAOS_ACTION: 
end-workflow	Checkout code	2025-04-28T07:58:51.7570103Z   KAOS_REF: refs/heads/main
end-workflow	Checkout code	2025-04-28T07:58:51.7570811Z   KAOS_MODULE: [Ka0S] Deploy Web Structure
end-workflow	Checkout code	2025-04-28T07:58:51.7571655Z   KAOS_JSON_WEB: core/config/webs/webs.json
end-workflow	Checkout code	2025-04-28T07:58:51.7572460Z   KAOS_JSON_RESUME: core/outputs/webs/
end-workflow	Checkout code	2025-04-28T07:58:51.7573244Z   KAOS_JSON_DATA: core/web/data/data.json
end-workflow	Checkout code	2025-04-28T07:58:51.7574126Z   KAOS_WEB_STRUCTURE: core/results/webs/
end-workflow	Checkout code	2025-04-28T07:58:51.7574911Z   KAOS_ACTOR: AlejandroPB5
end-workflow	Checkout code	2025-04-28T07:58:51.7575724Z   GH_TOKEN: ***
end-workflow	Checkout code	2025-04-28T07:58:51.7576290Z ##[endgroup]
end-workflow	Checkout code	2025-04-28T07:58:51.8276420Z Syncing repository: Ka0s-Klaus/ka0s
end-workflow	Checkout code	2025-04-28T07:58:51.8278444Z ##[group]Getting Git version info
end-workflow	Checkout code	2025-04-28T07:58:51.8279362Z Working directory is '/actions-runner/_work/ka0s/ka0s'
end-workflow	Checkout code	2025-04-28T07:58:51.8280706Z [command]/usr/bin/git version
end-workflow	Checkout code	2025-04-28T07:58:51.8281449Z git version 2.43.0
end-workflow	Checkout code	2025-04-28T07:58:51.8314226Z ##[endgroup]
end-workflow	Checkout code	2025-04-28T07:58:51.8329488Z Copying '/home/kaos/.gitconfig' to '/actions-runner/_work/_temp/2f883f62-bbd6-43e1-9a79-b9d2c695e00c/.gitconfig'
end-workflow	Checkout code	2025-04-28T07:58:51.8340097Z Temporarily overriding HOME='/actions-runner/_work/_temp/2f883f62-bbd6-43e1-9a79-b9d2c695e00c' before making global git config changes
end-workflow	Checkout code	2025-04-28T07:58:51.8342547Z Adding repository directory to the temporary git global config as a safe directory
end-workflow	Checkout code	2025-04-28T07:58:51.8344418Z [command]/usr/bin/git config --global --add safe.directory /actions-runner/_work/ka0s/ka0s
end-workflow	Checkout code	2025-04-28T07:58:51.8381939Z [command]/usr/bin/git config --local --get remote.origin.url
end-workflow	Checkout code	2025-04-28T07:58:51.8395713Z https://github.com/Ka0s-Klaus/ka0s
end-workflow	Checkout code	2025-04-28T07:58:51.8409793Z ##[group]Removing previously created refs, to avoid conflicts
end-workflow	Checkout code	2025-04-28T07:58:51.8411366Z [command]/usr/bin/git rev-parse --symbolic-full-name --verify --quiet HEAD
end-workflow	Checkout code	2025-04-28T07:58:51.8432609Z refs/heads/main
end-workflow	Checkout code	2025-04-28T07:58:51.8443236Z [command]/usr/bin/git checkout --detach
end-workflow	Checkout code	2025-04-28T07:58:51.8635508Z HEAD is now at 738226a6 [Ka0S] Uploading data files to web structure...
end-workflow	Checkout code	2025-04-28T07:58:51.8675433Z [command]/usr/bin/git branch --delete --force main
end-workflow	Checkout code	2025-04-28T07:58:51.8709845Z Deleted branch main (was 738226a6).
end-workflow	Checkout code	2025-04-28T07:58:51.8760668Z ##[endgroup]
end-workflow	Checkout code	2025-04-28T07:58:51.8761684Z [command]/usr/bin/git submodule status
end-workflow	Checkout code	2025-04-28T07:58:51.9004525Z ##[group]Cleaning the repository
end-workflow	Checkout code	2025-04-28T07:58:51.9006368Z [command]/usr/bin/git clean -ffdx
end-workflow	Checkout code	2025-04-28T07:58:51.9060548Z [command]/usr/bin/git reset --hard HEAD
end-workflow	Checkout code	2025-04-28T07:58:51.9219176Z HEAD is now at 738226a6 [Ka0S] Uploading data files to web structure...
end-workflow	Checkout code	2025-04-28T07:58:51.9222791Z ##[endgroup]
end-workflow	Checkout code	2025-04-28T07:58:51.9224462Z ##[group]Disabling automatic garbage collection
end-workflow	Checkout code	2025-04-28T07:58:51.9227863Z [command]/usr/bin/git config --local gc.auto 0
end-workflow	Checkout code	2025-04-28T07:58:51.9257210Z ##[endgroup]
end-workflow	Checkout code	2025-04-28T07:58:51.9258188Z ##[group]Setting up auth
end-workflow	Checkout code	2025-04-28T07:58:51.9265389Z [command]/usr/bin/git config --local --name-only --get-regexp core\.sshCommand
end-workflow	Checkout code	2025-04-28T07:58:51.9297591Z [command]/usr/bin/git submodule foreach --recursive sh -c "git config --local --name-only --get-regexp 'core\.sshCommand' && git config --local --unset-all 'core.sshCommand' || :"
end-workflow	Checkout code	2025-04-28T07:58:51.9540875Z [command]/usr/bin/git config --local --name-only --get-regexp http\.https\:\/\/github\.com\/\.extraheader
end-workflow	Checkout code	2025-04-28T07:58:51.9569792Z [command]/usr/bin/git submodule foreach --recursive sh -c "git config --local --name-only --get-regexp 'http\.https\:\/\/github\.com\/\.extraheader' && git config --local --unset-all 'http.https://github.com/.extraheader' || :"
end-workflow	Checkout code	2025-04-28T07:58:51.9810173Z [command]/usr/bin/git config --local http.https://github.com/.extraheader AUTHORIZATION: basic ***
end-workflow	Checkout code	2025-04-28T07:58:51.9846396Z ##[endgroup]
end-workflow	Checkout code	2025-04-28T07:58:51.9848021Z ##[group]Fetching the repository
end-workflow	Checkout code	2025-04-28T07:58:51.9850665Z [command]/usr/bin/git -c protocol.version=2 fetch --prune --no-recurse-submodules origin +refs/heads/*:refs/remotes/origin/* +refs/tags/*:refs/tags/*
end-workflow	Checkout code	2025-04-28T07:58:52.5196075Z [command]/usr/bin/git branch --list --remote origin/main
end-workflow	Checkout code	2025-04-28T07:58:52.5225390Z   origin/main
end-workflow	Checkout code	2025-04-28T07:58:52.5228211Z [command]/usr/bin/git rev-parse refs/remotes/origin/main
end-workflow	Checkout code	2025-04-28T07:58:52.5245923Z 738226a6c4acac50f8332740a646fa4150e97d45
end-workflow	Checkout code	2025-04-28T07:58:52.5250177Z [command]/usr/bin/git -c protocol.version=2 fetch --no-tags --prune --no-recurse-submodules origin +803f48527e8953c5b709103e4496a43b604b369a:refs/remotes/origin/main
end-workflow	Checkout code	2025-04-28T07:58:52.5368622Z From https://github.com/Ka0s-Klaus/ka0s
end-workflow	Checkout code	2025-04-28T07:58:52.5370559Z  + 738226a6...803f4852 803f48527e8953c5b709103e4496a43b604b369a -> origin/main  (forced update)
end-workflow	Checkout code	2025-04-28T07:58:52.5390458Z ##[endgroup]
end-workflow	Checkout code	2025-04-28T07:58:52.5391470Z ##[group]Determining the checkout info
end-workflow	Checkout code	2025-04-28T07:58:52.5392525Z ##[endgroup]
end-workflow	Checkout code	2025-04-28T07:58:52.5397941Z [command]/usr/bin/git sparse-checkout disable
end-workflow	Checkout code	2025-04-28T07:58:52.5463689Z [command]/usr/bin/git config --local --unset-all extensions.worktreeConfig
end-workflow	Checkout code	2025-04-28T07:58:52.5492827Z ##[group]Checking out the ref
end-workflow	Checkout code	2025-04-28T07:58:52.5494264Z [command]/usr/bin/git checkout --progress --force -B main refs/remotes/origin/main
end-workflow	Checkout code	2025-04-28T07:58:52.5615636Z Warning: you are leaving 2 commits behind, not connected to
end-workflow	Checkout code	2025-04-28T07:58:52.5616891Z any of your branches:
end-workflow	Checkout code	2025-04-28T07:58:52.5617339Z 
end-workflow	Checkout code	2025-04-28T07:58:52.5617836Z   738226a6 [Ka0S] Uploading data files to web structure...
end-workflow	Checkout code	2025-04-28T07:58:52.5619310Z   8394d5a3 [Ka0S] Uploading resume execution files and web structure to the repository...
end-workflow	Checkout code	2025-04-28T07:58:52.5620354Z 
end-workflow	Checkout code	2025-04-28T07:58:52.5620896Z If you want to keep them by creating a new branch, this may be a good time
end-workflow	Checkout code	2025-04-28T07:58:52.5621979Z to do so with:
end-workflow	Checkout code	2025-04-28T07:58:52.5622343Z 
end-workflow	Checkout code	2025-04-28T07:58:52.5622715Z  git branch <new-branch-name> 738226a6
end-workflow	Checkout code	2025-04-28T07:58:52.5623267Z 
end-workflow	Checkout code	2025-04-28T07:58:52.5623689Z Switched to a new branch 'main'
end-workflow	Checkout code	2025-04-28T07:58:52.5624643Z branch 'main' set up to track 'origin/main'.
end-workflow	Checkout code	2025-04-28T07:58:52.5626869Z ##[endgroup]
end-workflow	Checkout code	2025-04-28T07:58:52.5665083Z [command]/usr/bin/git log -1 --format=%H
end-workflow	Checkout code	2025-04-28T07:58:52.5693687Z 803f48527e8953c5b709103e4496a43b604b369a
end-workflow	Finaliza el workflow	﻿2025-04-28T07:58:52.5852371Z ##[group]Run echo "End process"
end-workflow	Finaliza el workflow	2025-04-28T07:58:52.5853160Z [36;1mecho "End process"[0m
end-workflow	Finaliza el workflow	2025-04-28T07:58:52.5854208Z [36;1m# RNNUMBER=$(echo "refs/heads/main" | grep -o '[0-9]*')[0m
end-workflow	Finaliza el workflow	2025-04-28T07:58:52.5855236Z [36;1mRNNUMBER=220[0m
end-workflow	Finaliza el workflow	2025-04-28T07:58:52.5856039Z [36;1mgh issue comment $RNNUMBER --body "Se finaliza Ka0s 14703088720"[0m
end-workflow	Finaliza el workflow	2025-04-28T07:58:52.5857771Z [36;1mgh workflow run inspector.yml --ref 'main' -f kaos-issue-id=$RNNUMBER -f kaos-workflow-id="14703088720" -f kaos-user-start=""[0m
end-workflow	Finaliza el workflow	2025-04-28T07:58:52.5865715Z shell: /usr/bin/bash -e {0}
end-workflow	Finaliza el workflow	2025-04-28T07:58:52.5866383Z env:
end-workflow	Finaliza el workflow	2025-04-28T07:58:52.5866875Z   KAOS_CODE: 14703088720
end-workflow	Finaliza el workflow	2025-04-28T07:58:52.5867500Z   KAOS_EVENT_NAME: workflow_dispatch
end-workflow	Finaliza el workflow	2025-04-28T07:58:52.5868170Z   KAOS_ACTION: 
end-workflow	Finaliza el workflow	2025-04-28T07:58:52.5868713Z   KAOS_REF: refs/heads/main
end-workflow	Finaliza el workflow	2025-04-28T07:58:52.5869361Z   KAOS_MODULE: [Ka0S] Deploy Web Structure
end-workflow	Finaliza el workflow	2025-04-28T07:58:52.5870112Z   KAOS_JSON_WEB: core/config/webs/webs.json
end-workflow	Finaliza el workflow	2025-04-28T07:58:52.5870845Z   KAOS_JSON_RESUME: core/outputs/webs/
end-workflow	Finaliza el workflow	2025-04-28T07:58:52.5871587Z   KAOS_JSON_DATA: core/web/data/data.json
end-workflow	Finaliza el workflow	2025-04-28T07:58:52.5872308Z   KAOS_WEB_STRUCTURE: core/results/webs/
end-workflow	Finaliza el workflow	2025-04-28T07:58:52.5873006Z   KAOS_ACTOR: AlejandroPB5
end-workflow	Finaliza el workflow	2025-04-28T07:58:52.5873886Z   GH_TOKEN: ***
end-workflow	Finaliza el workflow	2025-04-28T07:58:52.5874620Z ##[endgroup]
end-workflow	Finaliza el workflow	2025-04-28T07:58:52.5933458Z End process
end-workflow	Finaliza el workflow	2025-04-28T07:58:53.7621947Z https://github.com/Ka0s-Klaus/ka0s/issues/220#issuecomment-2834304433
end-workflow	Post Checkout code	﻿2025-04-28T07:58:54.5661177Z Post job cleanup.
end-workflow	Post Checkout code	2025-04-28T07:58:54.6346272Z [command]/usr/bin/git version
end-workflow	Post Checkout code	2025-04-28T07:58:54.6378440Z git version 2.43.0
end-workflow	Post Checkout code	2025-04-28T07:58:54.6424773Z Copying '/home/kaos/.gitconfig' to '/actions-runner/_work/_temp/32485417-0015-4f3b-a378-6d97b78f3271/.gitconfig'
end-workflow	Post Checkout code	2025-04-28T07:58:54.6440133Z Temporarily overriding HOME='/actions-runner/_work/_temp/32485417-0015-4f3b-a378-6d97b78f3271' before making global git config changes
end-workflow	Post Checkout code	2025-04-28T07:58:54.6440893Z Adding repository directory to the temporary git global config as a safe directory
end-workflow	Post Checkout code	2025-04-28T07:58:54.6447811Z [command]/usr/bin/git config --global --add safe.directory /actions-runner/_work/ka0s/ka0s
end-workflow	Post Checkout code	2025-04-28T07:58:54.6484502Z [command]/usr/bin/git config --local --name-only --get-regexp core\.sshCommand
end-workflow	Post Checkout code	2025-04-28T07:58:54.6511663Z [command]/usr/bin/git submodule foreach --recursive sh -c "git config --local --name-only --get-regexp 'core\.sshCommand' && git config --local --unset-all 'core.sshCommand' || :"
end-workflow	Post Checkout code	2025-04-28T07:58:54.6755098Z [command]/usr/bin/git config --local --name-only --get-regexp http\.https\:\/\/github\.com\/\.extraheader
end-workflow	Post Checkout code	2025-04-28T07:58:54.6777025Z http.https://github.com/.extraheader
end-workflow	Post Checkout code	2025-04-28T07:58:54.6790585Z [command]/usr/bin/git config --local --unset-all http.https://github.com/.extraheader
end-workflow	Post Checkout code	2025-04-28T07:58:54.6820261Z [command]/usr/bin/git submodule foreach --recursive sh -c "git config --local --name-only --get-regexp 'http\.https\:\/\/github\.com\/\.extraheader' && git config --local --unset-all 'http.https://github.com/.extraheader' || :"
end-workflow	Complete job	﻿2025-04-28T07:58:54.7157653Z Cleaning up orphan processes
