job-core	Set up job	﻿2025-04-30T10:06:45.7247693Z Current runner version: '2.323.0'
job-core	Set up job	2025-04-30T10:06:45.7251297Z Runner name: 'ka0s-7'
job-core	Set up job	2025-04-30T10:06:45.7251854Z Machine name: '26a53205c9ac'
job-core	Set up job	2025-04-30T10:06:45.7253245Z ##[group]GITHUB_TOKEN Permissions
job-core	Set up job	2025-04-30T10:06:45.7254998Z Contents: read
job-core	Set up job	2025-04-30T10:06:45.7255303Z Metadata: read
job-core	Set up job	2025-04-30T10:06:45.7255578Z Packages: read
job-core	Set up job	2025-04-30T10:06:45.7255860Z ##[endgroup]
job-core	Set up job	2025-04-30T10:06:45.7257108Z Secret source: Actions
job-core	Set up job	2025-04-30T10:06:45.7257479Z Prepare workflow directory
job-core	Set up job	2025-04-30T10:06:45.7642241Z Prepare all required actions
job-core	Set up job	2025-04-30T10:06:45.7669093Z Getting action download info
job-core	Set up job	2025-04-30T10:06:46.2942810Z Download action repository 'actions/checkout@v4' (SHA:11bd71901bbe5b1630ceea73d27597364c9af683)
job-core	Set up job	2025-04-30T10:06:46.9780273Z Download action repository 'SamKirkland/FTP-Deploy-Action@v4.3.4' (SHA:8a24039354ee91000cb948cb4a1dbdf1a1b94a3c)
job-core	Set up job	2025-04-30T10:06:47.5863814Z Complete job name: job-core
job-core	Checkout repository	﻿2025-04-30T10:06:47.6159516Z ##[group]Run actions/checkout@v4
job-core	Checkout repository	2025-04-30T10:06:47.6160158Z with:
job-core	Checkout repository	2025-04-30T10:06:47.6160502Z   fetch-depth: 0
job-core	Checkout repository	2025-04-30T10:06:47.6161018Z   token: ***
job-core	Checkout repository	2025-04-30T10:06:47.6161365Z   repository: Ka0s-Klaus/ka0s
job-core	Checkout repository	2025-04-30T10:06:47.6161775Z   ssh-strict: true
job-core	Checkout repository	2025-04-30T10:06:47.6162124Z   ssh-user: git
job-core	Checkout repository	2025-04-30T10:06:47.6162445Z   persist-credentials: true
job-core	Checkout repository	2025-04-30T10:06:47.6162819Z   clean: true
job-core	Checkout repository	2025-04-30T10:06:47.6163172Z   sparse-checkout-cone-mode: true
job-core	Checkout repository	2025-04-30T10:06:47.6163576Z   fetch-tags: false
job-core	Checkout repository	2025-04-30T10:06:47.6163951Z   show-progress: true
job-core	Checkout repository	2025-04-30T10:06:47.6164292Z   lfs: false
job-core	Checkout repository	2025-04-30T10:06:47.6164620Z   submodules: false
job-core	Checkout repository	2025-04-30T10:06:47.6165072Z   set-safe-directory: true
job-core	Checkout repository	2025-04-30T10:06:47.6165589Z env:
job-core	Checkout repository	2025-04-30T10:06:47.6165886Z   KAOS_CODE: 14752045369
job-core	Checkout repository	2025-04-30T10:06:47.6166262Z   KAOS_EVENT_NAME: push
job-core	Checkout repository	2025-04-30T10:06:47.6166632Z   KAOS_ACTION: 
job-core	Checkout repository	2025-04-30T10:06:47.6166985Z   KAOS_REF: refs/heads/main
job-core	Checkout repository	2025-04-30T10:06:47.6167409Z   KAOS_MODULE: [Ka0S] Deploy Webs
job-core	Checkout repository	2025-04-30T10:06:47.6167890Z   KAOS_PATH_ORIGIN: core/results/webs/
job-core	Checkout repository	2025-04-30T10:06:47.6168365Z   KAOS_PATH_WEB: /html/
job-core	Checkout repository	2025-04-30T10:06:47.6168723Z   KAOS_PATH_RESUME: core/results/dw/
job-core	Checkout repository	2025-04-30T10:06:47.6169170Z   KAOS_FILE_STATE: ftp-deploy-sync-state.json
job-core	Checkout repository	2025-04-30T10:06:47.6169649Z   KAOS_ACTOR: Daniel-NS10
job-core	Checkout repository	2025-04-30T10:06:47.6170037Z ##[endgroup]
job-core	Checkout repository	2025-04-30T10:06:47.6943321Z Syncing repository: Ka0s-Klaus/ka0s
job-core	Checkout repository	2025-04-30T10:06:47.6945239Z ##[group]Getting Git version info
job-core	Checkout repository	2025-04-30T10:06:47.6946083Z Working directory is '/actions-runner/_work/ka0s/ka0s'
job-core	Checkout repository	2025-04-30T10:06:47.6947169Z [command]/usr/bin/git version
job-core	Checkout repository	2025-04-30T10:06:47.6947717Z git version 2.43.0
job-core	Checkout repository	2025-04-30T10:06:47.6965028Z ##[endgroup]
job-core	Checkout repository	2025-04-30T10:06:47.6969583Z Copying '/home/kaos/.gitconfig' to '/actions-runner/_work/_temp/6bb3c2af-cf92-45ad-943b-2e4b697a8761/.gitconfig'
job-core	Checkout repository	2025-04-30T10:06:47.6971039Z Temporarily overriding HOME='/actions-runner/_work/_temp/6bb3c2af-cf92-45ad-943b-2e4b697a8761' before making global git config changes
job-core	Checkout repository	2025-04-30T10:06:47.6972364Z Adding repository directory to the temporary git global config as a safe directory
job-core	Checkout repository	2025-04-30T10:06:47.6973438Z [command]/usr/bin/git config --global --add safe.directory /actions-runner/_work/ka0s/ka0s
job-core	Checkout repository	2025-04-30T10:06:47.6980448Z [command]/usr/bin/git config --local --get remote.origin.url
job-core	Checkout repository	2025-04-30T10:06:47.6998976Z https://github.com/Ka0s-Klaus/ka0s
job-core	Checkout repository	2025-04-30T10:06:47.7021138Z ##[group]Removing previously created refs, to avoid conflicts
job-core	Checkout repository	2025-04-30T10:06:47.7024029Z [command]/usr/bin/git rev-parse --symbolic-full-name --verify --quiet HEAD
job-core	Checkout repository	2025-04-30T10:06:47.7051511Z refs/heads/H220-web-de-resultados
job-core	Checkout repository	2025-04-30T10:06:47.7065733Z [command]/usr/bin/git checkout --detach
job-core	Checkout repository	2025-04-30T10:06:47.7157548Z HEAD is now at 1225fcba [Ka0S] Uploading resume execution files and web structure to the repository...
job-core	Checkout repository	2025-04-30T10:06:47.7196879Z [command]/usr/bin/git branch --delete --force H220-web-de-resultados
job-core	Checkout repository	2025-04-30T10:06:47.7235634Z Deleted branch H220-web-de-resultados (was 1225fcba).
job-core	Checkout repository	2025-04-30T10:06:47.7296762Z ##[endgroup]
job-core	Checkout repository	2025-04-30T10:06:47.7297950Z [command]/usr/bin/git submodule status
job-core	Checkout repository	2025-04-30T10:06:47.7549240Z ##[group]Cleaning the repository
job-core	Checkout repository	2025-04-30T10:06:47.7551029Z [command]/usr/bin/git clean -ffdx
job-core	Checkout repository	2025-04-30T10:06:47.7618288Z [command]/usr/bin/git reset --hard HEAD
job-core	Checkout repository	2025-04-30T10:06:47.7771292Z HEAD is now at 1225fcba [Ka0S] Uploading resume execution files and web structure to the repository...
job-core	Checkout repository	2025-04-30T10:06:47.7774137Z ##[endgroup]
job-core	Checkout repository	2025-04-30T10:06:47.7775250Z ##[group]Disabling automatic garbage collection
job-core	Checkout repository	2025-04-30T10:06:47.7779986Z [command]/usr/bin/git config --local gc.auto 0
job-core	Checkout repository	2025-04-30T10:06:47.7807028Z ##[endgroup]
job-core	Checkout repository	2025-04-30T10:06:47.7807799Z ##[group]Setting up auth
job-core	Checkout repository	2025-04-30T10:06:47.7820242Z [command]/usr/bin/git config --local --name-only --get-regexp core\.sshCommand
job-core	Checkout repository	2025-04-30T10:06:47.7845723Z [command]/usr/bin/git submodule foreach --recursive sh -c "git config --local --name-only --get-regexp 'core\.sshCommand' && git config --local --unset-all 'core.sshCommand' || :"
job-core	Checkout repository	2025-04-30T10:06:47.8234984Z [command]/usr/bin/git config --local --name-only --get-regexp http\.https\:\/\/github\.com\/\.extraheader
job-core	Checkout repository	2025-04-30T10:06:47.8281156Z [command]/usr/bin/git submodule foreach --recursive sh -c "git config --local --name-only --get-regexp 'http\.https\:\/\/github\.com\/\.extraheader' && git config --local --unset-all 'http.https://github.com/.extraheader' || :"
job-core	Checkout repository	2025-04-30T10:06:47.8550388Z [command]/usr/bin/git config --local http.https://github.com/.extraheader AUTHORIZATION: basic ***
job-core	Checkout repository	2025-04-30T10:06:47.8589037Z ##[endgroup]
job-core	Checkout repository	2025-04-30T10:06:47.8589938Z ##[group]Fetching the repository
job-core	Checkout repository	2025-04-30T10:06:47.8598145Z [command]/usr/bin/git -c protocol.version=2 fetch --prune --no-recurse-submodules origin +refs/heads/*:refs/remotes/origin/* +refs/tags/*:refs/tags/*
job-core	Checkout repository	2025-04-30T10:06:48.6649815Z From https://github.com/Ka0s-Klaus/ka0s
job-core	Checkout repository	2025-04-30T10:06:48.6651955Z    44545836..2320f960  H1128-módulo-de-observabilidad -> origin/H1128-módulo-de-observabilidad
job-core	Checkout repository	2025-04-30T10:06:48.6653874Z    1225fcba..04bffb90  H220-web-de-resultados -> origin/H220-web-de-resultados
job-core	Checkout repository	2025-04-30T10:06:48.6655391Z    8b178019..2848751f  main                   -> origin/main
job-core	Checkout repository	2025-04-30T10:06:48.6660535Z  * [new tag]           0.0.122                -> 0.0.122
job-core	Checkout repository	2025-04-30T10:06:48.6716846Z [command]/usr/bin/git branch --list --remote origin/main
job-core	Checkout repository	2025-04-30T10:06:48.6748042Z   origin/main
job-core	Checkout repository	2025-04-30T10:06:48.6755295Z [command]/usr/bin/git rev-parse refs/remotes/origin/main
job-core	Checkout repository	2025-04-30T10:06:48.6783945Z 2848751f0c7620abf54af3977a8b9b6d45a2ede4
job-core	Checkout repository	2025-04-30T10:06:48.6791099Z ##[endgroup]
job-core	Checkout repository	2025-04-30T10:06:48.6792500Z ##[group]Determining the checkout info
job-core	Checkout repository	2025-04-30T10:06:48.6794185Z ##[endgroup]
job-core	Checkout repository	2025-04-30T10:06:48.6804052Z [command]/usr/bin/git sparse-checkout disable
job-core	Checkout repository	2025-04-30T10:06:48.6888845Z [command]/usr/bin/git config --local --unset-all extensions.worktreeConfig
job-core	Checkout repository	2025-04-30T10:06:48.6932220Z ##[group]Checking out the ref
job-core	Checkout repository	2025-04-30T10:06:48.6941022Z [command]/usr/bin/git checkout --progress --force -B main refs/remotes/origin/main
job-core	Checkout repository	2025-04-30T10:06:48.7126544Z Previous HEAD position was 1225fcba [Ka0S] Uploading resume execution files and web structure to the repository...
job-core	Checkout repository	2025-04-30T10:06:48.7128757Z Switched to a new branch 'main'
job-core	Checkout repository	2025-04-30T10:06:48.7129948Z branch 'main' set up to track 'origin/main'.
job-core	Checkout repository	2025-04-30T10:06:48.7134795Z ##[endgroup]
job-core	Checkout repository	2025-04-30T10:06:48.7180067Z [command]/usr/bin/git log -1 --format=%H
job-core	Checkout repository	2025-04-30T10:06:48.7208379Z 2848751f0c7620abf54af3977a8b9b6d45a2ede4
job-core	Deploy to Web Server via SFTP	﻿2025-04-30T10:06:48.7443426Z ##[group]Run SamKirkland/FTP-Deploy-Action@v4.3.4
job-core	Deploy to Web Server via SFTP	2025-04-30T10:06:48.7444437Z with:
job-core	Deploy to Web Server via SFTP	2025-04-30T10:06:48.7445185Z   server: ***
job-core	Deploy to Web Server via SFTP	2025-04-30T10:06:48.7445890Z   username: ***
job-core	Deploy to Web Server via SFTP	2025-04-30T10:06:48.7446590Z   password: ***
job-core	Deploy to Web Server via SFTP	2025-04-30T10:06:48.7447331Z   port: ***
job-core	Deploy to Web Server via SFTP	2025-04-30T10:06:48.7447968Z   local-dir: core/results/webs/
job-core	Deploy to Web Server via SFTP	2025-04-30T10:06:48.7448759Z   server-dir: /html/
job-core	Deploy to Web Server via SFTP	2025-04-30T10:06:48.7449651Z   dangerous-clean-slate: true
job-core	Deploy to Web Server via SFTP	2025-04-30T10:06:48.7450581Z   state-name: 14752045369-ftp-deploy-sync-state.json
job-core	Deploy to Web Server via SFTP	2025-04-30T10:06:48.7451701Z   exclude: **/.git*
job-core	Deploy to Web Server via SFTP	**/.git*/**
job-core	Deploy to Web Server via SFTP	**/node_modules/**
job-core	Deploy to Web Server via SFTP	
job-core	Deploy to Web Server via SFTP	2025-04-30T10:06:48.7452867Z env:
job-core	Deploy to Web Server via SFTP	2025-04-30T10:06:48.7453374Z   KAOS_CODE: 14752045369
job-core	Deploy to Web Server via SFTP	2025-04-30T10:06:48.7453981Z   KAOS_EVENT_NAME: push
job-core	Deploy to Web Server via SFTP	2025-04-30T10:06:48.7454558Z   KAOS_ACTION: 
job-core	Deploy to Web Server via SFTP	2025-04-30T10:06:48.7455547Z   KAOS_REF: refs/heads/main
job-core	Deploy to Web Server via SFTP	2025-04-30T10:06:48.7456339Z   KAOS_MODULE: [Ka0S] Deploy Webs
job-core	Deploy to Web Server via SFTP	2025-04-30T10:06:48.7457071Z   KAOS_PATH_ORIGIN: core/results/webs/
job-core	Deploy to Web Server via SFTP	2025-04-30T10:06:48.7457803Z   KAOS_PATH_WEB: /html/
job-core	Deploy to Web Server via SFTP	2025-04-30T10:06:48.7458459Z   KAOS_PATH_RESUME: core/results/dw/
job-core	Deploy to Web Server via SFTP	2025-04-30T10:06:48.7459247Z   KAOS_FILE_STATE: ftp-deploy-sync-state.json
job-core	Deploy to Web Server via SFTP	2025-04-30T10:06:48.7460055Z   KAOS_ACTOR: Daniel-NS10
job-core	Deploy to Web Server via SFTP	2025-04-30T10:06:48.7460664Z ##[endgroup]
job-core	Deploy to Web Server via SFTP	2025-04-30T10:06:48.7754488Z ----------------------------------------------------------------
job-core	Deploy to Web Server via SFTP	2025-04-30T10:06:48.7756399Z 🚀 Thanks for using ftp-deploy. Let's deploy some stuff!   
job-core	Deploy to Web Server via SFTP	2025-04-30T10:06:48.7757665Z ----------------------------------------------------------------
job-core	Deploy to Web Server via SFTP	2025-04-30T10:06:48.7758747Z If you found this project helpful, please support it
job-core	Deploy to Web Server via SFTP	2025-04-30T10:06:48.7760140Z by giving it a ⭐ on Github --> https://github.com/SamKirkland/FTP-Deploy-Action
job-core	Deploy to Web Server via SFTP	2025-04-30T10:06:48.7761964Z or add a badge 🏷️ to your projects readme --> https://github.com/SamKirkland/FTP-Deploy-Action#badge
job-core	Deploy to Web Server via SFTP	2025-04-30T10:06:48.9860963Z ----------------------------------------------------------------
job-core	Deploy to Web Server via SFTP	2025-04-30T10:06:48.9863627Z 🗑️ Removing all files on the server because 'dangerous-clean-slate' was set, this will make the deployment very slow...
job-core	Deploy to Web Server via SFTP	2025-04-30T10:06:49.9785902Z Clear complete
job-core	Deploy to Web Server via SFTP	2025-04-30T10:06:49.9788357Z ----------------------------------------------------------------
job-core	Deploy to Web Server via SFTP	2025-04-30T10:06:49.9791835Z No file exists on the server "/html/14752045369-ftp-deploy-sync-state.json" - this must be your first publish! 🎉
job-core	Deploy to Web Server via SFTP	2025-04-30T10:06:49.9796055Z The first publish will take a while... but once the initial sync is done only differences are published!
job-core	Deploy to Web Server via SFTP	2025-04-30T10:06:49.9798853Z If you get this message and its NOT your first publish, something is wrong.
job-core	Deploy to Web Server via SFTP	2025-04-30T10:06:49.9801036Z ----------------------------------------------------------------
job-core	Deploy to Web Server via SFTP	2025-04-30T10:06:49.9959853Z Local Files:	48
job-core	Deploy to Web Server via SFTP	2025-04-30T10:06:49.9960314Z Server Files:	0
job-core	Deploy to Web Server via SFTP	2025-04-30T10:06:49.9960789Z ----------------------------------------------------------------
job-core	Deploy to Web Server via SFTP	2025-04-30T10:06:49.9961223Z Calculating differences between client & server
job-core	Deploy to Web Server via SFTP	2025-04-30T10:06:49.9961647Z ----------------------------------------------------------------
job-core	Deploy to Web Server via SFTP	2025-04-30T10:06:49.9968344Z 📁 Create: dashboard
job-core	Deploy to Web Server via SFTP	2025-04-30T10:06:49.9968871Z 📁 Create: Dashboard
job-core	Deploy to Web Server via SFTP	2025-04-30T10:06:49.9969388Z 📁 Create: dashboard/custom
job-core	Deploy to Web Server via SFTP	2025-04-30T10:06:49.9969785Z 📁 Create: Dashboard/custom
job-core	Deploy to Web Server via SFTP	2025-04-30T10:06:49.9970214Z 📁 Create: dashboard/data
job-core	Deploy to Web Server via SFTP	2025-04-30T10:06:49.9970592Z 📁 Create: Dashboard/data
job-core	Deploy to Web Server via SFTP	2025-04-30T10:06:49.9971139Z 📁 Create: dashboard/js
job-core	Deploy to Web Server via SFTP	2025-04-30T10:06:49.9971601Z 📁 Create: Dashboard/js
job-core	Deploy to Web Server via SFTP	2025-04-30T10:06:49.9971954Z 📁 Create: dashboard/structure
job-core	Deploy to Web Server via SFTP	2025-04-30T10:06:49.9972430Z 📁 Create: Dashboard/structure
job-core	Deploy to Web Server via SFTP	2025-04-30T10:06:49.9972870Z 📁 Create: dashboard/structure/inicio
job-core	Deploy to Web Server via SFTP	2025-04-30T10:06:49.9973345Z 📁 Create: Dashboard/structure/inicio
job-core	Deploy to Web Server via SFTP	2025-04-30T10:06:49.9973761Z 📁 Create: dashboard/structure/issues
job-core	Deploy to Web Server via SFTP	2025-04-30T10:06:49.9974164Z 📁 Create: Dashboard/structure/issues
job-core	Deploy to Web Server via SFTP	2025-04-30T10:06:49.9974573Z 📁 Create: dashboard/structure/prueba
job-core	Deploy to Web Server via SFTP	2025-04-30T10:06:49.9975098Z 📁 Create: Dashboard/structure/prueba
job-core	Deploy to Web Server via SFTP	2025-04-30T10:06:49.9975907Z 📁 Create: dashboard/structure/workflows
job-core	Deploy to Web Server via SFTP	2025-04-30T10:06:49.9976617Z 📁 Create: Dashboard/structure/workflows
job-core	Deploy to Web Server via SFTP	2025-04-30T10:06:49.9976915Z 📁 Create: dashboard/templates
job-core	Deploy to Web Server via SFTP	2025-04-30T10:06:49.9977164Z 📁 Create: Dashboard/templates
job-core	Deploy to Web Server via SFTP	2025-04-30T10:06:49.9977393Z 📄 Upload: dashboard/custom/custom.html
job-core	Deploy to Web Server via SFTP	2025-04-30T10:06:49.9977632Z 📄 Upload: Dashboard/custom/custom.html
job-core	Deploy to Web Server via SFTP	2025-04-30T10:06:49.9977865Z 📄 Upload: dashboard/dashboard.html
job-core	Deploy to Web Server via SFTP	2025-04-30T10:06:49.9978094Z 📄 Upload: Dashboard/Dashboard.html
job-core	Deploy to Web Server via SFTP	2025-04-30T10:06:49.9978318Z 📄 Upload: dashboard/data/data.html
job-core	Deploy to Web Server via SFTP	2025-04-30T10:06:49.9978539Z 📄 Upload: Dashboard/data/data.html
job-core	Deploy to Web Server via SFTP	2025-04-30T10:06:49.9978862Z 📄 Upload: dashboard/data/kaos-issue.json
job-core	Deploy to Web Server via SFTP	2025-04-30T10:06:49.9979411Z 📄 Upload: dashboard/data/kaos-repository-global-statistics.json
job-core	Deploy to Web Server via SFTP	2025-04-30T10:06:49.9979746Z 📄 Upload: dashboard/data/kaos-repository-statistics.json
job-core	Deploy to Web Server via SFTP	2025-04-30T10:06:49.9980052Z 📄 Upload: dashboard/data/kaos-workflows-available.json
job-core	Deploy to Web Server via SFTP	2025-04-30T10:06:49.9980340Z 📄 Upload: dashboard/data/kaos-workflows-runs.json
job-core	Deploy to Web Server via SFTP	2025-04-30T10:06:49.9980607Z 📄 Upload: dashboard/js/data-list.js
job-core	Deploy to Web Server via SFTP	2025-04-30T10:06:49.9980858Z 📄 Upload: dashboard/js/graphic.js
job-core	Deploy to Web Server via SFTP	2025-04-30T10:06:49.9981073Z 📄 Upload: dashboard/js/js.html
job-core	Deploy to Web Server via SFTP	2025-04-30T10:06:49.9981290Z 📄 Upload: Dashboard/js/js.html
job-core	Deploy to Web Server via SFTP	2025-04-30T10:06:49.9981534Z 📄 Upload: dashboard/structure/inicio/inicio.html
job-core	Deploy to Web Server via SFTP	2025-04-30T10:06:49.9981805Z 📄 Upload: Dashboard/structure/inicio/inicio.html
job-core	Deploy to Web Server via SFTP	2025-04-30T10:06:49.9982073Z 📄 Upload: dashboard/structure/issues/issues.html
job-core	Deploy to Web Server via SFTP	2025-04-30T10:06:49.9982337Z 📄 Upload: Dashboard/structure/issues/issues.html
job-core	Deploy to Web Server via SFTP	2025-04-30T10:06:49.9982614Z 📄 Upload: dashboard/structure/prueba/prueba.html
job-core	Deploy to Web Server via SFTP	2025-04-30T10:06:49.9982873Z 📄 Upload: Dashboard/structure/prueba/prueba.html
job-core	Deploy to Web Server via SFTP	2025-04-30T10:06:49.9983124Z 📄 Upload: dashboard/structure/structure.html
job-core	Deploy to Web Server via SFTP	2025-04-30T10:06:49.9983382Z 📄 Upload: Dashboard/structure/structure.html
job-core	Deploy to Web Server via SFTP	2025-04-30T10:06:49.9983657Z 📄 Upload: dashboard/structure/workflows/workflows.html
job-core	Deploy to Web Server via SFTP	2025-04-30T10:06:49.9983953Z 📄 Upload: Dashboard/structure/workflows/workflows.html
job-core	Deploy to Web Server via SFTP	2025-04-30T10:06:49.9984225Z 📄 Upload: dashboard/templates/templates.html
job-core	Deploy to Web Server via SFTP	2025-04-30T10:06:49.9984480Z 📄 Upload: Dashboard/templates/templates.html
job-core	Deploy to Web Server via SFTP	2025-04-30T10:06:49.9984706Z 📄 Upload: README.md
job-core	Deploy to Web Server via SFTP	2025-04-30T10:06:49.9984951Z ----------------------------------------------------------------
job-core	Deploy to Web Server via SFTP	2025-04-30T10:06:49.9985217Z Making changes to 48 files/folders to sync server state
job-core	Deploy to Web Server via SFTP	2025-04-30T10:06:49.9985502Z Uploading: 5.31 MB -- Deleting: 0 B -- Replacing: 0 B
job-core	Deploy to Web Server via SFTP	2025-04-30T10:06:49.9985752Z ----------------------------------------------------------------
job-core	Deploy to Web Server via SFTP	2025-04-30T10:06:49.9985986Z creating folder "dashboard/"
job-core	Deploy to Web Server via SFTP	2025-04-30T10:06:50.0299143Z creating folder "Dashboard/"
job-core	Deploy to Web Server via SFTP	2025-04-30T10:06:50.0623734Z creating folder "dashboard/custom/"
job-core	Deploy to Web Server via SFTP	2025-04-30T10:06:50.1301200Z creating folder "Dashboard/custom/"
job-core	Deploy to Web Server via SFTP	2025-04-30T10:06:50.1937327Z creating folder "dashboard/data/"
job-core	Deploy to Web Server via SFTP	2025-04-30T10:06:50.2572324Z creating folder "Dashboard/data/"
job-core	Deploy to Web Server via SFTP	2025-04-30T10:06:50.3225910Z creating folder "dashboard/js/"
job-core	Deploy to Web Server via SFTP	2025-04-30T10:06:50.3917120Z creating folder "Dashboard/js/"
job-core	Deploy to Web Server via SFTP	2025-04-30T10:06:50.4581396Z creating folder "dashboard/structure/"
job-core	Deploy to Web Server via SFTP	2025-04-30T10:06:50.5192526Z creating folder "Dashboard/structure/"
job-core	Deploy to Web Server via SFTP	2025-04-30T10:06:50.5805266Z creating folder "dashboard/structure/inicio/"
job-core	Deploy to Web Server via SFTP	2025-04-30T10:06:50.6820198Z creating folder "Dashboard/structure/inicio/"
job-core	Deploy to Web Server via SFTP	2025-04-30T10:06:50.7797737Z creating folder "dashboard/structure/issues/"
job-core	Deploy to Web Server via SFTP	2025-04-30T10:06:50.8809711Z creating folder "Dashboard/structure/issues/"
job-core	Deploy to Web Server via SFTP	2025-04-30T10:06:50.9770727Z creating folder "dashboard/structure/prueba/"
job-core	Deploy to Web Server via SFTP	2025-04-30T10:06:51.0730570Z creating folder "Dashboard/structure/prueba/"
job-core	Deploy to Web Server via SFTP	2025-04-30T10:06:51.1690950Z creating folder "dashboard/structure/workflows/"
job-core	Deploy to Web Server via SFTP	2025-04-30T10:06:51.2633728Z creating folder "Dashboard/structure/workflows/"
job-core	Deploy to Web Server via SFTP	2025-04-30T10:06:51.3586365Z creating folder "dashboard/templates/"
job-core	Deploy to Web Server via SFTP	2025-04-30T10:06:51.4262541Z creating folder "Dashboard/templates/"
job-core	Deploy to Web Server via SFTP	2025-04-30T10:06:51.4929895Z uploading "dashboard/custom/custom.html"
job-core	Deploy to Web Server via SFTP	2025-04-30T10:06:51.5532245Z uploading "Dashboard/custom/custom.html"
job-core	Deploy to Web Server via SFTP	2025-04-30T10:06:51.6084456Z uploading "dashboard/dashboard.html"
job-core	Deploy to Web Server via SFTP	2025-04-30T10:06:51.6661601Z uploading "Dashboard/Dashboard.html"
job-core	Deploy to Web Server via SFTP	2025-04-30T10:06:51.7214655Z uploading "dashboard/data/data.html"
job-core	Deploy to Web Server via SFTP	2025-04-30T10:06:51.7755309Z uploading "Dashboard/data/data.html"
job-core	Deploy to Web Server via SFTP	2025-04-30T10:06:51.8298249Z uploading "dashboard/data/kaos-issue.json"
job-core	Deploy to Web Server via SFTP	2025-04-30T10:06:52.0038833Z uploading "dashboard/data/kaos-repository-global-statistics.json"
job-core	Deploy to Web Server via SFTP	2025-04-30T10:06:52.0628983Z uploading "dashboard/data/kaos-repository-statistics.json"
job-core	Deploy to Web Server via SFTP	2025-04-30T10:06:52.1216016Z uploading "dashboard/data/kaos-workflows-available.json"
job-core	Deploy to Web Server via SFTP	2025-04-30T10:06:52.1766760Z uploading "dashboard/data/kaos-workflows-runs.json"
job-core	Deploy to Web Server via SFTP	2025-04-30T10:06:52.3868484Z uploading "dashboard/js/data-list.js"
job-core	Deploy to Web Server via SFTP	2025-04-30T10:06:52.4411013Z uploading "dashboard/js/graphic.js"
job-core	Deploy to Web Server via SFTP	2025-04-30T10:06:52.4985400Z uploading "dashboard/js/js.html"
job-core	Deploy to Web Server via SFTP	2025-04-30T10:06:52.5523843Z uploading "Dashboard/js/js.html"
job-core	Deploy to Web Server via SFTP	2025-04-30T10:06:52.6092406Z uploading "dashboard/structure/inicio/inicio.html"
job-core	Deploy to Web Server via SFTP	2025-04-30T10:06:52.6662705Z uploading "Dashboard/structure/inicio/inicio.html"
job-core	Deploy to Web Server via SFTP	2025-04-30T10:06:52.7219881Z uploading "dashboard/structure/issues/issues.html"
job-core	Deploy to Web Server via SFTP	2025-04-30T10:06:52.7764261Z uploading "Dashboard/structure/issues/issues.html"
job-core	Deploy to Web Server via SFTP	2025-04-30T10:06:52.8309209Z uploading "dashboard/structure/prueba/prueba.html"
job-core	Deploy to Web Server via SFTP	2025-04-30T10:06:52.8887547Z uploading "Dashboard/structure/prueba/prueba.html"
job-core	Deploy to Web Server via SFTP	2025-04-30T10:06:52.9463243Z uploading "dashboard/structure/structure.html"
job-core	Deploy to Web Server via SFTP	2025-04-30T10:06:53.0075786Z uploading "Dashboard/structure/structure.html"
job-core	Deploy to Web Server via SFTP	2025-04-30T10:06:53.0622555Z uploading "dashboard/structure/workflows/workflows.html"
job-core	Deploy to Web Server via SFTP	2025-04-30T10:06:53.1200790Z uploading "Dashboard/structure/workflows/workflows.html"
job-core	Deploy to Web Server via SFTP	2025-04-30T10:06:53.1759103Z uploading "dashboard/templates/templates.html"
job-core	Deploy to Web Server via SFTP	2025-04-30T10:06:53.2286108Z uploading "Dashboard/templates/templates.html"
job-core	Deploy to Web Server via SFTP	2025-04-30T10:06:53.2841205Z uploading "README.md"
job-core	Deploy to Web Server via SFTP	2025-04-30T10:06:53.3426336Z ----------------------------------------------------------------
job-core	Deploy to Web Server via SFTP	2025-04-30T10:06:53.3429707Z 🎉 Sync complete. Saving current server state to "/html/14752045369-ftp-deploy-sync-state.json"
job-core	Deploy to Web Server via SFTP	2025-04-30T10:06:53.4054703Z ----------------------------------------------------------------
job-core	Deploy to Web Server via SFTP	2025-04-30T10:06:53.4065179Z Time spent hashing: 22 milliseconds
job-core	Deploy to Web Server via SFTP	2025-04-30T10:06:53.4066834Z Time spent connecting to server: 156 milliseconds
job-core	Deploy to Web Server via SFTP	2025-04-30T10:06:53.4068588Z Time spent deploying: 3.4 seconds (1.56 MB/second)
job-core	Deploy to Web Server via SFTP	2025-04-30T10:06:53.4070509Z   - changing dirs: 1 second
job-core	Deploy to Web Server via SFTP	2025-04-30T10:06:53.4071273Z   - logging: 18 milliseconds
job-core	Deploy to Web Server via SFTP	2025-04-30T10:06:53.4072077Z ----------------------------------------------------------------
job-core	Deploy to Web Server via SFTP	2025-04-30T10:06:53.4072884Z Total time: 4.6 seconds
job-core	Deploy to Web Server via SFTP	2025-04-30T10:06:53.4073559Z ----------------------------------------------------------------
job-core	Post Checkout repository	﻿2025-04-30T10:06:53.4324808Z Post job cleanup.
job-core	Post Checkout repository	2025-04-30T10:06:53.4950837Z [command]/usr/bin/git version
job-core	Post Checkout repository	2025-04-30T10:06:53.4979124Z git version 2.43.0
job-core	Post Checkout repository	2025-04-30T10:06:53.5019660Z Copying '/home/kaos/.gitconfig' to '/actions-runner/_work/_temp/c56401f0-be86-4232-9fa8-00ac3a77b385/.gitconfig'
job-core	Post Checkout repository	2025-04-30T10:06:53.5034095Z Temporarily overriding HOME='/actions-runner/_work/_temp/c56401f0-be86-4232-9fa8-00ac3a77b385' before making global git config changes
job-core	Post Checkout repository	2025-04-30T10:06:53.5034614Z Adding repository directory to the temporary git global config as a safe directory
job-core	Post Checkout repository	2025-04-30T10:06:53.5043989Z [command]/usr/bin/git config --global --add safe.directory /actions-runner/_work/ka0s/ka0s
job-core	Post Checkout repository	2025-04-30T10:06:53.5134380Z [command]/usr/bin/git config --local --name-only --get-regexp core\.sshCommand
job-core	Post Checkout repository	2025-04-30T10:06:53.5160957Z [command]/usr/bin/git submodule foreach --recursive sh -c "git config --local --name-only --get-regexp 'core\.sshCommand' && git config --local --unset-all 'core.sshCommand' || :"
job-core	Post Checkout repository	2025-04-30T10:06:53.5523202Z [command]/usr/bin/git config --local --name-only --get-regexp http\.https\:\/\/github\.com\/\.extraheader
job-core	Post Checkout repository	2025-04-30T10:06:53.5554000Z http.https://github.com/.extraheader
job-core	Post Checkout repository	2025-04-30T10:06:53.5568665Z [command]/usr/bin/git config --local --unset-all http.https://github.com/.extraheader
job-core	Post Checkout repository	2025-04-30T10:06:53.5622808Z [command]/usr/bin/git submodule foreach --recursive sh -c "git config --local --name-only --get-regexp 'http\.https\:\/\/github\.com\/\.extraheader' && git config --local --unset-all 'http.https://github.com/.extraheader' || :"
job-core	Complete job	﻿2025-04-30T10:06:53.6256075Z Cleaning up orphan processes
handle-success	Set up job	﻿2025-04-30T10:06:59.8049345Z Current runner version: '2.323.0'
handle-success	Set up job	2025-04-30T10:06:59.8053012Z Runner name: 'ka0s-9'
handle-success	Set up job	2025-04-30T10:06:59.8053555Z Machine name: '26a53205c9ac'
handle-success	Set up job	2025-04-30T10:06:59.8055094Z ##[group]GITHUB_TOKEN Permissions
handle-success	Set up job	2025-04-30T10:06:59.8056874Z Contents: read
handle-success	Set up job	2025-04-30T10:06:59.8057190Z Metadata: read
handle-success	Set up job	2025-04-30T10:06:59.8057471Z Packages: read
handle-success	Set up job	2025-04-30T10:06:59.8057749Z ##[endgroup]
handle-success	Set up job	2025-04-30T10:06:59.8059029Z Secret source: Actions
handle-success	Set up job	2025-04-30T10:06:59.8059390Z Prepare workflow directory
handle-success	Set up job	2025-04-30T10:06:59.8437924Z Prepare all required actions
handle-success	Set up job	2025-04-30T10:06:59.8463990Z Getting action download info
handle-success	Set up job	2025-04-30T10:07:00.2853848Z Download action repository 'actions/checkout@v4' (SHA:11bd71901bbe5b1630ceea73d27597364c9af683)
handle-success	Set up job	2025-04-30T10:07:01.0426582Z Complete job name: handle-success
handle-success	Checkout code	﻿2025-04-30T10:07:01.0738254Z ##[group]Run actions/checkout@v4
handle-success	Checkout code	2025-04-30T10:07:01.0738820Z with:
handle-success	Checkout code	2025-04-30T10:07:01.0739092Z   fetch-depth: 0
handle-success	Checkout code	2025-04-30T10:07:01.0739558Z   token: ***
handle-success	Checkout code	2025-04-30T10:07:01.0739846Z   repository: Ka0s-Klaus/ka0s
handle-success	Checkout code	2025-04-30T10:07:01.0740228Z   ssh-strict: true
handle-success	Checkout code	2025-04-30T10:07:01.0740519Z   ssh-user: git
handle-success	Checkout code	2025-04-30T10:07:01.0740808Z   persist-credentials: true
handle-success	Checkout code	2025-04-30T10:07:01.0741130Z   clean: true
handle-success	Checkout code	2025-04-30T10:07:01.0741431Z   sparse-checkout-cone-mode: true
handle-success	Checkout code	2025-04-30T10:07:01.0741777Z   fetch-tags: false
handle-success	Checkout code	2025-04-30T10:07:01.0742069Z   show-progress: true
handle-success	Checkout code	2025-04-30T10:07:01.0742360Z   lfs: false
handle-success	Checkout code	2025-04-30T10:07:01.0742624Z   submodules: false
handle-success	Checkout code	2025-04-30T10:07:01.0742936Z   set-safe-directory: true
handle-success	Checkout code	2025-04-30T10:07:01.0743365Z env:
handle-success	Checkout code	2025-04-30T10:07:01.0743626Z   KAOS_CODE: 14752045369
handle-success	Checkout code	2025-04-30T10:07:01.0743938Z   KAOS_EVENT_NAME: push
handle-success	Checkout code	2025-04-30T10:07:01.0744235Z   KAOS_ACTION: 
handle-success	Checkout code	2025-04-30T10:07:01.0744522Z   KAOS_REF: refs/heads/main
handle-success	Checkout code	2025-04-30T10:07:01.0744912Z   KAOS_MODULE: [Ka0S] Deploy Webs
handle-success	Checkout code	2025-04-30T10:07:01.0745297Z   KAOS_PATH_ORIGIN: core/results/webs/
handle-success	Checkout code	2025-04-30T10:07:01.0745668Z   KAOS_PATH_WEB: /html/
handle-success	Checkout code	2025-04-30T10:07:01.0745985Z   KAOS_PATH_RESUME: core/results/dw/
handle-success	Checkout code	2025-04-30T10:07:01.0746377Z   KAOS_FILE_STATE: ftp-deploy-sync-state.json
handle-success	Checkout code	2025-04-30T10:07:01.0746780Z   KAOS_ACTOR: Daniel-NS10
handle-success	Checkout code	2025-04-30T10:07:01.0747097Z ##[endgroup]
handle-success	Checkout code	2025-04-30T10:07:01.1528568Z Syncing repository: Ka0s-Klaus/ka0s
handle-success	Checkout code	2025-04-30T10:07:01.1530849Z ##[group]Getting Git version info
handle-success	Checkout code	2025-04-30T10:07:01.1531737Z Working directory is '/actions-runner/_work/ka0s/ka0s'
handle-success	Checkout code	2025-04-30T10:07:01.1533038Z [command]/usr/bin/git version
handle-success	Checkout code	2025-04-30T10:07:01.1533673Z git version 2.43.0
handle-success	Checkout code	2025-04-30T10:07:01.1535973Z ##[endgroup]
handle-success	Checkout code	2025-04-30T10:07:01.1541249Z Copying '/home/kaos/.gitconfig' to '/actions-runner/_work/_temp/4b0fc6f6-6dd0-436e-9fe3-772c71902440/.gitconfig'
handle-success	Checkout code	2025-04-30T10:07:01.1543520Z Temporarily overriding HOME='/actions-runner/_work/_temp/4b0fc6f6-6dd0-436e-9fe3-772c71902440' before making global git config changes
handle-success	Checkout code	2025-04-30T10:07:01.1545715Z Adding repository directory to the temporary git global config as a safe directory
handle-success	Checkout code	2025-04-30T10:07:01.1547245Z [command]/usr/bin/git config --global --add safe.directory /actions-runner/_work/ka0s/ka0s
handle-success	Checkout code	2025-04-30T10:07:01.1627019Z [command]/usr/bin/git config --local --get remote.origin.url
handle-success	Checkout code	2025-04-30T10:07:01.1649014Z https://github.com/Ka0s-Klaus/ka0s
handle-success	Checkout code	2025-04-30T10:07:01.1667191Z ##[group]Removing previously created refs, to avoid conflicts
handle-success	Checkout code	2025-04-30T10:07:01.1670125Z [command]/usr/bin/git rev-parse --symbolic-full-name --verify --quiet HEAD
handle-success	Checkout code	2025-04-30T10:07:01.1689973Z refs/heads/H1128-módulo-de-observabilidad
handle-success	Checkout code	2025-04-30T10:07:01.1699180Z [command]/usr/bin/git checkout --detach
handle-success	Checkout code	2025-04-30T10:07:01.1803710Z HEAD is now at 7de181a2 Test subida ELK
handle-success	Checkout code	2025-04-30T10:07:01.1847630Z [command]/usr/bin/git branch --delete --force H1128-módulo-de-observabilidad
handle-success	Checkout code	2025-04-30T10:07:01.1885462Z Deleted branch H1128-módulo-de-observabilidad (was 7de181a2).
handle-success	Checkout code	2025-04-30T10:07:01.1934386Z ##[endgroup]
handle-success	Checkout code	2025-04-30T10:07:01.1935291Z [command]/usr/bin/git submodule status
handle-success	Checkout code	2025-04-30T10:07:01.2238720Z ##[group]Cleaning the repository
handle-success	Checkout code	2025-04-30T10:07:01.2240219Z [command]/usr/bin/git clean -ffdx
handle-success	Checkout code	2025-04-30T10:07:01.2331896Z [command]/usr/bin/git reset --hard HEAD
handle-success	Checkout code	2025-04-30T10:07:01.2458884Z HEAD is now at 7de181a2 Test subida ELK
handle-success	Checkout code	2025-04-30T10:07:01.2461064Z ##[endgroup]
handle-success	Checkout code	2025-04-30T10:07:01.2462196Z ##[group]Disabling automatic garbage collection
handle-success	Checkout code	2025-04-30T10:07:01.2465318Z [command]/usr/bin/git config --local gc.auto 0
handle-success	Checkout code	2025-04-30T10:07:01.2490368Z ##[endgroup]
handle-success	Checkout code	2025-04-30T10:07:01.2491037Z ##[group]Setting up auth
handle-success	Checkout code	2025-04-30T10:07:01.2493307Z [command]/usr/bin/git config --local --name-only --get-regexp core\.sshCommand
handle-success	Checkout code	2025-04-30T10:07:01.2529002Z [command]/usr/bin/git submodule foreach --recursive sh -c "git config --local --name-only --get-regexp 'core\.sshCommand' && git config --local --unset-all 'core.sshCommand' || :"
handle-success	Checkout code	2025-04-30T10:07:01.2910897Z [command]/usr/bin/git config --local --name-only --get-regexp http\.https\:\/\/github\.com\/\.extraheader
handle-success	Checkout code	2025-04-30T10:07:01.2955318Z [command]/usr/bin/git submodule foreach --recursive sh -c "git config --local --name-only --get-regexp 'http\.https\:\/\/github\.com\/\.extraheader' && git config --local --unset-all 'http.https://github.com/.extraheader' || :"
handle-success	Checkout code	2025-04-30T10:07:01.3401919Z [command]/usr/bin/git config --local http.https://github.com/.extraheader AUTHORIZATION: basic ***
handle-success	Checkout code	2025-04-30T10:07:01.3439617Z ##[endgroup]
handle-success	Checkout code	2025-04-30T10:07:01.3440502Z ##[group]Fetching the repository
handle-success	Checkout code	2025-04-30T10:07:01.3444478Z [command]/usr/bin/git -c protocol.version=2 fetch --prune --no-recurse-submodules origin +refs/heads/*:refs/remotes/origin/* +refs/tags/*:refs/tags/*
handle-success	Checkout code	2025-04-30T10:07:02.1872689Z From https://github.com/Ka0s-Klaus/ka0s
handle-success	Checkout code	2025-04-30T10:07:02.1874951Z    7de181a2..2320f960  H1128-módulo-de-observabilidad -> origin/H1128-módulo-de-observabilidad
handle-success	Checkout code	2025-04-30T10:07:02.1876722Z    aba6e8a3..dc30e350  main       -> origin/main
handle-success	Checkout code	2025-04-30T10:07:02.1910889Z [command]/usr/bin/git branch --list --remote origin/main
handle-success	Checkout code	2025-04-30T10:07:02.1938632Z   origin/main
handle-success	Checkout code	2025-04-30T10:07:02.1949973Z [command]/usr/bin/git rev-parse refs/remotes/origin/main
handle-success	Checkout code	2025-04-30T10:07:02.1974067Z dc30e35029ca240242131a28ba3642f7f4fabc8e
handle-success	Checkout code	2025-04-30T10:07:02.1991013Z [command]/usr/bin/git -c protocol.version=2 fetch --no-tags --prune --no-recurse-submodules origin +2848751f0c7620abf54af3977a8b9b6d45a2ede4:refs/remotes/origin/main
handle-success	Checkout code	2025-04-30T10:07:02.2113373Z From https://github.com/Ka0s-Klaus/ka0s
handle-success	Checkout code	2025-04-30T10:07:02.2115195Z  + dc30e350...2848751f 2848751f0c7620abf54af3977a8b9b6d45a2ede4 -> origin/main  (forced update)
handle-success	Checkout code	2025-04-30T10:07:02.2132171Z ##[endgroup]
handle-success	Checkout code	2025-04-30T10:07:02.2133383Z ##[group]Determining the checkout info
handle-success	Checkout code	2025-04-30T10:07:02.2134831Z ##[endgroup]
handle-success	Checkout code	2025-04-30T10:07:02.2135660Z [command]/usr/bin/git sparse-checkout disable
handle-success	Checkout code	2025-04-30T10:07:02.2191424Z [command]/usr/bin/git config --local --unset-all extensions.worktreeConfig
handle-success	Checkout code	2025-04-30T10:07:02.2220485Z ##[group]Checking out the ref
handle-success	Checkout code	2025-04-30T10:07:02.2222323Z [command]/usr/bin/git checkout --progress --force -B main refs/remotes/origin/main
handle-success	Checkout code	2025-04-30T10:07:02.2401400Z Previous HEAD position was 7de181a2 Test subida ELK
handle-success	Checkout code	2025-04-30T10:07:02.2403561Z Switched to a new branch 'main'
handle-success	Checkout code	2025-04-30T10:07:02.2405248Z branch 'main' set up to track 'origin/main'.
handle-success	Checkout code	2025-04-30T10:07:02.2413200Z ##[endgroup]
handle-success	Checkout code	2025-04-30T10:07:02.2459119Z [command]/usr/bin/git log -1 --format=%H
handle-success	Checkout code	2025-04-30T10:07:02.2489340Z 2848751f0c7620abf54af3977a8b9b6d45a2ede4
handle-success	handle-success-execution	﻿2025-04-30T10:07:02.2702009Z ##[group]Run # Si todo ha ido correcto añadimos el contenido del fichero
handle-success	handle-success-execution	2025-04-30T10:07:02.2703434Z [36;1m# Si todo ha ido correcto añadimos el contenido del fichero[0m
handle-success	handle-success-execution	2025-04-30T10:07:02.2706080Z [36;1m# gh issue comment $RNNUMBER --body "El proceso ha finalizado correctamente 14752045369. El resultado está en el fichero core/results/event_data_14752045369.log"[0m
handle-success	handle-success-execution	2025-04-30T10:07:02.2708998Z [36;1mecho "El proceso ha finalizado correctamente 14752045369. El resultado está en el fichero core/results/event_data_14752045369.log"[0m
handle-success	handle-success-execution	2025-04-30T10:07:02.2718596Z shell: /usr/bin/bash -e {0}
handle-success	handle-success-execution	2025-04-30T10:07:02.2719359Z env:
handle-success	handle-success-execution	2025-04-30T10:07:02.2719920Z   KAOS_CODE: 14752045369
handle-success	handle-success-execution	2025-04-30T10:07:02.2720795Z   KAOS_EVENT_NAME: push
handle-success	handle-success-execution	2025-04-30T10:07:02.2721462Z   KAOS_ACTION: 
handle-success	handle-success-execution	2025-04-30T10:07:02.2722078Z   KAOS_REF: refs/heads/main
handle-success	handle-success-execution	2025-04-30T10:07:02.2722810Z   KAOS_MODULE: [Ka0S] Deploy Webs
handle-success	handle-success-execution	2025-04-30T10:07:02.2723608Z   KAOS_PATH_ORIGIN: core/results/webs/
handle-success	handle-success-execution	2025-04-30T10:07:02.2724640Z   KAOS_PATH_WEB: /html/
handle-success	handle-success-execution	2025-04-30T10:07:02.2725566Z   KAOS_PATH_RESUME: core/results/dw/
handle-success	handle-success-execution	2025-04-30T10:07:02.2726543Z   KAOS_FILE_STATE: ftp-deploy-sync-state.json
handle-success	handle-success-execution	2025-04-30T10:07:02.2727419Z   KAOS_ACTOR: Daniel-NS10
handle-success	handle-success-execution	2025-04-30T10:07:02.2728442Z   GH_TOKEN: ***
handle-success	handle-success-execution	2025-04-30T10:07:02.2729044Z ##[endgroup]
handle-success	handle-success-execution	2025-04-30T10:07:02.2791100Z El proceso ha finalizado correctamente 14752045369. El resultado está en el fichero core/results/event_data_14752045369.log
handle-success	Post Checkout code	﻿2025-04-30T10:07:02.2901409Z Post job cleanup.
handle-success	Post Checkout code	2025-04-30T10:07:02.3541696Z [command]/usr/bin/git version
handle-success	Post Checkout code	2025-04-30T10:07:02.3567641Z git version 2.43.0
handle-success	Post Checkout code	2025-04-30T10:07:02.3602660Z Copying '/home/kaos/.gitconfig' to '/actions-runner/_work/_temp/ac405253-f517-4ada-aea1-d6c816f93c2e/.gitconfig'
handle-success	Post Checkout code	2025-04-30T10:07:02.3617308Z Temporarily overriding HOME='/actions-runner/_work/_temp/ac405253-f517-4ada-aea1-d6c816f93c2e' before making global git config changes
handle-success	Post Checkout code	2025-04-30T10:07:02.3619442Z Adding repository directory to the temporary git global config as a safe directory
handle-success	Post Checkout code	2025-04-30T10:07:02.3623724Z [command]/usr/bin/git config --global --add safe.directory /actions-runner/_work/ka0s/ka0s
handle-success	Post Checkout code	2025-04-30T10:07:02.3671679Z [command]/usr/bin/git config --local --name-only --get-regexp core\.sshCommand
handle-success	Post Checkout code	2025-04-30T10:07:02.3712665Z [command]/usr/bin/git submodule foreach --recursive sh -c "git config --local --name-only --get-regexp 'core\.sshCommand' && git config --local --unset-all 'core.sshCommand' || :"
handle-success	Post Checkout code	2025-04-30T10:07:02.4034956Z [command]/usr/bin/git config --local --name-only --get-regexp http\.https\:\/\/github\.com\/\.extraheader
handle-success	Post Checkout code	2025-04-30T10:07:02.4068740Z http.https://github.com/.extraheader
handle-success	Post Checkout code	2025-04-30T10:07:02.4086121Z [command]/usr/bin/git config --local --unset-all http.https://github.com/.extraheader
handle-success	Post Checkout code	2025-04-30T10:07:02.4144513Z [command]/usr/bin/git submodule foreach --recursive sh -c "git config --local --name-only --get-regexp 'http\.https\:\/\/github\.com\/\.extraheader' && git config --local --unset-all 'http.https://github.com/.extraheader' || :"
handle-success	Complete job	﻿2025-04-30T10:07:02.4820422Z Cleaning up orphan processes
end-workflow	Set up job	﻿2025-04-30T10:07:08.2637368Z Current runner version: '2.323.0'
end-workflow	Set up job	2025-04-30T10:07:08.2641616Z Runner name: 'ka0s-8'
end-workflow	Set up job	2025-04-30T10:07:08.2642168Z Machine name: '26a53205c9ac'
end-workflow	Set up job	2025-04-30T10:07:08.2643514Z ##[group]GITHUB_TOKEN Permissions
end-workflow	Set up job	2025-04-30T10:07:08.2644994Z Contents: read
end-workflow	Set up job	2025-04-30T10:07:08.2645427Z Metadata: read
end-workflow	Set up job	2025-04-30T10:07:08.2645762Z Packages: read
end-workflow	Set up job	2025-04-30T10:07:08.2646082Z ##[endgroup]
end-workflow	Set up job	2025-04-30T10:07:08.2647325Z Secret source: Actions
end-workflow	Set up job	2025-04-30T10:07:08.2647684Z Prepare workflow directory
end-workflow	Set up job	2025-04-30T10:07:08.3037258Z Prepare all required actions
end-workflow	Set up job	2025-04-30T10:07:08.3080696Z Getting action download info
end-workflow	Set up job	2025-04-30T10:07:08.8495468Z Download action repository 'actions/checkout@v4' (SHA:11bd71901bbe5b1630ceea73d27597364c9af683)
end-workflow	Set up job	2025-04-30T10:07:09.5529070Z Complete job name: end-workflow
end-workflow	Checkout code	﻿2025-04-30T10:07:09.5856953Z ##[group]Run actions/checkout@v4
end-workflow	Checkout code	2025-04-30T10:07:09.5857435Z with:
end-workflow	Checkout code	2025-04-30T10:07:09.5857682Z   fetch-depth: 0
end-workflow	Checkout code	2025-04-30T10:07:09.5858090Z   token: ***
end-workflow	Checkout code	2025-04-30T10:07:09.5858343Z   repository: Ka0s-Klaus/ka0s
end-workflow	Checkout code	2025-04-30T10:07:09.5858679Z   ssh-strict: true
end-workflow	Checkout code	2025-04-30T10:07:09.5858934Z   ssh-user: git
end-workflow	Checkout code	2025-04-30T10:07:09.5859193Z   persist-credentials: true
end-workflow	Checkout code	2025-04-30T10:07:09.5859477Z   clean: true
end-workflow	Checkout code	2025-04-30T10:07:09.5859736Z   sparse-checkout-cone-mode: true
end-workflow	Checkout code	2025-04-30T10:07:09.5860048Z   fetch-tags: false
end-workflow	Checkout code	2025-04-30T10:07:09.5860303Z   show-progress: true
end-workflow	Checkout code	2025-04-30T10:07:09.5860565Z   lfs: false
end-workflow	Checkout code	2025-04-30T10:07:09.5860804Z   submodules: false
end-workflow	Checkout code	2025-04-30T10:07:09.5861061Z   set-safe-directory: true
end-workflow	Checkout code	2025-04-30T10:07:09.5861442Z env:
end-workflow	Checkout code	2025-04-30T10:07:09.5861675Z   KAOS_CODE: 14752045369
end-workflow	Checkout code	2025-04-30T10:07:09.5861946Z   KAOS_EVENT_NAME: push
end-workflow	Checkout code	2025-04-30T10:07:09.5862215Z   KAOS_ACTION: 
end-workflow	Checkout code	2025-04-30T10:07:09.5862470Z   KAOS_REF: refs/heads/main
end-workflow	Checkout code	2025-04-30T10:07:09.5862763Z   KAOS_MODULE: [Ka0S] Deploy Webs
end-workflow	Checkout code	2025-04-30T10:07:09.5863104Z   KAOS_PATH_ORIGIN: core/results/webs/
end-workflow	Checkout code	2025-04-30T10:07:09.5863427Z   KAOS_PATH_WEB: /html/
end-workflow	Checkout code	2025-04-30T10:07:09.5863711Z   KAOS_PATH_RESUME: core/results/dw/
end-workflow	Checkout code	2025-04-30T10:07:09.5864055Z   KAOS_FILE_STATE: ftp-deploy-sync-state.json
end-workflow	Checkout code	2025-04-30T10:07:09.5864463Z   KAOS_ACTOR: Daniel-NS10
end-workflow	Checkout code	2025-04-30T10:07:09.5865004Z   GH_TOKEN: ***
end-workflow	Checkout code	2025-04-30T10:07:09.5865395Z ##[endgroup]
end-workflow	Checkout code	2025-04-30T10:07:09.6635709Z Syncing repository: Ka0s-Klaus/ka0s
end-workflow	Checkout code	2025-04-30T10:07:09.6637210Z ##[group]Getting Git version info
end-workflow	Checkout code	2025-04-30T10:07:09.6637697Z Working directory is '/actions-runner/_work/ka0s/ka0s'
end-workflow	Checkout code	2025-04-30T10:07:09.6638433Z [command]/usr/bin/git version
end-workflow	Checkout code	2025-04-30T10:07:09.6638863Z git version 2.43.0
end-workflow	Checkout code	2025-04-30T10:07:09.6639951Z ##[endgroup]
end-workflow	Checkout code	2025-04-30T10:07:09.6643711Z Copying '/home/kaos/.gitconfig' to '/actions-runner/_work/_temp/c5d876fc-0fba-40d8-848d-6ccca0bb44c7/.gitconfig'
end-workflow	Checkout code	2025-04-30T10:07:09.6652443Z Temporarily overriding HOME='/actions-runner/_work/_temp/c5d876fc-0fba-40d8-848d-6ccca0bb44c7' before making global git config changes
end-workflow	Checkout code	2025-04-30T10:07:09.6653487Z Adding repository directory to the temporary git global config as a safe directory
end-workflow	Checkout code	2025-04-30T10:07:09.6663355Z [command]/usr/bin/git config --global --add safe.directory /actions-runner/_work/ka0s/ka0s
end-workflow	Checkout code	2025-04-30T10:07:09.6698145Z [command]/usr/bin/git config --local --get remote.origin.url
end-workflow	Checkout code	2025-04-30T10:07:09.6717666Z https://github.com/Ka0s-Klaus/ka0s
end-workflow	Checkout code	2025-04-30T10:07:09.6739616Z ##[group]Removing previously created refs, to avoid conflicts
end-workflow	Checkout code	2025-04-30T10:07:09.6746972Z [command]/usr/bin/git rev-parse --symbolic-full-name --verify --quiet HEAD
end-workflow	Checkout code	2025-04-30T10:07:09.6767369Z refs/heads/H1128-módulo-de-observabilidad
end-workflow	Checkout code	2025-04-30T10:07:09.6774388Z [command]/usr/bin/git checkout --detach
end-workflow	Checkout code	2025-04-30T10:07:09.6873437Z HEAD is now at 7de181a2 Test subida ELK
end-workflow	Checkout code	2025-04-30T10:07:09.6920885Z [command]/usr/bin/git branch --delete --force H1128-módulo-de-observabilidad
end-workflow	Checkout code	2025-04-30T10:07:09.6953495Z Deleted branch H1128-módulo-de-observabilidad (was 7de181a2).
end-workflow	Checkout code	2025-04-30T10:07:09.7014671Z ##[endgroup]
end-workflow	Checkout code	2025-04-30T10:07:09.7018953Z [command]/usr/bin/git submodule status
end-workflow	Checkout code	2025-04-30T10:07:09.7257733Z ##[group]Cleaning the repository
end-workflow	Checkout code	2025-04-30T10:07:09.7263557Z [command]/usr/bin/git clean -ffdx
end-workflow	Checkout code	2025-04-30T10:07:09.7330299Z [command]/usr/bin/git reset --hard HEAD
end-workflow	Checkout code	2025-04-30T10:07:09.7455309Z HEAD is now at 7de181a2 Test subida ELK
end-workflow	Checkout code	2025-04-30T10:07:09.7457579Z ##[endgroup]
end-workflow	Checkout code	2025-04-30T10:07:09.7458523Z ##[group]Disabling automatic garbage collection
end-workflow	Checkout code	2025-04-30T10:07:09.7463092Z [command]/usr/bin/git config --local gc.auto 0
end-workflow	Checkout code	2025-04-30T10:07:09.7486683Z ##[endgroup]
end-workflow	Checkout code	2025-04-30T10:07:09.7487507Z ##[group]Setting up auth
end-workflow	Checkout code	2025-04-30T10:07:09.7490599Z [command]/usr/bin/git config --local --name-only --get-regexp core\.sshCommand
end-workflow	Checkout code	2025-04-30T10:07:09.7516193Z [command]/usr/bin/git submodule foreach --recursive sh -c "git config --local --name-only --get-regexp 'core\.sshCommand' && git config --local --unset-all 'core.sshCommand' || :"
end-workflow	Checkout code	2025-04-30T10:07:09.7762149Z [command]/usr/bin/git config --local --name-only --get-regexp http\.https\:\/\/github\.com\/\.extraheader
end-workflow	Checkout code	2025-04-30T10:07:09.7789845Z [command]/usr/bin/git submodule foreach --recursive sh -c "git config --local --name-only --get-regexp 'http\.https\:\/\/github\.com\/\.extraheader' && git config --local --unset-all 'http.https://github.com/.extraheader' || :"
end-workflow	Checkout code	2025-04-30T10:07:09.8034861Z [command]/usr/bin/git config --local http.https://github.com/.extraheader AUTHORIZATION: basic ***
end-workflow	Checkout code	2025-04-30T10:07:09.8069475Z ##[endgroup]
end-workflow	Checkout code	2025-04-30T10:07:09.8070184Z ##[group]Fetching the repository
end-workflow	Checkout code	2025-04-30T10:07:09.8075035Z [command]/usr/bin/git -c protocol.version=2 fetch --prune --no-recurse-submodules origin +refs/heads/*:refs/remotes/origin/* +refs/tags/*:refs/tags/*
end-workflow	Checkout code	2025-04-30T10:07:16.0130751Z From https://github.com/Ka0s-Klaus/ka0s
end-workflow	Checkout code	2025-04-30T10:07:16.0131665Z    7de181a2..2320f960  H1128-módulo-de-observabilidad -> origin/H1128-módulo-de-observabilidad
end-workflow	Checkout code	2025-04-30T10:07:16.0164997Z    d47bc6e4..dc30e350  main       -> origin/main
end-workflow	Checkout code	2025-04-30T10:07:16.0169232Z [command]/usr/bin/git branch --list --remote origin/main
end-workflow	Checkout code	2025-04-30T10:07:16.0217100Z   origin/main
end-workflow	Checkout code	2025-04-30T10:07:16.0219182Z [command]/usr/bin/git rev-parse refs/remotes/origin/main
end-workflow	Checkout code	2025-04-30T10:07:16.0231997Z dc30e35029ca240242131a28ba3642f7f4fabc8e
end-workflow	Checkout code	2025-04-30T10:07:16.0249808Z [command]/usr/bin/git -c protocol.version=2 fetch --no-tags --prune --no-recurse-submodules origin +2848751f0c7620abf54af3977a8b9b6d45a2ede4:refs/remotes/origin/main
end-workflow	Checkout code	2025-04-30T10:07:16.0435489Z From https://github.com/Ka0s-Klaus/ka0s
end-workflow	Checkout code	2025-04-30T10:07:16.0436830Z  + dc30e350...2848751f 2848751f0c7620abf54af3977a8b9b6d45a2ede4 -> origin/main  (forced update)
end-workflow	Checkout code	2025-04-30T10:07:16.0473862Z ##[endgroup]
end-workflow	Checkout code	2025-04-30T10:07:16.0474654Z ##[group]Determining the checkout info
end-workflow	Checkout code	2025-04-30T10:07:16.0476021Z ##[endgroup]
end-workflow	Checkout code	2025-04-30T10:07:16.0487978Z [command]/usr/bin/git sparse-checkout disable
end-workflow	Checkout code	2025-04-30T10:07:16.0582635Z [command]/usr/bin/git config --local --unset-all extensions.worktreeConfig
end-workflow	Checkout code	2025-04-30T10:07:16.0633243Z ##[group]Checking out the ref
end-workflow	Checkout code	2025-04-30T10:07:16.0644133Z [command]/usr/bin/git checkout --progress --force -B main refs/remotes/origin/main
end-workflow	Checkout code	2025-04-30T10:07:16.0868057Z Previous HEAD position was 7de181a2 Test subida ELK
end-workflow	Checkout code	2025-04-30T10:07:16.0870376Z Switched to a new branch 'main'
end-workflow	Checkout code	2025-04-30T10:07:16.0870725Z branch 'main' set up to track 'origin/main'.
end-workflow	Checkout code	2025-04-30T10:07:16.0877398Z ##[endgroup]
end-workflow	Checkout code	2025-04-30T10:07:16.0908560Z [command]/usr/bin/git log -1 --format=%H
end-workflow	Checkout code	2025-04-30T10:07:16.0935491Z 2848751f0c7620abf54af3977a8b9b6d45a2ede4
end-workflow	Finaliza el workflow	﻿2025-04-30T10:07:16.1146872Z ##[group]Run echo "End process"
end-workflow	Finaliza el workflow	2025-04-30T10:07:16.1147188Z [36;1mecho "End process"[0m
end-workflow	Finaliza el workflow	2025-04-30T10:07:16.1147407Z [36;1mecho "Se finaliza Ka0s 14752045369"[0m
end-workflow	Finaliza el workflow	2025-04-30T10:07:16.1147805Z [36;1mgh workflow run inspector.yml --ref 'main' -f kaos-issue-id=$RNNUMBER -f kaos-workflow-id="14752045369" -f kaos-user-start=""[0m
end-workflow	Finaliza el workflow	2025-04-30T10:07:16.1154176Z shell: /usr/bin/bash -e {0}
end-workflow	Finaliza el workflow	2025-04-30T10:07:16.1154587Z env:
end-workflow	Finaliza el workflow	2025-04-30T10:07:16.1154856Z   KAOS_CODE: 14752045369
end-workflow	Finaliza el workflow	2025-04-30T10:07:16.1155094Z   KAOS_EVENT_NAME: push
end-workflow	Finaliza el workflow	2025-04-30T10:07:16.1155298Z   KAOS_ACTION: 
end-workflow	Finaliza el workflow	2025-04-30T10:07:16.1155501Z   KAOS_REF: refs/heads/main
end-workflow	Finaliza el workflow	2025-04-30T10:07:16.1155869Z   KAOS_MODULE: [Ka0S] Deploy Webs
end-workflow	Finaliza el workflow	2025-04-30T10:07:16.1156109Z   KAOS_PATH_ORIGIN: core/results/webs/
end-workflow	Finaliza el workflow	2025-04-30T10:07:16.1156337Z   KAOS_PATH_WEB: /html/
end-workflow	Finaliza el workflow	2025-04-30T10:07:16.1156518Z   KAOS_PATH_RESUME: core/results/dw/
end-workflow	Finaliza el workflow	2025-04-30T10:07:16.1156736Z   KAOS_FILE_STATE: ftp-deploy-sync-state.json
end-workflow	Finaliza el workflow	2025-04-30T10:07:16.1156952Z   KAOS_ACTOR: Daniel-NS10
end-workflow	Finaliza el workflow	2025-04-30T10:07:16.1157371Z   GH_TOKEN: ***
end-workflow	Finaliza el workflow	2025-04-30T10:07:16.1157539Z ##[endgroup]
end-workflow	Finaliza el workflow	2025-04-30T10:07:16.1193137Z End process
end-workflow	Finaliza el workflow	2025-04-30T10:07:16.1195702Z Se finaliza Ka0s 14752045369
end-workflow	Post Checkout code	﻿2025-04-30T10:07:16.7385469Z Post job cleanup.
end-workflow	Post Checkout code	2025-04-30T10:07:16.8047854Z [command]/usr/bin/git version
end-workflow	Post Checkout code	2025-04-30T10:07:16.8079341Z git version 2.43.0
end-workflow	Post Checkout code	2025-04-30T10:07:16.8115914Z Copying '/home/kaos/.gitconfig' to '/actions-runner/_work/_temp/6fbbc413-3446-49f9-8451-b4392ac68ffc/.gitconfig'
end-workflow	Post Checkout code	2025-04-30T10:07:16.8127657Z Temporarily overriding HOME='/actions-runner/_work/_temp/6fbbc413-3446-49f9-8451-b4392ac68ffc' before making global git config changes
end-workflow	Post Checkout code	2025-04-30T10:07:16.8128613Z Adding repository directory to the temporary git global config as a safe directory
end-workflow	Post Checkout code	2025-04-30T10:07:16.8131897Z [command]/usr/bin/git config --global --add safe.directory /actions-runner/_work/ka0s/ka0s
end-workflow	Post Checkout code	2025-04-30T10:07:16.8226927Z [command]/usr/bin/git config --local --name-only --get-regexp core\.sshCommand
end-workflow	Post Checkout code	2025-04-30T10:07:16.8254910Z [command]/usr/bin/git submodule foreach --recursive sh -c "git config --local --name-only --get-regexp 'core\.sshCommand' && git config --local --unset-all 'core.sshCommand' || :"
end-workflow	Post Checkout code	2025-04-30T10:07:16.8570546Z [command]/usr/bin/git config --local --name-only --get-regexp http\.https\:\/\/github\.com\/\.extraheader
end-workflow	Post Checkout code	2025-04-30T10:07:16.8605571Z http.https://github.com/.extraheader
end-workflow	Post Checkout code	2025-04-30T10:07:16.8631945Z [command]/usr/bin/git config --local --unset-all http.https://github.com/.extraheader
end-workflow	Post Checkout code	2025-04-30T10:07:16.8695134Z [command]/usr/bin/git submodule foreach --recursive sh -c "git config --local --name-only --get-regexp 'http\.https\:\/\/github\.com\/\.extraheader' && git config --local --unset-all 'http.https://github.com/.extraheader' || :"
end-workflow	Complete job	﻿2025-04-30T10:07:16.9088838Z Cleaning up orphan processes
