job-core	Set up job	ï»¿2025-05-08T08:51:52.1163763Z Current runner version: '2.323.0'
job-core	Set up job	2025-05-08T08:51:52.1167822Z Runner name: 'ka0s-7'
job-core	Set up job	2025-05-08T08:51:52.1168374Z Machine name: '26a53205c9ac'
job-core	Set up job	2025-05-08T08:51:52.1169733Z ##[group]GITHUB_TOKEN Permissions
job-core	Set up job	2025-05-08T08:51:52.1171102Z Contents: read
job-core	Set up job	2025-05-08T08:51:52.1171400Z Metadata: read
job-core	Set up job	2025-05-08T08:51:52.1171681Z Packages: read
job-core	Set up job	2025-05-08T08:51:52.1171955Z ##[endgroup]
job-core	Set up job	2025-05-08T08:51:52.1173502Z Secret source: Actions
job-core	Set up job	2025-05-08T08:51:52.1173976Z Prepare workflow directory
job-core	Set up job	2025-05-08T08:51:52.1557163Z Prepare all required actions
job-core	Set up job	2025-05-08T08:51:52.1583475Z Getting action download info
job-core	Set up job	2025-05-08T08:51:52.7083084Z Download action repository 'actions/checkout@v3' (SHA:f43a0e5ff2bd294095638e18286ca9a3d1956744)
job-core	Set up job	2025-05-08T08:51:53.4296179Z Complete job name: job-core
job-core	Checkout repository	ï»¿2025-05-08T08:51:53.4581867Z ##[group]Run actions/checkout@v3
job-core	Checkout repository	2025-05-08T08:51:53.4582334Z with:
job-core	Checkout repository	2025-05-08T08:51:53.4582591Z   fetch-depth: 0
job-core	Checkout repository	2025-05-08T08:51:53.4583001Z   token: ***
job-core	Checkout repository	2025-05-08T08:51:53.4583259Z   repository: Ka0s-Klaus/ka0s
job-core	Checkout repository	2025-05-08T08:51:53.4583593Z   ssh-strict: true
job-core	Checkout repository	2025-05-08T08:51:53.4584031Z   persist-credentials: true
job-core	Checkout repository	2025-05-08T08:51:53.4584322Z   clean: true
job-core	Checkout repository	2025-05-08T08:51:53.4584588Z   sparse-checkout-cone-mode: true
job-core	Checkout repository	2025-05-08T08:51:53.4584900Z   fetch-tags: false
job-core	Checkout repository	2025-05-08T08:51:53.4585153Z   lfs: false
job-core	Checkout repository	2025-05-08T08:51:53.4585396Z   submodules: false
job-core	Checkout repository	2025-05-08T08:51:53.4585661Z   set-safe-directory: true
job-core	Checkout repository	2025-05-08T08:51:53.4586037Z env:
job-core	Checkout repository	2025-05-08T08:51:53.4586272Z   KAOS_CODE: 14902556799
job-core	Checkout repository	2025-05-08T08:51:53.4586564Z   KAOS_EVENT_NAME: workflow_dispatch
job-core	Checkout repository	2025-05-08T08:51:53.4586881Z   KAOS_ACTION: 
job-core	Checkout repository	2025-05-08T08:51:53.4587135Z   KAOS_REF: refs/heads/main
job-core	Checkout repository	2025-05-08T08:51:53.4587443Z   KAOS_MODULE: [Ka0S] Deploy Web Structure
job-core	Checkout repository	2025-05-08T08:51:53.4587801Z   KAOS_JSON_WEB: core/config/webs/webs.json
job-core	Checkout repository	2025-05-08T08:51:53.4588168Z   KAOS_JSON_RESUME: core/outputs/webs/
job-core	Checkout repository	2025-05-08T08:51:53.4588509Z   KAOS_JSON_DATA: core/web/data/data.json
job-core	Checkout repository	2025-05-08T08:51:53.4588856Z   KAOS_WEB_STRUCTURE: core/results/webs/
job-core	Checkout repository	2025-05-08T08:51:53.4589194Z   KAOS_ACTOR: AlejandroPB5
job-core	Checkout repository	2025-05-08T08:51:53.4589473Z ##[endgroup]
job-core	Checkout repository	2025-05-08T08:51:53.5137138Z Syncing repository: Ka0s-Klaus/ka0s
job-core	Checkout repository	2025-05-08T08:51:53.5138277Z ##[group]Getting Git version info
job-core	Checkout repository	2025-05-08T08:51:53.5138680Z Working directory is '/actions-runner/_work/ka0s/ka0s'
job-core	Checkout repository	2025-05-08T08:51:53.5139252Z [command]/usr/bin/git version
job-core	Checkout repository	2025-05-08T08:51:53.5141058Z git version 2.43.0
job-core	Checkout repository	2025-05-08T08:51:53.5158349Z ##[endgroup]
job-core	Checkout repository	2025-05-08T08:51:53.5166107Z Copying '/home/kaos/.gitconfig' to '/actions-runner/_work/_temp/baa2ec2b-0c0d-4e80-88e5-44cf281b5214/.gitconfig'
job-core	Checkout repository	2025-05-08T08:51:53.5179938Z Temporarily overriding HOME='/actions-runner/_work/_temp/baa2ec2b-0c0d-4e80-88e5-44cf281b5214' before making global git config changes
job-core	Checkout repository	2025-05-08T08:51:53.5181684Z Adding repository directory to the temporary git global config as a safe directory
job-core	Checkout repository	2025-05-08T08:51:53.5183043Z [command]/usr/bin/git config --global --add safe.directory /actions-runner/_work/ka0s/ka0s
job-core	Checkout repository	2025-05-08T08:51:53.5206465Z [command]/usr/bin/git config --local --get remote.origin.url
job-core	Checkout repository	2025-05-08T08:51:53.5224970Z https://github.com/Ka0s-Klaus/ka0s
job-core	Checkout repository	2025-05-08T08:51:53.5242963Z ##[group]Removing previously created refs, to avoid conflicts
job-core	Checkout repository	2025-05-08T08:51:53.5246910Z [command]/usr/bin/git rev-parse --symbolic-full-name --verify --quiet HEAD
job-core	Checkout repository	2025-05-08T08:51:53.5262053Z refs/heads/main
job-core	Checkout repository	2025-05-08T08:51:53.5267484Z [command]/usr/bin/git checkout --detach
job-core	Checkout repository	2025-05-08T08:51:53.5370980Z HEAD is now at c3ccd89b [Ka0S] Uploading data files to web structure...
job-core	Checkout repository	2025-05-08T08:51:53.5406189Z [command]/usr/bin/git branch --delete --force main
job-core	Checkout repository	2025-05-08T08:51:53.5430757Z Deleted branch main (was c3ccd89b).
job-core	Checkout repository	2025-05-08T08:51:53.5473962Z ##[endgroup]
job-core	Checkout repository	2025-05-08T08:51:53.5474646Z [command]/usr/bin/git submodule status
job-core	Checkout repository	2025-05-08T08:51:53.5698841Z ##[group]Cleaning the repository
job-core	Checkout repository	2025-05-08T08:51:53.5699619Z [command]/usr/bin/git clean -ffdx
job-core	Checkout repository	2025-05-08T08:51:53.5748411Z [command]/usr/bin/git reset --hard HEAD
job-core	Checkout repository	2025-05-08T08:51:53.5892019Z HEAD is now at c3ccd89b [Ka0S] Uploading data files to web structure...
job-core	Checkout repository	2025-05-08T08:51:53.5897153Z ##[endgroup]
job-core	Checkout repository	2025-05-08T08:51:53.5898001Z ##[group]Disabling automatic garbage collection
job-core	Checkout repository	2025-05-08T08:51:53.5898748Z [command]/usr/bin/git config --local gc.auto 0
job-core	Checkout repository	2025-05-08T08:51:53.5920812Z ##[endgroup]
job-core	Checkout repository	2025-05-08T08:51:53.5921986Z ##[group]Setting up auth
job-core	Checkout repository	2025-05-08T08:51:53.5922732Z [command]/usr/bin/git config --local --name-only --get-regexp core\.sshCommand
job-core	Checkout repository	2025-05-08T08:51:53.5947854Z [command]/usr/bin/git submodule foreach --recursive sh -c "git config --local --name-only --get-regexp 'core\.sshCommand' && git config --local --unset-all 'core.sshCommand' || :"
job-core	Checkout repository	2025-05-08T08:51:53.6177216Z [command]/usr/bin/git config --local --name-only --get-regexp http\.https\:\/\/github\.com\/\.extraheader
job-core	Checkout repository	2025-05-08T08:51:53.6199385Z [command]/usr/bin/git submodule foreach --recursive sh -c "git config --local --name-only --get-regexp 'http\.https\:\/\/github\.com\/\.extraheader' && git config --local --unset-all 'http.https://github.com/.extraheader' || :"
job-core	Checkout repository	2025-05-08T08:51:53.6433376Z [command]/usr/bin/git config --local http.https://github.com/.extraheader AUTHORIZATION: basic ***
job-core	Checkout repository	2025-05-08T08:51:53.6480123Z ##[endgroup]
job-core	Checkout repository	2025-05-08T08:51:53.6487844Z ##[group]Fetching the repository
job-core	Checkout repository	2025-05-08T08:51:53.6488689Z [command]/usr/bin/git -c protocol.version=2 fetch --prune --progress --no-recurse-submodules origin +refs/heads/*:refs/remotes/origin/* +refs/tags/*:refs/tags/*
job-core	Checkout repository	2025-05-08T08:51:54.4301301Z remote: Enumerating objects: 11, done.        
job-core	Checkout repository	2025-05-08T08:51:54.4302813Z remote: Counting objects:   9% (1/11)        
job-core	Checkout repository	2025-05-08T08:51:54.4304151Z remote: Counting objects:  18% (2/11)        
job-core	Checkout repository	2025-05-08T08:51:54.4305418Z remote: Counting objects:  27% (3/11)        
job-core	Checkout repository	2025-05-08T08:51:54.4306761Z remote: Counting objects:  36% (4/11)        
job-core	Checkout repository	2025-05-08T08:51:54.4307904Z remote: Counting objects:  45% (5/11)        
job-core	Checkout repository	2025-05-08T08:51:54.4309029Z remote: Counting objects:  54% (6/11)        
job-core	Checkout repository	2025-05-08T08:51:54.4310361Z remote: Counting objects:  63% (7/11)        
job-core	Checkout repository	2025-05-08T08:51:54.4311553Z remote: Counting objects:  72% (8/11)        
job-core	Checkout repository	2025-05-08T08:51:54.4312663Z remote: Counting objects:  81% (9/11)        
job-core	Checkout repository	2025-05-08T08:51:54.4313792Z remote: Counting objects:  90% (10/11)        
job-core	Checkout repository	2025-05-08T08:51:54.4314921Z remote: Counting objects: 100% (11/11)        
job-core	Checkout repository	2025-05-08T08:51:54.4316166Z remote: Counting objects: 100% (11/11), done.        
job-core	Checkout repository	2025-05-08T08:51:54.4317509Z remote: Compressing objects:  33% (1/3)        
job-core	Checkout repository	2025-05-08T08:51:54.4318794Z remote: Compressing objects:  66% (2/3)        
job-core	Checkout repository	2025-05-08T08:51:54.4320052Z remote: Compressing objects: 100% (3/3)        
job-core	Checkout repository	2025-05-08T08:51:54.4321411Z remote: Compressing objects: 100% (3/3), done.        
job-core	Checkout repository	2025-05-08T08:51:54.4333315Z remote: Total 7 (delta 4), reused 7 (delta 4), pack-reused 0 (from 0)        
job-core	Checkout repository	2025-05-08T08:51:54.4556750Z From https://github.com/Ka0s-Klaus/ka0s
job-core	Checkout repository	2025-05-08T08:51:54.4557777Z    c3ccd89b..954e65d2  main       -> origin/main
job-core	Checkout repository	2025-05-08T08:51:54.4590012Z [command]/usr/bin/git branch --list --remote origin/main
job-core	Checkout repository	2025-05-08T08:51:54.4617236Z   origin/main
job-core	Checkout repository	2025-05-08T08:51:54.4621920Z [command]/usr/bin/git rev-parse refs/remotes/origin/main
job-core	Checkout repository	2025-05-08T08:51:54.4641548Z 954e65d2868d4639b307e9c145e5c97882282a05
job-core	Checkout repository	2025-05-08T08:51:54.4657795Z ##[endgroup]
job-core	Checkout repository	2025-05-08T08:51:54.4658255Z ##[group]Determining the checkout info
job-core	Checkout repository	2025-05-08T08:51:54.4660751Z ##[endgroup]
job-core	Checkout repository	2025-05-08T08:51:54.4661559Z ##[group]Checking out the ref
job-core	Checkout repository	2025-05-08T08:51:54.4662211Z [command]/usr/bin/git checkout --progress --force -B main refs/remotes/origin/main
job-core	Checkout repository	2025-05-08T08:51:54.4838445Z Previous HEAD position was c3ccd89b [Ka0S] Uploading data files to web structure...
job-core	Checkout repository	2025-05-08T08:51:54.4841194Z Switched to a new branch 'main'
job-core	Checkout repository	2025-05-08T08:51:54.4841967Z branch 'main' set up to track 'origin/main'.
job-core	Checkout repository	2025-05-08T08:51:54.4847567Z ##[endgroup]
job-core	Checkout repository	2025-05-08T08:51:54.4883998Z [command]/usr/bin/git log -1 --format='%H'
job-core	Checkout repository	2025-05-08T08:51:54.4908580Z '954e65d2868d4639b307e9c145e5c97882282a05'
job-core	Copy web folder structure	ï»¿2025-05-08T08:51:54.5069974Z ##[group]Run # Tenemos que aÃ±adir al proceso que sea capaz de leer + de un json de creaciÃ³n de webs
job-core	Copy web folder structure	2025-05-08T08:51:54.5070706Z [36;1m# Tenemos que aÃ±adir al proceso que sea capaz de leer + de un json de creaciÃ³n de webs[0m
job-core	Copy web folder structure	2025-05-08T08:51:54.5071213Z [36;1m# si web esta creada la actualiza, sino la crea desde cero[0m
job-core	Copy web folder structure	2025-05-08T08:51:54.5071577Z [36;1m[0m
job-core	Copy web folder structure	2025-05-08T08:51:54.5071890Z [36;1m# Read the structure.json file to get folder names[0m
job-core	Copy web folder structure	2025-05-08T08:51:54.5072280Z [36;1mecho "0 - Reading structure.json file..."[0m
job-core	Copy web folder structure	2025-05-08T08:51:54.5072661Z [36;1mSTRUCTURE_FILE="core/config/webs/webs.json"[0m
job-core	Copy web folder structure	2025-05-08T08:51:54.5072998Z [36;1m[0m
job-core	Copy web folder structure	2025-05-08T08:51:54.5073520Z [36;1m# Extract title for main folder name[0m
job-core	Copy web folder structure	2025-05-08T08:51:54.5074213Z [36;1mTITLE=$(cat $STRUCTURE_FILE | jq -r '.title')[0m
job-core	Copy web folder structure	2025-05-08T08:51:54.5074725Z [36;1mecho "I - Main folder will be named: $TITLE"[0m
job-core	Copy web folder structure	2025-05-08T08:51:54.5075166Z [36;1m[0m
job-core	Copy web folder structure	2025-05-08T08:51:54.5075495Z [36;1m# Create main directory[0m
job-core	Copy web folder structure	2025-05-08T08:51:54.5075927Z [36;1mmkdir -p "core/results/webs/$TITLE"[0m
job-core	Copy web folder structure	2025-05-08T08:51:54.5076296Z [36;1mtouch core/results/webs/$TITLE/$TITLE".html"[0m
job-core	Copy web folder structure	2025-05-08T08:51:54.5076664Z [36;1mmkdir -p "core/outputs/webs/$TITLE"[0m
job-core	Copy web folder structure	2025-05-08T08:51:54.5077027Z [36;1mtouch core/outputs/webs/$TITLE/readme.txt[0m
job-core	Copy web folder structure	2025-05-08T08:51:54.5077361Z [36;1m[0m
job-core	Copy web folder structure	2025-05-08T08:51:54.5077670Z [36;1m# Copy the directory structure (without files)[0m
job-core	Copy web folder structure	2025-05-08T08:51:54.5078048Z [36;1mfind core/web -type d | while read dir; do[0m
job-core	Copy web folder structure	2025-05-08T08:51:54.5078398Z [36;1m  if [ "$dir" != "core/web" ]; then[0m
job-core	Copy web folder structure	2025-05-08T08:51:54.5078767Z [36;1m    # Remove core/web prefix from directory path[0m
job-core	Copy web folder structure	2025-05-08T08:51:54.5079122Z [36;1m    clean_dir=${dir#core/web/}[0m
job-core	Copy web folder structure	2025-05-08T08:51:54.5079477Z [36;1m    echo "II - Created directory: $clean_dir"[0m
job-core	Copy web folder structure	2025-05-08T08:51:54.5079854Z [36;1m    target_dir="core/results/webs/$TITLE/$clean_dir"[0m
job-core	Copy web folder structure	2025-05-08T08:51:54.5080212Z [36;1m    mkdir -p "$target_dir"[0m
job-core	Copy web folder structure	2025-05-08T08:51:54.5080556Z [36;1m    touch $target_dir/$clean_dir".html"[0m
job-core	Copy web folder structure	2025-05-08T08:51:54.5080928Z [36;1m    echo "II - Created directory: $target_dir"[0m
job-core	Copy web folder structure	2025-05-08T08:51:54.5081265Z [36;1m  fi[0m
job-core	Copy web folder structure	2025-05-08T08:51:54.5081537Z [36;1mdone[0m
job-core	Copy web folder structure	2025-05-08T08:51:54.5081856Z [36;1m[0m
job-core	Copy web folder structure	2025-05-08T08:51:54.5082172Z [36;1m# Extract section information and create subfolders[0m
job-core	Copy web folder structure	2025-05-08T08:51:54.5082863Z [36;1mjq -r 'to_entries | .[] | select(.key | startswith("section")) | [.key, .value.title, .value.icon, .value.data] | @tsv' $STRUCTURE_FILE | while IFS=$'\t' read -r section_key section_title section_icon section_data; do[0m
job-core	Copy web folder structure	2025-05-08T08:51:54.5083862Z [36;1m  echo "III - Creating subfolder for section: $section_key - $section_title"[0m
job-core	Copy web folder structure	2025-05-08T08:51:54.5084439Z [36;1m  mkdir -p "core/results/webs/$TITLE/structure/$section_title"[0m
job-core	Copy web folder structure	2025-05-08T08:51:54.5085029Z [36;1m  touch core/results/webs/$TITLE/structure/$section_title/$section_title".html"[0m
job-core	Copy web folder structure	2025-05-08T08:51:54.5085512Z [36;1m  [0m
job-core	Copy web folder structure	2025-05-08T08:51:54.5085866Z [36;1m  # Guardar la ruta del archivo JSON de datos para esta secciÃ³n[0m
job-core	Copy web folder structure	2025-05-08T08:51:54.5086261Z [36;1m  if [ ! -z "$section_data" ]; then[0m
job-core	Copy web folder structure	2025-05-08T08:51:54.5086643Z [36;1m    # Copiar el contenido del archivo JSON en lugar de solo la ruta[0m
job-core	Copy web folder structure	2025-05-08T08:51:54.5087027Z [36;1m    if [ -f "$section_data" ]; then[0m
job-core	Copy web folder structure	2025-05-08T08:51:54.5087457Z [36;1m      cp "$section_data" "core/results/webs/$TITLE/structure/$section_title/$section_title.json"[0m
job-core	Copy web folder structure	2025-05-08T08:51:54.5087923Z [36;1m      echo "    Data source: $section_data (copiado)"[0m
job-core	Copy web folder structure	2025-05-08T08:51:54.5088242Z [36;1m    else[0m
job-core	Copy web folder structure	2025-05-08T08:51:54.5088576Z [36;1m      # Si el archivo no existe, guardar al menos la ruta como referencia[0m
job-core	Copy web folder structure	2025-05-08T08:51:54.5089087Z [36;1m      echo "$section_data" > "core/results/webs/$TITLE/structure/$section_title/$section_title.json"[0m
job-core	Copy web folder structure	2025-05-08T08:51:54.5089609Z [36;1m      echo "    Data source: $section_data (ruta guardada, archivo no encontrado)"[0m
job-core	Copy web folder structure	2025-05-08T08:51:54.5090245Z [36;1m    fi[0m
job-core	Copy web folder structure	2025-05-08T08:51:54.5090496Z [36;1m  fi[0m
job-core	Copy web folder structure	2025-05-08T08:51:54.5090747Z [36;1mdone[0m
job-core	Copy web folder structure	2025-05-08T08:51:54.5090988Z [36;1m[0m
job-core	Copy web folder structure	2025-05-08T08:51:54.5091284Z [36;1m# Create a JSON file with the structure information[0m
job-core	Copy web folder structure	2025-05-08T08:51:54.5091670Z [36;1mecho "[" > core/outputs/webs/$TITLE/$TITLE"_resume.json"[0m
job-core	Copy web folder structure	2025-05-08T08:51:54.5092035Z [36;1m# Find all files and directories[0m
job-core	Copy web folder structure	2025-05-08T08:51:54.5092445Z [36;1mfind core/results/webs/ -type f -o -type d | sort | while read path; do[0m
job-core	Copy web folder structure	2025-05-08T08:51:54.5092861Z [36;1m  if [ "$path" != "core/results/webs/" ]; then[0m
job-core	Copy web folder structure	2025-05-08T08:51:54.5093205Z [36;1m    # Get the type (file or directory)[0m
job-core	Copy web folder structure	2025-05-08T08:51:54.5093705Z [36;1m    if [ -d "$path" ]; then[0m
job-core	Copy web folder structure	2025-05-08T08:51:54.5094063Z [36;1m      TYPE="directory"[0m
job-core	Copy web folder structure	2025-05-08T08:51:54.5094416Z [36;1m    else[0m
job-core	Copy web folder structure	2025-05-08T08:51:54.5094735Z [36;1m      TYPE="file"[0m
job-core	Copy web folder structure	2025-05-08T08:51:54.5095086Z [36;1m    fi[0m
job-core	Copy web folder structure	2025-05-08T08:51:54.5095464Z [36;1m    # Get the name of the item (last part of path)[0m
job-core	Copy web folder structure	2025-05-08T08:51:54.5095852Z [36;1m    NAME=$(basename "$path")[0m
job-core	Copy web folder structure	2025-05-08T08:51:54.5096182Z [36;1m    # Create the JSON entry[0m
job-core	Copy web folder structure	2025-05-08T08:51:54.5096613Z [36;1m    echo "  {\"path\": \"$path\", \"name\": \"$NAME\", \"type\": \"$TYPE\"}," >> core/outputs/webs/$TITLE/$TITLE"_resume.json"[0m
job-core	Copy web folder structure	2025-05-08T08:51:54.5097019Z [36;1m  fi[0m
job-core	Copy web folder structure	2025-05-08T08:51:54.5097260Z [36;1mdone[0m
job-core	Copy web folder structure	2025-05-08T08:51:54.5097555Z [36;1m# Remove the last comma and close the JSON array[0m
job-core	Copy web folder structure	2025-05-08T08:51:54.5097949Z [36;1msed -i '$ s/,$//' core/outputs/webs/$TITLE/$TITLE"_resume.json"[0m
job-core	Copy web folder structure	2025-05-08T08:51:54.5098348Z [36;1mecho "]" >> core/outputs/webs/$TITLE/$TITLE"_resume.json"[0m
job-core	Copy web folder structure	2025-05-08T08:51:54.5098745Z [36;1mecho "IV - Web folder structure copied successfully!"[0m
job-core	Copy web folder structure	2025-05-08T08:51:54.5105738Z shell: /usr/bin/bash -e {0}
job-core	Copy web folder structure	2025-05-08T08:51:54.5106050Z env:
job-core	Copy web folder structure	2025-05-08T08:51:54.5106299Z   KAOS_CODE: 14902556799
job-core	Copy web folder structure	2025-05-08T08:51:54.5106584Z   KAOS_EVENT_NAME: workflow_dispatch
job-core	Copy web folder structure	2025-05-08T08:51:54.5106895Z   KAOS_ACTION: 
job-core	Copy web folder structure	2025-05-08T08:51:54.5107154Z   KAOS_REF: refs/heads/main
job-core	Copy web folder structure	2025-05-08T08:51:54.5107453Z   KAOS_MODULE: [Ka0S] Deploy Web Structure
job-core	Copy web folder structure	2025-05-08T08:51:54.5107773Z   KAOS_JSON_WEB: core/config/webs/webs.json
job-core	Copy web folder structure	2025-05-08T08:51:54.5108091Z   KAOS_JSON_RESUME: core/outputs/webs/
job-core	Copy web folder structure	2025-05-08T08:51:54.5108397Z   KAOS_JSON_DATA: core/web/data/data.json
job-core	Copy web folder structure	2025-05-08T08:51:54.5108714Z   KAOS_WEB_STRUCTURE: core/results/webs/
job-core	Copy web folder structure	2025-05-08T08:51:54.5109020Z   KAOS_ACTOR: AlejandroPB5
job-core	Copy web folder structure	2025-05-08T08:51:54.5109287Z ##[endgroup]
job-core	Copy web folder structure	2025-05-08T08:51:54.5149292Z 0 - Reading structure.json file...
job-core	Copy web folder structure	2025-05-08T08:51:54.5180443Z I - Main folder will be named: dashboard
job-core	Copy web folder structure	2025-05-08T08:51:54.5233965Z II - Created directory: data
job-core	Copy web folder structure	2025-05-08T08:51:54.5254235Z II - Created directory: core/results/webs/dashboard/data
job-core	Copy web folder structure	2025-05-08T08:51:54.5256477Z II - Created directory: templates
job-core	Copy web folder structure	2025-05-08T08:51:54.5273302Z II - Created directory: core/results/webs/dashboard/templates
job-core	Copy web folder structure	2025-05-08T08:51:54.5274102Z II - Created directory: custom
job-core	Copy web folder structure	2025-05-08T08:51:54.5291615Z II - Created directory: core/results/webs/dashboard/custom
job-core	Copy web folder structure	2025-05-08T08:51:54.5292071Z II - Created directory: js
job-core	Copy web folder structure	2025-05-08T08:51:54.5312542Z II - Created directory: core/results/webs/dashboard/js
job-core	Copy web folder structure	2025-05-08T08:51:54.5313032Z II - Created directory: structure
job-core	Copy web folder structure	2025-05-08T08:51:54.5332190Z II - Created directory: core/results/webs/dashboard/structure
job-core	Copy web folder structure	2025-05-08T08:51:54.5354073Z jq: error (at core/config/webs/webs.json:39): Cannot index array with string "title"
job-core	Copy web folder structure	2025-05-08T08:51:54.5928952Z IV - Web folder structure copied successfully!
job-core	Upload Files	ï»¿2025-05-08T08:51:54.5957698Z ##[group]Run echo "Uploading files to the repository..."
job-core	Upload Files	2025-05-08T08:51:54.5958114Z [36;1mecho "Uploading files to the repository..."[0m
job-core	Upload Files	2025-05-08T08:51:54.5958614Z [36;1mgit config --global user.name "***"[0m
job-core	Upload Files	2025-05-08T08:51:54.5958962Z [36;1mgit config --global user.email "***"[0m
job-core	Upload Files	2025-05-08T08:51:54.5959259Z [36;1mgit pull[0m
job-core	Upload Files	2025-05-08T08:51:54.5959700Z [36;1m# Asegurarse de que la carpeta web_structure se aÃ±ade explicitamente[0m
job-core	Upload Files	2025-05-08T08:51:54.5960073Z [36;1mgit add core/results/webs/*[0m
job-core	Upload Files	2025-05-08T08:51:54.5960364Z [36;1mgit add core/outputs/webs/*[0m
job-core	Upload Files	2025-05-08T08:51:54.5960676Z [36;1m# Verificar si hay cambios para hacer commit[0m
job-core	Upload Files	2025-05-08T08:51:54.5960996Z [36;1mif git diff --staged --quiet; then[0m
job-core	Upload Files	2025-05-08T08:51:54.5961312Z [36;1m  echo "No hay cambios para hacer commit"[0m
job-core	Upload Files	2025-05-08T08:51:54.5961605Z [36;1melse[0m
job-core	Upload Files	2025-05-08T08:51:54.5961982Z [36;1m  git commit -m "[Ka0S] Uploading resume execution files and web structure to the repository..."[0m
job-core	Upload Files	2025-05-08T08:51:54.5962440Z [36;1m  git push origin refs/heads/main[0m
job-core	Upload Files	2025-05-08T08:51:54.5962711Z [36;1mfi[0m
job-core	Upload Files	2025-05-08T08:51:54.5967902Z shell: /usr/bin/bash -e {0}
job-core	Upload Files	2025-05-08T08:51:54.5968187Z env:
job-core	Upload Files	2025-05-08T08:51:54.5968446Z   KAOS_CODE: 14902556799
job-core	Upload Files	2025-05-08T08:51:54.5968740Z   KAOS_EVENT_NAME: workflow_dispatch
job-core	Upload Files	2025-05-08T08:51:54.5969039Z   KAOS_ACTION: 
job-core	Upload Files	2025-05-08T08:51:54.5969320Z   KAOS_REF: refs/heads/main
job-core	Upload Files	2025-05-08T08:51:54.5969618Z   KAOS_MODULE: [Ka0S] Deploy Web Structure
job-core	Upload Files	2025-05-08T08:51:54.5969952Z   KAOS_JSON_WEB: core/config/webs/webs.json
job-core	Upload Files	2025-05-08T08:51:54.5970275Z   KAOS_JSON_RESUME: core/outputs/webs/
job-core	Upload Files	2025-05-08T08:51:54.5970592Z   KAOS_JSON_DATA: core/web/data/data.json
job-core	Upload Files	2025-05-08T08:51:54.5970917Z   KAOS_WEB_STRUCTURE: core/results/webs/
job-core	Upload Files	2025-05-08T08:51:54.5971232Z   KAOS_ACTOR: AlejandroPB5
job-core	Upload Files	2025-05-08T08:51:54.5971510Z ##[endgroup]
job-core	Upload Files	2025-05-08T08:51:54.5994220Z Uploading files to the repository...
job-core	Upload Files	2025-05-08T08:51:55.0752272Z Already up to date.
job-core	Upload Files	2025-05-08T08:51:55.0900583Z No hay cambios para hacer commit
job-core	Post Checkout repository	ï»¿2025-05-08T08:51:55.0957243Z Post job cleanup.
job-core	Post Checkout repository	2025-05-08T08:51:55.1412990Z [command]/usr/bin/git version
job-core	Post Checkout repository	2025-05-08T08:51:55.1440623Z git version 2.43.0
job-core	Post Checkout repository	2025-05-08T08:51:55.1480087Z Copying '/home/kaos/.gitconfig' to '/actions-runner/_work/_temp/73cde816-2e70-4028-ab0c-cb078560d712/.gitconfig'
job-core	Post Checkout repository	2025-05-08T08:51:55.1493909Z Temporarily overriding HOME='/actions-runner/_work/_temp/73cde816-2e70-4028-ab0c-cb078560d712' before making global git config changes
job-core	Post Checkout repository	2025-05-08T08:51:55.1494771Z Adding repository directory to the temporary git global config as a safe directory
job-core	Post Checkout repository	2025-05-08T08:51:55.1498510Z [command]/usr/bin/git config --global --add safe.directory /actions-runner/_work/ka0s/ka0s
job-core	Post Checkout repository	2025-05-08T08:51:55.1529469Z [command]/usr/bin/git config --local --name-only --get-regexp core\.sshCommand
job-core	Post Checkout repository	2025-05-08T08:51:55.1554322Z [command]/usr/bin/git submodule foreach --recursive sh -c "git config --local --name-only --get-regexp 'core\.sshCommand' && git config --local --unset-all 'core.sshCommand' || :"
job-core	Post Checkout repository	2025-05-08T08:51:55.1781418Z [command]/usr/bin/git config --local --name-only --get-regexp http\.https\:\/\/github\.com\/\.extraheader
job-core	Post Checkout repository	2025-05-08T08:51:55.1802917Z http.https://github.com/.extraheader
job-core	Post Checkout repository	2025-05-08T08:51:55.1812784Z [command]/usr/bin/git config --local --unset-all http.https://github.com/.extraheader
job-core	Post Checkout repository	2025-05-08T08:51:55.1839474Z [command]/usr/bin/git submodule foreach --recursive sh -c "git config --local --name-only --get-regexp 'http\.https\:\/\/github\.com\/\.extraheader' && git config --local --unset-all 'http.https://github.com/.extraheader' || :"
job-core	Complete job	ï»¿2025-05-08T08:51:55.2154568Z Cleaning up orphan processes
job-data	Set up job	ï»¿2025-05-08T08:52:03.1258211Z Current runner version: '2.323.0'
job-data	Set up job	2025-05-08T08:52:03.1261937Z Runner name: 'ka0s-7'
job-data	Set up job	2025-05-08T08:52:03.1262511Z Machine name: '26a53205c9ac'
job-data	Set up job	2025-05-08T08:52:03.1264082Z ##[group]GITHUB_TOKEN Permissions
job-data	Set up job	2025-05-08T08:52:03.1265677Z Contents: read
job-data	Set up job	2025-05-08T08:52:03.1265982Z Metadata: read
job-data	Set up job	2025-05-08T08:52:03.1266268Z Packages: read
job-data	Set up job	2025-05-08T08:52:03.1266548Z ##[endgroup]
job-data	Set up job	2025-05-08T08:52:03.1267879Z Secret source: Actions
job-data	Set up job	2025-05-08T08:52:03.1268265Z Prepare workflow directory
job-data	Set up job	2025-05-08T08:52:03.1651781Z Prepare all required actions
job-data	Set up job	2025-05-08T08:52:03.1695911Z Getting action download info
job-data	Set up job	2025-05-08T08:52:03.6756234Z Download action repository 'actions/checkout@v3' (SHA:f43a0e5ff2bd294095638e18286ca9a3d1956744)
job-data	Set up job	2025-05-08T08:52:04.4326738Z Complete job name: job-data
job-data	Checkout repository	ï»¿2025-05-08T08:52:04.4605028Z ##[group]Run actions/checkout@v3
job-data	Checkout repository	2025-05-08T08:52:04.4605568Z with:
job-data	Checkout repository	2025-05-08T08:52:04.4605866Z   fetch-depth: 0
job-data	Checkout repository	2025-05-08T08:52:04.4606332Z   token: ***
job-data	Checkout repository	2025-05-08T08:52:04.4606643Z   repository: Ka0s-Klaus/ka0s
job-data	Checkout repository	2025-05-08T08:52:04.4607040Z   ssh-strict: true
job-data	Checkout repository	2025-05-08T08:52:04.4607373Z   persist-credentials: true
job-data	Checkout repository	2025-05-08T08:52:04.4607722Z   clean: true
job-data	Checkout repository	2025-05-08T08:52:04.4608040Z   sparse-checkout-cone-mode: true
job-data	Checkout repository	2025-05-08T08:52:04.4608415Z   fetch-tags: false
job-data	Checkout repository	2025-05-08T08:52:04.4608721Z   lfs: false
job-data	Checkout repository	2025-05-08T08:52:04.4609014Z   submodules: false
job-data	Checkout repository	2025-05-08T08:52:04.4609332Z   set-safe-directory: true
job-data	Checkout repository	2025-05-08T08:52:04.4609757Z env:
job-data	Checkout repository	2025-05-08T08:52:04.4610063Z   KAOS_CODE: 14902556799
job-data	Checkout repository	2025-05-08T08:52:04.4610420Z   KAOS_EVENT_NAME: workflow_dispatch
job-data	Checkout repository	2025-05-08T08:52:04.4610801Z   KAOS_ACTION: 
job-data	Checkout repository	2025-05-08T08:52:04.4629948Z   KAOS_REF: refs/heads/main
job-data	Checkout repository	2025-05-08T08:52:04.4630667Z   KAOS_MODULE: [Ka0S] Deploy Web Structure
job-data	Checkout repository	2025-05-08T08:52:04.4631101Z   KAOS_JSON_WEB: core/config/webs/webs.json
job-data	Checkout repository	2025-05-08T08:52:04.4631546Z   KAOS_JSON_RESUME: core/outputs/webs/
job-data	Checkout repository	2025-05-08T08:52:04.4631963Z   KAOS_JSON_DATA: core/web/data/data.json
job-data	Checkout repository	2025-05-08T08:52:04.4632383Z   KAOS_WEB_STRUCTURE: core/results/webs/
job-data	Checkout repository	2025-05-08T08:52:04.4632790Z   KAOS_ACTOR: AlejandroPB5
job-data	Checkout repository	2025-05-08T08:52:04.4633130Z ##[endgroup]
job-data	Checkout repository	2025-05-08T08:52:04.5226119Z Syncing repository: Ka0s-Klaus/ka0s
job-data	Checkout repository	2025-05-08T08:52:04.5227492Z ##[group]Getting Git version info
job-data	Checkout repository	2025-05-08T08:52:04.5227977Z Working directory is '/actions-runner/_work/ka0s/ka0s'
job-data	Checkout repository	2025-05-08T08:52:04.5228765Z [command]/usr/bin/git version
job-data	Checkout repository	2025-05-08T08:52:04.5229141Z git version 2.43.0
job-data	Checkout repository	2025-05-08T08:52:04.5230252Z ##[endgroup]
job-data	Checkout repository	2025-05-08T08:52:04.5233929Z Copying '/home/kaos/.gitconfig' to '/actions-runner/_work/_temp/c9a36d15-5758-4777-b341-84ebf26e0cc0/.gitconfig'
job-data	Checkout repository	2025-05-08T08:52:04.5235547Z Temporarily overriding HOME='/actions-runner/_work/_temp/c9a36d15-5758-4777-b341-84ebf26e0cc0' before making global git config changes
job-data	Checkout repository	2025-05-08T08:52:04.5236581Z Adding repository directory to the temporary git global config as a safe directory
job-data	Checkout repository	2025-05-08T08:52:04.5237392Z [command]/usr/bin/git config --global --add safe.directory /actions-runner/_work/ka0s/ka0s
job-data	Checkout repository	2025-05-08T08:52:04.5247149Z [command]/usr/bin/git config --local --get remote.origin.url
job-data	Checkout repository	2025-05-08T08:52:04.5263191Z https://github.com/Ka0s-Klaus/ka0s
job-data	Checkout repository	2025-05-08T08:52:04.5282434Z ##[group]Removing previously created refs, to avoid conflicts
job-data	Checkout repository	2025-05-08T08:52:04.5285876Z [command]/usr/bin/git rev-parse --symbolic-full-name --verify --quiet HEAD
job-data	Checkout repository	2025-05-08T08:52:04.5302641Z refs/heads/main
job-data	Checkout repository	2025-05-08T08:52:04.5310732Z [command]/usr/bin/git checkout --detach
job-data	Checkout repository	2025-05-08T08:52:04.5406902Z HEAD is now at 954e65d2 [Ka0S] Inspector uploading resume execution files to the repository...
job-data	Checkout repository	2025-05-08T08:52:04.5437952Z [command]/usr/bin/git branch --delete --force main
job-data	Checkout repository	2025-05-08T08:52:04.5469244Z Deleted branch main (was 954e65d2).
job-data	Checkout repository	2025-05-08T08:52:04.5522414Z ##[endgroup]
job-data	Checkout repository	2025-05-08T08:52:04.5523131Z [command]/usr/bin/git submodule status
job-data	Checkout repository	2025-05-08T08:52:04.5750240Z ##[group]Cleaning the repository
job-data	Checkout repository	2025-05-08T08:52:04.5751190Z [command]/usr/bin/git clean -ffdx
job-data	Checkout repository	2025-05-08T08:52:04.5809156Z [command]/usr/bin/git reset --hard HEAD
job-data	Checkout repository	2025-05-08T08:52:04.5936315Z HEAD is now at 954e65d2 [Ka0S] Inspector uploading resume execution files to the repository...
job-data	Checkout repository	2025-05-08T08:52:04.5939430Z ##[endgroup]
job-data	Checkout repository	2025-05-08T08:52:04.5940607Z ##[group]Disabling automatic garbage collection
job-data	Checkout repository	2025-05-08T08:52:04.5941575Z [command]/usr/bin/git config --local gc.auto 0
job-data	Checkout repository	2025-05-08T08:52:04.5967086Z ##[endgroup]
job-data	Checkout repository	2025-05-08T08:52:04.5968210Z ##[group]Setting up auth
job-data	Checkout repository	2025-05-08T08:52:04.5969305Z [command]/usr/bin/git config --local --name-only --get-regexp core\.sshCommand
job-data	Checkout repository	2025-05-08T08:52:04.5991460Z [command]/usr/bin/git submodule foreach --recursive sh -c "git config --local --name-only --get-regexp 'core\.sshCommand' && git config --local --unset-all 'core.sshCommand' || :"
job-data	Checkout repository	2025-05-08T08:52:04.6216439Z [command]/usr/bin/git config --local --name-only --get-regexp http\.https\:\/\/github\.com\/\.extraheader
job-data	Checkout repository	2025-05-08T08:52:04.6237768Z [command]/usr/bin/git submodule foreach --recursive sh -c "git config --local --name-only --get-regexp 'http\.https\:\/\/github\.com\/\.extraheader' && git config --local --unset-all 'http.https://github.com/.extraheader' || :"
job-data	Checkout repository	2025-05-08T08:52:04.6458879Z [command]/usr/bin/git config --local http.https://github.com/.extraheader AUTHORIZATION: basic ***
job-data	Checkout repository	2025-05-08T08:52:04.6502661Z ##[endgroup]
job-data	Checkout repository	2025-05-08T08:52:04.6503615Z ##[group]Fetching the repository
job-data	Checkout repository	2025-05-08T08:52:04.6508339Z [command]/usr/bin/git -c protocol.version=2 fetch --prune --progress --no-recurse-submodules origin +refs/heads/*:refs/remotes/origin/* +refs/tags/*:refs/tags/*
job-data	Checkout repository	2025-05-08T08:52:05.2298599Z [command]/usr/bin/git branch --list --remote origin/main
job-data	Checkout repository	2025-05-08T08:52:05.2320594Z   origin/main
job-data	Checkout repository	2025-05-08T08:52:05.2323840Z [command]/usr/bin/git rev-parse refs/remotes/origin/main
job-data	Checkout repository	2025-05-08T08:52:05.2340609Z 954e65d2868d4639b307e9c145e5c97882282a05
job-data	Checkout repository	2025-05-08T08:52:05.2345676Z ##[endgroup]
job-data	Checkout repository	2025-05-08T08:52:05.2347319Z ##[group]Determining the checkout info
job-data	Checkout repository	2025-05-08T08:52:05.2349090Z ##[endgroup]
job-data	Checkout repository	2025-05-08T08:52:05.2350692Z ##[group]Checking out the ref
job-data	Checkout repository	2025-05-08T08:52:05.2352328Z [command]/usr/bin/git checkout --progress --force -B main refs/remotes/origin/main
job-data	Checkout repository	2025-05-08T08:52:05.2524834Z Switched to a new branch 'main'
job-data	Checkout repository	2025-05-08T08:52:05.2526291Z branch 'main' set up to track 'origin/main'.
job-data	Checkout repository	2025-05-08T08:52:05.2530345Z ##[endgroup]
job-data	Checkout repository	2025-05-08T08:52:05.2562282Z [command]/usr/bin/git log -1 --format='%H'
job-data	Checkout repository	2025-05-08T08:52:05.2588752Z '954e65d2868d4639b307e9c145e5c97882282a05'
job-data	Copy data files to web structure	ï»¿2025-05-08T08:52:05.2762745Z ##[group]Run echo "Reading data.json file..."
job-data	Copy data files to web structure	2025-05-08T08:52:05.2764199Z [36;1mecho "Reading data.json file..."[0m
job-data	Copy data files to web structure	2025-05-08T08:52:05.2765663Z [36;1mDATA_FILE="core/web/data/data.json"[0m
job-data	Copy data files to web structure	2025-05-08T08:52:05.2766846Z [36;1mecho "Data file: $DATA_FILE"[0m
job-data	Copy data files to web structure	2025-05-08T08:52:05.2767749Z [36;1m[0m
job-data	Copy data files to web structure	2025-05-08T08:52:05.2768653Z [36;1m# Extract title for main folder name from structure file[0m
job-data	Copy data files to web structure	2025-05-08T08:52:05.2769975Z [36;1mSTRUCTURE_FILE="core/config/webs/webs.json"[0m
job-data	Copy data files to web structure	2025-05-08T08:52:05.2771123Z [36;1mTITLE=$(jq -r '.title' $STRUCTURE_FILE)[0m
job-data	Copy data files to web structure	2025-05-08T08:52:05.2772180Z [36;1mif [ -z "$TITLE" ]; then[0m
job-data	Copy data files to web structure	2025-05-08T08:52:05.2773064Z [36;1m  TITLE="dashboard"[0m
job-data	Copy data files to web structure	2025-05-08T08:52:05.2774345Z [36;1m  echo "Title not found in JSON file, using default: $TITLE"[0m
job-data	Copy data files to web structure	2025-05-08T08:52:05.2775981Z [36;1melse[0m
job-data	Copy data files to web structure	2025-05-08T08:52:05.2776858Z [36;1m  echo "Main folder is named: $TITLE"[0m
job-data	Copy data files to web structure	2025-05-08T08:52:05.2777812Z [36;1mfi[0m
job-data	Copy data files to web structure	2025-05-08T08:52:05.2778453Z [36;1m[0m
job-data	Copy data files to web structure	2025-05-08T08:52:05.2779258Z [36;1m# Create data directory if it doesn't exist[0m
job-data	Copy data files to web structure	2025-05-08T08:52:05.2780385Z [36;1mmkdir -p "core/results/webs/$TITLE/data"[0m
job-data	Copy data files to web structure	2025-05-08T08:52:05.2781368Z [36;1m[0m
job-data	Copy data files to web structure	2025-05-08T08:52:05.2782179Z [36;1m# Copiar el archivo webs.json a la estructura[0m
job-data	Copy data files to web structure	2025-05-08T08:52:05.2783513Z [36;1mcp $STRUCTURE_FILE "core/results/webs/$TITLE/data/webs.json"[0m
job-data	Copy data files to web structure	2025-05-08T08:52:05.2785116Z [36;1mecho "Copied webs.json to data directory"[0m
job-data	Copy data files to web structure	2025-05-08T08:52:05.2786440Z [36;1m[0m
job-data	Copy data files to web structure	2025-05-08T08:52:05.2787420Z [36;1m# Copiar todos los archivos JSON de core/web/data a la estructura[0m
job-data	Copy data files to web structure	2025-05-08T08:52:05.2789111Z [36;1mecho "Copying all JSON files from core/web/data directory..."[0m
job-data	Copy data files to web structure	2025-05-08T08:52:05.2790677Z [36;1mfind core/web/data -name "*.json" -type f | while read -r json_file; do[0m
job-data	Copy data files to web structure	2025-05-08T08:52:05.2792019Z [36;1m  # Obtener el nombre del archivo[0m
job-data	Copy data files to web structure	2025-05-08T08:52:05.2793025Z [36;1m  JSON_FILENAME=$(basename "$json_file")[0m
job-data	Copy data files to web structure	2025-05-08T08:52:05.2794735Z [36;1m  echo "Copying JSON file: $json_file to data directory"[0m
job-data	Copy data files to web structure	2025-05-08T08:52:05.2796561Z [36;1m  cp "$json_file" "core/results/webs/$TITLE/data/$JSON_FILENAME"[0m
job-data	Copy data files to web structure	2025-05-08T08:52:05.2797721Z [36;1mdone[0m
job-data	Copy data files to web structure	2025-05-08T08:52:05.2798687Z [36;1mecho "All JSON files from core/web/data copied successfully!"[0m
job-data	Copy data files to web structure	2025-05-08T08:52:05.2799864Z [36;1m[0m
job-data	Copy data files to web structure	2025-05-08T08:52:05.2800557Z [36;1m# Read data.json and copy files[0m
job-data	Copy data files to web structure	2025-05-08T08:52:05.2801510Z [36;1mif [ -f "$DATA_FILE" ]; then[0m
job-data	Copy data files to web structure	2025-05-08T08:52:05.2802555Z [36;1m  echo "Processing data files from data.json..."[0m
job-data	Copy data files to web structure	2025-05-08T08:52:05.2803725Z [36;1m  [0m
job-data	Copy data files to web structure	2025-05-08T08:52:05.2804624Z [36;1m  # Extract source and destination paths[0m
job-data	Copy data files to web structure	2025-05-08T08:52:05.2806118Z [36;1m  jq -c '.dataFiles[]' "$DATA_FILE" | while read -r file; do[0m
job-data	Copy data files to web structure	2025-05-08T08:52:05.2807348Z [36;1m    SOURCE=$(echo $file | jq -r '.source')[0m
job-data	Copy data files to web structure	2025-05-08T08:52:05.2808451Z [36;1m    DEST=$(echo $file | jq -r '.destination')[0m
job-data	Copy data files to web structure	2025-05-08T08:52:05.2809479Z [36;1m    echo "Source: $SOURCE"[0m
job-data	Copy data files to web structure	2025-05-08T08:52:05.2810380Z [36;1m    echo "Destination: $DEST"[0m
job-data	Copy data files to web structure	2025-05-08T08:52:05.2811241Z [36;1m[0m
job-data	Copy data files to web structure	2025-05-08T08:52:05.2811945Z [36;1m    # Ensure destination directory exists[0m
job-data	Copy data files to web structure	2025-05-08T08:52:05.2813087Z [36;1m    DEST_DIR=$(dirname "core/results/webs/$TITLE/$DEST")[0m
job-data	Copy data files to web structure	2025-05-08T08:52:05.2814562Z [36;1m    mkdir -p "$DEST_DIR"[0m
job-data	Copy data files to web structure	2025-05-08T08:52:05.2815754Z [36;1m    echo "Destination directory: $DEST_DIR"[0m
job-data	Copy data files to web structure	2025-05-08T08:52:05.2816730Z [36;1m    [0m
job-data	Copy data files to web structure	2025-05-08T08:52:05.2817373Z [36;1m    # Copy the file[0m
job-data	Copy data files to web structure	2025-05-08T08:52:05.2818153Z [36;1m    if [ -f "$SOURCE" ]; then[0m
job-data	Copy data files to web structure	2025-05-08T08:52:05.2819233Z [36;1m      echo "Copying $SOURCE to core/results/webs/$TITLE/$DEST"[0m
job-data	Copy data files to web structure	2025-05-08T08:52:05.2820454Z [36;1m      cp "$SOURCE" "core/results/webs/$TITLE/$DEST"[0m
job-data	Copy data files to web structure	2025-05-08T08:52:05.2821412Z [36;1m    else[0m
job-data	Copy data files to web structure	2025-05-08T08:52:05.2822190Z [36;1m      echo "Warning: Source file $SOURCE not found"[0m
job-data	Copy data files to web structure	2025-05-08T08:52:05.2823307Z [36;1m    fi[0m
job-data	Copy data files to web structure	2025-05-08T08:52:05.2824367Z [36;1m  done[0m
job-data	Copy data files to web structure	2025-05-08T08:52:05.2825208Z [36;1m  [0m
job-data	Copy data files to web structure	2025-05-08T08:52:05.2826054Z [36;1m  echo "Data files copied successfully!"[0m
job-data	Copy data files to web structure	2025-05-08T08:52:05.2826959Z [36;1melse[0m
job-data	Copy data files to web structure	2025-05-08T08:52:05.2827792Z [36;1m  echo "Warning: data.json file not found at $DATA_FILE"[0m
job-data	Copy data files to web structure	2025-05-08T08:52:05.2828839Z [36;1mfi[0m
job-data	Copy data files to web structure	2025-05-08T08:52:05.2829418Z [36;1m[0m
job-data	Copy data files to web structure	2025-05-08T08:52:05.2830167Z [36;1m# Copiar los archivos JSON de datos de secciÃ³n[0m
job-data	Copy data files to web structure	2025-05-08T08:52:05.2831228Z [36;1mecho "Copying section data files..."[0m
job-data	Copy data files to web structure	2025-05-08T08:52:05.2832872Z [36;1mjq -r 'to_entries | .[] | select(.key | startswith("section")) | .value.data' $STRUCTURE_FILE | while read data_path; do[0m
job-data	Copy data files to web structure	2025-05-08T08:52:05.2835187Z [36;1m  if [ ! -z "$data_path" ] && [ -f "$data_path" ]; then[0m
job-data	Copy data files to web structure	2025-05-08T08:52:05.2836569Z [36;1m    # Obtener el nombre del archivo[0m
job-data	Copy data files to web structure	2025-05-08T08:52:05.2837543Z [36;1m    DATA_FILENAME=$(basename "$data_path")[0m
job-data	Copy data files to web structure	2025-05-08T08:52:05.2838767Z [36;1m    echo "Copying section data file: $data_path to data directory"[0m
job-data	Copy data files to web structure	2025-05-08T08:52:05.2840196Z [36;1m    cp "$data_path" "core/results/webs/$TITLE/data/$DATA_FILENAME"[0m
job-data	Copy data files to web structure	2025-05-08T08:52:05.2841282Z [36;1m  fi[0m
job-data	Copy data files to web structure	2025-05-08T08:52:05.2854735Z [36;1mdone[0m
job-data	Copy data files to web structure	2025-05-08T08:52:05.2855733Z [36;1m[0m
job-data	Copy data files to web structure	2025-05-08T08:52:05.2856546Z [36;1m# Generate a summary of copied files[0m
job-data	Copy data files to web structure	2025-05-08T08:52:05.2857565Z [36;1mecho "Generating data files summary..."[0m
job-data	Copy data files to web structure	2025-05-08T08:52:05.2858764Z [36;1mecho "{" > "core/outputs/webs/$TITLE/data-files-summary.json"[0m
job-data	Copy data files to web structure	2025-05-08T08:52:05.2860466Z [36;1mecho "  \"generated_at\": \"$(date -u +"%Y-%m-%dT%H:%M:%SZ")\"," >> "core/outputs/webs/$TITLE/data-files-summary.json"[0m
job-data	Copy data files to web structure	2025-05-08T08:52:05.2862447Z [36;1mecho "  \"title\": \"$TITLE\"," >> "core/outputs/webs/$TITLE/data-files-summary.json"[0m
job-data	Copy data files to web structure	2025-05-08T08:52:05.2864103Z [36;1mecho "  \"files\": [" >> "core/outputs/webs/$TITLE/data-files-summary.json"[0m
job-data	Copy data files to web structure	2025-05-08T08:52:05.2865621Z [36;1m[0m
job-data	Copy data files to web structure	2025-05-08T08:52:05.2866361Z [36;1m# List all copied files[0m
job-data	Copy data files to web structure	2025-05-08T08:52:05.2867606Z [36;1mfind "core/results/webs/$TITLE/data" -type f | sort | while read -r file; do[0m
job-data	Copy data files to web structure	2025-05-08T08:52:05.2869038Z [36;1m  RELATIVE_PATH="${file#core/results/webs/$TITLE/}"[0m
job-data	Copy data files to web structure	2025-05-08T08:52:05.2870485Z [36;1m  echo "    {\"path\": \"$RELATIVE_PATH\"}," >> "core/outputs/webs/$TITLE/data-files-summary.json"[0m
job-data	Copy data files to web structure	2025-05-08T08:52:05.2871773Z [36;1mdone[0m
job-data	Copy data files to web structure	2025-05-08T08:52:05.2872360Z [36;1m[0m
job-data	Copy data files to web structure	2025-05-08T08:52:05.2873234Z [36;1m# Remove the last comma and close the JSON[0m
job-data	Copy data files to web structure	2025-05-08T08:52:05.2874716Z [36;1msed -i '$ s/,$//' "core/outputs/webs/$TITLE/data-files-summary.json"[0m
job-data	Copy data files to web structure	2025-05-08T08:52:05.2876388Z [36;1mecho "  ]" >> "core/outputs/webs/$TITLE/data-files-summary.json"[0m
job-data	Copy data files to web structure	2025-05-08T08:52:05.2877708Z [36;1mecho "}" >> "core/outputs/webs/$TITLE/data-files-summary.json"[0m
job-data	Copy data files to web structure	2025-05-08T08:52:05.2878758Z [36;1m[0m
job-data	Copy data files to web structure	2025-05-08T08:52:05.2879884Z [36;1mecho "Data files summary generated at core/outputs/webs/$TITLE/data-files-summary.json"[0m
job-data	Copy data files to web structure	2025-05-08T08:52:05.2889750Z shell: /usr/bin/bash -e {0}
job-data	Copy data files to web structure	2025-05-08T08:52:05.2890507Z env:
job-data	Copy data files to web structure	2025-05-08T08:52:05.2891084Z   KAOS_CODE: 14902556799
job-data	Copy data files to web structure	2025-05-08T08:52:05.2891810Z   KAOS_EVENT_NAME: workflow_dispatch
job-data	Copy data files to web structure	2025-05-08T08:52:05.2892602Z   KAOS_ACTION: 
job-data	Copy data files to web structure	2025-05-08T08:52:05.2893233Z   KAOS_REF: refs/heads/main
job-data	Copy data files to web structure	2025-05-08T08:52:05.2894371Z   KAOS_MODULE: [Ka0S] Deploy Web Structure
job-data	Copy data files to web structure	2025-05-08T08:52:05.2895346Z   KAOS_JSON_WEB: core/config/webs/webs.json
job-data	Copy data files to web structure	2025-05-08T08:52:05.2896274Z   KAOS_JSON_RESUME: core/outputs/webs/
job-data	Copy data files to web structure	2025-05-08T08:52:05.2897120Z   KAOS_JSON_DATA: core/web/data/data.json
job-data	Copy data files to web structure	2025-05-08T08:52:05.2897995Z   KAOS_WEB_STRUCTURE: core/results/webs/
job-data	Copy data files to web structure	2025-05-08T08:52:05.2898829Z   KAOS_ACTOR: AlejandroPB5
job-data	Copy data files to web structure	2025-05-08T08:52:05.2899521Z ##[endgroup]
job-data	Copy data files to web structure	2025-05-08T08:52:05.2942976Z Reading data.json file...
job-data	Copy data files to web structure	2025-05-08T08:52:05.2943978Z Data file: core/web/data/data.json
job-data	Copy data files to web structure	2025-05-08T08:52:05.2967476Z Main folder is named: dashboard
job-data	Copy data files to web structure	2025-05-08T08:52:05.2996574Z Copied webs.json to data directory
job-data	Copy data files to web structure	2025-05-08T08:52:05.2998194Z Copying all JSON files from core/web/data directory...
job-data	Copy data files to web structure	2025-05-08T08:52:05.3018924Z Copying JSON file: core/web/data/seccion1.json to data directory
job-data	Copy data files to web structure	2025-05-08T08:52:05.3044297Z Copying JSON file: core/web/data/webs.json to data directory
job-data	Copy data files to web structure	2025-05-08T08:52:05.3069073Z Copying JSON file: core/web/data/data.json to data directory
job-data	Copy data files to web structure	2025-05-08T08:52:05.3088828Z All JSON files from core/web/data copied successfully!
job-data	Copy data files to web structure	2025-05-08T08:52:05.3090698Z Processing data files from data.json...
job-data	Copy data files to web structure	2025-05-08T08:52:05.3174381Z Source: core/outputs/w/kaos-issue.json
job-data	Copy data files to web structure	2025-05-08T08:52:05.3176039Z Destination: data/kaos-issue.json
job-data	Copy data files to web structure	2025-05-08T08:52:05.3194278Z Destination directory: core/results/webs/dashboard/data
job-data	Copy data files to web structure	2025-05-08T08:52:05.3196737Z Copying core/outputs/w/kaos-issue.json to core/results/webs/dashboard/data/kaos-issue.json
job-data	Copy data files to web structure	2025-05-08T08:52:05.3280661Z Source: core/outputs/w/kaos-repository-global-statistics.json
job-data	Copy data files to web structure	2025-05-08T08:52:05.3283108Z Destination: data/kaos-repository-global-statistics.json
job-data	Copy data files to web structure	2025-05-08T08:52:05.3302127Z Destination directory: core/results/webs/dashboard/data
job-data	Copy data files to web structure	2025-05-08T08:52:05.3305146Z Copying core/outputs/w/kaos-repository-global-statistics.json to core/results/webs/dashboard/data/kaos-repository-global-statistics.json
job-data	Copy data files to web structure	2025-05-08T08:52:05.3374029Z Source: core/outputs/w/kaos-repository-statistics.json
job-data	Copy data files to web structure	2025-05-08T08:52:05.3375712Z Destination: data/kaos-repository-statistics.json
job-data	Copy data files to web structure	2025-05-08T08:52:05.3397004Z Destination directory: core/results/webs/dashboard/data
job-data	Copy data files to web structure	2025-05-08T08:52:05.3399240Z Copying core/outputs/w/kaos-repository-statistics.json to core/results/webs/dashboard/data/kaos-repository-statistics.json
job-data	Copy data files to web structure	2025-05-08T08:52:05.3471167Z Source: core/outputs/w/kaos-workflows-available.json
job-data	Copy data files to web structure	2025-05-08T08:52:05.3472509Z Destination: data/kaos-workflows-available.json
job-data	Copy data files to web structure	2025-05-08T08:52:05.3491408Z Destination directory: core/results/webs/dashboard/data
job-data	Copy data files to web structure	2025-05-08T08:52:05.3493553Z Copying core/outputs/w/kaos-workflows-available.json to core/results/webs/dashboard/data/kaos-workflows-available.json
job-data	Copy data files to web structure	2025-05-08T08:52:05.3563166Z Source: core/outputs/w/kaos-workflows-runs.json
job-data	Copy data files to web structure	2025-05-08T08:52:05.3564728Z Destination: data/kaos-workflows-runs.json
job-data	Copy data files to web structure	2025-05-08T08:52:05.3584525Z Destination directory: core/results/webs/dashboard/data
job-data	Copy data files to web structure	2025-05-08T08:52:05.3586774Z Copying core/outputs/w/kaos-workflows-runs.json to core/results/webs/dashboard/data/kaos-workflows-runs.json
job-data	Copy data files to web structure	2025-05-08T08:52:05.3622327Z Data files copied successfully!
job-data	Copy data files to web structure	2025-05-08T08:52:05.3623773Z Copying section data files...
job-data	Copy data files to web structure	2025-05-08T08:52:05.3649943Z jq: error (at core/config/webs/webs.json:39): Cannot index array with string "data"
job-data	Copy data files to web structure	2025-05-08T08:52:05.3651854Z Generating data files summary...
job-data	Copy data files to web structure	2025-05-08T08:52:05.3703065Z Data files summary generated at core/outputs/webs/dashboard/data-files-summary.json
job-data	Upload Files	ï»¿2025-05-08T08:52:05.3751581Z ##[group]Run echo "Uploading data files to the repository..."
job-data	Upload Files	2025-05-08T08:52:05.3752739Z [36;1mecho "Uploading data files to the repository..."[0m
job-data	Upload Files	2025-05-08T08:52:05.3754130Z [36;1mgit config --global user.name "***"[0m
job-data	Upload Files	2025-05-08T08:52:05.3755492Z [36;1mgit config --global user.email "***"[0m
job-data	Upload Files	2025-05-08T08:52:05.3756529Z [36;1mgit pull[0m
job-data	Upload Files	2025-05-08T08:52:05.3757183Z [36;1m# Add the data files and summary[0m
job-data	Upload Files	2025-05-08T08:52:05.3758039Z [36;1mgit add core/results/webs/**/data/*[0m
job-data	Upload Files	2025-05-08T08:52:05.3758873Z [36;1mgit add core/outputs/webs/*[0m
job-data	Upload Files	2025-05-08T08:52:05.3759697Z [36;1m# Verify if there are changes to commit[0m
job-data	Upload Files	2025-05-08T08:52:05.3760588Z [36;1mif git diff --staged --quiet; then[0m
job-data	Upload Files	2025-05-08T08:52:05.3761463Z [36;1m  echo "No hay cambios para hacer commit"[0m
job-data	Upload Files	2025-05-08T08:52:05.3762304Z [36;1melse[0m
job-data	Upload Files	2025-05-08T08:52:05.3763132Z [36;1m  git commit -m "[Ka0S] Uploading data files to web structure..."[0m
job-data	Upload Files	2025-05-08T08:52:05.3764481Z [36;1m  git push origin refs/heads/main[0m
job-data	Upload Files	2025-05-08T08:52:05.3765686Z [36;1mfi[0m
job-data	Upload Files	2025-05-08T08:52:05.3770767Z shell: /usr/bin/bash -e {0}
job-data	Upload Files	2025-05-08T08:52:05.3771447Z env:
job-data	Upload Files	2025-05-08T08:52:05.3772012Z   KAOS_CODE: 14902556799
job-data	Upload Files	2025-05-08T08:52:05.3772696Z   KAOS_EVENT_NAME: workflow_dispatch
job-data	Upload Files	2025-05-08T08:52:05.3773854Z   KAOS_ACTION: 
job-data	Upload Files	2025-05-08T08:52:05.3774572Z   KAOS_REF: refs/heads/main
job-data	Upload Files	2025-05-08T08:52:05.3775464Z   KAOS_MODULE: [Ka0S] Deploy Web Structure
job-data	Upload Files	2025-05-08T08:52:05.3776350Z   KAOS_JSON_WEB: core/config/webs/webs.json
job-data	Upload Files	2025-05-08T08:52:05.3777201Z   KAOS_JSON_RESUME: core/outputs/webs/
job-data	Upload Files	2025-05-08T08:52:05.3778024Z   KAOS_JSON_DATA: core/web/data/data.json
job-data	Upload Files	2025-05-08T08:52:05.3778868Z   KAOS_WEB_STRUCTURE: core/results/webs/
job-data	Upload Files	2025-05-08T08:52:05.3779680Z   KAOS_ACTOR: AlejandroPB5
job-data	Upload Files	2025-05-08T08:52:05.3780350Z ##[endgroup]
job-data	Upload Files	2025-05-08T08:52:05.3810049Z Uploading data files to the repository...
job-data	Upload Files	2025-05-08T08:52:10.9936780Z Already up to date.
job-data	Upload Files	2025-05-08T08:52:11.0370339Z [main 02a0a9b8] [Ka0S] Uploading data files to web structure...
job-data	Upload Files	2025-05-08T08:52:11.0370828Z  1 file changed, 1 insertion(+), 1 deletion(-)
job-data	Upload Files	2025-05-08T08:52:11.7672908Z To https://github.com/Ka0s-Klaus/ka0s
job-data	Upload Files	2025-05-08T08:52:11.7674210Z    954e65d2..02a0a9b8  main -> main
job-data	Post Checkout repository	ï»¿2025-05-08T08:52:11.7769781Z Post job cleanup.
job-data	Post Checkout repository	2025-05-08T08:52:11.8254212Z [command]/usr/bin/git version
job-data	Post Checkout repository	2025-05-08T08:52:11.8279712Z git version 2.43.0
job-data	Post Checkout repository	2025-05-08T08:52:11.8305209Z Copying '/home/kaos/.gitconfig' to '/actions-runner/_work/_temp/fb1c6abe-5966-4e84-ab9d-d86c69f66a93/.gitconfig'
job-data	Post Checkout repository	2025-05-08T08:52:11.8317275Z Temporarily overriding HOME='/actions-runner/_work/_temp/fb1c6abe-5966-4e84-ab9d-d86c69f66a93' before making global git config changes
job-data	Post Checkout repository	2025-05-08T08:52:11.8318041Z Adding repository directory to the temporary git global config as a safe directory
job-data	Post Checkout repository	2025-05-08T08:52:11.8318849Z [command]/usr/bin/git config --global --add safe.directory /actions-runner/_work/ka0s/ka0s
job-data	Post Checkout repository	2025-05-08T08:52:11.8343622Z [command]/usr/bin/git config --local --name-only --get-regexp core\.sshCommand
job-data	Post Checkout repository	2025-05-08T08:52:11.8363977Z [command]/usr/bin/git submodule foreach --recursive sh -c "git config --local --name-only --get-regexp 'core\.sshCommand' && git config --local --unset-all 'core.sshCommand' || :"
job-data	Post Checkout repository	2025-05-08T08:52:11.8591551Z [command]/usr/bin/git config --local --name-only --get-regexp http\.https\:\/\/github\.com\/\.extraheader
job-data	Post Checkout repository	2025-05-08T08:52:11.8610626Z http.https://github.com/.extraheader
job-data	Post Checkout repository	2025-05-08T08:52:11.8617208Z [command]/usr/bin/git config --local --unset-all http.https://github.com/.extraheader
job-data	Post Checkout repository	2025-05-08T08:52:11.8639476Z [command]/usr/bin/git submodule foreach --recursive sh -c "git config --local --name-only --get-regexp 'http\.https\:\/\/github\.com\/\.extraheader' && git config --local --unset-all 'http.https://github.com/.extraheader' || :"
job-data	Complete job	ï»¿2025-05-08T08:52:11.8952516Z Cleaning up orphan processes
job-design	Set up job	ï»¿2025-05-08T08:52:17.5523317Z Current runner version: '2.323.0'
job-design	Set up job	2025-05-08T08:52:17.5527166Z Runner name: 'ka0s-8'
job-design	Set up job	2025-05-08T08:52:17.5527729Z Machine name: '26a53205c9ac'
job-design	Set up job	2025-05-08T08:52:17.5529115Z ##[group]GITHUB_TOKEN Permissions
job-design	Set up job	2025-05-08T08:52:17.5530526Z Contents: read
job-design	Set up job	2025-05-08T08:52:17.5530830Z Metadata: read
job-design	Set up job	2025-05-08T08:52:17.5531115Z Packages: read
job-design	Set up job	2025-05-08T08:52:17.5531398Z ##[endgroup]
job-design	Set up job	2025-05-08T08:52:17.5532601Z Secret source: Actions
job-design	Set up job	2025-05-08T08:52:17.5532985Z Prepare workflow directory
job-design	Set up job	2025-05-08T08:52:17.5916549Z Prepare all required actions
job-design	Set up job	2025-05-08T08:52:17.5943426Z Getting action download info
job-design	Set up job	2025-05-08T08:52:18.0481894Z Download action repository 'actions/checkout@v3' (SHA:f43a0e5ff2bd294095638e18286ca9a3d1956744)
job-design	Set up job	2025-05-08T08:52:18.7341953Z Complete job name: job-design
job-design	Checkout repository	ï»¿2025-05-08T08:52:18.7606423Z ##[group]Run actions/checkout@v3
job-design	Checkout repository	2025-05-08T08:52:18.7606916Z with:
job-design	Checkout repository	2025-05-08T08:52:18.7607176Z   fetch-depth: 0
job-design	Checkout repository	2025-05-08T08:52:18.7626776Z   token: ***
job-design	Checkout repository	2025-05-08T08:52:18.7627087Z   repository: Ka0s-Klaus/ka0s
job-design	Checkout repository	2025-05-08T08:52:18.7627443Z   ssh-strict: true
job-design	Checkout repository	2025-05-08T08:52:18.7627723Z   persist-credentials: true
job-design	Checkout repository	2025-05-08T08:52:18.7628026Z   clean: true
job-design	Checkout repository	2025-05-08T08:52:18.7628301Z   sparse-checkout-cone-mode: true
job-design	Checkout repository	2025-05-08T08:52:18.7628625Z   fetch-tags: false
job-design	Checkout repository	2025-05-08T08:52:18.7628885Z   lfs: false
job-design	Checkout repository	2025-05-08T08:52:18.7629137Z   submodules: false
job-design	Checkout repository	2025-05-08T08:52:18.7629407Z   set-safe-directory: true
job-design	Checkout repository	2025-05-08T08:52:18.7630005Z env:
job-design	Checkout repository	2025-05-08T08:52:18.7630248Z   KAOS_CODE: 14902556799
job-design	Checkout repository	2025-05-08T08:52:18.7630550Z   KAOS_EVENT_NAME: workflow_dispatch
job-design	Checkout repository	2025-05-08T08:52:18.7630876Z   KAOS_ACTION: 
job-design	Checkout repository	2025-05-08T08:52:18.7631141Z   KAOS_REF: refs/heads/main
job-design	Checkout repository	2025-05-08T08:52:18.7631454Z   KAOS_MODULE: [Ka0S] Deploy Web Structure
job-design	Checkout repository	2025-05-08T08:52:18.7631820Z   KAOS_JSON_WEB: core/config/webs/webs.json
job-design	Checkout repository	2025-05-08T08:52:18.7632191Z   KAOS_JSON_RESUME: core/outputs/webs/
job-design	Checkout repository	2025-05-08T08:52:18.7632536Z   KAOS_JSON_DATA: core/web/data/data.json
job-design	Checkout repository	2025-05-08T08:52:18.7632892Z   KAOS_WEB_STRUCTURE: core/results/webs/
job-design	Checkout repository	2025-05-08T08:52:18.7633236Z   KAOS_ACTOR: AlejandroPB5
job-design	Checkout repository	2025-05-08T08:52:18.7633526Z ##[endgroup]
job-design	Checkout repository	2025-05-08T08:52:18.8194780Z Syncing repository: Ka0s-Klaus/ka0s
job-design	Checkout repository	2025-05-08T08:52:18.8196375Z ##[group]Getting Git version info
job-design	Checkout repository	2025-05-08T08:52:18.8196964Z Working directory is '/actions-runner/_work/ka0s/ka0s'
job-design	Checkout repository	2025-05-08T08:52:18.8197734Z [command]/usr/bin/git version
job-design	Checkout repository	2025-05-08T08:52:18.8198152Z git version 2.43.0
job-design	Checkout repository	2025-05-08T08:52:18.8212666Z ##[endgroup]
job-design	Checkout repository	2025-05-08T08:52:18.8222288Z Copying '/home/kaos/.gitconfig' to '/actions-runner/_work/_temp/a9e3ab54-8e38-40ae-a19d-b74cb2a39899/.gitconfig'
job-design	Checkout repository	2025-05-08T08:52:18.8235472Z Temporarily overriding HOME='/actions-runner/_work/_temp/a9e3ab54-8e38-40ae-a19d-b74cb2a39899' before making global git config changes
job-design	Checkout repository	2025-05-08T08:52:18.8236632Z Adding repository directory to the temporary git global config as a safe directory
job-design	Checkout repository	2025-05-08T08:52:18.8237561Z [command]/usr/bin/git config --global --add safe.directory /actions-runner/_work/ka0s/ka0s
job-design	Checkout repository	2025-05-08T08:52:18.8265872Z [command]/usr/bin/git config --local --get remote.origin.url
job-design	Checkout repository	2025-05-08T08:52:18.8281108Z https://github.com/Ka0s-Klaus/ka0s
job-design	Checkout repository	2025-05-08T08:52:18.8297316Z ##[group]Removing previously created refs, to avoid conflicts
job-design	Checkout repository	2025-05-08T08:52:18.8298497Z [command]/usr/bin/git rev-parse --symbolic-full-name --verify --quiet HEAD
job-design	Checkout repository	2025-05-08T08:52:18.8315437Z refs/heads/main
job-design	Checkout repository	2025-05-08T08:52:18.8321916Z [command]/usr/bin/git checkout --detach
job-design	Checkout repository	2025-05-08T08:52:18.8427089Z HEAD is now at 5acd58ed [Ka0S] Uploading dashboard files to web structure...
job-design	Checkout repository	2025-05-08T08:52:18.8460077Z [command]/usr/bin/git branch --delete --force main
job-design	Checkout repository	2025-05-08T08:52:18.8488752Z Deleted branch main (was 5acd58ed).
job-design	Checkout repository	2025-05-08T08:52:18.8539867Z ##[endgroup]
job-design	Checkout repository	2025-05-08T08:52:18.8540555Z [command]/usr/bin/git submodule status
job-design	Checkout repository	2025-05-08T08:52:18.8770589Z ##[group]Cleaning the repository
job-design	Checkout repository	2025-05-08T08:52:18.8771419Z [command]/usr/bin/git clean -ffdx
job-design	Checkout repository	2025-05-08T08:52:18.8819954Z Removing core/results/webs/dashboard/14900960677-ftp-deploy-sync-state.json
job-design	Checkout repository	2025-05-08T08:52:18.8827434Z [command]/usr/bin/git reset --hard HEAD
job-design	Checkout repository	2025-05-08T08:52:18.8947970Z HEAD is now at 5acd58ed [Ka0S] Uploading dashboard files to web structure...
job-design	Checkout repository	2025-05-08T08:52:18.8953417Z ##[endgroup]
job-design	Checkout repository	2025-05-08T08:52:18.8955570Z ##[group]Disabling automatic garbage collection
job-design	Checkout repository	2025-05-08T08:52:18.8958615Z [command]/usr/bin/git config --local gc.auto 0
job-design	Checkout repository	2025-05-08T08:52:18.8982161Z ##[endgroup]
job-design	Checkout repository	2025-05-08T08:52:18.8983003Z ##[group]Setting up auth
job-design	Checkout repository	2025-05-08T08:52:18.8988390Z [command]/usr/bin/git config --local --name-only --get-regexp core\.sshCommand
job-design	Checkout repository	2025-05-08T08:52:18.9015194Z [command]/usr/bin/git submodule foreach --recursive sh -c "git config --local --name-only --get-regexp 'core\.sshCommand' && git config --local --unset-all 'core.sshCommand' || :"
job-design	Checkout repository	2025-05-08T08:52:18.9246749Z [command]/usr/bin/git config --local --name-only --get-regexp http\.https\:\/\/github\.com\/\.extraheader
job-design	Checkout repository	2025-05-08T08:52:18.9269822Z [command]/usr/bin/git submodule foreach --recursive sh -c "git config --local --name-only --get-regexp 'http\.https\:\/\/github\.com\/\.extraheader' && git config --local --unset-all 'http.https://github.com/.extraheader' || :"
job-design	Checkout repository	2025-05-08T08:52:18.9498304Z [command]/usr/bin/git config --local http.https://github.com/.extraheader AUTHORIZATION: basic ***
job-design	Checkout repository	2025-05-08T08:52:18.9537032Z ##[endgroup]
job-design	Checkout repository	2025-05-08T08:52:18.9537713Z ##[group]Fetching the repository
job-design	Checkout repository	2025-05-08T08:52:18.9541115Z [command]/usr/bin/git -c protocol.version=2 fetch --prune --progress --no-recurse-submodules origin +refs/heads/*:refs/remotes/origin/* +refs/tags/*:refs/tags/*
job-design	Checkout repository	2025-05-08T08:52:19.6824959Z remote: Enumerating objects: 43, done.        
job-design	Checkout repository	2025-05-08T08:52:19.6825442Z remote: Counting objects:   2% (1/43)        
job-design	Checkout repository	2025-05-08T08:52:19.6825829Z remote: Counting objects:   4% (2/43)        
job-design	Checkout repository	2025-05-08T08:52:19.6826782Z remote: Counting objects:   6% (3/43)        
job-design	Checkout repository	2025-05-08T08:52:19.6827261Z remote: Counting objects:   9% (4/43)        
job-design	Checkout repository	2025-05-08T08:52:19.6827581Z remote: Counting objects:  11% (5/43)        
job-design	Checkout repository	2025-05-08T08:52:19.6827904Z remote: Counting objects:  13% (6/43)        
job-design	Checkout repository	2025-05-08T08:52:19.6828231Z remote: Counting objects:  16% (7/43)        
job-design	Checkout repository	2025-05-08T08:52:19.6828529Z remote: Counting objects:  18% (8/43)        
job-design	Checkout repository	2025-05-08T08:52:19.6828841Z remote: Counting objects:  20% (9/43)        
job-design	Checkout repository	2025-05-08T08:52:19.6829153Z remote: Counting objects:  23% (10/43)        
job-design	Checkout repository	2025-05-08T08:52:19.6829439Z remote: Counting objects:  25% (11/43)        
job-design	Checkout repository	2025-05-08T08:52:19.6829693Z remote: Counting objects:  27% (12/43)        
job-design	Checkout repository	2025-05-08T08:52:19.6829960Z remote: Counting objects:  30% (13/43)        
job-design	Checkout repository	2025-05-08T08:52:19.6830239Z remote: Counting objects:  32% (14/43)        
job-design	Checkout repository	2025-05-08T08:52:19.6830524Z remote: Counting objects:  34% (15/43)        
job-design	Checkout repository	2025-05-08T08:52:19.6830774Z remote: Counting objects:  37% (16/43)        
job-design	Checkout repository	2025-05-08T08:52:19.6831031Z remote: Counting objects:  39% (17/43)        
job-design	Checkout repository	2025-05-08T08:52:19.6831297Z remote: Counting objects:  41% (18/43)        
job-design	Checkout repository	2025-05-08T08:52:19.6831554Z remote: Counting objects:  44% (19/43)        
job-design	Checkout repository	2025-05-08T08:52:19.6836090Z remote: Counting objects:  46% (20/43)        
job-design	Checkout repository	2025-05-08T08:52:19.6837081Z remote: Counting objects:  48% (21/43)        
job-design	Checkout repository	2025-05-08T08:52:19.6837621Z remote: Counting objects:  51% (22/43)        
job-design	Checkout repository	2025-05-08T08:52:19.6838202Z remote: Counting objects:  53% (23/43)        
job-design	Checkout repository	2025-05-08T08:52:19.6838696Z remote: Counting objects:  55% (24/43)        
job-design	Checkout repository	2025-05-08T08:52:19.6839234Z remote: Counting objects:  58% (25/43)        
job-design	Checkout repository	2025-05-08T08:52:19.6839733Z remote: Counting objects:  60% (26/43)        
job-design	Checkout repository	2025-05-08T08:52:19.6840296Z remote: Counting objects:  62% (27/43)        
job-design	Checkout repository	2025-05-08T08:52:19.6840836Z remote: Counting objects:  65% (28/43)        
job-design	Checkout repository	2025-05-08T08:52:19.6841388Z remote: Counting objects:  67% (29/43)        
job-design	Checkout repository	2025-05-08T08:52:19.6841929Z remote: Counting objects:  69% (30/43)        
job-design	Checkout repository	2025-05-08T08:52:19.6842425Z remote: Counting objects:  72% (31/43)        
job-design	Checkout repository	2025-05-08T08:52:19.6842918Z remote: Counting objects:  74% (32/43)        
job-design	Checkout repository	2025-05-08T08:52:19.6844100Z remote: Counting objects:  76% (33/43)        
job-design	Checkout repository	2025-05-08T08:52:19.6844618Z remote: Counting objects:  79% (34/43)        
job-design	Checkout repository	2025-05-08T08:52:19.6845145Z remote: Counting objects:  81% (35/43)        
job-design	Checkout repository	2025-05-08T08:52:19.6845672Z remote: Counting objects:  83% (36/43)        
job-design	Checkout repository	2025-05-08T08:52:19.6846193Z remote: Counting objects:  86% (37/43)        
job-design	Checkout repository	2025-05-08T08:52:19.6846670Z remote: Counting objects:  88% (38/43)        
job-design	Checkout repository	2025-05-08T08:52:19.6847144Z remote: Counting objects:  90% (39/43)        
job-design	Checkout repository	2025-05-08T08:52:19.6847620Z remote: Counting objects:  93% (40/43)        
job-design	Checkout repository	2025-05-08T08:52:19.6848095Z remote: Counting objects:  95% (41/43)        
job-design	Checkout repository	2025-05-08T08:52:19.6848563Z remote: Counting objects:  97% (42/43)        
job-design	Checkout repository	2025-05-08T08:52:19.6849047Z remote: Counting objects: 100% (43/43)        
job-design	Checkout repository	2025-05-08T08:52:19.6849737Z remote: Counting objects: 100% (43/43), done.        
job-design	Checkout repository	2025-05-08T08:52:19.6850258Z remote: Compressing objects:   5% (1/20)        
job-design	Checkout repository	2025-05-08T08:52:19.6850773Z remote: Compressing objects:  10% (2/20)        
job-design	Checkout repository	2025-05-08T08:52:19.6851273Z remote: Compressing objects:  15% (3/20)        
job-design	Checkout repository	2025-05-08T08:52:19.6851757Z remote: Compressing objects:  20% (4/20)        
job-design	Checkout repository	2025-05-08T08:52:19.6852258Z remote: Compressing objects:  25% (5/20)        
job-design	Checkout repository	2025-05-08T08:52:19.6852769Z remote: Compressing objects:  30% (6/20)        
job-design	Checkout repository	2025-05-08T08:52:19.6853281Z remote: Compressing objects:  35% (7/20)        
job-design	Checkout repository	2025-05-08T08:52:19.6853825Z remote: Compressing objects:  40% (8/20)        
job-design	Checkout repository	2025-05-08T08:52:19.6854337Z remote: Compressing objects:  45% (9/20)        
job-design	Checkout repository	2025-05-08T08:52:19.6854879Z remote: Compressing objects:  50% (10/20)        
job-design	Checkout repository	2025-05-08T08:52:19.6855427Z remote: Compressing objects:  55% (11/20)        
job-design	Checkout repository	2025-05-08T08:52:19.6855988Z remote: Compressing objects:  60% (12/20)        
job-design	Checkout repository	2025-05-08T08:52:19.6856527Z remote: Compressing objects:  65% (13/20)        
job-design	Checkout repository	2025-05-08T08:52:19.6857028Z remote: Compressing objects:  70% (14/20)        
job-design	Checkout repository	2025-05-08T08:52:19.6857549Z remote: Compressing objects:  75% (15/20)        
job-design	Checkout repository	2025-05-08T08:52:19.6858061Z remote: Compressing objects:  80% (16/20)        
job-design	Checkout repository	2025-05-08T08:52:19.6858561Z remote: Compressing objects:  85% (17/20)        
job-design	Checkout repository	2025-05-08T08:52:19.6859071Z remote: Compressing objects:  90% (18/20)        
job-design	Checkout repository	2025-05-08T08:52:19.6859577Z remote: Compressing objects:  95% (19/20)        
job-design	Checkout repository	2025-05-08T08:52:19.6860080Z remote: Compressing objects: 100% (20/20)        
job-design	Checkout repository	2025-05-08T08:52:19.6860739Z remote: Compressing objects: 100% (20/20), done.        
job-design	Checkout repository	2025-05-08T08:52:19.7141344Z remote: Total 33 (delta 21), reused 24 (delta 12), pack-reused 0 (from 0)        
job-design	Checkout repository	2025-05-08T08:52:19.7327241Z From https://github.com/Ka0s-Klaus/ka0s
job-design	Checkout repository	2025-05-08T08:52:19.7328154Z    5acd58ed..02a0a9b8  main       -> origin/main
job-design	Checkout repository	2025-05-08T08:52:19.7372936Z [command]/usr/bin/git branch --list --remote origin/main
job-design	Checkout repository	2025-05-08T08:52:19.7399959Z   origin/main
job-design	Checkout repository	2025-05-08T08:52:19.7407280Z [command]/usr/bin/git rev-parse refs/remotes/origin/main
job-design	Checkout repository	2025-05-08T08:52:19.7427280Z 02a0a9b8714dc95249c104348fc0d62a65eda443
job-design	Checkout repository	2025-05-08T08:52:19.7436833Z [command]/usr/bin/git -c protocol.version=2 fetch --no-tags --prune --progress --no-recurse-submodules origin +954e65d2868d4639b307e9c145e5c97882282a05:refs/remotes/origin/main
job-design	Checkout repository	2025-05-08T08:52:19.7537277Z From https://github.com/Ka0s-Klaus/ka0s
job-design	Checkout repository	2025-05-08T08:52:19.7538107Z  + 02a0a9b8...954e65d2 954e65d2868d4639b307e9c145e5c97882282a05 -> origin/main  (forced update)
job-design	Checkout repository	2025-05-08T08:52:19.7557792Z ##[endgroup]
job-design	Checkout repository	2025-05-08T08:52:19.7558368Z ##[group]Determining the checkout info
job-design	Checkout repository	2025-05-08T08:52:19.7558874Z ##[endgroup]
job-design	Checkout repository	2025-05-08T08:52:19.7559343Z ##[group]Checking out the ref
job-design	Checkout repository	2025-05-08T08:52:19.7559845Z [command]/usr/bin/git checkout --progress --force -B main refs/remotes/origin/main
job-design	Checkout repository	2025-05-08T08:52:19.7726767Z Previous HEAD position was 5acd58ed [Ka0S] Uploading dashboard files to web structure...
job-design	Checkout repository	2025-05-08T08:52:19.7727482Z Switched to a new branch 'main'
job-design	Checkout repository	2025-05-08T08:52:19.7727833Z branch 'main' set up to track 'origin/main'.
job-design	Checkout repository	2025-05-08T08:52:19.7734257Z ##[endgroup]
job-design	Checkout repository	2025-05-08T08:52:19.7761105Z [command]/usr/bin/git log -1 --format='%H'
job-design	Checkout repository	2025-05-08T08:52:19.7784878Z '954e65d2868d4639b307e9c145e5c97882282a05'
job-design	Copiar scripts JS a dashboard/js	ï»¿2025-05-08T08:52:19.7940753Z ##[group]Run mkdir -p core/results/webs/dashboard/js
job-design	Copiar scripts JS a dashboard/js	2025-05-08T08:52:19.7941196Z [36;1mmkdir -p core/results/webs/dashboard/js[0m
job-design	Copiar scripts JS a dashboard/js	2025-05-08T08:52:19.7941573Z [36;1mcp core/web/js/data-list.js core/results/webs/dashboard/js/data-list.js[0m
job-design	Copiar scripts JS a dashboard/js	2025-05-08T08:52:19.7942004Z [36;1mcp core/web/js/graphic.js core/results/webs/dashboard/js/graphic.js[0m
job-design	Copiar scripts JS a dashboard/js	2025-05-08T08:52:19.7942409Z [36;1mcp core/web/js/navbar.js core/results/webs/dashboard/js/navbar.js[0m
job-design	Copiar scripts JS a dashboard/js	2025-05-08T08:52:19.7949700Z shell: /usr/bin/bash -e {0}
job-design	Copiar scripts JS a dashboard/js	2025-05-08T08:52:19.7949950Z env:
job-design	Copiar scripts JS a dashboard/js	2025-05-08T08:52:19.7950140Z   KAOS_CODE: 14902556799
job-design	Copiar scripts JS a dashboard/js	2025-05-08T08:52:19.7950366Z   KAOS_EVENT_NAME: workflow_dispatch
job-design	Copiar scripts JS a dashboard/js	2025-05-08T08:52:19.7950608Z   KAOS_ACTION: 
job-design	Copiar scripts JS a dashboard/js	2025-05-08T08:52:19.7950805Z   KAOS_REF: refs/heads/main
job-design	Copiar scripts JS a dashboard/js	2025-05-08T08:52:19.7951031Z   KAOS_MODULE: [Ka0S] Deploy Web Structure
job-design	Copiar scripts JS a dashboard/js	2025-05-08T08:52:19.7951304Z   KAOS_JSON_WEB: core/config/webs/webs.json
job-design	Copiar scripts JS a dashboard/js	2025-05-08T08:52:19.7951556Z   KAOS_JSON_RESUME: core/outputs/webs/
job-design	Copiar scripts JS a dashboard/js	2025-05-08T08:52:19.7951801Z   KAOS_JSON_DATA: core/web/data/data.json
job-design	Copiar scripts JS a dashboard/js	2025-05-08T08:52:19.7952081Z   KAOS_WEB_STRUCTURE: core/results/webs/
job-design	Copiar scripts JS a dashboard/js	2025-05-08T08:52:19.7952317Z   KAOS_ACTOR: AlejandroPB5
job-design	Copiar scripts JS a dashboard/js	2025-05-08T08:52:19.7952524Z ##[endgroup]
job-design	Copiar navbar.html a dashboard/templates	ï»¿2025-05-08T08:52:19.8066087Z ##[group]Run mkdir -p core/results/webs/dashboard/templates
job-design	Copiar navbar.html a dashboard/templates	2025-05-08T08:52:19.8067150Z [36;1mmkdir -p core/results/webs/dashboard/templates[0m
job-design	Copiar navbar.html a dashboard/templates	2025-05-08T08:52:19.8067577Z [36;1mcp core/web/templates/navbar.html core/results/webs/dashboard/templates/navbar.html[0m
job-design	Copiar navbar.html a dashboard/templates	2025-05-08T08:52:19.8068000Z [36;1mecho "Generando HTML de secciones segÃºn su JSON..."[0m
job-design	Copiar navbar.html a dashboard/templates	2025-05-08T08:52:19.8068312Z [36;1mSTRUCTURE_FILE="core/config/webs/webs.json"[0m
job-design	Copiar navbar.html a dashboard/templates	2025-05-08T08:52:19.8068589Z [36;1mTITLE=$(jq -r '.title' $STRUCTURE_FILE)[0m
job-design	Copiar navbar.html a dashboard/templates	2025-05-08T08:52:19.8068830Z [36;1m[0m
job-design	Copiar navbar.html a dashboard/templates	2025-05-08T08:52:19.8069064Z [36;1m# Procesar cada secciÃ³n en el archivo webs.json[0m
job-design	Copiar navbar.html a dashboard/templates	2025-05-08T08:52:19.8069617Z [36;1mjq -r 'to_entries | .[] | select(.key | startswith("section")) | [.key, .value.title, .value.data] | @tsv' $STRUCTURE_FILE | while IFS=$'\t' read -r section_key section_title section_data; do[0m
job-design	Copiar navbar.html a dashboard/templates	2025-05-08T08:52:19.8070218Z [36;1m  echo "Procesando secciÃ³n: $section_key - $section_title - $section_data"[0m
job-design	Copiar navbar.html a dashboard/templates	2025-05-08T08:52:19.8070560Z [36;1m  [0m
job-design	Copiar navbar.html a dashboard/templates	2025-05-08T08:52:19.8070783Z [36;1m  if [ ! -z "$section_data" ] && [ -f "$section_data" ]; then[0m
job-design	Copiar navbar.html a dashboard/templates	2025-05-08T08:52:19.8071176Z [36;1m    SECTION_HTML="core/results/webs/${TITLE}/structure/${section_title}/${section_title}.html"[0m
job-design	Copiar navbar.html a dashboard/templates	2025-05-08T08:52:19.8071516Z [36;1m    [0m
job-design	Copiar navbar.html a dashboard/templates	2025-05-08T08:52:19.8071782Z [36;1m    # Extraer tÃ­tulo de la secciÃ³n desde el archivo JSON de datos[0m
job-design	Copiar navbar.html a dashboard/templates	2025-05-08T08:52:19.8072107Z [36;1m    SECTION_TITLE=$(jq -r '.title' "$section_data")[0m
job-design	Copiar navbar.html a dashboard/templates	2025-05-08T08:52:19.8072363Z [36;1m    [0m
job-design	Copiar navbar.html a dashboard/templates	2025-05-08T08:52:19.8072558Z [36;1m    # Leer la plantilla HTML[0m
job-design	Copiar navbar.html a dashboard/templates	2025-05-08T08:52:19.8072855Z [36;1m    TEMPLATE_HTML="core/web/templates/section-template.html"[0m
job-design	Copiar navbar.html a dashboard/templates	2025-05-08T08:52:19.8073357Z [36;1m    if [ -f "$TEMPLATE_HTML" ]; then[0m
job-design	Copiar navbar.html a dashboard/templates	2025-05-08T08:52:19.8073615Z [36;1m      # Copiar la plantilla al destino[0m
job-design	Copiar navbar.html a dashboard/templates	2025-05-08T08:52:19.8074073Z [36;1m      mkdir -p "$(dirname "$SECTION_HTML")"[0m
job-design	Copiar navbar.html a dashboard/templates	2025-05-08T08:52:19.8074397Z [36;1m      cp "$TEMPLATE_HTML" "$SECTION_HTML"[0m
job-design	Copiar navbar.html a dashboard/templates	2025-05-08T08:52:19.8074690Z [36;1m      [0m
job-design	Copiar navbar.html a dashboard/templates	2025-05-08T08:52:19.8074970Z [36;1m      # Reemplazar los placeholders con los valores reales[0m
job-design	Copiar navbar.html a dashboard/templates	2025-05-08T08:52:19.8075394Z [36;1m      sed -i "s/SECTION_TITLE_PLACEHOLDER/$SECTION_TITLE/g" "$SECTION_HTML"[0m
job-design	Copiar navbar.html a dashboard/templates	2025-05-08T08:52:19.8075700Z [36;1m      [0m
job-design	Copiar navbar.html a dashboard/templates	2025-05-08T08:52:19.8075965Z [36;1m      # Comprobar si hay un placeholder para lista de secciÃ³n y procesarlo[0m
job-design	Copiar navbar.html a dashboard/templates	2025-05-08T08:52:19.8076331Z [36;1m      if grep -q "SECTION_LIST_PLACEHOLDER" "$SECTION_HTML"; then[0m
job-design	Copiar navbar.html a dashboard/templates	2025-05-08T08:52:19.8076690Z [36;1m        echo "Encontrado placeholder para lista de secciÃ³n, procesando..."[0m
job-design	Copiar navbar.html a dashboard/templates	2025-05-08T08:52:19.8077176Z [36;1m        # Verificar si el JSON de la secciÃ³n tiene una lista en sus templates[0m
job-design	Copiar navbar.html a dashboard/templates	2025-05-08T08:52:19.8077566Z [36;1m        if jq -e '.templates[] | select(.type == "list")' "$section_data" > /dev/null; then[0m
job-design	Copiar navbar.html a dashboard/templates	2025-05-08T08:52:19.8077917Z [36;1m          # Obtener el primer template de tipo list[0m
job-design	Copiar navbar.html a dashboard/templates	2025-05-08T08:52:19.8078300Z [36;1m          LIST_TEMPLATE_JSON=$(jq -c '.templates[] | select(.type == "list")' "$section_data" | head -1)[0m
job-design	Copiar navbar.html a dashboard/templates	2025-05-08T08:52:19.8078703Z [36;1m          LIST_TITLE=$(echo "$LIST_TEMPLATE_JSON" | jq -r '.title')[0m
job-design	Copiar navbar.html a dashboard/templates	2025-05-08T08:52:19.8079054Z [36;1m          LIST_DATA_SOURCE=$(echo "$LIST_TEMPLATE_JSON" | jq -r '.dataSource')[0m
job-design	Copiar navbar.html a dashboard/templates	2025-05-08T08:52:19.8079351Z [36;1m          [0m
job-design	Copiar navbar.html a dashboard/templates	2025-05-08T08:52:19.8079567Z [36;1m          # Leer la plantilla de lista[0m
job-design	Copiar navbar.html a dashboard/templates	2025-05-08T08:52:19.8079863Z [36;1m          LIST_TEMPLATE=$(cat core/web/templates/data-list.html)[0m
job-design	Copiar navbar.html a dashboard/templates	2025-05-08T08:52:19.8080147Z [36;1m          [0m
job-design	Copiar navbar.html a dashboard/templates	2025-05-08T08:52:19.8080407Z [36;1m          # Crear un archivo temporal con la plantilla de lista modificada[0m
job-design	Copiar navbar.html a dashboard/templates	2025-05-08T08:52:19.8080712Z [36;1m          TEMP_LIST=$(mktemp)[0m
job-design	Copiar navbar.html a dashboard/templates	2025-05-08T08:52:19.8080986Z [36;1m          cat core/web/templates/data-list.html | [0m
job-design	Copiar navbar.html a dashboard/templates	2025-05-08T08:52:19.8081297Z [36;1m            sed "s|{{TEMPLATE_TITLE}}|$LIST_TITLE|g" | [0m
job-design	Copiar navbar.html a dashboard/templates	2025-05-08T08:52:19.8081711Z [36;1m            sed "s|{{DATA_SOURCE}}|$LIST_DATA_SOURCE|g" > "$TEMP_LIST"[0m
job-design	Copiar navbar.html a dashboard/templates	2025-05-08T08:52:19.8082011Z [36;1m          [0m
job-design	Copiar navbar.html a dashboard/templates	2025-05-08T08:52:19.8082280Z [36;1m          # Crear un archivo temporal para el resultado final[0m
job-design	Copiar navbar.html a dashboard/templates	2025-05-08T08:52:19.8082587Z [36;1m          TEMP_RESULT=$(mktemp)[0m
job-design	Copiar navbar.html a dashboard/templates	2025-05-08T08:52:19.8082835Z [36;1m          [0m
job-design	Copiar navbar.html a dashboard/templates	2025-05-08T08:52:19.8083263Z [36;1m          # Usar awk para reemplazar el placeholder con el contenido del archivo temporal[0m
job-design	Copiar navbar.html a dashboard/templates	2025-05-08T08:52:19.8083755Z [36;1m          awk -v placeholder="SECTION_LIST_PLACEHOLDER" -v replacement="$(cat $TEMP_LIST)" '{[0m
job-design	Copiar navbar.html a dashboard/templates	2025-05-08T08:52:19.8084316Z [36;1m            gsub(placeholder, replacement)[0m
job-design	Copiar navbar.html a dashboard/templates	2025-05-08T08:52:19.8084718Z [36;1m            print[0m
job-design	Copiar navbar.html a dashboard/templates	2025-05-08T08:52:19.8085027Z [36;1m          }' "$SECTION_HTML" > "$TEMP_RESULT"[0m
job-design	Copiar navbar.html a dashboard/templates	2025-05-08T08:52:19.8085326Z [36;1m          [0m
job-design	Copiar navbar.html a dashboard/templates	2025-05-08T08:52:19.8085585Z [36;1m          # Mover el resultado al archivo final[0m
job-design	Copiar navbar.html a dashboard/templates	2025-05-08T08:52:19.8085891Z [36;1m          mv "$TEMP_RESULT" "$SECTION_HTML"[0m
job-design	Copiar navbar.html a dashboard/templates	2025-05-08T08:52:19.8086150Z [36;1m          [0m
job-design	Copiar navbar.html a dashboard/templates	2025-05-08T08:52:19.8086387Z [36;1m          # Limpiar archivos temporales[0m
job-design	Copiar navbar.html a dashboard/templates	2025-05-08T08:52:19.8086657Z [36;1m          rm -f "$TEMP_LIST"[0m
job-design	Copiar navbar.html a dashboard/templates	2025-05-08T08:52:19.8086901Z [36;1m          [0m
job-design	Copiar navbar.html a dashboard/templates	2025-05-08T08:52:19.8087153Z [36;1m          echo "AÃ±adido componente de lista a la secciÃ³n"[0m
job-design	Copiar navbar.html a dashboard/templates	2025-05-08T08:52:19.8087441Z [36;1m        else[0m
job-design	Copiar navbar.html a dashboard/templates	2025-05-08T08:52:19.8087751Z [36;1m          echo "La secciÃ³n no tiene una lista definida, eliminando placeholder"[0m
job-design	Copiar navbar.html a dashboard/templates	2025-05-08T08:52:19.8088144Z [36;1m          sed -i "s|SECTION_LIST_PLACEHOLDER||g" "$SECTION_HTML"[0m
job-design	Copiar navbar.html a dashboard/templates	2025-05-08T08:52:19.8088438Z [36;1m        fi[0m
job-design	Copiar navbar.html a dashboard/templates	2025-05-08T08:52:19.8088644Z [36;1m      fi[0m
job-design	Copiar navbar.html a dashboard/templates	2025-05-08T08:52:19.8088867Z [36;1m      [0m
job-design	Copiar navbar.html a dashboard/templates	2025-05-08T08:52:19.8089150Z [36;1m      # Procesar templates y reemplazar el placeholder de templates[0m
job-design	Copiar navbar.html a dashboard/templates	2025-05-08T08:52:19.8089474Z [36;1m      TEMPLATES_HTML=""[0m
job-design	Copiar navbar.html a dashboard/templates	2025-05-08T08:52:19.8089795Z [36;1m      jq -c '.templates[]' "$section_data" | while read -r template; do[0m
job-design	Copiar navbar.html a dashboard/templates	2025-05-08T08:52:19.8090130Z [36;1m        TYPE=$(echo $template | jq -r '.type')[0m
job-design	Copiar navbar.html a dashboard/templates	2025-05-08T08:52:19.8090428Z [36;1m        TITLE=$(echo $template | jq -r '.title')[0m
job-design	Copiar navbar.html a dashboard/templates	2025-05-08T08:52:19.8090738Z [36;1m        DATA_SOURCE=$(echo $template | jq -r '.dataSource')[0m
job-design	Copiar navbar.html a dashboard/templates	2025-05-08T08:52:19.8091027Z [36;1m        [0m
job-design	Copiar navbar.html a dashboard/templates	2025-05-08T08:52:19.8091255Z [36;1m        if [ "$TYPE" = "graphic" ]; then[0m
job-design	Copiar navbar.html a dashboard/templates	2025-05-08T08:52:19.8091535Z [36;1m          # Leer la plantilla de grÃ¡fico[0m
job-design	Copiar navbar.html a dashboard/templates	2025-05-08T08:52:19.8091922Z [36;1m          GRAPHIC_TEMPLATE=$(cat core/web/templates/graphic.html)[0m
job-design	Copiar navbar.html a dashboard/templates	2025-05-08T08:52:19.8092256Z [36;1m          # Reemplazar placeholders en la plantilla[0m
job-design	Copiar navbar.html a dashboard/templates	2025-05-08T08:52:19.8092654Z [36;1m          GRAPHIC_TEMPLATE=$(echo "$GRAPHIC_TEMPLATE" | sed "s/GRAPHIC_TITLE_PLACEHOLDER/$TITLE/g")[0m
job-design	Copiar navbar.html a dashboard/templates	2025-05-08T08:52:19.8093544Z [36;1m          GRAPHIC_TEMPLATE=$(echo "$GRAPHIC_TEMPLATE" | sed "s|DATA_SOURCE_PLACEHOLDER|$DATA_SOURCE|g")[0m
job-design	Copiar navbar.html a dashboard/templates	2025-05-08T08:52:19.8094108Z [36;1m          TEMPLATES_HTML+="$GRAPHIC_TEMPLATE"[0m
job-design	Copiar navbar.html a dashboard/templates	2025-05-08T08:52:19.8094514Z [36;1m          # AÃ±adir referencia a Chart.js antes del script graphic.js[0m
job-design	Copiar navbar.html a dashboard/templates	2025-05-08T08:52:19.8095050Z [36;1m          TEMPLATES_HTML+="<script src=\"https://cdn.jsdelivr.net/npm/chart.js\"></script>"[0m
job-design	Copiar navbar.html a dashboard/templates	2025-05-08T08:52:19.8095632Z [36;1m          # Modificar la forma de incluir el script para que pueda recibir el data-source[0m
job-design	Copiar navbar.html a dashboard/templates	2025-05-08T08:52:19.8096164Z [36;1m          TEMPLATES_HTML+="<script src=\"../../js/graphic.js\" id=\"graphic-script\" data-source=\"$DATA_SOURCE\"></script>"[0m
job-design	Copiar navbar.html a dashboard/templates	2025-05-08T08:52:19.8096586Z [36;1m        elif [ "$TYPE" = "list" ]; then[0m
job-design	Copiar navbar.html a dashboard/templates	2025-05-08T08:52:19.8096864Z [36;1m          # Leer la plantilla de lista[0m
job-design	Copiar navbar.html a dashboard/templates	2025-05-08T08:52:19.8097187Z [36;1m          LIST_TEMPLATE=$(cat core/web/templates/data-list.html)[0m
job-design	Copiar navbar.html a dashboard/templates	2025-05-08T08:52:19.8097516Z [36;1m          # Reemplazar placeholders en la plantilla[0m
job-design	Copiar navbar.html a dashboard/templates	2025-05-08T08:52:19.8097951Z [36;1m          LIST_TEMPLATE=$(echo "$LIST_TEMPLATE" | sed "s/LIST_TITLE_PLACEHOLDER/$TITLE/g")[0m
job-design	Copiar navbar.html a dashboard/templates	2025-05-08T08:52:19.8098387Z [36;1m          LIST_TEMPLATE=$(echo "$LIST_TEMPLATE" | sed "s|DATA_SOURCE_PLACEHOLDER|$DATA_SOURCE|g")[0m
job-design	Copiar navbar.html a dashboard/templates	2025-05-08T08:52:19.8098761Z [36;1m          TEMPLATES_HTML+="$LIST_TEMPLATE"[0m
job-design	Copiar navbar.html a dashboard/templates	2025-05-08T08:52:19.8099140Z [36;1m          TEMPLATES_HTML+="<script src=\"../../js/data-list.js\" data-source=\"$DATA_SOURCE\"></script>"[0m
job-design	Copiar navbar.html a dashboard/templates	2025-05-08T08:52:19.8099498Z [36;1m        fi[0m
job-design	Copiar navbar.html a dashboard/templates	2025-05-08T08:52:19.8099714Z [36;1m      done[0m
job-design	Copiar navbar.html a dashboard/templates	2025-05-08T08:52:19.8099934Z [36;1m      [0m
job-design	Copiar navbar.html a dashboard/templates	2025-05-08T08:52:19.8100210Z [36;1m      # Reemplazar el placeholder de templates con el HTML generado[0m
job-design	Copiar navbar.html a dashboard/templates	2025-05-08T08:52:19.8100676Z [36;1m      awk -v r="$TEMPLATES_HTML" '{gsub("<!-- TEMPLATES_PLACEHOLDER -->", r)} 1' "$SECTION_HTML" > temp && mv temp "$SECTION_HTML"[0m
job-design	Copiar navbar.html a dashboard/templates	2025-05-08T08:52:19.8101076Z [36;1m      [0m
job-design	Copiar navbar.html a dashboard/templates	2025-05-08T08:52:19.8101302Z [36;1m      echo "Generado $SECTION_HTML"[0m
job-design	Copiar navbar.html a dashboard/templates	2025-05-08T08:52:19.8101665Z [36;1m      # Almacenar cada secciÃ³n en un directorio temporal para concatenarlas despuÃ©s[0m
job-design	Copiar navbar.html a dashboard/templates	2025-05-08T08:52:19.8102064Z [36;1m      mkdir -p "core/results/webs/${TITLE}/temp_sections"[0m
job-design	Copiar navbar.html a dashboard/templates	2025-05-08T08:52:19.8102460Z [36;1m      cp "$SECTION_HTML" "core/results/webs/${TITLE}/temp_sections/${section_title}.html"[0m
job-design	Copiar navbar.html a dashboard/templates	2025-05-08T08:52:19.8102806Z [36;1m    else[0m
job-design	Copiar navbar.html a dashboard/templates	2025-05-08T08:52:19.8103086Z [36;1m      echo "Error: No se encontro la plantilla HTML en $TEMPLATE_HTML"[0m
job-design	Copiar navbar.html a dashboard/templates	2025-05-08T08:52:19.8103537Z [36;1m    fi[0m
job-design	Copiar navbar.html a dashboard/templates	2025-05-08T08:52:19.8103990Z [36;1m  else[0m
job-design	Copiar navbar.html a dashboard/templates	2025-05-08T08:52:19.8104329Z [36;1m    echo "No se encontrÃ³ el archivo de datos para la secciÃ³n: $section_data"[0m
job-design	Copiar navbar.html a dashboard/templates	2025-05-08T08:52:19.8104705Z [36;1m  fi[0m
job-design	Copiar navbar.html a dashboard/templates	2025-05-08T08:52:19.8104946Z [36;1mdone[0m
job-design	Copiar navbar.html a dashboard/templates	2025-05-08T08:52:19.8105191Z [36;1m[0m
job-design	Copiar navbar.html a dashboard/templates	2025-05-08T08:52:19.8105617Z [36;1m# Crear el dashboard.html con todas las secciones concatenadas y la navbar[0m
job-design	Copiar navbar.html a dashboard/templates	2025-05-08T08:52:19.8105982Z [36;1mecho "<!DOCTYPE html>[0m
job-design	Copiar navbar.html a dashboard/templates	2025-05-08T08:52:19.8106235Z [36;1m<html lang=\"es\">[0m
job-design	Copiar navbar.html a dashboard/templates	2025-05-08T08:52:19.8106465Z [36;1m<head>[0m
job-design	Copiar navbar.html a dashboard/templates	2025-05-08T08:52:19.8106686Z [36;1m    <meta charset=\"UTF-8\">[0m
job-design	Copiar navbar.html a dashboard/templates	2025-05-08T08:52:19.8107018Z [36;1m    <meta name=\"viewport\" content=\"width=device-width, initial-scale=1.0\">[0m
job-design	Copiar navbar.html a dashboard/templates	2025-05-08T08:52:19.8107377Z [36;1m    <title>Ka0s Dashboard - ${TITLE}</title>[0m
job-design	Copiar navbar.html a dashboard/templates	2025-05-08T08:52:19.8107709Z [36;1m    <script src=\"https://cdn.tailwindcss.com\"></script>[0m
job-design	Copiar navbar.html a dashboard/templates	2025-05-08T08:52:19.8108171Z [36;1m    <link rel=\"stylesheet\" href=\"https://cdnjs.cloudflare.com/ajax/libs/font-awesome/6.4.0/css/all.min.css\">[0m
job-design	Copiar navbar.html a dashboard/templates	2025-05-08T08:52:19.8108637Z [36;1m</head>[0m
job-design	Copiar navbar.html a dashboard/templates	2025-05-08T08:52:19.8108855Z [36;1m<body class=\"bg-gray-50\">[0m
job-design	Copiar navbar.html a dashboard/templates	2025-05-08T08:52:19.8109115Z [36;1m    <!-- Incluir la navbar -->[0m
job-design	Copiar navbar.html a dashboard/templates	2025-05-08T08:52:19.8109390Z [36;1m    <div id=\"navbar-container\"></div>[0m
job-design	Copiar navbar.html a dashboard/templates	2025-05-08T08:52:19.8109652Z [36;1m    [0m
job-design	Copiar navbar.html a dashboard/templates	2025-05-08T08:52:19.8109941Z [36;1m    <div id=\"main-content\" class=\"ml-[250px] transition-all duration-300\">[0m
job-design	Copiar navbar.html a dashboard/templates	2025-05-08T08:52:19.8110307Z [36;1m        <div class=\"container mx-auto px-4 py-8\">[0m
job-design	Copiar navbar.html a dashboard/templates	2025-05-08T08:52:19.8110631Z [36;1m            <header class=\"py-3 mb-4 border-b border-gray-200\">[0m
job-design	Copiar navbar.html a dashboard/templates	2025-05-08T08:52:19.8110952Z [36;1m                <div class=\"flex items-center\">[0m
job-design	Copiar navbar.html a dashboard/templates	2025-05-08T08:52:19.8111284Z [36;1m                    <h1 class=\"text-2xl font-bold text-gray-800\">${TITLE}</h1>[0m
job-design	Copiar navbar.html a dashboard/templates	2025-05-08T08:52:19.8111591Z [36;1m                </div>[0m
job-design	Copiar navbar.html a dashboard/templates	2025-05-08T08:52:19.8111833Z [36;1m            </header>[0m
job-design	Copiar navbar.html a dashboard/templates	2025-05-08T08:52:19.8112172Z [36;1m            <div class=\"dashboard-content\">" > "core/results/webs/${TITLE}/dashboard.html"[0m
job-design	Copiar navbar.html a dashboard/templates	2025-05-08T08:52:19.8112509Z [36;1m        [0m
job-design	Copiar navbar.html a dashboard/templates	2025-05-08T08:52:19.8112744Z [36;1m        # Concatenar todas las secciones[0m
job-design	Copiar navbar.html a dashboard/templates	2025-05-08T08:52:19.8113054Z [36;1m        if [ -d "core/results/webs/${TITLE}/temp_sections" ]; then[0m
job-design	Copiar navbar.html a dashboard/templates	2025-05-08T08:52:19.8113605Z [36;1m          for section_file in "core/results/webs/${TITLE}/temp_sections"/*.html; do[0m
job-design	Copiar navbar.html a dashboard/templates	2025-05-08T08:52:19.8114510Z [36;1m            SECTION_NAME=$(basename "$section_file" .html)[0m
job-design	Copiar navbar.html a dashboard/templates	2025-05-08T08:52:19.8115039Z [36;1m            echo "<div class=\"section-content\" id=\"${SECTION_NAME}\">" >> "core/results/webs/${TITLE}/dashboard.html"[0m
job-design	Copiar navbar.html a dashboard/templates	2025-05-08T08:52:19.8115518Z [36;1m            [0m
job-design	Copiar navbar.html a dashboard/templates	2025-05-08T08:52:19.8115883Z [36;1m            # Extraer solo el contenido del body de cada secciÃ³n usando cut[0m
job-design	Copiar navbar.html a dashboard/templates	2025-05-08T08:52:19.8116249Z [36;1m            # Primero guardamos el contenido en un archivo temporal[0m
job-design	Copiar navbar.html a dashboard/templates	2025-05-08T08:52:19.8116571Z [36;1m            TEMP_CONTENT=$(mktemp)[0m
job-design	Copiar navbar.html a dashboard/templates	2025-05-08T08:52:19.8116873Z [36;1m            awk '/<body/,/<\/body>/' "$section_file" > "$TEMP_CONTENT"[0m
job-design	Copiar navbar.html a dashboard/templates	2025-05-08T08:52:19.8117169Z [36;1m            [0m
job-design	Copiar navbar.html a dashboard/templates	2025-05-08T08:52:19.8117437Z [36;1m            # Usamos cut para extraer solo las partes relevantes[0m
job-design	Copiar navbar.html a dashboard/templates	2025-05-08T08:52:19.8117783Z [36;1m            # Eliminamos las etiquetas body y scripts innecesarios[0m
job-design	Copiar navbar.html a dashboard/templates	2025-05-08T08:52:19.8118098Z [36;1m            cat "$TEMP_CONTENT" | [0m
job-design	Copiar navbar.html a dashboard/templates	2025-05-08T08:52:19.8118362Z [36;1m              grep -v "<body" | [0m
job-design	Copiar navbar.html a dashboard/templates	2025-05-08T08:52:19.8118627Z [36;1m              grep -v "</body>" | [0m
job-design	Copiar navbar.html a dashboard/templates	2025-05-08T08:52:19.8118913Z [36;1m              grep -v "<script src=\"..\/js\/data-list.js\">" |[0m
job-design	Copiar navbar.html a dashboard/templates	2025-05-08T08:52:19.8119263Z [36;1m              grep -v "<script src=\" \`https:\/\/cdn.tailwindcss.com\` \">" |[0m
job-design	Copiar navbar.html a dashboard/templates	2025-05-08T08:52:19.8119566Z [36;1m            [0m
job-design	Copiar navbar.html a dashboard/templates	2025-05-08T08:52:19.8119808Z [36;1m            # Limpiamos el archivo temporal[0m
job-design	Copiar navbar.html a dashboard/templates	2025-05-08T08:52:19.8120080Z [36;1m            rm "$TEMP_CONTENT"[0m
job-design	Copiar navbar.html a dashboard/templates	2025-05-08T08:52:19.8120493Z [36;1m            [0m
job-design	Copiar navbar.html a dashboard/templates	2025-05-08T08:52:19.8120822Z [36;1m            echo "</div>" >> "core/results/webs/${TITLE}/dashboard.html"[0m
job-design	Copiar navbar.html a dashboard/templates	2025-05-08T08:52:19.8121219Z [36;1m          done[0m
job-design	Copiar navbar.html a dashboard/templates	2025-05-08T08:52:19.8121507Z [36;1m          [0m
job-design	Copiar navbar.html a dashboard/templates	2025-05-08T08:52:19.8121791Z [36;1m          # Cerrar las etiquetas HTML[0m
job-design	Copiar navbar.html a dashboard/templates	2025-05-08T08:52:19.8122101Z [36;1m          echo "          </div>[0m
job-design	Copiar navbar.html a dashboard/templates	2025-05-08T08:52:19.8122408Z [36;1m    </div>[0m
job-design	Copiar navbar.html a dashboard/templates	2025-05-08T08:52:19.8122692Z [36;1m    </div>[0m
job-design	Copiar navbar.html a dashboard/templates	2025-05-08T08:52:19.8122969Z [36;1m</div>[0m
job-design	Copiar navbar.html a dashboard/templates	2025-05-08T08:52:19.8123222Z [36;1m[0m
job-design	Copiar navbar.html a dashboard/templates	2025-05-08T08:52:19.8123751Z [36;1m<!-- Cargar la navbar desde el template -->[0m
job-design	Copiar navbar.html a dashboard/templates	2025-05-08T08:52:19.8124284Z [36;1m<script>[0m
job-design	Copiar navbar.html a dashboard/templates	2025-05-08T08:52:19.8124670Z [36;1m    document.addEventListener('DOMContentLoaded', function() {[0m
job-design	Copiar navbar.html a dashboard/templates	2025-05-08T08:52:19.8136298Z [36;1m        fetch('templates/navbar.html')[0m
job-design	Copiar navbar.html a dashboard/templates	2025-05-08T08:52:19.8137014Z [36;1m            .then(response => response.text())[0m
job-design	Copiar navbar.html a dashboard/templates	2025-05-08T08:52:19.8137308Z [36;1m            .then(html => {[0m
job-design	Copiar navbar.html a dashboard/templates	2025-05-08T08:52:19.8137632Z [36;1m                document.getElementById('navbar-container').innerHTML = html;[0m
job-design	Copiar navbar.html a dashboard/templates	2025-05-08T08:52:19.8138027Z [36;1m                // Cargar el script de la navbar despuÃ©s de insertar el HTML[0m
job-design	Copiar navbar.html a dashboard/templates	2025-05-08T08:52:19.8138383Z [36;1m                const script = document.createElement('script');[0m
job-design	Copiar navbar.html a dashboard/templates	2025-05-08T08:52:19.8138707Z [36;1m                script.src = 'js/navbar.js';[0m
job-design	Copiar navbar.html a dashboard/templates	2025-05-08T08:52:19.8138999Z [36;1m                document.body.appendChild(script);[0m
job-design	Copiar navbar.html a dashboard/templates	2025-05-08T08:52:19.8139267Z [36;1m            })[0m
job-design	Copiar navbar.html a dashboard/templates	2025-05-08T08:52:19.8139555Z [36;1m            .catch(error => console.error('Error cargando navbar:', error));[0m
job-design	Copiar navbar.html a dashboard/templates	2025-05-08T08:52:19.8139861Z [36;1m        [0m
job-design	Copiar navbar.html a dashboard/templates	2025-05-08T08:52:19.8140095Z [36;1m        fetch('temp_sections/data-list.html')[0m
job-design	Copiar navbar.html a dashboard/templates	2025-05-08T08:52:19.8140378Z [36;1m            .then(response => response.text())[0m
job-design	Copiar navbar.html a dashboard/templates	2025-05-08T08:52:19.8140645Z [36;1m            .then(html => {[0m
job-design	Copiar navbar.html a dashboard/templates	2025-05-08T08:52:19.8140947Z [36;1m                document.getElementById('data-list').innerHTML = html;[0m
job-design	Copiar navbar.html a dashboard/templates	2025-05-08T08:52:19.8141290Z [36;1m                // Cargar el script despuÃ©s de insertar el HTML[0m
job-design	Copiar navbar.html a dashboard/templates	2025-05-08T08:52:19.8141623Z [36;1m                const script = document.createElement('script');[0m
job-design	Copiar navbar.html a dashboard/templates	2025-05-08T08:52:19.8142005Z [36;1m                script.src = 'js/data-list.js';[0m
job-design	Copiar navbar.html a dashboard/templates	2025-05-08T08:52:19.8142301Z [36;1m                document.body.appendChild(script);[0m
job-design	Copiar navbar.html a dashboard/templates	2025-05-08T08:52:19.8142572Z [36;1m            })[0m
job-design	Copiar navbar.html a dashboard/templates	2025-05-08T08:52:19.8142865Z [36;1m            .catch(error => console.error('Error cargando data-list:', error));[0m
job-design	Copiar navbar.html a dashboard/templates	2025-05-08T08:52:19.8143179Z [36;1m    });[0m
job-design	Copiar navbar.html a dashboard/templates	2025-05-08T08:52:19.8143387Z [36;1m</script>[0m
job-design	Copiar navbar.html a dashboard/templates	2025-05-08T08:52:19.8143602Z [36;1m</body>[0m
job-design	Copiar navbar.html a dashboard/templates	2025-05-08T08:52:19.8144054Z [36;1m</html>" >> "core/results/webs/${TITLE}/dashboard.html"[0m
job-design	Copiar navbar.html a dashboard/templates	2025-05-08T08:52:19.8144397Z [36;1m          [0m
job-design	Copiar navbar.html a dashboard/templates	2025-05-08T08:52:19.8144692Z [36;1m          echo "Dashboard HTML generado correctamente"[0m
job-design	Copiar navbar.html a dashboard/templates	2025-05-08T08:52:19.8145016Z [36;1m        else[0m
job-design	Copiar navbar.html a dashboard/templates	2025-05-08T08:52:19.8145347Z [36;1m          echo "No se encontraron secciones temporales para concatenar"[0m
job-design	Copiar navbar.html a dashboard/templates	2025-05-08T08:52:19.8145648Z [36;1m          [0m
job-design	Copiar navbar.html a dashboard/templates	2025-05-08T08:52:19.8145911Z [36;1m          # Cerrar las etiquetas HTML incluso si no hay secciones[0m
job-design	Copiar navbar.html a dashboard/templates	2025-05-08T08:52:19.8146221Z [36;1m          echo "          </div>[0m
job-design	Copiar navbar.html a dashboard/templates	2025-05-08T08:52:19.8146483Z [36;1m    </div>[0m
job-design	Copiar navbar.html a dashboard/templates	2025-05-08T08:52:19.8146701Z [36;1m    </div>[0m
job-design	Copiar navbar.html a dashboard/templates	2025-05-08T08:52:19.8146909Z [36;1m</div>[0m
job-design	Copiar navbar.html a dashboard/templates	2025-05-08T08:52:19.8147107Z [36;1m[0m
job-design	Copiar navbar.html a dashboard/templates	2025-05-08T08:52:19.8147308Z [36;1m<script>[0m
job-design	Copiar navbar.html a dashboard/templates	2025-05-08T08:52:19.8147590Z [36;1m    document.addEventListener('DOMContentLoaded', function() {[0m
job-design	Copiar navbar.html a dashboard/templates	2025-05-08T08:52:19.8147916Z [36;1m        fetch('templates/navbar.html')[0m
job-design	Copiar navbar.html a dashboard/templates	2025-05-08T08:52:19.8148198Z [36;1m            .then(response => response.text())[0m
job-design	Copiar navbar.html a dashboard/templates	2025-05-08T08:52:19.8148473Z [36;1m            .then(html => {[0m
job-design	Copiar navbar.html a dashboard/templates	2025-05-08T08:52:19.8148791Z [36;1m                document.getElementById('navbar-container').innerHTML = html;[0m
job-design	Copiar navbar.html a dashboard/templates	2025-05-08T08:52:19.8149161Z [36;1m                // Cargar el script de la navbar despuÃ©s de insertar el HTML[0m
job-design	Copiar navbar.html a dashboard/templates	2025-05-08T08:52:19.8149510Z [36;1m                const script = document.createElement('script');[0m
job-design	Copiar navbar.html a dashboard/templates	2025-05-08T08:52:19.8149827Z [36;1m                script.src = 'js/navbar.js';[0m
job-design	Copiar navbar.html a dashboard/templates	2025-05-08T08:52:19.8150115Z [36;1m                document.body.appendChild(script);[0m
job-design	Copiar navbar.html a dashboard/templates	2025-05-08T08:52:19.8150385Z [36;1m            })[0m
job-design	Copiar navbar.html a dashboard/templates	2025-05-08T08:52:19.8150669Z [36;1m            .catch(error => console.error('Error cargando navbar:', error));[0m
job-design	Copiar navbar.html a dashboard/templates	2025-05-08T08:52:19.8150975Z [36;1m    });[0m
job-design	Copiar navbar.html a dashboard/templates	2025-05-08T08:52:19.8151175Z [36;1m</script>[0m
job-design	Copiar navbar.html a dashboard/templates	2025-05-08T08:52:19.8151384Z [36;1m</body>[0m
job-design	Copiar navbar.html a dashboard/templates	2025-05-08T08:52:19.8151636Z [36;1m</html>" >> "core/results/webs/${TITLE}/dashboard.html"[0m
job-design	Copiar navbar.html a dashboard/templates	2025-05-08T08:52:19.8151983Z [36;1m        fi[0m
job-design	Copiar navbar.html a dashboard/templates	2025-05-08T08:52:19.8156706Z shell: /usr/bin/bash -e {0}
job-design	Copiar navbar.html a dashboard/templates	2025-05-08T08:52:19.8156941Z env:
job-design	Copiar navbar.html a dashboard/templates	2025-05-08T08:52:19.8157148Z   KAOS_CODE: 14902556799
job-design	Copiar navbar.html a dashboard/templates	2025-05-08T08:52:19.8157382Z   KAOS_EVENT_NAME: workflow_dispatch
job-design	Copiar navbar.html a dashboard/templates	2025-05-08T08:52:19.8157629Z   KAOS_ACTION: 
job-design	Copiar navbar.html a dashboard/templates	2025-05-08T08:52:19.8157838Z   KAOS_REF: refs/heads/main
job-design	Copiar navbar.html a dashboard/templates	2025-05-08T08:52:19.8158084Z   KAOS_MODULE: [Ka0S] Deploy Web Structure
job-design	Copiar navbar.html a dashboard/templates	2025-05-08T08:52:19.8158361Z   KAOS_JSON_WEB: core/config/webs/webs.json
job-design	Copiar navbar.html a dashboard/templates	2025-05-08T08:52:19.8158635Z   KAOS_JSON_RESUME: core/outputs/webs/
job-design	Copiar navbar.html a dashboard/templates	2025-05-08T08:52:19.8158892Z   KAOS_JSON_DATA: core/web/data/data.json
job-design	Copiar navbar.html a dashboard/templates	2025-05-08T08:52:19.8159166Z   KAOS_WEB_STRUCTURE: core/results/webs/
job-design	Copiar navbar.html a dashboard/templates	2025-05-08T08:52:19.8159424Z   KAOS_ACTOR: AlejandroPB5
job-design	Copiar navbar.html a dashboard/templates	2025-05-08T08:52:19.8159653Z ##[endgroup]
job-design	Copiar navbar.html a dashboard/templates	2025-05-08T08:52:19.8208809Z Generando HTML de secciones segÃºn su JSON...
job-design	Copiar navbar.html a dashboard/templates	2025-05-08T08:52:19.8261038Z jq: error (at core/config/webs/webs.json:39): Cannot index array with string "title"
job-design	Copiar navbar.html a dashboard/templates	2025-05-08T08:52:19.8320409Z grep: write error: Broken pipe
job-design	Copiar navbar.html a dashboard/templates	2025-05-08T08:52:19.8370022Z grep: write error: Broken pipe
job-design	Copiar navbar.html a dashboard/templates	2025-05-08T08:52:19.8419492Z grep: write error: Broken pipe
job-design	Copiar navbar.html a dashboard/templates	2025-05-08T08:52:19.8422090Z Dashboard HTML generado correctamente
job-design	Upload Files	ï»¿2025-05-08T08:52:19.8485137Z ##[group]Run echo "Uploading HTML files to the repository..."
job-design	Upload Files	2025-05-08T08:52:19.8485727Z [36;1mecho "Uploading HTML files to the repository..."[0m
job-design	Upload Files	2025-05-08T08:52:19.8486239Z [36;1mgit config --global user.name "***"[0m
job-design	Upload Files	2025-05-08T08:52:19.8486550Z [36;1mgit config --global user.email "***"[0m
job-design	Upload Files	2025-05-08T08:52:19.8486846Z [36;1m# AÃ±adir los archivos JS al commit[0m
job-design	Upload Files	2025-05-08T08:52:19.8487124Z [36;1mgit add core/results/webs/dashboard/*[0m
job-design	Upload Files	2025-05-08T08:52:19.8487371Z [36;1m[0m
job-design	Upload Files	2025-05-08T08:52:19.8487637Z [36;1m# Verificar si el archivo dashboard.html existe y no estÃ¡ rastreado[0m
job-design	Upload Files	2025-05-08T08:52:19.8488218Z [36;1mif [ -f "core/results/webs/dashboard/dashboard.html" ] && ! git ls-files --error-unmatch core/results/webs/dashboard/dashboard.html > /dev/null 2>&1; then[0m
job-design	Upload Files	2025-05-08T08:52:19.8488850Z [36;1m  echo "El archivo dashboard.html existe pero no estÃ¡ rastreado. AÃ±adiÃ©ndolo al staging..."[0m
job-design	Upload Files	2025-05-08T08:52:19.8489246Z [36;1m  git add core/results/webs/dashboard/dashboard.html[0m
job-design	Upload Files	2025-05-08T08:52:19.8489638Z [36;1m  git commit -m "[Ka0S] AÃ±adiendo dashboard.html antes del pull"[0m
job-design	Upload Files	2025-05-08T08:52:19.8489934Z [36;1mfi[0m
job-design	Upload Files	2025-05-08T08:52:19.8490124Z [36;1m[0m
job-design	Upload Files	2025-05-08T08:52:19.8490384Z [36;1m# Hacer pull con estrategia de recursiÃ³n para manejar conflictos[0m
job-design	Upload Files	2025-05-08T08:52:19.8490708Z [36;1mgit pull --strategy-option=theirs[0m
job-design	Upload Files	2025-05-08T08:52:19.8490954Z [36;1m[0m
job-design	Upload Files	2025-05-08T08:52:19.8491191Z [36;1m# AÃ±adir todos los archivos de la carpeta dashboard[0m
job-design	Upload Files	2025-05-08T08:52:19.8491482Z [36;1mgit add core/results/webs/dashboard/*[0m
job-design	Upload Files	2025-05-08T08:52:19.8491723Z [36;1m[0m
job-design	Upload Files	2025-05-08T08:52:19.8491935Z [36;1m# Verify if there are changes to commit[0m
job-design	Upload Files	2025-05-08T08:52:19.8492206Z [36;1mif git diff --staged --quiet; then[0m
job-design	Upload Files	2025-05-08T08:52:19.8492488Z [36;1m  echo "No hay cambios para hacer commit"[0m
job-design	Upload Files	2025-05-08T08:52:19.8492737Z [36;1melse[0m
job-design	Upload Files	2025-05-08T08:52:19.8493004Z [36;1m  git commit -m "[Ka0S] Uploading dashboard files to web structure..."[0m
job-design	Upload Files	2025-05-08T08:52:19.8493333Z [36;1m  git push origin refs/heads/main[0m
job-design	Upload Files	2025-05-08T08:52:19.8493574Z [36;1mfi[0m
job-design	Upload Files	2025-05-08T08:52:19.8498470Z shell: /usr/bin/bash -e {0}
job-design	Upload Files	2025-05-08T08:52:19.8498711Z env:
job-design	Upload Files	2025-05-08T08:52:19.8498907Z   KAOS_CODE: 14902556799
job-design	Upload Files	2025-05-08T08:52:19.8499137Z   KAOS_EVENT_NAME: workflow_dispatch
job-design	Upload Files	2025-05-08T08:52:19.8499371Z   KAOS_ACTION: 
job-design	Upload Files	2025-05-08T08:52:19.8499583Z   KAOS_REF: refs/heads/main
job-design	Upload Files	2025-05-08T08:52:19.8499822Z   KAOS_MODULE: [Ka0S] Deploy Web Structure
job-design	Upload Files	2025-05-08T08:52:19.8500090Z   KAOS_JSON_WEB: core/config/webs/webs.json
job-design	Upload Files	2025-05-08T08:52:19.8500352Z   KAOS_JSON_RESUME: core/outputs/webs/
job-design	Upload Files	2025-05-08T08:52:19.8500610Z   KAOS_JSON_DATA: core/web/data/data.json
job-design	Upload Files	2025-05-08T08:52:19.8500868Z   KAOS_WEB_STRUCTURE: core/results/webs/
job-design	Upload Files	2025-05-08T08:52:19.8501221Z   KAOS_ACTOR: AlejandroPB5
job-design	Upload Files	2025-05-08T08:52:19.8501444Z ##[endgroup]
job-design	Upload Files	2025-05-08T08:52:19.8521542Z Uploading HTML files to the repository...
job-design	Upload Files	2025-05-08T08:52:20.4223147Z From https://github.com/Ka0s-Klaus/ka0s
job-design	Upload Files	2025-05-08T08:52:20.4223759Z    954e65d2..02a0a9b8  main       -> origin/main
job-design	Upload Files	2025-05-08T08:52:20.4363188Z Updating 954e65d2..02a0a9b8
job-design	Upload Files	2025-05-08T08:52:20.4363559Z Fast-forward
job-design	Upload Files	2025-05-08T08:52:20.4385404Z  core/outputs/webs/dashboard/data-files-summary.json | 2 +-
job-design	Upload Files	2025-05-08T08:52:20.4386412Z  1 file changed, 1 insertion(+), 1 deletion(-)
job-design	Upload Files	2025-05-08T08:52:20.4447803Z No hay cambios para hacer commit
job-design	Post Checkout repository	ï»¿2025-05-08T08:52:20.4509727Z Post job cleanup.
job-design	Post Checkout repository	2025-05-08T08:52:20.4966792Z [command]/usr/bin/git version
job-design	Post Checkout repository	2025-05-08T08:52:20.4992135Z git version 2.43.0
job-design	Post Checkout repository	2025-05-08T08:52:20.5030558Z Copying '/home/kaos/.gitconfig' to '/actions-runner/_work/_temp/0a337699-e5be-4ca3-84ad-c64292924e07/.gitconfig'
job-design	Post Checkout repository	2025-05-08T08:52:20.5042437Z Temporarily overriding HOME='/actions-runner/_work/_temp/0a337699-e5be-4ca3-84ad-c64292924e07' before making global git config changes
job-design	Post Checkout repository	2025-05-08T08:52:20.5043514Z Adding repository directory to the temporary git global config as a safe directory
job-design	Post Checkout repository	2025-05-08T08:52:20.5047007Z [command]/usr/bin/git config --global --add safe.directory /actions-runner/_work/ka0s/ka0s
job-design	Post Checkout repository	2025-05-08T08:52:20.5075819Z [command]/usr/bin/git config --local --name-only --get-regexp core\.sshCommand
job-design	Post Checkout repository	2025-05-08T08:52:20.5099466Z [command]/usr/bin/git submodule foreach --recursive sh -c "git config --local --name-only --get-regexp 'core\.sshCommand' && git config --local --unset-all 'core.sshCommand' || :"
job-design	Post Checkout repository	2025-05-08T08:52:20.5331211Z [command]/usr/bin/git config --local --name-only --get-regexp http\.https\:\/\/github\.com\/\.extraheader
job-design	Post Checkout repository	2025-05-08T08:52:20.5350160Z http.https://github.com/.extraheader
job-design	Post Checkout repository	2025-05-08T08:52:20.5361819Z [command]/usr/bin/git config --local --unset-all http.https://github.com/.extraheader
job-design	Post Checkout repository	2025-05-08T08:52:20.5389134Z [command]/usr/bin/git submodule foreach --recursive sh -c "git config --local --name-only --get-regexp 'http\.https\:\/\/github\.com\/\.extraheader' && git config --local --unset-all 'http.https://github.com/.extraheader' || :"
job-design	Complete job	ï»¿2025-05-08T08:52:20.5705409Z Cleaning up orphan processes
handle-success	Set up job	ï»¿2025-05-08T08:52:28.0029552Z Current runner version: '2.323.0'
handle-success	Set up job	2025-05-08T08:52:28.0033602Z Runner name: 'ka0s-9'
handle-success	Set up job	2025-05-08T08:52:28.0034425Z Machine name: '26a53205c9ac'
handle-success	Set up job	2025-05-08T08:52:28.0036017Z ##[group]GITHUB_TOKEN Permissions
handle-success	Set up job	2025-05-08T08:52:28.0037428Z Contents: read
handle-success	Set up job	2025-05-08T08:52:28.0037738Z Metadata: read
handle-success	Set up job	2025-05-08T08:52:28.0038028Z Packages: read
handle-success	Set up job	2025-05-08T08:52:28.0038313Z ##[endgroup]
handle-success	Set up job	2025-05-08T08:52:28.0039635Z Secret source: Actions
handle-success	Set up job	2025-05-08T08:52:28.0040000Z Prepare workflow directory
handle-success	Set up job	2025-05-08T08:52:28.0427290Z Prepare all required actions
handle-success	Set up job	2025-05-08T08:52:28.0454144Z Getting action download info
handle-success	Set up job	2025-05-08T08:52:28.5801424Z Download action repository 'actions/checkout@v4' (SHA:11bd71901bbe5b1630ceea73d27597364c9af683)
handle-success	Set up job	2025-05-08T08:52:29.3528076Z Complete job name: handle-success
handle-success	Checkout code	ï»¿2025-05-08T08:52:29.3830340Z ##[group]Run actions/checkout@v4
handle-success	Checkout code	2025-05-08T08:52:29.3830893Z with:
handle-success	Checkout code	2025-05-08T08:52:29.3831181Z   fetch-depth: 0
handle-success	Checkout code	2025-05-08T08:52:29.3831638Z   token: ***
handle-success	Checkout code	2025-05-08T08:52:29.3831944Z   repository: Ka0s-Klaus/ka0s
handle-success	Checkout code	2025-05-08T08:52:29.3832331Z   ssh-strict: true
handle-success	Checkout code	2025-05-08T08:52:29.3832632Z   ssh-user: git
handle-success	Checkout code	2025-05-08T08:52:29.3832936Z   persist-credentials: true
handle-success	Checkout code	2025-05-08T08:52:29.3833501Z   clean: true
handle-success	Checkout code	2025-05-08T08:52:29.3833852Z   sparse-checkout-cone-mode: true
handle-success	Checkout code	2025-05-08T08:52:29.3834218Z   fetch-tags: false
handle-success	Checkout code	2025-05-08T08:52:29.3834523Z   show-progress: true
handle-success	Checkout code	2025-05-08T08:52:29.3834847Z   lfs: false
handle-success	Checkout code	2025-05-08T08:52:29.3835124Z   submodules: false
handle-success	Checkout code	2025-05-08T08:52:29.3835447Z   set-safe-directory: true
handle-success	Checkout code	2025-05-08T08:52:29.3835865Z env:
handle-success	Checkout code	2025-05-08T08:52:29.3836137Z   KAOS_CODE: 14902556799
handle-success	Checkout code	2025-05-08T08:52:29.3836474Z   KAOS_EVENT_NAME: workflow_dispatch
handle-success	Checkout code	2025-05-08T08:52:29.3836841Z   KAOS_ACTION: 
handle-success	Checkout code	2025-05-08T08:52:29.3837138Z   KAOS_REF: refs/heads/main
handle-success	Checkout code	2025-05-08T08:52:29.3837494Z   KAOS_MODULE: [Ka0S] Deploy Web Structure
handle-success	Checkout code	2025-05-08T08:52:29.3837932Z   KAOS_JSON_WEB: core/config/webs/webs.json
handle-success	Checkout code	2025-05-08T08:52:29.3838345Z   KAOS_JSON_RESUME: core/outputs/webs/
handle-success	Checkout code	2025-05-08T08:52:29.3838742Z   KAOS_JSON_DATA: core/web/data/data.json
handle-success	Checkout code	2025-05-08T08:52:29.3839149Z   KAOS_WEB_STRUCTURE: core/results/webs/
handle-success	Checkout code	2025-05-08T08:52:29.3839538Z   KAOS_ACTOR: AlejandroPB5
handle-success	Checkout code	2025-05-08T08:52:29.3839860Z ##[endgroup]
handle-success	Checkout code	2025-05-08T08:52:29.4532323Z Syncing repository: Ka0s-Klaus/ka0s
handle-success	Checkout code	2025-05-08T08:52:29.4533880Z ##[group]Getting Git version info
handle-success	Checkout code	2025-05-08T08:52:29.4534486Z Working directory is '/actions-runner/_work/ka0s/ka0s'
handle-success	Checkout code	2025-05-08T08:52:29.4535511Z [command]/usr/bin/git version
handle-success	Checkout code	2025-05-08T08:52:29.4535889Z git version 2.43.0
handle-success	Checkout code	2025-05-08T08:52:29.4548695Z ##[endgroup]
handle-success	Checkout code	2025-05-08T08:52:29.4559142Z Copying '/home/kaos/.gitconfig' to '/actions-runner/_work/_temp/e8a6a014-47ea-4d80-af49-3fa1511e0b1c/.gitconfig'
handle-success	Checkout code	2025-05-08T08:52:29.4571249Z Temporarily overriding HOME='/actions-runner/_work/_temp/e8a6a014-47ea-4d80-af49-3fa1511e0b1c' before making global git config changes
handle-success	Checkout code	2025-05-08T08:52:29.4572834Z Adding repository directory to the temporary git global config as a safe directory
handle-success	Checkout code	2025-05-08T08:52:29.4576580Z [command]/usr/bin/git config --global --add safe.directory /actions-runner/_work/ka0s/ka0s
handle-success	Checkout code	2025-05-08T08:52:29.4609269Z [command]/usr/bin/git config --local --get remote.origin.url
handle-success	Checkout code	2025-05-08T08:52:29.4627314Z https://github.com/Ka0s-Klaus/ka0s
handle-success	Checkout code	2025-05-08T08:52:29.4648562Z ##[group]Removing previously created refs, to avoid conflicts
handle-success	Checkout code	2025-05-08T08:52:29.4652143Z [command]/usr/bin/git rev-parse --symbolic-full-name --verify --quiet HEAD
handle-success	Checkout code	2025-05-08T08:52:29.4672546Z refs/heads/main
handle-success	Checkout code	2025-05-08T08:52:29.4683938Z [command]/usr/bin/git checkout --detach
handle-success	Checkout code	2025-05-08T08:52:29.4790705Z HEAD is now at 5acd58ed [Ka0S] Uploading dashboard files to web structure...
handle-success	Checkout code	2025-05-08T08:52:29.4836484Z [command]/usr/bin/git branch --delete --force main
handle-success	Checkout code	2025-05-08T08:52:29.4871541Z Deleted branch main (was 5acd58ed).
handle-success	Checkout code	2025-05-08T08:52:29.4925429Z ##[endgroup]
handle-success	Checkout code	2025-05-08T08:52:29.4926182Z [command]/usr/bin/git submodule status
handle-success	Checkout code	2025-05-08T08:52:29.5158195Z ##[group]Cleaning the repository
handle-success	Checkout code	2025-05-08T08:52:29.5159680Z [command]/usr/bin/git clean -ffdx
handle-success	Checkout code	2025-05-08T08:52:29.5222382Z [command]/usr/bin/git reset --hard HEAD
handle-success	Checkout code	2025-05-08T08:52:29.5341653Z HEAD is now at 5acd58ed [Ka0S] Uploading dashboard files to web structure...
handle-success	Checkout code	2025-05-08T08:52:29.5344431Z ##[endgroup]
handle-success	Checkout code	2025-05-08T08:52:29.5345491Z ##[group]Disabling automatic garbage collection
handle-success	Checkout code	2025-05-08T08:52:29.5350403Z [command]/usr/bin/git config --local gc.auto 0
handle-success	Checkout code	2025-05-08T08:52:29.5373751Z ##[endgroup]
handle-success	Checkout code	2025-05-08T08:52:29.5374908Z ##[group]Setting up auth
handle-success	Checkout code	2025-05-08T08:52:29.5384395Z [command]/usr/bin/git config --local --name-only --get-regexp core\.sshCommand
handle-success	Checkout code	2025-05-08T08:52:29.5407827Z [command]/usr/bin/git submodule foreach --recursive sh -c "git config --local --name-only --get-regexp 'core\.sshCommand' && git config --local --unset-all 'core.sshCommand' || :"
handle-success	Checkout code	2025-05-08T08:52:29.5635246Z [command]/usr/bin/git config --local --name-only --get-regexp http\.https\:\/\/github\.com\/\.extraheader
handle-success	Checkout code	2025-05-08T08:52:29.5662730Z [command]/usr/bin/git submodule foreach --recursive sh -c "git config --local --name-only --get-regexp 'http\.https\:\/\/github\.com\/\.extraheader' && git config --local --unset-all 'http.https://github.com/.extraheader' || :"
handle-success	Checkout code	2025-05-08T08:52:29.5898828Z [command]/usr/bin/git config --local http.https://github.com/.extraheader AUTHORIZATION: basic ***
handle-success	Checkout code	2025-05-08T08:52:29.5937997Z ##[endgroup]
handle-success	Checkout code	2025-05-08T08:52:29.5939102Z ##[group]Fetching the repository
handle-success	Checkout code	2025-05-08T08:52:29.5941130Z [command]/usr/bin/git -c protocol.version=2 fetch --prune --no-recurse-submodules origin +refs/heads/*:refs/remotes/origin/* +refs/tags/*:refs/tags/*
handle-success	Checkout code	2025-05-08T08:52:30.3432934Z From https://github.com/Ka0s-Klaus/ka0s
handle-success	Checkout code	2025-05-08T08:52:30.3434183Z    5acd58ed..02a0a9b8  main       -> origin/main
handle-success	Checkout code	2025-05-08T08:52:30.3469970Z [command]/usr/bin/git branch --list --remote origin/main
handle-success	Checkout code	2025-05-08T08:52:30.3494401Z   origin/main
handle-success	Checkout code	2025-05-08T08:52:30.3501608Z [command]/usr/bin/git rev-parse refs/remotes/origin/main
handle-success	Checkout code	2025-05-08T08:52:30.3522357Z 02a0a9b8714dc95249c104348fc0d62a65eda443
handle-success	Checkout code	2025-05-08T08:52:30.3531962Z [command]/usr/bin/git -c protocol.version=2 fetch --no-tags --prune --no-recurse-submodules origin +954e65d2868d4639b307e9c145e5c97882282a05:refs/remotes/origin/main
handle-success	Checkout code	2025-05-08T08:52:30.3649919Z From https://github.com/Ka0s-Klaus/ka0s
handle-success	Checkout code	2025-05-08T08:52:30.3652292Z  + 02a0a9b8...954e65d2 954e65d2868d4639b307e9c145e5c97882282a05 -> origin/main  (forced update)
handle-success	Checkout code	2025-05-08T08:52:30.3670035Z ##[endgroup]
handle-success	Checkout code	2025-05-08T08:52:30.3671850Z ##[group]Determining the checkout info
handle-success	Checkout code	2025-05-08T08:52:30.3675895Z ##[endgroup]
handle-success	Checkout code	2025-05-08T08:52:30.3676919Z [command]/usr/bin/git sparse-checkout disable
handle-success	Checkout code	2025-05-08T08:52:30.3732512Z [command]/usr/bin/git config --local --unset-all extensions.worktreeConfig
handle-success	Checkout code	2025-05-08T08:52:30.3757317Z ##[group]Checking out the ref
handle-success	Checkout code	2025-05-08T08:52:30.3759456Z [command]/usr/bin/git checkout --progress --force -B main refs/remotes/origin/main
handle-success	Checkout code	2025-05-08T08:52:30.3940554Z Previous HEAD position was 5acd58ed [Ka0S] Uploading dashboard files to web structure...
handle-success	Checkout code	2025-05-08T08:52:30.3943502Z Switched to a new branch 'main'
handle-success	Checkout code	2025-05-08T08:52:30.3945554Z branch 'main' set up to track 'origin/main'.
handle-success	Checkout code	2025-05-08T08:52:30.3949322Z ##[endgroup]
handle-success	Checkout code	2025-05-08T08:52:30.4002644Z [command]/usr/bin/git log -1 --format=%H
handle-success	Checkout code	2025-05-08T08:52:30.4018151Z 954e65d2868d4639b307e9c145e5c97882282a05
handle-success	handle-success-execution	ï»¿2025-05-08T08:52:30.4212259Z ##[group]Run # Si todo ha ido correcto aÃ±adimos el contenido del fichero
handle-success	handle-success-execution	2025-05-08T08:52:30.4213964Z [36;1m# Si todo ha ido correcto aÃ±adimos el contenido del fichero[0m
handle-success	handle-success-execution	2025-05-08T08:52:30.4215284Z [36;1m# RNNUMBER=$(echo "refs/heads/main" | grep -o '[0-9]*')[0m
handle-success	handle-success-execution	2025-05-08T08:52:30.4216317Z [36;1mRNNUMBER=220[0m
handle-success	handle-success-execution	2025-05-08T08:52:30.4218171Z [36;1mgh issue comment $RNNUMBER --body "El proceso ha finalizado correctamente 14902556799. El resultado estÃ¡ en el fichero core/results/event_data14902556799.log"[0m
handle-success	handle-success-execution	2025-05-08T08:52:30.4227505Z shell: /usr/bin/bash -e {0}
handle-success	handle-success-execution	2025-05-08T08:52:30.4228247Z env:
handle-success	handle-success-execution	2025-05-08T08:52:30.4228824Z   KAOS_CODE: 14902556799
handle-success	handle-success-execution	2025-05-08T08:52:30.4229552Z   KAOS_EVENT_NAME: workflow_dispatch
handle-success	handle-success-execution	2025-05-08T08:52:30.4230555Z   KAOS_ACTION: 
handle-success	handle-success-execution	2025-05-08T08:52:30.4231190Z   KAOS_REF: refs/heads/main
handle-success	handle-success-execution	2025-05-08T08:52:30.4231973Z   KAOS_MODULE: [Ka0S] Deploy Web Structure
handle-success	handle-success-execution	2025-05-08T08:52:30.4232890Z   KAOS_JSON_WEB: core/config/webs/webs.json
handle-success	handle-success-execution	2025-05-08T08:52:30.4233992Z   KAOS_JSON_RESUME: core/outputs/webs/
handle-success	handle-success-execution	2025-05-08T08:52:30.4235056Z   KAOS_JSON_DATA: core/web/data/data.json
handle-success	handle-success-execution	2025-05-08T08:52:30.4235988Z   KAOS_WEB_STRUCTURE: core/results/webs/
handle-success	handle-success-execution	2025-05-08T08:52:30.4236844Z   KAOS_ACTOR: AlejandroPB5
handle-success	handle-success-execution	2025-05-08T08:52:30.4237874Z   GH_TOKEN: ***
handle-success	handle-success-execution	2025-05-08T08:52:30.4238485Z ##[endgroup]
handle-success	handle-success-execution	2025-05-08T08:52:31.4250373Z https://github.com/Ka0s-Klaus/ka0s/issues/220#issuecomment-2862273377
handle-success	Post Checkout code	ï»¿2025-05-08T08:52:31.4321609Z Post job cleanup.
handle-success	Post Checkout code	2025-05-08T08:52:31.4925786Z [command]/usr/bin/git version
handle-success	Post Checkout code	2025-05-08T08:52:31.4953486Z git version 2.43.0
handle-success	Post Checkout code	2025-05-08T08:52:31.4992518Z Copying '/home/kaos/.gitconfig' to '/actions-runner/_work/_temp/0f76c8a6-a7e5-4d45-90f3-f13a51a2f65f/.gitconfig'
handle-success	Post Checkout code	2025-05-08T08:52:31.5007359Z Temporarily overriding HOME='/actions-runner/_work/_temp/0f76c8a6-a7e5-4d45-90f3-f13a51a2f65f' before making global git config changes
handle-success	Post Checkout code	2025-05-08T08:52:31.5008053Z Adding repository directory to the temporary git global config as a safe directory
handle-success	Post Checkout code	2025-05-08T08:52:31.5013025Z [command]/usr/bin/git config --global --add safe.directory /actions-runner/_work/ka0s/ka0s
handle-success	Post Checkout code	2025-05-08T08:52:31.5052253Z [command]/usr/bin/git config --local --name-only --get-regexp core\.sshCommand
handle-success	Post Checkout code	2025-05-08T08:52:31.5085105Z [command]/usr/bin/git submodule foreach --recursive sh -c "git config --local --name-only --get-regexp 'core\.sshCommand' && git config --local --unset-all 'core.sshCommand' || :"
handle-success	Post Checkout code	2025-05-08T08:52:31.5320566Z [command]/usr/bin/git config --local --name-only --get-regexp http\.https\:\/\/github\.com\/\.extraheader
handle-success	Post Checkout code	2025-05-08T08:52:31.5340030Z http.https://github.com/.extraheader
handle-success	Post Checkout code	2025-05-08T08:52:31.5353574Z [command]/usr/bin/git config --local --unset-all http.https://github.com/.extraheader
handle-success	Post Checkout code	2025-05-08T08:52:31.5383847Z [command]/usr/bin/git submodule foreach --recursive sh -c "git config --local --name-only --get-regexp 'http\.https\:\/\/github\.com\/\.extraheader' && git config --local --unset-all 'http.https://github.com/.extraheader' || :"
handle-success	Complete job	ï»¿2025-05-08T08:52:31.5714026Z Cleaning up orphan processes
end-workflow	Set up job	ï»¿2025-05-08T08:52:36.5237210Z Current runner version: '2.323.0'
end-workflow	Set up job	2025-05-08T08:52:36.5241106Z Runner name: 'ka0s-7'
end-workflow	Set up job	2025-05-08T08:52:36.5241676Z Machine name: '26a53205c9ac'
end-workflow	Set up job	2025-05-08T08:52:36.5243243Z ##[group]GITHUB_TOKEN Permissions
end-workflow	Set up job	2025-05-08T08:52:36.5244661Z Contents: read
end-workflow	Set up job	2025-05-08T08:52:36.5244982Z Metadata: read
end-workflow	Set up job	2025-05-08T08:52:36.5245269Z Packages: read
end-workflow	Set up job	2025-05-08T08:52:36.5245545Z ##[endgroup]
end-workflow	Set up job	2025-05-08T08:52:36.5246752Z Secret source: Actions
end-workflow	Set up job	2025-05-08T08:52:36.5247117Z Prepare workflow directory
end-workflow	Set up job	2025-05-08T08:52:36.5629930Z Prepare all required actions
end-workflow	Set up job	2025-05-08T08:52:36.5661687Z Getting action download info
end-workflow	Set up job	2025-05-08T08:52:37.0322274Z Download action repository 'actions/checkout@v4' (SHA:11bd71901bbe5b1630ceea73d27597364c9af683)
end-workflow	Set up job	2025-05-08T08:52:37.8221331Z Complete job name: end-workflow
end-workflow	Checkout code	ï»¿2025-05-08T08:52:37.8534142Z ##[group]Run actions/checkout@v4
end-workflow	Checkout code	2025-05-08T08:52:37.8534765Z with:
end-workflow	Checkout code	2025-05-08T08:52:37.8535085Z   fetch-depth: 0
end-workflow	Checkout code	2025-05-08T08:52:37.8535625Z   token: ***
end-workflow	Checkout code	2025-05-08T08:52:37.8535940Z   repository: Ka0s-Klaus/ka0s
end-workflow	Checkout code	2025-05-08T08:52:37.8536372Z   ssh-strict: true
end-workflow	Checkout code	2025-05-08T08:52:37.8536693Z   ssh-user: git
end-workflow	Checkout code	2025-05-08T08:52:37.8537025Z   persist-credentials: true
end-workflow	Checkout code	2025-05-08T08:52:37.8537454Z   clean: true
end-workflow	Checkout code	2025-05-08T08:52:37.8537835Z   sparse-checkout-cone-mode: true
end-workflow	Checkout code	2025-05-08T08:52:37.8538238Z   fetch-tags: false
end-workflow	Checkout code	2025-05-08T08:52:37.8538591Z   show-progress: true
end-workflow	Checkout code	2025-05-08T08:52:37.8538917Z   lfs: false
end-workflow	Checkout code	2025-05-08T08:52:37.8539217Z   submodules: false
end-workflow	Checkout code	2025-05-08T08:52:37.8539562Z   set-safe-directory: true
end-workflow	Checkout code	2025-05-08T08:52:37.8540019Z env:
end-workflow	Checkout code	2025-05-08T08:52:37.8540297Z   KAOS_CODE: 14902556799
end-workflow	Checkout code	2025-05-08T08:52:37.8540666Z   KAOS_EVENT_NAME: workflow_dispatch
end-workflow	Checkout code	2025-05-08T08:52:37.8541072Z   KAOS_ACTION: 
end-workflow	Checkout code	2025-05-08T08:52:37.8541385Z   KAOS_REF: refs/heads/main
end-workflow	Checkout code	2025-05-08T08:52:37.8541788Z   KAOS_MODULE: [Ka0S] Deploy Web Structure
end-workflow	Checkout code	2025-05-08T08:52:37.8542282Z   KAOS_JSON_WEB: core/config/webs/webs.json
end-workflow	Checkout code	2025-05-08T08:52:37.8542745Z   KAOS_JSON_RESUME: core/outputs/webs/
end-workflow	Checkout code	2025-05-08T08:52:37.8543194Z   KAOS_JSON_DATA: core/web/data/data.json
end-workflow	Checkout code	2025-05-08T08:52:37.8544060Z   KAOS_WEB_STRUCTURE: core/results/webs/
end-workflow	Checkout code	2025-05-08T08:52:37.8544607Z   KAOS_ACTOR: AlejandroPB5
end-workflow	Checkout code	2025-05-08T08:52:37.8545168Z   GH_TOKEN: ***
end-workflow	Checkout code	2025-05-08T08:52:37.8545538Z ##[endgroup]
end-workflow	Checkout code	2025-05-08T08:52:37.9241387Z Syncing repository: Ka0s-Klaus/ka0s
end-workflow	Checkout code	2025-05-08T08:52:37.9242698Z ##[group]Getting Git version info
end-workflow	Checkout code	2025-05-08T08:52:37.9243221Z Working directory is '/actions-runner/_work/ka0s/ka0s'
end-workflow	Checkout code	2025-05-08T08:52:37.9244018Z [command]/usr/bin/git version
end-workflow	Checkout code	2025-05-08T08:52:37.9269311Z git version 2.43.0
end-workflow	Checkout code	2025-05-08T08:52:37.9290386Z ##[endgroup]
end-workflow	Checkout code	2025-05-08T08:52:37.9298926Z Copying '/home/kaos/.gitconfig' to '/actions-runner/_work/_temp/fdd527aa-3ccc-4bfc-97e4-af7b21ed8e53/.gitconfig'
end-workflow	Checkout code	2025-05-08T08:52:37.9310723Z Temporarily overriding HOME='/actions-runner/_work/_temp/fdd527aa-3ccc-4bfc-97e4-af7b21ed8e53' before making global git config changes
end-workflow	Checkout code	2025-05-08T08:52:37.9313075Z Adding repository directory to the temporary git global config as a safe directory
end-workflow	Checkout code	2025-05-08T08:52:37.9314796Z [command]/usr/bin/git config --global --add safe.directory /actions-runner/_work/ka0s/ka0s
end-workflow	Checkout code	2025-05-08T08:52:37.9345370Z [command]/usr/bin/git config --local --get remote.origin.url
end-workflow	Checkout code	2025-05-08T08:52:37.9362702Z https://github.com/Ka0s-Klaus/ka0s
end-workflow	Checkout code	2025-05-08T08:52:37.9381422Z ##[group]Removing previously created refs, to avoid conflicts
end-workflow	Checkout code	2025-05-08T08:52:37.9382961Z [command]/usr/bin/git rev-parse --symbolic-full-name --verify --quiet HEAD
end-workflow	Checkout code	2025-05-08T08:52:37.9404270Z refs/heads/main
end-workflow	Checkout code	2025-05-08T08:52:37.9413818Z [command]/usr/bin/git checkout --detach
end-workflow	Checkout code	2025-05-08T08:52:37.9504939Z HEAD is now at 02a0a9b8 [Ka0S] Uploading data files to web structure...
end-workflow	Checkout code	2025-05-08T08:52:37.9539630Z [command]/usr/bin/git branch --delete --force main
end-workflow	Checkout code	2025-05-08T08:52:37.9570865Z Deleted branch main (was 02a0a9b8).
end-workflow	Checkout code	2025-05-08T08:52:37.9617240Z ##[endgroup]
end-workflow	Checkout code	2025-05-08T08:52:37.9617789Z [command]/usr/bin/git submodule status
end-workflow	Checkout code	2025-05-08T08:52:37.9848761Z ##[group]Cleaning the repository
end-workflow	Checkout code	2025-05-08T08:52:37.9850685Z [command]/usr/bin/git clean -ffdx
end-workflow	Checkout code	2025-05-08T08:52:37.9904019Z [command]/usr/bin/git reset --hard HEAD
end-workflow	Checkout code	2025-05-08T08:52:38.0033410Z HEAD is now at 02a0a9b8 [Ka0S] Uploading data files to web structure...
end-workflow	Checkout code	2025-05-08T08:52:38.0035377Z ##[endgroup]
end-workflow	Checkout code	2025-05-08T08:52:38.0036668Z ##[group]Disabling automatic garbage collection
end-workflow	Checkout code	2025-05-08T08:52:38.0039804Z [command]/usr/bin/git config --local gc.auto 0
end-workflow	Checkout code	2025-05-08T08:52:38.0067656Z ##[endgroup]
end-workflow	Checkout code	2025-05-08T08:52:38.0068629Z ##[group]Setting up auth
end-workflow	Checkout code	2025-05-08T08:52:38.0081807Z [command]/usr/bin/git config --local --name-only --get-regexp core\.sshCommand
end-workflow	Checkout code	2025-05-08T08:52:38.0109371Z [command]/usr/bin/git submodule foreach --recursive sh -c "git config --local --name-only --get-regexp 'core\.sshCommand' && git config --local --unset-all 'core.sshCommand' || :"
end-workflow	Checkout code	2025-05-08T08:52:38.0349243Z [command]/usr/bin/git config --local --name-only --get-regexp http\.https\:\/\/github\.com\/\.extraheader
end-workflow	Checkout code	2025-05-08T08:52:38.0376048Z [command]/usr/bin/git submodule foreach --recursive sh -c "git config --local --name-only --get-regexp 'http\.https\:\/\/github\.com\/\.extraheader' && git config --local --unset-all 'http.https://github.com/.extraheader' || :"
end-workflow	Checkout code	2025-05-08T08:52:38.0620146Z [command]/usr/bin/git config --local http.https://github.com/.extraheader AUTHORIZATION: basic ***
end-workflow	Checkout code	2025-05-08T08:52:38.0663064Z ##[endgroup]
end-workflow	Checkout code	2025-05-08T08:52:38.0663914Z ##[group]Fetching the repository
end-workflow	Checkout code	2025-05-08T08:52:38.0668469Z [command]/usr/bin/git -c protocol.version=2 fetch --prune --no-recurse-submodules origin +refs/heads/*:refs/remotes/origin/* +refs/tags/*:refs/tags/*
end-workflow	Checkout code	2025-05-08T08:52:38.5738952Z [command]/usr/bin/git branch --list --remote origin/main
end-workflow	Checkout code	2025-05-08T08:52:38.5763276Z   origin/main
end-workflow	Checkout code	2025-05-08T08:52:38.5773144Z [command]/usr/bin/git rev-parse refs/remotes/origin/main
end-workflow	Checkout code	2025-05-08T08:52:38.5791833Z 02a0a9b8714dc95249c104348fc0d62a65eda443
end-workflow	Checkout code	2025-05-08T08:52:38.5804752Z [command]/usr/bin/git -c protocol.version=2 fetch --no-tags --prune --no-recurse-submodules origin +954e65d2868d4639b307e9c145e5c97882282a05:refs/remotes/origin/main
end-workflow	Checkout code	2025-05-08T08:52:38.5915754Z From https://github.com/Ka0s-Klaus/ka0s
end-workflow	Checkout code	2025-05-08T08:52:38.5917988Z  + 02a0a9b8...954e65d2 954e65d2868d4639b307e9c145e5c97882282a05 -> origin/main  (forced update)
end-workflow	Checkout code	2025-05-08T08:52:38.5938320Z ##[endgroup]
end-workflow	Checkout code	2025-05-08T08:52:38.5940044Z ##[group]Determining the checkout info
end-workflow	Checkout code	2025-05-08T08:52:38.5941685Z ##[endgroup]
end-workflow	Checkout code	2025-05-08T08:52:38.5943049Z [command]/usr/bin/git sparse-checkout disable
end-workflow	Checkout code	2025-05-08T08:52:38.6010453Z [command]/usr/bin/git config --local --unset-all extensions.worktreeConfig
end-workflow	Checkout code	2025-05-08T08:52:38.6039137Z ##[group]Checking out the ref
end-workflow	Checkout code	2025-05-08T08:52:38.6043137Z [command]/usr/bin/git checkout --progress --force -B main refs/remotes/origin/main
end-workflow	Checkout code	2025-05-08T08:52:38.6202631Z Warning: you are leaving 1 commit behind, not connected to
end-workflow	Checkout code	2025-05-08T08:52:38.6204765Z any of your branches:
end-workflow	Checkout code	2025-05-08T08:52:38.6205444Z 
end-workflow	Checkout code	2025-05-08T08:52:38.6206177Z   02a0a9b8 [Ka0S] Uploading data files to web structure...
end-workflow	Checkout code	2025-05-08T08:52:38.6207485Z 
end-workflow	Checkout code	2025-05-08T08:52:38.6208338Z If you want to keep it by creating a new branch, this may be a good time
end-workflow	Checkout code	2025-05-08T08:52:38.6210279Z to do so with:
end-workflow	Checkout code	2025-05-08T08:52:38.6210938Z 
end-workflow	Checkout code	2025-05-08T08:52:38.6211534Z  git branch <new-branch-name> 02a0a9b8
end-workflow	Checkout code	2025-05-08T08:52:38.6212638Z 
end-workflow	Checkout code	2025-05-08T08:52:38.6213164Z Switched to a new branch 'main'
end-workflow	Checkout code	2025-05-08T08:52:38.6214751Z branch 'main' set up to track 'origin/main'.
end-workflow	Checkout code	2025-05-08T08:52:38.6218280Z ##[endgroup]
end-workflow	Checkout code	2025-05-08T08:52:38.6252101Z [command]/usr/bin/git log -1 --format=%H
end-workflow	Checkout code	2025-05-08T08:52:38.6280248Z 954e65d2868d4639b307e9c145e5c97882282a05
end-workflow	Finaliza el workflow	ï»¿2025-05-08T08:52:38.6518935Z ##[group]Run echo "End process"
end-workflow	Finaliza el workflow	2025-05-08T08:52:38.6519814Z [36;1mecho "End process"[0m
end-workflow	Finaliza el workflow	2025-05-08T08:52:38.6520736Z [36;1m# RNNUMBER=$(echo "refs/heads/main" | grep -o '[0-9]*')[0m
end-workflow	Finaliza el workflow	2025-05-08T08:52:38.6521723Z [36;1mRNNUMBER=220[0m
end-workflow	Finaliza el workflow	2025-05-08T08:52:38.6522652Z [36;1mgh issue comment $RNNUMBER --body "Se finaliza Ka0s 14902556799"[0m
end-workflow	Finaliza el workflow	2025-05-08T08:52:38.6525065Z [36;1mgh workflow run inspector.yml --ref 'main' -f kaos-issue-id=$RNNUMBER -f kaos-workflow-id="14902556799" -f kaos-user-start=""[0m
end-workflow	Finaliza el workflow	2025-05-08T08:52:38.6534217Z shell: /usr/bin/bash -e {0}
end-workflow	Finaliza el workflow	2025-05-08T08:52:38.6535057Z env:
end-workflow	Finaliza el workflow	2025-05-08T08:52:38.6535623Z   KAOS_CODE: 14902556799
end-workflow	Finaliza el workflow	2025-05-08T08:52:38.6536302Z   KAOS_EVENT_NAME: workflow_dispatch
end-workflow	Finaliza el workflow	2025-05-08T08:52:38.6537034Z   KAOS_ACTION: 
end-workflow	Finaliza el workflow	2025-05-08T08:52:38.6537612Z   KAOS_REF: refs/heads/main
end-workflow	Finaliza el workflow	2025-05-08T08:52:38.6538319Z   KAOS_MODULE: [Ka0S] Deploy Web Structure
end-workflow	Finaliza el workflow	2025-05-08T08:52:38.6539143Z   KAOS_JSON_WEB: core/config/webs/webs.json
end-workflow	Finaliza el workflow	2025-05-08T08:52:38.6539974Z   KAOS_JSON_RESUME: core/outputs/webs/
end-workflow	Finaliza el workflow	2025-05-08T08:52:38.6540808Z   KAOS_JSON_DATA: core/web/data/data.json
end-workflow	Finaliza el workflow	2025-05-08T08:52:38.6541637Z   KAOS_WEB_STRUCTURE: core/results/webs/
end-workflow	Finaliza el workflow	2025-05-08T08:52:38.6542435Z   KAOS_ACTOR: AlejandroPB5
end-workflow	Finaliza el workflow	2025-05-08T08:52:38.6543465Z   GH_TOKEN: ***
end-workflow	Finaliza el workflow	2025-05-08T08:52:38.6544171Z ##[endgroup]
end-workflow	Finaliza el workflow	2025-05-08T08:52:38.6600761Z End process
end-workflow	Finaliza el workflow	2025-05-08T08:52:39.6173202Z https://github.com/Ka0s-Klaus/ka0s/issues/220#issuecomment-2862273681
end-workflow	Copiar archivos JS y otros recursos estÃ¡ticos	ï»¿2025-05-08T08:52:40.2395012Z ##[group]Run # Copiar todos los archivos JS
end-workflow	Copiar archivos JS y otros recursos estÃ¡ticos	2025-05-08T08:52:40.2395417Z [36;1m# Copiar todos los archivos JS[0m
end-workflow	Copiar archivos JS y otros recursos estÃ¡ticos	2025-05-08T08:52:40.2395708Z [36;1mSTRUCTURE_FILE="core/config/webs/webs.json"[0m
end-workflow	Copiar archivos JS y otros recursos estÃ¡ticos	2025-05-08T08:52:40.2396031Z [36;1mTITLE=$(cat $STRUCTURE_FILE | jq -r '.title')[0m
end-workflow	Copiar archivos JS y otros recursos estÃ¡ticos	2025-05-08T08:52:40.2396331Z [36;1mmkdir -p "core/results/webs/$TITLE/js"[0m
end-workflow	Copiar archivos JS y otros recursos estÃ¡ticos	2025-05-08T08:52:40.2396587Z [36;1mcp -r core/web/js/* "core/results/webs/$TITLE/js/" || true[0m
end-workflow	Copiar archivos JS y otros recursos estÃ¡ticos	2025-05-08T08:52:40.2396811Z [36;1mgit add core/results/webs/dashboard/*[0m
end-workflow	Copiar archivos JS y otros recursos estÃ¡ticos	2025-05-08T08:52:40.2397008Z [36;1m[0m
end-workflow	Copiar archivos JS y otros recursos estÃ¡ticos	2025-05-08T08:52:40.2397203Z [36;1m# Verificar si el archivo dashboard.html existe y no estÃ¡ rastreado[0m
end-workflow	Copiar archivos JS y otros recursos estÃ¡ticos	2025-05-08T08:52:40.2397648Z [36;1mif [ -f "core/results/webs/dashboard/dashboard.html" ] && ! git ls-files --error-unmatch core/results/webs/dashboard/dashboard.html > /dev/null 2>&1; then[0m
end-workflow	Copiar archivos JS y otros recursos estÃ¡ticos	2025-05-08T08:52:40.2398135Z [36;1m  echo "El archivo dashboard.html existe pero no estÃ¡ rastreado. AÃ±adiÃ©ndolo al staging..."[0m
end-workflow	Copiar archivos JS y otros recursos estÃ¡ticos	2025-05-08T08:52:40.2398474Z [36;1m  git add core/results/webs/dashboard/dashboard.html[0m
end-workflow	Copiar archivos JS y otros recursos estÃ¡ticos	2025-05-08T08:52:40.2398729Z [36;1m  git commit -m "[Ka0S] AÃ±adiendo dashboard.html antes del pull"[0m
end-workflow	Copiar archivos JS y otros recursos estÃ¡ticos	2025-05-08T08:52:40.2398936Z [36;1mfi[0m
end-workflow	Copiar archivos JS y otros recursos estÃ¡ticos	2025-05-08T08:52:40.2399090Z [36;1m[0m
end-workflow	Copiar archivos JS y otros recursos estÃ¡ticos	2025-05-08T08:52:40.2399272Z [36;1m# Hacer pull con estrategia de recursiÃ³n para manejar conflictos[0m
end-workflow	Copiar archivos JS y otros recursos estÃ¡ticos	2025-05-08T08:52:40.2399503Z [36;1mgit pull --strategy-option=theirs[0m
end-workflow	Copiar archivos JS y otros recursos estÃ¡ticos	2025-05-08T08:52:40.2399672Z [36;1m[0m
end-workflow	Copiar archivos JS y otros recursos estÃ¡ticos	2025-05-08T08:52:40.2399833Z [36;1m# AÃ±adir todos los archivos de la carpeta dashboard[0m
end-workflow	Copiar archivos JS y otros recursos estÃ¡ticos	2025-05-08T08:52:40.2400043Z [36;1mgit add core/results/webs/dashboard/*[0m
end-workflow	Copiar archivos JS y otros recursos estÃ¡ticos	2025-05-08T08:52:40.2400208Z [36;1m[0m
end-workflow	Copiar archivos JS y otros recursos estÃ¡ticos	2025-05-08T08:52:40.2400351Z [36;1m# Verify if there are changes to commit[0m
end-workflow	Copiar archivos JS y otros recursos estÃ¡ticos	2025-05-08T08:52:40.2400547Z [36;1mif git diff --staged --quiet; then[0m
end-workflow	Copiar archivos JS y otros recursos estÃ¡ticos	2025-05-08T08:52:40.2400743Z [36;1m  echo "No hay cambios para hacer commit"[0m
end-workflow	Copiar archivos JS y otros recursos estÃ¡ticos	2025-05-08T08:52:40.2400934Z [36;1melse[0m
end-workflow	Copiar archivos JS y otros recursos estÃ¡ticos	2025-05-08T08:52:40.2401128Z [36;1m  git commit -m "[Ka0S] Uploading dashboard files to web structure..."[0m
end-workflow	Copiar archivos JS y otros recursos estÃ¡ticos	2025-05-08T08:52:40.2401373Z [36;1m  git push origin refs/heads/main[0m
end-workflow	Copiar archivos JS y otros recursos estÃ¡ticos	2025-05-08T08:52:40.2401540Z [36;1mfi[0m
end-workflow	Copiar archivos JS y otros recursos estÃ¡ticos	2025-05-08T08:52:40.2406451Z shell: /usr/bin/bash -e {0}
end-workflow	Copiar archivos JS y otros recursos estÃ¡ticos	2025-05-08T08:52:40.2406649Z env:
end-workflow	Copiar archivos JS y otros recursos estÃ¡ticos	2025-05-08T08:52:40.2406780Z   KAOS_CODE: 14902556799
end-workflow	Copiar archivos JS y otros recursos estÃ¡ticos	2025-05-08T08:52:40.2406938Z   KAOS_EVENT_NAME: workflow_dispatch
end-workflow	Copiar archivos JS y otros recursos estÃ¡ticos	2025-05-08T08:52:40.2407104Z   KAOS_ACTION: 
end-workflow	Copiar archivos JS y otros recursos estÃ¡ticos	2025-05-08T08:52:40.2407235Z   KAOS_REF: refs/heads/main
end-workflow	Copiar archivos JS y otros recursos estÃ¡ticos	2025-05-08T08:52:40.2407396Z   KAOS_MODULE: [Ka0S] Deploy Web Structure
end-workflow	Copiar archivos JS y otros recursos estÃ¡ticos	2025-05-08T08:52:40.2407578Z   KAOS_JSON_WEB: core/config/webs/webs.json
end-workflow	Copiar archivos JS y otros recursos estÃ¡ticos	2025-05-08T08:52:40.2407756Z   KAOS_JSON_RESUME: core/outputs/webs/
end-workflow	Copiar archivos JS y otros recursos estÃ¡ticos	2025-05-08T08:52:40.2407925Z   KAOS_JSON_DATA: core/web/data/data.json
end-workflow	Copiar archivos JS y otros recursos estÃ¡ticos	2025-05-08T08:52:40.2408100Z   KAOS_WEB_STRUCTURE: core/results/webs/
end-workflow	Copiar archivos JS y otros recursos estÃ¡ticos	2025-05-08T08:52:40.2408268Z   KAOS_ACTOR: AlejandroPB5
end-workflow	Copiar archivos JS y otros recursos estÃ¡ticos	2025-05-08T08:52:40.2408565Z   GH_TOKEN: ***
end-workflow	Copiar archivos JS y otros recursos estÃ¡ticos	2025-05-08T08:52:40.2408792Z ##[endgroup]
end-workflow	Copiar archivos JS y otros recursos estÃ¡ticos	2025-05-08T08:52:40.7688124Z From https://github.com/Ka0s-Klaus/ka0s
end-workflow	Copiar archivos JS y otros recursos estÃ¡ticos	2025-05-08T08:52:40.7688712Z    954e65d2..02a0a9b8  main       -> origin/main
end-workflow	Copiar archivos JS y otros recursos estÃ¡ticos	2025-05-08T08:52:40.7825869Z Updating 954e65d2..02a0a9b8
end-workflow	Copiar archivos JS y otros recursos estÃ¡ticos	2025-05-08T08:52:40.7827969Z Fast-forward
end-workflow	Copiar archivos JS y otros recursos estÃ¡ticos	2025-05-08T08:52:40.7847562Z  core/outputs/webs/dashboard/data-files-summary.json | 2 +-
end-workflow	Copiar archivos JS y otros recursos estÃ¡ticos	2025-05-08T08:52:40.7848120Z  1 file changed, 1 insertion(+), 1 deletion(-)
end-workflow	Copiar archivos JS y otros recursos estÃ¡ticos	2025-05-08T08:52:40.7936317Z No hay cambios para hacer commit
end-workflow	Post Checkout code	ï»¿2025-05-08T08:52:40.7982534Z Post job cleanup.
end-workflow	Post Checkout code	2025-05-08T08:52:40.8631318Z [command]/usr/bin/git version
end-workflow	Post Checkout code	2025-05-08T08:52:40.8659363Z git version 2.43.0
end-workflow	Post Checkout code	2025-05-08T08:52:40.8682555Z Copying '/home/kaos/.gitconfig' to '/actions-runner/_work/_temp/10158f77-2f8b-43ab-baa3-521cffc5ac36/.gitconfig'
end-workflow	Post Checkout code	2025-05-08T08:52:40.8698174Z Temporarily overriding HOME='/actions-runner/_work/_temp/10158f77-2f8b-43ab-baa3-521cffc5ac36' before making global git config changes
end-workflow	Post Checkout code	2025-05-08T08:52:40.8699306Z Adding repository directory to the temporary git global config as a safe directory
end-workflow	Post Checkout code	2025-05-08T08:52:40.8701975Z [command]/usr/bin/git config --global --add safe.directory /actions-runner/_work/ka0s/ka0s
end-workflow	Post Checkout code	2025-05-08T08:52:40.8731968Z [command]/usr/bin/git config --local --name-only --get-regexp core\.sshCommand
end-workflow	Post Checkout code	2025-05-08T08:52:40.8758389Z [command]/usr/bin/git submodule foreach --recursive sh -c "git config --local --name-only --get-regexp 'core\.sshCommand' && git config --local --unset-all 'core.sshCommand' || :"
end-workflow	Post Checkout code	2025-05-08T08:52:40.8998359Z [command]/usr/bin/git config --local --name-only --get-regexp http\.https\:\/\/github\.com\/\.extraheader
end-workflow	Post Checkout code	2025-05-08T08:52:40.9023206Z http.https://github.com/.extraheader
end-workflow	Post Checkout code	2025-05-08T08:52:40.9036234Z [command]/usr/bin/git config --local --unset-all http.https://github.com/.extraheader
end-workflow	Post Checkout code	2025-05-08T08:52:40.9072642Z [command]/usr/bin/git submodule foreach --recursive sh -c "git config --local --name-only --get-regexp 'http\.https\:\/\/github\.com\/\.extraheader' && git config --local --unset-all 'http.https://github.com/.extraheader' || :"
end-workflow	Complete job	ï»¿2025-05-08T08:52:40.9392336Z Cleaning up orphan processes
