job-core	Set up job	﻿2025-05-12T08:37:07.9729216Z Current runner version: '2.323.0'
job-core	Set up job	2025-05-12T08:37:07.9732954Z Runner name: 'ka0s-9'
job-core	Set up job	2025-05-12T08:37:07.9733781Z Machine name: '26a53205c9ac'
job-core	Set up job	2025-05-12T08:37:07.9735401Z ##[group]GITHUB_TOKEN Permissions
job-core	Set up job	2025-05-12T08:37:07.9736886Z Contents: read
job-core	Set up job	2025-05-12T08:37:07.9737202Z Metadata: read
job-core	Set up job	2025-05-12T08:37:07.9737494Z Packages: read
job-core	Set up job	2025-05-12T08:37:07.9737793Z ##[endgroup]
job-core	Set up job	2025-05-12T08:37:07.9739048Z Secret source: Actions
job-core	Set up job	2025-05-12T08:37:07.9739527Z Prepare workflow directory
job-core	Set up job	2025-05-12T08:37:08.0117135Z Prepare all required actions
job-core	Set up job	2025-05-12T08:37:08.0146293Z Getting action download info
job-core	Set up job	2025-05-12T08:37:09.3077015Z Download action repository 'actions/checkout@v4' (SHA:11bd71901bbe5b1630ceea73d27597364c9af683)
job-core	Set up job	2025-05-12T08:37:20.6337697Z Complete job name: job-core
job-core	Checkout code	﻿2025-05-12T08:37:20.6595942Z ##[group]Run actions/checkout@v4
job-core	Checkout code	2025-05-12T08:37:20.6596330Z with:
job-core	Checkout code	2025-05-12T08:37:20.6596520Z   fetch-depth: 0
job-core	Checkout code	2025-05-12T08:37:20.6596974Z   token: ***
job-core	Checkout code	2025-05-12T08:37:20.6597169Z   repository: Ka0s-Klaus/ka0s
job-core	Checkout code	2025-05-12T08:37:20.6597416Z   ssh-strict: true
job-core	Checkout code	2025-05-12T08:37:20.6597600Z   ssh-user: git
job-core	Checkout code	2025-05-12T08:37:20.6597794Z   persist-credentials: true
job-core	Checkout code	2025-05-12T08:37:20.6597997Z   clean: true
job-core	Checkout code	2025-05-12T08:37:20.6598185Z   sparse-checkout-cone-mode: true
job-core	Checkout code	2025-05-12T08:37:20.6598403Z   fetch-tags: false
job-core	Checkout code	2025-05-12T08:37:20.6598593Z   show-progress: true
job-core	Checkout code	2025-05-12T08:37:20.6598791Z   lfs: false
job-core	Checkout code	2025-05-12T08:37:20.6598977Z   submodules: false
job-core	Checkout code	2025-05-12T08:37:20.6599167Z   set-safe-directory: true
job-core	Checkout code	2025-05-12T08:37:20.6599459Z env:
job-core	Checkout code	2025-05-12T08:37:20.6599641Z   KAOS_CODE: 14967653733
job-core	Checkout code	2025-05-12T08:37:20.6599843Z   KAOS_EVENT_NAME: push
job-core	Checkout code	2025-05-12T08:37:20.6600037Z   KAOS_ACTION: 
job-core	Checkout code	2025-05-12T08:37:20.6600260Z   KAOS_REF: refs/heads/H1150-desarrollo-de-secciones
job-core	Checkout code	2025-05-12T08:37:20.6600505Z   KAOS_MODULE: [Ka0S] kaos
job-core	Checkout code	2025-05-12T08:37:20.6600735Z   KAOS_PATH_RESUME: core/results/k/
job-core	Checkout code	2025-05-12T08:37:20.6600964Z   KAOS_JSON: core/results/k/event_data_
job-core	Checkout code	2025-05-12T08:37:20.6601189Z   KAOS_ACTOR: jorgecg646
job-core	Checkout code	2025-05-12T08:37:20.6601387Z   GITHUB_OUTPUT: 
job-core	Checkout code	2025-05-12T08:37:20.6601569Z ##[endgroup]
job-core	Checkout code	2025-05-12T08:37:20.7325717Z Syncing repository: Ka0s-Klaus/ka0s
job-core	Checkout code	2025-05-12T08:37:20.7327005Z ##[group]Getting Git version info
job-core	Checkout code	2025-05-12T08:37:20.7327321Z Working directory is '/actions-runner/_work/ka0s/ka0s'
job-core	Checkout code	2025-05-12T08:37:20.7327793Z [command]/usr/bin/git version
job-core	Checkout code	2025-05-12T08:37:20.7329214Z git version 2.43.0
job-core	Checkout code	2025-05-12T08:37:20.7357579Z ##[endgroup]
job-core	Checkout code	2025-05-12T08:37:20.7371850Z Copying '/home/kaos/.gitconfig' to '/actions-runner/_work/_temp/c1d31149-047a-4870-a530-f47394bf8938/.gitconfig'
job-core	Checkout code	2025-05-12T08:37:20.7387218Z Temporarily overriding HOME='/actions-runner/_work/_temp/c1d31149-047a-4870-a530-f47394bf8938' before making global git config changes
job-core	Checkout code	2025-05-12T08:37:20.7388295Z Adding repository directory to the temporary git global config as a safe directory
job-core	Checkout code	2025-05-12T08:37:20.7391303Z [command]/usr/bin/git config --global --add safe.directory /actions-runner/_work/ka0s/ka0s
job-core	Checkout code	2025-05-12T08:37:20.7483679Z [command]/usr/bin/git config --local --get remote.origin.url
job-core	Checkout code	2025-05-12T08:37:20.7502026Z https://github.com/Ka0s-Klaus/ka0s
job-core	Checkout code	2025-05-12T08:37:20.7523201Z ##[group]Removing previously created refs, to avoid conflicts
job-core	Checkout code	2025-05-12T08:37:20.7531545Z [command]/usr/bin/git rev-parse --symbolic-full-name --verify --quiet HEAD
job-core	Checkout code	2025-05-12T08:37:20.7548538Z refs/heads/H1150-desarrollo-de-secciones
job-core	Checkout code	2025-05-12T08:37:20.7559333Z [command]/usr/bin/git checkout --detach
job-core	Checkout code	2025-05-12T08:37:20.7662429Z HEAD is now at e646feb5 [Ka0S] Uploading resume execution files to the repository...
job-core	Checkout code	2025-05-12T08:37:20.7726972Z [command]/usr/bin/git branch --delete --force H1150-desarrollo-de-secciones
job-core	Checkout code	2025-05-12T08:37:20.7743494Z Deleted branch H1150-desarrollo-de-secciones (was e646feb5).
job-core	Checkout code	2025-05-12T08:37:20.7803184Z ##[endgroup]
job-core	Checkout code	2025-05-12T08:37:20.7807193Z [command]/usr/bin/git submodule status
job-core	Checkout code	2025-05-12T08:37:20.8035002Z ##[group]Cleaning the repository
job-core	Checkout code	2025-05-12T08:37:20.8040522Z [command]/usr/bin/git clean -ffdx
job-core	Checkout code	2025-05-12T08:37:20.8106532Z [command]/usr/bin/git reset --hard HEAD
job-core	Checkout code	2025-05-12T08:37:20.8246286Z HEAD is now at e646feb5 [Ka0S] Uploading resume execution files to the repository...
job-core	Checkout code	2025-05-12T08:37:20.8248287Z ##[endgroup]
job-core	Checkout code	2025-05-12T08:37:20.8251631Z ##[group]Disabling automatic garbage collection
job-core	Checkout code	2025-05-12T08:37:20.8255546Z [command]/usr/bin/git config --local gc.auto 0
job-core	Checkout code	2025-05-12T08:37:20.8285331Z ##[endgroup]
job-core	Checkout code	2025-05-12T08:37:20.8285987Z ##[group]Setting up auth
job-core	Checkout code	2025-05-12T08:37:20.8296907Z [command]/usr/bin/git config --local --name-only --get-regexp core\.sshCommand
job-core	Checkout code	2025-05-12T08:37:20.8323188Z [command]/usr/bin/git submodule foreach --recursive sh -c "git config --local --name-only --get-regexp 'core\.sshCommand' && git config --local --unset-all 'core.sshCommand' || :"
job-core	Checkout code	2025-05-12T08:37:20.8562967Z [command]/usr/bin/git config --local --name-only --get-regexp http\.https\:\/\/github\.com\/\.extraheader
job-core	Checkout code	2025-05-12T08:37:20.8590264Z [command]/usr/bin/git submodule foreach --recursive sh -c "git config --local --name-only --get-regexp 'http\.https\:\/\/github\.com\/\.extraheader' && git config --local --unset-all 'http.https://github.com/.extraheader' || :"
job-core	Checkout code	2025-05-12T08:37:20.8824045Z [command]/usr/bin/git config --local http.https://github.com/.extraheader AUTHORIZATION: basic ***
job-core	Checkout code	2025-05-12T08:37:20.8866024Z ##[endgroup]
job-core	Checkout code	2025-05-12T08:37:20.8867333Z ##[group]Fetching the repository
job-core	Checkout code	2025-05-12T08:37:20.8873420Z [command]/usr/bin/git -c protocol.version=2 fetch --prune --no-recurse-submodules origin +refs/heads/*:refs/remotes/origin/* +refs/tags/*:refs/tags/*
job-core	Checkout code	2025-05-12T08:38:08.9208881Z From https://github.com/Ka0s-Klaus/ka0s
job-core	Checkout code	2025-05-12T08:38:08.9209911Z    efba056a..7f25e532  H1149-desarrollo-de-orchestrator -> origin/H1149-desarrollo-de-orchestrator
job-core	Checkout code	2025-05-12T08:38:08.9210773Z    e646feb5..71cf173e  H1150-desarrollo-de-secciones -> origin/H1150-desarrollo-de-secciones
job-core	Checkout code	2025-05-12T08:38:08.9211666Z    73cffd1f..61166fde  H1152-desarrollo-inicio -> origin/H1152-desarrollo-inicio
job-core	Checkout code	2025-05-12T08:38:08.9214611Z    61166fde..8bf5f422  main                    -> origin/main
job-core	Checkout code	2025-05-12T08:38:08.9274797Z [command]/usr/bin/git branch --list --remote origin/H1150-desarrollo-de-secciones
job-core	Checkout code	2025-05-12T08:38:08.9305191Z   origin/H1150-desarrollo-de-secciones
job-core	Checkout code	2025-05-12T08:38:08.9313710Z [command]/usr/bin/git rev-parse refs/remotes/origin/H1150-desarrollo-de-secciones
job-core	Checkout code	2025-05-12T08:38:08.9338901Z 71cf173e00eb6f5b290df85bdc0545e3cbf31269
job-core	Checkout code	2025-05-12T08:38:08.9340261Z ##[endgroup]
job-core	Checkout code	2025-05-12T08:38:08.9341393Z ##[group]Determining the checkout info
job-core	Checkout code	2025-05-12T08:38:08.9341822Z ##[endgroup]
job-core	Checkout code	2025-05-12T08:38:08.9350392Z [command]/usr/bin/git sparse-checkout disable
job-core	Checkout code	2025-05-12T08:38:08.9409811Z [command]/usr/bin/git config --local --unset-all extensions.worktreeConfig
job-core	Checkout code	2025-05-12T08:38:08.9438138Z ##[group]Checking out the ref
job-core	Checkout code	2025-05-12T08:38:08.9444032Z [command]/usr/bin/git checkout --progress --force -B H1150-desarrollo-de-secciones refs/remotes/origin/H1150-desarrollo-de-secciones
job-core	Checkout code	2025-05-12T08:38:08.9592169Z Previous HEAD position was e646feb5 [Ka0S] Uploading resume execution files to the repository...
job-core	Checkout code	2025-05-12T08:38:08.9593948Z Switched to a new branch 'H1150-desarrollo-de-secciones'
job-core	Checkout code	2025-05-12T08:38:08.9595063Z branch 'H1150-desarrollo-de-secciones' set up to track 'origin/H1150-desarrollo-de-secciones'.
job-core	Checkout code	2025-05-12T08:38:08.9603739Z ##[endgroup]
job-core	Checkout code	2025-05-12T08:38:08.9647992Z [command]/usr/bin/git log -1 --format=%H
job-core	Checkout code	2025-05-12T08:38:08.9677665Z 71cf173e00eb6f5b290df85bdc0545e3cbf31269
job-core	Validate file extensions	﻿2025-05-12T08:38:08.9854856Z ##[group]Run # Nueva ejecución
job-core	Validate file extensions	2025-05-12T08:38:08.9855179Z [36;1m# Nueva ejecución[0m
job-core	Validate file extensions	2025-05-12T08:38:08.9855481Z [36;1mRNNUMBER=$(echo "H1150-desarrollo-de-secciones" | grep -o '[0-9]*')[0m
job-core	Validate file extensions	2025-05-12T08:38:08.9855852Z [36;1mgh issue comment $RNNUMBER --body "Se inicia Ka0s 14967653733 "[0m
job-core	Validate file extensions	2025-05-12T08:38:08.9861932Z shell: /usr/bin/bash -e {0}
job-core	Validate file extensions	2025-05-12T08:38:08.9862131Z env:
job-core	Validate file extensions	2025-05-12T08:38:08.9862275Z   KAOS_CODE: 14967653733
job-core	Validate file extensions	2025-05-12T08:38:08.9862466Z   KAOS_EVENT_NAME: push
job-core	Validate file extensions	2025-05-12T08:38:08.9862651Z   KAOS_ACTION: 
job-core	Validate file extensions	2025-05-12T08:38:08.9862996Z   KAOS_REF: refs/heads/H1150-desarrollo-de-secciones
job-core	Validate file extensions	2025-05-12T08:38:08.9863210Z   KAOS_MODULE: [Ka0S] kaos
job-core	Validate file extensions	2025-05-12T08:38:08.9863386Z   KAOS_PATH_RESUME: core/results/k/
job-core	Validate file extensions	2025-05-12T08:38:08.9863579Z   KAOS_JSON: core/results/k/event_data_
job-core	Validate file extensions	2025-05-12T08:38:08.9863764Z   KAOS_ACTOR: jorgecg646
job-core	Validate file extensions	2025-05-12T08:38:08.9863925Z   GITHUB_OUTPUT: 
job-core	Validate file extensions	2025-05-12T08:38:08.9864534Z   GH_TOKEN: ***
job-core	Validate file extensions	2025-05-12T08:38:08.9864712Z ##[endgroup]
job-core	Validate file extensions	2025-05-12T08:38:11.4529703Z https://github.com/Ka0s-Klaus/ka0s/issues/1150#issuecomment-2871471411
job-core	Crear JSON	﻿2025-05-12T08:38:11.4588380Z ##[group]Run # Create JSON structure using proper bash syntax
job-core	Crear JSON	2025-05-12T08:38:11.4588736Z [36;1m# Create JSON structure using proper bash syntax[0m
job-core	Crear JSON	2025-05-12T08:38:11.4588994Z [36;1mcat > core/results/k/event_data_14967653733.json << EOF[0m
job-core	Crear JSON	2025-05-12T08:38:11.4589213Z [36;1m{[0m
job-core	Crear JSON	2025-05-12T08:38:11.4589364Z [36;1m  "event_type": "push",[0m
job-core	Crear JSON	2025-05-12T08:38:11.4589597Z [36;1m  "trigger_branch": "refs/heads/H1150-desarrollo-de-secciones",[0m
job-core	Crear JSON	2025-05-12T08:38:11.4589880Z [36;1m  "timestamp": "$(date -u +"%Y-%m-%dT%H:%M:%SZ")",[0m
job-core	Crear JSON	2025-05-12T08:38:11.4590085Z [36;1m  "author": {[0m
job-core	Crear JSON	2025-05-12T08:38:11.4590247Z [36;1m    "name": "jorgecg646",[0m
job-core	Crear JSON	2025-05-12T08:38:11.4590436Z [36;1m    "email": "jorgecg646@gmail.com"[0m
job-core	Crear JSON	2025-05-12T08:38:11.4590619Z [36;1m  },[0m
job-core	Crear JSON	2025-05-12T08:38:11.4590769Z [36;1m  "commits": [],[0m
job-core	Crear JSON	2025-05-12T08:38:11.4590930Z [36;1m  "files": [][0m
job-core	Crear JSON	2025-05-12T08:38:11.4591081Z [36;1m}[0m
job-core	Crear JSON	2025-05-12T08:38:11.4591213Z [36;1mEOF[0m
job-core	Crear JSON	2025-05-12T08:38:11.4591345Z [36;1m[0m
job-core	Crear JSON	2025-05-12T08:38:11.4591529Z [36;1m# Add commits if this is a push event[0m
job-core	Crear JSON	2025-05-12T08:38:11.4591724Z [36;1mif [[ "push" == "push" ]]; then[0m
job-core	Crear JSON	2025-05-12T08:38:11.4591918Z [36;1m  # Create a temporary file for commits[0m
job-core	Crear JSON	2025-05-12T08:38:11.4592114Z [36;1m  TEMP_COMMITS=$(mktemp)[0m
job-core	Crear JSON	2025-05-12T08:38:11.4592297Z [36;1m  echo "[" > "$TEMP_COMMITS"[0m
job-core	Crear JSON	2025-05-12T08:38:11.4592464Z [36;1m  [0m
job-core	Crear JSON	2025-05-12T08:38:11.4592607Z [36;1m  # Process each commit[0m
job-core	Crear JSON	2025-05-12T08:38:11.4592778Z [36;1m  FIRST=true[0m
job-core	Crear JSON	2025-05-12T08:38:11.4592945Z [36;1m  while IFS= read -r commit; do[0m
job-core	Crear JSON	2025-05-12T08:38:11.4593134Z [36;1m    if [ "$FIRST" = true ]; then[0m
job-core	Crear JSON	2025-05-12T08:38:11.4593313Z [36;1m      FIRST=false[0m
job-core	Crear JSON	2025-05-12T08:38:11.4593473Z [36;1m    else[0m
job-core	Crear JSON	2025-05-12T08:38:11.4593630Z [36;1m      echo "," >> "$TEMP_COMMITS"[0m
job-core	Crear JSON	2025-05-12T08:38:11.4593812Z [36;1m    fi[0m
job-core	Crear JSON	2025-05-12T08:38:11.4594301Z [36;1m    git log -1 --pretty=format:'{"sha":"%H","author":"%an","email":"%ae","date":"%aI","message":"%s"}' "$commit" >> "$TEMP_COMMITS"[0m
job-core	Crear JSON	2025-05-12T08:38:11.4594863Z [36;1m  done < <(git rev-list e646feb5d08e1702feeb5680f177af0344304f14..71cf173e00eb6f5b290df85bdc0545e3cbf31269)[0m
job-core	Crear JSON	2025-05-12T08:38:11.4595282Z [36;1m  echo "]" >> "$TEMP_COMMITS"[0m
job-core	Crear JSON	2025-05-12T08:38:11.4595535Z [36;1m  [0m
job-core	Crear JSON	2025-05-12T08:38:11.4595757Z [36;1m  # Insert commits into main JSON[0m
job-core	Crear JSON	2025-05-12T08:38:11.4596187Z [36;1m  sed -i.bak -e '/"commits": \[/r '$TEMP_COMMITS'' -e '/"commits": \[/d' core/results/k/event_data_14967653733.json[0m
job-core	Crear JSON	2025-05-12T08:38:11.4596542Z [36;1m  rm "$TEMP_COMMITS"[0m
job-core	Crear JSON	2025-05-12T08:38:11.4596898Z [36;1m[0m
job-core	Crear JSON	2025-05-12T08:38:11.4597069Z [36;1m  # Add changed files[0m
job-core	Crear JSON	2025-05-12T08:38:11.4597286Z [36;1m  TEMP_FILES=$(mktemp)[0m
job-core	Crear JSON	2025-05-12T08:38:11.4597504Z [36;1m  echo "[" > "$TEMP_FILES"[0m
job-core	Crear JSON	2025-05-12T08:38:11.4597707Z [36;1m  FIRST=true[0m
job-core	Crear JSON	2025-05-12T08:38:11.4597905Z [36;1m  while IFS= read -r file; do[0m
job-core	Crear JSON	2025-05-12T08:38:11.4598130Z [36;1m    if [ "$FIRST" = true ]; then[0m
job-core	Crear JSON	2025-05-12T08:38:11.4598411Z [36;1m      FIRST=false[0m
job-core	Crear JSON	2025-05-12T08:38:11.4598585Z [36;1m    else[0m
job-core	Crear JSON	2025-05-12T08:38:11.4598743Z [36;1m      echo "," >> "$TEMP_FILES"[0m
job-core	Crear JSON	2025-05-12T08:38:11.4598946Z [36;1m    fi[0m
job-core	Crear JSON	2025-05-12T08:38:11.4599270Z [36;1m    echo "\"$file\"" >> "$TEMP_FILES"[0m
job-core	Crear JSON	2025-05-12T08:38:11.4599668Z [36;1m  done < <(git diff --name-only e646feb5d08e1702feeb5680f177af0344304f14 71cf173e00eb6f5b290df85bdc0545e3cbf31269)[0m
job-core	Crear JSON	2025-05-12T08:38:11.4600225Z [36;1m  echo "]" >> "$TEMP_FILES"[0m
job-core	Crear JSON	2025-05-12T08:38:11.4600416Z [36;1m  [0m
job-core	Crear JSON	2025-05-12T08:38:11.4600584Z [36;1m  # Insert files into main JSON[0m
job-core	Crear JSON	2025-05-12T08:38:11.4600911Z [36;1m  sed -i.bak -e '/"files": \[/r '$TEMP_FILES'' -e '/"files": \[/d' core/results/k/event_data_14967653733.json[0m
job-core	Crear JSON	2025-05-12T08:38:11.4601217Z [36;1m  rm "$TEMP_FILES"[0m
job-core	Crear JSON	2025-05-12T08:38:11.4601430Z [36;1melif [[ "push" == "pull_request" ]]; then[0m
job-core	Crear JSON	2025-05-12T08:38:11.4601824Z [36;1m  # Add pull request information[0m
job-core	Crear JSON	2025-05-12T08:38:11.4602182Z [36;1m  TEMP_PR=$(mktemp)[0m
job-core	Crear JSON	2025-05-12T08:38:11.4602417Z [36;1m  cat > "$TEMP_PR" << EOF[0m
job-core	Crear JSON	2025-05-12T08:38:11.4602596Z [36;1m  ,"pull_request": {[0m
job-core	Crear JSON	2025-05-12T08:38:11.4602765Z [36;1m    "action": "",[0m
job-core	Crear JSON	2025-05-12T08:38:11.4602929Z [36;1m    "number": "",[0m
job-core	Crear JSON	2025-05-12T08:38:11.4603093Z [36;1m    "title": ""[0m
job-core	Crear JSON	2025-05-12T08:38:11.4603249Z [36;1m  }[0m
job-core	Crear JSON	2025-05-12T08:38:11.4603412Z [36;1mEOF[0m
job-core	Crear JSON	2025-05-12T08:38:11.4603665Z [36;1m  sed -i.bak -e '/}$/r '$TEMP_PR'' core/results/k/event_data_14967653733.json[0m
job-core	Crear JSON	2025-05-12T08:38:11.4603905Z [36;1m  rm "$TEMP_PR"[0m
job-core	Crear JSON	2025-05-12T08:38:11.4604108Z [36;1melif [[ "push" == "issues" ]]; then[0m
job-core	Crear JSON	2025-05-12T08:38:11.4604303Z [36;1m  # Add issue information[0m
job-core	Crear JSON	2025-05-12T08:38:11.4604484Z [36;1m  TEMP_ISSUE=$(mktemp)[0m
job-core	Crear JSON	2025-05-12T08:38:11.4604665Z [36;1m  cat > "$TEMP_ISSUE" << EOF[0m
job-core	Crear JSON	2025-05-12T08:38:11.4604843Z [36;1m  ,"issue": {[0m
job-core	Crear JSON	2025-05-12T08:38:11.4605184Z [36;1m    "action": "",[0m
job-core	Crear JSON	2025-05-12T08:38:11.4605428Z [36;1m    "number": "",[0m
job-core	Crear JSON	2025-05-12T08:38:11.4605677Z [36;1m    "title": ""[0m
job-core	Crear JSON	2025-05-12T08:38:11.4605855Z [36;1m  }[0m
job-core	Crear JSON	2025-05-12T08:38:11.4606034Z [36;1mEOF[0m
job-core	Crear JSON	2025-05-12T08:38:11.4606240Z [36;1m  sed -i.bak -e '/}$/r '$TEMP_ISSUE'' core/results/k/event_data_14967653733.json[0m
job-core	Crear JSON	2025-05-12T08:38:11.4606495Z [36;1m  rm "$TEMP_ISSUE"[0m
job-core	Crear JSON	2025-05-12T08:38:11.4606661Z [36;1mfi[0m
job-core	Crear JSON	2025-05-12T08:38:11.4606797Z [36;1m[0m
job-core	Crear JSON	2025-05-12T08:38:11.4606955Z [36;1m# Store the file path for later use[0m
job-core	Crear JSON	2025-05-12T08:38:11.4607204Z [36;1mINVOLVED=core/results/k/files-in-commit-$KAOS_CODE_FILES.txt[0m
job-core	Crear JSON	2025-05-12T08:38:11.4607468Z [36;1mecho "INVOLVED=$INVOLVED" >> $GITHUB_ENV[0m
job-core	Crear JSON	2025-05-12T08:38:11.4611352Z shell: /usr/bin/bash -e {0}
job-core	Crear JSON	2025-05-12T08:38:11.4611528Z env:
job-core	Crear JSON	2025-05-12T08:38:11.4611676Z   KAOS_CODE: 14967653733
job-core	Crear JSON	2025-05-12T08:38:11.4611844Z   KAOS_EVENT_NAME: push
job-core	Crear JSON	2025-05-12T08:38:11.4612005Z   KAOS_ACTION: 
job-core	Crear JSON	2025-05-12T08:38:11.4612198Z   KAOS_REF: refs/heads/H1150-desarrollo-de-secciones
job-core	Crear JSON	2025-05-12T08:38:11.4612415Z   KAOS_MODULE: [Ka0S] kaos
job-core	Crear JSON	2025-05-12T08:38:11.4612586Z   KAOS_PATH_RESUME: core/results/k/
job-core	Crear JSON	2025-05-12T08:38:11.4612781Z   KAOS_JSON: core/results/k/event_data_
job-core	Crear JSON	2025-05-12T08:38:11.4612963Z   KAOS_ACTOR: jorgecg646
job-core	Crear JSON	2025-05-12T08:38:11.4613123Z   GITHUB_OUTPUT: 
job-core	Crear JSON	2025-05-12T08:38:11.4613274Z ##[endgroup]
job-core	Upload Files	﻿2025-05-12T08:38:11.4920748Z ##[group]Run echo "Uploading files to the repository..."
job-core	Upload Files	2025-05-12T08:38:11.4921037Z [36;1mecho "Uploading files to the repository..."[0m
job-core	Upload Files	2025-05-12T08:38:11.4921363Z [36;1mgit config --global user.name "***"[0m
job-core	Upload Files	2025-05-12T08:38:11.4921599Z [36;1mgit config --global user.email "***"[0m
job-core	Upload Files	2025-05-12T08:38:11.4921791Z [36;1mgit pull[0m
job-core	Upload Files	2025-05-12T08:38:11.4921959Z [36;1mgit add core/results/k/event_data_*[0m
job-core	Upload Files	2025-05-12T08:38:11.4922228Z [36;1mgit commit -m "[Ka0S] Uploading resume execution files to the repository..."[0m
job-core	Upload Files	2025-05-12T08:38:11.4922547Z [36;1mgit push origin refs/heads/H1150-desarrollo-de-secciones [0m
job-core	Upload Files	2025-05-12T08:38:11.4927408Z shell: /usr/bin/bash -e {0}
job-core	Upload Files	2025-05-12T08:38:11.4927584Z env:
job-core	Upload Files	2025-05-12T08:38:11.4927725Z   KAOS_CODE: 14967653733
job-core	Upload Files	2025-05-12T08:38:11.4927892Z   KAOS_EVENT_NAME: push
job-core	Upload Files	2025-05-12T08:38:11.4928048Z   KAOS_ACTION: 
job-core	Upload Files	2025-05-12T08:38:11.4928228Z   KAOS_REF: refs/heads/H1150-desarrollo-de-secciones
job-core	Upload Files	2025-05-12T08:38:11.4928437Z   KAOS_MODULE: [Ka0S] kaos
job-core	Upload Files	2025-05-12T08:38:11.4928647Z   KAOS_PATH_RESUME: core/results/k/
job-core	Upload Files	2025-05-12T08:38:11.4928835Z   KAOS_JSON: core/results/k/event_data_
job-core	Upload Files	2025-05-12T08:38:11.4929120Z   KAOS_ACTOR: jorgecg646
job-core	Upload Files	2025-05-12T08:38:11.4929280Z   GITHUB_OUTPUT: 
job-core	Upload Files	2025-05-12T08:38:11.4929457Z   INVOLVED: core/results/k/files-in-commit-.txt
job-core	Upload Files	2025-05-12T08:38:11.4929657Z ##[endgroup]
job-core	Upload Files	2025-05-12T08:38:11.4952877Z Uploading files to the repository...
job-core	Upload Files	2025-05-12T08:38:13.2345777Z Already up to date.
job-core	Upload Files	2025-05-12T08:38:13.2609135Z [H1150-desarrollo-de-secciones 68247d1a] [Ka0S] Uploading resume execution files to the repository...
job-core	Upload Files	2025-05-12T08:38:13.2610646Z  2 files changed, 50 insertions(+)
job-core	Upload Files	2025-05-12T08:38:13.2610976Z  create mode 100644 core/results/k/event_data_14967653733.json
job-core	Upload Files	2025-05-12T08:38:13.2611352Z  create mode 100644 core/results/k/event_data_14967653733.json.bak
job-core	Upload Files	2025-05-12T08:38:14.8798047Z To https://github.com/Ka0s-Klaus/ka0s
job-core	Upload Files	2025-05-12T08:38:14.8798699Z    71cf173e..68247d1a  H1150-desarrollo-de-secciones -> H1150-desarrollo-de-secciones
job-core	Run git diff --name-only e646feb5d08e1702feeb5680f177af0344304f14 71cf173e00eb6f5b290df85bdc0545e3cbf31269 > files-in-commit.txt	﻿2025-05-12T08:38:14.8917504Z ##[group]Run git diff --name-only e646feb5d08e1702feeb5680f177af0344304f14 71cf173e00eb6f5b290df85bdc0545e3cbf31269 > files-in-commit.txt
job-core	Run git diff --name-only e646feb5d08e1702feeb5680f177af0344304f14 71cf173e00eb6f5b290df85bdc0545e3cbf31269 > files-in-commit.txt	2025-05-12T08:38:14.8918155Z [36;1mgit diff --name-only e646feb5d08e1702feeb5680f177af0344304f14 71cf173e00eb6f5b290df85bdc0545e3cbf31269 > files-in-commit.txt[0m
job-core	Run git diff --name-only e646feb5d08e1702feeb5680f177af0344304f14 71cf173e00eb6f5b290df85bdc0545e3cbf31269 > files-in-commit.txt	2025-05-12T08:38:14.8918533Z [36;1mcat files-in-commit.txt[0m
job-core	Run git diff --name-only e646feb5d08e1702feeb5680f177af0344304f14 71cf173e00eb6f5b290df85bdc0545e3cbf31269 > files-in-commit.txt	2025-05-12T08:38:14.8918748Z [36;1m# Nuevo proceso de activacion de los modulos[0m
job-core	Run git diff --name-only e646feb5d08e1702feeb5680f177af0344304f14 71cf173e00eb6f5b290df85bdc0545e3cbf31269 > files-in-commit.txt	2025-05-12T08:38:14.8918965Z [36;1mwhile IFS= read -r line; do[0m
job-core	Run git diff --name-only e646feb5d08e1702feeb5680f177af0344304f14 71cf173e00eb6f5b290df85bdc0545e3cbf31269 > files-in-commit.txt	2025-05-12T08:38:14.8919171Z [36;1m  # Skip files in core/outputs directory[0m
job-core	Run git diff --name-only e646feb5d08e1702feeb5680f177af0344304f14 71cf173e00eb6f5b290df85bdc0545e3cbf31269 > files-in-commit.txt	2025-05-12T08:38:14.8919424Z [36;1m  if [[ "$line" == core/outputs/* || "$line" == core/results/* ]]; then[0m
job-core	Run git diff --name-only e646feb5d08e1702feeb5680f177af0344304f14 71cf173e00eb6f5b290df85bdc0545e3cbf31269 > files-in-commit.txt	2025-05-12T08:38:14.8919696Z [36;1m    echo "Skipping file in outputs directory: $line"[0m
job-core	Run git diff --name-only e646feb5d08e1702feeb5680f177af0344304f14 71cf173e00eb6f5b290df85bdc0545e3cbf31269 > files-in-commit.txt	2025-05-12T08:38:14.8919910Z [36;1m    continue[0m
job-core	Run git diff --name-only e646feb5d08e1702feeb5680f177af0344304f14 71cf173e00eb6f5b290df85bdc0545e3cbf31269 > files-in-commit.txt	2025-05-12T08:38:14.8920066Z [36;1m  fi[0m
job-core	Run git diff --name-only e646feb5d08e1702feeb5680f177af0344304f14 71cf173e00eb6f5b290df85bdc0545e3cbf31269 > files-in-commit.txt	2025-05-12T08:38:14.8920301Z [36;1m  echo "I Leemos el fichero files-in-commit.txt y extraemos el fichero $line"[0m
job-core	Run git diff --name-only e646feb5d08e1702feeb5680f177af0344304f14 71cf173e00eb6f5b290df85bdc0545e3cbf31269 > files-in-commit.txt	2025-05-12T08:38:14.8920591Z [36;1m  module_failed=0[0m
job-core	Run git diff --name-only e646feb5d08e1702feeb5680f177af0344304f14 71cf173e00eb6f5b290df85bdc0545e3cbf31269 > files-in-commit.txt	2025-05-12T08:38:14.8920765Z [36;1m  extension_failed=0[0m
job-core	Run git diff --name-only e646feb5d08e1702feeb5680f177af0344304f14 71cf173e00eb6f5b290df85bdc0545e3cbf31269 > files-in-commit.txt	2025-05-12T08:38:14.8920943Z [36;1m  file_name=$(basename "$line")[0m
job-core	Run git diff --name-only e646feb5d08e1702feeb5680f177af0344304f14 71cf173e00eb6f5b290df85bdc0545e3cbf31269 > files-in-commit.txt	2025-05-12T08:38:14.8921167Z [36;1m  echo "I-1 Calculamos el nombre del fichero $file_name"[0m
job-core	Run git diff --name-only e646feb5d08e1702feeb5680f177af0344304f14 71cf173e00eb6f5b290df85bdc0545e3cbf31269 > files-in-commit.txt	2025-05-12T08:38:14.8921401Z [36;1m  file_extension="${file_name##*.}"[0m
job-core	Run git diff --name-only e646feb5d08e1702feeb5680f177af0344304f14 71cf173e00eb6f5b290df85bdc0545e3cbf31269 > files-in-commit.txt	2025-05-12T08:38:14.8921640Z [36;1m  echo "I-2 Calculamos la extension del fichero $file_extension"[0m
job-core	Run git diff --name-only e646feb5d08e1702feeb5680f177af0344304f14 71cf173e00eb6f5b290df85bdc0545e3cbf31269 > files-in-commit.txt	2025-05-12T08:38:14.8921890Z [36;1m  file_module="$file_extension""lint.yml"[0m
job-core	Run git diff --name-only e646feb5d08e1702feeb5680f177af0344304f14 71cf173e00eb6f5b290df85bdc0545e3cbf31269 > files-in-commit.txt	2025-05-12T08:38:14.8922113Z [36;1m  echo "I-3 Calculamos el modulo $file_module"[0m
job-core	Run git diff --name-only e646feb5d08e1702feeb5680f177af0344304f14 71cf173e00eb6f5b290df85bdc0545e3cbf31269 > files-in-commit.txt	2025-05-12T08:38:14.8922337Z [36;1m  IFS=',' read -r -a file_array <<< "$files"[0m
job-core	Run git diff --name-only e646feb5d08e1702feeb5680f177af0344304f14 71cf173e00eb6f5b290df85bdc0545e3cbf31269 > files-in-commit.txt	2025-05-12T08:38:14.8922545Z [36;1m  for file in "${file_array[@]}"; do[0m
job-core	Run git diff --name-only e646feb5d08e1702feeb5680f177af0344304f14 71cf173e00eb6f5b290df85bdc0545e3cbf31269 > files-in-commit.txt	2025-05-12T08:38:14.8922749Z [36;1m    echo "II Leemos el array de $file"[0m
job-core	Run git diff --name-only e646feb5d08e1702feeb5680f177af0344304f14 71cf173e00eb6f5b290df85bdc0545e3cbf31269 > files-in-commit.txt	2025-05-12T08:38:14.8922959Z [36;1m    if [[ "$file_extension" == "$file" ]]; then[0m
job-core	Run git diff --name-only e646feb5d08e1702feeb5680f177af0344304f14 71cf173e00eb6f5b290df85bdc0545e3cbf31269 > files-in-commit.txt	2025-05-12T08:38:14.8923205Z [36;1m      echo "III Comprobamos si $file_extension es igual a $file"[0m
job-core	Run git diff --name-only e646feb5d08e1702feeb5680f177af0344304f14 71cf173e00eb6f5b290df85bdc0545e3cbf31269 > files-in-commit.txt	2025-05-12T08:38:14.8923711Z [36;1m      IFS=',' read -r -a module_array <<< "$modules"[0m
job-core	Run git diff --name-only e646feb5d08e1702feeb5680f177af0344304f14 71cf173e00eb6f5b290df85bdc0545e3cbf31269 > files-in-commit.txt	2025-05-12T08:38:14.8924061Z [36;1m      for module in "${module_array[@]}"; do[0m
job-core	Run git diff --name-only e646feb5d08e1702feeb5680f177af0344304f14 71cf173e00eb6f5b290df85bdc0545e3cbf31269 > files-in-commit.txt	2025-05-12T08:38:14.8924344Z [36;1m        echo "IV Leemos el array $module"[0m
job-core	Run git diff --name-only e646feb5d08e1702feeb5680f177af0344304f14 71cf173e00eb6f5b290df85bdc0545e3cbf31269 > files-in-commit.txt	2025-05-12T08:38:14.8924599Z [36;1m        if [[ "$file_module" == *"$module"* ]]; then[0m
job-core	Run git diff --name-only e646feb5d08e1702feeb5680f177af0344304f14 71cf173e00eb6f5b290df85bdc0545e3cbf31269 > files-in-commit.txt	2025-05-12T08:38:14.8924943Z [36;1m          echo "V Comprobamos que el $file_module es igual a $module y ejecutamos el flujo"[0m
job-core	Run git diff --name-only e646feb5d08e1702feeb5680f177af0344304f14 71cf173e00eb6f5b290df85bdc0545e3cbf31269 > files-in-commit.txt	2025-05-12T08:38:14.8925350Z [36;1m          # Si hemos llegado hasta aquí ejecutamos el módulo[0m
job-core	Run git diff --name-only e646feb5d08e1702feeb5680f177af0344304f14 71cf173e00eb6f5b290df85bdc0545e3cbf31269 > files-in-commit.txt	2025-05-12T08:38:14.8925617Z [36;1m          # Lanzamos el lint del fichero[0m
job-core	Run git diff --name-only e646feb5d08e1702feeb5680f177af0344304f14 71cf173e00eb6f5b290df85bdc0545e3cbf31269 > files-in-commit.txt	2025-05-12T08:38:14.8925903Z [36;1m          RNNUMBER=$(echo "refs/heads/H1150-desarrollo-de-secciones" | grep -o '[0-9]*')[0m
job-core	Run git diff --name-only e646feb5d08e1702feeb5680f177af0344304f14 71cf173e00eb6f5b290df85bdc0545e3cbf31269 > files-in-commit.txt	2025-05-12T08:38:14.8926201Z [36;1m          echo "El numero de la issue es: $RNNUMBER"[0m
job-core	Run git diff --name-only e646feb5d08e1702feeb5680f177af0344304f14 71cf173e00eb6f5b290df85bdc0545e3cbf31269 > files-in-commit.txt	2025-05-12T08:38:14.8926680Z [36;1m          gh workflow run $file_module --ref refs/heads/H1150-desarrollo-de-secciones -f kaos-origin=14967653733 -f kaos-files=$line -f kaos-issue-id=$RNNUMBER -f kaos-user-start=jorgecg646[0m
job-core	Run git diff --name-only e646feb5d08e1702feeb5680f177af0344304f14 71cf173e00eb6f5b290df85bdc0545e3cbf31269 > files-in-commit.txt	2025-05-12T08:38:14.8927262Z [36;1m          module_failed=0[0m
job-core	Run git diff --name-only e646feb5d08e1702feeb5680f177af0344304f14 71cf173e00eb6f5b290df85bdc0545e3cbf31269 > files-in-commit.txt	2025-05-12T08:38:14.8927449Z [36;1m          extension_failed=0[0m
job-core	Run git diff --name-only e646feb5d08e1702feeb5680f177af0344304f14 71cf173e00eb6f5b290df85bdc0545e3cbf31269 > files-in-commit.txt	2025-05-12T08:38:14.8927632Z [36;1m          break[0m
job-core	Run git diff --name-only e646feb5d08e1702feeb5680f177af0344304f14 71cf173e00eb6f5b290df85bdc0545e3cbf31269 > files-in-commit.txt	2025-05-12T08:38:14.8927795Z [36;1m        else[0m
job-core	Run git diff --name-only e646feb5d08e1702feeb5680f177af0344304f14 71cf173e00eb6f5b290df85bdc0545e3cbf31269 > files-in-commit.txt	2025-05-12T08:38:14.8927992Z [36;1m          # Control de si existe el modulo para esa extension"[0m
job-core	Run git diff --name-only e646feb5d08e1702feeb5680f177af0344304f14 71cf173e00eb6f5b290df85bdc0545e3cbf31269 > files-in-commit.txt	2025-05-12T08:38:14.8928308Z [36;1m          echo "VI No es igual $file_module a $module y lo indicamos en la variable module_failed=1"[0m
job-core	Run git diff --name-only e646feb5d08e1702feeb5680f177af0344304f14 71cf173e00eb6f5b290df85bdc0545e3cbf31269 > files-in-commit.txt	2025-05-12T08:38:14.8928581Z [36;1m          module_failed=1[0m
job-core	Run git diff --name-only e646feb5d08e1702feeb5680f177af0344304f14 71cf173e00eb6f5b290df85bdc0545e3cbf31269 > files-in-commit.txt	2025-05-12T08:38:14.8928752Z [36;1m        fi[0m
job-core	Run git diff --name-only e646feb5d08e1702feeb5680f177af0344304f14 71cf173e00eb6f5b290df85bdc0545e3cbf31269 > files-in-commit.txt	2025-05-12T08:38:14.8928899Z [36;1m      done[0m
job-core	Run git diff --name-only e646feb5d08e1702feeb5680f177af0344304f14 71cf173e00eb6f5b290df85bdc0545e3cbf31269 > files-in-commit.txt	2025-05-12T08:38:14.8929045Z [36;1m      break[0m
job-core	Run git diff --name-only e646feb5d08e1702feeb5680f177af0344304f14 71cf173e00eb6f5b290df85bdc0545e3cbf31269 > files-in-commit.txt	2025-05-12T08:38:14.8929194Z [36;1m    else[0m
job-core	Run git diff --name-only e646feb5d08e1702feeb5680f177af0344304f14 71cf173e00eb6f5b290df85bdc0545e3cbf31269 > files-in-commit.txt	2025-05-12T08:38:14.8929381Z [36;1m      # Control de si existe el modulo para esa extension"[0m
job-core	Run git diff --name-only e646feb5d08e1702feeb5680f177af0344304f14 71cf173e00eb6f5b290df85bdc0545e3cbf31269 > files-in-commit.txt	2025-05-12T08:38:14.8929785Z [36;1m      echo "VII No es igual $file_extension a $file y lo indicamos en la variable extension_failed=1"[0m
job-core	Run git diff --name-only e646feb5d08e1702feeb5680f177af0344304f14 71cf173e00eb6f5b290df85bdc0545e3cbf31269 > files-in-commit.txt	2025-05-12T08:38:14.8930074Z [36;1m      extension_failed=1[0m
job-core	Run git diff --name-only e646feb5d08e1702feeb5680f177af0344304f14 71cf173e00eb6f5b290df85bdc0545e3cbf31269 > files-in-commit.txt	2025-05-12T08:38:14.8930243Z [36;1m    fi  [0m
job-core	Run git diff --name-only e646feb5d08e1702feeb5680f177af0344304f14 71cf173e00eb6f5b290df85bdc0545e3cbf31269 > files-in-commit.txt	2025-05-12T08:38:14.8930385Z [36;1m  done[0m
job-core	Run git diff --name-only e646feb5d08e1702feeb5680f177af0344304f14 71cf173e00eb6f5b290df85bdc0545e3cbf31269 > files-in-commit.txt	2025-05-12T08:38:14.8930546Z [36;1m  if [[ $module_failed == 1 ]]; then[0m
job-core	Run git diff --name-only e646feb5d08e1702feeb5680f177af0344304f14 71cf173e00eb6f5b290df85bdc0545e3cbf31269 > files-in-commit.txt	2025-05-12T08:38:14.8930827Z [36;1m    echo "IX Si el modulo falla ($module_failed) añadimos el comentario a la issue"[0m
job-core	Run git diff --name-only e646feb5d08e1702feeb5680f177af0344304f14 71cf173e00eb6f5b290df85bdc0545e3cbf31269 > files-in-commit.txt	2025-05-12T08:38:14.8931289Z [36;1m    # Si hemos llegado hasta aquí añadimos el mensaje de que la extension esta permitida pero no dispone de modulo activo y aqui finaliza el proceso[0m
job-core	Run git diff --name-only e646feb5d08e1702feeb5680f177af0344304f14 71cf173e00eb6f5b290df85bdc0545e3cbf31269 > files-in-commit.txt	2025-05-12T08:38:14.8931686Z [36;1m    # Añadimos los valores a las variables de la issue[0m
job-core	Run git diff --name-only e646feb5d08e1702feeb5680f177af0344304f14 71cf173e00eb6f5b290df85bdc0545e3cbf31269 > files-in-commit.txt	2025-05-12T08:38:14.8932221Z [36;1m    KAOS_ISSUE_BODY="[Ka0S] kaos ha detectado que la extensión ($file_extension) esta permitida dentro de KAOS_CORE_FILES, pero el módulo asociado ($file_module) no esta activo. Por favor compruebe que exista y esta activo."[0m
job-core	Run git diff --name-only e646feb5d08e1702feeb5680f177af0344304f14 71cf173e00eb6f5b290df85bdc0545e3cbf31269 > files-in-commit.txt	2025-05-12T08:38:14.8932730Z [36;1m    # Añadimos el comentario a la issue[0m
job-core	Run git diff --name-only e646feb5d08e1702feeb5680f177af0344304f14 71cf173e00eb6f5b290df85bdc0545e3cbf31269 > files-in-commit.txt	2025-05-12T08:38:14.8933021Z [36;1m    RNNUMBER=$(echo "refs/heads/H1150-desarrollo-de-secciones" | grep -o '[0-9]*')[0m
job-core	Run git diff --name-only e646feb5d08e1702feeb5680f177af0344304f14 71cf173e00eb6f5b290df85bdc0545e3cbf31269 > files-in-commit.txt	2025-05-12T08:38:14.8933327Z [36;1m    gh issue comment $RNNUMBER --body "$KAOS_ISSUE_BODY"[0m
job-core	Run git diff --name-only e646feb5d08e1702feeb5680f177af0344304f14 71cf173e00eb6f5b290df85bdc0545e3cbf31269 > files-in-commit.txt	2025-05-12T08:38:14.8933744Z [36;1m  fi[0m
job-core	Run git diff --name-only e646feb5d08e1702feeb5680f177af0344304f14 71cf173e00eb6f5b290df85bdc0545e3cbf31269 > files-in-commit.txt	2025-05-12T08:38:14.8933907Z [36;1m  if [[ $extension_failed == 1 ]]; then[0m
job-core	Run git diff --name-only e646feb5d08e1702feeb5680f177af0344304f14 71cf173e00eb6f5b290df85bdc0545e3cbf31269 > files-in-commit.txt	2025-05-12T08:38:14.8934373Z [36;1m    echo "X Si extension falla falla ($extension_failed) añadimos el comentario a la issue"[0m
job-core	Run git diff --name-only e646feb5d08e1702feeb5680f177af0344304f14 71cf173e00eb6f5b290df85bdc0545e3cbf31269 > files-in-commit.txt	2025-05-12T08:38:14.8934804Z [36;1m    # Si hemos llegado hasta aquí añadimos el mensaje de que la extension no esta permitida[0m
job-core	Run git diff --name-only e646feb5d08e1702feeb5680f177af0344304f14 71cf173e00eb6f5b290df85bdc0545e3cbf31269 > files-in-commit.txt	2025-05-12T08:38:14.8935182Z [36;1m    # Añadimos los valores a las variables de la issue[0m
job-core	Run git diff --name-only e646feb5d08e1702feeb5680f177af0344304f14 71cf173e00eb6f5b290df85bdc0545e3cbf31269 > files-in-commit.txt	2025-05-12T08:38:14.8935710Z [36;1m    KAOS_ISSUE_BODY="[Ka0S] kaos ha detectado que la extensión ($file_extension) NO esta permitida dentro de KAOS_CORE_FILES. Por favor compruebe que exista y esta activo."[0m
job-core	Run git diff --name-only e646feb5d08e1702feeb5680f177af0344304f14 71cf173e00eb6f5b290df85bdc0545e3cbf31269 > files-in-commit.txt	2025-05-12T08:38:14.8936134Z [36;1m    # Añadimos el comentario a la issue[0m
job-core	Run git diff --name-only e646feb5d08e1702feeb5680f177af0344304f14 71cf173e00eb6f5b290df85bdc0545e3cbf31269 > files-in-commit.txt	2025-05-12T08:38:14.8936418Z [36;1m    RNNUMBER=$(echo "refs/heads/H1150-desarrollo-de-secciones" | grep -o '[0-9]*')[0m
job-core	Run git diff --name-only e646feb5d08e1702feeb5680f177af0344304f14 71cf173e00eb6f5b290df85bdc0545e3cbf31269 > files-in-commit.txt	2025-05-12T08:38:14.8936721Z [36;1m    gh issue comment $RNNUMBER --body "$KAOS_ISSUE_BODY"[0m
job-core	Run git diff --name-only e646feb5d08e1702feeb5680f177af0344304f14 71cf173e00eb6f5b290df85bdc0545e3cbf31269 > files-in-commit.txt	2025-05-12T08:38:14.8936932Z [36;1m  fi  [0m
job-core	Run git diff --name-only e646feb5d08e1702feeb5680f177af0344304f14 71cf173e00eb6f5b290df85bdc0545e3cbf31269 > files-in-commit.txt	2025-05-12T08:38:14.8937304Z [36;1***one < files-in-commit.txt      [0m
job-core	Run git diff --name-only e646feb5d08e1702feeb5680f177af0344304f14 71cf173e00eb6f5b290df85bdc0545e3cbf31269 > files-in-commit.txt	2025-05-12T08:38:14.8941289Z shell: /usr/bin/bash -e {0}
job-core	Run git diff --name-only e646feb5d08e1702feeb5680f177af0344304f14 71cf173e00eb6f5b290df85bdc0545e3cbf31269 > files-in-commit.txt	2025-05-12T08:38:14.8941464Z env:
job-core	Run git diff --name-only e646feb5d08e1702feeb5680f177af0344304f14 71cf173e00eb6f5b290df85bdc0545e3cbf31269 > files-in-commit.txt	2025-05-12T08:38:14.8941609Z   KAOS_CODE: 14967653733
job-core	Run git diff --name-only e646feb5d08e1702feeb5680f177af0344304f14 71cf173e00eb6f5b290df85bdc0545e3cbf31269 > files-in-commit.txt	2025-05-12T08:38:14.8941777Z   KAOS_EVENT_NAME: push
job-core	Run git diff --name-only e646feb5d08e1702feeb5680f177af0344304f14 71cf173e00eb6f5b290df85bdc0545e3cbf31269 > files-in-commit.txt	2025-05-12T08:38:14.8941945Z   KAOS_ACTION: 
job-core	Run git diff --name-only e646feb5d08e1702feeb5680f177af0344304f14 71cf173e00eb6f5b290df85bdc0545e3cbf31269 > files-in-commit.txt	2025-05-12T08:38:14.8942130Z   KAOS_REF: refs/heads/H1150-desarrollo-de-secciones
job-core	Run git diff --name-only e646feb5d08e1702feeb5680f177af0344304f14 71cf173e00eb6f5b290df85bdc0545e3cbf31269 > files-in-commit.txt	2025-05-12T08:38:14.8942342Z   KAOS_MODULE: [Ka0S] kaos
job-core	Run git diff --name-only e646feb5d08e1702feeb5680f177af0344304f14 71cf173e00eb6f5b290df85bdc0545e3cbf31269 > files-in-commit.txt	2025-05-12T08:38:14.8942512Z   KAOS_PATH_RESUME: core/results/k/
job-core	Run git diff --name-only e646feb5d08e1702feeb5680f177af0344304f14 71cf173e00eb6f5b290df85bdc0545e3cbf31269 > files-in-commit.txt	2025-05-12T08:38:14.8942708Z   KAOS_JSON: core/results/k/event_data_
job-core	Run git diff --name-only e646feb5d08e1702feeb5680f177af0344304f14 71cf173e00eb6f5b290df85bdc0545e3cbf31269 > files-in-commit.txt	2025-05-12T08:38:14.8942892Z   KAOS_ACTOR: jorgecg646
job-core	Run git diff --name-only e646feb5d08e1702feeb5680f177af0344304f14 71cf173e00eb6f5b290df85bdc0545e3cbf31269 > files-in-commit.txt	2025-05-12T08:38:14.8943051Z   GITHUB_OUTPUT: 
job-core	Run git diff --name-only e646feb5d08e1702feeb5680f177af0344304f14 71cf173e00eb6f5b290df85bdc0545e3cbf31269 > files-in-commit.txt	2025-05-12T08:38:14.8943233Z   INVOLVED: core/results/k/files-in-commit-.txt
job-core	Run git diff --name-only e646feb5d08e1702feeb5680f177af0344304f14 71cf173e00eb6f5b290df85bdc0545e3cbf31269 > files-in-commit.txt	2025-05-12T08:38:14.8943854Z   modules: ***
job-core	Run git diff --name-only e646feb5d08e1702feeb5680f177af0344304f14 71cf173e00eb6f5b290df85bdc0545e3cbf31269 > files-in-commit.txt	2025-05-12T08:38:14.8944005Z   files: ***
job-core	Run git diff --name-only e646feb5d08e1702feeb5680f177af0344304f14 71cf173e00eb6f5b290df85bdc0545e3cbf31269 > files-in-commit.txt	2025-05-12T08:38:14.8944248Z   GH_TOKEN: ***
job-core	Run git diff --name-only e646feb5d08e1702feeb5680f177af0344304f14 71cf173e00eb6f5b290df85bdc0545e3cbf31269 > files-in-commit.txt	2025-05-12T08:38:14.8944538Z ##[endgroup]
job-core	Run git diff --name-only e646feb5d08e1702feeb5680f177af0344304f14 71cf173e00eb6f5b290df85bdc0545e3cbf31269 > files-in-commit.txt	2025-05-12T08:38:14.9007375Z core/results/k/event_data_14967605132.json
job-core	Run git diff --name-only e646feb5d08e1702feeb5680f177af0344304f14 71cf173e00eb6f5b290df85bdc0545e3cbf31269 > files-in-commit.txt	2025-05-12T08:38:14.9007974Z core/results/k/event_data_14967605132.json.bak
job-core	Run git diff --name-only e646feb5d08e1702feeb5680f177af0344304f14 71cf173e00eb6f5b290df85bdc0545e3cbf31269 > files-in-commit.txt	2025-05-12T08:38:14.9008196Z core/web/custom/custom.html
job-core	Run git diff --name-only e646feb5d08e1702feeb5680f177af0344304f14 71cf173e00eb6f5b290df85bdc0545e3cbf31269 > files-in-commit.txt	2025-05-12T08:38:14.9008440Z core/web/data/seccion1.json
job-core	Run git diff --name-only e646feb5d08e1702feeb5680f177af0344304f14 71cf173e00eb6f5b290df85bdc0545e3cbf31269 > files-in-commit.txt	2025-05-12T08:38:14.9008632Z core/web/js/orchestrator.js
job-core	Run git diff --name-only e646feb5d08e1702feeb5680f177af0344304f14 71cf173e00eb6f5b290df85bdc0545e3cbf31269 > files-in-commit.txt	2025-05-12T08:38:14.9008869Z core/web/templates/actionsPerformance.html
job-core	Run git diff --name-only e646feb5d08e1702feeb5680f177af0344304f14 71cf173e00eb6f5b290df85bdc0545e3cbf31269 > files-in-commit.txt	2025-05-12T08:38:14.9009088Z core/web/templates/data-list.html
job-core	Run git diff --name-only e646feb5d08e1702feeb5680f177af0344304f14 71cf173e00eb6f5b290df85bdc0545e3cbf31269 > files-in-commit.txt	2025-05-12T08:38:14.9009305Z core/web/templates/leadTime.html
job-core	Run git diff --name-only e646feb5d08e1702feeb5680f177af0344304f14 71cf173e00eb6f5b290df85bdc0545e3cbf31269 > files-in-commit.txt	2025-05-12T08:38:14.9009531Z core/web/templates/section-template.html
job-core	Run git diff --name-only e646feb5d08e1702feeb5680f177af0344304f14 71cf173e00eb6f5b290df85bdc0545e3cbf31269 > files-in-commit.txt	2025-05-12T08:38:14.9009759Z core/web/templates/template.html
job-core	Run git diff --name-only e646feb5d08e1702feeb5680f177af0344304f14 71cf173e00eb6f5b290df85bdc0545e3cbf31269 > files-in-commit.txt	2025-05-12T08:38:14.9010091Z Skipping file in outputs directory: core/results/k/event_data_14967605132.json
job-core	Run git diff --name-only e646feb5d08e1702feeb5680f177af0344304f14 71cf173e00eb6f5b290df85bdc0545e3cbf31269 > files-in-commit.txt	2025-05-12T08:38:14.9011206Z Skipping file in outputs directory: core/results/k/event_data_14967605132.json.bak
job-core	Run git diff --name-only e646feb5d08e1702feeb5680f177af0344304f14 71cf173e00eb6f5b290df85bdc0545e3cbf31269 > files-in-commit.txt	2025-05-12T08:38:14.9011900Z I Leemos el fichero files-in-commit.txt y extraemos el fichero core/web/custom/custom.html
job-core	Run git diff --name-only e646feb5d08e1702feeb5680f177af0344304f14 71cf173e00eb6f5b290df85bdc0545e3cbf31269 > files-in-commit.txt	2025-05-12T08:38:14.9021723Z I-1 Calculamos el nombre del fichero custom.html
job-core	Run git diff --name-only e646feb5d08e1702feeb5680f177af0344304f14 71cf173e00eb6f5b290df85bdc0545e3cbf31269 > files-in-commit.txt	2025-05-12T08:38:14.9022023Z I-2 Calculamos la extension del fichero html
job-core	Run git diff --name-only e646feb5d08e1702feeb5680f177af0344304f14 71cf173e00eb6f5b290df85bdc0545e3cbf31269 > files-in-commit.txt	2025-05-12T08:38:14.9022283Z I-3 Calculamos el modulo htmllint.yml
job-core	Run git diff --name-only e646feb5d08e1702feeb5680f177af0344304f14 71cf173e00eb6f5b290df85bdc0545e3cbf31269 > files-in-commit.txt	2025-05-12T08:38:14.9022570Z II Leemos el array de ***
job-core	Run git diff --name-only e646feb5d08e1702feeb5680f177af0344304f14 71cf173e00eb6f5b290df85bdc0545e3cbf31269 > files-in-commit.txt	2025-05-12T08:38:14.9022866Z VII No es igual html a *** y lo indicamos en la variable extension_failed=1
job-core	Run git diff --name-only e646feb5d08e1702feeb5680f177af0344304f14 71cf173e00eb6f5b290df85bdc0545e3cbf31269 > files-in-commit.txt	2025-05-12T08:38:14.9023405Z X Si extension falla falla (1) añadimos el comentario a la issue
job-core	Run git diff --name-only e646feb5d08e1702feeb5680f177af0344304f14 71cf173e00eb6f5b290df85bdc0545e3cbf31269 > files-in-commit.txt	2025-05-12T08:38:19.3388290Z https://github.com/Ka0s-Klaus/ka0s/issues/1150#issuecomment-2871471969
job-core	Run git diff --name-only e646feb5d08e1702feeb5680f177af0344304f14 71cf173e00eb6f5b290df85bdc0545e3cbf31269 > files-in-commit.txt	2025-05-12T08:38:19.3402779Z I Leemos el fichero files-in-commit.txt y extraemos el fichero core/web/data/seccion1.json
job-core	Run git diff --name-only e646feb5d08e1702feeb5680f177af0344304f14 71cf173e00eb6f5b290df85bdc0545e3cbf31269 > files-in-commit.txt	2025-05-12T08:38:19.3418315Z I-1 Calculamos el nombre del fichero seccion1.json
job-core	Run git diff --name-only e646feb5d08e1702feeb5680f177af0344304f14 71cf173e00eb6f5b290df85bdc0545e3cbf31269 > files-in-commit.txt	2025-05-12T08:38:19.3418845Z I-2 Calculamos la extension del fichero json
job-core	Run git diff --name-only e646feb5d08e1702feeb5680f177af0344304f14 71cf173e00eb6f5b290df85bdc0545e3cbf31269 > files-in-commit.txt	2025-05-12T08:38:19.3419233Z I-3 Calculamos el modulo jsonlint.yml
job-core	Run git diff --name-only e646feb5d08e1702feeb5680f177af0344304f14 71cf173e00eb6f5b290df85bdc0545e3cbf31269 > files-in-commit.txt	2025-05-12T08:38:19.3419941Z II Leemos el array de ***
job-core	Run git diff --name-only e646feb5d08e1702feeb5680f177af0344304f14 71cf173e00eb6f5b290df85bdc0545e3cbf31269 > files-in-commit.txt	2025-05-12T08:38:19.3420419Z VII No es igual json a *** y lo indicamos en la variable extension_failed=1
job-core	Run git diff --name-only e646feb5d08e1702feeb5680f177af0344304f14 71cf173e00eb6f5b290df85bdc0545e3cbf31269 > files-in-commit.txt	2025-05-12T08:38:19.3421280Z X Si extension falla falla (1) añadimos el comentario a la issue
job-core	Run git diff --name-only e646feb5d08e1702feeb5680f177af0344304f14 71cf173e00eb6f5b290df85bdc0545e3cbf31269 > files-in-commit.txt	2025-05-12T08:38:28.9799044Z https://github.com/Ka0s-Klaus/ka0s/issues/1150#issuecomment-2871473427
job-core	Run git diff --name-only e646feb5d08e1702feeb5680f177af0344304f14 71cf173e00eb6f5b290df85bdc0545e3cbf31269 > files-in-commit.txt	2025-05-12T08:38:28.9817582Z I Leemos el fichero files-in-commit.txt y extraemos el fichero core/web/js/orchestrator.js
job-core	Run git diff --name-only e646feb5d08e1702feeb5680f177af0344304f14 71cf173e00eb6f5b290df85bdc0545e3cbf31269 > files-in-commit.txt	2025-05-12T08:38:28.9827326Z I-1 Calculamos el nombre del fichero orchestrator.js
job-core	Run git diff --name-only e646feb5d08e1702feeb5680f177af0344304f14 71cf173e00eb6f5b290df85bdc0545e3cbf31269 > files-in-commit.txt	2025-05-12T08:38:28.9828570Z I-2 Calculamos la extension del fichero js
job-core	Run git diff --name-only e646feb5d08e1702feeb5680f177af0344304f14 71cf173e00eb6f5b290df85bdc0545e3cbf31269 > files-in-commit.txt	2025-05-12T08:38:28.9828900Z I-3 Calculamos el modulo jslint.yml
job-core	Run git diff --name-only e646feb5d08e1702feeb5680f177af0344304f14 71cf173e00eb6f5b290df85bdc0545e3cbf31269 > files-in-commit.txt	2025-05-12T08:38:28.9829401Z II Leemos el array de ***
job-core	Run git diff --name-only e646feb5d08e1702feeb5680f177af0344304f14 71cf173e00eb6f5b290df85bdc0545e3cbf31269 > files-in-commit.txt	2025-05-12T08:38:28.9829733Z VII No es igual js a *** y lo indicamos en la variable extension_failed=1
job-core	Run git diff --name-only e646feb5d08e1702feeb5680f177af0344304f14 71cf173e00eb6f5b290df85bdc0545e3cbf31269 > files-in-commit.txt	2025-05-12T08:38:28.9830404Z X Si extension falla falla (1) añadimos el comentario a la issue
job-core	Run git diff --name-only e646feb5d08e1702feeb5680f177af0344304f14 71cf173e00eb6f5b290df85bdc0545e3cbf31269 > files-in-commit.txt	2025-05-12T08:38:31.6692028Z https://github.com/Ka0s-Klaus/ka0s/issues/1150#issuecomment-2871473647
job-core	Run git diff --name-only e646feb5d08e1702feeb5680f177af0344304f14 71cf173e00eb6f5b290df85bdc0545e3cbf31269 > files-in-commit.txt	2025-05-12T08:38:31.6707883Z I Leemos el fichero files-in-commit.txt y extraemos el fichero core/web/templates/actionsPerformance.html
job-core	Run git diff --name-only e646feb5d08e1702feeb5680f177af0344304f14 71cf173e00eb6f5b290df85bdc0545e3cbf31269 > files-in-commit.txt	2025-05-12T08:38:31.6720172Z I-1 Calculamos el nombre del fichero actionsPerformance.html
job-core	Run git diff --name-only e646feb5d08e1702feeb5680f177af0344304f14 71cf173e00eb6f5b290df85bdc0545e3cbf31269 > files-in-commit.txt	2025-05-12T08:38:31.6720585Z I-2 Calculamos la extension del fichero html
job-core	Run git diff --name-only e646feb5d08e1702feeb5680f177af0344304f14 71cf173e00eb6f5b290df85bdc0545e3cbf31269 > files-in-commit.txt	2025-05-12T08:38:31.6721278Z I-3 Calculamos el modulo htmllint.yml
job-core	Run git diff --name-only e646feb5d08e1702feeb5680f177af0344304f14 71cf173e00eb6f5b290df85bdc0545e3cbf31269 > files-in-commit.txt	2025-05-12T08:38:31.6721678Z II Leemos el array de ***
job-core	Run git diff --name-only e646feb5d08e1702feeb5680f177af0344304f14 71cf173e00eb6f5b290df85bdc0545e3cbf31269 > files-in-commit.txt	2025-05-12T08:38:31.6722039Z VII No es igual html a *** y lo indicamos en la variable extension_failed=1
job-core	Run git diff --name-only e646feb5d08e1702feeb5680f177af0344304f14 71cf173e00eb6f5b290df85bdc0545e3cbf31269 > files-in-commit.txt	2025-05-12T08:38:31.6722660Z X Si extension falla falla (1) añadimos el comentario a la issue
job-core	Run git diff --name-only e646feb5d08e1702feeb5680f177af0344304f14 71cf173e00eb6f5b290df85bdc0545e3cbf31269 > files-in-commit.txt	2025-05-12T08:38:35.9231780Z https://github.com/Ka0s-Klaus/ka0s/issues/1150#issuecomment-2871473752
job-core	Run git diff --name-only e646feb5d08e1702feeb5680f177af0344304f14 71cf173e00eb6f5b290df85bdc0545e3cbf31269 > files-in-commit.txt	2025-05-12T08:38:35.9248114Z I Leemos el fichero files-in-commit.txt y extraemos el fichero core/web/templates/data-list.html
job-core	Run git diff --name-only e646feb5d08e1702feeb5680f177af0344304f14 71cf173e00eb6f5b290df85bdc0545e3cbf31269 > files-in-commit.txt	2025-05-12T08:38:35.9264911Z I-1 Calculamos el nombre del fichero data-list.html
job-core	Run git diff --name-only e646feb5d08e1702feeb5680f177af0344304f14 71cf173e00eb6f5b290df85bdc0545e3cbf31269 > files-in-commit.txt	2025-05-12T08:38:35.9266856Z I-2 Calculamos la extension del fichero html
job-core	Run git diff --name-only e646feb5d08e1702feeb5680f177af0344304f14 71cf173e00eb6f5b290df85bdc0545e3cbf31269 > files-in-commit.txt	2025-05-12T08:38:35.9267772Z I-3 Calculamos el modulo htmllint.yml
job-core	Run git diff --name-only e646feb5d08e1702feeb5680f177af0344304f14 71cf173e00eb6f5b290df85bdc0545e3cbf31269 > files-in-commit.txt	2025-05-12T08:38:35.9268191Z II Leemos el array de ***
job-core	Run git diff --name-only e646feb5d08e1702feeb5680f177af0344304f14 71cf173e00eb6f5b290df85bdc0545e3cbf31269 > files-in-commit.txt	2025-05-12T08:38:35.9268732Z VII No es igual html a *** y lo indicamos en la variable extension_failed=1
job-core	Run git diff --name-only e646feb5d08e1702feeb5680f177af0344304f14 71cf173e00eb6f5b290df85bdc0545e3cbf31269 > files-in-commit.txt	2025-05-12T08:38:35.9269493Z X Si extension falla falla (1) añadimos el comentario a la issue
job-core	Run git diff --name-only e646feb5d08e1702feeb5680f177af0344304f14 71cf173e00eb6f5b290df85bdc0545e3cbf31269 > files-in-commit.txt	2025-05-12T08:38:37.6676384Z https://github.com/Ka0s-Klaus/ka0s/issues/1150#issuecomment-2871474099
job-core	Run git diff --name-only e646feb5d08e1702feeb5680f177af0344304f14 71cf173e00eb6f5b290df85bdc0545e3cbf31269 > files-in-commit.txt	2025-05-12T08:38:37.6693329Z I Leemos el fichero files-in-commit.txt y extraemos el fichero core/web/templates/leadTime.html
job-core	Run git diff --name-only e646feb5d08e1702feeb5680f177af0344304f14 71cf173e00eb6f5b290df85bdc0545e3cbf31269 > files-in-commit.txt	2025-05-12T08:38:37.6707707Z I-1 Calculamos el nombre del fichero leadTime.html
job-core	Run git diff --name-only e646feb5d08e1702feeb5680f177af0344304f14 71cf173e00eb6f5b290df85bdc0545e3cbf31269 > files-in-commit.txt	2025-05-12T08:38:37.6708583Z I-2 Calculamos la extension del fichero html
job-core	Run git diff --name-only e646feb5d08e1702feeb5680f177af0344304f14 71cf173e00eb6f5b290df85bdc0545e3cbf31269 > files-in-commit.txt	2025-05-12T08:38:37.6708954Z I-3 Calculamos el modulo htmllint.yml
job-core	Run git diff --name-only e646feb5d08e1702feeb5680f177af0344304f14 71cf173e00eb6f5b290df85bdc0545e3cbf31269 > files-in-commit.txt	2025-05-12T08:38:37.6709349Z II Leemos el array de ***
job-core	Run git diff --name-only e646feb5d08e1702feeb5680f177af0344304f14 71cf173e00eb6f5b290df85bdc0545e3cbf31269 > files-in-commit.txt	2025-05-12T08:38:37.6709706Z VII No es igual html a *** y lo indicamos en la variable extension_failed=1
job-core	Run git diff --name-only e646feb5d08e1702feeb5680f177af0344304f14 71cf173e00eb6f5b290df85bdc0545e3cbf31269 > files-in-commit.txt	2025-05-12T08:38:37.6710770Z X Si extension falla falla (1) añadimos el comentario a la issue
job-core	Run git diff --name-only e646feb5d08e1702feeb5680f177af0344304f14 71cf173e00eb6f5b290df85bdc0545e3cbf31269 > files-in-commit.txt	2025-05-12T08:38:39.7208924Z https://github.com/Ka0s-Klaus/ka0s/issues/1150#issuecomment-2871474274
job-core	Run git diff --name-only e646feb5d08e1702feeb5680f177af0344304f14 71cf173e00eb6f5b290df85bdc0545e3cbf31269 > files-in-commit.txt	2025-05-12T08:38:39.7222340Z I Leemos el fichero files-in-commit.txt y extraemos el fichero core/web/templates/section-template.html
job-core	Run git diff --name-only e646feb5d08e1702feeb5680f177af0344304f14 71cf173e00eb6f5b290df85bdc0545e3cbf31269 > files-in-commit.txt	2025-05-12T08:38:39.7237522Z I-1 Calculamos el nombre del fichero section-template.html
job-core	Run git diff --name-only e646feb5d08e1702feeb5680f177af0344304f14 71cf173e00eb6f5b290df85bdc0545e3cbf31269 > files-in-commit.txt	2025-05-12T08:38:39.7238296Z I-2 Calculamos la extension del fichero html
job-core	Run git diff --name-only e646feb5d08e1702feeb5680f177af0344304f14 71cf173e00eb6f5b290df85bdc0545e3cbf31269 > files-in-commit.txt	2025-05-12T08:38:39.7238596Z I-3 Calculamos el modulo htmllint.yml
job-core	Run git diff --name-only e646feb5d08e1702feeb5680f177af0344304f14 71cf173e00eb6f5b290df85bdc0545e3cbf31269 > files-in-commit.txt	2025-05-12T08:38:39.7239031Z II Leemos el array de ***
job-core	Run git diff --name-only e646feb5d08e1702feeb5680f177af0344304f14 71cf173e00eb6f5b290df85bdc0545e3cbf31269 > files-in-commit.txt	2025-05-12T08:38:39.7239440Z VII No es igual html a *** y lo indicamos en la variable extension_failed=1
job-core	Run git diff --name-only e646feb5d08e1702feeb5680f177af0344304f14 71cf173e00eb6f5b290df85bdc0545e3cbf31269 > files-in-commit.txt	2025-05-12T08:38:39.7240180Z X Si extension falla falla (1) añadimos el comentario a la issue
job-core	Run git diff --name-only e646feb5d08e1702feeb5680f177af0344304f14 71cf173e00eb6f5b290df85bdc0545e3cbf31269 > files-in-commit.txt	2025-05-12T08:38:41.2518148Z https://github.com/Ka0s-Klaus/ka0s/issues/1150#issuecomment-2871474387
job-core	Run git diff --name-only e646feb5d08e1702feeb5680f177af0344304f14 71cf173e00eb6f5b290df85bdc0545e3cbf31269 > files-in-commit.txt	2025-05-12T08:38:41.2537339Z I Leemos el fichero files-in-commit.txt y extraemos el fichero core/web/templates/template.html
job-core	Run git diff --name-only e646feb5d08e1702feeb5680f177af0344304f14 71cf173e00eb6f5b290df85bdc0545e3cbf31269 > files-in-commit.txt	2025-05-12T08:38:41.2550416Z I-1 Calculamos el nombre del fichero template.html
job-core	Run git diff --name-only e646feb5d08e1702feeb5680f177af0344304f14 71cf173e00eb6f5b290df85bdc0545e3cbf31269 > files-in-commit.txt	2025-05-12T08:38:41.2550828Z I-2 Calculamos la extension del fichero html
job-core	Run git diff --name-only e646feb5d08e1702feeb5680f177af0344304f14 71cf173e00eb6f5b290df85bdc0545e3cbf31269 > files-in-commit.txt	2025-05-12T08:38:41.2551123Z I-3 Calculamos el modulo htmllint.yml
job-core	Run git diff --name-only e646feb5d08e1702feeb5680f177af0344304f14 71cf173e00eb6f5b290df85bdc0545e3cbf31269 > files-in-commit.txt	2025-05-12T08:38:41.2551486Z II Leemos el array de ***
job-core	Run git diff --name-only e646feb5d08e1702feeb5680f177af0344304f14 71cf173e00eb6f5b290df85bdc0545e3cbf31269 > files-in-commit.txt	2025-05-12T08:38:41.2562266Z VII No es igual html a *** y lo indicamos en la variable extension_failed=1
job-core	Run git diff --name-only e646feb5d08e1702feeb5680f177af0344304f14 71cf173e00eb6f5b290df85bdc0545e3cbf31269 > files-in-commit.txt	2025-05-12T08:38:41.2563027Z X Si extension falla falla (1) añadimos el comentario a la issue
job-core	Run git diff --name-only e646feb5d08e1702feeb5680f177af0344304f14 71cf173e00eb6f5b290df85bdc0545e3cbf31269 > files-in-commit.txt	2025-05-12T08:38:42.6872044Z https://github.com/Ka0s-Klaus/ka0s/issues/1150#issuecomment-2871474508
job-core	Post Checkout code	﻿2025-05-12T08:38:42.6960720Z Post job cleanup.
job-core	Post Checkout code	2025-05-12T08:38:42.7589158Z [command]/usr/bin/git version
job-core	Post Checkout code	2025-05-12T08:38:42.7615189Z git version 2.43.0
job-core	Post Checkout code	2025-05-12T08:38:42.7654711Z Copying '/home/kaos/.gitconfig' to '/actions-runner/_work/_temp/034a5dc4-236f-4b0b-89e8-802a6e23f3db/.gitconfig'
job-core	Post Checkout code	2025-05-12T08:38:42.7667738Z Temporarily overriding HOME='/actions-runner/_work/_temp/034a5dc4-236f-4b0b-89e8-802a6e23f3db' before making global git config changes
job-core	Post Checkout code	2025-05-12T08:38:42.7669030Z Adding repository directory to the temporary git global config as a safe directory
job-core	Post Checkout code	2025-05-12T08:38:42.7674345Z [command]/usr/bin/git config --global --add safe.directory /actions-runner/_work/ka0s/ka0s
job-core	Post Checkout code	2025-05-12T08:38:42.7770938Z [command]/usr/bin/git config --local --name-only --get-regexp core\.sshCommand
job-core	Post Checkout code	2025-05-12T08:38:42.7803677Z [command]/usr/bin/git submodule foreach --recursive sh -c "git config --local --name-only --get-regexp 'core\.sshCommand' && git config --local --unset-all 'core.sshCommand' || :"
job-core	Post Checkout code	2025-05-12T08:38:42.8038270Z [command]/usr/bin/git config --local --name-only --get-regexp http\.https\:\/\/github\.com\/\.extraheader
job-core	Post Checkout code	2025-05-12T08:38:42.8059722Z http.https://github.com/.extraheader
job-core	Post Checkout code	2025-05-12T08:38:42.8072297Z [command]/usr/bin/git config --local --unset-all http.https://github.com/.extraheader
job-core	Post Checkout code	2025-05-12T08:38:42.8103496Z [command]/usr/bin/git submodule foreach --recursive sh -c "git config --local --name-only --get-regexp 'http\.https\:\/\/github\.com\/\.extraheader' && git config --local --unset-all 'http.https://github.com/.extraheader' || :"
job-core	Complete job	﻿2025-05-12T08:38:42.8409539Z Cleaning up orphan processes
handle-success	Set up job	﻿2025-05-12T08:40:15.5295633Z Current runner version: '2.323.0'
handle-success	Set up job	2025-05-12T08:40:15.5299408Z Runner name: 'ka0s-10'
handle-success	Set up job	2025-05-12T08:40:15.5300173Z Machine name: '26a53205c9ac'
handle-success	Set up job	2025-05-12T08:40:15.5301663Z ##[group]GITHUB_TOKEN Permissions
handle-success	Set up job	2025-05-12T08:40:15.5303029Z Contents: read
handle-success	Set up job	2025-05-12T08:40:15.5303328Z Metadata: read
handle-success	Set up job	2025-05-12T08:40:15.5303837Z Packages: read
handle-success	Set up job	2025-05-12T08:40:15.5304191Z ##[endgroup]
handle-success	Set up job	2025-05-12T08:40:15.5305794Z Secret source: Actions
handle-success	Set up job	2025-05-12T08:40:15.5306277Z Prepare workflow directory
handle-success	Set up job	2025-05-12T08:40:15.5733996Z Prepare all required actions
handle-success	Set up job	2025-05-12T08:40:15.5761825Z Getting action download info
handle-success	Set up job	2025-05-12T08:40:16.1590114Z Download action repository 'actions/checkout@v4' (SHA:11bd71901bbe5b1630ceea73d27597364c9af683)
handle-success	Set up job	2025-05-12T08:40:17.6231917Z Complete job name: handle-success
handle-success	Checkout code	﻿2025-05-12T08:40:17.6588520Z ##[group]Run actions/checkout@v4
handle-success	Checkout code	2025-05-12T08:40:17.6589399Z with:
handle-success	Checkout code	2025-05-12T08:40:17.6589885Z   fetch-depth: 0
handle-success	Checkout code	2025-05-12T08:40:17.6590982Z   token: ***
handle-success	Checkout code	2025-05-12T08:40:17.6591612Z   repository: Ka0s-Klaus/ka0s
handle-success	Checkout code	2025-05-12T08:40:17.6592407Z   ssh-strict: true
handle-success	Checkout code	2025-05-12T08:40:17.6592949Z   ssh-user: git
handle-success	Checkout code	2025-05-12T08:40:17.6593492Z   persist-credentials: true
handle-success	Checkout code	2025-05-12T08:40:17.6594140Z   clean: true
handle-success	Checkout code	2025-05-12T08:40:17.6594928Z   sparse-checkout-cone-mode: true
handle-success	Checkout code	2025-05-12T08:40:17.6595601Z   fetch-tags: false
handle-success	Checkout code	2025-05-12T08:40:17.6596144Z   show-progress: true
handle-success	Checkout code	2025-05-12T08:40:17.6596690Z   lfs: false
handle-success	Checkout code	2025-05-12T08:40:17.6597176Z   submodules: false
handle-success	Checkout code	2025-05-12T08:40:17.6597737Z   set-safe-directory: true
handle-success	Checkout code	2025-05-12T08:40:17.6598440Z env:
handle-success	Checkout code	2025-05-12T08:40:17.6598912Z   KAOS_CODE: 14967653733
handle-success	Checkout code	2025-05-12T08:40:17.6599500Z   KAOS_EVENT_NAME: push
handle-success	Checkout code	2025-05-12T08:40:17.6600052Z   KAOS_ACTION: 
handle-success	Checkout code	2025-05-12T08:40:17.6600680Z   KAOS_REF: refs/heads/H1150-desarrollo-de-secciones
handle-success	Checkout code	2025-05-12T08:40:17.6601482Z   KAOS_MODULE: [Ka0S] kaos
handle-success	Checkout code	2025-05-12T08:40:17.6602132Z   KAOS_PATH_RESUME: core/results/k/
handle-success	Checkout code	2025-05-12T08:40:17.6602848Z   KAOS_JSON: core/results/k/event_data_
handle-success	Checkout code	2025-05-12T08:40:17.6603557Z   KAOS_ACTOR: jorgecg646
handle-success	Checkout code	2025-05-12T08:40:17.6604368Z ##[endgroup]
handle-success	Checkout code	2025-05-12T08:40:17.7306152Z Syncing repository: Ka0s-Klaus/ka0s
handle-success	Checkout code	2025-05-12T08:40:17.7307960Z ##[group]Getting Git version info
handle-success	Checkout code	2025-05-12T08:40:17.7308799Z Working directory is '/actions-runner/_work/ka0s/ka0s'
handle-success	Checkout code	2025-05-12T08:40:17.7310016Z [command]/usr/bin/git version
handle-success	Checkout code	2025-05-12T08:40:17.7337917Z git version 2.43.0
handle-success	Checkout code	2025-05-12T08:40:17.7369189Z ##[endgroup]
handle-success	Checkout code	2025-05-12T08:40:17.7381481Z Copying '/home/kaos/.gitconfig' to '/actions-runner/_work/_temp/29442636-fba3-4137-a246-bfe28a1a2967/.gitconfig'
handle-success	Checkout code	2025-05-12T08:40:17.7394584Z Temporarily overriding HOME='/actions-runner/_work/_temp/29442636-fba3-4137-a246-bfe28a1a2967' before making global git config changes
handle-success	Checkout code	2025-05-12T08:40:17.7397261Z Adding repository directory to the temporary git global config as a safe directory
handle-success	Checkout code	2025-05-12T08:40:17.7399143Z [command]/usr/bin/git config --global --add safe.directory /actions-runner/_work/ka0s/ka0s
handle-success	Checkout code	2025-05-12T08:40:17.7490811Z [command]/usr/bin/git config --local --get remote.origin.url
handle-success	Checkout code	2025-05-12T08:40:17.7508445Z https://github.com/Ka0s-Klaus/ka0s
handle-success	Checkout code	2025-05-12T08:40:17.7526671Z ##[group]Removing previously created refs, to avoid conflicts
handle-success	Checkout code	2025-05-12T08:40:17.7532043Z [command]/usr/bin/git rev-parse --symbolic-full-name --verify --quiet HEAD
handle-success	Checkout code	2025-05-12T08:40:17.7552134Z refs/heads/H1150-desarrollo-de-secciones
handle-success	Checkout code	2025-05-12T08:40:17.7563179Z [command]/usr/bin/git checkout --detach
handle-success	Checkout code	2025-05-12T08:40:17.7675827Z HEAD is now at e646feb5 [Ka0S] Uploading resume execution files to the repository...
handle-success	Checkout code	2025-05-12T08:40:17.7713858Z [command]/usr/bin/git branch --delete --force H1150-desarrollo-de-secciones
handle-success	Checkout code	2025-05-12T08:40:17.7745607Z Deleted branch H1150-desarrollo-de-secciones (was e646feb5).
handle-success	Checkout code	2025-05-12T08:40:17.7789214Z ##[endgroup]
handle-success	Checkout code	2025-05-12T08:40:17.7790052Z [command]/usr/bin/git submodule status
handle-success	Checkout code	2025-05-12T08:40:17.8018889Z ##[group]Cleaning the repository
handle-success	Checkout code	2025-05-12T08:40:17.8020022Z [command]/usr/bin/git clean -ffdx
handle-success	Checkout code	2025-05-12T08:40:17.8075128Z Removing core/outputs/m/mdlint-results-14967134910.txt
handle-success	Checkout code	2025-05-12T08:40:17.8082237Z [command]/usr/bin/git reset --hard HEAD
handle-success	Checkout code	2025-05-12T08:40:17.8235423Z HEAD is now at e646feb5 [Ka0S] Uploading resume execution files to the repository...
handle-success	Checkout code	2025-05-12T08:40:17.8239274Z ##[endgroup]
handle-success	Checkout code	2025-05-12T08:40:17.8240931Z ##[group]Disabling automatic garbage collection
handle-success	Checkout code	2025-05-12T08:40:17.8242381Z [command]/usr/bin/git config --local gc.auto 0
handle-success	Checkout code	2025-05-12T08:40:17.8268827Z ##[endgroup]
handle-success	Checkout code	2025-05-12T08:40:17.8270228Z ##[group]Setting up auth
handle-success	Checkout code	2025-05-12T08:40:17.8278603Z [command]/usr/bin/git config --local --name-only --get-regexp core\.sshCommand
handle-success	Checkout code	2025-05-12T08:40:17.8309095Z [command]/usr/bin/git submodule foreach --recursive sh -c "git config --local --name-only --get-regexp 'core\.sshCommand' && git config --local --unset-all 'core.sshCommand' || :"
handle-success	Checkout code	2025-05-12T08:40:17.8540536Z [command]/usr/bin/git config --local --name-only --get-regexp http\.https\:\/\/github\.com\/\.extraheader
handle-success	Checkout code	2025-05-12T08:40:17.8567028Z [command]/usr/bin/git submodule foreach --recursive sh -c "git config --local --name-only --get-regexp 'http\.https\:\/\/github\.com\/\.extraheader' && git config --local --unset-all 'http.https://github.com/.extraheader' || :"
handle-success	Checkout code	2025-05-12T08:40:17.8814032Z [command]/usr/bin/git config --local http.https://github.com/.extraheader AUTHORIZATION: basic ***
handle-success	Checkout code	2025-05-12T08:40:17.8858192Z ##[endgroup]
handle-success	Checkout code	2025-05-12T08:40:17.8859712Z ##[group]Fetching the repository
handle-success	Checkout code	2025-05-12T08:40:17.8864867Z [command]/usr/bin/git -c protocol.version=2 fetch --prune --no-recurse-submodules origin +refs/heads/*:refs/remotes/origin/* +refs/tags/*:refs/tags/*
handle-success	Checkout code	2025-05-12T08:40:19.0119795Z From https://github.com/Ka0s-Klaus/ka0s
handle-success	Checkout code	2025-05-12T08:40:19.0120792Z    efba056a..7f25e532  H1149-desarrollo-de-orchestrator -> origin/H1149-desarrollo-de-orchestrator
handle-success	Checkout code	2025-05-12T08:40:19.0121540Z    e646feb5..68247d1a  H1150-desarrollo-de-secciones -> origin/H1150-desarrollo-de-secciones
handle-success	Checkout code	2025-05-12T08:40:19.0122298Z    73cffd1f..61166fde  H1152-desarrollo-inicio -> origin/H1152-desarrollo-inicio
handle-success	Checkout code	2025-05-12T08:40:19.0122852Z    61166fde..6ec431d2  main                    -> origin/main
handle-success	Checkout code	2025-05-12T08:40:19.0160831Z [command]/usr/bin/git branch --list --remote origin/H1150-desarrollo-de-secciones
handle-success	Checkout code	2025-05-12T08:40:19.0190051Z   origin/H1150-desarrollo-de-secciones
handle-success	Checkout code	2025-05-12T08:40:19.0201419Z [command]/usr/bin/git rev-parse refs/remotes/origin/H1150-desarrollo-de-secciones
handle-success	Checkout code	2025-05-12T08:40:19.0224634Z 68247d1accf0821bdb601bf5a07c1e98de88ee55
handle-success	Checkout code	2025-05-12T08:40:19.0235736Z [command]/usr/bin/git -c protocol.version=2 fetch --no-tags --prune --no-recurse-submodules origin +71cf173e00eb6f5b290df85bdc0545e3cbf31269:refs/remotes/origin/H1150-desarrollo-de-secciones
handle-success	Checkout code	2025-05-12T08:40:19.0358366Z From https://github.com/Ka0s-Klaus/ka0s
handle-success	Checkout code	2025-05-12T08:40:19.0359097Z  + 68247d1a...71cf173e 71cf173e00eb6f5b290df85bdc0545e3cbf31269 -> origin/H1150-desarrollo-de-secciones  (forced update)
handle-success	Checkout code	2025-05-12T08:40:19.0383329Z ##[endgroup]
handle-success	Checkout code	2025-05-12T08:40:19.0384001Z ##[group]Determining the checkout info
handle-success	Checkout code	2025-05-12T08:40:19.0384796Z ##[endgroup]
handle-success	Checkout code	2025-05-12T08:40:19.0388885Z [command]/usr/bin/git sparse-checkout disable
handle-success	Checkout code	2025-05-12T08:40:19.0439834Z [command]/usr/bin/git config --local --unset-all extensions.worktreeConfig
handle-success	Checkout code	2025-05-12T08:40:19.0468008Z ##[group]Checking out the ref
handle-success	Checkout code	2025-05-12T08:40:19.0469042Z [command]/usr/bin/git checkout --progress --force -B H1150-desarrollo-de-secciones refs/remotes/origin/H1150-desarrollo-de-secciones
handle-success	Checkout code	2025-05-12T08:40:19.0613717Z Previous HEAD position was e646feb5 [Ka0S] Uploading resume execution files to the repository...
handle-success	Checkout code	2025-05-12T08:40:19.0615758Z Switched to a new branch 'H1150-desarrollo-de-secciones'
handle-success	Checkout code	2025-05-12T08:40:19.0616758Z branch 'H1150-desarrollo-de-secciones' set up to track 'origin/H1150-desarrollo-de-secciones'.
handle-success	Checkout code	2025-05-12T08:40:19.0623868Z ##[endgroup]
handle-success	Checkout code	2025-05-12T08:40:19.0665234Z [command]/usr/bin/git log -1 --format=%H
handle-success	Checkout code	2025-05-12T08:40:19.0694859Z 71cf173e00eb6f5b290df85bdc0545e3cbf31269
handle-success	handle-success-execution	﻿2025-05-12T08:40:19.0856354Z ##[group]Run # Si todo ha ido correcto añadimos el contenido del fichero 
handle-success	handle-success-execution	2025-05-12T08:40:19.0857087Z [36;1m# Si todo ha ido correcto añadimos el contenido del fichero [0m
handle-success	handle-success-execution	2025-05-12T08:40:19.0857431Z [36;1mRNNUMBER=$(echo "refs/heads/H1150-desarrollo-de-secciones" | grep -o '[0-9]*')[0m
handle-success	handle-success-execution	2025-05-12T08:40:19.0857934Z [36;1mgh issue comment $RNNUMBER --body "El proceso ha finalizado correctamente 14967653733. El resultado está en el fichero core/results/event_data_14967653733.log"[0m
handle-success	handle-success-execution	2025-05-12T08:40:19.0865329Z shell: /usr/bin/bash -e {0}
handle-success	handle-success-execution	2025-05-12T08:40:19.0865640Z env:
handle-success	handle-success-execution	2025-05-12T08:40:19.0865931Z   KAOS_CODE: 14967653733
handle-success	handle-success-execution	2025-05-12T08:40:19.0866202Z   KAOS_EVENT_NAME: push
handle-success	handle-success-execution	2025-05-12T08:40:19.0866464Z   KAOS_ACTION: 
handle-success	handle-success-execution	2025-05-12T08:40:19.0866750Z   KAOS_REF: refs/heads/H1150-desarrollo-de-secciones
handle-success	handle-success-execution	2025-05-12T08:40:19.0866970Z   KAOS_MODULE: [Ka0S] kaos
handle-success	handle-success-execution	2025-05-12T08:40:19.0867151Z   KAOS_PATH_RESUME: core/results/k/
handle-success	handle-success-execution	2025-05-12T08:40:19.0867368Z   KAOS_JSON: core/results/k/event_data_
handle-success	handle-success-execution	2025-05-12T08:40:19.0867598Z   KAOS_ACTOR: jorgecg646
handle-success	handle-success-execution	2025-05-12T08:40:19.0867964Z   GH_TOKEN: ***
handle-success	handle-success-execution	2025-05-12T08:40:19.0868137Z ##[endgroup]
handle-success	handle-success-execution	2025-05-12T08:40:20.7766752Z https://github.com/Ka0s-Klaus/ka0s/issues/1150#issuecomment-2871484214
handle-success	Post Checkout code	﻿2025-05-12T08:40:20.7839877Z Post job cleanup.
handle-success	Post Checkout code	2025-05-12T08:40:20.8487080Z [command]/usr/bin/git version
handle-success	Post Checkout code	2025-05-12T08:40:20.8516359Z git version 2.43.0
handle-success	Post Checkout code	2025-05-12T08:40:20.8554870Z Copying '/home/kaos/.gitconfig' to '/actions-runner/_work/_temp/f554c9e3-e593-4509-ac49-1a25c3074e83/.gitconfig'
handle-success	Post Checkout code	2025-05-12T08:40:20.8566997Z Temporarily overriding HOME='/actions-runner/_work/_temp/f554c9e3-e593-4509-ac49-1a25c3074e83' before making global git config changes
handle-success	Post Checkout code	2025-05-12T08:40:20.8567522Z Adding repository directory to the temporary git global config as a safe directory
handle-success	Post Checkout code	2025-05-12T08:40:20.8574269Z [command]/usr/bin/git config --global --add safe.directory /actions-runner/_work/ka0s/ka0s
handle-success	Post Checkout code	2025-05-12T08:40:20.8665669Z [command]/usr/bin/git config --local --name-only --get-regexp core\.sshCommand
handle-success	Post Checkout code	2025-05-12T08:40:20.8692603Z [command]/usr/bin/git submodule foreach --recursive sh -c "git config --local --name-only --get-regexp 'core\.sshCommand' && git config --local --unset-all 'core.sshCommand' || :"
handle-success	Post Checkout code	2025-05-12T08:40:20.8932838Z [command]/usr/bin/git config --local --name-only --get-regexp http\.https\:\/\/github\.com\/\.extraheader
handle-success	Post Checkout code	2025-05-12T08:40:20.8950841Z http.https://github.com/.extraheader
handle-success	Post Checkout code	2025-05-12T08:40:20.8963816Z [command]/usr/bin/git config --local --unset-all http.https://github.com/.extraheader
handle-success	Post Checkout code	2025-05-12T08:40:20.8999496Z [command]/usr/bin/git submodule foreach --recursive sh -c "git config --local --name-only --get-regexp 'http\.https\:\/\/github\.com\/\.extraheader' && git config --local --unset-all 'http.https://github.com/.extraheader' || :"
handle-success	Complete job	﻿2025-05-12T08:40:20.9332481Z Cleaning up orphan processes
end-workflow	Set up job	﻿2025-05-12T08:40:30.5912574Z Current runner version: '2.323.0'
end-workflow	Set up job	2025-05-12T08:40:30.5916517Z Runner name: 'ka0s-7'
end-workflow	Set up job	2025-05-12T08:40:30.5917083Z Machine name: '26a53205c9ac'
end-workflow	Set up job	2025-05-12T08:40:30.5918447Z ##[group]GITHUB_TOKEN Permissions
end-workflow	Set up job	2025-05-12T08:40:30.5919868Z Contents: read
end-workflow	Set up job	2025-05-12T08:40:30.5920187Z Metadata: read
end-workflow	Set up job	2025-05-12T08:40:30.5920473Z Packages: read
end-workflow	Set up job	2025-05-12T08:40:30.5920754Z ##[endgroup]
end-workflow	Set up job	2025-05-12T08:40:30.5921998Z Secret source: Actions
end-workflow	Set up job	2025-05-12T08:40:30.5922454Z Prepare workflow directory
end-workflow	Set up job	2025-05-12T08:40:30.6307803Z Prepare all required actions
end-workflow	Set up job	2025-05-12T08:40:30.6334552Z Getting action download info
end-workflow	Set up job	2025-05-12T08:40:31.5780784Z Download action repository 'actions/checkout@v4' (SHA:11bd71901bbe5b1630ceea73d27597364c9af683)
end-workflow	Set up job	2025-05-12T08:40:32.8069508Z Complete job name: end-workflow
end-workflow	Checkout code	﻿2025-05-12T08:40:32.8488427Z ##[group]Run actions/checkout@v4
end-workflow	Checkout code	2025-05-12T08:40:32.8489488Z with:
end-workflow	Checkout code	2025-05-12T08:40:32.8490112Z   fetch-depth: 0
end-workflow	Checkout code	2025-05-12T08:40:32.8491130Z   token: ***
end-workflow	Checkout code	2025-05-12T08:40:32.8491817Z   repository: Ka0s-Klaus/ka0s
end-workflow	Checkout code	2025-05-12T08:40:32.8492655Z   ssh-strict: true
end-workflow	Checkout code	2025-05-12T08:40:32.8493332Z   ssh-user: git
end-workflow	Checkout code	2025-05-12T08:40:32.8494025Z   persist-credentials: true
end-workflow	Checkout code	2025-05-12T08:40:32.8494842Z   clean: true
end-workflow	Checkout code	2025-05-12T08:40:32.8495539Z   sparse-checkout-cone-mode: true
end-workflow	Checkout code	2025-05-12T08:40:32.8496365Z   fetch-tags: false
end-workflow	Checkout code	2025-05-12T08:40:32.8497062Z   show-progress: true
end-workflow	Checkout code	2025-05-12T08:40:32.8497764Z   lfs: false
end-workflow	Checkout code	2025-05-12T08:40:32.8498424Z   submodules: false
end-workflow	Checkout code	2025-05-12T08:40:32.8499126Z   set-safe-directory: true
end-workflow	Checkout code	2025-05-12T08:40:32.8500003Z env:
end-workflow	Checkout code	2025-05-12T08:40:32.8500606Z   KAOS_CODE: 14967653733
end-workflow	Checkout code	2025-05-12T08:40:32.8501334Z   KAOS_EVENT_NAME: push
end-workflow	Checkout code	2025-05-12T08:40:32.8502047Z   KAOS_ACTION: 
end-workflow	Checkout code	2025-05-12T08:40:32.8502835Z   KAOS_REF: refs/heads/H1150-desarrollo-de-secciones
end-workflow	Checkout code	2025-05-12T08:40:32.8503768Z   KAOS_MODULE: [Ka0S] kaos
end-workflow	Checkout code	2025-05-12T08:40:32.8504816Z   KAOS_PATH_RESUME: core/results/k/
end-workflow	Checkout code	2025-05-12T08:40:32.8505688Z   KAOS_JSON: core/results/k/event_data_
end-workflow	Checkout code	2025-05-12T08:40:32.8506541Z   KAOS_ACTOR: jorgecg646
end-workflow	Checkout code	2025-05-12T08:40:32.8507483Z   GH_TOKEN: ***
end-workflow	Checkout code	2025-05-12T08:40:32.8508125Z ##[endgroup]
end-workflow	Checkout code	2025-05-12T08:40:32.9240638Z Syncing repository: Ka0s-Klaus/ka0s
end-workflow	Checkout code	2025-05-12T08:40:32.9242769Z ##[group]Getting Git version info
end-workflow	Checkout code	2025-05-12T08:40:32.9243779Z Working directory is '/actions-runner/_work/ka0s/ka0s'
end-workflow	Checkout code	2025-05-12T08:40:32.9245733Z [command]/usr/bin/git version
end-workflow	Checkout code	2025-05-12T08:40:32.9246656Z git version 2.43.0
end-workflow	Checkout code	2025-05-12T08:40:32.9255131Z ##[endgroup]
end-workflow	Checkout code	2025-05-12T08:40:32.9264589Z Copying '/home/kaos/.gitconfig' to '/actions-runner/_work/_temp/09989fb2-1945-4b72-8b60-ad715163336f/.gitconfig'
end-workflow	Checkout code	2025-05-12T08:40:32.9280388Z Temporarily overriding HOME='/actions-runner/_work/_temp/09989fb2-1945-4b72-8b60-ad715163336f' before making global git config changes
end-workflow	Checkout code	2025-05-12T08:40:32.9283139Z Adding repository directory to the temporary git global config as a safe directory
end-workflow	Checkout code	2025-05-12T08:40:32.9291953Z [command]/usr/bin/git config --global --add safe.directory /actions-runner/_work/ka0s/ka0s
end-workflow	Checkout code	2025-05-12T08:40:32.9377764Z [command]/usr/bin/git config --local --get remote.origin.url
end-workflow	Checkout code	2025-05-12T08:40:32.9396109Z https://github.com/Ka0s-Klaus/ka0s
end-workflow	Checkout code	2025-05-12T08:40:32.9418283Z ##[group]Removing previously created refs, to avoid conflicts
end-workflow	Checkout code	2025-05-12T08:40:32.9420761Z [command]/usr/bin/git rev-parse --symbolic-full-name --verify --quiet HEAD
end-workflow	Checkout code	2025-05-12T08:40:32.9441475Z refs/heads/H1149-desarrollo-de-orchestrator
end-workflow	Checkout code	2025-05-12T08:40:32.9452106Z [command]/usr/bin/git checkout --detach
end-workflow	Checkout code	2025-05-12T08:40:32.9553773Z HEAD is now at 481fa25a Merge branch 'H1149-desarrollo-de-orchestrator' of https://github.com/Ka0s-Klaus/ka0s into H1149-desarrollo-de-orchestrator
end-workflow	Checkout code	2025-05-12T08:40:32.9595695Z [command]/usr/bin/git branch --delete --force H1149-desarrollo-de-orchestrator
end-workflow	Checkout code	2025-05-12T08:40:32.9625973Z Deleted branch H1149-desarrollo-de-orchestrator (was 481fa25a).
end-workflow	Checkout code	2025-05-12T08:40:32.9677097Z ##[endgroup]
end-workflow	Checkout code	2025-05-12T08:40:32.9677964Z [command]/usr/bin/git submodule status
end-workflow	Checkout code	2025-05-12T08:40:32.9901335Z ##[group]Cleaning the repository
end-workflow	Checkout code	2025-05-12T08:40:32.9903229Z [command]/usr/bin/git clean -ffdx
end-workflow	Checkout code	2025-05-12T08:40:32.9952625Z [command]/usr/bin/git reset --hard HEAD
end-workflow	Checkout code	2025-05-12T08:40:33.0084675Z HEAD is now at 481fa25a Merge branch 'H1149-desarrollo-de-orchestrator' of https://github.com/Ka0s-Klaus/ka0s into H1149-desarrollo-de-orchestrator
end-workflow	Checkout code	2025-05-12T08:40:33.0089363Z ##[endgroup]
end-workflow	Checkout code	2025-05-12T08:40:33.0091136Z ##[group]Disabling automatic garbage collection
end-workflow	Checkout code	2025-05-12T08:40:33.0092611Z [command]/usr/bin/git config --local gc.auto 0
end-workflow	Checkout code	2025-05-12T08:40:33.0123899Z ##[endgroup]
end-workflow	Checkout code	2025-05-12T08:40:33.0125886Z ##[group]Setting up auth
end-workflow	Checkout code	2025-05-12T08:40:33.0127309Z [command]/usr/bin/git config --local --name-only --get-regexp core\.sshCommand
end-workflow	Checkout code	2025-05-12T08:40:33.0149943Z [command]/usr/bin/git submodule foreach --recursive sh -c "git config --local --name-only --get-regexp 'core\.sshCommand' && git config --local --unset-all 'core.sshCommand' || :"
end-workflow	Checkout code	2025-05-12T08:40:33.0383495Z [command]/usr/bin/git config --local --name-only --get-regexp http\.https\:\/\/github\.com\/\.extraheader
end-workflow	Checkout code	2025-05-12T08:40:33.0411869Z [command]/usr/bin/git submodule foreach --recursive sh -c "git config --local --name-only --get-regexp 'http\.https\:\/\/github\.com\/\.extraheader' && git config --local --unset-all 'http.https://github.com/.extraheader' || :"
end-workflow	Checkout code	2025-05-12T08:40:33.0652243Z [command]/usr/bin/git config --local http.https://github.com/.extraheader AUTHORIZATION: basic ***
end-workflow	Checkout code	2025-05-12T08:40:33.0689952Z ##[endgroup]
end-workflow	Checkout code	2025-05-12T08:40:33.0691417Z ##[group]Fetching the repository
end-workflow	Checkout code	2025-05-12T08:40:33.0696526Z [command]/usr/bin/git -c protocol.version=2 fetch --prune --no-recurse-submodules origin +refs/heads/*:refs/remotes/origin/* +refs/tags/*:refs/tags/*
end-workflow	Checkout code	2025-05-12T08:40:34.2212437Z From https://github.com/Ka0s-Klaus/ka0s
end-workflow	Checkout code	2025-05-12T08:40:34.2213461Z    481fa25a..7f25e532  H1149-desarrollo-de-orchestrator -> origin/H1149-desarrollo-de-orchestrator
end-workflow	Checkout code	2025-05-12T08:40:34.2215084Z    8bf5f422..6ec431d2  main       -> origin/main
end-workflow	Checkout code	2025-05-12T08:40:34.2263446Z [command]/usr/bin/git branch --list --remote origin/H1150-desarrollo-de-secciones
end-workflow	Checkout code	2025-05-12T08:40:34.2292454Z   origin/H1150-desarrollo-de-secciones
end-workflow	Checkout code	2025-05-12T08:40:34.2300502Z [command]/usr/bin/git rev-parse refs/remotes/origin/H1150-desarrollo-de-secciones
end-workflow	Checkout code	2025-05-12T08:40:34.2321511Z 68247d1accf0821bdb601bf5a07c1e98de88ee55
end-workflow	Checkout code	2025-05-12T08:40:34.2331905Z [command]/usr/bin/git -c protocol.version=2 fetch --no-tags --prune --no-recurse-submodules origin +71cf173e00eb6f5b290df85bdc0545e3cbf31269:refs/remotes/origin/H1150-desarrollo-de-secciones
end-workflow	Checkout code	2025-05-12T08:40:34.2438265Z From https://github.com/Ka0s-Klaus/ka0s
end-workflow	Checkout code	2025-05-12T08:40:34.2438851Z  + 68247d1a...71cf173e 71cf173e00eb6f5b290df85bdc0545e3cbf31269 -> origin/H1150-desarrollo-de-secciones  (forced update)
end-workflow	Checkout code	2025-05-12T08:40:34.2458249Z ##[endgroup]
end-workflow	Checkout code	2025-05-12T08:40:34.2458640Z ##[group]Determining the checkout info
end-workflow	Checkout code	2025-05-12T08:40:34.2459123Z ##[endgroup]
end-workflow	Checkout code	2025-05-12T08:40:34.2461766Z [command]/usr/bin/git sparse-checkout disable
end-workflow	Checkout code	2025-05-12T08:40:34.2509033Z [command]/usr/bin/git config --local --unset-all extensions.worktreeConfig
end-workflow	Checkout code	2025-05-12T08:40:34.2529499Z ##[group]Checking out the ref
end-workflow	Checkout code	2025-05-12T08:40:34.2532195Z [command]/usr/bin/git checkout --progress --force -B H1150-desarrollo-de-secciones refs/remotes/origin/H1150-desarrollo-de-secciones
end-workflow	Checkout code	2025-05-12T08:40:34.2714383Z Previous HEAD position was 481fa25a Merge branch 'H1149-desarrollo-de-orchestrator' of https://github.com/Ka0s-Klaus/ka0s into H1149-desarrollo-de-orchestrator
end-workflow	Checkout code	2025-05-12T08:40:34.2715668Z Switched to a new branch 'H1150-desarrollo-de-secciones'
end-workflow	Checkout code	2025-05-12T08:40:34.2716668Z branch 'H1150-desarrollo-de-secciones' set up to track 'origin/H1150-desarrollo-de-secciones'.
end-workflow	Checkout code	2025-05-12T08:40:34.2723795Z ##[endgroup]
end-workflow	Checkout code	2025-05-12T08:40:34.2763575Z [command]/usr/bin/git log -1 --format=%H
end-workflow	Checkout code	2025-05-12T08:40:34.2792290Z 71cf173e00eb6f5b290df85bdc0545e3cbf31269
end-workflow	Finaliza el workflow	﻿2025-05-12T08:40:34.2962900Z ##[group]Run echo "End process"
end-workflow	Finaliza el workflow	2025-05-12T08:40:34.2963200Z [36;1mecho "End process"[0m
end-workflow	Finaliza el workflow	2025-05-12T08:40:34.2963741Z [36;1mRNNUMBER=$(echo "refs/heads/H1150-desarrollo-de-secciones" | grep -o '[0-9]*')[0m
end-workflow	Finaliza el workflow	2025-05-12T08:40:34.2964446Z [36;1mgh issue comment $RNNUMBER --body "Se finaliza Ka0s 14967653733"[0m
end-workflow	Finaliza el workflow	2025-05-12T08:40:34.2964963Z [36;1mgh workflow run inspector.yml --ref 'main' -f kaos-issue-id=$RNNUMBER -f kaos-workflow-id="14967653733" -f kaos-user-start=""[0m
end-workflow	Finaliza el workflow	2025-05-12T08:40:34.2971635Z shell: /usr/bin/bash -e {0}
end-workflow	Finaliza el workflow	2025-05-12T08:40:34.2971865Z env:
end-workflow	Finaliza el workflow	2025-05-12T08:40:34.2972063Z   KAOS_CODE: 14967653733
end-workflow	Finaliza el workflow	2025-05-12T08:40:34.2972248Z   KAOS_EVENT_NAME: push
end-workflow	Finaliza el workflow	2025-05-12T08:40:34.2972425Z   KAOS_ACTION: 
end-workflow	Finaliza el workflow	2025-05-12T08:40:34.2972624Z   KAOS_REF: refs/heads/H1150-desarrollo-de-secciones
end-workflow	Finaliza el workflow	2025-05-12T08:40:34.2973097Z   KAOS_MODULE: [Ka0S] kaos
end-workflow	Finaliza el workflow	2025-05-12T08:40:34.2973288Z   KAOS_PATH_RESUME: core/results/k/
end-workflow	Finaliza el workflow	2025-05-12T08:40:34.2973494Z   KAOS_JSON: core/results/k/event_data_
end-workflow	Finaliza el workflow	2025-05-12T08:40:34.2973736Z   KAOS_ACTOR: jorgecg646
end-workflow	Finaliza el workflow	2025-05-12T08:40:34.2974136Z   GH_TOKEN: ***
end-workflow	Finaliza el workflow	2025-05-12T08:40:34.2974425Z ##[endgroup]
end-workflow	Finaliza el workflow	2025-05-12T08:40:34.3013761Z End process
end-workflow	Finaliza el workflow	2025-05-12T08:40:35.5291995Z https://github.com/Ka0s-Klaus/ka0s/issues/1150#issuecomment-2871486399
end-workflow	Post Checkout code	﻿2025-05-12T08:40:36.2562504Z Post job cleanup.
end-workflow	Post Checkout code	2025-05-12T08:40:36.3189846Z [command]/usr/bin/git version
end-workflow	Post Checkout code	2025-05-12T08:40:36.3217144Z git version 2.43.0
end-workflow	Post Checkout code	2025-05-12T08:40:36.3257882Z Copying '/home/kaos/.gitconfig' to '/actions-runner/_work/_temp/b7f98225-5f61-4709-ac42-0b85432ac399/.gitconfig'
end-workflow	Post Checkout code	2025-05-12T08:40:36.3270584Z Temporarily overriding HOME='/actions-runner/_work/_temp/b7f98225-5f61-4709-ac42-0b85432ac399' before making global git config changes
end-workflow	Post Checkout code	2025-05-12T08:40:36.3271189Z Adding repository directory to the temporary git global config as a safe directory
end-workflow	Post Checkout code	2025-05-12T08:40:36.3276692Z [command]/usr/bin/git config --global --add safe.directory /actions-runner/_work/ka0s/ka0s
end-workflow	Post Checkout code	2025-05-12T08:40:36.3365735Z [command]/usr/bin/git config --local --name-only --get-regexp core\.sshCommand
end-workflow	Post Checkout code	2025-05-12T08:40:36.3406598Z [command]/usr/bin/git submodule foreach --recursive sh -c "git config --local --name-only --get-regexp 'core\.sshCommand' && git config --local --unset-all 'core.sshCommand' || :"
end-workflow	Post Checkout code	2025-05-12T08:40:36.3642916Z [command]/usr/bin/git config --local --name-only --get-regexp http\.https\:\/\/github\.com\/\.extraheader
end-workflow	Post Checkout code	2025-05-12T08:40:36.3667452Z http.https://github.com/.extraheader
end-workflow	Post Checkout code	2025-05-12T08:40:36.3676846Z [command]/usr/bin/git config --local --unset-all http.https://github.com/.extraheader
end-workflow	Post Checkout code	2025-05-12T08:40:36.3705916Z [command]/usr/bin/git submodule foreach --recursive sh -c "git config --local --name-only --get-regexp 'http\.https\:\/\/github\.com\/\.extraheader' && git config --local --unset-all 'http.https://github.com/.extraheader' || :"
end-workflow	Complete job	﻿2025-05-12T08:40:36.4033672Z Cleaning up orphan processes
