job-core	Set up job	Ôªø2025-05-12T13:48:03.7541803Z Current runner version: '2.323.0'
job-core	Set up job	2025-05-12T13:48:03.7545887Z Runner name: 'ka0s-8'
job-core	Set up job	2025-05-12T13:48:03.7546475Z Machine name: '26a53205c9ac'
job-core	Set up job	2025-05-12T13:48:03.7547864Z ##[group]GITHUB_TOKEN Permissions
job-core	Set up job	2025-05-12T13:48:03.7549294Z Contents: read
job-core	Set up job	2025-05-12T13:48:03.7549606Z Metadata: read
job-core	Set up job	2025-05-12T13:48:03.7549905Z Packages: read
job-core	Set up job	2025-05-12T13:48:03.7550197Z ##[endgroup]
job-core	Set up job	2025-05-12T13:48:03.7551582Z Secret source: Actions
job-core	Set up job	2025-05-12T13:48:03.7551954Z Prepare workflow directory
job-core	Set up job	2025-05-12T13:48:03.7929833Z Prepare all required actions
job-core	Set up job	2025-05-12T13:48:03.7956856Z Getting action download info
job-core	Set up job	2025-05-12T13:48:04.4489293Z Download action repository 'actions/checkout@v3' (SHA:f43a0e5ff2bd294095638e18286ca9a3d1956744)
job-core	Set up job	2025-05-12T13:48:05.9806267Z Complete job name: job-core
job-core	Checkout repository	Ôªø2025-05-12T13:48:06.0124001Z ##[group]Run actions/checkout@v3
job-core	Checkout repository	2025-05-12T13:48:06.0124966Z with:
job-core	Checkout repository	2025-05-12T13:48:06.0125423Z   fetch-depth: 0
job-core	Checkout repository	2025-05-12T13:48:06.0126084Z   token: ***
job-core	Checkout repository	2025-05-12T13:48:06.0126588Z   repository: Ka0s-Klaus/ka0s
job-core	Checkout repository	2025-05-12T13:48:06.0127280Z   ssh-strict: true
job-core	Checkout repository	2025-05-12T13:48:06.0127684Z   persist-credentials: true
job-core	Checkout repository	2025-05-12T13:48:06.0128075Z   clean: true
job-core	Checkout repository	2025-05-12T13:48:06.0128450Z   sparse-checkout-cone-mode: true
job-core	Checkout repository	2025-05-12T13:48:06.0128881Z   fetch-tags: false
job-core	Checkout repository	2025-05-12T13:48:06.0129265Z   lfs: false
job-core	Checkout repository	2025-05-12T13:48:06.0129804Z   submodules: false
job-core	Checkout repository	2025-05-12T13:48:06.0130198Z   set-safe-directory: true
job-core	Checkout repository	2025-05-12T13:48:06.0130733Z env:
job-core	Checkout repository	2025-05-12T13:48:06.0131118Z   KAOS_CODE: 14973974890
job-core	Checkout repository	2025-05-12T13:48:06.0131524Z   KAOS_EVENT_NAME: workflow_dispatch
job-core	Checkout repository	2025-05-12T13:48:06.0131984Z   KAOS_ACTION: 
job-core	Checkout repository	2025-05-12T13:48:06.0132598Z   KAOS_REF: refs/heads/main
job-core	Checkout repository	2025-05-12T13:48:06.0133080Z   KAOS_MODULE: [Ka0S] Deploy Web Structure
job-core	Checkout repository	2025-05-12T13:48:06.0133557Z   KAOS_JSON_WEB: core/config/webs/webs.json
job-core	Checkout repository	2025-05-12T13:48:06.0134023Z   KAOS_JSON_RESUME: core/outputs/webs/
job-core	Checkout repository	2025-05-12T13:48:06.0134715Z   KAOS_JSON_DATA: core/web/data/data.json
job-core	Checkout repository	2025-05-12T13:48:06.0135187Z   KAOS_WEB_STRUCTURE: core/results/webs/
job-core	Checkout repository	2025-05-12T13:48:06.0135693Z   KAOS_TEST_STRUCTURE: core/results/test/
job-core	Checkout repository	2025-05-12T13:48:06.0136216Z   KAOS_ACTOR: jorgecg646
job-core	Checkout repository	2025-05-12T13:48:06.0136637Z ##[endgroup]
job-core	Checkout repository	2025-05-12T13:48:06.0692155Z Syncing repository: Ka0s-Klaus/ka0s
job-core	Checkout repository	2025-05-12T13:48:06.0693553Z ##[group]Getting Git version info
job-core	Checkout repository	2025-05-12T13:48:06.0694355Z Working directory is '/actions-runner/_work/ka0s/ka0s'
job-core	Checkout repository	2025-05-12T13:48:06.0695337Z [command]/usr/bin/git version
job-core	Checkout repository	2025-05-12T13:48:06.0718420Z git version 2.43.0
job-core	Checkout repository	2025-05-12T13:48:06.0742973Z ##[endgroup]
job-core	Checkout repository	2025-05-12T13:48:06.0753418Z Copying '/home/kaos/.gitconfig' to '/actions-runner/_work/_temp/d324d771-98f4-4414-b201-0f826f555488/.gitconfig'
job-core	Checkout repository	2025-05-12T13:48:06.0769973Z Temporarily overriding HOME='/actions-runner/_work/_temp/d324d771-98f4-4414-b201-0f826f555488' before making global git config changes
job-core	Checkout repository	2025-05-12T13:48:06.0772214Z Adding repository directory to the temporary git global config as a safe directory
job-core	Checkout repository	2025-05-12T13:48:06.0773958Z [command]/usr/bin/git config --global --add safe.directory /actions-runner/_work/ka0s/ka0s
job-core	Checkout repository	2025-05-12T13:48:06.0793846Z [command]/usr/bin/git config --local --get remote.origin.url
job-core	Checkout repository	2025-05-12T13:48:06.0810521Z https://github.com/Ka0s-Klaus/ka0s
job-core	Checkout repository	2025-05-12T13:48:06.0829491Z ##[group]Removing previously created refs, to avoid conflicts
job-core	Checkout repository	2025-05-12T13:48:06.0830777Z [command]/usr/bin/git rev-parse --symbolic-full-name --verify --quiet HEAD
job-core	Checkout repository	2025-05-12T13:48:06.0850107Z refs/heads/H1149-desarrollo-de-orchestrator
job-core	Checkout repository	2025-05-12T13:48:06.0859044Z [command]/usr/bin/git checkout --detach
job-core	Checkout repository	2025-05-12T13:48:06.1100090Z HEAD is now at 3755e1cf merge
job-core	Checkout repository	2025-05-12T13:48:06.1135340Z [command]/usr/bin/git branch --delete --force H1149-desarrollo-de-orchestrator
job-core	Checkout repository	2025-05-12T13:48:06.1162335Z Deleted branch H1149-desarrollo-de-orchestrator (was 3755e1cf).
job-core	Checkout repository	2025-05-12T13:48:06.1212315Z ##[endgroup]
job-core	Checkout repository	2025-05-12T13:48:06.1213097Z [command]/usr/bin/git submodule status
job-core	Checkout repository	2025-05-12T13:48:06.1447663Z ##[group]Cleaning the repository
job-core	Checkout repository	2025-05-12T13:48:06.1451518Z [command]/usr/bin/git clean -ffdx
job-core	Checkout repository	2025-05-12T13:48:06.1512824Z [command]/usr/bin/git reset --hard HEAD
job-core	Checkout repository	2025-05-12T13:48:06.1653836Z HEAD is now at 3755e1cf merge
job-core	Checkout repository	2025-05-12T13:48:06.1662078Z ##[endgroup]
job-core	Checkout repository	2025-05-12T13:48:06.1663352Z ##[group]Disabling automatic garbage collection
job-core	Checkout repository	2025-05-12T13:48:06.1664582Z [command]/usr/bin/git config --local gc.auto 0
job-core	Checkout repository	2025-05-12T13:48:06.1687699Z ##[endgroup]
job-core	Checkout repository	2025-05-12T13:48:06.1688991Z ##[group]Setting up auth
job-core	Checkout repository	2025-05-12T13:48:06.1690203Z [command]/usr/bin/git config --local --name-only --get-regexp core\.sshCommand
job-core	Checkout repository	2025-05-12T13:48:06.1712808Z [command]/usr/bin/git submodule foreach --recursive sh -c "git config --local --name-only --get-regexp 'core\.sshCommand' && git config --local --unset-all 'core.sshCommand' || :"
job-core	Checkout repository	2025-05-12T13:48:06.1944780Z [command]/usr/bin/git config --local --name-only --get-regexp http\.https\:\/\/github\.com\/\.extraheader
job-core	Checkout repository	2025-05-12T13:48:06.1969512Z [command]/usr/bin/git submodule foreach --recursive sh -c "git config --local --name-only --get-regexp 'http\.https\:\/\/github\.com\/\.extraheader' && git config --local --unset-all 'http.https://github.com/.extraheader' || :"
job-core	Checkout repository	2025-05-12T13:48:06.2208078Z [command]/usr/bin/git config --local http.https://github.com/.extraheader AUTHORIZATION: basic ***
job-core	Checkout repository	2025-05-12T13:48:06.2245224Z ##[endgroup]
job-core	Checkout repository	2025-05-12T13:48:06.2246229Z ##[group]Fetching the repository
job-core	Checkout repository	2025-05-12T13:48:06.2249400Z [command]/usr/bin/git -c protocol.version=2 fetch --prune --progress --no-recurse-submodules origin +refs/heads/*:refs/remotes/origin/* +refs/tags/*:refs/tags/*
job-core	Checkout repository	2025-05-12T13:48:07.3185651Z remote: Enumerating objects: 21, done.        
job-core	Checkout repository	2025-05-12T13:48:07.3186448Z remote: Counting objects:   4% (1/21)        
job-core	Checkout repository	2025-05-12T13:48:07.3186925Z remote: Counting objects:   9% (2/21)        
job-core	Checkout repository	2025-05-12T13:48:07.3187421Z remote: Counting objects:  14% (3/21)        
job-core	Checkout repository	2025-05-12T13:48:07.3187891Z remote: Counting objects:  19% (4/21)        
job-core	Checkout repository	2025-05-12T13:48:07.3188318Z remote: Counting objects:  23% (5/21)        
job-core	Checkout repository	2025-05-12T13:48:07.3188727Z remote: Counting objects:  28% (6/21)        
job-core	Checkout repository	2025-05-12T13:48:07.3189165Z remote: Counting objects:  33% (7/21)        
job-core	Checkout repository	2025-05-12T13:48:07.3189573Z remote: Counting objects:  38% (8/21)        
job-core	Checkout repository	2025-05-12T13:48:07.3189980Z remote: Counting objects:  42% (9/21)        
job-core	Checkout repository	2025-05-12T13:48:07.3190387Z remote: Counting objects:  47% (10/21)        
job-core	Checkout repository	2025-05-12T13:48:07.3190812Z remote: Counting objects:  52% (11/21)        
job-core	Checkout repository	2025-05-12T13:48:07.3218213Z remote: Counting objects:  57% (12/21)        
job-core	Checkout repository	2025-05-12T13:48:07.3218904Z remote: Counting objects:  61% (13/21)        
job-core	Checkout repository	2025-05-12T13:48:07.3219414Z remote: Counting objects:  66% (14/21)        
job-core	Checkout repository	2025-05-12T13:48:07.3219911Z remote: Counting objects:  71% (15/21)        
job-core	Checkout repository	2025-05-12T13:48:07.3220411Z remote: Counting objects:  76% (16/21)        
job-core	Checkout repository	2025-05-12T13:48:07.3220885Z remote: Counting objects:  80% (17/21)        
job-core	Checkout repository	2025-05-12T13:48:07.3221354Z remote: Counting objects:  85% (18/21)        
job-core	Checkout repository	2025-05-12T13:48:07.3221786Z remote: Counting objects:  90% (19/21)        
job-core	Checkout repository	2025-05-12T13:48:07.3222245Z remote: Counting objects:  95% (20/21)        
job-core	Checkout repository	2025-05-12T13:48:07.3222710Z remote: Counting objects: 100% (21/21)        
job-core	Checkout repository	2025-05-12T13:48:07.3223210Z remote: Counting objects: 100% (21/21), done.        
job-core	Checkout repository	2025-05-12T13:48:07.3223653Z remote: Compressing objects:   8% (1/12)        
job-core	Checkout repository	2025-05-12T13:48:07.3224152Z remote: Compressing objects:  16% (2/12)        
job-core	Checkout repository	2025-05-12T13:48:07.3224627Z remote: Compressing objects:  25% (3/12)        
job-core	Checkout repository	2025-05-12T13:48:07.3225091Z remote: Compressing objects:  33% (4/12)        
job-core	Checkout repository	2025-05-12T13:48:07.3225529Z remote: Compressing objects:  41% (5/12)        
job-core	Checkout repository	2025-05-12T13:48:07.3225990Z remote: Compressing objects:  50% (6/12)        
job-core	Checkout repository	2025-05-12T13:48:07.3226487Z remote: Compressing objects:  58% (7/12)        
job-core	Checkout repository	2025-05-12T13:48:07.3226975Z remote: Compressing objects:  66% (8/12)        
job-core	Checkout repository	2025-05-12T13:48:07.3227720Z remote: Compressing objects:  75% (9/12)        
job-core	Checkout repository	2025-05-12T13:48:07.3228120Z remote: Compressing objects:  83% (10/12)        
job-core	Checkout repository	2025-05-12T13:48:07.3228834Z remote: Compressing objects:  91% (11/12)        
job-core	Checkout repository	2025-05-12T13:48:07.3243210Z remote: Compressing objects: 100% (12/12)        
job-core	Checkout repository	2025-05-12T13:48:07.3243577Z remote: Compressing objects: 100% (12/12), done.        
job-core	Checkout repository	2025-05-12T13:48:07.4414022Z remote: Total 21 (delta 10), reused 20 (delta 9), pack-reused 0 (from 0)        
job-core	Checkout repository	2025-05-12T13:48:07.4654551Z From https://github.com/Ka0s-Klaus/ka0s
job-core	Checkout repository	2025-05-12T13:48:07.4655898Z    3755e1cf..c6f8a02f  H1149-desarrollo-de-orchestrator -> origin/H1149-desarrollo-de-orchestrator
job-core	Checkout repository	2025-05-12T13:48:07.4656336Z    3a871adc..b90c4d8d  main       -> origin/main
job-core	Checkout repository	2025-05-12T13:48:07.4693705Z [command]/usr/bin/git branch --list --remote origin/main
job-core	Checkout repository	2025-05-12T13:48:07.4719107Z   origin/main
job-core	Checkout repository	2025-05-12T13:48:07.4726778Z [command]/usr/bin/git rev-parse refs/remotes/origin/main
job-core	Checkout repository	2025-05-12T13:48:07.4747430Z b90c4d8d5a85c6f872638cf36bbbac6e871dd28b
job-core	Checkout repository	2025-05-12T13:48:07.4750419Z ##[endgroup]
job-core	Checkout repository	2025-05-12T13:48:07.4750813Z ##[group]Determining the checkout info
job-core	Checkout repository	2025-05-12T13:48:07.4752498Z ##[endgroup]
job-core	Checkout repository	2025-05-12T13:48:07.4752912Z ##[group]Checking out the ref
job-core	Checkout repository	2025-05-12T13:48:07.4757213Z [command]/usr/bin/git checkout --progress --force -B main refs/remotes/origin/main
job-core	Checkout repository	2025-05-12T13:48:07.4999833Z Previous HEAD position was 3755e1cf merge
job-core	Checkout repository	2025-05-12T13:48:07.5002857Z Switched to a new branch 'main'
job-core	Checkout repository	2025-05-12T13:48:07.5003293Z branch 'main' set up to track 'origin/main'.
job-core	Checkout repository	2025-05-12T13:48:07.5012937Z ##[endgroup]
job-core	Checkout repository	2025-05-12T13:48:07.5042482Z [command]/usr/bin/git log -1 --format='%H'
job-core	Checkout repository	2025-05-12T13:48:07.5068675Z 'b90c4d8d5a85c6f872638cf36bbbac6e871dd28b'
job-core	Copy web folder structure	Ôªø2025-05-12T13:48:07.5231712Z ##[group]Run # Tenemos que a√±adir al proceso que sea capaz de leer + de un json de creaci√≥n de webs
job-core	Copy web folder structure	2025-05-12T13:48:07.5232337Z [36;1m# Tenemos que a√±adir al proceso que sea capaz de leer + de un json de creaci√≥n de webs[0m
job-core	Copy web folder structure	2025-05-12T13:48:07.5232707Z [36;1m# si web esta creada la actualiza, sino la crea desde cero[0m
job-core	Copy web folder structure	2025-05-12T13:48:07.5232959Z [36;1m[0m
job-core	Copy web folder structure	2025-05-12T13:48:07.5233177Z [36;1m# Read the structure.json file to get folder names[0m
job-core	Copy web folder structure	2025-05-12T13:48:07.5233484Z [36;1mecho "0 - Reading structure.json file..."[0m
job-core	Copy web folder structure	2025-05-12T13:48:07.5233755Z [36;1mSTRUCTURE_FILE="core/config/webs/webs.json"[0m
job-core	Copy web folder structure	2025-05-12T13:48:07.5233994Z [36;1m[0m
job-core	Copy web folder structure	2025-05-12T13:48:07.5234453Z [36;1m# Extract title for main folder name[0m
job-core	Copy web folder structure	2025-05-12T13:48:07.5234776Z [36;1mTITLE=$(cat $STRUCTURE_FILE | jq -r '.title')[0m
job-core	Copy web folder structure	2025-05-12T13:48:07.5235113Z [36;1mecho "I - Main folder will be named: $TITLE"[0m
job-core	Copy web folder structure	2025-05-12T13:48:07.5235398Z [36;1m[0m
job-core	Copy web folder structure	2025-05-12T13:48:07.5235621Z [36;1m# Create main directory[0m
job-core	Copy web folder structure	2025-05-12T13:48:07.5235957Z [36;1mmkdir -p "core/results/webs/$TITLE"[0m
job-core	Copy web folder structure	2025-05-12T13:48:07.5236247Z [36;1mtouch core/results/webs/$TITLE/$TITLE".html"[0m
job-core	Copy web folder structure	2025-05-12T13:48:07.5236523Z [36;1mmkdir -p "core/outputs/webs/$TITLE"[0m
job-core	Copy web folder structure	2025-05-12T13:48:07.5236775Z [36;1mtouch core/outputs/webs/$TITLE/readme.txt[0m
job-core	Copy web folder structure	2025-05-12T13:48:07.5237006Z [36;1m[0m
job-core	Copy web folder structure	2025-05-12T13:48:07.5237211Z [36;1m# Copy the directory structure (without files)[0m
job-core	Copy web folder structure	2025-05-12T13:48:07.5237482Z [36;1mfind core/web -type d | while read dir; do[0m
job-core	Copy web folder structure	2025-05-12T13:48:07.5237726Z [36;1m  if [ "$dir" != "core/web" ]; then[0m
job-core	Copy web folder structure	2025-05-12T13:48:07.5237984Z [36;1m    # Remove core/web prefix from directory path[0m
job-core	Copy web folder structure	2025-05-12T13:48:07.5238236Z [36;1m    clean_dir=${dir#core/web/}[0m
job-core	Copy web folder structure	2025-05-12T13:48:07.5238481Z [36;1m    echo "II - Created directory: $clean_dir"[0m
job-core	Copy web folder structure	2025-05-12T13:48:07.5238750Z [36;1m    target_dir="core/results/webs/$TITLE/$clean_dir"[0m
job-core	Copy web folder structure	2025-05-12T13:48:07.5239012Z [36;1m    mkdir -p "$target_dir"[0m
job-core	Copy web folder structure	2025-05-12T13:48:07.5239245Z [36;1m    touch $target_dir/$clean_dir".html"[0m
job-core	Copy web folder structure	2025-05-12T13:48:07.5239502Z [36;1m    echo "II - Created directory: $target_dir"[0m
job-core	Copy web folder structure	2025-05-12T13:48:07.5239729Z [36;1m  fi[0m
job-core	Copy web folder structure	2025-05-12T13:48:07.5239900Z [36;1mdone[0m
job-core	Copy web folder structure	2025-05-12T13:48:07.5240062Z [36;1m[0m
job-core	Copy web folder structure	2025-05-12T13:48:07.5240272Z [36;1m# Extract section information and create subfolders[0m
job-core	Copy web folder structure	2025-05-12T13:48:07.5240808Z [36;1mjq -r 'to_entries | .[] | select(.key | startswith("section")) | [.key, .value.title, .value.icon, .value.data] | @tsv' $STRUCTURE_FILE | while IFS=$'\t' read -r section_key section_title section_icon section_data; do[0m
job-core	Copy web folder structure	2025-05-12T13:48:07.5241588Z [36;1m  echo "III - Creating subfolder for section: $section_key - $section_title"[0m
job-core	Copy web folder structure	2025-05-12T13:48:07.5241979Z [36;1m  mkdir -p "core/results/webs/$TITLE/structure/$section_title"[0m
job-core	Copy web folder structure	2025-05-12T13:48:07.5242373Z [36;1m  touch core/results/webs/$TITLE/structure/$section_title/$section_title".html"[0m
job-core	Copy web folder structure	2025-05-12T13:48:07.5242668Z [36;1m  [0m
job-core	Copy web folder structure	2025-05-12T13:48:07.5242904Z [36;1m  # Guardar la ruta del archivo JSON de datos para esta secci√≥n[0m
job-core	Copy web folder structure	2025-05-12T13:48:07.5243176Z [36;1m  if [ ! -z "$section_data" ]; then[0m
job-core	Copy web folder structure	2025-05-12T13:48:07.5243455Z [36;1m    # Copiar el contenido del archivo JSON en lugar de solo la ruta[0m
job-core	Copy web folder structure	2025-05-12T13:48:07.5243737Z [36;1m    if [ -f "$section_data" ]; then[0m
job-core	Copy web folder structure	2025-05-12T13:48:07.5244140Z [36;1m      cp "$section_data" "core/results/webs/$TITLE/structure/$section_title/$section_title.json"[0m
job-core	Copy web folder structure	2025-05-12T13:48:07.5244625Z [36;1m      echo "    Data source: $section_data (copiado)"[0m
job-core	Copy web folder structure	2025-05-12T13:48:07.5244997Z [36;1m    else[0m
job-core	Copy web folder structure	2025-05-12T13:48:07.5245308Z [36;1m      # Si el archivo no existe, guardar al menos la ruta como referencia[0m
job-core	Copy web folder structure	2025-05-12T13:48:07.5245830Z [36;1m      echo "$section_data" > "core/results/webs/$TITLE/structure/$section_title/$section_title.json"[0m
job-core	Copy web folder structure	2025-05-12T13:48:07.5246306Z [36;1m      echo "    Data source: $section_data (ruta guardada, archivo no encontrado)"[0m
job-core	Copy web folder structure	2025-05-12T13:48:07.5246703Z [36;1m    fi[0m
job-core	Copy web folder structure	2025-05-12T13:48:07.5246876Z [36;1m  fi[0m
job-core	Copy web folder structure	2025-05-12T13:48:07.5247050Z [36;1mdone[0m
job-core	Copy web folder structure	2025-05-12T13:48:07.5247219Z [36;1m[0m
job-core	Copy web folder structure	2025-05-12T13:48:07.5247432Z [36;1m# Create a JSON file with the structure information[0m
job-core	Copy web folder structure	2025-05-12T13:48:07.5247722Z [36;1mecho "[" > core/outputs/webs/$TITLE/$TITLE"_resume.json"[0m
job-core	Copy web folder structure	2025-05-12T13:48:07.5247993Z [36;1m# Find all files and directories[0m
job-core	Copy web folder structure	2025-05-12T13:48:07.5248306Z [36;1mfind core/results/webs/ -type f -o -type d | sort | while read path; do[0m
job-core	Copy web folder structure	2025-05-12T13:48:07.5248622Z [36;1m  if [ "$path" != "core/results/webs/" ]; then[0m
job-core	Copy web folder structure	2025-05-12T13:48:07.5248873Z [36;1m    # Get the type (file or directory)[0m
job-core	Copy web folder structure	2025-05-12T13:48:07.5249104Z [36;1m    if [ -d "$path" ]; then[0m
job-core	Copy web folder structure	2025-05-12T13:48:07.5249321Z [36;1m      TYPE="directory"[0m
job-core	Copy web folder structure	2025-05-12T13:48:07.5249517Z [36;1m    else[0m
job-core	Copy web folder structure	2025-05-12T13:48:07.5249698Z [36;1m      TYPE="file"[0m
job-core	Copy web folder structure	2025-05-12T13:48:07.5249892Z [36;1m    fi[0m
job-core	Copy web folder structure	2025-05-12T13:48:07.5250099Z [36;1m    # Get the name of the item (last part of path)[0m
job-core	Copy web folder structure	2025-05-12T13:48:07.5250353Z [36;1m    NAME=$(basename "$path")[0m
job-core	Copy web folder structure	2025-05-12T13:48:07.5250573Z [36;1m    # Create the JSON entry[0m
job-core	Copy web folder structure	2025-05-12T13:48:07.5250904Z [36;1m    echo "  {\"path\": \"$path\", \"name\": \"$NAME\", \"type\": \"$TYPE\"}," >> core/outputs/webs/$TITLE/$TITLE"_resume.json"[0m
job-core	Copy web folder structure	2025-05-12T13:48:07.5251252Z [36;1m  fi[0m
job-core	Copy web folder structure	2025-05-12T13:48:07.5251430Z [36;1mdone[0m
job-core	Copy web folder structure	2025-05-12T13:48:07.5251636Z [36;1m# Remove the last comma and close the JSON array[0m
job-core	Copy web folder structure	2025-05-12T13:48:07.5251934Z [36;1msed -i '$ s/,$//' core/outputs/webs/$TITLE/$TITLE"_resume.json"[0m
job-core	Copy web folder structure	2025-05-12T13:48:07.5252242Z [36;1mecho "]" >> core/outputs/webs/$TITLE/$TITLE"_resume.json"[0m
job-core	Copy web folder structure	2025-05-12T13:48:07.5252538Z [36;1mecho "IV - Web folder structure copied successfully!"[0m
job-core	Copy web folder structure	2025-05-12T13:48:07.5252786Z [36;1m[0m
job-core	Copy web folder structure	2025-05-12T13:48:07.5252992Z [36;1m# NUEVA SECCI√ìN: Copiar estructura de testweb[0m
job-core	Copy web folder structure	2025-05-12T13:48:07.5253282Z [36;1mecho "V - Creating test structure from testweb folder..."[0m
job-core	Copy web folder structure	2025-05-12T13:48:07.5253561Z [36;1m# Crear directorio principal para test[0m
job-core	Copy web folder structure	2025-05-12T13:48:07.5253963Z [36;1mmkdir -p "core/results/test/"[0m
job-core	Copy web folder structure	2025-05-12T13:48:07.5254363Z [36;1mmkdir -p "core/outputs/webs/test"[0m
job-core	Copy web folder structure	2025-05-12T13:48:07.5254722Z [36;1mtouch core/outputs/webs/test/readme.txt[0m
job-core	Copy web folder structure	2025-05-12T13:48:07.5254998Z [36;1m[0m
job-core	Copy web folder structure	2025-05-12T13:48:07.5255536Z [36;1m# Copiar la estructura de directorios de testweb (sin archivos)[0m
job-core	Copy web folder structure	2025-05-12T13:48:07.5255937Z [36;1mfind core/testweb -type d | while read dir; do[0m
job-core	Copy web folder structure	2025-05-12T13:48:07.5256272Z [36;1m  if [ "$dir" != "core/testweb" ]; then[0m
job-core	Copy web folder structure	2025-05-12T13:48:07.5256632Z [36;1m    # Eliminar el prefijo core/testweb de la ruta del directorio[0m
job-core	Copy web folder structure	2025-05-12T13:48:07.5256998Z [36;1m    clean_dir=${dir#core/testweb/}[0m
job-core	Copy web folder structure	2025-05-12T13:48:07.5257264Z [36;1m    echo "VI - Created test directory: $clean_dir"[0m
job-core	Copy web folder structure	2025-05-12T13:48:07.5257530Z [36;1m    target_dir="core/results/test/$clean_dir"[0m
job-core	Copy web folder structure	2025-05-12T13:48:07.5257771Z [36;1m    mkdir -p "$target_dir"[0m
job-core	Copy web folder structure	2025-05-12T13:48:07.5257998Z [36;1m    touch $target_dir/$clean_dir".html"[0m
job-core	Copy web folder structure	2025-05-12T13:48:07.5258253Z [36;1m    echo "VI - Created test directory: $target_dir"[0m
job-core	Copy web folder structure	2025-05-12T13:48:07.5258486Z [36;1m  fi[0m
job-core	Copy web folder structure	2025-05-12T13:48:07.5258656Z [36;1mdone[0m
job-core	Copy web folder structure	2025-05-12T13:48:07.5258823Z [36;1m[0m
job-core	Copy web folder structure	2025-05-12T13:48:07.5259042Z [36;1m# Copiar todos los archivos de testweb a la estructura de test[0m
job-core	Copy web folder structure	2025-05-12T13:48:07.5259344Z [36;1mfind core/testweb -type f | while read file; do[0m
job-core	Copy web folder structure	2025-05-12T13:48:07.5259632Z [36;1m  # Eliminar el prefijo core/testweb de la ruta del archivo[0m
job-core	Copy web folder structure	2025-05-12T13:48:07.5259902Z [36;1m  clean_file=${file#core/testweb/}[0m
job-core	Copy web folder structure	2025-05-12T13:48:07.5260147Z [36;1m  target_file="core/results/test/$clean_file"[0m
job-core	Copy web folder structure	2025-05-12T13:48:07.5260414Z [36;1m  # Asegurarse de que el directorio de destino existe[0m
job-core	Copy web folder structure	2025-05-12T13:48:07.5260678Z [36;1m  mkdir -p "$(dirname "$target_file")"[0m
job-core	Copy web folder structure	2025-05-12T13:48:07.5260901Z [36;1m  # Copiar el archivo[0m
job-core	Copy web folder structure	2025-05-12T13:48:07.5261188Z [36;1m  cp "$file" "$target_file"[0m
job-core	Copy web folder structure	2025-05-12T13:48:07.5261430Z [36;1m  echo "VII - Copied file: $file to $target_file"[0m
job-core	Copy web folder structure	2025-05-12T13:48:07.5261661Z [36;1mdone[0m
job-core	Copy web folder structure	2025-05-12T13:48:07.5261831Z [36;1m[0m
job-core	Copy web folder structure	2025-05-12T13:48:07.5262064Z [36;1m# Crear un archivo JSON con la informaci√≥n de la estructura de test[0m
job-core	Copy web folder structure	2025-05-12T13:48:07.5262369Z [36;1mecho "[" > core/outputs/webs/test/test_resume.json[0m
job-core	Copy web folder structure	2025-05-12T13:48:07.5262648Z [36;1m# Encontrar todos los archivos y directorios[0m
job-core	Copy web folder structure	2025-05-12T13:48:07.5262957Z [36;1mfind core/results/test/ -type f -o -type d | sort | while read path; do[0m
job-core	Copy web folder structure	2025-05-12T13:48:07.5263266Z [36;1m  if [ "$path" != "core/results/test/" ]; then[0m
job-core	Copy web folder structure	2025-05-12T13:48:07.5263516Z [36;1m    # Obtener el tipo (archivo o directorio)[0m
job-core	Copy web folder structure	2025-05-12T13:48:07.5263922Z [36;1m    if [ -d "$path" ]; then[0m
job-core	Copy web folder structure	2025-05-12T13:48:07.5264283Z [36;1m      TYPE="directory"[0m
job-core	Copy web folder structure	2025-05-12T13:48:07.5264541Z [36;1m    else[0m
job-core	Copy web folder structure	2025-05-12T13:48:07.5264765Z [36;1m      TYPE="file"[0m
job-core	Copy web folder structure	2025-05-12T13:48:07.5265073Z [36;1m    fi[0m
job-core	Copy web folder structure	2025-05-12T13:48:07.5265383Z [36;1m    # Obtener el nombre del elemento (√∫ltima parte de la ruta)[0m
job-core	Copy web folder structure	2025-05-12T13:48:07.5265746Z [36;1m    NAME=$(basename "$path")[0m
job-core	Copy web folder structure	2025-05-12T13:48:07.5266033Z [36;1m    # Crear la entrada JSON[0m
job-core	Copy web folder structure	2025-05-12T13:48:07.5266338Z [36;1m    echo "  {\"path\": \"$path\", \"name\": \"$NAME\", \"type\": \"$TYPE\"}," >> core/outputs/webs/test/test_resume.json[0m
job-core	Copy web folder structure	2025-05-12T13:48:07.5266662Z [36;1m  fi[0m
job-core	Copy web folder structure	2025-05-12T13:48:07.5266833Z [36;1mdone[0m
job-core	Copy web folder structure	2025-05-12T13:48:07.5267056Z [36;1m# Eliminar la √∫ltima coma y cerrar el array JSON[0m
job-core	Copy web folder structure	2025-05-12T13:48:07.5267342Z [36;1msed -i '$ s/,$//' core/outputs/webs/test/test_resume.json[0m
job-core	Copy web folder structure	2025-05-12T13:48:07.5267626Z [36;1mecho "]" >> core/outputs/webs/test/test_resume.json[0m
job-core	Copy web folder structure	2025-05-12T13:48:07.5267914Z [36;1mecho "VII - Test folder structure copied successfully!"[0m
job-core	Copy web folder structure	2025-05-12T13:48:07.5275015Z shell: /usr/bin/bash -e {0}
job-core	Copy web folder structure	2025-05-12T13:48:07.5275426Z env:
job-core	Copy web folder structure	2025-05-12T13:48:07.5275685Z   KAOS_CODE: 14973974890
job-core	Copy web folder structure	2025-05-12T13:48:07.5275931Z   KAOS_EVENT_NAME: workflow_dispatch
job-core	Copy web folder structure	2025-05-12T13:48:07.5276225Z   KAOS_ACTION: 
job-core	Copy web folder structure	2025-05-12T13:48:07.5276410Z   KAOS_REF: refs/heads/main
job-core	Copy web folder structure	2025-05-12T13:48:07.5276624Z   KAOS_MODULE: [Ka0S] Deploy Web Structure
job-core	Copy web folder structure	2025-05-12T13:48:07.5276857Z   KAOS_JSON_WEB: core/config/webs/webs.json
job-core	Copy web folder structure	2025-05-12T13:48:07.5277204Z   KAOS_JSON_RESUME: core/outputs/webs/
job-core	Copy web folder structure	2025-05-12T13:48:07.5277428Z   KAOS_JSON_DATA: core/web/data/data.json
job-core	Copy web folder structure	2025-05-12T13:48:07.5277654Z   KAOS_WEB_STRUCTURE: core/results/webs/
job-core	Copy web folder structure	2025-05-12T13:48:07.5277879Z   KAOS_TEST_STRUCTURE: core/results/test/
job-core	Copy web folder structure	2025-05-12T13:48:07.5278098Z   KAOS_ACTOR: jorgecg646
job-core	Copy web folder structure	2025-05-12T13:48:07.5278297Z ##[endgroup]
job-core	Copy web folder structure	2025-05-12T13:48:07.5313479Z 0 - Reading structure.json file...
job-core	Copy web folder structure	2025-05-12T13:48:07.5342124Z I - Main folder will be named: dashboard
job-core	Copy web folder structure	2025-05-12T13:48:07.5397111Z II - Created directory: data
job-core	Copy web folder structure	2025-05-12T13:48:07.5417663Z II - Created directory: core/results/webs/dashboard/data
job-core	Copy web folder structure	2025-05-12T13:48:07.5418474Z II - Created directory: templates
job-core	Copy web folder structure	2025-05-12T13:48:07.5436884Z II - Created directory: core/results/webs/dashboard/templates
job-core	Copy web folder structure	2025-05-12T13:48:07.5437551Z II - Created directory: js
job-core	Copy web folder structure	2025-05-12T13:48:07.5453009Z II - Created directory: core/results/webs/dashboard/js
job-core	Copy web folder structure	2025-05-12T13:48:07.5478343Z jq: error (at core/config/webs/webs.json:39): Cannot index array with string "title"
job-core	Copy web folder structure	2025-05-12T13:48:07.6134001Z IV - Web folder structure copied successfully!
job-core	Copy web folder structure	2025-05-12T13:48:07.6134821Z V - Creating test structure from testweb folder...
job-core	Copy web folder structure	2025-05-12T13:48:07.6176946Z VI - Created test directory: data
job-core	Copy web folder structure	2025-05-12T13:48:07.6198066Z VI - Created test directory: core/results/test/data
job-core	Copy web folder structure	2025-05-12T13:48:07.6198705Z VI - Created test directory: templates
job-core	Copy web folder structure	2025-05-12T13:48:07.6217878Z VI - Created test directory: core/results/test/templates
job-core	Copy web folder structure	2025-05-12T13:48:07.6218387Z VI - Created test directory: js
job-core	Copy web folder structure	2025-05-12T13:48:07.6235792Z VI - Created test directory: core/results/test/js
job-core	Copy web folder structure	2025-05-12T13:48:07.6284876Z VII - Copied file: core/testweb/data/seccion1.json to core/results/test/data/seccion1.json
job-core	Copy web folder structure	2025-05-12T13:48:07.6342398Z VII - Copied file: core/testweb/data/kaos-workflows-runs.json to core/results/test/data/kaos-workflows-runs.json
job-core	Copy web folder structure	2025-05-12T13:48:07.6377156Z VII - Copied file: core/testweb/data/webs.json to core/results/test/data/webs.json
job-core	Copy web folder structure	2025-05-12T13:48:07.6412700Z VII - Copied file: core/testweb/data/data.json to core/results/test/data/data.json
job-core	Copy web folder structure	2025-05-12T13:48:07.6444838Z VII - Copied file: core/testweb/templates/navbar.html to core/results/test/templates/navbar.html
job-core	Copy web folder structure	2025-05-12T13:48:07.6480368Z VII - Copied file: core/testweb/templates/graphic.html to core/results/test/templates/graphic.html
job-core	Copy web folder structure	2025-05-12T13:48:07.6511505Z VII - Copied file: core/testweb/templates/section-template.html to core/results/test/templates/section-template.html
job-core	Copy web folder structure	2025-05-12T13:48:07.6544644Z VII - Copied file: core/testweb/js/structure.js to core/results/test/js/structure.js
job-core	Copy web folder structure	2025-05-12T13:48:07.6577384Z VII - Copied file: core/testweb/js/orchestrator.js to core/results/test/js/orchestrator.js
job-core	Copy web folder structure	2025-05-12T13:48:07.6610763Z VII - Copied file: core/testweb/index.html to core/results/test/index.html
job-core	Copy web folder structure	2025-05-12T13:48:07.6812602Z VII - Test folder structure copied successfully!
job-core	Upload Files	Ôªø2025-05-12T13:48:07.6854244Z ##[group]Run echo "Uploading files to the repository..."
job-core	Upload Files	2025-05-12T13:48:07.6854851Z [36;1mecho "Uploading files to the repository..."[0m
job-core	Upload Files	2025-05-12T13:48:07.6855760Z [36;1mgit config --global user.name "***"[0m
job-core	Upload Files	2025-05-12T13:48:07.6856271Z [36;1mgit config --global user.email "***"[0m
job-core	Upload Files	2025-05-12T13:48:07.6856653Z [36;1mgit pull[0m
job-core	Upload Files	2025-05-12T13:48:07.6857090Z [36;1m# Asegurarse de que la carpeta web_structure se a√±ade explicitamente[0m
job-core	Upload Files	2025-05-12T13:48:07.6857579Z [36;1mgit add core/results/webs/*[0m
job-core	Upload Files	2025-05-12T13:48:07.6857931Z [36;1mgit add core/results/test/*[0m
job-core	Upload Files	2025-05-12T13:48:07.6858286Z [36;1mgit add core/outputs/webs/*[0m
job-core	Upload Files	2025-05-12T13:48:07.6858684Z [36;1m# Verificar si hay cambios para hacer commit[0m
job-core	Upload Files	2025-05-12T13:48:07.6859100Z [36;1mif git diff --staged --quiet; then[0m
job-core	Upload Files	2025-05-12T13:48:07.6859501Z [36;1m  echo "No hay cambios para hacer commit"[0m
job-core	Upload Files	2025-05-12T13:48:07.6859865Z [36;1melse[0m
job-core	Upload Files	2025-05-12T13:48:07.6860369Z [36;1m  git commit -m "[Ka0S] Uploading resume execution files and web/test structure to the repository..."[0m
job-core	Upload Files	2025-05-12T13:48:07.6861014Z [36;1m  git push origin refs/heads/main[0m
job-core	Upload Files	2025-05-12T13:48:07.6861564Z [36;1mfi[0m
job-core	Upload Files	2025-05-12T13:48:07.6869496Z shell: /usr/bin/bash -e {0}
job-core	Upload Files	2025-05-12T13:48:07.6869827Z env:
job-core	Upload Files	2025-05-12T13:48:07.6870099Z   KAOS_CODE: 14973974890
job-core	Upload Files	2025-05-12T13:48:07.6870423Z   KAOS_EVENT_NAME: workflow_dispatch
job-core	Upload Files	2025-05-12T13:48:07.6870769Z   KAOS_ACTION: 
job-core	Upload Files	2025-05-12T13:48:07.6871053Z   KAOS_REF: refs/heads/main
job-core	Upload Files	2025-05-12T13:48:07.6871388Z   KAOS_MODULE: [Ka0S] Deploy Web Structure
job-core	Upload Files	2025-05-12T13:48:07.6871770Z   KAOS_JSON_WEB: core/config/webs/webs.json
job-core	Upload Files	2025-05-12T13:48:07.6872138Z   KAOS_JSON_RESUME: core/outputs/webs/
job-core	Upload Files	2025-05-12T13:48:07.6872530Z   KAOS_JSON_DATA: core/web/data/data.json
job-core	Upload Files	2025-05-12T13:48:07.6872919Z   KAOS_WEB_STRUCTURE: core/results/webs/
job-core	Upload Files	2025-05-12T13:48:07.6873288Z   KAOS_TEST_STRUCTURE: core/results/test/
job-core	Upload Files	2025-05-12T13:48:07.6873642Z   KAOS_ACTOR: jorgecg646
job-core	Upload Files	2025-05-12T13:48:07.6874143Z ##[endgroup]
job-core	Upload Files	2025-05-12T13:48:07.6900613Z Uploading files to the repository...
job-core	Upload Files	2025-05-12T13:48:08.5437639Z Already up to date.
job-core	Upload Files	2025-05-12T13:48:08.5763155Z No hay cambios para hacer commit
job-core	Post Checkout repository	Ôªø2025-05-12T13:48:08.5840827Z Post job cleanup.
job-core	Post Checkout repository	2025-05-12T13:48:08.6326486Z [command]/usr/bin/git version
job-core	Post Checkout repository	2025-05-12T13:48:08.6352576Z git version 2.43.0
job-core	Post Checkout repository	2025-05-12T13:48:08.6380941Z Copying '/home/kaos/.gitconfig' to '/actions-runner/_work/_temp/e972f552-5950-4b77-815a-2120bfa7f812/.gitconfig'
job-core	Post Checkout repository	2025-05-12T13:48:08.6393966Z Temporarily overriding HOME='/actions-runner/_work/_temp/e972f552-5950-4b77-815a-2120bfa7f812' before making global git config changes
job-core	Post Checkout repository	2025-05-12T13:48:08.6395034Z Adding repository directory to the temporary git global config as a safe directory
job-core	Post Checkout repository	2025-05-12T13:48:08.6397489Z [command]/usr/bin/git config --global --add safe.directory /actions-runner/_work/ka0s/ka0s
job-core	Post Checkout repository	2025-05-12T13:48:08.6419476Z [command]/usr/bin/git config --local --name-only --get-regexp core\.sshCommand
job-core	Post Checkout repository	2025-05-12T13:48:08.6440454Z [command]/usr/bin/git submodule foreach --recursive sh -c "git config --local --name-only --get-regexp 'core\.sshCommand' && git config --local --unset-all 'core.sshCommand' || :"
job-core	Post Checkout repository	2025-05-12T13:48:08.6662204Z [command]/usr/bin/git config --local --name-only --get-regexp http\.https\:\/\/github\.com\/\.extraheader
job-core	Post Checkout repository	2025-05-12T13:48:08.6681054Z http.https://github.com/.extraheader
job-core	Post Checkout repository	2025-05-12T13:48:08.6688899Z [command]/usr/bin/git config --local --unset-all http.https://github.com/.extraheader
job-core	Post Checkout repository	2025-05-12T13:48:08.6711945Z [command]/usr/bin/git submodule foreach --recursive sh -c "git config --local --name-only --get-regexp 'http\.https\:\/\/github\.com\/\.extraheader' && git config --local --unset-all 'http.https://github.com/.extraheader' || :"
job-core	Complete job	Ôªø2025-05-12T13:48:08.7015939Z Cleaning up orphan processes
job-data	Set up job	Ôªø2025-05-12T13:48:17.0187810Z Current runner version: '2.323.0'
job-data	Set up job	2025-05-12T13:48:17.0191673Z Runner name: 'ka0s-8'
job-data	Set up job	2025-05-12T13:48:17.0192230Z Machine name: '26a53205c9ac'
job-data	Set up job	2025-05-12T13:48:17.0193608Z ##[group]GITHUB_TOKEN Permissions
job-data	Set up job	2025-05-12T13:48:17.0195063Z Contents: read
job-data	Set up job	2025-05-12T13:48:17.0195438Z Metadata: read
job-data	Set up job	2025-05-12T13:48:17.0195784Z Packages: read
job-data	Set up job	2025-05-12T13:48:17.0196066Z ##[endgroup]
job-data	Set up job	2025-05-12T13:48:17.0197445Z Secret source: Actions
job-data	Set up job	2025-05-12T13:48:17.0197831Z Prepare workflow directory
job-data	Set up job	2025-05-12T13:48:17.0575739Z Prepare all required actions
job-data	Set up job	2025-05-12T13:48:17.0601177Z Getting action download info
job-data	Set up job	2025-05-12T13:48:17.6891292Z Download action repository 'actions/checkout@v3' (SHA:f43a0e5ff2bd294095638e18286ca9a3d1956744)
job-data	Set up job	2025-05-12T13:48:19.0596622Z Complete job name: job-data
job-data	Checkout repository	Ôªø2025-05-12T13:48:19.0961603Z ##[group]Run actions/checkout@v3
job-data	Checkout repository	2025-05-12T13:48:19.0962503Z with:
job-data	Checkout repository	2025-05-12T13:48:19.0963021Z   fetch-depth: 0
job-data	Checkout repository	2025-05-12T13:48:19.0964039Z   token: ***
job-data	Checkout repository	2025-05-12T13:48:19.0964639Z   repository: Ka0s-Klaus/ka0s
job-data	Checkout repository	2025-05-12T13:48:19.0965344Z   ssh-strict: true
job-data	Checkout repository	2025-05-12T13:48:19.0965930Z   persist-credentials: true
job-data	Checkout repository	2025-05-12T13:48:19.0966559Z   clean: true
job-data	Checkout repository	2025-05-12T13:48:19.0967128Z   sparse-checkout-cone-mode: true
job-data	Checkout repository	2025-05-12T13:48:19.0967823Z   fetch-tags: false
job-data	Checkout repository	2025-05-12T13:48:19.0968363Z   lfs: false
job-data	Checkout repository	2025-05-12T13:48:19.0968884Z   submodules: false
job-data	Checkout repository	2025-05-12T13:48:19.0969469Z   set-safe-directory: true
job-data	Checkout repository	2025-05-12T13:48:19.0970187Z env:
job-data	Checkout repository	2025-05-12T13:48:19.0970711Z   KAOS_CODE: 14973974890
job-data	Checkout repository	2025-05-12T13:48:19.0971349Z   KAOS_EVENT_NAME: workflow_dispatch
job-data	Checkout repository	2025-05-12T13:48:19.0972047Z   KAOS_ACTION: 
job-data	Checkout repository	2025-05-12T13:48:19.0972589Z   KAOS_REF: refs/heads/main
job-data	Checkout repository	2025-05-12T13:48:19.0973274Z   KAOS_MODULE: [Ka0S] Deploy Web Structure
job-data	Checkout repository	2025-05-12T13:48:19.0974153Z   KAOS_JSON_WEB: core/config/webs/webs.json
job-data	Checkout repository	2025-05-12T13:48:19.0974985Z   KAOS_JSON_RESUME: core/outputs/webs/
job-data	Checkout repository	2025-05-12T13:48:19.0975764Z   KAOS_JSON_DATA: core/web/data/data.json
job-data	Checkout repository	2025-05-12T13:48:19.0976555Z   KAOS_WEB_STRUCTURE: core/results/webs/
job-data	Checkout repository	2025-05-12T13:48:19.0977350Z   KAOS_TEST_STRUCTURE: core/results/test/
job-data	Checkout repository	2025-05-12T13:48:19.0978114Z   KAOS_ACTOR: jorgecg646
job-data	Checkout repository	2025-05-12T13:48:19.0978706Z ##[endgroup]
job-data	Checkout repository	2025-05-12T13:48:19.1541398Z Syncing repository: Ka0s-Klaus/ka0s
job-data	Checkout repository	2025-05-12T13:48:19.1543251Z ##[group]Getting Git version info
job-data	Checkout repository	2025-05-12T13:48:19.1544178Z Working directory is '/actions-runner/_work/ka0s/ka0s'
job-data	Checkout repository	2025-05-12T13:48:19.1545512Z [command]/usr/bin/git version
job-data	Checkout repository	2025-05-12T13:48:19.1546347Z git version 2.43.0
job-data	Checkout repository	2025-05-12T13:48:19.1565072Z ##[endgroup]
job-data	Checkout repository	2025-05-12T13:48:19.1575138Z Copying '/home/kaos/.gitconfig' to '/actions-runner/_work/_temp/928327ce-9db7-424e-be5a-48a2eb320595/.gitconfig'
job-data	Checkout repository	2025-05-12T13:48:19.1589016Z Temporarily overriding HOME='/actions-runner/_work/_temp/928327ce-9db7-424e-be5a-48a2eb320595' before making global git config changes
job-data	Checkout repository	2025-05-12T13:48:19.1592151Z Adding repository directory to the temporary git global config as a safe directory
job-data	Checkout repository	2025-05-12T13:48:19.1594524Z [command]/usr/bin/git config --global --add safe.directory /actions-runner/_work/ka0s/ka0s
job-data	Checkout repository	2025-05-12T13:48:19.1616910Z [command]/usr/bin/git config --local --get remote.origin.url
job-data	Checkout repository	2025-05-12T13:48:19.1630113Z https://github.com/Ka0s-Klaus/ka0s
job-data	Checkout repository	2025-05-12T13:48:19.1642128Z ##[group]Removing previously created refs, to avoid conflicts
job-data	Checkout repository	2025-05-12T13:48:19.1644205Z [command]/usr/bin/git rev-parse --symbolic-full-name --verify --quiet HEAD
job-data	Checkout repository	2025-05-12T13:48:19.1661571Z refs/heads/main
job-data	Checkout repository	2025-05-12T13:48:19.1670184Z [command]/usr/bin/git checkout --detach
job-data	Checkout repository	2025-05-12T13:48:19.1760338Z HEAD is now at b90c4d8d [Ka0S] Inspector uploading resume execution files to the repository...
job-data	Checkout repository	2025-05-12T13:48:19.1798269Z [command]/usr/bin/git branch --delete --force main
job-data	Checkout repository	2025-05-12T13:48:19.1825474Z Deleted branch main (was b90c4d8d).
job-data	Checkout repository	2025-05-12T13:48:19.1872809Z ##[endgroup]
job-data	Checkout repository	2025-05-12T13:48:19.1873867Z [command]/usr/bin/git submodule status
job-data	Checkout repository	2025-05-12T13:48:19.2108070Z ##[group]Cleaning the repository
job-data	Checkout repository	2025-05-12T13:48:19.2110958Z [command]/usr/bin/git clean -ffdx
job-data	Checkout repository	2025-05-12T13:48:19.2166981Z [command]/usr/bin/git reset --hard HEAD
job-data	Checkout repository	2025-05-12T13:48:19.2308578Z HEAD is now at b90c4d8d [Ka0S] Inspector uploading resume execution files to the repository...
job-data	Checkout repository	2025-05-12T13:48:19.2311808Z ##[endgroup]
job-data	Checkout repository	2025-05-12T13:48:19.2313084Z ##[group]Disabling automatic garbage collection
job-data	Checkout repository	2025-05-12T13:48:19.2314021Z [command]/usr/bin/git config --local gc.auto 0
job-data	Checkout repository	2025-05-12T13:48:19.2336551Z ##[endgroup]
job-data	Checkout repository	2025-05-12T13:48:19.2337709Z ##[group]Setting up auth
job-data	Checkout repository	2025-05-12T13:48:19.2338930Z [command]/usr/bin/git config --local --name-only --get-regexp core\.sshCommand
job-data	Checkout repository	2025-05-12T13:48:19.2361831Z [command]/usr/bin/git submodule foreach --recursive sh -c "git config --local --name-only --get-regexp 'core\.sshCommand' && git config --local --unset-all 'core.sshCommand' || :"
job-data	Checkout repository	2025-05-12T13:48:19.2583709Z [command]/usr/bin/git config --local --name-only --get-regexp http\.https\:\/\/github\.com\/\.extraheader
job-data	Checkout repository	2025-05-12T13:48:19.2608435Z [command]/usr/bin/git submodule foreach --recursive sh -c "git config --local --name-only --get-regexp 'http\.https\:\/\/github\.com\/\.extraheader' && git config --local --unset-all 'http.https://github.com/.extraheader' || :"
job-data	Checkout repository	2025-05-12T13:48:19.2847674Z [command]/usr/bin/git config --local http.https://github.com/.extraheader AUTHORIZATION: basic ***
job-data	Checkout repository	2025-05-12T13:48:19.2885190Z ##[endgroup]
job-data	Checkout repository	2025-05-12T13:48:19.2886852Z ##[group]Fetching the repository
job-data	Checkout repository	2025-05-12T13:48:19.2889167Z [command]/usr/bin/git -c protocol.version=2 fetch --prune --progress --no-recurse-submodules origin +refs/heads/*:refs/remotes/origin/* +refs/tags/*:refs/tags/*
job-data	Checkout repository	2025-05-12T13:48:20.0926672Z [command]/usr/bin/git branch --list --remote origin/main
job-data	Checkout repository	2025-05-12T13:48:20.0949132Z   origin/main
job-data	Checkout repository	2025-05-12T13:48:20.0954825Z [command]/usr/bin/git rev-parse refs/remotes/origin/main
job-data	Checkout repository	2025-05-12T13:48:20.0973233Z b90c4d8d5a85c6f872638cf36bbbac6e871dd28b
job-data	Checkout repository	2025-05-12T13:48:20.0981808Z ##[endgroup]
job-data	Checkout repository	2025-05-12T13:48:20.0982285Z ##[group]Determining the checkout info
job-data	Checkout repository	2025-05-12T13:48:20.0982773Z ##[endgroup]
job-data	Checkout repository	2025-05-12T13:48:20.0983215Z ##[group]Checking out the ref
job-data	Checkout repository	2025-05-12T13:48:20.0983700Z [command]/usr/bin/git checkout --progress --force -B main refs/remotes/origin/main
job-data	Checkout repository	2025-05-12T13:48:20.1160675Z Switched to a new branch 'main'
job-data	Checkout repository	2025-05-12T13:48:20.1161265Z branch 'main' set up to track 'origin/main'.
job-data	Checkout repository	2025-05-12T13:48:20.1165143Z ##[endgroup]
job-data	Checkout repository	2025-05-12T13:48:20.1198087Z [command]/usr/bin/git log -1 --format='%H'
job-data	Checkout repository	2025-05-12T13:48:20.1218190Z 'b90c4d8d5a85c6f872638cf36bbbac6e871dd28b'
job-data	Copy data files to web structure	Ôªø2025-05-12T13:48:20.1395422Z ##[group]Run echo "Reading data.json file..."
job-data	Copy data files to web structure	2025-05-12T13:48:20.1396030Z [36;1mecho "Reading data.json file..."[0m
job-data	Copy data files to web structure	2025-05-12T13:48:20.1396340Z [36;1mDATA_FILE="core/web/data/data.json"[0m
job-data	Copy data files to web structure	2025-05-12T13:48:20.1396558Z [36;1mecho "Data file: $DATA_FILE"[0m
job-data	Copy data files to web structure	2025-05-12T13:48:20.1396773Z [36;1m[0m
job-data	Copy data files to web structure	2025-05-12T13:48:20.1396992Z [36;1m# Extract title for main folder name from structure file[0m
job-data	Copy data files to web structure	2025-05-12T13:48:20.1397263Z [36;1mSTRUCTURE_FILE="core/config/webs/webs.json"[0m
job-data	Copy data files to web structure	2025-05-12T13:48:20.1397510Z [36;1mTITLE=$(jq -r '.title' $STRUCTURE_FILE)[0m
job-data	Copy data files to web structure	2025-05-12T13:48:20.1397748Z [36;1mif [ -z "$TITLE" ]; then[0m
job-data	Copy data files to web structure	2025-05-12T13:48:20.1397950Z [36;1m  TITLE="dashboard"[0m
job-data	Copy data files to web structure	2025-05-12T13:48:20.1398185Z [36;1m  echo "Title not found in JSON file, using default: $TITLE"[0m
job-data	Copy data files to web structure	2025-05-12T13:48:20.1398424Z [36;1melse[0m
job-data	Copy data files to web structure	2025-05-12T13:48:20.1398606Z [36;1m  echo "Main folder is named: $TITLE"[0m
job-data	Copy data files to web structure	2025-05-12T13:48:20.1398811Z [36;1mfi[0m
job-data	Copy data files to web structure	2025-05-12T13:48:20.1398964Z [36;1m[0m
job-data	Copy data files to web structure	2025-05-12T13:48:20.1399183Z [36;1m# Create data directory if it doesn't exist[0m
job-data	Copy data files to web structure	2025-05-12T13:48:20.1399424Z [36;1mmkdir -p "core/results/webs/$TITLE/data"[0m
job-data	Copy data files to web structure	2025-05-12T13:48:20.1399636Z [36;1m[0m
job-data	Copy data files to web structure	2025-05-12T13:48:20.1399825Z [36;1m# Copiar el archivo webs.json a la estructura[0m
job-data	Copy data files to web structure	2025-05-12T13:48:20.1400096Z [36;1mcp $STRUCTURE_FILE "core/results/webs/$TITLE/data/webs.json"[0m
job-data	Copy data files to web structure	2025-05-12T13:48:20.1400369Z [36;1mecho "Copied webs.json to data directory"[0m
job-data	Copy data files to web structure	2025-05-12T13:48:20.1400577Z [36;1m[0m
job-data	Copy data files to web structure	2025-05-12T13:48:20.1400962Z [36;1m# Copiar todos los archivos JSON de core/web/data a la estructura[0m
job-data	Copy data files to web structure	2025-05-12T13:48:20.1401272Z [36;1mecho "Copying all JSON files from core/web/data directory..."[0m
job-data	Copy data files to web structure	2025-05-12T13:48:20.1401588Z [36;1mfind core/web/data -name "*.json" -type f | while read -r json_file; do[0m
job-data	Copy data files to web structure	2025-05-12T13:48:20.1401870Z [36;1m  # Obtener el nombre del archivo[0m
job-data	Copy data files to web structure	2025-05-12T13:48:20.1402093Z [36;1m  JSON_FILENAME=$(basename "$json_file")[0m
job-data	Copy data files to web structure	2025-05-12T13:48:20.1402350Z [36;1m  echo "Copying JSON file: $json_file to data directory"[0m
job-data	Copy data files to web structure	2025-05-12T13:48:20.1402636Z [36;1m  cp "$json_file" "core/results/webs/$TITLE/data/$JSON_FILENAME"[0m
job-data	Copy data files to web structure	2025-05-12T13:48:20.1402875Z [36;1mdone[0m
job-data	Copy data files to web structure	2025-05-12T13:48:20.1403087Z [36;1mecho "All JSON files from core/web/data copied successfully!"[0m
job-data	Copy data files to web structure	2025-05-12T13:48:20.1403324Z [36;1m[0m
job-data	Copy data files to web structure	2025-05-12T13:48:20.1403721Z [36;1m# Read data.json and copy files[0m
job-data	Copy data files to web structure	2025-05-12T13:48:20.1403927Z [36;1mif [ -f "$DATA_FILE" ]; then[0m
job-data	Copy data files to web structure	2025-05-12T13:48:20.1404185Z [36;1m  echo "Processing data files from data.json..."[0m
job-data	Copy data files to web structure	2025-05-12T13:48:20.1404508Z [36;1m  [0m
job-data	Copy data files to web structure	2025-05-12T13:48:20.1404716Z [36;1m  # Extract source and destination paths[0m
job-data	Copy data files to web structure	2025-05-12T13:48:20.1405023Z [36;1m  jq -c '.dataFiles[]' "$DATA_FILE" | while read -r file; do[0m
job-data	Copy data files to web structure	2025-05-12T13:48:20.1405400Z [36;1m    SOURCE=$(echo $file | jq -r '.source')[0m
job-data	Copy data files to web structure	2025-05-12T13:48:20.1405753Z [36;1m    DEST=$(echo $file | jq -r '.destination')[0m
job-data	Copy data files to web structure	2025-05-12T13:48:20.1406084Z [36;1m    echo "Source: $SOURCE"[0m
job-data	Copy data files to web structure	2025-05-12T13:48:20.1406337Z [36;1m    echo "Destination: $DEST"[0m
job-data	Copy data files to web structure	2025-05-12T13:48:20.1406592Z [36;1m[0m
job-data	Copy data files to web structure	2025-05-12T13:48:20.1406765Z [36;1m    # Ensure destination directory exists[0m
job-data	Copy data files to web structure	2025-05-12T13:48:20.1407015Z [36;1m    DEST_DIR=$(dirname "core/results/webs/$TITLE/$DEST")[0m
job-data	Copy data files to web structure	2025-05-12T13:48:20.1407247Z [36;1m    mkdir -p "$DEST_DIR"[0m
job-data	Copy data files to web structure	2025-05-12T13:48:20.1407461Z [36;1m    echo "Destination directory: $DEST_DIR"[0m
job-data	Copy data files to web structure	2025-05-12T13:48:20.1407666Z [36;1m    [0m
job-data	Copy data files to web structure	2025-05-12T13:48:20.1407834Z [36;1m    # Copy the file[0m
job-data	Copy data files to web structure	2025-05-12T13:48:20.1408025Z [36;1m    if [ -f "$SOURCE" ]; then[0m
job-data	Copy data files to web structure	2025-05-12T13:48:20.1408261Z [36;1m      echo "Copying $SOURCE to core/results/webs/$TITLE/$DEST"[0m
job-data	Copy data files to web structure	2025-05-12T13:48:20.1408579Z [36;1m      cp "$SOURCE" "core/results/webs/$TITLE/$DEST"[0m
job-data	Copy data files to web structure	2025-05-12T13:48:20.1408796Z [36;1m    else[0m
job-data	Copy data files to web structure	2025-05-12T13:48:20.1408989Z [36;1m      echo "Warning: Source file $SOURCE not found"[0m
job-data	Copy data files to web structure	2025-05-12T13:48:20.1409202Z [36;1m    fi[0m
job-data	Copy data files to web structure	2025-05-12T13:48:20.1409488Z [36;1m  done[0m
job-data	Copy data files to web structure	2025-05-12T13:48:20.1409647Z [36;1m  [0m
job-data	Copy data files to web structure	2025-05-12T13:48:20.1409824Z [36;1m  echo "Data files copied successfully!"[0m
job-data	Copy data files to web structure	2025-05-12T13:48:20.1410027Z [36;1melse[0m
job-data	Copy data files to web structure	2025-05-12T13:48:20.1410231Z [36;1m  echo "Warning: data.json file not found at $DATA_FILE"[0m
job-data	Copy data files to web structure	2025-05-12T13:48:20.1410453Z [36;1mfi[0m
job-data	Copy data files to web structure	2025-05-12T13:48:20.1410609Z [36;1m[0m
job-data	Copy data files to web structure	2025-05-12T13:48:20.1410802Z [36;1m# Copiar los archivos JSON de datos de secci√≥n[0m
job-data	Copy data files to web structure	2025-05-12T13:48:20.1411042Z [36;1mecho "Copying section data files..."[0m
job-data	Copy data files to web structure	2025-05-12T13:48:20.1411390Z [36;1mjq -r 'to_entries | .[] | select(.key | startswith("section")) | .value.data' $STRUCTURE_FILE | while read data_path; do[0m
job-data	Copy data files to web structure	2025-05-12T13:48:20.1411744Z [36;1m  if [ ! -z "$data_path" ] && [ -f "$data_path" ]; then[0m
job-data	Copy data files to web structure	2025-05-12T13:48:20.1411981Z [36;1m    # Obtener el nombre del archivo[0m
job-data	Copy data files to web structure	2025-05-12T13:48:20.1412207Z [36;1m    DATA_FILENAME=$(basename "$data_path")[0m
job-data	Copy data files to web structure	2025-05-12T13:48:20.1412466Z [36;1m    echo "Copying section data file: $data_path to data directory"[0m
job-data	Copy data files to web structure	2025-05-12T13:48:20.1412776Z [36;1m    cp "$data_path" "core/results/webs/$TITLE/data/$DATA_FILENAME"[0m
job-data	Copy data files to web structure	2025-05-12T13:48:20.1413013Z [36;1m  fi[0m
job-data	Copy data files to web structure	2025-05-12T13:48:20.1413169Z [36;1mdone[0m
job-data	Copy data files to web structure	2025-05-12T13:48:20.1413326Z [36;1m[0m
job-data	Copy data files to web structure	2025-05-12T13:48:20.1413707Z [36;1m# Generate a summary of copied files[0m
job-data	Copy data files to web structure	2025-05-12T13:48:20.1413940Z [36;1mecho "Generating data files summary..."[0m
job-data	Copy data files to web structure	2025-05-12T13:48:20.1414238Z [36;1mecho "{" > "core/outputs/webs/$TITLE/data-files-summary.json"[0m
job-data	Copy data files to web structure	2025-05-12T13:48:20.1414759Z [36;1mecho "  \"generated_at\": \"$(date -u +"%Y-%m-%dT%H:%M:%SZ")\"," >> "core/outputs/webs/$TITLE/data-files-summary.json"[0m
job-data	Copy data files to web structure	2025-05-12T13:48:20.1415296Z [36;1mecho "  \"title\": \"$TITLE\"," >> "core/outputs/webs/$TITLE/data-files-summary.json"[0m
job-data	Copy data files to web structure	2025-05-12T13:48:20.1415771Z [36;1mecho "  \"files\": [" >> "core/outputs/webs/$TITLE/data-files-summary.json"[0m
job-data	Copy data files to web structure	2025-05-12T13:48:20.1416065Z [36;1m[0m
job-data	Copy data files to web structure	2025-05-12T13:48:20.1416261Z [36;1m# List all copied files[0m
job-data	Copy data files to web structure	2025-05-12T13:48:20.1416596Z [36;1mfind "core/results/webs/$TITLE/data" -type f | sort | while read -r file; do[0m
job-data	Copy data files to web structure	2025-05-12T13:48:20.1416907Z [36;1m  RELATIVE_PATH="${file#core/results/webs/$TITLE/}"[0m
job-data	Copy data files to web structure	2025-05-12T13:48:20.1417221Z [36;1m  echo "    {\"path\": \"$RELATIVE_PATH\"}," >> "core/outputs/webs/$TITLE/data-files-summary.json"[0m
job-data	Copy data files to web structure	2025-05-12T13:48:20.1417498Z [36;1mdone[0m
job-data	Copy data files to web structure	2025-05-12T13:48:20.1417651Z [36;1m[0m
job-data	Copy data files to web structure	2025-05-12T13:48:20.1417832Z [36;1m# Remove the last comma and close the JSON[0m
job-data	Copy data files to web structure	2025-05-12T13:48:20.1418104Z [36;1msed -i '$ s/,$//' "core/outputs/webs/$TITLE/data-files-summary.json"[0m
job-data	Copy data files to web structure	2025-05-12T13:48:20.1418392Z [36;1mecho "  ]" >> "core/outputs/webs/$TITLE/data-files-summary.json"[0m
job-data	Copy data files to web structure	2025-05-12T13:48:20.1418679Z [36;1mecho "}" >> "core/outputs/webs/$TITLE/data-files-summary.json"[0m
job-data	Copy data files to web structure	2025-05-12T13:48:20.1418911Z [36;1m[0m
job-data	Copy data files to web structure	2025-05-12T13:48:20.1419164Z [36;1mecho "Data files summary generated at core/outputs/webs/$TITLE/data-files-summary.json"[0m
job-data	Copy data files to web structure	2025-05-12T13:48:20.1426612Z shell: /usr/bin/bash -e {0}
job-data	Copy data files to web structure	2025-05-12T13:48:20.1426831Z env:
job-data	Copy data files to web structure	2025-05-12T13:48:20.1426994Z   KAOS_CODE: 14973974890
job-data	Copy data files to web structure	2025-05-12T13:48:20.1427185Z   KAOS_EVENT_NAME: workflow_dispatch
job-data	Copy data files to web structure	2025-05-12T13:48:20.1427383Z   KAOS_ACTION: 
job-data	Copy data files to web structure	2025-05-12T13:48:20.1427553Z   KAOS_REF: refs/heads/main
job-data	Copy data files to web structure	2025-05-12T13:48:20.1427748Z   KAOS_MODULE: [Ka0S] Deploy Web Structure
job-data	Copy data files to web structure	2025-05-12T13:48:20.1427963Z   KAOS_JSON_WEB: core/config/webs/webs.json
job-data	Copy data files to web structure	2025-05-12T13:48:20.1428173Z   KAOS_JSON_RESUME: core/outputs/webs/
job-data	Copy data files to web structure	2025-05-12T13:48:20.1428391Z   KAOS_JSON_DATA: core/web/data/data.json
job-data	Copy data files to web structure	2025-05-12T13:48:20.1428600Z   KAOS_WEB_STRUCTURE: core/results/webs/
job-data	Copy data files to web structure	2025-05-12T13:48:20.1428810Z   KAOS_TEST_STRUCTURE: core/results/test/
job-data	Copy data files to web structure	2025-05-12T13:48:20.1429014Z   KAOS_ACTOR: jorgecg646
job-data	Copy data files to web structure	2025-05-12T13:48:20.1429198Z ##[endgroup]
job-data	Copy data files to web structure	2025-05-12T13:48:20.1468428Z Reading data.json file...
job-data	Copy data files to web structure	2025-05-12T13:48:20.1469009Z Data file: core/web/data/data.json
job-data	Copy data files to web structure	2025-05-12T13:48:20.1498147Z Main folder is named: dashboard
job-data	Copy data files to web structure	2025-05-12T13:48:20.1527054Z Copied webs.json to data directory
job-data	Copy data files to web structure	2025-05-12T13:48:20.1527802Z Copying all JSON files from core/web/data directory...
job-data	Copy data files to web structure	2025-05-12T13:48:20.1553637Z Copying JSON file: core/web/data/seccion1.json to data directory
job-data	Copy data files to web structure	2025-05-12T13:48:20.1579993Z Copying JSON file: core/web/data/kaos-workflows-runs.json to data directory
job-data	Copy data files to web structure	2025-05-12T13:48:20.1640598Z Copying JSON file: core/web/data/webs.json to data directory
job-data	Copy data files to web structure	2025-05-12T13:48:20.1665011Z Copying JSON file: core/web/data/data.json to data directory
job-data	Copy data files to web structure	2025-05-12T13:48:20.1682508Z All JSON files from core/web/data copied successfully!
job-data	Copy data files to web structure	2025-05-12T13:48:20.1683501Z Processing data files from data.json...
job-data	Copy data files to web structure	2025-05-12T13:48:20.1759356Z Source: core/outputs/w/kaos-issue.json
job-data	Copy data files to web structure	2025-05-12T13:48:20.1759755Z Destination: data/kaos-issue.json
job-data	Copy data files to web structure	2025-05-12T13:48:20.1782367Z Destination directory: core/results/webs/dashboard/data
job-data	Copy data files to web structure	2025-05-12T13:48:20.1783197Z Copying core/outputs/w/kaos-issue.json to core/results/webs/dashboard/data/kaos-issue.json
job-data	Copy data files to web structure	2025-05-12T13:48:20.1862033Z Source: core/outputs/w/kaos-repository-global-statistics.json
job-data	Copy data files to web structure	2025-05-12T13:48:20.1862704Z Destination: data/kaos-repository-global-statistics.json
job-data	Copy data files to web structure	2025-05-12T13:48:20.1888677Z Destination directory: core/results/webs/dashboard/data
job-data	Copy data files to web structure	2025-05-12T13:48:20.1889349Z Copying core/outputs/w/kaos-repository-global-statistics.json to core/results/webs/dashboard/data/kaos-repository-global-statistics.json
job-data	Copy data files to web structure	2025-05-12T13:48:20.1962247Z Source: core/outputs/w/kaos-repository-statistics.json
job-data	Copy data files to web structure	2025-05-12T13:48:20.1963769Z Destination: data/kaos-repository-statistics.json
job-data	Copy data files to web structure	2025-05-12T13:48:20.1985767Z Destination directory: core/results/webs/dashboard/data
job-data	Copy data files to web structure	2025-05-12T13:48:20.1986865Z Copying core/outputs/w/kaos-repository-statistics.json to core/results/webs/dashboard/data/kaos-repository-statistics.json
job-data	Copy data files to web structure	2025-05-12T13:48:20.2059124Z Source: core/outputs/w/kaos-workflows-available.json
job-data	Copy data files to web structure	2025-05-12T13:48:20.2059573Z Destination: data/kaos-workflows-available.json
job-data	Copy data files to web structure	2025-05-12T13:48:20.2081133Z Destination directory: core/results/webs/dashboard/data
job-data	Copy data files to web structure	2025-05-12T13:48:20.2082143Z Copying core/outputs/w/kaos-workflows-available.json to core/results/webs/dashboard/data/kaos-workflows-available.json
job-data	Copy data files to web structure	2025-05-12T13:48:20.2153393Z Source: core/outputs/w/kaos-workflows-runs.json
job-data	Copy data files to web structure	2025-05-12T13:48:20.2153807Z Destination: data/kaos-workflows-runs.json
job-data	Copy data files to web structure	2025-05-12T13:48:20.2176131Z Destination directory: core/results/webs/dashboard/data
job-data	Copy data files to web structure	2025-05-12T13:48:20.2177138Z Copying core/outputs/w/kaos-workflows-runs.json to core/results/webs/dashboard/data/kaos-workflows-runs.json
job-data	Copy data files to web structure	2025-05-12T13:48:20.2221351Z Data files copied successfully!
job-data	Copy data files to web structure	2025-05-12T13:48:20.2221788Z Copying section data files...
job-data	Copy data files to web structure	2025-05-12T13:48:20.2243408Z jq: error (at core/config/webs/webs.json:39): Cannot index array with string "data"
job-data	Copy data files to web structure	2025-05-12T13:48:20.2248100Z Generating data files summary...
job-data	Copy data files to web structure	2025-05-12T13:48:20.2298904Z Data files summary generated at core/outputs/webs/dashboard/data-files-summary.json
job-data	Copiar archivos JSON de config/webs a data	Ôªø2025-05-12T13:48:20.2326323Z ##[group]Run # Extraer t√≠tulo para el nombre de la carpeta principal desde el archivo de estructura
job-data	Copiar archivos JSON de config/webs a data	2025-05-12T13:48:20.2326807Z [36;1m# Extraer t√≠tulo para el nombre de la carpeta principal desde el archivo de estructura[0m
job-data	Copiar archivos JSON de config/webs a data	2025-05-12T13:48:20.2327116Z [36;1mSTRUCTURE_FILE="core/config/webs/webs.json"[0m
job-data	Copiar archivos JSON de config/webs a data	2025-05-12T13:48:20.2327369Z [36;1mTITLE=$(jq -r '.title' $STRUCTURE_FILE)[0m
job-data	Copiar archivos JSON de config/webs a data	2025-05-12T13:48:20.2327589Z [36;1mif [ -z "$TITLE" ]; then[0m
job-data	Copiar archivos JSON de config/webs a data	2025-05-12T13:48:20.2327787Z [36;1m  TITLE="dashboard"[0m
job-data	Copiar archivos JSON de config/webs a data	2025-05-12T13:48:20.2328081Z [36;1m  echo "T√≠tulo no encontrado en el archivo JSON, usando el valor predeterminado: $TITLE"[0m
job-data	Copiar archivos JSON de config/webs a data	2025-05-12T13:48:20.2328386Z [36;1melse[0m
job-data	Copiar archivos JSON de config/webs a data	2025-05-12T13:48:20.2328583Z [36;1m  echo "La carpeta principal se llama: $TITLE"[0m
job-data	Copiar archivos JSON de config/webs a data	2025-05-12T13:48:20.2328793Z [36;1mfi[0m
job-data	Copiar archivos JSON de config/webs a data	2025-05-12T13:48:20.2328954Z [36;1m[0m
job-data	Copiar archivos JSON de config/webs a data	2025-05-12T13:48:20.2329169Z [36;1mecho "Copiando archivos JSON de core/config/webs a data..."[0m
job-data	Copiar archivos JSON de config/webs a data	2025-05-12T13:48:20.2329444Z [36;1mmkdir -p "core/results/webs/${TITLE}/data"[0m
job-data	Copiar archivos JSON de config/webs a data	2025-05-12T13:48:20.2329709Z [36;1m[0m
job-data	Copiar archivos JSON de config/webs a data	2025-05-12T13:48:20.2329923Z [36;1m# Copiar todos los archivos JSON de core/config/webs a la estructura[0m
job-data	Copiar archivos JSON de config/webs a data	2025-05-12T13:48:20.2330256Z [36;1mfind core/config/webs -name "*.json" -type f | while read -r json_file; do[0m
job-data	Copiar archivos JSON de config/webs a data	2025-05-12T13:48:20.2330542Z [36;1m  # Obtener el nombre del archivo[0m
job-data	Copiar archivos JSON de config/webs a data	2025-05-12T13:48:20.2330765Z [36;1m  JSON_FILENAME=$(basename "$json_file")[0m
job-data	Copiar archivos JSON de config/webs a data	2025-05-12T13:48:20.2331023Z [36;1m  echo "Copiando archivo JSON: $json_file a data directory"[0m
job-data	Copiar archivos JSON de config/webs a data	2025-05-12T13:48:20.2331336Z [36;1m  cp "$json_file" "core/results/webs/${TITLE}/data/$JSON_FILENAME"[0m
job-data	Copiar archivos JSON de config/webs a data	2025-05-12T13:48:20.2331577Z [36;1mdone[0m
job-data	Copiar archivos JSON de config/webs a data	2025-05-12T13:48:20.2331809Z [36;1mecho "Todos los archivos JSON de core/config/webs copiados exitosamente!"[0m
job-data	Copiar archivos JSON de config/webs a data	2025-05-12T13:48:20.2337323Z shell: /usr/bin/bash -e {0}
job-data	Copiar archivos JSON de config/webs a data	2025-05-12T13:48:20.2337588Z env:
job-data	Copiar archivos JSON de config/webs a data	2025-05-12T13:48:20.2337806Z   KAOS_CODE: 14973974890
job-data	Copiar archivos JSON de config/webs a data	2025-05-12T13:48:20.2338134Z   KAOS_EVENT_NAME: workflow_dispatch
job-data	Copiar archivos JSON de config/webs a data	2025-05-12T13:48:20.2338397Z   KAOS_ACTION: 
job-data	Copiar archivos JSON de config/webs a data	2025-05-12T13:48:20.2338641Z   KAOS_REF: refs/heads/main
job-data	Copiar archivos JSON de config/webs a data	2025-05-12T13:48:20.2338933Z   KAOS_MODULE: [Ka0S] Deploy Web Structure
job-data	Copiar archivos JSON de config/webs a data	2025-05-12T13:48:20.2339210Z   KAOS_JSON_WEB: core/config/webs/webs.json
job-data	Copiar archivos JSON de config/webs a data	2025-05-12T13:48:20.2339487Z   KAOS_JSON_RESUME: core/outputs/webs/
job-data	Copiar archivos JSON de config/webs a data	2025-05-12T13:48:20.2339740Z   KAOS_JSON_DATA: core/web/data/data.json
job-data	Copiar archivos JSON de config/webs a data	2025-05-12T13:48:20.2340005Z   KAOS_WEB_STRUCTURE: core/results/webs/
job-data	Copiar archivos JSON de config/webs a data	2025-05-12T13:48:20.2340295Z   KAOS_TEST_STRUCTURE: core/results/test/
job-data	Copiar archivos JSON de config/webs a data	2025-05-12T13:48:20.2352313Z   KAOS_ACTOR: jorgecg646
job-data	Copiar archivos JSON de config/webs a data	2025-05-12T13:48:20.2352674Z ##[endgroup]
job-data	Copiar archivos JSON de config/webs a data	2025-05-12T13:48:20.2398743Z La carpeta principal se llama: dashboard
job-data	Copiar archivos JSON de config/webs a data	2025-05-12T13:48:20.2399221Z Copiando archivos JSON de core/config/webs a data...
job-data	Copiar archivos JSON de config/webs a data	2025-05-12T13:48:20.2435383Z Copiando archivo JSON: core/config/webs/section2workflows.json a data directory
job-data	Copiar archivos JSON de config/webs a data	2025-05-12T13:48:20.2458272Z Copiando archivo JSON: core/config/webs/webs.json a data directory
job-data	Copiar archivos JSON de config/webs a data	2025-05-12T13:48:20.2482695Z Copiando archivo JSON: core/config/webs/section3leadtime.json a data directory
job-data	Copiar archivos JSON de config/webs a data	2025-05-12T13:48:20.2508092Z Copiando archivo JSON: core/config/webs/section1inicio.json a data directory
job-data	Copiar archivos JSON de config/webs a data	2025-05-12T13:48:20.2523041Z Todos los archivos JSON de core/config/webs copiados exitosamente!
job-data	Upload Files	Ôªø2025-05-12T13:48:20.2548273Z ##[group]Run echo "Uploading data files to the repository..."
job-data	Upload Files	2025-05-12T13:48:20.2548621Z [36;1mecho "Uploading data files to the repository..."[0m
job-data	Upload Files	2025-05-12T13:48:20.2549010Z [36;1mgit config --global user.name "***"[0m
job-data	Upload Files	2025-05-12T13:48:20.2549270Z [36;1mgit config --global user.email "***"[0m
job-data	Upload Files	2025-05-12T13:48:20.2549491Z [36;1mgit pull[0m
job-data	Upload Files	2025-05-12T13:48:20.2549679Z [36;1m# Add the data files and summary[0m
job-data	Upload Files	2025-05-12T13:48:20.2549901Z [36;1mgit add core/results/webs/**/data/*[0m
job-data	Upload Files	2025-05-12T13:48:20.2550111Z [36;1mgit add core/outputs/webs/*[0m
job-data	Upload Files	2025-05-12T13:48:20.2550332Z [36;1m# Verify if there are changes to commit[0m
job-data	Upload Files	2025-05-12T13:48:20.2550562Z [36;1mif git diff --staged --quiet; then[0m
job-data	Upload Files	2025-05-12T13:48:20.2550790Z [36;1m  echo "No hay cambios para hacer commit"[0m
job-data	Upload Files	2025-05-12T13:48:20.2551002Z [36;1melse[0m
job-data	Upload Files	2025-05-12T13:48:20.2551224Z [36;1m  git commit -m "[Ka0S] Uploading data files to web structure..."[0m
job-data	Upload Files	2025-05-12T13:48:20.2551481Z [36;1m  git push origin refs/heads/main[0m
job-data	Upload Files	2025-05-12T13:48:20.2551716Z [36;1mfi[0m
job-data	Upload Files	2025-05-12T13:48:20.2556941Z shell: /usr/bin/bash -e {0}
job-data	Upload Files	2025-05-12T13:48:20.2557131Z env:
job-data	Upload Files	2025-05-12T13:48:20.2557293Z   KAOS_CODE: 14973974890
job-data	Upload Files	2025-05-12T13:48:20.2557482Z   KAOS_EVENT_NAME: workflow_dispatch
job-data	Upload Files	2025-05-12T13:48:20.2557685Z   KAOS_ACTION: 
job-data	Upload Files	2025-05-12T13:48:20.2557855Z   KAOS_REF: refs/heads/main
job-data	Upload Files	2025-05-12T13:48:20.2558048Z   KAOS_MODULE: [Ka0S] Deploy Web Structure
job-data	Upload Files	2025-05-12T13:48:20.2558263Z   KAOS_JSON_WEB: core/config/webs/webs.json
job-data	Upload Files	2025-05-12T13:48:20.2558476Z   KAOS_JSON_RESUME: core/outputs/webs/
job-data	Upload Files	2025-05-12T13:48:20.2558685Z   KAOS_JSON_DATA: core/web/data/data.json
job-data	Upload Files	2025-05-12T13:48:20.2558893Z   KAOS_WEB_STRUCTURE: core/results/webs/
job-data	Upload Files	2025-05-12T13:48:20.2559103Z   KAOS_TEST_STRUCTURE: core/results/test/
job-data	Upload Files	2025-05-12T13:48:20.2559302Z   KAOS_ACTOR: jorgecg646
job-data	Upload Files	2025-05-12T13:48:20.2559479Z ##[endgroup]
job-data	Upload Files	2025-05-12T13:48:20.2582751Z Uploading data files to the repository...
job-data	Upload Files	2025-05-12T13:48:20.9307224Z Already up to date.
job-data	Upload Files	2025-05-12T13:48:20.9977799Z [main 375a8d8d] [Ka0S] Uploading data files to web structure...
job-data	Upload Files	2025-05-12T13:48:20.9978611Z  1 file changed, 1 insertion(+), 1 deletion(-)
job-data	Upload Files	2025-05-12T13:48:22.1757739Z To https://github.com/Ka0s-Klaus/ka0s
job-data	Upload Files	2025-05-12T13:48:22.1758150Z    b90c4d8d..375a8d8d  main -> main
job-data	Post Checkout repository	Ôªø2025-05-12T13:48:22.1838999Z Post job cleanup.
job-data	Post Checkout repository	2025-05-12T13:48:22.2324990Z [command]/usr/bin/git version
job-data	Post Checkout repository	2025-05-12T13:48:22.2350582Z git version 2.43.0
job-data	Post Checkout repository	2025-05-12T13:48:22.2383231Z Copying '/home/kaos/.gitconfig' to '/actions-runner/_work/_temp/56a157ca-eacb-4f43-b9a0-926b739b6a52/.gitconfig'
job-data	Post Checkout repository	2025-05-12T13:48:22.2401040Z Temporarily overriding HOME='/actions-runner/_work/_temp/56a157ca-eacb-4f43-b9a0-926b739b6a52' before making global git config changes
job-data	Post Checkout repository	2025-05-12T13:48:22.2401881Z Adding repository directory to the temporary git global config as a safe directory
job-data	Post Checkout repository	2025-05-12T13:48:22.2402575Z [command]/usr/bin/git config --global --add safe.directory /actions-runner/_work/ka0s/ka0s
job-data	Post Checkout repository	2025-05-12T13:48:22.2428949Z [command]/usr/bin/git config --local --name-only --get-regexp core\.sshCommand
job-data	Post Checkout repository	2025-05-12T13:48:22.2450107Z [command]/usr/bin/git submodule foreach --recursive sh -c "git config --local --name-only --get-regexp 'core\.sshCommand' && git config --local --unset-all 'core.sshCommand' || :"
job-data	Post Checkout repository	2025-05-12T13:48:22.2683965Z [command]/usr/bin/git config --local --name-only --get-regexp http\.https\:\/\/github\.com\/\.extraheader
job-data	Post Checkout repository	2025-05-12T13:48:22.2702726Z http.https://github.com/.extraheader
job-data	Post Checkout repository	2025-05-12T13:48:22.2711573Z [command]/usr/bin/git config --local --unset-all http.https://github.com/.extraheader
job-data	Post Checkout repository	2025-05-12T13:48:22.2732784Z [command]/usr/bin/git submodule foreach --recursive sh -c "git config --local --name-only --get-regexp 'http\.https\:\/\/github\.com\/\.extraheader' && git config --local --unset-all 'http.https://github.com/.extraheader' || :"
job-data	Complete job	Ôªø2025-05-12T13:48:22.3061666Z Cleaning up orphan processes
job-design	Set up job	Ôªø2025-05-12T13:48:30.9598507Z Current runner version: '2.323.0'
job-design	Set up job	2025-05-12T13:48:30.9602225Z Runner name: 'ka0s-7'
job-design	Set up job	2025-05-12T13:48:30.9602768Z Machine name: '26a53205c9ac'
job-design	Set up job	2025-05-12T13:48:30.9604362Z ##[group]GITHUB_TOKEN Permissions
job-design	Set up job	2025-05-12T13:48:30.9605753Z Contents: read
job-design	Set up job	2025-05-12T13:48:30.9606063Z Metadata: read
job-design	Set up job	2025-05-12T13:48:30.9606357Z Packages: read
job-design	Set up job	2025-05-12T13:48:30.9606644Z ##[endgroup]
job-design	Set up job	2025-05-12T13:48:30.9607984Z Secret source: Actions
job-design	Set up job	2025-05-12T13:48:30.9608352Z Prepare workflow directory
job-design	Set up job	2025-05-12T13:48:30.9984461Z Prepare all required actions
job-design	Set up job	2025-05-12T13:48:31.0010758Z Getting action download info
job-design	Set up job	2025-05-12T13:48:31.5817656Z Download action repository 'actions/checkout@v3' (SHA:f43a0e5ff2bd294095638e18286ca9a3d1956744)
job-design	Set up job	2025-05-12T13:48:34.4518103Z Complete job name: job-design
job-design	Checkout repository	Ôªø2025-05-12T13:48:34.4810412Z ##[group]Run actions/checkout@v3
job-design	Checkout repository	2025-05-12T13:48:34.4831575Z with:
job-design	Checkout repository	2025-05-12T13:48:34.4831953Z   fetch-depth: 0
job-design	Checkout repository	2025-05-12T13:48:34.4832524Z   token: ***
job-design	Checkout repository	2025-05-12T13:48:34.4832873Z   repository: Ka0s-Klaus/ka0s
job-design	Checkout repository	2025-05-12T13:48:34.4833356Z   ssh-strict: true
job-design	Checkout repository	2025-05-12T13:48:34.4833715Z   persist-credentials: true
job-design	Checkout repository	2025-05-12T13:48:34.4834183Z   clean: true
job-design	Checkout repository	2025-05-12T13:48:34.4834559Z   sparse-checkout-cone-mode: true
job-design	Checkout repository	2025-05-12T13:48:34.4835007Z   fetch-tags: false
job-design	Checkout repository	2025-05-12T13:48:34.4835376Z   lfs: false
job-design	Checkout repository	2025-05-12T13:48:34.4835704Z   submodules: false
job-design	Checkout repository	2025-05-12T13:48:34.4836081Z   set-safe-directory: true
job-design	Checkout repository	2025-05-12T13:48:34.4836654Z env:
job-design	Checkout repository	2025-05-12T13:48:34.4837010Z   KAOS_CODE: 14973974890
job-design	Checkout repository	2025-05-12T13:48:34.4837425Z   KAOS_EVENT_NAME: workflow_dispatch
job-design	Checkout repository	2025-05-12T13:48:34.4837848Z   KAOS_ACTION: 
job-design	Checkout repository	2025-05-12T13:48:34.4838210Z   KAOS_REF: refs/heads/main
job-design	Checkout repository	2025-05-12T13:48:34.4838665Z   KAOS_MODULE: [Ka0S] Deploy Web Structure
job-design	Checkout repository	2025-05-12T13:48:34.4839151Z   KAOS_JSON_WEB: core/config/webs/webs.json
job-design	Checkout repository	2025-05-12T13:48:34.4839597Z   KAOS_JSON_RESUME: core/outputs/webs/
job-design	Checkout repository	2025-05-12T13:48:34.4840056Z   KAOS_JSON_DATA: core/web/data/data.json
job-design	Checkout repository	2025-05-12T13:48:34.4840554Z   KAOS_WEB_STRUCTURE: core/results/webs/
job-design	Checkout repository	2025-05-12T13:48:34.4840991Z   KAOS_TEST_STRUCTURE: core/results/test/
job-design	Checkout repository	2025-05-12T13:48:34.4841450Z   KAOS_ACTOR: jorgecg646
job-design	Checkout repository	2025-05-12T13:48:34.4841855Z ##[endgroup]
job-design	Checkout repository	2025-05-12T13:48:34.5427251Z Syncing repository: Ka0s-Klaus/ka0s
job-design	Checkout repository	2025-05-12T13:48:34.5428634Z ##[group]Getting Git version info
job-design	Checkout repository	2025-05-12T13:48:34.5429159Z Working directory is '/actions-runner/_work/ka0s/ka0s'
job-design	Checkout repository	2025-05-12T13:48:34.5429960Z [command]/usr/bin/git version
job-design	Checkout repository	2025-05-12T13:48:34.5433956Z git version 2.43.0
job-design	Checkout repository	2025-05-12T13:48:34.5454761Z ##[endgroup]
job-design	Checkout repository	2025-05-12T13:48:34.5463140Z Copying '/home/kaos/.gitconfig' to '/actions-runner/_work/_temp/66808699-353a-4135-80f2-6d054428956d/.gitconfig'
job-design	Checkout repository	2025-05-12T13:48:34.5474722Z Temporarily overriding HOME='/actions-runner/_work/_temp/66808699-353a-4135-80f2-6d054428956d' before making global git config changes
job-design	Checkout repository	2025-05-12T13:48:34.5476336Z Adding repository directory to the temporary git global config as a safe directory
job-design	Checkout repository	2025-05-12T13:48:34.5477701Z [command]/usr/bin/git config --global --add safe.directory /actions-runner/_work/ka0s/ka0s
job-design	Checkout repository	2025-05-12T13:48:34.5506912Z [command]/usr/bin/git config --local --get remote.origin.url
job-design	Checkout repository	2025-05-12T13:48:34.5521248Z https://github.com/Ka0s-Klaus/ka0s
job-design	Checkout repository	2025-05-12T13:48:34.5537906Z ##[group]Removing previously created refs, to avoid conflicts
job-design	Checkout repository	2025-05-12T13:48:34.5539350Z [command]/usr/bin/git rev-parse --symbolic-full-name --verify --quiet HEAD
job-design	Checkout repository	2025-05-12T13:48:34.5557257Z refs/heads/main
job-design	Checkout repository	2025-05-12T13:48:34.5564441Z [command]/usr/bin/git checkout --detach
job-design	Checkout repository	2025-05-12T13:48:34.5658767Z HEAD is now at 3a871adc Merge pull request #1162 from Ka0s-Klaus/H1150-desarrollo-de-secciones
job-design	Checkout repository	2025-05-12T13:48:34.5693401Z [command]/usr/bin/git branch --delete --force main
job-design	Checkout repository	2025-05-12T13:48:34.5721231Z Deleted branch main (was 3a871adc).
job-design	Checkout repository	2025-05-12T13:48:34.5770060Z ##[endgroup]
job-design	Checkout repository	2025-05-12T13:48:34.5770668Z [command]/usr/bin/git submodule status
job-design	Checkout repository	2025-05-12T13:48:34.6007499Z ##[group]Cleaning the repository
job-design	Checkout repository	2025-05-12T13:48:34.6008220Z [command]/usr/bin/git clean -ffdx
job-design	Checkout repository	2025-05-12T13:48:34.6066471Z [command]/usr/bin/git reset --hard HEAD
job-design	Checkout repository	2025-05-12T13:48:34.6198436Z HEAD is now at 3a871adc Merge pull request #1162 from Ka0s-Klaus/H1150-desarrollo-de-secciones
job-design	Checkout repository	2025-05-12T13:48:34.6200746Z ##[endgroup]
job-design	Checkout repository	2025-05-12T13:48:34.6201806Z ##[group]Disabling automatic garbage collection
job-design	Checkout repository	2025-05-12T13:48:34.6203331Z [command]/usr/bin/git config --local gc.auto 0
job-design	Checkout repository	2025-05-12T13:48:34.6231047Z ##[endgroup]
job-design	Checkout repository	2025-05-12T13:48:34.6232223Z ##[group]Setting up auth
job-design	Checkout repository	2025-05-12T13:48:34.6233309Z [command]/usr/bin/git config --local --name-only --get-regexp core\.sshCommand
job-design	Checkout repository	2025-05-12T13:48:34.6254043Z [command]/usr/bin/git submodule foreach --recursive sh -c "git config --local --name-only --get-regexp 'core\.sshCommand' && git config --local --unset-all 'core.sshCommand' || :"
job-design	Checkout repository	2025-05-12T13:48:34.6479882Z [command]/usr/bin/git config --local --name-only --get-regexp http\.https\:\/\/github\.com\/\.extraheader
job-design	Checkout repository	2025-05-12T13:48:34.6496208Z [command]/usr/bin/git submodule foreach --recursive sh -c "git config --local --name-only --get-regexp 'http\.https\:\/\/github\.com\/\.extraheader' && git config --local --unset-all 'http.https://github.com/.extraheader' || :"
job-design	Checkout repository	2025-05-12T13:48:34.6722538Z [command]/usr/bin/git config --local http.https://github.com/.extraheader AUTHORIZATION: basic ***
job-design	Checkout repository	2025-05-12T13:48:34.6763981Z ##[endgroup]
job-design	Checkout repository	2025-05-12T13:48:34.6764961Z ##[group]Fetching the repository
job-design	Checkout repository	2025-05-12T13:48:34.6766959Z [command]/usr/bin/git -c protocol.version=2 fetch --prune --progress --no-recurse-submodules origin +refs/heads/*:refs/remotes/origin/* +refs/tags/*:refs/tags/*
job-design	Checkout repository	2025-05-12T13:48:35.6881102Z remote: Enumerating objects: 21, done.        
job-design	Checkout repository	2025-05-12T13:48:35.6882845Z remote: Counting objects:   4% (1/21)        
job-design	Checkout repository	2025-05-12T13:48:35.6883351Z remote: Counting objects:   9% (2/21)        
job-design	Checkout repository	2025-05-12T13:48:35.6883867Z remote: Counting objects:  14% (3/21)        
job-design	Checkout repository	2025-05-12T13:48:35.6884405Z remote: Counting objects:  19% (4/21)        
job-design	Checkout repository	2025-05-12T13:48:35.6884822Z remote: Counting objects:  23% (5/21)        
job-design	Checkout repository	2025-05-12T13:48:35.6885252Z remote: Counting objects:  28% (6/21)        
job-design	Checkout repository	2025-05-12T13:48:35.6885659Z remote: Counting objects:  33% (7/21)        
job-design	Checkout repository	2025-05-12T13:48:35.6886078Z remote: Counting objects:  38% (8/21)        
job-design	Checkout repository	2025-05-12T13:48:35.6886481Z remote: Counting objects:  42% (9/21)        
job-design	Checkout repository	2025-05-12T13:48:35.6886908Z remote: Counting objects:  47% (10/21)        
job-design	Checkout repository	2025-05-12T13:48:35.6887368Z remote: Counting objects:  52% (11/21)        
job-design	Checkout repository	2025-05-12T13:48:35.6887794Z remote: Counting objects:  57% (12/21)        
job-design	Checkout repository	2025-05-12T13:48:35.6888205Z remote: Counting objects:  61% (13/21)        
job-design	Checkout repository	2025-05-12T13:48:35.6888681Z remote: Counting objects:  66% (14/21)        
job-design	Checkout repository	2025-05-12T13:48:35.6889231Z remote: Counting objects:  71% (15/21)        
job-design	Checkout repository	2025-05-12T13:48:35.6889680Z remote: Counting objects:  76% (16/21)        
job-design	Checkout repository	2025-05-12T13:48:35.6890193Z remote: Counting objects:  80% (17/21)        
job-design	Checkout repository	2025-05-12T13:48:35.6890689Z remote: Counting objects:  85% (18/21)        
job-design	Checkout repository	2025-05-12T13:48:35.6891118Z remote: Counting objects:  90% (19/21)        
job-design	Checkout repository	2025-05-12T13:48:35.6891568Z remote: Counting objects:  95% (20/21)        
job-design	Checkout repository	2025-05-12T13:48:35.6892009Z remote: Counting objects: 100% (21/21)        
job-design	Checkout repository	2025-05-12T13:48:35.6892476Z remote: Counting objects: 100% (21/21), done.        
job-design	Checkout repository	2025-05-12T13:48:35.6892942Z remote: Compressing objects:   6% (1/15)        
job-design	Checkout repository	2025-05-12T13:48:35.6893389Z remote: Compressing objects:  13% (2/15)        
job-design	Checkout repository	2025-05-12T13:48:35.6893959Z remote: Compressing objects:  20% (3/15)        
job-design	Checkout repository	2025-05-12T13:48:35.6894497Z remote: Compressing objects:  26% (4/15)        
job-design	Checkout repository	2025-05-12T13:48:35.6894923Z remote: Compressing objects:  33% (5/15)        
job-design	Checkout repository	2025-05-12T13:48:35.6898823Z remote: Compressing objects:  40% (6/15)        
job-design	Checkout repository	2025-05-12T13:48:35.6899245Z remote: Compressing objects:  46% (7/15)        
job-design	Checkout repository	2025-05-12T13:48:35.6899567Z remote: Compressing objects:  53% (8/15)        
job-design	Checkout repository	2025-05-12T13:48:35.6899828Z remote: Compressing objects:  60% (9/15)        
job-design	Checkout repository	2025-05-12T13:48:35.6900080Z remote: Compressing objects:  66% (10/15)        
job-design	Checkout repository	2025-05-12T13:48:35.6900592Z remote: Compressing objects:  73% (11/15)        
job-design	Checkout repository	2025-05-12T13:48:35.6900845Z remote: Compressing objects:  80% (12/15)        
job-design	Checkout repository	2025-05-12T13:48:35.6901100Z remote: Compressing objects:  86% (13/15)        
job-design	Checkout repository	2025-05-12T13:48:35.6901341Z remote: Compressing objects:  93% (14/15)        
job-design	Checkout repository	2025-05-12T13:48:35.6901582Z remote: Compressing objects: 100% (15/15)        
job-design	Checkout repository	2025-05-12T13:48:35.6901846Z remote: Compressing objects: 100% (15/15), done.        
job-design	Checkout repository	2025-05-12T13:48:35.8431896Z remote: Total 21 (delta 10), reused 17 (delta 6), pack-reused 0 (from 0)        
job-design	Checkout repository	2025-05-12T13:48:35.8588636Z From https://github.com/Ka0s-Klaus/ka0s
job-design	Checkout repository	2025-05-12T13:48:35.8589151Z    3a871adc..375a8d8d  main       -> origin/main
job-design	Checkout repository	2025-05-12T13:48:35.8628718Z [command]/usr/bin/git branch --list --remote origin/main
job-design	Checkout repository	2025-05-12T13:48:35.8654914Z   origin/main
job-design	Checkout repository	2025-05-12T13:48:35.8662124Z [command]/usr/bin/git rev-parse refs/remotes/origin/main
job-design	Checkout repository	2025-05-12T13:48:35.8680673Z 375a8d8d38680a9b44fd4a7510fe2ccde931a07a
job-design	Checkout repository	2025-05-12T13:48:35.8689912Z [command]/usr/bin/git -c protocol.version=2 fetch --no-tags --prune --progress --no-recurse-submodules origin +b90c4d8d5a85c6f872638cf36bbbac6e871dd28b:refs/remotes/origin/main
job-design	Checkout repository	2025-05-12T13:48:35.8826976Z From https://github.com/Ka0s-Klaus/ka0s
job-design	Checkout repository	2025-05-12T13:48:35.8828091Z  + 375a8d8d...b90c4d8d b90c4d8d5a85c6f872638cf36bbbac6e871dd28b -> origin/main  (forced update)
job-design	Checkout repository	2025-05-12T13:48:35.8847591Z ##[endgroup]
job-design	Checkout repository	2025-05-12T13:48:35.8847993Z ##[group]Determining the checkout info
job-design	Checkout repository	2025-05-12T13:48:35.8848910Z ##[endgroup]
job-design	Checkout repository	2025-05-12T13:48:35.8849283Z ##[group]Checking out the ref
job-design	Checkout repository	2025-05-12T13:48:35.8852013Z [command]/usr/bin/git checkout --progress --force -B main refs/remotes/origin/main
job-design	Checkout repository	2025-05-12T13:48:35.9039128Z Previous HEAD position was 3a871adc Merge pull request #1162 from Ka0s-Klaus/H1150-desarrollo-de-secciones
job-design	Checkout repository	2025-05-12T13:48:35.9040349Z Switched to a new branch 'main'
job-design	Checkout repository	2025-05-12T13:48:35.9040680Z branch 'main' set up to track 'origin/main'.
job-design	Checkout repository	2025-05-12T13:48:35.9048321Z ##[endgroup]
job-design	Checkout repository	2025-05-12T13:48:35.9077866Z [command]/usr/bin/git log -1 --format='%H'
job-design	Checkout repository	2025-05-12T13:48:35.9103659Z 'b90c4d8d5a85c6f872638cf36bbbac6e871dd28b'
job-design	Preparar directorios y copiar archivos est√°ticos	Ôªø2025-05-12T13:48:35.9260157Z ##[group]Run # Configuraci√≥n inicial
job-design	Preparar directorios y copiar archivos est√°ticos	2025-05-12T13:48:35.9260524Z [36;1m# Configuraci√≥n inicial[0m
job-design	Preparar directorios y copiar archivos est√°ticos	2025-05-12T13:48:35.9260775Z [36;1mSTRUCTURE_FILE="core/config/webs/webs.json"[0m
job-design	Preparar directorios y copiar archivos est√°ticos	2025-05-12T13:48:35.9261059Z [36;1mTITLE=$(cat $STRUCTURE_FILE | jq -r '.title')[0m
job-design	Preparar directorios y copiar archivos est√°ticos	2025-05-12T13:48:35.9261289Z [36;1m[0m
job-design	Preparar directorios y copiar archivos est√°ticos	2025-05-12T13:48:35.9261473Z [36;1m# Crear directorios necesarios[0m
job-design	Preparar directorios y copiar archivos est√°ticos	2025-05-12T13:48:35.9261710Z [36;1mmkdir -p "core/results/webs/$TITLE/js"[0m
job-design	Preparar directorios y copiar archivos est√°ticos	2025-05-12T13:48:35.9261973Z [36;1mmkdir -p "core/results/webs/${TITLE}/templates"[0m
job-design	Preparar directorios y copiar archivos est√°ticos	2025-05-12T13:48:35.9262254Z [36;1mmkdir -p "core/results/webs/${TITLE}/temp_sections"[0m
job-design	Preparar directorios y copiar archivos est√°ticos	2025-05-12T13:48:35.9262504Z [36;1m[0m
job-design	Preparar directorios y copiar archivos est√°ticos	2025-05-12T13:48:35.9262692Z [36;1m# Copiar archivos de plantillas[0m
job-design	Preparar directorios y copiar archivos est√°ticos	2025-05-12T13:48:35.9263016Z [36;1mfind core/web/templates -type f -name "*.html" | while read -r template_file; do[0m
job-design	Preparar directorios y copiar archivos est√°ticos	2025-05-12T13:48:35.9263584Z [36;1m  # Obtener el nombre del archivo[0m
job-design	Preparar directorios y copiar archivos est√°ticos	2025-05-12T13:48:35.9263833Z [36;1m  TEMPLATE_FILENAME=$(basename "$template_file")[0m
job-design	Preparar directorios y copiar archivos est√°ticos	2025-05-12T13:48:35.9264487Z [36;1m  echo "Copiando plantilla: $template_file a templates directory"[0m
job-design	Preparar directorios y copiar archivos est√°ticos	2025-05-12T13:48:35.9265000Z [36;1m  cp "$template_file" "core/results/webs/${TITLE}/templates/$TEMPLATE_FILENAME"[0m
job-design	Preparar directorios y copiar archivos est√°ticos	2025-05-12T13:48:35.9265388Z [36;1mdone[0m
job-design	Preparar directorios y copiar archivos est√°ticos	2025-05-12T13:48:35.9265672Z [36;1mecho "Todas las plantillas HTML copiadas exitosamente!"[0m
job-design	Preparar directorios y copiar archivos est√°ticos	2025-05-12T13:48:35.9265986Z [36;1m[0m
job-design	Preparar directorios y copiar archivos est√°ticos	2025-05-12T13:48:35.9266301Z [36;1m# Verificar si el archivo dashboard.html existe y no est√° rastreado[0m
job-design	Preparar directorios y copiar archivos est√°ticos	2025-05-12T13:48:35.9266809Z [36;1mif [ -f "core/results/webs/${TITLE}/dashboard.html" ] && ! git ls-files --error-unmatch "core/results/webs/${TITLE}/dashboard.html" > /dev/null 2>&1; then[0m
job-design	Preparar directorios y copiar archivos est√°ticos	2025-05-12T13:48:35.9267372Z [36;1m  echo "El archivo dashboard.html existe pero no est√° rastreado. A√±adi√©ndolo al staging..."[0m
job-design	Preparar directorios y copiar archivos est√°ticos	2025-05-12T13:48:35.9267892Z [36;1m  git add "core/results/webs/${TITLE}/dashboard.html"[0m
job-design	Preparar directorios y copiar archivos est√°ticos	2025-05-12T13:48:35.9268234Z [36;1m  git commit -m "[Ka0S] A√±adiendo dashboard.html antes del pull"[0m
job-design	Preparar directorios y copiar archivos est√°ticos	2025-05-12T13:48:35.9268498Z [36;1mfi[0m
job-design	Preparar directorios y copiar archivos est√°ticos	2025-05-12T13:48:35.9268664Z [36;1m[0m
job-design	Preparar directorios y copiar archivos est√°ticos	2025-05-12T13:48:35.9268887Z [36;1m# Hacer pull con estrategia de recursi√≥n para manejar conflictos[0m
job-design	Preparar directorios y copiar archivos est√°ticos	2025-05-12T13:48:35.9269180Z [36;1mgit pull --strategy-option=theirs[0m
job-design	Preparar directorios y copiar archivos est√°ticos	2025-05-12T13:48:35.9276929Z shell: /usr/bin/bash -e {0}
job-design	Preparar directorios y copiar archivos est√°ticos	2025-05-12T13:48:35.9277155Z env:
job-design	Preparar directorios y copiar archivos est√°ticos	2025-05-12T13:48:35.9277342Z   KAOS_CODE: 14973974890
job-design	Preparar directorios y copiar archivos est√°ticos	2025-05-12T13:48:35.9277545Z   KAOS_EVENT_NAME: workflow_dispatch
job-design	Preparar directorios y copiar archivos est√°ticos	2025-05-12T13:48:35.9277751Z   KAOS_ACTION: 
job-design	Preparar directorios y copiar archivos est√°ticos	2025-05-12T13:48:35.9277923Z   KAOS_REF: refs/heads/main
job-design	Preparar directorios y copiar archivos est√°ticos	2025-05-12T13:48:35.9278131Z   KAOS_MODULE: [Ka0S] Deploy Web Structure
job-design	Preparar directorios y copiar archivos est√°ticos	2025-05-12T13:48:35.9278368Z   KAOS_JSON_WEB: core/config/webs/webs.json
job-design	Preparar directorios y copiar archivos est√°ticos	2025-05-12T13:48:35.9278589Z   KAOS_JSON_RESUME: core/outputs/webs/
job-design	Preparar directorios y copiar archivos est√°ticos	2025-05-12T13:48:35.9278823Z   KAOS_JSON_DATA: core/web/data/data.json
job-design	Preparar directorios y copiar archivos est√°ticos	2025-05-12T13:48:35.9279046Z   KAOS_WEB_STRUCTURE: core/results/webs/
job-design	Preparar directorios y copiar archivos est√°ticos	2025-05-12T13:48:35.9279266Z   KAOS_TEST_STRUCTURE: core/results/test/
job-design	Preparar directorios y copiar archivos est√°ticos	2025-05-12T13:48:35.9279480Z   KAOS_ACTOR: jorgecg646
job-design	Preparar directorios y copiar archivos est√°ticos	2025-05-12T13:48:35.9279663Z ##[endgroup]
job-design	Preparar directorios y copiar archivos est√°ticos	2025-05-12T13:48:35.9403580Z Copiando plantilla: core/web/templates/navbar.html a templates directory
job-design	Preparar directorios y copiar archivos est√°ticos	2025-05-12T13:48:35.9427284Z Copiando plantilla: core/web/templates/graphic.html a templates directory
job-design	Preparar directorios y copiar archivos est√°ticos	2025-05-12T13:48:35.9450923Z Copiando plantilla: core/web/templates/section-template.html a templates directory
job-design	Preparar directorios y copiar archivos est√°ticos	2025-05-12T13:48:35.9468287Z Todas las plantillas HTML copiadas exitosamente!
job-design	Preparar directorios y copiar archivos est√°ticos	2025-05-12T13:48:36.6800015Z From https://github.com/Ka0s-Klaus/ka0s
job-design	Preparar directorios y copiar archivos est√°ticos	2025-05-12T13:48:36.6801499Z    b90c4d8d..375a8d8d  main       -> origin/main
job-design	Preparar directorios y copiar archivos est√°ticos	2025-05-12T13:48:36.6964681Z Updating b90c4d8d..375a8d8d
job-design	Preparar directorios y copiar archivos est√°ticos	2025-05-12T13:48:36.6965185Z Fast-forward
job-design	Preparar directorios y copiar archivos est√°ticos	2025-05-12T13:48:36.6989721Z  core/outputs/webs/dashboard/data-files-summary.json | 2 +-
job-design	Preparar directorios y copiar archivos est√°ticos	2025-05-12T13:48:36.6990144Z  1 file changed, 1 insertion(+), 1 deletion(-)
job-design	Generar HTML de secciones	Ôªø2025-05-12T13:48:36.7032766Z ##[group]Run STRUCTURE_FILE="core/config/webs/webs.json"
job-design	Generar HTML de secciones	2025-05-12T13:48:36.7033278Z [36;1mSTRUCTURE_FILE="core/config/webs/webs.json"[0m
job-design	Generar HTML de secciones	2025-05-12T13:48:36.7033641Z [36;1mTITLE=$(jq -r '.title' $STRUCTURE_FILE)[0m
job-design	Generar HTML de secciones	2025-05-12T13:48:36.7034358Z [36;1mecho "Generando HTML de secciones seg√∫n su JSON para el t√≠tulo: ${TITLE}"[0m
job-design	Generar HTML de secciones	2025-05-12T13:48:36.7034824Z [36;1m[0m
job-design	Generar HTML de secciones	2025-05-12T13:48:36.7035136Z [36;1m# Procesar cada secci√≥n en el archivo webs.json[0m
job-design	Generar HTML de secciones	2025-05-12T13:48:36.7036946Z [36;1mjq -r 'to_entries | .[] | select(.key | startswith("section")) | [.key, .value.title, .value.data] | @tsv' $STRUCTURE_FILE | while IFS=$'\t' read -r section_key section_title section_data; do[0m
job-design	Generar HTML de secciones	2025-05-12T13:48:36.7037621Z [36;1m  echo "Procesando secci√≥n: $section_key - $section_title - $section_data"[0m
job-design	Generar HTML de secciones	2025-05-12T13:48:36.7037921Z [36;1m  [0m
job-design	Generar HTML de secciones	2025-05-12T13:48:36.7038139Z [36;1m  if [ ! -z "$section_data" ] && [ -f "$section_data" ]; then[0m
job-design	Generar HTML de secciones	2025-05-12T13:48:36.7038492Z [36;1m    SECTION_HTML="core/results/webs/${TITLE}/structure/${section_title}/${section_title}.html"[0m
job-design	Generar HTML de secciones	2025-05-12T13:48:36.7038784Z [36;1m    [0m
job-design	Generar HTML de secciones	2025-05-12T13:48:36.7038997Z [36;1m    # Extraer t√≠tulo de la secci√≥n desde el archivo JSON de datos[0m
job-design	Generar HTML de secciones	2025-05-12T13:48:36.7039245Z [36;1m    SECTION_TITLE=$(jq -r '.title' "$section_data")[0m
job-design	Generar HTML de secciones	2025-05-12T13:48:36.7039427Z [36;1m    [0m
job-design	Generar HTML de secciones	2025-05-12T13:48:36.7039569Z [36;1m    # Leer la plantilla HTML[0m
job-design	Generar HTML de secciones	2025-05-12T13:48:36.7039788Z [36;1m    TEMPLATE_HTML="core/web/templates/section-template.html"[0m
job-design	Generar HTML de secciones	2025-05-12T13:48:36.7040007Z [36;1m    if [ -f "$TEMPLATE_HTML" ]; then[0m
job-design	Generar HTML de secciones	2025-05-12T13:48:36.7040198Z [36;1m      # Copiar la plantilla al destino[0m
job-design	Generar HTML de secciones	2025-05-12T13:48:36.7040396Z [36;1m      mkdir -p "$(dirname "$SECTION_HTML")"[0m
job-design	Generar HTML de secciones	2025-05-12T13:48:36.7040598Z [36;1m      cp "$TEMPLATE_HTML" "$SECTION_HTML"[0m
job-design	Generar HTML de secciones	2025-05-12T13:48:36.7040764Z [36;1m      [0m
job-design	Generar HTML de secciones	2025-05-12T13:48:36.7041152Z [36;1m      # Reemplazar los placeholders con los valores reales[0m
job-design	Generar HTML de secciones	2025-05-12T13:48:36.7041422Z [36;1m      sed -i "s/SECTION_TITLE_PLACEHOLDER/$SECTION_TITLE/g" "$SECTION_HTML"[0m
job-design	Generar HTML de secciones	2025-05-12T13:48:36.7041648Z [36;1m      [0m
job-design	Generar HTML de secciones	2025-05-12T13:48:36.7041845Z [36;1m      # Comprobar si hay un placeholder para lista de secci√≥n y procesarlo[0m
job-design	Generar HTML de secciones	2025-05-12T13:48:36.7042115Z [36;1m      if grep -q "SECTION_LIST_PLACEHOLDER" "$SECTION_HTML"; then[0m
job-design	Generar HTML de secciones	2025-05-12T13:48:36.7042386Z [36;1m        echo "Encontrado placeholder para lista de secci√≥n, procesando..."[0m
job-design	Generar HTML de secciones	2025-05-12T13:48:36.7042674Z [36;1m        # Verificar si el JSON de la secci√≥n tiene una lista en sus templates[0m
job-design	Generar HTML de secciones	2025-05-12T13:48:36.7042980Z [36;1m        if jq -e '.templates[] | select(.type == "list")' "$section_data" > /dev/null; then[0m
job-design	Generar HTML de secciones	2025-05-12T13:48:36.7043242Z [36;1m          # Obtener el primer template de tipo list[0m
job-design	Generar HTML de secciones	2025-05-12T13:48:36.7043523Z [36;1m          LIST_TEMPLATE_JSON=$(jq -c '.templates[] | select(.type == "list")' "$section_data" | head -1)[0m
job-design	Generar HTML de secciones	2025-05-12T13:48:36.7043826Z [36;1m          LIST_TITLE=$(echo "$LIST_TEMPLATE_JSON" | jq -r '.title')[0m
job-design	Generar HTML de secciones	2025-05-12T13:48:36.7044311Z [36;1m          LIST_DATA_SOURCE=$(echo "$LIST_TEMPLATE_JSON" | jq -r '.dataSource')[0m
job-design	Generar HTML de secciones	2025-05-12T13:48:36.7044596Z [36;1m          [0m
job-design	Generar HTML de secciones	2025-05-12T13:48:36.7044839Z [36;1m          # Leer la plantilla de lista[0m
job-design	Generar HTML de secciones	2025-05-12T13:48:36.7045064Z [36;1m         [0m
job-design	Generar HTML de secciones	2025-05-12T13:48:36.7045243Z [36;1m          [0m
job-design	Generar HTML de secciones	2025-05-12T13:48:36.7045505Z [36;1m          # Crear un archivo temporal con la plantilla de lista modificada[0m
job-design	Generar HTML de secciones	2025-05-12T13:48:36.7045804Z [36;1m          TEMP_LIST=$(mktemp)[0m
job-design	Generar HTML de secciones	2025-05-12T13:48:36.7045989Z [36;1m          [0m
job-design	Generar HTML de secciones	2025-05-12T13:48:36.7046150Z [36;1m            sed "s|{{TEMPLATE_TITLE}}|$LIST_TITLE|g" | [0m
job-design	Generar HTML de secciones	2025-05-12T13:48:36.7046380Z [36;1m            sed "s|{{DATA_SOURCE}}|$LIST_DATA_SOURCE|g" > "$TEMP_LIST"[0m
job-design	Generar HTML de secciones	2025-05-12T13:48:36.7046570Z [36;1m          [0m
job-design	Generar HTML de secciones	2025-05-12T13:48:36.7046745Z [36;1m          # Crear un archivo temporal para el resultado final[0m
job-design	Generar HTML de secciones	2025-05-12T13:48:36.7046950Z [36;1m          TEMP_RESULT=$(mktemp)[0m
job-design	Generar HTML de secciones	2025-05-12T13:48:36.7047222Z [36;1m          [0m
job-design	Generar HTML de secciones	2025-05-12T13:48:36.7047440Z [36;1m          # Usar awk para reemplazar el placeholder con el contenido del archivo temporal[0m
job-design	Generar HTML de secciones	2025-05-12T13:48:36.7047776Z [36;1m          awk -v placeholder="SECTION_LIST_PLACEHOLDER" -v replacement="$(cat $TEMP_LIST)" '{[0m
job-design	Generar HTML de secciones	2025-05-12T13:48:36.7048047Z [36;1m            gsub(placeholder, replacement)[0m
job-design	Generar HTML de secciones	2025-05-12T13:48:36.7048224Z [36;1m            print[0m
job-design	Generar HTML de secciones	2025-05-12T13:48:36.7048392Z [36;1m          }' "$SECTION_HTML" > "$TEMP_RESULT"[0m
job-design	Generar HTML de secciones	2025-05-12T13:48:36.7048567Z [36;1m          [0m
job-design	Generar HTML de secciones	2025-05-12T13:48:36.7048714Z [36;1m          # Mover el resultado al archivo final[0m
job-design	Generar HTML de secciones	2025-05-12T13:48:36.7048911Z [36;1m          mv "$TEMP_RESULT" "$SECTION_HTML"[0m
job-design	Generar HTML de secciones	2025-05-12T13:48:36.7049079Z [36;1m          [0m
job-design	Generar HTML de secciones	2025-05-12T13:48:36.7049226Z [36;1m          # Limpiar archivos temporales[0m
job-design	Generar HTML de secciones	2025-05-12T13:48:36.7049401Z [36;1m          rm -f "$TEMP_LIST"[0m
job-design	Generar HTML de secciones	2025-05-12T13:48:36.7049559Z [36;1m          [0m
job-design	Generar HTML de secciones	2025-05-12T13:48:36.7049726Z [36;1m          echo "A√±adido componente de lista a la secci√≥n"[0m
job-design	Generar HTML de secciones	2025-05-12T13:48:36.7049912Z [36;1m        else[0m
job-design	Generar HTML de secciones	2025-05-12T13:48:36.7050114Z [36;1m          echo "La secci√≥n no tiene una lista definida, eliminando placeholder"[0m
job-design	Generar HTML de secciones	2025-05-12T13:48:36.7050378Z [36;1m          sed -i "s|SECTION_LIST_PLACEHOLDER||g" "$SECTION_HTML"[0m
job-design	Generar HTML de secciones	2025-05-12T13:48:36.7050572Z [36;1m        fi[0m
job-design	Generar HTML de secciones	2025-05-12T13:48:36.7050694Z [36;1m      fi[0m
job-design	Generar HTML de secciones	2025-05-12T13:48:36.7050819Z [36;1m      [0m
job-design	Generar HTML de secciones	2025-05-12T13:48:36.7051004Z [36;1m      # Procesar templates y reemplazar el placeholder de templates[0m
job-design	Generar HTML de secciones	2025-05-12T13:48:36.7051217Z [36;1m      TEMPLATES_HTML=""[0m
job-design	Generar HTML de secciones	2025-05-12T13:48:36.7051433Z [36;1m      jq -c '.templates[]' "$section_data" | while read -r template; do[0m
job-design	Generar HTML de secciones	2025-05-12T13:48:36.7051665Z [36;1m        TYPE=$(echo $template | jq -r '.type')[0m
job-design	Generar HTML de secciones	2025-05-12T13:48:36.7051926Z [36;1m        TITLE=$(echo $template | jq -r '.title')[0m
job-design	Generar HTML de secciones	2025-05-12T13:48:36.7052159Z [36;1m        DATA_SOURCE=$(echo $template | jq -r '.dataSource')[0m
job-design	Generar HTML de secciones	2025-05-12T13:48:36.7052354Z [36;1m        [0m
job-design	Generar HTML de secciones	2025-05-12T13:48:36.7052500Z [36;1m        if [ "$TYPE" = "graphic" ]; then[0m
job-design	Generar HTML de secciones	2025-05-12T13:48:36.7052683Z [36;1m          # Leer la plantilla de gr√°fico[0m
job-design	Generar HTML de secciones	2025-05-12T13:48:36.7052854Z [36;1m         [0m
job-design	Generar HTML de secciones	2025-05-12T13:48:36.7053017Z [36;1m          # Reemplazar placeholders en la plantilla[0m
job-design	Generar HTML de secciones	2025-05-12T13:48:36.7053295Z [36;1m          GRAPHIC_TEMPLATE=$(echo "$GRAPHIC_TEMPLATE" | sed "s/GRAPHIC_TITLE_PLACEHOLDER/$TITLE/g")[0m
job-design	Generar HTML de secciones	2025-05-12T13:48:36.7053796Z [36;1m          GRAPHIC_TEMPLATE=$(echo "$GRAPHIC_TEMPLATE" | sed "s|DATA_SOURCE_PLACEHOLDER|$DATA_SOURCE|g")[0m
job-design	Generar HTML de secciones	2025-05-12T13:48:36.7054095Z [36;1m          TEMPLATES_HTML+="$GRAPHIC_TEMPLATE"[0m
job-design	Generar HTML de secciones	2025-05-12T13:48:36.7054329Z [36;1m          # A√±adir referencia a Chart.js antes del script graphic.js[0m
job-design	Generar HTML de secciones	2025-05-12T13:48:36.7054757Z [36;1m          TEMPLATES_HTML+="<script src=\"https://cdn.jsdelivr.net/npm/chart.js\"></script>"[0m
job-design	Generar HTML de secciones	2025-05-12T13:48:36.7055147Z [36;1m          # Modificar la forma de incluir el script para que pueda recibir el data-source[0m
job-design	Generar HTML de secciones	2025-05-12T13:48:36.7055549Z [36;1m        elif [ "$TYPE" = "list" ]; then[0m
job-design	Generar HTML de secciones	2025-05-12T13:48:36.7055777Z [36;1m          # Leer la plantilla de lista[0m
job-design	Generar HTML de secciones	2025-05-12T13:48:36.7055982Z [36;1m          [0m
job-design	Generar HTML de secciones	2025-05-12T13:48:36.7056182Z [36;1m          # Reemplazar placeholders en la plantilla[0m
job-design	Generar HTML de secciones	2025-05-12T13:48:36.7056485Z [36;1m          LIST_TEMPLATE=$(echo "$LIST_TEMPLATE" | sed "s/LIST_TITLE_PLACEHOLDER/$TITLE/g")[0m
job-design	Generar HTML de secciones	2025-05-12T13:48:36.7056801Z [36;1m          LIST_TEMPLATE=$(echo "$LIST_TEMPLATE" | sed "s|DATA_SOURCE_PLACEHOLDER|$DATA_SOURCE|g")[0m
job-design	Generar HTML de secciones	2025-05-12T13:48:36.7057053Z [36;1m          TEMPLATES_HTML+="$LIST_TEMPLATE"[0m
job-design	Generar HTML de secciones	2025-05-12T13:48:36.7057223Z [36;1m          [0m
job-design	Generar HTML de secciones	2025-05-12T13:48:36.7057349Z [36;1m        fi[0m
job-design	Generar HTML de secciones	2025-05-12T13:48:36.7057478Z [36;1m      done[0m
job-design	Generar HTML de secciones	2025-05-12T13:48:36.7057596Z [36;1m      [0m
job-design	Generar HTML de secciones	2025-05-12T13:48:36.7057856Z [36;1m      # Reemplazar el placeholder de templates con el HTML generado[0m
job-design	Generar HTML de secciones	2025-05-12T13:48:36.7058198Z [36;1m      awk -v r="$TEMPLATES_HTML" '{gsub("<!-- TEMPLATES_PLACEHOLDER -->", r)} 1' "$SECTION_HTML" > temp && mv temp "$SECTION_HTML"[0m
job-design	Generar HTML de secciones	2025-05-12T13:48:36.7058478Z [36;1m      [0m
job-design	Generar HTML de secciones	2025-05-12T13:48:36.7058667Z [36;1m      # Asegurarse de que la referencia a orchestrator.js sea correcta[0m
job-design	Generar HTML de secciones	2025-05-12T13:48:36.7058966Z [36;1m      sed -i 's|src="../js/orchestrator.js"|src="../../js/orchestrator.js"|g' "$SECTION_HTML"[0m
job-design	Generar HTML de secciones	2025-05-12T13:48:36.7059200Z [36;1m      [0m
job-design	Generar HTML de secciones	2025-05-12T13:48:36.7059340Z [36;1m      echo "Generado $SECTION_HTML"[0m
job-design	Generar HTML de secciones	2025-05-12T13:48:36.7059593Z [36;1m      # Almacenar cada secci√≥n en un directorio temporal para concatenarlas despu√©s[0m
job-design	Generar HTML de secciones	2025-05-12T13:48:36.7059874Z [36;1m      mkdir -p "core/results/webs/${TITLE}/temp_sections"[0m
job-design	Generar HTML de secciones	2025-05-12T13:48:36.7060156Z [36;1m      cp "$SECTION_HTML" "core/results/webs/${TITLE}/temp_sections/${section_title}.html"[0m
job-design	Generar HTML de secciones	2025-05-12T13:48:36.7060396Z [36;1m    else[0m
job-design	Generar HTML de secciones	2025-05-12T13:48:36.7060579Z [36;1m      echo "Error: No se encontro la plantilla HTML en $TEMPLATE_HTML"[0m
job-design	Generar HTML de secciones	2025-05-12T13:48:36.7060787Z [36;1m    fi[0m
job-design	Generar HTML de secciones	2025-05-12T13:48:36.7060908Z [36;1m  else[0m
job-design	Generar HTML de secciones	2025-05-12T13:48:36.7061102Z [36;1m    echo "No se encontr√≥ el archivo de datos para la secci√≥n: $section_data"[0m
job-design	Generar HTML de secciones	2025-05-12T13:48:36.7061324Z [36;1m  fi[0m
job-design	Generar HTML de secciones	2025-05-12T13:48:36.7061445Z [36;1mdone[0m
job-design	Generar HTML de secciones	2025-05-12T13:48:36.7066402Z shell: /usr/bin/bash -e {0}
job-design	Generar HTML de secciones	2025-05-12T13:48:36.7066561Z env:
job-design	Generar HTML de secciones	2025-05-12T13:48:36.7066687Z   KAOS_CODE: 14973974890
job-design	Generar HTML de secciones	2025-05-12T13:48:36.7066857Z   KAOS_EVENT_NAME: workflow_dispatch
job-design	Generar HTML de secciones	2025-05-12T13:48:36.7067030Z   KAOS_ACTION: 
job-design	Generar HTML de secciones	2025-05-12T13:48:36.7067172Z   KAOS_REF: refs/heads/main
job-design	Generar HTML de secciones	2025-05-12T13:48:36.7067346Z   KAOS_MODULE: [Ka0S] Deploy Web Structure
job-design	Generar HTML de secciones	2025-05-12T13:48:36.7067534Z   KAOS_JSON_WEB: core/config/webs/webs.json
job-design	Generar HTML de secciones	2025-05-12T13:48:36.7067788Z   KAOS_JSON_RESUME: core/outputs/webs/
job-design	Generar HTML de secciones	2025-05-12T13:48:36.7067958Z   KAOS_JSON_DATA: core/web/data/data.json
job-design	Generar HTML de secciones	2025-05-12T13:48:36.7068150Z   KAOS_WEB_STRUCTURE: core/results/webs/
job-design	Generar HTML de secciones	2025-05-12T13:48:36.7068330Z   KAOS_TEST_STRUCTURE: core/results/test/
job-design	Generar HTML de secciones	2025-05-12T13:48:36.7068493Z   KAOS_ACTOR: jorgecg646
job-design	Generar HTML de secciones	2025-05-12T13:48:36.7068637Z ##[endgroup]
job-design	Generar HTML de secciones	2025-05-12T13:48:36.7113269Z Generando HTML de secciones seg√∫n su JSON para el t√≠tulo: dashboard
job-design	Generar HTML de secciones	2025-05-12T13:48:36.7135551Z jq: error (at core/config/webs/webs.json:39): Cannot index array with string "title"
job-design	Crear dashboard.html	Ôªø2025-05-12T13:48:36.7167908Z ##[group]Run STRUCTURE_FILE="core/config/webs/webs.json"
job-design	Crear dashboard.html	2025-05-12T13:48:36.7168205Z [36;1mSTRUCTURE_FILE="core/config/webs/webs.json"[0m
job-design	Crear dashboard.html	2025-05-12T13:48:36.7168425Z [36;1mTITLE=$(jq -r '.title' $STRUCTURE_FILE)[0m
job-design	Crear dashboard.html	2025-05-12T13:48:36.7168610Z [36;1m[0m
job-design	Crear dashboard.html	2025-05-12T13:48:36.7168811Z [36;1m# Crear el dashboard.html con todas las secciones concatenadas y la navbar[0m
job-design	Crear dashboard.html	2025-05-12T13:48:36.7169071Z [36;1mecho "<!DOCTYPE html>[0m
job-design	Crear dashboard.html	2025-05-12T13:48:36.7169239Z [36;1m<html lang=\"es\">[0m
job-design	Crear dashboard.html	2025-05-12T13:48:36.7169391Z [36;1m<head>[0m
job-design	Crear dashboard.html	2025-05-12T13:48:36.7169530Z [36;1m    <meta charset=\"UTF-8\">[0m
job-design	Crear dashboard.html	2025-05-12T13:48:36.7169773Z [36;1m    <meta name=\"viewport\" content=\"width=device-width, initial-scale=1.0\">[0m
job-design	Crear dashboard.html	2025-05-12T13:48:36.7170043Z [36;1m    <title>Ka0s Dashboard - ${TITLE}</title>[0m
job-design	Crear dashboard.html	2025-05-12T13:48:36.7170389Z [36;1m    <link rel=\"stylesheet\" href=\"https://cdnjs.cloudflare.com/ajax/libs/font-awesome/6.4.0/css/all.min.css\">[0m
job-design	Crear dashboard.html	2025-05-12T13:48:36.7170681Z [36;1m</head>[0m
job-design	Crear dashboard.html	2025-05-12T13:48:36.7170853Z [36;1m<body class=\"bg-gray-50\">[0m
job-design	Crear dashboard.html	2025-05-12T13:48:36.7171038Z [36;1m    <!-- Incluir la navbar -->[0m
job-design	Crear dashboard.html	2025-05-12T13:48:36.7171226Z [36;1m    <div id=\"navbar-container\"></div>[0m
job-design	Crear dashboard.html	2025-05-12T13:48:36.7171405Z [36;1m    [0m
job-design	Crear dashboard.html	2025-05-12T13:48:36.7171605Z [36;1m    <div id=\"main-content\" class=\"ml-[250px] transition-all duration-300\">[0m
job-design	Crear dashboard.html	2025-05-12T13:48:36.7171872Z [36;1m        <div class=\"container mx-auto px-4 py-8\">[0m
job-design	Crear dashboard.html	2025-05-12T13:48:36.7172110Z [36;1m            <header class=\"py-3 mb-4 border-b border-gray-200\">[0m
job-design	Crear dashboard.html	2025-05-12T13:48:36.7172336Z [36;1m                <div class=\"flex items-center\">[0m
job-design	Crear dashboard.html	2025-05-12T13:48:36.7172568Z [36;1m                    <h1 class=\"text-2xl font-bold text-gray-800\">${TITLE}</h1>[0m
job-design	Crear dashboard.html	2025-05-12T13:48:36.7172785Z [36;1m                </div>[0m
job-design	Crear dashboard.html	2025-05-12T13:48:36.7172943Z [36;1m            </header>[0m
job-design	Crear dashboard.html	2025-05-12T13:48:36.7173177Z [36;1m            <div class=\"dashboard-content\">" > "core/results/webs/${TITLE}/dashboard.html"[0m
job-design	Crear dashboard.html	2025-05-12T13:48:36.7173605Z [36;1m[0m
job-design	Crear dashboard.html	2025-05-12T13:48:36.7173746Z [36;1m# Concatenar todas las secciones[0m
job-design	Crear dashboard.html	2025-05-12T13:48:36.7173963Z [36;1mif [ -d "core/results/webs/${TITLE}/temp_sections" ]; then[0m
job-design	Crear dashboard.html	2025-05-12T13:48:36.7174443Z [36;1m  for section_file in "core/results/webs/${TITLE}/temp_sections"/*.html; do[0m
job-design	Crear dashboard.html	2025-05-12T13:48:36.7174734Z [36;1m    if [ -f "$section_file" ]; then[0m
job-design	Crear dashboard.html	2025-05-12T13:48:36.7174986Z [36;1m      SECTION_NAME=$(basename "$section_file" .html)[0m
job-design	Crear dashboard.html	2025-05-12T13:48:36.7175366Z [36;1m      echo "<div class=\"section-content\" id=\"${SECTION_NAME}\">" >> "core/results/webs/${TITLE}/dashboard.html"[0m
job-design	Crear dashboard.html	2025-05-12T13:48:36.7175731Z [36;1m      [0m
job-design	Crear dashboard.html	2025-05-12T13:48:36.7175964Z [36;1m      # Extraer solo el contenido del body de cada secci√≥n[0m
job-design	Crear dashboard.html	2025-05-12T13:48:36.7176217Z [36;1m      TEMP_CONTENT=$(mktemp)[0m
job-design	Crear dashboard.html	2025-05-12T13:48:36.7176433Z [36;1m      awk '/<body/,/<\/body>/' "$section_file" > "$TEMP_CONTENT"[0m
job-design	Crear dashboard.html	2025-05-12T13:48:36.7176629Z [36;1m      [0m
job-design	Crear dashboard.html	2025-05-12T13:48:36.7176814Z [36;1m      # Filtrar el contenido para eliminar etiquetas innecesarias[0m
job-design	Crear dashboard.html	2025-05-12T13:48:36.7177027Z [36;1m      cat "$TEMP_CONTENT" | [0m
job-design	Crear dashboard.html	2025-05-12T13:48:36.7177195Z [36;1m        grep -v "<body" | [0m
job-design	Crear dashboard.html	2025-05-12T13:48:36.7177355Z [36;1m        grep -v "</body>" | [0m
job-design	Crear dashboard.html	2025-05-12T13:48:36.7177503Z [36;1m        [0m
job-design	Crear dashboard.html	2025-05-12T13:48:36.7177725Z [36;1m        [0m
job-design	Crear dashboard.html	2025-05-12T13:48:36.7177851Z [36;1m      [0m
job-design	Crear dashboard.html	2025-05-12T13:48:36.7177995Z [36;1m      # Limpiar archivos temporales[0m
job-design	Crear dashboard.html	2025-05-12T13:48:36.7178168Z [36;1m      rm -f "$TEMP_CONTENT"[0m
job-design	Crear dashboard.html	2025-05-12T13:48:36.7178325Z [36;1m      [0m
job-design	Crear dashboard.html	2025-05-12T13:48:36.7178495Z [36;1m      echo "</div>" >> "core/results/webs/${TITLE}/dashboard.html"[0m
job-design	Crear dashboard.html	2025-05-12T13:48:36.7178686Z [36;1m    fi[0m
job-design	Crear dashboard.html	2025-05-12T13:48:36.7178811Z [36;1m  done[0m
job-design	Crear dashboard.html	2025-05-12T13:48:36.7178935Z [36;1melse[0m
job-design	Crear dashboard.html	2025-05-12T13:48:36.7179111Z [36;1m  echo "No se encontr√≥ el directorio de secciones temporales"[0m
job-design	Crear dashboard.html	2025-05-12T13:48:36.7179414Z [36;1mfi[0m
job-design	Crear dashboard.html	2025-05-12T13:48:36.7179538Z [36;1m[0m
job-design	Crear dashboard.html	2025-05-12T13:48:36.7179663Z [36;1m# Cerrar las etiquetas HTML[0m
job-design	Crear dashboard.html	2025-05-12T13:48:36.7179828Z [36;1mecho "          </div>[0m
job-design	Crear dashboard.html	2025-05-12T13:48:36.7179978Z [36;1m    </div>[0m
job-design	Crear dashboard.html	2025-05-12T13:48:36.7180109Z [36;1m    </div>[0m
job-design	Crear dashboard.html	2025-05-12T13:48:36.7180233Z [36;1m</div>[0m
job-design	Crear dashboard.html	2025-05-12T13:48:36.7180364Z [36;1m[0m
job-design	Crear dashboard.html	2025-05-12T13:48:36.7180521Z [36;1m<!-- Cargar la navbar desde el template -->[0m
job-design	Crear dashboard.html	2025-05-12T13:48:36.7180723Z [36;1m<script src="js/orchestrator.js"></script>[0m
job-design	Crear dashboard.html	2025-05-12T13:48:36.7180901Z [36;1m</body>[0m
job-design	Crear dashboard.html	2025-05-12T13:48:36.7181071Z [36;1m</html>" >> "core/results/webs/${TITLE}/dashboard.html"[0m
job-design	Crear dashboard.html	2025-05-12T13:48:36.7181252Z [36;1m[0m
job-design	Crear dashboard.html	2025-05-12T13:48:36.7181478Z [36;1mecho "Dashboard HTML generado correctamente en core/results/webs/${TITLE}/dashboard.html"[0m
job-design	Crear dashboard.html	2025-05-12T13:48:36.7185949Z shell: /usr/bin/bash -e {0}
job-design	Crear dashboard.html	2025-05-12T13:48:36.7186114Z env:
job-design	Crear dashboard.html	2025-05-12T13:48:36.7186248Z   KAOS_CODE: 14973974890
job-design	Crear dashboard.html	2025-05-12T13:48:36.7186410Z   KAOS_EVENT_NAME: workflow_dispatch
job-design	Crear dashboard.html	2025-05-12T13:48:36.7186570Z   KAOS_ACTION: 
job-design	Crear dashboard.html	2025-05-12T13:48:36.7186699Z   KAOS_REF: refs/heads/main
job-design	Crear dashboard.html	2025-05-12T13:48:36.7186888Z   KAOS_MODULE: [Ka0S] Deploy Web Structure
job-design	Crear dashboard.html	2025-05-12T13:48:36.7187070Z   KAOS_JSON_WEB: core/config/webs/webs.json
job-design	Crear dashboard.html	2025-05-12T13:48:36.7187244Z   KAOS_JSON_RESUME: core/outputs/webs/
job-design	Crear dashboard.html	2025-05-12T13:48:36.7187421Z   KAOS_JSON_DATA: core/web/data/data.json
job-design	Crear dashboard.html	2025-05-12T13:48:36.7187597Z   KAOS_WEB_STRUCTURE: core/results/webs/
job-design	Crear dashboard.html	2025-05-12T13:48:36.7187767Z   KAOS_TEST_STRUCTURE: core/results/test/
job-design	Crear dashboard.html	2025-05-12T13:48:36.7187936Z   KAOS_ACTOR: jorgecg646
job-design	Crear dashboard.html	2025-05-12T13:48:36.7188079Z ##[endgroup]
job-design	Crear dashboard.html	2025-05-12T13:48:36.7286536Z grep: write error: Broken pipe
job-design	Crear dashboard.html	2025-05-12T13:48:36.7337287Z grep: write error: Broken pipe
job-design	Crear dashboard.html	2025-05-12T13:48:36.7386258Z grep: write error: Broken pipe
job-design	Crear dashboard.html	2025-05-12T13:48:36.7389315Z Dashboard HTML generado correctamente en core/results/webs/dashboard/dashboard.html
job-design	Guardar cambios en el repositorio	Ôªø2025-05-12T13:48:36.7409670Z ##[group]Run # A√±adir todos los archivos generados
job-design	Guardar cambios en el repositorio	2025-05-12T13:48:36.7409929Z [36;1m# A√±adir todos los archivos generados[0m
job-design	Guardar cambios en el repositorio	2025-05-12T13:48:36.7410114Z [36;1mgit add "core/results/webs/"[0m
job-design	Guardar cambios en el repositorio	2025-05-12T13:48:36.7410276Z [36;1m[0m
job-design	Guardar cambios en el repositorio	2025-05-12T13:48:36.7410437Z [36;1m# Verificar si hay cambios para hacer commit[0m
job-design	Guardar cambios en el repositorio	2025-05-12T13:48:36.7410646Z [36;1mif git diff --staged --quiet; then[0m
job-design	Guardar cambios en el repositorio	2025-05-12T13:48:36.7410851Z [36;1m  echo "No hay cambios para hacer commit"[0m
job-design	Guardar cambios en el repositorio	2025-05-12T13:48:36.7411027Z [36;1melse[0m
job-design	Guardar cambios en el repositorio	2025-05-12T13:48:36.7411213Z [36;1m  git commit -m "[Ka0S] Actualizando archivos de estructura web"[0m
job-design	Guardar cambios en el repositorio	2025-05-12T13:48:36.7411437Z [36;1m  git push origin refs/heads/main[0m
job-design	Guardar cambios en el repositorio	2025-05-12T13:48:36.7411602Z [36;1mfi[0m
job-design	Guardar cambios en el repositorio	2025-05-12T13:48:36.7416362Z shell: /usr/bin/bash -e {0}
job-design	Guardar cambios en el repositorio	2025-05-12T13:48:36.7416567Z env:
job-design	Guardar cambios en el repositorio	2025-05-12T13:48:36.7416737Z   KAOS_CODE: 14973974890
job-design	Guardar cambios en el repositorio	2025-05-12T13:48:36.7416946Z   KAOS_EVENT_NAME: workflow_dispatch
job-design	Guardar cambios en el repositorio	2025-05-12T13:48:36.7417138Z   KAOS_ACTION: 
job-design	Guardar cambios en el repositorio	2025-05-12T13:48:36.7417315Z   KAOS_REF: refs/heads/main
job-design	Guardar cambios en el repositorio	2025-05-12T13:48:36.7417471Z   KAOS_MODULE: [Ka0S] Deploy Web Structure
job-design	Guardar cambios en el repositorio	2025-05-12T13:48:36.7417653Z   KAOS_JSON_WEB: core/config/webs/webs.json
job-design	Guardar cambios en el repositorio	2025-05-12T13:48:36.7417833Z   KAOS_JSON_RESUME: core/outputs/webs/
job-design	Guardar cambios en el repositorio	2025-05-12T13:48:36.7418001Z   KAOS_JSON_DATA: core/web/data/data.json
job-design	Guardar cambios en el repositorio	2025-05-12T13:48:36.7418177Z   KAOS_WEB_STRUCTURE: core/results/webs/
job-design	Guardar cambios en el repositorio	2025-05-12T13:48:36.7418452Z   KAOS_TEST_STRUCTURE: core/results/test/
job-design	Guardar cambios en el repositorio	2025-05-12T13:48:36.7418614Z   KAOS_ACTOR: jorgecg646
job-design	Guardar cambios en el repositorio	2025-05-12T13:48:36.7418763Z ##[endgroup]
job-design	Guardar cambios en el repositorio	2025-05-12T13:48:36.7519579Z No hay cambios para hacer commit
job-design	Post Checkout repository	Ôªø2025-05-12T13:48:36.7567054Z Post job cleanup.
job-design	Post Checkout repository	2025-05-12T13:48:36.8080682Z [command]/usr/bin/git version
job-design	Post Checkout repository	2025-05-12T13:48:36.8105991Z git version 2.43.0
job-design	Post Checkout repository	2025-05-12T13:48:36.8131171Z Copying '/home/kaos/.gitconfig' to '/actions-runner/_work/_temp/09f0a4fd-c4be-4f05-b939-8e0b9f9d8113/.gitconfig'
job-design	Post Checkout repository	2025-05-12T13:48:36.8142791Z Temporarily overriding HOME='/actions-runner/_work/_temp/09f0a4fd-c4be-4f05-b939-8e0b9f9d8113' before making global git config changes
job-design	Post Checkout repository	2025-05-12T13:48:36.8143707Z Adding repository directory to the temporary git global config as a safe directory
job-design	Post Checkout repository	2025-05-12T13:48:36.8144589Z [command]/usr/bin/git config --global --add safe.directory /actions-runner/_work/ka0s/ka0s
job-design	Post Checkout repository	2025-05-12T13:48:36.8168842Z [command]/usr/bin/git config --local --name-only --get-regexp core\.sshCommand
job-design	Post Checkout repository	2025-05-12T13:48:36.8192009Z [command]/usr/bin/git submodule foreach --recursive sh -c "git config --local --name-only --get-regexp 'core\.sshCommand' && git config --local --unset-all 'core.sshCommand' || :"
job-design	Post Checkout repository	2025-05-12T13:48:36.8417650Z [command]/usr/bin/git config --local --name-only --get-regexp http\.https\:\/\/github\.com\/\.extraheader
job-design	Post Checkout repository	2025-05-12T13:48:36.8437962Z http.https://github.com/.extraheader
job-design	Post Checkout repository	2025-05-12T13:48:36.8448447Z [command]/usr/bin/git config --local --unset-all http.https://github.com/.extraheader
job-design	Post Checkout repository	2025-05-12T13:48:36.8470293Z [command]/usr/bin/git submodule foreach --recursive sh -c "git config --local --name-only --get-regexp 'http\.https\:\/\/github\.com\/\.extraheader' && git config --local --unset-all 'http.https://github.com/.extraheader' || :"
job-design	Complete job	Ôªø2025-05-12T13:48:36.8801073Z Cleaning up orphan processes
handle-success	Set up job	Ôªø2025-05-12T13:48:45.6350810Z Current runner version: '2.323.0'
handle-success	Set up job	2025-05-12T13:48:45.6355484Z Runner name: 'ka0s-7'
handle-success	Set up job	2025-05-12T13:48:45.6356142Z Machine name: '26a53205c9ac'
handle-success	Set up job	2025-05-12T13:48:45.6357809Z ##[group]GITHUB_TOKEN Permissions
handle-success	Set up job	2025-05-12T13:48:45.6359401Z Contents: read
handle-success	Set up job	2025-05-12T13:48:45.6359774Z Metadata: read
handle-success	Set up job	2025-05-12T13:48:45.6360125Z Packages: read
handle-success	Set up job	2025-05-12T13:48:45.6360474Z ##[endgroup]
handle-success	Set up job	2025-05-12T13:48:45.6362016Z Secret source: Actions
handle-success	Set up job	2025-05-12T13:48:45.6362448Z Prepare workflow directory
handle-success	Set up job	2025-05-12T13:48:45.6751537Z Prepare all required actions
handle-success	Set up job	2025-05-12T13:48:45.6779469Z Getting action download info
handle-success	Set up job	2025-05-12T13:48:46.4490904Z Download action repository 'actions/checkout@v4' (SHA:11bd71901bbe5b1630ceea73d27597364c9af683)
handle-success	Set up job	2025-05-12T13:48:47.8286767Z Complete job name: handle-success
handle-success	Checkout code	Ôªø2025-05-12T13:48:47.8621965Z ##[group]Run actions/checkout@v4
handle-success	Checkout code	2025-05-12T13:48:47.8622844Z with:
handle-success	Checkout code	2025-05-12T13:48:47.8623346Z   fetch-depth: 0
handle-success	Checkout code	2025-05-12T13:48:47.8624240Z   token: ***
handle-success	Checkout code	2025-05-12T13:48:47.8624779Z   repository: Ka0s-Klaus/ka0s
handle-success	Checkout code	2025-05-12T13:48:47.8625459Z   ssh-strict: true
handle-success	Checkout code	2025-05-12T13:48:47.8625999Z   ssh-user: git
handle-success	Checkout code	2025-05-12T13:48:47.8626568Z   persist-credentials: true
handle-success	Checkout code	2025-05-12T13:48:47.8627190Z   clean: true
handle-success	Checkout code	2025-05-12T13:48:47.8627757Z   sparse-checkout-cone-mode: true
handle-success	Checkout code	2025-05-12T13:48:47.8628446Z   fetch-tags: false
handle-success	Checkout code	2025-05-12T13:48:47.8629004Z   show-progress: true
handle-success	Checkout code	2025-05-12T13:48:47.8649610Z   lfs: false
handle-success	Checkout code	2025-05-12T13:48:47.8650182Z   submodules: false
handle-success	Checkout code	2025-05-12T13:48:47.8650764Z   set-safe-directory: true
handle-success	Checkout code	2025-05-12T13:48:47.8651746Z env:
handle-success	Checkout code	2025-05-12T13:48:47.8652237Z   KAOS_CODE: 14973974890
handle-success	Checkout code	2025-05-12T13:48:47.8652881Z   KAOS_EVENT_NAME: workflow_dispatch
handle-success	Checkout code	2025-05-12T13:48:47.8653571Z   KAOS_ACTION: 
handle-success	Checkout code	2025-05-12T13:48:47.8654153Z   KAOS_REF: refs/heads/main
handle-success	Checkout code	2025-05-12T13:48:47.8654842Z   KAOS_MODULE: [Ka0S] Deploy Web Structure
handle-success	Checkout code	2025-05-12T13:48:47.8655678Z   KAOS_JSON_WEB: core/config/webs/webs.json
handle-success	Checkout code	2025-05-12T13:48:47.8656471Z   KAOS_JSON_RESUME: core/outputs/webs/
handle-success	Checkout code	2025-05-12T13:48:47.8657232Z   KAOS_JSON_DATA: core/web/data/data.json
handle-success	Checkout code	2025-05-12T13:48:47.8658025Z   KAOS_WEB_STRUCTURE: core/results/webs/
handle-success	Checkout code	2025-05-12T13:48:47.8658809Z   KAOS_TEST_STRUCTURE: core/results/test/
handle-success	Checkout code	2025-05-12T13:48:47.8659546Z   KAOS_ACTOR: jorgecg646
handle-success	Checkout code	2025-05-12T13:48:47.8660141Z ##[endgroup]
handle-success	Checkout code	2025-05-12T13:48:47.9403340Z Syncing repository: Ka0s-Klaus/ka0s
handle-success	Checkout code	2025-05-12T13:48:47.9405413Z ##[group]Getting Git version info
handle-success	Checkout code	2025-05-12T13:48:47.9406286Z Working directory is '/actions-runner/_work/ka0s/ka0s'
handle-success	Checkout code	2025-05-12T13:48:47.9407683Z [command]/usr/bin/git version
handle-success	Checkout code	2025-05-12T13:48:47.9408337Z git version 2.43.0
handle-success	Checkout code	2025-05-12T13:48:47.9418699Z ##[endgroup]
handle-success	Checkout code	2025-05-12T13:48:47.9427447Z Copying '/home/kaos/.gitconfig' to '/actions-runner/_work/_temp/c4997b4e-052a-4d62-90a3-d8167c0e2ec7/.gitconfig'
handle-success	Checkout code	2025-05-12T13:48:47.9443326Z Temporarily overriding HOME='/actions-runner/_work/_temp/c4997b4e-052a-4d62-90a3-d8167c0e2ec7' before making global git config changes
handle-success	Checkout code	2025-05-12T13:48:47.9446084Z Adding repository directory to the temporary git global config as a safe directory
handle-success	Checkout code	2025-05-12T13:48:47.9448910Z [command]/usr/bin/git config --global --add safe.directory /actions-runner/_work/ka0s/ka0s
handle-success	Checkout code	2025-05-12T13:48:47.9483405Z [command]/usr/bin/git config --local --get remote.origin.url
handle-success	Checkout code	2025-05-12T13:48:47.9503127Z https://github.com/Ka0s-Klaus/ka0s
handle-success	Checkout code	2025-05-12T13:48:47.9524621Z ##[group]Removing previously created refs, to avoid conflicts
handle-success	Checkout code	2025-05-12T13:48:47.9528862Z [command]/usr/bin/git rev-parse --symbolic-full-name --verify --quiet HEAD
handle-success	Checkout code	2025-05-12T13:48:47.9548338Z refs/heads/main
handle-success	Checkout code	2025-05-12T13:48:47.9558782Z [command]/usr/bin/git checkout --detach
handle-success	Checkout code	2025-05-12T13:48:47.9656886Z HEAD is now at 375a8d8d [Ka0S] Uploading data files to web structure...
handle-success	Checkout code	2025-05-12T13:48:47.9697827Z [command]/usr/bin/git branch --delete --force main
handle-success	Checkout code	2025-05-12T13:48:47.9731005Z Deleted branch main (was 375a8d8d).
handle-success	Checkout code	2025-05-12T13:48:47.9776461Z ##[endgroup]
handle-success	Checkout code	2025-05-12T13:48:47.9777424Z [command]/usr/bin/git submodule status
handle-success	Checkout code	2025-05-12T13:48:48.0009372Z ##[group]Cleaning the repository
handle-success	Checkout code	2025-05-12T13:48:48.0011787Z [command]/usr/bin/git clean -ffdx
handle-success	Checkout code	2025-05-12T13:48:48.0062194Z [command]/usr/bin/git reset --hard HEAD
handle-success	Checkout code	2025-05-12T13:48:48.0195949Z HEAD is now at 375a8d8d [Ka0S] Uploading data files to web structure...
handle-success	Checkout code	2025-05-12T13:48:48.0200159Z ##[endgroup]
handle-success	Checkout code	2025-05-12T13:48:48.0201542Z ##[group]Disabling automatic garbage collection
handle-success	Checkout code	2025-05-12T13:48:48.0202691Z [command]/usr/bin/git config --local gc.auto 0
handle-success	Checkout code	2025-05-12T13:48:48.0234282Z ##[endgroup]
handle-success	Checkout code	2025-05-12T13:48:48.0235549Z ##[group]Setting up auth
handle-success	Checkout code	2025-05-12T13:48:48.0239835Z [command]/usr/bin/git config --local --name-only --get-regexp core\.sshCommand
handle-success	Checkout code	2025-05-12T13:48:48.0265585Z [command]/usr/bin/git submodule foreach --recursive sh -c "git config --local --name-only --get-regexp 'core\.sshCommand' && git config --local --unset-all 'core.sshCommand' || :"
handle-success	Checkout code	2025-05-12T13:48:48.0506391Z [command]/usr/bin/git config --local --name-only --get-regexp http\.https\:\/\/github\.com\/\.extraheader
handle-success	Checkout code	2025-05-12T13:48:48.0534711Z [command]/usr/bin/git submodule foreach --recursive sh -c "git config --local --name-only --get-regexp 'http\.https\:\/\/github\.com\/\.extraheader' && git config --local --unset-all 'http.https://github.com/.extraheader' || :"
handle-success	Checkout code	2025-05-12T13:48:48.0771736Z [command]/usr/bin/git config --local http.https://github.com/.extraheader AUTHORIZATION: basic ***
handle-success	Checkout code	2025-05-12T13:48:48.0810398Z ##[endgroup]
handle-success	Checkout code	2025-05-12T13:48:48.0811670Z ##[group]Fetching the repository
handle-success	Checkout code	2025-05-12T13:48:48.0814202Z [command]/usr/bin/git -c protocol.version=2 fetch --prune --no-recurse-submodules origin +refs/heads/*:refs/remotes/origin/* +refs/tags/*:refs/tags/*
handle-success	Checkout code	2025-05-12T13:48:48.8672142Z [command]/usr/bin/git branch --list --remote origin/main
handle-success	Checkout code	2025-05-12T13:48:48.8699392Z   origin/main
handle-success	Checkout code	2025-05-12T13:48:48.8709890Z [command]/usr/bin/git rev-parse refs/remotes/origin/main
handle-success	Checkout code	2025-05-12T13:48:48.8730079Z 375a8d8d38680a9b44fd4a7510fe2ccde931a07a
handle-success	Checkout code	2025-05-12T13:48:48.8742174Z [command]/usr/bin/git -c protocol.version=2 fetch --no-tags --prune --no-recurse-submodules origin +b90c4d8d5a85c6f872638cf36bbbac6e871dd28b:refs/remotes/origin/main
handle-success	Checkout code	2025-05-12T13:48:48.8860212Z From https://github.com/Ka0s-Klaus/ka0s
handle-success	Checkout code	2025-05-12T13:48:48.8860998Z  + 375a8d8d...b90c4d8d b90c4d8d5a85c6f872638cf36bbbac6e871dd28b -> origin/main  (forced update)
handle-success	Checkout code	2025-05-12T13:48:48.8880301Z ##[endgroup]
handle-success	Checkout code	2025-05-12T13:48:48.8880894Z ##[group]Determining the checkout info
handle-success	Checkout code	2025-05-12T13:48:48.8881646Z ##[endgroup]
handle-success	Checkout code	2025-05-12T13:48:48.8888701Z [command]/usr/bin/git sparse-checkout disable
handle-success	Checkout code	2025-05-12T13:48:48.8953934Z [command]/usr/bin/git config --local --unset-all extensions.worktreeConfig
handle-success	Checkout code	2025-05-12T13:48:48.8986244Z ##[group]Checking out the ref
handle-success	Checkout code	2025-05-12T13:48:48.8990632Z [command]/usr/bin/git checkout --progress --force -B main refs/remotes/origin/main
handle-success	Checkout code	2025-05-12T13:48:48.9150110Z Warning: you are leaving 1 commit behind, not connected to
handle-success	Checkout code	2025-05-12T13:48:48.9150908Z any of your branches:
handle-success	Checkout code	2025-05-12T13:48:48.9151113Z 
handle-success	Checkout code	2025-05-12T13:48:48.9151353Z   375a8d8d [Ka0S] Uploading data files to web structure...
handle-success	Checkout code	2025-05-12T13:48:48.9151760Z 
handle-success	Checkout code	2025-05-12T13:48:48.9152023Z If you want to keep it by creating a new branch, this may be a good time
handle-success	Checkout code	2025-05-12T13:48:48.9152504Z to do so with:
handle-success	Checkout code	2025-05-12T13:48:48.9152693Z 
handle-success	Checkout code	2025-05-12T13:48:48.9152868Z  git branch <new-branch-name> 375a8d8d
handle-success	Checkout code	2025-05-12T13:48:48.9153131Z 
handle-success	Checkout code	2025-05-12T13:48:48.9153272Z Switched to a new branch 'main'
handle-success	Checkout code	2025-05-12T13:48:48.9153661Z branch 'main' set up to track 'origin/main'.
handle-success	Checkout code	2025-05-12T13:48:48.9159764Z ##[endgroup]
handle-success	Checkout code	2025-05-12T13:48:48.9206997Z [command]/usr/bin/git log -1 --format=%H
handle-success	Checkout code	2025-05-12T13:48:48.9238303Z b90c4d8d5a85c6f872638cf36bbbac6e871dd28b
handle-success	handle-success-execution	Ôªø2025-05-12T13:48:48.9445934Z ##[group]Run # Si todo ha ido correcto a√±adimos el contenido del fichero
handle-success	handle-success-execution	2025-05-12T13:48:48.9446496Z [36;1m# Si todo ha ido correcto a√±adimos el contenido del fichero[0m
handle-success	handle-success-execution	2025-05-12T13:48:48.9446802Z [36;1m# RNNUMBER=$(echo "refs/heads/main" | grep -o '[0-9]*')[0m
handle-success	handle-success-execution	2025-05-12T13:48:48.9447026Z [36;1mRNNUMBER=220[0m
handle-success	handle-success-execution	2025-05-12T13:48:48.9447411Z [36;1m#gh issue comment $RNNUMBER --body "El proceso ha finalizado correctamente 14973974890. El resultado est√° en el fichero core/results/event_data14973974890.log"[0m
handle-success	handle-success-execution	2025-05-12T13:48:48.9454505Z shell: /usr/bin/bash -e {0}
handle-success	handle-success-execution	2025-05-12T13:48:48.9454715Z env:
handle-success	handle-success-execution	2025-05-12T13:48:48.9454883Z   KAOS_CODE: 14973974890
handle-success	handle-success-execution	2025-05-12T13:48:48.9455079Z   KAOS_EVENT_NAME: workflow_dispatch
handle-success	handle-success-execution	2025-05-12T13:48:48.9455286Z   KAOS_ACTION: 
handle-success	handle-success-execution	2025-05-12T13:48:48.9455513Z   KAOS_REF: refs/heads/main
handle-success	handle-success-execution	2025-05-12T13:48:48.9455734Z   KAOS_MODULE: [Ka0S] Deploy Web Structure
handle-success	handle-success-execution	2025-05-12T13:48:48.9455982Z   KAOS_JSON_WEB: core/config/webs/webs.json
handle-success	handle-success-execution	2025-05-12T13:48:48.9456218Z   KAOS_JSON_RESUME: core/outputs/webs/
handle-success	handle-success-execution	2025-05-12T13:48:48.9456464Z   KAOS_JSON_DATA: core/web/data/data.json
handle-success	handle-success-execution	2025-05-12T13:48:48.9456666Z   KAOS_WEB_STRUCTURE: core/results/webs/
handle-success	handle-success-execution	2025-05-12T13:48:48.9456838Z   KAOS_TEST_STRUCTURE: core/results/test/
handle-success	handle-success-execution	2025-05-12T13:48:48.9457027Z   KAOS_ACTOR: jorgecg646
handle-success	handle-success-execution	2025-05-12T13:48:48.9457318Z   GH_TOKEN: ***
handle-success	handle-success-execution	2025-05-12T13:48:48.9457458Z ##[endgroup]
handle-success	Post Checkout code	Ôªø2025-05-12T13:48:48.9559535Z Post job cleanup.
handle-success	Post Checkout code	2025-05-12T13:48:49.0169236Z [command]/usr/bin/git version
handle-success	Post Checkout code	2025-05-12T13:48:49.0197363Z git version 2.43.0
handle-success	Post Checkout code	2025-05-12T13:48:49.0235422Z Copying '/home/kaos/.gitconfig' to '/actions-runner/_work/_temp/0f53d282-a7ac-4b36-809f-27b51e7a5d96/.gitconfig'
handle-success	Post Checkout code	2025-05-12T13:48:49.0247064Z Temporarily overriding HOME='/actions-runner/_work/_temp/0f53d282-a7ac-4b36-809f-27b51e7a5d96' before making global git config changes
handle-success	Post Checkout code	2025-05-12T13:48:49.0247902Z Adding repository directory to the temporary git global config as a safe directory
handle-success	Post Checkout code	2025-05-12T13:48:49.0252573Z [command]/usr/bin/git config --global --add safe.directory /actions-runner/_work/ka0s/ka0s
handle-success	Post Checkout code	2025-05-12T13:48:49.0285792Z [command]/usr/bin/git config --local --name-only --get-regexp core\.sshCommand
handle-success	Post Checkout code	2025-05-12T13:48:49.0319742Z [command]/usr/bin/git submodule foreach --recursive sh -c "git config --local --name-only --get-regexp 'core\.sshCommand' && git config --local --unset-all 'core.sshCommand' || :"
handle-success	Post Checkout code	2025-05-12T13:48:49.0562827Z [command]/usr/bin/git config --local --name-only --get-regexp http\.https\:\/\/github\.com\/\.extraheader
handle-success	Post Checkout code	2025-05-12T13:48:49.0581093Z http.https://github.com/.extraheader
handle-success	Post Checkout code	2025-05-12T13:48:49.0592163Z [command]/usr/bin/git config --local --unset-all http.https://github.com/.extraheader
handle-success	Post Checkout code	2025-05-12T13:48:49.0620582Z [command]/usr/bin/git submodule foreach --recursive sh -c "git config --local --name-only --get-regexp 'http\.https\:\/\/github\.com\/\.extraheader' && git config --local --unset-all 'http.https://github.com/.extraheader' || :"
handle-success	Complete job	Ôªø2025-05-12T13:48:49.0937432Z Cleaning up orphan processes
end-workflow	Set up job	Ôªø2025-05-12T13:49:01.0597890Z Current runner version: '2.323.0'
end-workflow	Set up job	2025-05-12T13:49:01.0601652Z Runner name: 'ka0s-9'
end-workflow	Set up job	2025-05-12T13:49:01.0602222Z Machine name: '26a53205c9ac'
end-workflow	Set up job	2025-05-12T13:49:01.0603632Z ##[group]GITHUB_TOKEN Permissions
end-workflow	Set up job	2025-05-12T13:49:01.0605254Z Contents: read
end-workflow	Set up job	2025-05-12T13:49:01.0605581Z Metadata: read
end-workflow	Set up job	2025-05-12T13:49:01.0605897Z Packages: read
end-workflow	Set up job	2025-05-12T13:49:01.0606182Z ##[endgroup]
end-workflow	Set up job	2025-05-12T13:49:01.0607580Z Secret source: Actions
end-workflow	Set up job	2025-05-12T13:49:01.0607972Z Prepare workflow directory
end-workflow	Set up job	2025-05-12T13:49:01.1003013Z Prepare all required actions
end-workflow	Set up job	2025-05-12T13:49:01.1030653Z Getting action download info
end-workflow	Set up job	2025-05-12T13:49:01.8092800Z Download action repository 'actions/checkout@v4' (SHA:11bd71901bbe5b1630ceea73d27597364c9af683)
end-workflow	Set up job	2025-05-12T13:49:02.9601875Z Complete job name: end-workflow
end-workflow	Checkout code	Ôªø2025-05-12T13:49:03.0040034Z ##[group]Run actions/checkout@v4
end-workflow	Checkout code	2025-05-12T13:49:03.0041152Z with:
end-workflow	Checkout code	2025-05-12T13:49:03.0041748Z   fetch-depth: 0
end-workflow	Checkout code	2025-05-12T13:49:03.0042752Z   token: ***
end-workflow	Checkout code	2025-05-12T13:49:03.0043393Z   repository: Ka0s-Klaus/ka0s
end-workflow	Checkout code	2025-05-12T13:49:03.0044319Z   ssh-strict: true
end-workflow	Checkout code	2025-05-12T13:49:03.0044984Z   ssh-user: git
end-workflow	Checkout code	2025-05-12T13:49:03.0045657Z   persist-credentials: true
end-workflow	Checkout code	2025-05-12T13:49:03.0046420Z   clean: true
end-workflow	Checkout code	2025-05-12T13:49:03.0047110Z   sparse-checkout-cone-mode: true
end-workflow	Checkout code	2025-05-12T13:49:03.0047940Z   fetch-tags: false
end-workflow	Checkout code	2025-05-12T13:49:03.0048617Z   show-progress: true
end-workflow	Checkout code	2025-05-12T13:49:03.0049299Z   lfs: false
end-workflow	Checkout code	2025-05-12T13:49:03.0049912Z   submodules: false
end-workflow	Checkout code	2025-05-12T13:49:03.0050623Z   set-safe-directory: true
end-workflow	Checkout code	2025-05-12T13:49:03.0051484Z env:
end-workflow	Checkout code	2025-05-12T13:49:03.0052058Z   KAOS_CODE: 14973974890
end-workflow	Checkout code	2025-05-12T13:49:03.0052830Z   KAOS_EVENT_NAME: workflow_dispatch
end-workflow	Checkout code	2025-05-12T13:49:03.0053673Z   KAOS_ACTION: 
end-workflow	Checkout code	2025-05-12T13:49:03.0054379Z   KAOS_REF: refs/heads/main
end-workflow	Checkout code	2025-05-12T13:49:03.0055190Z   KAOS_MODULE: [Ka0S] Deploy Web Structure
end-workflow	Checkout code	2025-05-12T13:49:03.0056165Z   KAOS_JSON_WEB: core/config/webs/webs.json
end-workflow	Checkout code	2025-05-12T13:49:03.0057119Z   KAOS_JSON_RESUME: core/outputs/webs/
end-workflow	Checkout code	2025-05-12T13:49:03.0058037Z   KAOS_JSON_DATA: core/web/data/data.json
end-workflow	Checkout code	2025-05-12T13:49:03.0058975Z   KAOS_WEB_STRUCTURE: core/results/webs/
end-workflow	Checkout code	2025-05-12T13:49:03.0059919Z   KAOS_TEST_STRUCTURE: core/results/test/
end-workflow	Checkout code	2025-05-12T13:49:03.0060813Z   KAOS_ACTOR: jorgecg646
end-workflow	Checkout code	2025-05-12T13:49:03.0061741Z   GH_TOKEN: ***
end-workflow	Checkout code	2025-05-12T13:49:03.0062365Z ##[endgroup]
end-workflow	Checkout code	2025-05-12T13:49:03.0820217Z Syncing repository: Ka0s-Klaus/ka0s
end-workflow	Checkout code	2025-05-12T13:49:03.0822032Z ##[group]Getting Git version info
end-workflow	Checkout code	2025-05-12T13:49:03.0822908Z Working directory is '/actions-runner/_work/ka0s/ka0s'
end-workflow	Checkout code	2025-05-12T13:49:03.0824388Z [command]/usr/bin/git version
end-workflow	Checkout code	2025-05-12T13:49:03.0828922Z git version 2.43.0
end-workflow	Checkout code	2025-05-12T13:49:03.0848202Z ##[endgroup]
end-workflow	Checkout code	2025-05-12T13:49:03.0857980Z Copying '/home/kaos/.gitconfig' to '/actions-runner/_work/_temp/c2315c4e-3a1b-4925-845e-bca86dc02b00/.gitconfig'
end-workflow	Checkout code	2025-05-12T13:49:03.0869692Z Temporarily overriding HOME='/actions-runner/_work/_temp/c2315c4e-3a1b-4925-845e-bca86dc02b00' before making global git config changes
end-workflow	Checkout code	2025-05-12T13:49:03.0872242Z Adding repository directory to the temporary git global config as a safe directory
end-workflow	Checkout code	2025-05-12T13:49:03.0874351Z [command]/usr/bin/git config --global --add safe.directory /actions-runner/_work/ka0s/ka0s
end-workflow	Checkout code	2025-05-12T13:49:03.0907907Z [command]/usr/bin/git config --local --get remote.origin.url
end-workflow	Checkout code	2025-05-12T13:49:03.0928973Z https://github.com/Ka0s-Klaus/ka0s
end-workflow	Checkout code	2025-05-12T13:49:03.0953271Z ##[group]Removing previously created refs, to avoid conflicts
end-workflow	Checkout code	2025-05-12T13:49:03.0955312Z [command]/usr/bin/git rev-parse --symbolic-full-name --verify --quiet HEAD
end-workflow	Checkout code	2025-05-12T13:49:03.0978025Z refs/heads/H1149-desarrollo-de-orchestrator
end-workflow	Checkout code	2025-05-12T13:49:03.0988821Z [command]/usr/bin/git checkout --detach
end-workflow	Checkout code	2025-05-12T13:49:03.1209288Z HEAD is now at 3755e1cf merge
end-workflow	Checkout code	2025-05-12T13:49:03.1248363Z [command]/usr/bin/git branch --delete --force H1149-desarrollo-de-orchestrator
end-workflow	Checkout code	2025-05-12T13:49:03.1274870Z Deleted branch H1149-desarrollo-de-orchestrator (was 3755e1cf).
end-workflow	Checkout code	2025-05-12T13:49:03.1328412Z ##[endgroup]
end-workflow	Checkout code	2025-05-12T13:49:03.1329100Z [command]/usr/bin/git submodule status
end-workflow	Checkout code	2025-05-12T13:49:03.1556319Z ##[group]Cleaning the repository
end-workflow	Checkout code	2025-05-12T13:49:03.1560364Z [command]/usr/bin/git clean -ffdx
end-workflow	Checkout code	2025-05-12T13:49:03.1611547Z [command]/usr/bin/git reset --hard HEAD
end-workflow	Checkout code	2025-05-12T13:49:03.1763756Z HEAD is now at 3755e1cf merge
end-workflow	Checkout code	2025-05-12T13:49:03.1766917Z ##[endgroup]
end-workflow	Checkout code	2025-05-12T13:49:03.1768266Z ##[group]Disabling automatic garbage collection
end-workflow	Checkout code	2025-05-12T13:49:03.1770147Z [command]/usr/bin/git config --local gc.auto 0
end-workflow	Checkout code	2025-05-12T13:49:03.1798847Z ##[endgroup]
end-workflow	Checkout code	2025-05-12T13:49:03.1800118Z ##[group]Setting up auth
end-workflow	Checkout code	2025-05-12T13:49:03.1806971Z [command]/usr/bin/git config --local --name-only --get-regexp core\.sshCommand
end-workflow	Checkout code	2025-05-12T13:49:03.1832048Z [command]/usr/bin/git submodule foreach --recursive sh -c "git config --local --name-only --get-regexp 'core\.sshCommand' && git config --local --unset-all 'core.sshCommand' || :"
end-workflow	Checkout code	2025-05-12T13:49:03.2068359Z [command]/usr/bin/git config --local --name-only --get-regexp http\.https\:\/\/github\.com\/\.extraheader
end-workflow	Checkout code	2025-05-12T13:49:03.2093854Z [command]/usr/bin/git submodule foreach --recursive sh -c "git config --local --name-only --get-regexp 'http\.https\:\/\/github\.com\/\.extraheader' && git config --local --unset-all 'http.https://github.com/.extraheader' || :"
end-workflow	Checkout code	2025-05-12T13:49:03.2321894Z [command]/usr/bin/git config --local http.https://github.com/.extraheader AUTHORIZATION: basic ***
end-workflow	Checkout code	2025-05-12T13:49:03.2358868Z ##[endgroup]
end-workflow	Checkout code	2025-05-12T13:49:03.2360135Z ##[group]Fetching the repository
end-workflow	Checkout code	2025-05-12T13:49:03.2367561Z [command]/usr/bin/git -c protocol.version=2 fetch --prune --no-recurse-submodules origin +refs/heads/*:refs/remotes/origin/* +refs/tags/*:refs/tags/*
end-workflow	Checkout code	2025-05-12T13:49:04.4362092Z From https://github.com/Ka0s-Klaus/ka0s
end-workflow	Checkout code	2025-05-12T13:49:04.4363714Z    3755e1cf..c6f8a02f  H1149-desarrollo-de-orchestrator -> origin/H1149-desarrollo-de-orchestrator
end-workflow	Checkout code	2025-05-12T13:49:04.4364813Z    483a4b03..a3a869a1  H1150-desarrollo-de-secciones -> origin/H1150-desarrollo-de-secciones
end-workflow	Checkout code	2025-05-12T13:49:04.4365519Z    cb173a2e..375a8d8d  main       -> origin/main
end-workflow	Checkout code	2025-05-12T13:49:04.4368027Z  * [new tag]           0.0.130    -> 0.0.130
end-workflow	Checkout code	2025-05-12T13:49:04.4410420Z [command]/usr/bin/git branch --list --remote origin/main
end-workflow	Checkout code	2025-05-12T13:49:04.4438322Z   origin/main
end-workflow	Checkout code	2025-05-12T13:49:04.4445972Z [command]/usr/bin/git rev-parse refs/remotes/origin/main
end-workflow	Checkout code	2025-05-12T13:49:04.4468140Z 375a8d8d38680a9b44fd4a7510fe2ccde931a07a
end-workflow	Checkout code	2025-05-12T13:49:04.4477527Z [command]/usr/bin/git -c protocol.version=2 fetch --no-tags --prune --no-recurse-submodules origin +b90c4d8d5a85c6f872638cf36bbbac6e871dd28b:refs/remotes/origin/main
end-workflow	Checkout code	2025-05-12T13:49:04.4606500Z From https://github.com/Ka0s-Klaus/ka0s
end-workflow	Checkout code	2025-05-12T13:49:04.4607469Z  + 375a8d8d...b90c4d8d b90c4d8d5a85c6f872638cf36bbbac6e871dd28b -> origin/main  (forced update)
end-workflow	Checkout code	2025-05-12T13:49:04.4642138Z ##[endgroup]
end-workflow	Checkout code	2025-05-12T13:49:04.4642990Z ##[group]Determining the checkout info
end-workflow	Checkout code	2025-05-12T13:49:04.4643812Z ##[endgroup]
end-workflow	Checkout code	2025-05-12T13:49:04.4644453Z [command]/usr/bin/git sparse-checkout disable
end-workflow	Checkout code	2025-05-12T13:49:04.4693551Z [command]/usr/bin/git config --local --unset-all extensions.worktreeConfig
end-workflow	Checkout code	2025-05-12T13:49:04.4719831Z ##[group]Checking out the ref
end-workflow	Checkout code	2025-05-12T13:49:04.4721430Z [command]/usr/bin/git checkout --progress --force -B main refs/remotes/origin/main
end-workflow	Checkout code	2025-05-12T13:49:04.4990998Z Previous HEAD position was 3755e1cf merge
end-workflow	Checkout code	2025-05-12T13:49:04.4991684Z Switched to a new branch 'main'
end-workflow	Checkout code	2025-05-12T13:49:04.4992117Z branch 'main' set up to track 'origin/main'.
end-workflow	Checkout code	2025-05-12T13:49:04.5000605Z ##[endgroup]
end-workflow	Checkout code	2025-05-12T13:49:04.5040594Z [command]/usr/bin/git log -1 --format=%H
end-workflow	Checkout code	2025-05-12T13:49:04.5071454Z b90c4d8d5a85c6f872638cf36bbbac6e871dd28b
end-workflow	Finaliza el workflow	Ôªø2025-05-12T13:49:04.5267712Z ##[group]Run echo "End process"
end-workflow	Finaliza el workflow	2025-05-12T13:49:04.5268016Z [36;1mecho "End process"[0m
end-workflow	Finaliza el workflow	2025-05-12T13:49:04.5268264Z [36;1m# RNNUMBER=$(echo "refs/heads/main" | grep -o '[0-9]*')[0m
end-workflow	Finaliza el workflow	2025-05-12T13:49:04.5268516Z [36;1mRNNUMBER=220[0m
end-workflow	Finaliza el workflow	2025-05-12T13:49:04.5268756Z [36;1m#gh issue comment $RNNUMBER --body "Se finaliza Ka0s 14973974890"[0m
end-workflow	Finaliza el workflow	2025-05-12T13:49:04.5269344Z [36;1mgh workflow run inspector.yml --ref 'main' -f kaos-issue-id=$RNNUMBER -f kaos-workflow-id="14973974890" -f kaos-user-start=""[0m
end-workflow	Finaliza el workflow	2025-05-12T13:49:04.5276964Z shell: /usr/bin/bash -e {0}
end-workflow	Finaliza el workflow	2025-05-12T13:49:04.5277175Z env:
end-workflow	Finaliza el workflow	2025-05-12T13:49:04.5277338Z   KAOS_CODE: 14973974890
end-workflow	Finaliza el workflow	2025-05-12T13:49:04.5277535Z   KAOS_EVENT_NAME: workflow_dispatch
end-workflow	Finaliza el workflow	2025-05-12T13:49:04.5277735Z   KAOS_ACTION: 
end-workflow	Finaliza el workflow	2025-05-12T13:49:04.5277902Z   KAOS_REF: refs/heads/main
end-workflow	Finaliza el workflow	2025-05-12T13:49:04.5278102Z   KAOS_MODULE: [Ka0S] Deploy Web Structure
end-workflow	Finaliza el workflow	2025-05-12T13:49:04.5278321Z   KAOS_JSON_WEB: core/config/webs/webs.json
end-workflow	Finaliza el workflow	2025-05-12T13:49:04.5278536Z   KAOS_JSON_RESUME: core/outputs/webs/
end-workflow	Finaliza el workflow	2025-05-12T13:49:04.5278773Z   KAOS_JSON_DATA: core/web/data/data.json
end-workflow	Finaliza el workflow	2025-05-12T13:49:04.5278988Z   KAOS_WEB_STRUCTURE: core/results/webs/
end-workflow	Finaliza el workflow	2025-05-12T13:49:04.5279200Z   KAOS_TEST_STRUCTURE: core/results/test/
end-workflow	Finaliza el workflow	2025-05-12T13:49:04.5279403Z   KAOS_ACTOR: jorgecg646
end-workflow	Finaliza el workflow	2025-05-12T13:49:04.5279762Z   GH_TOKEN: ***
end-workflow	Finaliza el workflow	2025-05-12T13:49:04.5279944Z ##[endgroup]
end-workflow	Finaliza el workflow	2025-05-12T13:49:04.5321927Z End process
end-workflow	Post Checkout code	Ôªø2025-05-12T13:49:05.3926631Z Post job cleanup.
end-workflow	Post Checkout code	2025-05-12T13:49:05.4562755Z [command]/usr/bin/git version
end-workflow	Post Checkout code	2025-05-12T13:49:05.4602199Z git version 2.43.0
end-workflow	Post Checkout code	2025-05-12T13:49:05.4640296Z Copying '/home/kaos/.gitconfig' to '/actions-runner/_work/_temp/91f30c43-7f60-4afa-a765-f45821562eca/.gitconfig'
end-workflow	Post Checkout code	2025-05-12T13:49:05.4651973Z Temporarily overriding HOME='/actions-runner/_work/_temp/91f30c43-7f60-4afa-a765-f45821562eca' before making global git config changes
end-workflow	Post Checkout code	2025-05-12T13:49:05.4652892Z Adding repository directory to the temporary git global config as a safe directory
end-workflow	Post Checkout code	2025-05-12T13:49:05.4658622Z [command]/usr/bin/git config --global --add safe.directory /actions-runner/_work/ka0s/ka0s
end-workflow	Post Checkout code	2025-05-12T13:49:05.4696611Z [command]/usr/bin/git config --local --name-only --get-regexp core\.sshCommand
end-workflow	Post Checkout code	2025-05-12T13:49:05.4725741Z [command]/usr/bin/git submodule foreach --recursive sh -c "git config --local --name-only --get-regexp 'core\.sshCommand' && git config --local --unset-all 'core.sshCommand' || :"
end-workflow	Post Checkout code	2025-05-12T13:49:05.4953816Z [command]/usr/bin/git config --local --name-only --get-regexp http\.https\:\/\/github\.com\/\.extraheader
end-workflow	Post Checkout code	2025-05-12T13:49:05.4978515Z http.https://github.com/.extraheader
end-workflow	Post Checkout code	2025-05-12T13:49:05.4990422Z [command]/usr/bin/git config --local --unset-all http.https://github.com/.extraheader
end-workflow	Post Checkout code	2025-05-12T13:49:05.5017861Z [command]/usr/bin/git submodule foreach --recursive sh -c "git config --local --name-only --get-regexp 'http\.https\:\/\/github\.com\/\.extraheader' && git config --local --unset-all 'http.https://github.com/.extraheader' || :"
end-workflow	Complete job	Ôªø2025-05-12T13:49:05.5352289Z Cleaning up orphan processes
