job-core	Set up job	﻿2025-05-16T06:35:15.1219697Z Current runner version: '2.323.0'
job-core	Set up job	2025-05-16T06:35:15.1223820Z Runner name: 'ka0s-10'
job-core	Set up job	2025-05-16T06:35:15.1224698Z Machine name: '26a53205c9ac'
job-core	Set up job	2025-05-16T06:35:15.1226260Z ##[group]GITHUB_TOKEN Permissions
job-core	Set up job	2025-05-16T06:35:15.1227659Z Contents: read
job-core	Set up job	2025-05-16T06:35:15.1227979Z Metadata: read
job-core	Set up job	2025-05-16T06:35:15.1228279Z Packages: read
job-core	Set up job	2025-05-16T06:35:15.1228571Z ##[endgroup]
job-core	Set up job	2025-05-16T06:35:15.1229801Z Secret source: Actions
job-core	Set up job	2025-05-16T06:35:15.1230213Z Prepare workflow directory
job-core	Set up job	2025-05-16T06:35:15.1604009Z Prepare all required actions
job-core	Set up job	2025-05-16T06:35:15.1647610Z Getting action download info
job-core	Set up job	2025-05-16T06:35:16.0273761Z Download action repository 'actions/checkout@v4' (SHA:11bd71901bbe5b1630ceea73d27597364c9af683)
job-core	Set up job	2025-05-16T06:35:46.7990470Z Complete job name: job-core
job-core	Checkout code	﻿2025-05-16T06:35:46.8278086Z ##[group]Run actions/checkout@v4
job-core	Checkout code	2025-05-16T06:35:46.8278473Z with:
job-core	Checkout code	2025-05-16T06:35:46.8278651Z   fetch-depth: 0
job-core	Checkout code	2025-05-16T06:35:46.8279045Z   token: ***
job-core	Checkout code	2025-05-16T06:35:46.8279226Z   repository: Ka0s-Klaus/ka0s
job-core	Checkout code	2025-05-16T06:35:46.8279459Z   ssh-strict: true
job-core	Checkout code	2025-05-16T06:35:46.8279635Z   ssh-user: git
job-core	Checkout code	2025-05-16T06:35:46.8279815Z   persist-credentials: true
job-core	Checkout code	2025-05-16T06:35:46.8280004Z   clean: true
job-core	Checkout code	2025-05-16T06:35:46.8280187Z   sparse-checkout-cone-mode: true
job-core	Checkout code	2025-05-16T06:35:46.8280388Z   fetch-tags: false
job-core	Checkout code	2025-05-16T06:35:46.8280573Z   show-progress: true
job-core	Checkout code	2025-05-16T06:35:46.8280751Z   lfs: false
job-core	Checkout code	2025-05-16T06:35:46.8280922Z   submodules: false
job-core	Checkout code	2025-05-16T06:35:46.8281097Z   set-safe-directory: true
job-core	Checkout code	2025-05-16T06:35:46.8281382Z env:
job-core	Checkout code	2025-05-16T06:35:46.8281548Z   KAOS_CODE: 15061853702
job-core	Checkout code	2025-05-16T06:35:46.8281738Z   KAOS_EVENT_NAME: push
job-core	Checkout code	2025-05-16T06:35:46.8281916Z   KAOS_ACTION: 
job-core	Checkout code	2025-05-16T06:35:46.8282128Z   KAOS_REF: refs/heads/H1149-desarrollo-de-orchestrator
job-core	Checkout code	2025-05-16T06:35:46.8282370Z   KAOS_MODULE: [Ka0S] kaos
job-core	Checkout code	2025-05-16T06:35:46.8282586Z   KAOS_PATH_RESUME: core/results/k/
job-core	Checkout code	2025-05-16T06:35:46.8282798Z   KAOS_JSON: core/results/k/event_data_
job-core	Checkout code	2025-05-16T06:35:46.8283009Z   KAOS_ACTOR: jh0ny2k2
job-core	Checkout code	2025-05-16T06:35:46.8283194Z   GITHUB_OUTPUT: 
job-core	Checkout code	2025-05-16T06:35:46.8283361Z ##[endgroup]
job-core	Checkout code	2025-05-16T06:35:46.8972392Z Syncing repository: Ka0s-Klaus/ka0s
job-core	Checkout code	2025-05-16T06:35:46.8973404Z ##[group]Getting Git version info
job-core	Checkout code	2025-05-16T06:35:46.8973707Z Working directory is '/actions-runner/_work/ka0s/ka0s'
job-core	Checkout code	2025-05-16T06:35:46.8974190Z [command]/usr/bin/git version
job-core	Checkout code	2025-05-16T06:35:46.8974395Z git version 2.43.0
job-core	Checkout code	2025-05-16T06:35:46.8994540Z ##[endgroup]
job-core	Checkout code	2025-05-16T06:35:46.9001912Z Copying '/home/kaos/.gitconfig' to '/actions-runner/_work/_temp/a0b3ac5e-cf97-43ab-9260-ec449330a831/.gitconfig'
job-core	Checkout code	2025-05-16T06:35:46.9010823Z Temporarily overriding HOME='/actions-runner/_work/_temp/a0b3ac5e-cf97-43ab-9260-ec449330a831' before making global git config changes
job-core	Checkout code	2025-05-16T06:35:46.9011734Z Adding repository directory to the temporary git global config as a safe directory
job-core	Checkout code	2025-05-16T06:35:46.9021197Z [command]/usr/bin/git config --global --add safe.directory /actions-runner/_work/ka0s/ka0s
job-core	Checkout code	2025-05-16T06:35:46.9107294Z [command]/usr/bin/git config --local --get remote.origin.url
job-core	Checkout code	2025-05-16T06:35:46.9125811Z https://github.com/Ka0s-Klaus/ka0s
job-core	Checkout code	2025-05-16T06:35:46.9146517Z ##[group]Removing previously created refs, to avoid conflicts
job-core	Checkout code	2025-05-16T06:35:46.9148174Z [command]/usr/bin/git rev-parse --symbolic-full-name --verify --quiet HEAD
job-core	Checkout code	2025-05-16T06:35:46.9169999Z refs/heads/H1149-desarrollo-de-orchestrator
job-core	Checkout code	2025-05-16T06:35:46.9180056Z [command]/usr/bin/git checkout --detach
job-core	Checkout code	2025-05-16T06:35:46.9276922Z HEAD is now at 4a182b08 [Ka0S] Uploading resume execution files and web/test structure to the repository...
job-core	Checkout code	2025-05-16T06:35:46.9307626Z [command]/usr/bin/git branch --delete --force H1149-desarrollo-de-orchestrator
job-core	Checkout code	2025-05-16T06:35:46.9333621Z Deleted branch H1149-desarrollo-de-orchestrator (was 4a182b08).
job-core	Checkout code	2025-05-16T06:35:46.9378412Z ##[endgroup]
job-core	Checkout code	2025-05-16T06:35:46.9378916Z [command]/usr/bin/git submodule status
job-core	Checkout code	2025-05-16T06:35:46.9602048Z ##[group]Cleaning the repository
job-core	Checkout code	2025-05-16T06:35:46.9602635Z [command]/usr/bin/git clean -ffdx
job-core	Checkout code	2025-05-16T06:35:46.9649043Z [command]/usr/bin/git reset --hard HEAD
job-core	Checkout code	2025-05-16T06:35:46.9776923Z HEAD is now at 4a182b08 [Ka0S] Uploading resume execution files and web/test structure to the repository...
job-core	Checkout code	2025-05-16T06:35:46.9778504Z ##[endgroup]
job-core	Checkout code	2025-05-16T06:35:46.9779077Z ##[group]Disabling automatic garbage collection
job-core	Checkout code	2025-05-16T06:35:46.9781429Z [command]/usr/bin/git config --local gc.auto 0
job-core	Checkout code	2025-05-16T06:35:46.9803692Z ##[endgroup]
job-core	Checkout code	2025-05-16T06:35:46.9804383Z ##[group]Setting up auth
job-core	Checkout code	2025-05-16T06:35:46.9809782Z [command]/usr/bin/git config --local --name-only --get-regexp core\.sshCommand
job-core	Checkout code	2025-05-16T06:35:46.9828990Z [command]/usr/bin/git submodule foreach --recursive sh -c "git config --local --name-only --get-regexp 'core\.sshCommand' && git config --local --unset-all 'core.sshCommand' || :"
job-core	Checkout code	2025-05-16T06:35:47.0060209Z [command]/usr/bin/git config --local --name-only --get-regexp http\.https\:\/\/github\.com\/\.extraheader
job-core	Checkout code	2025-05-16T06:35:47.0080323Z [command]/usr/bin/git submodule foreach --recursive sh -c "git config --local --name-only --get-regexp 'http\.https\:\/\/github\.com\/\.extraheader' && git config --local --unset-all 'http.https://github.com/.extraheader' || :"
job-core	Checkout code	2025-05-16T06:35:47.0303724Z [command]/usr/bin/git config --local http.https://github.com/.extraheader AUTHORIZATION: basic ***
job-core	Checkout code	2025-05-16T06:35:47.0341222Z ##[endgroup]
job-core	Checkout code	2025-05-16T06:35:47.0344896Z ##[group]Fetching the repository
job-core	Checkout code	2025-05-16T06:35:47.0345756Z [command]/usr/bin/git -c protocol.version=2 fetch --prune --no-recurse-submodules origin +refs/heads/*:refs/remotes/origin/* +refs/tags/*:refs/tags/*
job-core	Checkout code	2025-05-16T06:35:52.6205081Z [command]/usr/bin/git branch --list --remote origin/H1149-desarrollo-de-orchestrator
job-core	Checkout code	2025-05-16T06:35:52.6235668Z   origin/H1149-desarrollo-de-orchestrator
job-core	Checkout code	2025-05-16T06:35:52.6240989Z [command]/usr/bin/git rev-parse refs/remotes/origin/H1149-desarrollo-de-orchestrator
job-core	Checkout code	2025-05-16T06:35:52.6260181Z 4a182b08c12e755f1088716cc277ec5079a96ca2
job-core	Checkout code	2025-05-16T06:35:52.6272250Z [command]/usr/bin/git -c protocol.version=2 fetch --no-tags --prune --no-recurse-submodules origin +b58ef00b1ba3fe0dc6decdc00fe80741c98140ed:refs/remotes/origin/H1149-desarrollo-de-orchestrator
job-core	Checkout code	2025-05-16T06:35:52.6404080Z From https://github.com/Ka0s-Klaus/ka0s
job-core	Checkout code	2025-05-16T06:35:52.6405171Z  + 4a182b08...b58ef00b b58ef00b1ba3fe0dc6decdc00fe80741c98140ed -> origin/H1149-desarrollo-de-orchestrator  (forced update)
job-core	Checkout code	2025-05-16T06:35:52.6425417Z ##[endgroup]
job-core	Checkout code	2025-05-16T06:35:52.6425923Z ##[group]Determining the checkout info
job-core	Checkout code	2025-05-16T06:35:52.6426317Z ##[endgroup]
job-core	Checkout code	2025-05-16T06:35:52.6431851Z [command]/usr/bin/git sparse-checkout disable
job-core	Checkout code	2025-05-16T06:35:52.6502521Z [command]/usr/bin/git config --local --unset-all extensions.worktreeConfig
job-core	Checkout code	2025-05-16T06:35:52.6523899Z ##[group]Checking out the ref
job-core	Checkout code	2025-05-16T06:35:52.6527708Z [command]/usr/bin/git checkout --progress --force -B H1149-desarrollo-de-orchestrator refs/remotes/origin/H1149-desarrollo-de-orchestrator
job-core	Checkout code	2025-05-16T06:35:52.6705101Z Warning: you are leaving 1 commit behind, not connected to
job-core	Checkout code	2025-05-16T06:35:52.6706261Z any of your branches:
job-core	Checkout code	2025-05-16T06:35:52.6706646Z 
job-core	Checkout code	2025-05-16T06:35:52.6707105Z   4a182b08 [Ka0S] Uploading resume execution files and web/test structure to the repository...
job-core	Checkout code	2025-05-16T06:35:52.6707429Z 
job-core	Checkout code	2025-05-16T06:35:52.6707661Z If you want to keep it by creating a new branch, this may be a good time
job-core	Checkout code	2025-05-16T06:35:52.6707992Z to do so with:
job-core	Checkout code	2025-05-16T06:35:52.6708116Z 
job-core	Checkout code	2025-05-16T06:35:52.6708274Z  git branch <new-branch-name> 4a182b08
job-core	Checkout code	2025-05-16T06:35:52.6708449Z 
job-core	Checkout code	2025-05-16T06:35:52.6708630Z Switched to a new branch 'H1149-desarrollo-de-orchestrator'
job-core	Checkout code	2025-05-16T06:35:52.6709156Z branch 'H1149-desarrollo-de-orchestrator' set up to track 'origin/H1149-desarrollo-de-orchestrator'.
job-core	Checkout code	2025-05-16T06:35:52.6712443Z ##[endgroup]
job-core	Checkout code	2025-05-16T06:35:52.6753439Z [command]/usr/bin/git log -1 --format=%H
job-core	Checkout code	2025-05-16T06:35:52.6783667Z b58ef00b1ba3fe0dc6decdc00fe80741c98140ed
job-core	Validate file extensions	﻿2025-05-16T06:35:52.6936715Z ##[group]Run # Nueva ejecución
job-core	Validate file extensions	2025-05-16T06:35:52.6936996Z [36;1m# Nueva ejecución[0m
job-core	Validate file extensions	2025-05-16T06:35:52.6937412Z [36;1mRNNUMBER=$(echo "H1149-desarrollo-de-orchestrator" | grep -o '[0-9]*')[0m
job-core	Validate file extensions	2025-05-16T06:35:52.6937727Z [36;1mgh issue comment $RNNUMBER --body "Se inicia Ka0s 15061853702 "[0m
job-core	Validate file extensions	2025-05-16T06:35:52.6944907Z shell: /usr/bin/bash -e {0}
job-core	Validate file extensions	2025-05-16T06:35:52.6945166Z env:
job-core	Validate file extensions	2025-05-16T06:35:52.6945333Z   KAOS_CODE: 15061853702
job-core	Validate file extensions	2025-05-16T06:35:52.6945531Z   KAOS_EVENT_NAME: push
job-core	Validate file extensions	2025-05-16T06:35:52.6945738Z   KAOS_ACTION: 
job-core	Validate file extensions	2025-05-16T06:35:52.6945913Z   KAOS_REF: refs/heads/H1149-desarrollo-de-orchestrator
job-core	Validate file extensions	2025-05-16T06:35:52.6946121Z   KAOS_MODULE: [Ka0S] kaos
job-core	Validate file extensions	2025-05-16T06:35:52.6946284Z   KAOS_PATH_RESUME: core/results/k/
job-core	Validate file extensions	2025-05-16T06:35:52.6946464Z   KAOS_JSON: core/results/k/event_data_
job-core	Validate file extensions	2025-05-16T06:35:52.6946664Z   KAOS_ACTOR: jh0ny2k2
job-core	Validate file extensions	2025-05-16T06:35:52.6946811Z   GITHUB_OUTPUT: 
job-core	Validate file extensions	2025-05-16T06:35:52.6947092Z   GH_TOKEN: ***
job-core	Validate file extensions	2025-05-16T06:35:52.6947234Z ##[endgroup]
job-core	Validate file extensions	2025-05-16T06:35:53.6200651Z https://github.com/Ka0s-Klaus/ka0s/issues/1149#issuecomment-2885779812
job-core	Crear JSON	﻿2025-05-16T06:35:53.6247789Z ##[group]Run # Create JSON structure using proper bash syntax
job-core	Crear JSON	2025-05-16T06:35:53.6248139Z [36;1m# Create JSON structure using proper bash syntax[0m
job-core	Crear JSON	2025-05-16T06:35:53.6248385Z [36;1mcat > core/results/k/event_data_15061853702.json << EOF[0m
job-core	Crear JSON	2025-05-16T06:35:53.6248590Z [36;1m{[0m
job-core	Crear JSON	2025-05-16T06:35:53.6248727Z [36;1m  "event_type": "push",[0m
job-core	Crear JSON	2025-05-16T06:35:53.6248952Z [36;1m  "trigger_branch": "refs/heads/H1149-desarrollo-de-orchestrator",[0m
job-core	Crear JSON	2025-05-16T06:35:53.6249214Z [36;1m  "timestamp": "$(date -u +"%Y-%m-%dT%H:%M:%SZ")",[0m
job-core	Crear JSON	2025-05-16T06:35:53.6249406Z [36;1m  "author": {[0m
job-core	Crear JSON	2025-05-16T06:35:53.6249555Z [36;1m    "name": "jh0ny2k2",[0m
job-core	Crear JSON	2025-05-16T06:35:53.6249757Z [36;1m    "email": "117847861+jh0ny2k2@users.noreply.github.com"[0m
job-core	Crear JSON	2025-05-16T06:35:53.6249957Z [36;1m  },[0m
job-core	Crear JSON	2025-05-16T06:35:53.6250091Z [36;1m  "commits": [],[0m
job-core	Crear JSON	2025-05-16T06:35:53.6250237Z [36;1m  "files": [][0m
job-core	Crear JSON	2025-05-16T06:35:53.6250370Z [36;1m}[0m
job-core	Crear JSON	2025-05-16T06:35:53.6250500Z [36;1mEOF[0m
job-core	Crear JSON	2025-05-16T06:35:53.6250650Z [36;1m[0m
job-core	Crear JSON	2025-05-16T06:35:53.6250792Z [36;1m# Add commits if this is a push event[0m
job-core	Crear JSON	2025-05-16T06:35:53.6250980Z [36;1mif [[ "push" == "push" ]]; then[0m
job-core	Crear JSON	2025-05-16T06:35:53.6251167Z [36;1m  # Create a temporary file for commits[0m
job-core	Crear JSON	2025-05-16T06:35:53.6251353Z [36;1m  TEMP_COMMITS=$(mktemp)[0m
job-core	Crear JSON	2025-05-16T06:35:53.6251518Z [36;1m  echo "[" > "$TEMP_COMMITS"[0m
job-core	Crear JSON	2025-05-16T06:35:53.6251673Z [36;1m  [0m
job-core	Crear JSON	2025-05-16T06:35:53.6251803Z [36;1m  # Process each commit[0m
job-core	Crear JSON	2025-05-16T06:35:53.6251956Z [36;1m  FIRST=true[0m
job-core	Crear JSON	2025-05-16T06:35:53.6252114Z [36;1m  while IFS= read -r commit; do[0m
job-core	Crear JSON	2025-05-16T06:35:53.6252286Z [36;1m    if [ "$FIRST" = true ]; then[0m
job-core	Crear JSON	2025-05-16T06:35:53.6252453Z [36;1m      FIRST=false[0m
job-core	Crear JSON	2025-05-16T06:35:53.6252597Z [36;1m    else[0m
job-core	Crear JSON	2025-05-16T06:35:53.6252738Z [36;1m      echo "," >> "$TEMP_COMMITS"[0m
job-core	Crear JSON	2025-05-16T06:35:53.6252904Z [36;1m    fi[0m
job-core	Crear JSON	2025-05-16T06:35:53.6253166Z [36;1m    git log -1 --pretty=format:'{"sha":"%H","author":"%an","email":"%ae","date":"%aI","message":"%s"}' "$commit" >> "$TEMP_COMMITS"[0m
job-core	Crear JSON	2025-05-16T06:35:53.6253763Z [36;1m  done < <(git rev-list 18462da4c47cce6a842d3d194b98c1d126b0a39d..b58ef00b1ba3fe0dc6decdc00fe80741c98140ed)[0m
job-core	Crear JSON	2025-05-16T06:35:53.6254081Z [36;1m  echo "]" >> "$TEMP_COMMITS"[0m
job-core	Crear JSON	2025-05-16T06:35:53.6254288Z [36;1m  [0m
job-core	Crear JSON	2025-05-16T06:35:53.6254432Z [36;1m  # Insert commits into main JSON[0m
job-core	Crear JSON	2025-05-16T06:35:53.6254899Z [36;1m  sed -i.bak -e '/"commits": \[/r '$TEMP_COMMITS'' -e '/"commits": \[/d' core/results/k/event_data_15061853702.json[0m
job-core	Crear JSON	2025-05-16T06:35:53.6255246Z [36;1m  rm "$TEMP_COMMITS"[0m
job-core	Crear JSON	2025-05-16T06:35:53.6255434Z [36;1m[0m
job-core	Crear JSON	2025-05-16T06:35:53.6255592Z [36;1m  # Add changed files[0m
job-core	Crear JSON	2025-05-16T06:35:53.6255791Z [36;1m  TEMP_FILES=$(mktemp)[0m
job-core	Crear JSON	2025-05-16T06:35:53.6255990Z [36;1m  echo "[" > "$TEMP_FILES"[0m
job-core	Crear JSON	2025-05-16T06:35:53.6256170Z [36;1m  FIRST=true[0m
job-core	Crear JSON	2025-05-16T06:35:53.6256320Z [36;1m  while IFS= read -r file; do[0m
job-core	Crear JSON	2025-05-16T06:35:53.6256629Z [36;1m    if [ "$FIRST" = true ]; then[0m
job-core	Crear JSON	2025-05-16T06:35:53.6256802Z [36;1m      FIRST=false[0m
job-core	Crear JSON	2025-05-16T06:35:53.6256945Z [36;1m    else[0m
job-core	Crear JSON	2025-05-16T06:35:53.6257086Z [36;1m      echo "," >> "$TEMP_FILES"[0m
job-core	Crear JSON	2025-05-16T06:35:53.6257245Z [36;1m    fi[0m
job-core	Crear JSON	2025-05-16T06:35:53.6257391Z [36;1m    echo "\"$file\"" >> "$TEMP_FILES"[0m
job-core	Crear JSON	2025-05-16T06:35:53.6257718Z [36;1m  done < <(git diff --name-only 18462da4c47cce6a842d3d194b98c1d126b0a39d b58ef00b1ba3fe0dc6decdc00fe80741c98140ed)[0m
job-core	Crear JSON	2025-05-16T06:35:53.6258034Z [36;1m  echo "]" >> "$TEMP_FILES"[0m
job-core	Crear JSON	2025-05-16T06:35:53.6258189Z [36;1m  [0m
job-core	Crear JSON	2025-05-16T06:35:53.6258325Z [36;1m  # Insert files into main JSON[0m
job-core	Crear JSON	2025-05-16T06:35:53.6258585Z [36;1m  sed -i.bak -e '/"files": \[/r '$TEMP_FILES'' -e '/"files": \[/d' core/results/k/event_data_15061853702.json[0m
job-core	Crear JSON	2025-05-16T06:35:53.6258839Z [36;1m  rm "$TEMP_FILES"[0m
job-core	Crear JSON	2025-05-16T06:35:53.6259013Z [36;1melif [[ "push" == "pull_request" ]]; then[0m
job-core	Crear JSON	2025-05-16T06:35:53.6259209Z [36;1m  # Add pull request information[0m
job-core	Crear JSON	2025-05-16T06:35:53.6259464Z [36;1m  TEMP_PR=$(mktemp)[0m
job-core	Crear JSON	2025-05-16T06:35:53.6259620Z [36;1m  cat > "$TEMP_PR" << EOF[0m
job-core	Crear JSON	2025-05-16T06:35:53.6259783Z [36;1m  ,"pull_request": {[0m
job-core	Crear JSON	2025-05-16T06:35:53.6259934Z [36;1m    "action": "",[0m
job-core	Crear JSON	2025-05-16T06:35:53.6260081Z [36;1m    "number": "",[0m
job-core	Crear JSON	2025-05-16T06:35:53.6260225Z [36;1m    "title": ""[0m
job-core	Crear JSON	2025-05-16T06:35:53.6260365Z [36;1m  }[0m
job-core	Crear JSON	2025-05-16T06:35:53.6260508Z [36;1mEOF[0m
job-core	Crear JSON	2025-05-16T06:35:53.6260724Z [36;1m  sed -i.bak -e '/}$/r '$TEMP_PR'' core/results/k/event_data_15061853702.json[0m
job-core	Crear JSON	2025-05-16T06:35:53.6260945Z [36;1m  rm "$TEMP_PR"[0m
job-core	Crear JSON	2025-05-16T06:35:53.6261103Z [36;1melif [[ "push" == "issues" ]]; then[0m
job-core	Crear JSON	2025-05-16T06:35:53.6261282Z [36;1m  # Add issue information[0m
job-core	Crear JSON	2025-05-16T06:35:53.6261449Z [36;1m  TEMP_ISSUE=$(mktemp)[0m
job-core	Crear JSON	2025-05-16T06:35:53.6261613Z [36;1m  cat > "$TEMP_ISSUE" << EOF[0m
job-core	Crear JSON	2025-05-16T06:35:53.6261775Z [36;1m  ,"issue": {[0m
job-core	Crear JSON	2025-05-16T06:35:53.6261921Z [36;1m    "action": "",[0m
job-core	Crear JSON	2025-05-16T06:35:53.6262068Z [36;1m    "number": "",[0m
job-core	Crear JSON	2025-05-16T06:35:53.6262212Z [36;1m    "title": ""[0m
job-core	Crear JSON	2025-05-16T06:35:53.6262350Z [36;1m  }[0m
job-core	Crear JSON	2025-05-16T06:35:53.6262474Z [36;1mEOF[0m
job-core	Crear JSON	2025-05-16T06:35:53.6262668Z [36;1m  sed -i.bak -e '/}$/r '$TEMP_ISSUE'' core/results/k/event_data_15061853702.json[0m
job-core	Crear JSON	2025-05-16T06:35:53.6262896Z [36;1m  rm "$TEMP_ISSUE"[0m
job-core	Crear JSON	2025-05-16T06:35:53.6263049Z [36;1mfi[0m
job-core	Crear JSON	2025-05-16T06:35:53.6263170Z [36;1m[0m
job-core	Crear JSON	2025-05-16T06:35:53.6263309Z [36;1m# Store the file path for later use[0m
job-core	Crear JSON	2025-05-16T06:35:53.6263918Z [36;1mINVOLVED=core/results/k/files-in-commit-$KAOS_CODE_FILES.txt[0m
job-core	Crear JSON	2025-05-16T06:35:53.6273445Z [36;1mecho "INVOLVED=$INVOLVED" >> $GITHUB_ENV[0m
job-core	Crear JSON	2025-05-16T06:35:53.6278024Z shell: /usr/bin/bash -e {0}
job-core	Crear JSON	2025-05-16T06:35:53.6278185Z env:
job-core	Crear JSON	2025-05-16T06:35:53.6278316Z   KAOS_CODE: 15061853702
job-core	Crear JSON	2025-05-16T06:35:53.6278467Z   KAOS_EVENT_NAME: push
job-core	Crear JSON	2025-05-16T06:35:53.6278611Z   KAOS_ACTION: 
job-core	Crear JSON	2025-05-16T06:35:53.6278791Z   KAOS_REF: refs/heads/H1149-desarrollo-de-orchestrator
job-core	Crear JSON	2025-05-16T06:35:53.6278999Z   KAOS_MODULE: [Ka0S] kaos
job-core	Crear JSON	2025-05-16T06:35:53.6279158Z   KAOS_PATH_RESUME: core/results/k/
job-core	Crear JSON	2025-05-16T06:35:53.6279332Z   KAOS_JSON: core/results/k/event_data_
job-core	Crear JSON	2025-05-16T06:35:53.6279500Z   KAOS_ACTOR: jh0ny2k2
job-core	Crear JSON	2025-05-16T06:35:53.6279641Z   GITHUB_OUTPUT: 
job-core	Crear JSON	2025-05-16T06:35:53.6279775Z ##[endgroup]
job-core	Upload Files	﻿2025-05-16T06:35:53.6626953Z ##[group]Run echo "Uploading files to the repository..."
job-core	Upload Files	2025-05-16T06:35:53.6627227Z [36;1mecho "Uploading files to the repository..."[0m
job-core	Upload Files	2025-05-16T06:35:53.6627526Z [36;1mgit config --global user.name "***"[0m
job-core	Upload Files	2025-05-16T06:35:53.6627752Z [36;1mgit config --global user.email "***"[0m
job-core	Upload Files	2025-05-16T06:35:53.6627933Z [36;1mgit pull[0m
job-core	Upload Files	2025-05-16T06:35:53.6628084Z [36;1mgit add core/results/k/event_data_*[0m
job-core	Upload Files	2025-05-16T06:35:53.6628336Z [36;1mgit commit -m "[Ka0S] Uploading resume execution files to the repository..."[0m
job-core	Upload Files	2025-05-16T06:35:53.6628637Z [36;1mgit push origin refs/heads/H1149-desarrollo-de-orchestrator [0m
job-core	Upload Files	2025-05-16T06:35:53.6632583Z shell: /usr/bin/bash -e {0}
job-core	Upload Files	2025-05-16T06:35:53.6632749Z env:
job-core	Upload Files	2025-05-16T06:35:53.6632881Z   KAOS_CODE: 15061853702
job-core	Upload Files	2025-05-16T06:35:53.6633034Z   KAOS_EVENT_NAME: push
job-core	Upload Files	2025-05-16T06:35:53.6633182Z   KAOS_ACTION: 
job-core	Upload Files	2025-05-16T06:35:53.6633358Z   KAOS_REF: refs/heads/H1149-desarrollo-de-orchestrator
job-core	Upload Files	2025-05-16T06:35:53.6633799Z   KAOS_MODULE: [Ka0S] kaos
job-core	Upload Files	2025-05-16T06:35:53.6634281Z   KAOS_PATH_RESUME: core/results/k/
job-core	Upload Files	2025-05-16T06:35:53.6634612Z   KAOS_JSON: core/results/k/event_data_
job-core	Upload Files	2025-05-16T06:35:53.6634824Z   KAOS_ACTOR: jh0ny2k2
job-core	Upload Files	2025-05-16T06:35:53.6635003Z   GITHUB_OUTPUT: 
job-core	Upload Files	2025-05-16T06:35:53.6635206Z   INVOLVED: core/results/k/files-in-commit-.txt
job-core	Upload Files	2025-05-16T06:35:53.6635437Z ##[endgroup]
job-core	Upload Files	2025-05-16T06:35:53.6656024Z Uploading files to the repository...
job-core	Upload Files	2025-05-16T06:35:54.5938660Z From https://github.com/Ka0s-Klaus/ka0s
job-core	Upload Files	2025-05-16T06:35:54.5939346Z    b58ef00b..4a182b08  H1149-desarrollo-de-orchestrator -> origin/H1149-desarrollo-de-orchestrator
job-core	Upload Files	2025-05-16T06:35:54.6102651Z Updating b58ef00b..4a182b08
job-core	Upload Files	2025-05-16T06:35:54.6102976Z Fast-forward
job-core	Upload Files	2025-05-16T06:35:54.6128038Z  core/results/test/data/sections/section3.json |  27 +++---
job-core	Upload Files	2025-05-16T06:35:54.6128490Z  core/results/test/js/orchestrator.js          | 124 ++++++++++++++++++++------
job-core	Upload Files	2025-05-16T06:35:54.6128875Z  core/results/webs/test/js/orchestrator.js     | 124 ++++++++++++++++++++------
job-core	Upload Files	2025-05-16T06:35:54.6129233Z  core/results/webs/test/test.html              |  36 ++++++--
job-core	Upload Files	2025-05-16T06:35:54.6129523Z  4 files changed, 235 insertions(+), 76 deletions(-)
job-core	Upload Files	2025-05-16T06:35:54.6433468Z [H1149-desarrollo-de-orchestrator c6455908] [Ka0S] Uploading resume execution files to the repository...
job-core	Upload Files	2025-05-16T06:35:54.6433888Z  2 files changed, 48 insertions(+)
job-core	Upload Files	2025-05-16T06:35:54.6434297Z  create mode 100644 core/results/k/event_data_15061853702.json
job-core	Upload Files	2025-05-16T06:35:54.6434615Z  create mode 100644 core/results/k/event_data_15061853702.json.bak
job-core	Upload Files	2025-05-16T06:36:11.9631986Z To https://github.com/Ka0s-Klaus/ka0s
job-core	Upload Files	2025-05-16T06:36:11.9632545Z    4a182b08..c6455908  H1149-desarrollo-de-orchestrator -> H1149-desarrollo-de-orchestrator
job-core	Run git diff --name-only 18462da4c47cce6a842d3d194b98c1d126b0a39d b58ef00b1ba3fe0dc6decdc00fe80741c98140ed > files-in-commit.txt	﻿2025-05-16T06:36:11.9715381Z ##[group]Run git diff --name-only 18462da4c47cce6a842d3d194b98c1d126b0a39d b58ef00b1ba3fe0dc6decdc00fe80741c98140ed > files-in-commit.txt
job-core	Run git diff --name-only 18462da4c47cce6a842d3d194b98c1d126b0a39d b58ef00b1ba3fe0dc6decdc00fe80741c98140ed > files-in-commit.txt	2025-05-16T06:36:11.9716013Z [36;1mgit diff --name-only 18462da4c47cce6a842d3d194b98c1d126b0a39d b58ef00b1ba3fe0dc6decdc00fe80741c98140ed > files-in-commit.txt[0m
job-core	Run git diff --name-only 18462da4c47cce6a842d3d194b98c1d126b0a39d b58ef00b1ba3fe0dc6decdc00fe80741c98140ed > files-in-commit.txt	2025-05-16T06:36:11.9716450Z [36;1mcat files-in-commit.txt[0m
job-core	Run git diff --name-only 18462da4c47cce6a842d3d194b98c1d126b0a39d b58ef00b1ba3fe0dc6decdc00fe80741c98140ed > files-in-commit.txt	2025-05-16T06:36:11.9716654Z [36;1m# Nuevo proceso de activacion de los modulos[0m
job-core	Run git diff --name-only 18462da4c47cce6a842d3d194b98c1d126b0a39d b58ef00b1ba3fe0dc6decdc00fe80741c98140ed > files-in-commit.txt	2025-05-16T06:36:11.9716852Z [36;1mwhile IFS= read -r line; do[0m
job-core	Run git diff --name-only 18462da4c47cce6a842d3d194b98c1d126b0a39d b58ef00b1ba3fe0dc6decdc00fe80741c98140ed > files-in-commit.txt	2025-05-16T06:36:11.9717037Z [36;1m  # Skip files in core/outputs directory[0m
job-core	Run git diff --name-only 18462da4c47cce6a842d3d194b98c1d126b0a39d b58ef00b1ba3fe0dc6decdc00fe80741c98140ed > files-in-commit.txt	2025-05-16T06:36:11.9717270Z [36;1m  if [[ "$line" == core/outputs/* || "$line" == core/results/* ]]; then[0m
job-core	Run git diff --name-only 18462da4c47cce6a842d3d194b98c1d126b0a39d b58ef00b1ba3fe0dc6decdc00fe80741c98140ed > files-in-commit.txt	2025-05-16T06:36:11.9717520Z [36;1m    echo "Skipping file in outputs directory: $line"[0m
job-core	Run git diff --name-only 18462da4c47cce6a842d3d194b98c1d126b0a39d b58ef00b1ba3fe0dc6decdc00fe80741c98140ed > files-in-commit.txt	2025-05-16T06:36:11.9717721Z [36;1m    continue[0m
job-core	Run git diff --name-only 18462da4c47cce6a842d3d194b98c1d126b0a39d b58ef00b1ba3fe0dc6decdc00fe80741c98140ed > files-in-commit.txt	2025-05-16T06:36:11.9717870Z [36;1m  fi[0m
job-core	Run git diff --name-only 18462da4c47cce6a842d3d194b98c1d126b0a39d b58ef00b1ba3fe0dc6decdc00fe80741c98140ed > files-in-commit.txt	2025-05-16T06:36:11.9718079Z [36;1m  echo "I Leemos el fichero files-in-commit.txt y extraemos el fichero $line"[0m
job-core	Run git diff --name-only 18462da4c47cce6a842d3d194b98c1d126b0a39d b58ef00b1ba3fe0dc6decdc00fe80741c98140ed > files-in-commit.txt	2025-05-16T06:36:11.9718348Z [36;1m  module_failed=0[0m
job-core	Run git diff --name-only 18462da4c47cce6a842d3d194b98c1d126b0a39d b58ef00b1ba3fe0dc6decdc00fe80741c98140ed > files-in-commit.txt	2025-05-16T06:36:11.9718505Z [36;1m  extension_failed=0[0m
job-core	Run git diff --name-only 18462da4c47cce6a842d3d194b98c1d126b0a39d b58ef00b1ba3fe0dc6decdc00fe80741c98140ed > files-in-commit.txt	2025-05-16T06:36:11.9718668Z [36;1m  file_name=$(basename "$line")[0m
job-core	Run git diff --name-only 18462da4c47cce6a842d3d194b98c1d126b0a39d b58ef00b1ba3fe0dc6decdc00fe80741c98140ed > files-in-commit.txt	2025-05-16T06:36:11.9718877Z [36;1m  echo "I-1 Calculamos el nombre del fichero $file_name"[0m
job-core	Run git diff --name-only 18462da4c47cce6a842d3d194b98c1d126b0a39d b58ef00b1ba3fe0dc6decdc00fe80741c98140ed > files-in-commit.txt	2025-05-16T06:36:11.9719092Z [36;1m  file_extension="${file_name##*.}"[0m
job-core	Run git diff --name-only 18462da4c47cce6a842d3d194b98c1d126b0a39d b58ef00b1ba3fe0dc6decdc00fe80741c98140ed > files-in-commit.txt	2025-05-16T06:36:11.9719313Z [36;1m  echo "I-2 Calculamos la extension del fichero $file_extension"[0m
job-core	Run git diff --name-only 18462da4c47cce6a842d3d194b98c1d126b0a39d b58ef00b1ba3fe0dc6decdc00fe80741c98140ed > files-in-commit.txt	2025-05-16T06:36:11.9719546Z [36;1m  file_module="$file_extension""lint.yml"[0m
job-core	Run git diff --name-only 18462da4c47cce6a842d3d194b98c1d126b0a39d b58ef00b1ba3fe0dc6decdc00fe80741c98140ed > files-in-commit.txt	2025-05-16T06:36:11.9719750Z [36;1m  echo "I-3 Calculamos el modulo $file_module"[0m
job-core	Run git diff --name-only 18462da4c47cce6a842d3d194b98c1d126b0a39d b58ef00b1ba3fe0dc6decdc00fe80741c98140ed > files-in-commit.txt	2025-05-16T06:36:11.9719956Z [36;1m  IFS=',' read -r -a file_array <<< "$files"[0m
job-core	Run git diff --name-only 18462da4c47cce6a842d3d194b98c1d126b0a39d b58ef00b1ba3fe0dc6decdc00fe80741c98140ed > files-in-commit.txt	2025-05-16T06:36:11.9720150Z [36;1m  for file in "${file_array[@]}"; do[0m
job-core	Run git diff --name-only 18462da4c47cce6a842d3d194b98c1d126b0a39d b58ef00b1ba3fe0dc6decdc00fe80741c98140ed > files-in-commit.txt	2025-05-16T06:36:11.9720337Z [36;1m    echo "II Leemos el array de $file"[0m
job-core	Run git diff --name-only 18462da4c47cce6a842d3d194b98c1d126b0a39d b58ef00b1ba3fe0dc6decdc00fe80741c98140ed > files-in-commit.txt	2025-05-16T06:36:11.9720633Z [36;1m    if [[ "$file_extension" == "$file" ]]; then[0m
job-core	Run git diff --name-only 18462da4c47cce6a842d3d194b98c1d126b0a39d b58ef00b1ba3fe0dc6decdc00fe80741c98140ed > files-in-commit.txt	2025-05-16T06:36:11.9720860Z [36;1m      echo "III Comprobamos si $file_extension es igual a $file"[0m
job-core	Run git diff --name-only 18462da4c47cce6a842d3d194b98c1d126b0a39d b58ef00b1ba3fe0dc6decdc00fe80741c98140ed > files-in-commit.txt	2025-05-16T06:36:11.9721101Z [36;1m      IFS=',' read -r -a module_array <<< "$modules"[0m
job-core	Run git diff --name-only 18462da4c47cce6a842d3d194b98c1d126b0a39d b58ef00b1ba3fe0dc6decdc00fe80741c98140ed > files-in-commit.txt	2025-05-16T06:36:11.9721378Z [36;1m      for module in "${module_array[@]}"; do[0m
job-core	Run git diff --name-only 18462da4c47cce6a842d3d194b98c1d126b0a39d b58ef00b1ba3fe0dc6decdc00fe80741c98140ed > files-in-commit.txt	2025-05-16T06:36:11.9721628Z [36;1m        echo "IV Leemos el array $module"[0m
job-core	Run git diff --name-only 18462da4c47cce6a842d3d194b98c1d126b0a39d b58ef00b1ba3fe0dc6decdc00fe80741c98140ed > files-in-commit.txt	2025-05-16T06:36:11.9721855Z [36;1m        if [[ "$file_module" == *"$module"* ]]; then[0m
job-core	Run git diff --name-only 18462da4c47cce6a842d3d194b98c1d126b0a39d b58ef00b1ba3fe0dc6decdc00fe80741c98140ed > files-in-commit.txt	2025-05-16T06:36:11.9722274Z [36;1m          echo "V Comprobamos que el $file_module es igual a $module y ejecutamos el flujo"[0m
job-core	Run git diff --name-only 18462da4c47cce6a842d3d194b98c1d126b0a39d b58ef00b1ba3fe0dc6decdc00fe80741c98140ed > files-in-commit.txt	2025-05-16T06:36:11.9722639Z [36;1m          # Si hemos llegado hasta aquí ejecutamos el módulo[0m
job-core	Run git diff --name-only 18462da4c47cce6a842d3d194b98c1d126b0a39d b58ef00b1ba3fe0dc6decdc00fe80741c98140ed > files-in-commit.txt	2025-05-16T06:36:11.9722942Z [36;1m          # Lanzamos el lint del fichero[0m
job-core	Run git diff --name-only 18462da4c47cce6a842d3d194b98c1d126b0a39d b58ef00b1ba3fe0dc6decdc00fe80741c98140ed > files-in-commit.txt	2025-05-16T06:36:11.9723248Z [36;1m          RNNUMBER=$(echo "refs/heads/H1149-desarrollo-de-orchestrator" | grep -o '[0-9]*')[0m
job-core	Run git diff --name-only 18462da4c47cce6a842d3d194b98c1d126b0a39d b58ef00b1ba3fe0dc6decdc00fe80741c98140ed > files-in-commit.txt	2025-05-16T06:36:11.9766786Z [36;1m          echo "El numero de la issue es: $RNNUMBER"[0m
job-core	Run git diff --name-only 18462da4c47cce6a842d3d194b98c1d126b0a39d b58ef00b1ba3fe0dc6decdc00fe80741c98140ed > files-in-commit.txt	2025-05-16T06:36:11.9767269Z [36;1m          gh workflow run $file_module --ref refs/heads/H1149-desarrollo-de-orchestrator -f kaos-origin=15061853702 -f kaos-files=$line -f kaos-issue-id=$RNNUMBER -f kaos-user-start=jh0ny2k2[0m
job-core	Run git diff --name-only 18462da4c47cce6a842d3d194b98c1d126b0a39d b58ef00b1ba3fe0dc6decdc00fe80741c98140ed > files-in-commit.txt	2025-05-16T06:36:11.9767715Z [36;1m          module_failed=0[0m
job-core	Run git diff --name-only 18462da4c47cce6a842d3d194b98c1d126b0a39d b58ef00b1ba3fe0dc6decdc00fe80741c98140ed > files-in-commit.txt	2025-05-16T06:36:11.9767898Z [36;1m          extension_failed=0[0m
job-core	Run git diff --name-only 18462da4c47cce6a842d3d194b98c1d126b0a39d b58ef00b1ba3fe0dc6decdc00fe80741c98140ed > files-in-commit.txt	2025-05-16T06:36:11.9768095Z [36;1m          break[0m
job-core	Run git diff --name-only 18462da4c47cce6a842d3d194b98c1d126b0a39d b58ef00b1ba3fe0dc6decdc00fe80741c98140ed > files-in-commit.txt	2025-05-16T06:36:11.9768258Z [36;1m        else[0m
job-core	Run git diff --name-only 18462da4c47cce6a842d3d194b98c1d126b0a39d b58ef00b1ba3fe0dc6decdc00fe80741c98140ed > files-in-commit.txt	2025-05-16T06:36:11.9768457Z [36;1m          # Control de si existe el modulo para esa extension"[0m
job-core	Run git diff --name-only 18462da4c47cce6a842d3d194b98c1d126b0a39d b58ef00b1ba3fe0dc6decdc00fe80741c98140ed > files-in-commit.txt	2025-05-16T06:36:11.9768804Z [36;1m          echo "VI No es igual $file_module a $module y lo indicamos en la variable module_failed=1"[0m
job-core	Run git diff --name-only 18462da4c47cce6a842d3d194b98c1d126b0a39d b58ef00b1ba3fe0dc6decdc00fe80741c98140ed > files-in-commit.txt	2025-05-16T06:36:11.9769086Z [36;1m          module_failed=1[0m
job-core	Run git diff --name-only 18462da4c47cce6a842d3d194b98c1d126b0a39d b58ef00b1ba3fe0dc6decdc00fe80741c98140ed > files-in-commit.txt	2025-05-16T06:36:11.9769273Z [36;1m        fi[0m
job-core	Run git diff --name-only 18462da4c47cce6a842d3d194b98c1d126b0a39d b58ef00b1ba3fe0dc6decdc00fe80741c98140ed > files-in-commit.txt	2025-05-16T06:36:11.9769409Z [36;1m      done[0m
job-core	Run git diff --name-only 18462da4c47cce6a842d3d194b98c1d126b0a39d b58ef00b1ba3fe0dc6decdc00fe80741c98140ed > files-in-commit.txt	2025-05-16T06:36:11.9769542Z [36;1m      break[0m
job-core	Run git diff --name-only 18462da4c47cce6a842d3d194b98c1d126b0a39d b58ef00b1ba3fe0dc6decdc00fe80741c98140ed > files-in-commit.txt	2025-05-16T06:36:11.9769684Z [36;1m    else[0m
job-core	Run git diff --name-only 18462da4c47cce6a842d3d194b98c1d126b0a39d b58ef00b1ba3fe0dc6decdc00fe80741c98140ed > files-in-commit.txt	2025-05-16T06:36:11.9769853Z [36;1m      # Control de si existe el modulo para esa extension"[0m
job-core	Run git diff --name-only 18462da4c47cce6a842d3d194b98c1d126b0a39d b58ef00b1ba3fe0dc6decdc00fe80741c98140ed > files-in-commit.txt	2025-05-16T06:36:11.9770369Z [36;1m      echo "VII No es igual $file_extension a $file y lo indicamos en la variable extension_failed=1"[0m
job-core	Run git diff --name-only 18462da4c47cce6a842d3d194b98c1d126b0a39d b58ef00b1ba3fe0dc6decdc00fe80741c98140ed > files-in-commit.txt	2025-05-16T06:36:11.9770630Z [36;1m      extension_failed=1[0m
job-core	Run git diff --name-only 18462da4c47cce6a842d3d194b98c1d126b0a39d b58ef00b1ba3fe0dc6decdc00fe80741c98140ed > files-in-commit.txt	2025-05-16T06:36:11.9770786Z [36;1m    fi  [0m
job-core	Run git diff --name-only 18462da4c47cce6a842d3d194b98c1d126b0a39d b58ef00b1ba3fe0dc6decdc00fe80741c98140ed > files-in-commit.txt	2025-05-16T06:36:11.9770914Z [36;1m  done[0m
job-core	Run git diff --name-only 18462da4c47cce6a842d3d194b98c1d126b0a39d b58ef00b1ba3fe0dc6decdc00fe80741c98140ed > files-in-commit.txt	2025-05-16T06:36:11.9771060Z [36;1m  if [[ $module_failed == 1 ]]; then[0m
job-core	Run git diff --name-only 18462da4c47cce6a842d3d194b98c1d126b0a39d b58ef00b1ba3fe0dc6decdc00fe80741c98140ed > files-in-commit.txt	2025-05-16T06:36:11.9771325Z [36;1m    echo "IX Si el modulo falla ($module_failed) añadimos el comentario a la issue"[0m
job-core	Run git diff --name-only 18462da4c47cce6a842d3d194b98c1d126b0a39d b58ef00b1ba3fe0dc6decdc00fe80741c98140ed > files-in-commit.txt	2025-05-16T06:36:11.9771772Z [36;1m    # Si hemos llegado hasta aquí añadimos el mensaje de que la extension esta permitida pero no dispone de modulo activo y aqui finaliza el proceso[0m
job-core	Run git diff --name-only 18462da4c47cce6a842d3d194b98c1d126b0a39d b58ef00b1ba3fe0dc6decdc00fe80741c98140ed > files-in-commit.txt	2025-05-16T06:36:11.9772147Z [36;1m    # Añadimos los valores a las variables de la issue[0m
job-core	Run git diff --name-only 18462da4c47cce6a842d3d194b98c1d126b0a39d b58ef00b1ba3fe0dc6decdc00fe80741c98140ed > files-in-commit.txt	2025-05-16T06:36:11.9772659Z [36;1m    KAOS_ISSUE_BODY="[Ka0S] kaos ha detectado que la extensión ($file_extension) esta permitida dentro de KAOS_CORE_FILES, pero el módulo asociado ($file_module) no esta activo. Por favor compruebe que exista y esta activo."[0m
job-core	Run git diff --name-only 18462da4c47cce6a842d3d194b98c1d126b0a39d b58ef00b1ba3fe0dc6decdc00fe80741c98140ed > files-in-commit.txt	2025-05-16T06:36:11.9773160Z [36;1m    # Añadimos el comentario a la issue[0m
job-core	Run git diff --name-only 18462da4c47cce6a842d3d194b98c1d126b0a39d b58ef00b1ba3fe0dc6decdc00fe80741c98140ed > files-in-commit.txt	2025-05-16T06:36:11.9773434Z [36;1m    RNNUMBER=$(echo "refs/heads/H1149-desarrollo-de-orchestrator" | grep -o '[0-9]*')[0m
job-core	Run git diff --name-only 18462da4c47cce6a842d3d194b98c1d126b0a39d b58ef00b1ba3fe0dc6decdc00fe80741c98140ed > files-in-commit.txt	2025-05-16T06:36:11.9773860Z [36;1m    gh issue comment $RNNUMBER --body "$KAOS_ISSUE_BODY"[0m
job-core	Run git diff --name-only 18462da4c47cce6a842d3d194b98c1d126b0a39d b58ef00b1ba3fe0dc6decdc00fe80741c98140ed > files-in-commit.txt	2025-05-16T06:36:11.9774088Z [36;1m  fi[0m
job-core	Run git diff --name-only 18462da4c47cce6a842d3d194b98c1d126b0a39d b58ef00b1ba3fe0dc6decdc00fe80741c98140ed > files-in-commit.txt	2025-05-16T06:36:11.9774293Z [36;1m  if [[ $extension_failed == 1 ]]; then[0m
job-core	Run git diff --name-only 18462da4c47cce6a842d3d194b98c1d126b0a39d b58ef00b1ba3fe0dc6decdc00fe80741c98140ed > files-in-commit.txt	2025-05-16T06:36:11.9774610Z [36;1m    echo "X Si extension falla falla ($extension_failed) añadimos el comentario a la issue"[0m
job-core	Run git diff --name-only 18462da4c47cce6a842d3d194b98c1d126b0a39d b58ef00b1ba3fe0dc6decdc00fe80741c98140ed > files-in-commit.txt	2025-05-16T06:36:11.9775015Z [36;1m    # Si hemos llegado hasta aquí añadimos el mensaje de que la extension no esta permitida[0m
job-core	Run git diff --name-only 18462da4c47cce6a842d3d194b98c1d126b0a39d b58ef00b1ba3fe0dc6decdc00fe80741c98140ed > files-in-commit.txt	2025-05-16T06:36:11.9775353Z [36;1m    # Añadimos los valores a las variables de la issue[0m
job-core	Run git diff --name-only 18462da4c47cce6a842d3d194b98c1d126b0a39d b58ef00b1ba3fe0dc6decdc00fe80741c98140ed > files-in-commit.txt	2025-05-16T06:36:11.9775824Z [36;1m    KAOS_ISSUE_BODY="[Ka0S] kaos ha detectado que la extensión ($file_extension) NO esta permitida dentro de KAOS_CORE_FILES. Por favor compruebe que exista y esta activo."[0m
job-core	Run git diff --name-only 18462da4c47cce6a842d3d194b98c1d126b0a39d b58ef00b1ba3fe0dc6decdc00fe80741c98140ed > files-in-commit.txt	2025-05-16T06:36:11.9776285Z [36;1m    # Añadimos el comentario a la issue[0m
job-core	Run git diff --name-only 18462da4c47cce6a842d3d194b98c1d126b0a39d b58ef00b1ba3fe0dc6decdc00fe80741c98140ed > files-in-commit.txt	2025-05-16T06:36:11.9776552Z [36;1m    RNNUMBER=$(echo "refs/heads/H1149-desarrollo-de-orchestrator" | grep -o '[0-9]*')[0m
job-core	Run git diff --name-only 18462da4c47cce6a842d3d194b98c1d126b0a39d b58ef00b1ba3fe0dc6decdc00fe80741c98140ed > files-in-commit.txt	2025-05-16T06:36:11.9776848Z [36;1m    gh issue comment $RNNUMBER --body "$KAOS_ISSUE_BODY"[0m
job-core	Run git diff --name-only 18462da4c47cce6a842d3d194b98c1d126b0a39d b58ef00b1ba3fe0dc6decdc00fe80741c98140ed > files-in-commit.txt	2025-05-16T06:36:11.9777043Z [36;1m  fi  [0m
job-core	Run git diff --name-only 18462da4c47cce6a842d3d194b98c1d126b0a39d b58ef00b1ba3fe0dc6decdc00fe80741c98140ed > files-in-commit.txt	2025-05-16T06:36:11.9777353Z [36;1***one < files-in-commit.txt      [0m
job-core	Run git diff --name-only 18462da4c47cce6a842d3d194b98c1d126b0a39d b58ef00b1ba3fe0dc6decdc00fe80741c98140ed > files-in-commit.txt	2025-05-16T06:36:11.9781355Z shell: /usr/bin/bash -e {0}
job-core	Run git diff --name-only 18462da4c47cce6a842d3d194b98c1d126b0a39d b58ef00b1ba3fe0dc6decdc00fe80741c98140ed > files-in-commit.txt	2025-05-16T06:36:11.9781511Z env:
job-core	Run git diff --name-only 18462da4c47cce6a842d3d194b98c1d126b0a39d b58ef00b1ba3fe0dc6decdc00fe80741c98140ed > files-in-commit.txt	2025-05-16T06:36:11.9781640Z   KAOS_CODE: 15061853702
job-core	Run git diff --name-only 18462da4c47cce6a842d3d194b98c1d126b0a39d b58ef00b1ba3fe0dc6decdc00fe80741c98140ed > files-in-commit.txt	2025-05-16T06:36:11.9781786Z   KAOS_EVENT_NAME: push
job-core	Run git diff --name-only 18462da4c47cce6a842d3d194b98c1d126b0a39d b58ef00b1ba3fe0dc6decdc00fe80741c98140ed > files-in-commit.txt	2025-05-16T06:36:11.9781926Z   KAOS_ACTION: 
job-core	Run git diff --name-only 18462da4c47cce6a842d3d194b98c1d126b0a39d b58ef00b1ba3fe0dc6decdc00fe80741c98140ed > files-in-commit.txt	2025-05-16T06:36:11.9782094Z   KAOS_REF: refs/heads/H1149-desarrollo-de-orchestrator
job-core	Run git diff --name-only 18462da4c47cce6a842d3d194b98c1d126b0a39d b58ef00b1ba3fe0dc6decdc00fe80741c98140ed > files-in-commit.txt	2025-05-16T06:36:11.9782292Z   KAOS_MODULE: [Ka0S] kaos
job-core	Run git diff --name-only 18462da4c47cce6a842d3d194b98c1d126b0a39d b58ef00b1ba3fe0dc6decdc00fe80741c98140ed > files-in-commit.txt	2025-05-16T06:36:11.9782445Z   KAOS_PATH_RESUME: core/results/k/
job-core	Run git diff --name-only 18462da4c47cce6a842d3d194b98c1d126b0a39d b58ef00b1ba3fe0dc6decdc00fe80741c98140ed > files-in-commit.txt	2025-05-16T06:36:11.9782624Z   KAOS_JSON: core/results/k/event_data_
job-core	Run git diff --name-only 18462da4c47cce6a842d3d194b98c1d126b0a39d b58ef00b1ba3fe0dc6decdc00fe80741c98140ed > files-in-commit.txt	2025-05-16T06:36:11.9782785Z   KAOS_ACTOR: jh0ny2k2
job-core	Run git diff --name-only 18462da4c47cce6a842d3d194b98c1d126b0a39d b58ef00b1ba3fe0dc6decdc00fe80741c98140ed > files-in-commit.txt	2025-05-16T06:36:11.9782923Z   GITHUB_OUTPUT: 
job-core	Run git diff --name-only 18462da4c47cce6a842d3d194b98c1d126b0a39d b58ef00b1ba3fe0dc6decdc00fe80741c98140ed > files-in-commit.txt	2025-05-16T06:36:11.9783087Z   INVOLVED: core/results/k/files-in-commit-.txt
job-core	Run git diff --name-only 18462da4c47cce6a842d3d194b98c1d126b0a39d b58ef00b1ba3fe0dc6decdc00fe80741c98140ed > files-in-commit.txt	2025-05-16T06:36:11.9783440Z   modules: ***
job-core	Run git diff --name-only 18462da4c47cce6a842d3d194b98c1d126b0a39d b58ef00b1ba3fe0dc6decdc00fe80741c98140ed > files-in-commit.txt	2025-05-16T06:36:11.9783578Z   files: ***
job-core	Run git diff --name-only 18462da4c47cce6a842d3d194b98c1d126b0a39d b58ef00b1ba3fe0dc6decdc00fe80741c98140ed > files-in-commit.txt	2025-05-16T06:36:11.9783775Z   GH_TOKEN: ***
job-core	Run git diff --name-only 18462da4c47cce6a842d3d194b98c1d126b0a39d b58ef00b1ba3fe0dc6decdc00fe80741c98140ed > files-in-commit.txt	2025-05-16T06:36:11.9783906Z ##[endgroup]
job-core	Run git diff --name-only 18462da4c47cce6a842d3d194b98c1d126b0a39d b58ef00b1ba3fe0dc6decdc00fe80741c98140ed > files-in-commit.txt	2025-05-16T06:36:11.9852839Z core/outputs/i/15042909051.json
job-core	Run git diff --name-only 18462da4c47cce6a842d3d194b98c1d126b0a39d b58ef00b1ba3fe0dc6decdc00fe80741c98140ed > files-in-commit.txt	2025-05-16T06:36:11.9853343Z core/outputs/i/15042909051.log
job-core	Run git diff --name-only 18462da4c47cce6a842d3d194b98c1d126b0a39d b58ef00b1ba3fe0dc6decdc00fe80741c98140ed > files-in-commit.txt	2025-05-16T06:36:11.9853643Z core/outputs/i/15042909068.json
job-core	Run git diff --name-only 18462da4c47cce6a842d3d194b98c1d126b0a39d b58ef00b1ba3fe0dc6decdc00fe80741c98140ed > files-in-commit.txt	2025-05-16T06:36:11.9853976Z core/outputs/i/15042909068.log
job-core	Run git diff --name-only 18462da4c47cce6a842d3d194b98c1d126b0a39d b58ef00b1ba3fe0dc6decdc00fe80741c98140ed > files-in-commit.txt	2025-05-16T06:36:11.9854307Z core/outputs/i/15042915013.json
job-core	Run git diff --name-only 18462da4c47cce6a842d3d194b98c1d126b0a39d b58ef00b1ba3fe0dc6decdc00fe80741c98140ed > files-in-commit.txt	2025-05-16T06:36:11.9854574Z core/outputs/i/15042915013.log
job-core	Run git diff --name-only 18462da4c47cce6a842d3d194b98c1d126b0a39d b58ef00b1ba3fe0dc6decdc00fe80741c98140ed > files-in-commit.txt	2025-05-16T06:36:11.9854819Z core/outputs/i/15042915194.json
job-core	Run git diff --name-only 18462da4c47cce6a842d3d194b98c1d126b0a39d b58ef00b1ba3fe0dc6decdc00fe80741c98140ed > files-in-commit.txt	2025-05-16T06:36:11.9855079Z core/outputs/i/15042915194.log
job-core	Run git diff --name-only 18462da4c47cce6a842d3d194b98c1d126b0a39d b58ef00b1ba3fe0dc6decdc00fe80741c98140ed > files-in-commit.txt	2025-05-16T06:36:11.9858343Z Skipping file in outputs directory: core/outputs/i/15042909051.json
job-core	Run git diff --name-only 18462da4c47cce6a842d3d194b98c1d126b0a39d b58ef00b1ba3fe0dc6decdc00fe80741c98140ed > files-in-commit.txt	2025-05-16T06:36:11.9858929Z Skipping file in outputs directory: core/outputs/i/15042909051.log
job-core	Run git diff --name-only 18462da4c47cce6a842d3d194b98c1d126b0a39d b58ef00b1ba3fe0dc6decdc00fe80741c98140ed > files-in-commit.txt	2025-05-16T06:36:11.9859408Z Skipping file in outputs directory: core/outputs/i/15042909068.json
job-core	Run git diff --name-only 18462da4c47cce6a842d3d194b98c1d126b0a39d b58ef00b1ba3fe0dc6decdc00fe80741c98140ed > files-in-commit.txt	2025-05-16T06:36:11.9860155Z Skipping file in outputs directory: core/outputs/i/15042909068.log
job-core	Run git diff --name-only 18462da4c47cce6a842d3d194b98c1d126b0a39d b58ef00b1ba3fe0dc6decdc00fe80741c98140ed > files-in-commit.txt	2025-05-16T06:36:11.9860770Z Skipping file in outputs directory: core/outputs/i/15042915013.json
job-core	Run git diff --name-only 18462da4c47cce6a842d3d194b98c1d126b0a39d b58ef00b1ba3fe0dc6decdc00fe80741c98140ed > files-in-commit.txt	2025-05-16T06:36:11.9861214Z Skipping file in outputs directory: core/outputs/i/15042915013.log
job-core	Run git diff --name-only 18462da4c47cce6a842d3d194b98c1d126b0a39d b58ef00b1ba3fe0dc6decdc00fe80741c98140ed > files-in-commit.txt	2025-05-16T06:36:11.9861658Z Skipping file in outputs directory: core/outputs/i/15042915194.json
job-core	Run git diff --name-only 18462da4c47cce6a842d3d194b98c1d126b0a39d b58ef00b1ba3fe0dc6decdc00fe80741c98140ed > files-in-commit.txt	2025-05-16T06:36:11.9862097Z Skipping file in outputs directory: core/outputs/i/15042915194.log
job-core	Post Checkout code	﻿2025-05-16T06:36:11.9923200Z Post job cleanup.
job-core	Post Checkout code	2025-05-16T06:36:12.0607963Z [command]/usr/bin/git version
job-core	Post Checkout code	2025-05-16T06:36:12.0632289Z git version 2.43.0
job-core	Post Checkout code	2025-05-16T06:36:12.0671628Z Copying '/home/kaos/.gitconfig' to '/actions-runner/_work/_temp/15e5a4bb-1e97-417b-bdac-15453a9b357a/.gitconfig'
job-core	Post Checkout code	2025-05-16T06:36:12.0682962Z Temporarily overriding HOME='/actions-runner/_work/_temp/15e5a4bb-1e97-417b-bdac-15453a9b357a' before making global git config changes
job-core	Post Checkout code	2025-05-16T06:36:12.0683928Z Adding repository directory to the temporary git global config as a safe directory
job-core	Post Checkout code	2025-05-16T06:36:12.0688828Z [command]/usr/bin/git config --global --add safe.directory /actions-runner/_work/ka0s/ka0s
job-core	Post Checkout code	2025-05-16T06:36:12.0725566Z [command]/usr/bin/git config --local --name-only --get-regexp core\.sshCommand
job-core	Post Checkout code	2025-05-16T06:36:12.0749052Z [command]/usr/bin/git submodule foreach --recursive sh -c "git config --local --name-only --get-regexp 'core\.sshCommand' && git config --local --unset-all 'core.sshCommand' || :"
job-core	Post Checkout code	2025-05-16T06:36:12.0969910Z [command]/usr/bin/git config --local --name-only --get-regexp http\.https\:\/\/github\.com\/\.extraheader
job-core	Post Checkout code	2025-05-16T06:36:12.0987810Z http.https://github.com/.extraheader
job-core	Post Checkout code	2025-05-16T06:36:12.0998985Z [command]/usr/bin/git config --local --unset-all http.https://github.com/.extraheader
job-core	Post Checkout code	2025-05-16T06:36:12.1033983Z [command]/usr/bin/git submodule foreach --recursive sh -c "git config --local --name-only --get-regexp 'http\.https\:\/\/github\.com\/\.extraheader' && git config --local --unset-all 'http.https://github.com/.extraheader' || :"
job-core	Complete job	﻿2025-05-16T06:36:12.1342799Z Cleaning up orphan processes
handle-success	Set up job	﻿2025-05-16T06:38:03.4137630Z Current runner version: '2.323.0'
handle-success	Set up job	2025-05-16T06:38:03.4141567Z Runner name: 'ka0s-9'
handle-success	Set up job	2025-05-16T06:38:03.4142105Z Machine name: '26a53205c9ac'
handle-success	Set up job	2025-05-16T06:38:03.4143430Z ##[group]GITHUB_TOKEN Permissions
handle-success	Set up job	2025-05-16T06:38:03.4145004Z Contents: read
handle-success	Set up job	2025-05-16T06:38:03.4145302Z Metadata: read
handle-success	Set up job	2025-05-16T06:38:03.4145589Z Packages: read
handle-success	Set up job	2025-05-16T06:38:03.4145862Z ##[endgroup]
handle-success	Set up job	2025-05-16T06:38:03.4147162Z Secret source: Actions
handle-success	Set up job	2025-05-16T06:38:03.4147586Z Prepare workflow directory
handle-success	Set up job	2025-05-16T06:38:03.4517843Z Prepare all required actions
handle-success	Set up job	2025-05-16T06:38:03.4543138Z Getting action download info
handle-success	Set up job	2025-05-16T06:38:04.9070199Z Download action repository 'actions/checkout@v4' (SHA:11bd71901bbe5b1630ceea73d27597364c9af683)
handle-success	Set up job	2025-05-16T06:39:44.9227426Z ##[warning]Failed to download action 'https://api.github.com/repos/actions/checkout/tarball/11bd71901bbe5b1630ceea73d27597364c9af683'. Error: The request was canceled due to the configured HttpClient.Timeout of 100 seconds elapsing. 
handle-success	Set up job	2025-05-16T06:39:44.9234276Z ##[warning]Back off 20.141 seconds before retry.
handle-success	Set up job	2025-05-16T06:40:05.8228382Z Complete job name: handle-success
handle-success	Checkout code	﻿2025-05-16T06:40:05.8505875Z ##[group]Run actions/checkout@v4
handle-success	Checkout code	2025-05-16T06:40:05.8506255Z with:
handle-success	Checkout code	2025-05-16T06:40:05.8506449Z   fetch-depth: 0
handle-success	Checkout code	2025-05-16T06:40:05.8506853Z   token: ***
handle-success	Checkout code	2025-05-16T06:40:05.8507025Z   repository: Ka0s-Klaus/ka0s
handle-success	Checkout code	2025-05-16T06:40:05.8507211Z   ssh-strict: true
handle-success	Checkout code	2025-05-16T06:40:05.8507367Z   ssh-user: git
handle-success	Checkout code	2025-05-16T06:40:05.8507537Z   persist-credentials: true
handle-success	Checkout code	2025-05-16T06:40:05.8507716Z   clean: true
handle-success	Checkout code	2025-05-16T06:40:05.8507892Z   sparse-checkout-cone-mode: true
handle-success	Checkout code	2025-05-16T06:40:05.8508087Z   fetch-tags: false
handle-success	Checkout code	2025-05-16T06:40:05.8508256Z   show-progress: true
handle-success	Checkout code	2025-05-16T06:40:05.8508420Z   lfs: false
handle-success	Checkout code	2025-05-16T06:40:05.8508571Z   submodules: false
handle-success	Checkout code	2025-05-16T06:40:05.8508731Z   set-safe-directory: true
handle-success	Checkout code	2025-05-16T06:40:05.8509007Z env:
handle-success	Checkout code	2025-05-16T06:40:05.8509159Z   KAOS_CODE: 15061853702
handle-success	Checkout code	2025-05-16T06:40:05.8509338Z   KAOS_EVENT_NAME: push
handle-success	Checkout code	2025-05-16T06:40:05.8509533Z   KAOS_ACTION: 
handle-success	Checkout code	2025-05-16T06:40:05.8509725Z   KAOS_REF: refs/heads/H1149-desarrollo-de-orchestrator
handle-success	Checkout code	2025-05-16T06:40:05.8509952Z   KAOS_MODULE: [Ka0S] kaos
handle-success	Checkout code	2025-05-16T06:40:05.8510173Z   KAOS_PATH_RESUME: core/results/k/
handle-success	Checkout code	2025-05-16T06:40:05.8510375Z   KAOS_JSON: core/results/k/event_data_
handle-success	Checkout code	2025-05-16T06:40:05.8510564Z   KAOS_ACTOR: jh0ny2k2
handle-success	Checkout code	2025-05-16T06:40:05.8510858Z ##[endgroup]
handle-success	Checkout code	2025-05-16T06:40:05.9234652Z Syncing repository: Ka0s-Klaus/ka0s
handle-success	Checkout code	2025-05-16T06:40:05.9235757Z ##[group]Getting Git version info
handle-success	Checkout code	2025-05-16T06:40:05.9236187Z Working directory is '/actions-runner/_work/ka0s/ka0s'
handle-success	Checkout code	2025-05-16T06:40:05.9236705Z [command]/usr/bin/git version
handle-success	Checkout code	2025-05-16T06:40:05.9236888Z git version 2.43.0
handle-success	Checkout code	2025-05-16T06:40:05.9256446Z ##[endgroup]
handle-success	Checkout code	2025-05-16T06:40:05.9261926Z Copying '/home/kaos/.gitconfig' to '/actions-runner/_work/_temp/531eb554-a812-47e3-8d4f-e76b8053e301/.gitconfig'
handle-success	Checkout code	2025-05-16T06:40:05.9275465Z Temporarily overriding HOME='/actions-runner/_work/_temp/531eb554-a812-47e3-8d4f-e76b8053e301' before making global git config changes
handle-success	Checkout code	2025-05-16T06:40:05.9276056Z Adding repository directory to the temporary git global config as a safe directory
handle-success	Checkout code	2025-05-16T06:40:05.9285832Z [command]/usr/bin/git config --global --add safe.directory /actions-runner/_work/ka0s/ka0s
handle-success	Checkout code	2025-05-16T06:40:05.9373285Z [command]/usr/bin/git config --local --get remote.origin.url
handle-success	Checkout code	2025-05-16T06:40:05.9392547Z https://github.com/Ka0s-Klaus/ka0s
handle-success	Checkout code	2025-05-16T06:40:05.9405740Z ##[group]Removing previously created refs, to avoid conflicts
handle-success	Checkout code	2025-05-16T06:40:05.9406199Z [command]/usr/bin/git rev-parse --symbolic-full-name --verify --quiet HEAD
handle-success	Checkout code	2025-05-16T06:40:05.9424851Z refs/heads/H1149-desarrollo-de-orchestrator
handle-success	Checkout code	2025-05-16T06:40:05.9430692Z [command]/usr/bin/git checkout --detach
handle-success	Checkout code	2025-05-16T06:40:05.9526489Z HEAD is now at d8931c63 [Ka0S] Uploading data files to web structure...
handle-success	Checkout code	2025-05-16T06:40:05.9557476Z [command]/usr/bin/git branch --delete --force H1149-desarrollo-de-orchestrator
handle-success	Checkout code	2025-05-16T06:40:05.9589423Z Deleted branch H1149-desarrollo-de-orchestrator (was d8931c63).
handle-success	Checkout code	2025-05-16T06:40:05.9642630Z ##[endgroup]
handle-success	Checkout code	2025-05-16T06:40:05.9645818Z [command]/usr/bin/git submodule status
handle-success	Checkout code	2025-05-16T06:40:05.9872321Z ##[group]Cleaning the repository
handle-success	Checkout code	2025-05-16T06:40:05.9882465Z [command]/usr/bin/git clean -ffdx
handle-success	Checkout code	2025-05-16T06:40:05.9934125Z [command]/usr/bin/git reset --hard HEAD
handle-success	Checkout code	2025-05-16T06:40:06.0065864Z HEAD is now at d8931c63 [Ka0S] Uploading data files to web structure...
handle-success	Checkout code	2025-05-16T06:40:06.0068988Z ##[endgroup]
handle-success	Checkout code	2025-05-16T06:40:06.0069539Z ##[group]Disabling automatic garbage collection
handle-success	Checkout code	2025-05-16T06:40:06.0071272Z [command]/usr/bin/git config --local gc.auto 0
handle-success	Checkout code	2025-05-16T06:40:06.0097457Z ##[endgroup]
handle-success	Checkout code	2025-05-16T06:40:06.0098007Z ##[group]Setting up auth
handle-success	Checkout code	2025-05-16T06:40:06.0101691Z [command]/usr/bin/git config --local --name-only --get-regexp core\.sshCommand
handle-success	Checkout code	2025-05-16T06:40:06.0123293Z [command]/usr/bin/git submodule foreach --recursive sh -c "git config --local --name-only --get-regexp 'core\.sshCommand' && git config --local --unset-all 'core.sshCommand' || :"
handle-success	Checkout code	2025-05-16T06:40:06.0373579Z [command]/usr/bin/git config --local --name-only --get-regexp http\.https\:\/\/github\.com\/\.extraheader
handle-success	Checkout code	2025-05-16T06:40:06.0400688Z [command]/usr/bin/git submodule foreach --recursive sh -c "git config --local --name-only --get-regexp 'http\.https\:\/\/github\.com\/\.extraheader' && git config --local --unset-all 'http.https://github.com/.extraheader' || :"
handle-success	Checkout code	2025-05-16T06:40:06.0623308Z [command]/usr/bin/git config --local http.https://github.com/.extraheader AUTHORIZATION: basic ***
handle-success	Checkout code	2025-05-16T06:40:06.0655892Z ##[endgroup]
handle-success	Checkout code	2025-05-16T06:40:06.0656490Z ##[group]Fetching the repository
handle-success	Checkout code	2025-05-16T06:40:06.0662551Z [command]/usr/bin/git -c protocol.version=2 fetch --prune --no-recurse-submodules origin +refs/heads/*:refs/remotes/origin/* +refs/tags/*:refs/tags/*
handle-success	Checkout code	2025-05-16T06:40:11.8666136Z From https://github.com/Ka0s-Klaus/ka0s
handle-success	Checkout code	2025-05-16T06:40:11.8666965Z    d8931c63..91abe999  H1149-desarrollo-de-orchestrator -> origin/H1149-desarrollo-de-orchestrator
handle-success	Checkout code	2025-05-16T06:40:11.8667559Z    657e70d0..8f0e09f2  main       -> origin/main
handle-success	Checkout code	2025-05-16T06:40:11.8702066Z [command]/usr/bin/git branch --list --remote origin/H1149-desarrollo-de-orchestrator
handle-success	Checkout code	2025-05-16T06:40:11.8729510Z   origin/H1149-desarrollo-de-orchestrator
handle-success	Checkout code	2025-05-16T06:40:11.8741426Z [command]/usr/bin/git rev-parse refs/remotes/origin/H1149-desarrollo-de-orchestrator
handle-success	Checkout code	2025-05-16T06:40:11.8762107Z 91abe999567c52935a7ed8bd5cc403cc4d24d068
handle-success	Checkout code	2025-05-16T06:40:11.8773548Z [command]/usr/bin/git -c protocol.version=2 fetch --no-tags --prune --no-recurse-submodules origin +b58ef00b1ba3fe0dc6decdc00fe80741c98140ed:refs/remotes/origin/H1149-desarrollo-de-orchestrator
handle-success	Checkout code	2025-05-16T06:40:11.8896373Z From https://github.com/Ka0s-Klaus/ka0s
handle-success	Checkout code	2025-05-16T06:40:11.8897090Z  + 91abe999...b58ef00b b58ef00b1ba3fe0dc6decdc00fe80741c98140ed -> origin/H1149-desarrollo-de-orchestrator  (forced update)
handle-success	Checkout code	2025-05-16T06:40:11.8914260Z ##[endgroup]
handle-success	Checkout code	2025-05-16T06:40:11.8914762Z ##[group]Determining the checkout info
handle-success	Checkout code	2025-05-16T06:40:11.8915284Z ##[endgroup]
handle-success	Checkout code	2025-05-16T06:40:11.8919864Z [command]/usr/bin/git sparse-checkout disable
handle-success	Checkout code	2025-05-16T06:40:11.8961686Z [command]/usr/bin/git config --local --unset-all extensions.worktreeConfig
handle-success	Checkout code	2025-05-16T06:40:11.8988419Z ##[group]Checking out the ref
handle-success	Checkout code	2025-05-16T06:40:11.8991199Z [command]/usr/bin/git checkout --progress --force -B H1149-desarrollo-de-orchestrator refs/remotes/origin/H1149-desarrollo-de-orchestrator
handle-success	Checkout code	2025-05-16T06:40:11.9154846Z Warning: you are leaving 4 commits behind, not connected to
handle-success	Checkout code	2025-05-16T06:40:11.9155286Z any of your branches:
handle-success	Checkout code	2025-05-16T06:40:11.9155464Z 
handle-success	Checkout code	2025-05-16T06:40:11.9155639Z   d8931c63 [Ka0S] Uploading data files to web structure...
handle-success	Checkout code	2025-05-16T06:40:11.9156085Z   a6168119 [Ka0S] Uploading resume execution files to the repository...
handle-success	Checkout code	2025-05-16T06:40:11.9156565Z   c6455908 [Ka0S] Uploading resume execution files to the repository...
handle-success	Checkout code	2025-05-16T06:40:11.9157114Z   4a182b08 [Ka0S] Uploading resume execution files and web/test structure to the repository...
handle-success	Checkout code	2025-05-16T06:40:11.9157913Z 
handle-success	Checkout code	2025-05-16T06:40:11.9158121Z If you want to keep them by creating a new branch, this may be a good time
handle-success	Checkout code	2025-05-16T06:40:11.9158509Z to do so with:
handle-success	Checkout code	2025-05-16T06:40:11.9158644Z 
handle-success	Checkout code	2025-05-16T06:40:11.9158759Z  git branch <new-branch-name> d8931c63
handle-success	Checkout code	2025-05-16T06:40:11.9158992Z 
handle-success	Checkout code	2025-05-16T06:40:11.9159218Z Switched to a new branch 'H1149-desarrollo-de-orchestrator'
handle-success	Checkout code	2025-05-16T06:40:11.9159797Z branch 'H1149-desarrollo-de-orchestrator' set up to track 'origin/H1149-desarrollo-de-orchestrator'.
handle-success	Checkout code	2025-05-16T06:40:11.9162037Z ##[endgroup]
handle-success	Checkout code	2025-05-16T06:40:11.9204806Z [command]/usr/bin/git log -1 --format=%H
handle-success	Checkout code	2025-05-16T06:40:11.9232779Z b58ef00b1ba3fe0dc6decdc00fe80741c98140ed
handle-success	handle-success-execution	﻿2025-05-16T06:40:11.9397546Z ##[group]Run # Si todo ha ido correcto añadimos el contenido del fichero 
handle-success	handle-success-execution	2025-05-16T06:40:11.9397977Z [36;1m# Si todo ha ido correcto añadimos el contenido del fichero [0m
handle-success	handle-success-execution	2025-05-16T06:40:11.9398365Z [36;1mRNNUMBER=$(echo "refs/heads/H1149-desarrollo-de-orchestrator" | grep -o '[0-9]*')[0m
handle-success	handle-success-execution	2025-05-16T06:40:11.9398961Z [36;1mgh issue comment $RNNUMBER --body "El proceso ha finalizado correctamente 15061853702. El resultado está en el fichero core/results/event_data_15061853702.log"[0m
handle-success	handle-success-execution	2025-05-16T06:40:11.9406475Z shell: /usr/bin/bash -e {0}
handle-success	handle-success-execution	2025-05-16T06:40:11.9406638Z env:
handle-success	handle-success-execution	2025-05-16T06:40:11.9406769Z   KAOS_CODE: 15061853702
handle-success	handle-success-execution	2025-05-16T06:40:11.9406919Z   KAOS_EVENT_NAME: push
handle-success	handle-success-execution	2025-05-16T06:40:11.9407051Z   KAOS_ACTION: 
handle-success	handle-success-execution	2025-05-16T06:40:11.9407221Z   KAOS_REF: refs/heads/H1149-desarrollo-de-orchestrator
handle-success	handle-success-execution	2025-05-16T06:40:11.9407419Z   KAOS_MODULE: [Ka0S] kaos
handle-success	handle-success-execution	2025-05-16T06:40:11.9407578Z   KAOS_PATH_RESUME: core/results/k/
handle-success	handle-success-execution	2025-05-16T06:40:11.9407744Z   KAOS_JSON: core/results/k/event_data_
handle-success	handle-success-execution	2025-05-16T06:40:11.9407942Z   KAOS_ACTOR: jh0ny2k2
handle-success	handle-success-execution	2025-05-16T06:40:11.9408236Z   GH_TOKEN: ***
handle-success	handle-success-execution	2025-05-16T06:40:11.9408367Z ##[endgroup]
handle-success	handle-success-execution	2025-05-16T06:40:12.7808075Z https://github.com/Ka0s-Klaus/ka0s/issues/1149#issuecomment-2885787968
handle-success	Post Checkout code	﻿2025-05-16T06:40:12.7868311Z Post job cleanup.
handle-success	Post Checkout code	2025-05-16T06:40:12.8464217Z [command]/usr/bin/git version
handle-success	Post Checkout code	2025-05-16T06:40:12.8494971Z git version 2.43.0
handle-success	Post Checkout code	2025-05-16T06:40:12.8533135Z Copying '/home/kaos/.gitconfig' to '/actions-runner/_work/_temp/155f0a47-81c8-4259-b83d-0f635404e867/.gitconfig'
handle-success	Post Checkout code	2025-05-16T06:40:12.8547100Z Temporarily overriding HOME='/actions-runner/_work/_temp/155f0a47-81c8-4259-b83d-0f635404e867' before making global git config changes
handle-success	Post Checkout code	2025-05-16T06:40:12.8547911Z Adding repository directory to the temporary git global config as a safe directory
handle-success	Post Checkout code	2025-05-16T06:40:12.8552690Z [command]/usr/bin/git config --global --add safe.directory /actions-runner/_work/ka0s/ka0s
handle-success	Post Checkout code	2025-05-16T06:40:12.8644856Z [command]/usr/bin/git config --local --name-only --get-regexp core\.sshCommand
handle-success	Post Checkout code	2025-05-16T06:40:12.8675206Z [command]/usr/bin/git submodule foreach --recursive sh -c "git config --local --name-only --get-regexp 'core\.sshCommand' && git config --local --unset-all 'core.sshCommand' || :"
handle-success	Post Checkout code	2025-05-16T06:40:12.8910376Z [command]/usr/bin/git config --local --name-only --get-regexp http\.https\:\/\/github\.com\/\.extraheader
handle-success	Post Checkout code	2025-05-16T06:40:12.8932105Z http.https://github.com/.extraheader
handle-success	Post Checkout code	2025-05-16T06:40:12.8943647Z [command]/usr/bin/git config --local --unset-all http.https://github.com/.extraheader
handle-success	Post Checkout code	2025-05-16T06:40:12.8968725Z [command]/usr/bin/git submodule foreach --recursive sh -c "git config --local --name-only --get-regexp 'http\.https\:\/\/github\.com\/\.extraheader' && git config --local --unset-all 'http.https://github.com/.extraheader' || :"
handle-success	Complete job	﻿2025-05-16T06:40:12.9273919Z Cleaning up orphan processes
end-workflow	Set up job	﻿2025-05-16T06:40:18.8005896Z Current runner version: '2.323.0'
end-workflow	Set up job	2025-05-16T06:40:18.8009678Z Runner name: 'ka0s-7'
end-workflow	Set up job	2025-05-16T06:40:18.8010242Z Machine name: '26a53205c9ac'
end-workflow	Set up job	2025-05-16T06:40:18.8011612Z ##[group]GITHUB_TOKEN Permissions
end-workflow	Set up job	2025-05-16T06:40:18.8012981Z Contents: read
end-workflow	Set up job	2025-05-16T06:40:18.8013308Z Metadata: read
end-workflow	Set up job	2025-05-16T06:40:18.8013603Z Packages: read
end-workflow	Set up job	2025-05-16T06:40:18.8013893Z ##[endgroup]
end-workflow	Set up job	2025-05-16T06:40:18.8015963Z Secret source: Actions
end-workflow	Set up job	2025-05-16T06:40:18.8016387Z Prepare workflow directory
end-workflow	Set up job	2025-05-16T06:40:18.8386612Z Prepare all required actions
end-workflow	Set up job	2025-05-16T06:40:18.8412073Z Getting action download info
end-workflow	Set up job	2025-05-16T06:40:19.2806120Z Download action repository 'actions/checkout@v4' (SHA:11bd71901bbe5b1630ceea73d27597364c9af683)
end-workflow	Set up job	2025-05-16T06:40:20.1151991Z Complete job name: end-workflow
end-workflow	Checkout code	﻿2025-05-16T06:40:20.1517869Z ##[group]Run actions/checkout@v4
end-workflow	Checkout code	2025-05-16T06:40:20.1518819Z with:
end-workflow	Checkout code	2025-05-16T06:40:20.1519362Z   fetch-depth: 0
end-workflow	Checkout code	2025-05-16T06:40:20.1520262Z   token: ***
end-workflow	Checkout code	2025-05-16T06:40:20.1520853Z   repository: Ka0s-Klaus/ka0s
end-workflow	Checkout code	2025-05-16T06:40:20.1521599Z   ssh-strict: true
end-workflow	Checkout code	2025-05-16T06:40:20.1522189Z   ssh-user: git
end-workflow	Checkout code	2025-05-16T06:40:20.1522797Z   persist-credentials: true
end-workflow	Checkout code	2025-05-16T06:40:20.1523473Z   clean: true
end-workflow	Checkout code	2025-05-16T06:40:20.1524088Z   sparse-checkout-cone-mode: true
end-workflow	Checkout code	2025-05-16T06:40:20.1525141Z   fetch-tags: false
end-workflow	Checkout code	2025-05-16T06:40:20.1525759Z   show-progress: true
end-workflow	Checkout code	2025-05-16T06:40:20.1526384Z   lfs: false
end-workflow	Checkout code	2025-05-16T06:40:20.1526952Z   submodules: false
end-workflow	Checkout code	2025-05-16T06:40:20.1527591Z   set-safe-directory: true
end-workflow	Checkout code	2025-05-16T06:40:20.1528379Z env:
end-workflow	Checkout code	2025-05-16T06:40:20.1528915Z   KAOS_CODE: 15061853702
end-workflow	Checkout code	2025-05-16T06:40:20.1529582Z   KAOS_EVENT_NAME: push
end-workflow	Checkout code	2025-05-16T06:40:20.1530224Z   KAOS_ACTION: 
end-workflow	Checkout code	2025-05-16T06:40:20.1530945Z   KAOS_REF: refs/heads/H1149-desarrollo-de-orchestrator
end-workflow	Checkout code	2025-05-16T06:40:20.1531847Z   KAOS_MODULE: [Ka0S] kaos
end-workflow	Checkout code	2025-05-16T06:40:20.1532574Z   KAOS_PATH_RESUME: core/results/k/
end-workflow	Checkout code	2025-05-16T06:40:20.1533367Z   KAOS_JSON: core/results/k/event_data_
end-workflow	Checkout code	2025-05-16T06:40:20.1534245Z   KAOS_ACTOR: jh0ny2k2
end-workflow	Checkout code	2025-05-16T06:40:20.1535085Z   GH_TOKEN: ***
end-workflow	Checkout code	2025-05-16T06:40:20.1535653Z ##[endgroup]
end-workflow	Checkout code	2025-05-16T06:40:20.2230664Z Syncing repository: Ka0s-Klaus/ka0s
end-workflow	Checkout code	2025-05-16T06:40:20.2232664Z ##[group]Getting Git version info
end-workflow	Checkout code	2025-05-16T06:40:20.2233612Z Working directory is '/actions-runner/_work/ka0s/ka0s'
end-workflow	Checkout code	2025-05-16T06:40:20.2235024Z [command]/usr/bin/git version
end-workflow	Checkout code	2025-05-16T06:40:20.2235761Z git version 2.43.0
end-workflow	Checkout code	2025-05-16T06:40:20.2256863Z ##[endgroup]
end-workflow	Checkout code	2025-05-16T06:40:20.2268984Z Copying '/home/kaos/.gitconfig' to '/actions-runner/_work/_temp/5a863252-ea2f-4167-a434-e3eca01cb681/.gitconfig'
end-workflow	Checkout code	2025-05-16T06:40:20.2284844Z Temporarily overriding HOME='/actions-runner/_work/_temp/5a863252-ea2f-4167-a434-e3eca01cb681' before making global git config changes
end-workflow	Checkout code	2025-05-16T06:40:20.2287129Z Adding repository directory to the temporary git global config as a safe directory
end-workflow	Checkout code	2025-05-16T06:40:20.2288861Z [command]/usr/bin/git config --global --add safe.directory /actions-runner/_work/ka0s/ka0s
end-workflow	Checkout code	2025-05-16T06:40:20.2387017Z [command]/usr/bin/git config --local --get remote.origin.url
end-workflow	Checkout code	2025-05-16T06:40:20.2412842Z https://github.com/Ka0s-Klaus/ka0s
end-workflow	Checkout code	2025-05-16T06:40:20.2433828Z ##[group]Removing previously created refs, to avoid conflicts
end-workflow	Checkout code	2025-05-16T06:40:20.2438138Z [command]/usr/bin/git rev-parse --symbolic-full-name --verify --quiet HEAD
end-workflow	Checkout code	2025-05-16T06:40:20.2458092Z refs/heads/main
end-workflow	Checkout code	2025-05-16T06:40:20.2468744Z [command]/usr/bin/git checkout --detach
end-workflow	Checkout code	2025-05-16T06:40:20.2573135Z HEAD is now at 1faeb6f9 [Ka0S] Inspector uploading resume execution files to the repository...
end-workflow	Checkout code	2025-05-16T06:40:20.2610425Z [command]/usr/bin/git branch --delete --force main
end-workflow	Checkout code	2025-05-16T06:40:20.2646475Z Deleted branch main (was 1faeb6f9).
end-workflow	Checkout code	2025-05-16T06:40:20.2706760Z ##[endgroup]
end-workflow	Checkout code	2025-05-16T06:40:20.2707787Z [command]/usr/bin/git submodule status
end-workflow	Checkout code	2025-05-16T06:40:20.2936075Z ##[group]Cleaning the repository
end-workflow	Checkout code	2025-05-16T06:40:20.2937414Z [command]/usr/bin/git clean -ffdx
end-workflow	Checkout code	2025-05-16T06:40:20.2992793Z [command]/usr/bin/git reset --hard HEAD
end-workflow	Checkout code	2025-05-16T06:40:20.3138398Z HEAD is now at 1faeb6f9 [Ka0S] Inspector uploading resume execution files to the repository...
end-workflow	Checkout code	2025-05-16T06:40:20.3142485Z ##[endgroup]
end-workflow	Checkout code	2025-05-16T06:40:20.3144331Z ##[group]Disabling automatic garbage collection
end-workflow	Checkout code	2025-05-16T06:40:20.3145834Z [command]/usr/bin/git config --local gc.auto 0
end-workflow	Checkout code	2025-05-16T06:40:20.3170444Z ##[endgroup]
end-workflow	Checkout code	2025-05-16T06:40:20.3172106Z ##[group]Setting up auth
end-workflow	Checkout code	2025-05-16T06:40:20.3173760Z [command]/usr/bin/git config --local --name-only --get-regexp core\.sshCommand
end-workflow	Checkout code	2025-05-16T06:40:20.3199408Z [command]/usr/bin/git submodule foreach --recursive sh -c "git config --local --name-only --get-regexp 'core\.sshCommand' && git config --local --unset-all 'core.sshCommand' || :"
end-workflow	Checkout code	2025-05-16T06:40:20.3431093Z [command]/usr/bin/git config --local --name-only --get-regexp http\.https\:\/\/github\.com\/\.extraheader
end-workflow	Checkout code	2025-05-16T06:40:20.3453413Z [command]/usr/bin/git submodule foreach --recursive sh -c "git config --local --name-only --get-regexp 'http\.https\:\/\/github\.com\/\.extraheader' && git config --local --unset-all 'http.https://github.com/.extraheader' || :"
end-workflow	Checkout code	2025-05-16T06:40:20.3687758Z [command]/usr/bin/git config --local http.https://github.com/.extraheader AUTHORIZATION: basic ***
end-workflow	Checkout code	2025-05-16T06:40:20.3719500Z ##[endgroup]
end-workflow	Checkout code	2025-05-16T06:40:20.3721198Z ##[group]Fetching the repository
end-workflow	Checkout code	2025-05-16T06:40:20.3725162Z [command]/usr/bin/git -c protocol.version=2 fetch --prune --no-recurse-submodules origin +refs/heads/*:refs/remotes/origin/* +refs/tags/*:refs/tags/*
end-workflow	Checkout code	2025-05-16T06:40:20.8677215Z From https://github.com/Ka0s-Klaus/ka0s
end-workflow	Checkout code	2025-05-16T06:40:20.8677925Z    1faeb6f9..8f0e09f2  main       -> origin/main
end-workflow	Checkout code	2025-05-16T06:40:20.8764961Z [command]/usr/bin/git branch --list --remote origin/H1149-desarrollo-de-orchestrator
end-workflow	Checkout code	2025-05-16T06:40:20.8793632Z   origin/H1149-desarrollo-de-orchestrator
end-workflow	Checkout code	2025-05-16T06:40:20.8802202Z [command]/usr/bin/git rev-parse refs/remotes/origin/H1149-desarrollo-de-orchestrator
end-workflow	Checkout code	2025-05-16T06:40:20.8823645Z 91abe999567c52935a7ed8bd5cc403cc4d24d068
end-workflow	Checkout code	2025-05-16T06:40:20.8832529Z [command]/usr/bin/git -c protocol.version=2 fetch --no-tags --prune --no-recurse-submodules origin +b58ef00b1ba3fe0dc6decdc00fe80741c98140ed:refs/remotes/origin/H1149-desarrollo-de-orchestrator
end-workflow	Checkout code	2025-05-16T06:40:20.8976228Z From https://github.com/Ka0s-Klaus/ka0s
end-workflow	Checkout code	2025-05-16T06:40:20.8976792Z  + 91abe999...b58ef00b b58ef00b1ba3fe0dc6decdc00fe80741c98140ed -> origin/H1149-desarrollo-de-orchestrator  (forced update)
end-workflow	Checkout code	2025-05-16T06:40:20.8996226Z ##[endgroup]
end-workflow	Checkout code	2025-05-16T06:40:20.8996571Z ##[group]Determining the checkout info
end-workflow	Checkout code	2025-05-16T06:40:20.8996880Z ##[endgroup]
end-workflow	Checkout code	2025-05-16T06:40:20.9001558Z [command]/usr/bin/git sparse-checkout disable
end-workflow	Checkout code	2025-05-16T06:40:20.9052008Z [command]/usr/bin/git config --local --unset-all extensions.worktreeConfig
end-workflow	Checkout code	2025-05-16T06:40:20.9077153Z ##[group]Checking out the ref
end-workflow	Checkout code	2025-05-16T06:40:20.9078501Z [command]/usr/bin/git checkout --progress --force -B H1149-desarrollo-de-orchestrator refs/remotes/origin/H1149-desarrollo-de-orchestrator
end-workflow	Checkout code	2025-05-16T06:40:20.9226333Z Previous HEAD position was 1faeb6f9 [Ka0S] Inspector uploading resume execution files to the repository...
end-workflow	Checkout code	2025-05-16T06:40:20.9228566Z Switched to a new branch 'H1149-desarrollo-de-orchestrator'
end-workflow	Checkout code	2025-05-16T06:40:20.9229288Z branch 'H1149-desarrollo-de-orchestrator' set up to track 'origin/H1149-desarrollo-de-orchestrator'.
end-workflow	Checkout code	2025-05-16T06:40:20.9231754Z ##[endgroup]
end-workflow	Checkout code	2025-05-16T06:40:20.9267522Z [command]/usr/bin/git log -1 --format=%H
end-workflow	Checkout code	2025-05-16T06:40:20.9292256Z b58ef00b1ba3fe0dc6decdc00fe80741c98140ed
end-workflow	Finaliza el workflow	﻿2025-05-16T06:40:20.9429149Z ##[group]Run echo "End process"
end-workflow	Finaliza el workflow	2025-05-16T06:40:20.9429458Z [36;1mecho "End process"[0m
end-workflow	Finaliza el workflow	2025-05-16T06:40:20.9429763Z [36;1mRNNUMBER=$(echo "refs/heads/H1149-desarrollo-de-orchestrator" | grep -o '[0-9]*')[0m
end-workflow	Finaliza el workflow	2025-05-16T06:40:20.9430115Z [36;1mgh issue comment $RNNUMBER --body "Se finaliza Ka0s 15061853702"[0m
end-workflow	Finaliza el workflow	2025-05-16T06:40:20.9430527Z [36;1mgh workflow run inspector.yml --ref 'main' -f kaos-issue-id=$RNNUMBER -f kaos-workflow-id="15061853702" -f kaos-user-start=""[0m
end-workflow	Finaliza el workflow	2025-05-16T06:40:20.9437607Z shell: /usr/bin/bash -e {0}
end-workflow	Finaliza el workflow	2025-05-16T06:40:20.9437828Z env:
end-workflow	Finaliza el workflow	2025-05-16T06:40:20.9437991Z   KAOS_CODE: 15061853702
end-workflow	Finaliza el workflow	2025-05-16T06:40:20.9438172Z   KAOS_EVENT_NAME: push
end-workflow	Finaliza el workflow	2025-05-16T06:40:20.9438347Z   KAOS_ACTION: 
end-workflow	Finaliza el workflow	2025-05-16T06:40:20.9438557Z   KAOS_REF: refs/heads/H1149-desarrollo-de-orchestrator
end-workflow	Finaliza el workflow	2025-05-16T06:40:20.9438792Z   KAOS_MODULE: [Ka0S] kaos
end-workflow	Finaliza el workflow	2025-05-16T06:40:20.9438979Z   KAOS_PATH_RESUME: core/results/k/
end-workflow	Finaliza el workflow	2025-05-16T06:40:20.9439186Z   KAOS_JSON: core/results/k/event_data_
end-workflow	Finaliza el workflow	2025-05-16T06:40:20.9439423Z   KAOS_ACTOR: jh0ny2k2
end-workflow	Finaliza el workflow	2025-05-16T06:40:20.9439748Z   GH_TOKEN: ***
end-workflow	Finaliza el workflow	2025-05-16T06:40:20.9439918Z ##[endgroup]
end-workflow	Finaliza el workflow	2025-05-16T06:40:20.9488671Z End process
end-workflow	Finaliza el workflow	2025-05-16T06:40:22.0229757Z https://github.com/Ka0s-Klaus/ka0s/issues/1149#issuecomment-2885788231
end-workflow	Post Checkout code	﻿2025-05-16T06:40:22.6130332Z Post job cleanup.
end-workflow	Post Checkout code	2025-05-16T06:40:22.6815839Z [command]/usr/bin/git version
end-workflow	Post Checkout code	2025-05-16T06:40:22.6844989Z git version 2.43.0
end-workflow	Post Checkout code	2025-05-16T06:40:22.6884008Z Copying '/home/kaos/.gitconfig' to '/actions-runner/_work/_temp/6fc042bc-b3fb-4623-9054-f5c9fffcc59b/.gitconfig'
end-workflow	Post Checkout code	2025-05-16T06:40:22.6898921Z Temporarily overriding HOME='/actions-runner/_work/_temp/6fc042bc-b3fb-4623-9054-f5c9fffcc59b' before making global git config changes
end-workflow	Post Checkout code	2025-05-16T06:40:22.6899646Z Adding repository directory to the temporary git global config as a safe directory
end-workflow	Post Checkout code	2025-05-16T06:40:22.6905585Z [command]/usr/bin/git config --global --add safe.directory /actions-runner/_work/ka0s/ka0s
end-workflow	Post Checkout code	2025-05-16T06:40:22.6999251Z [command]/usr/bin/git config --local --name-only --get-regexp core\.sshCommand
end-workflow	Post Checkout code	2025-05-16T06:40:22.7028675Z [command]/usr/bin/git submodule foreach --recursive sh -c "git config --local --name-only --get-regexp 'core\.sshCommand' && git config --local --unset-all 'core.sshCommand' || :"
end-workflow	Post Checkout code	2025-05-16T06:40:22.7259852Z [command]/usr/bin/git config --local --name-only --get-regexp http\.https\:\/\/github\.com\/\.extraheader
end-workflow	Post Checkout code	2025-05-16T06:40:22.7278187Z http.https://github.com/.extraheader
end-workflow	Post Checkout code	2025-05-16T06:40:22.7290519Z [command]/usr/bin/git config --local --unset-all http.https://github.com/.extraheader
end-workflow	Post Checkout code	2025-05-16T06:40:22.7321168Z [command]/usr/bin/git submodule foreach --recursive sh -c "git config --local --name-only --get-regexp 'http\.https\:\/\/github\.com\/\.extraheader' && git config --local --unset-all 'http.https://github.com/.extraheader' || :"
end-workflow	Complete job	﻿2025-05-16T06:40:22.7652916Z Cleaning up orphan processes
