job-test	Set up job	ï»¿2025-05-20T08:39:13.2124627Z Current runner version: '2.324.0'
job-test	Set up job	2025-05-20T08:39:13.2128327Z Runner name: 'ka0s-9'
job-test	Set up job	2025-05-20T08:39:13.2128888Z Machine name: '26a53205c9ac'
job-test	Set up job	2025-05-20T08:39:13.2130303Z ##[group]GITHUB_TOKEN Permissions
job-test	Set up job	2025-05-20T08:39:13.2131747Z Contents: read
job-test	Set up job	2025-05-20T08:39:13.2132053Z Metadata: read
job-test	Set up job	2025-05-20T08:39:13.2132331Z Packages: read
job-test	Set up job	2025-05-20T08:39:13.2132613Z ##[endgroup]
job-test	Set up job	2025-05-20T08:39:13.2133830Z Secret source: Actions
job-test	Set up job	2025-05-20T08:39:13.2134194Z Prepare workflow directory
job-test	Set up job	2025-05-20T08:39:13.2531911Z Prepare all required actions
job-test	Set up job	2025-05-20T08:39:13.2558071Z Getting action download info
job-test	Set up job	2025-05-20T08:39:13.7425444Z Download action repository 'actions/checkout@v4' (SHA:11bd71901bbe5b1630ceea73d27597364c9af683)
job-test	Set up job	2025-05-20T08:39:16.4375759Z Download action repository 'SamKirkland/FTP-Deploy-Action@v4.3.4' (SHA:8a24039354ee91000cb948cb4a1dbdf1a1b94a3c)
job-test	Set up job	2025-05-20T08:39:17.2954476Z Complete job name: job-test
job-test	Checkout repository	ï»¿2025-05-20T08:39:17.3231240Z ##[group]Run actions/checkout@v4
job-test	Checkout repository	2025-05-20T08:39:17.3231727Z with:
job-test	Checkout repository	2025-05-20T08:39:17.3231942Z   fetch-depth: 0
job-test	Checkout repository	2025-05-20T08:39:17.3232324Z   token: ***
job-test	Checkout repository	2025-05-20T08:39:17.3232508Z   repository: Ka0s-Klaus/ka0s
job-test	Checkout repository	2025-05-20T08:39:17.3232709Z   ssh-strict: true
job-test	Checkout repository	2025-05-20T08:39:17.3232875Z   ssh-user: git
job-test	Checkout repository	2025-05-20T08:39:17.3233057Z   persist-credentials: true
job-test	Checkout repository	2025-05-20T08:39:17.3233252Z   clean: true
job-test	Checkout repository	2025-05-20T08:39:17.3233436Z   sparse-checkout-cone-mode: true
job-test	Checkout repository	2025-05-20T08:39:17.3233645Z   fetch-tags: false
job-test	Checkout repository	2025-05-20T08:39:17.3233818Z   show-progress: true
job-test	Checkout repository	2025-05-20T08:39:17.3234001Z   lfs: false
job-test	Checkout repository	2025-05-20T08:39:17.3234180Z   submodules: false
job-test	Checkout repository	2025-05-20T08:39:17.3234360Z   set-safe-directory: true
job-test	Checkout repository	2025-05-20T08:39:17.3234639Z env:
job-test	Checkout repository	2025-05-20T08:39:17.3234807Z   KAOS_CODE: 15132888734
job-test	Checkout repository	2025-05-20T08:39:17.3235000Z   KAOS_EVENT_NAME: push
job-test	Checkout repository	2025-05-20T08:39:17.3235182Z   KAOS_ACTION: 
job-test	Checkout repository	2025-05-20T08:39:17.3235364Z   KAOS_REF: refs/heads/main
job-test	Checkout repository	2025-05-20T08:39:17.3235559Z   KAOS_MODULE: [Ka0S] Deploy Webs
job-test	Checkout repository	2025-05-20T08:39:17.3235824Z   KAOS_PATH_ORIGIN_DASHBOARD: core/results/webs/dashboard/
job-test	Checkout repository	2025-05-20T08:39:17.3236084Z   KAOS_PATH_WEB_DASHBOARD: /html/dashboard/
job-test	Checkout repository	2025-05-20T08:39:17.3236323Z   KAOS_PATH_ORIGIN_TEST: core/results/webs/test/
job-test	Checkout repository	2025-05-20T08:39:17.3236546Z   KAOS_PATH_WEB_TEST: /html/test/
job-test	Checkout repository	2025-05-20T08:39:17.3236753Z   KAOS_PATH_RESUME: core/results/dw/
job-test	Checkout repository	2025-05-20T08:39:17.3236977Z   KAOS_FILE_STATE: ftp-deploy-sync-state.json
job-test	Checkout repository	2025-05-20T08:39:17.3237202Z   KAOS_ACTOR: Daniel-NS10
job-test	Checkout repository	2025-05-20T08:39:17.3237413Z   KAOS_CACHE_BUSTER: 15132888734-351
job-test	Checkout repository	2025-05-20T08:39:17.3237611Z ##[endgroup]
job-test	Checkout repository	2025-05-20T08:39:17.3925862Z Syncing repository: Ka0s-Klaus/ka0s
job-test	Checkout repository	2025-05-20T08:39:17.3926863Z ##[group]Getting Git version info
job-test	Checkout repository	2025-05-20T08:39:17.3927195Z Working directory is '/actions-runner/_work/ka0s/ka0s'
job-test	Checkout repository	2025-05-20T08:39:17.3927593Z [command]/usr/bin/git version
job-test	Checkout repository	2025-05-20T08:39:17.3929922Z git version 2.43.0
job-test	Checkout repository	2025-05-20T08:39:17.3960232Z ##[endgroup]
job-test	Checkout repository	2025-05-20T08:39:17.3970343Z Copying '/home/kaos/.gitconfig' to '/actions-runner/_work/_temp/8095a969-b980-44d1-a50c-aeb5***4faed8/.gitconfig'
job-test	Checkout repository	2025-05-20T08:39:17.3979829Z Temporarily overriding HOME='/actions-runner/_work/_temp/8095a969-b980-44d1-a50c-aeb5***4faed8' before making global git config changes
job-test	Checkout repository	2025-05-20T08:39:17.3980696Z Adding repository directory to the temporary git global config as a safe directory
job-test	Checkout repository	2025-05-20T08:39:17.3983692Z [command]/usr/bin/git config --global --add safe.directory /actions-runner/_work/ka0s/ka0s
job-test	Checkout repository	2025-05-20T08:39:17.4076551Z [command]/usr/bin/git config --local --get remote.origin.url
job-test	Checkout repository	2025-05-20T08:39:17.4094490Z https://github.com/Ka0s-Klaus/ka0s
job-test	Checkout repository	2025-05-20T08:39:17.4115552Z ##[group]Removing previously created refs, to avoid conflicts
job-test	Checkout repository	2025-05-20T08:39:17.4120540Z [command]/usr/bin/git rev-parse --symbolic-full-name --verify --quiet HEAD
job-test	Checkout repository	2025-05-20T08:39:17.4139410Z refs/heads/main
job-test	Checkout repository	2025-05-20T08:39:17.4148141Z [command]/usr/bin/git checkout --detach
job-test	Checkout repository	2025-05-20T08:39:17.4583349Z HEAD is now at 2ed7c70a Filtro lista
job-test	Checkout repository	2025-05-20T08:39:17.4622188Z [command]/usr/bin/git branch --delete --force main
job-test	Checkout repository	2025-05-20T08:39:17.4654492Z Deleted branch main (was 2ed7c70a).
job-test	Checkout repository	2025-05-20T08:39:17.4728588Z ##[endgroup]
job-test	Checkout repository	2025-05-20T08:39:17.4731981Z [command]/usr/bin/git submodule status
job-test	Checkout repository	2025-05-20T08:39:17.4985368Z ##[group]Cleaning the repository
job-test	Checkout repository	2025-05-20T08:39:17.4990829Z [command]/usr/bin/git clean -ffdx
job-test	Checkout repository	2025-05-20T08:39:17.5053930Z Removing core/results/webs/test/15130554765-test-ftp-deploy-sync-state.json
job-test	Checkout repository	2025-05-20T08:39:17.5065191Z [command]/usr/bin/git reset --hard HEAD
job-test	Checkout repository	2025-05-20T08:39:17.5197263Z HEAD is now at 2ed7c70a Filtro lista
job-test	Checkout repository	2025-05-20T08:39:17.5199126Z ##[endgroup]
job-test	Checkout repository	2025-05-20T08:39:17.5200756Z ##[group]Disabling automatic garbage collection
job-test	Checkout repository	2025-05-20T08:39:17.5205817Z [command]/usr/bin/git config --local gc.auto 0
job-test	Checkout repository	2025-05-20T08:39:17.5227744Z ##[endgroup]
job-test	Checkout repository	2025-05-20T08:39:17.5228296Z ##[group]Setting up auth
job-test	Checkout repository	2025-05-20T08:39:17.5237480Z [command]/usr/bin/git config --local --name-only --get-regexp core\.sshCommand
job-test	Checkout repository	2025-05-20T08:39:17.5256291Z [command]/usr/bin/git submodule foreach --recursive sh -c "git config --local --name-only --get-regexp 'core\.sshCommand' && git config --local --unset-all 'core.sshCommand' || :"
job-test	Checkout repository	2025-05-20T08:39:17.5494437Z [command]/usr/bin/git config --local --name-only --get-regexp http\.https\:\/\/github\.com\/\.extraheader
job-test	Checkout repository	2025-05-20T08:39:17.5515707Z [command]/usr/bin/git submodule foreach --recursive sh -c "git config --local --name-only --get-regexp 'http\.https\:\/\/github\.com\/\.extraheader' && git config --local --unset-all 'http.https://github.com/.extraheader' || :"
job-test	Checkout repository	2025-05-20T08:39:17.5770197Z [command]/usr/bin/git config --local http.https://github.com/.extraheader AUTHORIZATION: basic ***
job-test	Checkout repository	2025-05-20T08:39:17.5809371Z ##[endgroup]
job-test	Checkout repository	2025-05-20T08:39:17.5810014Z ##[group]Fetching the repository
job-test	Checkout repository	2025-05-20T08:39:17.5813931Z [command]/usr/bin/git -c protocol.version=2 fetch --prune --no-recurse-submodules origin +refs/heads/*:refs/remotes/origin/* +refs/tags/*:refs/tags/*
job-test	Checkout repository	2025-05-20T08:39:18.4553682Z From https://github.com/Ka0s-Klaus/ka0s
job-test	Checkout repository	2025-05-20T08:39:18.4554423Z    2ed7c70a..ce4c393b  main       -> origin/main
job-test	Checkout repository	2025-05-20T08:39:18.4589055Z [command]/usr/bin/git branch --list --remote origin/main
job-test	Checkout repository	2025-05-20T08:39:18.4615166Z   origin/main
job-test	Checkout repository	2025-05-20T08:39:18.4619701Z [command]/usr/bin/git rev-parse refs/remotes/origin/main
job-test	Checkout repository	2025-05-20T08:39:18.4639716Z ce4c393bb245f59e5e77877f2710ff9d9f8b25d6
job-test	Checkout repository	2025-05-20T08:39:18.4644040Z ##[endgroup]
job-test	Checkout repository	2025-05-20T08:39:18.4644528Z ##[group]Determining the checkout info
job-test	Checkout repository	2025-05-20T08:39:18.4645119Z ##[endgroup]
job-test	Checkout repository	2025-05-20T08:39:18.4653053Z [command]/usr/bin/git sparse-checkout disable
job-test	Checkout repository	2025-05-20T08:39:18.4709699Z [command]/usr/bin/git config --local --unset-all extensions.worktreeConfig
job-test	Checkout repository	2025-05-20T08:39:18.4735398Z ##[group]Checking out the ref
job-test	Checkout repository	2025-05-20T08:39:18.4739158Z [command]/usr/bin/git checkout --progress --force -B main refs/remotes/origin/main
job-test	Checkout repository	2025-05-20T08:39:18.4976022Z Previous HEAD position was 2ed7c70a Filtro lista
job-test	Checkout repository	2025-05-20T08:39:18.4981171Z Switched to a new branch 'main'
job-test	Checkout repository	2025-05-20T08:39:18.4981862Z branch 'main' set up to track 'origin/main'.
job-test	Checkout repository	2025-05-20T08:39:18.4987009Z ##[endgroup]
job-test	Checkout repository	2025-05-20T08:39:18.5036256Z [command]/usr/bin/git log -1 --format=%H
job-test	Checkout repository	2025-05-20T08:39:18.5066053Z ce4c393bb245f59e5e77877f2710ff9d9f8b25d6
job-test	Limpiar cachÃ© local antes del despliegue	ï»¿2025-05-20T08:39:18.5218440Z ##[group]Run echo "Limpiando cachÃ© local de GitHub Actions runner..."
job-test	Limpiar cachÃ© local antes del despliegue	2025-05-20T08:39:18.5218811Z [36;1mecho "Limpiando cachÃ© local de GitHub Actions runner..."[0m
job-test	Limpiar cachÃ© local antes del despliegue	2025-05-20T08:39:18.5219051Z [36;1mif [ -d ~/.cache ]; then[0m
job-test	Limpiar cachÃ© local antes del despliegue	2025-05-20T08:39:18.5219229Z [36;1m  rm -rf ~/.cache/*[0m
job-test	Limpiar cachÃ© local antes del despliegue	2025-05-20T08:39:18.5219417Z [36;1m  echo "CachÃ© local eliminada."[0m
job-test	Limpiar cachÃ© local antes del despliegue	2025-05-20T08:39:18.5219602Z [36;1melse[0m
job-test	Limpiar cachÃ© local antes del despliegue	2025-05-20T08:39:18.5219784Z [36;1m  echo "No se encontrÃ³ directorio de cachÃ© local."[0m
job-test	Limpiar cachÃ© local antes del despliegue	2025-05-20T08:39:18.5220247Z [36;1mfi[0m
job-test	Limpiar cachÃ© local antes del despliegue	2025-05-20T08:39:18.5227078Z shell: /usr/bin/bash -e {0}
job-test	Limpiar cachÃ© local antes del despliegue	2025-05-20T08:39:18.5227268Z env:
job-test	Limpiar cachÃ© local antes del despliegue	2025-05-20T08:39:18.5227430Z   KAOS_CODE: 15132888734
job-test	Limpiar cachÃ© local antes del despliegue	2025-05-20T08:39:18.5227606Z   KAOS_EVENT_NAME: push
job-test	Limpiar cachÃ© local antes del despliegue	2025-05-20T08:39:18.5227756Z   KAOS_ACTION: 
job-test	Limpiar cachÃ© local antes del despliegue	2025-05-20T08:39:18.5228040Z   KAOS_REF: refs/heads/main
job-test	Limpiar cachÃ© local antes del despliegue	2025-05-20T08:39:18.5228208Z   KAOS_MODULE: [Ka0S] Deploy Webs
job-test	Limpiar cachÃ© local antes del despliegue	2025-05-20T08:39:18.5228415Z   KAOS_PATH_ORIGIN_DASHBOARD: core/results/webs/dashboard/
job-test	Limpiar cachÃ© local antes del despliegue	2025-05-20T08:39:18.5228646Z   KAOS_PATH_WEB_DASHBOARD: /html/dashboard/
job-test	Limpiar cachÃ© local antes del despliegue	2025-05-20T08:39:18.5228878Z   KAOS_PATH_ORIGIN_TEST: core/results/webs/test/
job-test	Limpiar cachÃ© local antes del despliegue	2025-05-20T08:39:18.5229070Z   KAOS_PATH_WEB_TEST: /html/test/
job-test	Limpiar cachÃ© local antes del despliegue	2025-05-20T08:39:18.5229244Z   KAOS_PATH_RESUME: core/results/dw/
job-test	Limpiar cachÃ© local antes del despliegue	2025-05-20T08:39:18.5229442Z   KAOS_FILE_STATE: ftp-deploy-sync-state.json
job-test	Limpiar cachÃ© local antes del despliegue	2025-05-20T08:39:18.5229634Z   KAOS_ACTOR: Daniel-NS10
job-test	Limpiar cachÃ© local antes del despliegue	2025-05-20T08:39:18.5229793Z   KAOS_CACHE_BUSTER: 15132888734-351
job-test	Limpiar cachÃ© local antes del despliegue	2025-05-20T08:39:18.5229961Z ##[endgroup]
job-test	Limpiar cachÃ© local antes del despliegue	2025-05-20T08:39:18.5268964Z Limpiando cachÃ© local de GitHub Actions runner...
job-test	Limpiar cachÃ© local antes del despliegue	2025-05-20T08:39:18.5280932Z CachÃ© local eliminada.
job-test	Deploy Test Dashboard to Web Server via SFTP	ï»¿2025-05-20T08:39:18.5322299Z ##[group]Run SamKirkland/FTP-Deploy-Action@v4.3.4
job-test	Deploy Test Dashboard to Web Server via SFTP	2025-05-20T08:39:18.5322603Z with:
job-test	Deploy Test Dashboard to Web Server via SFTP	2025-05-20T08:39:18.5322872Z   server: ***
job-test	Deploy Test Dashboard to Web Server via SFTP	2025-05-20T08:39:18.5323032Z   username: ***
job-test	Deploy Test Dashboard to Web Server via SFTP	2025-05-20T08:39:18.5323182Z   password: ***
job-test	Deploy Test Dashboard to Web Server via SFTP	2025-05-20T08:39:18.5323319Z   port: ***
job-test	Deploy Test Dashboard to Web Server via SFTP	2025-05-20T08:39:18.5323467Z   local-dir: core/results/webs/test/
job-test	Deploy Test Dashboard to Web Server via SFTP	2025-05-20T08:39:18.5323652Z   server-dir: /html/test/
job-test	Deploy Test Dashboard to Web Server via SFTP	2025-05-20T08:39:18.5323820Z   dangerous-clean-slate: true
job-test	Deploy Test Dashboard to Web Server via SFTP	2025-05-20T08:39:18.5324026Z   state-name: 15132888734-test-ftp-deploy-sync-state.json
job-test	Deploy Test Dashboard to Web Server via SFTP	2025-05-20T08:39:18.5324258Z   exclude: **/.git*
job-test	Deploy Test Dashboard to Web Server via SFTP	**/.git*/**
job-test	Deploy Test Dashboard to Web Server via SFTP	**/node_modules/**
job-test	Deploy Test Dashboard to Web Server via SFTP	
job-test	Deploy Test Dashboard to Web Server via SFTP	2025-05-20T08:39:18.5324457Z env:
job-test	Deploy Test Dashboard to Web Server via SFTP	2025-05-20T08:39:18.5324583Z   KAOS_CODE: 15132888734
job-test	Deploy Test Dashboard to Web Server via SFTP	2025-05-20T08:39:18.5324739Z   KAOS_EVENT_NAME: push
job-test	Deploy Test Dashboard to Web Server via SFTP	2025-05-20T08:39:18.5324888Z   KAOS_ACTION: 
job-test	Deploy Test Dashboard to Web Server via SFTP	2025-05-20T08:39:18.5325029Z   KAOS_REF: refs/heads/main
job-test	Deploy Test Dashboard to Web Server via SFTP	2025-05-20T08:39:18.5325192Z   KAOS_MODULE: [Ka0S] Deploy Webs
job-test	Deploy Test Dashboard to Web Server via SFTP	2025-05-20T08:39:18.5325398Z   KAOS_PATH_ORIGIN_DASHBOARD: core/results/webs/dashboard/
job-test	Deploy Test Dashboard to Web Server via SFTP	2025-05-20T08:39:18.5325644Z   KAOS_PATH_WEB_DASHBOARD: /html/dashboard/
job-test	Deploy Test Dashboard to Web Server via SFTP	2025-05-20T08:39:18.5325846Z   KAOS_PATH_ORIGIN_TEST: core/results/webs/test/
job-test	Deploy Test Dashboard to Web Server via SFTP	2025-05-20T08:39:18.5326060Z   KAOS_PATH_WEB_TEST: /html/test/
job-test	Deploy Test Dashboard to Web Server via SFTP	2025-05-20T08:39:18.5326247Z   KAOS_PATH_RESUME: core/results/dw/
job-test	Deploy Test Dashboard to Web Server via SFTP	2025-05-20T08:39:18.5326442Z   KAOS_FILE_STATE: ftp-deploy-sync-state.json
job-test	Deploy Test Dashboard to Web Server via SFTP	2025-05-20T08:39:18.5326632Z   KAOS_ACTOR: Daniel-NS10
job-test	Deploy Test Dashboard to Web Server via SFTP	2025-05-20T08:39:18.5326790Z   KAOS_CACHE_BUSTER: 15132888734-351
job-test	Deploy Test Dashboard to Web Server via SFTP	2025-05-20T08:39:18.5326967Z ##[endgroup]
job-test	Deploy Test Dashboard to Web Server via SFTP	2025-05-20T08:39:18.5629386Z ----------------------------------------------------------------
job-test	Deploy Test Dashboard to Web Server via SFTP	2025-05-20T08:39:18.5630080Z ğŸš€ Thanks for using ftp-deploy. Let's deploy some stuff!   
job-test	Deploy Test Dashboard to Web Server via SFTP	2025-05-20T08:39:18.5630401Z ----------------------------------------------------------------
job-test	Deploy Test Dashboard to Web Server via SFTP	2025-05-20T08:39:18.5630756Z If you found this project helpful, please support it
job-test	Deploy Test Dashboard to Web Server via SFTP	2025-05-20T08:39:18.5631205Z by giving it a â­ on Github --> https://github.com/SamKirkland/FTP-Deploy-Action
job-test	Deploy Test Dashboard to Web Server via SFTP	2025-05-20T08:39:18.5631779Z or add a badge ğŸ·ï¸ to your projects readme --> https://github.com/SamKirkland/FTP-Deploy-Action#badge
job-test	Deploy Test Dashboard to Web Server via SFTP	2025-05-20T08:39:18.8073248Z ----------------------------------------------------------------
job-test	Deploy Test Dashboard to Web Server via SFTP	2025-05-20T08:39:18.8074616Z ğŸ—‘ï¸ Removing all files on the server because 'dangerous-clean-slate' was set, this will make the deployment very slow...
job-test	Deploy Test Dashboard to Web Server via SFTP	2025-05-20T08:39:19.7638841Z Clear complete
job-test	Deploy Test Dashboard to Web Server via SFTP	2025-05-20T08:39:19.7639355Z ----------------------------------------------------------------
job-test	Deploy Test Dashboard to Web Server via SFTP	2025-05-20T08:39:19.7640345Z No file exists on the server "/html/test/15132888734-test-ftp-deploy-sync-state.json" - this must be your first publish! ğŸ‰
job-test	Deploy Test Dashboard to Web Server via SFTP	2025-05-20T08:39:19.7642222Z The first publish will take a while... but once the initial sync is done only differences are published!
job-test	Deploy Test Dashboard to Web Server via SFTP	2025-05-20T08:39:19.7642735Z If you get this message and its NOT your first publish, something is wrong.
job-test	Deploy Test Dashboard to Web Server via SFTP	2025-05-20T08:39:19.7643276Z ----------------------------------------------------------------
job-test	Deploy Test Dashboard to Web Server via SFTP	2025-05-20T08:39:19.7721997Z Local Files:	32
job-test	Deploy Test Dashboard to Web Server via SFTP	2025-05-20T08:39:19.7722506Z Server Files:	0
job-test	Deploy Test Dashboard to Web Server via SFTP	2025-05-20T08:39:19.7722886Z ----------------------------------------------------------------
job-test	Deploy Test Dashboard to Web Server via SFTP	2025-05-20T08:39:19.7723233Z Calculating differences between client & server
job-test	Deploy Test Dashboard to Web Server via SFTP	2025-05-20T08:39:19.7723997Z ----------------------------------------------------------------
job-test	Deploy Test Dashboard to Web Server via SFTP	2025-05-20T08:39:19.7728813Z ğŸ“ Create: data
job-test	Deploy Test Dashboard to Web Server via SFTP	2025-05-20T08:39:19.7740738Z ğŸ“ Create: data/sections
job-test	Deploy Test Dashboard to Web Server via SFTP	2025-05-20T08:39:19.7743101Z ğŸ“ Create: js
job-test	Deploy Test Dashboard to Web Server via SFTP	2025-05-20T08:39:19.7743818Z ğŸ“ Create: templates
job-test	Deploy Test Dashboard to Web Server via SFTP	2025-05-20T08:39:19.7744107Z ğŸ“„ Upload: data/data.html
job-test	Deploy Test Dashboard to Web Server via SFTP	2025-05-20T08:39:19.7744397Z ğŸ“„ Upload: data/data.json
job-test	Deploy Test Dashboard to Web Server via SFTP	2025-05-20T08:39:19.7744732Z ğŸ“„ Upload: data/kaos-issue.json
job-test	Deploy Test Dashboard to Web Server via SFTP	2025-05-20T08:39:19.7745114Z ğŸ“„ Upload: data/kaos-repository-global-statistics.json
job-test	Deploy Test Dashboard to Web Server via SFTP	2025-05-20T08:39:19.7745553Z ğŸ“„ Upload: data/kaos-repository-statistics.json
job-test	Deploy Test Dashboard to Web Server via SFTP	2025-05-20T08:39:19.7745956Z ğŸ“„ Upload: data/kaos-workflows-available.json
job-test	Deploy Test Dashboard to Web Server via SFTP	2025-05-20T08:39:19.7746331Z ğŸ“„ Upload: data/kaos-workflows-runs.json
job-test	Deploy Test Dashboard to Web Server via SFTP	2025-05-20T08:39:19.7746678Z ğŸ“„ Upload: data/seccion1.json
job-test	Deploy Test Dashboard to Web Server via SFTP	2025-05-20T08:39:19.7747422Z ğŸ“„ Upload: data/section1.json
job-test	Deploy Test Dashboard to Web Server via SFTP	2025-05-20T08:39:19.7747712Z ğŸ“„ Upload: data/section2.json
job-test	Deploy Test Dashboard to Web Server via SFTP	2025-05-20T08:39:19.7748005Z ğŸ“„ Upload: data/section3.json
job-test	Deploy Test Dashboard to Web Server via SFTP	2025-05-20T08:39:19.7748317Z ğŸ“„ Upload: data/section4.json
job-test	Deploy Test Dashboard to Web Server via SFTP	2025-05-20T08:39:19.7748614Z ğŸ“„ Upload: data/section5.json
job-test	Deploy Test Dashboard to Web Server via SFTP	2025-05-20T08:39:19.7748917Z ğŸ“„ Upload: data/section6.json
job-test	Deploy Test Dashboard to Web Server via SFTP	2025-05-20T08:39:19.7749246Z ğŸ“„ Upload: data/section7.json
job-test	Deploy Test Dashboard to Web Server via SFTP	2025-05-20T08:39:19.7749570Z ğŸ“„ Upload: data/sections/sections.html
job-test	Deploy Test Dashboard to Web Server via SFTP	2025-05-20T08:39:19.7749904Z ğŸ“„ Upload: data/webs.json
job-test	Deploy Test Dashboard to Web Server via SFTP	2025-05-20T08:39:19.7750169Z ğŸ“„ Upload: js/js.html
job-test	Deploy Test Dashboard to Web Server via SFTP	2025-05-20T08:39:19.7750435Z ğŸ“„ Upload: js/orchestrator.js
job-test	Deploy Test Dashboard to Web Server via SFTP	2025-05-20T08:39:19.7750725Z ğŸ“„ Upload: js/structure.js
job-test	Deploy Test Dashboard to Web Server via SFTP	2025-05-20T08:39:19.7751023Z ğŸ“„ Upload: js/templates.js
job-test	Deploy Test Dashboard to Web Server via SFTP	2025-05-20T08:39:19.7751430Z ğŸ“„ Upload: templates/graphic.html
job-test	Deploy Test Dashboard to Web Server via SFTP	2025-05-20T08:39:19.7751764Z ğŸ“„ Upload: templates/navbar.html
job-test	Deploy Test Dashboard to Web Server via SFTP	2025-05-20T08:39:19.7752367Z ğŸ“„ Upload: templates/section-template.html
job-test	Deploy Test Dashboard to Web Server via SFTP	2025-05-20T08:39:19.7752595Z ğŸ“„ Upload: templates/summary.html
job-test	Deploy Test Dashboard to Web Server via SFTP	2025-05-20T08:39:19.7752792Z ğŸ“„ Upload: templates/table.html
job-test	Deploy Test Dashboard to Web Server via SFTP	2025-05-20T08:39:19.7753010Z ğŸ“„ Upload: templates/templates.html
job-test	Deploy Test Dashboard to Web Server via SFTP	2025-05-20T08:39:19.7753217Z ğŸ“„ Upload: test.html
job-test	Deploy Test Dashboard to Web Server via SFTP	2025-05-20T08:39:19.7753409Z ----------------------------------------------------------------
job-test	Deploy Test Dashboard to Web Server via SFTP	2025-05-20T08:39:19.7753658Z Making changes to 32 files/folders to sync server state
job-test	Deploy Test Dashboard to Web Server via SFTP	2025-05-20T08:39:19.7753909Z Uploading: 6.62 MB -- Deleting: 0 B -- Replacing: 0 B
job-test	Deploy Test Dashboard to Web Server via SFTP	2025-05-20T08:39:19.7754128Z ----------------------------------------------------------------
job-test	Deploy Test Dashboard to Web Server via SFTP	2025-05-20T08:39:19.7754328Z creating folder "data/"
job-test	Deploy Test Dashboard to Web Server via SFTP	2025-05-20T08:39:19.8065364Z creating folder "data/sections/"
job-test	Deploy Test Dashboard to Web Server via SFTP	2025-05-20T08:39:19.8726954Z creating folder "js/"
job-test	Deploy Test Dashboard to Web Server via SFTP	2025-05-20T08:39:19.9096583Z creating folder "templates/"
job-test	Deploy Test Dashboard to Web Server via SFTP	2025-05-20T08:39:19.9451709Z uploading "data/data.html"
job-test	Deploy Test Dashboard to Web Server via SFTP	2025-05-20T08:39:20.0129720Z uploading "data/data.json"
job-test	Deploy Test Dashboard to Web Server via SFTP	2025-05-20T08:39:20.0661148Z uploading "data/kaos-issue.json"
job-test	Deploy Test Dashboard to Web Server via SFTP	2025-05-20T08:39:20.2508761Z uploading "data/kaos-repository-global-statistics.json"
job-test	Deploy Test Dashboard to Web Server via SFTP	2025-05-20T08:39:20.3055102Z uploading "data/kaos-repository-statistics.json"
job-test	Deploy Test Dashboard to Web Server via SFTP	2025-05-20T08:39:20.3586156Z uploading "data/kaos-workflows-available.json"
job-test	Deploy Test Dashboard to Web Server via SFTP	2025-05-20T08:39:20.4148457Z uploading "data/kaos-workflows-runs.json"
job-test	Deploy Test Dashboard to Web Server via SFTP	2025-05-20T08:39:21.1050474Z uploading "data/seccion1.json"
job-test	Deploy Test Dashboard to Web Server via SFTP	2025-05-20T08:39:21.4393396Z uploading "data/section1.json"
job-test	Deploy Test Dashboard to Web Server via SFTP	2025-05-20T08:39:21.4970304Z uploading "data/section2.json"
job-test	Deploy Test Dashboard to Web Server via SFTP	2025-05-20T08:39:21.5646476Z uploading "data/section3.json"
job-test	Deploy Test Dashboard to Web Server via SFTP	2025-05-20T08:39:21.6243621Z uploading "data/section4.json"
job-test	Deploy Test Dashboard to Web Server via SFTP	2025-05-20T08:39:21.6810138Z uploading "data/section5.json"
job-test	Deploy Test Dashboard to Web Server via SFTP	2025-05-20T08:39:21.7365039Z uploading "data/section6.json"
job-test	Deploy Test Dashboard to Web Server via SFTP	2025-05-20T08:39:21.7946097Z uploading "data/section7.json"
job-test	Deploy Test Dashboard to Web Server via SFTP	2025-05-20T08:39:21.8523895Z uploading "data/sections/sections.html"
job-test	Deploy Test Dashboard to Web Server via SFTP	2025-05-20T08:39:21.9116142Z uploading "data/webs.json"
job-test	Deploy Test Dashboard to Web Server via SFTP	2025-05-20T08:39:21.9667629Z uploading "js/js.html"
job-test	Deploy Test Dashboard to Web Server via SFTP	2025-05-20T08:39:22.0249525Z uploading "js/orchestrator.js"
job-test	Deploy Test Dashboard to Web Server via SFTP	2025-05-20T08:39:22.0927177Z uploading "js/structure.js"
job-test	Deploy Test Dashboard to Web Server via SFTP	2025-05-20T08:39:22.1490967Z uploading "js/templates.js"
job-test	Deploy Test Dashboard to Web Server via SFTP	2025-05-20T08:39:22.2237361Z uploading "templates/graphic.html"
job-test	Deploy Test Dashboard to Web Server via SFTP	2025-05-20T08:39:22.2839610Z uploading "templates/navbar.html"
job-test	Deploy Test Dashboard to Web Server via SFTP	2025-05-20T08:39:22.3374366Z uploading "templates/section-template.html"
job-test	Deploy Test Dashboard to Web Server via SFTP	2025-05-20T08:39:22.3931746Z uploading "templates/summary.html"
job-test	Deploy Test Dashboard to Web Server via SFTP	2025-05-20T08:39:22.4536567Z uploading "templates/table.html"
job-test	Deploy Test Dashboard to Web Server via SFTP	2025-05-20T08:39:22.5077527Z uploading "templates/templates.html"
job-test	Deploy Test Dashboard to Web Server via SFTP	2025-05-20T08:39:52.5497483Z 
job-test	Deploy Test Dashboard to Web Server via SFTP	2025-05-20T08:39:52.5498897Z ----------------------------------------------------------------
job-test	Deploy Test Dashboard to Web Server via SFTP	2025-05-20T08:39:52.5509372Z --------------  ğŸ”¥ğŸ”¥ğŸ”¥ an error occurred  ğŸ”¥ğŸ”¥ğŸ”¥  --------------
job-test	Deploy Test Dashboard to Web Server via SFTP	2025-05-20T08:39:52.5509849Z ----------------------------------------------------------------
job-test	Deploy Test Dashboard to Web Server via SFTP	2025-05-20T08:39:52.5510096Z 
job-test	Deploy Test Dashboard to Web Server via SFTP	2025-05-20T08:39:52.5510365Z ----------------------------------------------------------------
job-test	Deploy Test Dashboard to Web Server via SFTP	2025-05-20T08:39:52.5510726Z ----------------------  full error below  ----------------------
job-test	Deploy Test Dashboard to Web Server via SFTP	2025-05-20T08:39:52.5511243Z ----------------------------------------------------------------
job-test	Deploy Test Dashboard to Web Server via SFTP	2025-05-20T08:39:52.5511989Z 
job-test	Deploy Test Dashboard to Web Server via SFTP	2025-05-20T08:39:52.5512088Z Error: Timeout (control socket)
job-test	Deploy Test Dashboard to Web Server via SFTP	2025-05-20T08:39:52.5512669Z     at Socket.<anonymous> (/actions-runner/_work/_actions/SamKirkland/FTP-Deploy-Action/v4.3.4/dist/index.js:5288:33)
job-test	Deploy Test Dashboard to Web Server via SFTP	2025-05-20T08:39:52.5513253Z     at Object.onceWrapper (node:events:638:28)
job-test	Deploy Test Dashboard to Web Server via SFTP	2025-05-20T08:39:52.5513561Z     at Socket.emit (node:events:524:28)
job-test	Deploy Test Dashboard to Web Server via SFTP	2025-05-20T08:39:52.5513851Z     at Socket._onTimeout (node:net:595:8)
job-test	Deploy Test Dashboard to Web Server via SFTP	2025-05-20T08:39:52.5514161Z     at listOnTimeout (node:internal/timers:581:17)
job-test	Deploy Test Dashboard to Web Server via SFTP	2025-05-20T08:39:52.5514517Z     at process.processTimers (node:internal/timers:519:7)
job-test	Deploy Test Dashboard to Web Server via SFTP	2025-05-20T08:39:52.5535383Z ##[error]Error: Timeout (control socket)
job-test	Post Checkout repository	ï»¿2025-05-20T08:40:22.5891706Z Post job cleanup.
job-test	Post Checkout repository	2025-05-20T08:40:22.6497192Z [command]/usr/bin/git version
job-test	Post Checkout repository	2025-05-20T08:40:22.6527442Z git version 2.43.0
job-test	Post Checkout repository	2025-05-20T08:40:22.6559244Z Copying '/home/kaos/.gitconfig' to '/actions-runner/_work/_temp/8050920f-***1d-4ecf-8912-565aa070961c/.gitconfig'
job-test	Post Checkout repository	2025-05-20T08:40:22.6569751Z Temporarily overriding HOME='/actions-runner/_work/_temp/8050920f-***1d-4ecf-8912-565aa070961c' before making global git config changes
job-test	Post Checkout repository	2025-05-20T08:40:22.6570520Z Adding repository directory to the temporary git global config as a safe directory
job-test	Post Checkout repository	2025-05-20T08:40:22.6573316Z [command]/usr/bin/git config --global --add safe.directory /actions-runner/_work/ka0s/ka0s
job-test	Post Checkout repository	2025-05-20T08:40:22.6670990Z [command]/usr/bin/git config --local --name-only --get-regexp core\.sshCommand
job-test	Post Checkout repository	2025-05-20T08:40:22.6698962Z [command]/usr/bin/git submodule foreach --recursive sh -c "git config --local --name-only --get-regexp 'core\.sshCommand' && git config --local --unset-all 'core.sshCommand' || :"
job-test	Post Checkout repository	2025-05-20T08:40:22.6946615Z [command]/usr/bin/git config --local --name-only --get-regexp http\.https\:\/\/github\.com\/\.extraheader
job-test	Post Checkout repository	2025-05-20T08:40:22.6964831Z http.https://github.com/.extraheader
job-test	Post Checkout repository	2025-05-20T08:40:22.6976133Z [command]/usr/bin/git config --local --unset-all http.https://github.com/.extraheader
job-test	Post Checkout repository	2025-05-20T08:40:22.7009406Z [command]/usr/bin/git submodule foreach --recursive sh -c "git config --local --name-only --get-regexp 'http\.https\:\/\/github\.com\/\.extraheader' && git config --local --unset-all 'http.https://github.com/.extraheader' || :"
job-test	Complete job	ï»¿2025-05-20T08:40:22.7341793Z Cleaning up orphan processes
job-core	Set up job	ï»¿2025-05-20T08:39:57.0204735Z Current runner version: '2.324.0'
job-core	Set up job	2025-05-20T08:39:57.0208462Z Runner name: 'ka0s-10'
job-core	Set up job	2025-05-20T08:39:57.0209030Z Machine name: '26a53205c9ac'
job-core	Set up job	2025-05-20T08:39:57.0210582Z ##[group]GITHUB_TOKEN Permissions
job-core	Set up job	2025-05-20T08:39:57.0212021Z Contents: read
job-core	Set up job	2025-05-20T08:39:57.0212324Z Metadata: read
job-core	Set up job	2025-05-20T08:39:57.0212603Z Packages: read
job-core	Set up job	2025-05-20T08:39:57.0212880Z ##[endgroup]
job-core	Set up job	2025-05-20T08:39:57.0214086Z Secret source: Actions
job-core	Set up job	2025-05-20T08:39:57.0214459Z Prepare workflow directory
job-core	Set up job	2025-05-20T08:39:57.0605143Z Prepare all required actions
job-core	Set up job	2025-05-20T08:39:57.0631127Z Getting action download info
job-core	Set up job	2025-05-20T08:39:57.5144161Z Download action repository 'actions/checkout@v4' (SHA:11bd71901bbe5b1630ceea73d27597364c9af683)
job-core	Set up job	2025-05-20T08:39:58.2731538Z Download action repository 'SamKirkland/FTP-Deploy-Action@v4.3.4' (SHA:8a24039354ee91000cb948cb4a1dbdf1a1b94a3c)
job-core	Set up job	2025-05-20T08:39:58.9845029Z Complete job name: job-core
job-core	Checkout repository	ï»¿2025-05-20T08:39:59.0218654Z ##[group]Run actions/checkout@v4
job-core	Checkout repository	2025-05-20T08:39:59.0219571Z with:
job-core	Checkout repository	2025-05-20T08:39:59.0220167Z   fetch-depth: 0
job-core	Checkout repository	2025-05-20T08:39:59.0221058Z   token: ***
job-core	Checkout repository	2025-05-20T08:39:59.0221791Z   repository: Ka0s-Klaus/ka0s
job-core	Checkout repository	2025-05-20T08:39:59.0222511Z   ssh-strict: true
job-core	Checkout repository	2025-05-20T08:39:59.0223101Z   ssh-user: git
job-core	Checkout repository	2025-05-20T08:39:59.0223702Z   persist-credentials: true
job-core	Checkout repository	2025-05-20T08:39:59.0224372Z   clean: true
job-core	Checkout repository	2025-05-20T08:39:59.0224980Z   sparse-checkout-cone-mode: true
job-core	Checkout repository	2025-05-20T08:39:59.0225705Z   fetch-tags: false
job-core	Checkout repository	2025-05-20T08:39:59.0226300Z   show-progress: true
job-core	Checkout repository	2025-05-20T08:39:59.0226907Z   lfs: false
job-core	Checkout repository	2025-05-20T08:39:59.0227475Z   submodules: false
job-core	Checkout repository	2025-05-20T08:39:59.0228086Z   set-safe-directory: true
job-core	Checkout repository	2025-05-20T08:39:59.0228823Z env:
job-core	Checkout repository	2025-05-20T08:39:59.0229350Z   KAOS_CODE: 15132888734
job-core	Checkout repository	2025-05-20T08:39:59.0230000Z   KAOS_EVENT_NAME: push
job-core	Checkout repository	2025-05-20T08:39:59.0230628Z   KAOS_ACTION: 
job-core	Checkout repository	2025-05-20T08:39:59.0231217Z   KAOS_REF: refs/heads/main
job-core	Checkout repository	2025-05-20T08:39:59.0231923Z   KAOS_MODULE: [Ka0S] Deploy Webs
job-core	Checkout repository	2025-05-20T08:39:59.0232840Z   KAOS_PATH_ORIGIN_DASHBOARD: core/results/webs/dashboard/
job-core	Checkout repository	2025-05-20T08:39:59.0233821Z   KAOS_PATH_WEB_DASHBOARD: /html/dashboard/
job-core	Checkout repository	2025-05-20T08:39:59.0234692Z   KAOS_PATH_ORIGIN_TEST: core/results/webs/test/
job-core	Checkout repository	2025-05-20T08:39:59.0235550Z   KAOS_PATH_WEB_TEST: /html/test/
job-core	Checkout repository	2025-05-20T08:39:59.0236317Z   KAOS_PATH_RESUME: core/results/dw/
job-core	Checkout repository	2025-05-20T08:39:59.0237163Z   KAOS_FILE_STATE: ftp-deploy-sync-state.json
job-core	Checkout repository	2025-05-20T08:39:59.0237991Z   KAOS_ACTOR: Daniel-NS10
job-core	Checkout repository	2025-05-20T08:39:59.0238686Z   KAOS_CACHE_BUSTER: 15132888734-351
job-core	Checkout repository	2025-05-20T08:39:59.0239418Z ##[endgroup]
job-core	Checkout repository	2025-05-20T08:39:59.0945138Z Syncing repository: Ka0s-Klaus/ka0s
job-core	Checkout repository	2025-05-20T08:39:59.0947451Z ##[group]Getting Git version info
job-core	Checkout repository	2025-05-20T08:39:59.0948558Z Working directory is '/actions-runner/_work/ka0s/ka0s'
job-core	Checkout repository	2025-05-20T08:39:59.0950061Z [command]/usr/bin/git version
job-core	Checkout repository	2025-05-20T08:39:59.0950879Z git version 2.43.0
job-core	Checkout repository	2025-05-20T08:39:59.0981446Z ##[endgroup]
job-core	Checkout repository	2025-05-20T08:39:59.0995025Z Copying '/home/kaos/.gitconfig' to '/actions-runner/_work/_temp/896f3e8b-a4a9-4697-a1be-8a4341459a57/.gitconfig'
job-core	Checkout repository	2025-05-20T08:39:59.1011409Z Temporarily overriding HOME='/actions-runner/_work/_temp/896f3e8b-a4a9-4697-a1be-8a4341459a57' before making global git config changes
job-core	Checkout repository	2025-05-20T08:39:59.1013722Z Adding repository directory to the temporary git global config as a safe directory
job-core	Checkout repository	2025-05-20T08:39:59.1018576Z [command]/usr/bin/git config --global --add safe.directory /actions-runner/_work/ka0s/ka0s
job-core	Checkout repository	2025-05-20T08:39:59.1107596Z [command]/usr/bin/git config --local --get remote.origin.url
job-core	Checkout repository	2025-05-20T08:39:59.1124980Z https://github.com/Ka0s-Klaus/ka0s
job-core	Checkout repository	2025-05-20T08:39:59.1147695Z ##[group]Removing previously created refs, to avoid conflicts
job-core	Checkout repository	2025-05-20T08:39:59.1151929Z [command]/usr/bin/git rev-parse --symbolic-full-name --verify --quiet HEAD
job-core	Checkout repository	2025-05-20T08:39:59.1174129Z refs/heads/main
job-core	Checkout repository	2025-05-20T08:39:59.1186143Z [command]/usr/bin/git checkout --detach
job-core	Checkout repository	2025-05-20T08:39:59.1274877Z HEAD is now at 180d2db2 Arreglo dashboard
job-core	Checkout repository	2025-05-20T08:39:59.1314602Z [command]/usr/bin/git branch --delete --force main
job-core	Checkout repository	2025-05-20T08:39:59.1351319Z Deleted branch main (was 180d2db2).
job-core	Checkout repository	2025-05-20T08:39:59.1429565Z ##[endgroup]
job-core	Checkout repository	2025-05-20T08:39:59.1431290Z [command]/usr/bin/git submodule status
job-core	Checkout repository	2025-05-20T08:39:59.1675550Z ##[group]Cleaning the repository
job-core	Checkout repository	2025-05-20T08:39:59.1682192Z [command]/usr/bin/git clean -ffdx
job-core	Checkout repository	2025-05-20T08:39:59.1730216Z [command]/usr/bin/git reset --hard HEAD
job-core	Checkout repository	2025-05-20T08:39:59.1866215Z HEAD is now at 180d2db2 Arreglo dashboard
job-core	Checkout repository	2025-05-20T08:39:59.1870881Z ##[endgroup]
job-core	Checkout repository	2025-05-20T08:39:59.1872258Z ##[group]Disabling automatic garbage collection
job-core	Checkout repository	2025-05-20T08:39:59.1874885Z [command]/usr/bin/git config --local gc.auto 0
job-core	Checkout repository	2025-05-20T08:39:59.1904890Z ##[endgroup]
job-core	Checkout repository	2025-05-20T08:39:59.1906322Z ##[group]Setting up auth
job-core	Checkout repository	2025-05-20T08:39:59.1911931Z [command]/usr/bin/git config --local --name-only --get-regexp core\.sshCommand
job-core	Checkout repository	2025-05-20T08:39:59.1941631Z [command]/usr/bin/git submodule foreach --recursive sh -c "git config --local --name-only --get-regexp 'core\.sshCommand' && git config --local --unset-all 'core.sshCommand' || :"
job-core	Checkout repository	2025-05-20T08:39:59.2186209Z [command]/usr/bin/git config --local --name-only --get-regexp http\.https\:\/\/github\.com\/\.extraheader
job-core	Checkout repository	2025-05-20T08:39:59.2208320Z [command]/usr/bin/git submodule foreach --recursive sh -c "git config --local --name-only --get-regexp 'http\.https\:\/\/github\.com\/\.extraheader' && git config --local --unset-all 'http.https://github.com/.extraheader' || :"
job-core	Checkout repository	2025-05-20T08:39:59.2457472Z [command]/usr/bin/git config --local http.https://github.com/.extraheader AUTHORIZATION: basic ***
job-core	Checkout repository	2025-05-20T08:39:59.2498652Z ##[endgroup]
job-core	Checkout repository	2025-05-20T08:39:59.2499955Z ##[group]Fetching the repository
job-core	Checkout repository	2025-05-20T08:39:59.2504600Z [command]/usr/bin/git -c protocol.version=2 fetch --prune --no-recurse-submodules origin +refs/heads/*:refs/remotes/origin/* +refs/tags/*:refs/tags/*
job-core	Checkout repository	2025-05-20T08:39:59.9658233Z From https://github.com/Ka0s-Klaus/ka0s
job-core	Checkout repository	2025-05-20T08:39:59.9658721Z    180d2db2..ce4c393b  main       -> origin/main
job-core	Checkout repository	2025-05-20T08:39:59.9722520Z [command]/usr/bin/git branch --list --remote origin/main
job-core	Checkout repository	2025-05-20T08:39:59.9738253Z   origin/main
job-core	Checkout repository	2025-05-20T08:39:59.9748429Z [command]/usr/bin/git rev-parse refs/remotes/origin/main
job-core	Checkout repository	2025-05-20T08:39:59.9771499Z ce4c393bb245f59e5e77877f2710ff9d9f8b25d6
job-core	Checkout repository	2025-05-20T08:39:59.9777573Z ##[endgroup]
job-core	Checkout repository	2025-05-20T08:39:59.9778014Z ##[group]Determining the checkout info
job-core	Checkout repository	2025-05-20T08:39:59.9778622Z ##[endgroup]
job-core	Checkout repository	2025-05-20T08:39:59.9784613Z [command]/usr/bin/git sparse-checkout disable
job-core	Checkout repository	2025-05-20T08:39:59.9841345Z [command]/usr/bin/git config --local --unset-all extensions.worktreeConfig
job-core	Checkout repository	2025-05-20T08:39:59.9866855Z ##[group]Checking out the ref
job-core	Checkout repository	2025-05-20T08:39:59.9867193Z [command]/usr/bin/git checkout --progress --force -B main refs/remotes/origin/main
job-core	Checkout repository	2025-05-20T08:40:00.0082458Z Previous HEAD position was 180d2db2 Arreglo dashboard
job-core	Checkout repository	2025-05-20T08:40:00.0086591Z Switched to a new branch 'main'
job-core	Checkout repository	2025-05-20T08:40:00.0086967Z branch 'main' set up to track 'origin/main'.
job-core	Checkout repository	2025-05-20T08:40:00.0093222Z ##[endgroup]
job-core	Checkout repository	2025-05-20T08:40:00.0135479Z [command]/usr/bin/git log -1 --format=%H
job-core	Checkout repository	2025-05-20T08:40:00.0156130Z ce4c393bb245f59e5e77877f2710ff9d9f8b25d6
job-core	Limpiar cachÃ© local antes del despliegue	ï»¿2025-05-20T08:40:00.0275919Z ##[group]Run echo "Limpiando cachÃ© local de GitHub Actions runner..."
job-core	Limpiar cachÃ© local antes del despliegue	2025-05-20T08:40:00.0276288Z [36;1mecho "Limpiando cachÃ© local de GitHub Actions runner..."[0m
job-core	Limpiar cachÃ© local antes del despliegue	2025-05-20T08:40:00.0276509Z [36;1mif [ -d ~/.cache ]; then[0m
job-core	Limpiar cachÃ© local antes del despliegue	2025-05-20T08:40:00.0276671Z [36;1m  rm -rf ~/.cache/*[0m
job-core	Limpiar cachÃ© local antes del despliegue	2025-05-20T08:40:00.0276838Z [36;1m  echo "CachÃ© local eliminada."[0m
job-core	Limpiar cachÃ© local antes del despliegue	2025-05-20T08:40:00.0277003Z [36;1melse[0m
job-core	Limpiar cachÃ© local antes del despliegue	2025-05-20T08:40:00.0277169Z [36;1m  echo "No se encontrÃ³ directorio de cachÃ© local."[0m
job-core	Limpiar cachÃ© local antes del despliegue	2025-05-20T08:40:00.0277355Z [36;1mfi[0m
job-core	Limpiar cachÃ© local antes del despliegue	2025-05-20T08:40:00.0284052Z shell: /usr/bin/bash -e {0}
job-core	Limpiar cachÃ© local antes del despliegue	2025-05-20T08:40:00.0284226Z env:
job-core	Limpiar cachÃ© local antes del despliegue	2025-05-20T08:40:00.0284351Z   KAOS_CODE: 15132888734
job-core	Limpiar cachÃ© local antes del despliegue	2025-05-20T08:40:00.0284499Z   KAOS_EVENT_NAME: push
job-core	Limpiar cachÃ© local antes del despliegue	2025-05-20T08:40:00.0284638Z   KAOS_ACTION: 
job-core	Limpiar cachÃ© local antes del despliegue	2025-05-20T08:40:00.0284771Z   KAOS_REF: refs/heads/main
job-core	Limpiar cachÃ© local antes del despliegue	2025-05-20T08:40:00.0284921Z   KAOS_MODULE: [Ka0S] Deploy Webs
job-core	Limpiar cachÃ© local antes del despliegue	2025-05-20T08:40:00.0285246Z   KAOS_PATH_ORIGIN_DASHBOARD: core/results/webs/dashboard/
job-core	Limpiar cachÃ© local antes del despliegue	2025-05-20T08:40:00.0285456Z   KAOS_PATH_WEB_DASHBOARD: /html/dashboard/
job-core	Limpiar cachÃ© local antes del despliegue	2025-05-20T08:40:00.0285671Z   KAOS_PATH_ORIGIN_TEST: core/results/webs/test/
job-core	Limpiar cachÃ© local antes del despliegue	2025-05-20T08:40:00.0285848Z   KAOS_PATH_WEB_TEST: /html/test/
job-core	Limpiar cachÃ© local antes del despliegue	2025-05-20T08:40:00.0286005Z   KAOS_PATH_RESUME: core/results/dw/
job-core	Limpiar cachÃ© local antes del despliegue	2025-05-20T08:40:00.0286184Z   KAOS_FILE_STATE: ftp-deploy-sync-state.json
job-core	Limpiar cachÃ© local antes del despliegue	2025-05-20T08:40:00.0286368Z   KAOS_ACTOR: Daniel-NS10
job-core	Limpiar cachÃ© local antes del despliegue	2025-05-20T08:40:00.0286518Z   KAOS_CACHE_BUSTER: 15132888734-351
job-core	Limpiar cachÃ© local antes del despliegue	2025-05-20T08:40:00.0286666Z ##[endgroup]
job-core	Limpiar cachÃ© local antes del despliegue	2025-05-20T08:40:00.0325540Z Limpiando cachÃ© local de GitHub Actions runner...
job-core	Limpiar cachÃ© local antes del despliegue	2025-05-20T08:40:00.0338775Z CachÃ© local eliminada.
job-core	Deploy Dashboard to Web Server via SFTP	ï»¿2025-05-20T08:40:00.0377618Z ##[group]Run SamKirkland/FTP-Deploy-Action@v4.3.4
job-core	Deploy Dashboard to Web Server via SFTP	2025-05-20T08:40:00.0377838Z with:
job-core	Deploy Dashboard to Web Server via SFTP	2025-05-20T08:40:00.0378031Z   server: ***
job-core	Deploy Dashboard to Web Server via SFTP	2025-05-20T08:40:00.0378171Z   username: ***
job-core	Deploy Dashboard to Web Server via SFTP	2025-05-20T08:40:00.0378320Z   password: ***
job-core	Deploy Dashboard to Web Server via SFTP	2025-05-20T08:40:00.0378482Z   port: ***
job-core	Deploy Dashboard to Web Server via SFTP	2025-05-20T08:40:00.0378621Z   local-dir: core/results/webs/dashboard/
job-core	Deploy Dashboard to Web Server via SFTP	2025-05-20T08:40:00.0378802Z   server-dir: /html/dashboard/
job-core	Deploy Dashboard to Web Server via SFTP	2025-05-20T08:40:00.0378959Z   dangerous-clean-slate: true
job-core	Deploy Dashboard to Web Server via SFTP	2025-05-20T08:40:00.0379160Z   state-name: 15132888734-dashboard-ftp-deploy-sync-state.json
job-core	Deploy Dashboard to Web Server via SFTP	2025-05-20T08:40:00.0379387Z   exclude: **/.git*
job-core	Deploy Dashboard to Web Server via SFTP	**/.git*/**
job-core	Deploy Dashboard to Web Server via SFTP	**/node_modules/**
job-core	Deploy Dashboard to Web Server via SFTP	
job-core	Deploy Dashboard to Web Server via SFTP	2025-05-20T08:40:00.0379574Z env:
job-core	Deploy Dashboard to Web Server via SFTP	2025-05-20T08:40:00.0379694Z   KAOS_CODE: 15132888734
job-core	Deploy Dashboard to Web Server via SFTP	2025-05-20T08:40:00.0379840Z   KAOS_EVENT_NAME: push
job-core	Deploy Dashboard to Web Server via SFTP	2025-05-20T08:40:00.0379979Z   KAOS_ACTION: 
job-core	Deploy Dashboard to Web Server via SFTP	2025-05-20T08:40:00.0380105Z   KAOS_REF: refs/heads/main
job-core	Deploy Dashboard to Web Server via SFTP	2025-05-20T08:40:00.0380478Z   KAOS_MODULE: [Ka0S] Deploy Webs
job-core	Deploy Dashboard to Web Server via SFTP	2025-05-20T08:40:00.0380667Z   KAOS_PATH_ORIGIN_DASHBOARD: core/results/webs/dashboard/
job-core	Deploy Dashboard to Web Server via SFTP	2025-05-20T08:40:00.0380899Z   KAOS_PATH_WEB_DASHBOARD: /html/dashboard/
job-core	Deploy Dashboard to Web Server via SFTP	2025-05-20T08:40:00.0381086Z   KAOS_PATH_ORIGIN_TEST: core/results/webs/test/
job-core	Deploy Dashboard to Web Server via SFTP	2025-05-20T08:40:00.0381977Z   KAOS_PATH_WEB_TEST: /html/test/
job-core	Deploy Dashboard to Web Server via SFTP	2025-05-20T08:40:00.0382187Z   KAOS_PATH_RESUME: core/results/dw/
job-core	Deploy Dashboard to Web Server via SFTP	2025-05-20T08:40:00.0382408Z   KAOS_FILE_STATE: ftp-deploy-sync-state.json
job-core	Deploy Dashboard to Web Server via SFTP	2025-05-20T08:40:00.0382629Z   KAOS_ACTOR: Daniel-NS10
job-core	Deploy Dashboard to Web Server via SFTP	2025-05-20T08:40:00.0382805Z   KAOS_CACHE_BUSTER: 15132888734-351
job-core	Deploy Dashboard to Web Server via SFTP	2025-05-20T08:40:00.0382987Z ##[endgroup]
job-core	Deploy Dashboard to Web Server via SFTP	2025-05-20T08:40:00.0661977Z ----------------------------------------------------------------
job-core	Deploy Dashboard to Web Server via SFTP	2025-05-20T08:40:00.0663188Z ğŸš€ Thanks for using ftp-deploy. Let's deploy some stuff!   
job-core	Deploy Dashboard to Web Server via SFTP	2025-05-20T08:40:00.0663509Z ----------------------------------------------------------------
job-core	Deploy Dashboard to Web Server via SFTP	2025-05-20T08:40:00.0663743Z If you found this project helpful, please support it
job-core	Deploy Dashboard to Web Server via SFTP	2025-05-20T08:40:00.0664102Z by giving it a â­ on Github --> https://github.com/SamKirkland/FTP-Deploy-Action
job-core	Deploy Dashboard to Web Server via SFTP	2025-05-20T08:40:00.0664500Z or add a badge ğŸ·ï¸ to your projects readme --> https://github.com/SamKirkland/FTP-Deploy-Action#badge
job-core	Deploy Dashboard to Web Server via SFTP	2025-05-20T08:40:00.3160877Z ----------------------------------------------------------------
job-core	Deploy Dashboard to Web Server via SFTP	2025-05-20T08:40:00.3161714Z ğŸ—‘ï¸ Removing all files on the server because 'dangerous-clean-slate' was set, this will make the deployment very slow...
job-core	Deploy Dashboard to Web Server via SFTP	2025-05-20T08:40:00.8908308Z Clear complete
job-core	Deploy Dashboard to Web Server via SFTP	2025-05-20T08:40:00.8908787Z ----------------------------------------------------------------
job-core	Deploy Dashboard to Web Server via SFTP	2025-05-20T08:40:00.8909541Z No file exists on the server "/html/dashboard/15132888734-dashboard-ftp-deploy-sync-state.json" - this must be your first publish! ğŸ‰
job-core	Deploy Dashboard to Web Server via SFTP	2025-05-20T08:40:00.8910067Z The first publish will take a while... but once the initial sync is done only differences are published!
job-core	Deploy Dashboard to Web Server via SFTP	2025-05-20T08:40:00.8910436Z If you get this message and its NOT your first publish, something is wrong.
job-core	Deploy Dashboard to Web Server via SFTP	2025-05-20T08:40:00.8910847Z ----------------------------------------------------------------
job-core	Deploy Dashboard to Web Server via SFTP	2025-05-20T08:40:00.9010010Z Local Files:	19
job-core	Deploy Dashboard to Web Server via SFTP	2025-05-20T08:40:00.9010678Z Server Files:	0
job-core	Deploy Dashboard to Web Server via SFTP	2025-05-20T08:40:00.9010891Z ----------------------------------------------------------------
job-core	Deploy Dashboard to Web Server via SFTP	2025-05-20T08:40:00.9011324Z Calculating differences between client & server
job-core	Deploy Dashboard to Web Server via SFTP	2025-05-20T08:40:00.9011583Z ----------------------------------------------------------------
job-core	Deploy Dashboard to Web Server via SFTP	2025-05-20T08:40:00.9016757Z ğŸ“ Create: custom
job-core	Deploy Dashboard to Web Server via SFTP	2025-05-20T08:40:00.9016992Z ğŸ“ Create: data
job-core	Deploy Dashboard to Web Server via SFTP	2025-05-20T08:40:00.9017173Z ğŸ“ Create: js
job-core	Deploy Dashboard to Web Server via SFTP	2025-05-20T08:40:00.9017389Z ğŸ“ Create: templates
job-core	Deploy Dashboard to Web Server via SFTP	2025-05-20T08:40:00.9017652Z ğŸ“„ Upload: custom/custom.html
job-core	Deploy Dashboard to Web Server via SFTP	2025-05-20T08:40:00.9018187Z ğŸ“„ Upload: dashboard.html
job-core	Deploy Dashboard to Web Server via SFTP	2025-05-20T08:40:00.9026552Z ğŸ“„ Upload: data/data.html
job-core	Deploy Dashboard to Web Server via SFTP	2025-05-20T08:40:00.9027099Z ğŸ“„ Upload: data/kaos-issue.json
job-core	Deploy Dashboard to Web Server via SFTP	2025-05-20T08:40:00.9027498Z ğŸ“„ Upload: data/kaos-repository-global-statistics copy.json
job-core	Deploy Dashboard to Web Server via SFTP	2025-05-20T08:40:00.9029796Z ğŸ“„ Upload: data/kaos-repository-global-statistics.json
job-core	Deploy Dashboard to Web Server via SFTP	2025-05-20T08:40:00.9030172Z ğŸ“„ Upload: data/kaos-repository-statistics.json
job-core	Deploy Dashboard to Web Server via SFTP	2025-05-20T08:40:00.9030613Z ğŸ“„ Upload: data/kaos-workflows-available.json
job-core	Deploy Dashboard to Web Server via SFTP	2025-05-20T08:40:00.9031200Z ğŸ“„ Upload: data/kaos-workflows-runs.json
job-core	Deploy Dashboard to Web Server via SFTP	2025-05-20T08:40:00.9031502Z ğŸ“„ Upload: data/section1.json
job-core	Deploy Dashboard to Web Server via SFTP	2025-05-20T08:40:00.9031724Z ğŸ“„ Upload: data/section2.json
job-core	Deploy Dashboard to Web Server via SFTP	2025-05-20T08:40:00.9031928Z ğŸ“„ Upload: data/section4.json
job-core	Deploy Dashboard to Web Server via SFTP	2025-05-20T08:40:00.9032138Z ğŸ“„ Upload: data/webs.json
job-core	Deploy Dashboard to Web Server via SFTP	2025-05-20T08:40:00.9032335Z ğŸ“„ Upload: js/orchestrator.js
job-core	Deploy Dashboard to Web Server via SFTP	2025-05-20T08:40:00.9032772Z ğŸ“„ Upload: templates/navbar.html
job-core	Deploy Dashboard to Web Server via SFTP	2025-05-20T08:40:00.9032996Z ----------------------------------------------------------------
job-core	Deploy Dashboard to Web Server via SFTP	2025-05-20T08:40:00.9033226Z Making changes to 19 files/folders to sync server state
job-core	Deploy Dashboard to Web Server via SFTP	2025-05-20T08:40:00.9033444Z Uploading: 7.19 MB -- Deleting: 0 B -- Replacing: 0 B
job-core	Deploy Dashboard to Web Server via SFTP	2025-05-20T08:40:00.9033652Z ----------------------------------------------------------------
job-core	Deploy Dashboard to Web Server via SFTP	2025-05-20T08:40:00.9033843Z creating folder "custom/"
job-core	Deploy Dashboard to Web Server via SFTP	2025-05-20T08:40:00.9374299Z creating folder "data/"
job-core	Deploy Dashboard to Web Server via SFTP	2025-05-20T08:40:00.9729571Z creating folder "js/"
job-core	Deploy Dashboard to Web Server via SFTP	2025-05-20T08:40:01.0133787Z creating folder "templates/"
job-core	Deploy Dashboard to Web Server via SFTP	2025-05-20T08:40:01.0540489Z uploading "custom/custom.html"
job-core	Deploy Dashboard to Web Server via SFTP	2025-05-20T08:40:01.1124656Z uploading "dashboard.html"
job-core	Deploy Dashboard to Web Server via SFTP	2025-05-20T08:40:01.1678320Z uploading "data/data.html"
job-core	Deploy Dashboard to Web Server via SFTP	2025-05-20T08:40:01.2229522Z uploading "data/kaos-issue.json"
job-core	Deploy Dashboard to Web Server via SFTP	2025-05-20T08:40:01.4152913Z uploading "data/kaos-repository-global-statistics copy.json"
job-core	Deploy Dashboard to Web Server via SFTP	2025-05-20T08:40:01.4751219Z uploading "data/kaos-repository-global-statistics.json"
job-core	Deploy Dashboard to Web Server via SFTP	2025-05-20T08:40:01.5332569Z uploading "data/kaos-repository-statistics.json"
job-core	Deploy Dashboard to Web Server via SFTP	2025-05-20T08:40:01.5926589Z uploading "data/kaos-workflows-available.json"
job-core	Deploy Dashboard to Web Server via SFTP	2025-05-20T08:40:01.6495233Z uploading "data/kaos-workflows-runs.json"
job-core	Deploy Dashboard to Web Server via SFTP	2025-05-20T08:40:01.9329938Z uploading "data/section1.json"
job-core	Deploy Dashboard to Web Server via SFTP	2025-05-20T08:40:01.9909722Z uploading "data/section2.json"
job-core	Deploy Dashboard to Web Server via SFTP	2025-05-20T08:40:02.0510853Z uploading "data/section4.json"
job-core	Deploy Dashboard to Web Server via SFTP	2025-05-20T08:40:02.1148807Z uploading "data/webs.json"
job-core	Deploy Dashboard to Web Server via SFTP	2025-05-20T08:40:02.1814800Z uploading "js/orchestrator.js"
job-core	Deploy Dashboard to Web Server via SFTP	2025-05-20T08:40:02.2661620Z uploading "templates/navbar.html"
job-core	Deploy Dashboard to Web Server via SFTP	2025-05-20T08:40:02.3251522Z ----------------------------------------------------------------
job-core	Deploy Dashboard to Web Server via SFTP	2025-05-20T08:40:02.3253025Z ğŸ‰ Sync complete. Saving current server state to "/html/dashboard/15132888734-dashboard-ftp-deploy-sync-state.json"
job-core	Deploy Dashboard to Web Server via SFTP	2025-05-20T08:40:02.3864503Z ----------------------------------------------------------------
job-core	Deploy Dashboard to Web Server via SFTP	2025-05-20T08:40:02.3865210Z Time spent hashing: 18 milliseconds
job-core	Deploy Dashboard to Web Server via SFTP	2025-05-20T08:40:02.3868133Z Time spent connecting to server: 172 milliseconds
job-core	Deploy Dashboard to Web Server via SFTP	2025-05-20T08:40:02.3868786Z Time spent deploying: 1.4 seconds (4.84 MB/second)
job-core	Deploy Dashboard to Web Server via SFTP	2025-05-20T08:40:02.3869104Z   - changing dirs: 159 milliseconds
job-core	Deploy Dashboard to Web Server via SFTP	2025-05-20T08:40:02.3869369Z   - logging: 11 milliseconds
job-core	Deploy Dashboard to Web Server via SFTP	2025-05-20T08:40:02.3869657Z ----------------------------------------------------------------
job-core	Deploy Dashboard to Web Server via SFTP	2025-05-20T08:40:02.3869967Z Total time: 2.3 seconds
job-core	Deploy Dashboard to Web Server via SFTP	2025-05-20T08:40:02.3870225Z ----------------------------------------------------------------
job-core	Post Checkout repository	ï»¿2025-05-20T08:40:02.4074259Z Post job cleanup.
job-core	Post Checkout repository	2025-05-20T08:40:02.4692551Z [command]/usr/bin/git version
job-core	Post Checkout repository	2025-05-20T08:40:02.4720439Z git version 2.43.0
job-core	Post Checkout repository	2025-05-20T08:40:02.4768696Z Copying '/home/kaos/.gitconfig' to '/actions-runner/_work/_temp/d94e5692-a404-4be3-af72-55c1d71d9380/.gitconfig'
job-core	Post Checkout repository	2025-05-20T08:40:02.4784454Z Temporarily overriding HOME='/actions-runner/_work/_temp/d94e5692-a404-4be3-af72-55c1d71d9380' before making global git config changes
job-core	Post Checkout repository	2025-05-20T08:40:02.4785699Z Adding repository directory to the temporary git global config as a safe directory
job-core	Post Checkout repository	2025-05-20T08:40:02.4790805Z [command]/usr/bin/git config --global --add safe.directory /actions-runner/_work/ka0s/ka0s
job-core	Post Checkout repository	2025-05-20T08:40:02.4883803Z [command]/usr/bin/git config --local --name-only --get-regexp core\.sshCommand
job-core	Post Checkout repository	2025-05-20T08:40:02.4924357Z [command]/usr/bin/git submodule foreach --recursive sh -c "git config --local --name-only --get-regexp 'core\.sshCommand' && git config --local --unset-all 'core.sshCommand' || :"
job-core	Post Checkout repository	2025-05-20T08:40:02.5171430Z [command]/usr/bin/git config --local --name-only --get-regexp http\.https\:\/\/github\.com\/\.extraheader
job-core	Post Checkout repository	2025-05-20T08:40:02.5195969Z http.https://github.com/.extraheader
job-core	Post Checkout repository	2025-05-20T08:40:02.5209510Z [command]/usr/bin/git config --local --unset-all http.https://github.com/.extraheader
job-core	Post Checkout repository	2025-05-20T08:40:02.5240060Z [command]/usr/bin/git submodule foreach --recursive sh -c "git config --local --name-only --get-regexp 'http\.https\:\/\/github\.com\/\.extraheader' && git config --local --unset-all 'http.https://github.com/.extraheader' || :"
job-core	Complete job	ï»¿2025-05-20T08:40:02.5590612Z Cleaning up orphan processes
handle-success	Set up job	ï»¿2025-05-20T08:40:09.3271271Z Current runner version: '2.324.0'
handle-success	Set up job	2025-05-20T08:40:09.3278997Z Runner name: 'ka0s-ka0s-1'
handle-success	Set up job	2025-05-20T08:40:09.3280010Z Machine name: '81c4cec2d52e'
handle-success	Set up job	2025-05-20T08:40:09.3282681Z ##[group]GITHUB_TOKEN Permissions
handle-success	Set up job	2025-05-20T08:40:09.3284842Z Contents: read
handle-success	Set up job	2025-05-20T08:40:09.3285545Z Metadata: read
handle-success	Set up job	2025-05-20T08:40:09.3286339Z Packages: read
handle-success	Set up job	2025-05-20T08:40:09.3287101Z ##[endgroup]
handle-success	Set up job	2025-05-20T08:40:09.3289172Z Secret source: Actions
handle-success	Set up job	2025-05-20T08:40:09.3289926Z Prepare workflow directory
handle-success	Set up job	2025-05-20T08:40:09.3951565Z Prepare all required actions
handle-success	Set up job	2025-05-20T08:40:09.3995105Z Getting action download info
handle-success	Set up job	2025-05-20T08:40:09.9018695Z Download action repository 'actions/checkout@v4' (SHA:11bd71901bbe5b1630ceea73d27597364c9af683)
handle-success	Set up job	2025-05-20T08:40:10.7312630Z Complete job name: handle-success
handle-success	Checkout code	ï»¿2025-05-20T08:40:10.7829710Z ##[group]Run actions/checkout@v4
handle-success	Checkout code	2025-05-20T08:40:10.7830594Z with:
handle-success	Checkout code	2025-05-20T08:40:10.7830993Z   fetch-depth: 0
handle-success	Checkout code	2025-05-20T08:40:10.7831660Z   token: ***
handle-success	Checkout code	2025-05-20T08:40:10.7832068Z   repository: Ka0s-Klaus/ka0s
handle-success	Checkout code	2025-05-20T08:40:10.7832582Z   ssh-strict: true
handle-success	Checkout code	2025-05-20T08:40:10.7832986Z   ssh-user: git
handle-success	Checkout code	2025-05-20T08:40:10.7833383Z   persist-credentials: true
handle-success	Checkout code	2025-05-20T08:40:10.7833825Z   clean: true
handle-success	Checkout code	2025-05-20T08:40:10.7834224Z   sparse-checkout-cone-mode: true
handle-success	Checkout code	2025-05-20T08:40:10.7834708Z   fetch-tags: false
handle-success	Checkout code	2025-05-20T08:40:10.7835111Z   show-progress: true
handle-success	Checkout code	2025-05-20T08:40:10.7835514Z   lfs: false
handle-success	Checkout code	2025-05-20T08:40:10.7835890Z   submodules: false
handle-success	Checkout code	2025-05-20T08:40:10.7836782Z   set-safe-directory: true
handle-success	Checkout code	2025-05-20T08:40:10.7837479Z env:
handle-success	Checkout code	2025-05-20T08:40:10.7837858Z   KAOS_CODE: 15132888734
handle-success	Checkout code	2025-05-20T08:40:10.7838283Z   KAOS_EVENT_NAME: push
handle-success	Checkout code	2025-05-20T08:40:10.7838703Z   KAOS_ACTION: 
handle-success	Checkout code	2025-05-20T08:40:10.7839091Z   KAOS_REF: refs/heads/main
handle-success	Checkout code	2025-05-20T08:40:10.7839544Z   KAOS_MODULE: [Ka0S] Deploy Webs
handle-success	Checkout code	2025-05-20T08:40:10.7840155Z   KAOS_PATH_ORIGIN_DASHBOARD: core/results/webs/dashboard/
handle-success	Checkout code	2025-05-20T08:40:10.7840784Z   KAOS_PATH_WEB_DASHBOARD: /html/dashboard/
handle-success	Checkout code	2025-05-20T08:40:10.7841355Z   KAOS_PATH_ORIGIN_TEST: core/results/webs/test/
handle-success	Checkout code	2025-05-20T08:40:10.7841915Z   KAOS_PATH_WEB_TEST: /html/test/
handle-success	Checkout code	2025-05-20T08:40:10.7842404Z   KAOS_PATH_RESUME: core/results/dw/
handle-success	Checkout code	2025-05-20T08:40:10.7842942Z   KAOS_FILE_STATE: ftp-deploy-sync-state.json
handle-success	Checkout code	2025-05-20T08:40:10.7843478Z   KAOS_ACTOR: Daniel-NS10
handle-success	Checkout code	2025-05-20T08:40:10.7843938Z   KAOS_CACHE_BUSTER: 15132888734-351
handle-success	Checkout code	2025-05-20T08:40:10.7844429Z ##[endgroup]
handle-success	Checkout code	2025-05-20T08:40:10.9009764Z Syncing repository: Ka0s-Klaus/ka0s
handle-success	Checkout code	2025-05-20T08:40:10.9011807Z ##[group]Getting Git version info
handle-success	Checkout code	2025-05-20T08:40:10.9012503Z Working directory is '/actions-runner/_work/ka0s/ka0s'
handle-success	Checkout code	2025-05-20T08:40:10.9013472Z [command]/usr/bin/git version
handle-success	Checkout code	2025-05-20T08:40:10.9013960Z git version 2.43.0
handle-success	Checkout code	2025-05-20T08:40:10.9028475Z ##[endgroup]
handle-success	Checkout code	2025-05-20T08:40:10.9040676Z Copying '/home/kaos/.gitconfig' to '/actions-runner/_work/_temp/2467bf07-a105-4d8d-8eef-87fc45876add/.gitconfig'
handle-success	Checkout code	2025-05-20T08:40:10.9052558Z Temporarily overriding HOME='/actions-runner/_work/_temp/2467bf07-a105-4d8d-8eef-87fc45876add' before making global git config changes
handle-success	Checkout code	2025-05-20T08:40:10.9054083Z Adding repository directory to the temporary git global config as a safe directory
handle-success	Checkout code	2025-05-20T08:40:10.9058607Z [command]/usr/bin/git config --global --add safe.directory /actions-runner/_work/ka0s/ka0s
handle-success	Checkout code	2025-05-20T08:40:10.9102916Z [command]/usr/bin/git config --local --get remote.origin.url
handle-success	Checkout code	2025-05-20T08:40:10.9125074Z https://github.com/Ka0s-Klaus/ka0s
handle-success	Checkout code	2025-05-20T08:40:10.9143041Z ##[group]Removing previously created refs, to avoid conflicts
handle-success	Checkout code	2025-05-20T08:40:10.9148043Z [command]/usr/bin/git rev-parse --symbolic-full-name --verify --quiet HEAD
handle-success	Checkout code	2025-05-20T08:40:10.9172755Z refs/heads/main
handle-success	Checkout code	2025-05-20T08:40:10.9181226Z [command]/usr/bin/git checkout --detach
handle-success	Checkout code	2025-05-20T08:40:10.9461608Z HEAD is now at c8fbc672 Editados ids grafica circula
handle-success	Checkout code	2025-05-20T08:40:10.9509917Z [command]/usr/bin/git branch --delete --force main
handle-success	Checkout code	2025-05-20T08:40:10.9543106Z Deleted branch main (was c8fbc672).
handle-success	Checkout code	2025-05-20T08:40:10.9620286Z ##[endgroup]
handle-success	Checkout code	2025-05-20T08:40:10.9628210Z [command]/usr/bin/git submodule status
handle-success	Checkout code	2025-05-20T08:40:10.9909689Z ##[group]Cleaning the repository
handle-success	Checkout code	2025-05-20T08:40:10.9915297Z [command]/usr/bin/git clean -ffdx
handle-success	Checkout code	2025-05-20T08:40:11.0006198Z [command]/usr/bin/git reset --hard HEAD
handle-success	Checkout code	2025-05-20T08:40:11.0301918Z HEAD is now at c8fbc672 Editados ids grafica circula
handle-success	Checkout code	2025-05-20T08:40:11.0320336Z ##[endgroup]
handle-success	Checkout code	2025-05-20T08:40:11.0321521Z ##[group]Disabling automatic garbage collection
handle-success	Checkout code	2025-05-20T08:40:11.0326558Z [command]/usr/bin/git config --local gc.auto 0
handle-success	Checkout code	2025-05-20T08:40:11.0380275Z ##[endgroup]
handle-success	Checkout code	2025-05-20T08:40:11.0381579Z ##[group]Setting up auth
handle-success	Checkout code	2025-05-20T08:40:11.0394416Z [command]/usr/bin/git config --local --name-only --get-regexp core\.sshCommand
handle-success	Checkout code	2025-05-20T08:40:11.0444150Z [command]/usr/bin/git submodule foreach --recursive sh -c "git config --local --name-only --get-regexp 'core\.sshCommand' && git config --local --unset-all 'core.sshCommand' || :"
handle-success	Checkout code	2025-05-20T08:40:11.0768723Z [command]/usr/bin/git config --local --name-only --get-regexp http\.https\:\/\/github\.com\/\.extraheader
handle-success	Checkout code	2025-05-20T08:40:11.0822965Z [command]/usr/bin/git submodule foreach --recursive sh -c "git config --local --name-only --get-regexp 'http\.https\:\/\/github\.com\/\.extraheader' && git config --local --unset-all 'http.https://github.com/.extraheader' || :"
handle-success	Checkout code	2025-05-20T08:40:11.1125498Z [command]/usr/bin/git config --local http.https://github.com/.extraheader AUTHORIZATION: basic ***
handle-success	Checkout code	2025-05-20T08:40:11.1166831Z ##[endgroup]
handle-success	Checkout code	2025-05-20T08:40:11.1167727Z ##[group]Fetching the repository
handle-success	Checkout code	2025-05-20T08:40:11.1176483Z [command]/usr/bin/git -c protocol.version=2 fetch --prune --no-recurse-submodules origin +refs/heads/*:refs/remotes/origin/* +refs/tags/*:refs/tags/*
handle-success	Checkout code	2025-05-20T08:40:12.0115548Z From https://github.com/Ka0s-Klaus/ka0s
handle-success	Checkout code	2025-05-20T08:40:12.0117458Z    c8fbc672..ce4c393b  main       -> origin/main
handle-success	Checkout code	2025-05-20T08:40:12.0171954Z [command]/usr/bin/git branch --list --remote origin/main
handle-success	Checkout code	2025-05-20T08:40:12.0200345Z   origin/main
handle-success	Checkout code	2025-05-20T08:40:12.0211948Z [command]/usr/bin/git rev-parse refs/remotes/origin/main
handle-success	Checkout code	2025-05-20T08:40:12.0235555Z ce4c393bb245f59e5e77877f2710ff9d9f8b25d6
handle-success	Checkout code	2025-05-20T08:40:12.0241739Z ##[endgroup]
handle-success	Checkout code	2025-05-20T08:40:12.0243161Z ##[group]Determining the checkout info
handle-success	Checkout code	2025-05-20T08:40:12.0244804Z ##[endgroup]
handle-success	Checkout code	2025-05-20T08:40:12.0246388Z [command]/usr/bin/git sparse-checkout disable
handle-success	Checkout code	2025-05-20T08:40:12.0324129Z [command]/usr/bin/git config --local --unset-all extensions.worktreeConfig
handle-success	Checkout code	2025-05-20T08:40:12.0354846Z ##[group]Checking out the ref
handle-success	Checkout code	2025-05-20T08:40:12.0357455Z [command]/usr/bin/git checkout --progress --force -B main refs/remotes/origin/main
handle-success	Checkout code	2025-05-20T08:40:12.0584626Z Previous HEAD position was c8fbc672 Editados ids grafica circula
handle-success	Checkout code	2025-05-20T08:40:12.0592946Z Switched to a new branch 'main'
handle-success	Checkout code	2025-05-20T08:40:12.0594428Z branch 'main' set up to track 'origin/main'.
handle-success	Checkout code	2025-05-20T08:40:12.0602072Z ##[endgroup]
handle-success	Checkout code	2025-05-20T08:40:12.0641296Z [command]/usr/bin/git log -1 --format=%H
handle-success	Checkout code	2025-05-20T08:40:12.0667694Z ce4c393bb245f59e5e77877f2710ff9d9f8b25d6
handle-success	handle-success-execution	ï»¿2025-05-20T08:40:12.0901061Z ##[group]Run # Si todo ha ido correcto aÃ±adimos el contenido del fichero
handle-success	handle-success-execution	2025-05-20T08:40:12.0903038Z [36;1m# Si todo ha ido correcto aÃ±adimos el contenido del fichero[0m
handle-success	handle-success-execution	2025-05-20T08:40:12.0906229Z [36;1m# gh issue comment $RNNUMBER --body "El proceso ha finalizado correctamente 15132888734. El resultado estÃ¡ en el fichero core/results/event_data_15132888734.log"[0m
handle-success	handle-success-execution	2025-05-20T08:40:12.0910383Z [36;1mecho "El proceso ha finalizado correctamente 15132888734. El resultado estÃ¡ en el fichero core/results/event_data_15132888734.log"[0m
handle-success	handle-success-execution	2025-05-20T08:40:12.0922282Z shell: /usr/bin/bash -e {0}
handle-success	handle-success-execution	2025-05-20T08:40:12.0923307Z env:
handle-success	handle-success-execution	2025-05-20T08:40:12.0924080Z   KAOS_CODE: 15132888734
handle-success	handle-success-execution	2025-05-20T08:40:12.0925032Z   KAOS_EVENT_NAME: push
handle-success	handle-success-execution	2025-05-20T08:40:12.0925949Z   KAOS_ACTION: 
handle-success	handle-success-execution	2025-05-20T08:40:12.0926976Z   KAOS_REF: refs/heads/main
handle-success	handle-success-execution	2025-05-20T08:40:12.0927992Z   KAOS_MODULE: [Ka0S] Deploy Webs
handle-success	handle-success-execution	2025-05-20T08:40:12.0929301Z   KAOS_PATH_ORIGIN_DASHBOARD: core/results/webs/dashboard/
handle-success	handle-success-execution	2025-05-20T08:40:12.0931031Z   KAOS_PATH_WEB_DASHBOARD: /html/dashboard/
handle-success	handle-success-execution	2025-05-20T08:40:12.0932339Z   KAOS_PATH_ORIGIN_TEST: core/results/webs/test/
handle-success	handle-success-execution	2025-05-20T08:40:12.0933628Z   KAOS_PATH_WEB_TEST: /html/test/
handle-success	handle-success-execution	2025-05-20T08:40:12.0934740Z   KAOS_PATH_RESUME: core/results/dw/
handle-success	handle-success-execution	2025-05-20T08:40:12.0935966Z   KAOS_FILE_STATE: ftp-deploy-sync-state.json
handle-success	handle-success-execution	2025-05-20T08:40:12.0937259Z   KAOS_ACTOR: Daniel-NS10
handle-success	handle-success-execution	2025-05-20T08:40:12.0938251Z   KAOS_CACHE_BUSTER: 15132888734-351
handle-success	handle-success-execution	2025-05-20T08:40:12.0939823Z   GH_TOKEN: ***
handle-success	handle-success-execution	2025-05-20T08:40:12.0940679Z ##[endgroup]
handle-success	handle-success-execution	2025-05-20T08:40:12.1000083Z El proceso ha finalizado correctamente 15132888734. El resultado estÃ¡ en el fichero core/results/event_data_15132888734.log
handle-success	Post Checkout code	ï»¿2025-05-20T08:40:12.1173337Z Post job cleanup.
handle-success	Post Checkout code	2025-05-20T08:40:12.2227422Z [command]/usr/bin/git version
handle-success	Post Checkout code	2025-05-20T08:40:12.2254125Z git version 2.43.0
handle-success	Post Checkout code	2025-05-20T08:40:12.2306067Z Copying '/home/kaos/.gitconfig' to '/actions-runner/_work/_temp/9302b0f1-8cdc-4598-a1a7-774801ccc45b/.gitconfig'
handle-success	Post Checkout code	2025-05-20T08:40:12.2327067Z Temporarily overriding HOME='/actions-runner/_work/_temp/9302b0f1-8cdc-4598-a1a7-774801ccc45b' before making global git config changes
handle-success	Post Checkout code	2025-05-20T08:40:12.2334419Z Adding repository directory to the temporary git global config as a safe directory
handle-success	Post Checkout code	2025-05-20T08:40:12.2345823Z [command]/usr/bin/git config --global --add safe.directory /actions-runner/_work/ka0s/ka0s
handle-success	Post Checkout code	2025-05-20T08:40:12.2425055Z [command]/usr/bin/git config --local --name-only --get-regexp core\.sshCommand
handle-success	Post Checkout code	2025-05-20T08:40:12.2485013Z [command]/usr/bin/git submodule foreach --recursive sh -c "git config --local --name-only --get-regexp 'core\.sshCommand' && git config --local --unset-all 'core.sshCommand' || :"
handle-success	Post Checkout code	2025-05-20T08:40:12.2886463Z [command]/usr/bin/git config --local --name-only --get-regexp http\.https\:\/\/github\.com\/\.extraheader
handle-success	Post Checkout code	2025-05-20T08:40:12.2929453Z http.https://github.com/.extraheader
handle-success	Post Checkout code	2025-05-20T08:40:12.2939307Z [command]/usr/bin/git config --local --unset-all http.https://github.com/.extraheader
handle-success	Post Checkout code	2025-05-20T08:40:12.2997838Z [command]/usr/bin/git submodule foreach --recursive sh -c "git config --local --name-only --get-regexp 'http\.https\:\/\/github\.com\/\.extraheader' && git config --local --unset-all 'http.https://github.com/.extraheader' || :"
handle-success	Complete job	ï»¿2025-05-20T08:40:12.3491422Z Cleaning up orphan processes
end-workflow	Set up job	ï»¿2025-05-20T08:40:18.1062688Z Current runner version: '2.324.0'
end-workflow	Set up job	2025-05-20T08:40:18.1069806Z Runner name: 'ka0s-ka0s-1'
end-workflow	Set up job	2025-05-20T08:40:18.1070771Z Machine name: '81c4cec2d52e'
end-workflow	Set up job	2025-05-20T08:40:18.1074459Z ##[group]GITHUB_TOKEN Permissions
end-workflow	Set up job	2025-05-20T08:40:18.1077021Z Contents: read
end-workflow	Set up job	2025-05-20T08:40:18.1077749Z Metadata: read
end-workflow	Set up job	2025-05-20T08:40:18.1078225Z Packages: read
end-workflow	Set up job	2025-05-20T08:40:18.1078888Z ##[endgroup]
end-workflow	Set up job	2025-05-20T08:40:18.1080946Z Secret source: Actions
end-workflow	Set up job	2025-05-20T08:40:18.1081595Z Prepare workflow directory
end-workflow	Set up job	2025-05-20T08:40:18.1740675Z Prepare all required actions
end-workflow	Set up job	2025-05-20T08:40:18.1780232Z Getting action download info
end-workflow	Set up job	2025-05-20T08:40:18.7185631Z Download action repository 'actions/checkout@v4' (SHA:11bd71901bbe5b1630ceea73d27597364c9af683)
end-workflow	Set up job	2025-05-20T08:40:19.5895433Z Complete job name: end-workflow
end-workflow	Checkout code	ï»¿2025-05-20T08:40:19.6443145Z ##[group]Run actions/checkout@v4
end-workflow	Checkout code	2025-05-20T08:40:19.6444032Z with:
end-workflow	Checkout code	2025-05-20T08:40:19.6444422Z   fetch-depth: 0
end-workflow	Checkout code	2025-05-20T08:40:19.6445090Z   token: ***
end-workflow	Checkout code	2025-05-20T08:40:19.6445487Z   repository: Ka0s-Klaus/ka0s
end-workflow	Checkout code	2025-05-20T08:40:19.6446006Z   ssh-strict: true
end-workflow	Checkout code	2025-05-20T08:40:19.6446736Z   ssh-user: git
end-workflow	Checkout code	2025-05-20T08:40:19.6447424Z   persist-credentials: true
end-workflow	Checkout code	2025-05-20T08:40:19.6448015Z   clean: true
end-workflow	Checkout code	2025-05-20T08:40:19.6448443Z   sparse-checkout-cone-mode: true
end-workflow	Checkout code	2025-05-20T08:40:19.6449092Z   fetch-tags: false
end-workflow	Checkout code	2025-05-20T08:40:19.6449513Z   show-progress: true
end-workflow	Checkout code	2025-05-20T08:40:19.6449934Z   lfs: false
end-workflow	Checkout code	2025-05-20T08:40:19.6450326Z   submodules: false
end-workflow	Checkout code	2025-05-20T08:40:19.6450746Z   set-safe-directory: true
end-workflow	Checkout code	2025-05-20T08:40:19.6451859Z env:
end-workflow	Checkout code	2025-05-20T08:40:19.6452245Z   KAOS_CODE: 15132888734
end-workflow	Checkout code	2025-05-20T08:40:19.6452797Z   KAOS_EVENT_NAME: push
end-workflow	Checkout code	2025-05-20T08:40:19.6453475Z   KAOS_ACTION: 
end-workflow	Checkout code	2025-05-20T08:40:19.6453893Z   KAOS_REF: refs/heads/main
end-workflow	Checkout code	2025-05-20T08:40:19.6454391Z   KAOS_MODULE: [Ka0S] Deploy Webs
end-workflow	Checkout code	2025-05-20T08:40:19.6455056Z   KAOS_PATH_ORIGIN_DASHBOARD: core/results/webs/dashboard/
end-workflow	Checkout code	2025-05-20T08:40:19.6455737Z   KAOS_PATH_WEB_DASHBOARD: /html/dashboard/
end-workflow	Checkout code	2025-05-20T08:40:19.6456456Z   KAOS_PATH_ORIGIN_TEST: core/results/webs/test/
end-workflow	Checkout code	2025-05-20T08:40:19.6457119Z   KAOS_PATH_WEB_TEST: /html/test/
end-workflow	Checkout code	2025-05-20T08:40:19.6457654Z   KAOS_PATH_RESUME: core/results/dw/
end-workflow	Checkout code	2025-05-20T08:40:19.6458262Z   KAOS_FILE_STATE: ftp-deploy-sync-state.json
end-workflow	Checkout code	2025-05-20T08:40:19.6458863Z   KAOS_ACTOR: Daniel-NS10
end-workflow	Checkout code	2025-05-20T08:40:19.6459356Z   KAOS_CACHE_BUSTER: 15132888734-351
end-workflow	Checkout code	2025-05-20T08:40:19.6460175Z   GH_TOKEN: ***
end-workflow	Checkout code	2025-05-20T08:40:19.6460609Z ##[endgroup]
end-workflow	Checkout code	2025-05-20T08:40:19.7663535Z Syncing repository: Ka0s-Klaus/ka0s
end-workflow	Checkout code	2025-05-20T08:40:19.7665561Z ##[group]Getting Git version info
end-workflow	Checkout code	2025-05-20T08:40:19.7666813Z Working directory is '/actions-runner/_work/ka0s/ka0s'
end-workflow	Checkout code	2025-05-20T08:40:19.7667761Z [command]/usr/bin/git version
end-workflow	Checkout code	2025-05-20T08:40:19.7668269Z git version 2.43.0
end-workflow	Checkout code	2025-05-20T08:40:19.7691609Z ##[endgroup]
end-workflow	Checkout code	2025-05-20T08:40:19.7702753Z Copying '/home/kaos/.gitconfig' to '/actions-runner/_work/_temp/fc359ef0-e0b3-4f64-9129-d4fd0934efa9/.gitconfig'
end-workflow	Checkout code	2025-05-20T08:40:19.7717535Z Temporarily overriding HOME='/actions-runner/_work/_temp/fc359ef0-e0b3-4f64-9129-d4fd0934efa9' before making global git config changes
end-workflow	Checkout code	2025-05-20T08:40:19.7719531Z Adding repository directory to the temporary git global config as a safe directory
end-workflow	Checkout code	2025-05-20T08:40:19.7724079Z [command]/usr/bin/git config --global --add safe.directory /actions-runner/_work/ka0s/ka0s
end-workflow	Checkout code	2025-05-20T08:40:19.7772130Z [command]/usr/bin/git config --local --get remote.origin.url
end-workflow	Checkout code	2025-05-20T08:40:19.7795493Z https://github.com/Ka0s-Klaus/ka0s
end-workflow	Checkout code	2025-05-20T08:40:19.7815528Z ##[group]Removing previously created refs, to avoid conflicts
end-workflow	Checkout code	2025-05-20T08:40:19.7821378Z [command]/usr/bin/git rev-parse --symbolic-full-name --verify --quiet HEAD
end-workflow	Checkout code	2025-05-20T08:40:19.7845540Z refs/heads/main
end-workflow	Checkout code	2025-05-20T08:40:19.7855672Z [command]/usr/bin/git checkout --detach
end-workflow	Checkout code	2025-05-20T08:40:19.8012432Z HEAD is now at ce4c393b corregida funcionalidad boton lista
end-workflow	Checkout code	2025-05-20T08:40:19.8061429Z [command]/usr/bin/git branch --delete --force main
end-workflow	Checkout code	2025-05-20T08:40:19.8095248Z Deleted branch main (was ce4c393b).
end-workflow	Checkout code	2025-05-20T08:40:19.8172485Z ##[endgroup]
end-workflow	Checkout code	2025-05-20T08:40:19.8175190Z [command]/usr/bin/git submodule status
end-workflow	Checkout code	2025-05-20T08:40:19.8439408Z ##[group]Cleaning the repository
end-workflow	Checkout code	2025-05-20T08:40:19.8444038Z [command]/usr/bin/git clean -ffdx
end-workflow	Checkout code	2025-05-20T08:40:19.8527155Z [command]/usr/bin/git reset --hard HEAD
end-workflow	Checkout code	2025-05-20T08:40:19.8797210Z HEAD is now at ce4c393b corregida funcionalidad boton lista
end-workflow	Checkout code	2025-05-20T08:40:19.8803345Z ##[endgroup]
end-workflow	Checkout code	2025-05-20T08:40:19.8804688Z ##[group]Disabling automatic garbage collection
end-workflow	Checkout code	2025-05-20T08:40:19.8811396Z [command]/usr/bin/git config --local gc.auto 0
end-workflow	Checkout code	2025-05-20T08:40:19.8841871Z ##[endgroup]
end-workflow	Checkout code	2025-05-20T08:40:19.8842744Z ##[group]Setting up auth
end-workflow	Checkout code	2025-05-20T08:40:19.8859790Z [command]/usr/bin/git config --local --name-only --get-regexp core\.sshCommand
end-workflow	Checkout code	2025-05-20T08:40:19.8895284Z [command]/usr/bin/git submodule foreach --recursive sh -c "git config --local --name-only --get-regexp 'core\.sshCommand' && git config --local --unset-all 'core.sshCommand' || :"
end-workflow	Checkout code	2025-05-20T08:40:19.9156668Z [command]/usr/bin/git config --local --name-only --get-regexp http\.https\:\/\/github\.com\/\.extraheader
end-workflow	Checkout code	2025-05-20T08:40:19.9187289Z [command]/usr/bin/git submodule foreach --recursive sh -c "git config --local --name-only --get-regexp 'http\.https\:\/\/github\.com\/\.extraheader' && git config --local --unset-all 'http.https://github.com/.extraheader' || :"
end-workflow	Checkout code	2025-05-20T08:40:19.9453489Z [command]/usr/bin/git config --local http.https://github.com/.extraheader AUTHORIZATION: basic ***
end-workflow	Checkout code	2025-05-20T08:40:19.9496834Z ##[endgroup]
end-workflow	Checkout code	2025-05-20T08:40:19.9497636Z ##[group]Fetching the repository
end-workflow	Checkout code	2025-05-20T08:40:19.9505252Z [command]/usr/bin/git -c protocol.version=2 fetch --prune --no-recurse-submodules origin +refs/heads/*:refs/remotes/origin/* +refs/tags/*:refs/tags/*
end-workflow	Checkout code	2025-05-20T08:40:20.7020784Z [command]/usr/bin/git branch --list --remote origin/main
end-workflow	Checkout code	2025-05-20T08:40:20.7060136Z   origin/main
end-workflow	Checkout code	2025-05-20T08:40:20.7070838Z [command]/usr/bin/git rev-parse refs/remotes/origin/main
end-workflow	Checkout code	2025-05-20T08:40:20.7099777Z ce4c393bb245f59e5e77877f2710ff9d9f8b25d6
end-workflow	Checkout code	2025-05-20T08:40:20.7104442Z ##[endgroup]
end-workflow	Checkout code	2025-05-20T08:40:20.7106409Z ##[group]Determining the checkout info
end-workflow	Checkout code	2025-05-20T08:40:20.7108453Z ##[endgroup]
end-workflow	Checkout code	2025-05-20T08:40:20.7111985Z [command]/usr/bin/git sparse-checkout disable
end-workflow	Checkout code	2025-05-20T08:40:20.7224611Z [command]/usr/bin/git config --local --unset-all extensions.worktreeConfig
end-workflow	Checkout code	2025-05-20T08:40:20.7260830Z ##[group]Checking out the ref
end-workflow	Checkout code	2025-05-20T08:40:20.7263740Z [command]/usr/bin/git checkout --progress --force -B main refs/remotes/origin/main
end-workflow	Checkout code	2025-05-20T08:40:20.7446338Z Switched to a new branch 'main'
end-workflow	Checkout code	2025-05-20T08:40:20.7448047Z branch 'main' set up to track 'origin/main'.
end-workflow	Checkout code	2025-05-20T08:40:20.7454526Z ##[endgroup]
end-workflow	Checkout code	2025-05-20T08:40:20.7500554Z [command]/usr/bin/git log -1 --format=%H
end-workflow	Checkout code	2025-05-20T08:40:20.7533940Z ce4c393bb245f59e5e77877f2710ff9d9f8b25d6
end-workflow	Finaliza el workflow	ï»¿2025-05-20T08:40:20.7814850Z ##[group]Run echo "End process"
end-workflow	Finaliza el workflow	2025-05-20T08:40:20.7816571Z [36;1mecho "End process"[0m
end-workflow	Finaliza el workflow	2025-05-20T08:40:20.7817984Z [36;1mecho "Se finaliza Ka0s 15132888734"[0m
end-workflow	Finaliza el workflow	2025-05-20T08:40:20.7820833Z [36;1mgh workflow run inspector.yml --ref 'main' -f kaos-issue-id=$RNNUMBER -f kaos-workflow-id="15132888734" -f kaos-user-start=""[0m
end-workflow	Finaliza el workflow	2025-05-20T08:40:20.7833556Z shell: /usr/bin/bash -e {0}
end-workflow	Finaliza el workflow	2025-05-20T08:40:20.7834642Z env:
end-workflow	Finaliza el workflow	2025-05-20T08:40:20.7835454Z   KAOS_CODE: 15132888734
end-workflow	Finaliza el workflow	2025-05-20T08:40:20.7836794Z   KAOS_EVENT_NAME: push
end-workflow	Finaliza el workflow	2025-05-20T08:40:20.7837746Z   KAOS_ACTION: 
end-workflow	Finaliza el workflow	2025-05-20T08:40:20.7838643Z   KAOS_REF: refs/heads/main
end-workflow	Finaliza el workflow	2025-05-20T08:40:20.7839686Z   KAOS_MODULE: [Ka0S] Deploy Webs
end-workflow	Finaliza el workflow	2025-05-20T08:40:20.7841018Z   KAOS_PATH_ORIGIN_DASHBOARD: core/results/webs/dashboard/
end-workflow	Finaliza el workflow	2025-05-20T08:40:20.7842480Z   KAOS_PATH_WEB_DASHBOARD: /html/dashboard/
end-workflow	Finaliza el workflow	2025-05-20T08:40:20.7843812Z   KAOS_PATH_ORIGIN_TEST: core/results/webs/test/
end-workflow	Finaliza el workflow	2025-05-20T08:40:20.7845128Z   KAOS_PATH_WEB_TEST: /html/test/
end-workflow	Finaliza el workflow	2025-05-20T08:40:20.7846528Z   KAOS_PATH_RESUME: core/results/dw/
end-workflow	Finaliza el workflow	2025-05-20T08:40:20.7847905Z   KAOS_FILE_STATE: ftp-deploy-sync-state.json
end-workflow	Finaliza el workflow	2025-05-20T08:40:20.7849442Z   KAOS_ACTOR: Daniel-NS10
end-workflow	Finaliza el workflow	2025-05-20T08:40:20.7850470Z   KAOS_CACHE_BUSTER: 15132888734-351
end-workflow	Finaliza el workflow	2025-05-20T08:40:20.7852076Z   GH_TOKEN: ***
end-workflow	Finaliza el workflow	2025-05-20T08:40:20.7852955Z ##[endgroup]
end-workflow	Finaliza el workflow	2025-05-20T08:40:20.7914167Z End process
end-workflow	Finaliza el workflow	2025-05-20T08:40:20.7915362Z Se finaliza Ka0s 15132888734
end-workflow	Post Checkout code	ï»¿2025-05-20T08:40:21.4694301Z Post job cleanup.
end-workflow	Post Checkout code	2025-05-20T08:40:21.5685109Z [command]/usr/bin/git version
end-workflow	Post Checkout code	2025-05-20T08:40:21.5724045Z git version 2.43.0
end-workflow	Post Checkout code	2025-05-20T08:40:21.5766168Z Copying '/home/kaos/.gitconfig' to '/actions-runner/_work/_temp/6f7e876f-a3e9-4cd7-a7a3-a24900838979/.gitconfig'
end-workflow	Post Checkout code	2025-05-20T08:40:21.5778986Z Temporarily overriding HOME='/actions-runner/_work/_temp/6f7e876f-a3e9-4cd7-a7a3-a24900838979' before making global git config changes
end-workflow	Post Checkout code	2025-05-20T08:40:21.5780120Z Adding repository directory to the temporary git global config as a safe directory
end-workflow	Post Checkout code	2025-05-20T08:40:21.5784849Z [command]/usr/bin/git config --global --add safe.directory /actions-runner/_work/ka0s/ka0s
end-workflow	Post Checkout code	2025-05-20T08:40:21.5825694Z [command]/usr/bin/git config --local --name-only --get-regexp core\.sshCommand
end-workflow	Post Checkout code	2025-05-20T08:40:21.5873208Z [command]/usr/bin/git submodule foreach --recursive sh -c "git config --local --name-only --get-regexp 'core\.sshCommand' && git config --local --unset-all 'core.sshCommand' || :"
end-workflow	Post Checkout code	2025-05-20T08:40:21.6134949Z [command]/usr/bin/git config --local --name-only --get-regexp http\.https\:\/\/github\.com\/\.extraheader
end-workflow	Post Checkout code	2025-05-20T08:40:21.6159544Z http.https://github.com/.extraheader
end-workflow	Post Checkout code	2025-05-20T08:40:21.6171870Z [command]/usr/bin/git config --local --unset-all http.https://github.com/.extraheader
end-workflow	Post Checkout code	2025-05-20T08:40:21.6207745Z [command]/usr/bin/git submodule foreach --recursive sh -c "git config --local --name-only --get-regexp 'http\.https\:\/\/github\.com\/\.extraheader' && git config --local --unset-all 'http.https://github.com/.extraheader' || :"
end-workflow	Complete job	ï»¿2025-05-20T08:40:21.6581287Z Cleaning up orphan processes
