job-core	Set up job	ï»¿2025-05-20T10:22:43.2975228Z Current runner version: '2.324.0'
job-core	Set up job	2025-05-20T10:22:43.2984416Z Runner name: 'ka0s-ka0s-3'
job-core	Set up job	2025-05-20T10:22:43.2985482Z Machine name: '862bc7bbf796'
job-core	Set up job	2025-05-20T10:22:43.2988602Z ##[group]GITHUB_TOKEN Permissions
job-core	Set up job	2025-05-20T10:22:43.2991657Z Contents: read
job-core	Set up job	2025-05-20T10:22:43.2992473Z Metadata: read
job-core	Set up job	2025-05-20T10:22:43.2993043Z Packages: read
job-core	Set up job	2025-05-20T10:22:43.2993567Z ##[endgroup]
job-core	Set up job	2025-05-20T10:22:43.2995908Z Secret source: Actions
job-core	Set up job	2025-05-20T10:22:43.2996683Z Prepare workflow directory
job-core	Set up job	2025-05-20T10:22:43.3780826Z Prepare all required actions
job-core	Set up job	2025-05-20T10:22:43.3831350Z Getting action download info
job-core	Set up job	2025-05-20T10:22:43.9410508Z Download action repository 'actions/checkout@v4' (SHA:11bd71901bbe5b1630ceea73d27597364c9af683)
job-core	Set up job	2025-05-20T10:22:44.6951726Z Download action repository 'SamKirkland/FTP-Deploy-Action@v4.3.4' (SHA:8a24039354ee91000cb948cb4a1dbdf1a1b94a3c)
job-core	Set up job	2025-05-20T10:22:45.4050124Z Complete job name: job-core
job-core	Checkout repository	ï»¿2025-05-20T10:22:45.4578293Z ##[group]Run actions/checkout@v4
job-core	Checkout repository	2025-05-20T10:22:45.4579657Z with:
job-core	Checkout repository	2025-05-20T10:22:45.4580168Z   fetch-depth: 0
job-core	Checkout repository	2025-05-20T10:22:45.4580914Z   token: ***
job-core	Checkout repository	2025-05-20T10:22:45.4581380Z   repository: Ka0s-Klaus/ka0s
job-core	Checkout repository	2025-05-20T10:22:45.4581912Z   ssh-strict: true
job-core	Checkout repository	2025-05-20T10:22:45.4582378Z   ssh-user: git
job-core	Checkout repository	2025-05-20T10:22:45.4582834Z   persist-credentials: true
job-core	Checkout repository	2025-05-20T10:22:45.4583349Z   clean: true
job-core	Checkout repository	2025-05-20T10:22:45.4583815Z   sparse-checkout-cone-mode: true
job-core	Checkout repository	2025-05-20T10:22:45.4584372Z   fetch-tags: false
job-core	Checkout repository	2025-05-20T10:22:45.4584847Z   show-progress: true
job-core	Checkout repository	2025-05-20T10:22:45.4585316Z   lfs: false
job-core	Checkout repository	2025-05-20T10:22:45.4585754Z   submodules: false
job-core	Checkout repository	2025-05-20T10:22:45.4586257Z   set-safe-directory: true
job-core	Checkout repository	2025-05-20T10:22:45.4587031Z env:
job-core	Checkout repository	2025-05-20T10:22:45.4587466Z   KAOS_CODE: 15135055784
job-core	Checkout repository	2025-05-20T10:22:45.4587965Z   KAOS_EVENT_NAME: push
job-core	Checkout repository	2025-05-20T10:22:45.4588444Z   KAOS_ACTION: 
job-core	Checkout repository	2025-05-20T10:22:45.4589352Z   KAOS_REF: refs/heads/main
job-core	Checkout repository	2025-05-20T10:22:45.4589907Z   KAOS_MODULE: [Ka0S] Deploy Webs
job-core	Checkout repository	2025-05-20T10:22:45.4590752Z   KAOS_PATH_ORIGIN_DASHBOARD: core/results/webs/dashboard/
job-core	Checkout repository	2025-05-20T10:22:45.4591485Z   KAOS_PATH_WEB_DASHBOARD: /html/dashboard/
job-core	Checkout repository	2025-05-20T10:22:45.4592141Z   KAOS_PATH_ORIGIN_TEST: core/results/webs/test/
job-core	Checkout repository	2025-05-20T10:22:45.4592791Z   KAOS_PATH_WEB_TEST: /html/test/
job-core	Checkout repository	2025-05-20T10:22:45.4593362Z   KAOS_PATH_RESUME: core/results/dw/
job-core	Checkout repository	2025-05-20T10:22:45.4593986Z   KAOS_FILE_STATE: ftp-deploy-sync-state.json
job-core	Checkout repository	2025-05-20T10:22:45.4594596Z   KAOS_ACTOR: jorgecg646
job-core	Checkout repository	2025-05-20T10:22:45.4595139Z   KAOS_CACHE_BUSTER: 15135055784-354
job-core	Checkout repository	2025-05-20T10:22:45.4595710Z ##[endgroup]
job-core	Checkout repository	2025-05-20T10:22:45.5888616Z Syncing repository: Ka0s-Klaus/ka0s
job-core	Checkout repository	2025-05-20T10:22:45.5891895Z ##[group]Getting Git version info
job-core	Checkout repository	2025-05-20T10:22:45.5892791Z Working directory is '/actions-runner/_work/ka0s/ka0s'
job-core	Checkout repository	2025-05-20T10:22:45.5894131Z [command]/usr/bin/git version
job-core	Checkout repository	2025-05-20T10:22:45.5894741Z git version 2.43.0
job-core	Checkout repository	2025-05-20T10:22:45.5896633Z ##[endgroup]
job-core	Checkout repository	2025-05-20T10:22:45.5903476Z Temporarily overriding HOME='/actions-runner/_work/_temp/949aa6f0-12ad-436d-a319-777172d0cc32' before making global git config changes
job-core	Checkout repository	2025-05-20T10:22:45.5905311Z Adding repository directory to the temporary git global config as a safe directory
job-core	Checkout repository	2025-05-20T10:22:45.5906762Z [command]/usr/bin/git config --global --add safe.directory /actions-runner/_work/ka0s/ka0s
job-core	Checkout repository	2025-05-20T10:22:45.5963217Z [command]/usr/bin/git config --local --get remote.origin.url
job-core	Checkout repository	2025-05-20T10:22:45.5989355Z https://github.com/Ka0s-Klaus/ka0s
job-core	Checkout repository	2025-05-20T10:22:45.6011189Z ##[group]Removing previously created refs, to avoid conflicts
job-core	Checkout repository	2025-05-20T10:22:45.6016306Z [command]/usr/bin/git rev-parse --symbolic-full-name --verify --quiet HEAD
job-core	Checkout repository	2025-05-20T10:22:45.6039523Z refs/heads/main
job-core	Checkout repository	2025-05-20T10:22:45.6049323Z [command]/usr/bin/git checkout --detach
job-core	Checkout repository	2025-05-20T10:22:45.6263056Z HEAD is now at 95a133bc Cambios en orchestrator
job-core	Checkout repository	2025-05-20T10:22:45.6314744Z [command]/usr/bin/git branch --delete --force main
job-core	Checkout repository	2025-05-20T10:22:45.6347244Z Deleted branch main (was 95a133bc).
job-core	Checkout repository	2025-05-20T10:22:45.6453999Z ##[endgroup]
job-core	Checkout repository	2025-05-20T10:22:45.6456045Z [command]/usr/bin/git submodule status
job-core	Checkout repository	2025-05-20T10:22:45.6719635Z ##[group]Cleaning the repository
job-core	Checkout repository	2025-05-20T10:22:45.6722709Z [command]/usr/bin/git clean -ffdx
job-core	Checkout repository	2025-05-20T10:22:45.6802310Z [command]/usr/bin/git reset --hard HEAD
job-core	Checkout repository	2025-05-20T10:22:45.7080024Z HEAD is now at 95a133bc Cambios en orchestrator
job-core	Checkout repository	2025-05-20T10:22:45.7082288Z ##[endgroup]
job-core	Checkout repository	2025-05-20T10:22:45.7083164Z ##[group]Disabling automatic garbage collection
job-core	Checkout repository	2025-05-20T10:22:45.7083992Z [command]/usr/bin/git config --local gc.auto 0
job-core	Checkout repository	2025-05-20T10:22:45.7112358Z ##[endgroup]
job-core	Checkout repository	2025-05-20T10:22:45.7114510Z ##[group]Setting up auth
job-core	Checkout repository	2025-05-20T10:22:45.7117505Z [command]/usr/bin/git config --local --name-only --get-regexp core\.sshCommand
job-core	Checkout repository	2025-05-20T10:22:45.7159568Z [command]/usr/bin/git submodule foreach --recursive sh -c "git config --local --name-only --get-regexp 'core\.sshCommand' && git config --local --unset-all 'core.sshCommand' || :"
job-core	Checkout repository	2025-05-20T10:22:45.7414262Z [command]/usr/bin/git config --local --name-only --get-regexp http\.https\:\/\/github\.com\/\.extraheader
job-core	Checkout repository	2025-05-20T10:22:45.7444333Z [command]/usr/bin/git submodule foreach --recursive sh -c "git config --local --name-only --get-regexp 'http\.https\:\/\/github\.com\/\.extraheader' && git config --local --unset-all 'http.https://github.com/.extraheader' || :"
job-core	Checkout repository	2025-05-20T10:22:45.7701330Z [command]/usr/bin/git config --local http.https://github.com/.extraheader AUTHORIZATION: basic ***
job-core	Checkout repository	2025-05-20T10:22:45.7742724Z ##[endgroup]
job-core	Checkout repository	2025-05-20T10:22:45.7743728Z ##[group]Fetching the repository
job-core	Checkout repository	2025-05-20T10:22:45.7750769Z [command]/usr/bin/git -c protocol.version=2 fetch --prune --no-recurse-submodules origin +refs/heads/*:refs/remotes/origin/* +refs/tags/*:refs/tags/*
job-core	Checkout repository	2025-05-20T10:22:46.6123160Z From https://github.com/Ka0s-Klaus/ka0s
job-core	Checkout repository	2025-05-20T10:22:46.6125033Z    95a133bc..ad233cce  main       -> origin/main
job-core	Checkout repository	2025-05-20T10:22:46.6210969Z [command]/usr/bin/git branch --list --remote origin/main
job-core	Checkout repository	2025-05-20T10:22:46.6239792Z   origin/main
job-core	Checkout repository	2025-05-20T10:22:46.6249796Z [command]/usr/bin/git rev-parse refs/remotes/origin/main
job-core	Checkout repository	2025-05-20T10:22:46.6276699Z ad233cce66c6b7960f936803544e46bbcbdad3ca
job-core	Checkout repository	2025-05-20T10:22:46.6281679Z ##[endgroup]
job-core	Checkout repository	2025-05-20T10:22:46.6283333Z ##[group]Determining the checkout info
job-core	Checkout repository	2025-05-20T10:22:46.6285244Z ##[endgroup]
job-core	Checkout repository	2025-05-20T10:22:46.6288305Z [command]/usr/bin/git sparse-checkout disable
job-core	Checkout repository	2025-05-20T10:22:46.6367593Z [command]/usr/bin/git config --local --unset-all extensions.worktreeConfig
job-core	Checkout repository	2025-05-20T10:22:46.6400753Z ##[group]Checking out the ref
job-core	Checkout repository	2025-05-20T10:22:46.6405139Z [command]/usr/bin/git checkout --progress --force -B main refs/remotes/origin/main
job-core	Checkout repository	2025-05-20T10:22:46.6662965Z Previous HEAD position was 95a133bc Cambios en orchestrator
job-core	Checkout repository	2025-05-20T10:22:46.6676710Z Switched to a new branch 'main'
job-core	Checkout repository	2025-05-20T10:22:46.6681794Z branch 'main' set up to track 'origin/main'.
job-core	Checkout repository	2025-05-20T10:22:46.6685873Z ##[endgroup]
job-core	Checkout repository	2025-05-20T10:22:46.6724659Z [command]/usr/bin/git log -1 --format=%H
job-core	Checkout repository	2025-05-20T10:22:46.6753229Z ad233cce66c6b7960f936803544e46bbcbdad3ca
job-core	Limpiar cachÃ© local antes del despliegue	ï»¿2025-05-20T10:22:46.7035208Z ##[group]Run echo "Limpiando cachÃ© local de GitHub Actions runner..."
job-core	Limpiar cachÃ© local antes del despliegue	2025-05-20T10:22:46.7037544Z [36;1mecho "Limpiando cachÃ© local de GitHub Actions runner..."[0m
job-core	Limpiar cachÃ© local antes del despliegue	2025-05-20T10:22:46.7039552Z [36;1mif [ -d ~/.cache ]; then[0m
job-core	Limpiar cachÃ© local antes del despliegue	2025-05-20T10:22:46.7040752Z [36;1m  rm -rf ~/.cache/*[0m
job-core	Limpiar cachÃ© local antes del despliegue	2025-05-20T10:22:46.7041803Z [36;1m  echo "CachÃ© local eliminada."[0m
job-core	Limpiar cachÃ© local antes del despliegue	2025-05-20T10:22:46.7042931Z [36;1melse[0m
job-core	Limpiar cachÃ© local antes del despliegue	2025-05-20T10:22:46.7043949Z [36;1m  echo "No se encontrÃ³ directorio de cachÃ© local."[0m
job-core	Limpiar cachÃ© local antes del despliegue	2025-05-20T10:22:46.7045244Z [36;1mfi[0m
job-core	Limpiar cachÃ© local antes del despliegue	2025-05-20T10:22:46.7058313Z shell: /usr/bin/bash -e {0}
job-core	Limpiar cachÃ© local antes del despliegue	2025-05-20T10:22:46.7059453Z env:
job-core	Limpiar cachÃ© local antes del despliegue	2025-05-20T10:22:46.7060211Z   KAOS_CODE: 15135055784
job-core	Limpiar cachÃ© local antes del despliegue	2025-05-20T10:22:46.7061278Z   KAOS_EVENT_NAME: push
job-core	Limpiar cachÃ© local antes del despliegue	2025-05-20T10:22:46.7062142Z   KAOS_ACTION: 
job-core	Limpiar cachÃ© local antes del despliegue	2025-05-20T10:22:46.7062967Z   KAOS_REF: refs/heads/main
job-core	Limpiar cachÃ© local antes del despliegue	2025-05-20T10:22:46.7063943Z   KAOS_MODULE: [Ka0S] Deploy Webs
job-core	Limpiar cachÃ© local antes del despliegue	2025-05-20T10:22:46.7065214Z   KAOS_PATH_ORIGIN_DASHBOARD: core/results/webs/dashboard/
job-core	Limpiar cachÃ© local antes del despliegue	2025-05-20T10:22:46.7067558Z   KAOS_PATH_WEB_DASHBOARD: /html/dashboard/
job-core	Limpiar cachÃ© local antes del despliegue	2025-05-20T10:22:46.7069227Z   KAOS_PATH_ORIGIN_TEST: core/results/webs/test/
job-core	Limpiar cachÃ© local antes del despliegue	2025-05-20T10:22:46.7070853Z   KAOS_PATH_WEB_TEST: /html/test/
job-core	Limpiar cachÃ© local antes del despliegue	2025-05-20T10:22:46.7072134Z   KAOS_PATH_RESUME: core/results/dw/
job-core	Limpiar cachÃ© local antes del despliegue	2025-05-20T10:22:46.7073835Z   KAOS_FILE_STATE: ftp-deploy-sync-state.json
job-core	Limpiar cachÃ© local antes del despliegue	2025-05-20T10:22:46.7075238Z   KAOS_ACTOR: jorgecg646
job-core	Limpiar cachÃ© local antes del despliegue	2025-05-20T10:22:46.7076229Z   KAOS_CACHE_BUSTER: 15135055784-354
job-core	Limpiar cachÃ© local antes del despliegue	2025-05-20T10:22:46.7077316Z ##[endgroup]
job-core	Limpiar cachÃ© local antes del despliegue	2025-05-20T10:22:46.7143929Z Limpiando cachÃ© local de GitHub Actions runner...
job-core	Limpiar cachÃ© local antes del despliegue	2025-05-20T10:22:46.7150078Z No se encontrÃ³ directorio de cachÃ© local.
job-core	Deploy Dashboard to Web Server via SFTP	ï»¿2025-05-20T10:22:46.7282180Z ##[group]Run SamKirkland/FTP-Deploy-Action@v4.3.4
job-core	Deploy Dashboard to Web Server via SFTP	2025-05-20T10:22:46.7283392Z with:
job-core	Deploy Dashboard to Web Server via SFTP	2025-05-20T10:22:46.7284212Z   server: ***
job-core	Deploy Dashboard to Web Server via SFTP	2025-05-20T10:22:46.7284969Z   username: ***
job-core	Deploy Dashboard to Web Server via SFTP	2025-05-20T10:22:46.7285915Z   password: ***
job-core	Deploy Dashboard to Web Server via SFTP	2025-05-20T10:22:46.7286688Z   port: ***
job-core	Deploy Dashboard to Web Server via SFTP	2025-05-20T10:22:46.7287493Z   local-dir: core/results/webs/dashboard/
job-core	Deploy Dashboard to Web Server via SFTP	2025-05-20T10:22:46.7288669Z   server-dir: /html/dashboard/
job-core	Deploy Dashboard to Web Server via SFTP	2025-05-20T10:22:46.7290015Z   dangerous-clean-slate: true
job-core	Deploy Dashboard to Web Server via SFTP	2025-05-20T10:22:46.7291498Z   state-name: 15135055784-dashboard-ftp-deploy-sync-state.json
job-core	Deploy Dashboard to Web Server via SFTP	2025-05-20T10:22:46.7293155Z   exclude: **/.git*
job-core	Deploy Dashboard to Web Server via SFTP	**/.git*/**
job-core	Deploy Dashboard to Web Server via SFTP	**/node_modules/**
job-core	Deploy Dashboard to Web Server via SFTP	
job-core	Deploy Dashboard to Web Server via SFTP	2025-05-20T10:22:46.7294294Z env:
job-core	Deploy Dashboard to Web Server via SFTP	2025-05-20T10:22:46.7294998Z   KAOS_CODE: 15135055784
job-core	Deploy Dashboard to Web Server via SFTP	2025-05-20T10:22:46.7295879Z   KAOS_EVENT_NAME: push
job-core	Deploy Dashboard to Web Server via SFTP	2025-05-20T10:22:46.7296719Z   KAOS_ACTION: 
job-core	Deploy Dashboard to Web Server via SFTP	2025-05-20T10:22:46.7297511Z   KAOS_REF: refs/heads/main
job-core	Deploy Dashboard to Web Server via SFTP	2025-05-20T10:22:46.7298464Z   KAOS_MODULE: [Ka0S] Deploy Webs
job-core	Deploy Dashboard to Web Server via SFTP	2025-05-20T10:22:46.7300050Z   KAOS_PATH_ORIGIN_DASHBOARD: core/results/webs/dashboard/
job-core	Deploy Dashboard to Web Server via SFTP	2025-05-20T10:22:46.7301459Z   KAOS_PATH_WEB_DASHBOARD: /html/dashboard/
job-core	Deploy Dashboard to Web Server via SFTP	2025-05-20T10:22:46.7302672Z   KAOS_PATH_ORIGIN_TEST: core/results/webs/test/
job-core	Deploy Dashboard to Web Server via SFTP	2025-05-20T10:22:46.7304006Z   KAOS_PATH_WEB_TEST: /html/test/
job-core	Deploy Dashboard to Web Server via SFTP	2025-05-20T10:22:46.7305043Z   KAOS_PATH_RESUME: core/results/dw/
job-core	Deploy Dashboard to Web Server via SFTP	2025-05-20T10:22:46.7306476Z   KAOS_FILE_STATE: ftp-deploy-sync-state.json
job-core	Deploy Dashboard to Web Server via SFTP	2025-05-20T10:22:46.7307642Z   KAOS_ACTOR: jorgecg646
job-core	Deploy Dashboard to Web Server via SFTP	2025-05-20T10:22:46.7308539Z   KAOS_CACHE_BUSTER: 15135055784-354
job-core	Deploy Dashboard to Web Server via SFTP	2025-05-20T10:22:46.7309925Z ##[endgroup]
job-core	Deploy Dashboard to Web Server via SFTP	2025-05-20T10:22:46.7840543Z ----------------------------------------------------------------
job-core	Deploy Dashboard to Web Server via SFTP	2025-05-20T10:22:46.7842943Z ğŸš€ Thanks for using ftp-deploy. Let's deploy some stuff!   
job-core	Deploy Dashboard to Web Server via SFTP	2025-05-20T10:22:46.7845283Z ----------------------------------------------------------------
job-core	Deploy Dashboard to Web Server via SFTP	2025-05-20T10:22:46.7859276Z If you found this project helpful, please support it
job-core	Deploy Dashboard to Web Server via SFTP	2025-05-20T10:22:46.7861510Z by giving it a â­ on Github --> https://github.com/SamKirkland/FTP-Deploy-Action
job-core	Deploy Dashboard to Web Server via SFTP	2025-05-20T10:22:46.7863949Z or add a badge ğŸ·ï¸ to your projects readme --> https://github.com/SamKirkland/FTP-Deploy-Action#badge
job-core	Deploy Dashboard to Web Server via SFTP	2025-05-20T10:22:47.0821083Z ----------------------------------------------------------------
job-core	Deploy Dashboard to Web Server via SFTP	2025-05-20T10:22:47.0832366Z ğŸ—‘ï¸ Removing all files on the server because 'dangerous-clean-slate' was set, this will make the deployment very slow...
job-core	Deploy Dashboard to Web Server via SFTP	2025-05-20T10:22:47.6385407Z Clear complete
job-core	Deploy Dashboard to Web Server via SFTP	2025-05-20T10:22:47.6389475Z ----------------------------------------------------------------
job-core	Deploy Dashboard to Web Server via SFTP	2025-05-20T10:22:47.6390967Z No file exists on the server "/html/dashboard/15135055784-dashboard-ftp-deploy-sync-state.json" - this must be your first publish! ğŸ‰
job-core	Deploy Dashboard to Web Server via SFTP	2025-05-20T10:22:47.6392323Z The first publish will take a while... but once the initial sync is done only differences are published!
job-core	Deploy Dashboard to Web Server via SFTP	2025-05-20T10:22:47.6393281Z If you get this message and its NOT your first publish, something is wrong.
job-core	Deploy Dashboard to Web Server via SFTP	2025-05-20T10:22:47.6394026Z ----------------------------------------------------------------
job-core	Deploy Dashboard to Web Server via SFTP	2025-05-20T10:22:47.6849811Z Local Files:	19
job-core	Deploy Dashboard to Web Server via SFTP	2025-05-20T10:22:47.6853546Z Server Files:	0
job-core	Deploy Dashboard to Web Server via SFTP	2025-05-20T10:22:47.6856817Z ----------------------------------------------------------------
job-core	Deploy Dashboard to Web Server via SFTP	2025-05-20T10:22:47.6858317Z Calculating differences between client & server
job-core	Deploy Dashboard to Web Server via SFTP	2025-05-20T10:22:47.6859953Z ----------------------------------------------------------------
job-core	Deploy Dashboard to Web Server via SFTP	2025-05-20T10:22:47.6991038Z ğŸ“ Create: custom
job-core	Deploy Dashboard to Web Server via SFTP	2025-05-20T10:22:47.6992867Z ğŸ“ Create: data
job-core	Deploy Dashboard to Web Server via SFTP	2025-05-20T10:22:47.6993568Z ğŸ“ Create: js
job-core	Deploy Dashboard to Web Server via SFTP	2025-05-20T10:22:47.6994341Z ğŸ“ Create: templates
job-core	Deploy Dashboard to Web Server via SFTP	2025-05-20T10:22:47.6994748Z ğŸ“„ Upload: custom/custom.html
job-core	Deploy Dashboard to Web Server via SFTP	2025-05-20T10:22:47.6995053Z ğŸ“„ Upload: dashboard.html
job-core	Deploy Dashboard to Web Server via SFTP	2025-05-20T10:22:47.6995342Z ğŸ“„ Upload: data/data.html
job-core	Deploy Dashboard to Web Server via SFTP	2025-05-20T10:22:47.6995646Z ğŸ“„ Upload: data/kaos-issue.json
job-core	Deploy Dashboard to Web Server via SFTP	2025-05-20T10:22:47.6996083Z ğŸ“„ Upload: data/kaos-repository-global-statistics copy.json
job-core	Deploy Dashboard to Web Server via SFTP	2025-05-20T10:22:47.6996589Z ğŸ“„ Upload: data/kaos-repository-global-statistics.json
job-core	Deploy Dashboard to Web Server via SFTP	2025-05-20T10:22:47.6997049Z ğŸ“„ Upload: data/kaos-repository-statistics.json
job-core	Deploy Dashboard to Web Server via SFTP	2025-05-20T10:22:47.6997475Z ğŸ“„ Upload: data/kaos-workflows-available.json
job-core	Deploy Dashboard to Web Server via SFTP	2025-05-20T10:22:47.6998383Z ğŸ“„ Upload: data/kaos-workflows-runs.json
job-core	Deploy Dashboard to Web Server via SFTP	2025-05-20T10:22:47.6998918Z ğŸ“„ Upload: data/section1.json
job-core	Deploy Dashboard to Web Server via SFTP	2025-05-20T10:22:47.6999235Z ğŸ“„ Upload: data/section2.json
job-core	Deploy Dashboard to Web Server via SFTP	2025-05-20T10:22:47.6999663Z ğŸ“„ Upload: data/section4.json
job-core	Deploy Dashboard to Web Server via SFTP	2025-05-20T10:22:47.6999957Z ğŸ“„ Upload: data/webs.json
job-core	Deploy Dashboard to Web Server via SFTP	2025-05-20T10:22:47.7000270Z ğŸ“„ Upload: js/orchestrator.js
job-core	Deploy Dashboard to Web Server via SFTP	2025-05-20T10:22:47.7000713Z ğŸ“„ Upload: templates/navbar.html
job-core	Deploy Dashboard to Web Server via SFTP	2025-05-20T10:22:47.7001076Z ----------------------------------------------------------------
job-core	Deploy Dashboard to Web Server via SFTP	2025-05-20T10:22:47.7001474Z Making changes to 19 files/folders to sync server state
job-core	Deploy Dashboard to Web Server via SFTP	2025-05-20T10:22:47.7001870Z Uploading: 7.17 MB -- Deleting: 0 B -- Replacing: 0 B
job-core	Deploy Dashboard to Web Server via SFTP	2025-05-20T10:22:47.7002231Z ----------------------------------------------------------------
job-core	Deploy Dashboard to Web Server via SFTP	2025-05-20T10:22:47.7002554Z creating folder "custom/"
job-core	Deploy Dashboard to Web Server via SFTP	2025-05-20T10:22:47.7298983Z creating folder "data/"
job-core	Deploy Dashboard to Web Server via SFTP	2025-05-20T10:22:47.7601744Z creating folder "js/"
job-core	Deploy Dashboard to Web Server via SFTP	2025-05-20T10:22:47.7912076Z creating folder "templates/"
job-core	Deploy Dashboard to Web Server via SFTP	2025-05-20T10:22:47.8277794Z uploading "custom/custom.html"
job-core	Deploy Dashboard to Web Server via SFTP	2025-05-20T10:22:47.8840665Z uploading "dashboard.html"
job-core	Deploy Dashboard to Web Server via SFTP	2025-05-20T10:22:47.9408812Z uploading "data/data.html"
job-core	Deploy Dashboard to Web Server via SFTP	2025-05-20T10:22:47.9949840Z uploading "data/kaos-issue.json"
job-core	Deploy Dashboard to Web Server via SFTP	2025-05-20T10:22:48.1691973Z uploading "data/kaos-repository-global-statistics copy.json"
job-core	Deploy Dashboard to Web Server via SFTP	2025-05-20T10:22:48.2571806Z uploading "data/kaos-repository-global-statistics.json"
job-core	Deploy Dashboard to Web Server via SFTP	2025-05-20T10:22:48.3509043Z uploading "data/kaos-repository-statistics.json"
job-core	Deploy Dashboard to Web Server via SFTP	2025-05-20T10:22:48.4325845Z uploading "data/kaos-workflows-available.json"
job-core	Deploy Dashboard to Web Server via SFTP	2025-05-20T10:22:48.4902179Z uploading "data/kaos-workflows-runs.json"
job-core	Deploy Dashboard to Web Server via SFTP	2025-05-20T10:22:48.7362619Z uploading "data/section1.json"
job-core	Deploy Dashboard to Web Server via SFTP	2025-05-20T10:22:48.8343877Z uploading "data/section2.json"
job-core	Deploy Dashboard to Web Server via SFTP	2025-05-20T10:22:48.8863590Z uploading "data/section4.json"
job-core	Deploy Dashboard to Web Server via SFTP	2025-05-20T10:22:48.9412045Z uploading "data/webs.json"
job-core	Deploy Dashboard to Web Server via SFTP	2025-05-20T10:22:48.9965535Z uploading "js/orchestrator.js"
job-core	Deploy Dashboard to Web Server via SFTP	2025-05-20T10:22:49.0765704Z uploading "templates/navbar.html"
job-core	Deploy Dashboard to Web Server via SFTP	2025-05-20T10:22:49.1335708Z ----------------------------------------------------------------
job-core	Deploy Dashboard to Web Server via SFTP	2025-05-20T10:22:49.1347973Z ğŸ‰ Sync complete. Saving current server state to "/html/dashboard/15135055784-dashboard-ftp-deploy-sync-state.json"
job-core	Deploy Dashboard to Web Server via SFTP	2025-05-20T10:22:49.1949583Z ----------------------------------------------------------------
job-core	Deploy Dashboard to Web Server via SFTP	2025-05-20T10:22:49.1962437Z Time spent hashing: 54 milliseconds
job-core	Deploy Dashboard to Web Server via SFTP	2025-05-20T10:22:49.1964508Z Time spent connecting to server: 189 milliseconds
job-core	Deploy Dashboard to Web Server via SFTP	2025-05-20T10:22:49.1966808Z Time spent deploying: 1.4 seconds (4.79 MB/second)
job-core	Deploy Dashboard to Web Server via SFTP	2025-05-20T10:22:49.1968620Z   - changing dirs: 135 milliseconds
job-core	Deploy Dashboard to Web Server via SFTP	2025-05-20T10:22:49.1970130Z   - logging: 60 milliseconds
job-core	Deploy Dashboard to Web Server via SFTP	2025-05-20T10:22:49.1971421Z ----------------------------------------------------------------
job-core	Deploy Dashboard to Web Server via SFTP	2025-05-20T10:22:49.1972859Z Total time: 2.4 seconds
job-core	Deploy Dashboard to Web Server via SFTP	2025-05-20T10:22:49.1974034Z ----------------------------------------------------------------
job-core	Post Checkout repository	ï»¿2025-05-20T10:22:49.2582738Z Post job cleanup.
job-core	Post Checkout repository	2025-05-20T10:22:49.3703604Z [command]/usr/bin/git version
job-core	Post Checkout repository	2025-05-20T10:22:49.3743804Z git version 2.43.0
job-core	Post Checkout repository	2025-05-20T10:22:49.3789442Z Temporarily overriding HOME='/actions-runner/_work/_temp/fa46ff6f-98b9-4d7c-87c8-b2fc56deaadb' before making global git config changes
job-core	Post Checkout repository	2025-05-20T10:22:49.3790403Z Adding repository directory to the temporary git global config as a safe directory
job-core	Post Checkout repository	2025-05-20T10:22:49.3796452Z [command]/usr/bin/git config --global --add safe.directory /actions-runner/_work/ka0s/ka0s
job-core	Post Checkout repository	2025-05-20T10:22:49.3845491Z [command]/usr/bin/git config --local --name-only --get-regexp core\.sshCommand
job-core	Post Checkout repository	2025-05-20T10:22:49.3886750Z [command]/usr/bin/git submodule foreach --recursive sh -c "git config --local --name-only --get-regexp 'core\.sshCommand' && git config --local --unset-all 'core.sshCommand' || :"
job-core	Post Checkout repository	2025-05-20T10:22:49.4176770Z [command]/usr/bin/git config --local --name-only --get-regexp http\.https\:\/\/github\.com\/\.extraheader
job-core	Post Checkout repository	2025-05-20T10:22:49.4203840Z http.https://github.com/.extraheader
job-core	Post Checkout repository	2025-05-20T10:22:49.4229266Z [command]/usr/bin/git config --local --unset-all http.https://github.com/.extraheader
job-core	Post Checkout repository	2025-05-20T10:22:49.4275559Z [command]/usr/bin/git submodule foreach --recursive sh -c "git config --local --name-only --get-regexp 'http\.https\:\/\/github\.com\/\.extraheader' && git config --local --unset-all 'http.https://github.com/.extraheader' || :"
job-core	Complete job	ï»¿2025-05-20T10:22:49.4754011Z Cleaning up orphan processes
job-test	Set up job	ï»¿2025-05-20T10:22:43.3104301Z Current runner version: '2.324.0'
job-test	Set up job	2025-05-20T10:22:43.3113109Z Runner name: 'ka0s-ka0s-5'
job-test	Set up job	2025-05-20T10:22:43.3114172Z Machine name: '85bf26d22df3'
job-test	Set up job	2025-05-20T10:22:43.3116911Z ##[group]GITHUB_TOKEN Permissions
job-test	Set up job	2025-05-20T10:22:43.3119490Z Contents: read
job-test	Set up job	2025-05-20T10:22:43.3120181Z Metadata: read
job-test	Set up job	2025-05-20T10:22:43.3120724Z Packages: read
job-test	Set up job	2025-05-20T10:22:43.3121382Z ##[endgroup]
job-test	Set up job	2025-05-20T10:22:43.3123519Z Secret source: Actions
job-test	Set up job	2025-05-20T10:22:43.3124322Z Prepare workflow directory
job-test	Set up job	2025-05-20T10:22:43.3894913Z Prepare all required actions
job-test	Set up job	2025-05-20T10:22:43.3943844Z Getting action download info
job-test	Set up job	2025-05-20T10:22:43.9447049Z Download action repository 'actions/checkout@v4' (SHA:11bd71901bbe5b1630ceea73d27597364c9af683)
job-test	Set up job	2025-05-20T10:22:44.7066039Z Download action repository 'SamKirkland/FTP-Deploy-Action@v4.3.4' (SHA:8a24039354ee91000cb948cb4a1dbdf1a1b94a3c)
job-test	Set up job	2025-05-20T10:22:45.3733378Z Complete job name: job-test
job-test	Checkout repository	ï»¿2025-05-20T10:22:45.4362218Z ##[group]Run actions/checkout@v4
job-test	Checkout repository	2025-05-20T10:22:45.4363650Z with:
job-test	Checkout repository	2025-05-20T10:22:45.4364496Z   fetch-depth: 0
job-test	Checkout repository	2025-05-20T10:22:45.4365849Z   token: ***
job-test	Checkout repository	2025-05-20T10:22:45.4366700Z   repository: Ka0s-Klaus/ka0s
job-test	Checkout repository	2025-05-20T10:22:45.4367671Z   ssh-strict: true
job-test	Checkout repository	2025-05-20T10:22:45.4368496Z   ssh-user: git
job-test	Checkout repository	2025-05-20T10:22:45.4369407Z   persist-credentials: true
job-test	Checkout repository	2025-05-20T10:22:45.4370347Z   clean: true
job-test	Checkout repository	2025-05-20T10:22:45.4371210Z   sparse-checkout-cone-mode: true
job-test	Checkout repository	2025-05-20T10:22:45.4372384Z   fetch-tags: false
job-test	Checkout repository	2025-05-20T10:22:45.4373428Z   show-progress: true
job-test	Checkout repository	2025-05-20T10:22:45.4374453Z   lfs: false
job-test	Checkout repository	2025-05-20T10:22:45.4375266Z   submodules: false
job-test	Checkout repository	2025-05-20T10:22:45.4376136Z   set-safe-directory: true
job-test	Checkout repository	2025-05-20T10:22:45.4377330Z env:
job-test	Checkout repository	2025-05-20T10:22:45.4378099Z   KAOS_CODE: 15135055784
job-test	Checkout repository	2025-05-20T10:22:45.4379220Z   KAOS_EVENT_NAME: push
job-test	Checkout repository	2025-05-20T10:22:45.4380241Z   KAOS_ACTION: 
job-test	Checkout repository	2025-05-20T10:22:45.4381074Z   KAOS_REF: refs/heads/main
job-test	Checkout repository	2025-05-20T10:22:45.4382062Z   KAOS_MODULE: [Ka0S] Deploy Webs
job-test	Checkout repository	2025-05-20T10:22:45.4383336Z   KAOS_PATH_ORIGIN_DASHBOARD: core/results/webs/dashboard/
job-test	Checkout repository	2025-05-20T10:22:45.4384701Z   KAOS_PATH_WEB_DASHBOARD: /html/dashboard/
job-test	Checkout repository	2025-05-20T10:22:45.4385958Z   KAOS_PATH_ORIGIN_TEST: core/results/webs/test/
job-test	Checkout repository	2025-05-20T10:22:45.4387154Z   KAOS_PATH_WEB_TEST: /html/test/
job-test	Checkout repository	2025-05-20T10:22:45.4388219Z   KAOS_PATH_RESUME: core/results/dw/
job-test	Checkout repository	2025-05-20T10:22:45.4389495Z   KAOS_FILE_STATE: ftp-deploy-sync-state.json
job-test	Checkout repository	2025-05-20T10:22:45.4390661Z   KAOS_ACTOR: jorgecg646
job-test	Checkout repository	2025-05-20T10:22:45.4391615Z   KAOS_CACHE_BUSTER: 15135055784-354
job-test	Checkout repository	2025-05-20T10:22:45.4392608Z ##[endgroup]
job-test	Checkout repository	2025-05-20T10:22:45.5679283Z Syncing repository: Ka0s-Klaus/ka0s
job-test	Checkout repository	2025-05-20T10:22:45.5683458Z ##[group]Getting Git version info
job-test	Checkout repository	2025-05-20T10:22:45.5685021Z Working directory is '/actions-runner/_work/ka0s/ka0s'
job-test	Checkout repository	2025-05-20T10:22:45.5687657Z [command]/usr/bin/git version
job-test	Checkout repository	2025-05-20T10:22:45.5688836Z git version 2.43.0
job-test	Checkout repository	2025-05-20T10:22:45.5692199Z ##[endgroup]
job-test	Checkout repository	2025-05-20T10:22:45.5701646Z Temporarily overriding HOME='/actions-runner/_work/_temp/90f6937d-6b8a-47d8-8d89-d4c65a1eee56' before making global git config changes
job-test	Checkout repository	2025-05-20T10:22:45.5704785Z Adding repository directory to the temporary git global config as a safe directory
job-test	Checkout repository	2025-05-20T10:22:45.5707209Z [command]/usr/bin/git config --global --add safe.directory /actions-runner/_work/ka0s/ka0s
job-test	Checkout repository	2025-05-20T10:22:45.5754996Z [command]/usr/bin/git config --local --get remote.origin.url
job-test	Checkout repository	2025-05-20T10:22:45.5799542Z https://github.com/Ka0s-Klaus/ka0s
job-test	Checkout repository	2025-05-20T10:22:45.5823497Z ##[group]Removing previously created refs, to avoid conflicts
job-test	Checkout repository	2025-05-20T10:22:45.5835125Z [command]/usr/bin/git rev-parse --symbolic-full-name --verify --quiet HEAD
job-test	Checkout repository	2025-05-20T10:22:45.5861527Z refs/heads/main
job-test	Checkout repository	2025-05-20T10:22:45.5878302Z [command]/usr/bin/git checkout --detach
job-test	Checkout repository	2025-05-20T10:22:45.6104765Z HEAD is now at 95a133bc Cambios en orchestrator
job-test	Checkout repository	2025-05-20T10:22:45.6132446Z [command]/usr/bin/git branch --delete --force main
job-test	Checkout repository	2025-05-20T10:22:45.6177533Z Deleted branch main (was 95a133bc).
job-test	Checkout repository	2025-05-20T10:22:45.6255855Z ##[endgroup]
job-test	Checkout repository	2025-05-20T10:22:45.6257588Z [command]/usr/bin/git submodule status
job-test	Checkout repository	2025-05-20T10:22:45.6570622Z ##[group]Cleaning the repository
job-test	Checkout repository	2025-05-20T10:22:45.6572015Z [command]/usr/bin/git clean -ffdx
job-test	Checkout repository	2025-05-20T10:22:45.6643073Z [command]/usr/bin/git reset --hard HEAD
job-test	Checkout repository	2025-05-20T10:22:45.6910501Z HEAD is now at 95a133bc Cambios en orchestrator
job-test	Checkout repository	2025-05-20T10:22:45.6916733Z ##[endgroup]
job-test	Checkout repository	2025-05-20T10:22:45.6918345Z ##[group]Disabling automatic garbage collection
job-test	Checkout repository	2025-05-20T10:22:45.6922003Z [command]/usr/bin/git config --local gc.auto 0
job-test	Checkout repository	2025-05-20T10:22:45.6952053Z ##[endgroup]
job-test	Checkout repository	2025-05-20T10:22:45.6953624Z ##[group]Setting up auth
job-test	Checkout repository	2025-05-20T10:22:45.6956570Z [command]/usr/bin/git config --local --name-only --get-regexp core\.sshCommand
job-test	Checkout repository	2025-05-20T10:22:45.6991195Z [command]/usr/bin/git submodule foreach --recursive sh -c "git config --local --name-only --get-regexp 'core\.sshCommand' && git config --local --unset-all 'core.sshCommand' || :"
job-test	Checkout repository	2025-05-20T10:22:45.7245916Z [command]/usr/bin/git config --local --name-only --get-regexp http\.https\:\/\/github\.com\/\.extraheader
job-test	Checkout repository	2025-05-20T10:22:45.7282856Z [command]/usr/bin/git submodule foreach --recursive sh -c "git config --local --name-only --get-regexp 'http\.https\:\/\/github\.com\/\.extraheader' && git config --local --unset-all 'http.https://github.com/.extraheader' || :"
job-test	Checkout repository	2025-05-20T10:22:45.7531847Z [command]/usr/bin/git config --local http.https://github.com/.extraheader AUTHORIZATION: basic ***
job-test	Checkout repository	2025-05-20T10:22:45.7569619Z ##[endgroup]
job-test	Checkout repository	2025-05-20T10:22:45.7572666Z ##[group]Fetching the repository
job-test	Checkout repository	2025-05-20T10:22:45.7578946Z [command]/usr/bin/git -c protocol.version=2 fetch --prune --no-recurse-submodules origin +refs/heads/*:refs/remotes/origin/* +refs/tags/*:refs/tags/*
job-test	Checkout repository	2025-05-20T10:22:46.6256215Z From https://github.com/Ka0s-Klaus/ka0s
job-test	Checkout repository	2025-05-20T10:22:46.6258980Z    95a133bc..ad233cce  main       -> origin/main
job-test	Checkout repository	2025-05-20T10:22:46.6321649Z [command]/usr/bin/git branch --list --remote origin/main
job-test	Checkout repository	2025-05-20T10:22:46.6351439Z   origin/main
job-test	Checkout repository	2025-05-20T10:22:46.6359257Z [command]/usr/bin/git rev-parse refs/remotes/origin/main
job-test	Checkout repository	2025-05-20T10:22:46.6384533Z ad233cce66c6b7960f936803544e46bbcbdad3ca
job-test	Checkout repository	2025-05-20T10:22:46.6391632Z ##[endgroup]
job-test	Checkout repository	2025-05-20T10:22:46.6392345Z ##[group]Determining the checkout info
job-test	Checkout repository	2025-05-20T10:22:46.6397592Z ##[endgroup]
job-test	Checkout repository	2025-05-20T10:22:46.6398401Z [command]/usr/bin/git sparse-checkout disable
job-test	Checkout repository	2025-05-20T10:22:46.6492713Z [command]/usr/bin/git config --local --unset-all extensions.worktreeConfig
job-test	Checkout repository	2025-05-20T10:22:46.6522849Z ##[group]Checking out the ref
job-test	Checkout repository	2025-05-20T10:22:46.6526376Z [command]/usr/bin/git checkout --progress --force -B main refs/remotes/origin/main
job-test	Checkout repository	2025-05-20T10:22:46.6799351Z Previous HEAD position was 95a133bc Cambios en orchestrator
job-test	Checkout repository	2025-05-20T10:22:46.6814827Z Switched to a new branch 'main'
job-test	Checkout repository	2025-05-20T10:22:46.6829273Z branch 'main' set up to track 'origin/main'.
job-test	Checkout repository	2025-05-20T10:22:46.6835669Z ##[endgroup]
job-test	Checkout repository	2025-05-20T10:22:46.6883091Z [command]/usr/bin/git log -1 --format=%H
job-test	Checkout repository	2025-05-20T10:22:46.6911874Z ad233cce66c6b7960f936803544e46bbcbdad3ca
job-test	Limpiar cachÃ© local antes del despliegue	ï»¿2025-05-20T10:22:46.7122043Z ##[group]Run echo "Limpiando cachÃ© local de GitHub Actions runner..."
job-test	Limpiar cachÃ© local antes del despliegue	2025-05-20T10:22:46.7122742Z [36;1mecho "Limpiando cachÃ© local de GitHub Actions runner..."[0m
job-test	Limpiar cachÃ© local antes del despliegue	2025-05-20T10:22:46.7123147Z [36;1mif [ -d ~/.cache ]; then[0m
job-test	Limpiar cachÃ© local antes del despliegue	2025-05-20T10:22:46.7123445Z [36;1m  rm -rf ~/.cache/*[0m
job-test	Limpiar cachÃ© local antes del despliegue	2025-05-20T10:22:46.7123733Z [36;1m  echo "CachÃ© local eliminada."[0m
job-test	Limpiar cachÃ© local antes del despliegue	2025-05-20T10:22:46.7124035Z [36;1melse[0m
job-test	Limpiar cachÃ© local antes del despliegue	2025-05-20T10:22:46.7124328Z [36;1m  echo "No se encontrÃ³ directorio de cachÃ© local."[0m
job-test	Limpiar cachÃ© local antes del despliegue	2025-05-20T10:22:46.7124669Z [36;1mfi[0m
job-test	Limpiar cachÃ© local antes del despliegue	2025-05-20T10:22:46.7135817Z shell: /usr/bin/bash -e {0}
job-test	Limpiar cachÃ© local antes del despliegue	2025-05-20T10:22:46.7136245Z env:
job-test	Limpiar cachÃ© local antes del despliegue	2025-05-20T10:22:46.7136618Z   KAOS_CODE: 15135055784
job-test	Limpiar cachÃ© local antes del despliegue	2025-05-20T10:22:46.7136908Z   KAOS_EVENT_NAME: push
job-test	Limpiar cachÃ© local antes del despliegue	2025-05-20T10:22:46.7137174Z   KAOS_ACTION: 
job-test	Limpiar cachÃ© local antes del despliegue	2025-05-20T10:22:46.7137420Z   KAOS_REF: refs/heads/main
job-test	Limpiar cachÃ© local antes del despliegue	2025-05-20T10:22:46.7137711Z   KAOS_MODULE: [Ka0S] Deploy Webs
job-test	Limpiar cachÃ© local antes del despliegue	2025-05-20T10:22:46.7138073Z   KAOS_PATH_ORIGIN_DASHBOARD: core/results/webs/dashboard/
job-test	Limpiar cachÃ© local antes del despliegue	2025-05-20T10:22:46.7139023Z   KAOS_PATH_WEB_DASHBOARD: /html/dashboard/
job-test	Limpiar cachÃ© local antes del despliegue	2025-05-20T10:22:46.7139594Z   KAOS_PATH_ORIGIN_TEST: core/results/webs/test/
job-test	Limpiar cachÃ© local antes del despliegue	2025-05-20T10:22:46.7139941Z   KAOS_PATH_WEB_TEST: /html/test/
job-test	Limpiar cachÃ© local antes del despliegue	2025-05-20T10:22:46.7140266Z   KAOS_PATH_RESUME: core/results/dw/
job-test	Limpiar cachÃ© local antes del despliegue	2025-05-20T10:22:46.7140612Z   KAOS_FILE_STATE: ftp-deploy-sync-state.json
job-test	Limpiar cachÃ© local antes del despliegue	2025-05-20T10:22:46.7140944Z   KAOS_ACTOR: jorgecg646
job-test	Limpiar cachÃ© local antes del despliegue	2025-05-20T10:22:46.7141228Z   KAOS_CACHE_BUSTER: 15135055784-354
job-test	Limpiar cachÃ© local antes del despliegue	2025-05-20T10:22:46.7141537Z ##[endgroup]
job-test	Limpiar cachÃ© local antes del despliegue	2025-05-20T10:22:46.7196648Z Limpiando cachÃ© local de GitHub Actions runner...
job-test	Limpiar cachÃ© local antes del despliegue	2025-05-20T10:22:46.7197442Z No se encontrÃ³ directorio de cachÃ© local.
job-test	Deploy Test Dashboard to Web Server via SFTP	ï»¿2025-05-20T10:22:46.7267655Z ##[group]Run SamKirkland/FTP-Deploy-Action@v4.3.4
job-test	Deploy Test Dashboard to Web Server via SFTP	2025-05-20T10:22:46.7268084Z with:
job-test	Deploy Test Dashboard to Web Server via SFTP	2025-05-20T10:22:46.7268472Z   server: ***
job-test	Deploy Test Dashboard to Web Server via SFTP	2025-05-20T10:22:46.7268808Z   username: ***
job-test	Deploy Test Dashboard to Web Server via SFTP	2025-05-20T10:22:46.7269498Z   password: ***
job-test	Deploy Test Dashboard to Web Server via SFTP	2025-05-20T10:22:46.7269748Z   port: ***
job-test	Deploy Test Dashboard to Web Server via SFTP	2025-05-20T10:22:46.7270110Z   local-dir: core/results/webs/test/
job-test	Deploy Test Dashboard to Web Server via SFTP	2025-05-20T10:22:46.7270430Z   server-dir: /html/test/
job-test	Deploy Test Dashboard to Web Server via SFTP	2025-05-20T10:22:46.7270715Z   dangerous-clean-slate: true
job-test	Deploy Test Dashboard to Web Server via SFTP	2025-05-20T10:22:46.7271054Z   state-name: 15135055784-test-ftp-deploy-sync-state.json
job-test	Deploy Test Dashboard to Web Server via SFTP	2025-05-20T10:22:46.7271433Z   exclude: **/.git*
job-test	Deploy Test Dashboard to Web Server via SFTP	**/.git*/**
job-test	Deploy Test Dashboard to Web Server via SFTP	**/node_modules/**
job-test	Deploy Test Dashboard to Web Server via SFTP	
job-test	Deploy Test Dashboard to Web Server via SFTP	2025-05-20T10:22:46.7271768Z env:
job-test	Deploy Test Dashboard to Web Server via SFTP	2025-05-20T10:22:46.7271986Z   KAOS_CODE: 15135055784
job-test	Deploy Test Dashboard to Web Server via SFTP	2025-05-20T10:22:46.7272248Z   KAOS_EVENT_NAME: push
job-test	Deploy Test Dashboard to Web Server via SFTP	2025-05-20T10:22:46.7272501Z   KAOS_ACTION: 
job-test	Deploy Test Dashboard to Web Server via SFTP	2025-05-20T10:22:46.7272743Z   KAOS_REF: refs/heads/main
job-test	Deploy Test Dashboard to Web Server via SFTP	2025-05-20T10:22:46.7273024Z   KAOS_MODULE: [Ka0S] Deploy Webs
job-test	Deploy Test Dashboard to Web Server via SFTP	2025-05-20T10:22:46.7273364Z   KAOS_PATH_ORIGIN_DASHBOARD: core/results/webs/dashboard/
job-test	Deploy Test Dashboard to Web Server via SFTP	2025-05-20T10:22:46.7273782Z   KAOS_PATH_WEB_DASHBOARD: /html/dashboard/
job-test	Deploy Test Dashboard to Web Server via SFTP	2025-05-20T10:22:46.7274120Z   KAOS_PATH_ORIGIN_TEST: core/results/webs/test/
job-test	Deploy Test Dashboard to Web Server via SFTP	2025-05-20T10:22:46.7274562Z   KAOS_PATH_WEB_TEST: /html/test/
job-test	Deploy Test Dashboard to Web Server via SFTP	2025-05-20T10:22:46.7274866Z   KAOS_PATH_RESUME: core/results/dw/
job-test	Deploy Test Dashboard to Web Server via SFTP	2025-05-20T10:22:46.7275190Z   KAOS_FILE_STATE: ftp-deploy-sync-state.json
job-test	Deploy Test Dashboard to Web Server via SFTP	2025-05-20T10:22:46.7275519Z   KAOS_ACTOR: jorgecg646
job-test	Deploy Test Dashboard to Web Server via SFTP	2025-05-20T10:22:46.7275788Z   KAOS_CACHE_BUSTER: 15135055784-354
job-test	Deploy Test Dashboard to Web Server via SFTP	2025-05-20T10:22:46.7276080Z ##[endgroup]
job-test	Deploy Test Dashboard to Web Server via SFTP	2025-05-20T10:22:46.7769710Z ----------------------------------------------------------------
job-test	Deploy Test Dashboard to Web Server via SFTP	2025-05-20T10:22:46.7770596Z ğŸš€ Thanks for using ftp-deploy. Let's deploy some stuff!   
job-test	Deploy Test Dashboard to Web Server via SFTP	2025-05-20T10:22:46.7771055Z ----------------------------------------------------------------
job-test	Deploy Test Dashboard to Web Server via SFTP	2025-05-20T10:22:46.7771481Z If you found this project helpful, please support it
job-test	Deploy Test Dashboard to Web Server via SFTP	2025-05-20T10:22:46.7772098Z by giving it a â­ on Github --> https://github.com/SamKirkland/FTP-Deploy-Action
job-test	Deploy Test Dashboard to Web Server via SFTP	2025-05-20T10:22:46.7772880Z or add a badge ğŸ·ï¸ to your projects readme --> https://github.com/SamKirkland/FTP-Deploy-Action#badge
job-test	Deploy Test Dashboard to Web Server via SFTP	2025-05-20T10:22:47.1123721Z ----------------------------------------------------------------
job-test	Deploy Test Dashboard to Web Server via SFTP	2025-05-20T10:22:47.1125076Z ğŸ—‘ï¸ Removing all files on the server because 'dangerous-clean-slate' was set, this will make the deployment very slow...
job-test	Deploy Test Dashboard to Web Server via SFTP	2025-05-20T10:22:47.8523034Z Clear complete
job-test	Deploy Test Dashboard to Web Server via SFTP	2025-05-20T10:22:47.8523894Z ----------------------------------------------------------------
job-test	Deploy Test Dashboard to Web Server via SFTP	2025-05-20T10:22:47.8524902Z No file exists on the server "/html/test/15135055784-test-ftp-deploy-sync-state.json" - this must be your first publish! ğŸ‰
job-test	Deploy Test Dashboard to Web Server via SFTP	2025-05-20T10:22:47.8526058Z The first publish will take a while... but once the initial sync is done only differences are published!
job-test	Deploy Test Dashboard to Web Server via SFTP	2025-05-20T10:22:47.8526729Z If you get this message and its NOT your first publish, something is wrong.
job-test	Deploy Test Dashboard to Web Server via SFTP	2025-05-20T10:22:47.8527211Z ----------------------------------------------------------------
job-test	Deploy Test Dashboard to Web Server via SFTP	2025-05-20T10:22:47.8677205Z Local Files:	32
job-test	Deploy Test Dashboard to Web Server via SFTP	2025-05-20T10:22:47.8677825Z Server Files:	0
job-test	Deploy Test Dashboard to Web Server via SFTP	2025-05-20T10:22:47.8678495Z ----------------------------------------------------------------
job-test	Deploy Test Dashboard to Web Server via SFTP	2025-05-20T10:22:47.8679022Z Calculating differences between client & server
job-test	Deploy Test Dashboard to Web Server via SFTP	2025-05-20T10:22:47.8679420Z ----------------------------------------------------------------
job-test	Deploy Test Dashboard to Web Server via SFTP	2025-05-20T10:22:47.8689317Z ğŸ“ Create: data
job-test	Deploy Test Dashboard to Web Server via SFTP	2025-05-20T10:22:47.8690504Z ğŸ“ Create: data/sections
job-test	Deploy Test Dashboard to Web Server via SFTP	2025-05-20T10:22:47.8690831Z ğŸ“ Create: js
job-test	Deploy Test Dashboard to Web Server via SFTP	2025-05-20T10:22:47.8691087Z ğŸ“ Create: templates
job-test	Deploy Test Dashboard to Web Server via SFTP	2025-05-20T10:22:47.8691419Z ğŸ“„ Upload: data/data.html
job-test	Deploy Test Dashboard to Web Server via SFTP	2025-05-20T10:22:47.8692040Z ğŸ“„ Upload: data/data.json
job-test	Deploy Test Dashboard to Web Server via SFTP	2025-05-20T10:22:47.8692395Z ğŸ“„ Upload: data/kaos-issue.json
job-test	Deploy Test Dashboard to Web Server via SFTP	2025-05-20T10:22:47.8692862Z ğŸ“„ Upload: data/kaos-repository-global-statistics.json
job-test	Deploy Test Dashboard to Web Server via SFTP	2025-05-20T10:22:47.8693348Z ğŸ“„ Upload: data/kaos-repository-statistics.json
job-test	Deploy Test Dashboard to Web Server via SFTP	2025-05-20T10:22:47.8693834Z ğŸ“„ Upload: data/kaos-workflows-available.json
job-test	Deploy Test Dashboard to Web Server via SFTP	2025-05-20T10:22:47.8694254Z ğŸ“„ Upload: data/kaos-workflows-runs.json
job-test	Deploy Test Dashboard to Web Server via SFTP	2025-05-20T10:22:47.8694674Z ğŸ“„ Upload: data/seccion1.json
job-test	Deploy Test Dashboard to Web Server via SFTP	2025-05-20T10:22:47.8695421Z ğŸ“„ Upload: data/section1.json
job-test	Deploy Test Dashboard to Web Server via SFTP	2025-05-20T10:22:47.8695799Z ğŸ“„ Upload: data/section2.json
job-test	Deploy Test Dashboard to Web Server via SFTP	2025-05-20T10:22:47.8696174Z ğŸ“„ Upload: data/section3.json
job-test	Deploy Test Dashboard to Web Server via SFTP	2025-05-20T10:22:47.8696543Z ğŸ“„ Upload: data/section4.json
job-test	Deploy Test Dashboard to Web Server via SFTP	2025-05-20T10:22:47.8696913Z ğŸ“„ Upload: data/section5.json
job-test	Deploy Test Dashboard to Web Server via SFTP	2025-05-20T10:22:47.8697280Z ğŸ“„ Upload: data/section6.json
job-test	Deploy Test Dashboard to Web Server via SFTP	2025-05-20T10:22:47.8697760Z ğŸ“„ Upload: data/section7.json
job-test	Deploy Test Dashboard to Web Server via SFTP	2025-05-20T10:22:47.8698225Z ğŸ“„ Upload: data/sections/sections.html
job-test	Deploy Test Dashboard to Web Server via SFTP	2025-05-20T10:22:47.8698709Z ğŸ“„ Upload: data/webs.json
job-test	Deploy Test Dashboard to Web Server via SFTP	2025-05-20T10:22:47.8699097Z ğŸ“„ Upload: js/js.html
job-test	Deploy Test Dashboard to Web Server via SFTP	2025-05-20T10:22:47.8699553Z ğŸ“„ Upload: js/orchestrator.js
job-test	Deploy Test Dashboard to Web Server via SFTP	2025-05-20T10:22:47.8699875Z ğŸ“„ Upload: js/structure.js
job-test	Deploy Test Dashboard to Web Server via SFTP	2025-05-20T10:22:47.8700180Z ğŸ“„ Upload: js/templates.js
job-test	Deploy Test Dashboard to Web Server via SFTP	2025-05-20T10:22:47.8700501Z ğŸ“„ Upload: templates/graphic.html
job-test	Deploy Test Dashboard to Web Server via SFTP	2025-05-20T10:22:47.8700829Z ğŸ“„ Upload: templates/navbar.html
job-test	Deploy Test Dashboard to Web Server via SFTP	2025-05-20T10:22:47.8701301Z ğŸ“„ Upload: templates/section-template.html
job-test	Deploy Test Dashboard to Web Server via SFTP	2025-05-20T10:22:47.8701663Z ğŸ“„ Upload: templates/summary.html
job-test	Deploy Test Dashboard to Web Server via SFTP	2025-05-20T10:22:47.8702065Z ğŸ“„ Upload: templates/table.html
job-test	Deploy Test Dashboard to Web Server via SFTP	2025-05-20T10:22:47.8702467Z ğŸ“„ Upload: templates/templates.html
job-test	Deploy Test Dashboard to Web Server via SFTP	2025-05-20T10:22:47.8702834Z ğŸ“„ Upload: test.html
job-test	Deploy Test Dashboard to Web Server via SFTP	2025-05-20T10:22:47.8703172Z ----------------------------------------------------------------
job-test	Deploy Test Dashboard to Web Server via SFTP	2025-05-20T10:22:47.8703623Z Making changes to 32 files/folders to sync server state
job-test	Deploy Test Dashboard to Web Server via SFTP	2025-05-20T10:22:47.8704082Z Uploading: 6.62 MB -- Deleting: 0 B -- Replacing: 0 B
job-test	Deploy Test Dashboard to Web Server via SFTP	2025-05-20T10:22:47.8704518Z ----------------------------------------------------------------
job-test	Deploy Test Dashboard to Web Server via SFTP	2025-05-20T10:22:47.8704897Z creating folder "data/"
job-test	Deploy Test Dashboard to Web Server via SFTP	2025-05-20T10:22:47.9064777Z creating folder "data/sections/"
job-test	Deploy Test Dashboard to Web Server via SFTP	2025-05-20T10:22:47.9841418Z creating folder "js/"
job-test	Deploy Test Dashboard to Web Server via SFTP	2025-05-20T10:22:48.0178845Z creating folder "templates/"
job-test	Deploy Test Dashboard to Web Server via SFTP	2025-05-20T10:22:48.0560045Z uploading "data/data.html"
job-test	Deploy Test Dashboard to Web Server via SFTP	2025-05-20T10:22:48.1364975Z uploading "data/data.json"
job-test	Deploy Test Dashboard to Web Server via SFTP	2025-05-20T10:22:48.2175084Z uploading "data/kaos-issue.json"
job-test	Deploy Test Dashboard to Web Server via SFTP	2025-05-20T10:22:48.4354047Z uploading "data/kaos-repository-global-statistics.json"
job-test	Deploy Test Dashboard to Web Server via SFTP	2025-05-20T10:22:48.4919182Z uploading "data/kaos-repository-statistics.json"
job-test	Deploy Test Dashboard to Web Server via SFTP	2025-05-20T10:22:48.5487645Z uploading "data/kaos-workflows-available.json"
job-test	Deploy Test Dashboard to Web Server via SFTP	2025-05-20T10:22:48.6205603Z uploading "data/kaos-workflows-runs.json"
job-test	Deploy Test Dashboard to Web Server via SFTP	2025-05-20T10:22:48.8459693Z uploading "data/seccion1.json"
job-test	Deploy Test Dashboard to Web Server via SFTP	2025-05-20T10:22:48.9004312Z uploading "data/section1.json"
job-test	Deploy Test Dashboard to Web Server via SFTP	2025-05-20T10:22:48.9605807Z uploading "data/section2.json"
job-test	Deploy Test Dashboard to Web Server via SFTP	2025-05-20T10:22:49.0160476Z uploading "data/section3.json"
job-test	Deploy Test Dashboard to Web Server via SFTP	2025-05-20T10:22:49.0764459Z uploading "data/section4.json"
job-test	Deploy Test Dashboard to Web Server via SFTP	2025-05-20T10:22:49.1338331Z uploading "data/section5.json"
job-test	Deploy Test Dashboard to Web Server via SFTP	2025-05-20T10:22:49.1931043Z uploading "data/section6.json"
job-test	Deploy Test Dashboard to Web Server via SFTP	2025-05-20T10:22:49.2610389Z uploading "data/section7.json"
job-test	Deploy Test Dashboard to Web Server via SFTP	2025-05-20T10:22:49.3233183Z uploading "data/sections/sections.html"
job-test	Deploy Test Dashboard to Web Server via SFTP	2025-05-20T10:22:49.3852202Z uploading "data/webs.json"
job-test	Deploy Test Dashboard to Web Server via SFTP	2025-05-20T10:22:49.4534485Z uploading "js/js.html"
job-test	Deploy Test Dashboard to Web Server via SFTP	2025-05-20T10:22:49.5216040Z uploading "js/orchestrator.js"
job-test	Deploy Test Dashboard to Web Server via SFTP	2025-05-20T10:22:49.5951196Z uploading "js/structure.js"
job-test	Deploy Test Dashboard to Web Server via SFTP	2025-05-20T10:22:49.6890054Z uploading "js/templates.js"
job-test	Deploy Test Dashboard to Web Server via SFTP	2025-05-20T10:22:49.7637380Z uploading "templates/graphic.html"
job-test	Deploy Test Dashboard to Web Server via SFTP	2025-05-20T10:22:49.8213951Z uploading "templates/navbar.html"
job-test	Deploy Test Dashboard to Web Server via SFTP	2025-05-20T10:22:49.8809862Z uploading "templates/section-template.html"
job-test	Deploy Test Dashboard to Web Server via SFTP	2025-05-20T10:22:49.9526921Z uploading "templates/summary.html"
job-test	Deploy Test Dashboard to Web Server via SFTP	2025-05-20T10:22:50.0221761Z uploading "templates/table.html"
job-test	Deploy Test Dashboard to Web Server via SFTP	2025-05-20T10:22:50.0903049Z uploading "templates/templates.html"
job-test	Deploy Test Dashboard to Web Server via SFTP	2025-05-20T10:22:50.1461152Z uploading "test.html"
job-test	Deploy Test Dashboard to Web Server via SFTP	2025-05-20T10:22:50.1990468Z ----------------------------------------------------------------
job-test	Deploy Test Dashboard to Web Server via SFTP	2025-05-20T10:22:50.1991844Z ğŸ‰ Sync complete. Saving current server state to "/html/test/15135055784-test-ftp-deploy-sync-state.json"
job-test	Deploy Test Dashboard to Web Server via SFTP	2025-05-20T10:22:50.2558426Z ----------------------------------------------------------------
job-test	Deploy Test Dashboard to Web Server via SFTP	2025-05-20T10:22:50.2561737Z Time spent hashing: 55 milliseconds
job-test	Deploy Test Dashboard to Web Server via SFTP	2025-05-20T10:22:50.2562289Z Time spent connecting to server: 207 milliseconds
job-test	Deploy Test Dashboard to Web Server via SFTP	2025-05-20T10:22:50.2562853Z Time spent deploying: 2.3 seconds (2.78 MB/second)
job-test	Deploy Test Dashboard to Web Server via SFTP	2025-05-20T10:22:50.2563205Z   - changing dirs: 193 milliseconds
job-test	Deploy Test Dashboard to Web Server via SFTP	2025-05-20T10:22:50.2563880Z   - logging: 17 milliseconds
job-test	Deploy Test Dashboard to Web Server via SFTP	2025-05-20T10:22:50.2564172Z ----------------------------------------------------------------
job-test	Deploy Test Dashboard to Web Server via SFTP	2025-05-20T10:22:50.2564609Z Total time: 3.4 seconds
job-test	Deploy Test Dashboard to Web Server via SFTP	2025-05-20T10:22:50.2564956Z ----------------------------------------------------------------
job-test	Post Checkout repository	ï»¿2025-05-20T10:22:50.2798407Z Post job cleanup.
job-test	Post Checkout repository	2025-05-20T10:22:50.3777700Z [command]/usr/bin/git version
job-test	Post Checkout repository	2025-05-20T10:22:50.3814750Z git version 2.43.0
job-test	Post Checkout repository	2025-05-20T10:22:50.3863871Z Temporarily overriding HOME='/actions-runner/_work/_temp/6f4d86f5-150d-4da0-947f-b0f29cea1c***' before making global git config changes
job-test	Post Checkout repository	2025-05-20T10:22:50.3864807Z Adding repository directory to the temporary git global config as a safe directory
job-test	Post Checkout repository	2025-05-20T10:22:50.3870612Z [command]/usr/bin/git config --global --add safe.directory /actions-runner/_work/ka0s/ka0s
job-test	Post Checkout repository	2025-05-20T10:22:50.3908291Z [command]/usr/bin/git config --local --name-only --get-regexp core\.sshCommand
job-test	Post Checkout repository	2025-05-20T10:22:50.3948162Z [command]/usr/bin/git submodule foreach --recursive sh -c "git config --local --name-only --get-regexp 'core\.sshCommand' && git config --local --unset-all 'core.sshCommand' || :"
job-test	Post Checkout repository	2025-05-20T10:22:50.4204916Z [command]/usr/bin/git config --local --name-only --get-regexp http\.https\:\/\/github\.com\/\.extraheader
job-test	Post Checkout repository	2025-05-20T10:22:50.4227255Z http.https://github.com/.extraheader
job-test	Post Checkout repository	2025-05-20T10:22:50.4239102Z [command]/usr/bin/git config --local --unset-all http.https://github.com/.extraheader
job-test	Post Checkout repository	2025-05-20T10:22:50.4272351Z [command]/usr/bin/git submodule foreach --recursive sh -c "git config --local --name-only --get-regexp 'http\.https\:\/\/github\.com\/\.extraheader' && git config --local --unset-all 'http.https://github.com/.extraheader' || :"
job-test	Complete job	ï»¿2025-05-20T10:22:50.4635110Z Cleaning up orphan processes
handle-success	Set up job	ï»¿2025-05-20T10:22:55.0638238Z Current runner version: '2.324.0'
handle-success	Set up job	2025-05-20T10:22:55.0645703Z Runner name: 'ka0s-ka0s-1'
handle-success	Set up job	2025-05-20T10:22:55.0646655Z Machine name: '81c4cec2d52e'
handle-success	Set up job	2025-05-20T10:22:55.0649870Z ##[group]GITHUB_TOKEN Permissions
handle-success	Set up job	2025-05-20T10:22:55.0652105Z Contents: read
handle-success	Set up job	2025-05-20T10:22:55.0652798Z Metadata: read
handle-success	Set up job	2025-05-20T10:22:55.0653351Z Packages: read
handle-success	Set up job	2025-05-20T10:22:55.0653834Z ##[endgroup]
handle-success	Set up job	2025-05-20T10:22:55.0655935Z Secret source: Actions
handle-success	Set up job	2025-05-20T10:22:55.0656599Z Prepare workflow directory
handle-success	Set up job	2025-05-20T10:22:55.1329454Z Prepare all required actions
handle-success	Set up job	2025-05-20T10:22:55.1369635Z Getting action download info
handle-success	Set up job	2025-05-20T10:22:55.7055327Z Download action repository 'actions/checkout@v4' (SHA:11bd71901bbe5b1630ceea73d27597364c9af683)
handle-success	Set up job	2025-05-20T10:22:56.5644639Z Complete job name: handle-success
handle-success	Checkout code	ï»¿2025-05-20T10:22:56.6119306Z ##[group]Run actions/checkout@v4
handle-success	Checkout code	2025-05-20T10:22:56.6120155Z with:
handle-success	Checkout code	2025-05-20T10:22:56.6120522Z   fetch-depth: 0
handle-success	Checkout code	2025-05-20T10:22:56.6121135Z   token: ***
handle-success	Checkout code	2025-05-20T10:22:56.6121528Z   repository: Ka0s-Klaus/ka0s
handle-success	Checkout code	2025-05-20T10:22:56.6122019Z   ssh-strict: true
handle-success	Checkout code	2025-05-20T10:22:56.6122399Z   ssh-user: git
handle-success	Checkout code	2025-05-20T10:22:56.6122784Z   persist-credentials: true
handle-success	Checkout code	2025-05-20T10:22:56.6123218Z   clean: true
handle-success	Checkout code	2025-05-20T10:22:56.6123606Z   sparse-checkout-cone-mode: true
handle-success	Checkout code	2025-05-20T10:22:56.6124076Z   fetch-tags: false
handle-success	Checkout code	2025-05-20T10:22:56.6124463Z   show-progress: true
handle-success	Checkout code	2025-05-20T10:22:56.6124855Z   lfs: false
handle-success	Checkout code	2025-05-20T10:22:56.6125211Z   submodules: false
handle-success	Checkout code	2025-05-20T10:22:56.6125601Z   set-safe-directory: true
handle-success	Checkout code	2025-05-20T10:22:56.6126257Z env:
handle-success	Checkout code	2025-05-20T10:22:56.6126616Z   KAOS_CODE: 15135055784
handle-success	Checkout code	2025-05-20T10:22:56.6127030Z   KAOS_EVENT_NAME: push
handle-success	Checkout code	2025-05-20T10:22:56.6127431Z   KAOS_ACTION: 
handle-success	Checkout code	2025-05-20T10:22:56.6127801Z   KAOS_REF: refs/heads/main
handle-success	Checkout code	2025-05-20T10:22:56.6128245Z   KAOS_MODULE: [Ka0S] Deploy Webs
handle-success	Checkout code	2025-05-20T10:22:56.6129029Z   KAOS_PATH_ORIGIN_DASHBOARD: core/results/webs/dashboard/
handle-success	Checkout code	2025-05-20T10:22:56.6129775Z   KAOS_PATH_WEB_DASHBOARD: /html/dashboard/
handle-success	Checkout code	2025-05-20T10:22:56.6130332Z   KAOS_PATH_ORIGIN_TEST: core/results/webs/test/
handle-success	Checkout code	2025-05-20T10:22:56.6130871Z   KAOS_PATH_WEB_TEST: /html/test/
handle-success	Checkout code	2025-05-20T10:22:56.6131347Z   KAOS_PATH_RESUME: core/results/dw/
handle-success	Checkout code	2025-05-20T10:22:56.6131867Z   KAOS_FILE_STATE: ftp-deploy-sync-state.json
handle-success	Checkout code	2025-05-20T10:22:56.6132386Z   KAOS_ACTOR: jorgecg646
handle-success	Checkout code	2025-05-20T10:22:56.6132810Z   KAOS_CACHE_BUSTER: 15135055784-354
handle-success	Checkout code	2025-05-20T10:22:56.6133263Z ##[endgroup]
handle-success	Checkout code	2025-05-20T10:22:56.7286582Z Syncing repository: Ka0s-Klaus/ka0s
handle-success	Checkout code	2025-05-20T10:22:56.7288649Z ##[group]Getting Git version info
handle-success	Checkout code	2025-05-20T10:22:56.7289703Z Working directory is '/actions-runner/_work/ka0s/ka0s'
handle-success	Checkout code	2025-05-20T10:22:56.7290776Z [command]/usr/bin/git version
handle-success	Checkout code	2025-05-20T10:22:56.7291291Z git version 2.43.0
handle-success	Checkout code	2025-05-20T10:22:56.7314537Z ##[endgroup]
handle-success	Checkout code	2025-05-20T10:22:56.7327050Z Copying '/home/kaos/.gitconfig' to '/actions-runner/_work/_temp/6e91a582-8c69-4e3b-a4d5-4eccea2ceb6f/.gitconfig'
handle-success	Checkout code	2025-05-20T10:22:56.7338775Z Temporarily overriding HOME='/actions-runner/_work/_temp/6e91a582-8c69-4e3b-a4d5-4eccea2ceb6f' before making global git config changes
handle-success	Checkout code	2025-05-20T10:22:56.7340644Z Adding repository directory to the temporary git global config as a safe directory
handle-success	Checkout code	2025-05-20T10:22:56.7342927Z [command]/usr/bin/git config --global --add safe.directory /actions-runner/_work/ka0s/ka0s
handle-success	Checkout code	2025-05-20T10:22:56.7394565Z [command]/usr/bin/git config --local --get remote.origin.url
handle-success	Checkout code	2025-05-20T10:22:56.7416868Z https://github.com/Ka0s-Klaus/ka0s
handle-success	Checkout code	2025-05-20T10:22:56.7437312Z ##[group]Removing previously created refs, to avoid conflicts
handle-success	Checkout code	2025-05-20T10:22:56.7442493Z [command]/usr/bin/git rev-parse --symbolic-full-name --verify --quiet HEAD
handle-success	Checkout code	2025-05-20T10:22:56.7466278Z refs/heads/main
handle-success	Checkout code	2025-05-20T10:22:56.7476780Z [command]/usr/bin/git checkout --detach
handle-success	Checkout code	2025-05-20T10:22:56.7662212Z HEAD is now at 95a133bc Cambios en orchestrator
handle-success	Checkout code	2025-05-20T10:22:56.7707536Z [command]/usr/bin/git branch --delete --force main
handle-success	Checkout code	2025-05-20T10:22:56.7738021Z Deleted branch main (was 95a133bc).
handle-success	Checkout code	2025-05-20T10:22:56.7808355Z ##[endgroup]
handle-success	Checkout code	2025-05-20T10:22:56.7809681Z [command]/usr/bin/git submodule status
handle-success	Checkout code	2025-05-20T10:22:56.8054787Z ##[group]Cleaning the repository
handle-success	Checkout code	2025-05-20T10:22:56.8058866Z [command]/usr/bin/git clean -ffdx
handle-success	Checkout code	2025-05-20T10:22:56.8137637Z Removing core/results/webs/dashboard/15134762626-dashboard-ftp-deploy-sync-state.json
handle-success	Checkout code	2025-05-20T10:22:56.8146782Z [command]/usr/bin/git reset --hard HEAD
handle-success	Checkout code	2025-05-20T10:22:56.8409379Z HEAD is now at 95a133bc Cambios en orchestrator
handle-success	Checkout code	2025-05-20T10:22:56.8415488Z ##[endgroup]
handle-success	Checkout code	2025-05-20T10:22:56.8417073Z ##[group]Disabling automatic garbage collection
handle-success	Checkout code	2025-05-20T10:22:56.8423618Z [command]/usr/bin/git config --local gc.auto 0
handle-success	Checkout code	2025-05-20T10:22:56.8453313Z ##[endgroup]
handle-success	Checkout code	2025-05-20T10:22:56.8454164Z ##[group]Setting up auth
handle-success	Checkout code	2025-05-20T10:22:56.8471111Z [command]/usr/bin/git config --local --name-only --get-regexp core\.sshCommand
handle-success	Checkout code	2025-05-20T10:22:56.8506006Z [command]/usr/bin/git submodule foreach --recursive sh -c "git config --local --name-only --get-regexp 'core\.sshCommand' && git config --local --unset-all 'core.sshCommand' || :"
handle-success	Checkout code	2025-05-20T10:22:56.8762070Z [command]/usr/bin/git config --local --name-only --get-regexp http\.https\:\/\/github\.com\/\.extraheader
handle-success	Checkout code	2025-05-20T10:22:56.8795123Z [command]/usr/bin/git submodule foreach --recursive sh -c "git config --local --name-only --get-regexp 'http\.https\:\/\/github\.com\/\.extraheader' && git config --local --unset-all 'http.https://github.com/.extraheader' || :"
handle-success	Checkout code	2025-05-20T10:22:56.9053262Z [command]/usr/bin/git config --local http.https://github.com/.extraheader AUTHORIZATION: basic ***
handle-success	Checkout code	2025-05-20T10:22:56.9097461Z ##[endgroup]
handle-success	Checkout code	2025-05-20T10:22:56.9098286Z ##[group]Fetching the repository
handle-success	Checkout code	2025-05-20T10:22:56.9105543Z [command]/usr/bin/git -c protocol.version=2 fetch --prune --no-recurse-submodules origin +refs/heads/*:refs/remotes/origin/* +refs/tags/*:refs/tags/*
handle-success	Checkout code	2025-05-20T10:22:57.7479549Z From https://github.com/Ka0s-Klaus/ka0s
handle-success	Checkout code	2025-05-20T10:22:57.7480972Z    95a133bc..ad233cce  main       -> origin/main
handle-success	Checkout code	2025-05-20T10:22:57.7535859Z [command]/usr/bin/git branch --list --remote origin/main
handle-success	Checkout code	2025-05-20T10:22:57.7563491Z   origin/main
handle-success	Checkout code	2025-05-20T10:22:57.7575180Z [command]/usr/bin/git rev-parse refs/remotes/origin/main
handle-success	Checkout code	2025-05-20T10:22:57.7596970Z ad233cce66c6b7960f936803544e46bbcbdad3ca
handle-success	Checkout code	2025-05-20T10:22:57.7601247Z ##[endgroup]
handle-success	Checkout code	2025-05-20T10:22:57.7602891Z ##[group]Determining the checkout info
handle-success	Checkout code	2025-05-20T10:22:57.7604454Z ##[endgroup]
handle-success	Checkout code	2025-05-20T10:22:57.7608421Z [command]/usr/bin/git sparse-checkout disable
handle-success	Checkout code	2025-05-20T10:22:57.7687197Z [command]/usr/bin/git config --local --unset-all extensions.worktreeConfig
handle-success	Checkout code	2025-05-20T10:22:57.7720751Z ##[group]Checking out the ref
handle-success	Checkout code	2025-05-20T10:22:57.7723703Z [command]/usr/bin/git checkout --progress --force -B main refs/remotes/origin/main
handle-success	Checkout code	2025-05-20T10:22:57.7980858Z Previous HEAD position was 95a133bc Cambios en orchestrator
handle-success	Checkout code	2025-05-20T10:22:57.7988702Z Switched to a new branch 'main'
handle-success	Checkout code	2025-05-20T10:22:57.7990146Z branch 'main' set up to track 'origin/main'.
handle-success	Checkout code	2025-05-20T10:22:57.8035084Z ##[endgroup]
handle-success	Checkout code	2025-05-20T10:22:57.8038160Z [command]/usr/bin/git log -1 --format=%H
handle-success	Checkout code	2025-05-20T10:22:57.8064552Z ad233cce66c6b7960f936803544e46bbcbdad3ca
handle-success	handle-success-execution	ï»¿2025-05-20T10:22:57.8299009Z ##[group]Run # Si todo ha ido correcto aÃ±adimos el contenido del fichero
handle-success	handle-success-execution	2025-05-20T10:22:57.8301155Z [36;1m# Si todo ha ido correcto aÃ±adimos el contenido del fichero[0m
handle-success	handle-success-execution	2025-05-20T10:22:57.8304499Z [36;1m# gh issue comment $RNNUMBER --body "El proceso ha finalizado correctamente 15135055784. El resultado estÃ¡ en el fichero core/results/event_data_15135055784.log"[0m
handle-success	handle-success-execution	2025-05-20T10:22:57.8308897Z [36;1mecho "El proceso ha finalizado correctamente 15135055784. El resultado estÃ¡ en el fichero core/results/event_data_15135055784.log"[0m
handle-success	handle-success-execution	2025-05-20T10:22:57.8321005Z shell: /usr/bin/bash -e {0}
handle-success	handle-success-execution	2025-05-20T10:22:57.8322085Z env:
handle-success	handle-success-execution	2025-05-20T10:22:57.8322902Z   KAOS_CODE: 15135055784
handle-success	handle-success-execution	2025-05-20T10:22:57.8323905Z   KAOS_EVENT_NAME: push
handle-success	handle-success-execution	2025-05-20T10:22:57.8324877Z   KAOS_ACTION: 
handle-success	handle-success-execution	2025-05-20T10:22:57.8325775Z   KAOS_REF: refs/heads/main
handle-success	handle-success-execution	2025-05-20T10:22:57.8326861Z   KAOS_MODULE: [Ka0S] Deploy Webs
handle-success	handle-success-execution	2025-05-20T10:22:57.8328515Z   KAOS_PATH_ORIGIN_DASHBOARD: core/results/webs/dashboard/
handle-success	handle-success-execution	2025-05-20T10:22:57.8330142Z   KAOS_PATH_WEB_DASHBOARD: /html/dashboard/
handle-success	handle-success-execution	2025-05-20T10:22:57.8331487Z   KAOS_PATH_ORIGIN_TEST: core/results/webs/test/
handle-success	handle-success-execution	2025-05-20T10:22:57.8332806Z   KAOS_PATH_WEB_TEST: /html/test/
handle-success	handle-success-execution	2025-05-20T10:22:57.8333942Z   KAOS_PATH_RESUME: core/results/dw/
handle-success	handle-success-execution	2025-05-20T10:22:57.8335211Z   KAOS_FILE_STATE: ftp-deploy-sync-state.json
handle-success	handle-success-execution	2025-05-20T10:22:57.8336495Z   KAOS_ACTOR: jorgecg646
handle-success	handle-success-execution	2025-05-20T10:22:57.8337521Z   KAOS_CACHE_BUSTER: 15135055784-354
handle-success	handle-success-execution	2025-05-20T10:22:57.8339233Z   GH_TOKEN: ***
handle-success	handle-success-execution	2025-05-20T10:22:57.8340133Z ##[endgroup]
handle-success	handle-success-execution	2025-05-20T10:22:57.8400343Z El proceso ha finalizado correctamente 15135055784. El resultado estÃ¡ en el fichero core/results/event_data_15135055784.log
handle-success	Post Checkout code	ï»¿2025-05-20T10:22:57.8582195Z Post job cleanup.
handle-success	Post Checkout code	2025-05-20T10:22:57.9613312Z [command]/usr/bin/git version
handle-success	Post Checkout code	2025-05-20T10:22:57.9653295Z git version 2.43.0
handle-success	Post Checkout code	2025-05-20T10:22:57.9694455Z Copying '/home/kaos/.gitconfig' to '/actions-runner/_work/_temp/3ae4aef8-362e-41e1-b9fa-6e33f6eb6f43/.gitconfig'
handle-success	Post Checkout code	2025-05-20T10:22:57.9707377Z Temporarily overriding HOME='/actions-runner/_work/_temp/3ae4aef8-362e-41e1-b9fa-6e33f6eb6f43' before making global git config changes
handle-success	Post Checkout code	2025-05-20T10:22:57.9711048Z Adding repository directory to the temporary git global config as a safe directory
handle-success	Post Checkout code	2025-05-20T10:22:57.9714034Z [command]/usr/bin/git config --global --add safe.directory /actions-runner/_work/ka0s/ka0s
handle-success	Post Checkout code	2025-05-20T10:22:57.9752962Z [command]/usr/bin/git config --local --name-only --get-regexp core\.sshCommand
handle-success	Post Checkout code	2025-05-20T10:22:57.9798328Z [command]/usr/bin/git submodule foreach --recursive sh -c "git config --local --name-only --get-regexp 'core\.sshCommand' && git config --local --unset-all 'core.sshCommand' || :"
handle-success	Post Checkout code	2025-05-20T10:22:58.0055977Z [command]/usr/bin/git config --local --name-only --get-regexp http\.https\:\/\/github\.com\/\.extraheader
handle-success	Post Checkout code	2025-05-20T10:22:58.0082148Z http.https://github.com/.extraheader
handle-success	Post Checkout code	2025-05-20T10:22:58.0094245Z [command]/usr/bin/git config --local --unset-all http.https://github.com/.extraheader
handle-success	Post Checkout code	2025-05-20T10:22:58.0130584Z [command]/usr/bin/git submodule foreach --recursive sh -c "git config --local --name-only --get-regexp 'http\.https\:\/\/github\.com\/\.extraheader' && git config --local --unset-all 'http.https://github.com/.extraheader' || :"
handle-success	Complete job	ï»¿2025-05-20T10:22:58.0516158Z Cleaning up orphan processes
end-workflow	Set up job	ï»¿2025-05-20T10:23:04.1840616Z Current runner version: '2.324.0'
end-workflow	Set up job	2025-05-20T10:23:04.1847910Z Runner name: 'ka0s-ka0s-3'
end-workflow	Set up job	2025-05-20T10:23:04.1849296Z Machine name: '862bc7bbf796'
end-workflow	Set up job	2025-05-20T10:23:04.1852460Z ##[group]GITHUB_TOKEN Permissions
end-workflow	Set up job	2025-05-20T10:23:04.1855199Z Contents: read
end-workflow	Set up job	2025-05-20T10:23:04.1855798Z Metadata: read
end-workflow	Set up job	2025-05-20T10:23:04.1856533Z Packages: read
end-workflow	Set up job	2025-05-20T10:23:04.1857080Z ##[endgroup]
end-workflow	Set up job	2025-05-20T10:23:04.1859828Z Secret source: Actions
end-workflow	Set up job	2025-05-20T10:23:04.1860618Z Prepare workflow directory
end-workflow	Set up job	2025-05-20T10:23:04.2606424Z Prepare all required actions
end-workflow	Set up job	2025-05-20T10:23:04.2653751Z Getting action download info
end-workflow	Set up job	2025-05-20T10:23:04.8396721Z Download action repository 'actions/checkout@v4' (SHA:11bd71901bbe5b1630ceea73d27597364c9af683)
end-workflow	Set up job	2025-05-20T10:23:05.6501954Z Complete job name: end-workflow
end-workflow	Checkout code	ï»¿2025-05-20T10:23:05.7085224Z ##[group]Run actions/checkout@v4
end-workflow	Checkout code	2025-05-20T10:23:05.7086211Z with:
end-workflow	Checkout code	2025-05-20T10:23:05.7086605Z   fetch-depth: 0
end-workflow	Checkout code	2025-05-20T10:23:05.7087285Z   token: ***
end-workflow	Checkout code	2025-05-20T10:23:05.7087700Z   repository: Ka0s-Klaus/ka0s
end-workflow	Checkout code	2025-05-20T10:23:05.7088230Z   ssh-strict: true
end-workflow	Checkout code	2025-05-20T10:23:05.7088626Z   ssh-user: git
end-workflow	Checkout code	2025-05-20T10:23:05.7089192Z   persist-credentials: true
end-workflow	Checkout code	2025-05-20T10:23:05.7089641Z   clean: true
end-workflow	Checkout code	2025-05-20T10:23:05.7090051Z   sparse-checkout-cone-mode: true
end-workflow	Checkout code	2025-05-20T10:23:05.7090541Z   fetch-tags: false
end-workflow	Checkout code	2025-05-20T10:23:05.7090950Z   show-progress: true
end-workflow	Checkout code	2025-05-20T10:23:05.7091355Z   lfs: false
end-workflow	Checkout code	2025-05-20T10:23:05.7091723Z   submodules: false
end-workflow	Checkout code	2025-05-20T10:23:05.7092137Z   set-safe-directory: true
end-workflow	Checkout code	2025-05-20T10:23:05.7092936Z env:
end-workflow	Checkout code	2025-05-20T10:23:05.7093308Z   KAOS_CODE: 15135055784
end-workflow	Checkout code	2025-05-20T10:23:05.7093744Z   KAOS_EVENT_NAME: push
end-workflow	Checkout code	2025-05-20T10:23:05.7094160Z   KAOS_ACTION: 
end-workflow	Checkout code	2025-05-20T10:23:05.7094547Z   KAOS_REF: refs/heads/main
end-workflow	Checkout code	2025-05-20T10:23:05.7095012Z   KAOS_MODULE: [Ka0S] Deploy Webs
end-workflow	Checkout code	2025-05-20T10:23:05.7095626Z   KAOS_PATH_ORIGIN_DASHBOARD: core/results/webs/dashboard/
end-workflow	Checkout code	2025-05-20T10:23:05.7096266Z   KAOS_PATH_WEB_DASHBOARD: /html/dashboard/
end-workflow	Checkout code	2025-05-20T10:23:05.7096841Z   KAOS_PATH_ORIGIN_TEST: core/results/webs/test/
end-workflow	Checkout code	2025-05-20T10:23:05.7097410Z   KAOS_PATH_WEB_TEST: /html/test/
end-workflow	Checkout code	2025-05-20T10:23:05.7097907Z   KAOS_PATH_RESUME: core/results/dw/
end-workflow	Checkout code	2025-05-20T10:23:05.7098459Z   KAOS_FILE_STATE: ftp-deploy-sync-state.json
end-workflow	Checkout code	2025-05-20T10:23:05.7099261Z   KAOS_ACTOR: jorgecg646
end-workflow	Checkout code	2025-05-20T10:23:05.7099858Z   KAOS_CACHE_BUSTER: 15135055784-354
end-workflow	Checkout code	2025-05-20T10:23:05.7100566Z   GH_TOKEN: ***
end-workflow	Checkout code	2025-05-20T10:23:05.7100958Z ##[endgroup]
end-workflow	Checkout code	2025-05-20T10:23:05.8516192Z Syncing repository: Ka0s-Klaus/ka0s
end-workflow	Checkout code	2025-05-20T10:23:05.8518681Z ##[group]Getting Git version info
end-workflow	Checkout code	2025-05-20T10:23:05.8519910Z Working directory is '/actions-runner/_work/ka0s/ka0s'
end-workflow	Checkout code	2025-05-20T10:23:05.8521003Z [command]/usr/bin/git version
end-workflow	Checkout code	2025-05-20T10:23:05.8521507Z git version 2.43.0
end-workflow	Checkout code	2025-05-20T10:23:05.8549223Z ##[endgroup]
end-workflow	Checkout code	2025-05-20T10:23:05.8561176Z Temporarily overriding HOME='/actions-runner/_work/_temp/68179d5e-0e96-4017-9047-0ec3de349919' before making global git config changes
end-workflow	Checkout code	2025-05-20T10:23:05.8562725Z Adding repository directory to the temporary git global config as a safe directory
end-workflow	Checkout code	2025-05-20T10:23:05.8565429Z [command]/usr/bin/git config --global --add safe.directory /actions-runner/_work/ka0s/ka0s
end-workflow	Checkout code	2025-05-20T10:23:05.8635216Z [command]/usr/bin/git config --local --get remote.origin.url
end-workflow	Checkout code	2025-05-20T10:23:05.8671463Z https://github.com/Ka0s-Klaus/ka0s
end-workflow	Checkout code	2025-05-20T10:23:05.8687723Z ##[group]Removing previously created refs, to avoid conflicts
end-workflow	Checkout code	2025-05-20T10:23:05.8693288Z [command]/usr/bin/git rev-parse --symbolic-full-name --verify --quiet HEAD
end-workflow	Checkout code	2025-05-20T10:23:05.8717620Z refs/heads/main
end-workflow	Checkout code	2025-05-20T10:23:05.8727871Z [command]/usr/bin/git checkout --detach
end-workflow	Checkout code	2025-05-20T10:23:05.9231677Z HEAD is now at ad233cce Cambios en orchestrator
end-workflow	Checkout code	2025-05-20T10:23:05.9307543Z [command]/usr/bin/git branch --delete --force main
end-workflow	Checkout code	2025-05-20T10:23:05.9345645Z Deleted branch main (was ad233cce).
end-workflow	Checkout code	2025-05-20T10:23:05.9462148Z ##[endgroup]
end-workflow	Checkout code	2025-05-20T10:23:05.9477584Z [command]/usr/bin/git submodule status
end-workflow	Checkout code	2025-05-20T10:23:06.0175497Z ##[group]Cleaning the repository
end-workflow	Checkout code	2025-05-20T10:23:06.0183082Z [command]/usr/bin/git clean -ffdx
end-workflow	Checkout code	2025-05-20T10:23:06.0320407Z Removing core/results/webs/dashboard/15135055784-dashboard-ftp-deploy-sync-state.json
end-workflow	Checkout code	2025-05-20T10:23:06.0324941Z [command]/usr/bin/git reset --hard HEAD
end-workflow	Checkout code	2025-05-20T10:23:06.0590974Z HEAD is now at ad233cce Cambios en orchestrator
end-workflow	Checkout code	2025-05-20T10:23:06.0594806Z ##[endgroup]
end-workflow	Checkout code	2025-05-20T10:23:06.0595751Z ##[group]Disabling automatic garbage collection
end-workflow	Checkout code	2025-05-20T10:23:06.0597181Z [command]/usr/bin/git config --local gc.auto 0
end-workflow	Checkout code	2025-05-20T10:23:06.0633592Z ##[endgroup]
end-workflow	Checkout code	2025-05-20T10:23:06.0634570Z ##[group]Setting up auth
end-workflow	Checkout code	2025-05-20T10:23:06.0663771Z [command]/usr/bin/git config --local --name-only --get-regexp core\.sshCommand
end-workflow	Checkout code	2025-05-20T10:23:06.0724149Z [command]/usr/bin/git submodule foreach --recursive sh -c "git config --local --name-only --get-regexp 'core\.sshCommand' && git config --local --unset-all 'core.sshCommand' || :"
end-workflow	Checkout code	2025-05-20T10:23:06.1154698Z [command]/usr/bin/git config --local --name-only --get-regexp http\.https\:\/\/github\.com\/\.extraheader
end-workflow	Checkout code	2025-05-20T10:23:06.1218102Z [command]/usr/bin/git submodule foreach --recursive sh -c "git config --local --name-only --get-regexp 'http\.https\:\/\/github\.com\/\.extraheader' && git config --local --unset-all 'http.https://github.com/.extraheader' || :"
end-workflow	Checkout code	2025-05-20T10:23:06.1529112Z [command]/usr/bin/git config --local http.https://github.com/.extraheader AUTHORIZATION: basic ***
end-workflow	Checkout code	2025-05-20T10:23:06.1575776Z ##[endgroup]
end-workflow	Checkout code	2025-05-20T10:23:06.1576610Z ##[group]Fetching the repository
end-workflow	Checkout code	2025-05-20T10:23:06.1585068Z [command]/usr/bin/git -c protocol.version=2 fetch --prune --no-recurse-submodules origin +refs/heads/*:refs/remotes/origin/* +refs/tags/*:refs/tags/*
end-workflow	Checkout code	2025-05-20T10:23:06.8021548Z [command]/usr/bin/git branch --list --remote origin/main
end-workflow	Checkout code	2025-05-20T10:23:06.8059651Z   origin/main
end-workflow	Checkout code	2025-05-20T10:23:06.8069787Z [command]/usr/bin/git rev-parse refs/remotes/origin/main
end-workflow	Checkout code	2025-05-20T10:23:06.8096597Z ad233cce66c6b7960f936803544e46bbcbdad3ca
end-workflow	Checkout code	2025-05-20T10:23:06.8101951Z ##[endgroup]
end-workflow	Checkout code	2025-05-20T10:23:06.8103115Z ##[group]Determining the checkout info
end-workflow	Checkout code	2025-05-20T10:23:06.8104341Z ##[endgroup]
end-workflow	Checkout code	2025-05-20T10:23:06.8109540Z [command]/usr/bin/git sparse-checkout disable
end-workflow	Checkout code	2025-05-20T10:23:06.8215169Z [command]/usr/bin/git config --local --unset-all extensions.worktreeConfig
end-workflow	Checkout code	2025-05-20T10:23:06.8247345Z ##[group]Checking out the ref
end-workflow	Checkout code	2025-05-20T10:23:06.8251107Z [command]/usr/bin/git checkout --progress --force -B main refs/remotes/origin/main
end-workflow	Checkout code	2025-05-20T10:23:06.8404000Z Switched to a new branch 'main'
end-workflow	Checkout code	2025-05-20T10:23:06.8405049Z branch 'main' set up to track 'origin/main'.
end-workflow	Checkout code	2025-05-20T10:23:06.8410106Z ##[endgroup]
end-workflow	Checkout code	2025-05-20T10:23:06.8450668Z [command]/usr/bin/git log -1 --format=%H
end-workflow	Checkout code	2025-05-20T10:23:06.8478228Z ad233cce66c6b7960f936803544e46bbcbdad3ca
end-workflow	Finaliza el workflow	ï»¿2025-05-20T10:23:06.8688125Z ##[group]Run echo "End process"
end-workflow	Finaliza el workflow	2025-05-20T10:23:06.8688947Z [36;1mecho "End process"[0m
end-workflow	Finaliza el workflow	2025-05-20T10:23:06.8689556Z [36;1mecho "Se finaliza Ka0s 15135055784"[0m
end-workflow	Finaliza el workflow	2025-05-20T10:23:06.8690780Z [36;1mgh workflow run inspector.yml --ref 'main' -f kaos-issue-id=$RNNUMBER -f kaos-workflow-id="15135055784" -f kaos-user-start=""[0m
end-workflow	Finaliza el workflow	2025-05-20T10:23:06.8701198Z shell: /usr/bin/bash -e {0}
end-workflow	Finaliza el workflow	2025-05-20T10:23:06.8701757Z env:
end-workflow	Finaliza el workflow	2025-05-20T10:23:06.8702174Z   KAOS_CODE: 15135055784
end-workflow	Finaliza el workflow	2025-05-20T10:23:06.8702684Z   KAOS_EVENT_NAME: push
end-workflow	Finaliza el workflow	2025-05-20T10:23:06.8703161Z   KAOS_ACTION: 
end-workflow	Finaliza el workflow	2025-05-20T10:23:06.8703614Z   KAOS_REF: refs/heads/main
end-workflow	Finaliza el workflow	2025-05-20T10:23:06.8704161Z   KAOS_MODULE: [Ka0S] Deploy Webs
end-workflow	Finaliza el workflow	2025-05-20T10:23:06.8704848Z   KAOS_PATH_ORIGIN_DASHBOARD: core/results/webs/dashboard/
end-workflow	Finaliza el workflow	2025-05-20T10:23:06.8705591Z   KAOS_PATH_WEB_DASHBOARD: /html/dashboard/
end-workflow	Finaliza el workflow	2025-05-20T10:23:06.8706288Z   KAOS_PATH_ORIGIN_TEST: core/results/webs/test/
end-workflow	Finaliza el workflow	2025-05-20T10:23:06.8706969Z   KAOS_PATH_WEB_TEST: /html/test/
end-workflow	Finaliza el workflow	2025-05-20T10:23:06.8707591Z   KAOS_PATH_RESUME: core/results/dw/
end-workflow	Finaliza el workflow	2025-05-20T10:23:06.8708233Z   KAOS_FILE_STATE: ftp-deploy-sync-state.json
end-workflow	Finaliza el workflow	2025-05-20T10:23:06.8708924Z   KAOS_ACTOR: jorgecg646
end-workflow	Finaliza el workflow	2025-05-20T10:23:06.8709685Z   KAOS_CACHE_BUSTER: 15135055784-354
end-workflow	Finaliza el workflow	2025-05-20T10:23:06.8710529Z   GH_TOKEN: ***
end-workflow	Finaliza el workflow	2025-05-20T10:23:06.8710979Z ##[endgroup]
end-workflow	Finaliza el workflow	2025-05-20T10:23:06.8762830Z End process
end-workflow	Finaliza el workflow	2025-05-20T10:23:07.5507220Z Se finaliza Ka0s 15135055784
end-workflow	Post Checkout code	ï»¿2025-05-20T10:23:07.5699415Z Post job cleanup.
end-workflow	Post Checkout code	2025-05-20T10:23:07.6768211Z [command]/usr/bin/git version
end-workflow	Post Checkout code	2025-05-20T10:23:07.6798078Z git version 2.43.0
end-workflow	Post Checkout code	2025-05-20T10:23:07.6850377Z Temporarily overriding HOME='/actions-runner/_work/_temp/a90f0ee8-2c92-403a-a234-55bd59247ae4' before making global git config changes
end-workflow	Post Checkout code	2025-05-20T10:23:07.6856662Z Adding repository directory to the temporary git global config as a safe directory
end-workflow	Post Checkout code	2025-05-20T10:23:07.6859437Z [command]/usr/bin/git config --global --add safe.directory /actions-runner/_work/ka0s/ka0s
end-workflow	Post Checkout code	2025-05-20T10:23:07.6898519Z [command]/usr/bin/git config --local --name-only --get-regexp core\.sshCommand
end-workflow	Post Checkout code	2025-05-20T10:23:07.6947397Z [command]/usr/bin/git submodule foreach --recursive sh -c "git config --local --name-only --get-regexp 'core\.sshCommand' && git config --local --unset-all 'core.sshCommand' || :"
end-workflow	Post Checkout code	2025-05-20T10:23:07.7210246Z [command]/usr/bin/git config --local --name-only --get-regexp http\.https\:\/\/github\.com\/\.extraheader
end-workflow	Post Checkout code	2025-05-20T10:23:07.7231258Z http.https://github.com/.extraheader
end-workflow	Post Checkout code	2025-05-20T10:23:07.7244511Z [command]/usr/bin/git config --local --unset-all http.https://github.com/.extraheader
end-workflow	Post Checkout code	2025-05-20T10:23:07.7280832Z [command]/usr/bin/git submodule foreach --recursive sh -c "git config --local --name-only --get-regexp 'http\.https\:\/\/github\.com\/\.extraheader' && git config --local --unset-all 'http.https://github.com/.extraheader' || :"
end-workflow	Complete job	ï»¿2025-05-20T10:23:07.7665490Z Cleaning up orphan processes
