job-test	Set up job	﻿2025-05-22T14:38:20.4776916Z Current runner version: '2.324.0'
job-test	Set up job	2025-05-22T14:38:20.4784995Z Runner name: 'ka0s-ka0s-3'
job-test	Set up job	2025-05-22T14:38:20.4786359Z Machine name: '862bc7bbf796'
job-test	Set up job	2025-05-22T14:38:20.4789259Z ##[group]GITHUB_TOKEN Permissions
job-test	Set up job	2025-05-22T14:38:20.4792085Z Contents: read
job-test	Set up job	2025-05-22T14:38:20.4792655Z Metadata: read
job-test	Set up job	2025-05-22T14:38:20.4793267Z Packages: read
job-test	Set up job	2025-05-22T14:38:20.4793865Z ##[endgroup]
job-test	Set up job	2025-05-22T14:38:20.4796608Z Secret source: Actions
job-test	Set up job	2025-05-22T14:38:20.4797527Z Prepare workflow directory
job-test	Set up job	2025-05-22T14:38:20.5522992Z Prepare all required actions
job-test	Set up job	2025-05-22T14:38:20.5565815Z Getting action download info
job-test	Set up job	2025-05-22T14:38:21.1146645Z Download action repository 'actions/checkout@v4' (SHA:11bd71901bbe5b1630ceea73d27597364c9af683)
job-test	Set up job	2025-05-22T14:38:22.3662086Z Download action repository 'SamKirkland/FTP-Deploy-Action@v4.3.4' (SHA:8a24039354ee91000cb948cb4a1dbdf1a1b94a3c)
job-test	Set up job	2025-05-22T14:38:23.2687752Z Complete job name: job-test
job-test	Checkout repository	﻿2025-05-22T14:38:23.3222864Z ##[group]Run actions/checkout@v4
job-test	Checkout repository	2025-05-22T14:38:23.3224142Z with:
job-test	Checkout repository	2025-05-22T14:38:23.3224948Z   fetch-depth: 0
job-test	Checkout repository	2025-05-22T14:38:23.3226062Z   token: ***
job-test	Checkout repository	2025-05-22T14:38:23.3226789Z   repository: Ka0s-Klaus/ka0s
job-test	Checkout repository	2025-05-22T14:38:23.3227650Z   ssh-strict: true
job-test	Checkout repository	2025-05-22T14:38:23.3228504Z   ssh-user: git
job-test	Checkout repository	2025-05-22T14:38:23.3229369Z   persist-credentials: true
job-test	Checkout repository	2025-05-22T14:38:23.3230202Z   clean: true
job-test	Checkout repository	2025-05-22T14:38:23.3230941Z   sparse-checkout-cone-mode: true
job-test	Checkout repository	2025-05-22T14:38:23.3231847Z   fetch-tags: false
job-test	Checkout repository	2025-05-22T14:38:23.3232586Z   show-progress: true
job-test	Checkout repository	2025-05-22T14:38:23.3233329Z   lfs: false
job-test	Checkout repository	2025-05-22T14:38:23.3234023Z   submodules: false
job-test	Checkout repository	2025-05-22T14:38:23.3234824Z   set-safe-directory: true
job-test	Checkout repository	2025-05-22T14:38:23.3235884Z env:
job-test	Checkout repository	2025-05-22T14:38:23.3236540Z   KAOS_CODE: 15189522345
job-test	Checkout repository	2025-05-22T14:38:23.3237336Z   KAOS_EVENT_NAME: push
job-test	Checkout repository	2025-05-22T14:38:23.3238099Z   KAOS_ACTION: 
job-test	Checkout repository	2025-05-22T14:38:23.3238818Z   KAOS_REF: refs/heads/main
job-test	Checkout repository	2025-05-22T14:38:23.3239670Z   KAOS_MODULE: [Ka0S] Deploy Webs
job-test	Checkout repository	2025-05-22T14:38:23.3240795Z   KAOS_PATH_ORIGIN_DASHBOARD: core/results/webs/dashboard/
job-test	Checkout repository	2025-05-22T14:38:23.3242008Z   KAOS_PATH_WEB_DASHBOARD: /html/dashboard/
job-test	Checkout repository	2025-05-22T14:38:23.3243117Z   KAOS_PATH_ORIGIN_TEST: core/results/webs/test/
job-test	Checkout repository	2025-05-22T14:38:23.3244182Z   KAOS_PATH_WEB_TEST: /html/test/
job-test	Checkout repository	2025-05-22T14:38:23.3245169Z   KAOS_PATH_RESUME: core/results/dw/
job-test	Checkout repository	2025-05-22T14:38:23.3246350Z   KAOS_FILE_STATE: ftp-deploy-sync-state.json
job-test	Checkout repository	2025-05-22T14:38:23.3247514Z   KAOS_ACTOR: AlejandroPB5
job-test	Checkout repository	2025-05-22T14:38:23.3248384Z   KAOS_CACHE_BUSTER: 15189522345-380
job-test	Checkout repository	2025-05-22T14:38:23.3249266Z ##[endgroup]
job-test	Checkout repository	2025-05-22T14:38:23.4434267Z Syncing repository: Ka0s-Klaus/ka0s
job-test	Checkout repository	2025-05-22T14:38:23.4437816Z ##[group]Getting Git version info
job-test	Checkout repository	2025-05-22T14:38:23.4439346Z Working directory is '/actions-runner/_work/ka0s/ka0s'
job-test	Checkout repository	2025-05-22T14:38:23.4441396Z [command]/usr/bin/git version
job-test	Checkout repository	2025-05-22T14:38:23.4442405Z git version 2.43.0
job-test	Checkout repository	2025-05-22T14:38:23.4446058Z ##[endgroup]
job-test	Checkout repository	2025-05-22T14:38:23.4452818Z Copying '/home/kaos/.gitconfig' to '/actions-runner/_work/_temp/804103a5-52d2-4a80-8ea7-391cae120f95/.gitconfig'
job-test	Checkout repository	2025-05-22T14:38:23.4456424Z Temporarily overriding HOME='/actions-runner/_work/_temp/804103a5-52d2-4a80-8ea7-391cae120f95' before making global git config changes
job-test	Checkout repository	2025-05-22T14:38:23.4459740Z Adding repository directory to the temporary git global config as a safe directory
job-test	Checkout repository	2025-05-22T14:38:23.4463006Z [command]/usr/bin/git config --global --add safe.directory /actions-runner/_work/ka0s/ka0s
job-test	Checkout repository	2025-05-22T14:38:23.4509051Z [command]/usr/bin/git config --local --get remote.origin.url
job-test	Checkout repository	2025-05-22T14:38:23.4543676Z https://github.com/Ka0s-Klaus/ka0s
job-test	Checkout repository	2025-05-22T14:38:23.4566421Z ##[group]Removing previously created refs, to avoid conflicts
job-test	Checkout repository	2025-05-22T14:38:23.4569984Z [command]/usr/bin/git rev-parse --symbolic-full-name --verify --quiet HEAD
job-test	Checkout repository	2025-05-22T14:38:23.4593972Z refs/heads/main
job-test	Checkout repository	2025-05-22T14:38:23.4605758Z [command]/usr/bin/git checkout --detach
job-test	Checkout repository	2025-05-22T14:38:23.4772945Z HEAD is now at 28e79bb6 Metrica backlogs
job-test	Checkout repository	2025-05-22T14:38:23.4817230Z [command]/usr/bin/git branch --delete --force main
job-test	Checkout repository	2025-05-22T14:38:23.4850547Z Deleted branch main (was 28e79bb6).
job-test	Checkout repository	2025-05-22T14:38:23.4929206Z ##[endgroup]
job-test	Checkout repository	2025-05-22T14:38:23.4930424Z [command]/usr/bin/git submodule status
job-test	Checkout repository	2025-05-22T14:38:23.5209636Z ##[group]Cleaning the repository
job-test	Checkout repository	2025-05-22T14:38:23.5219453Z [command]/usr/bin/git clean -ffdx
job-test	Checkout repository	2025-05-22T14:38:23.5284164Z Removing core/results/webs/dashboard/15188955026-dashboard-ftp-deploy-sync-state.json
job-test	Checkout repository	2025-05-22T14:38:23.5300634Z [command]/usr/bin/git reset --hard HEAD
job-test	Checkout repository	2025-05-22T14:38:23.5573063Z HEAD is now at 28e79bb6 Metrica backlogs
job-test	Checkout repository	2025-05-22T14:38:23.5580089Z ##[endgroup]
job-test	Checkout repository	2025-05-22T14:38:23.5581634Z ##[group]Disabling automatic garbage collection
job-test	Checkout repository	2025-05-22T14:38:23.5584769Z [command]/usr/bin/git config --local gc.auto 0
job-test	Checkout repository	2025-05-22T14:38:23.5618401Z ##[endgroup]
job-test	Checkout repository	2025-05-22T14:38:23.5619852Z ##[group]Setting up auth
job-test	Checkout repository	2025-05-22T14:38:23.5625429Z [command]/usr/bin/git config --local --name-only --get-regexp core\.sshCommand
job-test	Checkout repository	2025-05-22T14:38:23.5664504Z [command]/usr/bin/git submodule foreach --recursive sh -c "git config --local --name-only --get-regexp 'core\.sshCommand' && git config --local --unset-all 'core.sshCommand' || :"
job-test	Checkout repository	2025-05-22T14:38:23.5942017Z [command]/usr/bin/git config --local --name-only --get-regexp http\.https\:\/\/github\.com\/\.extraheader
job-test	Checkout repository	2025-05-22T14:38:23.5976646Z [command]/usr/bin/git submodule foreach --recursive sh -c "git config --local --name-only --get-regexp 'http\.https\:\/\/github\.com\/\.extraheader' && git config --local --unset-all 'http.https://github.com/.extraheader' || :"
job-test	Checkout repository	2025-05-22T14:38:23.6257915Z [command]/usr/bin/git config --local http.https://github.com/.extraheader AUTHORIZATION: basic ***
job-test	Checkout repository	2025-05-22T14:38:23.6304529Z ##[endgroup]
job-test	Checkout repository	2025-05-22T14:38:23.6306782Z ##[group]Fetching the repository
job-test	Checkout repository	2025-05-22T14:38:23.6314344Z [command]/usr/bin/git -c protocol.version=2 fetch --prune --no-recurse-submodules origin +refs/heads/*:refs/remotes/origin/* +refs/tags/*:refs/tags/*
job-test	Checkout repository	2025-05-22T14:38:24.3798502Z From https://github.com/Ka0s-Klaus/ka0s
job-test	Checkout repository	2025-05-22T14:38:24.3799463Z    28e79bb6..06e81820  main       -> origin/main
job-test	Checkout repository	2025-05-22T14:38:24.3851359Z [command]/usr/bin/git branch --list --remote origin/main
job-test	Checkout repository	2025-05-22T14:38:24.3881919Z   origin/main
job-test	Checkout repository	2025-05-22T14:38:24.3893034Z [command]/usr/bin/git rev-parse refs/remotes/origin/main
job-test	Checkout repository	2025-05-22T14:38:24.3918603Z 06e8182050ac39c1bc304ef1037285d71c4b22f6
job-test	Checkout repository	2025-05-22T14:38:24.3936504Z ##[endgroup]
job-test	Checkout repository	2025-05-22T14:38:24.3937086Z ##[group]Determining the checkout info
job-test	Checkout repository	2025-05-22T14:38:24.3937887Z ##[endgroup]
job-test	Checkout repository	2025-05-22T14:38:24.3938340Z [command]/usr/bin/git sparse-checkout disable
job-test	Checkout repository	2025-05-22T14:38:24.4021664Z [command]/usr/bin/git config --local --unset-all extensions.worktreeConfig
job-test	Checkout repository	2025-05-22T14:38:24.4051737Z ##[group]Checking out the ref
job-test	Checkout repository	2025-05-22T14:38:24.4055066Z [command]/usr/bin/git checkout --progress --force -B main refs/remotes/origin/main
job-test	Checkout repository	2025-05-22T14:38:24.4320695Z Previous HEAD position was 28e79bb6 Metrica backlogs
job-test	Checkout repository	2025-05-22T14:38:24.4331001Z Switched to a new branch 'main'
job-test	Checkout repository	2025-05-22T14:38:24.4331939Z branch 'main' set up to track 'origin/main'.
job-test	Checkout repository	2025-05-22T14:38:24.4342031Z ##[endgroup]
job-test	Checkout repository	2025-05-22T14:38:24.4381096Z [command]/usr/bin/git log -1 --format=%H
job-test	Checkout repository	2025-05-22T14:38:24.4407720Z 06e8182050ac39c1bc304ef1037285d71c4b22f6
job-test	Limpiar caché local antes del despliegue	﻿2025-05-22T14:38:24.4603110Z ##[group]Run echo "Limpiando caché local de GitHub Actions runner..."
job-test	Limpiar caché local antes del despliegue	2025-05-22T14:38:24.4603765Z [36;1mecho "Limpiando caché local de GitHub Actions runner..."[0m
job-test	Limpiar caché local antes del despliegue	2025-05-22T14:38:24.4604174Z [36;1mif [ -d ~/.cache ]; then[0m
job-test	Limpiar caché local antes del despliegue	2025-05-22T14:38:24.4604471Z [36;1m  rm -rf ~/.cache/*[0m
job-test	Limpiar caché local antes del despliegue	2025-05-22T14:38:24.4605196Z [36;1m  echo "Caché local eliminada."[0m
job-test	Limpiar caché local antes del despliegue	2025-05-22T14:38:24.4605518Z [36;1melse[0m
job-test	Limpiar caché local antes del despliegue	2025-05-22T14:38:24.4605824Z [36;1m  echo "No se encontró directorio de caché local."[0m
job-test	Limpiar caché local antes del despliegue	2025-05-22T14:38:24.4606299Z [36;1mfi[0m
job-test	Limpiar caché local antes del despliegue	2025-05-22T14:38:24.4615459Z shell: /usr/bin/bash -e {0}
job-test	Limpiar caché local antes del despliegue	2025-05-22T14:38:24.4615776Z env:
job-test	Limpiar caché local antes del despliegue	2025-05-22T14:38:24.4616015Z   KAOS_CODE: 15189522345
job-test	Limpiar caché local antes del despliegue	2025-05-22T14:38:24.4616282Z   KAOS_EVENT_NAME: push
job-test	Limpiar caché local antes del despliegue	2025-05-22T14:38:24.4616785Z   KAOS_ACTION: 
job-test	Limpiar caché local antes del despliegue	2025-05-22T14:38:24.4617029Z   KAOS_REF: refs/heads/main
job-test	Limpiar caché local antes del despliegue	2025-05-22T14:38:24.4617312Z   KAOS_MODULE: [Ka0S] Deploy Webs
job-test	Limpiar caché local antes del despliegue	2025-05-22T14:38:24.4617658Z   KAOS_PATH_ORIGIN_DASHBOARD: core/results/webs/dashboard/
job-test	Limpiar caché local antes del despliegue	2025-05-22T14:38:24.4618039Z   KAOS_PATH_WEB_DASHBOARD: /html/dashboard/
job-test	Limpiar caché local antes del despliegue	2025-05-22T14:38:24.4618432Z   KAOS_PATH_ORIGIN_TEST: core/results/webs/test/
job-test	Limpiar caché local antes del despliegue	2025-05-22T14:38:24.4618766Z   KAOS_PATH_WEB_TEST: /html/test/
job-test	Limpiar caché local antes del despliegue	2025-05-22T14:38:24.4619057Z   KAOS_PATH_RESUME: core/results/dw/
job-test	Limpiar caché local antes del despliegue	2025-05-22T14:38:24.4619387Z   KAOS_FILE_STATE: ftp-deploy-sync-state.json
job-test	Limpiar caché local antes del despliegue	2025-05-22T14:38:24.4619726Z   KAOS_ACTOR: AlejandroPB5
job-test	Limpiar caché local antes del despliegue	2025-05-22T14:38:24.4620006Z   KAOS_CACHE_BUSTER: 15189522345-380
job-test	Limpiar caché local antes del despliegue	2025-05-22T14:38:24.4620299Z ##[endgroup]
job-test	Limpiar caché local antes del despliegue	2025-05-22T14:38:24.4675270Z Limpiando caché local de GitHub Actions runner...
job-test	Limpiar caché local antes del despliegue	2025-05-22T14:38:24.4675953Z No se encontró directorio de caché local.
job-test	Deploy Test Dashboard to Web Server via SFTP	﻿2025-05-22T14:38:24.4749384Z ##[group]Run SamKirkland/FTP-Deploy-Action@v4.3.4
job-test	Deploy Test Dashboard to Web Server via SFTP	2025-05-22T14:38:24.4749800Z with:
job-test	Deploy Test Dashboard to Web Server via SFTP	2025-05-22T14:38:24.4750139Z   server: ***
job-test	Deploy Test Dashboard to Web Server via SFTP	2025-05-22T14:38:24.4750388Z   username: ***
job-test	Deploy Test Dashboard to Web Server via SFTP	2025-05-22T14:38:24.4750660Z   password: ***
job-test	Deploy Test Dashboard to Web Server via SFTP	2025-05-22T14:38:24.4750906Z   port: ***
job-test	Deploy Test Dashboard to Web Server via SFTP	2025-05-22T14:38:24.4751146Z   local-dir: core/results/webs/test/
job-test	Deploy Test Dashboard to Web Server via SFTP	2025-05-22T14:38:24.4751455Z   server-dir: /html/test/
job-test	Deploy Test Dashboard to Web Server via SFTP	2025-05-22T14:38:24.4751731Z   dangerous-clean-slate: true
job-test	Deploy Test Dashboard to Web Server via SFTP	2025-05-22T14:38:24.4752071Z   state-name: 15189522345-test-ftp-deploy-sync-state.json
job-test	Deploy Test Dashboard to Web Server via SFTP	2025-05-22T14:38:24.4752454Z   exclude: **/.git*
job-test	Deploy Test Dashboard to Web Server via SFTP	**/.git*/**
job-test	Deploy Test Dashboard to Web Server via SFTP	**/node_modules/**
job-test	Deploy Test Dashboard to Web Server via SFTP	
job-test	Deploy Test Dashboard to Web Server via SFTP	2025-05-22T14:38:24.4752790Z env:
job-test	Deploy Test Dashboard to Web Server via SFTP	2025-05-22T14:38:24.4753011Z   KAOS_CODE: 15189522345
job-test	Deploy Test Dashboard to Web Server via SFTP	2025-05-22T14:38:24.4753276Z   KAOS_EVENT_NAME: push
job-test	Deploy Test Dashboard to Web Server via SFTP	2025-05-22T14:38:24.4753526Z   KAOS_ACTION: 
job-test	Deploy Test Dashboard to Web Server via SFTP	2025-05-22T14:38:24.4753767Z   KAOS_REF: refs/heads/main
job-test	Deploy Test Dashboard to Web Server via SFTP	2025-05-22T14:38:24.4754052Z   KAOS_MODULE: [Ka0S] Deploy Webs
job-test	Deploy Test Dashboard to Web Server via SFTP	2025-05-22T14:38:24.4754395Z   KAOS_PATH_ORIGIN_DASHBOARD: core/results/webs/dashboard/
job-test	Deploy Test Dashboard to Web Server via SFTP	2025-05-22T14:38:24.4755076Z   KAOS_PATH_WEB_DASHBOARD: /html/dashboard/
job-test	Deploy Test Dashboard to Web Server via SFTP	2025-05-22T14:38:24.4755686Z   KAOS_PATH_ORIGIN_TEST: core/results/webs/test/
job-test	Deploy Test Dashboard to Web Server via SFTP	2025-05-22T14:38:24.4756123Z   KAOS_PATH_WEB_TEST: /html/test/
job-test	Deploy Test Dashboard to Web Server via SFTP	2025-05-22T14:38:24.4756422Z   KAOS_PATH_RESUME: core/results/dw/
job-test	Deploy Test Dashboard to Web Server via SFTP	2025-05-22T14:38:24.4756745Z   KAOS_FILE_STATE: ftp-deploy-sync-state.json
job-test	Deploy Test Dashboard to Web Server via SFTP	2025-05-22T14:38:24.4757073Z   KAOS_ACTOR: AlejandroPB5
job-test	Deploy Test Dashboard to Web Server via SFTP	2025-05-22T14:38:24.4757347Z   KAOS_CACHE_BUSTER: 15189522345-380
job-test	Deploy Test Dashboard to Web Server via SFTP	2025-05-22T14:38:24.4757631Z ##[endgroup]
job-test	Deploy Test Dashboard to Web Server via SFTP	2025-05-22T14:38:24.5311912Z ----------------------------------------------------------------
job-test	Deploy Test Dashboard to Web Server via SFTP	2025-05-22T14:38:24.5315914Z 🚀 Thanks for using ftp-deploy. Let's deploy some stuff!   
job-test	Deploy Test Dashboard to Web Server via SFTP	2025-05-22T14:38:24.5316414Z ----------------------------------------------------------------
job-test	Deploy Test Dashboard to Web Server via SFTP	2025-05-22T14:38:24.5318089Z If you found this project helpful, please support it
job-test	Deploy Test Dashboard to Web Server via SFTP	2025-05-22T14:38:24.5334827Z by giving it a ⭐ on Github --> https://github.com/SamKirkland/FTP-Deploy-Action
job-test	Deploy Test Dashboard to Web Server via SFTP	2025-05-22T14:38:24.5335781Z or add a badge 🏷️ to your projects readme --> https://github.com/SamKirkland/FTP-Deploy-Action#badge
job-test	Deploy Test Dashboard to Web Server via SFTP	2025-05-22T14:38:24.7960667Z ----------------------------------------------------------------
job-test	Deploy Test Dashboard to Web Server via SFTP	2025-05-22T14:38:24.7962083Z 🗑️ Removing all files on the server because 'dangerous-clean-slate' was set, this will make the deployment very slow...
job-test	Deploy Test Dashboard to Web Server via SFTP	2025-05-22T14:38:25.5070010Z Clear complete
job-test	Deploy Test Dashboard to Web Server via SFTP	2025-05-22T14:38:25.5071807Z ----------------------------------------------------------------
job-test	Deploy Test Dashboard to Web Server via SFTP	2025-05-22T14:38:25.5076095Z No file exists on the server "/html/test/15189522345-test-ftp-deploy-sync-state.json" - this must be your first publish! 🎉
job-test	Deploy Test Dashboard to Web Server via SFTP	2025-05-22T14:38:25.5079881Z The first publish will take a while... but once the initial sync is done only differences are published!
job-test	Deploy Test Dashboard to Web Server via SFTP	2025-05-22T14:38:25.5082713Z If you get this message and its NOT your first publish, something is wrong.
job-test	Deploy Test Dashboard to Web Server via SFTP	2025-05-22T14:38:25.5084936Z ----------------------------------------------------------------
job-test	Deploy Test Dashboard to Web Server via SFTP	2025-05-22T14:38:25.5518840Z Local Files:	32
job-test	Deploy Test Dashboard to Web Server via SFTP	2025-05-22T14:38:25.5519341Z Server Files:	0
job-test	Deploy Test Dashboard to Web Server via SFTP	2025-05-22T14:38:25.5519828Z ----------------------------------------------------------------
job-test	Deploy Test Dashboard to Web Server via SFTP	2025-05-22T14:38:25.5521020Z Calculating differences between client & server
job-test	Deploy Test Dashboard to Web Server via SFTP	2025-05-22T14:38:25.5521595Z ----------------------------------------------------------------
job-test	Deploy Test Dashboard to Web Server via SFTP	2025-05-22T14:38:25.5537111Z 📁 Create: data
job-test	Deploy Test Dashboard to Web Server via SFTP	2025-05-22T14:38:25.5538342Z 📁 Create: data/sections
job-test	Deploy Test Dashboard to Web Server via SFTP	2025-05-22T14:38:25.5539103Z 📁 Create: js
job-test	Deploy Test Dashboard to Web Server via SFTP	2025-05-22T14:38:25.5540016Z 📁 Create: templates
job-test	Deploy Test Dashboard to Web Server via SFTP	2025-05-22T14:38:25.5540471Z 📄 Upload: data/data.html
job-test	Deploy Test Dashboard to Web Server via SFTP	2025-05-22T14:38:25.5540851Z 📄 Upload: data/data.json
job-test	Deploy Test Dashboard to Web Server via SFTP	2025-05-22T14:38:25.5541227Z 📄 Upload: data/kaos-issue.json
job-test	Deploy Test Dashboard to Web Server via SFTP	2025-05-22T14:38:25.5541721Z 📄 Upload: data/kaos-repository-global-statistics.json
job-test	Deploy Test Dashboard to Web Server via SFTP	2025-05-22T14:38:25.5542298Z 📄 Upload: data/kaos-repository-statistics.json
job-test	Deploy Test Dashboard to Web Server via SFTP	2025-05-22T14:38:25.5542826Z 📄 Upload: data/kaos-workflows-available.json
job-test	Deploy Test Dashboard to Web Server via SFTP	2025-05-22T14:38:25.5543317Z 📄 Upload: data/kaos-workflows-runs.json
job-test	Deploy Test Dashboard to Web Server via SFTP	2025-05-22T14:38:25.5543782Z 📄 Upload: data/seccion1.json
job-test	Deploy Test Dashboard to Web Server via SFTP	2025-05-22T14:38:25.5544929Z 📄 Upload: data/section1.json
job-test	Deploy Test Dashboard to Web Server via SFTP	2025-05-22T14:38:25.5545352Z 📄 Upload: data/section2.json
job-test	Deploy Test Dashboard to Web Server via SFTP	2025-05-22T14:38:25.5546759Z 📄 Upload: data/section3.json
job-test	Deploy Test Dashboard to Web Server via SFTP	2025-05-22T14:38:25.5547214Z 📄 Upload: data/section4.json
job-test	Deploy Test Dashboard to Web Server via SFTP	2025-05-22T14:38:25.5547601Z 📄 Upload: data/section5.json
job-test	Deploy Test Dashboard to Web Server via SFTP	2025-05-22T14:38:25.5547985Z 📄 Upload: data/section6.json
job-test	Deploy Test Dashboard to Web Server via SFTP	2025-05-22T14:38:25.5548436Z 📄 Upload: data/section7.json
job-test	Deploy Test Dashboard to Web Server via SFTP	2025-05-22T14:38:25.5548910Z 📄 Upload: data/sections/sections.html
job-test	Deploy Test Dashboard to Web Server via SFTP	2025-05-22T14:38:25.5549346Z 📄 Upload: data/webs.json
job-test	Deploy Test Dashboard to Web Server via SFTP	2025-05-22T14:38:25.5549719Z 📄 Upload: js/js.html
job-test	Deploy Test Dashboard to Web Server via SFTP	2025-05-22T14:38:25.5550078Z 📄 Upload: js/orchestrator.js
job-test	Deploy Test Dashboard to Web Server via SFTP	2025-05-22T14:38:25.5550476Z 📄 Upload: js/structure.js
job-test	Deploy Test Dashboard to Web Server via SFTP	2025-05-22T14:38:25.5550862Z 📄 Upload: js/templates.js
job-test	Deploy Test Dashboard to Web Server via SFTP	2025-05-22T14:38:25.5551282Z 📄 Upload: templates/graphic.html
job-test	Deploy Test Dashboard to Web Server via SFTP	2025-05-22T14:38:25.5551717Z 📄 Upload: templates/navbar.html
job-test	Deploy Test Dashboard to Web Server via SFTP	2025-05-22T14:38:25.5552191Z 📄 Upload: templates/section-template.html
job-test	Deploy Test Dashboard to Web Server via SFTP	2025-05-22T14:38:25.5552690Z 📄 Upload: templates/summary.html
job-test	Deploy Test Dashboard to Web Server via SFTP	2025-05-22T14:38:25.5553125Z 📄 Upload: templates/table.html
job-test	Deploy Test Dashboard to Web Server via SFTP	2025-05-22T14:38:25.5553608Z 📄 Upload: templates/templates.html
job-test	Deploy Test Dashboard to Web Server via SFTP	2025-05-22T14:38:25.5554771Z 📄 Upload: test.html
job-test	Deploy Test Dashboard to Web Server via SFTP	2025-05-22T14:38:25.5555185Z ----------------------------------------------------------------
job-test	Deploy Test Dashboard to Web Server via SFTP	2025-05-22T14:38:25.5555719Z Making changes to 32 files/folders to sync server state
job-test	Deploy Test Dashboard to Web Server via SFTP	2025-05-22T14:38:25.5556249Z Uploading: 6.62 MB -- Deleting: 0 B -- Replacing: 0 B
job-test	Deploy Test Dashboard to Web Server via SFTP	2025-05-22T14:38:25.5556747Z ----------------------------------------------------------------
job-test	Deploy Test Dashboard to Web Server via SFTP	2025-05-22T14:38:25.5557178Z creating folder "data/"
job-test	Deploy Test Dashboard to Web Server via SFTP	2025-05-22T14:38:25.5869056Z creating folder "data/sections/"
job-test	Deploy Test Dashboard to Web Server via SFTP	2025-05-22T14:38:25.6532303Z creating folder "js/"
job-test	Deploy Test Dashboard to Web Server via SFTP	2025-05-22T14:38:25.6875515Z creating folder "templates/"
job-test	Deploy Test Dashboard to Web Server via SFTP	2025-05-22T14:38:25.7340423Z uploading "data/data.html"
job-test	Deploy Test Dashboard to Web Server via SFTP	2025-05-22T14:38:25.7891134Z uploading "data/data.json"
job-test	Deploy Test Dashboard to Web Server via SFTP	2025-05-22T14:38:25.8463670Z uploading "data/kaos-issue.json"
job-test	Deploy Test Dashboard to Web Server via SFTP	2025-05-22T14:38:26.0123411Z uploading "data/kaos-repository-global-statistics.json"
job-test	Deploy Test Dashboard to Web Server via SFTP	2025-05-22T14:38:26.0689442Z uploading "data/kaos-repository-statistics.json"
job-test	Deploy Test Dashboard to Web Server via SFTP	2025-05-22T14:38:26.1279613Z uploading "data/kaos-workflows-available.json"
job-test	Deploy Test Dashboard to Web Server via SFTP	2025-05-22T14:38:26.1873766Z uploading "data/kaos-workflows-runs.json"
job-test	Deploy Test Dashboard to Web Server via SFTP	2025-05-22T14:38:26.4122589Z uploading "data/seccion1.json"
job-test	Deploy Test Dashboard to Web Server via SFTP	2025-05-22T14:38:26.4718289Z uploading "data/section1.json"
job-test	Deploy Test Dashboard to Web Server via SFTP	2025-05-22T14:38:26.5284962Z uploading "data/section2.json"
job-test	Deploy Test Dashboard to Web Server via SFTP	2025-05-22T14:38:26.5851997Z uploading "data/section3.json"
job-test	Deploy Test Dashboard to Web Server via SFTP	2025-05-22T14:38:26.6363939Z uploading "data/section4.json"
job-test	Deploy Test Dashboard to Web Server via SFTP	2025-05-22T14:38:26.6917661Z uploading "data/section5.json"
job-test	Deploy Test Dashboard to Web Server via SFTP	2025-05-22T14:38:26.7495664Z uploading "data/section6.json"
job-test	Deploy Test Dashboard to Web Server via SFTP	2025-05-22T14:38:26.8064245Z uploading "data/section7.json"
job-test	Deploy Test Dashboard to Web Server via SFTP	2025-05-22T14:38:26.8652863Z uploading "data/sections/sections.html"
job-test	Deploy Test Dashboard to Web Server via SFTP	2025-05-22T14:38:26.9289028Z uploading "data/webs.json"
job-test	Deploy Test Dashboard to Web Server via SFTP	2025-05-22T14:38:26.9929542Z uploading "js/js.html"
job-test	Deploy Test Dashboard to Web Server via SFTP	2025-05-22T14:38:27.0516469Z uploading "js/orchestrator.js"
job-test	Deploy Test Dashboard to Web Server via SFTP	2025-05-22T14:38:27.1267996Z uploading "js/structure.js"
job-test	Deploy Test Dashboard to Web Server via SFTP	2025-05-22T14:38:27.1837476Z uploading "js/templates.js"
job-test	Deploy Test Dashboard to Web Server via SFTP	2025-05-22T14:38:27.2548079Z uploading "templates/graphic.html"
job-test	Deploy Test Dashboard to Web Server via SFTP	2025-05-22T14:38:27.3087055Z uploading "templates/navbar.html"
job-test	Deploy Test Dashboard to Web Server via SFTP	2025-05-22T14:38:27.3633105Z uploading "templates/section-template.html"
job-test	Deploy Test Dashboard to Web Server via SFTP	2025-05-22T14:38:27.4185241Z uploading "templates/summary.html"
job-test	Deploy Test Dashboard to Web Server via SFTP	2025-05-22T14:38:27.4803786Z uploading "templates/table.html"
job-test	Deploy Test Dashboard to Web Server via SFTP	2025-05-22T14:38:27.5344274Z uploading "templates/templates.html"
job-test	Deploy Test Dashboard to Web Server via SFTP	2025-05-22T14:38:27.5907548Z uploading "test.html"
job-test	Deploy Test Dashboard to Web Server via SFTP	2025-05-22T14:38:27.6444236Z ----------------------------------------------------------------
job-test	Deploy Test Dashboard to Web Server via SFTP	2025-05-22T14:38:27.6445410Z 🎉 Sync complete. Saving current server state to "/html/test/15189522345-test-ftp-deploy-sync-state.json"
job-test	Deploy Test Dashboard to Web Server via SFTP	2025-05-22T14:38:27.7006240Z ----------------------------------------------------------------
job-test	Deploy Test Dashboard to Web Server via SFTP	2025-05-22T14:38:27.7007055Z Time spent hashing: 59 milliseconds
job-test	Deploy Test Dashboard to Web Server via SFTP	2025-05-22T14:38:27.7007593Z Time spent connecting to server: 149 milliseconds
job-test	Deploy Test Dashboard to Web Server via SFTP	2025-05-22T14:38:27.7007997Z Time spent deploying: 2.1 seconds (3.09 MB/second)
job-test	Deploy Test Dashboard to Web Server via SFTP	2025-05-22T14:38:27.7008322Z   - changing dirs: 175 milliseconds
job-test	Deploy Test Dashboard to Web Server via SFTP	2025-05-22T14:38:27.7009070Z   - logging: 47 milliseconds
job-test	Deploy Test Dashboard to Web Server via SFTP	2025-05-22T14:38:27.7009391Z ----------------------------------------------------------------
job-test	Deploy Test Dashboard to Web Server via SFTP	2025-05-22T14:38:27.7009716Z Total time: 3.1 seconds
job-test	Deploy Test Dashboard to Web Server via SFTP	2025-05-22T14:38:27.7009984Z ----------------------------------------------------------------
job-test	Post Checkout repository	﻿2025-05-22T14:38:27.7237864Z Post job cleanup.
job-test	Post Checkout repository	2025-05-22T14:38:27.8227564Z [command]/usr/bin/git version
job-test	Post Checkout repository	2025-05-22T14:38:27.8266393Z git version 2.43.0
job-test	Post Checkout repository	2025-05-22T14:38:27.8305427Z Copying '/home/kaos/.gitconfig' to '/actions-runner/_work/_temp/256e285c-32a8-4b9b-9d91-28b95f5a96c7/.gitconfig'
job-test	Post Checkout repository	2025-05-22T14:38:27.8319840Z Temporarily overriding HOME='/actions-runner/_work/_temp/256e285c-32a8-4b9b-9d91-28b95f5a96c7' before making global git config changes
job-test	Post Checkout repository	2025-05-22T14:38:27.8320769Z Adding repository directory to the temporary git global config as a safe directory
job-test	Post Checkout repository	2025-05-22T14:38:27.8326027Z [command]/usr/bin/git config --global --add safe.directory /actions-runner/_work/ka0s/ka0s
job-test	Post Checkout repository	2025-05-22T14:38:27.8379210Z [command]/usr/bin/git config --local --name-only --get-regexp core\.sshCommand
job-test	Post Checkout repository	2025-05-22T14:38:27.8415509Z [command]/usr/bin/git submodule foreach --recursive sh -c "git config --local --name-only --get-regexp 'core\.sshCommand' && git config --local --unset-all 'core.sshCommand' || :"
job-test	Post Checkout repository	2025-05-22T14:38:27.8675435Z [command]/usr/bin/git config --local --name-only --get-regexp http\.https\:\/\/github\.com\/\.extraheader
job-test	Post Checkout repository	2025-05-22T14:38:27.8699334Z http.https://github.com/.extraheader
job-test	Post Checkout repository	2025-05-22T14:38:27.8712944Z [command]/usr/bin/git config --local --unset-all http.https://github.com/.extraheader
job-test	Post Checkout repository	2025-05-22T14:38:27.8747765Z [command]/usr/bin/git submodule foreach --recursive sh -c "git config --local --name-only --get-regexp 'http\.https\:\/\/github\.com\/\.extraheader' && git config --local --unset-all 'http.https://github.com/.extraheader' || :"
job-test	Complete job	﻿2025-05-22T14:38:27.9116700Z Cleaning up orphan processes
job-core	Set up job	﻿2025-05-22T14:38:20.4004580Z Current runner version: '2.324.0'
job-core	Set up job	2025-05-22T14:38:20.4012984Z Runner name: 'ka0s-ka0s-2'
job-core	Set up job	2025-05-22T14:38:20.4014215Z Machine name: 'fcda5b4a84db'
job-core	Set up job	2025-05-22T14:38:20.4017249Z ##[group]GITHUB_TOKEN Permissions
job-core	Set up job	2025-05-22T14:38:20.4019808Z Contents: read
job-core	Set up job	2025-05-22T14:38:20.4020493Z Metadata: read
job-core	Set up job	2025-05-22T14:38:20.4021057Z Packages: read
job-core	Set up job	2025-05-22T14:38:20.4021575Z ##[endgroup]
job-core	Set up job	2025-05-22T14:38:20.4023882Z Secret source: Actions
job-core	Set up job	2025-05-22T14:38:20.4024799Z Prepare workflow directory
job-core	Set up job	2025-05-22T14:38:20.4764596Z Prepare all required actions
job-core	Set up job	2025-05-22T14:38:20.4809585Z Getting action download info
job-core	Set up job	2025-05-22T14:38:21.0748162Z Download action repository 'actions/checkout@v4' (SHA:11bd71901bbe5b1630ceea73d27597364c9af683)
job-core	Set up job	2025-05-22T14:38:21.8278283Z Download action repository 'SamKirkland/FTP-Deploy-Action@v4.3.4' (SHA:8a24039354ee91000cb948cb4a1dbdf1a1b94a3c)
job-core	Set up job	2025-05-22T14:38:22.5854166Z Complete job name: job-core
job-core	Checkout repository	﻿2025-05-22T14:38:22.6377730Z ##[group]Run actions/checkout@v4
job-core	Checkout repository	2025-05-22T14:38:22.6378804Z with:
job-core	Checkout repository	2025-05-22T14:38:22.6379334Z   fetch-depth: 0
job-core	Checkout repository	2025-05-22T14:38:22.6380137Z   token: ***
job-core	Checkout repository	2025-05-22T14:38:22.6380615Z   repository: Ka0s-Klaus/ka0s
job-core	Checkout repository	2025-05-22T14:38:22.6381170Z   ssh-strict: true
job-core	Checkout repository	2025-05-22T14:38:22.6381653Z   ssh-user: git
job-core	Checkout repository	2025-05-22T14:38:22.6382143Z   persist-credentials: true
job-core	Checkout repository	2025-05-22T14:38:22.6382683Z   clean: true
job-core	Checkout repository	2025-05-22T14:38:22.6383167Z   sparse-checkout-cone-mode: true
job-core	Checkout repository	2025-05-22T14:38:22.6383754Z   fetch-tags: false
job-core	Checkout repository	2025-05-22T14:38:22.6384253Z   show-progress: true
job-core	Checkout repository	2025-05-22T14:38:22.6384872Z   lfs: false
job-core	Checkout repository	2025-05-22T14:38:22.6385339Z   submodules: false
job-core	Checkout repository	2025-05-22T14:38:22.6385862Z   set-safe-directory: true
job-core	Checkout repository	2025-05-22T14:38:22.6386721Z env:
job-core	Checkout repository	2025-05-22T14:38:22.6387177Z   KAOS_CODE: 15189522345
job-core	Checkout repository	2025-05-22T14:38:22.6387699Z   KAOS_EVENT_NAME: push
job-core	Checkout repository	2025-05-22T14:38:22.6388208Z   KAOS_ACTION: 
job-core	Checkout repository	2025-05-22T14:38:22.6388689Z   KAOS_REF: refs/heads/main
job-core	Checkout repository	2025-05-22T14:38:22.6389244Z   KAOS_MODULE: [Ka0S] Deploy Webs
job-core	Checkout repository	2025-05-22T14:38:22.6389986Z   KAOS_PATH_ORIGIN_DASHBOARD: core/results/webs/dashboard/
job-core	Checkout repository	2025-05-22T14:38:22.6390743Z   KAOS_PATH_WEB_DASHBOARD: /html/dashboard/
job-core	Checkout repository	2025-05-22T14:38:22.6391439Z   KAOS_PATH_ORIGIN_TEST: core/results/webs/test/
job-core	Checkout repository	2025-05-22T14:38:22.6392110Z   KAOS_PATH_WEB_TEST: /html/test/
job-core	Checkout repository	2025-05-22T14:38:22.6392710Z   KAOS_PATH_RESUME: core/results/dw/
job-core	Checkout repository	2025-05-22T14:38:22.6393353Z   KAOS_FILE_STATE: ftp-deploy-sync-state.json
job-core	Checkout repository	2025-05-22T14:38:22.6393997Z   KAOS_ACTOR: AlejandroPB5
job-core	Checkout repository	2025-05-22T14:38:22.6394578Z   KAOS_CACHE_BUSTER: 15189522345-380
job-core	Checkout repository	2025-05-22T14:38:22.6395257Z ##[endgroup]
job-core	Checkout repository	2025-05-22T14:38:22.7622057Z Syncing repository: Ka0s-Klaus/ka0s
job-core	Checkout repository	2025-05-22T14:38:22.7624165Z ##[group]Getting Git version info
job-core	Checkout repository	2025-05-22T14:38:22.7625310Z Working directory is '/actions-runner/_work/ka0s/ka0s'
job-core	Checkout repository	2025-05-22T14:38:22.7626435Z [command]/usr/bin/git version
job-core	Checkout repository	2025-05-22T14:38:22.7627063Z git version 2.43.0
job-core	Checkout repository	2025-05-22T14:38:22.7647677Z ##[endgroup]
job-core	Checkout repository	2025-05-22T14:38:22.7659311Z Copying '/home/kaos/.gitconfig' to '/actions-runner/_work/_temp/4181f2d9-8670-4800-baef-6bfa2071a443/.gitconfig'
job-core	Checkout repository	2025-05-22T14:38:22.7673061Z Temporarily overriding HOME='/actions-runner/_work/_temp/4181f2d9-8670-4800-baef-6bfa2071a443' before making global git config changes
job-core	Checkout repository	2025-05-22T14:38:22.7702190Z Adding repository directory to the temporary git global config as a safe directory
job-core	Checkout repository	2025-05-22T14:38:22.7703737Z [command]/usr/bin/git config --global --add safe.directory /actions-runner/_work/ka0s/ka0s
job-core	Checkout repository	2025-05-22T14:38:22.7751933Z [command]/usr/bin/git config --local --get remote.origin.url
job-core	Checkout repository	2025-05-22T14:38:22.7778604Z https://github.com/Ka0s-Klaus/ka0s
job-core	Checkout repository	2025-05-22T14:38:22.7793174Z ##[group]Removing previously created refs, to avoid conflicts
job-core	Checkout repository	2025-05-22T14:38:22.7799521Z [command]/usr/bin/git rev-parse --symbolic-full-name --verify --quiet HEAD
job-core	Checkout repository	2025-05-22T14:38:22.7822969Z refs/heads/H1183-personalización-módulo-finops
job-core	Checkout repository	2025-05-22T14:38:22.7834816Z [command]/usr/bin/git checkout --detach
job-core	Checkout repository	2025-05-22T14:38:22.8004129Z HEAD is now at 2c1c3f29 Merge branch 'H1183-personalización-módulo-finops' of https://github.com/Ka0s-Klaus/ka0s into H1183-personalización-módulo-finops
job-core	Checkout repository	2025-05-22T14:38:22.8050219Z [command]/usr/bin/git branch --delete --force H1183-personalización-módulo-finops
job-core	Checkout repository	2025-05-22T14:38:22.8083520Z Deleted branch H1183-personalización-módulo-finops (was 2c1c3f29).
job-core	Checkout repository	2025-05-22T14:38:22.8161877Z ##[endgroup]
job-core	Checkout repository	2025-05-22T14:38:22.8162558Z [command]/usr/bin/git submodule status
job-core	Checkout repository	2025-05-22T14:38:22.8423162Z ##[group]Cleaning the repository
job-core	Checkout repository	2025-05-22T14:38:22.8425691Z [command]/usr/bin/git clean -ffdx
job-core	Checkout repository	2025-05-22T14:38:22.8503839Z [command]/usr/bin/git reset --hard HEAD
job-core	Checkout repository	2025-05-22T14:38:22.8775541Z HEAD is now at 2c1c3f29 Merge branch 'H1183-personalización-módulo-finops' of https://github.com/Ka0s-Klaus/ka0s into H1183-personalización-módulo-finops
job-core	Checkout repository	2025-05-22T14:38:22.8779936Z ##[endgroup]
job-core	Checkout repository	2025-05-22T14:38:22.8783627Z ##[group]Disabling automatic garbage collection
job-core	Checkout repository	2025-05-22T14:38:22.8788877Z [command]/usr/bin/git config --local gc.auto 0
job-core	Checkout repository	2025-05-22T14:38:22.8821591Z ##[endgroup]
job-core	Checkout repository	2025-05-22T14:38:22.8822575Z ##[group]Setting up auth
job-core	Checkout repository	2025-05-22T14:38:22.8828395Z [command]/usr/bin/git config --local --name-only --get-regexp core\.sshCommand
job-core	Checkout repository	2025-05-22T14:38:22.8862149Z [command]/usr/bin/git submodule foreach --recursive sh -c "git config --local --name-only --get-regexp 'core\.sshCommand' && git config --local --unset-all 'core.sshCommand' || :"
job-core	Checkout repository	2025-05-22T14:38:22.9138256Z [command]/usr/bin/git config --local --name-only --get-regexp http\.https\:\/\/github\.com\/\.extraheader
job-core	Checkout repository	2025-05-22T14:38:22.9171856Z [command]/usr/bin/git submodule foreach --recursive sh -c "git config --local --name-only --get-regexp 'http\.https\:\/\/github\.com\/\.extraheader' && git config --local --unset-all 'http.https://github.com/.extraheader' || :"
job-core	Checkout repository	2025-05-22T14:38:22.9447168Z [command]/usr/bin/git config --local http.https://github.com/.extraheader AUTHORIZATION: basic ***
job-core	Checkout repository	2025-05-22T14:38:22.9493045Z ##[endgroup]
job-core	Checkout repository	2025-05-22T14:38:22.9494185Z ##[group]Fetching the repository
job-core	Checkout repository	2025-05-22T14:38:22.9501762Z [command]/usr/bin/git -c protocol.version=2 fetch --prune --no-recurse-submodules origin +refs/heads/*:refs/remotes/origin/* +refs/tags/*:refs/tags/*
job-core	Checkout repository	2025-05-22T14:38:23.8089704Z From https://github.com/Ka0s-Klaus/ka0s
job-core	Checkout repository	2025-05-22T14:38:23.8092818Z    2c1c3f29..08ce9a63  H1183-personalización-módulo-finops -> origin/H1183-personalización-módulo-finops
job-core	Checkout repository	2025-05-22T14:38:23.8096450Z    8d0b8851..06e81820  main       -> origin/main
job-core	Checkout repository	2025-05-22T14:38:23.8158125Z [command]/usr/bin/git branch --list --remote origin/main
job-core	Checkout repository	2025-05-22T14:38:23.8190934Z   origin/main
job-core	Checkout repository	2025-05-22T14:38:23.8200207Z [command]/usr/bin/git rev-parse refs/remotes/origin/main
job-core	Checkout repository	2025-05-22T14:38:23.8226837Z 06e8182050ac39c1bc304ef1037285d71c4b22f6
job-core	Checkout repository	2025-05-22T14:38:23.8235302Z ##[endgroup]
job-core	Checkout repository	2025-05-22T14:38:23.8236693Z ##[group]Determining the checkout info
job-core	Checkout repository	2025-05-22T14:38:23.8238212Z ##[endgroup]
job-core	Checkout repository	2025-05-22T14:38:23.8242465Z [command]/usr/bin/git sparse-checkout disable
job-core	Checkout repository	2025-05-22T14:38:23.8325339Z [command]/usr/bin/git config --local --unset-all extensions.worktreeConfig
job-core	Checkout repository	2025-05-22T14:38:23.8364747Z ##[group]Checking out the ref
job-core	Checkout repository	2025-05-22T14:38:23.8366533Z [command]/usr/bin/git checkout --progress --force -B main refs/remotes/origin/main
job-core	Checkout repository	2025-05-22T14:38:23.9593031Z Previous HEAD position was 2c1c3f29 Merge branch 'H1183-personalización-módulo-finops' of https://github.com/Ka0s-Klaus/ka0s into H1183-personalización-módulo-finops
job-core	Checkout repository	2025-05-22T14:38:23.9605427Z Switched to a new branch 'main'
job-core	Checkout repository	2025-05-22T14:38:23.9606883Z branch 'main' set up to track 'origin/main'.
job-core	Checkout repository	2025-05-22T14:38:23.9616063Z ##[endgroup]
job-core	Checkout repository	2025-05-22T14:38:23.9658975Z [command]/usr/bin/git log -1 --format=%H
job-core	Checkout repository	2025-05-22T14:38:23.9687880Z 06e8182050ac39c1bc304ef1037285d71c4b22f6
job-core	Limpiar caché local antes del despliegue	﻿2025-05-22T14:38:23.9901055Z ##[group]Run echo "Limpiando caché local de GitHub Actions runner..."
job-core	Limpiar caché local antes del despliegue	2025-05-22T14:38:23.9902910Z [36;1mecho "Limpiando caché local de GitHub Actions runner..."[0m
job-core	Limpiar caché local antes del despliegue	2025-05-22T14:38:23.9904255Z [36;1mif [ -d ~/.cache ]; then[0m
job-core	Limpiar caché local antes del despliegue	2025-05-22T14:38:23.9905680Z [36;1m  rm -rf ~/.cache/*[0m
job-core	Limpiar caché local antes del despliegue	2025-05-22T14:38:23.9907092Z [36;1m  echo "Caché local eliminada."[0m
job-core	Limpiar caché local antes del despliegue	2025-05-22T14:38:23.9908095Z [36;1melse[0m
job-core	Limpiar caché local antes del despliegue	2025-05-22T14:38:23.9909009Z [36;1m  echo "No se encontró directorio de caché local."[0m
job-core	Limpiar caché local antes del despliegue	2025-05-22T14:38:23.9910173Z [36;1mfi[0m
job-core	Limpiar caché local antes del despliegue	2025-05-22T14:38:23.9920466Z shell: /usr/bin/bash -e {0}
job-core	Limpiar caché local antes del despliegue	2025-05-22T14:38:23.9921373Z env:
job-core	Limpiar caché local antes del despliegue	2025-05-22T14:38:23.9922045Z   KAOS_CODE: 15189522345
job-core	Limpiar caché local antes del despliegue	2025-05-22T14:38:23.9922881Z   KAOS_EVENT_NAME: push
job-core	Limpiar caché local antes del despliegue	2025-05-22T14:38:23.9923681Z   KAOS_ACTION: 
job-core	Limpiar caché local antes del despliegue	2025-05-22T14:38:23.9924438Z   KAOS_REF: refs/heads/main
job-core	Limpiar caché local antes del despliegue	2025-05-22T14:38:23.9925696Z   KAOS_MODULE: [Ka0S] Deploy Webs
job-core	Limpiar caché local antes del despliegue	2025-05-22T14:38:23.9926858Z   KAOS_PATH_ORIGIN_DASHBOARD: core/results/webs/dashboard/
job-core	Limpiar caché local antes del despliegue	2025-05-22T14:38:23.9928160Z   KAOS_PATH_WEB_DASHBOARD: /html/dashboard/
job-core	Limpiar caché local antes del despliegue	2025-05-22T14:38:23.9929388Z   KAOS_PATH_ORIGIN_TEST: core/results/webs/test/
job-core	Limpiar caché local antes del despliegue	2025-05-22T14:38:23.9930526Z   KAOS_PATH_WEB_TEST: /html/test/
job-core	Limpiar caché local antes del despliegue	2025-05-22T14:38:23.9931512Z   KAOS_PATH_RESUME: core/results/dw/
job-core	Limpiar caché local antes del despliegue	2025-05-22T14:38:23.9932597Z   KAOS_FILE_STATE: ftp-deploy-sync-state.json
job-core	Limpiar caché local antes del despliegue	2025-05-22T14:38:23.9933720Z   KAOS_ACTOR: AlejandroPB5
job-core	Limpiar caché local antes del despliegue	2025-05-22T14:38:23.9934624Z   KAOS_CACHE_BUSTER: 15189522345-380
job-core	Limpiar caché local antes del despliegue	2025-05-22T14:38:23.9936078Z ##[endgroup]
job-core	Limpiar caché local antes del despliegue	2025-05-22T14:38:23.9996491Z Limpiando caché local de GitHub Actions runner...
job-core	Limpiar caché local antes del despliegue	2025-05-22T14:38:23.9998828Z No se encontró directorio de caché local.
job-core	Deploy Dashboard to Web Server via SFTP	﻿2025-05-22T14:38:24.0110095Z ##[group]Run SamKirkland/FTP-Deploy-Action@v4.3.4
job-core	Deploy Dashboard to Web Server via SFTP	2025-05-22T14:38:24.0111371Z with:
job-core	Deploy Dashboard to Web Server via SFTP	2025-05-22T14:38:24.0112180Z   server: ***
job-core	Deploy Dashboard to Web Server via SFTP	2025-05-22T14:38:24.0112872Z   username: ***
job-core	Deploy Dashboard to Web Server via SFTP	2025-05-22T14:38:24.0113597Z   password: ***
job-core	Deploy Dashboard to Web Server via SFTP	2025-05-22T14:38:24.0114289Z   port: ***
job-core	Deploy Dashboard to Web Server via SFTP	2025-05-22T14:38:24.0115062Z   local-dir: core/results/webs/dashboard/
job-core	Deploy Dashboard to Web Server via SFTP	2025-05-22T14:38:24.0116054Z   server-dir: /html/dashboard/
job-core	Deploy Dashboard to Web Server via SFTP	2025-05-22T14:38:24.0116927Z   dangerous-clean-slate: true
job-core	Deploy Dashboard to Web Server via SFTP	2025-05-22T14:38:24.0118057Z   state-name: 15189522345-dashboard-ftp-deploy-sync-state.json
job-core	Deploy Dashboard to Web Server via SFTP	2025-05-22T14:38:24.0119350Z   exclude: **/.git*
job-core	Deploy Dashboard to Web Server via SFTP	**/.git*/**
job-core	Deploy Dashboard to Web Server via SFTP	**/node_modules/**
job-core	Deploy Dashboard to Web Server via SFTP	
job-core	Deploy Dashboard to Web Server via SFTP	2025-05-22T14:38:24.0120350Z env:
job-core	Deploy Dashboard to Web Server via SFTP	2025-05-22T14:38:24.0120981Z   KAOS_CODE: 15189522345
job-core	Deploy Dashboard to Web Server via SFTP	2025-05-22T14:38:24.0121750Z   KAOS_EVENT_NAME: push
job-core	Deploy Dashboard to Web Server via SFTP	2025-05-22T14:38:24.0122478Z   KAOS_ACTION: 
job-core	Deploy Dashboard to Web Server via SFTP	2025-05-22T14:38:24.0123165Z   KAOS_REF: refs/heads/main
job-core	Deploy Dashboard to Web Server via SFTP	2025-05-22T14:38:24.0123985Z   KAOS_MODULE: [Ka0S] Deploy Webs
job-core	Deploy Dashboard to Web Server via SFTP	2025-05-22T14:38:24.0125445Z   KAOS_PATH_ORIGIN_DASHBOARD: core/results/webs/dashboard/
job-core	Deploy Dashboard to Web Server via SFTP	2025-05-22T14:38:24.0126685Z   KAOS_PATH_WEB_DASHBOARD: /html/dashboard/
job-core	Deploy Dashboard to Web Server via SFTP	2025-05-22T14:38:24.0127756Z   KAOS_PATH_ORIGIN_TEST: core/results/webs/test/
job-core	Deploy Dashboard to Web Server via SFTP	2025-05-22T14:38:24.0128956Z   KAOS_PATH_WEB_TEST: /html/test/
job-core	Deploy Dashboard to Web Server via SFTP	2025-05-22T14:38:24.0130427Z   KAOS_PATH_RESUME: core/results/dw/
job-core	Deploy Dashboard to Web Server via SFTP	2025-05-22T14:38:24.0131455Z   KAOS_FILE_STATE: ftp-deploy-sync-state.json
job-core	Deploy Dashboard to Web Server via SFTP	2025-05-22T14:38:24.0132595Z   KAOS_ACTOR: AlejandroPB5
job-core	Deploy Dashboard to Web Server via SFTP	2025-05-22T14:38:24.0133411Z   KAOS_CACHE_BUSTER: 15189522345-380
job-core	Deploy Dashboard to Web Server via SFTP	2025-05-22T14:38:24.0134266Z ##[endgroup]
job-core	Deploy Dashboard to Web Server via SFTP	2025-05-22T14:38:24.0605945Z ----------------------------------------------------------------
job-core	Deploy Dashboard to Web Server via SFTP	2025-05-22T14:38:24.0610696Z 🚀 Thanks for using ftp-deploy. Let's deploy some stuff!   
job-core	Deploy Dashboard to Web Server via SFTP	2025-05-22T14:38:24.0612341Z ----------------------------------------------------------------
job-core	Deploy Dashboard to Web Server via SFTP	2025-05-22T14:38:24.0613545Z If you found this project helpful, please support it
job-core	Deploy Dashboard to Web Server via SFTP	2025-05-22T14:38:24.0615626Z by giving it a ⭐ on Github --> https://github.com/SamKirkland/FTP-Deploy-Action
job-core	Deploy Dashboard to Web Server via SFTP	2025-05-22T14:38:24.0617848Z or add a badge 🏷️ to your projects readme --> https://github.com/SamKirkland/FTP-Deploy-Action#badge
job-core	Deploy Dashboard to Web Server via SFTP	2025-05-22T14:38:24.3007535Z ----------------------------------------------------------------
job-core	Deploy Dashboard to Web Server via SFTP	2025-05-22T14:38:24.3018187Z 🗑️ Removing all files on the server because 'dangerous-clean-slate' was set, this will make the deployment very slow...
job-core	Deploy Dashboard to Web Server via SFTP	2025-05-22T14:38:24.8906409Z Clear complete
job-core	Deploy Dashboard to Web Server via SFTP	2025-05-22T14:38:24.8907525Z ----------------------------------------------------------------
job-core	Deploy Dashboard to Web Server via SFTP	2025-05-22T14:38:24.8910376Z No file exists on the server "/html/dashboard/15189522345-dashboard-ftp-deploy-sync-state.json" - this must be your first publish! 🎉
job-core	Deploy Dashboard to Web Server via SFTP	2025-05-22T14:38:24.8913338Z The first publish will take a while... but once the initial sync is done only differences are published!
job-core	Deploy Dashboard to Web Server via SFTP	2025-05-22T14:38:24.8916303Z If you get this message and its NOT your first publish, something is wrong.
job-core	Deploy Dashboard to Web Server via SFTP	2025-05-22T14:38:24.8917778Z ----------------------------------------------------------------
job-core	Deploy Dashboard to Web Server via SFTP	2025-05-22T14:38:24.9059943Z Local Files:	23
job-core	Deploy Dashboard to Web Server via SFTP	2025-05-22T14:38:24.9060905Z Server Files:	0
job-core	Deploy Dashboard to Web Server via SFTP	2025-05-22T14:38:24.9064381Z ----------------------------------------------------------------
job-core	Deploy Dashboard to Web Server via SFTP	2025-05-22T14:38:24.9069153Z Calculating differences between client & server
job-core	Deploy Dashboard to Web Server via SFTP	2025-05-22T14:38:24.9073624Z ----------------------------------------------------------------
job-core	Deploy Dashboard to Web Server via SFTP	2025-05-22T14:38:24.9077508Z 📁 Create: custom
job-core	Deploy Dashboard to Web Server via SFTP	2025-05-22T14:38:24.9079170Z 📁 Create: data
job-core	Deploy Dashboard to Web Server via SFTP	2025-05-22T14:38:24.9087207Z 📁 Create: js
job-core	Deploy Dashboard to Web Server via SFTP	2025-05-22T14:38:24.9089309Z 📁 Create: templates
job-core	Deploy Dashboard to Web Server via SFTP	2025-05-22T14:38:24.9090915Z 📄 Upload: custom/custom.html
job-core	Deploy Dashboard to Web Server via SFTP	2025-05-22T14:38:24.9093151Z 📄 Upload: dashboard.html
job-core	Deploy Dashboard to Web Server via SFTP	2025-05-22T14:38:24.9094205Z 📄 Upload: data/data.html
job-core	Deploy Dashboard to Web Server via SFTP	2025-05-22T14:38:24.9095578Z 📄 Upload: data/kaos-issue.json
job-core	Deploy Dashboard to Web Server via SFTP	2025-05-22T14:38:24.9096886Z 📄 Upload: data/kaos-repository-global-statistics copy.json
job-core	Deploy Dashboard to Web Server via SFTP	2025-05-22T14:38:24.9099177Z 📄 Upload: data/kaos-repository-global-statistics.json
job-core	Deploy Dashboard to Web Server via SFTP	2025-05-22T14:38:24.9100546Z 📄 Upload: data/kaos-repository-statistics.json
job-core	Deploy Dashboard to Web Server via SFTP	2025-05-22T14:38:24.9101897Z 📄 Upload: data/kaos-workflows-available.json
job-core	Deploy Dashboard to Web Server via SFTP	2025-05-22T14:38:24.9103783Z 📄 Upload: data/kaos-workflows-runs.json
job-core	Deploy Dashboard to Web Server via SFTP	2025-05-22T14:38:24.9104980Z 📄 Upload: data/section1.json
job-core	Deploy Dashboard to Web Server via SFTP	2025-05-22T14:38:24.9105954Z 📄 Upload: data/section2.json
job-core	Deploy Dashboard to Web Server via SFTP	2025-05-22T14:38:24.9106915Z 📄 Upload: data/section3.json
job-core	Deploy Dashboard to Web Server via SFTP	2025-05-22T14:38:24.9107958Z 📄 Upload: data/section4.json
job-core	Deploy Dashboard to Web Server via SFTP	2025-05-22T14:38:24.9108962Z 📄 Upload: data/section5.json
job-core	Deploy Dashboard to Web Server via SFTP	2025-05-22T14:38:24.9113462Z 📄 Upload: data/section6.json
job-core	Deploy Dashboard to Web Server via SFTP	2025-05-22T14:38:24.9114626Z 📄 Upload: data/section7.json
job-core	Deploy Dashboard to Web Server via SFTP	2025-05-22T14:38:24.9115797Z 📄 Upload: data/webs.json
job-core	Deploy Dashboard to Web Server via SFTP	2025-05-22T14:38:24.9116697Z 📄 Upload: js/orchestrator.js
job-core	Deploy Dashboard to Web Server via SFTP	2025-05-22T14:38:24.9117658Z 📄 Upload: templates/navbar.html
job-core	Deploy Dashboard to Web Server via SFTP	2025-05-22T14:38:24.9118769Z ----------------------------------------------------------------
job-core	Deploy Dashboard to Web Server via SFTP	2025-05-22T14:38:24.9120090Z Making changes to 23 files/folders to sync server state
job-core	Deploy Dashboard to Web Server via SFTP	2025-05-22T14:38:24.9121585Z Uploading: 7.2 MB -- Deleting: 0 B -- Replacing: 0 B
job-core	Deploy Dashboard to Web Server via SFTP	2025-05-22T14:38:24.9123041Z ----------------------------------------------------------------
job-core	Deploy Dashboard to Web Server via SFTP	2025-05-22T14:38:24.9124430Z creating folder "custom/"
job-core	Deploy Dashboard to Web Server via SFTP	2025-05-22T14:38:24.9413723Z creating folder "data/"
job-core	Deploy Dashboard to Web Server via SFTP	2025-05-22T14:38:24.9799356Z creating folder "js/"
job-core	Deploy Dashboard to Web Server via SFTP	2025-05-22T14:38:25.0121400Z creating folder "templates/"
job-core	Deploy Dashboard to Web Server via SFTP	2025-05-22T14:38:25.0440245Z uploading "custom/custom.html"
job-core	Deploy Dashboard to Web Server via SFTP	2025-05-22T14:38:25.0993537Z uploading "dashboard.html"
job-core	Deploy Dashboard to Web Server via SFTP	2025-05-22T14:38:25.1541161Z uploading "data/data.html"
job-core	Deploy Dashboard to Web Server via SFTP	2025-05-22T14:38:25.2184510Z uploading "data/kaos-issue.json"
job-core	Deploy Dashboard to Web Server via SFTP	2025-05-22T14:38:25.3827950Z uploading "data/kaos-repository-global-statistics copy.json"
job-core	Deploy Dashboard to Web Server via SFTP	2025-05-22T14:38:25.4380247Z uploading "data/kaos-repository-global-statistics.json"
job-core	Deploy Dashboard to Web Server via SFTP	2025-05-22T14:38:25.4946218Z uploading "data/kaos-repository-statistics.json"
job-core	Deploy Dashboard to Web Server via SFTP	2025-05-22T14:38:25.5536978Z uploading "data/kaos-workflows-available.json"
job-core	Deploy Dashboard to Web Server via SFTP	2025-05-22T14:38:25.6114799Z uploading "data/kaos-workflows-runs.json"
job-core	Deploy Dashboard to Web Server via SFTP	2025-05-22T14:38:25.8448286Z uploading "data/section1.json"
job-core	Deploy Dashboard to Web Server via SFTP	2025-05-22T14:38:25.9032464Z uploading "data/section2.json"
job-core	Deploy Dashboard to Web Server via SFTP	2025-05-22T14:38:25.9762577Z uploading "data/section3.json"
job-core	Deploy Dashboard to Web Server via SFTP	2025-05-22T14:38:26.0319279Z uploading "data/section4.json"
job-core	Deploy Dashboard to Web Server via SFTP	2025-05-22T14:38:26.0854598Z uploading "data/section5.json"
job-core	Deploy Dashboard to Web Server via SFTP	2025-05-22T14:38:26.1395877Z uploading "data/section6.json"
job-core	Deploy Dashboard to Web Server via SFTP	2025-05-22T14:38:26.2046798Z uploading "data/section7.json"
job-core	Deploy Dashboard to Web Server via SFTP	2025-05-22T14:38:26.2621768Z uploading "data/webs.json"
job-core	Deploy Dashboard to Web Server via SFTP	2025-05-22T14:38:26.3234319Z uploading "js/orchestrator.js"
job-core	Deploy Dashboard to Web Server via SFTP	2025-05-22T14:38:26.4130612Z uploading "templates/navbar.html"
job-core	Deploy Dashboard to Web Server via SFTP	2025-05-22T14:38:26.4701445Z ----------------------------------------------------------------
job-core	Deploy Dashboard to Web Server via SFTP	2025-05-22T14:38:26.4705884Z 🎉 Sync complete. Saving current server state to "/html/dashboard/15189522345-dashboard-ftp-deploy-sync-state.json"
job-core	Deploy Dashboard to Web Server via SFTP	2025-05-22T14:38:26.5276700Z ----------------------------------------------------------------
job-core	Deploy Dashboard to Web Server via SFTP	2025-05-22T14:38:26.5288613Z Time spent hashing: 43 milliseconds
job-core	Deploy Dashboard to Web Server via SFTP	2025-05-22T14:38:26.5291608Z Time spent connecting to server: 134 milliseconds
job-core	Deploy Dashboard to Web Server via SFTP	2025-05-22T14:38:26.5296003Z Time spent deploying: 1.6 seconds (4.45 MB/second)
job-core	Deploy Dashboard to Web Server via SFTP	2025-05-22T14:38:26.5298885Z   - changing dirs: 151 milliseconds
job-core	Deploy Dashboard to Web Server via SFTP	2025-05-22T14:38:26.5300402Z   - logging: 20 milliseconds
job-core	Deploy Dashboard to Web Server via SFTP	2025-05-22T14:38:26.5302123Z ----------------------------------------------------------------
job-core	Deploy Dashboard to Web Server via SFTP	2025-05-22T14:38:26.5303659Z Total time: 2.4 seconds
job-core	Deploy Dashboard to Web Server via SFTP	2025-05-22T14:38:26.5306128Z ----------------------------------------------------------------
job-core	Post Checkout repository	﻿2025-05-22T14:38:26.5796515Z Post job cleanup.
job-core	Post Checkout repository	2025-05-22T14:38:26.6848354Z [command]/usr/bin/git version
job-core	Post Checkout repository	2025-05-22T14:38:26.6890112Z git version 2.43.0
job-core	Post Checkout repository	2025-05-22T14:38:26.6930910Z Copying '/home/kaos/.gitconfig' to '/actions-runner/_work/_temp/925eba57-9151-48c4-b8a9-faa26aab3e0b/.gitconfig'
job-core	Post Checkout repository	2025-05-22T14:38:26.6943138Z Temporarily overriding HOME='/actions-runner/_work/_temp/925eba57-9151-48c4-b8a9-faa26aab3e0b' before making global git config changes
job-core	Post Checkout repository	2025-05-22T14:38:26.6944035Z Adding repository directory to the temporary git global config as a safe directory
job-core	Post Checkout repository	2025-05-22T14:38:26.6949311Z [command]/usr/bin/git config --global --add safe.directory /actions-runner/_work/ka0s/ka0s
job-core	Post Checkout repository	2025-05-22T14:38:26.6987488Z [command]/usr/bin/git config --local --name-only --get-regexp core\.sshCommand
job-core	Post Checkout repository	2025-05-22T14:38:26.7033247Z [command]/usr/bin/git submodule foreach --recursive sh -c "git config --local --name-only --get-regexp 'core\.sshCommand' && git config --local --unset-all 'core.sshCommand' || :"
job-core	Post Checkout repository	2025-05-22T14:38:26.7300217Z [command]/usr/bin/git config --local --name-only --get-regexp http\.https\:\/\/github\.com\/\.extraheader
job-core	Post Checkout repository	2025-05-22T14:38:26.7323594Z http.https://github.com/.extraheader
job-core	Post Checkout repository	2025-05-22T14:38:26.7334909Z [command]/usr/bin/git config --local --unset-all http.https://github.com/.extraheader
job-core	Post Checkout repository	2025-05-22T14:38:26.7372577Z [command]/usr/bin/git submodule foreach --recursive sh -c "git config --local --name-only --get-regexp 'http\.https\:\/\/github\.com\/\.extraheader' && git config --local --unset-all 'http.https://github.com/.extraheader' || :"
job-core	Complete job	﻿2025-05-22T14:38:26.7751191Z Cleaning up orphan processes
handle-success	Set up job	﻿2025-05-22T14:38:31.4969509Z Current runner version: '2.324.0'
handle-success	Set up job	2025-05-22T14:38:31.4976996Z Runner name: 'ka0s-ka0s-2'
handle-success	Set up job	2025-05-22T14:38:31.4978079Z Machine name: 'fcda5b4a84db'
handle-success	Set up job	2025-05-22T14:38:31.4981470Z ##[group]GITHUB_TOKEN Permissions
handle-success	Set up job	2025-05-22T14:38:31.4983655Z Contents: read
handle-success	Set up job	2025-05-22T14:38:31.4984239Z Metadata: read
handle-success	Set up job	2025-05-22T14:38:31.4985188Z Packages: read
handle-success	Set up job	2025-05-22T14:38:31.4986141Z ##[endgroup]
handle-success	Set up job	2025-05-22T14:38:31.4988092Z Secret source: Actions
handle-success	Set up job	2025-05-22T14:38:31.4988845Z Prepare workflow directory
handle-success	Set up job	2025-05-22T14:38:31.5639438Z Prepare all required actions
handle-success	Set up job	2025-05-22T14:38:31.5679251Z Getting action download info
handle-success	Set up job	2025-05-22T14:38:32.1420751Z Download action repository 'actions/checkout@v4' (SHA:11bd71901bbe5b1630ceea73d27597364c9af683)
handle-success	Set up job	2025-05-22T14:38:32.9277520Z Complete job name: handle-success
handle-success	Checkout code	﻿2025-05-22T14:38:32.9736103Z ##[group]Run actions/checkout@v4
handle-success	Checkout code	2025-05-22T14:38:32.9736908Z with:
handle-success	Checkout code	2025-05-22T14:38:32.9737275Z   fetch-depth: 0
handle-success	Checkout code	2025-05-22T14:38:32.9737845Z   token: ***
handle-success	Checkout code	2025-05-22T14:38:32.9738225Z   repository: Ka0s-Klaus/ka0s
handle-success	Checkout code	2025-05-22T14:38:32.9738700Z   ssh-strict: true
handle-success	Checkout code	2025-05-22T14:38:32.9739068Z   ssh-user: git
handle-success	Checkout code	2025-05-22T14:38:32.9739443Z   persist-credentials: true
handle-success	Checkout code	2025-05-22T14:38:32.9739858Z   clean: true
handle-success	Checkout code	2025-05-22T14:38:32.9740233Z   sparse-checkout-cone-mode: true
handle-success	Checkout code	2025-05-22T14:38:32.9740686Z   fetch-tags: false
handle-success	Checkout code	2025-05-22T14:38:32.9741061Z   show-progress: true
handle-success	Checkout code	2025-05-22T14:38:32.9741436Z   lfs: false
handle-success	Checkout code	2025-05-22T14:38:32.9741778Z   submodules: false
handle-success	Checkout code	2025-05-22T14:38:32.9742162Z   set-safe-directory: true
handle-success	Checkout code	2025-05-22T14:38:32.9742778Z env:
handle-success	Checkout code	2025-05-22T14:38:32.9743129Z   KAOS_CODE: 15189522345
handle-success	Checkout code	2025-05-22T14:38:32.9743532Z   KAOS_EVENT_NAME: push
handle-success	Checkout code	2025-05-22T14:38:32.9743914Z   KAOS_ACTION: 
handle-success	Checkout code	2025-05-22T14:38:32.9744283Z   KAOS_REF: refs/heads/main
handle-success	Checkout code	2025-05-22T14:38:32.9744902Z   KAOS_MODULE: [Ka0S] Deploy Webs
handle-success	Checkout code	2025-05-22T14:38:32.9745604Z   KAOS_PATH_ORIGIN_DASHBOARD: core/results/webs/dashboard/
handle-success	Checkout code	2025-05-22T14:38:32.9746194Z   KAOS_PATH_WEB_DASHBOARD: /html/dashboard/
handle-success	Checkout code	2025-05-22T14:38:32.9746732Z   KAOS_PATH_ORIGIN_TEST: core/results/webs/test/
handle-success	Checkout code	2025-05-22T14:38:32.9747259Z   KAOS_PATH_WEB_TEST: /html/test/
handle-success	Checkout code	2025-05-22T14:38:32.9747721Z   KAOS_PATH_RESUME: core/results/dw/
handle-success	Checkout code	2025-05-22T14:38:32.9748217Z   KAOS_FILE_STATE: ftp-deploy-sync-state.json
handle-success	Checkout code	2025-05-22T14:38:32.9748723Z   KAOS_ACTOR: AlejandroPB5
handle-success	Checkout code	2025-05-22T14:38:32.9749145Z   KAOS_CACHE_BUSTER: 15189522345-380
handle-success	Checkout code	2025-05-22T14:38:32.9749584Z ##[endgroup]
handle-success	Checkout code	2025-05-22T14:38:33.0867629Z Syncing repository: Ka0s-Klaus/ka0s
handle-success	Checkout code	2025-05-22T14:38:33.0870025Z ##[group]Getting Git version info
handle-success	Checkout code	2025-05-22T14:38:33.0871009Z Working directory is '/actions-runner/_work/ka0s/ka0s'
handle-success	Checkout code	2025-05-22T14:38:33.0871965Z [command]/usr/bin/git version
handle-success	Checkout code	2025-05-22T14:38:33.0872485Z git version 2.43.0
handle-success	Checkout code	2025-05-22T14:38:33.0897187Z ##[endgroup]
handle-success	Checkout code	2025-05-22T14:38:33.0908687Z Copying '/home/kaos/.gitconfig' to '/actions-runner/_work/_temp/c9c27c2e-a255-44e3-ba74-c82ad983e92a/.gitconfig'
handle-success	Checkout code	2025-05-22T14:38:33.0920575Z Temporarily overriding HOME='/actions-runner/_work/_temp/c9c27c2e-a255-44e3-ba74-c82ad983e92a' before making global git config changes
handle-success	Checkout code	2025-05-22T14:38:33.0922063Z Adding repository directory to the temporary git global config as a safe directory
handle-success	Checkout code	2025-05-22T14:38:33.0926842Z [command]/usr/bin/git config --global --add safe.directory /actions-runner/_work/ka0s/ka0s
handle-success	Checkout code	2025-05-22T14:38:33.0978979Z [command]/usr/bin/git config --local --get remote.origin.url
handle-success	Checkout code	2025-05-22T14:38:33.1001481Z https://github.com/Ka0s-Klaus/ka0s
handle-success	Checkout code	2025-05-22T14:38:33.1022287Z ##[group]Removing previously created refs, to avoid conflicts
handle-success	Checkout code	2025-05-22T14:38:33.1028465Z [command]/usr/bin/git rev-parse --symbolic-full-name --verify --quiet HEAD
handle-success	Checkout code	2025-05-22T14:38:33.1053047Z refs/heads/main
handle-success	Checkout code	2025-05-22T14:38:33.1062650Z [command]/usr/bin/git checkout --detach
handle-success	Checkout code	2025-05-22T14:38:33.2218918Z HEAD is now at 06e81820 Agregada personalizacion de color de metricas mediante JSON
handle-success	Checkout code	2025-05-22T14:38:33.2266843Z [command]/usr/bin/git branch --delete --force main
handle-success	Checkout code	2025-05-22T14:38:33.2302005Z Deleted branch main (was 06e81820).
handle-success	Checkout code	2025-05-22T14:38:33.2378752Z ##[endgroup]
handle-success	Checkout code	2025-05-22T14:38:33.2380447Z [command]/usr/bin/git submodule status
handle-success	Checkout code	2025-05-22T14:38:33.2643441Z ##[group]Cleaning the repository
handle-success	Checkout code	2025-05-22T14:38:33.2646755Z [command]/usr/bin/git clean -ffdx
handle-success	Checkout code	2025-05-22T14:38:33.2714334Z Removing core/results/webs/dashboard/15189522345-dashboard-ftp-deploy-sync-state.json
handle-success	Checkout code	2025-05-22T14:38:33.2723485Z [command]/usr/bin/git reset --hard HEAD
handle-success	Checkout code	2025-05-22T14:38:33.2991013Z HEAD is now at 06e81820 Agregada personalizacion de color de metricas mediante JSON
handle-success	Checkout code	2025-05-22T14:38:33.2996450Z ##[endgroup]
handle-success	Checkout code	2025-05-22T14:38:33.2998075Z ##[group]Disabling automatic garbage collection
handle-success	Checkout code	2025-05-22T14:38:33.3002488Z [command]/usr/bin/git config --local gc.auto 0
handle-success	Checkout code	2025-05-22T14:38:33.3037078Z ##[endgroup]
handle-success	Checkout code	2025-05-22T14:38:33.3038623Z ##[group]Setting up auth
handle-success	Checkout code	2025-05-22T14:38:33.3043301Z [command]/usr/bin/git config --local --name-only --get-regexp core\.sshCommand
handle-success	Checkout code	2025-05-22T14:38:33.3077665Z [command]/usr/bin/git submodule foreach --recursive sh -c "git config --local --name-only --get-regexp 'core\.sshCommand' && git config --local --unset-all 'core.sshCommand' || :"
handle-success	Checkout code	2025-05-22T14:38:33.3332628Z [command]/usr/bin/git config --local --name-only --get-regexp http\.https\:\/\/github\.com\/\.extraheader
handle-success	Checkout code	2025-05-22T14:38:33.3366038Z [command]/usr/bin/git submodule foreach --recursive sh -c "git config --local --name-only --get-regexp 'http\.https\:\/\/github\.com\/\.extraheader' && git config --local --unset-all 'http.https://github.com/.extraheader' || :"
handle-success	Checkout code	2025-05-22T14:38:33.3629095Z [command]/usr/bin/git config --local http.https://github.com/.extraheader AUTHORIZATION: basic ***
handle-success	Checkout code	2025-05-22T14:38:33.3673963Z ##[endgroup]
handle-success	Checkout code	2025-05-22T14:38:33.3675889Z ##[group]Fetching the repository
handle-success	Checkout code	2025-05-22T14:38:33.3683461Z [command]/usr/bin/git -c protocol.version=2 fetch --prune --no-recurse-submodules origin +refs/heads/*:refs/remotes/origin/* +refs/tags/*:refs/tags/*
handle-success	Checkout code	2025-05-22T14:38:33.9600963Z [command]/usr/bin/git branch --list --remote origin/main
handle-success	Checkout code	2025-05-22T14:38:33.9630505Z   origin/main
handle-success	Checkout code	2025-05-22T14:38:33.9640748Z [command]/usr/bin/git rev-parse refs/remotes/origin/main
handle-success	Checkout code	2025-05-22T14:38:33.9664174Z 06e8182050ac39c1bc304ef1037285d71c4b22f6
handle-success	Checkout code	2025-05-22T14:38:33.9668344Z ##[endgroup]
handle-success	Checkout code	2025-05-22T14:38:33.9669109Z ##[group]Determining the checkout info
handle-success	Checkout code	2025-05-22T14:38:33.9669779Z ##[endgroup]
handle-success	Checkout code	2025-05-22T14:38:33.9675867Z [command]/usr/bin/git sparse-checkout disable
handle-success	Checkout code	2025-05-22T14:38:33.9773079Z [command]/usr/bin/git config --local --unset-all extensions.worktreeConfig
handle-success	Checkout code	2025-05-22T14:38:33.9803781Z ##[group]Checking out the ref
handle-success	Checkout code	2025-05-22T14:38:33.9808463Z [command]/usr/bin/git checkout --progress --force -B main refs/remotes/origin/main
handle-success	Checkout code	2025-05-22T14:38:33.9955076Z Switched to a new branch 'main'
handle-success	Checkout code	2025-05-22T14:38:33.9957878Z branch 'main' set up to track 'origin/main'.
handle-success	Checkout code	2025-05-22T14:38:33.9960095Z ##[endgroup]
handle-success	Checkout code	2025-05-22T14:38:34.0000177Z [command]/usr/bin/git log -1 --format=%H
handle-success	Checkout code	2025-05-22T14:38:34.0028371Z 06e8182050ac39c1bc304ef1037285d71c4b22f6
handle-success	handle-success-execution	﻿2025-05-22T14:38:34.0231782Z ##[group]Run # Si todo ha ido correcto añadimos el contenido del fichero
handle-success	handle-success-execution	2025-05-22T14:38:34.0232663Z [36;1m# Si todo ha ido correcto añadimos el contenido del fichero[0m
handle-success	handle-success-execution	2025-05-22T14:38:34.0233708Z [36;1m# gh issue comment $RNNUMBER --body "El proceso ha finalizado correctamente 15189522345. El resultado está en el fichero core/results/event_data_15189522345.log"[0m
handle-success	handle-success-execution	2025-05-22T14:38:34.0235055Z [36;1mecho "El proceso ha finalizado correctamente 15189522345. El resultado está en el fichero core/results/event_data_15189522345.log"[0m
handle-success	handle-success-execution	2025-05-22T14:38:34.0245611Z shell: /usr/bin/bash -e {0}
handle-success	handle-success-execution	2025-05-22T14:38:34.0246074Z env:
handle-success	handle-success-execution	2025-05-22T14:38:34.0246434Z   KAOS_CODE: 15189522345
handle-success	handle-success-execution	2025-05-22T14:38:34.0246847Z   KAOS_EVENT_NAME: push
handle-success	handle-success-execution	2025-05-22T14:38:34.0247237Z   KAOS_ACTION: 
handle-success	handle-success-execution	2025-05-22T14:38:34.0247616Z   KAOS_REF: refs/heads/main
handle-success	handle-success-execution	2025-05-22T14:38:34.0248044Z   KAOS_MODULE: [Ka0S] Deploy Webs
handle-success	handle-success-execution	2025-05-22T14:38:34.0248560Z   KAOS_PATH_ORIGIN_DASHBOARD: core/results/webs/dashboard/
handle-success	handle-success-execution	2025-05-22T14:38:34.0249173Z   KAOS_PATH_WEB_DASHBOARD: /html/dashboard/
handle-success	handle-success-execution	2025-05-22T14:38:34.0249932Z   KAOS_PATH_ORIGIN_TEST: core/results/webs/test/
handle-success	handle-success-execution	2025-05-22T14:38:34.0250435Z   KAOS_PATH_WEB_TEST: /html/test/
handle-success	handle-success-execution	2025-05-22T14:38:34.0250886Z   KAOS_PATH_RESUME: core/results/dw/
handle-success	handle-success-execution	2025-05-22T14:38:34.0251362Z   KAOS_FILE_STATE: ftp-deploy-sync-state.json
handle-success	handle-success-execution	2025-05-22T14:38:34.0251847Z   KAOS_ACTOR: AlejandroPB5
handle-success	handle-success-execution	2025-05-22T14:38:34.0252276Z   KAOS_CACHE_BUSTER: 15189522345-380
handle-success	handle-success-execution	2025-05-22T14:38:34.0253139Z   GH_TOKEN: ***
handle-success	handle-success-execution	2025-05-22T14:38:34.0253524Z ##[endgroup]
handle-success	handle-success-execution	2025-05-22T14:38:34.0305841Z El proceso ha finalizado correctamente 15189522345. El resultado está en el fichero core/results/event_data_15189522345.log
handle-success	Post Checkout code	﻿2025-05-22T14:38:34.0419621Z Post job cleanup.
handle-success	Post Checkout code	2025-05-22T14:38:34.1401714Z [command]/usr/bin/git version
handle-success	Post Checkout code	2025-05-22T14:38:34.1442909Z git version 2.43.0
handle-success	Post Checkout code	2025-05-22T14:38:34.1499968Z Copying '/home/kaos/.gitconfig' to '/actions-runner/_work/_temp/e985cde6-db1c-4f27-a43c-15deb0a1ddc7/.gitconfig'
handle-success	Post Checkout code	2025-05-22T14:38:34.1513985Z Temporarily overriding HOME='/actions-runner/_work/_temp/e985cde6-db1c-4f27-a43c-15deb0a1ddc7' before making global git config changes
handle-success	Post Checkout code	2025-05-22T14:38:34.1515802Z Adding repository directory to the temporary git global config as a safe directory
handle-success	Post Checkout code	2025-05-22T14:38:34.1522376Z [command]/usr/bin/git config --global --add safe.directory /actions-runner/_work/ka0s/ka0s
handle-success	Post Checkout code	2025-05-22T14:38:34.1562138Z [command]/usr/bin/git config --local --name-only --get-regexp core\.sshCommand
handle-success	Post Checkout code	2025-05-22T14:38:34.1616524Z [command]/usr/bin/git submodule foreach --recursive sh -c "git config --local --name-only --get-regexp 'core\.sshCommand' && git config --local --unset-all 'core.sshCommand' || :"
handle-success	Post Checkout code	2025-05-22T14:38:34.1875533Z [command]/usr/bin/git config --local --name-only --get-regexp http\.https\:\/\/github\.com\/\.extraheader
handle-success	Post Checkout code	2025-05-22T14:38:34.1899633Z http.https://github.com/.extraheader
handle-success	Post Checkout code	2025-05-22T14:38:34.1913010Z [command]/usr/bin/git config --local --unset-all http.https://github.com/.extraheader
handle-success	Post Checkout code	2025-05-22T14:38:34.1949293Z [command]/usr/bin/git submodule foreach --recursive sh -c "git config --local --name-only --get-regexp 'http\.https\:\/\/github\.com\/\.extraheader' && git config --local --unset-all 'http.https://github.com/.extraheader' || :"
handle-success	Complete job	﻿2025-05-22T14:38:34.2327334Z Cleaning up orphan processes
end-workflow	Set up job	﻿2025-05-22T14:38:40.1660638Z Current runner version: '2.324.0'
end-workflow	Set up job	2025-05-22T14:38:40.1667689Z Runner name: 'ka0s-ka0s-5'
end-workflow	Set up job	2025-05-22T14:38:40.1668801Z Machine name: '85bf26d22df3'
end-workflow	Set up job	2025-05-22T14:38:40.1671485Z ##[group]GITHUB_TOKEN Permissions
end-workflow	Set up job	2025-05-22T14:38:40.1673755Z Contents: read
end-workflow	Set up job	2025-05-22T14:38:40.1674282Z Metadata: read
end-workflow	Set up job	2025-05-22T14:38:40.1674990Z Packages: read
end-workflow	Set up job	2025-05-22T14:38:40.1675533Z ##[endgroup]
end-workflow	Set up job	2025-05-22T14:38:40.1677542Z Secret source: Actions
end-workflow	Set up job	2025-05-22T14:38:40.1678372Z Prepare workflow directory
end-workflow	Set up job	2025-05-22T14:38:40.2321332Z Prepare all required actions
end-workflow	Set up job	2025-05-22T14:38:40.2360949Z Getting action download info
end-workflow	Set up job	2025-05-22T14:38:40.7585375Z Download action repository 'actions/checkout@v4' (SHA:11bd71901bbe5b1630ceea73d27597364c9af683)
end-workflow	Set up job	2025-05-22T14:38:41.5755498Z Complete job name: end-workflow
end-workflow	Checkout code	﻿2025-05-22T14:38:41.6214252Z ##[group]Run actions/checkout@v4
end-workflow	Checkout code	2025-05-22T14:38:41.6215122Z with:
end-workflow	Checkout code	2025-05-22T14:38:41.6215495Z   fetch-depth: 0
end-workflow	Checkout code	2025-05-22T14:38:41.6216087Z   token: ***
end-workflow	Checkout code	2025-05-22T14:38:41.6216470Z   repository: Ka0s-Klaus/ka0s
end-workflow	Checkout code	2025-05-22T14:38:41.6216943Z   ssh-strict: true
end-workflow	Checkout code	2025-05-22T14:38:41.6217313Z   ssh-user: git
end-workflow	Checkout code	2025-05-22T14:38:41.6217692Z   persist-credentials: true
end-workflow	Checkout code	2025-05-22T14:38:41.6218116Z   clean: true
end-workflow	Checkout code	2025-05-22T14:38:41.6218499Z   sparse-checkout-cone-mode: true
end-workflow	Checkout code	2025-05-22T14:38:41.6218951Z   fetch-tags: false
end-workflow	Checkout code	2025-05-22T14:38:41.6219332Z   show-progress: true
end-workflow	Checkout code	2025-05-22T14:38:41.6219722Z   lfs: false
end-workflow	Checkout code	2025-05-22T14:38:41.6220070Z   submodules: false
end-workflow	Checkout code	2025-05-22T14:38:41.6220466Z   set-safe-directory: true
end-workflow	Checkout code	2025-05-22T14:38:41.6221105Z env:
end-workflow	Checkout code	2025-05-22T14:38:41.6221458Z   KAOS_CODE: 15189522345
end-workflow	Checkout code	2025-05-22T14:38:41.6221871Z   KAOS_EVENT_NAME: push
end-workflow	Checkout code	2025-05-22T14:38:41.6222268Z   KAOS_ACTION: 
end-workflow	Checkout code	2025-05-22T14:38:41.6222633Z   KAOS_REF: refs/heads/main
end-workflow	Checkout code	2025-05-22T14:38:41.6223072Z   KAOS_MODULE: [Ka0S] Deploy Webs
end-workflow	Checkout code	2025-05-22T14:38:41.6223647Z   KAOS_PATH_ORIGIN_DASHBOARD: core/results/webs/dashboard/
end-workflow	Checkout code	2025-05-22T14:38:41.6224407Z   KAOS_PATH_WEB_DASHBOARD: /html/dashboard/
end-workflow	Checkout code	2025-05-22T14:38:41.6225035Z   KAOS_PATH_ORIGIN_TEST: core/results/webs/test/
end-workflow	Checkout code	2025-05-22T14:38:41.6225706Z   KAOS_PATH_WEB_TEST: /html/test/
end-workflow	Checkout code	2025-05-22T14:38:41.6226178Z   KAOS_PATH_RESUME: core/results/dw/
end-workflow	Checkout code	2025-05-22T14:38:41.6226694Z   KAOS_FILE_STATE: ftp-deploy-sync-state.json
end-workflow	Checkout code	2025-05-22T14:38:41.6227208Z   KAOS_ACTOR: AlejandroPB5
end-workflow	Checkout code	2025-05-22T14:38:41.6227637Z   KAOS_CACHE_BUSTER: 15189522345-380
end-workflow	Checkout code	2025-05-22T14:38:41.6228245Z   GH_TOKEN: ***
end-workflow	Checkout code	2025-05-22T14:38:41.6228613Z ##[endgroup]
end-workflow	Checkout code	2025-05-22T14:38:41.7338166Z Syncing repository: Ka0s-Klaus/ka0s
end-workflow	Checkout code	2025-05-22T14:38:41.7340370Z ##[group]Getting Git version info
end-workflow	Checkout code	2025-05-22T14:38:41.7341045Z Working directory is '/actions-runner/_work/ka0s/ka0s'
end-workflow	Checkout code	2025-05-22T14:38:41.7342070Z [command]/usr/bin/git version
end-workflow	Checkout code	2025-05-22T14:38:41.7342563Z git version 2.43.0
end-workflow	Checkout code	2025-05-22T14:38:41.7366321Z ##[endgroup]
end-workflow	Checkout code	2025-05-22T14:38:41.7379845Z Copying '/home/kaos/.gitconfig' to '/actions-runner/_work/_temp/3c1d7dda-2f62-4fd8-87a0-c3b7eb932220/.gitconfig'
end-workflow	Checkout code	2025-05-22T14:38:41.7391201Z Temporarily overriding HOME='/actions-runner/_work/_temp/3c1d7dda-2f62-4fd8-87a0-c3b7eb932220' before making global git config changes
end-workflow	Checkout code	2025-05-22T14:38:41.7393354Z Adding repository directory to the temporary git global config as a safe directory
end-workflow	Checkout code	2025-05-22T14:38:41.7395449Z [command]/usr/bin/git config --global --add safe.directory /actions-runner/_work/ka0s/ka0s
end-workflow	Checkout code	2025-05-22T14:38:41.7446686Z [command]/usr/bin/git config --local --get remote.origin.url
end-workflow	Checkout code	2025-05-22T14:38:41.7469280Z https://github.com/Ka0s-Klaus/ka0s
end-workflow	Checkout code	2025-05-22T14:38:41.7490550Z ##[group]Removing previously created refs, to avoid conflicts
end-workflow	Checkout code	2025-05-22T14:38:41.7494227Z [command]/usr/bin/git rev-parse --symbolic-full-name --verify --quiet HEAD
end-workflow	Checkout code	2025-05-22T14:38:41.7517703Z refs/heads/main
end-workflow	Checkout code	2025-05-22T14:38:41.7528818Z [command]/usr/bin/git checkout --detach
end-workflow	Checkout code	2025-05-22T14:38:41.8118897Z HEAD is now at 319922a5 Número de metricas dinamico
end-workflow	Checkout code	2025-05-22T14:38:41.8165087Z [command]/usr/bin/git branch --delete --force main
end-workflow	Checkout code	2025-05-22T14:38:41.8198464Z Deleted branch main (was 319922a5).
end-workflow	Checkout code	2025-05-22T14:38:41.8270853Z ##[endgroup]
end-workflow	Checkout code	2025-05-22T14:38:41.8272819Z [command]/usr/bin/git submodule status
end-workflow	Checkout code	2025-05-22T14:38:41.8528110Z ##[group]Cleaning the repository
end-workflow	Checkout code	2025-05-22T14:38:41.8533416Z [command]/usr/bin/git clean -ffdx
end-workflow	Checkout code	2025-05-22T14:38:41.8599248Z Removing core/results/webs/test/15188887118-test-ftp-deploy-sync-state.json
end-workflow	Checkout code	2025-05-22T14:38:41.8610550Z [command]/usr/bin/git reset --hard HEAD
end-workflow	Checkout code	2025-05-22T14:38:41.8876617Z HEAD is now at 319922a5 Número de metricas dinamico
end-workflow	Checkout code	2025-05-22T14:38:41.8888453Z ##[endgroup]
end-workflow	Checkout code	2025-05-22T14:38:41.8889410Z ##[group]Disabling automatic garbage collection
end-workflow	Checkout code	2025-05-22T14:38:41.8890161Z [command]/usr/bin/git config --local gc.auto 0
end-workflow	Checkout code	2025-05-22T14:38:41.8919678Z ##[endgroup]
end-workflow	Checkout code	2025-05-22T14:38:41.8920551Z ##[group]Setting up auth
end-workflow	Checkout code	2025-05-22T14:38:41.8927026Z [command]/usr/bin/git config --local --name-only --get-regexp core\.sshCommand
end-workflow	Checkout code	2025-05-22T14:38:41.8976707Z [command]/usr/bin/git submodule foreach --recursive sh -c "git config --local --name-only --get-regexp 'core\.sshCommand' && git config --local --unset-all 'core.sshCommand' || :"
end-workflow	Checkout code	2025-05-22T14:38:41.9234021Z [command]/usr/bin/git config --local --name-only --get-regexp http\.https\:\/\/github\.com\/\.extraheader
end-workflow	Checkout code	2025-05-22T14:38:41.9264529Z [command]/usr/bin/git submodule foreach --recursive sh -c "git config --local --name-only --get-regexp 'http\.https\:\/\/github\.com\/\.extraheader' && git config --local --unset-all 'http.https://github.com/.extraheader' || :"
end-workflow	Checkout code	2025-05-22T14:38:41.9526326Z [command]/usr/bin/git config --local http.https://github.com/.extraheader AUTHORIZATION: basic ***
end-workflow	Checkout code	2025-05-22T14:38:41.9570997Z ##[endgroup]
end-workflow	Checkout code	2025-05-22T14:38:41.9572059Z ##[group]Fetching the repository
end-workflow	Checkout code	2025-05-22T14:38:41.9579581Z [command]/usr/bin/git -c protocol.version=2 fetch --prune --no-recurse-submodules origin +refs/heads/*:refs/remotes/origin/* +refs/tags/*:refs/tags/*
end-workflow	Checkout code	2025-05-22T14:38:42.8943498Z From https://github.com/Ka0s-Klaus/ka0s
end-workflow	Checkout code	2025-05-22T14:38:42.8945134Z    319922a5..06e81820  main       -> origin/main
end-workflow	Checkout code	2025-05-22T14:38:42.9004808Z [command]/usr/bin/git branch --list --remote origin/main
end-workflow	Checkout code	2025-05-22T14:38:42.9034930Z   origin/main
end-workflow	Checkout code	2025-05-22T14:38:42.9044579Z [command]/usr/bin/git rev-parse refs/remotes/origin/main
end-workflow	Checkout code	2025-05-22T14:38:42.9069314Z 06e8182050ac39c1bc304ef1037285d71c4b22f6
end-workflow	Checkout code	2025-05-22T14:38:42.9073526Z ##[endgroup]
end-workflow	Checkout code	2025-05-22T14:38:42.9075567Z ##[group]Determining the checkout info
end-workflow	Checkout code	2025-05-22T14:38:42.9077440Z ##[endgroup]
end-workflow	Checkout code	2025-05-22T14:38:42.9081008Z [command]/usr/bin/git sparse-checkout disable
end-workflow	Checkout code	2025-05-22T14:38:42.9165630Z [command]/usr/bin/git config --local --unset-all extensions.worktreeConfig
end-workflow	Checkout code	2025-05-22T14:38:42.9198565Z ##[group]Checking out the ref
end-workflow	Checkout code	2025-05-22T14:38:42.9200951Z [command]/usr/bin/git checkout --progress --force -B main refs/remotes/origin/main
end-workflow	Checkout code	2025-05-22T14:38:42.9481473Z Previous HEAD position was 319922a5 Número de metricas dinamico
end-workflow	Checkout code	2025-05-22T14:38:42.9489347Z Switched to a new branch 'main'
end-workflow	Checkout code	2025-05-22T14:38:42.9490663Z branch 'main' set up to track 'origin/main'.
end-workflow	Checkout code	2025-05-22T14:38:42.9498045Z ##[endgroup]
end-workflow	Checkout code	2025-05-22T14:38:42.9536632Z [command]/usr/bin/git log -1 --format=%H
end-workflow	Checkout code	2025-05-22T14:38:42.9564013Z 06e8182050ac39c1bc304ef1037285d71c4b22f6
end-workflow	Finaliza el workflow	﻿2025-05-22T14:38:42.9796062Z ##[group]Run echo "End process"
end-workflow	Finaliza el workflow	2025-05-22T14:38:42.9797321Z [36;1mecho "End process"[0m
end-workflow	Finaliza el workflow	2025-05-22T14:38:42.9798418Z [36;1mecho "Se finaliza Ka0s 15189522345"[0m
end-workflow	Finaliza el workflow	2025-05-22T14:38:42.9800836Z [36;1mgh workflow run inspector.yml --ref 'main' -f kaos-issue-id=$RNNUMBER -f kaos-workflow-id="15189522345" -f kaos-user-start=""[0m
end-workflow	Finaliza el workflow	2025-05-22T14:38:42.9813647Z shell: /usr/bin/bash -e {0}
end-workflow	Finaliza el workflow	2025-05-22T14:38:42.9814716Z env:
end-workflow	Finaliza el workflow	2025-05-22T14:38:42.9815943Z   KAOS_CODE: 15189522345
end-workflow	Finaliza el workflow	2025-05-22T14:38:42.9816891Z   KAOS_EVENT_NAME: push
end-workflow	Finaliza el workflow	2025-05-22T14:38:42.9817784Z   KAOS_ACTION: 
end-workflow	Finaliza el workflow	2025-05-22T14:38:42.9818623Z   KAOS_REF: refs/heads/main
end-workflow	Finaliza el workflow	2025-05-22T14:38:42.9819606Z   KAOS_MODULE: [Ka0S] Deploy Webs
end-workflow	Finaliza el workflow	2025-05-22T14:38:42.9820894Z   KAOS_PATH_ORIGIN_DASHBOARD: core/results/webs/dashboard/
end-workflow	Finaliza el workflow	2025-05-22T14:38:42.9822299Z   KAOS_PATH_WEB_DASHBOARD: /html/dashboard/
end-workflow	Finaliza el workflow	2025-05-22T14:38:42.9823829Z   KAOS_PATH_ORIGIN_TEST: core/results/webs/test/
end-workflow	Finaliza el workflow	2025-05-22T14:38:42.9825465Z   KAOS_PATH_WEB_TEST: /html/test/
end-workflow	Finaliza el workflow	2025-05-22T14:38:42.9826731Z   KAOS_PATH_RESUME: core/results/dw/
end-workflow	Finaliza el workflow	2025-05-22T14:38:42.9827925Z   KAOS_FILE_STATE: ftp-deploy-sync-state.json
end-workflow	Finaliza el workflow	2025-05-22T14:38:42.9829124Z   KAOS_ACTOR: AlejandroPB5
end-workflow	Finaliza el workflow	2025-05-22T14:38:42.9830112Z   KAOS_CACHE_BUSTER: 15189522345-380
end-workflow	Finaliza el workflow	2025-05-22T14:38:42.9831648Z   GH_TOKEN: ***
end-workflow	Finaliza el workflow	2025-05-22T14:38:42.9832474Z ##[endgroup]
end-workflow	Finaliza el workflow	2025-05-22T14:38:42.9890767Z End process
end-workflow	Finaliza el workflow	2025-05-22T14:38:42.9892032Z Se finaliza Ka0s 15189522345
end-workflow	Post Checkout code	﻿2025-05-22T14:38:43.6952839Z Post job cleanup.
end-workflow	Post Checkout code	2025-05-22T14:38:43.7922634Z [command]/usr/bin/git version
end-workflow	Post Checkout code	2025-05-22T14:38:43.7959895Z git version 2.43.0
end-workflow	Post Checkout code	2025-05-22T14:38:43.8000633Z Copying '/home/kaos/.gitconfig' to '/actions-runner/_work/_temp/27c891dd-6e8e-48b3-ac8f-88e2ae40f0d0/.gitconfig'
end-workflow	Post Checkout code	2025-05-22T14:38:43.8013199Z Temporarily overriding HOME='/actions-runner/_work/_temp/27c891dd-6e8e-48b3-ac8f-88e2ae40f0d0' before making global git config changes
end-workflow	Post Checkout code	2025-05-22T14:38:43.8014220Z Adding repository directory to the temporary git global config as a safe directory
end-workflow	Post Checkout code	2025-05-22T14:38:43.8019226Z [command]/usr/bin/git config --global --add safe.directory /actions-runner/_work/ka0s/ka0s
end-workflow	Post Checkout code	2025-05-22T14:38:43.8059616Z [command]/usr/bin/git config --local --name-only --get-regexp core\.sshCommand
end-workflow	Post Checkout code	2025-05-22T14:38:43.8104543Z [command]/usr/bin/git submodule foreach --recursive sh -c "git config --local --name-only --get-regexp 'core\.sshCommand' && git config --local --unset-all 'core.sshCommand' || :"
end-workflow	Post Checkout code	2025-05-22T14:38:43.8371819Z [command]/usr/bin/git config --local --name-only --get-regexp http\.https\:\/\/github\.com\/\.extraheader
end-workflow	Post Checkout code	2025-05-22T14:38:43.8395006Z http.https://github.com/.extraheader
end-workflow	Post Checkout code	2025-05-22T14:38:43.8408047Z [command]/usr/bin/git config --local --unset-all http.https://github.com/.extraheader
end-workflow	Post Checkout code	2025-05-22T14:38:43.8444327Z [command]/usr/bin/git submodule foreach --recursive sh -c "git config --local --name-only --get-regexp 'http\.https\:\/\/github\.com\/\.extraheader' && git config --local --unset-all 'http.https://github.com/.extraheader' || :"
end-workflow	Complete job	﻿2025-05-22T14:38:43.8880004Z Cleaning up orphan processes
