job-core	Set up job	Ôªø2025-05-26T07:17:09.9913167Z Current runner version: '2.324.0'
job-core	Set up job	2025-05-26T07:17:09.9920802Z Runner name: 'ka0s-ka0s-5'
job-core	Set up job	2025-05-26T07:17:09.9921830Z Machine name: '85bf26d22df3'
job-core	Set up job	2025-05-26T07:17:09.9924623Z ##[group]GITHUB_TOKEN Permissions
job-core	Set up job	2025-05-26T07:17:09.9927258Z Contents: read
job-core	Set up job	2025-05-26T07:17:09.9927863Z Metadata: read
job-core	Set up job	2025-05-26T07:17:09.9928411Z Packages: read
job-core	Set up job	2025-05-26T07:17:09.9929092Z ##[endgroup]
job-core	Set up job	2025-05-26T07:17:09.9931177Z Secret source: Actions
job-core	Set up job	2025-05-26T07:17:09.9931998Z Prepare workflow directory
job-core	Set up job	2025-05-26T07:17:10.0612096Z Prepare all required actions
job-core	Set up job	2025-05-26T07:17:10.0651557Z Getting action download info
job-core	Set up job	2025-05-26T07:17:10.8043965Z Download action repository 'actions/checkout@v4' (SHA:11bd71901bbe5b1630ceea73d27597364c9af683)
job-core	Set up job	2025-05-26T07:17:16.7462603Z Complete job name: job-core
job-core	Checkout code	Ôªø2025-05-26T07:17:16.7941984Z ##[group]Run actions/checkout@v4
job-core	Checkout code	2025-05-26T07:17:16.7942962Z with:
job-core	Checkout code	2025-05-26T07:17:16.7943434Z   fetch-depth: 0
job-core	Checkout code	2025-05-26T07:17:16.7944179Z   token: ***
job-core	Checkout code	2025-05-26T07:17:16.7944808Z   repository: Ka0s-Klaus/ka0s
job-core	Checkout code	2025-05-26T07:17:16.7945430Z   ssh-strict: true
job-core	Checkout code	2025-05-26T07:17:16.7945903Z   ssh-user: git
job-core	Checkout code	2025-05-26T07:17:16.7946385Z   persist-credentials: true
job-core	Checkout code	2025-05-26T07:17:16.7946922Z   clean: true
job-core	Checkout code	2025-05-26T07:17:16.7947407Z   sparse-checkout-cone-mode: true
job-core	Checkout code	2025-05-26T07:17:16.7947985Z   fetch-tags: false
job-core	Checkout code	2025-05-26T07:17:16.7948475Z   show-progress: true
job-core	Checkout code	2025-05-26T07:17:16.7948961Z   lfs: false
job-core	Checkout code	2025-05-26T07:17:16.7949410Z   submodules: false
job-core	Checkout code	2025-05-26T07:17:16.7949920Z   set-safe-directory: true
job-core	Checkout code	2025-05-26T07:17:16.7950685Z env:
job-core	Checkout code	2025-05-26T07:17:16.7951141Z   KAOS_CODE: 15248539910
job-core	Checkout code	2025-05-26T07:17:16.7951661Z   KAOS_EVENT_NAME: push
job-core	Checkout code	2025-05-26T07:17:16.7952165Z   KAOS_ACTION: 
job-core	Checkout code	2025-05-26T07:17:16.7952774Z   KAOS_REF: refs/heads/H1183-personalizaci√≥n-m√≥dulo-finops
job-core	Checkout code	2025-05-26T07:17:16.7953498Z   KAOS_MODULE: [Ka0S] kaos
job-core	Checkout code	2025-05-26T07:17:16.7954078Z   KAOS_PATH_RESUME: core/results/k/
job-core	Checkout code	2025-05-26T07:17:16.7954780Z   KAOS_JSON: core/results/k/event_data_
job-core	Checkout code	2025-05-26T07:17:16.7955387Z   KAOS_ACTOR: jh0ny2k2
job-core	Checkout code	2025-05-26T07:17:16.7955904Z   GITHUB_OUTPUT: 
job-core	Checkout code	2025-05-26T07:17:16.7956365Z ##[endgroup]
job-core	Checkout code	2025-05-26T07:17:16.9075971Z Syncing repository: Ka0s-Klaus/ka0s
job-core	Checkout code	2025-05-26T07:17:16.9078214Z ##[group]Getting Git version info
job-core	Checkout code	2025-05-26T07:17:16.9079036Z Working directory is '/actions-runner/_work/ka0s/ka0s'
job-core	Checkout code	2025-05-26T07:17:16.9080175Z [command]/usr/bin/git version
job-core	Checkout code	2025-05-26T07:17:16.9080759Z git version 2.43.0
job-core	Checkout code	2025-05-26T07:17:16.9098227Z ##[endgroup]
job-core	Checkout code	2025-05-26T07:17:16.9109577Z Copying '/home/kaos/.gitconfig' to '/actions-runner/_work/_temp/844cd9d1-85b0-4e67-a178-ec38c6a73055/.gitconfig'
job-core	Checkout code	2025-05-26T07:17:16.9121362Z Temporarily overriding HOME='/actions-runner/_work/_temp/844cd9d1-85b0-4e67-a178-ec38c6a73055' before making global git config changes
job-core	Checkout code	2025-05-26T07:17:16.9148255Z Adding repository directory to the temporary git global config as a safe directory
job-core	Checkout code	2025-05-26T07:17:16.9149852Z [command]/usr/bin/git config --global --add safe.directory /actions-runner/_work/ka0s/ka0s
job-core	Checkout code	2025-05-26T07:17:16.9180977Z [command]/usr/bin/git config --local --get remote.origin.url
job-core	Checkout code	2025-05-26T07:17:16.9203196Z https://github.com/Ka0s-Klaus/ka0s
job-core	Checkout code	2025-05-26T07:17:16.9223393Z ##[group]Removing previously created refs, to avoid conflicts
job-core	Checkout code	2025-05-26T07:17:16.9228284Z [command]/usr/bin/git rev-parse --symbolic-full-name --verify --quiet HEAD
job-core	Checkout code	2025-05-26T07:17:16.9251488Z refs/heads/main
job-core	Checkout code	2025-05-26T07:17:16.9262903Z [command]/usr/bin/git checkout --detach
job-core	Checkout code	2025-05-26T07:17:16.9486266Z HEAD is now at ace95921 [Ka0S] Update workflow statistics
job-core	Checkout code	2025-05-26T07:17:16.9531430Z [command]/usr/bin/git branch --delete --force main
job-core	Checkout code	2025-05-26T07:17:16.9563701Z Deleted branch main (was ace95921).
job-core	Checkout code	2025-05-26T07:17:16.9644897Z ##[endgroup]
job-core	Checkout code	2025-05-26T07:17:16.9646636Z [command]/usr/bin/git submodule status
job-core	Checkout code	2025-05-26T07:17:16.9909736Z ##[group]Cleaning the repository
job-core	Checkout code	2025-05-26T07:17:16.9914563Z [command]/usr/bin/git clean -ffdx
job-core	Checkout code	2025-05-26T07:17:16.9985791Z Removing core/outputs/w/issue-log-15244145124.json
job-core	Checkout code	2025-05-26T07:17:16.9995117Z [command]/usr/bin/git reset --hard HEAD
job-core	Checkout code	2025-05-26T07:17:17.0263581Z HEAD is now at ace95921 [Ka0S] Update workflow statistics
job-core	Checkout code	2025-05-26T07:17:17.0270196Z ##[endgroup]
job-core	Checkout code	2025-05-26T07:17:17.0271711Z ##[group]Disabling automatic garbage collection
job-core	Checkout code	2025-05-26T07:17:17.0277225Z [command]/usr/bin/git config --local gc.auto 0
job-core	Checkout code	2025-05-26T07:17:17.0310743Z ##[endgroup]
job-core	Checkout code	2025-05-26T07:17:17.0311764Z ##[group]Setting up auth
job-core	Checkout code	2025-05-26T07:17:17.0318096Z [command]/usr/bin/git config --local --name-only --get-regexp core\.sshCommand
job-core	Checkout code	2025-05-26T07:17:17.0352259Z [command]/usr/bin/git submodule foreach --recursive sh -c "git config --local --name-only --get-regexp 'core\.sshCommand' && git config --local --unset-all 'core.sshCommand' || :"
job-core	Checkout code	2025-05-26T07:17:17.0607431Z [command]/usr/bin/git config --local --name-only --get-regexp http\.https\:\/\/github\.com\/\.extraheader
job-core	Checkout code	2025-05-26T07:17:17.0636356Z [command]/usr/bin/git submodule foreach --recursive sh -c "git config --local --name-only --get-regexp 'http\.https\:\/\/github\.com\/\.extraheader' && git config --local --unset-all 'http.https://github.com/.extraheader' || :"
job-core	Checkout code	2025-05-26T07:17:17.0890655Z [command]/usr/bin/git config --local http.https://github.com/.extraheader AUTHORIZATION: basic ***
job-core	Checkout code	2025-05-26T07:17:17.0934004Z ##[endgroup]
job-core	Checkout code	2025-05-26T07:17:17.0935144Z ##[group]Fetching the repository
job-core	Checkout code	2025-05-26T07:17:17.0942505Z [command]/usr/bin/git -c protocol.version=2 fetch --prune --no-recurse-submodules origin +refs/heads/*:refs/remotes/origin/* +refs/tags/*:refs/tags/*
job-core	Checkout code	2025-05-26T07:17:18.0335883Z From https://github.com/Ka0s-Klaus/ka0s
job-core	Checkout code	2025-05-26T07:17:18.0339535Z    5c544653..cde390a2  H1183-personalizaci√≥n-m√≥dulo-finops -> origin/H1183-personalizaci√≥n-m√≥dulo-finops
job-core	Checkout code	2025-05-26T07:17:18.0342528Z    ace95921..102b3b85  main       -> origin/main
job-core	Checkout code	2025-05-26T07:17:18.0398910Z [command]/usr/bin/git branch --list --remote origin/H1183-personalizaci√≥n-m√≥dulo-finops
job-core	Checkout code	2025-05-26T07:17:18.0428004Z   origin/H1183-personalizaci√≥n-m√≥dulo-finops
job-core	Checkout code	2025-05-26T07:17:18.0440136Z [command]/usr/bin/git rev-parse refs/remotes/origin/H1183-personalizaci√≥n-m√≥dulo-finops
job-core	Checkout code	2025-05-26T07:17:18.0463671Z cde390a22410d23ec6622d533b80d7a275fe415e
job-core	Checkout code	2025-05-26T07:17:18.0472416Z ##[endgroup]
job-core	Checkout code	2025-05-26T07:17:18.0473952Z ##[group]Determining the checkout info
job-core	Checkout code	2025-05-26T07:17:18.0475969Z ##[endgroup]
job-core	Checkout code	2025-05-26T07:17:18.0477011Z [command]/usr/bin/git sparse-checkout disable
job-core	Checkout code	2025-05-26T07:17:18.0555429Z [command]/usr/bin/git config --local --unset-all extensions.worktreeConfig
job-core	Checkout code	2025-05-26T07:17:18.0586683Z ##[group]Checking out the ref
job-core	Checkout code	2025-05-26T07:17:18.0592212Z [command]/usr/bin/git checkout --progress --force -B H1183-personalizaci√≥n-m√≥dulo-finops refs/remotes/origin/H1183-personalizaci√≥n-m√≥dulo-finops
job-core	Checkout code	2025-05-26T07:17:18.0913804Z Previous HEAD position was ace95921 [Ka0S] Update workflow statistics
job-core	Checkout code	2025-05-26T07:17:18.0924787Z Switched to a new branch 'H1183-personalizaci√≥n-m√≥dulo-finops'
job-core	Checkout code	2025-05-26T07:17:18.0927975Z branch 'H1183-personalizaci√≥n-m√≥dulo-finops' set up to track 'origin/H1183-personalizaci√≥n-m√≥dulo-finops'.
job-core	Checkout code	2025-05-26T07:17:18.0933680Z ##[endgroup]
job-core	Checkout code	2025-05-26T07:17:18.0975642Z [command]/usr/bin/git log -1 --format=%H
job-core	Checkout code	2025-05-26T07:17:18.1004333Z cde390a22410d23ec6622d533b80d7a275fe415e
job-core	Validate file extensions	Ôªø2025-05-26T07:17:18.1265473Z ##[group]Run # Nueva ejecuci√≥n
job-core	Validate file extensions	2025-05-26T07:17:18.1266675Z [36;1m# Nueva ejecuci√≥n[0m
job-core	Validate file extensions	2025-05-26T07:17:18.1268280Z [36;1mRNNUMBER=$(echo "H1183-personalizaci√≥n-m√≥dulo-finops" | grep -o '[0-9]*')[0m
job-core	Validate file extensions	2025-05-26T07:17:18.1270801Z [36;1mgh issue comment $RNNUMBER --body "Se inicia Ka0s 15248539910 "[0m
job-core	Validate file extensions	2025-05-26T07:17:18.1282238Z shell: /usr/bin/bash -e {0}
job-core	Validate file extensions	2025-05-26T07:17:18.1283248Z env:
job-core	Validate file extensions	2025-05-26T07:17:18.1284000Z   KAOS_CODE: 15248539910
job-core	Validate file extensions	2025-05-26T07:17:18.1285004Z   KAOS_EVENT_NAME: push
job-core	Validate file extensions	2025-05-26T07:17:18.1285911Z   KAOS_ACTION: 
job-core	Validate file extensions	2025-05-26T07:17:18.1286985Z   KAOS_REF: refs/heads/H1183-personalizaci√≥n-m√≥dulo-finops
job-core	Validate file extensions	2025-05-26T07:17:18.1288365Z   KAOS_MODULE: [Ka0S] kaos
job-core	Validate file extensions	2025-05-26T07:17:18.1289370Z   KAOS_PATH_RESUME: core/results/k/
job-core	Validate file extensions	2025-05-26T07:17:18.1290504Z   KAOS_JSON: core/results/k/event_data_
job-core	Validate file extensions	2025-05-26T07:17:18.1291932Z   KAOS_ACTOR: jh0ny2k2
job-core	Validate file extensions	2025-05-26T07:17:18.1292838Z   GITHUB_OUTPUT: 
job-core	Validate file extensions	2025-05-26T07:17:18.1294199Z   GH_TOKEN: ***
job-core	Validate file extensions	2025-05-26T07:17:18.1295120Z ##[endgroup]
job-core	Validate file extensions	2025-05-26T07:17:19.6108294Z https://github.com/Ka0s-Klaus/ka0s/issues/1183#issuecomment-2908795233
job-core	Crear JSON	Ôªø2025-05-26T07:17:19.6233624Z ##[group]Run # Create JSON structure using proper bash syntax
job-core	Crear JSON	2025-05-26T07:17:19.6234314Z [36;1m# Create JSON structure using proper bash syntax[0m
job-core	Crear JSON	2025-05-26T07:17:19.6234911Z [36;1mcat > core/results/k/event_data_15248539910.json << EOF[0m
job-core	Crear JSON	2025-05-26T07:17:19.6235284Z [36;1m{[0m
job-core	Crear JSON	2025-05-26T07:17:19.6235513Z [36;1m  "event_type": "push",[0m
job-core	Crear JSON	2025-05-26T07:17:19.6235936Z [36;1m  "trigger_branch": "refs/heads/H1183-personalizaci√≥n-m√≥dulo-finops",[0m
job-core	Crear JSON	2025-05-26T07:17:19.6236444Z [36;1m  "timestamp": "$(date -u +"%Y-%m-%dT%H:%M:%SZ")",[0m
job-core	Crear JSON	2025-05-26T07:17:19.6236788Z [36;1m  "author": {[0m
job-core	Crear JSON	2025-05-26T07:17:19.6237044Z [36;1m    "name": "jh0ny2k2",[0m
job-core	Crear JSON	2025-05-26T07:17:19.6237421Z [36;1m    "email": "117847861+jh0ny2k2@users.noreply.github.com"[0m
job-core	Crear JSON	2025-05-26T07:17:19.6237781Z [36;1m  },[0m
job-core	Crear JSON	2025-05-26T07:17:19.6238001Z [36;1m  "commits": [],[0m
job-core	Crear JSON	2025-05-26T07:17:19.6238250Z [36;1m  "files": [][0m
job-core	Crear JSON	2025-05-26T07:17:19.6238481Z [36;1m}[0m
job-core	Crear JSON	2025-05-26T07:17:19.6238726Z [36;1mEOF[0m
job-core	Crear JSON	2025-05-26T07:17:19.6238978Z [36;1m[0m
job-core	Crear JSON	2025-05-26T07:17:19.6239213Z [36;1m# Add commits if this is a push event[0m
job-core	Crear JSON	2025-05-26T07:17:19.6239548Z [36;1mif [[ "push" == "push" ]]; then[0m
job-core	Crear JSON	2025-05-26T07:17:19.6239870Z [36;1m  # Create a temporary file for commits[0m
job-core	Crear JSON	2025-05-26T07:17:19.6240198Z [36;1m  TEMP_COMMITS=$(mktemp)[0m
job-core	Crear JSON	2025-05-26T07:17:19.6240484Z [36;1m  echo "[" > "$TEMP_COMMITS"[0m
job-core	Crear JSON	2025-05-26T07:17:19.6240755Z [36;1m  [0m
job-core	Crear JSON	2025-05-26T07:17:19.6240985Z [36;1m  # Process each commit[0m
job-core	Crear JSON	2025-05-26T07:17:19.6241256Z [36;1m  FIRST=true[0m
job-core	Crear JSON	2025-05-26T07:17:19.6241515Z [36;1m  while IFS= read -r commit; do[0m
job-core	Crear JSON	2025-05-26T07:17:19.6241836Z [36;1m    if [ "$FIRST" = true ]; then[0m
job-core	Crear JSON	2025-05-26T07:17:19.6242135Z [36;1m      FIRST=false[0m
job-core	Crear JSON	2025-05-26T07:17:19.6242380Z [36;1m    else[0m
job-core	Crear JSON	2025-05-26T07:17:19.6242639Z [36;1m      echo "," >> "$TEMP_COMMITS"[0m
job-core	Crear JSON	2025-05-26T07:17:19.6242965Z [36;1m    fi[0m
job-core	Crear JSON	2025-05-26T07:17:19.6243429Z [36;1m    git log -1 --pretty=format:'{"sha":"%H","author":"%an","email":"%ae","date":"%aI","message":"%s"}' "$commit" >> "$TEMP_COMMITS"[0m
job-core	Crear JSON	2025-05-26T07:17:19.6244238Z [36;1m  done < <(git rev-list 231495353b4c08f30369d57c1b91cbc1a84c968d..cde390a22410d23ec6622d533b80d7a275fe415e)[0m
job-core	Crear JSON	2025-05-26T07:17:19.6244860Z [36;1m  echo "]" >> "$TEMP_COMMITS"[0m
job-core	Crear JSON	2025-05-26T07:17:19.6245146Z [36;1m  [0m
job-core	Crear JSON	2025-05-26T07:17:19.6245379Z [36;1m  # Insert commits into main JSON[0m
job-core	Crear JSON	2025-05-26T07:17:19.6245896Z [36;1m  sed -i.bak -e '/"commits": \[/r '$TEMP_COMMITS'' -e '/"commits": \[/d' core/results/k/event_data_15248539910.json[0m
job-core	Crear JSON	2025-05-26T07:17:19.6246409Z [36;1m  rm "$TEMP_COMMITS"[0m
job-core	Crear JSON	2025-05-26T07:17:19.6246662Z [36;1m[0m
job-core	Crear JSON	2025-05-26T07:17:19.6246876Z [36;1m  # Add changed files[0m
job-core	Crear JSON	2025-05-26T07:17:19.6247150Z [36;1m  TEMP_FILES=$(mktemp)[0m
job-core	Crear JSON	2025-05-26T07:17:19.6247426Z [36;1m  echo "[" > "$TEMP_FILES"[0m
job-core	Crear JSON	2025-05-26T07:17:19.6247704Z [36;1m  FIRST=true[0m
job-core	Crear JSON	2025-05-26T07:17:19.6247956Z [36;1m  while IFS= read -r file; do[0m
job-core	Crear JSON	2025-05-26T07:17:19.6248275Z [36;1m    if [ "$FIRST" = true ]; then[0m
job-core	Crear JSON	2025-05-26T07:17:19.6248580Z [36;1m      FIRST=false[0m
job-core	Crear JSON	2025-05-26T07:17:19.6248828Z [36;1m    else[0m
job-core	Crear JSON	2025-05-26T07:17:19.6249066Z [36;1m      echo "," >> "$TEMP_FILES"[0m
job-core	Crear JSON	2025-05-26T07:17:19.6249342Z [36;1m    fi[0m
job-core	Crear JSON	2025-05-26T07:17:19.6249585Z [36;1m    echo "\"$file\"" >> "$TEMP_FILES"[0m
job-core	Crear JSON	2025-05-26T07:17:19.6250174Z [36;1m  done < <(git diff --name-only 231495353b4c08f30369d57c1b91cbc1a84c968d cde390a22410d23ec6622d533b80d7a275fe415e)[0m
job-core	Crear JSON	2025-05-26T07:17:19.6250750Z [36;1m  echo "]" >> "$TEMP_FILES"[0m
job-core	Crear JSON	2025-05-26T07:17:19.6251020Z [36;1m  [0m
job-core	Crear JSON	2025-05-26T07:17:19.6251248Z [36;1m  # Insert files into main JSON[0m
job-core	Crear JSON	2025-05-26T07:17:19.6251974Z [36;1m  sed -i.bak -e '/"files": \[/r '$TEMP_FILES'' -e '/"files": \[/d' core/results/k/event_data_15248539910.json[0m
job-core	Crear JSON	2025-05-26T07:17:19.6252450Z [36;1m  rm "$TEMP_FILES"[0m
job-core	Crear JSON	2025-05-26T07:17:19.6252754Z [36;1melif [[ "push" == "pull_request" ]]; then[0m
job-core	Crear JSON	2025-05-26T07:17:19.6253103Z [36;1m  # Add pull request information[0m
job-core	Crear JSON	2025-05-26T07:17:19.6253613Z [36;1m  TEMP_PR=$(mktemp)[0m
job-core	Crear JSON	2025-05-26T07:17:19.6253883Z [36;1m  cat > "$TEMP_PR" << EOF[0m
job-core	Crear JSON	2025-05-26T07:17:19.6254164Z [36;1m  ,"pull_request": {[0m
job-core	Crear JSON	2025-05-26T07:17:19.6254425Z [36;1m    "action": "",[0m
job-core	Crear JSON	2025-05-26T07:17:19.6254716Z [36;1m    "number": "",[0m
job-core	Crear JSON	2025-05-26T07:17:19.6254974Z [36;1m    "title": ""[0m
job-core	Crear JSON	2025-05-26T07:17:19.6255208Z [36;1m  }[0m
job-core	Crear JSON	2025-05-26T07:17:19.6255446Z [36;1mEOF[0m
job-core	Crear JSON	2025-05-26T07:17:19.6255828Z [36;1m  sed -i.bak -e '/}$/r '$TEMP_PR'' core/results/k/event_data_15248539910.json[0m
job-core	Crear JSON	2025-05-26T07:17:19.6256231Z [36;1m  rm "$TEMP_PR"[0m
job-core	Crear JSON	2025-05-26T07:17:19.6256504Z [36;1melif [[ "push" == "issues" ]]; then[0m
job-core	Crear JSON	2025-05-26T07:17:19.6256824Z [36;1m  # Add issue information[0m
job-core	Crear JSON	2025-05-26T07:17:19.6257114Z [36;1m  TEMP_ISSUE=$(mktemp)[0m
job-core	Crear JSON	2025-05-26T07:17:19.6257391Z [36;1m  cat > "$TEMP_ISSUE" << EOF[0m
job-core	Crear JSON	2025-05-26T07:17:19.6257670Z [36;1m  ,"issue": {[0m
job-core	Crear JSON	2025-05-26T07:17:19.6257914Z [36;1m    "action": "",[0m
job-core	Crear JSON	2025-05-26T07:17:19.6258170Z [36;1m    "number": "",[0m
job-core	Crear JSON	2025-05-26T07:17:19.6258419Z [36;1m    "title": ""[0m
job-core	Crear JSON	2025-05-26T07:17:19.6258654Z [36;1m  }[0m
job-core	Crear JSON	2025-05-26T07:17:19.6258856Z [36;1mEOF[0m
job-core	Crear JSON	2025-05-26T07:17:19.6259198Z [36;1m  sed -i.bak -e '/}$/r '$TEMP_ISSUE'' core/results/k/event_data_15248539910.json[0m
job-core	Crear JSON	2025-05-26T07:17:19.6259616Z [36;1m  rm "$TEMP_ISSUE"[0m
job-core	Crear JSON	2025-05-26T07:17:19.6259877Z [36;1mfi[0m
job-core	Crear JSON	2025-05-26T07:17:19.6260076Z [36;1m[0m
job-core	Crear JSON	2025-05-26T07:17:19.6260304Z [36;1m# Store the file path for later use[0m
job-core	Crear JSON	2025-05-26T07:17:19.6260742Z [36;1mINVOLVED=core/results/k/files-in-commit-$KAOS_CODE_FILES.txt[0m
job-core	Crear JSON	2025-05-26T07:17:19.6261205Z [36;1mecho "INVOLVED=$INVOLVED" >> $GITHUB_ENV[0m
job-core	Crear JSON	2025-05-26T07:17:19.6267817Z shell: /usr/bin/bash -e {0}
job-core	Crear JSON	2025-05-26T07:17:19.6268103Z env:
job-core	Crear JSON	2025-05-26T07:17:19.6268318Z   KAOS_CODE: 15248539910
job-core	Crear JSON	2025-05-26T07:17:19.6268577Z   KAOS_EVENT_NAME: push
job-core	Crear JSON	2025-05-26T07:17:19.6268817Z   KAOS_ACTION: 
job-core	Crear JSON	2025-05-26T07:17:19.6269122Z   KAOS_REF: refs/heads/H1183-personalizaci√≥n-m√≥dulo-finops
job-core	Crear JSON	2025-05-26T07:17:19.6269515Z   KAOS_MODULE: [Ka0S] kaos
job-core	Crear JSON	2025-05-26T07:17:19.6269784Z   KAOS_PATH_RESUME: core/results/k/
job-core	Crear JSON	2025-05-26T07:17:19.6270091Z   KAOS_JSON: core/results/k/event_data_
job-core	Crear JSON	2025-05-26T07:17:19.6270388Z   KAOS_ACTOR: jh0ny2k2
job-core	Crear JSON	2025-05-26T07:17:19.6270627Z   GITHUB_OUTPUT: 
job-core	Crear JSON	2025-05-26T07:17:19.6270850Z ##[endgroup]
job-core	Upload Files	Ôªø2025-05-26T07:17:19.6549526Z ##[group]Run echo "Uploading files to the repository..."
job-core	Upload Files	2025-05-26T07:17:19.6550115Z [36;1mecho "Uploading files to the repository..."[0m
job-core	Upload Files	2025-05-26T07:17:19.6550697Z [36;1mgit config --global user.name "***"[0m
job-core	Upload Files	2025-05-26T07:17:19.6551175Z [36;1mgit config --global user.email "***"[0m
job-core	Upload Files	2025-05-26T07:17:19.6551581Z [36;1mgit pull[0m
job-core	Upload Files	2025-05-26T07:17:19.6551894Z [36;1mgit add core/results/k/event_data_*[0m
job-core	Upload Files	2025-05-26T07:17:19.6552464Z [36;1mgit commit -m "[Ka0S] Uploading resume execution files to the repository..."[0m
job-core	Upload Files	2025-05-26T07:17:19.6553174Z [36;1mgit push origin refs/heads/H1183-personalizaci√≥n-m√≥dulo-finops [0m
job-core	Upload Files	2025-05-26T07:17:19.6560635Z shell: /usr/bin/bash -e {0}
job-core	Upload Files	2025-05-26T07:17:19.6560969Z env:
job-core	Upload Files	2025-05-26T07:17:19.6561211Z   KAOS_CODE: 15248539910
job-core	Upload Files	2025-05-26T07:17:19.6561520Z   KAOS_EVENT_NAME: push
job-core	Upload Files	2025-05-26T07:17:19.6561808Z   KAOS_ACTION: 
job-core	Upload Files	2025-05-26T07:17:19.6562170Z   KAOS_REF: refs/heads/H1183-personalizaci√≥n-m√≥dulo-finops
job-core	Upload Files	2025-05-26T07:17:19.6562628Z   KAOS_MODULE: [Ka0S] kaos
job-core	Upload Files	2025-05-26T07:17:19.6562986Z   KAOS_PATH_RESUME: core/results/k/
job-core	Upload Files	2025-05-26T07:17:19.6563354Z   KAOS_JSON: core/results/k/event_data_
job-core	Upload Files	2025-05-26T07:17:19.6563708Z   KAOS_ACTOR: jh0ny2k2
job-core	Upload Files	2025-05-26T07:17:19.6563988Z   GITHUB_OUTPUT: 
job-core	Upload Files	2025-05-26T07:17:19.6564310Z   INVOLVED: core/results/k/files-in-commit-.txt
job-core	Upload Files	2025-05-26T07:17:19.6564959Z ##[endgroup]
job-core	Upload Files	2025-05-26T07:17:19.6594148Z Uploading files to the repository...
job-core	Upload Files	2025-05-26T07:17:20.2220315Z Already up to date.
job-core	Upload Files	2025-05-26T07:17:20.2808351Z [H1183-personalizaci√≥n-m√≥dulo-finops bd84b959] [Ka0S] Uploading resume execution files to the repository...
job-core	Upload Files	2025-05-26T07:17:20.2809172Z  2 files changed, 50 insertions(+)
job-core	Upload Files	2025-05-26T07:17:20.2809525Z  create mode 100644 core/results/k/event_data_15248539910.json
job-core	Upload Files	2025-05-26T07:17:20.2809963Z  create mode 100644 core/results/k/event_data_15248539910.json.bak
job-core	Upload Files	2025-05-26T07:17:21.2074383Z To https://github.com/Ka0s-Klaus/ka0s
job-core	Upload Files	2025-05-26T07:17:21.2078298Z    cde390a2..bd84b959  H1183-personalizaci√≥n-m√≥dulo-finops -> H1183-personalizaci√≥n-m√≥dulo-finops
job-core	Run git diff --name-only 231495353b4c08f30369d57c1b91cbc1a84c968d cde390a22410d23ec6622d533b80d7a275fe415e > files-in-commit.txt	Ôªø2025-05-26T07:17:21.2217316Z ##[group]Run git diff --name-only 231495353b4c08f30369d57c1b91cbc1a84c968d cde390a22410d23ec6622d533b80d7a275fe415e > files-in-commit.txt
job-core	Run git diff --name-only 231495353b4c08f30369d57c1b91cbc1a84c968d cde390a22410d23ec6622d533b80d7a275fe415e > files-in-commit.txt	2025-05-26T07:17:21.2218453Z [36;1mgit diff --name-only 231495353b4c08f30369d57c1b91cbc1a84c968d cde390a22410d23ec6622d533b80d7a275fe415e > files-in-commit.txt[0m
job-core	Run git diff --name-only 231495353b4c08f30369d57c1b91cbc1a84c968d cde390a22410d23ec6622d533b80d7a275fe415e > files-in-commit.txt	2025-05-26T07:17:21.2219125Z [36;1mcat files-in-commit.txt[0m
job-core	Run git diff --name-only 231495353b4c08f30369d57c1b91cbc1a84c968d cde390a22410d23ec6622d533b80d7a275fe415e > files-in-commit.txt	2025-05-26T07:17:21.2219448Z [36;1m# Nuevo proceso de activacion de los modulos[0m
job-core	Run git diff --name-only 231495353b4c08f30369d57c1b91cbc1a84c968d cde390a22410d23ec6622d533b80d7a275fe415e > files-in-commit.txt	2025-05-26T07:17:21.2219786Z [36;1mwhile IFS= read -r line; do[0m
job-core	Run git diff --name-only 231495353b4c08f30369d57c1b91cbc1a84c968d cde390a22410d23ec6622d533b80d7a275fe415e > files-in-commit.txt	2025-05-26T07:17:21.2220098Z [36;1m  # Skip files in core/outputs directory[0m
job-core	Run git diff --name-only 231495353b4c08f30369d57c1b91cbc1a84c968d cde390a22410d23ec6622d533b80d7a275fe415e > files-in-commit.txt	2025-05-26T07:17:21.2220504Z [36;1m  if [[ "$line" == core/outputs/* || "$line" == core/results/* ]]; then[0m
job-core	Run git diff --name-only 231495353b4c08f30369d57c1b91cbc1a84c968d cde390a22410d23ec6622d533b80d7a275fe415e > files-in-commit.txt	2025-05-26T07:17:21.2220943Z [36;1m    echo "Skipping file in outputs directory: $line"[0m
job-core	Run git diff --name-only 231495353b4c08f30369d57c1b91cbc1a84c968d cde390a22410d23ec6622d533b80d7a275fe415e > files-in-commit.txt	2025-05-26T07:17:21.2221281Z [36;1m    continue[0m
job-core	Run git diff --name-only 231495353b4c08f30369d57c1b91cbc1a84c968d cde390a22410d23ec6622d533b80d7a275fe415e > files-in-commit.txt	2025-05-26T07:17:21.2221497Z [36;1m  fi[0m
job-core	Run git diff --name-only 231495353b4c08f30369d57c1b91cbc1a84c968d cde390a22410d23ec6622d533b80d7a275fe415e > files-in-commit.txt	2025-05-26T07:17:21.2221849Z [36;1m  echo "I Leemos el fichero files-in-commit.txt y extraemos el fichero $line"[0m
job-core	Run git diff --name-only 231495353b4c08f30369d57c1b91cbc1a84c968d cde390a22410d23ec6622d533b80d7a275fe415e > files-in-commit.txt	2025-05-26T07:17:21.2222317Z [36;1m  module_failed=0[0m
job-core	Run git diff --name-only 231495353b4c08f30369d57c1b91cbc1a84c968d cde390a22410d23ec6622d533b80d7a275fe415e > files-in-commit.txt	2025-05-26T07:17:21.2222571Z [36;1m  extension_failed=0[0m
job-core	Run git diff --name-only 231495353b4c08f30369d57c1b91cbc1a84c968d cde390a22410d23ec6622d533b80d7a275fe415e > files-in-commit.txt	2025-05-26T07:17:21.2222841Z [36;1m  file_name=$(basename "$line")[0m
job-core	Run git diff --name-only 231495353b4c08f30369d57c1b91cbc1a84c968d cde390a22410d23ec6622d533b80d7a275fe415e > files-in-commit.txt	2025-05-26T07:17:21.2223201Z [36;1m  echo "I-1 Calculamos el nombre del fichero $file_name"[0m
job-core	Run git diff --name-only 231495353b4c08f30369d57c1b91cbc1a84c968d cde390a22410d23ec6622d533b80d7a275fe415e > files-in-commit.txt	2025-05-26T07:17:21.2223583Z [36;1m  file_extension="${file_name##*.}"[0m
job-core	Run git diff --name-only 231495353b4c08f30369d57c1b91cbc1a84c968d cde390a22410d23ec6622d533b80d7a275fe415e > files-in-commit.txt	2025-05-26T07:17:21.2223972Z [36;1m  echo "I-2 Calculamos la extension del fichero $file_extension"[0m
job-core	Run git diff --name-only 231495353b4c08f30369d57c1b91cbc1a84c968d cde390a22410d23ec6622d533b80d7a275fe415e > files-in-commit.txt	2025-05-26T07:17:21.2224389Z [36;1m  file_module="$file_extension""lint.yml"[0m
job-core	Run git diff --name-only 231495353b4c08f30369d57c1b91cbc1a84c968d cde390a22410d23ec6622d533b80d7a275fe415e > files-in-commit.txt	2025-05-26T07:17:21.2224806Z [36;1m  echo "I-3 Calculamos el modulo $file_module"[0m
job-core	Run git diff --name-only 231495353b4c08f30369d57c1b91cbc1a84c968d cde390a22410d23ec6622d533b80d7a275fe415e > files-in-commit.txt	2025-05-26T07:17:21.2225164Z [36;1m  IFS=',' read -r -a file_array <<< "$files"[0m
job-core	Run git diff --name-only 231495353b4c08f30369d57c1b91cbc1a84c968d cde390a22410d23ec6622d533b80d7a275fe415e > files-in-commit.txt	2025-05-26T07:17:21.2225494Z [36;1m  for file in "${file_array[@]}"; do[0m
job-core	Run git diff --name-only 231495353b4c08f30369d57c1b91cbc1a84c968d cde390a22410d23ec6622d533b80d7a275fe415e > files-in-commit.txt	2025-05-26T07:17:21.2225811Z [36;1m    echo "II Leemos el array de $file"[0m
job-core	Run git diff --name-only 231495353b4c08f30369d57c1b91cbc1a84c968d cde390a22410d23ec6622d533b80d7a275fe415e > files-in-commit.txt	2025-05-26T07:17:21.2226145Z [36;1m    if [[ "$file_extension" == "$file" ]]; then[0m
job-core	Run git diff --name-only 231495353b4c08f30369d57c1b91cbc1a84c968d cde390a22410d23ec6622d533b80d7a275fe415e > files-in-commit.txt	2025-05-26T07:17:21.2226547Z [36;1m      echo "III Comprobamos si $file_extension es igual a $file"[0m
job-core	Run git diff --name-only 231495353b4c08f30369d57c1b91cbc1a84c968d cde390a22410d23ec6622d533b80d7a275fe415e > files-in-commit.txt	2025-05-26T07:17:21.2226981Z [36;1m      IFS=',' read -r -a module_array <<< "$modules"[0m
job-core	Run git diff --name-only 231495353b4c08f30369d57c1b91cbc1a84c968d cde390a22410d23ec6622d533b80d7a275fe415e > files-in-commit.txt	2025-05-26T07:17:21.2227334Z [36;1m      for module in "${module_array[@]}"; do[0m
job-core	Run git diff --name-only 231495353b4c08f30369d57c1b91cbc1a84c968d cde390a22410d23ec6622d533b80d7a275fe415e > files-in-commit.txt	2025-05-26T07:17:21.2227670Z [36;1m        echo "IV Leemos el array $module"[0m
job-core	Run git diff --name-only 231495353b4c08f30369d57c1b91cbc1a84c968d cde390a22410d23ec6622d533b80d7a275fe415e > files-in-commit.txt	2025-05-26T07:17:21.2228006Z [36;1m        if [[ "$file_module" == *"$module"* ]]; then[0m
job-core	Run git diff --name-only 231495353b4c08f30369d57c1b91cbc1a84c968d cde390a22410d23ec6622d533b80d7a275fe415e > files-in-commit.txt	2025-05-26T07:17:21.2228487Z [36;1m          echo "V Comprobamos que el $file_module es igual a $module y ejecutamos el flujo"[0m
job-core	Run git diff --name-only 231495353b4c08f30369d57c1b91cbc1a84c968d cde390a22410d23ec6622d533b80d7a275fe415e > files-in-commit.txt	2025-05-26T07:17:21.2228999Z [36;1m          # Si hemos llegado hasta aqu√≠ ejecutamos el m√≥dulo[0m
job-core	Run git diff --name-only 231495353b4c08f30369d57c1b91cbc1a84c968d cde390a22410d23ec6622d533b80d7a275fe415e > files-in-commit.txt	2025-05-26T07:17:21.2237212Z [36;1m          # Lanzamos el lint del fichero[0m
job-core	Run git diff --name-only 231495353b4c08f30369d57c1b91cbc1a84c968d cde390a22410d23ec6622d533b80d7a275fe415e > files-in-commit.txt	2025-05-26T07:17:21.2237764Z [36;1m          RNNUMBER=$(echo "refs/heads/H1183-personalizaci√≥n-m√≥dulo-finops" | grep -o '[0-9]*')[0m
job-core	Run git diff --name-only 231495353b4c08f30369d57c1b91cbc1a84c968d cde390a22410d23ec6622d533b80d7a275fe415e > files-in-commit.txt	2025-05-26T07:17:21.2238301Z [36;1m          echo "El numero de la issue es: $RNNUMBER"[0m
job-core	Run git diff --name-only 231495353b4c08f30369d57c1b91cbc1a84c968d cde390a22410d23ec6622d533b80d7a275fe415e > files-in-commit.txt	2025-05-26T07:17:21.2239175Z [36;1m          gh workflow run $file_module --ref refs/heads/H1183-personalizaci√≥n-m√≥dulo-finops -f kaos-origin=15248539910 -f kaos-files=$line -f kaos-issue-id=$RNNUMBER -f kaos-user-start=jh0ny2k2[0m
job-core	Run git diff --name-only 231495353b4c08f30369d57c1b91cbc1a84c968d cde390a22410d23ec6622d533b80d7a275fe415e > files-in-commit.txt	2025-05-26T07:17:21.2240013Z [36;1m          module_failed=0[0m
job-core	Run git diff --name-only 231495353b4c08f30369d57c1b91cbc1a84c968d cde390a22410d23ec6622d533b80d7a275fe415e > files-in-commit.txt	2025-05-26T07:17:21.2240292Z [36;1m          extension_failed=0[0m
job-core	Run git diff --name-only 231495353b4c08f30369d57c1b91cbc1a84c968d cde390a22410d23ec6622d533b80d7a275fe415e > files-in-commit.txt	2025-05-26T07:17:21.2240799Z [36;1m          break[0m
job-core	Run git diff --name-only 231495353b4c08f30369d57c1b91cbc1a84c968d cde390a22410d23ec6622d533b80d7a275fe415e > files-in-commit.txt	2025-05-26T07:17:21.2241035Z [36;1m        else[0m
job-core	Run git diff --name-only 231495353b4c08f30369d57c1b91cbc1a84c968d cde390a22410d23ec6622d533b80d7a275fe415e > files-in-commit.txt	2025-05-26T07:17:21.2241332Z [36;1m          # Control de si existe el modulo para esa extension"[0m
job-core	Run git diff --name-only 231495353b4c08f30369d57c1b91cbc1a84c968d cde390a22410d23ec6622d533b80d7a275fe415e > files-in-commit.txt	2025-05-26T07:17:21.2241867Z [36;1m          echo "VI No es igual $file_module a $module y lo indicamos en la variable module_failed=1"[0m
job-core	Run git diff --name-only 231495353b4c08f30369d57c1b91cbc1a84c968d cde390a22410d23ec6622d533b80d7a275fe415e > files-in-commit.txt	2025-05-26T07:17:21.2242331Z [36;1m          module_failed=1[0m
job-core	Run git diff --name-only 231495353b4c08f30369d57c1b91cbc1a84c968d cde390a22410d23ec6622d533b80d7a275fe415e > files-in-commit.txt	2025-05-26T07:17:21.2242588Z [36;1m        fi[0m
job-core	Run git diff --name-only 231495353b4c08f30369d57c1b91cbc1a84c968d cde390a22410d23ec6622d533b80d7a275fe415e > files-in-commit.txt	2025-05-26T07:17:21.2242799Z [36;1m      done[0m
job-core	Run git diff --name-only 231495353b4c08f30369d57c1b91cbc1a84c968d cde390a22410d23ec6622d533b80d7a275fe415e > files-in-commit.txt	2025-05-26T07:17:21.2243011Z [36;1m      break[0m
job-core	Run git diff --name-only 231495353b4c08f30369d57c1b91cbc1a84c968d cde390a22410d23ec6622d533b80d7a275fe415e > files-in-commit.txt	2025-05-26T07:17:21.2243224Z [36;1m    else[0m
job-core	Run git diff --name-only 231495353b4c08f30369d57c1b91cbc1a84c968d cde390a22410d23ec6622d533b80d7a275fe415e > files-in-commit.txt	2025-05-26T07:17:21.2243507Z [36;1m      # Control de si existe el modulo para esa extension"[0m
job-core	Run git diff --name-only 231495353b4c08f30369d57c1b91cbc1a84c968d cde390a22410d23ec6622d533b80d7a275fe415e > files-in-commit.txt	2025-05-26T07:17:21.2244250Z [36;1m      echo "VII No es igual $file_extension a $file y lo indicamos en la variable extension_failed=1"[0m
job-core	Run git diff --name-only 231495353b4c08f30369d57c1b91cbc1a84c968d cde390a22410d23ec6622d533b80d7a275fe415e > files-in-commit.txt	2025-05-26T07:17:21.2244790Z [36;1m      extension_failed=1[0m
job-core	Run git diff --name-only 231495353b4c08f30369d57c1b91cbc1a84c968d cde390a22410d23ec6622d533b80d7a275fe415e > files-in-commit.txt	2025-05-26T07:17:21.2245051Z [36;1m    fi  [0m
job-core	Run git diff --name-only 231495353b4c08f30369d57c1b91cbc1a84c968d cde390a22410d23ec6622d533b80d7a275fe415e > files-in-commit.txt	2025-05-26T07:17:21.2245264Z [36;1m  done[0m
job-core	Run git diff --name-only 231495353b4c08f30369d57c1b91cbc1a84c968d cde390a22410d23ec6622d533b80d7a275fe415e > files-in-commit.txt	2025-05-26T07:17:21.2245492Z [36;1m  if [[ $module_failed == 1 ]]; then[0m
job-core	Run git diff --name-only 231495353b4c08f30369d57c1b91cbc1a84c968d cde390a22410d23ec6622d533b80d7a275fe415e > files-in-commit.txt	2025-05-26T07:17:21.2245931Z [36;1m    echo "IX Si el modulo falla ($module_failed) a√±adimos el comentario a la issue"[0m
job-core	Run git diff --name-only 231495353b4c08f30369d57c1b91cbc1a84c968d cde390a22410d23ec6622d533b80d7a275fe415e > files-in-commit.txt	2025-05-26T07:17:21.2246721Z [36;1m    # Si hemos llegado hasta aqu√≠ a√±adimos el mensaje de que la extension esta permitida pero no dispone de modulo activo y aqui finaliza el proceso[0m
job-core	Run git diff --name-only 231495353b4c08f30369d57c1b91cbc1a84c968d cde390a22410d23ec6622d533b80d7a275fe415e > files-in-commit.txt	2025-05-26T07:17:21.2247424Z [36;1m    # A√±adimos los valores a las variables de la issue[0m
job-core	Run git diff --name-only 231495353b4c08f30369d57c1b91cbc1a84c968d cde390a22410d23ec6622d533b80d7a275fe415e > files-in-commit.txt	2025-05-26T07:17:21.2248367Z [36;1m    KAOS_ISSUE_BODY="[Ka0S] kaos ha detectado que la extensi√≥n ($file_extension) esta permitida dentro de KAOS_CORE_FILES, pero el m√≥dulo asociado ($file_module) no esta activo. Por favor compruebe que exista y esta activo."[0m
job-core	Run git diff --name-only 231495353b4c08f30369d57c1b91cbc1a84c968d cde390a22410d23ec6622d533b80d7a275fe415e > files-in-commit.txt	2025-05-26T07:17:21.2249295Z [36;1m    # A√±adimos el comentario a la issue[0m
job-core	Run git diff --name-only 231495353b4c08f30369d57c1b91cbc1a84c968d cde390a22410d23ec6622d533b80d7a275fe415e > files-in-commit.txt	2025-05-26T07:17:21.2249797Z [36;1m    RNNUMBER=$(echo "refs/heads/H1183-personalizaci√≥n-m√≥dulo-finops" | grep -o '[0-9]*')[0m
job-core	Run git diff --name-only 231495353b4c08f30369d57c1b91cbc1a84c968d cde390a22410d23ec6622d533b80d7a275fe415e > files-in-commit.txt	2025-05-26T07:17:21.2250354Z [36;1m    gh issue comment $RNNUMBER --body "$KAOS_ISSUE_BODY"[0m
job-core	Run git diff --name-only 231495353b4c08f30369d57c1b91cbc1a84c968d cde390a22410d23ec6622d533b80d7a275fe415e > files-in-commit.txt	2025-05-26T07:17:21.2250694Z [36;1m  fi[0m
job-core	Run git diff --name-only 231495353b4c08f30369d57c1b91cbc1a84c968d cde390a22410d23ec6622d533b80d7a275fe415e > files-in-commit.txt	2025-05-26T07:17:21.2250926Z [36;1m  if [[ $extension_failed == 1 ]]; then[0m
job-core	Run git diff --name-only 231495353b4c08f30369d57c1b91cbc1a84c968d cde390a22410d23ec6622d533b80d7a275fe415e > files-in-commit.txt	2025-05-26T07:17:21.2251406Z [36;1m    echo "X Si extension falla falla ($extension_failed) a√±adimos el comentario a la issue"[0m
job-core	Run git diff --name-only 231495353b4c08f30369d57c1b91cbc1a84c968d cde390a22410d23ec6622d533b80d7a275fe415e > files-in-commit.txt	2025-05-26T07:17:21.2252043Z [36;1m    # Si hemos llegado hasta aqu√≠ a√±adimos el mensaje de que la extension no esta permitida[0m
job-core	Run git diff --name-only 231495353b4c08f30369d57c1b91cbc1a84c968d cde390a22410d23ec6622d533b80d7a275fe415e > files-in-commit.txt	2025-05-26T07:17:21.2252560Z [36;1m    # A√±adimos los valores a las variables de la issue[0m
job-core	Run git diff --name-only 231495353b4c08f30369d57c1b91cbc1a84c968d cde390a22410d23ec6622d533b80d7a275fe415e > files-in-commit.txt	2025-05-26T07:17:21.2253338Z [36;1m    KAOS_ISSUE_BODY="[Ka0S] kaos ha detectado que la extensi√≥n ($file_extension) NO esta permitida dentro de KAOS_CORE_FILES. Por favor compruebe que exista y esta activo."[0m
job-core	Run git diff --name-only 231495353b4c08f30369d57c1b91cbc1a84c968d cde390a22410d23ec6622d533b80d7a275fe415e > files-in-commit.txt	2025-05-26T07:17:21.2254093Z [36;1m    # A√±adimos el comentario a la issue[0m
job-core	Run git diff --name-only 231495353b4c08f30369d57c1b91cbc1a84c968d cde390a22410d23ec6622d533b80d7a275fe415e > files-in-commit.txt	2025-05-26T07:17:21.2254591Z [36;1m    RNNUMBER=$(echo "refs/heads/H1183-personalizaci√≥n-m√≥dulo-finops" | grep -o '[0-9]*')[0m
job-core	Run git diff --name-only 231495353b4c08f30369d57c1b91cbc1a84c968d cde390a22410d23ec6622d533b80d7a275fe415e > files-in-commit.txt	2025-05-26T07:17:21.2255180Z [36;1m    gh issue comment $RNNUMBER --body "$KAOS_ISSUE_BODY"[0m
job-core	Run git diff --name-only 231495353b4c08f30369d57c1b91cbc1a84c968d cde390a22410d23ec6622d533b80d7a275fe415e > files-in-commit.txt	2025-05-26T07:17:21.2255535Z [36;1m  fi  [0m
job-core	Run git diff --name-only 231495353b4c08f30369d57c1b91cbc1a84c968d cde390a22410d23ec6622d533b80d7a275fe415e > files-in-commit.txt	2025-05-26T07:17:21.2255969Z [36;1***one < files-in-commit.txt      [0m
job-core	Run git diff --name-only 231495353b4c08f30369d57c1b91cbc1a84c968d cde390a22410d23ec6622d533b80d7a275fe415e > files-in-commit.txt	2025-05-26T07:17:21.2262042Z shell: /usr/bin/bash -e {0}
job-core	Run git diff --name-only 231495353b4c08f30369d57c1b91cbc1a84c968d cde390a22410d23ec6622d533b80d7a275fe415e > files-in-commit.txt	2025-05-26T07:17:21.2262305Z env:
job-core	Run git diff --name-only 231495353b4c08f30369d57c1b91cbc1a84c968d cde390a22410d23ec6622d533b80d7a275fe415e > files-in-commit.txt	2025-05-26T07:17:21.2262505Z   KAOS_CODE: 15248539910
job-core	Run git diff --name-only 231495353b4c08f30369d57c1b91cbc1a84c968d cde390a22410d23ec6622d533b80d7a275fe415e > files-in-commit.txt	2025-05-26T07:17:21.2262747Z   KAOS_EVENT_NAME: push
job-core	Run git diff --name-only 231495353b4c08f30369d57c1b91cbc1a84c968d cde390a22410d23ec6622d533b80d7a275fe415e > files-in-commit.txt	2025-05-26T07:17:21.2262977Z   KAOS_ACTION: 
job-core	Run git diff --name-only 231495353b4c08f30369d57c1b91cbc1a84c968d cde390a22410d23ec6622d533b80d7a275fe415e > files-in-commit.txt	2025-05-26T07:17:21.2263263Z   KAOS_REF: refs/heads/H1183-personalizaci√≥n-m√≥dulo-finops
job-core	Run git diff --name-only 231495353b4c08f30369d57c1b91cbc1a84c968d cde390a22410d23ec6622d533b80d7a275fe415e > files-in-commit.txt	2025-05-26T07:17:21.2263626Z   KAOS_MODULE: [Ka0S] kaos
job-core	Run git diff --name-only 231495353b4c08f30369d57c1b91cbc1a84c968d cde390a22410d23ec6622d533b80d7a275fe415e > files-in-commit.txt	2025-05-26T07:17:21.2263879Z   KAOS_PATH_RESUME: core/results/k/
job-core	Run git diff --name-only 231495353b4c08f30369d57c1b91cbc1a84c968d cde390a22410d23ec6622d533b80d7a275fe415e > files-in-commit.txt	2025-05-26T07:17:21.2264168Z   KAOS_JSON: core/results/k/event_data_
job-core	Run git diff --name-only 231495353b4c08f30369d57c1b91cbc1a84c968d cde390a22410d23ec6622d533b80d7a275fe415e > files-in-commit.txt	2025-05-26T07:17:21.2264449Z   KAOS_ACTOR: jh0ny2k2
job-core	Run git diff --name-only 231495353b4c08f30369d57c1b91cbc1a84c968d cde390a22410d23ec6622d533b80d7a275fe415e > files-in-commit.txt	2025-05-26T07:17:21.2264810Z   GITHUB_OUTPUT: 
job-core	Run git diff --name-only 231495353b4c08f30369d57c1b91cbc1a84c968d cde390a22410d23ec6622d533b80d7a275fe415e > files-in-commit.txt	2025-05-26T07:17:21.2265082Z   INVOLVED: core/results/k/files-in-commit-.txt
job-core	Run git diff --name-only 231495353b4c08f30369d57c1b91cbc1a84c968d cde390a22410d23ec6622d533b80d7a275fe415e > files-in-commit.txt	2025-05-26T07:17:21.2265687Z   modules: ***
job-core	Run git diff --name-only 231495353b4c08f30369d57c1b91cbc1a84c968d cde390a22410d23ec6622d533b80d7a275fe415e > files-in-commit.txt	2025-05-26T07:17:21.2265903Z   files: ***
job-core	Run git diff --name-only 231495353b4c08f30369d57c1b91cbc1a84c968d cde390a22410d23ec6622d533b80d7a275fe415e > files-in-commit.txt	2025-05-26T07:17:21.2266216Z   GH_TOKEN: ***
job-core	Run git diff --name-only 231495353b4c08f30369d57c1b91cbc1a84c968d cde390a22410d23ec6622d533b80d7a275fe415e > files-in-commit.txt	2025-05-26T07:17:21.2266601Z ##[endgroup]
job-core	Run git diff --name-only 231495353b4c08f30369d57c1b91cbc1a84c968d cde390a22410d23ec6622d533b80d7a275fe415e > files-in-commit.txt	2025-05-26T07:17:21.2324831Z core/config/finops/results/data/Section/section1.json
job-core	Run git diff --name-only 231495353b4c08f30369d57c1b91cbc1a84c968d cde390a22410d23ec6622d533b80d7a275fe415e > files-in-commit.txt	2025-05-26T07:17:21.2325440Z core/config/finops/results/data/Section/section10.json
job-core	Run git diff --name-only 231495353b4c08f30369d57c1b91cbc1a84c968d cde390a22410d23ec6622d533b80d7a275fe415e > files-in-commit.txt	2025-05-26T07:17:21.2328501Z core/config/finops/results/data/Section/section11.json
job-core	Run git diff --name-only 231495353b4c08f30369d57c1b91cbc1a84c968d cde390a22410d23ec6622d533b80d7a275fe415e > files-in-commit.txt	2025-05-26T07:17:21.2328976Z core/config/finops/results/data/Section/section2.json
job-core	Run git diff --name-only 231495353b4c08f30369d57c1b91cbc1a84c968d cde390a22410d23ec6622d533b80d7a275fe415e > files-in-commit.txt	2025-05-26T07:17:21.2329390Z core/config/finops/results/data/Section/section3.json
job-core	Run git diff --name-only 231495353b4c08f30369d57c1b91cbc1a84c968d cde390a22410d23ec6622d533b80d7a275fe415e > files-in-commit.txt	2025-05-26T07:17:21.2329798Z core/config/finops/results/data/Section/section4.json
job-core	Run git diff --name-only 231495353b4c08f30369d57c1b91cbc1a84c968d cde390a22410d23ec6622d533b80d7a275fe415e > files-in-commit.txt	2025-05-26T07:17:21.2330194Z core/config/finops/results/data/Section/section5.json
job-core	Run git diff --name-only 231495353b4c08f30369d57c1b91cbc1a84c968d cde390a22410d23ec6622d533b80d7a275fe415e > files-in-commit.txt	2025-05-26T07:17:21.2330589Z core/config/finops/results/data/Section/section6.json
job-core	Run git diff --name-only 231495353b4c08f30369d57c1b91cbc1a84c968d cde390a22410d23ec6622d533b80d7a275fe415e > files-in-commit.txt	2025-05-26T07:17:21.2330984Z core/config/finops/results/data/Section/section7.json
job-core	Run git diff --name-only 231495353b4c08f30369d57c1b91cbc1a84c968d cde390a22410d23ec6622d533b80d7a275fe415e > files-in-commit.txt	2025-05-26T07:17:21.2331661Z core/config/finops/results/data/Section/section8.json
job-core	Run git diff --name-only 231495353b4c08f30369d57c1b91cbc1a84c968d cde390a22410d23ec6622d533b80d7a275fe415e > files-in-commit.txt	2025-05-26T07:17:21.2332054Z core/config/finops/results/data/Section/section9.json
job-core	Run git diff --name-only 231495353b4c08f30369d57c1b91cbc1a84c968d cde390a22410d23ec6622d533b80d7a275fe415e > files-in-commit.txt	2025-05-26T07:17:21.2332674Z I Leemos el fichero files-in-commit.txt y extraemos el fichero core/config/finops/results/data/Section/section1.json
job-core	Run git diff --name-only 231495353b4c08f30369d57c1b91cbc1a84c968d cde390a22410d23ec6622d533b80d7a275fe415e > files-in-commit.txt	2025-05-26T07:17:21.2338376Z I-1 Calculamos el nombre del fichero section1.json
job-core	Run git diff --name-only 231495353b4c08f30369d57c1b91cbc1a84c968d cde390a22410d23ec6622d533b80d7a275fe415e > files-in-commit.txt	2025-05-26T07:17:21.2339023Z I-2 Calculamos la extension del fichero json
job-core	Run git diff --name-only 231495353b4c08f30369d57c1b91cbc1a84c968d cde390a22410d23ec6622d533b80d7a275fe415e > files-in-commit.txt	2025-05-26T07:17:21.2339381Z I-3 Calculamos el modulo jsonlint.yml
job-core	Run git diff --name-only 231495353b4c08f30369d57c1b91cbc1a84c968d cde390a22410d23ec6622d533b80d7a275fe415e > files-in-commit.txt	2025-05-26T07:17:21.2339811Z II Leemos el array de ***
job-core	Run git diff --name-only 231495353b4c08f30369d57c1b91cbc1a84c968d cde390a22410d23ec6622d533b80d7a275fe415e > files-in-commit.txt	2025-05-26T07:17:21.2340202Z VII No es igual json a *** y lo indicamos en la variable extension_failed=1
job-core	Run git diff --name-only 231495353b4c08f30369d57c1b91cbc1a84c968d cde390a22410d23ec6622d533b80d7a275fe415e > files-in-commit.txt	2025-05-26T07:17:21.2340902Z X Si extension falla falla (1) a√±adimos el comentario a la issue
job-core	Run git diff --name-only 231495353b4c08f30369d57c1b91cbc1a84c968d cde390a22410d23ec6622d533b80d7a275fe415e > files-in-commit.txt	2025-05-26T07:17:22.4625634Z https://github.com/Ka0s-Klaus/ka0s/issues/1183#issuecomment-2908795332
job-core	Run git diff --name-only 231495353b4c08f30369d57c1b91cbc1a84c968d cde390a22410d23ec6622d533b80d7a275fe415e > files-in-commit.txt	2025-05-26T07:17:22.4643202Z I Leemos el fichero files-in-commit.txt y extraemos el fichero core/config/finops/results/data/Section/section10.json
job-core	Run git diff --name-only 231495353b4c08f30369d57c1b91cbc1a84c968d cde390a22410d23ec6622d533b80d7a275fe415e > files-in-commit.txt	2025-05-26T07:17:22.4656567Z I-1 Calculamos el nombre del fichero section10.json
job-core	Run git diff --name-only 231495353b4c08f30369d57c1b91cbc1a84c968d cde390a22410d23ec6622d533b80d7a275fe415e > files-in-commit.txt	2025-05-26T07:17:22.4657129Z I-2 Calculamos la extension del fichero json
job-core	Run git diff --name-only 231495353b4c08f30369d57c1b91cbc1a84c968d cde390a22410d23ec6622d533b80d7a275fe415e > files-in-commit.txt	2025-05-26T07:17:22.4657461Z I-3 Calculamos el modulo jsonlint.yml
job-core	Run git diff --name-only 231495353b4c08f30369d57c1b91cbc1a84c968d cde390a22410d23ec6622d533b80d7a275fe415e > files-in-commit.txt	2025-05-26T07:17:22.4658230Z II Leemos el array de ***
job-core	Run git diff --name-only 231495353b4c08f30369d57c1b91cbc1a84c968d cde390a22410d23ec6622d533b80d7a275fe415e > files-in-commit.txt	2025-05-26T07:17:22.4658655Z VII No es igual json a *** y lo indicamos en la variable extension_failed=1
job-core	Run git diff --name-only 231495353b4c08f30369d57c1b91cbc1a84c968d cde390a22410d23ec6622d533b80d7a275fe415e > files-in-commit.txt	2025-05-26T07:17:22.4659389Z X Si extension falla falla (1) a√±adimos el comentario a la issue
job-core	Run git diff --name-only 231495353b4c08f30369d57c1b91cbc1a84c968d cde390a22410d23ec6622d533b80d7a275fe415e > files-in-commit.txt	2025-05-26T07:17:23.6746987Z https://github.com/Ka0s-Klaus/ka0s/issues/1183#issuecomment-2908795370
job-core	Run git diff --name-only 231495353b4c08f30369d57c1b91cbc1a84c968d cde390a22410d23ec6622d533b80d7a275fe415e > files-in-commit.txt	2025-05-26T07:17:23.6800848Z I Leemos el fichero files-in-commit.txt y extraemos el fichero core/config/finops/results/data/Section/section11.json
job-core	Run git diff --name-only 231495353b4c08f30369d57c1b91cbc1a84c968d cde390a22410d23ec6622d533b80d7a275fe415e > files-in-commit.txt	2025-05-26T07:17:23.6813675Z I-1 Calculamos el nombre del fichero section11.json
job-core	Run git diff --name-only 231495353b4c08f30369d57c1b91cbc1a84c968d cde390a22410d23ec6622d533b80d7a275fe415e > files-in-commit.txt	2025-05-26T07:17:23.6814101Z I-2 Calculamos la extension del fichero json
job-core	Run git diff --name-only 231495353b4c08f30369d57c1b91cbc1a84c968d cde390a22410d23ec6622d533b80d7a275fe415e > files-in-commit.txt	2025-05-26T07:17:23.6814428Z I-3 Calculamos el modulo jsonlint.yml
job-core	Run git diff --name-only 231495353b4c08f30369d57c1b91cbc1a84c968d cde390a22410d23ec6622d533b80d7a275fe415e > files-in-commit.txt	2025-05-26T07:17:23.6814917Z II Leemos el array de ***
job-core	Run git diff --name-only 231495353b4c08f30369d57c1b91cbc1a84c968d cde390a22410d23ec6622d533b80d7a275fe415e > files-in-commit.txt	2025-05-26T07:17:23.6823422Z VII No es igual json a *** y lo indicamos en la variable extension_failed=1
job-core	Run git diff --name-only 231495353b4c08f30369d57c1b91cbc1a84c968d cde390a22410d23ec6622d533b80d7a275fe415e > files-in-commit.txt	2025-05-26T07:17:23.6824221Z X Si extension falla falla (1) a√±adimos el comentario a la issue
job-core	Run git diff --name-only 231495353b4c08f30369d57c1b91cbc1a84c968d cde390a22410d23ec6622d533b80d7a275fe415e > files-in-commit.txt	2025-05-26T07:17:25.0499358Z https://github.com/Ka0s-Klaus/ka0s/issues/1183#issuecomment-2908795415
job-core	Run git diff --name-only 231495353b4c08f30369d57c1b91cbc1a84c968d cde390a22410d23ec6622d533b80d7a275fe415e > files-in-commit.txt	2025-05-26T07:17:25.0555168Z I Leemos el fichero files-in-commit.txt y extraemos el fichero core/config/finops/results/data/Section/section2.json
job-core	Run git diff --name-only 231495353b4c08f30369d57c1b91cbc1a84c968d cde390a22410d23ec6622d533b80d7a275fe415e > files-in-commit.txt	2025-05-26T07:17:25.0565274Z I-1 Calculamos el nombre del fichero section2.json
job-core	Run git diff --name-only 231495353b4c08f30369d57c1b91cbc1a84c968d cde390a22410d23ec6622d533b80d7a275fe415e > files-in-commit.txt	2025-05-26T07:17:25.0565671Z I-2 Calculamos la extension del fichero json
job-core	Run git diff --name-only 231495353b4c08f30369d57c1b91cbc1a84c968d cde390a22410d23ec6622d533b80d7a275fe415e > files-in-commit.txt	2025-05-26T07:17:25.0565994Z I-3 Calculamos el modulo jsonlint.yml
job-core	Run git diff --name-only 231495353b4c08f30369d57c1b91cbc1a84c968d cde390a22410d23ec6622d533b80d7a275fe415e > files-in-commit.txt	2025-05-26T07:17:25.0566465Z II Leemos el array de ***
job-core	Run git diff --name-only 231495353b4c08f30369d57c1b91cbc1a84c968d cde390a22410d23ec6622d533b80d7a275fe415e > files-in-commit.txt	2025-05-26T07:17:25.0566864Z VII No es igual json a *** y lo indicamos en la variable extension_failed=1
job-core	Run git diff --name-only 231495353b4c08f30369d57c1b91cbc1a84c968d cde390a22410d23ec6622d533b80d7a275fe415e > files-in-commit.txt	2025-05-26T07:17:25.0567586Z X Si extension falla falla (1) a√±adimos el comentario a la issue
job-core	Run git diff --name-only 231495353b4c08f30369d57c1b91cbc1a84c968d cde390a22410d23ec6622d533b80d7a275fe415e > files-in-commit.txt	2025-05-26T07:17:26.2196674Z https://github.com/Ka0s-Klaus/ka0s/issues/1183#issuecomment-2908795453
job-core	Run git diff --name-only 231495353b4c08f30369d57c1b91cbc1a84c968d cde390a22410d23ec6622d533b80d7a275fe415e > files-in-commit.txt	2025-05-26T07:17:26.2244308Z I Leemos el fichero files-in-commit.txt y extraemos el fichero core/config/finops/results/data/Section/section3.json
job-core	Run git diff --name-only 231495353b4c08f30369d57c1b91cbc1a84c968d cde390a22410d23ec6622d533b80d7a275fe415e > files-in-commit.txt	2025-05-26T07:17:26.2256625Z I-1 Calculamos el nombre del fichero section3.json
job-core	Run git diff --name-only 231495353b4c08f30369d57c1b91cbc1a84c968d cde390a22410d23ec6622d533b80d7a275fe415e > files-in-commit.txt	2025-05-26T07:17:26.2257274Z I-2 Calculamos la extension del fichero json
job-core	Run git diff --name-only 231495353b4c08f30369d57c1b91cbc1a84c968d cde390a22410d23ec6622d533b80d7a275fe415e > files-in-commit.txt	2025-05-26T07:17:26.2261096Z I-3 Calculamos el modulo jsonlint.yml
job-core	Run git diff --name-only 231495353b4c08f30369d57c1b91cbc1a84c968d cde390a22410d23ec6622d533b80d7a275fe415e > files-in-commit.txt	2025-05-26T07:17:26.2261717Z II Leemos el array de ***
job-core	Run git diff --name-only 231495353b4c08f30369d57c1b91cbc1a84c968d cde390a22410d23ec6622d533b80d7a275fe415e > files-in-commit.txt	2025-05-26T07:17:26.2262163Z VII No es igual json a *** y lo indicamos en la variable extension_failed=1
job-core	Run git diff --name-only 231495353b4c08f30369d57c1b91cbc1a84c968d cde390a22410d23ec6622d533b80d7a275fe415e > files-in-commit.txt	2025-05-26T07:17:26.2262910Z X Si extension falla falla (1) a√±adimos el comentario a la issue
job-core	Run git diff --name-only 231495353b4c08f30369d57c1b91cbc1a84c968d cde390a22410d23ec6622d533b80d7a275fe415e > files-in-commit.txt	2025-05-26T07:17:27.5049346Z https://github.com/Ka0s-Klaus/ka0s/issues/1183#issuecomment-2908795487
job-core	Run git diff --name-only 231495353b4c08f30369d57c1b91cbc1a84c968d cde390a22410d23ec6622d533b80d7a275fe415e > files-in-commit.txt	2025-05-26T07:17:27.5066743Z I Leemos el fichero files-in-commit.txt y extraemos el fichero core/config/finops/results/data/Section/section4.json
job-core	Run git diff --name-only 231495353b4c08f30369d57c1b91cbc1a84c968d cde390a22410d23ec6622d533b80d7a275fe415e > files-in-commit.txt	2025-05-26T07:17:27.5081725Z I-1 Calculamos el nombre del fichero section4.json
job-core	Run git diff --name-only 231495353b4c08f30369d57c1b91cbc1a84c968d cde390a22410d23ec6622d533b80d7a275fe415e > files-in-commit.txt	2025-05-26T07:17:27.5082670Z I-2 Calculamos la extension del fichero json
job-core	Run git diff --name-only 231495353b4c08f30369d57c1b91cbc1a84c968d cde390a22410d23ec6622d533b80d7a275fe415e > files-in-commit.txt	2025-05-26T07:17:27.5083162Z I-3 Calculamos el modulo jsonlint.yml
job-core	Run git diff --name-only 231495353b4c08f30369d57c1b91cbc1a84c968d cde390a22410d23ec6622d533b80d7a275fe415e > files-in-commit.txt	2025-05-26T07:17:27.5084830Z II Leemos el array de ***
job-core	Run git diff --name-only 231495353b4c08f30369d57c1b91cbc1a84c968d cde390a22410d23ec6622d533b80d7a275fe415e > files-in-commit.txt	2025-05-26T07:17:27.5085457Z VII No es igual json a *** y lo indicamos en la variable extension_failed=1
job-core	Run git diff --name-only 231495353b4c08f30369d57c1b91cbc1a84c968d cde390a22410d23ec6622d533b80d7a275fe415e > files-in-commit.txt	2025-05-26T07:17:27.5086362Z X Si extension falla falla (1) a√±adimos el comentario a la issue
job-core	Run git diff --name-only 231495353b4c08f30369d57c1b91cbc1a84c968d cde390a22410d23ec6622d533b80d7a275fe415e > files-in-commit.txt	2025-05-26T07:17:28.6743695Z https://github.com/Ka0s-Klaus/ka0s/issues/1183#issuecomment-2908795527
job-core	Run git diff --name-only 231495353b4c08f30369d57c1b91cbc1a84c968d cde390a22410d23ec6622d533b80d7a275fe415e > files-in-commit.txt	2025-05-26T07:17:28.6794957Z I Leemos el fichero files-in-commit.txt y extraemos el fichero core/config/finops/results/data/Section/section5.json
job-core	Run git diff --name-only 231495353b4c08f30369d57c1b91cbc1a84c968d cde390a22410d23ec6622d533b80d7a275fe415e > files-in-commit.txt	2025-05-26T07:17:28.6806057Z I-1 Calculamos el nombre del fichero section5.json
job-core	Run git diff --name-only 231495353b4c08f30369d57c1b91cbc1a84c968d cde390a22410d23ec6622d533b80d7a275fe415e > files-in-commit.txt	2025-05-26T07:17:28.6806639Z I-2 Calculamos la extension del fichero json
job-core	Run git diff --name-only 231495353b4c08f30369d57c1b91cbc1a84c968d cde390a22410d23ec6622d533b80d7a275fe415e > files-in-commit.txt	2025-05-26T07:17:28.6807002Z I-3 Calculamos el modulo jsonlint.yml
job-core	Run git diff --name-only 231495353b4c08f30369d57c1b91cbc1a84c968d cde390a22410d23ec6622d533b80d7a275fe415e > files-in-commit.txt	2025-05-26T07:17:28.6807391Z II Leemos el array de ***
job-core	Run git diff --name-only 231495353b4c08f30369d57c1b91cbc1a84c968d cde390a22410d23ec6622d533b80d7a275fe415e > files-in-commit.txt	2025-05-26T07:17:28.6807765Z VII No es igual json a *** y lo indicamos en la variable extension_failed=1
job-core	Run git diff --name-only 231495353b4c08f30369d57c1b91cbc1a84c968d cde390a22410d23ec6622d533b80d7a275fe415e > files-in-commit.txt	2025-05-26T07:17:28.6808459Z X Si extension falla falla (1) a√±adimos el comentario a la issue
job-core	Run git diff --name-only 231495353b4c08f30369d57c1b91cbc1a84c968d cde390a22410d23ec6622d533b80d7a275fe415e > files-in-commit.txt	2025-05-26T07:17:29.5844428Z https://github.com/Ka0s-Klaus/ka0s/issues/1183#issuecomment-2908795555
job-core	Run git diff --name-only 231495353b4c08f30369d57c1b91cbc1a84c968d cde390a22410d23ec6622d533b80d7a275fe415e > files-in-commit.txt	2025-05-26T07:17:29.5895404Z I Leemos el fichero files-in-commit.txt y extraemos el fichero core/config/finops/results/data/Section/section6.json
job-core	Run git diff --name-only 231495353b4c08f30369d57c1b91cbc1a84c968d cde390a22410d23ec6622d533b80d7a275fe415e > files-in-commit.txt	2025-05-26T07:17:29.5907291Z I-1 Calculamos el nombre del fichero section6.json
job-core	Run git diff --name-only 231495353b4c08f30369d57c1b91cbc1a84c968d cde390a22410d23ec6622d533b80d7a275fe415e > files-in-commit.txt	2025-05-26T07:17:29.5907706Z I-2 Calculamos la extension del fichero json
job-core	Run git diff --name-only 231495353b4c08f30369d57c1b91cbc1a84c968d cde390a22410d23ec6622d533b80d7a275fe415e > files-in-commit.txt	2025-05-26T07:17:29.5909555Z I-3 Calculamos el modulo jsonlint.yml
job-core	Run git diff --name-only 231495353b4c08f30369d57c1b91cbc1a84c968d cde390a22410d23ec6622d533b80d7a275fe415e > files-in-commit.txt	2025-05-26T07:17:29.5910065Z II Leemos el array de ***
job-core	Run git diff --name-only 231495353b4c08f30369d57c1b91cbc1a84c968d cde390a22410d23ec6622d533b80d7a275fe415e > files-in-commit.txt	2025-05-26T07:17:29.5910588Z VII No es igual json a *** y lo indicamos en la variable extension_failed=1
job-core	Run git diff --name-only 231495353b4c08f30369d57c1b91cbc1a84c968d cde390a22410d23ec6622d533b80d7a275fe415e > files-in-commit.txt	2025-05-26T07:17:29.5911313Z X Si extension falla falla (1) a√±adimos el comentario a la issue
job-core	Run git diff --name-only 231495353b4c08f30369d57c1b91cbc1a84c968d cde390a22410d23ec6622d533b80d7a275fe415e > files-in-commit.txt	2025-05-26T07:17:30.6463873Z https://github.com/Ka0s-Klaus/ka0s/issues/1183#issuecomment-2908795586
job-core	Run git diff --name-only 231495353b4c08f30369d57c1b91cbc1a84c968d cde390a22410d23ec6622d533b80d7a275fe415e > files-in-commit.txt	2025-05-26T07:17:30.6514438Z I Leemos el fichero files-in-commit.txt y extraemos el fichero core/config/finops/results/data/Section/section7.json
job-core	Run git diff --name-only 231495353b4c08f30369d57c1b91cbc1a84c968d cde390a22410d23ec6622d533b80d7a275fe415e > files-in-commit.txt	2025-05-26T07:17:30.6525199Z I-1 Calculamos el nombre del fichero section7.json
job-core	Run git diff --name-only 231495353b4c08f30369d57c1b91cbc1a84c968d cde390a22410d23ec6622d533b80d7a275fe415e > files-in-commit.txt	2025-05-26T07:17:30.6525648Z I-2 Calculamos la extension del fichero json
job-core	Run git diff --name-only 231495353b4c08f30369d57c1b91cbc1a84c968d cde390a22410d23ec6622d533b80d7a275fe415e > files-in-commit.txt	2025-05-26T07:17:30.6525973Z I-3 Calculamos el modulo jsonlint.yml
job-core	Run git diff --name-only 231495353b4c08f30369d57c1b91cbc1a84c968d cde390a22410d23ec6622d533b80d7a275fe415e > files-in-commit.txt	2025-05-26T07:17:30.6526465Z II Leemos el array de ***
job-core	Run git diff --name-only 231495353b4c08f30369d57c1b91cbc1a84c968d cde390a22410d23ec6622d533b80d7a275fe415e > files-in-commit.txt	2025-05-26T07:17:30.6526844Z VII No es igual json a *** y lo indicamos en la variable extension_failed=1
job-core	Run git diff --name-only 231495353b4c08f30369d57c1b91cbc1a84c968d cde390a22410d23ec6622d533b80d7a275fe415e > files-in-commit.txt	2025-05-26T07:17:30.6527602Z X Si extension falla falla (1) a√±adimos el comentario a la issue
job-core	Run git diff --name-only 231495353b4c08f30369d57c1b91cbc1a84c968d cde390a22410d23ec6622d533b80d7a275fe415e > files-in-commit.txt	2025-05-26T07:17:31.7676787Z https://github.com/Ka0s-Klaus/ka0s/issues/1183#issuecomment-2908795617
job-core	Run git diff --name-only 231495353b4c08f30369d57c1b91cbc1a84c968d cde390a22410d23ec6622d533b80d7a275fe415e > files-in-commit.txt	2025-05-26T07:17:31.7741975Z I Leemos el fichero files-in-commit.txt y extraemos el fichero core/config/finops/results/data/Section/section8.json
job-core	Run git diff --name-only 231495353b4c08f30369d57c1b91cbc1a84c968d cde390a22410d23ec6622d533b80d7a275fe415e > files-in-commit.txt	2025-05-26T07:17:31.7784391Z I-1 Calculamos el nombre del fichero section8.json
job-core	Run git diff --name-only 231495353b4c08f30369d57c1b91cbc1a84c968d cde390a22410d23ec6622d533b80d7a275fe415e > files-in-commit.txt	2025-05-26T07:17:31.7786404Z I-2 Calculamos la extension del fichero json
job-core	Run git diff --name-only 231495353b4c08f30369d57c1b91cbc1a84c968d cde390a22410d23ec6622d533b80d7a275fe415e > files-in-commit.txt	2025-05-26T07:17:31.7787840Z I-3 Calculamos el modulo jsonlint.yml
job-core	Run git diff --name-only 231495353b4c08f30369d57c1b91cbc1a84c968d cde390a22410d23ec6622d533b80d7a275fe415e > files-in-commit.txt	2025-05-26T07:17:31.7789552Z II Leemos el array de ***
job-core	Run git diff --name-only 231495353b4c08f30369d57c1b91cbc1a84c968d cde390a22410d23ec6622d533b80d7a275fe415e > files-in-commit.txt	2025-05-26T07:17:31.7791246Z VII No es igual json a *** y lo indicamos en la variable extension_failed=1
job-core	Run git diff --name-only 231495353b4c08f30369d57c1b91cbc1a84c968d cde390a22410d23ec6622d533b80d7a275fe415e > files-in-commit.txt	2025-05-26T07:17:31.7794101Z X Si extension falla falla (1) a√±adimos el comentario a la issue
job-core	Run git diff --name-only 231495353b4c08f30369d57c1b91cbc1a84c968d cde390a22410d23ec6622d533b80d7a275fe415e > files-in-commit.txt	2025-05-26T07:17:32.9378171Z https://github.com/Ka0s-Klaus/ka0s/issues/1183#issuecomment-2908795650
job-core	Run git diff --name-only 231495353b4c08f30369d57c1b91cbc1a84c968d cde390a22410d23ec6622d533b80d7a275fe415e > files-in-commit.txt	2025-05-26T07:17:32.9408322Z I Leemos el fichero files-in-commit.txt y extraemos el fichero core/config/finops/results/data/Section/section9.json
job-core	Run git diff --name-only 231495353b4c08f30369d57c1b91cbc1a84c968d cde390a22410d23ec6622d533b80d7a275fe415e > files-in-commit.txt	2025-05-26T07:17:32.9431306Z I-1 Calculamos el nombre del fichero section9.json
job-core	Run git diff --name-only 231495353b4c08f30369d57c1b91cbc1a84c968d cde390a22410d23ec6622d533b80d7a275fe415e > files-in-commit.txt	2025-05-26T07:17:32.9432281Z I-2 Calculamos la extension del fichero json
job-core	Run git diff --name-only 231495353b4c08f30369d57c1b91cbc1a84c968d cde390a22410d23ec6622d533b80d7a275fe415e > files-in-commit.txt	2025-05-26T07:17:32.9433048Z I-3 Calculamos el modulo jsonlint.yml
job-core	Run git diff --name-only 231495353b4c08f30369d57c1b91cbc1a84c968d cde390a22410d23ec6622d533b80d7a275fe415e > files-in-commit.txt	2025-05-26T07:17:32.9433977Z II Leemos el array de ***
job-core	Run git diff --name-only 231495353b4c08f30369d57c1b91cbc1a84c968d cde390a22410d23ec6622d533b80d7a275fe415e > files-in-commit.txt	2025-05-26T07:17:32.9435016Z VII No es igual json a *** y lo indicamos en la variable extension_failed=1
job-core	Run git diff --name-only 231495353b4c08f30369d57c1b91cbc1a84c968d cde390a22410d23ec6622d533b80d7a275fe415e > files-in-commit.txt	2025-05-26T07:17:32.9436572Z X Si extension falla falla (1) a√±adimos el comentario a la issue
job-core	Run git diff --name-only 231495353b4c08f30369d57c1b91cbc1a84c968d cde390a22410d23ec6622d533b80d7a275fe415e > files-in-commit.txt	2025-05-26T07:17:34.1062963Z https://github.com/Ka0s-Klaus/ka0s/issues/1183#issuecomment-2908795684
job-core	Post Checkout code	Ôªø2025-05-26T07:17:34.1167438Z Post job cleanup.
job-core	Post Checkout code	2025-05-26T07:17:34.2154597Z [command]/usr/bin/git version
job-core	Post Checkout code	2025-05-26T07:17:34.2191496Z git version 2.43.0
job-core	Post Checkout code	2025-05-26T07:17:34.2229735Z Copying '/home/kaos/.gitconfig' to '/actions-runner/_work/_temp/22fc2a7c-ae19-49e7-87a1-843770d46a9e/.gitconfig'
job-core	Post Checkout code	2025-05-26T07:17:34.2241942Z Temporarily overriding HOME='/actions-runner/_work/_temp/22fc2a7c-ae19-49e7-87a1-843770d46a9e' before making global git config changes
job-core	Post Checkout code	2025-05-26T07:17:34.2243116Z Adding repository directory to the temporary git global config as a safe directory
job-core	Post Checkout code	2025-05-26T07:17:34.2248492Z [command]/usr/bin/git config --global --add safe.directory /actions-runner/_work/ka0s/ka0s
job-core	Post Checkout code	2025-05-26T07:17:34.2299710Z [command]/usr/bin/git config --local --name-only --get-regexp core\.sshCommand
job-core	Post Checkout code	2025-05-26T07:17:34.2336906Z [command]/usr/bin/git submodule foreach --recursive sh -c "git config --local --name-only --get-regexp 'core\.sshCommand' && git config --local --unset-all 'core.sshCommand' || :"
job-core	Post Checkout code	2025-05-26T07:17:34.2595623Z [command]/usr/bin/git config --local --name-only --get-regexp http\.https\:\/\/github\.com\/\.extraheader
job-core	Post Checkout code	2025-05-26T07:17:34.2619495Z http.https://github.com/.extraheader
job-core	Post Checkout code	2025-05-26T07:17:34.2632926Z [command]/usr/bin/git config --local --unset-all http.https://github.com/.extraheader
job-core	Post Checkout code	2025-05-26T07:17:34.2670349Z [command]/usr/bin/git submodule foreach --recursive sh -c "git config --local --name-only --get-regexp 'http\.https\:\/\/github\.com\/\.extraheader' && git config --local --unset-all 'http.https://github.com/.extraheader' || :"
job-core	Complete job	Ôªø2025-05-26T07:17:34.3045485Z Cleaning up orphan processes
handle-success	Set up job	Ôªø2025-05-26T07:18:09.7119650Z Current runner version: '2.324.0'
handle-success	Set up job	2025-05-26T07:18:09.7126485Z Runner name: 'ka0s-ka0s-4'
handle-success	Set up job	2025-05-26T07:18:09.7127527Z Machine name: 'ef411525c24f'
handle-success	Set up job	2025-05-26T07:18:09.7130101Z ##[group]GITHUB_TOKEN Permissions
handle-success	Set up job	2025-05-26T07:18:09.7132305Z Contents: read
handle-success	Set up job	2025-05-26T07:18:09.7132859Z Metadata: read
handle-success	Set up job	2025-05-26T07:18:09.7133451Z Packages: read
handle-success	Set up job	2025-05-26T07:18:09.7133994Z ##[endgroup]
handle-success	Set up job	2025-05-26T07:18:09.7136029Z Secret source: Actions
handle-success	Set up job	2025-05-26T07:18:09.7136781Z Prepare workflow directory
handle-success	Set up job	2025-05-26T07:18:09.7765952Z Prepare all required actions
handle-success	Set up job	2025-05-26T07:18:09.7807851Z Getting action download info
handle-success	Set up job	2025-05-26T07:18:10.3493817Z Download action repository 'actions/checkout@v4' (SHA:11bd71901bbe5b1630ceea73d27597364c9af683)
handle-success	Set up job	2025-05-26T07:18:17.1928642Z Complete job name: handle-success
handle-success	Checkout code	Ôªø2025-05-26T07:18:17.2428474Z ##[group]Run actions/checkout@v4
handle-success	Checkout code	2025-05-26T07:18:17.2429402Z with:
handle-success	Checkout code	2025-05-26T07:18:17.2429840Z   fetch-depth: 0
handle-success	Checkout code	2025-05-26T07:18:17.2430543Z   token: ***
handle-success	Checkout code	2025-05-26T07:18:17.2431001Z   repository: Ka0s-Klaus/ka0s
handle-success	Checkout code	2025-05-26T07:18:17.2431564Z   ssh-strict: true
handle-success	Checkout code	2025-05-26T07:18:17.2432008Z   ssh-user: git
handle-success	Checkout code	2025-05-26T07:18:17.2432462Z   persist-credentials: true
handle-success	Checkout code	2025-05-26T07:18:17.2432960Z   clean: true
handle-success	Checkout code	2025-05-26T07:18:17.2433409Z   sparse-checkout-cone-mode: true
handle-success	Checkout code	2025-05-26T07:18:17.2433958Z   fetch-tags: false
handle-success	Checkout code	2025-05-26T07:18:17.2434414Z   show-progress: true
handle-success	Checkout code	2025-05-26T07:18:17.2434979Z   lfs: false
handle-success	Checkout code	2025-05-26T07:18:17.2435408Z   submodules: false
handle-success	Checkout code	2025-05-26T07:18:17.2435883Z   set-safe-directory: true
handle-success	Checkout code	2025-05-26T07:18:17.2436617Z env:
handle-success	Checkout code	2025-05-26T07:18:17.2437045Z   KAOS_CODE: 15248539910
handle-success	Checkout code	2025-05-26T07:18:17.2437528Z   KAOS_EVENT_NAME: push
handle-success	Checkout code	2025-05-26T07:18:17.2437993Z   KAOS_ACTION: 
handle-success	Checkout code	2025-05-26T07:18:17.2438554Z   KAOS_REF: refs/heads/H1183-personalizaci√≥n-m√≥dulo-finops
handle-success	Checkout code	2025-05-26T07:18:17.2439235Z   KAOS_MODULE: [Ka0S] kaos
handle-success	Checkout code	2025-05-26T07:18:17.2439783Z   KAOS_PATH_RESUME: core/results/k/
handle-success	Checkout code	2025-05-26T07:18:17.2440360Z   KAOS_JSON: core/results/k/event_data_
handle-success	Checkout code	2025-05-26T07:18:17.2440919Z   KAOS_ACTOR: jh0ny2k2
handle-success	Checkout code	2025-05-26T07:18:17.2441382Z ##[endgroup]
handle-success	Checkout code	2025-05-26T07:18:17.3567316Z Syncing repository: Ka0s-Klaus/ka0s
handle-success	Checkout code	2025-05-26T07:18:17.3569381Z ##[group]Getting Git version info
handle-success	Checkout code	2025-05-26T07:18:17.3570140Z Working directory is '/actions-runner/_work/ka0s/ka0s'
handle-success	Checkout code	2025-05-26T07:18:17.3571221Z [command]/usr/bin/git version
handle-success	Checkout code	2025-05-26T07:18:17.3571785Z git version 2.43.0
handle-success	Checkout code	2025-05-26T07:18:17.3588333Z ##[endgroup]
handle-success	Checkout code	2025-05-26T07:18:17.3600444Z Copying '/home/kaos/.gitconfig' to '/actions-runner/_work/_temp/dcefa358-eb2a-402b-9563-994f287f5378/.gitconfig'
handle-success	Checkout code	2025-05-26T07:18:17.3612359Z Temporarily overriding HOME='/actions-runner/_work/_temp/dcefa358-eb2a-402b-9563-994f287f5378' before making global git config changes
handle-success	Checkout code	2025-05-26T07:18:17.3614197Z Adding repository directory to the temporary git global config as a safe directory
handle-success	Checkout code	2025-05-26T07:18:17.3618899Z [command]/usr/bin/git config --global --add safe.directory /actions-runner/_work/ka0s/ka0s
handle-success	Checkout code	2025-05-26T07:18:17.3662611Z [command]/usr/bin/git config --local --get remote.origin.url
handle-success	Checkout code	2025-05-26T07:18:17.3684455Z https://github.com/Ka0s-Klaus/ka0s
handle-success	Checkout code	2025-05-26T07:18:17.3704918Z ##[group]Removing previously created refs, to avoid conflicts
handle-success	Checkout code	2025-05-26T07:18:17.3709587Z [command]/usr/bin/git rev-parse --symbolic-full-name --verify --quiet HEAD
handle-success	Checkout code	2025-05-26T07:18:17.3734143Z refs/heads/H1183-personalizaci√≥n-m√≥dulo-finops
handle-success	Checkout code	2025-05-26T07:18:17.3747044Z [command]/usr/bin/git checkout --detach
handle-success	Checkout code	2025-05-26T07:18:17.3895027Z HEAD is now at 5b77524d Merge branch 'H1183-personalizaci√≥n-m√≥dulo-finops' of https://github.com/Ka0s-Klaus/ka0s into H1183-personalizaci√≥n-m√≥dulo-finops
handle-success	Checkout code	2025-05-26T07:18:17.3936857Z [command]/usr/bin/git branch --delete --force H1183-personalizaci√≥n-m√≥dulo-finops
handle-success	Checkout code	2025-05-26T07:18:17.3969743Z Deleted branch H1183-personalizaci√≥n-m√≥dulo-finops (was 5b77524d).
handle-success	Checkout code	2025-05-26T07:18:17.4040980Z ##[endgroup]
handle-success	Checkout code	2025-05-26T07:18:17.4041937Z [command]/usr/bin/git submodule status
handle-success	Checkout code	2025-05-26T07:18:17.4293791Z ##[group]Cleaning the repository
handle-success	Checkout code	2025-05-26T07:18:17.4298711Z [command]/usr/bin/git clean -ffdx
handle-success	Checkout code	2025-05-26T07:18:17.4377610Z [command]/usr/bin/git reset --hard HEAD
handle-success	Checkout code	2025-05-26T07:18:17.4650019Z HEAD is now at 5b77524d Merge branch 'H1183-personalizaci√≥n-m√≥dulo-finops' of https://github.com/Ka0s-Klaus/ka0s into H1183-personalizaci√≥n-m√≥dulo-finops
handle-success	Checkout code	2025-05-26T07:18:17.4658118Z ##[endgroup]
handle-success	Checkout code	2025-05-26T07:18:17.4659030Z ##[group]Disabling automatic garbage collection
handle-success	Checkout code	2025-05-26T07:18:17.4663101Z [command]/usr/bin/git config --local gc.auto 0
handle-success	Checkout code	2025-05-26T07:18:17.4695154Z ##[endgroup]
handle-success	Checkout code	2025-05-26T07:18:17.4696146Z ##[group]Setting up auth
handle-success	Checkout code	2025-05-26T07:18:17.4702168Z [command]/usr/bin/git config --local --name-only --get-regexp core\.sshCommand
handle-success	Checkout code	2025-05-26T07:18:17.4750216Z [command]/usr/bin/git submodule foreach --recursive sh -c "git config --local --name-only --get-regexp 'core\.sshCommand' && git config --local --unset-all 'core.sshCommand' || :"
handle-success	Checkout code	2025-05-26T07:18:17.5007427Z [command]/usr/bin/git config --local --name-only --get-regexp http\.https\:\/\/github\.com\/\.extraheader
handle-success	Checkout code	2025-05-26T07:18:17.5037030Z [command]/usr/bin/git submodule foreach --recursive sh -c "git config --local --name-only --get-regexp 'http\.https\:\/\/github\.com\/\.extraheader' && git config --local --unset-all 'http.https://github.com/.extraheader' || :"
handle-success	Checkout code	2025-05-26T07:18:17.5293408Z [command]/usr/bin/git config --local http.https://github.com/.extraheader AUTHORIZATION: basic ***
handle-success	Checkout code	2025-05-26T07:18:17.5335274Z ##[endgroup]
handle-success	Checkout code	2025-05-26T07:18:17.5336242Z ##[group]Fetching the repository
handle-success	Checkout code	2025-05-26T07:18:17.5343222Z [command]/usr/bin/git -c protocol.version=2 fetch --prune --no-recurse-submodules origin +refs/heads/*:refs/remotes/origin/* +refs/tags/*:refs/tags/*
handle-success	Checkout code	2025-05-26T07:18:18.3850995Z From https://github.com/Ka0s-Klaus/ka0s
handle-success	Checkout code	2025-05-26T07:18:18.3853513Z    5b77524d..bd84b959  H1183-personalizaci√≥n-m√≥dulo-finops -> origin/H1183-personalizaci√≥n-m√≥dulo-finops
handle-success	Checkout code	2025-05-26T07:18:18.3855738Z    4d38e830..102b3b85  main       -> origin/main
handle-success	Checkout code	2025-05-26T07:18:18.3911076Z [command]/usr/bin/git branch --list --remote origin/H1183-personalizaci√≥n-m√≥dulo-finops
handle-success	Checkout code	2025-05-26T07:18:18.3939067Z   origin/H1183-personalizaci√≥n-m√≥dulo-finops
handle-success	Checkout code	2025-05-26T07:18:18.3950011Z [command]/usr/bin/git rev-parse refs/remotes/origin/H1183-personalizaci√≥n-m√≥dulo-finops
handle-success	Checkout code	2025-05-26T07:18:18.3972079Z bd84b959757781b37b7d88f7d1b5c84a13acb78e
handle-success	Checkout code	2025-05-26T07:18:18.3986448Z [command]/usr/bin/git -c protocol.version=2 fetch --no-tags --prune --no-recurse-submodules origin +cde390a22410d23ec6622d533b80d7a275fe415e:refs/remotes/origin/H1183-personalizaci√≥n-m√≥dulo-finops
handle-success	Checkout code	2025-05-26T07:18:18.4111933Z From https://github.com/Ka0s-Klaus/ka0s
handle-success	Checkout code	2025-05-26T07:18:18.4115279Z  + bd84b959...cde390a2 cde390a22410d23ec6622d533b80d7a275fe415e -> origin/H1183-personalizaci√≥n-m√≥dulo-finops  (forced update)
handle-success	Checkout code	2025-05-26T07:18:18.4137152Z ##[endgroup]
handle-success	Checkout code	2025-05-26T07:18:18.4138706Z ##[group]Determining the checkout info
handle-success	Checkout code	2025-05-26T07:18:18.4140621Z ##[endgroup]
handle-success	Checkout code	2025-05-26T07:18:18.4142120Z [command]/usr/bin/git sparse-checkout disable
handle-success	Checkout code	2025-05-26T07:18:18.4222859Z [command]/usr/bin/git config --local --unset-all extensions.worktreeConfig
handle-success	Checkout code	2025-05-26T07:18:18.4254113Z ##[group]Checking out the ref
handle-success	Checkout code	2025-05-26T07:18:18.4258077Z [command]/usr/bin/git checkout --progress --force -B H1183-personalizaci√≥n-m√≥dulo-finops refs/remotes/origin/H1183-personalizaci√≥n-m√≥dulo-finops
handle-success	Checkout code	2025-05-26T07:18:18.4467701Z Previous HEAD position was 5b77524d Merge branch 'H1183-personalizaci√≥n-m√≥dulo-finops' of https://github.com/Ka0s-Klaus/ka0s into H1183-personalizaci√≥n-m√≥dulo-finops
handle-success	Checkout code	2025-05-26T07:18:18.4473846Z Switched to a new branch 'H1183-personalizaci√≥n-m√≥dulo-finops'
handle-success	Checkout code	2025-05-26T07:18:18.4476726Z branch 'H1183-personalizaci√≥n-m√≥dulo-finops' set up to track 'origin/H1183-personalizaci√≥n-m√≥dulo-finops'.
handle-success	Checkout code	2025-05-26T07:18:18.4482072Z ##[endgroup]
handle-success	Checkout code	2025-05-26T07:18:18.4520143Z [command]/usr/bin/git log -1 --format=%H
handle-success	Checkout code	2025-05-26T07:18:18.4547540Z cde390a22410d23ec6622d533b80d7a275fe415e
handle-success	handle-success-execution	Ôªø2025-05-26T07:18:18.4788862Z ##[group]Run # Si todo ha ido correcto a√±adimos el contenido del fichero 
handle-success	handle-success-execution	2025-05-26T07:18:18.4791147Z [36;1m# Si todo ha ido correcto a√±adimos el contenido del fichero [0m
handle-success	handle-success-execution	2025-05-26T07:18:18.4793351Z [36;1mRNNUMBER=$(echo "refs/heads/H1183-personalizaci√≥n-m√≥dulo-finops" | grep -o '[0-9]*')[0m
handle-success	handle-success-execution	2025-05-26T07:18:18.4797098Z [36;1mgh issue comment $RNNUMBER --body "El proceso ha finalizado correctamente 15248539910. El resultado est√° en el fichero core/results/event_data_15248539910.log"[0m
handle-success	handle-success-execution	2025-05-26T07:18:18.4810077Z shell: /usr/bin/bash -e {0}
handle-success	handle-success-execution	2025-05-26T07:18:18.4811049Z env:
handle-success	handle-success-execution	2025-05-26T07:18:18.4811768Z   KAOS_CODE: 15248539910
handle-success	handle-success-execution	2025-05-26T07:18:18.4812681Z   KAOS_EVENT_NAME: push
handle-success	handle-success-execution	2025-05-26T07:18:18.4813557Z   KAOS_ACTION: 
handle-success	handle-success-execution	2025-05-26T07:18:18.4814615Z   KAOS_REF: refs/heads/H1183-personalizaci√≥n-m√≥dulo-finops
handle-success	handle-success-execution	2025-05-26T07:18:18.4816061Z   KAOS_MODULE: [Ka0S] kaos
handle-success	handle-success-execution	2025-05-26T07:18:18.4817032Z   KAOS_PATH_RESUME: core/results/k/
handle-success	handle-success-execution	2025-05-26T07:18:18.4818125Z   KAOS_JSON: core/results/k/event_data_
handle-success	handle-success-execution	2025-05-26T07:18:18.4819319Z   KAOS_ACTOR: jh0ny2k2
handle-success	handle-success-execution	2025-05-26T07:18:18.4820663Z   GH_TOKEN: ***
handle-success	handle-success-execution	2025-05-26T07:18:18.4821498Z ##[endgroup]
handle-success	handle-success-execution	2025-05-26T07:18:19.6891079Z https://github.com/Ka0s-Klaus/ka0s/issues/1183#issuecomment-2908796694
handle-success	Post Checkout code	Ôªø2025-05-26T07:18:19.7369059Z Post job cleanup.
handle-success	Post Checkout code	2025-05-26T07:18:19.8435511Z [command]/usr/bin/git version
handle-success	Post Checkout code	2025-05-26T07:18:19.8475264Z git version 2.43.0
handle-success	Post Checkout code	2025-05-26T07:18:19.8517041Z Copying '/home/kaos/.gitconfig' to '/actions-runner/_work/_temp/558ce44a-df8f-48ad-af65-9f1b50ea2026/.gitconfig'
handle-success	Post Checkout code	2025-05-26T07:18:19.8529885Z Temporarily overriding HOME='/actions-runner/_work/_temp/558ce44a-df8f-48ad-af65-9f1b50ea2026' before making global git config changes
handle-success	Post Checkout code	2025-05-26T07:18:19.8531083Z Adding repository directory to the temporary git global config as a safe directory
handle-success	Post Checkout code	2025-05-26T07:18:19.8535382Z [command]/usr/bin/git config --global --add safe.directory /actions-runner/_work/ka0s/ka0s
handle-success	Post Checkout code	2025-05-26T07:18:19.8582602Z [command]/usr/bin/git config --local --name-only --get-regexp core\.sshCommand
handle-success	Post Checkout code	2025-05-26T07:18:19.8621580Z [command]/usr/bin/git submodule foreach --recursive sh -c "git config --local --name-only --get-regexp 'core\.sshCommand' && git config --local --unset-all 'core.sshCommand' || :"
handle-success	Post Checkout code	2025-05-26T07:18:19.8901043Z [command]/usr/bin/git config --local --name-only --get-regexp http\.https\:\/\/github\.com\/\.extraheader
handle-success	Post Checkout code	2025-05-26T07:18:19.8927576Z http.https://github.com/.extraheader
handle-success	Post Checkout code	2025-05-26T07:18:19.8941474Z [command]/usr/bin/git config --local --unset-all http.https://github.com/.extraheader
handle-success	Post Checkout code	2025-05-26T07:18:19.8979270Z [command]/usr/bin/git submodule foreach --recursive sh -c "git config --local --name-only --get-regexp 'http\.https\:\/\/github\.com\/\.extraheader' && git config --local --unset-all 'http.https://github.com/.extraheader' || :"
handle-success	Complete job	Ôªø2025-05-26T07:18:19.9359013Z Cleaning up orphan processes
end-workflow	Set up job	Ôªø2025-05-26T07:18:52.8563381Z Current runner version: '2.324.0'
end-workflow	Set up job	2025-05-26T07:18:52.8569920Z Runner name: 'ka0s-ka0s-5'
end-workflow	Set up job	2025-05-26T07:18:52.8570891Z Machine name: '85bf26d22df3'
end-workflow	Set up job	2025-05-26T07:18:52.8573531Z ##[group]GITHUB_TOKEN Permissions
end-workflow	Set up job	2025-05-26T07:18:52.8576110Z Contents: read
end-workflow	Set up job	2025-05-26T07:18:52.8576706Z Metadata: read
end-workflow	Set up job	2025-05-26T07:18:52.8577326Z Packages: read
end-workflow	Set up job	2025-05-26T07:18:52.8578223Z ##[endgroup]
end-workflow	Set up job	2025-05-26T07:18:52.8580349Z Secret source: Actions
end-workflow	Set up job	2025-05-26T07:18:52.8581009Z Prepare workflow directory
end-workflow	Set up job	2025-05-26T07:18:52.9187803Z Prepare all required actions
end-workflow	Set up job	2025-05-26T07:18:52.9226918Z Getting action download info
end-workflow	Set up job	2025-05-26T07:19:12.6952811Z Download action repository 'actions/checkout@v4' (SHA:11bd71901bbe5b1630ceea73d27597364c9af683)
end-workflow	Set up job	2025-05-26T07:19:18.3653185Z Complete job name: end-workflow
end-workflow	Checkout code	Ôªø2025-05-26T07:19:18.4207832Z ##[group]Run actions/checkout@v4
end-workflow	Checkout code	2025-05-26T07:19:18.4209111Z with:
end-workflow	Checkout code	2025-05-26T07:19:18.4209770Z   fetch-depth: 0
end-workflow	Checkout code	2025-05-26T07:19:18.4210945Z   token: ***
end-workflow	Checkout code	2025-05-26T07:19:18.4211670Z   repository: Ka0s-Klaus/ka0s
end-workflow	Checkout code	2025-05-26T07:19:18.4212581Z   ssh-strict: true
end-workflow	Checkout code	2025-05-26T07:19:18.4213285Z   ssh-user: git
end-workflow	Checkout code	2025-05-26T07:19:18.4214005Z   persist-credentials: true
end-workflow	Checkout code	2025-05-26T07:19:18.4215268Z   clean: true
end-workflow	Checkout code	2025-05-26T07:19:18.4216026Z   sparse-checkout-cone-mode: true
end-workflow	Checkout code	2025-05-26T07:19:18.4216935Z   fetch-tags: false
end-workflow	Checkout code	2025-05-26T07:19:18.4217672Z   show-progress: true
end-workflow	Checkout code	2025-05-26T07:19:18.4218419Z   lfs: false
end-workflow	Checkout code	2025-05-26T07:19:18.4219096Z   submodules: false
end-workflow	Checkout code	2025-05-26T07:19:18.4219845Z   set-safe-directory: true
end-workflow	Checkout code	2025-05-26T07:19:18.4220920Z env:
end-workflow	Checkout code	2025-05-26T07:19:18.4221564Z   KAOS_CODE: 15248539910
end-workflow	Checkout code	2025-05-26T07:19:18.4222350Z   KAOS_EVENT_NAME: push
end-workflow	Checkout code	2025-05-26T07:19:18.4223108Z   KAOS_ACTION: 
end-workflow	Checkout code	2025-05-26T07:19:18.4224053Z   KAOS_REF: refs/heads/H1183-personalizaci√≥n-m√≥dulo-finops
end-workflow	Checkout code	2025-05-26T07:19:18.4225474Z   KAOS_MODULE: [Ka0S] kaos
end-workflow	Checkout code	2025-05-26T07:19:18.4226425Z   KAOS_PATH_RESUME: core/results/k/
end-workflow	Checkout code	2025-05-26T07:19:18.4227523Z   KAOS_JSON: core/results/k/event_data_
end-workflow	Checkout code	2025-05-26T07:19:18.4228479Z   KAOS_ACTOR: jh0ny2k2
end-workflow	Checkout code	2025-05-26T07:19:18.4229558Z   GH_TOKEN: ***
end-workflow	Checkout code	2025-05-26T07:19:18.4230241Z ##[endgroup]
end-workflow	Checkout code	2025-05-26T07:19:18.5385632Z Syncing repository: Ka0s-Klaus/ka0s
end-workflow	Checkout code	2025-05-26T07:19:18.5388848Z ##[group]Getting Git version info
end-workflow	Checkout code	2025-05-26T07:19:18.5390111Z Working directory is '/actions-runner/_work/ka0s/ka0s'
end-workflow	Checkout code	2025-05-26T07:19:18.5391963Z [command]/usr/bin/git version
end-workflow	Checkout code	2025-05-26T07:19:18.5393008Z git version 2.43.0
end-workflow	Checkout code	2025-05-26T07:19:18.5399681Z ##[endgroup]
end-workflow	Checkout code	2025-05-26T07:19:18.5410645Z Copying '/home/kaos/.gitconfig' to '/actions-runner/_work/_temp/f46532d3-b6d1-474c-a3f9-bd11a7e8e4c0/.gitconfig'
end-workflow	Checkout code	2025-05-26T07:19:18.5423046Z Temporarily overriding HOME='/actions-runner/_work/_temp/f46532d3-b6d1-474c-a3f9-bd11a7e8e4c0' before making global git config changes
end-workflow	Checkout code	2025-05-26T07:19:18.5426449Z Adding repository directory to the temporary git global config as a safe directory
end-workflow	Checkout code	2025-05-26T07:19:18.5437295Z [command]/usr/bin/git config --global --add safe.directory /actions-runner/_work/ka0s/ka0s
end-workflow	Checkout code	2025-05-26T07:19:18.5480222Z [command]/usr/bin/git config --local --get remote.origin.url
end-workflow	Checkout code	2025-05-26T07:19:18.5502734Z https://github.com/Ka0s-Klaus/ka0s
end-workflow	Checkout code	2025-05-26T07:19:18.5523895Z ##[group]Removing previously created refs, to avoid conflicts
end-workflow	Checkout code	2025-05-26T07:19:18.5527889Z [command]/usr/bin/git rev-parse --symbolic-full-name --verify --quiet HEAD
end-workflow	Checkout code	2025-05-26T07:19:18.5551401Z refs/heads/H1183-personalizaci√≥n-m√≥dulo-finops
end-workflow	Checkout code	2025-05-26T07:19:18.5561321Z [command]/usr/bin/git checkout --detach
end-workflow	Checkout code	2025-05-26T07:19:18.5705828Z HEAD is now at bd84b959 [Ka0S] Uploading resume execution files to the repository...
end-workflow	Checkout code	2025-05-26T07:19:18.5749954Z [command]/usr/bin/git branch --delete --force H1183-personalizaci√≥n-m√≥dulo-finops
end-workflow	Checkout code	2025-05-26T07:19:18.5782578Z Deleted branch H1183-personalizaci√≥n-m√≥dulo-finops (was bd84b959).
end-workflow	Checkout code	2025-05-26T07:19:18.5875705Z ##[endgroup]
end-workflow	Checkout code	2025-05-26T07:19:18.5876811Z [command]/usr/bin/git submodule status
end-workflow	Checkout code	2025-05-26T07:19:18.6103085Z ##[group]Cleaning the repository
end-workflow	Checkout code	2025-05-26T07:19:18.6106380Z [command]/usr/bin/git clean -ffdx
end-workflow	Checkout code	2025-05-26T07:19:18.6175164Z Removing files-in-commit.txt
end-workflow	Checkout code	2025-05-26T07:19:18.6184281Z [command]/usr/bin/git reset --hard HEAD
end-workflow	Checkout code	2025-05-26T07:19:18.6464404Z HEAD is now at bd84b959 [Ka0S] Uploading resume execution files to the repository...
end-workflow	Checkout code	2025-05-26T07:19:18.6468481Z ##[endgroup]
end-workflow	Checkout code	2025-05-26T07:19:18.6470133Z ##[group]Disabling automatic garbage collection
end-workflow	Checkout code	2025-05-26T07:19:18.6471677Z [command]/usr/bin/git config --local gc.auto 0
end-workflow	Checkout code	2025-05-26T07:19:18.6504091Z ##[endgroup]
end-workflow	Checkout code	2025-05-26T07:19:18.6505671Z ##[group]Setting up auth
end-workflow	Checkout code	2025-05-26T07:19:18.6510979Z [command]/usr/bin/git config --local --name-only --get-regexp core\.sshCommand
end-workflow	Checkout code	2025-05-26T07:19:18.6545403Z [command]/usr/bin/git submodule foreach --recursive sh -c "git config --local --name-only --get-regexp 'core\.sshCommand' && git config --local --unset-all 'core.sshCommand' || :"
end-workflow	Checkout code	2025-05-26T07:19:18.6801850Z [command]/usr/bin/git config --local --name-only --get-regexp http\.https\:\/\/github\.com\/\.extraheader
end-workflow	Checkout code	2025-05-26T07:19:18.6835019Z [command]/usr/bin/git submodule foreach --recursive sh -c "git config --local --name-only --get-regexp 'http\.https\:\/\/github\.com\/\.extraheader' && git config --local --unset-all 'http.https://github.com/.extraheader' || :"
end-workflow	Checkout code	2025-05-26T07:19:18.7090836Z [command]/usr/bin/git config --local http.https://github.com/.extraheader AUTHORIZATION: basic ***
end-workflow	Checkout code	2025-05-26T07:19:18.7135060Z ##[endgroup]
end-workflow	Checkout code	2025-05-26T07:19:18.7136603Z ##[group]Fetching the repository
end-workflow	Checkout code	2025-05-26T07:19:18.7144224Z [command]/usr/bin/git -c protocol.version=2 fetch --prune --no-recurse-submodules origin +refs/heads/*:refs/remotes/origin/* +refs/tags/*:refs/tags/*
end-workflow	Checkout code	2025-05-26T07:19:19.3389357Z [command]/usr/bin/git branch --list --remote origin/H1183-personalizaci√≥n-m√≥dulo-finops
end-workflow	Checkout code	2025-05-26T07:19:19.3421696Z   origin/H1183-personalizaci√≥n-m√≥dulo-finops
end-workflow	Checkout code	2025-05-26T07:19:19.3431859Z [command]/usr/bin/git rev-parse refs/remotes/origin/H1183-personalizaci√≥n-m√≥dulo-finops
end-workflow	Checkout code	2025-05-26T07:19:19.3456577Z bd84b959757781b37b7d88f7d1b5c84a13acb78e
end-workflow	Checkout code	2025-05-26T07:19:19.3466752Z [command]/usr/bin/git -c protocol.version=2 fetch --no-tags --prune --no-recurse-submodules origin +cde390a22410d23ec6622d533b80d7a275fe415e:refs/remotes/origin/H1183-personalizaci√≥n-m√≥dulo-finops
end-workflow	Checkout code	2025-05-26T07:19:19.3600420Z From https://github.com/Ka0s-Klaus/ka0s
end-workflow	Checkout code	2025-05-26T07:19:19.3603170Z  + bd84b959...cde390a2 cde390a22410d23ec6622d533b80d7a275fe415e -> origin/H1183-personalizaci√≥n-m√≥dulo-finops  (forced update)
end-workflow	Checkout code	2025-05-26T07:19:19.3625862Z ##[endgroup]
end-workflow	Checkout code	2025-05-26T07:19:19.3626443Z ##[group]Determining the checkout info
end-workflow	Checkout code	2025-05-26T07:19:19.3626972Z ##[endgroup]
end-workflow	Checkout code	2025-05-26T07:19:19.3629987Z [command]/usr/bin/git sparse-checkout disable
end-workflow	Checkout code	2025-05-26T07:19:19.3711367Z [command]/usr/bin/git config --local --unset-all extensions.worktreeConfig
end-workflow	Checkout code	2025-05-26T07:19:19.3742223Z ##[group]Checking out the ref
end-workflow	Checkout code	2025-05-26T07:19:19.3748053Z [command]/usr/bin/git checkout --progress --force -B H1183-personalizaci√≥n-m√≥dulo-finops refs/remotes/origin/H1183-personalizaci√≥n-m√≥dulo-finops
end-workflow	Checkout code	2025-05-26T07:19:19.3939161Z Warning: you are leaving 1 commit behind, not connected to
end-workflow	Checkout code	2025-05-26T07:19:19.3940112Z any of your branches:
end-workflow	Checkout code	2025-05-26T07:19:19.3940355Z 
end-workflow	Checkout code	2025-05-26T07:19:19.3940617Z   bd84b959 [Ka0S] Uploading resume execution files to the repository...
end-workflow	Checkout code	2025-05-26T07:19:19.3940976Z 
end-workflow	Checkout code	2025-05-26T07:19:19.3941217Z If you want to keep it by creating a new branch, this may be a good time
end-workflow	Checkout code	2025-05-26T07:19:19.3941637Z to do so with:
end-workflow	Checkout code	2025-05-26T07:19:19.3942013Z 
end-workflow	Checkout code	2025-05-26T07:19:19.3942201Z  git branch <new-branch-name> bd84b959
end-workflow	Checkout code	2025-05-26T07:19:19.3942442Z 
end-workflow	Checkout code	2025-05-26T07:19:19.3949153Z Switched to a new branch 'H1183-personalizaci√≥n-m√≥dulo-finops'
end-workflow	Checkout code	2025-05-26T07:19:19.3950782Z branch 'H1183-personalizaci√≥n-m√≥dulo-finops' set up to track 'origin/H1183-personalizaci√≥n-m√≥dulo-finops'.
end-workflow	Checkout code	2025-05-26T07:19:19.3956861Z ##[endgroup]
end-workflow	Checkout code	2025-05-26T07:19:19.4000547Z [command]/usr/bin/git log -1 --format=%H
end-workflow	Checkout code	2025-05-26T07:19:19.4027988Z cde390a22410d23ec6622d533b80d7a275fe415e
end-workflow	Finaliza el workflow	Ôªø2025-05-26T07:19:19.4249919Z ##[group]Run echo "End process"
end-workflow	Finaliza el workflow	2025-05-26T07:19:19.4250644Z [36;1mecho "End process"[0m
end-workflow	Finaliza el workflow	2025-05-26T07:19:19.4251290Z [36;1mRNNUMBER=$(echo "refs/heads/H1183-personalizaci√≥n-m√≥dulo-finops" | grep -o '[0-9]*')[0m
end-workflow	Finaliza el workflow	2025-05-26T07:19:19.4251893Z [36;1mgh issue comment $RNNUMBER --body "Se finaliza Ka0s 15248539910"[0m
end-workflow	Finaliza el workflow	2025-05-26T07:19:19.4252581Z [36;1mgh workflow run inspector.yml --ref 'main' -f kaos-issue-id=$RNNUMBER -f kaos-workflow-id="15248539910" -f kaos-user-start=""[0m
end-workflow	Finaliza el workflow	2025-05-26T07:19:19.4262500Z shell: /usr/bin/bash -e {0}
end-workflow	Finaliza el workflow	2025-05-26T07:19:19.4262823Z env:
end-workflow	Finaliza el workflow	2025-05-26T07:19:19.4263060Z   KAOS_CODE: 15248539910
end-workflow	Finaliza el workflow	2025-05-26T07:19:19.4263333Z   KAOS_EVENT_NAME: push
end-workflow	Finaliza el workflow	2025-05-26T07:19:19.4263592Z   KAOS_ACTION: 
end-workflow	Finaliza el workflow	2025-05-26T07:19:19.4263919Z   KAOS_REF: refs/heads/H1183-personalizaci√≥n-m√≥dulo-finops
end-workflow	Finaliza el workflow	2025-05-26T07:19:19.4264297Z   KAOS_MODULE: [Ka0S] kaos
end-workflow	Finaliza el workflow	2025-05-26T07:19:19.4264588Z   KAOS_PATH_RESUME: core/results/k/
end-workflow	Finaliza el workflow	2025-05-26T07:19:19.4265247Z   KAOS_JSON: core/results/k/event_data_
end-workflow	Finaliza el workflow	2025-05-26T07:19:19.4265628Z   KAOS_ACTOR: jh0ny2k2
end-workflow	Finaliza el workflow	2025-05-26T07:19:19.4266151Z   GH_TOKEN: ***
end-workflow	Finaliza el workflow	2025-05-26T07:19:19.4266394Z ##[endgroup]
end-workflow	Finaliza el workflow	2025-05-26T07:19:19.4315106Z End process
end-workflow	Finaliza el workflow	2025-05-26T07:19:20.5869377Z https://github.com/Ka0s-Klaus/ka0s/issues/1183#issuecomment-2908798413
end-workflow	Post Checkout code	Ôªø2025-05-26T07:19:31.6067068Z Post job cleanup.
end-workflow	Post Checkout code	2025-05-26T07:19:31.7040060Z [command]/usr/bin/git version
end-workflow	Post Checkout code	2025-05-26T07:19:31.7078648Z git version 2.43.0
end-workflow	Post Checkout code	2025-05-26T07:19:31.7118491Z Copying '/home/kaos/.gitconfig' to '/actions-runner/_work/_temp/300d3adc-4b16-42b9-87b1-e5eb9aa12009/.gitconfig'
end-workflow	Post Checkout code	2025-05-26T07:19:31.7131010Z Temporarily overriding HOME='/actions-runner/_work/_temp/300d3adc-4b16-42b9-87b1-e5eb9aa12009' before making global git config changes
end-workflow	Post Checkout code	2025-05-26T07:19:31.7132029Z Adding repository directory to the temporary git global config as a safe directory
end-workflow	Post Checkout code	2025-05-26T07:19:31.7137211Z [command]/usr/bin/git config --global --add safe.directory /actions-runner/_work/ka0s/ka0s
end-workflow	Post Checkout code	2025-05-26T07:19:31.7185177Z [command]/usr/bin/git config --local --name-only --get-regexp core\.sshCommand
end-workflow	Post Checkout code	2025-05-26T07:19:31.7221352Z [command]/usr/bin/git submodule foreach --recursive sh -c "git config --local --name-only --get-regexp 'core\.sshCommand' && git config --local --unset-all 'core.sshCommand' || :"
end-workflow	Post Checkout code	2025-05-26T07:19:31.7479820Z [command]/usr/bin/git config --local --name-only --get-regexp http\.https\:\/\/github\.com\/\.extraheader
end-workflow	Post Checkout code	2025-05-26T07:19:31.7503898Z http.https://github.com/.extraheader
end-workflow	Post Checkout code	2025-05-26T07:19:31.7515146Z [command]/usr/bin/git config --local --unset-all http.https://github.com/.extraheader
end-workflow	Post Checkout code	2025-05-26T07:19:31.7550908Z [command]/usr/bin/git submodule foreach --recursive sh -c "git config --local --name-only --get-regexp 'http\.https\:\/\/github\.com\/\.extraheader' && git config --local --unset-all 'http.https://github.com/.extraheader' || :"
end-workflow	Complete job	Ôªø2025-05-26T07:19:31.7920625Z Cleaning up orphan processes
