job-core	Set up job	ï»¿2025-05-27T14:30:47.9302263Z Current runner version: '2.324.0'
job-core	Set up job	2025-05-27T14:30:47.9309527Z Runner name: 'ka0s-ka0s-2'
job-core	Set up job	2025-05-27T14:30:47.9310494Z Machine name: 'fcda5b4a84db'
job-core	Set up job	2025-05-27T14:30:47.9313218Z ##[group]GITHUB_TOKEN Permissions
job-core	Set up job	2025-05-27T14:30:47.9315656Z Contents: read
job-core	Set up job	2025-05-27T14:30:47.9316321Z Metadata: read
job-core	Set up job	2025-05-27T14:30:47.9316819Z Packages: read
job-core	Set up job	2025-05-27T14:30:47.9317391Z ##[endgroup]
job-core	Set up job	2025-05-27T14:30:47.9319653Z Secret source: Actions
job-core	Set up job	2025-05-27T14:30:47.9320373Z Prepare workflow directory
job-core	Set up job	2025-05-27T14:30:47.9954598Z Prepare all required actions
job-core	Set up job	2025-05-27T14:30:47.9995450Z Getting action download info
job-core	Set up job	2025-05-27T14:30:48.6163705Z Download action repository 'actions/checkout@v3' (SHA:f43a0e5ff2bd294095638e18286ca9a3d1956744)
job-core	Set up job	2025-05-27T14:30:49.4658432Z Complete job name: job-core
job-core	Checkout repository	ï»¿2025-05-27T14:30:49.5163520Z ##[group]Run actions/checkout@v3
job-core	Checkout repository	2025-05-27T14:30:49.5164855Z with:
job-core	Checkout repository	2025-05-27T14:30:49.5165334Z   fetch-depth: 0
job-core	Checkout repository	2025-05-27T14:30:49.5166036Z   token: ***
job-core	Checkout repository	2025-05-27T14:30:49.5166508Z   repository: Ka0s-Klaus/ka0s
job-core	Checkout repository	2025-05-27T14:30:49.5167097Z   ssh-strict: true
job-core	Checkout repository	2025-05-27T14:30:49.5167590Z   persist-credentials: true
job-core	Checkout repository	2025-05-27T14:30:49.5168103Z   clean: true
job-core	Checkout repository	2025-05-27T14:30:49.5168576Z   sparse-checkout-cone-mode: true
job-core	Checkout repository	2025-05-27T14:30:49.5169135Z   fetch-tags: false
job-core	Checkout repository	2025-05-27T14:30:49.5169587Z   lfs: false
job-core	Checkout repository	2025-05-27T14:30:49.5170023Z   submodules: false
job-core	Checkout repository	2025-05-27T14:30:49.5170504Z   set-safe-directory: true
job-core	Checkout repository	2025-05-27T14:30:49.5171274Z env:
job-core	Checkout repository	2025-05-27T14:30:49.5171748Z   KAOS_CODE: 15278078771
job-core	Checkout repository	2025-05-27T14:30:49.5172278Z   KAOS_EVENT_NAME: workflow_dispatch
job-core	Checkout repository	2025-05-27T14:30:49.5172849Z   KAOS_ACTION: 
job-core	Checkout repository	2025-05-27T14:30:49.5173303Z   KAOS_REF: refs/heads/main
job-core	Checkout repository	2025-05-27T14:30:49.5173855Z   KAOS_MODULE: [Ka0S] Deploy Web Structure
job-core	Checkout repository	2025-05-27T14:30:49.5174479Z   KAOS_JSON_RESUME: core/outputs/webs/
job-core	Checkout repository	2025-05-27T14:30:49.5175482Z   KAOS_WEB_STRUCTURE: core/results/webs/
job-core	Checkout repository	2025-05-27T14:30:49.5176208Z   KAOS_ACTOR: jh0ny2k2
job-core	Checkout repository	2025-05-27T14:30:49.5176762Z   KAOS_FINOPS_STRUCTURE: core/results/webs/finops/
job-core	Checkout repository	2025-05-27T14:30:49.5177561Z   KAOS_FINOPS_JSON_WEB: core/config/finops/results/data/webs.json
job-core	Checkout repository	2025-05-27T14:30:49.5178354Z   KAOS_FINOPS_JSON_DATA: core/config/finops/data
job-core	Checkout repository	2025-05-27T14:30:49.5178974Z ##[endgroup]
job-core	Checkout repository	2025-05-27T14:30:49.6075002Z Syncing repository: Ka0s-Klaus/ka0s
job-core	Checkout repository	2025-05-27T14:30:49.6077230Z ##[group]Getting Git version info
job-core	Checkout repository	2025-05-27T14:30:49.6078073Z Working directory is '/actions-runner/_work/ka0s/ka0s'
job-core	Checkout repository	2025-05-27T14:30:49.6079214Z [command]/usr/bin/git version
job-core	Checkout repository	2025-05-27T14:30:49.6079803Z git version 2.43.0
job-core	Checkout repository	2025-05-27T14:30:49.6093164Z ##[endgroup]
job-core	Checkout repository	2025-05-27T14:30:49.6105152Z Copying '/home/kaos/.gitconfig' to '/actions-runner/_work/_temp/bc494c4a-d89c-45f0-982d-0c3cb5f1f132/.gitconfig'
job-core	Checkout repository	2025-05-27T14:30:49.6120696Z Temporarily overriding HOME='/actions-runner/_work/_temp/bc494c4a-d89c-45f0-982d-0c3cb5f1f132' before making global git config changes
job-core	Checkout repository	2025-05-27T14:30:49.6122703Z Adding repository directory to the temporary git global config as a safe directory
job-core	Checkout repository	2025-05-27T14:30:49.6124119Z [command]/usr/bin/git config --global --add safe.directory /actions-runner/_work/ka0s/ka0s
job-core	Checkout repository	2025-05-27T14:30:49.6165254Z [command]/usr/bin/git config --local --get remote.origin.url
job-core	Checkout repository	2025-05-27T14:30:49.6184250Z https://github.com/Ka0s-Klaus/ka0s
job-core	Checkout repository	2025-05-27T14:30:49.6204567Z ##[group]Removing previously created refs, to avoid conflicts
job-core	Checkout repository	2025-05-27T14:30:49.6208050Z [command]/usr/bin/git rev-parse --symbolic-full-name --verify --quiet HEAD
job-core	Checkout repository	2025-05-27T14:30:49.6230208Z refs/heads/main
job-core	Checkout repository	2025-05-27T14:30:49.6239373Z [command]/usr/bin/git checkout --detach
job-core	Checkout repository	2025-05-27T14:30:49.6395643Z HEAD is now at b3188d14 [Ka0S] Uploading resume execution files and finops structure to the repository...
job-core	Checkout repository	2025-05-27T14:30:49.6434986Z [command]/usr/bin/git branch --delete --force main
job-core	Checkout repository	2025-05-27T14:30:49.6467347Z Deleted branch main (was b3188d14).
job-core	Checkout repository	2025-05-27T14:30:49.6539942Z ##[endgroup]
job-core	Checkout repository	2025-05-27T14:30:49.6540746Z [command]/usr/bin/git submodule status
job-core	Checkout repository	2025-05-27T14:30:49.6801588Z ##[group]Cleaning the repository
job-core	Checkout repository	2025-05-27T14:30:49.6803158Z [command]/usr/bin/git clean -ffdx
job-core	Checkout repository	2025-05-27T14:30:49.6880822Z [command]/usr/bin/git reset --hard HEAD
job-core	Checkout repository	2025-05-27T14:30:49.7168086Z HEAD is now at b3188d14 [Ka0S] Uploading resume execution files and finops structure to the repository...
job-core	Checkout repository	2025-05-27T14:30:49.7174746Z ##[endgroup]
job-core	Checkout repository	2025-05-27T14:30:49.7176308Z ##[group]Disabling automatic garbage collection
job-core	Checkout repository	2025-05-27T14:30:49.7179896Z [command]/usr/bin/git config --local gc.auto 0
job-core	Checkout repository	2025-05-27T14:30:49.7209483Z ##[endgroup]
job-core	Checkout repository	2025-05-27T14:30:49.7210393Z ##[group]Setting up auth
job-core	Checkout repository	2025-05-27T14:30:49.7214734Z [command]/usr/bin/git config --local --name-only --get-regexp core\.sshCommand
job-core	Checkout repository	2025-05-27T14:30:49.7245352Z [command]/usr/bin/git submodule foreach --recursive sh -c "git config --local --name-only --get-regexp 'core\.sshCommand' && git config --local --unset-all 'core.sshCommand' || :"
job-core	Checkout repository	2025-05-27T14:30:49.7502760Z [command]/usr/bin/git config --local --name-only --get-regexp http\.https\:\/\/github\.com\/\.extraheader
job-core	Checkout repository	2025-05-27T14:30:49.7530650Z [command]/usr/bin/git submodule foreach --recursive sh -c "git config --local --name-only --get-regexp 'http\.https\:\/\/github\.com\/\.extraheader' && git config --local --unset-all 'http.https://github.com/.extraheader' || :"
job-core	Checkout repository	2025-05-27T14:30:49.7790663Z [command]/usr/bin/git config --local http.https://github.com/.extraheader AUTHORIZATION: basic ***
job-core	Checkout repository	2025-05-27T14:30:49.7835804Z ##[endgroup]
job-core	Checkout repository	2025-05-27T14:30:49.7836893Z ##[group]Fetching the repository
job-core	Checkout repository	2025-05-27T14:30:49.7843576Z [command]/usr/bin/git -c protocol.version=2 fetch --prune --progress --no-recurse-submodules origin +refs/heads/*:refs/remotes/origin/* +refs/tags/*:refs/tags/*
job-core	Checkout repository	2025-05-27T14:30:50.5578507Z remote: Enumerating objects: 42, done.        
job-core	Checkout repository	2025-05-27T14:30:50.5585758Z remote: Counting objects:   2% (1/37)        
job-core	Checkout repository	2025-05-27T14:30:50.5591459Z remote: Counting objects:   5% (2/37)        
job-core	Checkout repository	2025-05-27T14:30:50.5597995Z remote: Counting objects:   8% (3/37)        
job-core	Checkout repository	2025-05-27T14:30:50.5603552Z remote: Counting objects:  10% (4/37)        
job-core	Checkout repository	2025-05-27T14:30:50.5609313Z remote: Counting objects:  13% (5/37)        
job-core	Checkout repository	2025-05-27T14:30:50.5614938Z remote: Counting objects:  16% (6/37)        
job-core	Checkout repository	2025-05-27T14:30:50.5647123Z remote: Counting objects:  18% (7/37)        
job-core	Checkout repository	2025-05-27T14:30:50.5649476Z remote: Counting objects:  21% (8/37)        
job-core	Checkout repository	2025-05-27T14:30:50.5650687Z remote: Counting objects:  24% (9/37)        
job-core	Checkout repository	2025-05-27T14:30:50.5651879Z remote: Counting objects:  27% (10/37)        
job-core	Checkout repository	2025-05-27T14:30:50.5653089Z remote: Counting objects:  29% (11/37)        
job-core	Checkout repository	2025-05-27T14:30:50.5654318Z remote: Counting objects:  32% (12/37)        
job-core	Checkout repository	2025-05-27T14:30:50.5657434Z remote: Counting objects:  35% (13/37)        
job-core	Checkout repository	2025-05-27T14:30:50.5658761Z remote: Counting objects:  37% (14/37)        
job-core	Checkout repository	2025-05-27T14:30:50.5660077Z remote: Counting objects:  40% (15/37)        
job-core	Checkout repository	2025-05-27T14:30:50.5661407Z remote: Counting objects:  43% (16/37)        
job-core	Checkout repository	2025-05-27T14:30:50.5662688Z remote: Counting objects:  45% (17/37)        
job-core	Checkout repository	2025-05-27T14:30:50.5663999Z remote: Counting objects:  48% (18/37)        
job-core	Checkout repository	2025-05-27T14:30:50.5665652Z remote: Counting objects:  51% (19/37)        
job-core	Checkout repository	2025-05-27T14:30:50.5666910Z remote: Counting objects:  54% (20/37)        
job-core	Checkout repository	2025-05-27T14:30:50.5668177Z remote: Counting objects:  56% (21/37)        
job-core	Checkout repository	2025-05-27T14:30:50.5669472Z remote: Counting objects:  59% (22/37)        
job-core	Checkout repository	2025-05-27T14:30:50.5670763Z remote: Counting objects:  62% (23/37)        
job-core	Checkout repository	2025-05-27T14:30:50.5672283Z remote: Counting objects:  64% (24/37)        
job-core	Checkout repository	2025-05-27T14:30:50.5673768Z remote: Counting objects:  67% (25/37)        
job-core	Checkout repository	2025-05-27T14:30:50.5675584Z remote: Counting objects:  70% (26/37)        
job-core	Checkout repository	2025-05-27T14:30:50.5677073Z remote: Counting objects:  72% (27/37)        
job-core	Checkout repository	2025-05-27T14:30:50.5678606Z remote: Counting objects:  75% (28/37)        
job-core	Checkout repository	2025-05-27T14:30:50.5680192Z remote: Counting objects:  78% (29/37)        
job-core	Checkout repository	2025-05-27T14:30:50.5681782Z remote: Counting objects:  81% (30/37)        
job-core	Checkout repository	2025-05-27T14:30:50.5683296Z remote: Counting objects:  83% (31/37)        
job-core	Checkout repository	2025-05-27T14:30:50.5685396Z remote: Counting objects:  86% (32/37)        
job-core	Checkout repository	2025-05-27T14:30:50.5687034Z remote: Counting objects:  89% (33/37)        
job-core	Checkout repository	2025-05-27T14:30:50.5688566Z remote: Counting objects:  91% (34/37)        
job-core	Checkout repository	2025-05-27T14:30:50.5690094Z remote: Counting objects:  94% (35/37)        
job-core	Checkout repository	2025-05-27T14:30:50.5691626Z remote: Counting objects:  97% (36/37)        
job-core	Checkout repository	2025-05-27T14:30:50.5693152Z remote: Counting objects: 100% (37/37)        
job-core	Checkout repository	2025-05-27T14:30:50.5695009Z remote: Counting objects: 100% (37/37), done.        
job-core	Checkout repository	2025-05-27T14:30:50.5696789Z remote: Compressing objects:   8% (1/12)        
job-core	Checkout repository	2025-05-27T14:30:50.5698371Z remote: Compressing objects:  16% (2/12)        
job-core	Checkout repository	2025-05-27T14:30:50.5700009Z remote: Compressing objects:  25% (3/12)        
job-core	Checkout repository	2025-05-27T14:30:50.5701696Z remote: Compressing objects:  33% (4/12)        
job-core	Checkout repository	2025-05-27T14:30:50.5703658Z remote: Compressing objects:  41% (5/12)        
job-core	Checkout repository	2025-05-27T14:30:50.5705704Z remote: Compressing objects:  50% (6/12)        
job-core	Checkout repository	2025-05-27T14:30:50.5707418Z remote: Compressing objects:  58% (7/12)        
job-core	Checkout repository	2025-05-27T14:30:50.5709096Z remote: Compressing objects:  66% (8/12)        
job-core	Checkout repository	2025-05-27T14:30:50.5710945Z remote: Compressing objects:  75% (9/12)        
job-core	Checkout repository	2025-05-27T14:30:50.5712776Z remote: Compressing objects:  83% (10/12)        
job-core	Checkout repository	2025-05-27T14:30:50.5714454Z remote: Compressing objects:  91% (11/12)        
job-core	Checkout repository	2025-05-27T14:30:50.5716433Z remote: Compressing objects: 100% (12/12)        
job-core	Checkout repository	2025-05-27T14:30:50.5718198Z remote: Compressing objects: 100% (12/12), done.        
job-core	Checkout repository	2025-05-27T14:30:50.5720364Z remote: Total 26 (delta 15), reused 20 (delta 11), pack-reused 0 (from 0)        
job-core	Checkout repository	2025-05-27T14:30:50.5895257Z From https://github.com/Ka0s-Klaus/ka0s
job-core	Checkout repository	2025-05-27T14:30:50.5896885Z    b3188d14..9e2cdb52  main       -> origin/main
job-core	Checkout repository	2025-05-27T14:30:50.5953805Z [command]/usr/bin/git branch --list --remote origin/main
job-core	Checkout repository	2025-05-27T14:30:50.5981189Z   origin/main
job-core	Checkout repository	2025-05-27T14:30:50.5989327Z [command]/usr/bin/git rev-parse refs/remotes/origin/main
job-core	Checkout repository	2025-05-27T14:30:50.6010521Z 9e2cdb52530d86353dfac956f5c19fbc0e144c80
job-core	Checkout repository	2025-05-27T14:30:50.6015473Z ##[endgroup]
job-core	Checkout repository	2025-05-27T14:30:50.6017215Z ##[group]Determining the checkout info
job-core	Checkout repository	2025-05-27T14:30:50.6019222Z ##[endgroup]
job-core	Checkout repository	2025-05-27T14:30:50.6020943Z ##[group]Checking out the ref
job-core	Checkout repository	2025-05-27T14:30:50.6022921Z [command]/usr/bin/git checkout --progress --force -B main refs/remotes/origin/main
job-core	Checkout repository	2025-05-27T14:30:50.6265518Z Previous HEAD position was b3188d14 [Ka0S] Uploading resume execution files and finops structure to the repository...
job-core	Checkout repository	2025-05-27T14:30:50.6272806Z Switched to a new branch 'main'
job-core	Checkout repository	2025-05-27T14:30:50.6274263Z branch 'main' set up to track 'origin/main'.
job-core	Checkout repository	2025-05-27T14:30:50.6282032Z ##[endgroup]
job-core	Checkout repository	2025-05-27T14:30:50.6315613Z [command]/usr/bin/git log -1 --format='%H'
job-core	Checkout repository	2025-05-27T14:30:50.6342898Z '9e2cdb52530d86353dfac956f5c19fbc0e144c80'
job-core	Copy web folder structure	ï»¿2025-05-27T14:30:50.6567296Z ##[group]Run # Crear directorios necesarios para FINOPS en la ubicaciÃ³n correcta
job-core	Copy web folder structure	2025-05-27T14:30:50.6569899Z [36;1m# Crear directorios necesarios para FINOPS en la ubicaciÃ³n correcta[0m
job-core	Copy web folder structure	2025-05-27T14:30:50.6571879Z [36;1mmkdir -p "core/results/webs/finops/data"[0m
job-core	Copy web folder structure	2025-05-27T14:30:50.6573331Z [36;1mmkdir -p "core/results/webs/finops/js"[0m
job-core	Copy web folder structure	2025-05-27T14:30:50.6575043Z [36;1mmkdir -p "core/results/webs/finops/results/data/Section"[0m
job-core	Copy web folder structure	2025-05-27T14:30:50.6576746Z [36;1mmkdir -p "core/results/webs/finops/webs/js"[0m
job-core	Copy web folder structure	2025-05-27T14:30:50.6578402Z [36;1mmkdir -p "core/results/webs/finops/results/templates"[0m
job-core	Copy web folder structure	2025-05-27T14:30:50.6579847Z [36;1m[0m
job-core	Copy web folder structure	2025-05-27T14:30:50.6580778Z [36;1m# Copiar archivos de datos de finops[0m
job-core	Copy web folder structure	2025-05-27T14:30:50.6582497Z [36;1mcp -r "core/config/finops/data/"* "core/results/webs/finops/data/"[0m
job-core	Copy web folder structure	2025-05-27T14:30:50.6643471Z [36;1m[0m
job-core	Copy web folder structure	2025-05-27T14:30:50.6645165Z [36;1m# Copiar archivos de configuraciÃ³n de finops[0m
job-core	Copy web folder structure	2025-05-27T14:30:50.6647699Z [36;1mcp -r "core/config/finops/results/data/Section/"* "core/results/webs/finops/results/data/Section/"[0m
job-core	Copy web folder structure	2025-05-27T14:30:50.6650932Z [36;1mcp "core/config/finops/results/data/webs.json" "core/results/webs/finops/results/data/webs.json"[0m
job-core	Copy web folder structure	2025-05-27T14:30:50.6653367Z [36;1m[0m
job-core	Copy web folder structure	2025-05-27T14:30:50.6654323Z [36;1m# Copiar archivos JS y templates de finops[0m
job-core	Copy web folder structure	2025-05-27T14:30:50.6655847Z [36;1mif [ -d "core/config/finops/webs/js" ]; then[0m
job-core	Copy web folder structure	2025-05-27T14:30:50.6657725Z [36;1m  cp -r "core/config/finops/webs/js/"* "core/results/webs/finops/webs/js/"[0m
job-core	Copy web folder structure	2025-05-27T14:30:50.6659319Z [36;1mfi[0m
job-core	Copy web folder structure	2025-05-27T14:30:50.6660390Z [36;1mif [ -d "core/config/finops/results/templates" ]; then[0m
job-core	Copy web folder structure	2025-05-27T14:30:50.6662580Z [36;1m  cp -r "core/config/finops/results/templates/"* "core/results/webs/finops/results/templates/"[0m
job-core	Copy web folder structure	2025-05-27T14:30:50.6664518Z [36;1mfi[0m
job-core	Copy web folder structure	2025-05-27T14:30:50.6665481Z [36;1m[0m
job-core	Copy web folder structure	2025-05-27T14:30:50.6667009Z [36;1m# Tenemos que aÃ±adir al proceso que sea capaz de leer + de un json de creaciÃ³n de webs[0m
job-core	Copy web folder structure	2025-05-27T14:30:50.6669048Z [36;1m# si web esta creada la actualiza, sino la crea desde cero[0m
job-core	Copy web folder structure	2025-05-27T14:30:50.6670391Z [36;1m[0m
job-core	Copy web folder structure	2025-05-27T14:30:50.6671390Z [36;1m# Read the structure.json file to get folder names[0m
job-core	Copy web folder structure	2025-05-27T14:30:50.6672838Z [36;1mecho "0 - Reading structure.json file..."[0m
job-core	Copy web folder structure	2025-05-27T14:30:50.6674084Z [36;1mSTRUCTURE_FILE=""[0m
job-core	Copy web folder structure	2025-05-27T14:30:50.6675527Z [36;1m[0m
job-core	Copy web folder structure	2025-05-27T14:30:50.6676390Z [36;1m# Extract title for main folder name[0m
job-core	Copy web folder structure	2025-05-27T14:30:50.6677706Z [36;1mTITLE=$(cat $STRUCTURE_FILE | jq -r '.title')[0m
job-core	Copy web folder structure	2025-05-27T14:30:50.6679099Z [36;1mecho "I - Main folder will be named: $TITLE"[0m
job-core	Copy web folder structure	2025-05-27T14:30:50.6680284Z [36;1m[0m
job-core	Copy web folder structure	2025-05-27T14:30:50.6681082Z [36;1m# Create main directory[0m
job-core	Copy web folder structure	2025-05-27T14:30:50.6682197Z [36;1mmkdir -p "core/results/webs/$TITLE"[0m
job-core	Copy web folder structure	2025-05-27T14:30:50.6683504Z [36;1mtouch core/results/webs/$TITLE/$TITLE".html"[0m
job-core	Copy web folder structure	2025-05-27T14:30:50.6684994Z [36;1mmkdir -p "core/outputs/webs/$TITLE"[0m
job-core	Copy web folder structure	2025-05-27T14:30:50.6686440Z [36;1mtouch core/outputs/webs/$TITLE/readme.txt[0m
job-core	Copy web folder structure	2025-05-27T14:30:50.6687611Z [36;1m[0m
job-core	Copy web folder structure	2025-05-27T14:30:50.6688619Z [36;1m# Extract section information and create subfolders[0m
job-core	Copy web folder structure	2025-05-27T14:30:50.6691903Z [36;1mjq -r 'to_entries | .[] | select(.key | startswith("section")) | [.key, .value.title, .value.icon, .value.data] | @tsv' $STRUCTURE_FILE | while IFS=$'\t' read -r section_key section_title section_icon section_data; do[0m
job-core	Copy web folder structure	2025-05-27T14:30:50.6695727Z [36;1m  echo "III - Creating subfolder for section: $section_key - $section_title"[0m
job-core	Copy web folder structure	2025-05-27T14:30:50.6697639Z [36;1m  mkdir -p "core/results/webs/$TITLE/structure/$section_title"[0m
job-core	Copy web folder structure	2025-05-27T14:30:50.6699630Z [36;1m  touch core/results/webs/$TITLE/structure/$section_title/$section_title".html"[0m
job-core	Copy web folder structure	2025-05-27T14:30:50.6701274Z [36;1m  [0m
job-core	Copy web folder structure	2025-05-27T14:30:50.6702399Z [36;1m  # Guardar la ruta del archivo JSON de datos para esta secciÃ³n[0m
job-core	Copy web folder structure	2025-05-27T14:30:50.6703881Z [36;1m  if [ ! -z "$section_data" ]; then[0m
job-core	Copy web folder structure	2025-05-27T14:30:50.6705928Z [36;1m    # Copiar el contenido del archivo JSON en lugar de solo la ruta[0m
job-core	Copy web folder structure	2025-05-27T14:30:50.6707423Z [36;1m    if [ -f "$section_data" ]; then[0m
job-core	Copy web folder structure	2025-05-27T14:30:50.6709234Z [36;1m      cp "$section_data" "core/results/webs/$TITLE/structure/$section_title/$section_title.json"[0m
job-core	Copy web folder structure	2025-05-27T14:30:50.6711153Z [36;1m      echo "    Data source: $section_data (copiado)"[0m
job-core	Copy web folder structure	2025-05-27T14:30:50.6712362Z [36;1m    else[0m
job-core	Copy web folder structure	2025-05-27T14:30:50.6713566Z [36;1m      # Si el archivo no existe, guardar al menos la ruta como referencia[0m
job-core	Copy web folder structure	2025-05-27T14:30:50.6716160Z [36;1m      echo "$section_data" > "core/results/webs/$TITLE/structure/$section_title/$section_title.json"[0m
job-core	Copy web folder structure	2025-05-27T14:30:50.6718409Z [36;1m      echo "    Data source: $section_data (ruta guardada, archivo no encontrado)"[0m
job-core	Copy web folder structure	2025-05-27T14:30:50.6719928Z [36;1m    fi[0m
job-core	Copy web folder structure	2025-05-27T14:30:50.6720711Z [36;1m  fi[0m
job-core	Copy web folder structure	2025-05-27T14:30:50.6721493Z [36;1mdone[0m
job-core	Copy web folder structure	2025-05-27T14:30:50.6722259Z [36;1m[0m
job-core	Copy web folder structure	2025-05-27T14:30:50.6723260Z [36;1m# Create a JSON file with the structure information[0m
job-core	Copy web folder structure	2025-05-27T14:30:50.6725116Z [36;1mecho "[" > core/outputs/webs/$TITLE/$TITLE"_resume.json"[0m
job-core	Copy web folder structure	2025-05-27T14:30:50.6726917Z [36;1m# Find all files and directories[0m
job-core	Copy web folder structure	2025-05-27T14:30:50.6728483Z [36;1mfind core/results/webs/ -type f -o -type d | sort | while read path; do[0m
job-core	Copy web folder structure	2025-05-27T14:30:50.6730166Z [36;1m  if [ "$path" != "core/results/webs/" ]; then[0m
job-core	Copy web folder structure	2025-05-27T14:30:50.6731419Z [36;1m    # Get the type (file or directory)[0m
job-core	Copy web folder structure	2025-05-27T14:30:50.6732585Z [36;1m    if [ -d "$path" ]; then[0m
job-core	Copy web folder structure	2025-05-27T14:30:50.6733645Z [36;1m      TYPE="directory"[0m
job-core	Copy web folder structure	2025-05-27T14:30:50.6734627Z [36;1m    else[0m
job-core	Copy web folder structure	2025-05-27T14:30:50.6735754Z [36;1m      TYPE="file"[0m
job-core	Copy web folder structure	2025-05-27T14:30:50.6736666Z [36;1m    fi[0m
job-core	Copy web folder structure	2025-05-27T14:30:50.6737650Z [36;1m    # Get the name of the item (last part of path)[0m
job-core	Copy web folder structure	2025-05-27T14:30:50.6738911Z [36;1m    NAME=$(basename "$path")[0m
job-core	Copy web folder structure	2025-05-27T14:30:50.6740005Z [36;1m    # Create the JSON entry[0m
job-core	Copy web folder structure	2025-05-27T14:30:50.6741736Z [36;1m    echo "  {\"path\": \"$path\", \"name\": \"$NAME\", \"type\": \"$TYPE\"}," >> core/outputs/webs/$TITLE/$TITLE"_resume.json"[0m
job-core	Copy web folder structure	2025-05-27T14:30:50.6743467Z [36;1m  fi[0m
job-core	Copy web folder structure	2025-05-27T14:30:50.6744249Z [36;1mdone[0m
job-core	Copy web folder structure	2025-05-27T14:30:50.6745543Z [36;1m# Remove the last comma and close the JSON array[0m
job-core	Copy web folder structure	2025-05-27T14:30:50.6747059Z [36;1msed -i '$ s/,$//' core/outputs/webs/$TITLE/$TITLE"_resume.json"[0m
job-core	Copy web folder structure	2025-05-27T14:30:50.6748670Z [36;1mecho "]" >> core/outputs/webs/$TITLE/$TITLE"_resume.json"[0m
job-core	Copy web folder structure	2025-05-27T14:30:50.6750403Z [36;1mecho "IV - Web folder structure copied successfully!"[0m
job-core	Copy web folder structure	2025-05-27T14:30:50.6762667Z shell: /usr/bin/bash -e {0}
job-core	Copy web folder structure	2025-05-27T14:30:50.6763610Z env:
job-core	Copy web folder structure	2025-05-27T14:30:50.6764344Z   KAOS_CODE: 15278078771
job-core	Copy web folder structure	2025-05-27T14:30:50.6765602Z   KAOS_EVENT_NAME: workflow_dispatch
job-core	Copy web folder structure	2025-05-27T14:30:50.6766610Z   KAOS_ACTION: 
job-core	Copy web folder structure	2025-05-27T14:30:50.6767410Z   KAOS_REF: refs/heads/main
job-core	Copy web folder structure	2025-05-27T14:30:50.6768386Z   KAOS_MODULE: [Ka0S] Deploy Web Structure
job-core	Copy web folder structure	2025-05-27T14:30:50.6769531Z   KAOS_JSON_RESUME: core/outputs/webs/
job-core	Copy web folder structure	2025-05-27T14:30:50.6770621Z   KAOS_WEB_STRUCTURE: core/results/webs/
job-core	Copy web folder structure	2025-05-27T14:30:50.6771682Z   KAOS_ACTOR: jh0ny2k2
job-core	Copy web folder structure	2025-05-27T14:30:50.6772663Z   KAOS_FINOPS_STRUCTURE: core/results/webs/finops/
job-core	Copy web folder structure	2025-05-27T14:30:50.6774116Z   KAOS_FINOPS_JSON_WEB: core/config/finops/results/data/webs.json
job-core	Copy web folder structure	2025-05-27T14:30:50.6775897Z   KAOS_FINOPS_JSON_DATA: core/config/finops/data
job-core	Copy web folder structure	2025-05-27T14:30:50.6777021Z ##[endgroup]
job-core	Copy web folder structure	2025-05-27T14:30:50.6984600Z 0 - Reading structure.json file...
job-core	Copy web folder structure	2025-05-27T14:30:50.7017544Z I - Main folder will be named: 
job-core	Copy web folder structure	2025-05-27T14:30:50.8829148Z IV - Web folder structure copied successfully!
job-core	Upload Files	ï»¿2025-05-27T14:30:50.8904487Z ##[group]Run echo "Uploading files to the repository..."
job-core	Upload Files	2025-05-27T14:30:50.8906356Z [36;1mecho "Uploading files to the repository..."[0m
job-core	Upload Files	2025-05-27T14:30:50.8907903Z [36;1mgit config --global user.name "***"[0m
job-core	Upload Files	2025-05-27T14:30:50.8909184Z [36;1mgit config --global user.email "***"[0m
job-core	Upload Files	2025-05-27T14:30:50.8910270Z [36;1mgit pull[0m
job-core	Upload Files	2025-05-27T14:30:50.8911702Z [36;1m# Asegurarse de que la carpeta web_structure se aÃ±ade explicitamente (incluyendo finops)[0m
job-core	Upload Files	2025-05-27T14:30:50.8913427Z [36;1mgit add core/results/webs/*[0m
job-core	Upload Files	2025-05-27T14:30:50.8914467Z [36;1mgit add core/outputs/webs/*[0m
job-core	Upload Files	2025-05-27T14:30:50.8916111Z [36;1m# Verificar si hay cambios para hacer commit[0m
job-core	Upload Files	2025-05-27T14:30:50.8917341Z [36;1mif git diff --staged --quiet; then[0m
job-core	Upload Files	2025-05-27T14:30:50.8918511Z [36;1m  echo "No hay cambios para hacer commit"[0m
job-core	Upload Files	2025-05-27T14:30:50.8919602Z [36;1melse[0m
job-core	Upload Files	2025-05-27T14:30:50.8921091Z [36;1m  git commit -m "[Ka0S] Uploading resume execution files and finops structure to the repository..."[0m
job-core	Upload Files	2025-05-27T14:30:50.8922977Z [36;1m  git push origin refs/heads/main[0m
job-core	Upload Files	2025-05-27T14:30:50.8923977Z [36;1mfi[0m
job-core	Upload Files	2025-05-27T14:30:50.8931979Z shell: /usr/bin/bash -e {0}
job-core	Upload Files	2025-05-27T14:30:50.8932858Z env:
job-core	Upload Files	2025-05-27T14:30:50.8933549Z   KAOS_CODE: 15278078771
job-core	Upload Files	2025-05-27T14:30:50.8934432Z   KAOS_EVENT_NAME: workflow_dispatch
job-core	Upload Files	2025-05-27T14:30:50.8935924Z   KAOS_ACTION: 
job-core	Upload Files	2025-05-27T14:30:50.8936690Z   KAOS_REF: refs/heads/main
job-core	Upload Files	2025-05-27T14:30:50.8937838Z   KAOS_MODULE: [Ka0S] Deploy Web Structure
job-core	Upload Files	2025-05-27T14:30:50.8938914Z   KAOS_JSON_RESUME: core/outputs/webs/
job-core	Upload Files	2025-05-27T14:30:50.8939969Z   KAOS_WEB_STRUCTURE: core/results/webs/
job-core	Upload Files	2025-05-27T14:30:50.8940979Z   KAOS_ACTOR: jh0ny2k2
job-core	Upload Files	2025-05-27T14:30:50.8941913Z   KAOS_FINOPS_STRUCTURE: core/results/webs/finops/
job-core	Upload Files	2025-05-27T14:30:50.8943316Z   KAOS_FINOPS_JSON_WEB: core/config/finops/results/data/webs.json
job-core	Upload Files	2025-05-27T14:30:50.8944793Z   KAOS_FINOPS_JSON_DATA: core/config/finops/data
job-core	Upload Files	2025-05-27T14:30:50.8946330Z ##[endgroup]
job-core	Upload Files	2025-05-27T14:30:50.8982011Z Uploading files to the repository...
job-core	Upload Files	2025-05-27T14:30:51.5329690Z Already up to date.
job-core	Upload Files	2025-05-27T14:30:51.5570083Z No hay cambios para hacer commit
job-core	Post Checkout repository	ï»¿2025-05-27T14:30:51.5726579Z Post job cleanup.
job-core	Post Checkout repository	2025-05-27T14:30:51.6498173Z [command]/usr/bin/git version
job-core	Post Checkout repository	2025-05-27T14:30:51.6534362Z git version 2.43.0
job-core	Post Checkout repository	2025-05-27T14:30:51.6571893Z Copying '/home/kaos/.gitconfig' to '/actions-runner/_work/_temp/5e79064f-d4ff-4912-9bb7-9da68e881561/.gitconfig'
job-core	Post Checkout repository	2025-05-27T14:30:51.6583334Z Temporarily overriding HOME='/actions-runner/_work/_temp/5e79064f-d4ff-4912-9bb7-9da68e881561' before making global git config changes
job-core	Post Checkout repository	2025-05-27T14:30:51.6587055Z Adding repository directory to the temporary git global config as a safe directory
job-core	Post Checkout repository	2025-05-27T14:30:51.6589255Z [command]/usr/bin/git config --global --add safe.directory /actions-runner/_work/ka0s/ka0s
job-core	Post Checkout repository	2025-05-27T14:30:51.6621989Z [command]/usr/bin/git config --local --name-only --get-regexp core\.sshCommand
job-core	Post Checkout repository	2025-05-27T14:30:51.6651711Z [command]/usr/bin/git submodule foreach --recursive sh -c "git config --local --name-only --get-regexp 'core\.sshCommand' && git config --local --unset-all 'core.sshCommand' || :"
job-core	Post Checkout repository	2025-05-27T14:30:51.6905354Z [command]/usr/bin/git config --local --name-only --get-regexp http\.https\:\/\/github\.com\/\.extraheader
job-core	Post Checkout repository	2025-05-27T14:30:51.6926495Z http.https://github.com/.extraheader
job-core	Post Checkout repository	2025-05-27T14:30:51.6936443Z [command]/usr/bin/git config --local --unset-all http.https://github.com/.extraheader
job-core	Post Checkout repository	2025-05-27T14:30:51.6966670Z [command]/usr/bin/git submodule foreach --recursive sh -c "git config --local --name-only --get-regexp 'http\.https\:\/\/github\.com\/\.extraheader' && git config --local --unset-all 'http.https://github.com/.extraheader' || :"
job-core	Complete job	ï»¿2025-05-27T14:30:51.7344793Z Cleaning up orphan processes
job-data	Set up job	ï»¿2025-05-27T14:30:58.2656321Z Current runner version: '2.324.0'
job-data	Set up job	2025-05-27T14:30:58.2663163Z Runner name: 'ka0s-ka0s-3'
job-data	Set up job	2025-05-27T14:30:58.2664184Z Machine name: '862bc7bbf796'
job-data	Set up job	2025-05-27T14:30:58.2667164Z ##[group]GITHUB_TOKEN Permissions
job-data	Set up job	2025-05-27T14:30:58.2669424Z Contents: read
job-data	Set up job	2025-05-27T14:30:58.2669969Z Metadata: read
job-data	Set up job	2025-05-27T14:30:58.2670499Z Packages: read
job-data	Set up job	2025-05-27T14:30:58.2671133Z ##[endgroup]
job-data	Set up job	2025-05-27T14:30:58.2673344Z Secret source: Actions
job-data	Set up job	2025-05-27T14:30:58.2674043Z Prepare workflow directory
job-data	Set up job	2025-05-27T14:30:58.3290494Z Prepare all required actions
job-data	Set up job	2025-05-27T14:30:58.3330260Z Getting action download info
job-data	Set up job	2025-05-27T14:30:58.8567245Z Download action repository 'actions/checkout@v3' (SHA:f43a0e5ff2bd294095638e18286ca9a3d1956744)
job-data	Set up job	2025-05-27T14:30:59.6831475Z Complete job name: job-data
job-data	Checkout repository	ï»¿2025-05-27T14:30:59.7307395Z ##[group]Run actions/checkout@v3
job-data	Checkout repository	2025-05-27T14:30:59.7308218Z with:
job-data	Checkout repository	2025-05-27T14:30:59.7308601Z   fetch-depth: 0
job-data	Checkout repository	2025-05-27T14:30:59.7309198Z   token: ***
job-data	Checkout repository	2025-05-27T14:30:59.7309586Z   repository: Ka0s-Klaus/ka0s
job-data	Checkout repository	2025-05-27T14:30:59.7310079Z   ssh-strict: true
job-data	Checkout repository	2025-05-27T14:30:59.7310487Z   persist-credentials: true
job-data	Checkout repository	2025-05-27T14:30:59.7310921Z   clean: true
job-data	Checkout repository	2025-05-27T14:30:59.7311314Z   sparse-checkout-cone-mode: true
job-data	Checkout repository	2025-05-27T14:30:59.7311783Z   fetch-tags: false
job-data	Checkout repository	2025-05-27T14:30:59.7312161Z   lfs: false
job-data	Checkout repository	2025-05-27T14:30:59.7312524Z   submodules: false
job-data	Checkout repository	2025-05-27T14:30:59.7312922Z   set-safe-directory: true
job-data	Checkout repository	2025-05-27T14:30:59.7313556Z env:
job-data	Checkout repository	2025-05-27T14:30:59.7313927Z   KAOS_CODE: 15278078771
job-data	Checkout repository	2025-05-27T14:30:59.7314360Z   KAOS_EVENT_NAME: workflow_dispatch
job-data	Checkout repository	2025-05-27T14:30:59.7315251Z   KAOS_ACTION: 
job-data	Checkout repository	2025-05-27T14:30:59.7315635Z   KAOS_REF: refs/heads/main
job-data	Checkout repository	2025-05-27T14:30:59.7316095Z   KAOS_MODULE: [Ka0S] Deploy Web Structure
job-data	Checkout repository	2025-05-27T14:30:59.7316617Z   KAOS_JSON_RESUME: core/outputs/webs/
job-data	Checkout repository	2025-05-27T14:30:59.7317153Z   KAOS_WEB_STRUCTURE: core/results/webs/
job-data	Checkout repository	2025-05-27T14:30:59.7317645Z   KAOS_ACTOR: jh0ny2k2
job-data	Checkout repository	2025-05-27T14:30:59.7318109Z   KAOS_FINOPS_STRUCTURE: core/results/webs/finops/
job-data	Checkout repository	2025-05-27T14:30:59.7318777Z   KAOS_FINOPS_JSON_WEB: core/config/finops/results/data/webs.json
job-data	Checkout repository	2025-05-27T14:30:59.7319437Z   KAOS_FINOPS_JSON_DATA: core/config/finops/data
job-data	Checkout repository	2025-05-27T14:30:59.7319951Z ##[endgroup]
job-data	Checkout repository	2025-05-27T14:30:59.8207242Z Syncing repository: Ka0s-Klaus/ka0s
job-data	Checkout repository	2025-05-27T14:30:59.8209006Z ##[group]Getting Git version info
job-data	Checkout repository	2025-05-27T14:30:59.8209676Z Working directory is '/actions-runner/_work/ka0s/ka0s'
job-data	Checkout repository	2025-05-27T14:30:59.8210573Z [command]/usr/bin/git version
job-data	Checkout repository	2025-05-27T14:30:59.8211037Z git version 2.43.0
job-data	Checkout repository	2025-05-27T14:30:59.8231177Z ##[endgroup]
job-data	Checkout repository	2025-05-27T14:30:59.8243002Z Copying '/home/kaos/.gitconfig' to '/actions-runner/_work/_temp/726ca7db-c44a-4c59-ab67-0305d2b93bef/.gitconfig'
job-data	Checkout repository	2025-05-27T14:30:59.8254002Z Temporarily overriding HOME='/actions-runner/_work/_temp/726ca7db-c44a-4c59-ab67-0305d2b93bef' before making global git config changes
job-data	Checkout repository	2025-05-27T14:30:59.8255866Z Adding repository directory to the temporary git global config as a safe directory
job-data	Checkout repository	2025-05-27T14:30:59.8257643Z [command]/usr/bin/git config --global --add safe.directory /actions-runner/_work/ka0s/ka0s
job-data	Checkout repository	2025-05-27T14:30:59.8297548Z [command]/usr/bin/git config --local --get remote.origin.url
job-data	Checkout repository	2025-05-27T14:30:59.8318317Z https://github.com/Ka0s-Klaus/ka0s
job-data	Checkout repository	2025-05-27T14:30:59.8336806Z ##[group]Removing previously created refs, to avoid conflicts
job-data	Checkout repository	2025-05-27T14:30:59.8341119Z [command]/usr/bin/git rev-parse --symbolic-full-name --verify --quiet HEAD
job-data	Checkout repository	2025-05-27T14:30:59.8364303Z refs/heads/main
job-data	Checkout repository	2025-05-27T14:30:59.8372680Z [command]/usr/bin/git checkout --detach
job-data	Checkout repository	2025-05-27T14:30:59.8538558Z HEAD is now at b3188d14 [Ka0S] Uploading resume execution files and finops structure to the repository...
job-data	Checkout repository	2025-05-27T14:30:59.8586558Z [command]/usr/bin/git branch --delete --force main
job-data	Checkout repository	2025-05-27T14:30:59.8620756Z Deleted branch main (was b3188d14).
job-data	Checkout repository	2025-05-27T14:30:59.8697205Z ##[endgroup]
job-data	Checkout repository	2025-05-27T14:30:59.8697783Z [command]/usr/bin/git submodule status
job-data	Checkout repository	2025-05-27T14:30:59.8967103Z ##[group]Cleaning the repository
job-data	Checkout repository	2025-05-27T14:30:59.8969383Z [command]/usr/bin/git clean -ffdx
job-data	Checkout repository	2025-05-27T14:30:59.9047368Z [command]/usr/bin/git reset --hard HEAD
job-data	Checkout repository	2025-05-27T14:30:59.9329612Z HEAD is now at b3188d14 [Ka0S] Uploading resume execution files and finops structure to the repository...
job-data	Checkout repository	2025-05-27T14:30:59.9335892Z ##[endgroup]
job-data	Checkout repository	2025-05-27T14:30:59.9337920Z ##[group]Disabling automatic garbage collection
job-data	Checkout repository	2025-05-27T14:30:59.9341580Z [command]/usr/bin/git config --local gc.auto 0
job-data	Checkout repository	2025-05-27T14:30:59.9370761Z ##[endgroup]
job-data	Checkout repository	2025-05-27T14:30:59.9371623Z ##[group]Setting up auth
job-data	Checkout repository	2025-05-27T14:30:59.9376992Z [command]/usr/bin/git config --local --name-only --get-regexp core\.sshCommand
job-data	Checkout repository	2025-05-27T14:30:59.9408486Z [command]/usr/bin/git submodule foreach --recursive sh -c "git config --local --name-only --get-regexp 'core\.sshCommand' && git config --local --unset-all 'core.sshCommand' || :"
job-data	Checkout repository	2025-05-27T14:30:59.9729419Z [command]/usr/bin/git config --local --name-only --get-regexp http\.https\:\/\/github\.com\/\.extraheader
job-data	Checkout repository	2025-05-27T14:30:59.9733780Z [command]/usr/bin/git submodule foreach --recursive sh -c "git config --local --name-only --get-regexp 'http\.https\:\/\/github\.com\/\.extraheader' && git config --local --unset-all 'http.https://github.com/.extraheader' || :"
job-data	Checkout repository	2025-05-27T14:30:59.9949775Z [command]/usr/bin/git config --local http.https://github.com/.extraheader AUTHORIZATION: basic ***
job-data	Checkout repository	2025-05-27T14:30:59.9993173Z ##[endgroup]
job-data	Checkout repository	2025-05-27T14:30:59.9994168Z ##[group]Fetching the repository
job-data	Checkout repository	2025-05-27T14:31:00.0000430Z [command]/usr/bin/git -c protocol.version=2 fetch --prune --progress --no-recurse-submodules origin +refs/heads/*:refs/remotes/origin/* +refs/tags/*:refs/tags/*
job-data	Checkout repository	2025-05-27T14:31:00.6966637Z remote: Enumerating objects: 42, done.        
job-data	Checkout repository	2025-05-27T14:31:00.6975396Z remote: Counting objects:   2% (1/37)        
job-data	Checkout repository	2025-05-27T14:31:00.6979636Z remote: Counting objects:   5% (2/37)        
job-data	Checkout repository	2025-05-27T14:31:00.6983771Z remote: Counting objects:   8% (3/37)        
job-data	Checkout repository	2025-05-27T14:31:00.6987999Z remote: Counting objects:  10% (4/37)        
job-data	Checkout repository	2025-05-27T14:31:00.6992057Z remote: Counting objects:  13% (5/37)        
job-data	Checkout repository	2025-05-27T14:31:00.6996206Z remote: Counting objects:  16% (6/37)        
job-data	Checkout repository	2025-05-27T14:31:00.7000190Z remote: Counting objects:  18% (7/37)        
job-data	Checkout repository	2025-05-27T14:31:00.7004155Z remote: Counting objects:  21% (8/37)        
job-data	Checkout repository	2025-05-27T14:31:00.7008343Z remote: Counting objects:  24% (9/37)        
job-data	Checkout repository	2025-05-27T14:31:00.7012300Z remote: Counting objects:  27% (10/37)        
job-data	Checkout repository	2025-05-27T14:31:00.7016434Z remote: Counting objects:  29% (11/37)        
job-data	Checkout repository	2025-05-27T14:31:00.7020370Z remote: Counting objects:  32% (12/37)        
job-data	Checkout repository	2025-05-27T14:31:00.7024277Z remote: Counting objects:  35% (13/37)        
job-data	Checkout repository	2025-05-27T14:31:00.7028534Z remote: Counting objects:  37% (14/37)        
job-data	Checkout repository	2025-05-27T14:31:00.7032449Z remote: Counting objects:  40% (15/37)        
job-data	Checkout repository	2025-05-27T14:31:00.7036792Z remote: Counting objects:  43% (16/37)        
job-data	Checkout repository	2025-05-27T14:31:00.7040711Z remote: Counting objects:  45% (17/37)        
job-data	Checkout repository	2025-05-27T14:31:00.7044820Z remote: Counting objects:  48% (18/37)        
job-data	Checkout repository	2025-05-27T14:31:00.7048902Z remote: Counting objects:  51% (19/37)        
job-data	Checkout repository	2025-05-27T14:31:00.7052934Z remote: Counting objects:  54% (20/37)        
job-data	Checkout repository	2025-05-27T14:31:00.7057068Z remote: Counting objects:  56% (21/37)        
job-data	Checkout repository	2025-05-27T14:31:00.7061119Z remote: Counting objects:  59% (22/37)        
job-data	Checkout repository	2025-05-27T14:31:00.7065388Z remote: Counting objects:  62% (23/37)        
job-data	Checkout repository	2025-05-27T14:31:00.7070073Z remote: Counting objects:  64% (24/37)        
job-data	Checkout repository	2025-05-27T14:31:00.7074874Z remote: Counting objects:  67% (25/37)        
job-data	Checkout repository	2025-05-27T14:31:00.7079528Z remote: Counting objects:  70% (26/37)        
job-data	Checkout repository	2025-05-27T14:31:00.7084330Z remote: Counting objects:  72% (27/37)        
job-data	Checkout repository	2025-05-27T14:31:00.7089293Z remote: Counting objects:  75% (28/37)        
job-data	Checkout repository	2025-05-27T14:31:00.7094018Z remote: Counting objects:  78% (29/37)        
job-data	Checkout repository	2025-05-27T14:31:00.7098944Z remote: Counting objects:  81% (30/37)        
job-data	Checkout repository	2025-05-27T14:31:00.7103769Z remote: Counting objects:  83% (31/37)        
job-data	Checkout repository	2025-05-27T14:31:00.7109789Z remote: Counting objects:  86% (32/37)        
job-data	Checkout repository	2025-05-27T14:31:00.7114562Z remote: Counting objects:  89% (33/37)        
job-data	Checkout repository	2025-05-27T14:31:00.7123899Z remote: Counting objects:  91% (34/37)        
job-data	Checkout repository	2025-05-27T14:31:00.7129724Z remote: Counting objects:  94% (35/37)        
job-data	Checkout repository	2025-05-27T14:31:00.7134574Z remote: Counting objects:  97% (36/37)        
job-data	Checkout repository	2025-05-27T14:31:00.7139478Z remote: Counting objects: 100% (37/37)        
job-data	Checkout repository	2025-05-27T14:31:00.7144432Z remote: Counting objects: 100% (37/37), done.        
job-data	Checkout repository	2025-05-27T14:31:00.7149651Z remote: Compressing objects:   8% (1/12)        
job-data	Checkout repository	2025-05-27T14:31:00.7154553Z remote: Compressing objects:  16% (2/12)        
job-data	Checkout repository	2025-05-27T14:31:00.7159598Z remote: Compressing objects:  25% (3/12)        
job-data	Checkout repository	2025-05-27T14:31:00.7164453Z remote: Compressing objects:  33% (4/12)        
job-data	Checkout repository	2025-05-27T14:31:00.7169127Z remote: Compressing objects:  41% (5/12)        
job-data	Checkout repository	2025-05-27T14:31:00.7173949Z remote: Compressing objects:  50% (6/12)        
job-data	Checkout repository	2025-05-27T14:31:00.7178272Z remote: Compressing objects:  58% (7/12)        
job-data	Checkout repository	2025-05-27T14:31:00.7181525Z remote: Compressing objects:  66% (8/12)        
job-data	Checkout repository	2025-05-27T14:31:00.7184849Z remote: Compressing objects:  75% (9/12)        
job-data	Checkout repository	2025-05-27T14:31:00.7187977Z remote: Compressing objects:  83% (10/12)        
job-data	Checkout repository	2025-05-27T14:31:00.7191083Z remote: Compressing objects:  91% (11/12)        
job-data	Checkout repository	2025-05-27T14:31:00.7194287Z remote: Compressing objects: 100% (12/12)        
job-data	Checkout repository	2025-05-27T14:31:00.7197960Z remote: Compressing objects: 100% (12/12), done.        
job-data	Checkout repository	2025-05-27T14:31:00.7202152Z remote: Total 26 (delta 15), reused 20 (delta 11), pack-reused 0 (from 0)        
job-data	Checkout repository	2025-05-27T14:31:00.7501681Z From https://github.com/Ka0s-Klaus/ka0s
job-data	Checkout repository	2025-05-27T14:31:00.7503128Z    b3188d14..9e2cdb52  main       -> origin/main
job-data	Checkout repository	2025-05-27T14:31:00.7558779Z [command]/usr/bin/git branch --list --remote origin/main
job-data	Checkout repository	2025-05-27T14:31:00.7586100Z   origin/main
job-data	Checkout repository	2025-05-27T14:31:00.7593739Z [command]/usr/bin/git rev-parse refs/remotes/origin/main
job-data	Checkout repository	2025-05-27T14:31:00.7615482Z 9e2cdb52530d86353dfac956f5c19fbc0e144c80
job-data	Checkout repository	2025-05-27T14:31:00.7622173Z ##[endgroup]
job-data	Checkout repository	2025-05-27T14:31:00.7623646Z ##[group]Determining the checkout info
job-data	Checkout repository	2025-05-27T14:31:00.7625510Z ##[endgroup]
job-data	Checkout repository	2025-05-27T14:31:00.7626936Z ##[group]Checking out the ref
job-data	Checkout repository	2025-05-27T14:31:00.7628401Z [command]/usr/bin/git checkout --progress --force -B main refs/remotes/origin/main
job-data	Checkout repository	2025-05-27T14:31:00.7869917Z Previous HEAD position was b3188d14 [Ka0S] Uploading resume execution files and finops structure to the repository...
job-data	Checkout repository	2025-05-27T14:31:00.7878535Z Switched to a new branch 'main'
job-data	Checkout repository	2025-05-27T14:31:00.7879825Z branch 'main' set up to track 'origin/main'.
job-data	Checkout repository	2025-05-27T14:31:00.7888722Z ##[endgroup]
job-data	Checkout repository	2025-05-27T14:31:00.7923935Z [command]/usr/bin/git log -1 --format='%H'
job-data	Checkout repository	2025-05-27T14:31:00.7950633Z '9e2cdb52530d86353dfac956f5c19fbc0e144c80'
job-data	Copy data files to web structure	ï»¿2025-05-27T14:31:00.8167336Z ##[group]Run echo "Reading structure file..."
job-data	Copy data files to web structure	2025-05-27T14:31:00.8169585Z [36;1mecho "Reading structure file..."[0m
job-data	Copy data files to web structure	2025-05-27T14:31:00.8171884Z [36;1mSTRUCTURE_FILE="core/config/finops/results/data/webs.json"[0m
job-data	Copy data files to web structure	2025-05-27T14:31:00.8174322Z [36;1mecho "Structure file: $STRUCTURE_FILE"[0m
job-data	Copy data files to web structure	2025-05-27T14:31:00.8175818Z [36;1m[0m
job-data	Copy data files to web structure	2025-05-27T14:31:00.8177132Z [36;1m# Extract title for main folder name from structure file[0m
job-data	Copy data files to web structure	2025-05-27T14:31:00.8190190Z [36;1mTITLE=$(jq -r '.title' $STRUCTURE_FILE)[0m
job-data	Copy data files to web structure	2025-05-27T14:31:00.8191543Z [36;1mif [ -z "$TITLE" ]; then[0m
job-data	Copy data files to web structure	2025-05-27T14:31:00.8192532Z [36;1m  TITLE="dashboard"[0m
job-data	Copy data files to web structure	2025-05-27T14:31:00.8193777Z [36;1m  echo "Title not found in JSON file, using default: $TITLE"[0m
job-data	Copy data files to web structure	2025-05-27T14:31:00.8195650Z [36;1melse[0m
job-data	Copy data files to web structure	2025-05-27T14:31:00.8196479Z [36;1m  echo "Main folder is named: $TITLE"[0m
job-data	Copy data files to web structure	2025-05-27T14:31:00.8197545Z [36;1mfi[0m
job-data	Copy data files to web structure	2025-05-27T14:31:00.8198205Z [36;1m[0m
job-data	Copy data files to web structure	2025-05-27T14:31:00.8198997Z [36;1m# Sanitize the title for directory names[0m
job-data	Copy data files to web structure	2025-05-27T14:31:00.8200375Z [36;1mSAFE_TITLE=$(echo "$TITLE" | sed 's/+/plus/g')[0m
job-data	Copy data files to web structure	2025-05-27T14:31:00.8201511Z [36;1m[0m
job-data	Copy data files to web structure	2025-05-27T14:31:00.8202635Z [36;1m# Create data directory if it doesn't exist[0m
job-data	Copy data files to web structure	2025-05-27T14:31:00.8203969Z [36;1mmkdir -p "core/results/webs/$SAFE_TITLE/data"[0m
job-data	Copy data files to web structure	2025-05-27T14:31:00.8205615Z [36;1m[0m
job-data	Copy data files to web structure	2025-05-27T14:31:00.8206465Z [36;1m# Copiar el archivo webs.json a la estructura[0m
job-data	Copy data files to web structure	2025-05-27T14:31:00.8208010Z [36;1mcp $STRUCTURE_FILE "core/results/webs/finops/data/webs.json"[0m
job-data	Copy data files to web structure	2025-05-27T14:31:00.8209569Z [36;1mecho "Copied webs.json to data directory"[0m
job-data	Copy data files to web structure	2025-05-27T14:31:00.8210688Z [36;1m[0m
job-data	Copy data files to web structure	2025-05-27T14:31:00.8211645Z [36;1m# Copiar los archivos de datatemplate de las secciones[0m
job-data	Copy data files to web structure	2025-05-27T14:31:00.8213128Z [36;1mecho "Copying section datatemplate files..."[0m
job-data	Copy data files to web structure	2025-05-27T14:31:00.8215737Z [36;1mjq -r '.sections[] | .datatemplate' $STRUCTURE_FILE | while read datatemplate_path; do[0m
job-data	Copy data files to web structure	2025-05-27T14:31:00.8217546Z [36;1m  if [ ! -z "$datatemplate_path" ]; then[0m
job-data	Copy data files to web structure	2025-05-27T14:31:00.8218722Z [36;1m    # Obtener el nombre del archivo[0m
job-data	Copy data files to web structure	2025-05-27T14:31:00.8220056Z [36;1m    TEMPLATE_FILENAME=$(basename "$datatemplate_path")[0m
job-data	Copy data files to web structure	2025-05-27T14:31:00.8221985Z [36;1m    echo "Copying section datatemplate file: $datatemplate_path to data directory"[0m
job-data	Copy data files to web structure	2025-05-27T14:31:00.8224995Z [36;1m    cp "core/config/finops/results/data/$datatemplate_path" "core/results/webs/$TITLE/data/$TEMPLATE_FILENAME"[0m
job-data	Copy data files to web structure	2025-05-27T14:31:00.8227248Z [36;1m  fi[0m
job-data	Copy data files to web structure	2025-05-27T14:31:00.8227927Z [36;1mdone[0m
job-data	Copy data files to web structure	2025-05-27T14:31:00.8228602Z [36;1m[0m
job-data	Copy data files to web structure	2025-05-27T14:31:00.8229317Z [36;1m# Copiar archivos de FinOps[0m
job-data	Copy data files to web structure	2025-05-27T14:31:00.8230401Z [36;1mecho "Copying FinOps data files..."[0m
job-data	Copy data files to web structure	2025-05-27T14:31:00.8231589Z [36;1mif [ -d "core/config/finops/data" ]; then[0m
job-data	Copy data files to web structure	2025-05-27T14:31:00.8233361Z [36;1m  find "core/config/finops/data" -name "*.json" -type f | while read -r json_file; do[0m
job-data	Copy data files to web structure	2025-05-27T14:31:00.8235517Z [36;1m    DATA_FILENAME=$(basename "$json_file")[0m
job-data	Copy data files to web structure	2025-05-27T14:31:00.8236799Z [36;1m    echo "Copying FinOps data file: $json_file"[0m
job-data	Copy data files to web structure	2025-05-27T14:31:00.8238304Z [36;1m    cp "$json_file" "core/results/webs/$TITLE/data/$DATA_FILENAME"[0m
job-data	Copy data files to web structure	2025-05-27T14:31:00.8239658Z [36;1m  done[0m
job-data	Copy data files to web structure	2025-05-27T14:31:00.8240340Z [36;1mfi[0m
job-data	Copy data files to web structure	2025-05-27T14:31:00.8240983Z [36;1m[0m
job-data	Copy data files to web structure	2025-05-27T14:31:00.8241892Z [36;1m# Create the directory before generating the summary[0m
job-data	Copy data files to web structure	2025-05-27T14:31:00.8243278Z [36;1mmkdir -p "core/outputs/webs/$SAFE_TITLE"[0m
job-data	Copy data files to web structure	2025-05-27T14:31:00.8244381Z [36;1m[0m
job-data	Copy data files to web structure	2025-05-27T14:31:00.8245840Z [36;1m# Generate data files summary using SAFE_TITLE[0m
job-data	Copy data files to web structure	2025-05-27T14:31:00.8247451Z [36;1mecho "{" > "core/outputs/webs/$SAFE_TITLE/data-files-summary.json"[0m
job-data	Copy data files to web structure	2025-05-27T14:31:00.8249491Z [36;1mecho "  \"dataFiles\": [" >> "core/outputs/webs/$SAFE_TITLE/data-files-summary.json"[0m
job-data	Copy data files to web structure	2025-05-27T14:31:00.8251086Z [36;1m[0m
job-data	Copy data files to web structure	2025-05-27T14:31:00.8251792Z [36;1m# List all copied files[0m
job-data	Copy data files to web structure	2025-05-27T14:31:00.8253395Z [36;1mfind "core/results/webs/$SAFE_TITLE/data" -type f | sort | while read -r file; do[0m
job-data	Copy data files to web structure	2025-05-27T14:31:00.8256051Z [36;1m  RELATIVE_PATH="${file#core/results/webs/$SAFE_TITLE/}"[0m
job-data	Copy data files to web structure	2025-05-27T14:31:00.8258057Z [36;1m  echo "    {\"path\": \"$RELATIVE_PATH\"}," >> "core/outputs/webs/$SAFE_TITLE/data-files-summary.json"[0m
job-data	Copy data files to web structure	2025-05-27T14:31:00.8259766Z [36;1mdone[0m
job-data	Copy data files to web structure	2025-05-27T14:31:00.8260445Z [36;1m[0m
job-data	Copy data files to web structure	2025-05-27T14:31:00.8261246Z [36;1m# Remove the last comma and close the JSON[0m
job-data	Copy data files to web structure	2025-05-27T14:31:00.8262834Z [36;1msed -i '$ s/,$//' "core/outputs/webs/$SAFE_TITLE/data-files-summary.json"[0m
job-data	Copy data files to web structure	2025-05-27T14:31:00.8264732Z [36;1mecho "  ]" >> "core/outputs/webs/$SAFE_TITLE/data-files-summary.json"[0m
job-data	Copy data files to web structure	2025-05-27T14:31:00.8266562Z [36;1mecho "}" >> "core/outputs/webs/$SAFE_TITLE/data-files-summary.json"[0m
job-data	Copy data files to web structure	2025-05-27T14:31:00.8267942Z [36;1m[0m
job-data	Copy data files to web structure	2025-05-27T14:31:00.8269351Z [36;1mecho "Data files summary generated at core/outputs/webs/$TITLE/data-files-summary.json"[0m
job-data	Copy data files to web structure	2025-05-27T14:31:00.8282009Z shell: /usr/bin/bash -e {0}
job-data	Copy data files to web structure	2025-05-27T14:31:00.8282926Z env:
job-data	Copy data files to web structure	2025-05-27T14:31:00.8283574Z   KAOS_CODE: 15278078771
job-data	Copy data files to web structure	2025-05-27T14:31:00.8284438Z   KAOS_EVENT_NAME: workflow_dispatch
job-data	Copy data files to web structure	2025-05-27T14:31:00.8285649Z   KAOS_ACTION: 
job-data	Copy data files to web structure	2025-05-27T14:31:00.8286392Z   KAOS_REF: refs/heads/main
job-data	Copy data files to web structure	2025-05-27T14:31:00.8287322Z   KAOS_MODULE: [Ka0S] Deploy Web Structure
job-data	Copy data files to web structure	2025-05-27T14:31:00.8288405Z   KAOS_JSON_RESUME: core/outputs/webs/
job-data	Copy data files to web structure	2025-05-27T14:31:00.8289466Z   KAOS_WEB_STRUCTURE: core/results/webs/
job-data	Copy data files to web structure	2025-05-27T14:31:00.8290472Z   KAOS_ACTOR: jh0ny2k2
job-data	Copy data files to web structure	2025-05-27T14:31:00.8291391Z   KAOS_FINOPS_STRUCTURE: core/results/webs/finops/
job-data	Copy data files to web structure	2025-05-27T14:31:00.8292816Z   KAOS_FINOPS_JSON_WEB: core/config/finops/results/data/webs.json
job-data	Copy data files to web structure	2025-05-27T14:31:00.8294224Z   KAOS_FINOPS_JSON_DATA: core/config/finops/data
job-data	Copy data files to web structure	2025-05-27T14:31:00.8295694Z ##[endgroup]
job-data	Copy data files to web structure	2025-05-27T14:31:00.8353168Z Reading structure file...
job-data	Copy data files to web structure	2025-05-27T14:31:00.8354950Z Structure file: core/config/finops/results/data/webs.json
job-data	Copy data files to web structure	2025-05-27T14:31:00.8384238Z Main folder is named: masOrange
job-data	Copy data files to web structure	2025-05-27T14:31:00.8431698Z Copied webs.json to data directory
job-data	Copy data files to web structure	2025-05-27T14:31:00.8467548Z Copying section datatemplate files...
job-data	Copy data files to web structure	2025-05-27T14:31:00.8469496Z Copying section datatemplate file: Section/section1.json to data directory
job-data	Copy data files to web structure	2025-05-27T14:31:00.8491195Z Copying section datatemplate file: Section/section2.json to data directory
job-data	Copy data files to web structure	2025-05-27T14:31:00.8515758Z Copying section datatemplate file: Section/section3.json to data directory
job-data	Copy data files to web structure	2025-05-27T14:31:00.8540030Z Copying section datatemplate file: Section/section4.json to data directory
job-data	Copy data files to web structure	2025-05-27T14:31:00.8561057Z Copying section datatemplate file: Section/section5.json to data directory
job-data	Copy data files to web structure	2025-05-27T14:31:00.8585487Z Copying section datatemplate file: Section/section6.json to data directory
job-data	Copy data files to web structure	2025-05-27T14:31:00.8606798Z Copying section datatemplate file: Section/section7.json to data directory
job-data	Copy data files to web structure	2025-05-27T14:31:00.8631788Z Copying section datatemplate file: Section/section8.json to data directory
job-data	Copy data files to web structure	2025-05-27T14:31:00.8654176Z Copying section datatemplate file: Section/section9.json to data directory
job-data	Copy data files to web structure	2025-05-27T14:31:00.8675274Z Copying section datatemplate file: Section/section10.json to data directory
job-data	Copy data files to web structure	2025-05-27T14:31:00.8695888Z Copying section datatemplate file: Section/section11.json to data directory
job-data	Copy data files to web structure	2025-05-27T14:31:00.8716074Z Copying section datatemplate file: Section/section12.json to data directory
job-data	Copy data files to web structure	2025-05-27T14:31:00.8738773Z Copying section datatemplate file: Section/section12.json to data directory
job-data	Copy data files to web structure	2025-05-27T14:31:00.8752885Z Copying FinOps data files...
job-data	Copy data files to web structure	2025-05-27T14:31:00.8776185Z Copying FinOps data file: core/config/finops/data/gcp_cost_anomaly_detection_query_results.json
job-data	Copy data files to web structure	2025-05-27T14:31:00.8799119Z Copying FinOps data file: core/config/finops/data/gcp_cost_by_project_environment_query_results.json
job-data	Copy data files to web structure	2025-05-27T14:31:00.8826460Z Copying FinOps data file: core/config/finops/data/gcp_anomalous_spending_query_results.json
job-data	Copy data files to web structure	2025-05-27T14:31:00.8850650Z Copying FinOps data file: core/config/finops/data/15209428707_gcp_monthly_cost_summary_query_results_20250523_134143.json
job-data	Copy data files to web structure	2025-05-27T14:31:00.8875819Z Copying FinOps data file: core/config/finops/data/15183893408_gcp_day_month_cost_service_query_results_20250522_121215.json
job-data	Copy data files to web structure	2025-05-27T14:31:00.8901291Z Copying FinOps data file: core/config/finops/data/gcp_forecasted_spend_query_results.json
job-data	Copy data files to web structure	2025-05-27T14:31:00.8923995Z Copying FinOps data file: core/config/finops/data/15183804885_gcp_monthly_cost_summary_query_results_20250522_120757.json
job-data	Copy data files to web structure	2025-05-27T14:31:00.8946593Z Copying FinOps data file: core/config/finops/data/gcp_cost_by_region_query_results.json
job-data	Copy data files to web structure	2025-05-27T14:31:00.8972140Z Copying FinOps data file: core/config/finops/data/15209398100_gcp_cost_by_project_environment_query_results_20250523_133938.json
job-data	Copy data files to web structure	2025-05-27T14:31:00.8996273Z Copying FinOps data file: core/config/finops/data/15209442325_gcp_top_10_services_current_year_query_results_20250523_134147.json
job-data	Copy data files to web structure	2025-05-27T14:31:00.9016229Z Copying FinOps data file: core/config/finops/data/gcp_credit_breakdown_query_results.json
job-data	Copy data files to web structure	2025-05-27T14:31:00.9040975Z Copying FinOps data file: core/config/finops/data/15184038868_gcp_project_monthly_cost_summary_query_results_20250522_121929.json
job-data	Copy data files to web structure	2025-05-27T14:31:00.9063316Z Copying FinOps data file: core/config/finops/data/15209392649_gcp_cost_anomaly_detection_query_results_20250523_133919.json
job-data	Copy data files to web structure	2025-05-27T14:31:00.9085402Z Copying FinOps data file: core/config/finops/data/15209413645_gcp_credit_breakdown_query_results_20250523_134037.json
job-data	Copy data files to web structure	2025-05-27T14:31:00.9109280Z Copying FinOps data file: core/config/finops/data/15209408428_gcp_cost_efficiency_query_results_20250523_133946.json
job-data	Copy data files to web structure	2025-05-27T14:31:00.9132777Z Copying FinOps data file: core/config/finops/data/15209387210_gcp_commitment_utilization_query_results_20250523_133831.json
job-data	Copy data files to web structure	2025-05-27T14:31:00.9155505Z Copying FinOps data file: core/config/finops/data/15209416848_gcp_day_month_cost_service_query_results_20250523_134054.json
job-data	Copy data files to web structure	2025-05-27T14:31:00.9177334Z Copying FinOps data file: core/config/finops/data/15209435485_gcp_project_cost_comparison_query_results_20250523_134120.json
job-data	Copy data files to web structure	2025-05-27T14:31:00.9199054Z Copying FinOps data file: core/config/finops/data/gcp_day_month_cost_service_query_results.json
job-data	Copy data files to web structure	2025-05-27T14:31:00.9222505Z Copying FinOps data file: core/config/finops/data/15209403393_gcp_cost_by_region_query_results_20250523_133930.json
job-data	Copy data files to web structure	2025-05-27T14:31:00.9245749Z Copying FinOps data file: core/config/finops/data/15209382179_gcp_anomalous_spending_query_results_20250523_133817.json
job-data	Copy data files to web structure	2025-05-27T14:31:00.9265839Z Copying FinOps data file: core/config/finops/data/gcp_monthly_cost_summary.json
job-data	Copy data files to web structure	2025-05-27T14:31:00.9289094Z Copying FinOps data file: core/config/finops/data/gcp_cost_efficiency_query_results.json
job-data	Copy data files to web structure	2025-05-27T14:31:00.9358787Z Copying FinOps data file: core/config/finops/data/gcp_commitment_utilization_query_results.json
job-data	Copy data files to web structure	2025-05-27T14:31:00.9417484Z Data files summary generated at core/outputs/webs/masOrange/data-files-summary.json
job-data	Copiar archivos JSON de config/webs a data	ï»¿2025-05-27T14:31:00.9478725Z ##[group]Run # Extraer tÃ­tulo para el nombre de la carpeta principal desde el archivo de estructura
job-data	Copiar archivos JSON de config/webs a data	2025-05-27T14:31:00.9481028Z [36;1m# Extraer tÃ­tulo para el nombre de la carpeta principal desde el archivo de estructura[0m
job-data	Copiar archivos JSON de config/webs a data	2025-05-27T14:31:00.9482626Z [36;1mSTRUCTURE_FILE=""[0m
job-data	Copiar archivos JSON de config/webs a data	2025-05-27T14:31:00.9483581Z [36;1mTITLE=$(jq -r '.title' $STRUCTURE_FILE)[0m
job-data	Copiar archivos JSON de config/webs a data	2025-05-27T14:31:00.9484714Z [36;1mif [ -z "$TITLE" ]; then[0m
job-data	Copiar archivos JSON de config/webs a data	2025-05-27T14:31:00.9485634Z [36;1m  TITLE="dashboard"[0m
job-data	Copiar archivos JSON de config/webs a data	2025-05-27T14:31:00.9487078Z [36;1m  echo "TÃ­tulo no encontrado en el archivo JSON, usando el valor predeterminado: $TITLE"[0m
job-data	Copiar archivos JSON de config/webs a data	2025-05-27T14:31:00.9488604Z [36;1melse[0m
job-data	Copiar archivos JSON de config/webs a data	2025-05-27T14:31:00.9489458Z [36;1m  echo "La carpeta principal se llama: $TITLE"[0m
job-data	Copiar archivos JSON de config/webs a data	2025-05-27T14:31:00.9490525Z [36;1mfi[0m
job-data	Copiar archivos JSON de config/webs a data	2025-05-27T14:31:00.9491175Z [36;1m[0m
job-data	Copiar archivos JSON de config/webs a data	2025-05-27T14:31:00.9492309Z [36;1m# NUEVO: Copiar tambiÃ©n los archivos JSON de finops al directorio de finops[0m
job-data	Copiar archivos JSON de config/webs a data	2025-05-27T14:31:00.9494191Z [36;1mecho "Copiando archivos JSON de core/config/finops a finops/data..."[0m
job-data	Copiar archivos JSON de config/webs a data	2025-05-27T14:31:00.9495886Z [36;1mmkdir -p "core/results/webs/finops/data"[0m
job-data	Copiar archivos JSON de config/webs a data	2025-05-27T14:31:00.9496944Z [36;1m[0m
job-data	Copiar archivos JSON de config/webs a data	2025-05-27T14:31:00.9497926Z [36;1m# Copiar todos los archivos JSON de core/config/finops/data[0m
job-data	Copiar archivos JSON de config/webs a data	2025-05-27T14:31:00.9499332Z [36;1mif [ -d "core/config/finops/data" ]; then[0m
job-data	Copiar archivos JSON de config/webs a data	2025-05-27T14:31:00.9500971Z [36;1m  find core/config/finops/data -name "*.json" -type f | while read -r json_file; do[0m
job-data	Copiar archivos JSON de config/webs a data	2025-05-27T14:31:00.9502626Z [36;1m    JSON_FILENAME=$(basename "$json_file")[0m
job-data	Copiar archivos JSON de config/webs a data	2025-05-27T14:31:00.9504191Z [36;1m    echo "Copiando archivo JSON de finops: $json_file a finops/data directory"[0m
job-data	Copiar archivos JSON de config/webs a data	2025-05-27T14:31:00.9506013Z [36;1m    cp "$json_file" "core/results/webs/finops/data/$JSON_FILENAME"[0m
job-data	Copiar archivos JSON de config/webs a data	2025-05-27T14:31:00.9507295Z [36;1m  done[0m
job-data	Copiar archivos JSON de config/webs a data	2025-05-27T14:31:00.9507988Z [36;1mfi[0m
job-data	Copiar archivos JSON de config/webs a data	2025-05-27T14:31:00.9508658Z [36;1m[0m
job-data	Copiar archivos JSON de config/webs a data	2025-05-27T14:31:00.9509643Z [36;1m# Copiar tambiÃ©n el webs.json principal de finops si existe[0m
job-data	Copiar archivos JSON de config/webs a data	2025-05-27T14:31:00.9511227Z [36;1mif [ -f "core/config/finops/results/data/webs.json" ]; then[0m
job-data	Copiar archivos JSON de config/webs a data	2025-05-27T14:31:00.9512594Z [36;1m  echo "Copiando webs.json de finops..."[0m
job-data	Copiar archivos JSON de config/webs a data	2025-05-27T14:31:00.9514364Z [36;1m  cp "core/config/finops/results/data/webs.json" "core/results/webs/finops/data/webs.json"[0m
job-data	Copiar archivos JSON de config/webs a data	2025-05-27T14:31:00.9516281Z [36;1mfi[0m
job-data	Copiar archivos JSON de config/webs a data	2025-05-27T14:31:00.9516955Z [36;1m[0m
job-data	Copiar archivos JSON de config/webs a data	2025-05-27T14:31:00.9517998Z [36;1mecho "Todos los archivos JSON de finops copiados exitosamente!"[0m
job-data	Copiar archivos JSON de config/webs a data	2025-05-27T14:31:00.9525953Z shell: /usr/bin/bash -e {0}
job-data	Copiar archivos JSON de config/webs a data	2025-05-27T14:31:00.9526808Z env:
job-data	Copiar archivos JSON de config/webs a data	2025-05-27T14:31:00.9527482Z   KAOS_CODE: 15278078771
job-data	Copiar archivos JSON de config/webs a data	2025-05-27T14:31:00.9528331Z   KAOS_EVENT_NAME: workflow_dispatch
job-data	Copiar archivos JSON de config/webs a data	2025-05-27T14:31:00.9529264Z   KAOS_ACTION: 
job-data	Copiar archivos JSON de config/webs a data	2025-05-27T14:31:00.9530004Z   KAOS_REF: refs/heads/main
job-data	Copiar archivos JSON de config/webs a data	2025-05-27T14:31:00.9530908Z   KAOS_MODULE: [Ka0S] Deploy Web Structure
job-data	Copiar archivos JSON de config/webs a data	2025-05-27T14:31:00.9531959Z   KAOS_JSON_RESUME: core/outputs/webs/
job-data	Copiar archivos JSON de config/webs a data	2025-05-27T14:31:00.9532968Z   KAOS_WEB_STRUCTURE: core/results/webs/
job-data	Copiar archivos JSON de config/webs a data	2025-05-27T14:31:00.9533966Z   KAOS_ACTOR: jh0ny2k2
job-data	Copiar archivos JSON de config/webs a data	2025-05-27T14:31:00.9534991Z   KAOS_FINOPS_STRUCTURE: core/results/webs/finops/
job-data	Copiar archivos JSON de config/webs a data	2025-05-27T14:31:00.9536363Z   KAOS_FINOPS_JSON_WEB: core/config/finops/results/data/webs.json
job-data	Copiar archivos JSON de config/webs a data	2025-05-27T14:31:00.9537707Z   KAOS_FINOPS_JSON_DATA: core/config/finops/data
job-data	Copiar archivos JSON de config/webs a data	2025-05-27T14:31:00.9538755Z ##[endgroup]
job-data	Copiar archivos JSON de config/webs a data	2025-05-27T14:31:00.9601163Z TÃ­tulo no encontrado en el archivo JSON, usando el valor predeterminado: dashboard
job-data	Copiar archivos JSON de config/webs a data	2025-05-27T14:31:00.9603096Z Copiando archivos JSON de core/config/finops a finops/data...
job-data	Copiar archivos JSON de config/webs a data	2025-05-27T14:31:00.9635504Z Copiando archivo JSON de finops: core/config/finops/data/gcp_cost_anomaly_detection_query_results.json a finops/data directory
job-data	Copiar archivos JSON de config/webs a data	2025-05-27T14:31:00.9658539Z Copiando archivo JSON de finops: core/config/finops/data/gcp_cost_by_project_environment_query_results.json a finops/data directory
job-data	Copiar archivos JSON de config/webs a data	2025-05-27T14:31:00.9682094Z Copiando archivo JSON de finops: core/config/finops/data/gcp_anomalous_spending_query_results.json a finops/data directory
job-data	Copiar archivos JSON de config/webs a data	2025-05-27T14:31:00.9706361Z Copiando archivo JSON de finops: core/config/finops/data/15209428707_gcp_monthly_cost_summary_query_results_20250523_134143.json a finops/data directory
job-data	Copiar archivos JSON de config/webs a data	2025-05-27T14:31:00.9729868Z Copiando archivo JSON de finops: core/config/finops/data/15183893408_gcp_day_month_cost_service_query_results_20250522_121215.json a finops/data directory
job-data	Copiar archivos JSON de config/webs a data	2025-05-27T14:31:00.9753517Z Copiando archivo JSON de finops: core/config/finops/data/gcp_forecasted_spend_query_results.json a finops/data directory
job-data	Copiar archivos JSON de config/webs a data	2025-05-27T14:31:00.9778946Z Copiando archivo JSON de finops: core/config/finops/data/15183804885_gcp_monthly_cost_summary_query_results_20250522_120757.json a finops/data directory
job-data	Copiar archivos JSON de config/webs a data	2025-05-27T14:31:00.9803992Z Copiando archivo JSON de finops: core/config/finops/data/gcp_cost_by_region_query_results.json a finops/data directory
job-data	Copiar archivos JSON de config/webs a data	2025-05-27T14:31:00.9830278Z Copiando archivo JSON de finops: core/config/finops/data/15209398100_gcp_cost_by_project_environment_query_results_20250523_133938.json a finops/data directory
job-data	Copiar archivos JSON de config/webs a data	2025-05-27T14:31:00.9858201Z Copiando archivo JSON de finops: core/config/finops/data/15209442325_gcp_top_10_services_current_year_query_results_20250523_134147.json a finops/data directory
job-data	Copiar archivos JSON de config/webs a data	2025-05-27T14:31:00.9883150Z Copiando archivo JSON de finops: core/config/finops/data/gcp_credit_breakdown_query_results.json a finops/data directory
job-data	Copiar archivos JSON de config/webs a data	2025-05-27T14:31:00.9906440Z Copiando archivo JSON de finops: core/config/finops/data/15184038868_gcp_project_monthly_cost_summary_query_results_20250522_121929.json a finops/data directory
job-data	Copiar archivos JSON de config/webs a data	2025-05-27T14:31:00.9930112Z Copiando archivo JSON de finops: core/config/finops/data/15209392649_gcp_cost_anomaly_detection_query_results_20250523_133919.json a finops/data directory
job-data	Copiar archivos JSON de config/webs a data	2025-05-27T14:31:00.9953305Z Copiando archivo JSON de finops: core/config/finops/data/15209413645_gcp_credit_breakdown_query_results_20250523_134037.json a finops/data directory
job-data	Copiar archivos JSON de config/webs a data	2025-05-27T14:31:00.9976395Z Copiando archivo JSON de finops: core/config/finops/data/15209408428_gcp_cost_efficiency_query_results_20250523_133946.json a finops/data directory
job-data	Copiar archivos JSON de config/webs a data	2025-05-27T14:31:00.9999700Z Copiando archivo JSON de finops: core/config/finops/data/15209387210_gcp_commitment_utilization_query_results_20250523_133831.json a finops/data directory
job-data	Copiar archivos JSON de config/webs a data	2025-05-27T14:31:01.0023533Z Copiando archivo JSON de finops: core/config/finops/data/15209416848_gcp_day_month_cost_service_query_results_20250523_134054.json a finops/data directory
job-data	Copiar archivos JSON de config/webs a data	2025-05-27T14:31:01.0046224Z Copiando archivo JSON de finops: core/config/finops/data/15209435485_gcp_project_cost_comparison_query_results_20250523_134120.json a finops/data directory
job-data	Copiar archivos JSON de config/webs a data	2025-05-27T14:31:01.0070251Z Copiando archivo JSON de finops: core/config/finops/data/gcp_day_month_cost_service_query_results.json a finops/data directory
job-data	Copiar archivos JSON de config/webs a data	2025-05-27T14:31:01.0093257Z Copiando archivo JSON de finops: core/config/finops/data/15209403393_gcp_cost_by_region_query_results_20250523_133930.json a finops/data directory
job-data	Copiar archivos JSON de config/webs a data	2025-05-27T14:31:01.0116550Z Copiando archivo JSON de finops: core/config/finops/data/15209382179_gcp_anomalous_spending_query_results_20250523_133817.json a finops/data directory
job-data	Copiar archivos JSON de config/webs a data	2025-05-27T14:31:01.0138566Z Copiando archivo JSON de finops: core/config/finops/data/gcp_monthly_cost_summary.json a finops/data directory
job-data	Copiar archivos JSON de config/webs a data	2025-05-27T14:31:01.0162952Z Copiando archivo JSON de finops: core/config/finops/data/gcp_cost_efficiency_query_results.json a finops/data directory
job-data	Copiar archivos JSON de config/webs a data	2025-05-27T14:31:01.0186428Z Copiando archivo JSON de finops: core/config/finops/data/gcp_commitment_utilization_query_results.json a finops/data directory
job-data	Copiar archivos JSON de config/webs a data	2025-05-27T14:31:01.0201483Z Copiando webs.json de finops...
job-data	Copiar archivos JSON de config/webs a data	2025-05-27T14:31:01.0214614Z Todos los archivos JSON de finops copiados exitosamente!
job-data	Upload Files	ï»¿2025-05-27T14:31:01.0273909Z ##[group]Run echo "Uploading data files to the repository..."
job-data	Upload Files	2025-05-27T14:31:01.0275458Z [36;1mecho "Uploading data files to the repository..."[0m
job-data	Upload Files	2025-05-27T14:31:01.0277034Z [36;1mgit config --global user.name "***"[0m
job-data	Upload Files	2025-05-27T14:31:01.0278235Z [36;1mgit config --global user.email "***"[0m
job-data	Upload Files	2025-05-27T14:31:01.0279240Z [36;1mgit pull[0m
job-data	Upload Files	2025-05-27T14:31:01.0280171Z [36;1m# Add the data files and summary (incluyendo finops)[0m
job-data	Upload Files	2025-05-27T14:31:01.0281397Z [36;1mgit add core/results/webs/**/data/*[0m
job-data	Upload Files	2025-05-27T14:31:01.0282430Z [36;1mgit add core/outputs/webs/*[0m
job-data	Upload Files	2025-05-27T14:31:01.0283485Z [36;1m# Verify if there are changes to commit[0m
job-data	Upload Files	2025-05-27T14:31:01.0284590Z [36;1mif git diff --staged --quiet; then[0m
job-data	Upload Files	2025-05-27T14:31:01.0285727Z [36;1m  echo "No hay cambios para hacer commit"[0m
job-data	Upload Files	2025-05-27T14:31:01.0286746Z [36;1melse[0m
job-data	Upload Files	2025-05-27T14:31:01.0287756Z [36;1m  git commit -m "[Ka0S] Uploading data files to web structure..."[0m
job-data	Upload Files	2025-05-27T14:31:01.0289083Z [36;1m  git push origin refs/heads/main[0m
job-data	Upload Files	2025-05-27T14:31:01.0290065Z [36;1mfi[0m
job-data	Upload Files	2025-05-27T14:31:01.0297421Z shell: /usr/bin/bash -e {0}
job-data	Upload Files	2025-05-27T14:31:01.0298243Z env:
job-data	Upload Files	2025-05-27T14:31:01.0298895Z   KAOS_CODE: 15278078771
job-data	Upload Files	2025-05-27T14:31:01.0299723Z   KAOS_EVENT_NAME: workflow_dispatch
job-data	Upload Files	2025-05-27T14:31:01.0300638Z   KAOS_ACTION: 
job-data	Upload Files	2025-05-27T14:31:01.0301354Z   KAOS_REF: refs/heads/main
job-data	Upload Files	2025-05-27T14:31:01.0302232Z   KAOS_MODULE: [Ka0S] Deploy Web Structure
job-data	Upload Files	2025-05-27T14:31:01.0303242Z   KAOS_JSON_RESUME: core/outputs/webs/
job-data	Upload Files	2025-05-27T14:31:01.0304239Z   KAOS_WEB_STRUCTURE: core/results/webs/
job-data	Upload Files	2025-05-27T14:31:01.0305266Z   KAOS_ACTOR: jh0ny2k2
job-data	Upload Files	2025-05-27T14:31:01.0306151Z   KAOS_FINOPS_STRUCTURE: core/results/webs/finops/
job-data	Upload Files	2025-05-27T14:31:01.0307465Z   KAOS_FINOPS_JSON_WEB: core/config/finops/results/data/webs.json
job-data	Upload Files	2025-05-27T14:31:01.0308774Z   KAOS_FINOPS_JSON_DATA: core/config/finops/data
job-data	Upload Files	2025-05-27T14:31:01.0309775Z ##[endgroup]
job-data	Upload Files	2025-05-27T14:31:01.0342948Z Uploading data files to the repository...
job-data	Upload Files	2025-05-27T14:31:01.6966304Z Already up to date.
job-data	Upload Files	2025-05-27T14:31:01.7287749Z No hay cambios para hacer commit
job-data	Post Checkout repository	ï»¿2025-05-27T14:31:01.7439130Z Post job cleanup.
job-data	Post Checkout repository	2025-05-27T14:31:01.8209392Z [command]/usr/bin/git version
job-data	Post Checkout repository	2025-05-27T14:31:01.8247878Z git version 2.43.0
job-data	Post Checkout repository	2025-05-27T14:31:01.8289826Z Copying '/home/kaos/.gitconfig' to '/actions-runner/_work/_temp/ad0c8222-2f4b-43f1-a287-1ce94af25a00/.gitconfig'
job-data	Post Checkout repository	2025-05-27T14:31:01.8300610Z Temporarily overriding HOME='/actions-runner/_work/_temp/ad0c8222-2f4b-43f1-a287-1ce94af25a00' before making global git config changes
job-data	Post Checkout repository	2025-05-27T14:31:01.8303545Z Adding repository directory to the temporary git global config as a safe directory
job-data	Post Checkout repository	2025-05-27T14:31:01.8306089Z [command]/usr/bin/git config --global --add safe.directory /actions-runner/_work/ka0s/ka0s
job-data	Post Checkout repository	2025-05-27T14:31:01.8342422Z [command]/usr/bin/git config --local --name-only --get-regexp core\.sshCommand
job-data	Post Checkout repository	2025-05-27T14:31:01.8374118Z [command]/usr/bin/git submodule foreach --recursive sh -c "git config --local --name-only --get-regexp 'core\.sshCommand' && git config --local --unset-all 'core.sshCommand' || :"
job-data	Post Checkout repository	2025-05-27T14:31:01.8646496Z [command]/usr/bin/git config --local --name-only --get-regexp http\.https\:\/\/github\.com\/\.extraheader
job-data	Post Checkout repository	2025-05-27T14:31:01.8669950Z http.https://github.com/.extraheader
job-data	Post Checkout repository	2025-05-27T14:31:01.8681555Z [command]/usr/bin/git config --local --unset-all http.https://github.com/.extraheader
job-data	Post Checkout repository	2025-05-27T14:31:01.8719923Z [command]/usr/bin/git submodule foreach --recursive sh -c "git config --local --name-only --get-regexp 'http\.https\:\/\/github\.com\/\.extraheader' && git config --local --unset-all 'http.https://github.com/.extraheader' || :"
job-data	Complete job	ï»¿2025-05-27T14:31:01.9130617Z Cleaning up orphan processes
job-design	Set up job	ï»¿2025-05-27T14:31:07.9496273Z Current runner version: '2.324.0'
job-design	Set up job	2025-05-27T14:31:07.9503113Z Runner name: 'ka0s-ka0s-1'
job-design	Set up job	2025-05-27T14:31:07.9504149Z Machine name: '81c4cec2d52e'
job-design	Set up job	2025-05-27T14:31:07.9507161Z ##[group]GITHUB_TOKEN Permissions
job-design	Set up job	2025-05-27T14:31:07.9509603Z Contents: read
job-design	Set up job	2025-05-27T14:31:07.9510148Z Metadata: read
job-design	Set up job	2025-05-27T14:31:07.9510751Z Packages: read
job-design	Set up job	2025-05-27T14:31:07.9511333Z ##[endgroup]
job-design	Set up job	2025-05-27T14:31:07.9513751Z Secret source: Actions
job-design	Set up job	2025-05-27T14:31:07.9514506Z Prepare workflow directory
job-design	Set up job	2025-05-27T14:31:08.0128649Z Prepare all required actions
job-design	Set up job	2025-05-27T14:31:08.0169083Z Getting action download info
job-design	Set up job	2025-05-27T14:31:08.6125760Z Download action repository 'actions/checkout@v3' (SHA:f43a0e5ff2bd294095638e18286ca9a3d1956744)
job-design	Set up job	2025-05-27T14:31:09.5207525Z Complete job name: job-design
job-design	Checkout repository	ï»¿2025-05-27T14:31:09.5673614Z ##[group]Run actions/checkout@v3
job-design	Checkout repository	2025-05-27T14:31:09.5674558Z with:
job-design	Checkout repository	2025-05-27T14:31:09.5675210Z   fetch-depth: 0
job-design	Checkout repository	2025-05-27T14:31:09.5676015Z   token: ***
job-design	Checkout repository	2025-05-27T14:31:09.5676451Z   repository: Ka0s-Klaus/ka0s
job-design	Checkout repository	2025-05-27T14:31:09.5677000Z   ssh-strict: true
job-design	Checkout repository	2025-05-27T14:31:09.5677458Z   persist-credentials: true
job-design	Checkout repository	2025-05-27T14:31:09.5677951Z   clean: true
job-design	Checkout repository	2025-05-27T14:31:09.5678382Z   sparse-checkout-cone-mode: true
job-design	Checkout repository	2025-05-27T14:31:09.5678909Z   fetch-tags: false
job-design	Checkout repository	2025-05-27T14:31:09.5679329Z   lfs: false
job-design	Checkout repository	2025-05-27T14:31:09.5679730Z   submodules: false
job-design	Checkout repository	2025-05-27T14:31:09.5680175Z   set-safe-directory: true
job-design	Checkout repository	2025-05-27T14:31:09.5680889Z env:
job-design	Checkout repository	2025-05-27T14:31:09.5681323Z   KAOS_CODE: 15278078771
job-design	Checkout repository	2025-05-27T14:31:09.5681817Z   KAOS_EVENT_NAME: workflow_dispatch
job-design	Checkout repository	2025-05-27T14:31:09.5682351Z   KAOS_ACTION: 
job-design	Checkout repository	2025-05-27T14:31:09.5682779Z   KAOS_REF: refs/heads/main
job-design	Checkout repository	2025-05-27T14:31:09.5683294Z   KAOS_MODULE: [Ka0S] Deploy Web Structure
job-design	Checkout repository	2025-05-27T14:31:09.5683885Z   KAOS_JSON_RESUME: core/outputs/webs/
job-design	Checkout repository	2025-05-27T14:31:09.5684499Z   KAOS_WEB_STRUCTURE: core/results/webs/
job-design	Checkout repository	2025-05-27T14:31:09.5685243Z   KAOS_ACTOR: jh0ny2k2
job-design	Checkout repository	2025-05-27T14:31:09.5685808Z   KAOS_FINOPS_STRUCTURE: core/results/webs/finops/
job-design	Checkout repository	2025-05-27T14:31:09.5686584Z   KAOS_FINOPS_JSON_WEB: core/config/finops/results/data/webs.json
job-design	Checkout repository	2025-05-27T14:31:09.5687350Z   KAOS_FINOPS_JSON_DATA: core/config/finops/data
job-design	Checkout repository	2025-05-27T14:31:09.5687937Z ##[endgroup]
job-design	Checkout repository	2025-05-27T14:31:09.6617989Z Syncing repository: Ka0s-Klaus/ka0s
job-design	Checkout repository	2025-05-27T14:31:09.6620035Z ##[group]Getting Git version info
job-design	Checkout repository	2025-05-27T14:31:09.6620845Z Working directory is '/actions-runner/_work/ka0s/ka0s'
job-design	Checkout repository	2025-05-27T14:31:09.6621955Z [command]/usr/bin/git version
job-design	Checkout repository	2025-05-27T14:31:09.6622515Z git version 2.43.0
job-design	Checkout repository	2025-05-27T14:31:09.6636745Z ##[endgroup]
job-design	Checkout repository	2025-05-27T14:31:09.6649666Z Copying '/home/kaos/.gitconfig' to '/actions-runner/_work/_temp/3cae20e8-f286-47a5-a8e1-61d892250777/.gitconfig'
job-design	Checkout repository	2025-05-27T14:31:09.6661198Z Temporarily overriding HOME='/actions-runner/_work/_temp/3cae20e8-f286-47a5-a8e1-61d892250777' before making global git config changes
job-design	Checkout repository	2025-05-27T14:31:09.6663428Z Adding repository directory to the temporary git global config as a safe directory
job-design	Checkout repository	2025-05-27T14:31:09.6664742Z [command]/usr/bin/git config --global --add safe.directory /actions-runner/_work/ka0s/ka0s
job-design	Checkout repository	2025-05-27T14:31:09.6701058Z [command]/usr/bin/git config --local --get remote.origin.url
job-design	Checkout repository	2025-05-27T14:31:09.6722313Z https://github.com/Ka0s-Klaus/ka0s
job-design	Checkout repository	2025-05-27T14:31:09.6741403Z ##[group]Removing previously created refs, to avoid conflicts
job-design	Checkout repository	2025-05-27T14:31:09.6743823Z [command]/usr/bin/git rev-parse --symbolic-full-name --verify --quiet HEAD
job-design	Checkout repository	2025-05-27T14:31:09.6767107Z refs/heads/main
job-design	Checkout repository	2025-05-27T14:31:09.6777236Z [command]/usr/bin/git checkout --detach
job-design	Checkout repository	2025-05-27T14:31:09.6935856Z HEAD is now at b126d69c Merge branch 'main' of https://github.com/Ka0s-Klaus/ka0s
job-design	Checkout repository	2025-05-27T14:31:09.6977647Z [command]/usr/bin/git branch --delete --force main
job-design	Checkout repository	2025-05-27T14:31:09.7010049Z Deleted branch main (was b126d69c).
job-design	Checkout repository	2025-05-27T14:31:09.7079680Z ##[endgroup]
job-design	Checkout repository	2025-05-27T14:31:09.7080327Z [command]/usr/bin/git submodule status
job-design	Checkout repository	2025-05-27T14:31:09.7340987Z ##[group]Cleaning the repository
job-design	Checkout repository	2025-05-27T14:31:09.7342477Z [command]/usr/bin/git clean -ffdx
job-design	Checkout repository	2025-05-27T14:31:09.7420454Z [command]/usr/bin/git reset --hard HEAD
job-design	Checkout repository	2025-05-27T14:31:09.7707844Z HEAD is now at b126d69c Merge branch 'main' of https://github.com/Ka0s-Klaus/ka0s
job-design	Checkout repository	2025-05-27T14:31:09.7714866Z ##[endgroup]
job-design	Checkout repository	2025-05-27T14:31:09.7715897Z ##[group]Disabling automatic garbage collection
job-design	Checkout repository	2025-05-27T14:31:09.7719167Z [command]/usr/bin/git config --local gc.auto 0
job-design	Checkout repository	2025-05-27T14:31:09.7748855Z ##[endgroup]
job-design	Checkout repository	2025-05-27T14:31:09.7749691Z ##[group]Setting up auth
job-design	Checkout repository	2025-05-27T14:31:09.7754079Z [command]/usr/bin/git config --local --name-only --get-regexp core\.sshCommand
job-design	Checkout repository	2025-05-27T14:31:09.7784282Z [command]/usr/bin/git submodule foreach --recursive sh -c "git config --local --name-only --get-regexp 'core\.sshCommand' && git config --local --unset-all 'core.sshCommand' || :"
job-design	Checkout repository	2025-05-27T14:31:09.8037327Z [command]/usr/bin/git config --local --name-only --get-regexp http\.https\:\/\/github\.com\/\.extraheader
job-design	Checkout repository	2025-05-27T14:31:09.8065591Z [command]/usr/bin/git submodule foreach --recursive sh -c "git config --local --name-only --get-regexp 'http\.https\:\/\/github\.com\/\.extraheader' && git config --local --unset-all 'http.https://github.com/.extraheader' || :"
job-design	Checkout repository	2025-05-27T14:31:09.8320831Z [command]/usr/bin/git config --local http.https://github.com/.extraheader AUTHORIZATION: basic ***
job-design	Checkout repository	2025-05-27T14:31:09.8365855Z ##[endgroup]
job-design	Checkout repository	2025-05-27T14:31:09.8366905Z ##[group]Fetching the repository
job-design	Checkout repository	2025-05-27T14:31:09.8373243Z [command]/usr/bin/git -c protocol.version=2 fetch --prune --progress --no-recurse-submodules origin +refs/heads/*:refs/remotes/origin/* +refs/tags/*:refs/tags/*
job-design	Checkout repository	2025-05-27T14:31:10.5759667Z remote: Enumerating objects: 42, done.        
job-design	Checkout repository	2025-05-27T14:31:10.5765851Z remote: Counting objects:   2% (1/42)        
job-design	Checkout repository	2025-05-27T14:31:10.5771055Z remote: Counting objects:   4% (2/42)        
job-design	Checkout repository	2025-05-27T14:31:10.5776639Z remote: Counting objects:   7% (3/42)        
job-design	Checkout repository	2025-05-27T14:31:10.5779245Z remote: Counting objects:   9% (4/42)        
job-design	Checkout repository	2025-05-27T14:31:10.5780541Z remote: Counting objects:  11% (5/42)        
job-design	Checkout repository	2025-05-27T14:31:10.5781725Z remote: Counting objects:  14% (6/42)        
job-design	Checkout repository	2025-05-27T14:31:10.5782902Z remote: Counting objects:  16% (7/42)        
job-design	Checkout repository	2025-05-27T14:31:10.5784085Z remote: Counting objects:  19% (8/42)        
job-design	Checkout repository	2025-05-27T14:31:10.5785477Z remote: Counting objects:  21% (9/42)        
job-design	Checkout repository	2025-05-27T14:31:10.5786991Z remote: Counting objects:  23% (10/42)        
job-design	Checkout repository	2025-05-27T14:31:10.5788167Z remote: Counting objects:  26% (11/42)        
job-design	Checkout repository	2025-05-27T14:31:10.5789325Z remote: Counting objects:  28% (12/42)        
job-design	Checkout repository	2025-05-27T14:31:10.5790484Z remote: Counting objects:  30% (13/42)        
job-design	Checkout repository	2025-05-27T14:31:10.5791684Z remote: Counting objects:  33% (14/42)        
job-design	Checkout repository	2025-05-27T14:31:10.5792926Z remote: Counting objects:  35% (15/42)        
job-design	Checkout repository	2025-05-27T14:31:10.5794118Z remote: Counting objects:  38% (16/42)        
job-design	Checkout repository	2025-05-27T14:31:10.5795571Z remote: Counting objects:  40% (17/42)        
job-design	Checkout repository	2025-05-27T14:31:10.5813775Z remote: Counting objects:  42% (18/42)        
job-design	Checkout repository	2025-05-27T14:31:10.5815573Z remote: Counting objects:  45% (19/42)        
job-design	Checkout repository	2025-05-27T14:31:10.5816742Z remote: Counting objects:  47% (20/42)        
job-design	Checkout repository	2025-05-27T14:31:10.5817906Z remote: Counting objects:  50% (21/42)        
job-design	Checkout repository	2025-05-27T14:31:10.5819061Z remote: Counting objects:  52% (22/42)        
job-design	Checkout repository	2025-05-27T14:31:10.5820230Z remote: Counting objects:  54% (23/42)        
job-design	Checkout repository	2025-05-27T14:31:10.5821384Z remote: Counting objects:  57% (24/42)        
job-design	Checkout repository	2025-05-27T14:31:10.5822699Z remote: Counting objects:  59% (25/42)        
job-design	Checkout repository	2025-05-27T14:31:10.5824057Z remote: Counting objects:  61% (26/42)        
job-design	Checkout repository	2025-05-27T14:31:10.5825980Z remote: Counting objects:  64% (27/42)        
job-design	Checkout repository	2025-05-27T14:31:10.5827359Z remote: Counting objects:  66% (28/42)        
job-design	Checkout repository	2025-05-27T14:31:10.5828815Z remote: Counting objects:  69% (29/42)        
job-design	Checkout repository	2025-05-27T14:31:10.5830233Z remote: Counting objects:  71% (30/42)        
job-design	Checkout repository	2025-05-27T14:31:10.5831615Z remote: Counting objects:  73% (31/42)        
job-design	Checkout repository	2025-05-27T14:31:10.5833012Z remote: Counting objects:  76% (32/42)        
job-design	Checkout repository	2025-05-27T14:31:10.5834707Z remote: Counting objects:  78% (33/42)        
job-design	Checkout repository	2025-05-27T14:31:10.5836518Z remote: Counting objects:  80% (34/42)        
job-design	Checkout repository	2025-05-27T14:31:10.5837935Z remote: Counting objects:  83% (35/42)        
job-design	Checkout repository	2025-05-27T14:31:10.5839330Z remote: Counting objects:  85% (36/42)        
job-design	Checkout repository	2025-05-27T14:31:10.5840722Z remote: Counting objects:  88% (37/42)        
job-design	Checkout repository	2025-05-27T14:31:10.5842111Z remote: Counting objects:  90% (38/42)        
job-design	Checkout repository	2025-05-27T14:31:10.5843504Z remote: Counting objects:  92% (39/42)        
job-design	Checkout repository	2025-05-27T14:31:10.5845103Z remote: Counting objects:  95% (40/42)        
job-design	Checkout repository	2025-05-27T14:31:10.5846757Z remote: Counting objects:  97% (41/42)        
job-design	Checkout repository	2025-05-27T14:31:10.5848354Z remote: Counting objects: 100% (42/42)        
job-design	Checkout repository	2025-05-27T14:31:10.5850696Z remote: Counting objects: 100% (42/42), done.        
job-design	Checkout repository	2025-05-27T14:31:10.5852707Z remote: Compressing objects:   7% (1/14)        
job-design	Checkout repository	2025-05-27T14:31:10.5854313Z remote: Compressing objects:  14% (2/14)        
job-design	Checkout repository	2025-05-27T14:31:10.5856256Z remote: Compressing objects:  21% (3/14)        
job-design	Checkout repository	2025-05-27T14:31:10.5857858Z remote: Compressing objects:  28% (4/14)        
job-design	Checkout repository	2025-05-27T14:31:10.5859459Z remote: Compressing objects:  35% (5/14)        
job-design	Checkout repository	2025-05-27T14:31:10.5861048Z remote: Compressing objects:  42% (6/14)        
job-design	Checkout repository	2025-05-27T14:31:10.5862566Z remote: Compressing objects:  50% (7/14)        
job-design	Checkout repository	2025-05-27T14:31:10.5864050Z remote: Compressing objects:  57% (8/14)        
job-design	Checkout repository	2025-05-27T14:31:10.5865876Z remote: Compressing objects:  64% (9/14)        
job-design	Checkout repository	2025-05-27T14:31:10.5867370Z remote: Compressing objects:  71% (10/14)        
job-design	Checkout repository	2025-05-27T14:31:10.5868871Z remote: Compressing objects:  78% (11/14)        
job-design	Checkout repository	2025-05-27T14:31:10.5870373Z remote: Compressing objects:  85% (12/14)        
job-design	Checkout repository	2025-05-27T14:31:10.5871866Z remote: Compressing objects:  92% (13/14)        
job-design	Checkout repository	2025-05-27T14:31:10.5873369Z remote: Compressing objects: 100% (14/14)        
job-design	Checkout repository	2025-05-27T14:31:10.5875306Z remote: Compressing objects: 100% (14/14), done.        
job-design	Checkout repository	2025-05-27T14:31:10.5877271Z remote: Total 32 (delta 20), reused 25 (delta 15), pack-reused 0 (from 0)        
job-design	Checkout repository	2025-05-27T14:31:10.6067503Z From https://github.com/Ka0s-Klaus/ka0s
job-design	Checkout repository	2025-05-27T14:31:10.6069159Z    b126d69c..9e2cdb52  main       -> origin/main
job-design	Checkout repository	2025-05-27T14:31:10.6122516Z [command]/usr/bin/git branch --list --remote origin/main
job-design	Checkout repository	2025-05-27T14:31:10.6148576Z   origin/main
job-design	Checkout repository	2025-05-27T14:31:10.6155043Z [command]/usr/bin/git rev-parse refs/remotes/origin/main
job-design	Checkout repository	2025-05-27T14:31:10.6176595Z 9e2cdb52530d86353dfac956f5c19fbc0e144c80
job-design	Checkout repository	2025-05-27T14:31:10.6181119Z ##[endgroup]
job-design	Checkout repository	2025-05-27T14:31:10.6182727Z ##[group]Determining the checkout info
job-design	Checkout repository	2025-05-27T14:31:10.6184602Z ##[endgroup]
job-design	Checkout repository	2025-05-27T14:31:10.6188366Z ##[group]Checking out the ref
job-design	Checkout repository	2025-05-27T14:31:10.6190297Z [command]/usr/bin/git checkout --progress --force -B main refs/remotes/origin/main
job-design	Checkout repository	2025-05-27T14:31:10.6434759Z Previous HEAD position was b126d69c Merge branch 'main' of https://github.com/Ka0s-Klaus/ka0s
job-design	Checkout repository	2025-05-27T14:31:10.6442866Z Switched to a new branch 'main'
job-design	Checkout repository	2025-05-27T14:31:10.6444363Z branch 'main' set up to track 'origin/main'.
job-design	Checkout repository	2025-05-27T14:31:10.6452075Z ##[endgroup]
job-design	Checkout repository	2025-05-27T14:31:10.6486209Z [command]/usr/bin/git log -1 --format='%H'
job-design	Checkout repository	2025-05-27T14:31:10.6511853Z '9e2cdb52530d86353dfac956f5c19fbc0e144c80'
job-design	Preparar directorios y copiar archivos estÃ¡ticos	ï»¿2025-05-27T14:31:10.6720323Z ##[group]Run # ConfiguraciÃ³n inicial
job-design	Preparar directorios y copiar archivos estÃ¡ticos	2025-05-27T14:31:10.6721648Z [36;1m# ConfiguraciÃ³n inicial[0m
job-design	Preparar directorios y copiar archivos estÃ¡ticos	2025-05-27T14:31:10.6722714Z [36;1mSTRUCTURE_FILE=""[0m
job-design	Preparar directorios y copiar archivos estÃ¡ticos	2025-05-27T14:31:10.6723871Z [36;1mTITLE=$(cat $STRUCTURE_FILE | jq -r '.title')[0m
job-design	Preparar directorios y copiar archivos estÃ¡ticos	2025-05-27T14:31:10.6725191Z [36;1m[0m
job-design	Preparar directorios y copiar archivos estÃ¡ticos	2025-05-27T14:31:10.6726249Z [36;1m# NUEVO: Asegurar que los directorios de finops existen[0m
job-design	Preparar directorios y copiar archivos estÃ¡ticos	2025-05-27T14:31:10.6727752Z [36;1mmkdir -p "core/results/webs/finops/js"[0m
job-design	Preparar directorios y copiar archivos estÃ¡ticos	2025-05-27T14:31:10.6729147Z [36;1mmkdir -p "core/results/webs/finops/templates"[0m
job-design	Preparar directorios y copiar archivos estÃ¡ticos	2025-05-27T14:31:10.6730385Z [36;1m[0m
job-design	Preparar directorios y copiar archivos estÃ¡ticos	2025-05-27T14:31:10.6731488Z [36;1m# NUEVO: Copiar plantillas especÃ­ficas de finops si existen[0m
job-design	Preparar directorios y copiar archivos estÃ¡ticos	2025-05-27T14:31:10.6733545Z [36;1mif [ -d "core/config/finops/results/templates" ]; then[0m
job-design	Preparar directorios y copiar archivos estÃ¡ticos	2025-05-27T14:31:10.6735890Z [36;1m  find core/config/finops/results/templates -type f -name "*.html" | while read -r template_file; do[0m
job-design	Preparar directorios y copiar archivos estÃ¡ticos	2025-05-27T14:31:10.6738139Z [36;1m    TEMPLATE_FILENAME=$(basename "$template_file")[0m
job-design	Preparar directorios y copiar archivos estÃ¡ticos	2025-05-27T14:31:10.6740088Z [36;1m    echo "Copiar plantilla de finops: $template_file a finops/templates directory"[0m
job-design	Preparar directorios y copiar archivos estÃ¡ticos	2025-05-27T14:31:10.6742362Z [36;1m    cp "$template_file" "core/results/webs/finops/templates/$TEMPLATE_FILENAME"[0m
job-design	Preparar directorios y copiar archivos estÃ¡ticos	2025-05-27T14:31:10.6744097Z [36;1m  done[0m
job-design	Preparar directorios y copiar archivos estÃ¡ticos	2025-05-27T14:31:10.6745773Z [36;1m  echo "Todas las plantillas HTML de finops copiadas exitosamente!"[0m
job-design	Preparar directorios y copiar archivos estÃ¡ticos	2025-05-27T14:31:10.6747357Z [36;1mfi[0m
job-design	Preparar directorios y copiar archivos estÃ¡ticos	2025-05-27T14:31:10.6748072Z [36;1m[0m
job-design	Preparar directorios y copiar archivos estÃ¡ticos	2025-05-27T14:31:10.6749135Z [36;1m# Copiar archivos JS para finops[0m
job-design	Preparar directorios y copiar archivos estÃ¡ticos	2025-05-27T14:31:10.6750357Z [36;1mif [ -d "core/config/finops/webs/js" ]; then[0m
job-design	Preparar directorios y copiar archivos estÃ¡ticos	2025-05-27T14:31:10.6752135Z [36;1m  find core/config/finops/webs/js -type f -name "*.js" | while read -r js_file; do[0m
job-design	Preparar directorios y copiar archivos estÃ¡ticos	2025-05-27T14:31:10.6753904Z [36;1m    JS_FILENAME=$(basename "$js_file")[0m
job-design	Preparar directorios y copiar archivos estÃ¡ticos	2025-05-27T14:31:10.6755658Z [36;1m    echo "Copiando archivo JS de finops: $js_file"[0m
job-design	Preparar directorios y copiar archivos estÃ¡ticos	2025-05-27T14:31:10.6757130Z [36;1m    cp "$js_file" "core/results/webs/finops/js/$JS_FILENAME"[0m
job-design	Preparar directorios y copiar archivos estÃ¡ticos	2025-05-27T14:31:10.6758429Z [36;1m  done[0m
job-design	Preparar directorios y copiar archivos estÃ¡ticos	2025-05-27T14:31:10.6759456Z [36;1m  echo "Archivos JS copiados a finops exitosamente!"[0m
job-design	Preparar directorios y copiar archivos estÃ¡ticos	2025-05-27T14:31:10.6760713Z [36;1mfi[0m
job-design	Preparar directorios y copiar archivos estÃ¡ticos	2025-05-27T14:31:10.6761424Z [36;1m[0m
job-design	Preparar directorios y copiar archivos estÃ¡ticos	2025-05-27T14:31:10.6762530Z [36;1m# Hacer pull con estrategia de recursiÃ³n para manejar conflictos[0m
job-design	Preparar directorios y copiar archivos estÃ¡ticos	2025-05-27T14:31:10.6764054Z [36;1mgit pull --strategy-option=theirs[0m
job-design	Preparar directorios y copiar archivos estÃ¡ticos	2025-05-27T14:31:10.6776414Z shell: /usr/bin/bash -e {0}
job-design	Preparar directorios y copiar archivos estÃ¡ticos	2025-05-27T14:31:10.6777351Z env:
job-design	Preparar directorios y copiar archivos estÃ¡ticos	2025-05-27T14:31:10.6778049Z   KAOS_CODE: 15278078771
job-design	Preparar directorios y copiar archivos estÃ¡ticos	2025-05-27T14:31:10.6778956Z   KAOS_EVENT_NAME: workflow_dispatch
job-design	Preparar directorios y copiar archivos estÃ¡ticos	2025-05-27T14:31:10.6779955Z   KAOS_ACTION: 
job-design	Preparar directorios y copiar archivos estÃ¡ticos	2025-05-27T14:31:10.6780737Z   KAOS_REF: refs/heads/main
job-design	Preparar directorios y copiar archivos estÃ¡ticos	2025-05-27T14:31:10.6781731Z   KAOS_MODULE: [Ka0S] Deploy Web Structure
job-design	Preparar directorios y copiar archivos estÃ¡ticos	2025-05-27T14:31:10.6782853Z   KAOS_JSON_RESUME: core/outputs/webs/
job-design	Preparar directorios y copiar archivos estÃ¡ticos	2025-05-27T14:31:10.6783938Z   KAOS_WEB_STRUCTURE: core/results/webs/
job-design	Preparar directorios y copiar archivos estÃ¡ticos	2025-05-27T14:31:10.6785296Z   KAOS_ACTOR: jh0ny2k2
job-design	Preparar directorios y copiar archivos estÃ¡ticos	2025-05-27T14:31:10.6786255Z   KAOS_FINOPS_STRUCTURE: core/results/webs/finops/
job-design	Preparar directorios y copiar archivos estÃ¡ticos	2025-05-27T14:31:10.6787899Z   KAOS_FINOPS_JSON_WEB: core/config/finops/results/data/webs.json
job-design	Preparar directorios y copiar archivos estÃ¡ticos	2025-05-27T14:31:10.6789452Z   KAOS_FINOPS_JSON_DATA: core/config/finops/data
job-design	Preparar directorios y copiar archivos estÃ¡ticos	2025-05-27T14:31:10.6790542Z ##[endgroup]
job-design	Preparar directorios y copiar archivos estÃ¡ticos	2025-05-27T14:31:10.6925684Z Copiar plantilla de finops: core/config/finops/results/templates/navbar.html a finops/templates directory
job-design	Preparar directorios y copiar archivos estÃ¡ticos	2025-05-27T14:31:10.6940390Z Todas las plantillas HTML de finops copiadas exitosamente!
job-design	Preparar directorios y copiar archivos estÃ¡ticos	2025-05-27T14:31:10.6963652Z Copiando archivo JS de finops: core/config/finops/webs/js/orchestrator.js
job-design	Preparar directorios y copiar archivos estÃ¡ticos	2025-05-27T14:31:10.6988495Z Copiando archivo JS de finops: core/config/finops/webs/js/template.js
job-design	Preparar directorios y copiar archivos estÃ¡ticos	2025-05-27T14:31:10.7005214Z Archivos JS copiados a finops exitosamente!
job-design	Preparar directorios y copiar archivos estÃ¡ticos	2025-05-27T14:31:11.2880024Z Already up to date.
job-design	Crear finops.html	ï»¿2025-05-27T14:31:11.2958568Z ##[group]Run FINOPS_STRUCTURE_FILE="core/config/finops/results/data/webs.json"
job-design	Crear finops.html	2025-05-27T14:31:11.2960537Z [36;1mFINOPS_STRUCTURE_FILE="core/config/finops/results/data/webs.json"[0m
job-design	Crear finops.html	2025-05-27T14:31:11.2961895Z [36;1m[0m
job-design	Crear finops.html	2025-05-27T14:31:11.2962946Z [36;1m# Verificar si el archivo existe, si no usar un tÃ­tulo por defecto[0m
job-design	Crear finops.html	2025-05-27T14:31:11.2964385Z [36;1mif [ -f "$FINOPS_STRUCTURE_FILE" ]; then[0m
job-design	Crear finops.html	2025-05-27T14:31:11.2965985Z [36;1m  TITLE=$(jq -r '.title' $FINOPS_STRUCTURE_FILE)[0m
job-design	Crear finops.html	2025-05-27T14:31:11.2967070Z [36;1melse[0m
job-design	Crear finops.html	2025-05-27T14:31:11.2967822Z [36;1m  TITLE="FinOps Dashboard"[0m
job-design	Crear finops.html	2025-05-27T14:31:11.2969369Z [36;1m  echo "Archivo de estructura de finops no encontrado, usando tÃ­tulo por defecto: $TITLE"[0m
job-design	Crear finops.html	2025-05-27T14:31:11.2970943Z [36;1mfi[0m
job-design	Crear finops.html	2025-05-27T14:31:11.2971600Z [36;1m[0m
job-design	Crear finops.html	2025-05-27T14:31:11.2972679Z [36;1m# Crear el finops.html con todas las secciones concatenadas y la navbar[0m
job-design	Crear finops.html	2025-05-27T14:31:11.2974343Z [36;1mecho "<!DOCTYPE html>[0m
job-design	Crear finops.html	2025-05-27T14:31:11.2975915Z [36;1m<html lang=\"es\">[0m
job-design	Crear finops.html	2025-05-27T14:31:11.2976749Z [36;1m<head>[0m
job-design	Crear finops.html	2025-05-27T14:31:11.2977487Z [36;1m    <meta charset=\"UTF-8\">[0m
job-design	Crear finops.html	2025-05-27T14:31:11.2978859Z [36;1m    <meta name=\"viewport\" content=\"width=device-width, initial-scale=1.0\">[0m
job-design	Crear finops.html	2025-05-27T14:31:11.2980385Z [36;1m    <title>Ka0s Dashboard - ${TITLE}</title>[0m
job-design	Crear finops.html	2025-05-27T14:31:11.2981964Z [36;1m    <script src=\"https://cdn.jsdelivr.net/npm/@tailwindcss/browser@4\"></script>[0m
job-design	Crear finops.html	2025-05-27T14:31:11.2984337Z [36;1m    <link rel=\"stylesheet\" href=\"https://cdnjs.cloudflare.com/ajax/libs/font-awesome/5.15.4/css/all.min.css\">[0m
job-design	Crear finops.html	2025-05-27T14:31:11.2986584Z [36;1m    <script src=\"https://cdn.jsdelivr.net/npm/chart.js\"></script>[0m
job-design	Crear finops.html	2025-05-27T14:31:11.2987905Z [36;1m</head>[0m
job-design	Crear finops.html	2025-05-27T14:31:11.2988755Z [36;1m<body class=\"bg-gray-100 min-h-screen\">[0m
job-design	Crear finops.html	2025-05-27T14:31:11.2989836Z [36;1m    <div class=\"flex\">[0m
job-design	Crear finops.html	2025-05-27T14:31:11.2990826Z [36;1m        <!-- Incluir el navbar -->[0m
job-design	Crear finops.html	2025-05-27T14:31:11.2991921Z [36;1m        <div id=\"navbar-container\"></div>[0m
job-design	Crear finops.html	2025-05-27T14:31:11.2992947Z [36;1m[0m
job-design	Crear finops.html	2025-05-27T14:31:11.2993694Z [36;1m        <!-- Contenido principal -->[0m
job-design	Crear finops.html	2025-05-27T14:31:11.2995917Z [36;1m        <div class=\"ml-[260px] w-full transition-all duration-300 p-6\" id=\"main-content\">[0m
job-design	Crear finops.html	2025-05-27T14:31:11.3059738Z [36;1m            <header class=\"mb-8\">[0m
job-design	Crear finops.html	2025-05-27T14:31:11.3061648Z [36;1m                <h1 class=\"text-3xl font-bold text-gray-800\" id=\"section-title\">SECTION_TITLE_PLACEHOLDER</h1>[0m
job-design	Crear finops.html	2025-05-27T14:31:11.3064041Z [36;1m                <p class=\"text-gray-600 mt-2\" id=\"section-description\">SECTION_DESCRIPTION_PLACEHOLDER</p>[0m
job-design	Crear finops.html	2025-05-27T14:31:11.3066316Z [36;1m            </header>[0m
job-design	Crear finops.html	2025-05-27T14:31:11.3067171Z [36;1m[0m
job-design	Crear finops.html	2025-05-27T14:31:11.3068234Z [36;1m            <!-- Contenedor de plantillas - se generarÃ¡ dinÃ¡micamente -->[0m
job-design	Crear finops.html	2025-05-27T14:31:11.3069747Z [36;1m            <div id=\"content-container\">[0m
job-design	Crear finops.html	2025-05-27T14:31:11.3071465Z [36;1m                <!-- Las plantillas (grÃ¡ficos, listas, etc.) se generarÃ¡n dinÃ¡micamente segÃºn el JSON -->[0m
job-design	Crear finops.html	2025-05-27T14:31:11.3073067Z [36;1m            </div>[0m
job-design	Crear finops.html	2025-05-27T14:31:11.3073903Z [36;1m                [0m
job-design	Crear finops.html	2025-05-27T14:31:11.3074757Z [36;1m            </div>[0m
job-design	Crear finops.html	2025-05-27T14:31:11.3076159Z [36;1m        </div>[0m
job-design	Crear finops.html	2025-05-27T14:31:11.3076958Z [36;1m    </div>[0m
job-design	Crear finops.html	2025-05-27T14:31:11.3077684Z [36;1m[0m
job-design	Crear finops.html	2025-05-27T14:31:11.3078471Z [36;1m    <!-- Primero cargar templates.js -->[0m
job-design	Crear finops.html	2025-05-27T14:31:11.3079646Z [36;1m    <script src=\"js/templates.js\"></script>[0m
job-design	Crear finops.html	2025-05-27T14:31:11.3080742Z [36;1m    <!-- Scripts -->[0m
job-design	Crear finops.html	2025-05-27T14:31:11.3081775Z [36;1m    <script src=\"js/orchestrator.js\"></script>[0m
job-design	Crear finops.html	2025-05-27T14:31:11.3082876Z [36;1m</body>[0m
job-design	Crear finops.html	2025-05-27T14:31:11.3083868Z [36;1m</html>" > "core/results/webs/finops/results/finops.html"[0m
job-design	Crear finops.html	2025-05-27T14:31:11.3085363Z [36;1m[0m
job-design	Crear finops.html	2025-05-27T14:31:11.3086762Z [36;1mecho "Finops HTML generado correctamente en core/results/webs/finops/finops.html"[0m
job-design	Crear finops.html	2025-05-27T14:31:11.3095987Z shell: /usr/bin/bash -e {0}
job-design	Crear finops.html	2025-05-27T14:31:11.3096841Z env:
job-design	Crear finops.html	2025-05-27T14:31:11.3097511Z   KAOS_CODE: 15278078771
job-design	Crear finops.html	2025-05-27T14:31:11.3098360Z   KAOS_EVENT_NAME: workflow_dispatch
job-design	Crear finops.html	2025-05-27T14:31:11.3099286Z   KAOS_ACTION: 
job-design	Crear finops.html	2025-05-27T14:31:11.3100020Z   KAOS_REF: refs/heads/main
job-design	Crear finops.html	2025-05-27T14:31:11.3100912Z   KAOS_MODULE: [Ka0S] Deploy Web Structure
job-design	Crear finops.html	2025-05-27T14:31:11.3101940Z   KAOS_JSON_RESUME: core/outputs/webs/
job-design	Crear finops.html	2025-05-27T14:31:11.3102951Z   KAOS_WEB_STRUCTURE: core/results/webs/
job-design	Crear finops.html	2025-05-27T14:31:11.3103922Z   KAOS_ACTOR: jh0ny2k2
job-design	Crear finops.html	2025-05-27T14:31:11.3105020Z   KAOS_FINOPS_STRUCTURE: core/results/webs/finops/
job-design	Crear finops.html	2025-05-27T14:31:11.3106505Z   KAOS_FINOPS_JSON_WEB: core/config/finops/results/data/webs.json
job-design	Crear finops.html	2025-05-27T14:31:11.3107824Z   KAOS_FINOPS_JSON_DATA: core/config/finops/data
job-design	Crear finops.html	2025-05-27T14:31:11.3108845Z ##[endgroup]
job-design	Crear finops.html	2025-05-27T14:31:11.3178834Z Finops HTML generado correctamente en core/results/webs/finops/finops.html
job-design	Guardar cambios en el repositorio	ï»¿2025-05-27T14:31:11.3237043Z ##[group]Run # AÃ±adir todos los archivos generados (incluyendo finops)
job-design	Guardar cambios en el repositorio	2025-05-27T14:31:11.3238689Z [36;1m# AÃ±adir todos los archivos generados (incluyendo finops)[0m
job-design	Guardar cambios en el repositorio	2025-05-27T14:31:11.3239958Z [36;1mgit add "core/results/webs/"[0m
job-design	Guardar cambios en el repositorio	2025-05-27T14:31:11.3240894Z [36;1m[0m
job-design	Guardar cambios en el repositorio	2025-05-27T14:31:11.3241731Z [36;1m# Verificar si hay cambios para hacer commit[0m
job-design	Guardar cambios en el repositorio	2025-05-27T14:31:11.3242896Z [36;1mif git diff --staged --quiet; then[0m
job-design	Guardar cambios en el repositorio	2025-05-27T14:31:11.3244014Z [36;1m  echo "No hay cambios para hacer commit"[0m
job-design	Guardar cambios en el repositorio	2025-05-27T14:31:11.3245421Z [36;1melse[0m
job-design	Guardar cambios en el repositorio	2025-05-27T14:31:11.3246536Z [36;1m  git commit -m "[Ka0S] Actualizando archivos de estructura web y finops"[0m
job-design	Guardar cambios en el repositorio	2025-05-27T14:31:11.3247984Z [36;1m  git push origin refs/heads/main[0m
job-design	Guardar cambios en el repositorio	2025-05-27T14:31:11.3248945Z [36;1mfi[0m
job-design	Guardar cambios en el repositorio	2025-05-27T14:31:11.3256527Z shell: /usr/bin/bash -e {0}
job-design	Guardar cambios en el repositorio	2025-05-27T14:31:11.3257417Z env:
job-design	Guardar cambios en el repositorio	2025-05-27T14:31:11.3258078Z   KAOS_CODE: 15278078771
job-design	Guardar cambios en el repositorio	2025-05-27T14:31:11.3258929Z   KAOS_EVENT_NAME: workflow_dispatch
job-design	Guardar cambios en el repositorio	2025-05-27T14:31:11.3259926Z   KAOS_ACTION: 
job-design	Guardar cambios en el repositorio	2025-05-27T14:31:11.3260652Z   KAOS_REF: refs/heads/main
job-design	Guardar cambios en el repositorio	2025-05-27T14:31:11.3261554Z   KAOS_MODULE: [Ka0S] Deploy Web Structure
job-design	Guardar cambios en el repositorio	2025-05-27T14:31:11.3262596Z   KAOS_JSON_RESUME: core/outputs/webs/
job-design	Guardar cambios en el repositorio	2025-05-27T14:31:11.3263604Z   KAOS_WEB_STRUCTURE: core/results/webs/
job-design	Guardar cambios en el repositorio	2025-05-27T14:31:11.3264570Z   KAOS_ACTOR: jh0ny2k2
job-design	Guardar cambios en el repositorio	2025-05-27T14:31:11.3265975Z   KAOS_FINOPS_STRUCTURE: core/results/webs/finops/
job-design	Guardar cambios en el repositorio	2025-05-27T14:31:11.3267299Z   KAOS_FINOPS_JSON_WEB: core/config/finops/results/data/webs.json
job-design	Guardar cambios en el repositorio	2025-05-27T14:31:11.3268616Z   KAOS_FINOPS_JSON_DATA: core/config/finops/data
job-design	Guardar cambios en el repositorio	2025-05-27T14:31:11.3269635Z ##[endgroup]
job-design	Guardar cambios en el repositorio	2025-05-27T14:31:11.3414886Z No hay cambios para hacer commit
job-design	Post Checkout repository	ï»¿2025-05-27T14:31:11.3560760Z Post job cleanup.
job-design	Post Checkout repository	2025-05-27T14:31:11.4333285Z [command]/usr/bin/git version
job-design	Post Checkout repository	2025-05-27T14:31:11.4370723Z git version 2.43.0
job-design	Post Checkout repository	2025-05-27T14:31:11.4410238Z Copying '/home/kaos/.gitconfig' to '/actions-runner/_work/_temp/12e77091-f4b0-4450-ae53-669fa9bc9a1e/.gitconfig'
job-design	Post Checkout repository	2025-05-27T14:31:11.4422748Z Temporarily overriding HOME='/actions-runner/_work/_temp/12e77091-f4b0-4450-ae53-669fa9bc9a1e' before making global git config changes
job-design	Post Checkout repository	2025-05-27T14:31:11.4425723Z Adding repository directory to the temporary git global config as a safe directory
job-design	Post Checkout repository	2025-05-27T14:31:11.4428134Z [command]/usr/bin/git config --global --add safe.directory /actions-runner/_work/ka0s/ka0s
job-design	Post Checkout repository	2025-05-27T14:31:11.4463067Z [command]/usr/bin/git config --local --name-only --get-regexp core\.sshCommand
job-design	Post Checkout repository	2025-05-27T14:31:11.4494409Z [command]/usr/bin/git submodule foreach --recursive sh -c "git config --local --name-only --get-regexp 'core\.sshCommand' && git config --local --unset-all 'core.sshCommand' || :"
job-design	Post Checkout repository	2025-05-27T14:31:11.4759268Z [command]/usr/bin/git config --local --name-only --get-regexp http\.https\:\/\/github\.com\/\.extraheader
job-design	Post Checkout repository	2025-05-27T14:31:11.4782108Z http.https://github.com/.extraheader
job-design	Post Checkout repository	2025-05-27T14:31:11.4794760Z [command]/usr/bin/git config --local --unset-all http.https://github.com/.extraheader
job-design	Post Checkout repository	2025-05-27T14:31:11.4828991Z [command]/usr/bin/git submodule foreach --recursive sh -c "git config --local --name-only --get-regexp 'http\.https\:\/\/github\.com\/\.extraheader' && git config --local --unset-all 'http.https://github.com/.extraheader' || :"
job-design	Complete job	ï»¿2025-05-27T14:31:11.5221810Z Cleaning up orphan processes
handle-success	Set up job	ï»¿2025-05-27T14:31:17.9175480Z Current runner version: '2.324.0'
handle-success	Set up job	2025-05-27T14:31:17.9182324Z Runner name: 'ka0s-ka0s-1'
handle-success	Set up job	2025-05-27T14:31:17.9183332Z Machine name: '81c4cec2d52e'
handle-success	Set up job	2025-05-27T14:31:17.9186566Z ##[group]GITHUB_TOKEN Permissions
handle-success	Set up job	2025-05-27T14:31:17.9188922Z Contents: read
handle-success	Set up job	2025-05-27T14:31:17.9189493Z Metadata: read
handle-success	Set up job	2025-05-27T14:31:17.9190045Z Packages: read
handle-success	Set up job	2025-05-27T14:31:17.9190539Z ##[endgroup]
handle-success	Set up job	2025-05-27T14:31:17.9192829Z Secret source: Actions
handle-success	Set up job	2025-05-27T14:31:17.9193535Z Prepare workflow directory
handle-success	Set up job	2025-05-27T14:31:17.9835600Z Prepare all required actions
handle-success	Set up job	2025-05-27T14:31:17.9873716Z Getting action download info
handle-success	Set up job	2025-05-27T14:31:18.4875277Z Download action repository 'actions/checkout@v4' (SHA:11bd71901bbe5b1630ceea73d27597364c9af683)
handle-success	Set up job	2025-05-27T14:31:19.2717981Z Complete job name: handle-success
handle-success	Checkout code	ï»¿2025-05-27T14:31:19.3196747Z ##[group]Run actions/checkout@v4
handle-success	Checkout code	2025-05-27T14:31:19.3197588Z with:
handle-success	Checkout code	2025-05-27T14:31:19.3197965Z   fetch-depth: 0
handle-success	Checkout code	2025-05-27T14:31:19.3198540Z   token: ***
handle-success	Checkout code	2025-05-27T14:31:19.3198922Z   repository: Ka0s-Klaus/ka0s
handle-success	Checkout code	2025-05-27T14:31:19.3199400Z   ssh-strict: true
handle-success	Checkout code	2025-05-27T14:31:19.3199775Z   ssh-user: git
handle-success	Checkout code	2025-05-27T14:31:19.3200164Z   persist-credentials: true
handle-success	Checkout code	2025-05-27T14:31:19.3200590Z   clean: true
handle-success	Checkout code	2025-05-27T14:31:19.3200976Z   sparse-checkout-cone-mode: true
handle-success	Checkout code	2025-05-27T14:31:19.3201436Z   fetch-tags: false
handle-success	Checkout code	2025-05-27T14:31:19.3201970Z   show-progress: true
handle-success	Checkout code	2025-05-27T14:31:19.3202489Z   lfs: false
handle-success	Checkout code	2025-05-27T14:31:19.3202838Z   submodules: false
handle-success	Checkout code	2025-05-27T14:31:19.3203230Z   set-safe-directory: true
handle-success	Checkout code	2025-05-27T14:31:19.3203850Z env:
handle-success	Checkout code	2025-05-27T14:31:19.3204210Z   KAOS_CODE: 15278078771
handle-success	Checkout code	2025-05-27T14:31:19.3205042Z   KAOS_EVENT_NAME: workflow_dispatch
handle-success	Checkout code	2025-05-27T14:31:19.3205527Z   KAOS_ACTION: 
handle-success	Checkout code	2025-05-27T14:31:19.3206031Z   KAOS_REF: refs/heads/main
handle-success	Checkout code	2025-05-27T14:31:19.3206482Z   KAOS_MODULE: [Ka0S] Deploy Web Structure
handle-success	Checkout code	2025-05-27T14:31:19.3207019Z   KAOS_JSON_RESUME: core/outputs/webs/
handle-success	Checkout code	2025-05-27T14:31:19.3207523Z   KAOS_WEB_STRUCTURE: core/results/webs/
handle-success	Checkout code	2025-05-27T14:31:19.3208154Z   KAOS_ACTOR: jh0ny2k2
handle-success	Checkout code	2025-05-27T14:31:19.3208741Z   KAOS_FINOPS_STRUCTURE: core/results/webs/finops/
handle-success	Checkout code	2025-05-27T14:31:19.3209400Z   KAOS_FINOPS_JSON_WEB: core/config/finops/results/data/webs.json
handle-success	Checkout code	2025-05-27T14:31:19.3210046Z   KAOS_FINOPS_JSON_DATA: core/config/finops/data
handle-success	Checkout code	2025-05-27T14:31:19.3210563Z ##[endgroup]
handle-success	Checkout code	2025-05-27T14:31:19.4329700Z Syncing repository: Ka0s-Klaus/ka0s
handle-success	Checkout code	2025-05-27T14:31:19.4331595Z ##[group]Getting Git version info
handle-success	Checkout code	2025-05-27T14:31:19.4332295Z Working directory is '/actions-runner/_work/ka0s/ka0s'
handle-success	Checkout code	2025-05-27T14:31:19.4333259Z [command]/usr/bin/git version
handle-success	Checkout code	2025-05-27T14:31:19.4335030Z git version 2.43.0
handle-success	Checkout code	2025-05-27T14:31:19.4375671Z ##[endgroup]
handle-success	Checkout code	2025-05-27T14:31:19.4383594Z Copying '/home/kaos/.gitconfig' to '/actions-runner/_work/_temp/95a5e637-ec74-4fb3-8c2e-33fde779ab2e/.gitconfig'
handle-success	Checkout code	2025-05-27T14:31:19.4389261Z Temporarily overriding HOME='/actions-runner/_work/_temp/95a5e637-ec74-4fb3-8c2e-33fde779ab2e' before making global git config changes
handle-success	Checkout code	2025-05-27T14:31:19.4392246Z Adding repository directory to the temporary git global config as a safe directory
handle-success	Checkout code	2025-05-27T14:31:19.4396411Z [command]/usr/bin/git config --global --add safe.directory /actions-runner/_work/ka0s/ka0s
handle-success	Checkout code	2025-05-27T14:31:19.4446938Z [command]/usr/bin/git config --local --get remote.origin.url
handle-success	Checkout code	2025-05-27T14:31:19.4486035Z https://github.com/Ka0s-Klaus/ka0s
handle-success	Checkout code	2025-05-27T14:31:19.4504567Z ##[group]Removing previously created refs, to avoid conflicts
handle-success	Checkout code	2025-05-27T14:31:19.4508208Z [command]/usr/bin/git rev-parse --symbolic-full-name --verify --quiet HEAD
handle-success	Checkout code	2025-05-27T14:31:19.4532883Z refs/heads/main
handle-success	Checkout code	2025-05-27T14:31:19.4542295Z [command]/usr/bin/git checkout --detach
handle-success	Checkout code	2025-05-27T14:31:19.4698960Z HEAD is now at 9e2cdb52 Update workflow-stats.yml
handle-success	Checkout code	2025-05-27T14:31:19.4744814Z [command]/usr/bin/git branch --delete --force main
handle-success	Checkout code	2025-05-27T14:31:19.4778418Z Deleted branch main (was 9e2cdb52).
handle-success	Checkout code	2025-05-27T14:31:19.4851709Z ##[endgroup]
handle-success	Checkout code	2025-05-27T14:31:19.4853374Z [command]/usr/bin/git submodule status
handle-success	Checkout code	2025-05-27T14:31:19.5109668Z ##[group]Cleaning the repository
handle-success	Checkout code	2025-05-27T14:31:19.5114189Z [command]/usr/bin/git clean -ffdx
handle-success	Checkout code	2025-05-27T14:31:19.5194983Z [command]/usr/bin/git reset --hard HEAD
handle-success	Checkout code	2025-05-27T14:31:19.5477471Z HEAD is now at 9e2cdb52 Update workflow-stats.yml
handle-success	Checkout code	2025-05-27T14:31:19.5483418Z ##[endgroup]
handle-success	Checkout code	2025-05-27T14:31:19.5484969Z ##[group]Disabling automatic garbage collection
handle-success	Checkout code	2025-05-27T14:31:19.5490927Z [command]/usr/bin/git config --local gc.auto 0
handle-success	Checkout code	2025-05-27T14:31:19.5522574Z ##[endgroup]
handle-success	Checkout code	2025-05-27T14:31:19.5523419Z ##[group]Setting up auth
handle-success	Checkout code	2025-05-27T14:31:19.5530327Z [command]/usr/bin/git config --local --name-only --get-regexp core\.sshCommand
handle-success	Checkout code	2025-05-27T14:31:19.5567775Z [command]/usr/bin/git submodule foreach --recursive sh -c "git config --local --name-only --get-regexp 'core\.sshCommand' && git config --local --unset-all 'core.sshCommand' || :"
handle-success	Checkout code	2025-05-27T14:31:19.5829596Z [command]/usr/bin/git config --local --name-only --get-regexp http\.https\:\/\/github\.com\/\.extraheader
handle-success	Checkout code	2025-05-27T14:31:19.5863212Z [command]/usr/bin/git submodule foreach --recursive sh -c "git config --local --name-only --get-regexp 'http\.https\:\/\/github\.com\/\.extraheader' && git config --local --unset-all 'http.https://github.com/.extraheader' || :"
handle-success	Checkout code	2025-05-27T14:31:19.6126419Z [command]/usr/bin/git config --local http.https://github.com/.extraheader AUTHORIZATION: basic ***
handle-success	Checkout code	2025-05-27T14:31:19.6170367Z ##[endgroup]
handle-success	Checkout code	2025-05-27T14:31:19.6171181Z ##[group]Fetching the repository
handle-success	Checkout code	2025-05-27T14:31:19.6178627Z [command]/usr/bin/git -c protocol.version=2 fetch --prune --no-recurse-submodules origin +refs/heads/*:refs/remotes/origin/* +refs/tags/*:refs/tags/*
handle-success	Checkout code	2025-05-27T14:31:20.1255332Z [command]/usr/bin/git branch --list --remote origin/main
handle-success	Checkout code	2025-05-27T14:31:20.1283327Z   origin/main
handle-success	Checkout code	2025-05-27T14:31:20.1293333Z [command]/usr/bin/git rev-parse refs/remotes/origin/main
handle-success	Checkout code	2025-05-27T14:31:20.1321775Z 9e2cdb52530d86353dfac956f5c19fbc0e144c80
handle-success	Checkout code	2025-05-27T14:31:20.1324884Z ##[endgroup]
handle-success	Checkout code	2025-05-27T14:31:20.1325760Z ##[group]Determining the checkout info
handle-success	Checkout code	2025-05-27T14:31:20.1326771Z ##[endgroup]
handle-success	Checkout code	2025-05-27T14:31:20.1332361Z [command]/usr/bin/git sparse-checkout disable
handle-success	Checkout code	2025-05-27T14:31:20.1431832Z [command]/usr/bin/git config --local --unset-all extensions.worktreeConfig
handle-success	Checkout code	2025-05-27T14:31:20.1444162Z ##[group]Checking out the ref
handle-success	Checkout code	2025-05-27T14:31:20.1448694Z [command]/usr/bin/git checkout --progress --force -B main refs/remotes/origin/main
handle-success	Checkout code	2025-05-27T14:31:20.1601174Z Switched to a new branch 'main'
handle-success	Checkout code	2025-05-27T14:31:20.1602342Z branch 'main' set up to track 'origin/main'.
handle-success	Checkout code	2025-05-27T14:31:20.1606282Z ##[endgroup]
handle-success	Checkout code	2025-05-27T14:31:20.1649514Z [command]/usr/bin/git log -1 --format=%H
handle-success	Checkout code	2025-05-27T14:31:20.1676738Z 9e2cdb52530d86353dfac956f5c19fbc0e144c80
handle-success	handle-success-execution	ï»¿2025-05-27T14:31:20.1895935Z ##[group]Run # RNNUMBER=$(echo "refs/heads/main" | grep -o '[0-9]*')
handle-success	handle-success-execution	2025-05-27T14:31:20.1897062Z [36;1m# RNNUMBER=$(echo "refs/heads/main" | grep -o '[0-9]*')[0m
handle-success	handle-success-execution	2025-05-27T14:31:20.1898650Z [36;1m# gh issue comment $RNNUMBER --body "El proceso ha finalizado correctamente 15278078771. El resultado estÃ¡ en el fichero core/results/event_data_15278078771.log"[0m
handle-success	handle-success-execution	2025-05-27T14:31:20.1900711Z [36;1mecho "El proceso ha finalizado correctamente 15278078771. El resultado estÃ¡ en el fichero core/results/event_data_15278078771.log"[0m
handle-success	handle-success-execution	2025-05-27T14:31:20.1911131Z shell: /usr/bin/bash -e {0}
handle-success	handle-success-execution	2025-05-27T14:31:20.1911718Z env:
handle-success	handle-success-execution	2025-05-27T14:31:20.1912149Z   KAOS_CODE: 15278078771
handle-success	handle-success-execution	2025-05-27T14:31:20.1912691Z   KAOS_EVENT_NAME: workflow_dispatch
handle-success	handle-success-execution	2025-05-27T14:31:20.1913285Z   KAOS_ACTION: 
handle-success	handle-success-execution	2025-05-27T14:31:20.1913755Z   KAOS_REF: refs/heads/main
handle-success	handle-success-execution	2025-05-27T14:31:20.1914327Z   KAOS_MODULE: [Ka0S] Deploy Web Structure
handle-success	handle-success-execution	2025-05-27T14:31:20.1915170Z   KAOS_JSON_RESUME: core/outputs/webs/
handle-success	handle-success-execution	2025-05-27T14:31:20.1915804Z   KAOS_WEB_STRUCTURE: core/results/webs/
handle-success	handle-success-execution	2025-05-27T14:31:20.1916497Z   KAOS_ACTOR: jh0ny2k2
handle-success	handle-success-execution	2025-05-27T14:31:20.1917091Z   KAOS_FINOPS_STRUCTURE: core/results/webs/finops/
handle-success	handle-success-execution	2025-05-27T14:31:20.1917929Z   KAOS_FINOPS_JSON_WEB: core/config/finops/results/data/webs.json
handle-success	handle-success-execution	2025-05-27T14:31:20.1918761Z   KAOS_FINOPS_JSON_DATA: core/config/finops/data
handle-success	handle-success-execution	2025-05-27T14:31:20.1919920Z   GH_TOKEN: ***
handle-success	handle-success-execution	2025-05-27T14:31:20.1920392Z ##[endgroup]
handle-success	handle-success-execution	2025-05-27T14:31:20.1973852Z El proceso ha finalizado correctamente 15278078771. El resultado estÃ¡ en el fichero core/results/event_data_15278078771.log
handle-success	Post Checkout code	ï»¿2025-05-27T14:31:20.2142906Z Post job cleanup.
handle-success	Post Checkout code	2025-05-27T14:31:20.3110531Z [command]/usr/bin/git version
handle-success	Post Checkout code	2025-05-27T14:31:20.3149713Z git version 2.43.0
handle-success	Post Checkout code	2025-05-27T14:31:20.3190875Z Copying '/home/kaos/.gitconfig' to '/actions-runner/_work/_temp/25f92c85-5ee1-45d3-9c56-351dcbb6b432/.gitconfig'
handle-success	Post Checkout code	2025-05-27T14:31:20.3203454Z Temporarily overriding HOME='/actions-runner/_work/_temp/25f92c85-5ee1-45d3-9c56-351dcbb6b432' before making global git config changes
handle-success	Post Checkout code	2025-05-27T14:31:20.3205431Z Adding repository directory to the temporary git global config as a safe directory
handle-success	Post Checkout code	2025-05-27T14:31:20.3210164Z [command]/usr/bin/git config --global --add safe.directory /actions-runner/_work/ka0s/ka0s
handle-success	Post Checkout code	2025-05-27T14:31:20.3249619Z [command]/usr/bin/git config --local --name-only --get-regexp core\.sshCommand
handle-success	Post Checkout code	2025-05-27T14:31:20.3287943Z [command]/usr/bin/git submodule foreach --recursive sh -c "git config --local --name-only --get-regexp 'core\.sshCommand' && git config --local --unset-all 'core.sshCommand' || :"
handle-success	Post Checkout code	2025-05-27T14:31:20.3552660Z [command]/usr/bin/git config --local --name-only --get-regexp http\.https\:\/\/github\.com\/\.extraheader
handle-success	Post Checkout code	2025-05-27T14:31:20.3575958Z http.https://github.com/.extraheader
handle-success	Post Checkout code	2025-05-27T14:31:20.3589968Z [command]/usr/bin/git config --local --unset-all http.https://github.com/.extraheader
handle-success	Post Checkout code	2025-05-27T14:31:20.3626202Z [command]/usr/bin/git submodule foreach --recursive sh -c "git config --local --name-only --get-regexp 'http\.https\:\/\/github\.com\/\.extraheader' && git config --local --unset-all 'http.https://github.com/.extraheader' || :"
handle-success	Complete job	ï»¿2025-05-27T14:31:20.3993629Z Cleaning up orphan processes
end-workflow	Set up job	ï»¿2025-05-27T14:31:26.8941554Z Current runner version: '2.324.0'
end-workflow	Set up job	2025-05-27T14:31:26.8948354Z Runner name: 'ka0s-ka0s-3'
end-workflow	Set up job	2025-05-27T14:31:26.8949343Z Machine name: '862bc7bbf796'
end-workflow	Set up job	2025-05-27T14:31:26.8951893Z ##[group]GITHUB_TOKEN Permissions
end-workflow	Set up job	2025-05-27T14:31:26.8954162Z Contents: read
end-workflow	Set up job	2025-05-27T14:31:26.8954913Z Metadata: read
end-workflow	Set up job	2025-05-27T14:31:26.8955493Z Packages: read
end-workflow	Set up job	2025-05-27T14:31:26.8956094Z ##[endgroup]
end-workflow	Set up job	2025-05-27T14:31:26.8958333Z Secret source: Actions
end-workflow	Set up job	2025-05-27T14:31:26.8959024Z Prepare workflow directory
end-workflow	Set up job	2025-05-27T14:31:26.9581628Z Prepare all required actions
end-workflow	Set up job	2025-05-27T14:31:26.9620902Z Getting action download info
end-workflow	Set up job	2025-05-27T14:31:27.5443319Z Download action repository 'actions/checkout@v4' (SHA:11bd71901bbe5b1630ceea73d27597364c9af683)
end-workflow	Set up job	2025-05-27T14:31:28.3851098Z Complete job name: end-workflow
end-workflow	Checkout code	ï»¿2025-05-27T14:31:28.4355848Z ##[group]Run actions/checkout@v4
end-workflow	Checkout code	2025-05-27T14:31:28.4356781Z with:
end-workflow	Checkout code	2025-05-27T14:31:28.4357204Z   fetch-depth: 0
end-workflow	Checkout code	2025-05-27T14:31:28.4357862Z   token: ***
end-workflow	Checkout code	2025-05-27T14:31:28.4358293Z   repository: Ka0s-Klaus/ka0s
end-workflow	Checkout code	2025-05-27T14:31:28.4358836Z   ssh-strict: true
end-workflow	Checkout code	2025-05-27T14:31:28.4359260Z   ssh-user: git
end-workflow	Checkout code	2025-05-27T14:31:28.4359685Z   persist-credentials: true
end-workflow	Checkout code	2025-05-27T14:31:28.4360160Z   clean: true
end-workflow	Checkout code	2025-05-27T14:31:28.4360592Z   sparse-checkout-cone-mode: true
end-workflow	Checkout code	2025-05-27T14:31:28.4361116Z   fetch-tags: false
end-workflow	Checkout code	2025-05-27T14:31:28.4361546Z   show-progress: true
end-workflow	Checkout code	2025-05-27T14:31:28.4361975Z   lfs: false
end-workflow	Checkout code	2025-05-27T14:31:28.4362371Z   submodules: false
end-workflow	Checkout code	2025-05-27T14:31:28.4362819Z   set-safe-directory: true
end-workflow	Checkout code	2025-05-27T14:31:28.4363524Z env:
end-workflow	Checkout code	2025-05-27T14:31:28.4363932Z   KAOS_CODE: 15278078771
end-workflow	Checkout code	2025-05-27T14:31:28.4364418Z   KAOS_EVENT_NAME: workflow_dispatch
end-workflow	Checkout code	2025-05-27T14:31:28.4365008Z   KAOS_ACTION: 
end-workflow	Checkout code	2025-05-27T14:31:28.4365429Z   KAOS_REF: refs/heads/main
end-workflow	Checkout code	2025-05-27T14:31:28.4365940Z   KAOS_MODULE: [Ka0S] Deploy Web Structure
end-workflow	Checkout code	2025-05-27T14:31:28.4366554Z   KAOS_JSON_RESUME: core/outputs/webs/
end-workflow	Checkout code	2025-05-27T14:31:28.4367127Z   KAOS_WEB_STRUCTURE: core/results/webs/
end-workflow	Checkout code	2025-05-27T14:31:28.4367671Z   KAOS_ACTOR: jh0ny2k2
end-workflow	Checkout code	2025-05-27T14:31:28.4368182Z   KAOS_FINOPS_STRUCTURE: core/results/webs/finops/
end-workflow	Checkout code	2025-05-27T14:31:28.4368919Z   KAOS_FINOPS_JSON_WEB: core/config/finops/results/data/webs.json
end-workflow	Checkout code	2025-05-27T14:31:28.4369662Z   KAOS_FINOPS_JSON_DATA: core/config/finops/data
end-workflow	Checkout code	2025-05-27T14:31:28.4370403Z   GH_TOKEN: ***
end-workflow	Checkout code	2025-05-27T14:31:28.4370828Z ##[endgroup]
end-workflow	Checkout code	2025-05-27T14:31:28.5527654Z Syncing repository: Ka0s-Klaus/ka0s
end-workflow	Checkout code	2025-05-27T14:31:28.5529748Z ##[group]Getting Git version info
end-workflow	Checkout code	2025-05-27T14:31:28.5530484Z Working directory is '/actions-runner/_work/ka0s/ka0s'
end-workflow	Checkout code	2025-05-27T14:31:28.5531508Z [command]/usr/bin/git version
end-workflow	Checkout code	2025-05-27T14:31:28.5532150Z git version 2.43.0
end-workflow	Checkout code	2025-05-27T14:31:28.5550778Z ##[endgroup]
end-workflow	Checkout code	2025-05-27T14:31:28.5563580Z Copying '/home/kaos/.gitconfig' to '/actions-runner/_work/_temp/ddb9ebfc-93cd-4291-b865-24c497b7affe/.gitconfig'
end-workflow	Checkout code	2025-05-27T14:31:28.5578765Z Temporarily overriding HOME='/actions-runner/_work/_temp/ddb9ebfc-93cd-4291-b865-24c497b7affe' before making global git config changes
end-workflow	Checkout code	2025-05-27T14:31:28.5580393Z Adding repository directory to the temporary git global config as a safe directory
end-workflow	Checkout code	2025-05-27T14:31:28.5584144Z [command]/usr/bin/git config --global --add safe.directory /actions-runner/_work/ka0s/ka0s
end-workflow	Checkout code	2025-05-27T14:31:28.5629055Z [command]/usr/bin/git config --local --get remote.origin.url
end-workflow	Checkout code	2025-05-27T14:31:28.5653094Z https://github.com/Ka0s-Klaus/ka0s
end-workflow	Checkout code	2025-05-27T14:31:28.5673103Z ##[group]Removing previously created refs, to avoid conflicts
end-workflow	Checkout code	2025-05-27T14:31:28.5677657Z [command]/usr/bin/git rev-parse --symbolic-full-name --verify --quiet HEAD
end-workflow	Checkout code	2025-05-27T14:31:28.5702778Z refs/heads/main
end-workflow	Checkout code	2025-05-27T14:31:28.5712710Z [command]/usr/bin/git checkout --detach
end-workflow	Checkout code	2025-05-27T14:31:28.5880223Z HEAD is now at 9e2cdb52 Update workflow-stats.yml
end-workflow	Checkout code	2025-05-27T14:31:28.5925169Z [command]/usr/bin/git branch --delete --force main
end-workflow	Checkout code	2025-05-27T14:31:28.5957718Z Deleted branch main (was 9e2cdb52).
end-workflow	Checkout code	2025-05-27T14:31:28.6030652Z ##[endgroup]
end-workflow	Checkout code	2025-05-27T14:31:28.6031650Z [command]/usr/bin/git submodule status
end-workflow	Checkout code	2025-05-27T14:31:28.6286160Z ##[group]Cleaning the repository
end-workflow	Checkout code	2025-05-27T14:31:28.6290741Z [command]/usr/bin/git clean -ffdx
end-workflow	Checkout code	2025-05-27T14:31:28.6372142Z [command]/usr/bin/git reset --hard HEAD
end-workflow	Checkout code	2025-05-27T14:31:28.6662297Z HEAD is now at 9e2cdb52 Update workflow-stats.yml
end-workflow	Checkout code	2025-05-27T14:31:28.6670696Z ##[endgroup]
end-workflow	Checkout code	2025-05-27T14:31:28.6671887Z ##[group]Disabling automatic garbage collection
end-workflow	Checkout code	2025-05-27T14:31:28.6676782Z [command]/usr/bin/git config --local gc.auto 0
end-workflow	Checkout code	2025-05-27T14:31:28.6710685Z ##[endgroup]
end-workflow	Checkout code	2025-05-27T14:31:28.6711557Z ##[group]Setting up auth
end-workflow	Checkout code	2025-05-27T14:31:28.6718322Z [command]/usr/bin/git config --local --name-only --get-regexp core\.sshCommand
end-workflow	Checkout code	2025-05-27T14:31:28.6766082Z [command]/usr/bin/git submodule foreach --recursive sh -c "git config --local --name-only --get-regexp 'core\.sshCommand' && git config --local --unset-all 'core.sshCommand' || :"
end-workflow	Checkout code	2025-05-27T14:31:28.7027491Z [command]/usr/bin/git config --local --name-only --get-regexp http\.https\:\/\/github\.com\/\.extraheader
end-workflow	Checkout code	2025-05-27T14:31:28.7059384Z [command]/usr/bin/git submodule foreach --recursive sh -c "git config --local --name-only --get-regexp 'http\.https\:\/\/github\.com\/\.extraheader' && git config --local --unset-all 'http.https://github.com/.extraheader' || :"
end-workflow	Checkout code	2025-05-27T14:31:28.7321520Z [command]/usr/bin/git config --local http.https://github.com/.extraheader AUTHORIZATION: basic ***
end-workflow	Checkout code	2025-05-27T14:31:28.7363329Z ##[endgroup]
end-workflow	Checkout code	2025-05-27T14:31:28.7364263Z ##[group]Fetching the repository
end-workflow	Checkout code	2025-05-27T14:31:28.7371445Z [command]/usr/bin/git -c protocol.version=2 fetch --prune --no-recurse-submodules origin +refs/heads/*:refs/remotes/origin/* +refs/tags/*:refs/tags/*
end-workflow	Checkout code	2025-05-27T14:31:29.3459545Z [command]/usr/bin/git branch --list --remote origin/main
end-workflow	Checkout code	2025-05-27T14:31:29.3488827Z   origin/main
end-workflow	Checkout code	2025-05-27T14:31:29.3497322Z [command]/usr/bin/git rev-parse refs/remotes/origin/main
end-workflow	Checkout code	2025-05-27T14:31:29.3521825Z 9e2cdb52530d86353dfac956f5c19fbc0e144c80
end-workflow	Checkout code	2025-05-27T14:31:29.3550352Z ##[endgroup]
end-workflow	Checkout code	2025-05-27T14:31:29.3551910Z ##[group]Determining the checkout info
end-workflow	Checkout code	2025-05-27T14:31:29.3553512Z ##[endgroup]
end-workflow	Checkout code	2025-05-27T14:31:29.3554390Z [command]/usr/bin/git sparse-checkout disable
end-workflow	Checkout code	2025-05-27T14:31:29.3634620Z [command]/usr/bin/git config --local --unset-all extensions.worktreeConfig
end-workflow	Checkout code	2025-05-27T14:31:29.3666268Z ##[group]Checking out the ref
end-workflow	Checkout code	2025-05-27T14:31:29.3670041Z [command]/usr/bin/git checkout --progress --force -B main refs/remotes/origin/main
end-workflow	Checkout code	2025-05-27T14:31:29.3825611Z Switched to a new branch 'main'
end-workflow	Checkout code	2025-05-27T14:31:29.3827223Z branch 'main' set up to track 'origin/main'.
end-workflow	Checkout code	2025-05-27T14:31:29.3830858Z ##[endgroup]
end-workflow	Checkout code	2025-05-27T14:31:29.3871808Z [command]/usr/bin/git log -1 --format=%H
end-workflow	Checkout code	2025-05-27T14:31:29.3900771Z 9e2cdb52530d86353dfac956f5c19fbc0e144c80
end-workflow	Finaliza el workflow	ï»¿2025-05-27T14:31:29.4153611Z ##[group]Run echo "End process"
end-workflow	Finaliza el workflow	2025-05-27T14:31:29.4154913Z [36;1mecho "End process"[0m
end-workflow	Finaliza el workflow	2025-05-27T14:31:29.4156241Z [36;1m# RNNUMBER=$(echo "refs/heads/main" | grep -o '[0-9]*')[0m
end-workflow	Finaliza el workflow	2025-05-27T14:31:29.4158063Z [36;1m# gh issue comment $RNNUMBER --body "Se finaliza Ka0s 15278078771"[0m
end-workflow	Finaliza el workflow	2025-05-27T14:31:29.4159722Z [36;1mecho "Se finaliza Ka0s 15278078771"[0m
end-workflow	Finaliza el workflow	2025-05-27T14:31:29.4162127Z [36;1mgh workflow run inspector.yml --ref 'main' -f kaos-issue-id=$RNNUMBER -f kaos-workflow-id="15278078771" -f kaos-user-start=""[0m
end-workflow	Finaliza el workflow	2025-05-27T14:31:29.4174260Z shell: /usr/bin/bash -e {0}
end-workflow	Finaliza el workflow	2025-05-27T14:31:29.4175402Z env:
end-workflow	Finaliza el workflow	2025-05-27T14:31:29.4176169Z   KAOS_CODE: 15278078771
end-workflow	Finaliza el workflow	2025-05-27T14:31:29.4177165Z   KAOS_EVENT_NAME: workflow_dispatch
end-workflow	Finaliza el workflow	2025-05-27T14:31:29.4178247Z   KAOS_ACTION: 
end-workflow	Finaliza el workflow	2025-05-27T14:31:29.4179643Z   KAOS_REF: refs/heads/main
end-workflow	Finaliza el workflow	2025-05-27T14:31:29.4180882Z   KAOS_MODULE: [Ka0S] Deploy Web Structure
end-workflow	Finaliza el workflow	2025-05-27T14:31:29.4182232Z   KAOS_JSON_RESUME: core/outputs/webs/
end-workflow	Finaliza el workflow	2025-05-27T14:31:29.4183767Z   KAOS_WEB_STRUCTURE: core/results/webs/
end-workflow	Finaliza el workflow	2025-05-27T14:31:29.4185168Z   KAOS_ACTOR: jh0ny2k2
end-workflow	Finaliza el workflow	2025-05-27T14:31:29.4186338Z   KAOS_FINOPS_STRUCTURE: core/results/webs/finops/
end-workflow	Finaliza el workflow	2025-05-27T14:31:29.4188258Z   KAOS_FINOPS_JSON_WEB: core/config/finops/results/data/webs.json
end-workflow	Finaliza el workflow	2025-05-27T14:31:29.4190381Z   KAOS_FINOPS_JSON_DATA: core/config/finops/data
end-workflow	Finaliza el workflow	2025-05-27T14:31:29.4192051Z   GH_TOKEN: ***
end-workflow	Finaliza el workflow	2025-05-27T14:31:29.4192880Z ##[endgroup]
end-workflow	Finaliza el workflow	2025-05-27T14:31:29.4251830Z End process
end-workflow	Finaliza el workflow	2025-05-27T14:31:29.4252931Z Se finaliza Ka0s 15278078771
end-workflow	Post Checkout code	ï»¿2025-05-27T14:31:30.1377300Z Post job cleanup.
end-workflow	Post Checkout code	2025-05-27T14:31:30.2416556Z [command]/usr/bin/git version
end-workflow	Post Checkout code	2025-05-27T14:31:30.2454478Z git version 2.43.0
end-workflow	Post Checkout code	2025-05-27T14:31:30.2494242Z Copying '/home/kaos/.gitconfig' to '/actions-runner/_work/_temp/606ad9be-7c2b-40da-8cf8-5b841e2cfdb5/.gitconfig'
end-workflow	Post Checkout code	2025-05-27T14:31:30.2510908Z Temporarily overriding HOME='/actions-runner/_work/_temp/606ad9be-7c2b-40da-8cf8-5b841e2cfdb5' before making global git config changes
end-workflow	Post Checkout code	2025-05-27T14:31:30.2514048Z Adding repository directory to the temporary git global config as a safe directory
end-workflow	Post Checkout code	2025-05-27T14:31:30.2516625Z [command]/usr/bin/git config --global --add safe.directory /actions-runner/_work/ka0s/ka0s
end-workflow	Post Checkout code	2025-05-27T14:31:30.2563570Z [command]/usr/bin/git config --local --name-only --get-regexp core\.sshCommand
end-workflow	Post Checkout code	2025-05-27T14:31:30.2601834Z [command]/usr/bin/git submodule foreach --recursive sh -c "git config --local --name-only --get-regexp 'core\.sshCommand' && git config --local --unset-all 'core.sshCommand' || :"
end-workflow	Post Checkout code	2025-05-27T14:31:30.2863797Z [command]/usr/bin/git config --local --name-only --get-regexp http\.https\:\/\/github\.com\/\.extraheader
end-workflow	Post Checkout code	2025-05-27T14:31:30.2887157Z http.https://github.com/.extraheader
end-workflow	Post Checkout code	2025-05-27T14:31:30.2900562Z [command]/usr/bin/git config --local --unset-all http.https://github.com/.extraheader
end-workflow	Post Checkout code	2025-05-27T14:31:30.2940248Z [command]/usr/bin/git submodule foreach --recursive sh -c "git config --local --name-only --get-regexp 'http\.https\:\/\/github\.com\/\.extraheader' && git config --local --unset-all 'http.https://github.com/.extraheader' || :"
end-workflow	Complete job	ï»¿2025-05-27T14:31:30.3388675Z Cleaning up orphan processes
