job-core	Set up job	Ôªø2025-05-28T08:13:02.7346778Z Current runner version: '2.324.0'
job-core	Set up job	2025-05-28T08:13:02.7353383Z Runner name: 'ka0s-ka0s-1'
job-core	Set up job	2025-05-28T08:13:02.7354524Z Machine name: '81c4cec2d52e'
job-core	Set up job	2025-05-28T08:13:02.7357365Z ##[group]GITHUB_TOKEN Permissions
job-core	Set up job	2025-05-28T08:13:02.7359508Z Contents: read
job-core	Set up job	2025-05-28T08:13:02.7360076Z Metadata: read
job-core	Set up job	2025-05-28T08:13:02.7360725Z Packages: read
job-core	Set up job	2025-05-28T08:13:02.7361287Z ##[endgroup]
job-core	Set up job	2025-05-28T08:13:02.7363420Z Secret source: Actions
job-core	Set up job	2025-05-28T08:13:02.7364244Z Prepare workflow directory
job-core	Set up job	2025-05-28T08:13:02.7968244Z Prepare all required actions
job-core	Set up job	2025-05-28T08:13:02.8008330Z Getting action download info
job-core	Set up job	2025-05-28T08:13:03.3371017Z Download action repository 'actions/checkout@v3' (SHA:f43a0e5ff2bd294095638e18286ca9a3d1956744)
job-core	Set up job	2025-05-28T08:13:04.1705505Z Complete job name: job-core
job-core	Checkout repository	Ôªø2025-05-28T08:13:04.2207425Z ##[group]Run actions/checkout@v3
job-core	Checkout repository	2025-05-28T08:13:04.2208509Z with:
job-core	Checkout repository	2025-05-28T08:13:04.2208956Z   fetch-depth: 0
job-core	Checkout repository	2025-05-28T08:13:04.2209646Z   token: ***
job-core	Checkout repository	2025-05-28T08:13:04.2210103Z   repository: Ka0s-Klaus/ka0s
job-core	Checkout repository	2025-05-28T08:13:04.2210670Z   ssh-strict: true
job-core	Checkout repository	2025-05-28T08:13:04.2211140Z   persist-credentials: true
job-core	Checkout repository	2025-05-28T08:13:04.2211638Z   clean: true
job-core	Checkout repository	2025-05-28T08:13:04.2212100Z   sparse-checkout-cone-mode: true
job-core	Checkout repository	2025-05-28T08:13:04.2212643Z   fetch-tags: false
job-core	Checkout repository	2025-05-28T08:13:04.2213100Z   lfs: false
job-core	Checkout repository	2025-05-28T08:13:04.2213522Z   submodules: false
job-core	Checkout repository	2025-05-28T08:13:04.2213992Z   set-safe-directory: true
job-core	Checkout repository	2025-05-28T08:13:04.2214923Z env:
job-core	Checkout repository	2025-05-28T08:13:04.2215399Z   KAOS_CODE: 15295014366
job-core	Checkout repository	2025-05-28T08:13:04.2216044Z   KAOS_EVENT_NAME: workflow_dispatch
job-core	Checkout repository	2025-05-28T08:13:04.2216600Z   KAOS_ACTION: 
job-core	Checkout repository	2025-05-28T08:13:04.2217045Z   KAOS_REF: refs/heads/main
job-core	Checkout repository	2025-05-28T08:13:04.2217584Z   KAOS_MODULE: [Ka0S] Deploy Web Structure
job-core	Checkout repository	2025-05-28T08:13:04.2218194Z   KAOS_JSON_RESUME: core/outputs/webs/
job-core	Checkout repository	2025-05-28T08:13:04.2218829Z   KAOS_WEB_STRUCTURE: core/results/webs/
job-core	Checkout repository	2025-05-28T08:13:04.2219419Z   KAOS_ACTOR: jh0ny2k2
job-core	Checkout repository	2025-05-28T08:13:04.2219978Z   KAOS_FINOPS_STRUCTURE: core/results/webs/finops/
job-core	Checkout repository	2025-05-28T08:13:04.2220738Z   KAOS_FINOPS_JSON_WEB: core/config/finops/config/webs.json
job-core	Checkout repository	2025-05-28T08:13:04.2221481Z   KAOS_FINOPS_JSON_DATA: core/config/finops/data
job-core	Checkout repository	2025-05-28T08:13:04.2222177Z   KAOS_FINOPS_TEMPLATE: core/config/finops/template/
job-core	Checkout repository	2025-05-28T08:13:04.2222835Z   KAOS_FINOPS: core/config/finops/
job-core	Checkout repository	2025-05-28T08:13:04.2223531Z   KAOS_FINOPS_RESULTS_SECTION: core/results/webs/finops/section
job-core	Checkout repository	2025-05-28T08:13:04.2224253Z ##[endgroup]
job-core	Checkout repository	2025-05-28T08:13:04.3126639Z Syncing repository: Ka0s-Klaus/ka0s
job-core	Checkout repository	2025-05-28T08:13:04.3128790Z ##[group]Getting Git version info
job-core	Checkout repository	2025-05-28T08:13:04.3129855Z Working directory is '/actions-runner/_work/ka0s/ka0s'
job-core	Checkout repository	2025-05-28T08:13:04.3130981Z [command]/usr/bin/git version
job-core	Checkout repository	2025-05-28T08:13:04.3131557Z git version 2.43.0
job-core	Checkout repository	2025-05-28T08:13:04.3142349Z ##[endgroup]
job-core	Checkout repository	2025-05-28T08:13:04.3154046Z Copying '/home/kaos/.gitconfig' to '/actions-runner/_work/_temp/c51dbc1e-cb80-4cc7-9506-da0968ef7e2b/.gitconfig'
job-core	Checkout repository	2025-05-28T08:13:04.3165792Z Temporarily overriding HOME='/actions-runner/_work/_temp/c51dbc1e-cb80-4cc7-9506-da0968ef7e2b' before making global git config changes
job-core	Checkout repository	2025-05-28T08:13:04.3167525Z Adding repository directory to the temporary git global config as a safe directory
job-core	Checkout repository	2025-05-28T08:13:04.3169788Z [command]/usr/bin/git config --global --add safe.directory /actions-runner/_work/ka0s/ka0s
job-core	Checkout repository	2025-05-28T08:13:04.3210058Z [command]/usr/bin/git config --local --get remote.origin.url
job-core	Checkout repository	2025-05-28T08:13:04.3230938Z https://github.com/Ka0s-Klaus/ka0s
job-core	Checkout repository	2025-05-28T08:13:04.3250231Z ##[group]Removing previously created refs, to avoid conflicts
job-core	Checkout repository	2025-05-28T08:13:04.3253678Z [command]/usr/bin/git rev-parse --symbolic-full-name --verify --quiet HEAD
job-core	Checkout repository	2025-05-28T08:13:04.3275271Z refs/heads/main
job-core	Checkout repository	2025-05-28T08:13:04.3284398Z [command]/usr/bin/git checkout --detach
job-core	Checkout repository	2025-05-28T08:13:04.3436448Z HEAD is now at ce22d4ee [Ka0S] Inspector uploading resume execution files to the repository...
job-core	Checkout repository	2025-05-28T08:13:04.3476915Z [command]/usr/bin/git branch --delete --force main
job-core	Checkout repository	2025-05-28T08:13:04.3510509Z Deleted branch main (was ce22d4ee).
job-core	Checkout repository	2025-05-28T08:13:04.3579101Z ##[endgroup]
job-core	Checkout repository	2025-05-28T08:13:04.3579921Z [command]/usr/bin/git submodule status
job-core	Checkout repository	2025-05-28T08:13:04.3837602Z ##[group]Cleaning the repository
job-core	Checkout repository	2025-05-28T08:13:04.3839191Z [command]/usr/bin/git clean -ffdx
job-core	Checkout repository	2025-05-28T08:13:04.3916414Z [command]/usr/bin/git reset --hard HEAD
job-core	Checkout repository	2025-05-28T08:13:04.4205352Z HEAD is now at ce22d4ee [Ka0S] Inspector uploading resume execution files to the repository...
job-core	Checkout repository	2025-05-28T08:13:04.4213157Z ##[endgroup]
job-core	Checkout repository	2025-05-28T08:13:04.4214245Z ##[group]Disabling automatic garbage collection
job-core	Checkout repository	2025-05-28T08:13:04.4216862Z [command]/usr/bin/git config --local gc.auto 0
job-core	Checkout repository	2025-05-28T08:13:04.4246907Z ##[endgroup]
job-core	Checkout repository	2025-05-28T08:13:04.4247908Z ##[group]Setting up auth
job-core	Checkout repository	2025-05-28T08:13:04.4252621Z [command]/usr/bin/git config --local --name-only --get-regexp core\.sshCommand
job-core	Checkout repository	2025-05-28T08:13:04.4284226Z [command]/usr/bin/git submodule foreach --recursive sh -c "git config --local --name-only --get-regexp 'core\.sshCommand' && git config --local --unset-all 'core.sshCommand' || :"
job-core	Checkout repository	2025-05-28T08:13:04.4537496Z [command]/usr/bin/git config --local --name-only --get-regexp http\.https\:\/\/github\.com\/\.extraheader
job-core	Checkout repository	2025-05-28T08:13:04.4565572Z [command]/usr/bin/git submodule foreach --recursive sh -c "git config --local --name-only --get-regexp 'http\.https\:\/\/github\.com\/\.extraheader' && git config --local --unset-all 'http.https://github.com/.extraheader' || :"
job-core	Checkout repository	2025-05-28T08:13:04.4827153Z [command]/usr/bin/git config --local http.https://github.com/.extraheader AUTHORIZATION: basic ***
job-core	Checkout repository	2025-05-28T08:13:04.4872703Z ##[endgroup]
job-core	Checkout repository	2025-05-28T08:13:04.4873642Z ##[group]Fetching the repository
job-core	Checkout repository	2025-05-28T08:13:04.4880735Z [command]/usr/bin/git -c protocol.version=2 fetch --prune --progress --no-recurse-submodules origin +refs/heads/*:refs/remotes/origin/* +refs/tags/*:refs/tags/*
job-core	Checkout repository	2025-05-28T08:13:05.2502326Z remote: Enumerating objects: 42, done.        
job-core	Checkout repository	2025-05-28T08:13:05.2525014Z remote: Counting objects:   2% (1/39)        
job-core	Checkout repository	2025-05-28T08:13:05.2526623Z remote: Counting objects:   5% (2/39)        
job-core	Checkout repository	2025-05-28T08:13:05.2527841Z remote: Counting objects:   7% (3/39)        
job-core	Checkout repository	2025-05-28T08:13:05.2529080Z remote: Counting objects:  10% (4/39)        
job-core	Checkout repository	2025-05-28T08:13:05.2554815Z remote: Counting objects:  12% (5/39)        
job-core	Checkout repository	2025-05-28T08:13:05.2556313Z remote: Counting objects:  15% (6/39)        
job-core	Checkout repository	2025-05-28T08:13:05.2557503Z remote: Counting objects:  17% (7/39)        
job-core	Checkout repository	2025-05-28T08:13:05.2558697Z remote: Counting objects:  20% (8/39)        
job-core	Checkout repository	2025-05-28T08:13:05.2559861Z remote: Counting objects:  23% (9/39)        
job-core	Checkout repository	2025-05-28T08:13:05.2561030Z remote: Counting objects:  25% (10/39)        
job-core	Checkout repository	2025-05-28T08:13:05.2562211Z remote: Counting objects:  28% (11/39)        
job-core	Checkout repository	2025-05-28T08:13:05.2563561Z remote: Counting objects:  30% (12/39)        
job-core	Checkout repository	2025-05-28T08:13:05.2565065Z remote: Counting objects:  33% (13/39)        
job-core	Checkout repository	2025-05-28T08:13:05.2566410Z remote: Counting objects:  35% (14/39)        
job-core	Checkout repository	2025-05-28T08:13:05.2567650Z remote: Counting objects:  38% (15/39)        
job-core	Checkout repository	2025-05-28T08:13:05.2568857Z remote: Counting objects:  41% (16/39)        
job-core	Checkout repository	2025-05-28T08:13:05.2570055Z remote: Counting objects:  43% (17/39)        
job-core	Checkout repository	2025-05-28T08:13:05.2571270Z remote: Counting objects:  46% (18/39)        
job-core	Checkout repository	2025-05-28T08:13:05.2572487Z remote: Counting objects:  48% (19/39)        
job-core	Checkout repository	2025-05-28T08:13:05.2573694Z remote: Counting objects:  51% (20/39)        
job-core	Checkout repository	2025-05-28T08:13:05.2575109Z remote: Counting objects:  53% (21/39)        
job-core	Checkout repository	2025-05-28T08:13:05.2576583Z remote: Counting objects:  56% (22/39)        
job-core	Checkout repository	2025-05-28T08:13:05.2577818Z remote: Counting objects:  58% (23/39)        
job-core	Checkout repository	2025-05-28T08:13:05.2579224Z remote: Counting objects:  61% (24/39)        
job-core	Checkout repository	2025-05-28T08:13:05.2580616Z remote: Counting objects:  64% (25/39)        
job-core	Checkout repository	2025-05-28T08:13:05.2582027Z remote: Counting objects:  66% (26/39)        
job-core	Checkout repository	2025-05-28T08:13:05.2583495Z remote: Counting objects:  69% (27/39)        
job-core	Checkout repository	2025-05-28T08:13:05.2585281Z remote: Counting objects:  71% (28/39)        
job-core	Checkout repository	2025-05-28T08:13:05.2587294Z remote: Counting objects:  74% (29/39)        
job-core	Checkout repository	2025-05-28T08:13:05.2588766Z remote: Counting objects:  76% (30/39)        
job-core	Checkout repository	2025-05-28T08:13:05.2590198Z remote: Counting objects:  79% (31/39)        
job-core	Checkout repository	2025-05-28T08:13:05.2591635Z remote: Counting objects:  82% (32/39)        
job-core	Checkout repository	2025-05-28T08:13:05.2593065Z remote: Counting objects:  84% (33/39)        
job-core	Checkout repository	2025-05-28T08:13:05.2594704Z remote: Counting objects:  87% (34/39)        
job-core	Checkout repository	2025-05-28T08:13:05.2596575Z remote: Counting objects:  89% (35/39)        
job-core	Checkout repository	2025-05-28T08:13:05.2598030Z remote: Counting objects:  92% (36/39)        
job-core	Checkout repository	2025-05-28T08:13:05.2599481Z remote: Counting objects:  94% (37/39)        
job-core	Checkout repository	2025-05-28T08:13:05.2600921Z remote: Counting objects:  97% (38/39)        
job-core	Checkout repository	2025-05-28T08:13:05.2602380Z remote: Counting objects: 100% (39/39)        
job-core	Checkout repository	2025-05-28T08:13:05.2604389Z remote: Counting objects: 100% (39/39), done.        
job-core	Checkout repository	2025-05-28T08:13:05.2606092Z remote: Compressing objects:   7% (1/14)        
job-core	Checkout repository	2025-05-28T08:13:05.2607823Z remote: Compressing objects:  14% (2/14)        
job-core	Checkout repository	2025-05-28T08:13:05.2609465Z remote: Compressing objects:  21% (3/14)        
job-core	Checkout repository	2025-05-28T08:13:05.2611073Z remote: Compressing objects:  28% (4/14)        
job-core	Checkout repository	2025-05-28T08:13:05.2612685Z remote: Compressing objects:  35% (5/14)        
job-core	Checkout repository	2025-05-28T08:13:05.2614293Z remote: Compressing objects:  42% (6/14)        
job-core	Checkout repository	2025-05-28T08:13:05.2616330Z remote: Compressing objects:  50% (7/14)        
job-core	Checkout repository	2025-05-28T08:13:05.2617980Z remote: Compressing objects:  57% (8/14)        
job-core	Checkout repository	2025-05-28T08:13:05.2619506Z remote: Compressing objects:  64% (9/14)        
job-core	Checkout repository	2025-05-28T08:13:05.2621008Z remote: Compressing objects:  71% (10/14)        
job-core	Checkout repository	2025-05-28T08:13:05.2622526Z remote: Compressing objects:  78% (11/14)        
job-core	Checkout repository	2025-05-28T08:13:05.2624022Z remote: Compressing objects:  85% (12/14)        
job-core	Checkout repository	2025-05-28T08:13:05.2626118Z remote: Compressing objects:  92% (13/14)        
job-core	Checkout repository	2025-05-28T08:13:05.2627585Z remote: Compressing objects: 100% (14/14)        
job-core	Checkout repository	2025-05-28T08:13:05.2629163Z remote: Compressing objects: 100% (14/14), done.        
job-core	Checkout repository	2025-05-28T08:13:05.2631202Z remote: Total 28 (delta 17), reused 23 (delta 12), pack-reused 0 (from 0)        
job-core	Checkout repository	2025-05-28T08:13:05.2890791Z From https://github.com/Ka0s-Klaus/ka0s
job-core	Checkout repository	2025-05-28T08:13:05.2892511Z    ce22d4ee..1f877442  main       -> origin/main
job-core	Checkout repository	2025-05-28T08:13:05.2948308Z [command]/usr/bin/git branch --list --remote origin/main
job-core	Checkout repository	2025-05-28T08:13:05.2974791Z   origin/main
job-core	Checkout repository	2025-05-28T08:13:05.2983420Z [command]/usr/bin/git rev-parse refs/remotes/origin/main
job-core	Checkout repository	2025-05-28T08:13:05.3004234Z 1f877442baeaa300a2f692e90afc09ee123a53d5
job-core	Checkout repository	2025-05-28T08:13:05.3010925Z ##[endgroup]
job-core	Checkout repository	2025-05-28T08:13:05.3012674Z ##[group]Determining the checkout info
job-core	Checkout repository	2025-05-28T08:13:05.3015294Z ##[endgroup]
job-core	Checkout repository	2025-05-28T08:13:05.3017140Z ##[group]Checking out the ref
job-core	Checkout repository	2025-05-28T08:13:05.3019139Z [command]/usr/bin/git checkout --progress --force -B main refs/remotes/origin/main
job-core	Checkout repository	2025-05-28T08:13:05.3264574Z Previous HEAD position was ce22d4ee [Ka0S] Inspector uploading resume execution files to the repository...
job-core	Checkout repository	2025-05-28T08:13:05.3272455Z Switched to a new branch 'main'
job-core	Checkout repository	2025-05-28T08:13:05.3273885Z branch 'main' set up to track 'origin/main'.
job-core	Checkout repository	2025-05-28T08:13:05.3281621Z ##[endgroup]
job-core	Checkout repository	2025-05-28T08:13:05.3316276Z [command]/usr/bin/git log -1 --format='%H'
job-core	Checkout repository	2025-05-28T08:13:05.3342070Z '1f877442baeaa300a2f692e90afc09ee123a53d5'
job-core	Upload Files	Ôªø2025-05-28T08:13:05.3556947Z ##[group]Run echo "Uploading files to the repository..."
job-core	Upload Files	2025-05-28T08:13:05.3558704Z [36;1mecho "Uploading files to the repository..."[0m
job-core	Upload Files	2025-05-28T08:13:05.3560475Z [36;1mgit config --global user.name "***"[0m
job-core	Upload Files	2025-05-28T08:13:05.3561985Z [36;1mgit config --global user.email "***"[0m
job-core	Upload Files	2025-05-28T08:13:05.3563272Z [36;1mgit pull[0m
job-core	Upload Files	2025-05-28T08:13:05.3565037Z [36;1m# Asegurarse de que la carpeta web_structure se a√±ade explicitamente (incluyendo finops)[0m
job-core	Upload Files	2025-05-28T08:13:05.3567060Z [36;1mgit add core/results/webs/*[0m
job-core	Upload Files	2025-05-28T08:13:05.3568290Z [36;1mgit add core/outputs/webs/*[0m
job-core	Upload Files	2025-05-28T08:13:05.3569633Z [36;1m# Verificar si hay cambios para hacer commit[0m
job-core	Upload Files	2025-05-28T08:13:05.3571331Z [36;1mif git diff --staged --quiet; then[0m
job-core	Upload Files	2025-05-28T08:13:05.3572711Z [36;1m  echo "No hay cambios para hacer commit"[0m
job-core	Upload Files	2025-05-28T08:13:05.3573990Z [36;1melse[0m
job-core	Upload Files	2025-05-28T08:13:05.3575821Z [36;1m  git commit -m "[Ka0S] Uploading resume execution files and finops structure to the repository..."[0m
job-core	Upload Files	2025-05-28T08:13:05.3578063Z [36;1m  git push origin refs/heads/main[0m
job-core	Upload Files	2025-05-28T08:13:05.3579254Z [36;1mfi[0m
job-core	Upload Files	2025-05-28T08:13:05.3600224Z shell: /usr/bin/bash -e {0}
job-core	Upload Files	2025-05-28T08:13:05.3601358Z env:
job-core	Upload Files	2025-05-28T08:13:05.3602160Z   KAOS_CODE: 15295014366
job-core	Upload Files	2025-05-28T08:13:05.3603183Z   KAOS_EVENT_NAME: workflow_dispatch
job-core	Upload Files	2025-05-28T08:13:05.3604310Z   KAOS_ACTION: 
job-core	Upload Files	2025-05-28T08:13:05.3605322Z   KAOS_REF: refs/heads/main
job-core	Upload Files	2025-05-28T08:13:05.3606432Z   KAOS_MODULE: [Ka0S] Deploy Web Structure
job-core	Upload Files	2025-05-28T08:13:05.3607697Z   KAOS_JSON_RESUME: core/outputs/webs/
job-core	Upload Files	2025-05-28T08:13:05.3608925Z   KAOS_WEB_STRUCTURE: core/results/webs/
job-core	Upload Files	2025-05-28T08:13:05.3610154Z   KAOS_ACTOR: jh0ny2k2
job-core	Upload Files	2025-05-28T08:13:05.3611248Z   KAOS_FINOPS_STRUCTURE: core/results/webs/finops/
job-core	Upload Files	2025-05-28T08:13:05.3612827Z   KAOS_FINOPS_JSON_WEB: core/config/finops/config/webs.json
job-core	Upload Files	2025-05-28T08:13:05.3614397Z   KAOS_FINOPS_JSON_DATA: core/config/finops/data
job-core	Upload Files	2025-05-28T08:13:05.3615930Z   KAOS_FINOPS_TEMPLATE: core/config/finops/template/
job-core	Upload Files	2025-05-28T08:13:05.3617331Z   KAOS_FINOPS: core/config/finops/
job-core	Upload Files	2025-05-28T08:13:05.3618758Z   KAOS_FINOPS_RESULTS_SECTION: core/results/webs/finops/section
job-core	Upload Files	2025-05-28T08:13:05.3620216Z ##[endgroup]
job-core	Upload Files	2025-05-28T08:13:05.3682034Z Uploading files to the repository...
job-core	Upload Files	2025-05-28T08:13:05.9409766Z Already up to date.
job-core	Upload Files	2025-05-28T08:13:05.9550404Z No hay cambios para hacer commit
job-core	Post Checkout repository	Ôªø2025-05-28T08:13:05.9735965Z Post job cleanup.
job-core	Post Checkout repository	2025-05-28T08:13:06.0606580Z [command]/usr/bin/git version
job-core	Post Checkout repository	2025-05-28T08:13:06.0643036Z git version 2.43.0
job-core	Post Checkout repository	2025-05-28T08:13:06.0682248Z Copying '/home/kaos/.gitconfig' to '/actions-runner/_work/_temp/60d3bad0-02ea-4465-b8ed-0c284d4d88e8/.gitconfig'
job-core	Post Checkout repository	2025-05-28T08:13:06.0696165Z Temporarily overriding HOME='/actions-runner/_work/_temp/60d3bad0-02ea-4465-b8ed-0c284d4d88e8' before making global git config changes
job-core	Post Checkout repository	2025-05-28T08:13:06.0699264Z Adding repository directory to the temporary git global config as a safe directory
job-core	Post Checkout repository	2025-05-28T08:13:06.0701480Z [command]/usr/bin/git config --global --add safe.directory /actions-runner/_work/ka0s/ka0s
job-core	Post Checkout repository	2025-05-28T08:13:06.0734631Z [command]/usr/bin/git config --local --name-only --get-regexp core\.sshCommand
job-core	Post Checkout repository	2025-05-28T08:13:06.0766864Z [command]/usr/bin/git submodule foreach --recursive sh -c "git config --local --name-only --get-regexp 'core\.sshCommand' && git config --local --unset-all 'core.sshCommand' || :"
job-core	Post Checkout repository	2025-05-28T08:13:06.1039597Z [command]/usr/bin/git config --local --name-only --get-regexp http\.https\:\/\/github\.com\/\.extraheader
job-core	Post Checkout repository	2025-05-28T08:13:06.1053982Z http.https://github.com/.extraheader
job-core	Post Checkout repository	2025-05-28T08:13:06.1064949Z [command]/usr/bin/git config --local --unset-all http.https://github.com/.extraheader
job-core	Post Checkout repository	2025-05-28T08:13:06.1098212Z [command]/usr/bin/git submodule foreach --recursive sh -c "git config --local --name-only --get-regexp 'http\.https\:\/\/github\.com\/\.extraheader' && git config --local --unset-all 'http.https://github.com/.extraheader' || :"
job-core	Complete job	Ôªø2025-05-28T08:13:06.1502562Z Cleaning up orphan processes
job-data	Set up job	Ôªø2025-05-28T08:13:11.4499933Z Current runner version: '2.324.0'
job-data	Set up job	2025-05-28T08:13:11.4507042Z Runner name: 'ka0s-ka0s-5'
job-data	Set up job	2025-05-28T08:13:11.4508145Z Machine name: '85bf26d22df3'
job-data	Set up job	2025-05-28T08:13:11.4510918Z ##[group]GITHUB_TOKEN Permissions
job-data	Set up job	2025-05-28T08:13:11.4513099Z Contents: read
job-data	Set up job	2025-05-28T08:13:11.4513769Z Metadata: read
job-data	Set up job	2025-05-28T08:13:11.4514300Z Packages: read
job-data	Set up job	2025-05-28T08:13:11.4514928Z ##[endgroup]
job-data	Set up job	2025-05-28T08:13:11.4517222Z Secret source: Actions
job-data	Set up job	2025-05-28T08:13:11.4517961Z Prepare workflow directory
job-data	Set up job	2025-05-28T08:13:11.5157315Z Prepare all required actions
job-data	Set up job	2025-05-28T08:13:11.5196499Z Getting action download info
job-data	Set up job	2025-05-28T08:13:12.0500382Z Download action repository 'actions/checkout@v3' (SHA:f43a0e5ff2bd294095638e18286ca9a3d1956744)
job-data	Set up job	2025-05-28T08:13:12.8835792Z Complete job name: job-data
job-data	Checkout repository	Ôªø2025-05-28T08:13:12.9313329Z ##[group]Run actions/checkout@v3
job-data	Checkout repository	2025-05-28T08:13:12.9314176Z with:
job-data	Checkout repository	2025-05-28T08:13:12.9314559Z   fetch-depth: 0
job-data	Checkout repository	2025-05-28T08:13:12.9315469Z   token: ***
job-data	Checkout repository	2025-05-28T08:13:12.9315852Z   repository: Ka0s-Klaus/ka0s
job-data	Checkout repository	2025-05-28T08:13:12.9316332Z   ssh-strict: true
job-data	Checkout repository	2025-05-28T08:13:12.9316737Z   persist-credentials: true
job-data	Checkout repository	2025-05-28T08:13:12.9317171Z   clean: true
job-data	Checkout repository	2025-05-28T08:13:12.9317566Z   sparse-checkout-cone-mode: true
job-data	Checkout repository	2025-05-28T08:13:12.9318037Z   fetch-tags: false
job-data	Checkout repository	2025-05-28T08:13:12.9318418Z   lfs: false
job-data	Checkout repository	2025-05-28T08:13:12.9318783Z   submodules: false
job-data	Checkout repository	2025-05-28T08:13:12.9319183Z   set-safe-directory: true
job-data	Checkout repository	2025-05-28T08:13:12.9319830Z env:
job-data	Checkout repository	2025-05-28T08:13:12.9320197Z   KAOS_CODE: 15295014366
job-data	Checkout repository	2025-05-28T08:13:12.9320634Z   KAOS_EVENT_NAME: workflow_dispatch
job-data	Checkout repository	2025-05-28T08:13:12.9321113Z   KAOS_ACTION: 
job-data	Checkout repository	2025-05-28T08:13:12.9321492Z   KAOS_REF: refs/heads/main
job-data	Checkout repository	2025-05-28T08:13:12.9321953Z   KAOS_MODULE: [Ka0S] Deploy Web Structure
job-data	Checkout repository	2025-05-28T08:13:12.9322476Z   KAOS_JSON_RESUME: core/outputs/webs/
job-data	Checkout repository	2025-05-28T08:13:12.9323010Z   KAOS_WEB_STRUCTURE: core/results/webs/
job-data	Checkout repository	2025-05-28T08:13:12.9323502Z   KAOS_ACTOR: jh0ny2k2
job-data	Checkout repository	2025-05-28T08:13:12.9323964Z   KAOS_FINOPS_STRUCTURE: core/results/webs/finops/
job-data	Checkout repository	2025-05-28T08:13:12.9324607Z   KAOS_FINOPS_JSON_WEB: core/config/finops/config/webs.json
job-data	Checkout repository	2025-05-28T08:13:12.9325404Z   KAOS_FINOPS_JSON_DATA: core/config/finops/data
job-data	Checkout repository	2025-05-28T08:13:12.9326001Z   KAOS_FINOPS_TEMPLATE: core/config/finops/template/
job-data	Checkout repository	2025-05-28T08:13:12.9326564Z   KAOS_FINOPS: core/config/finops/
job-data	Checkout repository	2025-05-28T08:13:12.9327152Z   KAOS_FINOPS_RESULTS_SECTION: core/results/webs/finops/section
job-data	Checkout repository	2025-05-28T08:13:12.9327741Z ##[endgroup]
job-data	Checkout repository	2025-05-28T08:13:13.0220535Z Syncing repository: Ka0s-Klaus/ka0s
job-data	Checkout repository	2025-05-28T08:13:13.0222475Z ##[group]Getting Git version info
job-data	Checkout repository	2025-05-28T08:13:13.0223138Z Working directory is '/actions-runner/_work/ka0s/ka0s'
job-data	Checkout repository	2025-05-28T08:13:13.0224063Z [command]/usr/bin/git version
job-data	Checkout repository	2025-05-28T08:13:13.0224525Z git version 2.43.0
job-data	Checkout repository	2025-05-28T08:13:13.0244147Z ##[endgroup]
job-data	Checkout repository	2025-05-28T08:13:13.0256691Z Copying '/home/kaos/.gitconfig' to '/actions-runner/_work/_temp/ef419bb8-9d3d-4796-99bc-abc16383c762/.gitconfig'
job-data	Checkout repository	2025-05-28T08:13:13.0271876Z Temporarily overriding HOME='/actions-runner/_work/_temp/ef419bb8-9d3d-4796-99bc-abc16383c762' before making global git config changes
job-data	Checkout repository	2025-05-28T08:13:13.0273387Z Adding repository directory to the temporary git global config as a safe directory
job-data	Checkout repository	2025-05-28T08:13:13.0276101Z [command]/usr/bin/git config --global --add safe.directory /actions-runner/_work/ka0s/ka0s
job-data	Checkout repository	2025-05-28T08:13:13.0315363Z [command]/usr/bin/git config --local --get remote.origin.url
job-data	Checkout repository	2025-05-28T08:13:13.0336745Z https://github.com/Ka0s-Klaus/ka0s
job-data	Checkout repository	2025-05-28T08:13:13.0353847Z ##[group]Removing previously created refs, to avoid conflicts
job-data	Checkout repository	2025-05-28T08:13:13.0357292Z [command]/usr/bin/git rev-parse --symbolic-full-name --verify --quiet HEAD
job-data	Checkout repository	2025-05-28T08:13:13.0382208Z refs/heads/main
job-data	Checkout repository	2025-05-28T08:13:13.0391832Z [command]/usr/bin/git checkout --detach
job-data	Checkout repository	2025-05-28T08:13:13.0898810Z HEAD is now at d98d4cd8 Merge branch 'main' of https://github.com/Ka0s-Klaus/ka0s
job-data	Checkout repository	2025-05-28T08:13:13.0940023Z [command]/usr/bin/git branch --delete --force main
job-data	Checkout repository	2025-05-28T08:13:13.0972391Z Deleted branch main (was d98d4cd8).
job-data	Checkout repository	2025-05-28T08:13:13.1049343Z ##[endgroup]
job-data	Checkout repository	2025-05-28T08:13:13.1050045Z [command]/usr/bin/git submodule status
job-data	Checkout repository	2025-05-28T08:13:13.1305663Z ##[group]Cleaning the repository
job-data	Checkout repository	2025-05-28T08:13:13.1307391Z [command]/usr/bin/git clean -ffdx
job-data	Checkout repository	2025-05-28T08:13:13.1383468Z [command]/usr/bin/git reset --hard HEAD
job-data	Checkout repository	2025-05-28T08:13:13.1681017Z HEAD is now at d98d4cd8 Merge branch 'main' of https://github.com/Ka0s-Klaus/ka0s
job-data	Checkout repository	2025-05-28T08:13:13.1687085Z ##[endgroup]
job-data	Checkout repository	2025-05-28T08:13:13.1689155Z ##[group]Disabling automatic garbage collection
job-data	Checkout repository	2025-05-28T08:13:13.1692594Z [command]/usr/bin/git config --local gc.auto 0
job-data	Checkout repository	2025-05-28T08:13:13.1724277Z ##[endgroup]
job-data	Checkout repository	2025-05-28T08:13:13.1725273Z ##[group]Setting up auth
job-data	Checkout repository	2025-05-28T08:13:13.1730020Z [command]/usr/bin/git config --local --name-only --get-regexp core\.sshCommand
job-data	Checkout repository	2025-05-28T08:13:13.1763867Z [command]/usr/bin/git submodule foreach --recursive sh -c "git config --local --name-only --get-regexp 'core\.sshCommand' && git config --local --unset-all 'core.sshCommand' || :"
job-data	Checkout repository	2025-05-28T08:13:13.2041152Z [command]/usr/bin/git config --local --name-only --get-regexp http\.https\:\/\/github\.com\/\.extraheader
job-data	Checkout repository	2025-05-28T08:13:13.2072106Z [command]/usr/bin/git submodule foreach --recursive sh -c "git config --local --name-only --get-regexp 'http\.https\:\/\/github\.com\/\.extraheader' && git config --local --unset-all 'http.https://github.com/.extraheader' || :"
job-data	Checkout repository	2025-05-28T08:13:13.2336276Z [command]/usr/bin/git config --local http.https://github.com/.extraheader AUTHORIZATION: basic ***
job-data	Checkout repository	2025-05-28T08:13:13.2375949Z ##[endgroup]
job-data	Checkout repository	2025-05-28T08:13:13.2377557Z ##[group]Fetching the repository
job-data	Checkout repository	2025-05-28T08:13:13.2384721Z [command]/usr/bin/git -c protocol.version=2 fetch --prune --progress --no-recurse-submodules origin +refs/heads/*:refs/remotes/origin/* +refs/tags/*:refs/tags/*
job-data	Checkout repository	2025-05-28T08:13:14.1062998Z remote: Enumerating objects: 21, done.        
job-data	Checkout repository	2025-05-28T08:13:14.1065664Z remote: Counting objects:   4% (1/21)        
job-data	Checkout repository	2025-05-28T08:13:14.1067724Z remote: Counting objects:   9% (2/21)        
job-data	Checkout repository	2025-05-28T08:13:14.1070932Z remote: Counting objects:  14% (3/21)        
job-data	Checkout repository	2025-05-28T08:13:14.1073430Z remote: Counting objects:  19% (4/21)        
job-data	Checkout repository	2025-05-28T08:13:14.1075919Z remote: Counting objects:  23% (5/21)        
job-data	Checkout repository	2025-05-28T08:13:14.1078282Z remote: Counting objects:  28% (6/21)        
job-data	Checkout repository	2025-05-28T08:13:14.1080716Z remote: Counting objects:  33% (7/21)        
job-data	Checkout repository	2025-05-28T08:13:14.1083130Z remote: Counting objects:  38% (8/21)        
job-data	Checkout repository	2025-05-28T08:13:14.1085594Z remote: Counting objects:  42% (9/21)        
job-data	Checkout repository	2025-05-28T08:13:14.1088128Z remote: Counting objects:  47% (10/21)        
job-data	Checkout repository	2025-05-28T08:13:14.1090567Z remote: Counting objects:  52% (11/21)        
job-data	Checkout repository	2025-05-28T08:13:14.1092988Z remote: Counting objects:  57% (12/21)        
job-data	Checkout repository	2025-05-28T08:13:14.1095431Z remote: Counting objects:  61% (13/21)        
job-data	Checkout repository	2025-05-28T08:13:14.1097886Z remote: Counting objects:  66% (14/21)        
job-data	Checkout repository	2025-05-28T08:13:14.1100266Z remote: Counting objects:  71% (15/21)        
job-data	Checkout repository	2025-05-28T08:13:14.1102670Z remote: Counting objects:  76% (16/21)        
job-data	Checkout repository	2025-05-28T08:13:14.1105225Z remote: Counting objects:  80% (17/21)        
job-data	Checkout repository	2025-05-28T08:13:14.1107259Z remote: Counting objects:  85% (18/21)        
job-data	Checkout repository	2025-05-28T08:13:14.1109250Z remote: Counting objects:  90% (19/21)        
job-data	Checkout repository	2025-05-28T08:13:14.1111281Z remote: Counting objects:  95% (20/21)        
job-data	Checkout repository	2025-05-28T08:13:14.1113327Z remote: Counting objects: 100% (21/21)        
job-data	Checkout repository	2025-05-28T08:13:14.1115470Z remote: Counting objects: 100% (21/21), done.        
job-data	Checkout repository	2025-05-28T08:13:14.1117721Z remote: Compressing objects:  16% (1/6)        
job-data	Checkout repository	2025-05-28T08:13:14.1119800Z remote: Compressing objects:  33% (2/6)        
job-data	Checkout repository	2025-05-28T08:13:14.1121894Z remote: Compressing objects:  50% (3/6)        
job-data	Checkout repository	2025-05-28T08:13:14.1123930Z remote: Compressing objects:  66% (4/6)        
job-data	Checkout repository	2025-05-28T08:13:14.1125952Z remote: Compressing objects:  83% (5/6)        
job-data	Checkout repository	2025-05-28T08:13:14.1127864Z remote: Compressing objects: 100% (6/6)        
job-data	Checkout repository	2025-05-28T08:13:14.1129871Z remote: Compressing objects: 100% (6/6), done.        
job-data	Checkout repository	2025-05-28T08:13:14.1132850Z remote: Total 14 (delta 8), reused 13 (delta 7), pack-reused 0 (from 0)        
job-data	Checkout repository	2025-05-28T08:13:14.1350532Z From https://github.com/Ka0s-Klaus/ka0s
job-data	Checkout repository	2025-05-28T08:13:14.1352372Z    d98d4cd8..1f877442  main       -> origin/main
job-data	Checkout repository	2025-05-28T08:13:14.1408989Z [command]/usr/bin/git branch --list --remote origin/main
job-data	Checkout repository	2025-05-28T08:13:14.1436263Z   origin/main
job-data	Checkout repository	2025-05-28T08:13:14.1445122Z [command]/usr/bin/git rev-parse refs/remotes/origin/main
job-data	Checkout repository	2025-05-28T08:13:14.1466682Z 1f877442baeaa300a2f692e90afc09ee123a53d5
job-data	Checkout repository	2025-05-28T08:13:14.1472151Z ##[endgroup]
job-data	Checkout repository	2025-05-28T08:13:14.1473829Z ##[group]Determining the checkout info
job-data	Checkout repository	2025-05-28T08:13:14.1476124Z ##[endgroup]
job-data	Checkout repository	2025-05-28T08:13:14.1477905Z ##[group]Checking out the ref
job-data	Checkout repository	2025-05-28T08:13:14.1480382Z [command]/usr/bin/git checkout --progress --force -B main refs/remotes/origin/main
job-data	Checkout repository	2025-05-28T08:13:14.1724055Z Previous HEAD position was d98d4cd8 Merge branch 'main' of https://github.com/Ka0s-Klaus/ka0s
job-data	Checkout repository	2025-05-28T08:13:14.1732827Z Switched to a new branch 'main'
job-data	Checkout repository	2025-05-28T08:13:14.1734461Z branch 'main' set up to track 'origin/main'.
job-data	Checkout repository	2025-05-28T08:13:14.1743560Z ##[endgroup]
job-data	Checkout repository	2025-05-28T08:13:14.1779774Z [command]/usr/bin/git log -1 --format='%H'
job-data	Checkout repository	2025-05-28T08:13:14.1805809Z '1f877442baeaa300a2f692e90afc09ee123a53d5'
job-data	Copy data files to web structure	Ôªø2025-05-28T08:13:14.2026247Z ##[group]Run echo "Reading structure file..."
job-data	Copy data files to web structure	2025-05-28T08:13:14.2027769Z [36;1mecho "Reading structure file..."[0m
job-data	Copy data files to web structure	2025-05-28T08:13:14.2029254Z [36;1mSTRUCTURE_FILE="core/config/finops/config/webs.json"[0m
job-data	Copy data files to web structure	2025-05-28T08:13:14.2030814Z [36;1mecho "Structure file: $STRUCTURE_FILE"[0m
job-data	Copy data files to web structure	2025-05-28T08:13:14.2032049Z [36;1m[0m
job-data	Copy data files to web structure	2025-05-28T08:13:14.2033167Z [36;1m# Extract title for main folder name from structure file[0m
job-data	Copy data files to web structure	2025-05-28T08:13:14.2034785Z [36;1mTITLE=$(jq -r '.title' $STRUCTURE_FILE)[0m
job-data	Copy data files to web structure	2025-05-28T08:13:14.2036059Z [36;1mif [ -z "$TITLE" ]; then[0m
job-data	Copy data files to web structure	2025-05-28T08:13:14.2037138Z [36;1m  TITLE="dashboard"[0m
job-data	Copy data files to web structure	2025-05-28T08:13:14.2038487Z [36;1m  echo "Title not found in JSON file, using default: $TITLE"[0m
job-data	Copy data files to web structure	2025-05-28T08:13:14.2039962Z [36;1melse[0m
job-data	Copy data files to web structure	2025-05-28T08:13:14.2040892Z [36;1m  echo "Main folder is named: $TITLE"[0m
job-data	Copy data files to web structure	2025-05-28T08:13:14.2055404Z [36;1mfi[0m
job-data	Copy data files to web structure	2025-05-28T08:13:14.2056257Z [36;1m[0m
job-data	Copy data files to web structure	2025-05-28T08:13:14.2057194Z [36;1m# Sanitize the title for directory names[0m
job-data	Copy data files to web structure	2025-05-28T08:13:14.2058707Z [36;1mSAFE_TITLE=$(echo "$TITLE" | sed 's/+/plus/g')[0m
job-data	Copy data files to web structure	2025-05-28T08:13:14.2059968Z [36;1m[0m
job-data	Copy data files to web structure	2025-05-28T08:13:14.2060995Z [36;1m# Create data directory if it doesn't exist[0m
job-data	Copy data files to web structure	2025-05-28T08:13:14.2062448Z [36;1mmkdir -p "core/results/webs/$SAFE_TITLE/data"[0m
job-data	Copy data files to web structure	2025-05-28T08:13:14.2063702Z [36;1m[0m
job-data	Copy data files to web structure	2025-05-28T08:13:14.2064781Z [36;1m# Copiar el archivo webs.json a la estructura[0m
job-data	Copy data files to web structure	2025-05-28T08:13:14.2066471Z [36;1mcp $STRUCTURE_FILE "core/results/webs/finops/data/webs.json"[0m
job-data	Copy data files to web structure	2025-05-28T08:13:14.2068109Z [36;1mecho "Copied webs.json to data directory"[0m
job-data	Copy data files to web structure	2025-05-28T08:13:14.2069317Z [36;1m[0m
job-data	Copy data files to web structure	2025-05-28T08:13:14.2070427Z [36;1m# Copiar los archivos de datatemplate de las secciones[0m
job-data	Copy data files to web structure	2025-05-28T08:13:14.2072006Z [36;1mecho "Copying section datatemplate files..."[0m
job-data	Copy data files to web structure	2025-05-28T08:13:14.2073933Z [36;1mjq -r '.sections[] | .datatemplate' $STRUCTURE_FILE | while read datatemplate_path; do[0m
job-data	Copy data files to web structure	2025-05-28T08:13:14.2075913Z [36;1m  if [ ! -z "$datatemplate_path" ]; then[0m
job-data	Copy data files to web structure	2025-05-28T08:13:14.2077204Z [36;1m    # Obtener el nombre del archivo[0m
job-data	Copy data files to web structure	2025-05-28T08:13:14.2078633Z [36;1m    TEMPLATE_FILENAME=$(basename "$datatemplate_path")[0m
job-data	Copy data files to web structure	2025-05-28T08:13:14.2080617Z [36;1m    echo "Copying section datatemplate file: $datatemplate_path to data directory"[0m
job-data	Copy data files to web structure	2025-05-28T08:13:14.2083289Z [36;1m    cp "core/config/finops/config/$datatemplate_path" "core/results/webs/$TITLE/data/$TEMPLATE_FILENAME"[0m
job-data	Copy data files to web structure	2025-05-28T08:13:14.2085353Z [36;1m  fi[0m
job-data	Copy data files to web structure	2025-05-28T08:13:14.2086157Z [36;1mdone[0m
job-data	Copy data files to web structure	2025-05-28T08:13:14.2086939Z [36;1m[0m
job-data	Copy data files to web structure	2025-05-28T08:13:14.2087776Z [36;1m# Copiar archivos de FinOps[0m
job-data	Copy data files to web structure	2025-05-28T08:13:14.2089320Z [36;1mecho "Copying FinOps data files..."[0m
job-data	Copy data files to web structure	2025-05-28T08:13:14.2090629Z [36;1mif [ -d "core/config/finops/data" ]; then[0m
job-data	Copy data files to web structure	2025-05-28T08:13:14.2092462Z [36;1m  find "core/config/finops/data" -name "*.json" -type f | while read -r json_file; do[0m
job-data	Copy data files to web structure	2025-05-28T08:13:14.2094302Z [36;1m    DATA_FILENAME=$(basename "$json_file")[0m
job-data	Copy data files to web structure	2025-05-28T08:13:14.2095777Z [36;1m    echo "Copying FinOps data file: $json_file"[0m
job-data	Copy data files to web structure	2025-05-28T08:13:14.2097351Z [36;1m    cp "$json_file" "core/results/webs/$TITLE/data/$DATA_FILENAME"[0m
job-data	Copy data files to web structure	2025-05-28T08:13:14.2098762Z [36;1m  done[0m
job-data	Copy data files to web structure	2025-05-28T08:13:14.2099559Z [36;1mfi[0m
job-data	Copy data files to web structure	2025-05-28T08:13:14.2100329Z [36;1m[0m
job-data	Copy data files to web structure	2025-05-28T08:13:14.2101343Z [36;1m# Create the directory before generating the summary[0m
job-data	Copy data files to web structure	2025-05-28T08:13:14.2102810Z [36;1mmkdir -p "core/outputs/webs/$SAFE_TITLE"[0m
job-data	Copy data files to web structure	2025-05-28T08:13:14.2103989Z [36;1m[0m
job-data	Copy data files to web structure	2025-05-28T08:13:14.2104986Z [36;1m# Generate data files summary using SAFE_TITLE[0m
job-data	Copy data files to web structure	2025-05-28T08:13:14.2106631Z [36;1mecho "{" > "core/outputs/webs/$SAFE_TITLE/data-files-summary.json"[0m
job-data	Copy data files to web structure	2025-05-28T08:13:14.2108687Z [36;1mecho "  \"dataFiles\": [" >> "core/outputs/webs/$SAFE_TITLE/data-files-summary.json"[0m
job-data	Copy data files to web structure	2025-05-28T08:13:14.2110307Z [36;1m[0m
job-data	Copy data files to web structure	2025-05-28T08:13:14.2111119Z [36;1m# List all copied files[0m
job-data	Copy data files to web structure	2025-05-28T08:13:14.2112769Z [36;1mfind "core/results/webs/$SAFE_TITLE/data" -type f | sort | while read -r file; do[0m
job-data	Copy data files to web structure	2025-05-28T08:13:14.2115075Z [36;1m  RELATIVE_PATH="${file#core/results/webs/$SAFE_TITLE/}"[0m
job-data	Copy data files to web structure	2025-05-28T08:13:14.2117125Z [36;1m  echo "    {\"path\": \"$RELATIVE_PATH\"}," >> "core/outputs/webs/$SAFE_TITLE/data-files-summary.json"[0m
job-data	Copy data files to web structure	2025-05-28T08:13:14.2118879Z [36;1mdone[0m
job-data	Copy data files to web structure	2025-05-28T08:13:14.2119661Z [36;1m[0m
job-data	Copy data files to web structure	2025-05-28T08:13:14.2120582Z [36;1m# Remove the last comma and close the JSON[0m
job-data	Copy data files to web structure	2025-05-28T08:13:14.2122226Z [36;1msed -i '$ s/,$//' "core/outputs/webs/$SAFE_TITLE/data-files-summary.json"[0m
job-data	Copy data files to web structure	2025-05-28T08:13:14.2124156Z [36;1mecho "  ]" >> "core/outputs/webs/$SAFE_TITLE/data-files-summary.json"[0m
job-data	Copy data files to web structure	2025-05-28T08:13:14.2126122Z [36;1mecho "}" >> "core/outputs/webs/$SAFE_TITLE/data-files-summary.json"[0m
job-data	Copy data files to web structure	2025-05-28T08:13:14.2127594Z [36;1m[0m
job-data	Copy data files to web structure	2025-05-28T08:13:14.2129098Z [36;1mecho "Data files summary generated at core/outputs/webs/$TITLE/data-files-summary.json"[0m
job-data	Copy data files to web structure	2025-05-28T08:13:14.2141699Z shell: /usr/bin/bash -e {0}
job-data	Copy data files to web structure	2025-05-28T08:13:14.2142732Z env:
job-data	Copy data files to web structure	2025-05-28T08:13:14.2143492Z   KAOS_CODE: 15295014366
job-data	Copy data files to web structure	2025-05-28T08:13:14.2144464Z   KAOS_EVENT_NAME: workflow_dispatch
job-data	Copy data files to web structure	2025-05-28T08:13:14.2145607Z   KAOS_ACTION: 
job-data	Copy data files to web structure	2025-05-28T08:13:14.2146452Z   KAOS_REF: refs/heads/main
job-data	Copy data files to web structure	2025-05-28T08:13:14.2147482Z   KAOS_MODULE: [Ka0S] Deploy Web Structure
job-data	Copy data files to web structure	2025-05-28T08:13:14.2148659Z   KAOS_JSON_RESUME: core/outputs/webs/
job-data	Copy data files to web structure	2025-05-28T08:13:14.2149816Z   KAOS_WEB_STRUCTURE: core/results/webs/
job-data	Copy data files to web structure	2025-05-28T08:13:14.2150945Z   KAOS_ACTOR: jh0ny2k2
job-data	Copy data files to web structure	2025-05-28T08:13:14.2151975Z   KAOS_FINOPS_STRUCTURE: core/results/webs/finops/
job-data	Copy data files to web structure	2025-05-28T08:13:14.2153436Z   KAOS_FINOPS_JSON_WEB: core/config/finops/config/webs.json
job-data	Copy data files to web structure	2025-05-28T08:13:14.2155287Z   KAOS_FINOPS_JSON_DATA: core/config/finops/data
job-data	Copy data files to web structure	2025-05-28T08:13:14.2156544Z   KAOS_FINOPS_TEMPLATE: core/config/finops/template/
job-data	Copy data files to web structure	2025-05-28T08:13:14.2157716Z   KAOS_FINOPS: core/config/finops/
job-data	Copy data files to web structure	2025-05-28T08:13:14.2158958Z   KAOS_FINOPS_RESULTS_SECTION: core/results/webs/finops/section
job-data	Copy data files to web structure	2025-05-28T08:13:14.2160231Z ##[endgroup]
job-data	Copy data files to web structure	2025-05-28T08:13:14.2221135Z Reading structure file...
job-data	Copy data files to web structure	2025-05-28T08:13:14.2222780Z Structure file: core/config/finops/config/webs.json
job-data	Copy data files to web structure	2025-05-28T08:13:14.2251019Z Main folder is named: masOrange
job-data	Copy data files to web structure	2025-05-28T08:13:14.2295931Z Copied webs.json to data directory
job-data	Copy data files to web structure	2025-05-28T08:13:14.2297216Z Copying section datatemplate files...
job-data	Copy data files to web structure	2025-05-28T08:13:14.2332206Z Copying section datatemplate file: section/section1.json to data directory
job-data	Copy data files to web structure	2025-05-28T08:13:14.2354623Z Copying section datatemplate file: section/section2.json to data directory
job-data	Copy data files to web structure	2025-05-28T08:13:14.2375437Z Copying section datatemplate file: section/section3.json to data directory
job-data	Copy data files to web structure	2025-05-28T08:13:14.2395546Z Copying section datatemplate file: section/section4.json to data directory
job-data	Copy data files to web structure	2025-05-28T08:13:14.2416790Z Copying section datatemplate file: section/section5.json to data directory
job-data	Copy data files to web structure	2025-05-28T08:13:14.2438639Z Copying section datatemplate file: section/section6.json to data directory
job-data	Copy data files to web structure	2025-05-28T08:13:14.2460836Z Copying section datatemplate file: section/section7.json to data directory
job-data	Copy data files to web structure	2025-05-28T08:13:14.2482918Z Copying section datatemplate file: section/section8.json to data directory
job-data	Copy data files to web structure	2025-05-28T08:13:14.2504620Z Copying section datatemplate file: section/section9.json to data directory
job-data	Copy data files to web structure	2025-05-28T08:13:14.2525299Z Copying section datatemplate file: section/section10.json to data directory
job-data	Copy data files to web structure	2025-05-28T08:13:14.2545633Z Copying section datatemplate file: section/section11.json to data directory
job-data	Copy data files to web structure	2025-05-28T08:13:14.2566035Z Copying section datatemplate file: section/section12.json to data directory
job-data	Copy data files to web structure	2025-05-28T08:13:14.2586147Z Copying section datatemplate file: section/section12.json to data directory
job-data	Copy data files to web structure	2025-05-28T08:13:14.2600271Z Copying FinOps data files...
job-data	Copy data files to web structure	2025-05-28T08:13:14.2690111Z Data files summary generated at core/outputs/webs/masOrange/data-files-summary.json
job-data	Copiar archivos JSON de config/webs a data	Ôªø2025-05-28T08:13:14.2817008Z ##[group]Run # Extraer t√≠tulo para el nombre de la carpeta principal desde el archivo de estructura
job-data	Copiar archivos JSON de config/webs a data	2025-05-28T08:13:14.2819440Z [36;1m# Extraer t√≠tulo para el nombre de la carpeta principal desde el archivo de estructura[0m
job-data	Copiar archivos JSON de config/webs a data	2025-05-28T08:13:14.2821088Z [36;1mSTRUCTURE_FILE=""[0m
job-data	Copiar archivos JSON de config/webs a data	2025-05-28T08:13:14.2822130Z [36;1mTITLE=$(jq -r '.title' $STRUCTURE_FILE)[0m
job-data	Copiar archivos JSON de config/webs a data	2025-05-28T08:13:14.2823291Z [36;1mif [ -z "$TITLE" ]; then[0m
job-data	Copiar archivos JSON de config/webs a data	2025-05-28T08:13:14.2824289Z [36;1m  TITLE="dashboard"[0m
job-data	Copiar archivos JSON de config/webs a data	2025-05-28T08:13:14.2825888Z [36;1m  echo "T√≠tulo no encontrado en el archivo JSON, usando el valor predeterminado: $TITLE"[0m
job-data	Copiar archivos JSON de config/webs a data	2025-05-28T08:13:14.2827506Z [36;1melse[0m
job-data	Copiar archivos JSON de config/webs a data	2025-05-28T08:13:14.2828453Z [36;1m  echo "La carpeta principal se llama: $TITLE"[0m
job-data	Copiar archivos JSON de config/webs a data	2025-05-28T08:13:14.2829608Z [36;1mfi[0m
job-data	Copiar archivos JSON de config/webs a data	2025-05-28T08:13:14.2830374Z [36;1m[0m
job-data	Copiar archivos JSON de config/webs a data	2025-05-28T08:13:14.2831586Z [36;1m# NUEVO: Copiar tambi√©n los archivos JSON de finops al directorio de finops[0m
job-data	Copiar archivos JSON de config/webs a data	2025-05-28T08:13:14.2833533Z [36;1mecho "Copiando archivos JSON de core/config/finops a finops/data..."[0m
job-data	Copiar archivos JSON de config/webs a data	2025-05-28T08:13:14.2835232Z [36;1mmkdir -p "core/results/webs/finops/data"[0m
job-data	Copiar archivos JSON de config/webs a data	2025-05-28T08:13:14.2836351Z [36;1m[0m
job-data	Copiar archivos JSON de config/webs a data	2025-05-28T08:13:14.2837406Z [36;1m# Copiar todos los archivos JSON de core/config/finops/data[0m
job-data	Copiar archivos JSON de config/webs a data	2025-05-28T08:13:14.2838865Z [36;1mif [ -d "core/config/finops/data" ]; then[0m
job-data	Copiar archivos JSON de config/webs a data	2025-05-28T08:13:14.2840572Z [36;1m  find core/config/finops/data -name "*.json" -type f | while read -r json_file; do[0m
job-data	Copiar archivos JSON de config/webs a data	2025-05-28T08:13:14.2842302Z [36;1m    JSON_FILENAME=$(basename "$json_file")[0m
job-data	Copiar archivos JSON de config/webs a data	2025-05-28T08:13:14.2843923Z [36;1m    echo "Copiando archivo JSON de finops: $json_file a finops/data directory"[0m
job-data	Copiar archivos JSON de config/webs a data	2025-05-28T08:13:14.2845806Z [36;1m    cp "$json_file" "core/results/webs/finops/data/$JSON_FILENAME"[0m
job-data	Copiar archivos JSON de config/webs a data	2025-05-28T08:13:14.2847142Z [36;1m  done[0m
job-data	Copiar archivos JSON de config/webs a data	2025-05-28T08:13:14.2847917Z [36;1mfi[0m
job-data	Copiar archivos JSON de config/webs a data	2025-05-28T08:13:14.2848655Z [36;1m[0m
job-data	Copiar archivos JSON de config/webs a data	2025-05-28T08:13:14.2849716Z [36;1m# Copiar tambi√©n el webs.json principal de finops si existe[0m
job-data	Copiar archivos JSON de config/webs a data	2025-05-28T08:13:14.2851316Z [36;1mif [ -f "core/config/finops/config/webs.json" ]; then[0m
job-data	Copiar archivos JSON de config/webs a data	2025-05-28T08:13:14.2852680Z [36;1m  echo "Copiando webs.json de finops..."[0m
job-data	Copiar archivos JSON de config/webs a data	2025-05-28T08:13:14.2854411Z [36;1m  cp "core/config/finops/config/webs.json" "core/results/webs/finops/data/webs.json"[0m
job-data	Copiar archivos JSON de config/webs a data	2025-05-28T08:13:14.2856297Z [36;1mfi[0m
job-data	Copiar archivos JSON de config/webs a data	2025-05-28T08:13:14.2857038Z [36;1m[0m
job-data	Copiar archivos JSON de config/webs a data	2025-05-28T08:13:14.2858147Z [36;1mecho "Todos los archivos JSON de finops copiados exitosamente!"[0m
job-data	Copiar archivos JSON de config/webs a data	2025-05-28T08:13:14.2866169Z shell: /usr/bin/bash -e {0}
job-data	Copiar archivos JSON de config/webs a data	2025-05-28T08:13:14.2867094Z env:
job-data	Copiar archivos JSON de config/webs a data	2025-05-28T08:13:14.2867821Z   KAOS_CODE: 15295014366
job-data	Copiar archivos JSON de config/webs a data	2025-05-28T08:13:14.2868738Z   KAOS_EVENT_NAME: workflow_dispatch
job-data	Copiar archivos JSON de config/webs a data	2025-05-28T08:13:14.2869734Z   KAOS_ACTION: 
job-data	Copiar archivos JSON de config/webs a data	2025-05-28T08:13:14.2870545Z   KAOS_REF: refs/heads/main
job-data	Copiar archivos JSON de config/webs a data	2025-05-28T08:13:14.2871527Z   KAOS_MODULE: [Ka0S] Deploy Web Structure
job-data	Copiar archivos JSON de config/webs a data	2025-05-28T08:13:14.2872825Z   KAOS_JSON_RESUME: core/outputs/webs/
job-data	Copiar archivos JSON de config/webs a data	2025-05-28T08:13:14.2873910Z   KAOS_WEB_STRUCTURE: core/results/webs/
job-data	Copiar archivos JSON de config/webs a data	2025-05-28T08:13:14.2875012Z   KAOS_ACTOR: jh0ny2k2
job-data	Copiar archivos JSON de config/webs a data	2025-05-28T08:13:14.2876009Z   KAOS_FINOPS_STRUCTURE: core/results/webs/finops/
job-data	Copiar archivos JSON de config/webs a data	2025-05-28T08:13:14.2877375Z   KAOS_FINOPS_JSON_WEB: core/config/finops/config/webs.json
job-data	Copiar archivos JSON de config/webs a data	2025-05-28T08:13:14.2878720Z   KAOS_FINOPS_JSON_DATA: core/config/finops/data
job-data	Copiar archivos JSON de config/webs a data	2025-05-28T08:13:14.2879993Z   KAOS_FINOPS_TEMPLATE: core/config/finops/template/
job-data	Copiar archivos JSON de config/webs a data	2025-05-28T08:13:14.2881193Z   KAOS_FINOPS: core/config/finops/
job-data	Copiar archivos JSON de config/webs a data	2025-05-28T08:13:14.2882441Z   KAOS_FINOPS_RESULTS_SECTION: core/results/webs/finops/section
job-data	Copiar archivos JSON de config/webs a data	2025-05-28T08:13:14.2883707Z ##[endgroup]
job-data	Copiar archivos JSON de config/webs a data	2025-05-28T08:13:14.2948120Z T√≠tulo no encontrado en el archivo JSON, usando el valor predeterminado: dashboard
job-data	Copiar archivos JSON de config/webs a data	2025-05-28T08:13:14.2950419Z Copiando archivos JSON de core/config/finops a finops/data...
job-data	Copiar archivos JSON de config/webs a data	2025-05-28T08:13:14.2960183Z Copiando webs.json de finops...
job-data	Copiar archivos JSON de config/webs a data	2025-05-28T08:13:14.2974720Z Todos los archivos JSON de finops copiados exitosamente!
job-data	Crear archivos HTML para cada secci√≥n	Ôªø2025-05-28T08:13:14.3036532Z ##[group]Run # Leer el archivo de configuraci√≥n de webs
job-data	Crear archivos HTML para cada secci√≥n	2025-05-28T08:13:14.3037986Z [36;1m# Leer el archivo de configuraci√≥n de webs[0m
job-data	Crear archivos HTML para cada secci√≥n	2025-05-28T08:13:14.3039410Z [36;1mSTRUCTURE_FILE="core/config/finops/config/webs.json"[0m
job-data	Crear archivos HTML para cada secci√≥n	2025-05-28T08:13:14.3040674Z [36;1m[0m
job-data	Crear archivos HTML para cada secci√≥n	2025-05-28T08:13:14.3041518Z [36;1m# Crear directorio para las secciones[0m
job-data	Crear archivos HTML para cada secci√≥n	2025-05-28T08:13:14.3042792Z [36;1mmkdir -p "core/results/webs/finops/section"[0m
job-data	Crear archivos HTML para cada secci√≥n	2025-05-28T08:13:14.3043935Z [36;1m[0m
job-data	Crear archivos HTML para cada secci√≥n	2025-05-28T08:13:14.3044877Z [36;1m# Copiar la plantilla base de finops[0m
job-data	Crear archivos HTML para cada secci√≥n	2025-05-28T08:13:14.3046766Z [36;1mcp "core/config/finops/template/finops.html" "{{ env.KAOS_FINOPS_RESULTS_SECTION }}template.html"[0m
job-data	Crear archivos HTML para cada secci√≥n	2025-05-28T08:13:14.3048563Z [36;1m[0m
job-data	Crear archivos HTML para cada secci√≥n	2025-05-28T08:13:14.3049480Z [36;1m# Procesar cada secci√≥n del archivo webs.json[0m
job-data	Crear archivos HTML para cada secci√≥n	2025-05-28T08:13:14.3051555Z [36;1mjq -r '.sections[] | [.title, .datatemplate] | @tsv' "$STRUCTURE_FILE" | while IFS=$'\t' read -r section_title section_data; do[0m
job-data	Crear archivos HTML para cada secci√≥n	2025-05-28T08:13:14.3063057Z [36;1m  echo "Generando HTML para secci√≥n: $section_title"[0m
job-data	Crear archivos HTML para cada secci√≥n	2025-05-28T08:13:14.3064319Z [36;1m  [0m
job-data	Crear archivos HTML para cada secci√≥n	2025-05-28T08:13:14.3065524Z [36;1m  # Leer la configuraci√≥n de la secci√≥n[0m
job-data	Crear archivos HTML para cada secci√≥n	2025-05-28T08:13:14.3066927Z [36;1m  SECTION_CONFIG="{{ env.KAOS_FINOPS }}config/section/$section_data"[0m
job-data	Crear archivos HTML para cada secci√≥n	2025-05-28T08:13:14.3068231Z [36;1m  [0m
job-data	Crear archivos HTML para cada secci√≥n	2025-05-28T08:13:14.3069022Z [36;1m  if [ -f "$SECTION_CONFIG" ]; then[0m
job-data	Crear archivos HTML para cada secci√≥n	2025-05-28T08:13:14.3070163Z [36;1m    # Crear el archivo HTML para esta secci√≥n[0m
job-data	Crear archivos HTML para cada secci√≥n	2025-05-28T08:13:14.3071579Z [36;1m    SECTION_HTML="{{ env.KAOS_FINOPS }}section/${section_title}.html"[0m
job-data	Crear archivos HTML para cada secci√≥n	2025-05-28T08:13:14.3073155Z [36;1m    cp "{{ env.KAOS_FINOPS_TEMPLATE }}finops.html" "$SECTION_HTML"[0m
job-data	Crear archivos HTML para cada secci√≥n	2025-05-28T08:13:14.3074401Z [36;1m    [0m
job-data	Crear archivos HTML para cada secci√≥n	2025-05-28T08:13:14.3075621Z [36;1m    # Obtener descripci√≥n y t√≠tulo de la secci√≥n[0m
job-data	Crear archivos HTML para cada secci√≥n	2025-05-28T08:13:14.3077059Z [36;1m    SECTION_DESCRIPTION=$(jq -r '.description' "$SECTION_CONFIG")[0m
job-data	Crear archivos HTML para cada secci√≥n	2025-05-28T08:13:14.3078362Z [36;1m    [0m
job-data	Crear archivos HTML para cada secci√≥n	2025-05-28T08:13:14.3079227Z [36;1m    # Reemplazar placeholders en el template[0m
job-data	Crear archivos HTML para cada secci√≥n	2025-05-28T08:13:14.3080700Z [36;1m    sed -i "s/SECTION_TITLE_PLACEHOLDER/$section_title/g" "$SECTION_HTML"[0m
job-data	Crear archivos HTML para cada secci√≥n	2025-05-28T08:13:14.3082598Z [36;1m    sed -i "s/SECTION_DESCRIPTION_PLACEHOLDER/$SECTION_DESCRIPTION/g" "$SECTION_HTML"[0m
job-data	Crear archivos HTML para cada secci√≥n	2025-05-28T08:13:14.3084094Z [36;1m    [0m
job-data	Crear archivos HTML para cada secci√≥n	2025-05-28T08:13:14.3085421Z [36;1m    echo "HTML generado para $section_title en $SECTION_HTML"[0m
job-data	Crear archivos HTML para cada secci√≥n	2025-05-28T08:13:14.3086656Z [36;1m  else[0m
job-data	Crear archivos HTML para cada secci√≥n	2025-05-28T08:13:14.3087769Z [36;1m    echo "Archivo de configuraci√≥n no encontrado para $section_title"[0m
job-data	Crear archivos HTML para cada secci√≥n	2025-05-28T08:13:14.3089076Z [36;1m  fi[0m
job-data	Crear archivos HTML para cada secci√≥n	2025-05-28T08:13:14.3089787Z [36;1mdone[0m
job-data	Crear archivos HTML para cada secci√≥n	2025-05-28T08:13:14.3097085Z shell: /usr/bin/bash -e {0}
job-data	Crear archivos HTML para cada secci√≥n	2025-05-28T08:13:14.3097947Z env:
job-data	Crear archivos HTML para cada secci√≥n	2025-05-28T08:13:14.3098631Z   KAOS_CODE: 15295014366
job-data	Crear archivos HTML para cada secci√≥n	2025-05-28T08:13:14.3099488Z   KAOS_EVENT_NAME: workflow_dispatch
job-data	Crear archivos HTML para cada secci√≥n	2025-05-28T08:13:14.3100641Z   KAOS_ACTION: 
job-data	Crear archivos HTML para cada secci√≥n	2025-05-28T08:13:14.3101399Z   KAOS_REF: refs/heads/main
job-data	Crear archivos HTML para cada secci√≥n	2025-05-28T08:13:14.3102326Z   KAOS_MODULE: [Ka0S] Deploy Web Structure
job-data	Crear archivos HTML para cada secci√≥n	2025-05-28T08:13:14.3103365Z   KAOS_JSON_RESUME: core/outputs/webs/
job-data	Crear archivos HTML para cada secci√≥n	2025-05-28T08:13:14.3104368Z   KAOS_WEB_STRUCTURE: core/results/webs/
job-data	Crear archivos HTML para cada secci√≥n	2025-05-28T08:13:14.3105759Z   KAOS_ACTOR: jh0ny2k2
job-data	Crear archivos HTML para cada secci√≥n	2025-05-28T08:13:14.3106674Z   KAOS_FINOPS_STRUCTURE: core/results/webs/finops/
job-data	Crear archivos HTML para cada secci√≥n	2025-05-28T08:13:14.3107947Z   KAOS_FINOPS_JSON_WEB: core/config/finops/config/webs.json
job-data	Crear archivos HTML para cada secci√≥n	2025-05-28T08:13:14.3109201Z   KAOS_FINOPS_JSON_DATA: core/config/finops/data
job-data	Crear archivos HTML para cada secci√≥n	2025-05-28T08:13:14.3110390Z   KAOS_FINOPS_TEMPLATE: core/config/finops/template/
job-data	Crear archivos HTML para cada secci√≥n	2025-05-28T08:13:14.3111511Z   KAOS_FINOPS: core/config/finops/
job-data	Crear archivos HTML para cada secci√≥n	2025-05-28T08:13:14.3112676Z   KAOS_FINOPS_RESULTS_SECTION: core/results/webs/finops/section
job-data	Crear archivos HTML para cada secci√≥n	2025-05-28T08:13:14.3113869Z ##[endgroup]
job-data	Crear archivos HTML para cada secci√≥n	2025-05-28T08:13:14.3202827Z Generando HTML para secci√≥n: inicio
job-data	Crear archivos HTML para cada secci√≥n	2025-05-28T08:13:14.3204529Z Archivo de configuraci√≥n no encontrado para inicio
job-data	Crear archivos HTML para cada secci√≥n	2025-05-28T08:13:14.3206020Z Generando HTML para secci√≥n: Anomaloud Spending
job-data	Crear archivos HTML para cada secci√≥n	2025-05-28T08:13:14.3207511Z Archivo de configuraci√≥n no encontrado para Anomaloud Spending
job-data	Crear archivos HTML para cada secci√≥n	2025-05-28T08:13:14.3209978Z Generando HTML para secci√≥n: Commited Utilization
job-data	Crear archivos HTML para cada secci√≥n	2025-05-28T08:13:14.3211864Z Archivo de configuraci√≥n no encontrado para Commited Utilization
job-data	Crear archivos HTML para cada secci√≥n	2025-05-28T08:13:14.3213601Z Generando HTML para secci√≥n: Cost by Project
job-data	Crear archivos HTML para cada secci√≥n	2025-05-28T08:13:14.3215328Z Archivo de configuraci√≥n no encontrado para Cost by Project
job-data	Crear archivos HTML para cada secci√≥n	2025-05-28T08:13:14.3216960Z Generando HTML para secci√≥n: Cost by Region
job-data	Crear archivos HTML para cada secci√≥n	2025-05-28T08:13:14.3218256Z Archivo de configuraci√≥n no encontrado para Cost by Region
job-data	Crear archivos HTML para cada secci√≥n	2025-05-28T08:13:14.3219573Z Generando HTML para secci√≥n: Cost Efficiency
job-data	Crear archivos HTML para cada secci√≥n	2025-05-28T08:13:14.3220882Z Archivo de configuraci√≥n no encontrado para Cost Efficiency
job-data	Crear archivos HTML para cada secci√≥n	2025-05-28T08:13:14.3222223Z Generando HTML para secci√≥n: Credit Breakdown
job-data	Crear archivos HTML para cada secci√≥n	2025-05-28T08:13:14.3223569Z Archivo de configuraci√≥n no encontrado para Credit Breakdown
job-data	Crear archivos HTML para cada secci√≥n	2025-05-28T08:13:14.3225138Z Generando HTML para secci√≥n: Day/Month Cost
job-data	Crear archivos HTML para cada secci√≥n	2025-05-28T08:13:14.3226705Z Archivo de configuraci√≥n no encontrado para Day/Month Cost
job-data	Crear archivos HTML para cada secci√≥n	2025-05-28T08:13:14.3228030Z Generando HTML para secci√≥n: Monthly Cost
job-data	Crear archivos HTML para cada secci√≥n	2025-05-28T08:13:14.3229294Z Archivo de configuraci√≥n no encontrado para Monthly Cost
job-data	Crear archivos HTML para cada secci√≥n	2025-05-28T08:13:14.3230571Z Generando HTML para secci√≥n: Project Cost
job-data	Crear archivos HTML para cada secci√≥n	2025-05-28T08:13:14.3231844Z Archivo de configuraci√≥n no encontrado para Project Cost
job-data	Crear archivos HTML para cada secci√≥n	2025-05-28T08:13:14.3233156Z Generando HTML para secci√≥n: Top 10 Services
job-data	Crear archivos HTML para cada secci√≥n	2025-05-28T08:13:14.3234459Z Archivo de configuraci√≥n no encontrado para Top 10 Services
job-data	Crear archivos HTML para cada secci√≥n	2025-05-28T08:13:14.3236330Z Generando HTML para secci√≥n: Anomaly Detection
job-data	Crear archivos HTML para cada secci√≥n	2025-05-28T08:13:14.3237708Z Archivo de configuraci√≥n no encontrado para Anomaly Detection
job-data	Crear archivos HTML para cada secci√≥n	2025-05-28T08:13:14.3239071Z Generando HTML para secci√≥n: Forecasted Spend
job-data	Crear archivos HTML para cada secci√≥n	2025-05-28T08:13:14.3240431Z Archivo de configuraci√≥n no encontrado para Forecasted Spend
job-data	Upload Files	Ôªø2025-05-28T08:13:14.3297182Z ##[group]Run echo "Uploading data files to the repository..."
job-data	Upload Files	2025-05-28T08:13:14.3298673Z [36;1mecho "Uploading data files to the repository..."[0m
job-data	Upload Files	2025-05-28T08:13:14.3300234Z [36;1mgit config --global user.name "***"[0m
job-data	Upload Files	2025-05-28T08:13:14.3301432Z [36;1mgit config --global user.email "***"[0m
job-data	Upload Files	2025-05-28T08:13:14.3302440Z [36;1mgit pull[0m
job-data	Upload Files	2025-05-28T08:13:14.3303373Z [36;1m# Add the data files and summary (incluyendo finops)[0m
job-data	Upload Files	2025-05-28T08:13:14.3304588Z [36;1mgit add core/results/webs/**/data/*[0m
job-data	Upload Files	2025-05-28T08:13:14.3305996Z [36;1mgit add core/outputs/webs/*[0m
job-data	Upload Files	2025-05-28T08:13:14.3307020Z [36;1m# Verify if there are changes to commit[0m
job-data	Upload Files	2025-05-28T08:13:14.3308116Z [36;1mif git diff --staged --quiet; then[0m
job-data	Upload Files	2025-05-28T08:13:14.3309195Z [36;1m  echo "No hay cambios para hacer commit"[0m
job-data	Upload Files	2025-05-28T08:13:14.3310202Z [36;1melse[0m
job-data	Upload Files	2025-05-28T08:13:14.3311220Z [36;1m  git commit -m "[Ka0S] Uploading data files to web structure..."[0m
job-data	Upload Files	2025-05-28T08:13:14.3312519Z [36;1m  git push origin refs/heads/main[0m
job-data	Upload Files	2025-05-28T08:13:14.3313700Z [36;1mfi[0m
job-data	Upload Files	2025-05-28T08:13:14.3328586Z shell: /usr/bin/bash -e {0}
job-data	Upload Files	2025-05-28T08:13:14.3329437Z env:
job-data	Upload Files	2025-05-28T08:13:14.3330119Z   KAOS_CODE: 15295014366
job-data	Upload Files	2025-05-28T08:13:14.3330967Z   KAOS_EVENT_NAME: workflow_dispatch
job-data	Upload Files	2025-05-28T08:13:14.3331885Z   KAOS_ACTION: 
job-data	Upload Files	2025-05-28T08:13:14.3332616Z   KAOS_REF: refs/heads/main
job-data	Upload Files	2025-05-28T08:13:14.3333509Z   KAOS_MODULE: [Ka0S] Deploy Web Structure
job-data	Upload Files	2025-05-28T08:13:14.3334516Z   KAOS_JSON_RESUME: core/outputs/webs/
job-data	Upload Files	2025-05-28T08:13:14.3336035Z   KAOS_WEB_STRUCTURE: core/results/webs/
job-data	Upload Files	2025-05-28T08:13:14.3336993Z   KAOS_ACTOR: jh0ny2k2
job-data	Upload Files	2025-05-28T08:13:14.3337886Z   KAOS_FINOPS_STRUCTURE: core/results/webs/finops/
job-data	Upload Files	2025-05-28T08:13:14.3339122Z   KAOS_FINOPS_JSON_WEB: core/config/finops/config/webs.json
job-data	Upload Files	2025-05-28T08:13:14.3340350Z   KAOS_FINOPS_JSON_DATA: core/config/finops/data
job-data	Upload Files	2025-05-28T08:13:14.3341492Z   KAOS_FINOPS_TEMPLATE: core/config/finops/template/
job-data	Upload Files	2025-05-28T08:13:14.3342586Z   KAOS_FINOPS: core/config/finops/
job-data	Upload Files	2025-05-28T08:13:14.3343752Z   KAOS_FINOPS_RESULTS_SECTION: core/results/webs/finops/section
job-data	Upload Files	2025-05-28T08:13:14.3345255Z ##[endgroup]
job-data	Upload Files	2025-05-28T08:13:14.3380098Z Uploading data files to the repository...
job-data	Upload Files	2025-05-28T08:13:14.9583068Z Already up to date.
job-data	Upload Files	2025-05-28T08:13:15.0004097Z [main 2d6b336d] [Ka0S] Uploading data files to web structure...
job-data	Upload Files	2025-05-28T08:13:15.0006330Z  1 file changed, 13 insertions(+), 13 deletions(-)
job-data	Upload Files	2025-05-28T08:13:15.9053392Z To https://github.com/Ka0s-Klaus/ka0s
job-data	Upload Files	2025-05-28T08:13:15.9134607Z    1f877442..2d6b336d  main -> main
job-data	Post Checkout repository	Ôªø2025-05-28T08:13:15.9225023Z Post job cleanup.
job-data	Post Checkout repository	2025-05-28T08:13:15.9979319Z [command]/usr/bin/git version
job-data	Post Checkout repository	2025-05-28T08:13:16.0017112Z git version 2.43.0
job-data	Post Checkout repository	2025-05-28T08:13:16.0059136Z Copying '/home/kaos/.gitconfig' to '/actions-runner/_work/_temp/87dac7e2-c238-4288-abb6-2a1a16d76aff/.gitconfig'
job-data	Post Checkout repository	2025-05-28T08:13:16.0069917Z Temporarily overriding HOME='/actions-runner/_work/_temp/87dac7e2-c238-4288-abb6-2a1a16d76aff' before making global git config changes
job-data	Post Checkout repository	2025-05-28T08:13:16.0071113Z Adding repository directory to the temporary git global config as a safe directory
job-data	Post Checkout repository	2025-05-28T08:13:16.0073274Z [command]/usr/bin/git config --global --add safe.directory /actions-runner/_work/ka0s/ka0s
job-data	Post Checkout repository	2025-05-28T08:13:16.0110062Z [command]/usr/bin/git config --local --name-only --get-regexp core\.sshCommand
job-data	Post Checkout repository	2025-05-28T08:13:16.0142185Z [command]/usr/bin/git submodule foreach --recursive sh -c "git config --local --name-only --get-regexp 'core\.sshCommand' && git config --local --unset-all 'core.sshCommand' || :"
job-data	Post Checkout repository	2025-05-28T08:13:16.0400406Z [command]/usr/bin/git config --local --name-only --get-regexp http\.https\:\/\/github\.com\/\.extraheader
job-data	Post Checkout repository	2025-05-28T08:13:16.0421721Z http.https://github.com/.extraheader
job-data	Post Checkout repository	2025-05-28T08:13:16.0431419Z [command]/usr/bin/git config --local --unset-all http.https://github.com/.extraheader
job-data	Post Checkout repository	2025-05-28T08:13:16.0459897Z [command]/usr/bin/git submodule foreach --recursive sh -c "git config --local --name-only --get-regexp 'http\.https\:\/\/github\.com\/\.extraheader' && git config --local --unset-all 'http.https://github.com/.extraheader' || :"
job-data	Complete job	Ôªø2025-05-28T08:13:16.0840185Z Cleaning up orphan processes
job-design	Set up job	Ôªø2025-05-28T08:13:22.4147853Z Current runner version: '2.324.0'
job-design	Set up job	2025-05-28T08:13:22.4154563Z Runner name: 'ka0s-ka0s-3'
job-design	Set up job	2025-05-28T08:13:22.4156108Z Machine name: '862bc7bbf796'
job-design	Set up job	2025-05-28T08:13:22.4159052Z ##[group]GITHUB_TOKEN Permissions
job-design	Set up job	2025-05-28T08:13:22.4161257Z Contents: read
job-design	Set up job	2025-05-28T08:13:22.4161843Z Metadata: read
job-design	Set up job	2025-05-28T08:13:22.4162387Z Packages: read
job-design	Set up job	2025-05-28T08:13:22.4162964Z ##[endgroup]
job-design	Set up job	2025-05-28T08:13:22.4165500Z Secret source: Actions
job-design	Set up job	2025-05-28T08:13:22.4166298Z Prepare workflow directory
job-design	Set up job	2025-05-28T08:13:22.4771722Z Prepare all required actions
job-design	Set up job	2025-05-28T08:13:22.4811708Z Getting action download info
job-design	Set up job	2025-05-28T08:13:23.0150385Z Download action repository 'actions/checkout@v3' (SHA:f43a0e5ff2bd294095638e18286ca9a3d1956744)
job-design	Set up job	2025-05-28T08:13:23.8513474Z Complete job name: job-design
job-design	Checkout repository	Ôªø2025-05-28T08:13:23.8950392Z ##[group]Run actions/checkout@v3
job-design	Checkout repository	2025-05-28T08:13:23.8951326Z with:
job-design	Checkout repository	2025-05-28T08:13:23.8951697Z   fetch-depth: 0
job-design	Checkout repository	2025-05-28T08:13:23.8952292Z   token: ***
job-design	Checkout repository	2025-05-28T08:13:23.8952669Z   repository: Ka0s-Klaus/ka0s
job-design	Checkout repository	2025-05-28T08:13:23.8953148Z   ssh-strict: true
job-design	Checkout repository	2025-05-28T08:13:23.8953589Z   persist-credentials: true
job-design	Checkout repository	2025-05-28T08:13:23.8954043Z   clean: true
job-design	Checkout repository	2025-05-28T08:13:23.8954417Z   sparse-checkout-cone-mode: true
job-design	Checkout repository	2025-05-28T08:13:23.8954935Z   fetch-tags: false
job-design	Checkout repository	2025-05-28T08:13:23.8955303Z   lfs: false
job-design	Checkout repository	2025-05-28T08:13:23.8955649Z   submodules: false
job-design	Checkout repository	2025-05-28T08:13:23.8956028Z   set-safe-directory: true
job-design	Checkout repository	2025-05-28T08:13:23.8956675Z env:
job-design	Checkout repository	2025-05-28T08:13:23.8957033Z   KAOS_CODE: 15295014366
job-design	Checkout repository	2025-05-28T08:13:23.8957449Z   KAOS_EVENT_NAME: workflow_dispatch
job-design	Checkout repository	2025-05-28T08:13:23.8957904Z   KAOS_ACTION: 
job-design	Checkout repository	2025-05-28T08:13:23.8958276Z   KAOS_REF: refs/heads/main
job-design	Checkout repository	2025-05-28T08:13:23.8958717Z   KAOS_MODULE: [Ka0S] Deploy Web Structure
job-design	Checkout repository	2025-05-28T08:13:23.8959222Z   KAOS_JSON_RESUME: core/outputs/webs/
job-design	Checkout repository	2025-05-28T08:13:23.8959746Z   KAOS_WEB_STRUCTURE: core/results/webs/
job-design	Checkout repository	2025-05-28T08:13:23.8960225Z   KAOS_ACTOR: jh0ny2k2
job-design	Checkout repository	2025-05-28T08:13:23.8960669Z   KAOS_FINOPS_STRUCTURE: core/results/webs/finops/
job-design	Checkout repository	2025-05-28T08:13:23.8961304Z   KAOS_FINOPS_JSON_WEB: core/config/finops/config/webs.json
job-design	Checkout repository	2025-05-28T08:13:23.8961923Z   KAOS_FINOPS_JSON_DATA: core/config/finops/data
job-design	Checkout repository	2025-05-28T08:13:23.8962496Z   KAOS_FINOPS_TEMPLATE: core/config/finops/template/
job-design	Checkout repository	2025-05-28T08:13:23.8963234Z   KAOS_FINOPS: core/config/finops/
job-design	Checkout repository	2025-05-28T08:13:23.8964376Z   KAOS_FINOPS_RESULTS_SECTION: core/results/webs/finops/section
job-design	Checkout repository	2025-05-28T08:13:23.8965027Z ##[endgroup]
job-design	Checkout repository	2025-05-28T08:13:23.9876338Z Syncing repository: Ka0s-Klaus/ka0s
job-design	Checkout repository	2025-05-28T08:13:23.9878121Z ##[group]Getting Git version info
job-design	Checkout repository	2025-05-28T08:13:23.9878766Z Working directory is '/actions-runner/_work/ka0s/ka0s'
job-design	Checkout repository	2025-05-28T08:13:23.9879646Z [command]/usr/bin/git version
job-design	Checkout repository	2025-05-28T08:13:23.9880096Z git version 2.43.0
job-design	Checkout repository	2025-05-28T08:13:23.9900928Z ##[endgroup]
job-design	Checkout repository	2025-05-28T08:13:23.9913379Z Copying '/home/kaos/.gitconfig' to '/actions-runner/_work/_temp/2ccbc448-86b8-4c4f-87ff-3ad33ed9d022/.gitconfig'
job-design	Checkout repository	2025-05-28T08:13:23.9925254Z Temporarily overriding HOME='/actions-runner/_work/_temp/2ccbc448-86b8-4c4f-87ff-3ad33ed9d022' before making global git config changes
job-design	Checkout repository	2025-05-28T08:13:23.9927868Z Adding repository directory to the temporary git global config as a safe directory
job-design	Checkout repository	2025-05-28T08:13:23.9929656Z [command]/usr/bin/git config --global --add safe.directory /actions-runner/_work/ka0s/ka0s
job-design	Checkout repository	2025-05-28T08:13:23.9969279Z [command]/usr/bin/git config --local --get remote.origin.url
job-design	Checkout repository	2025-05-28T08:13:23.9990032Z https://github.com/Ka0s-Klaus/ka0s
job-design	Checkout repository	2025-05-28T08:13:24.0007628Z ##[group]Removing previously created refs, to avoid conflicts
job-design	Checkout repository	2025-05-28T08:13:24.0010127Z [command]/usr/bin/git rev-parse --symbolic-full-name --verify --quiet HEAD
job-design	Checkout repository	2025-05-28T08:13:24.0032855Z refs/heads/main
job-design	Checkout repository	2025-05-28T08:13:24.0042542Z [command]/usr/bin/git checkout --detach
job-design	Checkout repository	2025-05-28T08:13:24.0191069Z HEAD is now at d98d4cd8 Merge branch 'main' of https://github.com/Ka0s-Klaus/ka0s
job-design	Checkout repository	2025-05-28T08:13:24.0232390Z [command]/usr/bin/git branch --delete --force main
job-design	Checkout repository	2025-05-28T08:13:24.0263339Z Deleted branch main (was d98d4cd8).
job-design	Checkout repository	2025-05-28T08:13:24.0330807Z ##[endgroup]
job-design	Checkout repository	2025-05-28T08:13:24.0331388Z [command]/usr/bin/git submodule status
job-design	Checkout repository	2025-05-28T08:13:24.0585432Z ##[group]Cleaning the repository
job-design	Checkout repository	2025-05-28T08:13:24.0587017Z [command]/usr/bin/git clean -ffdx
job-design	Checkout repository	2025-05-28T08:13:24.0662913Z [command]/usr/bin/git reset --hard HEAD
job-design	Checkout repository	2025-05-28T08:13:24.0961330Z HEAD is now at d98d4cd8 Merge branch 'main' of https://github.com/Ka0s-Klaus/ka0s
job-design	Checkout repository	2025-05-28T08:13:24.0966569Z ##[endgroup]
job-design	Checkout repository	2025-05-28T08:13:24.0968594Z ##[group]Disabling automatic garbage collection
job-design	Checkout repository	2025-05-28T08:13:24.0972205Z [command]/usr/bin/git config --local gc.auto 0
job-design	Checkout repository	2025-05-28T08:13:24.1004386Z ##[endgroup]
job-design	Checkout repository	2025-05-28T08:13:24.1005487Z ##[group]Setting up auth
job-design	Checkout repository	2025-05-28T08:13:24.1010500Z [command]/usr/bin/git config --local --name-only --get-regexp core\.sshCommand
job-design	Checkout repository	2025-05-28T08:13:24.1042917Z [command]/usr/bin/git submodule foreach --recursive sh -c "git config --local --name-only --get-regexp 'core\.sshCommand' && git config --local --unset-all 'core.sshCommand' || :"
job-design	Checkout repository	2025-05-28T08:13:24.1298545Z [command]/usr/bin/git config --local --name-only --get-regexp http\.https\:\/\/github\.com\/\.extraheader
job-design	Checkout repository	2025-05-28T08:13:24.1327673Z [command]/usr/bin/git submodule foreach --recursive sh -c "git config --local --name-only --get-regexp 'http\.https\:\/\/github\.com\/\.extraheader' && git config --local --unset-all 'http.https://github.com/.extraheader' || :"
job-design	Checkout repository	2025-05-28T08:13:24.1587765Z [command]/usr/bin/git config --local http.https://github.com/.extraheader AUTHORIZATION: basic ***
job-design	Checkout repository	2025-05-28T08:13:24.1630263Z ##[endgroup]
job-design	Checkout repository	2025-05-28T08:13:24.1631274Z ##[group]Fetching the repository
job-design	Checkout repository	2025-05-28T08:13:24.1637612Z [command]/usr/bin/git -c protocol.version=2 fetch --prune --progress --no-recurse-submodules origin +refs/heads/*:refs/remotes/origin/* +refs/tags/*:refs/tags/*
job-design	Checkout repository	2025-05-28T08:13:25.0386074Z remote: Enumerating objects: 34, done.        
job-design	Checkout repository	2025-05-28T08:13:25.0388579Z remote: Counting objects:   2% (1/34)        
job-design	Checkout repository	2025-05-28T08:13:25.0389796Z remote: Counting objects:   5% (2/34)        
job-design	Checkout repository	2025-05-28T08:13:25.0391075Z remote: Counting objects:   8% (3/34)        
job-design	Checkout repository	2025-05-28T08:13:25.0392242Z remote: Counting objects:  11% (4/34)        
job-design	Checkout repository	2025-05-28T08:13:25.0393417Z remote: Counting objects:  14% (5/34)        
job-design	Checkout repository	2025-05-28T08:13:25.0394606Z remote: Counting objects:  17% (6/34)        
job-design	Checkout repository	2025-05-28T08:13:25.0396021Z remote: Counting objects:  20% (7/34)        
job-design	Checkout repository	2025-05-28T08:13:25.0397368Z remote: Counting objects:  23% (8/34)        
job-design	Checkout repository	2025-05-28T08:13:25.0398603Z remote: Counting objects:  26% (9/34)        
job-design	Checkout repository	2025-05-28T08:13:25.0399830Z remote: Counting objects:  29% (10/34)        
job-design	Checkout repository	2025-05-28T08:13:25.0401061Z remote: Counting objects:  32% (11/34)        
job-design	Checkout repository	2025-05-28T08:13:25.0402274Z remote: Counting objects:  35% (12/34)        
job-design	Checkout repository	2025-05-28T08:13:25.0403515Z remote: Counting objects:  38% (13/34)        
job-design	Checkout repository	2025-05-28T08:13:25.0404976Z remote: Counting objects:  41% (14/34)        
job-design	Checkout repository	2025-05-28T08:13:25.0406332Z remote: Counting objects:  44% (15/34)        
job-design	Checkout repository	2025-05-28T08:13:25.0407641Z remote: Counting objects:  47% (16/34)        
job-design	Checkout repository	2025-05-28T08:13:25.0408901Z remote: Counting objects:  50% (17/34)        
job-design	Checkout repository	2025-05-28T08:13:25.0428990Z remote: Counting objects:  52% (18/34)        
job-design	Checkout repository	2025-05-28T08:13:25.0430532Z remote: Counting objects:  55% (19/34)        
job-design	Checkout repository	2025-05-28T08:13:25.0431747Z remote: Counting objects:  58% (20/34)        
job-design	Checkout repository	2025-05-28T08:13:25.0432959Z remote: Counting objects:  61% (21/34)        
job-design	Checkout repository	2025-05-28T08:13:25.0434174Z remote: Counting objects:  64% (22/34)        
job-design	Checkout repository	2025-05-28T08:13:25.0435828Z remote: Counting objects:  67% (23/34)        
job-design	Checkout repository	2025-05-28T08:13:25.0437078Z remote: Counting objects:  70% (24/34)        
job-design	Checkout repository	2025-05-28T08:13:25.0438486Z remote: Counting objects:  73% (25/34)        
job-design	Checkout repository	2025-05-28T08:13:25.0439903Z remote: Counting objects:  76% (26/34)        
job-design	Checkout repository	2025-05-28T08:13:25.0441385Z remote: Counting objects:  79% (27/34)        
job-design	Checkout repository	2025-05-28T08:13:25.0442839Z remote: Counting objects:  82% (28/34)        
job-design	Checkout repository	2025-05-28T08:13:25.0444285Z remote: Counting objects:  85% (29/34)        
job-design	Checkout repository	2025-05-28T08:13:25.0446421Z remote: Counting objects:  88% (30/34)        
job-design	Checkout repository	2025-05-28T08:13:25.0447857Z remote: Counting objects:  91% (31/34)        
job-design	Checkout repository	2025-05-28T08:13:25.0449293Z remote: Counting objects:  94% (32/34)        
job-design	Checkout repository	2025-05-28T08:13:25.0450744Z remote: Counting objects:  97% (33/34)        
job-design	Checkout repository	2025-05-28T08:13:25.0452172Z remote: Counting objects: 100% (34/34)        
job-design	Checkout repository	2025-05-28T08:13:25.0453711Z remote: Counting objects: 100% (34/34), done.        
job-design	Checkout repository	2025-05-28T08:13:25.0455526Z remote: Compressing objects:  11% (1/9)        
job-design	Checkout repository	2025-05-28T08:13:25.0457179Z remote: Compressing objects:  22% (2/9)        
job-design	Checkout repository	2025-05-28T08:13:25.0458683Z remote: Compressing objects:  33% (3/9)        
job-design	Checkout repository	2025-05-28T08:13:25.0460172Z remote: Compressing objects:  44% (4/9)        
job-design	Checkout repository	2025-05-28T08:13:25.0461881Z remote: Compressing objects:  55% (5/9)        
job-design	Checkout repository	2025-05-28T08:13:25.0463414Z remote: Compressing objects:  66% (6/9)        
job-design	Checkout repository	2025-05-28T08:13:25.0465352Z remote: Compressing objects:  77% (7/9)        
job-design	Checkout repository	2025-05-28T08:13:25.0466985Z remote: Compressing objects:  88% (8/9)        
job-design	Checkout repository	2025-05-28T08:13:25.0468598Z remote: Compressing objects: 100% (9/9)        
job-design	Checkout repository	2025-05-28T08:13:25.0470290Z remote: Compressing objects: 100% (9/9), done.        
job-design	Checkout repository	2025-05-28T08:13:25.0472576Z remote: Total 22 (delta 15), reused 19 (delta 12), pack-reused 0 (from 0)        
job-design	Checkout repository	2025-05-28T08:13:25.0666181Z From https://github.com/Ka0s-Klaus/ka0s
job-design	Checkout repository	2025-05-28T08:13:25.0669413Z    d98d4cd8..2d6b336d  main       -> origin/main
job-design	Checkout repository	2025-05-28T08:13:25.0726023Z [command]/usr/bin/git branch --list --remote origin/main
job-design	Checkout repository	2025-05-28T08:13:25.0753657Z   origin/main
job-design	Checkout repository	2025-05-28T08:13:25.0763086Z [command]/usr/bin/git rev-parse refs/remotes/origin/main
job-design	Checkout repository	2025-05-28T08:13:25.0785469Z 2d6b336da6c0235484dc898c54e292d2dd875d9b
job-design	Checkout repository	2025-05-28T08:13:25.0797874Z [command]/usr/bin/git -c protocol.version=2 fetch --no-tags --prune --progress --no-recurse-submodules origin +1f877442baeaa300a2f692e90afc09ee123a53d5:refs/remotes/origin/main
job-design	Checkout repository	2025-05-28T08:13:25.0929111Z From https://github.com/Ka0s-Klaus/ka0s
job-design	Checkout repository	2025-05-28T08:13:25.0933614Z  + 2d6b336d...1f877442 1f877442baeaa300a2f692e90afc09ee123a53d5 -> origin/main  (forced update)
job-design	Checkout repository	2025-05-28T08:13:25.0954824Z ##[endgroup]
job-design	Checkout repository	2025-05-28T08:13:25.0956654Z ##[group]Determining the checkout info
job-design	Checkout repository	2025-05-28T08:13:25.0958794Z ##[endgroup]
job-design	Checkout repository	2025-05-28T08:13:25.0960344Z ##[group]Checking out the ref
job-design	Checkout repository	2025-05-28T08:13:25.0962161Z [command]/usr/bin/git checkout --progress --force -B main refs/remotes/origin/main
job-design	Checkout repository	2025-05-28T08:13:25.1243954Z Previous HEAD position was d98d4cd8 Merge branch 'main' of https://github.com/Ka0s-Klaus/ka0s
job-design	Checkout repository	2025-05-28T08:13:25.1255277Z Switched to a new branch 'main'
job-design	Checkout repository	2025-05-28T08:13:25.1256919Z branch 'main' set up to track 'origin/main'.
job-design	Checkout repository	2025-05-28T08:13:25.1263799Z ##[endgroup]
job-design	Checkout repository	2025-05-28T08:13:25.1301455Z [command]/usr/bin/git log -1 --format='%H'
job-design	Checkout repository	2025-05-28T08:13:25.1328221Z '1f877442baeaa300a2f692e90afc09ee123a53d5'
job-design	Preparar directorios y copiar archivos est√°ticos	Ôªø2025-05-28T08:13:25.1547224Z ##[group]Run # Configuraci√≥n inicial
job-design	Preparar directorios y copiar archivos est√°ticos	2025-05-28T08:13:25.1548636Z [36;1m# Configuraci√≥n inicial[0m
job-design	Preparar directorios y copiar archivos est√°ticos	2025-05-28T08:13:25.1549783Z [36;1mSTRUCTURE_FILE=""[0m
job-design	Preparar directorios y copiar archivos est√°ticos	2025-05-28T08:13:25.1550983Z [36;1mTITLE=$(cat $STRUCTURE_FILE | jq -r '.title')[0m
job-design	Preparar directorios y copiar archivos est√°ticos	2025-05-28T08:13:25.1552262Z [36;1m[0m
job-design	Preparar directorios y copiar archivos est√°ticos	2025-05-28T08:13:25.1553383Z [36;1m# NUEVO: Asegurar que los directorios de finops existen[0m
job-design	Preparar directorios y copiar archivos est√°ticos	2025-05-28T08:13:25.1555027Z [36;1mmkdir -p "core/results/webs/finops/js"[0m
job-design	Preparar directorios y copiar archivos est√°ticos	2025-05-28T08:13:25.1556485Z [36;1mmkdir -p "core/results/webs/finops/templates"[0m
job-design	Preparar directorios y copiar archivos est√°ticos	2025-05-28T08:13:25.1557850Z [36;1m[0m
job-design	Preparar directorios y copiar archivos est√°ticos	2025-05-28T08:13:25.1558975Z [36;1m# NUEVO: Copiar plantillas espec√≠ficas de finops si existen[0m
job-design	Preparar directorios y copiar archivos est√°ticos	2025-05-28T08:13:25.1560713Z [36;1mif [ -d "core/config/finops/results/templates" ]; then[0m
job-design	Preparar directorios y copiar archivos est√°ticos	2025-05-28T08:13:25.1563021Z [36;1m  find core/config/finops/results/templates -type f -name "*.html" | while read -r template_file; do[0m
job-design	Preparar directorios y copiar archivos est√°ticos	2025-05-28T08:13:25.1565319Z [36;1m    TEMPLATE_FILENAME=$(basename "$template_file")[0m
job-design	Preparar directorios y copiar archivos est√°ticos	2025-05-28T08:13:25.1567304Z [36;1m    echo "Copiar plantilla de finops: $template_file a finops/templates directory"[0m
job-design	Preparar directorios y copiar archivos est√°ticos	2025-05-28T08:13:25.1569782Z [36;1m    cp "$template_file" "core/results/webs/finops/templates/$TEMPLATE_FILENAME"[0m
job-design	Preparar directorios y copiar archivos est√°ticos	2025-05-28T08:13:25.1571441Z [36;1m  done[0m
job-design	Preparar directorios y copiar archivos est√°ticos	2025-05-28T08:13:25.1572684Z [36;1m  echo "Todas las plantillas HTML de finops copiadas exitosamente!"[0m
job-design	Preparar directorios y copiar archivos est√°ticos	2025-05-28T08:13:25.1574187Z [36;1mfi[0m
job-design	Preparar directorios y copiar archivos est√°ticos	2025-05-28T08:13:25.1575452Z [36;1m[0m
job-design	Preparar directorios y copiar archivos est√°ticos	2025-05-28T08:13:25.1576297Z [36;1m# Copiar archivos JS para finops[0m
job-design	Preparar directorios y copiar archivos est√°ticos	2025-05-28T08:13:25.1577550Z [36;1mif [ -d "core/config/finops/webs/js" ]; then[0m
job-design	Preparar directorios y copiar archivos est√°ticos	2025-05-28T08:13:25.1579378Z [36;1m  find core/config/finops/webs/js -type f -name "*.js" | while read -r js_file; do[0m
job-design	Preparar directorios y copiar archivos est√°ticos	2025-05-28T08:13:25.1581175Z [36;1m    JS_FILENAME=$(basename "$js_file")[0m
job-design	Preparar directorios y copiar archivos est√°ticos	2025-05-28T08:13:25.1582534Z [36;1m    echo "Copiando archivo JS de finops: $js_file"[0m
job-design	Preparar directorios y copiar archivos est√°ticos	2025-05-28T08:13:25.1584052Z [36;1m    cp "$js_file" "core/results/webs/finops/js/$JS_FILENAME"[0m
job-design	Preparar directorios y copiar archivos est√°ticos	2025-05-28T08:13:25.1585433Z [36;1m  done[0m
job-design	Preparar directorios y copiar archivos est√°ticos	2025-05-28T08:13:25.1586502Z [36;1m  echo "Archivos JS copiados a finops exitosamente!"[0m
job-design	Preparar directorios y copiar archivos est√°ticos	2025-05-28T08:13:25.1587794Z [36;1mfi[0m
job-design	Preparar directorios y copiar archivos est√°ticos	2025-05-28T08:13:25.1588530Z [36;1m[0m
job-design	Preparar directorios y copiar archivos est√°ticos	2025-05-28T08:13:25.1589675Z [36;1m# Hacer pull con estrategia de recursi√≥n para manejar conflictos[0m
job-design	Preparar directorios y copiar archivos est√°ticos	2025-05-28T08:13:25.1591249Z [36;1mgit pull --strategy-option=theirs[0m
job-design	Preparar directorios y copiar archivos est√°ticos	2025-05-28T08:13:25.1601875Z shell: /usr/bin/bash -e {0}
job-design	Preparar directorios y copiar archivos est√°ticos	2025-05-28T08:13:25.1602822Z env:
job-design	Preparar directorios y copiar archivos est√°ticos	2025-05-28T08:13:25.1603534Z   KAOS_CODE: 15295014366
job-design	Preparar directorios y copiar archivos est√°ticos	2025-05-28T08:13:25.1604449Z   KAOS_EVENT_NAME: workflow_dispatch
job-design	Preparar directorios y copiar archivos est√°ticos	2025-05-28T08:13:25.1605784Z   KAOS_ACTION: 
job-design	Preparar directorios y copiar archivos est√°ticos	2025-05-28T08:13:25.1606587Z   KAOS_REF: refs/heads/main
job-design	Preparar directorios y copiar archivos est√°ticos	2025-05-28T08:13:25.1607563Z   KAOS_MODULE: [Ka0S] Deploy Web Structure
job-design	Preparar directorios y copiar archivos est√°ticos	2025-05-28T08:13:25.1608693Z   KAOS_JSON_RESUME: core/outputs/webs/
job-design	Preparar directorios y copiar archivos est√°ticos	2025-05-28T08:13:25.1609791Z   KAOS_WEB_STRUCTURE: core/results/webs/
job-design	Preparar directorios y copiar archivos est√°ticos	2025-05-28T08:13:25.1610845Z   KAOS_ACTOR: jh0ny2k2
job-design	Preparar directorios y copiar archivos est√°ticos	2025-05-28T08:13:25.1612277Z   KAOS_FINOPS_STRUCTURE: core/results/webs/finops/
job-design	Preparar directorios y copiar archivos est√°ticos	2025-05-28T08:13:25.1613830Z   KAOS_FINOPS_JSON_WEB: core/config/finops/config/webs.json
job-design	Preparar directorios y copiar archivos est√°ticos	2025-05-28T08:13:25.1615314Z   KAOS_FINOPS_JSON_DATA: core/config/finops/data
job-design	Preparar directorios y copiar archivos est√°ticos	2025-05-28T08:13:25.1616604Z   KAOS_FINOPS_TEMPLATE: core/config/finops/template/
job-design	Preparar directorios y copiar archivos est√°ticos	2025-05-28T08:13:25.1617811Z   KAOS_FINOPS: core/config/finops/
job-design	Preparar directorios y copiar archivos est√°ticos	2025-05-28T08:13:25.1619097Z   KAOS_FINOPS_RESULTS_SECTION: core/results/webs/finops/section
job-design	Preparar directorios y copiar archivos est√°ticos	2025-05-28T08:13:25.1620385Z ##[endgroup]
job-design	Preparar directorios y copiar archivos est√°ticos	2025-05-28T08:13:25.7831129Z From https://github.com/Ka0s-Klaus/ka0s
job-design	Preparar directorios y copiar archivos est√°ticos	2025-05-28T08:13:25.7832376Z    1f877442..2d6b336d  main       -> origin/main
job-design	Preparar directorios y copiar archivos est√°ticos	2025-05-28T08:13:25.8063623Z Updating 1f877442..2d6b336d
job-design	Preparar directorios y copiar archivos est√°ticos	2025-05-28T08:13:25.8063984Z Fast-forward
job-design	Preparar directorios y copiar archivos est√°ticos	2025-05-28T08:13:25.8090494Z  core/results/webs/finops/data/webs.json | 26 +++++++++++++-------------
job-design	Preparar directorios y copiar archivos est√°ticos	2025-05-28T08:13:25.8091160Z  1 file changed, 13 insertions(+), 13 deletions(-)
job-design	Guardar cambios en el repositorio	Ôªø2025-05-28T08:13:25.8133526Z ##[group]Run # A√±adir todos los archivos generados (incluyendo finops)
job-design	Guardar cambios en el repositorio	2025-05-28T08:13:25.8134055Z [36;1m# A√±adir todos los archivos generados (incluyendo finops)[0m
job-design	Guardar cambios en el repositorio	2025-05-28T08:13:25.8134430Z [36;1mgit add "core/results/webs/"[0m
job-design	Guardar cambios en el repositorio	2025-05-28T08:13:25.8135163Z [36;1m[0m
job-design	Guardar cambios en el repositorio	2025-05-28T08:13:25.8135416Z [36;1m# Verificar si hay cambios para hacer commit[0m
job-design	Guardar cambios en el repositorio	2025-05-28T08:13:25.8135759Z [36;1mif git diff --staged --quiet; then[0m
job-design	Guardar cambios en el repositorio	2025-05-28T08:13:25.8136076Z [36;1m  echo "No hay cambios para hacer commit"[0m
job-design	Guardar cambios en el repositorio	2025-05-28T08:13:25.8136358Z [36;1melse[0m
job-design	Guardar cambios en el repositorio	2025-05-28T08:13:25.8136801Z [36;1m  git commit -m "[Ka0S] Actualizando archivos de estructura web y finops"[0m
job-design	Guardar cambios en el repositorio	2025-05-28T08:13:25.8137239Z [36;1m  git push origin refs/heads/main[0m
job-design	Guardar cambios en el repositorio	2025-05-28T08:13:25.8137494Z [36;1mfi[0m
job-design	Guardar cambios en el repositorio	2025-05-28T08:13:25.8143332Z shell: /usr/bin/bash -e {0}
job-design	Guardar cambios en el repositorio	2025-05-28T08:13:25.8143571Z env:
job-design	Guardar cambios en el repositorio	2025-05-28T08:13:25.8143744Z   KAOS_CODE: 15295014366
job-design	Guardar cambios en el repositorio	2025-05-28T08:13:25.8143979Z   KAOS_EVENT_NAME: workflow_dispatch
job-design	Guardar cambios en el repositorio	2025-05-28T08:13:25.8144257Z   KAOS_ACTION: 
job-design	Guardar cambios en el repositorio	2025-05-28T08:13:25.8144452Z   KAOS_REF: refs/heads/main
job-design	Guardar cambios en el repositorio	2025-05-28T08:13:25.8144982Z   KAOS_MODULE: [Ka0S] Deploy Web Structure
job-design	Guardar cambios en el repositorio	2025-05-28T08:13:25.8145902Z   KAOS_JSON_RESUME: core/outputs/webs/
job-design	Guardar cambios en el repositorio	2025-05-28T08:13:25.8146174Z   KAOS_WEB_STRUCTURE: core/results/webs/
job-design	Guardar cambios en el repositorio	2025-05-28T08:13:25.8146436Z   KAOS_ACTOR: jh0ny2k2
job-design	Guardar cambios en el repositorio	2025-05-28T08:13:25.8216766Z   KAOS_FINOPS_STRUCTURE: core/results/webs/finops/
job-design	Guardar cambios en el repositorio	2025-05-28T08:13:25.8217334Z   KAOS_FINOPS_JSON_WEB: core/config/finops/config/webs.json
job-design	Guardar cambios en el repositorio	2025-05-28T08:13:25.8217781Z   KAOS_FINOPS_JSON_DATA: core/config/finops/data
job-design	Guardar cambios en el repositorio	2025-05-28T08:13:25.8218175Z   KAOS_FINOPS_TEMPLATE: core/config/finops/template/
job-design	Guardar cambios en el repositorio	2025-05-28T08:13:25.8218527Z   KAOS_FINOPS: core/config/finops/
job-design	Guardar cambios en el repositorio	2025-05-28T08:13:25.8218855Z   KAOS_FINOPS_RESULTS_SECTION: core/results/webs/finops/section
job-design	Guardar cambios en el repositorio	2025-05-28T08:13:25.8219192Z ##[endgroup]
job-design	Guardar cambios en el repositorio	2025-05-28T08:13:25.8357438Z No hay cambios para hacer commit
job-design	Post Checkout repository	Ôªø2025-05-28T08:13:25.8429947Z Post job cleanup.
job-design	Post Checkout repository	2025-05-28T08:13:25.9170069Z [command]/usr/bin/git version
job-design	Post Checkout repository	2025-05-28T08:13:25.9207350Z git version 2.43.0
job-design	Post Checkout repository	2025-05-28T08:13:25.9248070Z Copying '/home/kaos/.gitconfig' to '/actions-runner/_work/_temp/7d4bdcd3-dd7a-4046-8891-5f8a167fed03/.gitconfig'
job-design	Post Checkout repository	2025-05-28T08:13:25.9259583Z Temporarily overriding HOME='/actions-runner/_work/_temp/7d4bdcd3-dd7a-4046-8891-5f8a167fed03' before making global git config changes
job-design	Post Checkout repository	2025-05-28T08:13:25.9260433Z Adding repository directory to the temporary git global config as a safe directory
job-design	Post Checkout repository	2025-05-28T08:13:25.9263956Z [command]/usr/bin/git config --global --add safe.directory /actions-runner/_work/ka0s/ka0s
job-design	Post Checkout repository	2025-05-28T08:13:25.9299845Z [command]/usr/bin/git config --local --name-only --get-regexp core\.sshCommand
job-design	Post Checkout repository	2025-05-28T08:13:25.9333130Z [command]/usr/bin/git submodule foreach --recursive sh -c "git config --local --name-only --get-regexp 'core\.sshCommand' && git config --local --unset-all 'core.sshCommand' || :"
job-design	Post Checkout repository	2025-05-28T08:13:25.9591102Z [command]/usr/bin/git config --local --name-only --get-regexp http\.https\:\/\/github\.com\/\.extraheader
job-design	Post Checkout repository	2025-05-28T08:13:25.9612765Z http.https://github.com/.extraheader
job-design	Post Checkout repository	2025-05-28T08:13:25.9631648Z [command]/usr/bin/git config --local --unset-all http.https://github.com/.extraheader
job-design	Post Checkout repository	2025-05-28T08:13:25.9655440Z [command]/usr/bin/git submodule foreach --recursive sh -c "git config --local --name-only --get-regexp 'http\.https\:\/\/github\.com\/\.extraheader' && git config --local --unset-all 'http.https://github.com/.extraheader' || :"
job-design	Complete job	Ôªø2025-05-28T08:13:26.0025465Z Cleaning up orphan processes
handle-success	Set up job	Ôªø2025-05-28T08:13:32.2908320Z Current runner version: '2.324.0'
handle-success	Set up job	2025-05-28T08:13:32.2915620Z Runner name: 'ka0s-ka0s-2'
handle-success	Set up job	2025-05-28T08:13:32.2916598Z Machine name: 'fcda5b4a84db'
handle-success	Set up job	2025-05-28T08:13:32.2919334Z ##[group]GITHUB_TOKEN Permissions
handle-success	Set up job	2025-05-28T08:13:32.2921527Z Contents: read
handle-success	Set up job	2025-05-28T08:13:32.2922207Z Metadata: read
handle-success	Set up job	2025-05-28T08:13:32.2922727Z Packages: read
handle-success	Set up job	2025-05-28T08:13:32.2923291Z ##[endgroup]
handle-success	Set up job	2025-05-28T08:13:32.2925588Z Secret source: Actions
handle-success	Set up job	2025-05-28T08:13:32.2926330Z Prepare workflow directory
handle-success	Set up job	2025-05-28T08:13:32.3536911Z Prepare all required actions
handle-success	Set up job	2025-05-28T08:13:32.3576318Z Getting action download info
handle-success	Set up job	2025-05-28T08:13:32.9274447Z Download action repository 'actions/checkout@v4' (SHA:11bd71901bbe5b1630ceea73d27597364c9af683)
handle-success	Set up job	2025-05-28T08:13:33.7392600Z Complete job name: handle-success
handle-success	Checkout code	Ôªø2025-05-28T08:13:33.7865222Z ##[group]Run actions/checkout@v4
handle-success	Checkout code	2025-05-28T08:13:33.7866049Z with:
handle-success	Checkout code	2025-05-28T08:13:33.7866411Z   fetch-depth: 0
handle-success	Checkout code	2025-05-28T08:13:33.7866995Z   token: ***
handle-success	Checkout code	2025-05-28T08:13:33.7867376Z   repository: Ka0s-Klaus/ka0s
handle-success	Checkout code	2025-05-28T08:13:33.7867851Z   ssh-strict: true
handle-success	Checkout code	2025-05-28T08:13:33.7868221Z   ssh-user: git
handle-success	Checkout code	2025-05-28T08:13:33.7868594Z   persist-credentials: true
handle-success	Checkout code	2025-05-28T08:13:33.7869010Z   clean: true
handle-success	Checkout code	2025-05-28T08:13:33.7869380Z   sparse-checkout-cone-mode: true
handle-success	Checkout code	2025-05-28T08:13:33.7869834Z   fetch-tags: false
handle-success	Checkout code	2025-05-28T08:13:33.7870210Z   show-progress: true
handle-success	Checkout code	2025-05-28T08:13:33.7870588Z   lfs: false
handle-success	Checkout code	2025-05-28T08:13:33.7870934Z   submodules: false
handle-success	Checkout code	2025-05-28T08:13:33.7871310Z   set-safe-directory: true
handle-success	Checkout code	2025-05-28T08:13:33.7871938Z env:
handle-success	Checkout code	2025-05-28T08:13:33.7872290Z   KAOS_CODE: 15295014366
handle-success	Checkout code	2025-05-28T08:13:33.7872702Z   KAOS_EVENT_NAME: workflow_dispatch
handle-success	Checkout code	2025-05-28T08:13:33.7873154Z   KAOS_ACTION: 
handle-success	Checkout code	2025-05-28T08:13:33.7873516Z   KAOS_REF: refs/heads/main
handle-success	Checkout code	2025-05-28T08:13:33.7873963Z   KAOS_MODULE: [Ka0S] Deploy Web Structure
handle-success	Checkout code	2025-05-28T08:13:33.7874492Z   KAOS_JSON_RESUME: core/outputs/webs/
handle-success	Checkout code	2025-05-28T08:13:33.7875052Z   KAOS_WEB_STRUCTURE: core/results/webs/
handle-success	Checkout code	2025-05-28T08:13:33.7875530Z   KAOS_ACTOR: jh0ny2k2
handle-success	Checkout code	2025-05-28T08:13:33.7875980Z   KAOS_FINOPS_STRUCTURE: core/results/webs/finops/
handle-success	Checkout code	2025-05-28T08:13:33.7876599Z   KAOS_FINOPS_JSON_WEB: core/config/finops/config/webs.json
handle-success	Checkout code	2025-05-28T08:13:33.7877211Z   KAOS_FINOPS_JSON_DATA: core/config/finops/data
handle-success	Checkout code	2025-05-28T08:13:33.7877797Z   KAOS_FINOPS_TEMPLATE: core/config/finops/template/
handle-success	Checkout code	2025-05-28T08:13:33.7878341Z   KAOS_FINOPS: core/config/finops/
handle-success	Checkout code	2025-05-28T08:13:33.7878904Z   KAOS_FINOPS_RESULTS_SECTION: core/results/webs/finops/section
handle-success	Checkout code	2025-05-28T08:13:33.7879488Z ##[endgroup]
handle-success	Checkout code	2025-05-28T08:13:33.9037242Z Syncing repository: Ka0s-Klaus/ka0s
handle-success	Checkout code	2025-05-28T08:13:33.9039237Z ##[group]Getting Git version info
handle-success	Checkout code	2025-05-28T08:13:33.9040092Z Working directory is '/actions-runner/_work/ka0s/ka0s'
handle-success	Checkout code	2025-05-28T08:13:33.9041165Z [command]/usr/bin/git version
handle-success	Checkout code	2025-05-28T08:13:33.9041700Z git version 2.43.0
handle-success	Checkout code	2025-05-28T08:13:33.9067398Z ##[endgroup]
handle-success	Checkout code	2025-05-28T08:13:33.9080426Z Copying '/home/kaos/.gitconfig' to '/actions-runner/_work/_temp/7c159045-db71-4476-8a4a-50f5b77a9be9/.gitconfig'
handle-success	Checkout code	2025-05-28T08:13:33.9094890Z Temporarily overriding HOME='/actions-runner/_work/_temp/7c159045-db71-4476-8a4a-50f5b77a9be9' before making global git config changes
handle-success	Checkout code	2025-05-28T08:13:33.9096564Z Adding repository directory to the temporary git global config as a safe directory
handle-success	Checkout code	2025-05-28T08:13:33.9099108Z [command]/usr/bin/git config --global --add safe.directory /actions-runner/_work/ka0s/ka0s
handle-success	Checkout code	2025-05-28T08:13:33.9144359Z [command]/usr/bin/git config --local --get remote.origin.url
handle-success	Checkout code	2025-05-28T08:13:33.9167981Z https://github.com/Ka0s-Klaus/ka0s
handle-success	Checkout code	2025-05-28T08:13:33.9188630Z ##[group]Removing previously created refs, to avoid conflicts
handle-success	Checkout code	2025-05-28T08:13:33.9193083Z [command]/usr/bin/git rev-parse --symbolic-full-name --verify --quiet HEAD
handle-success	Checkout code	2025-05-28T08:13:33.9216505Z refs/heads/main
handle-success	Checkout code	2025-05-28T08:13:33.9226431Z [command]/usr/bin/git checkout --detach
handle-success	Checkout code	2025-05-28T08:13:33.9380099Z HEAD is now at 9f8a951c [Ka0S] Update workflow resume files
handle-success	Checkout code	2025-05-28T08:13:33.9426598Z [command]/usr/bin/git branch --delete --force main
handle-success	Checkout code	2025-05-28T08:13:33.9460098Z Deleted branch main (was 9f8a951c).
handle-success	Checkout code	2025-05-28T08:13:33.9533295Z ##[endgroup]
handle-success	Checkout code	2025-05-28T08:13:33.9534499Z [command]/usr/bin/git submodule status
handle-success	Checkout code	2025-05-28T08:13:33.9789628Z ##[group]Cleaning the repository
handle-success	Checkout code	2025-05-28T08:13:33.9794318Z [command]/usr/bin/git clean -ffdx
handle-success	Checkout code	2025-05-28T08:13:33.9875211Z [command]/usr/bin/git reset --hard HEAD
handle-success	Checkout code	2025-05-28T08:13:34.0166531Z HEAD is now at 9f8a951c [Ka0S] Update workflow resume files
handle-success	Checkout code	2025-05-28T08:13:34.0174056Z ##[endgroup]
handle-success	Checkout code	2025-05-28T08:13:34.0175064Z ##[group]Disabling automatic garbage collection
handle-success	Checkout code	2025-05-28T08:13:34.0180215Z [command]/usr/bin/git config --local gc.auto 0
handle-success	Checkout code	2025-05-28T08:13:34.0210765Z ##[endgroup]
handle-success	Checkout code	2025-05-28T08:13:34.0211604Z ##[group]Setting up auth
handle-success	Checkout code	2025-05-28T08:13:34.0230549Z [command]/usr/bin/git config --local --name-only --get-regexp core\.sshCommand
handle-success	Checkout code	2025-05-28T08:13:34.0265146Z [command]/usr/bin/git submodule foreach --recursive sh -c "git config --local --name-only --get-regexp 'core\.sshCommand' && git config --local --unset-all 'core.sshCommand' || :"
handle-success	Checkout code	2025-05-28T08:13:34.0527713Z [command]/usr/bin/git config --local --name-only --get-regexp http\.https\:\/\/github\.com\/\.extraheader
handle-success	Checkout code	2025-05-28T08:13:34.0560994Z [command]/usr/bin/git submodule foreach --recursive sh -c "git config --local --name-only --get-regexp 'http\.https\:\/\/github\.com\/\.extraheader' && git config --local --unset-all 'http.https://github.com/.extraheader' || :"
handle-success	Checkout code	2025-05-28T08:13:34.0823973Z [command]/usr/bin/git config --local http.https://github.com/.extraheader AUTHORIZATION: basic ***
handle-success	Checkout code	2025-05-28T08:13:34.0865716Z ##[endgroup]
handle-success	Checkout code	2025-05-28T08:13:34.0866675Z ##[group]Fetching the repository
handle-success	Checkout code	2025-05-28T08:13:34.0873675Z [command]/usr/bin/git -c protocol.version=2 fetch --prune --no-recurse-submodules origin +refs/heads/*:refs/remotes/origin/* +refs/tags/*:refs/tags/*
handle-success	Checkout code	2025-05-28T08:13:34.9576228Z From https://github.com/Ka0s-Klaus/ka0s
handle-success	Checkout code	2025-05-28T08:13:34.9579046Z    9f8a951c..2d6b336d  main       -> origin/main
handle-success	Checkout code	2025-05-28T08:13:34.9633382Z [command]/usr/bin/git branch --list --remote origin/main
handle-success	Checkout code	2025-05-28T08:13:34.9662901Z   origin/main
handle-success	Checkout code	2025-05-28T08:13:34.9672530Z [command]/usr/bin/git rev-parse refs/remotes/origin/main
handle-success	Checkout code	2025-05-28T08:13:34.9699260Z 2d6b336da6c0235484dc898c54e292d2dd875d9b
handle-success	Checkout code	2025-05-28T08:13:34.9730570Z [command]/usr/bin/git -c protocol.version=2 fetch --no-tags --prune --no-recurse-submodules origin +1f877442baeaa300a2f692e90afc09ee123a53d5:refs/remotes/origin/main
handle-success	Checkout code	2025-05-28T08:13:34.9850914Z From https://github.com/Ka0s-Klaus/ka0s
handle-success	Checkout code	2025-05-28T08:13:34.9854415Z  + 2d6b336d...1f877442 1f877442baeaa300a2f692e90afc09ee123a53d5 -> origin/main  (forced update)
handle-success	Checkout code	2025-05-28T08:13:34.9877639Z ##[endgroup]
handle-success	Checkout code	2025-05-28T08:13:34.9879206Z ##[group]Determining the checkout info
handle-success	Checkout code	2025-05-28T08:13:34.9880845Z ##[endgroup]
handle-success	Checkout code	2025-05-28T08:13:34.9882363Z [command]/usr/bin/git sparse-checkout disable
handle-success	Checkout code	2025-05-28T08:13:34.9965115Z [command]/usr/bin/git config --local --unset-all extensions.worktreeConfig
handle-success	Checkout code	2025-05-28T08:13:34.9996936Z ##[group]Checking out the ref
handle-success	Checkout code	2025-05-28T08:13:35.0000669Z [command]/usr/bin/git checkout --progress --force -B main refs/remotes/origin/main
handle-success	Checkout code	2025-05-28T08:13:35.0307137Z Previous HEAD position was 9f8a951c [Ka0S] Update workflow resume files
handle-success	Checkout code	2025-05-28T08:13:35.0315823Z Switched to a new branch 'main'
handle-success	Checkout code	2025-05-28T08:13:35.0317512Z branch 'main' set up to track 'origin/main'.
handle-success	Checkout code	2025-05-28T08:13:35.0326332Z ##[endgroup]
handle-success	Checkout code	2025-05-28T08:13:35.0369587Z [command]/usr/bin/git log -1 --format=%H
handle-success	Checkout code	2025-05-28T08:13:35.0401030Z 1f877442baeaa300a2f692e90afc09ee123a53d5
handle-success	handle-success-execution	Ôªø2025-05-28T08:13:35.0657910Z ##[group]Run # RNNUMBER=$(echo "refs/heads/main" | grep -o '[0-9]*')
handle-success	handle-success-execution	2025-05-28T08:13:35.0659862Z [36;1m# RNNUMBER=$(echo "refs/heads/main" | grep -o '[0-9]*')[0m
handle-success	handle-success-execution	2025-05-28T08:13:35.0663022Z [36;1m# gh issue comment $RNNUMBER --body "El proceso ha finalizado correctamente 15295014366. El resultado est√° en el fichero core/results/event_data_15295014366.log"[0m
handle-success	handle-success-execution	2025-05-28T08:13:35.0667295Z [36;1mecho "El proceso ha finalizado correctamente 15295014366. El resultado est√° en el fichero core/results/event_data_15295014366.log"[0m
handle-success	handle-success-execution	2025-05-28T08:13:35.0679491Z shell: /usr/bin/bash -e {0}
handle-success	handle-success-execution	2025-05-28T08:13:35.0680857Z env:
handle-success	handle-success-execution	2025-05-28T08:13:35.0681664Z   KAOS_CODE: 15295014366
handle-success	handle-success-execution	2025-05-28T08:13:35.0682691Z   KAOS_EVENT_NAME: workflow_dispatch
handle-success	handle-success-execution	2025-05-28T08:13:35.0683817Z   KAOS_ACTION: 
handle-success	handle-success-execution	2025-05-28T08:13:35.0684761Z   KAOS_REF: refs/heads/main
handle-success	handle-success-execution	2025-05-28T08:13:35.0685845Z   KAOS_MODULE: [Ka0S] Deploy Web Structure
handle-success	handle-success-execution	2025-05-28T08:13:35.0687060Z   KAOS_JSON_RESUME: core/outputs/webs/
handle-success	handle-success-execution	2025-05-28T08:13:35.0688259Z   KAOS_WEB_STRUCTURE: core/results/webs/
handle-success	handle-success-execution	2025-05-28T08:13:35.0689500Z   KAOS_ACTOR: jh0ny2k2
handle-success	handle-success-execution	2025-05-28T08:13:35.0690565Z   KAOS_FINOPS_STRUCTURE: core/results/webs/finops/
handle-success	handle-success-execution	2025-05-28T08:13:35.0692068Z   KAOS_FINOPS_JSON_WEB: core/config/finops/config/webs.json
handle-success	handle-success-execution	2025-05-28T08:13:35.0693548Z   KAOS_FINOPS_JSON_DATA: core/config/finops/data
handle-success	handle-success-execution	2025-05-28T08:13:35.0695233Z   KAOS_FINOPS_TEMPLATE: core/config/finops/template/
handle-success	handle-success-execution	2025-05-28T08:13:35.0696634Z   KAOS_FINOPS: core/config/finops/
handle-success	handle-success-execution	2025-05-28T08:13:35.0698061Z   KAOS_FINOPS_RESULTS_SECTION: core/results/webs/finops/section
handle-success	handle-success-execution	2025-05-28T08:13:35.0699960Z   GH_TOKEN: ***
handle-success	handle-success-execution	2025-05-28T08:13:35.0700824Z ##[endgroup]
handle-success	handle-success-execution	2025-05-28T08:13:35.0761139Z El proceso ha finalizado correctamente 15295014366. El resultado est√° en el fichero core/results/event_data_15295014366.log
handle-success	Post Checkout code	Ôªø2025-05-28T08:13:35.0986974Z Post job cleanup.
handle-success	Post Checkout code	2025-05-28T08:13:35.2009090Z [command]/usr/bin/git version
handle-success	Post Checkout code	2025-05-28T08:13:35.2048412Z git version 2.43.0
handle-success	Post Checkout code	2025-05-28T08:13:35.2091410Z Copying '/home/kaos/.gitconfig' to '/actions-runner/_work/_temp/8c601913-3e9b-4c57-ab02-0ab68dea8d65/.gitconfig'
handle-success	Post Checkout code	2025-05-28T08:13:35.2104068Z Temporarily overriding HOME='/actions-runner/_work/_temp/8c601913-3e9b-4c57-ab02-0ab68dea8d65' before making global git config changes
handle-success	Post Checkout code	2025-05-28T08:13:35.2107604Z Adding repository directory to the temporary git global config as a safe directory
handle-success	Post Checkout code	2025-05-28T08:13:35.2110303Z [command]/usr/bin/git config --global --add safe.directory /actions-runner/_work/ka0s/ka0s
handle-success	Post Checkout code	2025-05-28T08:13:35.2158279Z [command]/usr/bin/git config --local --name-only --get-regexp core\.sshCommand
handle-success	Post Checkout code	2025-05-28T08:13:35.2194861Z [command]/usr/bin/git submodule foreach --recursive sh -c "git config --local --name-only --get-regexp 'core\.sshCommand' && git config --local --unset-all 'core.sshCommand' || :"
handle-success	Post Checkout code	2025-05-28T08:13:35.2451811Z [command]/usr/bin/git config --local --name-only --get-regexp http\.https\:\/\/github\.com\/\.extraheader
handle-success	Post Checkout code	2025-05-28T08:13:35.2475262Z http.https://github.com/.extraheader
handle-success	Post Checkout code	2025-05-28T08:13:35.2487182Z [command]/usr/bin/git config --local --unset-all http.https://github.com/.extraheader
handle-success	Post Checkout code	2025-05-28T08:13:35.2524350Z [command]/usr/bin/git submodule foreach --recursive sh -c "git config --local --name-only --get-regexp 'http\.https\:\/\/github\.com\/\.extraheader' && git config --local --unset-all 'http.https://github.com/.extraheader' || :"
handle-success	Complete job	Ôªø2025-05-28T08:13:35.2906664Z Cleaning up orphan processes
end-workflow	Set up job	Ôªø2025-05-28T08:13:40.9515120Z Current runner version: '2.324.0'
end-workflow	Set up job	2025-05-28T08:13:40.9522672Z Runner name: 'ka0s-ka0s-5'
end-workflow	Set up job	2025-05-28T08:13:40.9523704Z Machine name: '85bf26d22df3'
end-workflow	Set up job	2025-05-28T08:13:40.9526974Z ##[group]GITHUB_TOKEN Permissions
end-workflow	Set up job	2025-05-28T08:13:40.9529181Z Contents: read
end-workflow	Set up job	2025-05-28T08:13:40.9529717Z Metadata: read
end-workflow	Set up job	2025-05-28T08:13:40.9530307Z Packages: read
end-workflow	Set up job	2025-05-28T08:13:40.9530874Z ##[endgroup]
end-workflow	Set up job	2025-05-28T08:13:40.9533036Z Secret source: Actions
end-workflow	Set up job	2025-05-28T08:13:40.9533821Z Prepare workflow directory
end-workflow	Set up job	2025-05-28T08:13:41.0153694Z Prepare all required actions
end-workflow	Set up job	2025-05-28T08:13:41.0194183Z Getting action download info
end-workflow	Set up job	2025-05-28T08:13:41.6005903Z Download action repository 'actions/checkout@v4' (SHA:11bd71901bbe5b1630ceea73d27597364c9af683)
end-workflow	Set up job	2025-05-28T08:13:42.4195216Z Complete job name: end-workflow
end-workflow	Checkout code	Ôªø2025-05-28T08:13:42.4658302Z ##[group]Run actions/checkout@v4
end-workflow	Checkout code	2025-05-28T08:13:42.4659243Z with:
end-workflow	Checkout code	2025-05-28T08:13:42.4659693Z   fetch-depth: 0
end-workflow	Checkout code	2025-05-28T08:13:42.4660375Z   token: ***
end-workflow	Checkout code	2025-05-28T08:13:42.4660831Z   repository: Ka0s-Klaus/ka0s
end-workflow	Checkout code	2025-05-28T08:13:42.4661407Z   ssh-strict: true
end-workflow	Checkout code	2025-05-28T08:13:42.4661856Z   ssh-user: git
end-workflow	Checkout code	2025-05-28T08:13:42.4662310Z   persist-credentials: true
end-workflow	Checkout code	2025-05-28T08:13:42.4662810Z   clean: true
end-workflow	Checkout code	2025-05-28T08:13:42.4663270Z   sparse-checkout-cone-mode: true
end-workflow	Checkout code	2025-05-28T08:13:42.4663818Z   fetch-tags: false
end-workflow	Checkout code	2025-05-28T08:13:42.4664277Z   show-progress: true
end-workflow	Checkout code	2025-05-28T08:13:42.4665158Z   lfs: false
end-workflow	Checkout code	2025-05-28T08:13:42.4665577Z   submodules: false
end-workflow	Checkout code	2025-05-28T08:13:42.4666047Z   set-safe-directory: true
end-workflow	Checkout code	2025-05-28T08:13:42.4666775Z env:
end-workflow	Checkout code	2025-05-28T08:13:42.4667198Z   KAOS_CODE: 15295014366
end-workflow	Checkout code	2025-05-28T08:13:42.4667694Z   KAOS_EVENT_NAME: workflow_dispatch
end-workflow	Checkout code	2025-05-28T08:13:42.4668226Z   KAOS_ACTION: 
end-workflow	Checkout code	2025-05-28T08:13:42.4668658Z   KAOS_REF: refs/heads/main
end-workflow	Checkout code	2025-05-28T08:13:42.4669178Z   KAOS_MODULE: [Ka0S] Deploy Web Structure
end-workflow	Checkout code	2025-05-28T08:13:42.4669814Z   KAOS_JSON_RESUME: core/outputs/webs/
end-workflow	Checkout code	2025-05-28T08:13:42.4670396Z   KAOS_WEB_STRUCTURE: core/results/webs/
end-workflow	Checkout code	2025-05-28T08:13:42.4670964Z   KAOS_ACTOR: jh0ny2k2
end-workflow	Checkout code	2025-05-28T08:13:42.4671496Z   KAOS_FINOPS_STRUCTURE: core/results/webs/finops/
end-workflow	Checkout code	2025-05-28T08:13:42.4672234Z   KAOS_FINOPS_JSON_WEB: core/config/finops/config/webs.json
end-workflow	Checkout code	2025-05-28T08:13:42.4672972Z   KAOS_FINOPS_JSON_DATA: core/config/finops/data
end-workflow	Checkout code	2025-05-28T08:13:42.4673664Z   KAOS_FINOPS_TEMPLATE: core/config/finops/template/
end-workflow	Checkout code	2025-05-28T08:13:42.4674324Z   KAOS_FINOPS: core/config/finops/
end-workflow	Checkout code	2025-05-28T08:13:42.4675087Z   KAOS_FINOPS_RESULTS_SECTION: core/results/webs/finops/section
end-workflow	Checkout code	2025-05-28T08:13:42.4675959Z   GH_TOKEN: ***
end-workflow	Checkout code	2025-05-28T08:13:42.4676384Z ##[endgroup]
end-workflow	Checkout code	2025-05-28T08:13:42.5813492Z Syncing repository: Ka0s-Klaus/ka0s
end-workflow	Checkout code	2025-05-28T08:13:42.5816175Z ##[group]Getting Git version info
end-workflow	Checkout code	2025-05-28T08:13:42.5816942Z Working directory is '/actions-runner/_work/ka0s/ka0s'
end-workflow	Checkout code	2025-05-28T08:13:42.5818053Z [command]/usr/bin/git version
end-workflow	Checkout code	2025-05-28T08:13:42.5818587Z git version 2.43.0
end-workflow	Checkout code	2025-05-28T08:13:42.5837276Z ##[endgroup]
end-workflow	Checkout code	2025-05-28T08:13:42.5849002Z Copying '/home/kaos/.gitconfig' to '/actions-runner/_work/_temp/e450cc4c-7e50-4a9a-bcb7-115d78fcdfd7/.gitconfig'
end-workflow	Checkout code	2025-05-28T08:13:42.5863724Z Temporarily overriding HOME='/actions-runner/_work/_temp/e450cc4c-7e50-4a9a-bcb7-115d78fcdfd7' before making global git config changes
end-workflow	Checkout code	2025-05-28T08:13:42.5865812Z Adding repository directory to the temporary git global config as a safe directory
end-workflow	Checkout code	2025-05-28T08:13:42.5870981Z [command]/usr/bin/git config --global --add safe.directory /actions-runner/_work/ka0s/ka0s
end-workflow	Checkout code	2025-05-28T08:13:42.5919795Z [command]/usr/bin/git config --local --get remote.origin.url
end-workflow	Checkout code	2025-05-28T08:13:42.5945716Z https://github.com/Ka0s-Klaus/ka0s
end-workflow	Checkout code	2025-05-28T08:13:42.5966251Z ##[group]Removing previously created refs, to avoid conflicts
end-workflow	Checkout code	2025-05-28T08:13:42.5971811Z [command]/usr/bin/git rev-parse --symbolic-full-name --verify --quiet HEAD
end-workflow	Checkout code	2025-05-28T08:13:42.5995545Z refs/heads/main
end-workflow	Checkout code	2025-05-28T08:13:42.6006455Z [command]/usr/bin/git checkout --detach
end-workflow	Checkout code	2025-05-28T08:13:42.6168500Z HEAD is now at 2d6b336d [Ka0S] Uploading data files to web structure...
end-workflow	Checkout code	2025-05-28T08:13:42.6216795Z [command]/usr/bin/git branch --delete --force main
end-workflow	Checkout code	2025-05-28T08:13:42.6251516Z Deleted branch main (was 2d6b336d).
end-workflow	Checkout code	2025-05-28T08:13:42.6334555Z ##[endgroup]
end-workflow	Checkout code	2025-05-28T08:13:42.6335492Z [command]/usr/bin/git submodule status
end-workflow	Checkout code	2025-05-28T08:13:42.6594879Z ##[group]Cleaning the repository
end-workflow	Checkout code	2025-05-28T08:13:42.6600003Z [command]/usr/bin/git clean -ffdx
end-workflow	Checkout code	2025-05-28T08:13:42.6672215Z Removing core/results/webs/finops/section/
end-workflow	Checkout code	2025-05-28T08:13:42.6673307Z Removing {{ env.KAOS_FINOPS_RESULTS_SECTION }}template.html
end-workflow	Checkout code	2025-05-28T08:13:42.6684456Z [command]/usr/bin/git reset --hard HEAD
end-workflow	Checkout code	2025-05-28T08:13:42.6966730Z HEAD is now at 2d6b336d [Ka0S] Uploading data files to web structure...
end-workflow	Checkout code	2025-05-28T08:13:42.6973519Z ##[endgroup]
end-workflow	Checkout code	2025-05-28T08:13:42.6974569Z ##[group]Disabling automatic garbage collection
end-workflow	Checkout code	2025-05-28T08:13:42.6980589Z [command]/usr/bin/git config --local gc.auto 0
end-workflow	Checkout code	2025-05-28T08:13:42.7013225Z ##[endgroup]
end-workflow	Checkout code	2025-05-28T08:13:42.7014091Z ##[group]Setting up auth
end-workflow	Checkout code	2025-05-28T08:13:42.7020430Z [command]/usr/bin/git config --local --name-only --get-regexp core\.sshCommand
end-workflow	Checkout code	2025-05-28T08:13:42.7065604Z [command]/usr/bin/git submodule foreach --recursive sh -c "git config --local --name-only --get-regexp 'core\.sshCommand' && git config --local --unset-all 'core.sshCommand' || :"
end-workflow	Checkout code	2025-05-28T08:13:42.7328479Z [command]/usr/bin/git config --local --name-only --get-regexp http\.https\:\/\/github\.com\/\.extraheader
end-workflow	Checkout code	2025-05-28T08:13:42.7358553Z [command]/usr/bin/git submodule foreach --recursive sh -c "git config --local --name-only --get-regexp 'http\.https\:\/\/github\.com\/\.extraheader' && git config --local --unset-all 'http.https://github.com/.extraheader' || :"
end-workflow	Checkout code	2025-05-28T08:13:42.7619065Z [command]/usr/bin/git config --local http.https://github.com/.extraheader AUTHORIZATION: basic ***
end-workflow	Checkout code	2025-05-28T08:13:42.7663606Z ##[endgroup]
end-workflow	Checkout code	2025-05-28T08:13:42.7664536Z ##[group]Fetching the repository
end-workflow	Checkout code	2025-05-28T08:13:42.7672103Z [command]/usr/bin/git -c protocol.version=2 fetch --prune --no-recurse-submodules origin +refs/heads/*:refs/remotes/origin/* +refs/tags/*:refs/tags/*
end-workflow	Checkout code	2025-05-28T08:13:43.4275246Z [command]/usr/bin/git branch --list --remote origin/main
end-workflow	Checkout code	2025-05-28T08:13:43.4305242Z   origin/main
end-workflow	Checkout code	2025-05-28T08:13:43.4314567Z [command]/usr/bin/git rev-parse refs/remotes/origin/main
end-workflow	Checkout code	2025-05-28T08:13:43.4338288Z 2d6b336da6c0235484dc898c54e292d2dd875d9b
end-workflow	Checkout code	2025-05-28T08:13:43.4350946Z [command]/usr/bin/git -c protocol.version=2 fetch --no-tags --prune --no-recurse-submodules origin +1f877442baeaa300a2f692e90afc09ee123a53d5:refs/remotes/origin/main
end-workflow	Checkout code	2025-05-28T08:13:43.4480923Z From https://github.com/Ka0s-Klaus/ka0s
end-workflow	Checkout code	2025-05-28T08:13:43.4483291Z  + 2d6b336d...1f877442 1f877442baeaa300a2f692e90afc09ee123a53d5 -> origin/main  (forced update)
end-workflow	Checkout code	2025-05-28T08:13:43.4504297Z ##[endgroup]
end-workflow	Checkout code	2025-05-28T08:13:43.4506218Z ##[group]Determining the checkout info
end-workflow	Checkout code	2025-05-28T08:13:43.4508101Z ##[endgroup]
end-workflow	Checkout code	2025-05-28T08:13:43.4510009Z [command]/usr/bin/git sparse-checkout disable
end-workflow	Checkout code	2025-05-28T08:13:43.4592811Z [command]/usr/bin/git config --local --unset-all extensions.worktreeConfig
end-workflow	Checkout code	2025-05-28T08:13:43.4631363Z ##[group]Checking out the ref
end-workflow	Checkout code	2025-05-28T08:13:43.4633378Z [command]/usr/bin/git checkout --progress --force -B main refs/remotes/origin/main
end-workflow	Checkout code	2025-05-28T08:13:43.4839111Z Warning: you are leaving 1 commit behind, not connected to
end-workflow	Checkout code	2025-05-28T08:13:43.4840707Z any of your branches:
end-workflow	Checkout code	2025-05-28T08:13:43.4841269Z 
end-workflow	Checkout code	2025-05-28T08:13:43.4841979Z   2d6b336d [Ka0S] Uploading data files to web structure...
end-workflow	Checkout code	2025-05-28T08:13:43.4843053Z 
end-workflow	Checkout code	2025-05-28T08:13:43.4843887Z If you want to keep it by creating a new branch, this may be a good time
end-workflow	Checkout code	2025-05-28T08:13:43.4845617Z to do so with:
end-workflow	Checkout code	2025-05-28T08:13:43.4846223Z 
end-workflow	Checkout code	2025-05-28T08:13:43.4846845Z  git branch <new-branch-name> 2d6b336d
end-workflow	Checkout code	2025-05-28T08:13:43.4847735Z 
end-workflow	Checkout code	2025-05-28T08:13:43.4848272Z Switched to a new branch 'main'
end-workflow	Checkout code	2025-05-28T08:13:43.4849698Z branch 'main' set up to track 'origin/main'.
end-workflow	Checkout code	2025-05-28T08:13:43.4857290Z ##[endgroup]
end-workflow	Checkout code	2025-05-28T08:13:43.4898300Z [command]/usr/bin/git log -1 --format=%H
end-workflow	Checkout code	2025-05-28T08:13:43.4925806Z 1f877442baeaa300a2f692e90afc09ee123a53d5
end-workflow	Finaliza el workflow	Ôªø2025-05-28T08:13:43.5176494Z ##[group]Run echo "End process"
end-workflow	Finaliza el workflow	2025-05-28T08:13:43.5177757Z [36;1mecho "End process"[0m
end-workflow	Finaliza el workflow	2025-05-28T08:13:43.5179092Z [36;1m# RNNUMBER=$(echo "refs/heads/main" | grep -o '[0-9]*')[0m
end-workflow	Finaliza el workflow	2025-05-28T08:13:43.5180966Z [36;1m# gh issue comment $RNNUMBER --body "Se finaliza Ka0s 15295014366"[0m
end-workflow	Finaliza el workflow	2025-05-28T08:13:43.5182620Z [36;1mecho "Se finaliza Ka0s 15295014366"[0m
end-workflow	Finaliza el workflow	2025-05-28T08:13:43.5185053Z [36;1mgh workflow run inspector.yml --ref 'main' -f kaos-issue-id=$RNNUMBER -f kaos-workflow-id="15295014366" -f kaos-user-start=""[0m
end-workflow	Finaliza el workflow	2025-05-28T08:13:43.5197233Z shell: /usr/bin/bash -e {0}
end-workflow	Finaliza el workflow	2025-05-28T08:13:43.5198288Z env:
end-workflow	Finaliza el workflow	2025-05-28T08:13:43.5199085Z   KAOS_CODE: 15295014366
end-workflow	Finaliza el workflow	2025-05-28T08:13:43.5200103Z   KAOS_EVENT_NAME: workflow_dispatch
end-workflow	Finaliza el workflow	2025-05-28T08:13:43.5201218Z   KAOS_ACTION: 
end-workflow	Finaliza el workflow	2025-05-28T08:13:43.5202097Z   KAOS_REF: refs/heads/main
end-workflow	Finaliza el workflow	2025-05-28T08:13:43.5203178Z   KAOS_MODULE: [Ka0S] Deploy Web Structure
end-workflow	Finaliza el workflow	2025-05-28T08:13:43.5204445Z   KAOS_JSON_RESUME: core/outputs/webs/
end-workflow	Finaliza el workflow	2025-05-28T08:13:43.5205846Z   KAOS_WEB_STRUCTURE: core/results/webs/
end-workflow	Finaliza el workflow	2025-05-28T08:13:43.5207064Z   KAOS_ACTOR: jh0ny2k2
end-workflow	Finaliza el workflow	2025-05-28T08:13:43.5208136Z   KAOS_FINOPS_STRUCTURE: core/results/webs/finops/
end-workflow	Finaliza el workflow	2025-05-28T08:13:43.5209687Z   KAOS_FINOPS_JSON_WEB: core/config/finops/config/webs.json
end-workflow	Finaliza el workflow	2025-05-28T08:13:43.5211206Z   KAOS_FINOPS_JSON_DATA: core/config/finops/data
end-workflow	Finaliza el workflow	2025-05-28T08:13:43.5212608Z   KAOS_FINOPS_TEMPLATE: core/config/finops/template/
end-workflow	Finaliza el workflow	2025-05-28T08:13:43.5213941Z   KAOS_FINOPS: core/config/finops/
end-workflow	Finaliza el workflow	2025-05-28T08:13:43.5215402Z   KAOS_FINOPS_RESULTS_SECTION: core/results/webs/finops/section
end-workflow	Finaliza el workflow	2025-05-28T08:13:43.5217289Z   GH_TOKEN: ***
end-workflow	Finaliza el workflow	2025-05-28T08:13:43.5218146Z ##[endgroup]
end-workflow	Finaliza el workflow	2025-05-28T08:13:43.5275757Z End process
end-workflow	Finaliza el workflow	2025-05-28T08:13:43.5277109Z Se finaliza Ka0s 15295014366
end-workflow	Post Checkout code	Ôªø2025-05-28T08:13:44.1747934Z Post job cleanup.
end-workflow	Post Checkout code	2025-05-28T08:13:44.2764346Z [command]/usr/bin/git version
end-workflow	Post Checkout code	2025-05-28T08:13:44.2804296Z git version 2.43.0
end-workflow	Post Checkout code	2025-05-28T08:13:44.2846072Z Copying '/home/kaos/.gitconfig' to '/actions-runner/_work/_temp/123899c6-07e1-4855-964a-4572ea58e311/.gitconfig'
end-workflow	Post Checkout code	2025-05-28T08:13:44.2859496Z Temporarily overriding HOME='/actions-runner/_work/_temp/123899c6-07e1-4855-964a-4572ea58e311' before making global git config changes
end-workflow	Post Checkout code	2025-05-28T08:13:44.2862621Z Adding repository directory to the temporary git global config as a safe directory
end-workflow	Post Checkout code	2025-05-28T08:13:44.2865452Z [command]/usr/bin/git config --global --add safe.directory /actions-runner/_work/ka0s/ka0s
end-workflow	Post Checkout code	2025-05-28T08:13:44.2913845Z [command]/usr/bin/git config --local --name-only --get-regexp core\.sshCommand
end-workflow	Post Checkout code	2025-05-28T08:13:44.2952685Z [command]/usr/bin/git submodule foreach --recursive sh -c "git config --local --name-only --get-regexp 'core\.sshCommand' && git config --local --unset-all 'core.sshCommand' || :"
end-workflow	Post Checkout code	2025-05-28T08:13:44.3211195Z [command]/usr/bin/git config --local --name-only --get-regexp http\.https\:\/\/github\.com\/\.extraheader
end-workflow	Post Checkout code	2025-05-28T08:13:44.3235870Z http.https://github.com/.extraheader
end-workflow	Post Checkout code	2025-05-28T08:13:44.3250855Z [command]/usr/bin/git config --local --unset-all http.https://github.com/.extraheader
end-workflow	Post Checkout code	2025-05-28T08:13:44.3291714Z [command]/usr/bin/git submodule foreach --recursive sh -c "git config --local --name-only --get-regexp 'http\.https\:\/\/github\.com\/\.extraheader' && git config --local --unset-all 'http.https://github.com/.extraheader' || :"
end-workflow	Complete job	Ôªø2025-05-28T08:13:44.3678802Z Cleaning up orphan processes
