job-core	Set up job	ï»¿2025-06-25T12:06:22.0191808Z Current runner version: '2.325.0'
job-core	Set up job	2025-06-25T12:06:22.0255609Z Runner name: 'ka0s-ka0s-4'
job-core	Set up job	2025-06-25T12:06:22.0256444Z Machine name: '329efbf9b9e5'
job-core	Set up job	2025-06-25T12:06:22.0258831Z ##[group]GITHUB_TOKEN Permissions
job-core	Set up job	2025-06-25T12:06:22.0260985Z Contents: read
job-core	Set up job	2025-06-25T12:06:22.0261445Z Metadata: read
job-core	Set up job	2025-06-25T12:06:22.0261872Z Packages: read
job-core	Set up job	2025-06-25T12:06:22.0262295Z ##[endgroup]
job-core	Set up job	2025-06-25T12:06:22.0264222Z Secret source: Actions
job-core	Set up job	2025-06-25T12:06:22.0264879Z Prepare workflow directory
job-core	Set up job	2025-06-25T12:06:22.0898767Z Prepare all required actions
job-core	Set up job	2025-06-25T12:06:22.0939061Z Getting action download info
job-core	Set up job	2025-06-25T12:06:22.5582943Z Download action repository 'actions/checkout@v4' (SHA:11bd71901bbe5b1630ceea73d27597364c9af683)
job-core	Set up job	2025-06-25T12:06:23.3883024Z Complete job name: job-core
job-core	Checkout code	ï»¿2025-06-25T12:06:23.4378931Z ##[group]Run actions/checkout@v4
job-core	Checkout code	2025-06-25T12:06:23.4379916Z with:
job-core	Checkout code	2025-06-25T12:06:23.4380381Z   fetch-depth: 0
job-core	Checkout code	2025-06-25T12:06:23.4381084Z   token: ***
job-core	Checkout code	2025-06-25T12:06:23.4381569Z   repository: Ka0s-Klaus/ka0s
job-core	Checkout code	2025-06-25T12:06:23.4382173Z   ssh-strict: true
job-core	Checkout code	2025-06-25T12:06:23.4382648Z   ssh-user: git
job-core	Checkout code	2025-06-25T12:06:23.4383141Z   persist-credentials: true
job-core	Checkout code	2025-06-25T12:06:23.4383672Z   clean: true
job-core	Checkout code	2025-06-25T12:06:23.4384160Z   sparse-checkout-cone-mode: true
job-core	Checkout code	2025-06-25T12:06:23.4384742Z   fetch-tags: false
job-core	Checkout code	2025-06-25T12:06:23.4385236Z   show-progress: true
job-core	Checkout code	2025-06-25T12:06:23.4385746Z   lfs: false
job-core	Checkout code	2025-06-25T12:06:23.4406739Z   submodules: false
job-core	Checkout code	2025-06-25T12:06:23.4407457Z   set-safe-directory: true
job-core	Checkout code	2025-06-25T12:06:23.4408532Z env:
job-core	Checkout code	2025-06-25T12:06:23.4409005Z   KAOS_CODE: 15875854919
job-core	Checkout code	2025-06-25T12:06:23.4409529Z   KAOS_EVENT_NAME: push
job-core	Checkout code	2025-06-25T12:06:23.4410032Z   KAOS_ACTION: 
job-core	Checkout code	2025-06-25T12:06:23.4410574Z   KAOS_REF: refs/heads/H1224-new-module-mongodb
job-core	Checkout code	2025-06-25T12:06:23.4411222Z   KAOS_MODULE: [Ka0S] kaos
job-core	Checkout code	2025-06-25T12:06:23.4411837Z   KAOS_PATH_RESUME: core/results/k/
job-core	Checkout code	2025-06-25T12:06:23.4412477Z   KAOS_JSON: core/results/k/event_data_*.json
job-core	Checkout code	2025-06-25T12:06:23.4413111Z   KAOS_ACTOR: santakloud
job-core	Checkout code	2025-06-25T12:06:23.4413649Z   GITHUB_OUTPUT: 
job-core	Checkout code	2025-06-25T12:06:23.4414118Z ##[endgroup]
job-core	Checkout code	2025-06-25T12:06:23.5581427Z Syncing repository: Ka0s-Klaus/ka0s
job-core	Checkout code	2025-06-25T12:06:23.5583513Z ##[group]Getting Git version info
job-core	Checkout code	2025-06-25T12:06:23.5584339Z Working directory is '/actions-runner/_work/ka0s/ka0s'
job-core	Checkout code	2025-06-25T12:06:23.5585664Z [command]/usr/bin/git version
job-core	Checkout code	2025-06-25T12:06:23.5586389Z git version 2.43.0
job-core	Checkout code	2025-06-25T12:06:23.5602579Z ##[endgroup]
job-core	Checkout code	2025-06-25T12:06:23.5614410Z Copying '/home/kaos/.gitconfig' to '/actions-runner/_work/_temp/d8c810f9-0424-46f4-b04b-f0f82879d2cf/.gitconfig'
job-core	Checkout code	2025-06-25T12:06:23.5638467Z Temporarily overriding HOME='/actions-runner/_work/_temp/d8c810f9-0424-46f4-b04b-f0f82879d2cf' before making global git config changes
job-core	Checkout code	2025-06-25T12:06:23.5640444Z Adding repository directory to the temporary git global config as a safe directory
job-core	Checkout code	2025-06-25T12:06:23.5644887Z [command]/usr/bin/git config --global --add safe.directory /actions-runner/_work/ka0s/ka0s
job-core	Checkout code	2025-06-25T12:06:23.5687595Z [command]/usr/bin/git config --local --get remote.origin.url
job-core	Checkout code	2025-06-25T12:06:23.5709841Z https://github.com/Ka0s-Klaus/ka0s
job-core	Checkout code	2025-06-25T12:06:23.5730437Z ##[group]Removing previously created refs, to avoid conflicts
job-core	Checkout code	2025-06-25T12:06:23.5735177Z [command]/usr/bin/git rev-parse --symbolic-full-name --verify --quiet HEAD
job-core	Checkout code	2025-06-25T12:06:23.5758742Z refs/heads/H1224-new-module-mongodb
job-core	Checkout code	2025-06-25T12:06:23.5769024Z [command]/usr/bin/git checkout --detach
job-core	Checkout code	2025-06-25T12:06:23.5934648Z HEAD is now at 6529377e Upload new options to deploy
job-core	Checkout code	2025-06-25T12:06:23.5981239Z [command]/usr/bin/git branch --delete --force H1224-new-module-mongodb
job-core	Checkout code	2025-06-25T12:06:23.6013689Z Deleted branch H1224-new-module-mongodb (was 6529377e).
job-core	Checkout code	2025-06-25T12:06:23.6088314Z ##[endgroup]
job-core	Checkout code	2025-06-25T12:06:23.6089121Z [command]/usr/bin/git submodule status
job-core	Checkout code	2025-06-25T12:06:23.6343433Z ##[group]Cleaning the repository
job-core	Checkout code	2025-06-25T12:06:23.6348033Z [command]/usr/bin/git clean -ffdx
job-core	Checkout code	2025-06-25T12:06:23.6430520Z [command]/usr/bin/git reset --hard HEAD
job-core	Checkout code	2025-06-25T12:06:23.6727141Z HEAD is now at 6529377e Upload new options to deploy
job-core	Checkout code	2025-06-25T12:06:23.6734042Z ##[endgroup]
job-core	Checkout code	2025-06-25T12:06:23.6735719Z ##[group]Disabling automatic garbage collection
job-core	Checkout code	2025-06-25T12:06:23.6740946Z [command]/usr/bin/git config --local gc.auto 0
job-core	Checkout code	2025-06-25T12:06:23.6790501Z ##[endgroup]
job-core	Checkout code	2025-06-25T12:06:23.6791494Z ##[group]Setting up auth
job-core	Checkout code	2025-06-25T12:06:23.6792409Z [command]/usr/bin/git config --local --name-only --get-regexp core\.sshCommand
job-core	Checkout code	2025-06-25T12:06:23.6824622Z [command]/usr/bin/git submodule foreach --recursive sh -c "git config --local --name-only --get-regexp 'core\.sshCommand' && git config --local --unset-all 'core.sshCommand' || :"
job-core	Checkout code	2025-06-25T12:06:23.7085825Z [command]/usr/bin/git config --local --name-only --get-regexp http\.https\:\/\/github\.com\/\.extraheader
job-core	Checkout code	2025-06-25T12:06:23.7117670Z [command]/usr/bin/git submodule foreach --recursive sh -c "git config --local --name-only --get-regexp 'http\.https\:\/\/github\.com\/\.extraheader' && git config --local --unset-all 'http.https://github.com/.extraheader' || :"
job-core	Checkout code	2025-06-25T12:06:23.7383836Z [command]/usr/bin/git config --local http.https://github.com/.extraheader AUTHORIZATION: basic ***
job-core	Checkout code	2025-06-25T12:06:23.7427834Z ##[endgroup]
job-core	Checkout code	2025-06-25T12:06:23.7429016Z ##[group]Fetching the repository
job-core	Checkout code	2025-06-25T12:06:23.7436433Z [command]/usr/bin/git -c protocol.version=2 fetch --prune --no-recurse-submodules origin +refs/heads/*:refs/remotes/origin/* +refs/tags/*:refs/tags/*
job-core	Checkout code	2025-06-25T12:06:24.5611156Z From https://github.com/Ka0s-Klaus/ka0s
job-core	Checkout code	2025-06-25T12:06:24.5613476Z    6529377e..a63c5b06  H1224-new-module-mongodb -> origin/H1224-new-module-mongodb
job-core	Checkout code	2025-06-25T12:06:24.5615254Z    2c7359ed..a7ff03ea  main       -> origin/main
job-core	Checkout code	2025-06-25T12:06:24.5673353Z [command]/usr/bin/git branch --list --remote origin/H1224-new-module-mongodb
job-core	Checkout code	2025-06-25T12:06:24.5702562Z   origin/H1224-new-module-mongodb
job-core	Checkout code	2025-06-25T12:06:24.5713534Z [command]/usr/bin/git rev-parse refs/remotes/origin/H1224-new-module-mongodb
job-core	Checkout code	2025-06-25T12:06:24.5736770Z a63c5b0635d6c4eb24bb466c70318c15f062add7
job-core	Checkout code	2025-06-25T12:06:24.5743502Z ##[endgroup]
job-core	Checkout code	2025-06-25T12:06:24.5745180Z ##[group]Determining the checkout info
job-core	Checkout code	2025-06-25T12:06:24.5747481Z ##[endgroup]
job-core	Checkout code	2025-06-25T12:06:24.5749113Z [command]/usr/bin/git sparse-checkout disable
job-core	Checkout code	2025-06-25T12:06:24.5833256Z [command]/usr/bin/git config --local --unset-all extensions.worktreeConfig
job-core	Checkout code	2025-06-25T12:06:24.5864625Z ##[group]Checking out the ref
job-core	Checkout code	2025-06-25T12:06:24.5868348Z [command]/usr/bin/git checkout --progress --force -B H1224-new-module-mongodb refs/remotes/origin/H1224-new-module-mongodb
job-core	Checkout code	2025-06-25T12:06:24.6522805Z Previous HEAD position was 6529377e Upload new options to deploy
job-core	Checkout code	2025-06-25T12:06:24.6532858Z Switched to a new branch 'H1224-new-module-mongodb'
job-core	Checkout code	2025-06-25T12:06:24.6535470Z branch 'H1224-new-module-mongodb' set up to track 'origin/H1224-new-module-mongodb'.
job-core	Checkout code	2025-06-25T12:06:24.6552050Z ##[endgroup]
job-core	Checkout code	2025-06-25T12:06:24.6594866Z [command]/usr/bin/git log -1 --format=%H
job-core	Checkout code	2025-06-25T12:06:24.6622551Z a63c5b0635d6c4eb24bb466c70318c15f062add7
job-core	Validate file extensions	ï»¿2025-06-25T12:06:24.6903370Z ##[group]Run # Nueva ejecuciÃ³n
job-core	Validate file extensions	2025-06-25T12:06:24.6904756Z [36;1m# Nueva ejecuciÃ³n[0m
job-core	Validate file extensions	2025-06-25T12:06:24.6906326Z [36;1mRNNUMBER=$(echo "H1224-new-module-mongodb" | grep -o '[0-9]*')[0m
job-core	Validate file extensions	2025-06-25T12:06:24.6908539Z [36;1mgh issue comment $RNNUMBER --body "Se inicia Ka0s 15875854919 "[0m
job-core	Validate file extensions	2025-06-25T12:06:24.6920588Z shell: /usr/bin/bash -e {0}
job-core	Validate file extensions	2025-06-25T12:06:24.6921743Z env:
job-core	Validate file extensions	2025-06-25T12:06:24.6922649Z   KAOS_CODE: 15875854919
job-core	Validate file extensions	2025-06-25T12:06:24.6923785Z   KAOS_EVENT_NAME: push
job-core	Validate file extensions	2025-06-25T12:06:24.6924833Z   KAOS_ACTION: 
job-core	Validate file extensions	2025-06-25T12:06:24.6925922Z   KAOS_REF: refs/heads/H1224-new-module-mongodb
job-core	Validate file extensions	2025-06-25T12:06:24.6927304Z   KAOS_MODULE: [Ka0S] kaos
job-core	Validate file extensions	2025-06-25T12:06:24.6928507Z   KAOS_PATH_RESUME: core/results/k/
job-core	Validate file extensions	2025-06-25T12:06:24.6929840Z   KAOS_JSON: core/results/k/event_data_*.json
job-core	Validate file extensions	2025-06-25T12:06:24.6931178Z   KAOS_ACTOR: santakloud
job-core	Validate file extensions	2025-06-25T12:06:24.6932261Z   GITHUB_OUTPUT: 
job-core	Validate file extensions	2025-06-25T12:06:24.6933730Z   GH_TOKEN: ***
job-core	Validate file extensions	2025-06-25T12:06:24.6935049Z ##[endgroup]
job-core	Validate file extensions	2025-06-25T12:06:25.6474592Z https://github.com/Ka0s-Klaus/ka0s/issues/1224#issuecomment-3004530534
job-core	Crear JSON	ï»¿2025-06-25T12:06:25.6555191Z ##[group]Run # Create JSON structure using proper bash syntax
job-core	Crear JSON	2025-06-25T12:06:25.6555771Z [36;1m# Create JSON structure using proper bash syntax[0m
job-core	Crear JSON	2025-06-25T12:06:25.6556229Z [36;1mcat > core/results/k/event_data_*.json15875854919.json << EOF[0m
job-core	Crear JSON	2025-06-25T12:06:25.6556612Z [36;1m{[0m
job-core	Crear JSON	2025-06-25T12:06:25.6556832Z [36;1m  "event_type": "push",[0m
job-core	Crear JSON	2025-06-25T12:06:25.6557192Z [36;1m  "trigger_branch": "refs/heads/H1224-new-module-mongodb",[0m
job-core	Crear JSON	2025-06-25T12:06:25.6557627Z [36;1m  "timestamp": "$(date -u +"%Y-%m-%dT%H:%M:%SZ")",[0m
job-core	Crear JSON	2025-06-25T12:06:25.6557968Z [36;1m  "author": {[0m
job-core	Crear JSON	2025-06-25T12:06:25.6558218Z [36;1m    "name": "santakloud",[0m
job-core	Crear JSON	2025-06-25T12:06:25.6558637Z [36;1m    "email": "73332898+santakloud@users.noreply.github.com"[0m
job-core	Crear JSON	2025-06-25T12:06:25.6558999Z [36;1m  },[0m
job-core	Crear JSON	2025-06-25T12:06:25.6559217Z [36;1m  "commits": [],[0m
job-core	Crear JSON	2025-06-25T12:06:25.6559478Z [36;1m  "files": [][0m
job-core	Crear JSON	2025-06-25T12:06:25.6559706Z [36;1m}[0m
job-core	Crear JSON	2025-06-25T12:06:25.6559942Z [36;1mEOF[0m
job-core	Crear JSON	2025-06-25T12:06:25.6560169Z [36;1m[0m
job-core	Crear JSON	2025-06-25T12:06:25.6560400Z [36;1m# Add commits if this is a push event[0m
job-core	Crear JSON	2025-06-25T12:06:25.6560729Z [36;1mif [[ "push" == "push" ]]; then[0m
job-core	Crear JSON	2025-06-25T12:06:25.6561052Z [36;1m  # Create a temporary file for commits[0m
job-core	Crear JSON	2025-06-25T12:06:25.6561381Z [36;1m  TEMP_COMMITS=$(mktemp)[0m
job-core	Crear JSON	2025-06-25T12:06:25.6561670Z [36;1m  echo "[" > "$TEMP_COMMITS"[0m
job-core	Crear JSON	2025-06-25T12:06:25.6561941Z [36;1m  [0m
job-core	Crear JSON	2025-06-25T12:06:25.6562169Z [36;1m  # Process each commit[0m
job-core	Crear JSON	2025-06-25T12:06:25.6562440Z [36;1m  FIRST=true[0m
job-core	Crear JSON	2025-06-25T12:06:25.6562701Z [36;1m  while IFS= read -r commit; do[0m
job-core	Crear JSON	2025-06-25T12:06:25.6563013Z [36;1m    if [ "$FIRST" = true ]; then[0m
job-core	Crear JSON	2025-06-25T12:06:25.6563305Z [36;1m      FIRST=false[0m
job-core	Crear JSON	2025-06-25T12:06:25.6563552Z [36;1m    else[0m
job-core	Crear JSON	2025-06-25T12:06:25.6563812Z [36;1m      echo "," >> "$TEMP_COMMITS"[0m
job-core	Crear JSON	2025-06-25T12:06:25.6564141Z [36;1m    fi[0m
job-core	Crear JSON	2025-06-25T12:06:25.6564607Z [36;1m    git log -1 --pretty=format:'{"sha":"%H","author":"%an","email":"%ae","date":"%aI","message":"%s"}' "$commit" >> "$TEMP_COMMITS"[0m
job-core	Crear JSON	2025-06-25T12:06:25.6565406Z [36;1m  done < <(git rev-list 6922a08b243d7d5505d5a336f3623285e84a1038..a63c5b0635d6c4eb24bb466c70318c15f062add7)[0m
job-core	Crear JSON	2025-06-25T12:06:25.6565973Z [36;1m  echo "]" >> "$TEMP_COMMITS"[0m
job-core	Crear JSON	2025-06-25T12:06:25.6566251Z [36;1m  [0m
job-core	Crear JSON	2025-06-25T12:06:25.6566486Z [36;1m  # Insert commits into main JSON[0m
job-core	Crear JSON	2025-06-25T12:06:25.6567040Z [36;1m  sed -i.bak -e '/"commits": \[/r '$TEMP_COMMITS'' -e '/"commits": \[/d' core/results/k/event_data_*.json15875854919.json[0m
job-core	Crear JSON	2025-06-25T12:06:25.6567558Z [36;1m  rm "$TEMP_COMMITS"[0m
job-core	Crear JSON	2025-06-25T12:06:25.6567812Z [36;1m[0m
job-core	Crear JSON	2025-06-25T12:06:25.6568019Z [36;1m  # Add changed files[0m
job-core	Crear JSON	2025-06-25T12:06:25.6568288Z [36;1m  TEMP_FILES=$(mktemp)[0m
job-core	Crear JSON	2025-06-25T12:06:25.6568670Z [36;1m  echo "[" > "$TEMP_FILES"[0m
job-core	Crear JSON	2025-06-25T12:06:25.6568955Z [36;1m  FIRST=true[0m
job-core	Crear JSON	2025-06-25T12:06:25.6569206Z [36;1m  while IFS= read -r file; do[0m
job-core	Crear JSON	2025-06-25T12:06:25.6569518Z [36;1m    if [ "$FIRST" = true ]; then[0m
job-core	Crear JSON	2025-06-25T12:06:25.6569813Z [36;1m      FIRST=false[0m
job-core	Crear JSON	2025-06-25T12:06:25.6570059Z [36;1m    else[0m
job-core	Crear JSON	2025-06-25T12:06:25.6570289Z [36;1m      echo "," >> "$TEMP_FILES"[0m
job-core	Crear JSON	2025-06-25T12:06:25.6570566Z [36;1m    fi[0m
job-core	Crear JSON	2025-06-25T12:06:25.6570801Z [36;1m    echo "\"$file\"" >> "$TEMP_FILES"[0m
job-core	Crear JSON	2025-06-25T12:06:25.6571380Z [36;1m  done < <(git diff --name-only 6922a08b243d7d5505d5a336f3623285e84a1038 a63c5b0635d6c4eb24bb466c70318c15f062add7)[0m
job-core	Crear JSON	2025-06-25T12:06:25.6571950Z [36;1m  echo "]" >> "$TEMP_FILES"[0m
job-core	Crear JSON	2025-06-25T12:06:25.6572220Z [36;1m  [0m
job-core	Crear JSON	2025-06-25T12:06:25.6572443Z [36;1m  # Insert files into main JSON[0m
job-core	Crear JSON	2025-06-25T12:06:25.6573051Z [36;1m  sed -i.bak -e '/"files": \[/r '$TEMP_FILES'' -e '/"files": \[/d' core/results/k/event_data_*.json15875854919.json[0m
job-core	Crear JSON	2025-06-25T12:06:25.6573686Z [36;1m  rm "$TEMP_FILES"[0m
job-core	Crear JSON	2025-06-25T12:06:25.6573968Z [36;1melif [[ "push" == "pull_request" ]]; then[0m
job-core	Crear JSON	2025-06-25T12:06:25.6574286Z [36;1m  # Add pull request information[0m
job-core	Crear JSON	2025-06-25T12:06:25.6574739Z [36;1m  TEMP_PR=$(mktemp)[0m
job-core	Crear JSON	2025-06-25T12:06:25.6574984Z [36;1m  cat > "$TEMP_PR" << EOF[0m
job-core	Crear JSON	2025-06-25T12:06:25.6575240Z [36;1m  ,"pull_request": {[0m
job-core	Crear JSON	2025-06-25T12:06:25.6575480Z [36;1m    "action": "",[0m
job-core	Crear JSON	2025-06-25T12:06:25.6575710Z [36;1m    "number": "",[0m
job-core	Crear JSON	2025-06-25T12:06:25.6575939Z [36;1m    "title": ""[0m
job-core	Crear JSON	2025-06-25T12:06:25.6576158Z [36;1m  }[0m
job-core	Crear JSON	2025-06-25T12:06:25.6576365Z [36;1mEOF[0m
job-core	Crear JSON	2025-06-25T12:06:25.6576727Z [36;1m  sed -i.bak -e '/}$/r '$TEMP_PR'' core/results/k/event_data_*.json15875854919.json[0m
job-core	Crear JSON	2025-06-25T12:06:25.6577113Z [36;1m  rm "$TEMP_PR"[0m
job-core	Crear JSON	2025-06-25T12:06:25.6577360Z [36;1melif [[ "push" == "issues" ]]; then[0m
job-core	Crear JSON	2025-06-25T12:06:25.6577650Z [36;1m  # Add issue information[0m
job-core	Crear JSON	2025-06-25T12:06:25.6577914Z [36;1m  TEMP_ISSUE=$(mktemp)[0m
job-core	Crear JSON	2025-06-25T12:06:25.6578174Z [36;1m  cat > "$TEMP_ISSUE" << EOF[0m
job-core	Crear JSON	2025-06-25T12:06:25.6578649Z [36;1m  ,"issue": {[0m
job-core	Crear JSON	2025-06-25T12:06:25.6579131Z [36;1m    "action": "",[0m
job-core	Crear JSON	2025-06-25T12:06:25.6579367Z [36;1m    "number": "",[0m
job-core	Crear JSON	2025-06-25T12:06:25.6579596Z [36;1m    "title": ""[0m
job-core	Crear JSON	2025-06-25T12:06:25.6579814Z [36;1m  }[0m
job-core	Crear JSON	2025-06-25T12:06:25.6579999Z [36;1mEOF[0m
job-core	Crear JSON	2025-06-25T12:06:25.6580328Z [36;1m  sed -i.bak -e '/}$/r '$TEMP_ISSUE'' core/results/k/event_data_*.json15875854919.json[0m
job-core	Crear JSON	2025-06-25T12:06:25.6580726Z [36;1m  rm "$TEMP_ISSUE"[0m
job-core	Crear JSON	2025-06-25T12:06:25.6580968Z [36;1mfi[0m
job-core	Crear JSON	2025-06-25T12:06:25.6581149Z [36;1m[0m
job-core	Crear JSON	2025-06-25T12:06:25.6581365Z [36;1m# Store the file path for later use[0m
job-core	Crear JSON	2025-06-25T12:06:25.6581758Z [36;1mINVOLVED=core/results/k/files-in-commit-$KAOS_CODE_FILES.txt[0m
job-core	Crear JSON	2025-06-25T12:06:25.6582167Z [36;1mecho "INVOLVED=$INVOLVED" >> $GITHUB_ENV[0m
job-core	Crear JSON	2025-06-25T12:06:25.6587968Z shell: /usr/bin/bash -e {0}
job-core	Crear JSON	2025-06-25T12:06:25.6588227Z env:
job-core	Crear JSON	2025-06-25T12:06:25.6588639Z   KAOS_CODE: 15875854919
job-core	Crear JSON	2025-06-25T12:06:25.6589122Z   KAOS_EVENT_NAME: push
job-core	Crear JSON	2025-06-25T12:06:25.6589342Z   KAOS_ACTION: 
job-core	Crear JSON	2025-06-25T12:06:25.6589579Z   KAOS_REF: refs/heads/H1224-new-module-mongodb
job-core	Crear JSON	2025-06-25T12:06:25.6589883Z   KAOS_MODULE: [Ka0S] kaos
job-core	Crear JSON	2025-06-25T12:06:25.6656456Z   KAOS_PATH_RESUME: core/results/k/
job-core	Crear JSON	2025-06-25T12:06:25.6657082Z   KAOS_JSON: core/results/k/event_data_*.json
job-core	Crear JSON	2025-06-25T12:06:25.6657418Z   KAOS_ACTOR: santakloud
job-core	Crear JSON	2025-06-25T12:06:25.6657653Z   GITHUB_OUTPUT: 
job-core	Crear JSON	2025-06-25T12:06:25.6657865Z ##[endgroup]
job-core	Upload Files	ï»¿2025-06-25T12:06:25.7814971Z ##[group]Run echo "Uploading files to the repository..."
job-core	Upload Files	2025-06-25T12:06:25.7815484Z [36;1mecho "Uploading files to the repository..."[0m
job-core	Upload Files	2025-06-25T12:06:25.7815992Z [36;1mgit config --global user.name "***"[0m
job-core	Upload Files	2025-06-25T12:06:25.7816396Z [36;1mgit config --global user.email "***"[0m
job-core	Upload Files	2025-06-25T12:06:25.7816719Z [36;1mgit pull[0m
job-core	Upload Files	2025-06-25T12:06:25.7816984Z [36;1mgit add core/results/k/event_data_*.json[0m
job-core	Upload Files	2025-06-25T12:06:25.7817484Z [36;1mgit commit -m "[Ka0S] Uploading resume execution files to the repository..."[0m
job-core	Upload Files	2025-06-25T12:06:25.7818025Z [36;1mgit push origin refs/heads/H1224-new-module-mongodb [0m
job-core	Upload Files	2025-06-25T12:06:25.7824175Z shell: /usr/bin/bash -e {0}
job-core	Upload Files	2025-06-25T12:06:25.7824460Z env:
job-core	Upload Files	2025-06-25T12:06:25.7824668Z   KAOS_CODE: 15875854919
job-core	Upload Files	2025-06-25T12:06:25.7824923Z   KAOS_EVENT_NAME: push
job-core	Upload Files	2025-06-25T12:06:25.7825165Z   KAOS_ACTION: 
job-core	Upload Files	2025-06-25T12:06:25.7825426Z   KAOS_REF: refs/heads/H1224-new-module-mongodb
job-core	Upload Files	2025-06-25T12:06:25.7825756Z   KAOS_MODULE: [Ka0S] kaos
job-core	Upload Files	2025-06-25T12:06:25.7826059Z   KAOS_PATH_RESUME: core/results/k/
job-core	Upload Files	2025-06-25T12:06:25.7826382Z   KAOS_JSON: core/results/k/event_data_*.json
job-core	Upload Files	2025-06-25T12:06:25.7826698Z   KAOS_ACTOR: santakloud
job-core	Upload Files	2025-06-25T12:06:25.7826946Z   GITHUB_OUTPUT: 
job-core	Upload Files	2025-06-25T12:06:25.7827214Z   INVOLVED: core/results/k/files-in-commit-.txt
job-core	Upload Files	2025-06-25T12:06:25.7827538Z ##[endgroup]
job-core	Upload Files	2025-06-25T12:06:25.7853959Z Uploading files to the repository...
job-core	Upload Files	2025-06-25T12:06:26.4133893Z Already up to date.
job-core	Upload Files	2025-06-25T12:06:26.4942137Z [H1224-new-module-mongodb a2c5f15c] [Ka0S] Uploading resume execution files to the repository...
job-core	Upload Files	2025-06-25T12:06:26.4943049Z  1 file changed, 147 insertions(+)
job-core	Upload Files	2025-06-25T12:06:26.4943442Z  create mode 100644 core/results/k/event_data_*.json15875854919.json
job-core	Upload Files	2025-06-25T12:06:27.4684828Z To https://github.com/Ka0s-Klaus/ka0s
job-core	Upload Files	2025-06-25T12:06:27.4686983Z    a63c5b06..a2c5f15c  H1224-new-module-mongodb -> H1224-new-module-mongodb
job-core	Run git diff --name-only 6922a08b243d7d5505d5a336f3623285e84a1038 a63c5b0635d6c4eb24bb466c70318c15f062add7 > files-in-commit.txt	ï»¿2025-06-25T12:06:27.4789125Z ##[group]Run git diff --name-only 6922a08b243d7d5505d5a336f3623285e84a1038 a63c5b0635d6c4eb24bb466c70318c15f062add7 > files-in-commit.txt
job-core	Run git diff --name-only 6922a08b243d7d5505d5a336f3623285e84a1038 a63c5b0635d6c4eb24bb466c70318c15f062add7 > files-in-commit.txt	2025-06-25T12:06:27.4790350Z [36;1mgit diff --name-only 6922a08b243d7d5505d5a336f3623285e84a1038 a63c5b0635d6c4eb24bb466c70318c15f062add7 > files-in-commit.txt[0m
job-core	Run git diff --name-only 6922a08b243d7d5505d5a336f3623285e84a1038 a63c5b0635d6c4eb24bb466c70318c15f062add7 > files-in-commit.txt	2025-06-25T12:06:27.4791057Z [36;1mcat files-in-commit.txt[0m
job-core	Run git diff --name-only 6922a08b243d7d5505d5a336f3623285e84a1038 a63c5b0635d6c4eb24bb466c70318c15f062add7 > files-in-commit.txt	2025-06-25T12:06:27.4791411Z [36;1m# Nuevo proceso de activacion de los modulos[0m
job-core	Run git diff --name-only 6922a08b243d7d5505d5a336f3623285e84a1038 a63c5b0635d6c4eb24bb466c70318c15f062add7 > files-in-commit.txt	2025-06-25T12:06:27.4791778Z [36;1mwhile IFS= read -r line; do[0m
job-core	Run git diff --name-only 6922a08b243d7d5505d5a336f3623285e84a1038 a63c5b0635d6c4eb24bb466c70318c15f062add7 > files-in-commit.txt	2025-06-25T12:06:27.4792131Z [36;1m  # Skip files in core/outputs directory[0m
job-core	Run git diff --name-only 6922a08b243d7d5505d5a336f3623285e84a1038 a63c5b0635d6c4eb24bb466c70318c15f062add7 > files-in-commit.txt	2025-06-25T12:06:27.4792568Z [36;1m  if [[ "$line" == core/outputs/* || "$line" == core/results/* ]]; then[0m
job-core	Run git diff --name-only 6922a08b243d7d5505d5a336f3623285e84a1038 a63c5b0635d6c4eb24bb466c70318c15f062add7 > files-in-commit.txt	2025-06-25T12:06:27.4793048Z [36;1m    echo "Skipping file in outputs directory: $line"[0m
job-core	Run git diff --name-only 6922a08b243d7d5505d5a336f3623285e84a1038 a63c5b0635d6c4eb24bb466c70318c15f062add7 > files-in-commit.txt	2025-06-25T12:06:27.4793417Z [36;1m    continue[0m
job-core	Run git diff --name-only 6922a08b243d7d5505d5a336f3623285e84a1038 a63c5b0635d6c4eb24bb466c70318c15f062add7 > files-in-commit.txt	2025-06-25T12:06:27.4793655Z [36;1m  fi[0m
job-core	Run git diff --name-only 6922a08b243d7d5505d5a336f3623285e84a1038 a63c5b0635d6c4eb24bb466c70318c15f062add7 > files-in-commit.txt	2025-06-25T12:06:27.4794041Z [36;1m  echo "I Leemos el fichero files-in-commit.txt y extraemos el fichero $line"[0m
job-core	Run git diff --name-only 6922a08b243d7d5505d5a336f3623285e84a1038 a63c5b0635d6c4eb24bb466c70318c15f062add7 > files-in-commit.txt	2025-06-25T12:06:27.4794551Z [36;1m  module_failed=0[0m
job-core	Run git diff --name-only 6922a08b243d7d5505d5a336f3623285e84a1038 a63c5b0635d6c4eb24bb466c70318c15f062add7 > files-in-commit.txt	2025-06-25T12:06:27.4794826Z [36;1m  extension_failed=0[0m
job-core	Run git diff --name-only 6922a08b243d7d5505d5a336f3623285e84a1038 a63c5b0635d6c4eb24bb466c70318c15f062add7 > files-in-commit.txt	2025-06-25T12:06:27.4795121Z [36;1m  file_name=$(basename "$line")[0m
job-core	Run git diff --name-only 6922a08b243d7d5505d5a336f3623285e84a1038 a63c5b0635d6c4eb24bb466c70318c15f062add7 > files-in-commit.txt	2025-06-25T12:06:27.4795520Z [36;1m  echo "I-1 Calculamos el nombre del fichero $file_name"[0m
job-core	Run git diff --name-only 6922a08b243d7d5505d5a336f3623285e84a1038 a63c5b0635d6c4eb24bb466c70318c15f062add7 > files-in-commit.txt	2025-06-25T12:06:27.4795931Z [36;1m  file_extension="${file_name##*.}"[0m
job-core	Run git diff --name-only 6922a08b243d7d5505d5a336f3623285e84a1038 a63c5b0635d6c4eb24bb466c70318c15f062add7 > files-in-commit.txt	2025-06-25T12:06:27.4796360Z [36;1m  echo "I-2 Calculamos la extension del fichero $file_extension"[0m
job-core	Run git diff --name-only 6922a08b243d7d5505d5a336f3623285e84a1038 a63c5b0635d6c4eb24bb466c70318c15f062add7 > files-in-commit.txt	2025-06-25T12:06:27.4796825Z [36;1m  file_module="$file_extension""lint.yml"[0m
job-core	Run git diff --name-only 6922a08b243d7d5505d5a336f3623285e84a1038 a63c5b0635d6c4eb24bb466c70318c15f062add7 > files-in-commit.txt	2025-06-25T12:06:27.4797227Z [36;1m  echo "I-3 Calculamos el modulo $file_module"[0m
job-core	Run git diff --name-only 6922a08b243d7d5505d5a336f3623285e84a1038 a63c5b0635d6c4eb24bb466c70318c15f062add7 > files-in-commit.txt	2025-06-25T12:06:27.4797618Z [36;1m  IFS=',' read -r -a file_array <<< "$files"[0m
job-core	Run git diff --name-only 6922a08b243d7d5505d5a336f3623285e84a1038 a63c5b0635d6c4eb24bb466c70318c15f062add7 > files-in-commit.txt	2025-06-25T12:06:27.4797984Z [36;1m  for file in "${file_array[@]}"; do[0m
job-core	Run git diff --name-only 6922a08b243d7d5505d5a336f3623285e84a1038 a63c5b0635d6c4eb24bb466c70318c15f062add7 > files-in-commit.txt	2025-06-25T12:06:27.4798332Z [36;1m    echo "II Leemos el array de $file"[0m
job-core	Run git diff --name-only 6922a08b243d7d5505d5a336f3623285e84a1038 a63c5b0635d6c4eb24bb466c70318c15f062add7 > files-in-commit.txt	2025-06-25T12:06:27.4798756Z [36;1m    if [[ "$file_extension" == "$file" ]]; then[0m
job-core	Run git diff --name-only 6922a08b243d7d5505d5a336f3623285e84a1038 a63c5b0635d6c4eb24bb466c70318c15f062add7 > files-in-commit.txt	2025-06-25T12:06:27.4799196Z [36;1m      echo "III Comprobamos si $file_extension es igual a $file"[0m
job-core	Run git diff --name-only 6922a08b243d7d5505d5a336f3623285e84a1038 a63c5b0635d6c4eb24bb466c70318c15f062add7 > files-in-commit.txt	2025-06-25T12:06:27.4799662Z [36;1m      IFS=',' read -r -a module_array <<< "$modules"[0m
job-core	Run git diff --name-only 6922a08b243d7d5505d5a336f3623285e84a1038 a63c5b0635d6c4eb24bb466c70318c15f062add7 > files-in-commit.txt	2025-06-25T12:06:27.4800048Z [36;1m      for module in "${module_array[@]}"; do[0m
job-core	Run git diff --name-only 6922a08b243d7d5505d5a336f3623285e84a1038 a63c5b0635d6c4eb24bb466c70318c15f062add7 > files-in-commit.txt	2025-06-25T12:06:27.4800412Z [36;1m        echo "IV Leemos el array $module"[0m
job-core	Run git diff --name-only 6922a08b243d7d5505d5a336f3623285e84a1038 a63c5b0635d6c4eb24bb466c70318c15f062add7 > files-in-commit.txt	2025-06-25T12:06:27.4800780Z [36;1m        if [[ "$file_module" == *"$module"* ]]; then[0m
job-core	Run git diff --name-only 6922a08b243d7d5505d5a336f3623285e84a1038 a63c5b0635d6c4eb24bb466c70318c15f062add7 > files-in-commit.txt	2025-06-25T12:06:27.4801294Z [36;1m          echo "V Comprobamos que el $file_module es igual a $module y ejecutamos el flujo"[0m
job-core	Run git diff --name-only 6922a08b243d7d5505d5a336f3623285e84a1038 a63c5b0635d6c4eb24bb466c70318c15f062add7 > files-in-commit.txt	2025-06-25T12:06:27.4801870Z [36;1m          # Si hemos llegado hasta aquÃ­ ejecutamos el mÃ³dulo[0m
job-core	Run git diff --name-only 6922a08b243d7d5505d5a336f3623285e84a1038 a63c5b0635d6c4eb24bb466c70318c15f062add7 > files-in-commit.txt	2025-06-25T12:06:27.4802277Z [36;1m          # Lanzamos el lint del fichero[0m
job-core	Run git diff --name-only 6922a08b243d7d5505d5a336f3623285e84a1038 a63c5b0635d6c4eb24bb466c70318c15f062add7 > files-in-commit.txt	2025-06-25T12:06:27.4802770Z [36;1m          RNNUMBER=$(echo "refs/heads/H1224-new-module-mongodb" | grep -o '[0-9]*')[0m
job-core	Run git diff --name-only 6922a08b243d7d5505d5a336f3623285e84a1038 a63c5b0635d6c4eb24bb466c70318c15f062add7 > files-in-commit.txt	2025-06-25T12:06:27.4803291Z [36;1m          echo "El numero de la issue es: $RNNUMBER"[0m
job-core	Run git diff --name-only 6922a08b243d7d5505d5a336f3623285e84a1038 a63c5b0635d6c4eb24bb466c70318c15f062add7 > files-in-commit.txt	2025-06-25T12:06:27.4804224Z [36;1m          gh workflow run $file_module --ref refs/heads/H1224-new-module-mongodb -f kaos-origin=15875854919 -f kaos-files=$line -f kaos-issue-id=$RNNUMBER -f kaos-user-start=santakloud[0m
job-core	Run git diff --name-only 6922a08b243d7d5505d5a336f3623285e84a1038 a63c5b0635d6c4eb24bb466c70318c15f062add7 > files-in-commit.txt	2025-06-25T12:06:27.4804987Z [36;1m          module_failed=0[0m
job-core	Run git diff --name-only 6922a08b243d7d5505d5a336f3623285e84a1038 a63c5b0635d6c4eb24bb466c70318c15f062add7 > files-in-commit.txt	2025-06-25T12:06:27.4805251Z [36;1m          extension_failed=0[0m
job-core	Run git diff --name-only 6922a08b243d7d5505d5a336f3623285e84a1038 a63c5b0635d6c4eb24bb466c70318c15f062add7 > files-in-commit.txt	2025-06-25T12:06:27.4805510Z [36;1m          break[0m
job-core	Run git diff --name-only 6922a08b243d7d5505d5a336f3623285e84a1038 a63c5b0635d6c4eb24bb466c70318c15f062add7 > files-in-commit.txt	2025-06-25T12:06:27.4805730Z [36;1m        else[0m
job-core	Run git diff --name-only 6922a08b243d7d5505d5a336f3623285e84a1038 a63c5b0635d6c4eb24bb466c70318c15f062add7 > files-in-commit.txt	2025-06-25T12:06:27.4806012Z [36;1m          # Control de si existe el modulo para esa extension"[0m
job-core	Run git diff --name-only 6922a08b243d7d5505d5a336f3623285e84a1038 a63c5b0635d6c4eb24bb466c70318c15f062add7 > files-in-commit.txt	2025-06-25T12:06:27.4806522Z [36;1m          echo "VI No es igual $file_module a $module y lo indicamos en la variable module_failed=1"[0m
job-core	Run git diff --name-only 6922a08b243d7d5505d5a336f3623285e84a1038 a63c5b0635d6c4eb24bb466c70318c15f062add7 > files-in-commit.txt	2025-06-25T12:06:27.4807161Z [36;1m          module_failed=1[0m
job-core	Run git diff --name-only 6922a08b243d7d5505d5a336f3623285e84a1038 a63c5b0635d6c4eb24bb466c70318c15f062add7 > files-in-commit.txt	2025-06-25T12:06:27.4807409Z [36;1m        fi[0m
job-core	Run git diff --name-only 6922a08b243d7d5505d5a336f3623285e84a1038 a63c5b0635d6c4eb24bb466c70318c15f062add7 > files-in-commit.txt	2025-06-25T12:06:27.4807612Z [36;1m      done[0m
job-core	Run git diff --name-only 6922a08b243d7d5505d5a336f3623285e84a1038 a63c5b0635d6c4eb24bb466c70318c15f062add7 > files-in-commit.txt	2025-06-25T12:06:27.4807814Z [36;1m      break[0m
job-core	Run git diff --name-only 6922a08b243d7d5505d5a336f3623285e84a1038 a63c5b0635d6c4eb24bb466c70318c15f062add7 > files-in-commit.txt	2025-06-25T12:06:27.4808019Z [36;1m    else[0m
job-core	Run git diff --name-only 6922a08b243d7d5505d5a336f3623285e84a1038 a63c5b0635d6c4eb24bb466c70318c15f062add7 > files-in-commit.txt	2025-06-25T12:06:27.4808290Z [36;1m      # Control de si existe el modulo para esa extension"[0m
job-core	Run git diff --name-only 6922a08b243d7d5505d5a336f3623285e84a1038 a63c5b0635d6c4eb24bb466c70318c15f062add7 > files-in-commit.txt	2025-06-25T12:06:27.4809177Z [36;1m      echo "VII No es igual $file_extension a $file y lo indicamos en la variable extension_failed=1"[0m
job-core	Run git diff --name-only 6922a08b243d7d5505d5a336f3623285e84a1038 a63c5b0635d6c4eb24bb466c70318c15f062add7 > files-in-commit.txt	2025-06-25T12:06:27.4816877Z [36;1m      extension_failed=1[0m
job-core	Run git diff --name-only 6922a08b243d7d5505d5a336f3623285e84a1038 a63c5b0635d6c4eb24bb466c70318c15f062add7 > files-in-commit.txt	2025-06-25T12:06:27.4817184Z [36;1m    fi  [0m
job-core	Run git diff --name-only 6922a08b243d7d5505d5a336f3623285e84a1038 a63c5b0635d6c4eb24bb466c70318c15f062add7 > files-in-commit.txt	2025-06-25T12:06:27.4817381Z [36;1m  done[0m
job-core	Run git diff --name-only 6922a08b243d7d5505d5a336f3623285e84a1038 a63c5b0635d6c4eb24bb466c70318c15f062add7 > files-in-commit.txt	2025-06-25T12:06:27.4817605Z [36;1m  if [[ $module_failed == 1 ]]; then[0m
job-core	Run git diff --name-only 6922a08b243d7d5505d5a336f3623285e84a1038 a63c5b0635d6c4eb24bb466c70318c15f062add7 > files-in-commit.txt	2025-06-25T12:06:27.4818051Z [36;1m    echo "IX Si el modulo falla ($module_failed) aÃ±adimos el comentario a la issue"[0m
job-core	Run git diff --name-only 6922a08b243d7d5505d5a336f3623285e84a1038 a63c5b0635d6c4eb24bb466c70318c15f062add7 > files-in-commit.txt	2025-06-25T12:06:27.4819299Z [36;1m    # Si hemos llegado hasta aquÃ­ aÃ±adimos el mensaje de que la extension esta permitida pero no dispone de modulo activo y aqui finaliza el proceso[0m
job-core	Run git diff --name-only 6922a08b243d7d5505d5a336f3623285e84a1038 a63c5b0635d6c4eb24bb466c70318c15f062add7 > files-in-commit.txt	2025-06-25T12:06:27.4819986Z [36;1m    # AÃ±adimos los valores a las variables de la issue[0m
job-core	Run git diff --name-only 6922a08b243d7d5505d5a336f3623285e84a1038 a63c5b0635d6c4eb24bb466c70318c15f062add7 > files-in-commit.txt	2025-06-25T12:06:27.4820896Z [36;1m    KAOS_ISSUE_BODY="[Ka0S] kaos ha detectado que la extensiÃ³n ($file_extension) esta permitida dentro de KAOS_CORE_FILES, pero el mÃ³dulo asociado ($file_module) no esta activo. Por favor compruebe que exista y esta activo."[0m
job-core	Run git diff --name-only 6922a08b243d7d5505d5a336f3623285e84a1038 a63c5b0635d6c4eb24bb466c70318c15f062add7 > files-in-commit.txt	2025-06-25T12:06:27.4821784Z [36;1m    # AÃ±adimos el comentario a la issue[0m
job-core	Run git diff --name-only 6922a08b243d7d5505d5a336f3623285e84a1038 a63c5b0635d6c4eb24bb466c70318c15f062add7 > files-in-commit.txt	2025-06-25T12:06:27.4822214Z [36;1m    RNNUMBER=$(echo "refs/heads/H1224-new-module-mongodb" | grep -o '[0-9]*')[0m
job-core	Run git diff --name-only 6922a08b243d7d5505d5a336f3623285e84a1038 a63c5b0635d6c4eb24bb466c70318c15f062add7 > files-in-commit.txt	2025-06-25T12:06:27.4822693Z [36;1m    gh issue comment $RNNUMBER --body "$KAOS_ISSUE_BODY"[0m
job-core	Run git diff --name-only 6922a08b243d7d5505d5a336f3623285e84a1038 a63c5b0635d6c4eb24bb466c70318c15f062add7 > files-in-commit.txt	2025-06-25T12:06:27.4823022Z [36;1m  fi[0m
job-core	Run git diff --name-only 6922a08b243d7d5505d5a336f3623285e84a1038 a63c5b0635d6c4eb24bb466c70318c15f062add7 > files-in-commit.txt	2025-06-25T12:06:27.4823242Z [36;1m  if [[ $extension_failed == 1 ]]; then[0m
job-core	Run git diff --name-only 6922a08b243d7d5505d5a336f3623285e84a1038 a63c5b0635d6c4eb24bb466c70318c15f062add7 > files-in-commit.txt	2025-06-25T12:06:27.4823700Z [36;1m    echo "X Si extension falla falla ($extension_failed) aÃ±adimos el comentario a la issue"[0m
job-core	Run git diff --name-only 6922a08b243d7d5505d5a336f3623285e84a1038 a63c5b0635d6c4eb24bb466c70318c15f062add7 > files-in-commit.txt	2025-06-25T12:06:27.4824318Z [36;1m    # Si hemos llegado hasta aquÃ­ aÃ±adimos el mensaje de que la extension no esta permitida[0m
job-core	Run git diff --name-only 6922a08b243d7d5505d5a336f3623285e84a1038 a63c5b0635d6c4eb24bb466c70318c15f062add7 > files-in-commit.txt	2025-06-25T12:06:27.4824812Z [36;1m    # AÃ±adimos los valores a las variables de la issue[0m
job-core	Run git diff --name-only 6922a08b243d7d5505d5a336f3623285e84a1038 a63c5b0635d6c4eb24bb466c70318c15f062add7 > files-in-commit.txt	2025-06-25T12:06:27.4825548Z [36;1m    KAOS_ISSUE_BODY="[Ka0S] kaos ha detectado que la extensiÃ³n ($file_extension) NO esta permitida dentro de KAOS_CORE_FILES. Por favor compruebe que exista y esta activo."[0m
job-core	Run git diff --name-only 6922a08b243d7d5505d5a336f3623285e84a1038 a63c5b0635d6c4eb24bb466c70318c15f062add7 > files-in-commit.txt	2025-06-25T12:06:27.4826261Z [36;1m    # AÃ±adimos el comentario a la issue[0m
job-core	Run git diff --name-only 6922a08b243d7d5505d5a336f3623285e84a1038 a63c5b0635d6c4eb24bb466c70318c15f062add7 > files-in-commit.txt	2025-06-25T12:06:27.4826696Z [36;1m    RNNUMBER=$(echo "refs/heads/H1224-new-module-mongodb" | grep -o '[0-9]*')[0m
job-core	Run git diff --name-only 6922a08b243d7d5505d5a336f3623285e84a1038 a63c5b0635d6c4eb24bb466c70318c15f062add7 > files-in-commit.txt	2025-06-25T12:06:27.4827169Z [36;1m    gh issue comment $RNNUMBER --body "$KAOS_ISSUE_BODY"[0m
job-core	Run git diff --name-only 6922a08b243d7d5505d5a336f3623285e84a1038 a63c5b0635d6c4eb24bb466c70318c15f062add7 > files-in-commit.txt	2025-06-25T12:06:27.4827494Z [36;1m  fi  [0m
job-core	Run git diff --name-only 6922a08b243d7d5505d5a336f3623285e84a1038 a63c5b0635d6c4eb24bb466c70318c15f062add7 > files-in-commit.txt	2025-06-25T12:06:27.4827898Z [36;1***one < files-in-commit.txt      [0m
job-core	Run git diff --name-only 6922a08b243d7d5505d5a336f3623285e84a1038 a63c5b0635d6c4eb24bb466c70318c15f062add7 > files-in-commit.txt	2025-06-25T12:06:27.4834150Z shell: /usr/bin/bash -e {0}
job-core	Run git diff --name-only 6922a08b243d7d5505d5a336f3623285e84a1038 a63c5b0635d6c4eb24bb466c70318c15f062add7 > files-in-commit.txt	2025-06-25T12:06:27.4834398Z env:
job-core	Run git diff --name-only 6922a08b243d7d5505d5a336f3623285e84a1038 a63c5b0635d6c4eb24bb466c70318c15f062add7 > files-in-commit.txt	2025-06-25T12:06:27.4834587Z   KAOS_CODE: 15875854919
job-core	Run git diff --name-only 6922a08b243d7d5505d5a336f3623285e84a1038 a63c5b0635d6c4eb24bb466c70318c15f062add7 > files-in-commit.txt	2025-06-25T12:06:27.4835095Z   KAOS_EVENT_NAME: push
job-core	Run git diff --name-only 6922a08b243d7d5505d5a336f3623285e84a1038 a63c5b0635d6c4eb24bb466c70318c15f062add7 > files-in-commit.txt	2025-06-25T12:06:27.4835495Z   KAOS_ACTION: 
job-core	Run git diff --name-only 6922a08b243d7d5505d5a336f3623285e84a1038 a63c5b0635d6c4eb24bb466c70318c15f062add7 > files-in-commit.txt	2025-06-25T12:06:27.4835747Z   KAOS_REF: refs/heads/H1224-new-module-mongodb
job-core	Run git diff --name-only 6922a08b243d7d5505d5a336f3623285e84a1038 a63c5b0635d6c4eb24bb466c70318c15f062add7 > files-in-commit.txt	2025-06-25T12:06:27.4836068Z   KAOS_MODULE: [Ka0S] kaos
job-core	Run git diff --name-only 6922a08b243d7d5505d5a336f3623285e84a1038 a63c5b0635d6c4eb24bb466c70318c15f062add7 > files-in-commit.txt	2025-06-25T12:06:27.4836331Z   KAOS_PATH_RESUME: core/results/k/
job-core	Run git diff --name-only 6922a08b243d7d5505d5a336f3623285e84a1038 a63c5b0635d6c4eb24bb466c70318c15f062add7 > files-in-commit.txt	2025-06-25T12:06:27.4836623Z   KAOS_JSON: core/results/k/event_data_*.json
job-core	Run git diff --name-only 6922a08b243d7d5505d5a336f3623285e84a1038 a63c5b0635d6c4eb24bb466c70318c15f062add7 > files-in-commit.txt	2025-06-25T12:06:27.4836918Z   KAOS_ACTOR: santakloud
job-core	Run git diff --name-only 6922a08b243d7d5505d5a336f3623285e84a1038 a63c5b0635d6c4eb24bb466c70318c15f062add7 > files-in-commit.txt	2025-06-25T12:06:27.4837268Z   GITHUB_OUTPUT: 
job-core	Run git diff --name-only 6922a08b243d7d5505d5a336f3623285e84a1038 a63c5b0635d6c4eb24bb466c70318c15f062add7 > files-in-commit.txt	2025-06-25T12:06:27.4837509Z   INVOLVED: core/results/k/files-in-commit-.txt
job-core	Run git diff --name-only 6922a08b243d7d5505d5a336f3623285e84a1038 a63c5b0635d6c4eb24bb466c70318c15f062add7 > files-in-commit.txt	2025-06-25T12:06:27.4838129Z   modules: ***
job-core	Run git diff --name-only 6922a08b243d7d5505d5a336f3623285e84a1038 a63c5b0635d6c4eb24bb466c70318c15f062add7 > files-in-commit.txt	2025-06-25T12:06:27.4838339Z   files: ***
job-core	Run git diff --name-only 6922a08b243d7d5505d5a336f3623285e84a1038 a63c5b0635d6c4eb24bb466c70318c15f062add7 > files-in-commit.txt	2025-06-25T12:06:27.4838954Z   GH_TOKEN: ***
job-core	Run git diff --name-only 6922a08b243d7d5505d5a336f3623285e84a1038 a63c5b0635d6c4eb24bb466c70318c15f062add7 > files-in-commit.txt	2025-06-25T12:06:27.4839153Z ##[endgroup]
job-core	Run git diff --name-only 6922a08b243d7d5505d5a336f3623285e84a1038 a63c5b0635d6c4eb24bb466c70318c15f062add7 > files-in-commit.txt	2025-06-25T12:06:27.4927396Z .github/workflows/kaos.yml
job-core	Run git diff --name-only 6922a08b243d7d5505d5a336f3623285e84a1038 a63c5b0635d6c4eb24bb466c70318c15f062add7 > files-in-commit.txt	2025-06-25T12:06:27.4927800Z .github/workflows/new-db-inspector.yml
job-core	Run git diff --name-only 6922a08b243d7d5505d5a336f3623285e84a1038 a63c5b0635d6c4eb24bb466c70318c15f062add7 > files-in-commit.txt	2025-06-25T12:06:27.4928167Z core/database/scripts/setup_mongo_inspector.sh
job-core	Run git diff --name-only 6922a08b243d7d5505d5a336f3623285e84a1038 a63c5b0635d6c4eb24bb466c70318c15f062add7 > files-in-commit.txt	2025-06-25T12:06:27.4928651Z core/outputs/i/15850069474.json
job-core	Run git diff --name-only 6922a08b243d7d5505d5a336f3623285e84a1038 a63c5b0635d6c4eb24bb466c70318c15f062add7 > files-in-commit.txt	2025-06-25T12:06:27.4928931Z core/outputs/i/15850069474.log
job-core	Run git diff --name-only 6922a08b243d7d5505d5a336f3623285e84a1038 a63c5b0635d6c4eb24bb466c70318c15f062add7 > files-in-commit.txt	2025-06-25T12:06:27.4929830Z core/outputs/i/15865092984.json
job-core	Run git diff --name-only 6922a08b243d7d5505d5a336f3623285e84a1038 a63c5b0635d6c4eb24bb466c70318c15f062add7 > files-in-commit.txt	2025-06-25T12:06:27.4930121Z core/outputs/i/15865092984.log
job-core	Run git diff --name-only 6922a08b243d7d5505d5a336f3623285e84a1038 a63c5b0635d6c4eb24bb466c70318c15f062add7 > files-in-commit.txt	2025-06-25T12:06:27.4930383Z core/outputs/i/15874833042.json
job-core	Run git diff --name-only 6922a08b243d7d5505d5a336f3623285e84a1038 a63c5b0635d6c4eb24bb466c70318c15f062add7 > files-in-commit.txt	2025-06-25T12:06:27.4930648Z core/outputs/i/15874833042.log
job-core	Run git diff --name-only 6922a08b243d7d5505d5a336f3623285e84a1038 a63c5b0635d6c4eb24bb466c70318c15f062add7 > files-in-commit.txt	2025-06-25T12:06:27.4930907Z core/outputs/i/15875754208.json
job-core	Run git diff --name-only 6922a08b243d7d5505d5a336f3623285e84a1038 a63c5b0635d6c4eb24bb466c70318c15f062add7 > files-in-commit.txt	2025-06-25T12:06:27.4931166Z core/outputs/i/15875754208.log
job-core	Run git diff --name-only 6922a08b243d7d5505d5a336f3623285e84a1038 a63c5b0635d6c4eb24bb466c70318c15f062add7 > files-in-commit.txt	2025-06-25T12:06:27.4931461Z core/outputs/w/kaos-142022472-statistics.json
job-core	Run git diff --name-only 6922a08b243d7d5505d5a336f3623285e84a1038 a63c5b0635d6c4eb24bb466c70318c15f062add7 > files-in-commit.txt	2025-06-25T12:06:27.4931815Z core/outputs/w/kaos-142065355-statistics.json
job-core	Run git diff --name-only 6922a08b243d7d5505d5a336f3623285e84a1038 a63c5b0635d6c4eb24bb466c70318c15f062add7 > files-in-commit.txt	2025-06-25T12:06:27.4932337Z core/outputs/w/kaos-151629566-statistics.json
job-core	Run git diff --name-only 6922a08b243d7d5505d5a336f3623285e84a1038 a63c5b0635d6c4eb24bb466c70318c15f062add7 > files-in-commit.txt	2025-06-25T12:06:27.4932683Z core/outputs/w/kaos-153261529-statistics.json
job-core	Run git diff --name-only 6922a08b243d7d5505d5a336f3623285e84a1038 a63c5b0635d6c4eb24bb466c70318c15f062add7 > files-in-commit.txt	2025-06-25T12:06:27.4933020Z core/outputs/w/kaos-170415154-statistics.json
job-core	Run git diff --name-only 6922a08b243d7d5505d5a336f3623285e84a1038 a63c5b0635d6c4eb24bb466c70318c15f062add7 > files-in-commit.txt	2025-06-25T12:06:27.4933359Z core/outputs/w/kaos-170415155-statistics.json
job-core	Run git diff --name-only 6922a08b243d7d5505d5a336f3623285e84a1038 a63c5b0635d6c4eb24bb466c70318c15f062add7 > files-in-commit.txt	2025-06-25T12:06:27.4933698Z core/outputs/w/kaos-170415156-statistics.json
job-core	Run git diff --name-only 6922a08b243d7d5505d5a336f3623285e84a1038 a63c5b0635d6c4eb24bb466c70318c15f062add7 > files-in-commit.txt	2025-06-25T12:06:27.4934035Z core/outputs/w/kaos-170415157-statistics.json
job-core	Run git diff --name-only 6922a08b243d7d5505d5a336f3623285e84a1038 a63c5b0635d6c4eb24bb466c70318c15f062add7 > files-in-commit.txt	2025-06-25T12:06:27.4934374Z core/outputs/w/kaos-170415158-statistics.json
job-core	Run git diff --name-only 6922a08b243d7d5505d5a336f3623285e84a1038 a63c5b0635d6c4eb24bb466c70318c15f062add7 > files-in-commit.txt	2025-06-25T12:06:27.4934719Z core/outputs/w/kaos-170415159-statistics.json
job-core	Run git diff --name-only 6922a08b243d7d5505d5a336f3623285e84a1038 a63c5b0635d6c4eb24bb466c70318c15f062add7 > files-in-commit.txt	2025-06-25T12:06:27.4935073Z core/outputs/w/kaos-issue.json
job-core	Run git diff --name-only 6922a08b243d7d5505d5a336f3623285e84a1038 a63c5b0635d6c4eb24bb466c70318c15f062add7 > files-in-commit.txt	2025-06-25T12:06:27.4935422Z core/outputs/w/kaos-repository-global-statistics.json
job-core	Run git diff --name-only 6922a08b243d7d5505d5a336f3623285e84a1038 a63c5b0635d6c4eb24bb466c70318c15f062add7 > files-in-commit.txt	2025-06-25T12:06:27.4935829Z core/outputs/w/kaos-workflows-available.json
job-core	Run git diff --name-only 6922a08b243d7d5505d5a336f3623285e84a1038 a63c5b0635d6c4eb24bb466c70318c15f062add7 > files-in-commit.txt	2025-06-25T12:06:27.4936176Z core/outputs/w/kaos-workflows-runs.json
job-core	Run git diff --name-only 6922a08b243d7d5505d5a336f3623285e84a1038 a63c5b0635d6c4eb24bb466c70318c15f062add7 > files-in-commit.txt	2025-06-25T12:06:27.4936538Z core/outputs/w/workflows-available-15865092984.json
job-core	Run git diff --name-only 6922a08b243d7d5505d5a336f3623285e84a1038 a63c5b0635d6c4eb24bb466c70318c15f062add7 > files-in-commit.txt	2025-06-25T12:06:27.4936934Z core/outputs/w/workflows-runs-15865092984.json
job-core	Run git diff --name-only 6922a08b243d7d5505d5a336f3623285e84a1038 a63c5b0635d6c4eb24bb466c70318c15f062add7 > files-in-commit.txt	2025-06-25T12:06:27.4937253Z core/runner/Dockerfile
job-core	Run git diff --name-only 6922a08b243d7d5505d5a336f3623285e84a1038 a63c5b0635d6c4eb24bb466c70318c15f062add7 > files-in-commit.txt	2025-06-25T12:06:27.4937656Z transfer/README.***
job-core	Run git diff --name-only 6922a08b243d7d5505d5a336f3623285e84a1038 a63c5b0635d6c4eb24bb466c70318c15f062add7 > files-in-commit.txt	2025-06-25T12:06:27.4937933Z transfer/github_stats.py
job-core	Run git diff --name-only 6922a08b243d7d5505d5a336f3623285e84a1038 a63c5b0635d6c4eb24bb466c70318c15f062add7 > files-in-commit.txt	2025-06-25T12:06:27.4938196Z transfer/github_stats_v2.py
job-core	Run git diff --name-only 6922a08b243d7d5505d5a336f3623285e84a1038 a63c5b0635d6c4eb24bb466c70318c15f062add7 > files-in-commit.txt	2025-06-25T12:06:27.4938516Z transfer/github_stats_v3.py
job-core	Run git diff --name-only 6922a08b243d7d5505d5a336f3623285e84a1038 a63c5b0635d6c4eb24bb466c70318c15f062add7 > files-in-commit.txt	2025-06-25T12:06:27.4938776Z transfer/github_stats_v4.py
job-core	Run git diff --name-only 6922a08b243d7d5505d5a336f3623285e84a1038 a63c5b0635d6c4eb24bb466c70318c15f062add7 > files-in-commit.txt	2025-06-25T12:06:27.4939042Z transfer/hosts/Dockerfile_autom
job-core	Run git diff --name-only 6922a08b243d7d5505d5a336f3623285e84a1038 a63c5b0635d6c4eb24bb466c70318c15f062add7 > files-in-commit.txt	2025-06-25T12:06:27.4939347Z transfer/hosts/README.***
job-core	Run git diff --name-only 6922a08b243d7d5505d5a336f3623285e84a1038 a63c5b0635d6c4eb24bb466c70318c15f062add7 > files-in-commit.txt	2025-06-25T12:06:27.4939600Z transfer/hosts/alert.sh
job-core	Run git diff --name-only 6922a08b243d7d5505d5a336f3623285e84a1038 a63c5b0635d6c4eb24bb466c70318c15f062add7 > files-in-commit.txt	2025-06-25T12:06:27.4939850Z transfer/hosts/audit.sh
job-core	Run git diff --name-only 6922a08b243d7d5505d5a336f3623285e84a1038 a63c5b0635d6c4eb24bb466c70318c15f062add7 > files-in-commit.txt	2025-06-25T12:06:27.4940099Z transfer/hosts/deploy_autom.yml
job-core	Run git diff --name-only 6922a08b243d7d5505d5a336f3623285e84a1038 a63c5b0635d6c4eb24bb466c70318c15f062add7 > files-in-commit.txt	2025-06-25T12:06:27.4940386Z transfer/hosts/docker-compose_autom.yml
job-core	Run git diff --name-only 6922a08b243d7d5505d5a336f3623285e84a1038 a63c5b0635d6c4eb24bb466c70318c15f062add7 > files-in-commit.txt	2025-06-25T12:06:27.4940693Z transfer/hosts/index.html
job-core	Run git diff --name-only 6922a08b243d7d5505d5a336f3623285e84a1038 a63c5b0635d6c4eb24bb466c70318c15f062add7 > files-in-commit.txt	2025-06-25T12:06:27.4940975Z transfer/hosts/linux-task-automator.***
job-core	Run git diff --name-only 6922a08b243d7d5505d5a336f3623285e84a1038 a63c5b0635d6c4eb24bb466c70318c15f062add7 > files-in-commit.txt	2025-06-25T12:06:27.4941302Z transfer/hosts/prompt.***
job-core	Run git diff --name-only 6922a08b243d7d5505d5a336f3623285e84a1038 a63c5b0635d6c4eb24bb466c70318c15f062add7 > files-in-commit.txt	2025-06-25T12:06:27.4941570Z transfer/hosts/scheduler.py
job-core	Run git diff --name-only 6922a08b243d7d5505d5a336f3623285e84a1038 a63c5b0635d6c4eb24bb466c70318c15f062add7 > files-in-commit.txt	2025-06-25T12:06:27.4941855Z transfer/mermaid_stats-collector.***
job-core	Run git diff --name-only 6922a08b243d7d5505d5a336f3623285e84a1038 a63c5b0635d6c4eb24bb466c70318c15f062add7 > files-in-commit.txt	2025-06-25T12:06:27.4942161Z transfer/mongodb_chart.js
job-core	Run git diff --name-only 6922a08b243d7d5505d5a336f3623285e84a1038 a63c5b0635d6c4eb24bb466c70318c15f062add7 > files-in-commit.txt	2025-06-25T12:06:27.4942423Z transfer/stats-collector.yml
job-core	Run git diff --name-only 6922a08b243d7d5505d5a336f3623285e84a1038 a63c5b0635d6c4eb24bb466c70318c15f062add7 > files-in-commit.txt	2025-06-25T12:06:27.4942704Z transfer/stats/mongo_admin_ci.py
job-core	Run git diff --name-only 6922a08b243d7d5505d5a336f3623285e84a1038 a63c5b0635d6c4eb24bb466c70318c15f062add7 > files-in-commit.txt	2025-06-25T12:06:27.4943189Z I Leemos el fichero files-in-commit.txt y extraemos el fichero .github/workflows/kaos.yml
job-core	Run git diff --name-only 6922a08b243d7d5505d5a336f3623285e84a1038 a63c5b0635d6c4eb24bb466c70318c15f062add7 > files-in-commit.txt	2025-06-25T12:06:27.4943697Z I-1 Calculamos el nombre del fichero kaos.yml
job-core	Run git diff --name-only 6922a08b243d7d5505d5a336f3623285e84a1038 a63c5b0635d6c4eb24bb466c70318c15f062add7 > files-in-commit.txt	2025-06-25T12:06:27.4944037Z I-2 Calculamos la extension del fichero yml
job-core	Run git diff --name-only 6922a08b243d7d5505d5a336f3623285e84a1038 a63c5b0635d6c4eb24bb466c70318c15f062add7 > files-in-commit.txt	2025-06-25T12:06:27.4944358Z I-3 Calculamos el modulo ymllint.yml
job-core	Run git diff --name-only 6922a08b243d7d5505d5a336f3623285e84a1038 a63c5b0635d6c4eb24bb466c70318c15f062add7 > files-in-commit.txt	2025-06-25T12:06:27.4944663Z II Leemos el array de ***
job-core	Run git diff --name-only 6922a08b243d7d5505d5a336f3623285e84a1038 a63c5b0635d6c4eb24bb466c70318c15f062add7 > files-in-commit.txt	2025-06-25T12:06:27.4945025Z VII No es igual yml a *** y lo indicamos en la variable extension_failed=1
job-core	Run git diff --name-only 6922a08b243d7d5505d5a336f3623285e84a1038 a63c5b0635d6c4eb24bb466c70318c15f062add7 > files-in-commit.txt	2025-06-25T12:06:27.4945742Z X Si extension falla falla (1) aÃ±adimos el comentario a la issue
job-core	Run git diff --name-only 6922a08b243d7d5505d5a336f3623285e84a1038 a63c5b0635d6c4eb24bb466c70318c15f062add7 > files-in-commit.txt	2025-06-25T12:06:28.4598005Z https://github.com/Ka0s-Klaus/ka0s/issues/1224#issuecomment-3004530658
job-core	Run git diff --name-only 6922a08b243d7d5505d5a336f3623285e84a1038 a63c5b0635d6c4eb24bb466c70318c15f062add7 > files-in-commit.txt	2025-06-25T12:06:28.4659101Z I Leemos el fichero files-in-commit.txt y extraemos el fichero .github/workflows/new-db-inspector.yml
job-core	Run git diff --name-only 6922a08b243d7d5505d5a336f3623285e84a1038 a63c5b0635d6c4eb24bb466c70318c15f062add7 > files-in-commit.txt	2025-06-25T12:06:28.4701485Z I-1 Calculamos el nombre del fichero new-db-inspector.yml
job-core	Run git diff --name-only 6922a08b243d7d5505d5a336f3623285e84a1038 a63c5b0635d6c4eb24bb466c70318c15f062add7 > files-in-commit.txt	2025-06-25T12:06:28.4704614Z I-2 Calculamos la extension del fichero yml
job-core	Run git diff --name-only 6922a08b243d7d5505d5a336f3623285e84a1038 a63c5b0635d6c4eb24bb466c70318c15f062add7 > files-in-commit.txt	2025-06-25T12:06:28.4706175Z I-3 Calculamos el modulo ymllint.yml
job-core	Run git diff --name-only 6922a08b243d7d5505d5a336f3623285e84a1038 a63c5b0635d6c4eb24bb466c70318c15f062add7 > files-in-commit.txt	2025-06-25T12:06:28.4708930Z II Leemos el array de ***
job-core	Run git diff --name-only 6922a08b243d7d5505d5a336f3623285e84a1038 a63c5b0635d6c4eb24bb466c70318c15f062add7 > files-in-commit.txt	2025-06-25T12:06:28.4710780Z VII No es igual yml a *** y lo indicamos en la variable extension_failed=1
job-core	Run git diff --name-only 6922a08b243d7d5505d5a336f3623285e84a1038 a63c5b0635d6c4eb24bb466c70318c15f062add7 > files-in-commit.txt	2025-06-25T12:06:28.4713514Z X Si extension falla falla (1) aÃ±adimos el comentario a la issue
job-core	Run git diff --name-only 6922a08b243d7d5505d5a336f3623285e84a1038 a63c5b0635d6c4eb24bb466c70318c15f062add7 > files-in-commit.txt	2025-06-25T12:06:29.4094095Z https://github.com/Ka0s-Klaus/ka0s/issues/1224#issuecomment-3004530694
job-core	Run git diff --name-only 6922a08b243d7d5505d5a336f3623285e84a1038 a63c5b0635d6c4eb24bb466c70318c15f062add7 > files-in-commit.txt	2025-06-25T12:06:29.4153215Z I Leemos el fichero files-in-commit.txt y extraemos el fichero core/database/scripts/setup_mongo_inspector.sh
job-core	Run git diff --name-only 6922a08b243d7d5505d5a336f3623285e84a1038 a63c5b0635d6c4eb24bb466c70318c15f062add7 > files-in-commit.txt	2025-06-25T12:06:29.4190335Z I-1 Calculamos el nombre del fichero setup_mongo_inspector.sh
job-core	Run git diff --name-only 6922a08b243d7d5505d5a336f3623285e84a1038 a63c5b0635d6c4eb24bb466c70318c15f062add7 > files-in-commit.txt	2025-06-25T12:06:29.4198186Z I-2 Calculamos la extension del fichero sh
job-core	Run git diff --name-only 6922a08b243d7d5505d5a336f3623285e84a1038 a63c5b0635d6c4eb24bb466c70318c15f062add7 > files-in-commit.txt	2025-06-25T12:06:29.4199744Z I-3 Calculamos el modulo shlint.yml
job-core	Run git diff --name-only 6922a08b243d7d5505d5a336f3623285e84a1038 a63c5b0635d6c4eb24bb466c70318c15f062add7 > files-in-commit.txt	2025-06-25T12:06:29.4201525Z II Leemos el array de ***
job-core	Run git diff --name-only 6922a08b243d7d5505d5a336f3623285e84a1038 a63c5b0635d6c4eb24bb466c70318c15f062add7 > files-in-commit.txt	2025-06-25T12:06:29.4203150Z VII No es igual sh a *** y lo indicamos en la variable extension_failed=1
job-core	Run git diff --name-only 6922a08b243d7d5505d5a336f3623285e84a1038 a63c5b0635d6c4eb24bb466c70318c15f062add7 > files-in-commit.txt	2025-06-25T12:06:29.4206833Z X Si extension falla falla (1) aÃ±adimos el comentario a la issue
job-core	Run git diff --name-only 6922a08b243d7d5505d5a336f3623285e84a1038 a63c5b0635d6c4eb24bb466c70318c15f062add7 > files-in-commit.txt	2025-06-25T12:06:30.3956603Z https://github.com/Ka0s-Klaus/ka0s/issues/1224#issuecomment-3004530743
job-core	Run git diff --name-only 6922a08b243d7d5505d5a336f3623285e84a1038 a63c5b0635d6c4eb24bb466c70318c15f062add7 > files-in-commit.txt	2025-06-25T12:06:30.4008492Z Skipping file in outputs directory: core/outputs/i/15850069474.json
job-core	Run git diff --name-only 6922a08b243d7d5505d5a336f3623285e84a1038 a63c5b0635d6c4eb24bb466c70318c15f062add7 > files-in-commit.txt	2025-06-25T12:06:30.4009153Z Skipping file in outputs directory: core/outputs/i/15850069474.log
job-core	Run git diff --name-only 6922a08b243d7d5505d5a336f3623285e84a1038 a63c5b0635d6c4eb24bb466c70318c15f062add7 > files-in-commit.txt	2025-06-25T12:06:30.4009614Z Skipping file in outputs directory: core/outputs/i/15865092984.json
job-core	Run git diff --name-only 6922a08b243d7d5505d5a336f3623285e84a1038 a63c5b0635d6c4eb24bb466c70318c15f062add7 > files-in-commit.txt	2025-06-25T12:06:30.4010256Z Skipping file in outputs directory: core/outputs/i/15865092984.log
job-core	Run git diff --name-only 6922a08b243d7d5505d5a336f3623285e84a1038 a63c5b0635d6c4eb24bb466c70318c15f062add7 > files-in-commit.txt	2025-06-25T12:06:30.4011406Z Skipping file in outputs directory: core/outputs/i/15874833042.json
job-core	Run git diff --name-only 6922a08b243d7d5505d5a336f3623285e84a1038 a63c5b0635d6c4eb24bb466c70318c15f062add7 > files-in-commit.txt	2025-06-25T12:06:30.4011917Z Skipping file in outputs directory: core/outputs/i/15874833042.log
job-core	Run git diff --name-only 6922a08b243d7d5505d5a336f3623285e84a1038 a63c5b0635d6c4eb24bb466c70318c15f062add7 > files-in-commit.txt	2025-06-25T12:06:30.4012397Z Skipping file in outputs directory: core/outputs/i/15875754208.json
job-core	Run git diff --name-only 6922a08b243d7d5505d5a336f3623285e84a1038 a63c5b0635d6c4eb24bb466c70318c15f062add7 > files-in-commit.txt	2025-06-25T12:06:30.4012874Z Skipping file in outputs directory: core/outputs/i/15875754208.log
job-core	Run git diff --name-only 6922a08b243d7d5505d5a336f3623285e84a1038 a63c5b0635d6c4eb24bb466c70318c15f062add7 > files-in-commit.txt	2025-06-25T12:06:30.4013594Z Skipping file in outputs directory: core/outputs/w/kaos-142022472-statistics.json
job-core	Run git diff --name-only 6922a08b243d7d5505d5a336f3623285e84a1038 a63c5b0635d6c4eb24bb466c70318c15f062add7 > files-in-commit.txt	2025-06-25T12:06:30.4014214Z Skipping file in outputs directory: core/outputs/w/kaos-142065355-statistics.json
job-core	Run git diff --name-only 6922a08b243d7d5505d5a336f3623285e84a1038 a63c5b0635d6c4eb24bb466c70318c15f062add7 > files-in-commit.txt	2025-06-25T12:06:30.4014807Z Skipping file in outputs directory: core/outputs/w/kaos-151629566-statistics.json
job-core	Run git diff --name-only 6922a08b243d7d5505d5a336f3623285e84a1038 a63c5b0635d6c4eb24bb466c70318c15f062add7 > files-in-commit.txt	2025-06-25T12:06:30.4015391Z Skipping file in outputs directory: core/outputs/w/kaos-153261529-statistics.json
job-core	Run git diff --name-only 6922a08b243d7d5505d5a336f3623285e84a1038 a63c5b0635d6c4eb24bb466c70318c15f062add7 > files-in-commit.txt	2025-06-25T12:06:30.4015982Z Skipping file in outputs directory: core/outputs/w/kaos-170415154-statistics.json
job-core	Run git diff --name-only 6922a08b243d7d5505d5a336f3623285e84a1038 a63c5b0635d6c4eb24bb466c70318c15f062add7 > files-in-commit.txt	2025-06-25T12:06:30.4016589Z Skipping file in outputs directory: core/outputs/w/kaos-170415155-statistics.json
job-core	Run git diff --name-only 6922a08b243d7d5505d5a336f3623285e84a1038 a63c5b0635d6c4eb24bb466c70318c15f062add7 > files-in-commit.txt	2025-06-25T12:06:30.4017175Z Skipping file in outputs directory: core/outputs/w/kaos-170415156-statistics.json
job-core	Run git diff --name-only 6922a08b243d7d5505d5a336f3623285e84a1038 a63c5b0635d6c4eb24bb466c70318c15f062add7 > files-in-commit.txt	2025-06-25T12:06:30.4017768Z Skipping file in outputs directory: core/outputs/w/kaos-170415157-statistics.json
job-core	Run git diff --name-only 6922a08b243d7d5505d5a336f3623285e84a1038 a63c5b0635d6c4eb24bb466c70318c15f062add7 > files-in-commit.txt	2025-06-25T12:06:30.4018358Z Skipping file in outputs directory: core/outputs/w/kaos-170415158-statistics.json
job-core	Run git diff --name-only 6922a08b243d7d5505d5a336f3623285e84a1038 a63c5b0635d6c4eb24bb466c70318c15f062add7 > files-in-commit.txt	2025-06-25T12:06:30.4019175Z Skipping file in outputs directory: core/outputs/w/kaos-170415159-statistics.json
job-core	Run git diff --name-only 6922a08b243d7d5505d5a336f3623285e84a1038 a63c5b0635d6c4eb24bb466c70318c15f062add7 > files-in-commit.txt	2025-06-25T12:06:30.4019715Z Skipping file in outputs directory: core/outputs/w/kaos-issue.json
job-core	Run git diff --name-only 6922a08b243d7d5505d5a336f3623285e84a1038 a63c5b0635d6c4eb24bb466c70318c15f062add7 > files-in-commit.txt	2025-06-25T12:06:30.4020306Z Skipping file in outputs directory: core/outputs/w/kaos-repository-global-statistics.json
job-core	Run git diff --name-only 6922a08b243d7d5505d5a336f3623285e84a1038 a63c5b0635d6c4eb24bb466c70318c15f062add7 > files-in-commit.txt	2025-06-25T12:06:30.4020951Z Skipping file in outputs directory: core/outputs/w/kaos-workflows-available.json
job-core	Run git diff --name-only 6922a08b243d7d5505d5a336f3623285e84a1038 a63c5b0635d6c4eb24bb466c70318c15f062add7 > files-in-commit.txt	2025-06-25T12:06:30.4021526Z Skipping file in outputs directory: core/outputs/w/kaos-workflows-runs.json
job-core	Run git diff --name-only 6922a08b243d7d5505d5a336f3623285e84a1038 a63c5b0635d6c4eb24bb466c70318c15f062add7 > files-in-commit.txt	2025-06-25T12:06:30.4022125Z Skipping file in outputs directory: core/outputs/w/workflows-available-15865092984.json
job-core	Run git diff --name-only 6922a08b243d7d5505d5a336f3623285e84a1038 a63c5b0635d6c4eb24bb466c70318c15f062add7 > files-in-commit.txt	2025-06-25T12:06:30.4022743Z Skipping file in outputs directory: core/outputs/w/workflows-runs-15865092984.json
job-core	Run git diff --name-only 6922a08b243d7d5505d5a336f3623285e84a1038 a63c5b0635d6c4eb24bb466c70318c15f062add7 > files-in-commit.txt	2025-06-25T12:06:30.4023345Z I Leemos el fichero files-in-commit.txt y extraemos el fichero core/runner/Dockerfile
job-core	Run git diff --name-only 6922a08b243d7d5505d5a336f3623285e84a1038 a63c5b0635d6c4eb24bb466c70318c15f062add7 > files-in-commit.txt	2025-06-25T12:06:30.4026531Z I-1 Calculamos el nombre del fichero Dockerfile
job-core	Run git diff --name-only 6922a08b243d7d5505d5a336f3623285e84a1038 a63c5b0635d6c4eb24bb466c70318c15f062add7 > files-in-commit.txt	2025-06-25T12:06:30.4026956Z I-2 Calculamos la extension del fichero Dockerfile
job-core	Run git diff --name-only 6922a08b243d7d5505d5a336f3623285e84a1038 a63c5b0635d6c4eb24bb466c70318c15f062add7 > files-in-commit.txt	2025-06-25T12:06:30.4027347Z I-3 Calculamos el modulo Dockerfilelint.yml
job-core	Run git diff --name-only 6922a08b243d7d5505d5a336f3623285e84a1038 a63c5b0635d6c4eb24bb466c70318c15f062add7 > files-in-commit.txt	2025-06-25T12:06:30.4027761Z II Leemos el array de ***
job-core	Run git diff --name-only 6922a08b243d7d5505d5a336f3623285e84a1038 a63c5b0635d6c4eb24bb466c70318c15f062add7 > files-in-commit.txt	2025-06-25T12:06:30.4028180Z VII No es igual Dockerfile a *** y lo indicamos en la variable extension_failed=1
job-core	Run git diff --name-only 6922a08b243d7d5505d5a336f3623285e84a1038 a63c5b0635d6c4eb24bb466c70318c15f062add7 > files-in-commit.txt	2025-06-25T12:06:30.4029480Z X Si extension falla falla (1) aÃ±adimos el comentario a la issue
job-core	Run git diff --name-only 6922a08b243d7d5505d5a336f3623285e84a1038 a63c5b0635d6c4eb24bb466c70318c15f062add7 > files-in-commit.txt	2025-06-25T12:06:31.3646432Z https://github.com/Ka0s-Klaus/ka0s/issues/1224#issuecomment-3004530788
job-core	Run git diff --name-only 6922a08b243d7d5505d5a336f3623285e84a1038 a63c5b0635d6c4eb24bb466c70318c15f062add7 > files-in-commit.txt	2025-06-25T12:06:31.3699369Z I Leemos el fichero files-in-commit.txt y extraemos el fichero transfer/README.***
job-core	Run git diff --name-only 6922a08b243d7d5505d5a336f3623285e84a1038 a63c5b0635d6c4eb24bb466c70318c15f062add7 > files-in-commit.txt	2025-06-25T12:06:31.3711408Z I-1 Calculamos el nombre del fichero README.***
job-core	Run git diff --name-only 6922a08b243d7d5505d5a336f3623285e84a1038 a63c5b0635d6c4eb24bb466c70318c15f062add7 > files-in-commit.txt	2025-06-25T12:06:31.3711827Z I-2 Calculamos la extension del fichero ***
job-core	Run git diff --name-only 6922a08b243d7d5505d5a336f3623285e84a1038 a63c5b0635d6c4eb24bb466c70318c15f062add7 > files-in-commit.txt	2025-06-25T12:06:31.3712164Z I-3 Calculamos el modulo ***lint.yml
job-core	Run git diff --name-only 6922a08b243d7d5505d5a336f3623285e84a1038 a63c5b0635d6c4eb24bb466c70318c15f062add7 > files-in-commit.txt	2025-06-25T12:06:31.3712456Z II Leemos el array de ***
job-core	Run git diff --name-only 6922a08b243d7d5505d5a336f3623285e84a1038 a63c5b0635d6c4eb24bb466c70318c15f062add7 > files-in-commit.txt	2025-06-25T12:06:31.3714085Z III Comprobamos si *** es igual a ***
job-core	Run git diff --name-only 6922a08b243d7d5505d5a336f3623285e84a1038 a63c5b0635d6c4eb24bb466c70318c15f062add7 > files-in-commit.txt	2025-06-25T12:06:31.3714715Z IV Leemos el array ***lint.yml
job-core	Run git diff --name-only 6922a08b243d7d5505d5a336f3623285e84a1038 a63c5b0635d6c4eb24bb466c70318c15f062add7 > files-in-commit.txt	2025-06-25T12:06:31.3715278Z V Comprobamos que el ***lint.yml es igual a ***lint.yml y ejecutamos el flujo
job-core	Run git diff --name-only 6922a08b243d7d5505d5a336f3623285e84a1038 a63c5b0635d6c4eb24bb466c70318c15f062add7 > files-in-commit.txt	2025-06-25T12:06:31.3734872Z El numero de la issue es: 1224
job-core	Run git diff --name-only 6922a08b243d7d5505d5a336f3623285e84a1038 a63c5b0635d6c4eb24bb466c70318c15f062add7 > files-in-commit.txt	2025-06-25T12:06:32.0131484Z I Leemos el fichero files-in-commit.txt y extraemos el fichero transfer/github_stats.py
job-core	Run git diff --name-only 6922a08b243d7d5505d5a336f3623285e84a1038 a63c5b0635d6c4eb24bb466c70318c15f062add7 > files-in-commit.txt	2025-06-25T12:06:32.0142930Z I-1 Calculamos el nombre del fichero github_stats.py
job-core	Run git diff --name-only 6922a08b243d7d5505d5a336f3623285e84a1038 a63c5b0635d6c4eb24bb466c70318c15f062add7 > files-in-commit.txt	2025-06-25T12:06:32.0143399Z I-2 Calculamos la extension del fichero py
job-core	Run git diff --name-only 6922a08b243d7d5505d5a336f3623285e84a1038 a63c5b0635d6c4eb24bb466c70318c15f062add7 > files-in-commit.txt	2025-06-25T12:06:32.0143729Z I-3 Calculamos el modulo pylint.yml
job-core	Run git diff --name-only 6922a08b243d7d5505d5a336f3623285e84a1038 a63c5b0635d6c4eb24bb466c70318c15f062add7 > files-in-commit.txt	2025-06-25T12:06:32.0144105Z II Leemos el array de ***
job-core	Run git diff --name-only 6922a08b243d7d5505d5a336f3623285e84a1038 a63c5b0635d6c4eb24bb466c70318c15f062add7 > files-in-commit.txt	2025-06-25T12:06:32.0144489Z VII No es igual py a *** y lo indicamos en la variable extension_failed=1
job-core	Run git diff --name-only 6922a08b243d7d5505d5a336f3623285e84a1038 a63c5b0635d6c4eb24bb466c70318c15f062add7 > files-in-commit.txt	2025-06-25T12:06:32.0145233Z X Si extension falla falla (1) aÃ±adimos el comentario a la issue
job-core	Run git diff --name-only 6922a08b243d7d5505d5a336f3623285e84a1038 a63c5b0635d6c4eb24bb466c70318c15f062add7 > files-in-commit.txt	2025-06-25T12:06:32.9293330Z https://github.com/Ka0s-Klaus/ka0s/issues/1224#issuecomment-3004530853
job-core	Run git diff --name-only 6922a08b243d7d5505d5a336f3623285e84a1038 a63c5b0635d6c4eb24bb466c70318c15f062add7 > files-in-commit.txt	2025-06-25T12:06:32.9341182Z I Leemos el fichero files-in-commit.txt y extraemos el fichero transfer/github_stats_v2.py
job-core	Run git diff --name-only 6922a08b243d7d5505d5a336f3623285e84a1038 a63c5b0635d6c4eb24bb466c70318c15f062add7 > files-in-commit.txt	2025-06-25T12:06:32.9353705Z I-1 Calculamos el nombre del fichero github_stats_v2.py
job-core	Run git diff --name-only 6922a08b243d7d5505d5a336f3623285e84a1038 a63c5b0635d6c4eb24bb466c70318c15f062add7 > files-in-commit.txt	2025-06-25T12:06:32.9354152Z I-2 Calculamos la extension del fichero py
job-core	Run git diff --name-only 6922a08b243d7d5505d5a336f3623285e84a1038 a63c5b0635d6c4eb24bb466c70318c15f062add7 > files-in-commit.txt	2025-06-25T12:06:32.9354522Z I-3 Calculamos el modulo pylint.yml
job-core	Run git diff --name-only 6922a08b243d7d5505d5a336f3623285e84a1038 a63c5b0635d6c4eb24bb466c70318c15f062add7 > files-in-commit.txt	2025-06-25T12:06:32.9354903Z II Leemos el array de ***
job-core	Run git diff --name-only 6922a08b243d7d5505d5a336f3623285e84a1038 a63c5b0635d6c4eb24bb466c70318c15f062add7 > files-in-commit.txt	2025-06-25T12:06:32.9355279Z VII No es igual py a *** y lo indicamos en la variable extension_failed=1
job-core	Run git diff --name-only 6922a08b243d7d5505d5a336f3623285e84a1038 a63c5b0635d6c4eb24bb466c70318c15f062add7 > files-in-commit.txt	2025-06-25T12:06:32.9356004Z X Si extension falla falla (1) aÃ±adimos el comentario a la issue
job-core	Run git diff --name-only 6922a08b243d7d5505d5a336f3623285e84a1038 a63c5b0635d6c4eb24bb466c70318c15f062add7 > files-in-commit.txt	2025-06-25T12:06:33.9922791Z https://github.com/Ka0s-Klaus/ka0s/issues/1224#issuecomment-3004530898
job-core	Run git diff --name-only 6922a08b243d7d5505d5a336f3623285e84a1038 a63c5b0635d6c4eb24bb466c70318c15f062add7 > files-in-commit.txt	2025-06-25T12:06:33.9979761Z I Leemos el fichero files-in-commit.txt y extraemos el fichero transfer/github_stats_v3.py
job-core	Run git diff --name-only 6922a08b243d7d5505d5a336f3623285e84a1038 a63c5b0635d6c4eb24bb466c70318c15f062add7 > files-in-commit.txt	2025-06-25T12:06:33.9992259Z I-1 Calculamos el nombre del fichero github_stats_v3.py
job-core	Run git diff --name-only 6922a08b243d7d5505d5a336f3623285e84a1038 a63c5b0635d6c4eb24bb466c70318c15f062add7 > files-in-commit.txt	2025-06-25T12:06:33.9992684Z I-2 Calculamos la extension del fichero py
job-core	Run git diff --name-only 6922a08b243d7d5505d5a336f3623285e84a1038 a63c5b0635d6c4eb24bb466c70318c15f062add7 > files-in-commit.txt	2025-06-25T12:06:33.9993021Z I-3 Calculamos el modulo pylint.yml
job-core	Run git diff --name-only 6922a08b243d7d5505d5a336f3623285e84a1038 a63c5b0635d6c4eb24bb466c70318c15f062add7 > files-in-commit.txt	2025-06-25T12:06:33.9993412Z II Leemos el array de ***
job-core	Run git diff --name-only 6922a08b243d7d5505d5a336f3623285e84a1038 a63c5b0635d6c4eb24bb466c70318c15f062add7 > files-in-commit.txt	2025-06-25T12:06:33.9993802Z VII No es igual py a *** y lo indicamos en la variable extension_failed=1
job-core	Run git diff --name-only 6922a08b243d7d5505d5a336f3623285e84a1038 a63c5b0635d6c4eb24bb466c70318c15f062add7 > files-in-commit.txt	2025-06-25T12:06:33.9994548Z X Si extension falla falla (1) aÃ±adimos el comentario a la issue
job-core	Run git diff --name-only 6922a08b243d7d5505d5a336f3623285e84a1038 a63c5b0635d6c4eb24bb466c70318c15f062add7 > files-in-commit.txt	2025-06-25T12:06:34.9225898Z https://github.com/Ka0s-Klaus/ka0s/issues/1224#issuecomment-3004530942
job-core	Run git diff --name-only 6922a08b243d7d5505d5a336f3623285e84a1038 a63c5b0635d6c4eb24bb466c70318c15f062add7 > files-in-commit.txt	2025-06-25T12:06:34.9278977Z I Leemos el fichero files-in-commit.txt y extraemos el fichero transfer/github_stats_v4.py
job-core	Run git diff --name-only 6922a08b243d7d5505d5a336f3623285e84a1038 a63c5b0635d6c4eb24bb466c70318c15f062add7 > files-in-commit.txt	2025-06-25T12:06:34.9290929Z I-1 Calculamos el nombre del fichero github_stats_v4.py
job-core	Run git diff --name-only 6922a08b243d7d5505d5a336f3623285e84a1038 a63c5b0635d6c4eb24bb466c70318c15f062add7 > files-in-commit.txt	2025-06-25T12:06:34.9291373Z I-2 Calculamos la extension del fichero py
job-core	Run git diff --name-only 6922a08b243d7d5505d5a336f3623285e84a1038 a63c5b0635d6c4eb24bb466c70318c15f062add7 > files-in-commit.txt	2025-06-25T12:06:34.9291704Z I-3 Calculamos el modulo pylint.yml
job-core	Run git diff --name-only 6922a08b243d7d5505d5a336f3623285e84a1038 a63c5b0635d6c4eb24bb466c70318c15f062add7 > files-in-commit.txt	2025-06-25T12:06:34.9292084Z II Leemos el array de ***
job-core	Run git diff --name-only 6922a08b243d7d5505d5a336f3623285e84a1038 a63c5b0635d6c4eb24bb466c70318c15f062add7 > files-in-commit.txt	2025-06-25T12:06:34.9292529Z VII No es igual py a *** y lo indicamos en la variable extension_failed=1
job-core	Run git diff --name-only 6922a08b243d7d5505d5a336f3623285e84a1038 a63c5b0635d6c4eb24bb466c70318c15f062add7 > files-in-commit.txt	2025-06-25T12:06:34.9293283Z X Si extension falla falla (1) aÃ±adimos el comentario a la issue
job-core	Run git diff --name-only 6922a08b243d7d5505d5a336f3623285e84a1038 a63c5b0635d6c4eb24bb466c70318c15f062add7 > files-in-commit.txt	2025-06-25T12:06:35.9707017Z https://github.com/Ka0s-Klaus/ka0s/issues/1224#issuecomment-3004531010
job-core	Run git diff --name-only 6922a08b243d7d5505d5a336f3623285e84a1038 a63c5b0635d6c4eb24bb466c70318c15f062add7 > files-in-commit.txt	2025-06-25T12:06:35.9729234Z I Leemos el fichero files-in-commit.txt y extraemos el fichero transfer/hosts/Dockerfile_autom
job-core	Run git diff --name-only 6922a08b243d7d5505d5a336f3623285e84a1038 a63c5b0635d6c4eb24bb466c70318c15f062add7 > files-in-commit.txt	2025-06-25T12:06:35.9742983Z I-1 Calculamos el nombre del fichero Dockerfile_autom
job-core	Run git diff --name-only 6922a08b243d7d5505d5a336f3623285e84a1038 a63c5b0635d6c4eb24bb466c70318c15f062add7 > files-in-commit.txt	2025-06-25T12:06:35.9744601Z I-2 Calculamos la extension del fichero Dockerfile_autom
job-core	Run git diff --name-only 6922a08b243d7d5505d5a336f3623285e84a1038 a63c5b0635d6c4eb24bb466c70318c15f062add7 > files-in-commit.txt	2025-06-25T12:06:35.9745003Z I-3 Calculamos el modulo Dockerfile_automlint.yml
job-core	Run git diff --name-only 6922a08b243d7d5505d5a336f3623285e84a1038 a63c5b0635d6c4eb24bb466c70318c15f062add7 > files-in-commit.txt	2025-06-25T12:06:35.9745439Z II Leemos el array de ***
job-core	Run git diff --name-only 6922a08b243d7d5505d5a336f3623285e84a1038 a63c5b0635d6c4eb24bb466c70318c15f062add7 > files-in-commit.txt	2025-06-25T12:06:35.9745861Z VII No es igual Dockerfile_autom a *** y lo indicamos en la variable extension_failed=1
job-core	Run git diff --name-only 6922a08b243d7d5505d5a336f3623285e84a1038 a63c5b0635d6c4eb24bb466c70318c15f062add7 > files-in-commit.txt	2025-06-25T12:06:35.9746661Z X Si extension falla falla (1) aÃ±adimos el comentario a la issue
job-core	Run git diff --name-only 6922a08b243d7d5505d5a336f3623285e84a1038 a63c5b0635d6c4eb24bb466c70318c15f062add7 > files-in-commit.txt	2025-06-25T12:06:36.8913735Z https://github.com/Ka0s-Klaus/ka0s/issues/1224#issuecomment-3004531059
job-core	Run git diff --name-only 6922a08b243d7d5505d5a336f3623285e84a1038 a63c5b0635d6c4eb24bb466c70318c15f062add7 > files-in-commit.txt	2025-06-25T12:06:36.8963340Z I Leemos el fichero files-in-commit.txt y extraemos el fichero transfer/hosts/README.***
job-core	Run git diff --name-only 6922a08b243d7d5505d5a336f3623285e84a1038 a63c5b0635d6c4eb24bb466c70318c15f062add7 > files-in-commit.txt	2025-06-25T12:06:36.8974370Z I-1 Calculamos el nombre del fichero README.***
job-core	Run git diff --name-only 6922a08b243d7d5505d5a336f3623285e84a1038 a63c5b0635d6c4eb24bb466c70318c15f062add7 > files-in-commit.txt	2025-06-25T12:06:36.8974757Z I-2 Calculamos la extension del fichero ***
job-core	Run git diff --name-only 6922a08b243d7d5505d5a336f3623285e84a1038 a63c5b0635d6c4eb24bb466c70318c15f062add7 > files-in-commit.txt	2025-06-25T12:06:36.8975180Z I-3 Calculamos el modulo ***lint.yml
job-core	Run git diff --name-only 6922a08b243d7d5505d5a336f3623285e84a1038 a63c5b0635d6c4eb24bb466c70318c15f062add7 > files-in-commit.txt	2025-06-25T12:06:36.8975474Z II Leemos el array de ***
job-core	Run git diff --name-only 6922a08b243d7d5505d5a336f3623285e84a1038 a63c5b0635d6c4eb24bb466c70318c15f062add7 > files-in-commit.txt	2025-06-25T12:06:36.8975856Z III Comprobamos si *** es igual a ***
job-core	Run git diff --name-only 6922a08b243d7d5505d5a336f3623285e84a1038 a63c5b0635d6c4eb24bb466c70318c15f062add7 > files-in-commit.txt	2025-06-25T12:06:36.8976831Z IV Leemos el array ***lint.yml
job-core	Run git diff --name-only 6922a08b243d7d5505d5a336f3623285e84a1038 a63c5b0635d6c4eb24bb466c70318c15f062add7 > files-in-commit.txt	2025-06-25T12:06:36.8977601Z V Comprobamos que el ***lint.yml es igual a ***lint.yml y ejecutamos el flujo
job-core	Run git diff --name-only 6922a08b243d7d5505d5a336f3623285e84a1038 a63c5b0635d6c4eb24bb466c70318c15f062add7 > files-in-commit.txt	2025-06-25T12:06:36.8997683Z El numero de la issue es: 1224
job-core	Run git diff --name-only 6922a08b243d7d5505d5a336f3623285e84a1038 a63c5b0635d6c4eb24bb466c70318c15f062add7 > files-in-commit.txt	2025-06-25T12:06:37.5634521Z I Leemos el fichero files-in-commit.txt y extraemos el fichero transfer/hosts/alert.sh
job-core	Run git diff --name-only 6922a08b243d7d5505d5a336f3623285e84a1038 a63c5b0635d6c4eb24bb466c70318c15f062add7 > files-in-commit.txt	2025-06-25T12:06:37.5646813Z I-1 Calculamos el nombre del fichero alert.sh
job-core	Run git diff --name-only 6922a08b243d7d5505d5a336f3623285e84a1038 a63c5b0635d6c4eb24bb466c70318c15f062add7 > files-in-commit.txt	2025-06-25T12:06:37.5647191Z I-2 Calculamos la extension del fichero sh
job-core	Run git diff --name-only 6922a08b243d7d5505d5a336f3623285e84a1038 a63c5b0635d6c4eb24bb466c70318c15f062add7 > files-in-commit.txt	2025-06-25T12:06:37.5647509Z I-3 Calculamos el modulo shlint.yml
job-core	Run git diff --name-only 6922a08b243d7d5505d5a336f3623285e84a1038 a63c5b0635d6c4eb24bb466c70318c15f062add7 > files-in-commit.txt	2025-06-25T12:06:37.5647864Z II Leemos el array de ***
job-core	Run git diff --name-only 6922a08b243d7d5505d5a336f3623285e84a1038 a63c5b0635d6c4eb24bb466c70318c15f062add7 > files-in-commit.txt	2025-06-25T12:06:37.5648220Z VII No es igual sh a *** y lo indicamos en la variable extension_failed=1
job-core	Run git diff --name-only 6922a08b243d7d5505d5a336f3623285e84a1038 a63c5b0635d6c4eb24bb466c70318c15f062add7 > files-in-commit.txt	2025-06-25T12:06:37.5648984Z X Si extension falla falla (1) aÃ±adimos el comentario a la issue
job-core	Run git diff --name-only 6922a08b243d7d5505d5a336f3623285e84a1038 a63c5b0635d6c4eb24bb466c70318c15f062add7 > files-in-commit.txt	2025-06-25T12:06:38.5449104Z https://github.com/Ka0s-Klaus/ka0s/issues/1224#issuecomment-3004531132
job-core	Run git diff --name-only 6922a08b243d7d5505d5a336f3623285e84a1038 a63c5b0635d6c4eb24bb466c70318c15f062add7 > files-in-commit.txt	2025-06-25T12:06:38.5467699Z I Leemos el fichero files-in-commit.txt y extraemos el fichero transfer/hosts/audit.sh
job-core	Run git diff --name-only 6922a08b243d7d5505d5a336f3623285e84a1038 a63c5b0635d6c4eb24bb466c70318c15f062add7 > files-in-commit.txt	2025-06-25T12:06:38.5479135Z I-1 Calculamos el nombre del fichero audit.sh
job-core	Run git diff --name-only 6922a08b243d7d5505d5a336f3623285e84a1038 a63c5b0635d6c4eb24bb466c70318c15f062add7 > files-in-commit.txt	2025-06-25T12:06:38.5479575Z I-2 Calculamos la extension del fichero sh
job-core	Run git diff --name-only 6922a08b243d7d5505d5a336f3623285e84a1038 a63c5b0635d6c4eb24bb466c70318c15f062add7 > files-in-commit.txt	2025-06-25T12:06:38.5479887Z I-3 Calculamos el modulo shlint.yml
job-core	Run git diff --name-only 6922a08b243d7d5505d5a336f3623285e84a1038 a63c5b0635d6c4eb24bb466c70318c15f062add7 > files-in-commit.txt	2025-06-25T12:06:38.5480247Z II Leemos el array de ***
job-core	Run git diff --name-only 6922a08b243d7d5505d5a336f3623285e84a1038 a63c5b0635d6c4eb24bb466c70318c15f062add7 > files-in-commit.txt	2025-06-25T12:06:38.5480610Z VII No es igual sh a *** y lo indicamos en la variable extension_failed=1
job-core	Run git diff --name-only 6922a08b243d7d5505d5a336f3623285e84a1038 a63c5b0635d6c4eb24bb466c70318c15f062add7 > files-in-commit.txt	2025-06-25T12:06:38.5481351Z X Si extension falla falla (1) aÃ±adimos el comentario a la issue
job-core	Run git diff --name-only 6922a08b243d7d5505d5a336f3623285e84a1038 a63c5b0635d6c4eb24bb466c70318c15f062add7 > files-in-commit.txt	2025-06-25T12:06:39.5114015Z https://github.com/Ka0s-Klaus/ka0s/issues/1224#issuecomment-3004531179
job-core	Run git diff --name-only 6922a08b243d7d5505d5a336f3623285e84a1038 a63c5b0635d6c4eb24bb466c70318c15f062add7 > files-in-commit.txt	2025-06-25T12:06:39.5134735Z I Leemos el fichero files-in-commit.txt y extraemos el fichero transfer/hosts/deploy_autom.yml
job-core	Run git diff --name-only 6922a08b243d7d5505d5a336f3623285e84a1038 a63c5b0635d6c4eb24bb466c70318c15f062add7 > files-in-commit.txt	2025-06-25T12:06:39.5149817Z I-1 Calculamos el nombre del fichero deploy_autom.yml
job-core	Run git diff --name-only 6922a08b243d7d5505d5a336f3623285e84a1038 a63c5b0635d6c4eb24bb466c70318c15f062add7 > files-in-commit.txt	2025-06-25T12:06:39.5150282Z I-2 Calculamos la extension del fichero yml
job-core	Run git diff --name-only 6922a08b243d7d5505d5a336f3623285e84a1038 a63c5b0635d6c4eb24bb466c70318c15f062add7 > files-in-commit.txt	2025-06-25T12:06:39.5150614Z I-3 Calculamos el modulo ymllint.yml
job-core	Run git diff --name-only 6922a08b243d7d5505d5a336f3623285e84a1038 a63c5b0635d6c4eb24bb466c70318c15f062add7 > files-in-commit.txt	2025-06-25T12:06:39.5150974Z II Leemos el array de ***
job-core	Run git diff --name-only 6922a08b243d7d5505d5a336f3623285e84a1038 a63c5b0635d6c4eb24bb466c70318c15f062add7 > files-in-commit.txt	2025-06-25T12:06:39.5151340Z VII No es igual yml a *** y lo indicamos en la variable extension_failed=1
job-core	Run git diff --name-only 6922a08b243d7d5505d5a336f3623285e84a1038 a63c5b0635d6c4eb24bb466c70318c15f062add7 > files-in-commit.txt	2025-06-25T12:06:39.5152223Z X Si extension falla falla (1) aÃ±adimos el comentario a la issue
job-core	Run git diff --name-only 6922a08b243d7d5505d5a336f3623285e84a1038 a63c5b0635d6c4eb24bb466c70318c15f062add7 > files-in-commit.txt	2025-06-25T12:06:40.4436382Z https://github.com/Ka0s-Klaus/ka0s/issues/1224#issuecomment-3004531209
job-core	Run git diff --name-only 6922a08b243d7d5505d5a336f3623285e84a1038 a63c5b0635d6c4eb24bb466c70318c15f062add7 > files-in-commit.txt	2025-06-25T12:06:40.4472543Z I Leemos el fichero files-in-commit.txt y extraemos el fichero transfer/hosts/docker-compose_autom.yml
job-core	Run git diff --name-only 6922a08b243d7d5505d5a336f3623285e84a1038 a63c5b0635d6c4eb24bb466c70318c15f062add7 > files-in-commit.txt	2025-06-25T12:06:40.4494243Z I-1 Calculamos el nombre del fichero docker-compose_autom.yml
job-core	Run git diff --name-only 6922a08b243d7d5505d5a336f3623285e84a1038 a63c5b0635d6c4eb24bb466c70318c15f062add7 > files-in-commit.txt	2025-06-25T12:06:40.4495255Z I-2 Calculamos la extension del fichero yml
job-core	Run git diff --name-only 6922a08b243d7d5505d5a336f3623285e84a1038 a63c5b0635d6c4eb24bb466c70318c15f062add7 > files-in-commit.txt	2025-06-25T12:06:40.4495984Z I-3 Calculamos el modulo ymllint.yml
job-core	Run git diff --name-only 6922a08b243d7d5505d5a336f3623285e84a1038 a63c5b0635d6c4eb24bb466c70318c15f062add7 > files-in-commit.txt	2025-06-25T12:06:40.4496754Z II Leemos el array de ***
job-core	Run git diff --name-only 6922a08b243d7d5505d5a336f3623285e84a1038 a63c5b0635d6c4eb24bb466c70318c15f062add7 > files-in-commit.txt	2025-06-25T12:06:40.4497573Z VII No es igual yml a *** y lo indicamos en la variable extension_failed=1
job-core	Run git diff --name-only 6922a08b243d7d5505d5a336f3623285e84a1038 a63c5b0635d6c4eb24bb466c70318c15f062add7 > files-in-commit.txt	2025-06-25T12:06:40.4499409Z X Si extension falla falla (1) aÃ±adimos el comentario a la issue
job-core	Run git diff --name-only 6922a08b243d7d5505d5a336f3623285e84a1038 a63c5b0635d6c4eb24bb466c70318c15f062add7 > files-in-commit.txt	2025-06-25T12:06:41.4671901Z https://github.com/Ka0s-Klaus/ka0s/issues/1224#issuecomment-3004531245
job-core	Run git diff --name-only 6922a08b243d7d5505d5a336f3623285e84a1038 a63c5b0635d6c4eb24bb466c70318c15f062add7 > files-in-commit.txt	2025-06-25T12:06:41.4720508Z I Leemos el fichero files-in-commit.txt y extraemos el fichero transfer/hosts/index.html
job-core	Run git diff --name-only 6922a08b243d7d5505d5a336f3623285e84a1038 a63c5b0635d6c4eb24bb466c70318c15f062add7 > files-in-commit.txt	2025-06-25T12:06:41.4732233Z I-1 Calculamos el nombre del fichero index.html
job-core	Run git diff --name-only 6922a08b243d7d5505d5a336f3623285e84a1038 a63c5b0635d6c4eb24bb466c70318c15f062add7 > files-in-commit.txt	2025-06-25T12:06:41.4735206Z I-2 Calculamos la extension del fichero html
job-core	Run git diff --name-only 6922a08b243d7d5505d5a336f3623285e84a1038 a63c5b0635d6c4eb24bb466c70318c15f062add7 > files-in-commit.txt	2025-06-25T12:06:41.4735544Z I-3 Calculamos el modulo htmllint.yml
job-core	Run git diff --name-only 6922a08b243d7d5505d5a336f3623285e84a1038 a63c5b0635d6c4eb24bb466c70318c15f062add7 > files-in-commit.txt	2025-06-25T12:06:41.4735899Z II Leemos el array de ***
job-core	Run git diff --name-only 6922a08b243d7d5505d5a336f3623285e84a1038 a63c5b0635d6c4eb24bb466c70318c15f062add7 > files-in-commit.txt	2025-06-25T12:06:41.4736405Z VII No es igual html a *** y lo indicamos en la variable extension_failed=1
job-core	Run git diff --name-only 6922a08b243d7d5505d5a336f3623285e84a1038 a63c5b0635d6c4eb24bb466c70318c15f062add7 > files-in-commit.txt	2025-06-25T12:06:41.4737166Z X Si extension falla falla (1) aÃ±adimos el comentario a la issue
job-core	Run git diff --name-only 6922a08b243d7d5505d5a336f3623285e84a1038 a63c5b0635d6c4eb24bb466c70318c15f062add7 > files-in-commit.txt	2025-06-25T12:06:42.5970361Z https://github.com/Ka0s-Klaus/ka0s/issues/1224#issuecomment-3004531297
job-core	Run git diff --name-only 6922a08b243d7d5505d5a336f3623285e84a1038 a63c5b0635d6c4eb24bb466c70318c15f062add7 > files-in-commit.txt	2025-06-25T12:06:42.5974924Z I Leemos el fichero files-in-commit.txt y extraemos el fichero transfer/hosts/linux-task-automator.***
job-core	Run git diff --name-only 6922a08b243d7d5505d5a336f3623285e84a1038 a63c5b0635d6c4eb24bb466c70318c15f062add7 > files-in-commit.txt	2025-06-25T12:06:42.5987439Z I-1 Calculamos el nombre del fichero linux-task-automator.***
job-core	Run git diff --name-only 6922a08b243d7d5505d5a336f3623285e84a1038 a63c5b0635d6c4eb24bb466c70318c15f062add7 > files-in-commit.txt	2025-06-25T12:06:42.5988081Z I-2 Calculamos la extension del fichero ***
job-core	Run git diff --name-only 6922a08b243d7d5505d5a336f3623285e84a1038 a63c5b0635d6c4eb24bb466c70318c15f062add7 > files-in-commit.txt	2025-06-25T12:06:42.5988844Z I-3 Calculamos el modulo ***lint.yml
job-core	Run git diff --name-only 6922a08b243d7d5505d5a336f3623285e84a1038 a63c5b0635d6c4eb24bb466c70318c15f062add7 > files-in-commit.txt	2025-06-25T12:06:42.5989447Z II Leemos el array de ***
job-core	Run git diff --name-only 6922a08b243d7d5505d5a336f3623285e84a1038 a63c5b0635d6c4eb24bb466c70318c15f062add7 > files-in-commit.txt	2025-06-25T12:06:42.5989964Z III Comprobamos si *** es igual a ***
job-core	Run git diff --name-only 6922a08b243d7d5505d5a336f3623285e84a1038 a63c5b0635d6c4eb24bb466c70318c15f062add7 > files-in-commit.txt	2025-06-25T12:06:42.6002102Z IV Leemos el array ***lint.yml
job-core	Run git diff --name-only 6922a08b243d7d5505d5a336f3623285e84a1038 a63c5b0635d6c4eb24bb466c70318c15f062add7 > files-in-commit.txt	2025-06-25T12:06:42.6002784Z V Comprobamos que el ***lint.yml es igual a ***lint.yml y ejecutamos el flujo
job-core	Run git diff --name-only 6922a08b243d7d5505d5a336f3623285e84a1038 a63c5b0635d6c4eb24bb466c70318c15f062add7 > files-in-commit.txt	2025-06-25T12:06:42.6016092Z El numero de la issue es: 1224
job-core	Run git diff --name-only 6922a08b243d7d5505d5a336f3623285e84a1038 a63c5b0635d6c4eb24bb466c70318c15f062add7 > files-in-commit.txt	2025-06-25T12:06:43.2487989Z I Leemos el fichero files-in-commit.txt y extraemos el fichero transfer/hosts/prompt.***
job-core	Run git diff --name-only 6922a08b243d7d5505d5a336f3623285e84a1038 a63c5b0635d6c4eb24bb466c70318c15f062add7 > files-in-commit.txt	2025-06-25T12:06:43.2530613Z I-1 Calculamos el nombre del fichero prompt.***
job-core	Run git diff --name-only 6922a08b243d7d5505d5a336f3623285e84a1038 a63c5b0635d6c4eb24bb466c70318c15f062add7 > files-in-commit.txt	2025-06-25T12:06:43.2531775Z I-2 Calculamos la extension del fichero ***
job-core	Run git diff --name-only 6922a08b243d7d5505d5a336f3623285e84a1038 a63c5b0635d6c4eb24bb466c70318c15f062add7 > files-in-commit.txt	2025-06-25T12:06:43.2532624Z I-3 Calculamos el modulo ***lint.yml
job-core	Run git diff --name-only 6922a08b243d7d5505d5a336f3623285e84a1038 a63c5b0635d6c4eb24bb466c70318c15f062add7 > files-in-commit.txt	2025-06-25T12:06:43.2533163Z II Leemos el array de ***
job-core	Run git diff --name-only 6922a08b243d7d5505d5a336f3623285e84a1038 a63c5b0635d6c4eb24bb466c70318c15f062add7 > files-in-commit.txt	2025-06-25T12:06:43.2533715Z III Comprobamos si *** es igual a ***
job-core	Run git diff --name-only 6922a08b243d7d5505d5a336f3623285e84a1038 a63c5b0635d6c4eb24bb466c70318c15f062add7 > files-in-commit.txt	2025-06-25T12:06:43.2534236Z IV Leemos el array ***lint.yml
job-core	Run git diff --name-only 6922a08b243d7d5505d5a336f3623285e84a1038 a63c5b0635d6c4eb24bb466c70318c15f062add7 > files-in-commit.txt	2025-06-25T12:06:43.2535096Z V Comprobamos que el ***lint.yml es igual a ***lint.yml y ejecutamos el flujo
job-core	Run git diff --name-only 6922a08b243d7d5505d5a336f3623285e84a1038 a63c5b0635d6c4eb24bb466c70318c15f062add7 > files-in-commit.txt	2025-06-25T12:06:43.2553312Z El numero de la issue es: 1224
job-core	Run git diff --name-only 6922a08b243d7d5505d5a336f3623285e84a1038 a63c5b0635d6c4eb24bb466c70318c15f062add7 > files-in-commit.txt	2025-06-25T12:06:43.8399815Z I Leemos el fichero files-in-commit.txt y extraemos el fichero transfer/hosts/scheduler.py
job-core	Run git diff --name-only 6922a08b243d7d5505d5a336f3623285e84a1038 a63c5b0635d6c4eb24bb466c70318c15f062add7 > files-in-commit.txt	2025-06-25T12:06:43.8413812Z I-1 Calculamos el nombre del fichero scheduler.py
job-core	Run git diff --name-only 6922a08b243d7d5505d5a336f3623285e84a1038 a63c5b0635d6c4eb24bb466c70318c15f062add7 > files-in-commit.txt	2025-06-25T12:06:43.8414229Z I-2 Calculamos la extension del fichero py
job-core	Run git diff --name-only 6922a08b243d7d5505d5a336f3623285e84a1038 a63c5b0635d6c4eb24bb466c70318c15f062add7 > files-in-commit.txt	2025-06-25T12:06:43.8414551Z I-3 Calculamos el modulo pylint.yml
job-core	Run git diff --name-only 6922a08b243d7d5505d5a336f3623285e84a1038 a63c5b0635d6c4eb24bb466c70318c15f062add7 > files-in-commit.txt	2025-06-25T12:06:43.8414914Z II Leemos el array de ***
job-core	Run git diff --name-only 6922a08b243d7d5505d5a336f3623285e84a1038 a63c5b0635d6c4eb24bb466c70318c15f062add7 > files-in-commit.txt	2025-06-25T12:06:43.8415304Z VII No es igual py a *** y lo indicamos en la variable extension_failed=1
job-core	Run git diff --name-only 6922a08b243d7d5505d5a336f3623285e84a1038 a63c5b0635d6c4eb24bb466c70318c15f062add7 > files-in-commit.txt	2025-06-25T12:06:43.8416021Z X Si extension falla falla (1) aÃ±adimos el comentario a la issue
job-core	Run git diff --name-only 6922a08b243d7d5505d5a336f3623285e84a1038 a63c5b0635d6c4eb24bb466c70318c15f062add7 > files-in-commit.txt	2025-06-25T12:06:44.8050590Z https://github.com/Ka0s-Klaus/ka0s/issues/1224#issuecomment-3004531386
job-core	Run git diff --name-only 6922a08b243d7d5505d5a336f3623285e84a1038 a63c5b0635d6c4eb24bb466c70318c15f062add7 > files-in-commit.txt	2025-06-25T12:06:44.8054296Z I Leemos el fichero files-in-commit.txt y extraemos el fichero transfer/mermaid_stats-collector.***
job-core	Run git diff --name-only 6922a08b243d7d5505d5a336f3623285e84a1038 a63c5b0635d6c4eb24bb466c70318c15f062add7 > files-in-commit.txt	2025-06-25T12:06:44.8071614Z I-1 Calculamos el nombre del fichero mermaid_stats-collector.***
job-core	Run git diff --name-only 6922a08b243d7d5505d5a336f3623285e84a1038 a63c5b0635d6c4eb24bb466c70318c15f062add7 > files-in-commit.txt	2025-06-25T12:06:44.8074090Z I-2 Calculamos la extension del fichero ***
job-core	Run git diff --name-only 6922a08b243d7d5505d5a336f3623285e84a1038 a63c5b0635d6c4eb24bb466c70318c15f062add7 > files-in-commit.txt	2025-06-25T12:06:44.8075677Z I-3 Calculamos el modulo ***lint.yml
job-core	Run git diff --name-only 6922a08b243d7d5505d5a336f3623285e84a1038 a63c5b0635d6c4eb24bb466c70318c15f062add7 > files-in-commit.txt	2025-06-25T12:06:44.8075982Z II Leemos el array de ***
job-core	Run git diff --name-only 6922a08b243d7d5505d5a336f3623285e84a1038 a63c5b0635d6c4eb24bb466c70318c15f062add7 > files-in-commit.txt	2025-06-25T12:06:44.8076332Z III Comprobamos si *** es igual a ***
job-core	Run git diff --name-only 6922a08b243d7d5505d5a336f3623285e84a1038 a63c5b0635d6c4eb24bb466c70318c15f062add7 > files-in-commit.txt	2025-06-25T12:06:44.8076644Z IV Leemos el array ***lint.yml
job-core	Run git diff --name-only 6922a08b243d7d5505d5a336f3623285e84a1038 a63c5b0635d6c4eb24bb466c70318c15f062add7 > files-in-commit.txt	2025-06-25T12:06:44.8077057Z V Comprobamos que el ***lint.yml es igual a ***lint.yml y ejecutamos el flujo
job-core	Run git diff --name-only 6922a08b243d7d5505d5a336f3623285e84a1038 a63c5b0635d6c4eb24bb466c70318c15f062add7 > files-in-commit.txt	2025-06-25T12:06:44.8103281Z El numero de la issue es: 1224
job-core	Run git diff --name-only 6922a08b243d7d5505d5a336f3623285e84a1038 a63c5b0635d6c4eb24bb466c70318c15f062add7 > files-in-commit.txt	2025-06-25T12:06:45.4654985Z I Leemos el fichero files-in-commit.txt y extraemos el fichero transfer/mongodb_chart.js
job-core	Run git diff --name-only 6922a08b243d7d5505d5a336f3623285e84a1038 a63c5b0635d6c4eb24bb466c70318c15f062add7 > files-in-commit.txt	2025-06-25T12:06:45.4669259Z I-1 Calculamos el nombre del fichero mongodb_chart.js
job-core	Run git diff --name-only 6922a08b243d7d5505d5a336f3623285e84a1038 a63c5b0635d6c4eb24bb466c70318c15f062add7 > files-in-commit.txt	2025-06-25T12:06:45.4676311Z I-2 Calculamos la extension del fichero js
job-core	Run git diff --name-only 6922a08b243d7d5505d5a336f3623285e84a1038 a63c5b0635d6c4eb24bb466c70318c15f062add7 > files-in-commit.txt	2025-06-25T12:06:45.4676739Z I-3 Calculamos el modulo jslint.yml
job-core	Run git diff --name-only 6922a08b243d7d5505d5a336f3623285e84a1038 a63c5b0635d6c4eb24bb466c70318c15f062add7 > files-in-commit.txt	2025-06-25T12:06:45.4677081Z II Leemos el array de ***
job-core	Run git diff --name-only 6922a08b243d7d5505d5a336f3623285e84a1038 a63c5b0635d6c4eb24bb466c70318c15f062add7 > files-in-commit.txt	2025-06-25T12:06:45.4677454Z VII No es igual js a *** y lo indicamos en la variable extension_failed=1
job-core	Run git diff --name-only 6922a08b243d7d5505d5a336f3623285e84a1038 a63c5b0635d6c4eb24bb466c70318c15f062add7 > files-in-commit.txt	2025-06-25T12:06:45.4678194Z X Si extension falla falla (1) aÃ±adimos el comentario a la issue
job-core	Run git diff --name-only 6922a08b243d7d5505d5a336f3623285e84a1038 a63c5b0635d6c4eb24bb466c70318c15f062add7 > files-in-commit.txt	2025-06-25T12:06:46.4259816Z https://github.com/Ka0s-Klaus/ka0s/issues/1224#issuecomment-3004531471
job-core	Run git diff --name-only 6922a08b243d7d5505d5a336f3623285e84a1038 a63c5b0635d6c4eb24bb466c70318c15f062add7 > files-in-commit.txt	2025-06-25T12:06:46.4282378Z I Leemos el fichero files-in-commit.txt y extraemos el fichero transfer/stats-collector.yml
job-core	Run git diff --name-only 6922a08b243d7d5505d5a336f3623285e84a1038 a63c5b0635d6c4eb24bb466c70318c15f062add7 > files-in-commit.txt	2025-06-25T12:06:46.4313380Z I-1 Calculamos el nombre del fichero stats-collector.yml
job-core	Run git diff --name-only 6922a08b243d7d5505d5a336f3623285e84a1038 a63c5b0635d6c4eb24bb466c70318c15f062add7 > files-in-commit.txt	2025-06-25T12:06:46.4313917Z I-2 Calculamos la extension del fichero yml
job-core	Run git diff --name-only 6922a08b243d7d5505d5a336f3623285e84a1038 a63c5b0635d6c4eb24bb466c70318c15f062add7 > files-in-commit.txt	2025-06-25T12:06:46.4320383Z I-3 Calculamos el modulo ymllint.yml
job-core	Run git diff --name-only 6922a08b243d7d5505d5a336f3623285e84a1038 a63c5b0635d6c4eb24bb466c70318c15f062add7 > files-in-commit.txt	2025-06-25T12:06:46.4320881Z II Leemos el array de ***
job-core	Run git diff --name-only 6922a08b243d7d5505d5a336f3623285e84a1038 a63c5b0635d6c4eb24bb466c70318c15f062add7 > files-in-commit.txt	2025-06-25T12:06:46.4321304Z VII No es igual yml a *** y lo indicamos en la variable extension_failed=1
job-core	Run git diff --name-only 6922a08b243d7d5505d5a336f3623285e84a1038 a63c5b0635d6c4eb24bb466c70318c15f062add7 > files-in-commit.txt	2025-06-25T12:06:46.4322175Z X Si extension falla falla (1) aÃ±adimos el comentario a la issue
job-core	Run git diff --name-only 6922a08b243d7d5505d5a336f3623285e84a1038 a63c5b0635d6c4eb24bb466c70318c15f062add7 > files-in-commit.txt	2025-06-25T12:06:47.4553699Z https://github.com/Ka0s-Klaus/ka0s/issues/1224#issuecomment-3004531524
job-core	Run git diff --name-only 6922a08b243d7d5505d5a336f3623285e84a1038 a63c5b0635d6c4eb24bb466c70318c15f062add7 > files-in-commit.txt	2025-06-25T12:06:47.4587014Z I Leemos el fichero files-in-commit.txt y extraemos el fichero transfer/stats/mongo_admin_ci.py
job-core	Run git diff --name-only 6922a08b243d7d5505d5a336f3623285e84a1038 a63c5b0635d6c4eb24bb466c70318c15f062add7 > files-in-commit.txt	2025-06-25T12:06:47.4611003Z I-1 Calculamos el nombre del fichero mongo_admin_ci.py
job-core	Run git diff --name-only 6922a08b243d7d5505d5a336f3623285e84a1038 a63c5b0635d6c4eb24bb466c70318c15f062add7 > files-in-commit.txt	2025-06-25T12:06:47.4615701Z I-2 Calculamos la extension del fichero py
job-core	Run git diff --name-only 6922a08b243d7d5505d5a336f3623285e84a1038 a63c5b0635d6c4eb24bb466c70318c15f062add7 > files-in-commit.txt	2025-06-25T12:06:47.4617603Z I-3 Calculamos el modulo pylint.yml
job-core	Run git diff --name-only 6922a08b243d7d5505d5a336f3623285e84a1038 a63c5b0635d6c4eb24bb466c70318c15f062add7 > files-in-commit.txt	2025-06-25T12:06:47.4622293Z II Leemos el array de ***
job-core	Run git diff --name-only 6922a08b243d7d5505d5a336f3623285e84a1038 a63c5b0635d6c4eb24bb466c70318c15f062add7 > files-in-commit.txt	2025-06-25T12:06:47.4625919Z VII No es igual py a *** y lo indicamos en la variable extension_failed=1
job-core	Run git diff --name-only 6922a08b243d7d5505d5a336f3623285e84a1038 a63c5b0635d6c4eb24bb466c70318c15f062add7 > files-in-commit.txt	2025-06-25T12:06:47.4637005Z X Si extension falla falla (1) aÃ±adimos el comentario a la issue
job-core	Run git diff --name-only 6922a08b243d7d5505d5a336f3623285e84a1038 a63c5b0635d6c4eb24bb466c70318c15f062add7 > files-in-commit.txt	2025-06-25T12:06:48.4379176Z https://github.com/Ka0s-Klaus/ka0s/issues/1224#issuecomment-3004531567
job-core	Post Checkout code	ï»¿2025-06-25T12:06:48.4632090Z Post job cleanup.
job-core	Post Checkout code	2025-06-25T12:06:48.6214603Z [command]/usr/bin/git version
job-core	Post Checkout code	2025-06-25T12:06:48.6275995Z git version 2.43.0
job-core	Post Checkout code	2025-06-25T12:06:48.6355842Z Copying '/home/kaos/.gitconfig' to '/actions-runner/_work/_temp/d09a66f5-81fc-4766-bbfa-611d6527d049/.gitconfig'
job-core	Post Checkout code	2025-06-25T12:06:48.6357589Z Temporarily overriding HOME='/actions-runner/_work/_temp/d09a66f5-81fc-4766-bbfa-611d6527d049' before making global git config changes
job-core	Post Checkout code	2025-06-25T12:06:48.6359306Z Adding repository directory to the temporary git global config as a safe directory
job-core	Post Checkout code	2025-06-25T12:06:48.6360436Z [command]/usr/bin/git config --global --add safe.directory /actions-runner/_work/ka0s/ka0s
job-core	Post Checkout code	2025-06-25T12:06:48.6425674Z [command]/usr/bin/git config --local --name-only --get-regexp core\.sshCommand
job-core	Post Checkout code	2025-06-25T12:06:48.6474689Z [command]/usr/bin/git submodule foreach --recursive sh -c "git config --local --name-only --get-regexp 'core\.sshCommand' && git config --local --unset-all 'core.sshCommand' || :"
job-core	Post Checkout code	2025-06-25T12:06:48.6949958Z [command]/usr/bin/git config --local --name-only --get-regexp http\.https\:\/\/github\.com\/\.extraheader
job-core	Post Checkout code	2025-06-25T12:06:48.6974193Z http.https://github.com/.extraheader
job-core	Post Checkout code	2025-06-25T12:06:48.6988522Z [command]/usr/bin/git config --local --unset-all http.https://github.com/.extraheader
job-core	Post Checkout code	2025-06-25T12:06:48.7038949Z [command]/usr/bin/git submodule foreach --recursive sh -c "git config --local --name-only --get-regexp 'http\.https\:\/\/github\.com\/\.extraheader' && git config --local --unset-all 'http.https://github.com/.extraheader' || :"
job-core	Complete job	ï»¿2025-06-25T12:06:48.7766542Z Cleaning up orphan processes
handle-success	Set up job	ï»¿2025-06-25T12:06:58.6684530Z Current runner version: '2.325.0'
handle-success	Set up job	2025-06-25T12:06:58.6691855Z Runner name: 'ka0s-ka0s-5'
handle-success	Set up job	2025-06-25T12:06:58.6692952Z Machine name: '5e5b61384f18'
handle-success	Set up job	2025-06-25T12:06:58.6695743Z ##[group]GITHUB_TOKEN Permissions
handle-success	Set up job	2025-06-25T12:06:58.6698090Z Contents: read
handle-success	Set up job	2025-06-25T12:06:58.6698738Z Metadata: read
handle-success	Set up job	2025-06-25T12:06:58.6699369Z Packages: read
handle-success	Set up job	2025-06-25T12:06:58.6699935Z ##[endgroup]
handle-success	Set up job	2025-06-25T12:06:58.6702060Z Secret source: Actions
handle-success	Set up job	2025-06-25T12:06:58.6702862Z Prepare workflow directory
handle-success	Set up job	2025-06-25T12:06:58.8679030Z Prepare all required actions
handle-success	Set up job	2025-06-25T12:06:58.8734902Z Getting action download info
handle-success	Set up job	2025-06-25T12:06:59.3771692Z Download action repository 'actions/checkout@v4' (SHA:11bd71901bbe5b1630ceea73d27597364c9af683)
handle-success	Set up job	2025-06-25T12:07:00.1988200Z Complete job name: handle-success
handle-success	Checkout code	ï»¿2025-06-25T12:07:00.2619429Z ##[group]Run actions/checkout@v4
handle-success	Checkout code	2025-06-25T12:07:00.2620502Z with:
handle-success	Checkout code	2025-06-25T12:07:00.2620912Z   fetch-depth: 0
handle-success	Checkout code	2025-06-25T12:07:00.2621629Z   token: ***
handle-success	Checkout code	2025-06-25T12:07:00.2622054Z   repository: Ka0s-Klaus/ka0s
handle-success	Checkout code	2025-06-25T12:07:00.2622632Z   ssh-strict: true
handle-success	Checkout code	2025-06-25T12:07:00.2623054Z   ssh-user: git
handle-success	Checkout code	2025-06-25T12:07:00.2623499Z   persist-credentials: true
handle-success	Checkout code	2025-06-25T12:07:00.2623963Z   clean: true
handle-success	Checkout code	2025-06-25T12:07:00.2624398Z   sparse-checkout-cone-mode: true
handle-success	Checkout code	2025-06-25T12:07:00.2624898Z   fetch-tags: false
handle-success	Checkout code	2025-06-25T12:07:00.2625325Z   show-progress: true
handle-success	Checkout code	2025-06-25T12:07:00.2625748Z   lfs: false
handle-success	Checkout code	2025-06-25T12:07:00.2626126Z   submodules: false
handle-success	Checkout code	2025-06-25T12:07:00.2626557Z   set-safe-directory: true
handle-success	Checkout code	2025-06-25T12:07:00.2627583Z env:
handle-success	Checkout code	2025-06-25T12:07:00.2627997Z   KAOS_CODE: 15875854919
handle-success	Checkout code	2025-06-25T12:07:00.2628568Z   KAOS_EVENT_NAME: push
handle-success	Checkout code	2025-06-25T12:07:00.2629125Z   KAOS_ACTION: 
handle-success	Checkout code	2025-06-25T12:07:00.2629597Z   KAOS_REF: refs/heads/H1224-new-module-mongodb
handle-success	Checkout code	2025-06-25T12:07:00.2630160Z   KAOS_MODULE: [Ka0S] kaos
handle-success	Checkout code	2025-06-25T12:07:00.2630688Z   KAOS_PATH_RESUME: core/results/k/
handle-success	Checkout code	2025-06-25T12:07:00.2631248Z   KAOS_JSON: core/results/k/event_data_*.json
handle-success	Checkout code	2025-06-25T12:07:00.2631816Z   KAOS_ACTOR: santakloud
handle-success	Checkout code	2025-06-25T12:07:00.2632280Z ##[endgroup]
handle-success	Checkout code	2025-06-25T12:07:00.5993666Z Syncing repository: Ka0s-Klaus/ka0s
handle-success	Checkout code	2025-06-25T12:07:00.5997169Z ##[group]Getting Git version info
handle-success	Checkout code	2025-06-25T12:07:00.5998089Z Working directory is '/actions-runner/_work/ka0s/ka0s'
handle-success	Checkout code	2025-06-25T12:07:00.6024103Z [command]/usr/bin/git version
handle-success	Checkout code	2025-06-25T12:07:00.6225304Z git version 2.43.0
handle-success	Checkout code	2025-06-25T12:07:00.6613161Z ##[endgroup]
handle-success	Checkout code	2025-06-25T12:07:00.6672209Z Copying '/home/kaos/.gitconfig' to '/actions-runner/_work/_temp/6ae351b6-ca9b-437d-8eb5-6b0b77f06ac3/.gitconfig'
handle-success	Checkout code	2025-06-25T12:07:00.6684769Z Temporarily overriding HOME='/actions-runner/_work/_temp/6ae351b6-ca9b-437d-8eb5-6b0b77f06ac3' before making global git config changes
handle-success	Checkout code	2025-06-25T12:07:00.6704862Z Adding repository directory to the temporary git global config as a safe directory
handle-success	Checkout code	2025-06-25T12:07:00.6789833Z [command]/usr/bin/git config --global --add safe.directory /actions-runner/_work/ka0s/ka0s
handle-success	Checkout code	2025-06-25T12:07:00.6981786Z [command]/usr/bin/git config --local --get remote.origin.url
handle-success	Checkout code	2025-06-25T12:07:00.7100381Z https://github.com/Ka0s-Klaus/ka0s
handle-success	Checkout code	2025-06-25T12:07:00.7195872Z ##[group]Removing previously created refs, to avoid conflicts
handle-success	Checkout code	2025-06-25T12:07:00.7216113Z [command]/usr/bin/git rev-parse --symbolic-full-name --verify --quiet HEAD
handle-success	Checkout code	2025-06-25T12:07:00.7268365Z refs/heads/H1224-new-module-mongodb
handle-success	Checkout code	2025-06-25T12:07:00.7302806Z [command]/usr/bin/git checkout --detach
handle-success	Checkout code	2025-06-25T12:07:00.8626276Z HEAD is now at a2c5f15c [Ka0S] Uploading resume execution files to the repository...
handle-success	Checkout code	2025-06-25T12:07:00.8692115Z [command]/usr/bin/git branch --delete --force H1224-new-module-mongodb
handle-success	Checkout code	2025-06-25T12:07:00.8728332Z Deleted branch H1224-new-module-mongodb (was a2c5f15c).
handle-success	Checkout code	2025-06-25T12:07:00.8855441Z ##[endgroup]
handle-success	Checkout code	2025-06-25T12:07:00.8863590Z [command]/usr/bin/git submodule status
handle-success	Checkout code	2025-06-25T12:07:00.9227403Z ##[group]Cleaning the repository
handle-success	Checkout code	2025-06-25T12:07:00.9241691Z [command]/usr/bin/git clean -ffdx
handle-success	Checkout code	2025-06-25T12:07:00.9346417Z Removing core/outputs/m/mdlint-results-15875861360.txt
handle-success	Checkout code	2025-06-25T12:07:00.9376250Z [command]/usr/bin/git reset --hard HEAD
handle-success	Checkout code	2025-06-25T12:07:00.9724312Z HEAD is now at a2c5f15c [Ka0S] Uploading resume execution files to the repository...
handle-success	Checkout code	2025-06-25T12:07:00.9757948Z ##[endgroup]
handle-success	Checkout code	2025-06-25T12:07:00.9759885Z ##[group]Disabling automatic garbage collection
handle-success	Checkout code	2025-06-25T12:07:00.9766758Z [command]/usr/bin/git config --local gc.auto 0
handle-success	Checkout code	2025-06-25T12:07:00.9888651Z ##[endgroup]
handle-success	Checkout code	2025-06-25T12:07:00.9900300Z ##[group]Setting up auth
handle-success	Checkout code	2025-06-25T12:07:00.9907211Z [command]/usr/bin/git config --local --name-only --get-regexp core\.sshCommand
handle-success	Checkout code	2025-06-25T12:07:00.9989741Z [command]/usr/bin/git submodule foreach --recursive sh -c "git config --local --name-only --get-regexp 'core\.sshCommand' && git config --local --unset-all 'core.sshCommand' || :"
handle-success	Checkout code	2025-06-25T12:07:01.0738259Z [command]/usr/bin/git config --local --name-only --get-regexp http\.https\:\/\/github\.com\/\.extraheader
handle-success	Checkout code	2025-06-25T12:07:01.0785605Z [command]/usr/bin/git submodule foreach --recursive sh -c "git config --local --name-only --get-regexp 'http\.https\:\/\/github\.com\/\.extraheader' && git config --local --unset-all 'http.https://github.com/.extraheader' || :"
handle-success	Checkout code	2025-06-25T12:07:01.1177206Z [command]/usr/bin/git config --local http.https://github.com/.extraheader AUTHORIZATION: basic ***
handle-success	Checkout code	2025-06-25T12:07:01.1255144Z ##[endgroup]
handle-success	Checkout code	2025-06-25T12:07:01.1256099Z ##[group]Fetching the repository
handle-success	Checkout code	2025-06-25T12:07:01.1274082Z [command]/usr/bin/git -c protocol.version=2 fetch --prune --no-recurse-submodules origin +refs/heads/*:refs/remotes/origin/* +refs/tags/*:refs/tags/*
handle-success	Checkout code	2025-06-25T12:07:01.7575206Z [command]/usr/bin/git branch --list --remote origin/H1224-new-module-mongodb
handle-success	Checkout code	2025-06-25T12:07:01.7599099Z   origin/H1224-new-module-mongodb
handle-success	Checkout code	2025-06-25T12:07:01.7615182Z [command]/usr/bin/git rev-parse refs/remotes/origin/H1224-new-module-mongodb
handle-success	Checkout code	2025-06-25T12:07:01.7644451Z a2c5f15c8c23e197c4ecc938a7e604370fa045e0
handle-success	Checkout code	2025-06-25T12:07:01.7669129Z [command]/usr/bin/git -c protocol.version=2 fetch --no-tags --prune --no-recurse-submodules origin +a63c5b0635d6c4eb24bb466c70318c15f062add7:refs/remotes/origin/H1224-new-module-mongodb
handle-success	Checkout code	2025-06-25T12:07:01.7851413Z From https://github.com/Ka0s-Klaus/ka0s
handle-success	Checkout code	2025-06-25T12:07:01.7874441Z  + a2c5f15c...a63c5b06 a63c5b0635d6c4eb24bb466c70318c15f062add7 -> origin/H1224-new-module-mongodb  (forced update)
handle-success	Checkout code	2025-06-25T12:07:01.7994841Z ##[endgroup]
handle-success	Checkout code	2025-06-25T12:07:01.7996422Z ##[group]Determining the checkout info
handle-success	Checkout code	2025-06-25T12:07:01.7997980Z ##[endgroup]
handle-success	Checkout code	2025-06-25T12:07:01.7998953Z [command]/usr/bin/git sparse-checkout disable
handle-success	Checkout code	2025-06-25T12:07:01.8001726Z [command]/usr/bin/git config --local --unset-all extensions.worktreeConfig
handle-success	Checkout code	2025-06-25T12:07:01.8057952Z ##[group]Checking out the ref
handle-success	Checkout code	2025-06-25T12:07:01.8067379Z [command]/usr/bin/git checkout --progress --force -B H1224-new-module-mongodb refs/remotes/origin/H1224-new-module-mongodb
handle-success	Checkout code	2025-06-25T12:07:01.8413189Z Warning: you are leaving 1 commit behind, not connected to
handle-success	Checkout code	2025-06-25T12:07:01.8416821Z any of your branches:
handle-success	Checkout code	2025-06-25T12:07:01.8417536Z 
handle-success	Checkout code	2025-06-25T12:07:01.8418517Z   a2c5f15c [Ka0S] Uploading resume execution files to the repository...
handle-success	Checkout code	2025-06-25T12:07:01.8419906Z 
handle-success	Checkout code	2025-06-25T12:07:01.8420735Z If you want to keep it by creating a new branch, this may be a good time
handle-success	Checkout code	2025-06-25T12:07:01.8422649Z to do so with:
handle-success	Checkout code	2025-06-25T12:07:01.8425922Z 
handle-success	Checkout code	2025-06-25T12:07:01.8426538Z  git branch <new-branch-name> a2c5f15c
handle-success	Checkout code	2025-06-25T12:07:01.8427452Z 
handle-success	Checkout code	2025-06-25T12:07:01.8428127Z Switched to a new branch 'H1224-new-module-mongodb'
handle-success	Checkout code	2025-06-25T12:07:01.8433868Z branch 'H1224-new-module-mongodb' set up to track 'origin/H1224-new-module-mongodb'.
handle-success	Checkout code	2025-06-25T12:07:01.8463538Z ##[endgroup]
handle-success	Checkout code	2025-06-25T12:07:01.8564068Z [command]/usr/bin/git log -1 --format=%H
handle-success	Checkout code	2025-06-25T12:07:01.8669422Z a63c5b0635d6c4eb24bb466c70318c15f062add7
handle-success	handle-success-execution	ï»¿2025-06-25T12:07:01.9106655Z ##[group]Run # Si todo ha ido correcto aÃ±adimos el contenido del fichero 
handle-success	handle-success-execution	2025-06-25T12:07:01.9108834Z [36;1m# Si todo ha ido correcto aÃ±adimos el contenido del fichero [0m
handle-success	handle-success-execution	2025-06-25T12:07:01.9111038Z [36;1mRNNUMBER=$(echo "refs/heads/H1224-new-module-mongodb" | grep -o '[0-9]*')[0m
handle-success	handle-success-execution	2025-06-25T12:07:01.9114434Z [36;1mgh issue comment $RNNUMBER --body "El proceso ha finalizado correctamente 15875854919. El resultado estÃ¡ en el fichero core/results/event_data_15875854919.log"[0m
handle-success	handle-success-execution	2025-06-25T12:07:01.9130227Z shell: /usr/bin/bash -e {0}
handle-success	handle-success-execution	2025-06-25T12:07:01.9131261Z env:
handle-success	handle-success-execution	2025-06-25T12:07:01.9131976Z   KAOS_CODE: 15875854919
handle-success	handle-success-execution	2025-06-25T12:07:01.9132861Z   KAOS_EVENT_NAME: push
handle-success	handle-success-execution	2025-06-25T12:07:01.9133706Z   KAOS_ACTION: 
handle-success	handle-success-execution	2025-06-25T12:07:01.9134601Z   KAOS_REF: refs/heads/H1224-new-module-mongodb
handle-success	handle-success-execution	2025-06-25T12:07:01.9135792Z   KAOS_MODULE: [Ka0S] kaos
handle-success	handle-success-execution	2025-06-25T12:07:01.9136777Z   KAOS_PATH_RESUME: core/results/k/
handle-success	handle-success-execution	2025-06-25T12:07:01.9137912Z   KAOS_JSON: core/results/k/event_data_*.json
handle-success	handle-success-execution	2025-06-25T12:07:01.9139342Z   KAOS_ACTOR: santakloud
handle-success	handle-success-execution	2025-06-25T12:07:01.9140918Z   GH_TOKEN: ***
handle-success	handle-success-execution	2025-06-25T12:07:01.9142069Z ##[endgroup]
handle-success	handle-success-execution	2025-06-25T12:07:03.0198698Z https://github.com/Ka0s-Klaus/ka0s/issues/1224#issuecomment-3004532248
handle-success	Post Checkout code	ï»¿2025-06-25T12:07:03.0651750Z Post job cleanup.
handle-success	Post Checkout code	2025-06-25T12:07:03.2199800Z [command]/usr/bin/git version
handle-success	Post Checkout code	2025-06-25T12:07:03.2299309Z git version 2.43.0
handle-success	Post Checkout code	2025-06-25T12:07:03.2394925Z Copying '/home/kaos/.gitconfig' to '/actions-runner/_work/_temp/e41eae2e-20c4-4b36-b720-59511da13b2d/.gitconfig'
handle-success	Post Checkout code	2025-06-25T12:07:03.2404871Z Temporarily overriding HOME='/actions-runner/_work/_temp/e41eae2e-20c4-4b36-b720-59511da13b2d' before making global git config changes
handle-success	Post Checkout code	2025-06-25T12:07:03.2407672Z Adding repository directory to the temporary git global config as a safe directory
handle-success	Post Checkout code	2025-06-25T12:07:03.2409879Z [command]/usr/bin/git config --global --add safe.directory /actions-runner/_work/ka0s/ka0s
handle-success	Post Checkout code	2025-06-25T12:07:03.2432107Z [command]/usr/bin/git config --local --name-only --get-regexp core\.sshCommand
handle-success	Post Checkout code	2025-06-25T12:07:03.2486290Z [command]/usr/bin/git submodule foreach --recursive sh -c "git config --local --name-only --get-regexp 'core\.sshCommand' && git config --local --unset-all 'core.sshCommand' || :"
handle-success	Post Checkout code	2025-06-25T12:07:03.3523086Z [command]/usr/bin/git config --local --name-only --get-regexp http\.https\:\/\/github\.com\/\.extraheader
handle-success	Post Checkout code	2025-06-25T12:07:03.3590997Z http.https://github.com/.extraheader
handle-success	Post Checkout code	2025-06-25T12:07:03.3640540Z [command]/usr/bin/git config --local --unset-all http.https://github.com/.extraheader
handle-success	Post Checkout code	2025-06-25T12:07:03.3722812Z [command]/usr/bin/git submodule foreach --recursive sh -c "git config --local --name-only --get-regexp 'http\.https\:\/\/github\.com\/\.extraheader' && git config --local --unset-all 'http.https://github.com/.extraheader' || :"
handle-success	Complete job	ï»¿2025-06-25T12:07:03.4549034Z Cleaning up orphan processes
end-workflow	Set up job	ï»¿2025-06-25T12:07:12.8910739Z Current runner version: '2.325.0'
end-workflow	Set up job	2025-06-25T12:07:12.8918372Z Runner name: 'ka0s-ka0s-2'
end-workflow	Set up job	2025-06-25T12:07:12.8919562Z Machine name: '6e01ed641e71'
end-workflow	Set up job	2025-06-25T12:07:12.8922456Z ##[group]GITHUB_TOKEN Permissions
end-workflow	Set up job	2025-06-25T12:07:12.8925115Z Contents: read
end-workflow	Set up job	2025-06-25T12:07:12.8925752Z Metadata: read
end-workflow	Set up job	2025-06-25T12:07:12.8926249Z Packages: read
end-workflow	Set up job	2025-06-25T12:07:12.8926830Z ##[endgroup]
end-workflow	Set up job	2025-06-25T12:07:12.8929281Z Secret source: Actions
end-workflow	Set up job	2025-06-25T12:07:12.8929994Z Prepare workflow directory
end-workflow	Set up job	2025-06-25T12:07:12.9715554Z Prepare all required actions
end-workflow	Set up job	2025-06-25T12:07:12.9755990Z Getting action download info
end-workflow	Set up job	2025-06-25T12:07:13.5022969Z Download action repository 'actions/checkout@v4' (SHA:11bd71901bbe5b1630ceea73d27597364c9af683)
end-workflow	Set up job	2025-06-25T12:07:14.2803232Z Complete job name: end-workflow
end-workflow	Checkout code	ï»¿2025-06-25T12:07:14.3371590Z ##[group]Run actions/checkout@v4
end-workflow	Checkout code	2025-06-25T12:07:14.3372878Z with:
end-workflow	Checkout code	2025-06-25T12:07:14.3373291Z   fetch-depth: 0
end-workflow	Checkout code	2025-06-25T12:07:14.3373957Z   token: ***
end-workflow	Checkout code	2025-06-25T12:07:14.3374372Z   repository: Ka0s-Klaus/ka0s
end-workflow	Checkout code	2025-06-25T12:07:14.3374917Z   ssh-strict: true
end-workflow	Checkout code	2025-06-25T12:07:14.3375339Z   ssh-user: git
end-workflow	Checkout code	2025-06-25T12:07:14.3375771Z   persist-credentials: true
end-workflow	Checkout code	2025-06-25T12:07:14.3376245Z   clean: true
end-workflow	Checkout code	2025-06-25T12:07:14.3376705Z   sparse-checkout-cone-mode: true
end-workflow	Checkout code	2025-06-25T12:07:14.3377245Z   fetch-tags: false
end-workflow	Checkout code	2025-06-25T12:07:14.3377695Z   show-progress: true
end-workflow	Checkout code	2025-06-25T12:07:14.3378166Z   lfs: false
end-workflow	Checkout code	2025-06-25T12:07:14.3378718Z   submodules: false
end-workflow	Checkout code	2025-06-25T12:07:14.3379160Z   set-safe-directory: true
end-workflow	Checkout code	2025-06-25T12:07:14.3380241Z env:
end-workflow	Checkout code	2025-06-25T12:07:14.3380649Z   KAOS_CODE: 15875854919
end-workflow	Checkout code	2025-06-25T12:07:14.3381115Z   KAOS_EVENT_NAME: push
end-workflow	Checkout code	2025-06-25T12:07:14.3381576Z   KAOS_ACTION: 
end-workflow	Checkout code	2025-06-25T12:07:14.3382049Z   KAOS_REF: refs/heads/H1224-new-module-mongodb
end-workflow	Checkout code	2025-06-25T12:07:14.3382652Z   KAOS_MODULE: [Ka0S] kaos
end-workflow	Checkout code	2025-06-25T12:07:14.3383563Z   KAOS_PATH_RESUME: core/results/k/
end-workflow	Checkout code	2025-06-25T12:07:14.3384255Z   KAOS_JSON: core/results/k/event_data_*.json
end-workflow	Checkout code	2025-06-25T12:07:14.3384830Z   KAOS_ACTOR: santakloud
end-workflow	Checkout code	2025-06-25T12:07:14.3385573Z   GH_TOKEN: ***
end-workflow	Checkout code	2025-06-25T12:07:14.3386009Z ##[endgroup]
end-workflow	Checkout code	2025-06-25T12:07:14.4736903Z Syncing repository: Ka0s-Klaus/ka0s
end-workflow	Checkout code	2025-06-25T12:07:14.4739537Z ##[group]Getting Git version info
end-workflow	Checkout code	2025-06-25T12:07:14.4740381Z Working directory is '/actions-runner/_work/ka0s/ka0s'
end-workflow	Checkout code	2025-06-25T12:07:14.4772698Z [command]/usr/bin/git version
end-workflow	Checkout code	2025-06-25T12:07:14.4773394Z git version 2.43.0
end-workflow	Checkout code	2025-06-25T12:07:14.4775406Z ##[endgroup]
end-workflow	Checkout code	2025-06-25T12:07:14.4786522Z Copying '/home/kaos/.gitconfig' to '/actions-runner/_work/_temp/9e420a0e-fea6-496a-8431-e87fc1140312/.gitconfig'
end-workflow	Checkout code	2025-06-25T12:07:14.4803440Z Temporarily overriding HOME='/actions-runner/_work/_temp/9e420a0e-fea6-496a-8431-e87fc1140312' before making global git config changes
end-workflow	Checkout code	2025-06-25T12:07:14.4805008Z Adding repository directory to the temporary git global config as a safe directory
end-workflow	Checkout code	2025-06-25T12:07:14.4806163Z [command]/usr/bin/git config --global --add safe.directory /actions-runner/_work/ka0s/ka0s
end-workflow	Checkout code	2025-06-25T12:07:14.4858807Z [command]/usr/bin/git config --local --get remote.origin.url
end-workflow	Checkout code	2025-06-25T12:07:14.4885745Z https://github.com/Ka0s-Klaus/ka0s
end-workflow	Checkout code	2025-06-25T12:07:14.4905737Z ##[group]Removing previously created refs, to avoid conflicts
end-workflow	Checkout code	2025-06-25T12:07:14.4910919Z [command]/usr/bin/git rev-parse --symbolic-full-name --verify --quiet HEAD
end-workflow	Checkout code	2025-06-25T12:07:14.4937063Z refs/heads/H1224-new-module-mongodb
end-workflow	Checkout code	2025-06-25T12:07:14.4946599Z [command]/usr/bin/git checkout --detach
end-workflow	Checkout code	2025-06-25T12:07:14.5631027Z HEAD is now at a2c5f15c [Ka0S] Uploading resume execution files to the repository...
end-workflow	Checkout code	2025-06-25T12:07:14.5713980Z [command]/usr/bin/git branch --delete --force H1224-new-module-mongodb
end-workflow	Checkout code	2025-06-25T12:07:14.5778539Z Deleted branch H1224-new-module-mongodb (was a2c5f15c).
end-workflow	Checkout code	2025-06-25T12:07:14.5863358Z ##[endgroup]
end-workflow	Checkout code	2025-06-25T12:07:14.5872572Z [command]/usr/bin/git submodule status
end-workflow	Checkout code	2025-06-25T12:07:14.6238307Z ##[group]Cleaning the repository
end-workflow	Checkout code	2025-06-25T12:07:14.6245196Z [command]/usr/bin/git clean -ffdx
end-workflow	Checkout code	2025-06-25T12:07:14.6344671Z Removing core/outputs/m/mdlint-results-15875865529.txt
end-workflow	Checkout code	2025-06-25T12:07:14.6353321Z [command]/usr/bin/git reset --hard HEAD
end-workflow	Checkout code	2025-06-25T12:07:14.6686838Z HEAD is now at a2c5f15c [Ka0S] Uploading resume execution files to the repository...
end-workflow	Checkout code	2025-06-25T12:07:14.6713910Z ##[endgroup]
end-workflow	Checkout code	2025-06-25T12:07:14.6717336Z ##[group]Disabling automatic garbage collection
end-workflow	Checkout code	2025-06-25T12:07:14.6721697Z [command]/usr/bin/git config --local gc.auto 0
end-workflow	Checkout code	2025-06-25T12:07:14.6821883Z ##[endgroup]
end-workflow	Checkout code	2025-06-25T12:07:14.6824338Z ##[group]Setting up auth
end-workflow	Checkout code	2025-06-25T12:07:14.6829537Z [command]/usr/bin/git config --local --name-only --get-regexp core\.sshCommand
end-workflow	Checkout code	2025-06-25T12:07:14.6886392Z [command]/usr/bin/git submodule foreach --recursive sh -c "git config --local --name-only --get-regexp 'core\.sshCommand' && git config --local --unset-all 'core.sshCommand' || :"
end-workflow	Checkout code	2025-06-25T12:07:14.7197885Z [command]/usr/bin/git config --local --name-only --get-regexp http\.https\:\/\/github\.com\/\.extraheader
end-workflow	Checkout code	2025-06-25T12:07:14.7237725Z [command]/usr/bin/git submodule foreach --recursive sh -c "git config --local --name-only --get-regexp 'http\.https\:\/\/github\.com\/\.extraheader' && git config --local --unset-all 'http.https://github.com/.extraheader' || :"
end-workflow	Checkout code	2025-06-25T12:07:14.7535064Z [command]/usr/bin/git config --local http.https://github.com/.extraheader AUTHORIZATION: basic ***
end-workflow	Checkout code	2025-06-25T12:07:14.7584312Z ##[endgroup]
end-workflow	Checkout code	2025-06-25T12:07:14.7585517Z ##[group]Fetching the repository
end-workflow	Checkout code	2025-06-25T12:07:14.7599047Z [command]/usr/bin/git -c protocol.version=2 fetch --prune --no-recurse-submodules origin +refs/heads/*:refs/remotes/origin/* +refs/tags/*:refs/tags/*
end-workflow	Checkout code	2025-06-25T12:07:15.2862460Z [command]/usr/bin/git branch --list --remote origin/H1224-new-module-mongodb
end-workflow	Checkout code	2025-06-25T12:07:15.2894698Z   origin/H1224-new-module-mongodb
end-workflow	Checkout code	2025-06-25T12:07:15.2931316Z [command]/usr/bin/git rev-parse refs/remotes/origin/H1224-new-module-mongodb
end-workflow	Checkout code	2025-06-25T12:07:15.2948207Z a2c5f15c8c23e197c4ecc938a7e604370fa045e0
end-workflow	Checkout code	2025-06-25T12:07:15.2966404Z [command]/usr/bin/git -c protocol.version=2 fetch --no-tags --prune --no-recurse-submodules origin +a63c5b0635d6c4eb24bb466c70318c15f062add7:refs/remotes/origin/H1224-new-module-mongodb
end-workflow	Checkout code	2025-06-25T12:07:15.3113082Z From https://github.com/Ka0s-Klaus/ka0s
end-workflow	Checkout code	2025-06-25T12:07:15.3115977Z  + a2c5f15c...a63c5b06 a63c5b0635d6c4eb24bb466c70318c15f062add7 -> origin/H1224-new-module-mongodb  (forced update)
end-workflow	Checkout code	2025-06-25T12:07:15.3139598Z ##[endgroup]
end-workflow	Checkout code	2025-06-25T12:07:15.3140594Z ##[group]Determining the checkout info
end-workflow	Checkout code	2025-06-25T12:07:15.3141733Z ##[endgroup]
end-workflow	Checkout code	2025-06-25T12:07:15.3147327Z [command]/usr/bin/git sparse-checkout disable
end-workflow	Checkout code	2025-06-25T12:07:15.3241961Z [command]/usr/bin/git config --local --unset-all extensions.worktreeConfig
end-workflow	Checkout code	2025-06-25T12:07:15.3283489Z ##[group]Checking out the ref
end-workflow	Checkout code	2025-06-25T12:07:15.3288123Z [command]/usr/bin/git checkout --progress --force -B H1224-new-module-mongodb refs/remotes/origin/H1224-new-module-mongodb
end-workflow	Checkout code	2025-06-25T12:07:15.3546695Z Warning: you are leaving 1 commit behind, not connected to
end-workflow	Checkout code	2025-06-25T12:07:15.3550668Z any of your branches:
end-workflow	Checkout code	2025-06-25T12:07:15.3551030Z 
end-workflow	Checkout code	2025-06-25T12:07:15.3551434Z   a2c5f15c [Ka0S] Uploading resume execution files to the repository...
end-workflow	Checkout code	2025-06-25T12:07:15.3552073Z 
end-workflow	Checkout code	2025-06-25T12:07:15.3552470Z If you want to keep it by creating a new branch, this may be a good time
end-workflow	Checkout code	2025-06-25T12:07:15.3553278Z to do so with:
end-workflow	Checkout code	2025-06-25T12:07:15.3553554Z 
end-workflow	Checkout code	2025-06-25T12:07:15.3553836Z  git branch <new-branch-name> a2c5f15c
end-workflow	Checkout code	2025-06-25T12:07:15.3554276Z 
end-workflow	Checkout code	2025-06-25T12:07:15.3568658Z Switched to a new branch 'H1224-new-module-mongodb'
end-workflow	Checkout code	2025-06-25T12:07:15.3570536Z branch 'H1224-new-module-mongodb' set up to track 'origin/H1224-new-module-mongodb'.
end-workflow	Checkout code	2025-06-25T12:07:15.3573165Z ##[endgroup]
end-workflow	Checkout code	2025-06-25T12:07:15.3645993Z [command]/usr/bin/git log -1 --format=%H
end-workflow	Checkout code	2025-06-25T12:07:15.3681755Z a63c5b0635d6c4eb24bb466c70318c15f062add7
end-workflow	Finaliza el workflow	ï»¿2025-06-25T12:07:15.3947135Z ##[group]Run echo "End process"
end-workflow	Finaliza el workflow	2025-06-25T12:07:15.3948563Z [36;1mecho "End process"[0m
end-workflow	Finaliza el workflow	2025-06-25T12:07:15.3950166Z [36;1mRNNUMBER=$(echo "refs/heads/H1224-new-module-mongodb" | grep -o '[0-9]*')[0m
end-workflow	Finaliza el workflow	2025-06-25T12:07:15.3952638Z [36;1mgh issue comment $RNNUMBER --body "Se finaliza Ka0s 15875854919"[0m
end-workflow	Finaliza el workflow	2025-06-25T12:07:15.3955436Z [36;1mgh workflow run inspector.yml --ref 'main' -f kaos-issue-id=$RNNUMBER -f kaos-workflow-id="15875854919" -f kaos-user-start=""[0m
end-workflow	Finaliza el workflow	2025-06-25T12:07:15.3970961Z shell: /usr/bin/bash -e {0}
end-workflow	Finaliza el workflow	2025-06-25T12:07:15.3972096Z env:
end-workflow	Finaliza el workflow	2025-06-25T12:07:15.3972924Z   KAOS_CODE: 15875854919
end-workflow	Finaliza el workflow	2025-06-25T12:07:15.3974056Z   KAOS_EVENT_NAME: push
end-workflow	Finaliza el workflow	2025-06-25T12:07:15.3975022Z   KAOS_ACTION: 
end-workflow	Finaliza el workflow	2025-06-25T12:07:15.3976034Z   KAOS_REF: refs/heads/H1224-new-module-mongodb
end-workflow	Finaliza el workflow	2025-06-25T12:07:15.3977327Z   KAOS_MODULE: [Ka0S] kaos
end-workflow	Finaliza el workflow	2025-06-25T12:07:15.3978365Z   KAOS_PATH_RESUME: core/results/k/
end-workflow	Finaliza el workflow	2025-06-25T12:07:15.3979648Z   KAOS_JSON: core/results/k/event_data_*.json
end-workflow	Finaliza el workflow	2025-06-25T12:07:15.3980889Z   KAOS_ACTOR: santakloud
end-workflow	Finaliza el workflow	2025-06-25T12:07:15.3982518Z   GH_TOKEN: ***
end-workflow	Finaliza el workflow	2025-06-25T12:07:15.3983397Z ##[endgroup]
end-workflow	Finaliza el workflow	2025-06-25T12:07:15.4044760Z End process
end-workflow	Finaliza el workflow	2025-06-25T12:07:16.6117187Z https://github.com/Ka0s-Klaus/ka0s/issues/1224#issuecomment-3004532892
end-workflow	Post Checkout code	ï»¿2025-06-25T12:07:17.2262397Z Post job cleanup.
end-workflow	Post Checkout code	2025-06-25T12:07:17.3320336Z [command]/usr/bin/git version
end-workflow	Post Checkout code	2025-06-25T12:07:17.3362139Z git version 2.43.0
end-workflow	Post Checkout code	2025-06-25T12:07:17.3403533Z Copying '/home/kaos/.gitconfig' to '/actions-runner/_work/_temp/076fd9c5-ba16-43e9-84cd-471451f1ea9a/.gitconfig'
end-workflow	Post Checkout code	2025-06-25T12:07:17.3417238Z Temporarily overriding HOME='/actions-runner/_work/_temp/076fd9c5-ba16-43e9-84cd-471451f1ea9a' before making global git config changes
end-workflow	Post Checkout code	2025-06-25T12:07:17.3418316Z Adding repository directory to the temporary git global config as a safe directory
end-workflow	Post Checkout code	2025-06-25T12:07:17.3424847Z [command]/usr/bin/git config --global --add safe.directory /actions-runner/_work/ka0s/ka0s
end-workflow	Post Checkout code	2025-06-25T12:07:17.3478697Z [command]/usr/bin/git config --local --name-only --get-regexp core\.sshCommand
end-workflow	Post Checkout code	2025-06-25T12:07:17.3518023Z [command]/usr/bin/git submodule foreach --recursive sh -c "git config --local --name-only --get-regexp 'core\.sshCommand' && git config --local --unset-all 'core.sshCommand' || :"
end-workflow	Post Checkout code	2025-06-25T12:07:17.3791364Z [command]/usr/bin/git config --local --name-only --get-regexp http\.https\:\/\/github\.com\/\.extraheader
end-workflow	Post Checkout code	2025-06-25T12:07:17.3816767Z http.https://github.com/.extraheader
end-workflow	Post Checkout code	2025-06-25T12:07:17.3828856Z [command]/usr/bin/git config --local --unset-all http.https://github.com/.extraheader
end-workflow	Post Checkout code	2025-06-25T12:07:17.3867581Z [command]/usr/bin/git submodule foreach --recursive sh -c "git config --local --name-only --get-regexp 'http\.https\:\/\/github\.com\/\.extraheader' && git config --local --unset-all 'http.https://github.com/.extraheader' || :"
end-workflow	Complete job	ï»¿2025-06-25T12:07:17.4366104Z Cleaning up orphan processes
