job-core	Set up job	﻿2025-06-25T17:03:02.6633494Z Current runner version: '2.325.0'
job-core	Set up job	2025-06-25T17:03:02.6641414Z Runner name: 'ka0s-m0ng0-2'
job-core	Set up job	2025-06-25T17:03:02.6642406Z Machine name: '282b8f82f073'
job-core	Set up job	2025-06-25T17:03:02.6645201Z ##[group]GITHUB_TOKEN Permissions
job-core	Set up job	2025-06-25T17:03:02.6647453Z Contents: read
job-core	Set up job	2025-06-25T17:03:02.6648151Z Metadata: read
job-core	Set up job	2025-06-25T17:03:02.6648882Z Packages: read
job-core	Set up job	2025-06-25T17:03:02.6649440Z ##[endgroup]
job-core	Set up job	2025-06-25T17:03:02.6651803Z Secret source: Actions
job-core	Set up job	2025-06-25T17:03:02.6652524Z Prepare workflow directory
job-core	Set up job	2025-06-25T17:03:02.7360844Z Prepare all required actions
job-core	Set up job	2025-06-25T17:03:02.7406661Z Getting action download info
job-core	Set up job	2025-06-25T17:03:03.3427244Z Download action repository 'actions/checkout@v4' (SHA:11bd71901bbe5b1630ceea73d27597364c9af683)
job-core	Set up job	2025-06-25T17:03:04.0618517Z Download action repository 'actions/setup-python@v4' (SHA:7f4fc3e22c37d6ff65e88745f38bd3157c663f7c)
job-core	Set up job	2025-06-25T17:03:04.8962938Z Download action repository 'actions/upload-artifact@v4' (SHA:ea165f8d65b6e75b540449e92b4886f43607fa02)
job-core	Set up job	2025-06-25T17:03:05.7628752Z Complete job name: job-core
job-core	Checkout code	﻿2025-06-25T17:03:05.8065981Z ##[group]Run actions/checkout@v4
job-core	Checkout code	2025-06-25T17:03:05.8066660Z with:
job-core	Checkout code	2025-06-25T17:03:05.8066909Z   fetch-depth: 0
job-core	Checkout code	2025-06-25T17:03:05.8067499Z   token: ***
job-core	Checkout code	2025-06-25T17:03:05.8067756Z   repository: Ka0s-Klaus/ka0s
job-core	Checkout code	2025-06-25T17:03:05.8068033Z   ssh-strict: true
job-core	Checkout code	2025-06-25T17:03:05.8068271Z   ssh-user: git
job-core	Checkout code	2025-06-25T17:03:05.8068584Z   persist-credentials: true
job-core	Checkout code	2025-06-25T17:03:05.8068858Z   clean: true
job-core	Checkout code	2025-06-25T17:03:05.8069106Z   sparse-checkout-cone-mode: true
job-core	Checkout code	2025-06-25T17:03:05.8069405Z   fetch-tags: false
job-core	Checkout code	2025-06-25T17:03:05.8069668Z   show-progress: true
job-core	Checkout code	2025-06-25T17:03:05.8069937Z   lfs: false
job-core	Checkout code	2025-06-25T17:03:05.8070156Z   submodules: false
job-core	Checkout code	2025-06-25T17:03:05.8070416Z   set-safe-directory: true
job-core	Checkout code	2025-06-25T17:03:05.8070916Z env:
job-core	Checkout code	2025-06-25T17:03:05.8071149Z   PYTHON_VERSION: 3.9
job-core	Checkout code	2025-06-25T17:03:05.8071790Z   MONGO_SUPERUSER_CONNECTION: ***
job-core	Checkout code	2025-06-25T17:03:05.8072099Z   MONGO_NEW_DB: db.github
job-core	Checkout code	2025-06-25T17:03:05.8072384Z   MONGO_COLLECTION_NAME: col.repo
job-core	Checkout code	2025-06-25T17:03:05.8072699Z   MONGO_NEW_USER: dbusergithub
job-core	Checkout code	2025-06-25T17:03:05.8073051Z   MONGO_NEW_PASS: ***
job-core	Checkout code	2025-06-25T17:03:05.8073386Z   MONGO_SCRIPT_PATH: core/database/scripts/mongo_admin_ci.py
job-core	Checkout code	2025-06-25T17:03:05.8073762Z   KAOS_CODE: 15882559228
job-core	Checkout code	2025-06-25T17:03:05.8074029Z   REPORT_PATH: audit/mongo
job-core	Checkout code	2025-06-25T17:03:05.8074329Z   REPORT_FILENAME: mongo_setup_15882559228.json
job-core	Checkout code	2025-06-25T17:03:05.8074661Z   GITHUB_OUTPUT: 
job-core	Checkout code	2025-06-25T17:03:05.8074919Z ##[endgroup]
job-core	Checkout code	2025-06-25T17:03:05.9198034Z Syncing repository: Ka0s-Klaus/ka0s
job-core	Checkout code	2025-06-25T17:03:05.9199973Z ##[group]Getting Git version info
job-core	Checkout code	2025-06-25T17:03:05.9200427Z Working directory is '/actions-runner/_work/ka0s/ka0s'
job-core	Checkout code	2025-06-25T17:03:05.9201073Z [command]/usr/bin/git version
job-core	Checkout code	2025-06-25T17:03:05.9201378Z git version 2.43.0
job-core	Checkout code	2025-06-25T17:03:05.9221730Z ##[endgroup]
job-core	Checkout code	2025-06-25T17:03:05.9239410Z Temporarily overriding HOME='/actions-runner/_work/_temp/cdcfb927-daad-436f-ac04-9dc5a36e316b' before making global git config changes
job-core	Checkout code	2025-06-25T17:03:05.9240569Z Adding repository directory to the temporary git global config as a safe directory
job-core	Checkout code	2025-06-25T17:03:05.9246242Z [command]/usr/bin/git config --global --add safe.directory /actions-runner/_work/ka0s/ka0s
job-core	Checkout code	2025-06-25T17:03:05.9287981Z [command]/usr/bin/git config --local --get remote.origin.url
job-core	Checkout code	2025-06-25T17:03:05.9318658Z https://github.com/Ka0s-Klaus/ka0s
job-core	Checkout code	2025-06-25T17:03:05.9339135Z ##[group]Removing previously created refs, to avoid conflicts
job-core	Checkout code	2025-06-25T17:03:05.9343940Z [command]/usr/bin/git rev-parse --symbolic-full-name --verify --quiet HEAD
job-core	Checkout code	2025-06-25T17:03:05.9367928Z refs/heads/main
job-core	Checkout code	2025-06-25T17:03:05.9378791Z [command]/usr/bin/git checkout --detach
job-core	Checkout code	2025-06-25T17:03:05.9539057Z HEAD is now at b0659f59 [Ka0S] Inspector uploading resume execution files to the repository...
job-core	Checkout code	2025-06-25T17:03:05.9588172Z [command]/usr/bin/git branch --delete --force main
job-core	Checkout code	2025-06-25T17:03:05.9620865Z Deleted branch main (was b0659f59).
job-core	Checkout code	2025-06-25T17:03:05.9693955Z ##[endgroup]
job-core	Checkout code	2025-06-25T17:03:05.9697136Z [command]/usr/bin/git submodule status
job-core	Checkout code	2025-06-25T17:03:05.9967412Z ##[group]Cleaning the repository
job-core	Checkout code	2025-06-25T17:03:05.9967974Z [command]/usr/bin/git clean -ffdx
job-core	Checkout code	2025-06-25T17:03:06.0042984Z [command]/usr/bin/git reset --hard HEAD
job-core	Checkout code	2025-06-25T17:03:06.0332340Z HEAD is now at b0659f59 [Ka0S] Inspector uploading resume execution files to the repository...
job-core	Checkout code	2025-06-25T17:03:06.0338138Z ##[endgroup]
job-core	Checkout code	2025-06-25T17:03:06.0340213Z ##[group]Disabling automatic garbage collection
job-core	Checkout code	2025-06-25T17:03:06.0346221Z [command]/usr/bin/git config --local gc.auto 0
job-core	Checkout code	2025-06-25T17:03:06.0376507Z ##[endgroup]
job-core	Checkout code	2025-06-25T17:03:06.0377014Z ##[group]Setting up auth
job-core	Checkout code	2025-06-25T17:03:06.0384223Z [command]/usr/bin/git config --local --name-only --get-regexp core\.sshCommand
job-core	Checkout code	2025-06-25T17:03:06.0424106Z [command]/usr/bin/git submodule foreach --recursive sh -c "git config --local --name-only --get-regexp 'core\.sshCommand' && git config --local --unset-all 'core.sshCommand' || :"
job-core	Checkout code	2025-06-25T17:03:06.0685131Z [command]/usr/bin/git config --local --name-only --get-regexp http\.https\:\/\/github\.com\/\.extraheader
job-core	Checkout code	2025-06-25T17:03:06.0716851Z [command]/usr/bin/git submodule foreach --recursive sh -c "git config --local --name-only --get-regexp 'http\.https\:\/\/github\.com\/\.extraheader' && git config --local --unset-all 'http.https://github.com/.extraheader' || :"
job-core	Checkout code	2025-06-25T17:03:06.0978294Z [command]/usr/bin/git config --local http.https://github.com/.extraheader AUTHORIZATION: basic ***
job-core	Checkout code	2025-06-25T17:03:06.1021269Z ##[endgroup]
job-core	Checkout code	2025-06-25T17:03:06.1021819Z ##[group]Fetching the repository
job-core	Checkout code	2025-06-25T17:03:06.1029004Z [command]/usr/bin/git -c protocol.version=2 fetch --prune --no-recurse-submodules origin +refs/heads/*:refs/remotes/origin/* +refs/tags/*:refs/tags/*
job-core	Checkout code	2025-06-25T17:03:07.0926441Z From https://github.com/Ka0s-Klaus/ka0s
job-core	Checkout code	2025-06-25T17:03:07.0928580Z    841bf321..a3a68ff8  H1224-new-module-mongodb -> origin/H1224-new-module-mongodb
job-core	Checkout code	2025-06-25T17:03:07.0929123Z    b0659f59..a8056fd8  main       -> origin/main
job-core	Checkout code	2025-06-25T17:03:07.0931717Z  * [new tag]           0.0.148    -> 0.0.148
job-core	Checkout code	2025-06-25T17:03:07.0932450Z  * [new tag]           0.0.149    -> 0.0.149
job-core	Checkout code	2025-06-25T17:03:07.0933109Z  * [new tag]           0.0.150    -> 0.0.150
job-core	Checkout code	2025-06-25T17:03:07.0998025Z [command]/usr/bin/git branch --list --remote origin/main
job-core	Checkout code	2025-06-25T17:03:07.1029910Z   origin/main
job-core	Checkout code	2025-06-25T17:03:07.1040924Z [command]/usr/bin/git rev-parse refs/remotes/origin/main
job-core	Checkout code	2025-06-25T17:03:07.1066158Z a8056fd8c875f80006fa7671cbe482a295ee7108
job-core	Checkout code	2025-06-25T17:03:07.1073879Z ##[endgroup]
job-core	Checkout code	2025-06-25T17:03:07.1074962Z ##[group]Determining the checkout info
job-core	Checkout code	2025-06-25T17:03:07.1075489Z ##[endgroup]
job-core	Checkout code	2025-06-25T17:03:07.1078002Z [command]/usr/bin/git sparse-checkout disable
job-core	Checkout code	2025-06-25T17:03:07.1168121Z [command]/usr/bin/git config --local --unset-all extensions.worktreeConfig
job-core	Checkout code	2025-06-25T17:03:07.1202089Z ##[group]Checking out the ref
job-core	Checkout code	2025-06-25T17:03:07.1206545Z [command]/usr/bin/git checkout --progress --force -B main refs/remotes/origin/main
job-core	Checkout code	2025-06-25T17:03:07.1516902Z Previous HEAD position was b0659f59 [Ka0S] Inspector uploading resume execution files to the repository...
job-core	Checkout code	2025-06-25T17:03:07.1529520Z Switched to a new branch 'main'
job-core	Checkout code	2025-06-25T17:03:07.1530210Z branch 'main' set up to track 'origin/main'.
job-core	Checkout code	2025-06-25T17:03:07.1539456Z ##[endgroup]
job-core	Checkout code	2025-06-25T17:03:07.1580804Z [command]/usr/bin/git log -1 --format=%H
job-core	Checkout code	2025-06-25T17:03:07.1607378Z a8056fd8c875f80006fa7671cbe482a295ee7108
job-core	Set up Python	﻿2025-06-25T17:03:07.1909118Z ##[group]Run actions/setup-python@v4
job-core	Set up Python	2025-06-25T17:03:07.1909473Z with:
job-core	Set up Python	2025-06-25T17:03:07.1909669Z   python-version: 3.9
job-core	Set up Python	2025-06-25T17:03:07.1909887Z   check-latest: false
job-core	Set up Python	2025-06-25T17:03:07.1910247Z   token: ***
job-core	Set up Python	2025-06-25T17:03:07.1910456Z   update-environment: true
job-core	Set up Python	2025-06-25T17:03:07.1910704Z   allow-prereleases: false
job-core	Set up Python	2025-06-25T17:03:07.1910925Z env:
job-core	Set up Python	2025-06-25T17:03:07.1911106Z   PYTHON_VERSION: 3.9
job-core	Set up Python	2025-06-25T17:03:07.1911645Z   MONGO_SUPERUSER_CONNECTION: ***
job-core	Set up Python	2025-06-25T17:03:07.1911919Z   MONGO_NEW_DB: db.github
job-core	Set up Python	2025-06-25T17:03:07.1912160Z   MONGO_COLLECTION_NAME: col.repo
job-core	Set up Python	2025-06-25T17:03:07.1912638Z   MONGO_NEW_USER: dbusergithub
job-core	Set up Python	2025-06-25T17:03:07.1912920Z   MONGO_NEW_PASS: ***
job-core	Set up Python	2025-06-25T17:03:07.1913217Z   MONGO_SCRIPT_PATH: core/database/scripts/mongo_admin_ci.py
job-core	Set up Python	2025-06-25T17:03:07.1913555Z   KAOS_CODE: 15882559228
job-core	Set up Python	2025-06-25T17:03:07.1913784Z   REPORT_PATH: audit/mongo
job-core	Set up Python	2025-06-25T17:03:07.1914052Z   REPORT_FILENAME: mongo_setup_15882559228.json
job-core	Set up Python	2025-06-25T17:03:07.1914334Z   GITHUB_OUTPUT: 
job-core	Set up Python	2025-06-25T17:03:07.1914571Z ##[endgroup]
job-core	Set up Python	2025-06-25T17:03:07.3701299Z ##[group]Installed versions
job-core	Set up Python	2025-06-25T17:03:07.3757870Z Successfully set up CPython (3.9.23)
job-core	Set up Python	2025-06-25T17:03:07.3758586Z ##[endgroup]
job-core	Install dependencies	﻿2025-06-25T17:03:07.3865353Z ##[group]Run pip install pymongo
job-core	Install dependencies	2025-06-25T17:03:07.3865784Z [36;1mpip install pymongo[0m
job-core	Install dependencies	2025-06-25T17:03:07.3877486Z shell: /usr/bin/bash -e {0}
job-core	Install dependencies	2025-06-25T17:03:07.3877761Z env:
job-core	Install dependencies	2025-06-25T17:03:07.3877950Z   PYTHON_VERSION: 3.9
job-core	Install dependencies	2025-06-25T17:03:07.3879000Z   MONGO_SUPERUSER_CONNECTION: ***
job-core	Install dependencies	2025-06-25T17:03:07.3879280Z   MONGO_NEW_DB: db.github
job-core	Install dependencies	2025-06-25T17:03:07.3879660Z   MONGO_COLLECTION_NAME: col.repo
job-core	Install dependencies	2025-06-25T17:03:07.3879914Z   MONGO_NEW_USER: dbusergithub
job-core	Install dependencies	2025-06-25T17:03:07.3880183Z   MONGO_NEW_PASS: ***
job-core	Install dependencies	2025-06-25T17:03:07.3880465Z   MONGO_SCRIPT_PATH: core/database/scripts/mongo_admin_ci.py
job-core	Install dependencies	2025-06-25T17:03:07.3880796Z   KAOS_CODE: 15882559228
job-core	Install dependencies	2025-06-25T17:03:07.3881020Z   REPORT_PATH: audit/mongo
job-core	Install dependencies	2025-06-25T17:03:07.3881274Z   REPORT_FILENAME: mongo_setup_15882559228.json
job-core	Install dependencies	2025-06-25T17:03:07.3881553Z   GITHUB_OUTPUT: 
job-core	Install dependencies	2025-06-25T17:03:07.3881844Z   pythonLocation: /actions-runner/_work/_tool/Python/3.9.23/x64
job-core	Install dependencies	2025-06-25T17:03:07.3882320Z   PKG_CONFIG_PATH: /actions-runner/_work/_tool/Python/3.9.23/x64/lib/pkgconfig
job-core	Install dependencies	2025-06-25T17:03:07.3882816Z   Python_ROOT_DIR: /actions-runner/_work/_tool/Python/3.9.23/x64
job-core	Install dependencies	2025-06-25T17:03:07.3883235Z   Python2_ROOT_DIR: /actions-runner/_work/_tool/Python/3.9.23/x64
job-core	Install dependencies	2025-06-25T17:03:07.3883648Z   Python3_ROOT_DIR: /actions-runner/_work/_tool/Python/3.9.23/x64
job-core	Install dependencies	2025-06-25T17:03:07.3884075Z   LD_LIBRARY_PATH: /actions-runner/_work/_tool/Python/3.9.23/x64/lib
job-core	Install dependencies	2025-06-25T17:03:07.3884418Z ##[endgroup]
job-core	Install dependencies	2025-06-25T17:03:07.7190112Z Requirement already satisfied: pymongo in /actions-runner/_work/_tool/Python/3.9.23/x64/lib/python3.9/site-packages (4.13.2)
job-core	Install dependencies	2025-06-25T17:03:07.7273093Z Requirement already satisfied: dnspython<3.0.0,>=1.16.0 in /actions-runner/_work/_tool/Python/3.9.23/x64/lib/python3.9/site-packages (from pymongo) (2.7.0)
job-core	Configure MongoDB	﻿2025-06-25T17:03:07.8010584Z ##[group]Run python core/database/scripts/mongo_admin_ci.py
job-core	Configure MongoDB	2025-06-25T17:03:07.8011090Z [36;1mpython core/database/scripts/mongo_admin_ci.py[0m
job-core	Configure MongoDB	2025-06-25T17:03:07.8018889Z shell: /usr/bin/bash -e {0}
job-core	Configure MongoDB	2025-06-25T17:03:07.8019407Z env:
job-core	Configure MongoDB	2025-06-25T17:03:07.8019598Z   PYTHON_VERSION: 3.9
job-core	Configure MongoDB	2025-06-25T17:03:07.8020374Z   MONGO_SUPERUSER_CONNECTION: ***
job-core	Configure MongoDB	2025-06-25T17:03:07.8020646Z   MONGO_NEW_DB: db.github
job-core	Configure MongoDB	2025-06-25T17:03:07.8020883Z   MONGO_COLLECTION_NAME: col.repo
job-core	Configure MongoDB	2025-06-25T17:03:07.8021146Z   MONGO_NEW_USER: dbusergithub
job-core	Configure MongoDB	2025-06-25T17:03:07.8021440Z   MONGO_NEW_PASS: ***
job-core	Configure MongoDB	2025-06-25T17:03:07.8021737Z   MONGO_SCRIPT_PATH: core/database/scripts/mongo_admin_ci.py
job-core	Configure MongoDB	2025-06-25T17:03:07.8022086Z   KAOS_CODE: 15882559228
job-core	Configure MongoDB	2025-06-25T17:03:07.8022305Z   REPORT_PATH: audit/mongo
job-core	Configure MongoDB	2025-06-25T17:03:07.8022575Z   REPORT_FILENAME: mongo_setup_15882559228.json
job-core	Configure MongoDB	2025-06-25T17:03:07.8022859Z   GITHUB_OUTPUT: 
job-core	Configure MongoDB	2025-06-25T17:03:07.8023150Z   pythonLocation: /actions-runner/_work/_tool/Python/3.9.23/x64
job-core	Configure MongoDB	2025-06-25T17:03:07.8023660Z   PKG_CONFIG_PATH: /actions-runner/_work/_tool/Python/3.9.23/x64/lib/pkgconfig
job-core	Configure MongoDB	2025-06-25T17:03:07.8024115Z   Python_ROOT_DIR: /actions-runner/_work/_tool/Python/3.9.23/x64
job-core	Configure MongoDB	2025-06-25T17:03:07.8024533Z   Python2_ROOT_DIR: /actions-runner/_work/_tool/Python/3.9.23/x64
job-core	Configure MongoDB	2025-06-25T17:03:07.8024953Z   Python3_ROOT_DIR: /actions-runner/_work/_tool/Python/3.9.23/x64
job-core	Configure MongoDB	2025-06-25T17:03:07.8025382Z   LD_LIBRARY_PATH: /actions-runner/_work/_tool/Python/3.9.23/x64/lib
job-core	Configure MongoDB	2025-06-25T17:03:07.8025723Z ##[endgroup]
job-core	Configure MongoDB	2025-06-25T17:03:07.8175077Z   File "/actions-runner/_work/ka0s/ka0s/core/database/scripts/mongo_admin_ci.py", line 120
job-core	Configure MongoDB	2025-06-25T17:03:07.8175796Z     try:
job-core	Configure MongoDB	2025-06-25T17:03:07.8176050Z IndentationError: unexpected indent
job-core	Configure MongoDB	2025-06-25T17:03:07.8206080Z ##[error]Process completed with exit code 1.
job-core	Post Checkout code	﻿2025-06-25T17:03:07.8312796Z Post job cleanup.
job-core	Post Checkout code	2025-06-25T17:03:07.9299424Z [command]/usr/bin/git version
job-core	Post Checkout code	2025-06-25T17:03:07.9337545Z git version 2.43.0
job-core	Post Checkout code	2025-06-25T17:03:07.9386434Z Temporarily overriding HOME='/actions-runner/_work/_temp/7b3618a2-20f2-4820-bd34-fcc7476b2361' before making global git config changes
job-core	Post Checkout code	2025-06-25T17:03:07.9387498Z Adding repository directory to the temporary git global config as a safe directory
job-core	Post Checkout code	2025-06-25T17:03:07.9393938Z [command]/usr/bin/git config --global --add safe.directory /actions-runner/_work/ka0s/ka0s
job-core	Post Checkout code	2025-06-25T17:03:07.9440913Z [command]/usr/bin/git config --local --name-only --get-regexp core\.sshCommand
job-core	Post Checkout code	2025-06-25T17:03:07.9477040Z [command]/usr/bin/git submodule foreach --recursive sh -c "git config --local --name-only --get-regexp 'core\.sshCommand' && git config --local --unset-all 'core.sshCommand' || :"
job-core	Post Checkout code	2025-06-25T17:03:07.9744406Z [command]/usr/bin/git config --local --name-only --get-regexp http\.https\:\/\/github\.com\/\.extraheader
job-core	Post Checkout code	2025-06-25T17:03:07.9768515Z http.https://github.com/.extraheader
job-core	Post Checkout code	2025-06-25T17:03:07.9782297Z [command]/usr/bin/git config --local --unset-all http.https://github.com/.extraheader
job-core	Post Checkout code	2025-06-25T17:03:07.9816967Z [command]/usr/bin/git submodule foreach --recursive sh -c "git config --local --name-only --get-regexp 'http\.https\:\/\/github\.com\/\.extraheader' && git config --local --unset-all 'http.https://github.com/.extraheader' || :"
job-core	Complete job	﻿2025-06-25T17:03:08.0206476Z Cleaning up orphan processes
handle_failure	Set up job	﻿2025-06-25T17:03:14.0239767Z Current runner version: '2.325.0'
handle_failure	Set up job	2025-06-25T17:03:14.0246777Z Runner name: 'ka0s-ka0s-3'
handle_failure	Set up job	2025-06-25T17:03:14.0247831Z Machine name: 'adde273f08d8'
handle_failure	Set up job	2025-06-25T17:03:14.0250707Z ##[group]GITHUB_TOKEN Permissions
handle_failure	Set up job	2025-06-25T17:03:14.0252913Z Contents: read
handle_failure	Set up job	2025-06-25T17:03:14.0253501Z Metadata: read
handle_failure	Set up job	2025-06-25T17:03:14.0254124Z Packages: read
handle_failure	Set up job	2025-06-25T17:03:14.0254687Z ##[endgroup]
handle_failure	Set up job	2025-06-25T17:03:14.0256838Z Secret source: Actions
handle_failure	Set up job	2025-06-25T17:03:14.0257641Z Prepare workflow directory
handle_failure	Set up job	2025-06-25T17:03:14.0909678Z Prepare all required actions
handle_failure	Set up job	2025-06-25T17:03:14.0949112Z Getting action download info
handle_failure	Set up job	2025-06-25T17:03:14.6678858Z Download action repository 'actions/checkout@v4' (SHA:11bd71901bbe5b1630ceea73d27597364c9af683)
handle_failure	Set up job	2025-06-25T17:03:15.4483869Z Complete job name: handle_failure
handle_failure	Checkout code	﻿2025-06-25T17:03:15.4942783Z ##[group]Run actions/checkout@v4
handle_failure	Checkout code	2025-06-25T17:03:15.4943608Z with:
handle_failure	Checkout code	2025-06-25T17:03:15.4943978Z   fetch-depth: 0
handle_failure	Checkout code	2025-06-25T17:03:15.4944568Z   token: ***
handle_failure	Checkout code	2025-06-25T17:03:15.4944948Z   repository: Ka0s-Klaus/ka0s
handle_failure	Checkout code	2025-06-25T17:03:15.4945430Z   ssh-strict: true
handle_failure	Checkout code	2025-06-25T17:03:15.4945811Z   ssh-user: git
handle_failure	Checkout code	2025-06-25T17:03:15.4946203Z   persist-credentials: true
handle_failure	Checkout code	2025-06-25T17:03:15.4946627Z   clean: true
handle_failure	Checkout code	2025-06-25T17:03:15.4947012Z   sparse-checkout-cone-mode: true
handle_failure	Checkout code	2025-06-25T17:03:15.4947479Z   fetch-tags: false
handle_failure	Checkout code	2025-06-25T17:03:15.4947867Z   show-progress: true
handle_failure	Checkout code	2025-06-25T17:03:15.4948258Z   lfs: false
handle_failure	Checkout code	2025-06-25T17:03:15.4948819Z   submodules: false
handle_failure	Checkout code	2025-06-25T17:03:15.4949226Z   set-safe-directory: true
handle_failure	Checkout code	2025-06-25T17:03:15.4949989Z env:
handle_failure	Checkout code	2025-06-25T17:03:15.4950358Z   PYTHON_VERSION: 3.9
handle_failure	Checkout code	2025-06-25T17:03:15.4951255Z   MONGO_SUPERUSER_CONNECTION: ***
handle_failure	Checkout code	2025-06-25T17:03:15.4951734Z   MONGO_NEW_DB: db.github
handle_failure	Checkout code	2025-06-25T17:03:15.4952163Z   MONGO_COLLECTION_NAME: col.repo
handle_failure	Checkout code	2025-06-25T17:03:15.4952634Z   MONGO_NEW_USER: dbusergithub
handle_failure	Checkout code	2025-06-25T17:03:15.4953137Z   MONGO_NEW_PASS: ***
handle_failure	Checkout code	2025-06-25T17:03:15.4953639Z   MONGO_SCRIPT_PATH: core/database/scripts/mongo_admin_ci.py
handle_failure	Checkout code	2025-06-25T17:03:15.4954230Z   KAOS_CODE: 15882559228
handle_failure	Checkout code	2025-06-25T17:03:15.4954654Z   REPORT_PATH: audit/mongo
handle_failure	Checkout code	2025-06-25T17:03:15.4955127Z   REPORT_FILENAME: mongo_setup_15882559228.json
handle_failure	Checkout code	2025-06-25T17:03:15.4955630Z ##[endgroup]
handle_failure	Checkout code	2025-06-25T17:03:15.6088898Z Syncing repository: Ka0s-Klaus/ka0s
handle_failure	Checkout code	2025-06-25T17:03:15.6090913Z ##[group]Getting Git version info
handle_failure	Checkout code	2025-06-25T17:03:15.6091894Z Working directory is '/actions-runner/_work/ka0s/ka0s'
handle_failure	Checkout code	2025-06-25T17:03:15.6093124Z [command]/usr/bin/git version
handle_failure	Checkout code	2025-06-25T17:03:15.6093665Z git version 2.43.0
handle_failure	Checkout code	2025-06-25T17:03:15.6120692Z ##[endgroup]
handle_failure	Checkout code	2025-06-25T17:03:15.6133588Z Copying '/home/kaos/.gitconfig' to '/actions-runner/_work/_temp/b76d91fb-233b-47b1-b881-91e771d56df2/.gitconfig'
handle_failure	Checkout code	2025-06-25T17:03:15.6145925Z Temporarily overriding HOME='/actions-runner/_work/_temp/b76d91fb-233b-47b1-b881-91e771d56df2' before making global git config changes
handle_failure	Checkout code	2025-06-25T17:03:15.6147431Z Adding repository directory to the temporary git global config as a safe directory
handle_failure	Checkout code	2025-06-25T17:03:15.6151957Z [command]/usr/bin/git config --global --add safe.directory /actions-runner/_work/ka0s/ka0s
handle_failure	Checkout code	2025-06-25T17:03:15.6199128Z [command]/usr/bin/git config --local --get remote.origin.url
handle_failure	Checkout code	2025-06-25T17:03:15.6222446Z https://github.com/Ka0s-Klaus/ka0s
handle_failure	Checkout code	2025-06-25T17:03:15.6242056Z ##[group]Removing previously created refs, to avoid conflicts
handle_failure	Checkout code	2025-06-25T17:03:15.6246521Z [command]/usr/bin/git rev-parse --symbolic-full-name --verify --quiet HEAD
handle_failure	Checkout code	2025-06-25T17:03:15.6271585Z refs/heads/H1224-new-module-mongodb
handle_failure	Checkout code	2025-06-25T17:03:15.6282172Z [command]/usr/bin/git checkout --detach
handle_failure	Checkout code	2025-06-25T17:03:15.6431478Z HEAD is now at a3a68ff8 [Ka0S] Uploading resume execution files to the repository...
handle_failure	Checkout code	2025-06-25T17:03:15.6478529Z [command]/usr/bin/git branch --delete --force H1224-new-module-mongodb
handle_failure	Checkout code	2025-06-25T17:03:15.6511906Z Deleted branch H1224-new-module-mongodb (was a3a68ff8).
handle_failure	Checkout code	2025-06-25T17:03:15.6589364Z ##[endgroup]
handle_failure	Checkout code	2025-06-25T17:03:15.6591032Z [command]/usr/bin/git submodule status
handle_failure	Checkout code	2025-06-25T17:03:15.6849088Z ##[group]Cleaning the repository
handle_failure	Checkout code	2025-06-25T17:03:15.6854938Z [command]/usr/bin/git clean -ffdx
handle_failure	Checkout code	2025-06-25T17:03:15.6930677Z Removing core/results/k/event_data_15882539658.json.bak
handle_failure	Checkout code	2025-06-25T17:03:15.6931656Z Removing files-in-commit.txt
handle_failure	Checkout code	2025-06-25T17:03:15.6941456Z [command]/usr/bin/git reset --hard HEAD
handle_failure	Checkout code	2025-06-25T17:03:15.7249790Z HEAD is now at a3a68ff8 [Ka0S] Uploading resume execution files to the repository...
handle_failure	Checkout code	2025-06-25T17:03:15.7257167Z ##[endgroup]
handle_failure	Checkout code	2025-06-25T17:03:15.7259305Z ##[group]Disabling automatic garbage collection
handle_failure	Checkout code	2025-06-25T17:03:15.7265180Z [command]/usr/bin/git config --local gc.auto 0
handle_failure	Checkout code	2025-06-25T17:03:15.7342728Z ##[endgroup]
handle_failure	Checkout code	2025-06-25T17:03:15.7343714Z ##[group]Setting up auth
handle_failure	Checkout code	2025-06-25T17:03:15.7344848Z [command]/usr/bin/git config --local --name-only --get-regexp core\.sshCommand
handle_failure	Checkout code	2025-06-25T17:03:15.7353930Z [command]/usr/bin/git submodule foreach --recursive sh -c "git config --local --name-only --get-regexp 'core\.sshCommand' && git config --local --unset-all 'core.sshCommand' || :"
handle_failure	Checkout code	2025-06-25T17:03:15.7613876Z [command]/usr/bin/git config --local --name-only --get-regexp http\.https\:\/\/github\.com\/\.extraheader
handle_failure	Checkout code	2025-06-25T17:03:15.7647013Z [command]/usr/bin/git submodule foreach --recursive sh -c "git config --local --name-only --get-regexp 'http\.https\:\/\/github\.com\/\.extraheader' && git config --local --unset-all 'http.https://github.com/.extraheader' || :"
handle_failure	Checkout code	2025-06-25T17:03:15.7916774Z [command]/usr/bin/git config --local http.https://github.com/.extraheader AUTHORIZATION: basic ***
handle_failure	Checkout code	2025-06-25T17:03:15.7959329Z ##[endgroup]
handle_failure	Checkout code	2025-06-25T17:03:15.7960420Z ##[group]Fetching the repository
handle_failure	Checkout code	2025-06-25T17:03:15.7968109Z [command]/usr/bin/git -c protocol.version=2 fetch --prune --no-recurse-submodules origin +refs/heads/*:refs/remotes/origin/* +refs/tags/*:refs/tags/*
handle_failure	Checkout code	2025-06-25T17:03:16.6421065Z From https://github.com/Ka0s-Klaus/ka0s
handle_failure	Checkout code	2025-06-25T17:03:16.6423221Z    8d0fd446..a8056fd8  main       -> origin/main
handle_failure	Checkout code	2025-06-25T17:03:16.6506251Z [command]/usr/bin/git branch --list --remote origin/main
handle_failure	Checkout code	2025-06-25T17:03:16.6548179Z   origin/main
handle_failure	Checkout code	2025-06-25T17:03:16.6559132Z [command]/usr/bin/git rev-parse refs/remotes/origin/main
handle_failure	Checkout code	2025-06-25T17:03:16.6590606Z a8056fd8c875f80006fa7671cbe482a295ee7108
handle_failure	Checkout code	2025-06-25T17:03:16.6596336Z ##[endgroup]
handle_failure	Checkout code	2025-06-25T17:03:16.6598540Z ##[group]Determining the checkout info
handle_failure	Checkout code	2025-06-25T17:03:16.6601015Z ##[endgroup]
handle_failure	Checkout code	2025-06-25T17:03:16.6603834Z [command]/usr/bin/git sparse-checkout disable
handle_failure	Checkout code	2025-06-25T17:03:16.6718044Z [command]/usr/bin/git config --local --unset-all extensions.worktreeConfig
handle_failure	Checkout code	2025-06-25T17:03:16.6763071Z ##[group]Checking out the ref
handle_failure	Checkout code	2025-06-25T17:03:16.6766885Z [command]/usr/bin/git checkout --progress --force -B main refs/remotes/origin/main
handle_failure	Checkout code	2025-06-25T17:03:16.7143051Z Previous HEAD position was a3a68ff8 [Ka0S] Uploading resume execution files to the repository...
handle_failure	Checkout code	2025-06-25T17:03:16.7150875Z Switched to a new branch 'main'
handle_failure	Checkout code	2025-06-25T17:03:16.7152197Z branch 'main' set up to track 'origin/main'.
handle_failure	Checkout code	2025-06-25T17:03:16.7161065Z ##[endgroup]
handle_failure	Checkout code	2025-06-25T17:03:16.7203543Z [command]/usr/bin/git log -1 --format=%H
handle_failure	Checkout code	2025-06-25T17:03:16.7232691Z a8056fd8c875f80006fa7671cbe482a295ee7108
handle_failure	handle-failure-execution	﻿2025-06-25T17:03:16.7473167Z ##[group]Run echo "Error detected in process 15882559228" 
handle_failure	handle-failure-execution	2025-06-25T17:03:16.7475021Z [36;1mecho "Error detected in process 15882559228" [0m
handle_failure	handle-failure-execution	2025-06-25T17:03:16.7476703Z [36;1m# RNNUMBER=$(echo "refs/heads/main" | grep -o '[0-9]*')[0m
handle_failure	handle-failure-execution	2025-06-25T17:03:16.7480040Z [36;1m# gh issue comment $RNNUMBER --body "El proceso no ha finalizado correctamente 15882559228. El resultado está en el fichero core/results/event_data_15882559228.log"[0m
handle_failure	handle-failure-execution	2025-06-25T17:03:16.7492666Z shell: /usr/bin/bash -e {0}
handle_failure	handle-failure-execution	2025-06-25T17:03:16.7493772Z env:
handle_failure	handle-failure-execution	2025-06-25T17:03:16.7494648Z   PYTHON_VERSION: 3.9
handle_failure	handle-failure-execution	2025-06-25T17:03:16.7497024Z   MONGO_SUPERUSER_CONNECTION: ***
handle_failure	handle-failure-execution	2025-06-25T17:03:16.7498232Z   MONGO_NEW_DB: db.github
handle_failure	handle-failure-execution	2025-06-25T17:03:16.7499397Z   MONGO_COLLECTION_NAME: col.repo
handle_failure	handle-failure-execution	2025-06-25T17:03:16.7500591Z   MONGO_NEW_USER: dbusergithub
handle_failure	handle-failure-execution	2025-06-25T17:03:16.7501775Z   MONGO_NEW_PASS: ***
handle_failure	handle-failure-execution	2025-06-25T17:03:16.7503303Z   MONGO_SCRIPT_PATH: core/database/scripts/mongo_admin_ci.py
handle_failure	handle-failure-execution	2025-06-25T17:03:16.7504774Z   KAOS_CODE: 15882559228
handle_failure	handle-failure-execution	2025-06-25T17:03:16.7505886Z   REPORT_PATH: audit/mongo
handle_failure	handle-failure-execution	2025-06-25T17:03:16.7507047Z   REPORT_FILENAME: mongo_setup_15882559228.json
handle_failure	handle-failure-execution	2025-06-25T17:03:16.7508636Z   GH_TOKEN: ***
handle_failure	handle-failure-execution	2025-06-25T17:03:16.7509563Z ##[endgroup]
handle_failure	handle-failure-execution	2025-06-25T17:03:16.7567392Z Error detected in process 15882559228
handle_failure	Post Checkout code	﻿2025-06-25T17:03:16.7750842Z Post job cleanup.
handle_failure	Post Checkout code	2025-06-25T17:03:16.8776741Z [command]/usr/bin/git version
handle_failure	Post Checkout code	2025-06-25T17:03:16.8815964Z git version 2.43.0
handle_failure	Post Checkout code	2025-06-25T17:03:16.8857866Z Copying '/home/kaos/.gitconfig' to '/actions-runner/_work/_temp/d379afb8-ea72-4a90-97ca-66c43e95291f/.gitconfig'
handle_failure	Post Checkout code	2025-06-25T17:03:16.8873150Z Temporarily overriding HOME='/actions-runner/_work/_temp/d379afb8-ea72-4a90-97ca-66c43e95291f' before making global git config changes
handle_failure	Post Checkout code	2025-06-25T17:03:16.8880506Z Adding repository directory to the temporary git global config as a safe directory
handle_failure	Post Checkout code	2025-06-25T17:03:16.8883052Z [command]/usr/bin/git config --global --add safe.directory /actions-runner/_work/ka0s/ka0s
handle_failure	Post Checkout code	2025-06-25T17:03:16.8917809Z [command]/usr/bin/git config --local --name-only --get-regexp core\.sshCommand
handle_failure	Post Checkout code	2025-06-25T17:03:16.8969790Z [command]/usr/bin/git submodule foreach --recursive sh -c "git config --local --name-only --get-regexp 'core\.sshCommand' && git config --local --unset-all 'core.sshCommand' || :"
handle_failure	Post Checkout code	2025-06-25T17:03:16.9247320Z [command]/usr/bin/git config --local --name-only --get-regexp http\.https\:\/\/github\.com\/\.extraheader
handle_failure	Post Checkout code	2025-06-25T17:03:16.9272059Z http.https://github.com/.extraheader
handle_failure	Post Checkout code	2025-06-25T17:03:16.9284184Z [command]/usr/bin/git config --local --unset-all http.https://github.com/.extraheader
handle_failure	Post Checkout code	2025-06-25T17:03:16.9321102Z [command]/usr/bin/git submodule foreach --recursive sh -c "git config --local --name-only --get-regexp 'http\.https\:\/\/github\.com\/\.extraheader' && git config --local --unset-all 'http.https://github.com/.extraheader' || :"
handle_failure	Complete job	﻿2025-06-25T17:03:16.9764306Z Cleaning up orphan processes
end-workflow	Set up job	﻿2025-06-25T17:03:22.3791346Z Current runner version: '2.325.0'
end-workflow	Set up job	2025-06-25T17:03:22.3798304Z Runner name: 'ka0s-ka0s-3'
end-workflow	Set up job	2025-06-25T17:03:22.3799840Z Machine name: 'adde273f08d8'
end-workflow	Set up job	2025-06-25T17:03:22.3802606Z ##[group]GITHUB_TOKEN Permissions
end-workflow	Set up job	2025-06-25T17:03:22.3804947Z Contents: read
end-workflow	Set up job	2025-06-25T17:03:22.3805471Z Metadata: read
end-workflow	Set up job	2025-06-25T17:03:22.3806143Z Packages: read
end-workflow	Set up job	2025-06-25T17:03:22.3806701Z ##[endgroup]
end-workflow	Set up job	2025-06-25T17:03:22.3809077Z Secret source: Actions
end-workflow	Set up job	2025-06-25T17:03:22.3809847Z Prepare workflow directory
end-workflow	Set up job	2025-06-25T17:03:22.4478302Z Prepare all required actions
end-workflow	Set up job	2025-06-25T17:03:22.4518174Z Getting action download info
end-workflow	Set up job	2025-06-25T17:03:23.0282317Z Download action repository 'actions/checkout@v4' (SHA:11bd71901bbe5b1630ceea73d27597364c9af683)
end-workflow	Set up job	2025-06-25T17:03:23.8152819Z Complete job name: end-workflow
end-workflow	Checkout code	﻿2025-06-25T17:03:23.8632089Z ##[group]Run actions/checkout@v4
end-workflow	Checkout code	2025-06-25T17:03:23.8632919Z with:
end-workflow	Checkout code	2025-06-25T17:03:23.8633300Z   fetch-depth: 0
end-workflow	Checkout code	2025-06-25T17:03:23.8633901Z   token: ***
end-workflow	Checkout code	2025-06-25T17:03:23.8634295Z   repository: Ka0s-Klaus/ka0s
end-workflow	Checkout code	2025-06-25T17:03:23.8634789Z   ssh-strict: true
end-workflow	Checkout code	2025-06-25T17:03:23.8635175Z   ssh-user: git
end-workflow	Checkout code	2025-06-25T17:03:23.8635577Z   persist-credentials: true
end-workflow	Checkout code	2025-06-25T17:03:23.8636014Z   clean: true
end-workflow	Checkout code	2025-06-25T17:03:23.8636413Z   sparse-checkout-cone-mode: true
end-workflow	Checkout code	2025-06-25T17:03:23.8636887Z   fetch-tags: false
end-workflow	Checkout code	2025-06-25T17:03:23.8637281Z   show-progress: true
end-workflow	Checkout code	2025-06-25T17:03:23.8637683Z   lfs: false
end-workflow	Checkout code	2025-06-25T17:03:23.8638052Z   submodules: false
end-workflow	Checkout code	2025-06-25T17:03:23.8638518Z   set-safe-directory: true
end-workflow	Checkout code	2025-06-25T17:03:23.8639191Z env:
end-workflow	Checkout code	2025-06-25T17:03:23.8639570Z   PYTHON_VERSION: 3.9
end-workflow	Checkout code	2025-06-25T17:03:23.8640476Z   MONGO_SUPERUSER_CONNECTION: ***
end-workflow	Checkout code	2025-06-25T17:03:23.8640962Z   MONGO_NEW_DB: db.github
end-workflow	Checkout code	2025-06-25T17:03:23.8641411Z   MONGO_COLLECTION_NAME: col.repo
end-workflow	Checkout code	2025-06-25T17:03:23.8641894Z   MONGO_NEW_USER: dbusergithub
end-workflow	Checkout code	2025-06-25T17:03:23.8642413Z   MONGO_NEW_PASS: ***
end-workflow	Checkout code	2025-06-25T17:03:23.8642929Z   MONGO_SCRIPT_PATH: core/database/scripts/mongo_admin_ci.py
end-workflow	Checkout code	2025-06-25T17:03:23.8643525Z   KAOS_CODE: 15882559228
end-workflow	Checkout code	2025-06-25T17:03:23.8643962Z   REPORT_PATH: audit/mongo
end-workflow	Checkout code	2025-06-25T17:03:23.8644449Z   REPORT_FILENAME: mongo_setup_15882559228.json
end-workflow	Checkout code	2025-06-25T17:03:23.8645085Z   GH_TOKEN: ***
end-workflow	Checkout code	2025-06-25T17:03:23.8645462Z ##[endgroup]
end-workflow	Checkout code	2025-06-25T17:03:23.9794560Z Syncing repository: Ka0s-Klaus/ka0s
end-workflow	Checkout code	2025-06-25T17:03:23.9796441Z ##[group]Getting Git version info
end-workflow	Checkout code	2025-06-25T17:03:23.9797249Z Working directory is '/actions-runner/_work/ka0s/ka0s'
end-workflow	Checkout code	2025-06-25T17:03:23.9798155Z [command]/usr/bin/git version
end-workflow	Checkout code	2025-06-25T17:03:23.9799023Z git version 2.43.0
end-workflow	Checkout code	2025-06-25T17:03:23.9821183Z ##[endgroup]
end-workflow	Checkout code	2025-06-25T17:03:23.9833375Z Copying '/home/kaos/.gitconfig' to '/actions-runner/_work/_temp/c5eb37d0-e2c2-4f89-984d-7dcf39cc1338/.gitconfig'
end-workflow	Checkout code	2025-06-25T17:03:23.9849215Z Temporarily overriding HOME='/actions-runner/_work/_temp/c5eb37d0-e2c2-4f89-984d-7dcf39cc1338' before making global git config changes
end-workflow	Checkout code	2025-06-25T17:03:23.9850701Z Adding repository directory to the temporary git global config as a safe directory
end-workflow	Checkout code	2025-06-25T17:03:23.9856368Z [command]/usr/bin/git config --global --add safe.directory /actions-runner/_work/ka0s/ka0s
end-workflow	Checkout code	2025-06-25T17:03:23.9902017Z [command]/usr/bin/git config --local --get remote.origin.url
end-workflow	Checkout code	2025-06-25T17:03:23.9925629Z https://github.com/Ka0s-Klaus/ka0s
end-workflow	Checkout code	2025-06-25T17:03:23.9948109Z ##[group]Removing previously created refs, to avoid conflicts
end-workflow	Checkout code	2025-06-25T17:03:23.9953929Z [command]/usr/bin/git rev-parse --symbolic-full-name --verify --quiet HEAD
end-workflow	Checkout code	2025-06-25T17:03:23.9978082Z refs/heads/main
end-workflow	Checkout code	2025-06-25T17:03:23.9988248Z [command]/usr/bin/git checkout --detach
end-workflow	Checkout code	2025-06-25T17:03:24.0156402Z HEAD is now at a8056fd8 [Ka0S] Inspector uploading resume execution files to the repository...
end-workflow	Checkout code	2025-06-25T17:03:24.0202294Z [command]/usr/bin/git branch --delete --force main
end-workflow	Checkout code	2025-06-25T17:03:24.0235278Z Deleted branch main (was a8056fd8).
end-workflow	Checkout code	2025-06-25T17:03:24.0312056Z ##[endgroup]
end-workflow	Checkout code	2025-06-25T17:03:24.0313244Z [command]/usr/bin/git submodule status
end-workflow	Checkout code	2025-06-25T17:03:24.0575070Z ##[group]Cleaning the repository
end-workflow	Checkout code	2025-06-25T17:03:24.0578330Z [command]/usr/bin/git clean -ffdx
end-workflow	Checkout code	2025-06-25T17:03:24.0665920Z [command]/usr/bin/git reset --hard HEAD
end-workflow	Checkout code	2025-06-25T17:03:24.0961978Z HEAD is now at a8056fd8 [Ka0S] Inspector uploading resume execution files to the repository...
end-workflow	Checkout code	2025-06-25T17:03:24.0967995Z ##[endgroup]
end-workflow	Checkout code	2025-06-25T17:03:24.0969941Z ##[group]Disabling automatic garbage collection
end-workflow	Checkout code	2025-06-25T17:03:24.0975396Z [command]/usr/bin/git config --local gc.auto 0
end-workflow	Checkout code	2025-06-25T17:03:24.1007156Z ##[endgroup]
end-workflow	Checkout code	2025-06-25T17:03:24.1007947Z ##[group]Setting up auth
end-workflow	Checkout code	2025-06-25T17:03:24.1024906Z [command]/usr/bin/git config --local --name-only --get-regexp core\.sshCommand
end-workflow	Checkout code	2025-06-25T17:03:24.1059135Z [command]/usr/bin/git submodule foreach --recursive sh -c "git config --local --name-only --get-regexp 'core\.sshCommand' && git config --local --unset-all 'core.sshCommand' || :"
end-workflow	Checkout code	2025-06-25T17:03:24.1321183Z [command]/usr/bin/git config --local --name-only --get-regexp http\.https\:\/\/github\.com\/\.extraheader
end-workflow	Checkout code	2025-06-25T17:03:24.1353876Z [command]/usr/bin/git submodule foreach --recursive sh -c "git config --local --name-only --get-regexp 'http\.https\:\/\/github\.com\/\.extraheader' && git config --local --unset-all 'http.https://github.com/.extraheader' || :"
end-workflow	Checkout code	2025-06-25T17:03:24.1620160Z [command]/usr/bin/git config --local http.https://github.com/.extraheader AUTHORIZATION: basic ***
end-workflow	Checkout code	2025-06-25T17:03:24.1665248Z ##[endgroup]
end-workflow	Checkout code	2025-06-25T17:03:24.1666141Z ##[group]Fetching the repository
end-workflow	Checkout code	2025-06-25T17:03:24.1673336Z [command]/usr/bin/git -c protocol.version=2 fetch --prune --no-recurse-submodules origin +refs/heads/*:refs/remotes/origin/* +refs/tags/*:refs/tags/*
end-workflow	Checkout code	2025-06-25T17:03:24.6891096Z [command]/usr/bin/git branch --list --remote origin/main
end-workflow	Checkout code	2025-06-25T17:03:24.6924667Z   origin/main
end-workflow	Checkout code	2025-06-25T17:03:24.6933059Z [command]/usr/bin/git rev-parse refs/remotes/origin/main
end-workflow	Checkout code	2025-06-25T17:03:24.6959987Z a8056fd8c875f80006fa7671cbe482a295ee7108
end-workflow	Checkout code	2025-06-25T17:03:24.6964089Z ##[endgroup]
end-workflow	Checkout code	2025-06-25T17:03:24.6965285Z ##[group]Determining the checkout info
end-workflow	Checkout code	2025-06-25T17:03:24.6966400Z ##[endgroup]
end-workflow	Checkout code	2025-06-25T17:03:24.6971657Z [command]/usr/bin/git sparse-checkout disable
end-workflow	Checkout code	2025-06-25T17:03:24.7074487Z [command]/usr/bin/git config --local --unset-all extensions.worktreeConfig
end-workflow	Checkout code	2025-06-25T17:03:24.7110559Z ##[group]Checking out the ref
end-workflow	Checkout code	2025-06-25T17:03:24.7116035Z [command]/usr/bin/git checkout --progress --force -B main refs/remotes/origin/main
end-workflow	Checkout code	2025-06-25T17:03:24.7300527Z Switched to a new branch 'main'
end-workflow	Checkout code	2025-06-25T17:03:24.7301661Z branch 'main' set up to track 'origin/main'.
end-workflow	Checkout code	2025-06-25T17:03:24.7307402Z ##[endgroup]
end-workflow	Checkout code	2025-06-25T17:03:24.7352093Z [command]/usr/bin/git log -1 --format=%H
end-workflow	Checkout code	2025-06-25T17:03:24.7382161Z a8056fd8c875f80006fa7671cbe482a295ee7108
end-workflow	Finaliza el workflow	﻿2025-06-25T17:03:24.7612059Z ##[group]Run echo "End process 15882559228"
end-workflow	Finaliza el workflow	2025-06-25T17:03:24.7613620Z [36;1mecho "End process 15882559228"[0m
end-workflow	Finaliza el workflow	2025-06-25T17:03:24.7615172Z [36;1m# RNNUMBER=$(echo "refs/heads/main" | grep -o '[0-9]*')[0m
end-workflow	Finaliza el workflow	2025-06-25T17:03:24.7617102Z [36;1m# gh issue comment $RNNUMBER --body "Se finaliza Ka0s 15882559228"[0m
end-workflow	Finaliza el workflow	2025-06-25T17:03:24.7620383Z [36;1mgh workflow run inspector.yml --ref 'main' -f kaos-issue-id= -f kaos-workflow-id="15882559228" -f kaos-user-start=""[0m
end-workflow	Finaliza el workflow	2025-06-25T17:03:24.7632373Z shell: /usr/bin/bash -e {0}
end-workflow	Finaliza el workflow	2025-06-25T17:03:24.7633496Z env:
end-workflow	Finaliza el workflow	2025-06-25T17:03:24.7634676Z   PYTHON_VERSION: 3.9
end-workflow	Finaliza el workflow	2025-06-25T17:03:24.7638061Z   MONGO_SUPERUSER_CONNECTION: ***
end-workflow	Finaliza el workflow	2025-06-25T17:03:24.7639738Z   MONGO_NEW_DB: db.github
end-workflow	Finaliza el workflow	2025-06-25T17:03:24.7640850Z   MONGO_COLLECTION_NAME: col.repo
end-workflow	Finaliza el workflow	2025-06-25T17:03:24.7642033Z   MONGO_NEW_USER: dbusergithub
end-workflow	Finaliza el workflow	2025-06-25T17:03:24.7643230Z   MONGO_NEW_PASS: ***
end-workflow	Finaliza el workflow	2025-06-25T17:03:24.7644479Z   MONGO_SCRIPT_PATH: core/database/scripts/mongo_admin_ci.py
end-workflow	Finaliza el workflow	2025-06-25T17:03:24.7645978Z   KAOS_CODE: 15882559228
end-workflow	Finaliza el workflow	2025-06-25T17:03:24.7646934Z   REPORT_PATH: audit/mongo
end-workflow	Finaliza el workflow	2025-06-25T17:03:24.7648003Z   REPORT_FILENAME: mongo_setup_15882559228.json
end-workflow	Finaliza el workflow	2025-06-25T17:03:24.7649930Z   GH_TOKEN: ***
end-workflow	Finaliza el workflow	2025-06-25T17:03:24.7650755Z ##[endgroup]
end-workflow	Finaliza el workflow	2025-06-25T17:03:24.7708345Z End process 15882559228
end-workflow	Post Checkout code	﻿2025-06-25T17:03:25.4226136Z Post job cleanup.
end-workflow	Post Checkout code	2025-06-25T17:03:25.5233688Z [command]/usr/bin/git version
end-workflow	Post Checkout code	2025-06-25T17:03:25.5271853Z git version 2.43.0
end-workflow	Post Checkout code	2025-06-25T17:03:25.5313192Z Copying '/home/kaos/.gitconfig' to '/actions-runner/_work/_temp/0f0d5d42-8e74-456b-bcea-286928da6c0c/.gitconfig'
end-workflow	Post Checkout code	2025-06-25T17:03:25.5326272Z Temporarily overriding HOME='/actions-runner/_work/_temp/0f0d5d42-8e74-456b-bcea-286928da6c0c' before making global git config changes
end-workflow	Post Checkout code	2025-06-25T17:03:25.5329618Z Adding repository directory to the temporary git global config as a safe directory
end-workflow	Post Checkout code	2025-06-25T17:03:25.5332083Z [command]/usr/bin/git config --global --add safe.directory /actions-runner/_work/ka0s/ka0s
end-workflow	Post Checkout code	2025-06-25T17:03:25.5372124Z [command]/usr/bin/git config --local --name-only --get-regexp core\.sshCommand
end-workflow	Post Checkout code	2025-06-25T17:03:25.5418758Z [command]/usr/bin/git submodule foreach --recursive sh -c "git config --local --name-only --get-regexp 'core\.sshCommand' && git config --local --unset-all 'core.sshCommand' || :"
end-workflow	Post Checkout code	2025-06-25T17:03:25.5676680Z [command]/usr/bin/git config --local --name-only --get-regexp http\.https\:\/\/github\.com\/\.extraheader
end-workflow	Post Checkout code	2025-06-25T17:03:25.5699778Z http.https://github.com/.extraheader
end-workflow	Post Checkout code	2025-06-25T17:03:25.5713066Z [command]/usr/bin/git config --local --unset-all http.https://github.com/.extraheader
end-workflow	Post Checkout code	2025-06-25T17:03:25.5750337Z [command]/usr/bin/git submodule foreach --recursive sh -c "git config --local --name-only --get-regexp 'http\.https\:\/\/github\.com\/\.extraheader' && git config --local --unset-all 'http.https://github.com/.extraheader' || :"
end-workflow	Complete job	﻿2025-06-25T17:03:25.6140870Z Cleaning up orphan processes
