job-core	Set up job	﻿2025-06-26T09:16:07.1466252Z Current runner version: '2.325.0'
job-core	Set up job	2025-06-26T09:16:07.1473732Z Runner name: 'ka0s-m0ng0-1'
job-core	Set up job	2025-06-26T09:16:07.1474741Z Machine name: 'a4c7c7624224'
job-core	Set up job	2025-06-26T09:16:07.1477625Z ##[group]GITHUB_TOKEN Permissions
job-core	Set up job	2025-06-26T09:16:07.1480211Z Contents: read
job-core	Set up job	2025-06-26T09:16:07.1480802Z Metadata: read
job-core	Set up job	2025-06-26T09:16:07.1481361Z Packages: read
job-core	Set up job	2025-06-26T09:16:07.1481954Z ##[endgroup]
job-core	Set up job	2025-06-26T09:16:07.1483954Z Secret source: Actions
job-core	Set up job	2025-06-26T09:16:07.1484775Z Prepare workflow directory
job-core	Set up job	2025-06-26T09:16:07.2197087Z Prepare all required actions
job-core	Set up job	2025-06-26T09:16:07.2239634Z Getting action download info
job-core	Set up job	2025-06-26T09:16:07.8059687Z Download action repository 'actions/checkout@v4' (SHA:11bd71901bbe5b1630ceea73d27597364c9af683)
job-core	Set up job	2025-06-26T09:16:08.6080447Z Download action repository 'actions/setup-python@v4' (SHA:7f4fc3e22c37d6ff65e88745f38bd3157c663f7c)
job-core	Set up job	2025-06-26T09:16:09.4675092Z Download action repository 'actions/upload-artifact@v4' (SHA:ea165f8d65b6e75b540449e92b4886f43607fa02)
job-core	Set up job	2025-06-26T09:16:10.4780176Z Complete job name: job-core
job-core	Checkout code	﻿2025-06-26T09:16:10.5211109Z ##[group]Run actions/checkout@v4
job-core	Checkout code	2025-06-26T09:16:10.5211735Z with:
job-core	Checkout code	2025-06-26T09:16:10.5211935Z   fetch-depth: 0
job-core	Checkout code	2025-06-26T09:16:10.5212472Z   token: ***
job-core	Checkout code	2025-06-26T09:16:10.5212692Z   repository: Ka0s-Klaus/ka0s
job-core	Checkout code	2025-06-26T09:16:10.5212937Z   ssh-strict: true
job-core	Checkout code	2025-06-26T09:16:10.5213128Z   ssh-user: git
job-core	Checkout code	2025-06-26T09:16:10.5213340Z   persist-credentials: true
job-core	Checkout code	2025-06-26T09:16:10.5213571Z   clean: true
job-core	Checkout code	2025-06-26T09:16:10.5213784Z   sparse-checkout-cone-mode: true
job-core	Checkout code	2025-06-26T09:16:10.5214038Z   fetch-tags: false
job-core	Checkout code	2025-06-26T09:16:10.5214263Z   show-progress: true
job-core	Checkout code	2025-06-26T09:16:10.5214494Z   lfs: false
job-core	Checkout code	2025-06-26T09:16:10.5214684Z   submodules: false
job-core	Checkout code	2025-06-26T09:16:10.5214891Z   set-safe-directory: true
job-core	Checkout code	2025-06-26T09:16:10.5215333Z env:
job-core	Checkout code	2025-06-26T09:16:10.5215540Z   PYTHON_VERSION: 3.9
job-core	Checkout code	2025-06-26T09:16:10.5216112Z   MONGO_SUPERUSER_CONNECTION: ***
job-core	Checkout code	2025-06-26T09:16:10.5216386Z   MONGO_NEW_DB: db.github
job-core	Checkout code	2025-06-26T09:16:10.5216626Z   MONGO_COLLECTION_NAME: col.repo
job-core	Checkout code	2025-06-26T09:16:10.5216899Z   MONGO_NEW_USER: dbusergithub
job-core	Checkout code	2025-06-26T09:16:10.5217217Z   MONGO_NEW_PASS: ***
job-core	Checkout code	2025-06-26T09:16:10.5217503Z   MONGO_SCRIPT_PATH: core/database/scripts/db-connect.py
job-core	Checkout code	2025-06-26T09:16:10.5217893Z   MONGO_SCRIPT_CHECK: core/database/scripts/db-check.py
job-core	Checkout code	2025-06-26T09:16:10.5218263Z   MONGO_SCRIPT_LIST: core/database/scripts/db-list.py
job-core	Checkout code	2025-06-26T09:16:10.5218845Z   MONGO_SCRIPT_CREATE: core/database/scripts/db-create.py
job-core	Checkout code	2025-06-26T09:16:10.5219184Z   KAOS_CODE: 15897913621
job-core	Checkout code	2025-06-26T09:16:10.5219568Z   REPORT_PATH: audit/mongodb
job-core	Checkout code	2025-06-26T09:16:10.5219842Z   REPORT_FILENAME: mongo_setup_15897913621.json
job-core	Checkout code	2025-06-26T09:16:10.5220174Z   REPORT_FILENAME_LIST: mongo_list_15897913621.json
job-core	Checkout code	2025-06-26T09:16:10.5220525Z   REPORT_FILENAME_DB: mongo_create_db_15897913621.json
job-core	Checkout code	2025-06-26T09:16:10.5220827Z   GITHUB_OUTPUT: 
job-core	Checkout code	2025-06-26T09:16:10.5221101Z ##[endgroup]
job-core	Checkout code	2025-06-26T09:16:10.6352088Z Syncing repository: Ka0s-Klaus/ka0s
job-core	Checkout code	2025-06-26T09:16:10.6353606Z ##[group]Getting Git version info
job-core	Checkout code	2025-06-26T09:16:10.6354044Z Working directory is '/actions-runner/_work/ka0s/ka0s'
job-core	Checkout code	2025-06-26T09:16:10.6354630Z [command]/usr/bin/git version
job-core	Checkout code	2025-06-26T09:16:10.6354934Z git version 2.43.0
job-core	Checkout code	2025-06-26T09:16:10.6377148Z ##[endgroup]
job-core	Checkout code	2025-06-26T09:16:10.6396138Z Temporarily overriding HOME='/actions-runner/_work/_temp/f3b784f3-273d-40d7-90dc-10bc65b73b37' before making global git config changes
job-core	Checkout code	2025-06-26T09:16:10.6397104Z Adding repository directory to the temporary git global config as a safe directory
job-core	Checkout code	2025-06-26T09:16:10.6403442Z [command]/usr/bin/git config --global --add safe.directory /actions-runner/_work/ka0s/ka0s
job-core	Checkout code	2025-06-26T09:16:10.6446859Z [command]/usr/bin/git config --local --get remote.origin.url
job-core	Checkout code	2025-06-26T09:16:10.6507717Z https://github.com/Ka0s-Klaus/ka0s
job-core	Checkout code	2025-06-26T09:16:10.6513892Z ##[group]Removing previously created refs, to avoid conflicts
job-core	Checkout code	2025-06-26T09:16:10.6515071Z [command]/usr/bin/git rev-parse --symbolic-full-name --verify --quiet HEAD
job-core	Checkout code	2025-06-26T09:16:10.6516561Z refs/heads/main
job-core	Checkout code	2025-06-26T09:16:10.6527297Z [command]/usr/bin/git checkout --detach
job-core	Checkout code	2025-06-26T09:16:10.7112466Z HEAD is now at 8cbb769c Merge pull request #1239 from Ka0s-Klaus/H1224-new-module-mongodb
job-core	Checkout code	2025-06-26T09:16:10.7160822Z [command]/usr/bin/git branch --delete --force main
job-core	Checkout code	2025-06-26T09:16:10.7195504Z Deleted branch main (was 8cbb769c).
job-core	Checkout code	2025-06-26T09:16:10.7272289Z ##[endgroup]
job-core	Checkout code	2025-06-26T09:16:10.7276168Z [command]/usr/bin/git submodule status
job-core	Checkout code	2025-06-26T09:16:10.7530381Z ##[group]Cleaning the repository
job-core	Checkout code	2025-06-26T09:16:10.7535201Z [command]/usr/bin/git clean -ffdx
job-core	Checkout code	2025-06-26T09:16:10.7624963Z [command]/usr/bin/git reset --hard HEAD
job-core	Checkout code	2025-06-26T09:16:10.7934882Z HEAD is now at 8cbb769c Merge pull request #1239 from Ka0s-Klaus/H1224-new-module-mongodb
job-core	Checkout code	2025-06-26T09:16:10.7942524Z ##[endgroup]
job-core	Checkout code	2025-06-26T09:16:10.7943072Z ##[group]Disabling automatic garbage collection
job-core	Checkout code	2025-06-26T09:16:10.7948841Z [command]/usr/bin/git config --local gc.auto 0
job-core	Checkout code	2025-06-26T09:16:10.7984817Z ##[endgroup]
job-core	Checkout code	2025-06-26T09:16:10.7985336Z ##[group]Setting up auth
job-core	Checkout code	2025-06-26T09:16:10.7991835Z [command]/usr/bin/git config --local --name-only --get-regexp core\.sshCommand
job-core	Checkout code	2025-06-26T09:16:10.8039189Z [command]/usr/bin/git submodule foreach --recursive sh -c "git config --local --name-only --get-regexp 'core\.sshCommand' && git config --local --unset-all 'core.sshCommand' || :"
job-core	Checkout code	2025-06-26T09:16:10.8325001Z [command]/usr/bin/git config --local --name-only --get-regexp http\.https\:\/\/github\.com\/\.extraheader
job-core	Checkout code	2025-06-26T09:16:10.8363583Z [command]/usr/bin/git submodule foreach --recursive sh -c "git config --local --name-only --get-regexp 'http\.https\:\/\/github\.com\/\.extraheader' && git config --local --unset-all 'http.https://github.com/.extraheader' || :"
job-core	Checkout code	2025-06-26T09:16:10.8646107Z [command]/usr/bin/git config --local http.https://github.com/.extraheader AUTHORIZATION: basic ***
job-core	Checkout code	2025-06-26T09:16:10.8695807Z ##[endgroup]
job-core	Checkout code	2025-06-26T09:16:10.8696336Z ##[group]Fetching the repository
job-core	Checkout code	2025-06-26T09:16:10.8705390Z [command]/usr/bin/git -c protocol.version=2 fetch --prune --no-recurse-submodules origin +refs/heads/*:refs/remotes/origin/* +refs/tags/*:refs/tags/*
job-core	Checkout code	2025-06-26T09:16:11.8249553Z From https://github.com/Ka0s-Klaus/ka0s
job-core	Checkout code	2025-06-26T09:16:11.8250306Z    32c88e32..f86e8be0  H1224-new-module-mongodb -> origin/H1224-new-module-mongodb
job-core	Checkout code	2025-06-26T09:16:11.8250842Z    8cbb769c..f87ae5a7  main       -> origin/main
job-core	Checkout code	2025-06-26T09:16:11.8252587Z  * [new tag]           0.0.158    -> 0.0.158
job-core	Checkout code	2025-06-26T09:16:11.8253771Z  * [new tag]           0.0.159    -> 0.0.159
job-core	Checkout code	2025-06-26T09:16:11.8255161Z  * [new tag]           0.0.160    -> 0.0.160
job-core	Checkout code	2025-06-26T09:16:11.8319521Z [command]/usr/bin/git branch --list --remote origin/main
job-core	Checkout code	2025-06-26T09:16:11.8350030Z   origin/main
job-core	Checkout code	2025-06-26T09:16:11.8358822Z [command]/usr/bin/git rev-parse refs/remotes/origin/main
job-core	Checkout code	2025-06-26T09:16:11.8382765Z f87ae5a7a7adc488e46f54bd4dac60756fd855af
job-core	Checkout code	2025-06-26T09:16:11.8386994Z ##[endgroup]
job-core	Checkout code	2025-06-26T09:16:11.8388021Z ##[group]Determining the checkout info
job-core	Checkout code	2025-06-26T09:16:11.8388622Z ##[endgroup]
job-core	Checkout code	2025-06-26T09:16:11.8394543Z [command]/usr/bin/git sparse-checkout disable
job-core	Checkout code	2025-06-26T09:16:11.8484582Z [command]/usr/bin/git config --local --unset-all extensions.worktreeConfig
job-core	Checkout code	2025-06-26T09:16:11.8516129Z ##[group]Checking out the ref
job-core	Checkout code	2025-06-26T09:16:11.8520524Z [command]/usr/bin/git checkout --progress --force -B main refs/remotes/origin/main
job-core	Checkout code	2025-06-26T09:16:11.8845742Z Previous HEAD position was 8cbb769c Merge pull request #1239 from Ka0s-Klaus/H1224-new-module-mongodb
job-core	Checkout code	2025-06-26T09:16:11.8857828Z Switched to a new branch 'main'
job-core	Checkout code	2025-06-26T09:16:11.8858253Z branch 'main' set up to track 'origin/main'.
job-core	Checkout code	2025-06-26T09:16:11.8867260Z ##[endgroup]
job-core	Checkout code	2025-06-26T09:16:11.8910276Z [command]/usr/bin/git log -1 --format=%H
job-core	Checkout code	2025-06-26T09:16:11.8936736Z f87ae5a7a7adc488e46f54bd4dac60756fd855af
job-core	Set up Python	﻿2025-06-26T09:16:11.9178528Z ##[group]Run actions/setup-python@v4
job-core	Set up Python	2025-06-26T09:16:11.9178868Z with:
job-core	Set up Python	2025-06-26T09:16:11.9179073Z   python-version: 3.9
job-core	Set up Python	2025-06-26T09:16:11.9179307Z   check-latest: false
job-core	Set up Python	2025-06-26T09:16:11.9179845Z   token: ***
job-core	Set up Python	2025-06-26T09:16:11.9180059Z   update-environment: true
job-core	Set up Python	2025-06-26T09:16:11.9180329Z   allow-prereleases: false
job-core	Set up Python	2025-06-26T09:16:11.9180584Z env:
job-core	Set up Python	2025-06-26T09:16:11.9180766Z   PYTHON_VERSION: 3.9
job-core	Set up Python	2025-06-26T09:16:11.9181349Z   MONGO_SUPERUSER_CONNECTION: ***
job-core	Set up Python	2025-06-26T09:16:11.9181624Z   MONGO_NEW_DB: db.github
job-core	Set up Python	2025-06-26T09:16:11.9181865Z   MONGO_COLLECTION_NAME: col.repo
job-core	Set up Python	2025-06-26T09:16:11.9182134Z   MONGO_NEW_USER: dbusergithub
job-core	Set up Python	2025-06-26T09:16:11.9182416Z   MONGO_NEW_PASS: ***
job-core	Set up Python	2025-06-26T09:16:11.9182706Z   MONGO_SCRIPT_PATH: core/database/scripts/db-connect.py
job-core	Set up Python	2025-06-26T09:16:11.9183100Z   MONGO_SCRIPT_CHECK: core/database/scripts/db-check.py
job-core	Set up Python	2025-06-26T09:16:11.9183478Z   MONGO_SCRIPT_LIST: core/database/scripts/db-list.py
job-core	Set up Python	2025-06-26T09:16:11.9183858Z   MONGO_SCRIPT_CREATE: core/database/scripts/db-create.py
job-core	Set up Python	2025-06-26T09:16:11.9184226Z   KAOS_CODE: 15897913621
job-core	Set up Python	2025-06-26T09:16:11.9184461Z   REPORT_PATH: audit/mongodb
job-core	Set up Python	2025-06-26T09:16:11.9184731Z   REPORT_FILENAME: mongo_setup_15897913621.json
job-core	Set up Python	2025-06-26T09:16:11.9185075Z   REPORT_FILENAME_LIST: mongo_list_15897913621.json
job-core	Set up Python	2025-06-26T09:16:11.9185432Z   REPORT_FILENAME_DB: mongo_create_db_15897913621.json
job-core	Set up Python	2025-06-26T09:16:11.9185743Z   GITHUB_OUTPUT: 
job-core	Set up Python	2025-06-26T09:16:11.9185945Z ##[endgroup]
job-core	Set up Python	2025-06-26T09:16:12.0961236Z ##[group]Installed versions
job-core	Set up Python	2025-06-26T09:16:12.1019781Z Successfully set up CPython (3.9.23)
job-core	Set up Python	2025-06-26T09:16:12.1020480Z ##[endgroup]
job-core	Install dependencies	﻿2025-06-26T09:16:12.1132807Z ##[group]Run pip install pymongo
job-core	Install dependencies	2025-06-26T09:16:12.1133235Z [36;1mpip install pymongo[0m
job-core	Install dependencies	2025-06-26T09:16:12.1145315Z shell: /usr/bin/bash -e {0}
job-core	Install dependencies	2025-06-26T09:16:12.1145599Z env:
job-core	Install dependencies	2025-06-26T09:16:12.1145806Z   PYTHON_VERSION: 3.9
job-core	Install dependencies	2025-06-26T09:16:12.1146498Z   MONGO_SUPERUSER_CONNECTION: ***
job-core	Install dependencies	2025-06-26T09:16:12.1146787Z   MONGO_NEW_DB: db.github
job-core	Install dependencies	2025-06-26T09:16:12.1147040Z   MONGO_COLLECTION_NAME: col.repo
job-core	Install dependencies	2025-06-26T09:16:12.1147310Z   MONGO_NEW_USER: dbusergithub
job-core	Install dependencies	2025-06-26T09:16:12.1147596Z   MONGO_NEW_PASS: ***
job-core	Install dependencies	2025-06-26T09:16:12.1147913Z   MONGO_SCRIPT_PATH: core/database/scripts/db-connect.py
job-core	Install dependencies	2025-06-26T09:16:12.1148321Z   MONGO_SCRIPT_CHECK: core/database/scripts/db-check.py
job-core	Install dependencies	2025-06-26T09:16:12.1148877Z   MONGO_SCRIPT_LIST: core/database/scripts/db-list.py
job-core	Install dependencies	2025-06-26T09:16:12.1149270Z   MONGO_SCRIPT_CREATE: core/database/scripts/db-create.py
job-core	Install dependencies	2025-06-26T09:16:12.1149613Z   KAOS_CODE: 15897913621
job-core	Install dependencies	2025-06-26T09:16:12.1149851Z   REPORT_PATH: audit/mongodb
job-core	Install dependencies	2025-06-26T09:16:12.1150135Z   REPORT_FILENAME: mongo_setup_15897913621.json
job-core	Install dependencies	2025-06-26T09:16:12.1150518Z   REPORT_FILENAME_LIST: mongo_list_15897913621.json
job-core	Install dependencies	2025-06-26T09:16:12.1150879Z   REPORT_FILENAME_DB: mongo_create_db_15897913621.json
job-core	Install dependencies	2025-06-26T09:16:12.1151203Z   GITHUB_OUTPUT: 
job-core	Install dependencies	2025-06-26T09:16:12.1151517Z   pythonLocation: /actions-runner/_work/_tool/Python/3.9.23/x64
job-core	Install dependencies	2025-06-26T09:16:12.1152033Z   PKG_CONFIG_PATH: /actions-runner/_work/_tool/Python/3.9.23/x64/lib/pkgconfig
job-core	Install dependencies	2025-06-26T09:16:12.1152534Z   Python_ROOT_DIR: /actions-runner/_work/_tool/Python/3.9.23/x64
job-core	Install dependencies	2025-06-26T09:16:12.1152995Z   Python2_ROOT_DIR: /actions-runner/_work/_tool/Python/3.9.23/x64
job-core	Install dependencies	2025-06-26T09:16:12.1153450Z   Python3_ROOT_DIR: /actions-runner/_work/_tool/Python/3.9.23/x64
job-core	Install dependencies	2025-06-26T09:16:12.1153906Z   LD_LIBRARY_PATH: /actions-runner/_work/_tool/Python/3.9.23/x64/lib
job-core	Install dependencies	2025-06-26T09:16:12.1154281Z ##[endgroup]
job-core	Install dependencies	2025-06-26T09:16:12.4595917Z Requirement already satisfied: pymongo in /actions-runner/_work/_tool/Python/3.9.23/x64/lib/python3.9/site-packages (4.13.2)
job-core	Install dependencies	2025-06-26T09:16:12.4684422Z Requirement already satisfied: dnspython<3.0.0,>=1.16.0 in /actions-runner/_work/_tool/Python/3.9.23/x64/lib/python3.9/site-packages (from pymongo) (2.7.0)
job-core	Check MongoDB Up/Down	﻿2025-06-26T09:16:12.5495159Z ##[group]Run python core/database/scripts/db-check.py
job-core	Check MongoDB Up/Down	2025-06-26T09:16:12.5495595Z [36;1mpython core/database/scripts/db-check.py[0m
job-core	Check MongoDB Up/Down	2025-06-26T09:16:12.5503090Z shell: /usr/bin/bash -e {0}
job-core	Check MongoDB Up/Down	2025-06-26T09:16:12.5503330Z env:
job-core	Check MongoDB Up/Down	2025-06-26T09:16:12.5503514Z   PYTHON_VERSION: 3.9
job-core	Check MongoDB Up/Down	2025-06-26T09:16:12.5504121Z   MONGO_SUPERUSER_CONNECTION: ***
job-core	Check MongoDB Up/Down	2025-06-26T09:16:12.5504537Z   MONGO_NEW_DB: db.github
job-core	Check MongoDB Up/Down	2025-06-26T09:16:12.5504772Z   MONGO_COLLECTION_NAME: col.repo
job-core	Check MongoDB Up/Down	2025-06-26T09:16:12.5505027Z   MONGO_NEW_USER: dbusergithub
job-core	Check MongoDB Up/Down	2025-06-26T09:16:12.5505308Z   MONGO_NEW_PASS: ***
job-core	Check MongoDB Up/Down	2025-06-26T09:16:12.5505582Z   MONGO_SCRIPT_PATH: core/database/scripts/db-connect.py
job-core	Check MongoDB Up/Down	2025-06-26T09:16:12.5505954Z   MONGO_SCRIPT_CHECK: core/database/scripts/db-check.py
job-core	Check MongoDB Up/Down	2025-06-26T09:16:12.5506310Z   MONGO_SCRIPT_LIST: core/database/scripts/db-list.py
job-core	Check MongoDB Up/Down	2025-06-26T09:16:12.5506665Z   MONGO_SCRIPT_CREATE: core/database/scripts/db-create.py
job-core	Check MongoDB Up/Down	2025-06-26T09:16:12.5506978Z   KAOS_CODE: 15897913621
job-core	Check MongoDB Up/Down	2025-06-26T09:16:12.5507207Z   REPORT_PATH: audit/mongodb
job-core	Check MongoDB Up/Down	2025-06-26T09:16:12.5507506Z   REPORT_FILENAME: mongo_setup_15897913621.json
job-core	Check MongoDB Up/Down	2025-06-26T09:16:12.5507819Z   REPORT_FILENAME_LIST: mongo_list_15897913621.json
job-core	Check MongoDB Up/Down	2025-06-26T09:16:12.5508159Z   REPORT_FILENAME_DB: mongo_create_db_15897913621.json
job-core	Check MongoDB Up/Down	2025-06-26T09:16:12.5508669Z   GITHUB_OUTPUT: 
job-core	Check MongoDB Up/Down	2025-06-26T09:16:12.5509214Z   pythonLocation: /actions-runner/_work/_tool/Python/3.9.23/x64
job-core	Check MongoDB Up/Down	2025-06-26T09:16:12.5509690Z   PKG_CONFIG_PATH: /actions-runner/_work/_tool/Python/3.9.23/x64/lib/pkgconfig
job-core	Check MongoDB Up/Down	2025-06-26T09:16:12.5510150Z   Python_ROOT_DIR: /actions-runner/_work/_tool/Python/3.9.23/x64
job-core	Check MongoDB Up/Down	2025-06-26T09:16:12.5510565Z   Python2_ROOT_DIR: /actions-runner/_work/_tool/Python/3.9.23/x64
job-core	Check MongoDB Up/Down	2025-06-26T09:16:12.5510978Z   Python3_ROOT_DIR: /actions-runner/_work/_tool/Python/3.9.23/x64
job-core	Check MongoDB Up/Down	2025-06-26T09:16:12.5511402Z   LD_LIBRARY_PATH: /actions-runner/_work/_tool/Python/3.9.23/x64/lib
job-core	Check MongoDB Up/Down	2025-06-26T09:16:12.5511753Z ##[endgroup]
job-core	Check MongoDB Up/Down	2025-06-26T09:16:12.6849680Z Connected to MongoDB!
job-core	List MongoDB Databases	﻿2025-06-26T09:16:13.2192651Z ##[group]Run python core/database/scripts/db-list.py >> audit/mongodb/mongo_list_15897913621.json
job-core	List MongoDB Databases	2025-06-26T09:16:13.2193996Z [36;1mpython core/database/scripts/db-list.py >> audit/mongodb/mongo_list_15897913621.json[0m
job-core	List MongoDB Databases	2025-06-26T09:16:13.2204891Z shell: /usr/bin/bash -e {0}
job-core	List MongoDB Databases	2025-06-26T09:16:13.2205272Z env:
job-core	List MongoDB Databases	2025-06-26T09:16:13.2205557Z   PYTHON_VERSION: 3.9
job-core	List MongoDB Databases	2025-06-26T09:16:13.2206669Z   MONGO_SUPERUSER_CONNECTION: ***
job-core	List MongoDB Databases	2025-06-26T09:16:13.2207101Z   MONGO_NEW_DB: db.github
job-core	List MongoDB Databases	2025-06-26T09:16:13.2207472Z   MONGO_COLLECTION_NAME: col.repo
job-core	List MongoDB Databases	2025-06-26T09:16:13.2207876Z   MONGO_NEW_USER: dbusergithub
job-core	List MongoDB Databases	2025-06-26T09:16:13.2208296Z   MONGO_NEW_PASS: ***
job-core	List MongoDB Databases	2025-06-26T09:16:13.2208819Z   MONGO_SCRIPT_PATH: core/database/scripts/db-connect.py
job-core	List MongoDB Databases	2025-06-26T09:16:13.2209425Z   MONGO_SCRIPT_CHECK: core/database/scripts/db-check.py
job-core	List MongoDB Databases	2025-06-26T09:16:13.2209993Z   MONGO_SCRIPT_LIST: core/database/scripts/db-list.py
job-core	List MongoDB Databases	2025-06-26T09:16:13.2210572Z   MONGO_SCRIPT_CREATE: core/database/scripts/db-create.py
job-core	List MongoDB Databases	2025-06-26T09:16:13.2211113Z   KAOS_CODE: 15897913621
job-core	List MongoDB Databases	2025-06-26T09:16:13.2211471Z   REPORT_PATH: audit/mongodb
job-core	List MongoDB Databases	2025-06-26T09:16:13.2211889Z   REPORT_FILENAME: mongo_setup_15897913621.json
job-core	List MongoDB Databases	2025-06-26T09:16:13.2212400Z   REPORT_FILENAME_LIST: mongo_list_15897913621.json
job-core	List MongoDB Databases	2025-06-26T09:16:13.2212945Z   REPORT_FILENAME_DB: mongo_create_db_15897913621.json
job-core	List MongoDB Databases	2025-06-26T09:16:13.2213430Z   GITHUB_OUTPUT: 
job-core	List MongoDB Databases	2025-06-26T09:16:13.2213889Z   pythonLocation: /actions-runner/_work/_tool/Python/3.9.23/x64
job-core	List MongoDB Databases	2025-06-26T09:16:13.2214643Z   PKG_CONFIG_PATH: /actions-runner/_work/_tool/Python/3.9.23/x64/lib/pkgconfig
job-core	List MongoDB Databases	2025-06-26T09:16:13.2215388Z   Python_ROOT_DIR: /actions-runner/_work/_tool/Python/3.9.23/x64
job-core	List MongoDB Databases	2025-06-26T09:16:13.2216060Z   Python2_ROOT_DIR: /actions-runner/_work/_tool/Python/3.9.23/x64
job-core	List MongoDB Databases	2025-06-26T09:16:13.2216737Z   Python3_ROOT_DIR: /actions-runner/_work/_tool/Python/3.9.23/x64
job-core	List MongoDB Databases	2025-06-26T09:16:13.2217417Z   LD_LIBRARY_PATH: /actions-runner/_work/_tool/Python/3.9.23/x64/lib
job-core	List MongoDB Databases	2025-06-26T09:16:13.2217973Z ##[endgroup]
job-core	Configure MongoDB	﻿2025-06-26T09:16:13.8603759Z ##[group]Run python core/database/scripts/db-connect.py
job-core	Configure MongoDB	2025-06-26T09:16:13.8604285Z [36;1mpython core/database/scripts/db-connect.py[0m
job-core	Configure MongoDB	2025-06-26T09:16:13.8612504Z shell: /usr/bin/bash -e {0}
job-core	Configure MongoDB	2025-06-26T09:16:13.8612792Z env:
job-core	Configure MongoDB	2025-06-26T09:16:13.8613006Z   PYTHON_VERSION: 3.9
job-core	Configure MongoDB	2025-06-26T09:16:13.8613730Z   MONGO_SUPERUSER_CONNECTION: ***
job-core	Configure MongoDB	2025-06-26T09:16:13.8614240Z   MONGO_NEW_DB: db.github
job-core	Configure MongoDB	2025-06-26T09:16:13.8614517Z   MONGO_COLLECTION_NAME: col.repo
job-core	Configure MongoDB	2025-06-26T09:16:13.8614823Z   MONGO_NEW_USER: dbusergithub
job-core	Configure MongoDB	2025-06-26T09:16:13.8615188Z   MONGO_NEW_PASS: ***
job-core	Configure MongoDB	2025-06-26T09:16:13.8615512Z   MONGO_SCRIPT_PATH: core/database/scripts/db-connect.py
job-core	Configure MongoDB	2025-06-26T09:16:13.8615965Z   MONGO_SCRIPT_CHECK: core/database/scripts/db-check.py
job-core	Configure MongoDB	2025-06-26T09:16:13.8626549Z   MONGO_SCRIPT_LIST: core/database/scripts/db-list.py
job-core	Configure MongoDB	2025-06-26T09:16:13.8627023Z   MONGO_SCRIPT_CREATE: core/database/scripts/db-create.py
job-core	Configure MongoDB	2025-06-26T09:16:13.8627412Z   KAOS_CODE: 15897913621
job-core	Configure MongoDB	2025-06-26T09:16:13.8627685Z   REPORT_PATH: audit/mongodb
job-core	Configure MongoDB	2025-06-26T09:16:13.8628043Z   REPORT_FILENAME: mongo_setup_15897913621.json
job-core	Configure MongoDB	2025-06-26T09:16:13.8628518Z   REPORT_FILENAME_LIST: mongo_list_15897913621.json
job-core	Configure MongoDB	2025-06-26T09:16:13.8628933Z   REPORT_FILENAME_DB: mongo_create_db_15897913621.json
job-core	Configure MongoDB	2025-06-26T09:16:13.8629289Z   GITHUB_OUTPUT: 
job-core	Configure MongoDB	2025-06-26T09:16:13.8629639Z   pythonLocation: /actions-runner/_work/_tool/Python/3.9.23/x64
job-core	Configure MongoDB	2025-06-26T09:16:13.8630237Z   PKG_CONFIG_PATH: /actions-runner/_work/_tool/Python/3.9.23/x64/lib/pkgconfig
job-core	Configure MongoDB	2025-06-26T09:16:13.8630700Z   Python_ROOT_DIR: /actions-runner/_work/_tool/Python/3.9.23/x64
job-core	Configure MongoDB	2025-06-26T09:16:13.8631117Z   Python2_ROOT_DIR: /actions-runner/_work/_tool/Python/3.9.23/x64
job-core	Configure MongoDB	2025-06-26T09:16:13.8631531Z   Python3_ROOT_DIR: /actions-runner/_work/_tool/Python/3.9.23/x64
job-core	Configure MongoDB	2025-06-26T09:16:13.8631956Z   LD_LIBRARY_PATH: /actions-runner/_work/_tool/Python/3.9.23/x64/lib
job-core	Configure MongoDB	2025-06-26T09:16:13.8632295Z ##[endgroup]
job-core	Configure MongoDB	2025-06-26T09:16:13.9966873Z ✅ Conexión exitosa a MongoDB
job-core	Configure MongoDB	2025-06-26T09:16:13.9967243Z Detalles: 192.168.1.50:27017/
job-core	Create database MongoDB	﻿2025-06-26T09:16:14.5288931Z ##[group]Run python core/database/scripts/db-create.py
job-core	Create database MongoDB	2025-06-26T09:16:14.5289605Z [36;1mpython core/database/scripts/db-create.py[0m
job-core	Create database MongoDB	2025-06-26T09:16:14.5300170Z shell: /usr/bin/bash -e {0}
job-core	Create database MongoDB	2025-06-26T09:16:14.5300558Z env:
job-core	Create database MongoDB	2025-06-26T09:16:14.5300848Z   PYTHON_VERSION: 3.9
job-core	Create database MongoDB	2025-06-26T09:16:14.5301809Z   MONGO_SUPERUSER_CONNECTION: ***
job-core	Create database MongoDB	2025-06-26T09:16:14.5302259Z   MONGO_NEW_DB: db.github
job-core	Create database MongoDB	2025-06-26T09:16:14.5302632Z   MONGO_COLLECTION_NAME: col.repo
job-core	Create database MongoDB	2025-06-26T09:16:14.5303038Z   MONGO_NEW_USER: dbusergithub
job-core	Create database MongoDB	2025-06-26T09:16:14.5303465Z   MONGO_NEW_PASS: ***
job-core	Create database MongoDB	2025-06-26T09:16:14.5303904Z   MONGO_SCRIPT_PATH: core/database/scripts/db-connect.py
job-core	Create database MongoDB	2025-06-26T09:16:14.5304503Z   MONGO_SCRIPT_CHECK: core/database/scripts/db-check.py
job-core	Create database MongoDB	2025-06-26T09:16:14.5305069Z   MONGO_SCRIPT_LIST: core/database/scripts/db-list.py
job-core	Create database MongoDB	2025-06-26T09:16:14.5305650Z   MONGO_SCRIPT_CREATE: core/database/scripts/db-create.py
job-core	Create database MongoDB	2025-06-26T09:16:14.5306157Z   KAOS_CODE: 15897913621
job-core	Create database MongoDB	2025-06-26T09:16:14.5306513Z   REPORT_PATH: audit/mongodb
job-core	Create database MongoDB	2025-06-26T09:16:14.5306974Z   REPORT_FILENAME: mongo_setup_15897913621.json
job-core	Create database MongoDB	2025-06-26T09:16:14.5307478Z   REPORT_FILENAME_LIST: mongo_list_15897913621.json
job-core	Create database MongoDB	2025-06-26T09:16:14.5308024Z   REPORT_FILENAME_DB: mongo_create_db_15897913621.json
job-core	Create database MongoDB	2025-06-26T09:16:14.5308573Z   GITHUB_OUTPUT: 
job-core	Create database MongoDB	2025-06-26T09:16:14.5309048Z   pythonLocation: /actions-runner/_work/_tool/Python/3.9.23/x64
job-core	Create database MongoDB	2025-06-26T09:16:14.5309805Z   PKG_CONFIG_PATH: /actions-runner/_work/_tool/Python/3.9.23/x64/lib/pkgconfig
job-core	Create database MongoDB	2025-06-26T09:16:14.5310548Z   Python_ROOT_DIR: /actions-runner/_work/_tool/Python/3.9.23/x64
job-core	Create database MongoDB	2025-06-26T09:16:14.5311226Z   Python2_ROOT_DIR: /actions-runner/_work/_tool/Python/3.9.23/x64
job-core	Create database MongoDB	2025-06-26T09:16:14.5311892Z   Python3_ROOT_DIR: /actions-runner/_work/_tool/Python/3.9.23/x64
job-core	Create database MongoDB	2025-06-26T09:16:14.5312579Z   LD_LIBRARY_PATH: /actions-runner/_work/_tool/Python/3.9.23/x64/lib
job-core	Create database MongoDB	2025-06-26T09:16:14.5313131Z ##[endgroup]
job-core	Create database MongoDB	2025-06-26T09:16:14.6666499Z ❌ Error inesperado: database names cannot contain the character '.'
job-core	Create database MongoDB	2025-06-26T09:16:15.1955866Z ##[error]Process completed with exit code 4.
job-core	Post Checkout code	﻿2025-06-26T09:16:15.2085782Z Post job cleanup.
job-core	Post Checkout code	2025-06-26T09:16:15.3066156Z [command]/usr/bin/git version
job-core	Post Checkout code	2025-06-26T09:16:15.3104707Z git version 2.43.0
job-core	Post Checkout code	2025-06-26T09:16:15.3153883Z Temporarily overriding HOME='/actions-runner/_work/_temp/dd2a5880-065f-4c12-a9fb-c4643721d783' before making global git config changes
job-core	Post Checkout code	2025-06-26T09:16:15.3155006Z Adding repository directory to the temporary git global config as a safe directory
job-core	Post Checkout code	2025-06-26T09:16:15.3160599Z [command]/usr/bin/git config --global --add safe.directory /actions-runner/_work/ka0s/ka0s
job-core	Post Checkout code	2025-06-26T09:16:15.3200070Z [command]/usr/bin/git config --local --name-only --get-regexp core\.sshCommand
job-core	Post Checkout code	2025-06-26T09:16:15.3243731Z [command]/usr/bin/git submodule foreach --recursive sh -c "git config --local --name-only --get-regexp 'core\.sshCommand' && git config --local --unset-all 'core.sshCommand' || :"
job-core	Post Checkout code	2025-06-26T09:16:15.3507565Z [command]/usr/bin/git config --local --name-only --get-regexp http\.https\:\/\/github\.com\/\.extraheader
job-core	Post Checkout code	2025-06-26T09:16:15.3530503Z http.https://github.com/.extraheader
job-core	Post Checkout code	2025-06-26T09:16:15.3542326Z [command]/usr/bin/git config --local --unset-all http.https://github.com/.extraheader
job-core	Post Checkout code	2025-06-26T09:16:15.3578024Z [command]/usr/bin/git submodule foreach --recursive sh -c "git config --local --name-only --get-regexp 'http\.https\:\/\/github\.com\/\.extraheader' && git config --local --unset-all 'http.https://github.com/.extraheader' || :"
job-core	Complete job	﻿2025-06-26T09:16:15.3947426Z Cleaning up orphan processes
handle_failure	Set up job	﻿2025-06-26T09:16:22.3283881Z Current runner version: '2.325.0'
handle_failure	Set up job	2025-06-26T09:16:22.3290934Z Runner name: 'ka0s-ka0s-1'
handle_failure	Set up job	2025-06-26T09:16:22.3291945Z Machine name: '365e885ec1fe'
handle_failure	Set up job	2025-06-26T09:16:22.3294687Z ##[group]GITHUB_TOKEN Permissions
handle_failure	Set up job	2025-06-26T09:16:22.3296993Z Contents: read
handle_failure	Set up job	2025-06-26T09:16:22.3297556Z Metadata: read
handle_failure	Set up job	2025-06-26T09:16:22.3298098Z Packages: read
handle_failure	Set up job	2025-06-26T09:16:22.3298821Z ##[endgroup]
handle_failure	Set up job	2025-06-26T09:16:22.3301072Z Secret source: Actions
handle_failure	Set up job	2025-06-26T09:16:22.3301765Z Prepare workflow directory
handle_failure	Set up job	2025-06-26T09:16:22.4037087Z Prepare all required actions
handle_failure	Set up job	2025-06-26T09:16:22.4086705Z Getting action download info
handle_failure	Set up job	2025-06-26T09:16:22.9013411Z Download action repository 'actions/checkout@v4' (SHA:11bd71901bbe5b1630ceea73d27597364c9af683)
handle_failure	Set up job	2025-06-26T09:16:23.6805557Z Complete job name: handle_failure
handle_failure	Checkout code	﻿2025-06-26T09:16:23.7272681Z ##[group]Run actions/checkout@v4
handle_failure	Checkout code	2025-06-26T09:16:23.7273521Z with:
handle_failure	Checkout code	2025-06-26T09:16:23.7273902Z   fetch-depth: 0
handle_failure	Checkout code	2025-06-26T09:16:23.7274501Z   token: ***
handle_failure	Checkout code	2025-06-26T09:16:23.7274888Z   repository: Ka0s-Klaus/ka0s
handle_failure	Checkout code	2025-06-26T09:16:23.7275378Z   ssh-strict: true
handle_failure	Checkout code	2025-06-26T09:16:23.7275762Z   ssh-user: git
handle_failure	Checkout code	2025-06-26T09:16:23.7276160Z   persist-credentials: true
handle_failure	Checkout code	2025-06-26T09:16:23.7276598Z   clean: true
handle_failure	Checkout code	2025-06-26T09:16:23.7276994Z   sparse-checkout-cone-mode: true
handle_failure	Checkout code	2025-06-26T09:16:23.7277470Z   fetch-tags: false
handle_failure	Checkout code	2025-06-26T09:16:23.7277862Z   show-progress: true
handle_failure	Checkout code	2025-06-26T09:16:23.7278260Z   lfs: false
handle_failure	Checkout code	2025-06-26T09:16:23.7279102Z   submodules: false
handle_failure	Checkout code	2025-06-26T09:16:23.7279639Z   set-safe-directory: true
handle_failure	Checkout code	2025-06-26T09:16:23.7280300Z env:
handle_failure	Checkout code	2025-06-26T09:16:23.7280675Z   PYTHON_VERSION: 3.9
handle_failure	Checkout code	2025-06-26T09:16:23.7281561Z   MONGO_SUPERUSER_CONNECTION: ***
handle_failure	Checkout code	2025-06-26T09:16:23.7282050Z   MONGO_NEW_DB: db.github
handle_failure	Checkout code	2025-06-26T09:16:23.7282487Z   MONGO_COLLECTION_NAME: col.repo
handle_failure	Checkout code	2025-06-26T09:16:23.7282966Z   MONGO_NEW_USER: dbusergithub
handle_failure	Checkout code	2025-06-26T09:16:23.7283495Z   MONGO_NEW_PASS: ***
handle_failure	Checkout code	2025-06-26T09:16:23.7283994Z   MONGO_SCRIPT_PATH: core/database/scripts/db-connect.py
handle_failure	Checkout code	2025-06-26T09:16:23.7284657Z   MONGO_SCRIPT_CHECK: core/database/scripts/db-check.py
handle_failure	Checkout code	2025-06-26T09:16:23.7285308Z   MONGO_SCRIPT_LIST: core/database/scripts/db-list.py
handle_failure	Checkout code	2025-06-26T09:16:23.7285961Z   MONGO_SCRIPT_CREATE: core/database/scripts/db-create.py
handle_failure	Checkout code	2025-06-26T09:16:23.7286532Z   KAOS_CODE: 15897913621
handle_failure	Checkout code	2025-06-26T09:16:23.7286959Z   REPORT_PATH: audit/mongodb
handle_failure	Checkout code	2025-06-26T09:16:23.7287459Z   REPORT_FILENAME: mongo_setup_15897913621.json
handle_failure	Checkout code	2025-06-26T09:16:23.7288044Z   REPORT_FILENAME_LIST: mongo_list_15897913621.json
handle_failure	Checkout code	2025-06-26T09:16:23.7288982Z   REPORT_FILENAME_DB: mongo_create_db_15897913621.json
handle_failure	Checkout code	2025-06-26T09:16:23.7289519Z ##[endgroup]
handle_failure	Checkout code	2025-06-26T09:16:23.8428252Z Syncing repository: Ka0s-Klaus/ka0s
handle_failure	Checkout code	2025-06-26T09:16:23.8430404Z ##[group]Getting Git version info
handle_failure	Checkout code	2025-06-26T09:16:23.8431188Z Working directory is '/actions-runner/_work/ka0s/ka0s'
handle_failure	Checkout code	2025-06-26T09:16:23.8432131Z [command]/usr/bin/git version
handle_failure	Checkout code	2025-06-26T09:16:23.8432630Z git version 2.43.0
handle_failure	Checkout code	2025-06-26T09:16:23.8456531Z ##[endgroup]
handle_failure	Checkout code	2025-06-26T09:16:23.8467701Z Copying '/home/kaos/.gitconfig' to '/actions-runner/_work/_temp/a5eece24-b887-45fd-8ad7-da29ea9fd5f2/.gitconfig'
handle_failure	Checkout code	2025-06-26T09:16:23.8480498Z Temporarily overriding HOME='/actions-runner/_work/_temp/a5eece24-b887-45fd-8ad7-da29ea9fd5f2' before making global git config changes
handle_failure	Checkout code	2025-06-26T09:16:23.8481963Z Adding repository directory to the temporary git global config as a safe directory
handle_failure	Checkout code	2025-06-26T09:16:23.8486716Z [command]/usr/bin/git config --global --add safe.directory /actions-runner/_work/ka0s/ka0s
handle_failure	Checkout code	2025-06-26T09:16:23.8532230Z [command]/usr/bin/git config --local --get remote.origin.url
handle_failure	Checkout code	2025-06-26T09:16:23.8564170Z https://github.com/Ka0s-Klaus/ka0s
handle_failure	Checkout code	2025-06-26T09:16:23.8585321Z ##[group]Removing previously created refs, to avoid conflicts
handle_failure	Checkout code	2025-06-26T09:16:23.8590114Z [command]/usr/bin/git rev-parse --symbolic-full-name --verify --quiet HEAD
handle_failure	Checkout code	2025-06-26T09:16:23.8614749Z refs/heads/H1224-new-module-mongodb
handle_failure	Checkout code	2025-06-26T09:16:23.8626208Z [command]/usr/bin/git checkout --detach
handle_failure	Checkout code	2025-06-26T09:16:23.8783832Z HEAD is now at 3083abaf [Ka0S] Uploading resume execution files to the repository...
handle_failure	Checkout code	2025-06-26T09:16:23.8834602Z [command]/usr/bin/git branch --delete --force H1224-new-module-mongodb
handle_failure	Checkout code	2025-06-26T09:16:23.8867941Z Deleted branch H1224-new-module-mongodb (was 3083abaf).
handle_failure	Checkout code	2025-06-26T09:16:23.8944628Z ##[endgroup]
handle_failure	Checkout code	2025-06-26T09:16:23.8946492Z [command]/usr/bin/git submodule status
handle_failure	Checkout code	2025-06-26T09:16:23.9205342Z ##[group]Cleaning the repository
handle_failure	Checkout code	2025-06-26T09:16:23.9209717Z [command]/usr/bin/git clean -ffdx
handle_failure	Checkout code	2025-06-26T09:16:23.9296746Z [command]/usr/bin/git reset --hard HEAD
handle_failure	Checkout code	2025-06-26T09:16:23.9601810Z HEAD is now at 3083abaf [Ka0S] Uploading resume execution files to the repository...
handle_failure	Checkout code	2025-06-26T09:16:23.9608112Z ##[endgroup]
handle_failure	Checkout code	2025-06-26T09:16:23.9610346Z ##[group]Disabling automatic garbage collection
handle_failure	Checkout code	2025-06-26T09:16:23.9615806Z [command]/usr/bin/git config --local gc.auto 0
handle_failure	Checkout code	2025-06-26T09:16:23.9647234Z ##[endgroup]
handle_failure	Checkout code	2025-06-26T09:16:23.9648129Z ##[group]Setting up auth
handle_failure	Checkout code	2025-06-26T09:16:23.9654808Z [command]/usr/bin/git config --local --name-only --get-regexp core\.sshCommand
handle_failure	Checkout code	2025-06-26T09:16:23.9699380Z [command]/usr/bin/git submodule foreach --recursive sh -c "git config --local --name-only --get-regexp 'core\.sshCommand' && git config --local --unset-all 'core.sshCommand' || :"
handle_failure	Checkout code	2025-06-26T09:16:23.9964216Z [command]/usr/bin/git config --local --name-only --get-regexp http\.https\:\/\/github\.com\/\.extraheader
handle_failure	Checkout code	2025-06-26T09:16:23.9999184Z [command]/usr/bin/git submodule foreach --recursive sh -c "git config --local --name-only --get-regexp 'http\.https\:\/\/github\.com\/\.extraheader' && git config --local --unset-all 'http.https://github.com/.extraheader' || :"
handle_failure	Checkout code	2025-06-26T09:16:24.0266066Z [command]/usr/bin/git config --local http.https://github.com/.extraheader AUTHORIZATION: basic ***
handle_failure	Checkout code	2025-06-26T09:16:24.0316126Z ##[endgroup]
handle_failure	Checkout code	2025-06-26T09:16:24.0316991Z ##[group]Fetching the repository
handle_failure	Checkout code	2025-06-26T09:16:24.0388683Z [command]/usr/bin/git -c protocol.version=2 fetch --prune --no-recurse-submodules origin +refs/heads/*:refs/remotes/origin/* +refs/tags/*:refs/tags/*
handle_failure	Checkout code	2025-06-26T09:16:24.9641102Z From https://github.com/Ka0s-Klaus/ka0s
handle_failure	Checkout code	2025-06-26T09:16:24.9642494Z    3083abaf..f86e8be0  H1224-new-module-mongodb -> origin/H1224-new-module-mongodb
handle_failure	Checkout code	2025-06-26T09:16:24.9643542Z    5a614e56..f87ae5a7  main       -> origin/main
handle_failure	Checkout code	2025-06-26T09:16:24.9647069Z  * [new tag]           0.0.160    -> 0.0.160
handle_failure	Checkout code	2025-06-26T09:16:24.9713398Z [command]/usr/bin/git branch --list --remote origin/main
handle_failure	Checkout code	2025-06-26T09:16:24.9744358Z   origin/main
handle_failure	Checkout code	2025-06-26T09:16:24.9754269Z [command]/usr/bin/git rev-parse refs/remotes/origin/main
handle_failure	Checkout code	2025-06-26T09:16:24.9777439Z f87ae5a7a7adc488e46f54bd4dac60756fd855af
handle_failure	Checkout code	2025-06-26T09:16:24.9783019Z ##[endgroup]
handle_failure	Checkout code	2025-06-26T09:16:24.9783977Z ##[group]Determining the checkout info
handle_failure	Checkout code	2025-06-26T09:16:24.9785156Z ##[endgroup]
handle_failure	Checkout code	2025-06-26T09:16:24.9790555Z [command]/usr/bin/git sparse-checkout disable
handle_failure	Checkout code	2025-06-26T09:16:24.9875969Z [command]/usr/bin/git config --local --unset-all extensions.worktreeConfig
handle_failure	Checkout code	2025-06-26T09:16:24.9906958Z ##[group]Checking out the ref
handle_failure	Checkout code	2025-06-26T09:16:24.9910684Z [command]/usr/bin/git checkout --progress --force -B main refs/remotes/origin/main
handle_failure	Checkout code	2025-06-26T09:16:25.0221321Z Previous HEAD position was 3083abaf [Ka0S] Uploading resume execution files to the repository...
handle_failure	Checkout code	2025-06-26T09:16:25.0230333Z Switched to a new branch 'main'
handle_failure	Checkout code	2025-06-26T09:16:25.0231300Z branch 'main' set up to track 'origin/main'.
handle_failure	Checkout code	2025-06-26T09:16:25.0240211Z ##[endgroup]
handle_failure	Checkout code	2025-06-26T09:16:25.0284223Z [command]/usr/bin/git log -1 --format=%H
handle_failure	Checkout code	2025-06-26T09:16:25.0312880Z f87ae5a7a7adc488e46f54bd4dac60756fd855af
handle_failure	handle-failure-execution	﻿2025-06-26T09:16:25.0536890Z ##[group]Run echo "Error detected in process 15897913621" 
handle_failure	handle-failure-execution	2025-06-26T09:16:25.0537901Z [36;1mecho "Error detected in process 15897913621" [0m
handle_failure	handle-failure-execution	2025-06-26T09:16:25.0539410Z [36;1m# RNNUMBER=$(echo "refs/heads/main" | grep -o '[0-9]*')[0m
handle_failure	handle-failure-execution	2025-06-26T09:16:25.0540813Z [36;1m# gh issue comment $RNNUMBER --body "El proceso no ha finalizado correctamente 15897913621. El resultado está en el fichero core/results/event_data_15897913621.log"[0m
handle_failure	handle-failure-execution	2025-06-26T09:16:25.0552675Z shell: /usr/bin/bash -e {0}
handle_failure	handle-failure-execution	2025-06-26T09:16:25.0553331Z env:
handle_failure	handle-failure-execution	2025-06-26T09:16:25.0553860Z   PYTHON_VERSION: 3.9
handle_failure	handle-failure-execution	2025-06-26T09:16:25.0555124Z   MONGO_SUPERUSER_CONNECTION: ***
handle_failure	handle-failure-execution	2025-06-26T09:16:25.0555819Z   MONGO_NEW_DB: db.github
handle_failure	handle-failure-execution	2025-06-26T09:16:25.0556435Z   MONGO_COLLECTION_NAME: col.repo
handle_failure	handle-failure-execution	2025-06-26T09:16:25.0557079Z   MONGO_NEW_USER: dbusergithub
handle_failure	handle-failure-execution	2025-06-26T09:16:25.0557753Z   MONGO_NEW_PASS: ***
handle_failure	handle-failure-execution	2025-06-26T09:16:25.0558497Z   MONGO_SCRIPT_PATH: core/database/scripts/db-connect.py
handle_failure	handle-failure-execution	2025-06-26T09:16:25.0559791Z   MONGO_SCRIPT_CHECK: core/database/scripts/db-check.py
handle_failure	handle-failure-execution	2025-06-26T09:16:25.0560669Z   MONGO_SCRIPT_LIST: core/database/scripts/db-list.py
handle_failure	handle-failure-execution	2025-06-26T09:16:25.0561486Z   MONGO_SCRIPT_CREATE: core/database/scripts/db-create.py
handle_failure	handle-failure-execution	2025-06-26T09:16:25.0562226Z   KAOS_CODE: 15897913621
handle_failure	handle-failure-execution	2025-06-26T09:16:25.0562836Z   REPORT_PATH: audit/mongodb
handle_failure	handle-failure-execution	2025-06-26T09:16:25.0563508Z   REPORT_FILENAME: mongo_setup_15897913621.json
handle_failure	handle-failure-execution	2025-06-26T09:16:25.0564266Z   REPORT_FILENAME_LIST: mongo_list_15897913621.json
handle_failure	handle-failure-execution	2025-06-26T09:16:25.0565067Z   REPORT_FILENAME_DB: mongo_create_db_15897913621.json
handle_failure	handle-failure-execution	2025-06-26T09:16:25.0565939Z   GH_TOKEN: ***
handle_failure	handle-failure-execution	2025-06-26T09:16:25.0566479Z ##[endgroup]
handle_failure	handle-failure-execution	2025-06-26T09:16:25.0622234Z Error detected in process 15897913621
handle_failure	Post Checkout code	﻿2025-06-26T09:16:25.0748618Z Post job cleanup.
handle_failure	Post Checkout code	2025-06-26T09:16:25.1767566Z [command]/usr/bin/git version
handle_failure	Post Checkout code	2025-06-26T09:16:25.1806555Z git version 2.43.0
handle_failure	Post Checkout code	2025-06-26T09:16:25.1846769Z Copying '/home/kaos/.gitconfig' to '/actions-runner/_work/_temp/2c7a3802-4108-4c9b-a060-bd597dcfa8b3/.gitconfig'
handle_failure	Post Checkout code	2025-06-26T09:16:25.1859129Z Temporarily overriding HOME='/actions-runner/_work/_temp/2c7a3802-4108-4c9b-a060-bd597dcfa8b3' before making global git config changes
handle_failure	Post Checkout code	2025-06-26T09:16:25.1860812Z Adding repository directory to the temporary git global config as a safe directory
handle_failure	Post Checkout code	2025-06-26T09:16:25.1865063Z [command]/usr/bin/git config --global --add safe.directory /actions-runner/_work/ka0s/ka0s
handle_failure	Post Checkout code	2025-06-26T09:16:25.1910583Z [command]/usr/bin/git config --local --name-only --get-regexp core\.sshCommand
handle_failure	Post Checkout code	2025-06-26T09:16:25.1976913Z [command]/usr/bin/git submodule foreach --recursive sh -c "git config --local --name-only --get-regexp 'core\.sshCommand' && git config --local --unset-all 'core.sshCommand' || :"
handle_failure	Post Checkout code	2025-06-26T09:16:25.2276305Z [command]/usr/bin/git config --local --name-only --get-regexp http\.https\:\/\/github\.com\/\.extraheader
handle_failure	Post Checkout code	2025-06-26T09:16:25.2303210Z http.https://github.com/.extraheader
handle_failure	Post Checkout code	2025-06-26T09:16:25.2317796Z [command]/usr/bin/git config --local --unset-all http.https://github.com/.extraheader
handle_failure	Post Checkout code	2025-06-26T09:16:25.2357444Z [command]/usr/bin/git submodule foreach --recursive sh -c "git config --local --name-only --get-regexp 'http\.https\:\/\/github\.com\/\.extraheader' && git config --local --unset-all 'http.https://github.com/.extraheader' || :"
handle_failure	Complete job	﻿2025-06-26T09:16:25.2818913Z Cleaning up orphan processes
end-workflow	Set up job	﻿2025-06-26T09:16:30.7892132Z Current runner version: '2.325.0'
end-workflow	Set up job	2025-06-26T09:16:30.7900696Z Runner name: 'ka0s-ka0s-2'
end-workflow	Set up job	2025-06-26T09:16:30.7901791Z Machine name: '6e01ed641e71'
end-workflow	Set up job	2025-06-26T09:16:30.7904577Z ##[group]GITHUB_TOKEN Permissions
end-workflow	Set up job	2025-06-26T09:16:30.7907317Z Contents: read
end-workflow	Set up job	2025-06-26T09:16:30.7907879Z Metadata: read
end-workflow	Set up job	2025-06-26T09:16:30.7908689Z Packages: read
end-workflow	Set up job	2025-06-26T09:16:30.7909346Z ##[endgroup]
end-workflow	Set up job	2025-06-26T09:16:30.7911948Z Secret source: Actions
end-workflow	Set up job	2025-06-26T09:16:30.7912679Z Prepare workflow directory
end-workflow	Set up job	2025-06-26T09:16:30.8671177Z Prepare all required actions
end-workflow	Set up job	2025-06-26T09:16:30.8718047Z Getting action download info
end-workflow	Set up job	2025-06-26T09:16:31.4067096Z Download action repository 'actions/checkout@v4' (SHA:11bd71901bbe5b1630ceea73d27597364c9af683)
end-workflow	Set up job	2025-06-26T09:16:32.2547199Z Complete job name: end-workflow
end-workflow	Checkout code	﻿2025-06-26T09:16:32.3011375Z ##[group]Run actions/checkout@v4
end-workflow	Checkout code	2025-06-26T09:16:32.3012197Z with:
end-workflow	Checkout code	2025-06-26T09:16:32.3012577Z   fetch-depth: 0
end-workflow	Checkout code	2025-06-26T09:16:32.3013180Z   token: ***
end-workflow	Checkout code	2025-06-26T09:16:32.3013579Z   repository: Ka0s-Klaus/ka0s
end-workflow	Checkout code	2025-06-26T09:16:32.3014090Z   ssh-strict: true
end-workflow	Checkout code	2025-06-26T09:16:32.3014473Z   ssh-user: git
end-workflow	Checkout code	2025-06-26T09:16:32.3014875Z   persist-credentials: true
end-workflow	Checkout code	2025-06-26T09:16:32.3015321Z   clean: true
end-workflow	Checkout code	2025-06-26T09:16:32.3015723Z   sparse-checkout-cone-mode: true
end-workflow	Checkout code	2025-06-26T09:16:32.3016198Z   fetch-tags: false
end-workflow	Checkout code	2025-06-26T09:16:32.3016593Z   show-progress: true
end-workflow	Checkout code	2025-06-26T09:16:32.3016997Z   lfs: false
end-workflow	Checkout code	2025-06-26T09:16:32.3017367Z   submodules: false
end-workflow	Checkout code	2025-06-26T09:16:32.3017779Z   set-safe-directory: true
end-workflow	Checkout code	2025-06-26T09:16:32.3018484Z env:
end-workflow	Checkout code	2025-06-26T09:16:32.3018869Z   PYTHON_VERSION: 3.9
end-workflow	Checkout code	2025-06-26T09:16:32.3019775Z   MONGO_SUPERUSER_CONNECTION: ***
end-workflow	Checkout code	2025-06-26T09:16:32.3020256Z   MONGO_NEW_DB: db.github
end-workflow	Checkout code	2025-06-26T09:16:32.3020705Z   MONGO_COLLECTION_NAME: col.repo
end-workflow	Checkout code	2025-06-26T09:16:32.3021189Z   MONGO_NEW_USER: dbusergithub
end-workflow	Checkout code	2025-06-26T09:16:32.3021712Z   MONGO_NEW_PASS: ***
end-workflow	Checkout code	2025-06-26T09:16:32.3022218Z   MONGO_SCRIPT_PATH: core/database/scripts/db-connect.py
end-workflow	Checkout code	2025-06-26T09:16:32.3022879Z   MONGO_SCRIPT_CHECK: core/database/scripts/db-check.py
end-workflow	Checkout code	2025-06-26T09:16:32.3023531Z   MONGO_SCRIPT_LIST: core/database/scripts/db-list.py
end-workflow	Checkout code	2025-06-26T09:16:32.3024182Z   MONGO_SCRIPT_CREATE: core/database/scripts/db-create.py
end-workflow	Checkout code	2025-06-26T09:16:32.3024760Z   KAOS_CODE: 15897913621
end-workflow	Checkout code	2025-06-26T09:16:32.3025195Z   REPORT_PATH: audit/mongodb
end-workflow	Checkout code	2025-06-26T09:16:32.3025678Z   REPORT_FILENAME: mongo_setup_15897913621.json
end-workflow	Checkout code	2025-06-26T09:16:32.3026262Z   REPORT_FILENAME_LIST: mongo_list_15897913621.json
end-workflow	Checkout code	2025-06-26T09:16:32.3026877Z   REPORT_FILENAME_DB: mongo_create_db_15897913621.json
end-workflow	Checkout code	2025-06-26T09:16:32.3027537Z   GH_TOKEN: ***
end-workflow	Checkout code	2025-06-26T09:16:32.3027918Z ##[endgroup]
end-workflow	Checkout code	2025-06-26T09:16:32.4155384Z Syncing repository: Ka0s-Klaus/ka0s
end-workflow	Checkout code	2025-06-26T09:16:32.4157347Z ##[group]Getting Git version info
end-workflow	Checkout code	2025-06-26T09:16:32.4158060Z Working directory is '/actions-runner/_work/ka0s/ka0s'
end-workflow	Checkout code	2025-06-26T09:16:32.4159418Z [command]/usr/bin/git version
end-workflow	Checkout code	2025-06-26T09:16:32.4159927Z git version 2.43.0
end-workflow	Checkout code	2025-06-26T09:16:32.4183439Z ##[endgroup]
end-workflow	Checkout code	2025-06-26T09:16:32.4195623Z Copying '/home/kaos/.gitconfig' to '/actions-runner/_work/_temp/52ad1dbc-a563-44fb-b514-2b97d07dd5fd/.gitconfig'
end-workflow	Checkout code	2025-06-26T09:16:32.4207529Z Temporarily overriding HOME='/actions-runner/_work/_temp/52ad1dbc-a563-44fb-b514-2b97d07dd5fd' before making global git config changes
end-workflow	Checkout code	2025-06-26T09:16:32.4209344Z Adding repository directory to the temporary git global config as a safe directory
end-workflow	Checkout code	2025-06-26T09:16:32.4213573Z [command]/usr/bin/git config --global --add safe.directory /actions-runner/_work/ka0s/ka0s
end-workflow	Checkout code	2025-06-26T09:16:32.4257477Z [command]/usr/bin/git config --local --get remote.origin.url
end-workflow	Checkout code	2025-06-26T09:16:32.4280553Z https://github.com/Ka0s-Klaus/ka0s
end-workflow	Checkout code	2025-06-26T09:16:32.4301408Z ##[group]Removing previously created refs, to avoid conflicts
end-workflow	Checkout code	2025-06-26T09:16:32.4305710Z [command]/usr/bin/git rev-parse --symbolic-full-name --verify --quiet HEAD
end-workflow	Checkout code	2025-06-26T09:16:32.4329121Z HEAD
end-workflow	Checkout code	2025-06-26T09:16:32.4447975Z ##[endgroup]
end-workflow	Checkout code	2025-06-26T09:16:32.4449140Z [command]/usr/bin/git submodule status
end-workflow	Checkout code	2025-06-26T09:16:32.4709900Z ##[group]Cleaning the repository
end-workflow	Checkout code	2025-06-26T09:16:32.4712287Z [command]/usr/bin/git clean -ffdx
end-workflow	Checkout code	2025-06-26T09:16:32.4799322Z [command]/usr/bin/git reset --hard HEAD
end-workflow	Checkout code	2025-06-26T09:16:32.5153421Z HEAD is now at f86f04d6 Merge cc0ccbbeb1b965026597086d25fe9ba25dc5a3d7 into bd9c04b6d718c00ac68a5e859eec3095deecf78a
end-workflow	Checkout code	2025-06-26T09:16:32.5160010Z ##[endgroup]
end-workflow	Checkout code	2025-06-26T09:16:32.5161783Z ##[group]Disabling automatic garbage collection
end-workflow	Checkout code	2025-06-26T09:16:32.5168199Z [command]/usr/bin/git config --local gc.auto 0
end-workflow	Checkout code	2025-06-26T09:16:32.5201076Z ##[endgroup]
end-workflow	Checkout code	2025-06-26T09:16:32.5201992Z ##[group]Setting up auth
end-workflow	Checkout code	2025-06-26T09:16:32.5208238Z [command]/usr/bin/git config --local --name-only --get-regexp core\.sshCommand
end-workflow	Checkout code	2025-06-26T09:16:32.5243407Z [command]/usr/bin/git submodule foreach --recursive sh -c "git config --local --name-only --get-regexp 'core\.sshCommand' && git config --local --unset-all 'core.sshCommand' || :"
end-workflow	Checkout code	2025-06-26T09:16:32.5503877Z [command]/usr/bin/git config --local --name-only --get-regexp http\.https\:\/\/github\.com\/\.extraheader
end-workflow	Checkout code	2025-06-26T09:16:32.5537185Z [command]/usr/bin/git submodule foreach --recursive sh -c "git config --local --name-only --get-regexp 'http\.https\:\/\/github\.com\/\.extraheader' && git config --local --unset-all 'http.https://github.com/.extraheader' || :"
end-workflow	Checkout code	2025-06-26T09:16:32.5797590Z [command]/usr/bin/git config --local http.https://github.com/.extraheader AUTHORIZATION: basic ***
end-workflow	Checkout code	2025-06-26T09:16:32.5843299Z ##[endgroup]
end-workflow	Checkout code	2025-06-26T09:16:32.5844231Z ##[group]Fetching the repository
end-workflow	Checkout code	2025-06-26T09:16:32.5852694Z [command]/usr/bin/git -c protocol.version=2 fetch --prune --no-recurse-submodules origin +refs/heads/*:refs/remotes/origin/* +refs/tags/*:refs/tags/*
end-workflow	Checkout code	2025-06-26T09:16:33.3900017Z From https://github.com/Ka0s-Klaus/ka0s
end-workflow	Checkout code	2025-06-26T09:16:33.3902902Z    bd9c04b6..f87ae5a7  main       -> origin/main
end-workflow	Checkout code	2025-06-26T09:16:33.3964311Z [command]/usr/bin/git branch --list --remote origin/main
end-workflow	Checkout code	2025-06-26T09:16:33.3994919Z   origin/main
end-workflow	Checkout code	2025-06-26T09:16:33.4004385Z [command]/usr/bin/git rev-parse refs/remotes/origin/main
end-workflow	Checkout code	2025-06-26T09:16:33.4028338Z f87ae5a7a7adc488e46f54bd4dac60756fd855af
end-workflow	Checkout code	2025-06-26T09:16:33.4032439Z ##[endgroup]
end-workflow	Checkout code	2025-06-26T09:16:33.4033921Z ##[group]Determining the checkout info
end-workflow	Checkout code	2025-06-26T09:16:33.4035615Z ##[endgroup]
end-workflow	Checkout code	2025-06-26T09:16:33.4037496Z [command]/usr/bin/git sparse-checkout disable
end-workflow	Checkout code	2025-06-26T09:16:33.4325308Z [command]/usr/bin/git config --local --unset-all extensions.worktreeConfig
end-workflow	Checkout code	2025-06-26T09:16:33.4444627Z ##[group]Checking out the ref
end-workflow	Checkout code	2025-06-26T09:16:33.4456729Z [command]/usr/bin/git checkout --progress --force -B main refs/remotes/origin/main
end-workflow	Checkout code	2025-06-26T09:16:33.5072197Z Previous HEAD position was f86f04d6 Merge cc0ccbbeb1b965026597086d25fe9ba25dc5a3d7 into bd9c04b6d718c00ac68a5e859eec3095deecf78a
end-workflow	Checkout code	2025-06-26T09:16:33.5079671Z Switched to a new branch 'main'
end-workflow	Checkout code	2025-06-26T09:16:33.5081143Z branch 'main' set up to track 'origin/main'.
end-workflow	Checkout code	2025-06-26T09:16:33.5091255Z ##[endgroup]
end-workflow	Checkout code	2025-06-26T09:16:33.5134979Z [command]/usr/bin/git log -1 --format=%H
end-workflow	Checkout code	2025-06-26T09:16:33.5162389Z f87ae5a7a7adc488e46f54bd4dac60756fd855af
end-workflow	Finaliza el workflow	﻿2025-06-26T09:16:33.5399253Z ##[group]Run echo "End process 15897913621"
end-workflow	Finaliza el workflow	2025-06-26T09:16:33.5400697Z [36;1mecho "End process 15897913621"[0m
end-workflow	Finaliza el workflow	2025-06-26T09:16:33.5402164Z [36;1m# RNNUMBER=$(echo "refs/heads/main" | grep -o '[0-9]*')[0m
end-workflow	Finaliza el workflow	2025-06-26T09:16:33.5403995Z [36;1m# gh issue comment $RNNUMBER --body "Se finaliza Ka0s 15897913621"[0m
end-workflow	Finaliza el workflow	2025-06-26T09:16:33.5406660Z [36;1mgh workflow run inspector.yml --ref 'main' -f kaos-issue-id= -f kaos-workflow-id="15897913621" -f kaos-user-start=""[0m
end-workflow	Finaliza el workflow	2025-06-26T09:16:33.5418650Z shell: /usr/bin/bash -e {0}
end-workflow	Finaliza el workflow	2025-06-26T09:16:33.5420517Z env:
end-workflow	Finaliza el workflow	2025-06-26T09:16:33.5421513Z   PYTHON_VERSION: 3.9
end-workflow	Finaliza el workflow	2025-06-26T09:16:33.5425032Z   MONGO_SUPERUSER_CONNECTION: ***
end-workflow	Finaliza el workflow	2025-06-26T09:16:33.5426469Z   MONGO_NEW_DB: db.github
end-workflow	Finaliza el workflow	2025-06-26T09:16:33.5427671Z   MONGO_COLLECTION_NAME: col.repo
end-workflow	Finaliza el workflow	2025-06-26T09:16:33.5429206Z   MONGO_NEW_USER: dbusergithub
end-workflow	Finaliza el workflow	2025-06-26T09:16:33.5431088Z   MONGO_NEW_PASS: ***
end-workflow	Finaliza el workflow	2025-06-26T09:16:33.5432861Z   MONGO_SCRIPT_PATH: core/database/scripts/db-connect.py
end-workflow	Finaliza el workflow	2025-06-26T09:16:33.5434528Z   MONGO_SCRIPT_CHECK: core/database/scripts/db-check.py
end-workflow	Finaliza el workflow	2025-06-26T09:16:33.5436195Z   MONGO_SCRIPT_LIST: core/database/scripts/db-list.py
end-workflow	Finaliza el workflow	2025-06-26T09:16:33.5437808Z   MONGO_SCRIPT_CREATE: core/database/scripts/db-create.py
end-workflow	Finaliza el workflow	2025-06-26T09:16:33.5439345Z   KAOS_CODE: 15897913621
end-workflow	Finaliza el workflow	2025-06-26T09:16:33.5440421Z   REPORT_PATH: audit/mongodb
end-workflow	Finaliza el workflow	2025-06-26T09:16:33.5441647Z   REPORT_FILENAME: mongo_setup_15897913621.json
end-workflow	Finaliza el workflow	2025-06-26T09:16:33.5443447Z   REPORT_FILENAME_LIST: mongo_list_15897913621.json
end-workflow	Finaliza el workflow	2025-06-26T09:16:33.5444988Z   REPORT_FILENAME_DB: mongo_create_db_15897913621.json
end-workflow	Finaliza el workflow	2025-06-26T09:16:33.5446665Z   GH_TOKEN: ***
end-workflow	Finaliza el workflow	2025-06-26T09:16:33.5447605Z ##[endgroup]
end-workflow	Finaliza el workflow	2025-06-26T09:16:33.5516731Z End process 15897913621
end-workflow	Post Checkout code	﻿2025-06-26T09:16:34.1596134Z Post job cleanup.
end-workflow	Post Checkout code	2025-06-26T09:16:34.2578779Z [command]/usr/bin/git version
end-workflow	Post Checkout code	2025-06-26T09:16:34.2617179Z git version 2.43.0
end-workflow	Post Checkout code	2025-06-26T09:16:34.2658762Z Copying '/home/kaos/.gitconfig' to '/actions-runner/_work/_temp/dc1abbe8-e31c-43f2-a0dc-579ae09ffa5a/.gitconfig'
end-workflow	Post Checkout code	2025-06-26T09:16:34.2674346Z Temporarily overriding HOME='/actions-runner/_work/_temp/dc1abbe8-e31c-43f2-a0dc-579ae09ffa5a' before making global git config changes
end-workflow	Post Checkout code	2025-06-26T09:16:34.2675414Z Adding repository directory to the temporary git global config as a safe directory
end-workflow	Post Checkout code	2025-06-26T09:16:34.2678911Z [command]/usr/bin/git config --global --add safe.directory /actions-runner/_work/ka0s/ka0s
end-workflow	Post Checkout code	2025-06-26T09:16:34.2718315Z [command]/usr/bin/git config --local --name-only --get-regexp core\.sshCommand
end-workflow	Post Checkout code	2025-06-26T09:16:34.2762318Z [command]/usr/bin/git submodule foreach --recursive sh -c "git config --local --name-only --get-regexp 'core\.sshCommand' && git config --local --unset-all 'core.sshCommand' || :"
end-workflow	Post Checkout code	2025-06-26T09:16:34.3022685Z [command]/usr/bin/git config --local --name-only --get-regexp http\.https\:\/\/github\.com\/\.extraheader
end-workflow	Post Checkout code	2025-06-26T09:16:34.3046429Z http.https://github.com/.extraheader
end-workflow	Post Checkout code	2025-06-26T09:16:34.3058532Z [command]/usr/bin/git config --local --unset-all http.https://github.com/.extraheader
end-workflow	Post Checkout code	2025-06-26T09:16:34.3157565Z [command]/usr/bin/git submodule foreach --recursive sh -c "git config --local --name-only --get-regexp 'http\.https\:\/\/github\.com\/\.extraheader' && git config --local --unset-all 'http.https://github.com/.extraheader' || :"
end-workflow	Complete job	﻿2025-06-26T09:16:34.3467070Z Cleaning up orphan processes
