job-core	Set up job	﻿2025-06-26T08:34:37.1974900Z Current runner version: '2.325.0'
job-core	Set up job	2025-06-26T08:34:37.1981804Z Runner name: 'ka0s-ka0s-3'
job-core	Set up job	2025-06-26T08:34:37.1982778Z Machine name: 'adde273f08d8'
job-core	Set up job	2025-06-26T08:34:37.1985606Z ##[group]GITHUB_TOKEN Permissions
job-core	Set up job	2025-06-26T08:34:37.1987869Z Actions: write
job-core	Set up job	2025-06-26T08:34:37.1988654Z Contents: write
job-core	Set up job	2025-06-26T08:34:37.1989154Z Issues: write
job-core	Set up job	2025-06-26T08:34:37.1989902Z Metadata: read
job-core	Set up job	2025-06-26T08:34:37.1990381Z PullRequests: write
job-core	Set up job	2025-06-26T08:34:37.1990892Z ##[endgroup]
job-core	Set up job	2025-06-26T08:34:37.1993123Z Secret source: Actions
job-core	Set up job	2025-06-26T08:34:37.1993792Z Prepare workflow directory
job-core	Set up job	2025-06-26T08:34:37.2637959Z Prepare all required actions
job-core	Set up job	2025-06-26T08:34:37.2685214Z Getting action download info
job-core	Set up job	2025-06-26T08:34:37.8723193Z Download action repository 'actions/checkout@v4' (SHA:11bd71901bbe5b1630ceea73d27597364c9af683)
job-core	Set up job	2025-06-26T08:34:38.6311441Z Download action repository 'actions/setup-node@v4' (SHA:49933ea5288caeca8642d1e84afbd3f7d6820020)
job-core	Set up job	2025-06-26T08:34:39.6019037Z Complete job name: job-core
job-core	Run actions/checkout@v4	﻿2025-06-26T08:34:39.6541359Z ##[group]Run actions/checkout@v4
job-core	Run actions/checkout@v4	2025-06-26T08:34:39.6542720Z with:
job-core	Run actions/checkout@v4	2025-06-26T08:34:39.6543284Z   fetch-depth: 0
job-core	Run actions/checkout@v4	2025-06-26T08:34:39.6544107Z   token: ***
job-core	Run actions/checkout@v4	2025-06-26T08:34:39.6544599Z   repository: Ka0s-Klaus/ka0s
job-core	Run actions/checkout@v4	2025-06-26T08:34:39.6545159Z   ssh-strict: true
job-core	Run actions/checkout@v4	2025-06-26T08:34:39.6545632Z   ssh-user: git
job-core	Run actions/checkout@v4	2025-06-26T08:34:39.6546135Z   persist-credentials: true
job-core	Run actions/checkout@v4	2025-06-26T08:34:39.6546848Z   clean: true
job-core	Run actions/checkout@v4	2025-06-26T08:34:39.6547409Z   sparse-checkout-cone-mode: true
job-core	Run actions/checkout@v4	2025-06-26T08:34:39.6613780Z   fetch-tags: false
job-core	Run actions/checkout@v4	2025-06-26T08:34:39.6614539Z   show-progress: true
job-core	Run actions/checkout@v4	2025-06-26T08:34:39.6615023Z   lfs: false
job-core	Run actions/checkout@v4	2025-06-26T08:34:39.6615448Z   submodules: false
job-core	Run actions/checkout@v4	2025-06-26T08:34:39.6615951Z   set-safe-directory: true
job-core	Run actions/checkout@v4	2025-06-26T08:34:39.6617536Z env:
job-core	Run actions/checkout@v4	2025-06-26T08:34:39.6617998Z   KAOS_MODULE: [Ka0S] MDLINT
job-core	Run actions/checkout@v4	2025-06-26T08:34:39.6619350Z   GH_TOKEN: ***
job-core	Run actions/checkout@v4	2025-06-26T08:34:39.6619809Z   FILE_ERROR: 
job-core	Run actions/checkout@v4	2025-06-26T08:34:39.6620505Z   KAOS_MD_CONFIG: core/config/.markdownlint.json
job-core	Run actions/checkout@v4	2025-06-26T08:34:39.6621303Z   KAOS_PATH_RESUME: core/outputs/m/
job-core	Run actions/checkout@v4	2025-06-26T08:34:39.6622015Z   KAOS_REPO: /actions-runner/_work/kaos/kaos
job-core	Run actions/checkout@v4	2025-06-26T08:34:39.6622629Z   KAOS_STEP_MODULE: 
job-core	Run actions/checkout@v4	2025-06-26T08:34:39.6623101Z   KAOS_CODE: 15897005672
job-core	Run actions/checkout@v4	2025-06-26T08:34:39.6623580Z ##[endgroup]
job-core	Run actions/checkout@v4	2025-06-26T08:34:39.7804669Z Syncing repository: Ka0s-Klaus/ka0s
job-core	Run actions/checkout@v4	2025-06-26T08:34:39.7806699Z ##[group]Getting Git version info
job-core	Run actions/checkout@v4	2025-06-26T08:34:39.7807464Z Working directory is '/actions-runner/_work/ka0s/ka0s'
job-core	Run actions/checkout@v4	2025-06-26T08:34:39.7808771Z [command]/usr/bin/git version
job-core	Run actions/checkout@v4	2025-06-26T08:34:39.7809385Z git version 2.43.0
job-core	Run actions/checkout@v4	2025-06-26T08:34:39.7822567Z ##[endgroup]
job-core	Run actions/checkout@v4	2025-06-26T08:34:39.7835029Z Copying '/home/kaos/.gitconfig' to '/actions-runner/_work/_temp/bfca6cc6-9bf5-4ada-b5ad-a03b96f4fca0/.gitconfig'
job-core	Run actions/checkout@v4	2025-06-26T08:34:39.7847353Z Temporarily overriding HOME='/actions-runner/_work/_temp/bfca6cc6-9bf5-4ada-b5ad-a03b96f4fca0' before making global git config changes
job-core	Run actions/checkout@v4	2025-06-26T08:34:39.7850829Z Adding repository directory to the temporary git global config as a safe directory
job-core	Run actions/checkout@v4	2025-06-26T08:34:39.7853276Z [command]/usr/bin/git config --global --add safe.directory /actions-runner/_work/ka0s/ka0s
job-core	Run actions/checkout@v4	2025-06-26T08:34:39.7896631Z [command]/usr/bin/git config --local --get remote.origin.url
job-core	Run actions/checkout@v4	2025-06-26T08:34:39.7920644Z https://github.com/Ka0s-Klaus/ka0s
job-core	Run actions/checkout@v4	2025-06-26T08:34:39.7941627Z ##[group]Removing previously created refs, to avoid conflicts
job-core	Run actions/checkout@v4	2025-06-26T08:34:39.7947679Z [command]/usr/bin/git rev-parse --symbolic-full-name --verify --quiet HEAD
job-core	Run actions/checkout@v4	2025-06-26T08:34:39.7971489Z refs/heads/H1224-new-module-mongodb
job-core	Run actions/checkout@v4	2025-06-26T08:34:39.7982376Z [command]/usr/bin/git checkout --detach
job-core	Run actions/checkout@v4	2025-06-26T08:34:39.8137914Z HEAD is now at 582953c7 Añadimos un mensaje de control por consola del exito
job-core	Run actions/checkout@v4	2025-06-26T08:34:39.8185844Z [command]/usr/bin/git branch --delete --force H1224-new-module-mongodb
job-core	Run actions/checkout@v4	2025-06-26T08:34:39.8219776Z Deleted branch H1224-new-module-mongodb (was 582953c7).
job-core	Run actions/checkout@v4	2025-06-26T08:34:39.8300055Z ##[endgroup]
job-core	Run actions/checkout@v4	2025-06-26T08:34:39.8300802Z [command]/usr/bin/git submodule status
job-core	Run actions/checkout@v4	2025-06-26T08:34:39.8557579Z ##[group]Cleaning the repository
job-core	Run actions/checkout@v4	2025-06-26T08:34:39.8560987Z [command]/usr/bin/git clean -ffdx
job-core	Run actions/checkout@v4	2025-06-26T08:34:39.8651845Z [command]/usr/bin/git reset --hard HEAD
job-core	Run actions/checkout@v4	2025-06-26T08:34:39.8961417Z HEAD is now at 582953c7 Añadimos un mensaje de control por consola del exito
job-core	Run actions/checkout@v4	2025-06-26T08:34:39.8968281Z ##[endgroup]
job-core	Run actions/checkout@v4	2025-06-26T08:34:39.8969728Z ##[group]Disabling automatic garbage collection
job-core	Run actions/checkout@v4	2025-06-26T08:34:39.8975459Z [command]/usr/bin/git config --local gc.auto 0
job-core	Run actions/checkout@v4	2025-06-26T08:34:39.9008106Z ##[endgroup]
job-core	Run actions/checkout@v4	2025-06-26T08:34:39.9009326Z ##[group]Setting up auth
job-core	Run actions/checkout@v4	2025-06-26T08:34:39.9026060Z [command]/usr/bin/git config --local --name-only --get-regexp core\.sshCommand
job-core	Run actions/checkout@v4	2025-06-26T08:34:39.9059472Z [command]/usr/bin/git submodule foreach --recursive sh -c "git config --local --name-only --get-regexp 'core\.sshCommand' && git config --local --unset-all 'core.sshCommand' || :"
job-core	Run actions/checkout@v4	2025-06-26T08:34:39.9323267Z [command]/usr/bin/git config --local --name-only --get-regexp http\.https\:\/\/github\.com\/\.extraheader
job-core	Run actions/checkout@v4	2025-06-26T08:34:39.9357061Z [command]/usr/bin/git submodule foreach --recursive sh -c "git config --local --name-only --get-regexp 'http\.https\:\/\/github\.com\/\.extraheader' && git config --local --unset-all 'http.https://github.com/.extraheader' || :"
job-core	Run actions/checkout@v4	2025-06-26T08:34:39.9616768Z [command]/usr/bin/git config --local http.https://github.com/.extraheader AUTHORIZATION: basic ***
job-core	Run actions/checkout@v4	2025-06-26T08:34:39.9666070Z ##[endgroup]
job-core	Run actions/checkout@v4	2025-06-26T08:34:39.9667067Z ##[group]Fetching the repository
job-core	Run actions/checkout@v4	2025-06-26T08:34:39.9674557Z [command]/usr/bin/git -c protocol.version=2 fetch --prune --no-recurse-submodules origin +refs/heads/*:refs/remotes/origin/* +refs/tags/*:refs/tags/*
job-core	Run actions/checkout@v4	2025-06-26T08:34:40.7970047Z From https://github.com/Ka0s-Klaus/ka0s
job-core	Run actions/checkout@v4	2025-06-26T08:34:40.7971729Z    582953c7..cd13a357  H1224-new-module-mongodb -> origin/H1224-new-module-mongodb
job-core	Run actions/checkout@v4	2025-06-26T08:34:40.7973259Z    7b28ac66..a56123d0  main       -> origin/main
job-core	Run actions/checkout@v4	2025-06-26T08:34:40.8037582Z [command]/usr/bin/git branch --list --remote origin/H1224-new-module-mongodb
job-core	Run actions/checkout@v4	2025-06-26T08:34:40.8072657Z   origin/H1224-new-module-mongodb
job-core	Run actions/checkout@v4	2025-06-26T08:34:40.8084037Z [command]/usr/bin/git rev-parse refs/remotes/origin/H1224-new-module-mongodb
job-core	Run actions/checkout@v4	2025-06-26T08:34:40.8124776Z cd13a357814e7ca1664b9240c779f52921eba64d
job-core	Run actions/checkout@v4	2025-06-26T08:34:40.8133970Z ##[endgroup]
job-core	Run actions/checkout@v4	2025-06-26T08:34:40.8135354Z ##[group]Determining the checkout info
job-core	Run actions/checkout@v4	2025-06-26T08:34:40.8136740Z ##[endgroup]
job-core	Run actions/checkout@v4	2025-06-26T08:34:40.8137519Z [command]/usr/bin/git sparse-checkout disable
job-core	Run actions/checkout@v4	2025-06-26T08:34:40.8219568Z [command]/usr/bin/git config --local --unset-all extensions.worktreeConfig
job-core	Run actions/checkout@v4	2025-06-26T08:34:40.8267645Z ##[group]Checking out the ref
job-core	Run actions/checkout@v4	2025-06-26T08:34:40.8272195Z [command]/usr/bin/git checkout --progress --force -B H1224-new-module-mongodb refs/remotes/origin/H1224-new-module-mongodb
job-core	Run actions/checkout@v4	2025-06-26T08:34:40.8527640Z Previous HEAD position was 582953c7 Añadimos un mensaje de control por consola del exito
job-core	Run actions/checkout@v4	2025-06-26T08:34:40.8536924Z Switched to a new branch 'H1224-new-module-mongodb'
job-core	Run actions/checkout@v4	2025-06-26T08:34:40.8538948Z branch 'H1224-new-module-mongodb' set up to track 'origin/H1224-new-module-mongodb'.
job-core	Run actions/checkout@v4	2025-06-26T08:34:40.8550911Z ##[endgroup]
job-core	Run actions/checkout@v4	2025-06-26T08:34:40.8590088Z [command]/usr/bin/git log -1 --format=%H
job-core	Run actions/checkout@v4	2025-06-26T08:34:40.8621677Z cd13a357814e7ca1664b9240c779f52921eba64d
job-core	Run actions/setup-node@v4	﻿2025-06-26T08:34:40.8962574Z ##[group]Run actions/setup-node@v4
job-core	Run actions/setup-node@v4	2025-06-26T08:34:40.8963714Z with:
job-core	Run actions/setup-node@v4	2025-06-26T08:34:40.8964418Z   node-version: 20
job-core	Run actions/setup-node@v4	2025-06-26T08:34:40.8965212Z   always-auth: false
job-core	Run actions/setup-node@v4	2025-06-26T08:34:40.8966049Z   check-latest: false
job-core	Run actions/setup-node@v4	2025-06-26T08:34:40.8967299Z   token: ***
job-core	Run actions/setup-node@v4	2025-06-26T08:34:40.8968101Z env:
job-core	Run actions/setup-node@v4	2025-06-26T08:34:40.8968959Z   KAOS_MODULE: [Ka0S] MDLINT
job-core	Run actions/setup-node@v4	2025-06-26T08:34:40.8970269Z   GH_TOKEN: ***
job-core	Run actions/setup-node@v4	2025-06-26T08:34:40.8971006Z   FILE_ERROR: 
job-core	Run actions/setup-node@v4	2025-06-26T08:34:40.8971867Z   KAOS_MD_CONFIG: core/config/.markdownlint.json
job-core	Run actions/setup-node@v4	2025-06-26T08:34:40.8973162Z   KAOS_PATH_RESUME: core/outputs/m/
job-core	Run actions/setup-node@v4	2025-06-26T08:34:40.8974232Z   KAOS_REPO: /actions-runner/_work/kaos/kaos
job-core	Run actions/setup-node@v4	2025-06-26T08:34:40.8975463Z   KAOS_STEP_MODULE: 
job-core	Run actions/setup-node@v4	2025-06-26T08:34:40.8976745Z   KAOS_CODE: 15897005672
job-core	Run actions/setup-node@v4	2025-06-26T08:34:40.8977542Z ##[endgroup]
job-core	Run actions/setup-node@v4	2025-06-26T08:34:41.0904341Z Found in cache @ /actions-runner/_work/_tool/node/20.19.3/x64
job-core	Run actions/setup-node@v4	2025-06-26T08:34:41.0911287Z ##[group]Environment details
job-core	Run actions/setup-node@v4	2025-06-26T08:34:41.2014862Z node: v20.19.3
job-core	Run actions/setup-node@v4	2025-06-26T08:34:41.2015899Z npm: 10.8.2
job-core	Run actions/setup-node@v4	2025-06-26T08:34:41.2016630Z yarn: 
job-core	Run actions/setup-node@v4	2025-06-26T08:34:41.2017859Z ##[endgroup]
job-core	Run npm install -g markdownlint-cli2	﻿2025-06-26T08:34:41.2148531Z ##[group]Run npm install -g markdownlint-cli2
job-core	Run npm install -g markdownlint-cli2	2025-06-26T08:34:41.2150050Z [36;1mnpm install -g markdownlint-cli2[0m
job-core	Run npm install -g markdownlint-cli2	2025-06-26T08:34:41.2162648Z shell: /usr/bin/bash -e {0}
job-core	Run npm install -g markdownlint-cli2	2025-06-26T08:34:41.2163448Z env:
job-core	Run npm install -g markdownlint-cli2	2025-06-26T08:34:41.2164055Z   KAOS_MODULE: [Ka0S] MDLINT
job-core	Run npm install -g markdownlint-cli2	2025-06-26T08:34:41.2165179Z   GH_TOKEN: ***
job-core	Run npm install -g markdownlint-cli2	2025-06-26T08:34:41.2165811Z   FILE_ERROR: 
job-core	Run npm install -g markdownlint-cli2	2025-06-26T08:34:41.2166559Z   KAOS_MD_CONFIG: core/config/.markdownlint.json
job-core	Run npm install -g markdownlint-cli2	2025-06-26T08:34:41.2167584Z   KAOS_PATH_RESUME: core/outputs/m/
job-core	Run npm install -g markdownlint-cli2	2025-06-26T08:34:41.2168586Z   KAOS_REPO: /actions-runner/_work/kaos/kaos
job-core	Run npm install -g markdownlint-cli2	2025-06-26T08:34:41.2169821Z   KAOS_STEP_MODULE: 
job-core	Run npm install -g markdownlint-cli2	2025-06-26T08:34:41.2170523Z   KAOS_CODE: 15897005672
job-core	Run npm install -g markdownlint-cli2	2025-06-26T08:34:41.2171234Z ##[endgroup]
job-core	Run npm install -g markdownlint-cli2	2025-06-26T08:34:44.3733762Z 
job-core	Run npm install -g markdownlint-cli2	2025-06-26T08:34:44.3740445Z changed 80 packages in 3s
job-core	Run npm install -g markdownlint-cli2	2025-06-26T08:34:44.3740898Z 
job-core	Run npm install -g markdownlint-cli2	2025-06-26T08:34:44.3741178Z 48 packages are looking for funding
job-core	Run npm install -g markdownlint-cli2	2025-06-26T08:34:44.3741580Z   run `npm fund` for details
job-core	Run # Realizamos el check del documento md 	﻿2025-06-26T08:34:44.3912210Z ##[group]Run # Realizamos el check del documento md 
job-core	Run # Realizamos el check del documento md 	2025-06-26T08:34:44.3912745Z [36;1m# Realizamos el check del documento md [0m
job-core	Run # Realizamos el check del documento md 	2025-06-26T08:34:44.3913198Z [36;1m    # Run markdownlint with the specified files and ignore rules[0m
job-core	Run # Realizamos el check del documento md 	2025-06-26T08:34:44.3914085Z [36;1m    markdownlint-cli2 core/database/scripts/db-list.md --config core/config/.markdownlint.json > core/outputs/m/mdlint-results-15897005672.txt 2>&1 || true[0m
job-core	Run # Realizamos el check del documento md 	2025-06-26T08:34:44.3914884Z [36;1m    # Check if exist errors in file[0m
job-core	Run # Realizamos el check del documento md 	2025-06-26T08:34:44.3915298Z [36;1m    # Abre el fichero en modo lectura y lee todas las líneas[0m
job-core	Run # Realizamos el check del documento md 	2025-06-26T08:34:44.3915780Z [36;1m    lines=$(cat core/outputs/m/mdlint-results-15897005672.txt)[0m
job-core	Run # Realizamos el check del documento md 	2025-06-26T08:34:44.3916239Z [36;1m    # Inicializa la variable summary_value[0m
job-core	Run # Realizamos el check del documento md 	2025-06-26T08:34:44.3916579Z [36;1m    summary_value=""[0m
job-core	Run # Realizamos el check del documento md 	2025-06-26T08:34:44.3916910Z [36;1m    # Busca la línea que contiene "Summary:"[0m
job-core	Run # Realizamos el check del documento md 	2025-06-26T08:34:44.3917289Z [36;1m    while IFS= read -r line; do[0m
job-core	Run # Realizamos el check del documento md 	2025-06-26T08:34:44.3917666Z [36;1m        if [[ "$line" == *"Summary:"* ]]; then[0m
job-core	Run # Realizamos el check del documento md 	2025-06-26T08:34:44.3918043Z [36;1m            # Extrae el número después de "Summary:"[0m
job-core	Run # Realizamos el check del documento md 	2025-06-26T08:34:44.3918613Z [36;1m            summary_value=$(echo "$line" | awk -F'Summary: ' '{print $2}' | awk '{print $1}')[0m
job-core	Run # Realizamos el check del documento md 	2025-06-26T08:34:44.3919072Z [36;1m            break[0m
job-core	Run # Realizamos el check del documento md 	2025-06-26T08:34:44.3919347Z [36;1m        fi[0m
job-core	Run # Realizamos el check del documento md 	2025-06-26T08:34:44.3919602Z [36;1m    done <<< "$lines"[0m
job-core	Run # Realizamos el check del documento md 	2025-06-26T08:34:44.3919916Z [36;1m    # Comprueba si el valor es cero[0m
job-core	Run # Realizamos el check del documento md 	2025-06-26T08:34:44.3920267Z [36;1m    if [ "$summary_value" == "0" ]; then[0m
job-core	Run # Realizamos el check del documento md 	2025-06-26T08:34:44.3920844Z [36;1m      echo "File core/outputs/m/mdlint-results-15897005672.txt is empty and $file is content correct"[0m
job-core	Run # Realizamos el check del documento md 	2025-06-26T08:34:44.3921877Z [36;1m      KAOS_ISSUE_BODY="The [Ka0S] MDLINT process (15897002263) launch the check (15897005672) over file (core/database/scripts/db-list.md) and its result has been SUCCESS. Please MERGE"[0m
job-core	Run # Realizamos el check del documento md 	2025-06-26T08:34:44.3922729Z [36;1m      gh issue comment 1224 -b "$KAOS_ISSUE_BODY"[0m
job-core	Run # Realizamos el check del documento md 	2025-06-26T08:34:44.3923217Z [36;1m      gh issue comment  1224 -F core/outputs/m/mdlint-results-15897005672.txt[0m
job-core	Run # Realizamos el check del documento md 	2025-06-26T08:34:44.3923662Z [36;1m    else[0m
job-core	Run # Realizamos el check del documento md 	2025-06-26T08:34:44.3924256Z [36;1m      echo "File core/outputs/m/mdlint-results-15897005672.txt is not empty and $file is content not correct and write commit info"[0m
job-core	Run # Realizamos el check del documento md 	2025-06-26T08:34:44.3925425Z [36;1m      KAOS_ISSUE_BODY="The [Ka0S] MDLINT process (15897002263) launch the check (15897005672) over file (core/database/scripts/db-list.md) and its result has been FAILED, please check and solved it"[0m
job-core	Run # Realizamos el check del documento md 	2025-06-26T08:34:44.3926489Z [36;1m      gh issue comment 1224 -b "$KAOS_ISSUE_BODY"[0m
job-core	Run # Realizamos el check del documento md 	2025-06-26T08:34:44.3926994Z [36;1m      gh issue comment  1224 -F core/outputs/m/mdlint-results-15897005672.txt[0m
job-core	Run # Realizamos el check del documento md 	2025-06-26T08:34:44.3927437Z [36;1m    fi[0m
job-core	Run # Realizamos el check del documento md 	2025-06-26T08:34:44.3934215Z shell: /usr/bin/bash -e {0}
job-core	Run # Realizamos el check del documento md 	2025-06-26T08:34:44.3934513Z env:
job-core	Run # Realizamos el check del documento md 	2025-06-26T08:34:44.3934751Z   KAOS_MODULE: [Ka0S] MDLINT
job-core	Run # Realizamos el check del documento md 	2025-06-26T08:34:44.3935336Z   GH_TOKEN: ***
job-core	Run # Realizamos el check del documento md 	2025-06-26T08:34:44.3935577Z   FILE_ERROR: 
job-core	Run # Realizamos el check del documento md 	2025-06-26T08:34:44.3935866Z   KAOS_MD_CONFIG: core/config/.markdownlint.json
job-core	Run # Realizamos el check del documento md 	2025-06-26T08:34:44.3936228Z   KAOS_PATH_RESUME: core/outputs/m/
job-core	Run # Realizamos el check del documento md 	2025-06-26T08:34:44.3936561Z   KAOS_REPO: /actions-runner/_work/kaos/kaos
job-core	Run # Realizamos el check del documento md 	2025-06-26T08:34:44.3936889Z   KAOS_STEP_MODULE: 
job-core	Run # Realizamos el check del documento md 	2025-06-26T08:34:44.3937140Z   KAOS_CODE: 15897005672
job-core	Run # Realizamos el check del documento md 	2025-06-26T08:34:44.3937400Z ##[endgroup]
job-core	Run # Realizamos el check del documento md 	2025-06-26T08:34:44.6600883Z File core/outputs/m/mdlint-results-15897005672.txt is not empty and  is content not correct and write commit info
job-core	Run # Realizamos el check del documento md 	2025-06-26T08:34:45.6385991Z https://github.com/Ka0s-Klaus/ka0s/issues/1224#issuecomment-3007663247
job-core	Run # Realizamos el check del documento md 	2025-06-26T08:34:46.5437789Z https://github.com/Ka0s-Klaus/ka0s/issues/1224#issuecomment-3007663299
job-core	Post Run actions/setup-node@v4	﻿2025-06-26T08:34:46.5596390Z Post job cleanup.
job-core	Post Run actions/checkout@v4	﻿2025-06-26T08:34:46.7350301Z Post job cleanup.
job-core	Post Run actions/checkout@v4	2025-06-26T08:34:46.8332873Z [command]/usr/bin/git version
job-core	Post Run actions/checkout@v4	2025-06-26T08:34:46.8373292Z git version 2.43.0
job-core	Post Run actions/checkout@v4	2025-06-26T08:34:46.8414615Z Copying '/home/kaos/.gitconfig' to '/actions-runner/_work/_temp/adf9e511-e9b2-4de0-ba8b-48d6a68df423/.gitconfig'
job-core	Post Run actions/checkout@v4	2025-06-26T08:34:46.8428833Z Temporarily overriding HOME='/actions-runner/_work/_temp/adf9e511-e9b2-4de0-ba8b-48d6a68df423' before making global git config changes
job-core	Post Run actions/checkout@v4	2025-06-26T08:34:46.8429838Z Adding repository directory to the temporary git global config as a safe directory
job-core	Post Run actions/checkout@v4	2025-06-26T08:34:46.8435686Z [command]/usr/bin/git config --global --add safe.directory /actions-runner/_work/ka0s/ka0s
job-core	Post Run actions/checkout@v4	2025-06-26T08:34:46.8478451Z [command]/usr/bin/git config --local --name-only --get-regexp core\.sshCommand
job-core	Post Run actions/checkout@v4	2025-06-26T08:34:46.8519703Z [command]/usr/bin/git submodule foreach --recursive sh -c "git config --local --name-only --get-regexp 'core\.sshCommand' && git config --local --unset-all 'core.sshCommand' || :"
job-core	Post Run actions/checkout@v4	2025-06-26T08:34:46.8825619Z [command]/usr/bin/git config --local --name-only --get-regexp http\.https\:\/\/github\.com\/\.extraheader
job-core	Post Run actions/checkout@v4	2025-06-26T08:34:46.8851646Z http.https://github.com/.extraheader
job-core	Post Run actions/checkout@v4	2025-06-26T08:34:46.8864697Z [command]/usr/bin/git config --local --unset-all http.https://github.com/.extraheader
job-core	Post Run actions/checkout@v4	2025-06-26T08:34:46.8904474Z [command]/usr/bin/git submodule foreach --recursive sh -c "git config --local --name-only --get-regexp 'http\.https\:\/\/github\.com\/\.extraheader' && git config --local --unset-all 'http.https://github.com/.extraheader' || :"
job-core	Complete job	﻿2025-06-26T08:34:46.9295635Z Cleaning up orphan processes
handle-success	Set up job	﻿2025-06-26T08:34:52.5074224Z Current runner version: '2.325.0'
handle-success	Set up job	2025-06-26T08:34:52.5081118Z Runner name: 'ka0s-ka0s-1'
handle-success	Set up job	2025-06-26T08:34:52.5082125Z Machine name: '365e885ec1fe'
handle-success	Set up job	2025-06-26T08:34:52.5084981Z ##[group]GITHUB_TOKEN Permissions
handle-success	Set up job	2025-06-26T08:34:52.5087270Z Actions: write
handle-success	Set up job	2025-06-26T08:34:52.5087837Z Contents: write
handle-success	Set up job	2025-06-26T08:34:52.5088468Z Issues: write
handle-success	Set up job	2025-06-26T08:34:52.5089120Z Metadata: read
handle-success	Set up job	2025-06-26T08:34:52.5089624Z PullRequests: write
handle-success	Set up job	2025-06-26T08:34:52.5090183Z ##[endgroup]
handle-success	Set up job	2025-06-26T08:34:52.5092390Z Secret source: Actions
handle-success	Set up job	2025-06-26T08:34:52.5093125Z Prepare workflow directory
handle-success	Set up job	2025-06-26T08:34:52.5784394Z Prepare all required actions
handle-success	Set up job	2025-06-26T08:34:52.5826096Z Getting action download info
handle-success	Set up job	2025-06-26T08:34:53.1138715Z Download action repository 'actions/checkout@v4' (SHA:11bd71901bbe5b1630ceea73d27597364c9af683)
handle-success	Set up job	2025-06-26T08:34:53.8847934Z Complete job name: handle-success
handle-success	Checkout code	﻿2025-06-26T08:34:53.9374993Z ##[group]Run actions/checkout@v4
handle-success	Checkout code	2025-06-26T08:34:53.9375923Z with:
handle-success	Checkout code	2025-06-26T08:34:53.9376309Z   fetch-depth: 0
handle-success	Checkout code	2025-06-26T08:34:53.9376998Z   token: ***
handle-success	Checkout code	2025-06-26T08:34:53.9377396Z   repository: Ka0s-Klaus/ka0s
handle-success	Checkout code	2025-06-26T08:34:53.9377848Z   ssh-strict: true
handle-success	Checkout code	2025-06-26T08:34:53.9378223Z   ssh-user: git
handle-success	Checkout code	2025-06-26T08:34:53.9378714Z   persist-credentials: true
handle-success	Checkout code	2025-06-26T08:34:53.9379154Z   clean: true
handle-success	Checkout code	2025-06-26T08:34:53.9379552Z   sparse-checkout-cone-mode: true
handle-success	Checkout code	2025-06-26T08:34:53.9380040Z   fetch-tags: false
handle-success	Checkout code	2025-06-26T08:34:53.9380428Z   show-progress: true
handle-success	Checkout code	2025-06-26T08:34:53.9380824Z   lfs: false
handle-success	Checkout code	2025-06-26T08:34:53.9381184Z   submodules: false
handle-success	Checkout code	2025-06-26T08:34:53.9381584Z   set-safe-directory: true
handle-success	Checkout code	2025-06-26T08:34:53.9382278Z env:
handle-success	Checkout code	2025-06-26T08:34:53.9382648Z   KAOS_MODULE: [Ka0S] MDLINT
handle-success	Checkout code	2025-06-26T08:34:53.9383234Z   GH_TOKEN: ***
handle-success	Checkout code	2025-06-26T08:34:53.9383611Z   FILE_ERROR: 
handle-success	Checkout code	2025-06-26T08:34:53.9384034Z   KAOS_MD_CONFIG: core/config/.markdownlint.json
handle-success	Checkout code	2025-06-26T08:34:53.9384595Z   KAOS_PATH_RESUME: core/outputs/m/
handle-success	Checkout code	2025-06-26T08:34:53.9385149Z   KAOS_REPO: /actions-runner/_work/kaos/kaos
handle-success	Checkout code	2025-06-26T08:34:53.9385669Z   KAOS_STEP_MODULE: 
handle-success	Checkout code	2025-06-26T08:34:53.9386063Z   KAOS_CODE: 15897005672
handle-success	Checkout code	2025-06-26T08:34:53.9386471Z ##[endgroup]
handle-success	Checkout code	2025-06-26T08:34:54.0563952Z Syncing repository: Ka0s-Klaus/ka0s
handle-success	Checkout code	2025-06-26T08:34:54.0566171Z ##[group]Getting Git version info
handle-success	Checkout code	2025-06-26T08:34:54.0566881Z Working directory is '/actions-runner/_work/ka0s/ka0s'
handle-success	Checkout code	2025-06-26T08:34:54.0567871Z [command]/usr/bin/git version
handle-success	Checkout code	2025-06-26T08:34:54.0568485Z git version 2.43.0
handle-success	Checkout code	2025-06-26T08:34:54.0595883Z ##[endgroup]
handle-success	Checkout code	2025-06-26T08:34:54.0606225Z Copying '/home/kaos/.gitconfig' to '/actions-runner/_work/_temp/9014d62a-1139-4088-98e3-d5cb9573f112/.gitconfig'
handle-success	Checkout code	2025-06-26T08:34:54.0618230Z Temporarily overriding HOME='/actions-runner/_work/_temp/9014d62a-1139-4088-98e3-d5cb9573f112' before making global git config changes
handle-success	Checkout code	2025-06-26T08:34:54.0619953Z Adding repository directory to the temporary git global config as a safe directory
handle-success	Checkout code	2025-06-26T08:34:54.0624326Z [command]/usr/bin/git config --global --add safe.directory /actions-runner/_work/ka0s/ka0s
handle-success	Checkout code	2025-06-26T08:34:54.0670665Z [command]/usr/bin/git config --local --get remote.origin.url
handle-success	Checkout code	2025-06-26T08:34:54.0701673Z https://github.com/Ka0s-Klaus/ka0s
handle-success	Checkout code	2025-06-26T08:34:54.0723885Z ##[group]Removing previously created refs, to avoid conflicts
handle-success	Checkout code	2025-06-26T08:34:54.0727953Z [command]/usr/bin/git rev-parse --symbolic-full-name --verify --quiet HEAD
handle-success	Checkout code	2025-06-26T08:34:54.0753376Z refs/heads/H1224-new-module-mongodb
handle-success	Checkout code	2025-06-26T08:34:54.0765277Z [command]/usr/bin/git checkout --detach
handle-success	Checkout code	2025-06-26T08:34:54.0922503Z HEAD is now at e0c0187e [Ka0S] Uploading resume execution files to the repository...
handle-success	Checkout code	2025-06-26T08:34:54.0970519Z [command]/usr/bin/git branch --delete --force H1224-new-module-mongodb
handle-success	Checkout code	2025-06-26T08:34:54.1005259Z Deleted branch H1224-new-module-mongodb (was e0c0187e).
handle-success	Checkout code	2025-06-26T08:34:54.1082973Z ##[endgroup]
handle-success	Checkout code	2025-06-26T08:34:54.1084581Z [command]/usr/bin/git submodule status
handle-success	Checkout code	2025-06-26T08:34:54.1347532Z ##[group]Cleaning the repository
handle-success	Checkout code	2025-06-26T08:34:54.1353624Z [command]/usr/bin/git clean -ffdx
handle-success	Checkout code	2025-06-26T08:34:54.1429378Z Removing core/results/k/event_data_15896748748.json.bak
handle-success	Checkout code	2025-06-26T08:34:54.1430136Z Removing files-in-commit.txt
handle-success	Checkout code	2025-06-26T08:34:54.1439748Z [command]/usr/bin/git reset --hard HEAD
handle-success	Checkout code	2025-06-26T08:34:54.1747188Z HEAD is now at e0c0187e [Ka0S] Uploading resume execution files to the repository...
handle-success	Checkout code	2025-06-26T08:34:54.1757823Z ##[endgroup]
handle-success	Checkout code	2025-06-26T08:34:54.1758956Z ##[group]Disabling automatic garbage collection
handle-success	Checkout code	2025-06-26T08:34:54.1762821Z [command]/usr/bin/git config --local gc.auto 0
handle-success	Checkout code	2025-06-26T08:34:54.1797900Z ##[endgroup]
handle-success	Checkout code	2025-06-26T08:34:54.1799087Z ##[group]Setting up auth
handle-success	Checkout code	2025-06-26T08:34:54.1805295Z [command]/usr/bin/git config --local --name-only --get-regexp core\.sshCommand
handle-success	Checkout code	2025-06-26T08:34:54.1849032Z [command]/usr/bin/git submodule foreach --recursive sh -c "git config --local --name-only --get-regexp 'core\.sshCommand' && git config --local --unset-all 'core.sshCommand' || :"
handle-success	Checkout code	2025-06-26T08:34:54.2113345Z [command]/usr/bin/git config --local --name-only --get-regexp http\.https\:\/\/github\.com\/\.extraheader
handle-success	Checkout code	2025-06-26T08:34:54.2147620Z [command]/usr/bin/git submodule foreach --recursive sh -c "git config --local --name-only --get-regexp 'http\.https\:\/\/github\.com\/\.extraheader' && git config --local --unset-all 'http.https://github.com/.extraheader' || :"
handle-success	Checkout code	2025-06-26T08:34:54.2415165Z [command]/usr/bin/git config --local http.https://github.com/.extraheader AUTHORIZATION: basic ***
handle-success	Checkout code	2025-06-26T08:34:54.2457655Z ##[endgroup]
handle-success	Checkout code	2025-06-26T08:34:54.2458921Z ##[group]Fetching the repository
handle-success	Checkout code	2025-06-26T08:34:54.2467472Z [command]/usr/bin/git -c protocol.version=2 fetch --prune --no-recurse-submodules origin +refs/heads/*:refs/remotes/origin/* +refs/tags/*:refs/tags/*
handle-success	Checkout code	2025-06-26T08:34:55.1100564Z From https://github.com/Ka0s-Klaus/ka0s
handle-success	Checkout code	2025-06-26T08:34:55.1102495Z    e0c0187e..cd13a357  H1224-new-module-mongodb -> origin/H1224-new-module-mongodb
handle-success	Checkout code	2025-06-26T08:34:55.1104257Z    7b28ac66..a56123d0  main       -> origin/main
handle-success	Checkout code	2025-06-26T08:34:55.1157661Z [command]/usr/bin/git branch --list --remote origin/H1224-new-module-mongodb
handle-success	Checkout code	2025-06-26T08:34:55.1193396Z   origin/H1224-new-module-mongodb
handle-success	Checkout code	2025-06-26T08:34:55.1237797Z [command]/usr/bin/git rev-parse refs/remotes/origin/H1224-new-module-mongodb
handle-success	Checkout code	2025-06-26T08:34:55.1257388Z cd13a357814e7ca1664b9240c779f52921eba64d
handle-success	Checkout code	2025-06-26T08:34:55.1264236Z ##[endgroup]
handle-success	Checkout code	2025-06-26T08:34:55.1265873Z ##[group]Determining the checkout info
handle-success	Checkout code	2025-06-26T08:34:55.1268872Z ##[endgroup]
handle-success	Checkout code	2025-06-26T08:34:55.1270050Z [command]/usr/bin/git sparse-checkout disable
handle-success	Checkout code	2025-06-26T08:34:55.1355163Z [command]/usr/bin/git config --local --unset-all extensions.worktreeConfig
handle-success	Checkout code	2025-06-26T08:34:55.1392013Z ##[group]Checking out the ref
handle-success	Checkout code	2025-06-26T08:34:55.1394389Z [command]/usr/bin/git checkout --progress --force -B H1224-new-module-mongodb refs/remotes/origin/H1224-new-module-mongodb
handle-success	Checkout code	2025-06-26T08:34:55.1620565Z Previous HEAD position was e0c0187e [Ka0S] Uploading resume execution files to the repository...
handle-success	Checkout code	2025-06-26T08:34:55.1629234Z Switched to a new branch 'H1224-new-module-mongodb'
handle-success	Checkout code	2025-06-26T08:34:55.1631580Z branch 'H1224-new-module-mongodb' set up to track 'origin/H1224-new-module-mongodb'.
handle-success	Checkout code	2025-06-26T08:34:55.1640312Z ##[endgroup]
handle-success	Checkout code	2025-06-26T08:34:55.1678745Z [command]/usr/bin/git log -1 --format=%H
handle-success	Checkout code	2025-06-26T08:34:55.1706500Z cd13a357814e7ca1664b9240c779f52921eba64d
handle-success	handle-success-execution	﻿2025-06-26T08:34:55.1963027Z ##[group]Run # Si todo ha ido correcto añadimos el contenido del fichero 
handle-success	handle-success-execution	2025-06-26T08:34:55.1965070Z [36;1m# Si todo ha ido correcto añadimos el contenido del fichero [0m
handle-success	handle-success-execution	2025-06-26T08:34:55.1967063Z [36;1mRNNUMBER=$(echo "refs/heads/H1224-new-module-mongodb" | grep -o '[0-9]*')[0m
handle-success	handle-success-execution	2025-06-26T08:34:55.1970819Z [36;1mgh issue comment $RNNUMBER --body "El proceso ha finalizado correctamente 15897005672. El resultado está en el fichero core/results/event_data15897005672.log"[0m
handle-success	handle-success-execution	2025-06-26T08:34:55.1983268Z shell: /usr/bin/bash -e {0}
handle-success	handle-success-execution	2025-06-26T08:34:55.1984267Z env:
handle-success	handle-success-execution	2025-06-26T08:34:55.1985035Z   KAOS_MODULE: [Ka0S] MDLINT
handle-success	handle-success-execution	2025-06-26T08:34:55.1986491Z   GH_TOKEN: ***
handle-success	handle-success-execution	2025-06-26T08:34:55.1987552Z   FILE_ERROR: 
handle-success	handle-success-execution	2025-06-26T08:34:55.1988730Z   KAOS_MD_CONFIG: core/config/.markdownlint.json
handle-success	handle-success-execution	2025-06-26T08:34:55.1990159Z   KAOS_PATH_RESUME: core/outputs/m/
handle-success	handle-success-execution	2025-06-26T08:34:55.1991301Z   KAOS_REPO: /actions-runner/_work/kaos/kaos
handle-success	handle-success-execution	2025-06-26T08:34:55.1992442Z   KAOS_STEP_MODULE: 
handle-success	handle-success-execution	2025-06-26T08:34:55.1993307Z   KAOS_CODE: 15897005672
handle-success	handle-success-execution	2025-06-26T08:34:55.1994246Z ##[endgroup]
handle-success	handle-success-execution	2025-06-26T08:34:56.0871625Z https://github.com/Ka0s-Klaus/ka0s/issues/1224#issuecomment-3007663725
handle-success	Post Checkout code	﻿2025-06-26T08:34:56.1352173Z Post job cleanup.
handle-success	Post Checkout code	2025-06-26T08:34:56.2384867Z [command]/usr/bin/git version
handle-success	Post Checkout code	2025-06-26T08:34:56.2428370Z git version 2.43.0
handle-success	Post Checkout code	2025-06-26T08:34:56.2471661Z Copying '/home/kaos/.gitconfig' to '/actions-runner/_work/_temp/877fab1a-7656-485b-98e5-487d4f1ec665/.gitconfig'
handle-success	Post Checkout code	2025-06-26T08:34:56.2485373Z Temporarily overriding HOME='/actions-runner/_work/_temp/877fab1a-7656-485b-98e5-487d4f1ec665' before making global git config changes
handle-success	Post Checkout code	2025-06-26T08:34:56.2486645Z Adding repository directory to the temporary git global config as a safe directory
handle-success	Post Checkout code	2025-06-26T08:34:56.2491246Z [command]/usr/bin/git config --global --add safe.directory /actions-runner/_work/ka0s/ka0s
handle-success	Post Checkout code	2025-06-26T08:34:56.2541734Z [command]/usr/bin/git config --local --name-only --get-regexp core\.sshCommand
handle-success	Post Checkout code	2025-06-26T08:34:56.2583237Z [command]/usr/bin/git submodule foreach --recursive sh -c "git config --local --name-only --get-regexp 'core\.sshCommand' && git config --local --unset-all 'core.sshCommand' || :"
handle-success	Post Checkout code	2025-06-26T08:34:56.2899312Z [command]/usr/bin/git config --local --name-only --get-regexp http\.https\:\/\/github\.com\/\.extraheader
handle-success	Post Checkout code	2025-06-26T08:34:56.2926223Z http.https://github.com/.extraheader
handle-success	Post Checkout code	2025-06-26T08:34:56.2928129Z [command]/usr/bin/git config --local --unset-all http.https://github.com/.extraheader
handle-success	Post Checkout code	2025-06-26T08:34:56.2964862Z [command]/usr/bin/git submodule foreach --recursive sh -c "git config --local --name-only --get-regexp 'http\.https\:\/\/github\.com\/\.extraheader' && git config --local --unset-all 'http.https://github.com/.extraheader' || :"
handle-success	Complete job	﻿2025-06-26T08:34:56.3422215Z Cleaning up orphan processes
end-workflow	Set up job	﻿2025-06-26T08:35:02.4419286Z Current runner version: '2.325.0'
end-workflow	Set up job	2025-06-26T08:35:02.4427544Z Runner name: 'ka0s-ka0s-5'
end-workflow	Set up job	2025-06-26T08:35:02.4428806Z Machine name: '5e5b61384f18'
end-workflow	Set up job	2025-06-26T08:35:02.4431875Z ##[group]GITHUB_TOKEN Permissions
end-workflow	Set up job	2025-06-26T08:35:02.4434412Z Actions: write
end-workflow	Set up job	2025-06-26T08:35:02.4435027Z Contents: write
end-workflow	Set up job	2025-06-26T08:35:02.4435531Z Issues: write
end-workflow	Set up job	2025-06-26T08:35:02.4436152Z Metadata: read
end-workflow	Set up job	2025-06-26T08:35:02.4436718Z PullRequests: write
end-workflow	Set up job	2025-06-26T08:35:02.4437252Z ##[endgroup]
end-workflow	Set up job	2025-06-26T08:35:02.4439925Z Secret source: Actions
end-workflow	Set up job	2025-06-26T08:35:02.4440659Z Prepare workflow directory
end-workflow	Set up job	2025-06-26T08:35:02.5065328Z Prepare all required actions
end-workflow	Set up job	2025-06-26T08:35:02.5104415Z Getting action download info
end-workflow	Set up job	2025-06-26T08:35:03.0243878Z Download action repository 'actions/checkout@v4' (SHA:11bd71901bbe5b1630ceea73d27597364c9af683)
end-workflow	Set up job	2025-06-26T08:35:03.8590163Z Complete job name: end-workflow
end-workflow	Checkout code	﻿2025-06-26T08:35:03.9061359Z ##[group]Run actions/checkout@v4
end-workflow	Checkout code	2025-06-26T08:35:03.9062199Z with:
end-workflow	Checkout code	2025-06-26T08:35:03.9062575Z   fetch-depth: 0
end-workflow	Checkout code	2025-06-26T08:35:03.9063195Z   token: ***
end-workflow	Checkout code	2025-06-26T08:35:03.9063576Z   repository: Ka0s-Klaus/ka0s
end-workflow	Checkout code	2025-06-26T08:35:03.9064019Z   ssh-strict: true
end-workflow	Checkout code	2025-06-26T08:35:03.9064395Z   ssh-user: git
end-workflow	Checkout code	2025-06-26T08:35:03.9064777Z   persist-credentials: true
end-workflow	Checkout code	2025-06-26T08:35:03.9065200Z   clean: true
end-workflow	Checkout code	2025-06-26T08:35:03.9065588Z   sparse-checkout-cone-mode: true
end-workflow	Checkout code	2025-06-26T08:35:03.9066042Z   fetch-tags: false
end-workflow	Checkout code	2025-06-26T08:35:03.9066425Z   show-progress: true
end-workflow	Checkout code	2025-06-26T08:35:03.9066809Z   lfs: false
end-workflow	Checkout code	2025-06-26T08:35:03.9067158Z   submodules: false
end-workflow	Checkout code	2025-06-26T08:35:03.9067551Z   set-safe-directory: true
end-workflow	Checkout code	2025-06-26T08:35:03.9068192Z env:
end-workflow	Checkout code	2025-06-26T08:35:03.9068734Z   KAOS_MODULE: [Ka0S] MDLINT
end-workflow	Checkout code	2025-06-26T08:35:03.9069312Z   GH_TOKEN: ***
end-workflow	Checkout code	2025-06-26T08:35:03.9069688Z   FILE_ERROR: 
end-workflow	Checkout code	2025-06-26T08:35:03.9070103Z   KAOS_MD_CONFIG: core/config/.markdownlint.json
end-workflow	Checkout code	2025-06-26T08:35:03.9070642Z   KAOS_PATH_RESUME: core/outputs/m/
end-workflow	Checkout code	2025-06-26T08:35:03.9071175Z   KAOS_REPO: /actions-runner/_work/kaos/kaos
end-workflow	Checkout code	2025-06-26T08:35:03.9071683Z   KAOS_STEP_MODULE: 
end-workflow	Checkout code	2025-06-26T08:35:03.9072221Z   KAOS_CODE: 15897005672
end-workflow	Checkout code	2025-06-26T08:35:03.9072743Z ##[endgroup]
end-workflow	Checkout code	2025-06-26T08:35:04.0213271Z Syncing repository: Ka0s-Klaus/ka0s
end-workflow	Checkout code	2025-06-26T08:35:04.0215489Z ##[group]Getting Git version info
end-workflow	Checkout code	2025-06-26T08:35:04.0216193Z Working directory is '/actions-runner/_work/ka0s/ka0s'
end-workflow	Checkout code	2025-06-26T08:35:04.0217276Z [command]/usr/bin/git version
end-workflow	Checkout code	2025-06-26T08:35:04.0217778Z git version 2.43.0
end-workflow	Checkout code	2025-06-26T08:35:04.0243647Z ##[endgroup]
end-workflow	Checkout code	2025-06-26T08:35:04.0256605Z Copying '/home/kaos/.gitconfig' to '/actions-runner/_work/_temp/db075230-546b-4864-8fdd-7736b46181bb/.gitconfig'
end-workflow	Checkout code	2025-06-26T08:35:04.0267035Z Temporarily overriding HOME='/actions-runner/_work/_temp/db075230-546b-4864-8fdd-7736b46181bb' before making global git config changes
end-workflow	Checkout code	2025-06-26T08:35:04.0268681Z Adding repository directory to the temporary git global config as a safe directory
end-workflow	Checkout code	2025-06-26T08:35:04.0273291Z [command]/usr/bin/git config --global --add safe.directory /actions-runner/_work/ka0s/ka0s
end-workflow	Checkout code	2025-06-26T08:35:04.0318024Z [command]/usr/bin/git config --local --get remote.origin.url
end-workflow	Checkout code	2025-06-26T08:35:04.0349642Z https://github.com/Ka0s-Klaus/ka0s
end-workflow	Checkout code	2025-06-26T08:35:04.0369781Z ##[group]Removing previously created refs, to avoid conflicts
end-workflow	Checkout code	2025-06-26T08:35:04.0375387Z [command]/usr/bin/git rev-parse --symbolic-full-name --verify --quiet HEAD
end-workflow	Checkout code	2025-06-26T08:35:04.0398357Z refs/heads/H1224-new-module-mongodb
end-workflow	Checkout code	2025-06-26T08:35:04.0407968Z [command]/usr/bin/git checkout --detach
end-workflow	Checkout code	2025-06-26T08:35:04.0572073Z HEAD is now at 446f97e4 Merge branch 'H1224-new-module-mongodb' of https://github.com/Ka0s-Klaus/ka0s into H1224-new-module-mongodb
end-workflow	Checkout code	2025-06-26T08:35:04.0619601Z [command]/usr/bin/git branch --delete --force H1224-new-module-mongodb
end-workflow	Checkout code	2025-06-26T08:35:04.0654675Z Deleted branch H1224-new-module-mongodb (was 446f97e4).
end-workflow	Checkout code	2025-06-26T08:35:04.0737466Z ##[endgroup]
end-workflow	Checkout code	2025-06-26T08:35:04.0738651Z [command]/usr/bin/git submodule status
end-workflow	Checkout code	2025-06-26T08:35:04.0989518Z ##[group]Cleaning the repository
end-workflow	Checkout code	2025-06-26T08:35:04.0994914Z [command]/usr/bin/git clean -ffdx
end-workflow	Checkout code	2025-06-26T08:35:04.1080459Z [command]/usr/bin/git reset --hard HEAD
end-workflow	Checkout code	2025-06-26T08:35:04.1407622Z HEAD is now at 446f97e4 Merge branch 'H1224-new-module-mongodb' of https://github.com/Ka0s-Klaus/ka0s into H1224-new-module-mongodb
end-workflow	Checkout code	2025-06-26T08:35:04.1419605Z ##[endgroup]
end-workflow	Checkout code	2025-06-26T08:35:04.1420414Z ##[group]Disabling automatic garbage collection
end-workflow	Checkout code	2025-06-26T08:35:04.1422985Z [command]/usr/bin/git config --local gc.auto 0
end-workflow	Checkout code	2025-06-26T08:35:04.1465755Z ##[endgroup]
end-workflow	Checkout code	2025-06-26T08:35:04.1469670Z ##[group]Setting up auth
end-workflow	Checkout code	2025-06-26T08:35:04.1470469Z [command]/usr/bin/git config --local --name-only --get-regexp core\.sshCommand
end-workflow	Checkout code	2025-06-26T08:35:04.1506110Z [command]/usr/bin/git submodule foreach --recursive sh -c "git config --local --name-only --get-regexp 'core\.sshCommand' && git config --local --unset-all 'core.sshCommand' || :"
end-workflow	Checkout code	2025-06-26T08:35:04.1777673Z [command]/usr/bin/git config --local --name-only --get-regexp http\.https\:\/\/github\.com\/\.extraheader
end-workflow	Checkout code	2025-06-26T08:35:04.1812992Z [command]/usr/bin/git submodule foreach --recursive sh -c "git config --local --name-only --get-regexp 'http\.https\:\/\/github\.com\/\.extraheader' && git config --local --unset-all 'http.https://github.com/.extraheader' || :"
end-workflow	Checkout code	2025-06-26T08:35:04.2104546Z [command]/usr/bin/git config --local http.https://github.com/.extraheader AUTHORIZATION: basic ***
end-workflow	Checkout code	2025-06-26T08:35:04.2156508Z ##[endgroup]
end-workflow	Checkout code	2025-06-26T08:35:04.2157403Z ##[group]Fetching the repository
end-workflow	Checkout code	2025-06-26T08:35:04.2166638Z [command]/usr/bin/git -c protocol.version=2 fetch --prune --no-recurse-submodules origin +refs/heads/*:refs/remotes/origin/* +refs/tags/*:refs/tags/*
end-workflow	Checkout code	2025-06-26T08:35:05.0393937Z From https://github.com/Ka0s-Klaus/ka0s
end-workflow	Checkout code	2025-06-26T08:35:05.0395884Z    446f97e4..cd13a357  H1224-new-module-mongodb -> origin/H1224-new-module-mongodb
end-workflow	Checkout code	2025-06-26T08:35:05.0397611Z    a56123d0..14b6558f  main       -> origin/main
end-workflow	Checkout code	2025-06-26T08:35:05.0459941Z [command]/usr/bin/git branch --list --remote origin/H1224-new-module-mongodb
end-workflow	Checkout code	2025-06-26T08:35:05.0493074Z   origin/H1224-new-module-mongodb
end-workflow	Checkout code	2025-06-26T08:35:05.0502147Z [command]/usr/bin/git rev-parse refs/remotes/origin/H1224-new-module-mongodb
end-workflow	Checkout code	2025-06-26T08:35:05.0526218Z cd13a357814e7ca1664b9240c779f52921eba64d
end-workflow	Checkout code	2025-06-26T08:35:05.0531009Z ##[endgroup]
end-workflow	Checkout code	2025-06-26T08:35:05.0532516Z ##[group]Determining the checkout info
end-workflow	Checkout code	2025-06-26T08:35:05.0534231Z ##[endgroup]
end-workflow	Checkout code	2025-06-26T08:35:05.0536306Z [command]/usr/bin/git sparse-checkout disable
end-workflow	Checkout code	2025-06-26T08:35:05.0623644Z [command]/usr/bin/git config --local --unset-all extensions.worktreeConfig
end-workflow	Checkout code	2025-06-26T08:35:05.0656330Z ##[group]Checking out the ref
end-workflow	Checkout code	2025-06-26T08:35:05.0659401Z [command]/usr/bin/git checkout --progress --force -B H1224-new-module-mongodb refs/remotes/origin/H1224-new-module-mongodb
end-workflow	Checkout code	2025-06-26T08:35:05.0894875Z Previous HEAD position was 446f97e4 Merge branch 'H1224-new-module-mongodb' of https://github.com/Ka0s-Klaus/ka0s into H1224-new-module-mongodb
end-workflow	Checkout code	2025-06-26T08:35:05.0903841Z Switched to a new branch 'H1224-new-module-mongodb'
end-workflow	Checkout code	2025-06-26T08:35:05.0905935Z branch 'H1224-new-module-mongodb' set up to track 'origin/H1224-new-module-mongodb'.
end-workflow	Checkout code	2025-06-26T08:35:05.0914756Z ##[endgroup]
end-workflow	Checkout code	2025-06-26T08:35:05.0954714Z [command]/usr/bin/git log -1 --format=%H
end-workflow	Checkout code	2025-06-26T08:35:05.0984826Z cd13a357814e7ca1664b9240c779f52921eba64d
end-workflow	Finaliza el workflow	﻿2025-06-26T08:35:05.1248286Z ##[group]Run echo "End process"
end-workflow	Finaliza el workflow	2025-06-26T08:35:05.1249637Z [36;1mecho "End process"[0m
end-workflow	Finaliza el workflow	2025-06-26T08:35:05.1251260Z [36;1mRNNUMBER=$(echo "refs/heads/H1224-new-module-mongodb" | grep -o '[0-9]*')[0m
end-workflow	Finaliza el workflow	2025-06-26T08:35:05.1253450Z [36;1mgh issue comment $RNNUMBER --body "Se finaliza Ka0s 15897005672"[0m
end-workflow	Finaliza el workflow	2025-06-26T08:35:05.1256257Z [36;1mgh workflow run inspector.yml --ref 'main' -f kaos-issue-id=$RNNUMBER -f kaos-workflow-id="15897005672" -f kaos-user-start=""[0m
end-workflow	Finaliza el workflow	2025-06-26T08:35:05.1268363Z shell: /usr/bin/bash -e {0}
end-workflow	Finaliza el workflow	2025-06-26T08:35:05.1269956Z env:
end-workflow	Finaliza el workflow	2025-06-26T08:35:05.1270808Z   KAOS_MODULE: [Ka0S] MDLINT
end-workflow	Finaliza el workflow	2025-06-26T08:35:05.1272307Z   GH_TOKEN: ***
end-workflow	Finaliza el workflow	2025-06-26T08:35:05.1273470Z   FILE_ERROR: 
end-workflow	Finaliza el workflow	2025-06-26T08:35:05.1274503Z   KAOS_MD_CONFIG: core/config/.markdownlint.json
end-workflow	Finaliza el workflow	2025-06-26T08:35:05.1275833Z   KAOS_PATH_RESUME: core/outputs/m/
end-workflow	Finaliza el workflow	2025-06-26T08:35:05.1277068Z   KAOS_REPO: /actions-runner/_work/kaos/kaos
end-workflow	Finaliza el workflow	2025-06-26T08:35:05.1278283Z   KAOS_STEP_MODULE: 
end-workflow	Finaliza el workflow	2025-06-26T08:35:05.1279286Z   KAOS_CODE: 15897005672
end-workflow	Finaliza el workflow	2025-06-26T08:35:05.1280304Z ##[endgroup]
end-workflow	Finaliza el workflow	2025-06-26T08:35:05.1337832Z End process
end-workflow	Finaliza el workflow	2025-06-26T08:35:06.1897465Z https://github.com/Ka0s-Klaus/ka0s/issues/1224#issuecomment-3007664149
end-workflow	Post Checkout code	﻿2025-06-26T08:35:06.8919356Z Post job cleanup.
end-workflow	Post Checkout code	2025-06-26T08:35:06.9971215Z [command]/usr/bin/git version
end-workflow	Post Checkout code	2025-06-26T08:35:07.0012282Z git version 2.43.0
end-workflow	Post Checkout code	2025-06-26T08:35:07.0052493Z Copying '/home/kaos/.gitconfig' to '/actions-runner/_work/_temp/d3d0677f-9b9a-4c06-9b2b-bbe20eb637cf/.gitconfig'
end-workflow	Post Checkout code	2025-06-26T08:35:07.0065922Z Temporarily overriding HOME='/actions-runner/_work/_temp/d3d0677f-9b9a-4c06-9b2b-bbe20eb637cf' before making global git config changes
end-workflow	Post Checkout code	2025-06-26T08:35:07.0067040Z Adding repository directory to the temporary git global config as a safe directory
end-workflow	Post Checkout code	2025-06-26T08:35:07.0071175Z [command]/usr/bin/git config --global --add safe.directory /actions-runner/_work/ka0s/ka0s
end-workflow	Post Checkout code	2025-06-26T08:35:07.0111671Z [command]/usr/bin/git config --local --name-only --get-regexp core\.sshCommand
end-workflow	Post Checkout code	2025-06-26T08:35:07.0151029Z [command]/usr/bin/git submodule foreach --recursive sh -c "git config --local --name-only --get-regexp 'core\.sshCommand' && git config --local --unset-all 'core.sshCommand' || :"
end-workflow	Post Checkout code	2025-06-26T08:35:07.0415703Z [command]/usr/bin/git config --local --name-only --get-regexp http\.https\:\/\/github\.com\/\.extraheader
end-workflow	Post Checkout code	2025-06-26T08:35:07.0440280Z http.https://github.com/.extraheader
end-workflow	Post Checkout code	2025-06-26T08:35:07.0454260Z [command]/usr/bin/git config --local --unset-all http.https://github.com/.extraheader
end-workflow	Post Checkout code	2025-06-26T08:35:07.0489837Z [command]/usr/bin/git submodule foreach --recursive sh -c "git config --local --name-only --get-regexp 'http\.https\:\/\/github\.com\/\.extraheader' && git config --local --unset-all 'http.https://github.com/.extraheader' || :"
end-workflow	Complete job	﻿2025-06-26T08:35:07.0955250Z Cleaning up orphan processes
