job-core	Set up job	ï»¿2025-07-01T14:09:17.8651676Z Current runner version: '2.325.0'
job-core	Set up job	2025-07-01T14:09:17.8659781Z Runner name: 'ka0s-version-2'
job-core	Set up job	2025-07-01T14:09:17.8660453Z Runner group name: 'version'
job-core	Set up job	2025-07-01T14:09:17.8661234Z Machine name: '272a91492f71'
job-core	Set up job	2025-07-01T14:09:17.8663580Z ##[group]GITHUB_TOKEN Permissions
job-core	Set up job	2025-07-01T14:09:17.8665894Z Actions: write
job-core	Set up job	2025-07-01T14:09:17.8666352Z Contents: write
job-core	Set up job	2025-07-01T14:09:17.8666773Z Issues: write
job-core	Set up job	2025-07-01T14:09:17.8667178Z Metadata: read
job-core	Set up job	2025-07-01T14:09:17.8667581Z ##[endgroup]
job-core	Set up job	2025-07-01T14:09:17.8670203Z Secret source: Actions
job-core	Set up job	2025-07-01T14:09:17.8670818Z Prepare workflow directory
job-core	Set up job	2025-07-01T14:09:17.9386751Z Prepare all required actions
job-core	Set up job	2025-07-01T14:09:17.9434137Z Getting action download info
job-core	Set up job	2025-07-01T14:09:18.4611410Z Download action repository 'actions/checkout@v4' (SHA:11bd71901bbe5b1630ceea73d27597364c9af683)
job-core	Set up job	2025-07-01T14:09:19.3494130Z Complete job name: job-core
job-core	Checkout code	ï»¿2025-07-01T14:09:19.3992933Z ##[group]Run actions/checkout@v4
job-core	Checkout code	2025-07-01T14:09:19.3994007Z with:
job-core	Checkout code	2025-07-01T14:09:19.3994397Z   fetch-depth: 0
job-core	Checkout code	2025-07-01T14:09:19.3995106Z   token: ***
job-core	Checkout code	2025-07-01T14:09:19.3995510Z   repository: Ka0s-Klaus/ka0s
job-core	Checkout code	2025-07-01T14:09:19.3995977Z   ssh-strict: true
job-core	Checkout code	2025-07-01T14:09:19.3996370Z   ssh-user: git
job-core	Checkout code	2025-07-01T14:09:19.3996780Z   persist-credentials: true
job-core	Checkout code	2025-07-01T14:09:19.3997228Z   clean: true
job-core	Checkout code	2025-07-01T14:09:19.3997637Z   sparse-checkout-cone-mode: true
job-core	Checkout code	2025-07-01T14:09:19.3998135Z   fetch-tags: false
job-core	Checkout code	2025-07-01T14:09:19.3998634Z   show-progress: true
job-core	Checkout code	2025-07-01T14:09:19.3999043Z   lfs: false
job-core	Checkout code	2025-07-01T14:09:19.3999416Z   submodules: false
job-core	Checkout code	2025-07-01T14:09:19.4022060Z   set-safe-directory: true
job-core	Checkout code	2025-07-01T14:09:19.4023565Z env:
job-core	Checkout code	2025-07-01T14:09:19.4023959Z   KAOS_MODULE: [Ka0S] VERSION
job-core	Checkout code	2025-07-01T14:09:19.4024668Z   GH_TOKEN: ***
job-core	Checkout code	2025-07-01T14:09:19.4025076Z   PATH_RESUME: core/config/
job-core	Checkout code	2025-07-01T14:09:19.4025561Z   KAOS_REPO: /actions-runner/_work/kaos/kaos
job-core	Checkout code	2025-07-01T14:09:19.4026091Z   KAOS_STEP_MODULE: 
job-core	Checkout code	2025-07-01T14:09:19.4026563Z   KAOS_CODE: 16001737073
job-core	Checkout code	2025-07-01T14:09:19.4026981Z   GH_VERSION: 
job-core	Checkout code	2025-07-01T14:09:19.4027372Z ##[endgroup]
job-core	Checkout code	2025-07-01T14:09:19.5176580Z Syncing repository: Ka0s-Klaus/ka0s
job-core	Checkout code	2025-07-01T14:09:19.5179088Z ##[group]Getting Git version info
job-core	Checkout code	2025-07-01T14:09:19.5179902Z Working directory is '/actions-runner/_work/ka0s/ka0s'
job-core	Checkout code	2025-07-01T14:09:19.5180796Z [command]/usr/bin/git version
job-core	Checkout code	2025-07-01T14:09:19.5181299Z git version 2.43.0
job-core	Checkout code	2025-07-01T14:09:19.5206532Z ##[endgroup]
job-core	Checkout code	2025-07-01T14:09:19.5217734Z Copying '/home/kaos/.gitconfig' to '/actions-runner/_work/_temp/79afd1a8-db0f-49dd-bee4-e1748f0fb234/.gitconfig'
job-core	Checkout code	2025-07-01T14:09:19.5238072Z Temporarily overriding HOME='/actions-runner/_work/_temp/79afd1a8-db0f-49dd-bee4-e1748f0fb234' before making global git config changes
job-core	Checkout code	2025-07-01T14:09:19.5239844Z Adding repository directory to the temporary git global config as a safe directory
job-core	Checkout code	2025-07-01T14:09:19.5244687Z [command]/usr/bin/git config --global --add safe.directory /actions-runner/_work/ka0s/ka0s
job-core	Checkout code	2025-07-01T14:09:19.5286083Z [command]/usr/bin/git config --local --get remote.origin.url
job-core	Checkout code	2025-07-01T14:09:19.5307808Z https://github.com/Ka0s-Klaus/ka0s
job-core	Checkout code	2025-07-01T14:09:19.5327721Z ##[group]Removing previously created refs, to avoid conflicts
job-core	Checkout code	2025-07-01T14:09:19.5333063Z [command]/usr/bin/git rev-parse --symbolic-full-name --verify --quiet HEAD
job-core	Checkout code	2025-07-01T14:09:19.5355813Z HEAD
job-core	Checkout code	2025-07-01T14:09:19.5399976Z ##[endgroup]
job-core	Checkout code	2025-07-01T14:09:19.5402910Z [command]/usr/bin/git submodule status
job-core	Checkout code	2025-07-01T14:09:19.5647274Z ##[group]Cleaning the repository
job-core	Checkout code	2025-07-01T14:09:19.5651661Z [command]/usr/bin/git clean -ffdx
job-core	Checkout code	2025-07-01T14:09:19.5707442Z [command]/usr/bin/git reset --hard HEAD
job-core	Checkout code	2025-07-01T14:09:19.5787253Z HEAD is now at c72e3632 [Ka0S] VERSION  Upload: CHANGELOG.md, INDEX.md with version 0.2.0
job-core	Checkout code	2025-07-01T14:09:19.5793257Z ##[endgroup]
job-core	Checkout code	2025-07-01T14:09:19.5794244Z ##[group]Disabling automatic garbage collection
job-core	Checkout code	2025-07-01T14:09:19.5801587Z [command]/usr/bin/git config --local gc.auto 0
job-core	Checkout code	2025-07-01T14:09:19.5832537Z ##[endgroup]
job-core	Checkout code	2025-07-01T14:09:19.5833297Z ##[group]Setting up auth
job-core	Checkout code	2025-07-01T14:09:19.5838756Z [command]/usr/bin/git config --local --name-only --get-regexp core\.sshCommand
job-core	Checkout code	2025-07-01T14:09:19.5873332Z [command]/usr/bin/git submodule foreach --recursive sh -c "git config --local --name-only --get-regexp 'core\.sshCommand' && git config --local --unset-all 'core.sshCommand' || :"
job-core	Checkout code	2025-07-01T14:09:19.6136214Z [command]/usr/bin/git config --local --name-only --get-regexp http\.https\:\/\/github\.com\/\.extraheader
job-core	Checkout code	2025-07-01T14:09:19.6167020Z [command]/usr/bin/git submodule foreach --recursive sh -c "git config --local --name-only --get-regexp 'http\.https\:\/\/github\.com\/\.extraheader' && git config --local --unset-all 'http.https://github.com/.extraheader' || :"
job-core	Checkout code	2025-07-01T14:09:19.6418824Z [command]/usr/bin/git config --local http.https://github.com/.extraheader AUTHORIZATION: basic ***
job-core	Checkout code	2025-07-01T14:09:19.6465806Z ##[endgroup]
job-core	Checkout code	2025-07-01T14:09:19.6466678Z ##[group]Fetching the repository
job-core	Checkout code	2025-07-01T14:09:19.6475396Z [command]/usr/bin/git -c protocol.version=2 fetch --prune --no-recurse-submodules origin +refs/heads/*:refs/remotes/origin/* +refs/tags/*:refs/tags/* +a8712dbdaacebf4d9c2002e9dc3302d1a9cc61d9:refs/remotes/pull/1269/merge
job-core	Checkout code	2025-07-01T14:09:20.5853339Z From https://github.com/Ka0s-Klaus/ka0s
job-core	Checkout code	2025-07-01T14:09:20.5855896Z    c72e3632..b7facc51  F1224-new-module-mongodb -> origin/F1224-new-module-mongodb
job-core	Checkout code	2025-07-01T14:09:20.5857090Z  * [new branch]        H1224-new-module-mongodb -> origin/H1224-new-module-mongodb
job-core	Checkout code	2025-07-01T14:09:20.5858400Z    b5f78cb4..a0dd341c  H86-modulo-wazuh -> origin/H86-modulo-wazuh
job-core	Checkout code	2025-07-01T14:09:20.5859321Z    feba1b9a..3421c7e5  main             -> origin/main
job-core	Checkout code	2025-07-01T14:09:20.5860123Z  * [new tag]           0.3.0            -> 0.3.0
job-core	Checkout code	2025-07-01T14:09:20.5861001Z  * [new ref]           a8712dbdaacebf4d9c2002e9dc3302d1a9cc61d9 -> pull/1269/merge
job-core	Checkout code	2025-07-01T14:09:20.5920689Z ##[endgroup]
job-core	Checkout code	2025-07-01T14:09:20.5921861Z ##[group]Determining the checkout info
job-core	Checkout code	2025-07-01T14:09:20.5923001Z ##[endgroup]
job-core	Checkout code	2025-07-01T14:09:20.5923643Z [command]/usr/bin/git sparse-checkout disable
job-core	Checkout code	2025-07-01T14:09:20.5982151Z [command]/usr/bin/git config --local --unset-all extensions.worktreeConfig
job-core	Checkout code	2025-07-01T14:09:20.6022014Z ##[group]Checking out the ref
job-core	Checkout code	2025-07-01T14:09:20.6029628Z [command]/usr/bin/git checkout --progress --force refs/remotes/pull/1269/merge
job-core	Checkout code	2025-07-01T14:09:20.6216554Z Previous HEAD position was c72e3632 [Ka0S] VERSION  Upload: CHANGELOG.md, INDEX.md with version 0.2.0
job-core	Checkout code	2025-07-01T14:09:20.6232899Z HEAD is now at a8712dbd Merge 23957e01e8d0e94ac433cacaa65f807955d559bb into 3421c7e57efeb8cb9babfd735fc90fa7b4728f70
job-core	Checkout code	2025-07-01T14:09:20.6235729Z ##[endgroup]
job-core	Checkout code	2025-07-01T14:09:20.6270460Z [command]/usr/bin/git log -1 --format=%H
job-core	Checkout code	2025-07-01T14:09:20.6301965Z a8712dbdaacebf4d9c2002e9dc3302d1a9cc61d9
job-core	Get commit details	ï»¿2025-07-01T14:09:20.6543482Z ##[group]Run RNNUMBER=$(echo "H1224 new module mongodb" | grep -o '[0-9]*')
job-core	Get commit details	2025-07-01T14:09:20.6544706Z [36;1mRNNUMBER=$(echo "H1224 new module mongodb" | grep -o '[0-9]*')[0m
job-core	Get commit details	2025-07-01T14:09:20.6545723Z [36;1mgh issue comment $RNNUMBER --body "Se inicia Version 16001737073"[0m
job-core	Get commit details	2025-07-01T14:09:20.6547078Z [36;1mecho "GH_VERSION=$(gh api repos/:owner/:repo/git/matching-refs/tags --jq '.[-1].ref' | sed 's|refs/tags/||')" >> $GITHUB_ENV[0m
job-core	Get commit details	2025-07-01T14:09:20.6548651Z [36;1mecho "AUTHOR_NAME=$(git log -1 --pretty=format:'%an')" >> $GITHUB_OUTPUT[0m
job-core	Get commit details	2025-07-01T14:09:20.6549824Z [36;1mecho "AUTHOR_EMAIL=$(git log -1 --pretty=format:'%ae')" >> $GITHUB_OUTPUT[0m
job-core	Get commit details	2025-07-01T14:09:20.6550847Z [36;1mecho "COMMIT_MESSAGE=H1224 new module mongodb" >> $GITHUB_OUTPUT[0m
job-core	Get commit details	2025-07-01T14:09:20.6551834Z [36;1mRNBRANCH=$(echo "H1224 new module mongodb" | grep -o '^[A-Za-z]*')[0m
job-core	Get commit details	2025-07-01T14:09:20.6552787Z [36;1mRNNUMBER=$(echo "H1224 new module mongodb" | grep -o '[0-9]*')[0m
job-core	Get commit details	2025-07-01T14:09:20.6553604Z [36;1mecho "Extracted RN Branch: $RNBRANCH"[0m
job-core	Get commit details	2025-07-01T14:09:20.6554360Z [36;1mecho "Extracted RN Number: $RNNUMBER"[0m
job-core	Get commit details	2025-07-01T14:09:20.6573721Z [36;1mecho "RNBRANCH=$RNBRANCH" >> $GITHUB_OUTPUT[0m
job-core	Get commit details	2025-07-01T14:09:20.6574876Z [36;1mecho "RNNUMBER=$RNNUMBER" >> $GITHUB_OUTPUT [0m
job-core	Get commit details	2025-07-01T14:09:20.6586187Z shell: /usr/bin/bash -e {0}
job-core	Get commit details	2025-07-01T14:09:20.6586766Z env:
job-core	Get commit details	2025-07-01T14:09:20.6587202Z   KAOS_MODULE: [Ka0S] VERSION
job-core	Get commit details	2025-07-01T14:09:20.6588020Z   GH_TOKEN: ***
job-core	Get commit details	2025-07-01T14:09:20.6589017Z   PATH_RESUME: core/config/
job-core	Get commit details	2025-07-01T14:09:20.6589579Z   KAOS_REPO: /actions-runner/_work/kaos/kaos
job-core	Get commit details	2025-07-01T14:09:20.6590190Z   KAOS_STEP_MODULE: 
job-core	Get commit details	2025-07-01T14:09:20.6590683Z   KAOS_CODE: 16001737073
job-core	Get commit details	2025-07-01T14:09:20.6591194Z   GH_VERSION: 
job-core	Get commit details	2025-07-01T14:09:20.6591629Z ##[endgroup]
job-core	Get commit details	2025-07-01T14:09:21.8724349Z https://github.com/Ka0s-Klaus/ka0s/issues/1224#issuecomment-3024209650
job-core	Get commit details	2025-07-01T14:09:22.4725157Z Extracted RN Branch: H
job-core	Get commit details	2025-07-01T14:09:22.4729578Z Extracted RN Number: 1224
job-core	Get version	ï»¿2025-07-01T14:09:22.4826466Z ##[group]Run if [ ! -f 0.3.0 ]; then echo "0.3.0" > version.txt; fi
job-core	Get version	2025-07-01T14:09:22.4827310Z [36;1mif [ ! -f 0.3.0 ]; then echo "0.3.0" > version.txt; fi[0m
job-core	Get version	2025-07-01T14:09:22.4827881Z [36;1mVERSION=0.3.0[0m
job-core	Get version	2025-07-01T14:09:22.4828496Z [36;1mIFS='.' read -r MAJOR MINOR PATCH <<< "$VERSION"[0m
job-core	Get version	2025-07-01T14:09:22.4829063Z [36;1mif [[ "H" =~ (H) ]]; then[0m
job-core	Get version	2025-07-01T14:09:22.4829531Z [36;1m  PATCH=$((PATCH + 1))[0m
job-core	Get version	2025-07-01T14:09:22.4829982Z [36;1melif [[ "H" =~ (F) ]]; then[0m
job-core	Get version	2025-07-01T14:09:22.4830449Z [36;1m  MINOR=$((MINOR + 1))[0m
job-core	Get version	2025-07-01T14:09:22.4830889Z [36;1m  PATCH=0[0m
job-core	Get version	2025-07-01T14:09:22.4831286Z [36;1melif [[ "H" =~ (RN) ]]; then[0m
job-core	Get version	2025-07-01T14:09:22.4831764Z [36;1m  MAJOR=$((MAJOR + 1))[0m
job-core	Get version	2025-07-01T14:09:22.4832197Z [36;1m  MINOR=0[0m
job-core	Get version	2025-07-01T14:09:22.4832618Z [36;1m  PATCH=0[0m
job-core	Get version	2025-07-01T14:09:22.4832998Z [36;1mfi[0m
job-core	Get version	2025-07-01T14:09:22.4833345Z [36;1m[0m
job-core	Get version	2025-07-01T14:09:22.4833734Z [36;1mNEW_VERSION="$MAJOR.$MINOR.$PATCH"[0m
job-core	Get version	2025-07-01T14:09:22.4834379Z [36;1mecho "VERSION=$NEW_VERSION" >> $GITHUB_OUTPUT[0m
job-core	Get version	2025-07-01T14:09:22.4834986Z [36;1mecho "GH_VERSION=$NEW_VERSION" >> $GITHUB_ENV[0m
job-core	Get version	2025-07-01T14:09:22.4844491Z shell: /usr/bin/bash -e {0}
job-core	Get version	2025-07-01T14:09:22.4844975Z env:
job-core	Get version	2025-07-01T14:09:22.4845361Z   KAOS_MODULE: [Ka0S] VERSION
job-core	Get version	2025-07-01T14:09:22.4846266Z   GH_TOKEN: ***
job-core	Get version	2025-07-01T14:09:22.4846667Z   PATH_RESUME: core/config/
job-core	Get version	2025-07-01T14:09:22.4847152Z   KAOS_REPO: /actions-runner/_work/kaos/kaos
job-core	Get version	2025-07-01T14:09:22.4847658Z   KAOS_STEP_MODULE: 
job-core	Get version	2025-07-01T14:09:22.4848050Z   KAOS_CODE: 16001737073
job-core	Get version	2025-07-01T14:09:22.4848582Z   GH_VERSION: 0.3.0
job-core	Get version	2025-07-01T14:09:22.4848995Z ##[endgroup]
job-core	Get changed files	ï»¿2025-07-01T14:09:22.5009677Z ##[group]Run CHANGED_FILES=$(git diff --name-only HEAD~1 | tr '\n' ' ')
job-core	Get changed files	2025-07-01T14:09:22.5010304Z [36;1mCHANGED_FILES=$(git diff --name-only HEAD~1 | tr '\n' ' ')[0m
job-core	Get changed files	2025-07-01T14:09:22.5010791Z [36;1mecho "CHANGED_FILES=$CHANGED_FILES" >> $GITHUB_OUTPUT[0m
job-core	Get changed files	2025-07-01T14:09:22.5016997Z shell: /usr/bin/bash -e {0}
job-core	Get changed files	2025-07-01T14:09:22.5017308Z env:
job-core	Get changed files	2025-07-01T14:09:22.5017554Z   KAOS_MODULE: [Ka0S] VERSION
job-core	Get changed files	2025-07-01T14:09:22.5018062Z   GH_TOKEN: ***
job-core	Get changed files	2025-07-01T14:09:22.5018388Z   PATH_RESUME: core/config/
job-core	Get changed files	2025-07-01T14:09:22.5018729Z   KAOS_REPO: /actions-runner/_work/kaos/kaos
job-core	Get changed files	2025-07-01T14:09:22.5019069Z   KAOS_STEP_MODULE: 
job-core	Get changed files	2025-07-01T14:09:22.5019340Z   KAOS_CODE: 16001737073
job-core	Get changed files	2025-07-01T14:09:22.5019614Z   GH_VERSION: 0.3.1
job-core	Get changed files	2025-07-01T14:09:22.5019866Z ##[endgroup]
job-core	Update changelog	ï»¿2025-07-01T14:09:22.5177060Z ##[group]Run echo "## Version 0.3.1" >> CHANGELOG.md
job-core	Update changelog	2025-07-01T14:09:22.5177548Z [36;1mecho "## Version 0.3.1" >> CHANGELOG.md[0m
job-core	Update changelog	2025-07-01T14:09:22.5177958Z [36;1mecho "- **Branch**: refs/pull/1269/merge" >> CHANGELOG.md[0m
job-core	Update changelog	2025-07-01T14:09:22.5179072Z [36;1mecho "- **Commit**: $(git log -1 --pretty=format:'%s' 23957e01e8d0e94ac433cacaa65f807955d559bb)" >> CHANGELOG.md[0m
job-core	Update changelog	2025-07-01T14:09:22.5179645Z [36;1mecho "- **Author**: Ka0s" >> CHANGELOG.md[0m
job-core	Update changelog	2025-07-01T14:09:22.5180021Z [36;1mecho "- **Date**: $(date -u)" >> CHANGELOG.md[0m
job-core	Update changelog	2025-07-01T14:09:22.5180448Z [36;1mecho "- **Message**: H1224 new module mongodb" >> CHANGELOG.md[0m
job-core	Update changelog	2025-07-01T14:09:22.5180886Z [36;1mecho "- **Files Changed**:" >> CHANGELOG.md[0m
job-core	Update changelog	2025-07-01T14:09:22.5181874Z [36;1mfor file in .github/workflows/status-db.yml audit/kaos/16001729249.json version.txt ; do echo "  - $file" >> CHANGELOG.md; done[0m
job-core	Update changelog	2025-07-01T14:09:22.5182562Z [36;1mecho "---------------------------------" >> CHANGELOG.md[0m
job-core	Update changelog	2025-07-01T14:09:22.5189158Z shell: /usr/bin/bash -e {0}
job-core	Update changelog	2025-07-01T14:09:22.5189452Z env:
job-core	Update changelog	2025-07-01T14:09:22.5189677Z   KAOS_MODULE: [Ka0S] VERSION
job-core	Update changelog	2025-07-01T14:09:22.5190179Z   GH_TOKEN: ***
job-core	Update changelog	2025-07-01T14:09:22.5190428Z   PATH_RESUME: core/config/
job-core	Update changelog	2025-07-01T14:09:22.5190729Z   KAOS_REPO: /actions-runner/_work/kaos/kaos
job-core	Update changelog	2025-07-01T14:09:22.5191053Z   KAOS_STEP_MODULE: 
job-core	Update changelog	2025-07-01T14:09:22.5191303Z   KAOS_CODE: 16001737073
job-core	Update changelog	2025-07-01T14:09:22.5191553Z   GH_VERSION: 0.3.1
job-core	Update changelog	2025-07-01T14:09:22.5191791Z   VERSION: 0.3.1
job-core	Update changelog	2025-07-01T14:09:22.5192196Z   CHANGE_FILES: .github/workflows/status-db.yml audit/kaos/16001729249.json version.txt 
job-core	Update changelog	2025-07-01T14:09:22.5192664Z   NAME: Ka0s
job-core	Update changelog	2025-07-01T14:09:22.5192944Z   EMAIL: ***
job-core	Update changelog	2025-07-01T14:09:22.5193260Z   MESSAGE: H1224 new module mongodb
job-core	Update changelog	2025-07-01T14:09:22.5193566Z ##[endgroup]
job-core	Push log, tag and index	ï»¿2025-07-01T14:09:22.5313968Z ##[group]Run git config --global user.name '***'
job-core	Push log, tag and index	2025-07-01T14:09:22.5314578Z [36;1mgit config --global user.name '***'[0m
job-core	Push log, tag and index	2025-07-01T14:09:22.5315277Z [36;1mgit config --global user.email '***'[0m
job-core	Push log, tag and index	2025-07-01T14:09:22.5315722Z [36;1mgit tag -a "0.3.1" -m "[Ka0S] VERSION NEW Ka0S version 0.3.1"[0m
job-core	Push log, tag and index	2025-07-01T14:09:22.5316148Z [36;1mgit push origin "0.3.1"[0m
job-core	Push log, tag and index	2025-07-01T14:09:22.5316550Z [36;1mif [ ! -f INDEX.md ]; then echo "# Version Index" > INDEX.md; fi[0m
job-core	Push log, tag and index	2025-07-01T14:09:22.5317210Z [36;1mecho "- **Version**: 0.3.1 - **Description**: H1224 new module mongodb" >> INDEX.md[0m
job-core	Push log, tag and index	2025-07-01T14:09:22.5317681Z [36;1mgit add INDEX.md CHANGELOG.md[0m
job-core	Push log, tag and index	2025-07-01T14:09:22.5318157Z [36;1mgit commit -m "[Ka0S] VERSION  Upload: CHANGELOG.md, INDEX.md with version 0.3.1"[0m
job-core	Push log, tag and index	2025-07-01T14:09:22.5319013Z [36;1mgit push origin HEAD:H1224-new-module-mongodb[0m
job-core	Push log, tag and index	2025-07-01T14:09:22.5325116Z shell: /usr/bin/bash -e {0}
job-core	Push log, tag and index	2025-07-01T14:09:22.5325437Z env:
job-core	Push log, tag and index	2025-07-01T14:09:22.5325689Z   KAOS_MODULE: [Ka0S] VERSION
job-core	Push log, tag and index	2025-07-01T14:09:22.5326188Z   GH_TOKEN: ***
job-core	Push log, tag and index	2025-07-01T14:09:22.5326452Z   PATH_RESUME: core/config/
job-core	Push log, tag and index	2025-07-01T14:09:22.5326765Z   KAOS_REPO: /actions-runner/_work/kaos/kaos
job-core	Push log, tag and index	2025-07-01T14:09:22.5327099Z   KAOS_STEP_MODULE: 
job-core	Push log, tag and index	2025-07-01T14:09:22.5327361Z   KAOS_CODE: 16001737073
job-core	Push log, tag and index	2025-07-01T14:09:22.5327630Z   GH_VERSION: 0.3.1
job-core	Push log, tag and index	2025-07-01T14:09:22.5327902Z   USER_NAME: ***
job-core	Push log, tag and index	2025-07-01T14:09:22.5328176Z   USER_EMAIL: ***
job-core	Push log, tag and index	2025-07-01T14:09:22.5328747Z ##[endgroup]
job-core	Push log, tag and index	2025-07-01T14:09:23.4039038Z To https://github.com/Ka0s-Klaus/ka0s
job-core	Push log, tag and index	2025-07-01T14:09:23.4039464Z  * [new tag]           0.3.1 -> 0.3.1
job-core	Push log, tag and index	2025-07-01T14:09:23.4266501Z [detached HEAD 05edda6b] [Ka0S] VERSION  Upload: CHANGELOG.md, INDEX.md with version 0.3.1
job-core	Push log, tag and index	2025-07-01T14:09:23.4267104Z  2 files changed, 12 insertions(+)
job-core	Push log, tag and index	2025-07-01T14:09:24.4288445Z To https://github.com/Ka0s-Klaus/ka0s
job-core	Push log, tag and index	2025-07-01T14:09:24.4288930Z    23957e01..05edda6b  HEAD -> H1224-new-module-mongodb
job-core	Post Checkout code	ï»¿2025-07-01T14:09:24.4430547Z Post job cleanup.
job-core	Post Checkout code	2025-07-01T14:09:24.5453667Z [command]/usr/bin/git version
job-core	Post Checkout code	2025-07-01T14:09:24.5492438Z git version 2.43.0
job-core	Post Checkout code	2025-07-01T14:09:24.5531538Z Copying '/home/kaos/.gitconfig' to '/actions-runner/_work/_temp/5d1abf68-0d1a-4e4b-a470-f1e865c0c659/.gitconfig'
job-core	Post Checkout code	2025-07-01T14:09:24.5547273Z Temporarily overriding HOME='/actions-runner/_work/_temp/5d1abf68-0d1a-4e4b-a470-f1e865c0c659' before making global git config changes
job-core	Post Checkout code	2025-07-01T14:09:24.5548440Z Adding repository directory to the temporary git global config as a safe directory
job-core	Post Checkout code	2025-07-01T14:09:24.5562051Z [command]/usr/bin/git config --global --add safe.directory /actions-runner/_work/ka0s/ka0s
job-core	Post Checkout code	2025-07-01T14:09:24.5599249Z [command]/usr/bin/git config --local --name-only --get-regexp core\.sshCommand
job-core	Post Checkout code	2025-07-01T14:09:24.5635933Z [command]/usr/bin/git submodule foreach --recursive sh -c "git config --local --name-only --get-regexp 'core\.sshCommand' && git config --local --unset-all 'core.sshCommand' || :"
job-core	Post Checkout code	2025-07-01T14:09:24.5887953Z [command]/usr/bin/git config --local --name-only --get-regexp http\.https\:\/\/github\.com\/\.extraheader
job-core	Post Checkout code	2025-07-01T14:09:24.5919514Z http.https://github.com/.extraheader
job-core	Post Checkout code	2025-07-01T14:09:24.5925895Z [command]/usr/bin/git config --local --unset-all http.https://github.com/.extraheader
job-core	Post Checkout code	2025-07-01T14:09:24.5961640Z [command]/usr/bin/git submodule foreach --recursive sh -c "git config --local --name-only --get-regexp 'http\.https\:\/\/github\.com\/\.extraheader' && git config --local --unset-all 'http.https://github.com/.extraheader' || :"
job-core	Complete job	ï»¿2025-07-01T14:09:24.6322652Z Evaluate and set job outputs
job-core	Complete job	2025-07-01T14:09:24.6329679Z Set output 'KAOS_BRANCH'
job-core	Complete job	2025-07-01T14:09:24.6331618Z Set output 'KAOS_NUMBER'
job-core	Complete job	2025-07-01T14:09:24.6332280Z Set output 'KAOS_VERSION'
job-core	Complete job	2025-07-01T14:09:24.6332733Z Set output 'KAOS_FILES'
job-core	Complete job	2025-07-01T14:09:24.6333030Z Set output 'AUTHOR_NAME'
job-core	Complete job	2025-07-01T14:09:24.6341964Z ##[warning]Skip output 'AUTHOR_EMAIL' since it may contain secret.
job-core	Complete job	2025-07-01T14:09:24.6348820Z Set output 'COMMIT_MESSAGE'
job-core	Complete job	2025-07-01T14:09:24.6349576Z Cleaning up orphan processes
handle-success	Set up job	ï»¿2025-07-01T14:09:31.5152092Z Current runner version: '2.325.0'
handle-success	Set up job	2025-07-01T14:09:31.5159139Z Runner name: 'ka0s-ka0s-4'
handle-success	Set up job	2025-07-01T14:09:31.5159850Z Runner group name: 'ka0s'
handle-success	Set up job	2025-07-01T14:09:31.5160722Z Machine name: '329efbf9b9e5'
handle-success	Set up job	2025-07-01T14:09:31.5163418Z ##[group]GITHUB_TOKEN Permissions
handle-success	Set up job	2025-07-01T14:09:31.5217671Z Actions: write
handle-success	Set up job	2025-07-01T14:09:31.5218678Z Contents: write
handle-success	Set up job	2025-07-01T14:09:31.5219241Z Issues: write
handle-success	Set up job	2025-07-01T14:09:31.5219650Z Metadata: read
handle-success	Set up job	2025-07-01T14:09:31.5220053Z ##[endgroup]
handle-success	Set up job	2025-07-01T14:09:31.5222938Z Secret source: Actions
handle-success	Set up job	2025-07-01T14:09:31.5223496Z Prepare workflow directory
handle-success	Set up job	2025-07-01T14:09:31.5852786Z Prepare all required actions
handle-success	Set up job	2025-07-01T14:09:31.5897206Z Getting action download info
handle-success	Set up job	2025-07-01T14:09:32.0921779Z Download action repository 'actions/checkout@v4' (SHA:11bd71901bbe5b1630ceea73d27597364c9af683)
handle-success	Set up job	2025-07-01T14:09:32.8175994Z Complete job name: handle-success
handle-success	Checkout code	ï»¿2025-07-01T14:09:32.8627318Z ##[group]Run actions/checkout@v4
handle-success	Checkout code	2025-07-01T14:09:32.8628183Z with:
handle-success	Checkout code	2025-07-01T14:09:32.8628914Z   fetch-depth: 0
handle-success	Checkout code	2025-07-01T14:09:32.8629598Z   token: ***
handle-success	Checkout code	2025-07-01T14:09:32.8630003Z   repository: Ka0s-Klaus/ka0s
handle-success	Checkout code	2025-07-01T14:09:32.8630475Z   ssh-strict: true
handle-success	Checkout code	2025-07-01T14:09:32.8630868Z   ssh-user: git
handle-success	Checkout code	2025-07-01T14:09:32.8631274Z   persist-credentials: true
handle-success	Checkout code	2025-07-01T14:09:32.8631723Z   clean: true
handle-success	Checkout code	2025-07-01T14:09:32.8632131Z   sparse-checkout-cone-mode: true
handle-success	Checkout code	2025-07-01T14:09:32.8632616Z   fetch-tags: false
handle-success	Checkout code	2025-07-01T14:09:32.8633018Z   show-progress: true
handle-success	Checkout code	2025-07-01T14:09:32.8633430Z   lfs: false
handle-success	Checkout code	2025-07-01T14:09:32.8633798Z   submodules: false
handle-success	Checkout code	2025-07-01T14:09:32.8634229Z   set-safe-directory: true
handle-success	Checkout code	2025-07-01T14:09:32.8634896Z env:
handle-success	Checkout code	2025-07-01T14:09:32.8635280Z   KAOS_MODULE: [Ka0S] VERSION
handle-success	Checkout code	2025-07-01T14:09:32.8635885Z   GH_TOKEN: ***
handle-success	Checkout code	2025-07-01T14:09:32.8636292Z   PATH_RESUME: core/config/
handle-success	Checkout code	2025-07-01T14:09:32.8636780Z   KAOS_REPO: /actions-runner/_work/kaos/kaos
handle-success	Checkout code	2025-07-01T14:09:32.8637309Z   KAOS_STEP_MODULE: 
handle-success	Checkout code	2025-07-01T14:09:32.8637755Z   KAOS_CODE: 16001737073
handle-success	Checkout code	2025-07-01T14:09:32.8638177Z   GH_VERSION: 
handle-success	Checkout code	2025-07-01T14:09:32.8638793Z ##[endgroup]
handle-success	Checkout code	2025-07-01T14:09:32.9788722Z Syncing repository: Ka0s-Klaus/ka0s
handle-success	Checkout code	2025-07-01T14:09:32.9790939Z ##[group]Getting Git version info
handle-success	Checkout code	2025-07-01T14:09:32.9791636Z Working directory is '/actions-runner/_work/ka0s/ka0s'
handle-success	Checkout code	2025-07-01T14:09:32.9792588Z [command]/usr/bin/git version
handle-success	Checkout code	2025-07-01T14:09:32.9793223Z git version 2.43.0
handle-success	Checkout code	2025-07-01T14:09:32.9794939Z ##[endgroup]
handle-success	Checkout code	2025-07-01T14:09:32.9808819Z Copying '/home/kaos/.gitconfig' to '/actions-runner/_work/_temp/4d7d4cb9-f92d-4cf7-b8ea-2a559e66592e/.gitconfig'
handle-success	Checkout code	2025-07-01T14:09:32.9823655Z Temporarily overriding HOME='/actions-runner/_work/_temp/4d7d4cb9-f92d-4cf7-b8ea-2a559e66592e' before making global git config changes
handle-success	Checkout code	2025-07-01T14:09:32.9828600Z Adding repository directory to the temporary git global config as a safe directory
handle-success	Checkout code	2025-07-01T14:09:32.9829878Z [command]/usr/bin/git config --global --add safe.directory /actions-runner/_work/ka0s/ka0s
handle-success	Checkout code	2025-07-01T14:09:32.9870505Z [command]/usr/bin/git config --local --get remote.origin.url
handle-success	Checkout code	2025-07-01T14:09:32.9892913Z https://github.com/Ka0s-Klaus/ka0s
handle-success	Checkout code	2025-07-01T14:09:32.9913505Z ##[group]Removing previously created refs, to avoid conflicts
handle-success	Checkout code	2025-07-01T14:09:32.9918026Z [command]/usr/bin/git rev-parse --symbolic-full-name --verify --quiet HEAD
handle-success	Checkout code	2025-07-01T14:09:32.9942054Z refs/heads/H1224-new-module-mongodb
handle-success	Checkout code	2025-07-01T14:09:32.9952976Z [command]/usr/bin/git checkout --detach
handle-success	Checkout code	2025-07-01T14:09:33.0028950Z HEAD is now at 6cbe55e2 Corregimos ruta y hacemos pruebas
handle-success	Checkout code	2025-07-01T14:09:33.0074092Z [command]/usr/bin/git branch --delete --force H1224-new-module-mongodb
handle-success	Checkout code	2025-07-01T14:09:33.0106463Z Deleted branch H1224-new-module-mongodb (was 6cbe55e2).
handle-success	Checkout code	2025-07-01T14:09:33.0111841Z ##[endgroup]
handle-success	Checkout code	2025-07-01T14:09:33.0115819Z [command]/usr/bin/git submodule status
handle-success	Checkout code	2025-07-01T14:09:33.0368562Z ##[group]Cleaning the repository
handle-success	Checkout code	2025-07-01T14:09:33.0370213Z [command]/usr/bin/git clean -ffdx
handle-success	Checkout code	2025-07-01T14:09:33.0427604Z [command]/usr/bin/git reset --hard HEAD
handle-success	Checkout code	2025-07-01T14:09:33.0507449Z HEAD is now at 6cbe55e2 Corregimos ruta y hacemos pruebas
handle-success	Checkout code	2025-07-01T14:09:33.0521442Z ##[endgroup]
handle-success	Checkout code	2025-07-01T14:09:33.0522311Z ##[group]Disabling automatic garbage collection
handle-success	Checkout code	2025-07-01T14:09:33.0523022Z [command]/usr/bin/git config --local gc.auto 0
handle-success	Checkout code	2025-07-01T14:09:33.0551184Z ##[endgroup]
handle-success	Checkout code	2025-07-01T14:09:33.0552015Z ##[group]Setting up auth
handle-success	Checkout code	2025-07-01T14:09:33.0567405Z [command]/usr/bin/git config --local --name-only --get-regexp core\.sshCommand
handle-success	Checkout code	2025-07-01T14:09:33.0600986Z [command]/usr/bin/git submodule foreach --recursive sh -c "git config --local --name-only --get-regexp 'core\.sshCommand' && git config --local --unset-all 'core.sshCommand' || :"
handle-success	Checkout code	2025-07-01T14:09:33.0851181Z [command]/usr/bin/git config --local --name-only --get-regexp http\.https\:\/\/github\.com\/\.extraheader
handle-success	Checkout code	2025-07-01T14:09:33.0883088Z [command]/usr/bin/git submodule foreach --recursive sh -c "git config --local --name-only --get-regexp 'http\.https\:\/\/github\.com\/\.extraheader' && git config --local --unset-all 'http.https://github.com/.extraheader' || :"
handle-success	Checkout code	2025-07-01T14:09:33.1133467Z [command]/usr/bin/git config --local http.https://github.com/.extraheader AUTHORIZATION: basic ***
handle-success	Checkout code	2025-07-01T14:09:33.1178549Z ##[endgroup]
handle-success	Checkout code	2025-07-01T14:09:33.1179478Z ##[group]Fetching the repository
handle-success	Checkout code	2025-07-01T14:09:33.1186779Z [command]/usr/bin/git -c protocol.version=2 fetch --prune --no-recurse-submodules origin +refs/heads/*:refs/remotes/origin/* +refs/tags/*:refs/tags/* +a8712dbdaacebf4d9c2002e9dc3302d1a9cc61d9:refs/remotes/pull/1269/merge
handle-success	Checkout code	2025-07-01T14:09:33.9459840Z From https://github.com/Ka0s-Klaus/ka0s
handle-success	Checkout code	2025-07-01T14:09:33.9462962Z    6cbe55e2..05edda6b  H1224-new-module-mongodb -> origin/H1224-new-module-mongodb
handle-success	Checkout code	2025-07-01T14:09:33.9464220Z    3421c7e5..99ff2b06  main       -> origin/main
handle-success	Checkout code	2025-07-01T14:09:33.9467568Z  * [new tag]           0.3.1      -> 0.3.1
handle-success	Checkout code	2025-07-01T14:09:33.9471262Z  * [new ref]           a8712dbdaacebf4d9c2002e9dc3302d1a9cc61d9 -> pull/1269/merge
handle-success	Checkout code	2025-07-01T14:09:33.9536052Z ##[endgroup]
handle-success	Checkout code	2025-07-01T14:09:33.9537343Z ##[group]Determining the checkout info
handle-success	Checkout code	2025-07-01T14:09:33.9539029Z ##[endgroup]
handle-success	Checkout code	2025-07-01T14:09:33.9544050Z [command]/usr/bin/git sparse-checkout disable
handle-success	Checkout code	2025-07-01T14:09:33.9595159Z [command]/usr/bin/git config --local --unset-all extensions.worktreeConfig
handle-success	Checkout code	2025-07-01T14:09:33.9626402Z ##[group]Checking out the ref
handle-success	Checkout code	2025-07-01T14:09:33.9631308Z [command]/usr/bin/git checkout --progress --force refs/remotes/pull/1269/merge
handle-success	Checkout code	2025-07-01T14:09:33.9796214Z Previous HEAD position was 6cbe55e2 Corregimos ruta y hacemos pruebas
handle-success	Checkout code	2025-07-01T14:09:33.9798031Z HEAD is now at a8712dbd Merge 23957e01e8d0e94ac433cacaa65f807955d559bb into 3421c7e57efeb8cb9babfd735fc90fa7b4728f70
handle-success	Checkout code	2025-07-01T14:09:33.9806889Z ##[endgroup]
handle-success	Checkout code	2025-07-01T14:09:33.9847816Z [command]/usr/bin/git log -1 --format=%H
handle-success	Checkout code	2025-07-01T14:09:33.9875554Z a8712dbdaacebf4d9c2002e9dc3302d1a9cc61d9
handle-success	handle-success-execution	ï»¿2025-07-01T14:09:34.0145276Z ##[group]Run # Si todo ha ido correcto aÃ±adimos el contenido del fichero 
handle-success	handle-success-execution	2025-07-01T14:09:34.0146723Z [36;1m# Si todo ha ido correcto aÃ±adimos el contenido del fichero [0m
handle-success	handle-success-execution	2025-07-01T14:09:34.0147990Z [36;1mRNNUMBER=$(echo "refs/pull/1269/merge" | grep -o '[0-9]*')[0m
handle-success	handle-success-execution	2025-07-01T14:09:34.0149965Z [36;1mgh issue comment $RNNUMBER --body "El proceso ha finalizado correctamente 16001737073. El resultado estÃ¡ en el fichero core/results/event_data_16001737073.log"[0m
handle-success	handle-success-execution	2025-07-01T14:09:34.0161759Z shell: /usr/bin/bash -e {0}
handle-success	handle-success-execution	2025-07-01T14:09:34.0162617Z env:
handle-success	handle-success-execution	2025-07-01T14:09:34.0163338Z   KAOS_MODULE: [Ka0S] VERSION
handle-success	handle-success-execution	2025-07-01T14:09:34.0164641Z   GH_TOKEN: ***
handle-success	handle-success-execution	2025-07-01T14:09:34.0165483Z   PATH_RESUME: core/config/
handle-success	handle-success-execution	2025-07-01T14:09:34.0166489Z   KAOS_REPO: /actions-runner/_work/kaos/kaos
handle-success	handle-success-execution	2025-07-01T14:09:34.0167423Z   KAOS_STEP_MODULE: 
handle-success	handle-success-execution	2025-07-01T14:09:34.0168200Z   KAOS_CODE: 16001737073
handle-success	handle-success-execution	2025-07-01T14:09:34.0169108Z   GH_VERSION: 
handle-success	handle-success-execution	2025-07-01T14:09:34.0169936Z ##[endgroup]
handle-success	handle-success-execution	2025-07-01T14:09:35.0279058Z https://github.com/Ka0s-Klaus/ka0s/pull/1269#issuecomment-3024210389
handle-success	Post Checkout code	ï»¿2025-07-01T14:09:35.0528839Z Post job cleanup.
handle-success	Post Checkout code	2025-07-01T14:09:35.1498783Z [command]/usr/bin/git version
handle-success	Post Checkout code	2025-07-01T14:09:35.1537330Z git version 2.43.0
handle-success	Post Checkout code	2025-07-01T14:09:35.1577901Z Copying '/home/kaos/.gitconfig' to '/actions-runner/_work/_temp/39fcbf9e-ef64-4b87-a1f6-d78d62200027/.gitconfig'
handle-success	Post Checkout code	2025-07-01T14:09:35.1590867Z Temporarily overriding HOME='/actions-runner/_work/_temp/39fcbf9e-ef64-4b87-a1f6-d78d62200027' before making global git config changes
handle-success	Post Checkout code	2025-07-01T14:09:35.1594755Z Adding repository directory to the temporary git global config as a safe directory
handle-success	Post Checkout code	2025-07-01T14:09:35.1597056Z [command]/usr/bin/git config --global --add safe.directory /actions-runner/_work/ka0s/ka0s
handle-success	Post Checkout code	2025-07-01T14:09:35.1637591Z [command]/usr/bin/git config --local --name-only --get-regexp core\.sshCommand
handle-success	Post Checkout code	2025-07-01T14:09:35.1674867Z [command]/usr/bin/git submodule foreach --recursive sh -c "git config --local --name-only --get-regexp 'core\.sshCommand' && git config --local --unset-all 'core.sshCommand' || :"
handle-success	Post Checkout code	2025-07-01T14:09:35.1926287Z [command]/usr/bin/git config --local --name-only --get-regexp http\.https\:\/\/github\.com\/\.extraheader
handle-success	Post Checkout code	2025-07-01T14:09:35.1949068Z http.https://github.com/.extraheader
handle-success	Post Checkout code	2025-07-01T14:09:35.1962353Z [command]/usr/bin/git config --local --unset-all http.https://github.com/.extraheader
handle-success	Post Checkout code	2025-07-01T14:09:35.1998556Z [command]/usr/bin/git submodule foreach --recursive sh -c "git config --local --name-only --get-regexp 'http\.https\:\/\/github\.com\/\.extraheader' && git config --local --unset-all 'http.https://github.com/.extraheader' || :"
handle-success	Complete job	ï»¿2025-07-01T14:09:35.2381049Z Cleaning up orphan processes
end-workflow	Set up job	ï»¿2025-07-01T14:09:40.8182226Z Current runner version: '2.325.0'
end-workflow	Set up job	2025-07-01T14:09:40.8189202Z Runner name: 'ka0s-ka0s-2'
end-workflow	Set up job	2025-07-01T14:09:40.8190012Z Runner group name: 'ka0s'
end-workflow	Set up job	2025-07-01T14:09:40.8190945Z Machine name: '6e01ed641e71'
end-workflow	Set up job	2025-07-01T14:09:40.8249299Z ##[group]GITHUB_TOKEN Permissions
end-workflow	Set up job	2025-07-01T14:09:40.8252352Z Actions: write
end-workflow	Set up job	2025-07-01T14:09:40.8252802Z Contents: write
end-workflow	Set up job	2025-07-01T14:09:40.8253211Z Issues: write
end-workflow	Set up job	2025-07-01T14:09:40.8253601Z Metadata: read
end-workflow	Set up job	2025-07-01T14:09:40.8253999Z ##[endgroup]
end-workflow	Set up job	2025-07-01T14:09:40.8256083Z Secret source: Actions
end-workflow	Set up job	2025-07-01T14:09:40.8256642Z Prepare workflow directory
end-workflow	Set up job	2025-07-01T14:09:40.8861820Z Prepare all required actions
end-workflow	Set up job	2025-07-01T14:09:40.8904658Z Getting action download info
end-workflow	Set up job	2025-07-01T14:09:41.4441379Z Download action repository 'actions/checkout@v4' (SHA:11bd71901bbe5b1630ceea73d27597364c9af683)
end-workflow	Set up job	2025-07-01T14:09:42.2072089Z Complete job name: end-workflow
end-workflow	Checkout code	ï»¿2025-07-01T14:09:42.2535961Z ##[group]Run actions/checkout@v4
end-workflow	Checkout code	2025-07-01T14:09:42.2536898Z with:
end-workflow	Checkout code	2025-07-01T14:09:42.2537344Z   fetch-depth: 0
end-workflow	Checkout code	2025-07-01T14:09:42.2538083Z   token: ***
end-workflow	Checkout code	2025-07-01T14:09:42.2538613Z   repository: Ka0s-Klaus/ka0s
end-workflow	Checkout code	2025-07-01T14:09:42.2539148Z   ssh-strict: true
end-workflow	Checkout code	2025-07-01T14:09:42.2539595Z   ssh-user: git
end-workflow	Checkout code	2025-07-01T14:09:42.2540047Z   persist-credentials: true
end-workflow	Checkout code	2025-07-01T14:09:42.2540567Z   clean: true
end-workflow	Checkout code	2025-07-01T14:09:42.2541024Z   sparse-checkout-cone-mode: true
end-workflow	Checkout code	2025-07-01T14:09:42.2541579Z   fetch-tags: false
end-workflow	Checkout code	2025-07-01T14:09:42.2542040Z   show-progress: true
end-workflow	Checkout code	2025-07-01T14:09:42.2542505Z   lfs: false
end-workflow	Checkout code	2025-07-01T14:09:42.2542924Z   submodules: false
end-workflow	Checkout code	2025-07-01T14:09:42.2543416Z   set-safe-directory: true
end-workflow	Checkout code	2025-07-01T14:09:42.2544146Z env:
end-workflow	Checkout code	2025-07-01T14:09:42.2544584Z   KAOS_MODULE: [Ka0S] VERSION
end-workflow	Checkout code	2025-07-01T14:09:42.2545280Z   GH_TOKEN: ***
end-workflow	Checkout code	2025-07-01T14:09:42.2545736Z   PATH_RESUME: core/config/
end-workflow	Checkout code	2025-07-01T14:09:42.2546292Z   KAOS_REPO: /actions-runner/_work/kaos/kaos
end-workflow	Checkout code	2025-07-01T14:09:42.2546882Z   KAOS_STEP_MODULE: 
end-workflow	Checkout code	2025-07-01T14:09:42.2547390Z   KAOS_CODE: 16001737073
end-workflow	Checkout code	2025-07-01T14:09:42.2547888Z   GH_VERSION: 
end-workflow	Checkout code	2025-07-01T14:09:42.2548368Z ##[endgroup]
end-workflow	Checkout code	2025-07-01T14:09:42.3704035Z Syncing repository: Ka0s-Klaus/ka0s
end-workflow	Checkout code	2025-07-01T14:09:42.3706635Z ##[group]Getting Git version info
end-workflow	Checkout code	2025-07-01T14:09:42.3707469Z Working directory is '/actions-runner/_work/ka0s/ka0s'
end-workflow	Checkout code	2025-07-01T14:09:42.3709267Z [command]/usr/bin/git version
end-workflow	Checkout code	2025-07-01T14:09:42.3710115Z git version 2.43.0
end-workflow	Checkout code	2025-07-01T14:09:42.3712182Z ##[endgroup]
end-workflow	Checkout code	2025-07-01T14:09:42.3718620Z Copying '/home/kaos/.gitconfig' to '/actions-runner/_work/_temp/95074fdb-78d1-4c26-b11e-388158b53ab7/.gitconfig'
end-workflow	Checkout code	2025-07-01T14:09:42.3722110Z Temporarily overriding HOME='/actions-runner/_work/_temp/95074fdb-78d1-4c26-b11e-388158b53ab7' before making global git config changes
end-workflow	Checkout code	2025-07-01T14:09:42.3723840Z Adding repository directory to the temporary git global config as a safe directory
end-workflow	Checkout code	2025-07-01T14:09:42.3737326Z [command]/usr/bin/git config --global --add safe.directory /actions-runner/_work/ka0s/ka0s
end-workflow	Checkout code	2025-07-01T14:09:42.3781317Z [command]/usr/bin/git config --local --get remote.origin.url
end-workflow	Checkout code	2025-07-01T14:09:42.3803966Z https://github.com/Ka0s-Klaus/ka0s
end-workflow	Checkout code	2025-07-01T14:09:42.3825202Z ##[group]Removing previously created refs, to avoid conflicts
end-workflow	Checkout code	2025-07-01T14:09:42.3830346Z [command]/usr/bin/git rev-parse --symbolic-full-name --verify --quiet HEAD
end-workflow	Checkout code	2025-07-01T14:09:42.3854512Z refs/heads/H86-modulo-wazuh
end-workflow	Checkout code	2025-07-01T14:09:42.3865670Z [command]/usr/bin/git checkout --detach
end-workflow	Checkout code	2025-07-01T14:09:42.3940444Z HEAD is now at a0dd341c [Ka0S] Uploading resume execution files to the repository...
end-workflow	Checkout code	2025-07-01T14:09:42.3986888Z [command]/usr/bin/git branch --delete --force H86-modulo-wazuh
end-workflow	Checkout code	2025-07-01T14:09:42.4019127Z Deleted branch H86-modulo-wazuh (was a0dd341c).
end-workflow	Checkout code	2025-07-01T14:09:42.4028901Z ##[endgroup]
end-workflow	Checkout code	2025-07-01T14:09:42.4029763Z [command]/usr/bin/git submodule status
end-workflow	Checkout code	2025-07-01T14:09:42.4271992Z ##[group]Cleaning the repository
end-workflow	Checkout code	2025-07-01T14:09:42.4276076Z [command]/usr/bin/git clean -ffdx
end-workflow	Checkout code	2025-07-01T14:09:42.4330645Z [command]/usr/bin/git reset --hard HEAD
end-workflow	Checkout code	2025-07-01T14:09:42.4409853Z HEAD is now at a0dd341c [Ka0S] Uploading resume execution files to the repository...
end-workflow	Checkout code	2025-07-01T14:09:42.4416562Z ##[endgroup]
end-workflow	Checkout code	2025-07-01T14:09:42.4417514Z ##[group]Disabling automatic garbage collection
end-workflow	Checkout code	2025-07-01T14:09:42.4422405Z [command]/usr/bin/git config --local gc.auto 0
end-workflow	Checkout code	2025-07-01T14:09:42.4460799Z ##[endgroup]
end-workflow	Checkout code	2025-07-01T14:09:42.4461793Z ##[group]Setting up auth
end-workflow	Checkout code	2025-07-01T14:09:42.4462690Z [command]/usr/bin/git config --local --name-only --get-regexp core\.sshCommand
end-workflow	Checkout code	2025-07-01T14:09:42.4494737Z [command]/usr/bin/git submodule foreach --recursive sh -c "git config --local --name-only --get-regexp 'core\.sshCommand' && git config --local --unset-all 'core.sshCommand' || :"
end-workflow	Checkout code	2025-07-01T14:09:42.4740897Z [command]/usr/bin/git config --local --name-only --get-regexp http\.https\:\/\/github\.com\/\.extraheader
end-workflow	Checkout code	2025-07-01T14:09:42.4772377Z [command]/usr/bin/git submodule foreach --recursive sh -c "git config --local --name-only --get-regexp 'http\.https\:\/\/github\.com\/\.extraheader' && git config --local --unset-all 'http.https://github.com/.extraheader' || :"
end-workflow	Checkout code	2025-07-01T14:09:42.5019278Z [command]/usr/bin/git config --local http.https://github.com/.extraheader AUTHORIZATION: basic ***
end-workflow	Checkout code	2025-07-01T14:09:42.5063474Z ##[endgroup]
end-workflow	Checkout code	2025-07-01T14:09:42.5064466Z ##[group]Fetching the repository
end-workflow	Checkout code	2025-07-01T14:09:42.5072034Z [command]/usr/bin/git -c protocol.version=2 fetch --prune --no-recurse-submodules origin +refs/heads/*:refs/remotes/origin/* +refs/tags/*:refs/tags/* +a8712dbdaacebf4d9c2002e9dc3302d1a9cc61d9:refs/remotes/pull/1269/merge
end-workflow	Checkout code	2025-07-01T14:09:43.4468781Z From https://github.com/Ka0s-Klaus/ka0s
end-workflow	Checkout code	2025-07-01T14:09:43.4472678Z  * [new branch]        H1224-new-module-mongodb -> origin/H1224-new-module-mongodb
end-workflow	Checkout code	2025-07-01T14:09:43.4474320Z    ba5426b3..99ff2b06  main       -> origin/main
end-workflow	Checkout code	2025-07-01T14:09:43.4475995Z  * [new tag]           0.3.1      -> 0.3.1
end-workflow	Checkout code	2025-07-01T14:09:43.4478503Z  * [new ref]           a8712dbdaacebf4d9c2002e9dc3302d1a9cc61d9 -> pull/1269/merge
end-workflow	Checkout code	2025-07-01T14:09:43.4544757Z ##[endgroup]
end-workflow	Checkout code	2025-07-01T14:09:43.4546319Z ##[group]Determining the checkout info
end-workflow	Checkout code	2025-07-01T14:09:43.4547909Z ##[endgroup]
end-workflow	Checkout code	2025-07-01T14:09:43.4549184Z [command]/usr/bin/git sparse-checkout disable
end-workflow	Checkout code	2025-07-01T14:09:43.4596111Z [command]/usr/bin/git config --local --unset-all extensions.worktreeConfig
end-workflow	Checkout code	2025-07-01T14:09:43.4627457Z ##[group]Checking out the ref
end-workflow	Checkout code	2025-07-01T14:09:43.4631190Z [command]/usr/bin/git checkout --progress --force refs/remotes/pull/1269/merge
end-workflow	Checkout code	2025-07-01T14:09:43.4818674Z Previous HEAD position was a0dd341c [Ka0S] Uploading resume execution files to the repository...
end-workflow	Checkout code	2025-07-01T14:09:43.4823686Z HEAD is now at a8712dbd Merge 23957e01e8d0e94ac433cacaa65f807955d559bb into 3421c7e57efeb8cb9babfd735fc90fa7b4728f70
end-workflow	Checkout code	2025-07-01T14:09:43.4832323Z ##[endgroup]
end-workflow	Checkout code	2025-07-01T14:09:43.4873418Z [command]/usr/bin/git log -1 --format=%H
end-workflow	Checkout code	2025-07-01T14:09:43.4903286Z a8712dbdaacebf4d9c2002e9dc3302d1a9cc61d9
end-workflow	Finaliza el workflow	ï»¿2025-07-01T14:09:43.5182426Z ##[group]Run echo "End process"
end-workflow	Finaliza el workflow	2025-07-01T14:09:43.5183688Z [36;1mecho "End process"[0m
end-workflow	Finaliza el workflow	2025-07-01T14:09:43.5185122Z [36;1mRNNUMBER=$(echo "refs/pull/1269/merge" | grep -o '[0-9]*')[0m
end-workflow	Finaliza el workflow	2025-07-01T14:09:43.5187031Z [36;1mgh issue comment $RNNUMBER --body "Se finaliza Ka0s 16001737073"[0m
end-workflow	Finaliza el workflow	2025-07-01T14:09:43.5190181Z [36;1mgh workflow run inspector.yml --ref 'main' -f kaos-issue-id=$RNNUMBER -f kaos-workflow-id="16001737073" -f kaos-user-start=""[0m
end-workflow	Finaliza el workflow	2025-07-01T14:09:43.5202377Z shell: /usr/bin/bash -e {0}
end-workflow	Finaliza el workflow	2025-07-01T14:09:43.5203412Z env:
end-workflow	Finaliza el workflow	2025-07-01T14:09:43.5204226Z   KAOS_MODULE: [Ka0S] VERSION
end-workflow	Finaliza el workflow	2025-07-01T14:09:43.5205706Z   GH_TOKEN: ***
end-workflow	Finaliza el workflow	2025-07-01T14:09:43.5206608Z   PATH_RESUME: core/config/
end-workflow	Finaliza el workflow	2025-07-01T14:09:43.5207706Z   KAOS_REPO: /actions-runner/_work/kaos/kaos
end-workflow	Finaliza el workflow	2025-07-01T14:09:43.5209338Z   KAOS_STEP_MODULE: 
end-workflow	Finaliza el workflow	2025-07-01T14:09:43.5210244Z   KAOS_CODE: 16001737073
end-workflow	Finaliza el workflow	2025-07-01T14:09:43.5211187Z   GH_VERSION: 
end-workflow	Finaliza el workflow	2025-07-01T14:09:43.5212001Z ##[endgroup]
end-workflow	Finaliza el workflow	2025-07-01T14:09:43.5269476Z End process
end-workflow	Finaliza el workflow	2025-07-01T14:09:44.4414682Z https://github.com/Ka0s-Klaus/ka0s/pull/1269#issuecomment-3024210905
end-workflow	Post Checkout code	ï»¿2025-07-01T14:09:45.1073485Z Post job cleanup.
end-workflow	Post Checkout code	2025-07-01T14:09:45.2037012Z [command]/usr/bin/git version
end-workflow	Post Checkout code	2025-07-01T14:09:45.2076587Z git version 2.43.0
end-workflow	Post Checkout code	2025-07-01T14:09:45.2116472Z Copying '/home/kaos/.gitconfig' to '/actions-runner/_work/_temp/d3a52116-25ee-4572-91e2-0f2a61546319/.gitconfig'
end-workflow	Post Checkout code	2025-07-01T14:09:45.2128981Z Temporarily overriding HOME='/actions-runner/_work/_temp/d3a52116-25ee-4572-91e2-0f2a61546319' before making global git config changes
end-workflow	Post Checkout code	2025-07-01T14:09:45.2129823Z Adding repository directory to the temporary git global config as a safe directory
end-workflow	Post Checkout code	2025-07-01T14:09:45.2135457Z [command]/usr/bin/git config --global --add safe.directory /actions-runner/_work/ka0s/ka0s
end-workflow	Post Checkout code	2025-07-01T14:09:45.2176723Z [command]/usr/bin/git config --local --name-only --get-regexp core\.sshCommand
end-workflow	Post Checkout code	2025-07-01T14:09:45.2213212Z [command]/usr/bin/git submodule foreach --recursive sh -c "git config --local --name-only --get-regexp 'core\.sshCommand' && git config --local --unset-all 'core.sshCommand' || :"
end-workflow	Post Checkout code	2025-07-01T14:09:45.2461129Z [command]/usr/bin/git config --local --name-only --get-regexp http\.https\:\/\/github\.com\/\.extraheader
end-workflow	Post Checkout code	2025-07-01T14:09:45.2484437Z http.https://github.com/.extraheader
end-workflow	Post Checkout code	2025-07-01T14:09:45.2497064Z [command]/usr/bin/git config --local --unset-all http.https://github.com/.extraheader
end-workflow	Post Checkout code	2025-07-01T14:09:45.2533436Z [command]/usr/bin/git submodule foreach --recursive sh -c "git config --local --name-only --get-regexp 'http\.https\:\/\/github\.com\/\.extraheader' && git config --local --unset-all 'http.https://github.com/.extraheader' || :"
end-workflow	Complete job	ï»¿2025-07-01T14:09:45.2888940Z Cleaning up orphan processes
