job-core	Set up job	ï»¿2025-07-29T11:56:59.9959461Z Current runner version: '2.326.0'
job-core	Set up job	2025-07-29T11:56:59.9969096Z Runner name: 'ka0s-ka0s-1'
job-core	Set up job	2025-07-29T11:56:59.9970000Z Runner group name: 'ka0s'
job-core	Set up job	2025-07-29T11:56:59.9971353Z Machine name: 'cdd2f717b505'
job-core	Set up job	2025-07-29T11:56:59.9974444Z ##[group]GITHUB_TOKEN Permissions
job-core	Set up job	2025-07-29T11:56:59.9977679Z Actions: write
job-core	Set up job	2025-07-29T11:56:59.9978306Z Metadata: read
job-core	Set up job	2025-07-29T11:56:59.9978828Z ##[endgroup]
job-core	Set up job	2025-07-29T11:56:59.9981800Z Secret source: Actions
job-core	Set up job	2025-07-29T11:56:59.9982756Z Prepare workflow directory
job-core	Set up job	2025-07-29T11:57:00.0640119Z Prepare all required actions
job-core	Set up job	2025-07-29T11:57:00.0682003Z Getting action download info
job-core	Set up job	2025-07-29T11:57:00.6090065Z Download action repository 'actions/checkout@v4' (SHA:11bd71901bbe5b1630ceea73d27597364c9af683)
job-core	Set up job	2025-07-29T11:57:01.7127605Z Complete job name: job-core
job-core	Checkout repository	ï»¿2025-07-29T11:57:01.7892679Z ##[group]Run actions/checkout@v4
job-core	Checkout repository	2025-07-29T11:57:01.7894330Z with:
job-core	Checkout repository	2025-07-29T11:57:01.7894885Z   fetch-depth: 0
job-core	Checkout repository	2025-07-29T11:57:01.7895777Z   token: ***
job-core	Checkout repository	2025-07-29T11:57:01.7896333Z   repository: Ka0s-Klaus/ka0s
job-core	Checkout repository	2025-07-29T11:57:01.7897065Z   ssh-strict: true
job-core	Checkout repository	2025-07-29T11:57:01.7897621Z   ssh-user: git
job-core	Checkout repository	2025-07-29T11:57:01.7898201Z   persist-credentials: true
job-core	Checkout repository	2025-07-29T11:57:01.7898830Z   clean: true
job-core	Checkout repository	2025-07-29T11:57:01.7899388Z   sparse-checkout-cone-mode: true
job-core	Checkout repository	2025-07-29T11:57:01.7900061Z   fetch-tags: false
job-core	Checkout repository	2025-07-29T11:57:01.7900769Z   show-progress: true
job-core	Checkout repository	2025-07-29T11:57:01.7901743Z   lfs: false
job-core	Checkout repository	2025-07-29T11:57:01.7902314Z   submodules: false
job-core	Checkout repository	2025-07-29T11:57:01.7902903Z   set-safe-directory: true
job-core	Checkout repository	2025-07-29T11:57:01.7904446Z env:
job-core	Checkout repository	2025-07-29T11:57:01.7904966Z   KAOS_CODE: 16584778630
job-core	Checkout repository	2025-07-29T11:57:01.7905542Z   KAOS_EVENT_NAME: schedule
job-core	Checkout repository	2025-07-29T11:57:01.7906130Z   KAOS_ACTION: 
job-core	Checkout repository	2025-07-29T11:57:01.7906655Z   KAOS_REF: refs/heads/main
job-core	Checkout repository	2025-07-29T11:57:01.7907356Z   KAOS_MODULE: [Ka0S] Re-Run Failed Inspector Workflows
job-core	Checkout repository	2025-07-29T11:57:01.7908423Z   KAOS_PATH_SOURCE: core/outputs/w/kaos-workflows-runs.json
job-core	Checkout repository	2025-07-29T11:57:01.7909363Z   KAOS_PATH_RESUME: core/results/rr/
job-core	Checkout repository	2025-07-29T11:57:01.7910265Z   KAOS_ACTOR: santakloud
job-core	Checkout repository	2025-07-29T11:57:01.7910909Z ##[endgroup]
job-core	Checkout repository	2025-07-29T11:57:01.9208620Z Syncing repository: Ka0s-Klaus/ka0s
job-core	Checkout repository	2025-07-29T11:57:01.9210956Z ##[group]Getting Git version info
job-core	Checkout repository	2025-07-29T11:57:01.9213232Z Working directory is '/actions-runner/_work/ka0s/ka0s'
job-core	Checkout repository	2025-07-29T11:57:01.9217848Z [command]/usr/bin/git version
job-core	Checkout repository	2025-07-29T11:57:01.9218542Z git version 2.43.0
job-core	Checkout repository	2025-07-29T11:57:01.9248415Z ##[endgroup]
job-core	Checkout repository	2025-07-29T11:57:01.9261605Z Temporarily overriding HOME='/actions-runner/_work/_temp/b15905c5-cc2f-4c07-80c0-b928a9dca93c' before making global git config changes
job-core	Checkout repository	2025-07-29T11:57:01.9264591Z Adding repository directory to the temporary git global config as a safe directory
job-core	Checkout repository	2025-07-29T11:57:01.9266210Z [command]/usr/bin/git config --global --add safe.directory /actions-runner/_work/ka0s/ka0s
job-core	Checkout repository	2025-07-29T11:57:01.9308751Z [command]/usr/bin/git config --local --get remote.origin.url
job-core	Checkout repository	2025-07-29T11:57:01.9343645Z https://github.com/Ka0s-Klaus/ka0s
job-core	Checkout repository	2025-07-29T11:57:01.9361903Z ##[group]Removing previously created refs, to avoid conflicts
job-core	Checkout repository	2025-07-29T11:57:01.9365324Z [command]/usr/bin/git rev-parse --symbolic-full-name --verify --quiet HEAD
job-core	Checkout repository	2025-07-29T11:57:01.9389688Z refs/heads/main
job-core	Checkout repository	2025-07-29T11:57:01.9404416Z [command]/usr/bin/git checkout --detach
job-core	Checkout repository	2025-07-29T11:57:01.9486109Z HEAD is now at f639a77e [Ka0S] Inspector uploading resume execution files to the repository...
job-core	Checkout repository	2025-07-29T11:57:01.9577781Z [command]/usr/bin/git branch --delete --force main
job-core	Checkout repository	2025-07-29T11:57:01.9619539Z Deleted branch main (was f639a77e).
job-core	Checkout repository	2025-07-29T11:57:01.9725393Z ##[endgroup]
job-core	Checkout repository	2025-07-29T11:57:01.9730824Z [command]/usr/bin/git submodule status
job-core	Checkout repository	2025-07-29T11:57:02.0167881Z ##[group]Cleaning the repository
job-core	Checkout repository	2025-07-29T11:57:02.0185269Z [command]/usr/bin/git clean -ffdx
job-core	Checkout repository	2025-07-29T11:57:02.0259023Z [command]/usr/bin/git reset --hard HEAD
job-core	Checkout repository	2025-07-29T11:57:02.0369654Z HEAD is now at f639a77e [Ka0S] Inspector uploading resume execution files to the repository...
job-core	Checkout repository	2025-07-29T11:57:02.0407875Z ##[endgroup]
job-core	Checkout repository	2025-07-29T11:57:02.0427093Z ##[group]Disabling automatic garbage collection
job-core	Checkout repository	2025-07-29T11:57:02.0453243Z [command]/usr/bin/git config --local gc.auto 0
job-core	Checkout repository	2025-07-29T11:57:02.0510990Z ##[endgroup]
job-core	Checkout repository	2025-07-29T11:57:02.0522221Z ##[group]Setting up auth
job-core	Checkout repository	2025-07-29T11:57:02.0549358Z [command]/usr/bin/git config --local --name-only --get-regexp core\.sshCommand
job-core	Checkout repository	2025-07-29T11:57:02.0622697Z [command]/usr/bin/git submodule foreach --recursive sh -c "git config --local --name-only --get-regexp 'core\.sshCommand' && git config --local --unset-all 'core.sshCommand' || :"
job-core	Checkout repository	2025-07-29T11:57:02.1354571Z [command]/usr/bin/git config --local --name-only --get-regexp http\.https\:\/\/github\.com\/\.extraheader
job-core	Checkout repository	2025-07-29T11:57:02.1451219Z [command]/usr/bin/git submodule foreach --recursive sh -c "git config --local --name-only --get-regexp 'http\.https\:\/\/github\.com\/\.extraheader' && git config --local --unset-all 'http.https://github.com/.extraheader' || :"
job-core	Checkout repository	2025-07-29T11:57:02.2235122Z [command]/usr/bin/git config --local http.https://github.com/.extraheader AUTHORIZATION: basic ***
job-core	Checkout repository	2025-07-29T11:57:02.2326284Z ##[endgroup]
job-core	Checkout repository	2025-07-29T11:57:02.2327677Z ##[group]Fetching the repository
job-core	Checkout repository	2025-07-29T11:57:02.2335513Z [command]/usr/bin/git -c protocol.version=2 fetch --prune --no-recurse-submodules origin +refs/heads/*:refs/remotes/origin/* +refs/tags/*:refs/tags/*
job-core	Checkout repository	2025-07-29T11:57:02.8757662Z [command]/usr/bin/git branch --list --remote origin/main
job-core	Checkout repository	2025-07-29T11:57:02.8803550Z   origin/main
job-core	Checkout repository	2025-07-29T11:57:02.8812144Z [command]/usr/bin/git rev-parse refs/remotes/origin/main
job-core	Checkout repository	2025-07-29T11:57:02.8837148Z f639a77e171edee1648ef3bd0238812bce46a114
job-core	Checkout repository	2025-07-29T11:57:02.8856223Z ##[endgroup]
job-core	Checkout repository	2025-07-29T11:57:02.8862013Z ##[group]Determining the checkout info
job-core	Checkout repository	2025-07-29T11:57:02.8864067Z ##[endgroup]
job-core	Checkout repository	2025-07-29T11:57:02.8874710Z [command]/usr/bin/git sparse-checkout disable
job-core	Checkout repository	2025-07-29T11:57:02.8932505Z [command]/usr/bin/git config --local --unset-all extensions.worktreeConfig
job-core	Checkout repository	2025-07-29T11:57:02.8965664Z ##[group]Checking out the ref
job-core	Checkout repository	2025-07-29T11:57:02.8967818Z [command]/usr/bin/git checkout --progress --force -B main refs/remotes/origin/main
job-core	Checkout repository	2025-07-29T11:57:02.9049868Z Switched to a new branch 'main'
job-core	Checkout repository	2025-07-29T11:57:02.9054874Z branch 'main' set up to track 'origin/main'.
job-core	Checkout repository	2025-07-29T11:57:02.9066930Z ##[endgroup]
job-core	Checkout repository	2025-07-29T11:57:02.9127827Z [command]/usr/bin/git log -1 --format=%H
job-core	Checkout repository	2025-07-29T11:57:02.9164417Z f639a77e171edee1648ef3bd0238812bce46a114
job-core	Get failed workflow runs for inspector.yml	ï»¿2025-07-29T11:57:02.9452464Z ##[group]Run failed_runs=$(jq -r '.[] | select(.name == "Ka0s Inspector" and .conclusion == "failure") | .id' core/outputs/w/kaos-workflows-runs.json | tr '\n' ' ')
job-core	Get failed workflow runs for inspector.yml	2025-07-29T11:57:02.9457140Z [36;1mfailed_runs=$(jq -r '.[] | select(.name == "Ka0s Inspector" and .conclusion == "failure") | .id' core/outputs/w/kaos-workflows-runs.json | tr '\n' ' ')[0m
job-core	Get failed workflow runs for inspector.yml	2025-07-29T11:57:02.9460015Z [36;1mecho "Failed runs: $failed_runs"[0m
job-core	Get failed workflow runs for inspector.yml	2025-07-29T11:57:02.9461708Z [36;1mecho "::set-output name=failed_runs::${failed_runs}"[0m
job-core	Get failed workflow runs for inspector.yml	2025-07-29T11:57:02.9475086Z shell: /usr/bin/bash -e {0}
job-core	Get failed workflow runs for inspector.yml	2025-07-29T11:57:02.9476301Z env:
job-core	Get failed workflow runs for inspector.yml	2025-07-29T11:57:02.9477178Z   KAOS_CODE: 16584778630
job-core	Get failed workflow runs for inspector.yml	2025-07-29T11:57:02.9478266Z   KAOS_EVENT_NAME: schedule
job-core	Get failed workflow runs for inspector.yml	2025-07-29T11:57:02.9479362Z   KAOS_ACTION: 
job-core	Get failed workflow runs for inspector.yml	2025-07-29T11:57:02.9480546Z   KAOS_REF: refs/heads/main
job-core	Get failed workflow runs for inspector.yml	2025-07-29T11:57:02.9481881Z   KAOS_MODULE: [Ka0S] Re-Run Failed Inspector Workflows
job-core	Get failed workflow runs for inspector.yml	2025-07-29T11:57:02.9483584Z   KAOS_PATH_SOURCE: core/outputs/w/kaos-workflows-runs.json
job-core	Get failed workflow runs for inspector.yml	2025-07-29T11:57:02.9485210Z   KAOS_PATH_RESUME: core/results/rr/
job-core	Get failed workflow runs for inspector.yml	2025-07-29T11:57:02.9486459Z   KAOS_ACTOR: santakloud
job-core	Get failed workflow runs for inspector.yml	2025-07-29T11:57:02.9488275Z   GH_TOKEN: ***
job-core	Get failed workflow runs for inspector.yml	2025-07-29T11:57:02.9489222Z ##[endgroup]
job-core	Get failed workflow runs for inspector.yml	2025-07-29T11:57:03.0859163Z Failed runs: 15972265751 15972261980 15972236479 15923570049 15923541805 15923467044 15908004267 15896042050 15875884721 15875879430 15675347872 15277663444 15277407235 15065940026 15018241770 15017446707 15014607842 15014303394 14992423211 14990561766 14989342558 14976009071 14974119390 14969531744 14922036002 14904590502 14864167176 14830448135 14752252289 14748558851 14616952632 14616785373 14597790417 14597777415 14597674450 14443712022 14400868199 14399606006 14374957328 14366198227 14360214639 14360193338 14358469587 14354759911 14350135070 14350121791 14327149728 14327143212 14312805606 14312265605 14311936287 14311727830 14311671493 14310884392 14307632300 14307603304 14307424186 14307194644 14307116884 14307099437 14245880603 14240824649 14240154431 14239415392 14238590997 14238439867 14238288695 14217714119 14217709523 14217662296 14216881791 14216351882 14216341231 14216329451 14216155695 14214234688 14214173142 14213862715 14213526080 14192622028 13526685864 13526535679 13520220898 13520173145 13520126414 13519918783 13519742881 13519713058 13518498573 13518289485 13517991634 13517787702 13456851033 13456685940 13456511714 13456422702 13456214155 13456042511 13455755677 13455596707 13455565681 13455462830 13455413049 13455375582 13455366438 13454978228 13454718867 13454648818 13453865764 13453725590 13453510991 13453000625 13452974848 13452827212 13452769619 13435269876 13435214399 13435009424 13434911708 13434618902 13434427293 13434006906 13433657343 13433514097 13433360001 13417971766 13417756488 13417495864 13417071264 13416748091 13416441369 13416342672 13416302888 13415955826 13415831172 13415389089 13414954861 13413490319 13413351568 13413166992 13412621263 13412548274 13412501549 13412402801 13412160966 13411869624 13411782720 13411714266 13411599405 13411313464 13410140056 13409981856 13408332908 13408224205 13408158521 13407957564 13407842089 13396321493 13396144327 13396031534 13395939841 13395899868 13395892336 13395259979 13395111096 13390326966 13390250656 13390172374 13390020386 13389757457 13389571245 13389528347 13389406951 13389320703 13389250470 13389237793 13389017129 13388886939 13388586289 13370488425 13370380363 13370192694 13369894175 13369488229 13367579874 13367550942 13367447422 13367322058 13367268423 13367177574 13367138265 13367047025 13366945356 13366862411 13366752132 13366339650 13345644886 13329757499 13329624405 13329562153 13329371252 13329283381 13327840166 13327350482 13327249485 13327132364 13326403576 13325505614 13309707288 13309570741 13303505568 13245913624 13245782056 13245665323 13245348859 13244064437 13243913323 13243731360 13243055626 13242958593 13242709182 13242343874 13242120341 13241810905 13241599057 13241481481 13241367326 13241059967 13239422185 13239400844 13183801389 13179251736 13179081992 13175435329 13175212754 13153219191 13140617433 13140408225 13140362428 13140358046 13140292574 13140267659 13140246878 13140177438 13140105140 13140072021 13139889627 13139602458 
job-core	Get failed workflow runs for inspector.yml	2025-07-29T11:57:03.0924633Z ##[warning]The `set-output` command is deprecated and will be disabled soon. Please upgrade to using Environment Files. For more information see: https://github.blog/changelog/2022-10-11-github-actions-deprecating-save-state-and-set-output-commands/
job-core	Re-run failed workflows	ï»¿2025-07-29T11:57:03.1206885Z ##[group]Run for run_id in 15972265751 15972261980 15972236479 15923570049 15923541805 15923467044 15908004267 15896042050 15875884721 15875879430 15675347872 15277663444 15277407235 15065940026 15018241770 15017446707 15014607842 15014303394 14992423211 14990561766 14989342558 14976009071 14974119390 14969531744 14922036002 14904590502 14864167176 14830448135 14752252289 14748558851 14616952632 14616785373 14597790417 14597777415 14597674450 14443712022 14400868199 14399606006 14374957328 14366198227 14360214639 14360193338 14358469587 14354759911 14350135070 14350121791 14327149728 14327143212 14312805606 14312265605 14311936287 14311727830 14311671493 14310884392 14307632300 14307603304 14307424186 14307194644 14307116884 14307099437 14245880603 14240824649 14240154431 14239415392 14238590997 14238439867 14238288695 14217714119 14217709523 14217662296 14216881791 14216351882 14216341231 14216329451 14216155695 14214234688 14214173142 14213862715 14213526080 14192622028 13526685864 13526535679 13520220898 13520173145 13520126414 13519918783 13519742881 13519713058 13518498573 13518289485 13517991634 13517787702 13456851033 13456685940 13456511714 13456422702 13456214155 13456042511 13455755677 13455596707 13455565681 13455462830 13455413049 13455375582 13455366438 13454978228 13454718867 13454648818 13453865764 13453725590 13453510991 13453000625 13452974848 13452827212 13452769619 13435269876 13435214399 13435009424 13434911708 13434618902 13434427293 13434006906 13433657343 13433514097 13433360001 13417971766 13417756488 13417495864 13417071264 13416748091 13416441369 13416342672 13416302888 13415955826 13415831172 13415389089 13414954861 13413490319 13413351568 13413166992 13412621263 13412548274 13412501549 13412402801 13412160966 13411869624 13411782720 13411714266 13411599405 13411313464 13410140056 13409981856 13408332908 13408224205 13408158521 13407957564 13407842089 13396321493 13396144327 13396031534 13395939841 13395899868 13395892336 13395259979 13395111096 13390326966 13390250656 13390172374 13390020386 13389757457 13389571245 13389528347 13389406951 13389320703 13389250470 13389237793 13389017129 13388886939 13388586289 13370488425 13370380363 13370192694 13369894175 13369488229 13367579874 13367550942 13367447422 13367322058 13367268423 13367177574 13367138265 13367047025 13366945356 13366862411 13366752132 13366339650 13345644886 13329757499 13329624405 13329562153 13329371252 13329283381 13327840166 13327350482 13327249485 13327132364 13326403576 13325505614 13309707288 13309570741 13303505568 13245913624 13245782056 13245665323 13245348859 13244064437 13243913323 13243731360 13243055626 13242958593 13242709182 13242343874 13242120341 13241810905 13241599057 13241481481 13241367326 13241059967 13239422185 13239400844 13183801389 13179251736 13179081992 13175435329 13175212754 13153219191 13140617433 13140408225 13140362428 13140358046 13140292574 13140267659 13140246878 13140177438 13140105140 13140072021 13139889627 13139602458 ; do
job-core	Re-run failed workflows	2025-07-29T11:57:03.1279642Z [36;1mfor run_id in 15972265751 15972261980 15972236479 15923570049 15923541805 15923467044 15908004267 15896042050 15875884721 15875879430 15675347872 15277663444 15277407235 15065940026 15018241770 15017446707 15014607842 15014303394 14992423211 14990561766 14989342558 14976009071 14974119390 14969531744 14922036002 14904590502 14864167176 14830448135 14752252289 14748558851 14616952632 14616785373 14597790417 14597777415 14597674450 14443712022 14400868199 14399606006 14374957328 14366198227 14360214639 14360193338 14358469587 14354759911 14350135070 14350121791 14327149728 14327143212 14312805606 14312265605 14311936287 14311727830 14311671493 14310884392 14307632300 14307603304 14307424186 14307194644 14307116884 14307099437 14245880603 14240824649 14240154431 14239415392 14238590997 14238439867 14238288695 14217714119 14217709523 14217662296 14216881791 14216351882 14216341231 14216329451 14216155695 14214234688 14214173142 14213862715 14213526080 14192622028 13526685864 13526535679 13520220898 13520173145 13520126414 13519918783 13519742881 13519713058 13518498573 13518289485 13517991634 13517787702 13456851033 13456685940 13456511714 13456422702 13456214155 13456042511 13455755677 13455596707 13455565681 13455462830 13455413049 13455375582 13455366438 13454978228 13454718867 13454648818 13453865764 13453725590 13453510991 13453000625 13452974848 13452827212 13452769619 13435269876 13435214399 13435009424 13434911708 13434618902 13434427293 13434006906 13433657343 13433514097 13433360001 13417971766 13417756488 13417495864 13417071264 13416748091 13416441369 13416342672 13416302888 13415955826 13415831172 13415389089 13414954861 13413490319 13413351568 13413166992 13412621263 13412548274 13412501549 13412402801 13412160966 13411869624 13411782720 13411714266 13411599405 13411313464 13410140056 13409981856 13408332908 13408224205 13408158521 13407957564 13407842089 13396321493 13396144327 13396031534 13395939841 13395899868 13395892336 13395259979 13395111096 13390326966 13390250656 13390172374 13390020386 13389757457 13389571245 13389528347 13389406951 13389320703 13389250470 13389237793 13389017129 13388886939 13388586289 13370488425 13370380363 13370192694 13369894175 13369488229 13367579874 13367550942 13367447422 13367322058 13367268423 13367177574 13367138265 13367047025 13366945356 13366862411 13366752132 13366339650 13345644886 13329757499 13329624405 13329562153 13329371252 13329283381 13327840166 13327350482 13327249485 13327132364 13326403576 13325505614 13309707288 13309570741 13303505568 13245913624 13245782056 13245665323 13245348859 13244064437 13243913323 13243731360 13243055626 13242958593 13242709182 13242343874 13242120341 13241810905 13241599057 13241481481 13241367326 13241059967 13239422185 13239400844 13183801389 13179251736 13179081992 13175435329 13175212754 13153219191 13140617433 13140408225 13140362428 13140358046 13140292574 13140267659 13140246878 13140177438 13140105140 13140072021 13139889627 13139602458 ; do[0m
job-core	Re-run failed workflows	2025-07-29T11:57:03.1317698Z [36;1m  echo "Re-running: workflow $run_id" >> core/results/rr/16584778630_resume_reruns_inspector.log[0m
job-core	Re-run failed workflows	2025-07-29T11:57:03.1319690Z [36;1m  if ! gh run rerun $run_id --failed; then[0m
job-core	Re-run failed workflows	2025-07-29T11:57:03.1321593Z [36;1m    echo "Failed: to rerun job $run_id" >> core/results/rr/16584778630_resume_reruns_inspector.log[0m
job-core	Re-run failed workflows	2025-07-29T11:57:03.1324810Z [36;1m    # gh issue create --title "Failed to rerun job $file" --body "Failed to automatically rerun job $file which contained error patterns. Please investigate manually."[0m
job-core	Re-run failed workflows	2025-07-29T11:57:03.1327395Z [36;1m  else[0m
job-core	Re-run failed workflows	2025-07-29T11:57:03.1328975Z [36;1m    echo "Successfully: rerun job $run_id" >> core/results/rr/16584778630_resume_reruns_inspector.log[0m
job-core	Re-run failed workflows	2025-07-29T11:57:03.1331985Z [36;1m    # gh issue create --title "Successfully rerun job $file" --body "Job $file was successfully rerun after detecting error patterns."[0m
job-core	Re-run failed workflows	2025-07-29T11:57:03.1334222Z [36;1m  fi[0m
job-core	Re-run failed workflows	2025-07-29T11:57:03.1335067Z [36;1mdone[0m
job-core	Re-run failed workflows	2025-07-29T11:57:03.1343624Z shell: /usr/bin/bash -e {0}
job-core	Re-run failed workflows	2025-07-29T11:57:03.1344614Z env:
job-core	Re-run failed workflows	2025-07-29T11:57:03.1345420Z   KAOS_CODE: 16584778630
job-core	Re-run failed workflows	2025-07-29T11:57:03.1346360Z   KAOS_EVENT_NAME: schedule
job-core	Re-run failed workflows	2025-07-29T11:57:03.1347297Z   KAOS_ACTION: 
job-core	Re-run failed workflows	2025-07-29T11:57:03.1348166Z   KAOS_REF: refs/heads/main
job-core	Re-run failed workflows	2025-07-29T11:57:03.1349298Z   KAOS_MODULE: [Ka0S] Re-Run Failed Inspector Workflows
job-core	Re-run failed workflows	2025-07-29T11:57:03.1350842Z   KAOS_PATH_SOURCE: core/outputs/w/kaos-workflows-runs.json
job-core	Re-run failed workflows	2025-07-29T11:57:03.1352207Z   KAOS_PATH_RESUME: core/results/rr/
job-core	Re-run failed workflows	2025-07-29T11:57:03.1353300Z   KAOS_ACTOR: santakloud
job-core	Re-run failed workflows	2025-07-29T11:57:03.1354638Z   GH_TOKEN: ***
job-core	Re-run failed workflows	2025-07-29T11:57:03.1355500Z ##[endgroup]
job-core	Re-run failed workflows	2025-07-29T11:57:07.1784683Z run 15923570049 cannot be rerun; its workflow file may be broken
job-core	Re-run failed workflows	2025-07-29T11:57:08.0605081Z run 15923541805 cannot be rerun; its workflow file may be broken
job-core	Re-run failed workflows	2025-07-29T11:57:08.8901843Z run 15923467044 cannot be rerun; its workflow file may be broken
job-core	Re-run failed workflows	2025-07-29T11:57:09.9813134Z run 15908004267 cannot be rerun; its workflow file may be broken
job-core	Re-run failed workflows	2025-07-29T11:57:11.1841024Z run 15896042050 cannot be rerun; its workflow file may be broken
job-core	Re-run failed workflows	2025-07-29T11:57:12.2936054Z run 15875884721 cannot be rerun; its workflow file may be broken
job-core	Re-run failed workflows	2025-07-29T11:57:13.3125482Z run 15875879430 cannot be rerun; its workflow file may be broken
job-core	Re-run failed workflows	2025-07-29T11:57:14.2238476Z run 15675347872 cannot be rerun; its workflow file may be broken
job-core	Re-run failed workflows	2025-07-29T11:57:15.0533429Z run 15277663444 cannot be rerun; its workflow file may be broken
job-core	Re-run failed workflows	2025-07-29T11:57:16.0258014Z run 15277407235 cannot be rerun; its workflow file may be broken
job-core	Re-run failed workflows	2025-07-29T11:57:16.9234430Z run 15065940026 cannot be rerun; its workflow file may be broken
job-core	Re-run failed workflows	2025-07-29T11:57:17.9984188Z run 15018241770 cannot be rerun; its workflow file may be broken
job-core	Re-run failed workflows	2025-07-29T11:57:18.9264650Z run 15017446707 cannot be rerun; its workflow file may be broken
job-core	Re-run failed workflows	2025-07-29T11:57:19.8341273Z run 15014607842 cannot be rerun; its workflow file may be broken
job-core	Re-run failed workflows	2025-07-29T11:57:20.7543519Z run 15014303394 cannot be rerun; its workflow file may be broken
job-core	Re-run failed workflows	2025-07-29T11:57:21.7666979Z run 14992423211 cannot be rerun; its workflow file may be broken
job-core	Re-run failed workflows	2025-07-29T11:57:22.6111769Z run 14990561766 cannot be rerun; its workflow file may be broken
job-core	Re-run failed workflows	2025-07-29T11:57:23.5832135Z run 14989342558 cannot be rerun; its workflow file may be broken
job-core	Re-run failed workflows	2025-07-29T11:57:24.5719363Z run 14976009071 cannot be rerun; its workflow file may be broken
job-core	Re-run failed workflows	2025-07-29T11:57:25.5671598Z run 14974119390 cannot be rerun; its workflow file may be broken
job-core	Re-run failed workflows	2025-07-29T11:57:26.6116241Z run 14969531744 cannot be rerun; its workflow file may be broken
job-core	Re-run failed workflows	2025-07-29T11:57:27.6525754Z run 14922036002 cannot be rerun; its workflow file may be broken
job-core	Re-run failed workflows	2025-07-29T11:57:28.6575423Z run 14904590502 cannot be rerun; its workflow file may be broken
job-core	Re-run failed workflows	2025-07-29T11:57:29.6802943Z run 14864167176 cannot be rerun; its workflow file may be broken
job-core	Re-run failed workflows	2025-07-29T11:57:30.5356520Z run 14830448135 cannot be rerun; its workflow file may be broken
job-core	Re-run failed workflows	2025-07-29T11:57:31.4340721Z run 14752252289 cannot be rerun; its workflow file may be broken
job-core	Re-run failed workflows	2025-07-29T11:57:32.2478851Z run 14748558851 cannot be rerun; its workflow file may be broken
job-core	Re-run failed workflows	2025-07-29T11:57:33.1241937Z run 14616952632 cannot be rerun; its workflow file may be broken
job-core	Re-run failed workflows	2025-07-29T11:57:34.0326230Z run 14616785373 cannot be rerun; its workflow file may be broken
job-core	Re-run failed workflows	2025-07-29T11:57:35.3410610Z run 14597790417 cannot be rerun; its workflow file may be broken
job-core	Re-run failed workflows	2025-07-29T11:57:36.3377307Z run 14597777415 cannot be rerun; its workflow file may be broken
job-core	Re-run failed workflows	2025-07-29T11:57:37.3841666Z run 14597674450 cannot be rerun; its workflow file may be broken
job-core	Re-run failed workflows	2025-07-29T11:57:38.4986538Z run 14443712022 cannot be rerun; its workflow file may be broken
job-core	Re-run failed workflows	2025-07-29T11:57:39.3642754Z run 14400868199 cannot be rerun; its workflow file may be broken
job-core	Re-run failed workflows	2025-07-29T11:57:40.3714237Z run 14399606006 cannot be rerun; its workflow file may be broken
job-core	Re-run failed workflows	2025-07-29T11:57:41.3208328Z run 14374957328 cannot be rerun; its workflow file may be broken
job-core	Re-run failed workflows	2025-07-29T11:57:42.1875931Z run 14366198227 cannot be rerun; its workflow file may be broken
job-core	Re-run failed workflows	2025-07-29T11:57:43.2668361Z run 14360214639 cannot be rerun; its workflow file may be broken
job-core	Re-run failed workflows	2025-07-29T11:57:44.4554844Z run 14360193338 cannot be rerun; its workflow file may be broken
job-core	Re-run failed workflows	2025-07-29T11:57:45.6064722Z run 14358469587 cannot be rerun; its workflow file may be broken
job-core	Re-run failed workflows	2025-07-29T11:57:46.7976876Z run 14354759911 cannot be rerun; its workflow file may be broken
job-core	Re-run failed workflows	2025-07-29T11:57:47.6902036Z run 14350135070 cannot be rerun; its workflow file may be broken
job-core	Re-run failed workflows	2025-07-29T11:57:48.5629134Z run 14350121791 cannot be rerun; its workflow file may be broken
job-core	Re-run failed workflows	2025-07-29T11:57:49.4927713Z run 14327149728 cannot be rerun; its workflow file may be broken
job-core	Re-run failed workflows	2025-07-29T11:57:50.3141915Z run 14327143212 cannot be rerun; its workflow file may be broken
job-core	Re-run failed workflows	2025-07-29T11:57:51.1852613Z run 14312805606 cannot be rerun; its workflow file may be broken
job-core	Re-run failed workflows	2025-07-29T11:57:52.1316814Z run 14312265605 cannot be rerun; its workflow file may be broken
job-core	Re-run failed workflows	2025-07-29T11:57:53.0914024Z run 14311936287 cannot be rerun; its workflow file may be broken
job-core	Re-run failed workflows	2025-07-29T11:57:54.0393616Z run 14311727830 cannot be rerun; its workflow file may be broken
job-core	Re-run failed workflows	2025-07-29T11:57:54.9031822Z run 14311671493 cannot be rerun; its workflow file may be broken
job-core	Re-run failed workflows	2025-07-29T11:57:55.7915441Z run 14310884392 cannot be rerun; its workflow file may be broken
job-core	Re-run failed workflows	2025-07-29T11:57:56.6596318Z run 14307632300 cannot be rerun; its workflow file may be broken
job-core	Re-run failed workflows	2025-07-29T11:57:57.5091397Z run 14307603304 cannot be rerun; its workflow file may be broken
job-core	Re-run failed workflows	2025-07-29T11:57:58.5287489Z run 14307424186 cannot be rerun; its workflow file may be broken
job-core	Re-run failed workflows	2025-07-29T11:57:59.3714107Z run 14307194644 cannot be rerun; its workflow file may be broken
job-core	Re-run failed workflows	2025-07-29T11:58:00.2366215Z run 14307116884 cannot be rerun; its workflow file may be broken
job-core	Re-run failed workflows	2025-07-29T11:58:01.1765817Z run 14307099437 cannot be rerun; its workflow file may be broken
job-core	Re-run failed workflows	2025-07-29T11:58:02.0014384Z run 14245880603 cannot be rerun; its workflow file may be broken
job-core	Re-run failed workflows	2025-07-29T11:58:02.9155291Z run 14240824649 cannot be rerun; its workflow file may be broken
job-core	Re-run failed workflows	2025-07-29T11:58:03.8789733Z run 14240154431 cannot be rerun; its workflow file may be broken
job-core	Re-run failed workflows	2025-07-29T11:58:04.8781466Z run 14239415392 cannot be rerun; its workflow file may be broken
job-core	Re-run failed workflows	2025-07-29T11:58:05.7338673Z run 14238590997 cannot be rerun; its workflow file may be broken
job-core	Re-run failed workflows	2025-07-29T11:58:06.5552944Z run 14238439867 cannot be rerun; its workflow file may be broken
job-core	Re-run failed workflows	2025-07-29T11:58:07.3959167Z run 14238288695 cannot be rerun; its workflow file may be broken
job-core	Re-run failed workflows	2025-07-29T11:58:08.2344029Z run 14217714119 cannot be rerun; its workflow file may be broken
job-core	Re-run failed workflows	2025-07-29T11:58:09.1198474Z run 14217709523 cannot be rerun; its workflow file may be broken
job-core	Re-run failed workflows	2025-07-29T11:58:09.9614605Z run 14217662296 cannot be rerun; its workflow file may be broken
job-core	Re-run failed workflows	2025-07-29T11:58:10.8354404Z run 14216881791 cannot be rerun; its workflow file may be broken
job-core	Re-run failed workflows	2025-07-29T11:58:11.6723071Z run 14216351882 cannot be rerun; its workflow file may be broken
job-core	Re-run failed workflows	2025-07-29T11:58:12.5521245Z run 14216341231 cannot be rerun; its workflow file may be broken
job-core	Re-run failed workflows	2025-07-29T11:58:13.3962130Z run 14216329451 cannot be rerun; its workflow file may be broken
job-core	Re-run failed workflows	2025-07-29T11:58:14.1757804Z run 14216155695 cannot be rerun; its workflow file may be broken
job-core	Re-run failed workflows	2025-07-29T11:58:15.1029930Z run 14214234688 cannot be rerun; its workflow file may be broken
job-core	Re-run failed workflows	2025-07-29T11:58:16.0573053Z run 14214173142 cannot be rerun; its workflow file may be broken
job-core	Re-run failed workflows	2025-07-29T11:58:17.0038597Z run 14213862715 cannot be rerun; its workflow file may be broken
job-core	Re-run failed workflows	2025-07-29T11:58:17.9694883Z run 14213526080 cannot be rerun; its workflow file may be broken
job-core	Re-run failed workflows	2025-07-29T11:58:19.0408774Z run 14192622028 cannot be rerun; its workflow file may be broken
job-core	Re-run failed workflows	2025-07-29T11:58:19.9002622Z run 13526685864 cannot be rerun; its workflow file may be broken
job-core	Re-run failed workflows	2025-07-29T11:58:20.6969306Z run 13526535679 cannot be rerun; its workflow file may be broken
job-core	Re-run failed workflows	2025-07-29T11:58:21.5105390Z run 13520220898 cannot be rerun; its workflow file may be broken
job-core	Re-run failed workflows	2025-07-29T11:58:22.4205959Z run 13520173145 cannot be rerun; its workflow file may be broken
job-core	Re-run failed workflows	2025-07-29T11:58:23.3443292Z run 13520126414 cannot be rerun; its workflow file may be broken
job-core	Re-run failed workflows	2025-07-29T11:58:24.1781648Z run 13519918783 cannot be rerun; its workflow file may be broken
job-core	Re-run failed workflows	2025-07-29T11:58:25.0771133Z run 13519742881 cannot be rerun; its workflow file may be broken
job-core	Re-run failed workflows	2025-07-29T11:58:25.9992884Z run 13519713058 cannot be rerun; its workflow file may be broken
job-core	Re-run failed workflows	2025-07-29T11:58:26.8824238Z run 13518498573 cannot be rerun; its workflow file may be broken
job-core	Re-run failed workflows	2025-07-29T11:58:27.8636942Z run 13518289485 cannot be rerun; its workflow file may be broken
job-core	Re-run failed workflows	2025-07-29T11:58:28.8511362Z run 13517991634 cannot be rerun; its workflow file may be broken
job-core	Re-run failed workflows	2025-07-29T11:58:29.9141665Z run 13517787702 cannot be rerun; its workflow file may be broken
job-core	Re-run failed workflows	2025-07-29T11:58:30.8959590Z run 13456851033 cannot be rerun; its workflow file may be broken
job-core	Re-run failed workflows	2025-07-29T11:58:31.8089265Z run 13456685940 cannot be rerun; its workflow file may be broken
job-core	Re-run failed workflows	2025-07-29T11:58:32.6694085Z run 13456511714 cannot be rerun; its workflow file may be broken
job-core	Re-run failed workflows	2025-07-29T11:58:33.6120331Z run 13456422702 cannot be rerun; its workflow file may be broken
job-core	Re-run failed workflows	2025-07-29T11:58:34.5038553Z run 13456214155 cannot be rerun; its workflow file may be broken
job-core	Re-run failed workflows	2025-07-29T11:58:35.4595607Z run 13456042511 cannot be rerun; its workflow file may be broken
job-core	Re-run failed workflows	2025-07-29T11:58:36.4930716Z run 13455755677 cannot be rerun; its workflow file may be broken
job-core	Re-run failed workflows	2025-07-29T11:58:37.4399538Z run 13455596707 cannot be rerun; its workflow file may be broken
job-core	Re-run failed workflows	2025-07-29T11:58:38.3442111Z run 13455565681 cannot be rerun; its workflow file may be broken
job-core	Re-run failed workflows	2025-07-29T11:58:39.3533290Z run 13455462830 cannot be rerun; its workflow file may be broken
job-core	Re-run failed workflows	2025-07-29T11:58:40.2800774Z run 13455413049 cannot be rerun; its workflow file may be broken
job-core	Re-run failed workflows	2025-07-29T11:58:41.3691861Z run 13455375582 cannot be rerun; its workflow file may be broken
job-core	Re-run failed workflows	2025-07-29T11:58:42.4255032Z run 13455366438 cannot be rerun; its workflow file may be broken
job-core	Re-run failed workflows	2025-07-29T11:58:43.5080501Z run 13454978228 cannot be rerun; its workflow file may be broken
job-core	Re-run failed workflows	2025-07-29T11:58:44.5094959Z run 13454718867 cannot be rerun; its workflow file may be broken
job-core	Re-run failed workflows	2025-07-29T11:58:45.6248722Z run 13454648818 cannot be rerun; its workflow file may be broken
job-core	Re-run failed workflows	2025-07-29T11:58:46.6856040Z run 13453865764 cannot be rerun; its workflow file may be broken
job-core	Re-run failed workflows	2025-07-29T11:58:47.6499360Z run 13453725590 cannot be rerun; its workflow file may be broken
job-core	Re-run failed workflows	2025-07-29T11:58:48.5934898Z run 13453510991 cannot be rerun; its workflow file may be broken
job-core	Re-run failed workflows	2025-07-29T11:58:49.5324665Z run 13453000625 cannot be rerun; its workflow file may be broken
job-core	Re-run failed workflows	2025-07-29T11:58:55.5705638Z run 13452974848 cannot be rerun; its workflow file may be broken
job-core	Re-run failed workflows	2025-07-29T11:58:56.5729416Z run 13452827212 cannot be rerun; its workflow file may be broken
job-core	Re-run failed workflows	2025-07-29T11:58:57.6445678Z run 13452769619 cannot be rerun; its workflow file may be broken
job-core	Re-run failed workflows	2025-07-29T11:58:58.6044395Z run 13435269876 cannot be rerun; its workflow file may be broken
job-core	Re-run failed workflows	2025-07-29T11:58:59.7086035Z run 13435214399 cannot be rerun; its workflow file may be broken
job-core	Re-run failed workflows	2025-07-29T11:59:00.8194399Z run 13435009424 cannot be rerun; its workflow file may be broken
job-core	Re-run failed workflows	2025-07-29T11:59:01.9930421Z run 13434911708 cannot be rerun; its workflow file may be broken
job-core	Re-run failed workflows	2025-07-29T11:59:03.0340792Z run 13434618902 cannot be rerun; its workflow file may be broken
job-core	Re-run failed workflows	2025-07-29T11:59:03.9827786Z run 13434427293 cannot be rerun; its workflow file may be broken
job-core	Re-run failed workflows	2025-07-29T11:59:04.8865406Z run 13434006906 cannot be rerun; its workflow file may be broken
job-core	Re-run failed workflows	2025-07-29T11:59:05.9334092Z run 13433657343 cannot be rerun; its workflow file may be broken
job-core	Re-run failed workflows	2025-07-29T11:59:06.9370226Z run 13433514097 cannot be rerun; its workflow file may be broken
job-core	Re-run failed workflows	2025-07-29T11:59:07.8836022Z run 13433360001 cannot be rerun; its workflow file may be broken
job-core	Re-run failed workflows	2025-07-29T11:59:08.8145843Z run 13417971766 cannot be rerun; its workflow file may be broken
job-core	Re-run failed workflows	2025-07-29T11:59:09.7377005Z run 13417756488 cannot be rerun; its workflow file may be broken
job-core	Re-run failed workflows	2025-07-29T11:59:10.7034666Z run 13417495864 cannot be rerun; its workflow file may be broken
job-core	Re-run failed workflows	2025-07-29T11:59:11.6639721Z run 13417071264 cannot be rerun; its workflow file may be broken
job-core	Re-run failed workflows	2025-07-29T11:59:12.6143670Z run 13416748091 cannot be rerun; its workflow file may be broken
job-core	Re-run failed workflows	2025-07-29T11:59:13.4904490Z run 13416441369 cannot be rerun; its workflow file may be broken
job-core	Re-run failed workflows	2025-07-29T11:59:14.4366769Z run 13416342672 cannot be rerun; its workflow file may be broken
job-core	Re-run failed workflows	2025-07-29T11:59:15.6694842Z run 13416302888 cannot be rerun; its workflow file may be broken
job-core	Re-run failed workflows	2025-07-29T11:59:16.6514323Z run 13415955826 cannot be rerun; its workflow file may be broken
job-core	Re-run failed workflows	2025-07-29T11:59:17.5284173Z run 13415831172 cannot be rerun; its workflow file may be broken
job-core	Re-run failed workflows	2025-07-29T11:59:18.5735825Z run 13415389089 cannot be rerun; its workflow file may be broken
job-core	Re-run failed workflows	2025-07-29T11:59:19.6521235Z run 13414954861 cannot be rerun; its workflow file may be broken
job-core	Re-run failed workflows	2025-07-29T11:59:20.6655100Z run 13413490319 cannot be rerun; its workflow file may be broken
job-core	Re-run failed workflows	2025-07-29T11:59:21.6569695Z run 13413351568 cannot be rerun; its workflow file may be broken
job-core	Re-run failed workflows	2025-07-29T11:59:22.5131392Z run 13413166992 cannot be rerun; its workflow file may be broken
job-core	Re-run failed workflows	2025-07-29T11:59:23.4182772Z run 13412621263 cannot be rerun; its workflow file may be broken
job-core	Re-run failed workflows	2025-07-29T11:59:24.2524674Z run 13412548274 cannot be rerun; its workflow file may be broken
job-core	Re-run failed workflows	2025-07-29T11:59:25.0427339Z run 13412501549 cannot be rerun; its workflow file may be broken
job-core	Re-run failed workflows	2025-07-29T11:59:25.8720614Z run 13412402801 cannot be rerun; its workflow file may be broken
job-core	Re-run failed workflows	2025-07-29T11:59:26.7214963Z run 13412160966 cannot be rerun; its workflow file may be broken
job-core	Re-run failed workflows	2025-07-29T11:59:27.8001832Z run 13411869624 cannot be rerun; its workflow file may be broken
job-core	Re-run failed workflows	2025-07-29T11:59:28.6866824Z run 13411782720 cannot be rerun; its workflow file may be broken
job-core	Re-run failed workflows	2025-07-29T11:59:29.5083455Z run 13411714266 cannot be rerun; its workflow file may be broken
job-core	Re-run failed workflows	2025-07-29T11:59:30.3931890Z run 13411599405 cannot be rerun; its workflow file may be broken
job-core	Re-run failed workflows	2025-07-29T11:59:31.2494351Z run 13411313464 cannot be rerun; its workflow file may be broken
job-core	Re-run failed workflows	2025-07-29T11:59:32.0809107Z run 13410140056 cannot be rerun; its workflow file may be broken
job-core	Re-run failed workflows	2025-07-29T11:59:32.9412436Z run 13409981856 cannot be rerun; its workflow file may be broken
job-core	Re-run failed workflows	2025-07-29T11:59:33.7680698Z run 13408332908 cannot be rerun; its workflow file may be broken
job-core	Re-run failed workflows	2025-07-29T11:59:34.6410099Z run 13408224205 cannot be rerun; its workflow file may be broken
job-core	Re-run failed workflows	2025-07-29T11:59:35.4847431Z run 13408158521 cannot be rerun; its workflow file may be broken
job-core	Re-run failed workflows	2025-07-29T11:59:36.3073849Z run 13407957564 cannot be rerun; its workflow file may be broken
job-core	Re-run failed workflows	2025-07-29T11:59:37.1019959Z run 13407842089 cannot be rerun; its workflow file may be broken
job-core	Re-run failed workflows	2025-07-29T11:59:37.9515590Z run 13396321493 cannot be rerun; its workflow file may be broken
job-core	Re-run failed workflows	2025-07-29T11:59:38.8761781Z run 13396144327 cannot be rerun; its workflow file may be broken
job-core	Re-run failed workflows	2025-07-29T11:59:39.9313768Z run 13396031534 cannot be rerun; its workflow file may be broken
job-core	Re-run failed workflows	2025-07-29T11:59:40.8773799Z run 13395939841 cannot be rerun; its workflow file may be broken
job-core	Re-run failed workflows	2025-07-29T11:59:41.7699353Z run 13395899868 cannot be rerun; its workflow file may be broken
job-core	Re-run failed workflows	2025-07-29T11:59:42.5933589Z run 13395892336 cannot be rerun; its workflow file may be broken
job-core	Re-run failed workflows	2025-07-29T11:59:43.5584207Z run 13395259979 cannot be rerun; its workflow file may be broken
job-core	Re-run failed workflows	2025-07-29T11:59:44.4934688Z run 13395111096 cannot be rerun; its workflow file may be broken
job-core	Re-run failed workflows	2025-07-29T11:59:45.3641792Z run 13390326966 cannot be rerun; its workflow file may be broken
job-core	Re-run failed workflows	2025-07-29T11:59:46.1964395Z run 13390250656 cannot be rerun; its workflow file may be broken
job-core	Re-run failed workflows	2025-07-29T11:59:47.0554640Z run 13390172374 cannot be rerun; its workflow file may be broken
job-core	Re-run failed workflows	2025-07-29T11:59:47.9086907Z run 13390020386 cannot be rerun; its workflow file may be broken
job-core	Re-run failed workflows	2025-07-29T11:59:48.7896331Z run 13389757457 cannot be rerun; its workflow file may be broken
job-core	Re-run failed workflows	2025-07-29T11:59:49.7100977Z run 13389571245 cannot be rerun; its workflow file may be broken
job-core	Re-run failed workflows	2025-07-29T11:59:50.5577124Z run 13389528347 cannot be rerun; its workflow file may be broken
job-core	Re-run failed workflows	2025-07-29T11:59:51.3727907Z run 13389406951 cannot be rerun; its workflow file may be broken
job-core	Re-run failed workflows	2025-07-29T11:59:52.2694015Z run 13389320703 cannot be rerun; its workflow file may be broken
job-core	Re-run failed workflows	2025-07-29T11:59:53.1706446Z run 13389250470 cannot be rerun; its workflow file may be broken
job-core	Re-run failed workflows	2025-07-29T11:59:54.0923328Z run 13389237793 cannot be rerun; its workflow file may be broken
job-core	Re-run failed workflows	2025-07-29T11:59:54.9626096Z run 13389017129 cannot be rerun; its workflow file may be broken
job-core	Re-run failed workflows	2025-07-29T11:59:55.8513881Z run 13388886939 cannot be rerun; its workflow file may be broken
job-core	Re-run failed workflows	2025-07-29T11:59:56.6541342Z run 13388586289 cannot be rerun; its workflow file may be broken
job-core	Re-run failed workflows	2025-07-29T11:59:57.4734606Z run 13370488425 cannot be rerun; its workflow file may be broken
job-core	Re-run failed workflows	2025-07-29T11:59:58.3156084Z run 13370380363 cannot be rerun; its workflow file may be broken
job-core	Re-run failed workflows	2025-07-29T11:59:59.1622934Z run 13370192694 cannot be rerun; its workflow file may be broken
job-core	Re-run failed workflows	2025-07-29T11:59:59.9925753Z run 13369894175 cannot be rerun; its workflow file may be broken
job-core	Re-run failed workflows	2025-07-29T12:00:00.9496198Z run 13369488229 cannot be rerun; its workflow file may be broken
job-core	Re-run failed workflows	2025-07-29T12:00:01.8266379Z run 13367579874 cannot be rerun; its workflow file may be broken
job-core	Re-run failed workflows	2025-07-29T12:00:02.7344571Z run 13367550942 cannot be rerun; its workflow file may be broken
job-core	Re-run failed workflows	2025-07-29T12:00:03.6834061Z run 13367447422 cannot be rerun; its workflow file may be broken
job-core	Re-run failed workflows	2025-07-29T12:00:04.5832978Z run 13367322058 cannot be rerun; its workflow file may be broken
job-core	Re-run failed workflows	2025-07-29T12:00:05.4153180Z run 13367268423 cannot be rerun; its workflow file may be broken
job-core	Re-run failed workflows	2025-07-29T12:00:06.2491456Z run 13367177574 cannot be rerun; its workflow file may be broken
job-core	Re-run failed workflows	2025-07-29T12:00:07.0829668Z run 13367138265 cannot be rerun; its workflow file may be broken
job-core	Re-run failed workflows	2025-07-29T12:00:07.9501096Z run 13367047025 cannot be rerun; its workflow file may be broken
job-core	Re-run failed workflows	2025-07-29T12:00:08.8069277Z run 13366945356 cannot be rerun; its workflow file may be broken
job-core	Re-run failed workflows	2025-07-29T12:00:09.6474547Z run 13366862411 cannot be rerun; its workflow file may be broken
job-core	Re-run failed workflows	2025-07-29T12:00:10.5147352Z run 13366752132 cannot be rerun; its workflow file may be broken
job-core	Re-run failed workflows	2025-07-29T12:00:11.3723140Z run 13366339650 cannot be rerun; its workflow file may be broken
job-core	Re-run failed workflows	2025-07-29T12:00:12.2304430Z run 13345644886 cannot be rerun; its workflow file may be broken
job-core	Re-run failed workflows	2025-07-29T12:00:13.1299873Z run 13329757499 cannot be rerun; its workflow file may be broken
job-core	Re-run failed workflows	2025-07-29T12:00:13.9476839Z run 13329624405 cannot be rerun; its workflow file may be broken
job-core	Re-run failed workflows	2025-07-29T12:00:14.7806314Z run 13329562153 cannot be rerun; its workflow file may be broken
job-core	Re-run failed workflows	2025-07-29T12:00:15.6521772Z run 13329371252 cannot be rerun; its workflow file may be broken
job-core	Re-run failed workflows	2025-07-29T12:00:16.4927442Z run 13329283381 cannot be rerun; its workflow file may be broken
job-core	Re-run failed workflows	2025-07-29T12:00:17.3354284Z run 13327840166 cannot be rerun; its workflow file may be broken
job-core	Re-run failed workflows	2025-07-29T12:00:18.3538490Z run 13327350482 cannot be rerun; its workflow file may be broken
job-core	Re-run failed workflows	2025-07-29T12:00:19.2753068Z run 13327249485 cannot be rerun; its workflow file may be broken
job-core	Re-run failed workflows	2025-07-29T12:00:20.1509524Z run 13327132364 cannot be rerun; its workflow file may be broken
job-core	Re-run failed workflows	2025-07-29T12:00:21.0004185Z run 13326403576 cannot be rerun; its workflow file may be broken
job-core	Re-run failed workflows	2025-07-29T12:00:21.8027919Z run 13325505614 cannot be rerun; its workflow file may be broken
job-core	Re-run failed workflows	2025-07-29T12:00:22.6953389Z run 13309707288 cannot be rerun; its workflow file may be broken
job-core	Re-run failed workflows	2025-07-29T12:00:23.6446172Z run 13309570741 cannot be rerun; its workflow file may be broken
job-core	Re-run failed workflows	2025-07-29T12:00:24.4974069Z run 13303505568 cannot be rerun; its workflow file may be broken
job-core	Re-run failed workflows	2025-07-29T12:00:25.3243351Z run 13245913624 cannot be rerun; its workflow file may be broken
job-core	Re-run failed workflows	2025-07-29T12:00:26.2619552Z run 13245782056 cannot be rerun; its workflow file may be broken
job-core	Re-run failed workflows	2025-07-29T12:00:27.0636511Z run 13245665323 cannot be rerun; its workflow file may be broken
job-core	Re-run failed workflows	2025-07-29T12:00:27.8764187Z run 13245348859 cannot be rerun; its workflow file may be broken
job-core	Re-run failed workflows	2025-07-29T12:00:28.7533380Z run 13244064437 cannot be rerun; its workflow file may be broken
job-core	Re-run failed workflows	2025-07-29T12:00:29.6141482Z run 13243913323 cannot be rerun; its workflow file may be broken
job-core	Re-run failed workflows	2025-07-29T12:00:30.4446348Z run 13243731360 cannot be rerun; its workflow file may be broken
job-core	Re-run failed workflows	2025-07-29T12:00:31.2441088Z run 13243055626 cannot be rerun; its workflow file may be broken
job-core	Re-run failed workflows	2025-07-29T12:00:32.0625702Z run 13242958593 cannot be rerun; its workflow file may be broken
job-core	Re-run failed workflows	2025-07-29T12:00:32.9502432Z run 13242709182 cannot be rerun; its workflow file may be broken
job-core	Re-run failed workflows	2025-07-29T12:00:33.8214243Z run 13242343874 cannot be rerun; its workflow file may be broken
job-core	Re-run failed workflows	2025-07-29T12:00:34.6557271Z run 13242120341 cannot be rerun; its workflow file may be broken
job-core	Re-run failed workflows	2025-07-29T12:00:35.5145765Z run 13241810905 cannot be rerun; its workflow file may be broken
job-core	Re-run failed workflows	2025-07-29T12:00:36.4189218Z run 13241599057 cannot be rerun; its workflow file may be broken
job-core	Re-run failed workflows	2025-07-29T12:00:37.2621766Z run 13241481481 cannot be rerun; its workflow file may be broken
job-core	Re-run failed workflows	2025-07-29T12:00:38.1036596Z run 13241367326 cannot be rerun; its workflow file may be broken
job-core	Re-run failed workflows	2025-07-29T12:00:39.0270382Z run 13241059967 cannot be rerun; its workflow file may be broken
job-core	Re-run failed workflows	2025-07-29T12:00:39.8832259Z run 13239422185 cannot be rerun; its workflow file may be broken
job-core	Re-run failed workflows	2025-07-29T12:00:40.7098426Z run 13239400844 cannot be rerun; its workflow file may be broken
job-core	Re-run failed workflows	2025-07-29T12:00:41.5731570Z run 13183801389 cannot be rerun; its workflow file may be broken
job-core	Re-run failed workflows	2025-07-29T12:00:42.4938183Z run 13179251736 cannot be rerun; its workflow file may be broken
job-core	Re-run failed workflows	2025-07-29T12:00:43.3656803Z run 13179081992 cannot be rerun; its workflow file may be broken
job-core	Re-run failed workflows	2025-07-29T12:00:44.2510667Z run 13175435329 cannot be rerun; its workflow file may be broken
job-core	Re-run failed workflows	2025-07-29T12:00:45.1826399Z run 13175212754 cannot be rerun; its workflow file may be broken
job-core	Re-run failed workflows	2025-07-29T12:00:46.0125341Z run 13153219191 cannot be rerun; its workflow file may be broken
job-core	Re-run failed workflows	2025-07-29T12:00:46.8997328Z run 13140617433 cannot be rerun; its workflow file may be broken
job-core	Re-run failed workflows	2025-07-29T12:00:47.7662131Z run 13140408225 cannot be rerun; its workflow file may be broken
job-core	Re-run failed workflows	2025-07-29T12:00:48.6350235Z run 13140362428 cannot be rerun; its workflow file may be broken
job-core	Re-run failed workflows	2025-07-29T12:00:49.4476995Z run 13140358046 cannot be rerun; its workflow file may be broken
job-core	Re-run failed workflows	2025-07-29T12:00:50.3180675Z run 13140292574 cannot be rerun; its workflow file may be broken
job-core	Re-run failed workflows	2025-07-29T12:00:51.2050983Z run 13140267659 cannot be rerun; its workflow file may be broken
job-core	Re-run failed workflows	2025-07-29T12:00:52.0901090Z run 13140246878 cannot be rerun; its workflow file may be broken
job-core	Re-run failed workflows	2025-07-29T12:00:52.9423183Z run 13140177438 cannot be rerun; its workflow file may be broken
job-core	Re-run failed workflows	2025-07-29T12:00:53.7909485Z run 13140105140 cannot be rerun; its workflow file may be broken
job-core	Re-run failed workflows	2025-07-29T12:00:54.6241395Z run 13140072021 cannot be rerun; its workflow file may be broken
job-core	Re-run failed workflows	2025-07-29T12:00:55.4903377Z run 13139889627 cannot be rerun; its workflow file may be broken
job-core	Re-run failed workflows	2025-07-29T12:00:56.3224275Z run 13139602458 cannot be rerun; its workflow file may be broken
job-core	Upload file results	ï»¿2025-07-29T12:00:56.3301317Z ##[group]Run echo "Uploading results files to the repository..."
job-core	Upload file results	2025-07-29T12:00:56.3301860Z [36;1mecho "Uploading results files to the repository..."[0m
job-core	Upload file results	2025-07-29T12:00:56.3302371Z [36;1mgit config --global user.name "***"[0m
job-core	Upload file results	2025-07-29T12:00:56.3302730Z [36;1mgit config --global user.email "***"[0m
job-core	Upload file results	2025-07-29T12:00:56.3303024Z [36;1mgit pull[0m
job-core	Upload file results	2025-07-29T12:00:56.3303242Z [36;1mgit add core/results/rr/*[0m
job-core	Upload file results	2025-07-29T12:00:56.3303707Z [36;1mgit commit -m "[Ka0S] Re-Runs Inspector uploading resume execution files to the repository..."[0m
job-core	Upload file results	2025-07-29T12:00:56.3304183Z [36;1mgit push[0m
job-core	Upload file results	2025-07-29T12:00:56.3312047Z shell: /usr/bin/bash -e {0}
job-core	Upload file results	2025-07-29T12:00:56.3312332Z env:
job-core	Upload file results	2025-07-29T12:00:56.3312543Z   KAOS_CODE: 16584778630
job-core	Upload file results	2025-07-29T12:00:56.3312795Z   KAOS_EVENT_NAME: schedule
job-core	Upload file results	2025-07-29T12:00:56.3313057Z   KAOS_ACTION: 
job-core	Upload file results	2025-07-29T12:00:56.3313286Z   KAOS_REF: refs/heads/main
job-core	Upload file results	2025-07-29T12:00:56.3313622Z   KAOS_MODULE: [Ka0S] Re-Run Failed Inspector Workflows
job-core	Upload file results	2025-07-29T12:00:56.3314129Z   KAOS_PATH_SOURCE: core/outputs/w/kaos-workflows-runs.json
job-core	Upload file results	2025-07-29T12:00:56.3314549Z   KAOS_PATH_RESUME: core/results/rr/
job-core	Upload file results	2025-07-29T12:00:56.3314859Z   KAOS_ACTOR: santakloud
job-core	Upload file results	2025-07-29T12:00:56.3323175Z ##[endgroup]
job-core	Upload file results	2025-07-29T12:00:56.3354257Z Uploading results files to the repository...
job-core	Upload file results	2025-07-29T12:00:57.0431402Z From https://github.com/Ka0s-Klaus/ka0s
job-core	Upload file results	2025-07-29T12:00:57.0432013Z    f639a77e..7e63a0d3  main       -> origin/main
job-core	Upload file results	2025-07-29T12:00:57.0597720Z Updating f639a77e..7e63a0d3
job-core	Upload file results	2025-07-29T12:00:57.0598947Z Fast-forward
job-core	Upload file results	2025-07-29T12:00:57.0613845Z  audit/inspector/16558040800.json |   1 +
job-core	Upload file results	2025-07-29T12:00:57.0614598Z  audit/inspector/16558040800.log  | 381 +++++++++++++++++++++++++++++++++++++++
job-core	Upload file results	2025-07-29T12:00:57.0615075Z  audit/inspector/16558266215.json |   1 +
job-core	Upload file results	2025-07-29T12:00:57.0615485Z  audit/inspector/16558266215.log  | 345 +++++++++++++++++++++++++++++++++++
job-core	Upload file results	2025-07-29T12:00:57.0615917Z  4 files changed, 728 insertions(+)
job-core	Upload file results	2025-07-29T12:00:57.0616252Z  create mode 100644 audit/inspector/16558040800.json
job-core	Upload file results	2025-07-29T12:00:57.0616673Z  create mode 100644 audit/inspector/16558040800.log
job-core	Upload file results	2025-07-29T12:00:57.0617069Z  create mode 100644 audit/inspector/16558266215.json
job-core	Upload file results	2025-07-29T12:00:57.0617523Z  create mode 100644 audit/inspector/16558266215.log
job-core	Upload file results	2025-07-29T12:00:57.0803588Z [main afc220b1] [Ka0S] Re-Runs Inspector uploading resume execution files to the repository...
job-core	Upload file results	2025-07-29T12:00:57.0804398Z  1 file changed, 496 insertions(+)
job-core	Upload file results	2025-07-29T12:00:57.0804852Z  create mode 100644 core/results/rr/16584778630_resume_reruns_inspector.log
job-core	Upload file results	2025-07-29T12:00:58.0577345Z To https://github.com/Ka0s-Klaus/ka0s
job-core	Upload file results	2025-07-29T12:00:58.0578693Z    7e63a0d3..afc220b1  main -> main
job-core	Post Checkout repository	ï»¿2025-07-29T12:00:58.0727640Z Post job cleanup.
job-core	Post Checkout repository	2025-07-29T12:00:58.1850759Z [command]/usr/bin/git version
job-core	Post Checkout repository	2025-07-29T12:00:58.1887676Z git version 2.43.0
job-core	Post Checkout repository	2025-07-29T12:00:58.1931553Z Copying '/home/kaos/.gitconfig' to '/actions-runner/_work/_temp/2ee6ca9b-7dd2-4e96-9658-739a61850473/.gitconfig'
job-core	Post Checkout repository	2025-07-29T12:00:58.1946030Z Temporarily overriding HOME='/actions-runner/_work/_temp/2ee6ca9b-7dd2-4e96-9658-739a61850473' before making global git config changes
job-core	Post Checkout repository	2025-07-29T12:00:58.1947413Z Adding repository directory to the temporary git global config as a safe directory
job-core	Post Checkout repository	2025-07-29T12:00:58.1952752Z [command]/usr/bin/git config --global --add safe.directory /actions-runner/_work/ka0s/ka0s
job-core	Post Checkout repository	2025-07-29T12:00:58.1992374Z [command]/usr/bin/git config --local --name-only --get-regexp core\.sshCommand
job-core	Post Checkout repository	2025-07-29T12:00:58.2034501Z [command]/usr/bin/git submodule foreach --recursive sh -c "git config --local --name-only --get-regexp 'core\.sshCommand' && git config --local --unset-all 'core.sshCommand' || :"
job-core	Post Checkout repository	2025-07-29T12:00:58.2305154Z [command]/usr/bin/git config --local --name-only --get-regexp http\.https\:\/\/github\.com\/\.extraheader
job-core	Post Checkout repository	2025-07-29T12:00:58.2329182Z http.https://github.com/.extraheader
job-core	Post Checkout repository	2025-07-29T12:00:58.2344020Z [command]/usr/bin/git config --local --unset-all http.https://github.com/.extraheader
job-core	Post Checkout repository	2025-07-29T12:00:58.2379134Z [command]/usr/bin/git submodule foreach --recursive sh -c "git config --local --name-only --get-regexp 'http\.https\:\/\/github\.com\/\.extraheader' && git config --local --unset-all 'http.https://github.com/.extraheader' || :"
job-core	Complete job	ï»¿2025-07-29T12:00:58.2745434Z Cleaning up orphan processes
handle-success	Set up job	ï»¿2025-07-29T12:01:52.6955905Z Current runner version: '2.326.0'
handle-success	Set up job	2025-07-29T12:01:52.6963018Z Runner name: 'ka0s-ka0s-1'
handle-success	Set up job	2025-07-29T12:01:52.6963808Z Runner group name: 'ka0s'
handle-success	Set up job	2025-07-29T12:01:52.6964755Z Machine name: 'cdd2f717b505'
handle-success	Set up job	2025-07-29T12:01:52.6967363Z ##[group]GITHUB_TOKEN Permissions
handle-success	Set up job	2025-07-29T12:01:52.6969503Z Actions: write
handle-success	Set up job	2025-07-29T12:01:52.6970466Z Metadata: read
handle-success	Set up job	2025-07-29T12:01:52.6971323Z ##[endgroup]
handle-success	Set up job	2025-07-29T12:01:52.6973535Z Secret source: Actions
handle-success	Set up job	2025-07-29T12:01:52.6974204Z Prepare workflow directory
handle-success	Set up job	2025-07-29T12:01:52.7596741Z Prepare all required actions
handle-success	Set up job	2025-07-29T12:01:52.7637614Z Getting action download info
handle-success	Set up job	2025-07-29T12:01:53.3578126Z Download action repository 'actions/checkout@v4' (SHA:11bd71901bbe5b1630ceea73d27597364c9af683)
handle-success	Set up job	2025-07-29T12:01:54.2583603Z Complete job name: handle-success
handle-success	Checkout code	ï»¿2025-07-29T12:01:54.3089903Z ##[group]Run actions/checkout@v4
handle-success	Checkout code	2025-07-29T12:01:54.3091072Z with:
handle-success	Checkout code	2025-07-29T12:01:54.3091515Z   fetch-depth: 0
handle-success	Checkout code	2025-07-29T12:01:54.3092195Z   token: ***
handle-success	Checkout code	2025-07-29T12:01:54.3092646Z   repository: Ka0s-Klaus/ka0s
handle-success	Checkout code	2025-07-29T12:01:54.3093216Z   ssh-strict: true
handle-success	Checkout code	2025-07-29T12:01:54.3093651Z   ssh-user: git
handle-success	Checkout code	2025-07-29T12:01:54.3094091Z   persist-credentials: true
handle-success	Checkout code	2025-07-29T12:01:54.3094593Z   clean: true
handle-success	Checkout code	2025-07-29T12:01:54.3095035Z   sparse-checkout-cone-mode: true
handle-success	Checkout code	2025-07-29T12:01:54.3095583Z   fetch-tags: false
handle-success	Checkout code	2025-07-29T12:01:54.3096033Z   show-progress: true
handle-success	Checkout code	2025-07-29T12:01:54.3096481Z   lfs: false
handle-success	Checkout code	2025-07-29T12:01:54.3096890Z   submodules: false
handle-success	Checkout code	2025-07-29T12:01:54.3097362Z   set-safe-directory: true
handle-success	Checkout code	2025-07-29T12:01:54.3098084Z env:
handle-success	Checkout code	2025-07-29T12:01:54.3098505Z   KAOS_CODE: 16584778630
handle-success	Checkout code	2025-07-29T12:01:54.3098993Z   KAOS_EVENT_NAME: schedule
handle-success	Checkout code	2025-07-29T12:01:54.3099480Z   KAOS_ACTION: 
handle-success	Checkout code	2025-07-29T12:01:54.3099913Z   KAOS_REF: refs/heads/main
handle-success	Checkout code	2025-07-29T12:01:54.3100570Z   KAOS_MODULE: [Ka0S] Re-Run Failed Inspector Workflows
handle-success	Checkout code	2025-07-29T12:01:54.3101406Z   KAOS_PATH_SOURCE: core/outputs/w/kaos-workflows-runs.json
handle-success	Checkout code	2025-07-29T12:01:54.3102133Z   KAOS_PATH_RESUME: core/results/rr/
handle-success	Checkout code	2025-07-29T12:01:54.3102748Z   KAOS_ACTOR: santakloud
handle-success	Checkout code	2025-07-29T12:01:54.3103228Z ##[endgroup]
handle-success	Checkout code	2025-07-29T12:01:54.4299527Z Syncing repository: Ka0s-Klaus/ka0s
handle-success	Checkout code	2025-07-29T12:01:54.4302617Z ##[group]Getting Git version info
handle-success	Checkout code	2025-07-29T12:01:54.4303505Z Working directory is '/actions-runner/_work/ka0s/ka0s'
handle-success	Checkout code	2025-07-29T12:01:54.4304698Z [command]/usr/bin/git version
handle-success	Checkout code	2025-07-29T12:01:54.4305292Z git version 2.43.0
handle-success	Checkout code	2025-07-29T12:01:54.4319358Z ##[endgroup]
handle-success	Checkout code	2025-07-29T12:01:54.4331758Z Copying '/home/kaos/.gitconfig' to '/actions-runner/_work/_temp/2dc3a1e6-7bb4-477a-93cb-f2b7732d79ac/.gitconfig'
handle-success	Checkout code	2025-07-29T12:01:54.4344637Z Temporarily overriding HOME='/actions-runner/_work/_temp/2dc3a1e6-7bb4-477a-93cb-f2b7732d79ac' before making global git config changes
handle-success	Checkout code	2025-07-29T12:01:54.4347026Z Adding repository directory to the temporary git global config as a safe directory
handle-success	Checkout code	2025-07-29T12:01:54.4348413Z [command]/usr/bin/git config --global --add safe.directory /actions-runner/_work/ka0s/ka0s
handle-success	Checkout code	2025-07-29T12:01:54.4394982Z [command]/usr/bin/git config --local --get remote.origin.url
handle-success	Checkout code	2025-07-29T12:01:54.4426849Z https://github.com/Ka0s-Klaus/ka0s
handle-success	Checkout code	2025-07-29T12:01:54.4446441Z ##[group]Removing previously created refs, to avoid conflicts
handle-success	Checkout code	2025-07-29T12:01:54.4450083Z [command]/usr/bin/git rev-parse --symbolic-full-name --verify --quiet HEAD
handle-success	Checkout code	2025-07-29T12:01:54.4473025Z refs/heads/main
handle-success	Checkout code	2025-07-29T12:01:54.4484244Z [command]/usr/bin/git checkout --detach
handle-success	Checkout code	2025-07-29T12:01:54.4563581Z HEAD is now at f639a77e [Ka0S] Inspector uploading resume execution files to the repository...
handle-success	Checkout code	2025-07-29T12:01:54.4611801Z [command]/usr/bin/git branch --delete --force main
handle-success	Checkout code	2025-07-29T12:01:54.4650537Z Deleted branch main (was f639a77e).
handle-success	Checkout code	2025-07-29T12:01:54.4729948Z ##[endgroup]
handle-success	Checkout code	2025-07-29T12:01:54.4730841Z [command]/usr/bin/git submodule status
handle-success	Checkout code	2025-07-29T12:01:54.4988721Z ##[group]Cleaning the repository
handle-success	Checkout code	2025-07-29T12:01:54.4990839Z [command]/usr/bin/git clean -ffdx
handle-success	Checkout code	2025-07-29T12:01:54.5050651Z [command]/usr/bin/git reset --hard HEAD
handle-success	Checkout code	2025-07-29T12:01:54.5129454Z HEAD is now at f639a77e [Ka0S] Inspector uploading resume execution files to the repository...
handle-success	Checkout code	2025-07-29T12:01:54.5135442Z ##[endgroup]
handle-success	Checkout code	2025-07-29T12:01:54.5136936Z ##[group]Disabling automatic garbage collection
handle-success	Checkout code	2025-07-29T12:01:54.5141320Z [command]/usr/bin/git config --local gc.auto 0
handle-success	Checkout code	2025-07-29T12:01:54.5173327Z ##[endgroup]
handle-success	Checkout code	2025-07-29T12:01:54.5174285Z ##[group]Setting up auth
handle-success	Checkout code	2025-07-29T12:01:54.5179951Z [command]/usr/bin/git config --local --name-only --get-regexp core\.sshCommand
handle-success	Checkout code	2025-07-29T12:01:54.5218906Z [command]/usr/bin/git submodule foreach --recursive sh -c "git config --local --name-only --get-regexp 'core\.sshCommand' && git config --local --unset-all 'core.sshCommand' || :"
handle-success	Checkout code	2025-07-29T12:01:54.5473847Z [command]/usr/bin/git config --local --name-only --get-regexp http\.https\:\/\/github\.com\/\.extraheader
handle-success	Checkout code	2025-07-29T12:01:54.5507519Z [command]/usr/bin/git submodule foreach --recursive sh -c "git config --local --name-only --get-regexp 'http\.https\:\/\/github\.com\/\.extraheader' && git config --local --unset-all 'http.https://github.com/.extraheader' || :"
handle-success	Checkout code	2025-07-29T12:01:54.5764056Z [command]/usr/bin/git config --local http.https://github.com/.extraheader AUTHORIZATION: basic ***
handle-success	Checkout code	2025-07-29T12:01:54.5808008Z ##[endgroup]
handle-success	Checkout code	2025-07-29T12:01:54.5808980Z ##[group]Fetching the repository
handle-success	Checkout code	2025-07-29T12:01:54.5816116Z [command]/usr/bin/git -c protocol.version=2 fetch --prune --no-recurse-submodules origin +refs/heads/*:refs/remotes/origin/* +refs/tags/*:refs/tags/*
handle-success	Checkout code	2025-07-29T12:01:55.1166307Z From https://github.com/Ka0s-Klaus/ka0s
handle-success	Checkout code	2025-07-29T12:01:55.1171678Z    f639a77e..afc220b1  main       -> origin/main
handle-success	Checkout code	2025-07-29T12:01:55.1325590Z [command]/usr/bin/git branch --list --remote origin/main
handle-success	Checkout code	2025-07-29T12:01:55.1356595Z   origin/main
handle-success	Checkout code	2025-07-29T12:01:55.1366348Z [command]/usr/bin/git rev-parse refs/remotes/origin/main
handle-success	Checkout code	2025-07-29T12:01:55.1390842Z afc220b101636342420aee775c62bef515b8bd39
handle-success	Checkout code	2025-07-29T12:01:55.1402733Z [command]/usr/bin/git -c protocol.version=2 fetch --no-tags --prune --no-recurse-submodules origin +f639a77e171edee1648ef3bd0238812bce46a114:refs/remotes/origin/main
handle-success	Checkout code	2025-07-29T12:01:55.1560424Z From https://github.com/Ka0s-Klaus/ka0s
handle-success	Checkout code	2025-07-29T12:01:55.1562380Z  + afc220b1...f639a77e f639a77e171edee1648ef3bd0238812bce46a114 -> origin/main  (forced update)
handle-success	Checkout code	2025-07-29T12:01:55.1585634Z ##[endgroup]
handle-success	Checkout code	2025-07-29T12:01:55.1587120Z ##[group]Determining the checkout info
handle-success	Checkout code	2025-07-29T12:01:55.1588623Z ##[endgroup]
handle-success	Checkout code	2025-07-29T12:01:55.1591100Z [command]/usr/bin/git sparse-checkout disable
handle-success	Checkout code	2025-07-29T12:01:55.1640318Z [command]/usr/bin/git config --local --unset-all extensions.worktreeConfig
handle-success	Checkout code	2025-07-29T12:01:55.1671317Z ##[group]Checking out the ref
handle-success	Checkout code	2025-07-29T12:01:55.1674130Z [command]/usr/bin/git checkout --progress --force -B main refs/remotes/origin/main
handle-success	Checkout code	2025-07-29T12:01:55.1752173Z Switched to a new branch 'main'
handle-success	Checkout code	2025-07-29T12:01:55.1753873Z branch 'main' set up to track 'origin/main'.
handle-success	Checkout code	2025-07-29T12:01:55.1758488Z ##[endgroup]
handle-success	Checkout code	2025-07-29T12:01:55.1799324Z [command]/usr/bin/git log -1 --format=%H
handle-success	Checkout code	2025-07-29T12:01:55.1825692Z f639a77e171edee1648ef3bd0238812bce46a114
handle-success	handle-success-execution	ï»¿2025-07-29T12:01:55.2072454Z ##[group]Run # RNNUMBER=$(echo "refs/heads/main" | grep -o '[0-9]*')
handle-success	handle-success-execution	2025-07-29T12:01:55.2074223Z [36;1m# RNNUMBER=$(echo "refs/heads/main" | grep -o '[0-9]*')[0m
handle-success	handle-success-execution	2025-07-29T12:01:55.2077206Z [36;1m# gh issue comment $RNNUMBER --body "El proceso ha finalizado correctamente 16584778630. El resultado estÃ¡ en el fichero core/results/event_data_16584778630.log"[0m
handle-success	handle-success-execution	2025-07-29T12:01:55.2081280Z [36;1mecho "El proceso ha finalizado correctamente 16584778630. El resultado estÃ¡ en el fichero core/results/event_data_16584778630.log"[0m
handle-success	handle-success-execution	2025-07-29T12:01:55.2094212Z shell: /usr/bin/bash -e {0}
handle-success	handle-success-execution	2025-07-29T12:01:55.2095160Z env:
handle-success	handle-success-execution	2025-07-29T12:01:55.2095857Z   KAOS_CODE: 16584778630
handle-success	handle-success-execution	2025-07-29T12:01:55.2096965Z   KAOS_EVENT_NAME: schedule
handle-success	handle-success-execution	2025-07-29T12:01:55.2097859Z   KAOS_ACTION: 
handle-success	handle-success-execution	2025-07-29T12:01:55.2098615Z   KAOS_REF: refs/heads/main
handle-success	handle-success-execution	2025-07-29T12:01:55.2099679Z   KAOS_MODULE: [Ka0S] Re-Run Failed Inspector Workflows
handle-success	handle-success-execution	2025-07-29T12:01:55.2101917Z   KAOS_PATH_SOURCE: core/outputs/w/kaos-workflows-runs.json
handle-success	handle-success-execution	2025-07-29T12:01:55.2103256Z   KAOS_PATH_RESUME: core/results/rr/
handle-success	handle-success-execution	2025-07-29T12:01:55.2104261Z   KAOS_ACTOR: santakloud
handle-success	handle-success-execution	2025-07-29T12:01:55.2105552Z   GH_TOKEN: ***
handle-success	handle-success-execution	2025-07-29T12:01:55.2106298Z ##[endgroup]
handle-success	handle-success-execution	2025-07-29T12:01:55.2165057Z El proceso ha finalizado correctamente 16584778630. El resultado estÃ¡ en el fichero core/results/event_data_16584778630.log
handle-success	Post Checkout code	ï»¿2025-07-29T12:01:55.2347200Z Post job cleanup.
handle-success	Post Checkout code	2025-07-29T12:01:55.3483452Z [command]/usr/bin/git version
handle-success	Post Checkout code	2025-07-29T12:01:55.3525784Z git version 2.43.0
handle-success	Post Checkout code	2025-07-29T12:01:55.3568236Z Copying '/home/kaos/.gitconfig' to '/actions-runner/_work/_temp/66d07db5-71eb-40d8-917d-e403a400568e/.gitconfig'
handle-success	Post Checkout code	2025-07-29T12:01:55.3581670Z Temporarily overriding HOME='/actions-runner/_work/_temp/66d07db5-71eb-40d8-917d-e403a400568e' before making global git config changes
handle-success	Post Checkout code	2025-07-29T12:01:55.3587738Z Adding repository directory to the temporary git global config as a safe directory
handle-success	Post Checkout code	2025-07-29T12:01:55.3590390Z [command]/usr/bin/git config --global --add safe.directory /actions-runner/_work/ka0s/ka0s
handle-success	Post Checkout code	2025-07-29T12:01:55.3630102Z [command]/usr/bin/git config --local --name-only --get-regexp core\.sshCommand
handle-success	Post Checkout code	2025-07-29T12:01:55.3671670Z [command]/usr/bin/git submodule foreach --recursive sh -c "git config --local --name-only --get-regexp 'core\.sshCommand' && git config --local --unset-all 'core.sshCommand' || :"
handle-success	Post Checkout code	2025-07-29T12:01:55.4013097Z [command]/usr/bin/git config --local --name-only --get-regexp http\.https\:\/\/github\.com\/\.extraheader
handle-success	Post Checkout code	2025-07-29T12:01:55.4063502Z http.https://github.com/.extraheader
handle-success	Post Checkout code	2025-07-29T12:01:55.4137875Z [command]/usr/bin/git config --local --unset-all http.https://github.com/.extraheader
handle-success	Post Checkout code	2025-07-29T12:01:55.4201877Z [command]/usr/bin/git submodule foreach --recursive sh -c "git config --local --name-only --get-regexp 'http\.https\:\/\/github\.com\/\.extraheader' && git config --local --unset-all 'http.https://github.com/.extraheader' || :"
handle-success	Complete job	ï»¿2025-07-29T12:01:55.4682431Z Cleaning up orphan processes
end-workflow	Set up job	ï»¿2025-07-29T12:02:17.6416286Z Current runner version: '2.326.0'
end-workflow	Set up job	2025-07-29T12:02:17.6424290Z Runner name: 'ka0s-ka0s-1'
end-workflow	Set up job	2025-07-29T12:02:17.6425054Z Runner group name: 'ka0s'
end-workflow	Set up job	2025-07-29T12:02:17.6425944Z Machine name: 'cdd2f717b505'
end-workflow	Set up job	2025-07-29T12:02:17.6428605Z ##[group]GITHUB_TOKEN Permissions
end-workflow	Set up job	2025-07-29T12:02:17.6431409Z Actions: write
end-workflow	Set up job	2025-07-29T12:02:17.6431950Z Metadata: read
end-workflow	Set up job	2025-07-29T12:02:17.6432571Z ##[endgroup]
end-workflow	Set up job	2025-07-29T12:02:17.6434871Z Secret source: Actions
end-workflow	Set up job	2025-07-29T12:02:17.6435723Z Prepare workflow directory
end-workflow	Set up job	2025-07-29T12:02:17.7177227Z Prepare all required actions
end-workflow	Set up job	2025-07-29T12:02:17.7231579Z Getting action download info
end-workflow	Set up job	2025-07-29T12:02:18.2713433Z Download action repository 'actions/checkout@v4' (SHA:11bd71901bbe5b1630ceea73d27597364c9af683)
end-workflow	Set up job	2025-07-29T12:02:19.1561977Z Complete job name: end-workflow
end-workflow	Checkout code	ï»¿2025-07-29T12:02:19.2101365Z ##[group]Run actions/checkout@v4
end-workflow	Checkout code	2025-07-29T12:02:19.2102395Z with:
end-workflow	Checkout code	2025-07-29T12:02:19.2102865Z   fetch-depth: 0
end-workflow	Checkout code	2025-07-29T12:02:19.2103616Z   token: ***
end-workflow	Checkout code	2025-07-29T12:02:19.2104099Z   repository: Ka0s-Klaus/ka0s
end-workflow	Checkout code	2025-07-29T12:02:19.2104735Z   ssh-strict: true
end-workflow	Checkout code	2025-07-29T12:02:19.2105214Z   ssh-user: git
end-workflow	Checkout code	2025-07-29T12:02:19.2105694Z   persist-credentials: true
end-workflow	Checkout code	2025-07-29T12:02:19.2106235Z   clean: true
end-workflow	Checkout code	2025-07-29T12:02:19.2106725Z   sparse-checkout-cone-mode: true
end-workflow	Checkout code	2025-07-29T12:02:19.2107305Z   fetch-tags: false
end-workflow	Checkout code	2025-07-29T12:02:19.2107800Z   show-progress: true
end-workflow	Checkout code	2025-07-29T12:02:19.2108302Z   lfs: false
end-workflow	Checkout code	2025-07-29T12:02:19.2108763Z   submodules: false
end-workflow	Checkout code	2025-07-29T12:02:19.2109262Z   set-safe-directory: true
end-workflow	Checkout code	2025-07-29T12:02:19.2110470Z env:
end-workflow	Checkout code	2025-07-29T12:02:19.2110973Z   KAOS_CODE: 16584778630
end-workflow	Checkout code	2025-07-29T12:02:19.2111547Z   KAOS_EVENT_NAME: schedule
end-workflow	Checkout code	2025-07-29T12:02:19.2112354Z   KAOS_ACTION: 
end-workflow	Checkout code	2025-07-29T12:02:19.2112823Z   KAOS_REF: refs/heads/main
end-workflow	Checkout code	2025-07-29T12:02:19.2113476Z   KAOS_MODULE: [Ka0S] Re-Run Failed Inspector Workflows
end-workflow	Checkout code	2025-07-29T12:02:19.2114356Z   KAOS_PATH_SOURCE: core/outputs/w/kaos-workflows-runs.json
end-workflow	Checkout code	2025-07-29T12:02:19.2115113Z   KAOS_PATH_RESUME: core/results/rr/
end-workflow	Checkout code	2025-07-29T12:02:19.2115814Z   KAOS_ACTOR: santakloud
end-workflow	Checkout code	2025-07-29T12:02:19.2116545Z   GH_TOKEN: ***
end-workflow	Checkout code	2025-07-29T12:02:19.2117015Z ##[endgroup]
end-workflow	Checkout code	2025-07-29T12:02:19.3306609Z Syncing repository: Ka0s-Klaus/ka0s
end-workflow	Checkout code	2025-07-29T12:02:19.3308692Z ##[group]Getting Git version info
end-workflow	Checkout code	2025-07-29T12:02:19.3309538Z Working directory is '/actions-runner/_work/ka0s/ka0s'
end-workflow	Checkout code	2025-07-29T12:02:19.3311067Z [command]/usr/bin/git version
end-workflow	Checkout code	2025-07-29T12:02:19.3311795Z git version 2.43.0
end-workflow	Checkout code	2025-07-29T12:02:19.3326240Z ##[endgroup]
end-workflow	Checkout code	2025-07-29T12:02:19.3338889Z Copying '/home/kaos/.gitconfig' to '/actions-runner/_work/_temp/4698b299-a647-4c02-8ecd-10f6c8185f2a/.gitconfig'
end-workflow	Checkout code	2025-07-29T12:02:19.3349870Z Temporarily overriding HOME='/actions-runner/_work/_temp/4698b299-a647-4c02-8ecd-10f6c8185f2a' before making global git config changes
end-workflow	Checkout code	2025-07-29T12:02:19.3351986Z Adding repository directory to the temporary git global config as a safe directory
end-workflow	Checkout code	2025-07-29T12:02:19.3356816Z [command]/usr/bin/git config --global --add safe.directory /actions-runner/_work/ka0s/ka0s
end-workflow	Checkout code	2025-07-29T12:02:19.3405681Z [command]/usr/bin/git config --local --get remote.origin.url
end-workflow	Checkout code	2025-07-29T12:02:19.3442570Z https://github.com/Ka0s-Klaus/ka0s
end-workflow	Checkout code	2025-07-29T12:02:19.3462802Z ##[group]Removing previously created refs, to avoid conflicts
end-workflow	Checkout code	2025-07-29T12:02:19.3466430Z [command]/usr/bin/git rev-parse --symbolic-full-name --verify --quiet HEAD
end-workflow	Checkout code	2025-07-29T12:02:19.3494495Z refs/heads/main
end-workflow	Checkout code	2025-07-29T12:02:19.3505385Z [command]/usr/bin/git checkout --detach
end-workflow	Checkout code	2025-07-29T12:02:19.3585635Z HEAD is now at f639a77e [Ka0S] Inspector uploading resume execution files to the repository...
end-workflow	Checkout code	2025-07-29T12:02:19.3635815Z [command]/usr/bin/git branch --delete --force main
end-workflow	Checkout code	2025-07-29T12:02:19.3672610Z Deleted branch main (was f639a77e).
end-workflow	Checkout code	2025-07-29T12:02:19.3758752Z ##[endgroup]
end-workflow	Checkout code	2025-07-29T12:02:19.3759528Z [command]/usr/bin/git submodule status
end-workflow	Checkout code	2025-07-29T12:02:19.4040857Z ##[group]Cleaning the repository
end-workflow	Checkout code	2025-07-29T12:02:19.4043538Z [command]/usr/bin/git clean -ffdx
end-workflow	Checkout code	2025-07-29T12:02:19.4102203Z [command]/usr/bin/git reset --hard HEAD
end-workflow	Checkout code	2025-07-29T12:02:19.4187164Z HEAD is now at f639a77e [Ka0S] Inspector uploading resume execution files to the repository...
end-workflow	Checkout code	2025-07-29T12:02:19.4193704Z ##[endgroup]
end-workflow	Checkout code	2025-07-29T12:02:19.4194748Z ##[group]Disabling automatic garbage collection
end-workflow	Checkout code	2025-07-29T12:02:19.4198941Z [command]/usr/bin/git config --local gc.auto 0
end-workflow	Checkout code	2025-07-29T12:02:19.4234839Z ##[endgroup]
end-workflow	Checkout code	2025-07-29T12:02:19.4235808Z ##[group]Setting up auth
end-workflow	Checkout code	2025-07-29T12:02:19.4241253Z [command]/usr/bin/git config --local --name-only --get-regexp core\.sshCommand
end-workflow	Checkout code	2025-07-29T12:02:19.4278548Z [command]/usr/bin/git submodule foreach --recursive sh -c "git config --local --name-only --get-regexp 'core\.sshCommand' && git config --local --unset-all 'core.sshCommand' || :"
end-workflow	Checkout code	2025-07-29T12:02:19.4554507Z [command]/usr/bin/git config --local --name-only --get-regexp http\.https\:\/\/github\.com\/\.extraheader
end-workflow	Checkout code	2025-07-29T12:02:19.4589238Z [command]/usr/bin/git submodule foreach --recursive sh -c "git config --local --name-only --get-regexp 'http\.https\:\/\/github\.com\/\.extraheader' && git config --local --unset-all 'http.https://github.com/.extraheader' || :"
end-workflow	Checkout code	2025-07-29T12:02:19.4855324Z [command]/usr/bin/git config --local http.https://github.com/.extraheader AUTHORIZATION: basic ***
end-workflow	Checkout code	2025-07-29T12:02:19.4897418Z ##[endgroup]
end-workflow	Checkout code	2025-07-29T12:02:19.4898448Z ##[group]Fetching the repository
end-workflow	Checkout code	2025-07-29T12:02:19.4906559Z [command]/usr/bin/git -c protocol.version=2 fetch --prune --no-recurse-submodules origin +refs/heads/*:refs/remotes/origin/* +refs/tags/*:refs/tags/*
end-workflow	Checkout code	2025-07-29T12:02:20.0078998Z From https://github.com/Ka0s-Klaus/ka0s
end-workflow	Checkout code	2025-07-29T12:02:20.0081916Z    f639a77e..afc220b1  main       -> origin/main
end-workflow	Checkout code	2025-07-29T12:02:20.0230870Z [command]/usr/bin/git branch --list --remote origin/main
end-workflow	Checkout code	2025-07-29T12:02:20.0269307Z   origin/main
end-workflow	Checkout code	2025-07-29T12:02:20.0287338Z [command]/usr/bin/git rev-parse refs/remotes/origin/main
end-workflow	Checkout code	2025-07-29T12:02:20.0333316Z afc220b101636342420aee775c62bef515b8bd39
end-workflow	Checkout code	2025-07-29T12:02:20.0337212Z [command]/usr/bin/git -c protocol.version=2 fetch --no-tags --prune --no-recurse-submodules origin +f639a77e171edee1648ef3bd0238812bce46a114:refs/remotes/origin/main
end-workflow	Checkout code	2025-07-29T12:02:20.0491239Z From https://github.com/Ka0s-Klaus/ka0s
end-workflow	Checkout code	2025-07-29T12:02:20.0495438Z  + afc220b1...f639a77e f639a77e171edee1648ef3bd0238812bce46a114 -> origin/main  (forced update)
end-workflow	Checkout code	2025-07-29T12:02:20.0516985Z ##[endgroup]
end-workflow	Checkout code	2025-07-29T12:02:20.0519973Z ##[group]Determining the checkout info
end-workflow	Checkout code	2025-07-29T12:02:20.0521810Z ##[endgroup]
end-workflow	Checkout code	2025-07-29T12:02:20.0522657Z [command]/usr/bin/git sparse-checkout disable
end-workflow	Checkout code	2025-07-29T12:02:20.0574935Z [command]/usr/bin/git config --local --unset-all extensions.worktreeConfig
end-workflow	Checkout code	2025-07-29T12:02:20.0607287Z ##[group]Checking out the ref
end-workflow	Checkout code	2025-07-29T12:02:20.0609193Z [command]/usr/bin/git checkout --progress --force -B main refs/remotes/origin/main
end-workflow	Checkout code	2025-07-29T12:02:20.0694580Z Switched to a new branch 'main'
end-workflow	Checkout code	2025-07-29T12:02:20.0699300Z branch 'main' set up to track 'origin/main'.
end-workflow	Checkout code	2025-07-29T12:02:20.0703014Z ##[endgroup]
end-workflow	Checkout code	2025-07-29T12:02:20.0738862Z [command]/usr/bin/git log -1 --format=%H
end-workflow	Checkout code	2025-07-29T12:02:20.0771828Z f639a77e171edee1648ef3bd0238812bce46a114
end-workflow	Finaliza el workflow	ï»¿2025-07-29T12:02:20.1056312Z ##[group]Run echo "End process"
end-workflow	Finaliza el workflow	2025-07-29T12:02:20.1057557Z [36;1mecho "End process"[0m
end-workflow	Finaliza el workflow	2025-07-29T12:02:20.1058820Z [36;1m# RNNUMBER=$(echo "refs/heads/main" | grep -o '[0-9]*')[0m
end-workflow	Finaliza el workflow	2025-07-29T12:02:20.1060686Z [36;1m# gh issue comment $RNNUMBER --body "Se finaliza Ka0s 16584778630"[0m
end-workflow	Finaliza el workflow	2025-07-29T12:02:20.1062272Z [36;1mecho "Se finaliza Ka0s 16584778630"[0m
end-workflow	Finaliza el workflow	2025-07-29T12:02:20.1064684Z [36;1mgh workflow run inspector.yml --ref 'main' -f kaos-issue-id=$RNNUMBER -f kaos-workflow-id="16584778630" -f kaos-user-start=""[0m
end-workflow	Finaliza el workflow	2025-07-29T12:02:20.1079282Z shell: /usr/bin/bash -e {0}
end-workflow	Finaliza el workflow	2025-07-29T12:02:20.1080381Z env:
end-workflow	Finaliza el workflow	2025-07-29T12:02:20.1081087Z   KAOS_CODE: 16584778630
end-workflow	Finaliza el workflow	2025-07-29T12:02:20.1081977Z   KAOS_EVENT_NAME: schedule
end-workflow	Finaliza el workflow	2025-07-29T12:02:20.1082901Z   KAOS_ACTION: 
end-workflow	Finaliza el workflow	2025-07-29T12:02:20.1083686Z   KAOS_REF: refs/heads/main
end-workflow	Finaliza el workflow	2025-07-29T12:02:20.1084792Z   KAOS_MODULE: [Ka0S] Re-Run Failed Inspector Workflows
end-workflow	Finaliza el workflow	2025-07-29T12:02:20.1086697Z   KAOS_PATH_SOURCE: core/outputs/w/kaos-workflows-runs.json
end-workflow	Finaliza el workflow	2025-07-29T12:02:20.1088602Z   KAOS_PATH_RESUME: core/results/rr/
end-workflow	Finaliza el workflow	2025-07-29T12:02:20.1089662Z   KAOS_ACTOR: santakloud
end-workflow	Finaliza el workflow	2025-07-29T12:02:20.1091394Z   GH_TOKEN: ***
end-workflow	Finaliza el workflow	2025-07-29T12:02:20.1092184Z ##[endgroup]
end-workflow	Finaliza el workflow	2025-07-29T12:02:20.1155569Z End process
end-workflow	Finaliza el workflow	2025-07-29T12:02:20.1156925Z Se finaliza Ka0s 16584778630
end-workflow	Post Checkout code	ï»¿2025-07-29T12:02:20.8051401Z Post job cleanup.
end-workflow	Post Checkout code	2025-07-29T12:02:20.9268641Z [command]/usr/bin/git version
end-workflow	Post Checkout code	2025-07-29T12:02:20.9309900Z git version 2.43.0
end-workflow	Post Checkout code	2025-07-29T12:02:20.9351302Z Copying '/home/kaos/.gitconfig' to '/actions-runner/_work/_temp/cb0edd09-3110-4ccd-8f7e-f1128a58279b/.gitconfig'
end-workflow	Post Checkout code	2025-07-29T12:02:20.9365214Z Temporarily overriding HOME='/actions-runner/_work/_temp/cb0edd09-3110-4ccd-8f7e-f1128a58279b' before making global git config changes
end-workflow	Post Checkout code	2025-07-29T12:02:20.9369808Z Adding repository directory to the temporary git global config as a safe directory
end-workflow	Post Checkout code	2025-07-29T12:02:20.9372980Z [command]/usr/bin/git config --global --add safe.directory /actions-runner/_work/ka0s/ka0s
end-workflow	Post Checkout code	2025-07-29T12:02:20.9414967Z [command]/usr/bin/git config --local --name-only --get-regexp core\.sshCommand
end-workflow	Post Checkout code	2025-07-29T12:02:20.9462534Z [command]/usr/bin/git submodule foreach --recursive sh -c "git config --local --name-only --get-regexp 'core\.sshCommand' && git config --local --unset-all 'core.sshCommand' || :"
end-workflow	Post Checkout code	2025-07-29T12:02:20.9738632Z [command]/usr/bin/git config --local --name-only --get-regexp http\.https\:\/\/github\.com\/\.extraheader
end-workflow	Post Checkout code	2025-07-29T12:02:20.9766853Z http.https://github.com/.extraheader
end-workflow	Post Checkout code	2025-07-29T12:02:20.9782107Z [command]/usr/bin/git config --local --unset-all http.https://github.com/.extraheader
end-workflow	Post Checkout code	2025-07-29T12:02:20.9861333Z [command]/usr/bin/git submodule foreach --recursive sh -c "git config --local --name-only --get-regexp 'http\.https\:\/\/github\.com\/\.extraheader' && git config --local --unset-all 'http.https://github.com/.extraheader' || :"
end-workflow	Complete job	ï»¿2025-07-29T12:02:21.0449515Z Cleaning up orphan processes
