job-core	Set up job	ï»¿2025-08-05T09:39:32.6869385Z Current runner version: '2.327.1'
job-core	Set up job	2025-08-05T09:39:32.6879380Z Runner name: 'ka0s-ka0s-1'
job-core	Set up job	2025-08-05T09:39:32.6880341Z Runner group name: 'ka0s'
job-core	Set up job	2025-08-05T09:39:32.6881386Z Machine name: '2ae8e24676b9'
job-core	Set up job	2025-08-05T09:39:32.6884265Z ##[group]GITHUB_TOKEN Permissions
job-core	Set up job	2025-08-05T09:39:32.6887181Z Actions: write
job-core	Set up job	2025-08-05T09:39:32.6887888Z Metadata: read
job-core	Set up job	2025-08-05T09:39:32.6888471Z ##[endgroup]
job-core	Set up job	2025-08-05T09:39:32.6913269Z Secret source: Actions
job-core	Set up job	2025-08-05T09:39:32.6914551Z Prepare workflow directory
job-core	Set up job	2025-08-05T09:39:32.8705051Z Prepare all required actions
job-core	Set up job	2025-08-05T09:39:32.8970066Z Getting action download info
job-core	Set up job	2025-08-05T09:39:33.8870156Z Download action repository 'actions/checkout@v4' (SHA:11bd71901bbe5b1630ceea73d27597364c9af683)
job-core	Set up job	2025-08-05T09:39:34.6986996Z Complete job name: job-core
job-core	Checkout repository	ï»¿2025-08-05T09:39:34.7744706Z ##[group]Run actions/checkout@v4
job-core	Checkout repository	2025-08-05T09:39:34.7745829Z with:
job-core	Checkout repository	2025-08-05T09:39:34.7746300Z   fetch-depth: 0
job-core	Checkout repository	2025-08-05T09:39:34.7747256Z   token: ***
job-core	Checkout repository	2025-08-05T09:39:34.7747720Z   repository: Ka0s-Klaus/ka0s
job-core	Checkout repository	2025-08-05T09:39:34.7748333Z   ssh-strict: true
job-core	Checkout repository	2025-08-05T09:39:34.7748790Z   ssh-user: git
job-core	Checkout repository	2025-08-05T09:39:34.7749354Z   persist-credentials: true
job-core	Checkout repository	2025-08-05T09:39:34.7749869Z   clean: true
job-core	Checkout repository	2025-08-05T09:39:34.7750326Z   sparse-checkout-cone-mode: true
job-core	Checkout repository	2025-08-05T09:39:34.7750886Z   fetch-tags: false
job-core	Checkout repository	2025-08-05T09:39:34.7751361Z   show-progress: true
job-core	Checkout repository	2025-08-05T09:39:34.7751838Z   lfs: false
job-core	Checkout repository	2025-08-05T09:39:34.7752289Z   submodules: false
job-core	Checkout repository	2025-08-05T09:39:34.7752795Z   set-safe-directory: true
job-core	Checkout repository	2025-08-05T09:39:34.7753821Z env:
job-core	Checkout repository	2025-08-05T09:39:34.7754263Z   KAOS_CODE: 16738607895
job-core	Checkout repository	2025-08-05T09:39:34.7754765Z   KAOS_EVENT_NAME: schedule
job-core	Checkout repository	2025-08-05T09:39:34.7755287Z   KAOS_ACTION: 
job-core	Checkout repository	2025-08-05T09:39:34.7755748Z   KAOS_REF: refs/heads/main
job-core	Checkout repository	2025-08-05T09:39:34.7756359Z   KAOS_MODULE: [Ka0S] Re-Run Failed Inspector Workflows
job-core	Checkout repository	2025-08-05T09:39:34.7757215Z   KAOS_PATH_SOURCE: core/outputs/w/kaos-workflows-runs.json
job-core	Checkout repository	2025-08-05T09:39:34.7757953Z   KAOS_PATH_RESUME: core/results/rr/
job-core	Checkout repository	2025-08-05T09:39:34.7758577Z   KAOS_ACTOR: santakloud
job-core	Checkout repository	2025-08-05T09:39:34.7759183Z ##[endgroup]
job-core	Checkout repository	2025-08-05T09:39:34.9960168Z Syncing repository: Ka0s-Klaus/ka0s
job-core	Checkout repository	2025-08-05T09:39:34.9962416Z ##[group]Getting Git version info
job-core	Checkout repository	2025-08-05T09:39:34.9963212Z Working directory is '/actions-runner/_work/ka0s/ka0s'
job-core	Checkout repository	2025-08-05T09:39:34.9964328Z [command]/usr/bin/git version
job-core	Checkout repository	2025-08-05T09:39:34.9964885Z git version 2.43.0
job-core	Checkout repository	2025-08-05T09:39:34.9966967Z ##[endgroup]
job-core	Checkout repository	2025-08-05T09:39:34.9973142Z Temporarily overriding HOME='/actions-runner/_work/_temp/556751a3-d1c5-447b-8f58-441ac5897c50' before making global git config changes
job-core	Checkout repository	2025-08-05T09:39:34.9974714Z Adding repository directory to the temporary git global config as a safe directory
job-core	Checkout repository	2025-08-05T09:39:34.9975941Z [command]/usr/bin/git config --global --add safe.directory /actions-runner/_work/ka0s/ka0s
job-core	Checkout repository	2025-08-05T09:39:34.9977761Z [command]/usr/bin/git config --local --get remote.origin.url
job-core	Checkout repository	2025-08-05T09:39:34.9978532Z https://github.com/Ka0s-Klaus/ka0s
job-core	Checkout repository	2025-08-05T09:39:34.9980618Z ##[group]Removing previously created refs, to avoid conflicts
job-core	Checkout repository	2025-08-05T09:39:34.9981637Z [command]/usr/bin/git rev-parse --symbolic-full-name --verify --quiet HEAD
job-core	Checkout repository	2025-08-05T09:39:34.9982437Z HEAD
job-core	Checkout repository	2025-08-05T09:39:34.9989021Z ##[endgroup]
job-core	Checkout repository	2025-08-05T09:39:34.9989553Z [command]/usr/bin/git submodule status
job-core	Checkout repository	2025-08-05T09:39:35.0423741Z ##[group]Cleaning the repository
job-core	Checkout repository	2025-08-05T09:39:35.0433981Z [command]/usr/bin/git clean -ffdx
job-core	Checkout repository	2025-08-05T09:39:35.0651264Z [command]/usr/bin/git reset --hard HEAD
job-core	Checkout repository	2025-08-05T09:39:35.0934653Z HEAD is now at 68531f2b Merge 45292e26b234a8e23a17331e7daed600fa58ddc6 into 99b47044acacb5e2681a821f61f9959d09a2f8da
job-core	Checkout repository	2025-08-05T09:39:35.0951688Z ##[endgroup]
job-core	Checkout repository	2025-08-05T09:39:35.0956802Z ##[group]Disabling automatic garbage collection
job-core	Checkout repository	2025-08-05T09:39:35.0993552Z [command]/usr/bin/git config --local gc.auto 0
job-core	Checkout repository	2025-08-05T09:39:35.1100943Z ##[endgroup]
job-core	Checkout repository	2025-08-05T09:39:35.1118478Z ##[group]Setting up auth
job-core	Checkout repository	2025-08-05T09:39:35.1172764Z [command]/usr/bin/git config --local --name-only --get-regexp core\.sshCommand
job-core	Checkout repository	2025-08-05T09:39:35.1263844Z [command]/usr/bin/git submodule foreach --recursive sh -c "git config --local --name-only --get-regexp 'core\.sshCommand' && git config --local --unset-all 'core.sshCommand' || :"
job-core	Checkout repository	2025-08-05T09:39:35.1834513Z [command]/usr/bin/git config --local --name-only --get-regexp http\.https\:\/\/github\.com\/\.extraheader
job-core	Checkout repository	2025-08-05T09:39:35.1910799Z [command]/usr/bin/git submodule foreach --recursive sh -c "git config --local --name-only --get-regexp 'http\.https\:\/\/github\.com\/\.extraheader' && git config --local --unset-all 'http.https://github.com/.extraheader' || :"
job-core	Checkout repository	2025-08-05T09:39:35.2321747Z [command]/usr/bin/git config --local http.https://github.com/.extraheader AUTHORIZATION: basic ***
job-core	Checkout repository	2025-08-05T09:39:35.2388293Z ##[endgroup]
job-core	Checkout repository	2025-08-05T09:39:35.2389321Z ##[group]Fetching the repository
job-core	Checkout repository	2025-08-05T09:39:35.2396690Z [command]/usr/bin/git -c protocol.version=2 fetch --prune --no-recurse-submodules origin +refs/heads/*:refs/remotes/origin/* +refs/tags/*:refs/tags/*
job-core	Checkout repository	2025-08-05T09:39:36.0320416Z From https://github.com/Ka0s-Klaus/ka0s
job-core	Checkout repository	2025-08-05T09:39:36.0330371Z    1d87a581..4e4ba32d  main       -> origin/main
job-core	Checkout repository	2025-08-05T09:39:36.0491477Z [command]/usr/bin/git branch --list --remote origin/main
job-core	Checkout repository	2025-08-05T09:39:36.0618768Z   origin/main
job-core	Checkout repository	2025-08-05T09:39:36.0641913Z [command]/usr/bin/git rev-parse refs/remotes/origin/main
job-core	Checkout repository	2025-08-05T09:39:36.0767483Z 4e4ba32dfd8368a30ab83f2e83e247209d6747dd
job-core	Checkout repository	2025-08-05T09:39:36.0772706Z [command]/usr/bin/git -c protocol.version=2 fetch --no-tags --prune --no-recurse-submodules origin +99b47044acacb5e2681a821f61f9959d09a2f8da:refs/remotes/origin/main
job-core	Checkout repository	2025-08-05T09:39:36.1238460Z From https://github.com/Ka0s-Klaus/ka0s
job-core	Checkout repository	2025-08-05T09:39:36.1242150Z  + 4e4ba32d...99b47044 99b47044acacb5e2681a821f61f9959d09a2f8da -> origin/main  (forced update)
job-core	Checkout repository	2025-08-05T09:39:36.1343372Z ##[endgroup]
job-core	Checkout repository	2025-08-05T09:39:36.1372807Z ##[group]Determining the checkout info
job-core	Checkout repository	2025-08-05T09:39:36.1374579Z ##[endgroup]
job-core	Checkout repository	2025-08-05T09:39:36.1387167Z [command]/usr/bin/git sparse-checkout disable
job-core	Checkout repository	2025-08-05T09:39:36.1559072Z [command]/usr/bin/git config --local --unset-all extensions.worktreeConfig
job-core	Checkout repository	2025-08-05T09:39:36.1638508Z ##[group]Checking out the ref
job-core	Checkout repository	2025-08-05T09:39:36.1646921Z [command]/usr/bin/git checkout --progress --force -B main refs/remotes/origin/main
job-core	Checkout repository	2025-08-05T09:39:36.2083638Z Previous HEAD position was 68531f2b Merge 45292e26b234a8e23a17331e7daed600fa58ddc6 into 99b47044acacb5e2681a821f61f9959d09a2f8da
job-core	Checkout repository	2025-08-05T09:39:36.2156578Z Switched to a new branch 'main'
job-core	Checkout repository	2025-08-05T09:39:36.2169722Z branch 'main' set up to track 'origin/main'.
job-core	Checkout repository	2025-08-05T09:39:36.2174678Z ##[endgroup]
job-core	Checkout repository	2025-08-05T09:39:36.2331052Z [command]/usr/bin/git log -1 --format=%H
job-core	Checkout repository	2025-08-05T09:39:36.2417017Z 99b47044acacb5e2681a821f61f9959d09a2f8da
job-core	Get failed workflow runs for inspector.yml	ï»¿2025-08-05T09:39:36.2950304Z ##[group]Run failed_runs=$(jq -r '.[] | select(.name == "Ka0s Inspector" and .conclusion == "failure") | .id' core/outputs/w/kaos-workflows-runs.json | tr '\n' ' ')
job-core	Get failed workflow runs for inspector.yml	2025-08-05T09:39:36.2954661Z [36;1mfailed_runs=$(jq -r '.[] | select(.name == "Ka0s Inspector" and .conclusion == "failure") | .id' core/outputs/w/kaos-workflows-runs.json | tr '\n' ' ')[0m
job-core	Get failed workflow runs for inspector.yml	2025-08-05T09:39:36.2957443Z [36;1mecho "Failed runs: $failed_runs"[0m
job-core	Get failed workflow runs for inspector.yml	2025-08-05T09:39:36.2959055Z [36;1mecho "::set-output name=failed_runs::${failed_runs}"[0m
job-core	Get failed workflow runs for inspector.yml	2025-08-05T09:39:36.2987050Z shell: /usr/bin/bash -e {0}
job-core	Get failed workflow runs for inspector.yml	2025-08-05T09:39:36.2988315Z env:
job-core	Get failed workflow runs for inspector.yml	2025-08-05T09:39:36.2992861Z   KAOS_CODE: 16738607895
job-core	Get failed workflow runs for inspector.yml	2025-08-05T09:39:36.2994071Z   KAOS_EVENT_NAME: schedule
job-core	Get failed workflow runs for inspector.yml	2025-08-05T09:39:36.2995159Z   KAOS_ACTION: 
job-core	Get failed workflow runs for inspector.yml	2025-08-05T09:39:36.2996189Z   KAOS_REF: refs/heads/main
job-core	Get failed workflow runs for inspector.yml	2025-08-05T09:39:36.2997560Z   KAOS_MODULE: [Ka0S] Re-Run Failed Inspector Workflows
job-core	Get failed workflow runs for inspector.yml	2025-08-05T09:39:36.3009858Z   KAOS_PATH_SOURCE: core/outputs/w/kaos-workflows-runs.json
job-core	Get failed workflow runs for inspector.yml	2025-08-05T09:39:36.3015762Z   KAOS_PATH_RESUME: core/results/rr/
job-core	Get failed workflow runs for inspector.yml	2025-08-05T09:39:36.3017025Z   KAOS_ACTOR: santakloud
job-core	Get failed workflow runs for inspector.yml	2025-08-05T09:39:36.3018803Z   GH_TOKEN: ***
job-core	Get failed workflow runs for inspector.yml	2025-08-05T09:39:36.3019914Z ##[endgroup]
job-core	Get failed workflow runs for inspector.yml	2025-08-05T09:39:36.4626878Z Failed runs: 15972265751 15972261980 15972236479 15923570049 15923541805 15923467044 15908004267 15896042050 15875884721 15875879430 15675347872 15277663444 15277407235 15065940026 15018241770 15017446707 15014607842 15014303394 14992423211 14990561766 14989342558 14976009071 14974119390 14969531744 14922036002 14904590502 14864167176 14830448135 14752252289 14748558851 14616952632 14616785373 14597790417 14597777415 14597674450 14443712022 14400868199 14399606006 14374957328 14366198227 14360214639 14360193338 14358469587 14354759911 14350135070 14350121791 14327149728 14327143212 14312805606 14312265605 14311936287 14311727830 14311671493 14310884392 14307632300 14307603304 14307424186 14307194644 14307116884 14307099437 14245880603 14240824649 14240154431 14239415392 14238590997 14238439867 14238288695 14217714119 14217709523 14217662296 14216881791 14216351882 14216341231 14216329451 14216155695 14214234688 14214173142 14213862715 14213526080 14192622028 13526685864 13526535679 13520220898 13520173145 13520126414 13519918783 13519742881 13519713058 13518498573 13518289485 13517991634 13517787702 13456851033 13456685940 13456511714 13456422702 13456214155 13456042511 13455755677 13455596707 13455565681 13455462830 13455413049 13455375582 13455366438 13454978228 13454718867 13454648818 13453865764 13453725590 13453510991 13453000625 13452974848 13452827212 13452769619 13435269876 13435214399 13435009424 13434911708 13434618902 13434427293 13434006906 13433657343 13433514097 13433360001 13417971766 13417756488 13417495864 13417071264 13416748091 13416441369 13416342672 13416302888 13415955826 13415831172 13415389089 13414954861 13413490319 13413351568 13413166992 13412621263 13412548274 13412501549 13412402801 13412160966 13411869624 13411782720 13411714266 13411599405 13411313464 13410140056 13409981856 13408332908 13408224205 13408158521 13407957564 13407842089 13396321493 13396144327 13396031534 13395939841 13395899868 13395892336 13395259979 13395111096 13390326966 13390250656 13390172374 13390020386 13389757457 13389571245 13389528347 13389406951 13389320703 13389250470 13389237793 13389017129 13388886939 13388586289 13370488425 13370380363 13370192694 13369894175 13369488229 13367579874 13367550942 13367447422 13367322058 13367268423 13367177574 13367138265 13367047025 13366945356 13366862411 13366752132 13366339650 13345644886 13329757499 13329624405 13329562153 13329371252 13329283381 13327840166 13327350482 13327249485 13327132364 13326403576 13325505614 13309707288 13309570741 13303505568 13245913624 13245782056 13245665323 13245348859 13244064437 13243913323 13243731360 13243055626 13242958593 13242709182 13242343874 13242120341 13241810905 13241599057 13241481481 13241367326 13241059967 13239422185 13239400844 13183801389 13179251736 13179081992 13175435329 13175212754 13153219191 13140617433 13140408225 13140362428 13140358046 13140292574 13140267659 13140246878 13140177438 13140105140 13140072021 13139889627 13139602458 
job-core	Get failed workflow runs for inspector.yml	2025-08-05T09:39:36.4687353Z ##[warning]The `set-output` command is deprecated and will be disabled soon. Please upgrade to using Environment Files. For more information see: https://github.blog/changelog/2022-10-11-github-actions-deprecating-save-state-and-set-output-commands/
job-core	Re-run failed workflows	ï»¿2025-08-05T09:39:36.5131934Z ##[group]Run for run_id in 15972265751 15972261980 15972236479 15923570049 15923541805 15923467044 15908004267 15896042050 15875884721 15875879430 15675347872 15277663444 15277407235 15065940026 15018241770 15017446707 15014607842 15014303394 14992423211 14990561766 14989342558 14976009071 14974119390 14969531744 14922036002 14904590502 14864167176 14830448135 14752252289 14748558851 14616952632 14616785373 14597790417 14597777415 14597674450 14443712022 14400868199 14399606006 14374957328 14366198227 14360214639 14360193338 14358469587 14354759911 14350135070 14350121791 14327149728 14327143212 14312805606 14312265605 14311936287 14311727830 14311671493 14310884392 14307632300 14307603304 14307424186 14307194644 14307116884 14307099437 14245880603 14240824649 14240154431 14239415392 14238590997 14238439867 14238288695 14217714119 14217709523 14217662296 14216881791 14216351882 14216341231 14216329451 14216155695 14214234688 14214173142 14213862715 14213526080 14192622028 13526685864 13526535679 13520220898 13520173145 13520126414 13519918783 13519742881 13519713058 13518498573 13518289485 13517991634 13517787702 13456851033 13456685940 13456511714 13456422702 13456214155 13456042511 13455755677 13455596707 13455565681 13455462830 13455413049 13455375582 13455366438 13454978228 13454718867 13454648818 13453865764 13453725590 13453510991 13453000625 13452974848 13452827212 13452769619 13435269876 13435214399 13435009424 13434911708 13434618902 13434427293 13434006906 13433657343 13433514097 13433360001 13417971766 13417756488 13417495864 13417071264 13416748091 13416441369 13416342672 13416302888 13415955826 13415831172 13415389089 13414954861 13413490319 13413351568 13413166992 13412621263 13412548274 13412501549 13412402801 13412160966 13411869624 13411782720 13411714266 13411599405 13411313464 13410140056 13409981856 13408332908 13408224205 13408158521 13407957564 13407842089 13396321493 13396144327 13396031534 13395939841 13395899868 13395892336 13395259979 13395111096 13390326966 13390250656 13390172374 13390020386 13389757457 13389571245 13389528347 13389406951 13389320703 13389250470 13389237793 13389017129 13388886939 13388586289 13370488425 13370380363 13370192694 13369894175 13369488229 13367579874 13367550942 13367447422 13367322058 13367268423 13367177574 13367138265 13367047025 13366945356 13366862411 13366752132 13366339650 13345644886 13329757499 13329624405 13329562153 13329371252 13329283381 13327840166 13327350482 13327249485 13327132364 13326403576 13325505614 13309707288 13309570741 13303505568 13245913624 13245782056 13245665323 13245348859 13244064437 13243913323 13243731360 13243055626 13242958593 13242709182 13242343874 13242120341 13241810905 13241599057 13241481481 13241367326 13241059967 13239422185 13239400844 13183801389 13179251736 13179081992 13175435329 13175212754 13153219191 13140617433 13140408225 13140362428 13140358046 13140292574 13140267659 13140246878 13140177438 13140105140 13140072021 13139889627 13139602458 ; do
job-core	Re-run failed workflows	2025-08-05T09:39:36.5233650Z [36;1mfor run_id in 15972265751 15972261980 15972236479 15923570049 15923541805 15923467044 15908004267 15896042050 15875884721 15875879430 15675347872 15277663444 15277407235 15065940026 15018241770 15017446707 15014607842 15014303394 14992423211 14990561766 14989342558 14976009071 14974119390 14969531744 14922036002 14904590502 14864167176 14830448135 14752252289 14748558851 14616952632 14616785373 14597790417 14597777415 14597674450 14443712022 14400868199 14399606006 14374957328 14366198227 14360214639 14360193338 14358469587 14354759911 14350135070 14350121791 14327149728 14327143212 14312805606 14312265605 14311936287 14311727830 14311671493 14310884392 14307632300 14307603304 14307424186 14307194644 14307116884 14307099437 14245880603 14240824649 14240154431 14239415392 14238590997 14238439867 14238288695 14217714119 14217709523 14217662296 14216881791 14216351882 14216341231 14216329451 14216155695 14214234688 14214173142 14213862715 14213526080 14192622028 13526685864 13526535679 13520220898 13520173145 13520126414 13519918783 13519742881 13519713058 13518498573 13518289485 13517991634 13517787702 13456851033 13456685940 13456511714 13456422702 13456214155 13456042511 13455755677 13455596707 13455565681 13455462830 13455413049 13455375582 13455366438 13454978228 13454718867 13454648818 13453865764 13453725590 13453510991 13453000625 13452974848 13452827212 13452769619 13435269876 13435214399 13435009424 13434911708 13434618902 13434427293 13434006906 13433657343 13433514097 13433360001 13417971766 13417756488 13417495864 13417071264 13416748091 13416441369 13416342672 13416302888 13415955826 13415831172 13415389089 13414954861 13413490319 13413351568 13413166992 13412621263 13412548274 13412501549 13412402801 13412160966 13411869624 13411782720 13411714266 13411599405 13411313464 13410140056 13409981856 13408332908 13408224205 13408158521 13407957564 13407842089 13396321493 13396144327 13396031534 13395939841 13395899868 13395892336 13395259979 13395111096 13390326966 13390250656 13390172374 13390020386 13389757457 13389571245 13389528347 13389406951 13389320703 13389250470 13389237793 13389017129 13388886939 13388586289 13370488425 13370380363 13370192694 13369894175 13369488229 13367579874 13367550942 13367447422 13367322058 13367268423 13367177574 13367138265 13367047025 13366945356 13366862411 13366752132 13366339650 13345644886 13329757499 13329624405 13329562153 13329371252 13329283381 13327840166 13327350482 13327249485 13327132364 13326403576 13325505614 13309707288 13309570741 13303505568 13245913624 13245782056 13245665323 13245348859 13244064437 13243913323 13243731360 13243055626 13242958593 13242709182 13242343874 13242120341 13241810905 13241599057 13241481481 13241367326 13241059967 13239422185 13239400844 13183801389 13179251736 13179081992 13175435329 13175212754 13153219191 13140617433 13140408225 13140362428 13140358046 13140292574 13140267659 13140246878 13140177438 13140105140 13140072021 13139889627 13139602458 ; do[0m
job-core	Re-run failed workflows	2025-08-05T09:39:36.5322355Z [36;1m  echo "Re-running: workflow $run_id" >> core/results/rr/16738607895_resume_reruns_inspector.log[0m
job-core	Re-run failed workflows	2025-08-05T09:39:36.5324401Z [36;1m  if ! gh run rerun $run_id --failed; then[0m
job-core	Re-run failed workflows	2025-08-05T09:39:36.5326159Z [36;1m    echo "Failed: to rerun job $run_id" >> core/results/rr/16738607895_resume_reruns_inspector.log[0m
job-core	Re-run failed workflows	2025-08-05T09:39:36.5329378Z [36;1m    # gh issue create --title "Failed to rerun job $file" --body "Failed to automatically rerun job $file which contained error patterns. Please investigate manually."[0m
job-core	Re-run failed workflows	2025-08-05T09:39:36.5331832Z [36;1m  else[0m
job-core	Re-run failed workflows	2025-08-05T09:39:36.5333330Z [36;1m    echo "Successfully: rerun job $run_id" >> core/results/rr/16738607895_resume_reruns_inspector.log[0m
job-core	Re-run failed workflows	2025-08-05T09:39:36.5336069Z [36;1m    # gh issue create --title "Successfully rerun job $file" --body "Job $file was successfully rerun after detecting error patterns."[0m
job-core	Re-run failed workflows	2025-08-05T09:39:36.5338160Z [36;1m  fi[0m
job-core	Re-run failed workflows	2025-08-05T09:39:36.5339017Z [36;1mdone[0m
job-core	Re-run failed workflows	2025-08-05T09:39:36.5347363Z shell: /usr/bin/bash -e {0}
job-core	Re-run failed workflows	2025-08-05T09:39:36.5348585Z env:
job-core	Re-run failed workflows	2025-08-05T09:39:36.5349441Z   KAOS_CODE: 16738607895
job-core	Re-run failed workflows	2025-08-05T09:39:36.5350384Z   KAOS_EVENT_NAME: schedule
job-core	Re-run failed workflows	2025-08-05T09:39:36.5351342Z   KAOS_ACTION: 
job-core	Re-run failed workflows	2025-08-05T09:39:36.5352171Z   KAOS_REF: refs/heads/main
job-core	Re-run failed workflows	2025-08-05T09:39:36.5353278Z   KAOS_MODULE: [Ka0S] Re-Run Failed Inspector Workflows
job-core	Re-run failed workflows	2025-08-05T09:39:36.5354718Z   KAOS_PATH_SOURCE: core/outputs/w/kaos-workflows-runs.json
job-core	Re-run failed workflows	2025-08-05T09:39:36.5356019Z   KAOS_PATH_RESUME: core/results/rr/
job-core	Re-run failed workflows	2025-08-05T09:39:36.5357066Z   KAOS_ACTOR: santakloud
job-core	Re-run failed workflows	2025-08-05T09:39:36.5358411Z   GH_TOKEN: ***
job-core	Re-run failed workflows	2025-08-05T09:39:36.5359340Z ##[endgroup]
job-core	Re-run failed workflows	2025-08-05T09:39:37.4963707Z run 15972265751 cannot be rerun; its workflow file may be broken
job-core	Re-run failed workflows	2025-08-05T09:39:38.5032450Z run 15972261980 cannot be rerun; its workflow file may be broken
job-core	Re-run failed workflows	2025-08-05T09:39:39.5630247Z run 15972236479 cannot be rerun; its workflow file may be broken
job-core	Re-run failed workflows	2025-08-05T09:39:40.5679691Z run 15923570049 cannot be rerun; its workflow file may be broken
job-core	Re-run failed workflows	2025-08-05T09:39:41.6320390Z run 15923541805 cannot be rerun; its workflow file may be broken
job-core	Re-run failed workflows	2025-08-05T09:39:42.6968721Z run 15923467044 cannot be rerun; its workflow file may be broken
job-core	Re-run failed workflows	2025-08-05T09:39:44.1502619Z run 15908004267 cannot be rerun; its workflow file may be broken
job-core	Re-run failed workflows	2025-08-05T09:39:45.2430124Z run 15896042050 cannot be rerun; its workflow file may be broken
job-core	Re-run failed workflows	2025-08-05T09:39:46.2520631Z run 15875884721 cannot be rerun; its workflow file may be broken
job-core	Re-run failed workflows	2025-08-05T09:39:47.1910267Z run 15875879430 cannot be rerun; its workflow file may be broken
job-core	Re-run failed workflows	2025-08-05T09:39:48.2743884Z run 15675347872 cannot be rerun; its workflow file may be broken
job-core	Re-run failed workflows	2025-08-05T09:39:49.2468127Z run 15277663444 cannot be rerun; its workflow file may be broken
job-core	Re-run failed workflows	2025-08-05T09:39:50.0962084Z run 15277407235 cannot be rerun; its workflow file may be broken
job-core	Re-run failed workflows	2025-08-05T09:39:51.0475534Z run 15065940026 cannot be rerun; its workflow file may be broken
job-core	Re-run failed workflows	2025-08-05T09:39:52.0722649Z run 15018241770 cannot be rerun; its workflow file may be broken
job-core	Re-run failed workflows	2025-08-05T09:39:53.0820322Z run 15017446707 cannot be rerun; its workflow file may be broken
job-core	Re-run failed workflows	2025-08-05T09:39:54.0104563Z run 15014607842 cannot be rerun; its workflow file may be broken
job-core	Re-run failed workflows	2025-08-05T09:39:54.9570809Z run 15014303394 cannot be rerun; its workflow file may be broken
job-core	Re-run failed workflows	2025-08-05T09:39:56.0424394Z run 14992423211 cannot be rerun; its workflow file may be broken
job-core	Re-run failed workflows	2025-08-05T09:39:57.0346049Z run 14990561766 cannot be rerun; its workflow file may be broken
job-core	Re-run failed workflows	2025-08-05T09:39:57.9060054Z run 14989342558 cannot be rerun; its workflow file may be broken
job-core	Re-run failed workflows	2025-08-05T09:39:58.8686116Z run 14976009071 cannot be rerun; its workflow file may be broken
job-core	Re-run failed workflows	2025-08-05T09:39:59.8799745Z run 14974119390 cannot be rerun; its workflow file may be broken
job-core	Re-run failed workflows	2025-08-05T09:40:00.9313364Z run 14969531744 cannot be rerun; its workflow file may be broken
job-core	Re-run failed workflows	2025-08-05T09:40:02.1911209Z run 14922036002 cannot be rerun; its workflow file may be broken
job-core	Re-run failed workflows	2025-08-05T09:40:03.4687361Z run 14904590502 cannot be rerun; its workflow file may be broken
job-core	Re-run failed workflows	2025-08-05T09:40:04.4700565Z run 14864167176 cannot be rerun; its workflow file may be broken
job-core	Re-run failed workflows	2025-08-05T09:40:05.4417194Z run 14830448135 cannot be rerun; its workflow file may be broken
job-core	Re-run failed workflows	2025-08-05T09:40:06.5428638Z run 14752252289 cannot be rerun; its workflow file may be broken
job-core	Re-run failed workflows	2025-08-05T09:40:07.5106061Z run 14748558851 cannot be rerun; its workflow file may be broken
job-core	Re-run failed workflows	2025-08-05T09:40:08.6348855Z run 14616952632 cannot be rerun; its workflow file may be broken
job-core	Re-run failed workflows	2025-08-05T09:40:09.8553424Z run 14616785373 cannot be rerun; its workflow file may be broken
job-core	Re-run failed workflows	2025-08-05T09:40:10.8871457Z run 14597790417 cannot be rerun; its workflow file may be broken
job-core	Re-run failed workflows	2025-08-05T09:40:11.9794343Z run 14597777415 cannot be rerun; its workflow file may be broken
job-core	Re-run failed workflows	2025-08-05T09:40:12.9955053Z run 14597674450 cannot be rerun; its workflow file may be broken
job-core	Re-run failed workflows	2025-08-05T09:40:14.2305138Z run 14443712022 cannot be rerun; its workflow file may be broken
job-core	Re-run failed workflows	2025-08-05T09:40:15.4421970Z run 14400868199 cannot be rerun; its workflow file may be broken
job-core	Re-run failed workflows	2025-08-05T09:40:16.8314490Z run 14399606006 cannot be rerun; its workflow file may be broken
job-core	Re-run failed workflows	2025-08-05T09:40:17.9723393Z run 14374957328 cannot be rerun; its workflow file may be broken
job-core	Re-run failed workflows	2025-08-05T09:40:19.0847419Z run 14366198227 cannot be rerun; its workflow file may be broken
job-core	Re-run failed workflows	2025-08-05T09:40:20.0801307Z run 14360214639 cannot be rerun; its workflow file may be broken
job-core	Re-run failed workflows	2025-08-05T09:40:21.1895516Z run 14360193338 cannot be rerun; its workflow file may be broken
job-core	Re-run failed workflows	2025-08-05T09:40:22.4932848Z run 14358469587 cannot be rerun; its workflow file may be broken
job-core	Re-run failed workflows	2025-08-05T09:40:23.7968386Z run 14354759911 cannot be rerun; its workflow file may be broken
job-core	Re-run failed workflows	2025-08-05T09:40:24.9852315Z run 14350135070 cannot be rerun; its workflow file may be broken
job-core	Re-run failed workflows	2025-08-05T09:40:26.0829503Z run 14350121791 cannot be rerun; its workflow file may be broken
job-core	Re-run failed workflows	2025-08-05T09:40:27.2197566Z run 14327149728 cannot be rerun; its workflow file may be broken
job-core	Re-run failed workflows	2025-08-05T09:40:28.4131885Z run 14327143212 cannot be rerun; its workflow file may be broken
job-core	Re-run failed workflows	2025-08-05T09:40:29.6926357Z run 14312805606 cannot be rerun; its workflow file may be broken
job-core	Re-run failed workflows	2025-08-05T09:40:30.8503504Z run 14312265605 cannot be rerun; its workflow file may be broken
job-core	Re-run failed workflows	2025-08-05T09:40:31.8388042Z run 14311936287 cannot be rerun; its workflow file may be broken
job-core	Re-run failed workflows	2025-08-05T09:40:32.9197317Z run 14311727830 cannot be rerun; its workflow file may be broken
job-core	Re-run failed workflows	2025-08-05T09:40:34.1463505Z run 14311671493 cannot be rerun; its workflow file may be broken
job-core	Re-run failed workflows	2025-08-05T09:40:35.3602705Z run 14310884392 cannot be rerun; its workflow file may be broken
job-core	Re-run failed workflows	2025-08-05T09:40:36.6657607Z run 14307632300 cannot be rerun; its workflow file may be broken
job-core	Re-run failed workflows	2025-08-05T09:40:37.8779433Z run 14307603304 cannot be rerun; its workflow file may be broken
job-core	Re-run failed workflows	2025-08-05T09:40:39.1349953Z run 14307424186 cannot be rerun; its workflow file may be broken
job-core	Re-run failed workflows	2025-08-05T09:40:40.4216760Z run 14307194644 cannot be rerun; its workflow file may be broken
job-core	Re-run failed workflows	2025-08-05T09:40:41.4585028Z run 14307116884 cannot be rerun; its workflow file may be broken
job-core	Re-run failed workflows	2025-08-05T09:40:42.5820717Z run 14307099437 cannot be rerun; its workflow file may be broken
job-core	Re-run failed workflows	2025-08-05T09:40:43.6780215Z run 14245880603 cannot be rerun; its workflow file may be broken
job-core	Re-run failed workflows	2025-08-05T09:40:44.9268604Z run 14240824649 cannot be rerun; its workflow file may be broken
job-core	Re-run failed workflows	2025-08-05T09:40:46.1008272Z run 14240154431 cannot be rerun; its workflow file may be broken
job-core	Re-run failed workflows	2025-08-05T09:40:47.2836980Z run 14239415392 cannot be rerun; its workflow file may be broken
job-core	Re-run failed workflows	2025-08-05T09:40:48.5322234Z run 14238590997 cannot be rerun; its workflow file may be broken
job-core	Re-run failed workflows	2025-08-05T09:40:49.7842512Z run 14238439867 cannot be rerun; its workflow file may be broken
job-core	Re-run failed workflows	2025-08-05T09:40:51.0731038Z run 14238288695 cannot be rerun; its workflow file may be broken
job-core	Re-run failed workflows	2025-08-05T09:40:52.0302329Z run 14217714119 cannot be rerun; its workflow file may be broken
job-core	Re-run failed workflows	2025-08-05T09:40:53.2762949Z run 14217709523 cannot be rerun; its workflow file may be broken
job-core	Re-run failed workflows	2025-08-05T09:40:54.5166337Z run 14217662296 cannot be rerun; its workflow file may be broken
job-core	Re-run failed workflows	2025-08-05T09:40:55.7570580Z run 14216881791 cannot be rerun; its workflow file may be broken
job-core	Re-run failed workflows	2025-08-05T09:40:56.9722227Z run 14216351882 cannot be rerun; its workflow file may be broken
job-core	Re-run failed workflows	2025-08-05T09:40:58.2103764Z run 14216341231 cannot be rerun; its workflow file may be broken
job-core	Re-run failed workflows	2025-08-05T09:40:59.3999269Z run 14216329451 cannot be rerun; its workflow file may be broken
job-core	Re-run failed workflows	2025-08-05T09:41:00.5970526Z run 14216155695 cannot be rerun; its workflow file may be broken
job-core	Re-run failed workflows	2025-08-05T09:41:01.7074108Z run 14214234688 cannot be rerun; its workflow file may be broken
job-core	Re-run failed workflows	2025-08-05T09:41:02.8281665Z run 14214173142 cannot be rerun; its workflow file may be broken
job-core	Re-run failed workflows	2025-08-05T09:41:03.9097702Z run 14213862715 cannot be rerun; its workflow file may be broken
job-core	Re-run failed workflows	2025-08-05T09:41:05.0208600Z run 14213526080 cannot be rerun; its workflow file may be broken
job-core	Re-run failed workflows	2025-08-05T09:41:06.0300583Z run 14192622028 cannot be rerun; its workflow file may be broken
job-core	Re-run failed workflows	2025-08-05T09:41:07.1747578Z run 13526685864 cannot be rerun; its workflow file may be broken
job-core	Re-run failed workflows	2025-08-05T09:41:08.2303390Z run 13526535679 cannot be rerun; its workflow file may be broken
job-core	Re-run failed workflows	2025-08-05T09:41:09.2944926Z run 13520220898 cannot be rerun; its workflow file may be broken
job-core	Re-run failed workflows	2025-08-05T09:41:10.3999331Z run 13520173145 cannot be rerun; its workflow file may be broken
job-core	Re-run failed workflows	2025-08-05T09:41:11.6282037Z run 13520126414 cannot be rerun; its workflow file may be broken
job-core	Re-run failed workflows	2025-08-05T09:41:12.6149620Z run 13519918783 cannot be rerun; its workflow file may be broken
job-core	Re-run failed workflows	2025-08-05T09:41:13.7193800Z run 13519742881 cannot be rerun; its workflow file may be broken
job-core	Re-run failed workflows	2025-08-05T09:41:14.7692964Z run 13519713058 cannot be rerun; its workflow file may be broken
job-core	Re-run failed workflows	2025-08-05T09:41:15.6770201Z run 13518498573 cannot be rerun; its workflow file may be broken
job-core	Re-run failed workflows	2025-08-05T09:41:16.6652936Z run 13518289485 cannot be rerun; its workflow file may be broken
job-core	Re-run failed workflows	2025-08-05T09:41:17.7274246Z run 13517991634 cannot be rerun; its workflow file may be broken
job-core	Re-run failed workflows	2025-08-05T09:41:19.0086916Z run 13517787702 cannot be rerun; its workflow file may be broken
job-core	Re-run failed workflows	2025-08-05T09:41:20.0119190Z run 13456851033 cannot be rerun; its workflow file may be broken
job-core	Re-run failed workflows	2025-08-05T09:41:20.8707018Z run 13456685940 cannot be rerun; its workflow file may be broken
job-core	Re-run failed workflows	2025-08-05T09:41:21.7826620Z run 13456511714 cannot be rerun; its workflow file may be broken
job-core	Re-run failed workflows	2025-08-05T09:41:22.7439290Z run 13456422702 cannot be rerun; its workflow file may be broken
job-core	Re-run failed workflows	2025-08-05T09:41:23.7956524Z run 13456214155 cannot be rerun; its workflow file may be broken
job-core	Re-run failed workflows	2025-08-05T09:41:24.7169309Z run 13456042511 cannot be rerun; its workflow file may be broken
job-core	Re-run failed workflows	2025-08-05T09:41:25.9513809Z run 13455755677 cannot be rerun; its workflow file may be broken
job-core	Re-run failed workflows	2025-08-05T09:41:27.0213682Z run 13455596707 cannot be rerun; its workflow file may be broken
job-core	Re-run failed workflows	2025-08-05T09:41:27.9495415Z run 13455565681 cannot be rerun; its workflow file may be broken
job-core	Re-run failed workflows	2025-08-05T09:41:28.8965718Z run 13455462830 cannot be rerun; its workflow file may be broken
job-core	Re-run failed workflows	2025-08-05T09:41:29.8410075Z run 13455413049 cannot be rerun; its workflow file may be broken
job-core	Re-run failed workflows	2025-08-05T09:41:30.8091457Z run 13455375582 cannot be rerun; its workflow file may be broken
job-core	Re-run failed workflows	2025-08-05T09:41:31.7757538Z run 13455366438 cannot be rerun; its workflow file may be broken
job-core	Re-run failed workflows	2025-08-05T09:41:32.5987633Z run 13454978228 cannot be rerun; its workflow file may be broken
job-core	Re-run failed workflows	2025-08-05T09:41:33.5080817Z run 13454718867 cannot be rerun; its workflow file may be broken
job-core	Re-run failed workflows	2025-08-05T09:41:34.5211702Z run 13454648818 cannot be rerun; its workflow file may be broken
job-core	Re-run failed workflows	2025-08-05T09:41:35.4545762Z run 13453865764 cannot be rerun; its workflow file may be broken
job-core	Re-run failed workflows	2025-08-05T09:41:36.4164661Z run 13453725590 cannot be rerun; its workflow file may be broken
job-core	Re-run failed workflows	2025-08-05T09:41:37.2978193Z run 13453510991 cannot be rerun; its workflow file may be broken
job-core	Re-run failed workflows	2025-08-05T09:41:38.2888295Z run 13453000625 cannot be rerun; its workflow file may be broken
job-core	Re-run failed workflows	2025-08-05T09:41:39.2555141Z run 13452974848 cannot be rerun; its workflow file may be broken
job-core	Re-run failed workflows	2025-08-05T09:41:40.1542901Z run 13452827212 cannot be rerun; its workflow file may be broken
job-core	Re-run failed workflows	2025-08-05T09:41:41.2711704Z run 13452769619 cannot be rerun; its workflow file may be broken
job-core	Re-run failed workflows	2025-08-05T09:41:42.3552898Z run 13435269876 cannot be rerun; its workflow file may be broken
job-core	Re-run failed workflows	2025-08-05T09:41:43.4013138Z run 13435214399 cannot be rerun; its workflow file may be broken
job-core	Re-run failed workflows	2025-08-05T09:41:44.3028050Z run 13435009424 cannot be rerun; its workflow file may be broken
job-core	Re-run failed workflows	2025-08-05T09:41:45.2772473Z run 13434911708 cannot be rerun; its workflow file may be broken
job-core	Re-run failed workflows	2025-08-05T09:41:46.1751787Z run 13434618902 cannot be rerun; its workflow file may be broken
job-core	Re-run failed workflows	2025-08-05T09:41:47.2010404Z run 13434427293 cannot be rerun; its workflow file may be broken
job-core	Re-run failed workflows	2025-08-05T09:41:48.1630187Z run 13434006906 cannot be rerun; its workflow file may be broken
job-core	Re-run failed workflows	2025-08-05T09:41:49.0610241Z run 13433657343 cannot be rerun; its workflow file may be broken
job-core	Re-run failed workflows	2025-08-05T09:41:50.0448147Z run 13433514097 cannot be rerun; its workflow file may be broken
job-core	Re-run failed workflows	2025-08-05T09:41:50.9386646Z run 13433360001 cannot be rerun; its workflow file may be broken
job-core	Re-run failed workflows	2025-08-05T09:41:51.8817287Z run 13417971766 cannot be rerun; its workflow file may be broken
job-core	Re-run failed workflows	2025-08-05T09:41:52.8388543Z run 13417756488 cannot be rerun; its workflow file may be broken
job-core	Re-run failed workflows	2025-08-05T09:41:53.7898749Z run 13417495864 cannot be rerun; its workflow file may be broken
job-core	Re-run failed workflows	2025-08-05T09:41:54.6759941Z run 13417071264 cannot be rerun; its workflow file may be broken
job-core	Re-run failed workflows	2025-08-05T09:41:55.7582571Z run 13416748091 cannot be rerun; its workflow file may be broken
job-core	Re-run failed workflows	2025-08-05T09:41:56.7997394Z run 13416441369 cannot be rerun; its workflow file may be broken
job-core	Re-run failed workflows	2025-08-05T09:41:57.9077245Z run 13416342672 cannot be rerun; its workflow file may be broken
job-core	Re-run failed workflows	2025-08-05T09:41:59.3327691Z run 13416302888 cannot be rerun; its workflow file may be broken
job-core	Re-run failed workflows	2025-08-05T09:42:00.5286844Z run 13415955826 cannot be rerun; its workflow file may be broken
job-core	Re-run failed workflows	2025-08-05T09:42:01.4792616Z run 13415831172 cannot be rerun; its workflow file may be broken
job-core	Re-run failed workflows	2025-08-05T09:42:02.9441795Z run 13415389089 cannot be rerun; its workflow file may be broken
job-core	Re-run failed workflows	2025-08-05T09:42:04.0464378Z run 13414954861 cannot be rerun; its workflow file may be broken
job-core	Re-run failed workflows	2025-08-05T09:42:05.1152223Z run 13413490319 cannot be rerun; its workflow file may be broken
job-core	Re-run failed workflows	2025-08-05T09:42:06.4651936Z run 13413351568 cannot be rerun; its workflow file may be broken
job-core	Re-run failed workflows	2025-08-05T09:42:07.9260551Z run 13413166992 cannot be rerun; its workflow file may be broken
job-core	Re-run failed workflows	2025-08-05T09:42:09.3699148Z run 13412621263 cannot be rerun; its workflow file may be broken
job-core	Re-run failed workflows	2025-08-05T09:42:10.6052720Z run 13412548274 cannot be rerun; its workflow file may be broken
job-core	Re-run failed workflows	2025-08-05T09:42:11.7059057Z run 13412501549 cannot be rerun; its workflow file may be broken
job-core	Re-run failed workflows	2025-08-05T09:42:12.8460936Z run 13412402801 cannot be rerun; its workflow file may be broken
job-core	Re-run failed workflows	2025-08-05T09:42:13.9685253Z run 13412160966 cannot be rerun; its workflow file may be broken
job-core	Re-run failed workflows	2025-08-05T09:42:15.0214691Z run 13411869624 cannot be rerun; its workflow file may be broken
job-core	Re-run failed workflows	2025-08-05T09:42:16.0719387Z run 13411782720 cannot be rerun; its workflow file may be broken
job-core	Re-run failed workflows	2025-08-05T09:42:17.3761620Z run 13411714266 cannot be rerun; its workflow file may be broken
job-core	Re-run failed workflows	2025-08-05T09:42:18.4678599Z run 13411599405 cannot be rerun; its workflow file may be broken
job-core	Re-run failed workflows	2025-08-05T09:42:19.6172461Z run 13411313464 cannot be rerun; its workflow file may be broken
job-core	Re-run failed workflows	2025-08-05T09:42:20.7385185Z run 13410140056 cannot be rerun; its workflow file may be broken
job-core	Re-run failed workflows	2025-08-05T09:42:21.9633930Z run 13409981856 cannot be rerun; its workflow file may be broken
job-core	Re-run failed workflows	2025-08-05T09:42:23.0557203Z run 13408332908 cannot be rerun; its workflow file may be broken
job-core	Re-run failed workflows	2025-08-05T09:42:24.3787478Z run 13408224205 cannot be rerun; its workflow file may be broken
job-core	Re-run failed workflows	2025-08-05T09:42:25.6972416Z run 13408158521 cannot be rerun; its workflow file may be broken
job-core	Re-run failed workflows	2025-08-05T09:42:26.8372383Z run 13407957564 cannot be rerun; its workflow file may be broken
job-core	Re-run failed workflows	2025-08-05T09:42:27.8853745Z run 13407842089 cannot be rerun; its workflow file may be broken
job-core	Re-run failed workflows	2025-08-05T09:42:28.8336089Z run 13396321493 cannot be rerun; its workflow file may be broken
job-core	Re-run failed workflows	2025-08-05T09:42:29.7762043Z run 13396144327 cannot be rerun; its workflow file may be broken
job-core	Re-run failed workflows	2025-08-05T09:42:30.7131198Z run 13396031534 cannot be rerun; its workflow file may be broken
job-core	Re-run failed workflows	2025-08-05T09:42:31.6553566Z run 13395939841 cannot be rerun; its workflow file may be broken
job-core	Re-run failed workflows	2025-08-05T09:42:32.6229300Z run 13395899868 cannot be rerun; its workflow file may be broken
job-core	Re-run failed workflows	2025-08-05T09:42:33.8973966Z run 13395892336 cannot be rerun; its workflow file may be broken
job-core	Re-run failed workflows	2025-08-05T09:42:34.8633754Z run 13395259979 cannot be rerun; its workflow file may be broken
job-core	Re-run failed workflows	2025-08-05T09:42:35.7239243Z run 13395111096 cannot be rerun; its workflow file may be broken
job-core	Re-run failed workflows	2025-08-05T09:42:36.6914844Z run 13390326966 cannot be rerun; its workflow file may be broken
job-core	Re-run failed workflows	2025-08-05T09:42:37.7099298Z run 13390250656 cannot be rerun; its workflow file may be broken
job-core	Re-run failed workflows	2025-08-05T09:42:38.5999634Z run 13390172374 cannot be rerun; its workflow file may be broken
job-core	Re-run failed workflows	2025-08-05T09:42:39.5606554Z run 13390020386 cannot be rerun; its workflow file may be broken
job-core	Re-run failed workflows	2025-08-05T09:42:40.4375716Z run 13389757457 cannot be rerun; its workflow file may be broken
job-core	Re-run failed workflows	2025-08-05T09:42:41.3937921Z run 13389571245 cannot be rerun; its workflow file may be broken
job-core	Re-run failed workflows	2025-08-05T09:42:42.3651632Z run 13389528347 cannot be rerun; its workflow file may be broken
job-core	Re-run failed workflows	2025-08-05T09:42:43.3671641Z run 13389406951 cannot be rerun; its workflow file may be broken
job-core	Re-run failed workflows	2025-08-05T09:42:44.2215591Z run 13389320703 cannot be rerun; its workflow file may be broken
job-core	Re-run failed workflows	2025-08-05T09:42:45.1265459Z run 13389250470 cannot be rerun; its workflow file may be broken
job-core	Re-run failed workflows	2025-08-05T09:42:46.0563380Z run 13389237793 cannot be rerun; its workflow file may be broken
job-core	Re-run failed workflows	2025-08-05T09:42:47.0387993Z run 13389017129 cannot be rerun; its workflow file may be broken
job-core	Re-run failed workflows	2025-08-05T09:42:47.9787346Z run 13388886939 cannot be rerun; its workflow file may be broken
job-core	Re-run failed workflows	2025-08-05T09:42:48.8555700Z run 13388586289 cannot be rerun; its workflow file may be broken
job-core	Re-run failed workflows	2025-08-05T09:42:49.8925761Z run 13370488425 cannot be rerun; its workflow file may be broken
job-core	Re-run failed workflows	2025-08-05T09:42:50.7763847Z run 13370380363 cannot be rerun; its workflow file may be broken
job-core	Re-run failed workflows	2025-08-05T09:42:51.8174067Z run 13370192694 cannot be rerun; its workflow file may be broken
job-core	Re-run failed workflows	2025-08-05T09:42:52.7017728Z run 13369894175 cannot be rerun; its workflow file may be broken
job-core	Re-run failed workflows	2025-08-05T09:42:53.5402339Z run 13369488229 cannot be rerun; its workflow file may be broken
job-core	Re-run failed workflows	2025-08-05T09:42:54.5407826Z run 13367579874 cannot be rerun; its workflow file may be broken
job-core	Re-run failed workflows	2025-08-05T09:42:55.3594493Z run 13367550942 cannot be rerun; its workflow file may be broken
job-core	Re-run failed workflows	2025-08-05T09:42:56.2116865Z run 13367447422 cannot be rerun; its workflow file may be broken
job-core	Re-run failed workflows	2025-08-05T09:42:57.0464152Z run 13367322058 cannot be rerun; its workflow file may be broken
job-core	Re-run failed workflows	2025-08-05T09:42:58.0180864Z run 13367268423 cannot be rerun; its workflow file may be broken
job-core	Re-run failed workflows	2025-08-05T09:42:58.9165781Z run 13367177574 cannot be rerun; its workflow file may be broken
job-core	Re-run failed workflows	2025-08-05T09:42:59.7629977Z run 13367138265 cannot be rerun; its workflow file may be broken
job-core	Re-run failed workflows	2025-08-05T09:43:00.6796266Z run 13367047025 cannot be rerun; its workflow file may be broken
job-core	Re-run failed workflows	2025-08-05T09:43:01.5747253Z run 13366945356 cannot be rerun; its workflow file may be broken
job-core	Re-run failed workflows	2025-08-05T09:43:02.5345783Z run 13366862411 cannot be rerun; its workflow file may be broken
job-core	Re-run failed workflows	2025-08-05T09:43:03.4447178Z run 13366752132 cannot be rerun; its workflow file may be broken
job-core	Re-run failed workflows	2025-08-05T09:43:04.3247217Z run 13366339650 cannot be rerun; its workflow file may be broken
job-core	Re-run failed workflows	2025-08-05T09:43:05.2920383Z run 13345644886 cannot be rerun; its workflow file may be broken
job-core	Re-run failed workflows	2025-08-05T09:43:06.2578811Z run 13329757499 cannot be rerun; its workflow file may be broken
job-core	Re-run failed workflows	2025-08-05T09:43:07.1402181Z run 13329624405 cannot be rerun; its workflow file may be broken
job-core	Re-run failed workflows	2025-08-05T09:43:08.0750192Z run 13329562153 cannot be rerun; its workflow file may be broken
job-core	Re-run failed workflows	2025-08-05T09:43:08.9549549Z run 13329371252 cannot be rerun; its workflow file may be broken
job-core	Re-run failed workflows	2025-08-05T09:43:09.8957525Z run 13329283381 cannot be rerun; its workflow file may be broken
job-core	Re-run failed workflows	2025-08-05T09:43:10.7860816Z run 13327840166 cannot be rerun; its workflow file may be broken
job-core	Re-run failed workflows	2025-08-05T09:43:11.6145146Z run 13327350482 cannot be rerun; its workflow file may be broken
job-core	Re-run failed workflows	2025-08-05T09:43:12.4982080Z run 13327249485 cannot be rerun; its workflow file may be broken
job-core	Re-run failed workflows	2025-08-05T09:43:13.4955066Z run 13327132364 cannot be rerun; its workflow file may be broken
job-core	Re-run failed workflows	2025-08-05T09:43:14.3743338Z run 13326403576 cannot be rerun; its workflow file may be broken
job-core	Re-run failed workflows	2025-08-05T09:43:15.3770990Z run 13325505614 cannot be rerun; its workflow file may be broken
job-core	Re-run failed workflows	2025-08-05T09:43:16.2214440Z run 13309707288 cannot be rerun; its workflow file may be broken
job-core	Re-run failed workflows	2025-08-05T09:43:17.2146139Z run 13309570741 cannot be rerun; its workflow file may be broken
job-core	Re-run failed workflows	2025-08-05T09:43:18.1666557Z run 13303505568 cannot be rerun; its workflow file may be broken
job-core	Re-run failed workflows	2025-08-05T09:43:19.0882070Z run 13245913624 cannot be rerun; its workflow file may be broken
job-core	Re-run failed workflows	2025-08-05T09:43:20.0277631Z run 13245782056 cannot be rerun; its workflow file may be broken
job-core	Re-run failed workflows	2025-08-05T09:43:21.0989839Z run 13245665323 cannot be rerun; its workflow file may be broken
job-core	Re-run failed workflows	2025-08-05T09:43:22.1183266Z run 13245348859 cannot be rerun; its workflow file may be broken
job-core	Re-run failed workflows	2025-08-05T09:43:22.9945116Z run 13244064437 cannot be rerun; its workflow file may be broken
job-core	Re-run failed workflows	2025-08-05T09:43:23.9266871Z run 13243913323 cannot be rerun; its workflow file may be broken
job-core	Re-run failed workflows	2025-08-05T09:43:24.9094991Z run 13243731360 cannot be rerun; its workflow file may be broken
job-core	Re-run failed workflows	2025-08-05T09:43:25.8106854Z run 13243055626 cannot be rerun; its workflow file may be broken
job-core	Re-run failed workflows	2025-08-05T09:43:26.6710855Z run 13242958593 cannot be rerun; its workflow file may be broken
job-core	Re-run failed workflows	2025-08-05T09:43:27.5654756Z run 13242709182 cannot be rerun; its workflow file may be broken
job-core	Re-run failed workflows	2025-08-05T09:43:28.4152510Z run 13242343874 cannot be rerun; its workflow file may be broken
job-core	Re-run failed workflows	2025-08-05T09:43:29.2043364Z run 13242120341 cannot be rerun; its workflow file may be broken
job-core	Re-run failed workflows	2025-08-05T09:43:30.0787136Z run 13241810905 cannot be rerun; its workflow file may be broken
job-core	Re-run failed workflows	2025-08-05T09:43:30.8974398Z run 13241599057 cannot be rerun; its workflow file may be broken
job-core	Re-run failed workflows	2025-08-05T09:43:31.8406546Z run 13241481481 cannot be rerun; its workflow file may be broken
job-core	Re-run failed workflows	2025-08-05T09:43:32.7291419Z run 13241367326 cannot be rerun; its workflow file may be broken
job-core	Re-run failed workflows	2025-08-05T09:43:33.5992619Z run 13241059967 cannot be rerun; its workflow file may be broken
job-core	Re-run failed workflows	2025-08-05T09:43:34.4607348Z run 13239422185 cannot be rerun; its workflow file may be broken
job-core	Re-run failed workflows	2025-08-05T09:43:35.3896790Z run 13239400844 cannot be rerun; its workflow file may be broken
job-core	Re-run failed workflows	2025-08-05T09:43:36.2785303Z run 13183801389 cannot be rerun; its workflow file may be broken
job-core	Re-run failed workflows	2025-08-05T09:43:37.1026564Z run 13179251736 cannot be rerun; its workflow file may be broken
job-core	Re-run failed workflows	2025-08-05T09:43:38.0270225Z run 13179081992 cannot be rerun; its workflow file may be broken
job-core	Re-run failed workflows	2025-08-05T09:43:38.9175517Z run 13175435329 cannot be rerun; its workflow file may be broken
job-core	Re-run failed workflows	2025-08-05T09:43:39.8322318Z run 13175212754 cannot be rerun; its workflow file may be broken
job-core	Re-run failed workflows	2025-08-05T09:43:40.7217648Z run 13153219191 cannot be rerun; its workflow file may be broken
job-core	Re-run failed workflows	2025-08-05T09:43:41.6307415Z run 13140617433 cannot be rerun; its workflow file may be broken
job-core	Re-run failed workflows	2025-08-05T09:43:42.4707040Z run 13140408225 cannot be rerun; its workflow file may be broken
job-core	Re-run failed workflows	2025-08-05T09:43:43.2926954Z run 13140362428 cannot be rerun; its workflow file may be broken
job-core	Re-run failed workflows	2025-08-05T09:43:44.2214559Z run 13140358046 cannot be rerun; its workflow file may be broken
job-core	Re-run failed workflows	2025-08-05T09:43:45.1251380Z run 13140292574 cannot be rerun; its workflow file may be broken
job-core	Re-run failed workflows	2025-08-05T09:43:45.9906111Z run 13140267659 cannot be rerun; its workflow file may be broken
job-core	Re-run failed workflows	2025-08-05T09:43:46.8045648Z run 13140246878 cannot be rerun; its workflow file may be broken
job-core	Re-run failed workflows	2025-08-05T09:43:47.6722395Z run 13140177438 cannot be rerun; its workflow file may be broken
job-core	Re-run failed workflows	2025-08-05T09:43:48.5572367Z run 13140105140 cannot be rerun; its workflow file may be broken
job-core	Re-run failed workflows	2025-08-05T09:43:49.4210801Z run 13140072021 cannot be rerun; its workflow file may be broken
job-core	Re-run failed workflows	2025-08-05T09:43:50.3953238Z run 13139889627 cannot be rerun; its workflow file may be broken
job-core	Re-run failed workflows	2025-08-05T09:43:51.2635134Z run 13139602458 cannot be rerun; its workflow file may be broken
job-core	Upload file results	ï»¿2025-08-05T09:43:51.2712058Z ##[group]Run echo "Uploading results files to the repository..."
job-core	Upload file results	2025-08-05T09:43:51.2712597Z [36;1mecho "Uploading results files to the repository..."[0m
job-core	Upload file results	2025-08-05T09:43:51.2713118Z [36;1mgit config --global user.name "***"[0m
job-core	Upload file results	2025-08-05T09:43:51.2713496Z [36;1mgit config --global user.email "***"[0m
job-core	Upload file results	2025-08-05T09:43:51.2713794Z [36;1mgit pull[0m
job-core	Upload file results	2025-08-05T09:43:51.2714006Z [36;1mgit add core/results/rr/*[0m
job-core	Upload file results	2025-08-05T09:43:51.2714511Z [36;1mgit commit -m "[Ka0S] Re-Runs Inspector uploading resume execution files to the repository..."[0m
job-core	Upload file results	2025-08-05T09:43:51.2722078Z [36;1mgit push[0m
job-core	Upload file results	2025-08-05T09:43:51.2728518Z shell: /usr/bin/bash -e {0}
job-core	Upload file results	2025-08-05T09:43:51.2728777Z env:
job-core	Upload file results	2025-08-05T09:43:51.2729063Z   KAOS_CODE: 16738607895
job-core	Upload file results	2025-08-05T09:43:51.2729298Z   KAOS_EVENT_NAME: schedule
job-core	Upload file results	2025-08-05T09:43:51.2729527Z   KAOS_ACTION: 
job-core	Upload file results	2025-08-05T09:43:51.2729734Z   KAOS_REF: refs/heads/main
job-core	Upload file results	2025-08-05T09:43:51.2730027Z   KAOS_MODULE: [Ka0S] Re-Run Failed Inspector Workflows
job-core	Upload file results	2025-08-05T09:43:51.2730487Z   KAOS_PATH_SOURCE: core/outputs/w/kaos-workflows-runs.json
job-core	Upload file results	2025-08-05T09:43:51.2730843Z   KAOS_PATH_RESUME: core/results/rr/
job-core	Upload file results	2025-08-05T09:43:51.2731116Z   KAOS_ACTOR: santakloud
job-core	Upload file results	2025-08-05T09:43:51.2731352Z ##[endgroup]
job-core	Upload file results	2025-08-05T09:43:51.2759416Z Uploading results files to the repository...
job-core	Upload file results	2025-08-05T09:43:52.0404686Z From https://github.com/Ka0s-Klaus/ka0s
job-core	Upload file results	2025-08-05T09:43:52.0410953Z    99b47044..77c8e5fe  main                   -> origin/main
job-core	Upload file results	2025-08-05T09:43:52.0411517Z    2ee2904f..46e79439  H1272-new-module-audit -> origin/H1272-new-module-audit
job-core	Upload file results	2025-08-05T09:43:52.0573822Z Updating 99b47044..77c8e5fe
job-core	Upload file results	2025-08-05T09:43:52.0576284Z Fast-forward
job-core	Upload file results	2025-08-05T09:43:52.0607372Z  .github/workflows/rerun-failed-inspector.yml |   9 +-
job-core	Upload file results	2025-08-05T09:43:52.0615419Z  audit/inspector/16712053540.json             |   1 +
job-core	Upload file results	2025-08-05T09:43:52.0615858Z  audit/inspector/16712053540.log              | 135 +++++++
job-core	Upload file results	2025-08-05T09:43:52.0616246Z  audit/inspector/16712286497.json             |   1 +
job-core	Upload file results	2025-08-05T09:43:52.0616670Z  audit/inspector/16712286497.log              | 133 +++++++
job-core	Upload file results	2025-08-05T09:43:52.0617060Z  audit/inspector/16716853479.json             |   1 +
job-core	Upload file results	2025-08-05T09:43:52.0617460Z  audit/inspector/16716853479.log              | 134 +++++++
job-core	Upload file results	2025-08-05T09:43:52.0617848Z  audit/inspector/16717930016.json             |   1 +
job-core	Upload file results	2025-08-05T09:43:52.0618249Z  audit/inspector/16717930016.log              | 134 +++++++
job-core	Upload file results	2025-08-05T09:43:52.0619368Z  audit/inspector/16718023236.json             |   1 +
job-core	Upload file results	2025-08-05T09:43:52.0619775Z  audit/inspector/16718023236.log              | 134 +++++++
job-core	Upload file results	2025-08-05T09:43:52.0620160Z  audit/inspector/16718101124.json             |   1 +
job-core	Upload file results	2025-08-05T09:43:52.0620569Z  audit/inspector/16718101124.log              | 134 +++++++
job-core	Upload file results	2025-08-05T09:43:52.0620973Z  audit/inspector/16718168087.json             |   1 +
job-core	Upload file results	2025-08-05T09:43:52.0621369Z  audit/inspector/16718168087.log              | 134 +++++++
job-core	Upload file results	2025-08-05T09:43:52.0621768Z  audit/inspector/16722670978.json             |   1 +
job-core	Upload file results	2025-08-05T09:43:52.0622254Z  audit/inspector/16722670978.log              | 532 +++++++++++++++++++++++++++
job-core	Upload file results	2025-08-05T09:43:52.0622765Z  17 files changed, 1482 insertions(+), 5 deletions(-)
job-core	Upload file results	2025-08-05T09:43:52.0623139Z  create mode 100644 audit/inspector/16712053540.json
job-core	Upload file results	2025-08-05T09:43:52.0623490Z  create mode 100644 audit/inspector/16712053540.log
job-core	Upload file results	2025-08-05T09:43:52.0623852Z  create mode 100644 audit/inspector/16712286497.json
job-core	Upload file results	2025-08-05T09:43:52.0624227Z  create mode 100644 audit/inspector/16712286497.log
job-core	Upload file results	2025-08-05T09:43:52.0624583Z  create mode 100644 audit/inspector/16716853479.json
job-core	Upload file results	2025-08-05T09:43:52.0624968Z  create mode 100644 audit/inspector/16716853479.log
job-core	Upload file results	2025-08-05T09:43:52.0625339Z  create mode 100644 audit/inspector/16717930016.json
job-core	Upload file results	2025-08-05T09:43:52.0625744Z  create mode 100644 audit/inspector/16717930016.log
job-core	Upload file results	2025-08-05T09:43:52.0626125Z  create mode 100644 audit/inspector/16718023236.json
job-core	Upload file results	2025-08-05T09:43:52.0626525Z  create mode 100644 audit/inspector/16718023236.log
job-core	Upload file results	2025-08-05T09:43:52.0626917Z  create mode 100644 audit/inspector/16718101124.json
job-core	Upload file results	2025-08-05T09:43:52.0627621Z  create mode 100644 audit/inspector/16718101124.log
job-core	Upload file results	2025-08-05T09:43:52.0627988Z  create mode 100644 audit/inspector/16718168087.json
job-core	Upload file results	2025-08-05T09:43:52.0628353Z  create mode 100644 audit/inspector/16718168087.log
job-core	Upload file results	2025-08-05T09:43:52.0628704Z  create mode 100644 audit/inspector/16722670978.json
job-core	Upload file results	2025-08-05T09:43:52.0629235Z  create mode 100644 audit/inspector/16722670978.log
job-core	Upload file results	2025-08-05T09:43:52.0769045Z [main 1570bfa0] [Ka0S] Re-Runs Inspector uploading resume execution files to the repository...
job-core	Upload file results	2025-08-05T09:43:52.0769630Z  1 file changed, 496 insertions(+)
job-core	Upload file results	2025-08-05T09:43:52.0770046Z  create mode 100644 core/results/rr/16738607895_resume_reruns_inspector.log
job-core	Upload file results	2025-08-05T09:43:53.0748571Z To https://github.com/Ka0s-Klaus/ka0s
job-core	Upload file results	2025-08-05T09:43:53.0749967Z  ! [remote rejected]   main -> main (cannot lock ref 'refs/heads/main': is at 45b1daf3fbb5a4c1e3baaf65e40a3657a8bcd99c but expected 77c8e5fe96d3ddc142c8b14b37d491400e4271fe)
job-core	Upload file results	2025-08-05T09:43:53.0750938Z error: failed to push some refs to 'https://github.com/Ka0s-Klaus/ka0s'
job-core	Upload file results	2025-08-05T09:43:53.0758849Z ##[error]Process completed with exit code 1.
job-core	Post Checkout repository	ï»¿2025-08-05T09:43:53.0846657Z Post job cleanup.
job-core	Post Checkout repository	2025-08-05T09:43:53.1923163Z [command]/usr/bin/git version
job-core	Post Checkout repository	2025-08-05T09:43:53.1962668Z git version 2.43.0
job-core	Post Checkout repository	2025-08-05T09:43:53.2000540Z Copying '/home/kaos/.gitconfig' to '/actions-runner/_work/_temp/84e42710-8f24-47bc-8167-10b6ad4ede0c/.gitconfig'
job-core	Post Checkout repository	2025-08-05T09:43:53.2014417Z Temporarily overriding HOME='/actions-runner/_work/_temp/84e42710-8f24-47bc-8167-10b6ad4ede0c' before making global git config changes
job-core	Post Checkout repository	2025-08-05T09:43:53.2015374Z Adding repository directory to the temporary git global config as a safe directory
job-core	Post Checkout repository	2025-08-05T09:43:53.2020053Z [command]/usr/bin/git config --global --add safe.directory /actions-runner/_work/ka0s/ka0s
job-core	Post Checkout repository	2025-08-05T09:43:53.2067638Z [command]/usr/bin/git config --local --name-only --get-regexp core\.sshCommand
job-core	Post Checkout repository	2025-08-05T09:43:53.2104441Z [command]/usr/bin/git submodule foreach --recursive sh -c "git config --local --name-only --get-regexp 'core\.sshCommand' && git config --local --unset-all 'core.sshCommand' || :"
job-core	Post Checkout repository	2025-08-05T09:43:53.2357510Z [command]/usr/bin/git config --local --name-only --get-regexp http\.https\:\/\/github\.com\/\.extraheader
job-core	Post Checkout repository	2025-08-05T09:43:53.2382064Z http.https://github.com/.extraheader
job-core	Post Checkout repository	2025-08-05T09:43:53.2394119Z [command]/usr/bin/git config --local --unset-all http.https://github.com/.extraheader
job-core	Post Checkout repository	2025-08-05T09:43:53.2429526Z [command]/usr/bin/git submodule foreach --recursive sh -c "git config --local --name-only --get-regexp 'http\.https\:\/\/github\.com\/\.extraheader' && git config --local --unset-all 'http.https://github.com/.extraheader' || :"
job-core	Complete job	ï»¿2025-08-05T09:43:53.2777343Z Cleaning up orphan processes
handle_failure	Set up job	ï»¿2025-08-05T09:44:04.4897804Z Current runner version: '2.327.1'
handle_failure	Set up job	2025-08-05T09:44:04.4904776Z Runner name: 'ka0s-ka0s-2'
handle_failure	Set up job	2025-08-05T09:44:04.4905604Z Runner group name: 'ka0s'
handle_failure	Set up job	2025-08-05T09:44:04.4906465Z Machine name: '194f155ad019'
handle_failure	Set up job	2025-08-05T09:44:04.4909383Z ##[group]GITHUB_TOKEN Permissions
handle_failure	Set up job	2025-08-05T09:44:04.4911532Z Actions: write
handle_failure	Set up job	2025-08-05T09:44:04.4912097Z Metadata: read
handle_failure	Set up job	2025-08-05T09:44:04.4912639Z ##[endgroup]
handle_failure	Set up job	2025-08-05T09:44:04.4914537Z Secret source: Actions
handle_failure	Set up job	2025-08-05T09:44:04.4915331Z Prepare workflow directory
handle_failure	Set up job	2025-08-05T09:44:04.5554647Z Prepare all required actions
handle_failure	Set up job	2025-08-05T09:44:04.5594857Z Getting action download info
handle_failure	Set up job	2025-08-05T09:44:05.0724327Z Download action repository 'actions/checkout@v4' (SHA:11bd71901bbe5b1630ceea73d27597364c9af683)
handle_failure	Set up job	2025-08-05T09:44:06.2509476Z Complete job name: handle_failure
handle_failure	Checkout code	ï»¿2025-08-05T09:44:06.3027092Z ##[group]Run actions/checkout@v4
handle_failure	Checkout code	2025-08-05T09:44:06.3028160Z with:
handle_failure	Checkout code	2025-08-05T09:44:06.3028616Z   fetch-depth: 0
handle_failure	Checkout code	2025-08-05T09:44:06.3029608Z   token: ***
handle_failure	Checkout code	2025-08-05T09:44:06.3030088Z   repository: Ka0s-Klaus/ka0s
handle_failure	Checkout code	2025-08-05T09:44:06.3030698Z   ssh-strict: true
handle_failure	Checkout code	2025-08-05T09:44:06.3031161Z   ssh-user: git
handle_failure	Checkout code	2025-08-05T09:44:06.3031807Z   persist-credentials: true
handle_failure	Checkout code	2025-08-05T09:44:06.3032348Z   clean: true
handle_failure	Checkout code	2025-08-05T09:44:06.3032948Z   sparse-checkout-cone-mode: true
handle_failure	Checkout code	2025-08-05T09:44:06.3033529Z   fetch-tags: false
handle_failure	Checkout code	2025-08-05T09:44:06.3034018Z   show-progress: true
handle_failure	Checkout code	2025-08-05T09:44:06.3034502Z   lfs: false
handle_failure	Checkout code	2025-08-05T09:44:06.3034958Z   submodules: false
handle_failure	Checkout code	2025-08-05T09:44:06.3035753Z   set-safe-directory: true
handle_failure	Checkout code	2025-08-05T09:44:06.3036726Z env:
handle_failure	Checkout code	2025-08-05T09:44:06.3037194Z   KAOS_CODE: 16738607895
handle_failure	Checkout code	2025-08-05T09:44:06.3037713Z   KAOS_EVENT_NAME: schedule
handle_failure	Checkout code	2025-08-05T09:44:06.3038221Z   KAOS_ACTION: 
handle_failure	Checkout code	2025-08-05T09:44:06.3038676Z   KAOS_REF: refs/heads/main
handle_failure	Checkout code	2025-08-05T09:44:06.3039751Z   KAOS_MODULE: [Ka0S] Re-Run Failed Inspector Workflows
handle_failure	Checkout code	2025-08-05T09:44:06.3040622Z   KAOS_PATH_SOURCE: core/outputs/w/kaos-workflows-runs.json
handle_failure	Checkout code	2025-08-05T09:44:06.3041354Z   KAOS_PATH_RESUME: core/results/rr/
handle_failure	Checkout code	2025-08-05T09:44:06.3041945Z   KAOS_ACTOR: santakloud
handle_failure	Checkout code	2025-08-05T09:44:06.3042502Z ##[endgroup]
handle_failure	Checkout code	2025-08-05T09:44:06.4303153Z Syncing repository: Ka0s-Klaus/ka0s
handle_failure	Checkout code	2025-08-05T09:44:06.4305743Z ##[group]Getting Git version info
handle_failure	Checkout code	2025-08-05T09:44:06.4306573Z Working directory is '/actions-runner/_work/ka0s/ka0s'
handle_failure	Checkout code	2025-08-05T09:44:06.4307713Z [command]/usr/bin/git version
handle_failure	Checkout code	2025-08-05T09:44:06.4308284Z git version 2.43.0
handle_failure	Checkout code	2025-08-05T09:44:06.4318490Z ##[endgroup]
handle_failure	Checkout code	2025-08-05T09:44:06.4331016Z Copying '/home/kaos/.gitconfig' to '/actions-runner/_work/_temp/afc5202b-6ef7-46b1-9739-1078551e864e/.gitconfig'
handle_failure	Checkout code	2025-08-05T09:44:06.4345203Z Temporarily overriding HOME='/actions-runner/_work/_temp/afc5202b-6ef7-46b1-9739-1078551e864e' before making global git config changes
handle_failure	Checkout code	2025-08-05T09:44:06.4347070Z Adding repository directory to the temporary git global config as a safe directory
handle_failure	Checkout code	2025-08-05T09:44:06.4350921Z [command]/usr/bin/git config --global --add safe.directory /actions-runner/_work/ka0s/ka0s
handle_failure	Checkout code	2025-08-05T09:44:06.4406539Z [command]/usr/bin/git config --local --get remote.origin.url
handle_failure	Checkout code	2025-08-05T09:44:06.4433849Z https://github.com/Ka0s-Klaus/ka0s
handle_failure	Checkout code	2025-08-05T09:44:06.4456031Z ##[group]Removing previously created refs, to avoid conflicts
handle_failure	Checkout code	2025-08-05T09:44:06.4460712Z [command]/usr/bin/git rev-parse --symbolic-full-name --verify --quiet HEAD
handle_failure	Checkout code	2025-08-05T09:44:06.4486845Z refs/heads/main
handle_failure	Checkout code	2025-08-05T09:44:06.4499390Z [command]/usr/bin/git checkout --detach
handle_failure	Checkout code	2025-08-05T09:44:06.4577684Z HEAD is now at 99b47044 Ka0S] Uploading files to MongoDB update repository ...
handle_failure	Checkout code	2025-08-05T09:44:06.4635685Z [command]/usr/bin/git branch --delete --force main
handle_failure	Checkout code	2025-08-05T09:44:06.4670357Z Deleted branch main (was 99b47044).
handle_failure	Checkout code	2025-08-05T09:44:06.4787608Z ##[endgroup]
handle_failure	Checkout code	2025-08-05T09:44:06.4794289Z [command]/usr/bin/git submodule status
handle_failure	Checkout code	2025-08-05T09:44:06.5073819Z ##[group]Cleaning the repository
handle_failure	Checkout code	2025-08-05T09:44:06.5074845Z [command]/usr/bin/git clean -ffdx
handle_failure	Checkout code	2025-08-05T09:44:06.5129351Z [command]/usr/bin/git reset --hard HEAD
handle_failure	Checkout code	2025-08-05T09:44:06.5203567Z HEAD is now at 99b47044 Ka0S] Uploading files to MongoDB update repository ...
handle_failure	Checkout code	2025-08-05T09:44:06.5208747Z ##[endgroup]
handle_failure	Checkout code	2025-08-05T09:44:06.5211629Z ##[group]Disabling automatic garbage collection
handle_failure	Checkout code	2025-08-05T09:44:06.5217830Z [command]/usr/bin/git config --local gc.auto 0
handle_failure	Checkout code	2025-08-05T09:44:06.5251254Z ##[endgroup]
handle_failure	Checkout code	2025-08-05T09:44:06.5252208Z ##[group]Setting up auth
handle_failure	Checkout code	2025-08-05T09:44:06.5259048Z [command]/usr/bin/git config --local --name-only --get-regexp core\.sshCommand
handle_failure	Checkout code	2025-08-05T09:44:06.5296431Z [command]/usr/bin/git submodule foreach --recursive sh -c "git config --local --name-only --get-regexp 'core\.sshCommand' && git config --local --unset-all 'core.sshCommand' || :"
handle_failure	Checkout code	2025-08-05T09:44:06.5572014Z [command]/usr/bin/git config --local --name-only --get-regexp http\.https\:\/\/github\.com\/\.extraheader
handle_failure	Checkout code	2025-08-05T09:44:06.5608477Z [command]/usr/bin/git submodule foreach --recursive sh -c "git config --local --name-only --get-regexp 'http\.https\:\/\/github\.com\/\.extraheader' && git config --local --unset-all 'http.https://github.com/.extraheader' || :"
handle_failure	Checkout code	2025-08-05T09:44:06.5866703Z [command]/usr/bin/git config --local http.https://github.com/.extraheader AUTHORIZATION: basic ***
handle_failure	Checkout code	2025-08-05T09:44:06.5916388Z ##[endgroup]
handle_failure	Checkout code	2025-08-05T09:44:06.5917415Z ##[group]Fetching the repository
handle_failure	Checkout code	2025-08-05T09:44:06.5925357Z [command]/usr/bin/git -c protocol.version=2 fetch --prune --no-recurse-submodules origin +refs/heads/*:refs/remotes/origin/* +refs/tags/*:refs/tags/*
handle_failure	Checkout code	2025-08-05T09:44:07.1057643Z From https://github.com/Ka0s-Klaus/ka0s
handle_failure	Checkout code	2025-08-05T09:44:07.1058579Z    99b47044..45b1daf3  main       -> origin/main
handle_failure	Checkout code	2025-08-05T09:44:07.1182961Z [command]/usr/bin/git branch --list --remote origin/main
handle_failure	Checkout code	2025-08-05T09:44:07.1211526Z   origin/main
handle_failure	Checkout code	2025-08-05T09:44:07.1219902Z [command]/usr/bin/git rev-parse refs/remotes/origin/main
handle_failure	Checkout code	2025-08-05T09:44:07.1242859Z 45b1daf3fbb5a4c1e3baaf65e40a3657a8bcd99c
handle_failure	Checkout code	2025-08-05T09:44:07.1253999Z [command]/usr/bin/git -c protocol.version=2 fetch --no-tags --prune --no-recurse-submodules origin +99b47044acacb5e2681a821f61f9959d09a2f8da:refs/remotes/origin/main
handle_failure	Checkout code	2025-08-05T09:44:07.1406066Z From https://github.com/Ka0s-Klaus/ka0s
handle_failure	Checkout code	2025-08-05T09:44:07.1407533Z  + 45b1daf3...99b47044 99b47044acacb5e2681a821f61f9959d09a2f8da -> origin/main  (forced update)
handle_failure	Checkout code	2025-08-05T09:44:07.1428508Z ##[endgroup]
handle_failure	Checkout code	2025-08-05T09:44:07.1429642Z ##[group]Determining the checkout info
handle_failure	Checkout code	2025-08-05T09:44:07.1430771Z ##[endgroup]
handle_failure	Checkout code	2025-08-05T09:44:07.1440416Z [command]/usr/bin/git sparse-checkout disable
handle_failure	Checkout code	2025-08-05T09:44:07.1486024Z [command]/usr/bin/git config --local --unset-all extensions.worktreeConfig
handle_failure	Checkout code	2025-08-05T09:44:07.1518502Z ##[group]Checking out the ref
handle_failure	Checkout code	2025-08-05T09:44:07.1522935Z [command]/usr/bin/git checkout --progress --force -B main refs/remotes/origin/main
handle_failure	Checkout code	2025-08-05T09:44:07.1597220Z Switched to a new branch 'main'
handle_failure	Checkout code	2025-08-05T09:44:07.1609029Z branch 'main' set up to track 'origin/main'.
handle_failure	Checkout code	2025-08-05T09:44:07.1611438Z ##[endgroup]
handle_failure	Checkout code	2025-08-05T09:44:07.1648639Z [command]/usr/bin/git log -1 --format=%H
handle_failure	Checkout code	2025-08-05T09:44:07.1681884Z 99b47044acacb5e2681a821f61f9959d09a2f8da
handle_failure	handle-failure-execution	ï»¿2025-08-05T09:44:07.1911147Z ##[group]Run echo "Error detected in process"
handle_failure	handle-failure-execution	2025-08-05T09:44:07.1912077Z [36;1mecho "Error detected in process"[0m
handle_failure	handle-failure-execution	2025-08-05T09:44:07.1912917Z [36;1m# RNNUMBER=$(echo "refs/heads/main" | grep -o '[0-9]*')[0m
handle_failure	handle-failure-execution	2025-08-05T09:44:07.1914665Z [36;1m# gh issue comment $RNNUMBER --body "El proceso no ha finalizado correctamente 16738607895. El resultado estÃ¡ en el fichero core/results/event_data16738607895.log"[0m
handle_failure	handle-failure-execution	2025-08-05T09:44:07.1916454Z [36;1m# Creamos la issue dado que ha fallado el modulo principal[0m
handle_failure	handle-failure-execution	2025-08-05T09:44:07.1918760Z [36;1mgh issue create  --title "[Ka0S] Error detected in [Ka0S] Re-Run Failed Inspector Workflows" --body "Error detected in [Ka0S] Re-Run Failed Inspector Workflows. Please check the logs for 16738607895 more information of error."[0m
handle_failure	handle-failure-execution	2025-08-05T09:44:07.1930509Z shell: /usr/bin/bash -e {0}
handle_failure	handle-failure-execution	2025-08-05T09:44:07.1931136Z env:
handle_failure	handle-failure-execution	2025-08-05T09:44:07.1931597Z   KAOS_CODE: 16738607895
handle_failure	handle-failure-execution	2025-08-05T09:44:07.1932505Z   KAOS_EVENT_NAME: schedule
handle_failure	handle-failure-execution	2025-08-05T09:44:07.1933091Z   KAOS_ACTION: 
handle_failure	handle-failure-execution	2025-08-05T09:44:07.1933635Z   KAOS_REF: refs/heads/main
handle_failure	handle-failure-execution	2025-08-05T09:44:07.1934338Z   KAOS_MODULE: [Ka0S] Re-Run Failed Inspector Workflows
handle_failure	handle-failure-execution	2025-08-05T09:44:07.1935279Z   KAOS_PATH_SOURCE: core/outputs/w/kaos-workflows-runs.json
handle_failure	handle-failure-execution	2025-08-05T09:44:07.1936126Z   KAOS_PATH_RESUME: core/results/rr/
handle_failure	handle-failure-execution	2025-08-05T09:44:07.1936781Z   KAOS_ACTOR: santakloud
handle_failure	handle-failure-execution	2025-08-05T09:44:07.1937598Z   GH_TOKEN: ***
handle_failure	handle-failure-execution	2025-08-05T09:44:07.1938091Z ##[endgroup]
handle_failure	handle-failure-execution	2025-08-05T09:44:07.1990147Z Error detected in process
handle_failure	handle-failure-execution	2025-08-05T09:44:08.3739973Z https://github.com/Ka0s-Klaus/ka0s/issues/1278
handle_failure	Post Checkout code	ï»¿2025-08-05T09:44:08.3863977Z Post job cleanup.
handle_failure	Post Checkout code	2025-08-05T09:44:08.4938470Z [command]/usr/bin/git version
handle_failure	Post Checkout code	2025-08-05T09:44:08.4976625Z git version 2.43.0
handle_failure	Post Checkout code	2025-08-05T09:44:08.5016933Z Copying '/home/kaos/.gitconfig' to '/actions-runner/_work/_temp/7d047fe3-63ba-4319-a726-9593d0b34ee6/.gitconfig'
handle_failure	Post Checkout code	2025-08-05T09:44:08.5028360Z Temporarily overriding HOME='/actions-runner/_work/_temp/7d047fe3-63ba-4319-a726-9593d0b34ee6' before making global git config changes
handle_failure	Post Checkout code	2025-08-05T09:44:08.5029717Z Adding repository directory to the temporary git global config as a safe directory
handle_failure	Post Checkout code	2025-08-05T09:44:08.5034683Z [command]/usr/bin/git config --global --add safe.directory /actions-runner/_work/ka0s/ka0s
handle_failure	Post Checkout code	2025-08-05T09:44:08.5081728Z [command]/usr/bin/git config --local --name-only --get-regexp core\.sshCommand
handle_failure	Post Checkout code	2025-08-05T09:44:08.5120135Z [command]/usr/bin/git submodule foreach --recursive sh -c "git config --local --name-only --get-regexp 'core\.sshCommand' && git config --local --unset-all 'core.sshCommand' || :"
handle_failure	Post Checkout code	2025-08-05T09:44:08.5375009Z [command]/usr/bin/git config --local --name-only --get-regexp http\.https\:\/\/github\.com\/\.extraheader
handle_failure	Post Checkout code	2025-08-05T09:44:08.5398658Z http.https://github.com/.extraheader
handle_failure	Post Checkout code	2025-08-05T09:44:08.5479731Z [command]/usr/bin/git config --local --unset-all http.https://github.com/.extraheader
handle_failure	Post Checkout code	2025-08-05T09:44:08.5481738Z [command]/usr/bin/git submodule foreach --recursive sh -c "git config --local --name-only --get-regexp 'http\.https\:\/\/github\.com\/\.extraheader' && git config --local --unset-all 'http.https://github.com/.extraheader' || :"
handle_failure	Complete job	ï»¿2025-08-05T09:44:08.5811623Z Cleaning up orphan processes
end-workflow	Set up job	ï»¿2025-08-05T09:45:05.2392665Z Current runner version: '2.327.1'
end-workflow	Set up job	2025-08-05T09:45:05.2399747Z Runner name: 'ka0s-ka0s-1'
end-workflow	Set up job	2025-08-05T09:45:05.2400507Z Runner group name: 'ka0s'
end-workflow	Set up job	2025-08-05T09:45:05.2401361Z Machine name: '2ae8e24676b9'
end-workflow	Set up job	2025-08-05T09:45:05.2403947Z ##[group]GITHUB_TOKEN Permissions
end-workflow	Set up job	2025-08-05T09:45:05.2406239Z Actions: write
end-workflow	Set up job	2025-08-05T09:45:05.2406774Z Metadata: read
end-workflow	Set up job	2025-08-05T09:45:05.2407287Z ##[endgroup]
end-workflow	Set up job	2025-08-05T09:45:05.2409710Z Secret source: Actions
end-workflow	Set up job	2025-08-05T09:45:05.2410504Z Prepare workflow directory
end-workflow	Set up job	2025-08-05T09:45:05.3042438Z Prepare all required actions
end-workflow	Set up job	2025-08-05T09:45:05.3088814Z Getting action download info
end-workflow	Set up job	2025-08-05T09:45:05.8392436Z Download action repository 'actions/checkout@v4' (SHA:11bd71901bbe5b1630ceea73d27597364c9af683)
end-workflow	Set up job	2025-08-05T09:45:06.6310647Z Complete job name: end-workflow
end-workflow	Checkout code	ï»¿2025-08-05T09:45:06.6829891Z ##[group]Run actions/checkout@v4
end-workflow	Checkout code	2025-08-05T09:45:06.6830820Z with:
end-workflow	Checkout code	2025-08-05T09:45:06.6831204Z   fetch-depth: 0
end-workflow	Checkout code	2025-08-05T09:45:06.6831839Z   token: ***
end-workflow	Checkout code	2025-08-05T09:45:06.6832236Z   repository: Ka0s-Klaus/ka0s
end-workflow	Checkout code	2025-08-05T09:45:06.6832740Z   ssh-strict: true
end-workflow	Checkout code	2025-08-05T09:45:06.6833127Z   ssh-user: git
end-workflow	Checkout code	2025-08-05T09:45:06.6833528Z   persist-credentials: true
end-workflow	Checkout code	2025-08-05T09:45:06.6833971Z   clean: true
end-workflow	Checkout code	2025-08-05T09:45:06.6834371Z   sparse-checkout-cone-mode: true
end-workflow	Checkout code	2025-08-05T09:45:06.6834846Z   fetch-tags: false
end-workflow	Checkout code	2025-08-05T09:45:06.6835242Z   show-progress: true
end-workflow	Checkout code	2025-08-05T09:45:06.6835649Z   lfs: false
end-workflow	Checkout code	2025-08-05T09:45:06.6836003Z   submodules: false
end-workflow	Checkout code	2025-08-05T09:45:06.6836407Z   set-safe-directory: true
end-workflow	Checkout code	2025-08-05T09:45:06.6837092Z env:
end-workflow	Checkout code	2025-08-05T09:45:06.6837462Z   KAOS_CODE: 16738607895
end-workflow	Checkout code	2025-08-05T09:45:06.6837892Z   KAOS_EVENT_NAME: schedule
end-workflow	Checkout code	2025-08-05T09:45:06.6838332Z   KAOS_ACTION: 
end-workflow	Checkout code	2025-08-05T09:45:06.6838717Z   KAOS_REF: refs/heads/main
end-workflow	Checkout code	2025-08-05T09:45:06.6839517Z   KAOS_MODULE: [Ka0S] Re-Run Failed Inspector Workflows
end-workflow	Checkout code	2025-08-05T09:45:06.6840252Z   KAOS_PATH_SOURCE: core/outputs/w/kaos-workflows-runs.json
end-workflow	Checkout code	2025-08-05T09:45:06.6840894Z   KAOS_PATH_RESUME: core/results/rr/
end-workflow	Checkout code	2025-08-05T09:45:06.6841571Z   KAOS_ACTOR: santakloud
end-workflow	Checkout code	2025-08-05T09:45:06.6842166Z   GH_TOKEN: ***
end-workflow	Checkout code	2025-08-05T09:45:06.6842546Z ##[endgroup]
end-workflow	Checkout code	2025-08-05T09:45:06.8005247Z Syncing repository: Ka0s-Klaus/ka0s
end-workflow	Checkout code	2025-08-05T09:45:06.8007169Z ##[group]Getting Git version info
end-workflow	Checkout code	2025-08-05T09:45:06.8007850Z Working directory is '/actions-runner/_work/ka0s/ka0s'
end-workflow	Checkout code	2025-08-05T09:45:06.8008776Z [command]/usr/bin/git version
end-workflow	Checkout code	2025-08-05T09:45:06.8009625Z git version 2.43.0
end-workflow	Checkout code	2025-08-05T09:45:06.8023521Z ##[endgroup]
end-workflow	Checkout code	2025-08-05T09:45:06.8035404Z Copying '/home/kaos/.gitconfig' to '/actions-runner/_work/_temp/2626af89-f55c-41d1-a0d4-e20f60fbd7c4/.gitconfig'
end-workflow	Checkout code	2025-08-05T09:45:06.8047499Z Temporarily overriding HOME='/actions-runner/_work/_temp/2626af89-f55c-41d1-a0d4-e20f60fbd7c4' before making global git config changes
end-workflow	Checkout code	2025-08-05T09:45:06.8049144Z Adding repository directory to the temporary git global config as a safe directory
end-workflow	Checkout code	2025-08-05T09:45:06.8053328Z [command]/usr/bin/git config --global --add safe.directory /actions-runner/_work/ka0s/ka0s
end-workflow	Checkout code	2025-08-05T09:45:06.8203610Z [command]/usr/bin/git config --local --get remote.origin.url
end-workflow	Checkout code	2025-08-05T09:45:06.8241205Z https://github.com/Ka0s-Klaus/ka0s
end-workflow	Checkout code	2025-08-05T09:45:06.8270752Z ##[group]Removing previously created refs, to avoid conflicts
end-workflow	Checkout code	2025-08-05T09:45:06.8277166Z [command]/usr/bin/git rev-parse --symbolic-full-name --verify --quiet HEAD
end-workflow	Checkout code	2025-08-05T09:45:06.8307706Z refs/heads/main
end-workflow	Checkout code	2025-08-05T09:45:06.8321253Z [command]/usr/bin/git checkout --detach
end-workflow	Checkout code	2025-08-05T09:45:06.8399385Z HEAD is now at 99b47044 Ka0S] Uploading files to MongoDB update repository ...
end-workflow	Checkout code	2025-08-05T09:45:06.8446698Z [command]/usr/bin/git branch --delete --force main
end-workflow	Checkout code	2025-08-05T09:45:06.8479730Z Deleted branch main (was 99b47044).
end-workflow	Checkout code	2025-08-05T09:45:06.8567044Z ##[endgroup]
end-workflow	Checkout code	2025-08-05T09:45:06.8568861Z [command]/usr/bin/git submodule status
end-workflow	Checkout code	2025-08-05T09:45:06.8832690Z ##[group]Cleaning the repository
end-workflow	Checkout code	2025-08-05T09:45:06.8837809Z [command]/usr/bin/git clean -ffdx
end-workflow	Checkout code	2025-08-05T09:45:06.8893987Z [command]/usr/bin/git reset --hard HEAD
end-workflow	Checkout code	2025-08-05T09:45:06.8968999Z HEAD is now at 99b47044 Ka0S] Uploading files to MongoDB update repository ...
end-workflow	Checkout code	2025-08-05T09:45:06.8974214Z ##[endgroup]
end-workflow	Checkout code	2025-08-05T09:45:06.8975392Z ##[group]Disabling automatic garbage collection
end-workflow	Checkout code	2025-08-05T09:45:06.8979769Z [command]/usr/bin/git config --local gc.auto 0
end-workflow	Checkout code	2025-08-05T09:45:06.9011711Z ##[endgroup]
end-workflow	Checkout code	2025-08-05T09:45:06.9012559Z ##[group]Setting up auth
end-workflow	Checkout code	2025-08-05T09:45:06.9030030Z [command]/usr/bin/git config --local --name-only --get-regexp core\.sshCommand
end-workflow	Checkout code	2025-08-05T09:45:06.9065227Z [command]/usr/bin/git submodule foreach --recursive sh -c "git config --local --name-only --get-regexp 'core\.sshCommand' && git config --local --unset-all 'core.sshCommand' || :"
end-workflow	Checkout code	2025-08-05T09:45:06.9332993Z [command]/usr/bin/git config --local --name-only --get-regexp http\.https\:\/\/github\.com\/\.extraheader
end-workflow	Checkout code	2025-08-05T09:45:06.9365442Z [command]/usr/bin/git submodule foreach --recursive sh -c "git config --local --name-only --get-regexp 'http\.https\:\/\/github\.com\/\.extraheader' && git config --local --unset-all 'http.https://github.com/.extraheader' || :"
end-workflow	Checkout code	2025-08-05T09:45:06.9636750Z [command]/usr/bin/git config --local http.https://github.com/.extraheader AUTHORIZATION: basic ***
end-workflow	Checkout code	2025-08-05T09:45:06.9681414Z ##[endgroup]
end-workflow	Checkout code	2025-08-05T09:45:06.9682321Z ##[group]Fetching the repository
end-workflow	Checkout code	2025-08-05T09:45:06.9689702Z [command]/usr/bin/git -c protocol.version=2 fetch --prune --no-recurse-submodules origin +refs/heads/*:refs/remotes/origin/* +refs/tags/*:refs/tags/*
end-workflow	Checkout code	2025-08-05T09:45:07.5129394Z From https://github.com/Ka0s-Klaus/ka0s
end-workflow	Checkout code	2025-08-05T09:45:07.5130362Z    99b47044..45b1daf3  main       -> origin/main
end-workflow	Checkout code	2025-08-05T09:45:07.5262269Z [command]/usr/bin/git branch --list --remote origin/main
end-workflow	Checkout code	2025-08-05T09:45:07.5295546Z   origin/main
end-workflow	Checkout code	2025-08-05T09:45:07.5305415Z [command]/usr/bin/git rev-parse refs/remotes/origin/main
end-workflow	Checkout code	2025-08-05T09:45:07.5333403Z 45b1daf3fbb5a4c1e3baaf65e40a3657a8bcd99c
end-workflow	Checkout code	2025-08-05T09:45:07.5345414Z [command]/usr/bin/git -c protocol.version=2 fetch --no-tags --prune --no-recurse-submodules origin +99b47044acacb5e2681a821f61f9959d09a2f8da:refs/remotes/origin/main
end-workflow	Checkout code	2025-08-05T09:45:07.5503427Z From https://github.com/Ka0s-Klaus/ka0s
end-workflow	Checkout code	2025-08-05T09:45:07.5505269Z  + 45b1daf3...99b47044 99b47044acacb5e2681a821f61f9959d09a2f8da -> origin/main  (forced update)
end-workflow	Checkout code	2025-08-05T09:45:07.5528607Z ##[endgroup]
end-workflow	Checkout code	2025-08-05T09:45:07.5529931Z ##[group]Determining the checkout info
end-workflow	Checkout code	2025-08-05T09:45:07.5542008Z ##[endgroup]
end-workflow	Checkout code	2025-08-05T09:45:07.5544182Z [command]/usr/bin/git sparse-checkout disable
end-workflow	Checkout code	2025-08-05T09:45:07.5590342Z [command]/usr/bin/git config --local --unset-all extensions.worktreeConfig
end-workflow	Checkout code	2025-08-05T09:45:07.5625092Z ##[group]Checking out the ref
end-workflow	Checkout code	2025-08-05T09:45:07.5626255Z [command]/usr/bin/git checkout --progress --force -B main refs/remotes/origin/main
end-workflow	Checkout code	2025-08-05T09:45:07.5701188Z Switched to a new branch 'main'
end-workflow	Checkout code	2025-08-05T09:45:07.5705673Z branch 'main' set up to track 'origin/main'.
end-workflow	Checkout code	2025-08-05T09:45:07.5707780Z ##[endgroup]
end-workflow	Checkout code	2025-08-05T09:45:07.5746747Z [command]/usr/bin/git log -1 --format=%H
end-workflow	Checkout code	2025-08-05T09:45:07.5775042Z 99b47044acacb5e2681a821f61f9959d09a2f8da
end-workflow	Finaliza el workflow	ï»¿2025-08-05T09:45:07.6007565Z ##[group]Run echo "End process"
end-workflow	Finaliza el workflow	2025-08-05T09:45:07.6008408Z [36;1mecho "End process"[0m
end-workflow	Finaliza el workflow	2025-08-05T09:45:07.6009491Z [36;1m# RNNUMBER=$(echo "refs/heads/main" | grep -o '[0-9]*')[0m
end-workflow	Finaliza el workflow	2025-08-05T09:45:07.6010453Z [36;1m# gh issue comment $RNNUMBER --body "Se finaliza Ka0s 16738607895"[0m
end-workflow	Finaliza el workflow	2025-08-05T09:45:07.6011451Z [36;1mecho "Se finaliza Ka0s 16738607895"[0m
end-workflow	Finaliza el workflow	2025-08-05T09:45:07.6012814Z [36;1mgh workflow run inspector.yml --ref 'main' -f kaos-issue-id=$RNNUMBER -f kaos-workflow-id="16738607895" -f kaos-user-start=""[0m
end-workflow	Finaliza el workflow	2025-08-05T09:45:07.6024957Z shell: /usr/bin/bash -e {0}
end-workflow	Finaliza el workflow	2025-08-05T09:45:07.6025592Z env:
end-workflow	Finaliza el workflow	2025-08-05T09:45:07.6026040Z   KAOS_CODE: 16738607895
end-workflow	Finaliza el workflow	2025-08-05T09:45:07.6026585Z   KAOS_EVENT_NAME: schedule
end-workflow	Finaliza el workflow	2025-08-05T09:45:07.6027107Z   KAOS_ACTION: 
end-workflow	Finaliza el workflow	2025-08-05T09:45:07.6027571Z   KAOS_REF: refs/heads/main
end-workflow	Finaliza el workflow	2025-08-05T09:45:07.6028214Z   KAOS_MODULE: [Ka0S] Re-Run Failed Inspector Workflows
end-workflow	Finaliza el workflow	2025-08-05T09:45:07.6029977Z   KAOS_PATH_SOURCE: core/outputs/w/kaos-workflows-runs.json
end-workflow	Finaliza el workflow	2025-08-05T09:45:07.6030760Z   KAOS_PATH_RESUME: core/results/rr/
end-workflow	Finaliza el workflow	2025-08-05T09:45:07.6031342Z   KAOS_ACTOR: santakloud
end-workflow	Finaliza el workflow	2025-08-05T09:45:07.6032139Z   GH_TOKEN: ***
end-workflow	Finaliza el workflow	2025-08-05T09:45:07.6032595Z ##[endgroup]
end-workflow	Finaliza el workflow	2025-08-05T09:45:07.6090806Z End process
end-workflow	Finaliza el workflow	2025-08-05T09:45:07.6091491Z Se finaliza Ka0s 16738607895
end-workflow	Post Checkout code	ï»¿2025-08-05T09:45:08.3779972Z Post job cleanup.
end-workflow	Post Checkout code	2025-08-05T09:45:08.4767225Z [command]/usr/bin/git version
end-workflow	Post Checkout code	2025-08-05T09:45:08.4804454Z git version 2.43.0
end-workflow	Post Checkout code	2025-08-05T09:45:08.4845641Z Copying '/home/kaos/.gitconfig' to '/actions-runner/_work/_temp/4c27addd-d82d-4c54-998b-d8c1bf13e74a/.gitconfig'
end-workflow	Post Checkout code	2025-08-05T09:45:08.4857898Z Temporarily overriding HOME='/actions-runner/_work/_temp/4c27addd-d82d-4c54-998b-d8c1bf13e74a' before making global git config changes
end-workflow	Post Checkout code	2025-08-05T09:45:08.4862075Z Adding repository directory to the temporary git global config as a safe directory
end-workflow	Post Checkout code	2025-08-05T09:45:08.4864763Z [command]/usr/bin/git config --global --add safe.directory /actions-runner/_work/ka0s/ka0s
end-workflow	Post Checkout code	2025-08-05T09:45:08.5008566Z [command]/usr/bin/git config --local --name-only --get-regexp core\.sshCommand
end-workflow	Post Checkout code	2025-08-05T09:45:08.5047935Z [command]/usr/bin/git submodule foreach --recursive sh -c "git config --local --name-only --get-regexp 'core\.sshCommand' && git config --local --unset-all 'core.sshCommand' || :"
end-workflow	Post Checkout code	2025-08-05T09:45:08.5297068Z [command]/usr/bin/git config --local --name-only --get-regexp http\.https\:\/\/github\.com\/\.extraheader
end-workflow	Post Checkout code	2025-08-05T09:45:08.5319258Z http.https://github.com/.extraheader
end-workflow	Post Checkout code	2025-08-05T09:45:08.5332490Z [command]/usr/bin/git config --local --unset-all http.https://github.com/.extraheader
end-workflow	Post Checkout code	2025-08-05T09:45:08.5369608Z [command]/usr/bin/git submodule foreach --recursive sh -c "git config --local --name-only --get-regexp 'http\.https\:\/\/github\.com\/\.extraheader' && git config --local --unset-all 'http.https://github.com/.extraheader' || :"
end-workflow	Complete job	ï»¿2025-08-05T09:45:08.5751025Z Cleaning up orphan processes
