job-core	Set up job	Ôªø2025-08-08T08:00:36.8934192Z Current runner version: '2.327.1'
job-core	Set up job	2025-08-08T08:00:36.8941936Z Runner name: 'ka0s-ka0s-1'
job-core	Set up job	2025-08-08T08:00:36.8942710Z Runner group name: 'ka0s'
job-core	Set up job	2025-08-08T08:00:36.8943538Z Machine name: '2ae8e24676b9'
job-core	Set up job	2025-08-08T08:00:36.8946361Z ##[group]GITHUB_TOKEN Permissions
job-core	Set up job	2025-08-08T08:00:36.8948646Z Actions: write
job-core	Set up job	2025-08-08T08:00:36.8949255Z Contents: write
job-core	Set up job	2025-08-08T08:00:36.8949745Z Issues: write
job-core	Set up job	2025-08-08T08:00:36.8950305Z Metadata: read
job-core	Set up job	2025-08-08T08:00:36.8950859Z PullRequests: write
job-core	Set up job	2025-08-08T08:00:36.8951689Z ##[endgroup]
job-core	Set up job	2025-08-08T08:00:36.8953801Z Secret source: Actions
job-core	Set up job	2025-08-08T08:00:36.8954530Z Prepare workflow directory
job-core	Set up job	2025-08-08T08:00:36.9610481Z Prepare all required actions
job-core	Set up job	2025-08-08T08:00:36.9655879Z Getting action download info
job-core	Set up job	2025-08-08T08:00:37.5202110Z Download action repository 'actions/checkout@v4' (SHA:11bd71901bbe5b1630ceea73d27597364c9af683)
job-core	Set up job	2025-08-08T08:00:38.2324745Z Download action repository 'actions/setup-node@v4' (SHA:49933ea5288caeca8642d1e84afbd3f7d6820020)
job-core	Set up job	2025-08-08T08:00:39.1403662Z Complete job name: job-core
job-core	Run actions/checkout@v4	Ôªø2025-08-08T08:00:39.1992942Z ##[group]Run actions/checkout@v4
job-core	Run actions/checkout@v4	2025-08-08T08:00:39.1994449Z with:
job-core	Run actions/checkout@v4	2025-08-08T08:00:39.1995213Z   fetch-depth: 0
job-core	Run actions/checkout@v4	2025-08-08T08:00:39.1996525Z   token: ***
job-core	Run actions/checkout@v4	2025-08-08T08:00:39.1997331Z   repository: Ka0s-Klaus/ka0s
job-core	Run actions/checkout@v4	2025-08-08T08:00:39.1998262Z   ssh-strict: true
job-core	Run actions/checkout@v4	2025-08-08T08:00:39.1999039Z   ssh-user: git
job-core	Run actions/checkout@v4	2025-08-08T08:00:39.1999856Z   persist-credentials: true
job-core	Run actions/checkout@v4	2025-08-08T08:00:39.2000765Z   clean: true
job-core	Run actions/checkout@v4	2025-08-08T08:00:39.2001663Z   sparse-checkout-cone-mode: true
job-core	Run actions/checkout@v4	2025-08-08T08:00:39.2002664Z   fetch-tags: false
job-core	Run actions/checkout@v4	2025-08-08T08:00:39.2003481Z   show-progress: true
job-core	Run actions/checkout@v4	2025-08-08T08:00:39.2004320Z   lfs: false
job-core	Run actions/checkout@v4	2025-08-08T08:00:39.2005064Z   submodules: false
job-core	Run actions/checkout@v4	2025-08-08T08:00:39.2005903Z   set-safe-directory: true
job-core	Run actions/checkout@v4	2025-08-08T08:00:39.2007083Z env:
job-core	Run actions/checkout@v4	2025-08-08T08:00:39.2007835Z   KAOS_MODULE: [Ka0S] MDLINT
job-core	Run actions/checkout@v4	2025-08-08T08:00:39.2009047Z   GH_TOKEN: ***
job-core	Run actions/checkout@v4	2025-08-08T08:00:39.2009824Z   FILE_ERROR: 
job-core	Run actions/checkout@v4	2025-08-08T08:00:39.2010722Z   KAOS_MD_CONFIG: core/config/.markdownlint.json
job-core	Run actions/checkout@v4	2025-08-08T08:00:39.2011979Z   KAOS_PATH_RESUME: audit/mdlint/
job-core	Run actions/checkout@v4	2025-08-08T08:00:39.2013074Z   KAOS_REPO: /actions-runner/_work/kaos/kaos
job-core	Run actions/checkout@v4	2025-08-08T08:00:39.2014150Z   KAOS_STEP_MODULE: 
job-core	Run actions/checkout@v4	2025-08-08T08:00:39.2014972Z   KAOS_CODE: 16825229429
job-core	Run actions/checkout@v4	2025-08-08T08:00:39.2015812Z ##[endgroup]
job-core	Run actions/checkout@v4	2025-08-08T08:00:39.3198696Z Syncing repository: Ka0s-Klaus/ka0s
job-core	Run actions/checkout@v4	2025-08-08T08:00:39.3202022Z ##[group]Getting Git version info
job-core	Run actions/checkout@v4	2025-08-08T08:00:39.3203286Z Working directory is '/actions-runner/_work/ka0s/ka0s'
job-core	Run actions/checkout@v4	2025-08-08T08:00:39.3205070Z [command]/usr/bin/git version
job-core	Run actions/checkout@v4	2025-08-08T08:00:39.3206017Z git version 2.43.0
job-core	Run actions/checkout@v4	2025-08-08T08:00:39.3212222Z ##[endgroup]
job-core	Run actions/checkout@v4	2025-08-08T08:00:39.3224783Z Copying '/home/kaos/.gitconfig' to '/actions-runner/_work/_temp/f6befb6c-ed0e-4a18-b5ed-021b327e8368/.gitconfig'
job-core	Run actions/checkout@v4	2025-08-08T08:00:39.3236389Z Temporarily overriding HOME='/actions-runner/_work/_temp/f6befb6c-ed0e-4a18-b5ed-021b327e8368' before making global git config changes
job-core	Run actions/checkout@v4	2025-08-08T08:00:39.3240496Z Adding repository directory to the temporary git global config as a safe directory
job-core	Run actions/checkout@v4	2025-08-08T08:00:39.3243115Z [command]/usr/bin/git config --global --add safe.directory /actions-runner/_work/ka0s/ka0s
job-core	Run actions/checkout@v4	2025-08-08T08:00:39.3289444Z [command]/usr/bin/git config --local --get remote.origin.url
job-core	Run actions/checkout@v4	2025-08-08T08:00:39.3313874Z https://github.com/Ka0s-Klaus/ka0s
job-core	Run actions/checkout@v4	2025-08-08T08:00:39.3332049Z ##[group]Removing previously created refs, to avoid conflicts
job-core	Run actions/checkout@v4	2025-08-08T08:00:39.3337026Z [command]/usr/bin/git rev-parse --symbolic-full-name --verify --quiet HEAD
job-core	Run actions/checkout@v4	2025-08-08T08:00:39.3361559Z refs/heads/main
job-core	Run actions/checkout@v4	2025-08-08T08:00:39.3370453Z [command]/usr/bin/git checkout --detach
job-core	Run actions/checkout@v4	2025-08-08T08:00:39.3443418Z HEAD is now at efc45a87 Ka0S] Uploading files to MongoDB update repository ...
job-core	Run actions/checkout@v4	2025-08-08T08:00:39.3489399Z [command]/usr/bin/git branch --delete --force main
job-core	Run actions/checkout@v4	2025-08-08T08:00:39.3525738Z Deleted branch main (was efc45a87).
job-core	Run actions/checkout@v4	2025-08-08T08:00:39.3609256Z ##[endgroup]
job-core	Run actions/checkout@v4	2025-08-08T08:00:39.3610422Z [command]/usr/bin/git submodule status
job-core	Run actions/checkout@v4	2025-08-08T08:00:39.3879060Z ##[group]Cleaning the repository
job-core	Run actions/checkout@v4	2025-08-08T08:00:39.3881566Z [command]/usr/bin/git clean -ffdx
job-core	Run actions/checkout@v4	2025-08-08T08:00:39.3942578Z [command]/usr/bin/git reset --hard HEAD
job-core	Run actions/checkout@v4	2025-08-08T08:00:39.4019993Z HEAD is now at efc45a87 Ka0S] Uploading files to MongoDB update repository ...
job-core	Run actions/checkout@v4	2025-08-08T08:00:39.4025795Z ##[endgroup]
job-core	Run actions/checkout@v4	2025-08-08T08:00:39.4028557Z ##[group]Disabling automatic garbage collection
job-core	Run actions/checkout@v4	2025-08-08T08:00:39.4029959Z [command]/usr/bin/git config --local gc.auto 0
job-core	Run actions/checkout@v4	2025-08-08T08:00:39.4066611Z ##[endgroup]
job-core	Run actions/checkout@v4	2025-08-08T08:00:39.4068214Z ##[group]Setting up auth
job-core	Run actions/checkout@v4	2025-08-08T08:00:39.4085061Z [command]/usr/bin/git config --local --name-only --get-regexp core\.sshCommand
job-core	Run actions/checkout@v4	2025-08-08T08:00:39.4121251Z [command]/usr/bin/git submodule foreach --recursive sh -c "git config --local --name-only --get-regexp 'core\.sshCommand' && git config --local --unset-all 'core.sshCommand' || :"
job-core	Run actions/checkout@v4	2025-08-08T08:00:39.4380379Z [command]/usr/bin/git config --local --name-only --get-regexp http\.https\:\/\/github\.com\/\.extraheader
job-core	Run actions/checkout@v4	2025-08-08T08:00:39.4416549Z [command]/usr/bin/git submodule foreach --recursive sh -c "git config --local --name-only --get-regexp 'http\.https\:\/\/github\.com\/\.extraheader' && git config --local --unset-all 'http.https://github.com/.extraheader' || :"
job-core	Run actions/checkout@v4	2025-08-08T08:00:39.4684265Z [command]/usr/bin/git config --local http.https://github.com/.extraheader AUTHORIZATION: basic ***
job-core	Run actions/checkout@v4	2025-08-08T08:00:39.4729035Z ##[endgroup]
job-core	Run actions/checkout@v4	2025-08-08T08:00:39.4730613Z ##[group]Fetching the repository
job-core	Run actions/checkout@v4	2025-08-08T08:00:39.4738056Z [command]/usr/bin/git -c protocol.version=2 fetch --prune --no-recurse-submodules origin +refs/heads/*:refs/remotes/origin/* +refs/tags/*:refs/tags/*
job-core	Run actions/checkout@v4	2025-08-08T08:00:40.2224840Z From https://github.com/Ka0s-Klaus/ka0s
job-core	Run actions/checkout@v4	2025-08-08T08:00:40.2299289Z    0cc1a302..11eed12e  H86-modulo-wazuh -> origin/H86-modulo-wazuh
job-core	Run actions/checkout@v4	2025-08-08T08:00:40.2303417Z    efc45a87..ad331b4c  main             -> origin/main
job-core	Run actions/checkout@v4	2025-08-08T08:00:40.2310460Z [command]/usr/bin/git branch --list --remote origin/H86-modulo-wazuh
job-core	Run actions/checkout@v4	2025-08-08T08:00:40.2323242Z   origin/H86-modulo-wazuh
job-core	Run actions/checkout@v4	2025-08-08T08:00:40.2330472Z [command]/usr/bin/git rev-parse refs/remotes/origin/H86-modulo-wazuh
job-core	Run actions/checkout@v4	2025-08-08T08:00:40.2353824Z 11eed12e84b53cacfd49a7b74c5743ccdf27f665
job-core	Run actions/checkout@v4	2025-08-08T08:00:40.2365796Z ##[endgroup]
job-core	Run actions/checkout@v4	2025-08-08T08:00:40.2366305Z ##[group]Determining the checkout info
job-core	Run actions/checkout@v4	2025-08-08T08:00:40.2367052Z ##[endgroup]
job-core	Run actions/checkout@v4	2025-08-08T08:00:40.2367446Z [command]/usr/bin/git sparse-checkout disable
job-core	Run actions/checkout@v4	2025-08-08T08:00:40.2419552Z [command]/usr/bin/git config --local --unset-all extensions.worktreeConfig
job-core	Run actions/checkout@v4	2025-08-08T08:00:40.2461818Z ##[group]Checking out the ref
job-core	Run actions/checkout@v4	2025-08-08T08:00:40.2463080Z [command]/usr/bin/git checkout --progress --force -B H86-modulo-wazuh refs/remotes/origin/H86-modulo-wazuh
job-core	Run actions/checkout@v4	2025-08-08T08:00:40.2631669Z Previous HEAD position was efc45a87 Ka0S] Uploading files to MongoDB update repository ...
job-core	Run actions/checkout@v4	2025-08-08T08:00:40.2643292Z Switched to a new branch 'H86-modulo-wazuh'
job-core	Run actions/checkout@v4	2025-08-08T08:00:40.2644505Z branch 'H86-modulo-wazuh' set up to track 'origin/H86-modulo-wazuh'.
job-core	Run actions/checkout@v4	2025-08-08T08:00:40.2648999Z ##[endgroup]
job-core	Run actions/checkout@v4	2025-08-08T08:00:40.2692607Z [command]/usr/bin/git log -1 --format=%H
job-core	Run actions/checkout@v4	2025-08-08T08:00:40.2725418Z 11eed12e84b53cacfd49a7b74c5743ccdf27f665
job-core	Run actions/setup-node@v4	Ôªø2025-08-08T08:00:40.2953343Z ##[group]Run actions/setup-node@v4
job-core	Run actions/setup-node@v4	2025-08-08T08:00:40.2953695Z with:
job-core	Run actions/setup-node@v4	2025-08-08T08:00:40.2953908Z   node-version: 20
job-core	Run actions/setup-node@v4	2025-08-08T08:00:40.2954139Z   always-auth: false
job-core	Run actions/setup-node@v4	2025-08-08T08:00:40.2954374Z   check-latest: false
job-core	Run actions/setup-node@v4	2025-08-08T08:00:40.2954770Z   token: ***
job-core	Run actions/setup-node@v4	2025-08-08T08:00:40.2954985Z env:
job-core	Run actions/setup-node@v4	2025-08-08T08:00:40.2955196Z   KAOS_MODULE: [Ka0S] MDLINT
job-core	Run actions/setup-node@v4	2025-08-08T08:00:40.2955533Z   GH_TOKEN: ***
job-core	Run actions/setup-node@v4	2025-08-08T08:00:40.2955755Z   FILE_ERROR: 
job-core	Run actions/setup-node@v4	2025-08-08T08:00:40.2956010Z   KAOS_MD_CONFIG: core/config/.markdownlint.json
job-core	Run actions/setup-node@v4	2025-08-08T08:00:40.2956330Z   KAOS_PATH_RESUME: audit/mdlint/
job-core	Run actions/setup-node@v4	2025-08-08T08:00:40.2956631Z   KAOS_REPO: /actions-runner/_work/kaos/kaos
job-core	Run actions/setup-node@v4	2025-08-08T08:00:40.2956932Z   KAOS_STEP_MODULE: 
job-core	Run actions/setup-node@v4	2025-08-08T08:00:40.2957161Z   KAOS_CODE: 16825229429
job-core	Run actions/setup-node@v4	2025-08-08T08:00:40.2957402Z ##[endgroup]
job-core	Run actions/setup-node@v4	2025-08-08T08:00:40.4932546Z Attempting to download 20...
job-core	Run actions/setup-node@v4	2025-08-08T08:00:41.3044899Z Acquiring 20.19.4 - x64 from https://github.com/actions/node-versions/releases/download/20.19.4-16309772647/node-20.19.4-linux-x64.tar.gz
job-core	Run actions/setup-node@v4	2025-08-08T08:00:42.0309521Z Extracting ...
job-core	Run actions/setup-node@v4	2025-08-08T08:00:42.0451249Z [command]/usr/bin/tar xz --strip 1 --warning=no-unknown-keyword --overwrite -C /actions-runner/_work/_temp/aee80455-18e6-4f3f-8c75-3b2d0c9fc48e -f /actions-runner/_work/_temp/f0e8e323-7acd-4b25-876e-687b1b877647
job-core	Run actions/setup-node@v4	2025-08-08T08:00:43.1725834Z Adding to the cache ...
job-core	Run actions/setup-node@v4	2025-08-08T08:00:46.2284862Z ##[group]Environment details
job-core	Run actions/setup-node@v4	2025-08-08T08:00:46.3483422Z node: v20.19.4
job-core	Run actions/setup-node@v4	2025-08-08T08:00:46.3485028Z npm: 10.8.2
job-core	Run actions/setup-node@v4	2025-08-08T08:00:46.3491893Z yarn: 
job-core	Run actions/setup-node@v4	2025-08-08T08:00:46.3492465Z ##[endgroup]
job-core	Run npm install -g markdownlint-cli2	Ôªø2025-08-08T08:00:46.3664343Z ##[group]Run npm install -g markdownlint-cli2
job-core	Run npm install -g markdownlint-cli2	2025-08-08T08:00:46.3664831Z [36;1mnpm install -g markdownlint-cli2[0m
job-core	Run npm install -g markdownlint-cli2	2025-08-08T08:00:46.3677105Z shell: /usr/bin/bash -e {0}
job-core	Run npm install -g markdownlint-cli2	2025-08-08T08:00:46.3677386Z env:
job-core	Run npm install -g markdownlint-cli2	2025-08-08T08:00:46.3677614Z   KAOS_MODULE: [Ka0S] MDLINT
job-core	Run npm install -g markdownlint-cli2	2025-08-08T08:00:46.3678133Z   GH_TOKEN: ***
job-core	Run npm install -g markdownlint-cli2	2025-08-08T08:00:46.3678369Z   FILE_ERROR: 
job-core	Run npm install -g markdownlint-cli2	2025-08-08T08:00:46.3678596Z   KAOS_MD_CONFIG: core/config/.markdownlint.json
job-core	Run npm install -g markdownlint-cli2	2025-08-08T08:00:46.3678906Z   KAOS_PATH_RESUME: audit/mdlint/
job-core	Run npm install -g markdownlint-cli2	2025-08-08T08:00:46.3679183Z   KAOS_REPO: /actions-runner/_work/kaos/kaos
job-core	Run npm install -g markdownlint-cli2	2025-08-08T08:00:46.3679458Z   KAOS_STEP_MODULE: 
job-core	Run npm install -g markdownlint-cli2	2025-08-08T08:00:46.3679685Z   KAOS_CODE: 16825229429
job-core	Run npm install -g markdownlint-cli2	2025-08-08T08:00:46.3679902Z ##[endgroup]
job-core	Run npm install -g markdownlint-cli2	2025-08-08T08:00:50.1002475Z 
job-core	Run npm install -g markdownlint-cli2	2025-08-08T08:00:50.1008607Z added 80 packages in 4s
job-core	Run npm install -g markdownlint-cli2	2025-08-08T08:00:50.1008872Z 
job-core	Run npm install -g markdownlint-cli2	2025-08-08T08:00:50.1009089Z 48 packages are looking for funding
job-core	Run npm install -g markdownlint-cli2	2025-08-08T08:00:50.1009485Z   run `npm fund` for details
job-core	Run # Realizamos el check del documento md 	Ôªø2025-08-08T08:00:50.1235892Z ##[group]Run # Realizamos el check del documento md 
job-core	Run # Realizamos el check del documento md 	2025-08-08T08:00:50.1236372Z [36;1m# Realizamos el check del documento md [0m
job-core	Run # Realizamos el check del documento md 	2025-08-08T08:00:50.1236777Z [36;1m    # Run markdownlint with the specified files and ignore rules[0m
job-core	Run # Realizamos el check del documento md 	2025-08-08T08:00:50.1237448Z [36;1m    markdownlint-cli2 CHANGELOG.md --config core/config/.markdownlint.json > audit/mdlint/16825229429.txt 2>&1 || true[0m
job-core	Run # Realizamos el check del documento md 	2025-08-08T08:00:50.1238013Z [36;1m    # Check if exist errors in file[0m
job-core	Run # Realizamos el check del documento md 	2025-08-08T08:00:50.1238409Z [36;1m    # Abre el fichero en modo lectura y lee todas las l√≠neas[0m
job-core	Run # Realizamos el check del documento md 	2025-08-08T08:00:50.1248065Z [36;1m    lines=$(cat audit/mdlint/16825229429.txt)[0m
job-core	Run # Realizamos el check del documento md 	2025-08-08T08:00:50.1248453Z [36;1m    # Inicializa la variable summary_value[0m
job-core	Run # Realizamos el check del documento md 	2025-08-08T08:00:50.1248760Z [36;1m    summary_value=""[0m
job-core	Run # Realizamos el check del documento md 	2025-08-08T08:00:50.1249043Z [36;1m    # Busca la l√≠nea que contiene "Summary:"[0m
job-core	Run # Realizamos el check del documento md 	2025-08-08T08:00:50.1249357Z [36;1m    while IFS= read -r line; do[0m
job-core	Run # Realizamos el check del documento md 	2025-08-08T08:00:50.1249651Z [36;1m        if [[ "$line" == *"Summary:"* ]]; then[0m
job-core	Run # Realizamos el check del documento md 	2025-08-08T08:00:50.1250034Z [36;1m            # Extrae el n√∫mero despu√©s de "Summary:"[0m
job-core	Run # Realizamos el check del documento md 	2025-08-08T08:00:50.1250501Z [36;1m            summary_value=$(echo "$line" | awk -F'Summary: ' '{print $2}' | awk '{print $1}')[0m
job-core	Run # Realizamos el check del documento md 	2025-08-08T08:00:50.1250921Z [36;1m            break[0m
job-core	Run # Realizamos el check del documento md 	2025-08-08T08:00:50.1251266Z [36;1m        fi[0m
job-core	Run # Realizamos el check del documento md 	2025-08-08T08:00:50.1251473Z [36;1m    done <<< "$lines"[0m
job-core	Run # Realizamos el check del documento md 	2025-08-08T08:00:50.1251740Z [36;1m    # Comprueba si el valor es cero[0m
job-core	Run # Realizamos el check del documento md 	2025-08-08T08:00:50.1252041Z [36;1m    if [ "$summary_value" == "0" ]; then[0m
job-core	Run # Realizamos el check del documento md 	2025-08-08T08:00:50.1252473Z [36;1m      echo "File audit/mdlint/16825229429.txt is empty and $file is content correct"[0m
job-core	Run # Realizamos el check del documento md 	2025-08-08T08:00:50.1253280Z [36;1m      KAOS_ISSUE_BODY="The [Ka0S] MDLINT process (16825220901) launch the check (16825229429) over file (CHANGELOG.md) and its result has been SUCCESS. Please MERGE"[0m
job-core	Run # Realizamos el check del documento md 	2025-08-08T08:00:50.1253980Z [36;1m      gh issue comment 86 -b "$KAOS_ISSUE_BODY"[0m
job-core	Run # Realizamos el check del documento md 	2025-08-08T08:00:50.1254359Z [36;1m      gh issue comment  86 -F audit/mdlint/16825229429.txt[0m
job-core	Run # Realizamos el check del documento md 	2025-08-08T08:00:50.1254677Z [36;1m    else[0m
job-core	Run # Realizamos el check del documento md 	2025-08-08T08:00:50.1255121Z [36;1m      echo "File audit/mdlint/16825229429.txt is not empty and $file is content not correct and write commit info"[0m
job-core	Run # Realizamos el check del documento md 	2025-08-08T08:00:50.1256300Z [36;1m      KAOS_ISSUE_BODY="The [Ka0S] MDLINT process (16825220901) launch the check (16825229429) over file (CHANGELOG.md) and its result has been FAILED, please check and solved it"[0m
job-core	Run # Realizamos el check del documento md 	2025-08-08T08:00:50.1257027Z [36;1m      gh issue comment 86 -b "$KAOS_ISSUE_BODY"[0m
job-core	Run # Realizamos el check del documento md 	2025-08-08T08:00:50.1257391Z [36;1m      gh issue comment  86 -F audit/mdlint/16825229429.txt[0m
job-core	Run # Realizamos el check del documento md 	2025-08-08T08:00:50.1257700Z [36;1m    fi[0m
job-core	Run # Realizamos el check del documento md 	2025-08-08T08:00:50.1264846Z shell: /usr/bin/bash -e {0}
job-core	Run # Realizamos el check del documento md 	2025-08-08T08:00:50.1265104Z env:
job-core	Run # Realizamos el check del documento md 	2025-08-08T08:00:50.1265296Z   KAOS_MODULE: [Ka0S] MDLINT
job-core	Run # Realizamos el check del documento md 	2025-08-08T08:00:50.1265803Z   GH_TOKEN: ***
job-core	Run # Realizamos el check del documento md 	2025-08-08T08:00:50.1266003Z   FILE_ERROR: 
job-core	Run # Realizamos el check del documento md 	2025-08-08T08:00:50.1266232Z   KAOS_MD_CONFIG: core/config/.markdownlint.json
job-core	Run # Realizamos el check del documento md 	2025-08-08T08:00:50.1266542Z   KAOS_PATH_RESUME: audit/mdlint/
job-core	Run # Realizamos el check del documento md 	2025-08-08T08:00:50.1266817Z   KAOS_REPO: /actions-runner/_work/kaos/kaos
job-core	Run # Realizamos el check del documento md 	2025-08-08T08:00:50.1267096Z   KAOS_STEP_MODULE: 
job-core	Run # Realizamos el check del documento md 	2025-08-08T08:00:50.1267308Z   KAOS_CODE: 16825229429
job-core	Run # Realizamos el check del documento md 	2025-08-08T08:00:50.1267531Z ##[endgroup]
job-core	Run # Realizamos el check del documento md 	2025-08-08T08:00:51.0902511Z File audit/mdlint/16825229429.txt is not empty and  is content not correct and write commit info
job-core	Run # Realizamos el check del documento md 	2025-08-08T08:00:52.0881910Z https://github.com/Ka0s-Klaus/ka0s/issues/86#issuecomment-3166925110
job-core	Run # Realizamos el check del documento md 	2025-08-08T08:00:53.4412687Z https://github.com/Ka0s-Klaus/ka0s/issues/86#issuecomment-3166925154
job-core	Post Run actions/setup-node@v4	Ôªø2025-08-08T08:00:53.4759396Z Post job cleanup.
job-core	Post Run actions/checkout@v4	Ôªø2025-08-08T08:00:53.6826399Z Post job cleanup.
job-core	Post Run actions/checkout@v4	2025-08-08T08:00:53.7823702Z [command]/usr/bin/git version
job-core	Post Run actions/checkout@v4	2025-08-08T08:00:53.7862037Z git version 2.43.0
job-core	Post Run actions/checkout@v4	2025-08-08T08:00:53.7902910Z Copying '/home/kaos/.gitconfig' to '/actions-runner/_work/_temp/f2391707-5df8-4fa3-a389-5241d945422a/.gitconfig'
job-core	Post Run actions/checkout@v4	2025-08-08T08:00:53.7916176Z Temporarily overriding HOME='/actions-runner/_work/_temp/f2391707-5df8-4fa3-a389-5241d945422a' before making global git config changes
job-core	Post Run actions/checkout@v4	2025-08-08T08:00:53.7917471Z Adding repository directory to the temporary git global config as a safe directory
job-core	Post Run actions/checkout@v4	2025-08-08T08:00:53.7922639Z [command]/usr/bin/git config --global --add safe.directory /actions-runner/_work/ka0s/ka0s
job-core	Post Run actions/checkout@v4	2025-08-08T08:00:53.7964315Z [command]/usr/bin/git config --local --name-only --get-regexp core\.sshCommand
job-core	Post Run actions/checkout@v4	2025-08-08T08:00:53.8018762Z [command]/usr/bin/git submodule foreach --recursive sh -c "git config --local --name-only --get-regexp 'core\.sshCommand' && git config --local --unset-all 'core.sshCommand' || :"
job-core	Post Run actions/checkout@v4	2025-08-08T08:00:53.8302220Z [command]/usr/bin/git config --local --name-only --get-regexp http\.https\:\/\/github\.com\/\.extraheader
job-core	Post Run actions/checkout@v4	2025-08-08T08:00:53.8338204Z http.https://github.com/.extraheader
job-core	Post Run actions/checkout@v4	2025-08-08T08:00:53.8350765Z [command]/usr/bin/git config --local --unset-all http.https://github.com/.extraheader
job-core	Post Run actions/checkout@v4	2025-08-08T08:00:53.8389302Z [command]/usr/bin/git submodule foreach --recursive sh -c "git config --local --name-only --get-regexp 'http\.https\:\/\/github\.com\/\.extraheader' && git config --local --unset-all 'http.https://github.com/.extraheader' || :"
job-core	Complete job	Ôªø2025-08-08T08:00:53.8777436Z Cleaning up orphan processes
handle-success	Set up job	Ôªø2025-08-08T08:01:36.8918559Z Current runner version: '2.327.1'
handle-success	Set up job	2025-08-08T08:01:36.8925780Z Runner name: 'ka0s-ka0s-1'
handle-success	Set up job	2025-08-08T08:01:36.8926547Z Runner group name: 'ka0s'
handle-success	Set up job	2025-08-08T08:01:36.8927412Z Machine name: '2ae8e24676b9'
handle-success	Set up job	2025-08-08T08:01:36.8930407Z ##[group]GITHUB_TOKEN Permissions
handle-success	Set up job	2025-08-08T08:01:36.8932781Z Actions: write
handle-success	Set up job	2025-08-08T08:01:36.8933366Z Contents: write
handle-success	Set up job	2025-08-08T08:01:36.8933965Z Issues: write
handle-success	Set up job	2025-08-08T08:01:36.8934557Z Metadata: read
handle-success	Set up job	2025-08-08T08:01:36.8935075Z PullRequests: write
handle-success	Set up job	2025-08-08T08:01:36.8935659Z ##[endgroup]
handle-success	Set up job	2025-08-08T08:01:36.8937729Z Secret source: Actions
handle-success	Set up job	2025-08-08T08:01:36.8938457Z Prepare workflow directory
handle-success	Set up job	2025-08-08T08:01:36.9605318Z Prepare all required actions
handle-success	Set up job	2025-08-08T08:01:36.9650124Z Getting action download info
handle-success	Set up job	2025-08-08T08:01:37.5067399Z Download action repository 'actions/checkout@v4' (SHA:11bd71901bbe5b1630ceea73d27597364c9af683)
handle-success	Set up job	2025-08-08T08:01:38.2472357Z Complete job name: handle-success
handle-success	Checkout code	Ôªø2025-08-08T08:01:38.3036828Z ##[group]Run actions/checkout@v4
handle-success	Checkout code	2025-08-08T08:01:38.3037822Z with:
handle-success	Checkout code	2025-08-08T08:01:38.3038236Z   fetch-depth: 0
handle-success	Checkout code	2025-08-08T08:01:38.3038897Z   token: ***
handle-success	Checkout code	2025-08-08T08:01:38.3039309Z   repository: Ka0s-Klaus/ka0s
handle-success	Checkout code	2025-08-08T08:01:38.3039802Z   ssh-strict: true
handle-success	Checkout code	2025-08-08T08:01:38.3040208Z   ssh-user: git
handle-success	Checkout code	2025-08-08T08:01:38.3040633Z   persist-credentials: true
handle-success	Checkout code	2025-08-08T08:01:38.3041218Z   clean: true
handle-success	Checkout code	2025-08-08T08:01:38.3041649Z   sparse-checkout-cone-mode: true
handle-success	Checkout code	2025-08-08T08:01:38.3042155Z   fetch-tags: false
handle-success	Checkout code	2025-08-08T08:01:38.3042577Z   show-progress: true
handle-success	Checkout code	2025-08-08T08:01:38.3043002Z   lfs: false
handle-success	Checkout code	2025-08-08T08:01:38.3043394Z   submodules: false
handle-success	Checkout code	2025-08-08T08:01:38.3043818Z   set-safe-directory: true
handle-success	Checkout code	2025-08-08T08:01:38.3044562Z env:
handle-success	Checkout code	2025-08-08T08:01:38.3044962Z   KAOS_MODULE: [Ka0S] MDLINT
handle-success	Checkout code	2025-08-08T08:01:38.3045590Z   GH_TOKEN: ***
handle-success	Checkout code	2025-08-08T08:01:38.3045997Z   FILE_ERROR: 
handle-success	Checkout code	2025-08-08T08:01:38.3046458Z   KAOS_MD_CONFIG: core/config/.markdownlint.json
handle-success	Checkout code	2025-08-08T08:01:38.3047044Z   KAOS_PATH_RESUME: audit/mdlint/
handle-success	Checkout code	2025-08-08T08:01:38.3047622Z   KAOS_REPO: /actions-runner/_work/kaos/kaos
handle-success	Checkout code	2025-08-08T08:01:38.3048183Z   KAOS_STEP_MODULE: 
handle-success	Checkout code	2025-08-08T08:01:38.3048613Z   KAOS_CODE: 16825229429
handle-success	Checkout code	2025-08-08T08:01:38.3049053Z ##[endgroup]
handle-success	Checkout code	2025-08-08T08:01:38.4323381Z Syncing repository: Ka0s-Klaus/ka0s
handle-success	Checkout code	2025-08-08T08:01:38.4325463Z ##[group]Getting Git version info
handle-success	Checkout code	2025-08-08T08:01:38.4326256Z Working directory is '/actions-runner/_work/ka0s/ka0s'
handle-success	Checkout code	2025-08-08T08:01:38.4327165Z [command]/usr/bin/git version
handle-success	Checkout code	2025-08-08T08:01:38.4327675Z git version 2.43.0
handle-success	Checkout code	2025-08-08T08:01:38.4351327Z ##[endgroup]
handle-success	Checkout code	2025-08-08T08:01:38.4362328Z Copying '/home/kaos/.gitconfig' to '/actions-runner/_work/_temp/cd78e0b0-15f0-46f0-a69a-7d45a68ae6b5/.gitconfig'
handle-success	Checkout code	2025-08-08T08:01:38.4379795Z Temporarily overriding HOME='/actions-runner/_work/_temp/cd78e0b0-15f0-46f0-a69a-7d45a68ae6b5' before making global git config changes
handle-success	Checkout code	2025-08-08T08:01:38.4381463Z Adding repository directory to the temporary git global config as a safe directory
handle-success	Checkout code	2025-08-08T08:01:38.4382600Z [command]/usr/bin/git config --global --add safe.directory /actions-runner/_work/ka0s/ka0s
handle-success	Checkout code	2025-08-08T08:01:38.4421801Z [command]/usr/bin/git config --local --get remote.origin.url
handle-success	Checkout code	2025-08-08T08:01:38.4452328Z https://github.com/Ka0s-Klaus/ka0s
handle-success	Checkout code	2025-08-08T08:01:38.4472887Z ##[group]Removing previously created refs, to avoid conflicts
handle-success	Checkout code	2025-08-08T08:01:38.4478168Z [command]/usr/bin/git rev-parse --symbolic-full-name --verify --quiet HEAD
handle-success	Checkout code	2025-08-08T08:01:38.4502058Z refs/heads/H86-modulo-wazuh
handle-success	Checkout code	2025-08-08T08:01:38.4513071Z [command]/usr/bin/git checkout --detach
handle-success	Checkout code	2025-08-08T08:01:38.4593222Z HEAD is now at 11eed12e [Ka0S] Uploading resume execution files to the repository...
handle-success	Checkout code	2025-08-08T08:01:38.4637419Z [command]/usr/bin/git branch --delete --force H86-modulo-wazuh
handle-success	Checkout code	2025-08-08T08:01:38.4669628Z Deleted branch H86-modulo-wazuh (was 11eed12e).
handle-success	Checkout code	2025-08-08T08:01:38.4750151Z ##[endgroup]
handle-success	Checkout code	2025-08-08T08:01:38.4751639Z [command]/usr/bin/git submodule status
handle-success	Checkout code	2025-08-08T08:01:38.5014631Z ##[group]Cleaning the repository
handle-success	Checkout code	2025-08-08T08:01:38.5017872Z [command]/usr/bin/git clean -ffdx
handle-success	Checkout code	2025-08-08T08:01:38.5072566Z Removing audit/mdlint/16825235137.txt
handle-success	Checkout code	2025-08-08T08:01:38.5081190Z [command]/usr/bin/git reset --hard HEAD
handle-success	Checkout code	2025-08-08T08:01:38.5157012Z HEAD is now at 11eed12e [Ka0S] Uploading resume execution files to the repository...
handle-success	Checkout code	2025-08-08T08:01:38.5162476Z ##[endgroup]
handle-success	Checkout code	2025-08-08T08:01:38.5163686Z ##[group]Disabling automatic garbage collection
handle-success	Checkout code	2025-08-08T08:01:38.5168623Z [command]/usr/bin/git config --local gc.auto 0
handle-success	Checkout code	2025-08-08T08:01:38.5198321Z ##[endgroup]
handle-success	Checkout code	2025-08-08T08:01:38.5199109Z ##[group]Setting up auth
handle-success	Checkout code	2025-08-08T08:01:38.5205968Z [command]/usr/bin/git config --local --name-only --get-regexp core\.sshCommand
handle-success	Checkout code	2025-08-08T08:01:38.5239924Z [command]/usr/bin/git submodule foreach --recursive sh -c "git config --local --name-only --get-regexp 'core\.sshCommand' && git config --local --unset-all 'core.sshCommand' || :"
handle-success	Checkout code	2025-08-08T08:01:38.5481215Z [command]/usr/bin/git config --local --name-only --get-regexp http\.https\:\/\/github\.com\/\.extraheader
handle-success	Checkout code	2025-08-08T08:01:38.5511547Z [command]/usr/bin/git submodule foreach --recursive sh -c "git config --local --name-only --get-regexp 'http\.https\:\/\/github\.com\/\.extraheader' && git config --local --unset-all 'http.https://github.com/.extraheader' || :"
handle-success	Checkout code	2025-08-08T08:01:38.5757549Z [command]/usr/bin/git config --local http.https://github.com/.extraheader AUTHORIZATION: basic ***
handle-success	Checkout code	2025-08-08T08:01:38.5799913Z ##[endgroup]
handle-success	Checkout code	2025-08-08T08:01:38.5800761Z ##[group]Fetching the repository
handle-success	Checkout code	2025-08-08T08:01:38.5807960Z [command]/usr/bin/git -c protocol.version=2 fetch --prune --no-recurse-submodules origin +refs/heads/*:refs/remotes/origin/* +refs/tags/*:refs/tags/*
handle-success	Checkout code	2025-08-08T08:01:39.1129936Z [command]/usr/bin/git branch --list --remote origin/H86-modulo-wazuh
handle-success	Checkout code	2025-08-08T08:01:39.1174816Z   origin/H86-modulo-wazuh
handle-success	Checkout code	2025-08-08T08:01:39.1189807Z [command]/usr/bin/git rev-parse refs/remotes/origin/H86-modulo-wazuh
handle-success	Checkout code	2025-08-08T08:01:39.1227855Z 11eed12e84b53cacfd49a7b74c5743ccdf27f665
handle-success	Checkout code	2025-08-08T08:01:39.1232876Z ##[endgroup]
handle-success	Checkout code	2025-08-08T08:01:39.1234165Z ##[group]Determining the checkout info
handle-success	Checkout code	2025-08-08T08:01:39.1237231Z ##[endgroup]
handle-success	Checkout code	2025-08-08T08:01:39.1244280Z [command]/usr/bin/git sparse-checkout disable
handle-success	Checkout code	2025-08-08T08:01:39.1316783Z [command]/usr/bin/git config --local --unset-all extensions.worktreeConfig
handle-success	Checkout code	2025-08-08T08:01:39.1362593Z ##[group]Checking out the ref
handle-success	Checkout code	2025-08-08T08:01:39.1367761Z [command]/usr/bin/git checkout --progress --force -B H86-modulo-wazuh refs/remotes/origin/H86-modulo-wazuh
handle-success	Checkout code	2025-08-08T08:01:39.1489451Z Switched to a new branch 'H86-modulo-wazuh'
handle-success	Checkout code	2025-08-08T08:01:39.1491563Z branch 'H86-modulo-wazuh' set up to track 'origin/H86-modulo-wazuh'.
handle-success	Checkout code	2025-08-08T08:01:39.1497852Z ##[endgroup]
handle-success	Checkout code	2025-08-08T08:01:39.1558991Z [command]/usr/bin/git log -1 --format=%H
handle-success	Checkout code	2025-08-08T08:01:39.1600546Z 11eed12e84b53cacfd49a7b74c5743ccdf27f665
handle-success	handle-success-execution	Ôªø2025-08-08T08:01:39.1942923Z ##[group]Run echo "Uploading files to the repository..."
handle-success	handle-success-execution	2025-08-08T08:01:39.1944220Z [36;1mecho "Uploading files to the repository..."[0m
handle-success	handle-success-execution	2025-08-08T08:01:39.1945372Z [36;1mgit config --global user.name "***"[0m
handle-success	handle-success-execution	2025-08-08T08:01:39.1946335Z [36;1mgit config --global user.email "***"[0m
handle-success	handle-success-execution	2025-08-08T08:01:39.1947164Z [36;1mgit pull[0m
handle-success	handle-success-execution	2025-08-08T08:01:39.1947756Z [36;1mgit add [0m
handle-success	handle-success-execution	2025-08-08T08:01:39.1948417Z [36;1mif ! git diff --staged --quiet; then[0m
handle-success	handle-success-execution	2025-08-08T08:01:39.1949664Z [36;1m  git commit -m "[Ka0S] Inspector uploading resume execution files to the repository..."[0m
handle-success	handle-success-execution	2025-08-08T08:01:39.1951273Z [36;1m  git push origin refs/heads/H86-modulo-wazuh[0m
handle-success	handle-success-execution	2025-08-08T08:01:39.1952132Z [36;1mfi[0m
handle-success	handle-success-execution	2025-08-08T08:01:39.1952925Z [36;1m# Si todo ha ido correcto a√±adimos el contenido del fichero [0m
handle-success	handle-success-execution	2025-08-08T08:01:39.1954158Z [36;1mRNNUMBER=$(echo "refs/heads/H86-modulo-wazuh" | grep -o '[0-9]*')[0m
handle-success	handle-success-execution	2025-08-08T08:01:39.1956204Z [36;1mgh issue comment $RNNUMBER --body "El proceso ha finalizado correctamente 16825229429. El resultado est√° en el fichero core/results/event_data16825229429.log"[0m
handle-success	handle-success-execution	2025-08-08T08:01:39.1971241Z shell: /usr/bin/bash -e {0}
handle-success	handle-success-execution	2025-08-08T08:01:39.1972221Z env:
handle-success	handle-success-execution	2025-08-08T08:01:39.1972717Z   KAOS_MODULE: [Ka0S] MDLINT
handle-success	handle-success-execution	2025-08-08T08:01:39.1973573Z   GH_TOKEN: ***
handle-success	handle-success-execution	2025-08-08T08:01:39.1974072Z   FILE_ERROR: 
handle-success	handle-success-execution	2025-08-08T08:01:39.1974646Z   KAOS_MD_CONFIG: core/config/.markdownlint.json
handle-success	handle-success-execution	2025-08-08T08:01:39.1975380Z   KAOS_PATH_RESUME: audit/mdlint/
handle-success	handle-success-execution	2025-08-08T08:01:39.1976062Z   KAOS_REPO: /actions-runner/_work/kaos/kaos
handle-success	handle-success-execution	2025-08-08T08:01:39.1976741Z   KAOS_STEP_MODULE: 
handle-success	handle-success-execution	2025-08-08T08:01:39.1977275Z   KAOS_CODE: 16825229429
handle-success	handle-success-execution	2025-08-08T08:01:39.1977820Z ##[endgroup]
handle-success	handle-success-execution	2025-08-08T08:01:39.2040321Z Uploading files to the repository...
handle-success	handle-success-execution	2025-08-08T08:01:39.7162279Z Already up to date.
handle-success	handle-success-execution	2025-08-08T08:01:39.7178902Z Nothing specified, nothing added.
handle-success	handle-success-execution	2025-08-08T08:01:39.7182644Z hint: Maybe you wanted to say 'git add .'?
handle-success	handle-success-execution	2025-08-08T08:01:39.7183298Z hint: Turn this message off by running
handle-success	handle-success-execution	2025-08-08T08:01:39.7185078Z hint: "git config advice.addEmptyPathspec false"
handle-success	handle-success-execution	2025-08-08T08:01:40.7478584Z https://github.com/Ka0s-Klaus/ka0s/issues/86#issuecomment-3166927082
handle-success	Post Checkout code	Ôªø2025-08-08T08:01:40.7883939Z Post job cleanup.
handle-success	Post Checkout code	2025-08-08T08:01:40.8979896Z [command]/usr/bin/git version
handle-success	Post Checkout code	2025-08-08T08:01:40.9022240Z git version 2.43.0
handle-success	Post Checkout code	2025-08-08T08:01:40.9061516Z Copying '/home/kaos/.gitconfig' to '/actions-runner/_work/_temp/c7995973-7756-4108-8456-cb2a9cbbf4be/.gitconfig'
handle-success	Post Checkout code	2025-08-08T08:01:40.9076378Z Temporarily overriding HOME='/actions-runner/_work/_temp/c7995973-7756-4108-8456-cb2a9cbbf4be' before making global git config changes
handle-success	Post Checkout code	2025-08-08T08:01:40.9152819Z Adding repository directory to the temporary git global config as a safe directory
handle-success	Post Checkout code	2025-08-08T08:01:40.9166878Z [command]/usr/bin/git config --global --add safe.directory /actions-runner/_work/ka0s/ka0s
handle-success	Post Checkout code	2025-08-08T08:01:40.9169213Z [command]/usr/bin/git config --local --name-only --get-regexp core\.sshCommand
handle-success	Post Checkout code	2025-08-08T08:01:40.9170917Z [command]/usr/bin/git submodule foreach --recursive sh -c "git config --local --name-only --get-regexp 'core\.sshCommand' && git config --local --unset-all 'core.sshCommand' || :"
handle-success	Post Checkout code	2025-08-08T08:01:40.9447845Z [command]/usr/bin/git config --local --name-only --get-regexp http\.https\:\/\/github\.com\/\.extraheader
handle-success	Post Checkout code	2025-08-08T08:01:40.9475492Z http.https://github.com/.extraheader
handle-success	Post Checkout code	2025-08-08T08:01:40.9488139Z [command]/usr/bin/git config --local --unset-all http.https://github.com/.extraheader
handle-success	Post Checkout code	2025-08-08T08:01:40.9524413Z [command]/usr/bin/git submodule foreach --recursive sh -c "git config --local --name-only --get-regexp 'http\.https\:\/\/github\.com\/\.extraheader' && git config --local --unset-all 'http.https://github.com/.extraheader' || :"
handle-success	Complete job	Ôªø2025-08-08T08:01:40.9889386Z Cleaning up orphan processes
end-workflow	Set up job	Ôªø2025-08-08T08:02:25.6091615Z Current runner version: '2.327.1'
end-workflow	Set up job	2025-08-08T08:02:25.6099005Z Runner name: 'ka0s-ka0s-1'
end-workflow	Set up job	2025-08-08T08:02:25.6099775Z Runner group name: 'ka0s'
end-workflow	Set up job	2025-08-08T08:02:25.6100640Z Machine name: '2ae8e24676b9'
end-workflow	Set up job	2025-08-08T08:02:25.6103762Z ##[group]GITHUB_TOKEN Permissions
end-workflow	Set up job	2025-08-08T08:02:25.6106149Z Actions: write
end-workflow	Set up job	2025-08-08T08:02:25.6106692Z Contents: write
end-workflow	Set up job	2025-08-08T08:02:25.6107234Z Issues: write
end-workflow	Set up job	2025-08-08T08:02:25.6107868Z Metadata: read
end-workflow	Set up job	2025-08-08T08:02:25.6108379Z PullRequests: write
end-workflow	Set up job	2025-08-08T08:02:25.6108929Z ##[endgroup]
end-workflow	Set up job	2025-08-08T08:02:25.6111096Z Secret source: Actions
end-workflow	Set up job	2025-08-08T08:02:25.6111791Z Prepare workflow directory
end-workflow	Set up job	2025-08-08T08:02:25.6773013Z Prepare all required actions
end-workflow	Set up job	2025-08-08T08:02:25.6816476Z Getting action download info
end-workflow	Set up job	2025-08-08T08:02:26.2066041Z Download action repository 'actions/checkout@v4' (SHA:11bd71901bbe5b1630ceea73d27597364c9af683)
end-workflow	Set up job	2025-08-08T08:02:26.9925875Z Complete job name: end-workflow
end-workflow	Checkout code	Ôªø2025-08-08T08:02:27.0464597Z ##[group]Run actions/checkout@v4
end-workflow	Checkout code	2025-08-08T08:02:27.0465467Z with:
end-workflow	Checkout code	2025-08-08T08:02:27.0465836Z   fetch-depth: 0
end-workflow	Checkout code	2025-08-08T08:02:27.0466429Z   token: ***
end-workflow	Checkout code	2025-08-08T08:02:27.0466800Z   repository: Ka0s-Klaus/ka0s
end-workflow	Checkout code	2025-08-08T08:02:27.0467243Z   ssh-strict: true
end-workflow	Checkout code	2025-08-08T08:02:27.0467608Z   ssh-user: git
end-workflow	Checkout code	2025-08-08T08:02:27.0467988Z   persist-credentials: true
end-workflow	Checkout code	2025-08-08T08:02:27.0468415Z   clean: true
end-workflow	Checkout code	2025-08-08T08:02:27.0468792Z   sparse-checkout-cone-mode: true
end-workflow	Checkout code	2025-08-08T08:02:27.0469244Z   fetch-tags: false
end-workflow	Checkout code	2025-08-08T08:02:27.0469629Z   show-progress: true
end-workflow	Checkout code	2025-08-08T08:02:27.0470014Z   lfs: false
end-workflow	Checkout code	2025-08-08T08:02:27.0470359Z   submodules: false
end-workflow	Checkout code	2025-08-08T08:02:27.0470753Z   set-safe-directory: true
end-workflow	Checkout code	2025-08-08T08:02:27.0471771Z env:
end-workflow	Checkout code	2025-08-08T08:02:27.0472140Z   KAOS_MODULE: [Ka0S] MDLINT
end-workflow	Checkout code	2025-08-08T08:02:27.0472722Z   GH_TOKEN: ***
end-workflow	Checkout code	2025-08-08T08:02:27.0473209Z   FILE_ERROR: 
end-workflow	Checkout code	2025-08-08T08:02:27.0473617Z   KAOS_MD_CONFIG: core/config/.markdownlint.json
end-workflow	Checkout code	2025-08-08T08:02:27.0474149Z   KAOS_PATH_RESUME: audit/mdlint/
end-workflow	Checkout code	2025-08-08T08:02:27.0474668Z   KAOS_REPO: /actions-runner/_work/kaos/kaos
end-workflow	Checkout code	2025-08-08T08:02:27.0475174Z   KAOS_STEP_MODULE: 
end-workflow	Checkout code	2025-08-08T08:02:27.0475555Z   KAOS_CODE: 16825229429
end-workflow	Checkout code	2025-08-08T08:02:27.0475939Z ##[endgroup]
end-workflow	Checkout code	2025-08-08T08:02:27.1643852Z Syncing repository: Ka0s-Klaus/ka0s
end-workflow	Checkout code	2025-08-08T08:02:27.1645826Z ##[group]Getting Git version info
end-workflow	Checkout code	2025-08-08T08:02:27.1646796Z Working directory is '/actions-runner/_work/ka0s/ka0s'
end-workflow	Checkout code	2025-08-08T08:02:27.1647706Z [command]/usr/bin/git version
end-workflow	Checkout code	2025-08-08T08:02:27.1648322Z git version 2.43.0
end-workflow	Checkout code	2025-08-08T08:02:27.1674222Z ##[endgroup]
end-workflow	Checkout code	2025-08-08T08:02:27.1686580Z Copying '/home/kaos/.gitconfig' to '/actions-runner/_work/_temp/d36e6df9-ca61-4b47-b9e0-eb3c52433464/.gitconfig'
end-workflow	Checkout code	2025-08-08T08:02:27.1699212Z Temporarily overriding HOME='/actions-runner/_work/_temp/d36e6df9-ca61-4b47-b9e0-eb3c52433464' before making global git config changes
end-workflow	Checkout code	2025-08-08T08:02:27.1700800Z Adding repository directory to the temporary git global config as a safe directory
end-workflow	Checkout code	2025-08-08T08:02:27.1703192Z [command]/usr/bin/git config --global --add safe.directory /actions-runner/_work/ka0s/ka0s
end-workflow	Checkout code	2025-08-08T08:02:27.1745750Z [command]/usr/bin/git config --local --get remote.origin.url
end-workflow	Checkout code	2025-08-08T08:02:27.1778747Z https://github.com/Ka0s-Klaus/ka0s
end-workflow	Checkout code	2025-08-08T08:02:27.1800935Z ##[group]Removing previously created refs, to avoid conflicts
end-workflow	Checkout code	2025-08-08T08:02:27.1806152Z [command]/usr/bin/git rev-parse --symbolic-full-name --verify --quiet HEAD
end-workflow	Checkout code	2025-08-08T08:02:27.1831638Z refs/heads/H86-modulo-wazuh
end-workflow	Checkout code	2025-08-08T08:02:27.1843896Z [command]/usr/bin/git checkout --detach
end-workflow	Checkout code	2025-08-08T08:02:27.1922537Z HEAD is now at 11eed12e [Ka0S] Uploading resume execution files to the repository...
end-workflow	Checkout code	2025-08-08T08:02:27.1970860Z [command]/usr/bin/git branch --delete --force H86-modulo-wazuh
end-workflow	Checkout code	2025-08-08T08:02:27.2009074Z Deleted branch H86-modulo-wazuh (was 11eed12e).
end-workflow	Checkout code	2025-08-08T08:02:27.2112271Z ##[endgroup]
end-workflow	Checkout code	2025-08-08T08:02:27.2112948Z [command]/usr/bin/git submodule status
end-workflow	Checkout code	2025-08-08T08:02:27.2411099Z ##[group]Cleaning the repository
end-workflow	Checkout code	2025-08-08T08:02:27.2411979Z [command]/usr/bin/git clean -ffdx
end-workflow	Checkout code	2025-08-08T08:02:27.2469680Z [command]/usr/bin/git reset --hard HEAD
end-workflow	Checkout code	2025-08-08T08:02:27.2546440Z HEAD is now at 11eed12e [Ka0S] Uploading resume execution files to the repository...
end-workflow	Checkout code	2025-08-08T08:02:27.2552679Z ##[endgroup]
end-workflow	Checkout code	2025-08-08T08:02:27.2554113Z ##[group]Disabling automatic garbage collection
end-workflow	Checkout code	2025-08-08T08:02:27.2558611Z [command]/usr/bin/git config --local gc.auto 0
end-workflow	Checkout code	2025-08-08T08:02:27.2592177Z ##[endgroup]
end-workflow	Checkout code	2025-08-08T08:02:27.2593383Z ##[group]Setting up auth
end-workflow	Checkout code	2025-08-08T08:02:27.2598442Z [command]/usr/bin/git config --local --name-only --get-regexp core\.sshCommand
end-workflow	Checkout code	2025-08-08T08:02:27.2638113Z [command]/usr/bin/git submodule foreach --recursive sh -c "git config --local --name-only --get-regexp 'core\.sshCommand' && git config --local --unset-all 'core.sshCommand' || :"
end-workflow	Checkout code	2025-08-08T08:02:27.2913581Z [command]/usr/bin/git config --local --name-only --get-regexp http\.https\:\/\/github\.com\/\.extraheader
end-workflow	Checkout code	2025-08-08T08:02:27.2950231Z [command]/usr/bin/git submodule foreach --recursive sh -c "git config --local --name-only --get-regexp 'http\.https\:\/\/github\.com\/\.extraheader' && git config --local --unset-all 'http.https://github.com/.extraheader' || :"
end-workflow	Checkout code	2025-08-08T08:02:27.3260327Z [command]/usr/bin/git config --local http.https://github.com/.extraheader AUTHORIZATION: basic ***
end-workflow	Checkout code	2025-08-08T08:02:27.3317076Z ##[endgroup]
end-workflow	Checkout code	2025-08-08T08:02:27.3317926Z ##[group]Fetching the repository
end-workflow	Checkout code	2025-08-08T08:02:27.3334131Z [command]/usr/bin/git -c protocol.version=2 fetch --prune --no-recurse-submodules origin +refs/heads/*:refs/remotes/origin/* +refs/tags/*:refs/tags/*
end-workflow	Checkout code	2025-08-08T08:02:28.0102733Z From https://github.com/Ka0s-Klaus/ka0s
end-workflow	Checkout code	2025-08-08T08:02:28.0104283Z    ad331b4c..04126b15  main       -> origin/main
end-workflow	Checkout code	2025-08-08T08:02:28.0170200Z [command]/usr/bin/git branch --list --remote origin/H86-modulo-wazuh
end-workflow	Checkout code	2025-08-08T08:02:28.0199721Z   origin/H86-modulo-wazuh
end-workflow	Checkout code	2025-08-08T08:02:28.0209712Z [command]/usr/bin/git rev-parse refs/remotes/origin/H86-modulo-wazuh
end-workflow	Checkout code	2025-08-08T08:02:28.0234411Z 11eed12e84b53cacfd49a7b74c5743ccdf27f665
end-workflow	Checkout code	2025-08-08T08:02:28.0240330Z ##[endgroup]
end-workflow	Checkout code	2025-08-08T08:02:28.0241903Z ##[group]Determining the checkout info
end-workflow	Checkout code	2025-08-08T08:02:28.0243811Z ##[endgroup]
end-workflow	Checkout code	2025-08-08T08:02:28.0246516Z [command]/usr/bin/git sparse-checkout disable
end-workflow	Checkout code	2025-08-08T08:02:28.0295271Z [command]/usr/bin/git config --local --unset-all extensions.worktreeConfig
end-workflow	Checkout code	2025-08-08T08:02:28.0326275Z ##[group]Checking out the ref
end-workflow	Checkout code	2025-08-08T08:02:28.0329206Z [command]/usr/bin/git checkout --progress --force -B H86-modulo-wazuh refs/remotes/origin/H86-modulo-wazuh
end-workflow	Checkout code	2025-08-08T08:02:28.0403287Z Switched to a new branch 'H86-modulo-wazuh'
end-workflow	Checkout code	2025-08-08T08:02:28.0405663Z branch 'H86-modulo-wazuh' set up to track 'origin/H86-modulo-wazuh'.
end-workflow	Checkout code	2025-08-08T08:02:28.0409624Z ##[endgroup]
end-workflow	Checkout code	2025-08-08T08:02:28.0446589Z [command]/usr/bin/git log -1 --format=%H
end-workflow	Checkout code	2025-08-08T08:02:28.0473619Z 11eed12e84b53cacfd49a7b74c5743ccdf27f665
end-workflow	Finaliza el workflow	Ôªø2025-08-08T08:02:28.0760210Z ##[group]Run echo "End process"
end-workflow	Finaliza el workflow	2025-08-08T08:02:28.0762105Z [36;1mecho "End process"[0m
end-workflow	Finaliza el workflow	2025-08-08T08:02:28.0763777Z [36;1mRNNUMBER=$(echo "refs/heads/H86-modulo-wazuh" | grep -o '[0-9]*')[0m
end-workflow	Finaliza el workflow	2025-08-08T08:02:28.0765978Z [36;1mgh issue comment $RNNUMBER --body "Se finaliza Ka0s 16825229429"[0m
end-workflow	Finaliza el workflow	2025-08-08T08:02:28.0769006Z [36;1mgh workflow run inspector.yml --ref 'main' -f kaos-issue-id=$RNNUMBER -f kaos-workflow-id="16825229429" -f kaos-user-start=""[0m
end-workflow	Finaliza el workflow	2025-08-08T08:02:28.0786496Z shell: /usr/bin/bash -e {0}
end-workflow	Finaliza el workflow	2025-08-08T08:02:28.0787964Z env:
end-workflow	Finaliza el workflow	2025-08-08T08:02:28.0788832Z   KAOS_MODULE: [Ka0S] MDLINT
end-workflow	Finaliza el workflow	2025-08-08T08:02:28.0790510Z   GH_TOKEN: ***
end-workflow	Finaliza el workflow	2025-08-08T08:02:28.0791891Z   FILE_ERROR: 
end-workflow	Finaliza el workflow	2025-08-08T08:02:28.0793077Z   KAOS_MD_CONFIG: core/config/.markdownlint.json
end-workflow	Finaliza el workflow	2025-08-08T08:02:28.0794472Z   KAOS_PATH_RESUME: audit/mdlint/
end-workflow	Finaliza el workflow	2025-08-08T08:02:28.0795738Z   KAOS_REPO: /actions-runner/_work/kaos/kaos
end-workflow	Finaliza el workflow	2025-08-08T08:02:28.0796989Z   KAOS_STEP_MODULE: 
end-workflow	Finaliza el workflow	2025-08-08T08:02:28.0797965Z   KAOS_CODE: 16825229429
end-workflow	Finaliza el workflow	2025-08-08T08:02:28.0799036Z ##[endgroup]
end-workflow	Finaliza el workflow	2025-08-08T08:02:28.0866490Z End process
end-workflow	Finaliza el workflow	2025-08-08T08:02:29.1531321Z https://github.com/Ka0s-Klaus/ka0s/issues/86#issuecomment-3166929188
end-workflow	Post Checkout code	Ôªø2025-08-08T08:02:29.9723936Z Post job cleanup.
end-workflow	Post Checkout code	2025-08-08T08:02:30.0938408Z [command]/usr/bin/git version
end-workflow	Post Checkout code	2025-08-08T08:02:30.0982465Z git version 2.43.0
end-workflow	Post Checkout code	2025-08-08T08:02:30.1024527Z Copying '/home/kaos/.gitconfig' to '/actions-runner/_work/_temp/9de7e377-4b7d-412e-9615-fa532a16696b/.gitconfig'
end-workflow	Post Checkout code	2025-08-08T08:02:30.1046415Z Temporarily overriding HOME='/actions-runner/_work/_temp/9de7e377-4b7d-412e-9615-fa532a16696b' before making global git config changes
end-workflow	Post Checkout code	2025-08-08T08:02:30.1047628Z Adding repository directory to the temporary git global config as a safe directory
end-workflow	Post Checkout code	2025-08-08T08:02:30.1053520Z [command]/usr/bin/git config --global --add safe.directory /actions-runner/_work/ka0s/ka0s
end-workflow	Post Checkout code	2025-08-08T08:02:30.1094090Z [command]/usr/bin/git config --local --name-only --get-regexp core\.sshCommand
end-workflow	Post Checkout code	2025-08-08T08:02:30.1144988Z [command]/usr/bin/git submodule foreach --recursive sh -c "git config --local --name-only --get-regexp 'core\.sshCommand' && git config --local --unset-all 'core.sshCommand' || :"
end-workflow	Post Checkout code	2025-08-08T08:02:30.1423186Z [command]/usr/bin/git config --local --name-only --get-regexp http\.https\:\/\/github\.com\/\.extraheader
end-workflow	Post Checkout code	2025-08-08T08:02:30.1447165Z http.https://github.com/.extraheader
end-workflow	Post Checkout code	2025-08-08T08:02:30.1459494Z [command]/usr/bin/git config --local --unset-all http.https://github.com/.extraheader
end-workflow	Post Checkout code	2025-08-08T08:02:30.1495815Z [command]/usr/bin/git submodule foreach --recursive sh -c "git config --local --name-only --get-regexp 'http\.https\:\/\/github\.com\/\.extraheader' && git config --local --unset-all 'http.https://github.com/.extraheader' || :"
end-workflow	Complete job	Ôªø2025-08-08T08:02:30.1887370Z Cleaning up orphan processes
