job-core	Set up job	ï»¿2025-08-09T01:12:19.1581167Z Current runner version: '2.327.1'
job-core	Set up job	2025-08-09T01:12:19.1588781Z Runner name: 'ka0s-test-1'
job-core	Set up job	2025-08-09T01:12:19.1589545Z Runner group name: 'test'
job-core	Set up job	2025-08-09T01:12:19.1590365Z Machine name: '247b0c1cb843'
job-core	Set up job	2025-08-09T01:12:19.1593343Z ##[group]GITHUB_TOKEN Permissions
job-core	Set up job	2025-08-09T01:12:19.1595639Z Actions: write
job-core	Set up job	2025-08-09T01:12:19.1596235Z Contents: write
job-core	Set up job	2025-08-09T01:12:19.1596706Z Issues: write
job-core	Set up job	2025-08-09T01:12:19.1597338Z Metadata: read
job-core	Set up job	2025-08-09T01:12:19.1597869Z PullRequests: write
job-core	Set up job	2025-08-09T01:12:19.1598348Z ##[endgroup]
job-core	Set up job	2025-08-09T01:12:19.1600474Z Secret source: Actions
job-core	Set up job	2025-08-09T01:12:19.1601195Z Prepare workflow directory
job-core	Set up job	2025-08-09T01:12:19.2200845Z Prepare all required actions
job-core	Set up job	2025-08-09T01:12:19.2239715Z Getting action download info
job-core	Set up job	2025-08-09T01:12:19.8165212Z Download action repository 'actions/checkout@v4' (SHA:11bd71901bbe5b1630ceea73d27597364c9af683)
job-core	Set up job	2025-08-09T01:12:20.7053391Z Complete job name: job-core
job-core	Checkout repository	ï»¿2025-08-09T01:12:20.7519889Z ##[group]Run actions/checkout@v4
job-core	Checkout repository	2025-08-09T01:12:20.7521249Z with:
job-core	Checkout repository	2025-08-09T01:12:20.7521642Z   fetch-depth: 0
job-core	Checkout repository	2025-08-09T01:12:20.7522260Z   token: ***
job-core	Checkout repository	2025-08-09T01:12:20.7522643Z   repository: Ka0s-Klaus/ka0s
job-core	Checkout repository	2025-08-09T01:12:20.7523101Z   ssh-strict: true
job-core	Checkout repository	2025-08-09T01:12:20.7523471Z   ssh-user: git
job-core	Checkout repository	2025-08-09T01:12:20.7523862Z   persist-credentials: true
job-core	Checkout repository	2025-08-09T01:12:20.7524306Z   clean: true
job-core	Checkout repository	2025-08-09T01:12:20.7524688Z   sparse-checkout-cone-mode: true
job-core	Checkout repository	2025-08-09T01:12:20.7525171Z   fetch-tags: false
job-core	Checkout repository	2025-08-09T01:12:20.7525563Z   show-progress: true
job-core	Checkout repository	2025-08-09T01:12:20.7525964Z   lfs: false
job-core	Checkout repository	2025-08-09T01:12:20.7526333Z   submodules: false
job-core	Checkout repository	2025-08-09T01:12:20.7526721Z   set-safe-directory: true
job-core	Checkout repository	2025-08-09T01:12:20.7527391Z env:
job-core	Checkout repository	2025-08-09T01:12:20.7527760Z   KAOS_MODULE: [Ka0S] Audit Host
job-core	Checkout repository	2025-08-09T01:12:20.7528239Z   KAOS_PATH_RESUME: audit/hosts/
job-core	Checkout repository	2025-08-09T01:12:20.7528703Z   KAOS_FILE_HOST: 16843656902
job-core	Checkout repository	2025-08-09T01:12:20.7529136Z   KAOS_CODE: 16843656902
job-core	Checkout repository	2025-08-09T01:12:20.7529545Z ##[endgroup]
job-core	Checkout repository	2025-08-09T01:12:20.8695645Z Syncing repository: Ka0s-Klaus/ka0s
job-core	Checkout repository	2025-08-09T01:12:20.8699212Z ##[group]Getting Git version info
job-core	Checkout repository	2025-08-09T01:12:20.8700111Z Working directory is '/actions-runner/_work/ka0s/ka0s'
job-core	Checkout repository	2025-08-09T01:12:20.8701596Z [command]/usr/bin/git version
job-core	Checkout repository	2025-08-09T01:12:20.8702085Z git version 2.43.0
job-core	Checkout repository	2025-08-09T01:12:20.8704343Z ##[endgroup]
job-core	Checkout repository	2025-08-09T01:12:20.8711572Z Temporarily overriding HOME='/actions-runner/_work/_temp/21319ab1-4eaf-40fe-b4f9-d363fdb2638f' before making global git config changes
job-core	Checkout repository	2025-08-09T01:12:20.8713117Z Adding repository directory to the temporary git global config as a safe directory
job-core	Checkout repository	2025-08-09T01:12:20.8718413Z [command]/usr/bin/git config --global --add safe.directory /actions-runner/_work/ka0s/ka0s
job-core	Checkout repository	2025-08-09T01:12:20.8761461Z [command]/usr/bin/git config --local --get remote.origin.url
job-core	Checkout repository	2025-08-09T01:12:20.8791865Z https://github.com/Ka0s-Klaus/ka0s
job-core	Checkout repository	2025-08-09T01:12:20.8811531Z ##[group]Removing previously created refs, to avoid conflicts
job-core	Checkout repository	2025-08-09T01:12:20.8815789Z [command]/usr/bin/git rev-parse --symbolic-full-name --verify --quiet HEAD
job-core	Checkout repository	2025-08-09T01:12:20.8839866Z refs/heads/main
job-core	Checkout repository	2025-08-09T01:12:20.8850120Z [command]/usr/bin/git checkout --detach
job-core	Checkout repository	2025-08-09T01:12:20.8926451Z HEAD is now at 5421c919 Ka0S] Uploading files to MongoDB update repository ...
job-core	Checkout repository	2025-08-09T01:12:20.8974047Z [command]/usr/bin/git branch --delete --force main
job-core	Checkout repository	2025-08-09T01:12:20.9006581Z Deleted branch main (was 5421c919).
job-core	Checkout repository	2025-08-09T01:12:20.9089559Z ##[endgroup]
job-core	Checkout repository	2025-08-09T01:12:20.9090840Z [command]/usr/bin/git submodule status
job-core	Checkout repository	2025-08-09T01:12:20.9338635Z ##[group]Cleaning the repository
job-core	Checkout repository	2025-08-09T01:12:20.9343647Z [command]/usr/bin/git clean -ffdx
job-core	Checkout repository	2025-08-09T01:12:20.9400167Z [command]/usr/bin/git reset --hard HEAD
job-core	Checkout repository	2025-08-09T01:12:20.9472521Z HEAD is now at 5421c919 Ka0S] Uploading files to MongoDB update repository ...
job-core	Checkout repository	2025-08-09T01:12:20.9477510Z ##[endgroup]
job-core	Checkout repository	2025-08-09T01:12:20.9478893Z ##[group]Disabling automatic garbage collection
job-core	Checkout repository	2025-08-09T01:12:20.9482891Z [command]/usr/bin/git config --local gc.auto 0
job-core	Checkout repository	2025-08-09T01:12:20.9512402Z ##[endgroup]
job-core	Checkout repository	2025-08-09T01:12:20.9513196Z ##[group]Setting up auth
job-core	Checkout repository	2025-08-09T01:12:20.9519545Z [command]/usr/bin/git config --local --name-only --get-regexp core\.sshCommand
job-core	Checkout repository	2025-08-09T01:12:20.9560920Z [command]/usr/bin/git submodule foreach --recursive sh -c "git config --local --name-only --get-regexp 'core\.sshCommand' && git config --local --unset-all 'core.sshCommand' || :"
job-core	Checkout repository	2025-08-09T01:12:20.9806087Z [command]/usr/bin/git config --local --name-only --get-regexp http\.https\:\/\/github\.com\/\.extraheader
job-core	Checkout repository	2025-08-09T01:12:20.9837232Z [command]/usr/bin/git submodule foreach --recursive sh -c "git config --local --name-only --get-regexp 'http\.https\:\/\/github\.com\/\.extraheader' && git config --local --unset-all 'http.https://github.com/.extraheader' || :"
job-core	Checkout repository	2025-08-09T01:12:21.0086747Z [command]/usr/bin/git config --local http.https://github.com/.extraheader AUTHORIZATION: basic ***
job-core	Checkout repository	2025-08-09T01:12:21.0128747Z ##[endgroup]
job-core	Checkout repository	2025-08-09T01:12:21.0130029Z ##[group]Fetching the repository
job-core	Checkout repository	2025-08-09T01:12:21.0136568Z [command]/usr/bin/git -c protocol.version=2 fetch --prune --no-recurse-submodules origin +refs/heads/*:refs/remotes/origin/* +refs/tags/*:refs/tags/*
job-core	Checkout repository	2025-08-09T01:12:22.3103488Z From https://github.com/Ka0s-Klaus/ka0s
job-core	Checkout repository	2025-08-09T01:12:22.3105557Z    0cc1a302..7bb43b78  H86-modulo-wazuh -> origin/H86-modulo-wazuh
job-core	Checkout repository	2025-08-09T01:12:22.3107465Z    5421c919..6ad85eac  main             -> origin/main
job-core	Checkout repository	2025-08-09T01:12:22.3109175Z  * [new tag]           0.3.5            -> 0.3.5
job-core	Checkout repository	2025-08-09T01:12:22.3174229Z [command]/usr/bin/git branch --list --remote origin/main
job-core	Checkout repository	2025-08-09T01:12:22.3202398Z   origin/main
job-core	Checkout repository	2025-08-09T01:12:22.3211192Z [command]/usr/bin/git rev-parse refs/remotes/origin/main
job-core	Checkout repository	2025-08-09T01:12:22.3233319Z 6ad85eacf7d13e2805abd5b63c5e966abb0ae4e6
job-core	Checkout repository	2025-08-09T01:12:22.3239089Z ##[endgroup]
job-core	Checkout repository	2025-08-09T01:12:22.3240586Z ##[group]Determining the checkout info
job-core	Checkout repository	2025-08-09T01:12:22.3242367Z ##[endgroup]
job-core	Checkout repository	2025-08-09T01:12:22.3243394Z [command]/usr/bin/git sparse-checkout disable
job-core	Checkout repository	2025-08-09T01:12:22.3291868Z [command]/usr/bin/git config --local --unset-all extensions.worktreeConfig
job-core	Checkout repository	2025-08-09T01:12:22.3327055Z ##[group]Checking out the ref
job-core	Checkout repository	2025-08-09T01:12:22.3328878Z [command]/usr/bin/git checkout --progress --force -B main refs/remotes/origin/main
job-core	Checkout repository	2025-08-09T01:12:22.3496711Z Previous HEAD position was 5421c919 Ka0S] Uploading files to MongoDB update repository ...
job-core	Checkout repository	2025-08-09T01:12:22.3509657Z Switched to a new branch 'main'
job-core	Checkout repository	2025-08-09T01:12:22.3512536Z branch 'main' set up to track 'origin/main'.
job-core	Checkout repository	2025-08-09T01:12:22.3525076Z ##[endgroup]
job-core	Checkout repository	2025-08-09T01:12:22.3559870Z [command]/usr/bin/git log -1 --format=%H
job-core	Checkout repository	2025-08-09T01:12:22.3588594Z 6ad85eacf7d13e2805abd5b63c5e966abb0ae4e6
job-core	Post Checkout repository	ï»¿2025-08-09T01:12:22.3916073Z Post job cleanup.
job-core	Post Checkout repository	2025-08-09T01:12:22.4947875Z [command]/usr/bin/git version
job-core	Post Checkout repository	2025-08-09T01:12:22.4988781Z git version 2.43.0
job-core	Post Checkout repository	2025-08-09T01:12:22.5038783Z Temporarily overriding HOME='/actions-runner/_work/_temp/76b1dac2-3340-4f49-be9c-ee5083479230' before making global git config changes
job-core	Post Checkout repository	2025-08-09T01:12:22.5042948Z Adding repository directory to the temporary git global config as a safe directory
job-core	Post Checkout repository	2025-08-09T01:12:22.5045657Z [command]/usr/bin/git config --global --add safe.directory /actions-runner/_work/ka0s/ka0s
job-core	Post Checkout repository	2025-08-09T01:12:22.5083121Z [command]/usr/bin/git config --local --name-only --get-regexp core\.sshCommand
job-core	Post Checkout repository	2025-08-09T01:12:22.5122810Z [command]/usr/bin/git submodule foreach --recursive sh -c "git config --local --name-only --get-regexp 'core\.sshCommand' && git config --local --unset-all 'core.sshCommand' || :"
job-core	Post Checkout repository	2025-08-09T01:12:22.5375355Z [command]/usr/bin/git config --local --name-only --get-regexp http\.https\:\/\/github\.com\/\.extraheader
job-core	Post Checkout repository	2025-08-09T01:12:22.5398613Z http.https://github.com/.extraheader
job-core	Post Checkout repository	2025-08-09T01:12:22.5411734Z [command]/usr/bin/git config --local --unset-all http.https://github.com/.extraheader
job-core	Post Checkout repository	2025-08-09T01:12:22.5446728Z [command]/usr/bin/git submodule foreach --recursive sh -c "git config --local --name-only --get-regexp 'http\.https\:\/\/github\.com\/\.extraheader' && git config --local --unset-all 'http.https://github.com/.extraheader' || :"
job-core	Complete job	ï»¿2025-08-09T01:12:22.5837397Z Cleaning up orphan processes
job-audit	Set up job	ï»¿2025-08-09T01:12:27.3671218Z Current runner version: '2.327.1'
job-audit	Set up job	2025-08-09T01:12:27.3678749Z Runner name: 'ka0s-test-2'
job-audit	Set up job	2025-08-09T01:12:27.3679656Z Runner group name: 'test'
job-audit	Set up job	2025-08-09T01:12:27.3680673Z Machine name: '35a4aa2135de'
job-audit	Set up job	2025-08-09T01:12:27.3683945Z ##[group]GITHUB_TOKEN Permissions
job-audit	Set up job	2025-08-09T01:12:27.3686369Z Actions: write
job-audit	Set up job	2025-08-09T01:12:27.3687034Z Contents: write
job-audit	Set up job	2025-08-09T01:12:27.3687798Z Issues: write
job-audit	Set up job	2025-08-09T01:12:27.3688415Z Metadata: read
job-audit	Set up job	2025-08-09T01:12:27.3689149Z PullRequests: write
job-audit	Set up job	2025-08-09T01:12:27.3689808Z ##[endgroup]
job-audit	Set up job	2025-08-09T01:12:27.3691985Z Secret source: Actions
job-audit	Set up job	2025-08-09T01:12:27.3692963Z Prepare workflow directory
job-audit	Set up job	2025-08-09T01:12:27.4277355Z Prepare all required actions
job-audit	Set up job	2025-08-09T01:12:27.4315688Z Getting action download info
job-audit	Set up job	2025-08-09T01:12:28.0149889Z Download action repository 'appleboy/ssh-action@v1.2.2' (SHA:2ead5e36573f08b82fbfce1504f1a4b05a647c6f)
job-audit	Set up job	2025-08-09T01:12:28.8882089Z Complete job name: job-audit
job-audit	Execute audit	ï»¿2025-08-09T01:12:28.9479234Z ##[group]Run appleboy/ssh-action@v1.2.2
job-audit	Execute audit	2025-08-09T01:12:28.9480361Z with:
job-audit	Execute audit	2025-08-09T01:12:28.9481075Z   host: ***
job-audit	Execute audit	2025-08-09T01:12:28.9481601Z   username: ***
job-audit	Execute audit	2025-08-09T01:12:28.9485407Z   key: ***
job-audit	Execute audit	2025-08-09T01:12:28.9485914Z   port: ***
job-audit	Execute audit	2025-08-09T01:12:28.9486665Z   script: echo "***" | sudo -S lynis audit system --pentest --forensics 
job-audit	Execute audit	
job-audit	Execute audit	2025-08-09T01:12:28.9487499Z   protocol: tcp
job-audit	Execute audit	2025-08-09T01:12:28.9488015Z   timeout: 30s
job-audit	Execute audit	2025-08-09T01:12:28.9488535Z   command_timeout: 10m
job-audit	Execute audit	2025-08-09T01:12:28.9489078Z   proxy_port: 22
job-audit	Execute audit	2025-08-09T01:12:28.9489621Z   proxy_protocol: tcp
job-audit	Execute audit	2025-08-09T01:12:28.9490166Z   proxy_timeout: 30s
job-audit	Execute audit	2025-08-09T01:12:28.9490719Z   capture_stdout: false
job-audit	Execute audit	2025-08-09T01:12:28.9491580Z env:
job-audit	Execute audit	2025-08-09T01:12:28.9492102Z   KAOS_MODULE: [Ka0S] Audit Host
job-audit	Execute audit	2025-08-09T01:12:28.9492737Z   KAOS_PATH_RESUME: audit/hosts/
job-audit	Execute audit	2025-08-09T01:12:28.9493352Z   KAOS_FILE_HOST: 16843656902
job-audit	Execute audit	2025-08-09T01:12:28.9493950Z   KAOS_CODE: 16843656902
job-audit	Execute audit	2025-08-09T01:12:28.9494499Z ##[endgroup]
job-audit	Execute audit	2025-08-09T01:12:28.9618765Z ##[group]Run echo "$GITHUB_ACTION_PATH" >> $GITHUB_PATH
job-audit	Execute audit	2025-08-09T01:12:28.9619737Z [36;1mecho "$GITHUB_ACTION_PATH" >> $GITHUB_PATH[0m
job-audit	Execute audit	2025-08-09T01:12:28.9632073Z shell: /usr/bin/bash --noprofile --norc -e -o pipefail {0}
job-audit	Execute audit	2025-08-09T01:12:28.9632880Z env:
job-audit	Execute audit	2025-08-09T01:12:28.9633390Z   KAOS_MODULE: [Ka0S] Audit Host
job-audit	Execute audit	2025-08-09T01:12:28.9634012Z   KAOS_PATH_RESUME: audit/hosts/
job-audit	Execute audit	2025-08-09T01:12:28.9634634Z   KAOS_FILE_HOST: 16843656902
job-audit	Execute audit	2025-08-09T01:12:28.9635226Z   KAOS_CODE: 16843656902
job-audit	Execute audit	2025-08-09T01:12:28.9636052Z   GITHUB_ACTION_PATH: /actions-runner/_work/_actions/appleboy/ssh-action/v1.2.2
job-audit	Execute audit	2025-08-09T01:12:28.9636963Z ##[endgroup]
job-audit	Execute audit	2025-08-09T01:12:28.9817215Z ##[group]Run entrypoint.sh
job-audit	Execute audit	2025-08-09T01:12:28.9817904Z [36;1mentrypoint.sh[0m
job-audit	Execute audit	2025-08-09T01:12:28.9828455Z shell: /usr/bin/bash --noprofile --norc -e -o pipefail {0}
job-audit	Execute audit	2025-08-09T01:12:28.9829412Z env:
job-audit	Execute audit	2025-08-09T01:12:28.9829921Z   KAOS_MODULE: [Ka0S] Audit Host
job-audit	Execute audit	2025-08-09T01:12:28.9830548Z   KAOS_PATH_RESUME: audit/hosts/
job-audit	Execute audit	2025-08-09T01:12:28.9831465Z   KAOS_FILE_HOST: 16843656902
job-audit	Execute audit	2025-08-09T01:12:28.9832334Z   KAOS_CODE: 16843656902
job-audit	Execute audit	2025-08-09T01:12:28.9833457Z   GITHUB_ACTION_PATH: /actions-runner/_work/_actions/appleboy/ssh-action/v1.2.2
job-audit	Execute audit	2025-08-09T01:12:28.9834493Z   INPUT_HOST: ***
job-audit	Execute audit	2025-08-09T01:12:28.9835072Z   INPUT_PORT: ***
job-audit	Execute audit	2025-08-09T01:12:28.9835618Z   INPUT_PROTOCOL: tcp
job-audit	Execute audit	2025-08-09T01:12:28.9836474Z   INPUT_USERNAME: ***
job-audit	Execute audit	2025-08-09T01:12:28.9837042Z   INPUT_PASSWORD: 
job-audit	Execute audit	2025-08-09T01:12:28.9837586Z   INPUT_PASSPHRASE: 
job-audit	Execute audit	2025-08-09T01:12:28.9842056Z   INPUT_KEY: ***
job-audit	Execute audit	2025-08-09T01:12:28.9842591Z   INPUT_KEY_PATH: 
job-audit	Execute audit	2025-08-09T01:12:28.9843128Z   INPUT_FINGERPRINT: 
job-audit	Execute audit	2025-08-09T01:12:28.9843671Z   INPUT_PROXY_HOST: 
job-audit	Execute audit	2025-08-09T01:12:28.9844214Z   INPUT_PROXY_PORT: 22
job-audit	Execute audit	2025-08-09T01:12:28.9844767Z   INPUT_PROXY_USERNAME: 
job-audit	Execute audit	2025-08-09T01:12:28.9845333Z   INPUT_PROXY_PASSWORD: 
job-audit	Execute audit	2025-08-09T01:12:28.9845908Z   INPUT_PROXY_PASSPHRASE: 
job-audit	Execute audit	2025-08-09T01:12:28.9846479Z   INPUT_PROXY_KEY: 
job-audit	Execute audit	2025-08-09T01:12:28.9847168Z   INPUT_PROXY_KEY_PATH: 
job-audit	Execute audit	2025-08-09T01:12:28.9847779Z   INPUT_PROXY_FINGERPRINT: 
job-audit	Execute audit	2025-08-09T01:12:28.9848779Z   INPUT_TIMEOUT: 30s
job-audit	Execute audit	2025-08-09T01:12:28.9849328Z   INPUT_PROXY_TIMEOUT: 30s
job-audit	Execute audit	2025-08-09T01:12:28.9849911Z   INPUT_COMMAND_TIMEOUT: 10m
job-audit	Execute audit	2025-08-09T01:12:28.9850796Z   INPUT_SCRIPT: echo "***" | sudo -S lynis audit system --pentest --forensics 
job-audit	Execute audit	
job-audit	Execute audit	2025-08-09T01:12:28.9852022Z   INPUT_SCRIPT_FILE: 
job-audit	Execute audit	2025-08-09T01:12:28.9852564Z   INPUT_ENVS: 
job-audit	Execute audit	2025-08-09T01:12:28.9853072Z   INPUT_ENVS_FORMAT: 
job-audit	Execute audit	2025-08-09T01:12:28.9853607Z   INPUT_DEBUG: 
job-audit	Execute audit	2025-08-09T01:12:28.9854116Z   INPUT_ALL_ENVS: 
job-audit	Execute audit	2025-08-09T01:12:28.9854638Z   INPUT_REQUEST_PTY: 
job-audit	Execute audit	2025-08-09T01:12:28.9855196Z   INPUT_USE_INSECURE_CIPHER: 
job-audit	Execute audit	2025-08-09T01:12:28.9855784Z   INPUT_CIPHER: 
job-audit	Execute audit	2025-08-09T01:12:28.9856327Z   INPUT_PROXY_USE_INSECURE_CIPHER: 
job-audit	Execute audit	2025-08-09T01:12:28.9856954Z   INPUT_PROXY_CIPHER: 
job-audit	Execute audit	2025-08-09T01:12:28.9857494Z   INPUT_SYNC: 
job-audit	Execute audit	2025-08-09T01:12:28.9858023Z   INPUT_CAPTURE_STDOUT: false
job-audit	Execute audit	2025-08-09T01:12:28.9858605Z ##[endgroup]
job-audit	Execute audit	2025-08-09T01:12:29.0015640Z Will download drone-ssh-1.8.1-linux-amd64 from https://github.com/appleboy/drone-ssh/releases/download/v1.8.1
job-audit	Execute audit	2025-08-09T01:12:29.5830584Z ======= CLI Version =======
job-audit	Execute audit	2025-08-09T01:12:29.5863885Z Drone SSH version 1.8.1
job-audit	Execute audit	2025-08-09T01:12:29.5869104Z ===========================
job-audit	Execute audit	2025-08-09T01:12:32.6997722Z 2025/08/09 03:12:32 dial tcp ***:***: connect: no route to host
job-audit	Execute audit	2025-08-09T01:12:32.7061997Z ##[error]Process completed with exit code 1.
job-audit	Complete job	ï»¿2025-08-09T01:12:32.7452483Z Cleaning up orphan processes
handle_failure	Set up job	ï»¿2025-08-09T01:12:37.3335481Z Current runner version: '2.327.1'
handle_failure	Set up job	2025-08-09T01:12:37.3343042Z Runner name: 'ka0s-test-2'
handle_failure	Set up job	2025-08-09T01:12:37.3343752Z Runner group name: 'test'
handle_failure	Set up job	2025-08-09T01:12:37.3344698Z Machine name: '35a4aa2135de'
handle_failure	Set up job	2025-08-09T01:12:37.3347565Z ##[group]GITHUB_TOKEN Permissions
handle_failure	Set up job	2025-08-09T01:12:37.3349811Z Actions: write
handle_failure	Set up job	2025-08-09T01:12:37.3350355Z Contents: write
handle_failure	Set up job	2025-08-09T01:12:37.3351028Z Issues: write
handle_failure	Set up job	2025-08-09T01:12:37.3351862Z Metadata: read
handle_failure	Set up job	2025-08-09T01:12:37.3352404Z PullRequests: write
handle_failure	Set up job	2025-08-09T01:12:37.3352986Z ##[endgroup]
handle_failure	Set up job	2025-08-09T01:12:37.3355029Z Secret source: Actions
handle_failure	Set up job	2025-08-09T01:12:37.3355737Z Prepare workflow directory
handle_failure	Set up job	2025-08-09T01:12:37.3967202Z Prepare all required actions
handle_failure	Set up job	2025-08-09T01:12:37.4053603Z Complete job name: handle_failure
handle_failure	Run # si ha existido un error dejamos la tarjeta In Review	ï»¿2025-08-09T01:12:37.4593523Z ##[group]Run # si ha existido un error dejamos la tarjeta In Review
handle_failure	Run # si ha existido un error dejamos la tarjeta In Review	2025-08-09T01:12:37.4594666Z [36;1m# si ha existido un error dejamos la tarjeta In Review[0m
handle_failure	Run # si ha existido un error dejamos la tarjeta In Review	2025-08-09T01:12:37.4595448Z [36;1mecho "Error detected in [Ka0S] Audit Host, creating issue..."[0m
handle_failure	Run # si ha existido un error dejamos la tarjeta In Review	2025-08-09T01:12:37.4615920Z shell: /usr/bin/bash -e {0}
handle_failure	Run # si ha existido un error dejamos la tarjeta In Review	2025-08-09T01:12:37.4616706Z env:
handle_failure	Run # si ha existido un error dejamos la tarjeta In Review	2025-08-09T01:12:37.4617109Z   KAOS_MODULE: [Ka0S] Audit Host
handle_failure	Run # si ha existido un error dejamos la tarjeta In Review	2025-08-09T01:12:37.4617586Z   KAOS_PATH_RESUME: audit/hosts/
handle_failure	Run # si ha existido un error dejamos la tarjeta In Review	2025-08-09T01:12:37.4618049Z   KAOS_FILE_HOST: 16843656902
handle_failure	Run # si ha existido un error dejamos la tarjeta In Review	2025-08-09T01:12:37.4618494Z   KAOS_CODE: 16843656902
handle_failure	Run # si ha existido un error dejamos la tarjeta In Review	2025-08-09T01:12:37.4618898Z ##[endgroup]
handle_failure	Run # si ha existido un error dejamos la tarjeta In Review	2025-08-09T01:12:37.4874641Z Error detected in [Ka0S] Audit Host, creating issue...
handle_failure	Complete job	ï»¿2025-08-09T01:12:37.4980656Z Cleaning up orphan processes
end-workflow	Set up job	ï»¿2025-08-09T01:12:43.3815683Z Current runner version: '2.327.1'
end-workflow	Set up job	2025-08-09T01:12:43.3823246Z Runner name: 'ka0s-test-3'
end-workflow	Set up job	2025-08-09T01:12:43.3824077Z Runner group name: 'test'
end-workflow	Set up job	2025-08-09T01:12:43.3824994Z Machine name: 'a5e37c0e7ffd'
end-workflow	Set up job	2025-08-09T01:12:43.3828103Z ##[group]GITHUB_TOKEN Permissions
end-workflow	Set up job	2025-08-09T01:12:43.3830482Z Actions: write
end-workflow	Set up job	2025-08-09T01:12:43.3831305Z Contents: write
end-workflow	Set up job	2025-08-09T01:12:43.3831907Z Issues: write
end-workflow	Set up job	2025-08-09T01:12:43.3832470Z Metadata: read
end-workflow	Set up job	2025-08-09T01:12:43.3833029Z PullRequests: write
end-workflow	Set up job	2025-08-09T01:12:43.3833746Z ##[endgroup]
end-workflow	Set up job	2025-08-09T01:12:43.3835939Z Secret source: Actions
end-workflow	Set up job	2025-08-09T01:12:43.3836862Z Prepare workflow directory
end-workflow	Set up job	2025-08-09T01:12:43.4422057Z Prepare all required actions
end-workflow	Set up job	2025-08-09T01:12:43.4474097Z Complete job name: end-workflow
end-workflow	Finaliza el workflow	ï»¿2025-08-09T01:12:43.5010004Z ##[group]Run echo "End process"
end-workflow	Finaliza el workflow	2025-08-09T01:12:43.5010715Z [36;1mecho "End process"[0m
end-workflow	Finaliza el workflow	2025-08-09T01:12:43.5011544Z [36;1mgh workflow run inspector.yml --ref refs/heads/main -f kaos-workflow-id="16843656902"[0m
end-workflow	Finaliza el workflow	2025-08-09T01:12:43.5029635Z shell: /usr/bin/bash -e {0}
end-workflow	Finaliza el workflow	2025-08-09T01:12:43.5030391Z env:
end-workflow	Finaliza el workflow	2025-08-09T01:12:43.5030788Z   KAOS_MODULE: [Ka0S] Audit Host
end-workflow	Finaliza el workflow	2025-08-09T01:12:43.5031657Z   KAOS_PATH_RESUME: audit/hosts/
end-workflow	Finaliza el workflow	2025-08-09T01:12:43.5032254Z   KAOS_FILE_HOST: 16843656902
end-workflow	Finaliza el workflow	2025-08-09T01:12:43.5032688Z   KAOS_CODE: 16843656902
end-workflow	Finaliza el workflow	2025-08-09T01:12:43.5033347Z   GH_TOKEN: ***
end-workflow	Finaliza el workflow	2025-08-09T01:12:43.5033732Z ##[endgroup]
end-workflow	Finaliza el workflow	2025-08-09T01:12:43.5188686Z End process
end-workflow	Complete job	ï»¿2025-08-09T01:12:44.2263970Z Cleaning up orphan processes
