job-core	Set up job	﻿2025-08-10T01:22:10.3904035Z Current runner version: '2.327.1'
job-core	Set up job	2025-08-10T01:22:10.3912018Z Runner name: 'ka0s-test-2'
job-core	Set up job	2025-08-10T01:22:10.3912947Z Runner group name: 'test'
job-core	Set up job	2025-08-10T01:22:10.3913859Z Machine name: '35a4aa2135de'
job-core	Set up job	2025-08-10T01:22:10.3916761Z ##[group]GITHUB_TOKEN Permissions
job-core	Set up job	2025-08-10T01:22:10.3919018Z Actions: write
job-core	Set up job	2025-08-10T01:22:10.3919621Z Contents: write
job-core	Set up job	2025-08-10T01:22:10.3920188Z Issues: write
job-core	Set up job	2025-08-10T01:22:10.3920719Z Metadata: read
job-core	Set up job	2025-08-10T01:22:10.3921292Z PullRequests: write
job-core	Set up job	2025-08-10T01:22:10.3921880Z ##[endgroup]
job-core	Set up job	2025-08-10T01:22:10.3923929Z Secret source: Actions
job-core	Set up job	2025-08-10T01:22:10.3924714Z Prepare workflow directory
job-core	Set up job	2025-08-10T01:22:10.4525899Z Prepare all required actions
job-core	Set up job	2025-08-10T01:22:10.4563214Z Getting action download info
job-core	Set up job	2025-08-10T01:22:11.0293277Z Download action repository 'actions/checkout@v4' (SHA:11bd71901bbe5b1630ceea73d27597364c9af683)
job-core	Set up job	2025-08-10T01:22:11.8782835Z Complete job name: job-core
job-core	Checkout repository	﻿2025-08-10T01:22:11.9228617Z ##[group]Run actions/checkout@v4
job-core	Checkout repository	2025-08-10T01:22:11.9229458Z with:
job-core	Checkout repository	2025-08-10T01:22:11.9229819Z   fetch-depth: 0
job-core	Checkout repository	2025-08-10T01:22:11.9230412Z   token: ***
job-core	Checkout repository	2025-08-10T01:22:11.9230774Z   repository: Ka0s-Klaus/ka0s
job-core	Checkout repository	2025-08-10T01:22:11.9231408Z   ssh-strict: true
job-core	Checkout repository	2025-08-10T01:22:11.9231781Z   ssh-user: git
job-core	Checkout repository	2025-08-10T01:22:11.9232168Z   persist-credentials: true
job-core	Checkout repository	2025-08-10T01:22:11.9232599Z   clean: true
job-core	Checkout repository	2025-08-10T01:22:11.9232978Z   sparse-checkout-cone-mode: true
job-core	Checkout repository	2025-08-10T01:22:11.9233555Z   fetch-tags: false
job-core	Checkout repository	2025-08-10T01:22:11.9233922Z   show-progress: true
job-core	Checkout repository	2025-08-10T01:22:11.9234298Z   lfs: false
job-core	Checkout repository	2025-08-10T01:22:11.9234641Z   submodules: false
job-core	Checkout repository	2025-08-10T01:22:11.9235013Z   set-safe-directory: true
job-core	Checkout repository	2025-08-10T01:22:11.9235637Z env:
job-core	Checkout repository	2025-08-10T01:22:11.9235992Z   KAOS_MODULE: [Ka0S] Audit Host
job-core	Checkout repository	2025-08-10T01:22:11.9236443Z   KAOS_PATH_RESUME: audit/hosts/
job-core	Checkout repository	2025-08-10T01:22:11.9236888Z   KAOS_FILE_HOST: 16855750138
job-core	Checkout repository	2025-08-10T01:22:11.9237295Z   KAOS_CODE: 16855750138
job-core	Checkout repository	2025-08-10T01:22:11.9237680Z ##[endgroup]
job-core	Checkout repository	2025-08-10T01:22:12.3173845Z Syncing repository: Ka0s-Klaus/ka0s
job-core	Checkout repository	2025-08-10T01:22:12.3177246Z ##[group]Getting Git version info
job-core	Checkout repository	2025-08-10T01:22:12.3178568Z Working directory is '/actions-runner/_work/ka0s/ka0s'
job-core	Checkout repository	2025-08-10T01:22:12.3180645Z [command]/usr/bin/git version
job-core	Checkout repository	2025-08-10T01:22:12.3181957Z git version 2.43.0
job-core	Checkout repository	2025-08-10T01:22:12.3185384Z ##[endgroup]
job-core	Checkout repository	2025-08-10T01:22:12.3193763Z Temporarily overriding HOME='/actions-runner/_work/_temp/b445cbc7-bc16-43dc-b6b8-c49b3cc61c2e' before making global git config changes
job-core	Checkout repository	2025-08-10T01:22:12.3197083Z Adding repository directory to the temporary git global config as a safe directory
job-core	Checkout repository	2025-08-10T01:22:12.3199466Z [command]/usr/bin/git config --global --add safe.directory /actions-runner/_work/ka0s/ka0s
job-core	Checkout repository	2025-08-10T01:22:12.3235444Z Deleting the contents of '/actions-runner/_work/ka0s/ka0s'
job-core	Checkout repository	2025-08-10T01:22:12.3240183Z ##[group]Initializing the repository
job-core	Checkout repository	2025-08-10T01:22:12.3252096Z [command]/usr/bin/git init /actions-runner/_work/ka0s/ka0s
job-core	Checkout repository	2025-08-10T01:22:12.3289484Z hint: Using 'master' as the name for the initial branch. This default branch name
job-core	Checkout repository	2025-08-10T01:22:12.3292498Z hint: is subject to change. To configure the initial branch name to use in all
job-core	Checkout repository	2025-08-10T01:22:12.3294867Z hint: of your new repositories, which will suppress this warning, call:
job-core	Checkout repository	2025-08-10T01:22:12.3296560Z hint: 
job-core	Checkout repository	2025-08-10T01:22:12.3297596Z hint: 	git config --global init.defaultBranch <name>
job-core	Checkout repository	2025-08-10T01:22:12.3299036Z hint: 
job-core	Checkout repository	2025-08-10T01:22:12.3300326Z hint: Names commonly chosen instead of 'master' are 'main', 'trunk' and
job-core	Checkout repository	2025-08-10T01:22:12.3304097Z hint: 'development'. The just-created branch can be renamed via this command:
job-core	Checkout repository	2025-08-10T01:22:12.3309054Z hint: 
job-core	Checkout repository	2025-08-10T01:22:12.3309933Z hint: 	git branch -m <name>
job-core	Checkout repository	2025-08-10T01:22:12.3311942Z Initialized empty Git repository in /actions-runner/_work/ka0s/ka0s/.git/
job-core	Checkout repository	2025-08-10T01:22:12.3315849Z [command]/usr/bin/git remote add origin https://github.com/Ka0s-Klaus/ka0s
job-core	Checkout repository	2025-08-10T01:22:12.3347937Z ##[endgroup]
job-core	Checkout repository	2025-08-10T01:22:12.3349726Z ##[group]Disabling automatic garbage collection
job-core	Checkout repository	2025-08-10T01:22:12.3352233Z [command]/usr/bin/git config --local gc.auto 0
job-core	Checkout repository	2025-08-10T01:22:12.3380777Z ##[endgroup]
job-core	Checkout repository	2025-08-10T01:22:12.3382842Z ##[group]Setting up auth
job-core	Checkout repository	2025-08-10T01:22:12.3387746Z [command]/usr/bin/git config --local --name-only --get-regexp core\.sshCommand
job-core	Checkout repository	2025-08-10T01:22:12.3423995Z [command]/usr/bin/git submodule foreach --recursive sh -c "git config --local --name-only --get-regexp 'core\.sshCommand' && git config --local --unset-all 'core.sshCommand' || :"
job-core	Checkout repository	2025-08-10T01:22:12.3684266Z [command]/usr/bin/git config --local --name-only --get-regexp http\.https\:\/\/github\.com\/\.extraheader
job-core	Checkout repository	2025-08-10T01:22:12.3717530Z [command]/usr/bin/git submodule foreach --recursive sh -c "git config --local --name-only --get-regexp 'http\.https\:\/\/github\.com\/\.extraheader' && git config --local --unset-all 'http.https://github.com/.extraheader' || :"
job-core	Checkout repository	2025-08-10T01:22:12.3976853Z [command]/usr/bin/git config --local http.https://github.com/.extraheader AUTHORIZATION: basic ***
job-core	Checkout repository	2025-08-10T01:22:12.4016459Z ##[endgroup]
job-core	Checkout repository	2025-08-10T01:22:12.4018115Z ##[group]Fetching the repository
job-core	Checkout repository	2025-08-10T01:22:12.4026272Z [command]/usr/bin/git -c protocol.version=2 fetch --prune --no-recurse-submodules origin +refs/heads/*:refs/remotes/origin/* +refs/tags/*:refs/tags/*
job-core	Checkout repository	2025-08-10T01:22:18.0405415Z From https://github.com/Ka0s-Klaus/ka0s
job-core	Checkout repository	2025-08-10T01:22:18.0407908Z  * [new branch]        F1149-desarrollo-de-orchestrator -> origin/F1149-desarrollo-de-orchestrator
job-core	Checkout repository	2025-08-10T01:22:18.0409076Z  * [new branch]        F1183-personalización-módulo-finops -> origin/F1183-personalización-módulo-finops
job-core	Checkout repository	2025-08-10T01:22:18.0409807Z  * [new branch]        F1224-new-module-mongodb -> origin/F1224-new-module-mongodb
job-core	Checkout repository	2025-08-10T01:22:18.0410462Z  * [new branch]        F220-web-de-resultados  -> origin/F220-web-de-resultados
job-core	Checkout repository	2025-08-10T01:22:18.0411900Z  * [new branch]        F227-despliegue-de-kube-independiente-del-clouder -> origin/F227-despliegue-de-kube-independiente-del-clouder
job-core	Checkout repository	2025-08-10T01:22:18.0414146Z  * [new branch]        F329-documentacion-metodologia-de-kaos -> origin/F329-documentacion-metodologia-de-kaos
job-core	Checkout repository	2025-08-10T01:22:18.0417527Z  * [new branch]        F44-creación-módulo-versionado -> origin/F44-creación-módulo-versionado
job-core	Checkout repository	2025-08-10T01:22:18.0420236Z  * [new branch]        H1128-módulo-de-observabilidad -> origin/H1128-módulo-de-observabilidad
job-core	Checkout repository	2025-08-10T01:22:18.0427803Z  * [new branch]        H1139-como-instalar-arc-control -> origin/H1139-como-instalar-arc-control
job-core	Checkout repository	2025-08-10T01:22:18.0428626Z  * [new branch]        H1149-desarrollo-de-orchestrator -> origin/H1149-desarrollo-de-orchestrator
job-core	Checkout repository	2025-08-10T01:22:18.0429440Z  * [new branch]        H1150-desarrollo-de-secciones -> origin/H1150-desarrollo-de-secciones
job-core	Checkout repository	2025-08-10T01:22:18.0430330Z  * [new branch]        H1151-desarrollo-de-secciones-ii -> origin/H1151-desarrollo-de-secciones-ii
job-core	Checkout repository	2025-08-10T01:22:18.0431051Z  * [new branch]        H1152-desarrollo-inicio -> origin/H1152-desarrollo-inicio
job-core	Checkout repository	2025-08-10T01:22:18.0434446Z  * [new branch]        H1183-personalización-módulo-finops -> origin/H1183-personalización-módulo-finops
job-core	Checkout repository	2025-08-10T01:22:18.0435764Z  * [new branch]        H1193-ejemplo-web-documentacion -> origin/H1193-ejemplo-web-documentacion
job-core	Checkout repository	2025-08-10T01:22:18.0437475Z  * [new branch]        H1205-web-creation      -> origin/H1205-web-creation
job-core	Checkout repository	2025-08-10T01:22:18.0440495Z  * [new branch]        H1224-new-module-mongodb -> origin/H1224-new-module-mongodb
job-core	Checkout repository	2025-08-10T01:22:18.0443884Z  * [new branch]        H215-modulo-de-summary  -> origin/H215-modulo-de-summary
job-core	Checkout repository	2025-08-10T01:22:18.0445384Z  * [new branch]        H220-web-de-resultados  -> origin/H220-web-de-resultados
job-core	Checkout repository	2025-08-10T01:22:18.0447029Z  * [new branch]        H227-despliegue-de-kube-independiente-del-clouder -> origin/H227-despliegue-de-kube-independiente-del-clouder
job-core	Checkout repository	2025-08-10T01:22:18.0448929Z  * [new branch]        H306-ficheros-de-estadisticas -> origin/H306-ficheros-de-estadisticas
job-core	Checkout repository	2025-08-10T01:22:18.0451850Z  * [new branch]        H328-documentacion-modulo-principal-de-kaos -> origin/H328-documentacion-modulo-principal-de-kaos
job-core	Checkout repository	2025-08-10T01:22:18.0453809Z  * [new branch]        H329-documentacion-metodologia-de-kaos -> origin/H329-documentacion-metodologia-de-kaos
job-core	Checkout repository	2025-08-10T01:22:18.0456518Z  * [new branch]        H338-relanzador-de-jobs-en-caso-de-pattern -> origin/H338-relanzador-de-jobs-en-caso-de-pattern
job-core	Checkout repository	2025-08-10T01:22:18.0458550Z  * [new branch]        H38-documentacion-basica-del-proyecto -> origin/H38-documentacion-basica-del-proyecto
job-core	Checkout repository	2025-08-10T01:22:18.0460899Z  * [new branch]        H44-creación-módulo-versionado -> origin/H44-creación-módulo-versionado
job-core	Checkout repository	2025-08-10T01:22:18.0463992Z  * [new branch]        H86-modulo-wazuh        -> origin/H86-modulo-wazuh
job-core	Checkout repository	2025-08-10T01:22:18.0466462Z  * [new branch]        RN1149-desarrollo-de-orchestrator -> origin/RN1149-desarrollo-de-orchestrator
job-core	Checkout repository	2025-08-10T01:22:18.0468317Z  * [new branch]        RN1183-personalización-módulo-finops -> origin/RN1183-personalización-módulo-finops
job-core	Checkout repository	2025-08-10T01:22:18.0469642Z  * [new branch]        RN220-web-de-resultados -> origin/RN220-web-de-resultados
job-core	Checkout repository	2025-08-10T01:22:18.0472409Z  * [new branch]        RN227-despliegue-de-kube-independiente-del-clouder -> origin/RN227-despliegue-de-kube-independiente-del-clouder
job-core	Checkout repository	2025-08-10T01:22:18.0474420Z  * [new branch]        RN329-documentacion-metodologia-de-kaos -> origin/RN329-documentacion-metodologia-de-kaos
job-core	Checkout repository	2025-08-10T01:22:18.0476620Z  * [new branch]        main                    -> origin/main
job-core	Checkout repository	2025-08-10T01:22:18.0478037Z  * [new tag]           0.0.0                   -> 0.0.0
job-core	Checkout repository	2025-08-10T01:22:18.0479280Z  * [new tag]           0.0.1                   -> 0.0.1
job-core	Checkout repository	2025-08-10T01:22:18.0480651Z  * [new tag]           0.0.10                  -> 0.0.10
job-core	Checkout repository	2025-08-10T01:22:18.0482850Z  * [new tag]           0.0.100                 -> 0.0.100
job-core	Checkout repository	2025-08-10T01:22:18.0484171Z  * [new tag]           0.0.101                 -> 0.0.101
job-core	Checkout repository	2025-08-10T01:22:18.0485749Z  * [new tag]           0.0.102                 -> 0.0.102
job-core	Checkout repository	2025-08-10T01:22:18.0486893Z  * [new tag]           0.0.103                 -> 0.0.103
job-core	Checkout repository	2025-08-10T01:22:18.0488239Z  * [new tag]           0.0.104                 -> 0.0.104
job-core	Checkout repository	2025-08-10T01:22:18.0489632Z  * [new tag]           0.0.105                 -> 0.0.105
job-core	Checkout repository	2025-08-10T01:22:18.0490818Z  * [new tag]           0.0.106                 -> 0.0.106
job-core	Checkout repository	2025-08-10T01:22:18.0492109Z  * [new tag]           0.0.107                 -> 0.0.107
job-core	Checkout repository	2025-08-10T01:22:18.0494021Z  * [new tag]           0.0.108                 -> 0.0.108
job-core	Checkout repository	2025-08-10T01:22:18.0495367Z  * [new tag]           0.0.109                 -> 0.0.109
job-core	Checkout repository	2025-08-10T01:22:18.0496562Z  * [new tag]           0.0.11                  -> 0.0.11
job-core	Checkout repository	2025-08-10T01:22:18.0497836Z  * [new tag]           0.0.110                 -> 0.0.110
job-core	Checkout repository	2025-08-10T01:22:18.0499176Z  * [new tag]           0.0.111                 -> 0.0.111
job-core	Checkout repository	2025-08-10T01:22:18.0500481Z  * [new tag]           0.0.112                 -> 0.0.112
job-core	Checkout repository	2025-08-10T01:22:18.0501969Z  * [new tag]           0.0.113                 -> 0.0.113
job-core	Checkout repository	2025-08-10T01:22:18.0517740Z  * [new tag]           0.0.114                 -> 0.0.114
job-core	Checkout repository	2025-08-10T01:22:18.0518419Z  * [new tag]           0.0.115                 -> 0.0.115
job-core	Checkout repository	2025-08-10T01:22:18.0518869Z  * [new tag]           0.0.116                 -> 0.0.116
job-core	Checkout repository	2025-08-10T01:22:18.0519283Z  * [new tag]           0.0.117                 -> 0.0.117
job-core	Checkout repository	2025-08-10T01:22:18.0519788Z  * [new tag]           0.0.118                 -> 0.0.118
job-core	Checkout repository	2025-08-10T01:22:18.0520274Z  * [new tag]           0.0.119                 -> 0.0.119
job-core	Checkout repository	2025-08-10T01:22:18.0520778Z  * [new tag]           0.0.12                  -> 0.0.12
job-core	Checkout repository	2025-08-10T01:22:18.0521317Z  * [new tag]           0.0.120                 -> 0.0.120
job-core	Checkout repository	2025-08-10T01:22:18.0521791Z  * [new tag]           0.0.121                 -> 0.0.121
job-core	Checkout repository	2025-08-10T01:22:18.0522256Z  * [new tag]           0.0.122                 -> 0.0.122
job-core	Checkout repository	2025-08-10T01:22:18.0522744Z  * [new tag]           0.0.123                 -> 0.0.123
job-core	Checkout repository	2025-08-10T01:22:18.0523181Z  * [new tag]           0.0.124                 -> 0.0.124
job-core	Checkout repository	2025-08-10T01:22:18.0524028Z  * [new tag]           0.0.125                 -> 0.0.125
job-core	Checkout repository	2025-08-10T01:22:18.0524496Z  * [new tag]           0.0.126                 -> 0.0.126
job-core	Checkout repository	2025-08-10T01:22:18.0529438Z  * [new tag]           0.0.127                 -> 0.0.127
job-core	Checkout repository	2025-08-10T01:22:18.0530175Z  * [new tag]           0.0.128                 -> 0.0.128
job-core	Checkout repository	2025-08-10T01:22:18.0530641Z  * [new tag]           0.0.129                 -> 0.0.129
job-core	Checkout repository	2025-08-10T01:22:18.0531135Z  * [new tag]           0.0.13                  -> 0.0.13
job-core	Checkout repository	2025-08-10T01:22:18.0531565Z  * [new tag]           0.0.130                 -> 0.0.130
job-core	Checkout repository	2025-08-10T01:22:18.0532095Z  * [new tag]           0.0.131                 -> 0.0.131
job-core	Checkout repository	2025-08-10T01:22:18.0533256Z  * [new tag]           0.0.132                 -> 0.0.132
job-core	Checkout repository	2025-08-10T01:22:18.0534868Z  * [new tag]           0.0.133                 -> 0.0.133
job-core	Checkout repository	2025-08-10T01:22:18.0536264Z  * [new tag]           0.0.134                 -> 0.0.134
job-core	Checkout repository	2025-08-10T01:22:18.0537433Z  * [new tag]           0.0.135                 -> 0.0.135
job-core	Checkout repository	2025-08-10T01:22:18.0538844Z  * [new tag]           0.0.136                 -> 0.0.136
job-core	Checkout repository	2025-08-10T01:22:18.0540181Z  * [new tag]           0.0.137                 -> 0.0.137
job-core	Checkout repository	2025-08-10T01:22:18.0542218Z  * [new tag]           0.0.138                 -> 0.0.138
job-core	Checkout repository	2025-08-10T01:22:18.0543387Z  * [new tag]           0.0.139                 -> 0.0.139
job-core	Checkout repository	2025-08-10T01:22:18.0544751Z  * [new tag]           0.0.14                  -> 0.0.14
job-core	Checkout repository	2025-08-10T01:22:18.0546404Z  * [new tag]           0.0.140                 -> 0.0.140
job-core	Checkout repository	2025-08-10T01:22:18.0547727Z  * [new tag]           0.0.141                 -> 0.0.141
job-core	Checkout repository	2025-08-10T01:22:18.0549178Z  * [new tag]           0.0.142                 -> 0.0.142
job-core	Checkout repository	2025-08-10T01:22:18.0550499Z  * [new tag]           0.0.143                 -> 0.0.143
job-core	Checkout repository	2025-08-10T01:22:18.0552918Z  * [new tag]           0.0.144                 -> 0.0.144
job-core	Checkout repository	2025-08-10T01:22:18.0554911Z  * [new tag]           0.0.145                 -> 0.0.145
job-core	Checkout repository	2025-08-10T01:22:18.0556218Z  * [new tag]           0.0.146                 -> 0.0.146
job-core	Checkout repository	2025-08-10T01:22:18.0557487Z  * [new tag]           0.0.147                 -> 0.0.147
job-core	Checkout repository	2025-08-10T01:22:18.0558697Z  * [new tag]           0.0.148                 -> 0.0.148
job-core	Checkout repository	2025-08-10T01:22:18.0559995Z  * [new tag]           0.0.149                 -> 0.0.149
job-core	Checkout repository	2025-08-10T01:22:18.0561444Z  * [new tag]           0.0.15                  -> 0.0.15
job-core	Checkout repository	2025-08-10T01:22:18.0562873Z  * [new tag]           0.0.150                 -> 0.0.150
job-core	Checkout repository	2025-08-10T01:22:18.0564287Z  * [new tag]           0.0.151                 -> 0.0.151
job-core	Checkout repository	2025-08-10T01:22:18.0565816Z  * [new tag]           0.0.152                 -> 0.0.152
job-core	Checkout repository	2025-08-10T01:22:18.0567467Z  * [new tag]           0.0.153                 -> 0.0.153
job-core	Checkout repository	2025-08-10T01:22:18.0568733Z  * [new tag]           0.0.154                 -> 0.0.154
job-core	Checkout repository	2025-08-10T01:22:18.0570112Z  * [new tag]           0.0.155                 -> 0.0.155
job-core	Checkout repository	2025-08-10T01:22:18.0572210Z  * [new tag]           0.0.156                 -> 0.0.156
job-core	Checkout repository	2025-08-10T01:22:18.0573762Z  * [new tag]           0.0.157                 -> 0.0.157
job-core	Checkout repository	2025-08-10T01:22:18.0575387Z  * [new tag]           0.0.158                 -> 0.0.158
job-core	Checkout repository	2025-08-10T01:22:18.0577060Z  * [new tag]           0.0.159                 -> 0.0.159
job-core	Checkout repository	2025-08-10T01:22:18.0578362Z  * [new tag]           0.0.16                  -> 0.0.16
job-core	Checkout repository	2025-08-10T01:22:18.0579734Z  * [new tag]           0.0.160                 -> 0.0.160
job-core	Checkout repository	2025-08-10T01:22:18.0581212Z  * [new tag]           0.0.161                 -> 0.0.161
job-core	Checkout repository	2025-08-10T01:22:18.0582632Z  * [new tag]           0.0.162                 -> 0.0.162
job-core	Checkout repository	2025-08-10T01:22:18.0584021Z  * [new tag]           0.0.163                 -> 0.0.163
job-core	Checkout repository	2025-08-10T01:22:18.0585417Z  * [new tag]           0.0.164                 -> 0.0.164
job-core	Checkout repository	2025-08-10T01:22:18.0586819Z  * [new tag]           0.0.165                 -> 0.0.165
job-core	Checkout repository	2025-08-10T01:22:18.0588198Z  * [new tag]           0.0.166                 -> 0.0.166
job-core	Checkout repository	2025-08-10T01:22:18.0589610Z  * [new tag]           0.0.167                 -> 0.0.167
job-core	Checkout repository	2025-08-10T01:22:18.0591231Z  * [new tag]           0.0.168                 -> 0.0.168
job-core	Checkout repository	2025-08-10T01:22:18.0592739Z  * [new tag]           0.0.169                 -> 0.0.169
job-core	Checkout repository	2025-08-10T01:22:18.0594085Z  * [new tag]           0.0.17                  -> 0.0.17
job-core	Checkout repository	2025-08-10T01:22:18.0595878Z  * [new tag]           0.0.170                 -> 0.0.170
job-core	Checkout repository	2025-08-10T01:22:18.0597229Z  * [new tag]           0.0.171                 -> 0.0.171
job-core	Checkout repository	2025-08-10T01:22:18.0598579Z  * [new tag]           0.0.172                 -> 0.0.172
job-core	Checkout repository	2025-08-10T01:22:18.0600397Z  * [new tag]           0.0.173                 -> 0.0.173
job-core	Checkout repository	2025-08-10T01:22:18.0602275Z  * [new tag]           0.0.174                 -> 0.0.174
job-core	Checkout repository	2025-08-10T01:22:18.0603887Z  * [new tag]           0.0.175                 -> 0.0.175
job-core	Checkout repository	2025-08-10T01:22:18.0605263Z  * [new tag]           0.0.176                 -> 0.0.176
job-core	Checkout repository	2025-08-10T01:22:18.0606683Z  * [new tag]           0.0.177                 -> 0.0.177
job-core	Checkout repository	2025-08-10T01:22:18.0608747Z  * [new tag]           0.0.178                 -> 0.0.178
job-core	Checkout repository	2025-08-10T01:22:18.0609940Z  * [new tag]           0.0.179                 -> 0.0.179
job-core	Checkout repository	2025-08-10T01:22:18.0611354Z  * [new tag]           0.0.18                  -> 0.0.18
job-core	Checkout repository	2025-08-10T01:22:18.0612741Z  * [new tag]           0.0.19                  -> 0.0.19
job-core	Checkout repository	2025-08-10T01:22:18.0614155Z  * [new tag]           0.0.2                   -> 0.0.2
job-core	Checkout repository	2025-08-10T01:22:18.0615732Z  * [new tag]           0.0.20                  -> 0.0.20
job-core	Checkout repository	2025-08-10T01:22:18.0617080Z  * [new tag]           0.0.21                  -> 0.0.21
job-core	Checkout repository	2025-08-10T01:22:18.0618492Z  * [new tag]           0.0.22                  -> 0.0.22
job-core	Checkout repository	2025-08-10T01:22:18.0619997Z  * [new tag]           0.0.23                  -> 0.0.23
job-core	Checkout repository	2025-08-10T01:22:18.0621362Z  * [new tag]           0.0.24                  -> 0.0.24
job-core	Checkout repository	2025-08-10T01:22:18.0623031Z  * [new tag]           0.0.25                  -> 0.0.25
job-core	Checkout repository	2025-08-10T01:22:18.0624399Z  * [new tag]           0.0.26                  -> 0.0.26
job-core	Checkout repository	2025-08-10T01:22:18.0625860Z  * [new tag]           0.0.27                  -> 0.0.27
job-core	Checkout repository	2025-08-10T01:22:18.0627429Z  * [new tag]           0.0.28                  -> 0.0.28
job-core	Checkout repository	2025-08-10T01:22:18.0628941Z  * [new tag]           0.0.29                  -> 0.0.29
job-core	Checkout repository	2025-08-10T01:22:18.0630173Z  * [new tag]           0.0.3                   -> 0.0.3
job-core	Checkout repository	2025-08-10T01:22:18.0632246Z  * [new tag]           0.0.30                  -> 0.0.30
job-core	Checkout repository	2025-08-10T01:22:18.0634016Z  * [new tag]           0.0.31                  -> 0.0.31
job-core	Checkout repository	2025-08-10T01:22:18.0635634Z  * [new tag]           0.0.32                  -> 0.0.32
job-core	Checkout repository	2025-08-10T01:22:18.0637390Z  * [new tag]           0.0.33                  -> 0.0.33
job-core	Checkout repository	2025-08-10T01:22:18.0638971Z  * [new tag]           0.0.34                  -> 0.0.34
job-core	Checkout repository	2025-08-10T01:22:18.0640193Z  * [new tag]           0.0.35                  -> 0.0.35
job-core	Checkout repository	2025-08-10T01:22:18.0641938Z  * [new tag]           0.0.36                  -> 0.0.36
job-core	Checkout repository	2025-08-10T01:22:18.0643315Z  * [new tag]           0.0.37                  -> 0.0.37
job-core	Checkout repository	2025-08-10T01:22:18.0644910Z  * [new tag]           0.0.38                  -> 0.0.38
job-core	Checkout repository	2025-08-10T01:22:18.0646325Z  * [new tag]           0.0.39                  -> 0.0.39
job-core	Checkout repository	2025-08-10T01:22:18.0648180Z  * [new tag]           0.0.4                   -> 0.0.4
job-core	Checkout repository	2025-08-10T01:22:18.0650339Z  * [new tag]           0.0.40                  -> 0.0.40
job-core	Checkout repository	2025-08-10T01:22:18.0651479Z  * [new tag]           0.0.41                  -> 0.0.41
job-core	Checkout repository	2025-08-10T01:22:18.0652885Z  * [new tag]           0.0.42                  -> 0.0.42
job-core	Checkout repository	2025-08-10T01:22:18.0659605Z  * [new tag]           0.0.43                  -> 0.0.43
job-core	Checkout repository	2025-08-10T01:22:18.0660077Z  * [new tag]           0.0.44                  -> 0.0.44
job-core	Checkout repository	2025-08-10T01:22:18.0660476Z  * [new tag]           0.0.45                  -> 0.0.45
job-core	Checkout repository	2025-08-10T01:22:18.0660866Z  * [new tag]           0.0.46                  -> 0.0.46
job-core	Checkout repository	2025-08-10T01:22:18.0661351Z  * [new tag]           0.0.47                  -> 0.0.47
job-core	Checkout repository	2025-08-10T01:22:18.0662201Z  * [new tag]           0.0.48                  -> 0.0.48
job-core	Checkout repository	2025-08-10T01:22:18.0663621Z  * [new tag]           0.0.49                  -> 0.0.49
job-core	Checkout repository	2025-08-10T01:22:18.0665085Z  * [new tag]           0.0.5                   -> 0.0.5
job-core	Checkout repository	2025-08-10T01:22:18.0666503Z  * [new tag]           0.0.50                  -> 0.0.50
job-core	Checkout repository	2025-08-10T01:22:18.0668176Z  * [new tag]           0.0.51                  -> 0.0.51
job-core	Checkout repository	2025-08-10T01:22:18.0669448Z  * [new tag]           0.0.52                  -> 0.0.52
job-core	Checkout repository	2025-08-10T01:22:18.0670952Z  * [new tag]           0.0.53                  -> 0.0.53
job-core	Checkout repository	2025-08-10T01:22:18.0672417Z  * [new tag]           0.0.54                  -> 0.0.54
job-core	Checkout repository	2025-08-10T01:22:18.0674815Z  * [new tag]           0.0.55                  -> 0.0.55
job-core	Checkout repository	2025-08-10T01:22:18.0676241Z  * [new tag]           0.0.56                  -> 0.0.56
job-core	Checkout repository	2025-08-10T01:22:18.0677797Z  * [new tag]           0.0.57                  -> 0.0.57
job-core	Checkout repository	2025-08-10T01:22:18.0679209Z  * [new tag]           0.0.58                  -> 0.0.58
job-core	Checkout repository	2025-08-10T01:22:18.0680752Z  * [new tag]           0.0.59                  -> 0.0.59
job-core	Checkout repository	2025-08-10T01:22:18.0682774Z  * [new tag]           0.0.6                   -> 0.0.6
job-core	Checkout repository	2025-08-10T01:22:18.0684573Z  * [new tag]           0.0.60                  -> 0.0.60
job-core	Checkout repository	2025-08-10T01:22:18.0686279Z  * [new tag]           0.0.61                  -> 0.0.61
job-core	Checkout repository	2025-08-10T01:22:18.0687417Z  * [new tag]           0.0.62                  -> 0.0.62
job-core	Checkout repository	2025-08-10T01:22:18.0688951Z  * [new tag]           0.0.63                  -> 0.0.63
job-core	Checkout repository	2025-08-10T01:22:18.0690399Z  * [new tag]           0.0.64                  -> 0.0.64
job-core	Checkout repository	2025-08-10T01:22:18.0692485Z  * [new tag]           0.0.65                  -> 0.0.65
job-core	Checkout repository	2025-08-10T01:22:18.0694141Z  * [new tag]           0.0.66                  -> 0.0.66
job-core	Checkout repository	2025-08-10T01:22:18.0695511Z  * [new tag]           0.0.67                  -> 0.0.67
job-core	Checkout repository	2025-08-10T01:22:18.0697053Z  * [new tag]           0.0.68                  -> 0.0.68
job-core	Checkout repository	2025-08-10T01:22:18.0698576Z  * [new tag]           0.0.69                  -> 0.0.69
job-core	Checkout repository	2025-08-10T01:22:18.0699954Z  * [new tag]           0.0.7                   -> 0.0.7
job-core	Checkout repository	2025-08-10T01:22:18.0702040Z  * [new tag]           0.0.70                  -> 0.0.70
job-core	Checkout repository	2025-08-10T01:22:18.0703729Z  * [new tag]           0.0.71                  -> 0.0.71
job-core	Checkout repository	2025-08-10T01:22:18.0705374Z  * [new tag]           0.0.72                  -> 0.0.72
job-core	Checkout repository	2025-08-10T01:22:18.0706711Z  * [new tag]           0.0.73                  -> 0.0.73
job-core	Checkout repository	2025-08-10T01:22:18.0708292Z  * [new tag]           0.0.74                  -> 0.0.74
job-core	Checkout repository	2025-08-10T01:22:18.0709787Z  * [new tag]           0.0.75                  -> 0.0.75
job-core	Checkout repository	2025-08-10T01:22:18.0711934Z  * [new tag]           0.0.76                  -> 0.0.76
job-core	Checkout repository	2025-08-10T01:22:18.0713969Z  * [new tag]           0.0.77                  -> 0.0.77
job-core	Checkout repository	2025-08-10T01:22:18.0715673Z  * [new tag]           0.0.78                  -> 0.0.78
job-core	Checkout repository	2025-08-10T01:22:18.0717268Z  * [new tag]           0.0.79                  -> 0.0.79
job-core	Checkout repository	2025-08-10T01:22:18.0718605Z  * [new tag]           0.0.8                   -> 0.0.8
job-core	Checkout repository	2025-08-10T01:22:18.0720195Z  * [new tag]           0.0.80                  -> 0.0.80
job-core	Checkout repository	2025-08-10T01:22:18.0721810Z  * [new tag]           0.0.81                  -> 0.0.81
job-core	Checkout repository	2025-08-10T01:22:18.0723784Z  * [new tag]           0.0.82                  -> 0.0.82
job-core	Checkout repository	2025-08-10T01:22:18.0725539Z  * [new tag]           0.0.83                  -> 0.0.83
job-core	Checkout repository	2025-08-10T01:22:18.0727140Z  * [new tag]           0.0.84                  -> 0.0.84
job-core	Checkout repository	2025-08-10T01:22:18.0728900Z  * [new tag]           0.0.85                  -> 0.0.85
job-core	Checkout repository	2025-08-10T01:22:18.0730725Z  * [new tag]           0.0.86                  -> 0.0.86
job-core	Checkout repository	2025-08-10T01:22:18.0732656Z  * [new tag]           0.0.87                  -> 0.0.87
job-core	Checkout repository	2025-08-10T01:22:18.0734206Z  * [new tag]           0.0.88                  -> 0.0.88
job-core	Checkout repository	2025-08-10T01:22:18.0735618Z  * [new tag]           0.0.89                  -> 0.0.89
job-core	Checkout repository	2025-08-10T01:22:18.0737152Z  * [new tag]           0.0.9                   -> 0.0.9
job-core	Checkout repository	2025-08-10T01:22:18.0738649Z  * [new tag]           0.0.90                  -> 0.0.90
job-core	Checkout repository	2025-08-10T01:22:18.0740470Z  * [new tag]           0.0.91                  -> 0.0.91
job-core	Checkout repository	2025-08-10T01:22:18.0742614Z  * [new tag]           0.0.92                  -> 0.0.92
job-core	Checkout repository	2025-08-10T01:22:18.0744232Z  * [new tag]           0.0.93                  -> 0.0.93
job-core	Checkout repository	2025-08-10T01:22:18.0746153Z  * [new tag]           0.0.94                  -> 0.0.94
job-core	Checkout repository	2025-08-10T01:22:18.0747757Z  * [new tag]           0.0.95                  -> 0.0.95
job-core	Checkout repository	2025-08-10T01:22:18.0749162Z  * [new tag]           0.0.96                  -> 0.0.96
job-core	Checkout repository	2025-08-10T01:22:18.0750772Z  * [new tag]           0.0.97                  -> 0.0.97
job-core	Checkout repository	2025-08-10T01:22:18.0752652Z  * [new tag]           0.0.98                  -> 0.0.98
job-core	Checkout repository	2025-08-10T01:22:18.0754551Z  * [new tag]           0.0.99                  -> 0.0.99
job-core	Checkout repository	2025-08-10T01:22:18.0755950Z  * [new tag]           0.1.0                   -> 0.1.0
job-core	Checkout repository	2025-08-10T01:22:18.0757968Z  * [new tag]           0.1.1                   -> 0.1.1
job-core	Checkout repository	2025-08-10T01:22:18.0759132Z  * [new tag]           0.2.0                   -> 0.2.0
job-core	Checkout repository	2025-08-10T01:22:18.0761104Z  * [new tag]           0.3.0                   -> 0.3.0
job-core	Checkout repository	2025-08-10T01:22:18.0762845Z  * [new tag]           0.3.1                   -> 0.3.1
job-core	Checkout repository	2025-08-10T01:22:18.0764486Z  * [new tag]           0.3.2                   -> 0.3.2
job-core	Checkout repository	2025-08-10T01:22:18.0766282Z  * [new tag]           0.3.3                   -> 0.3.3
job-core	Checkout repository	2025-08-10T01:22:18.0767732Z  * [new tag]           0.3.4                   -> 0.3.4
job-core	Checkout repository	2025-08-10T01:22:18.0769267Z  * [new tag]           0.3.5                   -> 0.3.5
job-core	Checkout repository	2025-08-10T01:22:18.0839250Z [command]/usr/bin/git branch --list --remote origin/main
job-core	Checkout repository	2025-08-10T01:22:18.0867949Z   origin/main
job-core	Checkout repository	2025-08-10T01:22:18.0877296Z [command]/usr/bin/git rev-parse refs/remotes/origin/main
job-core	Checkout repository	2025-08-10T01:22:18.0900085Z a142402f8ba44ad5fa9fa7a93ffb870da2e3225d
job-core	Checkout repository	2025-08-10T01:22:18.0905356Z ##[endgroup]
job-core	Checkout repository	2025-08-10T01:22:18.0905984Z ##[group]Determining the checkout info
job-core	Checkout repository	2025-08-10T01:22:18.0906618Z ##[endgroup]
job-core	Checkout repository	2025-08-10T01:22:18.0910288Z [command]/usr/bin/git sparse-checkout disable
job-core	Checkout repository	2025-08-10T01:22:18.0964846Z [command]/usr/bin/git config --local --unset-all extensions.worktreeConfig
job-core	Checkout repository	2025-08-10T01:22:18.0995516Z ##[group]Checking out the ref
job-core	Checkout repository	2025-08-10T01:22:18.0999807Z [command]/usr/bin/git checkout --progress --force -B main refs/remotes/origin/main
job-core	Checkout repository	2025-08-10T01:22:18.7347554Z Switched to a new branch 'main'
job-core	Checkout repository	2025-08-10T01:22:18.7348126Z branch 'main' set up to track 'origin/main'.
job-core	Checkout repository	2025-08-10T01:22:18.7419504Z ##[endgroup]
job-core	Checkout repository	2025-08-10T01:22:18.7466453Z [command]/usr/bin/git log -1 --format=%H
job-core	Checkout repository	2025-08-10T01:22:18.7493486Z a142402f8ba44ad5fa9fa7a93ffb870da2e3225d
job-core	Post Checkout repository	﻿2025-08-10T01:22:18.7800185Z Post job cleanup.
job-core	Post Checkout repository	2025-08-10T01:22:18.8792060Z [command]/usr/bin/git version
job-core	Post Checkout repository	2025-08-10T01:22:18.8830051Z git version 2.43.0
job-core	Post Checkout repository	2025-08-10T01:22:18.8878560Z Temporarily overriding HOME='/actions-runner/_work/_temp/d195c0e2-69fa-4c53-8503-e0c105db172a' before making global git config changes
job-core	Post Checkout repository	2025-08-10T01:22:18.8879368Z Adding repository directory to the temporary git global config as a safe directory
job-core	Post Checkout repository	2025-08-10T01:22:18.8886612Z [command]/usr/bin/git config --global --add safe.directory /actions-runner/_work/ka0s/ka0s
job-core	Post Checkout repository	2025-08-10T01:22:18.8923638Z [command]/usr/bin/git config --local --name-only --get-regexp core\.sshCommand
job-core	Post Checkout repository	2025-08-10T01:22:18.8970091Z [command]/usr/bin/git submodule foreach --recursive sh -c "git config --local --name-only --get-regexp 'core\.sshCommand' && git config --local --unset-all 'core.sshCommand' || :"
job-core	Post Checkout repository	2025-08-10T01:22:18.9224203Z [command]/usr/bin/git config --local --name-only --get-regexp http\.https\:\/\/github\.com\/\.extraheader
job-core	Post Checkout repository	2025-08-10T01:22:18.9247800Z http.https://github.com/.extraheader
job-core	Post Checkout repository	2025-08-10T01:22:18.9260703Z [command]/usr/bin/git config --local --unset-all http.https://github.com/.extraheader
job-core	Post Checkout repository	2025-08-10T01:22:18.9296325Z [command]/usr/bin/git submodule foreach --recursive sh -c "git config --local --name-only --get-regexp 'http\.https\:\/\/github\.com\/\.extraheader' && git config --local --unset-all 'http.https://github.com/.extraheader' || :"
job-core	Complete job	﻿2025-08-10T01:22:18.9667162Z Cleaning up orphan processes
job-audit	Set up job	﻿2025-08-10T01:22:23.9215746Z Current runner version: '2.327.1'
job-audit	Set up job	2025-08-10T01:22:23.9223543Z Runner name: 'ka0s-test-3'
job-audit	Set up job	2025-08-10T01:22:23.9224500Z Runner group name: 'test'
job-audit	Set up job	2025-08-10T01:22:23.9225490Z Machine name: 'a5e37c0e7ffd'
job-audit	Set up job	2025-08-10T01:22:23.9228866Z ##[group]GITHUB_TOKEN Permissions
job-audit	Set up job	2025-08-10T01:22:23.9231766Z Actions: write
job-audit	Set up job	2025-08-10T01:22:23.9232496Z Contents: write
job-audit	Set up job	2025-08-10T01:22:23.9233227Z Issues: write
job-audit	Set up job	2025-08-10T01:22:23.9233866Z Metadata: read
job-audit	Set up job	2025-08-10T01:22:23.9234596Z PullRequests: write
job-audit	Set up job	2025-08-10T01:22:23.9235269Z ##[endgroup]
job-audit	Set up job	2025-08-10T01:22:23.9237740Z Secret source: Actions
job-audit	Set up job	2025-08-10T01:22:23.9238684Z Prepare workflow directory
job-audit	Set up job	2025-08-10T01:22:23.9821666Z Prepare all required actions
job-audit	Set up job	2025-08-10T01:22:23.9861401Z Getting action download info
job-audit	Set up job	2025-08-10T01:22:24.5411695Z Download action repository 'appleboy/ssh-action@v1.2.2' (SHA:2ead5e36573f08b82fbfce1504f1a4b05a647c6f)
job-audit	Set up job	2025-08-10T01:22:25.4557817Z Complete job name: job-audit
job-audit	Execute audit	﻿2025-08-10T01:22:25.5163853Z ##[group]Run appleboy/ssh-action@v1.2.2
job-audit	Execute audit	2025-08-10T01:22:25.5165136Z with:
job-audit	Execute audit	2025-08-10T01:22:25.5165916Z   host: ***
job-audit	Execute audit	2025-08-10T01:22:25.5166429Z   username: ***
job-audit	Execute audit	2025-08-10T01:22:25.5170166Z   key: ***
job-audit	Execute audit	2025-08-10T01:22:25.5170666Z   port: ***
job-audit	Execute audit	2025-08-10T01:22:25.5171471Z   script: echo "***" | sudo -S lynis audit system --pentest --forensics 
job-audit	Execute audit	
job-audit	Execute audit	2025-08-10T01:22:25.5172300Z   protocol: tcp
job-audit	Execute audit	2025-08-10T01:22:25.5172807Z   timeout: 30s
job-audit	Execute audit	2025-08-10T01:22:25.5173311Z   command_timeout: 10m
job-audit	Execute audit	2025-08-10T01:22:25.5173848Z   proxy_port: 22
job-audit	Execute audit	2025-08-10T01:22:25.5174375Z   proxy_protocol: tcp
job-audit	Execute audit	2025-08-10T01:22:25.5174914Z   proxy_timeout: 30s
job-audit	Execute audit	2025-08-10T01:22:25.5175452Z   capture_stdout: false
job-audit	Execute audit	2025-08-10T01:22:25.5176274Z env:
job-audit	Execute audit	2025-08-10T01:22:25.5176790Z   KAOS_MODULE: [Ka0S] Audit Host
job-audit	Execute audit	2025-08-10T01:22:25.5177425Z   KAOS_PATH_RESUME: audit/hosts/
job-audit	Execute audit	2025-08-10T01:22:25.5178049Z   KAOS_FILE_HOST: 16855750138
job-audit	Execute audit	2025-08-10T01:22:25.5178652Z   KAOS_CODE: 16855750138
job-audit	Execute audit	2025-08-10T01:22:25.5179195Z ##[endgroup]
job-audit	Execute audit	2025-08-10T01:22:25.5305786Z ##[group]Run echo "$GITHUB_ACTION_PATH" >> $GITHUB_PATH
job-audit	Execute audit	2025-08-10T01:22:25.5306756Z [36;1mecho "$GITHUB_ACTION_PATH" >> $GITHUB_PATH[0m
job-audit	Execute audit	2025-08-10T01:22:25.5318452Z shell: /usr/bin/bash --noprofile --norc -e -o pipefail {0}
job-audit	Execute audit	2025-08-10T01:22:25.5319259Z env:
job-audit	Execute audit	2025-08-10T01:22:25.5319759Z   KAOS_MODULE: [Ka0S] Audit Host
job-audit	Execute audit	2025-08-10T01:22:25.5320384Z   KAOS_PATH_RESUME: audit/hosts/
job-audit	Execute audit	2025-08-10T01:22:25.5321551Z   KAOS_FILE_HOST: 16855750138
job-audit	Execute audit	2025-08-10T01:22:25.5322316Z   KAOS_CODE: 16855750138
job-audit	Execute audit	2025-08-10T01:22:25.5323424Z   GITHUB_ACTION_PATH: /actions-runner/_work/_actions/appleboy/ssh-action/v1.2.2
job-audit	Execute audit	2025-08-10T01:22:25.5324329Z ##[endgroup]
job-audit	Execute audit	2025-08-10T01:22:25.5504496Z ##[group]Run entrypoint.sh
job-audit	Execute audit	2025-08-10T01:22:25.5505185Z [36;1mentrypoint.sh[0m
job-audit	Execute audit	2025-08-10T01:22:25.5515179Z shell: /usr/bin/bash --noprofile --norc -e -o pipefail {0}
job-audit	Execute audit	2025-08-10T01:22:25.5515960Z env:
job-audit	Execute audit	2025-08-10T01:22:25.5516452Z   KAOS_MODULE: [Ka0S] Audit Host
job-audit	Execute audit	2025-08-10T01:22:25.5517066Z   KAOS_PATH_RESUME: audit/hosts/
job-audit	Execute audit	2025-08-10T01:22:25.5517708Z   KAOS_FILE_HOST: 16855750138
job-audit	Execute audit	2025-08-10T01:22:25.5518299Z   KAOS_CODE: 16855750138
job-audit	Execute audit	2025-08-10T01:22:25.5519116Z   GITHUB_ACTION_PATH: /actions-runner/_work/_actions/appleboy/ssh-action/v1.2.2
job-audit	Execute audit	2025-08-10T01:22:25.5520117Z   INPUT_HOST: ***
job-audit	Execute audit	2025-08-10T01:22:25.5520673Z   INPUT_PORT: ***
job-audit	Execute audit	2025-08-10T01:22:25.5521769Z   INPUT_PROTOCOL: tcp
job-audit	Execute audit	2025-08-10T01:22:25.5522342Z   INPUT_USERNAME: ***
job-audit	Execute audit	2025-08-10T01:22:25.5522878Z   INPUT_PASSWORD: 
job-audit	Execute audit	2025-08-10T01:22:25.5523389Z   INPUT_PASSPHRASE: 
job-audit	Execute audit	2025-08-10T01:22:25.5527385Z   INPUT_KEY: ***
job-audit	Execute audit	2025-08-10T01:22:25.5527905Z   INPUT_KEY_PATH: 
job-audit	Execute audit	2025-08-10T01:22:25.5528424Z   INPUT_FINGERPRINT: 
job-audit	Execute audit	2025-08-10T01:22:25.5528956Z   INPUT_PROXY_HOST: 
job-audit	Execute audit	2025-08-10T01:22:25.5529486Z   INPUT_PROXY_PORT: 22
job-audit	Execute audit	2025-08-10T01:22:25.5530028Z   INPUT_PROXY_USERNAME: 
job-audit	Execute audit	2025-08-10T01:22:25.5530585Z   INPUT_PROXY_PASSWORD: 
job-audit	Execute audit	2025-08-10T01:22:25.5531610Z   INPUT_PROXY_PASSPHRASE: 
job-audit	Execute audit	2025-08-10T01:22:25.5532298Z   INPUT_PROXY_KEY: 
job-audit	Execute audit	2025-08-10T01:22:25.5541538Z   INPUT_PROXY_KEY_PATH: 
job-audit	Execute audit	2025-08-10T01:22:25.5542263Z   INPUT_PROXY_FINGERPRINT: 
job-audit	Execute audit	2025-08-10T01:22:25.5543178Z   INPUT_TIMEOUT: 30s
job-audit	Execute audit	2025-08-10T01:22:25.5543735Z   INPUT_PROXY_TIMEOUT: 30s
job-audit	Execute audit	2025-08-10T01:22:25.5544322Z   INPUT_COMMAND_TIMEOUT: 10m
job-audit	Execute audit	2025-08-10T01:22:25.5545252Z   INPUT_SCRIPT: echo "***" | sudo -S lynis audit system --pentest --forensics 
job-audit	Execute audit	
job-audit	Execute audit	2025-08-10T01:22:25.5546236Z   INPUT_SCRIPT_FILE: 
job-audit	Execute audit	2025-08-10T01:22:25.5546762Z   INPUT_ENVS: 
job-audit	Execute audit	2025-08-10T01:22:25.5547257Z   INPUT_ENVS_FORMAT: 
job-audit	Execute audit	2025-08-10T01:22:25.5547780Z   INPUT_DEBUG: 
job-audit	Execute audit	2025-08-10T01:22:25.5548276Z   INPUT_ALL_ENVS: 
job-audit	Execute audit	2025-08-10T01:22:25.5548780Z   INPUT_REQUEST_PTY: 
job-audit	Execute audit	2025-08-10T01:22:25.5549336Z   INPUT_USE_INSECURE_CIPHER: 
job-audit	Execute audit	2025-08-10T01:22:25.5549925Z   INPUT_CIPHER: 
job-audit	Execute audit	2025-08-10T01:22:25.5550456Z   INPUT_PROXY_USE_INSECURE_CIPHER: 
job-audit	Execute audit	2025-08-10T01:22:25.5551295Z   INPUT_PROXY_CIPHER: 
job-audit	Execute audit	2025-08-10T01:22:25.5552228Z   INPUT_SYNC: 
job-audit	Execute audit	2025-08-10T01:22:25.5552867Z   INPUT_CAPTURE_STDOUT: false
job-audit	Execute audit	2025-08-10T01:22:25.5553437Z ##[endgroup]
job-audit	Execute audit	2025-08-10T01:22:25.5645230Z Will download drone-ssh-1.8.1-linux-amd64 from https://github.com/appleboy/drone-ssh/releases/download/v1.8.1
job-audit	Execute audit	2025-08-10T01:22:26.1041635Z ======= CLI Version =======
job-audit	Execute audit	2025-08-10T01:22:26.1073169Z Drone SSH version 1.8.1
job-audit	Execute audit	2025-08-10T01:22:26.1079001Z ===========================
job-audit	Execute audit	2025-08-10T01:22:29.1799201Z 2025/08/10 03:22:29 dial tcp ***:***: connect: no route to host
job-audit	Execute audit	2025-08-10T01:22:29.1874099Z ##[error]Process completed with exit code 1.
job-audit	Complete job	﻿2025-08-10T01:22:29.2312026Z Cleaning up orphan processes
handle_failure	Set up job	﻿2025-08-10T01:22:34.0249842Z Current runner version: '2.327.1'
handle_failure	Set up job	2025-08-10T01:22:34.0257181Z Runner name: 'ka0s-test-1'
handle_failure	Set up job	2025-08-10T01:22:34.0257903Z Runner group name: 'test'
handle_failure	Set up job	2025-08-10T01:22:34.0258811Z Machine name: '247b0c1cb843'
handle_failure	Set up job	2025-08-10T01:22:34.0261685Z ##[group]GITHUB_TOKEN Permissions
handle_failure	Set up job	2025-08-10T01:22:34.0263911Z Actions: write
handle_failure	Set up job	2025-08-10T01:22:34.0264450Z Contents: write
handle_failure	Set up job	2025-08-10T01:22:34.0265074Z Issues: write
handle_failure	Set up job	2025-08-10T01:22:34.0265621Z Metadata: read
handle_failure	Set up job	2025-08-10T01:22:34.0266098Z PullRequests: write
handle_failure	Set up job	2025-08-10T01:22:34.0266688Z ##[endgroup]
handle_failure	Set up job	2025-08-10T01:22:34.0268687Z Secret source: Actions
handle_failure	Set up job	2025-08-10T01:22:34.0269382Z Prepare workflow directory
handle_failure	Set up job	2025-08-10T01:22:34.0888102Z Prepare all required actions
handle_failure	Set up job	2025-08-10T01:22:34.0983825Z Complete job name: handle_failure
handle_failure	Run # si ha existido un error dejamos la tarjeta In Review	﻿2025-08-10T01:22:34.1510732Z ##[group]Run # si ha existido un error dejamos la tarjeta In Review
handle_failure	Run # si ha existido un error dejamos la tarjeta In Review	2025-08-10T01:22:34.1512120Z [36;1m# si ha existido un error dejamos la tarjeta In Review[0m
handle_failure	Run # si ha existido un error dejamos la tarjeta In Review	2025-08-10T01:22:34.1512850Z [36;1mecho "Error detected in [Ka0S] Audit Host, creating issue..."[0m
handle_failure	Run # si ha existido un error dejamos la tarjeta In Review	2025-08-10T01:22:34.1531711Z shell: /usr/bin/bash -e {0}
handle_failure	Run # si ha existido un error dejamos la tarjeta In Review	2025-08-10T01:22:34.1532439Z env:
handle_failure	Run # si ha existido un error dejamos la tarjeta In Review	2025-08-10T01:22:34.1532817Z   KAOS_MODULE: [Ka0S] Audit Host
handle_failure	Run # si ha existido un error dejamos la tarjeta In Review	2025-08-10T01:22:34.1533275Z   KAOS_PATH_RESUME: audit/hosts/
handle_failure	Run # si ha existido un error dejamos la tarjeta In Review	2025-08-10T01:22:34.1533715Z   KAOS_FILE_HOST: 16855750138
handle_failure	Run # si ha existido un error dejamos la tarjeta In Review	2025-08-10T01:22:34.1534138Z   KAOS_CODE: 16855750138
handle_failure	Run # si ha existido un error dejamos la tarjeta In Review	2025-08-10T01:22:34.1534524Z ##[endgroup]
handle_failure	Run # si ha existido un error dejamos la tarjeta In Review	2025-08-10T01:22:34.1782107Z Error detected in [Ka0S] Audit Host, creating issue...
handle_failure	Complete job	﻿2025-08-10T01:22:34.1887840Z Cleaning up orphan processes
end-workflow	Set up job	﻿2025-08-10T01:22:40.2163963Z Current runner version: '2.327.1'
end-workflow	Set up job	2025-08-10T01:22:40.2171228Z Runner name: 'ka0s-test-3'
end-workflow	Set up job	2025-08-10T01:22:40.2171977Z Runner group name: 'test'
end-workflow	Set up job	2025-08-10T01:22:40.2172856Z Machine name: 'a5e37c0e7ffd'
end-workflow	Set up job	2025-08-10T01:22:40.2175699Z ##[group]GITHUB_TOKEN Permissions
end-workflow	Set up job	2025-08-10T01:22:40.2177970Z Actions: write
end-workflow	Set up job	2025-08-10T01:22:40.2178557Z Contents: write
end-workflow	Set up job	2025-08-10T01:22:40.2179182Z Issues: write
end-workflow	Set up job	2025-08-10T01:22:40.2179676Z Metadata: read
end-workflow	Set up job	2025-08-10T01:22:40.2180198Z PullRequests: write
end-workflow	Set up job	2025-08-10T01:22:40.2180794Z ##[endgroup]
end-workflow	Set up job	2025-08-10T01:22:40.2182792Z Secret source: Actions
end-workflow	Set up job	2025-08-10T01:22:40.2183483Z Prepare workflow directory
end-workflow	Set up job	2025-08-10T01:22:40.2819767Z Prepare all required actions
end-workflow	Set up job	2025-08-10T01:22:40.2874091Z Complete job name: end-workflow
end-workflow	Finaliza el workflow	﻿2025-08-10T01:22:40.3397071Z ##[group]Run echo "End process"
end-workflow	Finaliza el workflow	2025-08-10T01:22:40.3397742Z [36;1mecho "End process"[0m
end-workflow	Finaliza el workflow	2025-08-10T01:22:40.3398481Z [36;1mgh workflow run inspector.yml --ref refs/heads/main -f kaos-workflow-id="16855750138"[0m
end-workflow	Finaliza el workflow	2025-08-10T01:22:40.3417507Z shell: /usr/bin/bash -e {0}
end-workflow	Finaliza el workflow	2025-08-10T01:22:40.3418238Z env:
end-workflow	Finaliza el workflow	2025-08-10T01:22:40.3418631Z   KAOS_MODULE: [Ka0S] Audit Host
end-workflow	Finaliza el workflow	2025-08-10T01:22:40.3419094Z   KAOS_PATH_RESUME: audit/hosts/
end-workflow	Finaliza el workflow	2025-08-10T01:22:40.3419551Z   KAOS_FILE_HOST: 16855750138
end-workflow	Finaliza el workflow	2025-08-10T01:22:40.3419972Z   KAOS_CODE: 16855750138
end-workflow	Finaliza el workflow	2025-08-10T01:22:40.3420604Z   GH_TOKEN: ***
end-workflow	Finaliza el workflow	2025-08-10T01:22:40.3421288Z ##[endgroup]
end-workflow	Finaliza el workflow	2025-08-10T01:22:40.3572516Z End process
end-workflow	Complete job	﻿2025-08-10T01:22:41.0347505Z Cleaning up orphan processes
