job-core	Set up job	ï»¿2025-08-11T07:55:50.9401793Z Current runner version: '2.327.1'
job-core	Set up job	2025-08-11T07:55:50.9408481Z Runner name: 'ka0s-ka0s-2'
job-core	Set up job	2025-08-11T07:55:50.9409320Z Runner group name: 'ka0s'
job-core	Set up job	2025-08-11T07:55:50.9410268Z Machine name: '194f155ad019'
job-core	Set up job	2025-08-11T07:55:50.9413180Z ##[group]GITHUB_TOKEN Permissions
job-core	Set up job	2025-08-11T07:55:50.9415488Z Contents: read
job-core	Set up job	2025-08-11T07:55:50.9416120Z Metadata: read
job-core	Set up job	2025-08-11T07:55:50.9416699Z Packages: read
job-core	Set up job	2025-08-11T07:55:50.9417256Z ##[endgroup]
job-core	Set up job	2025-08-11T07:55:50.9419345Z Secret source: Actions
job-core	Set up job	2025-08-11T07:55:50.9420105Z Prepare workflow directory
job-core	Set up job	2025-08-11T07:55:51.0127896Z Prepare all required actions
job-core	Set up job	2025-08-11T07:55:51.0170139Z Getting action download info
job-core	Set up job	2025-08-11T07:55:51.5419611Z Download action repository 'actions/checkout@v4' (SHA:11bd71901bbe5b1630ceea73d27597364c9af683)
job-core	Set up job	2025-08-11T07:55:52.4840259Z Complete job name: job-core
job-core	Checkout code	ï»¿2025-08-11T07:55:52.5324302Z ##[group]Run actions/checkout@v4
job-core	Checkout code	2025-08-11T07:55:52.5325250Z with:
job-core	Checkout code	2025-08-11T07:55:52.5325718Z   fetch-depth: 0
job-core	Checkout code	2025-08-11T07:55:52.5326426Z   token: ***
job-core	Checkout code	2025-08-11T07:55:52.5326972Z   repository: Ka0s-Klaus/ka0s
job-core	Checkout code	2025-08-11T07:55:52.5327503Z   ssh-strict: true
job-core	Checkout code	2025-08-11T07:55:52.5327971Z   ssh-user: git
job-core	Checkout code	2025-08-11T07:55:52.5328445Z   persist-credentials: true
job-core	Checkout code	2025-08-11T07:55:52.5328949Z   clean: true
job-core	Checkout code	2025-08-11T07:55:52.5329428Z   sparse-checkout-cone-mode: true
job-core	Checkout code	2025-08-11T07:55:52.5330288Z   fetch-tags: false
job-core	Checkout code	2025-08-11T07:55:52.5330909Z   show-progress: true
job-core	Checkout code	2025-08-11T07:55:52.5331719Z   lfs: false
job-core	Checkout code	2025-08-11T07:55:52.5332162Z   submodules: false
job-core	Checkout code	2025-08-11T07:55:52.5332666Z   set-safe-directory: true
job-core	Checkout code	2025-08-11T07:55:52.5333430Z env:
job-core	Checkout code	2025-08-11T07:55:52.5333876Z   KAOS_CODE: 16874176763
job-core	Checkout code	2025-08-11T07:55:52.5334379Z   KAOS_EVENT_NAME: push
job-core	Checkout code	2025-08-11T07:55:52.5334868Z   KAOS_ACTION: 
job-core	Checkout code	2025-08-11T07:55:52.5335352Z   KAOS_REF: refs/heads/H86-modulo-wazuh
job-core	Checkout code	2025-08-11T07:55:52.5335928Z   KAOS_MODULE: [Ka0S] kaos
job-core	Checkout code	2025-08-11T07:55:52.5336482Z   KAOS_PATH_RESUME: audit/kaos/
job-core	Checkout code	2025-08-11T07:55:52.5337013Z   KAOS_ACTOR: santakloud
job-core	Checkout code	2025-08-11T07:55:52.5337517Z   GITHUB_OUTPUT: 
job-core	Checkout code	2025-08-11T07:55:52.5337991Z ##[endgroup]
job-core	Checkout code	2025-08-11T07:55:52.6519806Z Syncing repository: Ka0s-Klaus/ka0s
job-core	Checkout code	2025-08-11T07:55:52.6522339Z ##[group]Getting Git version info
job-core	Checkout code	2025-08-11T07:55:52.6523146Z Working directory is '/actions-runner/_work/ka0s/ka0s'
job-core	Checkout code	2025-08-11T07:55:52.6524361Z [command]/usr/bin/git version
job-core	Checkout code	2025-08-11T07:55:52.6525263Z git version 2.43.0
job-core	Checkout code	2025-08-11T07:55:52.6537795Z ##[endgroup]
job-core	Checkout code	2025-08-11T07:55:52.6549722Z Copying '/home/kaos/.gitconfig' to '/actions-runner/_work/_temp/3ed019bc-53cc-4868-8c5d-b3de9f31048a/.gitconfig'
job-core	Checkout code	2025-08-11T07:55:52.6560168Z Temporarily overriding HOME='/actions-runner/_work/_temp/3ed019bc-53cc-4868-8c5d-b3de9f31048a' before making global git config changes
job-core	Checkout code	2025-08-11T07:55:52.6561943Z Adding repository directory to the temporary git global config as a safe directory
job-core	Checkout code	2025-08-11T07:55:52.6565830Z [command]/usr/bin/git config --global --add safe.directory /actions-runner/_work/ka0s/ka0s
job-core	Checkout code	2025-08-11T07:55:52.6610056Z [command]/usr/bin/git config --local --get remote.origin.url
job-core	Checkout code	2025-08-11T07:55:52.6633040Z https://github.com/Ka0s-Klaus/ka0s
job-core	Checkout code	2025-08-11T07:55:52.6663297Z ##[group]Removing previously created refs, to avoid conflicts
job-core	Checkout code	2025-08-11T07:55:52.6665942Z [command]/usr/bin/git rev-parse --symbolic-full-name --verify --quiet HEAD
job-core	Checkout code	2025-08-11T07:55:52.6679161Z refs/heads/H86-modulo-wazuh
job-core	Checkout code	2025-08-11T07:55:52.6689717Z [command]/usr/bin/git checkout --detach
job-core	Checkout code	2025-08-11T07:55:52.6762282Z HEAD is now at 446846f3 [Ka0S] Uploading resume execution files to the repository...
job-core	Checkout code	2025-08-11T07:55:52.6805824Z [command]/usr/bin/git branch --delete --force H86-modulo-wazuh
job-core	Checkout code	2025-08-11T07:55:52.6840428Z Deleted branch H86-modulo-wazuh (was 446846f3).
job-core	Checkout code	2025-08-11T07:55:52.6923986Z ##[endgroup]
job-core	Checkout code	2025-08-11T07:55:52.6925536Z [command]/usr/bin/git submodule status
job-core	Checkout code	2025-08-11T07:55:52.7181969Z ##[group]Cleaning the repository
job-core	Checkout code	2025-08-11T07:55:52.7182814Z [command]/usr/bin/git clean -ffdx
job-core	Checkout code	2025-08-11T07:55:52.7228852Z Removing files-in-commit.txt
job-core	Checkout code	2025-08-11T07:55:52.7239582Z [command]/usr/bin/git reset --hard HEAD
job-core	Checkout code	2025-08-11T07:55:52.7315638Z HEAD is now at 446846f3 [Ka0S] Uploading resume execution files to the repository...
job-core	Checkout code	2025-08-11T07:55:52.7321680Z ##[endgroup]
job-core	Checkout code	2025-08-11T07:55:52.7322722Z ##[group]Disabling automatic garbage collection
job-core	Checkout code	2025-08-11T07:55:52.7326594Z [command]/usr/bin/git config --local gc.auto 0
job-core	Checkout code	2025-08-11T07:55:52.7369876Z ##[endgroup]
job-core	Checkout code	2025-08-11T07:55:52.7370919Z ##[group]Setting up auth
job-core	Checkout code	2025-08-11T07:55:52.7375650Z [command]/usr/bin/git config --local --name-only --get-regexp core\.sshCommand
job-core	Checkout code	2025-08-11T07:55:52.7409081Z [command]/usr/bin/git submodule foreach --recursive sh -c "git config --local --name-only --get-regexp 'core\.sshCommand' && git config --local --unset-all 'core.sshCommand' || :"
job-core	Checkout code	2025-08-11T07:55:52.7658524Z [command]/usr/bin/git config --local --name-only --get-regexp http\.https\:\/\/github\.com\/\.extraheader
job-core	Checkout code	2025-08-11T07:55:52.7688348Z [command]/usr/bin/git submodule foreach --recursive sh -c "git config --local --name-only --get-regexp 'http\.https\:\/\/github\.com\/\.extraheader' && git config --local --unset-all 'http.https://github.com/.extraheader' || :"
job-core	Checkout code	2025-08-11T07:55:52.7938640Z [command]/usr/bin/git config --local http.https://github.com/.extraheader AUTHORIZATION: basic ***
job-core	Checkout code	2025-08-11T07:55:52.7979748Z ##[endgroup]
job-core	Checkout code	2025-08-11T07:55:52.7980777Z ##[group]Fetching the repository
job-core	Checkout code	2025-08-11T07:55:52.7987920Z [command]/usr/bin/git -c protocol.version=2 fetch --prune --no-recurse-submodules origin +refs/heads/*:refs/remotes/origin/* +refs/tags/*:refs/tags/*
job-core	Checkout code	2025-08-11T07:55:53.6060806Z From https://github.com/Ka0s-Klaus/ka0s
job-core	Checkout code	2025-08-11T07:55:53.6065271Z    446846f3..9ea55c65  H86-modulo-wazuh -> origin/H86-modulo-wazuh
job-core	Checkout code	2025-08-11T07:55:53.6067706Z    bf8d01b6..8b5b39f8  main             -> origin/main
job-core	Checkout code	2025-08-11T07:55:53.6150030Z [command]/usr/bin/git branch --list --remote origin/H86-modulo-wazuh
job-core	Checkout code	2025-08-11T07:55:53.6186882Z   origin/H86-modulo-wazuh
job-core	Checkout code	2025-08-11T07:55:53.6197905Z [command]/usr/bin/git rev-parse refs/remotes/origin/H86-modulo-wazuh
job-core	Checkout code	2025-08-11T07:55:53.6221242Z 9ea55c65e88731dcb7f437b20843fcd44158b7c9
job-core	Checkout code	2025-08-11T07:55:53.6226106Z ##[endgroup]
job-core	Checkout code	2025-08-11T07:55:53.6227713Z ##[group]Determining the checkout info
job-core	Checkout code	2025-08-11T07:55:53.6229682Z ##[endgroup]
job-core	Checkout code	2025-08-11T07:55:53.6231226Z [command]/usr/bin/git sparse-checkout disable
job-core	Checkout code	2025-08-11T07:55:53.6282001Z [command]/usr/bin/git config --local --unset-all extensions.worktreeConfig
job-core	Checkout code	2025-08-11T07:55:53.6313606Z ##[group]Checking out the ref
job-core	Checkout code	2025-08-11T07:55:53.6316869Z [command]/usr/bin/git checkout --progress --force -B H86-modulo-wazuh refs/remotes/origin/H86-modulo-wazuh
job-core	Checkout code	2025-08-11T07:55:53.6464321Z Previous HEAD position was 446846f3 [Ka0S] Uploading resume execution files to the repository...
job-core	Checkout code	2025-08-11T07:55:53.6472279Z Switched to a new branch 'H86-modulo-wazuh'
job-core	Checkout code	2025-08-11T07:55:53.6474330Z branch 'H86-modulo-wazuh' set up to track 'origin/H86-modulo-wazuh'.
job-core	Checkout code	2025-08-11T07:55:53.6481879Z ##[endgroup]
job-core	Checkout code	2025-08-11T07:55:53.6521434Z [command]/usr/bin/git log -1 --format=%H
job-core	Checkout code	2025-08-11T07:55:53.6548781Z 9ea55c65e88731dcb7f437b20843fcd44158b7c9
job-core	Validate file extensions	ï»¿2025-08-11T07:55:53.6819821Z ##[group]Run # Nueva ejecuciÃ³n
job-core	Validate file extensions	2025-08-11T07:55:53.6821322Z [36;1m# Nueva ejecuciÃ³n[0m
job-core	Validate file extensions	2025-08-11T07:55:53.6822866Z [36;1mRNNUMBER=$(echo "H86-modulo-wazuh" | grep -o '[0-9]*')[0m
job-core	Validate file extensions	2025-08-11T07:55:53.6824970Z [36;1mgh issue comment $RNNUMBER --body "Se inicia Ka0s 16874176763 "[0m
job-core	Validate file extensions	2025-08-11T07:55:53.6836946Z shell: /usr/bin/bash -e {0}
job-core	Validate file extensions	2025-08-11T07:55:53.6838162Z env:
job-core	Validate file extensions	2025-08-11T07:55:53.6839103Z   KAOS_CODE: 16874176763
job-core	Validate file extensions	2025-08-11T07:55:53.6840263Z   KAOS_EVENT_NAME: push
job-core	Validate file extensions	2025-08-11T07:55:53.6841470Z   KAOS_ACTION: 
job-core	Validate file extensions	2025-08-11T07:55:53.6842569Z   KAOS_REF: refs/heads/H86-modulo-wazuh
job-core	Validate file extensions	2025-08-11T07:55:53.6843927Z   KAOS_MODULE: [Ka0S] kaos
job-core	Validate file extensions	2025-08-11T07:55:53.6845121Z   KAOS_PATH_RESUME: audit/kaos/
job-core	Validate file extensions	2025-08-11T07:55:53.6846381Z   KAOS_ACTOR: santakloud
job-core	Validate file extensions	2025-08-11T07:55:53.6847523Z   GITHUB_OUTPUT: 
job-core	Validate file extensions	2025-08-11T07:55:53.6849044Z   GH_TOKEN: ***
job-core	Validate file extensions	2025-08-11T07:55:53.6850056Z ##[endgroup]
job-core	Validate file extensions	2025-08-11T07:55:54.6190447Z https://github.com/Ka0s-Klaus/ka0s/issues/86#issuecomment-3173644999
job-core	Crear JSON	ï»¿2025-08-11T07:55:54.6292041Z ##[group]Run # Create JSON structure using proper bash syntax
job-core	Crear JSON	2025-08-11T07:55:54.6294059Z [36;1m# Create JSON structure using proper bash syntax[0m
job-core	Crear JSON	2025-08-11T07:55:54.6295558Z [36;1mecho "$PR_INFO" | jq '.' > audit/kaos/16874176763.json[0m
job-core	Crear JSON	2025-08-11T07:55:54.6296826Z [36;1m[0m
job-core	Crear JSON	2025-08-11T07:55:54.6297877Z [36;1m# Stored files implicated in the commit[0m
job-core	Crear JSON	2025-08-11T07:55:54.6300864Z [36;1mgit diff --name-only 446846f3720028da924cd5ac8263ffb72735bfd1 9ea55c65e88731dcb7f437b20843fcd44158b7c9 > audit/kaos/16874176763-files-in-commit.txt[0m
job-core	Crear JSON	2025-08-11T07:55:54.6310443Z shell: /usr/bin/bash -e {0}
job-core	Crear JSON	2025-08-11T07:55:54.6311719Z env:
job-core	Crear JSON	2025-08-11T07:55:54.6312475Z   KAOS_CODE: 16874176763
job-core	Crear JSON	2025-08-11T07:55:54.6313387Z   KAOS_EVENT_NAME: push
job-core	Crear JSON	2025-08-11T07:55:54.6314269Z   KAOS_ACTION: 
job-core	Crear JSON	2025-08-11T07:55:54.6315128Z   KAOS_REF: refs/heads/H86-modulo-wazuh
job-core	Crear JSON	2025-08-11T07:55:54.6316216Z   KAOS_MODULE: [Ka0S] kaos
job-core	Crear JSON	2025-08-11T07:55:54.6317201Z   KAOS_PATH_RESUME: audit/kaos/
job-core	Crear JSON	2025-08-11T07:55:54.6318206Z   KAOS_ACTOR: santakloud
job-core	Crear JSON	2025-08-11T07:55:54.6319140Z   GITHUB_OUTPUT: 
job-core	Crear JSON	2025-08-11T07:55:54.6319958Z ##[endgroup]
job-core	Upload Files	ï»¿2025-08-11T07:55:54.6471746Z ##[group]Run echo "Downloading files to the repository..."
job-core	Upload Files	2025-08-11T07:55:54.6473345Z [36;1mecho "Downloading files to the repository..."[0m
job-core	Upload Files	2025-08-11T07:55:54.6474932Z [36;1mgit config --global user.name "***"[0m
job-core	Upload Files	2025-08-11T07:55:54.6476314Z [36;1mgit config --global user.email "***"[0m
job-core	Upload Files	2025-08-11T07:55:54.6477480Z [36;1mgit pull[0m
job-core	Upload Files	2025-08-11T07:55:54.6478493Z [36;1mecho "Uploading files to the repository..."[0m
job-core	Upload Files	2025-08-11T07:55:54.6479765Z [36;1mgit add audit/kaos/*[0m
job-core	Upload Files	2025-08-11T07:55:54.6481306Z [36;1mgit commit -m "[Ka0S] Uploading resume execution files to the repository..."[0m
job-core	Upload Files	2025-08-11T07:55:54.6483094Z [36;1mgit push origin refs/heads/H86-modulo-wazuh [0m
job-core	Upload Files	2025-08-11T07:55:54.6491149Z shell: /usr/bin/bash -e {0}
job-core	Upload Files	2025-08-11T07:55:54.6492117Z env:
job-core	Upload Files	2025-08-11T07:55:54.6492924Z   KAOS_CODE: 16874176763
job-core	Upload Files	2025-08-11T07:55:54.6558263Z   KAOS_EVENT_NAME: push
job-core	Upload Files	2025-08-11T07:55:54.6559391Z   KAOS_ACTION: 
job-core	Upload Files	2025-08-11T07:55:54.6560477Z   KAOS_REF: refs/heads/H86-modulo-wazuh
job-core	Upload Files	2025-08-11T07:55:54.6561733Z   KAOS_MODULE: [Ka0S] kaos
job-core	Upload Files	2025-08-11T07:55:54.6562711Z   KAOS_PATH_RESUME: audit/kaos/
job-core	Upload Files	2025-08-11T07:55:54.6563715Z   KAOS_ACTOR: santakloud
job-core	Upload Files	2025-08-11T07:55:54.6564627Z   GITHUB_OUTPUT: 
job-core	Upload Files	2025-08-11T07:55:54.6565451Z ##[endgroup]
job-core	Upload Files	2025-08-11T07:55:54.6602871Z Downloading files to the repository...
job-core	Upload Files	2025-08-11T07:55:55.2270211Z Already up to date.
job-core	Upload Files	2025-08-11T07:55:55.2288433Z Uploading files to the repository...
job-core	Upload Files	2025-08-11T07:55:55.2809038Z [H86-modulo-wazuh d55c2022] [Ka0S] Uploading resume execution files to the repository...
job-core	Upload Files	2025-08-11T07:55:55.2817623Z  2 files changed, 10 insertions(+)
job-core	Upload Files	2025-08-11T07:55:55.2823715Z  create mode 100644 audit/kaos/16874176763-files-in-commit.txt
job-core	Upload Files	2025-08-11T07:55:55.2830157Z  create mode 100644 audit/kaos/16874176763.json
job-core	Upload Files	2025-08-11T07:55:56.1600924Z To https://github.com/Ka0s-Klaus/ka0s
job-core	Upload Files	2025-08-11T07:55:56.1604851Z    9ea55c65..d55c2022  H86-modulo-wazuh -> H86-modulo-wazuh
job-core	Run git diff --name-only 446846f3720028da924cd5ac8263ffb72735bfd1 9ea55c65e88731dcb7f437b20843fcd44158b7c9 > files-in-commit.txt	ï»¿2025-08-11T07:55:56.1713295Z ##[group]Run git diff --name-only 446846f3720028da924cd5ac8263ffb72735bfd1 9ea55c65e88731dcb7f437b20843fcd44158b7c9 > files-in-commit.txt
job-core	Run git diff --name-only 446846f3720028da924cd5ac8263ffb72735bfd1 9ea55c65e88731dcb7f437b20843fcd44158b7c9 > files-in-commit.txt	2025-08-11T07:55:56.1714422Z [36;1mgit diff --name-only 446846f3720028da924cd5ac8263ffb72735bfd1 9ea55c65e88731dcb7f437b20843fcd44158b7c9 > files-in-commit.txt[0m
job-core	Run git diff --name-only 446846f3720028da924cd5ac8263ffb72735bfd1 9ea55c65e88731dcb7f437b20843fcd44158b7c9 > files-in-commit.txt	2025-08-11T07:55:56.1715070Z [36;1mcat files-in-commit.txt[0m
job-core	Run git diff --name-only 446846f3720028da924cd5ac8263ffb72735bfd1 9ea55c65e88731dcb7f437b20843fcd44158b7c9 > files-in-commit.txt	2025-08-11T07:55:56.1715392Z [36;1m# Nuevo proceso de activacion de los modulos[0m
job-core	Run git diff --name-only 446846f3720028da924cd5ac8263ffb72735bfd1 9ea55c65e88731dcb7f437b20843fcd44158b7c9 > files-in-commit.txt	2025-08-11T07:55:56.1715732Z [36;1mwhile IFS= read -r line; do[0m
job-core	Run git diff --name-only 446846f3720028da924cd5ac8263ffb72735bfd1 9ea55c65e88731dcb7f437b20843fcd44158b7c9 > files-in-commit.txt	2025-08-11T07:55:56.1716063Z [36;1m  # Skip files in core/outputs directory[0m
job-core	Run git diff --name-only 446846f3720028da924cd5ac8263ffb72735bfd1 9ea55c65e88731dcb7f437b20843fcd44158b7c9 > files-in-commit.txt	2025-08-11T07:55:56.1716468Z [36;1m  if [[ "$line" == core/outputs/* || "$line" == core/results/* ]]; then[0m
job-core	Run git diff --name-only 446846f3720028da924cd5ac8263ffb72735bfd1 9ea55c65e88731dcb7f437b20843fcd44158b7c9 > files-in-commit.txt	2025-08-11T07:55:56.1716910Z [36;1m    echo "Skipping file in outputs directory: $line"[0m
job-core	Run git diff --name-only 446846f3720028da924cd5ac8263ffb72735bfd1 9ea55c65e88731dcb7f437b20843fcd44158b7c9 > files-in-commit.txt	2025-08-11T07:55:56.1717251Z [36;1m    continue[0m
job-core	Run git diff --name-only 446846f3720028da924cd5ac8263ffb72735bfd1 9ea55c65e88731dcb7f437b20843fcd44158b7c9 > files-in-commit.txt	2025-08-11T07:55:56.1717676Z [36;1m  fi[0m
job-core	Run git diff --name-only 446846f3720028da924cd5ac8263ffb72735bfd1 9ea55c65e88731dcb7f437b20843fcd44158b7c9 > files-in-commit.txt	2025-08-11T07:55:56.1718032Z [36;1m  echo "I Leemos el fichero files-in-commit.txt y extraemos el fichero $line"[0m
job-core	Run git diff --name-only 446846f3720028da924cd5ac8263ffb72735bfd1 9ea55c65e88731dcb7f437b20843fcd44158b7c9 > files-in-commit.txt	2025-08-11T07:55:56.1718500Z [36;1m  module_failed=0[0m
job-core	Run git diff --name-only 446846f3720028da924cd5ac8263ffb72735bfd1 9ea55c65e88731dcb7f437b20843fcd44158b7c9 > files-in-commit.txt	2025-08-11T07:55:56.1718760Z [36;1m  extension_failed=0[0m
job-core	Run git diff --name-only 446846f3720028da924cd5ac8263ffb72735bfd1 9ea55c65e88731dcb7f437b20843fcd44158b7c9 > files-in-commit.txt	2025-08-11T07:55:56.1719032Z [36;1m  file_name=$(basename "$line")[0m
job-core	Run git diff --name-only 446846f3720028da924cd5ac8263ffb72735bfd1 9ea55c65e88731dcb7f437b20843fcd44158b7c9 > files-in-commit.txt	2025-08-11T07:55:56.1719395Z [36;1m  echo "I-1 Calculamos el nombre del fichero $file_name"[0m
job-core	Run git diff --name-only 446846f3720028da924cd5ac8263ffb72735bfd1 9ea55c65e88731dcb7f437b20843fcd44158b7c9 > files-in-commit.txt	2025-08-11T07:55:56.1719772Z [36;1m  file_extension="${file_name##*.}"[0m
job-core	Run git diff --name-only 446846f3720028da924cd5ac8263ffb72735bfd1 9ea55c65e88731dcb7f437b20843fcd44158b7c9 > files-in-commit.txt	2025-08-11T07:55:56.1720165Z [36;1m  echo "I-2 Calculamos la extension del fichero $file_extension"[0m
job-core	Run git diff --name-only 446846f3720028da924cd5ac8263ffb72735bfd1 9ea55c65e88731dcb7f437b20843fcd44158b7c9 > files-in-commit.txt	2025-08-11T07:55:56.1720578Z [36;1m  file_module="$file_extension""lint.yml"[0m
job-core	Run git diff --name-only 446846f3720028da924cd5ac8263ffb72735bfd1 9ea55c65e88731dcb7f437b20843fcd44158b7c9 > files-in-commit.txt	2025-08-11T07:55:56.1720937Z [36;1m  echo "I-3 Calculamos el modulo $file_module"[0m
job-core	Run git diff --name-only 446846f3720028da924cd5ac8263ffb72735bfd1 9ea55c65e88731dcb7f437b20843fcd44158b7c9 > files-in-commit.txt	2025-08-11T07:55:56.1723017Z [36;1m  IFS=',' read -r -a file_array <<< "$files"[0m
job-core	Run git diff --name-only 446846f3720028da924cd5ac8263ffb72735bfd1 9ea55c65e88731dcb7f437b20843fcd44158b7c9 > files-in-commit.txt	2025-08-11T07:55:56.1723355Z [36;1m  for file in "${file_array[@]}"; do[0m
job-core	Run git diff --name-only 446846f3720028da924cd5ac8263ffb72735bfd1 9ea55c65e88731dcb7f437b20843fcd44158b7c9 > files-in-commit.txt	2025-08-11T07:55:56.1723673Z [36;1m    echo "II Leemos el array de $file"[0m
job-core	Run git diff --name-only 446846f3720028da924cd5ac8263ffb72735bfd1 9ea55c65e88731dcb7f437b20843fcd44158b7c9 > files-in-commit.txt	2025-08-11T07:55:56.1724018Z [36;1m    if [[ "$file_extension" == "$file" ]]; then[0m
job-core	Run git diff --name-only 446846f3720028da924cd5ac8263ffb72735bfd1 9ea55c65e88731dcb7f437b20843fcd44158b7c9 > files-in-commit.txt	2025-08-11T07:55:56.1724419Z [36;1m      echo "III Comprobamos si $file_extension es igual a $file"[0m
job-core	Run git diff --name-only 446846f3720028da924cd5ac8263ffb72735bfd1 9ea55c65e88731dcb7f437b20843fcd44158b7c9 > files-in-commit.txt	2025-08-11T07:55:56.1724845Z [36;1m      IFS=',' read -r -a module_array <<< "$modules"[0m
job-core	Run git diff --name-only 446846f3720028da924cd5ac8263ffb72735bfd1 9ea55c65e88731dcb7f437b20843fcd44158b7c9 > files-in-commit.txt	2025-08-11T07:55:56.1725200Z [36;1m      for module in "${module_array[@]}"; do[0m
job-core	Run git diff --name-only 446846f3720028da924cd5ac8263ffb72735bfd1 9ea55c65e88731dcb7f437b20843fcd44158b7c9 > files-in-commit.txt	2025-08-11T07:55:56.1725535Z [36;1m        echo "IV Leemos el array $module"[0m
job-core	Run git diff --name-only 446846f3720028da924cd5ac8263ffb72735bfd1 9ea55c65e88731dcb7f437b20843fcd44158b7c9 > files-in-commit.txt	2025-08-11T07:55:56.1725873Z [36;1m        if [[ "$file_module" == *"$module"* ]]; then[0m
job-core	Run git diff --name-only 446846f3720028da924cd5ac8263ffb72735bfd1 9ea55c65e88731dcb7f437b20843fcd44158b7c9 > files-in-commit.txt	2025-08-11T07:55:56.1726344Z [36;1m          echo "V Comprobamos que el $file_module es igual a $module y ejecutamos el flujo"[0m
job-core	Run git diff --name-only 446846f3720028da924cd5ac8263ffb72735bfd1 9ea55c65e88731dcb7f437b20843fcd44158b7c9 > files-in-commit.txt	2025-08-11T07:55:56.1726878Z [36;1m          # Si hemos llegado hasta aquÃ­ ejecutamos el mÃ³dulo[0m
job-core	Run git diff --name-only 446846f3720028da924cd5ac8263ffb72735bfd1 9ea55c65e88731dcb7f437b20843fcd44158b7c9 > files-in-commit.txt	2025-08-11T07:55:56.1727250Z [36;1m          # Lanzamos el lint del fichero[0m
job-core	Run git diff --name-only 446846f3720028da924cd5ac8263ffb72735bfd1 9ea55c65e88731dcb7f437b20843fcd44158b7c9 > files-in-commit.txt	2025-08-11T07:55:56.1727669Z [36;1m          RNNUMBER=$(echo "refs/heads/H86-modulo-wazuh" | grep -o '[0-9]*')[0m
job-core	Run git diff --name-only 446846f3720028da924cd5ac8263ffb72735bfd1 9ea55c65e88731dcb7f437b20843fcd44158b7c9 > files-in-commit.txt	2025-08-11T07:55:56.1728112Z [36;1m          echo "El numero de la issue es: $RNNUMBER"[0m
job-core	Run git diff --name-only 446846f3720028da924cd5ac8263ffb72735bfd1 9ea55c65e88731dcb7f437b20843fcd44158b7c9 > files-in-commit.txt	2025-08-11T07:55:56.1728908Z [36;1m          gh workflow run $file_module --ref refs/heads/H86-modulo-wazuh -f kaos-origin=16874176763 -f kaos-files=$line -f kaos-issue-id=$RNNUMBER -f kaos-user-start=santakloud[0m
job-core	Run git diff --name-only 446846f3720028da924cd5ac8263ffb72735bfd1 9ea55c65e88731dcb7f437b20843fcd44158b7c9 > files-in-commit.txt	2025-08-11T07:55:56.1729654Z [36;1m          module_failed=0[0m
job-core	Run git diff --name-only 446846f3720028da924cd5ac8263ffb72735bfd1 9ea55c65e88731dcb7f437b20843fcd44158b7c9 > files-in-commit.txt	2025-08-11T07:55:56.1729931Z [36;1m          extension_failed=0[0m
job-core	Run git diff --name-only 446846f3720028da924cd5ac8263ffb72735bfd1 9ea55c65e88731dcb7f437b20843fcd44158b7c9 > files-in-commit.txt	2025-08-11T07:55:56.1730203Z [36;1m          break[0m
job-core	Run git diff --name-only 446846f3720028da924cd5ac8263ffb72735bfd1 9ea55c65e88731dcb7f437b20843fcd44158b7c9 > files-in-commit.txt	2025-08-11T07:55:56.1730438Z [36;1m        else[0m
job-core	Run git diff --name-only 446846f3720028da924cd5ac8263ffb72735bfd1 9ea55c65e88731dcb7f437b20843fcd44158b7c9 > files-in-commit.txt	2025-08-11T07:55:56.1730735Z [36;1m          # Control de si existe el modulo para esa extension"[0m
job-core	Run git diff --name-only 446846f3720028da924cd5ac8263ffb72735bfd1 9ea55c65e88731dcb7f437b20843fcd44158b7c9 > files-in-commit.txt	2025-08-11T07:55:56.1731307Z [36;1m          echo "VI No es igual $file_module a $module y lo indicamos en la variable module_failed=1"[0m
job-core	Run git diff --name-only 446846f3720028da924cd5ac8263ffb72735bfd1 9ea55c65e88731dcb7f437b20843fcd44158b7c9 > files-in-commit.txt	2025-08-11T07:55:56.1731766Z [36;1m          module_failed=1[0m
job-core	Run git diff --name-only 446846f3720028da924cd5ac8263ffb72735bfd1 9ea55c65e88731dcb7f437b20843fcd44158b7c9 > files-in-commit.txt	2025-08-11T07:55:56.1732026Z [36;1m        fi[0m
job-core	Run git diff --name-only 446846f3720028da924cd5ac8263ffb72735bfd1 9ea55c65e88731dcb7f437b20843fcd44158b7c9 > files-in-commit.txt	2025-08-11T07:55:56.1732241Z [36;1m      done[0m
job-core	Run git diff --name-only 446846f3720028da924cd5ac8263ffb72735bfd1 9ea55c65e88731dcb7f437b20843fcd44158b7c9 > files-in-commit.txt	2025-08-11T07:55:56.1732452Z [36;1m      break[0m
job-core	Run git diff --name-only 446846f3720028da924cd5ac8263ffb72735bfd1 9ea55c65e88731dcb7f437b20843fcd44158b7c9 > files-in-commit.txt	2025-08-11T07:55:56.1732672Z [36;1m    else[0m
job-core	Run git diff --name-only 446846f3720028da924cd5ac8263ffb72735bfd1 9ea55c65e88731dcb7f437b20843fcd44158b7c9 > files-in-commit.txt	2025-08-11T07:55:56.1732962Z [36;1m      # Control de si existe el modulo para esa extension"[0m
job-core	Run git diff --name-only 446846f3720028da924cd5ac8263ffb72735bfd1 9ea55c65e88731dcb7f437b20843fcd44158b7c9 > files-in-commit.txt	2025-08-11T07:55:56.1733499Z [36;1m      echo "VII No es igual $file_extension a $file y lo indicamos en la variable extension_failed=1"[0m
job-core	Run git diff --name-only 446846f3720028da924cd5ac8263ffb72735bfd1 9ea55c65e88731dcb7f437b20843fcd44158b7c9 > files-in-commit.txt	2025-08-11T07:55:56.1734221Z [36;1m      extension_failed=1[0m
job-core	Run git diff --name-only 446846f3720028da924cd5ac8263ffb72735bfd1 9ea55c65e88731dcb7f437b20843fcd44158b7c9 > files-in-commit.txt	2025-08-11T07:55:56.1734483Z [36;1m    fi  [0m
job-core	Run git diff --name-only 446846f3720028da924cd5ac8263ffb72735bfd1 9ea55c65e88731dcb7f437b20843fcd44158b7c9 > files-in-commit.txt	2025-08-11T07:55:56.1734692Z [36;1m  done[0m
job-core	Run git diff --name-only 446846f3720028da924cd5ac8263ffb72735bfd1 9ea55c65e88731dcb7f437b20843fcd44158b7c9 > files-in-commit.txt	2025-08-11T07:55:56.1734924Z [36;1m  if [[ $module_failed == 1 ]]; then[0m
job-core	Run git diff --name-only 446846f3720028da924cd5ac8263ffb72735bfd1 9ea55c65e88731dcb7f437b20843fcd44158b7c9 > files-in-commit.txt	2025-08-11T07:55:56.1735392Z [36;1m    echo "IX Si el modulo falla ($module_failed) aÃ±adimos el comentario a la issue"[0m
job-core	Run git diff --name-only 446846f3720028da924cd5ac8263ffb72735bfd1 9ea55c65e88731dcb7f437b20843fcd44158b7c9 > files-in-commit.txt	2025-08-11T07:55:56.1736190Z [36;1m    # Si hemos llegado hasta aquÃ­ aÃ±adimos el mensaje de que la extension esta permitida pero no dispone de modulo activo y aqui finaliza el proceso[0m
job-core	Run git diff --name-only 446846f3720028da924cd5ac8263ffb72735bfd1 9ea55c65e88731dcb7f437b20843fcd44158b7c9 > files-in-commit.txt	2025-08-11T07:55:56.1736900Z [36;1m    # AÃ±adimos los valores a las variables de la issue[0m
job-core	Run git diff --name-only 446846f3720028da924cd5ac8263ffb72735bfd1 9ea55c65e88731dcb7f437b20843fcd44158b7c9 > files-in-commit.txt	2025-08-11T07:55:56.1737841Z [36;1m    KAOS_ISSUE_BODY="[Ka0S] kaos ha detectado que la extensiÃ³n ($file_extension) esta permitida dentro de KAOS_CORE_FILES, pero el mÃ³dulo asociado ($file_module) no esta activo. Por favor compruebe que exista y esta activo."[0m
job-core	Run git diff --name-only 446846f3720028da924cd5ac8263ffb72735bfd1 9ea55c65e88731dcb7f437b20843fcd44158b7c9 > files-in-commit.txt	2025-08-11T07:55:56.1738914Z [36;1m    # AÃ±adimos el comentario a la issue[0m
job-core	Run git diff --name-only 446846f3720028da924cd5ac8263ffb72735bfd1 9ea55c65e88731dcb7f437b20843fcd44158b7c9 > files-in-commit.txt	2025-08-11T07:55:56.1739340Z [36;1m    RNNUMBER=$(echo "refs/heads/H86-modulo-wazuh" | grep -o '[0-9]*')[0m
job-core	Run git diff --name-only 446846f3720028da924cd5ac8263ffb72735bfd1 9ea55c65e88731dcb7f437b20843fcd44158b7c9 > files-in-commit.txt	2025-08-11T07:55:56.1739808Z [36;1m    gh issue comment $RNNUMBER --body "$KAOS_ISSUE_BODY"[0m
job-core	Run git diff --name-only 446846f3720028da924cd5ac8263ffb72735bfd1 9ea55c65e88731dcb7f437b20843fcd44158b7c9 > files-in-commit.txt	2025-08-11T07:55:56.1740150Z [36;1m  fi[0m
job-core	Run git diff --name-only 446846f3720028da924cd5ac8263ffb72735bfd1 9ea55c65e88731dcb7f437b20843fcd44158b7c9 > files-in-commit.txt	2025-08-11T07:55:56.1740388Z [36;1m  if [[ $extension_failed == 1 ]]; then[0m
job-core	Run git diff --name-only 446846f3720028da924cd5ac8263ffb72735bfd1 9ea55c65e88731dcb7f437b20843fcd44158b7c9 > files-in-commit.txt	2025-08-11T07:55:56.1740874Z [36;1m    echo "X Si extension falla falla ($extension_failed) aÃ±adimos el comentario a la issue"[0m
job-core	Run git diff --name-only 446846f3720028da924cd5ac8263ffb72735bfd1 9ea55c65e88731dcb7f437b20843fcd44158b7c9 > files-in-commit.txt	2025-08-11T07:55:56.1741555Z [36;1m    # Si hemos llegado hasta aquÃ­ aÃ±adimos el mensaje de que la extension no esta permitida[0m
job-core	Run git diff --name-only 446846f3720028da924cd5ac8263ffb72735bfd1 9ea55c65e88731dcb7f437b20843fcd44158b7c9 > files-in-commit.txt	2025-08-11T07:55:56.1742075Z [36;1m    # AÃ±adimos los valores a las variables de la issue[0m
job-core	Run git diff --name-only 446846f3720028da924cd5ac8263ffb72735bfd1 9ea55c65e88731dcb7f437b20843fcd44158b7c9 > files-in-commit.txt	2025-08-11T07:55:56.1742879Z [36;1m    KAOS_ISSUE_BODY="[Ka0S] kaos ha detectado que la extensiÃ³n ($file_extension) NO esta permitida dentro de KAOS_CORE_FILES. Por favor compruebe que exista y esta activo."[0m
job-core	Run git diff --name-only 446846f3720028da924cd5ac8263ffb72735bfd1 9ea55c65e88731dcb7f437b20843fcd44158b7c9 > files-in-commit.txt	2025-08-11T07:55:56.1743717Z [36;1m    # AÃ±adimos el comentario a la issue[0m
job-core	Run git diff --name-only 446846f3720028da924cd5ac8263ffb72735bfd1 9ea55c65e88731dcb7f437b20843fcd44158b7c9 > files-in-commit.txt	2025-08-11T07:55:56.1744156Z [36;1m    RNNUMBER=$(echo "refs/heads/H86-modulo-wazuh" | grep -o '[0-9]*')[0m
job-core	Run git diff --name-only 446846f3720028da924cd5ac8263ffb72735bfd1 9ea55c65e88731dcb7f437b20843fcd44158b7c9 > files-in-commit.txt	2025-08-11T07:55:56.1744626Z [36;1m    gh issue comment $RNNUMBER --body "$KAOS_ISSUE_BODY"[0m
job-core	Run git diff --name-only 446846f3720028da924cd5ac8263ffb72735bfd1 9ea55c65e88731dcb7f437b20843fcd44158b7c9 > files-in-commit.txt	2025-08-11T07:55:56.1744968Z [36;1m  fi  [0m
job-core	Run git diff --name-only 446846f3720028da924cd5ac8263ffb72735bfd1 9ea55c65e88731dcb7f437b20843fcd44158b7c9 > files-in-commit.txt	2025-08-11T07:55:56.1745387Z [36;1***one < files-in-commit.txt      [0m
job-core	Run git diff --name-only 446846f3720028da924cd5ac8263ffb72735bfd1 9ea55c65e88731dcb7f437b20843fcd44158b7c9 > files-in-commit.txt	2025-08-11T07:55:56.1751864Z shell: /usr/bin/bash -e {0}
job-core	Run git diff --name-only 446846f3720028da924cd5ac8263ffb72735bfd1 9ea55c65e88731dcb7f437b20843fcd44158b7c9 > files-in-commit.txt	2025-08-11T07:55:56.1752135Z env:
job-core	Run git diff --name-only 446846f3720028da924cd5ac8263ffb72735bfd1 9ea55c65e88731dcb7f437b20843fcd44158b7c9 > files-in-commit.txt	2025-08-11T07:55:56.1752338Z   KAOS_CODE: 16874176763
job-core	Run git diff --name-only 446846f3720028da924cd5ac8263ffb72735bfd1 9ea55c65e88731dcb7f437b20843fcd44158b7c9 > files-in-commit.txt	2025-08-11T07:55:56.1752583Z   KAOS_EVENT_NAME: push
job-core	Run git diff --name-only 446846f3720028da924cd5ac8263ffb72735bfd1 9ea55c65e88731dcb7f437b20843fcd44158b7c9 > files-in-commit.txt	2025-08-11T07:55:56.1752811Z   KAOS_ACTION: 
job-core	Run git diff --name-only 446846f3720028da924cd5ac8263ffb72735bfd1 9ea55c65e88731dcb7f437b20843fcd44158b7c9 > files-in-commit.txt	2025-08-11T07:55:56.1753042Z   KAOS_REF: refs/heads/H86-modulo-wazuh
job-core	Run git diff --name-only 446846f3720028da924cd5ac8263ffb72735bfd1 9ea55c65e88731dcb7f437b20843fcd44158b7c9 > files-in-commit.txt	2025-08-11T07:55:56.1753327Z   KAOS_MODULE: [Ka0S] kaos
job-core	Run git diff --name-only 446846f3720028da924cd5ac8263ffb72735bfd1 9ea55c65e88731dcb7f437b20843fcd44158b7c9 > files-in-commit.txt	2025-08-11T07:55:56.1753578Z   KAOS_PATH_RESUME: audit/kaos/
job-core	Run git diff --name-only 446846f3720028da924cd5ac8263ffb72735bfd1 9ea55c65e88731dcb7f437b20843fcd44158b7c9 > files-in-commit.txt	2025-08-11T07:55:56.1753837Z   KAOS_ACTOR: santakloud
job-core	Run git diff --name-only 446846f3720028da924cd5ac8263ffb72735bfd1 9ea55c65e88731dcb7f437b20843fcd44158b7c9 > files-in-commit.txt	2025-08-11T07:55:56.1754092Z   GITHUB_OUTPUT: 
job-core	Run git diff --name-only 446846f3720028da924cd5ac8263ffb72735bfd1 9ea55c65e88731dcb7f437b20843fcd44158b7c9 > files-in-commit.txt	2025-08-11T07:55:56.1754624Z   modules: ***
job-core	Run git diff --name-only 446846f3720028da924cd5ac8263ffb72735bfd1 9ea55c65e88731dcb7f437b20843fcd44158b7c9 > files-in-commit.txt	2025-08-11T07:55:56.1754839Z   files: ***
job-core	Run git diff --name-only 446846f3720028da924cd5ac8263ffb72735bfd1 9ea55c65e88731dcb7f437b20843fcd44158b7c9 > files-in-commit.txt	2025-08-11T07:55:56.1755165Z   GH_TOKEN: ***
job-core	Run git diff --name-only 446846f3720028da924cd5ac8263ffb72735bfd1 9ea55c65e88731dcb7f437b20843fcd44158b7c9 > files-in-commit.txt	2025-08-11T07:55:56.1755388Z ##[endgroup]
job-core	Run git diff --name-only 446846f3720028da924cd5ac8263ffb72735bfd1 9ea55c65e88731dcb7f437b20843fcd44158b7c9 > files-in-commit.txt	2025-08-11T07:55:56.1822147Z .gitignore
job-core	Run git diff --name-only 446846f3720028da924cd5ac8263ffb72735bfd1 9ea55c65e88731dcb7f437b20843fcd44158b7c9 > files-in-commit.txt	2025-08-11T07:55:56.1823729Z security/wazuh/README.***
job-core	Run git diff --name-only 446846f3720028da924cd5ac8263ffb72735bfd1 9ea55c65e88731dcb7f437b20843fcd44158b7c9 > files-in-commit.txt	2025-08-11T07:55:56.1824046Z security/wazuh/config/certs.yml
job-core	Run git diff --name-only 446846f3720028da924cd5ac8263ffb72735bfd1 9ea55c65e88731dcb7f437b20843fcd44158b7c9 > files-in-commit.txt	2025-08-11T07:55:56.1824407Z security/wazuh/config/wazuh_cluster/wazuh_manager.conf
job-core	Run git diff --name-only 446846f3720028da924cd5ac8263ffb72735bfd1 9ea55c65e88731dcb7f437b20843fcd44158b7c9 > files-in-commit.txt	2025-08-11T07:55:56.1824900Z security/wazuh/config/wazuh_dashboard/opensearch_dashboards.yml
job-core	Run git diff --name-only 446846f3720028da924cd5ac8263ffb72735bfd1 9ea55c65e88731dcb7f437b20843fcd44158b7c9 > files-in-commit.txt	2025-08-11T07:55:56.1825338Z security/wazuh/config/wazuh_dashboard/wazuh.yml
job-core	Run git diff --name-only 446846f3720028da924cd5ac8263ffb72735bfd1 9ea55c65e88731dcb7f437b20843fcd44158b7c9 > files-in-commit.txt	2025-08-11T07:55:56.1825733Z security/wazuh/config/wazuh_indexer/internal_users.yml
job-core	Run git diff --name-only 446846f3720028da924cd5ac8263ffb72735bfd1 9ea55c65e88731dcb7f437b20843fcd44158b7c9 > files-in-commit.txt	2025-08-11T07:55:56.1826147Z security/wazuh/config/wazuh_indexer/wazuh.indexer.yml
job-core	Run git diff --name-only 446846f3720028da924cd5ac8263ffb72735bfd1 9ea55c65e88731dcb7f437b20843fcd44158b7c9 > files-in-commit.txt	2025-08-11T07:55:56.1826509Z security/wazuh/docker-compose.yml
job-core	Run git diff --name-only 446846f3720028da924cd5ac8263ffb72735bfd1 9ea55c65e88731dcb7f437b20843fcd44158b7c9 > files-in-commit.txt	2025-08-11T07:55:56.1826823Z security/wazuh/generate-indexer-certs.yml
job-core	Run git diff --name-only 446846f3720028da924cd5ac8263ffb72735bfd1 9ea55c65e88731dcb7f437b20843fcd44158b7c9 > files-in-commit.txt	2025-08-11T07:55:56.1831167Z I Leemos el fichero files-in-commit.txt y extraemos el fichero .gitignore
job-core	Run git diff --name-only 446846f3720028da924cd5ac8263ffb72735bfd1 9ea55c65e88731dcb7f437b20843fcd44158b7c9 > files-in-commit.txt	2025-08-11T07:55:56.1844688Z I-1 Calculamos el nombre del fichero .gitignore
job-core	Run git diff --name-only 446846f3720028da924cd5ac8263ffb72735bfd1 9ea55c65e88731dcb7f437b20843fcd44158b7c9 > files-in-commit.txt	2025-08-11T07:55:56.1847517Z I-2 Calculamos la extension del fichero gitignore
job-core	Run git diff --name-only 446846f3720028da924cd5ac8263ffb72735bfd1 9ea55c65e88731dcb7f437b20843fcd44158b7c9 > files-in-commit.txt	2025-08-11T07:55:56.1847896Z I-3 Calculamos el modulo gitignorelint.yml
job-core	Run git diff --name-only 446846f3720028da924cd5ac8263ffb72735bfd1 9ea55c65e88731dcb7f437b20843fcd44158b7c9 > files-in-commit.txt	2025-08-11T07:55:56.1849640Z II Leemos el array de ***
job-core	Run git diff --name-only 446846f3720028da924cd5ac8263ffb72735bfd1 9ea55c65e88731dcb7f437b20843fcd44158b7c9 > files-in-commit.txt	2025-08-11T07:55:56.1860027Z VII No es igual gitignore a *** y lo indicamos en la variable extension_failed=1
job-core	Run git diff --name-only 446846f3720028da924cd5ac8263ffb72735bfd1 9ea55c65e88731dcb7f437b20843fcd44158b7c9 > files-in-commit.txt	2025-08-11T07:55:56.1860819Z X Si extension falla falla (1) aÃ±adimos el comentario a la issue
job-core	Run git diff --name-only 446846f3720028da924cd5ac8263ffb72735bfd1 9ea55c65e88731dcb7f437b20843fcd44158b7c9 > files-in-commit.txt	2025-08-11T07:55:57.2362664Z https://github.com/Ka0s-Klaus/ka0s/issues/86#issuecomment-3173645116
job-core	Run git diff --name-only 446846f3720028da924cd5ac8263ffb72735bfd1 9ea55c65e88731dcb7f437b20843fcd44158b7c9 > files-in-commit.txt	2025-08-11T07:55:57.2382345Z I Leemos el fichero files-in-commit.txt y extraemos el fichero security/wazuh/README.***
job-core	Run git diff --name-only 446846f3720028da924cd5ac8263ffb72735bfd1 9ea55c65e88731dcb7f437b20843fcd44158b7c9 > files-in-commit.txt	2025-08-11T07:55:57.2391940Z I-1 Calculamos el nombre del fichero README.***
job-core	Run git diff --name-only 446846f3720028da924cd5ac8263ffb72735bfd1 9ea55c65e88731dcb7f437b20843fcd44158b7c9 > files-in-commit.txt	2025-08-11T07:55:57.2392431Z I-2 Calculamos la extension del fichero ***
job-core	Run git diff --name-only 446846f3720028da924cd5ac8263ffb72735bfd1 9ea55c65e88731dcb7f437b20843fcd44158b7c9 > files-in-commit.txt	2025-08-11T07:55:57.2392775Z I-3 Calculamos el modulo ***lint.yml
job-core	Run git diff --name-only 446846f3720028da924cd5ac8263ffb72735bfd1 9ea55c65e88731dcb7f437b20843fcd44158b7c9 > files-in-commit.txt	2025-08-11T07:55:57.2393072Z II Leemos el array de ***
job-core	Run git diff --name-only 446846f3720028da924cd5ac8263ffb72735bfd1 9ea55c65e88731dcb7f437b20843fcd44158b7c9 > files-in-commit.txt	2025-08-11T07:55:57.2393425Z III Comprobamos si *** es igual a ***
job-core	Run git diff --name-only 446846f3720028da924cd5ac8263ffb72735bfd1 9ea55c65e88731dcb7f437b20843fcd44158b7c9 > files-in-commit.txt	2025-08-11T07:55:57.2395376Z IV Leemos el array ***lint.yml
job-core	Run git diff --name-only 446846f3720028da924cd5ac8263ffb72735bfd1 9ea55c65e88731dcb7f437b20843fcd44158b7c9 > files-in-commit.txt	2025-08-11T07:55:57.2395963Z V Comprobamos que el ***lint.yml es igual a ***lint.yml y ejecutamos el flujo
job-core	Run git diff --name-only 446846f3720028da924cd5ac8263ffb72735bfd1 9ea55c65e88731dcb7f437b20843fcd44158b7c9 > files-in-commit.txt	2025-08-11T07:55:57.2414567Z El numero de la issue es: 86
job-core	Run git diff --name-only 446846f3720028da924cd5ac8263ffb72735bfd1 9ea55c65e88731dcb7f437b20843fcd44158b7c9 > files-in-commit.txt	2025-08-11T07:55:58.0099939Z I Leemos el fichero files-in-commit.txt y extraemos el fichero security/wazuh/config/certs.yml
job-core	Run git diff --name-only 446846f3720028da924cd5ac8263ffb72735bfd1 9ea55c65e88731dcb7f437b20843fcd44158b7c9 > files-in-commit.txt	2025-08-11T07:55:58.0144870Z I-1 Calculamos el nombre del fichero certs.yml
job-core	Run git diff --name-only 446846f3720028da924cd5ac8263ffb72735bfd1 9ea55c65e88731dcb7f437b20843fcd44158b7c9 > files-in-commit.txt	2025-08-11T07:55:58.0146556Z I-2 Calculamos la extension del fichero yml
job-core	Run git diff --name-only 446846f3720028da924cd5ac8263ffb72735bfd1 9ea55c65e88731dcb7f437b20843fcd44158b7c9 > files-in-commit.txt	2025-08-11T07:55:58.0152343Z I-3 Calculamos el modulo ymllint.yml
job-core	Run git diff --name-only 446846f3720028da924cd5ac8263ffb72735bfd1 9ea55c65e88731dcb7f437b20843fcd44158b7c9 > files-in-commit.txt	2025-08-11T07:55:58.0154145Z II Leemos el array de ***
job-core	Run git diff --name-only 446846f3720028da924cd5ac8263ffb72735bfd1 9ea55c65e88731dcb7f437b20843fcd44158b7c9 > files-in-commit.txt	2025-08-11T07:55:58.0155800Z VII No es igual yml a *** y lo indicamos en la variable extension_failed=1
job-core	Run git diff --name-only 446846f3720028da924cd5ac8263ffb72735bfd1 9ea55c65e88731dcb7f437b20843fcd44158b7c9 > files-in-commit.txt	2025-08-11T07:55:58.0158509Z X Si extension falla falla (1) aÃ±adimos el comentario a la issue
job-core	Run git diff --name-only 446846f3720028da924cd5ac8263ffb72735bfd1 9ea55c65e88731dcb7f437b20843fcd44158b7c9 > files-in-commit.txt	2025-08-11T07:55:59.0212889Z https://github.com/Ka0s-Klaus/ka0s/issues/86#issuecomment-3173645198
job-core	Run git diff --name-only 446846f3720028da924cd5ac8263ffb72735bfd1 9ea55c65e88731dcb7f437b20843fcd44158b7c9 > files-in-commit.txt	2025-08-11T07:55:59.0232398Z I Leemos el fichero files-in-commit.txt y extraemos el fichero security/wazuh/config/wazuh_cluster/wazuh_manager.conf
job-core	Run git diff --name-only 446846f3720028da924cd5ac8263ffb72735bfd1 9ea55c65e88731dcb7f437b20843fcd44158b7c9 > files-in-commit.txt	2025-08-11T07:55:59.0245004Z I-1 Calculamos el nombre del fichero wazuh_manager.conf
job-core	Run git diff --name-only 446846f3720028da924cd5ac8263ffb72735bfd1 9ea55c65e88731dcb7f437b20843fcd44158b7c9 > files-in-commit.txt	2025-08-11T07:55:59.0245628Z I-2 Calculamos la extension del fichero conf
job-core	Run git diff --name-only 446846f3720028da924cd5ac8263ffb72735bfd1 9ea55c65e88731dcb7f437b20843fcd44158b7c9 > files-in-commit.txt	2025-08-11T07:55:59.0246062Z I-3 Calculamos el modulo conflint.yml
job-core	Run git diff --name-only 446846f3720028da924cd5ac8263ffb72735bfd1 9ea55c65e88731dcb7f437b20843fcd44158b7c9 > files-in-commit.txt	2025-08-11T07:55:59.0246562Z II Leemos el array de ***
job-core	Run git diff --name-only 446846f3720028da924cd5ac8263ffb72735bfd1 9ea55c65e88731dcb7f437b20843fcd44158b7c9 > files-in-commit.txt	2025-08-11T07:55:59.0247049Z VII No es igual conf a *** y lo indicamos en la variable extension_failed=1
job-core	Run git diff --name-only 446846f3720028da924cd5ac8263ffb72735bfd1 9ea55c65e88731dcb7f437b20843fcd44158b7c9 > files-in-commit.txt	2025-08-11T07:55:59.0247907Z X Si extension falla falla (1) aÃ±adimos el comentario a la issue
job-core	Run git diff --name-only 446846f3720028da924cd5ac8263ffb72735bfd1 9ea55c65e88731dcb7f437b20843fcd44158b7c9 > files-in-commit.txt	2025-08-11T07:56:00.2159734Z https://github.com/Ka0s-Klaus/ka0s/issues/86#issuecomment-3173645246
job-core	Run git diff --name-only 446846f3720028da924cd5ac8263ffb72735bfd1 9ea55c65e88731dcb7f437b20843fcd44158b7c9 > files-in-commit.txt	2025-08-11T07:56:00.2210049Z I Leemos el fichero files-in-commit.txt y extraemos el fichero security/wazuh/config/wazuh_dashboard/opensearch_dashboards.yml
job-core	Run git diff --name-only 446846f3720028da924cd5ac8263ffb72735bfd1 9ea55c65e88731dcb7f437b20843fcd44158b7c9 > files-in-commit.txt	2025-08-11T07:56:00.2221626Z I-1 Calculamos el nombre del fichero opensearch_dashboards.yml
job-core	Run git diff --name-only 446846f3720028da924cd5ac8263ffb72735bfd1 9ea55c65e88731dcb7f437b20843fcd44158b7c9 > files-in-commit.txt	2025-08-11T07:56:00.2222190Z I-2 Calculamos la extension del fichero yml
job-core	Run git diff --name-only 446846f3720028da924cd5ac8263ffb72735bfd1 9ea55c65e88731dcb7f437b20843fcd44158b7c9 > files-in-commit.txt	2025-08-11T07:56:00.2222519Z I-3 Calculamos el modulo ymllint.yml
job-core	Run git diff --name-only 446846f3720028da924cd5ac8263ffb72735bfd1 9ea55c65e88731dcb7f437b20843fcd44158b7c9 > files-in-commit.txt	2025-08-11T07:56:00.2222980Z II Leemos el array de ***
job-core	Run git diff --name-only 446846f3720028da924cd5ac8263ffb72735bfd1 9ea55c65e88731dcb7f437b20843fcd44158b7c9 > files-in-commit.txt	2025-08-11T07:56:00.2223374Z VII No es igual yml a *** y lo indicamos en la variable extension_failed=1
job-core	Run git diff --name-only 446846f3720028da924cd5ac8263ffb72735bfd1 9ea55c65e88731dcb7f437b20843fcd44158b7c9 > files-in-commit.txt	2025-08-11T07:56:00.2224224Z X Si extension falla falla (1) aÃ±adimos el comentario a la issue
job-core	Run git diff --name-only 446846f3720028da924cd5ac8263ffb72735bfd1 9ea55c65e88731dcb7f437b20843fcd44158b7c9 > files-in-commit.txt	2025-08-11T07:56:01.2542186Z https://github.com/Ka0s-Klaus/ka0s/issues/86#issuecomment-3173645304
job-core	Run git diff --name-only 446846f3720028da924cd5ac8263ffb72735bfd1 9ea55c65e88731dcb7f437b20843fcd44158b7c9 > files-in-commit.txt	2025-08-11T07:56:01.2560812Z I Leemos el fichero files-in-commit.txt y extraemos el fichero security/wazuh/config/wazuh_dashboard/wazuh.yml
job-core	Run git diff --name-only 446846f3720028da924cd5ac8263ffb72735bfd1 9ea55c65e88731dcb7f437b20843fcd44158b7c9 > files-in-commit.txt	2025-08-11T07:56:01.2574591Z I-1 Calculamos el nombre del fichero wazuh.yml
job-core	Run git diff --name-only 446846f3720028da924cd5ac8263ffb72735bfd1 9ea55c65e88731dcb7f437b20843fcd44158b7c9 > files-in-commit.txt	2025-08-11T07:56:01.2575042Z I-2 Calculamos la extension del fichero yml
job-core	Run git diff --name-only 446846f3720028da924cd5ac8263ffb72735bfd1 9ea55c65e88731dcb7f437b20843fcd44158b7c9 > files-in-commit.txt	2025-08-11T07:56:01.2581903Z I-3 Calculamos el modulo ymllint.yml
job-core	Run git diff --name-only 446846f3720028da924cd5ac8263ffb72735bfd1 9ea55c65e88731dcb7f437b20843fcd44158b7c9 > files-in-commit.txt	2025-08-11T07:56:01.2582426Z II Leemos el array de ***
job-core	Run git diff --name-only 446846f3720028da924cd5ac8263ffb72735bfd1 9ea55c65e88731dcb7f437b20843fcd44158b7c9 > files-in-commit.txt	2025-08-11T07:56:01.2591682Z VII No es igual yml a *** y lo indicamos en la variable extension_failed=1
job-core	Run git diff --name-only 446846f3720028da924cd5ac8263ffb72735bfd1 9ea55c65e88731dcb7f437b20843fcd44158b7c9 > files-in-commit.txt	2025-08-11T07:56:01.2593016Z X Si extension falla falla (1) aÃ±adimos el comentario a la issue
job-core	Run git diff --name-only 446846f3720028da924cd5ac8263ffb72735bfd1 9ea55c65e88731dcb7f437b20843fcd44158b7c9 > files-in-commit.txt	2025-08-11T07:56:02.3865614Z https://github.com/Ka0s-Klaus/ka0s/issues/86#issuecomment-3173645352
job-core	Run git diff --name-only 446846f3720028da924cd5ac8263ffb72735bfd1 9ea55c65e88731dcb7f437b20843fcd44158b7c9 > files-in-commit.txt	2025-08-11T07:56:02.3883288Z I Leemos el fichero files-in-commit.txt y extraemos el fichero security/wazuh/config/wazuh_indexer/internal_users.yml
job-core	Run git diff --name-only 446846f3720028da924cd5ac8263ffb72735bfd1 9ea55c65e88731dcb7f437b20843fcd44158b7c9 > files-in-commit.txt	2025-08-11T07:56:02.3895771Z I-1 Calculamos el nombre del fichero internal_users.yml
job-core	Run git diff --name-only 446846f3720028da924cd5ac8263ffb72735bfd1 9ea55c65e88731dcb7f437b20843fcd44158b7c9 > files-in-commit.txt	2025-08-11T07:56:02.3896366Z I-2 Calculamos la extension del fichero yml
job-core	Run git diff --name-only 446846f3720028da924cd5ac8263ffb72735bfd1 9ea55c65e88731dcb7f437b20843fcd44158b7c9 > files-in-commit.txt	2025-08-11T07:56:02.3901250Z I-3 Calculamos el modulo ymllint.yml
job-core	Run git diff --name-only 446846f3720028da924cd5ac8263ffb72735bfd1 9ea55c65e88731dcb7f437b20843fcd44158b7c9 > files-in-commit.txt	2025-08-11T07:56:02.3901700Z II Leemos el array de ***
job-core	Run git diff --name-only 446846f3720028da924cd5ac8263ffb72735bfd1 9ea55c65e88731dcb7f437b20843fcd44158b7c9 > files-in-commit.txt	2025-08-11T07:56:02.3902206Z VII No es igual yml a *** y lo indicamos en la variable extension_failed=1
job-core	Run git diff --name-only 446846f3720028da924cd5ac8263ffb72735bfd1 9ea55c65e88731dcb7f437b20843fcd44158b7c9 > files-in-commit.txt	2025-08-11T07:56:02.3902955Z X Si extension falla falla (1) aÃ±adimos el comentario a la issue
job-core	Run git diff --name-only 446846f3720028da924cd5ac8263ffb72735bfd1 9ea55c65e88731dcb7f437b20843fcd44158b7c9 > files-in-commit.txt	2025-08-11T07:56:03.4242575Z https://github.com/Ka0s-Klaus/ka0s/issues/86#issuecomment-3173645401
job-core	Run git diff --name-only 446846f3720028da924cd5ac8263ffb72735bfd1 9ea55c65e88731dcb7f437b20843fcd44158b7c9 > files-in-commit.txt	2025-08-11T07:56:03.4261101Z I Leemos el fichero files-in-commit.txt y extraemos el fichero security/wazuh/config/wazuh_indexer/wazuh.indexer.yml
job-core	Run git diff --name-only 446846f3720028da924cd5ac8263ffb72735bfd1 9ea55c65e88731dcb7f437b20843fcd44158b7c9 > files-in-commit.txt	2025-08-11T07:56:03.4273523Z I-1 Calculamos el nombre del fichero wazuh.indexer.yml
job-core	Run git diff --name-only 446846f3720028da924cd5ac8263ffb72735bfd1 9ea55c65e88731dcb7f437b20843fcd44158b7c9 > files-in-commit.txt	2025-08-11T07:56:03.4273977Z I-2 Calculamos la extension del fichero yml
job-core	Run git diff --name-only 446846f3720028da924cd5ac8263ffb72735bfd1 9ea55c65e88731dcb7f437b20843fcd44158b7c9 > files-in-commit.txt	2025-08-11T07:56:03.4274731Z I-3 Calculamos el modulo ymllint.yml
job-core	Run git diff --name-only 446846f3720028da924cd5ac8263ffb72735bfd1 9ea55c65e88731dcb7f437b20843fcd44158b7c9 > files-in-commit.txt	2025-08-11T07:56:03.4275137Z II Leemos el array de ***
job-core	Run git diff --name-only 446846f3720028da924cd5ac8263ffb72735bfd1 9ea55c65e88731dcb7f437b20843fcd44158b7c9 > files-in-commit.txt	2025-08-11T07:56:03.4279609Z VII No es igual yml a *** y lo indicamos en la variable extension_failed=1
job-core	Run git diff --name-only 446846f3720028da924cd5ac8263ffb72735bfd1 9ea55c65e88731dcb7f437b20843fcd44158b7c9 > files-in-commit.txt	2025-08-11T07:56:03.4280373Z X Si extension falla falla (1) aÃ±adimos el comentario a la issue
job-core	Run git diff --name-only 446846f3720028da924cd5ac8263ffb72735bfd1 9ea55c65e88731dcb7f437b20843fcd44158b7c9 > files-in-commit.txt	2025-08-11T07:56:04.4364671Z https://github.com/Ka0s-Klaus/ka0s/issues/86#issuecomment-3173645451
job-core	Run git diff --name-only 446846f3720028da924cd5ac8263ffb72735bfd1 9ea55c65e88731dcb7f437b20843fcd44158b7c9 > files-in-commit.txt	2025-08-11T07:56:04.4381871Z I Leemos el fichero files-in-commit.txt y extraemos el fichero security/wazuh/docker-compose.yml
job-core	Run git diff --name-only 446846f3720028da924cd5ac8263ffb72735bfd1 9ea55c65e88731dcb7f437b20843fcd44158b7c9 > files-in-commit.txt	2025-08-11T07:56:04.4394656Z I-1 Calculamos el nombre del fichero docker-compose.yml
job-core	Run git diff --name-only 446846f3720028da924cd5ac8263ffb72735bfd1 9ea55c65e88731dcb7f437b20843fcd44158b7c9 > files-in-commit.txt	2025-08-11T07:56:04.4398612Z I-2 Calculamos la extension del fichero yml
job-core	Run git diff --name-only 446846f3720028da924cd5ac8263ffb72735bfd1 9ea55c65e88731dcb7f437b20843fcd44158b7c9 > files-in-commit.txt	2025-08-11T07:56:04.4402939Z I-3 Calculamos el modulo ymllint.yml
job-core	Run git diff --name-only 446846f3720028da924cd5ac8263ffb72735bfd1 9ea55c65e88731dcb7f437b20843fcd44158b7c9 > files-in-commit.txt	2025-08-11T07:56:04.4407892Z II Leemos el array de ***
job-core	Run git diff --name-only 446846f3720028da924cd5ac8263ffb72735bfd1 9ea55c65e88731dcb7f437b20843fcd44158b7c9 > files-in-commit.txt	2025-08-11T07:56:04.4417780Z VII No es igual yml a *** y lo indicamos en la variable extension_failed=1
job-core	Run git diff --name-only 446846f3720028da924cd5ac8263ffb72735bfd1 9ea55c65e88731dcb7f437b20843fcd44158b7c9 > files-in-commit.txt	2025-08-11T07:56:04.4419641Z X Si extension falla falla (1) aÃ±adimos el comentario a la issue
job-core	Run git diff --name-only 446846f3720028da924cd5ac8263ffb72735bfd1 9ea55c65e88731dcb7f437b20843fcd44158b7c9 > files-in-commit.txt	2025-08-11T07:56:05.3516243Z https://github.com/Ka0s-Klaus/ka0s/issues/86#issuecomment-3173645489
job-core	Run git diff --name-only 446846f3720028da924cd5ac8263ffb72735bfd1 9ea55c65e88731dcb7f437b20843fcd44158b7c9 > files-in-commit.txt	2025-08-11T07:56:05.3533733Z I Leemos el fichero files-in-commit.txt y extraemos el fichero security/wazuh/generate-indexer-certs.yml
job-core	Run git diff --name-only 446846f3720028da924cd5ac8263ffb72735bfd1 9ea55c65e88731dcb7f437b20843fcd44158b7c9 > files-in-commit.txt	2025-08-11T07:56:05.3546047Z I-1 Calculamos el nombre del fichero generate-indexer-certs.yml
job-core	Run git diff --name-only 446846f3720028da924cd5ac8263ffb72735bfd1 9ea55c65e88731dcb7f437b20843fcd44158b7c9 > files-in-commit.txt	2025-08-11T07:56:05.3546513Z I-2 Calculamos la extension del fichero yml
job-core	Run git diff --name-only 446846f3720028da924cd5ac8263ffb72735bfd1 9ea55c65e88731dcb7f437b20843fcd44158b7c9 > files-in-commit.txt	2025-08-11T07:56:05.3546830Z I-3 Calculamos el modulo ymllint.yml
job-core	Run git diff --name-only 446846f3720028da924cd5ac8263ffb72735bfd1 9ea55c65e88731dcb7f437b20843fcd44158b7c9 > files-in-commit.txt	2025-08-11T07:56:05.3547546Z II Leemos el array de ***
job-core	Run git diff --name-only 446846f3720028da924cd5ac8263ffb72735bfd1 9ea55c65e88731dcb7f437b20843fcd44158b7c9 > files-in-commit.txt	2025-08-11T07:56:05.3548004Z VII No es igual yml a *** y lo indicamos en la variable extension_failed=1
job-core	Run git diff --name-only 446846f3720028da924cd5ac8263ffb72735bfd1 9ea55c65e88731dcb7f437b20843fcd44158b7c9 > files-in-commit.txt	2025-08-11T07:56:05.3548782Z X Si extension falla falla (1) aÃ±adimos el comentario a la issue
job-core	Run git diff --name-only 446846f3720028da924cd5ac8263ffb72735bfd1 9ea55c65e88731dcb7f437b20843fcd44158b7c9 > files-in-commit.txt	2025-08-11T07:56:06.3105761Z https://github.com/Ka0s-Klaus/ka0s/issues/86#issuecomment-3173645539
job-core	Post Checkout code	ï»¿2025-08-11T07:56:06.3227904Z Post job cleanup.
job-core	Post Checkout code	2025-08-11T07:56:06.4399445Z [command]/usr/bin/git version
job-core	Post Checkout code	2025-08-11T07:56:06.4452839Z git version 2.43.0
job-core	Post Checkout code	2025-08-11T07:56:06.4495315Z Copying '/home/kaos/.gitconfig' to '/actions-runner/_work/_temp/060756f5-2d21-4270-a77b-cd94181e2a8e/.gitconfig'
job-core	Post Checkout code	2025-08-11T07:56:06.4512639Z Temporarily overriding HOME='/actions-runner/_work/_temp/060756f5-2d21-4270-a77b-cd94181e2a8e' before making global git config changes
job-core	Post Checkout code	2025-08-11T07:56:06.4513679Z Adding repository directory to the temporary git global config as a safe directory
job-core	Post Checkout code	2025-08-11T07:56:06.4514969Z [command]/usr/bin/git config --global --add safe.directory /actions-runner/_work/ka0s/ka0s
job-core	Post Checkout code	2025-08-11T07:56:06.4558762Z [command]/usr/bin/git config --local --name-only --get-regexp core\.sshCommand
job-core	Post Checkout code	2025-08-11T07:56:06.4606954Z [command]/usr/bin/git submodule foreach --recursive sh -c "git config --local --name-only --get-regexp 'core\.sshCommand' && git config --local --unset-all 'core.sshCommand' || :"
job-core	Post Checkout code	2025-08-11T07:56:06.4878328Z [command]/usr/bin/git config --local --name-only --get-regexp http\.https\:\/\/github\.com\/\.extraheader
job-core	Post Checkout code	2025-08-11T07:56:06.4901956Z http.https://github.com/.extraheader
job-core	Post Checkout code	2025-08-11T07:56:06.4913116Z [command]/usr/bin/git config --local --unset-all http.https://github.com/.extraheader
job-core	Post Checkout code	2025-08-11T07:56:06.4954026Z [command]/usr/bin/git submodule foreach --recursive sh -c "git config --local --name-only --get-regexp 'http\.https\:\/\/github\.com\/\.extraheader' && git config --local --unset-all 'http.https://github.com/.extraheader' || :"
job-core	Complete job	ï»¿2025-08-11T07:56:06.5322019Z Cleaning up orphan processes
handle-success	Set up job	ï»¿2025-08-11T07:56:11.4838306Z Current runner version: '2.327.1'
handle-success	Set up job	2025-08-11T07:56:11.4846763Z Runner name: 'ka0s-ka0s-2'
handle-success	Set up job	2025-08-11T07:56:11.4847742Z Runner group name: 'ka0s'
handle-success	Set up job	2025-08-11T07:56:11.4848635Z Machine name: '194f155ad019'
handle-success	Set up job	2025-08-11T07:56:11.4851820Z ##[group]GITHUB_TOKEN Permissions
handle-success	Set up job	2025-08-11T07:56:11.4854548Z Contents: read
handle-success	Set up job	2025-08-11T07:56:11.4855332Z Metadata: read
handle-success	Set up job	2025-08-11T07:56:11.4856021Z Packages: read
handle-success	Set up job	2025-08-11T07:56:11.4856526Z ##[endgroup]
handle-success	Set up job	2025-08-11T07:56:11.4858802Z Secret source: Actions
handle-success	Set up job	2025-08-11T07:56:11.4859511Z Prepare workflow directory
handle-success	Set up job	2025-08-11T07:56:11.5552809Z Prepare all required actions
handle-success	Set up job	2025-08-11T07:56:11.5600795Z Getting action download info
handle-success	Set up job	2025-08-11T07:56:12.0590913Z Download action repository 'actions/checkout@v4' (SHA:11bd71901bbe5b1630ceea73d27597364c9af683)
handle-success	Set up job	2025-08-11T07:56:12.8323168Z Complete job name: handle-success
handle-success	Checkout code	ï»¿2025-08-11T07:56:12.8849593Z ##[group]Run actions/checkout@v4
handle-success	Checkout code	2025-08-11T07:56:12.8850437Z with:
handle-success	Checkout code	2025-08-11T07:56:12.8850807Z   fetch-depth: 0
handle-success	Checkout code	2025-08-11T07:56:12.8851609Z   token: ***
handle-success	Checkout code	2025-08-11T07:56:12.8852031Z   repository: Ka0s-Klaus/ka0s
handle-success	Checkout code	2025-08-11T07:56:12.8852473Z   ssh-strict: true
handle-success	Checkout code	2025-08-11T07:56:12.8852838Z   ssh-user: git
handle-success	Checkout code	2025-08-11T07:56:12.8853346Z   persist-credentials: true
handle-success	Checkout code	2025-08-11T07:56:12.8853887Z   clean: true
handle-success	Checkout code	2025-08-11T07:56:12.8854261Z   sparse-checkout-cone-mode: true
handle-success	Checkout code	2025-08-11T07:56:12.8854717Z   fetch-tags: false
handle-success	Checkout code	2025-08-11T07:56:12.8855094Z   show-progress: true
handle-success	Checkout code	2025-08-11T07:56:12.8855470Z   lfs: false
handle-success	Checkout code	2025-08-11T07:56:12.8855815Z   submodules: false
handle-success	Checkout code	2025-08-11T07:56:12.8856197Z   set-safe-directory: true
handle-success	Checkout code	2025-08-11T07:56:12.8856835Z env:
handle-success	Checkout code	2025-08-11T07:56:12.8857185Z   KAOS_CODE: 16874176763
handle-success	Checkout code	2025-08-11T07:56:12.8857591Z   KAOS_EVENT_NAME: push
handle-success	Checkout code	2025-08-11T07:56:12.8857981Z   KAOS_ACTION: 
handle-success	Checkout code	2025-08-11T07:56:12.8858360Z   KAOS_REF: refs/heads/H86-modulo-wazuh
handle-success	Checkout code	2025-08-11T07:56:12.8858838Z   KAOS_MODULE: [Ka0S] kaos
handle-success	Checkout code	2025-08-11T07:56:12.8859293Z   KAOS_PATH_RESUME: audit/kaos/
handle-success	Checkout code	2025-08-11T07:56:12.8859733Z   KAOS_ACTOR: santakloud
handle-success	Checkout code	2025-08-11T07:56:12.8860138Z ##[endgroup]
handle-success	Checkout code	2025-08-11T07:56:13.0007006Z Syncing repository: Ka0s-Klaus/ka0s
handle-success	Checkout code	2025-08-11T07:56:13.0009209Z ##[group]Getting Git version info
handle-success	Checkout code	2025-08-11T07:56:13.0009971Z Working directory is '/actions-runner/_work/ka0s/ka0s'
handle-success	Checkout code	2025-08-11T07:56:13.0010958Z [command]/usr/bin/git version
handle-success	Checkout code	2025-08-11T07:56:13.0019312Z git version 2.43.0
handle-success	Checkout code	2025-08-11T07:56:13.0050174Z ##[endgroup]
handle-success	Checkout code	2025-08-11T07:56:13.0058970Z Copying '/home/kaos/.gitconfig' to '/actions-runner/_work/_temp/5dfe4901-076f-422d-b564-440ae8480de6/.gitconfig'
handle-success	Checkout code	2025-08-11T07:56:13.0071994Z Temporarily overriding HOME='/actions-runner/_work/_temp/5dfe4901-076f-422d-b564-440ae8480de6' before making global git config changes
handle-success	Checkout code	2025-08-11T07:56:13.0074008Z Adding repository directory to the temporary git global config as a safe directory
handle-success	Checkout code	2025-08-11T07:56:13.0076775Z [command]/usr/bin/git config --global --add safe.directory /actions-runner/_work/ka0s/ka0s
handle-success	Checkout code	2025-08-11T07:56:13.0120173Z [command]/usr/bin/git config --local --get remote.origin.url
handle-success	Checkout code	2025-08-11T07:56:13.0149756Z https://github.com/Ka0s-Klaus/ka0s
handle-success	Checkout code	2025-08-11T07:56:13.0170243Z ##[group]Removing previously created refs, to avoid conflicts
handle-success	Checkout code	2025-08-11T07:56:13.0176451Z [command]/usr/bin/git rev-parse --symbolic-full-name --verify --quiet HEAD
handle-success	Checkout code	2025-08-11T07:56:13.0198991Z refs/heads/H86-modulo-wazuh
handle-success	Checkout code	2025-08-11T07:56:13.0210268Z [command]/usr/bin/git checkout --detach
handle-success	Checkout code	2025-08-11T07:56:13.0284619Z HEAD is now at d55c2022 [Ka0S] Uploading resume execution files to the repository...
handle-success	Checkout code	2025-08-11T07:56:13.0329865Z [command]/usr/bin/git branch --delete --force H86-modulo-wazuh
handle-success	Checkout code	2025-08-11T07:56:13.0362526Z Deleted branch H86-modulo-wazuh (was d55c2022).
handle-success	Checkout code	2025-08-11T07:56:13.0446912Z ##[endgroup]
handle-success	Checkout code	2025-08-11T07:56:13.0448076Z [command]/usr/bin/git submodule status
handle-success	Checkout code	2025-08-11T07:56:13.0697786Z ##[group]Cleaning the repository
handle-success	Checkout code	2025-08-11T07:56:13.0702238Z [command]/usr/bin/git clean -ffdx
handle-success	Checkout code	2025-08-11T07:56:13.0748841Z Removing files-in-commit.txt
handle-success	Checkout code	2025-08-11T07:56:13.0759940Z [command]/usr/bin/git reset --hard HEAD
handle-success	Checkout code	2025-08-11T07:56:13.0837202Z HEAD is now at d55c2022 [Ka0S] Uploading resume execution files to the repository...
handle-success	Checkout code	2025-08-11T07:56:13.0843656Z ##[endgroup]
handle-success	Checkout code	2025-08-11T07:56:13.0845152Z ##[group]Disabling automatic garbage collection
handle-success	Checkout code	2025-08-11T07:56:13.0849962Z [command]/usr/bin/git config --local gc.auto 0
handle-success	Checkout code	2025-08-11T07:56:13.0880583Z ##[endgroup]
handle-success	Checkout code	2025-08-11T07:56:13.0881467Z ##[group]Setting up auth
handle-success	Checkout code	2025-08-11T07:56:13.0888074Z [command]/usr/bin/git config --local --name-only --get-regexp core\.sshCommand
handle-success	Checkout code	2025-08-11T07:56:13.0921796Z [command]/usr/bin/git submodule foreach --recursive sh -c "git config --local --name-only --get-regexp 'core\.sshCommand' && git config --local --unset-all 'core.sshCommand' || :"
handle-success	Checkout code	2025-08-11T07:56:13.1170466Z [command]/usr/bin/git config --local --name-only --get-regexp http\.https\:\/\/github\.com\/\.extraheader
handle-success	Checkout code	2025-08-11T07:56:13.1201883Z [command]/usr/bin/git submodule foreach --recursive sh -c "git config --local --name-only --get-regexp 'http\.https\:\/\/github\.com\/\.extraheader' && git config --local --unset-all 'http.https://github.com/.extraheader' || :"
handle-success	Checkout code	2025-08-11T07:56:13.1465218Z [command]/usr/bin/git config --local http.https://github.com/.extraheader AUTHORIZATION: basic ***
handle-success	Checkout code	2025-08-11T07:56:13.1511683Z ##[endgroup]
handle-success	Checkout code	2025-08-11T07:56:13.1512523Z ##[group]Fetching the repository
handle-success	Checkout code	2025-08-11T07:56:13.1520592Z [command]/usr/bin/git -c protocol.version=2 fetch --prune --no-recurse-submodules origin +refs/heads/*:refs/remotes/origin/* +refs/tags/*:refs/tags/*
handle-success	Checkout code	2025-08-11T07:56:13.7267879Z [command]/usr/bin/git branch --list --remote origin/H86-modulo-wazuh
handle-success	Checkout code	2025-08-11T07:56:13.7300061Z   origin/H86-modulo-wazuh
handle-success	Checkout code	2025-08-11T07:56:13.7310016Z [command]/usr/bin/git rev-parse refs/remotes/origin/H86-modulo-wazuh
handle-success	Checkout code	2025-08-11T07:56:13.7335496Z d55c202224e0b52c5936c927d4ebc2bbd33a3bd2
handle-success	Checkout code	2025-08-11T07:56:13.7348753Z [command]/usr/bin/git -c protocol.version=2 fetch --no-tags --prune --no-recurse-submodules origin +9ea55c65e88731dcb7f437b20843fcd44158b7c9:refs/remotes/origin/H86-modulo-wazuh
handle-success	Checkout code	2025-08-11T07:56:13.7513183Z From https://github.com/Ka0s-Klaus/ka0s
handle-success	Checkout code	2025-08-11T07:56:13.7516117Z  + d55c2022...9ea55c65 9ea55c65e88731dcb7f437b20843fcd44158b7c9 -> origin/H86-modulo-wazuh  (forced update)
handle-success	Checkout code	2025-08-11T07:56:13.7540069Z ##[endgroup]
handle-success	Checkout code	2025-08-11T07:56:13.7541544Z ##[group]Determining the checkout info
handle-success	Checkout code	2025-08-11T07:56:13.7543161Z ##[endgroup]
handle-success	Checkout code	2025-08-11T07:56:13.7545642Z [command]/usr/bin/git sparse-checkout disable
handle-success	Checkout code	2025-08-11T07:56:13.7599795Z [command]/usr/bin/git config --local --unset-all extensions.worktreeConfig
handle-success	Checkout code	2025-08-11T07:56:13.7630743Z ##[group]Checking out the ref
handle-success	Checkout code	2025-08-11T07:56:13.7634448Z [command]/usr/bin/git checkout --progress --force -B H86-modulo-wazuh refs/remotes/origin/H86-modulo-wazuh
handle-success	Checkout code	2025-08-11T07:56:13.7778235Z Warning: you are leaving 1 commit behind, not connected to
handle-success	Checkout code	2025-08-11T07:56:13.7779608Z any of your branches:
handle-success	Checkout code	2025-08-11T07:56:13.7780063Z 
handle-success	Checkout code	2025-08-11T07:56:13.7780710Z   d55c2022 [Ka0S] Uploading resume execution files to the repository...
handle-success	Checkout code	2025-08-11T07:56:13.7781858Z 
handle-success	Checkout code	2025-08-11T07:56:13.7782521Z If you want to keep it by creating a new branch, this may be a good time
handle-success	Checkout code	2025-08-11T07:56:13.7783698Z to do so with:
handle-success	Checkout code	2025-08-11T07:56:13.7784265Z 
handle-success	Checkout code	2025-08-11T07:56:13.7784552Z  git branch <new-branch-name> d55c2022
handle-success	Checkout code	2025-08-11T07:56:13.7785123Z 
handle-success	Checkout code	2025-08-11T07:56:13.7785395Z Switched to a new branch 'H86-modulo-wazuh'
handle-success	Checkout code	2025-08-11T07:56:13.7786680Z branch 'H86-modulo-wazuh' set up to track 'origin/H86-modulo-wazuh'.
handle-success	Checkout code	2025-08-11T07:56:13.7789769Z ##[endgroup]
handle-success	Checkout code	2025-08-11T07:56:13.7837649Z [command]/usr/bin/git log -1 --format=%H
handle-success	Checkout code	2025-08-11T07:56:13.7869039Z 9ea55c65e88731dcb7f437b20843fcd44158b7c9
handle-success	handle-success-execution	ï»¿2025-08-11T07:56:13.8120704Z ##[group]Run # Si todo ha ido correcto aÃ±adimos el contenido del fichero 
handle-success	handle-success-execution	2025-08-11T07:56:13.8122903Z [36;1m# Si todo ha ido correcto aÃ±adimos el contenido del fichero [0m
handle-success	handle-success-execution	2025-08-11T07:56:13.8124272Z [36;1mRNNUMBER=$(echo "refs/heads/H86-modulo-wazuh" | grep -o '[0-9]*')[0m
handle-success	handle-success-execution	2025-08-11T07:56:13.8126621Z [36;1mgh issue comment $RNNUMBER --body "El proceso ha finalizado correctamente 16874176763. El resultado de la ejecuciÃ³n se guardarÃ¡ en MongoDB"[0m
handle-success	handle-success-execution	2025-08-11T07:56:13.8140120Z shell: /usr/bin/bash -e {0}
handle-success	handle-success-execution	2025-08-11T07:56:13.8140804Z env:
handle-success	handle-success-execution	2025-08-11T07:56:13.8141714Z   KAOS_CODE: 16874176763
handle-success	handle-success-execution	2025-08-11T07:56:13.8142285Z   KAOS_EVENT_NAME: push
handle-success	handle-success-execution	2025-08-11T07:56:13.8142827Z   KAOS_ACTION: 
handle-success	handle-success-execution	2025-08-11T07:56:13.8143468Z   KAOS_REF: refs/heads/H86-modulo-wazuh
handle-success	handle-success-execution	2025-08-11T07:56:13.8144180Z   KAOS_MODULE: [Ka0S] kaos
handle-success	handle-success-execution	2025-08-11T07:56:13.8144764Z   KAOS_PATH_RESUME: audit/kaos/
handle-success	handle-success-execution	2025-08-11T07:56:13.8145394Z   KAOS_ACTOR: santakloud
handle-success	handle-success-execution	2025-08-11T07:56:13.8146330Z   GH_TOKEN: ***
handle-success	handle-success-execution	2025-08-11T07:56:13.8146785Z ##[endgroup]
handle-success	handle-success-execution	2025-08-11T07:56:14.8288228Z https://github.com/Ka0s-Klaus/ka0s/issues/86#issuecomment-3173645959
handle-success	Post Checkout code	ï»¿2025-08-11T07:56:14.8673240Z Post job cleanup.
handle-success	Post Checkout code	2025-08-11T07:56:14.9746018Z [command]/usr/bin/git version
handle-success	Post Checkout code	2025-08-11T07:56:14.9792322Z git version 2.43.0
handle-success	Post Checkout code	2025-08-11T07:56:14.9844010Z Copying '/home/kaos/.gitconfig' to '/actions-runner/_work/_temp/4f600e01-822b-41a8-8ca6-7c3e307a9bb4/.gitconfig'
handle-success	Post Checkout code	2025-08-11T07:56:14.9865847Z Temporarily overriding HOME='/actions-runner/_work/_temp/4f600e01-822b-41a8-8ca6-7c3e307a9bb4' before making global git config changes
handle-success	Post Checkout code	2025-08-11T07:56:14.9872187Z Adding repository directory to the temporary git global config as a safe directory
handle-success	Post Checkout code	2025-08-11T07:56:14.9875487Z [command]/usr/bin/git config --global --add safe.directory /actions-runner/_work/ka0s/ka0s
handle-success	Post Checkout code	2025-08-11T07:56:14.9906092Z [command]/usr/bin/git config --local --name-only --get-regexp core\.sshCommand
handle-success	Post Checkout code	2025-08-11T07:56:14.9955913Z [command]/usr/bin/git submodule foreach --recursive sh -c "git config --local --name-only --get-regexp 'core\.sshCommand' && git config --local --unset-all 'core.sshCommand' || :"
handle-success	Post Checkout code	2025-08-11T07:56:15.0234137Z [command]/usr/bin/git config --local --name-only --get-regexp http\.https\:\/\/github\.com\/\.extraheader
handle-success	Post Checkout code	2025-08-11T07:56:15.0279623Z http.https://github.com/.extraheader
handle-success	Post Checkout code	2025-08-11T07:56:15.0287453Z [command]/usr/bin/git config --local --unset-all http.https://github.com/.extraheader
handle-success	Post Checkout code	2025-08-11T07:56:15.0322941Z [command]/usr/bin/git submodule foreach --recursive sh -c "git config --local --name-only --get-regexp 'http\.https\:\/\/github\.com\/\.extraheader' && git config --local --unset-all 'http.https://github.com/.extraheader' || :"
handle-success	Complete job	ï»¿2025-08-11T07:56:15.0755361Z Cleaning up orphan processes
end-workflow	Set up job	ï»¿2025-08-11T07:56:20.1983431Z Current runner version: '2.327.1'
end-workflow	Set up job	2025-08-11T07:56:20.1990612Z Runner name: 'ka0s-ka0s-2'
end-workflow	Set up job	2025-08-11T07:56:20.1991650Z Runner group name: 'ka0s'
end-workflow	Set up job	2025-08-11T07:56:20.1992701Z Machine name: '194f155ad019'
end-workflow	Set up job	2025-08-11T07:56:20.1995406Z ##[group]GITHUB_TOKEN Permissions
end-workflow	Set up job	2025-08-11T07:56:20.1998028Z Contents: read
end-workflow	Set up job	2025-08-11T07:56:20.1998648Z Metadata: read
end-workflow	Set up job	2025-08-11T07:56:20.1999385Z Packages: read
end-workflow	Set up job	2025-08-11T07:56:20.1999970Z ##[endgroup]
end-workflow	Set up job	2025-08-11T07:56:20.2002538Z Secret source: Actions
end-workflow	Set up job	2025-08-11T07:56:20.2003262Z Prepare workflow directory
end-workflow	Set up job	2025-08-11T07:56:20.2646710Z Prepare all required actions
end-workflow	Set up job	2025-08-11T07:56:20.2688151Z Getting action download info
end-workflow	Set up job	2025-08-11T07:56:20.8820135Z Download action repository 'actions/checkout@v4' (SHA:11bd71901bbe5b1630ceea73d27597364c9af683)
end-workflow	Set up job	2025-08-11T07:56:21.7014531Z Complete job name: end-workflow
end-workflow	Checkout code	ï»¿2025-08-11T07:56:21.7531094Z ##[group]Run actions/checkout@v4
end-workflow	Checkout code	2025-08-11T07:56:21.7532147Z with:
end-workflow	Checkout code	2025-08-11T07:56:21.7532597Z   fetch-depth: 0
end-workflow	Checkout code	2025-08-11T07:56:21.7533291Z   token: ***
end-workflow	Checkout code	2025-08-11T07:56:21.7533787Z   repository: Ka0s-Klaus/ka0s
end-workflow	Checkout code	2025-08-11T07:56:21.7534299Z   ssh-strict: true
end-workflow	Checkout code	2025-08-11T07:56:21.7534736Z   ssh-user: git
end-workflow	Checkout code	2025-08-11T07:56:21.7535180Z   persist-credentials: true
end-workflow	Checkout code	2025-08-11T07:56:21.7535678Z   clean: true
end-workflow	Checkout code	2025-08-11T07:56:21.7536126Z   sparse-checkout-cone-mode: true
end-workflow	Checkout code	2025-08-11T07:56:21.7536672Z   fetch-tags: false
end-workflow	Checkout code	2025-08-11T07:56:21.7537117Z   show-progress: true
end-workflow	Checkout code	2025-08-11T07:56:21.7537572Z   lfs: false
end-workflow	Checkout code	2025-08-11T07:56:21.7537982Z   submodules: false
end-workflow	Checkout code	2025-08-11T07:56:21.7538452Z   set-safe-directory: true
end-workflow	Checkout code	2025-08-11T07:56:21.7539189Z env:
end-workflow	Checkout code	2025-08-11T07:56:21.7539608Z   KAOS_CODE: 16874176763
end-workflow	Checkout code	2025-08-11T07:56:21.7540093Z   KAOS_EVENT_NAME: push
end-workflow	Checkout code	2025-08-11T07:56:21.7540558Z   KAOS_ACTION: 
end-workflow	Checkout code	2025-08-11T07:56:21.7541229Z   KAOS_REF: refs/heads/H86-modulo-wazuh
end-workflow	Checkout code	2025-08-11T07:56:21.7541827Z   KAOS_MODULE: [Ka0S] kaos
end-workflow	Checkout code	2025-08-11T07:56:21.7542498Z   KAOS_PATH_RESUME: audit/kaos/
end-workflow	Checkout code	2025-08-11T07:56:21.7543018Z   KAOS_ACTOR: santakloud
end-workflow	Checkout code	2025-08-11T07:56:21.7543691Z   GH_TOKEN: ***
end-workflow	Checkout code	2025-08-11T07:56:21.7544123Z ##[endgroup]
end-workflow	Checkout code	2025-08-11T07:56:21.8710804Z Syncing repository: Ka0s-Klaus/ka0s
end-workflow	Checkout code	2025-08-11T07:56:21.8713100Z ##[group]Getting Git version info
end-workflow	Checkout code	2025-08-11T07:56:21.8713868Z Working directory is '/actions-runner/_work/ka0s/ka0s'
end-workflow	Checkout code	2025-08-11T07:56:21.8714939Z [command]/usr/bin/git version
end-workflow	Checkout code	2025-08-11T07:56:21.8715504Z git version 2.43.0
end-workflow	Checkout code	2025-08-11T07:56:21.8732416Z ##[endgroup]
end-workflow	Checkout code	2025-08-11T07:56:21.8744223Z Copying '/home/kaos/.gitconfig' to '/actions-runner/_work/_temp/591e3c9d-ec5e-48c8-a86e-c71f6fdc9422/.gitconfig'
end-workflow	Checkout code	2025-08-11T07:56:21.8755582Z Temporarily overriding HOME='/actions-runner/_work/_temp/591e3c9d-ec5e-48c8-a86e-c71f6fdc9422' before making global git config changes
end-workflow	Checkout code	2025-08-11T07:56:21.8757519Z Adding repository directory to the temporary git global config as a safe directory
end-workflow	Checkout code	2025-08-11T07:56:21.8759745Z [command]/usr/bin/git config --global --add safe.directory /actions-runner/_work/ka0s/ka0s
end-workflow	Checkout code	2025-08-11T07:56:21.8804223Z [command]/usr/bin/git config --local --get remote.origin.url
end-workflow	Checkout code	2025-08-11T07:56:21.8827524Z https://github.com/Ka0s-Klaus/ka0s
end-workflow	Checkout code	2025-08-11T07:56:21.8850176Z ##[group]Removing previously created refs, to avoid conflicts
end-workflow	Checkout code	2025-08-11T07:56:21.8855189Z [command]/usr/bin/git rev-parse --symbolic-full-name --verify --quiet HEAD
end-workflow	Checkout code	2025-08-11T07:56:21.8878937Z refs/heads/H86-modulo-wazuh
end-workflow	Checkout code	2025-08-11T07:56:21.8890185Z [command]/usr/bin/git checkout --detach
end-workflow	Checkout code	2025-08-11T07:56:21.8964247Z HEAD is now at 9ea55c65 Add all components
end-workflow	Checkout code	2025-08-11T07:56:21.9010737Z [command]/usr/bin/git branch --delete --force H86-modulo-wazuh
end-workflow	Checkout code	2025-08-11T07:56:21.9042862Z Deleted branch H86-modulo-wazuh (was 9ea55c65).
end-workflow	Checkout code	2025-08-11T07:56:21.9124867Z ##[endgroup]
end-workflow	Checkout code	2025-08-11T07:56:21.9126306Z [command]/usr/bin/git submodule status
end-workflow	Checkout code	2025-08-11T07:56:21.9376165Z ##[group]Cleaning the repository
end-workflow	Checkout code	2025-08-11T07:56:21.9380119Z [command]/usr/bin/git clean -ffdx
end-workflow	Checkout code	2025-08-11T07:56:21.9436707Z [command]/usr/bin/git reset --hard HEAD
end-workflow	Checkout code	2025-08-11T07:56:21.9516094Z HEAD is now at 9ea55c65 Add all components
end-workflow	Checkout code	2025-08-11T07:56:21.9521940Z ##[endgroup]
end-workflow	Checkout code	2025-08-11T07:56:21.9523375Z ##[group]Disabling automatic garbage collection
end-workflow	Checkout code	2025-08-11T07:56:21.9529023Z [command]/usr/bin/git config --local gc.auto 0
end-workflow	Checkout code	2025-08-11T07:56:21.9559171Z ##[endgroup]
end-workflow	Checkout code	2025-08-11T07:56:21.9560050Z ##[group]Setting up auth
end-workflow	Checkout code	2025-08-11T07:56:21.9576042Z [command]/usr/bin/git config --local --name-only --get-regexp core\.sshCommand
end-workflow	Checkout code	2025-08-11T07:56:21.9610423Z [command]/usr/bin/git submodule foreach --recursive sh -c "git config --local --name-only --get-regexp 'core\.sshCommand' && git config --local --unset-all 'core.sshCommand' || :"
end-workflow	Checkout code	2025-08-11T07:56:21.9866611Z [command]/usr/bin/git config --local --name-only --get-regexp http\.https\:\/\/github\.com\/\.extraheader
end-workflow	Checkout code	2025-08-11T07:56:21.9899462Z [command]/usr/bin/git submodule foreach --recursive sh -c "git config --local --name-only --get-regexp 'http\.https\:\/\/github\.com\/\.extraheader' && git config --local --unset-all 'http.https://github.com/.extraheader' || :"
end-workflow	Checkout code	2025-08-11T07:56:22.0179743Z [command]/usr/bin/git config --local http.https://github.com/.extraheader AUTHORIZATION: basic ***
end-workflow	Checkout code	2025-08-11T07:56:22.0230516Z ##[endgroup]
end-workflow	Checkout code	2025-08-11T07:56:22.0232435Z ##[group]Fetching the repository
end-workflow	Checkout code	2025-08-11T07:56:22.0241834Z [command]/usr/bin/git -c protocol.version=2 fetch --prune --no-recurse-submodules origin +refs/heads/*:refs/remotes/origin/* +refs/tags/*:refs/tags/*
end-workflow	Checkout code	2025-08-11T07:56:22.5835001Z From https://github.com/Ka0s-Klaus/ka0s
end-workflow	Checkout code	2025-08-11T07:56:22.5837232Z    9ea55c65..d55c2022  H86-modulo-wazuh -> origin/H86-modulo-wazuh
end-workflow	Checkout code	2025-08-11T07:56:22.6020748Z [command]/usr/bin/git branch --list --remote origin/H86-modulo-wazuh
end-workflow	Checkout code	2025-08-11T07:56:22.6055130Z   origin/H86-modulo-wazuh
end-workflow	Checkout code	2025-08-11T07:56:22.6067304Z [command]/usr/bin/git rev-parse refs/remotes/origin/H86-modulo-wazuh
end-workflow	Checkout code	2025-08-11T07:56:22.6094188Z d55c202224e0b52c5936c927d4ebc2bbd33a3bd2
end-workflow	Checkout code	2025-08-11T07:56:22.6110035Z [command]/usr/bin/git -c protocol.version=2 fetch --no-tags --prune --no-recurse-submodules origin +9ea55c65e88731dcb7f437b20843fcd44158b7c9:refs/remotes/origin/H86-modulo-wazuh
end-workflow	Checkout code	2025-08-11T07:56:22.6280718Z From https://github.com/Ka0s-Klaus/ka0s
end-workflow	Checkout code	2025-08-11T07:56:22.6282546Z  + d55c2022...9ea55c65 9ea55c65e88731dcb7f437b20843fcd44158b7c9 -> origin/H86-modulo-wazuh  (forced update)
end-workflow	Checkout code	2025-08-11T07:56:22.6308681Z ##[endgroup]
end-workflow	Checkout code	2025-08-11T07:56:22.6309654Z ##[group]Determining the checkout info
end-workflow	Checkout code	2025-08-11T07:56:22.6310498Z ##[endgroup]
end-workflow	Checkout code	2025-08-11T07:56:22.6312865Z [command]/usr/bin/git sparse-checkout disable
end-workflow	Checkout code	2025-08-11T07:56:22.6367779Z [command]/usr/bin/git config --local --unset-all extensions.worktreeConfig
end-workflow	Checkout code	2025-08-11T07:56:22.6401461Z ##[group]Checking out the ref
end-workflow	Checkout code	2025-08-11T07:56:22.6405876Z [command]/usr/bin/git checkout --progress --force -B H86-modulo-wazuh refs/remotes/origin/H86-modulo-wazuh
end-workflow	Checkout code	2025-08-11T07:56:22.6493804Z Switched to a new branch 'H86-modulo-wazuh'
end-workflow	Checkout code	2025-08-11T07:56:22.6495577Z branch 'H86-modulo-wazuh' set up to track 'origin/H86-modulo-wazuh'.
end-workflow	Checkout code	2025-08-11T07:56:22.6499114Z ##[endgroup]
end-workflow	Checkout code	2025-08-11T07:56:22.6546062Z [command]/usr/bin/git log -1 --format=%H
end-workflow	Checkout code	2025-08-11T07:56:22.6576464Z 9ea55c65e88731dcb7f437b20843fcd44158b7c9
end-workflow	Finaliza el workflow	ï»¿2025-08-11T07:56:22.6817306Z ##[group]Run echo "End process"
end-workflow	Finaliza el workflow	2025-08-11T07:56:22.6818065Z [36;1mecho "End process"[0m
end-workflow	Finaliza el workflow	2025-08-11T07:56:22.6818777Z [36;1mRNNUMBER=$(echo "refs/heads/H86-modulo-wazuh" | grep -o '[0-9]*')[0m
end-workflow	Finaliza el workflow	2025-08-11T07:56:22.6819680Z [36;1mgh issue comment $RNNUMBER --body "Se finaliza Ka0s 16874176763"[0m
end-workflow	Finaliza el workflow	2025-08-11T07:56:22.6820878Z [36;1mgh workflow run inspector.yml --ref 'main' -f kaos-issue-id=$RNNUMBER -f kaos-workflow-id="16874176763" -f kaos-user-start=""[0m
end-workflow	Finaliza el workflow	2025-08-11T07:56:22.6833291Z shell: /usr/bin/bash -e {0}
end-workflow	Finaliza el workflow	2025-08-11T07:56:22.6833848Z env:
end-workflow	Finaliza el workflow	2025-08-11T07:56:22.6834258Z   KAOS_CODE: 16874176763
end-workflow	Finaliza el workflow	2025-08-11T07:56:22.6834744Z   KAOS_EVENT_NAME: push
end-workflow	Finaliza el workflow	2025-08-11T07:56:22.6835204Z   KAOS_ACTION: 
end-workflow	Finaliza el workflow	2025-08-11T07:56:22.6835652Z   KAOS_REF: refs/heads/H86-modulo-wazuh
end-workflow	Finaliza el workflow	2025-08-11T07:56:22.6836200Z   KAOS_MODULE: [Ka0S] kaos
end-workflow	Finaliza el workflow	2025-08-11T07:56:22.6836697Z   KAOS_PATH_RESUME: audit/kaos/
end-workflow	Finaliza el workflow	2025-08-11T07:56:22.6837688Z   KAOS_ACTOR: santakloud
end-workflow	Finaliza el workflow	2025-08-11T07:56:22.6838433Z   GH_TOKEN: ***
end-workflow	Finaliza el workflow	2025-08-11T07:56:22.6838915Z ##[endgroup]
end-workflow	Finaliza el workflow	2025-08-11T07:56:22.6897605Z End process
end-workflow	Finaliza el workflow	2025-08-11T07:56:23.6367214Z https://github.com/Ka0s-Klaus/ka0s/issues/86#issuecomment-3173646329
end-workflow	Post Checkout code	ï»¿2025-08-11T07:56:24.3523255Z Post job cleanup.
end-workflow	Post Checkout code	2025-08-11T07:56:24.4540076Z [command]/usr/bin/git version
end-workflow	Post Checkout code	2025-08-11T07:56:24.4579078Z git version 2.43.0
end-workflow	Post Checkout code	2025-08-11T07:56:24.4621533Z Copying '/home/kaos/.gitconfig' to '/actions-runner/_work/_temp/67fe8709-51f7-42dd-8c9d-b016cac0b37d/.gitconfig'
end-workflow	Post Checkout code	2025-08-11T07:56:24.4637296Z Temporarily overriding HOME='/actions-runner/_work/_temp/67fe8709-51f7-42dd-8c9d-b016cac0b37d' before making global git config changes
end-workflow	Post Checkout code	2025-08-11T07:56:24.4641153Z Adding repository directory to the temporary git global config as a safe directory
end-workflow	Post Checkout code	2025-08-11T07:56:24.4643849Z [command]/usr/bin/git config --global --add safe.directory /actions-runner/_work/ka0s/ka0s
end-workflow	Post Checkout code	2025-08-11T07:56:24.4686626Z [command]/usr/bin/git config --local --name-only --get-regexp core\.sshCommand
end-workflow	Post Checkout code	2025-08-11T07:56:24.4739923Z [command]/usr/bin/git submodule foreach --recursive sh -c "git config --local --name-only --get-regexp 'core\.sshCommand' && git config --local --unset-all 'core.sshCommand' || :"
end-workflow	Post Checkout code	2025-08-11T07:56:24.5012285Z [command]/usr/bin/git config --local --name-only --get-regexp http\.https\:\/\/github\.com\/\.extraheader
end-workflow	Post Checkout code	2025-08-11T07:56:24.5036750Z http.https://github.com/.extraheader
end-workflow	Post Checkout code	2025-08-11T07:56:24.5049704Z [command]/usr/bin/git config --local --unset-all http.https://github.com/.extraheader
end-workflow	Post Checkout code	2025-08-11T07:56:24.5091227Z [command]/usr/bin/git submodule foreach --recursive sh -c "git config --local --name-only --get-regexp 'http\.https\:\/\/github\.com\/\.extraheader' && git config --local --unset-all 'http.https://github.com/.extraheader' || :"
end-workflow	Complete job	ï»¿2025-08-11T07:56:24.5527901Z Cleaning up orphan processes
