job-core	Set up job	ï»¿2025-08-13T16:14:30.3156176Z Current runner version: '2.327.1'
job-core	Set up job	2025-08-13T16:14:30.3163648Z Runner name: 'ka0s-ka0s-2'
job-core	Set up job	2025-08-13T16:14:30.3164510Z Runner group name: 'ka0s'
job-core	Set up job	2025-08-13T16:14:30.3165375Z Machine name: '194f155ad019'
job-core	Set up job	2025-08-13T16:14:30.3168184Z ##[group]GITHUB_TOKEN Permissions
job-core	Set up job	2025-08-13T16:14:30.3170435Z Actions: write
job-core	Set up job	2025-08-13T16:14:30.3171332Z Contents: write
job-core	Set up job	2025-08-13T16:14:30.3171979Z Issues: write
job-core	Set up job	2025-08-13T16:14:30.3172510Z Metadata: read
job-core	Set up job	2025-08-13T16:14:30.3173095Z ##[endgroup]
job-core	Set up job	2025-08-13T16:14:30.3175119Z Secret source: Actions
job-core	Set up job	2025-08-13T16:14:30.3175917Z Prepare workflow directory
job-core	Set up job	2025-08-13T16:14:30.3806708Z Prepare all required actions
job-core	Set up job	2025-08-13T16:14:30.3853345Z Getting action download info
job-core	Set up job	2025-08-13T16:14:30.9351808Z Download action repository 'actions/checkout@v4' (SHA:08eba0b27e820071cde6df949e0beb9ba4906955)
job-core	Set up job	2025-08-13T16:14:31.8529968Z Complete job name: job-core
job-core	Checkout repository	ï»¿2025-08-13T16:14:31.9030825Z ##[group]Run actions/checkout@v4
job-core	Checkout repository	2025-08-13T16:14:31.9032206Z with:
job-core	Checkout repository	2025-08-13T16:14:31.9032589Z   fetch-depth: 0
job-core	Checkout repository	2025-08-13T16:14:31.9033241Z   token: ***
job-core	Checkout repository	2025-08-13T16:14:31.9033626Z   repository: Ka0s-Klaus/ka0s
job-core	Checkout repository	2025-08-13T16:14:31.9034211Z   ssh-strict: true
job-core	Checkout repository	2025-08-13T16:14:31.9034609Z   ssh-user: git
job-core	Checkout repository	2025-08-13T16:14:31.9035126Z   persist-credentials: true
job-core	Checkout repository	2025-08-13T16:14:31.9035551Z   clean: true
job-core	Checkout repository	2025-08-13T16:14:31.9035940Z   sparse-checkout-cone-mode: true
job-core	Checkout repository	2025-08-13T16:14:31.9036408Z   fetch-tags: false
job-core	Checkout repository	2025-08-13T16:14:31.9036794Z   show-progress: true
job-core	Checkout repository	2025-08-13T16:14:31.9037180Z   lfs: false
job-core	Checkout repository	2025-08-13T16:14:31.9037537Z   submodules: false
job-core	Checkout repository	2025-08-13T16:14:31.9037931Z   set-safe-directory: true
job-core	Checkout repository	2025-08-13T16:14:31.9038571Z env:
job-core	Checkout repository	2025-08-13T16:14:31.9038926Z   KAOS_CODE: 16943008628
job-core	Checkout repository	2025-08-13T16:14:31.9039344Z   KAOS_EVENT_NAME: schedule
job-core	Checkout repository	2025-08-13T16:14:31.9039769Z   KAOS_ACTION: 
job-core	Checkout repository	2025-08-13T16:14:31.9040149Z   KAOS_REF: refs/heads/main
job-core	Checkout repository	2025-08-13T16:14:31.9040630Z   KAOS_MODULE: [Ka0S] Workflow Statistics Summary
job-core	Checkout repository	2025-08-13T16:14:31.9041708Z   KAOS_PATH_RESUME: audit/workflows/
job-core	Checkout repository	2025-08-13T16:14:31.9042463Z   KAOS_ACTOR: santakloud
job-core	Checkout repository	2025-08-13T16:14:31.9042912Z   GH_REPO: github.com/Ka0s-Klaus/ka0s
job-core	Checkout repository	2025-08-13T16:14:31.9043396Z ##[endgroup]
job-core	Checkout repository	2025-08-13T16:14:32.0195678Z Syncing repository: Ka0s-Klaus/ka0s
job-core	Checkout repository	2025-08-13T16:14:32.0197732Z ##[group]Getting Git version info
job-core	Checkout repository	2025-08-13T16:14:32.0198409Z Working directory is '/actions-runner/_work/ka0s/ka0s'
job-core	Checkout repository	2025-08-13T16:14:32.0199319Z [command]/usr/bin/git version
job-core	Checkout repository	2025-08-13T16:14:32.0199946Z git version 2.43.0
job-core	Checkout repository	2025-08-13T16:14:32.0223752Z ##[endgroup]
job-core	Checkout repository	2025-08-13T16:14:32.0236559Z Copying '/home/kaos/.gitconfig' to '/actions-runner/_work/_temp/67ac4ae6-d7ef-4d0f-8184-d69ccbad6297/.gitconfig'
job-core	Checkout repository	2025-08-13T16:14:32.0248422Z Temporarily overriding HOME='/actions-runner/_work/_temp/67ac4ae6-d7ef-4d0f-8184-d69ccbad6297' before making global git config changes
job-core	Checkout repository	2025-08-13T16:14:32.0255250Z Adding repository directory to the temporary git global config as a safe directory
job-core	Checkout repository	2025-08-13T16:14:32.0256413Z [command]/usr/bin/git config --global --add safe.directory /actions-runner/_work/ka0s/ka0s
job-core	Checkout repository	2025-08-13T16:14:32.0297974Z [command]/usr/bin/git config --local --get remote.origin.url
job-core	Checkout repository	2025-08-13T16:14:32.0320211Z https://github.com/Ka0s-Klaus/ka0s
job-core	Checkout repository	2025-08-13T16:14:32.0340166Z ##[group]Removing previously created refs, to avoid conflicts
job-core	Checkout repository	2025-08-13T16:14:32.0344420Z [command]/usr/bin/git rev-parse --symbolic-full-name --verify --quiet HEAD
job-core	Checkout repository	2025-08-13T16:14:32.0368307Z refs/heads/main
job-core	Checkout repository	2025-08-13T16:14:32.0378189Z [command]/usr/bin/git checkout --detach
job-core	Checkout repository	2025-08-13T16:14:32.0473774Z HEAD is now at 21636ddf [Ka0S] Inspector uploading resume execution files to the repository...
job-core	Checkout repository	2025-08-13T16:14:32.0519722Z [command]/usr/bin/git branch --delete --force main
job-core	Checkout repository	2025-08-13T16:14:32.0556107Z Deleted branch main (was 21636ddf).
job-core	Checkout repository	2025-08-13T16:14:32.0641732Z ##[endgroup]
job-core	Checkout repository	2025-08-13T16:14:32.0642594Z [command]/usr/bin/git submodule status
job-core	Checkout repository	2025-08-13T16:14:32.0897005Z ##[group]Cleaning the repository
job-core	Checkout repository	2025-08-13T16:14:32.0902025Z [command]/usr/bin/git clean -ffdx
job-core	Checkout repository	2025-08-13T16:14:32.0959424Z [command]/usr/bin/git reset --hard HEAD
job-core	Checkout repository	2025-08-13T16:14:32.1039605Z HEAD is now at 21636ddf [Ka0S] Inspector uploading resume execution files to the repository...
job-core	Checkout repository	2025-08-13T16:14:32.1047077Z ##[endgroup]
job-core	Checkout repository	2025-08-13T16:14:32.1047858Z ##[group]Disabling automatic garbage collection
job-core	Checkout repository	2025-08-13T16:14:32.1051173Z [command]/usr/bin/git config --local gc.auto 0
job-core	Checkout repository	2025-08-13T16:14:32.1082994Z ##[endgroup]
job-core	Checkout repository	2025-08-13T16:14:32.1083769Z ##[group]Setting up auth
job-core	Checkout repository	2025-08-13T16:14:32.1089496Z [command]/usr/bin/git config --local --name-only --get-regexp core\.sshCommand
job-core	Checkout repository	2025-08-13T16:14:32.1132937Z [command]/usr/bin/git submodule foreach --recursive sh -c "git config --local --name-only --get-regexp 'core\.sshCommand' && git config --local --unset-all 'core.sshCommand' || :"
job-core	Checkout repository	2025-08-13T16:14:32.1387691Z [command]/usr/bin/git config --local --name-only --get-regexp http\.https\:\/\/github\.com\/\.extraheader
job-core	Checkout repository	2025-08-13T16:14:32.1420722Z [command]/usr/bin/git submodule foreach --recursive sh -c "git config --local --name-only --get-regexp 'http\.https\:\/\/github\.com\/\.extraheader' && git config --local --unset-all 'http.https://github.com/.extraheader' || :"
job-core	Checkout repository	2025-08-13T16:14:32.1672322Z [command]/usr/bin/git config --local http.https://github.com/.extraheader AUTHORIZATION: basic ***
job-core	Checkout repository	2025-08-13T16:14:32.1717508Z ##[endgroup]
job-core	Checkout repository	2025-08-13T16:14:32.1718595Z ##[group]Fetching the repository
job-core	Checkout repository	2025-08-13T16:14:32.1726344Z [command]/usr/bin/git -c protocol.version=2 fetch --prune --no-recurse-submodules origin +refs/heads/*:refs/remotes/origin/* +refs/tags/*:refs/tags/*
job-core	Checkout repository	2025-08-13T16:14:33.0185609Z From https://github.com/Ka0s-Klaus/ka0s
job-core	Checkout repository	2025-08-13T16:14:33.0187593Z    21636ddf..0efbc925  main       -> origin/main
job-core	Checkout repository	2025-08-13T16:14:33.0279816Z [command]/usr/bin/git branch --list --remote origin/main
job-core	Checkout repository	2025-08-13T16:14:33.0322143Z   origin/main
job-core	Checkout repository	2025-08-13T16:14:33.0332091Z [command]/usr/bin/git rev-parse refs/remotes/origin/main
job-core	Checkout repository	2025-08-13T16:14:33.0364768Z 0efbc9251fe8e9b9e57b371f8e862352e579e385
job-core	Checkout repository	2025-08-13T16:14:33.0371560Z ##[endgroup]
job-core	Checkout repository	2025-08-13T16:14:33.0373878Z ##[group]Determining the checkout info
job-core	Checkout repository	2025-08-13T16:14:33.0376419Z ##[endgroup]
job-core	Checkout repository	2025-08-13T16:14:33.0378902Z [command]/usr/bin/git sparse-checkout disable
job-core	Checkout repository	2025-08-13T16:14:33.0444939Z [command]/usr/bin/git config --local --unset-all extensions.worktreeConfig
job-core	Checkout repository	2025-08-13T16:14:33.0487712Z ##[group]Checking out the ref
job-core	Checkout repository	2025-08-13T16:14:33.0491090Z [command]/usr/bin/git checkout --progress --force -B main refs/remotes/origin/main
job-core	Checkout repository	2025-08-13T16:14:33.0706970Z Previous HEAD position was 21636ddf [Ka0S] Inspector uploading resume execution files to the repository...
job-core	Checkout repository	2025-08-13T16:14:33.0715566Z Switched to a new branch 'main'
job-core	Checkout repository	2025-08-13T16:14:33.0717119Z branch 'main' set up to track 'origin/main'.
job-core	Checkout repository	2025-08-13T16:14:33.0724767Z ##[endgroup]
job-core	Checkout repository	2025-08-13T16:14:33.0763648Z [command]/usr/bin/git log -1 --format=%H
job-core	Checkout repository	2025-08-13T16:14:33.0791706Z 0efbc9251fe8e9b9e57b371f8e862352e579e385
job-core	Commit and push changes	ï»¿2025-08-13T16:14:33.1023603Z ##[group]Run git config --global user.name "***"
job-core	Commit and push changes	2025-08-13T16:14:33.1025323Z [36;1mgit config --global user.name "***"[0m
job-core	Commit and push changes	2025-08-13T16:14:33.1026861Z [36;1mgit config --global user.email "***"[0m
job-core	Commit and push changes	2025-08-13T16:14:33.1028157Z [36;1mgit pull[0m
job-core	Commit and push changes	2025-08-13T16:14:33.1038842Z shell: /usr/bin/bash -e {0}
job-core	Commit and push changes	2025-08-13T16:14:33.1039963Z env:
job-core	Commit and push changes	2025-08-13T16:14:33.1041030Z   KAOS_CODE: 16943008628
job-core	Commit and push changes	2025-08-13T16:14:33.1042478Z   KAOS_EVENT_NAME: schedule
job-core	Commit and push changes	2025-08-13T16:14:33.1043523Z   KAOS_ACTION: 
job-core	Commit and push changes	2025-08-13T16:14:33.1044449Z   KAOS_REF: refs/heads/main
job-core	Commit and push changes	2025-08-13T16:14:33.1045643Z   KAOS_MODULE: [Ka0S] Workflow Statistics Summary
job-core	Commit and push changes	2025-08-13T16:14:33.1047036Z   KAOS_PATH_RESUME: audit/workflows/
job-core	Commit and push changes	2025-08-13T16:14:33.1048229Z   KAOS_ACTOR: santakloud
job-core	Commit and push changes	2025-08-13T16:14:33.1049301Z   GH_REPO: github.com/Ka0s-Klaus/ka0s
job-core	Commit and push changes	2025-08-13T16:14:33.1050473Z ##[endgroup]
job-core	Commit and push changes	2025-08-13T16:14:33.7049444Z Already up to date.
job-core	Post Checkout repository	ï»¿2025-08-13T16:14:33.7219778Z Post job cleanup.
job-core	Post Checkout repository	2025-08-13T16:14:33.8309269Z [command]/usr/bin/git version
job-core	Post Checkout repository	2025-08-13T16:14:33.8348814Z git version 2.43.0
job-core	Post Checkout repository	2025-08-13T16:14:33.8389965Z Copying '/home/kaos/.gitconfig' to '/actions-runner/_work/_temp/9966c9ab-a08b-4adb-9552-7f5940898a87/.gitconfig'
job-core	Post Checkout repository	2025-08-13T16:14:33.8402492Z Temporarily overriding HOME='/actions-runner/_work/_temp/9966c9ab-a08b-4adb-9552-7f5940898a87' before making global git config changes
job-core	Post Checkout repository	2025-08-13T16:14:33.8403961Z Adding repository directory to the temporary git global config as a safe directory
job-core	Post Checkout repository	2025-08-13T16:14:33.8408761Z [command]/usr/bin/git config --global --add safe.directory /actions-runner/_work/ka0s/ka0s
job-core	Post Checkout repository	2025-08-13T16:14:33.8465828Z [command]/usr/bin/git config --local --name-only --get-regexp core\.sshCommand
job-core	Post Checkout repository	2025-08-13T16:14:33.8506545Z [command]/usr/bin/git submodule foreach --recursive sh -c "git config --local --name-only --get-regexp 'core\.sshCommand' && git config --local --unset-all 'core.sshCommand' || :"
job-core	Post Checkout repository	2025-08-13T16:14:33.8795838Z [command]/usr/bin/git config --local --name-only --get-regexp http\.https\:\/\/github\.com\/\.extraheader
job-core	Post Checkout repository	2025-08-13T16:14:33.8827239Z http.https://github.com/.extraheader
job-core	Post Checkout repository	2025-08-13T16:14:33.8845660Z [command]/usr/bin/git config --local --unset-all http.https://github.com/.extraheader
job-core	Post Checkout repository	2025-08-13T16:14:33.8887695Z [command]/usr/bin/git submodule foreach --recursive sh -c "git config --local --name-only --get-regexp 'http\.https\:\/\/github\.com\/\.extraheader' && git config --local --unset-all 'http.https://github.com/.extraheader' || :"
job-core	Complete job	ï»¿2025-08-13T16:14:33.9282263Z Cleaning up orphan processes
job-stats	Set up job	ï»¿2025-08-13T16:14:39.6957053Z Current runner version: '2.327.1'
job-stats	Set up job	2025-08-13T16:14:39.6964604Z Runner name: 'ka0s-ka0s-3'
job-stats	Set up job	2025-08-13T16:14:39.6965405Z Runner group name: 'ka0s'
job-stats	Set up job	2025-08-13T16:14:39.6966318Z Machine name: '3951c78e42d6'
job-stats	Set up job	2025-08-13T16:14:39.6969089Z ##[group]GITHUB_TOKEN Permissions
job-stats	Set up job	2025-08-13T16:14:39.6971374Z Actions: write
job-stats	Set up job	2025-08-13T16:14:39.6972028Z Contents: write
job-stats	Set up job	2025-08-13T16:14:39.6972585Z Issues: write
job-stats	Set up job	2025-08-13T16:14:39.6973094Z Metadata: read
job-stats	Set up job	2025-08-13T16:14:39.6973652Z ##[endgroup]
job-stats	Set up job	2025-08-13T16:14:39.6975819Z Secret source: Actions
job-stats	Set up job	2025-08-13T16:14:39.6976529Z Prepare workflow directory
job-stats	Set up job	2025-08-13T16:14:39.7613954Z Prepare all required actions
job-stats	Set up job	2025-08-13T16:14:39.7654067Z Getting action download info
job-stats	Set up job	2025-08-13T16:14:40.4306724Z Download action repository 'actions/checkout@v4' (SHA:08eba0b27e820071cde6df949e0beb9ba4906955)
job-stats	Set up job	2025-08-13T16:14:41.3022053Z Complete job name: job-stats
job-stats	Checkout	ï»¿2025-08-13T16:14:41.3582879Z ##[group]Run actions/checkout@v4
job-stats	Checkout	2025-08-13T16:14:41.3583888Z with:
job-stats	Checkout	2025-08-13T16:14:41.3584377Z   fetch-depth: 0
job-stats	Checkout	2025-08-13T16:14:41.3585188Z   token: ***
job-stats	Checkout	2025-08-13T16:14:41.3585670Z   repository: Ka0s-Klaus/ka0s
job-stats	Checkout	2025-08-13T16:14:41.3586223Z   ssh-strict: true
job-stats	Checkout	2025-08-13T16:14:41.3586696Z   ssh-user: git
job-stats	Checkout	2025-08-13T16:14:41.3587172Z   persist-credentials: true
job-stats	Checkout	2025-08-13T16:14:41.3587705Z   clean: true
job-stats	Checkout	2025-08-13T16:14:41.3588193Z   sparse-checkout-cone-mode: true
job-stats	Checkout	2025-08-13T16:14:41.3588777Z   fetch-tags: false
job-stats	Checkout	2025-08-13T16:14:41.3589257Z   show-progress: true
job-stats	Checkout	2025-08-13T16:14:41.3589743Z   lfs: false
job-stats	Checkout	2025-08-13T16:14:41.3590188Z   submodules: false
job-stats	Checkout	2025-08-13T16:14:41.3590701Z   set-safe-directory: true
job-stats	Checkout	2025-08-13T16:14:41.3591807Z env:
job-stats	Checkout	2025-08-13T16:14:41.3592266Z   KAOS_CODE: 16943008628
job-stats	Checkout	2025-08-13T16:14:41.3592789Z   KAOS_EVENT_NAME: schedule
job-stats	Checkout	2025-08-13T16:14:41.3593312Z   KAOS_ACTION: 
job-stats	Checkout	2025-08-13T16:14:41.3593783Z   KAOS_REF: refs/heads/main
job-stats	Checkout	2025-08-13T16:14:41.3594384Z   KAOS_MODULE: [Ka0S] Workflow Statistics Summary
job-stats	Checkout	2025-08-13T16:14:41.3595107Z   KAOS_PATH_RESUME: audit/workflows/
job-stats	Checkout	2025-08-13T16:14:41.3595988Z   KAOS_ACTOR: santakloud
job-stats	Checkout	2025-08-13T16:14:41.3596528Z   GH_REPO: github.com/Ka0s-Klaus/ka0s
job-stats	Checkout	2025-08-13T16:14:41.3597351Z   GH_TOKEN: ***
job-stats	Checkout	2025-08-13T16:14:41.3597818Z ##[endgroup]
job-stats	Checkout	2025-08-13T16:14:41.4818624Z Syncing repository: Ka0s-Klaus/ka0s
job-stats	Checkout	2025-08-13T16:14:41.4820802Z ##[group]Getting Git version info
job-stats	Checkout	2025-08-13T16:14:41.4821780Z Working directory is '/actions-runner/_work/ka0s/ka0s'
job-stats	Checkout	2025-08-13T16:14:41.4822933Z [command]/usr/bin/git version
job-stats	Checkout	2025-08-13T16:14:41.4831815Z git version 2.43.0
job-stats	Checkout	2025-08-13T16:14:41.4866597Z ##[endgroup]
job-stats	Checkout	2025-08-13T16:14:41.4877576Z Copying '/home/kaos/.gitconfig' to '/actions-runner/_work/_temp/7fa74d22-d35d-44c1-8d79-22ac00e1e8b6/.gitconfig'
job-stats	Checkout	2025-08-13T16:14:41.4885571Z Temporarily overriding HOME='/actions-runner/_work/_temp/7fa74d22-d35d-44c1-8d79-22ac00e1e8b6' before making global git config changes
job-stats	Checkout	2025-08-13T16:14:41.4888541Z Adding repository directory to the temporary git global config as a safe directory
job-stats	Checkout	2025-08-13T16:14:41.4891740Z [command]/usr/bin/git config --global --add safe.directory /actions-runner/_work/ka0s/ka0s
job-stats	Checkout	2025-08-13T16:14:41.4949834Z [command]/usr/bin/git config --local --get remote.origin.url
job-stats	Checkout	2025-08-13T16:14:41.4975231Z https://github.com/Ka0s-Klaus/ka0s
job-stats	Checkout	2025-08-13T16:14:41.4992469Z ##[group]Removing previously created refs, to avoid conflicts
job-stats	Checkout	2025-08-13T16:14:41.4996729Z [command]/usr/bin/git rev-parse --symbolic-full-name --verify --quiet HEAD
job-stats	Checkout	2025-08-13T16:14:41.5023217Z refs/heads/main
job-stats	Checkout	2025-08-13T16:14:41.5031764Z [command]/usr/bin/git checkout --detach
job-stats	Checkout	2025-08-13T16:14:41.5112845Z HEAD is now at 21636ddf [Ka0S] Inspector uploading resume execution files to the repository...
job-stats	Checkout	2025-08-13T16:14:41.5162366Z [command]/usr/bin/git branch --delete --force main
job-stats	Checkout	2025-08-13T16:14:41.5199480Z Deleted branch main (was 21636ddf).
job-stats	Checkout	2025-08-13T16:14:41.5287221Z ##[endgroup]
job-stats	Checkout	2025-08-13T16:14:41.5288881Z [command]/usr/bin/git submodule status
job-stats	Checkout	2025-08-13T16:14:41.5551071Z ##[group]Cleaning the repository
job-stats	Checkout	2025-08-13T16:14:41.5561149Z [command]/usr/bin/git clean -ffdx
job-stats	Checkout	2025-08-13T16:14:41.5621455Z [command]/usr/bin/git reset --hard HEAD
job-stats	Checkout	2025-08-13T16:14:41.5701486Z HEAD is now at 21636ddf [Ka0S] Inspector uploading resume execution files to the repository...
job-stats	Checkout	2025-08-13T16:14:41.5707055Z ##[endgroup]
job-stats	Checkout	2025-08-13T16:14:41.5708085Z ##[group]Disabling automatic garbage collection
job-stats	Checkout	2025-08-13T16:14:41.5713421Z [command]/usr/bin/git config --local gc.auto 0
job-stats	Checkout	2025-08-13T16:14:41.5745895Z ##[endgroup]
job-stats	Checkout	2025-08-13T16:14:41.5746784Z ##[group]Setting up auth
job-stats	Checkout	2025-08-13T16:14:41.5751908Z [command]/usr/bin/git config --local --name-only --get-regexp core\.sshCommand
job-stats	Checkout	2025-08-13T16:14:41.5787972Z [command]/usr/bin/git submodule foreach --recursive sh -c "git config --local --name-only --get-regexp 'core\.sshCommand' && git config --local --unset-all 'core.sshCommand' || :"
job-stats	Checkout	2025-08-13T16:14:41.6039632Z [command]/usr/bin/git config --local --name-only --get-regexp http\.https\:\/\/github\.com\/\.extraheader
job-stats	Checkout	2025-08-13T16:14:41.6071729Z [command]/usr/bin/git submodule foreach --recursive sh -c "git config --local --name-only --get-regexp 'http\.https\:\/\/github\.com\/\.extraheader' && git config --local --unset-all 'http.https://github.com/.extraheader' || :"
job-stats	Checkout	2025-08-13T16:14:41.6328138Z [command]/usr/bin/git config --local http.https://github.com/.extraheader AUTHORIZATION: basic ***
job-stats	Checkout	2025-08-13T16:14:41.6371200Z ##[endgroup]
job-stats	Checkout	2025-08-13T16:14:41.6394768Z ##[group]Fetching the repository
job-stats	Checkout	2025-08-13T16:14:41.6397957Z [command]/usr/bin/git -c protocol.version=2 fetch --prune --no-recurse-submodules origin +refs/heads/*:refs/remotes/origin/* +refs/tags/*:refs/tags/*
job-stats	Checkout	2025-08-13T16:14:42.4554913Z From https://github.com/Ka0s-Klaus/ka0s
job-stats	Checkout	2025-08-13T16:14:42.4558311Z    21636ddf..0efbc925  main       -> origin/main
job-stats	Checkout	2025-08-13T16:14:42.4650063Z [command]/usr/bin/git branch --list --remote origin/main
job-stats	Checkout	2025-08-13T16:14:42.4692423Z   origin/main
job-stats	Checkout	2025-08-13T16:14:42.4703791Z [command]/usr/bin/git rev-parse refs/remotes/origin/main
job-stats	Checkout	2025-08-13T16:14:42.4736779Z 0efbc9251fe8e9b9e57b371f8e862352e579e385
job-stats	Checkout	2025-08-13T16:14:42.4744120Z ##[endgroup]
job-stats	Checkout	2025-08-13T16:14:42.4746381Z ##[group]Determining the checkout info
job-stats	Checkout	2025-08-13T16:14:42.4748929Z ##[endgroup]
job-stats	Checkout	2025-08-13T16:14:42.4751979Z [command]/usr/bin/git sparse-checkout disable
job-stats	Checkout	2025-08-13T16:14:42.4812831Z [command]/usr/bin/git config --local --unset-all extensions.worktreeConfig
job-stats	Checkout	2025-08-13T16:14:42.4849861Z ##[group]Checking out the ref
job-stats	Checkout	2025-08-13T16:14:42.4852036Z [command]/usr/bin/git checkout --progress --force -B main refs/remotes/origin/main
job-stats	Checkout	2025-08-13T16:14:42.5016788Z Previous HEAD position was 21636ddf [Ka0S] Inspector uploading resume execution files to the repository...
job-stats	Checkout	2025-08-13T16:14:42.5026037Z Switched to a new branch 'main'
job-stats	Checkout	2025-08-13T16:14:42.5027452Z branch 'main' set up to track 'origin/main'.
job-stats	Checkout	2025-08-13T16:14:42.5036580Z ##[endgroup]
job-stats	Checkout	2025-08-13T16:14:42.5075414Z [command]/usr/bin/git log -1 --format=%H
job-stats	Checkout	2025-08-13T16:14:42.5104480Z 0efbc9251fe8e9b9e57b371f8e862352e579e385
job-stats	Generate actually workflows	ï»¿2025-08-13T16:14:42.5338069Z ##[group]Run # Pull the latest changes
job-stats	Generate actually workflows	2025-08-13T16:14:42.5339682Z [36;1m# Pull the latest changes[0m
job-stats	Generate actually workflows	2025-08-13T16:14:42.5341455Z [36;1mgit config --global user.name "***"[0m
job-stats	Generate actually workflows	2025-08-13T16:14:42.5343069Z [36;1mgit config --global user.email "***"[0m
job-stats	Generate actually workflows	2025-08-13T16:14:42.5344427Z [36;1mgit pull[0m
job-stats	Generate actually workflows	2025-08-13T16:14:42.5345379Z [36;1m[0m
job-stats	Generate actually workflows	2025-08-13T16:14:42.5346384Z [36;1m# Created files of actually workflows[0m
job-stats	Generate actually workflows	2025-08-13T16:14:42.5348716Z [36;1mgh workflow list -a --json id,name,path,state | tee > audit/workflows/actually-workflows.json | jq -r '[0m
job-stats	Generate actually workflows	2025-08-13T16:14:42.5351127Z [36;1m    ["id", "name", "path", "state"],[0m
job-stats	Generate actually workflows	2025-08-13T16:14:42.5352465Z [36;1m    (.[]? // [] | [[0m
job-stats	Generate actually workflows	2025-08-13T16:14:42.5353579Z [36;1m      .id,[0m
job-stats	Generate actually workflows	2025-08-13T16:14:42.5354572Z [36;1m      .name,[0m
job-stats	Generate actually workflows	2025-08-13T16:14:42.5355584Z [36;1m      .path,[0m
job-stats	Generate actually workflows	2025-08-13T16:14:42.5356594Z [36;1m      .state[0m
job-stats	Generate actually workflows	2025-08-13T16:14:42.5357613Z [36;1m    ]) | @csv[0m
job-stats	Generate actually workflows	2025-08-13T16:14:42.5358825Z [36;1m  ' > audit/workflows/actually-workflows.csv[0m
job-stats	Generate actually workflows	2025-08-13T16:14:42.5360492Z [36;1m[0m
job-stats	Generate actually workflows	2025-08-13T16:14:42.5361980Z [36;1m# Created files of workflows executed up to the current extraction date[0m
job-stats	Generate actually workflows	2025-08-13T16:14:42.5363954Z [36;1m# Create a temporary file for workflow runs[0m
job-stats	Generate actually workflows	2025-08-13T16:14:42.5365673Z [36;1m  touch audit/workflows/workflows-runs-16943008628.json[0m
job-stats	Generate actually workflows	2025-08-13T16:14:42.5367213Z [36;1m  [0m
job-stats	Generate actually workflows	2025-08-13T16:14:42.5368263Z [36;1m# Get workflows and process their runs[0m
job-stats	Generate actually workflows	2025-08-13T16:14:42.5370074Z [36;1mworkflows=$(jq -r '.[].id' audit/workflows/actually-workflows.json)[0m
job-stats	Generate actually workflows	2025-08-13T16:14:42.5371802Z [36;1m[0m
job-stats	Generate actually workflows	2025-08-13T16:14:42.5387295Z [36;1m# Initialize an empty array in the temporary file[0m
job-stats	Generate actually workflows	2025-08-13T16:14:42.5389096Z [36;1m# echo '[]' > audit/workflows/workflows-runs-16943008628.json[0m
job-stats	Generate actually workflows	2025-08-13T16:14:42.5390614Z [36;1m[0m
job-stats	Generate actually workflows	2025-08-13T16:14:42.5392271Z [36;1m# Iterate over each workflow and get runs with proper formatting[0m
job-stats	Generate actually workflows	2025-08-13T16:14:42.5394007Z [36;1mfor workflow_id in $workflows; do[0m
job-stats	Generate actually workflows	2025-08-13T16:14:42.5395960Z [36;1m  gh api repos/:owner/:repo/actions/workflows/$workflow_id/runs --paginate | \[0m
job-stats	Generate actually workflows	2025-08-13T16:14:42.5398097Z [36;1m    jq '.workflow_runs[] | select(.id != null)' | \[0m
job-stats	Generate actually workflows	2025-08-13T16:14:42.5399433Z [36;1m    jq -s '[ .[] | {[0m
job-stats	Generate actually workflows	2025-08-13T16:14:42.5400450Z [36;1m      id,[0m
job-stats	Generate actually workflows	2025-08-13T16:14:42.5401929Z [36;1m      name,[0m
job-stats	Generate actually workflows	2025-08-13T16:14:42.5402857Z [36;1m      head_branch,[0m
job-stats	Generate actually workflows	2025-08-13T16:14:42.5403860Z [36;1m      head_sha,[0m
job-stats	Generate actually workflows	2025-08-13T16:14:42.5404828Z [36;1m      run_number,[0m
job-stats	Generate actually workflows	2025-08-13T16:14:42.5405786Z [36;1m      event,[0m
job-stats	Generate actually workflows	2025-08-13T16:14:42.5406669Z [36;1m      status,[0m
job-stats	Generate actually workflows	2025-08-13T16:14:42.5407595Z [36;1m      conclusion,[0m
job-stats	Generate actually workflows	2025-08-13T16:14:42.5408576Z [36;1m      workflow_id,[0m
job-stats	Generate actually workflows	2025-08-13T16:14:42.5409545Z [36;1m      url,[0m
job-stats	Generate actually workflows	2025-08-13T16:14:42.5410430Z [36;1m      created_at,[0m
job-stats	Generate actually workflows	2025-08-13T16:14:42.5411592Z [36;1m      updated_at,[0m
job-stats	Generate actually workflows	2025-08-13T16:14:42.5412717Z [36;1m      run_started_at[0m
job-stats	Generate actually workflows	2025-08-13T16:14:42.5414184Z [36;1m    }]' >> audit/workflows/workflows-runs-temp-16943008628.json[0m
job-stats	Generate actually workflows	2025-08-13T16:14:42.5415952Z [36;1m  [0m
job-stats	Generate actually workflows	2025-08-13T16:14:42.5416953Z [36;1m  # Merge the temporary results into the main file[0m
job-stats	Generate actually workflows	2025-08-13T16:14:42.5418250Z [36;1m  jq -s 'add' \[0m
job-stats	Generate actually workflows	2025-08-13T16:14:42.5419447Z [36;1m    audit/workflows/workflows-runs-16943008628.json \[0m
job-stats	Generate actually workflows	2025-08-13T16:14:42.5421546Z [36;1m    audit/workflows/workflows-runs-temp-16943008628.json > \[0m
job-stats	Generate actually workflows	2025-08-13T16:14:42.5423463Z [36;1m    audit/workflows/workflows-runs-merged-16943008628.json[0m
job-stats	Generate actually workflows	2025-08-13T16:14:42.5424886Z [36;1m  [0m
job-stats	Generate actually workflows	2025-08-13T16:14:42.5426228Z [36;1m  mv audit/workflows/workflows-runs-merged-16943008628.json \[0m
job-stats	Generate actually workflows	2025-08-13T16:14:42.5428095Z [36;1m     audit/workflows/workflows-runs-16943008628.json[0m
job-stats	Generate actually workflows	2025-08-13T16:14:42.5430053Z [36;1m  rm -f audit/workflows/workflows-runs-temp-16943008628.json[0m
job-stats	Generate actually workflows	2025-08-13T16:14:42.5431952Z [36;1mdone[0m
job-stats	Generate actually workflows	2025-08-13T16:14:42.5432735Z [36;1m  [0m
job-stats	Generate actually workflows	2025-08-13T16:14:42.5434196Z [36;1m# Format the final runs file as a proper JSON array[0m
job-stats	Generate actually workflows	2025-08-13T16:14:42.5435635Z [36;1mjq 'sort_by(.created_at) | reverse' \[0m
job-stats	Generate actually workflows	2025-08-13T16:14:42.5437098Z [36;1m  audit/workflows/workflows-runs-16943008628.json > \[0m
job-stats	Generate actually workflows	2025-08-13T16:14:42.5438697Z [36;1m  audit/workflows/actually-workflows-runs.json[0m
job-stats	Generate actually workflows	2025-08-13T16:14:42.5440143Z [36;1m  echo "Mostramos el contenido del fichero"[0m
job-stats	Generate actually workflows	2025-08-13T16:14:42.5442100Z [36;1m  #cat audit/workflows/actually-workflows-runs.json[0m
job-stats	Generate actually workflows	2025-08-13T16:14:42.5443419Z [36;1m[0m
job-stats	Generate actually workflows	2025-08-13T16:14:42.5444619Z [36;1m# Extraemos toda la informaciÃ³n de las issues hasta el momento[0m
job-stats	Generate actually workflows	2025-08-13T16:14:42.5446483Z [36;1m    touch audit/workflows/issue-log-16943008628.json[0m
job-stats	Generate actually workflows	2025-08-13T16:14:42.5451733Z [36;1m    gh issue list --repo github.com/Ka0s-Klaus/ka0s --state all --limit 999 --json assignees,author,body,closed,closedAt,comments,createdAt,id,labels,milestone,number,projectCards,projectItems,reactionGroups,state,title,updatedAt,url \[0m
job-stats	Generate actually workflows	2025-08-13T16:14:42.5456437Z [36;1m      | tee audit/workflows/issue-log-16943008628.json \[0m
job-stats	Generate actually workflows	2025-08-13T16:14:42.5457925Z [36;1m      | jq -r '[0m
job-stats	Generate actually workflows	2025-08-13T16:14:42.5458857Z [36;1m        if . == [] then[0m
job-stats	Generate actually workflows	2025-08-13T16:14:42.5462544Z [36;1m          ["assignees", "author", "body", "closed", "closedAt", "comments", "createdAt", "id", "labels", "milestone", "number", "projectCards", "projectItems", "reactionGroups", "state", "title", "updatedAt", "url"][0m
job-stats	Generate actually workflows	2025-08-13T16:14:42.5465624Z [36;1m        else[0m
job-stats	Generate actually workflows	2025-08-13T16:14:42.5468474Z [36;1m          ["assignees", "author", "body", "closed", "closedAt", "comments", "createdAt", "id", "labels", "milestone", "number", "projectCards", "projectItems", "reactionGroups", "state", "title", "updatedAt", "url"],[0m
job-stats	Generate actually workflows	2025-08-13T16:14:42.5471866Z [36;1m          (.[] | [[0m
job-stats	Generate actually workflows	2025-08-13T16:14:42.5472949Z [36;1m            .assignees,[0m
job-stats	Generate actually workflows	2025-08-13T16:14:42.5473958Z [36;1m            .author,[0m
job-stats	Generate actually workflows	2025-08-13T16:14:42.5475051Z [36;1m            .body,[0m
job-stats	Generate actually workflows	2025-08-13T16:14:42.5476071Z [36;1m            .closed,[0m
job-stats	Generate actually workflows	2025-08-13T16:14:42.5477323Z [36;1m            .closedAt,[0m
job-stats	Generate actually workflows	2025-08-13T16:14:42.5478613Z [36;1m            .comments,[0m
job-stats	Generate actually workflows	2025-08-13T16:14:42.5479629Z [36;1m            .createdAt,[0m
job-stats	Generate actually workflows	2025-08-13T16:14:42.5480633Z [36;1m            .id,[0m
job-stats	Generate actually workflows	2025-08-13T16:14:42.5482019Z [36;1m            .labels,[0m
job-stats	Generate actually workflows	2025-08-13T16:14:42.5483015Z [36;1m            .milestone,[0m
job-stats	Generate actually workflows	2025-08-13T16:14:42.5484020Z [36;1m            .number,[0m
job-stats	Generate actually workflows	2025-08-13T16:14:42.5485017Z [36;1m            .projectCards,[0m
job-stats	Generate actually workflows	2025-08-13T16:14:42.5486269Z [36;1m            .projectItems,[0m
job-stats	Generate actually workflows	2025-08-13T16:14:42.5487811Z [36;1m            .reactionGroups,[0m
job-stats	Generate actually workflows	2025-08-13T16:14:42.5489161Z [36;1m            .state,[0m
job-stats	Generate actually workflows	2025-08-13T16:14:42.5490123Z [36;1m            .title,[0m
job-stats	Generate actually workflows	2025-08-13T16:14:42.5491279Z [36;1m            .updatedAt,[0m
job-stats	Generate actually workflows	2025-08-13T16:14:42.5492706Z [36;1m            .url[0m
job-stats	Generate actually workflows	2025-08-13T16:14:42.5493621Z [36;1m          ])[0m
job-stats	Generate actually workflows	2025-08-13T16:14:42.5494516Z [36;1m        end | @csv[0m
job-stats	Generate actually workflows	2025-08-13T16:14:42.5495881Z [36;1m      ' > audit/workflows/actually-issue.csv[0m
job-stats	Generate actually workflows	2025-08-13T16:14:42.5497037Z [36;1m[0m
job-stats	Generate actually workflows	2025-08-13T16:14:42.5497899Z [36;1m    # Formatear el archivo JSON final[0m
job-stats	Generate actually workflows	2025-08-13T16:14:42.5499423Z [36;1m    echo "Formateamos el fichero de JSON"[0m
job-stats	Generate actually workflows	2025-08-13T16:14:42.5501876Z [36;1m    cat audit/workflows/issue-log-16943008628.json | jq -s '.' > audit/workflows/actually-issue.json[0m
job-stats	Generate actually workflows	2025-08-13T16:14:42.5503929Z [36;1m    echo "Mostramos el contenido del fichero"[0m
job-stats	Generate actually workflows	2025-08-13T16:14:42.5516536Z shell: /usr/bin/bash -e {0}
job-stats	Generate actually workflows	2025-08-13T16:14:42.5517505Z env:
job-stats	Generate actually workflows	2025-08-13T16:14:42.5518254Z   KAOS_CODE: 16943008628
job-stats	Generate actually workflows	2025-08-13T16:14:42.5519172Z   KAOS_EVENT_NAME: schedule
job-stats	Generate actually workflows	2025-08-13T16:14:42.5520083Z   KAOS_ACTION: 
job-stats	Generate actually workflows	2025-08-13T16:14:42.5520904Z   KAOS_REF: refs/heads/main
job-stats	Generate actually workflows	2025-08-13T16:14:42.5522012Z   KAOS_MODULE: [Ka0S] Workflow Statistics Summary
job-stats	Generate actually workflows	2025-08-13T16:14:42.5523237Z   KAOS_PATH_RESUME: audit/workflows/
job-stats	Generate actually workflows	2025-08-13T16:14:42.5524537Z   KAOS_ACTOR: santakloud
job-stats	Generate actually workflows	2025-08-13T16:14:42.5525508Z   GH_REPO: github.com/Ka0s-Klaus/ka0s
job-stats	Generate actually workflows	2025-08-13T16:14:42.5526933Z   GH_TOKEN: ***
job-stats	Generate actually workflows	2025-08-13T16:14:42.5527729Z ##[endgroup]
job-stats	Generate actually workflows	2025-08-13T16:14:43.1337434Z Already up to date.
job-stats	Generate actually workflows	2025-08-13T16:20:54.8178714Z Mostramos el contenido del fichero
job-stats	Generate actually workflows	2025-08-13T16:21:23.1735845Z HTTP 504: 504 Gateway Timeout (https://api.github.com/graphql)
job-stats	Generate actually workflows	2025-08-13T16:21:23.1822885Z Formateamos el fichero de JSON
job-stats	Generate actually workflows	2025-08-13T16:21:23.1940942Z Mostramos el contenido del fichero
job-stats	Pull Request	ï»¿2025-08-13T16:21:23.2128314Z ##[group]Run # Creamos el fichero de PR
job-stats	Pull Request	2025-08-13T16:21:23.2130136Z [36;1m# Creamos el fichero de PR[0m
job-stats	Pull Request	2025-08-13T16:21:23.2131969Z [36;1mtouch ${KAOS_PATH_RESUME}pr-log-${KAOS_CODE}.json[0m
job-stats	Pull Request	2025-08-13T16:21:23.2133410Z [36;1m[0m
job-stats	Pull Request	2025-08-13T16:21:23.2134699Z [36;1m# Extraemos toda la informaciÃ³n de las PR hasta el momento[0m
job-stats	Pull Request	2025-08-13T16:21:23.2161711Z [36;1mgh pr list --repo ${GH_REPO} --state all --limit 999 --json additions,assignees,author,autoMergeRequest,baseRefName,baseRefOid,body,changedFiles,closed,closedAt,comments,commits,createdAt,deletions,files,fullDatabaseId,headRefName,headRefOid,headRepository,headRepositoryOwner,id,isCrossRepository,isDraft,labels,latestReviews,maintainerCanModify,mergeCommit,mergeStateStatus,mergeable,mergedAt,mergedBy,milestone,number,potentialMergeCommit,projectCards,projectItems,reactionGroups,reviewDecision,reviewRequests,reviews,state,statusCheckRollup,title,updatedAt,url \[0m
job-stats	Pull Request	2025-08-13T16:21:23.2189734Z [36;1m| tee ${KAOS_PATH_RESUME}pr-log-${KAOS_CODE}.json \[0m
job-stats	Pull Request	2025-08-13T16:21:23.2191490Z [36;1m| jq -r '[0m
job-stats	Pull Request	2025-08-13T16:21:23.2201502Z [36;1m  ["additions", "assignees", "author", "autoMergeRequest", "baseRefName", "baseRefOid", "body", "changedFiles", "closed", "closedAt", "comments", "commits", "createdAt", "deletions", "files", "fullDatabaseId", "headRefName", "headRefOid", "headRepository", "headRepositoryOwner", "id", "isCrossRepository", "isDraft", "labels", "latestReviews", "maintainerCanModify", "mergeCommit", "mergeStateStatus", "mergeable", "mergedAt", "mergedBy", "milestone", "number", "potentialMergeCommit", "projectCards", "projectItems", "reactionGroups", "reviewDecision", "reviewRequests", "reviews", "state", "statusCheckRollup", "tite", "updatedAt", "url"],[0m
job-stats	Pull Request	2025-08-13T16:21:23.2209132Z [36;1m  (.[]? // [] | [[0m
job-stats	Pull Request	2025-08-13T16:21:23.2209848Z [36;1m    .additions,[0m
job-stats	Pull Request	2025-08-13T16:21:23.2210589Z [36;1m    .assignees,[0m
job-stats	Pull Request	2025-08-13T16:21:23.2211483Z [36;1m    .author,[0m
job-stats	Pull Request	2025-08-13T16:21:23.2212180Z [36;1m    .autoMergeRequest,[0m
job-stats	Pull Request	2025-08-13T16:21:23.2212984Z [36;1m    .baseRefName,[0m
job-stats	Pull Request	2025-08-13T16:21:23.2213700Z [36;1m    .baseRefOid,[0m
job-stats	Pull Request	2025-08-13T16:21:23.2214381Z [36;1m    .body,[0m
job-stats	Pull Request	2025-08-13T16:21:23.2215039Z [36;1m    .changedFiles,[0m
job-stats	Pull Request	2025-08-13T16:21:23.2215766Z [36;1m    .closed,[0m
job-stats	Pull Request	2025-08-13T16:21:23.2216431Z [36;1m    .closedAt,[0m
job-stats	Pull Request	2025-08-13T16:21:23.2217108Z [36;1m    .comments,[0m
job-stats	Pull Request	2025-08-13T16:21:23.2217771Z [36;1m    .commits,[0m
job-stats	Pull Request	2025-08-13T16:21:23.2218461Z [36;1m    .createdAt,[0m
job-stats	Pull Request	2025-08-13T16:21:23.2219163Z [36;1m    .deletions,[0m
job-stats	Pull Request	2025-08-13T16:21:23.2219820Z [36;1m    .files,[0m
job-stats	Pull Request	2025-08-13T16:21:23.2220536Z [36;1m    .fullDatabaseId,[0m
job-stats	Pull Request	2025-08-13T16:21:23.2221441Z [36;1m    .headRefName,[0m
job-stats	Pull Request	2025-08-13T16:21:23.2222167Z [36;1m    .headRefOid,[0m
job-stats	Pull Request	2025-08-13T16:21:23.2222887Z [36;1m    .headRepository,[0m
job-stats	Pull Request	2025-08-13T16:21:23.2223682Z [36;1m    .headRepositoryOwner,[0m
job-stats	Pull Request	2025-08-13T16:21:23.2224451Z [36;1m    .id,[0m
job-stats	Pull Request	2025-08-13T16:21:23.2225097Z [36;1m    .isCrossRepository,[0m
job-stats	Pull Request	2025-08-13T16:21:23.2225888Z [36;1m    .isDraft,[0m
job-stats	Pull Request	2025-08-13T16:21:23.2226550Z [36;1m    .labels,[0m
job-stats	Pull Request	2025-08-13T16:21:23.2227210Z [36;1m    .latestReviews,[0m
job-stats	Pull Request	2025-08-13T16:21:23.2227979Z [36;1m    .maintainerCanModify,[0m
job-stats	Pull Request	2025-08-13T16:21:23.2228774Z [36;1m    .mergeCommit,[0m
job-stats	Pull Request	2025-08-13T16:21:23.2229519Z [36;1m    .mergeStateStatus,[0m
job-stats	Pull Request	2025-08-13T16:21:23.2230290Z [36;1m    .mergeable,[0m
job-stats	Pull Request	2025-08-13T16:21:23.2231063Z [36;1m    .mergedAt,[0m
job-stats	Pull Request	2025-08-13T16:21:23.2231752Z [36;1m    .mergedBy,[0m
job-stats	Pull Request	2025-08-13T16:21:23.2232439Z [36;1m    .milestone,[0m
job-stats	Pull Request	2025-08-13T16:21:23.2233099Z [36;1m    .number,[0m
job-stats	Pull Request	2025-08-13T16:21:23.2233807Z [36;1m    .potentialMergeCommit,[0m
job-stats	Pull Request	2025-08-13T16:21:23.2234641Z [36;1m    .projectCards,[0m
job-stats	Pull Request	2025-08-13T16:21:23.2235383Z [36;1m    .projectItems,[0m
job-stats	Pull Request	2025-08-13T16:21:23.2236137Z [36;1m    .reactionGroups,[0m
job-stats	Pull Request	2025-08-13T16:21:23.2236891Z [36;1m    .reviewDecision,[0m
job-stats	Pull Request	2025-08-13T16:21:23.2237628Z [36;1m    .reviewRequests,[0m
job-stats	Pull Request	2025-08-13T16:21:23.2238919Z [36;1m    .reviews,[0m
job-stats	Pull Request	2025-08-13T16:21:23.2239580Z [36;1m    .state,[0m
job-stats	Pull Request	2025-08-13T16:21:23.2240261Z [36;1m    .statusCheckRollup,[0m
job-stats	Pull Request	2025-08-13T16:21:23.2241139Z [36;1m    .titl,[0m
job-stats	Pull Request	2025-08-13T16:21:23.2241788Z [36;1m    .updatedAt,[0m
job-stats	Pull Request	2025-08-13T16:21:23.2242444Z [36;1m    .url[0m
job-stats	Pull Request	2025-08-13T16:21:23.2243031Z [36;1m  ]) | @csv[0m
job-stats	Pull Request	2025-08-13T16:21:23.2243758Z [36;1m' > ${KAOS_PATH_RESUME}actually-pr.csv[0m
job-stats	Pull Request	2025-08-13T16:21:23.2244627Z [36;1m[0m
job-stats	Pull Request	2025-08-13T16:21:23.2245214Z [36;1m# Formatear JSON final[0m
job-stats	Pull Request	2025-08-13T16:21:23.2246939Z [36;1mcat ${KAOS_PATH_RESUME}pr-log-${KAOS_CODE}.json | jq -s '.' > ${KAOS_PATH_RESUME}actually-pr.json[0m
job-stats	Pull Request	2025-08-13T16:21:23.2248474Z [36;1mecho "Mostramos el contenido del fichero"[0m
job-stats	Pull Request	2025-08-13T16:21:23.2249522Z [36;1m#cat audit/workflows/actually-pr.json[0m
job-stats	Pull Request	2025-08-13T16:21:23.2263923Z shell: /usr/bin/bash -e {0}
job-stats	Pull Request	2025-08-13T16:21:23.2264503Z env:
job-stats	Pull Request	2025-08-13T16:21:23.2264936Z   KAOS_CODE: 16943008628
job-stats	Pull Request	2025-08-13T16:21:23.2265468Z   KAOS_EVENT_NAME: schedule
job-stats	Pull Request	2025-08-13T16:21:23.2266019Z   KAOS_ACTION: 
job-stats	Pull Request	2025-08-13T16:21:23.2266473Z   KAOS_REF: refs/heads/main
job-stats	Pull Request	2025-08-13T16:21:23.2267092Z   KAOS_MODULE: [Ka0S] Workflow Statistics Summary
job-stats	Pull Request	2025-08-13T16:21:23.2267813Z   KAOS_PATH_RESUME: audit/workflows/
job-stats	Pull Request	2025-08-13T16:21:23.2268429Z   KAOS_ACTOR: santakloud
job-stats	Pull Request	2025-08-13T16:21:23.2268977Z   GH_REPO: github.com/Ka0s-Klaus/ka0s
job-stats	Pull Request	2025-08-13T16:21:23.2270058Z   GH_TOKEN: ***
job-stats	Pull Request	2025-08-13T16:21:23.2270516Z ##[endgroup]
job-stats	Pull Request	2025-08-13T16:21:23.2845907Z Unknown JSON field: "baseRefOid"
job-stats	Pull Request	2025-08-13T16:21:23.2848762Z Available fields:
job-stats	Pull Request	2025-08-13T16:21:23.2849249Z   additions
job-stats	Pull Request	2025-08-13T16:21:23.2849446Z   assignees
job-stats	Pull Request	2025-08-13T16:21:23.2849636Z   author
job-stats	Pull Request	2025-08-13T16:21:23.2849852Z   autoMergeRequest
job-stats	Pull Request	2025-08-13T16:21:23.2850072Z   baseRefName
job-stats	Pull Request	2025-08-13T16:21:23.2850265Z   body
job-stats	Pull Request	2025-08-13T16:21:23.2850460Z   changedFiles
job-stats	Pull Request	2025-08-13T16:21:23.2850691Z   closed
job-stats	Pull Request	2025-08-13T16:21:23.2850889Z   closedAt
job-stats	Pull Request	2025-08-13T16:21:23.2851164Z   comments
job-stats	Pull Request	2025-08-13T16:21:23.2851352Z   commits
job-stats	Pull Request	2025-08-13T16:21:23.2851568Z   createdAt
job-stats	Pull Request	2025-08-13T16:21:23.2851759Z   deletions
job-stats	Pull Request	2025-08-13T16:21:23.2851949Z   files
job-stats	Pull Request	2025-08-13T16:21:23.2852134Z   headRefName
job-stats	Pull Request	2025-08-13T16:21:23.2852348Z   headRefOid
job-stats	Pull Request	2025-08-13T16:21:23.2852566Z   headRepository
job-stats	Pull Request	2025-08-13T16:21:23.2852805Z   headRepositoryOwner
job-stats	Pull Request	2025-08-13T16:21:23.2853042Z   id
job-stats	Pull Request	2025-08-13T16:21:23.2860873Z   isCrossRepository
job-stats	Pull Request	2025-08-13T16:21:23.2861466Z   isDraft
job-stats	Pull Request	2025-08-13T16:21:23.2861664Z   labels
job-stats	Pull Request	2025-08-13T16:21:23.2861863Z   latestReviews
job-stats	Pull Request	2025-08-13T16:21:23.2862162Z   maintainerCanModify
job-stats	Pull Request	2025-08-13T16:21:23.2862395Z   mergeCommit
job-stats	Pull Request	2025-08-13T16:21:23.2862611Z   mergeStateStatus
job-stats	Pull Request	2025-08-13T16:21:23.2862835Z   mergeable
job-stats	Pull Request	2025-08-13T16:21:23.2863026Z   mergedAt
job-stats	Pull Request	2025-08-13T16:21:23.2863214Z   mergedBy
job-stats	Pull Request	2025-08-13T16:21:23.2863404Z   milestone
job-stats	Pull Request	2025-08-13T16:21:23.2863586Z   number
job-stats	Pull Request	2025-08-13T16:21:23.2863799Z   potentialMergeCommit
job-stats	Pull Request	2025-08-13T16:21:23.2864041Z   projectCards
job-stats	Pull Request	2025-08-13T16:21:23.2864251Z   projectItems
job-stats	Pull Request	2025-08-13T16:21:23.2864465Z   reactionGroups
job-stats	Pull Request	2025-08-13T16:21:23.2864691Z   reviewDecision
job-stats	Pull Request	2025-08-13T16:21:23.2864901Z   reviewRequests
job-stats	Pull Request	2025-08-13T16:21:23.2865104Z   reviews
job-stats	Pull Request	2025-08-13T16:21:23.2865290Z   state
job-stats	Pull Request	2025-08-13T16:21:23.2865491Z   statusCheckRollup
job-stats	Pull Request	2025-08-13T16:21:23.2865703Z   title
job-stats	Pull Request	2025-08-13T16:21:23.2865881Z   updatedAt
job-stats	Pull Request	2025-08-13T16:21:23.2866064Z   url
job-stats	Pull Request	2025-08-13T16:21:23.2881560Z Mostramos el contenido del fichero
job-stats	Upload Files	ï»¿2025-08-13T16:21:23.2915521Z ##[group]Run echo "Downloading files to the repository..."
job-stats	Upload Files	2025-08-13T16:21:23.2916010Z [36;1mecho "Downloading files to the repository..."[0m
job-stats	Upload Files	2025-08-13T16:21:23.2916497Z [36;1mgit config --global user.name "***"[0m
job-stats	Upload Files	2025-08-13T16:21:23.2916862Z [36;1mgit config --global user.email "***"[0m
job-stats	Upload Files	2025-08-13T16:21:23.2917151Z [36;1mgit pull[0m
job-stats	Upload Files	2025-08-13T16:21:23.2917405Z [36;1mecho "Uploading files to the repository..."[0m
job-stats	Upload Files	2025-08-13T16:21:23.2917750Z [36;1mgit add audit/workflows/*[0m
job-stats	Upload Files	2025-08-13T16:21:23.2918282Z [36;1mgit commit -m "[Ka0S] Uploading resume workflows execution files to the repository..."[0m
job-stats	Upload Files	2025-08-13T16:21:23.2918912Z [36;1mgit push origin refs/heads/main[0m
job-stats	Upload Files	2025-08-13T16:21:23.2925315Z shell: /usr/bin/bash -e {0}
job-stats	Upload Files	2025-08-13T16:21:23.2925569Z env:
job-stats	Upload Files	2025-08-13T16:21:23.2925759Z   KAOS_CODE: 16943008628
job-stats	Upload Files	2025-08-13T16:21:23.2925993Z   KAOS_EVENT_NAME: schedule
job-stats	Upload Files	2025-08-13T16:21:23.2926221Z   KAOS_ACTION: 
job-stats	Upload Files	2025-08-13T16:21:23.2926425Z   KAOS_REF: refs/heads/main
job-stats	Upload Files	2025-08-13T16:21:23.2926736Z   KAOS_MODULE: [Ka0S] Workflow Statistics Summary
job-stats	Upload Files	2025-08-13T16:21:23.2927052Z   KAOS_PATH_RESUME: audit/workflows/
job-stats	Upload Files	2025-08-13T16:21:23.2927518Z   KAOS_ACTOR: santakloud
job-stats	Upload Files	2025-08-13T16:21:23.2927763Z   GH_REPO: github.com/Ka0s-Klaus/ka0s
job-stats	Upload Files	2025-08-13T16:21:23.2928221Z   GH_TOKEN: ***
job-stats	Upload Files	2025-08-13T16:21:23.2928423Z ##[endgroup]
job-stats	Upload Files	2025-08-13T16:21:23.2956100Z Downloading files to the repository...
job-stats	Upload Files	2025-08-13T16:21:23.8220115Z Already up to date.
job-stats	Upload Files	2025-08-13T16:21:23.8224599Z Uploading files to the repository...
job-stats	Upload Files	2025-08-13T16:21:24.0737465Z [main 95a81a7e] [Ka0S] Uploading resume workflows execution files to the repository...
job-stats	Upload Files	2025-08-13T16:21:24.0738168Z  10 files changed, 421327 insertions(+)
job-stats	Upload Files	2025-08-13T16:21:24.0738562Z  create mode 100644 audit/workflows/actually-issue.csv
job-stats	Upload Files	2025-08-13T16:21:24.0739091Z  create mode 100644 audit/workflows/actually-issue.json
job-stats	Upload Files	2025-08-13T16:21:24.0739479Z  create mode 100644 audit/workflows/actually-pr.csv
job-stats	Upload Files	2025-08-13T16:21:24.0739854Z  create mode 100644 audit/workflows/actually-pr.json
job-stats	Upload Files	2025-08-13T16:21:24.0740466Z  create mode 100644 audit/workflows/actually-workflows-runs.json
job-stats	Upload Files	2025-08-13T16:21:24.0741045Z  create mode 100644 audit/workflows/actually-workflows.csv
job-stats	Upload Files	2025-08-13T16:21:24.0741523Z  create mode 100644 audit/workflows/actually-workflows.json
job-stats	Upload Files	2025-08-13T16:21:24.0741993Z  create mode 100644 audit/workflows/issue-log-16943008628.json
job-stats	Upload Files	2025-08-13T16:21:24.0742447Z  create mode 100644 audit/workflows/pr-log-16943008628.json
job-stats	Upload Files	2025-08-13T16:21:24.0742908Z  create mode 100644 audit/workflows/workflows-runs-16943008628.json
job-stats	Upload Files	2025-08-13T16:21:25.9570820Z To https://github.com/Ka0s-Klaus/ka0s
job-stats	Upload Files	2025-08-13T16:21:25.9572665Z    0efbc925..95a81a7e  main -> main
job-stats	Post Checkout	ï»¿2025-08-13T16:21:25.9940181Z Post job cleanup.
job-stats	Post Checkout	2025-08-13T16:21:26.1106220Z [command]/usr/bin/git version
job-stats	Post Checkout	2025-08-13T16:21:26.1148123Z git version 2.43.0
job-stats	Post Checkout	2025-08-13T16:21:26.1187833Z Copying '/home/kaos/.gitconfig' to '/actions-runner/_work/_temp/2eec4761-567c-4516-b2c7-5ba524a15d61/.gitconfig'
job-stats	Post Checkout	2025-08-13T16:21:26.1199763Z Temporarily overriding HOME='/actions-runner/_work/_temp/2eec4761-567c-4516-b2c7-5ba524a15d61' before making global git config changes
job-stats	Post Checkout	2025-08-13T16:21:26.1200628Z Adding repository directory to the temporary git global config as a safe directory
job-stats	Post Checkout	2025-08-13T16:21:26.1206489Z [command]/usr/bin/git config --global --add safe.directory /actions-runner/_work/ka0s/ka0s
job-stats	Post Checkout	2025-08-13T16:21:26.1248177Z [command]/usr/bin/git config --local --name-only --get-regexp core\.sshCommand
job-stats	Post Checkout	2025-08-13T16:21:26.1286864Z [command]/usr/bin/git submodule foreach --recursive sh -c "git config --local --name-only --get-regexp 'core\.sshCommand' && git config --local --unset-all 'core.sshCommand' || :"
job-stats	Post Checkout	2025-08-13T16:21:26.1540533Z [command]/usr/bin/git config --local --name-only --get-regexp http\.https\:\/\/github\.com\/\.extraheader
job-stats	Post Checkout	2025-08-13T16:21:26.1563821Z http.https://github.com/.extraheader
job-stats	Post Checkout	2025-08-13T16:21:26.1576173Z [command]/usr/bin/git config --local --unset-all http.https://github.com/.extraheader
job-stats	Post Checkout	2025-08-13T16:21:26.1610796Z [command]/usr/bin/git submodule foreach --recursive sh -c "git config --local --name-only --get-regexp 'http\.https\:\/\/github\.com\/\.extraheader' && git config --local --unset-all 'http.https://github.com/.extraheader' || :"
job-stats	Complete job	ï»¿2025-08-13T16:21:26.1971428Z Cleaning up orphan processes
handle-success	Set up job	ï»¿2025-08-13T16:21:31.6022959Z Current runner version: '2.327.1'
handle-success	Set up job	2025-08-13T16:21:31.6030717Z Runner name: 'ka0s-ka0s-1'
handle-success	Set up job	2025-08-13T16:21:31.6031807Z Runner group name: 'ka0s'
handle-success	Set up job	2025-08-13T16:21:31.6032804Z Machine name: '2ae8e24676b9'
handle-success	Set up job	2025-08-13T16:21:31.6035927Z ##[group]GITHUB_TOKEN Permissions
handle-success	Set up job	2025-08-13T16:21:31.6038706Z Actions: write
handle-success	Set up job	2025-08-13T16:21:31.6039292Z Contents: write
handle-success	Set up job	2025-08-13T16:21:31.6039889Z Issues: write
handle-success	Set up job	2025-08-13T16:21:31.6040452Z Metadata: read
handle-success	Set up job	2025-08-13T16:21:31.6041032Z ##[endgroup]
handle-success	Set up job	2025-08-13T16:21:31.6043603Z Secret source: Actions
handle-success	Set up job	2025-08-13T16:21:31.6044346Z Prepare workflow directory
handle-success	Set up job	2025-08-13T16:21:31.6682747Z Prepare all required actions
handle-success	Set up job	2025-08-13T16:21:31.6725122Z Getting action download info
handle-success	Set up job	2025-08-13T16:21:32.2629752Z Download action repository 'actions/checkout@v4' (SHA:08eba0b27e820071cde6df949e0beb9ba4906955)
handle-success	Set up job	2025-08-13T16:21:33.1719298Z Complete job name: handle-success
handle-success	Checkout code	ï»¿2025-08-13T16:21:33.2225418Z ##[group]Run actions/checkout@v4
handle-success	Checkout code	2025-08-13T16:21:33.2226237Z with:
handle-success	Checkout code	2025-08-13T16:21:33.2226611Z   fetch-depth: 0
handle-success	Checkout code	2025-08-13T16:21:33.2227239Z   token: ***
handle-success	Checkout code	2025-08-13T16:21:33.2227615Z   repository: Ka0s-Klaus/ka0s
handle-success	Checkout code	2025-08-13T16:21:33.2228052Z   ssh-strict: true
handle-success	Checkout code	2025-08-13T16:21:33.2228409Z   ssh-user: git
handle-success	Checkout code	2025-08-13T16:21:33.2228786Z   persist-credentials: true
handle-success	Checkout code	2025-08-13T16:21:33.2229199Z   clean: true
handle-success	Checkout code	2025-08-13T16:21:33.2229716Z   sparse-checkout-cone-mode: true
handle-success	Checkout code	2025-08-13T16:21:33.2230177Z   fetch-tags: false
handle-success	Checkout code	2025-08-13T16:21:33.2230552Z   show-progress: true
handle-success	Checkout code	2025-08-13T16:21:33.2231367Z   lfs: false
handle-success	Checkout code	2025-08-13T16:21:33.2231735Z   submodules: false
handle-success	Checkout code	2025-08-13T16:21:33.2232252Z   set-safe-directory: true
handle-success	Checkout code	2025-08-13T16:21:33.2233032Z env:
handle-success	Checkout code	2025-08-13T16:21:33.2233378Z   KAOS_CODE: 16943008628
handle-success	Checkout code	2025-08-13T16:21:33.2233782Z   KAOS_EVENT_NAME: schedule
handle-success	Checkout code	2025-08-13T16:21:33.2234193Z   KAOS_ACTION: 
handle-success	Checkout code	2025-08-13T16:21:33.2234556Z   KAOS_REF: refs/heads/main
handle-success	Checkout code	2025-08-13T16:21:33.2235025Z   KAOS_MODULE: [Ka0S] Workflow Statistics Summary
handle-success	Checkout code	2025-08-13T16:21:33.2235586Z   KAOS_PATH_RESUME: audit/workflows/
handle-success	Checkout code	2025-08-13T16:21:33.2236059Z   KAOS_ACTOR: santakloud
handle-success	Checkout code	2025-08-13T16:21:33.2236475Z   GH_REPO: github.com/Ka0s-Klaus/ka0s
handle-success	Checkout code	2025-08-13T16:21:33.2236925Z ##[endgroup]
handle-success	Checkout code	2025-08-13T16:21:33.3393657Z Syncing repository: Ka0s-Klaus/ka0s
handle-success	Checkout code	2025-08-13T16:21:33.3395776Z ##[group]Getting Git version info
handle-success	Checkout code	2025-08-13T16:21:33.3396445Z Working directory is '/actions-runner/_work/ka0s/ka0s'
handle-success	Checkout code	2025-08-13T16:21:33.3397347Z [command]/usr/bin/git version
handle-success	Checkout code	2025-08-13T16:21:33.3398010Z git version 2.43.0
handle-success	Checkout code	2025-08-13T16:21:33.3422471Z ##[endgroup]
handle-success	Checkout code	2025-08-13T16:21:33.3434564Z Copying '/home/kaos/.gitconfig' to '/actions-runner/_work/_temp/9a67c45f-7dbe-43ee-95fd-971c0e7de425/.gitconfig'
handle-success	Checkout code	2025-08-13T16:21:33.3448083Z Temporarily overriding HOME='/actions-runner/_work/_temp/9a67c45f-7dbe-43ee-95fd-971c0e7de425' before making global git config changes
handle-success	Checkout code	2025-08-13T16:21:33.3449649Z Adding repository directory to the temporary git global config as a safe directory
handle-success	Checkout code	2025-08-13T16:21:33.3451089Z [command]/usr/bin/git config --global --add safe.directory /actions-runner/_work/ka0s/ka0s
handle-success	Checkout code	2025-08-13T16:21:33.3503348Z [command]/usr/bin/git config --local --get remote.origin.url
handle-success	Checkout code	2025-08-13T16:21:33.3527893Z https://github.com/Ka0s-Klaus/ka0s
handle-success	Checkout code	2025-08-13T16:21:33.3549045Z ##[group]Removing previously created refs, to avoid conflicts
handle-success	Checkout code	2025-08-13T16:21:33.3554670Z [command]/usr/bin/git rev-parse --symbolic-full-name --verify --quiet HEAD
handle-success	Checkout code	2025-08-13T16:21:33.3579091Z refs/heads/main
handle-success	Checkout code	2025-08-13T16:21:33.3590170Z [command]/usr/bin/git checkout --detach
handle-success	Checkout code	2025-08-13T16:21:33.3668403Z HEAD is now at 9150590f Ka0S] Uploading files to MongoDB update repository ...
handle-success	Checkout code	2025-08-13T16:21:33.3714361Z [command]/usr/bin/git branch --delete --force main
handle-success	Checkout code	2025-08-13T16:21:33.3750364Z Deleted branch main (was 9150590f).
handle-success	Checkout code	2025-08-13T16:21:33.3832683Z ##[endgroup]
handle-success	Checkout code	2025-08-13T16:21:33.3835896Z [command]/usr/bin/git submodule status
handle-success	Checkout code	2025-08-13T16:21:33.4086691Z ##[group]Cleaning the repository
handle-success	Checkout code	2025-08-13T16:21:33.4091351Z [command]/usr/bin/git clean -ffdx
handle-success	Checkout code	2025-08-13T16:21:33.4150132Z [command]/usr/bin/git reset --hard HEAD
handle-success	Checkout code	2025-08-13T16:21:33.4228139Z HEAD is now at 9150590f Ka0S] Uploading files to MongoDB update repository ...
handle-success	Checkout code	2025-08-13T16:21:33.4233849Z ##[endgroup]
handle-success	Checkout code	2025-08-13T16:21:33.4235617Z ##[group]Disabling automatic garbage collection
handle-success	Checkout code	2025-08-13T16:21:33.4241475Z [command]/usr/bin/git config --local gc.auto 0
handle-success	Checkout code	2025-08-13T16:21:33.4289211Z ##[endgroup]
handle-success	Checkout code	2025-08-13T16:21:33.4290145Z ##[group]Setting up auth
handle-success	Checkout code	2025-08-13T16:21:33.4290915Z [command]/usr/bin/git config --local --name-only --get-regexp core\.sshCommand
handle-success	Checkout code	2025-08-13T16:21:33.4322152Z [command]/usr/bin/git submodule foreach --recursive sh -c "git config --local --name-only --get-regexp 'core\.sshCommand' && git config --local --unset-all 'core.sshCommand' || :"
handle-success	Checkout code	2025-08-13T16:21:33.4580413Z [command]/usr/bin/git config --local --name-only --get-regexp http\.https\:\/\/github\.com\/\.extraheader
handle-success	Checkout code	2025-08-13T16:21:33.4610817Z [command]/usr/bin/git submodule foreach --recursive sh -c "git config --local --name-only --get-regexp 'http\.https\:\/\/github\.com\/\.extraheader' && git config --local --unset-all 'http.https://github.com/.extraheader' || :"
handle-success	Checkout code	2025-08-13T16:21:33.4860325Z [command]/usr/bin/git config --local http.https://github.com/.extraheader AUTHORIZATION: basic ***
handle-success	Checkout code	2025-08-13T16:21:33.4953555Z ##[endgroup]
handle-success	Checkout code	2025-08-13T16:21:33.4955357Z ##[group]Fetching the repository
handle-success	Checkout code	2025-08-13T16:21:33.4957402Z [command]/usr/bin/git -c protocol.version=2 fetch --prune --no-recurse-submodules origin +refs/heads/*:refs/remotes/origin/* +refs/tags/*:refs/tags/*
handle-success	Checkout code	2025-08-13T16:21:34.6004911Z From https://github.com/Ka0s-Klaus/ka0s
handle-success	Checkout code	2025-08-13T16:21:34.6005892Z    9150590f..95a81a7e  main       -> origin/main
handle-success	Checkout code	2025-08-13T16:21:34.6074465Z [command]/usr/bin/git branch --list --remote origin/main
handle-success	Checkout code	2025-08-13T16:21:34.6106083Z   origin/main
handle-success	Checkout code	2025-08-13T16:21:34.6136342Z [command]/usr/bin/git rev-parse refs/remotes/origin/main
handle-success	Checkout code	2025-08-13T16:21:34.6144564Z 95a81a7e9dcb1a1d2ecda5f268a0944dcfaabd48
handle-success	Checkout code	2025-08-13T16:21:34.6156797Z [command]/usr/bin/git -c protocol.version=2 fetch --no-tags --prune --no-recurse-submodules origin +0efbc9251fe8e9b9e57b371f8e862352e579e385:refs/remotes/origin/main
handle-success	Checkout code	2025-08-13T16:21:34.6325276Z From https://github.com/Ka0s-Klaus/ka0s
handle-success	Checkout code	2025-08-13T16:21:34.6326331Z  + 95a81a7e...0efbc925 0efbc9251fe8e9b9e57b371f8e862352e579e385 -> origin/main  (forced update)
handle-success	Checkout code	2025-08-13T16:21:34.6349713Z ##[endgroup]
handle-success	Checkout code	2025-08-13T16:21:34.6350512Z ##[group]Determining the checkout info
handle-success	Checkout code	2025-08-13T16:21:34.6351501Z ##[endgroup]
handle-success	Checkout code	2025-08-13T16:21:34.6356480Z [command]/usr/bin/git sparse-checkout disable
handle-success	Checkout code	2025-08-13T16:21:34.6407928Z [command]/usr/bin/git config --local --unset-all extensions.worktreeConfig
handle-success	Checkout code	2025-08-13T16:21:34.6439597Z ##[group]Checking out the ref
handle-success	Checkout code	2025-08-13T16:21:34.6443755Z [command]/usr/bin/git checkout --progress --force -B main refs/remotes/origin/main
handle-success	Checkout code	2025-08-13T16:21:34.6604644Z Previous HEAD position was 9150590f Ka0S] Uploading files to MongoDB update repository ...
handle-success	Checkout code	2025-08-13T16:21:34.6613445Z Switched to a new branch 'main'
handle-success	Checkout code	2025-08-13T16:21:34.6614197Z branch 'main' set up to track 'origin/main'.
handle-success	Checkout code	2025-08-13T16:21:34.6622062Z ##[endgroup]
handle-success	Checkout code	2025-08-13T16:21:34.6663375Z [command]/usr/bin/git log -1 --format=%H
handle-success	Checkout code	2025-08-13T16:21:34.6691878Z 0efbc9251fe8e9b9e57b371f8e862352e579e385
handle-success	handle-success-execution	ï»¿2025-08-13T16:21:34.6919800Z ##[group]Run # RNNUMBER=$(echo "refs/heads/main" | grep -o '[0-9]*')
handle-success	handle-success-execution	2025-08-13T16:21:34.6920793Z [36;1m# RNNUMBER=$(echo "refs/heads/main" | grep -o '[0-9]*')[0m
handle-success	handle-success-execution	2025-08-13T16:21:34.6922099Z [36;1m# gh issue comment $RNNUMBER --body "El proceso ha finalizado correctamente 16943008628. El resultado estÃ¡ en el fichero core/results/event_data_16943008628.log"[0m
handle-success	handle-success-execution	2025-08-13T16:21:34.6923622Z [36;1mecho "El proceso ha finalizado correctamente 16943008628. El resultado estÃ¡ en el fichero core/results/event_data_16943008628.log"[0m
handle-success	handle-success-execution	2025-08-13T16:21:34.6933876Z shell: /usr/bin/bash -e {0}
handle-success	handle-success-execution	2025-08-13T16:21:34.6934395Z env:
handle-success	handle-success-execution	2025-08-13T16:21:34.6934796Z   KAOS_CODE: 16943008628
handle-success	handle-success-execution	2025-08-13T16:21:34.6935263Z   KAOS_EVENT_NAME: schedule
handle-success	handle-success-execution	2025-08-13T16:21:34.6936000Z   KAOS_ACTION: 
handle-success	handle-success-execution	2025-08-13T16:21:34.6936416Z   KAOS_REF: refs/heads/main
handle-success	handle-success-execution	2025-08-13T16:21:34.6936923Z   KAOS_MODULE: [Ka0S] Workflow Statistics Summary
handle-success	handle-success-execution	2025-08-13T16:21:34.6937486Z   KAOS_PATH_RESUME: audit/workflows/
handle-success	handle-success-execution	2025-08-13T16:21:34.6937987Z   KAOS_ACTOR: santakloud
handle-success	handle-success-execution	2025-08-13T16:21:34.6938512Z   GH_REPO: github.com/Ka0s-Klaus/ka0s
handle-success	handle-success-execution	2025-08-13T16:21:34.6939355Z   GH_TOKEN: ***
handle-success	handle-success-execution	2025-08-13T16:21:34.6939773Z ##[endgroup]
handle-success	handle-success-execution	2025-08-13T16:21:34.6993229Z El proceso ha finalizado correctamente 16943008628. El resultado estÃ¡ en el fichero core/results/event_data_16943008628.log
handle-success	Post Checkout code	ï»¿2025-08-13T16:21:34.7163798Z Post job cleanup.
handle-success	Post Checkout code	2025-08-13T16:21:34.8162382Z [command]/usr/bin/git version
handle-success	Post Checkout code	2025-08-13T16:21:34.8204222Z git version 2.43.0
handle-success	Post Checkout code	2025-08-13T16:21:34.8244825Z Copying '/home/kaos/.gitconfig' to '/actions-runner/_work/_temp/4c5a803c-7186-4e8f-8120-05b109a95bc2/.gitconfig'
handle-success	Post Checkout code	2025-08-13T16:21:34.8258609Z Temporarily overriding HOME='/actions-runner/_work/_temp/4c5a803c-7186-4e8f-8120-05b109a95bc2' before making global git config changes
handle-success	Post Checkout code	2025-08-13T16:21:34.8259957Z Adding repository directory to the temporary git global config as a safe directory
handle-success	Post Checkout code	2025-08-13T16:21:34.8265329Z [command]/usr/bin/git config --global --add safe.directory /actions-runner/_work/ka0s/ka0s
handle-success	Post Checkout code	2025-08-13T16:21:34.8306021Z [command]/usr/bin/git config --local --name-only --get-regexp core\.sshCommand
handle-success	Post Checkout code	2025-08-13T16:21:34.8345487Z [command]/usr/bin/git submodule foreach --recursive sh -c "git config --local --name-only --get-regexp 'core\.sshCommand' && git config --local --unset-all 'core.sshCommand' || :"
handle-success	Post Checkout code	2025-08-13T16:21:34.8600027Z [command]/usr/bin/git config --local --name-only --get-regexp http\.https\:\/\/github\.com\/\.extraheader
handle-success	Post Checkout code	2025-08-13T16:21:34.8624647Z http.https://github.com/.extraheader
handle-success	Post Checkout code	2025-08-13T16:21:34.8636840Z [command]/usr/bin/git config --local --unset-all http.https://github.com/.extraheader
handle-success	Post Checkout code	2025-08-13T16:21:34.8672113Z [command]/usr/bin/git submodule foreach --recursive sh -c "git config --local --name-only --get-regexp 'http\.https\:\/\/github\.com\/\.extraheader' && git config --local --unset-all 'http.https://github.com/.extraheader' || :"
handle-success	Complete job	ï»¿2025-08-13T16:21:34.9035216Z Cleaning up orphan processes
end-workflow	Set up job	ï»¿2025-08-13T16:21:41.0729814Z Current runner version: '2.327.1'
end-workflow	Set up job	2025-08-13T16:21:41.0737366Z Runner name: 'ka0s-ka0s-3'
end-workflow	Set up job	2025-08-13T16:21:41.0738109Z Runner group name: 'ka0s'
end-workflow	Set up job	2025-08-13T16:21:41.0739046Z Machine name: '3951c78e42d6'
end-workflow	Set up job	2025-08-13T16:21:41.0742351Z ##[group]GITHUB_TOKEN Permissions
end-workflow	Set up job	2025-08-13T16:21:41.0744559Z Actions: write
end-workflow	Set up job	2025-08-13T16:21:41.0745092Z Contents: write
end-workflow	Set up job	2025-08-13T16:21:41.0745725Z Issues: write
end-workflow	Set up job	2025-08-13T16:21:41.0746256Z Metadata: read
end-workflow	Set up job	2025-08-13T16:21:41.0746721Z ##[endgroup]
end-workflow	Set up job	2025-08-13T16:21:41.0748890Z Secret source: Actions
end-workflow	Set up job	2025-08-13T16:21:41.0749609Z Prepare workflow directory
end-workflow	Set up job	2025-08-13T16:21:41.1389872Z Prepare all required actions
end-workflow	Set up job	2025-08-13T16:21:41.1434433Z Getting action download info
end-workflow	Set up job	2025-08-13T16:21:41.7128033Z Download action repository 'actions/checkout@v4' (SHA:08eba0b27e820071cde6df949e0beb9ba4906955)
end-workflow	Set up job	2025-08-13T16:21:42.6308390Z Complete job name: end-workflow
end-workflow	Checkout code	ï»¿2025-08-13T16:21:42.6854376Z ##[group]Run actions/checkout@v4
end-workflow	Checkout code	2025-08-13T16:21:42.6855337Z with:
end-workflow	Checkout code	2025-08-13T16:21:42.6855774Z   fetch-depth: 0
end-workflow	Checkout code	2025-08-13T16:21:42.6856544Z   token: ***
end-workflow	Checkout code	2025-08-13T16:21:42.6856995Z   repository: Ka0s-Klaus/ka0s
end-workflow	Checkout code	2025-08-13T16:21:42.6857522Z   ssh-strict: true
end-workflow	Checkout code	2025-08-13T16:21:42.6857952Z   ssh-user: git
end-workflow	Checkout code	2025-08-13T16:21:42.6858399Z   persist-credentials: true
end-workflow	Checkout code	2025-08-13T16:21:42.6858896Z   clean: true
end-workflow	Checkout code	2025-08-13T16:21:42.6859357Z   sparse-checkout-cone-mode: true
end-workflow	Checkout code	2025-08-13T16:21:42.6859905Z   fetch-tags: false
end-workflow	Checkout code	2025-08-13T16:21:42.6860350Z   show-progress: true
end-workflow	Checkout code	2025-08-13T16:21:42.6860805Z   lfs: false
end-workflow	Checkout code	2025-08-13T16:21:42.6861410Z   submodules: false
end-workflow	Checkout code	2025-08-13T16:21:42.6862016Z   set-safe-directory: true
end-workflow	Checkout code	2025-08-13T16:21:42.6862757Z env:
end-workflow	Checkout code	2025-08-13T16:21:42.6863164Z   KAOS_CODE: 16943008628
end-workflow	Checkout code	2025-08-13T16:21:42.6863655Z   KAOS_EVENT_NAME: schedule
end-workflow	Checkout code	2025-08-13T16:21:42.6864149Z   KAOS_ACTION: 
end-workflow	Checkout code	2025-08-13T16:21:42.6864579Z   KAOS_REF: refs/heads/main
end-workflow	Checkout code	2025-08-13T16:21:42.6865749Z   KAOS_MODULE: [Ka0S] Workflow Statistics Summary
end-workflow	Checkout code	2025-08-13T16:21:42.6866608Z   KAOS_PATH_RESUME: audit/workflows/
end-workflow	Checkout code	2025-08-13T16:21:42.6867215Z   KAOS_ACTOR: santakloud
end-workflow	Checkout code	2025-08-13T16:21:42.6867846Z   GH_REPO: github.com/Ka0s-Klaus/ka0s
end-workflow	Checkout code	2025-08-13T16:21:42.6868606Z   GH_TOKEN: ***
end-workflow	Checkout code	2025-08-13T16:21:42.6869033Z ##[endgroup]
end-workflow	Checkout code	2025-08-13T16:21:42.8033417Z Syncing repository: Ka0s-Klaus/ka0s
end-workflow	Checkout code	2025-08-13T16:21:42.8035584Z ##[group]Getting Git version info
end-workflow	Checkout code	2025-08-13T16:21:42.8036427Z Working directory is '/actions-runner/_work/ka0s/ka0s'
end-workflow	Checkout code	2025-08-13T16:21:42.8037598Z [command]/usr/bin/git version
end-workflow	Checkout code	2025-08-13T16:21:42.8038163Z git version 2.43.0
end-workflow	Checkout code	2025-08-13T16:21:42.8054165Z ##[endgroup]
end-workflow	Checkout code	2025-08-13T16:21:42.8065040Z Copying '/home/kaos/.gitconfig' to '/actions-runner/_work/_temp/201fb744-b97c-4db7-84a7-8bb5ce45cf7c/.gitconfig'
end-workflow	Checkout code	2025-08-13T16:21:42.8076316Z Temporarily overriding HOME='/actions-runner/_work/_temp/201fb744-b97c-4db7-84a7-8bb5ce45cf7c' before making global git config changes
end-workflow	Checkout code	2025-08-13T16:21:42.8078336Z Adding repository directory to the temporary git global config as a safe directory
end-workflow	Checkout code	2025-08-13T16:21:42.8080326Z [command]/usr/bin/git config --global --add safe.directory /actions-runner/_work/ka0s/ka0s
end-workflow	Checkout code	2025-08-13T16:21:42.8122507Z [command]/usr/bin/git config --local --get remote.origin.url
end-workflow	Checkout code	2025-08-13T16:21:42.8145820Z https://github.com/Ka0s-Klaus/ka0s
end-workflow	Checkout code	2025-08-13T16:21:42.8163394Z ##[group]Removing previously created refs, to avoid conflicts
end-workflow	Checkout code	2025-08-13T16:21:42.8168854Z [command]/usr/bin/git rev-parse --symbolic-full-name --verify --quiet HEAD
end-workflow	Checkout code	2025-08-13T16:21:42.8190717Z refs/heads/main
end-workflow	Checkout code	2025-08-13T16:21:42.8200604Z [command]/usr/bin/git checkout --detach
end-workflow	Checkout code	2025-08-13T16:21:42.8275015Z HEAD is now at 95a81a7e [Ka0S] Uploading resume workflows execution files to the repository...
end-workflow	Checkout code	2025-08-13T16:21:42.8320347Z [command]/usr/bin/git branch --delete --force main
end-workflow	Checkout code	2025-08-13T16:21:42.8353380Z Deleted branch main (was 95a81a7e).
end-workflow	Checkout code	2025-08-13T16:21:42.8437045Z ##[endgroup]
end-workflow	Checkout code	2025-08-13T16:21:42.8439067Z [command]/usr/bin/git submodule status
end-workflow	Checkout code	2025-08-13T16:21:42.8684668Z ##[group]Cleaning the repository
end-workflow	Checkout code	2025-08-13T16:21:42.8689299Z [command]/usr/bin/git clean -ffdx
end-workflow	Checkout code	2025-08-13T16:21:42.8745094Z [command]/usr/bin/git reset --hard HEAD
end-workflow	Checkout code	2025-08-13T16:21:42.8823586Z HEAD is now at 95a81a7e [Ka0S] Uploading resume workflows execution files to the repository...
end-workflow	Checkout code	2025-08-13T16:21:42.8828200Z ##[endgroup]
end-workflow	Checkout code	2025-08-13T16:21:42.8829349Z ##[group]Disabling automatic garbage collection
end-workflow	Checkout code	2025-08-13T16:21:42.8835091Z [command]/usr/bin/git config --local gc.auto 0
end-workflow	Checkout code	2025-08-13T16:21:42.8865393Z ##[endgroup]
end-workflow	Checkout code	2025-08-13T16:21:42.8866283Z ##[group]Setting up auth
end-workflow	Checkout code	2025-08-13T16:21:42.8881687Z [command]/usr/bin/git config --local --name-only --get-regexp core\.sshCommand
end-workflow	Checkout code	2025-08-13T16:21:42.8916088Z [command]/usr/bin/git submodule foreach --recursive sh -c "git config --local --name-only --get-regexp 'core\.sshCommand' && git config --local --unset-all 'core.sshCommand' || :"
end-workflow	Checkout code	2025-08-13T16:21:42.9161495Z [command]/usr/bin/git config --local --name-only --get-regexp http\.https\:\/\/github\.com\/\.extraheader
end-workflow	Checkout code	2025-08-13T16:21:42.9192755Z [command]/usr/bin/git submodule foreach --recursive sh -c "git config --local --name-only --get-regexp 'http\.https\:\/\/github\.com\/\.extraheader' && git config --local --unset-all 'http.https://github.com/.extraheader' || :"
end-workflow	Checkout code	2025-08-13T16:21:42.9445993Z [command]/usr/bin/git config --local http.https://github.com/.extraheader AUTHORIZATION: basic ***
end-workflow	Checkout code	2025-08-13T16:21:42.9489120Z ##[endgroup]
end-workflow	Checkout code	2025-08-13T16:21:42.9490068Z ##[group]Fetching the repository
end-workflow	Checkout code	2025-08-13T16:21:42.9497230Z [command]/usr/bin/git -c protocol.version=2 fetch --prune --no-recurse-submodules origin +refs/heads/*:refs/remotes/origin/* +refs/tags/*:refs/tags/*
end-workflow	Checkout code	2025-08-13T16:21:43.4998014Z [command]/usr/bin/git branch --list --remote origin/main
end-workflow	Checkout code	2025-08-13T16:21:43.5029574Z   origin/main
end-workflow	Checkout code	2025-08-13T16:21:43.5039634Z [command]/usr/bin/git rev-parse refs/remotes/origin/main
end-workflow	Checkout code	2025-08-13T16:21:43.5064295Z 95a81a7e9dcb1a1d2ecda5f268a0944dcfaabd48
end-workflow	Checkout code	2025-08-13T16:21:43.5076804Z [command]/usr/bin/git -c protocol.version=2 fetch --no-tags --prune --no-recurse-submodules origin +0efbc9251fe8e9b9e57b371f8e862352e579e385:refs/remotes/origin/main
end-workflow	Checkout code	2025-08-13T16:21:43.5242121Z From https://github.com/Ka0s-Klaus/ka0s
end-workflow	Checkout code	2025-08-13T16:21:43.5266339Z  + 95a81a7e...0efbc925 0efbc9251fe8e9b9e57b371f8e862352e579e385 -> origin/main  (forced update)
end-workflow	Checkout code	2025-08-13T16:21:43.5270893Z ##[endgroup]
end-workflow	Checkout code	2025-08-13T16:21:43.5272701Z ##[group]Determining the checkout info
end-workflow	Checkout code	2025-08-13T16:21:43.5274477Z ##[endgroup]
end-workflow	Checkout code	2025-08-13T16:21:43.5275468Z [command]/usr/bin/git sparse-checkout disable
end-workflow	Checkout code	2025-08-13T16:21:43.5325854Z [command]/usr/bin/git config --local --unset-all extensions.worktreeConfig
end-workflow	Checkout code	2025-08-13T16:21:43.5358538Z ##[group]Checking out the ref
end-workflow	Checkout code	2025-08-13T16:21:43.5360639Z [command]/usr/bin/git checkout --progress --force -B main refs/remotes/origin/main
end-workflow	Checkout code	2025-08-13T16:21:43.5527580Z Warning: you are leaving 1 commit behind, not connected to
end-workflow	Checkout code	2025-08-13T16:21:43.5529283Z any of your branches:
end-workflow	Checkout code	2025-08-13T16:21:43.5529875Z 
end-workflow	Checkout code	2025-08-13T16:21:43.5530893Z   95a81a7e [Ka0S] Uploading resume workflows execution files to the repository...
end-workflow	Checkout code	2025-08-13T16:21:43.5532723Z 
end-workflow	Checkout code	2025-08-13T16:21:43.5533622Z If you want to keep it by creating a new branch, this may be a good time
end-workflow	Checkout code	2025-08-13T16:21:43.5535620Z to do so with:
end-workflow	Checkout code	2025-08-13T16:21:43.5536343Z 
end-workflow	Checkout code	2025-08-13T16:21:43.5536907Z  git branch <new-branch-name> 95a81a7e
end-workflow	Checkout code	2025-08-13T16:21:43.5537814Z 
end-workflow	Checkout code	2025-08-13T16:21:43.5538497Z Switched to a new branch 'main'
end-workflow	Checkout code	2025-08-13T16:21:43.5539960Z branch 'main' set up to track 'origin/main'.
end-workflow	Checkout code	2025-08-13T16:21:43.5547561Z ##[endgroup]
end-workflow	Checkout code	2025-08-13T16:21:43.5587288Z [command]/usr/bin/git log -1 --format=%H
end-workflow	Checkout code	2025-08-13T16:21:43.5615943Z 0efbc9251fe8e9b9e57b371f8e862352e579e385
end-workflow	Finaliza el workflow	ï»¿2025-08-13T16:21:43.5869530Z ##[group]Run echo "End process"
end-workflow	Finaliza el workflow	2025-08-13T16:21:43.5870762Z [36;1mecho "End process"[0m
end-workflow	Finaliza el workflow	2025-08-13T16:21:43.5872427Z [36;1m# RNNUMBER=$(echo "refs/heads/main" | grep -o '[0-9]*')[0m
end-workflow	Finaliza el workflow	2025-08-13T16:21:43.5874349Z [36;1m# gh issue comment $RNNUMBER --body "Se finaliza Ka0s 16943008628"[0m
end-workflow	Finaliza el workflow	2025-08-13T16:21:43.5876098Z [36;1mecho "Se finaliza Ka0s 16943008628"[0m
end-workflow	Finaliza el workflow	2025-08-13T16:21:43.5878315Z [36;1mgh workflow run inspector.yml --ref 'main' -f kaos-workflow-id="16943008628" -f kaos-user-start=""[0m
end-workflow	Finaliza el workflow	2025-08-13T16:21:43.5890511Z shell: /usr/bin/bash -e {0}
end-workflow	Finaliza el workflow	2025-08-13T16:21:43.5891964Z env:
end-workflow	Finaliza el workflow	2025-08-13T16:21:43.5892751Z   KAOS_CODE: 16943008628
end-workflow	Finaliza el workflow	2025-08-13T16:21:43.5893715Z   KAOS_EVENT_NAME: schedule
end-workflow	Finaliza el workflow	2025-08-13T16:21:43.5894679Z   KAOS_ACTION: 
end-workflow	Finaliza el workflow	2025-08-13T16:21:43.5895531Z   KAOS_REF: refs/heads/main
end-workflow	Finaliza el workflow	2025-08-13T16:21:43.5896768Z   KAOS_MODULE: [Ka0S] Workflow Statistics Summary
end-workflow	Finaliza el workflow	2025-08-13T16:21:43.5898070Z   KAOS_PATH_RESUME: audit/workflows/
end-workflow	Finaliza el workflow	2025-08-13T16:21:43.5899203Z   KAOS_ACTOR: santakloud
end-workflow	Finaliza el workflow	2025-08-13T16:21:43.5900286Z   GH_REPO: github.com/Ka0s-Klaus/ka0s
end-workflow	Finaliza el workflow	2025-08-13T16:21:43.5902263Z   GH_TOKEN: ***
end-workflow	Finaliza el workflow	2025-08-13T16:21:43.5903438Z ##[endgroup]
end-workflow	Finaliza el workflow	2025-08-13T16:21:43.5971803Z End process
end-workflow	Finaliza el workflow	2025-08-13T16:21:43.5975466Z Se finaliza Ka0s 16943008628
end-workflow	Post Checkout code	ï»¿2025-08-13T16:21:44.2771736Z Post job cleanup.
end-workflow	Post Checkout code	2025-08-13T16:21:44.3853531Z [command]/usr/bin/git version
end-workflow	Post Checkout code	2025-08-13T16:21:44.3897004Z git version 2.43.0
end-workflow	Post Checkout code	2025-08-13T16:21:44.3936183Z Copying '/home/kaos/.gitconfig' to '/actions-runner/_work/_temp/78628eff-1a7e-484b-b7db-8df6acb70a53/.gitconfig'
end-workflow	Post Checkout code	2025-08-13T16:21:44.3949628Z Temporarily overriding HOME='/actions-runner/_work/_temp/78628eff-1a7e-484b-b7db-8df6acb70a53' before making global git config changes
end-workflow	Post Checkout code	2025-08-13T16:21:44.3953202Z Adding repository directory to the temporary git global config as a safe directory
end-workflow	Post Checkout code	2025-08-13T16:21:44.3955590Z [command]/usr/bin/git config --global --add safe.directory /actions-runner/_work/ka0s/ka0s
end-workflow	Post Checkout code	2025-08-13T16:21:44.4005285Z [command]/usr/bin/git config --local --name-only --get-regexp core\.sshCommand
end-workflow	Post Checkout code	2025-08-13T16:21:44.4042802Z [command]/usr/bin/git submodule foreach --recursive sh -c "git config --local --name-only --get-regexp 'core\.sshCommand' && git config --local --unset-all 'core.sshCommand' || :"
end-workflow	Post Checkout code	2025-08-13T16:21:44.4298239Z [command]/usr/bin/git config --local --name-only --get-regexp http\.https\:\/\/github\.com\/\.extraheader
end-workflow	Post Checkout code	2025-08-13T16:21:44.4322003Z http.https://github.com/.extraheader
end-workflow	Post Checkout code	2025-08-13T16:21:44.4334825Z [command]/usr/bin/git config --local --unset-all http.https://github.com/.extraheader
end-workflow	Post Checkout code	2025-08-13T16:21:44.4374731Z [command]/usr/bin/git submodule foreach --recursive sh -c "git config --local --name-only --get-regexp 'http\.https\:\/\/github\.com\/\.extraheader' && git config --local --unset-all 'http.https://github.com/.extraheader' || :"
end-workflow	Complete job	ï»¿2025-08-13T16:21:44.4749126Z Cleaning up orphan processes
