job-core	Set up job	Ôªø2025-08-19T10:27:03.0946004Z Current runner version: '2.327.1'
job-core	Set up job	2025-08-19T10:27:03.0953369Z Runner name: 'ka0s-ka0s-1'
job-core	Set up job	2025-08-19T10:27:03.0954349Z Runner group name: 'ka0s'
job-core	Set up job	2025-08-19T10:27:03.0955258Z Machine name: '2ae8e24676b9'
job-core	Set up job	2025-08-19T10:27:03.0958286Z ##[group]GITHUB_TOKEN Permissions
job-core	Set up job	2025-08-19T10:27:03.0960588Z Contents: read
job-core	Set up job	2025-08-19T10:27:03.0961580Z Metadata: read
job-core	Set up job	2025-08-19T10:27:03.0962291Z Packages: read
job-core	Set up job	2025-08-19T10:27:03.0962910Z ##[endgroup]
job-core	Set up job	2025-08-19T10:27:03.0965800Z Secret source: Actions
job-core	Set up job	2025-08-19T10:27:03.0966552Z Prepare workflow directory
job-core	Set up job	2025-08-19T10:27:03.1716385Z Prepare all required actions
job-core	Set up job	2025-08-19T10:27:03.1757394Z Getting action download info
job-core	Set up job	2025-08-19T10:27:03.7847760Z Download action repository 'actions/checkout@v4' (SHA:08eba0b27e820071cde6df949e0beb9ba4906955)
job-core	Set up job	2025-08-19T10:27:04.8076456Z Complete job name: job-core
job-core	Checkout code	Ôªø2025-08-19T10:27:04.8573015Z ##[group]Run actions/checkout@v4
job-core	Checkout code	2025-08-19T10:27:04.8573997Z with:
job-core	Checkout code	2025-08-19T10:27:04.8574467Z   fetch-depth: 0
job-core	Checkout code	2025-08-19T10:27:04.8575191Z   token: ***
job-core	Checkout code	2025-08-19T10:27:04.8575731Z   repository: Ka0s-Klaus/ka0s
job-core	Checkout code	2025-08-19T10:27:04.8576277Z   ssh-strict: true
job-core	Checkout code	2025-08-19T10:27:04.8576743Z   ssh-user: git
job-core	Checkout code	2025-08-19T10:27:04.8577366Z   persist-credentials: true
job-core	Checkout code	2025-08-19T10:27:04.8577910Z   clean: true
job-core	Checkout code	2025-08-19T10:27:04.8578530Z   sparse-checkout-cone-mode: true
job-core	Checkout code	2025-08-19T10:27:04.8579108Z   fetch-tags: false
job-core	Checkout code	2025-08-19T10:27:04.8579592Z   show-progress: true
job-core	Checkout code	2025-08-19T10:27:04.8580082Z   lfs: false
job-core	Checkout code	2025-08-19T10:27:04.8580527Z   submodules: false
job-core	Checkout code	2025-08-19T10:27:04.8581103Z   set-safe-directory: true
job-core	Checkout code	2025-08-19T10:27:04.8581884Z env:
job-core	Checkout code	2025-08-19T10:27:04.8582342Z   KAOS_CODE: 17066823072
job-core	Checkout code	2025-08-19T10:27:04.8582870Z   KAOS_EVENT_NAME: push
job-core	Checkout code	2025-08-19T10:27:04.8583378Z   KAOS_ACTION: 
job-core	Checkout code	2025-08-19T10:27:04.8583945Z   KAOS_REF: refs/heads/H330-documentacion-release-klaus
job-core	Checkout code	2025-08-19T10:27:04.8584631Z   KAOS_MODULE: [Ka0S] kaos
job-core	Checkout code	2025-08-19T10:27:04.8585201Z   KAOS_PATH_RESUME: audit/kaos/
job-core	Checkout code	2025-08-19T10:27:04.8585753Z   KAOS_ACTOR: santakloud
job-core	Checkout code	2025-08-19T10:27:04.8586282Z   GITHUB_OUTPUT: 
job-core	Checkout code	2025-08-19T10:27:04.8586742Z ##[endgroup]
job-core	Checkout code	2025-08-19T10:27:04.9750280Z Syncing repository: Ka0s-Klaus/ka0s
job-core	Checkout code	2025-08-19T10:27:04.9753011Z ##[group]Getting Git version info
job-core	Checkout code	2025-08-19T10:27:04.9753824Z Working directory is '/actions-runner/_work/ka0s/ka0s'
job-core	Checkout code	2025-08-19T10:27:04.9776094Z [command]/usr/bin/git version
job-core	Checkout code	2025-08-19T10:27:04.9777121Z git version 2.43.0
job-core	Checkout code	2025-08-19T10:27:04.9779534Z ##[endgroup]
job-core	Checkout code	2025-08-19T10:27:04.9786921Z Copying '/home/kaos/.gitconfig' to '/actions-runner/_work/_temp/3887fdbf-5526-4087-90fd-695f5918ffed/.gitconfig'
job-core	Checkout code	2025-08-19T10:27:04.9794053Z Temporarily overriding HOME='/actions-runner/_work/_temp/3887fdbf-5526-4087-90fd-695f5918ffed' before making global git config changes
job-core	Checkout code	2025-08-19T10:27:04.9795772Z Adding repository directory to the temporary git global config as a safe directory
job-core	Checkout code	2025-08-19T10:27:04.9800116Z [command]/usr/bin/git config --global --add safe.directory /actions-runner/_work/ka0s/ka0s
job-core	Checkout code	2025-08-19T10:27:04.9843429Z [command]/usr/bin/git config --local --get remote.origin.url
job-core	Checkout code	2025-08-19T10:27:04.9867577Z https://github.com/Ka0s-Klaus/ka0s
job-core	Checkout code	2025-08-19T10:27:04.9888536Z ##[group]Removing previously created refs, to avoid conflicts
job-core	Checkout code	2025-08-19T10:27:04.9892796Z [command]/usr/bin/git rev-parse --symbolic-full-name --verify --quiet HEAD
job-core	Checkout code	2025-08-19T10:27:04.9917635Z refs/heads/H330-documentacion-release-klaus
job-core	Checkout code	2025-08-19T10:27:04.9928329Z [command]/usr/bin/git checkout --detach
job-core	Checkout code	2025-08-19T10:27:05.0008873Z HEAD is now at 3d335e71 Volcamos primero toda la informacion a un fichero
job-core	Checkout code	2025-08-19T10:27:05.0056664Z [command]/usr/bin/git branch --delete --force H330-documentacion-release-klaus
job-core	Checkout code	2025-08-19T10:27:05.0088898Z Deleted branch H330-documentacion-release-klaus (was 3d335e71).
job-core	Checkout code	2025-08-19T10:27:05.0172936Z ##[endgroup]
job-core	Checkout code	2025-08-19T10:27:05.0174011Z [command]/usr/bin/git submodule status
job-core	Checkout code	2025-08-19T10:27:05.0425743Z ##[group]Cleaning the repository
job-core	Checkout code	2025-08-19T10:27:05.0430447Z [command]/usr/bin/git clean -ffdx
job-core	Checkout code	2025-08-19T10:27:05.0488082Z [command]/usr/bin/git reset --hard HEAD
job-core	Checkout code	2025-08-19T10:27:05.0570688Z HEAD is now at 3d335e71 Volcamos primero toda la informacion a un fichero
job-core	Checkout code	2025-08-19T10:27:05.0576556Z ##[endgroup]
job-core	Checkout code	2025-08-19T10:27:05.0577530Z ##[group]Disabling automatic garbage collection
job-core	Checkout code	2025-08-19T10:27:05.0580913Z [command]/usr/bin/git config --local gc.auto 0
job-core	Checkout code	2025-08-19T10:27:05.0615221Z ##[endgroup]
job-core	Checkout code	2025-08-19T10:27:05.0616231Z ##[group]Setting up auth
job-core	Checkout code	2025-08-19T10:27:05.0632272Z [command]/usr/bin/git config --local --name-only --get-regexp core\.sshCommand
job-core	Checkout code	2025-08-19T10:27:05.0671466Z [command]/usr/bin/git submodule foreach --recursive sh -c "git config --local --name-only --get-regexp 'core\.sshCommand' && git config --local --unset-all 'core.sshCommand' || :"
job-core	Checkout code	2025-08-19T10:27:05.0918921Z [command]/usr/bin/git config --local --name-only --get-regexp http\.https\:\/\/github\.com\/\.extraheader
job-core	Checkout code	2025-08-19T10:27:05.0949259Z [command]/usr/bin/git submodule foreach --recursive sh -c "git config --local --name-only --get-regexp 'http\.https\:\/\/github\.com\/\.extraheader' && git config --local --unset-all 'http.https://github.com/.extraheader' || :"
job-core	Checkout code	2025-08-19T10:27:05.1207921Z [command]/usr/bin/git config --local http.https://github.com/.extraheader AUTHORIZATION: basic ***
job-core	Checkout code	2025-08-19T10:27:05.1249596Z ##[endgroup]
job-core	Checkout code	2025-08-19T10:27:05.1250644Z ##[group]Fetching the repository
job-core	Checkout code	2025-08-19T10:27:05.1258103Z [command]/usr/bin/git -c protocol.version=2 fetch --prune --no-recurse-submodules origin +refs/heads/*:refs/remotes/origin/* +refs/tags/*:refs/tags/*
job-core	Checkout code	2025-08-19T10:27:05.8939121Z From https://github.com/Ka0s-Klaus/ka0s
job-core	Checkout code	2025-08-19T10:27:05.8944089Z    3d335e71..780768fe  H330-documentacion-release-klaus -> origin/H330-documentacion-release-klaus
job-core	Checkout code	2025-08-19T10:27:05.8947766Z    e91829ea..ea9fb35f  main       -> origin/main
job-core	Checkout code	2025-08-19T10:27:05.9036753Z [command]/usr/bin/git branch --list --remote origin/H330-documentacion-release-klaus
job-core	Checkout code	2025-08-19T10:27:05.9073185Z   origin/H330-documentacion-release-klaus
job-core	Checkout code	2025-08-19T10:27:05.9082472Z [command]/usr/bin/git rev-parse refs/remotes/origin/H330-documentacion-release-klaus
job-core	Checkout code	2025-08-19T10:27:05.9109484Z 780768fe2486a52502d78f6cb1c0f9435839ff1b
job-core	Checkout code	2025-08-19T10:27:05.9113211Z ##[endgroup]
job-core	Checkout code	2025-08-19T10:27:05.9114709Z ##[group]Determining the checkout info
job-core	Checkout code	2025-08-19T10:27:05.9116464Z ##[endgroup]
job-core	Checkout code	2025-08-19T10:27:05.9119358Z [command]/usr/bin/git sparse-checkout disable
job-core	Checkout code	2025-08-19T10:27:05.9174501Z [command]/usr/bin/git config --local --unset-all extensions.worktreeConfig
job-core	Checkout code	2025-08-19T10:27:05.9213922Z ##[group]Checking out the ref
job-core	Checkout code	2025-08-19T10:27:05.9216907Z [command]/usr/bin/git checkout --progress --force -B H330-documentacion-release-klaus refs/remotes/origin/H330-documentacion-release-klaus
job-core	Checkout code	2025-08-19T10:27:05.9372197Z Previous HEAD position was 3d335e71 Volcamos primero toda la informacion a un fichero
job-core	Checkout code	2025-08-19T10:27:05.9382331Z Switched to a new branch 'H330-documentacion-release-klaus'
job-core	Checkout code	2025-08-19T10:27:05.9385497Z branch 'H330-documentacion-release-klaus' set up to track 'origin/H330-documentacion-release-klaus'.
job-core	Checkout code	2025-08-19T10:27:05.9391485Z ##[endgroup]
job-core	Checkout code	2025-08-19T10:27:05.9431875Z [command]/usr/bin/git log -1 --format=%H
job-core	Checkout code	2025-08-19T10:27:05.9461091Z 780768fe2486a52502d78f6cb1c0f9435839ff1b
job-core	Validate file extensions	Ôªø2025-08-19T10:27:05.9709489Z ##[group]Run # Nueva ejecuci√≥n
job-core	Validate file extensions	2025-08-19T10:27:05.9710831Z [36;1m# Nueva ejecuci√≥n[0m
job-core	Validate file extensions	2025-08-19T10:27:05.9712398Z [36;1mIFS=',' read -r -a extensions <<< "***"[0m
job-core	Validate file extensions	2025-08-19T10:27:05.9714011Z [36;1mfor file in $(git diff --name-only HEAD~1 HEAD); do[0m
job-core	Validate file extensions	2025-08-19T10:27:05.9715499Z [36;1m  extension="${file##*.}"[0m
job-core	Validate file extensions	2025-08-19T10:27:05.9716910Z [36;1m  if [[ ! " ${extensions[@]} " =~ " ${extension} " ]]; then[0m
job-core	Validate file extensions	2025-08-19T10:27:05.9718661Z [36;1m    echo "File $file has an invalid extension: $extension"[0m
job-core	Validate file extensions	2025-08-19T10:27:05.9720181Z [36;1m  fi[0m
job-core	Validate file extensions	2025-08-19T10:27:05.9721202Z [36;1***one[0m
job-core	Validate file extensions	2025-08-19T10:27:05.9722727Z [36;1mRNNUMBER=$(echo "H330-documentacion-release-klaus" | grep -o '[0-9]*')[0m
job-core	Validate file extensions	2025-08-19T10:27:05.9724957Z [36;1mgh issue comment $RNNUMBER --body "Se inicia Ka0s 17066823072 "[0m
job-core	Validate file extensions	2025-08-19T10:27:05.9737369Z shell: /usr/bin/bash -e {0}
job-core	Validate file extensions	2025-08-19T10:27:05.9738496Z env:
job-core	Validate file extensions	2025-08-19T10:27:05.9739381Z   KAOS_CODE: 17066823072
job-core	Validate file extensions	2025-08-19T10:27:05.9740460Z   KAOS_EVENT_NAME: push
job-core	Validate file extensions	2025-08-19T10:27:05.9741651Z   KAOS_ACTION: 
job-core	Validate file extensions	2025-08-19T10:27:05.9742828Z   KAOS_REF: refs/heads/H330-documentacion-release-klaus
job-core	Validate file extensions	2025-08-19T10:27:05.9744269Z   KAOS_MODULE: [Ka0S] kaos
job-core	Validate file extensions	2025-08-19T10:27:05.9745376Z   KAOS_PATH_RESUME: audit/kaos/
job-core	Validate file extensions	2025-08-19T10:27:05.9746514Z   KAOS_ACTOR: santakloud
job-core	Validate file extensions	2025-08-19T10:27:05.9747559Z   GITHUB_OUTPUT: 
job-core	Validate file extensions	2025-08-19T10:27:05.9748893Z   GH_TOKEN: ***
job-core	Validate file extensions	2025-08-19T10:27:05.9749842Z ##[endgroup]
job-core	Validate file extensions	2025-08-19T10:27:05.9838384Z File audit/kaos/17066196278-files-in-commit.txt has an invalid extension: txt
job-core	Validate file extensions	2025-08-19T10:27:05.9841141Z File audit/kaos/17066196278.json has an invalid extension: json
job-core	Validate file extensions	2025-08-19T10:27:05.9843609Z File audit/kaos/17066706824-files-in-commit.txt has an invalid extension: txt
job-core	Validate file extensions	2025-08-19T10:27:05.9845915Z File audit/kaos/17066706824.json has an invalid extension: json
job-core	Validate file extensions	2025-08-19T10:27:07.0338067Z https://github.com/Ka0s-Klaus/ka0s/issues/330#issuecomment-3200170128
job-core	Crear JSON	Ôªø2025-08-19T10:27:07.0494460Z ##[group]Run # Generar JSON v√°lido con comillas escapadas
job-core	Crear JSON	2025-08-19T10:27:07.0495554Z [36;1m# Generar JSON v√°lido con comillas escapadas[0m
job-core	Crear JSON	2025-08-19T10:27:07.0495986Z [36;1mecho '{[0m
job-core	Crear JSON	2025-08-19T10:27:07.0496367Z [36;1m  "after": "780768fe2486a52502d78f6cb1c0f9435839ff1b",[0m
job-core	Crear JSON	2025-08-19T10:27:07.0496813Z [36;1m  "base_ref": null,[0m
job-core	Crear JSON	2025-08-19T10:27:07.0497234Z [36;1m  "before": "7f7fd642a65ec83ea892044b4eabeb417905b392",[0m
job-core	Crear JSON	2025-08-19T10:27:07.0497688Z [36;1m  "commits": [[0m
job-core	Crear JSON	2025-08-19T10:27:07.0498002Z [36;1m    {[0m
job-core	Crear JSON	2025-08-19T10:27:07.0498295Z [36;1m      "author": {[0m
job-core	Crear JSON	2025-08-19T10:27:07.0498665Z [36;1m        "email": "asantacana@kyndryl.com",[0m
job-core	Crear JSON	2025-08-19T10:27:07.0499086Z [36;1m        "name": "asantacana1970",[0m
job-core	Crear JSON	2025-08-19T10:27:07.0499495Z [36;1m        "username": "asantacana1970"[0m
job-core	Crear JSON	2025-08-19T10:27:07.0499884Z [36;1m      },[0m
job-core	Crear JSON	2025-08-19T10:27:07.0500225Z [36;1m      "committer": {[0m
job-core	Crear JSON	2025-08-19T10:27:07.0500638Z [36;1m        "email": "asantacana@kyndryl.com",[0m
job-core	Crear JSON	2025-08-19T10:27:07.0501357Z [36;1m        "name": "asantacana1970",[0m
job-core	Crear JSON	2025-08-19T10:27:07.0501771Z [36;1m        "username": "asantacana1970"[0m
job-core	Crear JSON	2025-08-19T10:27:07.0502150Z [36;1m      },[0m
job-core	Crear JSON	2025-08-19T10:27:07.0502450Z [36;1m      "distinct": true,[0m
job-core	Crear JSON	2025-08-19T10:27:07.0502858Z [36;1m      "id": "780768fe2486a52502d78f6cb1c0f9435839ff1b",[0m
job-core	Crear JSON	2025-08-19T10:27:07.0503294Z [36;1m      "message": "deleted",[0m
job-core	Crear JSON	2025-08-19T10:27:07.0503698Z [36;1m      "timestamp": "2025-08-19T12:26:52+02:00",[0m
job-core	Crear JSON	2025-08-19T10:27:07.0504195Z [36;1m      "tree_id": "94e102b3ed90fc358d352018ccea33cfb3c5cd64",[0m
job-core	Crear JSON	2025-08-19T10:27:07.0504937Z [36;1m      "url": "https://github.com/Ka0s-Klaus/ka0s/commit/780768fe2486a52502d78f6cb1c0f9435839ff1b"[0m
job-core	Crear JSON	2025-08-19T10:27:07.0505549Z [36;1m    }[0m
job-core	Crear JSON	2025-08-19T10:27:07.0505838Z [36;1m  ],[0m
job-core	Crear JSON	2025-08-19T10:27:07.0506345Z [36;1m  "compare": "https://github.com/Ka0s-Klaus/ka0s/compare/7f7fd642a65e...780768fe2486",[0m
job-core	Crear JSON	2025-08-19T10:27:07.0506919Z [36;1m  "created": false,[0m
job-core	Crear JSON	2025-08-19T10:27:07.0507292Z [36;1m  "deleted": false,[0m
job-core	Crear JSON	2025-08-19T10:27:07.0507670Z [36;1m  "forced": false,[0m
job-core	Crear JSON	2025-08-19T10:27:07.0508013Z [36;1m  "head_commit": {[0m
job-core	Crear JSON	2025-08-19T10:27:07.0508348Z [36;1m    "author": {[0m
job-core	Crear JSON	2025-08-19T10:27:07.0508707Z [36;1m      "email": "asantacana@kyndryl.com",[0m
job-core	Crear JSON	2025-08-19T10:27:07.0509134Z [36;1m      "name": "asantacana1970",[0m
job-core	Crear JSON	2025-08-19T10:27:07.0509538Z [36;1m      "username": "asantacana1970"[0m
job-core	Crear JSON	2025-08-19T10:27:07.0509915Z [36;1m    },[0m
job-core	Crear JSON	2025-08-19T10:27:07.0510211Z [36;1m    "committer": {[0m
job-core	Crear JSON	2025-08-19T10:27:07.0510579Z [36;1m      "email": "asantacana@kyndryl.com",[0m
job-core	Crear JSON	2025-08-19T10:27:07.0511040Z [36;1m      "name": "asantacana1970",[0m
job-core	Crear JSON	2025-08-19T10:27:07.0511449Z [36;1m      "username": "asantacana1970"[0m
job-core	Crear JSON	2025-08-19T10:27:07.0511826Z [36;1m    },[0m
job-core	Crear JSON	2025-08-19T10:27:07.0512365Z [36;1m    "distinct": true,[0m
job-core	Crear JSON	2025-08-19T10:27:07.0512769Z [36;1m    "id": "780768fe2486a52502d78f6cb1c0f9435839ff1b",[0m
job-core	Crear JSON	2025-08-19T10:27:07.0513206Z [36;1m    "message": "deleted",[0m
job-core	Crear JSON	2025-08-19T10:27:07.0513604Z [36;1m    "timestamp": "2025-08-19T12:26:52+02:00",[0m
job-core	Crear JSON	2025-08-19T10:27:07.0514081Z [36;1m    "tree_id": "94e102b3ed90fc358d352018ccea33cfb3c5cd64",[0m
job-core	Crear JSON	2025-08-19T10:27:07.0514777Z [36;1m    "url": "https://github.com/Ka0s-Klaus/ka0s/commit/780768fe2486a52502d78f6cb1c0f9435839ff1b"[0m
job-core	Crear JSON	2025-08-19T10:27:07.0515374Z [36;1m  },[0m
job-core	Crear JSON	2025-08-19T10:27:07.0515678Z [36;1m  "organization": {[0m
job-core	Crear JSON	2025-08-19T10:27:07.0516178Z [36;1m    "avatar_url": "https://avatars.githubusercontent.com/u/197099031?v=4",[0m
job-core	Crear JSON	2025-08-19T10:27:07.0517150Z [36;1m    "description": "Albert Einstein dijo una vez: \"... si tu intenci√≥n es describir la verdad, hazlo con sencillez y la elegancia d√©jasela al sastre.\"",[0m
job-core	Crear JSON	2025-08-19T10:27:07.0518054Z [36;1m    "events_url": "https://api.github.com/orgs/Ka0s-Klaus/events",[0m
job-core	Crear JSON	2025-08-19T10:27:07.0518663Z [36;1m    "hooks_url": "https://api.github.com/orgs/Ka0s-Klaus/hooks",[0m
job-core	Crear JSON	2025-08-19T10:27:07.0519386Z [36;1m    "id": 197099031,[0m
job-core	Crear JSON	2025-08-19T10:27:07.0519844Z [36;1m    "issues_url": "https://api.github.com/orgs/Ka0s-Klaus/issues",[0m
job-core	Crear JSON	2025-08-19T10:27:07.0520348Z [36;1m    "login": "Ka0s-Klaus",[0m
job-core	Crear JSON	2025-08-19T10:27:07.0520866Z [36;1m    "members_url": "https://api.github.com/orgs/Ka0s-Klaus/members{/member}",[0m
job-core	Crear JSON	2025-08-19T10:27:07.0521468Z [36;1m    "node_id": "O_kgDOC79-Fw",[0m
job-core	Crear JSON	2025-08-19T10:27:07.0522058Z [36;1m    "public_members_url": "https://api.github.com/orgs/Ka0s-Klaus/public_members{/member}",[0m
job-core	Crear JSON	2025-08-19T10:27:07.0522757Z [36;1m    "repos_url": "https://api.github.com/orgs/Ka0s-Klaus/repos",[0m
job-core	Crear JSON	2025-08-19T10:27:07.0523307Z [36;1m    "url": "https://api.github.com/orgs/Ka0s-Klaus"[0m
job-core	Crear JSON	2025-08-19T10:27:07.0523737Z [36;1m  },[0m
job-core	Crear JSON	2025-08-19T10:27:07.0524035Z [36;1m  "pusher": {[0m
job-core	Crear JSON	2025-08-19T10:27:07.0524459Z [36;1m    "email": "73332898+santakloud@users.noreply.github.com",[0m
job-core	Crear JSON	2025-08-19T10:27:07.0524971Z [36;1m    "name": "santakloud"[0m
job-core	Crear JSON	2025-08-19T10:27:07.0525364Z [36;1m  },[0m
job-core	Crear JSON	2025-08-19T10:27:07.0525748Z [36;1m  "ref": "refs/heads/H330-documentacion-release-klaus",[0m
job-core	Crear JSON	2025-08-19T10:27:07.0526209Z [36;1m  "repository": {[0m
job-core	Crear JSON	2025-08-19T10:27:07.0526561Z [36;1m    "allow_forking": true,[0m
job-core	Crear JSON	2025-08-19T10:27:07.0527138Z [36;1m    "archive_url": "https://api.github.com/repos/Ka0s-Klaus/ka0s/{archive_format}{/ref}",[0m
job-core	Crear JSON	2025-08-19T10:27:07.0527726Z [36;1m    "archived": false,[0m
job-core	Crear JSON	2025-08-19T10:27:07.0528268Z [36;1m    "assignees_url": "https://api.github.com/repos/Ka0s-Klaus/ka0s/assignees{/user}",[0m
job-core	Crear JSON	2025-08-19T10:27:07.0528999Z [36;1m    "blobs_url": "https://api.github.com/repos/Ka0s-Klaus/ka0s/git/blobs{/sha}",[0m
job-core	Crear JSON	2025-08-19T10:27:07.0529719Z [36;1m    "branches_url": "https://api.github.com/repos/Ka0s-Klaus/ka0s/branches{/branch}",[0m
job-core	Crear JSON	2025-08-19T10:27:07.0530364Z [36;1m    "clone_url": "https://github.com/Ka0s-Klaus/ka0s.git",[0m
job-core	Crear JSON	2025-08-19T10:27:07.0531131Z [36;1m    "collaborators_url": "https://api.github.com/repos/Ka0s-Klaus/ka0s/collaborators{/collaborator}",[0m
job-core	Crear JSON	2025-08-19T10:27:07.0531965Z [36;1m    "comments_url": "https://api.github.com/repos/Ka0s-Klaus/ka0s/comments{/number}",[0m
job-core	Crear JSON	2025-08-19T10:27:07.0532690Z [36;1m    "commits_url": "https://api.github.com/repos/Ka0s-Klaus/ka0s/commits{/sha}",[0m
job-core	Crear JSON	2025-08-19T10:27:07.0533432Z [36;1m    "compare_url": "https://api.github.com/repos/Ka0s-Klaus/ka0s/compare/{base}...{head}",[0m
job-core	Crear JSON	2025-08-19T10:27:07.0534199Z [36;1m    "contents_url": "https://api.github.com/repos/Ka0s-Klaus/ka0s/contents/{+path}",[0m
job-core	Crear JSON	2025-08-19T10:27:07.0534940Z [36;1m    "contributors_url": "https://api.github.com/repos/Ka0s-Klaus/ka0s/contributors",[0m
job-core	Crear JSON	2025-08-19T10:27:07.0535504Z [36;1m    "created_at": 1738252206,[0m
job-core	Crear JSON	2025-08-19T10:27:07.0535888Z [36;1m    "custom_properties": {},[0m
job-core	Crear JSON	2025-08-19T10:27:07.0536272Z [36;1m    "default_branch": "main",[0m
job-core	Crear JSON	2025-08-19T10:27:07.0537006Z [36;1m    "deployments_url": "https://api.github.com/repos/Ka0s-Klaus/ka0s/deployments",[0m
job-core	Crear JSON	2025-08-19T10:27:07.0537601Z [36;1m    "description": "Ka0s versi√≥n Klaus",[0m
job-core	Crear JSON	2025-08-19T10:27:07.0538021Z [36;1m    "disabled": false,[0m
job-core	Crear JSON	2025-08-19T10:27:07.0538546Z [36;1m    "downloads_url": "https://api.github.com/repos/Ka0s-Klaus/ka0s/downloads",[0m
job-core	Crear JSON	2025-08-19T10:27:07.0539221Z [36;1m    "events_url": "https://api.github.com/repos/Ka0s-Klaus/ka0s/events",[0m
job-core	Crear JSON	2025-08-19T10:27:07.0539733Z [36;1m    "fork": false,[0m
job-core	Crear JSON	2025-08-19T10:27:07.0540071Z [36;1m    "forks": 0,[0m
job-core	Crear JSON	2025-08-19T10:27:07.0540402Z [36;1m    "forks_count": 0,[0m
job-core	Crear JSON	2025-08-19T10:27:07.0540882Z [36;1m    "forks_url": "https://api.github.com/repos/Ka0s-Klaus/ka0s/forks",[0m
job-core	Crear JSON	2025-08-19T10:27:07.0541520Z [36;1m    "full_name": "Ka0s-Klaus/ka0s",[0m
job-core	Crear JSON	2025-08-19T10:27:07.0542107Z [36;1m    "git_commits_url": "https://api.github.com/repos/Ka0s-Klaus/ka0s/git/commits{/sha}",[0m
job-core	Crear JSON	2025-08-19T10:27:07.0542844Z [36;1m    "git_refs_url": "https://api.github.com/repos/Ka0s-Klaus/ka0s/git/refs{/sha}",[0m
job-core	Crear JSON	2025-08-19T10:27:07.0613523Z [36;1m    "git_tags_url": "https://api.github.com/repos/Ka0s-Klaus/ka0s/git/tags{/sha}",[0m
job-core	Crear JSON	2025-08-19T10:27:07.0615131Z [36;1m    "git_url": "git://github.com/Ka0s-Klaus/ka0s.git",[0m
job-core	Crear JSON	2025-08-19T10:27:07.0615622Z [36;1m    "has_discussions": false,[0m
job-core	Crear JSON	2025-08-19T10:27:07.0616083Z [36;1m    "has_downloads": true,[0m
job-core	Crear JSON	2025-08-19T10:27:07.0616458Z [36;1m    "has_issues": true,[0m
job-core	Crear JSON	2025-08-19T10:27:07.0616812Z [36;1m    "has_pages": false,[0m
job-core	Crear JSON	2025-08-19T10:27:07.0617170Z [36;1m    "has_projects": true,[0m
job-core	Crear JSON	2025-08-19T10:27:07.0617528Z [36;1m    "has_wiki": false,[0m
job-core	Crear JSON	2025-08-19T10:27:07.0617876Z [36;1m    "homepage": null,[0m
job-core	Crear JSON	2025-08-19T10:27:07.0618357Z [36;1m    "hooks_url": "https://api.github.com/repos/Ka0s-Klaus/ka0s/hooks",[0m
job-core	Crear JSON	2025-08-19T10:27:07.0618947Z [36;1m    "html_url": "https://github.com/Ka0s-Klaus/ka0s",[0m
job-core	Crear JSON	2025-08-19T10:27:07.0619391Z [36;1m    "id": 924757528,[0m
job-core	Crear JSON	2025-08-19T10:27:07.0619745Z [36;1m    "is_template": false,[0m
job-core	Crear JSON	2025-08-19T10:27:07.0620350Z [36;1m    "issue_comment_url": "https://api.github.com/repos/Ka0s-Klaus/ka0s/issues/comments{/number}",[0m
job-core	Crear JSON	2025-08-19T10:27:07.0621254Z [36;1m    "issue_events_url": "https://api.github.com/repos/Ka0s-Klaus/ka0s/issues/events{/number}",[0m
job-core	Crear JSON	2025-08-19T10:27:07.0622021Z [36;1m    "issues_url": "https://api.github.com/repos/Ka0s-Klaus/ka0s/issues{/number}",[0m
job-core	Crear JSON	2025-08-19T10:27:07.0622706Z [36;1m    "keys_url": "https://api.github.com/repos/Ka0s-Klaus/ka0s/keys{/key_id}",[0m
job-core	Crear JSON	2025-08-19T10:27:07.0623394Z [36;1m    "labels_url": "https://api.github.com/repos/Ka0s-Klaus/ka0s/labels{/name}",[0m
job-core	Crear JSON	2025-08-19T10:27:07.0623947Z [36;1m    "language": "JavaScript",[0m
job-core	Crear JSON	2025-08-19T10:27:07.0624487Z [36;1m    "languages_url": "https://api.github.com/repos/Ka0s-Klaus/ka0s/languages",[0m
job-core	Crear JSON	2025-08-19T10:27:07.0625032Z [36;1m    "license": {[0m
job-core	Crear JSON	2025-08-19T10:27:07.0625363Z [36;1m      "key": "gpl-3.0",[0m
job-core	Crear JSON	2025-08-19T10:27:07.0625771Z [36;1m      "name": "GNU General Public License v3.0",[0m
job-core	Crear JSON	2025-08-19T10:27:07.0626217Z [36;1m      "node_id": "MDc6TGljZW5zZTk=",[0m
job-core	Crear JSON	2025-08-19T10:27:07.0626621Z [36;1m      "spdx_id": "GPL-3.0",[0m
job-core	Crear JSON	2025-08-19T10:27:07.0627058Z [36;1m      "url": "https://api.github.com/licenses/gpl-3.0"[0m
job-core	Crear JSON	2025-08-19T10:27:07.0627487Z [36;1m    },[0m
job-core	Crear JSON	2025-08-19T10:27:07.0627790Z [36;1m    "master_branch": "main",[0m
job-core	Crear JSON	2025-08-19T10:27:07.0628298Z [36;1m    "merges_url": "https://api.github.com/repos/Ka0s-Klaus/ka0s/merges",[0m
job-core	Crear JSON	2025-08-19T10:27:07.0629020Z [36;1m    "milestones_url": "https://api.github.com/repos/Ka0s-Klaus/ka0s/milestones{/number}",[0m
job-core	Crear JSON	2025-08-19T10:27:07.0629605Z [36;1m    "mirror_url": null,[0m
job-core	Crear JSON	2025-08-19T10:27:07.0629957Z [36;1m    "name": "ka0s",[0m
job-core	Crear JSON	2025-08-19T10:27:07.0630308Z [36;1m    "node_id": "R_kgDONx6uGA",[0m
job-core	Crear JSON	2025-08-19T10:27:07.0631319Z [36;1m    "notifications_url": "https://api.github.com/repos/Ka0s-Klaus/ka0s/notifications{?since,all,participating}",[0m
job-core	Crear JSON	2025-08-19T10:27:07.0632207Z [36;1m    "open_issues": 17,[0m
job-core	Crear JSON	2025-08-19T10:27:07.0632574Z [36;1m    "open_issues_count": 17,[0m
job-core	Crear JSON	2025-08-19T10:27:07.0632965Z [36;1m    "organization": "Ka0s-Klaus",[0m
job-core	Crear JSON	2025-08-19T10:27:07.0633356Z [36;1m    "owner": {[0m
job-core	Crear JSON	2025-08-19T10:27:07.0633837Z [36;1m      "avatar_url": "https://avatars.githubusercontent.com/u/197099031?v=4",[0m
job-core	Crear JSON	2025-08-19T10:27:07.0634396Z [36;1m      "email": "support@ka0s.io",[0m
job-core	Crear JSON	2025-08-19T10:27:07.0634941Z [36;1m      "events_url": "https://api.github.com/users/Ka0s-Klaus/events{/privacy}",[0m
job-core	Crear JSON	2025-08-19T10:27:07.0635613Z [36;1m      "followers_url": "https://api.github.com/users/Ka0s-Klaus/followers",[0m
job-core	Crear JSON	2025-08-19T10:27:07.0636325Z [36;1m      "following_url": "https://api.github.com/users/Ka0s-Klaus/following{/other_user}",[0m
job-core	Crear JSON	2025-08-19T10:27:07.0637043Z [36;1m      "gists_url": "https://api.github.com/users/Ka0s-Klaus/gists{/gist_id}",[0m
job-core	Crear JSON	2025-08-19T10:27:07.0637568Z [36;1m      "gravatar_id": "",[0m
job-core	Crear JSON	2025-08-19T10:27:07.0637998Z [36;1m      "html_url": "https://github.com/Ka0s-Klaus",[0m
job-core	Crear JSON	2025-08-19T10:27:07.0638432Z [36;1m      "id": 197099031,[0m
job-core	Crear JSON	2025-08-19T10:27:07.0638784Z [36;1m      "login": "Ka0s-Klaus",[0m
job-core	Crear JSON	2025-08-19T10:27:07.0639299Z [36;1m      "name": "Ka0s-Klaus",[0m
job-core	Crear JSON	2025-08-19T10:27:07.0639680Z [36;1m      "node_id": "O_kgDOC79-Fw",[0m
job-core	Crear JSON	2025-08-19T10:27:07.0640203Z [36;1m      "organizations_url": "https://api.github.com/users/Ka0s-Klaus/orgs",[0m
job-core	Crear JSON	2025-08-19T10:27:07.0640915Z [36;1m      "received_events_url": "https://api.github.com/users/Ka0s-Klaus/received_events",[0m
job-core	Crear JSON	2025-08-19T10:27:07.0641650Z [36;1m      "repos_url": "https://api.github.com/users/Ka0s-Klaus/repos",[0m
job-core	Crear JSON	2025-08-19T10:27:07.0642150Z [36;1m      "site_admin": false,[0m
job-core	Crear JSON	2025-08-19T10:27:07.0642702Z [36;1m      "starred_url": "https://api.github.com/users/Ka0s-Klaus/starred{/owner}{/repo}",[0m
job-core	Crear JSON	2025-08-19T10:27:07.0643442Z [36;1m      "subscriptions_url": "https://api.github.com/users/Ka0s-Klaus/subscriptions",[0m
job-core	Crear JSON	2025-08-19T10:27:07.0644017Z [36;1m      "type": "Organization",[0m
job-core	Crear JSON	2025-08-19T10:27:07.0644466Z [36;1m      "url": "https://api.github.com/users/Ka0s-Klaus",[0m
job-core	Crear JSON	2025-08-19T10:27:07.0644932Z [36;1m      "user_view_type": "public"[0m
job-core	Crear JSON	2025-08-19T10:27:07.0645300Z [36;1m    },[0m
job-core	Crear JSON	2025-08-19T10:27:07.0645595Z [36;1m    "private": false,[0m
job-core	Crear JSON	2025-08-19T10:27:07.0646113Z [36;1m    "pulls_url": "https://api.github.com/repos/Ka0s-Klaus/ka0s/pulls{/number}",[0m
job-core	Crear JSON	2025-08-19T10:27:07.0646653Z [36;1m    "pushed_at": 1755599218,[0m
job-core	Crear JSON	2025-08-19T10:27:07.0647196Z [36;1m    "releases_url": "https://api.github.com/repos/Ka0s-Klaus/ka0s/releases{/id}",[0m
job-core	Crear JSON	2025-08-19T10:27:07.0647734Z [36;1m    "size": 56836,[0m
job-core	Crear JSON	2025-08-19T10:27:07.0648132Z [36;1m    "ssh_url": "git@github.com:Ka0s-Klaus/ka0s.git",[0m
job-core	Crear JSON	2025-08-19T10:27:07.0648563Z [36;1m    "stargazers": 0,[0m
job-core	Crear JSON	2025-08-19T10:27:07.0648912Z [36;1m    "stargazers_count": 0,[0m
job-core	Crear JSON	2025-08-19T10:27:07.0649450Z [36;1m    "stargazers_url": "https://api.github.com/repos/Ka0s-Klaus/ka0s/stargazers",[0m
job-core	Crear JSON	2025-08-19T10:27:07.0650176Z [36;1m    "statuses_url": "https://api.github.com/repos/Ka0s-Klaus/ka0s/statuses/{sha}",[0m
job-core	Crear JSON	2025-08-19T10:27:07.0650906Z [36;1m    "subscribers_url": "https://api.github.com/repos/Ka0s-Klaus/ka0s/subscribers",[0m
job-core	Crear JSON	2025-08-19T10:27:07.0651697Z [36;1m    "subscription_url": "https://api.github.com/repos/Ka0s-Klaus/ka0s/subscription",[0m
job-core	Crear JSON	2025-08-19T10:27:07.0652330Z [36;1m    "svn_url": "https://github.com/Ka0s-Klaus/ka0s",[0m
job-core	Crear JSON	2025-08-19T10:27:07.0652881Z [36;1m    "tags_url": "https://api.github.com/repos/Ka0s-Klaus/ka0s/tags",[0m
job-core	Crear JSON	2025-08-19T10:27:07.0653496Z [36;1m    "teams_url": "https://api.github.com/repos/Ka0s-Klaus/ka0s/teams",[0m
job-core	Crear JSON	2025-08-19T10:27:07.0654002Z [36;1m    "topics": [],[0m
job-core	Crear JSON	2025-08-19T10:27:07.0654504Z [36;1m    "trees_url": "https://api.github.com/repos/Ka0s-Klaus/ka0s/git/trees{/sha}",[0m
job-core	Crear JSON	2025-08-19T10:27:07.0655074Z [36;1m    "updated_at": "2025-08-19T10:26:31Z",[0m
job-core	Crear JSON	2025-08-19T10:27:07.0655561Z [36;1m    "url": "https://api.github.com/repos/Ka0s-Klaus/ka0s",[0m
job-core	Crear JSON	2025-08-19T10:27:07.0656194Z [36;1m    "visibility": "public",[0m
job-core	Crear JSON	2025-08-19T10:27:07.0656571Z [36;1m    "watchers": 0,[0m
job-core	Crear JSON	2025-08-19T10:27:07.0656924Z [36;1m    "watchers_count": 0,[0m
job-core	Crear JSON	2025-08-19T10:27:07.0657325Z [36;1m    "web_commit_signoff_required": false[0m
job-core	Crear JSON	2025-08-19T10:27:07.0657716Z [36;1m  },[0m
job-core	Crear JSON	2025-08-19T10:27:07.0658002Z [36;1m  "sender": {[0m
job-core	Crear JSON	2025-08-19T10:27:07.0658478Z [36;1m    "avatar_url": "https://avatars.githubusercontent.com/u/73332898?v=4",[0m
job-core	Crear JSON	2025-08-19T10:27:07.0659163Z [36;1m    "events_url": "https://api.github.com/users/santakloud/events{/privacy}",[0m
job-core	Crear JSON	2025-08-19T10:27:07.0659840Z [36;1m    "followers_url": "https://api.github.com/users/santakloud/followers",[0m
job-core	Crear JSON	2025-08-19T10:27:07.0660550Z [36;1m    "following_url": "https://api.github.com/users/santakloud/following{/other_user}",[0m
job-core	Crear JSON	2025-08-19T10:27:07.0661323Z [36;1m    "gists_url": "https://api.github.com/users/santakloud/gists{/gist_id}",[0m
job-core	Crear JSON	2025-08-19T10:27:07.0661862Z [36;1m    "gravatar_id": "",[0m
job-core	Crear JSON	2025-08-19T10:27:07.0662275Z [36;1m    "html_url": "https://github.com/santakloud",[0m
job-core	Crear JSON	2025-08-19T10:27:07.0662701Z [36;1m    "id": 73332898,[0m
job-core	Crear JSON	2025-08-19T10:27:07.0663189Z [36;1m    "login": "santakloud",[0m
job-core	Crear JSON	2025-08-19T10:27:07.0663590Z [36;1m    "node_id": "MDQ6VXNlcjczMzMyODk4",[0m
job-core	Crear JSON	2025-08-19T10:27:07.0664139Z [36;1m    "organizations_url": "https://api.github.com/users/santakloud/orgs",[0m
job-core	Crear JSON	2025-08-19T10:27:07.0664881Z [36;1m    "received_events_url": "https://api.github.com/users/santakloud/received_events",[0m
job-core	Crear JSON	2025-08-19T10:27:07.0665558Z [36;1m    "repos_url": "https://api.github.com/users/santakloud/repos",[0m
job-core	Crear JSON	2025-08-19T10:27:07.0666049Z [36;1m    "site_admin": false,[0m
job-core	Crear JSON	2025-08-19T10:27:07.0666628Z [36;1m    "starred_url": "https://api.github.com/users/santakloud/starred{/owner}{/repo}",[0m
job-core	Crear JSON	2025-08-19T10:27:07.0667372Z [36;1m    "subscriptions_url": "https://api.github.com/users/santakloud/subscriptions",[0m
job-core	Crear JSON	2025-08-19T10:27:07.0667934Z [36;1m    "type": "User",[0m
job-core	Crear JSON	2025-08-19T10:27:07.0668357Z [36;1m    "url": "https://api.github.com/users/santakloud",[0m
job-core	Crear JSON	2025-08-19T10:27:07.0668815Z [36;1m    "user_view_type": "public"[0m
job-core	Crear JSON	2025-08-19T10:27:07.0669184Z [36;1m  }[0m
job-core	Crear JSON	2025-08-19T10:27:07.0669678Z [36;1m}' | jq -c 'walk(if type == "number" then tostring | sub("^0+"; "") else . end)' > audit/kaos/17066823072.json[0m
job-core	Crear JSON	2025-08-19T10:27:07.0677549Z shell: /usr/bin/bash -e {0}
job-core	Crear JSON	2025-08-19T10:27:07.0677910Z env:
job-core	Crear JSON	2025-08-19T10:27:07.0678188Z   KAOS_CODE: 17066823072
job-core	Crear JSON	2025-08-19T10:27:07.0678515Z   KAOS_EVENT_NAME: push
job-core	Crear JSON	2025-08-19T10:27:07.0678828Z   KAOS_ACTION: 
job-core	Crear JSON	2025-08-19T10:27:07.0679196Z   KAOS_REF: refs/heads/H330-documentacion-release-klaus
job-core	Crear JSON	2025-08-19T10:27:07.0679635Z   KAOS_MODULE: [Ka0S] kaos
job-core	Crear JSON	2025-08-19T10:27:07.0679974Z   KAOS_PATH_RESUME: audit/kaos/
job-core	Crear JSON	2025-08-19T10:27:07.0680320Z   KAOS_ACTOR: santakloud
job-core	Crear JSON	2025-08-19T10:27:07.0680640Z   GITHUB_OUTPUT: 
job-core	Crear JSON	2025-08-19T10:27:07.0680933Z ##[endgroup]
job-core	Files in Commit	Ôªø2025-08-19T10:27:07.0801361Z ##[group]Run # Stored files implicated in the commit
job-core	Files in Commit	2025-08-19T10:27:07.0802128Z [36;1m# Stored files implicated in the commit[0m
job-core	Files in Commit	2025-08-19T10:27:07.0802903Z [36;1mgit diff --name-only 7f7fd642a65ec83ea892044b4eabeb417905b392 780768fe2486a52502d78f6cb1c0f9435839ff1b > audit/kaos/17066823072-files-in-commit.txt[0m
job-core	Files in Commit	2025-08-19T10:27:07.0809297Z shell: /usr/bin/bash -e {0}
job-core	Files in Commit	2025-08-19T10:27:07.0809608Z env:
job-core	Files in Commit	2025-08-19T10:27:07.0809841Z   KAOS_CODE: 17066823072
job-core	Files in Commit	2025-08-19T10:27:07.0810122Z   KAOS_EVENT_NAME: push
job-core	Files in Commit	2025-08-19T10:27:07.0810392Z   KAOS_ACTION: 
job-core	Files in Commit	2025-08-19T10:27:07.0810702Z   KAOS_REF: refs/heads/H330-documentacion-release-klaus
job-core	Files in Commit	2025-08-19T10:27:07.0811272Z   KAOS_MODULE: [Ka0S] kaos
job-core	Files in Commit	2025-08-19T10:27:07.0811774Z   KAOS_PATH_RESUME: audit/kaos/
job-core	Files in Commit	2025-08-19T10:27:07.0812068Z   KAOS_ACTOR: santakloud
job-core	Files in Commit	2025-08-19T10:27:07.0812342Z   GITHUB_OUTPUT: 
job-core	Files in Commit	2025-08-19T10:27:07.0812590Z ##[endgroup]
job-core	Upload Files	Ôªø2025-08-19T10:27:07.0900124Z ##[group]Run echo "Downloading files to the repository..."
job-core	Upload Files	2025-08-19T10:27:07.0900683Z [36;1mecho "Downloading files to the repository..."[0m
job-core	Upload Files	2025-08-19T10:27:07.0901905Z [36;1mgit config --global user.name "***"[0m
job-core	Upload Files	2025-08-19T10:27:07.0902462Z [36;1mgit config --global user.email "***"[0m
job-core	Upload Files	2025-08-19T10:27:07.0902810Z [36;1mgit pull[0m
job-core	Upload Files	2025-08-19T10:27:07.0903112Z [36;1mecho "Uploading files to the repository..."[0m
job-core	Upload Files	2025-08-19T10:27:07.0903471Z [36;1mgit add audit/kaos/*[0m
job-core	Upload Files	2025-08-19T10:27:07.0903902Z [36;1mgit commit -m "[Ka0S] Uploading resume execution files to the repository..."[0m
job-core	Upload Files	2025-08-19T10:27:07.0904467Z [36;1mgit push origin refs/heads/H330-documentacion-release-klaus [0m
job-core	Upload Files	2025-08-19T10:27:07.0918125Z shell: /usr/bin/bash -e {0}
job-core	Upload Files	2025-08-19T10:27:07.0918447Z env:
job-core	Upload Files	2025-08-19T10:27:07.0918683Z   KAOS_CODE: 17066823072
job-core	Upload Files	2025-08-19T10:27:07.0918966Z   KAOS_EVENT_NAME: push
job-core	Upload Files	2025-08-19T10:27:07.0919232Z   KAOS_ACTION: 
job-core	Upload Files	2025-08-19T10:27:07.0919547Z   KAOS_REF: refs/heads/H330-documentacion-release-klaus
job-core	Upload Files	2025-08-19T10:27:07.0919963Z   KAOS_MODULE: [Ka0S] kaos
job-core	Upload Files	2025-08-19T10:27:07.0920250Z   KAOS_PATH_RESUME: audit/kaos/
job-core	Upload Files	2025-08-19T10:27:07.0920561Z   KAOS_ACTOR: santakloud
job-core	Upload Files	2025-08-19T10:27:07.0920839Z   GITHUB_OUTPUT: 
job-core	Upload Files	2025-08-19T10:27:07.0921313Z ##[endgroup]
job-core	Upload Files	2025-08-19T10:27:07.0950288Z Downloading files to the repository...
job-core	Upload Files	2025-08-19T10:27:07.6809135Z Already up to date.
job-core	Upload Files	2025-08-19T10:27:07.6815616Z Uploading files to the repository...
job-core	Upload Files	2025-08-19T10:27:07.6955647Z [H330-documentacion-release-klaus 07864a48] [Ka0S] Uploading resume execution files to the repository...
job-core	Upload Files	2025-08-19T10:27:07.6956778Z  2 files changed, 5 insertions(+)
job-core	Upload Files	2025-08-19T10:27:07.6957214Z  create mode 100644 audit/kaos/17066823072-files-in-commit.txt
job-core	Upload Files	2025-08-19T10:27:07.6957780Z  create mode 100644 audit/kaos/17066823072.json
job-core	Upload Files	2025-08-19T10:27:08.6677990Z To https://github.com/Ka0s-Klaus/ka0s
job-core	Upload Files	2025-08-19T10:27:08.6680932Z    780768fe..07864a48  H330-documentacion-release-klaus -> H330-documentacion-release-klaus
job-core	Run git diff --name-only 7f7fd642a65ec83ea892044b4eabeb417905b392 780768fe2486a52502d78f6cb1c0f9435839ff1b > files-in-commit.txt	Ôªø2025-08-19T10:27:08.7040129Z ##[group]Run git diff --name-only 7f7fd642a65ec83ea892044b4eabeb417905b392 780768fe2486a52502d78f6cb1c0f9435839ff1b > files-in-commit.txt
job-core	Run git diff --name-only 7f7fd642a65ec83ea892044b4eabeb417905b392 780768fe2486a52502d78f6cb1c0f9435839ff1b > files-in-commit.txt	2025-08-19T10:27:08.7066073Z [36;1mgit diff --name-only 7f7fd642a65ec83ea892044b4eabeb417905b392 780768fe2486a52502d78f6cb1c0f9435839ff1b > files-in-commit.txt[0m
job-core	Run git diff --name-only 7f7fd642a65ec83ea892044b4eabeb417905b392 780768fe2486a52502d78f6cb1c0f9435839ff1b > files-in-commit.txt	2025-08-19T10:27:08.7068053Z [36;1mcat files-in-commit.txt[0m
job-core	Run git diff --name-only 7f7fd642a65ec83ea892044b4eabeb417905b392 780768fe2486a52502d78f6cb1c0f9435839ff1b > files-in-commit.txt	2025-08-19T10:27:08.7069028Z [36;1m# Nuevo proceso de activacion de los modulos[0m
job-core	Run git diff --name-only 7f7fd642a65ec83ea892044b4eabeb417905b392 780768fe2486a52502d78f6cb1c0f9435839ff1b > files-in-commit.txt	2025-08-19T10:27:08.7070029Z [36;1mwhile IFS= read -r line; do[0m
job-core	Run git diff --name-only 7f7fd642a65ec83ea892044b4eabeb417905b392 780768fe2486a52502d78f6cb1c0f9435839ff1b > files-in-commit.txt	2025-08-19T10:27:08.7070953Z [36;1m  # Skip files in core/outputs directory[0m
job-core	Run git diff --name-only 7f7fd642a65ec83ea892044b4eabeb417905b392 780768fe2486a52502d78f6cb1c0f9435839ff1b > files-in-commit.txt	2025-08-19T10:27:08.7072283Z [36;1m  if [[ "$line" == core/outputs/* || "$line" == core/results/* ]]; then[0m
job-core	Run git diff --name-only 7f7fd642a65ec83ea892044b4eabeb417905b392 780768fe2486a52502d78f6cb1c0f9435839ff1b > files-in-commit.txt	2025-08-19T10:27:08.7073582Z [36;1m    echo "Skipping file in outputs directory: $line"[0m
job-core	Run git diff --name-only 7f7fd642a65ec83ea892044b4eabeb417905b392 780768fe2486a52502d78f6cb1c0f9435839ff1b > files-in-commit.txt	2025-08-19T10:27:08.7074578Z [36;1m    continue[0m
job-core	Run git diff --name-only 7f7fd642a65ec83ea892044b4eabeb417905b392 780768fe2486a52502d78f6cb1c0f9435839ff1b > files-in-commit.txt	2025-08-19T10:27:08.7075221Z [36;1m  fi[0m
job-core	Run git diff --name-only 7f7fd642a65ec83ea892044b4eabeb417905b392 780768fe2486a52502d78f6cb1c0f9435839ff1b > files-in-commit.txt	2025-08-19T10:27:08.7076274Z [36;1m  echo "I Leemos el fichero files-in-commit.txt y extraemos el fichero $line"[0m
job-core	Run git diff --name-only 7f7fd642a65ec83ea892044b4eabeb417905b392 780768fe2486a52502d78f6cb1c0f9435839ff1b > files-in-commit.txt	2025-08-19T10:27:08.7077639Z [36;1m  module_failed=0[0m
job-core	Run git diff --name-only 7f7fd642a65ec83ea892044b4eabeb417905b392 780768fe2486a52502d78f6cb1c0f9435839ff1b > files-in-commit.txt	2025-08-19T10:27:08.7078391Z [36;1m  extension_failed=0[0m
job-core	Run git diff --name-only 7f7fd642a65ec83ea892044b4eabeb417905b392 780768fe2486a52502d78f6cb1c0f9435839ff1b > files-in-commit.txt	2025-08-19T10:27:08.7079206Z [36;1m  file_name=$(basename "$line")[0m
job-core	Run git diff --name-only 7f7fd642a65ec83ea892044b4eabeb417905b392 780768fe2486a52502d78f6cb1c0f9435839ff1b > files-in-commit.txt	2025-08-19T10:27:08.7080262Z [36;1m  echo "I-1 Calculamos el nombre del fichero $file_name"[0m
job-core	Run git diff --name-only 7f7fd642a65ec83ea892044b4eabeb417905b392 780768fe2486a52502d78f6cb1c0f9435839ff1b > files-in-commit.txt	2025-08-19T10:27:08.7081472Z [36;1m  file_extension="${file_name##*.}"[0m
job-core	Run git diff --name-only 7f7fd642a65ec83ea892044b4eabeb417905b392 780768fe2486a52502d78f6cb1c0f9435839ff1b > files-in-commit.txt	2025-08-19T10:27:08.7082632Z [36;1m  echo "I-2 Calculamos la extension del fichero $file_extension"[0m
job-core	Run git diff --name-only 7f7fd642a65ec83ea892044b4eabeb417905b392 780768fe2486a52502d78f6cb1c0f9435839ff1b > files-in-commit.txt	2025-08-19T10:27:08.7083853Z [36;1m  file_module="$file_extension""lint.yml"[0m
job-core	Run git diff --name-only 7f7fd642a65ec83ea892044b4eabeb417905b392 780768fe2486a52502d78f6cb1c0f9435839ff1b > files-in-commit.txt	2025-08-19T10:27:08.7084907Z [36;1m  echo "I-3 Calculamos el modulo $file_module"[0m
job-core	Run git diff --name-only 7f7fd642a65ec83ea892044b4eabeb417905b392 780768fe2486a52502d78f6cb1c0f9435839ff1b > files-in-commit.txt	2025-08-19T10:27:08.7085971Z [36;1m  IFS=',' read -r -a file_array <<< "$files"[0m
job-core	Run git diff --name-only 7f7fd642a65ec83ea892044b4eabeb417905b392 780768fe2486a52502d78f6cb1c0f9435839ff1b > files-in-commit.txt	2025-08-19T10:27:08.7086953Z [36;1m  for file in "${file_array[@]}"; do[0m
job-core	Run git diff --name-only 7f7fd642a65ec83ea892044b4eabeb417905b392 780768fe2486a52502d78f6cb1c0f9435839ff1b > files-in-commit.txt	2025-08-19T10:27:08.7087885Z [36;1m    echo "II Leemos el array de $file"[0m
job-core	Run git diff --name-only 7f7fd642a65ec83ea892044b4eabeb417905b392 780768fe2486a52502d78f6cb1c0f9435839ff1b > files-in-commit.txt	2025-08-19T10:27:08.7088874Z [36;1m    if [[ "$file_extension" == "$file" ]]; then[0m
job-core	Run git diff --name-only 7f7fd642a65ec83ea892044b4eabeb417905b392 780768fe2486a52502d78f6cb1c0f9435839ff1b > files-in-commit.txt	2025-08-19T10:27:08.7090057Z [36;1m      echo "III Comprobamos si $file_extension es igual a $file"[0m
job-core	Run git diff --name-only 7f7fd642a65ec83ea892044b4eabeb417905b392 780768fe2486a52502d78f6cb1c0f9435839ff1b > files-in-commit.txt	2025-08-19T10:27:08.7091421Z [36;1m      IFS=',' read -r -a module_array <<< "$modules"[0m
job-core	Run git diff --name-only 7f7fd642a65ec83ea892044b4eabeb417905b392 780768fe2486a52502d78f6cb1c0f9435839ff1b > files-in-commit.txt	2025-08-19T10:27:08.7093026Z [36;1m      for module in "${module_array[@]}"; do[0m
job-core	Run git diff --name-only 7f7fd642a65ec83ea892044b4eabeb417905b392 780768fe2486a52502d78f6cb1c0f9435839ff1b > files-in-commit.txt	2025-08-19T10:27:08.7094004Z [36;1m        echo "IV Leemos el array $module"[0m
job-core	Run git diff --name-only 7f7fd642a65ec83ea892044b4eabeb417905b392 780768fe2486a52502d78f6cb1c0f9435839ff1b > files-in-commit.txt	2025-08-19T10:27:08.7094998Z [36;1m        if [[ "$file_module" == *"$module"* ]]; then[0m
job-core	Run git diff --name-only 7f7fd642a65ec83ea892044b4eabeb417905b392 780768fe2486a52502d78f6cb1c0f9435839ff1b > files-in-commit.txt	2025-08-19T10:27:08.7096401Z [36;1m          echo "V Comprobamos que el $file_module es igual a $module y ejecutamos el flujo"[0m
job-core	Run git diff --name-only 7f7fd642a65ec83ea892044b4eabeb417905b392 780768fe2486a52502d78f6cb1c0f9435839ff1b > files-in-commit.txt	2025-08-19T10:27:08.7097909Z [36;1m          # Si hemos llegado hasta aqu√≠ ejecutamos el m√≥dulo[0m
job-core	Run git diff --name-only 7f7fd642a65ec83ea892044b4eabeb417905b392 780768fe2486a52502d78f6cb1c0f9435839ff1b > files-in-commit.txt	2025-08-19T10:27:08.7099014Z [36;1m          # Lanzamos el lint del fichero[0m
job-core	Run git diff --name-only 7f7fd642a65ec83ea892044b4eabeb417905b392 780768fe2486a52502d78f6cb1c0f9435839ff1b > files-in-commit.txt	2025-08-19T10:27:08.7100093Z [36;1m          RNNUMBER=$(echo "refs/heads/H330-documentacion-release-klaus" | grep -o '[0-9]*')[0m
job-core	Run git diff --name-only 7f7fd642a65ec83ea892044b4eabeb417905b392 780768fe2486a52502d78f6cb1c0f9435839ff1b > files-in-commit.txt	2025-08-19T10:27:08.7101314Z [36;1m          echo "El numero de la issue es: $RNNUMBER"[0m
job-core	Run git diff --name-only 7f7fd642a65ec83ea892044b4eabeb417905b392 780768fe2486a52502d78f6cb1c0f9435839ff1b > files-in-commit.txt	2025-08-19T10:27:08.7103246Z [36;1m          gh workflow run $file_module --ref refs/heads/H330-documentacion-release-klaus -f kaos-origin=17066823072 -f kaos-files=$line -f kaos-issue-id=$RNNUMBER -f kaos-user-start=santakloud[0m
job-core	Run git diff --name-only 7f7fd642a65ec83ea892044b4eabeb417905b392 780768fe2486a52502d78f6cb1c0f9435839ff1b > files-in-commit.txt	2025-08-19T10:27:08.7105104Z [36;1m          module_failed=0[0m
job-core	Run git diff --name-only 7f7fd642a65ec83ea892044b4eabeb417905b392 780768fe2486a52502d78f6cb1c0f9435839ff1b > files-in-commit.txt	2025-08-19T10:27:08.7105722Z [36;1m          extension_failed=0[0m
job-core	Run git diff --name-only 7f7fd642a65ec83ea892044b4eabeb417905b392 780768fe2486a52502d78f6cb1c0f9435839ff1b > files-in-commit.txt	2025-08-19T10:27:08.7106328Z [36;1m          break[0m
job-core	Run git diff --name-only 7f7fd642a65ec83ea892044b4eabeb417905b392 780768fe2486a52502d78f6cb1c0f9435839ff1b > files-in-commit.txt	2025-08-19T10:27:08.7106839Z [36;1m        else[0m
job-core	Run git diff --name-only 7f7fd642a65ec83ea892044b4eabeb417905b392 780768fe2486a52502d78f6cb1c0f9435839ff1b > files-in-commit.txt	2025-08-19T10:27:08.7107497Z [36;1m          # Control de si existe el modulo para esa extension"[0m
job-core	Run git diff --name-only 7f7fd642a65ec83ea892044b4eabeb417905b392 780768fe2486a52502d78f6cb1c0f9435839ff1b > files-in-commit.txt	2025-08-19T10:27:08.7108668Z [36;1m          echo "VI No es igual $file_module a $module y lo indicamos en la variable module_failed=1"[0m
job-core	Run git diff --name-only 7f7fd642a65ec83ea892044b4eabeb417905b392 780768fe2486a52502d78f6cb1c0f9435839ff1b > files-in-commit.txt	2025-08-19T10:27:08.7109686Z [36;1m          module_failed=1[0m
job-core	Run git diff --name-only 7f7fd642a65ec83ea892044b4eabeb417905b392 780768fe2486a52502d78f6cb1c0f9435839ff1b > files-in-commit.txt	2025-08-19T10:27:08.7110254Z [36;1m        fi[0m
job-core	Run git diff --name-only 7f7fd642a65ec83ea892044b4eabeb417905b392 780768fe2486a52502d78f6cb1c0f9435839ff1b > files-in-commit.txt	2025-08-19T10:27:08.7110730Z [36;1m      done[0m
job-core	Run git diff --name-only 7f7fd642a65ec83ea892044b4eabeb417905b392 780768fe2486a52502d78f6cb1c0f9435839ff1b > files-in-commit.txt	2025-08-19T10:27:08.7111362Z [36;1m      break[0m
job-core	Run git diff --name-only 7f7fd642a65ec83ea892044b4eabeb417905b392 780768fe2486a52502d78f6cb1c0f9435839ff1b > files-in-commit.txt	2025-08-19T10:27:08.7111841Z [36;1m    else[0m
job-core	Run git diff --name-only 7f7fd642a65ec83ea892044b4eabeb417905b392 780768fe2486a52502d78f6cb1c0f9435839ff1b > files-in-commit.txt	2025-08-19T10:27:08.7112469Z [36;1m      # Control de si existe el modulo para esa extension"[0m
job-core	Run git diff --name-only 7f7fd642a65ec83ea892044b4eabeb417905b392 780768fe2486a52502d78f6cb1c0f9435839ff1b > files-in-commit.txt	2025-08-19T10:27:08.7114144Z [36;1m      echo "VII No es igual $file_extension a $file y lo indicamos en la variable extension_failed=1"[0m
job-core	Run git diff --name-only 7f7fd642a65ec83ea892044b4eabeb417905b392 780768fe2486a52502d78f6cb1c0f9435839ff1b > files-in-commit.txt	2025-08-19T10:27:08.7115225Z [36;1m      extension_failed=1[0m
job-core	Run git diff --name-only 7f7fd642a65ec83ea892044b4eabeb417905b392 780768fe2486a52502d78f6cb1c0f9435839ff1b > files-in-commit.txt	2025-08-19T10:27:08.7115800Z [36;1m    fi  [0m
job-core	Run git diff --name-only 7f7fd642a65ec83ea892044b4eabeb417905b392 780768fe2486a52502d78f6cb1c0f9435839ff1b > files-in-commit.txt	2025-08-19T10:27:08.7116248Z [36;1m  done[0m
job-core	Run git diff --name-only 7f7fd642a65ec83ea892044b4eabeb417905b392 780768fe2486a52502d78f6cb1c0f9435839ff1b > files-in-commit.txt	2025-08-19T10:27:08.7116752Z [36;1m  if [[ $module_failed == 1 ]]; then[0m
job-core	Run git diff --name-only 7f7fd642a65ec83ea892044b4eabeb417905b392 780768fe2486a52502d78f6cb1c0f9435839ff1b > files-in-commit.txt	2025-08-19T10:27:08.7118716Z [36;1m    echo "IX Si el modulo falla ($module_failed) a√±adimos el comentario a la issue"[0m
job-core	Run git diff --name-only 7f7fd642a65ec83ea892044b4eabeb417905b392 780768fe2486a52502d78f6cb1c0f9435839ff1b > files-in-commit.txt	2025-08-19T10:27:08.7120576Z [36;1m    # Si hemos llegado hasta aqu√≠ a√±adimos el mensaje de que la extension esta permitida pero no dispone de modulo activo y aqui finaliza el proceso[0m
job-core	Run git diff --name-only 7f7fd642a65ec83ea892044b4eabeb417905b392 780768fe2486a52502d78f6cb1c0f9435839ff1b > files-in-commit.txt	2025-08-19T10:27:08.7122315Z [36;1m    # A√±adimos los valores a las variables de la issue[0m
job-core	Run git diff --name-only 7f7fd642a65ec83ea892044b4eabeb417905b392 780768fe2486a52502d78f6cb1c0f9435839ff1b > files-in-commit.txt	2025-08-19T10:27:08.7124445Z [36;1m    KAOS_ISSUE_BODY="[Ka0S] kaos ha detectado que la extensi√≥n ($file_extension) esta permitida dentro de KAOS_CORE_FILES, pero el m√≥dulo asociado ($file_module) no esta activo. Por favor compruebe que exista y esta activo."[0m
job-core	Run git diff --name-only 7f7fd642a65ec83ea892044b4eabeb417905b392 780768fe2486a52502d78f6cb1c0f9435839ff1b > files-in-commit.txt	2025-08-19T10:27:08.7126537Z [36;1m    # A√±adimos el comentario a la issue[0m
job-core	Run git diff --name-only 7f7fd642a65ec83ea892044b4eabeb417905b392 780768fe2486a52502d78f6cb1c0f9435839ff1b > files-in-commit.txt	2025-08-19T10:27:08.7127650Z [36;1m    RNNUMBER=$(echo "refs/heads/H330-documentacion-release-klaus" | grep -o '[0-9]*')[0m
job-core	Run git diff --name-only 7f7fd642a65ec83ea892044b4eabeb417905b392 780768fe2486a52502d78f6cb1c0f9435839ff1b > files-in-commit.txt	2025-08-19T10:27:08.7128845Z [36;1m    gh issue comment $RNNUMBER --body "$KAOS_ISSUE_BODY"[0m
job-core	Run git diff --name-only 7f7fd642a65ec83ea892044b4eabeb417905b392 780768fe2486a52502d78f6cb1c0f9435839ff1b > files-in-commit.txt	2025-08-19T10:27:08.7129595Z [36;1m  fi[0m
job-core	Run git diff --name-only 7f7fd642a65ec83ea892044b4eabeb417905b392 780768fe2486a52502d78f6cb1c0f9435839ff1b > files-in-commit.txt	2025-08-19T10:27:08.7130114Z [36;1m  if [[ $extension_failed == 1 ]]; then[0m
job-core	Run git diff --name-only 7f7fd642a65ec83ea892044b4eabeb417905b392 780768fe2486a52502d78f6cb1c0f9435839ff1b > files-in-commit.txt	2025-08-19T10:27:08.7131258Z [36;1m    echo "X Si extension falla falla ($extension_failed) a√±adimos el comentario a la issue"[0m
job-core	Run git diff --name-only 7f7fd642a65ec83ea892044b4eabeb417905b392 780768fe2486a52502d78f6cb1c0f9435839ff1b > files-in-commit.txt	2025-08-19T10:27:08.7132690Z [36;1m    # Si hemos llegado hasta aqu√≠ a√±adimos el mensaje de que la extension no esta permitida[0m
job-core	Run git diff --name-only 7f7fd642a65ec83ea892044b4eabeb417905b392 780768fe2486a52502d78f6cb1c0f9435839ff1b > files-in-commit.txt	2025-08-19T10:27:08.7133878Z [36;1m    # A√±adimos los valores a las variables de la issue[0m
job-core	Run git diff --name-only 7f7fd642a65ec83ea892044b4eabeb417905b392 780768fe2486a52502d78f6cb1c0f9435839ff1b > files-in-commit.txt	2025-08-19T10:27:08.7135606Z [36;1m    KAOS_ISSUE_BODY="[Ka0S] kaos ha detectado que la extensi√≥n ($file_extension) NO esta permitida dentro de KAOS_CORE_FILES. Por favor compruebe que exista y esta activo."[0m
job-core	Run git diff --name-only 7f7fd642a65ec83ea892044b4eabeb417905b392 780768fe2486a52502d78f6cb1c0f9435839ff1b > files-in-commit.txt	2025-08-19T10:27:08.7137291Z [36;1m    # A√±adimos el comentario a la issue[0m
job-core	Run git diff --name-only 7f7fd642a65ec83ea892044b4eabeb417905b392 780768fe2486a52502d78f6cb1c0f9435839ff1b > files-in-commit.txt	2025-08-19T10:27:08.7138731Z [36;1m    RNNUMBER=$(echo "refs/heads/H330-documentacion-release-klaus" | grep -o '[0-9]*')[0m
job-core	Run git diff --name-only 7f7fd642a65ec83ea892044b4eabeb417905b392 780768fe2486a52502d78f6cb1c0f9435839ff1b > files-in-commit.txt	2025-08-19T10:27:08.7139917Z [36;1m    gh issue comment $RNNUMBER --body "$KAOS_ISSUE_BODY"[0m
job-core	Run git diff --name-only 7f7fd642a65ec83ea892044b4eabeb417905b392 780768fe2486a52502d78f6cb1c0f9435839ff1b > files-in-commit.txt	2025-08-19T10:27:08.7140671Z [36;1m  fi  [0m
job-core	Run git diff --name-only 7f7fd642a65ec83ea892044b4eabeb417905b392 780768fe2486a52502d78f6cb1c0f9435839ff1b > files-in-commit.txt	2025-08-19T10:27:08.7141471Z [36;1***one < files-in-commit.txt      [0m
job-core	Run git diff --name-only 7f7fd642a65ec83ea892044b4eabeb417905b392 780768fe2486a52502d78f6cb1c0f9435839ff1b > files-in-commit.txt	2025-08-19T10:27:08.7153569Z shell: /usr/bin/bash -e {0}
job-core	Run git diff --name-only 7f7fd642a65ec83ea892044b4eabeb417905b392 780768fe2486a52502d78f6cb1c0f9435839ff1b > files-in-commit.txt	2025-08-19T10:27:08.7154037Z env:
job-core	Run git diff --name-only 7f7fd642a65ec83ea892044b4eabeb417905b392 780768fe2486a52502d78f6cb1c0f9435839ff1b > files-in-commit.txt	2025-08-19T10:27:08.7154389Z   KAOS_CODE: 17066823072
job-core	Run git diff --name-only 7f7fd642a65ec83ea892044b4eabeb417905b392 780768fe2486a52502d78f6cb1c0f9435839ff1b > files-in-commit.txt	2025-08-19T10:27:08.7154817Z   KAOS_EVENT_NAME: push
job-core	Run git diff --name-only 7f7fd642a65ec83ea892044b4eabeb417905b392 780768fe2486a52502d78f6cb1c0f9435839ff1b > files-in-commit.txt	2025-08-19T10:27:08.7155224Z   KAOS_ACTION: 
job-core	Run git diff --name-only 7f7fd642a65ec83ea892044b4eabeb417905b392 780768fe2486a52502d78f6cb1c0f9435839ff1b > files-in-commit.txt	2025-08-19T10:27:08.7155711Z   KAOS_REF: refs/heads/H330-documentacion-release-klaus
job-core	Run git diff --name-only 7f7fd642a65ec83ea892044b4eabeb417905b392 780768fe2486a52502d78f6cb1c0f9435839ff1b > files-in-commit.txt	2025-08-19T10:27:08.7156314Z   KAOS_MODULE: [Ka0S] kaos
job-core	Run git diff --name-only 7f7fd642a65ec83ea892044b4eabeb417905b392 780768fe2486a52502d78f6cb1c0f9435839ff1b > files-in-commit.txt	2025-08-19T10:27:08.7156764Z   KAOS_PATH_RESUME: audit/kaos/
job-core	Run git diff --name-only 7f7fd642a65ec83ea892044b4eabeb417905b392 780768fe2486a52502d78f6cb1c0f9435839ff1b > files-in-commit.txt	2025-08-19T10:27:08.7157220Z   KAOS_ACTOR: santakloud
job-core	Run git diff --name-only 7f7fd642a65ec83ea892044b4eabeb417905b392 780768fe2486a52502d78f6cb1c0f9435839ff1b > files-in-commit.txt	2025-08-19T10:27:08.7157635Z   GITHUB_OUTPUT: 
job-core	Run git diff --name-only 7f7fd642a65ec83ea892044b4eabeb417905b392 780768fe2486a52502d78f6cb1c0f9435839ff1b > files-in-commit.txt	2025-08-19T10:27:08.7158502Z   modules: ***
job-core	Run git diff --name-only 7f7fd642a65ec83ea892044b4eabeb417905b392 780768fe2486a52502d78f6cb1c0f9435839ff1b > files-in-commit.txt	2025-08-19T10:27:08.7158919Z   files: ***
job-core	Run git diff --name-only 7f7fd642a65ec83ea892044b4eabeb417905b392 780768fe2486a52502d78f6cb1c0f9435839ff1b > files-in-commit.txt	2025-08-19T10:27:08.7159493Z   GH_TOKEN: ***
job-core	Run git diff --name-only 7f7fd642a65ec83ea892044b4eabeb417905b392 780768fe2486a52502d78f6cb1c0f9435839ff1b > files-in-commit.txt	2025-08-19T10:27:08.7159857Z ##[endgroup]
job-core	Run git diff --name-only 7f7fd642a65ec83ea892044b4eabeb417905b392 780768fe2486a52502d78f6cb1c0f9435839ff1b > files-in-commit.txt	2025-08-19T10:27:08.7245870Z audit/kaos/17066196278-files-in-commit.txt
job-core	Run git diff --name-only 7f7fd642a65ec83ea892044b4eabeb417905b392 780768fe2486a52502d78f6cb1c0f9435839ff1b > files-in-commit.txt	2025-08-19T10:27:08.7246574Z audit/kaos/17066196278.json
job-core	Run git diff --name-only 7f7fd642a65ec83ea892044b4eabeb417905b392 780768fe2486a52502d78f6cb1c0f9435839ff1b > files-in-commit.txt	2025-08-19T10:27:08.7247041Z audit/kaos/17066706824-files-in-commit.txt
job-core	Run git diff --name-only 7f7fd642a65ec83ea892044b4eabeb417905b392 780768fe2486a52502d78f6cb1c0f9435839ff1b > files-in-commit.txt	2025-08-19T10:27:08.7247507Z audit/kaos/17066706824.json
job-core	Run git diff --name-only 7f7fd642a65ec83ea892044b4eabeb417905b392 780768fe2486a52502d78f6cb1c0f9435839ff1b > files-in-commit.txt	2025-08-19T10:27:08.7250215Z I Leemos el fichero files-in-commit.txt y extraemos el fichero audit/kaos/17066196278-files-in-commit.txt
job-core	Run git diff --name-only 7f7fd642a65ec83ea892044b4eabeb417905b392 780768fe2486a52502d78f6cb1c0f9435839ff1b > files-in-commit.txt	2025-08-19T10:27:08.7262009Z I-1 Calculamos el nombre del fichero 17066196278-files-in-commit.txt
job-core	Run git diff --name-only 7f7fd642a65ec83ea892044b4eabeb417905b392 780768fe2486a52502d78f6cb1c0f9435839ff1b > files-in-commit.txt	2025-08-19T10:27:08.7262607Z I-2 Calculamos la extension del fichero txt
job-core	Run git diff --name-only 7f7fd642a65ec83ea892044b4eabeb417905b392 780768fe2486a52502d78f6cb1c0f9435839ff1b > files-in-commit.txt	2025-08-19T10:27:08.7263024Z I-3 Calculamos el modulo txtlint.yml
job-core	Run git diff --name-only 7f7fd642a65ec83ea892044b4eabeb417905b392 780768fe2486a52502d78f6cb1c0f9435839ff1b > files-in-commit.txt	2025-08-19T10:27:08.7264017Z II Leemos el array de ***
job-core	Run git diff --name-only 7f7fd642a65ec83ea892044b4eabeb417905b392 780768fe2486a52502d78f6cb1c0f9435839ff1b > files-in-commit.txt	2025-08-19T10:27:08.7264569Z VII No es igual txt a *** y lo indicamos en la variable extension_failed=1
job-core	Run git diff --name-only 7f7fd642a65ec83ea892044b4eabeb417905b392 780768fe2486a52502d78f6cb1c0f9435839ff1b > files-in-commit.txt	2025-08-19T10:27:08.7265489Z X Si extension falla falla (1) a√±adimos el comentario a la issue
job-core	Run git diff --name-only 7f7fd642a65ec83ea892044b4eabeb417905b392 780768fe2486a52502d78f6cb1c0f9435839ff1b > files-in-commit.txt	2025-08-19T10:27:09.6794617Z https://github.com/Ka0s-Klaus/ka0s/issues/330#issuecomment-3200170251
job-core	Run git diff --name-only 7f7fd642a65ec83ea892044b4eabeb417905b392 780768fe2486a52502d78f6cb1c0f9435839ff1b > files-in-commit.txt	2025-08-19T10:27:09.6859152Z I Leemos el fichero files-in-commit.txt y extraemos el fichero audit/kaos/17066196278.json
job-core	Run git diff --name-only 7f7fd642a65ec83ea892044b4eabeb417905b392 780768fe2486a52502d78f6cb1c0f9435839ff1b > files-in-commit.txt	2025-08-19T10:27:09.6900651Z I-1 Calculamos el nombre del fichero 17066196278.json
job-core	Run git diff --name-only 7f7fd642a65ec83ea892044b4eabeb417905b392 780768fe2486a52502d78f6cb1c0f9435839ff1b > files-in-commit.txt	2025-08-19T10:27:09.6902675Z I-2 Calculamos la extension del fichero json
job-core	Run git diff --name-only 7f7fd642a65ec83ea892044b4eabeb417905b392 780768fe2486a52502d78f6cb1c0f9435839ff1b > files-in-commit.txt	2025-08-19T10:27:09.6904176Z I-3 Calculamos el modulo jsonlint.yml
job-core	Run git diff --name-only 7f7fd642a65ec83ea892044b4eabeb417905b392 780768fe2486a52502d78f6cb1c0f9435839ff1b > files-in-commit.txt	2025-08-19T10:27:09.6906477Z II Leemos el array de ***
job-core	Run git diff --name-only 7f7fd642a65ec83ea892044b4eabeb417905b392 780768fe2486a52502d78f6cb1c0f9435839ff1b > files-in-commit.txt	2025-08-19T10:27:09.6909137Z VII No es igual json a *** y lo indicamos en la variable extension_failed=1
job-core	Run git diff --name-only 7f7fd642a65ec83ea892044b4eabeb417905b392 780768fe2486a52502d78f6cb1c0f9435839ff1b > files-in-commit.txt	2025-08-19T10:27:11.3716807Z X Si extension falla falla (1) a√±adimos el comentario a la issue
job-core	Run git diff --name-only 7f7fd642a65ec83ea892044b4eabeb417905b392 780768fe2486a52502d78f6cb1c0f9435839ff1b > files-in-commit.txt	2025-08-19T10:27:11.3719273Z https://github.com/Ka0s-Klaus/ka0s/issues/330#issuecomment-3200170328
job-core	Run git diff --name-only 7f7fd642a65ec83ea892044b4eabeb417905b392 780768fe2486a52502d78f6cb1c0f9435839ff1b > files-in-commit.txt	2025-08-19T10:27:11.3775471Z I Leemos el fichero files-in-commit.txt y extraemos el fichero audit/kaos/17066706824-files-in-commit.txt
job-core	Run git diff --name-only 7f7fd642a65ec83ea892044b4eabeb417905b392 780768fe2486a52502d78f6cb1c0f9435839ff1b > files-in-commit.txt	2025-08-19T10:27:11.3818667Z I-1 Calculamos el nombre del fichero 17066706824-files-in-commit.txt
job-core	Run git diff --name-only 7f7fd642a65ec83ea892044b4eabeb417905b392 780768fe2486a52502d78f6cb1c0f9435839ff1b > files-in-commit.txt	2025-08-19T10:27:11.3820624Z I-2 Calculamos la extension del fichero txt
job-core	Run git diff --name-only 7f7fd642a65ec83ea892044b4eabeb417905b392 780768fe2486a52502d78f6cb1c0f9435839ff1b > files-in-commit.txt	2025-08-19T10:27:11.3822796Z I-3 Calculamos el modulo txtlint.yml
job-core	Run git diff --name-only 7f7fd642a65ec83ea892044b4eabeb417905b392 780768fe2486a52502d78f6cb1c0f9435839ff1b > files-in-commit.txt	2025-08-19T10:27:11.3825093Z II Leemos el array de ***
job-core	Run git diff --name-only 7f7fd642a65ec83ea892044b4eabeb417905b392 780768fe2486a52502d78f6cb1c0f9435839ff1b > files-in-commit.txt	2025-08-19T10:27:11.3826733Z VII No es igual txt a *** y lo indicamos en la variable extension_failed=1
job-core	Run git diff --name-only 7f7fd642a65ec83ea892044b4eabeb417905b392 780768fe2486a52502d78f6cb1c0f9435839ff1b > files-in-commit.txt	2025-08-19T10:27:11.3829432Z X Si extension falla falla (1) a√±adimos el comentario a la issue
job-core	Run git diff --name-only 7f7fd642a65ec83ea892044b4eabeb417905b392 780768fe2486a52502d78f6cb1c0f9435839ff1b > files-in-commit.txt	2025-08-19T10:27:12.3990848Z https://github.com/Ka0s-Klaus/ka0s/issues/330#issuecomment-3200170404
job-core	Run git diff --name-only 7f7fd642a65ec83ea892044b4eabeb417905b392 780768fe2486a52502d78f6cb1c0f9435839ff1b > files-in-commit.txt	2025-08-19T10:27:12.4057381Z I Leemos el fichero files-in-commit.txt y extraemos el fichero audit/kaos/17066706824.json
job-core	Run git diff --name-only 7f7fd642a65ec83ea892044b4eabeb417905b392 780768fe2486a52502d78f6cb1c0f9435839ff1b > files-in-commit.txt	2025-08-19T10:27:12.4099072Z I-1 Calculamos el nombre del fichero 17066706824.json
job-core	Run git diff --name-only 7f7fd642a65ec83ea892044b4eabeb417905b392 780768fe2486a52502d78f6cb1c0f9435839ff1b > files-in-commit.txt	2025-08-19T10:27:12.4100742Z I-2 Calculamos la extension del fichero json
job-core	Run git diff --name-only 7f7fd642a65ec83ea892044b4eabeb417905b392 780768fe2486a52502d78f6cb1c0f9435839ff1b > files-in-commit.txt	2025-08-19T10:27:12.4102397Z I-3 Calculamos el modulo jsonlint.yml
job-core	Run git diff --name-only 7f7fd642a65ec83ea892044b4eabeb417905b392 780768fe2486a52502d78f6cb1c0f9435839ff1b > files-in-commit.txt	2025-08-19T10:27:12.4103973Z II Leemos el array de ***
job-core	Run git diff --name-only 7f7fd642a65ec83ea892044b4eabeb417905b392 780768fe2486a52502d78f6cb1c0f9435839ff1b > files-in-commit.txt	2025-08-19T10:27:12.4105718Z VII No es igual json a *** y lo indicamos en la variable extension_failed=1
job-core	Run git diff --name-only 7f7fd642a65ec83ea892044b4eabeb417905b392 780768fe2486a52502d78f6cb1c0f9435839ff1b > files-in-commit.txt	2025-08-19T10:27:12.4110547Z X Si extension falla falla (1) a√±adimos el comentario a la issue
job-core	Run git diff --name-only 7f7fd642a65ec83ea892044b4eabeb417905b392 780768fe2486a52502d78f6cb1c0f9435839ff1b > files-in-commit.txt	2025-08-19T10:27:13.4476191Z https://github.com/Ka0s-Klaus/ka0s/issues/330#issuecomment-3200170468
job-core	Post Checkout code	Ôªø2025-08-19T10:27:13.4856114Z Post job cleanup.
job-core	Post Checkout code	2025-08-19T10:27:13.6097899Z [command]/usr/bin/git version
job-core	Post Checkout code	2025-08-19T10:27:13.6137686Z git version 2.43.0
job-core	Post Checkout code	2025-08-19T10:27:13.6180227Z Copying '/home/kaos/.gitconfig' to '/actions-runner/_work/_temp/836ddf13-b6c0-4b8b-ad54-3641b3135ce3/.gitconfig'
job-core	Post Checkout code	2025-08-19T10:27:13.6194771Z Temporarily overriding HOME='/actions-runner/_work/_temp/836ddf13-b6c0-4b8b-ad54-3641b3135ce3' before making global git config changes
job-core	Post Checkout code	2025-08-19T10:27:13.6195586Z Adding repository directory to the temporary git global config as a safe directory
job-core	Post Checkout code	2025-08-19T10:27:13.6200760Z [command]/usr/bin/git config --global --add safe.directory /actions-runner/_work/ka0s/ka0s
job-core	Post Checkout code	2025-08-19T10:27:13.6248173Z [command]/usr/bin/git config --local --name-only --get-regexp core\.sshCommand
job-core	Post Checkout code	2025-08-19T10:27:13.6286434Z [command]/usr/bin/git submodule foreach --recursive sh -c "git config --local --name-only --get-regexp 'core\.sshCommand' && git config --local --unset-all 'core.sshCommand' || :"
job-core	Post Checkout code	2025-08-19T10:27:13.6541374Z [command]/usr/bin/git config --local --name-only --get-regexp http\.https\:\/\/github\.com\/\.extraheader
job-core	Post Checkout code	2025-08-19T10:27:13.6565722Z http.https://github.com/.extraheader
job-core	Post Checkout code	2025-08-19T10:27:13.6578262Z [command]/usr/bin/git config --local --unset-all http.https://github.com/.extraheader
job-core	Post Checkout code	2025-08-19T10:27:13.6617324Z [command]/usr/bin/git submodule foreach --recursive sh -c "git config --local --name-only --get-regexp 'http\.https\:\/\/github\.com\/\.extraheader' && git config --local --unset-all 'http.https://github.com/.extraheader' || :"
job-core	Complete job	Ôªø2025-08-19T10:27:13.6979216Z Cleaning up orphan processes
handle-success	Set up job	Ôªø2025-08-19T10:27:19.3698872Z Current runner version: '2.327.1'
handle-success	Set up job	2025-08-19T10:27:19.3706060Z Runner name: 'ka0s-ka0s-3'
handle-success	Set up job	2025-08-19T10:27:19.3706917Z Runner group name: 'ka0s'
handle-success	Set up job	2025-08-19T10:27:19.3707820Z Machine name: '3951c78e42d6'
handle-success	Set up job	2025-08-19T10:27:19.3710499Z ##[group]GITHUB_TOKEN Permissions
handle-success	Set up job	2025-08-19T10:27:19.3713124Z Contents: read
handle-success	Set up job	2025-08-19T10:27:19.3713792Z Metadata: read
handle-success	Set up job	2025-08-19T10:27:19.3714353Z Packages: read
handle-success	Set up job	2025-08-19T10:27:19.3714861Z ##[endgroup]
handle-success	Set up job	2025-08-19T10:27:19.3716951Z Secret source: Actions
handle-success	Set up job	2025-08-19T10:27:19.3717686Z Prepare workflow directory
handle-success	Set up job	2025-08-19T10:27:19.4420593Z Prepare all required actions
handle-success	Set up job	2025-08-19T10:27:19.4467604Z Getting action download info
handle-success	Set up job	2025-08-19T10:27:19.9953100Z Download action repository 'actions/checkout@v4' (SHA:08eba0b27e820071cde6df949e0beb9ba4906955)
handle-success	Set up job	2025-08-19T10:27:20.8774418Z Complete job name: handle-success
handle-success	Checkout code	Ôªø2025-08-19T10:27:20.9297993Z ##[group]Run actions/checkout@v4
handle-success	Checkout code	2025-08-19T10:27:20.9298927Z with:
handle-success	Checkout code	2025-08-19T10:27:20.9299356Z   fetch-depth: 0
handle-success	Checkout code	2025-08-19T10:27:20.9300048Z   token: ***
handle-success	Checkout code	2025-08-19T10:27:20.9300538Z   repository: Ka0s-Klaus/ka0s
handle-success	Checkout code	2025-08-19T10:27:20.9301105Z   ssh-strict: true
handle-success	Checkout code	2025-08-19T10:27:20.9301681Z   ssh-user: git
handle-success	Checkout code	2025-08-19T10:27:20.9302126Z   persist-credentials: true
handle-success	Checkout code	2025-08-19T10:27:20.9302743Z   clean: true
handle-success	Checkout code	2025-08-19T10:27:20.9303174Z   sparse-checkout-cone-mode: true
handle-success	Checkout code	2025-08-19T10:27:20.9303712Z   fetch-tags: false
handle-success	Checkout code	2025-08-19T10:27:20.9304152Z   show-progress: true
handle-success	Checkout code	2025-08-19T10:27:20.9304584Z   lfs: false
handle-success	Checkout code	2025-08-19T10:27:20.9304986Z   submodules: false
handle-success	Checkout code	2025-08-19T10:27:20.9305453Z   set-safe-directory: true
handle-success	Checkout code	2025-08-19T10:27:20.9306180Z env:
handle-success	Checkout code	2025-08-19T10:27:20.9306600Z   KAOS_CODE: 17066823072
handle-success	Checkout code	2025-08-19T10:27:20.9307071Z   KAOS_EVENT_NAME: push
handle-success	Checkout code	2025-08-19T10:27:20.9307518Z   KAOS_ACTION: 
handle-success	Checkout code	2025-08-19T10:27:20.9308032Z   KAOS_REF: refs/heads/H330-documentacion-release-klaus
handle-success	Checkout code	2025-08-19T10:27:20.9308662Z   KAOS_MODULE: [Ka0S] kaos
handle-success	Checkout code	2025-08-19T10:27:20.9309195Z   KAOS_PATH_RESUME: audit/kaos/
handle-success	Checkout code	2025-08-19T10:27:20.9309711Z   KAOS_ACTOR: santakloud
handle-success	Checkout code	2025-08-19T10:27:20.9310177Z ##[endgroup]
handle-success	Checkout code	2025-08-19T10:27:21.0479092Z Syncing repository: Ka0s-Klaus/ka0s
handle-success	Checkout code	2025-08-19T10:27:21.0481421Z ##[group]Getting Git version info
handle-success	Checkout code	2025-08-19T10:27:21.0482486Z Working directory is '/actions-runner/_work/ka0s/ka0s'
handle-success	Checkout code	2025-08-19T10:27:21.0483555Z [command]/usr/bin/git version
handle-success	Checkout code	2025-08-19T10:27:21.0484108Z git version 2.43.0
handle-success	Checkout code	2025-08-19T10:27:21.0497142Z ##[endgroup]
handle-success	Checkout code	2025-08-19T10:27:21.0509100Z Copying '/home/kaos/.gitconfig' to '/actions-runner/_work/_temp/349a7532-ecbb-4740-9a34-44da90788672/.gitconfig'
handle-success	Checkout code	2025-08-19T10:27:21.0520797Z Temporarily overriding HOME='/actions-runner/_work/_temp/349a7532-ecbb-4740-9a34-44da90788672' before making global git config changes
handle-success	Checkout code	2025-08-19T10:27:21.0522867Z Adding repository directory to the temporary git global config as a safe directory
handle-success	Checkout code	2025-08-19T10:27:21.0526741Z [command]/usr/bin/git config --global --add safe.directory /actions-runner/_work/ka0s/ka0s
handle-success	Checkout code	2025-08-19T10:27:21.0569267Z [command]/usr/bin/git config --local --get remote.origin.url
handle-success	Checkout code	2025-08-19T10:27:21.0601172Z https://github.com/Ka0s-Klaus/ka0s
handle-success	Checkout code	2025-08-19T10:27:21.0621364Z ##[group]Removing previously created refs, to avoid conflicts
handle-success	Checkout code	2025-08-19T10:27:21.0625982Z [command]/usr/bin/git rev-parse --symbolic-full-name --verify --quiet HEAD
handle-success	Checkout code	2025-08-19T10:27:21.0651039Z refs/heads/H330-documentacion-release-klaus
handle-success	Checkout code	2025-08-19T10:27:21.0663290Z [command]/usr/bin/git checkout --detach
handle-success	Checkout code	2025-08-19T10:27:21.0742276Z HEAD is now at 3d335e71 Volcamos primero toda la informacion a un fichero
handle-success	Checkout code	2025-08-19T10:27:21.0788790Z [command]/usr/bin/git branch --delete --force H330-documentacion-release-klaus
handle-success	Checkout code	2025-08-19T10:27:21.0823735Z Deleted branch H330-documentacion-release-klaus (was 3d335e71).
handle-success	Checkout code	2025-08-19T10:27:21.0907991Z ##[endgroup]
handle-success	Checkout code	2025-08-19T10:27:21.0909670Z [command]/usr/bin/git submodule status
handle-success	Checkout code	2025-08-19T10:27:21.1156569Z ##[group]Cleaning the repository
handle-success	Checkout code	2025-08-19T10:27:21.1161160Z [command]/usr/bin/git clean -ffdx
handle-success	Checkout code	2025-08-19T10:27:21.1219623Z [command]/usr/bin/git reset --hard HEAD
handle-success	Checkout code	2025-08-19T10:27:21.1302692Z HEAD is now at 3d335e71 Volcamos primero toda la informacion a un fichero
handle-success	Checkout code	2025-08-19T10:27:21.1308969Z ##[endgroup]
handle-success	Checkout code	2025-08-19T10:27:21.1309905Z ##[group]Disabling automatic garbage collection
handle-success	Checkout code	2025-08-19T10:27:21.1315429Z [command]/usr/bin/git config --local gc.auto 0
handle-success	Checkout code	2025-08-19T10:27:21.1347752Z ##[endgroup]
handle-success	Checkout code	2025-08-19T10:27:21.1348731Z ##[group]Setting up auth
handle-success	Checkout code	2025-08-19T10:27:21.1354717Z [command]/usr/bin/git config --local --name-only --get-regexp core\.sshCommand
handle-success	Checkout code	2025-08-19T10:27:21.1388126Z [command]/usr/bin/git submodule foreach --recursive sh -c "git config --local --name-only --get-regexp 'core\.sshCommand' && git config --local --unset-all 'core.sshCommand' || :"
handle-success	Checkout code	2025-08-19T10:27:21.1639580Z [command]/usr/bin/git config --local --name-only --get-regexp http\.https\:\/\/github\.com\/\.extraheader
handle-success	Checkout code	2025-08-19T10:27:21.1671891Z [command]/usr/bin/git submodule foreach --recursive sh -c "git config --local --name-only --get-regexp 'http\.https\:\/\/github\.com\/\.extraheader' && git config --local --unset-all 'http.https://github.com/.extraheader' || :"
handle-success	Checkout code	2025-08-19T10:27:21.1924245Z [command]/usr/bin/git config --local http.https://github.com/.extraheader AUTHORIZATION: basic ***
handle-success	Checkout code	2025-08-19T10:27:21.1965116Z ##[endgroup]
handle-success	Checkout code	2025-08-19T10:27:21.1973603Z ##[group]Fetching the repository
handle-success	Checkout code	2025-08-19T10:27:21.1975144Z [command]/usr/bin/git -c protocol.version=2 fetch --prune --no-recurse-submodules origin +refs/heads/*:refs/remotes/origin/* +refs/tags/*:refs/tags/*
handle-success	Checkout code	2025-08-19T10:27:22.0377994Z From https://github.com/Ka0s-Klaus/ka0s
handle-success	Checkout code	2025-08-19T10:27:22.0379660Z    3d335e71..07864a48  H330-documentacion-release-klaus -> origin/H330-documentacion-release-klaus
handle-success	Checkout code	2025-08-19T10:27:22.0381337Z    e91829ea..ea9fb35f  main       -> origin/main
handle-success	Checkout code	2025-08-19T10:27:22.0461743Z [command]/usr/bin/git branch --list --remote origin/H330-documentacion-release-klaus
handle-success	Checkout code	2025-08-19T10:27:22.0494198Z   origin/H330-documentacion-release-klaus
handle-success	Checkout code	2025-08-19T10:27:22.0502902Z [command]/usr/bin/git rev-parse refs/remotes/origin/H330-documentacion-release-klaus
handle-success	Checkout code	2025-08-19T10:27:22.0527897Z 07864a4864a70a6934da65b95c821763dfa2b6c8
handle-success	Checkout code	2025-08-19T10:27:22.0539314Z [command]/usr/bin/git -c protocol.version=2 fetch --no-tags --prune --no-recurse-submodules origin +780768fe2486a52502d78f6cb1c0f9435839ff1b:refs/remotes/origin/H330-documentacion-release-klaus
handle-success	Checkout code	2025-08-19T10:27:22.0715739Z From https://github.com/Ka0s-Klaus/ka0s
handle-success	Checkout code	2025-08-19T10:27:22.0717187Z  + 07864a48...780768fe 780768fe2486a52502d78f6cb1c0f9435839ff1b -> origin/H330-documentacion-release-klaus  (forced update)
handle-success	Checkout code	2025-08-19T10:27:22.0740046Z ##[endgroup]
handle-success	Checkout code	2025-08-19T10:27:22.0740922Z ##[group]Determining the checkout info
handle-success	Checkout code	2025-08-19T10:27:22.0741943Z ##[endgroup]
handle-success	Checkout code	2025-08-19T10:27:22.0746719Z [command]/usr/bin/git sparse-checkout disable
handle-success	Checkout code	2025-08-19T10:27:22.0798887Z [command]/usr/bin/git config --local --unset-all extensions.worktreeConfig
handle-success	Checkout code	2025-08-19T10:27:22.0831663Z ##[group]Checking out the ref
handle-success	Checkout code	2025-08-19T10:27:22.0836550Z [command]/usr/bin/git checkout --progress --force -B H330-documentacion-release-klaus refs/remotes/origin/H330-documentacion-release-klaus
handle-success	Checkout code	2025-08-19T10:27:22.0997145Z Previous HEAD position was 3d335e71 Volcamos primero toda la informacion a un fichero
handle-success	Checkout code	2025-08-19T10:27:22.1007843Z Switched to a new branch 'H330-documentacion-release-klaus'
handle-success	Checkout code	2025-08-19T10:27:22.1010055Z branch 'H330-documentacion-release-klaus' set up to track 'origin/H330-documentacion-release-klaus'.
handle-success	Checkout code	2025-08-19T10:27:22.1015756Z ##[endgroup]
handle-success	Checkout code	2025-08-19T10:27:22.1058084Z [command]/usr/bin/git log -1 --format=%H
handle-success	Checkout code	2025-08-19T10:27:22.1087405Z 780768fe2486a52502d78f6cb1c0f9435839ff1b
handle-success	handle-success-execution	Ôªø2025-08-19T10:27:22.1320077Z ##[group]Run # Si todo ha ido correcto a√±adimos el contenido del fichero 
handle-success	handle-success-execution	2025-08-19T10:27:22.1321401Z [36;1m# Si todo ha ido correcto a√±adimos el contenido del fichero [0m
handle-success	handle-success-execution	2025-08-19T10:27:22.1322544Z [36;1mRNNUMBER=$(echo "refs/heads/H330-documentacion-release-klaus" | grep -o '[0-9]*')[0m
handle-success	handle-success-execution	2025-08-19T10:27:22.1323941Z [36;1mgh issue comment $RNNUMBER --body "El proceso ha finalizado correctamente 17066823072. El resultado de la ejecuci√≥n se guardar√° en MongoDB"[0m
handle-success	handle-success-execution	2025-08-19T10:27:22.1334745Z shell: /usr/bin/bash -e {0}
handle-success	handle-success-execution	2025-08-19T10:27:22.1335268Z env:
handle-success	handle-success-execution	2025-08-19T10:27:22.1335662Z   KAOS_CODE: 17066823072
handle-success	handle-success-execution	2025-08-19T10:27:22.1336127Z   KAOS_EVENT_NAME: push
handle-success	handle-success-execution	2025-08-19T10:27:22.1336584Z   KAOS_ACTION: 
handle-success	handle-success-execution	2025-08-19T10:27:22.1337090Z   KAOS_REF: refs/heads/H330-documentacion-release-klaus
handle-success	handle-success-execution	2025-08-19T10:27:22.1337701Z   KAOS_MODULE: [Ka0S] kaos
handle-success	handle-success-execution	2025-08-19T10:27:22.1338181Z   KAOS_PATH_RESUME: audit/kaos/
handle-success	handle-success-execution	2025-08-19T10:27:22.1338678Z   KAOS_ACTOR: santakloud
handle-success	handle-success-execution	2025-08-19T10:27:22.1339377Z   GH_TOKEN: ***
handle-success	handle-success-execution	2025-08-19T10:27:22.1339849Z ##[endgroup]
handle-success	handle-success-execution	2025-08-19T10:27:23.1563090Z https://github.com/Ka0s-Klaus/ka0s/issues/330#issuecomment-3200171026
handle-success	Post Checkout code	Ôªø2025-08-19T10:27:23.1814012Z Post job cleanup.
handle-success	Post Checkout code	2025-08-19T10:27:23.2861679Z [command]/usr/bin/git version
handle-success	Post Checkout code	2025-08-19T10:27:23.2902629Z git version 2.43.0
handle-success	Post Checkout code	2025-08-19T10:27:23.2942392Z Copying '/home/kaos/.gitconfig' to '/actions-runner/_work/_temp/8f32beb7-a211-412b-8dd7-90dce4859b5f/.gitconfig'
handle-success	Post Checkout code	2025-08-19T10:27:23.2955413Z Temporarily overriding HOME='/actions-runner/_work/_temp/8f32beb7-a211-412b-8dd7-90dce4859b5f' before making global git config changes
handle-success	Post Checkout code	2025-08-19T10:27:23.2961733Z Adding repository directory to the temporary git global config as a safe directory
handle-success	Post Checkout code	2025-08-19T10:27:23.2964291Z [command]/usr/bin/git config --global --add safe.directory /actions-runner/_work/ka0s/ka0s
handle-success	Post Checkout code	2025-08-19T10:27:23.3000699Z [command]/usr/bin/git config --local --name-only --get-regexp core\.sshCommand
handle-success	Post Checkout code	2025-08-19T10:27:23.3056698Z [command]/usr/bin/git submodule foreach --recursive sh -c "git config --local --name-only --get-regexp 'core\.sshCommand' && git config --local --unset-all 'core.sshCommand' || :"
handle-success	Post Checkout code	2025-08-19T10:27:23.3400413Z [command]/usr/bin/git config --local --name-only --get-regexp http\.https\:\/\/github\.com\/\.extraheader
handle-success	Post Checkout code	2025-08-19T10:27:23.3428495Z http.https://github.com/.extraheader
handle-success	Post Checkout code	2025-08-19T10:27:23.3442097Z [command]/usr/bin/git config --local --unset-all http.https://github.com/.extraheader
handle-success	Post Checkout code	2025-08-19T10:27:23.3480212Z [command]/usr/bin/git submodule foreach --recursive sh -c "git config --local --name-only --get-regexp 'http\.https\:\/\/github\.com\/\.extraheader' && git config --local --unset-all 'http.https://github.com/.extraheader' || :"
handle-success	Complete job	Ôªø2025-08-19T10:27:23.3904655Z Cleaning up orphan processes
end-workflow	Set up job	Ôªø2025-08-19T10:27:29.2328586Z Current runner version: '2.327.1'
end-workflow	Set up job	2025-08-19T10:27:29.2336186Z Runner name: 'ka0s-ka0s-2'
end-workflow	Set up job	2025-08-19T10:27:29.2336909Z Runner group name: 'ka0s'
end-workflow	Set up job	2025-08-19T10:27:29.2337881Z Machine name: '194f155ad019'
end-workflow	Set up job	2025-08-19T10:27:29.2340485Z ##[group]GITHUB_TOKEN Permissions
end-workflow	Set up job	2025-08-19T10:27:29.2343022Z Contents: read
end-workflow	Set up job	2025-08-19T10:27:29.2343638Z Metadata: read
end-workflow	Set up job	2025-08-19T10:27:29.2344142Z Packages: read
end-workflow	Set up job	2025-08-19T10:27:29.2344678Z ##[endgroup]
end-workflow	Set up job	2025-08-19T10:27:29.2346741Z Secret source: Actions
end-workflow	Set up job	2025-08-19T10:27:29.2347419Z Prepare workflow directory
end-workflow	Set up job	2025-08-19T10:27:29.2981738Z Prepare all required actions
end-workflow	Set up job	2025-08-19T10:27:29.3023374Z Getting action download info
end-workflow	Set up job	2025-08-19T10:27:29.8528182Z Download action repository 'actions/checkout@v4' (SHA:08eba0b27e820071cde6df949e0beb9ba4906955)
end-workflow	Set up job	2025-08-19T10:27:30.7378514Z Complete job name: end-workflow
end-workflow	Checkout code	Ôªø2025-08-19T10:27:30.7899419Z ##[group]Run actions/checkout@v4
end-workflow	Checkout code	2025-08-19T10:27:30.7900345Z with:
end-workflow	Checkout code	2025-08-19T10:27:30.7900786Z   fetch-depth: 0
end-workflow	Checkout code	2025-08-19T10:27:30.7901714Z   token: ***
end-workflow	Checkout code	2025-08-19T10:27:30.7902225Z   repository: Ka0s-Klaus/ka0s
end-workflow	Checkout code	2025-08-19T10:27:30.7902864Z   ssh-strict: true
end-workflow	Checkout code	2025-08-19T10:27:30.7903297Z   ssh-user: git
end-workflow	Checkout code	2025-08-19T10:27:30.7903739Z   persist-credentials: true
end-workflow	Checkout code	2025-08-19T10:27:30.7904233Z   clean: true
end-workflow	Checkout code	2025-08-19T10:27:30.7904680Z   sparse-checkout-cone-mode: true
end-workflow	Checkout code	2025-08-19T10:27:30.7905223Z   fetch-tags: false
end-workflow	Checkout code	2025-08-19T10:27:30.7905671Z   show-progress: true
end-workflow	Checkout code	2025-08-19T10:27:30.7906124Z   lfs: false
end-workflow	Checkout code	2025-08-19T10:27:30.7906532Z   submodules: false
end-workflow	Checkout code	2025-08-19T10:27:30.7907016Z   set-safe-directory: true
end-workflow	Checkout code	2025-08-19T10:27:30.7907890Z env:
end-workflow	Checkout code	2025-08-19T10:27:30.7908433Z   KAOS_CODE: 17066823072
end-workflow	Checkout code	2025-08-19T10:27:30.7908915Z   KAOS_EVENT_NAME: push
end-workflow	Checkout code	2025-08-19T10:27:30.7909375Z   KAOS_ACTION: 
end-workflow	Checkout code	2025-08-19T10:27:30.7909896Z   KAOS_REF: refs/heads/H330-documentacion-release-klaus
end-workflow	Checkout code	2025-08-19T10:27:30.7910541Z   KAOS_MODULE: [Ka0S] kaos
end-workflow	Checkout code	2025-08-19T10:27:30.7911364Z   KAOS_PATH_RESUME: audit/kaos/
end-workflow	Checkout code	2025-08-19T10:27:30.7912023Z   KAOS_ACTOR: santakloud
end-workflow	Checkout code	2025-08-19T10:27:30.7912683Z   GH_TOKEN: ***
end-workflow	Checkout code	2025-08-19T10:27:30.7913120Z ##[endgroup]
end-workflow	Checkout code	2025-08-19T10:27:30.9076547Z Syncing repository: Ka0s-Klaus/ka0s
end-workflow	Checkout code	2025-08-19T10:27:30.9078794Z ##[group]Getting Git version info
end-workflow	Checkout code	2025-08-19T10:27:30.9079593Z Working directory is '/actions-runner/_work/ka0s/ka0s'
end-workflow	Checkout code	2025-08-19T10:27:30.9080809Z [command]/usr/bin/git version
end-workflow	Checkout code	2025-08-19T10:27:30.9081850Z git version 2.43.0
end-workflow	Checkout code	2025-08-19T10:27:30.9097937Z ##[endgroup]
end-workflow	Checkout code	2025-08-19T10:27:30.9110258Z Copying '/home/kaos/.gitconfig' to '/actions-runner/_work/_temp/e8b64f04-8bff-443e-ab4a-b225a86885f4/.gitconfig'
end-workflow	Checkout code	2025-08-19T10:27:30.9121456Z Temporarily overriding HOME='/actions-runner/_work/_temp/e8b64f04-8bff-443e-ab4a-b225a86885f4' before making global git config changes
end-workflow	Checkout code	2025-08-19T10:27:30.9123284Z Adding repository directory to the temporary git global config as a safe directory
end-workflow	Checkout code	2025-08-19T10:27:30.9128175Z [command]/usr/bin/git config --global --add safe.directory /actions-runner/_work/ka0s/ka0s
end-workflow	Checkout code	2025-08-19T10:27:30.9171506Z [command]/usr/bin/git config --local --get remote.origin.url
end-workflow	Checkout code	2025-08-19T10:27:30.9195618Z https://github.com/Ka0s-Klaus/ka0s
end-workflow	Checkout code	2025-08-19T10:27:30.9214546Z ##[group]Removing previously created refs, to avoid conflicts
end-workflow	Checkout code	2025-08-19T10:27:30.9219482Z [command]/usr/bin/git rev-parse --symbolic-full-name --verify --quiet HEAD
end-workflow	Checkout code	2025-08-19T10:27:30.9244253Z refs/heads/H330-documentacion-release-klaus
end-workflow	Checkout code	2025-08-19T10:27:30.9254892Z [command]/usr/bin/git checkout --detach
end-workflow	Checkout code	2025-08-19T10:27:30.9332681Z HEAD is now at 7f7fd642 [Ka0S] Uploading resume execution files to the repository...
end-workflow	Checkout code	2025-08-19T10:27:30.9379517Z [command]/usr/bin/git branch --delete --force H330-documentacion-release-klaus
end-workflow	Checkout code	2025-08-19T10:27:30.9413684Z Deleted branch H330-documentacion-release-klaus (was 7f7fd642).
end-workflow	Checkout code	2025-08-19T10:27:30.9497183Z ##[endgroup]
end-workflow	Checkout code	2025-08-19T10:27:30.9499433Z [command]/usr/bin/git submodule status
end-workflow	Checkout code	2025-08-19T10:27:30.9749103Z ##[group]Cleaning the repository
end-workflow	Checkout code	2025-08-19T10:27:30.9754051Z [command]/usr/bin/git clean -ffdx
end-workflow	Checkout code	2025-08-19T10:27:30.9802037Z Removing files-in-commit.txt
end-workflow	Checkout code	2025-08-19T10:27:30.9811619Z [command]/usr/bin/git reset --hard HEAD
end-workflow	Checkout code	2025-08-19T10:27:30.9894218Z HEAD is now at 7f7fd642 [Ka0S] Uploading resume execution files to the repository...
end-workflow	Checkout code	2025-08-19T10:27:30.9900380Z ##[endgroup]
end-workflow	Checkout code	2025-08-19T10:27:30.9901387Z ##[group]Disabling automatic garbage collection
end-workflow	Checkout code	2025-08-19T10:27:30.9906235Z [command]/usr/bin/git config --local gc.auto 0
end-workflow	Checkout code	2025-08-19T10:27:30.9947944Z ##[endgroup]
end-workflow	Checkout code	2025-08-19T10:27:30.9948866Z ##[group]Setting up auth
end-workflow	Checkout code	2025-08-19T10:27:30.9955078Z [command]/usr/bin/git config --local --name-only --get-regexp core\.sshCommand
end-workflow	Checkout code	2025-08-19T10:27:30.9989947Z [command]/usr/bin/git submodule foreach --recursive sh -c "git config --local --name-only --get-regexp 'core\.sshCommand' && git config --local --unset-all 'core.sshCommand' || :"
end-workflow	Checkout code	2025-08-19T10:27:31.0241492Z [command]/usr/bin/git config --local --name-only --get-regexp http\.https\:\/\/github\.com\/\.extraheader
end-workflow	Checkout code	2025-08-19T10:27:31.0271950Z [command]/usr/bin/git submodule foreach --recursive sh -c "git config --local --name-only --get-regexp 'http\.https\:\/\/github\.com\/\.extraheader' && git config --local --unset-all 'http.https://github.com/.extraheader' || :"
end-workflow	Checkout code	2025-08-19T10:27:31.0528753Z [command]/usr/bin/git config --local http.https://github.com/.extraheader AUTHORIZATION: basic ***
end-workflow	Checkout code	2025-08-19T10:27:31.0571803Z ##[endgroup]
end-workflow	Checkout code	2025-08-19T10:27:31.0572822Z ##[group]Fetching the repository
end-workflow	Checkout code	2025-08-19T10:27:31.0579860Z [command]/usr/bin/git -c protocol.version=2 fetch --prune --no-recurse-submodules origin +refs/heads/*:refs/remotes/origin/* +refs/tags/*:refs/tags/*
end-workflow	Checkout code	2025-08-19T10:27:31.8669487Z From https://github.com/Ka0s-Klaus/ka0s
end-workflow	Checkout code	2025-08-19T10:27:31.8670899Z    7f7fd642..07864a48  H330-documentacion-release-klaus -> origin/H330-documentacion-release-klaus
end-workflow	Checkout code	2025-08-19T10:27:31.8675370Z    e91829ea..ea9fb35f  main       -> origin/main
end-workflow	Checkout code	2025-08-19T10:27:31.8748472Z [command]/usr/bin/git branch --list --remote origin/H330-documentacion-release-klaus
end-workflow	Checkout code	2025-08-19T10:27:31.8782658Z   origin/H330-documentacion-release-klaus
end-workflow	Checkout code	2025-08-19T10:27:31.8791571Z [command]/usr/bin/git rev-parse refs/remotes/origin/H330-documentacion-release-klaus
end-workflow	Checkout code	2025-08-19T10:27:31.8815952Z 07864a4864a70a6934da65b95c821763dfa2b6c8
end-workflow	Checkout code	2025-08-19T10:27:31.8827683Z [command]/usr/bin/git -c protocol.version=2 fetch --no-tags --prune --no-recurse-submodules origin +780768fe2486a52502d78f6cb1c0f9435839ff1b:refs/remotes/origin/H330-documentacion-release-klaus
end-workflow	Checkout code	2025-08-19T10:27:31.9005970Z From https://github.com/Ka0s-Klaus/ka0s
end-workflow	Checkout code	2025-08-19T10:27:31.9007481Z  + 07864a48...780768fe 780768fe2486a52502d78f6cb1c0f9435839ff1b -> origin/H330-documentacion-release-klaus  (forced update)
end-workflow	Checkout code	2025-08-19T10:27:31.9030434Z ##[endgroup]
end-workflow	Checkout code	2025-08-19T10:27:31.9031385Z ##[group]Determining the checkout info
end-workflow	Checkout code	2025-08-19T10:27:31.9032333Z ##[endgroup]
end-workflow	Checkout code	2025-08-19T10:27:31.9035849Z [command]/usr/bin/git sparse-checkout disable
end-workflow	Checkout code	2025-08-19T10:27:31.9088205Z [command]/usr/bin/git config --local --unset-all extensions.worktreeConfig
end-workflow	Checkout code	2025-08-19T10:27:31.9121730Z ##[group]Checking out the ref
end-workflow	Checkout code	2025-08-19T10:27:31.9127019Z [command]/usr/bin/git checkout --progress --force -B H330-documentacion-release-klaus refs/remotes/origin/H330-documentacion-release-klaus
end-workflow	Checkout code	2025-08-19T10:27:31.9288831Z Previous HEAD position was 7f7fd642 [Ka0S] Uploading resume execution files to the repository...
end-workflow	Checkout code	2025-08-19T10:27:31.9298226Z Switched to a new branch 'H330-documentacion-release-klaus'
end-workflow	Checkout code	2025-08-19T10:27:31.9299507Z branch 'H330-documentacion-release-klaus' set up to track 'origin/H330-documentacion-release-klaus'.
end-workflow	Checkout code	2025-08-19T10:27:31.9306232Z ##[endgroup]
end-workflow	Checkout code	2025-08-19T10:27:31.9349137Z [command]/usr/bin/git log -1 --format=%H
end-workflow	Checkout code	2025-08-19T10:27:31.9379281Z 780768fe2486a52502d78f6cb1c0f9435839ff1b
end-workflow	Finaliza el workflow	Ôªø2025-08-19T10:27:31.9617537Z ##[group]Run echo "End process"
end-workflow	Finaliza el workflow	2025-08-19T10:27:31.9618289Z [36;1mecho "End process"[0m
end-workflow	Finaliza el workflow	2025-08-19T10:27:31.9619184Z [36;1mRNNUMBER=$(echo "refs/heads/H330-documentacion-release-klaus" | grep -o '[0-9]*')[0m
end-workflow	Finaliza el workflow	2025-08-19T10:27:31.9620327Z [36;1mgh issue comment $RNNUMBER --body "Se finaliza Ka0s 17066823072"[0m
end-workflow	Finaliza el workflow	2025-08-19T10:27:31.9622182Z [36;1mgh workflow run inspector.yml --ref 'main' -f kaos-issue-id=$RNNUMBER -f kaos-workflow-id="17066823072" -f kaos-user-start=""[0m
end-workflow	Finaliza el workflow	2025-08-19T10:27:31.9634235Z shell: /usr/bin/bash -e {0}
end-workflow	Finaliza el workflow	2025-08-19T10:27:31.9634820Z env:
end-workflow	Finaliza el workflow	2025-08-19T10:27:31.9635241Z   KAOS_CODE: 17066823072
end-workflow	Finaliza el workflow	2025-08-19T10:27:31.9635750Z   KAOS_EVENT_NAME: push
end-workflow	Finaliza el workflow	2025-08-19T10:27:31.9636240Z   KAOS_ACTION: 
end-workflow	Finaliza el workflow	2025-08-19T10:27:31.9636800Z   KAOS_REF: refs/heads/H330-documentacion-release-klaus
end-workflow	Finaliza el workflow	2025-08-19T10:27:31.9637485Z   KAOS_MODULE: [Ka0S] kaos
end-workflow	Finaliza el workflow	2025-08-19T10:27:31.9638002Z   KAOS_PATH_RESUME: audit/kaos/
end-workflow	Finaliza el workflow	2025-08-19T10:27:31.9638553Z   KAOS_ACTOR: santakloud
end-workflow	Finaliza el workflow	2025-08-19T10:27:31.9639323Z   GH_TOKEN: ***
end-workflow	Finaliza el workflow	2025-08-19T10:27:31.9639826Z ##[endgroup]
end-workflow	Finaliza el workflow	2025-08-19T10:27:31.9695999Z End process
end-workflow	Finaliza el workflow	2025-08-19T10:27:32.9672744Z https://github.com/Ka0s-Klaus/ka0s/issues/330#issuecomment-3200171613
end-workflow	Post Checkout code	Ôªø2025-08-19T10:27:33.6777167Z Post job cleanup.
end-workflow	Post Checkout code	2025-08-19T10:27:33.7784881Z [command]/usr/bin/git version
end-workflow	Post Checkout code	2025-08-19T10:27:33.7824025Z git version 2.43.0
end-workflow	Post Checkout code	2025-08-19T10:27:33.7863817Z Copying '/home/kaos/.gitconfig' to '/actions-runner/_work/_temp/2f7fb7d7-1c18-44fb-bbda-8a7b488ef9f9/.gitconfig'
end-workflow	Post Checkout code	2025-08-19T10:27:33.7879877Z Temporarily overriding HOME='/actions-runner/_work/_temp/2f7fb7d7-1c18-44fb-bbda-8a7b488ef9f9' before making global git config changes
end-workflow	Post Checkout code	2025-08-19T10:27:33.7880912Z Adding repository directory to the temporary git global config as a safe directory
end-workflow	Post Checkout code	2025-08-19T10:27:33.7886979Z [command]/usr/bin/git config --global --add safe.directory /actions-runner/_work/ka0s/ka0s
end-workflow	Post Checkout code	2025-08-19T10:27:33.7928102Z [command]/usr/bin/git config --local --name-only --get-regexp core\.sshCommand
end-workflow	Post Checkout code	2025-08-19T10:27:33.7968822Z [command]/usr/bin/git submodule foreach --recursive sh -c "git config --local --name-only --get-regexp 'core\.sshCommand' && git config --local --unset-all 'core.sshCommand' || :"
end-workflow	Post Checkout code	2025-08-19T10:27:33.8231092Z [command]/usr/bin/git config --local --name-only --get-regexp http\.https\:\/\/github\.com\/\.extraheader
end-workflow	Post Checkout code	2025-08-19T10:27:33.8332413Z http.https://github.com/.extraheader
end-workflow	Post Checkout code	2025-08-19T10:27:33.8335792Z [command]/usr/bin/git config --local --unset-all http.https://github.com/.extraheader
end-workflow	Post Checkout code	2025-08-19T10:27:33.8337557Z [command]/usr/bin/git submodule foreach --recursive sh -c "git config --local --name-only --get-regexp 'http\.https\:\/\/github\.com\/\.extraheader' && git config --local --unset-all 'http.https://github.com/.extraheader' || :"
end-workflow	Complete job	Ôªø2025-08-19T10:27:33.8677428Z Cleaning up orphan processes
