job-core	Set up job	ï»¿2025-08-20T07:31:00.8975549Z Current runner version: '2.328.0'
job-core	Set up job	2025-08-20T07:31:00.8984190Z Runner name: 'ka0s-ka0s-2'
job-core	Set up job	2025-08-20T07:31:00.8985157Z Runner group name: 'ka0s'
job-core	Set up job	2025-08-20T07:31:00.8986045Z Machine name: '194f155ad019'
job-core	Set up job	2025-08-20T07:31:00.8989185Z ##[group]GITHUB_TOKEN Permissions
job-core	Set up job	2025-08-20T07:31:00.8992254Z Actions: write
job-core	Set up job	2025-08-20T07:31:00.8992892Z Contents: write
job-core	Set up job	2025-08-20T07:31:00.8993422Z Issues: write
job-core	Set up job	2025-08-20T07:31:00.8994091Z Metadata: read
job-core	Set up job	2025-08-20T07:31:00.8994771Z PullRequests: write
job-core	Set up job	2025-08-20T07:31:00.8995335Z ##[endgroup]
job-core	Set up job	2025-08-20T07:31:00.8997896Z Secret source: Actions
job-core	Set up job	2025-08-20T07:31:00.8998668Z Prepare workflow directory
job-core	Set up job	2025-08-20T07:31:00.9705535Z Prepare all required actions
job-core	Set up job	2025-08-20T07:31:00.9754467Z Getting action download info
job-core	Set up job	2025-08-20T07:31:01.5993354Z Download action repository 'actions/checkout@v4' (SHA:08eba0b27e820071cde6df949e0beb9ba4906955)
job-core	Set up job	2025-08-20T07:31:02.4274750Z Download action repository 'actions/setup-node@v2' (SHA:7c12f8017d5436eb855f1ed4399f037a36fbd9e8)
job-core	Set up job	2025-08-20T07:31:03.3426200Z Complete job name: job-core
job-core	Checkout code	ï»¿2025-08-20T07:31:03.4131986Z ##[group]Run actions/checkout@v4
job-core	Checkout code	2025-08-20T07:31:03.4133486Z with:
job-core	Checkout code	2025-08-20T07:31:03.4134246Z   fetch-depth: 0
job-core	Checkout code	2025-08-20T07:31:03.4135608Z   token: ***
job-core	Checkout code	2025-08-20T07:31:03.4136408Z   repository: Ka0s-Klaus/ka0s
job-core	Checkout code	2025-08-20T07:31:03.4137331Z   ssh-strict: true
job-core	Checkout code	2025-08-20T07:31:03.4138093Z   ssh-user: git
job-core	Checkout code	2025-08-20T07:31:03.4138893Z   persist-credentials: true
job-core	Checkout code	2025-08-20T07:31:03.4139775Z   clean: true
job-core	Checkout code	2025-08-20T07:31:03.4140740Z   sparse-checkout-cone-mode: true
job-core	Checkout code	2025-08-20T07:31:03.4142584Z   fetch-tags: false
job-core	Checkout code	2025-08-20T07:31:03.4143406Z   show-progress: true
job-core	Checkout code	2025-08-20T07:31:03.4144230Z   lfs: false
job-core	Checkout code	2025-08-20T07:31:03.4144966Z   submodules: false
job-core	Checkout code	2025-08-20T07:31:03.4145785Z   set-safe-directory: true
job-core	Checkout code	2025-08-20T07:31:03.4147158Z env:
job-core	Checkout code	2025-08-20T07:31:03.4148056Z   KAOS_MODULE: [Ka0S] JSONLINT
job-core	Checkout code	2025-08-20T07:31:03.4149529Z   GH_TOKEN: ***
job-core	Checkout code	2025-08-20T07:31:03.4150564Z   KAOS_JSONLINT_CONFIG: core/config/.jsonlint.json
job-core	Checkout code	2025-08-20T07:31:03.4152083Z   KAOS_PATH_RESUME: audit/jsonlint/
job-core	Checkout code	2025-08-20T07:31:03.4153221Z   KAOS_REPO: /actions-runner/_work/kaos/kaos
job-core	Checkout code	2025-08-20T07:31:03.4154388Z   KAOS_STEP_MODULE: 
job-core	Checkout code	2025-08-20T07:31:03.4155183Z   KAOS_CODE: 17091646739
job-core	Checkout code	2025-08-20T07:31:03.4156017Z   KAOS_REF_BRANCH: main
job-core	Checkout code	2025-08-20T07:31:03.4156807Z ##[endgroup]
job-core	Checkout code	2025-08-20T07:31:03.5458876Z Syncing repository: Ka0s-Klaus/ka0s
job-core	Checkout code	2025-08-20T07:31:03.5462406Z ##[group]Getting Git version info
job-core	Checkout code	2025-08-20T07:31:03.5463739Z Working directory is '/actions-runner/_work/ka0s/ka0s'
job-core	Checkout code	2025-08-20T07:31:03.5465578Z [command]/usr/bin/git version
job-core	Checkout code	2025-08-20T07:31:03.5466803Z git version 2.43.0
job-core	Checkout code	2025-08-20T07:31:03.5472343Z ##[endgroup]
job-core	Checkout code	2025-08-20T07:31:03.5482354Z Copying '/home/kaos/.gitconfig' to '/actions-runner/_work/_temp/4c37c832-9706-46df-84c8-56952311993f/.gitconfig'
job-core	Checkout code	2025-08-20T07:31:03.5485727Z Temporarily overriding HOME='/actions-runner/_work/_temp/4c37c832-9706-46df-84c8-56952311993f' before making global git config changes
job-core	Checkout code	2025-08-20T07:31:03.5488970Z Adding repository directory to the temporary git global config as a safe directory
job-core	Checkout code	2025-08-20T07:31:03.5491793Z [command]/usr/bin/git config --global --add safe.directory /actions-runner/_work/ka0s/ka0s
job-core	Checkout code	2025-08-20T07:31:03.5526183Z [command]/usr/bin/git config --local --get remote.origin.url
job-core	Checkout code	2025-08-20T07:31:03.5562619Z https://github.com/Ka0s-Klaus/ka0s
job-core	Checkout code	2025-08-20T07:31:03.5583676Z ##[group]Removing previously created refs, to avoid conflicts
job-core	Checkout code	2025-08-20T07:31:03.5589197Z [command]/usr/bin/git rev-parse --symbolic-full-name --verify --quiet HEAD
job-core	Checkout code	2025-08-20T07:31:03.5616591Z refs/heads/H1335-revision-modulo-yamllint
job-core	Checkout code	2025-08-20T07:31:03.5625297Z [command]/usr/bin/git checkout --detach
job-core	Checkout code	2025-08-20T07:31:03.5703818Z HEAD is now at 47ca0312 [Ka0S] Uploading resume execution files to the repository...
job-core	Checkout code	2025-08-20T07:31:03.5750578Z [command]/usr/bin/git branch --delete --force H1335-revision-modulo-yamllint
job-core	Checkout code	2025-08-20T07:31:03.5786816Z Deleted branch H1335-revision-modulo-yamllint (was 47ca0312).
job-core	Checkout code	2025-08-20T07:31:03.5882210Z ##[endgroup]
job-core	Checkout code	2025-08-20T07:31:03.5883427Z [command]/usr/bin/git submodule status
job-core	Checkout code	2025-08-20T07:31:03.6146635Z ##[group]Cleaning the repository
job-core	Checkout code	2025-08-20T07:31:03.6150926Z [command]/usr/bin/git clean -ffdx
job-core	Checkout code	2025-08-20T07:31:03.6207178Z [command]/usr/bin/git reset --hard HEAD
job-core	Checkout code	2025-08-20T07:31:03.6296104Z HEAD is now at 47ca0312 [Ka0S] Uploading resume execution files to the repository...
job-core	Checkout code	2025-08-20T07:31:03.6300309Z ##[endgroup]
job-core	Checkout code	2025-08-20T07:31:03.6301945Z ##[group]Disabling automatic garbage collection
job-core	Checkout code	2025-08-20T07:31:03.6306515Z [command]/usr/bin/git config --local gc.auto 0
job-core	Checkout code	2025-08-20T07:31:03.6342477Z ##[endgroup]
job-core	Checkout code	2025-08-20T07:31:03.6344269Z ##[group]Setting up auth
job-core	Checkout code	2025-08-20T07:31:03.6347343Z [command]/usr/bin/git config --local --name-only --get-regexp core\.sshCommand
job-core	Checkout code	2025-08-20T07:31:03.6394225Z [command]/usr/bin/git submodule foreach --recursive sh -c "git config --local --name-only --get-regexp 'core\.sshCommand' && git config --local --unset-all 'core.sshCommand' || :"
job-core	Checkout code	2025-08-20T07:31:03.6685334Z [command]/usr/bin/git config --local --name-only --get-regexp http\.https\:\/\/github\.com\/\.extraheader
job-core	Checkout code	2025-08-20T07:31:03.6722626Z [command]/usr/bin/git submodule foreach --recursive sh -c "git config --local --name-only --get-regexp 'http\.https\:\/\/github\.com\/\.extraheader' && git config --local --unset-all 'http.https://github.com/.extraheader' || :"
job-core	Checkout code	2025-08-20T07:31:03.7037946Z [command]/usr/bin/git config --local http.https://github.com/.extraheader AUTHORIZATION: basic ***
job-core	Checkout code	2025-08-20T07:31:03.7098250Z ##[endgroup]
job-core	Checkout code	2025-08-20T07:31:03.7108346Z ##[group]Fetching the repository
job-core	Checkout code	2025-08-20T07:31:03.7114363Z [command]/usr/bin/git -c protocol.version=2 fetch --prune --no-recurse-submodules origin +refs/heads/*:refs/remotes/origin/* +refs/tags/*:refs/tags/*
job-core	Checkout code	2025-08-20T07:31:04.2222624Z From https://github.com/Ka0s-Klaus/ka0s
job-core	Checkout code	2025-08-20T07:31:04.2227677Z    47ca0312..7934fe8a  H1335-revision-modulo-yamllint -> origin/H1335-revision-modulo-yamllint
job-core	Checkout code	2025-08-20T07:31:04.2406059Z [command]/usr/bin/git branch --list --remote origin/H1335-revision-modulo-yamllint
job-core	Checkout code	2025-08-20T07:31:04.2462986Z   origin/H1335-revision-modulo-yamllint
job-core	Checkout code	2025-08-20T07:31:04.2497149Z [command]/usr/bin/git rev-parse refs/remotes/origin/H1335-revision-modulo-yamllint
job-core	Checkout code	2025-08-20T07:31:04.2542147Z 7934fe8a55e4cdd663ed7af927bce4e339eb4808
job-core	Checkout code	2025-08-20T07:31:04.2598327Z [command]/usr/bin/git -c protocol.version=2 fetch --no-tags --prune --no-recurse-submodules origin +47ca03123e4be40ab08a51971c9591a0e2797c8f:refs/remotes/origin/H1335-revision-modulo-yamllint
job-core	Checkout code	2025-08-20T07:31:04.2819113Z From https://github.com/Ka0s-Klaus/ka0s
job-core	Checkout code	2025-08-20T07:31:04.2821516Z  + 7934fe8a...47ca0312 47ca03123e4be40ab08a51971c9591a0e2797c8f -> origin/H1335-revision-modulo-yamllint  (forced update)
job-core	Checkout code	2025-08-20T07:31:04.2866353Z ##[endgroup]
job-core	Checkout code	2025-08-20T07:31:04.2867920Z ##[group]Determining the checkout info
job-core	Checkout code	2025-08-20T07:31:04.2869668Z ##[endgroup]
job-core	Checkout code	2025-08-20T07:31:04.2870743Z [command]/usr/bin/git sparse-checkout disable
job-core	Checkout code	2025-08-20T07:31:04.2928180Z [command]/usr/bin/git config --local --unset-all extensions.worktreeConfig
job-core	Checkout code	2025-08-20T07:31:04.2973991Z ##[group]Checking out the ref
job-core	Checkout code	2025-08-20T07:31:04.3068061Z [command]/usr/bin/git checkout --progress --force -B H1335-revision-modulo-yamllint refs/remotes/origin/H1335-revision-modulo-yamllint
job-core	Checkout code	2025-08-20T07:31:04.3070893Z Switched to a new branch 'H1335-revision-modulo-yamllint'
job-core	Checkout code	2025-08-20T07:31:04.3082007Z branch 'H1335-revision-modulo-yamllint' set up to track 'origin/H1335-revision-modulo-yamllint'.
job-core	Checkout code	2025-08-20T07:31:04.3188006Z ##[endgroup]
job-core	Checkout code	2025-08-20T07:31:04.3208191Z [command]/usr/bin/git log -1 --format=%H
job-core	Checkout code	2025-08-20T07:31:04.3210930Z 47ca03123e4be40ab08a51971c9591a0e2797c8f
job-core	Install Node.js	ï»¿2025-08-20T07:31:04.3478335Z ##[group]Run actions/setup-node@v2
job-core	Install Node.js	2025-08-20T07:31:04.3479304Z with:
job-core	Install Node.js	2025-08-20T07:31:04.3479966Z   node-version: 14
job-core	Install Node.js	2025-08-20T07:31:04.3480852Z   always-auth: false
job-core	Install Node.js	2025-08-20T07:31:04.3481847Z   check-latest: false
job-core	Install Node.js	2025-08-20T07:31:04.3482994Z   token: ***
job-core	Install Node.js	2025-08-20T07:31:04.3483656Z env:
job-core	Install Node.js	2025-08-20T07:31:04.3484543Z   KAOS_MODULE: [Ka0S] JSONLINT
job-core	Install Node.js	2025-08-20T07:31:04.3485603Z   GH_TOKEN: ***
job-core	Install Node.js	2025-08-20T07:31:04.3486731Z   KAOS_JSONLINT_CONFIG: core/config/.jsonlint.json
job-core	Install Node.js	2025-08-20T07:31:04.3487795Z   KAOS_PATH_RESUME: audit/jsonlint/
job-core	Install Node.js	2025-08-20T07:31:04.3488767Z   KAOS_REPO: /actions-runner/_work/kaos/kaos
job-core	Install Node.js	2025-08-20T07:31:04.3489737Z   KAOS_STEP_MODULE: 
job-core	Install Node.js	2025-08-20T07:31:04.3490485Z   KAOS_CODE: 17091646739
job-core	Install Node.js	2025-08-20T07:31:04.3491707Z   KAOS_REF_BRANCH: main
job-core	Install Node.js	2025-08-20T07:31:04.3492479Z ##[endgroup]
job-core	Install Node.js	2025-08-20T07:31:04.5089840Z Found in cache @ /actions-runner/_work/_tool/node/14.21.3/x64
job-core	Install jsonlint	ï»¿2025-08-20T07:31:04.5247960Z ##[group]Run if ! command -v jsonlint &> /dev/null; then
job-core	Install jsonlint	2025-08-20T07:31:04.5249351Z [36;1mif ! command -v jsonlint &> /dev/null; then[0m
job-core	Install jsonlint	2025-08-20T07:31:04.5250521Z [36;1m  echo "Installing jsonlint..."[0m
job-core	Install jsonlint	2025-08-20T07:31:04.5251675Z [36;1m  npm install -g jsonlint[0m
job-core	Install jsonlint	2025-08-20T07:31:04.5252590Z [36;1melse[0m
job-core	Install jsonlint	2025-08-20T07:31:04.5267376Z [36;1m  echo "jsonlint already installed, skipping installation"[0m
job-core	Install jsonlint	2025-08-20T07:31:04.5268695Z [36;1mfi[0m
job-core	Install jsonlint	2025-08-20T07:31:04.5269467Z [36;1mmkdir -p audit/jsonlint/[0m
job-core	Install jsonlint	2025-08-20T07:31:04.5283896Z shell: /usr/bin/bash -e {0}
job-core	Install jsonlint	2025-08-20T07:31:04.5284779Z env:
job-core	Install jsonlint	2025-08-20T07:31:04.5285486Z   KAOS_MODULE: [Ka0S] JSONLINT
job-core	Install jsonlint	2025-08-20T07:31:04.5286703Z   GH_TOKEN: ***
job-core	Install jsonlint	2025-08-20T07:31:04.5287561Z   KAOS_JSONLINT_CONFIG: core/config/.jsonlint.json
job-core	Install jsonlint	2025-08-20T07:31:04.5288654Z   KAOS_PATH_RESUME: audit/jsonlint/
job-core	Install jsonlint	2025-08-20T07:31:04.5289642Z   KAOS_REPO: /actions-runner/_work/kaos/kaos
job-core	Install jsonlint	2025-08-20T07:31:04.5290625Z   KAOS_STEP_MODULE: 
job-core	Install jsonlint	2025-08-20T07:31:04.5291545Z   KAOS_CODE: 17091646739
job-core	Install jsonlint	2025-08-20T07:31:04.5292353Z   KAOS_REF_BRANCH: main
job-core	Install jsonlint	2025-08-20T07:31:04.5293120Z ##[endgroup]
job-core	Install jsonlint	2025-08-20T07:31:04.5364404Z jsonlint already installed, skipping installation
job-core	Check JSON	ï»¿2025-08-20T07:31:04.5437482Z ##[group]Run # Invocamos la primera comprobaciÃ³n de base, sino se supera el proceso no continua
job-core	Check JSON	2025-08-20T07:31:04.5439685Z [36;1m# Invocamos la primera comprobaciÃ³n de base, sino se supera el proceso no continua[0m
job-core	Check JSON	2025-08-20T07:31:04.5441548Z [36;1m# Extraemos el nombre del fichero[0m
job-core	Check JSON	2025-08-20T07:31:04.5442875Z [36;1mfile_name=$(basename "core/test/correct-file.json")[0m
job-core	Check JSON	2025-08-20T07:31:04.5444115Z [36;1m# Generamos el fichero de resultados vacio[0m
job-core	Check JSON	2025-08-20T07:31:04.5445400Z [36;1mtouch audit/jsonlint/jsonlint-results-17091646739.txt[0m
job-core	Check JSON	2025-08-20T07:31:04.5446665Z [36;1m# Realizamos el check del documento json [0m
job-core	Check JSON	2025-08-20T07:31:04.5448367Z [36;1mjsonlint core/test/correct-file.json > audit/jsonlint/jsonlint-results-17091646739.txt || true[0m
job-core	Check JSON	2025-08-20T07:31:04.5450040Z [36;1m# Check if exist errors in file[0m
job-core	Check JSON	2025-08-20T07:31:04.5451642Z [36;1mif [ ! -s audit/jsonlint/jsonlint-results-17091646739.txt ]; then[0m
job-core	Check JSON	2025-08-20T07:31:04.5453554Z [36;1m  echo "File audit/jsonlint/jsonlint-results-17091646739.txt is empty and is content correct"[0m
job-core	Check JSON	2025-08-20T07:31:04.5457228Z [36;1m  KAOS_ISSUE_BODY="The [Ka0S] JSONLINT process (17091627844) launch the check (17091646739) over file (core/test/correct-file.json) and its result has been SUCCESS. Please review all files implicated in pull request and approve to merge"[0m
job-core	Check JSON	2025-08-20T07:31:04.5460547Z [36;1m  # AÃ±adimos la versiÃ³n de jsonlint con la que se realiza la comprobacion[0m
job-core	Check JSON	2025-08-20T07:31:04.5462545Z [36;1m  jsonlint --version >> audit/jsonlint/jsonlint-results-17091646739.txt[0m
job-core	Check JSON	2025-08-20T07:31:04.5464060Z [36;1m  # aÃ±adimos el nombre del fichero que vamos a comprobar[0m
job-core	Check JSON	2025-08-20T07:31:04.5465847Z [36;1m  echo "Finding: core/test/correct-file.json" >> audit/jsonlint/jsonlint-results-17091646739.txt[0m
job-core	Check JSON	2025-08-20T07:31:04.5467709Z [36;1m  gh issue comment  1335 -b kaos-issue-body="$KAOS_ISSUE_BODY" [0m
job-core	Check JSON	2025-08-20T07:31:04.5468893Z [36;1melse[0m
job-core	Check JSON	2025-08-20T07:31:04.5469817Z [36;1m  cat audit/jsonlint/jsonlint-results-17091646739.txt[0m
job-core	Check JSON	2025-08-20T07:31:04.5472326Z [36;1m  echo "File audit/jsonlint/jsonlint-results-17091646739.txt is not empty and is content not correct and write commit info"[0m
job-core	Check JSON	2025-08-20T07:31:04.5475956Z [36;1m  KAOS_ISSUE_BODY="The [Ka0S] JSONLINT process (17091627844) launch the check (17091646739) over file (core/test/correct-file.json) and its result has been FAILED, please check and solved it"[0m
job-core	Check JSON	2025-08-20T07:31:04.5478786Z [36;1m  # AÃ±adimos la versiÃ³n de jsonlint con la que se realiza la comprobacion[0m
job-core	Check JSON	2025-08-20T07:31:04.5480479Z [36;1m  # jsonlint --version || true >> audit/jsonlint/jsonlint-results-17091646739.txt[0m
job-core	Check JSON	2025-08-20T07:31:04.5482403Z [36;1m  # aÃ±adimos el nombre del fichero que vamos a comprobar[0m
job-core	Check JSON	2025-08-20T07:31:04.5484152Z [36;1m  echo "Finding: core/test/correct-file.json" >> audit/jsonlint/jsonlint-results-17091646739.txt[0m
job-core	Check JSON	2025-08-20T07:31:04.5485990Z [36;1m  gh issue comment  1335 -b kaos-issue-body="$KAOS_ISSUE_BODY" [0m
job-core	Check JSON	2025-08-20T07:31:04.5487179Z [36;1mfi[0m
job-core	Check JSON	2025-08-20T07:31:04.5488031Z [36;1mecho "Uploading files to the repository..."[0m
job-core	Check JSON	2025-08-20T07:31:04.5489322Z [36;1mgit config --global user.name "***"[0m
job-core	Check JSON	2025-08-20T07:31:04.5490525Z [36;1mgit config --global user.email "***"[0m
job-core	Check JSON	2025-08-20T07:31:04.5491991Z [36;1mgit pull[0m
job-core	Check JSON	2025-08-20T07:31:04.5492764Z [36;1mgit add audit/jsonlint/*[0m
job-core	Check JSON	2025-08-20T07:31:04.5493724Z [36;1mif ! git diff --staged --quiet; then[0m
job-core	Check JSON	2025-08-20T07:31:04.5495221Z [36;1m  git commit -m "[Ka0S] Uploading jsonlint resume execution files to the repository..."[0m
job-core	Check JSON	2025-08-20T07:31:04.5496943Z [36;1m  git push origin refs/heads/H1335-revision-modulo-yamllint[0m
job-core	Check JSON	2025-08-20T07:31:04.5498106Z [36;1mfi[0m
job-core	Check JSON	2025-08-20T07:31:04.5506079Z shell: /usr/bin/bash -e {0}
job-core	Check JSON	2025-08-20T07:31:04.5506903Z env:
job-core	Check JSON	2025-08-20T07:31:04.5507589Z   KAOS_MODULE: [Ka0S] JSONLINT
job-core	Check JSON	2025-08-20T07:31:04.5508704Z   GH_TOKEN: ***
job-core	Check JSON	2025-08-20T07:31:04.5509551Z   KAOS_JSONLINT_CONFIG: core/config/.jsonlint.json
job-core	Check JSON	2025-08-20T07:31:04.5510611Z   KAOS_PATH_RESUME: audit/jsonlint/
job-core	Check JSON	2025-08-20T07:31:04.5511874Z   KAOS_REPO: /actions-runner/_work/kaos/kaos
job-core	Check JSON	2025-08-20T07:31:04.5512847Z   KAOS_STEP_MODULE: 
job-core	Check JSON	2025-08-20T07:31:04.5513918Z   KAOS_CODE: 17091646739
job-core	Check JSON	2025-08-20T07:31:04.5514852Z   KAOS_REF_BRANCH: main
job-core	Check JSON	2025-08-20T07:31:04.5515613Z ##[endgroup]
job-core	Check JSON	2025-08-20T07:31:04.6712394Z {
job-core	Check JSON	2025-08-20T07:31:04.6713445Z   "entorno": "pro",
job-core	Check JSON	2025-08-20T07:31:04.6714477Z   "caso": "ALEX JSON CORRECTO",
job-core	Check JSON	2025-08-20T07:31:04.6715515Z   "validate": true,
job-core	Check JSON	2025-08-20T07:31:04.6716367Z   "data": {
job-core	Check JSON	2025-08-20T07:31:04.6717110Z     "name": "Johny Deep Deep",
job-core	Check JSON	2025-08-20T07:31:04.6718364Z     "age": 30,
job-core	Check JSON	2025-08-20T07:31:04.6719209Z     "city": "New York"
job-core	Check JSON	2025-08-20T07:31:04.6719933Z   },
job-core	Check JSON	2025-08-20T07:31:04.6720572Z   "id": 1
job-core	Check JSON	2025-08-20T07:31:04.6721437Z }
job-core	Check JSON	2025-08-20T07:31:04.6723601Z File audit/jsonlint/jsonlint-results-17091646739.txt is not empty and is content not correct and write commit info
job-core	Check JSON	2025-08-20T07:31:05.6740053Z https://github.com/Ka0s-Klaus/ka0s/issues/1335#issuecomment-3204577682
job-core	Check JSON	2025-08-20T07:31:05.6744154Z Uploading files to the repository...
job-core	Check JSON	2025-08-20T07:31:06.2160946Z From https://github.com/Ka0s-Klaus/ka0s
job-core	Check JSON	2025-08-20T07:31:06.2165068Z    47ca0312..7934fe8a  H1335-revision-modulo-yamllint -> origin/H1335-revision-modulo-yamllint
job-core	Check JSON	2025-08-20T07:31:06.2338361Z Updating 47ca0312..7934fe8a
job-core	Check JSON	2025-08-20T07:31:06.2342710Z Fast-forward
job-core	Check JSON	2025-08-20T07:31:06.2394356Z  audit/mdlint/17091646954.txt | 4 ++++
job-core	Check JSON	2025-08-20T07:31:06.2396338Z  1 file changed, 4 insertions(+)
job-core	Check JSON	2025-08-20T07:31:06.2398527Z  create mode 100644 audit/mdlint/17091646954.txt
job-core	Check JSON	2025-08-20T07:31:06.2582839Z [H1335-revision-modulo-yamllint c1babbb9] [Ka0S] Uploading jsonlint resume execution files to the repository...
job-core	Check JSON	2025-08-20T07:31:06.2584186Z  1 file changed, 12 insertions(+)
job-core	Check JSON	2025-08-20T07:31:06.2589194Z  create mode 100644 audit/jsonlint/jsonlint-results-17091646739.txt
job-core	Check JSON	2025-08-20T07:31:07.2629202Z To https://github.com/Ka0s-Klaus/ka0s
job-core	Check JSON	2025-08-20T07:31:07.2632579Z    7934fe8a..c1babbb9  H1335-revision-modulo-yamllint -> H1335-revision-modulo-yamllint
job-core	Post Install Node.js	ï»¿2025-08-20T07:31:07.2886758Z Post job cleanup.
job-core	Post Checkout code	ï»¿2025-08-20T07:31:07.4798009Z Post job cleanup.
job-core	Post Checkout code	2025-08-20T07:31:07.5995629Z [command]/usr/bin/git version
job-core	Post Checkout code	2025-08-20T07:31:07.6054230Z git version 2.43.0
job-core	Post Checkout code	2025-08-20T07:31:07.6120130Z Copying '/home/kaos/.gitconfig' to '/actions-runner/_work/_temp/9729932d-3d8f-40f1-bcdd-8ec69f6531fa/.gitconfig'
job-core	Post Checkout code	2025-08-20T07:31:07.6121969Z Temporarily overriding HOME='/actions-runner/_work/_temp/9729932d-3d8f-40f1-bcdd-8ec69f6531fa' before making global git config changes
job-core	Post Checkout code	2025-08-20T07:31:07.6124345Z Adding repository directory to the temporary git global config as a safe directory
job-core	Post Checkout code	2025-08-20T07:31:07.6125148Z [command]/usr/bin/git config --global --add safe.directory /actions-runner/_work/ka0s/ka0s
job-core	Post Checkout code	2025-08-20T07:31:07.6169783Z [command]/usr/bin/git config --local --name-only --get-regexp core\.sshCommand
job-core	Post Checkout code	2025-08-20T07:31:07.6231820Z [command]/usr/bin/git submodule foreach --recursive sh -c "git config --local --name-only --get-regexp 'core\.sshCommand' && git config --local --unset-all 'core.sshCommand' || :"
job-core	Post Checkout code	2025-08-20T07:31:07.6518704Z [command]/usr/bin/git config --local --name-only --get-regexp http\.https\:\/\/github\.com\/\.extraheader
job-core	Post Checkout code	2025-08-20T07:31:07.6552673Z http.https://github.com/.extraheader
job-core	Post Checkout code	2025-08-20T07:31:07.6612288Z [command]/usr/bin/git config --local --unset-all http.https://github.com/.extraheader
job-core	Post Checkout code	2025-08-20T07:31:07.6650924Z [command]/usr/bin/git submodule foreach --recursive sh -c "git config --local --name-only --get-regexp 'http\.https\:\/\/github\.com\/\.extraheader' && git config --local --unset-all 'http.https://github.com/.extraheader' || :"
job-core	Complete job	ï»¿2025-08-20T07:31:07.7053221Z Cleaning up orphan processes
handle-success	Set up job	ï»¿2025-08-20T07:32:26.3559533Z Current runner version: '2.328.0'
handle-success	Set up job	2025-08-20T07:32:26.3570490Z Runner name: 'ka0s-ka0s-1'
handle-success	Set up job	2025-08-20T07:32:26.3571862Z Runner group name: 'ka0s'
handle-success	Set up job	2025-08-20T07:32:26.3572748Z Machine name: '2ae8e24676b9'
handle-success	Set up job	2025-08-20T07:32:26.3575740Z ##[group]GITHUB_TOKEN Permissions
handle-success	Set up job	2025-08-20T07:32:26.3578697Z Actions: write
handle-success	Set up job	2025-08-20T07:32:26.3579299Z Contents: write
handle-success	Set up job	2025-08-20T07:32:26.3579779Z Issues: write
handle-success	Set up job	2025-08-20T07:32:26.3580427Z Metadata: read
handle-success	Set up job	2025-08-20T07:32:26.3580960Z PullRequests: write
handle-success	Set up job	2025-08-20T07:32:26.3581813Z ##[endgroup]
handle-success	Set up job	2025-08-20T07:32:26.3584321Z Secret source: Actions
handle-success	Set up job	2025-08-20T07:32:26.3585019Z Prepare workflow directory
handle-success	Set up job	2025-08-20T07:32:26.4333807Z Prepare all required actions
handle-success	Set up job	2025-08-20T07:32:26.4380319Z Getting action download info
handle-success	Set up job	2025-08-20T07:32:26.9729606Z Download action repository 'actions/checkout@v4' (SHA:08eba0b27e820071cde6df949e0beb9ba4906955)
handle-success	Set up job	2025-08-20T07:32:27.7845681Z Complete job name: handle-success
handle-success	Checkout code	ï»¿2025-08-20T07:32:27.8366188Z ##[group]Run actions/checkout@v4
handle-success	Checkout code	2025-08-20T07:32:27.8367215Z with:
handle-success	Checkout code	2025-08-20T07:32:27.8367606Z   fetch-depth: 0
handle-success	Checkout code	2025-08-20T07:32:27.8368244Z   token: ***
handle-success	Checkout code	2025-08-20T07:32:27.8368627Z   repository: Ka0s-Klaus/ka0s
handle-success	Checkout code	2025-08-20T07:32:27.8369083Z   ssh-strict: true
handle-success	Checkout code	2025-08-20T07:32:27.8369461Z   ssh-user: git
handle-success	Checkout code	2025-08-20T07:32:27.8369859Z   persist-credentials: true
handle-success	Checkout code	2025-08-20T07:32:27.8370292Z   clean: true
handle-success	Checkout code	2025-08-20T07:32:27.8370677Z   sparse-checkout-cone-mode: true
handle-success	Checkout code	2025-08-20T07:32:27.8371405Z   fetch-tags: false
handle-success	Checkout code	2025-08-20T07:32:27.8371812Z   show-progress: true
handle-success	Checkout code	2025-08-20T07:32:27.8372336Z   lfs: false
handle-success	Checkout code	2025-08-20T07:32:27.8372690Z   submodules: false
handle-success	Checkout code	2025-08-20T07:32:27.8373092Z   set-safe-directory: true
handle-success	Checkout code	2025-08-20T07:32:27.8373792Z env:
handle-success	Checkout code	2025-08-20T07:32:27.8374165Z   KAOS_MODULE: [Ka0S] JSONLINT
handle-success	Checkout code	2025-08-20T07:32:27.8374766Z   GH_TOKEN: ***
handle-success	Checkout code	2025-08-20T07:32:27.8375208Z   KAOS_JSONLINT_CONFIG: core/config/.jsonlint.json
handle-success	Checkout code	2025-08-20T07:32:27.8375752Z   KAOS_PATH_RESUME: audit/jsonlint/
handle-success	Checkout code	2025-08-20T07:32:27.8376299Z   KAOS_REPO: /actions-runner/_work/kaos/kaos
handle-success	Checkout code	2025-08-20T07:32:27.8376814Z   KAOS_STEP_MODULE: 
handle-success	Checkout code	2025-08-20T07:32:27.8377207Z   KAOS_CODE: 17091646739
handle-success	Checkout code	2025-08-20T07:32:27.8377608Z   KAOS_REF_BRANCH: main
handle-success	Checkout code	2025-08-20T07:32:27.8378000Z ##[endgroup]
handle-success	Checkout code	2025-08-20T07:32:27.9560645Z Syncing repository: Ka0s-Klaus/ka0s
handle-success	Checkout code	2025-08-20T07:32:27.9562885Z ##[group]Getting Git version info
handle-success	Checkout code	2025-08-20T07:32:27.9563690Z Working directory is '/actions-runner/_work/ka0s/ka0s'
handle-success	Checkout code	2025-08-20T07:32:27.9564594Z [command]/usr/bin/git version
handle-success	Checkout code	2025-08-20T07:32:27.9565116Z git version 2.43.0
handle-success	Checkout code	2025-08-20T07:32:27.9588866Z ##[endgroup]
handle-success	Checkout code	2025-08-20T07:32:27.9619562Z Copying '/home/kaos/.gitconfig' to '/actions-runner/_work/_temp/e33f50e9-9252-4dcb-a53b-e31367d5ffde/.gitconfig'
handle-success	Checkout code	2025-08-20T07:32:27.9640768Z Temporarily overriding HOME='/actions-runner/_work/_temp/e33f50e9-9252-4dcb-a53b-e31367d5ffde' before making global git config changes
handle-success	Checkout code	2025-08-20T07:32:27.9643769Z Adding repository directory to the temporary git global config as a safe directory
handle-success	Checkout code	2025-08-20T07:32:27.9645536Z [command]/usr/bin/git config --global --add safe.directory /actions-runner/_work/ka0s/ka0s
handle-success	Checkout code	2025-08-20T07:32:27.9694282Z [command]/usr/bin/git config --local --get remote.origin.url
handle-success	Checkout code	2025-08-20T07:32:27.9718057Z https://github.com/Ka0s-Klaus/ka0s
handle-success	Checkout code	2025-08-20T07:32:27.9738425Z ##[group]Removing previously created refs, to avoid conflicts
handle-success	Checkout code	2025-08-20T07:32:27.9743065Z [command]/usr/bin/git rev-parse --symbolic-full-name --verify --quiet HEAD
handle-success	Checkout code	2025-08-20T07:32:27.9768135Z refs/heads/H1335-revision-modulo-yamllint
handle-success	Checkout code	2025-08-20T07:32:27.9780467Z [command]/usr/bin/git checkout --detach
handle-success	Checkout code	2025-08-20T07:32:27.9860199Z HEAD is now at 47ca0312 [Ka0S] Uploading resume execution files to the repository...
handle-success	Checkout code	2025-08-20T07:32:27.9912470Z [command]/usr/bin/git branch --delete --force H1335-revision-modulo-yamllint
handle-success	Checkout code	2025-08-20T07:32:27.9946734Z Deleted branch H1335-revision-modulo-yamllint (was 47ca0312).
handle-success	Checkout code	2025-08-20T07:32:28.0038378Z ##[endgroup]
handle-success	Checkout code	2025-08-20T07:32:28.0040784Z [command]/usr/bin/git submodule status
handle-success	Checkout code	2025-08-20T07:32:28.0296224Z ##[group]Cleaning the repository
handle-success	Checkout code	2025-08-20T07:32:28.0300326Z [command]/usr/bin/git clean -ffdx
handle-success	Checkout code	2025-08-20T07:32:28.0360836Z [command]/usr/bin/git reset --hard HEAD
handle-success	Checkout code	2025-08-20T07:32:28.0443592Z HEAD is now at 47ca0312 [Ka0S] Uploading resume execution files to the repository...
handle-success	Checkout code	2025-08-20T07:32:28.0449107Z ##[endgroup]
handle-success	Checkout code	2025-08-20T07:32:28.0450535Z ##[group]Disabling automatic garbage collection
handle-success	Checkout code	2025-08-20T07:32:28.0457030Z [command]/usr/bin/git config --local gc.auto 0
handle-success	Checkout code	2025-08-20T07:32:28.0490455Z ##[endgroup]
handle-success	Checkout code	2025-08-20T07:32:28.0491438Z ##[group]Setting up auth
handle-success	Checkout code	2025-08-20T07:32:28.0497359Z [command]/usr/bin/git config --local --name-only --get-regexp core\.sshCommand
handle-success	Checkout code	2025-08-20T07:32:28.0532184Z [command]/usr/bin/git submodule foreach --recursive sh -c "git config --local --name-only --get-regexp 'core\.sshCommand' && git config --local --unset-all 'core.sshCommand' || :"
handle-success	Checkout code	2025-08-20T07:32:28.0785091Z [command]/usr/bin/git config --local --name-only --get-regexp http\.https\:\/\/github\.com\/\.extraheader
handle-success	Checkout code	2025-08-20T07:32:28.0819753Z [command]/usr/bin/git submodule foreach --recursive sh -c "git config --local --name-only --get-regexp 'http\.https\:\/\/github\.com\/\.extraheader' && git config --local --unset-all 'http.https://github.com/.extraheader' || :"
handle-success	Checkout code	2025-08-20T07:32:28.1081844Z [command]/usr/bin/git config --local http.https://github.com/.extraheader AUTHORIZATION: basic ***
handle-success	Checkout code	2025-08-20T07:32:28.1127479Z ##[endgroup]
handle-success	Checkout code	2025-08-20T07:32:28.1128313Z ##[group]Fetching the repository
handle-success	Checkout code	2025-08-20T07:32:28.1135635Z [command]/usr/bin/git -c protocol.version=2 fetch --prune --no-recurse-submodules origin +refs/heads/*:refs/remotes/origin/* +refs/tags/*:refs/tags/*
handle-success	Checkout code	2025-08-20T07:32:28.7052464Z From https://github.com/Ka0s-Klaus/ka0s
handle-success	Checkout code	2025-08-20T07:32:28.7054501Z    47ca0312..c1babbb9  H1335-revision-modulo-yamllint -> origin/H1335-revision-modulo-yamllint
handle-success	Checkout code	2025-08-20T07:32:28.7242662Z [command]/usr/bin/git branch --list --remote origin/H1335-revision-modulo-yamllint
handle-success	Checkout code	2025-08-20T07:32:28.7278401Z   origin/H1335-revision-modulo-yamllint
handle-success	Checkout code	2025-08-20T07:32:28.7289240Z [command]/usr/bin/git rev-parse refs/remotes/origin/H1335-revision-modulo-yamllint
handle-success	Checkout code	2025-08-20T07:32:28.7318544Z c1babbb9d31dbc1bebed597d9341822e3461a439
handle-success	Checkout code	2025-08-20T07:32:28.7333912Z [command]/usr/bin/git -c protocol.version=2 fetch --no-tags --prune --no-recurse-submodules origin +47ca03123e4be40ab08a51971c9591a0e2797c8f:refs/remotes/origin/H1335-revision-modulo-yamllint
handle-success	Checkout code	2025-08-20T07:32:28.7501449Z From https://github.com/Ka0s-Klaus/ka0s
handle-success	Checkout code	2025-08-20T07:32:28.7503511Z  + c1babbb9...47ca0312 47ca03123e4be40ab08a51971c9591a0e2797c8f -> origin/H1335-revision-modulo-yamllint  (forced update)
handle-success	Checkout code	2025-08-20T07:32:28.7527623Z ##[endgroup]
handle-success	Checkout code	2025-08-20T07:32:28.7528944Z ##[group]Determining the checkout info
handle-success	Checkout code	2025-08-20T07:32:28.7530339Z ##[endgroup]
handle-success	Checkout code	2025-08-20T07:32:28.7531726Z [command]/usr/bin/git sparse-checkout disable
handle-success	Checkout code	2025-08-20T07:32:28.7581434Z [command]/usr/bin/git config --local --unset-all extensions.worktreeConfig
handle-success	Checkout code	2025-08-20T07:32:28.7612963Z ##[group]Checking out the ref
handle-success	Checkout code	2025-08-20T07:32:28.7617364Z [command]/usr/bin/git checkout --progress --force -B H1335-revision-modulo-yamllint refs/remotes/origin/H1335-revision-modulo-yamllint
handle-success	Checkout code	2025-08-20T07:32:28.7698687Z Switched to a new branch 'H1335-revision-modulo-yamllint'
handle-success	Checkout code	2025-08-20T07:32:28.7704047Z branch 'H1335-revision-modulo-yamllint' set up to track 'origin/H1335-revision-modulo-yamllint'.
handle-success	Checkout code	2025-08-20T07:32:28.7707862Z ##[endgroup]
handle-success	Checkout code	2025-08-20T07:32:28.7748645Z [command]/usr/bin/git log -1 --format=%H
handle-success	Checkout code	2025-08-20T07:32:28.7778251Z 47ca03123e4be40ab08a51971c9591a0e2797c8f
handle-success	handle-success-execution	ï»¿2025-08-20T07:32:28.8025620Z ##[group]Run # Si todo ha ido correcto aÃ±adimos el contenido del fichero 
handle-success	handle-success-execution	2025-08-20T07:32:28.8027341Z [36;1m# Si todo ha ido correcto aÃ±adimos el contenido del fichero [0m
handle-success	handle-success-execution	2025-08-20T07:32:28.8029135Z [36;1mRNNUMBER=$(echo "refs/heads/H1335-revision-modulo-yamllint" | grep -o '[0-9]*')[0m
handle-success	handle-success-execution	2025-08-20T07:32:28.8031866Z [36;1mgh issue comment $RNNUMBER --body "El proceso ha finalizado correctamente 17091646739. El resultado estÃ¡ en el fichero 17091646739.log"[0m
handle-success	handle-success-execution	2025-08-20T07:32:28.8043510Z shell: /usr/bin/bash -e {0}
handle-success	handle-success-execution	2025-08-20T07:32:28.8044325Z env:
handle-success	handle-success-execution	2025-08-20T07:32:28.8044925Z   KAOS_MODULE: [Ka0S] JSONLINT
handle-success	handle-success-execution	2025-08-20T07:32:28.8046139Z   GH_TOKEN: ***
handle-success	handle-success-execution	2025-08-20T07:32:28.8046915Z   KAOS_JSONLINT_CONFIG: core/config/.jsonlint.json
handle-success	handle-success-execution	2025-08-20T07:32:28.8047975Z   KAOS_PATH_RESUME: audit/jsonlint/
handle-success	handle-success-execution	2025-08-20T07:32:28.8048901Z   KAOS_REPO: /actions-runner/_work/kaos/kaos
handle-success	handle-success-execution	2025-08-20T07:32:28.8049823Z   KAOS_STEP_MODULE: 
handle-success	handle-success-execution	2025-08-20T07:32:28.8050502Z   KAOS_CODE: 17091646739
handle-success	handle-success-execution	2025-08-20T07:32:28.8051418Z   KAOS_REF_BRANCH: main
handle-success	handle-success-execution	2025-08-20T07:32:28.8052158Z ##[endgroup]
handle-success	handle-success-execution	2025-08-20T07:32:29.7958499Z https://github.com/Ka0s-Klaus/ka0s/issues/1335#issuecomment-3204591634
handle-success	Post Checkout code	ï»¿2025-08-20T07:32:29.8156860Z Post job cleanup.
handle-success	Post Checkout code	2025-08-20T07:32:29.9311169Z [command]/usr/bin/git version
handle-success	Post Checkout code	2025-08-20T07:32:29.9359563Z git version 2.43.0
handle-success	Post Checkout code	2025-08-20T07:32:29.9405912Z Copying '/home/kaos/.gitconfig' to '/actions-runner/_work/_temp/8a278bf0-dade-456b-9a21-838be334ccbb/.gitconfig'
handle-success	Post Checkout code	2025-08-20T07:32:29.9421233Z Temporarily overriding HOME='/actions-runner/_work/_temp/8a278bf0-dade-456b-9a21-838be334ccbb' before making global git config changes
handle-success	Post Checkout code	2025-08-20T07:32:29.9423198Z Adding repository directory to the temporary git global config as a safe directory
handle-success	Post Checkout code	2025-08-20T07:32:29.9425062Z [command]/usr/bin/git config --global --add safe.directory /actions-runner/_work/ka0s/ka0s
handle-success	Post Checkout code	2025-08-20T07:32:29.9467843Z [command]/usr/bin/git config --local --name-only --get-regexp core\.sshCommand
handle-success	Post Checkout code	2025-08-20T07:32:29.9510749Z [command]/usr/bin/git submodule foreach --recursive sh -c "git config --local --name-only --get-regexp 'core\.sshCommand' && git config --local --unset-all 'core.sshCommand' || :"
handle-success	Post Checkout code	2025-08-20T07:32:29.9772137Z [command]/usr/bin/git config --local --name-only --get-regexp http\.https\:\/\/github\.com\/\.extraheader
handle-success	Post Checkout code	2025-08-20T07:32:29.9799866Z http.https://github.com/.extraheader
handle-success	Post Checkout code	2025-08-20T07:32:29.9811717Z [command]/usr/bin/git config --local --unset-all http.https://github.com/.extraheader
handle-success	Post Checkout code	2025-08-20T07:32:29.9850242Z [command]/usr/bin/git submodule foreach --recursive sh -c "git config --local --name-only --get-regexp 'http\.https\:\/\/github\.com\/\.extraheader' && git config --local --unset-all 'http.https://github.com/.extraheader' || :"
handle-success	Complete job	ï»¿2025-08-20T07:32:30.0239036Z Cleaning up orphan processes
end-workflow	Set up job	ï»¿2025-08-20T07:33:30.9834023Z Current runner version: '2.328.0'
end-workflow	Set up job	2025-08-20T07:33:30.9846205Z Runner name: 'ka0s-ka0s-3'
end-workflow	Set up job	2025-08-20T07:33:30.9847267Z Runner group name: 'ka0s'
end-workflow	Set up job	2025-08-20T07:33:30.9848338Z Machine name: '3951c78e42d6'
end-workflow	Set up job	2025-08-20T07:33:30.9852069Z ##[group]GITHUB_TOKEN Permissions
end-workflow	Set up job	2025-08-20T07:33:30.9856242Z Actions: write
end-workflow	Set up job	2025-08-20T07:33:30.9857037Z Contents: write
end-workflow	Set up job	2025-08-20T07:33:30.9857651Z Issues: write
end-workflow	Set up job	2025-08-20T07:33:30.9858208Z Metadata: read
end-workflow	Set up job	2025-08-20T07:33:30.9858856Z PullRequests: write
end-workflow	Set up job	2025-08-20T07:33:30.9859479Z ##[endgroup]
end-workflow	Set up job	2025-08-20T07:33:30.9862799Z Secret source: Actions
end-workflow	Set up job	2025-08-20T07:33:30.9863696Z Prepare workflow directory
end-workflow	Set up job	2025-08-20T07:33:31.0722157Z Prepare all required actions
end-workflow	Set up job	2025-08-20T07:33:31.0772397Z Getting action download info
end-workflow	Set up job	2025-08-20T07:33:31.6125616Z Download action repository 'actions/checkout@v4' (SHA:08eba0b27e820071cde6df949e0beb9ba4906955)
end-workflow	Set up job	2025-08-20T07:33:32.3597589Z Complete job name: end-workflow
end-workflow	Checkout code	ï»¿2025-08-20T07:33:32.4406681Z ##[group]Run actions/checkout@v4
end-workflow	Checkout code	2025-08-20T07:33:32.4408227Z with:
end-workflow	Checkout code	2025-08-20T07:33:32.4408733Z   fetch-depth: 0
end-workflow	Checkout code	2025-08-20T07:33:32.4409430Z   token: ***
end-workflow	Checkout code	2025-08-20T07:33:32.4409921Z   repository: Ka0s-Klaus/ka0s
end-workflow	Checkout code	2025-08-20T07:33:32.4410408Z   ssh-strict: true
end-workflow	Checkout code	2025-08-20T07:33:32.4410819Z   ssh-user: git
end-workflow	Checkout code	2025-08-20T07:33:32.4411449Z   persist-credentials: true
end-workflow	Checkout code	2025-08-20T07:33:32.4411916Z   clean: true
end-workflow	Checkout code	2025-08-20T07:33:32.4412333Z   sparse-checkout-cone-mode: true
end-workflow	Checkout code	2025-08-20T07:33:32.4412832Z   fetch-tags: false
end-workflow	Checkout code	2025-08-20T07:33:32.4413341Z   show-progress: true
end-workflow	Checkout code	2025-08-20T07:33:32.4413774Z   lfs: false
end-workflow	Checkout code	2025-08-20T07:33:32.4414155Z   submodules: false
end-workflow	Checkout code	2025-08-20T07:33:32.4414603Z   set-safe-directory: true
end-workflow	Checkout code	2025-08-20T07:33:32.4415459Z env:
end-workflow	Checkout code	2025-08-20T07:33:32.4415860Z   KAOS_MODULE: [Ka0S] JSONLINT
end-workflow	Checkout code	2025-08-20T07:33:32.4416539Z   GH_TOKEN: ***
end-workflow	Checkout code	2025-08-20T07:33:32.4417136Z   KAOS_JSONLINT_CONFIG: core/config/.jsonlint.json
end-workflow	Checkout code	2025-08-20T07:33:32.4417745Z   KAOS_PATH_RESUME: audit/jsonlint/
end-workflow	Checkout code	2025-08-20T07:33:32.4418355Z   KAOS_REPO: /actions-runner/_work/kaos/kaos
end-workflow	Checkout code	2025-08-20T07:33:32.4418928Z   KAOS_STEP_MODULE: 
end-workflow	Checkout code	2025-08-20T07:33:32.4419372Z   KAOS_CODE: 17091646739
end-workflow	Checkout code	2025-08-20T07:33:32.4419833Z   KAOS_REF_BRANCH: main
end-workflow	Checkout code	2025-08-20T07:33:32.4420300Z ##[endgroup]
end-workflow	Checkout code	2025-08-20T07:33:32.6057456Z Syncing repository: Ka0s-Klaus/ka0s
end-workflow	Checkout code	2025-08-20T07:33:32.6060232Z ##[group]Getting Git version info
end-workflow	Checkout code	2025-08-20T07:33:32.6061266Z Working directory is '/actions-runner/_work/ka0s/ka0s'
end-workflow	Checkout code	2025-08-20T07:33:32.6062649Z [command]/usr/bin/git version
end-workflow	Checkout code	2025-08-20T07:33:32.6090313Z git version 2.43.0
end-workflow	Checkout code	2025-08-20T07:33:32.6141834Z ##[endgroup]
end-workflow	Checkout code	2025-08-20T07:33:32.6173614Z Copying '/home/kaos/.gitconfig' to '/actions-runner/_work/_temp/692bc972-1827-4f99-adcc-ed845b3eef52/.gitconfig'
end-workflow	Checkout code	2025-08-20T07:33:32.6205063Z Temporarily overriding HOME='/actions-runner/_work/_temp/692bc972-1827-4f99-adcc-ed845b3eef52' before making global git config changes
end-workflow	Checkout code	2025-08-20T07:33:32.6207315Z Adding repository directory to the temporary git global config as a safe directory
end-workflow	Checkout code	2025-08-20T07:33:32.6214376Z [command]/usr/bin/git config --global --add safe.directory /actions-runner/_work/ka0s/ka0s
end-workflow	Checkout code	2025-08-20T07:33:32.6284654Z [command]/usr/bin/git config --local --get remote.origin.url
end-workflow	Checkout code	2025-08-20T07:33:32.6342274Z https://github.com/Ka0s-Klaus/ka0s
end-workflow	Checkout code	2025-08-20T07:33:32.6394330Z ##[group]Removing previously created refs, to avoid conflicts
end-workflow	Checkout code	2025-08-20T07:33:32.6399116Z [command]/usr/bin/git rev-parse --symbolic-full-name --verify --quiet HEAD
end-workflow	Checkout code	2025-08-20T07:33:32.6429979Z refs/heads/H1335-revision-modulo-yamllint
end-workflow	Checkout code	2025-08-20T07:33:32.6443664Z [command]/usr/bin/git checkout --detach
end-workflow	Checkout code	2025-08-20T07:33:32.6534953Z HEAD is now at 47ca0312 [Ka0S] Uploading resume execution files to the repository...
end-workflow	Checkout code	2025-08-20T07:33:32.6589130Z [command]/usr/bin/git branch --delete --force H1335-revision-modulo-yamllint
end-workflow	Checkout code	2025-08-20T07:33:32.6636967Z Deleted branch H1335-revision-modulo-yamllint (was 47ca0312).
end-workflow	Checkout code	2025-08-20T07:33:32.6749109Z ##[endgroup]
end-workflow	Checkout code	2025-08-20T07:33:32.6773838Z [command]/usr/bin/git submodule status
end-workflow	Checkout code	2025-08-20T07:33:32.7109114Z ##[group]Cleaning the repository
end-workflow	Checkout code	2025-08-20T07:33:32.7116917Z [command]/usr/bin/git clean -ffdx
end-workflow	Checkout code	2025-08-20T07:33:32.7233424Z [command]/usr/bin/git reset --hard HEAD
end-workflow	Checkout code	2025-08-20T07:33:32.7353164Z HEAD is now at 47ca0312 [Ka0S] Uploading resume execution files to the repository...
end-workflow	Checkout code	2025-08-20T07:33:32.7378568Z ##[endgroup]
end-workflow	Checkout code	2025-08-20T07:33:32.7379635Z ##[group]Disabling automatic garbage collection
end-workflow	Checkout code	2025-08-20T07:33:32.7386296Z [command]/usr/bin/git config --local gc.auto 0
end-workflow	Checkout code	2025-08-20T07:33:32.7447278Z ##[endgroup]
end-workflow	Checkout code	2025-08-20T07:33:32.7448854Z ##[group]Setting up auth
end-workflow	Checkout code	2025-08-20T07:33:32.7462698Z [command]/usr/bin/git config --local --name-only --get-regexp core\.sshCommand
end-workflow	Checkout code	2025-08-20T07:33:32.7527537Z [command]/usr/bin/git submodule foreach --recursive sh -c "git config --local --name-only --get-regexp 'core\.sshCommand' && git config --local --unset-all 'core.sshCommand' || :"
end-workflow	Checkout code	2025-08-20T07:33:32.7821572Z [command]/usr/bin/git config --local --name-only --get-regexp http\.https\:\/\/github\.com\/\.extraheader
end-workflow	Checkout code	2025-08-20T07:33:32.7857474Z [command]/usr/bin/git submodule foreach --recursive sh -c "git config --local --name-only --get-regexp 'http\.https\:\/\/github\.com\/\.extraheader' && git config --local --unset-all 'http.https://github.com/.extraheader' || :"
end-workflow	Checkout code	2025-08-20T07:33:32.8166156Z [command]/usr/bin/git config --local http.https://github.com/.extraheader AUTHORIZATION: basic ***
end-workflow	Checkout code	2025-08-20T07:33:32.8229063Z ##[endgroup]
end-workflow	Checkout code	2025-08-20T07:33:32.8231357Z ##[group]Fetching the repository
end-workflow	Checkout code	2025-08-20T07:33:32.8243401Z [command]/usr/bin/git -c protocol.version=2 fetch --prune --no-recurse-submodules origin +refs/heads/*:refs/remotes/origin/* +refs/tags/*:refs/tags/*
end-workflow	Checkout code	2025-08-20T07:33:33.9657828Z From https://github.com/Ka0s-Klaus/ka0s
end-workflow	Checkout code	2025-08-20T07:33:33.9660043Z    47ca0312..c1babbb9  H1335-revision-modulo-yamllint -> origin/H1335-revision-modulo-yamllint
end-workflow	Checkout code	2025-08-20T07:33:33.9662310Z    60d45d39..fd8cba08  main       -> origin/main
end-workflow	Checkout code	2025-08-20T07:33:33.9729203Z [command]/usr/bin/git branch --list --remote origin/H1335-revision-modulo-yamllint
end-workflow	Checkout code	2025-08-20T07:33:33.9766479Z   origin/H1335-revision-modulo-yamllint
end-workflow	Checkout code	2025-08-20T07:33:33.9776349Z [command]/usr/bin/git rev-parse refs/remotes/origin/H1335-revision-modulo-yamllint
end-workflow	Checkout code	2025-08-20T07:33:33.9798947Z c1babbb9d31dbc1bebed597d9341822e3461a439
end-workflow	Checkout code	2025-08-20T07:33:33.9812979Z [command]/usr/bin/git -c protocol.version=2 fetch --no-tags --prune --no-recurse-submodules origin +47ca03123e4be40ab08a51971c9591a0e2797c8f:refs/remotes/origin/H1335-revision-modulo-yamllint
end-workflow	Checkout code	2025-08-20T07:33:34.0010701Z From https://github.com/Ka0s-Klaus/ka0s
end-workflow	Checkout code	2025-08-20T07:33:34.0022471Z  + c1babbb9...47ca0312 47ca03123e4be40ab08a51971c9591a0e2797c8f -> origin/H1335-revision-modulo-yamllint  (forced update)
end-workflow	Checkout code	2025-08-20T07:33:34.0028820Z ##[endgroup]
end-workflow	Checkout code	2025-08-20T07:33:34.0030256Z ##[group]Determining the checkout info
end-workflow	Checkout code	2025-08-20T07:33:34.0034265Z ##[endgroup]
end-workflow	Checkout code	2025-08-20T07:33:34.0035225Z [command]/usr/bin/git sparse-checkout disable
end-workflow	Checkout code	2025-08-20T07:33:34.0081554Z [command]/usr/bin/git config --local --unset-all extensions.worktreeConfig
end-workflow	Checkout code	2025-08-20T07:33:34.0114322Z ##[group]Checking out the ref
end-workflow	Checkout code	2025-08-20T07:33:34.0117578Z [command]/usr/bin/git checkout --progress --force -B H1335-revision-modulo-yamllint refs/remotes/origin/H1335-revision-modulo-yamllint
end-workflow	Checkout code	2025-08-20T07:33:34.0193600Z Switched to a new branch 'H1335-revision-modulo-yamllint'
end-workflow	Checkout code	2025-08-20T07:33:34.0196385Z branch 'H1335-revision-modulo-yamllint' set up to track 'origin/H1335-revision-modulo-yamllint'.
end-workflow	Checkout code	2025-08-20T07:33:34.0202259Z ##[endgroup]
end-workflow	Checkout code	2025-08-20T07:33:34.0236852Z [command]/usr/bin/git log -1 --format=%H
end-workflow	Checkout code	2025-08-20T07:33:34.0264343Z 47ca03123e4be40ab08a51971c9591a0e2797c8f
end-workflow	Finaliza el workflow	ï»¿2025-08-20T07:33:34.0521126Z ##[group]Run echo "End process"
end-workflow	Finaliza el workflow	2025-08-20T07:33:34.0522570Z [36;1mecho "End process"[0m
end-workflow	Finaliza el workflow	2025-08-20T07:33:34.0524378Z [36;1mRNNUMBER=$(echo "refs/heads/H1335-revision-modulo-yamllint" | grep -o '[0-9]*')[0m
end-workflow	Finaliza el workflow	2025-08-20T07:33:34.0526692Z [36;1mgh issue comment $RNNUMBER --body "Se finaliza Ka0s 17091646739"[0m
end-workflow	Finaliza el workflow	2025-08-20T07:33:34.0529533Z [36;1mgh workflow run inspector.yml --ref 'main' -f kaos-issue-id=$RNNUMBER -f kaos-workflow-id="17091646739" -f kaos-user-start=""[0m
end-workflow	Finaliza el workflow	2025-08-20T07:33:34.0544707Z shell: /usr/bin/bash -e {0}
end-workflow	Finaliza el workflow	2025-08-20T07:33:34.0545851Z env:
end-workflow	Finaliza el workflow	2025-08-20T07:33:34.0546760Z   KAOS_MODULE: [Ka0S] JSONLINT
end-workflow	Finaliza el workflow	2025-08-20T07:33:34.0548511Z   GH_TOKEN: ***
end-workflow	Finaliza el workflow	2025-08-20T07:33:34.0549614Z   KAOS_JSONLINT_CONFIG: core/config/.jsonlint.json
end-workflow	Finaliza el workflow	2025-08-20T07:33:34.0551078Z   KAOS_PATH_RESUME: audit/jsonlint/
end-workflow	Finaliza el workflow	2025-08-20T07:33:34.0552378Z   KAOS_REPO: /actions-runner/_work/kaos/kaos
end-workflow	Finaliza el workflow	2025-08-20T07:33:34.0553644Z   KAOS_STEP_MODULE: 
end-workflow	Finaliza el workflow	2025-08-20T07:33:34.0554622Z   KAOS_CODE: 17091646739
end-workflow	Finaliza el workflow	2025-08-20T07:33:34.0555727Z   KAOS_REF_BRANCH: main
end-workflow	Finaliza el workflow	2025-08-20T07:33:34.0556716Z ##[endgroup]
end-workflow	Finaliza el workflow	2025-08-20T07:33:34.0621737Z End process
end-workflow	Finaliza el workflow	2025-08-20T07:33:35.1518108Z https://github.com/Ka0s-Klaus/ka0s/issues/1335#issuecomment-3204597976
end-workflow	Post Checkout code	ï»¿2025-08-20T07:33:35.9344779Z Post job cleanup.
end-workflow	Post Checkout code	2025-08-20T07:33:36.0489697Z [command]/usr/bin/git version
end-workflow	Post Checkout code	2025-08-20T07:33:36.0532356Z git version 2.43.0
end-workflow	Post Checkout code	2025-08-20T07:33:36.0571884Z Copying '/home/kaos/.gitconfig' to '/actions-runner/_work/_temp/c9d146ee-e0da-42c0-9123-ee1571349c3e/.gitconfig'
end-workflow	Post Checkout code	2025-08-20T07:33:36.0592723Z Temporarily overriding HOME='/actions-runner/_work/_temp/c9d146ee-e0da-42c0-9123-ee1571349c3e' before making global git config changes
end-workflow	Post Checkout code	2025-08-20T07:33:36.0597402Z Adding repository directory to the temporary git global config as a safe directory
end-workflow	Post Checkout code	2025-08-20T07:33:36.0600453Z [command]/usr/bin/git config --global --add safe.directory /actions-runner/_work/ka0s/ka0s
end-workflow	Post Checkout code	2025-08-20T07:33:36.0634222Z [command]/usr/bin/git config --local --name-only --get-regexp core\.sshCommand
end-workflow	Post Checkout code	2025-08-20T07:33:36.0677632Z [command]/usr/bin/git submodule foreach --recursive sh -c "git config --local --name-only --get-regexp 'core\.sshCommand' && git config --local --unset-all 'core.sshCommand' || :"
end-workflow	Post Checkout code	2025-08-20T07:33:36.0949731Z [command]/usr/bin/git config --local --name-only --get-regexp http\.https\:\/\/github\.com\/\.extraheader
end-workflow	Post Checkout code	2025-08-20T07:33:36.0975334Z http.https://github.com/.extraheader
end-workflow	Post Checkout code	2025-08-20T07:33:36.0989437Z [command]/usr/bin/git config --local --unset-all http.https://github.com/.extraheader
end-workflow	Post Checkout code	2025-08-20T07:33:36.1030777Z [command]/usr/bin/git submodule foreach --recursive sh -c "git config --local --name-only --get-regexp 'http\.https\:\/\/github\.com\/\.extraheader' && git config --local --unset-all 'http.https://github.com/.extraheader' || :"
end-workflow	Complete job	ï»¿2025-08-20T07:33:36.1639842Z Cleaning up orphan processes
