job-core	Set up job	ï»¿2025-08-20T07:28:43.6360508Z Current runner version: '2.328.0'
job-core	Set up job	2025-08-20T07:28:43.6369009Z Runner name: 'ka0s-ka0s-3'
job-core	Set up job	2025-08-20T07:28:43.6369792Z Runner group name: 'ka0s'
job-core	Set up job	2025-08-20T07:28:43.6370741Z Machine name: '3951c78e42d6'
job-core	Set up job	2025-08-20T07:28:43.6374207Z ##[group]GITHUB_TOKEN Permissions
job-core	Set up job	2025-08-20T07:28:43.6376747Z Actions: write
job-core	Set up job	2025-08-20T07:28:43.6377345Z Contents: write
job-core	Set up job	2025-08-20T07:28:43.6377974Z Issues: write
job-core	Set up job	2025-08-20T07:28:43.6378476Z Metadata: read
job-core	Set up job	2025-08-20T07:28:43.6379031Z PullRequests: write
job-core	Set up job	2025-08-20T07:28:43.6379667Z ##[endgroup]
job-core	Set up job	2025-08-20T07:28:43.6382166Z Secret source: Actions
job-core	Set up job	2025-08-20T07:28:43.6382867Z Prepare workflow directory
job-core	Set up job	2025-08-20T07:28:43.7125997Z Prepare all required actions
job-core	Set up job	2025-08-20T07:28:43.7172437Z Getting action download info
job-core	Set up job	2025-08-20T07:28:44.2555791Z Download action repository 'actions/checkout@v4' (SHA:08eba0b27e820071cde6df949e0beb9ba4906955)
job-core	Set up job	2025-08-20T07:28:44.9828776Z Download action repository 'actions/setup-node@v2' (SHA:7c12f8017d5436eb855f1ed4399f037a36fbd9e8)
job-core	Set up job	2025-08-20T07:28:45.9739452Z Complete job name: job-core
job-core	Checkout code	ï»¿2025-08-20T07:28:46.0405188Z ##[group]Run actions/checkout@v4
job-core	Checkout code	2025-08-20T07:28:46.0406830Z with:
job-core	Checkout code	2025-08-20T07:28:46.0407644Z   fetch-depth: 0
job-core	Checkout code	2025-08-20T07:28:46.0409073Z   token: ***
job-core	Checkout code	2025-08-20T07:28:46.0409910Z   repository: Ka0s-Klaus/ka0s
job-core	Checkout code	2025-08-20T07:28:46.0410908Z   ssh-strict: true
job-core	Checkout code	2025-08-20T07:28:46.0412266Z   ssh-user: git
job-core	Checkout code	2025-08-20T07:28:46.0413131Z   persist-credentials: true
job-core	Checkout code	2025-08-20T07:28:46.0414098Z   clean: true
job-core	Checkout code	2025-08-20T07:28:46.0415111Z   sparse-checkout-cone-mode: true
job-core	Checkout code	2025-08-20T07:28:46.0416304Z   fetch-tags: false
job-core	Checkout code	2025-08-20T07:28:46.0417168Z   show-progress: true
job-core	Checkout code	2025-08-20T07:28:46.0418047Z   lfs: false
job-core	Checkout code	2025-08-20T07:28:46.0418855Z   submodules: false
job-core	Checkout code	2025-08-20T07:28:46.0419776Z   set-safe-directory: true
job-core	Checkout code	2025-08-20T07:28:46.0421222Z env:
job-core	Checkout code	2025-08-20T07:28:46.0422028Z   KAOS_MODULE: [Ka0S] JSONLINT
job-core	Checkout code	2025-08-20T07:28:46.0423361Z   GH_TOKEN: ***
job-core	Checkout code	2025-08-20T07:28:46.0424335Z   KAOS_JSONLINT_CONFIG: core/config/.jsonlint.json
job-core	Checkout code	2025-08-20T07:28:46.0425652Z   KAOS_PATH_RESUME: audit/jsonlint/
job-core	Checkout code	2025-08-20T07:28:46.0426851Z   KAOS_REPO: /actions-runner/_work/kaos/kaos
job-core	Checkout code	2025-08-20T07:28:46.0427979Z   KAOS_STEP_MODULE: 
job-core	Checkout code	2025-08-20T07:28:46.0428842Z   KAOS_CODE: 17091634733
job-core	Checkout code	2025-08-20T07:28:46.0429743Z   KAOS_REF_BRANCH: main
job-core	Checkout code	2025-08-20T07:28:46.0430601Z ##[endgroup]
job-core	Checkout code	2025-08-20T07:28:46.1721324Z Syncing repository: Ka0s-Klaus/ka0s
job-core	Checkout code	2025-08-20T07:28:46.1724738Z ##[group]Getting Git version info
job-core	Checkout code	2025-08-20T07:28:46.1726131Z Working directory is '/actions-runner/_work/ka0s/ka0s'
job-core	Checkout code	2025-08-20T07:28:46.1728184Z [command]/usr/bin/git version
job-core	Checkout code	2025-08-20T07:28:46.1729380Z git version 2.43.0
job-core	Checkout code	2025-08-20T07:28:46.1746367Z ##[endgroup]
job-core	Checkout code	2025-08-20T07:28:46.1760325Z Copying '/home/kaos/.gitconfig' to '/actions-runner/_work/_temp/cbb30097-8f50-4c47-b462-5ebaeac67dca/.gitconfig'
job-core	Checkout code	2025-08-20T07:28:46.1774270Z Temporarily overriding HOME='/actions-runner/_work/_temp/cbb30097-8f50-4c47-b462-5ebaeac67dca' before making global git config changes
job-core	Checkout code	2025-08-20T07:28:46.1780818Z Adding repository directory to the temporary git global config as a safe directory
job-core	Checkout code	2025-08-20T07:28:46.1783592Z [command]/usr/bin/git config --global --add safe.directory /actions-runner/_work/ka0s/ka0s
job-core	Checkout code	2025-08-20T07:28:46.1832344Z [command]/usr/bin/git config --local --get remote.origin.url
job-core	Checkout code	2025-08-20T07:28:46.1870239Z https://github.com/Ka0s-Klaus/ka0s
job-core	Checkout code	2025-08-20T07:28:46.1900114Z ##[group]Removing previously created refs, to avoid conflicts
job-core	Checkout code	2025-08-20T07:28:46.1907711Z [command]/usr/bin/git rev-parse --symbolic-full-name --verify --quiet HEAD
job-core	Checkout code	2025-08-20T07:28:46.1939707Z refs/heads/H1335-revision-modulo-yamllint
job-core	Checkout code	2025-08-20T07:28:46.1952562Z [command]/usr/bin/git checkout --detach
job-core	Checkout code	2025-08-20T07:28:46.2039047Z HEAD is now at 47ca0312 [Ka0S] Uploading resume execution files to the repository...
job-core	Checkout code	2025-08-20T07:28:46.2094420Z [command]/usr/bin/git branch --delete --force H1335-revision-modulo-yamllint
job-core	Checkout code	2025-08-20T07:28:46.2130183Z Deleted branch H1335-revision-modulo-yamllint (was 47ca0312).
job-core	Checkout code	2025-08-20T07:28:46.2237673Z ##[endgroup]
job-core	Checkout code	2025-08-20T07:28:46.2239356Z [command]/usr/bin/git submodule status
job-core	Checkout code	2025-08-20T07:28:46.2501975Z ##[group]Cleaning the repository
job-core	Checkout code	2025-08-20T07:28:46.2503332Z [command]/usr/bin/git clean -ffdx
job-core	Checkout code	2025-08-20T07:28:46.2558970Z Removing audit/jsonlint/jsonlint-results-17091633503.txt
job-core	Checkout code	2025-08-20T07:28:46.2570009Z [command]/usr/bin/git reset --hard HEAD
job-core	Checkout code	2025-08-20T07:28:46.2659772Z HEAD is now at 47ca0312 [Ka0S] Uploading resume execution files to the repository...
job-core	Checkout code	2025-08-20T07:28:46.2667384Z ##[endgroup]
job-core	Checkout code	2025-08-20T07:28:46.2668998Z ##[group]Disabling automatic garbage collection
job-core	Checkout code	2025-08-20T07:28:46.2670767Z [command]/usr/bin/git config --local gc.auto 0
job-core	Checkout code	2025-08-20T07:28:46.2714474Z ##[endgroup]
job-core	Checkout code	2025-08-20T07:28:46.2715981Z ##[group]Setting up auth
job-core	Checkout code	2025-08-20T07:28:46.2718909Z [command]/usr/bin/git config --local --name-only --get-regexp core\.sshCommand
job-core	Checkout code	2025-08-20T07:28:46.2759088Z [command]/usr/bin/git submodule foreach --recursive sh -c "git config --local --name-only --get-regexp 'core\.sshCommand' && git config --local --unset-all 'core.sshCommand' || :"
job-core	Checkout code	2025-08-20T07:28:46.3004408Z [command]/usr/bin/git config --local --name-only --get-regexp http\.https\:\/\/github\.com\/\.extraheader
job-core	Checkout code	2025-08-20T07:28:46.3038028Z [command]/usr/bin/git submodule foreach --recursive sh -c "git config --local --name-only --get-regexp 'http\.https\:\/\/github\.com\/\.extraheader' && git config --local --unset-all 'http.https://github.com/.extraheader' || :"
job-core	Checkout code	2025-08-20T07:28:46.3293069Z [command]/usr/bin/git config --local http.https://github.com/.extraheader AUTHORIZATION: basic ***
job-core	Checkout code	2025-08-20T07:28:46.3337594Z ##[endgroup]
job-core	Checkout code	2025-08-20T07:28:46.3339234Z ##[group]Fetching the repository
job-core	Checkout code	2025-08-20T07:28:46.3346454Z [command]/usr/bin/git -c protocol.version=2 fetch --prune --no-recurse-submodules origin +refs/heads/*:refs/remotes/origin/* +refs/tags/*:refs/tags/*
job-core	Checkout code	2025-08-20T07:28:46.8431695Z [command]/usr/bin/git branch --list --remote origin/H1335-revision-modulo-yamllint
job-core	Checkout code	2025-08-20T07:28:46.8471294Z   origin/H1335-revision-modulo-yamllint
job-core	Checkout code	2025-08-20T07:28:46.8480320Z [command]/usr/bin/git rev-parse refs/remotes/origin/H1335-revision-modulo-yamllint
job-core	Checkout code	2025-08-20T07:28:46.8506430Z 47ca03123e4be40ab08a51971c9591a0e2797c8f
job-core	Checkout code	2025-08-20T07:28:46.8511512Z ##[endgroup]
job-core	Checkout code	2025-08-20T07:28:46.8512980Z ##[group]Determining the checkout info
job-core	Checkout code	2025-08-20T07:28:46.8514398Z ##[endgroup]
job-core	Checkout code	2025-08-20T07:28:46.8518112Z [command]/usr/bin/git sparse-checkout disable
job-core	Checkout code	2025-08-20T07:28:46.8581350Z [command]/usr/bin/git config --local --unset-all extensions.worktreeConfig
job-core	Checkout code	2025-08-20T07:28:46.8613117Z ##[group]Checking out the ref
job-core	Checkout code	2025-08-20T07:28:46.8616783Z [command]/usr/bin/git checkout --progress --force -B H1335-revision-modulo-yamllint refs/remotes/origin/H1335-revision-modulo-yamllint
job-core	Checkout code	2025-08-20T07:28:46.8693432Z Switched to a new branch 'H1335-revision-modulo-yamllint'
job-core	Checkout code	2025-08-20T07:28:46.8697061Z branch 'H1335-revision-modulo-yamllint' set up to track 'origin/H1335-revision-modulo-yamllint'.
job-core	Checkout code	2025-08-20T07:28:46.8718392Z ##[endgroup]
job-core	Checkout code	2025-08-20T07:28:46.8756590Z [command]/usr/bin/git log -1 --format=%H
job-core	Checkout code	2025-08-20T07:28:46.8792809Z 47ca03123e4be40ab08a51971c9591a0e2797c8f
job-core	Install Node.js	ï»¿2025-08-20T07:28:46.9113893Z ##[group]Run actions/setup-node@v2
job-core	Install Node.js	2025-08-20T07:28:46.9114905Z with:
job-core	Install Node.js	2025-08-20T07:28:46.9115495Z   node-version: 14
job-core	Install Node.js	2025-08-20T07:28:46.9116169Z   always-auth: false
job-core	Install Node.js	2025-08-20T07:28:46.9116864Z   check-latest: false
job-core	Install Node.js	2025-08-20T07:28:46.9117901Z   token: ***
job-core	Install Node.js	2025-08-20T07:28:46.9118678Z env:
job-core	Install Node.js	2025-08-20T07:28:46.9119557Z   KAOS_MODULE: [Ka0S] JSONLINT
job-core	Install Node.js	2025-08-20T07:28:46.9120634Z   GH_TOKEN: ***
job-core	Install Node.js	2025-08-20T07:28:46.9121612Z   KAOS_JSONLINT_CONFIG: core/config/.jsonlint.json
job-core	Install Node.js	2025-08-20T07:28:46.9122639Z   KAOS_PATH_RESUME: audit/jsonlint/
job-core	Install Node.js	2025-08-20T07:28:46.9123610Z   KAOS_REPO: /actions-runner/_work/kaos/kaos
job-core	Install Node.js	2025-08-20T07:28:46.9124544Z   KAOS_STEP_MODULE: 
job-core	Install Node.js	2025-08-20T07:28:46.9125266Z   KAOS_CODE: 17091634733
job-core	Install Node.js	2025-08-20T07:28:46.9126010Z   KAOS_REF_BRANCH: main
job-core	Install Node.js	2025-08-20T07:28:46.9126715Z ##[endgroup]
job-core	Install Node.js	2025-08-20T07:28:47.0603036Z Found in cache @ /actions-runner/_work/_tool/node/14.21.3/x64
job-core	Install jsonlint	ï»¿2025-08-20T07:28:47.0752874Z ##[group]Run if ! command -v jsonlint &> /dev/null; then
job-core	Install jsonlint	2025-08-20T07:28:47.0754134Z [36;1mif ! command -v jsonlint &> /dev/null; then[0m
job-core	Install jsonlint	2025-08-20T07:28:47.0755098Z [36;1m  echo "Installing jsonlint..."[0m
job-core	Install jsonlint	2025-08-20T07:28:47.0755960Z [36;1m  npm install -g jsonlint[0m
job-core	Install jsonlint	2025-08-20T07:28:47.0756722Z [36;1melse[0m
job-core	Install jsonlint	2025-08-20T07:28:47.0757594Z [36;1m  echo "jsonlint already installed, skipping installation"[0m
job-core	Install jsonlint	2025-08-20T07:28:47.0758603Z [36;1mfi[0m
job-core	Install jsonlint	2025-08-20T07:28:47.0759236Z [36;1mmkdir -p audit/jsonlint/[0m
job-core	Install jsonlint	2025-08-20T07:28:47.0772254Z shell: /usr/bin/bash -e {0}
job-core	Install jsonlint	2025-08-20T07:28:47.0773000Z env:
job-core	Install jsonlint	2025-08-20T07:28:47.0773585Z   KAOS_MODULE: [Ka0S] JSONLINT
job-core	Install jsonlint	2025-08-20T07:28:47.0774678Z   GH_TOKEN: ***
job-core	Install jsonlint	2025-08-20T07:28:47.0775421Z   KAOS_JSONLINT_CONFIG: core/config/.jsonlint.json
job-core	Install jsonlint	2025-08-20T07:28:47.0776360Z   KAOS_PATH_RESUME: audit/jsonlint/
job-core	Install jsonlint	2025-08-20T07:28:47.0777227Z   KAOS_REPO: /actions-runner/_work/kaos/kaos
job-core	Install jsonlint	2025-08-20T07:28:47.0778096Z   KAOS_STEP_MODULE: 
job-core	Install jsonlint	2025-08-20T07:28:47.0778803Z   KAOS_CODE: 17091634733
job-core	Install jsonlint	2025-08-20T07:28:47.0779481Z   KAOS_REF_BRANCH: main
job-core	Install jsonlint	2025-08-20T07:28:47.0780135Z ##[endgroup]
job-core	Install jsonlint	2025-08-20T07:28:47.0921300Z jsonlint already installed, skipping installation
job-core	Check JSON	ï»¿2025-08-20T07:28:47.0989196Z ##[group]Run # Invocamos la primera comprobaciÃ³n de base, sino se supera el proceso no continua
job-core	Check JSON	2025-08-20T07:28:47.0991412Z [36;1m# Invocamos la primera comprobaciÃ³n de base, sino se supera el proceso no continua[0m
job-core	Check JSON	2025-08-20T07:28:47.0993031Z [36;1m# Extraemos el nombre del fichero[0m
job-core	Check JSON	2025-08-20T07:28:47.0994083Z [36;1mfile_name=$(basename "audit/inspector/17091256752.json")[0m
job-core	Check JSON	2025-08-20T07:28:47.0995202Z [36;1m# Generamos el fichero de resultados vacio[0m
job-core	Check JSON	2025-08-20T07:28:47.0996345Z [36;1mtouch audit/jsonlint/jsonlint-results-17091634733.txt[0m
job-core	Check JSON	2025-08-20T07:28:47.0997498Z [36;1m# Realizamos el check del documento json [0m
job-core	Check JSON	2025-08-20T07:28:47.0999083Z [36;1mjsonlint audit/inspector/17091256752.json > audit/jsonlint/jsonlint-results-17091634733.txt || true[0m
job-core	Check JSON	2025-08-20T07:28:47.1000658Z [36;1m# Check if exist errors in file[0m
job-core	Check JSON	2025-08-20T07:28:47.1002413Z [36;1mif [ ! -s audit/jsonlint/jsonlint-results-17091634733.txt ]; then[0m
job-core	Check JSON	2025-08-20T07:28:47.1004125Z [36;1m  echo "File audit/jsonlint/jsonlint-results-17091634733.txt is empty and is content correct"[0m
job-core	Check JSON	2025-08-20T07:28:47.1007417Z [36;1m  KAOS_ISSUE_BODY="The [Ka0S] JSONLINT process (17091627844) launch the check (17091634733) over file (audit/inspector/17091256752.json) and its result has been SUCCESS. Please review all files implicated in pull request and approve to merge"[0m
job-core	Check JSON	2025-08-20T07:28:47.1010389Z [36;1m  # AÃ±adimos la versiÃ³n de jsonlint con la que se realiza la comprobacion[0m
job-core	Check JSON	2025-08-20T07:28:47.1012252Z [36;1m  jsonlint --version >> audit/jsonlint/jsonlint-results-17091634733.txt[0m
job-core	Check JSON	2025-08-20T07:28:47.1013614Z [36;1m  # aÃ±adimos el nombre del fichero que vamos a comprobar[0m
job-core	Check JSON	2025-08-20T07:28:47.1015226Z [36;1m  echo "Finding: audit/inspector/17091256752.json" >> audit/jsonlint/jsonlint-results-17091634733.txt[0m
job-core	Check JSON	2025-08-20T07:28:47.1017300Z [36;1m  gh issue comment  1335 -b kaos-issue-body="$KAOS_ISSUE_BODY" [0m
job-core	Check JSON	2025-08-20T07:28:47.1018330Z [36;1melse[0m
job-core	Check JSON	2025-08-20T07:28:47.1019161Z [36;1m  cat audit/jsonlint/jsonlint-results-17091634733.txt[0m
job-core	Check JSON	2025-08-20T07:28:47.1021103Z [36;1m  echo "File audit/jsonlint/jsonlint-results-17091634733.txt is not empty and is content not correct and write commit info"[0m
job-core	Check JSON	2025-08-20T07:28:47.1024521Z [36;1m  KAOS_ISSUE_BODY="The [Ka0S] JSONLINT process (17091627844) launch the check (17091634733) over file (audit/inspector/17091256752.json) and its result has been FAILED, please check and solved it"[0m
job-core	Check JSON	2025-08-20T07:28:47.1027066Z [36;1m  # AÃ±adimos la versiÃ³n de jsonlint con la que se realiza la comprobacion[0m
job-core	Check JSON	2025-08-20T07:28:47.1028598Z [36;1m  # jsonlint --version || true >> audit/jsonlint/jsonlint-results-17091634733.txt[0m
job-core	Check JSON	2025-08-20T07:28:47.1029990Z [36;1m  # aÃ±adimos el nombre del fichero que vamos a comprobar[0m
job-core	Check JSON	2025-08-20T07:28:47.1032207Z [36;1m  echo "Finding: audit/inspector/17091256752.json" >> audit/jsonlint/jsonlint-results-17091634733.txt[0m
job-core	Check JSON	2025-08-20T07:28:47.1033908Z [36;1m  gh issue comment  1335 -b kaos-issue-body="$KAOS_ISSUE_BODY" [0m
job-core	Check JSON	2025-08-20T07:28:47.1034952Z [36;1mfi[0m
job-core	Check JSON	2025-08-20T07:28:47.1035687Z [36;1mecho "Uploading files to the repository..."[0m
job-core	Check JSON	2025-08-20T07:28:47.1036932Z [36;1mgit config --global user.name "***"[0m
job-core	Check JSON	2025-08-20T07:28:47.1037954Z [36;1mgit config --global user.email "***"[0m
job-core	Check JSON	2025-08-20T07:28:47.1038817Z [36;1mgit pull[0m
job-core	Check JSON	2025-08-20T07:28:47.1039483Z [36;1mgit add audit/jsonlint/*[0m
job-core	Check JSON	2025-08-20T07:28:47.1040343Z [36;1mif ! git diff --staged --quiet; then[0m
job-core	Check JSON	2025-08-20T07:28:47.1041732Z [36;1m  git commit -m "[Ka0S] Uploading jsonlint resume execution files to the repository..."[0m
job-core	Check JSON	2025-08-20T07:28:47.1043290Z [36;1m  git push origin refs/heads/H1335-revision-modulo-yamllint[0m
job-core	Check JSON	2025-08-20T07:28:47.1044326Z [36;1mfi[0m
job-core	Check JSON	2025-08-20T07:28:47.1051779Z shell: /usr/bin/bash -e {0}
job-core	Check JSON	2025-08-20T07:28:47.1052497Z env:
job-core	Check JSON	2025-08-20T07:28:47.1053076Z   KAOS_MODULE: [Ka0S] JSONLINT
job-core	Check JSON	2025-08-20T07:28:47.1054080Z   GH_TOKEN: ***
job-core	Check JSON	2025-08-20T07:28:47.1054820Z   KAOS_JSONLINT_CONFIG: core/config/.jsonlint.json
job-core	Check JSON	2025-08-20T07:28:47.1055968Z   KAOS_PATH_RESUME: audit/jsonlint/
job-core	Check JSON	2025-08-20T07:28:47.1056827Z   KAOS_REPO: /actions-runner/_work/kaos/kaos
job-core	Check JSON	2025-08-20T07:28:47.1057668Z   KAOS_STEP_MODULE: 
job-core	Check JSON	2025-08-20T07:28:47.1058323Z   KAOS_CODE: 17091634733
job-core	Check JSON	2025-08-20T07:28:47.1059009Z   KAOS_REF_BRANCH: main
job-core	Check JSON	2025-08-20T07:28:47.1059660Z ##[endgroup]
job-core	Check JSON	2025-08-20T07:28:47.2301371Z internal/fs/utils.js:332
job-core	Check JSON	2025-08-20T07:28:47.2302445Z     throw err;
job-core	Check JSON	2025-08-20T07:28:47.2303095Z     ^
job-core	Check JSON	2025-08-20T07:28:47.2303445Z 
job-core	Check JSON	2025-08-20T07:28:47.2305139Z Error: ENOENT: no such file or directory, open 'audit/inspector/17091256752.json'
job-core	Check JSON	2025-08-20T07:28:47.2306505Z     at Object.openSync (fs.js:498:3)
job-core	Check JSON	2025-08-20T07:28:47.2307488Z     at Object.readFileSync (fs.js:394:35)
job-core	Check JSON	2025-08-20T07:28:47.2309093Z     at main (/actions-runner/_work/_tool/node/14.21.3/x64/lib/node_modules/jsonlint/lib/cli.js:135:23)
job-core	Check JSON	2025-08-20T07:28:47.2311389Z     at Object.<anonymous> (/actions-runner/_work/_tool/node/14.21.3/x64/lib/node_modules/jsonlint/lib/cli.js:179:1)
job-core	Check JSON	2025-08-20T07:28:47.2313242Z     at Module._compile (internal/modules/cjs/loader.js:1114:14)
job-core	Check JSON	2025-08-20T07:28:47.2314769Z     at Object.Module._extensions..js (internal/modules/cjs/loader.js:1143:10)
job-core	Check JSON	2025-08-20T07:28:47.2316225Z     at Module.load (internal/modules/cjs/loader.js:979:32)
job-core	Check JSON	2025-08-20T07:28:47.2317668Z     at Function.Module._load (internal/modules/cjs/loader.js:819:12)
job-core	Check JSON	2025-08-20T07:28:47.2319558Z     at Function.executeUserEntryPoint [as runMain] (internal/modules/run_main.js:75:12)
job-core	Check JSON	2025-08-20T07:28:47.2321666Z     at internal/main/run_main_module.js:17:47 {
job-core	Check JSON	2025-08-20T07:28:47.2322765Z   errno: -2,
job-core	Check JSON	2025-08-20T07:28:47.2323458Z   syscall: 'open',
job-core	Check JSON	2025-08-20T07:28:47.2325747Z   code: 'ENOENT',
job-core	Check JSON	2025-08-20T07:28:47.2326723Z   path: 'audit/inspector/17091256752.json'
job-core	Check JSON	2025-08-20T07:28:47.2327637Z }
job-core	Check JSON	2025-08-20T07:28:47.2329036Z File audit/jsonlint/jsonlint-results-17091634733.txt is empty and is content correct
job-core	Check JSON	2025-08-20T07:28:47.3452317Z ##[error]Process completed with exit code 1.
job-core	Post Checkout code	ï»¿2025-08-20T07:28:47.3607559Z Post job cleanup.
job-core	Post Checkout code	2025-08-20T07:28:47.4672773Z [command]/usr/bin/git version
job-core	Post Checkout code	2025-08-20T07:28:47.4702236Z git version 2.43.0
job-core	Post Checkout code	2025-08-20T07:28:47.4748871Z Copying '/home/kaos/.gitconfig' to '/actions-runner/_work/_temp/4f9cfeb0-498e-4ed8-a6c7-c32fa410581d/.gitconfig'
job-core	Post Checkout code	2025-08-20T07:28:47.4762197Z Temporarily overriding HOME='/actions-runner/_work/_temp/4f9cfeb0-498e-4ed8-a6c7-c32fa410581d' before making global git config changes
job-core	Post Checkout code	2025-08-20T07:28:47.4765217Z Adding repository directory to the temporary git global config as a safe directory
job-core	Post Checkout code	2025-08-20T07:28:47.4767337Z [command]/usr/bin/git config --global --add safe.directory /actions-runner/_work/ka0s/ka0s
job-core	Post Checkout code	2025-08-20T07:28:47.4810459Z [command]/usr/bin/git config --local --name-only --get-regexp core\.sshCommand
job-core	Post Checkout code	2025-08-20T07:28:47.4852266Z [command]/usr/bin/git submodule foreach --recursive sh -c "git config --local --name-only --get-regexp 'core\.sshCommand' && git config --local --unset-all 'core.sshCommand' || :"
job-core	Post Checkout code	2025-08-20T07:28:47.5123260Z [command]/usr/bin/git config --local --name-only --get-regexp http\.https\:\/\/github\.com\/\.extraheader
job-core	Post Checkout code	2025-08-20T07:28:47.5148277Z http.https://github.com/.extraheader
job-core	Post Checkout code	2025-08-20T07:28:47.5160744Z [command]/usr/bin/git config --local --unset-all http.https://github.com/.extraheader
job-core	Post Checkout code	2025-08-20T07:28:47.5198444Z [command]/usr/bin/git submodule foreach --recursive sh -c "git config --local --name-only --get-regexp 'http\.https\:\/\/github\.com\/\.extraheader' && git config --local --unset-all 'http.https://github.com/.extraheader' || :"
job-core	Complete job	ï»¿2025-08-20T07:28:47.5574548Z Cleaning up orphan processes
handle_failure	Set up job	ï»¿2025-08-20T07:30:30.3556712Z Current runner version: '2.328.0'
handle_failure	Set up job	2025-08-20T07:30:30.3564175Z Runner name: 'ka0s-ka0s-2'
handle_failure	Set up job	2025-08-20T07:30:30.3564986Z Runner group name: 'ka0s'
handle_failure	Set up job	2025-08-20T07:30:30.3565898Z Machine name: '194f155ad019'
handle_failure	Set up job	2025-08-20T07:30:30.3568922Z ##[group]GITHUB_TOKEN Permissions
handle_failure	Set up job	2025-08-20T07:30:30.3573619Z Actions: write
handle_failure	Set up job	2025-08-20T07:30:30.3574424Z Contents: write
handle_failure	Set up job	2025-08-20T07:30:30.3575008Z Issues: write
handle_failure	Set up job	2025-08-20T07:30:30.3575506Z Metadata: read
handle_failure	Set up job	2025-08-20T07:30:30.3576081Z PullRequests: write
handle_failure	Set up job	2025-08-20T07:30:30.3577112Z ##[endgroup]
handle_failure	Set up job	2025-08-20T07:30:30.3579780Z Secret source: Actions
handle_failure	Set up job	2025-08-20T07:30:30.3580568Z Prepare workflow directory
handle_failure	Set up job	2025-08-20T07:30:30.4224033Z Prepare all required actions
handle_failure	Set up job	2025-08-20T07:30:30.4266752Z Getting action download info
handle_failure	Set up job	2025-08-20T07:30:30.9545891Z Download action repository 'actions/checkout@v4' (SHA:08eba0b27e820071cde6df949e0beb9ba4906955)
handle_failure	Set up job	2025-08-20T07:30:31.8137026Z Complete job name: handle_failure
handle_failure	Checkout code	ï»¿2025-08-20T07:30:31.8648413Z ##[group]Run actions/checkout@v4
handle_failure	Checkout code	2025-08-20T07:30:31.8649319Z with:
handle_failure	Checkout code	2025-08-20T07:30:31.8649708Z   fetch-depth: 0
handle_failure	Checkout code	2025-08-20T07:30:31.8650486Z   token: ***
handle_failure	Checkout code	2025-08-20T07:30:31.8650886Z   repository: Ka0s-Klaus/ka0s
handle_failure	Checkout code	2025-08-20T07:30:31.8651422Z   ssh-strict: true
handle_failure	Checkout code	2025-08-20T07:30:31.8651813Z   ssh-user: git
handle_failure	Checkout code	2025-08-20T07:30:31.8652333Z   persist-credentials: true
handle_failure	Checkout code	2025-08-20T07:30:31.8652764Z   clean: true
handle_failure	Checkout code	2025-08-20T07:30:31.8653156Z   sparse-checkout-cone-mode: true
handle_failure	Checkout code	2025-08-20T07:30:31.8653623Z   fetch-tags: false
handle_failure	Checkout code	2025-08-20T07:30:31.8654010Z   show-progress: true
handle_failure	Checkout code	2025-08-20T07:30:31.8654404Z   lfs: false
handle_failure	Checkout code	2025-08-20T07:30:31.8654758Z   submodules: false
handle_failure	Checkout code	2025-08-20T07:30:31.8655154Z   set-safe-directory: true
handle_failure	Checkout code	2025-08-20T07:30:31.8655821Z env:
handle_failure	Checkout code	2025-08-20T07:30:31.8656198Z   KAOS_MODULE: [Ka0S] JSONLINT
handle_failure	Checkout code	2025-08-20T07:30:31.8656795Z   GH_TOKEN: ***
handle_failure	Checkout code	2025-08-20T07:30:31.8657239Z   KAOS_JSONLINT_CONFIG: core/config/.jsonlint.json
handle_failure	Checkout code	2025-08-20T07:30:31.8657794Z   KAOS_PATH_RESUME: audit/jsonlint/
handle_failure	Checkout code	2025-08-20T07:30:31.8658354Z   KAOS_REPO: /actions-runner/_work/kaos/kaos
handle_failure	Checkout code	2025-08-20T07:30:31.8658875Z   KAOS_STEP_MODULE: 
handle_failure	Checkout code	2025-08-20T07:30:31.8659271Z   KAOS_CODE: 17091634733
handle_failure	Checkout code	2025-08-20T07:30:31.8659682Z   KAOS_REF_BRANCH: main
handle_failure	Checkout code	2025-08-20T07:30:31.8660079Z ##[endgroup]
handle_failure	Checkout code	2025-08-20T07:30:31.9857244Z Syncing repository: Ka0s-Klaus/ka0s
handle_failure	Checkout code	2025-08-20T07:30:31.9859751Z ##[group]Getting Git version info
handle_failure	Checkout code	2025-08-20T07:30:31.9860482Z Working directory is '/actions-runner/_work/ka0s/ka0s'
handle_failure	Checkout code	2025-08-20T07:30:31.9861577Z [command]/usr/bin/git version
handle_failure	Checkout code	2025-08-20T07:30:31.9862158Z git version 2.43.0
handle_failure	Checkout code	2025-08-20T07:30:31.9890324Z ##[endgroup]
handle_failure	Checkout code	2025-08-20T07:30:31.9901436Z Copying '/home/kaos/.gitconfig' to '/actions-runner/_work/_temp/0bf194bf-a12f-4944-b9d2-7976e62e5cdf/.gitconfig'
handle_failure	Checkout code	2025-08-20T07:30:31.9917233Z Temporarily overriding HOME='/actions-runner/_work/_temp/0bf194bf-a12f-4944-b9d2-7976e62e5cdf' before making global git config changes
handle_failure	Checkout code	2025-08-20T07:30:31.9919493Z Adding repository directory to the temporary git global config as a safe directory
handle_failure	Checkout code	2025-08-20T07:30:31.9923127Z [command]/usr/bin/git config --global --add safe.directory /actions-runner/_work/ka0s/ka0s
handle_failure	Checkout code	2025-08-20T07:30:31.9970068Z [command]/usr/bin/git config --local --get remote.origin.url
handle_failure	Checkout code	2025-08-20T07:30:32.0010005Z https://github.com/Ka0s-Klaus/ka0s
handle_failure	Checkout code	2025-08-20T07:30:32.0031458Z ##[group]Removing previously created refs, to avoid conflicts
handle_failure	Checkout code	2025-08-20T07:30:32.0036606Z [command]/usr/bin/git rev-parse --symbolic-full-name --verify --quiet HEAD
handle_failure	Checkout code	2025-08-20T07:30:32.0063185Z refs/heads/H1335-revision-modulo-yamllint
handle_failure	Checkout code	2025-08-20T07:30:32.0077366Z [command]/usr/bin/git checkout --detach
handle_failure	Checkout code	2025-08-20T07:30:32.0165428Z HEAD is now at 47ca0312 [Ka0S] Uploading resume execution files to the repository...
handle_failure	Checkout code	2025-08-20T07:30:32.0210795Z [command]/usr/bin/git branch --delete --force H1335-revision-modulo-yamllint
handle_failure	Checkout code	2025-08-20T07:30:32.0246367Z Deleted branch H1335-revision-modulo-yamllint (was 47ca0312).
handle_failure	Checkout code	2025-08-20T07:30:32.0331888Z ##[endgroup]
handle_failure	Checkout code	2025-08-20T07:30:32.0333425Z [command]/usr/bin/git submodule status
handle_failure	Checkout code	2025-08-20T07:30:32.0583669Z ##[group]Cleaning the repository
handle_failure	Checkout code	2025-08-20T07:30:32.0587473Z [command]/usr/bin/git clean -ffdx
handle_failure	Checkout code	2025-08-20T07:30:32.0643903Z [command]/usr/bin/git reset --hard HEAD
handle_failure	Checkout code	2025-08-20T07:30:32.0724427Z HEAD is now at 47ca0312 [Ka0S] Uploading resume execution files to the repository...
handle_failure	Checkout code	2025-08-20T07:30:32.0729947Z ##[endgroup]
handle_failure	Checkout code	2025-08-20T07:30:32.0737872Z ##[group]Disabling automatic garbage collection
handle_failure	Checkout code	2025-08-20T07:30:32.0740027Z [command]/usr/bin/git config --local gc.auto 0
handle_failure	Checkout code	2025-08-20T07:30:32.0770346Z ##[endgroup]
handle_failure	Checkout code	2025-08-20T07:30:32.0771485Z ##[group]Setting up auth
handle_failure	Checkout code	2025-08-20T07:30:32.0777477Z [command]/usr/bin/git config --local --name-only --get-regexp core\.sshCommand
handle_failure	Checkout code	2025-08-20T07:30:32.0816358Z [command]/usr/bin/git submodule foreach --recursive sh -c "git config --local --name-only --get-regexp 'core\.sshCommand' && git config --local --unset-all 'core.sshCommand' || :"
handle_failure	Checkout code	2025-08-20T07:30:32.1064830Z [command]/usr/bin/git config --local --name-only --get-regexp http\.https\:\/\/github\.com\/\.extraheader
handle_failure	Checkout code	2025-08-20T07:30:32.1097420Z [command]/usr/bin/git submodule foreach --recursive sh -c "git config --local --name-only --get-regexp 'http\.https\:\/\/github\.com\/\.extraheader' && git config --local --unset-all 'http.https://github.com/.extraheader' || :"
handle_failure	Checkout code	2025-08-20T07:30:32.1351334Z [command]/usr/bin/git config --local http.https://github.com/.extraheader AUTHORIZATION: basic ***
handle_failure	Checkout code	2025-08-20T07:30:32.1397016Z ##[endgroup]
handle_failure	Checkout code	2025-08-20T07:30:32.1397866Z ##[group]Fetching the repository
handle_failure	Checkout code	2025-08-20T07:30:32.1405081Z [command]/usr/bin/git -c protocol.version=2 fetch --prune --no-recurse-submodules origin +refs/heads/*:refs/remotes/origin/* +refs/tags/*:refs/tags/*
handle_failure	Checkout code	2025-08-20T07:30:32.7044286Z From https://github.com/Ka0s-Klaus/ka0s
handle_failure	Checkout code	2025-08-20T07:30:32.7047038Z    47ca0312..7934fe8a  H1335-revision-modulo-yamllint -> origin/H1335-revision-modulo-yamllint
handle_failure	Checkout code	2025-08-20T07:30:32.7190774Z [command]/usr/bin/git branch --list --remote origin/H1335-revision-modulo-yamllint
handle_failure	Checkout code	2025-08-20T07:30:32.7224316Z   origin/H1335-revision-modulo-yamllint
handle_failure	Checkout code	2025-08-20T07:30:32.7233748Z [command]/usr/bin/git rev-parse refs/remotes/origin/H1335-revision-modulo-yamllint
handle_failure	Checkout code	2025-08-20T07:30:32.7261359Z 7934fe8a55e4cdd663ed7af927bce4e339eb4808
handle_failure	Checkout code	2025-08-20T07:30:32.7274935Z [command]/usr/bin/git -c protocol.version=2 fetch --no-tags --prune --no-recurse-submodules origin +47ca03123e4be40ab08a51971c9591a0e2797c8f:refs/remotes/origin/H1335-revision-modulo-yamllint
handle_failure	Checkout code	2025-08-20T07:30:32.7461639Z From https://github.com/Ka0s-Klaus/ka0s
handle_failure	Checkout code	2025-08-20T07:30:32.7463933Z  + 7934fe8a...47ca0312 47ca03123e4be40ab08a51971c9591a0e2797c8f -> origin/H1335-revision-modulo-yamllint  (forced update)
handle_failure	Checkout code	2025-08-20T07:30:32.7492047Z ##[endgroup]
handle_failure	Checkout code	2025-08-20T07:30:32.7493045Z ##[group]Determining the checkout info
handle_failure	Checkout code	2025-08-20T07:30:32.7493979Z ##[endgroup]
handle_failure	Checkout code	2025-08-20T07:30:32.7498915Z [command]/usr/bin/git sparse-checkout disable
handle_failure	Checkout code	2025-08-20T07:30:32.7555154Z [command]/usr/bin/git config --local --unset-all extensions.worktreeConfig
handle_failure	Checkout code	2025-08-20T07:30:32.7590195Z ##[group]Checking out the ref
handle_failure	Checkout code	2025-08-20T07:30:32.7593051Z [command]/usr/bin/git checkout --progress --force -B H1335-revision-modulo-yamllint refs/remotes/origin/H1335-revision-modulo-yamllint
handle_failure	Checkout code	2025-08-20T07:30:32.7671704Z Switched to a new branch 'H1335-revision-modulo-yamllint'
handle_failure	Checkout code	2025-08-20T07:30:32.7673307Z branch 'H1335-revision-modulo-yamllint' set up to track 'origin/H1335-revision-modulo-yamllint'.
handle_failure	Checkout code	2025-08-20T07:30:32.7676416Z ##[endgroup]
handle_failure	Checkout code	2025-08-20T07:30:32.7718064Z [command]/usr/bin/git log -1 --format=%H
handle_failure	Checkout code	2025-08-20T07:30:32.7749641Z 47ca03123e4be40ab08a51971c9591a0e2797c8f
handle_failure	handle-failure-execution	ï»¿2025-08-20T07:30:32.7985788Z ##[group]Run echo "Error detected in process"
handle_failure	handle-failure-execution	2025-08-20T07:30:32.7986700Z [36;1mecho "Error detected in process"[0m
handle_failure	handle-failure-execution	2025-08-20T07:30:32.7987378Z [36;1mecho "Created issue"[0m
handle_failure	handle-failure-execution	2025-08-20T07:30:32.7988861Z [36;1mgh issue create  --title "[Ka0S] Error detected in [Ka0S] JSONLINT" --label "bug" --body "Error detected in [Ka0S] JSONLINT. Please check the logs for 17091634733 more information of error."[0m
handle_failure	handle-failure-execution	2025-08-20T07:30:32.7990395Z [36;1mecho "Add comment to origin target"[0m
handle_failure	handle-failure-execution	2025-08-20T07:30:32.7991677Z [36;1mRNNUMBER=$(echo "refs/heads/H1335-revision-modulo-yamllint" | grep -o '[0-9]*')[0m
handle_failure	handle-failure-execution	2025-08-20T07:30:32.7993242Z [36;1mgh issue comment $RNNUMBER --body "El proceso no ha finalizado correctamente 17091634733. El resultado estÃ¡ en el fichero 17091634733.log"[0m
handle_failure	handle-failure-execution	2025-08-20T07:30:32.8004327Z shell: /usr/bin/bash -e {0}
handle_failure	handle-failure-execution	2025-08-20T07:30:32.8004953Z env:
handle_failure	handle-failure-execution	2025-08-20T07:30:32.8005432Z   KAOS_MODULE: [Ka0S] JSONLINT
handle_failure	handle-failure-execution	2025-08-20T07:30:32.8006255Z   GH_TOKEN: ***
handle_failure	handle-failure-execution	2025-08-20T07:30:32.8006819Z   KAOS_JSONLINT_CONFIG: core/config/.jsonlint.json
handle_failure	handle-failure-execution	2025-08-20T07:30:32.8007594Z   KAOS_PATH_RESUME: audit/jsonlint/
handle_failure	handle-failure-execution	2025-08-20T07:30:32.8008236Z   KAOS_REPO: /actions-runner/_work/kaos/kaos
handle_failure	handle-failure-execution	2025-08-20T07:30:32.8008883Z   KAOS_STEP_MODULE: 
handle_failure	handle-failure-execution	2025-08-20T07:30:32.8009396Z   KAOS_CODE: 17091634733
handle_failure	handle-failure-execution	2025-08-20T07:30:32.8009920Z   KAOS_REF_BRANCH: main
handle_failure	handle-failure-execution	2025-08-20T07:30:32.8010676Z ##[endgroup]
handle_failure	handle-failure-execution	2025-08-20T07:30:32.8065664Z Error detected in process
handle_failure	handle-failure-execution	2025-08-20T07:30:32.8066563Z Created issue
handle_failure	handle-failure-execution	2025-08-20T07:30:34.3013574Z https://github.com/Ka0s-Klaus/ka0s/issues/1377
handle_failure	handle-failure-execution	2025-08-20T07:30:34.3034019Z Add comment to origin target
handle_failure	handle-failure-execution	2025-08-20T07:30:35.2286815Z https://github.com/Ka0s-Klaus/ka0s/issues/1335#issuecomment-3204573753
handle_failure	Post Checkout code	ï»¿2025-08-20T07:30:35.2707413Z Post job cleanup.
handle_failure	Post Checkout code	2025-08-20T07:30:35.3908783Z [command]/usr/bin/git version
handle_failure	Post Checkout code	2025-08-20T07:30:35.3953673Z git version 2.43.0
handle_failure	Post Checkout code	2025-08-20T07:30:35.4001280Z Copying '/home/kaos/.gitconfig' to '/actions-runner/_work/_temp/202f6cc3-7303-4b1e-9e95-12cafa2431ca/.gitconfig'
handle_failure	Post Checkout code	2025-08-20T07:30:35.4015840Z Temporarily overriding HOME='/actions-runner/_work/_temp/202f6cc3-7303-4b1e-9e95-12cafa2431ca' before making global git config changes
handle_failure	Post Checkout code	2025-08-20T07:30:35.4017298Z Adding repository directory to the temporary git global config as a safe directory
handle_failure	Post Checkout code	2025-08-20T07:30:35.4024530Z [command]/usr/bin/git config --global --add safe.directory /actions-runner/_work/ka0s/ka0s
handle_failure	Post Checkout code	2025-08-20T07:30:35.4068140Z [command]/usr/bin/git config --local --name-only --get-regexp core\.sshCommand
handle_failure	Post Checkout code	2025-08-20T07:30:35.4113411Z [command]/usr/bin/git submodule foreach --recursive sh -c "git config --local --name-only --get-regexp 'core\.sshCommand' && git config --local --unset-all 'core.sshCommand' || :"
handle_failure	Post Checkout code	2025-08-20T07:30:35.4387329Z [command]/usr/bin/git config --local --name-only --get-regexp http\.https\:\/\/github\.com\/\.extraheader
handle_failure	Post Checkout code	2025-08-20T07:30:35.4417602Z http.https://github.com/.extraheader
handle_failure	Post Checkout code	2025-08-20T07:30:35.4437745Z [command]/usr/bin/git config --local --unset-all http.https://github.com/.extraheader
handle_failure	Post Checkout code	2025-08-20T07:30:35.4482051Z [command]/usr/bin/git submodule foreach --recursive sh -c "git config --local --name-only --get-regexp 'http\.https\:\/\/github\.com\/\.extraheader' && git config --local --unset-all 'http.https://github.com/.extraheader' || :"
handle_failure	Complete job	ï»¿2025-08-20T07:30:35.5027436Z Cleaning up orphan processes
end-workflow	Set up job	ï»¿2025-08-20T07:32:02.0770241Z Current runner version: '2.328.0'
end-workflow	Set up job	2025-08-20T07:32:02.0780489Z Runner name: 'ka0s-ka0s-2'
end-workflow	Set up job	2025-08-20T07:32:02.0782025Z Runner group name: 'ka0s'
end-workflow	Set up job	2025-08-20T07:32:02.0782957Z Machine name: '194f155ad019'
end-workflow	Set up job	2025-08-20T07:32:02.0785968Z ##[group]GITHUB_TOKEN Permissions
end-workflow	Set up job	2025-08-20T07:32:02.0788432Z Actions: write
end-workflow	Set up job	2025-08-20T07:32:02.0789035Z Contents: write
end-workflow	Set up job	2025-08-20T07:32:02.0789633Z Issues: write
end-workflow	Set up job	2025-08-20T07:32:02.0790170Z Metadata: read
end-workflow	Set up job	2025-08-20T07:32:02.0790698Z PullRequests: write
end-workflow	Set up job	2025-08-20T07:32:02.0791782Z ##[endgroup]
end-workflow	Set up job	2025-08-20T07:32:02.0793976Z Secret source: Actions
end-workflow	Set up job	2025-08-20T07:32:02.0794725Z Prepare workflow directory
end-workflow	Set up job	2025-08-20T07:32:02.1483262Z Prepare all required actions
end-workflow	Set up job	2025-08-20T07:32:02.1530483Z Getting action download info
end-workflow	Set up job	2025-08-20T07:32:02.7177537Z Download action repository 'actions/checkout@v4' (SHA:08eba0b27e820071cde6df949e0beb9ba4906955)
end-workflow	Set up job	2025-08-20T07:32:03.7979045Z Complete job name: end-workflow
end-workflow	Checkout code	ï»¿2025-08-20T07:32:03.8516528Z ##[group]Run actions/checkout@v4
end-workflow	Checkout code	2025-08-20T07:32:03.8517549Z with:
end-workflow	Checkout code	2025-08-20T07:32:03.8518015Z   fetch-depth: 0
end-workflow	Checkout code	2025-08-20T07:32:03.8518863Z   token: ***
end-workflow	Checkout code	2025-08-20T07:32:03.8519310Z   repository: Ka0s-Klaus/ka0s
end-workflow	Checkout code	2025-08-20T07:32:03.8519836Z   ssh-strict: true
end-workflow	Checkout code	2025-08-20T07:32:03.8520267Z   ssh-user: git
end-workflow	Checkout code	2025-08-20T07:32:03.8520711Z   persist-credentials: true
end-workflow	Checkout code	2025-08-20T07:32:03.8521537Z   clean: true
end-workflow	Checkout code	2025-08-20T07:32:03.8521992Z   sparse-checkout-cone-mode: true
end-workflow	Checkout code	2025-08-20T07:32:03.8522540Z   fetch-tags: false
end-workflow	Checkout code	2025-08-20T07:32:03.8522997Z   show-progress: true
end-workflow	Checkout code	2025-08-20T07:32:03.8523636Z   lfs: false
end-workflow	Checkout code	2025-08-20T07:32:03.8524057Z   submodules: false
end-workflow	Checkout code	2025-08-20T07:32:03.8524659Z   set-safe-directory: true
end-workflow	Checkout code	2025-08-20T07:32:03.8525379Z env:
end-workflow	Checkout code	2025-08-20T07:32:03.8525815Z   KAOS_MODULE: [Ka0S] JSONLINT
end-workflow	Checkout code	2025-08-20T07:32:03.8526509Z   GH_TOKEN: ***
end-workflow	Checkout code	2025-08-20T07:32:03.8527021Z   KAOS_JSONLINT_CONFIG: core/config/.jsonlint.json
end-workflow	Checkout code	2025-08-20T07:32:03.8527660Z   KAOS_PATH_RESUME: audit/jsonlint/
end-workflow	Checkout code	2025-08-20T07:32:03.8528437Z   KAOS_REPO: /actions-runner/_work/kaos/kaos
end-workflow	Checkout code	2025-08-20T07:32:03.8529167Z   KAOS_STEP_MODULE: 
end-workflow	Checkout code	2025-08-20T07:32:03.8529762Z   KAOS_CODE: 17091634733
end-workflow	Checkout code	2025-08-20T07:32:03.8530516Z   KAOS_REF_BRANCH: main
end-workflow	Checkout code	2025-08-20T07:32:03.8531041Z ##[endgroup]
end-workflow	Checkout code	2025-08-20T07:32:03.9745174Z Syncing repository: Ka0s-Klaus/ka0s
end-workflow	Checkout code	2025-08-20T07:32:03.9747658Z ##[group]Getting Git version info
end-workflow	Checkout code	2025-08-20T07:32:03.9748443Z Working directory is '/actions-runner/_work/ka0s/ka0s'
end-workflow	Checkout code	2025-08-20T07:32:03.9749536Z [command]/usr/bin/git version
end-workflow	Checkout code	2025-08-20T07:32:03.9750110Z git version 2.43.0
end-workflow	Checkout code	2025-08-20T07:32:03.9768420Z ##[endgroup]
end-workflow	Checkout code	2025-08-20T07:32:03.9780615Z Copying '/home/kaos/.gitconfig' to '/actions-runner/_work/_temp/20e58f04-ae91-4bc3-a520-bfc1b493c5d7/.gitconfig'
end-workflow	Checkout code	2025-08-20T07:32:03.9793183Z Temporarily overriding HOME='/actions-runner/_work/_temp/20e58f04-ae91-4bc3-a520-bfc1b493c5d7' before making global git config changes
end-workflow	Checkout code	2025-08-20T07:32:03.9795220Z Adding repository directory to the temporary git global config as a safe directory
end-workflow	Checkout code	2025-08-20T07:32:03.9798965Z [command]/usr/bin/git config --global --add safe.directory /actions-runner/_work/ka0s/ka0s
end-workflow	Checkout code	2025-08-20T07:32:03.9843404Z [command]/usr/bin/git config --local --get remote.origin.url
end-workflow	Checkout code	2025-08-20T07:32:03.9880648Z https://github.com/Ka0s-Klaus/ka0s
end-workflow	Checkout code	2025-08-20T07:32:03.9900247Z ##[group]Removing previously created refs, to avoid conflicts
end-workflow	Checkout code	2025-08-20T07:32:03.9905429Z [command]/usr/bin/git rev-parse --symbolic-full-name --verify --quiet HEAD
end-workflow	Checkout code	2025-08-20T07:32:03.9930092Z refs/heads/H1335-revision-modulo-yamllint
end-workflow	Checkout code	2025-08-20T07:32:03.9941545Z [command]/usr/bin/git checkout --detach
end-workflow	Checkout code	2025-08-20T07:32:04.0021906Z HEAD is now at 47ca0312 [Ka0S] Uploading resume execution files to the repository...
end-workflow	Checkout code	2025-08-20T07:32:04.0073303Z [command]/usr/bin/git branch --delete --force H1335-revision-modulo-yamllint
end-workflow	Checkout code	2025-08-20T07:32:04.0111574Z Deleted branch H1335-revision-modulo-yamllint (was 47ca0312).
end-workflow	Checkout code	2025-08-20T07:32:04.0213314Z ##[endgroup]
end-workflow	Checkout code	2025-08-20T07:32:04.0214104Z [command]/usr/bin/git submodule status
end-workflow	Checkout code	2025-08-20T07:32:04.0492344Z ##[group]Cleaning the repository
end-workflow	Checkout code	2025-08-20T07:32:04.0493749Z [command]/usr/bin/git clean -ffdx
end-workflow	Checkout code	2025-08-20T07:32:04.0553101Z [command]/usr/bin/git reset --hard HEAD
end-workflow	Checkout code	2025-08-20T07:32:04.0647527Z HEAD is now at 47ca0312 [Ka0S] Uploading resume execution files to the repository...
end-workflow	Checkout code	2025-08-20T07:32:04.0652445Z ##[endgroup]
end-workflow	Checkout code	2025-08-20T07:32:04.0654191Z ##[group]Disabling automatic garbage collection
end-workflow	Checkout code	2025-08-20T07:32:04.0660465Z [command]/usr/bin/git config --local gc.auto 0
end-workflow	Checkout code	2025-08-20T07:32:04.0704379Z ##[endgroup]
end-workflow	Checkout code	2025-08-20T07:32:04.0705462Z ##[group]Setting up auth
end-workflow	Checkout code	2025-08-20T07:32:04.0710728Z [command]/usr/bin/git config --local --name-only --get-regexp core\.sshCommand
end-workflow	Checkout code	2025-08-20T07:32:04.0755978Z [command]/usr/bin/git submodule foreach --recursive sh -c "git config --local --name-only --get-regexp 'core\.sshCommand' && git config --local --unset-all 'core.sshCommand' || :"
end-workflow	Checkout code	2025-08-20T07:32:04.1047509Z [command]/usr/bin/git config --local --name-only --get-regexp http\.https\:\/\/github\.com\/\.extraheader
end-workflow	Checkout code	2025-08-20T07:32:04.1081530Z [command]/usr/bin/git submodule foreach --recursive sh -c "git config --local --name-only --get-regexp 'http\.https\:\/\/github\.com\/\.extraheader' && git config --local --unset-all 'http.https://github.com/.extraheader' || :"
end-workflow	Checkout code	2025-08-20T07:32:04.1360251Z [command]/usr/bin/git config --local http.https://github.com/.extraheader AUTHORIZATION: basic ***
end-workflow	Checkout code	2025-08-20T07:32:04.1415566Z ##[endgroup]
end-workflow	Checkout code	2025-08-20T07:32:04.1445042Z ##[group]Fetching the repository
end-workflow	Checkout code	2025-08-20T07:32:04.1450435Z [command]/usr/bin/git -c protocol.version=2 fetch --prune --no-recurse-submodules origin +refs/heads/*:refs/remotes/origin/* +refs/tags/*:refs/tags/*
end-workflow	Checkout code	2025-08-20T07:32:04.6562411Z From https://github.com/Ka0s-Klaus/ka0s
end-workflow	Checkout code	2025-08-20T07:32:04.6564091Z    47ca0312..c1babbb9  H1335-revision-modulo-yamllint -> origin/H1335-revision-modulo-yamllint
end-workflow	Checkout code	2025-08-20T07:32:04.6724855Z [command]/usr/bin/git branch --list --remote origin/H1335-revision-modulo-yamllint
end-workflow	Checkout code	2025-08-20T07:32:04.6771483Z   origin/H1335-revision-modulo-yamllint
end-workflow	Checkout code	2025-08-20T07:32:04.6778900Z [command]/usr/bin/git rev-parse refs/remotes/origin/H1335-revision-modulo-yamllint
end-workflow	Checkout code	2025-08-20T07:32:04.6818959Z c1babbb9d31dbc1bebed597d9341822e3461a439
end-workflow	Checkout code	2025-08-20T07:32:04.6825976Z [command]/usr/bin/git -c protocol.version=2 fetch --no-tags --prune --no-recurse-submodules origin +47ca03123e4be40ab08a51971c9591a0e2797c8f:refs/remotes/origin/H1335-revision-modulo-yamllint
end-workflow	Checkout code	2025-08-20T07:32:04.7028966Z From https://github.com/Ka0s-Klaus/ka0s
end-workflow	Checkout code	2025-08-20T07:32:04.7032475Z  + c1babbb9...47ca0312 47ca03123e4be40ab08a51971c9591a0e2797c8f -> origin/H1335-revision-modulo-yamllint  (forced update)
end-workflow	Checkout code	2025-08-20T07:32:04.7051849Z ##[endgroup]
end-workflow	Checkout code	2025-08-20T07:32:04.7052707Z ##[group]Determining the checkout info
end-workflow	Checkout code	2025-08-20T07:32:04.7053981Z ##[endgroup]
end-workflow	Checkout code	2025-08-20T07:32:04.7061101Z [command]/usr/bin/git sparse-checkout disable
end-workflow	Checkout code	2025-08-20T07:32:04.7123137Z [command]/usr/bin/git config --local --unset-all extensions.worktreeConfig
end-workflow	Checkout code	2025-08-20T07:32:04.7157721Z ##[group]Checking out the ref
end-workflow	Checkout code	2025-08-20T07:32:04.7162010Z [command]/usr/bin/git checkout --progress --force -B H1335-revision-modulo-yamllint refs/remotes/origin/H1335-revision-modulo-yamllint
end-workflow	Checkout code	2025-08-20T07:32:04.7248220Z Switched to a new branch 'H1335-revision-modulo-yamllint'
end-workflow	Checkout code	2025-08-20T07:32:04.7250776Z branch 'H1335-revision-modulo-yamllint' set up to track 'origin/H1335-revision-modulo-yamllint'.
end-workflow	Checkout code	2025-08-20T07:32:04.7254688Z ##[endgroup]
end-workflow	Checkout code	2025-08-20T07:32:04.7299208Z [command]/usr/bin/git log -1 --format=%H
end-workflow	Checkout code	2025-08-20T07:32:04.7333067Z 47ca03123e4be40ab08a51971c9591a0e2797c8f
end-workflow	Finaliza el workflow	ï»¿2025-08-20T07:32:04.7582329Z ##[group]Run echo "End process"
end-workflow	Finaliza el workflow	2025-08-20T07:32:04.7583610Z [36;1mecho "End process"[0m
end-workflow	Finaliza el workflow	2025-08-20T07:32:04.7584505Z [36;1mRNNUMBER=$(echo "refs/heads/H1335-revision-modulo-yamllint" | grep -o '[0-9]*')[0m
end-workflow	Finaliza el workflow	2025-08-20T07:32:04.7585639Z [36;1mgh issue comment $RNNUMBER --body "Se finaliza Ka0s 17091634733"[0m
end-workflow	Finaliza el workflow	2025-08-20T07:32:04.7587107Z [36;1mgh workflow run inspector.yml --ref 'main' -f kaos-issue-id=$RNNUMBER -f kaos-workflow-id="17091634733" -f kaos-user-start=""[0m
end-workflow	Finaliza el workflow	2025-08-20T07:32:04.7602216Z shell: /usr/bin/bash -e {0}
end-workflow	Finaliza el workflow	2025-08-20T07:32:04.7602942Z env:
end-workflow	Finaliza el workflow	2025-08-20T07:32:04.7603431Z   KAOS_MODULE: [Ka0S] JSONLINT
end-workflow	Finaliza el workflow	2025-08-20T07:32:04.7604330Z   GH_TOKEN: ***
end-workflow	Finaliza el workflow	2025-08-20T07:32:04.7604912Z   KAOS_JSONLINT_CONFIG: core/config/.jsonlint.json
end-workflow	Finaliza el workflow	2025-08-20T07:32:04.7605624Z   KAOS_PATH_RESUME: audit/jsonlint/
end-workflow	Finaliza el workflow	2025-08-20T07:32:04.7606311Z   KAOS_REPO: /actions-runner/_work/kaos/kaos
end-workflow	Finaliza el workflow	2025-08-20T07:32:04.7606986Z   KAOS_STEP_MODULE: 
end-workflow	Finaliza el workflow	2025-08-20T07:32:04.7607496Z   KAOS_CODE: 17091634733
end-workflow	Finaliza el workflow	2025-08-20T07:32:04.7608132Z   KAOS_REF_BRANCH: main
end-workflow	Finaliza el workflow	2025-08-20T07:32:04.7608669Z ##[endgroup]
end-workflow	Finaliza el workflow	2025-08-20T07:32:04.7676657Z End process
end-workflow	Finaliza el workflow	2025-08-20T07:32:05.9191146Z https://github.com/Ka0s-Klaus/ka0s/issues/1335#issuecomment-3204588127
end-workflow	Post Checkout code	ï»¿2025-08-20T07:32:06.5882268Z Post job cleanup.
end-workflow	Post Checkout code	2025-08-20T07:32:06.7066920Z [command]/usr/bin/git version
end-workflow	Post Checkout code	2025-08-20T07:32:06.7119987Z git version 2.43.0
end-workflow	Post Checkout code	2025-08-20T07:32:06.7187829Z Copying '/home/kaos/.gitconfig' to '/actions-runner/_work/_temp/a6826209-a4c4-4705-9d64-3fbb7ce40c18/.gitconfig'
end-workflow	Post Checkout code	2025-08-20T07:32:06.7249239Z Temporarily overriding HOME='/actions-runner/_work/_temp/a6826209-a4c4-4705-9d64-3fbb7ce40c18' before making global git config changes
end-workflow	Post Checkout code	2025-08-20T07:32:06.7255108Z Adding repository directory to the temporary git global config as a safe directory
end-workflow	Post Checkout code	2025-08-20T07:32:06.7255887Z [command]/usr/bin/git config --global --add safe.directory /actions-runner/_work/ka0s/ka0s
end-workflow	Post Checkout code	2025-08-20T07:32:06.7305972Z [command]/usr/bin/git config --local --name-only --get-regexp core\.sshCommand
end-workflow	Post Checkout code	2025-08-20T07:32:06.7378403Z [command]/usr/bin/git submodule foreach --recursive sh -c "git config --local --name-only --get-regexp 'core\.sshCommand' && git config --local --unset-all 'core.sshCommand' || :"
end-workflow	Post Checkout code	2025-08-20T07:32:06.7698793Z [command]/usr/bin/git config --local --name-only --get-regexp http\.https\:\/\/github\.com\/\.extraheader
end-workflow	Post Checkout code	2025-08-20T07:32:06.7942672Z http.https://github.com/.extraheader
end-workflow	Post Checkout code	2025-08-20T07:32:06.7943878Z [command]/usr/bin/git config --local --unset-all http.https://github.com/.extraheader
end-workflow	Post Checkout code	2025-08-20T07:32:06.7955142Z [command]/usr/bin/git submodule foreach --recursive sh -c "git config --local --name-only --get-regexp 'http\.https\:\/\/github\.com\/\.extraheader' && git config --local --unset-all 'http.https://github.com/.extraheader' || :"
end-workflow	Complete job	ï»¿2025-08-20T07:32:06.8532168Z Cleaning up orphan processes
