job-core	Set up job	ï»¿2025-08-22T01:41:31.0355946Z Current runner version: '2.328.0'
job-core	Set up job	2025-08-22T01:41:31.0363469Z Runner name: 'ka0s-ka0s-2'
job-core	Set up job	2025-08-22T01:41:31.0364367Z Runner group name: 'ka0s'
job-core	Set up job	2025-08-22T01:41:31.0365425Z Machine name: '194f155ad019'
job-core	Set up job	2025-08-22T01:41:31.0368049Z ##[group]GITHUB_TOKEN Permissions
job-core	Set up job	2025-08-22T01:41:31.0370212Z Actions: write
job-core	Set up job	2025-08-22T01:41:31.0370749Z Metadata: read
job-core	Set up job	2025-08-22T01:41:31.0371675Z ##[endgroup]
job-core	Set up job	2025-08-22T01:41:31.0373846Z Secret source: Actions
job-core	Set up job	2025-08-22T01:41:31.0374659Z Prepare workflow directory
job-core	Set up job	2025-08-22T01:41:31.1015735Z Prepare all required actions
job-core	Set up job	2025-08-22T01:41:31.1057172Z Getting action download info
job-core	Set up job	2025-08-22T01:41:31.6891991Z Download action repository 'actions/checkout@v4' (SHA:08eba0b27e820071cde6df949e0beb9ba4906955)
job-core	Set up job	2025-08-22T01:41:32.6010803Z Complete job name: job-core
job-core	Checkout repository	ï»¿2025-08-22T01:41:32.6559974Z ##[group]Run actions/checkout@v4
job-core	Checkout repository	2025-08-22T01:41:32.6560879Z with:
job-core	Checkout repository	2025-08-22T01:41:32.6561365Z   fetch-depth: 0
job-core	Checkout repository	2025-08-22T01:41:32.6562026Z   token: ***
job-core	Checkout repository	2025-08-22T01:41:32.6562443Z   repository: Ka0s-Klaus/ka0s
job-core	Checkout repository	2025-08-22T01:41:32.6562955Z   ssh-strict: true
job-core	Checkout repository	2025-08-22T01:41:32.6563356Z   ssh-user: git
job-core	Checkout repository	2025-08-22T01:41:32.6563776Z   persist-credentials: true
job-core	Checkout repository	2025-08-22T01:41:32.6564235Z   clean: true
job-core	Checkout repository	2025-08-22T01:41:32.6564643Z   sparse-checkout-cone-mode: true
job-core	Checkout repository	2025-08-22T01:41:32.6565141Z   fetch-tags: false
job-core	Checkout repository	2025-08-22T01:41:32.6565557Z   show-progress: true
job-core	Checkout repository	2025-08-22T01:41:32.6566123Z   lfs: false
job-core	Checkout repository	2025-08-22T01:41:32.6566514Z   submodules: false
job-core	Checkout repository	2025-08-22T01:41:32.6566951Z   set-safe-directory: true
job-core	Checkout repository	2025-08-22T01:41:32.6567783Z env:
job-core	Checkout repository	2025-08-22T01:41:32.6568169Z   KAOS_CODE: 17143665253
job-core	Checkout repository	2025-08-22T01:41:32.6568614Z   KAOS_EVENT_NAME: schedule
job-core	Checkout repository	2025-08-22T01:41:32.6569073Z   KAOS_ACTION: 
job-core	Checkout repository	2025-08-22T01:41:32.6569484Z   KAOS_REF: refs/heads/main
job-core	Checkout repository	2025-08-22T01:41:32.6570033Z   KAOS_MODULE: [Ka0S] Re-Run Failed Inspector Workflows
job-core	Checkout repository	2025-08-22T01:41:32.6570670Z   KAOS_PATH_RESUME: audit/inspector/
job-core	Checkout repository	2025-08-22T01:41:32.6571391Z   KAOS_ACTOR: santakloud
job-core	Checkout repository	2025-08-22T01:41:32.6571844Z ##[endgroup]
job-core	Checkout repository	2025-08-22T01:41:32.7813391Z Syncing repository: Ka0s-Klaus/ka0s
job-core	Checkout repository	2025-08-22T01:41:32.7815347Z ##[group]Getting Git version info
job-core	Checkout repository	2025-08-22T01:41:32.7816042Z Working directory is '/actions-runner/_work/ka0s/ka0s'
job-core	Checkout repository	2025-08-22T01:41:32.7816998Z [command]/usr/bin/git version
job-core	Checkout repository	2025-08-22T01:41:32.7837490Z git version 2.43.0
job-core	Checkout repository	2025-08-22T01:41:32.7886263Z ##[endgroup]
job-core	Checkout repository	2025-08-22T01:41:32.7894716Z Copying '/home/kaos/.gitconfig' to '/actions-runner/_work/_temp/d9720400-d136-4b4c-afb0-7fa008609351/.gitconfig'
job-core	Checkout repository	2025-08-22T01:41:32.7909046Z Temporarily overriding HOME='/actions-runner/_work/_temp/d9720400-d136-4b4c-afb0-7fa008609351' before making global git config changes
job-core	Checkout repository	2025-08-22T01:41:32.7910912Z Adding repository directory to the temporary git global config as a safe directory
job-core	Checkout repository	2025-08-22T01:41:32.7912172Z [command]/usr/bin/git config --global --add safe.directory /actions-runner/_work/ka0s/ka0s
job-core	Checkout repository	2025-08-22T01:41:32.7979471Z [command]/usr/bin/git config --local --get remote.origin.url
job-core	Checkout repository	2025-08-22T01:41:32.8012781Z https://github.com/Ka0s-Klaus/ka0s
job-core	Checkout repository	2025-08-22T01:41:32.8031826Z ##[group]Removing previously created refs, to avoid conflicts
job-core	Checkout repository	2025-08-22T01:41:32.8036618Z [command]/usr/bin/git rev-parse --symbolic-full-name --verify --quiet HEAD
job-core	Checkout repository	2025-08-22T01:41:32.8060634Z refs/heads/main
job-core	Checkout repository	2025-08-22T01:41:32.8072771Z [command]/usr/bin/git checkout --detach
job-core	Checkout repository	2025-08-22T01:41:32.8187596Z HEAD is now at 7bd0eb29 Ka0S] Uploading files to MongoDB update repository ...
job-core	Checkout repository	2025-08-22T01:41:32.8235537Z [command]/usr/bin/git branch --delete --force main
job-core	Checkout repository	2025-08-22T01:41:32.8272862Z Deleted branch main (was 7bd0eb29).
job-core	Checkout repository	2025-08-22T01:41:32.8361553Z ##[endgroup]
job-core	Checkout repository	2025-08-22T01:41:32.8363426Z [command]/usr/bin/git submodule status
job-core	Checkout repository	2025-08-22T01:41:32.8615897Z ##[group]Cleaning the repository
job-core	Checkout repository	2025-08-22T01:41:32.8620802Z [command]/usr/bin/git clean -ffdx
job-core	Checkout repository	2025-08-22T01:41:32.8679032Z [command]/usr/bin/git reset --hard HEAD
job-core	Checkout repository	2025-08-22T01:41:32.8764305Z HEAD is now at 7bd0eb29 Ka0S] Uploading files to MongoDB update repository ...
job-core	Checkout repository	2025-08-22T01:41:32.8770172Z ##[endgroup]
job-core	Checkout repository	2025-08-22T01:41:32.8771576Z ##[group]Disabling automatic garbage collection
job-core	Checkout repository	2025-08-22T01:41:32.8776741Z [command]/usr/bin/git config --local gc.auto 0
job-core	Checkout repository	2025-08-22T01:41:32.8807373Z ##[endgroup]
job-core	Checkout repository	2025-08-22T01:41:32.8808179Z ##[group]Setting up auth
job-core	Checkout repository	2025-08-22T01:41:32.8815490Z [command]/usr/bin/git config --local --name-only --get-regexp core\.sshCommand
job-core	Checkout repository	2025-08-22T01:41:32.8851305Z [command]/usr/bin/git submodule foreach --recursive sh -c "git config --local --name-only --get-regexp 'core\.sshCommand' && git config --local --unset-all 'core.sshCommand' || :"
job-core	Checkout repository	2025-08-22T01:41:32.9106321Z [command]/usr/bin/git config --local --name-only --get-regexp http\.https\:\/\/github\.com\/\.extraheader
job-core	Checkout repository	2025-08-22T01:41:32.9139140Z [command]/usr/bin/git submodule foreach --recursive sh -c "git config --local --name-only --get-regexp 'http\.https\:\/\/github\.com\/\.extraheader' && git config --local --unset-all 'http.https://github.com/.extraheader' || :"
job-core	Checkout repository	2025-08-22T01:41:32.9391279Z [command]/usr/bin/git config --local http.https://github.com/.extraheader AUTHORIZATION: basic ***
job-core	Checkout repository	2025-08-22T01:41:32.9439489Z ##[endgroup]
job-core	Checkout repository	2025-08-22T01:41:32.9440340Z ##[group]Fetching the repository
job-core	Checkout repository	2025-08-22T01:41:32.9447901Z [command]/usr/bin/git -c protocol.version=2 fetch --prune --no-recurse-submodules origin +refs/heads/*:refs/remotes/origin/* +refs/tags/*:refs/tags/*
job-core	Checkout repository	2025-08-22T01:41:33.8256930Z From https://github.com/Ka0s-Klaus/ka0s
job-core	Checkout repository	2025-08-22T01:41:33.8258091Z    7bd0eb29..ff7e5c5f  main       -> origin/main
job-core	Checkout repository	2025-08-22T01:41:33.8329569Z [command]/usr/bin/git branch --list --remote origin/main
job-core	Checkout repository	2025-08-22T01:41:33.8362959Z   origin/main
job-core	Checkout repository	2025-08-22T01:41:33.8371475Z [command]/usr/bin/git rev-parse refs/remotes/origin/main
job-core	Checkout repository	2025-08-22T01:41:33.8395626Z ff7e5c5f013e3c973fc019fe74325a3d3199855f
job-core	Checkout repository	2025-08-22T01:41:33.8399623Z ##[endgroup]
job-core	Checkout repository	2025-08-22T01:41:33.8400594Z ##[group]Determining the checkout info
job-core	Checkout repository	2025-08-22T01:41:33.8401676Z ##[endgroup]
job-core	Checkout repository	2025-08-22T01:41:33.8406553Z [command]/usr/bin/git sparse-checkout disable
job-core	Checkout repository	2025-08-22T01:41:33.8453379Z [command]/usr/bin/git config --local --unset-all extensions.worktreeConfig
job-core	Checkout repository	2025-08-22T01:41:33.8483795Z ##[group]Checking out the ref
job-core	Checkout repository	2025-08-22T01:41:33.8487315Z [command]/usr/bin/git checkout --progress --force -B main refs/remotes/origin/main
job-core	Checkout repository	2025-08-22T01:41:33.8680871Z Previous HEAD position was 7bd0eb29 Ka0S] Uploading files to MongoDB update repository ...
job-core	Checkout repository	2025-08-22T01:41:33.8690568Z Switched to a new branch 'main'
job-core	Checkout repository	2025-08-22T01:41:33.8691474Z branch 'main' set up to track 'origin/main'.
job-core	Checkout repository	2025-08-22T01:41:33.8699940Z ##[endgroup]
job-core	Checkout repository	2025-08-22T01:41:33.8744380Z [command]/usr/bin/git log -1 --format=%H
job-core	Checkout repository	2025-08-22T01:41:33.8777207Z ff7e5c5f013e3c973fc019fe74325a3d3199855f
job-core	Get failed workflow runs for inspector.yml	ï»¿2025-08-22T01:41:33.8983016Z ##[group]Run failed_runs=$(jq -r '.[] | select(.name == "Ka0s Inspector" and .conclusion == "failure") | .id'  | tr '\n' ' ')
job-core	Get failed workflow runs for inspector.yml	2025-08-22T01:41:33.8984642Z [36;1mfailed_runs=$(jq -r '.[] | select(.name == "Ka0s Inspector" and .conclusion == "failure") | .id'  | tr '\n' ' ')[0m
job-core	Get failed workflow runs for inspector.yml	2025-08-22T01:41:33.8985722Z [36;1mecho "Failed runs: $failed_runs"[0m
job-core	Get failed workflow runs for inspector.yml	2025-08-22T01:41:33.8986468Z [36;1mecho "::set-output name=failed_runs::${failed_runs}"[0m
job-core	Get failed workflow runs for inspector.yml	2025-08-22T01:41:33.8996879Z shell: /usr/bin/bash -e {0}
job-core	Get failed workflow runs for inspector.yml	2025-08-22T01:41:33.8997461Z env:
job-core	Get failed workflow runs for inspector.yml	2025-08-22T01:41:33.8997896Z   KAOS_CODE: 17143665253
job-core	Get failed workflow runs for inspector.yml	2025-08-22T01:41:33.8998423Z   KAOS_EVENT_NAME: schedule
job-core	Get failed workflow runs for inspector.yml	2025-08-22T01:41:33.8998945Z   KAOS_ACTION: 
job-core	Get failed workflow runs for inspector.yml	2025-08-22T01:41:33.8999420Z   KAOS_REF: refs/heads/main
job-core	Get failed workflow runs for inspector.yml	2025-08-22T01:41:33.9000070Z   KAOS_MODULE: [Ka0S] Re-Run Failed Inspector Workflows
job-core	Get failed workflow runs for inspector.yml	2025-08-22T01:41:33.9000791Z   KAOS_PATH_RESUME: audit/inspector/
job-core	Get failed workflow runs for inspector.yml	2025-08-22T01:41:33.9001818Z   KAOS_ACTOR: santakloud
job-core	Get failed workflow runs for inspector.yml	2025-08-22T01:41:33.9002614Z   GH_TOKEN: ***
job-core	Get failed workflow runs for inspector.yml	2025-08-22T01:41:33.9003146Z ##[endgroup]
job-core	Get failed workflow runs for inspector.yml	2025-08-22T01:41:33.9088878Z Failed runs: 
job-core	Get failed workflow runs for inspector.yml	2025-08-22T01:41:33.9104428Z ##[warning]The `set-output` command is deprecated and will be disabled soon. Please upgrade to using Environment Files. For more information see: https://github.blog/changelog/2022-10-11-github-actions-deprecating-save-state-and-set-output-commands/
job-core	Post Checkout repository	ï»¿2025-08-22T01:41:33.9289953Z Post job cleanup.
job-core	Post Checkout repository	2025-08-22T01:41:34.0342283Z [command]/usr/bin/git version
job-core	Post Checkout repository	2025-08-22T01:41:34.0393773Z git version 2.43.0
job-core	Post Checkout repository	2025-08-22T01:41:34.0438872Z Copying '/home/kaos/.gitconfig' to '/actions-runner/_work/_temp/f5eeb693-90f7-4ce1-acb1-b5d2a93428f7/.gitconfig'
job-core	Post Checkout repository	2025-08-22T01:41:34.0450547Z Temporarily overriding HOME='/actions-runner/_work/_temp/f5eeb693-90f7-4ce1-acb1-b5d2a93428f7' before making global git config changes
job-core	Post Checkout repository	2025-08-22T01:41:34.0452620Z Adding repository directory to the temporary git global config as a safe directory
job-core	Post Checkout repository	2025-08-22T01:41:34.0457918Z [command]/usr/bin/git config --global --add safe.directory /actions-runner/_work/ka0s/ka0s
job-core	Post Checkout repository	2025-08-22T01:41:34.0508193Z [command]/usr/bin/git config --local --name-only --get-regexp core\.sshCommand
job-core	Post Checkout repository	2025-08-22T01:41:34.0545339Z [command]/usr/bin/git submodule foreach --recursive sh -c "git config --local --name-only --get-regexp 'core\.sshCommand' && git config --local --unset-all 'core.sshCommand' || :"
job-core	Post Checkout repository	2025-08-22T01:41:34.0801258Z [command]/usr/bin/git config --local --name-only --get-regexp http\.https\:\/\/github\.com\/\.extraheader
job-core	Post Checkout repository	2025-08-22T01:41:34.0826103Z http.https://github.com/.extraheader
job-core	Post Checkout repository	2025-08-22T01:41:34.0839084Z [command]/usr/bin/git config --local --unset-all http.https://github.com/.extraheader
job-core	Post Checkout repository	2025-08-22T01:41:34.0875836Z [command]/usr/bin/git submodule foreach --recursive sh -c "git config --local --name-only --get-regexp 'http\.https\:\/\/github\.com\/\.extraheader' && git config --local --unset-all 'http.https://github.com/.extraheader' || :"
job-core	Complete job	ï»¿2025-08-22T01:41:34.1251884Z Cleaning up orphan processes
handle-success	Set up job	ï»¿2025-08-22T01:41:39.8367984Z Current runner version: '2.328.0'
handle-success	Set up job	2025-08-22T01:41:39.8375483Z Runner name: 'ka0s-ka0s-1'
handle-success	Set up job	2025-08-22T01:41:39.8376317Z Runner group name: 'ka0s'
handle-success	Set up job	2025-08-22T01:41:39.8377224Z Machine name: '2ae8e24676b9'
handle-success	Set up job	2025-08-22T01:41:39.8379825Z ##[group]GITHUB_TOKEN Permissions
handle-success	Set up job	2025-08-22T01:41:39.8382080Z Actions: write
handle-success	Set up job	2025-08-22T01:41:39.8382740Z Metadata: read
handle-success	Set up job	2025-08-22T01:41:39.8383289Z ##[endgroup]
handle-success	Set up job	2025-08-22T01:41:39.8385293Z Secret source: Actions
handle-success	Set up job	2025-08-22T01:41:39.8386103Z Prepare workflow directory
handle-success	Set up job	2025-08-22T01:41:39.9015196Z Prepare all required actions
handle-success	Set up job	2025-08-22T01:41:39.9057634Z Getting action download info
handle-success	Set up job	2025-08-22T01:41:40.4628513Z Download action repository 'actions/checkout@v4' (SHA:08eba0b27e820071cde6df949e0beb9ba4906955)
handle-success	Set up job	2025-08-22T01:41:41.2982965Z Complete job name: handle-success
handle-success	Checkout code	ï»¿2025-08-22T01:41:41.3479786Z ##[group]Run actions/checkout@v4
handle-success	Checkout code	2025-08-22T01:41:41.3480612Z with:
handle-success	Checkout code	2025-08-22T01:41:41.3481184Z   fetch-depth: 0
handle-success	Checkout code	2025-08-22T01:41:41.3481920Z   token: ***
handle-success	Checkout code	2025-08-22T01:41:41.3482296Z   repository: Ka0s-Klaus/ka0s
handle-success	Checkout code	2025-08-22T01:41:41.3482776Z   ssh-strict: true
handle-success	Checkout code	2025-08-22T01:41:41.3483148Z   ssh-user: git
handle-success	Checkout code	2025-08-22T01:41:41.3483533Z   persist-credentials: true
handle-success	Checkout code	2025-08-22T01:41:41.3483950Z   clean: true
handle-success	Checkout code	2025-08-22T01:41:41.3484330Z   sparse-checkout-cone-mode: true
handle-success	Checkout code	2025-08-22T01:41:41.3484787Z   fetch-tags: false
handle-success	Checkout code	2025-08-22T01:41:41.3485167Z   show-progress: true
handle-success	Checkout code	2025-08-22T01:41:41.3485555Z   lfs: false
handle-success	Checkout code	2025-08-22T01:41:41.3485898Z   submodules: false
handle-success	Checkout code	2025-08-22T01:41:41.3486281Z   set-safe-directory: true
handle-success	Checkout code	2025-08-22T01:41:41.3486919Z env:
handle-success	Checkout code	2025-08-22T01:41:41.3487277Z   KAOS_CODE: 17143665253
handle-success	Checkout code	2025-08-22T01:41:41.3487689Z   KAOS_EVENT_NAME: schedule
handle-success	Checkout code	2025-08-22T01:41:41.3488239Z   KAOS_ACTION: 
handle-success	Checkout code	2025-08-22T01:41:41.3488622Z   KAOS_REF: refs/heads/main
handle-success	Checkout code	2025-08-22T01:41:41.3489248Z   KAOS_MODULE: [Ka0S] Re-Run Failed Inspector Workflows
handle-success	Checkout code	2025-08-22T01:41:41.3489835Z   KAOS_PATH_RESUME: audit/inspector/
handle-success	Checkout code	2025-08-22T01:41:41.3490305Z   KAOS_ACTOR: santakloud
handle-success	Checkout code	2025-08-22T01:41:41.3490696Z ##[endgroup]
handle-success	Checkout code	2025-08-22T01:41:41.4652399Z Syncing repository: Ka0s-Klaus/ka0s
handle-success	Checkout code	2025-08-22T01:41:41.4654369Z ##[group]Getting Git version info
handle-success	Checkout code	2025-08-22T01:41:41.4655022Z Working directory is '/actions-runner/_work/ka0s/ka0s'
handle-success	Checkout code	2025-08-22T01:41:41.4655933Z [command]/usr/bin/git version
handle-success	Checkout code	2025-08-22T01:41:41.4656380Z git version 2.43.0
handle-success	Checkout code	2025-08-22T01:41:41.4677889Z ##[endgroup]
handle-success	Checkout code	2025-08-22T01:41:41.4690163Z Copying '/home/kaos/.gitconfig' to '/actions-runner/_work/_temp/ba52afc2-a62e-46e0-b8ca-04eaa01de460/.gitconfig'
handle-success	Checkout code	2025-08-22T01:41:41.4704354Z Temporarily overriding HOME='/actions-runner/_work/_temp/ba52afc2-a62e-46e0-b8ca-04eaa01de460' before making global git config changes
handle-success	Checkout code	2025-08-22T01:41:41.4705898Z Adding repository directory to the temporary git global config as a safe directory
handle-success	Checkout code	2025-08-22T01:41:41.4709573Z [command]/usr/bin/git config --global --add safe.directory /actions-runner/_work/ka0s/ka0s
handle-success	Checkout code	2025-08-22T01:41:41.4755393Z [command]/usr/bin/git config --local --get remote.origin.url
handle-success	Checkout code	2025-08-22T01:41:41.4778519Z https://github.com/Ka0s-Klaus/ka0s
handle-success	Checkout code	2025-08-22T01:41:41.4801079Z ##[group]Removing previously created refs, to avoid conflicts
handle-success	Checkout code	2025-08-22T01:41:41.4806491Z [command]/usr/bin/git rev-parse --symbolic-full-name --verify --quiet HEAD
handle-success	Checkout code	2025-08-22T01:41:41.4830393Z refs/heads/main
handle-success	Checkout code	2025-08-22T01:41:41.4840314Z [command]/usr/bin/git checkout --detach
handle-success	Checkout code	2025-08-22T01:41:41.4922683Z HEAD is now at a141e5f5 Ka0S] Uploading files to MongoDB update repository ...
handle-success	Checkout code	2025-08-22T01:41:41.4970962Z [command]/usr/bin/git branch --delete --force main
handle-success	Checkout code	2025-08-22T01:41:41.5008433Z Deleted branch main (was a141e5f5).
handle-success	Checkout code	2025-08-22T01:41:41.5096856Z ##[endgroup]
handle-success	Checkout code	2025-08-22T01:41:41.5098294Z [command]/usr/bin/git submodule status
handle-success	Checkout code	2025-08-22T01:41:41.5350822Z ##[group]Cleaning the repository
handle-success	Checkout code	2025-08-22T01:41:41.5355884Z [command]/usr/bin/git clean -ffdx
handle-success	Checkout code	2025-08-22T01:41:41.5412857Z [command]/usr/bin/git reset --hard HEAD
handle-success	Checkout code	2025-08-22T01:41:41.5500553Z HEAD is now at a141e5f5 Ka0S] Uploading files to MongoDB update repository ...
handle-success	Checkout code	2025-08-22T01:41:41.5505534Z ##[endgroup]
handle-success	Checkout code	2025-08-22T01:41:41.5506649Z ##[group]Disabling automatic garbage collection
handle-success	Checkout code	2025-08-22T01:41:41.5511539Z [command]/usr/bin/git config --local gc.auto 0
handle-success	Checkout code	2025-08-22T01:41:41.5542465Z ##[endgroup]
handle-success	Checkout code	2025-08-22T01:41:41.5543228Z ##[group]Setting up auth
handle-success	Checkout code	2025-08-22T01:41:41.5559903Z [command]/usr/bin/git config --local --name-only --get-regexp core\.sshCommand
handle-success	Checkout code	2025-08-22T01:41:41.5593348Z [command]/usr/bin/git submodule foreach --recursive sh -c "git config --local --name-only --get-regexp 'core\.sshCommand' && git config --local --unset-all 'core.sshCommand' || :"
handle-success	Checkout code	2025-08-22T01:41:41.5842454Z [command]/usr/bin/git config --local --name-only --get-regexp http\.https\:\/\/github\.com\/\.extraheader
handle-success	Checkout code	2025-08-22T01:41:41.5872336Z [command]/usr/bin/git submodule foreach --recursive sh -c "git config --local --name-only --get-regexp 'http\.https\:\/\/github\.com\/\.extraheader' && git config --local --unset-all 'http.https://github.com/.extraheader' || :"
handle-success	Checkout code	2025-08-22T01:41:41.6121831Z [command]/usr/bin/git config --local http.https://github.com/.extraheader AUTHORIZATION: basic ***
handle-success	Checkout code	2025-08-22T01:41:41.6162425Z ##[endgroup]
handle-success	Checkout code	2025-08-22T01:41:41.6170267Z ##[group]Fetching the repository
handle-success	Checkout code	2025-08-22T01:41:41.6171660Z [command]/usr/bin/git -c protocol.version=2 fetch --prune --no-recurse-submodules origin +refs/heads/*:refs/remotes/origin/* +refs/tags/*:refs/tags/*
handle-success	Checkout code	2025-08-22T01:41:42.3694959Z From https://github.com/Ka0s-Klaus/ka0s
handle-success	Checkout code	2025-08-22T01:41:42.3696386Z    a141e5f5..ff7e5c5f  main       -> origin/main
handle-success	Checkout code	2025-08-22T01:41:42.3769974Z [command]/usr/bin/git branch --list --remote origin/main
handle-success	Checkout code	2025-08-22T01:41:42.3827619Z   origin/main
handle-success	Checkout code	2025-08-22T01:41:42.3831313Z [command]/usr/bin/git rev-parse refs/remotes/origin/main
handle-success	Checkout code	2025-08-22T01:41:42.3839733Z ff7e5c5f013e3c973fc019fe74325a3d3199855f
handle-success	Checkout code	2025-08-22T01:41:42.3846963Z ##[endgroup]
handle-success	Checkout code	2025-08-22T01:41:42.3848568Z ##[group]Determining the checkout info
handle-success	Checkout code	2025-08-22T01:41:42.3850459Z ##[endgroup]
handle-success	Checkout code	2025-08-22T01:41:42.3851991Z [command]/usr/bin/git sparse-checkout disable
handle-success	Checkout code	2025-08-22T01:41:42.3901580Z [command]/usr/bin/git config --local --unset-all extensions.worktreeConfig
handle-success	Checkout code	2025-08-22T01:41:42.3934460Z ##[group]Checking out the ref
handle-success	Checkout code	2025-08-22T01:41:42.3937362Z [command]/usr/bin/git checkout --progress --force -B main refs/remotes/origin/main
handle-success	Checkout code	2025-08-22T01:41:42.4129434Z Previous HEAD position was a141e5f5 Ka0S] Uploading files to MongoDB update repository ...
handle-success	Checkout code	2025-08-22T01:41:42.4138518Z Switched to a new branch 'main'
handle-success	Checkout code	2025-08-22T01:41:42.4140046Z branch 'main' set up to track 'origin/main'.
handle-success	Checkout code	2025-08-22T01:41:42.4148594Z ##[endgroup]
handle-success	Checkout code	2025-08-22T01:41:42.4191446Z [command]/usr/bin/git log -1 --format=%H
handle-success	Checkout code	2025-08-22T01:41:42.4224313Z ff7e5c5f013e3c973fc019fe74325a3d3199855f
handle-success	handle-success-execution	ï»¿2025-08-22T01:41:42.4499226Z ##[group]Run # RNNUMBER=$(echo "refs/heads/main" | grep -o '[0-9]*')
handle-success	handle-success-execution	2025-08-22T01:41:42.4501707Z [36;1m# RNNUMBER=$(echo "refs/heads/main" | grep -o '[0-9]*')[0m
handle-success	handle-success-execution	2025-08-22T01:41:42.4503999Z [36;1m# gh issue comment $RNNUMBER --body "El proceso ha finalizado correctamente 17143665253."[0m
handle-success	handle-success-execution	2025-08-22T01:41:42.4506342Z [36;1mecho "El proceso ha finalizado correctamente 17143665253."[0m
handle-success	handle-success-execution	2025-08-22T01:41:42.4518573Z shell: /usr/bin/bash -e {0}
handle-success	handle-success-execution	2025-08-22T01:41:42.4519864Z env:
handle-success	handle-success-execution	2025-08-22T01:41:42.4520726Z   KAOS_CODE: 17143665253
handle-success	handle-success-execution	2025-08-22T01:41:42.4521982Z   KAOS_EVENT_NAME: schedule
handle-success	handle-success-execution	2025-08-22T01:41:42.4523034Z   KAOS_ACTION: 
handle-success	handle-success-execution	2025-08-22T01:41:42.4523947Z   KAOS_REF: refs/heads/main
handle-success	handle-success-execution	2025-08-22T01:41:42.4525208Z   KAOS_MODULE: [Ka0S] Re-Run Failed Inspector Workflows
handle-success	handle-success-execution	2025-08-22T01:41:42.4526681Z   KAOS_PATH_RESUME: audit/inspector/
handle-success	handle-success-execution	2025-08-22T01:41:42.4527883Z   KAOS_ACTOR: santakloud
handle-success	handle-success-execution	2025-08-22T01:41:42.4529436Z   GH_TOKEN: ***
handle-success	handle-success-execution	2025-08-22T01:41:42.4530341Z ##[endgroup]
handle-success	handle-success-execution	2025-08-22T01:41:42.4596918Z El proceso ha finalizado correctamente 17143665253.
handle-success	Post Checkout code	ï»¿2025-08-22T01:41:42.4854946Z Post job cleanup.
handle-success	Post Checkout code	2025-08-22T01:41:42.5875329Z [command]/usr/bin/git version
handle-success	Post Checkout code	2025-08-22T01:41:42.5913306Z git version 2.43.0
handle-success	Post Checkout code	2025-08-22T01:41:42.5952879Z Copying '/home/kaos/.gitconfig' to '/actions-runner/_work/_temp/92828d15-d62e-462d-97d4-e16a19381f89/.gitconfig'
handle-success	Post Checkout code	2025-08-22T01:41:42.5966215Z Temporarily overriding HOME='/actions-runner/_work/_temp/92828d15-d62e-462d-97d4-e16a19381f89' before making global git config changes
handle-success	Post Checkout code	2025-08-22T01:41:42.5970881Z Adding repository directory to the temporary git global config as a safe directory
handle-success	Post Checkout code	2025-08-22T01:41:42.5973513Z [command]/usr/bin/git config --global --add safe.directory /actions-runner/_work/ka0s/ka0s
handle-success	Post Checkout code	2025-08-22T01:41:42.6020654Z [command]/usr/bin/git config --local --name-only --get-regexp core\.sshCommand
handle-success	Post Checkout code	2025-08-22T01:41:42.6058518Z [command]/usr/bin/git submodule foreach --recursive sh -c "git config --local --name-only --get-regexp 'core\.sshCommand' && git config --local --unset-all 'core.sshCommand' || :"
handle-success	Post Checkout code	2025-08-22T01:41:42.6315900Z [command]/usr/bin/git config --local --name-only --get-regexp http\.https\:\/\/github\.com\/\.extraheader
handle-success	Post Checkout code	2025-08-22T01:41:42.6337741Z http.https://github.com/.extraheader
handle-success	Post Checkout code	2025-08-22T01:41:42.6350540Z [command]/usr/bin/git config --local --unset-all http.https://github.com/.extraheader
handle-success	Post Checkout code	2025-08-22T01:41:42.6391611Z [command]/usr/bin/git submodule foreach --recursive sh -c "git config --local --name-only --get-regexp 'http\.https\:\/\/github\.com\/\.extraheader' && git config --local --unset-all 'http.https://github.com/.extraheader' || :"
handle-success	Complete job	ï»¿2025-08-22T01:41:42.6781771Z Cleaning up orphan processes
end-workflow	Set up job	ï»¿2025-08-22T01:41:48.3091074Z Current runner version: '2.328.0'
end-workflow	Set up job	2025-08-22T01:41:48.3098370Z Runner name: 'ka0s-ka0s-2'
end-workflow	Set up job	2025-08-22T01:41:48.3099138Z Runner group name: 'ka0s'
end-workflow	Set up job	2025-08-22T01:41:48.3100090Z Machine name: '194f155ad019'
end-workflow	Set up job	2025-08-22T01:41:48.3102846Z ##[group]GITHUB_TOKEN Permissions
end-workflow	Set up job	2025-08-22T01:41:48.3105265Z Actions: write
end-workflow	Set up job	2025-08-22T01:41:48.3105844Z Metadata: read
end-workflow	Set up job	2025-08-22T01:41:48.3106465Z ##[endgroup]
end-workflow	Set up job	2025-08-22T01:41:48.3108482Z Secret source: Actions
end-workflow	Set up job	2025-08-22T01:41:48.3109193Z Prepare workflow directory
end-workflow	Set up job	2025-08-22T01:41:48.3764081Z Prepare all required actions
end-workflow	Set up job	2025-08-22T01:41:48.3804854Z Getting action download info
end-workflow	Set up job	2025-08-22T01:41:48.9463813Z Download action repository 'actions/checkout@v4' (SHA:08eba0b27e820071cde6df949e0beb9ba4906955)
end-workflow	Set up job	2025-08-22T01:41:49.8616825Z Complete job name: end-workflow
end-workflow	Checkout code	ï»¿2025-08-22T01:41:49.9145231Z ##[group]Run actions/checkout@v4
end-workflow	Checkout code	2025-08-22T01:41:49.9146174Z with:
end-workflow	Checkout code	2025-08-22T01:41:49.9146763Z   fetch-depth: 0
end-workflow	Checkout code	2025-08-22T01:41:49.9147605Z   token: ***
end-workflow	Checkout code	2025-08-22T01:41:49.9148055Z   repository: Ka0s-Klaus/ka0s
end-workflow	Checkout code	2025-08-22T01:41:49.9148621Z   ssh-strict: true
end-workflow	Checkout code	2025-08-22T01:41:49.9149064Z   ssh-user: git
end-workflow	Checkout code	2025-08-22T01:41:49.9149516Z   persist-credentials: true
end-workflow	Checkout code	2025-08-22T01:41:49.9150013Z   clean: true
end-workflow	Checkout code	2025-08-22T01:41:49.9150467Z   sparse-checkout-cone-mode: true
end-workflow	Checkout code	2025-08-22T01:41:49.9151159Z   fetch-tags: false
end-workflow	Checkout code	2025-08-22T01:41:49.9151632Z   show-progress: true
end-workflow	Checkout code	2025-08-22T01:41:49.9152091Z   lfs: false
end-workflow	Checkout code	2025-08-22T01:41:49.9152515Z   submodules: false
end-workflow	Checkout code	2025-08-22T01:41:49.9153002Z   set-safe-directory: true
end-workflow	Checkout code	2025-08-22T01:41:49.9153733Z env:
end-workflow	Checkout code	2025-08-22T01:41:49.9154166Z   KAOS_CODE: 17143665253
end-workflow	Checkout code	2025-08-22T01:41:49.9154658Z   KAOS_EVENT_NAME: schedule
end-workflow	Checkout code	2025-08-22T01:41:49.9155154Z   KAOS_ACTION: 
end-workflow	Checkout code	2025-08-22T01:41:49.9155596Z   KAOS_REF: refs/heads/main
end-workflow	Checkout code	2025-08-22T01:41:49.9156197Z   KAOS_MODULE: [Ka0S] Re-Run Failed Inspector Workflows
end-workflow	Checkout code	2025-08-22T01:41:49.9156906Z   KAOS_PATH_RESUME: audit/inspector/
end-workflow	Checkout code	2025-08-22T01:41:49.9157467Z   KAOS_ACTOR: santakloud
end-workflow	Checkout code	2025-08-22T01:41:49.9158115Z   GH_TOKEN: ***
end-workflow	Checkout code	2025-08-22T01:41:49.9158563Z ##[endgroup]
end-workflow	Checkout code	2025-08-22T01:41:50.0326438Z Syncing repository: Ka0s-Klaus/ka0s
end-workflow	Checkout code	2025-08-22T01:41:50.0328702Z ##[group]Getting Git version info
end-workflow	Checkout code	2025-08-22T01:41:50.0329505Z Working directory is '/actions-runner/_work/ka0s/ka0s'
end-workflow	Checkout code	2025-08-22T01:41:50.0330625Z [command]/usr/bin/git version
end-workflow	Checkout code	2025-08-22T01:41:50.0331594Z git version 2.43.0
end-workflow	Checkout code	2025-08-22T01:41:50.0347168Z ##[endgroup]
end-workflow	Checkout code	2025-08-22T01:41:50.0360081Z Copying '/home/kaos/.gitconfig' to '/actions-runner/_work/_temp/ba7676e1-9405-48d1-b32d-3219fc9286a8/.gitconfig'
end-workflow	Checkout code	2025-08-22T01:41:50.0372262Z Temporarily overriding HOME='/actions-runner/_work/_temp/ba7676e1-9405-48d1-b32d-3219fc9286a8' before making global git config changes
end-workflow	Checkout code	2025-08-22T01:41:50.0374189Z Adding repository directory to the temporary git global config as a safe directory
end-workflow	Checkout code	2025-08-22T01:41:50.0379538Z [command]/usr/bin/git config --global --add safe.directory /actions-runner/_work/ka0s/ka0s
end-workflow	Checkout code	2025-08-22T01:41:50.0421799Z [command]/usr/bin/git config --local --get remote.origin.url
end-workflow	Checkout code	2025-08-22T01:41:50.0452192Z https://github.com/Ka0s-Klaus/ka0s
end-workflow	Checkout code	2025-08-22T01:41:50.0470433Z ##[group]Removing previously created refs, to avoid conflicts
end-workflow	Checkout code	2025-08-22T01:41:50.0474787Z [command]/usr/bin/git rev-parse --symbolic-full-name --verify --quiet HEAD
end-workflow	Checkout code	2025-08-22T01:41:50.0497602Z refs/heads/main
end-workflow	Checkout code	2025-08-22T01:41:50.0506631Z [command]/usr/bin/git checkout --detach
end-workflow	Checkout code	2025-08-22T01:41:50.0619001Z HEAD is now at ff7e5c5f [Ka0S] Inspector uploading resume execution files to the repository...
end-workflow	Checkout code	2025-08-22T01:41:50.0666782Z [command]/usr/bin/git branch --delete --force main
end-workflow	Checkout code	2025-08-22T01:41:50.0705182Z Deleted branch main (was ff7e5c5f).
end-workflow	Checkout code	2025-08-22T01:41:50.0793482Z ##[endgroup]
end-workflow	Checkout code	2025-08-22T01:41:50.0794918Z [command]/usr/bin/git submodule status
end-workflow	Checkout code	2025-08-22T01:41:50.1049329Z ##[group]Cleaning the repository
end-workflow	Checkout code	2025-08-22T01:41:50.1053161Z [command]/usr/bin/git clean -ffdx
end-workflow	Checkout code	2025-08-22T01:41:50.1109201Z [command]/usr/bin/git reset --hard HEAD
end-workflow	Checkout code	2025-08-22T01:41:50.1195931Z HEAD is now at ff7e5c5f [Ka0S] Inspector uploading resume execution files to the repository...
end-workflow	Checkout code	2025-08-22T01:41:50.1200938Z ##[endgroup]
end-workflow	Checkout code	2025-08-22T01:41:50.1202106Z ##[group]Disabling automatic garbage collection
end-workflow	Checkout code	2025-08-22T01:41:50.1207120Z [command]/usr/bin/git config --local gc.auto 0
end-workflow	Checkout code	2025-08-22T01:41:50.1237154Z ##[endgroup]
end-workflow	Checkout code	2025-08-22T01:41:50.1238074Z ##[group]Setting up auth
end-workflow	Checkout code	2025-08-22T01:41:50.1243284Z [command]/usr/bin/git config --local --name-only --get-regexp core\.sshCommand
end-workflow	Checkout code	2025-08-22T01:41:50.1280719Z [command]/usr/bin/git submodule foreach --recursive sh -c "git config --local --name-only --get-regexp 'core\.sshCommand' && git config --local --unset-all 'core.sshCommand' || :"
end-workflow	Checkout code	2025-08-22T01:41:50.1526000Z [command]/usr/bin/git config --local --name-only --get-regexp http\.https\:\/\/github\.com\/\.extraheader
end-workflow	Checkout code	2025-08-22T01:41:50.1555157Z [command]/usr/bin/git submodule foreach --recursive sh -c "git config --local --name-only --get-regexp 'http\.https\:\/\/github\.com\/\.extraheader' && git config --local --unset-all 'http.https://github.com/.extraheader' || :"
end-workflow	Checkout code	2025-08-22T01:41:50.1806225Z [command]/usr/bin/git config --local http.https://github.com/.extraheader AUTHORIZATION: basic ***
end-workflow	Checkout code	2025-08-22T01:41:50.1852176Z ##[endgroup]
end-workflow	Checkout code	2025-08-22T01:41:50.1853176Z ##[group]Fetching the repository
end-workflow	Checkout code	2025-08-22T01:41:50.1860360Z [command]/usr/bin/git -c protocol.version=2 fetch --prune --no-recurse-submodules origin +refs/heads/*:refs/remotes/origin/* +refs/tags/*:refs/tags/*
end-workflow	Checkout code	2025-08-22T01:41:50.7966148Z [command]/usr/bin/git branch --list --remote origin/main
end-workflow	Checkout code	2025-08-22T01:41:50.8017566Z   origin/main
end-workflow	Checkout code	2025-08-22T01:41:50.8029012Z [command]/usr/bin/git rev-parse refs/remotes/origin/main
end-workflow	Checkout code	2025-08-22T01:41:50.8066456Z ff7e5c5f013e3c973fc019fe74325a3d3199855f
end-workflow	Checkout code	2025-08-22T01:41:50.8073622Z ##[endgroup]
end-workflow	Checkout code	2025-08-22T01:41:50.8074960Z ##[group]Determining the checkout info
end-workflow	Checkout code	2025-08-22T01:41:50.8076882Z ##[endgroup]
end-workflow	Checkout code	2025-08-22T01:41:50.8081883Z [command]/usr/bin/git sparse-checkout disable
end-workflow	Checkout code	2025-08-22T01:41:50.8167288Z [command]/usr/bin/git config --local --unset-all extensions.worktreeConfig
end-workflow	Checkout code	2025-08-22T01:41:50.8213169Z ##[group]Checking out the ref
end-workflow	Checkout code	2025-08-22T01:41:50.8219500Z [command]/usr/bin/git checkout --progress --force -B main refs/remotes/origin/main
end-workflow	Checkout code	2025-08-22T01:41:50.8351850Z Switched to a new branch 'main'
end-workflow	Checkout code	2025-08-22T01:41:50.8356596Z branch 'main' set up to track 'origin/main'.
end-workflow	Checkout code	2025-08-22T01:41:50.8360493Z ##[endgroup]
end-workflow	Checkout code	2025-08-22T01:41:50.8419517Z [command]/usr/bin/git log -1 --format=%H
end-workflow	Checkout code	2025-08-22T01:41:50.8457733Z ff7e5c5f013e3c973fc019fe74325a3d3199855f
end-workflow	Finaliza el workflow	ï»¿2025-08-22T01:41:50.8693159Z ##[group]Run echo "End process"
end-workflow	Finaliza el workflow	2025-08-22T01:41:50.8693872Z [36;1mecho "End process"[0m
end-workflow	Finaliza el workflow	2025-08-22T01:41:50.8694580Z [36;1m# RNNUMBER=$(echo "refs/heads/main" | grep -o '[0-9]*')[0m
end-workflow	Finaliza el workflow	2025-08-22T01:41:50.8695837Z [36;1m# gh issue comment $RNNUMBER --body "Se finaliza Ka0s 17143665253"[0m
end-workflow	Finaliza el workflow	2025-08-22T01:41:50.8696876Z [36;1mecho "Se finaliza Ka0s 17143665253"[0m
end-workflow	Finaliza el workflow	2025-08-22T01:41:50.8698331Z [36;1mgh workflow run inspector.yml --ref 'main' -f kaos-issue-id=$RNNUMBER -f kaos-workflow-id="17143665253" -f kaos-user-start=""[0m
end-workflow	Finaliza el workflow	2025-08-22T01:41:50.8709621Z shell: /usr/bin/bash -e {0}
end-workflow	Finaliza el workflow	2025-08-22T01:41:50.8710163Z env:
end-workflow	Finaliza el workflow	2025-08-22T01:41:50.8710536Z   KAOS_CODE: 17143665253
end-workflow	Finaliza el workflow	2025-08-22T01:41:50.8711057Z   KAOS_EVENT_NAME: schedule
end-workflow	Finaliza el workflow	2025-08-22T01:41:50.8711867Z   KAOS_ACTION: 
end-workflow	Finaliza el workflow	2025-08-22T01:41:50.8712291Z   KAOS_REF: refs/heads/main
end-workflow	Finaliza el workflow	2025-08-22T01:41:50.8713005Z   KAOS_MODULE: [Ka0S] Re-Run Failed Inspector Workflows
end-workflow	Finaliza el workflow	2025-08-22T01:41:50.8713688Z   KAOS_PATH_RESUME: audit/inspector/
end-workflow	Finaliza el workflow	2025-08-22T01:41:50.8714247Z   KAOS_ACTOR: santakloud
end-workflow	Finaliza el workflow	2025-08-22T01:41:50.8715048Z   GH_TOKEN: ***
end-workflow	Finaliza el workflow	2025-08-22T01:41:50.8715470Z ##[endgroup]
end-workflow	Finaliza el workflow	2025-08-22T01:41:50.8770251Z End process
end-workflow	Finaliza el workflow	2025-08-22T01:41:50.8770786Z Se finaliza Ka0s 17143665253
end-workflow	Post Checkout code	ï»¿2025-08-22T01:41:51.5443608Z Post job cleanup.
end-workflow	Post Checkout code	2025-08-22T01:41:51.6473494Z [command]/usr/bin/git version
end-workflow	Post Checkout code	2025-08-22T01:41:51.6512852Z git version 2.43.0
end-workflow	Post Checkout code	2025-08-22T01:41:51.6553233Z Copying '/home/kaos/.gitconfig' to '/actions-runner/_work/_temp/1c1e1004-8432-4967-b44d-adc84c989644/.gitconfig'
end-workflow	Post Checkout code	2025-08-22T01:41:51.6568063Z Temporarily overriding HOME='/actions-runner/_work/_temp/1c1e1004-8432-4967-b44d-adc84c989644' before making global git config changes
end-workflow	Post Checkout code	2025-08-22T01:41:51.6572323Z Adding repository directory to the temporary git global config as a safe directory
end-workflow	Post Checkout code	2025-08-22T01:41:51.6574981Z [command]/usr/bin/git config --global --add safe.directory /actions-runner/_work/ka0s/ka0s
end-workflow	Post Checkout code	2025-08-22T01:41:51.6614627Z [command]/usr/bin/git config --local --name-only --get-regexp core\.sshCommand
end-workflow	Post Checkout code	2025-08-22T01:41:51.6659687Z [command]/usr/bin/git submodule foreach --recursive sh -c "git config --local --name-only --get-regexp 'core\.sshCommand' && git config --local --unset-all 'core.sshCommand' || :"
end-workflow	Post Checkout code	2025-08-22T01:41:51.6910187Z [command]/usr/bin/git config --local --name-only --get-regexp http\.https\:\/\/github\.com\/\.extraheader
end-workflow	Post Checkout code	2025-08-22T01:41:51.6933389Z http.https://github.com/.extraheader
end-workflow	Post Checkout code	2025-08-22T01:41:51.6945812Z [command]/usr/bin/git config --local --unset-all http.https://github.com/.extraheader
end-workflow	Post Checkout code	2025-08-22T01:41:51.6982182Z [command]/usr/bin/git submodule foreach --recursive sh -c "git config --local --name-only --get-regexp 'http\.https\:\/\/github\.com\/\.extraheader' && git config --local --unset-all 'http.https://github.com/.extraheader' || :"
end-workflow	Complete job	ï»¿2025-08-22T01:41:51.7368240Z Cleaning up orphan processes
