job-core	Set up job	ï»¿2025-09-16T01:49:14.3171575Z Current runner version: '2.328.0'
job-core	Set up job	2025-09-16T01:49:14.3179210Z Runner name: 'ka0s-ka0s-2'
job-core	Set up job	2025-09-16T01:49:14.3179989Z Runner group name: 'ka0s'
job-core	Set up job	2025-09-16T01:49:14.3181210Z Machine name: '194f155ad019'
job-core	Set up job	2025-09-16T01:49:14.3184286Z ##[group]GITHUB_TOKEN Permissions
job-core	Set up job	2025-09-16T01:49:14.3186735Z Actions: write
job-core	Set up job	2025-09-16T01:49:14.3187412Z Contents: write
job-core	Set up job	2025-09-16T01:49:14.3188029Z Issues: write
job-core	Set up job	2025-09-16T01:49:14.3188581Z Metadata: read
job-core	Set up job	2025-09-16T01:49:14.3189130Z ##[endgroup]
job-core	Set up job	2025-09-16T01:49:14.3194351Z Secret source: Actions
job-core	Set up job	2025-09-16T01:49:14.3195102Z Prepare workflow directory
job-core	Set up job	2025-09-16T01:49:14.3825578Z Prepare all required actions
job-core	Set up job	2025-09-16T01:49:14.3868371Z Getting action download info
job-core	Set up job	2025-09-16T01:49:14.9166371Z Download action repository 'actions/checkout@v4' (SHA:08eba0b27e820071cde6df949e0beb9ba4906955)
job-core	Set up job	2025-09-16T01:49:15.7275872Z Complete job name: job-core
job-core	Checkout repository	ï»¿2025-09-16T01:49:15.7807709Z ##[group]Run actions/checkout@v4
job-core	Checkout repository	2025-09-16T01:49:15.7808683Z with:
job-core	Checkout repository	2025-09-16T01:49:15.7809140Z   fetch-depth: 0
job-core	Checkout repository	2025-09-16T01:49:15.7809888Z   token: ***
job-core	Checkout repository	2025-09-16T01:49:15.7810346Z   repository: Ka0s-Klaus/ka0s
job-core	Checkout repository	2025-09-16T01:49:15.7810861Z   ssh-strict: true
job-core	Checkout repository	2025-09-16T01:49:15.7811636Z   ssh-user: git
job-core	Checkout repository	2025-09-16T01:49:15.7812091Z   persist-credentials: true
job-core	Checkout repository	2025-09-16T01:49:15.7812592Z   clean: true
job-core	Checkout repository	2025-09-16T01:49:15.7813052Z   sparse-checkout-cone-mode: true
job-core	Checkout repository	2025-09-16T01:49:15.7813605Z   fetch-tags: false
job-core	Checkout repository	2025-09-16T01:49:15.7814054Z   show-progress: true
job-core	Checkout repository	2025-09-16T01:49:15.7814513Z   lfs: false
job-core	Checkout repository	2025-09-16T01:49:15.7814931Z   submodules: false
job-core	Checkout repository	2025-09-16T01:49:15.7815413Z   set-safe-directory: true
job-core	Checkout repository	2025-09-16T01:49:15.7816151Z env:
job-core	Checkout repository	2025-09-16T01:49:15.7816589Z   KAOS_CODE: 17751868516
job-core	Checkout repository	2025-09-16T01:49:15.7817086Z   KAOS_EVENT_NAME: schedule
job-core	Checkout repository	2025-09-16T01:49:15.7817584Z   KAOS_ACTION: 
job-core	Checkout repository	2025-09-16T01:49:15.7818023Z   KAOS_REF: refs/heads/main
job-core	Checkout repository	2025-09-16T01:49:15.7818590Z   KAOS_MODULE: [Ka0S] Workflow Statistics Summary
job-core	Checkout repository	2025-09-16T01:49:15.7819264Z   KAOS_PATH_RESUME: audit/workflows/
job-core	Checkout repository	2025-09-16T01:49:15.7819835Z   KAOS_ACTOR: santakloud
job-core	Checkout repository	2025-09-16T01:49:15.7820338Z   GH_REPO: Ka0s-Klaus/ka0s
job-core	Checkout repository	2025-09-16T01:49:15.7820826Z ##[endgroup]
job-core	Checkout repository	2025-09-16T01:49:15.8958942Z Syncing repository: Ka0s-Klaus/ka0s
job-core	Checkout repository	2025-09-16T01:49:15.8961210Z ##[group]Getting Git version info
job-core	Checkout repository	2025-09-16T01:49:15.8962146Z Working directory is '/actions-runner/_work/ka0s/ka0s'
job-core	Checkout repository	2025-09-16T01:49:15.8963255Z [command]/usr/bin/git version
job-core	Checkout repository	2025-09-16T01:49:15.8963829Z git version 2.43.0
job-core	Checkout repository	2025-09-16T01:49:15.8981069Z ##[endgroup]
job-core	Checkout repository	2025-09-16T01:49:15.8994208Z Copying '/home/kaos/.gitconfig' to '/actions-runner/_work/_temp/f4267cc2-1376-4e8b-9251-ab878dd66f26/.gitconfig'
job-core	Checkout repository	2025-09-16T01:49:15.9006376Z Temporarily overriding HOME='/actions-runner/_work/_temp/f4267cc2-1376-4e8b-9251-ab878dd66f26' before making global git config changes
job-core	Checkout repository	2025-09-16T01:49:15.9008161Z Adding repository directory to the temporary git global config as a safe directory
job-core	Checkout repository	2025-09-16T01:49:15.9011171Z [command]/usr/bin/git config --global --add safe.directory /actions-runner/_work/ka0s/ka0s
job-core	Checkout repository	2025-09-16T01:49:15.9057173Z [command]/usr/bin/git config --local --get remote.origin.url
job-core	Checkout repository	2025-09-16T01:49:15.9081747Z https://github.com/Ka0s-Klaus/ka0s
job-core	Checkout repository	2025-09-16T01:49:15.9100756Z ##[group]Removing previously created refs, to avoid conflicts
job-core	Checkout repository	2025-09-16T01:49:15.9106631Z [command]/usr/bin/git rev-parse --symbolic-full-name --verify --quiet HEAD
job-core	Checkout repository	2025-09-16T01:49:15.9130143Z refs/heads/main
job-core	Checkout repository	2025-09-16T01:49:15.9140838Z [command]/usr/bin/git checkout --detach
job-core	Checkout repository	2025-09-16T01:49:15.9222092Z HEAD is now at d6887b6b Ka0S] Uploading files to MongoDB update repository ...
job-core	Checkout repository	2025-09-16T01:49:15.9267846Z [command]/usr/bin/git branch --delete --force main
job-core	Checkout repository	2025-09-16T01:49:15.9308712Z Deleted branch main (was d6887b6b).
job-core	Checkout repository	2025-09-16T01:49:15.9398079Z ##[endgroup]
job-core	Checkout repository	2025-09-16T01:49:15.9399576Z [command]/usr/bin/git submodule status
job-core	Checkout repository	2025-09-16T01:49:15.9650133Z ##[group]Cleaning the repository
job-core	Checkout repository	2025-09-16T01:49:15.9654189Z [command]/usr/bin/git clean -ffdx
job-core	Checkout repository	2025-09-16T01:49:15.9712619Z [command]/usr/bin/git reset --hard HEAD
job-core	Checkout repository	2025-09-16T01:49:15.9800821Z HEAD is now at d6887b6b Ka0S] Uploading files to MongoDB update repository ...
job-core	Checkout repository	2025-09-16T01:49:15.9806022Z ##[endgroup]
job-core	Checkout repository	2025-09-16T01:49:15.9807931Z ##[group]Disabling automatic garbage collection
job-core	Checkout repository	2025-09-16T01:49:15.9811566Z [command]/usr/bin/git config --local gc.auto 0
job-core	Checkout repository	2025-09-16T01:49:15.9842711Z ##[endgroup]
job-core	Checkout repository	2025-09-16T01:49:15.9843614Z ##[group]Setting up auth
job-core	Checkout repository	2025-09-16T01:49:15.9859691Z [command]/usr/bin/git config --local --name-only --get-regexp core\.sshCommand
job-core	Checkout repository	2025-09-16T01:49:15.9894174Z [command]/usr/bin/git submodule foreach --recursive sh -c "git config --local --name-only --get-regexp 'core\.sshCommand' && git config --local --unset-all 'core.sshCommand' || :"
job-core	Checkout repository	2025-09-16T01:49:16.0151720Z [command]/usr/bin/git config --local --name-only --get-regexp http\.https\:\/\/github\.com\/\.extraheader
job-core	Checkout repository	2025-09-16T01:49:16.0182684Z [command]/usr/bin/git submodule foreach --recursive sh -c "git config --local --name-only --get-regexp 'http\.https\:\/\/github\.com\/\.extraheader' && git config --local --unset-all 'http.https://github.com/.extraheader' || :"
job-core	Checkout repository	2025-09-16T01:49:16.0431714Z [command]/usr/bin/git config --local http.https://github.com/.extraheader AUTHORIZATION: basic ***
job-core	Checkout repository	2025-09-16T01:49:16.0478154Z ##[endgroup]
job-core	Checkout repository	2025-09-16T01:49:16.0479144Z ##[group]Fetching the repository
job-core	Checkout repository	2025-09-16T01:49:16.0485555Z [command]/usr/bin/git -c protocol.version=2 fetch --prune --no-recurse-submodules origin +refs/heads/*:refs/remotes/origin/* +refs/tags/*:refs/tags/*
job-core	Checkout repository	2025-09-16T01:49:16.8302025Z From https://github.com/Ka0s-Klaus/ka0s
job-core	Checkout repository	2025-09-16T01:49:16.8303857Z    d6887b6b..975536cf  main       -> origin/main
job-core	Checkout repository	2025-09-16T01:49:16.8377102Z [command]/usr/bin/git branch --list --remote origin/main
job-core	Checkout repository	2025-09-16T01:49:16.8410500Z   origin/main
job-core	Checkout repository	2025-09-16T01:49:16.8420571Z [command]/usr/bin/git rev-parse refs/remotes/origin/main
job-core	Checkout repository	2025-09-16T01:49:16.8444815Z 975536cfa66f04a218e318e4425475dd22dc9052
job-core	Checkout repository	2025-09-16T01:49:16.8450845Z ##[endgroup]
job-core	Checkout repository	2025-09-16T01:49:16.8452488Z ##[group]Determining the checkout info
job-core	Checkout repository	2025-09-16T01:49:16.8454611Z ##[endgroup]
job-core	Checkout repository	2025-09-16T01:49:16.8456755Z [command]/usr/bin/git sparse-checkout disable
job-core	Checkout repository	2025-09-16T01:49:16.8505985Z [command]/usr/bin/git config --local --unset-all extensions.worktreeConfig
job-core	Checkout repository	2025-09-16T01:49:16.8536725Z ##[group]Checking out the ref
job-core	Checkout repository	2025-09-16T01:49:16.8539233Z [command]/usr/bin/git checkout --progress --force -B main refs/remotes/origin/main
job-core	Checkout repository	2025-09-16T01:49:16.8702963Z Previous HEAD position was d6887b6b Ka0S] Uploading files to MongoDB update repository ...
job-core	Checkout repository	2025-09-16T01:49:16.8711879Z Switched to a new branch 'main'
job-core	Checkout repository	2025-09-16T01:49:16.8713290Z branch 'main' set up to track 'origin/main'.
job-core	Checkout repository	2025-09-16T01:49:16.8722383Z ##[endgroup]
job-core	Checkout repository	2025-09-16T01:49:16.8767430Z [command]/usr/bin/git log -1 --format=%H
job-core	Checkout repository	2025-09-16T01:49:16.8799806Z 975536cfa66f04a218e318e4425475dd22dc9052
job-core	Commit and push changes	ï»¿2025-09-16T01:49:16.9046084Z ##[group]Run git config --global user.name "***"
job-core	Commit and push changes	2025-09-16T01:49:16.9047871Z [36;1mgit config --global user.name "***"[0m
job-core	Commit and push changes	2025-09-16T01:49:16.9049462Z [36;1mgit config --global user.email "***"[0m
job-core	Commit and push changes	2025-09-16T01:49:16.9050854Z [36;1mgit pull --rebase[0m
job-core	Commit and push changes	2025-09-16T01:49:16.9063158Z shell: /usr/bin/bash -e {0}
job-core	Commit and push changes	2025-09-16T01:49:16.9064412Z env:
job-core	Commit and push changes	2025-09-16T01:49:16.9065268Z   KAOS_CODE: 17751868516
job-core	Commit and push changes	2025-09-16T01:49:16.9066334Z   KAOS_EVENT_NAME: schedule
job-core	Commit and push changes	2025-09-16T01:49:16.9067446Z   KAOS_ACTION: 
job-core	Commit and push changes	2025-09-16T01:49:16.9068556Z   KAOS_REF: refs/heads/main
job-core	Commit and push changes	2025-09-16T01:49:16.9070335Z   KAOS_MODULE: [Ka0S] Workflow Statistics Summary
job-core	Commit and push changes	2025-09-16T01:49:16.9071900Z   KAOS_PATH_RESUME: audit/workflows/
job-core	Commit and push changes	2025-09-16T01:49:16.9073134Z   KAOS_ACTOR: santakloud
job-core	Commit and push changes	2025-09-16T01:49:16.9074200Z   GH_REPO: Ka0s-Klaus/ka0s
job-core	Commit and push changes	2025-09-16T01:49:16.9075249Z ##[endgroup]
job-core	Commit and push changes	2025-09-16T01:49:17.5079672Z Already up to date.
job-core	Post Checkout repository	ï»¿2025-09-16T01:49:17.5268758Z Post job cleanup.
job-core	Post Checkout repository	2025-09-16T01:49:17.6266291Z [command]/usr/bin/git version
job-core	Post Checkout repository	2025-09-16T01:49:17.6304798Z git version 2.43.0
job-core	Post Checkout repository	2025-09-16T01:49:17.6346011Z Copying '/home/kaos/.gitconfig' to '/actions-runner/_work/_temp/a771df2a-a00a-4b67-a780-a71a9d3318b1/.gitconfig'
job-core	Post Checkout repository	2025-09-16T01:49:17.6358866Z Temporarily overriding HOME='/actions-runner/_work/_temp/a771df2a-a00a-4b67-a780-a71a9d3318b1' before making global git config changes
job-core	Post Checkout repository	2025-09-16T01:49:17.6362495Z Adding repository directory to the temporary git global config as a safe directory
job-core	Post Checkout repository	2025-09-16T01:49:17.6365955Z [command]/usr/bin/git config --global --add safe.directory /actions-runner/_work/ka0s/ka0s
job-core	Post Checkout repository	2025-09-16T01:49:17.6404524Z [command]/usr/bin/git config --local --name-only --get-regexp core\.sshCommand
job-core	Post Checkout repository	2025-09-16T01:49:17.6443553Z [command]/usr/bin/git submodule foreach --recursive sh -c "git config --local --name-only --get-regexp 'core\.sshCommand' && git config --local --unset-all 'core.sshCommand' || :"
job-core	Post Checkout repository	2025-09-16T01:49:17.6700943Z [command]/usr/bin/git config --local --name-only --get-regexp http\.https\:\/\/github\.com\/\.extraheader
job-core	Post Checkout repository	2025-09-16T01:49:17.6724214Z http.https://github.com/.extraheader
job-core	Post Checkout repository	2025-09-16T01:49:17.6737530Z [command]/usr/bin/git config --local --unset-all http.https://github.com/.extraheader
job-core	Post Checkout repository	2025-09-16T01:49:17.6774746Z [command]/usr/bin/git submodule foreach --recursive sh -c "git config --local --name-only --get-regexp 'http\.https\:\/\/github\.com\/\.extraheader' && git config --local --unset-all 'http.https://github.com/.extraheader' || :"
job-core	Complete job	ï»¿2025-09-16T01:49:17.7225916Z Cleaning up orphan processes
job-stats	Set up job	ï»¿2025-09-16T01:49:22.8107258Z Current runner version: '2.328.0'
job-stats	Set up job	2025-09-16T01:49:22.8115414Z Runner name: 'ka0s-ka0s-3'
job-stats	Set up job	2025-09-16T01:49:22.8116174Z Runner group name: 'ka0s'
job-stats	Set up job	2025-09-16T01:49:22.8117033Z Machine name: '3951c78e42d6'
job-stats	Set up job	2025-09-16T01:49:22.8119755Z ##[group]GITHUB_TOKEN Permissions
job-stats	Set up job	2025-09-16T01:49:22.8123047Z Actions: write
job-stats	Set up job	2025-09-16T01:49:22.8123574Z Contents: write
job-stats	Set up job	2025-09-16T01:49:22.8124161Z Issues: write
job-stats	Set up job	2025-09-16T01:49:22.8124735Z Metadata: read
job-stats	Set up job	2025-09-16T01:49:22.8125263Z ##[endgroup]
job-stats	Set up job	2025-09-16T01:49:22.8127314Z Secret source: Actions
job-stats	Set up job	2025-09-16T01:49:22.8128201Z Prepare workflow directory
job-stats	Set up job	2025-09-16T01:49:22.8748112Z Prepare all required actions
job-stats	Set up job	2025-09-16T01:49:22.8787276Z Getting action download info
job-stats	Set up job	2025-09-16T01:49:23.4217672Z Download action repository 'actions/checkout@v4' (SHA:08eba0b27e820071cde6df949e0beb9ba4906955)
job-stats	Set up job	2025-09-16T01:49:24.2972169Z Complete job name: job-stats
job-stats	Checkout	ï»¿2025-09-16T01:49:24.3488863Z ##[group]Run actions/checkout@v4
job-stats	Checkout	2025-09-16T01:49:24.3489847Z with:
job-stats	Checkout	2025-09-16T01:49:24.3490299Z   fetch-depth: 0
job-stats	Checkout	2025-09-16T01:49:24.3491535Z   token: ***
job-stats	Checkout	2025-09-16T01:49:24.3492279Z   repository: Ka0s-Klaus/ka0s
job-stats	Checkout	2025-09-16T01:49:24.3492804Z   ssh-strict: true
job-stats	Checkout	2025-09-16T01:49:24.3493249Z   ssh-user: git
job-stats	Checkout	2025-09-16T01:49:24.3493702Z   persist-credentials: true
job-stats	Checkout	2025-09-16T01:49:24.3494198Z   clean: true
job-stats	Checkout	2025-09-16T01:49:24.3494653Z   sparse-checkout-cone-mode: true
job-stats	Checkout	2025-09-16T01:49:24.3495209Z   fetch-tags: false
job-stats	Checkout	2025-09-16T01:49:24.3495677Z   show-progress: true
job-stats	Checkout	2025-09-16T01:49:24.3496139Z   lfs: false
job-stats	Checkout	2025-09-16T01:49:24.3496580Z   submodules: false
job-stats	Checkout	2025-09-16T01:49:24.3497042Z   set-safe-directory: true
job-stats	Checkout	2025-09-16T01:49:24.3497777Z env:
job-stats	Checkout	2025-09-16T01:49:24.3498216Z   KAOS_CODE: 17751868516
job-stats	Checkout	2025-09-16T01:49:24.3498722Z   KAOS_EVENT_NAME: schedule
job-stats	Checkout	2025-09-16T01:49:24.3499229Z   KAOS_ACTION: 
job-stats	Checkout	2025-09-16T01:49:24.3499672Z   KAOS_REF: refs/heads/main
job-stats	Checkout	2025-09-16T01:49:24.3500263Z   KAOS_MODULE: [Ka0S] Workflow Statistics Summary
job-stats	Checkout	2025-09-16T01:49:24.3500943Z   KAOS_PATH_RESUME: audit/workflows/
job-stats	Checkout	2025-09-16T01:49:24.3502005Z   KAOS_ACTOR: santakloud
job-stats	Checkout	2025-09-16T01:49:24.3502497Z   GH_REPO: Ka0s-Klaus/ka0s
job-stats	Checkout	2025-09-16T01:49:24.3503155Z   GH_TOKEN: ***
job-stats	Checkout	2025-09-16T01:49:24.3503591Z ##[endgroup]
job-stats	Checkout	2025-09-16T01:49:24.4656731Z Syncing repository: Ka0s-Klaus/ka0s
job-stats	Checkout	2025-09-16T01:49:24.4658769Z ##[group]Getting Git version info
job-stats	Checkout	2025-09-16T01:49:24.4659697Z Working directory is '/actions-runner/_work/ka0s/ka0s'
job-stats	Checkout	2025-09-16T01:49:24.4660772Z [command]/usr/bin/git version
job-stats	Checkout	2025-09-16T01:49:24.4661861Z git version 2.43.0
job-stats	Checkout	2025-09-16T01:49:24.4680489Z ##[endgroup]
job-stats	Checkout	2025-09-16T01:49:24.4692734Z Copying '/home/kaos/.gitconfig' to '/actions-runner/_work/_temp/56ff191d-10be-4545-b30b-c2a48bf55d49/.gitconfig'
job-stats	Checkout	2025-09-16T01:49:24.4707011Z Temporarily overriding HOME='/actions-runner/_work/_temp/56ff191d-10be-4545-b30b-c2a48bf55d49' before making global git config changes
job-stats	Checkout	2025-09-16T01:49:24.4708979Z Adding repository directory to the temporary git global config as a safe directory
job-stats	Checkout	2025-09-16T01:49:24.4713752Z [command]/usr/bin/git config --global --add safe.directory /actions-runner/_work/ka0s/ka0s
job-stats	Checkout	2025-09-16T01:49:24.4758222Z [command]/usr/bin/git config --local --get remote.origin.url
job-stats	Checkout	2025-09-16T01:49:24.4790403Z https://github.com/Ka0s-Klaus/ka0s
job-stats	Checkout	2025-09-16T01:49:24.4811659Z ##[group]Removing previously created refs, to avoid conflicts
job-stats	Checkout	2025-09-16T01:49:24.4817691Z [command]/usr/bin/git rev-parse --symbolic-full-name --verify --quiet HEAD
job-stats	Checkout	2025-09-16T01:49:24.4842389Z refs/heads/main
job-stats	Checkout	2025-09-16T01:49:24.4853805Z [command]/usr/bin/git checkout --detach
job-stats	Checkout	2025-09-16T01:49:24.4936550Z HEAD is now at f2a622a5 Ka0S] Uploading files to MongoDB update repository ...
job-stats	Checkout	2025-09-16T01:49:24.4981182Z [command]/usr/bin/git branch --delete --force main
job-stats	Checkout	2025-09-16T01:49:24.5020847Z Deleted branch main (was f2a622a5).
job-stats	Checkout	2025-09-16T01:49:24.5109701Z ##[endgroup]
job-stats	Checkout	2025-09-16T01:49:24.5111446Z [command]/usr/bin/git submodule status
job-stats	Checkout	2025-09-16T01:49:24.5387192Z ##[group]Cleaning the repository
job-stats	Checkout	2025-09-16T01:49:24.5388029Z [command]/usr/bin/git clean -ffdx
job-stats	Checkout	2025-09-16T01:49:24.5430276Z [command]/usr/bin/git reset --hard HEAD
job-stats	Checkout	2025-09-16T01:49:24.5518589Z HEAD is now at f2a622a5 Ka0S] Uploading files to MongoDB update repository ...
job-stats	Checkout	2025-09-16T01:49:24.5523910Z ##[endgroup]
job-stats	Checkout	2025-09-16T01:49:24.5525454Z ##[group]Disabling automatic garbage collection
job-stats	Checkout	2025-09-16T01:49:24.5530479Z [command]/usr/bin/git config --local gc.auto 0
job-stats	Checkout	2025-09-16T01:49:24.5561653Z ##[endgroup]
job-stats	Checkout	2025-09-16T01:49:24.5562562Z ##[group]Setting up auth
job-stats	Checkout	2025-09-16T01:49:24.5568146Z [command]/usr/bin/git config --local --name-only --get-regexp core\.sshCommand
job-stats	Checkout	2025-09-16T01:49:24.5604657Z [command]/usr/bin/git submodule foreach --recursive sh -c "git config --local --name-only --get-regexp 'core\.sshCommand' && git config --local --unset-all 'core.sshCommand' || :"
job-stats	Checkout	2025-09-16T01:49:24.5863254Z [command]/usr/bin/git config --local --name-only --get-regexp http\.https\:\/\/github\.com\/\.extraheader
job-stats	Checkout	2025-09-16T01:49:24.5895451Z [command]/usr/bin/git submodule foreach --recursive sh -c "git config --local --name-only --get-regexp 'http\.https\:\/\/github\.com\/\.extraheader' && git config --local --unset-all 'http.https://github.com/.extraheader' || :"
job-stats	Checkout	2025-09-16T01:49:24.6149278Z [command]/usr/bin/git config --local http.https://github.com/.extraheader AUTHORIZATION: basic ***
job-stats	Checkout	2025-09-16T01:49:24.6190872Z ##[endgroup]
job-stats	Checkout	2025-09-16T01:49:24.6191939Z ##[group]Fetching the repository
job-stats	Checkout	2025-09-16T01:49:24.6199523Z [command]/usr/bin/git -c protocol.version=2 fetch --prune --no-recurse-submodules origin +refs/heads/*:refs/remotes/origin/* +refs/tags/*:refs/tags/*
job-stats	Checkout	2025-09-16T01:49:25.4521594Z From https://github.com/Ka0s-Klaus/ka0s
job-stats	Checkout	2025-09-16T01:49:25.4522991Z    f2a622a5..975536cf  main       -> origin/main
job-stats	Checkout	2025-09-16T01:49:25.4598025Z [command]/usr/bin/git branch --list --remote origin/main
job-stats	Checkout	2025-09-16T01:49:25.4632222Z   origin/main
job-stats	Checkout	2025-09-16T01:49:25.4641403Z [command]/usr/bin/git rev-parse refs/remotes/origin/main
job-stats	Checkout	2025-09-16T01:49:25.4668974Z 975536cfa66f04a218e318e4425475dd22dc9052
job-stats	Checkout	2025-09-16T01:49:25.4674772Z ##[endgroup]
job-stats	Checkout	2025-09-16T01:49:25.4676202Z ##[group]Determining the checkout info
job-stats	Checkout	2025-09-16T01:49:25.4677722Z ##[endgroup]
job-stats	Checkout	2025-09-16T01:49:25.4680287Z [command]/usr/bin/git sparse-checkout disable
job-stats	Checkout	2025-09-16T01:49:25.4731548Z [command]/usr/bin/git config --local --unset-all extensions.worktreeConfig
job-stats	Checkout	2025-09-16T01:49:25.4767302Z ##[group]Checking out the ref
job-stats	Checkout	2025-09-16T01:49:25.4770871Z [command]/usr/bin/git checkout --progress --force -B main refs/remotes/origin/main
job-stats	Checkout	2025-09-16T01:49:25.4940875Z Previous HEAD position was f2a622a5 Ka0S] Uploading files to MongoDB update repository ...
job-stats	Checkout	2025-09-16T01:49:25.4954748Z Switched to a new branch 'main'
job-stats	Checkout	2025-09-16T01:49:25.4955975Z branch 'main' set up to track 'origin/main'.
job-stats	Checkout	2025-09-16T01:49:25.4959828Z ##[endgroup]
job-stats	Checkout	2025-09-16T01:49:25.5009024Z [command]/usr/bin/git log -1 --format=%H
job-stats	Checkout	2025-09-16T01:49:25.5043908Z 975536cfa66f04a218e318e4425475dd22dc9052
job-stats	Generate names	ï»¿2025-09-16T01:49:25.5277406Z ##[group]Run git config --global user.name "***"
job-stats	Generate names	2025-09-16T01:49:25.5278952Z [36;1mgit config --global user.name "***"[0m
job-stats	Generate names	2025-09-16T01:49:25.5280279Z [36;1mgit config --global user.email "***"[0m
job-stats	Generate names	2025-09-16T01:49:25.5282024Z [36;1mgit pull --rebase[0m
job-stats	Generate names	2025-09-16T01:49:25.5283033Z [36;1m[0m
job-stats	Generate names	2025-09-16T01:49:25.5283840Z [36;1m# Created files of actually workflows[0m
job-stats	Generate names	2025-09-16T01:49:25.5285091Z [36;1mecho "Created files of actually workflows"[0m
job-stats	Generate names	2025-09-16T01:49:25.5286475Z [36;1mgh workflow list -a --json id,name,path,state | \[0m
job-stats	Generate names	2025-09-16T01:49:25.5287925Z [36;1m  tee audit/workflows/actually-workflows.json | \[0m
job-stats	Generate names	2025-09-16T01:49:25.5289864Z [36;1m  jq -r '["id", "name", "path", "state"],(.[]? // [] | [.id,.name,.path,.state]) | @csv' > audit/workflows/actually-workflows.csv[0m
job-stats	Generate names	2025-09-16T01:49:25.5302172Z shell: /usr/bin/bash -e {0}
job-stats	Generate names	2025-09-16T01:49:25.5303106Z env:
job-stats	Generate names	2025-09-16T01:49:25.5303801Z   KAOS_CODE: 17751868516
job-stats	Generate names	2025-09-16T01:49:25.5304673Z   KAOS_EVENT_NAME: schedule
job-stats	Generate names	2025-09-16T01:49:25.5305591Z   KAOS_ACTION: 
job-stats	Generate names	2025-09-16T01:49:25.5306369Z   KAOS_REF: refs/heads/main
job-stats	Generate names	2025-09-16T01:49:25.5307630Z   KAOS_MODULE: [Ka0S] Workflow Statistics Summary
job-stats	Generate names	2025-09-16T01:49:25.5308806Z   KAOS_PATH_RESUME: audit/workflows/
job-stats	Generate names	2025-09-16T01:49:25.5309813Z   KAOS_ACTOR: santakloud
job-stats	Generate names	2025-09-16T01:49:25.5310663Z   GH_REPO: Ka0s-Klaus/ka0s
job-stats	Generate names	2025-09-16T01:49:25.5312375Z   GH_TOKEN: ***
job-stats	Generate names	2025-09-16T01:49:25.5313124Z ##[endgroup]
job-stats	Generate names	2025-09-16T01:49:26.1287086Z Already up to date.
job-stats	Generate names	2025-09-16T01:49:26.1295228Z Created files of actually workflows
job-stats	Generate executed	ï»¿2025-09-16T01:49:26.5231532Z ##[group]Run # Inicializar archivo si no existe
job-stats	Generate executed	2025-09-16T01:49:26.5233146Z [36;1m# Inicializar archivo si no existe[0m
job-stats	Generate executed	2025-09-16T01:49:26.5235634Z [36;1m[ -f "audit/workflows/workflows-runs-17751868516.json" ] || echo '[]' > "audit/workflows/workflows-runs-17751868516.json"[0m
job-stats	Generate executed	2025-09-16T01:49:26.5238061Z [36;1m[0m
job-stats	Generate executed	2025-09-16T01:49:26.5239187Z [36;1m# Mostramos el fichero del que tenemos que partir[0m
job-stats	Generate executed	2025-09-16T01:49:26.5241537Z [36;1mjq -r '.[].id' audit/workflows/actually-workflows.json | while read -r workflow_id; do[0m
job-stats	Generate executed	2025-09-16T01:49:26.5243598Z [36;1m  # 1. Obtener datos paginados[0m
job-stats	Generate executed	2025-09-16T01:49:26.5244843Z [36;1m  TEMP_RAW=$(mktemp)[0m
job-stats	Generate executed	2025-09-16T01:49:26.5245964Z [36;1m  gh api --paginate \[0m
job-stats	Generate executed	2025-09-16T01:49:26.5247262Z [36;1m    -H "Accept: application/vnd.github+json" \[0m
job-stats	Generate executed	2025-09-16T01:49:26.5249525Z [36;1m    -H "Authorization: ***" \[0m
job-stats	Generate executed	2025-09-16T01:49:26.5281779Z [36;1m    "/repos/Ka0s-Klaus/ka0s/actions/workflows/$workflow_id/runs?per_page=100" \[0m
job-stats	Generate executed	2025-09-16T01:49:26.5283950Z [36;1m    --jq '.workflow_runs' > "$TEMP_RAW"[0m
job-stats	Generate executed	2025-09-16T01:49:26.5285211Z [36;1m[0m
job-stats	Generate executed	2025-09-16T01:49:26.5286259Z [36;1m  # 2. Procesar con todos los campos requeridos[0m
job-stats	Generate executed	2025-09-16T01:49:26.5287664Z [36;1m  if [ -s "$TEMP_RAW" ]; then[0m
job-stats	Generate executed	2025-09-16T01:49:26.5288843Z [36;1m    jq -c 'map({[0m
job-stats	Generate executed	2025-09-16T01:49:26.5289825Z [36;1m      id,[0m
job-stats	Generate executed	2025-09-16T01:49:26.5290703Z [36;1m      name,[0m
job-stats	Generate executed	2025-09-16T01:49:26.5291747Z [36;1m      head_branch,[0m
job-stats	Generate executed	2025-09-16T01:49:26.5292761Z [36;1m      head_sha,[0m
job-stats	Generate executed	2025-09-16T01:49:26.5293773Z [36;1m      run_number,[0m
job-stats	Generate executed	2025-09-16T01:49:26.5294780Z [36;1m      event,[0m
job-stats	Generate executed	2025-09-16T01:49:26.5295705Z [36;1m      status,[0m
job-stats	Generate executed	2025-09-16T01:49:26.5296863Z [36;1m      conclusion: (.conclusion // "unknown"),[0m
job-stats	Generate executed	2025-09-16T01:49:26.5298150Z [36;1m      workflow_id,[0m
job-stats	Generate executed	2025-09-16T01:49:26.5299171Z [36;1m      url,[0m
job-stats	Generate executed	2025-09-16T01:49:26.5300348Z [36;1m      created_at: (.created_at | fromdateiso8601 // 0),[0m
job-stats	Generate executed	2025-09-16T01:49:26.5302099Z [36;1m      updated_at: (.updated_at | fromdateiso8601 // 0),[0m
job-stats	Generate executed	2025-09-16T01:49:26.5303812Z [36;1m      run_started_at: (.run_started_at | fromdateiso8601 // 0)[0m
job-stats	Generate executed	2025-09-16T01:49:26.5305863Z [36;1m    }) | select(. != null)' "$TEMP_RAW" > processed.json[0m
job-stats	Generate executed	2025-09-16T01:49:26.5307206Z [36;1m[0m
job-stats	Generate executed	2025-09-16T01:49:26.5308110Z [36;1m    # 3. CombinaciÃ³n segura[0m
job-stats	Generate executed	2025-09-16T01:49:26.5309332Z [36;1m    if [ -s processed.json ]; then[0m
job-stats	Generate executed	2025-09-16T01:49:26.5310788Z [36;1m      jq -s 'add | unique_by(.id) | sort_by(-.created_at)' \[0m
job-stats	Generate executed	2025-09-16T01:49:26.5312511Z [36;1m        audit/workflows/workflows-runs-17751868516.json \[0m
job-stats	Generate executed	2025-09-16T01:49:26.5314024Z [36;1m        processed.json > merged.json[0m
job-stats	Generate executed	2025-09-16T01:49:26.5315219Z [36;1m      [0m
job-stats	Generate executed	2025-09-16T01:49:26.5316515Z [36;1m      mv merged.json audit/workflows/workflows-runs-17751868516.json[0m
job-stats	Generate executed	2025-09-16T01:49:26.5318072Z [36;1m    fi[0m
job-stats	Generate executed	2025-09-16T01:49:26.5318933Z [36;1m  fi[0m
job-stats	Generate executed	2025-09-16T01:49:26.5319901Z [36;1m  rm -f "$TEMP_RAW" processed.json[0m
job-stats	Generate executed	2025-09-16T01:49:26.5321164Z [36;1mdone[0m
job-stats	Generate executed	2025-09-16T01:49:26.5322007Z [36;1m[0m
job-stats	Generate executed	2025-09-16T01:49:26.5322862Z [36;1m# 4. Generar output final[0m
job-stats	Generate executed	2025-09-16T01:49:26.5325227Z [36;1mjq 'sort_by(-.created_at)' audit/workflows/workflows-runs-17751868516.json > audit/workflows/actually-workflows-runs.json[0m
job-stats	Generate executed	2025-09-16T01:49:26.5343484Z [36;1mjq -r '[0m
job-stats	Generate executed	2025-09-16T01:49:26.5345877Z [36;1m  (["id", "name", "head_branch", "head_sha", "run_number", "event", "status", "conclusion", "workflow_id", "url", "created_at", "updated_at", "run_started_at"] | @csv),[0m
job-stats	Generate executed	2025-09-16T01:49:26.5348700Z [36;1m  (.[] | [[0m
job-stats	Generate executed	2025-09-16T01:49:26.5349605Z [36;1m    .id,[0m
job-stats	Generate executed	2025-09-16T01:49:26.5350468Z [36;1m    .name,[0m
job-stats	Generate executed	2025-09-16T01:49:26.5351453Z [36;1m    .head_branch,[0m
job-stats	Generate executed	2025-09-16T01:49:26.5352465Z [36;1m    .head_sha,[0m
job-stats	Generate executed	2025-09-16T01:49:26.5353431Z [36;1m    .run_number,[0m
job-stats	Generate executed	2025-09-16T01:49:26.5354409Z [36;1m    .event,[0m
job-stats	Generate executed	2025-09-16T01:49:26.5355324Z [36;1m    .status,[0m
job-stats	Generate executed	2025-09-16T01:49:26.5356547Z [36;1m    .conclusion,[0m
job-stats	Generate executed	2025-09-16T01:49:26.5357547Z [36;1m    .workflow_id,[0m
job-stats	Generate executed	2025-09-16T01:49:26.5358543Z [36;1m    .url,[0m
job-stats	Generate executed	2025-09-16T01:49:26.5359431Z [36;1m    .created_at,[0m
job-stats	Generate executed	2025-09-16T01:49:26.5360424Z [36;1m    .updated_at,[0m
job-stats	Generate executed	2025-09-16T01:49:26.5373646Z [36;1m    .run_started_at[0m
job-stats	Generate executed	2025-09-16T01:49:26.5374786Z [36;1m  ] | @csv)[0m
job-stats	Generate executed	2025-09-16T01:49:26.5376573Z [36;1m' audit/workflows/actually-workflows-runs.json > audit/workflows/actually-workflows-runs.csv[0m
job-stats	Generate executed	2025-09-16T01:49:26.5386261Z shell: /usr/bin/bash -e {0}
job-stats	Generate executed	2025-09-16T01:49:26.5387380Z env:
job-stats	Generate executed	2025-09-16T01:49:26.5388149Z   KAOS_CODE: 17751868516
job-stats	Generate executed	2025-09-16T01:49:26.5389098Z   KAOS_EVENT_NAME: schedule
job-stats	Generate executed	2025-09-16T01:49:26.5390052Z   KAOS_ACTION: 
job-stats	Generate executed	2025-09-16T01:49:26.5390900Z   KAOS_REF: refs/heads/main
job-stats	Generate executed	2025-09-16T01:49:26.5392159Z   KAOS_MODULE: [Ka0S] Workflow Statistics Summary
job-stats	Generate executed	2025-09-16T01:49:26.5393382Z   KAOS_PATH_RESUME: audit/workflows/
job-stats	Generate executed	2025-09-16T01:49:26.5394450Z   KAOS_ACTOR: santakloud
job-stats	Generate executed	2025-09-16T01:49:26.5395399Z   GH_REPO: Ka0s-Klaus/ka0s
job-stats	Generate executed	2025-09-16T01:49:26.5396779Z   GH_TOKEN: ***
job-stats	Generate executed	2025-09-16T01:49:26.5397585Z ##[endgroup]
job-stats	Generate actually issues	ï»¿2025-09-16T02:01:09.0435006Z ##[group]Run gh api \
job-stats	Generate actually issues	2025-09-16T02:01:09.0435383Z [36;1mgh api \[0m
job-stats	Generate actually issues	2025-09-16T02:01:09.0435719Z [36;1m  "/repos/Ka0s-Klaus/ka0s/issues?state=all&filter=all&per_page=100" \[0m
job-stats	Generate actually issues	2025-09-16T02:01:09.0436119Z [36;1m  --paginate \[0m
job-stats	Generate actually issues	2025-09-16T02:01:09.0436393Z [36;1m  --jq '[.[] | select(.pull_request == null) | {[0m
job-stats	Generate actually issues	2025-09-16T02:01:09.0436772Z [36;1m    assignees: ((.assignees // []) | map(.login) | join(";")),[0m
job-stats	Generate actually issues	2025-09-16T02:01:09.0437149Z [36;1m    author: .user.login,[0m
job-stats	Generate actually issues	2025-09-16T02:01:09.0437402Z [36;1m    body: (.body // ""),[0m
job-stats	Generate actually issues	2025-09-16T02:01:09.0437670Z [36;1m    closed: (.state == "closed"),[0m
job-stats	Generate actually issues	2025-09-16T02:01:09.0437959Z [36;1m    closedAt: (.closed_at // ""),[0m
job-stats	Generate actually issues	2025-09-16T02:01:09.0438241Z [36;1m    comments: (.comments // 0),[0m
job-stats	Generate actually issues	2025-09-16T02:01:09.0438516Z [36;1m    createdAt: .created_at,[0m
job-stats	Generate actually issues	2025-09-16T02:01:09.0438769Z [36;1m    id,[0m
job-stats	Generate actually issues	2025-09-16T02:01:09.0439022Z [36;1m    labels: ((.labels // []) | map(.name) | join(";")),[0m
job-stats	Generate actually issues	2025-09-16T02:01:09.0439378Z [36;1m    milestone: (.milestone.title // ""),[0m
job-stats	Generate actually issues	2025-09-16T02:01:09.0440044Z [36;1m    number,[0m
job-stats	Generate actually issues	2025-09-16T02:01:09.0440360Z [36;1m    projectCards: ((.project_cards // []) | map(.url) | join(";")),[0m
job-stats	Generate actually issues	2025-09-16T02:01:09.0440820Z [36;1m    projectItems: ((.project_items // []) | map(.url) | join(";")),[0m
job-stats	Generate actually issues	2025-09-16T02:01:09.0441508Z [36;1m    reactionGroups: ((.reactions // {}) | to_entries | map("\(.key)=\(.value)") | join(";")),[0m
job-stats	Generate actually issues	2025-09-16T02:01:09.0441928Z [36;1m    state,[0m
job-stats	Generate actually issues	2025-09-16T02:01:09.0442140Z [36;1m    title,[0m
job-stats	Generate actually issues	2025-09-16T02:01:09.0442366Z [36;1m    updatedAt: .updated_at,[0m
job-stats	Generate actually issues	2025-09-16T02:01:09.0442631Z [36;1m    url: .html_url[0m
job-stats	Generate actually issues	2025-09-16T02:01:09.0442864Z [36;1m  }]' \[0m
job-stats	Generate actually issues	2025-09-16T02:01:09.0443132Z [36;1m  | tee ${KAOS_PATH_RESUME}issue-log-${KAOS_CODE}.json \[0m
job-stats	Generate actually issues	2025-09-16T02:01:09.0443457Z [36;1m  | jq -r '[0m
job-stats	Generate actually issues	2025-09-16T02:01:09.0443722Z [36;1m    (if type == "array" and length > 0 then[0m
job-stats	Generate actually issues	2025-09-16T02:01:09.0444004Z [36;1m      [[0m
job-stats	Generate actually issues	2025-09-16T02:01:09.0444220Z [36;1m        "assignees",[0m
job-stats	Generate actually issues	2025-09-16T02:01:09.0444491Z [36;1m        "author",[0m
job-stats	Generate actually issues	2025-09-16T02:01:09.0444749Z [36;1m        "body",[0m
job-stats	Generate actually issues	2025-09-16T02:01:09.0444975Z [36;1m        "closed",[0m
job-stats	Generate actually issues	2025-09-16T02:01:09.0445207Z [36;1m        "closedAt",[0m
job-stats	Generate actually issues	2025-09-16T02:01:09.0445452Z [36;1m        "comments",[0m
job-stats	Generate actually issues	2025-09-16T02:01:09.0445691Z [36;1m        "createdAt",[0m
job-stats	Generate actually issues	2025-09-16T02:01:09.0446161Z [36;1m        "id",[0m
job-stats	Generate actually issues	2025-09-16T02:01:09.0446388Z [36;1m        "labels",[0m
job-stats	Generate actually issues	2025-09-16T02:01:09.0446621Z [36;1m        "milestone",[0m
job-stats	Generate actually issues	2025-09-16T02:01:09.0446858Z [36;1m        "number",[0m
job-stats	Generate actually issues	2025-09-16T02:01:09.0447101Z [36;1m        "projectCards",[0m
job-stats	Generate actually issues	2025-09-16T02:01:09.0447361Z [36;1m        "projectItems",[0m
job-stats	Generate actually issues	2025-09-16T02:01:09.0447615Z [36;1m        "reactionGroups",[0m
job-stats	Generate actually issues	2025-09-16T02:01:09.0447874Z [36;1m        "state",[0m
job-stats	Generate actually issues	2025-09-16T02:01:09.0448103Z [36;1m        "title",[0m
job-stats	Generate actually issues	2025-09-16T02:01:09.0448334Z [36;1m        "updatedAt",[0m
job-stats	Generate actually issues	2025-09-16T02:01:09.0448575Z [36;1m        "url"[0m
job-stats	Generate actually issues	2025-09-16T02:01:09.0448790Z [36;1m      ],[0m
job-stats	Generate actually issues	2025-09-16T02:01:09.0448989Z [36;1m      (.[] | [[0m
job-stats	Generate actually issues	2025-09-16T02:01:09.0449213Z [36;1m        .assignees,[0m
job-stats	Generate actually issues	2025-09-16T02:01:09.0449448Z [36;1m        .author,[0m
job-stats	Generate actually issues	2025-09-16T02:01:09.0449675Z [36;1m        .body,[0m
job-stats	Generate actually issues	2025-09-16T02:01:09.0449896Z [36;1m        .closed,[0m
job-stats	Generate actually issues	2025-09-16T02:01:09.0450129Z [36;1m        .closedAt,[0m
job-stats	Generate actually issues	2025-09-16T02:01:09.0450360Z [36;1m        .comments,[0m
job-stats	Generate actually issues	2025-09-16T02:01:09.0450594Z [36;1m        .createdAt,[0m
job-stats	Generate actually issues	2025-09-16T02:01:09.0450822Z [36;1m        .id,[0m
job-stats	Generate actually issues	2025-09-16T02:01:09.0451253Z [36;1m        .labels,[0m
job-stats	Generate actually issues	2025-09-16T02:01:09.0451616Z [36;1m        .milestone,[0m
job-stats	Generate actually issues	2025-09-16T02:01:09.0451856Z [36;1m        .number,[0m
job-stats	Generate actually issues	2025-09-16T02:01:09.0452211Z [36;1m        .projectCards,[0m
job-stats	Generate actually issues	2025-09-16T02:01:09.0452463Z [36;1m        .projectItems,[0m
job-stats	Generate actually issues	2025-09-16T02:01:09.0452719Z [36;1m        .reactionGroups,[0m
job-stats	Generate actually issues	2025-09-16T02:01:09.0452972Z [36;1m        .state,[0m
job-stats	Generate actually issues	2025-09-16T02:01:09.0453365Z [36;1m        .title,[0m
job-stats	Generate actually issues	2025-09-16T02:01:09.0453593Z [36;1m        .updatedAt,[0m
job-stats	Generate actually issues	2025-09-16T02:01:09.0453819Z [36;1m        .url[0m
job-stats	Generate actually issues	2025-09-16T02:01:09.0454158Z [36;1m      ])[0m
job-stats	Generate actually issues	2025-09-16T02:01:09.0454360Z [36;1m    else[0m
job-stats	Generate actually issues	2025-09-16T02:01:09.0454564Z [36;1m      empty[0m
job-stats	Generate actually issues	2025-09-16T02:01:09.0454783Z [36;1m    end) | @csv[0m
job-stats	Generate actually issues	2025-09-16T02:01:09.0455064Z [36;1m  ' > ${KAOS_PATH_RESUME}actually-issue.csv[0m
job-stats	Generate actually issues	2025-09-16T02:01:09.0455357Z [36;1m[0m
job-stats	Generate actually issues	2025-09-16T02:01:09.0455590Z [36;1m    echo "Formateamos el fichero de JSON"[0m
job-stats	Generate actually issues	2025-09-16T02:01:09.0456109Z [36;1m    cat audit/workflows/issue-log-17751868516.json | jq -s '.' > audit/workflows/actually-issue.json[0m
job-stats	Generate actually issues	2025-09-16T02:01:09.0463149Z shell: /usr/bin/bash -e {0}
job-stats	Generate actually issues	2025-09-16T02:01:09.0463408Z env:
job-stats	Generate actually issues	2025-09-16T02:01:09.0463603Z   KAOS_CODE: 17751868516
job-stats	Generate actually issues	2025-09-16T02:01:09.0463839Z   KAOS_EVENT_NAME: schedule
job-stats	Generate actually issues	2025-09-16T02:01:09.0464065Z   KAOS_ACTION: 
job-stats	Generate actually issues	2025-09-16T02:01:09.0464276Z   KAOS_REF: refs/heads/main
job-stats	Generate actually issues	2025-09-16T02:01:09.0464557Z   KAOS_MODULE: [Ka0S] Workflow Statistics Summary
job-stats	Generate actually issues	2025-09-16T02:01:09.0464867Z   KAOS_PATH_RESUME: audit/workflows/
job-stats	Generate actually issues	2025-09-16T02:01:09.0465136Z   KAOS_ACTOR: santakloud
job-stats	Generate actually issues	2025-09-16T02:01:09.0465370Z   GH_REPO: Ka0s-Klaus/ka0s
job-stats	Generate actually issues	2025-09-16T02:01:09.0466578Z   GH_TOKEN: ***
job-stats	Generate actually issues	2025-09-16T02:01:09.0466815Z ##[endgroup]
job-stats	Generate actually issues	2025-09-16T02:01:20.8338004Z Formateamos el fichero de JSON
job-stats	Generated actually Pull Request	ï»¿2025-09-16T02:01:20.9005326Z ##[group]Run # Creamos el fichero de PR
job-stats	Generated actually Pull Request	2025-09-16T02:01:20.9006077Z [36;1m# Creamos el fichero de PR[0m
job-stats	Generated actually Pull Request	2025-09-16T02:01:20.9006417Z [36;1mtouch ${KAOS_PATH_RESUME}pr-log-${KAOS_CODE}.json[0m
job-stats	Generated actually Pull Request	2025-09-16T02:01:20.9006740Z [36;1m[0m
job-stats	Generated actually Pull Request	2025-09-16T02:01:20.9007039Z [36;1m# Extraemos toda la informaciÃ³n de las PR hasta el momento[0m
job-stats	Generated actually Pull Request	2025-09-16T02:01:20.9007500Z [36;1mecho "Extraemos toda la informaciÃ³n de las PR hasta el momento"[0m
job-stats	Generated actually Pull Request	2025-09-16T02:01:20.9007872Z [36;1mgh api \[0m
job-stats	Generated actually Pull Request	2025-09-16T02:01:20.9008176Z [36;1m  "/repos/Ka0s-Klaus/ka0s/pulls?state=all&per_page=100" \[0m
job-stats	Generated actually Pull Request	2025-09-16T02:01:20.9008531Z [36;1m  --paginate \[0m
job-stats	Generated actually Pull Request	2025-09-16T02:01:20.9008775Z [36;1m  --jq '[.[] | {[0m
job-stats	Generated actually Pull Request	2025-09-16T02:01:20.9009163Z [36;1m    additions,[0m
job-stats	Generated actually Pull Request	2025-09-16T02:01:20.9009633Z [36;1m    assignees: ((.assignees // []) | map(.login) | join(";")),[0m
job-stats	Generated actually Pull Request	2025-09-16T02:01:20.9010025Z [36;1m    author: (.user.login // ""),[0m
job-stats	Generated actually Pull Request	2025-09-16T02:01:20.9010370Z [36;1m    autoMergeRequest: (.auto_merge // false),[0m
job-stats	Generated actually Pull Request	2025-09-16T02:01:20.9011297Z [36;1m    baseRefName,[0m
job-stats	Generated actually Pull Request	2025-09-16T02:01:20.9011676Z [36;1m    body: (.body // ""),[0m
job-stats	Generated actually Pull Request	2025-09-16T02:01:20.9011956Z [36;1m    changedFiles,[0m
job-stats	Generated actually Pull Request	2025-09-16T02:01:20.9012349Z [36;1m    closed: (.state == "closed"),[0m
job-stats	Generated actually Pull Request	2025-09-16T02:01:20.9012650Z [36;1m    closedAt: (.closed_at // ""),[0m
job-stats	Generated actually Pull Request	2025-09-16T02:01:20.9012946Z [36;1m    comments: (.comments // 0),[0m
job-stats	Generated actually Pull Request	2025-09-16T02:01:20.9013235Z [36;1m    commits: (.commits // 0),[0m
job-stats	Generated actually Pull Request	2025-09-16T02:01:20.9013503Z [36;1m    createdAt,[0m
job-stats	Generated actually Pull Request	2025-09-16T02:01:20.9013743Z [36;1m    deletions,[0m
job-stats	Generated actually Pull Request	2025-09-16T02:01:20.9014037Z [36;1m    files: ((.files // []) | map(.filename) | join(";")),[0m
job-stats	Generated actually Pull Request	2025-09-16T02:01:20.9014375Z [36;1m    fullDatabaseId,[0m
job-stats	Generated actually Pull Request	2025-09-16T02:01:20.9014635Z [36;1m    headRefName,[0m
job-stats	Generated actually Pull Request	2025-09-16T02:01:20.9014930Z [36;1m    headRepository: (.head.repo.full_name // ""),[0m
job-stats	Generated actually Pull Request	2025-09-16T02:01:20.9015336Z [36;1m    headRepositoryOwner: (.head.repo.owner.login // ""),[0m
job-stats	Generated actually Pull Request	2025-09-16T02:01:20.9015688Z [36;1m    id,[0m
job-stats	Generated actually Pull Request	2025-09-16T02:01:20.9015986Z [36;1m    isCrossRepository: (.head.repo.id != .base.repo.id),[0m
job-stats	Generated actually Pull Request	2025-09-16T02:01:20.9016334Z [36;1m    isDraft,[0m
job-stats	Generated actually Pull Request	2025-09-16T02:01:20.9016622Z [36;1m    labels: ((.labels // []) | map(.name) | join(";")),[0m
job-stats	Generated actually Pull Request	2025-09-16T02:01:20.9017049Z [36;1m    latestReviews: ((.latest_reviews // []) | map(.state) | join(";")),[0m
job-stats	Generated actually Pull Request	2025-09-16T02:01:20.9017446Z [36;1m    maintainerCanModify,[0m
job-stats	Generated actually Pull Request	2025-09-16T02:01:20.9017751Z [36;1m    mergeCommit: (.merge_commit_sha // ""),[0m
job-stats	Generated actually Pull Request	2025-09-16T02:01:20.9018066Z [36;1m    mergeStateStatus,[0m
job-stats	Generated actually Pull Request	2025-09-16T02:01:20.9018329Z [36;1m    mergeable,[0m
job-stats	Generated actually Pull Request	2025-09-16T02:01:20.9018588Z [36;1m    mergedAt: (.merged_at // ""),[0m
job-stats	Generated actually Pull Request	2025-09-16T02:01:20.9019020Z [36;1m    mergedBy: (.merged_by.login // ""),[0m
job-stats	Generated actually Pull Request	2025-09-16T02:01:20.9019356Z [36;1m    milestone: (.milestone.title // ""),[0m
job-stats	Generated actually Pull Request	2025-09-16T02:01:20.9019666Z [36;1m    number,[0m
job-stats	Generated actually Pull Request	2025-09-16T02:01:20.9019993Z [36;1m    projectCards: ((.project_cards // []) | map(.url) | join(";")),[0m
job-stats	Generated actually Pull Request	2025-09-16T02:01:20.9020478Z [36;1m    projectItems: ((.project_items // []) | map(.url) | join(";")),[0m
job-stats	Generated actually Pull Request	2025-09-16T02:01:20.9021057Z [36;1m    reactionGroups: ((.reactions // {}) | to_entries | map("\(.key)=\(.value)") | join(";")),[0m
job-stats	Generated actually Pull Request	2025-09-16T02:01:20.9021955Z [36;1m    reviewDecision,[0m
job-stats	Generated actually Pull Request	2025-09-16T02:01:20.9022335Z [36;1m    reviewRequests: ((.review_requests // []) | map(.login) | join(";")),[0m
job-stats	Generated actually Pull Request	2025-09-16T02:01:20.9022796Z [36;1m    reviews: ((.reviews // []) | map(.state) | join(";")),[0m
job-stats	Generated actually Pull Request	2025-09-16T02:01:20.9023137Z [36;1m    state,[0m
job-stats	Generated actually Pull Request	2025-09-16T02:01:20.9023509Z [36;1m    statusCheckRollup: ((.status_check_rollup // []) | map(.context) | join(";")),[0m
job-stats	Generated actually Pull Request	2025-09-16T02:01:20.9023934Z [36;1m    title,[0m
job-stats	Generated actually Pull Request	2025-09-16T02:01:20.9024174Z [36;1m    updatedAt,[0m
job-stats	Generated actually Pull Request	2025-09-16T02:01:20.9024426Z [36;1m    url: .html_url[0m
job-stats	Generated actually Pull Request	2025-09-16T02:01:20.9024672Z [36;1m  }]' \[0m
job-stats	Generated actually Pull Request	2025-09-16T02:01:20.9024950Z [36;1m  | tee ${KAOS_PATH_RESUME}pr-log-${KAOS_CODE}.json \[0m
job-stats	Generated actually Pull Request	2025-09-16T02:01:20.9025289Z [36;1m  | jq -r '[0m
job-stats	Generated actually Pull Request	2025-09-16T02:01:20.9025726Z [36;1m    (if type == "array" and length > 0 then[0m
job-stats	Generated actually Pull Request	2025-09-16T02:01:20.9026028Z [36;1m      [[0m
job-stats	Generated actually Pull Request	2025-09-16T02:01:20.9026251Z [36;1m        "additions",[0m
job-stats	Generated actually Pull Request	2025-09-16T02:01:20.9026509Z [36;1m        "assignees",[0m
job-stats	Generated actually Pull Request	2025-09-16T02:01:20.9026768Z [36;1m        "author",[0m
job-stats	Generated actually Pull Request	2025-09-16T02:01:20.9027026Z [36;1m        "autoMergeRequest",[0m
job-stats	Generated actually Pull Request	2025-09-16T02:01:20.9027305Z [36;1m        "baseRefName",[0m
job-stats	Generated actually Pull Request	2025-09-16T02:01:20.9027566Z [36;1m        "body",[0m
job-stats	Generated actually Pull Request	2025-09-16T02:01:20.9027816Z [36;1m        "changedFiles",[0m
job-stats	Generated actually Pull Request	2025-09-16T02:01:20.9028082Z [36;1m        "closed",[0m
job-stats	Generated actually Pull Request	2025-09-16T02:01:20.9028333Z [36;1m        "closedAt",[0m
job-stats	Generated actually Pull Request	2025-09-16T02:01:20.9028587Z [36;1m        "comments",[0m
job-stats	Generated actually Pull Request	2025-09-16T02:01:20.9028834Z [36;1m        "commits",[0m
job-stats	Generated actually Pull Request	2025-09-16T02:01:20.9029090Z [36;1m        "createdAt",[0m
job-stats	Generated actually Pull Request	2025-09-16T02:01:20.9029346Z [36;1m        "deletions",[0m
job-stats	Generated actually Pull Request	2025-09-16T02:01:20.9029600Z [36;1m        "files",[0m
job-stats	Generated actually Pull Request	2025-09-16T02:01:20.9029977Z [36;1m        "fullDatabaseId",[0m
job-stats	Generated actually Pull Request	2025-09-16T02:01:20.9030253Z [36;1m        "headRefName",[0m
job-stats	Generated actually Pull Request	2025-09-16T02:01:20.9030523Z [36;1m        "headRepository",[0m
job-stats	Generated actually Pull Request	2025-09-16T02:01:20.9030813Z [36;1m        "headRepositoryOwner",[0m
job-stats	Generated actually Pull Request	2025-09-16T02:01:20.9031139Z [36;1m        "id",[0m
job-stats	Generated actually Pull Request	2025-09-16T02:01:20.9031711Z [36;1m        "isCrossRepository",[0m
job-stats	Generated actually Pull Request	2025-09-16T02:01:20.9031993Z [36;1m        "isDraft",[0m
job-stats	Generated actually Pull Request	2025-09-16T02:01:20.9032243Z [36;1m        "labels",[0m
job-stats	Generated actually Pull Request	2025-09-16T02:01:20.9032497Z [36;1m        "latestReviews",[0m
job-stats	Generated actually Pull Request	2025-09-16T02:01:20.9032786Z [36;1m        "maintainerCanModify",[0m
job-stats	Generated actually Pull Request	2025-09-16T02:01:20.9033078Z [36;1m        "mergeCommit",[0m
job-stats	Generated actually Pull Request	2025-09-16T02:01:20.9033351Z [36;1m        "mergeStateStatus",[0m
job-stats	Generated actually Pull Request	2025-09-16T02:01:20.9033631Z [36;1m        "mergeable",[0m
job-stats	Generated actually Pull Request	2025-09-16T02:01:20.9033888Z [36;1m        "mergedAt",[0m
job-stats	Generated actually Pull Request	2025-09-16T02:01:20.9034136Z [36;1m        "mergedBy",[0m
job-stats	Generated actually Pull Request	2025-09-16T02:01:20.9034391Z [36;1m        "milestone",[0m
job-stats	Generated actually Pull Request	2025-09-16T02:01:20.9034652Z [36;1m        "number",[0m
job-stats	Generated actually Pull Request	2025-09-16T02:01:20.9034913Z [36;1m        "projectCards",[0m
job-stats	Generated actually Pull Request	2025-09-16T02:01:20.9035187Z [36;1m        "projectItems",[0m
job-stats	Generated actually Pull Request	2025-09-16T02:01:20.9035467Z [36;1m        "reactionGroups",[0m
job-stats	Generated actually Pull Request	2025-09-16T02:01:20.9035742Z [36;1m        "reviewDecision",[0m
job-stats	Generated actually Pull Request	2025-09-16T02:01:20.9036018Z [36;1m        "reviewRequests",[0m
job-stats	Generated actually Pull Request	2025-09-16T02:01:20.9036287Z [36;1m        "reviews",[0m
job-stats	Generated actually Pull Request	2025-09-16T02:01:20.9036535Z [36;1m        "state",[0m
job-stats	Generated actually Pull Request	2025-09-16T02:01:20.9036793Z [36;1m        "statusCheckRollup",[0m
job-stats	Generated actually Pull Request	2025-09-16T02:01:20.9037074Z [36;1m        "title",[0m
job-stats	Generated actually Pull Request	2025-09-16T02:01:20.9037318Z [36;1m        "updatedAt",[0m
job-stats	Generated actually Pull Request	2025-09-16T02:01:20.9037567Z [36;1m        "url"[0m
job-stats	Generated actually Pull Request	2025-09-16T02:01:20.9037795Z [36;1m      ],[0m
job-stats	Generated actually Pull Request	2025-09-16T02:01:20.9038009Z [36;1m      (.[] | [[0m
job-stats	Generated actually Pull Request	2025-09-16T02:01:20.9038255Z [36;1m        .additions,[0m
job-stats	Generated actually Pull Request	2025-09-16T02:01:20.9038508Z [36;1m        .assignees,[0m
job-stats	Generated actually Pull Request	2025-09-16T02:01:20.9038753Z [36;1m        .author,[0m
job-stats	Generated actually Pull Request	2025-09-16T02:01:20.9045629Z [36;1m        .autoMergeRequest,[0m
job-stats	Generated actually Pull Request	2025-09-16T02:01:20.9045989Z [36;1m        .baseRefName,[0m
job-stats	Generated actually Pull Request	2025-09-16T02:01:20.9046256Z [36;1m        .body,[0m
job-stats	Generated actually Pull Request	2025-09-16T02:01:20.9046497Z [36;1m        .changedFiles,[0m
job-stats	Generated actually Pull Request	2025-09-16T02:01:20.9046762Z [36;1m        .closed,[0m
job-stats	Generated actually Pull Request	2025-09-16T02:01:20.9047008Z [36;1m        .closedAt,[0m
job-stats	Generated actually Pull Request	2025-09-16T02:01:20.9047259Z [36;1m        .comments,[0m
job-stats	Generated actually Pull Request	2025-09-16T02:01:20.9047507Z [36;1m        .commits,[0m
job-stats	Generated actually Pull Request	2025-09-16T02:01:20.9047757Z [36;1m        .createdAt,[0m
job-stats	Generated actually Pull Request	2025-09-16T02:01:20.9048009Z [36;1m        .deletions,[0m
job-stats	Generated actually Pull Request	2025-09-16T02:01:20.9048262Z [36;1m        .files,[0m
job-stats	Generated actually Pull Request	2025-09-16T02:01:20.9048507Z [36;1m        .fullDatabaseId,[0m
job-stats	Generated actually Pull Request	2025-09-16T02:01:20.9048781Z [36;1m        .headRefName,[0m
job-stats	Generated actually Pull Request	2025-09-16T02:01:20.9049051Z [36;1m        .headRepository,[0m
job-stats	Generated actually Pull Request	2025-09-16T02:01:20.9049340Z [36;1m        .headRepositoryOwner,[0m
job-stats	Generated actually Pull Request	2025-09-16T02:01:20.9049615Z [36;1m        .id,[0m
job-stats	Generated actually Pull Request	2025-09-16T02:01:20.9049859Z [36;1m        .isCrossRepository,[0m
job-stats	Generated actually Pull Request	2025-09-16T02:01:20.9050344Z [36;1m        .isDraft,[0m
job-stats	Generated actually Pull Request	2025-09-16T02:01:20.9050591Z [36;1m        .labels,[0m
job-stats	Generated actually Pull Request	2025-09-16T02:01:20.9050842Z [36;1m        .latestReviews,[0m
job-stats	Generated actually Pull Request	2025-09-16T02:01:20.9051364Z [36;1m        .maintainerCanModify,[0m
job-stats	Generated actually Pull Request	2025-09-16T02:01:20.9051903Z [36;1m        .mergeCommit,[0m
job-stats	Generated actually Pull Request	2025-09-16T02:01:20.9052173Z [36;1m        .mergeStateStatus,[0m
job-stats	Generated actually Pull Request	2025-09-16T02:01:20.9052451Z [36;1m        .mergeable,[0m
job-stats	Generated actually Pull Request	2025-09-16T02:01:20.9052745Z [36;1m        .mergedAt,[0m
job-stats	Generated actually Pull Request	2025-09-16T02:01:20.9053066Z [36;1m        .mergedBy,[0m
job-stats	Generated actually Pull Request	2025-09-16T02:01:20.9053320Z [36;1m        .milestone,[0m
job-stats	Generated actually Pull Request	2025-09-16T02:01:20.9053573Z [36;1m        .number,[0m
job-stats	Generated actually Pull Request	2025-09-16T02:01:20.9053824Z [36;1m        .projectCards,[0m
job-stats	Generated actually Pull Request	2025-09-16T02:01:20.9054097Z [36;1m        .projectItems,[0m
job-stats	Generated actually Pull Request	2025-09-16T02:01:20.9054367Z [36;1m        .reactionGroups,[0m
job-stats	Generated actually Pull Request	2025-09-16T02:01:20.9054647Z [36;1m        .reviewDecision,[0m
job-stats	Generated actually Pull Request	2025-09-16T02:01:20.9054924Z [36;1m        .reviewRequests,[0m
job-stats	Generated actually Pull Request	2025-09-16T02:01:20.9055317Z [36;1m        .reviews,[0m
job-stats	Generated actually Pull Request	2025-09-16T02:01:20.9055571Z [36;1m        .state,[0m
job-stats	Generated actually Pull Request	2025-09-16T02:01:20.9055827Z [36;1m        .statusCheckRollup,[0m
job-stats	Generated actually Pull Request	2025-09-16T02:01:20.9056099Z [36;1m        .title,[0m
job-stats	Generated actually Pull Request	2025-09-16T02:01:20.9056343Z [36;1m        .updatedAt,[0m
job-stats	Generated actually Pull Request	2025-09-16T02:01:20.9056591Z [36;1m        .url[0m
job-stats	Generated actually Pull Request	2025-09-16T02:01:20.9056826Z [36;1m      ])[0m
job-stats	Generated actually Pull Request	2025-09-16T02:01:20.9057036Z [36;1m    else[0m
job-stats	Generated actually Pull Request	2025-09-16T02:01:20.9057255Z [36;1m      empty[0m
job-stats	Generated actually Pull Request	2025-09-16T02:01:20.9057477Z [36;1m    end) | @csv[0m
job-stats	Generated actually Pull Request	2025-09-16T02:01:20.9057749Z [36;1m  ' > ${KAOS_PATH_RESUME}actually-pr.csv[0m
job-stats	Generated actually Pull Request	2025-09-16T02:01:20.9058052Z [36;1m[0m
job-stats	Generated actually Pull Request	2025-09-16T02:01:20.9058267Z [36;1m# Formatear JSON final[0m
job-stats	Generated actually Pull Request	2025-09-16T02:01:20.9058721Z [36;1mcat ${KAOS_PATH_RESUME}pr-log-${KAOS_CODE}.json | jq -s '.' > ${KAOS_PATH_RESUME}actually-pr.json[0m
job-stats	Generated actually Pull Request	2025-09-16T02:01:20.9059224Z [36;1mecho "Mostramos el contenido del fichero"[0m
job-stats	Generated actually Pull Request	2025-09-16T02:01:20.9059572Z [36;1m#cat audit/workflows/actually-pr.json[0m
job-stats	Generated actually Pull Request	2025-09-16T02:01:20.9066084Z shell: /usr/bin/bash -e {0}
job-stats	Generated actually Pull Request	2025-09-16T02:01:20.9066363Z env:
job-stats	Generated actually Pull Request	2025-09-16T02:01:20.9066576Z   KAOS_CODE: 17751868516
job-stats	Generated actually Pull Request	2025-09-16T02:01:20.9066825Z   KAOS_EVENT_NAME: schedule
job-stats	Generated actually Pull Request	2025-09-16T02:01:20.9067072Z   KAOS_ACTION: 
job-stats	Generated actually Pull Request	2025-09-16T02:01:20.9067299Z   KAOS_REF: refs/heads/main
job-stats	Generated actually Pull Request	2025-09-16T02:01:20.9067579Z   KAOS_MODULE: [Ka0S] Workflow Statistics Summary
job-stats	Generated actually Pull Request	2025-09-16T02:01:20.9067910Z   KAOS_PATH_RESUME: audit/workflows/
job-stats	Generated actually Pull Request	2025-09-16T02:01:20.9068194Z   KAOS_ACTOR: santakloud
job-stats	Generated actually Pull Request	2025-09-16T02:01:20.9068444Z   GH_REPO: Ka0s-Klaus/ka0s
job-stats	Generated actually Pull Request	2025-09-16T02:01:20.9068969Z   GH_TOKEN: ***
job-stats	Generated actually Pull Request	2025-09-16T02:01:20.9069191Z ##[endgroup]
job-stats	Generated actually Pull Request	2025-09-16T02:01:20.9106946Z Extraemos toda la informaciÃ³n de las PR hasta el momento
job-stats	Generated actually Pull Request	2025-09-16T02:01:26.2098555Z Mostramos el contenido del fichero
job-stats	Upload Files	ï»¿2025-09-16T02:01:26.2147100Z ##[group]Run echo "Downloading files to the repository..."
job-stats	Upload Files	2025-09-16T02:01:26.2147604Z [36;1mecho "Downloading files to the repository..."[0m
job-stats	Upload Files	2025-09-16T02:01:26.2148153Z [36;1mgit config --global user.name "***"[0m
job-stats	Upload Files	2025-09-16T02:01:26.2148550Z [36;1mgit config --global user.email "***"[0m
job-stats	Upload Files	2025-09-16T02:01:26.2148858Z [36;1mgit pull[0m
job-stats	Upload Files	2025-09-16T02:01:26.2149135Z [36;1mecho "Uploading files to the repository..."[0m
job-stats	Upload Files	2025-09-16T02:01:26.2149473Z [36;1mgit add audit/workflows/*[0m
job-stats	Upload Files	2025-09-16T02:01:26.2149965Z [36;1mgit commit -m "[Ka0S] Uploading resume workflows execution files to the repository..."[0m
job-stats	Upload Files	2025-09-16T02:01:26.2150476Z [36;1mgit push origin refs/heads/main[0m
job-stats	Upload Files	2025-09-16T02:01:26.2157285Z shell: /usr/bin/bash -e {0}
job-stats	Upload Files	2025-09-16T02:01:26.2157567Z env:
job-stats	Upload Files	2025-09-16T02:01:26.2157785Z   KAOS_CODE: 17751868516
job-stats	Upload Files	2025-09-16T02:01:26.2158037Z   KAOS_EVENT_NAME: schedule
job-stats	Upload Files	2025-09-16T02:01:26.2158289Z   KAOS_ACTION: 
job-stats	Upload Files	2025-09-16T02:01:26.2158519Z   KAOS_REF: refs/heads/main
job-stats	Upload Files	2025-09-16T02:01:26.2158842Z   KAOS_MODULE: [Ka0S] Workflow Statistics Summary
job-stats	Upload Files	2025-09-16T02:01:26.2159172Z   KAOS_PATH_RESUME: audit/workflows/
job-stats	Upload Files	2025-09-16T02:01:26.2159463Z   KAOS_ACTOR: santakloud
job-stats	Upload Files	2025-09-16T02:01:26.2159732Z   GH_REPO: Ka0s-Klaus/ka0s
job-stats	Upload Files	2025-09-16T02:01:26.2160145Z   GH_TOKEN: ***
job-stats	Upload Files	2025-09-16T02:01:26.2160370Z ##[endgroup]
job-stats	Upload Files	2025-09-16T02:01:26.2189289Z Downloading files to the repository...
job-stats	Upload Files	2025-09-16T02:01:27.0961835Z From https://github.com/Ka0s-Klaus/ka0s
job-stats	Upload Files	2025-09-16T02:01:27.0962473Z    975536cf..29f3e035  main       -> origin/main
job-stats	Upload Files	2025-09-16T02:01:27.1128256Z Updating 975536cf..29f3e035
job-stats	Upload Files	2025-09-16T02:01:27.1128623Z Fast-forward
job-stats	Upload Files	2025-09-16T02:01:27.1172348Z  audit/mongodb/17751963362.json | 12482 +++++++++++++++++++++++++++++++++++++++
job-stats	Upload Files	2025-09-16T02:01:27.1172856Z  1 file changed, 12482 insertions(+)
job-stats	Upload Files	2025-09-16T02:01:27.1173206Z  create mode 100644 audit/mongodb/17751963362.json
job-stats	Upload Files	2025-09-16T02:01:27.1178123Z Uploading files to the repository...
job-stats	Upload Files	2025-09-16T02:01:27.4344889Z [main 614dc68f] [Ka0S] Uploading resume workflows execution files to the repository...
job-stats	Upload Files	2025-09-16T02:01:27.4351754Z  11 files changed, 609855 insertions(+)
job-stats	Upload Files	2025-09-16T02:01:27.4352411Z  create mode 100644 audit/workflows/actually-issue.csv
job-stats	Upload Files	2025-09-16T02:01:27.4353219Z  create mode 100644 audit/workflows/actually-issue.json
job-stats	Upload Files	2025-09-16T02:01:27.4353619Z  create mode 100644 audit/workflows/actually-pr.csv
job-stats	Upload Files	2025-09-16T02:01:27.4355377Z  create mode 100644 audit/workflows/actually-pr.json
job-stats	Upload Files	2025-09-16T02:01:27.4358429Z  create mode 100644 audit/workflows/actually-workflows-runs.csv
job-stats	Upload Files	2025-09-16T02:01:27.4359784Z  create mode 100644 audit/workflows/actually-workflows-runs.json
job-stats	Upload Files	2025-09-16T02:01:27.4361436Z  create mode 100644 audit/workflows/actually-workflows.csv
job-stats	Upload Files	2025-09-16T02:01:27.4361968Z  create mode 100644 audit/workflows/actually-workflows.json
job-stats	Upload Files	2025-09-16T02:01:27.4362426Z  create mode 100644 audit/workflows/issue-log-17751868516.json
job-stats	Upload Files	2025-09-16T02:01:27.4362957Z  create mode 100644 audit/workflows/pr-log-17751868516.json
job-stats	Upload Files	2025-09-16T02:01:27.4363509Z  create mode 100644 audit/workflows/workflows-runs-17751868516.json
job-stats	Upload Files	2025-09-16T02:01:30.3558432Z To https://github.com/Ka0s-Klaus/ka0s
job-stats	Upload Files	2025-09-16T02:01:30.3559766Z    29f3e035..614dc68f  main -> main
job-stats	Post Checkout	ï»¿2025-09-16T02:01:30.3700071Z Post job cleanup.
job-stats	Post Checkout	2025-09-16T02:01:30.4699893Z [command]/usr/bin/git version
job-stats	Post Checkout	2025-09-16T02:01:30.4739467Z git version 2.43.0
job-stats	Post Checkout	2025-09-16T02:01:30.4779466Z Copying '/home/kaos/.gitconfig' to '/actions-runner/_work/_temp/80a47222-06a9-48f6-b41b-364e08d4dc7a/.gitconfig'
job-stats	Post Checkout	2025-09-16T02:01:30.4791373Z Temporarily overriding HOME='/actions-runner/_work/_temp/80a47222-06a9-48f6-b41b-364e08d4dc7a' before making global git config changes
job-stats	Post Checkout	2025-09-16T02:01:30.4792349Z Adding repository directory to the temporary git global config as a safe directory
job-stats	Post Checkout	2025-09-16T02:01:30.4798270Z [command]/usr/bin/git config --global --add safe.directory /actions-runner/_work/ka0s/ka0s
job-stats	Post Checkout	2025-09-16T02:01:30.4837102Z [command]/usr/bin/git config --local --name-only --get-regexp core\.sshCommand
job-stats	Post Checkout	2025-09-16T02:01:30.4887174Z [command]/usr/bin/git submodule foreach --recursive sh -c "git config --local --name-only --get-regexp 'core\.sshCommand' && git config --local --unset-all 'core.sshCommand' || :"
job-stats	Post Checkout	2025-09-16T02:01:30.5146856Z [command]/usr/bin/git config --local --name-only --get-regexp http\.https\:\/\/github\.com\/\.extraheader
job-stats	Post Checkout	2025-09-16T02:01:30.5170790Z http.https://github.com/.extraheader
job-stats	Post Checkout	2025-09-16T02:01:30.5185115Z [command]/usr/bin/git config --local --unset-all http.https://github.com/.extraheader
job-stats	Post Checkout	2025-09-16T02:01:30.5221652Z [command]/usr/bin/git submodule foreach --recursive sh -c "git config --local --name-only --get-regexp 'http\.https\:\/\/github\.com\/\.extraheader' && git config --local --unset-all 'http.https://github.com/.extraheader' || :"
job-stats	Complete job	ï»¿2025-09-16T02:01:30.5584934Z Cleaning up orphan processes
handle-success	Set up job	ï»¿2025-09-16T02:01:35.8394314Z Current runner version: '2.328.0'
handle-success	Set up job	2025-09-16T02:01:35.8402163Z Runner name: 'ka0s-ka0s-1'
handle-success	Set up job	2025-09-16T02:01:35.8402943Z Runner group name: 'ka0s'
handle-success	Set up job	2025-09-16T02:01:35.8403977Z Machine name: '2ae8e24676b9'
handle-success	Set up job	2025-09-16T02:01:35.8406923Z ##[group]GITHUB_TOKEN Permissions
handle-success	Set up job	2025-09-16T02:01:35.8409302Z Actions: write
handle-success	Set up job	2025-09-16T02:01:35.8409866Z Contents: write
handle-success	Set up job	2025-09-16T02:01:35.8410543Z Issues: write
handle-success	Set up job	2025-09-16T02:01:35.8411223Z Metadata: read
handle-success	Set up job	2025-09-16T02:01:35.8411716Z ##[endgroup]
handle-success	Set up job	2025-09-16T02:01:35.8414015Z Secret source: Actions
handle-success	Set up job	2025-09-16T02:01:35.8414733Z Prepare workflow directory
handle-success	Set up job	2025-09-16T02:01:35.9132596Z Prepare all required actions
handle-success	Set up job	2025-09-16T02:01:35.9201754Z Getting action download info
handle-success	Set up job	2025-09-16T02:01:36.4278343Z Download action repository 'actions/checkout@v4' (SHA:08eba0b27e820071cde6df949e0beb9ba4906955)
handle-success	Set up job	2025-09-16T02:01:37.2778918Z Complete job name: handle-success
handle-success	Checkout code	ï»¿2025-09-16T02:01:37.3296199Z ##[group]Run actions/checkout@v4
handle-success	Checkout code	2025-09-16T02:01:37.3297134Z with:
handle-success	Checkout code	2025-09-16T02:01:37.3297577Z   fetch-depth: 0
handle-success	Checkout code	2025-09-16T02:01:37.3298295Z   token: ***
handle-success	Checkout code	2025-09-16T02:01:37.3298730Z   repository: Ka0s-Klaus/ka0s
handle-success	Checkout code	2025-09-16T02:01:37.3299232Z   ssh-strict: true
handle-success	Checkout code	2025-09-16T02:01:37.3299651Z   ssh-user: git
handle-success	Checkout code	2025-09-16T02:01:37.3300086Z   persist-credentials: true
handle-success	Checkout code	2025-09-16T02:01:37.3300566Z   clean: true
handle-success	Checkout code	2025-09-16T02:01:37.3301063Z   sparse-checkout-cone-mode: true
handle-success	Checkout code	2025-09-16T02:01:37.3301617Z   fetch-tags: false
handle-success	Checkout code	2025-09-16T02:01:37.3302064Z   show-progress: true
handle-success	Checkout code	2025-09-16T02:01:37.3302509Z   lfs: false
handle-success	Checkout code	2025-09-16T02:01:37.3302901Z   submodules: false
handle-success	Checkout code	2025-09-16T02:01:37.3303364Z   set-safe-directory: true
handle-success	Checkout code	2025-09-16T02:01:37.3304090Z env:
handle-success	Checkout code	2025-09-16T02:01:37.3304502Z   KAOS_CODE: 17751868516
handle-success	Checkout code	2025-09-16T02:01:37.3304977Z   KAOS_EVENT_NAME: schedule
handle-success	Checkout code	2025-09-16T02:01:37.3305455Z   KAOS_ACTION: 
handle-success	Checkout code	2025-09-16T02:01:37.3305882Z   KAOS_REF: refs/heads/main
handle-success	Checkout code	2025-09-16T02:01:37.3306430Z   KAOS_MODULE: [Ka0S] Workflow Statistics Summary
handle-success	Checkout code	2025-09-16T02:01:37.3307096Z   KAOS_PATH_RESUME: audit/workflows/
handle-success	Checkout code	2025-09-16T02:01:37.3307659Z   KAOS_ACTOR: santakloud
handle-success	Checkout code	2025-09-16T02:01:37.3308129Z   GH_REPO: Ka0s-Klaus/ka0s
handle-success	Checkout code	2025-09-16T02:01:37.3308603Z ##[endgroup]
handle-success	Checkout code	2025-09-16T02:01:37.4448274Z Syncing repository: Ka0s-Klaus/ka0s
handle-success	Checkout code	2025-09-16T02:01:37.4450668Z ##[group]Getting Git version info
handle-success	Checkout code	2025-09-16T02:01:37.4451777Z Working directory is '/actions-runner/_work/ka0s/ka0s'
handle-success	Checkout code	2025-09-16T02:01:37.4452863Z [command]/usr/bin/git version
handle-success	Checkout code	2025-09-16T02:01:37.4453436Z git version 2.43.0
handle-success	Checkout code	2025-09-16T02:01:37.4471516Z ##[endgroup]
handle-success	Checkout code	2025-09-16T02:01:37.4481146Z Copying '/home/kaos/.gitconfig' to '/actions-runner/_work/_temp/c8748a20-7fcd-4a82-8a06-d5790e0cef65/.gitconfig'
handle-success	Checkout code	2025-09-16T02:01:37.4495046Z Temporarily overriding HOME='/actions-runner/_work/_temp/c8748a20-7fcd-4a82-8a06-d5790e0cef65' before making global git config changes
handle-success	Checkout code	2025-09-16T02:01:37.4497968Z Adding repository directory to the temporary git global config as a safe directory
handle-success	Checkout code	2025-09-16T02:01:37.4501484Z [command]/usr/bin/git config --global --add safe.directory /actions-runner/_work/ka0s/ka0s
handle-success	Checkout code	2025-09-16T02:01:37.4554316Z [command]/usr/bin/git config --local --get remote.origin.url
handle-success	Checkout code	2025-09-16T02:01:37.4579484Z https://github.com/Ka0s-Klaus/ka0s
handle-success	Checkout code	2025-09-16T02:01:37.4599878Z ##[group]Removing previously created refs, to avoid conflicts
handle-success	Checkout code	2025-09-16T02:01:37.4620054Z [command]/usr/bin/git rev-parse --symbolic-full-name --verify --quiet HEAD
handle-success	Checkout code	2025-09-16T02:01:37.4630739Z refs/heads/main
handle-success	Checkout code	2025-09-16T02:01:37.4641121Z [command]/usr/bin/git checkout --detach
handle-success	Checkout code	2025-09-16T02:01:37.4728897Z HEAD is now at 975536cf Ka0S] Uploading files to MongoDB update repository ...
handle-success	Checkout code	2025-09-16T02:01:37.4778457Z [command]/usr/bin/git branch --delete --force main
handle-success	Checkout code	2025-09-16T02:01:37.4819817Z Deleted branch main (was 975536cf).
handle-success	Checkout code	2025-09-16T02:01:37.4911227Z ##[endgroup]
handle-success	Checkout code	2025-09-16T02:01:37.4912204Z [command]/usr/bin/git submodule status
handle-success	Checkout code	2025-09-16T02:01:37.5167347Z ##[group]Cleaning the repository
handle-success	Checkout code	2025-09-16T02:01:37.5168184Z [command]/usr/bin/git clean -ffdx
handle-success	Checkout code	2025-09-16T02:01:37.5226428Z [command]/usr/bin/git reset --hard HEAD
handle-success	Checkout code	2025-09-16T02:01:37.5315970Z HEAD is now at 975536cf Ka0S] Uploading files to MongoDB update repository ...
handle-success	Checkout code	2025-09-16T02:01:37.5320794Z ##[endgroup]
handle-success	Checkout code	2025-09-16T02:01:37.5322941Z ##[group]Disabling automatic garbage collection
handle-success	Checkout code	2025-09-16T02:01:37.5328064Z [command]/usr/bin/git config --local gc.auto 0
handle-success	Checkout code	2025-09-16T02:01:37.5358446Z ##[endgroup]
handle-success	Checkout code	2025-09-16T02:01:37.5359316Z ##[group]Setting up auth
handle-success	Checkout code	2025-09-16T02:01:37.5377166Z [command]/usr/bin/git config --local --name-only --get-regexp core\.sshCommand
handle-success	Checkout code	2025-09-16T02:01:37.5411681Z [command]/usr/bin/git submodule foreach --recursive sh -c "git config --local --name-only --get-regexp 'core\.sshCommand' && git config --local --unset-all 'core.sshCommand' || :"
handle-success	Checkout code	2025-09-16T02:01:37.5661126Z [command]/usr/bin/git config --local --name-only --get-regexp http\.https\:\/\/github\.com\/\.extraheader
handle-success	Checkout code	2025-09-16T02:01:37.5691766Z [command]/usr/bin/git submodule foreach --recursive sh -c "git config --local --name-only --get-regexp 'http\.https\:\/\/github\.com\/\.extraheader' && git config --local --unset-all 'http.https://github.com/.extraheader' || :"
handle-success	Checkout code	2025-09-16T02:01:37.5945649Z [command]/usr/bin/git config --local http.https://github.com/.extraheader AUTHORIZATION: basic ***
handle-success	Checkout code	2025-09-16T02:01:37.5990387Z ##[endgroup]
handle-success	Checkout code	2025-09-16T02:01:37.5991498Z ##[group]Fetching the repository
handle-success	Checkout code	2025-09-16T02:01:37.5998702Z [command]/usr/bin/git -c protocol.version=2 fetch --prune --no-recurse-submodules origin +refs/heads/*:refs/remotes/origin/* +refs/tags/*:refs/tags/*
handle-success	Checkout code	2025-09-16T02:01:38.9305455Z From https://github.com/Ka0s-Klaus/ka0s
handle-success	Checkout code	2025-09-16T02:01:38.9308832Z    975536cf..614dc68f  main       -> origin/main
handle-success	Checkout code	2025-09-16T02:01:38.9382066Z [command]/usr/bin/git branch --list --remote origin/main
handle-success	Checkout code	2025-09-16T02:01:38.9415208Z   origin/main
handle-success	Checkout code	2025-09-16T02:01:38.9425927Z [command]/usr/bin/git rev-parse refs/remotes/origin/main
handle-success	Checkout code	2025-09-16T02:01:38.9450217Z 614dc68f0a5918347adbbeef62d7c09190aa37ba
handle-success	Checkout code	2025-09-16T02:01:38.9463672Z [command]/usr/bin/git -c protocol.version=2 fetch --no-tags --prune --no-recurse-submodules origin +975536cfa66f04a218e318e4425475dd22dc9052:refs/remotes/origin/main
handle-success	Checkout code	2025-09-16T02:01:38.9650212Z From https://github.com/Ka0s-Klaus/ka0s
handle-success	Checkout code	2025-09-16T02:01:38.9652681Z  + 614dc68f...975536cf 975536cfa66f04a218e318e4425475dd22dc9052 -> origin/main  (forced update)
handle-success	Checkout code	2025-09-16T02:01:38.9675489Z ##[endgroup]
handle-success	Checkout code	2025-09-16T02:01:38.9677107Z ##[group]Determining the checkout info
handle-success	Checkout code	2025-09-16T02:01:38.9679096Z ##[endgroup]
handle-success	Checkout code	2025-09-16T02:01:38.9680082Z [command]/usr/bin/git sparse-checkout disable
handle-success	Checkout code	2025-09-16T02:01:38.9729020Z [command]/usr/bin/git config --local --unset-all extensions.worktreeConfig
handle-success	Checkout code	2025-09-16T02:01:38.9760491Z ##[group]Checking out the ref
handle-success	Checkout code	2025-09-16T02:01:38.9763597Z [command]/usr/bin/git checkout --progress --force -B main refs/remotes/origin/main
handle-success	Checkout code	2025-09-16T02:01:38.9848957Z Switched to a new branch 'main'
handle-success	Checkout code	2025-09-16T02:01:38.9851429Z branch 'main' set up to track 'origin/main'.
handle-success	Checkout code	2025-09-16T02:01:38.9856561Z ##[endgroup]
handle-success	Checkout code	2025-09-16T02:01:38.9900476Z [command]/usr/bin/git log -1 --format=%H
handle-success	Checkout code	2025-09-16T02:01:38.9933396Z 975536cfa66f04a218e318e4425475dd22dc9052
handle-success	handle-success-execution	ï»¿2025-09-16T02:01:39.0198144Z ##[group]Run # RNNUMBER=$(echo "refs/heads/main" | grep -o '[0-9]*')
handle-success	handle-success-execution	2025-09-16T02:01:39.0200134Z [36;1m# RNNUMBER=$(echo "refs/heads/main" | grep -o '[0-9]*')[0m
handle-success	handle-success-execution	2025-09-16T02:01:39.0203498Z [36;1m# gh issue comment $RNNUMBER --body "El proceso ha finalizado correctamente 17751868516. El resultado estÃ¡ en el fichero core/results/event_data_17751868516.log"[0m
handle-success	handle-success-execution	2025-09-16T02:01:39.0207873Z [36;1mecho "El proceso ha finalizado correctamente 17751868516. El resultado estÃ¡ en el fichero core/results/event_data_17751868516.log"[0m
handle-success	handle-success-execution	2025-09-16T02:01:39.0220719Z shell: /usr/bin/bash -e {0}
handle-success	handle-success-execution	2025-09-16T02:01:39.0221850Z env:
handle-success	handle-success-execution	2025-09-16T02:01:39.0222659Z   KAOS_CODE: 17751868516
handle-success	handle-success-execution	2025-09-16T02:01:39.0223644Z   KAOS_EVENT_NAME: schedule
handle-success	handle-success-execution	2025-09-16T02:01:39.0224652Z   KAOS_ACTION: 
handle-success	handle-success-execution	2025-09-16T02:01:39.0225544Z   KAOS_REF: refs/heads/main
handle-success	handle-success-execution	2025-09-16T02:01:39.0226689Z   KAOS_MODULE: [Ka0S] Workflow Statistics Summary
handle-success	handle-success-execution	2025-09-16T02:01:39.0228349Z   KAOS_PATH_RESUME: audit/workflows/
handle-success	handle-success-execution	2025-09-16T02:01:39.0229504Z   KAOS_ACTOR: santakloud
handle-success	handle-success-execution	2025-09-16T02:01:39.0230576Z   GH_REPO: Ka0s-Klaus/ka0s
handle-success	handle-success-execution	2025-09-16T02:01:39.0232150Z   GH_TOKEN: ***
handle-success	handle-success-execution	2025-09-16T02:01:39.0234046Z ##[endgroup]
handle-success	handle-success-execution	2025-09-16T02:01:39.0298357Z El proceso ha finalizado correctamente 17751868516. El resultado estÃ¡ en el fichero core/results/event_data_17751868516.log
handle-success	Post Checkout code	ï»¿2025-09-16T02:01:39.0483037Z Post job cleanup.
handle-success	Post Checkout code	2025-09-16T02:01:39.1486615Z [command]/usr/bin/git version
handle-success	Post Checkout code	2025-09-16T02:01:39.1526272Z git version 2.43.0
handle-success	Post Checkout code	2025-09-16T02:01:39.1567701Z Copying '/home/kaos/.gitconfig' to '/actions-runner/_work/_temp/df662447-fabe-400a-a35b-84a961ab9341/.gitconfig'
handle-success	Post Checkout code	2025-09-16T02:01:39.1581706Z Temporarily overriding HOME='/actions-runner/_work/_temp/df662447-fabe-400a-a35b-84a961ab9341' before making global git config changes
handle-success	Post Checkout code	2025-09-16T02:01:39.1585066Z Adding repository directory to the temporary git global config as a safe directory
handle-success	Post Checkout code	2025-09-16T02:01:39.1587788Z [command]/usr/bin/git config --global --add safe.directory /actions-runner/_work/ka0s/ka0s
handle-success	Post Checkout code	2025-09-16T02:01:39.1635527Z [command]/usr/bin/git config --local --name-only --get-regexp core\.sshCommand
handle-success	Post Checkout code	2025-09-16T02:01:39.1673354Z [command]/usr/bin/git submodule foreach --recursive sh -c "git config --local --name-only --get-regexp 'core\.sshCommand' && git config --local --unset-all 'core.sshCommand' || :"
handle-success	Post Checkout code	2025-09-16T02:01:39.1928795Z [command]/usr/bin/git config --local --name-only --get-regexp http\.https\:\/\/github\.com\/\.extraheader
handle-success	Post Checkout code	2025-09-16T02:01:39.1951761Z http.https://github.com/.extraheader
handle-success	Post Checkout code	2025-09-16T02:01:39.1963057Z [command]/usr/bin/git config --local --unset-all http.https://github.com/.extraheader
handle-success	Post Checkout code	2025-09-16T02:01:39.2000318Z [command]/usr/bin/git submodule foreach --recursive sh -c "git config --local --name-only --get-regexp 'http\.https\:\/\/github\.com\/\.extraheader' && git config --local --unset-all 'http.https://github.com/.extraheader' || :"
handle-success	Complete job	ï»¿2025-09-16T02:01:39.2394953Z Cleaning up orphan processes
end-workflow	Set up job	ï»¿2025-09-16T02:01:44.1652577Z Current runner version: '2.328.0'
end-workflow	Set up job	2025-09-16T02:01:44.1660428Z Runner name: 'ka0s-ka0s-3'
end-workflow	Set up job	2025-09-16T02:01:44.1661292Z Runner group name: 'ka0s'
end-workflow	Set up job	2025-09-16T02:01:44.1662294Z Machine name: '3951c78e42d6'
end-workflow	Set up job	2025-09-16T02:01:44.1665203Z ##[group]GITHUB_TOKEN Permissions
end-workflow	Set up job	2025-09-16T02:01:44.1667591Z Actions: write
end-workflow	Set up job	2025-09-16T02:01:44.1668170Z Contents: write
end-workflow	Set up job	2025-09-16T02:01:44.1668837Z Issues: write
end-workflow	Set up job	2025-09-16T02:01:44.1669395Z Metadata: read
end-workflow	Set up job	2025-09-16T02:01:44.1669896Z ##[endgroup]
end-workflow	Set up job	2025-09-16T02:01:44.1672193Z Secret source: Actions
end-workflow	Set up job	2025-09-16T02:01:44.1672892Z Prepare workflow directory
end-workflow	Set up job	2025-09-16T02:01:44.2293861Z Prepare all required actions
end-workflow	Set up job	2025-09-16T02:01:44.2333564Z Getting action download info
end-workflow	Set up job	2025-09-16T02:01:44.7589294Z Download action repository 'actions/checkout@v4' (SHA:08eba0b27e820071cde6df949e0beb9ba4906955)
end-workflow	Set up job	2025-09-16T02:01:45.5408947Z Complete job name: end-workflow
end-workflow	Checkout code	ï»¿2025-09-16T02:01:45.5925556Z ##[group]Run actions/checkout@v4
end-workflow	Checkout code	2025-09-16T02:01:45.5926484Z with:
end-workflow	Checkout code	2025-09-16T02:01:45.5926915Z   fetch-depth: 0
end-workflow	Checkout code	2025-09-16T02:01:45.5927651Z   token: ***
end-workflow	Checkout code	2025-09-16T02:01:45.5928091Z   repository: Ka0s-Klaus/ka0s
end-workflow	Checkout code	2025-09-16T02:01:45.5928592Z   ssh-strict: true
end-workflow	Checkout code	2025-09-16T02:01:45.5929011Z   ssh-user: git
end-workflow	Checkout code	2025-09-16T02:01:45.5929443Z   persist-credentials: true
end-workflow	Checkout code	2025-09-16T02:01:45.5929914Z   clean: true
end-workflow	Checkout code	2025-09-16T02:01:45.5930352Z   sparse-checkout-cone-mode: true
end-workflow	Checkout code	2025-09-16T02:01:45.5930872Z   fetch-tags: false
end-workflow	Checkout code	2025-09-16T02:01:45.5931372Z   show-progress: true
end-workflow	Checkout code	2025-09-16T02:01:45.5931820Z   lfs: false
end-workflow	Checkout code	2025-09-16T02:01:45.5932216Z   submodules: false
end-workflow	Checkout code	2025-09-16T02:01:45.5932674Z   set-safe-directory: true
end-workflow	Checkout code	2025-09-16T02:01:45.5933396Z env:
end-workflow	Checkout code	2025-09-16T02:01:45.5933810Z   KAOS_CODE: 17751868516
end-workflow	Checkout code	2025-09-16T02:01:45.5934294Z   KAOS_EVENT_NAME: schedule
end-workflow	Checkout code	2025-09-16T02:01:45.5934770Z   KAOS_ACTION: 
end-workflow	Checkout code	2025-09-16T02:01:45.5935188Z   KAOS_REF: refs/heads/main
end-workflow	Checkout code	2025-09-16T02:01:45.5935734Z   KAOS_MODULE: [Ka0S] Workflow Statistics Summary
end-workflow	Checkout code	2025-09-16T02:01:45.5936392Z   KAOS_PATH_RESUME: audit/workflows/
end-workflow	Checkout code	2025-09-16T02:01:45.5936944Z   KAOS_ACTOR: santakloud
end-workflow	Checkout code	2025-09-16T02:01:45.5937410Z   GH_REPO: Ka0s-Klaus/ka0s
end-workflow	Checkout code	2025-09-16T02:01:45.5938063Z   GH_TOKEN: ***
end-workflow	Checkout code	2025-09-16T02:01:45.5938485Z ##[endgroup]
end-workflow	Checkout code	2025-09-16T02:01:45.7090105Z Syncing repository: Ka0s-Klaus/ka0s
end-workflow	Checkout code	2025-09-16T02:01:45.7092719Z ##[group]Getting Git version info
end-workflow	Checkout code	2025-09-16T02:01:45.7093507Z Working directory is '/actions-runner/_work/ka0s/ka0s'
end-workflow	Checkout code	2025-09-16T02:01:45.7094571Z [command]/usr/bin/git version
end-workflow	Checkout code	2025-09-16T02:01:45.7095104Z git version 2.43.0
end-workflow	Checkout code	2025-09-16T02:01:45.7109141Z ##[endgroup]
end-workflow	Checkout code	2025-09-16T02:01:45.7121227Z Copying '/home/kaos/.gitconfig' to '/actions-runner/_work/_temp/be15cf02-c027-4365-997b-fe67d447cbdb/.gitconfig'
end-workflow	Checkout code	2025-09-16T02:01:45.7133249Z Temporarily overriding HOME='/actions-runner/_work/_temp/be15cf02-c027-4365-997b-fe67d447cbdb' before making global git config changes
end-workflow	Checkout code	2025-09-16T02:01:45.7134900Z Adding repository directory to the temporary git global config as a safe directory
end-workflow	Checkout code	2025-09-16T02:01:45.7139401Z [command]/usr/bin/git config --global --add safe.directory /actions-runner/_work/ka0s/ka0s
end-workflow	Checkout code	2025-09-16T02:01:45.7183241Z [command]/usr/bin/git config --local --get remote.origin.url
end-workflow	Checkout code	2025-09-16T02:01:45.7206937Z https://github.com/Ka0s-Klaus/ka0s
end-workflow	Checkout code	2025-09-16T02:01:45.7229676Z ##[group]Removing previously created refs, to avoid conflicts
end-workflow	Checkout code	2025-09-16T02:01:45.7235704Z [command]/usr/bin/git rev-parse --symbolic-full-name --verify --quiet HEAD
end-workflow	Checkout code	2025-09-16T02:01:45.7258971Z refs/heads/main
end-workflow	Checkout code	2025-09-16T02:01:45.7270244Z [command]/usr/bin/git checkout --detach
end-workflow	Checkout code	2025-09-16T02:01:45.7377851Z HEAD is now at 614dc68f [Ka0S] Uploading resume workflows execution files to the repository...
end-workflow	Checkout code	2025-09-16T02:01:45.7422815Z [command]/usr/bin/git branch --delete --force main
end-workflow	Checkout code	2025-09-16T02:01:45.7460542Z Deleted branch main (was 614dc68f).
end-workflow	Checkout code	2025-09-16T02:01:45.7548019Z ##[endgroup]
end-workflow	Checkout code	2025-09-16T02:01:45.7549461Z [command]/usr/bin/git submodule status
end-workflow	Checkout code	2025-09-16T02:01:45.7793454Z ##[group]Cleaning the repository
end-workflow	Checkout code	2025-09-16T02:01:45.7797256Z [command]/usr/bin/git clean -ffdx
end-workflow	Checkout code	2025-09-16T02:01:45.7855518Z [command]/usr/bin/git reset --hard HEAD
end-workflow	Checkout code	2025-09-16T02:01:45.7945154Z HEAD is now at 614dc68f [Ka0S] Uploading resume workflows execution files to the repository...
end-workflow	Checkout code	2025-09-16T02:01:45.7952722Z ##[endgroup]
end-workflow	Checkout code	2025-09-16T02:01:45.7953628Z ##[group]Disabling automatic garbage collection
end-workflow	Checkout code	2025-09-16T02:01:45.7958109Z [command]/usr/bin/git config --local gc.auto 0
end-workflow	Checkout code	2025-09-16T02:01:45.7989581Z ##[endgroup]
end-workflow	Checkout code	2025-09-16T02:01:45.7990462Z ##[group]Setting up auth
end-workflow	Checkout code	2025-09-16T02:01:45.8006030Z [command]/usr/bin/git config --local --name-only --get-regexp core\.sshCommand
end-workflow	Checkout code	2025-09-16T02:01:45.8040055Z [command]/usr/bin/git submodule foreach --recursive sh -c "git config --local --name-only --get-regexp 'core\.sshCommand' && git config --local --unset-all 'core.sshCommand' || :"
end-workflow	Checkout code	2025-09-16T02:01:45.8289320Z [command]/usr/bin/git config --local --name-only --get-regexp http\.https\:\/\/github\.com\/\.extraheader
end-workflow	Checkout code	2025-09-16T02:01:45.8319460Z [command]/usr/bin/git submodule foreach --recursive sh -c "git config --local --name-only --get-regexp 'http\.https\:\/\/github\.com\/\.extraheader' && git config --local --unset-all 'http.https://github.com/.extraheader' || :"
end-workflow	Checkout code	2025-09-16T02:01:45.8571569Z [command]/usr/bin/git config --local http.https://github.com/.extraheader AUTHORIZATION: basic ***
end-workflow	Checkout code	2025-09-16T02:01:45.8616585Z ##[endgroup]
end-workflow	Checkout code	2025-09-16T02:01:45.8617576Z ##[group]Fetching the repository
end-workflow	Checkout code	2025-09-16T02:01:45.8625069Z [command]/usr/bin/git -c protocol.version=2 fetch --prune --no-recurse-submodules origin +refs/heads/*:refs/remotes/origin/* +refs/tags/*:refs/tags/*
end-workflow	Checkout code	2025-09-16T02:01:46.4102988Z [command]/usr/bin/git branch --list --remote origin/main
end-workflow	Checkout code	2025-09-16T02:01:46.4136627Z   origin/main
end-workflow	Checkout code	2025-09-16T02:01:46.4144148Z [command]/usr/bin/git rev-parse refs/remotes/origin/main
end-workflow	Checkout code	2025-09-16T02:01:46.4166952Z 614dc68f0a5918347adbbeef62d7c09190aa37ba
end-workflow	Checkout code	2025-09-16T02:01:46.4177307Z [command]/usr/bin/git -c protocol.version=2 fetch --no-tags --prune --no-recurse-submodules origin +975536cfa66f04a218e318e4425475dd22dc9052:refs/remotes/origin/main
end-workflow	Checkout code	2025-09-16T02:01:46.4368869Z From https://github.com/Ka0s-Klaus/ka0s
end-workflow	Checkout code	2025-09-16T02:01:46.4369930Z  + 614dc68f...975536cf 975536cfa66f04a218e318e4425475dd22dc9052 -> origin/main  (forced update)
end-workflow	Checkout code	2025-09-16T02:01:46.4392026Z ##[endgroup]
end-workflow	Checkout code	2025-09-16T02:01:46.4392801Z ##[group]Determining the checkout info
end-workflow	Checkout code	2025-09-16T02:01:46.4393632Z ##[endgroup]
end-workflow	Checkout code	2025-09-16T02:01:46.4398296Z [command]/usr/bin/git sparse-checkout disable
end-workflow	Checkout code	2025-09-16T02:01:46.4447809Z [command]/usr/bin/git config --local --unset-all extensions.worktreeConfig
end-workflow	Checkout code	2025-09-16T02:01:46.4480603Z ##[group]Checking out the ref
end-workflow	Checkout code	2025-09-16T02:01:46.4482993Z [command]/usr/bin/git checkout --progress --force -B main refs/remotes/origin/main
end-workflow	Checkout code	2025-09-16T02:01:46.4692782Z Warning: you are leaving 2 commits behind, not connected to
end-workflow	Checkout code	2025-09-16T02:01:46.4693636Z any of your branches:
end-workflow	Checkout code	2025-09-16T02:01:46.4693923Z 
end-workflow	Checkout code	2025-09-16T02:01:46.4694428Z   614dc68f [Ka0S] Uploading resume workflows execution files to the repository...
end-workflow	Checkout code	2025-09-16T02:01:46.4695366Z   29f3e035 Ka0S] Uploading files to MongoDB update repository ...
end-workflow	Checkout code	2025-09-16T02:01:46.4695865Z 
end-workflow	Checkout code	2025-09-16T02:01:46.4696211Z If you want to keep them by creating a new branch, this may be a good time
end-workflow	Checkout code	2025-09-16T02:01:46.4696900Z to do so with:
end-workflow	Checkout code	2025-09-16T02:01:46.4697131Z 
end-workflow	Checkout code	2025-09-16T02:01:46.4697367Z  git branch <new-branch-name> 614dc68f
end-workflow	Checkout code	2025-09-16T02:01:46.4697721Z 
end-workflow	Checkout code	2025-09-16T02:01:46.4701600Z Switched to a new branch 'main'
end-workflow	Checkout code	2025-09-16T02:01:46.4702231Z branch 'main' set up to track 'origin/main'.
end-workflow	Checkout code	2025-09-16T02:01:46.4709745Z ##[endgroup]
end-workflow	Checkout code	2025-09-16T02:01:46.4756524Z [command]/usr/bin/git log -1 --format=%H
end-workflow	Checkout code	2025-09-16T02:01:46.4788799Z 975536cfa66f04a218e318e4425475dd22dc9052
end-workflow	Finaliza el workflow	ï»¿2025-09-16T02:01:46.5013975Z ##[group]Run echo "End process"
end-workflow	Finaliza el workflow	2025-09-16T02:01:46.5014652Z [36;1mecho "End process"[0m
end-workflow	Finaliza el workflow	2025-09-16T02:01:46.5015269Z [36;1m# RNNUMBER=$(echo "refs/heads/main" | grep -o '[0-9]*')[0m
end-workflow	Finaliza el workflow	2025-09-16T02:01:46.5016092Z [36;1m# gh issue comment $RNNUMBER --body "Se finaliza Ka0s 17751868516"[0m
end-workflow	Finaliza el workflow	2025-09-16T02:01:46.5017055Z [36;1mecho "Se finaliza Ka0s 17751868516"[0m
end-workflow	Finaliza el workflow	2025-09-16T02:01:46.5017963Z [36;1mgh workflow run inspector.yml --ref 'main' -f kaos-workflow-id="17751868516" -f kaos-user-start=""[0m
end-workflow	Finaliza el workflow	2025-09-16T02:01:46.5028017Z shell: /usr/bin/bash -e {0}
end-workflow	Finaliza el workflow	2025-09-16T02:01:46.5028520Z env:
end-workflow	Finaliza el workflow	2025-09-16T02:01:46.5028894Z   KAOS_CODE: 17751868516
end-workflow	Finaliza el workflow	2025-09-16T02:01:46.5029341Z   KAOS_EVENT_NAME: schedule
end-workflow	Finaliza el workflow	2025-09-16T02:01:46.5029789Z   KAOS_ACTION: 
end-workflow	Finaliza el workflow	2025-09-16T02:01:46.5030186Z   KAOS_REF: refs/heads/main
end-workflow	Finaliza el workflow	2025-09-16T02:01:46.5030699Z   KAOS_MODULE: [Ka0S] Workflow Statistics Summary
end-workflow	Finaliza el workflow	2025-09-16T02:01:46.5031342Z   KAOS_PATH_RESUME: audit/workflows/
end-workflow	Finaliza el workflow	2025-09-16T02:01:46.5031856Z   KAOS_ACTOR: santakloud
end-workflow	Finaliza el workflow	2025-09-16T02:01:46.5032353Z   GH_REPO: Ka0s-Klaus/ka0s
end-workflow	Finaliza el workflow	2025-09-16T02:01:46.5033047Z   GH_TOKEN: ***
end-workflow	Finaliza el workflow	2025-09-16T02:01:46.5033444Z ##[endgroup]
end-workflow	Finaliza el workflow	2025-09-16T02:01:46.5084188Z End process
end-workflow	Finaliza el workflow	2025-09-16T02:01:46.5084683Z Se finaliza Ka0s 17751868516
end-workflow	Post Checkout code	ï»¿2025-09-16T02:01:47.2334082Z Post job cleanup.
end-workflow	Post Checkout code	2025-09-16T02:01:47.3372426Z [command]/usr/bin/git version
end-workflow	Post Checkout code	2025-09-16T02:01:47.3413341Z git version 2.43.0
end-workflow	Post Checkout code	2025-09-16T02:01:47.3453061Z Copying '/home/kaos/.gitconfig' to '/actions-runner/_work/_temp/9b4759a6-f921-477e-9f1c-4dabc29e5ebd/.gitconfig'
end-workflow	Post Checkout code	2025-09-16T02:01:47.3465627Z Temporarily overriding HOME='/actions-runner/_work/_temp/9b4759a6-f921-477e-9f1c-4dabc29e5ebd' before making global git config changes
end-workflow	Post Checkout code	2025-09-16T02:01:47.3470671Z Adding repository directory to the temporary git global config as a safe directory
end-workflow	Post Checkout code	2025-09-16T02:01:47.3473508Z [command]/usr/bin/git config --global --add safe.directory /actions-runner/_work/ka0s/ka0s
end-workflow	Post Checkout code	2025-09-16T02:01:47.3512050Z [command]/usr/bin/git config --local --name-only --get-regexp core\.sshCommand
end-workflow	Post Checkout code	2025-09-16T02:01:47.3550269Z [command]/usr/bin/git submodule foreach --recursive sh -c "git config --local --name-only --get-regexp 'core\.sshCommand' && git config --local --unset-all 'core.sshCommand' || :"
end-workflow	Post Checkout code	2025-09-16T02:01:47.3807528Z [command]/usr/bin/git config --local --name-only --get-regexp http\.https\:\/\/github\.com\/\.extraheader
end-workflow	Post Checkout code	2025-09-16T02:01:47.3830708Z http.https://github.com/.extraheader
end-workflow	Post Checkout code	2025-09-16T02:01:47.3842967Z [command]/usr/bin/git config --local --unset-all http.https://github.com/.extraheader
end-workflow	Post Checkout code	2025-09-16T02:01:47.3881972Z [command]/usr/bin/git submodule foreach --recursive sh -c "git config --local --name-only --get-regexp 'http\.https\:\/\/github\.com\/\.extraheader' && git config --local --unset-all 'http.https://github.com/.extraheader' || :"
end-workflow	Complete job	ï»¿2025-09-16T02:01:47.4333692Z Cleaning up orphan processes
