job-core	Set up job	ï»¿2025-09-22T14:40:46.8998393Z Current runner version: '2.328.0'
job-core	Set up job	2025-09-22T14:40:46.9006339Z Runner name: '5b9834b1d508'
job-core	Set up job	2025-09-22T14:40:46.9007247Z Runner group name: 'swarm-runners'
job-core	Set up job	2025-09-22T14:40:46.9008310Z Machine name: '5b9834b1d508'
job-core	Set up job	2025-09-22T14:40:46.9011980Z ##[group]GITHUB_TOKEN Permissions
job-core	Set up job	2025-09-22T14:40:46.9014561Z Actions: write
job-core	Set up job	2025-09-22T14:40:46.9015429Z Contents: write
job-core	Set up job	2025-09-22T14:40:46.9016202Z Issues: write
job-core	Set up job	2025-09-22T14:40:46.9016724Z Metadata: read
job-core	Set up job	2025-09-22T14:40:46.9017276Z PullRequests: write
job-core	Set up job	2025-09-22T14:40:46.9017916Z ##[endgroup]
job-core	Set up job	2025-09-22T14:40:46.9020248Z Secret source: Actions
job-core	Set up job	2025-09-22T14:40:46.9021154Z Prepare workflow directory
job-core	Set up job	2025-09-22T14:40:46.9557814Z Prepare all required actions
job-core	Set up job	2025-09-22T14:40:46.9597039Z Getting action download info
job-core	Set up job	2025-09-22T14:40:47.5868491Z Download action repository 'actions/checkout@v4' (SHA:08eba0b27e820071cde6df949e0beb9ba4906955)
job-core	Set up job	2025-09-22T14:40:48.4353441Z Download action repository 'actions/setup-python@v5' (SHA:a26af69be951a213d495a4c3e4e4022e16d87065)
job-core	Set up job	2025-09-22T14:40:49.4666120Z Complete job name: job-core
job-core	Checkout code	ï»¿2025-09-22T14:40:49.5322423Z ##[group]Run actions/checkout@v4
job-core	Checkout code	2025-09-22T14:40:49.5323840Z with:
job-core	Checkout code	2025-09-22T14:40:49.5324641Z   fetch-depth: 0
job-core	Checkout code	2025-09-22T14:40:49.5326212Z   token: ***
job-core	Checkout code	2025-09-22T14:40:49.5327047Z   repository: Ka0s-Klaus/ka0s
job-core	Checkout code	2025-09-22T14:40:49.5328004Z   ssh-strict: true
job-core	Checkout code	2025-09-22T14:40:49.5328807Z   ssh-user: git
job-core	Checkout code	2025-09-22T14:40:49.5329639Z   persist-credentials: true
job-core	Checkout code	2025-09-22T14:40:49.5330550Z   clean: true
job-core	Checkout code	2025-09-22T14:40:49.5331437Z   sparse-checkout-cone-mode: true
job-core	Checkout code	2025-09-22T14:40:49.5332435Z   fetch-tags: false
job-core	Checkout code	2025-09-22T14:40:49.5333269Z   show-progress: true
job-core	Checkout code	2025-09-22T14:40:49.5334104Z   lfs: false
job-core	Checkout code	2025-09-22T14:40:49.5334871Z   submodules: false
job-core	Checkout code	2025-09-22T14:40:49.5336329Z   set-safe-directory: true
job-core	Checkout code	2025-09-22T14:40:49.5337509Z env:
job-core	Checkout code	2025-09-22T14:40:49.5338292Z   KAOS_MODULE: [Ka0S] YAMLLINT
job-core	Checkout code	2025-09-22T14:40:49.5339510Z   GH_TOKEN: ***
job-core	Checkout code	2025-09-22T14:40:49.5340431Z   KAOS_YAMLLINT_CONFIG: core/config/.yamllint.json
job-core	Checkout code	2025-09-22T14:40:49.5341662Z   KAOS_PATH_RESUME: audit/yamllint/
job-core	Checkout code	2025-09-22T14:40:49.5342800Z   KAOS_REPO: /actions-runner/_work/kaos/kaos
job-core	Checkout code	2025-09-22T14:40:49.5343898Z   KAOS_STEP_MODULE: 
job-core	Checkout code	2025-09-22T14:40:49.5344746Z   KAOS_CODE: 17918899001
job-core	Checkout code	2025-09-22T14:40:49.5345920Z ##[endgroup]
job-core	Checkout code	2025-09-22T14:40:49.6577867Z Syncing repository: Ka0s-Klaus/ka0s
job-core	Checkout code	2025-09-22T14:40:49.6580624Z ##[group]Getting Git version info
job-core	Checkout code	2025-09-22T14:40:49.6581851Z Working directory is '/home/runner/_work/ka0s/ka0s'
job-core	Checkout code	2025-09-22T14:40:49.6583629Z [command]/usr/bin/git version
job-core	Checkout code	2025-09-22T14:40:49.6584597Z git version 2.51.0
job-core	Checkout code	2025-09-22T14:40:49.6598595Z ##[endgroup]
job-core	Checkout code	2025-09-22T14:40:49.6616121Z Temporarily overriding HOME='/home/runner/_work/_temp/efabdc05-edb5-4579-b1dd-0d9802dd0475' before making global git config changes
job-core	Checkout code	2025-09-22T14:40:49.6619073Z Adding repository directory to the temporary git global config as a safe directory
job-core	Checkout code	2025-09-22T14:40:49.6621926Z [command]/usr/bin/git config --global --add safe.directory /home/runner/_work/ka0s/ka0s
job-core	Checkout code	2025-09-22T14:40:49.6658840Z Deleting the contents of '/home/runner/_work/ka0s/ka0s'
job-core	Checkout code	2025-09-22T14:40:49.6663340Z ##[group]Initializing the repository
job-core	Checkout code	2025-09-22T14:40:49.6666805Z [command]/usr/bin/git init /home/runner/_work/ka0s/ka0s
job-core	Checkout code	2025-09-22T14:40:49.6711894Z hint: Using 'master' as the name for the initial branch. This default branch name
job-core	Checkout code	2025-09-22T14:40:49.6714121Z hint: is subject to change. To configure the initial branch name to use in all
job-core	Checkout code	2025-09-22T14:40:49.6716080Z hint: of your new repositories, which will suppress this warning, call:
job-core	Checkout code	2025-09-22T14:40:49.6717511Z hint:
job-core	Checkout code	2025-09-22T14:40:49.6718505Z hint: 	git config --global init.defaultBranch <name>
job-core	Checkout code	2025-09-22T14:40:49.6719707Z hint:
job-core	Checkout code	2025-09-22T14:40:49.6720844Z hint: Names commonly chosen instead of 'master' are 'main', 'trunk' and
job-core	Checkout code	2025-09-22T14:40:49.6722738Z hint: 'development'. The just-created branch can be renamed via this command:
job-core	Checkout code	2025-09-22T14:40:49.6724255Z hint:
job-core	Checkout code	2025-09-22T14:40:49.6725061Z hint: 	git branch -m <name>
job-core	Checkout code	2025-09-22T14:40:49.6726560Z hint:
job-core	Checkout code	2025-09-22T14:40:49.6727819Z hint: Disable this message with "git config set advice.defaultBranchName false"
job-core	Checkout code	2025-09-22T14:40:49.6729847Z Initialized empty Git repository in /home/runner/_work/ka0s/ka0s/.git/
job-core	Checkout code	2025-09-22T14:40:49.6733133Z [command]/usr/bin/git remote add origin https://github.com/Ka0s-Klaus/ka0s
job-core	Checkout code	2025-09-22T14:40:49.6760935Z ##[endgroup]
job-core	Checkout code	2025-09-22T14:40:49.6762510Z ##[group]Disabling automatic garbage collection
job-core	Checkout code	2025-09-22T14:40:49.6763883Z [command]/usr/bin/git config --local gc.auto 0
job-core	Checkout code	2025-09-22T14:40:49.6797994Z ##[endgroup]
job-core	Checkout code	2025-09-22T14:40:49.6799487Z ##[group]Setting up auth
job-core	Checkout code	2025-09-22T14:40:49.6802888Z [command]/usr/bin/git config --local --name-only --get-regexp core\.sshCommand
job-core	Checkout code	2025-09-22T14:40:49.6837081Z [command]/usr/bin/git submodule foreach --recursive sh -c "git config --local --name-only --get-regexp 'core\.sshCommand' && git config --local --unset-all 'core.sshCommand' || :"
job-core	Checkout code	2025-09-22T14:40:49.7084103Z [command]/usr/bin/git config --local --name-only --get-regexp http\.https\:\/\/github\.com\/\.extraheader
job-core	Checkout code	2025-09-22T14:40:49.7116898Z [command]/usr/bin/git submodule foreach --recursive sh -c "git config --local --name-only --get-regexp 'http\.https\:\/\/github\.com\/\.extraheader' && git config --local --unset-all 'http.https://github.com/.extraheader' || :"
job-core	Checkout code	2025-09-22T14:40:49.7366860Z [command]/usr/bin/git config --local http.https://github.com/.extraheader AUTHORIZATION: basic ***
job-core	Checkout code	2025-09-22T14:40:49.7409116Z ##[endgroup]
job-core	Checkout code	2025-09-22T14:40:49.7410673Z ##[group]Fetching the repository
job-core	Checkout code	2025-09-22T14:40:49.7417401Z [command]/usr/bin/git -c protocol.version=2 fetch --prune --no-recurse-submodules origin +refs/heads/*:refs/remotes/origin/* +refs/tags/*:refs/tags/*
job-core	Checkout code	2025-09-22T14:41:00.0198334Z From https://github.com/Ka0s-Klaus/ka0s
job-core	Checkout code	2025-09-22T14:41:00.0199689Z  * [new branch]        F1149-desarrollo-de-orchestrator -> origin/F1149-desarrollo-de-orchestrator
job-core	Checkout code	2025-09-22T14:41:00.0201132Z  * [new branch]        F1183-personalizaciÃ³n-mÃ³dulo-finops -> origin/F1183-personalizaciÃ³n-mÃ³dulo-finops
job-core	Checkout code	2025-09-22T14:41:00.0202266Z  * [new branch]        F1224-new-module-mongodb -> origin/F1224-new-module-mongodb
job-core	Checkout code	2025-09-22T14:41:00.0209404Z  * [new branch]        F220-web-de-resultados  -> origin/F220-web-de-resultados
job-core	Checkout code	2025-09-22T14:41:00.0210324Z  * [new branch]        F227-despliegue-de-kube-independiente-del-clouder -> origin/F227-despliegue-de-kube-independiente-del-clouder
job-core	Checkout code	2025-09-22T14:41:00.0211296Z  * [new branch]        F329-documentacion-metodologia-de-kaos -> origin/F329-documentacion-metodologia-de-kaos
job-core	Checkout code	2025-09-22T14:41:00.0212242Z  * [new branch]        F44-creaciÃ³n-mÃ³dulo-versionado -> origin/F44-creaciÃ³n-mÃ³dulo-versionado
job-core	Checkout code	2025-09-22T14:41:00.0213014Z  * [new branch]        H1128-mÃ³dulo-de-observabilidad -> origin/H1128-mÃ³dulo-de-observabilidad
job-core	Checkout code	2025-09-22T14:41:00.0213715Z  * [new branch]        H1139-como-instalar-arc-control -> origin/H1139-como-instalar-arc-control
job-core	Checkout code	2025-09-22T14:41:00.0214440Z  * [new branch]        H1149-desarrollo-de-orchestrator -> origin/H1149-desarrollo-de-orchestrator
job-core	Checkout code	2025-09-22T14:41:00.0215314Z  * [new branch]        H1150-desarrollo-de-secciones -> origin/H1150-desarrollo-de-secciones
job-core	Checkout code	2025-09-22T14:41:00.0216104Z  * [new branch]        H1151-desarrollo-de-secciones-ii -> origin/H1151-desarrollo-de-secciones-ii
job-core	Checkout code	2025-09-22T14:41:00.0216797Z  * [new branch]        H1152-desarrollo-inicio -> origin/H1152-desarrollo-inicio
job-core	Checkout code	2025-09-22T14:41:00.0217621Z  * [new branch]        H1183-personalizaciÃ³n-mÃ³dulo-finops -> origin/H1183-personalizaciÃ³n-mÃ³dulo-finops
job-core	Checkout code	2025-09-22T14:41:00.0218434Z  * [new branch]        H1193-ejemplo-web-documentacion -> origin/H1193-ejemplo-web-documentacion
job-core	Checkout code	2025-09-22T14:41:00.0219141Z  * [new branch]        H1205-web-creation      -> origin/H1205-web-creation
job-core	Checkout code	2025-09-22T14:41:00.0221877Z  * [new branch]        H1224-new-module-mongodb -> origin/H1224-new-module-mongodb
job-core	Checkout code	2025-09-22T14:41:00.0222475Z  * [new branch]        H1410-modulo-execution  -> origin/H1410-modulo-execution
job-core	Checkout code	2025-09-22T14:41:00.0223461Z  * [new branch]        H1514-new-swarm-deployment-stack-with-actions-runners-autoscale -> origin/H1514-new-swarm-deployment-stack-with-actions-runners-autoscale
job-core	Checkout code	2025-09-22T14:41:00.0224975Z  * [new branch]        H215-modulo-de-summary  -> origin/H215-modulo-de-summary
job-core	Checkout code	2025-09-22T14:41:00.0225699Z  * [new branch]        H220-web-de-resultados  -> origin/H220-web-de-resultados
job-core	Checkout code	2025-09-22T14:41:00.0226537Z  * [new branch]        H227-despliegue-de-kube-independiente-del-clouder -> origin/H227-despliegue-de-kube-independiente-del-clouder
job-core	Checkout code	2025-09-22T14:41:00.0227410Z  * [new branch]        H306-ficheros-de-estadisticas -> origin/H306-ficheros-de-estadisticas
job-core	Checkout code	2025-09-22T14:41:00.0228244Z  * [new branch]        H328-documentacion-modulo-principal-de-kaos -> origin/H328-documentacion-modulo-principal-de-kaos
job-core	Checkout code	2025-09-22T14:41:00.0229134Z  * [new branch]        H329-documentacion-metodologia-de-kaos -> origin/H329-documentacion-metodologia-de-kaos
job-core	Checkout code	2025-09-22T14:41:00.0230016Z  * [new branch]        H338-relanzador-de-jobs-en-caso-de-pattern -> origin/H338-relanzador-de-jobs-en-caso-de-pattern
job-core	Checkout code	2025-09-22T14:41:00.0231116Z  * [new branch]        H38-documentacion-basica-del-proyecto -> origin/H38-documentacion-basica-del-proyecto
job-core	Checkout code	2025-09-22T14:41:00.0232188Z  * [new branch]        H44-creaciÃ³n-mÃ³dulo-versionado -> origin/H44-creaciÃ³n-mÃ³dulo-versionado
job-core	Checkout code	2025-09-22T14:41:00.0232983Z  * [new branch]        RN1149-desarrollo-de-orchestrator -> origin/RN1149-desarrollo-de-orchestrator
job-core	Checkout code	2025-09-22T14:41:00.0233853Z  * [new branch]        RN1183-personalizaciÃ³n-mÃ³dulo-finops -> origin/RN1183-personalizaciÃ³n-mÃ³dulo-finops
job-core	Checkout code	2025-09-22T14:41:00.0235025Z  * [new branch]        RN1282-ka0s-error-detected-in-ka0s-workflow-statistics-summary -> origin/RN1282-ka0s-error-detected-in-ka0s-workflow-statistics-summary
job-core	Checkout code	2025-09-22T14:41:00.0236018Z  * [new branch]        RN220-web-de-resultados -> origin/RN220-web-de-resultados
job-core	Checkout code	2025-09-22T14:41:00.0236851Z  * [new branch]        RN227-despliegue-de-kube-independiente-del-clouder -> origin/RN227-despliegue-de-kube-independiente-del-clouder
job-core	Checkout code	2025-09-22T14:41:00.0237826Z  * [new branch]        RN329-documentacion-metodologia-de-kaos -> origin/RN329-documentacion-metodologia-de-kaos
job-core	Checkout code	2025-09-22T14:41:00.0238481Z  * [new branch]        main                    -> origin/main
job-core	Checkout code	2025-09-22T14:41:00.0239018Z  * [new tag]           0.0.0                   -> 0.0.0
job-core	Checkout code	2025-09-22T14:41:00.0239398Z  * [new tag]           0.0.1                   -> 0.0.1
job-core	Checkout code	2025-09-22T14:41:00.0239778Z  * [new tag]           0.0.10                  -> 0.0.10
job-core	Checkout code	2025-09-22T14:41:00.0240163Z  * [new tag]           0.0.100                 -> 0.0.100
job-core	Checkout code	2025-09-22T14:41:00.0240546Z  * [new tag]           0.0.101                 -> 0.0.101
job-core	Checkout code	2025-09-22T14:41:00.0240929Z  * [new tag]           0.0.102                 -> 0.0.102
job-core	Checkout code	2025-09-22T14:41:00.0241309Z  * [new tag]           0.0.103                 -> 0.0.103
job-core	Checkout code	2025-09-22T14:41:00.0241691Z  * [new tag]           0.0.104                 -> 0.0.104
job-core	Checkout code	2025-09-22T14:41:00.0242232Z  * [new tag]           0.0.105                 -> 0.0.105
job-core	Checkout code	2025-09-22T14:41:00.0242902Z  * [new tag]           0.0.106                 -> 0.0.106
job-core	Checkout code	2025-09-22T14:41:00.0243423Z  * [new tag]           0.0.107                 -> 0.0.107
job-core	Checkout code	2025-09-22T14:41:00.0243945Z  * [new tag]           0.0.108                 -> 0.0.108
job-core	Checkout code	2025-09-22T14:41:00.0244347Z  * [new tag]           0.0.109                 -> 0.0.109
job-core	Checkout code	2025-09-22T14:41:00.0244732Z  * [new tag]           0.0.11                  -> 0.0.11
job-core	Checkout code	2025-09-22T14:41:00.0245168Z  * [new tag]           0.0.110                 -> 0.0.110
job-core	Checkout code	2025-09-22T14:41:00.0245566Z  * [new tag]           0.0.111                 -> 0.0.111
job-core	Checkout code	2025-09-22T14:41:00.0245964Z  * [new tag]           0.0.112                 -> 0.0.112
job-core	Checkout code	2025-09-22T14:41:00.0246374Z  * [new tag]           0.0.113                 -> 0.0.113
job-core	Checkout code	2025-09-22T14:41:00.0246775Z  * [new tag]           0.0.114                 -> 0.0.114
job-core	Checkout code	2025-09-22T14:41:00.0247173Z  * [new tag]           0.0.115                 -> 0.0.115
job-core	Checkout code	2025-09-22T14:41:00.0247572Z  * [new tag]           0.0.116                 -> 0.0.116
job-core	Checkout code	2025-09-22T14:41:00.0248148Z  * [new tag]           0.0.117                 -> 0.0.117
job-core	Checkout code	2025-09-22T14:41:00.0248565Z  * [new tag]           0.0.118                 -> 0.0.118
job-core	Checkout code	2025-09-22T14:41:00.0248960Z  * [new tag]           0.0.119                 -> 0.0.119
job-core	Checkout code	2025-09-22T14:41:00.0249358Z  * [new tag]           0.0.12                  -> 0.0.12
job-core	Checkout code	2025-09-22T14:41:00.0249761Z  * [new tag]           0.0.120                 -> 0.0.120
job-core	Checkout code	2025-09-22T14:41:00.0250156Z  * [new tag]           0.0.121                 -> 0.0.121
job-core	Checkout code	2025-09-22T14:41:00.0250557Z  * [new tag]           0.0.122                 -> 0.0.122
job-core	Checkout code	2025-09-22T14:41:00.0250963Z  * [new tag]           0.0.123                 -> 0.0.123
job-core	Checkout code	2025-09-22T14:41:00.0251386Z  * [new tag]           0.0.124                 -> 0.0.124
job-core	Checkout code	2025-09-22T14:41:00.0251873Z  * [new tag]           0.0.125                 -> 0.0.125
job-core	Checkout code	2025-09-22T14:41:00.0252280Z  * [new tag]           0.0.126                 -> 0.0.126
job-core	Checkout code	2025-09-22T14:41:00.0252685Z  * [new tag]           0.0.127                 -> 0.0.127
job-core	Checkout code	2025-09-22T14:41:00.0253095Z  * [new tag]           0.0.128                 -> 0.0.128
job-core	Checkout code	2025-09-22T14:41:00.0253639Z  * [new tag]           0.0.129                 -> 0.0.129
job-core	Checkout code	2025-09-22T14:41:00.0254039Z  * [new tag]           0.0.13                  -> 0.0.13
job-core	Checkout code	2025-09-22T14:41:00.0254638Z  * [new tag]           0.0.130                 -> 0.0.130
job-core	Checkout code	2025-09-22T14:41:00.0255043Z  * [new tag]           0.0.131                 -> 0.0.131
job-core	Checkout code	2025-09-22T14:41:00.0255613Z  * [new tag]           0.0.132                 -> 0.0.132
job-core	Checkout code	2025-09-22T14:41:00.0256007Z  * [new tag]           0.0.133                 -> 0.0.133
job-core	Checkout code	2025-09-22T14:41:00.0256401Z  * [new tag]           0.0.134                 -> 0.0.134
job-core	Checkout code	2025-09-22T14:41:00.0256946Z  * [new tag]           0.0.135                 -> 0.0.135
job-core	Checkout code	2025-09-22T14:41:00.0257617Z  * [new tag]           0.0.136                 -> 0.0.136
job-core	Checkout code	2025-09-22T14:41:00.0258026Z  * [new tag]           0.0.137                 -> 0.0.137
job-core	Checkout code	2025-09-22T14:41:00.0258460Z  * [new tag]           0.0.138                 -> 0.0.138
job-core	Checkout code	2025-09-22T14:41:00.0258870Z  * [new tag]           0.0.139                 -> 0.0.139
job-core	Checkout code	2025-09-22T14:41:00.0259287Z  * [new tag]           0.0.14                  -> 0.0.14
job-core	Checkout code	2025-09-22T14:41:00.0259686Z  * [new tag]           0.0.140                 -> 0.0.140
job-core	Checkout code	2025-09-22T14:41:00.0260092Z  * [new tag]           0.0.141                 -> 0.0.141
job-core	Checkout code	2025-09-22T14:41:00.0260501Z  * [new tag]           0.0.142                 -> 0.0.142
job-core	Checkout code	2025-09-22T14:41:00.0261030Z  * [new tag]           0.0.143                 -> 0.0.143
job-core	Checkout code	2025-09-22T14:41:00.0261427Z  * [new tag]           0.0.144                 -> 0.0.144
job-core	Checkout code	2025-09-22T14:41:00.0261814Z  * [new tag]           0.0.145                 -> 0.0.145
job-core	Checkout code	2025-09-22T14:41:00.0262208Z  * [new tag]           0.0.146                 -> 0.0.146
job-core	Checkout code	2025-09-22T14:41:00.0262602Z  * [new tag]           0.0.147                 -> 0.0.147
job-core	Checkout code	2025-09-22T14:41:00.0263004Z  * [new tag]           0.0.148                 -> 0.0.148
job-core	Checkout code	2025-09-22T14:41:00.0263527Z  * [new tag]           0.0.149                 -> 0.0.149
job-core	Checkout code	2025-09-22T14:41:00.0263916Z  * [new tag]           0.0.15                  -> 0.0.15
job-core	Checkout code	2025-09-22T14:41:00.0264297Z  * [new tag]           0.0.150                 -> 0.0.150
job-core	Checkout code	2025-09-22T14:41:00.0264679Z  * [new tag]           0.0.151                 -> 0.0.151
job-core	Checkout code	2025-09-22T14:41:00.0265057Z  * [new tag]           0.0.152                 -> 0.0.152
job-core	Checkout code	2025-09-22T14:41:00.0265972Z  * [new tag]           0.0.153                 -> 0.0.153
job-core	Checkout code	2025-09-22T14:41:00.0266477Z  * [new tag]           0.0.154                 -> 0.0.154
job-core	Checkout code	2025-09-22T14:41:00.0266862Z  * [new tag]           0.0.155                 -> 0.0.155
job-core	Checkout code	2025-09-22T14:41:00.0267243Z  * [new tag]           0.0.156                 -> 0.0.156
job-core	Checkout code	2025-09-22T14:41:00.0267621Z  * [new tag]           0.0.157                 -> 0.0.157
job-core	Checkout code	2025-09-22T14:41:00.0268003Z  * [new tag]           0.0.158                 -> 0.0.158
job-core	Checkout code	2025-09-22T14:41:00.0268382Z  * [new tag]           0.0.159                 -> 0.0.159
job-core	Checkout code	2025-09-22T14:41:00.0268928Z  * [new tag]           0.0.16                  -> 0.0.16
job-core	Checkout code	2025-09-22T14:41:00.0269317Z  * [new tag]           0.0.160                 -> 0.0.160
job-core	Checkout code	2025-09-22T14:41:00.0269703Z  * [new tag]           0.0.161                 -> 0.0.161
job-core	Checkout code	2025-09-22T14:41:00.0270080Z  * [new tag]           0.0.162                 -> 0.0.162
job-core	Checkout code	2025-09-22T14:41:00.0270461Z  * [new tag]           0.0.163                 -> 0.0.163
job-core	Checkout code	2025-09-22T14:41:00.0270843Z  * [new tag]           0.0.164                 -> 0.0.164
job-core	Checkout code	2025-09-22T14:41:00.0271221Z  * [new tag]           0.0.165                 -> 0.0.165
job-core	Checkout code	2025-09-22T14:41:00.0271598Z  * [new tag]           0.0.166                 -> 0.0.166
job-core	Checkout code	2025-09-22T14:41:00.0271976Z  * [new tag]           0.0.167                 -> 0.0.167
job-core	Checkout code	2025-09-22T14:41:00.0272361Z  * [new tag]           0.0.168                 -> 0.0.168
job-core	Checkout code	2025-09-22T14:41:00.0272735Z  * [new tag]           0.0.169                 -> 0.0.169
job-core	Checkout code	2025-09-22T14:41:00.0273117Z  * [new tag]           0.0.17                  -> 0.0.17
job-core	Checkout code	2025-09-22T14:41:00.0273505Z  * [new tag]           0.0.170                 -> 0.0.170
job-core	Checkout code	2025-09-22T14:41:00.0274043Z  * [new tag]           0.0.171                 -> 0.0.171
job-core	Checkout code	2025-09-22T14:41:00.0274431Z  * [new tag]           0.0.172                 -> 0.0.172
job-core	Checkout code	2025-09-22T14:41:00.0274811Z  * [new tag]           0.0.173                 -> 0.0.173
job-core	Checkout code	2025-09-22T14:41:00.0275249Z  * [new tag]           0.0.174                 -> 0.0.174
job-core	Checkout code	2025-09-22T14:41:00.0276056Z  * [new tag]           0.0.175                 -> 0.0.175
job-core	Checkout code	2025-09-22T14:41:00.0276450Z  * [new tag]           0.0.176                 -> 0.0.176
job-core	Checkout code	2025-09-22T14:41:00.0276953Z  * [new tag]           0.0.177                 -> 0.0.177
job-core	Checkout code	2025-09-22T14:41:00.0277337Z  * [new tag]           0.0.178                 -> 0.0.178
job-core	Checkout code	2025-09-22T14:41:00.0277718Z  * [new tag]           0.0.179                 -> 0.0.179
job-core	Checkout code	2025-09-22T14:41:00.0278098Z  * [new tag]           0.0.18                  -> 0.0.18
job-core	Checkout code	2025-09-22T14:41:00.0278468Z  * [new tag]           0.0.19                  -> 0.0.19
job-core	Checkout code	2025-09-22T14:41:00.0278860Z  * [new tag]           0.0.2                   -> 0.0.2
job-core	Checkout code	2025-09-22T14:41:00.0279232Z  * [new tag]           0.0.20                  -> 0.0.20
job-core	Checkout code	2025-09-22T14:41:00.0279606Z  * [new tag]           0.0.21                  -> 0.0.21
job-core	Checkout code	2025-09-22T14:41:00.0279979Z  * [new tag]           0.0.22                  -> 0.0.22
job-core	Checkout code	2025-09-22T14:41:00.0280347Z  * [new tag]           0.0.23                  -> 0.0.23
job-core	Checkout code	2025-09-22T14:41:00.0280721Z  * [new tag]           0.0.24                  -> 0.0.24
job-core	Checkout code	2025-09-22T14:41:00.0281087Z  * [new tag]           0.0.25                  -> 0.0.25
job-core	Checkout code	2025-09-22T14:41:00.0281459Z  * [new tag]           0.0.26                  -> 0.0.26
job-core	Checkout code	2025-09-22T14:41:00.0281828Z  * [new tag]           0.0.27                  -> 0.0.27
job-core	Checkout code	2025-09-22T14:41:00.0282197Z  * [new tag]           0.0.28                  -> 0.0.28
job-core	Checkout code	2025-09-22T14:41:00.0282573Z  * [new tag]           0.0.29                  -> 0.0.29
job-core	Checkout code	2025-09-22T14:41:00.0282951Z  * [new tag]           0.0.3                   -> 0.0.3
job-core	Checkout code	2025-09-22T14:41:00.0283327Z  * [new tag]           0.0.30                  -> 0.0.30
job-core	Checkout code	2025-09-22T14:41:00.0283701Z  * [new tag]           0.0.31                  -> 0.0.31
job-core	Checkout code	2025-09-22T14:41:00.0284069Z  * [new tag]           0.0.32                  -> 0.0.32
job-core	Checkout code	2025-09-22T14:41:00.0284439Z  * [new tag]           0.0.33                  -> 0.0.33
job-core	Checkout code	2025-09-22T14:41:00.0284811Z  * [new tag]           0.0.34                  -> 0.0.34
job-core	Checkout code	2025-09-22T14:41:00.0285222Z  * [new tag]           0.0.35                  -> 0.0.35
job-core	Checkout code	2025-09-22T14:41:00.0285869Z  * [new tag]           0.0.36                  -> 0.0.36
job-core	Checkout code	2025-09-22T14:41:00.0286241Z  * [new tag]           0.0.37                  -> 0.0.37
job-core	Checkout code	2025-09-22T14:41:00.0286608Z  * [new tag]           0.0.38                  -> 0.0.38
job-core	Checkout code	2025-09-22T14:41:00.0286979Z  * [new tag]           0.0.39                  -> 0.0.39
job-core	Checkout code	2025-09-22T14:41:00.0287356Z  * [new tag]           0.0.4                   -> 0.0.4
job-core	Checkout code	2025-09-22T14:41:00.0287862Z  * [new tag]           0.0.40                  -> 0.0.40
job-core	Checkout code	2025-09-22T14:41:00.0288243Z  * [new tag]           0.0.41                  -> 0.0.41
job-core	Checkout code	2025-09-22T14:41:00.0288613Z  * [new tag]           0.0.42                  -> 0.0.42
job-core	Checkout code	2025-09-22T14:41:00.0288976Z  * [new tag]           0.0.43                  -> 0.0.43
job-core	Checkout code	2025-09-22T14:41:00.0289346Z  * [new tag]           0.0.44                  -> 0.0.44
job-core	Checkout code	2025-09-22T14:41:00.0289718Z  * [new tag]           0.0.45                  -> 0.0.45
job-core	Checkout code	2025-09-22T14:41:00.0290087Z  * [new tag]           0.0.46                  -> 0.0.46
job-core	Checkout code	2025-09-22T14:41:00.0290457Z  * [new tag]           0.0.47                  -> 0.0.47
job-core	Checkout code	2025-09-22T14:41:00.0290827Z  * [new tag]           0.0.48                  -> 0.0.48
job-core	Checkout code	2025-09-22T14:41:00.0291194Z  * [new tag]           0.0.49                  -> 0.0.49
job-core	Checkout code	2025-09-22T14:41:00.0291569Z  * [new tag]           0.0.5                   -> 0.0.5
job-core	Checkout code	2025-09-22T14:41:00.0291940Z  * [new tag]           0.0.50                  -> 0.0.50
job-core	Checkout code	2025-09-22T14:41:00.0292322Z  * [new tag]           0.0.51                  -> 0.0.51
job-core	Checkout code	2025-09-22T14:41:00.0292823Z  * [new tag]           0.0.52                  -> 0.0.52
job-core	Checkout code	2025-09-22T14:41:00.0293193Z  * [new tag]           0.0.53                  -> 0.0.53
job-core	Checkout code	2025-09-22T14:41:00.0293570Z  * [new tag]           0.0.54                  -> 0.0.54
job-core	Checkout code	2025-09-22T14:41:00.0293947Z  * [new tag]           0.0.55                  -> 0.0.55
job-core	Checkout code	2025-09-22T14:41:00.0294320Z  * [new tag]           0.0.56                  -> 0.0.56
job-core	Checkout code	2025-09-22T14:41:00.0294692Z  * [new tag]           0.0.57                  -> 0.0.57
job-core	Checkout code	2025-09-22T14:41:00.0295067Z  * [new tag]           0.0.58                  -> 0.0.58
job-core	Checkout code	2025-09-22T14:41:00.0295627Z  * [new tag]           0.0.59                  -> 0.0.59
job-core	Checkout code	2025-09-22T14:41:00.0296027Z  * [new tag]           0.0.6                   -> 0.0.6
job-core	Checkout code	2025-09-22T14:41:00.0296534Z  * [new tag]           0.0.60                  -> 0.0.60
job-core	Checkout code	2025-09-22T14:41:00.0296898Z  * [new tag]           0.0.61                  -> 0.0.61
job-core	Checkout code	2025-09-22T14:41:00.0297288Z  * [new tag]           0.0.62                  -> 0.0.62
job-core	Checkout code	2025-09-22T14:41:00.0297665Z  * [new tag]           0.0.63                  -> 0.0.63
job-core	Checkout code	2025-09-22T14:41:00.0298036Z  * [new tag]           0.0.64                  -> 0.0.64
job-core	Checkout code	2025-09-22T14:41:00.0298404Z  * [new tag]           0.0.65                  -> 0.0.65
job-core	Checkout code	2025-09-22T14:41:00.0298773Z  * [new tag]           0.0.66                  -> 0.0.66
job-core	Checkout code	2025-09-22T14:41:00.0299137Z  * [new tag]           0.0.67                  -> 0.0.67
job-core	Checkout code	2025-09-22T14:41:00.0299503Z  * [new tag]           0.0.68                  -> 0.0.68
job-core	Checkout code	2025-09-22T14:41:00.0299874Z  * [new tag]           0.0.69                  -> 0.0.69
job-core	Checkout code	2025-09-22T14:41:00.0300245Z  * [new tag]           0.0.7                   -> 0.0.7
job-core	Checkout code	2025-09-22T14:41:00.0300615Z  * [new tag]           0.0.70                  -> 0.0.70
job-core	Checkout code	2025-09-22T14:41:00.0300984Z  * [new tag]           0.0.71                  -> 0.0.71
job-core	Checkout code	2025-09-22T14:41:00.0301355Z  * [new tag]           0.0.72                  -> 0.0.72
job-core	Checkout code	2025-09-22T14:41:00.0301730Z  * [new tag]           0.0.73                  -> 0.0.73
job-core	Checkout code	2025-09-22T14:41:00.0302109Z  * [new tag]           0.0.74                  -> 0.0.74
job-core	Checkout code	2025-09-22T14:41:00.0302482Z  * [new tag]           0.0.75                  -> 0.0.75
job-core	Checkout code	2025-09-22T14:41:00.0302857Z  * [new tag]           0.0.76                  -> 0.0.76
job-core	Checkout code	2025-09-22T14:41:00.0303225Z  * [new tag]           0.0.77                  -> 0.0.77
job-core	Checkout code	2025-09-22T14:41:00.0303594Z  * [new tag]           0.0.78                  -> 0.0.78
job-core	Checkout code	2025-09-22T14:41:00.0303985Z  * [new tag]           0.0.79                  -> 0.0.79
job-core	Checkout code	2025-09-22T14:41:00.0304368Z  * [new tag]           0.0.8                   -> 0.0.8
job-core	Checkout code	2025-09-22T14:41:00.0304739Z  * [new tag]           0.0.80                  -> 0.0.80
job-core	Checkout code	2025-09-22T14:41:00.0305107Z  * [new tag]           0.0.81                  -> 0.0.81
job-core	Checkout code	2025-09-22T14:41:00.0305512Z  * [new tag]           0.0.82                  -> 0.0.82
job-core	Checkout code	2025-09-22T14:41:00.0305885Z  * [new tag]           0.0.83                  -> 0.0.83
job-core	Checkout code	2025-09-22T14:41:00.0306390Z  * [new tag]           0.0.84                  -> 0.0.84
job-core	Checkout code	2025-09-22T14:41:00.0306773Z  * [new tag]           0.0.85                  -> 0.0.85
job-core	Checkout code	2025-09-22T14:41:00.0307142Z  * [new tag]           0.0.86                  -> 0.0.86
job-core	Checkout code	2025-09-22T14:41:00.0307514Z  * [new tag]           0.0.87                  -> 0.0.87
job-core	Checkout code	2025-09-22T14:41:00.0307880Z  * [new tag]           0.0.88                  -> 0.0.88
job-core	Checkout code	2025-09-22T14:41:00.0308244Z  * [new tag]           0.0.89                  -> 0.0.89
job-core	Checkout code	2025-09-22T14:41:00.0308614Z  * [new tag]           0.0.9                   -> 0.0.9
job-core	Checkout code	2025-09-22T14:41:00.0308986Z  * [new tag]           0.0.90                  -> 0.0.90
job-core	Checkout code	2025-09-22T14:41:00.0309354Z  * [new tag]           0.0.91                  -> 0.0.91
job-core	Checkout code	2025-09-22T14:41:00.0309725Z  * [new tag]           0.0.92                  -> 0.0.92
job-core	Checkout code	2025-09-22T14:41:00.0310093Z  * [new tag]           0.0.93                  -> 0.0.93
job-core	Checkout code	2025-09-22T14:41:00.0310457Z  * [new tag]           0.0.94                  -> 0.0.94
job-core	Checkout code	2025-09-22T14:41:00.0310835Z  * [new tag]           0.0.95                  -> 0.0.95
job-core	Checkout code	2025-09-22T14:41:00.0311329Z  * [new tag]           0.0.96                  -> 0.0.96
job-core	Checkout code	2025-09-22T14:41:00.0311703Z  * [new tag]           0.0.97                  -> 0.0.97
job-core	Checkout code	2025-09-22T14:41:00.0312072Z  * [new tag]           0.0.98                  -> 0.0.98
job-core	Checkout code	2025-09-22T14:41:00.0312442Z  * [new tag]           0.0.99                  -> 0.0.99
job-core	Checkout code	2025-09-22T14:41:00.0312815Z  * [new tag]           0.1.0                   -> 0.1.0
job-core	Checkout code	2025-09-22T14:41:00.0313178Z  * [new tag]           0.1.1                   -> 0.1.1
job-core	Checkout code	2025-09-22T14:41:00.0313546Z  * [new tag]           0.2.0                   -> 0.2.0
job-core	Checkout code	2025-09-22T14:41:00.0314000Z  * [new tag]           0.3.0                   -> 0.3.0
job-core	Checkout code	2025-09-22T14:41:00.0314369Z  * [new tag]           0.3.1                   -> 0.3.1
job-core	Checkout code	2025-09-22T14:41:00.0314740Z  * [new tag]           0.3.10                  -> 0.3.10
job-core	Checkout code	2025-09-22T14:41:00.0315116Z  * [new tag]           0.3.11                  -> 0.3.11
job-core	Checkout code	2025-09-22T14:41:00.0315806Z  * [new tag]           0.3.12                  -> 0.3.12
job-core	Checkout code	2025-09-22T14:41:00.0316183Z  * [new tag]           0.3.13                  -> 0.3.13
job-core	Checkout code	2025-09-22T14:41:00.0316554Z  * [new tag]           0.3.14                  -> 0.3.14
job-core	Checkout code	2025-09-22T14:41:00.0316922Z  * [new tag]           0.3.15                  -> 0.3.15
job-core	Checkout code	2025-09-22T14:41:00.0317292Z  * [new tag]           0.3.16                  -> 0.3.16
job-core	Checkout code	2025-09-22T14:41:00.0317663Z  * [new tag]           0.3.17                  -> 0.3.17
job-core	Checkout code	2025-09-22T14:41:00.0318033Z  * [new tag]           0.3.2                   -> 0.3.2
job-core	Checkout code	2025-09-22T14:41:00.0318402Z  * [new tag]           0.3.3                   -> 0.3.3
job-core	Checkout code	2025-09-22T14:41:00.0318767Z  * [new tag]           0.3.4                   -> 0.3.4
job-core	Checkout code	2025-09-22T14:41:00.0319136Z  * [new tag]           0.3.5                   -> 0.3.5
job-core	Checkout code	2025-09-22T14:41:00.0319500Z  * [new tag]           0.3.6                   -> 0.3.6
job-core	Checkout code	2025-09-22T14:41:00.0319874Z  * [new tag]           0.3.7                   -> 0.3.7
job-core	Checkout code	2025-09-22T14:41:00.0320251Z  * [new tag]           0.3.8                   -> 0.3.8
job-core	Checkout code	2025-09-22T14:41:00.0320626Z  * [new tag]           0.3.9                   -> 0.3.9
job-core	Checkout code	2025-09-22T14:41:00.0320989Z  * [new tag]           0.4.0                   -> 0.4.0
job-core	Checkout code	2025-09-22T14:41:00.0321357Z  * [new tag]           0.4.1                   -> 0.4.1
job-core	Checkout code	2025-09-22T14:41:00.0321729Z  * [new tag]           0.4.2                   -> 0.4.2
job-core	Checkout code	2025-09-22T14:41:00.0322095Z  * [new tag]           0.4.3                   -> 0.4.3
job-core	Checkout code	2025-09-22T14:41:00.0322461Z  * [new tag]           0.4.4                   -> 0.4.4
job-core	Checkout code	2025-09-22T14:41:00.0322832Z  * [new tag]           0.4.5                   -> 0.4.5
job-core	Checkout code	2025-09-22T14:41:00.0551765Z [command]/usr/bin/git branch --list --remote origin/H1514-new-swarm-deployment-stack-with-actions-runners-autoscale
job-core	Checkout code	2025-09-22T14:41:00.0611789Z   origin/H1514-new-swarm-deployment-stack-with-actions-runners-autoscale
job-core	Checkout code	2025-09-22T14:41:00.0621808Z [command]/usr/bin/git rev-parse refs/remotes/origin/H1514-new-swarm-deployment-stack-with-actions-runners-autoscale
job-core	Checkout code	2025-09-22T14:41:00.0645902Z 4b750f22371e15385f1563b2d9e9d975393e32c1
job-core	Checkout code	2025-09-22T14:41:00.0653169Z ##[endgroup]
job-core	Checkout code	2025-09-22T14:41:00.0653653Z ##[group]Determining the checkout info
job-core	Checkout code	2025-09-22T14:41:00.0654171Z ##[endgroup]
job-core	Checkout code	2025-09-22T14:41:00.0658989Z [command]/usr/bin/git sparse-checkout disable
job-core	Checkout code	2025-09-22T14:41:00.0715536Z [command]/usr/bin/git config --local --unset-all extensions.worktreeConfig
job-core	Checkout code	2025-09-22T14:41:00.0750333Z ##[group]Checking out the ref
job-core	Checkout code	2025-09-22T14:41:00.0755543Z [command]/usr/bin/git checkout --progress --force -B H1514-new-swarm-deployment-stack-with-actions-runners-autoscale refs/remotes/origin/H1514-new-swarm-deployment-stack-with-actions-runners-autoscale
job-core	Checkout code	2025-09-22T14:41:00.8283917Z Switched to a new branch 'H1514-new-swarm-deployment-stack-with-actions-runners-autoscale'
job-core	Checkout code	2025-09-22T14:41:00.8286300Z branch 'H1514-new-swarm-deployment-stack-with-actions-runners-autoscale' set up to track 'origin/H1514-new-swarm-deployment-stack-with-actions-runners-autoscale'.
job-core	Checkout code	2025-09-22T14:41:00.8424986Z ##[endgroup]
job-core	Checkout code	2025-09-22T14:41:00.8428483Z [command]/usr/bin/git log -1 --format=%H
job-core	Checkout code	2025-09-22T14:41:00.8457031Z 4b750f22371e15385f1563b2d9e9d975393e32c1
job-core	Setup Python	ï»¿2025-09-22T14:41:00.8718866Z ##[group]Run actions/setup-python@v5
job-core	Setup Python	2025-09-22T14:41:00.8719303Z with:
job-core	Setup Python	2025-09-22T14:41:00.8719507Z   python-version: 3.x
job-core	Setup Python	2025-09-22T14:41:00.8719727Z   check-latest: false
job-core	Setup Python	2025-09-22T14:41:00.8720143Z   token: ***
job-core	Setup Python	2025-09-22T14:41:00.8720356Z   update-environment: true
job-core	Setup Python	2025-09-22T14:41:00.8720606Z   allow-prereleases: false
job-core	Setup Python	2025-09-22T14:41:00.8720842Z   freethreaded: false
job-core	Setup Python	2025-09-22T14:41:00.8721048Z env:
job-core	Setup Python	2025-09-22T14:41:00.8721249Z   KAOS_MODULE: [Ka0S] YAMLLINT
job-core	Setup Python	2025-09-22T14:41:00.8721571Z   GH_TOKEN: ***
job-core	Setup Python	2025-09-22T14:41:00.8721930Z   KAOS_YAMLLINT_CONFIG: core/config/.yamllint.json
job-core	Setup Python	2025-09-22T14:41:00.8722242Z   KAOS_PATH_RESUME: audit/yamllint/
job-core	Setup Python	2025-09-22T14:41:00.8722524Z   KAOS_REPO: /actions-runner/_work/kaos/kaos
job-core	Setup Python	2025-09-22T14:41:00.8722816Z   KAOS_STEP_MODULE: 
job-core	Setup Python	2025-09-22T14:41:00.8723027Z   KAOS_CODE: 17918899001
job-core	Setup Python	2025-09-22T14:41:00.8723240Z ##[endgroup]
job-core	Setup Python	2025-09-22T14:41:01.0515864Z ##[group]Installed versions
job-core	Setup Python	2025-09-22T14:41:01.0527135Z Version 3.x was not found in the local cache
job-core	Setup Python	2025-09-22T14:41:02.5524275Z Version 3.x is available for downloading
job-core	Setup Python	2025-09-22T14:41:02.5525341Z Download from "https://github.com/actions/python-versions/releases/download/3.13.7-16980743123/python-3.13.7-linux-22.04-x64.tar.gz"
job-core	Setup Python	2025-09-22T14:41:04.1696226Z Extract downloaded archive
job-core	Setup Python	2025-09-22T14:41:04.1796063Z [command]/usr/bin/tar xz --warning=no-unknown-keyword --overwrite -C /home/runner/_work/_temp/a2164173-61fc-454e-8a5e-b1ebac51ed7e -f /home/runner/_work/_temp/8f887098-6dce-4069-baf1-a52f498741e6
job-core	Setup Python	2025-09-22T14:41:06.3539946Z Execute installation script
job-core	Setup Python	2025-09-22T14:41:06.3625477Z Check if Python hostedtoolcache folder exist...
job-core	Setup Python	2025-09-22T14:41:06.3625908Z Creating Python hostedtoolcache folder...
job-core	Setup Python	2025-09-22T14:41:06.3638033Z Create Python 3.13.7 folder
job-core	Setup Python	2025-09-22T14:41:06.3650457Z Copy Python binaries to hostedtoolcache folder
job-core	Setup Python	2025-09-22T14:41:07.0456613Z Create additional symlinks (Required for the UsePythonVersion Azure Pipelines task and the setup-python GitHub Action)
job-core	Setup Python	2025-09-22T14:41:07.0492962Z Upgrading pip...
job-core	Setup Python	2025-09-22T14:41:08.9449663Z Looking in links: /tmp/tmpbo2pskar
job-core	Setup Python	2025-09-22T14:41:08.9454263Z Requirement already satisfied: pip in /home/runner/_work/_tool/Python/3.13.7/x64/lib/python3.13/site-packages (25.2)
job-core	Setup Python	2025-09-22T14:41:10.0362335Z Collecting pip
job-core	Setup Python	2025-09-22T14:41:10.0557648Z Downloading pip-25.2-py3-none-any.whl.metadata (4.7 kB)
job-core	Setup Python	2025-09-22T14:41:10.0674558Z Downloading pip-25.2-py3-none-any.whl (1.8 MB)
job-core	Setup Python	2025-09-22T14:41:10.1065942Z â”â”â”â”â”â”â”â”â”â”â”â”â”â”â”â”â”â”â”â”â”â”â”â”â”â”â”â”â”â”â”â”â”â”â”â”â”â”â”â” 1.8/1.8 MB 62.8 MB/s  0:00:00
job-core	Setup Python	2025-09-22T14:41:10.1069206Z 
job-core	Setup Python	2025-09-22T14:41:10.1547581Z Installing collected packages: pip
job-core	Setup Python	2025-09-22T14:41:10.1547977Z Attempting uninstall: pip
job-core	Setup Python	2025-09-22T14:41:10.1585745Z Found existing installation: pip 25.2
job-core	Setup Python	2025-09-22T14:41:10.2092838Z Uninstalling pip-25.2:
job-core	Setup Python	2025-09-22T14:41:10.2168265Z Successfully uninstalled pip-25.2
job-core	Setup Python	2025-09-22T14:41:11.1426058Z Successfully installed pip-25.2
job-core	Setup Python	2025-09-22T14:41:11.2105320Z Create complete file
job-core	Setup Python	2025-09-22T14:41:11.2147415Z Successfully set up CPython (3.13.7)
job-core	Setup Python	2025-09-22T14:41:11.2152919Z ##[endgroup]
job-core	Install yamllint	ï»¿2025-09-22T14:41:11.2331312Z ##[group]Run python -m pip install yamllint
job-core	Install yamllint	2025-09-22T14:41:11.2331746Z [36;1mpython -m pip install yamllint[0m
job-core	Install yamllint	2025-09-22T14:41:11.2346243Z shell: /usr/bin/bash -e {0}
job-core	Install yamllint	2025-09-22T14:41:11.2346517Z env:
job-core	Install yamllint	2025-09-22T14:41:11.2346714Z   KAOS_MODULE: [Ka0S] YAMLLINT
job-core	Install yamllint	2025-09-22T14:41:11.2347167Z   GH_TOKEN: ***
job-core	Install yamllint	2025-09-22T14:41:11.2347411Z   KAOS_YAMLLINT_CONFIG: core/config/.yamllint.json
job-core	Install yamllint	2025-09-22T14:41:11.2347719Z   KAOS_PATH_RESUME: audit/yamllint/
job-core	Install yamllint	2025-09-22T14:41:11.2348001Z   KAOS_REPO: /actions-runner/_work/kaos/kaos
job-core	Install yamllint	2025-09-22T14:41:11.2348278Z   KAOS_STEP_MODULE: 
job-core	Install yamllint	2025-09-22T14:41:11.2348489Z   KAOS_CODE: 17918899001
job-core	Install yamllint	2025-09-22T14:41:11.2348783Z   pythonLocation: /home/runner/_work/_tool/Python/3.13.7/x64
job-core	Install yamllint	2025-09-22T14:41:11.2349247Z   PKG_CONFIG_PATH: /home/runner/_work/_tool/Python/3.13.7/x64/lib/pkgconfig
job-core	Install yamllint	2025-09-22T14:41:11.2349685Z   Python_ROOT_DIR: /home/runner/_work/_tool/Python/3.13.7/x64
job-core	Install yamllint	2025-09-22T14:41:11.2350091Z   Python2_ROOT_DIR: /home/runner/_work/_tool/Python/3.13.7/x64
job-core	Install yamllint	2025-09-22T14:41:11.2350533Z   Python3_ROOT_DIR: /home/runner/_work/_tool/Python/3.13.7/x64
job-core	Install yamllint	2025-09-22T14:41:11.2350925Z   LD_LIBRARY_PATH: /home/runner/_work/_tool/Python/3.13.7/x64/lib
job-core	Install yamllint	2025-09-22T14:41:11.2359660Z ##[endgroup]
job-core	Install yamllint	2025-09-22T14:41:11.7337505Z Collecting yamllint
job-core	Install yamllint	2025-09-22T14:41:11.7573091Z   Downloading yamllint-1.37.1-py3-none-any.whl.metadata (4.3 kB)
job-core	Install yamllint	2025-09-22T14:41:11.7797188Z Collecting pathspec>=0.5.3 (from yamllint)
job-core	Install yamllint	2025-09-22T14:41:11.7841500Z   Downloading pathspec-0.12.1-py3-none-any.whl.metadata (21 kB)
job-core	Install yamllint	2025-09-22T14:41:11.8381159Z Collecting pyyaml (from yamllint)
job-core	Install yamllint	2025-09-22T14:41:11.8461474Z   Downloading PyYAML-6.0.2-cp313-cp313-manylinux_2_17_x86_64.manylinux2014_x86_64.whl.metadata (2.1 kB)
job-core	Install yamllint	2025-09-22T14:41:11.8583752Z Downloading yamllint-1.37.1-py3-none-any.whl (68 kB)
job-core	Install yamllint	2025-09-22T14:41:11.8683008Z Downloading pathspec-0.12.1-py3-none-any.whl (31 kB)
job-core	Install yamllint	2025-09-22T14:41:11.8792255Z Downloading PyYAML-6.0.2-cp313-cp313-manylinux_2_17_x86_64.manylinux2014_x86_64.whl (759 kB)
job-core	Install yamllint	2025-09-22T14:41:11.8947349Z    â”â”â”â”â”â”â”â”â”â”â”â”â”â”â”â”â”â”â”â”â”â”â”â”â”â”â”â”â”â”â”â”â”â”â”â”â”â”â”â” 759.5/759.5 kB 48.0 MB/s  0:00:00
job-core	Install yamllint	2025-09-22T14:41:11.9127842Z Installing collected packages: pyyaml, pathspec, yamllint
job-core	Install yamllint	2025-09-22T14:41:12.0382840Z 
job-core	Install yamllint	2025-09-22T14:41:12.0397791Z Successfully installed pathspec-0.12.1 pyyaml-6.0.2 yamllint-1.37.1
job-core	Check YAML	ï»¿2025-09-22T14:41:12.2023593Z ##[group]Run # Invocamos la primera comprobaciÃ³n de base, sino se supera el proceso no continua
job-core	Check YAML	2025-09-22T14:41:12.2024376Z [36;1m# Invocamos la primera comprobaciÃ³n de base, sino se supera el proceso no continua[0m
job-core	Check YAML	2025-09-22T14:41:12.2024829Z [36;1m# Ejecutamos el comando[0m
job-core	Check YAML	2025-09-22T14:41:12.2025686Z [36;1myamllint -c core/config/.yamllint.json "monitoring/grafana/docker-swarm/configs/prometehus.yaml" > audit/yamllint/yaml-lint-results-17918899001.txt 2>&1 || true[0m
job-core	Check YAML	2025-09-22T14:41:12.2026693Z [36;1m  # Check if exist errors in file[0m
job-core	Check YAML	2025-09-22T14:41:12.2027056Z [36;1m  if [ ! -s audit/yamllint/yaml-lint-results-17918899001.txt ]; then[0m
job-core	Check YAML	2025-09-22T14:41:12.2027560Z [36;1m    # Todo ha salido bien, aÃ±adimos el comentario a la issue y saltamos al siguiente paso[0m
job-core	Check YAML	2025-09-22T14:41:12.2028077Z [36;1m    # AÃ±adimos la versiÃ³n de yamllint con la que se realiza la comprobacion[0m
job-core	Check YAML	2025-09-22T14:41:12.2028563Z [36;1m    yamllint --version >> audit/yamllint/yaml-lint-results-17918899001.txt[0m
job-core	Check YAML	2025-09-22T14:41:12.2029047Z [36;1m    # aÃ±adimos el nombre del fichero que vamos a comprobar[0m
job-core	Check YAML	2025-09-22T14:41:12.2029675Z [36;1m    echo "Finding: monitoring/grafana/docker-swarm/configs/prometehus.yaml" >> audit/yamllint/yaml-lint-results-17918899001.txt[0m
job-core	Check YAML	2025-09-22T14:41:12.2030969Z [36;1m    KAOS_ISSUE_BODY="The [Ka0S] YAMLLINT process (17918875727) launch the check (17918899001) over file (monitoring/grafana/docker-swarm/configs/prometehus.yaml) and its result has been SUCCESS. Please review all files implicated in pull request and approve to merge"[0m
job-core	Check YAML	2025-09-22T14:41:12.2032179Z [36;1m    gh issue comment  1514 -b "$KAOS_ISSUE_BODY" [0m
job-core	Check YAML	2025-09-22T14:41:12.2032809Z [36;1m    # una vez finalizado este proceso, en funcion del modulo donde esta ubicado el fichero que se ha comprobado ejecutara un jobs u otro                [0m
job-core	Check YAML	2025-09-22T14:41:12.2033389Z [36;1m  else[0m
job-core	Check YAML	2025-09-22T14:41:12.2033913Z [36;1m    # Algo no ha salido bien, aÃ±adimos el comentario a la issue y saltamos al siguiente paso[0m
job-core	Check YAML	2025-09-22T14:41:12.2034454Z [36;1m    # AÃ±adimos la versiÃ³n de yamllint con la que se realiza la comprobacion[0m
job-core	Check YAML	2025-09-22T14:41:12.2034951Z [36;1m    yamllint --version >> audit/yamllint/yaml-lint-results-17918899001.txt[0m
job-core	Check YAML	2025-09-22T14:41:12.2036176Z [36;1m    # aÃ±adimos el nombre del fichero que vamos a comprobar[0m
job-core	Check YAML	2025-09-22T14:41:12.2036814Z [36;1m    echo "Finding: monitoring/grafana/docker-swarm/configs/prometehus.yaml" >> audit/yamllint/yaml-lint-results-17918899001.txt[0m
job-core	Check YAML	2025-09-22T14:41:12.2037954Z [36;1m    KAOS_ISSUE_BODY="The [Ka0S] YAMLLINT process (17918875727) launch the check (17918899001) over file (monitoring/grafana/docker-swarm/configs/prometehus.yaml) and its result has been FAILED, please check and solved it"[0m
job-core	Check YAML	2025-09-22T14:41:12.2038835Z [36;1m    gh issue comment  1514 -b "$KAOS_ISSUE_BODY"[0m
job-core	Check YAML	2025-09-22T14:41:12.2039413Z [36;1m    # una vez finalizado este proceso, en funcion del modulo donde esta ubicado el ficher que se ha comprobado ejecutara un jobs u otro [0m
job-core	Check YAML	2025-09-22T14:41:12.2039955Z [36;1m  fi[0m
job-core	Check YAML	2025-09-22T14:41:12.2040187Z [36;1mecho "Uploading files to the repository..."[0m
job-core	Check YAML	2025-09-22T14:41:12.2040634Z [36;1mgit config --global user.name "***"[0m
job-core	Check YAML	2025-09-22T14:41:12.2041110Z [36;1mgit config --global user.email "***"[0m
job-core	Check YAML	2025-09-22T14:41:12.2041395Z [36;1mgit pull --rebase[0m
job-core	Check YAML	2025-09-22T14:41:12.2041639Z [36;1mgit add audit/yamllint/*[0m
job-core	Check YAML	2025-09-22T14:41:12.2041908Z [36;1mif ! git diff --staged --quiet; then[0m
job-core	Check YAML	2025-09-22T14:41:12.2042350Z [36;1m  git commit -m "[Ka0S] Uploading yamllint resume execution files to the repository..."[0m
job-core	Check YAML	2025-09-22T14:41:12.2043087Z [36;1m  git push origin refs/heads/H1514-new-swarm-deployment-stack-with-actions-runners-autoscale --force-with-lease[0m
job-core	Check YAML	2025-09-22T14:41:12.2043646Z [36;1mfi[0m
job-core	Check YAML	2025-09-22T14:41:12.2052955Z shell: /usr/bin/bash -e {0}
job-core	Check YAML	2025-09-22T14:41:12.2053475Z env:
job-core	Check YAML	2025-09-22T14:41:12.2053796Z   KAOS_MODULE: [Ka0S] YAMLLINT
job-core	Check YAML	2025-09-22T14:41:12.2054211Z   GH_TOKEN: ***
job-core	Check YAML	2025-09-22T14:41:12.2054674Z   KAOS_YAMLLINT_CONFIG: core/config/.yamllint.json
job-core	Check YAML	2025-09-22T14:41:12.2054998Z   KAOS_PATH_RESUME: audit/yamllint/
job-core	Check YAML	2025-09-22T14:41:12.2055352Z   KAOS_REPO: /actions-runner/_work/kaos/kaos
job-core	Check YAML	2025-09-22T14:41:12.2055641Z   KAOS_STEP_MODULE: 
job-core	Check YAML	2025-09-22T14:41:12.2055859Z   KAOS_CODE: 17918899001
job-core	Check YAML	2025-09-22T14:41:12.2064252Z   pythonLocation: /home/runner/_work/_tool/Python/3.13.7/x64
job-core	Check YAML	2025-09-22T14:41:12.2064916Z   PKG_CONFIG_PATH: /home/runner/_work/_tool/Python/3.13.7/x64/lib/pkgconfig
job-core	Check YAML	2025-09-22T14:41:12.2065838Z   Python_ROOT_DIR: /home/runner/_work/_tool/Python/3.13.7/x64
job-core	Check YAML	2025-09-22T14:41:12.2066225Z   Python2_ROOT_DIR: /home/runner/_work/_tool/Python/3.13.7/x64
job-core	Check YAML	2025-09-22T14:41:12.2066609Z   Python3_ROOT_DIR: /home/runner/_work/_tool/Python/3.13.7/x64
job-core	Check YAML	2025-09-22T14:41:12.2066997Z   LD_LIBRARY_PATH: /home/runner/_work/_tool/Python/3.13.7/x64/lib
job-core	Check YAML	2025-09-22T14:41:12.2067320Z ##[endgroup]
job-core	Check YAML	2025-09-22T14:41:13.3186149Z https://github.com/Ka0s-Klaus/ka0s/issues/1514#issuecomment-3319478700
job-core	Check YAML	2025-09-22T14:41:13.3234226Z Uploading files to the repository...
job-core	Check YAML	2025-09-22T14:41:15.3389840Z Already up to date.
job-core	Check YAML	2025-09-22T14:41:15.3543611Z [H1514-new-swarm-deployment-stack-with-actions-runners-autoscale 757b9d12] [Ka0S] Uploading yamllint resume execution files to the repository...
job-core	Check YAML	2025-09-22T14:41:15.3544405Z  1 file changed, 12 insertions(+)
job-core	Check YAML	2025-09-22T14:41:15.3545043Z  create mode 100644 audit/yamllint/yaml-lint-results-17918899001.txt
job-core	Check YAML	2025-09-22T14:41:16.2440924Z To https://github.com/Ka0s-Klaus/ka0s
job-core	Check YAML	2025-09-22T14:41:16.2442214Z    4b750f22..757b9d12  H1514-new-swarm-deployment-stack-with-actions-runners-autoscale -> H1514-new-swarm-deployment-stack-with-actions-runners-autoscale
job-core	Post Setup Python	ï»¿2025-09-22T14:41:16.2669934Z Post job cleanup.
job-core	Post Checkout code	ï»¿2025-09-22T14:41:16.4449885Z Post job cleanup.
job-core	Post Checkout code	2025-09-22T14:41:16.5438137Z [command]/usr/bin/git version
job-core	Post Checkout code	2025-09-22T14:41:16.5475518Z git version 2.51.0
job-core	Post Checkout code	2025-09-22T14:41:16.5517221Z Copying '/home/runner/.gitconfig' to '/home/runner/_work/_temp/5eb712e9-397d-47de-bba3-f26a65e5399d/.gitconfig'
job-core	Post Checkout code	2025-09-22T14:41:16.5530002Z Temporarily overriding HOME='/home/runner/_work/_temp/5eb712e9-397d-47de-bba3-f26a65e5399d' before making global git config changes
job-core	Post Checkout code	2025-09-22T14:41:16.5536734Z Adding repository directory to the temporary git global config as a safe directory
job-core	Post Checkout code	2025-09-22T14:41:16.5537598Z [command]/usr/bin/git config --global --add safe.directory /home/runner/_work/ka0s/ka0s
job-core	Post Checkout code	2025-09-22T14:41:16.5577449Z [command]/usr/bin/git config --local --name-only --get-regexp core\.sshCommand
job-core	Post Checkout code	2025-09-22T14:41:16.5623770Z [command]/usr/bin/git submodule foreach --recursive sh -c "git config --local --name-only --get-regexp 'core\.sshCommand' && git config --local --unset-all 'core.sshCommand' || :"
job-core	Post Checkout code	2025-09-22T14:41:16.5907269Z [command]/usr/bin/git config --local --name-only --get-regexp http\.https\:\/\/github\.com\/\.extraheader
job-core	Post Checkout code	2025-09-22T14:41:16.5936824Z http.https://github.com/.extraheader
job-core	Post Checkout code	2025-09-22T14:41:16.5951998Z [command]/usr/bin/git config --local --unset-all http.https://github.com/.extraheader
job-core	Post Checkout code	2025-09-22T14:41:16.5989529Z [command]/usr/bin/git submodule foreach --recursive sh -c "git config --local --name-only --get-regexp 'http\.https\:\/\/github\.com\/\.extraheader' && git config --local --unset-all 'http.https://github.com/.extraheader' || :"
job-core	Complete job	ï»¿2025-09-22T14:41:16.6429994Z Cleaning up orphan processes
handle-success	Set up job	ï»¿2025-09-22T14:42:20.5233737Z Current runner version: '2.328.0'
handle-success	Set up job	2025-09-22T14:42:20.5241512Z Runner name: 'bf20b1b77d9d'
handle-success	Set up job	2025-09-22T14:42:20.5242514Z Runner group name: 'swarm-runners'
handle-success	Set up job	2025-09-22T14:42:20.5243411Z Machine name: 'bf20b1b77d9d'
handle-success	Set up job	2025-09-22T14:42:20.5246952Z ##[group]GITHUB_TOKEN Permissions
handle-success	Set up job	2025-09-22T14:42:20.5249970Z Actions: write
handle-success	Set up job	2025-09-22T14:42:20.5250578Z Contents: write
handle-success	Set up job	2025-09-22T14:42:20.5251076Z Issues: write
handle-success	Set up job	2025-09-22T14:42:20.5251702Z Metadata: read
handle-success	Set up job	2025-09-22T14:42:20.5252247Z PullRequests: write
handle-success	Set up job	2025-09-22T14:42:20.5252741Z ##[endgroup]
handle-success	Set up job	2025-09-22T14:42:20.5255207Z Secret source: Actions
handle-success	Set up job	2025-09-22T14:42:20.5256446Z Prepare workflow directory
handle-success	Set up job	2025-09-22T14:42:20.5806130Z Prepare all required actions
handle-success	Set up job	2025-09-22T14:42:20.5845781Z Getting action download info
handle-success	Set up job	2025-09-22T14:42:21.2082838Z Download action repository 'actions/checkout@v4' (SHA:08eba0b27e820071cde6df949e0beb9ba4906955)
handle-success	Set up job	2025-09-22T14:42:22.0559328Z Complete job name: handle-success
handle-success	Checkout code	ï»¿2025-09-22T14:42:22.1103562Z ##[group]Run actions/checkout@v4
handle-success	Checkout code	2025-09-22T14:42:22.1104597Z with:
handle-success	Checkout code	2025-09-22T14:42:22.1105056Z   fetch-depth: 0
handle-success	Checkout code	2025-09-22T14:42:22.1106227Z   token: ***
handle-success	Checkout code	2025-09-22T14:42:22.1106660Z   repository: Ka0s-Klaus/ka0s
handle-success	Checkout code	2025-09-22T14:42:22.1107177Z   ssh-strict: true
handle-success	Checkout code	2025-09-22T14:42:22.1107605Z   ssh-user: git
handle-success	Checkout code	2025-09-22T14:42:22.1108045Z   persist-credentials: true
handle-success	Checkout code	2025-09-22T14:42:22.1108553Z   clean: true
handle-success	Checkout code	2025-09-22T14:42:22.1108992Z   sparse-checkout-cone-mode: true
handle-success	Checkout code	2025-09-22T14:42:22.1109541Z   fetch-tags: false
handle-success	Checkout code	2025-09-22T14:42:22.1109993Z   show-progress: true
handle-success	Checkout code	2025-09-22T14:42:22.1110450Z   lfs: false
handle-success	Checkout code	2025-09-22T14:42:22.1110857Z   submodules: false
handle-success	Checkout code	2025-09-22T14:42:22.1111330Z   set-safe-directory: true
handle-success	Checkout code	2025-09-22T14:42:22.1112060Z env:
handle-success	Checkout code	2025-09-22T14:42:22.1112487Z   KAOS_MODULE: [Ka0S] YAMLLINT
handle-success	Checkout code	2025-09-22T14:42:22.1113177Z   GH_TOKEN: ***
handle-success	Checkout code	2025-09-22T14:42:22.1113687Z   KAOS_YAMLLINT_CONFIG: core/config/.yamllint.json
handle-success	Checkout code	2025-09-22T14:42:22.1114314Z   KAOS_PATH_RESUME: audit/yamllint/
handle-success	Checkout code	2025-09-22T14:42:22.1114941Z   KAOS_REPO: /actions-runner/_work/kaos/kaos
handle-success	Checkout code	2025-09-22T14:42:22.1116136Z   KAOS_STEP_MODULE: 
handle-success	Checkout code	2025-09-22T14:42:22.1137230Z   KAOS_CODE: 17918899001
handle-success	Checkout code	2025-09-22T14:42:22.1138080Z ##[endgroup]
handle-success	Checkout code	2025-09-22T14:42:22.2322384Z Syncing repository: Ka0s-Klaus/ka0s
handle-success	Checkout code	2025-09-22T14:42:22.2324372Z ##[group]Getting Git version info
handle-success	Checkout code	2025-09-22T14:42:22.2325086Z Working directory is '/home/runner/_work/ka0s/ka0s'
handle-success	Checkout code	2025-09-22T14:42:22.2326449Z [command]/usr/bin/git version
handle-success	Checkout code	2025-09-22T14:42:22.2327005Z git version 2.51.0
handle-success	Checkout code	2025-09-22T14:42:22.2344655Z ##[endgroup]
handle-success	Checkout code	2025-09-22T14:42:22.2364983Z Temporarily overriding HOME='/home/runner/_work/_temp/0e1f73d1-a0e2-4661-9afe-f6c60cc864c4' before making global git config changes
handle-success	Checkout code	2025-09-22T14:42:22.2367125Z Adding repository directory to the temporary git global config as a safe directory
handle-success	Checkout code	2025-09-22T14:42:22.2370856Z [command]/usr/bin/git config --global --add safe.directory /home/runner/_work/ka0s/ka0s
handle-success	Checkout code	2025-09-22T14:42:22.2412058Z Deleting the contents of '/home/runner/_work/ka0s/ka0s'
handle-success	Checkout code	2025-09-22T14:42:22.2414176Z ##[group]Initializing the repository
handle-success	Checkout code	2025-09-22T14:42:22.2420336Z [command]/usr/bin/git init /home/runner/_work/ka0s/ka0s
handle-success	Checkout code	2025-09-22T14:42:22.2464972Z hint: Using 'master' as the name for the initial branch. This default branch name
handle-success	Checkout code	2025-09-22T14:42:22.2467511Z hint: is subject to change. To configure the initial branch name to use in all
handle-success	Checkout code	2025-09-22T14:42:22.2468938Z hint: of your new repositories, which will suppress this warning, call:
handle-success	Checkout code	2025-09-22T14:42:22.2470041Z hint:
handle-success	Checkout code	2025-09-22T14:42:22.2470640Z hint: 	git config --global init.defaultBranch <name>
handle-success	Checkout code	2025-09-22T14:42:22.2471418Z hint:
handle-success	Checkout code	2025-09-22T14:42:22.2472038Z hint: Names commonly chosen instead of 'master' are 'main', 'trunk' and
handle-success	Checkout code	2025-09-22T14:42:22.2473035Z hint: 'development'. The just-created branch can be renamed via this command:
handle-success	Checkout code	2025-09-22T14:42:22.2474027Z hint:
handle-success	Checkout code	2025-09-22T14:42:22.2474478Z hint: 	git branch -m <name>
handle-success	Checkout code	2025-09-22T14:42:22.2479946Z hint:
handle-success	Checkout code	2025-09-22T14:42:22.2480735Z hint: Disable this message with "git config set advice.defaultBranchName false"
handle-success	Checkout code	2025-09-22T14:42:22.2482235Z Initialized empty Git repository in /home/runner/_work/ka0s/ka0s/.git/
handle-success	Checkout code	2025-09-22T14:42:22.2484212Z [command]/usr/bin/git remote add origin https://github.com/Ka0s-Klaus/ka0s
handle-success	Checkout code	2025-09-22T14:42:22.2514914Z ##[endgroup]
handle-success	Checkout code	2025-09-22T14:42:22.2516206Z ##[group]Disabling automatic garbage collection
handle-success	Checkout code	2025-09-22T14:42:22.2520054Z [command]/usr/bin/git config --local gc.auto 0
handle-success	Checkout code	2025-09-22T14:42:22.2555789Z ##[endgroup]
handle-success	Checkout code	2025-09-22T14:42:22.2556826Z ##[group]Setting up auth
handle-success	Checkout code	2025-09-22T14:42:22.2564136Z [command]/usr/bin/git config --local --name-only --get-regexp core\.sshCommand
handle-success	Checkout code	2025-09-22T14:42:22.2602393Z [command]/usr/bin/git submodule foreach --recursive sh -c "git config --local --name-only --get-regexp 'core\.sshCommand' && git config --local --unset-all 'core.sshCommand' || :"
handle-success	Checkout code	2025-09-22T14:42:22.2853561Z [command]/usr/bin/git config --local --name-only --get-regexp http\.https\:\/\/github\.com\/\.extraheader
handle-success	Checkout code	2025-09-22T14:42:22.2889218Z [command]/usr/bin/git submodule foreach --recursive sh -c "git config --local --name-only --get-regexp 'http\.https\:\/\/github\.com\/\.extraheader' && git config --local --unset-all 'http.https://github.com/.extraheader' || :"
handle-success	Checkout code	2025-09-22T14:42:22.3144720Z [command]/usr/bin/git config --local http.https://github.com/.extraheader AUTHORIZATION: basic ***
handle-success	Checkout code	2025-09-22T14:42:22.3184828Z ##[endgroup]
handle-success	Checkout code	2025-09-22T14:42:22.3185863Z ##[group]Fetching the repository
handle-success	Checkout code	2025-09-22T14:42:22.3193990Z [command]/usr/bin/git -c protocol.version=2 fetch --prune --no-recurse-submodules origin +refs/heads/*:refs/remotes/origin/* +refs/tags/*:refs/tags/*
handle-success	Checkout code	2025-09-22T14:42:30.8399816Z From https://github.com/Ka0s-Klaus/ka0s
handle-success	Checkout code	2025-09-22T14:42:30.8401140Z  * [new branch]        F1149-desarrollo-de-orchestrator -> origin/F1149-desarrollo-de-orchestrator
handle-success	Checkout code	2025-09-22T14:42:30.8402567Z  * [new branch]        F1183-personalizaciÃ³n-mÃ³dulo-finops -> origin/F1183-personalizaciÃ³n-mÃ³dulo-finops
handle-success	Checkout code	2025-09-22T14:42:30.8407263Z  * [new branch]        F1224-new-module-mongodb -> origin/F1224-new-module-mongodb
handle-success	Checkout code	2025-09-22T14:42:30.8426887Z  * [new branch]        F220-web-de-resultados  -> origin/F220-web-de-resultados
handle-success	Checkout code	2025-09-22T14:42:30.8427965Z  * [new branch]        F227-despliegue-de-kube-independiente-del-clouder -> origin/F227-despliegue-de-kube-independiente-del-clouder
handle-success	Checkout code	2025-09-22T14:42:30.8429031Z  * [new branch]        F329-documentacion-metodologia-de-kaos -> origin/F329-documentacion-metodologia-de-kaos
handle-success	Checkout code	2025-09-22T14:42:30.8430194Z  * [new branch]        F44-creaciÃ³n-mÃ³dulo-versionado -> origin/F44-creaciÃ³n-mÃ³dulo-versionado
handle-success	Checkout code	2025-09-22T14:42:30.8431021Z  * [new branch]        H1128-mÃ³dulo-de-observabilidad -> origin/H1128-mÃ³dulo-de-observabilidad
handle-success	Checkout code	2025-09-22T14:42:30.8431783Z  * [new branch]        H1139-como-instalar-arc-control -> origin/H1139-como-instalar-arc-control
handle-success	Checkout code	2025-09-22T14:42:30.8432567Z  * [new branch]        H1149-desarrollo-de-orchestrator -> origin/H1149-desarrollo-de-orchestrator
handle-success	Checkout code	2025-09-22T14:42:30.8433343Z  * [new branch]        H1150-desarrollo-de-secciones -> origin/H1150-desarrollo-de-secciones
handle-success	Checkout code	2025-09-22T14:42:30.8434181Z  * [new branch]        H1151-desarrollo-de-secciones-ii -> origin/H1151-desarrollo-de-secciones-ii
handle-success	Checkout code	2025-09-22T14:42:30.8434881Z  * [new branch]        H1152-desarrollo-inicio -> origin/H1152-desarrollo-inicio
handle-success	Checkout code	2025-09-22T14:42:30.8435841Z  * [new branch]        H1183-personalizaciÃ³n-mÃ³dulo-finops -> origin/H1183-personalizaciÃ³n-mÃ³dulo-finops
handle-success	Checkout code	2025-09-22T14:42:30.8436795Z  * [new branch]        H1193-ejemplo-web-documentacion -> origin/H1193-ejemplo-web-documentacion
handle-success	Checkout code	2025-09-22T14:42:30.8437482Z  * [new branch]        H1205-web-creation      -> origin/H1205-web-creation
handle-success	Checkout code	2025-09-22T14:42:30.8438349Z  * [new branch]        H1224-new-module-mongodb -> origin/H1224-new-module-mongodb
handle-success	Checkout code	2025-09-22T14:42:30.8438953Z  * [new branch]        H1410-modulo-execution  -> origin/H1410-modulo-execution
handle-success	Checkout code	2025-09-22T14:42:30.8439982Z  * [new branch]        H1514-new-swarm-deployment-stack-with-actions-runners-autoscale -> origin/H1514-new-swarm-deployment-stack-with-actions-runners-autoscale
handle-success	Checkout code	2025-09-22T14:42:30.8441326Z  * [new branch]        H215-modulo-de-summary  -> origin/H215-modulo-de-summary
handle-success	Checkout code	2025-09-22T14:42:30.8441910Z  * [new branch]        H220-web-de-resultados  -> origin/H220-web-de-resultados
handle-success	Checkout code	2025-09-22T14:42:30.8442767Z  * [new branch]        H227-despliegue-de-kube-independiente-del-clouder -> origin/H227-despliegue-de-kube-independiente-del-clouder
handle-success	Checkout code	2025-09-22T14:42:30.8443687Z  * [new branch]        H306-ficheros-de-estadisticas -> origin/H306-ficheros-de-estadisticas
handle-success	Checkout code	2025-09-22T14:42:30.8444544Z  * [new branch]        H328-documentacion-modulo-principal-de-kaos -> origin/H328-documentacion-modulo-principal-de-kaos
handle-success	Checkout code	2025-09-22T14:42:30.8445553Z  * [new branch]        H329-documentacion-metodologia-de-kaos -> origin/H329-documentacion-metodologia-de-kaos
handle-success	Checkout code	2025-09-22T14:42:30.8446613Z  * [new branch]        H338-relanzador-de-jobs-en-caso-de-pattern -> origin/H338-relanzador-de-jobs-en-caso-de-pattern
handle-success	Checkout code	2025-09-22T14:42:30.8447907Z  * [new branch]        H38-documentacion-basica-del-proyecto -> origin/H38-documentacion-basica-del-proyecto
handle-success	Checkout code	2025-09-22T14:42:30.8448838Z  * [new branch]        H44-creaciÃ³n-mÃ³dulo-versionado -> origin/H44-creaciÃ³n-mÃ³dulo-versionado
handle-success	Checkout code	2025-09-22T14:42:30.8449695Z  * [new branch]        RN1149-desarrollo-de-orchestrator -> origin/RN1149-desarrollo-de-orchestrator
handle-success	Checkout code	2025-09-22T14:42:30.8450655Z  * [new branch]        RN1183-personalizaciÃ³n-mÃ³dulo-finops -> origin/RN1183-personalizaciÃ³n-mÃ³dulo-finops
handle-success	Checkout code	2025-09-22T14:42:30.8451782Z  * [new branch]        RN1282-ka0s-error-detected-in-ka0s-workflow-statistics-summary -> origin/RN1282-ka0s-error-detected-in-ka0s-workflow-statistics-summary
handle-success	Checkout code	2025-09-22T14:42:30.8452768Z  * [new branch]        RN220-web-de-resultados -> origin/RN220-web-de-resultados
handle-success	Checkout code	2025-09-22T14:42:30.8453642Z  * [new branch]        RN227-despliegue-de-kube-independiente-del-clouder -> origin/RN227-despliegue-de-kube-independiente-del-clouder
handle-success	Checkout code	2025-09-22T14:42:30.8454660Z  * [new branch]        RN329-documentacion-metodologia-de-kaos -> origin/RN329-documentacion-metodologia-de-kaos
handle-success	Checkout code	2025-09-22T14:42:30.8455418Z  * [new branch]        main                    -> origin/main
handle-success	Checkout code	2025-09-22T14:42:30.8455847Z  * [new tag]           0.0.0                   -> 0.0.0
handle-success	Checkout code	2025-09-22T14:42:30.8456248Z  * [new tag]           0.0.1                   -> 0.0.1
handle-success	Checkout code	2025-09-22T14:42:30.8456642Z  * [new tag]           0.0.10                  -> 0.0.10
handle-success	Checkout code	2025-09-22T14:42:30.8457309Z  * [new tag]           0.0.100                 -> 0.0.100
handle-success	Checkout code	2025-09-22T14:42:30.8457721Z  * [new tag]           0.0.101                 -> 0.0.101
handle-success	Checkout code	2025-09-22T14:42:30.8458125Z  * [new tag]           0.0.102                 -> 0.0.102
handle-success	Checkout code	2025-09-22T14:42:30.8458521Z  * [new tag]           0.0.103                 -> 0.0.103
handle-success	Checkout code	2025-09-22T14:42:30.8458925Z  * [new tag]           0.0.104                 -> 0.0.104
handle-success	Checkout code	2025-09-22T14:42:30.8459333Z  * [new tag]           0.0.105                 -> 0.0.105
handle-success	Checkout code	2025-09-22T14:42:30.8459735Z  * [new tag]           0.0.106                 -> 0.0.106
handle-success	Checkout code	2025-09-22T14:42:30.8460171Z  * [new tag]           0.0.107                 -> 0.0.107
handle-success	Checkout code	2025-09-22T14:42:30.8460575Z  * [new tag]           0.0.108                 -> 0.0.108
handle-success	Checkout code	2025-09-22T14:42:30.8460977Z  * [new tag]           0.0.109                 -> 0.0.109
handle-success	Checkout code	2025-09-22T14:42:30.8461392Z  * [new tag]           0.0.11                  -> 0.0.11
handle-success	Checkout code	2025-09-22T14:42:30.8461792Z  * [new tag]           0.0.110                 -> 0.0.110
handle-success	Checkout code	2025-09-22T14:42:30.8462196Z  * [new tag]           0.0.111                 -> 0.0.111
handle-success	Checkout code	2025-09-22T14:42:30.8462708Z  * [new tag]           0.0.112                 -> 0.0.112
handle-success	Checkout code	2025-09-22T14:42:30.8463112Z  * [new tag]           0.0.113                 -> 0.0.113
handle-success	Checkout code	2025-09-22T14:42:30.8463511Z  * [new tag]           0.0.114                 -> 0.0.114
handle-success	Checkout code	2025-09-22T14:42:30.8463907Z  * [new tag]           0.0.115                 -> 0.0.115
handle-success	Checkout code	2025-09-22T14:42:30.8464311Z  * [new tag]           0.0.116                 -> 0.0.116
handle-success	Checkout code	2025-09-22T14:42:30.8464715Z  * [new tag]           0.0.117                 -> 0.0.117
handle-success	Checkout code	2025-09-22T14:42:30.8465531Z  * [new tag]           0.0.118                 -> 0.0.118
handle-success	Checkout code	2025-09-22T14:42:30.8466191Z  * [new tag]           0.0.119                 -> 0.0.119
handle-success	Checkout code	2025-09-22T14:42:30.8466726Z  * [new tag]           0.0.12                  -> 0.0.12
handle-success	Checkout code	2025-09-22T14:42:30.8467122Z  * [new tag]           0.0.120                 -> 0.0.120
handle-success	Checkout code	2025-09-22T14:42:30.8467521Z  * [new tag]           0.0.121                 -> 0.0.121
handle-success	Checkout code	2025-09-22T14:42:30.8467927Z  * [new tag]           0.0.122                 -> 0.0.122
handle-success	Checkout code	2025-09-22T14:42:30.8468324Z  * [new tag]           0.0.123                 -> 0.0.123
handle-success	Checkout code	2025-09-22T14:42:30.8468750Z  * [new tag]           0.0.124                 -> 0.0.124
handle-success	Checkout code	2025-09-22T14:42:30.8469195Z  * [new tag]           0.0.125                 -> 0.0.125
handle-success	Checkout code	2025-09-22T14:42:30.8469600Z  * [new tag]           0.0.126                 -> 0.0.126
handle-success	Checkout code	2025-09-22T14:42:30.8469997Z  * [new tag]           0.0.127                 -> 0.0.127
handle-success	Checkout code	2025-09-22T14:42:30.8470398Z  * [new tag]           0.0.128                 -> 0.0.128
handle-success	Checkout code	2025-09-22T14:42:30.8470976Z  * [new tag]           0.0.129                 -> 0.0.129
handle-success	Checkout code	2025-09-22T14:42:30.8471572Z  * [new tag]           0.0.13                  -> 0.0.13
handle-success	Checkout code	2025-09-22T14:42:30.8472108Z  * [new tag]           0.0.130                 -> 0.0.130
handle-success	Checkout code	2025-09-22T14:42:30.8472516Z  * [new tag]           0.0.131                 -> 0.0.131
handle-success	Checkout code	2025-09-22T14:42:30.8472924Z  * [new tag]           0.0.132                 -> 0.0.132
handle-success	Checkout code	2025-09-22T14:42:30.8473327Z  * [new tag]           0.0.133                 -> 0.0.133
handle-success	Checkout code	2025-09-22T14:42:30.8473736Z  * [new tag]           0.0.134                 -> 0.0.134
handle-success	Checkout code	2025-09-22T14:42:30.8474140Z  * [new tag]           0.0.135                 -> 0.0.135
handle-success	Checkout code	2025-09-22T14:42:30.8474542Z  * [new tag]           0.0.136                 -> 0.0.136
handle-success	Checkout code	2025-09-22T14:42:30.8474941Z  * [new tag]           0.0.137                 -> 0.0.137
handle-success	Checkout code	2025-09-22T14:42:30.8475572Z  * [new tag]           0.0.138                 -> 0.0.138
handle-success	Checkout code	2025-09-22T14:42:30.8476000Z  * [new tag]           0.0.139                 -> 0.0.139
handle-success	Checkout code	2025-09-22T14:42:30.8476416Z  * [new tag]           0.0.14                  -> 0.0.14
handle-success	Checkout code	2025-09-22T14:42:30.8476950Z  * [new tag]           0.0.140                 -> 0.0.140
handle-success	Checkout code	2025-09-22T14:42:30.8477356Z  * [new tag]           0.0.141                 -> 0.0.141
handle-success	Checkout code	2025-09-22T14:42:30.8477762Z  * [new tag]           0.0.142                 -> 0.0.142
handle-success	Checkout code	2025-09-22T14:42:30.8478163Z  * [new tag]           0.0.143                 -> 0.0.143
handle-success	Checkout code	2025-09-22T14:42:30.8478572Z  * [new tag]           0.0.144                 -> 0.0.144
handle-success	Checkout code	2025-09-22T14:42:30.8478980Z  * [new tag]           0.0.145                 -> 0.0.145
handle-success	Checkout code	2025-09-22T14:42:30.8479383Z  * [new tag]           0.0.146                 -> 0.0.146
handle-success	Checkout code	2025-09-22T14:42:30.8479787Z  * [new tag]           0.0.147                 -> 0.0.147
handle-success	Checkout code	2025-09-22T14:42:30.8480189Z  * [new tag]           0.0.148                 -> 0.0.148
handle-success	Checkout code	2025-09-22T14:42:30.8480595Z  * [new tag]           0.0.149                 -> 0.0.149
handle-success	Checkout code	2025-09-22T14:42:30.8481005Z  * [new tag]           0.0.15                  -> 0.0.15
handle-success	Checkout code	2025-09-22T14:42:30.8481420Z  * [new tag]           0.0.150                 -> 0.0.150
handle-success	Checkout code	2025-09-22T14:42:30.8481828Z  * [new tag]           0.0.151                 -> 0.0.151
handle-success	Checkout code	2025-09-22T14:42:30.8482230Z  * [new tag]           0.0.152                 -> 0.0.152
handle-success	Checkout code	2025-09-22T14:42:30.8482634Z  * [new tag]           0.0.153                 -> 0.0.153
handle-success	Checkout code	2025-09-22T14:42:30.8483039Z  * [new tag]           0.0.154                 -> 0.0.154
handle-success	Checkout code	2025-09-22T14:42:30.8483444Z  * [new tag]           0.0.155                 -> 0.0.155
handle-success	Checkout code	2025-09-22T14:42:30.8483851Z  * [new tag]           0.0.156                 -> 0.0.156
handle-success	Checkout code	2025-09-22T14:42:30.8484260Z  * [new tag]           0.0.157                 -> 0.0.157
handle-success	Checkout code	2025-09-22T14:42:30.8484661Z  * [new tag]           0.0.158                 -> 0.0.158
handle-success	Checkout code	2025-09-22T14:42:30.8485063Z  * [new tag]           0.0.159                 -> 0.0.159
handle-success	Checkout code	2025-09-22T14:42:30.8485787Z  * [new tag]           0.0.16                  -> 0.0.16
handle-success	Checkout code	2025-09-22T14:42:30.8486341Z  * [new tag]           0.0.160                 -> 0.0.160
handle-success	Checkout code	2025-09-22T14:42:30.8486746Z  * [new tag]           0.0.161                 -> 0.0.161
handle-success	Checkout code	2025-09-22T14:42:30.8487153Z  * [new tag]           0.0.162                 -> 0.0.162
handle-success	Checkout code	2025-09-22T14:42:30.8487561Z  * [new tag]           0.0.163                 -> 0.0.163
handle-success	Checkout code	2025-09-22T14:42:30.8487963Z  * [new tag]           0.0.164                 -> 0.0.164
handle-success	Checkout code	2025-09-22T14:42:30.8488362Z  * [new tag]           0.0.165                 -> 0.0.165
handle-success	Checkout code	2025-09-22T14:42:30.8488768Z  * [new tag]           0.0.166                 -> 0.0.166
handle-success	Checkout code	2025-09-22T14:42:30.8489171Z  * [new tag]           0.0.167                 -> 0.0.167
handle-success	Checkout code	2025-09-22T14:42:30.8489570Z  * [new tag]           0.0.168                 -> 0.0.168
handle-success	Checkout code	2025-09-22T14:42:30.8489973Z  * [new tag]           0.0.169                 -> 0.0.169
handle-success	Checkout code	2025-09-22T14:42:30.8490376Z  * [new tag]           0.0.17                  -> 0.0.17
handle-success	Checkout code	2025-09-22T14:42:30.8490779Z  * [new tag]           0.0.170                 -> 0.0.170
handle-success	Checkout code	2025-09-22T14:42:30.8491357Z  * [new tag]           0.0.171                 -> 0.0.171
handle-success	Checkout code	2025-09-22T14:42:30.8491761Z  * [new tag]           0.0.172                 -> 0.0.172
handle-success	Checkout code	2025-09-22T14:42:30.8492166Z  * [new tag]           0.0.173                 -> 0.0.173
handle-success	Checkout code	2025-09-22T14:42:30.8492565Z  * [new tag]           0.0.174                 -> 0.0.174
handle-success	Checkout code	2025-09-22T14:42:30.8492971Z  * [new tag]           0.0.175                 -> 0.0.175
handle-success	Checkout code	2025-09-22T14:42:30.8493375Z  * [new tag]           0.0.176                 -> 0.0.176
handle-success	Checkout code	2025-09-22T14:42:30.8493774Z  * [new tag]           0.0.177                 -> 0.0.177
handle-success	Checkout code	2025-09-22T14:42:30.8494181Z  * [new tag]           0.0.178                 -> 0.0.178
handle-success	Checkout code	2025-09-22T14:42:30.8494586Z  * [new tag]           0.0.179                 -> 0.0.179
handle-success	Checkout code	2025-09-22T14:42:30.8494988Z  * [new tag]           0.0.18                  -> 0.0.18
handle-success	Checkout code	2025-09-22T14:42:30.8495810Z  * [new tag]           0.0.19                  -> 0.0.19
handle-success	Checkout code	2025-09-22T14:42:30.8496361Z  * [new tag]           0.0.2                   -> 0.0.2
handle-success	Checkout code	2025-09-22T14:42:30.8496879Z  * [new tag]           0.0.20                  -> 0.0.20
handle-success	Checkout code	2025-09-22T14:42:30.8497259Z  * [new tag]           0.0.21                  -> 0.0.21
handle-success	Checkout code	2025-09-22T14:42:30.8497639Z  * [new tag]           0.0.22                  -> 0.0.22
handle-success	Checkout code	2025-09-22T14:42:30.8498025Z  * [new tag]           0.0.23                  -> 0.0.23
handle-success	Checkout code	2025-09-22T14:42:30.8498413Z  * [new tag]           0.0.24                  -> 0.0.24
handle-success	Checkout code	2025-09-22T14:42:30.8498792Z  * [new tag]           0.0.25                  -> 0.0.25
handle-success	Checkout code	2025-09-22T14:42:30.8499174Z  * [new tag]           0.0.26                  -> 0.0.26
handle-success	Checkout code	2025-09-22T14:42:30.8499558Z  * [new tag]           0.0.27                  -> 0.0.27
handle-success	Checkout code	2025-09-22T14:42:30.8499936Z  * [new tag]           0.0.28                  -> 0.0.28
handle-success	Checkout code	2025-09-22T14:42:30.8500317Z  * [new tag]           0.0.29                  -> 0.0.29
handle-success	Checkout code	2025-09-22T14:42:30.8500697Z  * [new tag]           0.0.3                   -> 0.0.3
handle-success	Checkout code	2025-09-22T14:42:30.8501087Z  * [new tag]           0.0.30                  -> 0.0.30
handle-success	Checkout code	2025-09-22T14:42:30.8501475Z  * [new tag]           0.0.31                  -> 0.0.31
handle-success	Checkout code	2025-09-22T14:42:30.8501858Z  * [new tag]           0.0.32                  -> 0.0.32
handle-success	Checkout code	2025-09-22T14:42:30.8502236Z  * [new tag]           0.0.33                  -> 0.0.33
handle-success	Checkout code	2025-09-22T14:42:30.8502616Z  * [new tag]           0.0.34                  -> 0.0.34
handle-success	Checkout code	2025-09-22T14:42:30.8503000Z  * [new tag]           0.0.35                  -> 0.0.35
handle-success	Checkout code	2025-09-22T14:42:30.8503380Z  * [new tag]           0.0.36                  -> 0.0.36
handle-success	Checkout code	2025-09-22T14:42:30.8503757Z  * [new tag]           0.0.37                  -> 0.0.37
handle-success	Checkout code	2025-09-22T14:42:30.8504142Z  * [new tag]           0.0.38                  -> 0.0.38
handle-success	Checkout code	2025-09-22T14:42:30.8504526Z  * [new tag]           0.0.39                  -> 0.0.39
handle-success	Checkout code	2025-09-22T14:42:30.8504909Z  * [new tag]           0.0.4                   -> 0.0.4
handle-success	Checkout code	2025-09-22T14:42:30.8505501Z  * [new tag]           0.0.40                  -> 0.0.40
handle-success	Checkout code	2025-09-22T14:42:30.8506017Z  * [new tag]           0.0.41                  -> 0.0.41
handle-success	Checkout code	2025-09-22T14:42:30.8506536Z  * [new tag]           0.0.42                  -> 0.0.42
handle-success	Checkout code	2025-09-22T14:42:30.8506915Z  * [new tag]           0.0.43                  -> 0.0.43
handle-success	Checkout code	2025-09-22T14:42:30.8507297Z  * [new tag]           0.0.44                  -> 0.0.44
handle-success	Checkout code	2025-09-22T14:42:30.8507680Z  * [new tag]           0.0.45                  -> 0.0.45
handle-success	Checkout code	2025-09-22T14:42:30.8508064Z  * [new tag]           0.0.46                  -> 0.0.46
handle-success	Checkout code	2025-09-22T14:42:30.8508439Z  * [new tag]           0.0.47                  -> 0.0.47
handle-success	Checkout code	2025-09-22T14:42:30.8508820Z  * [new tag]           0.0.48                  -> 0.0.48
handle-success	Checkout code	2025-09-22T14:42:30.8509204Z  * [new tag]           0.0.49                  -> 0.0.49
handle-success	Checkout code	2025-09-22T14:42:30.8509586Z  * [new tag]           0.0.5                   -> 0.0.5
handle-success	Checkout code	2025-09-22T14:42:30.8509966Z  * [new tag]           0.0.50                  -> 0.0.50
handle-success	Checkout code	2025-09-22T14:42:30.8510352Z  * [new tag]           0.0.51                  -> 0.0.51
handle-success	Checkout code	2025-09-22T14:42:30.8510850Z  * [new tag]           0.0.52                  -> 0.0.52
handle-success	Checkout code	2025-09-22T14:42:30.8511245Z  * [new tag]           0.0.53                  -> 0.0.53
handle-success	Checkout code	2025-09-22T14:42:30.8511624Z  * [new tag]           0.0.54                  -> 0.0.54
handle-success	Checkout code	2025-09-22T14:42:30.8512003Z  * [new tag]           0.0.55                  -> 0.0.55
handle-success	Checkout code	2025-09-22T14:42:30.8512380Z  * [new tag]           0.0.56                  -> 0.0.56
handle-success	Checkout code	2025-09-22T14:42:30.8512760Z  * [new tag]           0.0.57                  -> 0.0.57
handle-success	Checkout code	2025-09-22T14:42:30.8513144Z  * [new tag]           0.0.58                  -> 0.0.58
handle-success	Checkout code	2025-09-22T14:42:30.8513518Z  * [new tag]           0.0.59                  -> 0.0.59
handle-success	Checkout code	2025-09-22T14:42:30.8513897Z  * [new tag]           0.0.6                   -> 0.0.6
handle-success	Checkout code	2025-09-22T14:42:30.8514278Z  * [new tag]           0.0.60                  -> 0.0.60
handle-success	Checkout code	2025-09-22T14:42:30.8514660Z  * [new tag]           0.0.61                  -> 0.0.61
handle-success	Checkout code	2025-09-22T14:42:30.8515039Z  * [new tag]           0.0.62                  -> 0.0.62
handle-success	Checkout code	2025-09-22T14:42:30.8515739Z  * [new tag]           0.0.63                  -> 0.0.63
handle-success	Checkout code	2025-09-22T14:42:30.8516128Z  * [new tag]           0.0.64                  -> 0.0.64
handle-success	Checkout code	2025-09-22T14:42:30.8516508Z  * [new tag]           0.0.65                  -> 0.0.65
handle-success	Checkout code	2025-09-22T14:42:30.8516890Z  * [new tag]           0.0.66                  -> 0.0.66
handle-success	Checkout code	2025-09-22T14:42:30.8517273Z  * [new tag]           0.0.67                  -> 0.0.67
handle-success	Checkout code	2025-09-22T14:42:30.8517659Z  * [new tag]           0.0.68                  -> 0.0.68
handle-success	Checkout code	2025-09-22T14:42:30.8518036Z  * [new tag]           0.0.69                  -> 0.0.69
handle-success	Checkout code	2025-09-22T14:42:30.8518417Z  * [new tag]           0.0.7                   -> 0.0.7
handle-success	Checkout code	2025-09-22T14:42:30.8518798Z  * [new tag]           0.0.70                  -> 0.0.70
handle-success	Checkout code	2025-09-22T14:42:30.8519178Z  * [new tag]           0.0.71                  -> 0.0.71
handle-success	Checkout code	2025-09-22T14:42:30.8519558Z  * [new tag]           0.0.72                  -> 0.0.72
handle-success	Checkout code	2025-09-22T14:42:30.8519938Z  * [new tag]           0.0.73                  -> 0.0.73
handle-success	Checkout code	2025-09-22T14:42:30.8520343Z  * [new tag]           0.0.74                  -> 0.0.74
handle-success	Checkout code	2025-09-22T14:42:30.8520733Z  * [new tag]           0.0.75                  -> 0.0.75
handle-success	Checkout code	2025-09-22T14:42:30.8521116Z  * [new tag]           0.0.76                  -> 0.0.76
handle-success	Checkout code	2025-09-22T14:42:30.8521498Z  * [new tag]           0.0.77                  -> 0.0.77
handle-success	Checkout code	2025-09-22T14:42:30.8521884Z  * [new tag]           0.0.78                  -> 0.0.78
handle-success	Checkout code	2025-09-22T14:42:30.8522287Z  * [new tag]           0.0.79                  -> 0.0.79
handle-success	Checkout code	2025-09-22T14:42:30.8522666Z  * [new tag]           0.0.8                   -> 0.0.8
handle-success	Checkout code	2025-09-22T14:42:30.8523051Z  * [new tag]           0.0.80                  -> 0.0.80
handle-success	Checkout code	2025-09-22T14:42:30.8523435Z  * [new tag]           0.0.81                  -> 0.0.81
handle-success	Checkout code	2025-09-22T14:42:30.8523810Z  * [new tag]           0.0.82                  -> 0.0.82
handle-success	Checkout code	2025-09-22T14:42:30.8524197Z  * [new tag]           0.0.83                  -> 0.0.83
handle-success	Checkout code	2025-09-22T14:42:30.8524573Z  * [new tag]           0.0.84                  -> 0.0.84
handle-success	Checkout code	2025-09-22T14:42:30.8525084Z  * [new tag]           0.0.85                  -> 0.0.85
handle-success	Checkout code	2025-09-22T14:42:30.8525507Z  * [new tag]           0.0.86                  -> 0.0.86
handle-success	Checkout code	2025-09-22T14:42:30.8525888Z  * [new tag]           0.0.87                  -> 0.0.87
handle-success	Checkout code	2025-09-22T14:42:30.8526268Z  * [new tag]           0.0.88                  -> 0.0.88
handle-success	Checkout code	2025-09-22T14:42:30.8526642Z  * [new tag]           0.0.89                  -> 0.0.89
handle-success	Checkout code	2025-09-22T14:42:30.8527025Z  * [new tag]           0.0.9                   -> 0.0.9
handle-success	Checkout code	2025-09-22T14:42:30.8527405Z  * [new tag]           0.0.90                  -> 0.0.90
handle-success	Checkout code	2025-09-22T14:42:30.8527781Z  * [new tag]           0.0.91                  -> 0.0.91
handle-success	Checkout code	2025-09-22T14:42:30.8528164Z  * [new tag]           0.0.92                  -> 0.0.92
handle-success	Checkout code	2025-09-22T14:42:30.8528545Z  * [new tag]           0.0.93                  -> 0.0.93
handle-success	Checkout code	2025-09-22T14:42:30.8528924Z  * [new tag]           0.0.94                  -> 0.0.94
handle-success	Checkout code	2025-09-22T14:42:30.8529301Z  * [new tag]           0.0.95                  -> 0.0.95
handle-success	Checkout code	2025-09-22T14:42:30.8529814Z  * [new tag]           0.0.96                  -> 0.0.96
handle-success	Checkout code	2025-09-22T14:42:30.8530193Z  * [new tag]           0.0.97                  -> 0.0.97
handle-success	Checkout code	2025-09-22T14:42:30.8530567Z  * [new tag]           0.0.98                  -> 0.0.98
handle-success	Checkout code	2025-09-22T14:42:30.8530948Z  * [new tag]           0.0.99                  -> 0.0.99
handle-success	Checkout code	2025-09-22T14:42:30.8531326Z  * [new tag]           0.1.0                   -> 0.1.0
handle-success	Checkout code	2025-09-22T14:42:30.8531709Z  * [new tag]           0.1.1                   -> 0.1.1
handle-success	Checkout code	2025-09-22T14:42:30.8532079Z  * [new tag]           0.2.0                   -> 0.2.0
handle-success	Checkout code	2025-09-22T14:42:30.8532454Z  * [new tag]           0.3.0                   -> 0.3.0
handle-success	Checkout code	2025-09-22T14:42:30.8532828Z  * [new tag]           0.3.1                   -> 0.3.1
handle-success	Checkout code	2025-09-22T14:42:30.8533200Z  * [new tag]           0.3.10                  -> 0.3.10
handle-success	Checkout code	2025-09-22T14:42:30.8533582Z  * [new tag]           0.3.11                  -> 0.3.11
handle-success	Checkout code	2025-09-22T14:42:30.8533964Z  * [new tag]           0.3.12                  -> 0.3.12
handle-success	Checkout code	2025-09-22T14:42:30.8534357Z  * [new tag]           0.3.13                  -> 0.3.13
handle-success	Checkout code	2025-09-22T14:42:30.8534735Z  * [new tag]           0.3.14                  -> 0.3.14
handle-success	Checkout code	2025-09-22T14:42:30.8535121Z  * [new tag]           0.3.15                  -> 0.3.15
handle-success	Checkout code	2025-09-22T14:42:30.8535859Z  * [new tag]           0.3.16                  -> 0.3.16
handle-success	Checkout code	2025-09-22T14:42:30.8536377Z  * [new tag]           0.3.17                  -> 0.3.17
handle-success	Checkout code	2025-09-22T14:42:30.8536888Z  * [new tag]           0.3.2                   -> 0.3.2
handle-success	Checkout code	2025-09-22T14:42:30.8537264Z  * [new tag]           0.3.3                   -> 0.3.3
handle-success	Checkout code	2025-09-22T14:42:30.8537636Z  * [new tag]           0.3.4                   -> 0.3.4
handle-success	Checkout code	2025-09-22T14:42:30.8538011Z  * [new tag]           0.3.5                   -> 0.3.5
handle-success	Checkout code	2025-09-22T14:42:30.8538389Z  * [new tag]           0.3.6                   -> 0.3.6
handle-success	Checkout code	2025-09-22T14:42:30.8538762Z  * [new tag]           0.3.7                   -> 0.3.7
handle-success	Checkout code	2025-09-22T14:42:30.8539277Z  * [new tag]           0.3.8                   -> 0.3.8
handle-success	Checkout code	2025-09-22T14:42:30.8539673Z  * [new tag]           0.3.9                   -> 0.3.9
handle-success	Checkout code	2025-09-22T14:42:30.8540175Z  * [new tag]           0.4.0                   -> 0.4.0
handle-success	Checkout code	2025-09-22T14:42:30.8540545Z  * [new tag]           0.4.1                   -> 0.4.1
handle-success	Checkout code	2025-09-22T14:42:30.8540922Z  * [new tag]           0.4.2                   -> 0.4.2
handle-success	Checkout code	2025-09-22T14:42:30.8541297Z  * [new tag]           0.4.3                   -> 0.4.3
handle-success	Checkout code	2025-09-22T14:42:30.8541666Z  * [new tag]           0.4.4                   -> 0.4.4
handle-success	Checkout code	2025-09-22T14:42:30.8542041Z  * [new tag]           0.4.5                   -> 0.4.5
handle-success	Checkout code	2025-09-22T14:42:30.8743865Z [command]/usr/bin/git branch --list --remote origin/H1514-new-swarm-deployment-stack-with-actions-runners-autoscale
handle-success	Checkout code	2025-09-22T14:42:30.8803623Z   origin/H1514-new-swarm-deployment-stack-with-actions-runners-autoscale
handle-success	Checkout code	2025-09-22T14:42:30.8813843Z [command]/usr/bin/git rev-parse refs/remotes/origin/H1514-new-swarm-deployment-stack-with-actions-runners-autoscale
handle-success	Checkout code	2025-09-22T14:42:30.8837809Z 757b9d1299b0e19bb8c280871a52c1b9f42619a9
handle-success	Checkout code	2025-09-22T14:42:30.8849970Z [command]/usr/bin/git -c protocol.version=2 fetch --no-tags --prune --no-recurse-submodules origin +4b750f22371e15385f1563b2d9e9d975393e32c1:refs/remotes/origin/H1514-new-swarm-deployment-stack-with-actions-runners-autoscale
handle-success	Checkout code	2025-09-22T14:42:30.9003097Z From https://github.com/Ka0s-Klaus/ka0s
handle-success	Checkout code	2025-09-22T14:42:30.9004180Z  + 757b9d12...4b750f22 4b750f22371e15385f1563b2d9e9d975393e32c1 -> origin/H1514-new-swarm-deployment-stack-with-actions-runners-autoscale  (forced update)
handle-success	Checkout code	2025-09-22T14:42:30.9032888Z ##[endgroup]
handle-success	Checkout code	2025-09-22T14:42:30.9033859Z ##[group]Determining the checkout info
handle-success	Checkout code	2025-09-22T14:42:30.9034429Z ##[endgroup]
handle-success	Checkout code	2025-09-22T14:42:30.9040758Z [command]/usr/bin/git sparse-checkout disable
handle-success	Checkout code	2025-09-22T14:42:30.9085729Z [command]/usr/bin/git config --local --unset-all extensions.worktreeConfig
handle-success	Checkout code	2025-09-22T14:42:30.9116444Z ##[group]Checking out the ref
handle-success	Checkout code	2025-09-22T14:42:30.9122202Z [command]/usr/bin/git checkout --progress --force -B H1514-new-swarm-deployment-stack-with-actions-runners-autoscale refs/remotes/origin/H1514-new-swarm-deployment-stack-with-actions-runners-autoscale
handle-success	Checkout code	2025-09-22T14:42:31.6651781Z Switched to a new branch 'H1514-new-swarm-deployment-stack-with-actions-runners-autoscale'
handle-success	Checkout code	2025-09-22T14:42:31.6653291Z branch 'H1514-new-swarm-deployment-stack-with-actions-runners-autoscale' set up to track 'origin/H1514-new-swarm-deployment-stack-with-actions-runners-autoscale'.
handle-success	Checkout code	2025-09-22T14:42:31.6788420Z ##[endgroup]
handle-success	Checkout code	2025-09-22T14:42:31.6793956Z [command]/usr/bin/git log -1 --format=%H
handle-success	Checkout code	2025-09-22T14:42:31.6820347Z 4b750f22371e15385f1563b2d9e9d975393e32c1
handle-success	handle-success-execution	ï»¿2025-09-22T14:42:31.7052928Z ##[group]Run # Si todo ha ido correcto aÃ±adimos el contenido del fichero 
handle-success	handle-success-execution	2025-09-22T14:42:31.7053526Z [36;1m# Si todo ha ido correcto aÃ±adimos el contenido del fichero [0m
handle-success	handle-success-execution	2025-09-22T14:42:31.7054236Z [36;1mRNNUMBER=$(echo "refs/heads/H1514-new-swarm-deployment-stack-with-actions-runners-autoscale" | grep -o '[0-9]*')[0m
handle-success	handle-success-execution	2025-09-22T14:42:31.7055324Z [36;1mgh issue comment $RNNUMBER --body "El proceso ha finalizado correctamente 17918899001. El resultado estÃ¡ en el fichero 17918899001.log"[0m
handle-success	handle-success-execution	2025-09-22T14:42:31.7068028Z shell: /usr/bin/bash -e {0}
handle-success	handle-success-execution	2025-09-22T14:42:31.7068414Z env:
handle-success	handle-success-execution	2025-09-22T14:42:31.7068603Z   KAOS_MODULE: [Ka0S] YAMLLINT
handle-success	handle-success-execution	2025-09-22T14:42:31.7069142Z   GH_TOKEN: ***
handle-success	handle-success-execution	2025-09-22T14:42:31.7069382Z   KAOS_YAMLLINT_CONFIG: core/config/.yamllint.json
handle-success	handle-success-execution	2025-09-22T14:42:31.7069693Z   KAOS_PATH_RESUME: audit/yamllint/
handle-success	handle-success-execution	2025-09-22T14:42:31.7069983Z   KAOS_REPO: /actions-runner/_work/kaos/kaos
handle-success	handle-success-execution	2025-09-22T14:42:31.7070258Z   KAOS_STEP_MODULE: 
handle-success	handle-success-execution	2025-09-22T14:42:31.7070466Z   KAOS_CODE: 17918899001
handle-success	handle-success-execution	2025-09-22T14:42:31.7070726Z ##[endgroup]
handle-success	handle-success-execution	2025-09-22T14:42:33.0396894Z https://github.com/Ka0s-Klaus/ka0s/issues/1514#issuecomment-3319486364
handle-success	Post Checkout code	ï»¿2025-09-22T14:42:33.0764572Z Post job cleanup.
handle-success	Post Checkout code	2025-09-22T14:42:33.1827317Z [command]/usr/bin/git version
handle-success	Post Checkout code	2025-09-22T14:42:33.1867835Z git version 2.51.0
handle-success	Post Checkout code	2025-09-22T14:42:33.1916376Z Temporarily overriding HOME='/home/runner/_work/_temp/2739a2dd-05b9-4f6d-80a1-539909abcc74' before making global git config changes
handle-success	Post Checkout code	2025-09-22T14:42:33.1917359Z Adding repository directory to the temporary git global config as a safe directory
handle-success	Post Checkout code	2025-09-22T14:42:33.1922470Z [command]/usr/bin/git config --global --add safe.directory /home/runner/_work/ka0s/ka0s
handle-success	Post Checkout code	2025-09-22T14:42:33.1978882Z [command]/usr/bin/git config --local --name-only --get-regexp core\.sshCommand
handle-success	Post Checkout code	2025-09-22T14:42:33.2015547Z [command]/usr/bin/git submodule foreach --recursive sh -c "git config --local --name-only --get-regexp 'core\.sshCommand' && git config --local --unset-all 'core.sshCommand' || :"
handle-success	Post Checkout code	2025-09-22T14:42:33.2289827Z [command]/usr/bin/git config --local --name-only --get-regexp http\.https\:\/\/github\.com\/\.extraheader
handle-success	Post Checkout code	2025-09-22T14:42:33.2313795Z http.https://github.com/.extraheader
handle-success	Post Checkout code	2025-09-22T14:42:33.2325926Z [command]/usr/bin/git config --local --unset-all http.https://github.com/.extraheader
handle-success	Post Checkout code	2025-09-22T14:42:33.2360449Z [command]/usr/bin/git submodule foreach --recursive sh -c "git config --local --name-only --get-regexp 'http\.https\:\/\/github\.com\/\.extraheader' && git config --local --unset-all 'http.https://github.com/.extraheader' || :"
handle-success	Complete job	ï»¿2025-09-22T14:42:33.2727776Z Cleaning up orphan processes
end-workflow	Set up job	ï»¿2025-09-22T14:43:04.8073012Z Current runner version: '2.328.0'
end-workflow	Set up job	2025-09-22T14:43:04.8081383Z Runner name: '3c7ac4a6b77d'
end-workflow	Set up job	2025-09-22T14:43:04.8082612Z Runner group name: 'swarm-runners'
end-workflow	Set up job	2025-09-22T14:43:04.8083859Z Machine name: '3c7ac4a6b77d'
end-workflow	Set up job	2025-09-22T14:43:04.8088439Z ##[group]GITHUB_TOKEN Permissions
end-workflow	Set up job	2025-09-22T14:43:04.8091929Z Actions: write
end-workflow	Set up job	2025-09-22T14:43:04.8092617Z Contents: write
end-workflow	Set up job	2025-09-22T14:43:04.8093137Z Issues: write
end-workflow	Set up job	2025-09-22T14:43:04.8093784Z Metadata: read
end-workflow	Set up job	2025-09-22T14:43:04.8094286Z PullRequests: write
end-workflow	Set up job	2025-09-22T14:43:04.8094838Z ##[endgroup]
end-workflow	Set up job	2025-09-22T14:43:04.8097678Z Secret source: Actions
end-workflow	Set up job	2025-09-22T14:43:04.8098598Z Prepare workflow directory
end-workflow	Set up job	2025-09-22T14:43:04.8662541Z Prepare all required actions
end-workflow	Set up job	2025-09-22T14:43:04.8701915Z Getting action download info
end-workflow	Set up job	2025-09-22T14:43:05.4402613Z Download action repository 'actions/checkout@v4' (SHA:08eba0b27e820071cde6df949e0beb9ba4906955)
end-workflow	Set up job	2025-09-22T14:43:06.5562052Z Complete job name: end-workflow
end-workflow	Checkout code	ï»¿2025-09-22T14:43:06.6124499Z ##[group]Run actions/checkout@v4
end-workflow	Checkout code	2025-09-22T14:43:06.6126089Z with:
end-workflow	Checkout code	2025-09-22T14:43:06.6126557Z   fetch-depth: 0
end-workflow	Checkout code	2025-09-22T14:43:06.6127298Z   token: ***
end-workflow	Checkout code	2025-09-22T14:43:06.6127753Z   repository: Ka0s-Klaus/ka0s
end-workflow	Checkout code	2025-09-22T14:43:06.6128288Z   ssh-strict: true
end-workflow	Checkout code	2025-09-22T14:43:06.6128740Z   ssh-user: git
end-workflow	Checkout code	2025-09-22T14:43:06.6129198Z   persist-credentials: true
end-workflow	Checkout code	2025-09-22T14:43:06.6129713Z   clean: true
end-workflow	Checkout code	2025-09-22T14:43:06.6130179Z   sparse-checkout-cone-mode: true
end-workflow	Checkout code	2025-09-22T14:43:06.6130739Z   fetch-tags: false
end-workflow	Checkout code	2025-09-22T14:43:06.6131220Z   show-progress: true
end-workflow	Checkout code	2025-09-22T14:43:06.6131691Z   lfs: false
end-workflow	Checkout code	2025-09-22T14:43:06.6132112Z   submodules: false
end-workflow	Checkout code	2025-09-22T14:43:06.6132667Z   set-safe-directory: true
end-workflow	Checkout code	2025-09-22T14:43:06.6154266Z env:
end-workflow	Checkout code	2025-09-22T14:43:06.6154873Z   KAOS_MODULE: [Ka0S] YAMLLINT
end-workflow	Checkout code	2025-09-22T14:43:06.6156141Z   GH_TOKEN: ***
end-workflow	Checkout code	2025-09-22T14:43:06.6156800Z   KAOS_YAMLLINT_CONFIG: core/config/.yamllint.json
end-workflow	Checkout code	2025-09-22T14:43:06.6157462Z   KAOS_PATH_RESUME: audit/yamllint/
end-workflow	Checkout code	2025-09-22T14:43:06.6158136Z   KAOS_REPO: /actions-runner/_work/kaos/kaos
end-workflow	Checkout code	2025-09-22T14:43:06.6158760Z   KAOS_STEP_MODULE: 
end-workflow	Checkout code	2025-09-22T14:43:06.6159239Z   KAOS_CODE: 17918899001
end-workflow	Checkout code	2025-09-22T14:43:06.6159718Z ##[endgroup]
end-workflow	Checkout code	2025-09-22T14:43:06.7332820Z Syncing repository: Ka0s-Klaus/ka0s
end-workflow	Checkout code	2025-09-22T14:43:06.7334813Z ##[group]Getting Git version info
end-workflow	Checkout code	2025-09-22T14:43:06.7336068Z Working directory is '/home/runner/_work/ka0s/ka0s'
end-workflow	Checkout code	2025-09-22T14:43:06.7337097Z [command]/usr/bin/git version
end-workflow	Checkout code	2025-09-22T14:43:06.7337655Z git version 2.51.0
end-workflow	Checkout code	2025-09-22T14:43:06.7354891Z ##[endgroup]
end-workflow	Checkout code	2025-09-22T14:43:06.7374014Z Temporarily overriding HOME='/home/runner/_work/_temp/f9f723c3-9d92-43f5-929a-51b1ddafd46d' before making global git config changes
end-workflow	Checkout code	2025-09-22T14:43:06.7376077Z Adding repository directory to the temporary git global config as a safe directory
end-workflow	Checkout code	2025-09-22T14:43:06.7381557Z [command]/usr/bin/git config --global --add safe.directory /home/runner/_work/ka0s/ka0s
end-workflow	Checkout code	2025-09-22T14:43:06.7419308Z Deleting the contents of '/home/runner/_work/ka0s/ka0s'
end-workflow	Checkout code	2025-09-22T14:43:06.7422929Z ##[group]Initializing the repository
end-workflow	Checkout code	2025-09-22T14:43:06.7437698Z [command]/usr/bin/git init /home/runner/_work/ka0s/ka0s
end-workflow	Checkout code	2025-09-22T14:43:06.7483291Z hint: Using 'master' as the name for the initial branch. This default branch name
end-workflow	Checkout code	2025-09-22T14:43:06.7485791Z hint: is subject to change. To configure the initial branch name to use in all
end-workflow	Checkout code	2025-09-22T14:43:06.7487067Z hint: of your new repositories, which will suppress this warning, call:
end-workflow	Checkout code	2025-09-22T14:43:06.7487863Z hint:
end-workflow	Checkout code	2025-09-22T14:43:06.7488453Z hint: 	git config --global init.defaultBranch <name>
end-workflow	Checkout code	2025-09-22T14:43:06.7489134Z hint:
end-workflow	Checkout code	2025-09-22T14:43:06.7489941Z hint: Names commonly chosen instead of 'master' are 'main', 'trunk' and
end-workflow	Checkout code	2025-09-22T14:43:06.7491148Z hint: 'development'. The just-created branch can be renamed via this command:
end-workflow	Checkout code	2025-09-22T14:43:06.7491980Z hint:
end-workflow	Checkout code	2025-09-22T14:43:06.7492433Z hint: 	git branch -m <name>
end-workflow	Checkout code	2025-09-22T14:43:06.7492971Z hint:
end-workflow	Checkout code	2025-09-22T14:43:06.7493685Z hint: Disable this message with "git config set advice.defaultBranchName false"
end-workflow	Checkout code	2025-09-22T14:43:06.7495428Z Initialized empty Git repository in /home/runner/_work/ka0s/ka0s/.git/
end-workflow	Checkout code	2025-09-22T14:43:06.7497532Z [command]/usr/bin/git remote add origin https://github.com/Ka0s-Klaus/ka0s
end-workflow	Checkout code	2025-09-22T14:43:06.7533332Z ##[endgroup]
end-workflow	Checkout code	2025-09-22T14:43:06.7534272Z ##[group]Disabling automatic garbage collection
end-workflow	Checkout code	2025-09-22T14:43:06.7538872Z [command]/usr/bin/git config --local gc.auto 0
end-workflow	Checkout code	2025-09-22T14:43:06.7574138Z ##[endgroup]
end-workflow	Checkout code	2025-09-22T14:43:06.7575089Z ##[group]Setting up auth
end-workflow	Checkout code	2025-09-22T14:43:06.7580253Z [command]/usr/bin/git config --local --name-only --get-regexp core\.sshCommand
end-workflow	Checkout code	2025-09-22T14:43:06.7616487Z [command]/usr/bin/git submodule foreach --recursive sh -c "git config --local --name-only --get-regexp 'core\.sshCommand' && git config --local --unset-all 'core.sshCommand' || :"
end-workflow	Checkout code	2025-09-22T14:43:06.7883600Z [command]/usr/bin/git config --local --name-only --get-regexp http\.https\:\/\/github\.com\/\.extraheader
end-workflow	Checkout code	2025-09-22T14:43:06.7915528Z [command]/usr/bin/git submodule foreach --recursive sh -c "git config --local --name-only --get-regexp 'http\.https\:\/\/github\.com\/\.extraheader' && git config --local --unset-all 'http.https://github.com/.extraheader' || :"
end-workflow	Checkout code	2025-09-22T14:43:06.8168888Z [command]/usr/bin/git config --local http.https://github.com/.extraheader AUTHORIZATION: basic ***
end-workflow	Checkout code	2025-09-22T14:43:06.8210669Z ##[endgroup]
end-workflow	Checkout code	2025-09-22T14:43:06.8211667Z ##[group]Fetching the repository
end-workflow	Checkout code	2025-09-22T14:43:06.8219362Z [command]/usr/bin/git -c protocol.version=2 fetch --prune --no-recurse-submodules origin +refs/heads/*:refs/remotes/origin/* +refs/tags/*:refs/tags/*
end-workflow	Checkout code	2025-09-22T14:43:15.4935372Z From https://github.com/Ka0s-Klaus/ka0s
end-workflow	Checkout code	2025-09-22T14:43:15.4937608Z  * [new branch]        F1149-desarrollo-de-orchestrator -> origin/F1149-desarrollo-de-orchestrator
end-workflow	Checkout code	2025-09-22T14:43:15.4940261Z  * [new branch]        F1183-personalizaciÃ³n-mÃ³dulo-finops -> origin/F1183-personalizaciÃ³n-mÃ³dulo-finops
end-workflow	Checkout code	2025-09-22T14:43:15.4942346Z  * [new branch]        F1224-new-module-mongodb -> origin/F1224-new-module-mongodb
end-workflow	Checkout code	2025-09-22T14:43:15.4944177Z  * [new branch]        F220-web-de-resultados  -> origin/F220-web-de-resultados
end-workflow	Checkout code	2025-09-22T14:43:15.4946994Z  * [new branch]        F227-despliegue-de-kube-independiente-del-clouder -> origin/F227-despliegue-de-kube-independiente-del-clouder
end-workflow	Checkout code	2025-09-22T14:43:15.4950198Z  * [new branch]        F329-documentacion-metodologia-de-kaos -> origin/F329-documentacion-metodologia-de-kaos
end-workflow	Checkout code	2025-09-22T14:43:15.4952873Z  * [new branch]        F44-creaciÃ³n-mÃ³dulo-versionado -> origin/F44-creaciÃ³n-mÃ³dulo-versionado
end-workflow	Checkout code	2025-09-22T14:43:15.4955599Z  * [new branch]        H1128-mÃ³dulo-de-observabilidad -> origin/H1128-mÃ³dulo-de-observabilidad
end-workflow	Checkout code	2025-09-22T14:43:15.4958116Z  * [new branch]        H1139-como-instalar-arc-control -> origin/H1139-como-instalar-arc-control
end-workflow	Checkout code	2025-09-22T14:43:15.4960641Z  * [new branch]        H1149-desarrollo-de-orchestrator -> origin/H1149-desarrollo-de-orchestrator
end-workflow	Checkout code	2025-09-22T14:43:15.4963398Z  * [new branch]        H1150-desarrollo-de-secciones -> origin/H1150-desarrollo-de-secciones
end-workflow	Checkout code	2025-09-22T14:43:15.4966006Z  * [new branch]        H1151-desarrollo-de-secciones-ii -> origin/H1151-desarrollo-de-secciones-ii
end-workflow	Checkout code	2025-09-22T14:43:15.4968423Z  * [new branch]        H1152-desarrollo-inicio -> origin/H1152-desarrollo-inicio
end-workflow	Checkout code	2025-09-22T14:43:15.4971040Z  * [new branch]        H1183-personalizaciÃ³n-mÃ³dulo-finops -> origin/H1183-personalizaciÃ³n-mÃ³dulo-finops
end-workflow	Checkout code	2025-09-22T14:43:15.4973950Z  * [new branch]        H1193-ejemplo-web-documentacion -> origin/H1193-ejemplo-web-documentacion
end-workflow	Checkout code	2025-09-22T14:43:15.4976406Z  * [new branch]        H1205-web-creation      -> origin/H1205-web-creation
end-workflow	Checkout code	2025-09-22T14:43:15.4978485Z  * [new branch]        H1224-new-module-mongodb -> origin/H1224-new-module-mongodb
end-workflow	Checkout code	2025-09-22T14:43:15.4980646Z  * [new branch]        H1410-modulo-execution  -> origin/H1410-modulo-execution
end-workflow	Checkout code	2025-09-22T14:43:15.4984598Z  * [new branch]        H1514-new-swarm-deployment-stack-with-actions-runners-autoscale -> origin/H1514-new-swarm-deployment-stack-with-actions-runners-autoscale
end-workflow	Checkout code	2025-09-22T14:43:15.4988964Z  * [new branch]        H215-modulo-de-summary  -> origin/H215-modulo-de-summary
end-workflow	Checkout code	2025-09-22T14:43:15.4991104Z  * [new branch]        H220-web-de-resultados  -> origin/H220-web-de-resultados
end-workflow	Checkout code	2025-09-22T14:43:15.4994217Z  * [new branch]        H227-despliegue-de-kube-independiente-del-clouder -> origin/H227-despliegue-de-kube-independiente-del-clouder
end-workflow	Checkout code	2025-09-22T14:43:15.4998011Z  * [new branch]        H306-ficheros-de-estadisticas -> origin/H306-ficheros-de-estadisticas
end-workflow	Checkout code	2025-09-22T14:43:15.5001184Z  * [new branch]        H328-documentacion-modulo-principal-de-kaos -> origin/H328-documentacion-modulo-principal-de-kaos
end-workflow	Checkout code	2025-09-22T14:43:15.5004631Z  * [new branch]        H329-documentacion-metodologia-de-kaos -> origin/H329-documentacion-metodologia-de-kaos
end-workflow	Checkout code	2025-09-22T14:43:15.5008064Z  * [new branch]        H338-relanzador-de-jobs-en-caso-de-pattern -> origin/H338-relanzador-de-jobs-en-caso-de-pattern
end-workflow	Checkout code	2025-09-22T14:43:15.5011681Z  * [new branch]        H38-documentacion-basica-del-proyecto -> origin/H38-documentacion-basica-del-proyecto
end-workflow	Checkout code	2025-09-22T14:43:15.5014673Z  * [new branch]        H44-creaciÃ³n-mÃ³dulo-versionado -> origin/H44-creaciÃ³n-mÃ³dulo-versionado
end-workflow	Checkout code	2025-09-22T14:43:15.5017488Z  * [new branch]        RN1149-desarrollo-de-orchestrator -> origin/RN1149-desarrollo-de-orchestrator
end-workflow	Checkout code	2025-09-22T14:43:15.5020549Z  * [new branch]        RN1183-personalizaciÃ³n-mÃ³dulo-finops -> origin/RN1183-personalizaciÃ³n-mÃ³dulo-finops
end-workflow	Checkout code	2025-09-22T14:43:15.5024491Z  * [new branch]        RN1282-ka0s-error-detected-in-ka0s-workflow-statistics-summary -> origin/RN1282-ka0s-error-detected-in-ka0s-workflow-statistics-summary
end-workflow	Checkout code	2025-09-22T14:43:15.5028095Z  * [new branch]        RN220-web-de-resultados -> origin/RN220-web-de-resultados
end-workflow	Checkout code	2025-09-22T14:43:15.5031223Z  * [new branch]        RN227-despliegue-de-kube-independiente-del-clouder -> origin/RN227-despliegue-de-kube-independiente-del-clouder
end-workflow	Checkout code	2025-09-22T14:43:15.5034943Z  * [new branch]        RN329-documentacion-metodologia-de-kaos -> origin/RN329-documentacion-metodologia-de-kaos
end-workflow	Checkout code	2025-09-22T14:43:15.5037504Z  * [new branch]        main                    -> origin/main
end-workflow	Checkout code	2025-09-22T14:43:15.5039119Z  * [new tag]           0.0.0                   -> 0.0.0
end-workflow	Checkout code	2025-09-22T14:43:15.5040471Z  * [new tag]           0.0.1                   -> 0.0.1
end-workflow	Checkout code	2025-09-22T14:43:15.5042148Z  * [new tag]           0.0.10                  -> 0.0.10
end-workflow	Checkout code	2025-09-22T14:43:15.5043549Z  * [new tag]           0.0.100                 -> 0.0.100
end-workflow	Checkout code	2025-09-22T14:43:15.5044947Z  * [new tag]           0.0.101                 -> 0.0.101
end-workflow	Checkout code	2025-09-22T14:43:15.5046646Z  * [new tag]           0.0.102                 -> 0.0.102
end-workflow	Checkout code	2025-09-22T14:43:15.5048030Z  * [new tag]           0.0.103                 -> 0.0.103
end-workflow	Checkout code	2025-09-22T14:43:15.5049728Z  * [new tag]           0.0.104                 -> 0.0.104
end-workflow	Checkout code	2025-09-22T14:43:15.5051311Z  * [new tag]           0.0.105                 -> 0.0.105
end-workflow	Checkout code	2025-09-22T14:43:15.5052741Z  * [new tag]           0.0.106                 -> 0.0.106
end-workflow	Checkout code	2025-09-22T14:43:15.5054479Z  * [new tag]           0.0.107                 -> 0.0.107
end-workflow	Checkout code	2025-09-22T14:43:15.5055960Z  * [new tag]           0.0.108                 -> 0.0.108
end-workflow	Checkout code	2025-09-22T14:43:15.5057371Z  * [new tag]           0.0.109                 -> 0.0.109
end-workflow	Checkout code	2025-09-22T14:43:15.5058852Z  * [new tag]           0.0.11                  -> 0.0.11
end-workflow	Checkout code	2025-09-22T14:43:15.5060201Z  * [new tag]           0.0.110                 -> 0.0.110
end-workflow	Checkout code	2025-09-22T14:43:15.5061525Z  * [new tag]           0.0.111                 -> 0.0.111
end-workflow	Checkout code	2025-09-22T14:43:15.5062850Z  * [new tag]           0.0.112                 -> 0.0.112
end-workflow	Checkout code	2025-09-22T14:43:15.5064183Z  * [new tag]           0.0.113                 -> 0.0.113
end-workflow	Checkout code	2025-09-22T14:43:15.5065684Z  * [new tag]           0.0.114                 -> 0.0.114
end-workflow	Checkout code	2025-09-22T14:43:15.5067131Z  * [new tag]           0.0.115                 -> 0.0.115
end-workflow	Checkout code	2025-09-22T14:43:15.5068426Z  * [new tag]           0.0.116                 -> 0.0.116
end-workflow	Checkout code	2025-09-22T14:43:15.5069731Z  * [new tag]           0.0.117                 -> 0.0.117
end-workflow	Checkout code	2025-09-22T14:43:15.5071235Z  * [new tag]           0.0.118                 -> 0.0.118
end-workflow	Checkout code	2025-09-22T14:43:15.5072549Z  * [new tag]           0.0.119                 -> 0.0.119
end-workflow	Checkout code	2025-09-22T14:43:15.5073865Z  * [new tag]           0.0.12                  -> 0.0.12
end-workflow	Checkout code	2025-09-22T14:43:15.5075226Z  * [new tag]           0.0.120                 -> 0.0.120
end-workflow	Checkout code	2025-09-22T14:43:15.5077099Z  * [new tag]           0.0.121                 -> 0.0.121
end-workflow	Checkout code	2025-09-22T14:43:15.5078409Z  * [new tag]           0.0.122                 -> 0.0.122
end-workflow	Checkout code	2025-09-22T14:43:15.5079708Z  * [new tag]           0.0.123                 -> 0.0.123
end-workflow	Checkout code	2025-09-22T14:43:15.5081059Z  * [new tag]           0.0.124                 -> 0.0.124
end-workflow	Checkout code	2025-09-22T14:43:15.5082452Z  * [new tag]           0.0.125                 -> 0.0.125
end-workflow	Checkout code	2025-09-22T14:43:15.5083771Z  * [new tag]           0.0.126                 -> 0.0.126
end-workflow	Checkout code	2025-09-22T14:43:15.5085075Z  * [new tag]           0.0.127                 -> 0.0.127
end-workflow	Checkout code	2025-09-22T14:43:15.5086671Z  * [new tag]           0.0.128                 -> 0.0.128
end-workflow	Checkout code	2025-09-22T14:43:15.5088192Z  * [new tag]           0.0.129                 -> 0.0.129
end-workflow	Checkout code	2025-09-22T14:43:15.5089498Z  * [new tag]           0.0.13                  -> 0.0.13
end-workflow	Checkout code	2025-09-22T14:43:15.5090786Z  * [new tag]           0.0.130                 -> 0.0.130
end-workflow	Checkout code	2025-09-22T14:43:15.5092073Z  * [new tag]           0.0.131                 -> 0.0.131
end-workflow	Checkout code	2025-09-22T14:43:15.5093555Z  * [new tag]           0.0.132                 -> 0.0.132
end-workflow	Checkout code	2025-09-22T14:43:15.5094854Z  * [new tag]           0.0.133                 -> 0.0.133
end-workflow	Checkout code	2025-09-22T14:43:15.5096456Z  * [new tag]           0.0.134                 -> 0.0.134
end-workflow	Checkout code	2025-09-22T14:43:15.5097732Z  * [new tag]           0.0.135                 -> 0.0.135
end-workflow	Checkout code	2025-09-22T14:43:15.5099026Z  * [new tag]           0.0.136                 -> 0.0.136
end-workflow	Checkout code	2025-09-22T14:43:15.5100317Z  * [new tag]           0.0.137                 -> 0.0.137
end-workflow	Checkout code	2025-09-22T14:43:15.5101619Z  * [new tag]           0.0.138                 -> 0.0.138
end-workflow	Checkout code	2025-09-22T14:43:15.5102924Z  * [new tag]           0.0.139                 -> 0.0.139
end-workflow	Checkout code	2025-09-22T14:43:15.5104230Z  * [new tag]           0.0.14                  -> 0.0.14
end-workflow	Checkout code	2025-09-22T14:43:15.5105817Z  * [new tag]           0.0.140                 -> 0.0.140
end-workflow	Checkout code	2025-09-22T14:43:15.5107111Z  * [new tag]           0.0.141                 -> 0.0.141
end-workflow	Checkout code	2025-09-22T14:43:15.5108392Z  * [new tag]           0.0.142                 -> 0.0.142
end-workflow	Checkout code	2025-09-22T14:43:15.5109676Z  * [new tag]           0.0.143                 -> 0.0.143
end-workflow	Checkout code	2025-09-22T14:43:15.5110965Z  * [new tag]           0.0.144                 -> 0.0.144
end-workflow	Checkout code	2025-09-22T14:43:15.5112241Z  * [new tag]           0.0.145                 -> 0.0.145
end-workflow	Checkout code	2025-09-22T14:43:15.5113506Z  * [new tag]           0.0.146                 -> 0.0.146
end-workflow	Checkout code	2025-09-22T14:43:15.5114791Z  * [new tag]           0.0.147                 -> 0.0.147
end-workflow	Checkout code	2025-09-22T14:43:15.5116380Z  * [new tag]           0.0.148                 -> 0.0.148
end-workflow	Checkout code	2025-09-22T14:43:15.5117647Z  * [new tag]           0.0.149                 -> 0.0.149
end-workflow	Checkout code	2025-09-22T14:43:15.5118926Z  * [new tag]           0.0.15                  -> 0.0.15
end-workflow	Checkout code	2025-09-22T14:43:15.5120198Z  * [new tag]           0.0.150                 -> 0.0.150
end-workflow	Checkout code	2025-09-22T14:43:15.5121473Z  * [new tag]           0.0.151                 -> 0.0.151
end-workflow	Checkout code	2025-09-22T14:43:15.5122740Z  * [new tag]           0.0.152                 -> 0.0.152
end-workflow	Checkout code	2025-09-22T14:43:15.5123991Z  * [new tag]           0.0.153                 -> 0.0.153
end-workflow	Checkout code	2025-09-22T14:43:15.5125266Z  * [new tag]           0.0.154                 -> 0.0.154
end-workflow	Checkout code	2025-09-22T14:43:15.5126779Z  * [new tag]           0.0.155                 -> 0.0.155
end-workflow	Checkout code	2025-09-22T14:43:15.5128006Z  * [new tag]           0.0.156                 -> 0.0.156
end-workflow	Checkout code	2025-09-22T14:43:15.5129244Z  * [new tag]           0.0.157                 -> 0.0.157
end-workflow	Checkout code	2025-09-22T14:43:15.5130468Z  * [new tag]           0.0.158                 -> 0.0.158
end-workflow	Checkout code	2025-09-22T14:43:15.5131691Z  * [new tag]           0.0.159                 -> 0.0.159
end-workflow	Checkout code	2025-09-22T14:43:15.5132913Z  * [new tag]           0.0.16                  -> 0.0.16
end-workflow	Checkout code	2025-09-22T14:43:15.5134297Z  * [new tag]           0.0.160                 -> 0.0.160
end-workflow	Checkout code	2025-09-22T14:43:15.5135553Z  * [new tag]           0.0.161                 -> 0.0.161
end-workflow	Checkout code	2025-09-22T14:43:15.5136774Z  * [new tag]           0.0.162                 -> 0.0.162
end-workflow	Checkout code	2025-09-22T14:43:15.5138000Z  * [new tag]           0.0.163                 -> 0.0.163
end-workflow	Checkout code	2025-09-22T14:43:15.5139208Z  * [new tag]           0.0.164                 -> 0.0.164
end-workflow	Checkout code	2025-09-22T14:43:15.5140416Z  * [new tag]           0.0.165                 -> 0.0.165
end-workflow	Checkout code	2025-09-22T14:43:15.5141612Z  * [new tag]           0.0.166                 -> 0.0.166
end-workflow	Checkout code	2025-09-22T14:43:15.5143084Z  * [new tag]           0.0.167                 -> 0.0.167
end-workflow	Checkout code	2025-09-22T14:43:15.5144291Z  * [new tag]           0.0.168                 -> 0.0.168
end-workflow	Checkout code	2025-09-22T14:43:15.5145808Z  * [new tag]           0.0.169                 -> 0.0.169
end-workflow	Checkout code	2025-09-22T14:43:15.5147011Z  * [new tag]           0.0.17                  -> 0.0.17
end-workflow	Checkout code	2025-09-22T14:43:15.5148223Z  * [new tag]           0.0.170                 -> 0.0.170
end-workflow	Checkout code	2025-09-22T14:43:15.5149594Z  * [new tag]           0.0.171                 -> 0.0.171
end-workflow	Checkout code	2025-09-22T14:43:15.5150803Z  * [new tag]           0.0.172                 -> 0.0.172
end-workflow	Checkout code	2025-09-22T14:43:15.5152000Z  * [new tag]           0.0.173                 -> 0.0.173
end-workflow	Checkout code	2025-09-22T14:43:15.5153199Z  * [new tag]           0.0.174                 -> 0.0.174
end-workflow	Checkout code	2025-09-22T14:43:15.5154385Z  * [new tag]           0.0.175                 -> 0.0.175
end-workflow	Checkout code	2025-09-22T14:43:15.5155892Z  * [new tag]           0.0.176                 -> 0.0.176
end-workflow	Checkout code	2025-09-22T14:43:15.5157094Z  * [new tag]           0.0.177                 -> 0.0.177
end-workflow	Checkout code	2025-09-22T14:43:15.5158286Z  * [new tag]           0.0.178                 -> 0.0.178
end-workflow	Checkout code	2025-09-22T14:43:15.5159482Z  * [new tag]           0.0.179                 -> 0.0.179
end-workflow	Checkout code	2025-09-22T14:43:15.5160671Z  * [new tag]           0.0.18                  -> 0.0.18
end-workflow	Checkout code	2025-09-22T14:43:15.5161848Z  * [new tag]           0.0.19                  -> 0.0.19
end-workflow	Checkout code	2025-09-22T14:43:15.5163029Z  * [new tag]           0.0.2                   -> 0.0.2
end-workflow	Checkout code	2025-09-22T14:43:15.5164209Z  * [new tag]           0.0.20                  -> 0.0.20
end-workflow	Checkout code	2025-09-22T14:43:15.5165575Z  * [new tag]           0.0.21                  -> 0.0.21
end-workflow	Checkout code	2025-09-22T14:43:15.5184390Z  * [new tag]           0.0.22                  -> 0.0.22
end-workflow	Checkout code	2025-09-22T14:43:15.5186051Z  * [new tag]           0.0.23                  -> 0.0.23
end-workflow	Checkout code	2025-09-22T14:43:15.5187580Z  * [new tag]           0.0.24                  -> 0.0.24
end-workflow	Checkout code	2025-09-22T14:43:15.5188808Z  * [new tag]           0.0.25                  -> 0.0.25
end-workflow	Checkout code	2025-09-22T14:43:15.5190035Z  * [new tag]           0.0.26                  -> 0.0.26
end-workflow	Checkout code	2025-09-22T14:43:15.5191267Z  * [new tag]           0.0.27                  -> 0.0.27
end-workflow	Checkout code	2025-09-22T14:43:15.5192488Z  * [new tag]           0.0.28                  -> 0.0.28
end-workflow	Checkout code	2025-09-22T14:43:15.5193748Z  * [new tag]           0.0.29                  -> 0.0.29
end-workflow	Checkout code	2025-09-22T14:43:15.5195023Z  * [new tag]           0.0.3                   -> 0.0.3
end-workflow	Checkout code	2025-09-22T14:43:15.5196445Z  * [new tag]           0.0.30                  -> 0.0.30
end-workflow	Checkout code	2025-09-22T14:43:15.5197646Z  * [new tag]           0.0.31                  -> 0.0.31
end-workflow	Checkout code	2025-09-22T14:43:15.5198851Z  * [new tag]           0.0.32                  -> 0.0.32
end-workflow	Checkout code	2025-09-22T14:43:15.5200036Z  * [new tag]           0.0.33                  -> 0.0.33
end-workflow	Checkout code	2025-09-22T14:43:15.5201216Z  * [new tag]           0.0.34                  -> 0.0.34
end-workflow	Checkout code	2025-09-22T14:43:15.5202419Z  * [new tag]           0.0.35                  -> 0.0.35
end-workflow	Checkout code	2025-09-22T14:43:15.5203597Z  * [new tag]           0.0.36                  -> 0.0.36
end-workflow	Checkout code	2025-09-22T14:43:15.5204792Z  * [new tag]           0.0.37                  -> 0.0.37
end-workflow	Checkout code	2025-09-22T14:43:15.5206284Z  * [new tag]           0.0.38                  -> 0.0.38
end-workflow	Checkout code	2025-09-22T14:43:15.5207471Z  * [new tag]           0.0.39                  -> 0.0.39
end-workflow	Checkout code	2025-09-22T14:43:15.5208649Z  * [new tag]           0.0.4                   -> 0.0.4
end-workflow	Checkout code	2025-09-22T14:43:15.5209824Z  * [new tag]           0.0.40                  -> 0.0.40
end-workflow	Checkout code	2025-09-22T14:43:15.5211026Z  * [new tag]           0.0.41                  -> 0.0.41
end-workflow	Checkout code	2025-09-22T14:43:15.5212465Z  * [new tag]           0.0.42                  -> 0.0.42
end-workflow	Checkout code	2025-09-22T14:43:15.5213648Z  * [new tag]           0.0.43                  -> 0.0.43
end-workflow	Checkout code	2025-09-22T14:43:15.5214838Z  * [new tag]           0.0.44                  -> 0.0.44
end-workflow	Checkout code	2025-09-22T14:43:15.5216329Z  * [new tag]           0.0.45                  -> 0.0.45
end-workflow	Checkout code	2025-09-22T14:43:15.5217518Z  * [new tag]           0.0.46                  -> 0.0.46
end-workflow	Checkout code	2025-09-22T14:43:15.5218712Z  * [new tag]           0.0.47                  -> 0.0.47
end-workflow	Checkout code	2025-09-22T14:43:15.5219887Z  * [new tag]           0.0.48                  -> 0.0.48
end-workflow	Checkout code	2025-09-22T14:43:15.5221068Z  * [new tag]           0.0.49                  -> 0.0.49
end-workflow	Checkout code	2025-09-22T14:43:15.5222224Z  * [new tag]           0.0.5                   -> 0.0.5
end-workflow	Checkout code	2025-09-22T14:43:15.5223393Z  * [new tag]           0.0.50                  -> 0.0.50
end-workflow	Checkout code	2025-09-22T14:43:15.5224572Z  * [new tag]           0.0.51                  -> 0.0.51
end-workflow	Checkout code	2025-09-22T14:43:15.5226379Z  * [new tag]           0.0.52                  -> 0.0.52
end-workflow	Checkout code	2025-09-22T14:43:15.5227584Z  * [new tag]           0.0.53                  -> 0.0.53
end-workflow	Checkout code	2025-09-22T14:43:15.5228775Z  * [new tag]           0.0.54                  -> 0.0.54
end-workflow	Checkout code	2025-09-22T14:43:15.5229956Z  * [new tag]           0.0.55                  -> 0.0.55
end-workflow	Checkout code	2025-09-22T14:43:15.5231131Z  * [new tag]           0.0.56                  -> 0.0.56
end-workflow	Checkout code	2025-09-22T14:43:15.5232308Z  * [new tag]           0.0.57                  -> 0.0.57
end-workflow	Checkout code	2025-09-22T14:43:15.5233484Z  * [new tag]           0.0.58                  -> 0.0.58
end-workflow	Checkout code	2025-09-22T14:43:15.5234664Z  * [new tag]           0.0.59                  -> 0.0.59
end-workflow	Checkout code	2025-09-22T14:43:15.5236310Z  * [new tag]           0.0.6                   -> 0.0.6
end-workflow	Checkout code	2025-09-22T14:43:15.5237615Z  * [new tag]           0.0.60                  -> 0.0.60
end-workflow	Checkout code	2025-09-22T14:43:15.5238798Z  * [new tag]           0.0.61                  -> 0.0.61
end-workflow	Checkout code	2025-09-22T14:43:15.5239987Z  * [new tag]           0.0.62                  -> 0.0.62
end-workflow	Checkout code	2025-09-22T14:43:15.5241335Z  * [new tag]           0.0.63                  -> 0.0.63
end-workflow	Checkout code	2025-09-22T14:43:15.5242646Z  * [new tag]           0.0.64                  -> 0.0.64
end-workflow	Checkout code	2025-09-22T14:43:15.5243817Z  * [new tag]           0.0.65                  -> 0.0.65
end-workflow	Checkout code	2025-09-22T14:43:15.5245326Z  * [new tag]           0.0.66                  -> 0.0.66
end-workflow	Checkout code	2025-09-22T14:43:15.5246672Z  * [new tag]           0.0.67                  -> 0.0.67
end-workflow	Checkout code	2025-09-22T14:43:15.5247860Z  * [new tag]           0.0.68                  -> 0.0.68
end-workflow	Checkout code	2025-09-22T14:43:15.5249049Z  * [new tag]           0.0.69                  -> 0.0.69
end-workflow	Checkout code	2025-09-22T14:43:15.5250224Z  * [new tag]           0.0.7                   -> 0.0.7
end-workflow	Checkout code	2025-09-22T14:43:15.5251397Z  * [new tag]           0.0.70                  -> 0.0.70
end-workflow	Checkout code	2025-09-22T14:43:15.5252580Z  * [new tag]           0.0.71                  -> 0.0.71
end-workflow	Checkout code	2025-09-22T14:43:15.5253769Z  * [new tag]           0.0.72                  -> 0.0.72
end-workflow	Checkout code	2025-09-22T14:43:15.5254939Z  * [new tag]           0.0.73                  -> 0.0.73
end-workflow	Checkout code	2025-09-22T14:43:15.5256751Z  * [new tag]           0.0.74                  -> 0.0.74
end-workflow	Checkout code	2025-09-22T14:43:15.5257983Z  * [new tag]           0.0.75                  -> 0.0.75
end-workflow	Checkout code	2025-09-22T14:43:15.5259743Z  * [new tag]           0.0.76                  -> 0.0.76
end-workflow	Checkout code	2025-09-22T14:43:15.5261085Z  * [new tag]           0.0.77                  -> 0.0.77
end-workflow	Checkout code	2025-09-22T14:43:15.5262590Z  * [new tag]           0.0.78                  -> 0.0.78
end-workflow	Checkout code	2025-09-22T14:43:15.5263851Z  * [new tag]           0.0.79                  -> 0.0.79
end-workflow	Checkout code	2025-09-22T14:43:15.5265347Z  * [new tag]           0.0.8                   -> 0.0.8
end-workflow	Checkout code	2025-09-22T14:43:15.5266812Z  * [new tag]           0.0.80                  -> 0.0.80
end-workflow	Checkout code	2025-09-22T14:43:15.5267998Z  * [new tag]           0.0.81                  -> 0.0.81
end-workflow	Checkout code	2025-09-22T14:43:15.5269518Z  * [new tag]           0.0.82                  -> 0.0.82
end-workflow	Checkout code	2025-09-22T14:43:15.5270808Z  * [new tag]           0.0.83                  -> 0.0.83
end-workflow	Checkout code	2025-09-22T14:43:15.5272274Z  * [new tag]           0.0.84                  -> 0.0.84
end-workflow	Checkout code	2025-09-22T14:43:15.5273708Z  * [new tag]           0.0.85                  -> 0.0.85
end-workflow	Checkout code	2025-09-22T14:43:15.5275012Z  * [new tag]           0.0.86                  -> 0.0.86
end-workflow	Checkout code	2025-09-22T14:43:15.5276897Z  * [new tag]           0.0.87                  -> 0.0.87
end-workflow	Checkout code	2025-09-22T14:43:15.5278776Z  * [new tag]           0.0.88                  -> 0.0.88
end-workflow	Checkout code	2025-09-22T14:43:15.5280090Z  * [new tag]           0.0.89                  -> 0.0.89
end-workflow	Checkout code	2025-09-22T14:43:15.5281271Z  * [new tag]           0.0.9                   -> 0.0.9
end-workflow	Checkout code	2025-09-22T14:43:15.5282445Z  * [new tag]           0.0.90                  -> 0.0.90
end-workflow	Checkout code	2025-09-22T14:43:15.5283625Z  * [new tag]           0.0.91                  -> 0.0.91
end-workflow	Checkout code	2025-09-22T14:43:15.5284958Z  * [new tag]           0.0.92                  -> 0.0.92
end-workflow	Checkout code	2025-09-22T14:43:15.5286547Z  * [new tag]           0.0.93                  -> 0.0.93
end-workflow	Checkout code	2025-09-22T14:43:15.5287875Z  * [new tag]           0.0.94                  -> 0.0.94
end-workflow	Checkout code	2025-09-22T14:43:15.5289046Z  * [new tag]           0.0.95                  -> 0.0.95
end-workflow	Checkout code	2025-09-22T14:43:15.5290603Z  * [new tag]           0.0.96                  -> 0.0.96
end-workflow	Checkout code	2025-09-22T14:43:15.5291806Z  * [new tag]           0.0.97                  -> 0.0.97
end-workflow	Checkout code	2025-09-22T14:43:15.5293023Z  * [new tag]           0.0.98                  -> 0.0.98
end-workflow	Checkout code	2025-09-22T14:43:15.5294264Z  * [new tag]           0.0.99                  -> 0.0.99
end-workflow	Checkout code	2025-09-22T14:43:15.5295798Z  * [new tag]           0.1.0                   -> 0.1.0
end-workflow	Checkout code	2025-09-22T14:43:15.5297060Z  * [new tag]           0.1.1                   -> 0.1.1
end-workflow	Checkout code	2025-09-22T14:43:15.5298192Z  * [new tag]           0.2.0                   -> 0.2.0
end-workflow	Checkout code	2025-09-22T14:43:15.5299324Z  * [new tag]           0.3.0                   -> 0.3.0
end-workflow	Checkout code	2025-09-22T14:43:15.5300441Z  * [new tag]           0.3.1                   -> 0.3.1
end-workflow	Checkout code	2025-09-22T14:43:15.5301582Z  * [new tag]           0.3.10                  -> 0.3.10
end-workflow	Checkout code	2025-09-22T14:43:15.5302732Z  * [new tag]           0.3.11                  -> 0.3.11
end-workflow	Checkout code	2025-09-22T14:43:15.5303886Z  * [new tag]           0.3.12                  -> 0.3.12
end-workflow	Checkout code	2025-09-22T14:43:15.5305067Z  * [new tag]           0.3.13                  -> 0.3.13
end-workflow	Checkout code	2025-09-22T14:43:15.5306711Z  * [new tag]           0.3.14                  -> 0.3.14
end-workflow	Checkout code	2025-09-22T14:43:15.5307858Z  * [new tag]           0.3.15                  -> 0.3.15
end-workflow	Checkout code	2025-09-22T14:43:15.5309010Z  * [new tag]           0.3.16                  -> 0.3.16
end-workflow	Checkout code	2025-09-22T14:43:15.5310160Z  * [new tag]           0.3.17                  -> 0.3.17
end-workflow	Checkout code	2025-09-22T14:43:15.5311307Z  * [new tag]           0.3.2                   -> 0.3.2
end-workflow	Checkout code	2025-09-22T14:43:15.5312436Z  * [new tag]           0.3.3                   -> 0.3.3
end-workflow	Checkout code	2025-09-22T14:43:15.5313561Z  * [new tag]           0.3.4                   -> 0.3.4
end-workflow	Checkout code	2025-09-22T14:43:15.5314694Z  * [new tag]           0.3.5                   -> 0.3.5
end-workflow	Checkout code	2025-09-22T14:43:15.5316407Z  * [new tag]           0.3.6                   -> 0.3.6
end-workflow	Checkout code	2025-09-22T14:43:15.5317551Z  * [new tag]           0.3.7                   -> 0.3.7
end-workflow	Checkout code	2025-09-22T14:43:15.5318677Z  * [new tag]           0.3.8                   -> 0.3.8
end-workflow	Checkout code	2025-09-22T14:43:15.5319830Z  * [new tag]           0.3.9                   -> 0.3.9
end-workflow	Checkout code	2025-09-22T14:43:15.5320951Z  * [new tag]           0.4.0                   -> 0.4.0
end-workflow	Checkout code	2025-09-22T14:43:15.5322099Z  * [new tag]           0.4.1                   -> 0.4.1
end-workflow	Checkout code	2025-09-22T14:43:15.5323229Z  * [new tag]           0.4.2                   -> 0.4.2
end-workflow	Checkout code	2025-09-22T14:43:15.5324346Z  * [new tag]           0.4.3                   -> 0.4.3
end-workflow	Checkout code	2025-09-22T14:43:15.5325756Z  * [new tag]           0.4.4                   -> 0.4.4
end-workflow	Checkout code	2025-09-22T14:43:15.5326887Z  * [new tag]           0.4.5                   -> 0.4.5
end-workflow	Checkout code	2025-09-22T14:43:15.5330618Z [command]/usr/bin/git branch --list --remote origin/H1514-new-swarm-deployment-stack-with-actions-runners-autoscale
end-workflow	Checkout code	2025-09-22T14:43:15.5340796Z   origin/H1514-new-swarm-deployment-stack-with-actions-runners-autoscale
end-workflow	Checkout code	2025-09-22T14:43:15.5352043Z [command]/usr/bin/git rev-parse refs/remotes/origin/H1514-new-swarm-deployment-stack-with-actions-runners-autoscale
end-workflow	Checkout code	2025-09-22T14:43:15.5374458Z 757b9d1299b0e19bb8c280871a52c1b9f42619a9
end-workflow	Checkout code	2025-09-22T14:43:15.5388191Z [command]/usr/bin/git -c protocol.version=2 fetch --no-tags --prune --no-recurse-submodules origin +4b750f22371e15385f1563b2d9e9d975393e32c1:refs/remotes/origin/H1514-new-swarm-deployment-stack-with-actions-runners-autoscale
end-workflow	Checkout code	2025-09-22T14:43:15.5542866Z From https://github.com/Ka0s-Klaus/ka0s
end-workflow	Checkout code	2025-09-22T14:43:15.5546237Z  + 757b9d12...4b750f22 4b750f22371e15385f1563b2d9e9d975393e32c1 -> origin/H1514-new-swarm-deployment-stack-with-actions-runners-autoscale  (forced update)
end-workflow	Checkout code	2025-09-22T14:43:15.5574251Z ##[endgroup]
end-workflow	Checkout code	2025-09-22T14:43:15.5576209Z ##[group]Determining the checkout info
end-workflow	Checkout code	2025-09-22T14:43:15.5577716Z ##[endgroup]
end-workflow	Checkout code	2025-09-22T14:43:15.5581011Z [command]/usr/bin/git sparse-checkout disable
end-workflow	Checkout code	2025-09-22T14:43:15.5628468Z [command]/usr/bin/git config --local --unset-all extensions.worktreeConfig
end-workflow	Checkout code	2025-09-22T14:43:15.5661695Z ##[group]Checking out the ref
end-workflow	Checkout code	2025-09-22T14:43:15.5667789Z [command]/usr/bin/git checkout --progress --force -B H1514-new-swarm-deployment-stack-with-actions-runners-autoscale refs/remotes/origin/H1514-new-swarm-deployment-stack-with-actions-runners-autoscale
end-workflow	Checkout code	2025-09-22T14:43:16.3625910Z Switched to a new branch 'H1514-new-swarm-deployment-stack-with-actions-runners-autoscale'
end-workflow	Checkout code	2025-09-22T14:43:16.3632671Z branch 'H1514-new-swarm-deployment-stack-with-actions-runners-autoscale' set up to track 'origin/H1514-new-swarm-deployment-stack-with-actions-runners-autoscale'.
end-workflow	Checkout code	2025-09-22T14:43:16.3723233Z ##[endgroup]
end-workflow	Checkout code	2025-09-22T14:43:16.3767626Z [command]/usr/bin/git log -1 --format=%H
end-workflow	Checkout code	2025-09-22T14:43:16.3795795Z 4b750f22371e15385f1563b2d9e9d975393e32c1
end-workflow	Finaliza el workflow	ï»¿2025-09-22T14:43:16.4037239Z ##[group]Run echo "End process"
end-workflow	Finaliza el workflow	2025-09-22T14:43:16.4037659Z [36;1mecho "End process"[0m
end-workflow	Finaliza el workflow	2025-09-22T14:43:16.4038302Z [36;1mRNNUMBER=$(echo "refs/heads/H1514-new-swarm-deployment-stack-with-actions-runners-autoscale" | grep -o '[0-9]*')[0m
end-workflow	Finaliza el workflow	2025-09-22T14:43:16.4039050Z [36;1mgh issue comment $RNNUMBER --body "Se finaliza Ka0s 17918899001"[0m
end-workflow	Finaliza el workflow	2025-09-22T14:43:16.4039764Z [36;1mgh workflow run inspector.yml --ref 'main' -f kaos-issue-id=$RNNUMBER -f kaos-workflow-id="17918899001" -f kaos-user-start=""[0m
end-workflow	Finaliza el workflow	2025-09-22T14:43:16.4051893Z shell: /usr/bin/bash -e {0}
end-workflow	Finaliza el workflow	2025-09-22T14:43:16.4052161Z env:
end-workflow	Finaliza el workflow	2025-09-22T14:43:16.4052372Z   KAOS_MODULE: [Ka0S] YAMLLINT
end-workflow	Finaliza el workflow	2025-09-22T14:43:16.4053014Z   GH_TOKEN: ***
end-workflow	Finaliza el workflow	2025-09-22T14:43:16.4053271Z   KAOS_YAMLLINT_CONFIG: core/config/.yamllint.json
end-workflow	Finaliza el workflow	2025-09-22T14:43:16.4053601Z   KAOS_PATH_RESUME: audit/yamllint/
end-workflow	Finaliza el workflow	2025-09-22T14:43:16.4053900Z   KAOS_REPO: /actions-runner/_work/kaos/kaos
end-workflow	Finaliza el workflow	2025-09-22T14:43:16.4054189Z   KAOS_STEP_MODULE: 
end-workflow	Finaliza el workflow	2025-09-22T14:43:16.4054404Z   KAOS_CODE: 17918899001
end-workflow	Finaliza el workflow	2025-09-22T14:43:16.4054672Z ##[endgroup]
end-workflow	Finaliza el workflow	2025-09-22T14:43:16.4106754Z End process
end-workflow	Finaliza el workflow	2025-09-22T14:43:17.5569324Z https://github.com/Ka0s-Klaus/ka0s/issues/1514#issuecomment-3319490573
end-workflow	Post Checkout code	ï»¿2025-09-22T14:43:18.2809260Z Post job cleanup.
end-workflow	Post Checkout code	2025-09-22T14:43:18.3802187Z [command]/usr/bin/git version
end-workflow	Post Checkout code	2025-09-22T14:43:18.3841692Z git version 2.51.0
end-workflow	Post Checkout code	2025-09-22T14:43:18.3889827Z Temporarily overriding HOME='/home/runner/_work/_temp/75f9692a-273d-432d-ac69-e026ad713126' before making global git config changes
end-workflow	Post Checkout code	2025-09-22T14:43:18.3890835Z Adding repository directory to the temporary git global config as a safe directory
end-workflow	Post Checkout code	2025-09-22T14:43:18.3896190Z [command]/usr/bin/git config --global --add safe.directory /home/runner/_work/ka0s/ka0s
end-workflow	Post Checkout code	2025-09-22T14:43:18.3935333Z [command]/usr/bin/git config --local --name-only --get-regexp core\.sshCommand
end-workflow	Post Checkout code	2025-09-22T14:43:18.3982584Z [command]/usr/bin/git submodule foreach --recursive sh -c "git config --local --name-only --get-regexp 'core\.sshCommand' && git config --local --unset-all 'core.sshCommand' || :"
end-workflow	Post Checkout code	2025-09-22T14:43:18.4238659Z [command]/usr/bin/git config --local --name-only --get-regexp http\.https\:\/\/github\.com\/\.extraheader
end-workflow	Post Checkout code	2025-09-22T14:43:18.4262688Z http.https://github.com/.extraheader
end-workflow	Post Checkout code	2025-09-22T14:43:18.4274584Z [command]/usr/bin/git config --local --unset-all http.https://github.com/.extraheader
end-workflow	Post Checkout code	2025-09-22T14:43:18.4306992Z [command]/usr/bin/git submodule foreach --recursive sh -c "git config --local --name-only --get-regexp 'http\.https\:\/\/github\.com\/\.extraheader' && git config --local --unset-all 'http.https://github.com/.extraheader' || :"
end-workflow	Complete job	ï»¿2025-09-22T14:43:18.4681586Z Cleaning up orphan processes
