job-core	Set up job	﻿2025-09-23T08:12:48.6392662Z Current runner version: '2.328.0'
job-core	Set up job	2025-09-23T08:12:48.6401105Z Runner name: '6f55edf2a2ee'
job-core	Set up job	2025-09-23T08:12:48.6402019Z Runner group name: 'swarm-runners'
job-core	Set up job	2025-09-23T08:12:48.6403102Z Machine name: '6f55edf2a2ee'
job-core	Set up job	2025-09-23T08:12:48.6406583Z ##[group]GITHUB_TOKEN Permissions
job-core	Set up job	2025-09-23T08:12:48.6409219Z Contents: read
job-core	Set up job	2025-09-23T08:12:48.6409914Z Metadata: read
job-core	Set up job	2025-09-23T08:12:48.6410500Z Packages: read
job-core	Set up job	2025-09-23T08:12:48.6411069Z ##[endgroup]
job-core	Set up job	2025-09-23T08:12:48.6413272Z Secret source: Actions
job-core	Set up job	2025-09-23T08:12:48.6414051Z Prepare workflow directory
job-core	Set up job	2025-09-23T08:12:48.7014840Z Prepare all required actions
job-core	Set up job	2025-09-23T08:12:48.7053004Z Getting action download info
job-core	Set up job	2025-09-23T08:12:49.2807298Z Download action repository 'actions/checkout@v4' (SHA:08eba0b27e820071cde6df949e0beb9ba4906955)
job-core	Set up job	2025-09-23T08:12:50.1671804Z Complete job name: job-core
job-core	Checkout code	﻿2025-09-23T08:12:50.2183600Z ##[group]Run actions/checkout@v4
job-core	Checkout code	2025-09-23T08:12:50.2184479Z with:
job-core	Checkout code	2025-09-23T08:12:50.2184902Z   fetch-depth: 0
job-core	Checkout code	2025-09-23T08:12:50.2185938Z   token: ***
job-core	Checkout code	2025-09-23T08:12:50.2186363Z   repository: Ka0s-Klaus/ka0s
job-core	Checkout code	2025-09-23T08:12:50.2186846Z   ssh-strict: true
job-core	Checkout code	2025-09-23T08:12:50.2187266Z   ssh-user: git
job-core	Checkout code	2025-09-23T08:12:50.2187699Z   persist-credentials: true
job-core	Checkout code	2025-09-23T08:12:50.2188175Z   clean: true
job-core	Checkout code	2025-09-23T08:12:50.2188613Z   sparse-checkout-cone-mode: true
job-core	Checkout code	2025-09-23T08:12:50.2189130Z   fetch-tags: false
job-core	Checkout code	2025-09-23T08:12:50.2189557Z   show-progress: true
job-core	Checkout code	2025-09-23T08:12:50.2189992Z   lfs: false
job-core	Checkout code	2025-09-23T08:12:50.2190533Z   submodules: false
job-core	Checkout code	2025-09-23T08:12:50.2191096Z   set-safe-directory: true
job-core	Checkout code	2025-09-23T08:12:50.2191799Z env:
job-core	Checkout code	2025-09-23T08:12:50.2192201Z   KAOS_CODE: 17939782837
job-core	Checkout code	2025-09-23T08:12:50.2192664Z   KAOS_EVENT_NAME: push
job-core	Checkout code	2025-09-23T08:12:50.2193105Z   KAOS_ACTION: 
job-core	Checkout code	2025-09-23T08:12:50.2193824Z   KAOS_REF: refs/heads/H1514-new-swarm-deployment-stack-with-actions-runners-autoscale
job-core	Checkout code	2025-09-23T08:12:50.2194710Z   KAOS_MODULE: [Ka0S] Kaos
job-core	Checkout code	2025-09-23T08:12:50.2195453Z   KAOS_PATH_RESUME: audit/kaos/
job-core	Checkout code	2025-09-23T08:12:50.2196206Z   KAOS_ACTOR: santakloud
job-core	Checkout code	2025-09-23T08:12:50.2196659Z   GITHUB_OUTPUT: 
job-core	Checkout code	2025-09-23T08:12:50.2197063Z ##[endgroup]
job-core	Checkout code	2025-09-23T08:12:50.3371469Z Syncing repository: Ka0s-Klaus/ka0s
job-core	Checkout code	2025-09-23T08:12:50.3373987Z ##[group]Getting Git version info
job-core	Checkout code	2025-09-23T08:12:50.3374692Z Working directory is '/home/runner/_work/ka0s/ka0s'
job-core	Checkout code	2025-09-23T08:12:50.3375885Z [command]/usr/bin/git version
job-core	Checkout code	2025-09-23T08:12:50.3376668Z git version 2.51.0
job-core	Checkout code	2025-09-23T08:12:50.3378606Z ##[endgroup]
job-core	Checkout code	2025-09-23T08:12:50.3394682Z Temporarily overriding HOME='/home/runner/_work/_temp/13342fb5-f802-4ca8-9c44-163cfb53fab4' before making global git config changes
job-core	Checkout code	2025-09-23T08:12:50.3396585Z Adding repository directory to the temporary git global config as a safe directory
job-core	Checkout code	2025-09-23T08:12:50.3401309Z [command]/usr/bin/git config --global --add safe.directory /home/runner/_work/ka0s/ka0s
job-core	Checkout code	2025-09-23T08:12:50.3440302Z Deleting the contents of '/home/runner/_work/ka0s/ka0s'
job-core	Checkout code	2025-09-23T08:12:50.3443941Z ##[group]Initializing the repository
job-core	Checkout code	2025-09-23T08:12:50.3448865Z [command]/usr/bin/git init /home/runner/_work/ka0s/ka0s
job-core	Checkout code	2025-09-23T08:12:50.3495043Z hint: Using 'master' as the name for the initial branch. This default branch name
job-core	Checkout code	2025-09-23T08:12:50.3496328Z hint: is subject to change. To configure the initial branch name to use in all
job-core	Checkout code	2025-09-23T08:12:50.3497386Z hint: of your new repositories, which will suppress this warning, call:
job-core	Checkout code	2025-09-23T08:12:50.3498068Z hint:
job-core	Checkout code	2025-09-23T08:12:50.3498713Z hint: 	git config --global init.defaultBranch <name>
job-core	Checkout code	2025-09-23T08:12:50.3499728Z hint:
job-core	Checkout code	2025-09-23T08:12:50.3500441Z hint: Names commonly chosen instead of 'master' are 'main', 'trunk' and
job-core	Checkout code	2025-09-23T08:12:50.3501489Z hint: 'development'. The just-created branch can be renamed via this command:
job-core	Checkout code	2025-09-23T08:12:50.3502210Z hint:
job-core	Checkout code	2025-09-23T08:12:50.3502617Z hint: 	git branch -m <name>
job-core	Checkout code	2025-09-23T08:12:50.3503083Z hint:
job-core	Checkout code	2025-09-23T08:12:50.3503877Z hint: Disable this message with "git config set advice.defaultBranchName false"
job-core	Checkout code	2025-09-23T08:12:50.3504872Z Initialized empty Git repository in /home/runner/_work/ka0s/ka0s/.git/
job-core	Checkout code	2025-09-23T08:12:50.3507346Z [command]/usr/bin/git remote add origin https://github.com/Ka0s-Klaus/ka0s
job-core	Checkout code	2025-09-23T08:12:50.3541509Z ##[endgroup]
job-core	Checkout code	2025-09-23T08:12:50.3542468Z ##[group]Disabling automatic garbage collection
job-core	Checkout code	2025-09-23T08:12:50.3545060Z [command]/usr/bin/git config --local gc.auto 0
job-core	Checkout code	2025-09-23T08:12:50.3586948Z ##[endgroup]
job-core	Checkout code	2025-09-23T08:12:50.3587890Z ##[group]Setting up auth
job-core	Checkout code	2025-09-23T08:12:50.3588632Z [command]/usr/bin/git config --local --name-only --get-regexp core\.sshCommand
job-core	Checkout code	2025-09-23T08:12:50.3621703Z [command]/usr/bin/git submodule foreach --recursive sh -c "git config --local --name-only --get-regexp 'core\.sshCommand' && git config --local --unset-all 'core.sshCommand' || :"
job-core	Checkout code	2025-09-23T08:12:50.3871047Z [command]/usr/bin/git config --local --name-only --get-regexp http\.https\:\/\/github\.com\/\.extraheader
job-core	Checkout code	2025-09-23T08:12:50.3903844Z [command]/usr/bin/git submodule foreach --recursive sh -c "git config --local --name-only --get-regexp 'http\.https\:\/\/github\.com\/\.extraheader' && git config --local --unset-all 'http.https://github.com/.extraheader' || :"
job-core	Checkout code	2025-09-23T08:12:50.4154070Z [command]/usr/bin/git config --local http.https://github.com/.extraheader AUTHORIZATION: basic ***
job-core	Checkout code	2025-09-23T08:12:50.4191352Z ##[endgroup]
job-core	Checkout code	2025-09-23T08:12:50.4192229Z ##[group]Fetching the repository
job-core	Checkout code	2025-09-23T08:12:50.4200121Z [command]/usr/bin/git -c protocol.version=2 fetch --prune --no-recurse-submodules origin +refs/heads/*:refs/remotes/origin/* +refs/tags/*:refs/tags/*
job-core	Checkout code	2025-09-23T08:12:59.4332401Z From https://github.com/Ka0s-Klaus/ka0s
job-core	Checkout code	2025-09-23T08:12:59.4334610Z  * [new branch]        F1149-desarrollo-de-orchestrator -> origin/F1149-desarrollo-de-orchestrator
job-core	Checkout code	2025-09-23T08:12:59.4337448Z  * [new branch]        F1183-personalización-módulo-finops -> origin/F1183-personalización-módulo-finops
job-core	Checkout code	2025-09-23T08:12:59.4339724Z  * [new branch]        F1224-new-module-mongodb -> origin/F1224-new-module-mongodb
job-core	Checkout code	2025-09-23T08:12:59.4341647Z  * [new branch]        F220-web-de-resultados  -> origin/F220-web-de-resultados
job-core	Checkout code	2025-09-23T08:12:59.4344456Z  * [new branch]        F227-despliegue-de-kube-independiente-del-clouder -> origin/F227-despliegue-de-kube-independiente-del-clouder
job-core	Checkout code	2025-09-23T08:12:59.4348035Z  * [new branch]        F329-documentacion-metodologia-de-kaos -> origin/F329-documentacion-metodologia-de-kaos
job-core	Checkout code	2025-09-23T08:12:59.4350947Z  * [new branch]        F44-creación-módulo-versionado -> origin/F44-creación-módulo-versionado
job-core	Checkout code	2025-09-23T08:12:59.4353395Z  * [new branch]        H1128-módulo-de-observabilidad -> origin/H1128-módulo-de-observabilidad
job-core	Checkout code	2025-09-23T08:12:59.4356052Z  * [new branch]        H1139-como-instalar-arc-control -> origin/H1139-como-instalar-arc-control
job-core	Checkout code	2025-09-23T08:12:59.4359592Z  * [new branch]        H1149-desarrollo-de-orchestrator -> origin/H1149-desarrollo-de-orchestrator
job-core	Checkout code	2025-09-23T08:12:59.4362255Z  * [new branch]        H1150-desarrollo-de-secciones -> origin/H1150-desarrollo-de-secciones
job-core	Checkout code	2025-09-23T08:12:59.4365031Z  * [new branch]        H1151-desarrollo-de-secciones-ii -> origin/H1151-desarrollo-de-secciones-ii
job-core	Checkout code	2025-09-23T08:12:59.4368085Z  * [new branch]        H1152-desarrollo-inicio -> origin/H1152-desarrollo-inicio
job-core	Checkout code	2025-09-23T08:12:59.4370772Z  * [new branch]        H1183-personalización-módulo-finops -> origin/H1183-personalización-módulo-finops
job-core	Checkout code	2025-09-23T08:12:59.4373753Z  * [new branch]        H1193-ejemplo-web-documentacion -> origin/H1193-ejemplo-web-documentacion
job-core	Checkout code	2025-09-23T08:12:59.4376347Z  * [new branch]        H1205-web-creation      -> origin/H1205-web-creation
job-core	Checkout code	2025-09-23T08:12:59.4378486Z  * [new branch]        H1224-new-module-mongodb -> origin/H1224-new-module-mongodb
job-core	Checkout code	2025-09-23T08:12:59.4380726Z  * [new branch]        H1410-modulo-execution  -> origin/H1410-modulo-execution
job-core	Checkout code	2025-09-23T08:12:59.4384765Z  * [new branch]        H1514-new-swarm-deployment-stack-with-actions-runners-autoscale -> origin/H1514-new-swarm-deployment-stack-with-actions-runners-autoscale
job-core	Checkout code	2025-09-23T08:12:59.4389288Z  * [new branch]        H215-modulo-de-summary  -> origin/H215-modulo-de-summary
job-core	Checkout code	2025-09-23T08:12:59.4391499Z  * [new branch]        H220-web-de-resultados  -> origin/H220-web-de-resultados
job-core	Checkout code	2025-09-23T08:12:59.4394760Z  * [new branch]        H227-despliegue-de-kube-independiente-del-clouder -> origin/H227-despliegue-de-kube-independiente-del-clouder
job-core	Checkout code	2025-09-23T08:12:59.4398748Z  * [new branch]        H306-ficheros-de-estadisticas -> origin/H306-ficheros-de-estadisticas
job-core	Checkout code	2025-09-23T08:12:59.4402082Z  * [new branch]        H328-documentacion-modulo-principal-de-kaos -> origin/H328-documentacion-modulo-principal-de-kaos
job-core	Checkout code	2025-09-23T08:12:59.4405897Z  * [new branch]        H329-documentacion-metodologia-de-kaos -> origin/H329-documentacion-metodologia-de-kaos
job-core	Checkout code	2025-09-23T08:12:59.4409568Z  * [new branch]        H338-relanzador-de-jobs-en-caso-de-pattern -> origin/H338-relanzador-de-jobs-en-caso-de-pattern
job-core	Checkout code	2025-09-23T08:12:59.4478945Z  * [new branch]        H38-documentacion-basica-del-proyecto -> origin/H38-documentacion-basica-del-proyecto
job-core	Checkout code	2025-09-23T08:12:59.4482726Z  * [new branch]        H44-creación-módulo-versionado -> origin/H44-creación-módulo-versionado
job-core	Checkout code	2025-09-23T08:12:59.4485986Z  * [new branch]        RN1149-desarrollo-de-orchestrator -> origin/RN1149-desarrollo-de-orchestrator
job-core	Checkout code	2025-09-23T08:12:59.4489222Z  * [new branch]        RN1183-personalización-módulo-finops -> origin/RN1183-personalización-módulo-finops
job-core	Checkout code	2025-09-23T08:12:59.4493433Z  * [new branch]        RN1282-ka0s-error-detected-in-ka0s-workflow-statistics-summary -> origin/RN1282-ka0s-error-detected-in-ka0s-workflow-statistics-summary
job-core	Checkout code	2025-09-23T08:12:59.4497644Z  * [new branch]        RN220-web-de-resultados -> origin/RN220-web-de-resultados
job-core	Checkout code	2025-09-23T08:12:59.4500793Z  * [new branch]        RN227-despliegue-de-kube-independiente-del-clouder -> origin/RN227-despliegue-de-kube-independiente-del-clouder
job-core	Checkout code	2025-09-23T08:12:59.4504581Z  * [new branch]        RN329-documentacion-metodologia-de-kaos -> origin/RN329-documentacion-metodologia-de-kaos
job-core	Checkout code	2025-09-23T08:12:59.4507391Z  * [new branch]        main                    -> origin/main
job-core	Checkout code	2025-09-23T08:12:59.4508926Z  * [new tag]           0.0.0                   -> 0.0.0
job-core	Checkout code	2025-09-23T08:12:59.4510356Z  * [new tag]           0.0.1                   -> 0.0.1
job-core	Checkout code	2025-09-23T08:12:59.4511793Z  * [new tag]           0.0.10                  -> 0.0.10
job-core	Checkout code	2025-09-23T08:12:59.4513252Z  * [new tag]           0.0.100                 -> 0.0.100
job-core	Checkout code	2025-09-23T08:12:59.4514728Z  * [new tag]           0.0.101                 -> 0.0.101
job-core	Checkout code	2025-09-23T08:12:59.4516507Z  * [new tag]           0.0.102                 -> 0.0.102
job-core	Checkout code	2025-09-23T08:12:59.4517956Z  * [new tag]           0.0.103                 -> 0.0.103
job-core	Checkout code	2025-09-23T08:12:59.4519398Z  * [new tag]           0.0.104                 -> 0.0.104
job-core	Checkout code	2025-09-23T08:12:59.4520793Z  * [new tag]           0.0.105                 -> 0.0.105
job-core	Checkout code	2025-09-23T08:12:59.4522201Z  * [new tag]           0.0.106                 -> 0.0.106
job-core	Checkout code	2025-09-23T08:12:59.4523602Z  * [new tag]           0.0.107                 -> 0.0.107
job-core	Checkout code	2025-09-23T08:12:59.4525000Z  * [new tag]           0.0.108                 -> 0.0.108
job-core	Checkout code	2025-09-23T08:12:59.4526845Z  * [new tag]           0.0.109                 -> 0.0.109
job-core	Checkout code	2025-09-23T08:12:59.4528196Z  * [new tag]           0.0.11                  -> 0.0.11
job-core	Checkout code	2025-09-23T08:12:59.4529562Z  * [new tag]           0.0.110                 -> 0.0.110
job-core	Checkout code	2025-09-23T08:12:59.4530915Z  * [new tag]           0.0.111                 -> 0.0.111
job-core	Checkout code	2025-09-23T08:12:59.4532264Z  * [new tag]           0.0.112                 -> 0.0.112
job-core	Checkout code	2025-09-23T08:12:59.4533620Z  * [new tag]           0.0.113                 -> 0.0.113
job-core	Checkout code	2025-09-23T08:12:59.4534964Z  * [new tag]           0.0.114                 -> 0.0.114
job-core	Checkout code	2025-09-23T08:12:59.4536641Z  * [new tag]           0.0.115                 -> 0.0.115
job-core	Checkout code	2025-09-23T08:12:59.4537995Z  * [new tag]           0.0.116                 -> 0.0.116
job-core	Checkout code	2025-09-23T08:12:59.4539383Z  * [new tag]           0.0.117                 -> 0.0.117
job-core	Checkout code	2025-09-23T08:12:59.4540744Z  * [new tag]           0.0.118                 -> 0.0.118
job-core	Checkout code	2025-09-23T08:12:59.4542383Z  * [new tag]           0.0.119                 -> 0.0.119
job-core	Checkout code	2025-09-23T08:12:59.4543736Z  * [new tag]           0.0.12                  -> 0.0.12
job-core	Checkout code	2025-09-23T08:12:59.4545081Z  * [new tag]           0.0.120                 -> 0.0.120
job-core	Checkout code	2025-09-23T08:12:59.4546732Z  * [new tag]           0.0.121                 -> 0.0.121
job-core	Checkout code	2025-09-23T08:12:59.4548080Z  * [new tag]           0.0.122                 -> 0.0.122
job-core	Checkout code	2025-09-23T08:12:59.4549415Z  * [new tag]           0.0.123                 -> 0.0.123
job-core	Checkout code	2025-09-23T08:12:59.4550792Z  * [new tag]           0.0.124                 -> 0.0.124
job-core	Checkout code	2025-09-23T08:12:59.4552145Z  * [new tag]           0.0.125                 -> 0.0.125
job-core	Checkout code	2025-09-23T08:12:59.4553682Z  * [new tag]           0.0.126                 -> 0.0.126
job-core	Checkout code	2025-09-23T08:12:59.4555016Z  * [new tag]           0.0.127                 -> 0.0.127
job-core	Checkout code	2025-09-23T08:12:59.4557153Z  * [new tag]           0.0.128                 -> 0.0.128
job-core	Checkout code	2025-09-23T08:12:59.4558501Z  * [new tag]           0.0.129                 -> 0.0.129
job-core	Checkout code	2025-09-23T08:12:59.4559818Z  * [new tag]           0.0.13                  -> 0.0.13
job-core	Checkout code	2025-09-23T08:12:59.4561139Z  * [new tag]           0.0.130                 -> 0.0.130
job-core	Checkout code	2025-09-23T08:12:59.4562472Z  * [new tag]           0.0.131                 -> 0.0.131
job-core	Checkout code	2025-09-23T08:12:59.4563793Z  * [new tag]           0.0.132                 -> 0.0.132
job-core	Checkout code	2025-09-23T08:12:59.4565120Z  * [new tag]           0.0.133                 -> 0.0.133
job-core	Checkout code	2025-09-23T08:12:59.4566932Z  * [new tag]           0.0.134                 -> 0.0.134
job-core	Checkout code	2025-09-23T08:12:59.4568246Z  * [new tag]           0.0.135                 -> 0.0.135
job-core	Checkout code	2025-09-23T08:12:59.4569579Z  * [new tag]           0.0.136                 -> 0.0.136
job-core	Checkout code	2025-09-23T08:12:59.4570898Z  * [new tag]           0.0.137                 -> 0.0.137
job-core	Checkout code	2025-09-23T08:12:59.4572228Z  * [new tag]           0.0.138                 -> 0.0.138
job-core	Checkout code	2025-09-23T08:12:59.4573562Z  * [new tag]           0.0.139                 -> 0.0.139
job-core	Checkout code	2025-09-23T08:12:59.4574893Z  * [new tag]           0.0.14                  -> 0.0.14
job-core	Checkout code	2025-09-23T08:12:59.4577000Z  * [new tag]           0.0.140                 -> 0.0.140
job-core	Checkout code	2025-09-23T08:12:59.4578316Z  * [new tag]           0.0.141                 -> 0.0.141
job-core	Checkout code	2025-09-23T08:12:59.4579630Z  * [new tag]           0.0.142                 -> 0.0.142
job-core	Checkout code	2025-09-23T08:12:59.4580932Z  * [new tag]           0.0.143                 -> 0.0.143
job-core	Checkout code	2025-09-23T08:12:59.4582227Z  * [new tag]           0.0.144                 -> 0.0.144
job-core	Checkout code	2025-09-23T08:12:59.4583504Z  * [new tag]           0.0.145                 -> 0.0.145
job-core	Checkout code	2025-09-23T08:12:59.4584783Z  * [new tag]           0.0.146                 -> 0.0.146
job-core	Checkout code	2025-09-23T08:12:59.4586373Z  * [new tag]           0.0.147                 -> 0.0.147
job-core	Checkout code	2025-09-23T08:12:59.4587652Z  * [new tag]           0.0.148                 -> 0.0.148
job-core	Checkout code	2025-09-23T08:12:59.4588937Z  * [new tag]           0.0.149                 -> 0.0.149
job-core	Checkout code	2025-09-23T08:12:59.4590209Z  * [new tag]           0.0.15                  -> 0.0.15
job-core	Checkout code	2025-09-23T08:12:59.4591491Z  * [new tag]           0.0.150                 -> 0.0.150
job-core	Checkout code	2025-09-23T08:12:59.4592785Z  * [new tag]           0.0.151                 -> 0.0.151
job-core	Checkout code	2025-09-23T08:12:59.4594054Z  * [new tag]           0.0.152                 -> 0.0.152
job-core	Checkout code	2025-09-23T08:12:59.4595491Z  * [new tag]           0.0.153                 -> 0.0.153
job-core	Checkout code	2025-09-23T08:12:59.4596884Z  * [new tag]           0.0.154                 -> 0.0.154
job-core	Checkout code	2025-09-23T08:12:59.4598138Z  * [new tag]           0.0.155                 -> 0.0.155
job-core	Checkout code	2025-09-23T08:12:59.4599390Z  * [new tag]           0.0.156                 -> 0.0.156
job-core	Checkout code	2025-09-23T08:12:59.4600807Z  * [new tag]           0.0.157                 -> 0.0.157
job-core	Checkout code	2025-09-23T08:12:59.4602201Z  * [new tag]           0.0.158                 -> 0.0.158
job-core	Checkout code	2025-09-23T08:12:59.4603438Z  * [new tag]           0.0.159                 -> 0.0.159
job-core	Checkout code	2025-09-23T08:12:59.4604683Z  * [new tag]           0.0.16                  -> 0.0.16
job-core	Checkout code	2025-09-23T08:12:59.4606352Z  * [new tag]           0.0.160                 -> 0.0.160
job-core	Checkout code	2025-09-23T08:12:59.4607764Z  * [new tag]           0.0.161                 -> 0.0.161
job-core	Checkout code	2025-09-23T08:12:59.4609017Z  * [new tag]           0.0.162                 -> 0.0.162
job-core	Checkout code	2025-09-23T08:12:59.4610281Z  * [new tag]           0.0.163                 -> 0.0.163
job-core	Checkout code	2025-09-23T08:12:59.4611519Z  * [new tag]           0.0.164                 -> 0.0.164
job-core	Checkout code	2025-09-23T08:12:59.4612756Z  * [new tag]           0.0.165                 -> 0.0.165
job-core	Checkout code	2025-09-23T08:12:59.4613996Z  * [new tag]           0.0.166                 -> 0.0.166
job-core	Checkout code	2025-09-23T08:12:59.4615442Z  * [new tag]           0.0.167                 -> 0.0.167
job-core	Checkout code	2025-09-23T08:12:59.4616835Z  * [new tag]           0.0.168                 -> 0.0.168
job-core	Checkout code	2025-09-23T08:12:59.4618070Z  * [new tag]           0.0.169                 -> 0.0.169
job-core	Checkout code	2025-09-23T08:12:59.4619314Z  * [new tag]           0.0.17                  -> 0.0.17
job-core	Checkout code	2025-09-23T08:12:59.4620725Z  * [new tag]           0.0.170                 -> 0.0.170
job-core	Checkout code	2025-09-23T08:12:59.4621959Z  * [new tag]           0.0.171                 -> 0.0.171
job-core	Checkout code	2025-09-23T08:12:59.4623220Z  * [new tag]           0.0.172                 -> 0.0.172
job-core	Checkout code	2025-09-23T08:12:59.4624460Z  * [new tag]           0.0.173                 -> 0.0.173
job-core	Checkout code	2025-09-23T08:12:59.4626018Z  * [new tag]           0.0.174                 -> 0.0.174
job-core	Checkout code	2025-09-23T08:12:59.4627258Z  * [new tag]           0.0.175                 -> 0.0.175
job-core	Checkout code	2025-09-23T08:12:59.4628491Z  * [new tag]           0.0.176                 -> 0.0.176
job-core	Checkout code	2025-09-23T08:12:59.4629716Z  * [new tag]           0.0.177                 -> 0.0.177
job-core	Checkout code	2025-09-23T08:12:59.4630950Z  * [new tag]           0.0.178                 -> 0.0.178
job-core	Checkout code	2025-09-23T08:12:59.4632188Z  * [new tag]           0.0.179                 -> 0.0.179
job-core	Checkout code	2025-09-23T08:12:59.4633426Z  * [new tag]           0.0.18                  -> 0.0.18
job-core	Checkout code	2025-09-23T08:12:59.4634646Z  * [new tag]           0.0.19                  -> 0.0.19
job-core	Checkout code	2025-09-23T08:12:59.4636188Z  * [new tag]           0.0.2                   -> 0.0.2
job-core	Checkout code	2025-09-23T08:12:59.4637431Z  * [new tag]           0.0.20                  -> 0.0.20
job-core	Checkout code	2025-09-23T08:12:59.4638662Z  * [new tag]           0.0.21                  -> 0.0.21
job-core	Checkout code	2025-09-23T08:12:59.4639894Z  * [new tag]           0.0.22                  -> 0.0.22
job-core	Checkout code	2025-09-23T08:12:59.4641126Z  * [new tag]           0.0.23                  -> 0.0.23
job-core	Checkout code	2025-09-23T08:12:59.4642633Z  * [new tag]           0.0.24                  -> 0.0.24
job-core	Checkout code	2025-09-23T08:12:59.4643871Z  * [new tag]           0.0.25                  -> 0.0.25
job-core	Checkout code	2025-09-23T08:12:59.4645434Z  * [new tag]           0.0.26                  -> 0.0.26
job-core	Checkout code	2025-09-23T08:12:59.4646941Z  * [new tag]           0.0.27                  -> 0.0.27
job-core	Checkout code	2025-09-23T08:12:59.4648177Z  * [new tag]           0.0.28                  -> 0.0.28
job-core	Checkout code	2025-09-23T08:12:59.4649437Z  * [new tag]           0.0.29                  -> 0.0.29
job-core	Checkout code	2025-09-23T08:12:59.4650841Z  * [new tag]           0.0.3                   -> 0.0.3
job-core	Checkout code	2025-09-23T08:12:59.4652215Z  * [new tag]           0.0.30                  -> 0.0.30
job-core	Checkout code	2025-09-23T08:12:59.4653469Z  * [new tag]           0.0.31                  -> 0.0.31
job-core	Checkout code	2025-09-23T08:12:59.4654699Z  * [new tag]           0.0.32                  -> 0.0.32
job-core	Checkout code	2025-09-23T08:12:59.4656150Z  * [new tag]           0.0.33                  -> 0.0.33
job-core	Checkout code	2025-09-23T08:12:59.4657675Z  * [new tag]           0.0.34                  -> 0.0.34
job-core	Checkout code	2025-09-23T08:12:59.4659226Z  * [new tag]           0.0.35                  -> 0.0.35
job-core	Checkout code	2025-09-23T08:12:59.4660882Z  * [new tag]           0.0.36                  -> 0.0.36
job-core	Checkout code	2025-09-23T08:12:59.4662406Z  * [new tag]           0.0.37                  -> 0.0.37
job-core	Checkout code	2025-09-23T08:12:59.4663683Z  * [new tag]           0.0.38                  -> 0.0.38
job-core	Checkout code	2025-09-23T08:12:59.4664950Z  * [new tag]           0.0.39                  -> 0.0.39
job-core	Checkout code	2025-09-23T08:12:59.4666701Z  * [new tag]           0.0.4                   -> 0.0.4
job-core	Checkout code	2025-09-23T08:12:59.4667939Z  * [new tag]           0.0.40                  -> 0.0.40
job-core	Checkout code	2025-09-23T08:12:59.4669365Z  * [new tag]           0.0.41                  -> 0.0.41
job-core	Checkout code	2025-09-23T08:12:59.4671205Z  * [new tag]           0.0.42                  -> 0.0.42
job-core	Checkout code	2025-09-23T08:12:59.4672729Z  * [new tag]           0.0.43                  -> 0.0.43
job-core	Checkout code	2025-09-23T08:12:59.4673977Z  * [new tag]           0.0.44                  -> 0.0.44
job-core	Checkout code	2025-09-23T08:12:59.4675428Z  * [new tag]           0.0.45                  -> 0.0.45
job-core	Checkout code	2025-09-23T08:12:59.4676849Z  * [new tag]           0.0.46                  -> 0.0.46
job-core	Checkout code	2025-09-23T08:12:59.4678429Z  * [new tag]           0.0.47                  -> 0.0.47
job-core	Checkout code	2025-09-23T08:12:59.4679815Z  * [new tag]           0.0.48                  -> 0.0.48
job-core	Checkout code	2025-09-23T08:12:59.4681090Z  * [new tag]           0.0.49                  -> 0.0.49
job-core	Checkout code	2025-09-23T08:12:59.4682495Z  * [new tag]           0.0.5                   -> 0.0.5
job-core	Checkout code	2025-09-23T08:12:59.4683923Z  * [new tag]           0.0.50                  -> 0.0.50
job-core	Checkout code	2025-09-23T08:12:59.4685419Z  * [new tag]           0.0.51                  -> 0.0.51
job-core	Checkout code	2025-09-23T08:12:59.4687030Z  * [new tag]           0.0.52                  -> 0.0.52
job-core	Checkout code	2025-09-23T08:12:59.4688303Z  * [new tag]           0.0.53                  -> 0.0.53
job-core	Checkout code	2025-09-23T08:12:59.4689694Z  * [new tag]           0.0.54                  -> 0.0.54
job-core	Checkout code	2025-09-23T08:12:59.4690988Z  * [new tag]           0.0.55                  -> 0.0.55
job-core	Checkout code	2025-09-23T08:12:59.4692281Z  * [new tag]           0.0.56                  -> 0.0.56
job-core	Checkout code	2025-09-23T08:12:59.4693593Z  * [new tag]           0.0.57                  -> 0.0.57
job-core	Checkout code	2025-09-23T08:12:59.4694874Z  * [new tag]           0.0.58                  -> 0.0.58
job-core	Checkout code	2025-09-23T08:12:59.4696493Z  * [new tag]           0.0.59                  -> 0.0.59
job-core	Checkout code	2025-09-23T08:12:59.4697755Z  * [new tag]           0.0.6                   -> 0.0.6
job-core	Checkout code	2025-09-23T08:12:59.4698998Z  * [new tag]           0.0.60                  -> 0.0.60
job-core	Checkout code	2025-09-23T08:12:59.4700228Z  * [new tag]           0.0.61                  -> 0.0.61
job-core	Checkout code	2025-09-23T08:12:59.4701476Z  * [new tag]           0.0.62                  -> 0.0.62
job-core	Checkout code	2025-09-23T08:12:59.4702685Z  * [new tag]           0.0.63                  -> 0.0.63
job-core	Checkout code	2025-09-23T08:12:59.4703914Z  * [new tag]           0.0.64                  -> 0.0.64
job-core	Checkout code	2025-09-23T08:12:59.4705125Z  * [new tag]           0.0.65                  -> 0.0.65
job-core	Checkout code	2025-09-23T08:12:59.4706805Z  * [new tag]           0.0.66                  -> 0.0.66
job-core	Checkout code	2025-09-23T08:12:59.4708027Z  * [new tag]           0.0.67                  -> 0.0.67
job-core	Checkout code	2025-09-23T08:12:59.4709238Z  * [new tag]           0.0.68                  -> 0.0.68
job-core	Checkout code	2025-09-23T08:12:59.4710455Z  * [new tag]           0.0.69                  -> 0.0.69
job-core	Checkout code	2025-09-23T08:12:59.4711644Z  * [new tag]           0.0.7                   -> 0.0.7
job-core	Checkout code	2025-09-23T08:12:59.4712831Z  * [new tag]           0.0.70                  -> 0.0.70
job-core	Checkout code	2025-09-23T08:12:59.4714035Z  * [new tag]           0.0.71                  -> 0.0.71
job-core	Checkout code	2025-09-23T08:12:59.4715451Z  * [new tag]           0.0.72                  -> 0.0.72
job-core	Checkout code	2025-09-23T08:12:59.4716946Z  * [new tag]           0.0.73                  -> 0.0.73
job-core	Checkout code	2025-09-23T08:12:59.4718146Z  * [new tag]           0.0.74                  -> 0.0.74
job-core	Checkout code	2025-09-23T08:12:59.4719357Z  * [new tag]           0.0.75                  -> 0.0.75
job-core	Checkout code	2025-09-23T08:12:59.4720557Z  * [new tag]           0.0.76                  -> 0.0.76
job-core	Checkout code	2025-09-23T08:12:59.4721755Z  * [new tag]           0.0.77                  -> 0.0.77
job-core	Checkout code	2025-09-23T08:12:59.4722973Z  * [new tag]           0.0.78                  -> 0.0.78
job-core	Checkout code	2025-09-23T08:12:59.4724182Z  * [new tag]           0.0.79                  -> 0.0.79
job-core	Checkout code	2025-09-23T08:12:59.4725564Z  * [new tag]           0.0.8                   -> 0.0.8
job-core	Checkout code	2025-09-23T08:12:59.4727009Z  * [new tag]           0.0.80                  -> 0.0.80
job-core	Checkout code	2025-09-23T08:12:59.4728198Z  * [new tag]           0.0.81                  -> 0.0.81
job-core	Checkout code	2025-09-23T08:12:59.4729363Z  * [new tag]           0.0.82                  -> 0.0.82
job-core	Checkout code	2025-09-23T08:12:59.4730550Z  * [new tag]           0.0.83                  -> 0.0.83
job-core	Checkout code	2025-09-23T08:12:59.4731745Z  * [new tag]           0.0.84                  -> 0.0.84
job-core	Checkout code	2025-09-23T08:12:59.4732933Z  * [new tag]           0.0.85                  -> 0.0.85
job-core	Checkout code	2025-09-23T08:12:59.4734355Z  * [new tag]           0.0.86                  -> 0.0.86
job-core	Checkout code	2025-09-23T08:12:59.4735891Z  * [new tag]           0.0.87                  -> 0.0.87
job-core	Checkout code	2025-09-23T08:12:59.4748655Z  * [new tag]           0.0.88                  -> 0.0.88
job-core	Checkout code	2025-09-23T08:12:59.4750466Z  * [new tag]           0.0.89                  -> 0.0.89
job-core	Checkout code	2025-09-23T08:12:59.4751805Z  * [new tag]           0.0.9                   -> 0.0.9
job-core	Checkout code	2025-09-23T08:12:59.4752999Z  * [new tag]           0.0.90                  -> 0.0.90
job-core	Checkout code	2025-09-23T08:12:59.4754197Z  * [new tag]           0.0.91                  -> 0.0.91
job-core	Checkout code	2025-09-23T08:12:59.4756030Z  * [new tag]           0.0.92                  -> 0.0.92
job-core	Checkout code	2025-09-23T08:12:59.4757357Z  * [new tag]           0.0.93                  -> 0.0.93
job-core	Checkout code	2025-09-23T08:12:59.4758548Z  * [new tag]           0.0.94                  -> 0.0.94
job-core	Checkout code	2025-09-23T08:12:59.4760280Z  * [new tag]           0.0.95                  -> 0.0.95
job-core	Checkout code	2025-09-23T08:12:59.4761646Z  * [new tag]           0.0.96                  -> 0.0.96
job-core	Checkout code	2025-09-23T08:12:59.4762890Z  * [new tag]           0.0.97                  -> 0.0.97
job-core	Checkout code	2025-09-23T08:12:59.4764129Z  * [new tag]           0.0.98                  -> 0.0.98
job-core	Checkout code	2025-09-23T08:12:59.4765532Z  * [new tag]           0.0.99                  -> 0.0.99
job-core	Checkout code	2025-09-23T08:12:59.4766729Z  * [new tag]           0.1.0                   -> 0.1.0
job-core	Checkout code	2025-09-23T08:12:59.4767907Z  * [new tag]           0.1.1                   -> 0.1.1
job-core	Checkout code	2025-09-23T08:12:59.4769071Z  * [new tag]           0.2.0                   -> 0.2.0
job-core	Checkout code	2025-09-23T08:12:59.4770231Z  * [new tag]           0.3.0                   -> 0.3.0
job-core	Checkout code	2025-09-23T08:12:59.4771544Z  * [new tag]           0.3.1                   -> 0.3.1
job-core	Checkout code	2025-09-23T08:12:59.4772959Z  * [new tag]           0.3.10                  -> 0.3.10
job-core	Checkout code	2025-09-23T08:12:59.4774336Z  * [new tag]           0.3.11                  -> 0.3.11
job-core	Checkout code	2025-09-23T08:12:59.4776015Z  * [new tag]           0.3.12                  -> 0.3.12
job-core	Checkout code	2025-09-23T08:12:59.4777522Z  * [new tag]           0.3.13                  -> 0.3.13
job-core	Checkout code	2025-09-23T08:12:59.4778870Z  * [new tag]           0.3.14                  -> 0.3.14
job-core	Checkout code	2025-09-23T08:12:59.4780163Z  * [new tag]           0.3.15                  -> 0.3.15
job-core	Checkout code	2025-09-23T08:12:59.4781569Z  * [new tag]           0.3.16                  -> 0.3.16
job-core	Checkout code	2025-09-23T08:12:59.4783205Z  * [new tag]           0.3.17                  -> 0.3.17
job-core	Checkout code	2025-09-23T08:12:59.4784755Z  * [new tag]           0.3.2                   -> 0.3.2
job-core	Checkout code	2025-09-23T08:12:59.4786105Z  * [new tag]           0.3.3                   -> 0.3.3
job-core	Checkout code	2025-09-23T08:12:59.4787446Z  * [new tag]           0.3.4                   -> 0.3.4
job-core	Checkout code	2025-09-23T08:12:59.4788695Z  * [new tag]           0.3.5                   -> 0.3.5
job-core	Checkout code	2025-09-23T08:12:59.4789930Z  * [new tag]           0.3.6                   -> 0.3.6
job-core	Checkout code	2025-09-23T08:12:59.4791420Z  * [new tag]           0.3.7                   -> 0.3.7
job-core	Checkout code	2025-09-23T08:12:59.4792766Z  * [new tag]           0.3.8                   -> 0.3.8
job-core	Checkout code	2025-09-23T08:12:59.4793953Z  * [new tag]           0.3.9                   -> 0.3.9
job-core	Checkout code	2025-09-23T08:12:59.4795223Z  * [new tag]           0.4.0                   -> 0.4.0
job-core	Checkout code	2025-09-23T08:12:59.4796862Z  * [new tag]           0.4.1                   -> 0.4.1
job-core	Checkout code	2025-09-23T08:12:59.4798226Z  * [new tag]           0.4.2                   -> 0.4.2
job-core	Checkout code	2025-09-23T08:12:59.4799463Z  * [new tag]           0.4.3                   -> 0.4.3
job-core	Checkout code	2025-09-23T08:12:59.4800702Z  * [new tag]           0.4.4                   -> 0.4.4
job-core	Checkout code	2025-09-23T08:12:59.4802031Z  * [new tag]           0.4.5                   -> 0.4.5
job-core	Checkout code	2025-09-23T08:12:59.4803206Z  * [new tag]           0.4.6                   -> 0.4.6
job-core	Checkout code	2025-09-23T08:12:59.4807522Z [command]/usr/bin/git branch --list --remote origin/H1514-new-swarm-deployment-stack-with-actions-runners-autoscale
job-core	Checkout code	2025-09-23T08:12:59.4810129Z   origin/H1514-new-swarm-deployment-stack-with-actions-runners-autoscale
job-core	Checkout code	2025-09-23T08:12:59.4814083Z [command]/usr/bin/git rev-parse refs/remotes/origin/H1514-new-swarm-deployment-stack-with-actions-runners-autoscale
job-core	Checkout code	2025-09-23T08:12:59.4817023Z 5bbfaeaec3900effbc65604019d08f3d4f0d199e
job-core	Checkout code	2025-09-23T08:12:59.4819671Z ##[endgroup]
job-core	Checkout code	2025-09-23T08:12:59.4821006Z ##[group]Determining the checkout info
job-core	Checkout code	2025-09-23T08:12:59.4822528Z ##[endgroup]
job-core	Checkout code	2025-09-23T08:12:59.4823392Z [command]/usr/bin/git sparse-checkout disable
job-core	Checkout code	2025-09-23T08:12:59.4841664Z [command]/usr/bin/git config --local --unset-all extensions.worktreeConfig
job-core	Checkout code	2025-09-23T08:12:59.4876358Z ##[group]Checking out the ref
job-core	Checkout code	2025-09-23T08:12:59.4882100Z [command]/usr/bin/git checkout --progress --force -B H1514-new-swarm-deployment-stack-with-actions-runners-autoscale refs/remotes/origin/H1514-new-swarm-deployment-stack-with-actions-runners-autoscale
job-core	Checkout code	2025-09-23T08:13:00.2363551Z Switched to a new branch 'H1514-new-swarm-deployment-stack-with-actions-runners-autoscale'
job-core	Checkout code	2025-09-23T08:13:00.2365925Z branch 'H1514-new-swarm-deployment-stack-with-actions-runners-autoscale' set up to track 'origin/H1514-new-swarm-deployment-stack-with-actions-runners-autoscale'.
job-core	Checkout code	2025-09-23T08:13:00.2476392Z ##[endgroup]
job-core	Checkout code	2025-09-23T08:13:00.2524786Z [command]/usr/bin/git log -1 --format=%H
job-core	Checkout code	2025-09-23T08:13:00.2551483Z 5bbfaeaec3900effbc65604019d08f3d4f0d199e
job-core	Validate file extensions	﻿2025-09-23T08:13:00.2781763Z ##[group]Run # Nueva ejecución
job-core	Validate file extensions	2025-09-23T08:13:00.2782246Z [36;1m# Nueva ejecución[0m
job-core	Validate file extensions	2025-09-23T08:13:00.2782931Z [36;1mIFS=',' read -r -a extensions <<< "***"[0m
job-core	Validate file extensions	2025-09-23T08:13:00.2783372Z [36;1mfor file in $(git diff --name-only HEAD~1 HEAD); do[0m
job-core	Validate file extensions	2025-09-23T08:13:00.2783765Z [36;1m  extension="${file##*.}"[0m
job-core	Validate file extensions	2025-09-23T08:13:00.2784140Z [36;1m  if [[ ! " ${extensions[@]} " =~ " ${extension} " ]]; then[0m
job-core	Validate file extensions	2025-09-23T08:13:00.2784605Z [36;1m    echo "File $file has an invalid extension: $extension"[0m
job-core	Validate file extensions	2025-09-23T08:13:00.2784995Z [36;1m  fi[0m
job-core	Validate file extensions	2025-09-23T08:13:00.2785316Z [36;1mdone[0m
job-core	Validate file extensions	2025-09-23T08:13:00.2793164Z [36;1mRNNUMBER=$(echo "H1514-new-swarm-deployment-stack-with-actions-runners-autoscale" | grep -o '[0-9]*')[0m
job-core	Validate file extensions	2025-09-23T08:13:00.2794001Z [36;1mgh issue comment $RNNUMBER --body "Se inicia Ka0s 17939782837 "[0m
job-core	Validate file extensions	2025-09-23T08:13:00.2806953Z shell: /usr/bin/bash -e {0}
job-core	Validate file extensions	2025-09-23T08:13:00.2807298Z env:
job-core	Validate file extensions	2025-09-23T08:13:00.2807559Z   KAOS_CODE: 17939782837
job-core	Validate file extensions	2025-09-23T08:13:00.2807902Z   KAOS_EVENT_NAME: push
job-core	Validate file extensions	2025-09-23T08:13:00.2808182Z   KAOS_ACTION: 
job-core	Validate file extensions	2025-09-23T08:13:00.2808642Z   KAOS_REF: refs/heads/H1514-new-swarm-deployment-stack-with-actions-runners-autoscale
job-core	Validate file extensions	2025-09-23T08:13:00.2809176Z   KAOS_MODULE: [Ka0S] Kaos
job-core	Validate file extensions	2025-09-23T08:13:00.2809492Z   KAOS_PATH_RESUME: audit/kaos/
job-core	Validate file extensions	2025-09-23T08:13:00.2809801Z   KAOS_ACTOR: santakloud
job-core	Validate file extensions	2025-09-23T08:13:00.2810088Z   GITHUB_OUTPUT: 
job-core	Validate file extensions	2025-09-23T08:13:00.2810685Z   GH_TOKEN: ***
job-core	Validate file extensions	2025-09-23T08:13:00.2810952Z ##[endgroup]
job-core	Validate file extensions	2025-09-23T08:13:00.2891552Z File audit/kaos/17939762388-files-in-commit.txt has an invalid extension: txt
job-core	Validate file extensions	2025-09-23T08:13:01.2625025Z https://github.com/Ka0s-Klaus/ka0s/issues/1514#issuecomment-3322882721
job-core	Crear JSON	﻿2025-09-23T08:13:01.2826000Z ##[group]Run # Generar JSON válido con comillas escapadas
job-core	Crear JSON	2025-09-23T08:13:01.2845007Z [36;1m# Generar JSON válido con comillas escapadas[0m
job-core	Crear JSON	2025-09-23T08:13:01.2845980Z [36;1mecho '{[0m
job-core	Crear JSON	2025-09-23T08:13:01.2846696Z [36;1m  "after": "5bbfaeaec3900effbc65604019d08f3d4f0d199e",[0m
job-core	Crear JSON	2025-09-23T08:13:01.2847551Z [36;1m  "base_ref": null,[0m
job-core	Crear JSON	2025-09-23T08:13:01.2848331Z [36;1m  "before": "35cb5b7a978cdc709ae9b6f5fab2dc3a8338b020",[0m
job-core	Crear JSON	2025-09-23T08:13:01.2849185Z [36;1m  "commits": [[0m
job-core	Crear JSON	2025-09-23T08:13:01.2849734Z [36;1m    {[0m
job-core	Crear JSON	2025-09-23T08:13:01.2850234Z [36;1m      "author": {[0m
job-core	Crear JSON	2025-09-23T08:13:01.2850892Z [36;1m        "email": "asantacana@kyndryl.com",[0m
job-core	Crear JSON	2025-09-23T08:13:01.2851684Z [36;1m        "name": "asantacana1970",[0m
job-core	Crear JSON	2025-09-23T08:13:01.2852435Z [36;1m        "username": "asantacana1970"[0m
job-core	Crear JSON	2025-09-23T08:13:01.2853120Z [36;1m      },[0m
job-core	Crear JSON	2025-09-23T08:13:01.2853627Z [36;1m      "committer": {[0m
job-core	Crear JSON	2025-09-23T08:13:01.2854303Z [36;1m        "email": "asantacana@kyndryl.com",[0m
job-core	Crear JSON	2025-09-23T08:13:01.2855311Z [36;1m        "name": "asantacana1970",[0m
job-core	Crear JSON	2025-09-23T08:13:01.2856539Z [36;1m        "username": "asantacana1970"[0m
job-core	Crear JSON	2025-09-23T08:13:01.2857223Z [36;1m      },[0m
job-core	Crear JSON	2025-09-23T08:13:01.2857738Z [36;1m      "distinct": true,[0m
job-core	Crear JSON	2025-09-23T08:13:01.2858495Z [36;1m      "id": "52415806149cc334fc43e4900e1abc74e322d5a4",[0m
job-core	Crear JSON	2025-09-23T08:13:01.2859348Z [36;1m      "message": "update and upload",[0m
job-core	Crear JSON	2025-09-23T08:13:01.2860158Z [36;1m      "timestamp": "2025-09-23T10:12:01+02:00",[0m
job-core	Crear JSON	2025-09-23T08:13:01.2861152Z [36;1m      "tree_id": "8778c85e9f5ef35db322519b0905f498f48ddc3a",[0m
job-core	Crear JSON	2025-09-23T08:13:01.2862620Z [36;1m      "url": "https://github.com/Ka0s-Klaus/ka0s/commit/52415806149cc334fc43e4900e1abc74e322d5a4"[0m
job-core	Crear JSON	2025-09-23T08:13:01.2863815Z [36;1m    },[0m
job-core	Crear JSON	2025-09-23T08:13:01.2864303Z [36;1m    {[0m
job-core	Crear JSON	2025-09-23T08:13:01.2864801Z [36;1m      "author": {[0m
job-core	Crear JSON	2025-09-23T08:13:01.2865619Z [36;1m        "email": "asantacana@kyndryl.com",[0m
job-core	Crear JSON	2025-09-23T08:13:01.2866423Z [36;1m        "name": "asantacana1970",[0m
job-core	Crear JSON	2025-09-23T08:13:01.2867180Z [36;1m        "username": "asantacana1970"[0m
job-core	Crear JSON	2025-09-23T08:13:01.2867872Z [36;1m      },[0m
job-core	Crear JSON	2025-09-23T08:13:01.2868381Z [36;1m      "committer": {[0m
job-core	Crear JSON	2025-09-23T08:13:01.2869055Z [36;1m        "email": "asantacana@kyndryl.com",[0m
job-core	Crear JSON	2025-09-23T08:13:01.2869836Z [36;1m        "name": "asantacana1970",[0m
job-core	Crear JSON	2025-09-23T08:13:01.2870578Z [36;1m        "username": "asantacana1970"[0m
job-core	Crear JSON	2025-09-23T08:13:01.2871257Z [36;1m      },[0m
job-core	Crear JSON	2025-09-23T08:13:01.2871765Z [36;1m      "distinct": true,[0m
job-core	Crear JSON	2025-09-23T08:13:01.2872535Z [36;1m      "id": "5bbfaeaec3900effbc65604019d08f3d4f0d199e",[0m
job-core	Crear JSON	2025-09-23T08:13:01.2875065Z [36;1m      "message": "Merge branch 'H1514-new-swarm-deployment-stack-with-actions-runners-autoscale' of https://github.com/Ka0s-Klaus/ka0s into H1514-new-swarm-deployment-stack-with-actions-runners-autoscale",[0m
job-core	Crear JSON	2025-09-23T08:13:01.2877690Z [36;1m      "timestamp": "2025-09-23T10:12:05+02:00",[0m
job-core	Crear JSON	2025-09-23T08:13:01.2878629Z [36;1m      "tree_id": "f3a03b46e81afe6951c74ec2de700c3f03921fd9",[0m
job-core	Crear JSON	2025-09-23T08:13:01.2880039Z [36;1m      "url": "https://github.com/Ka0s-Klaus/ka0s/commit/5bbfaeaec3900effbc65604019d08f3d4f0d199e"[0m
job-core	Crear JSON	2025-09-23T08:13:01.2881240Z [36;1m    }[0m
job-core	Crear JSON	2025-09-23T08:13:01.2881716Z [36;1m  ],[0m
job-core	Crear JSON	2025-09-23T08:13:01.2882657Z [36;1m  "compare": "https://github.com/Ka0s-Klaus/ka0s/compare/35cb5b7a978c...5bbfaeaec390",[0m
job-core	Crear JSON	2025-09-23T08:13:01.2883790Z [36;1m  "created": false,[0m
job-core	Crear JSON	2025-09-23T08:13:01.2884395Z [36;1m  "deleted": false,[0m
job-core	Crear JSON	2025-09-23T08:13:01.2884996Z [36;1m  "forced": false,[0m
job-core	Crear JSON	2025-09-23T08:13:01.2885682Z [36;1m  "head_commit": {[0m
job-core	Crear JSON	2025-09-23T08:13:01.2886269Z [36;1m    "author": {[0m
job-core	Crear JSON	2025-09-23T08:13:01.2886907Z [36;1m      "email": "asantacana@kyndryl.com",[0m
job-core	Crear JSON	2025-09-23T08:13:01.2887684Z [36;1m      "name": "asantacana1970",[0m
job-core	Crear JSON	2025-09-23T08:13:01.2888418Z [36;1m      "username": "asantacana1970"[0m
job-core	Crear JSON	2025-09-23T08:13:01.2889097Z [36;1m    },[0m
job-core	Crear JSON	2025-09-23T08:13:01.2890097Z [36;1m    "committer": {[0m
job-core	Crear JSON	2025-09-23T08:13:01.2890757Z [36;1m      "email": "asantacana@kyndryl.com",[0m
job-core	Crear JSON	2025-09-23T08:13:01.2891536Z [36;1m      "name": "asantacana1970",[0m
job-core	Crear JSON	2025-09-23T08:13:01.2892273Z [36;1m      "username": "asantacana1970"[0m
job-core	Crear JSON	2025-09-23T08:13:01.2892944Z [36;1m    },[0m
job-core	Crear JSON	2025-09-23T08:13:01.2893450Z [36;1m    "distinct": true,[0m
job-core	Crear JSON	2025-09-23T08:13:01.2894208Z [36;1m    "id": "5bbfaeaec3900effbc65604019d08f3d4f0d199e",[0m
job-core	Crear JSON	2025-09-23T08:13:01.2896878Z [36;1m    "message": "Merge branch 'H1514-new-swarm-deployment-stack-with-actions-runners-autoscale' of https://github.com/Ka0s-Klaus/ka0s into H1514-new-swarm-deployment-stack-with-actions-runners-autoscale",[0m
job-core	Crear JSON	2025-09-23T08:13:01.2899341Z [36;1m    "timestamp": "2025-09-23T10:12:05+02:00",[0m
job-core	Crear JSON	2025-09-23T08:13:01.2900250Z [36;1m    "tree_id": "f3a03b46e81afe6951c74ec2de700c3f03921fd9",[0m
job-core	Crear JSON	2025-09-23T08:13:01.2901644Z [36;1m    "url": "https://github.com/Ka0s-Klaus/ka0s/commit/5bbfaeaec3900effbc65604019d08f3d4f0d199e"[0m
job-core	Crear JSON	2025-09-23T08:13:01.2902853Z [36;1m  },[0m
job-core	Crear JSON	2025-09-23T08:13:01.2903378Z [36;1m  "organization": {[0m
job-core	Crear JSON	2025-09-23T08:13:01.2904604Z [36;1m    "avatar_url": "https://avatars.githubusercontent.com/u/197099031?v=4",[0m
job-core	Crear JSON	2025-09-23T08:13:01.2906657Z [36;1m    "description": "Albert Einstein dijo una vez: \"... si tu intención es describir la verdad, hazlo con sencillez y la elegancia déjasela al sastre.\"",[0m
job-core	Crear JSON	2025-09-23T08:13:01.2908504Z [36;1m    "events_url": "https://api.github.com/orgs/Ka0s-Klaus/events",[0m
job-core	Crear JSON	2025-09-23T08:13:01.2909682Z [36;1m    "hooks_url": "https://api.github.com/orgs/Ka0s-Klaus/hooks",[0m
job-core	Crear JSON	2025-09-23T08:13:01.2910591Z [36;1m    "id": 197099031,[0m
job-core	Crear JSON	2025-09-23T08:13:01.2911442Z [36;1m    "issues_url": "https://api.github.com/orgs/Ka0s-Klaus/issues",[0m
job-core	Crear JSON	2025-09-23T08:13:01.2912390Z [36;1m    "login": "Ka0s-Klaus",[0m
job-core	Crear JSON	2025-09-23T08:13:01.2913388Z [36;1m    "members_url": "https://api.github.com/orgs/Ka0s-Klaus/members{/member}",[0m
job-core	Crear JSON	2025-09-23T08:13:01.2914477Z [36;1m    "node_id": "O_kgDOC79-Fw",[0m
job-core	Crear JSON	2025-09-23T08:13:01.2915720Z [36;1m    "public_members_url": "https://api.github.com/orgs/Ka0s-Klaus/public_members{/member}",[0m
job-core	Crear JSON	2025-09-23T08:13:01.2917144Z [36;1m    "repos_url": "https://api.github.com/orgs/Ka0s-Klaus/repos",[0m
job-core	Crear JSON	2025-09-23T08:13:01.2918206Z [36;1m    "url": "https://api.github.com/orgs/Ka0s-Klaus"[0m
job-core	Crear JSON	2025-09-23T08:13:01.2918997Z [36;1m  },[0m
job-core	Crear JSON	2025-09-23T08:13:01.2919499Z [36;1m  "pusher": {[0m
job-core	Crear JSON	2025-09-23T08:13:01.2920271Z [36;1m    "email": "73332898+santakloud@users.noreply.github.com",[0m
job-core	Crear JSON	2025-09-23T08:13:01.2921162Z [36;1m    "name": "santakloud"[0m
job-core	Crear JSON	2025-09-23T08:13:01.2921776Z [36;1m  },[0m
job-core	Crear JSON	2025-09-23T08:13:01.2922807Z [36;1m  "ref": "refs/heads/H1514-new-swarm-deployment-stack-with-actions-runners-autoscale",[0m
job-core	Crear JSON	2025-09-23T08:13:01.2924022Z [36;1m  "repository": {[0m
job-core	Crear JSON	2025-09-23T08:13:01.2924637Z [36;1m    "allow_forking": true,[0m
job-core	Crear JSON	2025-09-23T08:13:01.2925833Z [36;1m    "archive_url": "https://api.github.com/repos/Ka0s-Klaus/ka0s/{archive_format}{/ref}",[0m
job-core	Crear JSON	2025-09-23T08:13:01.2926995Z [36;1m    "archived": false,[0m
job-core	Crear JSON	2025-09-23T08:13:01.2928058Z [36;1m    "assignees_url": "https://api.github.com/repos/Ka0s-Klaus/ka0s/assignees{/user}",[0m
job-core	Crear JSON	2025-09-23T08:13:01.2929515Z [36;1m    "blobs_url": "https://api.github.com/repos/Ka0s-Klaus/ka0s/git/blobs{/sha}",[0m
job-core	Crear JSON	2025-09-23T08:13:01.2930966Z [36;1m    "branches_url": "https://api.github.com/repos/Ka0s-Klaus/ka0s/branches{/branch}",[0m
job-core	Crear JSON	2025-09-23T08:13:01.2932242Z [36;1m    "clone_url": "https://github.com/Ka0s-Klaus/ka0s.git",[0m
job-core	Crear JSON	2025-09-23T08:13:01.2933688Z [36;1m    "collaborators_url": "https://api.github.com/repos/Ka0s-Klaus/ka0s/collaborators{/collaborator}",[0m
job-core	Crear JSON	2025-09-23T08:13:01.2935531Z [36;1m    "comments_url": "https://api.github.com/repos/Ka0s-Klaus/ka0s/comments{/number}",[0m
job-core	Crear JSON	2025-09-23T08:13:01.2936989Z [36;1m    "commits_url": "https://api.github.com/repos/Ka0s-Klaus/ka0s/commits{/sha}",[0m
job-core	Crear JSON	2025-09-23T08:13:01.2938481Z [36;1m    "compare_url": "https://api.github.com/repos/Ka0s-Klaus/ka0s/compare/{base}...{head}",[0m
job-core	Crear JSON	2025-09-23T08:13:01.2940367Z [36;1m    "contents_url": "https://api.github.com/repos/Ka0s-Klaus/ka0s/contents/{+path}",[0m
job-core	Crear JSON	2025-09-23T08:13:01.2941859Z [36;1m    "contributors_url": "https://api.github.com/repos/Ka0s-Klaus/ka0s/contributors",[0m
job-core	Crear JSON	2025-09-23T08:13:01.2942974Z [36;1m    "created_at": 1738252206,[0m
job-core	Crear JSON	2025-09-23T08:13:01.2943667Z [36;1m    "custom_properties": {},[0m
job-core	Crear JSON	2025-09-23T08:13:01.2944358Z [36;1m    "default_branch": "main",[0m
job-core	Crear JSON	2025-09-23T08:13:01.2945524Z [36;1m    "deployments_url": "https://api.github.com/repos/Ka0s-Klaus/ka0s/deployments",[0m
job-core	Crear JSON	2025-09-23T08:13:01.2946688Z [36;1m    "description": "Ka0s versión Klaus",[0m
job-core	Crear JSON	2025-09-23T08:13:01.2947442Z [36;1m    "disabled": false,[0m
job-core	Crear JSON	2025-09-23T08:13:01.2948442Z [36;1m    "downloads_url": "https://api.github.com/repos/Ka0s-Klaus/ka0s/downloads",[0m
job-core	Crear JSON	2025-09-23T08:13:01.2949500Z [36;1m    "events_url": "https://api.github.com/repos/Ka0s-Klaus/ka0s/events",[0m
job-core	Crear JSON	2025-09-23T08:13:01.2950294Z [36;1m    "fork": false,[0m
job-core	Crear JSON	2025-09-23T08:13:01.2950768Z [36;1m    "forks": 0,[0m
job-core	Crear JSON	2025-09-23T08:13:01.2951445Z [36;1m    "forks_count": 0,[0m
job-core	Crear JSON	2025-09-23T08:13:01.2952150Z [36;1m    "forks_url": "https://api.github.com/repos/Ka0s-Klaus/ka0s/forks",[0m
job-core	Crear JSON	2025-09-23T08:13:01.2952953Z [36;1m    "full_name": "Ka0s-Klaus/ka0s",[0m
job-core	Crear JSON	2025-09-23T08:13:01.2953864Z [36;1m    "git_commits_url": "https://api.github.com/repos/Ka0s-Klaus/ka0s/git/commits{/sha}",[0m
job-core	Crear JSON	2025-09-23T08:13:01.2955025Z [36;1m    "git_refs_url": "https://api.github.com/repos/Ka0s-Klaus/ka0s/git/refs{/sha}",[0m
job-core	Crear JSON	2025-09-23T08:13:01.2956204Z [36;1m    "git_tags_url": "https://api.github.com/repos/Ka0s-Klaus/ka0s/git/tags{/sha}",[0m
job-core	Crear JSON	2025-09-23T08:13:01.2957145Z [36;1m    "git_url": "git://github.com/Ka0s-Klaus/ka0s.git",[0m
job-core	Crear JSON	2025-09-23T08:13:01.2957812Z [36;1m    "has_discussions": false,[0m
job-core	Crear JSON	2025-09-23T08:13:01.2958358Z [36;1m    "has_downloads": true,[0m
job-core	Crear JSON	2025-09-23T08:13:01.2958878Z [36;1m    "has_issues": true,[0m
job-core	Crear JSON	2025-09-23T08:13:01.2959391Z [36;1m    "has_pages": false,[0m
job-core	Crear JSON	2025-09-23T08:13:01.2959905Z [36;1m    "has_projects": true,[0m
job-core	Crear JSON	2025-09-23T08:13:01.2960414Z [36;1m    "has_wiki": false,[0m
job-core	Crear JSON	2025-09-23T08:13:01.2960912Z [36;1m    "homepage": null,[0m
job-core	Crear JSON	2025-09-23T08:13:01.2961628Z [36;1m    "hooks_url": "https://api.github.com/repos/Ka0s-Klaus/ka0s/hooks",[0m
job-core	Crear JSON	2025-09-23T08:13:01.2962517Z [36;1m    "html_url": "https://github.com/Ka0s-Klaus/ka0s",[0m
job-core	Crear JSON	2025-09-23T08:13:01.2963162Z [36;1m    "id": 924757528,[0m
job-core	Crear JSON	2025-09-23T08:13:01.2963648Z [36;1m    "is_template": false,[0m
job-core	Crear JSON	2025-09-23T08:13:01.2964574Z [36;1m    "issue_comment_url": "https://api.github.com/repos/Ka0s-Klaus/ka0s/issues/comments{/number}",[0m
job-core	Crear JSON	2025-09-23T08:13:01.2965981Z [36;1m    "issue_events_url": "https://api.github.com/repos/Ka0s-Klaus/ka0s/issues/events{/number}",[0m
job-core	Crear JSON	2025-09-23T08:13:01.2967195Z [36;1m    "issues_url": "https://api.github.com/repos/Ka0s-Klaus/ka0s/issues{/number}",[0m
job-core	Crear JSON	2025-09-23T08:13:01.2968293Z [36;1m    "keys_url": "https://api.github.com/repos/Ka0s-Klaus/ka0s/keys{/key_id}",[0m
job-core	Crear JSON	2025-09-23T08:13:01.2969372Z [36;1m    "labels_url": "https://api.github.com/repos/Ka0s-Klaus/ka0s/labels{/name}",[0m
job-core	Crear JSON	2025-09-23T08:13:01.2970214Z [36;1m    "language": "JavaScript",[0m
job-core	Crear JSON	2025-09-23T08:13:01.2971033Z [36;1m    "languages_url": "https://api.github.com/repos/Ka0s-Klaus/ka0s/languages",[0m
job-core	Crear JSON	2025-09-23T08:13:01.2971859Z [36;1m    "license": {[0m
job-core	Crear JSON	2025-09-23T08:13:01.2972327Z [36;1m      "key": "gpl-3.0",[0m
job-core	Crear JSON	2025-09-23T08:13:01.2972909Z [36;1m      "name": "GNU General Public License v3.0",[0m
job-core	Crear JSON	2025-09-23T08:13:01.2973582Z [36;1m      "node_id": "MDc6TGljZW5zZTk=",[0m
job-core	Crear JSON	2025-09-23T08:13:01.2974162Z [36;1m      "spdx_id": "GPL-3.0",[0m
job-core	Crear JSON	2025-09-23T08:13:01.2974802Z [36;1m      "url": "https://api.github.com/licenses/gpl-3.0"[0m
job-core	Crear JSON	2025-09-23T08:13:01.2975498Z [36;1m    },[0m
job-core	Crear JSON	2025-09-23T08:13:01.2975912Z [36;1m    "master_branch": "main",[0m
job-core	Crear JSON	2025-09-23T08:13:01.2976677Z [36;1m    "merges_url": "https://api.github.com/repos/Ka0s-Klaus/ka0s/merges",[0m
job-core	Crear JSON	2025-09-23T08:13:01.2978085Z [36;1m    "milestones_url": "https://api.github.com/repos/Ka0s-Klaus/ka0s/milestones{/number}",[0m
job-core	Crear JSON	2025-09-23T08:13:01.2979002Z [36;1m    "mirror_url": null,[0m
job-core	Crear JSON	2025-09-23T08:13:01.2979501Z [36;1m    "name": "ka0s",[0m
job-core	Crear JSON	2025-09-23T08:13:01.2979996Z [36;1m    "node_id": "R_kgDONx6uGA",[0m
job-core	Crear JSON	2025-09-23T08:13:01.2981108Z [36;1m    "notifications_url": "https://api.github.com/repos/Ka0s-Klaus/ka0s/notifications{?since,all,participating}",[0m
job-core	Crear JSON	2025-09-23T08:13:01.2982220Z [36;1m    "open_issues": 21,[0m
job-core	Crear JSON	2025-09-23T08:13:01.2982733Z [36;1m    "open_issues_count": 21,[0m
job-core	Crear JSON	2025-09-23T08:13:01.2983312Z [36;1m    "organization": "Ka0s-Klaus",[0m
job-core	Crear JSON	2025-09-23T08:13:01.2983859Z [36;1m    "owner": {[0m
job-core	Crear JSON	2025-09-23T08:13:01.2984572Z [36;1m      "avatar_url": "https://avatars.githubusercontent.com/u/197099031?v=4",[0m
job-core	Crear JSON	2025-09-23T08:13:01.2985487Z [36;1m      "email": "support@ka0s.io",[0m
job-core	Crear JSON	2025-09-23T08:13:01.2986323Z [36;1m      "events_url": "https://api.github.com/users/Ka0s-Klaus/events{/privacy}",[0m
job-core	Crear JSON	2025-09-23T08:13:01.2987595Z [36;1m      "followers_url": "https://api.github.com/users/Ka0s-Klaus/followers",[0m
job-core	Crear JSON	2025-09-23T08:13:01.2988717Z [36;1m      "following_url": "https://api.github.com/users/Ka0s-Klaus/following{/other_user}",[0m
job-core	Crear JSON	2025-09-23T08:13:01.2989835Z [36;1m      "gists_url": "https://api.github.com/users/Ka0s-Klaus/gists{/gist_id}",[0m
job-core	Crear JSON	2025-09-23T08:13:01.2990636Z [36;1m      "gravatar_id": "",[0m
job-core	Crear JSON	2025-09-23T08:13:01.2991255Z [36;1m      "html_url": "https://github.com/Ka0s-Klaus",[0m
job-core	Crear JSON	2025-09-23T08:13:01.2991887Z [36;1m      "id": 197099031,[0m
job-core	Crear JSON	2025-09-23T08:13:01.2992384Z [36;1m      "login": "Ka0s-Klaus",[0m
job-core	Crear JSON	2025-09-23T08:13:01.2992920Z [36;1m      "name": "Ka0s-Klaus",[0m
job-core	Crear JSON	2025-09-23T08:13:01.2993474Z [36;1m      "node_id": "O_kgDOC79-Fw",[0m
job-core	Crear JSON	2025-09-23T08:13:01.2994274Z [36;1m      "organizations_url": "https://api.github.com/users/Ka0s-Klaus/orgs",[0m
job-core	Crear JSON	2025-09-23T08:13:01.3005362Z [36;1m      "received_events_url": "https://api.github.com/users/Ka0s-Klaus/received_events",[0m
job-core	Crear JSON	2025-09-23T08:13:01.3006360Z [36;1m      "repos_url": "https://api.github.com/users/Ka0s-Klaus/repos",[0m
job-core	Crear JSON	2025-09-23T08:13:01.3006987Z [36;1m      "site_admin": false,[0m
job-core	Crear JSON	2025-09-23T08:13:01.3007686Z [36;1m      "starred_url": "https://api.github.com/users/Ka0s-Klaus/starred{/owner}{/repo}",[0m
job-core	Crear JSON	2025-09-23T08:13:01.3008664Z [36;1m      "subscriptions_url": "https://api.github.com/users/Ka0s-Klaus/subscriptions",[0m
job-core	Crear JSON	2025-09-23T08:13:01.3009391Z [36;1m      "type": "Organization",[0m
job-core	Crear JSON	2025-09-23T08:13:01.3009940Z [36;1m      "url": "https://api.github.com/users/Ka0s-Klaus",[0m
job-core	Crear JSON	2025-09-23T08:13:01.3010515Z [36;1m      "user_view_type": "public"[0m
job-core	Crear JSON	2025-09-23T08:13:01.3010950Z [36;1m    },[0m
job-core	Crear JSON	2025-09-23T08:13:01.3011288Z [36;1m    "private": false,[0m
job-core	Crear JSON	2025-09-23T08:13:01.3011927Z [36;1m    "pulls_url": "https://api.github.com/repos/Ka0s-Klaus/ka0s/pulls{/number}",[0m
job-core	Crear JSON	2025-09-23T08:13:01.3012624Z [36;1m    "pushed_at": 1758615126,[0m
job-core	Crear JSON	2025-09-23T08:13:01.3013296Z [36;1m    "releases_url": "https://api.github.com/repos/Ka0s-Klaus/ka0s/releases{/id}",[0m
job-core	Crear JSON	2025-09-23T08:13:01.3013992Z [36;1m    "size": 100340,[0m
job-core	Crear JSON	2025-09-23T08:13:01.3014466Z [36;1m    "ssh_url": "git@github.com:Ka0s-Klaus/ka0s.git",[0m
job-core	Crear JSON	2025-09-23T08:13:01.3014990Z [36;1m    "stargazers": 0,[0m
job-core	Crear JSON	2025-09-23T08:13:01.3015458Z [36;1m    "stargazers_count": 0,[0m
job-core	Crear JSON	2025-09-23T08:13:01.3016137Z [36;1m    "stargazers_url": "https://api.github.com/repos/Ka0s-Klaus/ka0s/stargazers",[0m
job-core	Crear JSON	2025-09-23T08:13:01.3017083Z [36;1m    "statuses_url": "https://api.github.com/repos/Ka0s-Klaus/ka0s/statuses/{sha}",[0m
job-core	Crear JSON	2025-09-23T08:13:01.3018030Z [36;1m    "subscribers_url": "https://api.github.com/repos/Ka0s-Klaus/ka0s/subscribers",[0m
job-core	Crear JSON	2025-09-23T08:13:01.3019003Z [36;1m    "subscription_url": "https://api.github.com/repos/Ka0s-Klaus/ka0s/subscription",[0m
job-core	Crear JSON	2025-09-23T08:13:01.3019809Z [36;1m    "svn_url": "https://github.com/Ka0s-Klaus/ka0s",[0m
job-core	Crear JSON	2025-09-23T08:13:01.3020793Z [36;1m    "tags_url": "https://api.github.com/repos/Ka0s-Klaus/ka0s/tags",[0m
job-core	Crear JSON	2025-09-23T08:13:01.3021592Z [36;1m    "teams_url": "https://api.github.com/repos/Ka0s-Klaus/ka0s/teams",[0m
job-core	Crear JSON	2025-09-23T08:13:01.3022219Z [36;1m    "topics": [],[0m
job-core	Crear JSON	2025-09-23T08:13:01.3022842Z [36;1m    "trees_url": "https://api.github.com/repos/Ka0s-Klaus/ka0s/git/trees{/sha}",[0m
job-core	Crear JSON	2025-09-23T08:13:01.3023562Z [36;1m    "updated_at": "2025-09-23T08:07:49Z",[0m
job-core	Crear JSON	2025-09-23T08:13:01.3024153Z [36;1m    "url": "https://api.github.com/repos/Ka0s-Klaus/ka0s",[0m
job-core	Crear JSON	2025-09-23T08:13:01.3024729Z [36;1m    "visibility": "public",[0m
job-core	Crear JSON	2025-09-23T08:13:01.3025220Z [36;1m    "watchers": 0,[0m
job-core	Crear JSON	2025-09-23T08:13:01.3025621Z [36;1m    "watchers_count": 0,[0m
job-core	Crear JSON	2025-09-23T08:13:01.3026085Z [36;1m    "web_commit_signoff_required": false[0m
job-core	Crear JSON	2025-09-23T08:13:01.3026548Z [36;1m  },[0m
job-core	Crear JSON	2025-09-23T08:13:01.3026875Z [36;1m  "sender": {[0m
job-core	Crear JSON	2025-09-23T08:13:01.3027454Z [36;1m    "avatar_url": "https://avatars.githubusercontent.com/u/73332898?v=4",[0m
job-core	Crear JSON	2025-09-23T08:13:01.3028347Z [36;1m    "events_url": "https://api.github.com/users/santakloud/events{/privacy}",[0m
job-core	Crear JSON	2025-09-23T08:13:01.3029401Z [36;1m    "followers_url": "https://api.github.com/users/santakloud/followers",[0m
job-core	Crear JSON	2025-09-23T08:13:01.3030327Z [36;1m    "following_url": "https://api.github.com/users/santakloud/following{/other_user}",[0m
job-core	Crear JSON	2025-09-23T08:13:01.3031251Z [36;1m    "gists_url": "https://api.github.com/users/santakloud/gists{/gist_id}",[0m
job-core	Crear JSON	2025-09-23T08:13:01.3031906Z [36;1m    "gravatar_id": "",[0m
job-core	Crear JSON	2025-09-23T08:13:01.3032406Z [36;1m    "html_url": "https://github.com/santakloud",[0m
job-core	Crear JSON	2025-09-23T08:13:01.3032923Z [36;1m    "id": 73332898,[0m
job-core	Crear JSON	2025-09-23T08:13:01.3033319Z [36;1m    "login": "santakloud",[0m
job-core	Crear JSON	2025-09-23T08:13:01.3033797Z [36;1m    "node_id": "MDQ6VXNlcjczMzMyODk4",[0m
job-core	Crear JSON	2025-09-23T08:13:01.3034491Z [36;1m    "organizations_url": "https://api.github.com/users/santakloud/orgs",[0m
job-core	Crear JSON	2025-09-23T08:13:01.3035490Z [36;1m    "received_events_url": "https://api.github.com/users/santakloud/received_events",[0m
job-core	Crear JSON	2025-09-23T08:13:01.3036381Z [36;1m    "repos_url": "https://api.github.com/users/santakloud/repos",[0m
job-core	Crear JSON	2025-09-23T08:13:01.3036994Z [36;1m    "site_admin": false,[0m
job-core	Crear JSON	2025-09-23T08:13:01.3037678Z [36;1m    "starred_url": "https://api.github.com/users/santakloud/starred{/owner}{/repo}",[0m
job-core	Crear JSON	2025-09-23T08:13:01.3038649Z [36;1m    "subscriptions_url": "https://api.github.com/users/santakloud/subscriptions",[0m
job-core	Crear JSON	2025-09-23T08:13:01.3039358Z [36;1m    "type": "User",[0m
job-core	Crear JSON	2025-09-23T08:13:01.3039854Z [36;1m    "url": "https://api.github.com/users/santakloud",[0m
job-core	Crear JSON	2025-09-23T08:13:01.3040416Z [36;1m    "user_view_type": "public"[0m
job-core	Crear JSON	2025-09-23T08:13:01.3040848Z [36;1m  }[0m
job-core	Crear JSON	2025-09-23T08:13:01.3041462Z [36;1m}' | jq -c 'walk(if type == "number" then tostring | sub("^0+"; "") else . end)' > audit/kaos/17939782837.json[0m
job-core	Crear JSON	2025-09-23T08:13:01.3053542Z shell: /usr/bin/bash -e {0}
job-core	Crear JSON	2025-09-23T08:13:01.3053903Z env:
job-core	Crear JSON	2025-09-23T08:13:01.3054182Z   KAOS_CODE: 17939782837
job-core	Crear JSON	2025-09-23T08:13:01.3054509Z   KAOS_EVENT_NAME: push
job-core	Crear JSON	2025-09-23T08:13:01.3054821Z   KAOS_ACTION: 
job-core	Crear JSON	2025-09-23T08:13:01.3055448Z   KAOS_REF: refs/heads/H1514-new-swarm-deployment-stack-with-actions-runners-autoscale
job-core	Crear JSON	2025-09-23T08:13:01.3056099Z   KAOS_MODULE: [Ka0S] Kaos
job-core	Crear JSON	2025-09-23T08:13:01.3056433Z   KAOS_PATH_RESUME: audit/kaos/
job-core	Crear JSON	2025-09-23T08:13:01.3056781Z   KAOS_ACTOR: santakloud
job-core	Crear JSON	2025-09-23T08:13:01.3057092Z   GITHUB_OUTPUT: 
job-core	Crear JSON	2025-09-23T08:13:01.3057374Z ##[endgroup]
job-core	Files in Commit	﻿2025-09-23T08:13:01.3407937Z ##[group]Run # Stored files implicated in the commit
job-core	Files in Commit	2025-09-23T08:13:01.3408390Z [36;1m# Stored files implicated in the commit[0m
job-core	Files in Commit	2025-09-23T08:13:01.3409192Z [36;1mgit diff --name-only 35cb5b7a978cdc709ae9b6f5fab2dc3a8338b020 5bbfaeaec3900effbc65604019d08f3d4f0d199e > audit/kaos/17939782837-files-in-commit.txt[0m
job-core	Files in Commit	2025-09-23T08:13:01.3418106Z shell: /usr/bin/bash -e {0}
job-core	Files in Commit	2025-09-23T08:13:01.3427292Z env:
job-core	Files in Commit	2025-09-23T08:13:01.3427523Z   KAOS_CODE: 17939782837
job-core	Files in Commit	2025-09-23T08:13:01.3427763Z   KAOS_EVENT_NAME: push
job-core	Files in Commit	2025-09-23T08:13:01.3427982Z   KAOS_ACTION: 
job-core	Files in Commit	2025-09-23T08:13:01.3428510Z   KAOS_REF: refs/heads/H1514-new-swarm-deployment-stack-with-actions-runners-autoscale
job-core	Files in Commit	2025-09-23T08:13:01.3428962Z   KAOS_MODULE: [Ka0S] Kaos
job-core	Files in Commit	2025-09-23T08:13:01.3429197Z   KAOS_PATH_RESUME: audit/kaos/
job-core	Files in Commit	2025-09-23T08:13:01.3429440Z   KAOS_ACTOR: santakloud
job-core	Files in Commit	2025-09-23T08:13:01.3429657Z   GITHUB_OUTPUT: 
job-core	Files in Commit	2025-09-23T08:13:01.3429852Z ##[endgroup]
job-core	Upload Files	﻿2025-09-23T08:13:01.3516033Z ##[group]Run echo "Downloading files to the repository..."
job-core	Upload Files	2025-09-23T08:13:01.3516526Z [36;1mecho "Downloading files to the repository..."[0m
job-core	Upload Files	2025-09-23T08:13:01.3516993Z [36;1mgit config --global user.name "***"[0m
job-core	Upload Files	2025-09-23T08:13:01.3517365Z [36;1mgit config --global user.email "***"[0m
job-core	Upload Files	2025-09-23T08:13:01.3517681Z [36;1mgit pull --rebase[0m
job-core	Upload Files	2025-09-23T08:13:01.3517981Z [36;1mecho "Uploading files to the repository..."[0m
job-core	Upload Files	2025-09-23T08:13:01.3518315Z [36;1mgit add audit/kaos/*[0m
job-core	Upload Files	2025-09-23T08:13:01.3518724Z [36;1mgit commit -m "[Ka0S] Uploading resume execution files to the repository..."[0m
job-core	Upload Files	2025-09-23T08:13:01.3519701Z [36;1mgit push origin refs/heads/H1514-new-swarm-deployment-stack-with-actions-runners-autoscale --force-with-lease [0m
job-core	Upload Files	2025-09-23T08:13:01.3528050Z shell: /usr/bin/bash -e {0}
job-core	Upload Files	2025-09-23T08:13:01.3528315Z env:
job-core	Upload Files	2025-09-23T08:13:01.3528544Z   KAOS_CODE: 17939782837
job-core	Upload Files	2025-09-23T08:13:01.3528858Z   KAOS_EVENT_NAME: push
job-core	Upload Files	2025-09-23T08:13:01.3529090Z   KAOS_ACTION: 
job-core	Upload Files	2025-09-23T08:13:01.3529536Z   KAOS_REF: refs/heads/H1514-new-swarm-deployment-stack-with-actions-runners-autoscale
job-core	Upload Files	2025-09-23T08:13:01.3530023Z   KAOS_MODULE: [Ka0S] Kaos
job-core	Upload Files	2025-09-23T08:13:01.3530278Z   KAOS_PATH_RESUME: audit/kaos/
job-core	Upload Files	2025-09-23T08:13:01.3530538Z   KAOS_ACTOR: santakloud
job-core	Upload Files	2025-09-23T08:13:01.3530771Z   GITHUB_OUTPUT: 
job-core	Upload Files	2025-09-23T08:13:01.3530981Z ##[endgroup]
job-core	Upload Files	2025-09-23T08:13:01.3558686Z Downloading files to the repository...
job-core	Upload Files	2025-09-23T08:13:02.6941470Z Already up to date.
job-core	Upload Files	2025-09-23T08:13:02.6946164Z Uploading files to the repository...
job-core	Upload Files	2025-09-23T08:13:02.7120808Z [H1514-new-swarm-deployment-stack-with-actions-runners-autoscale 221910af] [Ka0S] Uploading resume execution files to the repository...
job-core	Upload Files	2025-09-23T08:13:02.7121983Z  2 files changed, 2 insertions(+)
job-core	Upload Files	2025-09-23T08:13:02.7122530Z  create mode 100644 audit/kaos/17939782837-files-in-commit.txt
job-core	Upload Files	2025-09-23T08:13:02.7123129Z  create mode 100644 audit/kaos/17939782837.json
job-core	Upload Files	2025-09-23T08:13:03.5507323Z To https://github.com/Ka0s-Klaus/ka0s
job-core	Upload Files	2025-09-23T08:13:03.5511255Z    5bbfaeae..221910af  H1514-new-swarm-deployment-stack-with-actions-runners-autoscale -> H1514-new-swarm-deployment-stack-with-actions-runners-autoscale
job-core	Run git diff --name-only 35cb5b7a978cdc709ae9b6f5fab2dc3a8338b020 5bbfaeaec3900effbc65604019d08f3d4f0d199e > files-in-commit.txt	﻿2025-09-23T08:13:03.5886545Z ##[group]Run git diff --name-only 35cb5b7a978cdc709ae9b6f5fab2dc3a8338b020 5bbfaeaec3900effbc65604019d08f3d4f0d199e > files-in-commit.txt
job-core	Run git diff --name-only 35cb5b7a978cdc709ae9b6f5fab2dc3a8338b020 5bbfaeaec3900effbc65604019d08f3d4f0d199e > files-in-commit.txt	2025-09-23T08:13:03.5891762Z [36;1mgit diff --name-only 35cb5b7a978cdc709ae9b6f5fab2dc3a8338b020 5bbfaeaec3900effbc65604019d08f3d4f0d199e > files-in-commit.txt[0m
job-core	Run git diff --name-only 35cb5b7a978cdc709ae9b6f5fab2dc3a8338b020 5bbfaeaec3900effbc65604019d08f3d4f0d199e > files-in-commit.txt	2025-09-23T08:13:03.5894966Z [36;1mcat files-in-commit.txt[0m
job-core	Run git diff --name-only 35cb5b7a978cdc709ae9b6f5fab2dc3a8338b020 5bbfaeaec3900effbc65604019d08f3d4f0d199e > files-in-commit.txt	2025-09-23T08:13:03.5896706Z [36;1m# Nuevo proceso de activacion de los modulos[0m
job-core	Run git diff --name-only 35cb5b7a978cdc709ae9b6f5fab2dc3a8338b020 5bbfaeaec3900effbc65604019d08f3d4f0d199e > files-in-commit.txt	2025-09-23T08:13:03.5898279Z [36;1mwhile IFS= read -r line; do[0m
job-core	Run git diff --name-only 35cb5b7a978cdc709ae9b6f5fab2dc3a8338b020 5bbfaeaec3900effbc65604019d08f3d4f0d199e > files-in-commit.txt	2025-09-23T08:13:03.5899685Z [36;1m  # Skip files in core/outputs directory[0m
job-core	Run git diff --name-only 35cb5b7a978cdc709ae9b6f5fab2dc3a8338b020 5bbfaeaec3900effbc65604019d08f3d4f0d199e > files-in-commit.txt	2025-09-23T08:13:03.5901502Z [36;1m  if [[ "$line" == core/outputs/* || "$line" == core/results/* ]]; then[0m
job-core	Run git diff --name-only 35cb5b7a978cdc709ae9b6f5fab2dc3a8338b020 5bbfaeaec3900effbc65604019d08f3d4f0d199e > files-in-commit.txt	2025-09-23T08:13:03.5903498Z [36;1m    echo "Skipping file in outputs directory: $line"[0m
job-core	Run git diff --name-only 35cb5b7a978cdc709ae9b6f5fab2dc3a8338b020 5bbfaeaec3900effbc65604019d08f3d4f0d199e > files-in-commit.txt	2025-09-23T08:13:03.5905019Z [36;1m    continue[0m
job-core	Run git diff --name-only 35cb5b7a978cdc709ae9b6f5fab2dc3a8338b020 5bbfaeaec3900effbc65604019d08f3d4f0d199e > files-in-commit.txt	2025-09-23T08:13:03.5906166Z [36;1m  fi[0m
job-core	Run git diff --name-only 35cb5b7a978cdc709ae9b6f5fab2dc3a8338b020 5bbfaeaec3900effbc65604019d08f3d4f0d199e > files-in-commit.txt	2025-09-23T08:13:03.5907759Z [36;1m  echo "I Leemos el fichero files-in-commit.txt y extraemos el fichero $line"[0m
job-core	Run git diff --name-only 35cb5b7a978cdc709ae9b6f5fab2dc3a8338b020 5bbfaeaec3900effbc65604019d08f3d4f0d199e > files-in-commit.txt	2025-09-23T08:13:03.5909863Z [36;1m  module_failed=0[0m
job-core	Run git diff --name-only 35cb5b7a978cdc709ae9b6f5fab2dc3a8338b020 5bbfaeaec3900effbc65604019d08f3d4f0d199e > files-in-commit.txt	2025-09-23T08:13:03.5911002Z [36;1m  extension_failed=0[0m
job-core	Run git diff --name-only 35cb5b7a978cdc709ae9b6f5fab2dc3a8338b020 5bbfaeaec3900effbc65604019d08f3d4f0d199e > files-in-commit.txt	2025-09-23T08:13:03.5912232Z [36;1m  file_name=$(basename "$line")[0m
job-core	Run git diff --name-only 35cb5b7a978cdc709ae9b6f5fab2dc3a8338b020 5bbfaeaec3900effbc65604019d08f3d4f0d199e > files-in-commit.txt	2025-09-23T08:13:03.5913873Z [36;1m  echo "I-1 Calculamos el nombre del fichero $file_name"[0m
job-core	Run git diff --name-only 35cb5b7a978cdc709ae9b6f5fab2dc3a8338b020 5bbfaeaec3900effbc65604019d08f3d4f0d199e > files-in-commit.txt	2025-09-23T08:13:03.5915779Z [36;1m  file_extension="${file_name##*.}"[0m
job-core	Run git diff --name-only 35cb5b7a978cdc709ae9b6f5fab2dc3a8338b020 5bbfaeaec3900effbc65604019d08f3d4f0d199e > files-in-commit.txt	2025-09-23T08:13:03.5917588Z [36;1m  echo "I-2 Calculamos la extension del fichero $file_extension"[0m
job-core	Run git diff --name-only 35cb5b7a978cdc709ae9b6f5fab2dc3a8338b020 5bbfaeaec3900effbc65604019d08f3d4f0d199e > files-in-commit.txt	2025-09-23T08:13:03.5919513Z [36;1m  file_module="$file_extension""lint.yml"[0m
job-core	Run git diff --name-only 35cb5b7a978cdc709ae9b6f5fab2dc3a8338b020 5bbfaeaec3900effbc65604019d08f3d4f0d199e > files-in-commit.txt	2025-09-23T08:13:03.5921126Z [36;1m  echo "I-3 Calculamos el modulo $file_module"[0m
job-core	Run git diff --name-only 35cb5b7a978cdc709ae9b6f5fab2dc3a8338b020 5bbfaeaec3900effbc65604019d08f3d4f0d199e > files-in-commit.txt	2025-09-23T08:13:03.5922741Z [36;1m  IFS=',' read -r -a file_array <<< "$files"[0m
job-core	Run git diff --name-only 35cb5b7a978cdc709ae9b6f5fab2dc3a8338b020 5bbfaeaec3900effbc65604019d08f3d4f0d199e > files-in-commit.txt	2025-09-23T08:13:03.5924233Z [36;1m  for file in "${file_array[@]}"; do[0m
job-core	Run git diff --name-only 35cb5b7a978cdc709ae9b6f5fab2dc3a8338b020 5bbfaeaec3900effbc65604019d08f3d4f0d199e > files-in-commit.txt	2025-09-23T08:13:03.5925839Z [36;1m    echo "II Leemos el array de $file"[0m
job-core	Run git diff --name-only 35cb5b7a978cdc709ae9b6f5fab2dc3a8338b020 5bbfaeaec3900effbc65604019d08f3d4f0d199e > files-in-commit.txt	2025-09-23T08:13:03.5927358Z [36;1m    if [[ "$file_extension" == "$file" ]]; then[0m
job-core	Run git diff --name-only 35cb5b7a978cdc709ae9b6f5fab2dc3a8338b020 5bbfaeaec3900effbc65604019d08f3d4f0d199e > files-in-commit.txt	2025-09-23T08:13:03.5929189Z [36;1m      echo "III Comprobamos si $file_extension es igual a $file"[0m
job-core	Run git diff --name-only 35cb5b7a978cdc709ae9b6f5fab2dc3a8338b020 5bbfaeaec3900effbc65604019d08f3d4f0d199e > files-in-commit.txt	2025-09-23T08:13:03.5931132Z [36;1m      IFS=',' read -r -a module_array <<< "$modules"[0m
job-core	Run git diff --name-only 35cb5b7a978cdc709ae9b6f5fab2dc3a8338b020 5bbfaeaec3900effbc65604019d08f3d4f0d199e > files-in-commit.txt	2025-09-23T08:13:03.5932735Z [36;1m      for module in "${module_array[@]}"; do[0m
job-core	Run git diff --name-only 35cb5b7a978cdc709ae9b6f5fab2dc3a8338b020 5bbfaeaec3900effbc65604019d08f3d4f0d199e > files-in-commit.txt	2025-09-23T08:13:03.5934234Z [36;1m        echo "IV Leemos el array $module"[0m
job-core	Run git diff --name-only 35cb5b7a978cdc709ae9b6f5fab2dc3a8338b020 5bbfaeaec3900effbc65604019d08f3d4f0d199e > files-in-commit.txt	2025-09-23T08:13:03.5935917Z [36;1m        if [[ "$file_module" == *"$module"* ]]; then[0m
job-core	Run git diff --name-only 35cb5b7a978cdc709ae9b6f5fab2dc3a8338b020 5bbfaeaec3900effbc65604019d08f3d4f0d199e > files-in-commit.txt	2025-09-23T08:13:03.5938775Z [36;1m          echo "V Comprobamos que el $file_module es igual a $module y ejecutamos el flujo"[0m
job-core	Run git diff --name-only 35cb5b7a978cdc709ae9b6f5fab2dc3a8338b020 5bbfaeaec3900effbc65604019d08f3d4f0d199e > files-in-commit.txt	2025-09-23T08:13:03.5941097Z [36;1m          # Si hemos llegado hasta aquí ejecutamos el módulo[0m
job-core	Run git diff --name-only 35cb5b7a978cdc709ae9b6f5fab2dc3a8338b020 5bbfaeaec3900effbc65604019d08f3d4f0d199e > files-in-commit.txt	2025-09-23T08:13:03.5942769Z [36;1m          # Lanzamos el lint del fichero[0m
job-core	Run git diff --name-only 35cb5b7a978cdc709ae9b6f5fab2dc3a8338b020 5bbfaeaec3900effbc65604019d08f3d4f0d199e > files-in-commit.txt	2025-09-23T08:13:03.5945876Z [36;1m          RNNUMBER=$(echo "refs/heads/H1514-new-swarm-deployment-stack-with-actions-runners-autoscale" | grep -o '[0-9]*')[0m
job-core	Run git diff --name-only 35cb5b7a978cdc709ae9b6f5fab2dc3a8338b020 5bbfaeaec3900effbc65604019d08f3d4f0d199e > files-in-commit.txt	2025-09-23T08:13:03.5948758Z [36;1m          echo "El numero de la issue es: $RNNUMBER"[0m
job-core	Run git diff --name-only 35cb5b7a978cdc709ae9b6f5fab2dc3a8338b020 5bbfaeaec3900effbc65604019d08f3d4f0d199e > files-in-commit.txt	2025-09-23T08:13:03.5971400Z [36;1m          gh workflow run $file_module --ref refs/heads/H1514-new-swarm-deployment-stack-with-actions-runners-autoscale -f kaos-origin=17939782837 -f kaos-files=$line -f kaos-issue-id=$RNNUMBER -f kaos-user-start=santakloud[0m
job-core	Run git diff --name-only 35cb5b7a978cdc709ae9b6f5fab2dc3a8338b020 5bbfaeaec3900effbc65604019d08f3d4f0d199e > files-in-commit.txt	2025-09-23T08:13:03.5974562Z [36;1m          module_failed=0[0m
job-core	Run git diff --name-only 35cb5b7a978cdc709ae9b6f5fab2dc3a8338b020 5bbfaeaec3900effbc65604019d08f3d4f0d199e > files-in-commit.txt	2025-09-23T08:13:03.5975636Z [36;1m          extension_failed=0[0m
job-core	Run git diff --name-only 35cb5b7a978cdc709ae9b6f5fab2dc3a8338b020 5bbfaeaec3900effbc65604019d08f3d4f0d199e > files-in-commit.txt	2025-09-23T08:13:03.5976467Z [36;1m          break[0m
job-core	Run git diff --name-only 35cb5b7a978cdc709ae9b6f5fab2dc3a8338b020 5bbfaeaec3900effbc65604019d08f3d4f0d199e > files-in-commit.txt	2025-09-23T08:13:03.5977191Z [36;1m        else[0m
job-core	Run git diff --name-only 35cb5b7a978cdc709ae9b6f5fab2dc3a8338b020 5bbfaeaec3900effbc65604019d08f3d4f0d199e > files-in-commit.txt	2025-09-23T08:13:03.5978089Z [36;1m          # Control de si existe el modulo para esa extension"[0m
job-core	Run git diff --name-only 35cb5b7a978cdc709ae9b6f5fab2dc3a8338b020 5bbfaeaec3900effbc65604019d08f3d4f0d199e > files-in-commit.txt	2025-09-23T08:13:03.5979718Z [36;1m          echo "VI No es igual $file_module a $module y lo indicamos en la variable module_failed=1"[0m
job-core	Run git diff --name-only 35cb5b7a978cdc709ae9b6f5fab2dc3a8338b020 5bbfaeaec3900effbc65604019d08f3d4f0d199e > files-in-commit.txt	2025-09-23T08:13:03.5981144Z [36;1m          module_failed=1[0m
job-core	Run git diff --name-only 35cb5b7a978cdc709ae9b6f5fab2dc3a8338b020 5bbfaeaec3900effbc65604019d08f3d4f0d199e > files-in-commit.txt	2025-09-23T08:13:03.5981919Z [36;1m        fi[0m
job-core	Run git diff --name-only 35cb5b7a978cdc709ae9b6f5fab2dc3a8338b020 5bbfaeaec3900effbc65604019d08f3d4f0d199e > files-in-commit.txt	2025-09-23T08:13:03.5982550Z [36;1m      done[0m
job-core	Run git diff --name-only 35cb5b7a978cdc709ae9b6f5fab2dc3a8338b020 5bbfaeaec3900effbc65604019d08f3d4f0d199e > files-in-commit.txt	2025-09-23T08:13:03.5983175Z [36;1m      break[0m
job-core	Run git diff --name-only 35cb5b7a978cdc709ae9b6f5fab2dc3a8338b020 5bbfaeaec3900effbc65604019d08f3d4f0d199e > files-in-commit.txt	2025-09-23T08:13:03.5983808Z [36;1m    else[0m
job-core	Run git diff --name-only 35cb5b7a978cdc709ae9b6f5fab2dc3a8338b020 5bbfaeaec3900effbc65604019d08f3d4f0d199e > files-in-commit.txt	2025-09-23T08:13:03.5984655Z [36;1m      # Control de si existe el modulo para esa extension"[0m
job-core	Run git diff --name-only 35cb5b7a978cdc709ae9b6f5fab2dc3a8338b020 5bbfaeaec3900effbc65604019d08f3d4f0d199e > files-in-commit.txt	2025-09-23T08:13:03.5987123Z [36;1m      echo "VII No es igual $file_extension a $file y lo indicamos en la variable extension_failed=1"[0m
job-core	Run git diff --name-only 35cb5b7a978cdc709ae9b6f5fab2dc3a8338b020 5bbfaeaec3900effbc65604019d08f3d4f0d199e > files-in-commit.txt	2025-09-23T08:13:03.5988575Z [36;1m      extension_failed=1[0m
job-core	Run git diff --name-only 35cb5b7a978cdc709ae9b6f5fab2dc3a8338b020 5bbfaeaec3900effbc65604019d08f3d4f0d199e > files-in-commit.txt	2025-09-23T08:13:03.5989353Z [36;1m    fi  [0m
job-core	Run git diff --name-only 35cb5b7a978cdc709ae9b6f5fab2dc3a8338b020 5bbfaeaec3900effbc65604019d08f3d4f0d199e > files-in-commit.txt	2025-09-23T08:13:03.5989959Z [36;1m  done[0m
job-core	Run git diff --name-only 35cb5b7a978cdc709ae9b6f5fab2dc3a8338b020 5bbfaeaec3900effbc65604019d08f3d4f0d199e > files-in-commit.txt	2025-09-23T08:13:03.5990637Z [36;1m  if [[ $module_failed == 1 ]]; then[0m
job-core	Run git diff --name-only 35cb5b7a978cdc709ae9b6f5fab2dc3a8338b020 5bbfaeaec3900effbc65604019d08f3d4f0d199e > files-in-commit.txt	2025-09-23T08:13:03.5992003Z [36;1m    echo "IX Si el modulo falla ($module_failed) añadimos el comentario a la issue"[0m
job-core	Run git diff --name-only 35cb5b7a978cdc709ae9b6f5fab2dc3a8338b020 5bbfaeaec3900effbc65604019d08f3d4f0d199e > files-in-commit.txt	2025-09-23T08:13:03.5994418Z [36;1m    # Si hemos llegado hasta aquí añadimos el mensaje de que la extension esta permitida pero no dispone de modulo activo y aqui finaliza el proceso[0m
job-core	Run git diff --name-only 35cb5b7a978cdc709ae9b6f5fab2dc3a8338b020 5bbfaeaec3900effbc65604019d08f3d4f0d199e > files-in-commit.txt	2025-09-23T08:13:03.5996678Z [36;1m    # Añadimos los valores a las variables de la issue[0m
job-core	Run git diff --name-only 35cb5b7a978cdc709ae9b6f5fab2dc3a8338b020 5bbfaeaec3900effbc65604019d08f3d4f0d199e > files-in-commit.txt	2025-09-23T08:13:03.5999359Z [36;1m    KAOS_ISSUE_BODY="[Ka0S] Kaos ha detectado que la extensión ($file_extension) esta permitida dentro de KAOS_CORE_FILES, pero el módulo asociado ($file_module) no esta activo. Por favor compruebe que exista y esta activo."[0m
job-core	Run git diff --name-only 35cb5b7a978cdc709ae9b6f5fab2dc3a8338b020 5bbfaeaec3900effbc65604019d08f3d4f0d199e > files-in-commit.txt	2025-09-23T08:13:03.6001463Z [36;1m    # Añadimos el comentario a la issue[0m
job-core	Run git diff --name-only 35cb5b7a978cdc709ae9b6f5fab2dc3a8338b020 5bbfaeaec3900effbc65604019d08f3d4f0d199e > files-in-commit.txt	2025-09-23T08:13:03.6002935Z [36;1m    RNNUMBER=$(echo "refs/heads/H1514-new-swarm-deployment-stack-with-actions-runners-autoscale" | grep -o '[0-9]*')[0m
job-core	Run git diff --name-only 35cb5b7a978cdc709ae9b6f5fab2dc3a8338b020 5bbfaeaec3900effbc65604019d08f3d4f0d199e > files-in-commit.txt	2025-09-23T08:13:03.6004510Z [36;1m    gh issue comment $RNNUMBER --body "$KAOS_ISSUE_BODY"[0m
job-core	Run git diff --name-only 35cb5b7a978cdc709ae9b6f5fab2dc3a8338b020 5bbfaeaec3900effbc65604019d08f3d4f0d199e > files-in-commit.txt	2025-09-23T08:13:03.6005383Z [36;1m  fi[0m
job-core	Run git diff --name-only 35cb5b7a978cdc709ae9b6f5fab2dc3a8338b020 5bbfaeaec3900effbc65604019d08f3d4f0d199e > files-in-commit.txt	2025-09-23T08:13:03.6005910Z [36;1m  if [[ $extension_failed == 1 ]]; then[0m
job-core	Run git diff --name-only 35cb5b7a978cdc709ae9b6f5fab2dc3a8338b020 5bbfaeaec3900effbc65604019d08f3d4f0d199e > files-in-commit.txt	2025-09-23T08:13:03.6007013Z [36;1m    echo "X Si extension falla falla ($extension_failed) añadimos el comentario a la issue"[0m
job-core	Run git diff --name-only 35cb5b7a978cdc709ae9b6f5fab2dc3a8338b020 5bbfaeaec3900effbc65604019d08f3d4f0d199e > files-in-commit.txt	2025-09-23T08:13:03.6008467Z [36;1m    # Si hemos llegado hasta aquí añadimos el mensaje de que la extension no esta permitida[0m
job-core	Run git diff --name-only 35cb5b7a978cdc709ae9b6f5fab2dc3a8338b020 5bbfaeaec3900effbc65604019d08f3d4f0d199e > files-in-commit.txt	2025-09-23T08:13:03.6009636Z [36;1m    # Añadimos los valores a las variables de la issue[0m
job-core	Run git diff --name-only 35cb5b7a978cdc709ae9b6f5fab2dc3a8338b020 5bbfaeaec3900effbc65604019d08f3d4f0d199e > files-in-commit.txt	2025-09-23T08:13:03.6011414Z [36;1m    KAOS_ISSUE_BODY="[Ka0S] Kaos ha detectado que la extensión ($file_extension) NO esta permitida dentro de KAOS_CORE_FILES. Por favor compruebe que exista y esta activo."[0m
job-core	Run git diff --name-only 35cb5b7a978cdc709ae9b6f5fab2dc3a8338b020 5bbfaeaec3900effbc65604019d08f3d4f0d199e > files-in-commit.txt	2025-09-23T08:13:03.6013136Z [36;1m    # Añadimos el comentario a la issue[0m
job-core	Run git diff --name-only 35cb5b7a978cdc709ae9b6f5fab2dc3a8338b020 5bbfaeaec3900effbc65604019d08f3d4f0d199e > files-in-commit.txt	2025-09-23T08:13:03.6014599Z [36;1m    RNNUMBER=$(echo "refs/heads/H1514-new-swarm-deployment-stack-with-actions-runners-autoscale" | grep -o '[0-9]*')[0m
job-core	Run git diff --name-only 35cb5b7a978cdc709ae9b6f5fab2dc3a8338b020 5bbfaeaec3900effbc65604019d08f3d4f0d199e > files-in-commit.txt	2025-09-23T08:13:03.6016300Z [36;1m    gh issue comment $RNNUMBER --body "$KAOS_ISSUE_BODY"[0m
job-core	Run git diff --name-only 35cb5b7a978cdc709ae9b6f5fab2dc3a8338b020 5bbfaeaec3900effbc65604019d08f3d4f0d199e > files-in-commit.txt	2025-09-23T08:13:03.6017378Z [36;1m  fi  [0m
job-core	Run git diff --name-only 35cb5b7a978cdc709ae9b6f5fab2dc3a8338b020 5bbfaeaec3900effbc65604019d08f3d4f0d199e > files-in-commit.txt	2025-09-23T08:13:03.6017911Z [36;1mdone < files-in-commit.txt      [0m
job-core	Run git diff --name-only 35cb5b7a978cdc709ae9b6f5fab2dc3a8338b020 5bbfaeaec3900effbc65604019d08f3d4f0d199e > files-in-commit.txt	2025-09-23T08:13:03.6034230Z shell: /usr/bin/bash -e {0}
job-core	Run git diff --name-only 35cb5b7a978cdc709ae9b6f5fab2dc3a8338b020 5bbfaeaec3900effbc65604019d08f3d4f0d199e > files-in-commit.txt	2025-09-23T08:13:03.6034813Z env:
job-core	Run git diff --name-only 35cb5b7a978cdc709ae9b6f5fab2dc3a8338b020 5bbfaeaec3900effbc65604019d08f3d4f0d199e > files-in-commit.txt	2025-09-23T08:13:03.6035358Z   KAOS_CODE: 17939782837
job-core	Run git diff --name-only 35cb5b7a978cdc709ae9b6f5fab2dc3a8338b020 5bbfaeaec3900effbc65604019d08f3d4f0d199e > files-in-commit.txt	2025-09-23T08:13:03.6035906Z   KAOS_EVENT_NAME: push
job-core	Run git diff --name-only 35cb5b7a978cdc709ae9b6f5fab2dc3a8338b020 5bbfaeaec3900effbc65604019d08f3d4f0d199e > files-in-commit.txt	2025-09-23T08:13:03.6036416Z   KAOS_ACTION: 
job-core	Run git diff --name-only 35cb5b7a978cdc709ae9b6f5fab2dc3a8338b020 5bbfaeaec3900effbc65604019d08f3d4f0d199e > files-in-commit.txt	2025-09-23T08:13:03.6037341Z   KAOS_REF: refs/heads/H1514-new-swarm-deployment-stack-with-actions-runners-autoscale
job-core	Run git diff --name-only 35cb5b7a978cdc709ae9b6f5fab2dc3a8338b020 5bbfaeaec3900effbc65604019d08f3d4f0d199e > files-in-commit.txt	2025-09-23T08:13:03.6038435Z   KAOS_MODULE: [Ka0S] Kaos
job-core	Run git diff --name-only 35cb5b7a978cdc709ae9b6f5fab2dc3a8338b020 5bbfaeaec3900effbc65604019d08f3d4f0d199e > files-in-commit.txt	2025-09-23T08:13:03.6039002Z   KAOS_PATH_RESUME: audit/kaos/
job-core	Run git diff --name-only 35cb5b7a978cdc709ae9b6f5fab2dc3a8338b020 5bbfaeaec3900effbc65604019d08f3d4f0d199e > files-in-commit.txt	2025-09-23T08:13:03.6039602Z   KAOS_ACTOR: santakloud
job-core	Run git diff --name-only 35cb5b7a978cdc709ae9b6f5fab2dc3a8338b020 5bbfaeaec3900effbc65604019d08f3d4f0d199e > files-in-commit.txt	2025-09-23T08:13:03.6040122Z   GITHUB_OUTPUT: 
job-core	Run git diff --name-only 35cb5b7a978cdc709ae9b6f5fab2dc3a8338b020 5bbfaeaec3900effbc65604019d08f3d4f0d199e > files-in-commit.txt	2025-09-23T08:13:03.6041131Z   modules: ***
job-core	Run git diff --name-only 35cb5b7a978cdc709ae9b6f5fab2dc3a8338b020 5bbfaeaec3900effbc65604019d08f3d4f0d199e > files-in-commit.txt	2025-09-23T08:13:03.6041653Z   files: ***
job-core	Run git diff --name-only 35cb5b7a978cdc709ae9b6f5fab2dc3a8338b020 5bbfaeaec3900effbc65604019d08f3d4f0d199e > files-in-commit.txt	2025-09-23T08:13:03.6042341Z   GH_TOKEN: ***
job-core	Run git diff --name-only 35cb5b7a978cdc709ae9b6f5fab2dc3a8338b020 5bbfaeaec3900effbc65604019d08f3d4f0d199e > files-in-commit.txt	2025-09-23T08:13:03.6042815Z ##[endgroup]
job-core	Run git diff --name-only 35cb5b7a978cdc709ae9b6f5fab2dc3a8338b020 5bbfaeaec3900effbc65604019d08f3d4f0d199e > files-in-commit.txt	2025-09-23T08:13:03.6133257Z .github/workflows/delete-runners.yml
job-core	Run git diff --name-only 35cb5b7a978cdc709ae9b6f5fab2dc3a8338b020 5bbfaeaec3900effbc65604019d08f3d4f0d199e > files-in-commit.txt	2025-09-23T08:13:03.6137977Z I Leemos el fichero files-in-commit.txt y extraemos el fichero .github/workflows/delete-runners.yml
job-core	Run git diff --name-only 35cb5b7a978cdc709ae9b6f5fab2dc3a8338b020 5bbfaeaec3900effbc65604019d08f3d4f0d199e > files-in-commit.txt	2025-09-23T08:13:03.6152021Z I-1 Calculamos el nombre del fichero delete-runners.yml
job-core	Run git diff --name-only 35cb5b7a978cdc709ae9b6f5fab2dc3a8338b020 5bbfaeaec3900effbc65604019d08f3d4f0d199e > files-in-commit.txt	2025-09-23T08:13:03.6152667Z I-2 Calculamos la extension del fichero yml
job-core	Run git diff --name-only 35cb5b7a978cdc709ae9b6f5fab2dc3a8338b020 5bbfaeaec3900effbc65604019d08f3d4f0d199e > files-in-commit.txt	2025-09-23T08:13:03.6153122Z I-3 Calculamos el modulo ymllint.yml
job-core	Run git diff --name-only 35cb5b7a978cdc709ae9b6f5fab2dc3a8338b020 5bbfaeaec3900effbc65604019d08f3d4f0d199e > files-in-commit.txt	2025-09-23T08:13:03.6153509Z II Leemos el array de md
job-core	Run git diff --name-only 35cb5b7a978cdc709ae9b6f5fab2dc3a8338b020 5bbfaeaec3900effbc65604019d08f3d4f0d199e > files-in-commit.txt	2025-09-23T08:13:03.6153967Z VII No es igual yml a md y lo indicamos en la variable extension_failed=1
job-core	Run git diff --name-only 35cb5b7a978cdc709ae9b6f5fab2dc3a8338b020 5bbfaeaec3900effbc65604019d08f3d4f0d199e > files-in-commit.txt	2025-09-23T08:13:03.6154486Z II Leemos el array de yaml
job-core	Run git diff --name-only 35cb5b7a978cdc709ae9b6f5fab2dc3a8338b020 5bbfaeaec3900effbc65604019d08f3d4f0d199e > files-in-commit.txt	2025-09-23T08:13:03.6154946Z VII No es igual yml a yaml y lo indicamos en la variable extension_failed=1
job-core	Run git diff --name-only 35cb5b7a978cdc709ae9b6f5fab2dc3a8338b020 5bbfaeaec3900effbc65604019d08f3d4f0d199e > files-in-commit.txt	2025-09-23T08:13:03.6155577Z II Leemos el array de json
job-core	Run git diff --name-only 35cb5b7a978cdc709ae9b6f5fab2dc3a8338b020 5bbfaeaec3900effbc65604019d08f3d4f0d199e > files-in-commit.txt	2025-09-23T08:13:03.6156362Z VII No es igual yml a json y lo indicamos en la variable extension_failed=1
job-core	Run git diff --name-only 35cb5b7a978cdc709ae9b6f5fab2dc3a8338b020 5bbfaeaec3900effbc65604019d08f3d4f0d199e > files-in-commit.txt	2025-09-23T08:13:03.6156870Z II Leemos el array de html
job-core	Run git diff --name-only 35cb5b7a978cdc709ae9b6f5fab2dc3a8338b020 5bbfaeaec3900effbc65604019d08f3d4f0d199e > files-in-commit.txt	2025-09-23T08:13:03.6157327Z VII No es igual yml a html y lo indicamos en la variable extension_failed=1
job-core	Run git diff --name-only 35cb5b7a978cdc709ae9b6f5fab2dc3a8338b020 5bbfaeaec3900effbc65604019d08f3d4f0d199e > files-in-commit.txt	2025-09-23T08:13:03.6157835Z II Leemos el array de py
job-core	Run git diff --name-only 35cb5b7a978cdc709ae9b6f5fab2dc3a8338b020 5bbfaeaec3900effbc65604019d08f3d4f0d199e > files-in-commit.txt	2025-09-23T08:13:03.6158291Z VII No es igual yml a py y lo indicamos en la variable extension_failed=1
job-core	Run git diff --name-only 35cb5b7a978cdc709ae9b6f5fab2dc3a8338b020 5bbfaeaec3900effbc65604019d08f3d4f0d199e > files-in-commit.txt	2025-09-23T08:13:03.6159180Z X Si extension falla falla (1) añadimos el comentario a la issue
job-core	Run git diff --name-only 35cb5b7a978cdc709ae9b6f5fab2dc3a8338b020 5bbfaeaec3900effbc65604019d08f3d4f0d199e > files-in-commit.txt	2025-09-23T08:13:04.6401415Z https://github.com/Ka0s-Klaus/ka0s/issues/1514#issuecomment-3322882877
job-core	Post Checkout code	﻿2025-09-23T08:13:04.6561065Z Post job cleanup.
job-core	Post Checkout code	2025-09-23T08:13:04.7546177Z [command]/usr/bin/git version
job-core	Post Checkout code	2025-09-23T08:13:04.7584280Z git version 2.51.0
job-core	Post Checkout code	2025-09-23T08:13:04.7626039Z Copying '/home/runner/.gitconfig' to '/home/runner/_work/_temp/6020ded4-f613-4d87-8c05-482719584d90/.gitconfig'
job-core	Post Checkout code	2025-09-23T08:13:04.7640894Z Temporarily overriding HOME='/home/runner/_work/_temp/6020ded4-f613-4d87-8c05-482719584d90' before making global git config changes
job-core	Post Checkout code	2025-09-23T08:13:04.7641926Z Adding repository directory to the temporary git global config as a safe directory
job-core	Post Checkout code	2025-09-23T08:13:04.7645539Z [command]/usr/bin/git config --global --add safe.directory /home/runner/_work/ka0s/ka0s
job-core	Post Checkout code	2025-09-23T08:13:04.7693593Z [command]/usr/bin/git config --local --name-only --get-regexp core\.sshCommand
job-core	Post Checkout code	2025-09-23T08:13:04.7731408Z [command]/usr/bin/git submodule foreach --recursive sh -c "git config --local --name-only --get-regexp 'core\.sshCommand' && git config --local --unset-all 'core.sshCommand' || :"
job-core	Post Checkout code	2025-09-23T08:13:04.7986482Z [command]/usr/bin/git config --local --name-only --get-regexp http\.https\:\/\/github\.com\/\.extraheader
job-core	Post Checkout code	2025-09-23T08:13:04.8010160Z http.https://github.com/.extraheader
job-core	Post Checkout code	2025-09-23T08:13:04.8023176Z [command]/usr/bin/git config --local --unset-all http.https://github.com/.extraheader
job-core	Post Checkout code	2025-09-23T08:13:04.8058357Z [command]/usr/bin/git submodule foreach --recursive sh -c "git config --local --name-only --get-regexp 'http\.https\:\/\/github\.com\/\.extraheader' && git config --local --unset-all 'http.https://github.com/.extraheader' || :"
job-core	Complete job	﻿2025-09-23T08:13:04.8430596Z Cleaning up orphan processes
handle-success	Set up job	﻿2025-09-23T08:14:18.8489549Z Current runner version: '2.328.0'
handle-success	Set up job	2025-09-23T08:14:18.8497941Z Runner name: '96f1073c26e6'
handle-success	Set up job	2025-09-23T08:14:18.8498957Z Runner group name: 'swarm-runners'
handle-success	Set up job	2025-09-23T08:14:18.8499991Z Machine name: '96f1073c26e6'
handle-success	Set up job	2025-09-23T08:14:18.8503974Z ##[group]GITHUB_TOKEN Permissions
handle-success	Set up job	2025-09-23T08:14:18.8506870Z Contents: read
handle-success	Set up job	2025-09-23T08:14:18.8507499Z Metadata: read
handle-success	Set up job	2025-09-23T08:14:18.8508084Z Packages: read
handle-success	Set up job	2025-09-23T08:14:18.8508602Z ##[endgroup]
handle-success	Set up job	2025-09-23T08:14:18.8510917Z Secret source: Actions
handle-success	Set up job	2025-09-23T08:14:18.8511714Z Prepare workflow directory
handle-success	Set up job	2025-09-23T08:14:18.9068181Z Prepare all required actions
handle-success	Set up job	2025-09-23T08:14:18.9107197Z Getting action download info
handle-success	Set up job	2025-09-23T08:14:19.4878702Z Download action repository 'actions/checkout@v4' (SHA:08eba0b27e820071cde6df949e0beb9ba4906955)
handle-success	Set up job	2025-09-23T08:14:20.4649549Z Complete job name: handle-success
handle-success	Checkout code	﻿2025-09-23T08:14:20.5205468Z ##[group]Run actions/checkout@v4
handle-success	Checkout code	2025-09-23T08:14:20.5206605Z with:
handle-success	Checkout code	2025-09-23T08:14:20.5206989Z   fetch-depth: 0
handle-success	Checkout code	2025-09-23T08:14:20.5207650Z   token: ***
handle-success	Checkout code	2025-09-23T08:14:20.5208033Z   repository: Ka0s-Klaus/ka0s
handle-success	Checkout code	2025-09-23T08:14:20.5208474Z   ssh-strict: true
handle-success	Checkout code	2025-09-23T08:14:20.5208838Z   ssh-user: git
handle-success	Checkout code	2025-09-23T08:14:20.5209215Z   persist-credentials: true
handle-success	Checkout code	2025-09-23T08:14:20.5209630Z   clean: true
handle-success	Checkout code	2025-09-23T08:14:20.5210012Z   sparse-checkout-cone-mode: true
handle-success	Checkout code	2025-09-23T08:14:20.5210469Z   fetch-tags: false
handle-success	Checkout code	2025-09-23T08:14:20.5210846Z   show-progress: true
handle-success	Checkout code	2025-09-23T08:14:20.5211229Z   lfs: false
handle-success	Checkout code	2025-09-23T08:14:20.5211571Z   submodules: false
handle-success	Checkout code	2025-09-23T08:14:20.5211958Z   set-safe-directory: true
handle-success	Checkout code	2025-09-23T08:14:20.5212605Z env:
handle-success	Checkout code	2025-09-23T08:14:20.5212954Z   KAOS_CODE: 17939782837
handle-success	Checkout code	2025-09-23T08:14:20.5213368Z   KAOS_EVENT_NAME: push
handle-success	Checkout code	2025-09-23T08:14:20.5213761Z   KAOS_ACTION: 
handle-success	Checkout code	2025-09-23T08:14:20.5214403Z   KAOS_REF: refs/heads/H1514-new-swarm-deployment-stack-with-actions-runners-autoscale
handle-success	Checkout code	2025-09-23T08:14:20.5215261Z   KAOS_MODULE: [Ka0S] Kaos
handle-success	Checkout code	2025-09-23T08:14:20.5216267Z   KAOS_PATH_RESUME: audit/kaos/
handle-success	Checkout code	2025-09-23T08:14:20.5216717Z   KAOS_ACTOR: santakloud
handle-success	Checkout code	2025-09-23T08:14:20.5217108Z ##[endgroup]
handle-success	Checkout code	2025-09-23T08:14:20.6350063Z Syncing repository: Ka0s-Klaus/ka0s
handle-success	Checkout code	2025-09-23T08:14:20.6352192Z ##[group]Getting Git version info
handle-success	Checkout code	2025-09-23T08:14:20.6352847Z Working directory is '/home/runner/_work/ka0s/ka0s'
handle-success	Checkout code	2025-09-23T08:14:20.6353877Z [command]/usr/bin/git version
handle-success	Checkout code	2025-09-23T08:14:20.6354365Z git version 2.51.0
handle-success	Checkout code	2025-09-23T08:14:20.6380336Z ##[endgroup]
handle-success	Checkout code	2025-09-23T08:14:20.6398294Z Temporarily overriding HOME='/home/runner/_work/_temp/1e118790-d22d-4ee9-b20e-b49d06394bf7' before making global git config changes
handle-success	Checkout code	2025-09-23T08:14:20.6399782Z Adding repository directory to the temporary git global config as a safe directory
handle-success	Checkout code	2025-09-23T08:14:20.6404164Z [command]/usr/bin/git config --global --add safe.directory /home/runner/_work/ka0s/ka0s
handle-success	Checkout code	2025-09-23T08:14:20.6442273Z Deleting the contents of '/home/runner/_work/ka0s/ka0s'
handle-success	Checkout code	2025-09-23T08:14:20.6449796Z ##[group]Initializing the repository
handle-success	Checkout code	2025-09-23T08:14:20.6450668Z [command]/usr/bin/git init /home/runner/_work/ka0s/ka0s
handle-success	Checkout code	2025-09-23T08:14:20.6499392Z hint: Using 'master' as the name for the initial branch. This default branch name
handle-success	Checkout code	2025-09-23T08:14:20.6501270Z hint: is subject to change. To configure the initial branch name to use in all
handle-success	Checkout code	2025-09-23T08:14:20.6502544Z hint: of your new repositories, which will suppress this warning, call:
handle-success	Checkout code	2025-09-23T08:14:20.6503293Z hint:
handle-success	Checkout code	2025-09-23T08:14:20.6503792Z hint: 	git config --global init.defaultBranch <name>
handle-success	Checkout code	2025-09-23T08:14:20.6504379Z hint:
handle-success	Checkout code	2025-09-23T08:14:20.6504941Z hint: Names commonly chosen instead of 'master' are 'main', 'trunk' and
handle-success	Checkout code	2025-09-23T08:14:20.6506388Z hint: 'development'. The just-created branch can be renamed via this command:
handle-success	Checkout code	2025-09-23T08:14:20.6507274Z hint:
handle-success	Checkout code	2025-09-23T08:14:20.6507703Z hint: 	git branch -m <name>
handle-success	Checkout code	2025-09-23T08:14:20.6508182Z hint:
handle-success	Checkout code	2025-09-23T08:14:20.6508943Z hint: Disable this message with "git config set advice.defaultBranchName false"
handle-success	Checkout code	2025-09-23T08:14:20.6509986Z Initialized empty Git repository in /home/runner/_work/ka0s/ka0s/.git/
handle-success	Checkout code	2025-09-23T08:14:20.6514781Z [command]/usr/bin/git remote add origin https://github.com/Ka0s-Klaus/ka0s
handle-success	Checkout code	2025-09-23T08:14:20.6554122Z ##[endgroup]
handle-success	Checkout code	2025-09-23T08:14:20.6555058Z ##[group]Disabling automatic garbage collection
handle-success	Checkout code	2025-09-23T08:14:20.6559576Z [command]/usr/bin/git config --local gc.auto 0
handle-success	Checkout code	2025-09-23T08:14:20.6595494Z ##[endgroup]
handle-success	Checkout code	2025-09-23T08:14:20.6596430Z ##[group]Setting up auth
handle-success	Checkout code	2025-09-23T08:14:20.6604069Z [command]/usr/bin/git config --local --name-only --get-regexp core\.sshCommand
handle-success	Checkout code	2025-09-23T08:14:20.6640680Z [command]/usr/bin/git submodule foreach --recursive sh -c "git config --local --name-only --get-regexp 'core\.sshCommand' && git config --local --unset-all 'core.sshCommand' || :"
handle-success	Checkout code	2025-09-23T08:14:20.6911361Z [command]/usr/bin/git config --local --name-only --get-regexp http\.https\:\/\/github\.com\/\.extraheader
handle-success	Checkout code	2025-09-23T08:14:20.6943657Z [command]/usr/bin/git submodule foreach --recursive sh -c "git config --local --name-only --get-regexp 'http\.https\:\/\/github\.com\/\.extraheader' && git config --local --unset-all 'http.https://github.com/.extraheader' || :"
handle-success	Checkout code	2025-09-23T08:14:20.7193581Z [command]/usr/bin/git config --local http.https://github.com/.extraheader AUTHORIZATION: basic ***
handle-success	Checkout code	2025-09-23T08:14:20.7235510Z ##[endgroup]
handle-success	Checkout code	2025-09-23T08:14:20.7236306Z ##[group]Fetching the repository
handle-success	Checkout code	2025-09-23T08:14:20.7244794Z [command]/usr/bin/git -c protocol.version=2 fetch --prune --no-recurse-submodules origin +refs/heads/*:refs/remotes/origin/* +refs/tags/*:refs/tags/*
handle-success	Checkout code	2025-09-23T08:14:29.1892964Z From https://github.com/Ka0s-Klaus/ka0s
handle-success	Checkout code	2025-09-23T08:14:29.1895032Z  * [new branch]        F1149-desarrollo-de-orchestrator -> origin/F1149-desarrollo-de-orchestrator
handle-success	Checkout code	2025-09-23T08:14:29.1897833Z  * [new branch]        F1183-personalización-módulo-finops -> origin/F1183-personalización-módulo-finops
handle-success	Checkout code	2025-09-23T08:14:29.1899926Z  * [new branch]        F1224-new-module-mongodb -> origin/F1224-new-module-mongodb
handle-success	Checkout code	2025-09-23T08:14:29.1901850Z  * [new branch]        F220-web-de-resultados  -> origin/F220-web-de-resultados
handle-success	Checkout code	2025-09-23T08:14:29.1904463Z  * [new branch]        F227-despliegue-de-kube-independiente-del-clouder -> origin/F227-despliegue-de-kube-independiente-del-clouder
handle-success	Checkout code	2025-09-23T08:14:29.1907717Z  * [new branch]        F329-documentacion-metodologia-de-kaos -> origin/F329-documentacion-metodologia-de-kaos
handle-success	Checkout code	2025-09-23T08:14:29.1910393Z  * [new branch]        F44-creación-módulo-versionado -> origin/F44-creación-módulo-versionado
handle-success	Checkout code	2025-09-23T08:14:29.1912748Z  * [new branch]        H1128-módulo-de-observabilidad -> origin/H1128-módulo-de-observabilidad
handle-success	Checkout code	2025-09-23T08:14:29.1915192Z  * [new branch]        H1139-como-instalar-arc-control -> origin/H1139-como-instalar-arc-control
handle-success	Checkout code	2025-09-23T08:14:29.1917705Z  * [new branch]        H1149-desarrollo-de-orchestrator -> origin/H1149-desarrollo-de-orchestrator
handle-success	Checkout code	2025-09-23T08:14:29.1920166Z  * [new branch]        H1150-desarrollo-de-secciones -> origin/H1150-desarrollo-de-secciones
handle-success	Checkout code	2025-09-23T08:14:29.1922688Z  * [new branch]        H1151-desarrollo-de-secciones-ii -> origin/H1151-desarrollo-de-secciones-ii
handle-success	Checkout code	2025-09-23T08:14:29.1925113Z  * [new branch]        H1152-desarrollo-inicio -> origin/H1152-desarrollo-inicio
handle-success	Checkout code	2025-09-23T08:14:29.1927843Z  * [new branch]        H1183-personalización-módulo-finops -> origin/H1183-personalización-módulo-finops
handle-success	Checkout code	2025-09-23T08:14:29.1930781Z  * [new branch]        H1193-ejemplo-web-documentacion -> origin/H1193-ejemplo-web-documentacion
handle-success	Checkout code	2025-09-23T08:14:29.1933188Z  * [new branch]        H1205-web-creation      -> origin/H1205-web-creation
handle-success	Checkout code	2025-09-23T08:14:29.1935269Z  * [new branch]        H1224-new-module-mongodb -> origin/H1224-new-module-mongodb
handle-success	Checkout code	2025-09-23T08:14:29.1937404Z  * [new branch]        H1410-modulo-execution  -> origin/H1410-modulo-execution
handle-success	Checkout code	2025-09-23T08:14:29.1941270Z  * [new branch]        H1514-new-swarm-deployment-stack-with-actions-runners-autoscale -> origin/H1514-new-swarm-deployment-stack-with-actions-runners-autoscale
handle-success	Checkout code	2025-09-23T08:14:29.1945251Z  * [new branch]        H215-modulo-de-summary  -> origin/H215-modulo-de-summary
handle-success	Checkout code	2025-09-23T08:14:29.1947618Z  * [new branch]        H220-web-de-resultados  -> origin/H220-web-de-resultados
handle-success	Checkout code	2025-09-23T08:14:29.1950956Z  * [new branch]        H227-despliegue-de-kube-independiente-del-clouder -> origin/H227-despliegue-de-kube-independiente-del-clouder
handle-success	Checkout code	2025-09-23T08:14:29.1954306Z  * [new branch]        H306-ficheros-de-estadisticas -> origin/H306-ficheros-de-estadisticas
handle-success	Checkout code	2025-09-23T08:14:29.1957904Z  * [new branch]        H328-documentacion-modulo-principal-de-kaos -> origin/H328-documentacion-modulo-principal-de-kaos
handle-success	Checkout code	2025-09-23T08:14:29.1961407Z  * [new branch]        H329-documentacion-metodologia-de-kaos -> origin/H329-documentacion-metodologia-de-kaos
handle-success	Checkout code	2025-09-23T08:14:29.1964808Z  * [new branch]        H338-relanzador-de-jobs-en-caso-de-pattern -> origin/H338-relanzador-de-jobs-en-caso-de-pattern
handle-success	Checkout code	2025-09-23T08:14:29.1968604Z  * [new branch]        H38-documentacion-basica-del-proyecto -> origin/H38-documentacion-basica-del-proyecto
handle-success	Checkout code	2025-09-23T08:14:29.1971501Z  * [new branch]        H44-creación-módulo-versionado -> origin/H44-creación-módulo-versionado
handle-success	Checkout code	2025-09-23T08:14:29.1974139Z  * [new branch]        RN1149-desarrollo-de-orchestrator -> origin/RN1149-desarrollo-de-orchestrator
handle-success	Checkout code	2025-09-23T08:14:29.1977341Z  * [new branch]        RN1183-personalización-módulo-finops -> origin/RN1183-personalización-módulo-finops
handle-success	Checkout code	2025-09-23T08:14:29.1981117Z  * [new branch]        RN1282-ka0s-error-detected-in-ka0s-workflow-statistics-summary -> origin/RN1282-ka0s-error-detected-in-ka0s-workflow-statistics-summary
handle-success	Checkout code	2025-09-23T08:14:29.1984542Z  * [new branch]        RN220-web-de-resultados -> origin/RN220-web-de-resultados
handle-success	Checkout code	2025-09-23T08:14:29.1988121Z  * [new branch]        RN227-despliegue-de-kube-independiente-del-clouder -> origin/RN227-despliegue-de-kube-independiente-del-clouder
handle-success	Checkout code	2025-09-23T08:14:29.1991663Z  * [new branch]        RN329-documentacion-metodologia-de-kaos -> origin/RN329-documentacion-metodologia-de-kaos
handle-success	Checkout code	2025-09-23T08:14:29.1994049Z  * [new branch]        main                    -> origin/main
handle-success	Checkout code	2025-09-23T08:14:29.1995796Z  * [new tag]           0.0.0                   -> 0.0.0
handle-success	Checkout code	2025-09-23T08:14:29.1997118Z  * [new tag]           0.0.1                   -> 0.0.1
handle-success	Checkout code	2025-09-23T08:14:29.1998439Z  * [new tag]           0.0.10                  -> 0.0.10
handle-success	Checkout code	2025-09-23T08:14:29.1999776Z  * [new tag]           0.0.100                 -> 0.0.100
handle-success	Checkout code	2025-09-23T08:14:29.2001116Z  * [new tag]           0.0.101                 -> 0.0.101
handle-success	Checkout code	2025-09-23T08:14:29.2002464Z  * [new tag]           0.0.102                 -> 0.0.102
handle-success	Checkout code	2025-09-23T08:14:29.2003807Z  * [new tag]           0.0.103                 -> 0.0.103
handle-success	Checkout code	2025-09-23T08:14:29.2005174Z  * [new tag]           0.0.104                 -> 0.0.104
handle-success	Checkout code	2025-09-23T08:14:29.2006801Z  * [new tag]           0.0.105                 -> 0.0.105
handle-success	Checkout code	2025-09-23T08:14:29.2008150Z  * [new tag]           0.0.106                 -> 0.0.106
handle-success	Checkout code	2025-09-23T08:14:29.2009800Z  * [new tag]           0.0.107                 -> 0.0.107
handle-success	Checkout code	2025-09-23T08:14:29.2011147Z  * [new tag]           0.0.108                 -> 0.0.108
handle-success	Checkout code	2025-09-23T08:14:29.2012486Z  * [new tag]           0.0.109                 -> 0.0.109
handle-success	Checkout code	2025-09-23T08:14:29.2013813Z  * [new tag]           0.0.11                  -> 0.0.11
handle-success	Checkout code	2025-09-23T08:14:29.2015105Z  * [new tag]           0.0.110                 -> 0.0.110
handle-success	Checkout code	2025-09-23T08:14:29.2016882Z  * [new tag]           0.0.111                 -> 0.0.111
handle-success	Checkout code	2025-09-23T08:14:29.2018161Z  * [new tag]           0.0.112                 -> 0.0.112
handle-success	Checkout code	2025-09-23T08:14:29.2019435Z  * [new tag]           0.0.113                 -> 0.0.113
handle-success	Checkout code	2025-09-23T08:14:29.2020711Z  * [new tag]           0.0.114                 -> 0.0.114
handle-success	Checkout code	2025-09-23T08:14:29.2021982Z  * [new tag]           0.0.115                 -> 0.0.115
handle-success	Checkout code	2025-09-23T08:14:29.2023244Z  * [new tag]           0.0.116                 -> 0.0.116
handle-success	Checkout code	2025-09-23T08:14:29.2024493Z  * [new tag]           0.0.117                 -> 0.0.117
handle-success	Checkout code	2025-09-23T08:14:29.2026102Z  * [new tag]           0.0.118                 -> 0.0.118
handle-success	Checkout code	2025-09-23T08:14:29.2027562Z  * [new tag]           0.0.119                 -> 0.0.119
handle-success	Checkout code	2025-09-23T08:14:29.2028801Z  * [new tag]           0.0.12                  -> 0.0.12
handle-success	Checkout code	2025-09-23T08:14:29.2030068Z  * [new tag]           0.0.120                 -> 0.0.120
handle-success	Checkout code	2025-09-23T08:14:29.2031322Z  * [new tag]           0.0.121                 -> 0.0.121
handle-success	Checkout code	2025-09-23T08:14:29.2032570Z  * [new tag]           0.0.122                 -> 0.0.122
handle-success	Checkout code	2025-09-23T08:14:29.2033819Z  * [new tag]           0.0.123                 -> 0.0.123
handle-success	Checkout code	2025-09-23T08:14:29.2035098Z  * [new tag]           0.0.124                 -> 0.0.124
handle-success	Checkout code	2025-09-23T08:14:29.2036679Z  * [new tag]           0.0.125                 -> 0.0.125
handle-success	Checkout code	2025-09-23T08:14:29.2038122Z  * [new tag]           0.0.126                 -> 0.0.126
handle-success	Checkout code	2025-09-23T08:14:29.2039375Z  * [new tag]           0.0.127                 -> 0.0.127
handle-success	Checkout code	2025-09-23T08:14:29.2040812Z  * [new tag]           0.0.128                 -> 0.0.128
handle-success	Checkout code	2025-09-23T08:14:29.2042037Z  * [new tag]           0.0.129                 -> 0.0.129
handle-success	Checkout code	2025-09-23T08:14:29.2043285Z  * [new tag]           0.0.13                  -> 0.0.13
handle-success	Checkout code	2025-09-23T08:14:29.2044523Z  * [new tag]           0.0.130                 -> 0.0.130
handle-success	Checkout code	2025-09-23T08:14:29.2046078Z  * [new tag]           0.0.131                 -> 0.0.131
handle-success	Checkout code	2025-09-23T08:14:29.2047341Z  * [new tag]           0.0.132                 -> 0.0.132
handle-success	Checkout code	2025-09-23T08:14:29.2048585Z  * [new tag]           0.0.133                 -> 0.0.133
handle-success	Checkout code	2025-09-23T08:14:29.2050098Z  * [new tag]           0.0.134                 -> 0.0.134
handle-success	Checkout code	2025-09-23T08:14:29.2051332Z  * [new tag]           0.0.135                 -> 0.0.135
handle-success	Checkout code	2025-09-23T08:14:29.2052570Z  * [new tag]           0.0.136                 -> 0.0.136
handle-success	Checkout code	2025-09-23T08:14:29.2053807Z  * [new tag]           0.0.137                 -> 0.0.137
handle-success	Checkout code	2025-09-23T08:14:29.2055032Z  * [new tag]           0.0.138                 -> 0.0.138
handle-success	Checkout code	2025-09-23T08:14:29.2056584Z  * [new tag]           0.0.139                 -> 0.0.139
handle-success	Checkout code	2025-09-23T08:14:29.2057827Z  * [new tag]           0.0.14                  -> 0.0.14
handle-success	Checkout code	2025-09-23T08:14:29.2059070Z  * [new tag]           0.0.140                 -> 0.0.140
handle-success	Checkout code	2025-09-23T08:14:29.2060305Z  * [new tag]           0.0.141                 -> 0.0.141
handle-success	Checkout code	2025-09-23T08:14:29.2061547Z  * [new tag]           0.0.142                 -> 0.0.142
handle-success	Checkout code	2025-09-23T08:14:29.2062779Z  * [new tag]           0.0.143                 -> 0.0.143
handle-success	Checkout code	2025-09-23T08:14:29.2064017Z  * [new tag]           0.0.144                 -> 0.0.144
handle-success	Checkout code	2025-09-23T08:14:29.2065286Z  * [new tag]           0.0.145                 -> 0.0.145
handle-success	Checkout code	2025-09-23T08:14:29.2066510Z  * [new tag]           0.0.146                 -> 0.0.146
handle-success	Checkout code	2025-09-23T08:14:29.2067732Z  * [new tag]           0.0.147                 -> 0.0.147
handle-success	Checkout code	2025-09-23T08:14:29.2068960Z  * [new tag]           0.0.148                 -> 0.0.148
handle-success	Checkout code	2025-09-23T08:14:29.2070191Z  * [new tag]           0.0.149                 -> 0.0.149
handle-success	Checkout code	2025-09-23T08:14:29.2071419Z  * [new tag]           0.0.15                  -> 0.0.15
handle-success	Checkout code	2025-09-23T08:14:29.2072628Z  * [new tag]           0.0.150                 -> 0.0.150
handle-success	Checkout code	2025-09-23T08:14:29.2073874Z  * [new tag]           0.0.151                 -> 0.0.151
handle-success	Checkout code	2025-09-23T08:14:29.2075103Z  * [new tag]           0.0.152                 -> 0.0.152
handle-success	Checkout code	2025-09-23T08:14:29.2076696Z  * [new tag]           0.0.153                 -> 0.0.153
handle-success	Checkout code	2025-09-23T08:14:29.2077907Z  * [new tag]           0.0.154                 -> 0.0.154
handle-success	Checkout code	2025-09-23T08:14:29.2079094Z  * [new tag]           0.0.155                 -> 0.0.155
handle-success	Checkout code	2025-09-23T08:14:29.2080269Z  * [new tag]           0.0.156                 -> 0.0.156
handle-success	Checkout code	2025-09-23T08:14:29.2081610Z  * [new tag]           0.0.157                 -> 0.0.157
handle-success	Checkout code	2025-09-23T08:14:29.2082816Z  * [new tag]           0.0.158                 -> 0.0.158
handle-success	Checkout code	2025-09-23T08:14:29.2084015Z  * [new tag]           0.0.159                 -> 0.0.159
handle-success	Checkout code	2025-09-23T08:14:29.2085258Z  * [new tag]           0.0.16                  -> 0.0.16
handle-success	Checkout code	2025-09-23T08:14:29.2086475Z  * [new tag]           0.0.160                 -> 0.0.160
handle-success	Checkout code	2025-09-23T08:14:29.2088138Z  * [new tag]           0.0.161                 -> 0.0.161
handle-success	Checkout code	2025-09-23T08:14:29.2089342Z  * [new tag]           0.0.162                 -> 0.0.162
handle-success	Checkout code	2025-09-23T08:14:29.2090555Z  * [new tag]           0.0.163                 -> 0.0.163
handle-success	Checkout code	2025-09-23T08:14:29.2091749Z  * [new tag]           0.0.164                 -> 0.0.164
handle-success	Checkout code	2025-09-23T08:14:29.2092950Z  * [new tag]           0.0.165                 -> 0.0.165
handle-success	Checkout code	2025-09-23T08:14:29.2094121Z  * [new tag]           0.0.166                 -> 0.0.166
handle-success	Checkout code	2025-09-23T08:14:29.2095506Z  * [new tag]           0.0.167                 -> 0.0.167
handle-success	Checkout code	2025-09-23T08:14:29.2096828Z  * [new tag]           0.0.168                 -> 0.0.168
handle-success	Checkout code	2025-09-23T08:14:29.2098000Z  * [new tag]           0.0.169                 -> 0.0.169
handle-success	Checkout code	2025-09-23T08:14:29.2099195Z  * [new tag]           0.0.17                  -> 0.0.17
handle-success	Checkout code	2025-09-23T08:14:29.2100367Z  * [new tag]           0.0.170                 -> 0.0.170
handle-success	Checkout code	2025-09-23T08:14:29.2101714Z  * [new tag]           0.0.171                 -> 0.0.171
handle-success	Checkout code	2025-09-23T08:14:29.2102912Z  * [new tag]           0.0.172                 -> 0.0.172
handle-success	Checkout code	2025-09-23T08:14:29.2104095Z  * [new tag]           0.0.173                 -> 0.0.173
handle-success	Checkout code	2025-09-23T08:14:29.2105319Z  * [new tag]           0.0.174                 -> 0.0.174
handle-success	Checkout code	2025-09-23T08:14:29.2106497Z  * [new tag]           0.0.175                 -> 0.0.175
handle-success	Checkout code	2025-09-23T08:14:29.2107667Z  * [new tag]           0.0.176                 -> 0.0.176
handle-success	Checkout code	2025-09-23T08:14:29.2108846Z  * [new tag]           0.0.177                 -> 0.0.177
handle-success	Checkout code	2025-09-23T08:14:29.2110009Z  * [new tag]           0.0.178                 -> 0.0.178
handle-success	Checkout code	2025-09-23T08:14:29.2111176Z  * [new tag]           0.0.179                 -> 0.0.179
handle-success	Checkout code	2025-09-23T08:14:29.2112344Z  * [new tag]           0.0.18                  -> 0.0.18
handle-success	Checkout code	2025-09-23T08:14:29.2113503Z  * [new tag]           0.0.19                  -> 0.0.19
handle-success	Checkout code	2025-09-23T08:14:29.2114662Z  * [new tag]           0.0.2                   -> 0.0.2
handle-success	Checkout code	2025-09-23T08:14:29.2115984Z  * [new tag]           0.0.20                  -> 0.0.20
handle-success	Checkout code	2025-09-23T08:14:29.2179086Z  * [new tag]           0.0.21                  -> 0.0.21
handle-success	Checkout code	2025-09-23T08:14:29.2180620Z  * [new tag]           0.0.22                  -> 0.0.22
handle-success	Checkout code	2025-09-23T08:14:29.2181901Z  * [new tag]           0.0.23                  -> 0.0.23
handle-success	Checkout code	2025-09-23T08:14:29.2183040Z  * [new tag]           0.0.24                  -> 0.0.24
handle-success	Checkout code	2025-09-23T08:14:29.2184188Z  * [new tag]           0.0.25                  -> 0.0.25
handle-success	Checkout code	2025-09-23T08:14:29.2185705Z  * [new tag]           0.0.26                  -> 0.0.26
handle-success	Checkout code	2025-09-23T08:14:29.2187095Z  * [new tag]           0.0.27                  -> 0.0.27
handle-success	Checkout code	2025-09-23T08:14:29.2188233Z  * [new tag]           0.0.28                  -> 0.0.28
handle-success	Checkout code	2025-09-23T08:14:29.2189372Z  * [new tag]           0.0.29                  -> 0.0.29
handle-success	Checkout code	2025-09-23T08:14:29.2190508Z  * [new tag]           0.0.3                   -> 0.0.3
handle-success	Checkout code	2025-09-23T08:14:29.2191700Z  * [new tag]           0.0.30                  -> 0.0.30
handle-success	Checkout code	2025-09-23T08:14:29.2192837Z  * [new tag]           0.0.31                  -> 0.0.31
handle-success	Checkout code	2025-09-23T08:14:29.2194003Z  * [new tag]           0.0.32                  -> 0.0.32
handle-success	Checkout code	2025-09-23T08:14:29.2195208Z  * [new tag]           0.0.33                  -> 0.0.33
handle-success	Checkout code	2025-09-23T08:14:29.2196833Z  * [new tag]           0.0.34                  -> 0.0.34
handle-success	Checkout code	2025-09-23T08:14:29.2198221Z  * [new tag]           0.0.35                  -> 0.0.35
handle-success	Checkout code	2025-09-23T08:14:29.2199512Z  * [new tag]           0.0.36                  -> 0.0.36
handle-success	Checkout code	2025-09-23T08:14:29.2200796Z  * [new tag]           0.0.37                  -> 0.0.37
handle-success	Checkout code	2025-09-23T08:14:29.2202277Z  * [new tag]           0.0.38                  -> 0.0.38
handle-success	Checkout code	2025-09-23T08:14:29.2203579Z  * [new tag]           0.0.39                  -> 0.0.39
handle-success	Checkout code	2025-09-23T08:14:29.2204755Z  * [new tag]           0.0.4                   -> 0.0.4
handle-success	Checkout code	2025-09-23T08:14:29.2206419Z  * [new tag]           0.0.40                  -> 0.0.40
handle-success	Checkout code	2025-09-23T08:14:29.2207611Z  * [new tag]           0.0.41                  -> 0.0.41
handle-success	Checkout code	2025-09-23T08:14:29.2208779Z  * [new tag]           0.0.42                  -> 0.0.42
handle-success	Checkout code	2025-09-23T08:14:29.2210245Z  * [new tag]           0.0.43                  -> 0.0.43
handle-success	Checkout code	2025-09-23T08:14:29.2211392Z  * [new tag]           0.0.44                  -> 0.0.44
handle-success	Checkout code	2025-09-23T08:14:29.2212539Z  * [new tag]           0.0.45                  -> 0.0.45
handle-success	Checkout code	2025-09-23T08:14:29.2213854Z  * [new tag]           0.0.46                  -> 0.0.46
handle-success	Checkout code	2025-09-23T08:14:29.2215045Z  * [new tag]           0.0.47                  -> 0.0.47
handle-success	Checkout code	2025-09-23T08:14:29.2216557Z  * [new tag]           0.0.48                  -> 0.0.48
handle-success	Checkout code	2025-09-23T08:14:29.2218294Z  * [new tag]           0.0.49                  -> 0.0.49
handle-success	Checkout code	2025-09-23T08:14:29.2219567Z  * [new tag]           0.0.5                   -> 0.0.5
handle-success	Checkout code	2025-09-23T08:14:29.2220982Z  * [new tag]           0.0.50                  -> 0.0.50
handle-success	Checkout code	2025-09-23T08:14:29.2222168Z  * [new tag]           0.0.51                  -> 0.0.51
handle-success	Checkout code	2025-09-23T08:14:29.2223516Z  * [new tag]           0.0.52                  -> 0.0.52
handle-success	Checkout code	2025-09-23T08:14:29.2224672Z  * [new tag]           0.0.53                  -> 0.0.53
handle-success	Checkout code	2025-09-23T08:14:29.2226329Z  * [new tag]           0.0.54                  -> 0.0.54
handle-success	Checkout code	2025-09-23T08:14:29.2227619Z  * [new tag]           0.0.55                  -> 0.0.55
handle-success	Checkout code	2025-09-23T08:14:29.2229015Z  * [new tag]           0.0.56                  -> 0.0.56
handle-success	Checkout code	2025-09-23T08:14:29.2230379Z  * [new tag]           0.0.57                  -> 0.0.57
handle-success	Checkout code	2025-09-23T08:14:29.2231570Z  * [new tag]           0.0.58                  -> 0.0.58
handle-success	Checkout code	2025-09-23T08:14:29.2232861Z  * [new tag]           0.0.59                  -> 0.0.59
handle-success	Checkout code	2025-09-23T08:14:29.2234152Z  * [new tag]           0.0.6                   -> 0.0.6
handle-success	Checkout code	2025-09-23T08:14:29.2236002Z  * [new tag]           0.0.60                  -> 0.0.60
handle-success	Checkout code	2025-09-23T08:14:29.2237357Z  * [new tag]           0.0.61                  -> 0.0.61
handle-success	Checkout code	2025-09-23T08:14:29.2238655Z  * [new tag]           0.0.62                  -> 0.0.62
handle-success	Checkout code	2025-09-23T08:14:29.2239855Z  * [new tag]           0.0.63                  -> 0.0.63
handle-success	Checkout code	2025-09-23T08:14:29.2241025Z  * [new tag]           0.0.64                  -> 0.0.64
handle-success	Checkout code	2025-09-23T08:14:29.2242765Z  * [new tag]           0.0.65                  -> 0.0.65
handle-success	Checkout code	2025-09-23T08:14:29.2243925Z  * [new tag]           0.0.66                  -> 0.0.66
handle-success	Checkout code	2025-09-23T08:14:29.2245098Z  * [new tag]           0.0.67                  -> 0.0.67
handle-success	Checkout code	2025-09-23T08:14:29.2246756Z  * [new tag]           0.0.68                  -> 0.0.68
handle-success	Checkout code	2025-09-23T08:14:29.2248051Z  * [new tag]           0.0.69                  -> 0.0.69
handle-success	Checkout code	2025-09-23T08:14:29.2249227Z  * [new tag]           0.0.7                   -> 0.0.7
handle-success	Checkout code	2025-09-23T08:14:29.2250404Z  * [new tag]           0.0.70                  -> 0.0.70
handle-success	Checkout code	2025-09-23T08:14:29.2251737Z  * [new tag]           0.0.71                  -> 0.0.71
handle-success	Checkout code	2025-09-23T08:14:29.2252910Z  * [new tag]           0.0.72                  -> 0.0.72
handle-success	Checkout code	2025-09-23T08:14:29.2254054Z  * [new tag]           0.0.73                  -> 0.0.73
handle-success	Checkout code	2025-09-23T08:14:29.2255477Z  * [new tag]           0.0.74                  -> 0.0.74
handle-success	Checkout code	2025-09-23T08:14:29.2256933Z  * [new tag]           0.0.75                  -> 0.0.75
handle-success	Checkout code	2025-09-23T08:14:29.2258071Z  * [new tag]           0.0.76                  -> 0.0.76
handle-success	Checkout code	2025-09-23T08:14:29.2259211Z  * [new tag]           0.0.77                  -> 0.0.77
handle-success	Checkout code	2025-09-23T08:14:29.2260341Z  * [new tag]           0.0.78                  -> 0.0.78
handle-success	Checkout code	2025-09-23T08:14:29.2261672Z  * [new tag]           0.0.79                  -> 0.0.79
handle-success	Checkout code	2025-09-23T08:14:29.2263080Z  * [new tag]           0.0.8                   -> 0.0.8
handle-success	Checkout code	2025-09-23T08:14:29.2264248Z  * [new tag]           0.0.80                  -> 0.0.80
handle-success	Checkout code	2025-09-23T08:14:29.2265712Z  * [new tag]           0.0.81                  -> 0.0.81
handle-success	Checkout code	2025-09-23T08:14:29.2266866Z  * [new tag]           0.0.82                  -> 0.0.82
handle-success	Checkout code	2025-09-23T08:14:29.2268008Z  * [new tag]           0.0.83                  -> 0.0.83
handle-success	Checkout code	2025-09-23T08:14:29.2269143Z  * [new tag]           0.0.84                  -> 0.0.84
handle-success	Checkout code	2025-09-23T08:14:29.2270286Z  * [new tag]           0.0.85                  -> 0.0.85
handle-success	Checkout code	2025-09-23T08:14:29.2271684Z  * [new tag]           0.0.86                  -> 0.0.86
handle-success	Checkout code	2025-09-23T08:14:29.2272998Z  * [new tag]           0.0.87                  -> 0.0.87
handle-success	Checkout code	2025-09-23T08:14:29.2274176Z  * [new tag]           0.0.88                  -> 0.0.88
handle-success	Checkout code	2025-09-23T08:14:29.2275487Z  * [new tag]           0.0.89                  -> 0.0.89
handle-success	Checkout code	2025-09-23T08:14:29.2276684Z  * [new tag]           0.0.9                   -> 0.0.9
handle-success	Checkout code	2025-09-23T08:14:29.2277853Z  * [new tag]           0.0.90                  -> 0.0.90
handle-success	Checkout code	2025-09-23T08:14:29.2279015Z  * [new tag]           0.0.91                  -> 0.0.91
handle-success	Checkout code	2025-09-23T08:14:29.2280195Z  * [new tag]           0.0.92                  -> 0.0.92
handle-success	Checkout code	2025-09-23T08:14:29.2281466Z  * [new tag]           0.0.93                  -> 0.0.93
handle-success	Checkout code	2025-09-23T08:14:29.2282603Z  * [new tag]           0.0.94                  -> 0.0.94
handle-success	Checkout code	2025-09-23T08:14:29.2283722Z  * [new tag]           0.0.95                  -> 0.0.95
handle-success	Checkout code	2025-09-23T08:14:29.2285029Z  * [new tag]           0.0.96                  -> 0.0.96
handle-success	Checkout code	2025-09-23T08:14:29.2286489Z  * [new tag]           0.0.97                  -> 0.0.97
handle-success	Checkout code	2025-09-23T08:14:29.2287632Z  * [new tag]           0.0.98                  -> 0.0.98
handle-success	Checkout code	2025-09-23T08:14:29.2288770Z  * [new tag]           0.0.99                  -> 0.0.99
handle-success	Checkout code	2025-09-23T08:14:29.2289889Z  * [new tag]           0.1.0                   -> 0.1.0
handle-success	Checkout code	2025-09-23T08:14:29.2291007Z  * [new tag]           0.1.1                   -> 0.1.1
handle-success	Checkout code	2025-09-23T08:14:29.2292112Z  * [new tag]           0.2.0                   -> 0.2.0
handle-success	Checkout code	2025-09-23T08:14:29.2293222Z  * [new tag]           0.3.0                   -> 0.3.0
handle-success	Checkout code	2025-09-23T08:14:29.2294346Z  * [new tag]           0.3.1                   -> 0.3.1
handle-success	Checkout code	2025-09-23T08:14:29.2295927Z  * [new tag]           0.3.10                  -> 0.3.10
handle-success	Checkout code	2025-09-23T08:14:29.2297164Z  * [new tag]           0.3.11                  -> 0.3.11
handle-success	Checkout code	2025-09-23T08:14:29.2298375Z  * [new tag]           0.3.12                  -> 0.3.12
handle-success	Checkout code	2025-09-23T08:14:29.2299775Z  * [new tag]           0.3.13                  -> 0.3.13
handle-success	Checkout code	2025-09-23T08:14:29.2301054Z  * [new tag]           0.3.14                  -> 0.3.14
handle-success	Checkout code	2025-09-23T08:14:29.2302510Z  * [new tag]           0.3.15                  -> 0.3.15
handle-success	Checkout code	2025-09-23T08:14:29.2303757Z  * [new tag]           0.3.16                  -> 0.3.16
handle-success	Checkout code	2025-09-23T08:14:29.2304873Z  * [new tag]           0.3.17                  -> 0.3.17
handle-success	Checkout code	2025-09-23T08:14:29.2306339Z  * [new tag]           0.3.2                   -> 0.3.2
handle-success	Checkout code	2025-09-23T08:14:29.2307866Z  * [new tag]           0.3.3                   -> 0.3.3
handle-success	Checkout code	2025-09-23T08:14:29.2309149Z  * [new tag]           0.3.4                   -> 0.3.4
handle-success	Checkout code	2025-09-23T08:14:29.2310412Z  * [new tag]           0.3.5                   -> 0.3.5
handle-success	Checkout code	2025-09-23T08:14:29.2311552Z  * [new tag]           0.3.6                   -> 0.3.6
handle-success	Checkout code	2025-09-23T08:14:29.2312651Z  * [new tag]           0.3.7                   -> 0.3.7
handle-success	Checkout code	2025-09-23T08:14:29.2313921Z  * [new tag]           0.3.8                   -> 0.3.8
handle-success	Checkout code	2025-09-23T08:14:29.2315088Z  * [new tag]           0.3.9                   -> 0.3.9
handle-success	Checkout code	2025-09-23T08:14:29.2316684Z  * [new tag]           0.4.0                   -> 0.4.0
handle-success	Checkout code	2025-09-23T08:14:29.2317810Z  * [new tag]           0.4.1                   -> 0.4.1
handle-success	Checkout code	2025-09-23T08:14:29.2319060Z  * [new tag]           0.4.2                   -> 0.4.2
handle-success	Checkout code	2025-09-23T08:14:29.2320188Z  * [new tag]           0.4.3                   -> 0.4.3
handle-success	Checkout code	2025-09-23T08:14:29.2321332Z  * [new tag]           0.4.4                   -> 0.4.4
handle-success	Checkout code	2025-09-23T08:14:29.2322477Z  * [new tag]           0.4.5                   -> 0.4.5
handle-success	Checkout code	2025-09-23T08:14:29.2323748Z  * [new tag]           0.4.6                   -> 0.4.6
handle-success	Checkout code	2025-09-23T08:14:29.2327854Z [command]/usr/bin/git branch --list --remote origin/H1514-new-swarm-deployment-stack-with-actions-runners-autoscale
handle-success	Checkout code	2025-09-23T08:14:29.2330524Z   origin/H1514-new-swarm-deployment-stack-with-actions-runners-autoscale
handle-success	Checkout code	2025-09-23T08:14:29.2334599Z [command]/usr/bin/git rev-parse refs/remotes/origin/H1514-new-swarm-deployment-stack-with-actions-runners-autoscale
handle-success	Checkout code	2025-09-23T08:14:29.2337574Z 221910afe9418010d720c9125a0d9585059bfca9
handle-success	Checkout code	2025-09-23T08:14:29.2347012Z [command]/usr/bin/git -c protocol.version=2 fetch --no-tags --prune --no-recurse-submodules origin +5bbfaeaec3900effbc65604019d08f3d4f0d199e:refs/remotes/origin/H1514-new-swarm-deployment-stack-with-actions-runners-autoscale
handle-success	Checkout code	2025-09-23T08:14:29.2499080Z From https://github.com/Ka0s-Klaus/ka0s
handle-success	Checkout code	2025-09-23T08:14:29.2502075Z  + 221910af...5bbfaeae 5bbfaeaec3900effbc65604019d08f3d4f0d199e -> origin/H1514-new-swarm-deployment-stack-with-actions-runners-autoscale  (forced update)
handle-success	Checkout code	2025-09-23T08:14:29.2530461Z ##[endgroup]
handle-success	Checkout code	2025-09-23T08:14:29.2531981Z ##[group]Determining the checkout info
handle-success	Checkout code	2025-09-23T08:14:29.2533555Z ##[endgroup]
handle-success	Checkout code	2025-09-23T08:14:29.2534678Z [command]/usr/bin/git sparse-checkout disable
handle-success	Checkout code	2025-09-23T08:14:29.2579880Z [command]/usr/bin/git config --local --unset-all extensions.worktreeConfig
handle-success	Checkout code	2025-09-23T08:14:29.2611377Z ##[group]Checking out the ref
handle-success	Checkout code	2025-09-23T08:14:29.2616252Z [command]/usr/bin/git checkout --progress --force -B H1514-new-swarm-deployment-stack-with-actions-runners-autoscale refs/remotes/origin/H1514-new-swarm-deployment-stack-with-actions-runners-autoscale
handle-success	Checkout code	2025-09-23T08:14:30.0135222Z Switched to a new branch 'H1514-new-swarm-deployment-stack-with-actions-runners-autoscale'
handle-success	Checkout code	2025-09-23T08:14:30.0137647Z branch 'H1514-new-swarm-deployment-stack-with-actions-runners-autoscale' set up to track 'origin/H1514-new-swarm-deployment-stack-with-actions-runners-autoscale'.
handle-success	Checkout code	2025-09-23T08:14:30.0232032Z ##[endgroup]
handle-success	Checkout code	2025-09-23T08:14:30.0273367Z [command]/usr/bin/git log -1 --format=%H
handle-success	Checkout code	2025-09-23T08:14:30.0298763Z 5bbfaeaec3900effbc65604019d08f3d4f0d199e
handle-success	handle-success-execution	﻿2025-09-23T08:14:30.0534646Z ##[group]Run # Si todo ha ido correcto añadimos el contenido del fichero 
handle-success	handle-success-execution	2025-09-23T08:14:30.0535445Z [36;1m# Si todo ha ido correcto añadimos el contenido del fichero [0m
handle-success	handle-success-execution	2025-09-23T08:14:30.0536240Z [36;1mRNNUMBER=$(echo "refs/heads/H1514-new-swarm-deployment-stack-with-actions-runners-autoscale" | grep -o '[0-9]*')[0m
handle-success	handle-success-execution	2025-09-23T08:14:30.0537333Z [36;1mgh issue comment $RNNUMBER --body "El proceso ha finalizado correctamente 17939782837. El resultado de la ejecución se guardará en MongoDB"[0m
handle-success	handle-success-execution	2025-09-23T08:14:30.0549608Z shell: /usr/bin/bash -e {0}
handle-success	handle-success-execution	2025-09-23T08:14:30.0549950Z env:
handle-success	handle-success-execution	2025-09-23T08:14:30.0550201Z   KAOS_CODE: 17939782837
handle-success	handle-success-execution	2025-09-23T08:14:30.0550489Z   KAOS_EVENT_NAME: push
handle-success	handle-success-execution	2025-09-23T08:14:30.0550768Z   KAOS_ACTION: 
handle-success	handle-success-execution	2025-09-23T08:14:30.0551232Z   KAOS_REF: refs/heads/H1514-new-swarm-deployment-stack-with-actions-runners-autoscale
handle-success	handle-success-execution	2025-09-23T08:14:30.0551798Z   KAOS_MODULE: [Ka0S] Kaos
handle-success	handle-success-execution	2025-09-23T08:14:30.0552100Z   KAOS_PATH_RESUME: audit/kaos/
handle-success	handle-success-execution	2025-09-23T08:14:30.0552406Z   KAOS_ACTOR: santakloud
handle-success	handle-success-execution	2025-09-23T08:14:30.0553137Z   GH_TOKEN: ***
handle-success	handle-success-execution	2025-09-23T08:14:30.0553396Z ##[endgroup]
handle-success	handle-success-execution	2025-09-23T08:14:31.1296305Z https://github.com/Ka0s-Klaus/ka0s/issues/1514#issuecomment-3322887691
handle-success	Post Checkout code	﻿2025-09-23T08:14:31.1434927Z Post job cleanup.
handle-success	Post Checkout code	2025-09-23T08:14:31.2417903Z [command]/usr/bin/git version
handle-success	Post Checkout code	2025-09-23T08:14:31.2458924Z git version 2.51.0
handle-success	Post Checkout code	2025-09-23T08:14:31.2507466Z Temporarily overriding HOME='/home/runner/_work/_temp/91978f07-fe91-4f7e-8c32-d51ed7d3a713' before making global git config changes
handle-success	Post Checkout code	2025-09-23T08:14:31.2508382Z Adding repository directory to the temporary git global config as a safe directory
handle-success	Post Checkout code	2025-09-23T08:14:31.2513839Z [command]/usr/bin/git config --global --add safe.directory /home/runner/_work/ka0s/ka0s
handle-success	Post Checkout code	2025-09-23T08:14:31.2561673Z [command]/usr/bin/git config --local --name-only --get-regexp core\.sshCommand
handle-success	Post Checkout code	2025-09-23T08:14:31.2597991Z [command]/usr/bin/git submodule foreach --recursive sh -c "git config --local --name-only --get-regexp 'core\.sshCommand' && git config --local --unset-all 'core.sshCommand' || :"
handle-success	Post Checkout code	2025-09-23T08:14:31.2846657Z [command]/usr/bin/git config --local --name-only --get-regexp http\.https\:\/\/github\.com\/\.extraheader
handle-success	Post Checkout code	2025-09-23T08:14:31.2871786Z http.https://github.com/.extraheader
handle-success	Post Checkout code	2025-09-23T08:14:31.2884702Z [command]/usr/bin/git config --local --unset-all http.https://github.com/.extraheader
handle-success	Post Checkout code	2025-09-23T08:14:31.2917877Z [command]/usr/bin/git submodule foreach --recursive sh -c "git config --local --name-only --get-regexp 'http\.https\:\/\/github\.com\/\.extraheader' && git config --local --unset-all 'http.https://github.com/.extraheader' || :"
handle-success	Complete job	﻿2025-09-23T08:14:31.3278126Z Cleaning up orphan processes
end-workflow	Set up job	﻿2025-09-23T08:15:01.8608839Z Current runner version: '2.328.0'
end-workflow	Set up job	2025-09-23T08:15:01.8616992Z Runner name: 'e3e223febc36'
end-workflow	Set up job	2025-09-23T08:15:01.8618088Z Runner group name: 'swarm-runners'
end-workflow	Set up job	2025-09-23T08:15:01.8619135Z Machine name: 'e3e223febc36'
end-workflow	Set up job	2025-09-23T08:15:01.8622594Z ##[group]GITHUB_TOKEN Permissions
end-workflow	Set up job	2025-09-23T08:15:01.8625209Z Contents: read
end-workflow	Set up job	2025-09-23T08:15:01.8626199Z Metadata: read
end-workflow	Set up job	2025-09-23T08:15:01.8626847Z Packages: read
end-workflow	Set up job	2025-09-23T08:15:01.8627372Z ##[endgroup]
end-workflow	Set up job	2025-09-23T08:15:01.8629446Z Secret source: Actions
end-workflow	Set up job	2025-09-23T08:15:01.8630292Z Prepare workflow directory
end-workflow	Set up job	2025-09-23T08:15:01.9177006Z Prepare all required actions
end-workflow	Set up job	2025-09-23T08:15:01.9218962Z Getting action download info
end-workflow	Set up job	2025-09-23T08:15:02.5053772Z Download action repository 'actions/checkout@v4' (SHA:08eba0b27e820071cde6df949e0beb9ba4906955)
end-workflow	Set up job	2025-09-23T08:15:03.4633709Z Complete job name: end-workflow
end-workflow	Checkout code	﻿2025-09-23T08:15:03.5216300Z ##[group]Run actions/checkout@v4
end-workflow	Checkout code	2025-09-23T08:15:03.5217429Z with:
end-workflow	Checkout code	2025-09-23T08:15:03.5217899Z   fetch-depth: 0
end-workflow	Checkout code	2025-09-23T08:15:03.5218751Z   token: ***
end-workflow	Checkout code	2025-09-23T08:15:03.5219234Z   repository: Ka0s-Klaus/ka0s
end-workflow	Checkout code	2025-09-23T08:15:03.5219774Z   ssh-strict: true
end-workflow	Checkout code	2025-09-23T08:15:03.5220243Z   ssh-user: git
end-workflow	Checkout code	2025-09-23T08:15:03.5220719Z   persist-credentials: true
end-workflow	Checkout code	2025-09-23T08:15:03.5221242Z   clean: true
end-workflow	Checkout code	2025-09-23T08:15:03.5221723Z   sparse-checkout-cone-mode: true
end-workflow	Checkout code	2025-09-23T08:15:03.5222295Z   fetch-tags: false
end-workflow	Checkout code	2025-09-23T08:15:03.5222771Z   show-progress: true
end-workflow	Checkout code	2025-09-23T08:15:03.5223252Z   lfs: false
end-workflow	Checkout code	2025-09-23T08:15:03.5223681Z   submodules: false
end-workflow	Checkout code	2025-09-23T08:15:03.5224186Z   set-safe-directory: true
end-workflow	Checkout code	2025-09-23T08:15:03.5224946Z env:
end-workflow	Checkout code	2025-09-23T08:15:03.5225845Z   KAOS_CODE: 17939782837
end-workflow	Checkout code	2025-09-23T08:15:03.5226361Z   KAOS_EVENT_NAME: push
end-workflow	Checkout code	2025-09-23T08:15:03.5226846Z   KAOS_ACTION: 
end-workflow	Checkout code	2025-09-23T08:15:03.5227637Z   KAOS_REF: refs/heads/H1514-new-swarm-deployment-stack-with-actions-runners-autoscale
end-workflow	Checkout code	2025-09-23T08:15:03.5228619Z   KAOS_MODULE: [Ka0S] Kaos
end-workflow	Checkout code	2025-09-23T08:15:03.5229160Z   KAOS_PATH_RESUME: audit/kaos/
end-workflow	Checkout code	2025-09-23T08:15:03.5229726Z   KAOS_ACTOR: santakloud
end-workflow	Checkout code	2025-09-23T08:15:03.5230438Z   GH_TOKEN: ***
end-workflow	Checkout code	2025-09-23T08:15:03.5230895Z ##[endgroup]
end-workflow	Checkout code	2025-09-23T08:15:03.6394616Z Syncing repository: Ka0s-Klaus/ka0s
end-workflow	Checkout code	2025-09-23T08:15:03.6397384Z ##[group]Getting Git version info
end-workflow	Checkout code	2025-09-23T08:15:03.6398167Z Working directory is '/home/runner/_work/ka0s/ka0s'
end-workflow	Checkout code	2025-09-23T08:15:03.6399251Z [command]/usr/bin/git version
end-workflow	Checkout code	2025-09-23T08:15:03.6399827Z git version 2.51.0
end-workflow	Checkout code	2025-09-23T08:15:03.6423863Z ##[endgroup]
end-workflow	Checkout code	2025-09-23T08:15:03.6438670Z Temporarily overriding HOME='/home/runner/_work/_temp/10ae7a51-b5cd-431e-8fc2-3e8d73b26cf6' before making global git config changes
end-workflow	Checkout code	2025-09-23T08:15:03.6441827Z Adding repository directory to the temporary git global config as a safe directory
end-workflow	Checkout code	2025-09-23T08:15:03.6446501Z [command]/usr/bin/git config --global --add safe.directory /home/runner/_work/ka0s/ka0s
end-workflow	Checkout code	2025-09-23T08:15:03.6488452Z Deleting the contents of '/home/runner/_work/ka0s/ka0s'
end-workflow	Checkout code	2025-09-23T08:15:03.6494944Z ##[group]Initializing the repository
end-workflow	Checkout code	2025-09-23T08:15:03.6498990Z [command]/usr/bin/git init /home/runner/_work/ka0s/ka0s
end-workflow	Checkout code	2025-09-23T08:15:03.6545405Z hint: Using 'master' as the name for the initial branch. This default branch name
end-workflow	Checkout code	2025-09-23T08:15:03.6546841Z hint: is subject to change. To configure the initial branch name to use in all
end-workflow	Checkout code	2025-09-23T08:15:03.6548064Z hint: of your new repositories, which will suppress this warning, call:
end-workflow	Checkout code	2025-09-23T08:15:03.6548979Z hint:
end-workflow	Checkout code	2025-09-23T08:15:03.6549539Z hint: 	git config --global init.defaultBranch <name>
end-workflow	Checkout code	2025-09-23T08:15:03.6550219Z hint:
end-workflow	Checkout code	2025-09-23T08:15:03.6550863Z hint: Names commonly chosen instead of 'master' are 'main', 'trunk' and
end-workflow	Checkout code	2025-09-23T08:15:03.6552187Z hint: 'development'. The just-created branch can be renamed via this command:
end-workflow	Checkout code	2025-09-23T08:15:03.6553024Z hint:
end-workflow	Checkout code	2025-09-23T08:15:03.6553478Z hint: 	git branch -m <name>
end-workflow	Checkout code	2025-09-23T08:15:03.6554006Z hint:
end-workflow	Checkout code	2025-09-23T08:15:03.6554754Z hint: Disable this message with "git config set advice.defaultBranchName false"
end-workflow	Checkout code	2025-09-23T08:15:03.6556377Z Initialized empty Git repository in /home/runner/_work/ka0s/ka0s/.git/
end-workflow	Checkout code	2025-09-23T08:15:03.6559174Z [command]/usr/bin/git remote add origin https://github.com/Ka0s-Klaus/ka0s
end-workflow	Checkout code	2025-09-23T08:15:03.6594655Z ##[endgroup]
end-workflow	Checkout code	2025-09-23T08:15:03.6596037Z ##[group]Disabling automatic garbage collection
end-workflow	Checkout code	2025-09-23T08:15:03.6598399Z [command]/usr/bin/git config --local gc.auto 0
end-workflow	Checkout code	2025-09-23T08:15:03.6631844Z ##[endgroup]
end-workflow	Checkout code	2025-09-23T08:15:03.6632744Z ##[group]Setting up auth
end-workflow	Checkout code	2025-09-23T08:15:03.6640377Z [command]/usr/bin/git config --local --name-only --get-regexp core\.sshCommand
end-workflow	Checkout code	2025-09-23T08:15:03.6675609Z [command]/usr/bin/git submodule foreach --recursive sh -c "git config --local --name-only --get-regexp 'core\.sshCommand' && git config --local --unset-all 'core.sshCommand' || :"
end-workflow	Checkout code	2025-09-23T08:15:03.6923808Z [command]/usr/bin/git config --local --name-only --get-regexp http\.https\:\/\/github\.com\/\.extraheader
end-workflow	Checkout code	2025-09-23T08:15:03.6956939Z [command]/usr/bin/git submodule foreach --recursive sh -c "git config --local --name-only --get-regexp 'http\.https\:\/\/github\.com\/\.extraheader' && git config --local --unset-all 'http.https://github.com/.extraheader' || :"
end-workflow	Checkout code	2025-09-23T08:15:03.7214225Z [command]/usr/bin/git config --local http.https://github.com/.extraheader AUTHORIZATION: basic ***
end-workflow	Checkout code	2025-09-23T08:15:03.7257663Z ##[endgroup]
end-workflow	Checkout code	2025-09-23T08:15:03.7258734Z ##[group]Fetching the repository
end-workflow	Checkout code	2025-09-23T08:15:03.7266346Z [command]/usr/bin/git -c protocol.version=2 fetch --prune --no-recurse-submodules origin +refs/heads/*:refs/remotes/origin/* +refs/tags/*:refs/tags/*
end-workflow	Checkout code	2025-09-23T08:15:12.8142804Z From https://github.com/Ka0s-Klaus/ka0s
end-workflow	Checkout code	2025-09-23T08:15:12.8144289Z  * [new branch]        F1149-desarrollo-de-orchestrator -> origin/F1149-desarrollo-de-orchestrator
end-workflow	Checkout code	2025-09-23T08:15:12.8145556Z  * [new branch]        F1183-personalización-módulo-finops -> origin/F1183-personalización-módulo-finops
end-workflow	Checkout code	2025-09-23T08:15:12.8146376Z  * [new branch]        F1224-new-module-mongodb -> origin/F1224-new-module-mongodb
end-workflow	Checkout code	2025-09-23T08:15:12.8147152Z  * [new branch]        F220-web-de-resultados  -> origin/F220-web-de-resultados
end-workflow	Checkout code	2025-09-23T08:15:12.8148026Z  * [new branch]        F227-despliegue-de-kube-independiente-del-clouder -> origin/F227-despliegue-de-kube-independiente-del-clouder
end-workflow	Checkout code	2025-09-23T08:15:12.8149029Z  * [new branch]        F329-documentacion-metodologia-de-kaos -> origin/F329-documentacion-metodologia-de-kaos
end-workflow	Checkout code	2025-09-23T08:15:12.8149953Z  * [new branch]        F44-creación-módulo-versionado -> origin/F44-creación-módulo-versionado
end-workflow	Checkout code	2025-09-23T08:15:12.8150768Z  * [new branch]        H1128-módulo-de-observabilidad -> origin/H1128-módulo-de-observabilidad
end-workflow	Checkout code	2025-09-23T08:15:12.8151529Z  * [new branch]        H1139-como-instalar-arc-control -> origin/H1139-como-instalar-arc-control
end-workflow	Checkout code	2025-09-23T08:15:12.8152697Z  * [new branch]        H1149-desarrollo-de-orchestrator -> origin/H1149-desarrollo-de-orchestrator
end-workflow	Checkout code	2025-09-23T08:15:12.8153639Z  * [new branch]        H1150-desarrollo-de-secciones -> origin/H1150-desarrollo-de-secciones
end-workflow	Checkout code	2025-09-23T08:15:12.8154418Z  * [new branch]        H1151-desarrollo-de-secciones-ii -> origin/H1151-desarrollo-de-secciones-ii
end-workflow	Checkout code	2025-09-23T08:15:12.8155103Z  * [new branch]        H1152-desarrollo-inicio -> origin/H1152-desarrollo-inicio
end-workflow	Checkout code	2025-09-23T08:15:12.8156023Z  * [new branch]        H1183-personalización-módulo-finops -> origin/H1183-personalización-módulo-finops
end-workflow	Checkout code	2025-09-23T08:15:12.8156977Z  * [new branch]        H1193-ejemplo-web-documentacion -> origin/H1193-ejemplo-web-documentacion
end-workflow	Checkout code	2025-09-23T08:15:12.8157639Z  * [new branch]        H1205-web-creation      -> origin/H1205-web-creation
end-workflow	Checkout code	2025-09-23T08:15:12.8158227Z  * [new branch]        H1224-new-module-mongodb -> origin/H1224-new-module-mongodb
end-workflow	Checkout code	2025-09-23T08:15:12.8158826Z  * [new branch]        H1410-modulo-execution  -> origin/H1410-modulo-execution
end-workflow	Checkout code	2025-09-23T08:15:12.8159850Z  * [new branch]        H1514-new-swarm-deployment-stack-with-actions-runners-autoscale -> origin/H1514-new-swarm-deployment-stack-with-actions-runners-autoscale
end-workflow	Checkout code	2025-09-23T08:15:12.8161297Z  * [new branch]        H215-modulo-de-summary  -> origin/H215-modulo-de-summary
end-workflow	Checkout code	2025-09-23T08:15:12.8161892Z  * [new branch]        H220-web-de-resultados  -> origin/H220-web-de-resultados
end-workflow	Checkout code	2025-09-23T08:15:12.8162749Z  * [new branch]        H227-despliegue-de-kube-independiente-del-clouder -> origin/H227-despliegue-de-kube-independiente-del-clouder
end-workflow	Checkout code	2025-09-23T08:15:12.8163664Z  * [new branch]        H306-ficheros-de-estadisticas -> origin/H306-ficheros-de-estadisticas
end-workflow	Checkout code	2025-09-23T08:15:12.8164527Z  * [new branch]        H328-documentacion-modulo-principal-de-kaos -> origin/H328-documentacion-modulo-principal-de-kaos
end-workflow	Checkout code	2025-09-23T08:15:12.8165531Z  * [new branch]        H329-documentacion-metodologia-de-kaos -> origin/H329-documentacion-metodologia-de-kaos
end-workflow	Checkout code	2025-09-23T08:15:12.8166475Z  * [new branch]        H338-relanzador-de-jobs-en-caso-de-pattern -> origin/H338-relanzador-de-jobs-en-caso-de-pattern
end-workflow	Checkout code	2025-09-23T08:15:12.8167595Z  * [new branch]        H38-documentacion-basica-del-proyecto -> origin/H38-documentacion-basica-del-proyecto
end-workflow	Checkout code	2025-09-23T08:15:12.8168512Z  * [new branch]        H44-creación-módulo-versionado -> origin/H44-creación-módulo-versionado
end-workflow	Checkout code	2025-09-23T08:15:12.8169386Z  * [new branch]        RN1149-desarrollo-de-orchestrator -> origin/RN1149-desarrollo-de-orchestrator
end-workflow	Checkout code	2025-09-23T08:15:12.8170418Z  * [new branch]        RN1183-personalización-módulo-finops -> origin/RN1183-personalización-módulo-finops
end-workflow	Checkout code	2025-09-23T08:15:12.8171535Z  * [new branch]        RN1282-ka0s-error-detected-in-ka0s-workflow-statistics-summary -> origin/RN1282-ka0s-error-detected-in-ka0s-workflow-statistics-summary
end-workflow	Checkout code	2025-09-23T08:15:12.8172522Z  * [new branch]        RN220-web-de-resultados -> origin/RN220-web-de-resultados
end-workflow	Checkout code	2025-09-23T08:15:12.8173398Z  * [new branch]        RN227-despliegue-de-kube-independiente-del-clouder -> origin/RN227-despliegue-de-kube-independiente-del-clouder
end-workflow	Checkout code	2025-09-23T08:15:12.8174452Z  * [new branch]        RN329-documentacion-metodologia-de-kaos -> origin/RN329-documentacion-metodologia-de-kaos
end-workflow	Checkout code	2025-09-23T08:15:12.8175220Z  * [new branch]        main                    -> origin/main
end-workflow	Checkout code	2025-09-23T08:15:12.8175788Z  * [new tag]           0.0.0                   -> 0.0.0
end-workflow	Checkout code	2025-09-23T08:15:12.8176183Z  * [new tag]           0.0.1                   -> 0.0.1
end-workflow	Checkout code	2025-09-23T08:15:12.8176576Z  * [new tag]           0.0.10                  -> 0.0.10
end-workflow	Checkout code	2025-09-23T08:15:12.8176977Z  * [new tag]           0.0.100                 -> 0.0.100
end-workflow	Checkout code	2025-09-23T08:15:12.8177383Z  * [new tag]           0.0.101                 -> 0.0.101
end-workflow	Checkout code	2025-09-23T08:15:12.8177927Z  * [new tag]           0.0.102                 -> 0.0.102
end-workflow	Checkout code	2025-09-23T08:15:12.8178343Z  * [new tag]           0.0.103                 -> 0.0.103
end-workflow	Checkout code	2025-09-23T08:15:12.8178753Z  * [new tag]           0.0.104                 -> 0.0.104
end-workflow	Checkout code	2025-09-23T08:15:12.8179164Z  * [new tag]           0.0.105                 -> 0.0.105
end-workflow	Checkout code	2025-09-23T08:15:12.8179698Z  * [new tag]           0.0.106                 -> 0.0.106
end-workflow	Checkout code	2025-09-23T08:15:12.8180109Z  * [new tag]           0.0.107                 -> 0.0.107
end-workflow	Checkout code	2025-09-23T08:15:12.8180529Z  * [new tag]           0.0.108                 -> 0.0.108
end-workflow	Checkout code	2025-09-23T08:15:12.8180936Z  * [new tag]           0.0.109                 -> 0.0.109
end-workflow	Checkout code	2025-09-23T08:15:12.8181344Z  * [new tag]           0.0.11                  -> 0.0.11
end-workflow	Checkout code	2025-09-23T08:15:12.8181751Z  * [new tag]           0.0.110                 -> 0.0.110
end-workflow	Checkout code	2025-09-23T08:15:12.8182163Z  * [new tag]           0.0.111                 -> 0.0.111
end-workflow	Checkout code	2025-09-23T08:15:12.8182564Z  * [new tag]           0.0.112                 -> 0.0.112
end-workflow	Checkout code	2025-09-23T08:15:12.8182986Z  * [new tag]           0.0.113                 -> 0.0.113
end-workflow	Checkout code	2025-09-23T08:15:12.8183404Z  * [new tag]           0.0.114                 -> 0.0.114
end-workflow	Checkout code	2025-09-23T08:15:12.8183825Z  * [new tag]           0.0.115                 -> 0.0.115
end-workflow	Checkout code	2025-09-23T08:15:12.8184246Z  * [new tag]           0.0.116                 -> 0.0.116
end-workflow	Checkout code	2025-09-23T08:15:12.8184687Z  * [new tag]           0.0.117                 -> 0.0.117
end-workflow	Checkout code	2025-09-23T08:15:12.8185105Z  * [new tag]           0.0.118                 -> 0.0.118
end-workflow	Checkout code	2025-09-23T08:15:12.8185980Z  * [new tag]           0.0.119                 -> 0.0.119
end-workflow	Checkout code	2025-09-23T08:15:12.8186403Z  * [new tag]           0.0.12                  -> 0.0.12
end-workflow	Checkout code	2025-09-23T08:15:12.8186820Z  * [new tag]           0.0.120                 -> 0.0.120
end-workflow	Checkout code	2025-09-23T08:15:12.8187241Z  * [new tag]           0.0.121                 -> 0.0.121
end-workflow	Checkout code	2025-09-23T08:15:12.8187665Z  * [new tag]           0.0.122                 -> 0.0.122
end-workflow	Checkout code	2025-09-23T08:15:12.8188086Z  * [new tag]           0.0.123                 -> 0.0.123
end-workflow	Checkout code	2025-09-23T08:15:12.8188526Z  * [new tag]           0.0.124                 -> 0.0.124
end-workflow	Checkout code	2025-09-23T08:15:12.8189021Z  * [new tag]           0.0.125                 -> 0.0.125
end-workflow	Checkout code	2025-09-23T08:15:12.8189441Z  * [new tag]           0.0.126                 -> 0.0.126
end-workflow	Checkout code	2025-09-23T08:15:12.8189867Z  * [new tag]           0.0.127                 -> 0.0.127
end-workflow	Checkout code	2025-09-23T08:15:12.8190500Z  * [new tag]           0.0.128                 -> 0.0.128
end-workflow	Checkout code	2025-09-23T08:15:12.8190942Z  * [new tag]           0.0.129                 -> 0.0.129
end-workflow	Checkout code	2025-09-23T08:15:12.8191371Z  * [new tag]           0.0.13                  -> 0.0.13
end-workflow	Checkout code	2025-09-23T08:15:12.8191800Z  * [new tag]           0.0.130                 -> 0.0.130
end-workflow	Checkout code	2025-09-23T08:15:12.8192227Z  * [new tag]           0.0.131                 -> 0.0.131
end-workflow	Checkout code	2025-09-23T08:15:12.8192653Z  * [new tag]           0.0.132                 -> 0.0.132
end-workflow	Checkout code	2025-09-23T08:15:12.8193076Z  * [new tag]           0.0.133                 -> 0.0.133
end-workflow	Checkout code	2025-09-23T08:15:12.8193497Z  * [new tag]           0.0.134                 -> 0.0.134
end-workflow	Checkout code	2025-09-23T08:15:12.8193925Z  * [new tag]           0.0.135                 -> 0.0.135
end-workflow	Checkout code	2025-09-23T08:15:12.8194347Z  * [new tag]           0.0.136                 -> 0.0.136
end-workflow	Checkout code	2025-09-23T08:15:12.8194769Z  * [new tag]           0.0.137                 -> 0.0.137
end-workflow	Checkout code	2025-09-23T08:15:12.8195262Z  * [new tag]           0.0.138                 -> 0.0.138
end-workflow	Checkout code	2025-09-23T08:15:12.8195707Z  * [new tag]           0.0.139                 -> 0.0.139
end-workflow	Checkout code	2025-09-23T08:15:12.8196139Z  * [new tag]           0.0.14                  -> 0.0.14
end-workflow	Checkout code	2025-09-23T08:15:12.8196689Z  * [new tag]           0.0.140                 -> 0.0.140
end-workflow	Checkout code	2025-09-23T08:15:12.8197251Z  * [new tag]           0.0.141                 -> 0.0.141
end-workflow	Checkout code	2025-09-23T08:15:12.8197944Z  * [new tag]           0.0.142                 -> 0.0.142
end-workflow	Checkout code	2025-09-23T08:15:12.8198632Z  * [new tag]           0.0.143                 -> 0.0.143
end-workflow	Checkout code	2025-09-23T08:15:12.8199063Z  * [new tag]           0.0.144                 -> 0.0.144
end-workflow	Checkout code	2025-09-23T08:15:12.8199500Z  * [new tag]           0.0.145                 -> 0.0.145
end-workflow	Checkout code	2025-09-23T08:15:12.8199919Z  * [new tag]           0.0.146                 -> 0.0.146
end-workflow	Checkout code	2025-09-23T08:15:12.8200354Z  * [new tag]           0.0.147                 -> 0.0.147
end-workflow	Checkout code	2025-09-23T08:15:12.8200783Z  * [new tag]           0.0.148                 -> 0.0.148
end-workflow	Checkout code	2025-09-23T08:15:12.8201223Z  * [new tag]           0.0.149                 -> 0.0.149
end-workflow	Checkout code	2025-09-23T08:15:12.8201645Z  * [new tag]           0.0.15                  -> 0.0.15
end-workflow	Checkout code	2025-09-23T08:15:12.8202089Z  * [new tag]           0.0.150                 -> 0.0.150
end-workflow	Checkout code	2025-09-23T08:15:12.8202633Z  * [new tag]           0.0.151                 -> 0.0.151
end-workflow	Checkout code	2025-09-23T08:15:12.8203050Z  * [new tag]           0.0.152                 -> 0.0.152
end-workflow	Checkout code	2025-09-23T08:15:12.8203458Z  * [new tag]           0.0.153                 -> 0.0.153
end-workflow	Checkout code	2025-09-23T08:15:12.8203869Z  * [new tag]           0.0.154                 -> 0.0.154
end-workflow	Checkout code	2025-09-23T08:15:12.8204290Z  * [new tag]           0.0.155                 -> 0.0.155
end-workflow	Checkout code	2025-09-23T08:15:12.8204703Z  * [new tag]           0.0.156                 -> 0.0.156
end-workflow	Checkout code	2025-09-23T08:15:12.8205121Z  * [new tag]           0.0.157                 -> 0.0.157
end-workflow	Checkout code	2025-09-23T08:15:12.8205948Z  * [new tag]           0.0.158                 -> 0.0.158
end-workflow	Checkout code	2025-09-23T08:15:12.8206353Z  * [new tag]           0.0.159                 -> 0.0.159
end-workflow	Checkout code	2025-09-23T08:15:12.8206763Z  * [new tag]           0.0.16                  -> 0.0.16
end-workflow	Checkout code	2025-09-23T08:15:12.8207168Z  * [new tag]           0.0.160                 -> 0.0.160
end-workflow	Checkout code	2025-09-23T08:15:12.8207714Z  * [new tag]           0.0.161                 -> 0.0.161
end-workflow	Checkout code	2025-09-23T08:15:12.8208121Z  * [new tag]           0.0.162                 -> 0.0.162
end-workflow	Checkout code	2025-09-23T08:15:12.8208525Z  * [new tag]           0.0.163                 -> 0.0.163
end-workflow	Checkout code	2025-09-23T08:15:12.8208931Z  * [new tag]           0.0.164                 -> 0.0.164
end-workflow	Checkout code	2025-09-23T08:15:12.8209337Z  * [new tag]           0.0.165                 -> 0.0.165
end-workflow	Checkout code	2025-09-23T08:15:12.8209734Z  * [new tag]           0.0.166                 -> 0.0.166
end-workflow	Checkout code	2025-09-23T08:15:12.8210133Z  * [new tag]           0.0.167                 -> 0.0.167
end-workflow	Checkout code	2025-09-23T08:15:12.8210534Z  * [new tag]           0.0.168                 -> 0.0.168
end-workflow	Checkout code	2025-09-23T08:15:12.8210934Z  * [new tag]           0.0.169                 -> 0.0.169
end-workflow	Checkout code	2025-09-23T08:15:12.8211326Z  * [new tag]           0.0.17                  -> 0.0.17
end-workflow	Checkout code	2025-09-23T08:15:12.8211865Z  * [new tag]           0.0.170                 -> 0.0.170
end-workflow	Checkout code	2025-09-23T08:15:12.8212268Z  * [new tag]           0.0.171                 -> 0.0.171
end-workflow	Checkout code	2025-09-23T08:15:12.8278578Z  * [new tag]           0.0.172                 -> 0.0.172
end-workflow	Checkout code	2025-09-23T08:15:12.8279281Z  * [new tag]           0.0.173                 -> 0.0.173
end-workflow	Checkout code	2025-09-23T08:15:12.8279807Z  * [new tag]           0.0.174                 -> 0.0.174
end-workflow	Checkout code	2025-09-23T08:15:12.8280300Z  * [new tag]           0.0.175                 -> 0.0.175
end-workflow	Checkout code	2025-09-23T08:15:12.8280726Z  * [new tag]           0.0.176                 -> 0.0.176
end-workflow	Checkout code	2025-09-23T08:15:12.8281170Z  * [new tag]           0.0.177                 -> 0.0.177
end-workflow	Checkout code	2025-09-23T08:15:12.8281609Z  * [new tag]           0.0.178                 -> 0.0.178
end-workflow	Checkout code	2025-09-23T08:15:12.8282047Z  * [new tag]           0.0.179                 -> 0.0.179
end-workflow	Checkout code	2025-09-23T08:15:12.8282481Z  * [new tag]           0.0.18                  -> 0.0.18
end-workflow	Checkout code	2025-09-23T08:15:12.8283057Z  * [new tag]           0.0.19                  -> 0.0.19
end-workflow	Checkout code	2025-09-23T08:15:12.8283524Z  * [new tag]           0.0.2                   -> 0.0.2
end-workflow	Checkout code	2025-09-23T08:15:12.8283949Z  * [new tag]           0.0.20                  -> 0.0.20
end-workflow	Checkout code	2025-09-23T08:15:12.8284359Z  * [new tag]           0.0.21                  -> 0.0.21
end-workflow	Checkout code	2025-09-23T08:15:12.8284762Z  * [new tag]           0.0.22                  -> 0.0.22
end-workflow	Checkout code	2025-09-23T08:15:12.8285385Z  * [new tag]           0.0.23                  -> 0.0.23
end-workflow	Checkout code	2025-09-23T08:15:12.8285834Z  * [new tag]           0.0.24                  -> 0.0.24
end-workflow	Checkout code	2025-09-23T08:15:12.8286267Z  * [new tag]           0.0.25                  -> 0.0.25
end-workflow	Checkout code	2025-09-23T08:15:12.8286687Z  * [new tag]           0.0.26                  -> 0.0.26
end-workflow	Checkout code	2025-09-23T08:15:12.8287107Z  * [new tag]           0.0.27                  -> 0.0.27
end-workflow	Checkout code	2025-09-23T08:15:12.8287526Z  * [new tag]           0.0.28                  -> 0.0.28
end-workflow	Checkout code	2025-09-23T08:15:12.8287967Z  * [new tag]           0.0.29                  -> 0.0.29
end-workflow	Checkout code	2025-09-23T08:15:12.8288377Z  * [new tag]           0.0.3                   -> 0.0.3
end-workflow	Checkout code	2025-09-23T08:15:12.8288822Z  * [new tag]           0.0.30                  -> 0.0.30
end-workflow	Checkout code	2025-09-23T08:15:12.8289280Z  * [new tag]           0.0.31                  -> 0.0.31
end-workflow	Checkout code	2025-09-23T08:15:12.8289718Z  * [new tag]           0.0.32                  -> 0.0.32
end-workflow	Checkout code	2025-09-23T08:15:12.8290253Z  * [new tag]           0.0.33                  -> 0.0.33
end-workflow	Checkout code	2025-09-23T08:15:12.8290660Z  * [new tag]           0.0.34                  -> 0.0.34
end-workflow	Checkout code	2025-09-23T08:15:12.8291094Z  * [new tag]           0.0.35                  -> 0.0.35
end-workflow	Checkout code	2025-09-23T08:15:12.8291545Z  * [new tag]           0.0.36                  -> 0.0.36
end-workflow	Checkout code	2025-09-23T08:15:12.8291959Z  * [new tag]           0.0.37                  -> 0.0.37
end-workflow	Checkout code	2025-09-23T08:15:12.8292370Z  * [new tag]           0.0.38                  -> 0.0.38
end-workflow	Checkout code	2025-09-23T08:15:12.8292776Z  * [new tag]           0.0.39                  -> 0.0.39
end-workflow	Checkout code	2025-09-23T08:15:12.8293305Z  * [new tag]           0.0.4                   -> 0.0.4
end-workflow	Checkout code	2025-09-23T08:15:12.8293699Z  * [new tag]           0.0.40                  -> 0.0.40
end-workflow	Checkout code	2025-09-23T08:15:12.8294105Z  * [new tag]           0.0.41                  -> 0.0.41
end-workflow	Checkout code	2025-09-23T08:15:12.8294751Z  * [new tag]           0.0.42                  -> 0.0.42
end-workflow	Checkout code	2025-09-23T08:15:12.8295185Z  * [new tag]           0.0.43                  -> 0.0.43
end-workflow	Checkout code	2025-09-23T08:15:12.8295845Z  * [new tag]           0.0.44                  -> 0.0.44
end-workflow	Checkout code	2025-09-23T08:15:12.8296235Z  * [new tag]           0.0.45                  -> 0.0.45
end-workflow	Checkout code	2025-09-23T08:15:12.8296632Z  * [new tag]           0.0.46                  -> 0.0.46
end-workflow	Checkout code	2025-09-23T08:15:12.8297021Z  * [new tag]           0.0.47                  -> 0.0.47
end-workflow	Checkout code	2025-09-23T08:15:12.8297407Z  * [new tag]           0.0.48                  -> 0.0.48
end-workflow	Checkout code	2025-09-23T08:15:12.8297797Z  * [new tag]           0.0.49                  -> 0.0.49
end-workflow	Checkout code	2025-09-23T08:15:12.8298183Z  * [new tag]           0.0.5                   -> 0.0.5
end-workflow	Checkout code	2025-09-23T08:15:12.8298571Z  * [new tag]           0.0.50                  -> 0.0.50
end-workflow	Checkout code	2025-09-23T08:15:12.8298961Z  * [new tag]           0.0.51                  -> 0.0.51
end-workflow	Checkout code	2025-09-23T08:15:12.8299636Z  * [new tag]           0.0.52                  -> 0.0.52
end-workflow	Checkout code	2025-09-23T08:15:12.8300038Z  * [new tag]           0.0.53                  -> 0.0.53
end-workflow	Checkout code	2025-09-23T08:15:12.8300426Z  * [new tag]           0.0.54                  -> 0.0.54
end-workflow	Checkout code	2025-09-23T08:15:12.8300813Z  * [new tag]           0.0.55                  -> 0.0.55
end-workflow	Checkout code	2025-09-23T08:15:12.8301205Z  * [new tag]           0.0.56                  -> 0.0.56
end-workflow	Checkout code	2025-09-23T08:15:12.8301595Z  * [new tag]           0.0.57                  -> 0.0.57
end-workflow	Checkout code	2025-09-23T08:15:12.8301983Z  * [new tag]           0.0.58                  -> 0.0.58
end-workflow	Checkout code	2025-09-23T08:15:12.8302368Z  * [new tag]           0.0.59                  -> 0.0.59
end-workflow	Checkout code	2025-09-23T08:15:12.8302755Z  * [new tag]           0.0.6                   -> 0.0.6
end-workflow	Checkout code	2025-09-23T08:15:12.8303145Z  * [new tag]           0.0.60                  -> 0.0.60
end-workflow	Checkout code	2025-09-23T08:15:12.8303533Z  * [new tag]           0.0.61                  -> 0.0.61
end-workflow	Checkout code	2025-09-23T08:15:12.8303914Z  * [new tag]           0.0.62                  -> 0.0.62
end-workflow	Checkout code	2025-09-23T08:15:12.8304309Z  * [new tag]           0.0.63                  -> 0.0.63
end-workflow	Checkout code	2025-09-23T08:15:12.8304705Z  * [new tag]           0.0.64                  -> 0.0.64
end-workflow	Checkout code	2025-09-23T08:15:12.8305096Z  * [new tag]           0.0.65                  -> 0.0.65
end-workflow	Checkout code	2025-09-23T08:15:12.8305801Z  * [new tag]           0.0.66                  -> 0.0.66
end-workflow	Checkout code	2025-09-23T08:15:12.8306195Z  * [new tag]           0.0.67                  -> 0.0.67
end-workflow	Checkout code	2025-09-23T08:15:12.8306590Z  * [new tag]           0.0.68                  -> 0.0.68
end-workflow	Checkout code	2025-09-23T08:15:12.8306975Z  * [new tag]           0.0.69                  -> 0.0.69
end-workflow	Checkout code	2025-09-23T08:15:12.8307361Z  * [new tag]           0.0.7                   -> 0.0.7
end-workflow	Checkout code	2025-09-23T08:15:12.8307742Z  * [new tag]           0.0.70                  -> 0.0.70
end-workflow	Checkout code	2025-09-23T08:15:12.8308134Z  * [new tag]           0.0.71                  -> 0.0.71
end-workflow	Checkout code	2025-09-23T08:15:12.8308524Z  * [new tag]           0.0.72                  -> 0.0.72
end-workflow	Checkout code	2025-09-23T08:15:12.8308921Z  * [new tag]           0.0.73                  -> 0.0.73
end-workflow	Checkout code	2025-09-23T08:15:12.8309303Z  * [new tag]           0.0.74                  -> 0.0.74
end-workflow	Checkout code	2025-09-23T08:15:12.8309701Z  * [new tag]           0.0.75                  -> 0.0.75
end-workflow	Checkout code	2025-09-23T08:15:12.8310086Z  * [new tag]           0.0.76                  -> 0.0.76
end-workflow	Checkout code	2025-09-23T08:15:12.8310471Z  * [new tag]           0.0.77                  -> 0.0.77
end-workflow	Checkout code	2025-09-23T08:15:12.8310855Z  * [new tag]           0.0.78                  -> 0.0.78
end-workflow	Checkout code	2025-09-23T08:15:12.8311272Z  * [new tag]           0.0.79                  -> 0.0.79
end-workflow	Checkout code	2025-09-23T08:15:12.8311661Z  * [new tag]           0.0.8                   -> 0.0.8
end-workflow	Checkout code	2025-09-23T08:15:12.8312046Z  * [new tag]           0.0.80                  -> 0.0.80
end-workflow	Checkout code	2025-09-23T08:15:12.8312434Z  * [new tag]           0.0.81                  -> 0.0.81
end-workflow	Checkout code	2025-09-23T08:15:12.8312827Z  * [new tag]           0.0.82                  -> 0.0.82
end-workflow	Checkout code	2025-09-23T08:15:12.8313215Z  * [new tag]           0.0.83                  -> 0.0.83
end-workflow	Checkout code	2025-09-23T08:15:12.8313606Z  * [new tag]           0.0.84                  -> 0.0.84
end-workflow	Checkout code	2025-09-23T08:15:12.8313993Z  * [new tag]           0.0.85                  -> 0.0.85
end-workflow	Checkout code	2025-09-23T08:15:12.8314670Z  * [new tag]           0.0.86                  -> 0.0.86
end-workflow	Checkout code	2025-09-23T08:15:12.8315080Z  * [new tag]           0.0.87                  -> 0.0.87
end-workflow	Checkout code	2025-09-23T08:15:12.8315792Z  * [new tag]           0.0.88                  -> 0.0.88
end-workflow	Checkout code	2025-09-23T08:15:12.8316195Z  * [new tag]           0.0.89                  -> 0.0.89
end-workflow	Checkout code	2025-09-23T08:15:12.8316592Z  * [new tag]           0.0.9                   -> 0.0.9
end-workflow	Checkout code	2025-09-23T08:15:12.8316993Z  * [new tag]           0.0.90                  -> 0.0.90
end-workflow	Checkout code	2025-09-23T08:15:12.8317391Z  * [new tag]           0.0.91                  -> 0.0.91
end-workflow	Checkout code	2025-09-23T08:15:12.8317780Z  * [new tag]           0.0.92                  -> 0.0.92
end-workflow	Checkout code	2025-09-23T08:15:12.8318298Z  * [new tag]           0.0.93                  -> 0.0.93
end-workflow	Checkout code	2025-09-23T08:15:12.8318686Z  * [new tag]           0.0.94                  -> 0.0.94
end-workflow	Checkout code	2025-09-23T08:15:12.8319217Z  * [new tag]           0.0.95                  -> 0.0.95
end-workflow	Checkout code	2025-09-23T08:15:12.8319604Z  * [new tag]           0.0.96                  -> 0.0.96
end-workflow	Checkout code	2025-09-23T08:15:12.8320002Z  * [new tag]           0.0.97                  -> 0.0.97
end-workflow	Checkout code	2025-09-23T08:15:12.8320390Z  * [new tag]           0.0.98                  -> 0.0.98
end-workflow	Checkout code	2025-09-23T08:15:12.8320780Z  * [new tag]           0.0.99                  -> 0.0.99
end-workflow	Checkout code	2025-09-23T08:15:12.8321162Z  * [new tag]           0.1.0                   -> 0.1.0
end-workflow	Checkout code	2025-09-23T08:15:12.8321549Z  * [new tag]           0.1.1                   -> 0.1.1
end-workflow	Checkout code	2025-09-23T08:15:12.8321930Z  * [new tag]           0.2.0                   -> 0.2.0
end-workflow	Checkout code	2025-09-23T08:15:12.8322313Z  * [new tag]           0.3.0                   -> 0.3.0
end-workflow	Checkout code	2025-09-23T08:15:12.8322694Z  * [new tag]           0.3.1                   -> 0.3.1
end-workflow	Checkout code	2025-09-23T08:15:12.8323078Z  * [new tag]           0.3.10                  -> 0.3.10
end-workflow	Checkout code	2025-09-23T08:15:12.8323469Z  * [new tag]           0.3.11                  -> 0.3.11
end-workflow	Checkout code	2025-09-23T08:15:12.8323869Z  * [new tag]           0.3.12                  -> 0.3.12
end-workflow	Checkout code	2025-09-23T08:15:12.8324256Z  * [new tag]           0.3.13                  -> 0.3.13
end-workflow	Checkout code	2025-09-23T08:15:12.8324649Z  * [new tag]           0.3.14                  -> 0.3.14
end-workflow	Checkout code	2025-09-23T08:15:12.8325036Z  * [new tag]           0.3.15                  -> 0.3.15
end-workflow	Checkout code	2025-09-23T08:15:12.8325616Z  * [new tag]           0.3.16                  -> 0.3.16
end-workflow	Checkout code	2025-09-23T08:15:12.8326130Z  * [new tag]           0.3.17                  -> 0.3.17
end-workflow	Checkout code	2025-09-23T08:15:12.8326509Z  * [new tag]           0.3.2                   -> 0.3.2
end-workflow	Checkout code	2025-09-23T08:15:12.8326894Z  * [new tag]           0.3.3                   -> 0.3.3
end-workflow	Checkout code	2025-09-23T08:15:12.8327275Z  * [new tag]           0.3.4                   -> 0.3.4
end-workflow	Checkout code	2025-09-23T08:15:12.8327658Z  * [new tag]           0.3.5                   -> 0.3.5
end-workflow	Checkout code	2025-09-23T08:15:12.8328036Z  * [new tag]           0.3.6                   -> 0.3.6
end-workflow	Checkout code	2025-09-23T08:15:12.8328414Z  * [new tag]           0.3.7                   -> 0.3.7
end-workflow	Checkout code	2025-09-23T08:15:12.8328811Z  * [new tag]           0.3.8                   -> 0.3.8
end-workflow	Checkout code	2025-09-23T08:15:12.8329193Z  * [new tag]           0.3.9                   -> 0.3.9
end-workflow	Checkout code	2025-09-23T08:15:12.8329584Z  * [new tag]           0.4.0                   -> 0.4.0
end-workflow	Checkout code	2025-09-23T08:15:12.8329963Z  * [new tag]           0.4.1                   -> 0.4.1
end-workflow	Checkout code	2025-09-23T08:15:12.8330347Z  * [new tag]           0.4.2                   -> 0.4.2
end-workflow	Checkout code	2025-09-23T08:15:12.8330724Z  * [new tag]           0.4.3                   -> 0.4.3
end-workflow	Checkout code	2025-09-23T08:15:12.8331109Z  * [new tag]           0.4.4                   -> 0.4.4
end-workflow	Checkout code	2025-09-23T08:15:12.8331487Z  * [new tag]           0.4.5                   -> 0.4.5
end-workflow	Checkout code	2025-09-23T08:15:12.8331867Z  * [new tag]           0.4.6                   -> 0.4.6
end-workflow	Checkout code	2025-09-23T08:15:12.8489457Z [command]/usr/bin/git branch --list --remote origin/H1514-new-swarm-deployment-stack-with-actions-runners-autoscale
end-workflow	Checkout code	2025-09-23T08:15:12.8550646Z   origin/H1514-new-swarm-deployment-stack-with-actions-runners-autoscale
end-workflow	Checkout code	2025-09-23T08:15:12.8561754Z [command]/usr/bin/git rev-parse refs/remotes/origin/H1514-new-swarm-deployment-stack-with-actions-runners-autoscale
end-workflow	Checkout code	2025-09-23T08:15:12.8584848Z 221910afe9418010d720c9125a0d9585059bfca9
end-workflow	Checkout code	2025-09-23T08:15:12.8597093Z [command]/usr/bin/git -c protocol.version=2 fetch --no-tags --prune --no-recurse-submodules origin +5bbfaeaec3900effbc65604019d08f3d4f0d199e:refs/remotes/origin/H1514-new-swarm-deployment-stack-with-actions-runners-autoscale
end-workflow	Checkout code	2025-09-23T08:15:12.8760966Z From https://github.com/Ka0s-Klaus/ka0s
end-workflow	Checkout code	2025-09-23T08:15:12.8762109Z  + 221910af...5bbfaeae 5bbfaeaec3900effbc65604019d08f3d4f0d199e -> origin/H1514-new-swarm-deployment-stack-with-actions-runners-autoscale  (forced update)
end-workflow	Checkout code	2025-09-23T08:15:12.8781943Z ##[endgroup]
end-workflow	Checkout code	2025-09-23T08:15:12.8782677Z ##[group]Determining the checkout info
end-workflow	Checkout code	2025-09-23T08:15:12.8783404Z ##[endgroup]
end-workflow	Checkout code	2025-09-23T08:15:12.8789636Z [command]/usr/bin/git sparse-checkout disable
end-workflow	Checkout code	2025-09-23T08:15:12.8833086Z [command]/usr/bin/git config --local --unset-all extensions.worktreeConfig
end-workflow	Checkout code	2025-09-23T08:15:12.8865120Z ##[group]Checking out the ref
end-workflow	Checkout code	2025-09-23T08:15:12.8870113Z [command]/usr/bin/git checkout --progress --force -B H1514-new-swarm-deployment-stack-with-actions-runners-autoscale refs/remotes/origin/H1514-new-swarm-deployment-stack-with-actions-runners-autoscale
end-workflow	Checkout code	2025-09-23T08:15:13.6346437Z Switched to a new branch 'H1514-new-swarm-deployment-stack-with-actions-runners-autoscale'
end-workflow	Checkout code	2025-09-23T08:15:13.6349916Z branch 'H1514-new-swarm-deployment-stack-with-actions-runners-autoscale' set up to track 'origin/H1514-new-swarm-deployment-stack-with-actions-runners-autoscale'.
end-workflow	Checkout code	2025-09-23T08:15:13.6448661Z ##[endgroup]
end-workflow	Checkout code	2025-09-23T08:15:13.6491566Z [command]/usr/bin/git log -1 --format=%H
end-workflow	Checkout code	2025-09-23T08:15:13.6518728Z 5bbfaeaec3900effbc65604019d08f3d4f0d199e
end-workflow	Finaliza el workflow	﻿2025-09-23T08:15:13.6750793Z ##[group]Run echo "End process"
end-workflow	Finaliza el workflow	2025-09-23T08:15:13.6751206Z [36;1mecho "End process"[0m
end-workflow	Finaliza el workflow	2025-09-23T08:15:13.6751847Z [36;1mRNNUMBER=$(echo "refs/heads/H1514-new-swarm-deployment-stack-with-actions-runners-autoscale" | grep -o '[0-9]*')[0m
end-workflow	Finaliza el workflow	2025-09-23T08:15:13.6752701Z [36;1mgh issue comment $RNNUMBER --body "Se finaliza Ka0s 17939782837"[0m
end-workflow	Finaliza el workflow	2025-09-23T08:15:13.6753408Z [36;1mgh workflow run inspector.yml --ref 'main' -f kaos-issue-id=$RNNUMBER -f kaos-workflow-id="17939782837" -f kaos-user-start=""[0m
end-workflow	Finaliza el workflow	2025-09-23T08:15:13.6766780Z shell: /usr/bin/bash -e {0}
end-workflow	Finaliza el workflow	2025-09-23T08:15:13.6767047Z env:
end-workflow	Finaliza el workflow	2025-09-23T08:15:13.6767226Z   KAOS_CODE: 17939782837
end-workflow	Finaliza el workflow	2025-09-23T08:15:13.6767446Z   KAOS_EVENT_NAME: push
end-workflow	Finaliza el workflow	2025-09-23T08:15:13.6767657Z   KAOS_ACTION: 
end-workflow	Finaliza el workflow	2025-09-23T08:15:13.6768048Z   KAOS_REF: refs/heads/H1514-new-swarm-deployment-stack-with-actions-runners-autoscale
end-workflow	Finaliza el workflow	2025-09-23T08:15:13.6768504Z   KAOS_MODULE: [Ka0S] Kaos
end-workflow	Finaliza el workflow	2025-09-23T08:15:13.6768739Z   KAOS_PATH_RESUME: audit/kaos/
end-workflow	Finaliza el workflow	2025-09-23T08:15:13.6768982Z   KAOS_ACTOR: santakloud
end-workflow	Finaliza el workflow	2025-09-23T08:15:13.6769581Z   GH_TOKEN: ***
end-workflow	Finaliza el workflow	2025-09-23T08:15:13.6769779Z ##[endgroup]
end-workflow	Finaliza el workflow	2025-09-23T08:15:13.6823494Z End process
end-workflow	Finaliza el workflow	2025-09-23T08:15:14.6173707Z https://github.com/Ka0s-Klaus/ka0s/issues/1514#issuecomment-3322890180
end-workflow	Post Checkout code	﻿2025-09-23T08:15:15.3451945Z Post job cleanup.
end-workflow	Post Checkout code	2025-09-23T08:15:15.4430417Z [command]/usr/bin/git version
end-workflow	Post Checkout code	2025-09-23T08:15:15.4471017Z git version 2.51.0
end-workflow	Post Checkout code	2025-09-23T08:15:15.4519175Z Temporarily overriding HOME='/home/runner/_work/_temp/6019ea70-f6c3-4d7b-8ff0-0f093311c866' before making global git config changes
end-workflow	Post Checkout code	2025-09-23T08:15:15.4520023Z Adding repository directory to the temporary git global config as a safe directory
end-workflow	Post Checkout code	2025-09-23T08:15:15.4526383Z [command]/usr/bin/git config --global --add safe.directory /home/runner/_work/ka0s/ka0s
end-workflow	Post Checkout code	2025-09-23T08:15:15.4572803Z [command]/usr/bin/git config --local --name-only --get-regexp core\.sshCommand
end-workflow	Post Checkout code	2025-09-23T08:15:15.4610683Z [command]/usr/bin/git submodule foreach --recursive sh -c "git config --local --name-only --get-regexp 'core\.sshCommand' && git config --local --unset-all 'core.sshCommand' || :"
end-workflow	Post Checkout code	2025-09-23T08:15:15.4864694Z [command]/usr/bin/git config --local --name-only --get-regexp http\.https\:\/\/github\.com\/\.extraheader
end-workflow	Post Checkout code	2025-09-23T08:15:15.4889579Z http.https://github.com/.extraheader
end-workflow	Post Checkout code	2025-09-23T08:15:15.4902870Z [command]/usr/bin/git config --local --unset-all http.https://github.com/.extraheader
end-workflow	Post Checkout code	2025-09-23T08:15:15.4935875Z [command]/usr/bin/git submodule foreach --recursive sh -c "git config --local --name-only --get-regexp 'http\.https\:\/\/github\.com\/\.extraheader' && git config --local --unset-all 'http.https://github.com/.extraheader' || :"
end-workflow	Complete job	﻿2025-09-23T08:15:15.5309324Z Cleaning up orphan processes
