job-core	Set up job	ï»¿2025-09-23T19:22:55.2433204Z Current runner version: '2.328.0'
job-core	Set up job	2025-09-23T19:22:55.2441665Z Runner name: 'dd23a5527963'
job-core	Set up job	2025-09-23T19:22:55.2442631Z Runner group name: 'swarm-runners'
job-core	Set up job	2025-09-23T19:22:55.2443607Z Machine name: 'dd23a5527963'
job-core	Set up job	2025-09-23T19:22:55.2447608Z ##[group]GITHUB_TOKEN Permissions
job-core	Set up job	2025-09-23T19:22:55.2450166Z Actions: write
job-core	Set up job	2025-09-23T19:22:55.2450717Z Contents: read
job-core	Set up job	2025-09-23T19:22:55.2451301Z Issues: write
job-core	Set up job	2025-09-23T19:22:55.2451865Z Metadata: read
job-core	Set up job	2025-09-23T19:22:55.2452337Z ##[endgroup]
job-core	Set up job	2025-09-23T19:22:55.2454706Z Secret source: Actions
job-core	Set up job	2025-09-23T19:22:55.2456005Z Prepare workflow directory
job-core	Set up job	2025-09-23T19:22:55.2991602Z Prepare all required actions
job-core	Set up job	2025-09-23T19:22:55.3047988Z Complete job name: job-core
job-core	Get Runners	ï»¿2025-09-23T19:22:55.3601247Z ##[group]Run # Crear el directorio para los resultados
job-core	Get Runners	2025-09-23T19:22:55.3602118Z [36;1m# Crear el directorio para los resultados[0m
job-core	Get Runners	2025-09-23T19:22:55.3602714Z [36;1mmkdir -p runner_results[0m
job-core	Get Runners	2025-09-23T19:22:55.3603197Z [36;1m[0m
job-core	Get Runners	2025-09-23T19:22:55.3603709Z [36;1m# Mostrar todos los grupos de runners de la organizaciÃ³n[0m
job-core	Get Runners	2025-09-23T19:22:55.3604694Z [36;1mecho "Grupos de runners disponibles:" | tee -a runner_results/delete_runners_report.txt[0m
job-core	Get Runners	2025-09-23T19:22:55.3605564Z [36;1mgh api \[0m
job-core	Get Runners	2025-09-23T19:22:55.3606049Z [36;1m  -H "Accept: application/vnd.github+json" \[0m
job-core	Get Runners	2025-09-23T19:22:55.3606680Z [36;1m  /orgs/Ka0s-Klaus/actions/runner-groups \[0m
job-core	Get Runners	2025-09-23T19:22:55.3607259Z [36;1m  --jq '.runner_groups[]'[0m
job-core	Get Runners	2025-09-23T19:22:55.3607747Z [36;1m[0m
job-core	Get Runners	2025-09-23T19:22:55.3608226Z [36;1m# Obtener la lista de runners del grupo especificado[0m
job-core	Get Runners	2025-09-23T19:22:55.3609328Z [36;1mecho "Obtener la lista de runners del grupo especificado: swarm-test-old" | tee -a runner_results/delete_runners_report.txt[0m
job-core	Get Runners	2025-09-23T19:22:55.3610364Z [36;1mRUNNERS=$(gh api \[0m
job-core	Get Runners	2025-09-23T19:22:55.3610903Z [36;1m  -H "Accept: application/vnd.github+json" \[0m
job-core	Get Runners	2025-09-23T19:22:55.3611511Z [36;1m  /orgs/Ka0s-Klaus/actions/runners \[0m
job-core	Get Runners	2025-09-23T19:22:55.3612054Z [36;1m  --paginate \[0m
job-core	Get Runners	2025-09-23T19:22:55.3612519Z [36;1m  --jq '.runners[] | .name'\[0m
job-core	Get Runners	2025-09-23T19:22:55.3613013Z [36;1m  | tr '\n' ',')[0m
job-core	Get Runners	2025-09-23T19:22:55.3613571Z [36;1m[0m
job-core	Get Runners	2025-09-23T19:22:55.3613949Z [36;1mecho "$RUNNERS" [0m
job-core	Get Runners	2025-09-23T19:22:55.3614398Z [36;1mif [ -n "$RUNNERS" ]; then[0m
job-core	Get Runners	2025-09-23T19:22:55.3614972Z [36;1m  echo "runner_names=$RUNNERS" >> $GITHUB_OUTPUT[0m
job-core	Get Runners	2025-09-23T19:22:55.3615723Z [36;1m  echo "Runners encontrados: $RUNNERS" [0m
job-core	Get Runners	2025-09-23T19:22:55.3616261Z [36;1melse[0m
job-core	Get Runners	2025-09-23T19:22:55.3616698Z [36;1m  echo "runner_names=" >> $GITHUB_OUTPUT[0m
job-core	Get Runners	2025-09-23T19:22:55.3617284Z [36;1m  echo "No se encontraron runners" [0m
job-core	Get Runners	2025-09-23T19:22:55.3617802Z [36;1mfi[0m
job-core	Get Runners	2025-09-23T19:22:55.3639193Z shell: /usr/bin/bash -e {0}
job-core	Get Runners	2025-09-23T19:22:55.3640109Z env:
job-core	Get Runners	2025-09-23T19:22:55.3640894Z   GITHUB_TOKEN: ***
job-core	Get Runners	2025-09-23T19:22:55.3641324Z   KAOS_MODULE: [Ka0s] Delete Swarm Runners
job-core	Get Runners	2025-09-23T19:22:55.3641813Z   KAOS_CODE: 17956787579
job-core	Get Runners	2025-09-23T19:22:55.3642218Z ##[endgroup]
job-core	Get Runners	2025-09-23T19:22:55.3829615Z Grupos de runners disponibles:
job-core	Get Runners	2025-09-23T19:22:55.7557873Z {"allows_public_repositories":false,"default":true,"hosted_runners_url":"https://api.github.com/orgs/Ka0s-Klaus/actions/runner-groups/1/hosted-runners","id":1,"inherited":false,"name":"Default","restricted_to_workflows":false,"runners_url":"https://api.github.com/orgs/Ka0s-Klaus/actions/runner-groups/1/runners","selected_workflows":[],"visibility":"all","workflow_restrictions_read_only":false}
job-core	Get Runners	2025-09-23T19:22:55.7567959Z {"allows_public_repositories":true,"default":false,"hosted_runners_url":"https://api.github.com/orgs/Ka0s-Klaus/actions/runner-groups/13/hosted-runners","id":13,"inherited":false,"name":"swarm-test-old","restricted_to_workflows":false,"runners_url":"https://api.github.com/orgs/Ka0s-Klaus/actions/runner-groups/13/runners","selected_repositories_url":"https://api.github.com/orgs/Ka0s-Klaus/actions/runner-groups/13/repositories","selected_workflows":[],"visibility":"selected","workflow_restrictions_read_only":false}
job-core	Get Runners	2025-09-23T19:22:55.7580114Z {"allows_public_repositories":true,"default":false,"hosted_runners_url":"https://api.github.com/orgs/Ka0s-Klaus/actions/runner-groups/14/hosted-runners","id":14,"inherited":false,"name":"swarm-runners","restricted_to_workflows":false,"runners_url":"https://api.github.com/orgs/Ka0s-Klaus/actions/runner-groups/14/runners","selected_repositories_url":"https://api.github.com/orgs/Ka0s-Klaus/actions/runner-groups/14/repositories","selected_workflows":[],"visibility":"selected","workflow_restrictions_read_only":false}
job-core	Get Runners	2025-09-23T19:22:55.7586669Z Obtener la lista de runners del grupo especificado: swarm-test-old
job-core	Get Runners	2025-09-23T19:22:57.0644069Z 01766f54179f,02c874731438,0963d0e77c19,063dd49e6d36,048c4d28c18c,0459e57db97c,11b6046abff1,145480e6270c,0d09aa96590b,103a6d2c34d0,0d8b6a42e5ff,14fd140c9c59,0ad6c6d074e5,0a525730af33,16d787e33bde,22d313448389,1cfcf2301ae7,2a9c74aa53a5,1e3e7ba4d8cd,2928e3ae5673,1d28c1709302,224a4ab307fa,22be5aefc683,15279d716f0a,2b108be8c915,171d111ca8d0,1735f6e511bc,1bd0b4688a36,2531ed5cf6f9,19cc1e438183,4af634d12be1,465c75a6c7a7,45c6f8ecb7a9,2c8acd1aa4e7,42f42e70b1ec,3314adfd2309,386adf592004,3044f5f4c7fb,3807103f4db1,3d89fd1c9d8c,2bb9889969aa,34fe8768d091,3d7fbdb194a0,4cb4c9764b0e,47ca9af32b0c,30a4266de7fc,2fc07e8d7ed8,4106256bf0ea,2b52c78c26af,34eb1b427b60,4e7baf27ce0a,44c543e89f4e,2d5851a7e15b,2c54efb5c7be,3dd557778f36,41a1395917cd,2d4706f0c744,429e5c231477,485efe5187c7,373150f564a7,3e6e2e66e9c4,3715a68d71a5,5c0aee8b5ccf,6669d6f6857c,4fde840f1b8b,73f3c7256562,77e8ba16119c,58025a5431b2,5c0c3fc15775,67eb0df46c0c,7e256170c950,6404980e7043,5e3fe8c6505d,7eeb9d4221d2,635c5294c777,713f4093b24b,5e2566f0e39b,67ab45f6add2,52e7144ececf,711907d2c8a3,541fd515ae64,7f6b92a68789,62900e294ffd,5b96c832c382,7c2a1b481cbe,56274be3872c,5a3cac187bf5,7356e29ed340,65796e32aed2,6e803017be4b,6cb1ed62dd86,71bf1d567ee7,5717165c652b,5bbab2634b61,7e5f503f4ec5,6c8420e6b671,50621eaecded,7e8e678958d2,5baa6415d484,75a148a9e258,815c1f66bda3,8178ea528532,83d328fbec50,85752ac8e76c,8314875cb714,86d5e02bb9a8,87ea49ea5602,88475ad486c8,88e66b6cf18b,8d62a5cf09cf,8a7db79146cb,89814e6c3030,87a4470de6ed,87b34b141663,946dbdccf764,9913ebfb82ee,9347b8f9791a,99736000a6ed,8d9a4f0d6307,939f81aa0713,969392f9aee2,99cc2a6c1325,9a24bf7bc198,98b3e89d0448,8f52a28dc00c,91e476637a40,9a11c6692a13,97919cc191c8,9786b5b9e717,999661432fef,b4a73b29f1e1,a3b4249c832a,b46347b284a8,b4aa65fd8168,bb523d3ad7a2,beb10e2f6a52,9ba0ddb21512,be365b24ee80,a9ef887e0904,b3c3db899a0a,a3ab0273ed24,a760c454973f,a2cdbe73665e,b91288f17e5b,bd51bea206e3,a23d8940d3f4,ac8135910fb7,a8e247d0fd2b,a65012b86c32,a1a0d9222a25,bf8223726515,ab3103bb13b5,a8ef89396367,9c344b39b5d0,a2e0ea3c6515,b06dd1ff615c,b7d40476e0ce,b556c645c0a0,b5434781f3db,a89532fafe8e,b258ac8a36d8,aad756f01b6d,cc209dc896e4,f5f61dfd674a,f9dcfc1dd594,c08c6ead6e27,e81ef2305993,f22a5c3f8422,d99a5358860b,d23731e0b6c2,e50b8190d793,f701b078fa5f,f0be1d613f58,d139a967a0ec,f866b92b5be5,f3a52909802d,f69fe35fd7ed,d79bff9f152a,ecaba8e9ca30,d7f173ff2cff,dd9bda0bbf95,cd5698c3c6a6,dbfaa40c579d,ce5d90554da6,f8359686f144,f299e17982f5,ccbebcca8a97,f14f6d5d3a0f,f356cc345e2f,c630d106fa94,dbaebd7b78d5,c1ec4e8d2e98,eb409cda163f,eb9431b6e0b1,f238d09bd420,d2796124548c,d4808bc7a06c,ee18c9390340,ec8d97c59d76,dd23a5527963,fc54d160814c,fdcf4baf1efd,fe8106062893,ff0b44941d04,ff26970b16c1,
job-core	Get Runners	2025-09-23T19:22:57.0787525Z Runners encontrados: 01766f54179f,02c874731438,0963d0e77c19,063dd49e6d36,048c4d28c18c,0459e57db97c,11b6046abff1,145480e6270c,0d09aa96590b,103a6d2c34d0,0d8b6a42e5ff,14fd140c9c59,0ad6c6d074e5,0a525730af33,16d787e33bde,22d313448389,1cfcf2301ae7,2a9c74aa53a5,1e3e7ba4d8cd,2928e3ae5673,1d28c1709302,224a4ab307fa,22be5aefc683,15279d716f0a,2b108be8c915,171d111ca8d0,1735f6e511bc,1bd0b4688a36,2531ed5cf6f9,19cc1e438183,4af634d12be1,465c75a6c7a7,45c6f8ecb7a9,2c8acd1aa4e7,42f42e70b1ec,3314adfd2309,386adf592004,3044f5f4c7fb,3807103f4db1,3d89fd1c9d8c,2bb9889969aa,34fe8768d091,3d7fbdb194a0,4cb4c9764b0e,47ca9af32b0c,30a4266de7fc,2fc07e8d7ed8,4106256bf0ea,2b52c78c26af,34eb1b427b60,4e7baf27ce0a,44c543e89f4e,2d5851a7e15b,2c54efb5c7be,3dd557778f36,41a1395917cd,2d4706f0c744,429e5c231477,485efe5187c7,373150f564a7,3e6e2e66e9c4,3715a68d71a5,5c0aee8b5ccf,6669d6f6857c,4fde840f1b8b,73f3c7256562,77e8ba16119c,58025a5431b2,5c0c3fc15775,67eb0df46c0c,7e256170c950,6404980e7043,5e3fe8c6505d,7eeb9d4221d2,635c5294c777,713f4093b24b,5e2566f0e39b,67ab45f6add2,52e7144ececf,711907d2c8a3,541fd515ae64,7f6b92a68789,62900e294ffd,5b96c832c382,7c2a1b481cbe,56274be3872c,5a3cac187bf5,7356e29ed340,65796e32aed2,6e803017be4b,6cb1ed62dd86,71bf1d567ee7,5717165c652b,5bbab2634b61,7e5f503f4ec5,6c8420e6b671,50621eaecded,7e8e678958d2,5baa6415d484,75a148a9e258,815c1f66bda3,8178ea528532,83d328fbec50,85752ac8e76c,8314875cb714,86d5e02bb9a8,87ea49ea5602,88475ad486c8,88e66b6cf18b,8d62a5cf09cf,8a7db79146cb,89814e6c3030,87a4470de6ed,87b34b141663,946dbdccf764,9913ebfb82ee,9347b8f9791a,99736000a6ed,8d9a4f0d6307,939f81aa0713,969392f9aee2,99cc2a6c1325,9a24bf7bc198,98b3e89d0448,8f52a28dc00c,91e476637a40,9a11c6692a13,97919cc191c8,9786b5b9e717,999661432fef,b4a73b29f1e1,a3b4249c832a,b46347b284a8,b4aa65fd8168,bb523d3ad7a2,beb10e2f6a52,9ba0ddb21512,be365b24ee80,a9ef887e0904,b3c3db899a0a,a3ab0273ed24,a760c454973f,a2cdbe73665e,b91288f17e5b,bd51bea206e3,a23d8940d3f4,ac8135910fb7,a8e247d0fd2b,a65012b86c32,a1a0d9222a25,bf8223726515,ab3103bb13b5,a8ef89396367,9c344b39b5d0,a2e0ea3c6515,b06dd1ff615c,b7d40476e0ce,b556c645c0a0,b5434781f3db,a89532fafe8e,b258ac8a36d8,aad756f01b6d,cc209dc896e4,f5f61dfd674a,f9dcfc1dd594,c08c6ead6e27,e81ef2305993,f22a5c3f8422,d99a5358860b,d23731e0b6c2,e50b8190d793,f701b078fa5f,f0be1d613f58,d139a967a0ec,f866b92b5be5,f3a52909802d,f69fe35fd7ed,d79bff9f152a,ecaba8e9ca30,d7f173ff2cff,dd9bda0bbf95,cd5698c3c6a6,dbfaa40c579d,ce5d90554da6,f8359686f144,f299e17982f5,ccbebcca8a97,f14f6d5d3a0f,f356cc345e2f,c630d106fa94,dbaebd7b78d5,c1ec4e8d2e98,eb409cda163f,eb9431b6e0b1,f238d09bd420,d2796124548c,d4808bc7a06c,ee18c9390340,ec8d97c59d76,dd23a5527963,fc54d160814c,fdcf4baf1efd,fe8106062893,ff0b44941d04,ff26970b16c1,
job-core	Delete Runners	ï»¿2025-09-23T19:22:57.0978300Z ##[group]Run # Convertir la lista de runners en un array
job-core	Delete Runners	2025-09-23T19:22:57.0979298Z [36;1m# Convertir la lista de runners en un array[0m
job-core	Delete Runners	2025-09-23T19:22:57.1034274Z [36;1mIFS=',' read -r -a RUNNER_NAMES <<< "01766f54179f,02c874731438,0963d0e77c19,063dd49e6d36,048c4d28c18c,0459e57db97c,11b6046abff1,145480e6270c,0d09aa96590b,103a6d2c34d0,0d8b6a42e5ff,14fd140c9c59,0ad6c6d074e5,0a525730af33,16d787e33bde,22d313448389,1cfcf2301ae7,2a9c74aa53a5,1e3e7ba4d8cd,2928e3ae5673,1d28c1709302,224a4ab307fa,22be5aefc683,15279d716f0a,2b108be8c915,171d111ca8d0,1735f6e511bc,1bd0b4688a36,2531ed5cf6f9,19cc1e438183,4af634d12be1,465c75a6c7a7,45c6f8ecb7a9,2c8acd1aa4e7,42f42e70b1ec,3314adfd2309,386adf592004,3044f5f4c7fb,3807103f4db1,3d89fd1c9d8c,2bb9889969aa,34fe8768d091,3d7fbdb194a0,4cb4c9764b0e,47ca9af32b0c,30a4266de7fc,2fc07e8d7ed8,4106256bf0ea,2b52c78c26af,34eb1b427b60,4e7baf27ce0a,44c543e89f4e,2d5851a7e15b,2c54efb5c7be,3dd557778f36,41a1395917cd,2d4706f0c744,429e5c231477,485efe5187c7,373150f564a7,3e6e2e66e9c4,3715a68d71a5,5c0aee8b5ccf,6669d6f6857c,4fde840f1b8b,73f3c7256562,77e8ba16119c,58025a5431b2,5c0c3fc15775,67eb0df46c0c,7e256170c950,6404980e7043,5e3fe8c6505d,7eeb9d4221d2,635c5294c777,713f4093b24b,5e2566f0e39b,67ab45f6add2,52e7144ececf,711907d2c8a3,541fd515ae64,7f6b92a68789,62900e294ffd,5b96c832c382,7c2a1b481cbe,56274be3872c,5a3cac187bf5,7356e29ed340,65796e32aed2,6e803017be4b,6cb1ed62dd86,71bf1d567ee7,5717165c652b,5bbab2634b61,7e5f503f4ec5,6c8420e6b671,50621eaecded,7e8e678958d2,5baa6415d484,75a148a9e258,815c1f66bda3,8178ea528532,83d328fbec50,85752ac8e76c,8314875cb714,86d5e02bb9a8,87ea49ea5602,88475ad486c8,88e66b6cf18b,8d62a5cf09cf,8a7db79146cb,89814e6c3030,87a4470de6ed,87b34b141663,946dbdccf764,9913ebfb82ee,9347b8f9791a,99736000a6ed,8d9a4f0d6307,939f81aa0713,969392f9aee2,99cc2a6c1325,9a24bf7bc198,98b3e89d0448,8f52a28dc00c,91e476637a40,9a11c6692a13,97919cc191c8,9786b5b9e717,999661432fef,b4a73b29f1e1,a3b4249c832a,b46347b284a8,b4aa65fd8168,bb523d3ad7a2,beb10e2f6a52,9ba0ddb21512,be365b24ee80,a9ef887e0904,b3c3db899a0a,a3ab0273ed24,a760c454973f,a2cdbe73665e,b91288f17e5b,bd51bea206e3,a23d8940d3f4,ac8135910fb7,a8e247d0fd2b,a65012b86c32,a1a0d9222a25,bf8223726515,ab3103bb13b5,a8ef89396367,9c344b39b5d0,a2e0ea3c6515,b06dd1ff615c,b7d40476e0ce,b556c645c0a0,b5434781f3db,a89532fafe8e,b258ac8a36d8,aad756f01b6d,cc209dc896e4,f5f61dfd674a,f9dcfc1dd594,c08c6ead6e27,e81ef2305993,f22a5c3f8422,d99a5358860b,d23731e0b6c2,e50b8190d793,f701b078fa5f,f0be1d613f58,d139a967a0ec,f866b92b5be5,f3a52909802d,f69fe35fd7ed,d79bff9f152a,ecaba8e9ca30,d7f173ff2cff,dd9bda0bbf95,cd5698c3c6a6,dbfaa40c579d,ce5d90554da6,f8359686f144,f299e17982f5,ccbebcca8a97,f14f6d5d3a0f,f356cc345e2f,c630d106fa94,dbaebd7b78d5,c1ec4e8d2e98,eb409cda163f,eb9431b6e0b1,f238d09bd420,d2796124548c,d4808bc7a06c,ee18c9390340,ec8d97c59d76,dd23a5527963,fc54d160814c,fdcf4baf1efd,fe8106062893,ff0b44941d04,ff26970b16c1,"[0m
job-core	Delete Runners	2025-09-23T19:22:57.1089479Z [36;1m[0m
job-core	Delete Runners	2025-09-23T19:22:57.1089972Z [36;1m# Eliminar cada runner y registrar el resultado[0m
job-core	Delete Runners	2025-09-23T19:22:57.1090872Z [36;1mecho "\nResultados de la eliminaciÃ³n:" >> runner_results/delete_runners_report.txt[0m
job-core	Delete Runners	2025-09-23T19:22:57.1091759Z [36;1mfor runner_name in "${RUNNER_NAMES[@]}"; do[0m
job-core	Delete Runners	2025-09-23T19:22:57.1092352Z [36;1m  # Ignorar elementos vacÃ­os[0m
job-core	Delete Runners	2025-09-23T19:22:57.1092884Z [36;1m  if [ -z "$runner_name" ]; then[0m
job-core	Delete Runners	2025-09-23T19:22:57.1093389Z [36;1m    continue[0m
job-core	Delete Runners	2025-09-23T19:22:57.1093798Z [36;1m  fi[0m
job-core	Delete Runners	2025-09-23T19:22:57.1094237Z [36;1m  echo "Eliminando runner $runner_name..."[0m
job-core	Delete Runners	2025-09-23T19:22:57.1094792Z [36;1m  [0m
job-core	Delete Runners	2025-09-23T19:22:57.1095569Z [36;1m  # Capturar el cÃ³digo de estado HTTP usando --include[0m
job-core	Delete Runners	2025-09-23T19:22:57.1096355Z [36;1m  RESPONSE=$(gh api \[0m
job-core	Delete Runners	2025-09-23T19:22:57.1096843Z [36;1m    --method DELETE \[0m
job-core	Delete Runners	2025-09-23T19:22:57.1097392Z [36;1m    -H "Accept: application/vnd.github+json" \[0m
job-core	Delete Runners	2025-09-23T19:22:57.1097969Z [36;1m    --include \[0m
job-core	Delete Runners	2025-09-23T19:22:57.1098509Z [36;1m    "/orgs/Ka0s-Klaus/actions/runners/$runner_name")[0m
job-core	Delete Runners	2025-09-23T19:22:57.1099286Z [36;1m  STATUS_CODE=$(echo "$RESPONSE" | grep -i '^HTTP' | awk '{print $2}')[0m
job-core	Delete Runners	2025-09-23T19:22:57.1100326Z [36;1m  [0m
job-core	Delete Runners	2025-09-23T19:22:57.1100734Z [36;1m  if [ "$STATUS_CODE" = "204" ]; then[0m
job-core	Delete Runners	2025-09-23T19:22:57.1101381Z [36;1m    echo "â Runner $runner_name eliminado exitosamente"[0m
job-core	Delete Runners	2025-09-23T19:22:57.1102072Z [36;1m    echo "CÃ³digo de estado HTTP: $STATUS_CODE"[0m
job-core	Delete Runners	2025-09-23T19:22:57.1102641Z [36;1m  else[0m
job-core	Delete Runners	2025-09-23T19:22:57.1103112Z [36;1m    echo "â Error al eliminar runner $runner_name"[0m
job-core	Delete Runners	2025-09-23T19:22:57.1103781Z [36;1m    echo "CÃ³digo de estado HTTP: $STATUS_CODE"[0m
job-core	Delete Runners	2025-09-23T19:22:57.1104421Z [36;1m    echo "Respuesta completa: $RESPONSE"[0m
job-core	Delete Runners	2025-09-23T19:22:57.1105369Z [36;1m    exit 1[0m
job-core	Delete Runners	2025-09-23T19:22:57.1106034Z [36;1m  fi[0m
job-core	Delete Runners	2025-09-23T19:22:57.1106399Z [36;1mdone[0m
job-core	Delete Runners	2025-09-23T19:22:57.1116990Z shell: /usr/bin/bash -e {0}
job-core	Delete Runners	2025-09-23T19:22:57.1117545Z env:
job-core	Delete Runners	2025-09-23T19:22:57.1118282Z   GITHUB_TOKEN: ***
job-core	Delete Runners	2025-09-23T19:22:57.1118767Z   KAOS_MODULE: [Ka0s] Delete Swarm Runners
job-core	Delete Runners	2025-09-23T19:22:57.1119360Z   KAOS_CODE: 17956787579
job-core	Delete Runners	2025-09-23T19:22:57.1119843Z ##[endgroup]
job-core	Delete Runners	2025-09-23T19:22:57.1190321Z Eliminando runner 01766f54179f...
job-core	Delete Runners	2025-09-23T19:22:57.6195925Z â Runner 01766f54179f eliminado exitosamente
job-core	Delete Runners	2025-09-23T19:22:57.6197551Z CÃ³digo de estado HTTP: 204
job-core	Delete Runners	2025-09-23T19:22:57.6198461Z Eliminando runner 02c874731438...
job-core	Delete Runners	2025-09-23T19:22:58.0976858Z gh: Invalid Argument - Runner group 2 is virtual and cannot be modified. (HTTP 422)
job-core	Delete Runners	2025-09-23T19:22:58.1075641Z ##[error]Process completed with exit code 1.
job-core	Complete job	ï»¿2025-09-23T19:22:58.1171668Z Cleaning up orphan processes
handle_failure	Set up job	ï»¿2025-09-23T19:23:34.6953418Z Current runner version: '2.328.0'
handle_failure	Set up job	2025-09-23T19:23:34.6962264Z Runner name: 'b5bb72a1daf2'
handle_failure	Set up job	2025-09-23T19:23:34.6963557Z Runner group name: 'swarm-runners'
handle_failure	Set up job	2025-09-23T19:23:34.6964596Z Machine name: 'b5bb72a1daf2'
handle_failure	Set up job	2025-09-23T19:23:34.6968777Z ##[group]GITHUB_TOKEN Permissions
handle_failure	Set up job	2025-09-23T19:23:34.6971822Z Actions: write
handle_failure	Set up job	2025-09-23T19:23:34.6972386Z Contents: read
handle_failure	Set up job	2025-09-23T19:23:34.6972911Z Issues: write
handle_failure	Set up job	2025-09-23T19:23:34.6973551Z Metadata: read
handle_failure	Set up job	2025-09-23T19:23:34.6974033Z ##[endgroup]
handle_failure	Set up job	2025-09-23T19:23:34.6976517Z Secret source: Actions
handle_failure	Set up job	2025-09-23T19:23:34.6977486Z Prepare workflow directory
handle_failure	Set up job	2025-09-23T19:23:34.7542354Z Prepare all required actions
handle_failure	Set up job	2025-09-23T19:23:34.7581839Z Getting action download info
handle_failure	Set up job	2025-09-23T19:23:35.3307408Z Download action repository 'actions/checkout@v4' (SHA:08eba0b27e820071cde6df949e0beb9ba4906955)
handle_failure	Set up job	2025-09-23T19:23:36.2563164Z Complete job name: handle_failure
handle_failure	Checkout code	ï»¿2025-09-23T19:23:36.3121039Z ##[group]Run actions/checkout@v4
handle_failure	Checkout code	2025-09-23T19:23:36.3122028Z with:
handle_failure	Checkout code	2025-09-23T19:23:36.3122531Z   fetch-depth: 0
handle_failure	Checkout code	2025-09-23T19:23:36.3123261Z   token: ***
handle_failure	Checkout code	2025-09-23T19:23:36.3123716Z   repository: Ka0s-Klaus/ka0s
handle_failure	Checkout code	2025-09-23T19:23:36.3124230Z   ssh-strict: true
handle_failure	Checkout code	2025-09-23T19:23:36.3124667Z   ssh-user: git
handle_failure	Checkout code	2025-09-23T19:23:36.3125116Z   persist-credentials: true
handle_failure	Checkout code	2025-09-23T19:23:36.3126170Z   clean: true
handle_failure	Checkout code	2025-09-23T19:23:36.3126631Z   sparse-checkout-cone-mode: true
handle_failure	Checkout code	2025-09-23T19:23:36.3127180Z   fetch-tags: false
handle_failure	Checkout code	2025-09-23T19:23:36.3127635Z   show-progress: true
handle_failure	Checkout code	2025-09-23T19:23:36.3128087Z   lfs: false
handle_failure	Checkout code	2025-09-23T19:23:36.3128496Z   submodules: false
handle_failure	Checkout code	2025-09-23T19:23:36.3128986Z   set-safe-directory: true
handle_failure	Checkout code	2025-09-23T19:23:36.3129723Z env:
handle_failure	Checkout code	2025-09-23T19:23:36.3130345Z   GITHUB_TOKEN: ***
handle_failure	Checkout code	2025-09-23T19:23:36.3130842Z   KAOS_MODULE: [Ka0s] Delete Swarm Runners
handle_failure	Checkout code	2025-09-23T19:23:36.3131415Z   KAOS_CODE: 17956787579
handle_failure	Checkout code	2025-09-23T19:23:36.3131888Z ##[endgroup]
handle_failure	Checkout code	2025-09-23T19:23:36.4302036Z Syncing repository: Ka0s-Klaus/ka0s
handle_failure	Checkout code	2025-09-23T19:23:36.4304142Z ##[group]Getting Git version info
handle_failure	Checkout code	2025-09-23T19:23:36.4304883Z Working directory is '/home/runner/_work/ka0s/ka0s'
handle_failure	Checkout code	2025-09-23T19:23:36.4306435Z [command]/usr/bin/git version
handle_failure	Checkout code	2025-09-23T19:23:36.4306970Z git version 2.51.0
handle_failure	Checkout code	2025-09-23T19:23:36.4323568Z ##[endgroup]
handle_failure	Checkout code	2025-09-23T19:23:36.4340598Z Temporarily overriding HOME='/home/runner/_work/_temp/f9be53bf-4bd9-4637-8138-5c1355cae63c' before making global git config changes
handle_failure	Checkout code	2025-09-23T19:23:36.4342413Z Adding repository directory to the temporary git global config as a safe directory
handle_failure	Checkout code	2025-09-23T19:23:36.4346510Z [command]/usr/bin/git config --global --add safe.directory /home/runner/_work/ka0s/ka0s
handle_failure	Checkout code	2025-09-23T19:23:36.4385843Z Deleting the contents of '/home/runner/_work/ka0s/ka0s'
handle_failure	Checkout code	2025-09-23T19:23:36.4391272Z ##[group]Initializing the repository
handle_failure	Checkout code	2025-09-23T19:23:36.4394638Z [command]/usr/bin/git init /home/runner/_work/ka0s/ka0s
handle_failure	Checkout code	2025-09-23T19:23:36.4441264Z hint: Using 'master' as the name for the initial branch. This default branch name
handle_failure	Checkout code	2025-09-23T19:23:36.4442676Z hint: is subject to change. To configure the initial branch name to use in all
handle_failure	Checkout code	2025-09-23T19:23:36.4443820Z hint: of your new repositories, which will suppress this warning, call:
handle_failure	Checkout code	2025-09-23T19:23:36.4444726Z hint:
handle_failure	Checkout code	2025-09-23T19:23:36.4445861Z hint: 	git config --global init.defaultBranch <name>
handle_failure	Checkout code	2025-09-23T19:23:36.4446652Z hint:
handle_failure	Checkout code	2025-09-23T19:23:36.4447267Z hint: Names commonly chosen instead of 'master' are 'main', 'trunk' and
handle_failure	Checkout code	2025-09-23T19:23:36.4448273Z hint: 'development'. The just-created branch can be renamed via this command:
handle_failure	Checkout code	2025-09-23T19:23:36.4449220Z hint:
handle_failure	Checkout code	2025-09-23T19:23:36.4449670Z hint: 	git branch -m <name>
handle_failure	Checkout code	2025-09-23T19:23:36.4450174Z hint:
handle_failure	Checkout code	2025-09-23T19:23:36.4450995Z hint: Disable this message with "git config set advice.defaultBranchName false"
handle_failure	Checkout code	2025-09-23T19:23:36.4452412Z Initialized empty Git repository in /home/runner/_work/ka0s/ka0s/.git/
handle_failure	Checkout code	2025-09-23T19:23:36.4454558Z [command]/usr/bin/git remote add origin https://github.com/Ka0s-Klaus/ka0s
handle_failure	Checkout code	2025-09-23T19:23:36.4488167Z ##[endgroup]
handle_failure	Checkout code	2025-09-23T19:23:36.4489105Z ##[group]Disabling automatic garbage collection
handle_failure	Checkout code	2025-09-23T19:23:36.4493139Z [command]/usr/bin/git config --local gc.auto 0
handle_failure	Checkout code	2025-09-23T19:23:36.4540380Z ##[endgroup]
handle_failure	Checkout code	2025-09-23T19:23:36.4541329Z ##[group]Setting up auth
handle_failure	Checkout code	2025-09-23T19:23:36.4542312Z [command]/usr/bin/git config --local --name-only --get-regexp core\.sshCommand
handle_failure	Checkout code	2025-09-23T19:23:36.4581192Z [command]/usr/bin/git submodule foreach --recursive sh -c "git config --local --name-only --get-regexp 'core\.sshCommand' && git config --local --unset-all 'core.sshCommand' || :"
handle_failure	Checkout code	2025-09-23T19:23:36.4841456Z [command]/usr/bin/git config --local --name-only --get-regexp http\.https\:\/\/github\.com\/\.extraheader
handle_failure	Checkout code	2025-09-23T19:23:36.4874279Z [command]/usr/bin/git submodule foreach --recursive sh -c "git config --local --name-only --get-regexp 'http\.https\:\/\/github\.com\/\.extraheader' && git config --local --unset-all 'http.https://github.com/.extraheader' || :"
handle_failure	Checkout code	2025-09-23T19:23:36.5126944Z [command]/usr/bin/git config --local http.https://github.com/.extraheader AUTHORIZATION: basic ***
handle_failure	Checkout code	2025-09-23T19:23:36.5169671Z ##[endgroup]
handle_failure	Checkout code	2025-09-23T19:23:36.5170636Z ##[group]Fetching the repository
handle_failure	Checkout code	2025-09-23T19:23:36.5179225Z [command]/usr/bin/git -c protocol.version=2 fetch --prune --no-recurse-submodules origin +refs/heads/*:refs/remotes/origin/* +refs/tags/*:refs/tags/*
handle_failure	Checkout code	2025-09-23T19:23:50.3894170Z From https://github.com/Ka0s-Klaus/ka0s
handle_failure	Checkout code	2025-09-23T19:23:50.3894926Z  * [new branch]        F1149-desarrollo-de-orchestrator -> origin/F1149-desarrollo-de-orchestrator
handle_failure	Checkout code	2025-09-23T19:23:50.3896138Z  * [new branch]        F1183-personalizaciÃ³n-mÃ³dulo-finops -> origin/F1183-personalizaciÃ³n-mÃ³dulo-finops
handle_failure	Checkout code	2025-09-23T19:23:50.3896889Z  * [new branch]        F1224-new-module-mongodb -> origin/F1224-new-module-mongodb
handle_failure	Checkout code	2025-09-23T19:23:50.3897631Z  * [new branch]        F220-web-de-resultados  -> origin/F220-web-de-resultados
handle_failure	Checkout code	2025-09-23T19:23:50.3898495Z  * [new branch]        F227-despliegue-de-kube-independiente-del-clouder -> origin/F227-despliegue-de-kube-independiente-del-clouder
handle_failure	Checkout code	2025-09-23T19:23:50.3899575Z  * [new branch]        F329-documentacion-metodologia-de-kaos -> origin/F329-documentacion-metodologia-de-kaos
handle_failure	Checkout code	2025-09-23T19:23:50.3900479Z  * [new branch]        F44-creaciÃ³n-mÃ³dulo-versionado -> origin/F44-creaciÃ³n-mÃ³dulo-versionado
handle_failure	Checkout code	2025-09-23T19:23:50.3901266Z  * [new branch]        H1128-mÃ³dulo-de-observabilidad -> origin/H1128-mÃ³dulo-de-observabilidad
handle_failure	Checkout code	2025-09-23T19:23:50.3901991Z  * [new branch]        H1139-como-instalar-arc-control -> origin/H1139-como-instalar-arc-control
handle_failure	Checkout code	2025-09-23T19:23:50.3902735Z  * [new branch]        H1149-desarrollo-de-orchestrator -> origin/H1149-desarrollo-de-orchestrator
handle_failure	Checkout code	2025-09-23T19:23:50.3903499Z  * [new branch]        H1150-desarrollo-de-secciones -> origin/H1150-desarrollo-de-secciones
handle_failure	Checkout code	2025-09-23T19:23:50.3904242Z  * [new branch]        H1151-desarrollo-de-secciones-ii -> origin/H1151-desarrollo-de-secciones-ii
handle_failure	Checkout code	2025-09-23T19:23:50.3904937Z  * [new branch]        H1152-desarrollo-inicio -> origin/H1152-desarrollo-inicio
handle_failure	Checkout code	2025-09-23T19:23:50.3922265Z  * [new branch]        H1183-personalizaciÃ³n-mÃ³dulo-finops -> origin/H1183-personalizaciÃ³n-mÃ³dulo-finops
handle_failure	Checkout code	2025-09-23T19:23:50.3923930Z  * [new branch]        H1193-ejemplo-web-documentacion -> origin/H1193-ejemplo-web-documentacion
handle_failure	Checkout code	2025-09-23T19:23:50.3924583Z  * [new branch]        H1205-web-creation      -> origin/H1205-web-creation
handle_failure	Checkout code	2025-09-23T19:23:50.3925207Z  * [new branch]        H1224-new-module-mongodb -> origin/H1224-new-module-mongodb
handle_failure	Checkout code	2025-09-23T19:23:50.3925806Z  * [new branch]        H1410-modulo-execution  -> origin/H1410-modulo-execution
handle_failure	Checkout code	2025-09-23T19:23:50.3927269Z  * [new branch]        H1514-new-swarm-deployment-stack-with-actions-runners-autoscale -> origin/H1514-new-swarm-deployment-stack-with-actions-runners-autoscale
handle_failure	Checkout code	2025-09-23T19:23:50.3928210Z  * [new branch]        H215-modulo-de-summary  -> origin/H215-modulo-de-summary
handle_failure	Checkout code	2025-09-23T19:23:50.3928778Z  * [new branch]        H220-web-de-resultados  -> origin/H220-web-de-resultados
handle_failure	Checkout code	2025-09-23T19:23:50.3929637Z  * [new branch]        H227-despliegue-de-kube-independiente-del-clouder -> origin/H227-despliegue-de-kube-independiente-del-clouder
handle_failure	Checkout code	2025-09-23T19:23:50.3931170Z  * [new branch]        H306-ficheros-de-estadisticas -> origin/H306-ficheros-de-estadisticas
handle_failure	Checkout code	2025-09-23T19:23:50.3932032Z  * [new branch]        H328-documentacion-modulo-principal-de-kaos -> origin/H328-documentacion-modulo-principal-de-kaos
handle_failure	Checkout code	2025-09-23T19:23:50.3932955Z  * [new branch]        H329-documentacion-metodologia-de-kaos -> origin/H329-documentacion-metodologia-de-kaos
handle_failure	Checkout code	2025-09-23T19:23:50.3933871Z  * [new branch]        H338-relanzador-de-jobs-en-caso-de-pattern -> origin/H338-relanzador-de-jobs-en-caso-de-pattern
handle_failure	Checkout code	2025-09-23T19:23:50.3934763Z  * [new branch]        H38-documentacion-basica-del-proyecto -> origin/H38-documentacion-basica-del-proyecto
handle_failure	Checkout code	2025-09-23T19:23:50.3935878Z  * [new branch]        H44-creaciÃ³n-mÃ³dulo-versionado -> origin/H44-creaciÃ³n-mÃ³dulo-versionado
handle_failure	Checkout code	2025-09-23T19:23:50.3937004Z  * [new branch]        RN1149-desarrollo-de-orchestrator -> origin/RN1149-desarrollo-de-orchestrator
handle_failure	Checkout code	2025-09-23T19:23:50.3937980Z  * [new branch]        RN1183-personalizaciÃ³n-mÃ³dulo-finops -> origin/RN1183-personalizaciÃ³n-mÃ³dulo-finops
handle_failure	Checkout code	2025-09-23T19:23:50.3939072Z  * [new branch]        RN1282-ka0s-error-detected-in-ka0s-workflow-statistics-summary -> origin/RN1282-ka0s-error-detected-in-ka0s-workflow-statistics-summary
handle_failure	Checkout code	2025-09-23T19:23:50.3940123Z  * [new branch]        RN220-web-de-resultados -> origin/RN220-web-de-resultados
handle_failure	Checkout code	2025-09-23T19:23:50.3940988Z  * [new branch]        RN227-despliegue-de-kube-independiente-del-clouder -> origin/RN227-despliegue-de-kube-independiente-del-clouder
handle_failure	Checkout code	2025-09-23T19:23:50.3941979Z  * [new branch]        RN329-documentacion-metodologia-de-kaos -> origin/RN329-documentacion-metodologia-de-kaos
handle_failure	Checkout code	2025-09-23T19:23:50.3942647Z  * [new branch]        main                    -> origin/main
handle_failure	Checkout code	2025-09-23T19:23:50.3943069Z  * [new tag]           0.0.0                   -> 0.0.0
handle_failure	Checkout code	2025-09-23T19:23:50.3943484Z  * [new tag]           0.0.1                   -> 0.0.1
handle_failure	Checkout code	2025-09-23T19:23:50.3944039Z  * [new tag]           0.0.10                  -> 0.0.10
handle_failure	Checkout code	2025-09-23T19:23:50.3944433Z  * [new tag]           0.0.100                 -> 0.0.100
handle_failure	Checkout code	2025-09-23T19:23:50.3944838Z  * [new tag]           0.0.101                 -> 0.0.101
handle_failure	Checkout code	2025-09-23T19:23:50.3945300Z  * [new tag]           0.0.102                 -> 0.0.102
handle_failure	Checkout code	2025-09-23T19:23:50.3945703Z  * [new tag]           0.0.103                 -> 0.0.103
handle_failure	Checkout code	2025-09-23T19:23:50.3946373Z  * [new tag]           0.0.104                 -> 0.0.104
handle_failure	Checkout code	2025-09-23T19:23:50.3946772Z  * [new tag]           0.0.105                 -> 0.0.105
handle_failure	Checkout code	2025-09-23T19:23:50.3947161Z  * [new tag]           0.0.106                 -> 0.0.106
handle_failure	Checkout code	2025-09-23T19:23:50.3947556Z  * [new tag]           0.0.107                 -> 0.0.107
handle_failure	Checkout code	2025-09-23T19:23:50.3947962Z  * [new tag]           0.0.108                 -> 0.0.108
handle_failure	Checkout code	2025-09-23T19:23:50.3948361Z  * [new tag]           0.0.109                 -> 0.0.109
handle_failure	Checkout code	2025-09-23T19:23:50.3949049Z  * [new tag]           0.0.11                  -> 0.0.11
handle_failure	Checkout code	2025-09-23T19:23:50.3949578Z  * [new tag]           0.0.110                 -> 0.0.110
handle_failure	Checkout code	2025-09-23T19:23:50.3950109Z  * [new tag]           0.0.111                 -> 0.0.111
handle_failure	Checkout code	2025-09-23T19:23:50.3950505Z  * [new tag]           0.0.112                 -> 0.0.112
handle_failure	Checkout code	2025-09-23T19:23:50.3950909Z  * [new tag]           0.0.113                 -> 0.0.113
handle_failure	Checkout code	2025-09-23T19:23:50.3951312Z  * [new tag]           0.0.114                 -> 0.0.114
handle_failure	Checkout code	2025-09-23T19:23:50.3951731Z  * [new tag]           0.0.115                 -> 0.0.115
handle_failure	Checkout code	2025-09-23T19:23:50.3952154Z  * [new tag]           0.0.116                 -> 0.0.116
handle_failure	Checkout code	2025-09-23T19:23:50.3952578Z  * [new tag]           0.0.117                 -> 0.0.117
handle_failure	Checkout code	2025-09-23T19:23:50.3952998Z  * [new tag]           0.0.118                 -> 0.0.118
handle_failure	Checkout code	2025-09-23T19:23:50.3953406Z  * [new tag]           0.0.119                 -> 0.0.119
handle_failure	Checkout code	2025-09-23T19:23:50.3953829Z  * [new tag]           0.0.12                  -> 0.0.12
handle_failure	Checkout code	2025-09-23T19:23:50.3954259Z  * [new tag]           0.0.120                 -> 0.0.120
handle_failure	Checkout code	2025-09-23T19:23:50.3954886Z  * [new tag]           0.0.121                 -> 0.0.121
handle_failure	Checkout code	2025-09-23T19:23:50.3955523Z  * [new tag]           0.0.122                 -> 0.0.122
handle_failure	Checkout code	2025-09-23T19:23:50.3955920Z  * [new tag]           0.0.123                 -> 0.0.123
handle_failure	Checkout code	2025-09-23T19:23:50.3956332Z  * [new tag]           0.0.124                 -> 0.0.124
handle_failure	Checkout code	2025-09-23T19:23:50.3956789Z  * [new tag]           0.0.125                 -> 0.0.125
handle_failure	Checkout code	2025-09-23T19:23:50.3957189Z  * [new tag]           0.0.126                 -> 0.0.126
handle_failure	Checkout code	2025-09-23T19:23:50.3957583Z  * [new tag]           0.0.127                 -> 0.0.127
handle_failure	Checkout code	2025-09-23T19:23:50.3957978Z  * [new tag]           0.0.128                 -> 0.0.128
handle_failure	Checkout code	2025-09-23T19:23:50.3958367Z  * [new tag]           0.0.129                 -> 0.0.129
handle_failure	Checkout code	2025-09-23T19:23:50.3958766Z  * [new tag]           0.0.13                  -> 0.0.13
handle_failure	Checkout code	2025-09-23T19:23:50.3959317Z  * [new tag]           0.0.130                 -> 0.0.130
handle_failure	Checkout code	2025-09-23T19:23:50.3959727Z  * [new tag]           0.0.131                 -> 0.0.131
handle_failure	Checkout code	2025-09-23T19:23:50.3960119Z  * [new tag]           0.0.132                 -> 0.0.132
handle_failure	Checkout code	2025-09-23T19:23:50.3960516Z  * [new tag]           0.0.133                 -> 0.0.133
handle_failure	Checkout code	2025-09-23T19:23:50.3961063Z  * [new tag]           0.0.134                 -> 0.0.134
handle_failure	Checkout code	2025-09-23T19:23:50.3961469Z  * [new tag]           0.0.135                 -> 0.0.135
handle_failure	Checkout code	2025-09-23T19:23:50.3961999Z  * [new tag]           0.0.136                 -> 0.0.136
handle_failure	Checkout code	2025-09-23T19:23:50.3962391Z  * [new tag]           0.0.137                 -> 0.0.137
handle_failure	Checkout code	2025-09-23T19:23:50.3962794Z  * [new tag]           0.0.138                 -> 0.0.138
handle_failure	Checkout code	2025-09-23T19:23:50.3963184Z  * [new tag]           0.0.139                 -> 0.0.139
handle_failure	Checkout code	2025-09-23T19:23:50.3963577Z  * [new tag]           0.0.14                  -> 0.0.14
handle_failure	Checkout code	2025-09-23T19:23:50.3963971Z  * [new tag]           0.0.140                 -> 0.0.140
handle_failure	Checkout code	2025-09-23T19:23:50.3964372Z  * [new tag]           0.0.141                 -> 0.0.141
handle_failure	Checkout code	2025-09-23T19:23:50.3964777Z  * [new tag]           0.0.142                 -> 0.0.142
handle_failure	Checkout code	2025-09-23T19:23:50.3965216Z  * [new tag]           0.0.143                 -> 0.0.143
handle_failure	Checkout code	2025-09-23T19:23:50.3965873Z  * [new tag]           0.0.144                 -> 0.0.144
handle_failure	Checkout code	2025-09-23T19:23:50.3966263Z  * [new tag]           0.0.145                 -> 0.0.145
handle_failure	Checkout code	2025-09-23T19:23:50.3966660Z  * [new tag]           0.0.146                 -> 0.0.146
handle_failure	Checkout code	2025-09-23T19:23:50.3967056Z  * [new tag]           0.0.147                 -> 0.0.147
handle_failure	Checkout code	2025-09-23T19:23:50.3967446Z  * [new tag]           0.0.148                 -> 0.0.148
handle_failure	Checkout code	2025-09-23T19:23:50.3967839Z  * [new tag]           0.0.149                 -> 0.0.149
handle_failure	Checkout code	2025-09-23T19:23:50.3968237Z  * [new tag]           0.0.15                  -> 0.0.15
handle_failure	Checkout code	2025-09-23T19:23:50.3968641Z  * [new tag]           0.0.150                 -> 0.0.150
handle_failure	Checkout code	2025-09-23T19:23:50.3969028Z  * [new tag]           0.0.151                 -> 0.0.151
handle_failure	Checkout code	2025-09-23T19:23:50.3969434Z  * [new tag]           0.0.152                 -> 0.0.152
handle_failure	Checkout code	2025-09-23T19:23:50.3969837Z  * [new tag]           0.0.153                 -> 0.0.153
handle_failure	Checkout code	2025-09-23T19:23:50.3970226Z  * [new tag]           0.0.154                 -> 0.0.154
handle_failure	Checkout code	2025-09-23T19:23:50.3970620Z  * [new tag]           0.0.155                 -> 0.0.155
handle_failure	Checkout code	2025-09-23T19:23:50.3971016Z  * [new tag]           0.0.156                 -> 0.0.156
handle_failure	Checkout code	2025-09-23T19:23:50.3971407Z  * [new tag]           0.0.157                 -> 0.0.157
handle_failure	Checkout code	2025-09-23T19:23:50.3971809Z  * [new tag]           0.0.158                 -> 0.0.158
handle_failure	Checkout code	2025-09-23T19:23:50.3972206Z  * [new tag]           0.0.159                 -> 0.0.159
handle_failure	Checkout code	2025-09-23T19:23:50.3972607Z  * [new tag]           0.0.16                  -> 0.0.16
handle_failure	Checkout code	2025-09-23T19:23:50.3972995Z  * [new tag]           0.0.160                 -> 0.0.160
handle_failure	Checkout code	2025-09-23T19:23:50.3973394Z  * [new tag]           0.0.161                 -> 0.0.161
handle_failure	Checkout code	2025-09-23T19:23:50.3973787Z  * [new tag]           0.0.162                 -> 0.0.162
handle_failure	Checkout code	2025-09-23T19:23:50.3974187Z  * [new tag]           0.0.163                 -> 0.0.163
handle_failure	Checkout code	2025-09-23T19:23:50.3974727Z  * [new tag]           0.0.164                 -> 0.0.164
handle_failure	Checkout code	2025-09-23T19:23:50.3975117Z  * [new tag]           0.0.165                 -> 0.0.165
handle_failure	Checkout code	2025-09-23T19:23:50.3975955Z  * [new tag]           0.0.166                 -> 0.0.166
handle_failure	Checkout code	2025-09-23T19:23:50.3976336Z  * [new tag]           0.0.167                 -> 0.0.167
handle_failure	Checkout code	2025-09-23T19:23:50.3976718Z  * [new tag]           0.0.168                 -> 0.0.168
handle_failure	Checkout code	2025-09-23T19:23:50.3977102Z  * [new tag]           0.0.169                 -> 0.0.169
handle_failure	Checkout code	2025-09-23T19:23:50.3977477Z  * [new tag]           0.0.17                  -> 0.0.17
handle_failure	Checkout code	2025-09-23T19:23:50.3977862Z  * [new tag]           0.0.170                 -> 0.0.170
handle_failure	Checkout code	2025-09-23T19:23:50.3978243Z  * [new tag]           0.0.171                 -> 0.0.171
handle_failure	Checkout code	2025-09-23T19:23:50.3978627Z  * [new tag]           0.0.172                 -> 0.0.172
handle_failure	Checkout code	2025-09-23T19:23:50.3979008Z  * [new tag]           0.0.173                 -> 0.0.173
handle_failure	Checkout code	2025-09-23T19:23:50.3979517Z  * [new tag]           0.0.174                 -> 0.0.174
handle_failure	Checkout code	2025-09-23T19:23:50.3979910Z  * [new tag]           0.0.175                 -> 0.0.175
handle_failure	Checkout code	2025-09-23T19:23:50.3980289Z  * [new tag]           0.0.176                 -> 0.0.176
handle_failure	Checkout code	2025-09-23T19:23:50.3980672Z  * [new tag]           0.0.177                 -> 0.0.177
handle_failure	Checkout code	2025-09-23T19:23:50.3981055Z  * [new tag]           0.0.178                 -> 0.0.178
handle_failure	Checkout code	2025-09-23T19:23:50.3981431Z  * [new tag]           0.0.179                 -> 0.0.179
handle_failure	Checkout code	2025-09-23T19:23:50.3981813Z  * [new tag]           0.0.18                  -> 0.0.18
handle_failure	Checkout code	2025-09-23T19:23:50.3982190Z  * [new tag]           0.0.19                  -> 0.0.19
handle_failure	Checkout code	2025-09-23T19:23:50.3982569Z  * [new tag]           0.0.2                   -> 0.0.2
handle_failure	Checkout code	2025-09-23T19:23:50.3982939Z  * [new tag]           0.0.20                  -> 0.0.20
handle_failure	Checkout code	2025-09-23T19:23:50.3983317Z  * [new tag]           0.0.21                  -> 0.0.21
handle_failure	Checkout code	2025-09-23T19:23:50.3983700Z  * [new tag]           0.0.22                  -> 0.0.22
handle_failure	Checkout code	2025-09-23T19:23:50.3984078Z  * [new tag]           0.0.23                  -> 0.0.23
handle_failure	Checkout code	2025-09-23T19:23:50.3984451Z  * [new tag]           0.0.24                  -> 0.0.24
handle_failure	Checkout code	2025-09-23T19:23:50.3984821Z  * [new tag]           0.0.25                  -> 0.0.25
handle_failure	Checkout code	2025-09-23T19:23:50.3985230Z  * [new tag]           0.0.26                  -> 0.0.26
handle_failure	Checkout code	2025-09-23T19:23:50.3985876Z  * [new tag]           0.0.27                  -> 0.0.27
handle_failure	Checkout code	2025-09-23T19:23:50.3986251Z  * [new tag]           0.0.28                  -> 0.0.28
handle_failure	Checkout code	2025-09-23T19:23:50.3986627Z  * [new tag]           0.0.29                  -> 0.0.29
handle_failure	Checkout code	2025-09-23T19:23:50.3986993Z  * [new tag]           0.0.3                   -> 0.0.3
handle_failure	Checkout code	2025-09-23T19:23:50.3987366Z  * [new tag]           0.0.30                  -> 0.0.30
handle_failure	Checkout code	2025-09-23T19:23:50.3987740Z  * [new tag]           0.0.31                  -> 0.0.31
handle_failure	Checkout code	2025-09-23T19:23:50.3988117Z  * [new tag]           0.0.32                  -> 0.0.32
handle_failure	Checkout code	2025-09-23T19:23:50.3988494Z  * [new tag]           0.0.33                  -> 0.0.33
handle_failure	Checkout code	2025-09-23T19:23:50.3988875Z  * [new tag]           0.0.34                  -> 0.0.34
handle_failure	Checkout code	2025-09-23T19:23:50.3989246Z  * [new tag]           0.0.35                  -> 0.0.35
handle_failure	Checkout code	2025-09-23T19:23:50.3989618Z  * [new tag]           0.0.36                  -> 0.0.36
handle_failure	Checkout code	2025-09-23T19:23:50.3989992Z  * [new tag]           0.0.37                  -> 0.0.37
handle_failure	Checkout code	2025-09-23T19:23:50.3990369Z  * [new tag]           0.0.38                  -> 0.0.38
handle_failure	Checkout code	2025-09-23T19:23:50.3990737Z  * [new tag]           0.0.39                  -> 0.0.39
handle_failure	Checkout code	2025-09-23T19:23:50.3991111Z  * [new tag]           0.0.4                   -> 0.0.4
handle_failure	Checkout code	2025-09-23T19:23:50.3991486Z  * [new tag]           0.0.40                  -> 0.0.40
handle_failure	Checkout code	2025-09-23T19:23:50.3991861Z  * [new tag]           0.0.41                  -> 0.0.41
handle_failure	Checkout code	2025-09-23T19:23:50.3992233Z  * [new tag]           0.0.42                  -> 0.0.42
handle_failure	Checkout code	2025-09-23T19:23:50.3992605Z  * [new tag]           0.0.43                  -> 0.0.43
handle_failure	Checkout code	2025-09-23T19:23:50.3992987Z  * [new tag]           0.0.44                  -> 0.0.44
handle_failure	Checkout code	2025-09-23T19:23:50.3993475Z  * [new tag]           0.0.45                  -> 0.0.45
handle_failure	Checkout code	2025-09-23T19:23:50.3993847Z  * [new tag]           0.0.46                  -> 0.0.46
handle_failure	Checkout code	2025-09-23T19:23:50.3994222Z  * [new tag]           0.0.47                  -> 0.0.47
handle_failure	Checkout code	2025-09-23T19:23:50.3994594Z  * [new tag]           0.0.48                  -> 0.0.48
handle_failure	Checkout code	2025-09-23T19:23:50.3994960Z  * [new tag]           0.0.49                  -> 0.0.49
handle_failure	Checkout code	2025-09-23T19:23:50.3995527Z  * [new tag]           0.0.5                   -> 0.0.5
handle_failure	Checkout code	2025-09-23T19:23:50.3996026Z  * [new tag]           0.0.50                  -> 0.0.50
handle_failure	Checkout code	2025-09-23T19:23:50.3996394Z  * [new tag]           0.0.51                  -> 0.0.51
handle_failure	Checkout code	2025-09-23T19:23:50.3996770Z  * [new tag]           0.0.52                  -> 0.0.52
handle_failure	Checkout code	2025-09-23T19:23:50.3997140Z  * [new tag]           0.0.53                  -> 0.0.53
handle_failure	Checkout code	2025-09-23T19:23:50.3997508Z  * [new tag]           0.0.54                  -> 0.0.54
handle_failure	Checkout code	2025-09-23T19:23:50.3997999Z  * [new tag]           0.0.55                  -> 0.0.55
handle_failure	Checkout code	2025-09-23T19:23:50.3998382Z  * [new tag]           0.0.56                  -> 0.0.56
handle_failure	Checkout code	2025-09-23T19:23:50.3998759Z  * [new tag]           0.0.57                  -> 0.0.57
handle_failure	Checkout code	2025-09-23T19:23:50.3999126Z  * [new tag]           0.0.58                  -> 0.0.58
handle_failure	Checkout code	2025-09-23T19:23:50.3999499Z  * [new tag]           0.0.59                  -> 0.0.59
handle_failure	Checkout code	2025-09-23T19:23:50.3999868Z  * [new tag]           0.0.6                   -> 0.0.6
handle_failure	Checkout code	2025-09-23T19:23:50.4000238Z  * [new tag]           0.0.60                  -> 0.0.60
handle_failure	Checkout code	2025-09-23T19:23:50.4000609Z  * [new tag]           0.0.61                  -> 0.0.61
handle_failure	Checkout code	2025-09-23T19:23:50.4000983Z  * [new tag]           0.0.62                  -> 0.0.62
handle_failure	Checkout code	2025-09-23T19:23:50.4001362Z  * [new tag]           0.0.63                  -> 0.0.63
handle_failure	Checkout code	2025-09-23T19:23:50.4001727Z  * [new tag]           0.0.64                  -> 0.0.64
handle_failure	Checkout code	2025-09-23T19:23:50.4002101Z  * [new tag]           0.0.65                  -> 0.0.65
handle_failure	Checkout code	2025-09-23T19:23:50.4002483Z  * [new tag]           0.0.66                  -> 0.0.66
handle_failure	Checkout code	2025-09-23T19:23:50.4002858Z  * [new tag]           0.0.67                  -> 0.0.67
handle_failure	Checkout code	2025-09-23T19:23:50.4003231Z  * [new tag]           0.0.68                  -> 0.0.68
handle_failure	Checkout code	2025-09-23T19:23:50.4003606Z  * [new tag]           0.0.69                  -> 0.0.69
handle_failure	Checkout code	2025-09-23T19:23:50.4003979Z  * [new tag]           0.0.7                   -> 0.0.7
handle_failure	Checkout code	2025-09-23T19:23:50.4004347Z  * [new tag]           0.0.70                  -> 0.0.70
handle_failure	Checkout code	2025-09-23T19:23:50.4004721Z  * [new tag]           0.0.71                  -> 0.0.71
handle_failure	Checkout code	2025-09-23T19:23:50.4005098Z  * [new tag]           0.0.72                  -> 0.0.72
handle_failure	Checkout code	2025-09-23T19:23:50.4005796Z  * [new tag]           0.0.73                  -> 0.0.73
handle_failure	Checkout code	2025-09-23T19:23:50.4006174Z  * [new tag]           0.0.74                  -> 0.0.74
handle_failure	Checkout code	2025-09-23T19:23:50.4006549Z  * [new tag]           0.0.75                  -> 0.0.75
handle_failure	Checkout code	2025-09-23T19:23:50.4006927Z  * [new tag]           0.0.76                  -> 0.0.76
handle_failure	Checkout code	2025-09-23T19:23:50.4007310Z  * [new tag]           0.0.77                  -> 0.0.77
handle_failure	Checkout code	2025-09-23T19:23:50.4007693Z  * [new tag]           0.0.78                  -> 0.0.78
handle_failure	Checkout code	2025-09-23T19:23:50.4008084Z  * [new tag]           0.0.79                  -> 0.0.79
handle_failure	Checkout code	2025-09-23T19:23:50.4008455Z  * [new tag]           0.0.8                   -> 0.0.8
handle_failure	Checkout code	2025-09-23T19:23:50.4008828Z  * [new tag]           0.0.80                  -> 0.0.80
handle_failure	Checkout code	2025-09-23T19:23:50.4009197Z  * [new tag]           0.0.81                  -> 0.0.81
handle_failure	Checkout code	2025-09-23T19:23:50.4009577Z  * [new tag]           0.0.82                  -> 0.0.82
handle_failure	Checkout code	2025-09-23T19:23:50.4009951Z  * [new tag]           0.0.83                  -> 0.0.83
handle_failure	Checkout code	2025-09-23T19:23:50.4010339Z  * [new tag]           0.0.84                  -> 0.0.84
handle_failure	Checkout code	2025-09-23T19:23:50.4010713Z  * [new tag]           0.0.85                  -> 0.0.85
handle_failure	Checkout code	2025-09-23T19:23:50.4011086Z  * [new tag]           0.0.86                  -> 0.0.86
handle_failure	Checkout code	2025-09-23T19:23:50.4011460Z  * [new tag]           0.0.87                  -> 0.0.87
handle_failure	Checkout code	2025-09-23T19:23:50.4011838Z  * [new tag]           0.0.88                  -> 0.0.88
handle_failure	Checkout code	2025-09-23T19:23:50.4012331Z  * [new tag]           0.0.89                  -> 0.0.89
handle_failure	Checkout code	2025-09-23T19:23:50.4012708Z  * [new tag]           0.0.9                   -> 0.0.9
handle_failure	Checkout code	2025-09-23T19:23:50.4013074Z  * [new tag]           0.0.90                  -> 0.0.90
handle_failure	Checkout code	2025-09-23T19:23:50.4013445Z  * [new tag]           0.0.91                  -> 0.0.91
handle_failure	Checkout code	2025-09-23T19:23:50.4013818Z  * [new tag]           0.0.92                  -> 0.0.92
handle_failure	Checkout code	2025-09-23T19:23:50.4014190Z  * [new tag]           0.0.93                  -> 0.0.93
handle_failure	Checkout code	2025-09-23T19:23:50.4014563Z  * [new tag]           0.0.94                  -> 0.0.94
handle_failure	Checkout code	2025-09-23T19:23:50.4014939Z  * [new tag]           0.0.95                  -> 0.0.95
handle_failure	Checkout code	2025-09-23T19:23:50.4015351Z  * [new tag]           0.0.96                  -> 0.0.96
handle_failure	Checkout code	2025-09-23T19:23:50.4015724Z  * [new tag]           0.0.97                  -> 0.0.97
handle_failure	Checkout code	2025-09-23T19:23:50.4016098Z  * [new tag]           0.0.98                  -> 0.0.98
handle_failure	Checkout code	2025-09-23T19:23:50.4016585Z  * [new tag]           0.0.99                  -> 0.0.99
handle_failure	Checkout code	2025-09-23T19:23:50.4017058Z  * [new tag]           0.1.0                   -> 0.1.0
handle_failure	Checkout code	2025-09-23T19:23:50.4017429Z  * [new tag]           0.1.1                   -> 0.1.1
handle_failure	Checkout code	2025-09-23T19:23:50.4017800Z  * [new tag]           0.2.0                   -> 0.2.0
handle_failure	Checkout code	2025-09-23T19:23:50.4018166Z  * [new tag]           0.3.0                   -> 0.3.0
handle_failure	Checkout code	2025-09-23T19:23:50.4018529Z  * [new tag]           0.3.1                   -> 0.3.1
handle_failure	Checkout code	2025-09-23T19:23:50.4018902Z  * [new tag]           0.3.10                  -> 0.3.10
handle_failure	Checkout code	2025-09-23T19:23:50.4019276Z  * [new tag]           0.3.11                  -> 0.3.11
handle_failure	Checkout code	2025-09-23T19:23:50.4019647Z  * [new tag]           0.3.12                  -> 0.3.12
handle_failure	Checkout code	2025-09-23T19:23:50.4020017Z  * [new tag]           0.3.13                  -> 0.3.13
handle_failure	Checkout code	2025-09-23T19:23:50.4020389Z  * [new tag]           0.3.14                  -> 0.3.14
handle_failure	Checkout code	2025-09-23T19:23:50.4020764Z  * [new tag]           0.3.15                  -> 0.3.15
handle_failure	Checkout code	2025-09-23T19:23:50.4021141Z  * [new tag]           0.3.16                  -> 0.3.16
handle_failure	Checkout code	2025-09-23T19:23:50.4021526Z  * [new tag]           0.3.17                  -> 0.3.17
handle_failure	Checkout code	2025-09-23T19:23:50.4021898Z  * [new tag]           0.3.2                   -> 0.3.2
handle_failure	Checkout code	2025-09-23T19:23:50.4022264Z  * [new tag]           0.3.3                   -> 0.3.3
handle_failure	Checkout code	2025-09-23T19:23:50.4022636Z  * [new tag]           0.3.4                   -> 0.3.4
handle_failure	Checkout code	2025-09-23T19:23:50.4023004Z  * [new tag]           0.3.5                   -> 0.3.5
handle_failure	Checkout code	2025-09-23T19:23:50.4023374Z  * [new tag]           0.3.6                   -> 0.3.6
handle_failure	Checkout code	2025-09-23T19:23:50.4023739Z  * [new tag]           0.3.7                   -> 0.3.7
handle_failure	Checkout code	2025-09-23T19:23:50.4024106Z  * [new tag]           0.3.8                   -> 0.3.8
handle_failure	Checkout code	2025-09-23T19:23:50.4024476Z  * [new tag]           0.3.9                   -> 0.3.9
handle_failure	Checkout code	2025-09-23T19:23:50.4024841Z  * [new tag]           0.4.0                   -> 0.4.0
handle_failure	Checkout code	2025-09-23T19:23:50.4025397Z  * [new tag]           0.4.1                   -> 0.4.1
handle_failure	Checkout code	2025-09-23T19:23:50.4025906Z  * [new tag]           0.4.2                   -> 0.4.2
handle_failure	Checkout code	2025-09-23T19:23:50.4026281Z  * [new tag]           0.4.3                   -> 0.4.3
handle_failure	Checkout code	2025-09-23T19:23:50.4026651Z  * [new tag]           0.4.4                   -> 0.4.4
handle_failure	Checkout code	2025-09-23T19:23:50.4027021Z  * [new tag]           0.4.5                   -> 0.4.5
handle_failure	Checkout code	2025-09-23T19:23:50.4027390Z  * [new tag]           0.4.6                   -> 0.4.6
handle_failure	Checkout code	2025-09-23T19:23:50.4236281Z [command]/usr/bin/git branch --list --remote origin/main
handle_failure	Checkout code	2025-09-23T19:23:50.4297216Z   origin/main
handle_failure	Checkout code	2025-09-23T19:23:50.4307055Z [command]/usr/bin/git rev-parse refs/remotes/origin/main
handle_failure	Checkout code	2025-09-23T19:23:50.4331766Z 378316a224ba9c95d4dc2bc163b18939065bf997
handle_failure	Checkout code	2025-09-23T19:23:50.4337342Z ##[endgroup]
handle_failure	Checkout code	2025-09-23T19:23:50.4337844Z ##[group]Determining the checkout info
handle_failure	Checkout code	2025-09-23T19:23:50.4338698Z ##[endgroup]
handle_failure	Checkout code	2025-09-23T19:23:50.4420984Z [command]/usr/bin/git sparse-checkout disable
handle_failure	Checkout code	2025-09-23T19:23:50.4423839Z [command]/usr/bin/git config --local --unset-all extensions.worktreeConfig
handle_failure	Checkout code	2025-09-23T19:23:50.4424956Z ##[group]Checking out the ref
handle_failure	Checkout code	2025-09-23T19:23:50.4430676Z [command]/usr/bin/git checkout --progress --force -B main refs/remotes/origin/main
handle_failure	Checkout code	2025-09-23T19:23:51.1835605Z Switched to a new branch 'main'
handle_failure	Checkout code	2025-09-23T19:23:51.1839231Z branch 'main' set up to track 'origin/main'.
handle_failure	Checkout code	2025-09-23T19:23:51.1947407Z ##[endgroup]
handle_failure	Checkout code	2025-09-23T19:23:51.1993063Z [command]/usr/bin/git log -1 --format=%H
handle_failure	Checkout code	2025-09-23T19:23:51.2020625Z 378316a224ba9c95d4dc2bc163b18939065bf997
handle_failure	handle-failure-execution	ï»¿2025-09-23T19:23:51.2269777Z ##[group]Run echo "Error detected in process"
handle_failure	handle-failure-execution	2025-09-23T19:23:51.2270215Z [36;1mecho "Error detected in process"[0m
handle_failure	handle-failure-execution	2025-09-23T19:23:51.2270593Z [36;1m# RNNUMBER=$(echo "refs/heads/main" | grep -o '[0-9]*')[0m
handle_failure	handle-failure-execution	2025-09-23T19:23:51.2271375Z [36;1m# gh issue comment $RNNUMBER --body "El proceso no ha finalizado correctamente 17956787579. El resultado estÃ¡ en el fichero core/results/event_data17956787579.log"[0m
handle_failure	handle-failure-execution	2025-09-23T19:23:51.2272162Z [36;1m# Creamos la issue dado que ha fallado el modulo principal[0m
handle_failure	handle-failure-execution	2025-09-23T19:23:51.2273035Z [36;1mgh issue create  --title "[Ka0S] Error detected in [Ka0s] Delete Swarm Runners" --body "Error detected in [Ka0s] Delete Swarm Runners. Please check the logs for 17956787579 more information of error."[0m
handle_failure	handle-failure-execution	2025-09-23T19:23:51.2290057Z shell: /usr/bin/bash -e {0}
handle_failure	handle-failure-execution	2025-09-23T19:23:51.2290480Z env:
handle_failure	handle-failure-execution	2025-09-23T19:23:51.2291058Z   GITHUB_TOKEN: ***
handle_failure	handle-failure-execution	2025-09-23T19:23:51.2291290Z   KAOS_MODULE: [Ka0s] Delete Swarm Runners
handle_failure	handle-failure-execution	2025-09-23T19:23:51.2291568Z   KAOS_CODE: 17956787579
handle_failure	handle-failure-execution	2025-09-23T19:23:51.2291928Z   GH_TOKEN: ***
handle_failure	handle-failure-execution	2025-09-23T19:23:51.2292112Z ##[endgroup]
handle_failure	handle-failure-execution	2025-09-23T19:23:51.2351008Z Error detected in process
handle_failure	handle-failure-execution	2025-09-23T19:23:52.4507303Z https://github.com/Ka0s-Klaus/ka0s/issues/1571
handle_failure	Post Checkout code	ï»¿2025-09-23T19:23:52.4721127Z Post job cleanup.
handle_failure	Post Checkout code	2025-09-23T19:23:52.5678499Z [command]/usr/bin/git version
handle_failure	Post Checkout code	2025-09-23T19:23:52.5718314Z git version 2.51.0
handle_failure	Post Checkout code	2025-09-23T19:23:52.5765028Z Temporarily overriding HOME='/home/runner/_work/_temp/26dacb7e-39c3-4366-86f1-a695a3971c60' before making global git config changes
handle_failure	Post Checkout code	2025-09-23T19:23:52.5766247Z Adding repository directory to the temporary git global config as a safe directory
handle_failure	Post Checkout code	2025-09-23T19:23:52.5773593Z [command]/usr/bin/git config --global --add safe.directory /home/runner/_work/ka0s/ka0s
handle_failure	Post Checkout code	2025-09-23T19:23:52.5811348Z [command]/usr/bin/git config --local --name-only --get-regexp core\.sshCommand
handle_failure	Post Checkout code	2025-09-23T19:23:52.5859338Z [command]/usr/bin/git submodule foreach --recursive sh -c "git config --local --name-only --get-regexp 'core\.sshCommand' && git config --local --unset-all 'core.sshCommand' || :"
handle_failure	Post Checkout code	2025-09-23T19:23:52.6116268Z [command]/usr/bin/git config --local --name-only --get-regexp http\.https\:\/\/github\.com\/\.extraheader
handle_failure	Post Checkout code	2025-09-23T19:23:52.6140259Z http.https://github.com/.extraheader
handle_failure	Post Checkout code	2025-09-23T19:23:52.6153739Z [command]/usr/bin/git config --local --unset-all http.https://github.com/.extraheader
handle_failure	Post Checkout code	2025-09-23T19:23:52.6186293Z [command]/usr/bin/git submodule foreach --recursive sh -c "git config --local --name-only --get-regexp 'http\.https\:\/\/github\.com\/\.extraheader' && git config --local --unset-all 'http.https://github.com/.extraheader' || :"
handle_failure	Complete job	ï»¿2025-09-23T19:23:52.6552040Z Cleaning up orphan processes
end-workflow	Set up job	ï»¿2025-09-23T19:24:04.7135567Z Current runner version: '2.328.0'
end-workflow	Set up job	2025-09-23T19:24:04.7150308Z Runner name: '3e1ccb715991'
end-workflow	Set up job	2025-09-23T19:24:04.7151516Z Runner group name: 'swarm-runners'
end-workflow	Set up job	2025-09-23T19:24:04.7152819Z Machine name: '3e1ccb715991'
end-workflow	Set up job	2025-09-23T19:24:04.7161932Z ##[group]GITHUB_TOKEN Permissions
end-workflow	Set up job	2025-09-23T19:24:04.7167342Z Actions: write
end-workflow	Set up job	2025-09-23T19:24:04.7169695Z Contents: read
end-workflow	Set up job	2025-09-23T19:24:04.7170671Z Issues: write
end-workflow	Set up job	2025-09-23T19:24:04.7171622Z Metadata: read
end-workflow	Set up job	2025-09-23T19:24:04.7172224Z ##[endgroup]
end-workflow	Set up job	2025-09-23T19:24:04.7175248Z Secret source: Actions
end-workflow	Set up job	2025-09-23T19:24:04.7176547Z Prepare workflow directory
end-workflow	Set up job	2025-09-23T19:24:04.8105981Z Prepare all required actions
end-workflow	Set up job	2025-09-23T19:24:04.8157159Z Getting action download info
end-workflow	Set up job	2025-09-23T19:24:05.4878469Z Download action repository 'actions/checkout@v4' (SHA:08eba0b27e820071cde6df949e0beb9ba4906955)
end-workflow	Set up job	2025-09-23T19:24:06.4193490Z Complete job name: end-workflow
end-workflow	Checkout code	ï»¿2025-09-23T19:24:06.5044768Z ##[group]Run actions/checkout@v4
end-workflow	Checkout code	2025-09-23T19:24:06.5046238Z with:
end-workflow	Checkout code	2025-09-23T19:24:06.5046872Z   fetch-depth: 0
end-workflow	Checkout code	2025-09-23T19:24:06.5047787Z   token: ***
end-workflow	Checkout code	2025-09-23T19:24:06.5048342Z   repository: Ka0s-Klaus/ka0s
end-workflow	Checkout code	2025-09-23T19:24:06.5048990Z   ssh-strict: true
end-workflow	Checkout code	2025-09-23T19:24:06.5049542Z   ssh-user: git
end-workflow	Checkout code	2025-09-23T19:24:06.5050347Z   persist-credentials: true
end-workflow	Checkout code	2025-09-23T19:24:06.5050978Z   clean: true
end-workflow	Checkout code	2025-09-23T19:24:06.5051546Z   sparse-checkout-cone-mode: true
end-workflow	Checkout code	2025-09-23T19:24:06.5052221Z   fetch-tags: false
end-workflow	Checkout code	2025-09-23T19:24:06.5052797Z   show-progress: true
end-workflow	Checkout code	2025-09-23T19:24:06.5053374Z   lfs: false
end-workflow	Checkout code	2025-09-23T19:24:06.5053915Z   submodules: false
end-workflow	Checkout code	2025-09-23T19:24:06.5054496Z   set-safe-directory: true
end-workflow	Checkout code	2025-09-23T19:24:06.5055460Z env:
end-workflow	Checkout code	2025-09-23T19:24:06.5056240Z   GITHUB_TOKEN: ***
end-workflow	Checkout code	2025-09-23T19:24:06.5056862Z   KAOS_MODULE: [Ka0s] Delete Swarm Runners
end-workflow	Checkout code	2025-09-23T19:24:06.5057585Z   KAOS_CODE: 17956787579
end-workflow	Checkout code	2025-09-23T19:24:06.5058350Z   GH_TOKEN: ***
end-workflow	Checkout code	2025-09-23T19:24:06.5058905Z ##[endgroup]
end-workflow	Checkout code	2025-09-23T19:24:06.6741357Z Syncing repository: Ka0s-Klaus/ka0s
end-workflow	Checkout code	2025-09-23T19:24:06.6745302Z ##[group]Getting Git version info
end-workflow	Checkout code	2025-09-23T19:24:06.6747155Z Working directory is '/home/runner/_work/ka0s/ka0s'
end-workflow	Checkout code	2025-09-23T19:24:06.6749969Z [command]/usr/bin/git version
end-workflow	Checkout code	2025-09-23T19:24:06.6751341Z git version 2.51.0
end-workflow	Checkout code	2025-09-23T19:24:06.6771462Z ##[endgroup]
end-workflow	Checkout code	2025-09-23T19:24:06.6799408Z Temporarily overriding HOME='/home/runner/_work/_temp/ee221393-6b93-4513-99fa-ff19abddec80' before making global git config changes
end-workflow	Checkout code	2025-09-23T19:24:06.6803767Z Adding repository directory to the temporary git global config as a safe directory
end-workflow	Checkout code	2025-09-23T19:24:06.6811836Z [command]/usr/bin/git config --global --add safe.directory /home/runner/_work/ka0s/ka0s
end-workflow	Checkout code	2025-09-23T19:24:06.6870465Z Deleting the contents of '/home/runner/_work/ka0s/ka0s'
end-workflow	Checkout code	2025-09-23T19:24:06.6875618Z ##[group]Initializing the repository
end-workflow	Checkout code	2025-09-23T19:24:06.6883265Z [command]/usr/bin/git init /home/runner/_work/ka0s/ka0s
end-workflow	Checkout code	2025-09-23T19:24:06.6939949Z hint: Using 'master' as the name for the initial branch. This default branch name
end-workflow	Checkout code	2025-09-23T19:24:06.6943145Z hint: is subject to change. To configure the initial branch name to use in all
end-workflow	Checkout code	2025-09-23T19:24:06.6946000Z hint: of your new repositories, which will suppress this warning, call:
end-workflow	Checkout code	2025-09-23T19:24:06.6947005Z hint:
end-workflow	Checkout code	2025-09-23T19:24:06.6947724Z hint: 	git config --global init.defaultBranch <name>
end-workflow	Checkout code	2025-09-23T19:24:06.6948558Z hint:
end-workflow	Checkout code	2025-09-23T19:24:06.6950491Z hint: Names commonly chosen instead of 'master' are 'main', 'trunk' and
end-workflow	Checkout code	2025-09-23T19:24:06.6952000Z hint: 'development'. The just-created branch can be renamed via this command:
end-workflow	Checkout code	2025-09-23T19:24:06.6953022Z hint:
end-workflow	Checkout code	2025-09-23T19:24:06.6953583Z hint: 	git branch -m <name>
end-workflow	Checkout code	2025-09-23T19:24:06.6954250Z hint:
end-workflow	Checkout code	2025-09-23T19:24:06.6955141Z hint: Disable this message with "git config set advice.defaultBranchName false"
end-workflow	Checkout code	2025-09-23T19:24:06.6956614Z Initialized empty Git repository in /home/runner/_work/ka0s/ka0s/.git/
end-workflow	Checkout code	2025-09-23T19:24:06.6960393Z [command]/usr/bin/git remote add origin https://github.com/Ka0s-Klaus/ka0s
end-workflow	Checkout code	2025-09-23T19:24:06.7003591Z ##[endgroup]
end-workflow	Checkout code	2025-09-23T19:24:06.7005231Z ##[group]Disabling automatic garbage collection
end-workflow	Checkout code	2025-09-23T19:24:06.7009382Z [command]/usr/bin/git config --local gc.auto 0
end-workflow	Checkout code	2025-09-23T19:24:06.7051487Z ##[endgroup]
end-workflow	Checkout code	2025-09-23T19:24:06.7053193Z ##[group]Setting up auth
end-workflow	Checkout code	2025-09-23T19:24:06.7062461Z [command]/usr/bin/git config --local --name-only --get-regexp core\.sshCommand
end-workflow	Checkout code	2025-09-23T19:24:06.7113191Z [command]/usr/bin/git submodule foreach --recursive sh -c "git config --local --name-only --get-regexp 'core\.sshCommand' && git config --local --unset-all 'core.sshCommand' || :"
end-workflow	Checkout code	2025-09-23T19:24:06.7446666Z [command]/usr/bin/git config --local --name-only --get-regexp http\.https\:\/\/github\.com\/\.extraheader
end-workflow	Checkout code	2025-09-23T19:24:06.7493051Z [command]/usr/bin/git submodule foreach --recursive sh -c "git config --local --name-only --get-regexp 'http\.https\:\/\/github\.com\/\.extraheader' && git config --local --unset-all 'http.https://github.com/.extraheader' || :"
end-workflow	Checkout code	2025-09-23T19:24:06.7831145Z [command]/usr/bin/git config --local http.https://github.com/.extraheader AUTHORIZATION: basic ***
end-workflow	Checkout code	2025-09-23T19:24:06.7884341Z ##[endgroup]
end-workflow	Checkout code	2025-09-23T19:24:06.7886228Z ##[group]Fetching the repository
end-workflow	Checkout code	2025-09-23T19:24:06.7900025Z [command]/usr/bin/git -c protocol.version=2 fetch --prune --no-recurse-submodules origin +refs/heads/*:refs/remotes/origin/* +refs/tags/*:refs/tags/*
end-workflow	Checkout code	2025-09-23T19:24:19.5326536Z From https://github.com/Ka0s-Klaus/ka0s
end-workflow	Checkout code	2025-09-23T19:24:19.5328207Z  * [new branch]        F1149-desarrollo-de-orchestrator -> origin/F1149-desarrollo-de-orchestrator
end-workflow	Checkout code	2025-09-23T19:24:19.5330921Z  * [new branch]        F1183-personalizaciÃ³n-mÃ³dulo-finops -> origin/F1183-personalizaciÃ³n-mÃ³dulo-finops
end-workflow	Checkout code	2025-09-23T19:24:19.5332956Z  * [new branch]        F1224-new-module-mongodb -> origin/F1224-new-module-mongodb
end-workflow	Checkout code	2025-09-23T19:24:19.5334415Z  * [new branch]        F220-web-de-resultados  -> origin/F220-web-de-resultados
end-workflow	Checkout code	2025-09-23T19:24:19.5336468Z  * [new branch]        F227-despliegue-de-kube-independiente-del-clouder -> origin/F227-despliegue-de-kube-independiente-del-clouder
end-workflow	Checkout code	2025-09-23T19:24:19.5338971Z  * [new branch]        F329-documentacion-metodologia-de-kaos -> origin/F329-documentacion-metodologia-de-kaos
end-workflow	Checkout code	2025-09-23T19:24:19.5341366Z  * [new branch]        F44-creaciÃ³n-mÃ³dulo-versionado -> origin/F44-creaciÃ³n-mÃ³dulo-versionado
end-workflow	Checkout code	2025-09-23T19:24:19.5343318Z  * [new branch]        H1128-mÃ³dulo-de-observabilidad -> origin/H1128-mÃ³dulo-de-observabilidad
end-workflow	Checkout code	2025-09-23T19:24:19.5345044Z  * [new branch]        H1139-como-instalar-arc-control -> origin/H1139-como-instalar-arc-control
end-workflow	Checkout code	2025-09-23T19:24:19.5346818Z  * [new branch]        H1149-desarrollo-de-orchestrator -> origin/H1149-desarrollo-de-orchestrator
end-workflow	Checkout code	2025-09-23T19:24:19.5348638Z  * [new branch]        H1150-desarrollo-de-secciones -> origin/H1150-desarrollo-de-secciones
end-workflow	Checkout code	2025-09-23T19:24:19.5350649Z  * [new branch]        H1151-desarrollo-de-secciones-ii -> origin/H1151-desarrollo-de-secciones-ii
end-workflow	Checkout code	2025-09-23T19:24:19.5352432Z  * [new branch]        H1152-desarrollo-inicio -> origin/H1152-desarrollo-inicio
end-workflow	Checkout code	2025-09-23T19:24:19.5467704Z  * [new branch]        H1183-personalizaciÃ³n-mÃ³dulo-finops -> origin/H1183-personalizaciÃ³n-mÃ³dulo-finops
end-workflow	Checkout code	2025-09-23T19:24:19.5470920Z  * [new branch]        H1193-ejemplo-web-documentacion -> origin/H1193-ejemplo-web-documentacion
end-workflow	Checkout code	2025-09-23T19:24:19.5473298Z  * [new branch]        H1205-web-creation      -> origin/H1205-web-creation
end-workflow	Checkout code	2025-09-23T19:24:19.5475414Z  * [new branch]        H1224-new-module-mongodb -> origin/H1224-new-module-mongodb
end-workflow	Checkout code	2025-09-23T19:24:19.5477536Z  * [new branch]        H1410-modulo-execution  -> origin/H1410-modulo-execution
end-workflow	Checkout code	2025-09-23T19:24:19.5481265Z  * [new branch]        H1514-new-swarm-deployment-stack-with-actions-runners-autoscale -> origin/H1514-new-swarm-deployment-stack-with-actions-runners-autoscale
end-workflow	Checkout code	2025-09-23T19:24:19.5484965Z  * [new branch]        H215-modulo-de-summary  -> origin/H215-modulo-de-summary
end-workflow	Checkout code	2025-09-23T19:24:19.5486975Z  * [new branch]        H220-web-de-resultados  -> origin/H220-web-de-resultados
end-workflow	Checkout code	2025-09-23T19:24:19.5490696Z  * [new branch]        H227-despliegue-de-kube-independiente-del-clouder -> origin/H227-despliegue-de-kube-independiente-del-clouder
end-workflow	Checkout code	2025-09-23T19:24:19.5494049Z  * [new branch]        H306-ficheros-de-estadisticas -> origin/H306-ficheros-de-estadisticas
end-workflow	Checkout code	2025-09-23T19:24:19.5497176Z  * [new branch]        H328-documentacion-modulo-principal-de-kaos -> origin/H328-documentacion-modulo-principal-de-kaos
end-workflow	Checkout code	2025-09-23T19:24:19.5501073Z  * [new branch]        H329-documentacion-metodologia-de-kaos -> origin/H329-documentacion-metodologia-de-kaos
end-workflow	Checkout code	2025-09-23T19:24:19.5504279Z  * [new branch]        H338-relanzador-de-jobs-en-caso-de-pattern -> origin/H338-relanzador-de-jobs-en-caso-de-pattern
end-workflow	Checkout code	2025-09-23T19:24:19.5507375Z  * [new branch]        H38-documentacion-basica-del-proyecto -> origin/H38-documentacion-basica-del-proyecto
end-workflow	Checkout code	2025-09-23T19:24:19.5510973Z  * [new branch]        H44-creaciÃ³n-mÃ³dulo-versionado -> origin/H44-creaciÃ³n-mÃ³dulo-versionado
end-workflow	Checkout code	2025-09-23T19:24:19.5514400Z  * [new branch]        RN1149-desarrollo-de-orchestrator -> origin/RN1149-desarrollo-de-orchestrator
end-workflow	Checkout code	2025-09-23T19:24:19.5517724Z  * [new branch]        RN1183-personalizaciÃ³n-mÃ³dulo-finops -> origin/RN1183-personalizaciÃ³n-mÃ³dulo-finops
end-workflow	Checkout code	2025-09-23T19:24:19.5522031Z  * [new branch]        RN1282-ka0s-error-detected-in-ka0s-workflow-statistics-summary -> origin/RN1282-ka0s-error-detected-in-ka0s-workflow-statistics-summary
end-workflow	Checkout code	2025-09-23T19:24:19.5525324Z  * [new branch]        RN220-web-de-resultados -> origin/RN220-web-de-resultados
end-workflow	Checkout code	2025-09-23T19:24:19.5528426Z  * [new branch]        RN227-despliegue-de-kube-independiente-del-clouder -> origin/RN227-despliegue-de-kube-independiente-del-clouder
end-workflow	Checkout code	2025-09-23T19:24:19.5532330Z  * [new branch]        RN329-documentacion-metodologia-de-kaos -> origin/RN329-documentacion-metodologia-de-kaos
end-workflow	Checkout code	2025-09-23T19:24:19.5534810Z  * [new branch]        main                    -> origin/main
end-workflow	Checkout code	2025-09-23T19:24:19.5536352Z  * [new tag]           0.0.0                   -> 0.0.0
end-workflow	Checkout code	2025-09-23T19:24:19.5537811Z  * [new tag]           0.0.1                   -> 0.0.1
end-workflow	Checkout code	2025-09-23T19:24:19.5539369Z  * [new tag]           0.0.10                  -> 0.0.10
end-workflow	Checkout code	2025-09-23T19:24:19.5541551Z  * [new tag]           0.0.100                 -> 0.0.100
end-workflow	Checkout code	2025-09-23T19:24:19.5542123Z  * [new tag]           0.0.101                 -> 0.0.101
end-workflow	Checkout code	2025-09-23T19:24:19.5542613Z  * [new tag]           0.0.102                 -> 0.0.102
end-workflow	Checkout code	2025-09-23T19:24:19.5543099Z  * [new tag]           0.0.103                 -> 0.0.103
end-workflow	Checkout code	2025-09-23T19:24:19.5543577Z  * [new tag]           0.0.104                 -> 0.0.104
end-workflow	Checkout code	2025-09-23T19:24:19.5544053Z  * [new tag]           0.0.105                 -> 0.0.105
end-workflow	Checkout code	2025-09-23T19:24:19.5544532Z  * [new tag]           0.0.106                 -> 0.0.106
end-workflow	Checkout code	2025-09-23T19:24:19.5545010Z  * [new tag]           0.0.107                 -> 0.0.107
end-workflow	Checkout code	2025-09-23T19:24:19.5545487Z  * [new tag]           0.0.108                 -> 0.0.108
end-workflow	Checkout code	2025-09-23T19:24:19.5546003Z  * [new tag]           0.0.109                 -> 0.0.109
end-workflow	Checkout code	2025-09-23T19:24:19.5546531Z  * [new tag]           0.0.11                  -> 0.0.11
end-workflow	Checkout code	2025-09-23T19:24:19.5547016Z  * [new tag]           0.0.110                 -> 0.0.110
end-workflow	Checkout code	2025-09-23T19:24:19.5547494Z  * [new tag]           0.0.111                 -> 0.0.111
end-workflow	Checkout code	2025-09-23T19:24:19.5547975Z  * [new tag]           0.0.112                 -> 0.0.112
end-workflow	Checkout code	2025-09-23T19:24:19.5548470Z  * [new tag]           0.0.113                 -> 0.0.113
end-workflow	Checkout code	2025-09-23T19:24:19.5548956Z  * [new tag]           0.0.114                 -> 0.0.114
end-workflow	Checkout code	2025-09-23T19:24:19.5549447Z  * [new tag]           0.0.115                 -> 0.0.115
end-workflow	Checkout code	2025-09-23T19:24:19.5550122Z  * [new tag]           0.0.116                 -> 0.0.116
end-workflow	Checkout code	2025-09-23T19:24:19.5550628Z  * [new tag]           0.0.117                 -> 0.0.117
end-workflow	Checkout code	2025-09-23T19:24:19.5551117Z  * [new tag]           0.0.118                 -> 0.0.118
end-workflow	Checkout code	2025-09-23T19:24:19.5551610Z  * [new tag]           0.0.119                 -> 0.0.119
end-workflow	Checkout code	2025-09-23T19:24:19.5552122Z  * [new tag]           0.0.12                  -> 0.0.12
end-workflow	Checkout code	2025-09-23T19:24:19.5552900Z  * [new tag]           0.0.120                 -> 0.0.120
end-workflow	Checkout code	2025-09-23T19:24:19.5553394Z  * [new tag]           0.0.121                 -> 0.0.121
end-workflow	Checkout code	2025-09-23T19:24:19.5553882Z  * [new tag]           0.0.122                 -> 0.0.122
end-workflow	Checkout code	2025-09-23T19:24:19.5554370Z  * [new tag]           0.0.123                 -> 0.0.123
end-workflow	Checkout code	2025-09-23T19:24:19.5554892Z  * [new tag]           0.0.124                 -> 0.0.124
end-workflow	Checkout code	2025-09-23T19:24:19.5555645Z  * [new tag]           0.0.125                 -> 0.0.125
end-workflow	Checkout code	2025-09-23T19:24:19.5556142Z  * [new tag]           0.0.126                 -> 0.0.126
end-workflow	Checkout code	2025-09-23T19:24:19.5556637Z  * [new tag]           0.0.127                 -> 0.0.127
end-workflow	Checkout code	2025-09-23T19:24:19.5557127Z  * [new tag]           0.0.128                 -> 0.0.128
end-workflow	Checkout code	2025-09-23T19:24:19.5557642Z  * [new tag]           0.0.129                 -> 0.0.129
end-workflow	Checkout code	2025-09-23T19:24:19.5559146Z  * [new tag]           0.0.13                  -> 0.0.13
end-workflow	Checkout code	2025-09-23T19:24:19.5560148Z  * [new tag]           0.0.130                 -> 0.0.130
end-workflow	Checkout code	2025-09-23T19:24:19.5560669Z  * [new tag]           0.0.131                 -> 0.0.131
end-workflow	Checkout code	2025-09-23T19:24:19.5561164Z  * [new tag]           0.0.132                 -> 0.0.132
end-workflow	Checkout code	2025-09-23T19:24:19.5561663Z  * [new tag]           0.0.133                 -> 0.0.133
end-workflow	Checkout code	2025-09-23T19:24:19.5562152Z  * [new tag]           0.0.134                 -> 0.0.134
end-workflow	Checkout code	2025-09-23T19:24:19.5562646Z  * [new tag]           0.0.135                 -> 0.0.135
end-workflow	Checkout code	2025-09-23T19:24:19.5563145Z  * [new tag]           0.0.136                 -> 0.0.136
end-workflow	Checkout code	2025-09-23T19:24:19.5563634Z  * [new tag]           0.0.137                 -> 0.0.137
end-workflow	Checkout code	2025-09-23T19:24:19.5564156Z  * [new tag]           0.0.138                 -> 0.0.138
end-workflow	Checkout code	2025-09-23T19:24:19.5564655Z  * [new tag]           0.0.139                 -> 0.0.139
end-workflow	Checkout code	2025-09-23T19:24:19.5565150Z  * [new tag]           0.0.14                  -> 0.0.14
end-workflow	Checkout code	2025-09-23T19:24:19.5565643Z  * [new tag]           0.0.140                 -> 0.0.140
end-workflow	Checkout code	2025-09-23T19:24:19.5566150Z  * [new tag]           0.0.141                 -> 0.0.141
end-workflow	Checkout code	2025-09-23T19:24:19.5566654Z  * [new tag]           0.0.142                 -> 0.0.142
end-workflow	Checkout code	2025-09-23T19:24:19.5567144Z  * [new tag]           0.0.143                 -> 0.0.143
end-workflow	Checkout code	2025-09-23T19:24:19.5567635Z  * [new tag]           0.0.144                 -> 0.0.144
end-workflow	Checkout code	2025-09-23T19:24:19.5568127Z  * [new tag]           0.0.145                 -> 0.0.145
end-workflow	Checkout code	2025-09-23T19:24:19.5568623Z  * [new tag]           0.0.146                 -> 0.0.146
end-workflow	Checkout code	2025-09-23T19:24:19.5569109Z  * [new tag]           0.0.147                 -> 0.0.147
end-workflow	Checkout code	2025-09-23T19:24:19.5569716Z  * [new tag]           0.0.148                 -> 0.0.148
end-workflow	Checkout code	2025-09-23T19:24:19.5570234Z  * [new tag]           0.0.149                 -> 0.0.149
end-workflow	Checkout code	2025-09-23T19:24:19.5570730Z  * [new tag]           0.0.15                  -> 0.0.15
end-workflow	Checkout code	2025-09-23T19:24:19.5571244Z  * [new tag]           0.0.150                 -> 0.0.150
end-workflow	Checkout code	2025-09-23T19:24:19.5571738Z  * [new tag]           0.0.151                 -> 0.0.151
end-workflow	Checkout code	2025-09-23T19:24:19.5572247Z  * [new tag]           0.0.152                 -> 0.0.152
end-workflow	Checkout code	2025-09-23T19:24:19.5572746Z  * [new tag]           0.0.153                 -> 0.0.153
end-workflow	Checkout code	2025-09-23T19:24:19.5573242Z  * [new tag]           0.0.154                 -> 0.0.154
end-workflow	Checkout code	2025-09-23T19:24:19.5573738Z  * [new tag]           0.0.155                 -> 0.0.155
end-workflow	Checkout code	2025-09-23T19:24:19.5574228Z  * [new tag]           0.0.156                 -> 0.0.156
end-workflow	Checkout code	2025-09-23T19:24:19.5574725Z  * [new tag]           0.0.157                 -> 0.0.157
end-workflow	Checkout code	2025-09-23T19:24:19.5575214Z  * [new tag]           0.0.158                 -> 0.0.158
end-workflow	Checkout code	2025-09-23T19:24:19.5575703Z  * [new tag]           0.0.159                 -> 0.0.159
end-workflow	Checkout code	2025-09-23T19:24:19.5576196Z  * [new tag]           0.0.16                  -> 0.0.16
end-workflow	Checkout code	2025-09-23T19:24:19.5577068Z  * [new tag]           0.0.160                 -> 0.0.160
end-workflow	Checkout code	2025-09-23T19:24:19.5577565Z  * [new tag]           0.0.161                 -> 0.0.161
end-workflow	Checkout code	2025-09-23T19:24:19.5578061Z  * [new tag]           0.0.162                 -> 0.0.162
end-workflow	Checkout code	2025-09-23T19:24:19.5578760Z  * [new tag]           0.0.163                 -> 0.0.163
end-workflow	Checkout code	2025-09-23T19:24:19.5579255Z  * [new tag]           0.0.164                 -> 0.0.164
end-workflow	Checkout code	2025-09-23T19:24:19.5579849Z  * [new tag]           0.0.165                 -> 0.0.165
end-workflow	Checkout code	2025-09-23T19:24:19.5580346Z  * [new tag]           0.0.166                 -> 0.0.166
end-workflow	Checkout code	2025-09-23T19:24:19.5580834Z  * [new tag]           0.0.167                 -> 0.0.167
end-workflow	Checkout code	2025-09-23T19:24:19.5581328Z  * [new tag]           0.0.168                 -> 0.0.168
end-workflow	Checkout code	2025-09-23T19:24:19.5581815Z  * [new tag]           0.0.169                 -> 0.0.169
end-workflow	Checkout code	2025-09-23T19:24:19.5582315Z  * [new tag]           0.0.17                  -> 0.0.17
end-workflow	Checkout code	2025-09-23T19:24:19.5582804Z  * [new tag]           0.0.170                 -> 0.0.170
end-workflow	Checkout code	2025-09-23T19:24:19.5583289Z  * [new tag]           0.0.171                 -> 0.0.171
end-workflow	Checkout code	2025-09-23T19:24:19.5583777Z  * [new tag]           0.0.172                 -> 0.0.172
end-workflow	Checkout code	2025-09-23T19:24:19.5584452Z  * [new tag]           0.0.173                 -> 0.0.173
end-workflow	Checkout code	2025-09-23T19:24:19.5584958Z  * [new tag]           0.0.174                 -> 0.0.174
end-workflow	Checkout code	2025-09-23T19:24:19.5585448Z  * [new tag]           0.0.175                 -> 0.0.175
end-workflow	Checkout code	2025-09-23T19:24:19.5585937Z  * [new tag]           0.0.176                 -> 0.0.176
end-workflow	Checkout code	2025-09-23T19:24:19.5586427Z  * [new tag]           0.0.177                 -> 0.0.177
end-workflow	Checkout code	2025-09-23T19:24:19.5586911Z  * [new tag]           0.0.178                 -> 0.0.178
end-workflow	Checkout code	2025-09-23T19:24:19.5587399Z  * [new tag]           0.0.179                 -> 0.0.179
end-workflow	Checkout code	2025-09-23T19:24:19.5587895Z  * [new tag]           0.0.18                  -> 0.0.18
end-workflow	Checkout code	2025-09-23T19:24:19.5588380Z  * [new tag]           0.0.19                  -> 0.0.19
end-workflow	Checkout code	2025-09-23T19:24:19.5588863Z  * [new tag]           0.0.2                   -> 0.0.2
end-workflow	Checkout code	2025-09-23T19:24:19.5589347Z  * [new tag]           0.0.20                  -> 0.0.20
end-workflow	Checkout code	2025-09-23T19:24:19.5590021Z  * [new tag]           0.0.21                  -> 0.0.21
end-workflow	Checkout code	2025-09-23T19:24:19.5590521Z  * [new tag]           0.0.22                  -> 0.0.22
end-workflow	Checkout code	2025-09-23T19:24:19.5591010Z  * [new tag]           0.0.23                  -> 0.0.23
end-workflow	Checkout code	2025-09-23T19:24:19.5591491Z  * [new tag]           0.0.24                  -> 0.0.24
end-workflow	Checkout code	2025-09-23T19:24:19.5591970Z  * [new tag]           0.0.25                  -> 0.0.25
end-workflow	Checkout code	2025-09-23T19:24:19.5592494Z  * [new tag]           0.0.26                  -> 0.0.26
end-workflow	Checkout code	2025-09-23T19:24:19.5592969Z  * [new tag]           0.0.27                  -> 0.0.27
end-workflow	Checkout code	2025-09-23T19:24:19.5593445Z  * [new tag]           0.0.28                  -> 0.0.28
end-workflow	Checkout code	2025-09-23T19:24:19.5593917Z  * [new tag]           0.0.29                  -> 0.0.29
end-workflow	Checkout code	2025-09-23T19:24:19.5594396Z  * [new tag]           0.0.3                   -> 0.0.3
end-workflow	Checkout code	2025-09-23T19:24:19.5594871Z  * [new tag]           0.0.30                  -> 0.0.30
end-workflow	Checkout code	2025-09-23T19:24:19.5595342Z  * [new tag]           0.0.31                  -> 0.0.31
end-workflow	Checkout code	2025-09-23T19:24:19.5595825Z  * [new tag]           0.0.32                  -> 0.0.32
end-workflow	Checkout code	2025-09-23T19:24:19.5596321Z  * [new tag]           0.0.33                  -> 0.0.33
end-workflow	Checkout code	2025-09-23T19:24:19.5596819Z  * [new tag]           0.0.34                  -> 0.0.34
end-workflow	Checkout code	2025-09-23T19:24:19.5597297Z  * [new tag]           0.0.35                  -> 0.0.35
end-workflow	Checkout code	2025-09-23T19:24:19.5597775Z  * [new tag]           0.0.36                  -> 0.0.36
end-workflow	Checkout code	2025-09-23T19:24:19.5598253Z  * [new tag]           0.0.37                  -> 0.0.37
end-workflow	Checkout code	2025-09-23T19:24:19.5598727Z  * [new tag]           0.0.38                  -> 0.0.38
end-workflow	Checkout code	2025-09-23T19:24:19.5599206Z  * [new tag]           0.0.39                  -> 0.0.39
end-workflow	Checkout code	2025-09-23T19:24:19.5599849Z  * [new tag]           0.0.4                   -> 0.0.4
end-workflow	Checkout code	2025-09-23T19:24:19.5600343Z  * [new tag]           0.0.40                  -> 0.0.40
end-workflow	Checkout code	2025-09-23T19:24:19.5600819Z  * [new tag]           0.0.41                  -> 0.0.41
end-workflow	Checkout code	2025-09-23T19:24:19.5601304Z  * [new tag]           0.0.42                  -> 0.0.42
end-workflow	Checkout code	2025-09-23T19:24:19.5601783Z  * [new tag]           0.0.43                  -> 0.0.43
end-workflow	Checkout code	2025-09-23T19:24:19.5602266Z  * [new tag]           0.0.44                  -> 0.0.44
end-workflow	Checkout code	2025-09-23T19:24:19.5602942Z  * [new tag]           0.0.45                  -> 0.0.45
end-workflow	Checkout code	2025-09-23T19:24:19.5603418Z  * [new tag]           0.0.46                  -> 0.0.46
end-workflow	Checkout code	2025-09-23T19:24:19.5603886Z  * [new tag]           0.0.47                  -> 0.0.47
end-workflow	Checkout code	2025-09-23T19:24:19.5604365Z  * [new tag]           0.0.48                  -> 0.0.48
end-workflow	Checkout code	2025-09-23T19:24:19.5604842Z  * [new tag]           0.0.49                  -> 0.0.49
end-workflow	Checkout code	2025-09-23T19:24:19.5605316Z  * [new tag]           0.0.5                   -> 0.0.5
end-workflow	Checkout code	2025-09-23T19:24:19.5605792Z  * [new tag]           0.0.50                  -> 0.0.50
end-workflow	Checkout code	2025-09-23T19:24:19.5606268Z  * [new tag]           0.0.51                  -> 0.0.51
end-workflow	Checkout code	2025-09-23T19:24:19.5606741Z  * [new tag]           0.0.52                  -> 0.0.52
end-workflow	Checkout code	2025-09-23T19:24:19.5607215Z  * [new tag]           0.0.53                  -> 0.0.53
end-workflow	Checkout code	2025-09-23T19:24:19.5607694Z  * [new tag]           0.0.54                  -> 0.0.54
end-workflow	Checkout code	2025-09-23T19:24:19.5608354Z  * [new tag]           0.0.55                  -> 0.0.55
end-workflow	Checkout code	2025-09-23T19:24:19.5608843Z  * [new tag]           0.0.56                  -> 0.0.56
end-workflow	Checkout code	2025-09-23T19:24:19.5609323Z  * [new tag]           0.0.57                  -> 0.0.57
end-workflow	Checkout code	2025-09-23T19:24:19.5609948Z  * [new tag]           0.0.58                  -> 0.0.58
end-workflow	Checkout code	2025-09-23T19:24:19.5610440Z  * [new tag]           0.0.59                  -> 0.0.59
end-workflow	Checkout code	2025-09-23T19:24:19.5610912Z  * [new tag]           0.0.6                   -> 0.0.6
end-workflow	Checkout code	2025-09-23T19:24:19.5611389Z  * [new tag]           0.0.60                  -> 0.0.60
end-workflow	Checkout code	2025-09-23T19:24:19.5611870Z  * [new tag]           0.0.61                  -> 0.0.61
end-workflow	Checkout code	2025-09-23T19:24:19.5612344Z  * [new tag]           0.0.62                  -> 0.0.62
end-workflow	Checkout code	2025-09-23T19:24:19.5612828Z  * [new tag]           0.0.63                  -> 0.0.63
end-workflow	Checkout code	2025-09-23T19:24:19.5613310Z  * [new tag]           0.0.64                  -> 0.0.64
end-workflow	Checkout code	2025-09-23T19:24:19.5613789Z  * [new tag]           0.0.65                  -> 0.0.65
end-workflow	Checkout code	2025-09-23T19:24:19.5614279Z  * [new tag]           0.0.66                  -> 0.0.66
end-workflow	Checkout code	2025-09-23T19:24:19.5614771Z  * [new tag]           0.0.67                  -> 0.0.67
end-workflow	Checkout code	2025-09-23T19:24:19.5615251Z  * [new tag]           0.0.68                  -> 0.0.68
end-workflow	Checkout code	2025-09-23T19:24:19.5615725Z  * [new tag]           0.0.69                  -> 0.0.69
end-workflow	Checkout code	2025-09-23T19:24:19.5616205Z  * [new tag]           0.0.7                   -> 0.0.7
end-workflow	Checkout code	2025-09-23T19:24:19.5616682Z  * [new tag]           0.0.70                  -> 0.0.70
end-workflow	Checkout code	2025-09-23T19:24:19.5617164Z  * [new tag]           0.0.71                  -> 0.0.71
end-workflow	Checkout code	2025-09-23T19:24:19.5617641Z  * [new tag]           0.0.72                  -> 0.0.72
end-workflow	Checkout code	2025-09-23T19:24:19.5618123Z  * [new tag]           0.0.73                  -> 0.0.73
end-workflow	Checkout code	2025-09-23T19:24:19.5618597Z  * [new tag]           0.0.74                  -> 0.0.74
end-workflow	Checkout code	2025-09-23T19:24:19.5619074Z  * [new tag]           0.0.75                  -> 0.0.75
end-workflow	Checkout code	2025-09-23T19:24:19.5619648Z  * [new tag]           0.0.76                  -> 0.0.76
end-workflow	Checkout code	2025-09-23T19:24:19.5620147Z  * [new tag]           0.0.77                  -> 0.0.77
end-workflow	Checkout code	2025-09-23T19:24:19.5620635Z  * [new tag]           0.0.78                  -> 0.0.78
end-workflow	Checkout code	2025-09-23T19:24:19.5621152Z  * [new tag]           0.0.79                  -> 0.0.79
end-workflow	Checkout code	2025-09-23T19:24:19.5621669Z  * [new tag]           0.0.8                   -> 0.0.8
end-workflow	Checkout code	2025-09-23T19:24:19.5622151Z  * [new tag]           0.0.80                  -> 0.0.80
end-workflow	Checkout code	2025-09-23T19:24:19.5622631Z  * [new tag]           0.0.81                  -> 0.0.81
end-workflow	Checkout code	2025-09-23T19:24:19.5623118Z  * [new tag]           0.0.82                  -> 0.0.82
end-workflow	Checkout code	2025-09-23T19:24:19.5623623Z  * [new tag]           0.0.83                  -> 0.0.83
end-workflow	Checkout code	2025-09-23T19:24:19.5624108Z  * [new tag]           0.0.84                  -> 0.0.84
end-workflow	Checkout code	2025-09-23T19:24:19.5624593Z  * [new tag]           0.0.85                  -> 0.0.85
end-workflow	Checkout code	2025-09-23T19:24:19.5625071Z  * [new tag]           0.0.86                  -> 0.0.86
end-workflow	Checkout code	2025-09-23T19:24:19.5625556Z  * [new tag]           0.0.87                  -> 0.0.87
end-workflow	Checkout code	2025-09-23T19:24:19.5626228Z  * [new tag]           0.0.88                  -> 0.0.88
end-workflow	Checkout code	2025-09-23T19:24:19.5626705Z  * [new tag]           0.0.89                  -> 0.0.89
end-workflow	Checkout code	2025-09-23T19:24:19.5627180Z  * [new tag]           0.0.9                   -> 0.0.9
end-workflow	Checkout code	2025-09-23T19:24:19.5627657Z  * [new tag]           0.0.90                  -> 0.0.90
end-workflow	Checkout code	2025-09-23T19:24:19.5628139Z  * [new tag]           0.0.91                  -> 0.0.91
end-workflow	Checkout code	2025-09-23T19:24:19.5628620Z  * [new tag]           0.0.92                  -> 0.0.92
end-workflow	Checkout code	2025-09-23T19:24:19.5629095Z  * [new tag]           0.0.93                  -> 0.0.93
end-workflow	Checkout code	2025-09-23T19:24:19.5629656Z  * [new tag]           0.0.94                  -> 0.0.94
end-workflow	Checkout code	2025-09-23T19:24:19.5630157Z  * [new tag]           0.0.95                  -> 0.0.95
end-workflow	Checkout code	2025-09-23T19:24:19.5630631Z  * [new tag]           0.0.96                  -> 0.0.96
end-workflow	Checkout code	2025-09-23T19:24:19.5631107Z  * [new tag]           0.0.97                  -> 0.0.97
end-workflow	Checkout code	2025-09-23T19:24:19.5631800Z  * [new tag]           0.0.98                  -> 0.0.98
end-workflow	Checkout code	2025-09-23T19:24:19.5632292Z  * [new tag]           0.0.99                  -> 0.0.99
end-workflow	Checkout code	2025-09-23T19:24:19.5632763Z  * [new tag]           0.1.0                   -> 0.1.0
end-workflow	Checkout code	2025-09-23T19:24:19.5633240Z  * [new tag]           0.1.1                   -> 0.1.1
end-workflow	Checkout code	2025-09-23T19:24:19.5633718Z  * [new tag]           0.2.0                   -> 0.2.0
end-workflow	Checkout code	2025-09-23T19:24:19.5634186Z  * [new tag]           0.3.0                   -> 0.3.0
end-workflow	Checkout code	2025-09-23T19:24:19.5634662Z  * [new tag]           0.3.1                   -> 0.3.1
end-workflow	Checkout code	2025-09-23T19:24:19.5635140Z  * [new tag]           0.3.10                  -> 0.3.10
end-workflow	Checkout code	2025-09-23T19:24:19.5635615Z  * [new tag]           0.3.11                  -> 0.3.11
end-workflow	Checkout code	2025-09-23T19:24:19.5636096Z  * [new tag]           0.3.12                  -> 0.3.12
end-workflow	Checkout code	2025-09-23T19:24:19.5636577Z  * [new tag]           0.3.13                  -> 0.3.13
end-workflow	Checkout code	2025-09-23T19:24:19.5637053Z  * [new tag]           0.3.14                  -> 0.3.14
end-workflow	Checkout code	2025-09-23T19:24:19.5637537Z  * [new tag]           0.3.15                  -> 0.3.15
end-workflow	Checkout code	2025-09-23T19:24:19.5638026Z  * [new tag]           0.3.16                  -> 0.3.16
end-workflow	Checkout code	2025-09-23T19:24:19.5638500Z  * [new tag]           0.3.17                  -> 0.3.17
end-workflow	Checkout code	2025-09-23T19:24:19.5638973Z  * [new tag]           0.3.2                   -> 0.3.2
end-workflow	Checkout code	2025-09-23T19:24:19.5639451Z  * [new tag]           0.3.3                   -> 0.3.3
end-workflow	Checkout code	2025-09-23T19:24:19.5640109Z  * [new tag]           0.3.4                   -> 0.3.4
end-workflow	Checkout code	2025-09-23T19:24:19.5640595Z  * [new tag]           0.3.5                   -> 0.3.5
end-workflow	Checkout code	2025-09-23T19:24:19.5641064Z  * [new tag]           0.3.6                   -> 0.3.6
end-workflow	Checkout code	2025-09-23T19:24:19.5641537Z  * [new tag]           0.3.7                   -> 0.3.7
end-workflow	Checkout code	2025-09-23T19:24:19.5642003Z  * [new tag]           0.3.8                   -> 0.3.8
end-workflow	Checkout code	2025-09-23T19:24:19.5642471Z  * [new tag]           0.3.9                   -> 0.3.9
end-workflow	Checkout code	2025-09-23T19:24:19.5642958Z  * [new tag]           0.4.0                   -> 0.4.0
end-workflow	Checkout code	2025-09-23T19:24:19.5643442Z  * [new tag]           0.4.1                   -> 0.4.1
end-workflow	Checkout code	2025-09-23T19:24:19.5643926Z  * [new tag]           0.4.2                   -> 0.4.2
end-workflow	Checkout code	2025-09-23T19:24:19.5644394Z  * [new tag]           0.4.3                   -> 0.4.3
end-workflow	Checkout code	2025-09-23T19:24:19.5644866Z  * [new tag]           0.4.4                   -> 0.4.4
end-workflow	Checkout code	2025-09-23T19:24:19.5645338Z  * [new tag]           0.4.5                   -> 0.4.5
end-workflow	Checkout code	2025-09-23T19:24:19.5645806Z  * [new tag]           0.4.6                   -> 0.4.6
end-workflow	Checkout code	2025-09-23T19:24:19.5837623Z [command]/usr/bin/git branch --list --remote origin/main
end-workflow	Checkout code	2025-09-23T19:24:19.5913813Z   origin/main
end-workflow	Checkout code	2025-09-23T19:24:19.5927025Z [command]/usr/bin/git rev-parse refs/remotes/origin/main
end-workflow	Checkout code	2025-09-23T19:24:19.5957106Z 378316a224ba9c95d4dc2bc163b18939065bf997
end-workflow	Checkout code	2025-09-23T19:24:19.5965440Z ##[endgroup]
end-workflow	Checkout code	2025-09-23T19:24:19.5981374Z ##[group]Determining the checkout info
end-workflow	Checkout code	2025-09-23T19:24:19.5983387Z ##[endgroup]
end-workflow	Checkout code	2025-09-23T19:24:19.5983835Z [command]/usr/bin/git sparse-checkout disable
end-workflow	Checkout code	2025-09-23T19:24:19.6039069Z [command]/usr/bin/git config --local --unset-all extensions.worktreeConfig
end-workflow	Checkout code	2025-09-23T19:24:19.6076541Z ##[group]Checking out the ref
end-workflow	Checkout code	2025-09-23T19:24:19.6083614Z [command]/usr/bin/git checkout --progress --force -B main refs/remotes/origin/main
end-workflow	Checkout code	2025-09-23T19:24:20.5428401Z Switched to a new branch 'main'
end-workflow	Checkout code	2025-09-23T19:24:20.5440054Z branch 'main' set up to track 'origin/main'.
end-workflow	Checkout code	2025-09-23T19:24:20.5555931Z ##[endgroup]
end-workflow	Checkout code	2025-09-23T19:24:20.5613828Z [command]/usr/bin/git log -1 --format=%H
end-workflow	Checkout code	2025-09-23T19:24:20.5647214Z 378316a224ba9c95d4dc2bc163b18939065bf997
end-workflow	Finaliza el workflow	ï»¿2025-09-23T19:24:20.5991334Z ##[group]Run echo "End process"
end-workflow	Finaliza el workflow	2025-09-23T19:24:20.5992466Z [36;1mecho "End process"[0m
end-workflow	Finaliza el workflow	2025-09-23T19:24:20.5993693Z [36;1m# RNNUMBER=$(echo "refs/heads/main" | grep -o '[0-9]*')[0m
end-workflow	Finaliza el workflow	2025-09-23T19:24:20.5995253Z [36;1m# gh issue comment $RNNUMBER --body "Se finaliza Ka0s 17956787579"[0m
end-workflow	Finaliza el workflow	2025-09-23T19:24:20.5996672Z [36;1mecho "Se finaliza Ka0s 17956787579"[0m
end-workflow	Finaliza el workflow	2025-09-23T19:24:20.5998388Z [36;1mgh workflow run inspector.yml --ref 'main' -f kaos-workflow-id="17956787579" -f kaos-user-start=""[0m
end-workflow	Finaliza el workflow	2025-09-23T19:24:20.6021534Z shell: /usr/bin/bash -e {0}
end-workflow	Finaliza el workflow	2025-09-23T19:24:20.6032379Z env:
end-workflow	Finaliza el workflow	2025-09-23T19:24:20.6033152Z   GITHUB_TOKEN: ***
end-workflow	Finaliza el workflow	2025-09-23T19:24:20.6033463Z   KAOS_MODULE: [Ka0s] Delete Swarm Runners
end-workflow	Finaliza el workflow	2025-09-23T19:24:20.6033822Z   KAOS_CODE: 17956787579
end-workflow	Finaliza el workflow	2025-09-23T19:24:20.6034216Z   GH_TOKEN: ***
end-workflow	Finaliza el workflow	2025-09-23T19:24:20.6034477Z ##[endgroup]
end-workflow	Finaliza el workflow	2025-09-23T19:24:20.6117712Z End process
end-workflow	Finaliza el workflow	2025-09-23T19:24:20.6118465Z Se finaliza Ka0s 17956787579
end-workflow	Post Checkout code	ï»¿2025-09-23T19:24:21.5311483Z Post job cleanup.
end-workflow	Post Checkout code	2025-09-23T19:24:21.6656197Z [command]/usr/bin/git version
end-workflow	Post Checkout code	2025-09-23T19:24:21.6703968Z git version 2.51.0
end-workflow	Post Checkout code	2025-09-23T19:24:21.6771370Z Temporarily overriding HOME='/home/runner/_work/_temp/62e864d5-a93c-4b0a-8310-96680cfd50d2' before making global git config changes
end-workflow	Post Checkout code	2025-09-23T19:24:21.6774072Z Adding repository directory to the temporary git global config as a safe directory
end-workflow	Post Checkout code	2025-09-23T19:24:21.6778376Z [command]/usr/bin/git config --global --add safe.directory /home/runner/_work/ka0s/ka0s
end-workflow	Post Checkout code	2025-09-23T19:24:21.6839168Z [command]/usr/bin/git config --local --name-only --get-regexp core\.sshCommand
end-workflow	Post Checkout code	2025-09-23T19:24:21.6886221Z [command]/usr/bin/git submodule foreach --recursive sh -c "git config --local --name-only --get-regexp 'core\.sshCommand' && git config --local --unset-all 'core.sshCommand' || :"
end-workflow	Post Checkout code	2025-09-23T19:24:21.7245378Z [command]/usr/bin/git config --local --name-only --get-regexp http\.https\:\/\/github\.com\/\.extraheader
end-workflow	Post Checkout code	2025-09-23T19:24:21.7279915Z http.https://github.com/.extraheader
end-workflow	Post Checkout code	2025-09-23T19:24:21.7297164Z [command]/usr/bin/git config --local --unset-all http.https://github.com/.extraheader
end-workflow	Post Checkout code	2025-09-23T19:24:21.7344983Z [command]/usr/bin/git submodule foreach --recursive sh -c "git config --local --name-only --get-regexp 'http\.https\:\/\/github\.com\/\.extraheader' && git config --local --unset-all 'http.https://github.com/.extraheader' || :"
end-workflow	Complete job	ï»¿2025-09-23T19:24:21.7855691Z Cleaning up orphan processes
