job-core	Set up job	ï»¿2025-09-23T18:43:38.2977447Z Current runner version: '2.328.0'
job-core	Set up job	2025-09-23T18:43:38.2985055Z Runner name: '619cb6625b6b'
job-core	Set up job	2025-09-23T18:43:38.2986159Z Runner group name: 'swarm-runners'
job-core	Set up job	2025-09-23T18:43:38.2987418Z Machine name: '619cb6625b6b'
job-core	Set up job	2025-09-23T18:43:38.2991792Z ##[group]GITHUB_TOKEN Permissions
job-core	Set up job	2025-09-23T18:43:38.2994953Z Actions: write
job-core	Set up job	2025-09-23T18:43:38.2995763Z Contents: read
job-core	Set up job	2025-09-23T18:43:38.2996311Z Issues: write
job-core	Set up job	2025-09-23T18:43:38.2996971Z Metadata: read
job-core	Set up job	2025-09-23T18:43:38.2997476Z ##[endgroup]
job-core	Set up job	2025-09-23T18:43:38.2999916Z Secret source: Actions
job-core	Set up job	2025-09-23T18:43:38.3000914Z Prepare workflow directory
job-core	Set up job	2025-09-23T18:43:38.3549276Z Prepare all required actions
job-core	Set up job	2025-09-23T18:43:38.3610242Z Complete job name: job-core
job-core	Get Runners	ï»¿2025-09-23T18:43:38.4172752Z ##[group]Run # Crear el directorio para los resultados
job-core	Get Runners	2025-09-23T18:43:38.4173641Z [36;1m# Crear el directorio para los resultados[0m
job-core	Get Runners	2025-09-23T18:43:38.4174228Z [36;1mmkdir -p runner_results[0m
job-core	Get Runners	2025-09-23T18:43:38.4174707Z [36;1m[0m
job-core	Get Runners	2025-09-23T18:43:38.4175433Z [36;1m# Mostrar todos los grupos de runners de la organizaciÃ³n[0m
job-core	Get Runners	2025-09-23T18:43:38.4176942Z [36;1mecho "Grupos de runners disponibles:" | tee -a runner_results/delete_runners_report.txt[0m
job-core	Get Runners	2025-09-23T18:43:38.4177711Z [36;1mgh api \[0m
job-core	Get Runners	2025-09-23T18:43:38.4178175Z [36;1m  -H "Accept: application/vnd.github+json" \[0m
job-core	Get Runners	2025-09-23T18:43:38.4178791Z [36;1m  /orgs/Ka0s-Klaus/actions/runner-groups \[0m
job-core	Get Runners	2025-09-23T18:43:38.4179347Z [36;1m  --jq '.runner_groups[]'[0m
job-core	Get Runners	2025-09-23T18:43:38.4179816Z [36;1m[0m
job-core	Get Runners	2025-09-23T18:43:38.4180276Z [36;1m# Obtener la lista de runners del grupo especificado[0m
job-core	Get Runners	2025-09-23T18:43:38.4181344Z [36;1mecho "Obtener la lista de runners del grupo especificado: swarm-test-old" | tee -a runner_results/delete_runners_report.txt[0m
job-core	Get Runners	2025-09-23T18:43:38.4182354Z [36;1mRUNNERS=$(gh api \[0m
job-core	Get Runners	2025-09-23T18:43:38.4182881Z [36;1m  -H "Accept: application/vnd.github+json" \[0m
job-core	Get Runners	2025-09-23T18:43:38.4183467Z [36;1m  /orgs/Ka0s-Klaus/actions/runners \[0m
job-core	Get Runners	2025-09-23T18:43:38.4183991Z [36;1m  --paginate \[0m
job-core	Get Runners	2025-09-23T18:43:38.4184443Z [36;1m  --jq '.runners[] | .name'\[0m
job-core	Get Runners	2025-09-23T18:43:38.4184922Z [36;1m  | tr '\n' ',')[0m
job-core	Get Runners	2025-09-23T18:43:38.4186181Z [36;1m[0m
job-core	Get Runners	2025-09-23T18:43:38.4186557Z [36;1mecho "$RUNNERS" [0m
job-core	Get Runners	2025-09-23T18:43:38.4187011Z [36;1mif [ -n "$RUNNERS" ]; then[0m
job-core	Get Runners	2025-09-23T18:43:38.4187586Z [36;1m  echo "runner_names=$RUNNERS" >> $GITHUB_OUTPUT[0m
job-core	Get Runners	2025-09-23T18:43:38.4188219Z [36;1m  echo "Runners encontrados: $RUNNERS" [0m
job-core	Get Runners	2025-09-23T18:43:38.4188748Z [36;1melse[0m
job-core	Get Runners	2025-09-23T18:43:38.4189176Z [36;1m  echo "runner_names=" >> $GITHUB_OUTPUT[0m
job-core	Get Runners	2025-09-23T18:43:38.4189747Z [36;1m  echo "No se encontraron runners" [0m
job-core	Get Runners	2025-09-23T18:43:38.4190263Z [36;1mfi[0m
job-core	Get Runners	2025-09-23T18:43:38.4215216Z shell: /usr/bin/bash -e {0}
job-core	Get Runners	2025-09-23T18:43:38.4216241Z env:
job-core	Get Runners	2025-09-23T18:43:38.4217047Z   GITHUB_TOKEN: ***
job-core	Get Runners	2025-09-23T18:43:38.4217479Z   KAOS_MODULE: [Ka0s] Delete Swarm Runners
job-core	Get Runners	2025-09-23T18:43:38.4217974Z   KAOS_CODE: 17955867718
job-core	Get Runners	2025-09-23T18:43:38.4218377Z ##[endgroup]
job-core	Get Runners	2025-09-23T18:43:38.4432144Z Grupos de runners disponibles:
job-core	Get Runners	2025-09-23T18:43:38.8186340Z {"allows_public_repositories":false,"default":true,"hosted_runners_url":"https://api.github.com/orgs/Ka0s-Klaus/actions/runner-groups/1/hosted-runners","id":1,"inherited":false,"name":"Default","restricted_to_workflows":false,"runners_url":"https://api.github.com/orgs/Ka0s-Klaus/actions/runner-groups/1/runners","selected_workflows":[],"visibility":"all","workflow_restrictions_read_only":false}
job-core	Get Runners	2025-09-23T18:43:38.8194292Z {"allows_public_repositories":true,"default":false,"hosted_runners_url":"https://api.github.com/orgs/Ka0s-Klaus/actions/runner-groups/13/hosted-runners","id":13,"inherited":false,"name":"swarm-test-old","restricted_to_workflows":false,"runners_url":"https://api.github.com/orgs/Ka0s-Klaus/actions/runner-groups/13/runners","selected_repositories_url":"https://api.github.com/orgs/Ka0s-Klaus/actions/runner-groups/13/repositories","selected_workflows":[],"visibility":"selected","workflow_restrictions_read_only":false}
job-core	Get Runners	2025-09-23T18:43:38.8203155Z {"allows_public_repositories":true,"default":false,"hosted_runners_url":"https://api.github.com/orgs/Ka0s-Klaus/actions/runner-groups/14/hosted-runners","id":14,"inherited":false,"name":"swarm-runners","restricted_to_workflows":false,"runners_url":"https://api.github.com/orgs/Ka0s-Klaus/actions/runner-groups/14/runners","selected_repositories_url":"https://api.github.com/orgs/Ka0s-Klaus/actions/runner-groups/14/repositories","selected_workflows":[],"visibility":"selected","workflow_restrictions_read_only":false}
job-core	Get Runners	2025-09-23T18:43:38.8213244Z Obtener la lista de runners del grupo especificado: swarm-test-old
job-core	Get Runners	2025-09-23T18:43:40.3715925Z 01766f54179f,02c874731438,063dd49e6d36,048c4d28c18c,047db721b19c,0459e57db97c,0913af7e4c3a,0d09aa96590b,0963d0e77c19,0a214a6b5683,0d8b6a42e5ff,08cf4c22dfd7,0a83541c2220,0ad6c6d074e5,173f48abe644,0d94a58ff0b9,16d787e33bde,11b6046abff1,145480e6270c,1cfcf2301ae7,1e3e7ba4d8cd,1d28c1709302,103a6d2c34d0,15279d716f0a,10d173a2fefa,171d111ca8d0,1735f6e511bc,1bd0b4688a36,14fd140c9c59,19cc1e438183,316190dc586b,29b62d279107,239e40cab997,2f5c7febebe3,22d313448389,2c8acd1aa4e7,3314adfd2309,3044f5f4c7fb,2bb9889969aa,2a9c74aa53a5,34fe8768d091,2928e3ae5673,30a4266de7fc,224a4ab307fa,2fc07e8d7ed8,22be5aefc683,2b52c78c26af,2b108be8c915,34eb1b427b60,271f7a1b84d7,2cec761fd680,342f2bf103ca,23918f4bd657,215c26334034,2fba2bcb9129,2b3deaf42ace,2d5851a7e15b,30423d2d7ede,2c54efb5c7be,2b3bf7e51b56,2d4706f0c744,2531ed5cf6f9,48d802a5e05e,405a61ff5a7d,3c6e750ce84c,45bf479a01a6,3fef19cfe181,525e16c40371,40a224235cb2,4af634d12be1,4fde840f1b8b,465c75a6c7a7,45c6f8ecb7a9,42f42e70b1ec,386adf592004,3807103f4db1,3d89fd1c9d8c,3d7fbdb194a0,4cb4c9764b0e,47ca9af32b0c,52e7144ececf,541fd515ae64,4106256bf0ea,4e7baf27ce0a,44d36472d91f,473c2e275787,3f6a33253c8b,49434089fd58,44c543e89f4e,56274be3872c,3dd557778f36,41a1395917cd,5717165c652b,429e5c231477,485efe5187c7,373150f564a7,50621eaecded,3e6e2e66e9c4,3715a68d71a5,51a245e72a81,58025a5431b2,58c08359ba6c,5abb0698bd6e,59e642af1708,59f5e60adf7f,5a3cac187bf5,5ceac11ab67a,5c0aee8b5ccf,5c0c3fc15775,5e3fe8c6505d,5e2566f0e39b,5b96c832c382,5bbab2634b61,5baa6415d484,63c9629419a2,611af6787e2b,6669d6f6857c,67eb0df46c0c,6404980e7043,635c5294c777,67ab45f6add2,62900e294ffd,6246d8c557d6,65fa76402093,5f031b6c6f4d,65796e32aed2,6e803017be4b,6cb1ed62dd86,6c8420e6b671,619cb6625b6b,6f40e8240232,79cf1d5861c2,707a410cc835,74811d37f9af,756b4f778e02,75c0845929e5,74deb311660d,83d328fbec50,73f3c7256562,77e8ba16119c,7e256170c950,85752ac8e76c,7eeb9d4221d2,713f4093b24b,8314875cb714,8178ea528532,711907d2c8a3,7f6b92a68789,815c1f66bda3,86d5e02bb9a8,836f12411377,7e96a3c3269e,6e92ed135c55,7c2a1b481cbe,7e2f54c8158c,7356e29ed340,87a4470de6ed,71bf1d567ee7,7e5f503f4ec5,7e8e678958d2,75a148a9e258,80837a81747d,945016e5b77a,921b0d0b7699,9ddb3007a131,9d860eaa6519,948b90ed1518,a23489dad1a7,a2122d98857a,9821e7653fb0,946dbdccf764,9913ebfb82ee,9347b8f9791a,99736000a6ed,87ea49ea5602,8d9a4f0d6307,9ba0ddb21512,88475ad486c8,939f81aa0713,969392f9aee2,99cc2a6c1325,88e66b6cf18b,9a24bf7bc198,8d62a5cf09cf,98b3e89d0448,8a7db79146cb,a1a0d9222a25,8f52a28dc00c,a0fe5b4f1c5d,9c344b39b5d0,91e476637a40,89814e6c3030,9a11c6692a13,97919cc191c8,87b34b141663,9786b5b9e717,999661432fef,8929582d2581,975fa65f129f,9e2f71c6f230,a23d8940d3f4,a2cdbe73665e,a3b4249c832a,a3ab0273ed24,a65012b86c32,a2e0ea3c6515,a9a66893e6b9,a9ef887e0904,a760c454973f,a8e247d0fd2b,ab3103bb13b5,a8ef89396367,a89532fafe8e,aad756f01b6d,b5d1ef9250db,af9cfb330451,b0f3e6f6e2f2,ad3355b612e8,ae6f785f1636,b4a73b29f1e1,b46347b284a8,b4aa65fd8168,b4f2dc1ca985,b3c3db899a0a,ac8135910fb7,abfb3820cd05,b06dd1ff615c,b556c645c0a0,b5434781f3db,b258ac8a36d8,b9bcbd8c0b1d,c85a13acc386,bfadebc398c9,bc12dd677bfc,cc209dc896e4,bb523d3ad7a2,c08c6ead6e27,beb10e2f6a52,be365b24ee80,d23731e0b6c2,b91288f17e5b,bd51bea206e3,d139a967a0ec,b85f3fd2e173,c901454408df,bf8223726515,cff7aeb73249,cee320361eb4,be191ec5b7ea,bbd31c2f9412,d0dff4df93bc,cd5698c3c6a6,ca25804a1e91,ce5d90554da6,ccbebcca8a97,b7d40476e0ce,c630d106fa94,c1ec4e8d2e98,d2796124548c,c920be3314ae,c5c4d90e978c,d0c3bf8f3e30,dfd44aa64e00,df1128e06bd9,dea608fc6ad0,eb1b71308952,e91d5e18b428,e1b2fa6f9072,f06d30bb5a5a,ea64c9162d92,e31c467e8497,f5f61dfd674a,e81ef2305993,f22a5c3f8422,d99a5358860b,e50b8190d793,f701b078fa5f,f0be1d613f58,f3a52909802d,f69fe35fd7ed,d79bff9f152a,ecaba8e9ca30,d7f173ff2cff,dd9bda0bbf95,e4147c968a8a,dfc71e1551a2,e30b97f11678,eb7675d5201a,f72073389a49,dbfaa40c579d,f299e17982f5,f14f6d5d3a0f,f356cc345e2f,dbaebd7b78d5,eb409cda163f,eb9431b6e0b1,f238d09bd420,d4808bc7a06c,ee18c9390340,ec8d97c59d76,f77c59f54cd4,f78ac99f530c,f95647575c47,f9dcfc1dd594,f866b92b5be5,f8359686f144,fb6f6504ca67,fb502fbe798d,fd8e3b0e0c3c,fe8106062893,fdcf4baf1efd,ff0b44941d04,fcf22abc2281,fc54d160814c,ff9a4133e942,ff26970b16c1,ffbb626c35da,
job-core	Get Runners	2025-09-23T18:43:40.3890043Z Runners encontrados: 01766f54179f,02c874731438,063dd49e6d36,048c4d28c18c,047db721b19c,0459e57db97c,0913af7e4c3a,0d09aa96590b,0963d0e77c19,0a214a6b5683,0d8b6a42e5ff,08cf4c22dfd7,0a83541c2220,0ad6c6d074e5,173f48abe644,0d94a58ff0b9,16d787e33bde,11b6046abff1,145480e6270c,1cfcf2301ae7,1e3e7ba4d8cd,1d28c1709302,103a6d2c34d0,15279d716f0a,10d173a2fefa,171d111ca8d0,1735f6e511bc,1bd0b4688a36,14fd140c9c59,19cc1e438183,316190dc586b,29b62d279107,239e40cab997,2f5c7febebe3,22d313448389,2c8acd1aa4e7,3314adfd2309,3044f5f4c7fb,2bb9889969aa,2a9c74aa53a5,34fe8768d091,2928e3ae5673,30a4266de7fc,224a4ab307fa,2fc07e8d7ed8,22be5aefc683,2b52c78c26af,2b108be8c915,34eb1b427b60,271f7a1b84d7,2cec761fd680,342f2bf103ca,23918f4bd657,215c26334034,2fba2bcb9129,2b3deaf42ace,2d5851a7e15b,30423d2d7ede,2c54efb5c7be,2b3bf7e51b56,2d4706f0c744,2531ed5cf6f9,48d802a5e05e,405a61ff5a7d,3c6e750ce84c,45bf479a01a6,3fef19cfe181,525e16c40371,40a224235cb2,4af634d12be1,4fde840f1b8b,465c75a6c7a7,45c6f8ecb7a9,42f42e70b1ec,386adf592004,3807103f4db1,3d89fd1c9d8c,3d7fbdb194a0,4cb4c9764b0e,47ca9af32b0c,52e7144ececf,541fd515ae64,4106256bf0ea,4e7baf27ce0a,44d36472d91f,473c2e275787,3f6a33253c8b,49434089fd58,44c543e89f4e,56274be3872c,3dd557778f36,41a1395917cd,5717165c652b,429e5c231477,485efe5187c7,373150f564a7,50621eaecded,3e6e2e66e9c4,3715a68d71a5,51a245e72a81,58025a5431b2,58c08359ba6c,5abb0698bd6e,59e642af1708,59f5e60adf7f,5a3cac187bf5,5ceac11ab67a,5c0aee8b5ccf,5c0c3fc15775,5e3fe8c6505d,5e2566f0e39b,5b96c832c382,5bbab2634b61,5baa6415d484,63c9629419a2,611af6787e2b,6669d6f6857c,67eb0df46c0c,6404980e7043,635c5294c777,67ab45f6add2,62900e294ffd,6246d8c557d6,65fa76402093,5f031b6c6f4d,65796e32aed2,6e803017be4b,6cb1ed62dd86,6c8420e6b671,619cb6625b6b,6f40e8240232,79cf1d5861c2,707a410cc835,74811d37f9af,756b4f778e02,75c0845929e5,74deb311660d,83d328fbec50,73f3c7256562,77e8ba16119c,7e256170c950,85752ac8e76c,7eeb9d4221d2,713f4093b24b,8314875cb714,8178ea528532,711907d2c8a3,7f6b92a68789,815c1f66bda3,86d5e02bb9a8,836f12411377,7e96a3c3269e,6e92ed135c55,7c2a1b481cbe,7e2f54c8158c,7356e29ed340,87a4470de6ed,71bf1d567ee7,7e5f503f4ec5,7e8e678958d2,75a148a9e258,80837a81747d,945016e5b77a,921b0d0b7699,9ddb3007a131,9d860eaa6519,948b90ed1518,a23489dad1a7,a2122d98857a,9821e7653fb0,946dbdccf764,9913ebfb82ee,9347b8f9791a,99736000a6ed,87ea49ea5602,8d9a4f0d6307,9ba0ddb21512,88475ad486c8,939f81aa0713,969392f9aee2,99cc2a6c1325,88e66b6cf18b,9a24bf7bc198,8d62a5cf09cf,98b3e89d0448,8a7db79146cb,a1a0d9222a25,8f52a28dc00c,a0fe5b4f1c5d,9c344b39b5d0,91e476637a40,89814e6c3030,9a11c6692a13,97919cc191c8,87b34b141663,9786b5b9e717,999661432fef,8929582d2581,975fa65f129f,9e2f71c6f230,a23d8940d3f4,a2cdbe73665e,a3b4249c832a,a3ab0273ed24,a65012b86c32,a2e0ea3c6515,a9a66893e6b9,a9ef887e0904,a760c454973f,a8e247d0fd2b,ab3103bb13b5,a8ef89396367,a89532fafe8e,aad756f01b6d,b5d1ef9250db,af9cfb330451,b0f3e6f6e2f2,ad3355b612e8,ae6f785f1636,b4a73b29f1e1,b46347b284a8,b4aa65fd8168,b4f2dc1ca985,b3c3db899a0a,ac8135910fb7,abfb3820cd05,b06dd1ff615c,b556c645c0a0,b5434781f3db,b258ac8a36d8,b9bcbd8c0b1d,c85a13acc386,bfadebc398c9,bc12dd677bfc,cc209dc896e4,bb523d3ad7a2,c08c6ead6e27,beb10e2f6a52,be365b24ee80,d23731e0b6c2,b91288f17e5b,bd51bea206e3,d139a967a0ec,b85f3fd2e173,c901454408df,bf8223726515,cff7aeb73249,cee320361eb4,be191ec5b7ea,bbd31c2f9412,d0dff4df93bc,cd5698c3c6a6,ca25804a1e91,ce5d90554da6,ccbebcca8a97,b7d40476e0ce,c630d106fa94,c1ec4e8d2e98,d2796124548c,c920be3314ae,c5c4d90e978c,d0c3bf8f3e30,dfd44aa64e00,df1128e06bd9,dea608fc6ad0,eb1b71308952,e91d5e18b428,e1b2fa6f9072,f06d30bb5a5a,ea64c9162d92,e31c467e8497,f5f61dfd674a,e81ef2305993,f22a5c3f8422,d99a5358860b,e50b8190d793,f701b078fa5f,f0be1d613f58,f3a52909802d,f69fe35fd7ed,d79bff9f152a,ecaba8e9ca30,d7f173ff2cff,dd9bda0bbf95,e4147c968a8a,dfc71e1551a2,e30b97f11678,eb7675d5201a,f72073389a49,dbfaa40c579d,f299e17982f5,f14f6d5d3a0f,f356cc345e2f,dbaebd7b78d5,eb409cda163f,eb9431b6e0b1,f238d09bd420,d4808bc7a06c,ee18c9390340,ec8d97c59d76,f77c59f54cd4,f78ac99f530c,f95647575c47,f9dcfc1dd594,f866b92b5be5,f8359686f144,fb6f6504ca67,fb502fbe798d,fd8e3b0e0c3c,fe8106062893,fdcf4baf1efd,ff0b44941d04,fcf22abc2281,fc54d160814c,ff9a4133e942,ff26970b16c1,ffbb626c35da,
job-core	Delete Runners	ï»¿2025-09-23T18:43:40.4083340Z ##[group]Run # Convertir la lista de runners en un array
job-core	Delete Runners	2025-09-23T18:43:40.4084508Z [36;1m# Convertir la lista de runners en un array[0m
job-core	Delete Runners	2025-09-23T18:43:40.4158038Z [36;1mIFS=',' read -r -a RUNNER_NAMES <<< "01766f54179f,02c874731438,063dd49e6d36,048c4d28c18c,047db721b19c,0459e57db97c,0913af7e4c3a,0d09aa96590b,0963d0e77c19,0a214a6b5683,0d8b6a42e5ff,08cf4c22dfd7,0a83541c2220,0ad6c6d074e5,173f48abe644,0d94a58ff0b9,16d787e33bde,11b6046abff1,145480e6270c,1cfcf2301ae7,1e3e7ba4d8cd,1d28c1709302,103a6d2c34d0,15279d716f0a,10d173a2fefa,171d111ca8d0,1735f6e511bc,1bd0b4688a36,14fd140c9c59,19cc1e438183,316190dc586b,29b62d279107,239e40cab997,2f5c7febebe3,22d313448389,2c8acd1aa4e7,3314adfd2309,3044f5f4c7fb,2bb9889969aa,2a9c74aa53a5,34fe8768d091,2928e3ae5673,30a4266de7fc,224a4ab307fa,2fc07e8d7ed8,22be5aefc683,2b52c78c26af,2b108be8c915,34eb1b427b60,271f7a1b84d7,2cec761fd680,342f2bf103ca,23918f4bd657,215c26334034,2fba2bcb9129,2b3deaf42ace,2d5851a7e15b,30423d2d7ede,2c54efb5c7be,2b3bf7e51b56,2d4706f0c744,2531ed5cf6f9,48d802a5e05e,405a61ff5a7d,3c6e750ce84c,45bf479a01a6,3fef19cfe181,525e16c40371,40a224235cb2,4af634d12be1,4fde840f1b8b,465c75a6c7a7,45c6f8ecb7a9,42f42e70b1ec,386adf592004,3807103f4db1,3d89fd1c9d8c,3d7fbdb194a0,4cb4c9764b0e,47ca9af32b0c,52e7144ececf,541fd515ae64,4106256bf0ea,4e7baf27ce0a,44d36472d91f,473c2e275787,3f6a33253c8b,49434089fd58,44c543e89f4e,56274be3872c,3dd557778f36,41a1395917cd,5717165c652b,429e5c231477,485efe5187c7,373150f564a7,50621eaecded,3e6e2e66e9c4,3715a68d71a5,51a245e72a81,58025a5431b2,58c08359ba6c,5abb0698bd6e,59e642af1708,59f5e60adf7f,5a3cac187bf5,5ceac11ab67a,5c0aee8b5ccf,5c0c3fc15775,5e3fe8c6505d,5e2566f0e39b,5b96c832c382,5bbab2634b61,5baa6415d484,63c9629419a2,611af6787e2b,6669d6f6857c,67eb0df46c0c,6404980e7043,635c5294c777,67ab45f6add2,62900e294ffd,6246d8c557d6,65fa76402093,5f031b6c6f4d,65796e32aed2,6e803017be4b,6cb1ed62dd86,6c8420e6b671,619cb6625b6b,6f40e8240232,79cf1d5861c2,707a410cc835,74811d37f9af,756b4f778e02,75c0845929e5,74deb311660d,83d328fbec50,73f3c7256562,77e8ba16119c,7e256170c950,85752ac8e76c,7eeb9d4221d2,713f4093b24b,8314875cb714,8178ea528532,711907d2c8a3,7f6b92a68789,815c1f66bda3,86d5e02bb9a8,836f12411377,7e96a3c3269e,6e92ed135c55,7c2a1b481cbe,7e2f54c8158c,7356e29ed340,87a4470de6ed,71bf1d567ee7,7e5f503f4ec5,7e8e678958d2,75a148a9e258,80837a81747d,945016e5b77a,921b0d0b7699,9ddb3007a131,9d860eaa6519,948b90ed1518,a23489dad1a7,a2122d98857a,9821e7653fb0,946dbdccf764,9913ebfb82ee,9347b8f9791a,99736000a6ed,87ea49ea5602,8d9a4f0d6307,9ba0ddb21512,88475ad486c8,939f81aa0713,969392f9aee2,99cc2a6c1325,88e66b6cf18b,9a24bf7bc198,8d62a5cf09cf,98b3e89d0448,8a7db79146cb,a1a0d9222a25,8f52a28dc00c,a0fe5b4f1c5d,9c344b39b5d0,91e476637a40,89814e6c3030,9a11c6692a13,97919cc191c8,87b34b141663,9786b5b9e717,999661432fef,8929582d2581,975fa65f129f,9e2f71c6f230,a23d8940d3f4,a2cdbe73665e,a3b4249c832a,a3ab0273ed24,a65012b86c32,a2e0ea3c6515,a9a66893e6b9,a9ef887e0904,a760c454973f,a8e247d0fd2b,ab3103bb13b5,a8ef89396367,a89532fafe8e,aad756f01b6d,b5d1ef9250db,af9cfb330451,b0f3e6f6e2f2,ad3355b612e8,ae6f785f1636,b4a73b29f1e1,b46347b284a8,b4aa65fd8168,b4f2dc1ca985,b3c3db899a0a,ac8135910fb7,abfb3820cd05,b06dd1ff615c,b556c645c0a0,b5434781f3db,b258ac8a36d8,b9bcbd8c0b1d,c85a13acc386,bfadebc398c9,bc12dd677bfc,cc209dc896e4,bb523d3ad7a2,c08c6ead6e27,beb10e2f6a52,be365b24ee80,d23731e0b6c2,b91288f17e5b,bd51bea206e3,d139a967a0ec,b85f3fd2e173,c901454408df,bf8223726515,cff7aeb73249,cee320361eb4,be191ec5b7ea,bbd31c2f9412,d0dff4df93bc,cd5698c3c6a6,ca25804a1e91,ce5d90554da6,ccbebcca8a97,b7d40476e0ce,c630d106fa94,c1ec4e8d2e98,d2796124548c,c920be3314ae,c5c4d90e978c,d0c3bf8f3e30,dfd44aa64e00,df1128e06bd9,dea608fc6ad0,eb1b71308952,e91d5e18b428,e1b2fa6f9072,f06d30bb5a5a,ea64c9162d92,e31c467e8497,f5f61dfd674a,e81ef2305993,f22a5c3f8422,d99a5358860b,e50b8190d793,f701b078fa5f,f0be1d613f58,f3a52909802d,f69fe35fd7ed,d79bff9f152a,ecaba8e9ca30,d7f173ff2cff,dd9bda0bbf95,e4147c968a8a,dfc71e1551a2,e30b97f11678,eb7675d5201a,f72073389a49,dbfaa40c579d,f299e17982f5,f14f6d5d3a0f,f356cc345e2f,dbaebd7b78d5,eb409cda163f,eb9431b6e0b1,f238d09bd420,d4808bc7a06c,ee18c9390340,ec8d97c59d76,f77c59f54cd4,f78ac99f530c,f95647575c47,f9dcfc1dd594,f866b92b5be5,f8359686f144,fb6f6504ca67,fb502fbe798d,fd8e3b0e0c3c,fe8106062893,fdcf4baf1efd,ff0b44941d04,fcf22abc2281,fc54d160814c,ff9a4133e942,ff26970b16c1,ffbb626c35da,"[0m
job-core	Delete Runners	2025-09-23T18:43:40.4230000Z [36;1m[0m
job-core	Delete Runners	2025-09-23T18:43:40.4230765Z [36;1m# Eliminar cada runner y registrar el resultado[0m
job-core	Delete Runners	2025-09-23T18:43:40.4231856Z [36;1mecho "\nResultados de la eliminaciÃ³n:" >> runner_results/delete_runners_report.txt[0m
job-core	Delete Runners	2025-09-23T18:43:40.4232900Z [36;1mfor runner_name in "${RUNNER_NAMES[@]}"; do[0m
job-core	Delete Runners	2025-09-23T18:43:40.4233744Z [36;1m  # Ignorar elementos vacÃ­os[0m
job-core	Delete Runners	2025-09-23T18:43:40.4234552Z [36;1m  if [ -z "$runner_name" ]; then[0m
job-core	Delete Runners	2025-09-23T18:43:40.4235508Z [36;1m    continue[0m
job-core	Delete Runners	2025-09-23T18:43:40.4236336Z [36;1m  fi[0m
job-core	Delete Runners	2025-09-23T18:43:40.4237086Z [36;1m  echo "Eliminando runner $runner_name..."[0m
job-core	Delete Runners	2025-09-23T18:43:40.4237890Z [36;1m  [0m
job-core	Delete Runners	2025-09-23T18:43:40.4238638Z [36;1m  # Capturar el cÃ³digo de estado HTTP[0m
job-core	Delete Runners	2025-09-23T18:43:40.4239483Z [36;1m  STATUS_CODE=$(gh api \[0m
job-core	Delete Runners	2025-09-23T18:43:40.4240264Z [36;1m    --method DELETE \[0m
job-core	Delete Runners	2025-09-23T18:43:40.4241085Z [36;1m    -H "Accept: application/vnd.github+json" \[0m
job-core	Delete Runners	2025-09-23T18:43:40.4242027Z [36;1m    "/orgs/Ka0s-Klaus/actions/runners/$runner_name" \[0m
job-core	Delete Runners	2025-09-23T18:43:40.4242953Z [36;1m    --silent -I | grep -i '^HTTP' | awk '{print $2}')[0m
job-core	Delete Runners	2025-09-23T18:43:40.4243768Z [36;1m  [0m
job-core	Delete Runners	2025-09-23T18:43:40.4244463Z [36;1m  if [ "$STATUS_CODE" = "204" ]; then[0m
job-core	Delete Runners	2025-09-23T18:43:40.4245477Z [36;1m    echo "â Runner $runner_name eliminado exitosamente"[0m
job-core	Delete Runners	2025-09-23T18:43:40.4246487Z [36;1m    echo "CÃ³digo de estado HTTP: $STATUS_CODE"[0m
job-core	Delete Runners	2025-09-23T18:43:40.4247263Z [36;1m  else[0m
job-core	Delete Runners	2025-09-23T18:43:40.4247980Z [36;1m    echo "â Error al eliminar runner $runner_name"[0m
job-core	Delete Runners	2025-09-23T18:43:40.4248827Z [36;1m    echo "CÃ³digo de estado HTTP: $STATUS_CODE"[0m
job-core	Delete Runners	2025-09-23T18:43:40.4249584Z [36;1m    exit 1[0m
job-core	Delete Runners	2025-09-23T18:43:40.4250215Z [36;1m  fi[0m
job-core	Delete Runners	2025-09-23T18:43:40.4250862Z [36;1mdone[0m
job-core	Delete Runners	2025-09-23T18:43:40.4261261Z shell: /usr/bin/bash -e {0}
job-core	Delete Runners	2025-09-23T18:43:40.4262023Z env:
job-core	Delete Runners	2025-09-23T18:43:40.4263377Z   GITHUB_TOKEN: ***
job-core	Delete Runners	2025-09-23T18:43:40.4264233Z   KAOS_MODULE: [Ka0s] Delete Swarm Runners
job-core	Delete Runners	2025-09-23T18:43:40.4264971Z   KAOS_CODE: 17955867718
job-core	Delete Runners	2025-09-23T18:43:40.4266052Z ##[endgroup]
job-core	Delete Runners	2025-09-23T18:43:40.4356015Z Eliminando runner 01766f54179f...
job-core	Delete Runners	2025-09-23T18:43:40.4488943Z unknown shorthand flag: 'I' in -I
job-core	Delete Runners	2025-09-23T18:43:40.4489714Z 
job-core	Delete Runners	2025-09-23T18:43:40.4490269Z Usage:  gh api <endpoint> [flags]
job-core	Delete Runners	2025-09-23T18:43:40.4490703Z 
job-core	Delete Runners	2025-09-23T18:43:40.4490973Z Flags:
job-core	Delete Runners	2025-09-23T18:43:40.4491726Z       --cache duration        Cache the response, e.g. "3600s", "60m", "1h"
job-core	Delete Runners	2025-09-23T18:43:40.4492724Z   -F, --field key=value       Add a typed parameter in key=value format
job-core	Delete Runners	2025-09-23T18:43:40.4493706Z   -H, --header key:value      Add a HTTP request header in key:value format
job-core	Delete Runners	2025-09-23T18:43:40.4494790Z       --hostname string       The GitHub hostname for the request (default "github.com")
job-core	Delete Runners	2025-09-23T18:43:40.4496384Z   -i, --include               Include HTTP response headers in the output
job-core	Delete Runners	2025-09-23T18:43:40.4497469Z       --input file            The file to use as body for the HTTP request (use "-" to read from standard input)
job-core	Delete Runners	2025-09-23T18:43:40.4499474Z   -q, --jq string             Query to select values from the response using jq syntax
job-core	Delete Runners	2025-09-23T18:43:40.4500555Z   -X, --method string         The HTTP method for the request (default "GET")
job-core	Delete Runners	2025-09-23T18:43:40.4501763Z       --paginate              Make additional HTTP requests to fetch all pages of results
job-core	Delete Runners	2025-09-23T18:43:40.4503050Z   -p, --preview strings       Opt into GitHub API previews
job-core	Delete Runners	2025-09-23T18:43:40.4504298Z   -f, --raw-field key=value   Add a string parameter in key=value format
job-core	Delete Runners	2025-09-23T18:43:40.4505576Z       --silent                Do not print the response body
job-core	Delete Runners	2025-09-23T18:43:40.4507158Z   -t, --template string       Format the response using a Go template
job-core	Delete Runners	2025-09-23T18:43:40.4508209Z   
job-core	Delete Runners	2025-09-23T18:43:40.4602821Z â Error al eliminar runner 01766f54179f
job-core	Delete Runners	2025-09-23T18:43:40.4603784Z CÃ³digo de estado HTTP: 
job-core	Delete Runners	2025-09-23T18:43:40.4617509Z ##[error]Process completed with exit code 1.
job-core	Complete job	ï»¿2025-09-23T18:43:40.4706448Z Cleaning up orphan processes
handle_failure	Set up job	ï»¿2025-09-23T18:43:46.5143209Z Current runner version: '2.328.0'
handle_failure	Set up job	2025-09-23T18:43:46.5158940Z Runner name: 'd0c3bf8f3e30'
handle_failure	Set up job	2025-09-23T18:43:46.5162302Z Runner group name: 'swarm-runners'
handle_failure	Set up job	2025-09-23T18:43:46.5165542Z Machine name: 'd0c3bf8f3e30'
handle_failure	Set up job	2025-09-23T18:43:46.5175135Z ##[group]GITHUB_TOKEN Permissions
handle_failure	Set up job	2025-09-23T18:43:46.5178626Z Actions: write
handle_failure	Set up job	2025-09-23T18:43:46.5179404Z Contents: read
handle_failure	Set up job	2025-09-23T18:43:46.5180863Z Issues: write
handle_failure	Set up job	2025-09-23T18:43:46.5181507Z Metadata: read
handle_failure	Set up job	2025-09-23T18:43:46.5182170Z ##[endgroup]
handle_failure	Set up job	2025-09-23T18:43:46.5185224Z Secret source: Actions
handle_failure	Set up job	2025-09-23T18:43:46.5186490Z Prepare workflow directory
handle_failure	Set up job	2025-09-23T18:43:46.6106890Z Prepare all required actions
handle_failure	Set up job	2025-09-23T18:43:46.6160444Z Getting action download info
handle_failure	Set up job	2025-09-23T18:43:47.2777251Z Download action repository 'actions/checkout@v4' (SHA:08eba0b27e820071cde6df949e0beb9ba4906955)
handle_failure	Set up job	2025-09-23T18:43:48.2200314Z Complete job name: handle_failure
handle_failure	Checkout code	ï»¿2025-09-23T18:43:48.3118596Z ##[group]Run actions/checkout@v4
handle_failure	Checkout code	2025-09-23T18:43:48.3120458Z with:
handle_failure	Checkout code	2025-09-23T18:43:48.3121178Z   fetch-depth: 0
handle_failure	Checkout code	2025-09-23T18:43:48.3122264Z   token: ***
handle_failure	Checkout code	2025-09-23T18:43:48.3122926Z   repository: Ka0s-Klaus/ka0s
handle_failure	Checkout code	2025-09-23T18:43:48.3123634Z   ssh-strict: true
handle_failure	Checkout code	2025-09-23T18:43:48.3124247Z   ssh-user: git
handle_failure	Checkout code	2025-09-23T18:43:48.3124875Z   persist-credentials: true
handle_failure	Checkout code	2025-09-23T18:43:48.3125566Z   clean: true
handle_failure	Checkout code	2025-09-23T18:43:48.3126193Z   sparse-checkout-cone-mode: true
handle_failure	Checkout code	2025-09-23T18:43:48.3126938Z   fetch-tags: false
handle_failure	Checkout code	2025-09-23T18:43:48.3127569Z   show-progress: true
handle_failure	Checkout code	2025-09-23T18:43:48.3128214Z   lfs: false
handle_failure	Checkout code	2025-09-23T18:43:48.3128809Z   submodules: false
handle_failure	Checkout code	2025-09-23T18:43:48.3129440Z   set-safe-directory: true
handle_failure	Checkout code	2025-09-23T18:43:48.3130927Z env:
handle_failure	Checkout code	2025-09-23T18:43:48.3131793Z   GITHUB_TOKEN: ***
handle_failure	Checkout code	2025-09-23T18:43:48.3132467Z   KAOS_MODULE: [Ka0s] Delete Swarm Runners
handle_failure	Checkout code	2025-09-23T18:43:48.3133264Z   KAOS_CODE: 17955867718
handle_failure	Checkout code	2025-09-23T18:43:48.3133929Z ##[endgroup]
handle_failure	Checkout code	2025-09-23T18:43:48.4759702Z Syncing repository: Ka0s-Klaus/ka0s
handle_failure	Checkout code	2025-09-23T18:43:48.4762685Z ##[group]Getting Git version info
handle_failure	Checkout code	2025-09-23T18:43:48.4763859Z Working directory is '/home/runner/_work/ka0s/ka0s'
handle_failure	Checkout code	2025-09-23T18:43:48.4765444Z [command]/usr/bin/git version
handle_failure	Checkout code	2025-09-23T18:43:48.4766334Z git version 2.51.0
handle_failure	Checkout code	2025-09-23T18:43:48.4811537Z ##[endgroup]
handle_failure	Checkout code	2025-09-23T18:43:48.4844677Z Temporarily overriding HOME='/home/runner/_work/_temp/d0298f2b-d6a7-4243-af0f-939e3db9ee4e' before making global git config changes
handle_failure	Checkout code	2025-09-23T18:43:48.4849128Z Adding repository directory to the temporary git global config as a safe directory
handle_failure	Checkout code	2025-09-23T18:43:48.4852915Z [command]/usr/bin/git config --global --add safe.directory /home/runner/_work/ka0s/ka0s
handle_failure	Checkout code	2025-09-23T18:43:48.4909023Z Deleting the contents of '/home/runner/_work/ka0s/ka0s'
handle_failure	Checkout code	2025-09-23T18:43:48.4920532Z ##[group]Initializing the repository
handle_failure	Checkout code	2025-09-23T18:43:48.4925462Z [command]/usr/bin/git init /home/runner/_work/ka0s/ka0s
handle_failure	Checkout code	2025-09-23T18:43:48.4985469Z hint: Using 'master' as the name for the initial branch. This default branch name
handle_failure	Checkout code	2025-09-23T18:43:48.4987193Z hint: is subject to change. To configure the initial branch name to use in all
handle_failure	Checkout code	2025-09-23T18:43:48.4989981Z hint: of your new repositories, which will suppress this warning, call:
handle_failure	Checkout code	2025-09-23T18:43:48.4991517Z hint:
handle_failure	Checkout code	2025-09-23T18:43:48.4992371Z hint: 	git config --global init.defaultBranch <name>
handle_failure	Checkout code	2025-09-23T18:43:48.4993301Z hint:
handle_failure	Checkout code	2025-09-23T18:43:48.4994208Z hint: Names commonly chosen instead of 'master' are 'main', 'trunk' and
handle_failure	Checkout code	2025-09-23T18:43:48.4995697Z hint: 'development'. The just-created branch can be renamed via this command:
handle_failure	Checkout code	2025-09-23T18:43:48.4996863Z hint:
handle_failure	Checkout code	2025-09-23T18:43:48.4997742Z hint: 	git branch -m <name>
handle_failure	Checkout code	2025-09-23T18:43:48.4998504Z hint:
handle_failure	Checkout code	2025-09-23T18:43:48.4999478Z hint: Disable this message with "git config set advice.defaultBranchName false"
handle_failure	Checkout code	2025-09-23T18:43:48.5001163Z Initialized empty Git repository in /home/runner/_work/ka0s/ka0s/.git/
handle_failure	Checkout code	2025-09-23T18:43:48.5008245Z [command]/usr/bin/git remote add origin https://github.com/Ka0s-Klaus/ka0s
handle_failure	Checkout code	2025-09-23T18:43:48.5061338Z ##[endgroup]
handle_failure	Checkout code	2025-09-23T18:43:48.5066090Z ##[group]Disabling automatic garbage collection
handle_failure	Checkout code	2025-09-23T18:43:48.5070118Z [command]/usr/bin/git config --local gc.auto 0
handle_failure	Checkout code	2025-09-23T18:43:48.5104418Z ##[endgroup]
handle_failure	Checkout code	2025-09-23T18:43:48.5106713Z ##[group]Setting up auth
handle_failure	Checkout code	2025-09-23T18:43:48.5115935Z [command]/usr/bin/git config --local --name-only --get-regexp core\.sshCommand
handle_failure	Checkout code	2025-09-23T18:43:48.5163167Z [command]/usr/bin/git submodule foreach --recursive sh -c "git config --local --name-only --get-regexp 'core\.sshCommand' && git config --local --unset-all 'core.sshCommand' || :"
handle_failure	Checkout code	2025-09-23T18:43:48.5501413Z [command]/usr/bin/git config --local --name-only --get-regexp http\.https\:\/\/github\.com\/\.extraheader
handle_failure	Checkout code	2025-09-23T18:43:48.5542911Z [command]/usr/bin/git submodule foreach --recursive sh -c "git config --local --name-only --get-regexp 'http\.https\:\/\/github\.com\/\.extraheader' && git config --local --unset-all 'http.https://github.com/.extraheader' || :"
handle_failure	Checkout code	2025-09-23T18:43:48.5878791Z [command]/usr/bin/git config --local http.https://github.com/.extraheader AUTHORIZATION: basic ***
handle_failure	Checkout code	2025-09-23T18:43:48.5934326Z ##[endgroup]
handle_failure	Checkout code	2025-09-23T18:43:48.5936746Z ##[group]Fetching the repository
handle_failure	Checkout code	2025-09-23T18:43:48.5950593Z [command]/usr/bin/git -c protocol.version=2 fetch --prune --no-recurse-submodules origin +refs/heads/*:refs/remotes/origin/* +refs/tags/*:refs/tags/*
handle_failure	Checkout code	2025-09-23T18:44:01.3762080Z From https://github.com/Ka0s-Klaus/ka0s
handle_failure	Checkout code	2025-09-23T18:44:01.3764610Z  * [new branch]        F1149-desarrollo-de-orchestrator -> origin/F1149-desarrollo-de-orchestrator
handle_failure	Checkout code	2025-09-23T18:44:01.3769667Z  * [new branch]        F1183-personalizaciÃ³n-mÃ³dulo-finops -> origin/F1183-personalizaciÃ³n-mÃ³dulo-finops
handle_failure	Checkout code	2025-09-23T18:44:01.3772259Z  * [new branch]        F1224-new-module-mongodb -> origin/F1224-new-module-mongodb
handle_failure	Checkout code	2025-09-23T18:44:01.3773836Z  * [new branch]        F220-web-de-resultados  -> origin/F220-web-de-resultados
handle_failure	Checkout code	2025-09-23T18:44:01.3776749Z  * [new branch]        F227-despliegue-de-kube-independiente-del-clouder -> origin/F227-despliegue-de-kube-independiente-del-clouder
handle_failure	Checkout code	2025-09-23T18:44:01.3779385Z  * [new branch]        F329-documentacion-metodologia-de-kaos -> origin/F329-documentacion-metodologia-de-kaos
handle_failure	Checkout code	2025-09-23T18:44:01.3781655Z  * [new branch]        F44-creaciÃ³n-mÃ³dulo-versionado -> origin/F44-creaciÃ³n-mÃ³dulo-versionado
handle_failure	Checkout code	2025-09-23T18:44:01.3783948Z  * [new branch]        H1128-mÃ³dulo-de-observabilidad -> origin/H1128-mÃ³dulo-de-observabilidad
handle_failure	Checkout code	2025-09-23T18:44:01.3786202Z  * [new branch]        H1139-como-instalar-arc-control -> origin/H1139-como-instalar-arc-control
handle_failure	Checkout code	2025-09-23T18:44:01.3886591Z  * [new branch]        H1149-desarrollo-de-orchestrator -> origin/H1149-desarrollo-de-orchestrator
handle_failure	Checkout code	2025-09-23T18:44:01.3889002Z  * [new branch]        H1150-desarrollo-de-secciones -> origin/H1150-desarrollo-de-secciones
handle_failure	Checkout code	2025-09-23T18:44:01.3891603Z  * [new branch]        H1151-desarrollo-de-secciones-ii -> origin/H1151-desarrollo-de-secciones-ii
handle_failure	Checkout code	2025-09-23T18:44:01.3893674Z  * [new branch]        H1152-desarrollo-inicio -> origin/H1152-desarrollo-inicio
handle_failure	Checkout code	2025-09-23T18:44:01.3896509Z  * [new branch]        H1183-personalizaciÃ³n-mÃ³dulo-finops -> origin/H1183-personalizaciÃ³n-mÃ³dulo-finops
handle_failure	Checkout code	2025-09-23T18:44:01.3899070Z  * [new branch]        H1193-ejemplo-web-documentacion -> origin/H1193-ejemplo-web-documentacion
handle_failure	Checkout code	2025-09-23T18:44:01.3901174Z  * [new branch]        H1205-web-creation      -> origin/H1205-web-creation
handle_failure	Checkout code	2025-09-23T18:44:01.3902360Z  * [new branch]        H1224-new-module-mongodb -> origin/H1224-new-module-mongodb
handle_failure	Checkout code	2025-09-23T18:44:01.3903671Z  * [new branch]        H1410-modulo-execution  -> origin/H1410-modulo-execution
handle_failure	Checkout code	2025-09-23T18:44:01.3905843Z  * [new branch]        H1514-new-swarm-deployment-stack-with-actions-runners-autoscale -> origin/H1514-new-swarm-deployment-stack-with-actions-runners-autoscale
handle_failure	Checkout code	2025-09-23T18:44:01.3908234Z  * [new branch]        H215-modulo-de-summary  -> origin/H215-modulo-de-summary
handle_failure	Checkout code	2025-09-23T18:44:01.3909839Z  * [new branch]        H220-web-de-resultados  -> origin/H220-web-de-resultados
handle_failure	Checkout code	2025-09-23T18:44:01.3911925Z  * [new branch]        H227-despliegue-de-kube-independiente-del-clouder -> origin/H227-despliegue-de-kube-independiente-del-clouder
handle_failure	Checkout code	2025-09-23T18:44:01.3914518Z  * [new branch]        H306-ficheros-de-estadisticas -> origin/H306-ficheros-de-estadisticas
handle_failure	Checkout code	2025-09-23T18:44:01.3916596Z  * [new branch]        H328-documentacion-modulo-principal-de-kaos -> origin/H328-documentacion-modulo-principal-de-kaos
handle_failure	Checkout code	2025-09-23T18:44:01.3919015Z  * [new branch]        H329-documentacion-metodologia-de-kaos -> origin/H329-documentacion-metodologia-de-kaos
handle_failure	Checkout code	2025-09-23T18:44:01.3920751Z  * [new branch]        H338-relanzador-de-jobs-en-caso-de-pattern -> origin/H338-relanzador-de-jobs-en-caso-de-pattern
handle_failure	Checkout code	2025-09-23T18:44:01.3921923Z  * [new branch]        H38-documentacion-basica-del-proyecto -> origin/H38-documentacion-basica-del-proyecto
handle_failure	Checkout code	2025-09-23T18:44:01.3923167Z  * [new branch]        H44-creaciÃ³n-mÃ³dulo-versionado -> origin/H44-creaciÃ³n-mÃ³dulo-versionado
handle_failure	Checkout code	2025-09-23T18:44:01.3924561Z  * [new branch]        RN1149-desarrollo-de-orchestrator -> origin/RN1149-desarrollo-de-orchestrator
handle_failure	Checkout code	2025-09-23T18:44:01.3925753Z  * [new branch]        RN1183-personalizaciÃ³n-mÃ³dulo-finops -> origin/RN1183-personalizaciÃ³n-mÃ³dulo-finops
handle_failure	Checkout code	2025-09-23T18:44:01.3927142Z  * [new branch]        RN1282-ka0s-error-detected-in-ka0s-workflow-statistics-summary -> origin/RN1282-ka0s-error-detected-in-ka0s-workflow-statistics-summary
handle_failure	Checkout code	2025-09-23T18:44:01.3928369Z  * [new branch]        RN220-web-de-resultados -> origin/RN220-web-de-resultados
handle_failure	Checkout code	2025-09-23T18:44:01.3929876Z  * [new branch]        RN227-despliegue-de-kube-independiente-del-clouder -> origin/RN227-despliegue-de-kube-independiente-del-clouder
handle_failure	Checkout code	2025-09-23T18:44:01.3931163Z  * [new branch]        RN329-documentacion-metodologia-de-kaos -> origin/RN329-documentacion-metodologia-de-kaos
handle_failure	Checkout code	2025-09-23T18:44:01.3931997Z  * [new branch]        main                    -> origin/main
handle_failure	Checkout code	2025-09-23T18:44:01.3932526Z  * [new tag]           0.0.0                   -> 0.0.0
handle_failure	Checkout code	2025-09-23T18:44:01.3933063Z  * [new tag]           0.0.1                   -> 0.0.1
handle_failure	Checkout code	2025-09-23T18:44:01.3933579Z  * [new tag]           0.0.10                  -> 0.0.10
handle_failure	Checkout code	2025-09-23T18:44:01.3934072Z  * [new tag]           0.0.100                 -> 0.0.100
handle_failure	Checkout code	2025-09-23T18:44:01.3934564Z  * [new tag]           0.0.101                 -> 0.0.101
handle_failure	Checkout code	2025-09-23T18:44:01.3935059Z  * [new tag]           0.0.102                 -> 0.0.102
handle_failure	Checkout code	2025-09-23T18:44:01.3935549Z  * [new tag]           0.0.103                 -> 0.0.103
handle_failure	Checkout code	2025-09-23T18:44:01.3936039Z  * [new tag]           0.0.104                 -> 0.0.104
handle_failure	Checkout code	2025-09-23T18:44:01.3936535Z  * [new tag]           0.0.105                 -> 0.0.105
handle_failure	Checkout code	2025-09-23T18:44:01.3937027Z  * [new tag]           0.0.106                 -> 0.0.106
handle_failure	Checkout code	2025-09-23T18:44:01.3937524Z  * [new tag]           0.0.107                 -> 0.0.107
handle_failure	Checkout code	2025-09-23T18:44:01.3938018Z  * [new tag]           0.0.108                 -> 0.0.108
handle_failure	Checkout code	2025-09-23T18:44:01.3938513Z  * [new tag]           0.0.109                 -> 0.0.109
handle_failure	Checkout code	2025-09-23T18:44:01.3939027Z  * [new tag]           0.0.11                  -> 0.0.11
handle_failure	Checkout code	2025-09-23T18:44:01.3939635Z  * [new tag]           0.0.110                 -> 0.0.110
handle_failure	Checkout code	2025-09-23T18:44:01.3940149Z  * [new tag]           0.0.111                 -> 0.0.111
handle_failure	Checkout code	2025-09-23T18:44:01.3940643Z  * [new tag]           0.0.112                 -> 0.0.112
handle_failure	Checkout code	2025-09-23T18:44:01.3941157Z  * [new tag]           0.0.113                 -> 0.0.113
handle_failure	Checkout code	2025-09-23T18:44:01.3941670Z  * [new tag]           0.0.114                 -> 0.0.114
handle_failure	Checkout code	2025-09-23T18:44:01.3942184Z  * [new tag]           0.0.115                 -> 0.0.115
handle_failure	Checkout code	2025-09-23T18:44:01.3942692Z  * [new tag]           0.0.116                 -> 0.0.116
handle_failure	Checkout code	2025-09-23T18:44:01.3943207Z  * [new tag]           0.0.117                 -> 0.0.117
handle_failure	Checkout code	2025-09-23T18:44:01.3943721Z  * [new tag]           0.0.118                 -> 0.0.118
handle_failure	Checkout code	2025-09-23T18:44:01.3944225Z  * [new tag]           0.0.119                 -> 0.0.119
handle_failure	Checkout code	2025-09-23T18:44:01.3944741Z  * [new tag]           0.0.12                  -> 0.0.12
handle_failure	Checkout code	2025-09-23T18:44:01.3945270Z  * [new tag]           0.0.120                 -> 0.0.120
handle_failure	Checkout code	2025-09-23T18:44:01.3946021Z  * [new tag]           0.0.121                 -> 0.0.121
handle_failure	Checkout code	2025-09-23T18:44:01.3946537Z  * [new tag]           0.0.122                 -> 0.0.122
handle_failure	Checkout code	2025-09-23T18:44:01.3947050Z  * [new tag]           0.0.123                 -> 0.0.123
handle_failure	Checkout code	2025-09-23T18:44:01.3947588Z  * [new tag]           0.0.124                 -> 0.0.124
handle_failure	Checkout code	2025-09-23T18:44:01.3948144Z  * [new tag]           0.0.125                 -> 0.0.125
handle_failure	Checkout code	2025-09-23T18:44:01.3948652Z  * [new tag]           0.0.126                 -> 0.0.126
handle_failure	Checkout code	2025-09-23T18:44:01.3949162Z  * [new tag]           0.0.127                 -> 0.0.127
handle_failure	Checkout code	2025-09-23T18:44:01.3949776Z  * [new tag]           0.0.128                 -> 0.0.128
handle_failure	Checkout code	2025-09-23T18:44:01.3950299Z  * [new tag]           0.0.129                 -> 0.0.129
handle_failure	Checkout code	2025-09-23T18:44:01.3950828Z  * [new tag]           0.0.13                  -> 0.0.13
handle_failure	Checkout code	2025-09-23T18:44:01.3951526Z  * [new tag]           0.0.130                 -> 0.0.130
handle_failure	Checkout code	2025-09-23T18:44:01.3952059Z  * [new tag]           0.0.131                 -> 0.0.131
handle_failure	Checkout code	2025-09-23T18:44:01.3952572Z  * [new tag]           0.0.132                 -> 0.0.132
handle_failure	Checkout code	2025-09-23T18:44:01.3953090Z  * [new tag]           0.0.133                 -> 0.0.133
handle_failure	Checkout code	2025-09-23T18:44:01.3953610Z  * [new tag]           0.0.134                 -> 0.0.134
handle_failure	Checkout code	2025-09-23T18:44:01.3954121Z  * [new tag]           0.0.135                 -> 0.0.135
handle_failure	Checkout code	2025-09-23T18:44:01.3954637Z  * [new tag]           0.0.136                 -> 0.0.136
handle_failure	Checkout code	2025-09-23T18:44:01.3955145Z  * [new tag]           0.0.137                 -> 0.0.137
handle_failure	Checkout code	2025-09-23T18:44:01.3955673Z  * [new tag]           0.0.138                 -> 0.0.138
handle_failure	Checkout code	2025-09-23T18:44:01.3956191Z  * [new tag]           0.0.139                 -> 0.0.139
handle_failure	Checkout code	2025-09-23T18:44:01.3956707Z  * [new tag]           0.0.14                  -> 0.0.14
handle_failure	Checkout code	2025-09-23T18:44:01.3957224Z  * [new tag]           0.0.140                 -> 0.0.140
handle_failure	Checkout code	2025-09-23T18:44:01.3957746Z  * [new tag]           0.0.141                 -> 0.0.141
handle_failure	Checkout code	2025-09-23T18:44:01.3958273Z  * [new tag]           0.0.142                 -> 0.0.142
handle_failure	Checkout code	2025-09-23T18:44:01.3958787Z  * [new tag]           0.0.143                 -> 0.0.143
handle_failure	Checkout code	2025-09-23T18:44:01.3959303Z  * [new tag]           0.0.144                 -> 0.0.144
handle_failure	Checkout code	2025-09-23T18:44:01.3959913Z  * [new tag]           0.0.145                 -> 0.0.145
handle_failure	Checkout code	2025-09-23T18:44:01.3960433Z  * [new tag]           0.0.146                 -> 0.0.146
handle_failure	Checkout code	2025-09-23T18:44:01.3960944Z  * [new tag]           0.0.147                 -> 0.0.147
handle_failure	Checkout code	2025-09-23T18:44:01.3961460Z  * [new tag]           0.0.148                 -> 0.0.148
handle_failure	Checkout code	2025-09-23T18:44:01.3961980Z  * [new tag]           0.0.149                 -> 0.0.149
handle_failure	Checkout code	2025-09-23T18:44:01.3962501Z  * [new tag]           0.0.15                  -> 0.0.15
handle_failure	Checkout code	2025-09-23T18:44:01.3963016Z  * [new tag]           0.0.150                 -> 0.0.150
handle_failure	Checkout code	2025-09-23T18:44:01.3963534Z  * [new tag]           0.0.151                 -> 0.0.151
handle_failure	Checkout code	2025-09-23T18:44:01.3964068Z  * [new tag]           0.0.152                 -> 0.0.152
handle_failure	Checkout code	2025-09-23T18:44:01.3964598Z  * [new tag]           0.0.153                 -> 0.0.153
handle_failure	Checkout code	2025-09-23T18:44:01.3965132Z  * [new tag]           0.0.154                 -> 0.0.154
handle_failure	Checkout code	2025-09-23T18:44:01.3965649Z  * [new tag]           0.0.155                 -> 0.0.155
handle_failure	Checkout code	2025-09-23T18:44:01.3966165Z  * [new tag]           0.0.156                 -> 0.0.156
handle_failure	Checkout code	2025-09-23T18:44:01.3966674Z  * [new tag]           0.0.157                 -> 0.0.157
handle_failure	Checkout code	2025-09-23T18:44:01.3967192Z  * [new tag]           0.0.158                 -> 0.0.158
handle_failure	Checkout code	2025-09-23T18:44:01.3967711Z  * [new tag]           0.0.159                 -> 0.0.159
handle_failure	Checkout code	2025-09-23T18:44:01.3968223Z  * [new tag]           0.0.16                  -> 0.0.16
handle_failure	Checkout code	2025-09-23T18:44:01.3968725Z  * [new tag]           0.0.160                 -> 0.0.160
handle_failure	Checkout code	2025-09-23T18:44:01.3969244Z  * [new tag]           0.0.161                 -> 0.0.161
handle_failure	Checkout code	2025-09-23T18:44:01.3969958Z  * [new tag]           0.0.162                 -> 0.0.162
handle_failure	Checkout code	2025-09-23T18:44:01.3970500Z  * [new tag]           0.0.163                 -> 0.0.163
handle_failure	Checkout code	2025-09-23T18:44:01.3971197Z  * [new tag]           0.0.164                 -> 0.0.164
handle_failure	Checkout code	2025-09-23T18:44:01.3971715Z  * [new tag]           0.0.165                 -> 0.0.165
handle_failure	Checkout code	2025-09-23T18:44:01.3972230Z  * [new tag]           0.0.166                 -> 0.0.166
handle_failure	Checkout code	2025-09-23T18:44:01.3972737Z  * [new tag]           0.0.167                 -> 0.0.167
handle_failure	Checkout code	2025-09-23T18:44:01.3973246Z  * [new tag]           0.0.168                 -> 0.0.168
handle_failure	Checkout code	2025-09-23T18:44:01.3973756Z  * [new tag]           0.0.169                 -> 0.0.169
handle_failure	Checkout code	2025-09-23T18:44:01.3974269Z  * [new tag]           0.0.17                  -> 0.0.17
handle_failure	Checkout code	2025-09-23T18:44:01.3974785Z  * [new tag]           0.0.170                 -> 0.0.170
handle_failure	Checkout code	2025-09-23T18:44:01.3975298Z  * [new tag]           0.0.171                 -> 0.0.171
handle_failure	Checkout code	2025-09-23T18:44:01.3975812Z  * [new tag]           0.0.172                 -> 0.0.172
handle_failure	Checkout code	2025-09-23T18:44:01.3976317Z  * [new tag]           0.0.173                 -> 0.0.173
handle_failure	Checkout code	2025-09-23T18:44:01.3977002Z  * [new tag]           0.0.174                 -> 0.0.174
handle_failure	Checkout code	2025-09-23T18:44:01.3977525Z  * [new tag]           0.0.175                 -> 0.0.175
handle_failure	Checkout code	2025-09-23T18:44:01.3978033Z  * [new tag]           0.0.176                 -> 0.0.176
handle_failure	Checkout code	2025-09-23T18:44:01.3978539Z  * [new tag]           0.0.177                 -> 0.0.177
handle_failure	Checkout code	2025-09-23T18:44:01.3979051Z  * [new tag]           0.0.178                 -> 0.0.178
handle_failure	Checkout code	2025-09-23T18:44:01.3979636Z  * [new tag]           0.0.179                 -> 0.0.179
handle_failure	Checkout code	2025-09-23T18:44:01.3980165Z  * [new tag]           0.0.18                  -> 0.0.18
handle_failure	Checkout code	2025-09-23T18:44:01.3980675Z  * [new tag]           0.0.19                  -> 0.0.19
handle_failure	Checkout code	2025-09-23T18:44:01.3981177Z  * [new tag]           0.0.2                   -> 0.0.2
handle_failure	Checkout code	2025-09-23T18:44:01.3981676Z  * [new tag]           0.0.20                  -> 0.0.20
handle_failure	Checkout code	2025-09-23T18:44:01.3982174Z  * [new tag]           0.0.21                  -> 0.0.21
handle_failure	Checkout code	2025-09-23T18:44:01.3982688Z  * [new tag]           0.0.22                  -> 0.0.22
handle_failure	Checkout code	2025-09-23T18:44:01.3983197Z  * [new tag]           0.0.23                  -> 0.0.23
handle_failure	Checkout code	2025-09-23T18:44:01.3983693Z  * [new tag]           0.0.24                  -> 0.0.24
handle_failure	Checkout code	2025-09-23T18:44:01.3984189Z  * [new tag]           0.0.25                  -> 0.0.25
handle_failure	Checkout code	2025-09-23T18:44:01.3984693Z  * [new tag]           0.0.26                  -> 0.0.26
handle_failure	Checkout code	2025-09-23T18:44:01.3985182Z  * [new tag]           0.0.27                  -> 0.0.27
handle_failure	Checkout code	2025-09-23T18:44:01.3985678Z  * [new tag]           0.0.28                  -> 0.0.28
handle_failure	Checkout code	2025-09-23T18:44:01.3986174Z  * [new tag]           0.0.29                  -> 0.0.29
handle_failure	Checkout code	2025-09-23T18:44:01.3986668Z  * [new tag]           0.0.3                   -> 0.0.3
handle_failure	Checkout code	2025-09-23T18:44:01.3987166Z  * [new tag]           0.0.30                  -> 0.0.30
handle_failure	Checkout code	2025-09-23T18:44:01.3987662Z  * [new tag]           0.0.31                  -> 0.0.31
handle_failure	Checkout code	2025-09-23T18:44:01.3988155Z  * [new tag]           0.0.32                  -> 0.0.32
handle_failure	Checkout code	2025-09-23T18:44:01.3988962Z  * [new tag]           0.0.33                  -> 0.0.33
handle_failure	Checkout code	2025-09-23T18:44:01.3989932Z  * [new tag]           0.0.34                  -> 0.0.34
handle_failure	Checkout code	2025-09-23T18:44:01.3990437Z  * [new tag]           0.0.35                  -> 0.0.35
handle_failure	Checkout code	2025-09-23T18:44:01.3990931Z  * [new tag]           0.0.36                  -> 0.0.36
handle_failure	Checkout code	2025-09-23T18:44:01.3991431Z  * [new tag]           0.0.37                  -> 0.0.37
handle_failure	Checkout code	2025-09-23T18:44:01.3992312Z  * [new tag]           0.0.38                  -> 0.0.38
handle_failure	Checkout code	2025-09-23T18:44:01.3992812Z  * [new tag]           0.0.39                  -> 0.0.39
handle_failure	Checkout code	2025-09-23T18:44:01.3993351Z  * [new tag]           0.0.4                   -> 0.0.4
handle_failure	Checkout code	2025-09-23T18:44:01.3993857Z  * [new tag]           0.0.40                  -> 0.0.40
handle_failure	Checkout code	2025-09-23T18:44:01.3994359Z  * [new tag]           0.0.41                  -> 0.0.41
handle_failure	Checkout code	2025-09-23T18:44:01.3994858Z  * [new tag]           0.0.42                  -> 0.0.42
handle_failure	Checkout code	2025-09-23T18:44:01.3995362Z  * [new tag]           0.0.43                  -> 0.0.43
handle_failure	Checkout code	2025-09-23T18:44:01.3995882Z  * [new tag]           0.0.44                  -> 0.0.44
handle_failure	Checkout code	2025-09-23T18:44:01.3996616Z  * [new tag]           0.0.45                  -> 0.0.45
handle_failure	Checkout code	2025-09-23T18:44:01.3997118Z  * [new tag]           0.0.46                  -> 0.0.46
handle_failure	Checkout code	2025-09-23T18:44:01.3997616Z  * [new tag]           0.0.47                  -> 0.0.47
handle_failure	Checkout code	2025-09-23T18:44:01.3998120Z  * [new tag]           0.0.48                  -> 0.0.48
handle_failure	Checkout code	2025-09-23T18:44:01.3998617Z  * [new tag]           0.0.49                  -> 0.0.49
handle_failure	Checkout code	2025-09-23T18:44:01.3999116Z  * [new tag]           0.0.5                   -> 0.0.5
handle_failure	Checkout code	2025-09-23T18:44:01.4000042Z  * [new tag]           0.0.50                  -> 0.0.50
handle_failure	Checkout code	2025-09-23T18:44:01.4001173Z  * [new tag]           0.0.51                  -> 0.0.51
handle_failure	Checkout code	2025-09-23T18:44:01.4002333Z  * [new tag]           0.0.52                  -> 0.0.52
handle_failure	Checkout code	2025-09-23T18:44:01.4003622Z  * [new tag]           0.0.53                  -> 0.0.53
handle_failure	Checkout code	2025-09-23T18:44:01.4004642Z  * [new tag]           0.0.54                  -> 0.0.54
handle_failure	Checkout code	2025-09-23T18:44:01.4005549Z  * [new tag]           0.0.55                  -> 0.0.55
handle_failure	Checkout code	2025-09-23T18:44:01.4006066Z  * [new tag]           0.0.56                  -> 0.0.56
handle_failure	Checkout code	2025-09-23T18:44:01.4006565Z  * [new tag]           0.0.57                  -> 0.0.57
handle_failure	Checkout code	2025-09-23T18:44:01.4007057Z  * [new tag]           0.0.58                  -> 0.0.58
handle_failure	Checkout code	2025-09-23T18:44:01.4007604Z  * [new tag]           0.0.59                  -> 0.0.59
handle_failure	Checkout code	2025-09-23T18:44:01.4008104Z  * [new tag]           0.0.6                   -> 0.0.6
handle_failure	Checkout code	2025-09-23T18:44:01.4008603Z  * [new tag]           0.0.60                  -> 0.0.60
handle_failure	Checkout code	2025-09-23T18:44:01.4009107Z  * [new tag]           0.0.61                  -> 0.0.61
handle_failure	Checkout code	2025-09-23T18:44:01.4009788Z  * [new tag]           0.0.62                  -> 0.0.62
handle_failure	Checkout code	2025-09-23T18:44:01.4010310Z  * [new tag]           0.0.63                  -> 0.0.63
handle_failure	Checkout code	2025-09-23T18:44:01.4010804Z  * [new tag]           0.0.64                  -> 0.0.64
handle_failure	Checkout code	2025-09-23T18:44:01.4011297Z  * [new tag]           0.0.65                  -> 0.0.65
handle_failure	Checkout code	2025-09-23T18:44:01.4011814Z  * [new tag]           0.0.66                  -> 0.0.66
handle_failure	Checkout code	2025-09-23T18:44:01.4012318Z  * [new tag]           0.0.67                  -> 0.0.67
handle_failure	Checkout code	2025-09-23T18:44:01.4012814Z  * [new tag]           0.0.68                  -> 0.0.68
handle_failure	Checkout code	2025-09-23T18:44:01.4013315Z  * [new tag]           0.0.69                  -> 0.0.69
handle_failure	Checkout code	2025-09-23T18:44:01.4013811Z  * [new tag]           0.0.7                   -> 0.0.7
handle_failure	Checkout code	2025-09-23T18:44:01.4014300Z  * [new tag]           0.0.70                  -> 0.0.70
handle_failure	Checkout code	2025-09-23T18:44:01.4014797Z  * [new tag]           0.0.71                  -> 0.0.71
handle_failure	Checkout code	2025-09-23T18:44:01.4015293Z  * [new tag]           0.0.72                  -> 0.0.72
handle_failure	Checkout code	2025-09-23T18:44:01.4015789Z  * [new tag]           0.0.73                  -> 0.0.73
handle_failure	Checkout code	2025-09-23T18:44:01.4016290Z  * [new tag]           0.0.74                  -> 0.0.74
handle_failure	Checkout code	2025-09-23T18:44:01.4016787Z  * [new tag]           0.0.75                  -> 0.0.75
handle_failure	Checkout code	2025-09-23T18:44:01.4017280Z  * [new tag]           0.0.76                  -> 0.0.76
handle_failure	Checkout code	2025-09-23T18:44:01.4017795Z  * [new tag]           0.0.77                  -> 0.0.77
handle_failure	Checkout code	2025-09-23T18:44:01.4018311Z  * [new tag]           0.0.78                  -> 0.0.78
handle_failure	Checkout code	2025-09-23T18:44:01.4018853Z  * [new tag]           0.0.79                  -> 0.0.79
handle_failure	Checkout code	2025-09-23T18:44:01.4019374Z  * [new tag]           0.0.8                   -> 0.0.8
handle_failure	Checkout code	2025-09-23T18:44:01.4019941Z  * [new tag]           0.0.80                  -> 0.0.80
handle_failure	Checkout code	2025-09-23T18:44:01.4020457Z  * [new tag]           0.0.81                  -> 0.0.81
handle_failure	Checkout code	2025-09-23T18:44:01.4020956Z  * [new tag]           0.0.82                  -> 0.0.82
handle_failure	Checkout code	2025-09-23T18:44:01.4021459Z  * [new tag]           0.0.83                  -> 0.0.83
handle_failure	Checkout code	2025-09-23T18:44:01.4021956Z  * [new tag]           0.0.84                  -> 0.0.84
handle_failure	Checkout code	2025-09-23T18:44:01.4022465Z  * [new tag]           0.0.85                  -> 0.0.85
handle_failure	Checkout code	2025-09-23T18:44:01.4022957Z  * [new tag]           0.0.86                  -> 0.0.86
handle_failure	Checkout code	2025-09-23T18:44:01.4023484Z  * [new tag]           0.0.87                  -> 0.0.87
handle_failure	Checkout code	2025-09-23T18:44:01.4024035Z  * [new tag]           0.0.88                  -> 0.0.88
handle_failure	Checkout code	2025-09-23T18:44:01.4024730Z  * [new tag]           0.0.89                  -> 0.0.89
handle_failure	Checkout code	2025-09-23T18:44:01.4025229Z  * [new tag]           0.0.9                   -> 0.0.9
handle_failure	Checkout code	2025-09-23T18:44:01.4025725Z  * [new tag]           0.0.90                  -> 0.0.90
handle_failure	Checkout code	2025-09-23T18:44:01.4026220Z  * [new tag]           0.0.91                  -> 0.0.91
handle_failure	Checkout code	2025-09-23T18:44:01.4026714Z  * [new tag]           0.0.92                  -> 0.0.92
handle_failure	Checkout code	2025-09-23T18:44:01.4027218Z  * [new tag]           0.0.93                  -> 0.0.93
handle_failure	Checkout code	2025-09-23T18:44:01.4027715Z  * [new tag]           0.0.94                  -> 0.0.94
handle_failure	Checkout code	2025-09-23T18:44:01.4028204Z  * [new tag]           0.0.95                  -> 0.0.95
handle_failure	Checkout code	2025-09-23T18:44:01.4028700Z  * [new tag]           0.0.96                  -> 0.0.96
handle_failure	Checkout code	2025-09-23T18:44:01.4029197Z  * [new tag]           0.0.97                  -> 0.0.97
handle_failure	Checkout code	2025-09-23T18:44:01.4029847Z  * [new tag]           0.0.98                  -> 0.0.98
handle_failure	Checkout code	2025-09-23T18:44:01.4030552Z  * [new tag]           0.0.99                  -> 0.0.99
handle_failure	Checkout code	2025-09-23T18:44:01.4031065Z  * [new tag]           0.1.0                   -> 0.1.0
handle_failure	Checkout code	2025-09-23T18:44:01.4031568Z  * [new tag]           0.1.1                   -> 0.1.1
handle_failure	Checkout code	2025-09-23T18:44:01.4032063Z  * [new tag]           0.2.0                   -> 0.2.0
handle_failure	Checkout code	2025-09-23T18:44:01.4032556Z  * [new tag]           0.3.0                   -> 0.3.0
handle_failure	Checkout code	2025-09-23T18:44:01.4033054Z  * [new tag]           0.3.1                   -> 0.3.1
handle_failure	Checkout code	2025-09-23T18:44:01.4033545Z  * [new tag]           0.3.10                  -> 0.3.10
handle_failure	Checkout code	2025-09-23T18:44:01.4034045Z  * [new tag]           0.3.11                  -> 0.3.11
handle_failure	Checkout code	2025-09-23T18:44:01.4034549Z  * [new tag]           0.3.12                  -> 0.3.12
handle_failure	Checkout code	2025-09-23T18:44:01.4035047Z  * [new tag]           0.3.13                  -> 0.3.13
handle_failure	Checkout code	2025-09-23T18:44:01.4035536Z  * [new tag]           0.3.14                  -> 0.3.14
handle_failure	Checkout code	2025-09-23T18:44:01.4036040Z  * [new tag]           0.3.15                  -> 0.3.15
handle_failure	Checkout code	2025-09-23T18:44:01.4036547Z  * [new tag]           0.3.16                  -> 0.3.16
handle_failure	Checkout code	2025-09-23T18:44:01.4037053Z  * [new tag]           0.3.17                  -> 0.3.17
handle_failure	Checkout code	2025-09-23T18:44:01.4037563Z  * [new tag]           0.3.2                   -> 0.3.2
handle_failure	Checkout code	2025-09-23T18:44:01.4038072Z  * [new tag]           0.3.3                   -> 0.3.3
handle_failure	Checkout code	2025-09-23T18:44:01.4038573Z  * [new tag]           0.3.4                   -> 0.3.4
handle_failure	Checkout code	2025-09-23T18:44:01.4039071Z  * [new tag]           0.3.5                   -> 0.3.5
handle_failure	Checkout code	2025-09-23T18:44:01.4039663Z  * [new tag]           0.3.6                   -> 0.3.6
handle_failure	Checkout code	2025-09-23T18:44:01.4040166Z  * [new tag]           0.3.7                   -> 0.3.7
handle_failure	Checkout code	2025-09-23T18:44:01.4040662Z  * [new tag]           0.3.8                   -> 0.3.8
handle_failure	Checkout code	2025-09-23T18:44:01.4041161Z  * [new tag]           0.3.9                   -> 0.3.9
handle_failure	Checkout code	2025-09-23T18:44:01.4041660Z  * [new tag]           0.4.0                   -> 0.4.0
handle_failure	Checkout code	2025-09-23T18:44:01.4042167Z  * [new tag]           0.4.1                   -> 0.4.1
handle_failure	Checkout code	2025-09-23T18:44:01.4042697Z  * [new tag]           0.4.2                   -> 0.4.2
handle_failure	Checkout code	2025-09-23T18:44:01.4043213Z  * [new tag]           0.4.3                   -> 0.4.3
handle_failure	Checkout code	2025-09-23T18:44:01.4043717Z  * [new tag]           0.4.4                   -> 0.4.4
handle_failure	Checkout code	2025-09-23T18:44:01.4044207Z  * [new tag]           0.4.5                   -> 0.4.5
handle_failure	Checkout code	2025-09-23T18:44:01.4044707Z  * [new tag]           0.4.6                   -> 0.4.6
handle_failure	Checkout code	2025-09-23T18:44:01.4221030Z [command]/usr/bin/git branch --list --remote origin/main
handle_failure	Checkout code	2025-09-23T18:44:01.4295721Z   origin/main
handle_failure	Checkout code	2025-09-23T18:44:01.4310667Z [command]/usr/bin/git rev-parse refs/remotes/origin/main
handle_failure	Checkout code	2025-09-23T18:44:01.4340237Z 5fb905e22415989cd83405a8a03a45a3ff04c415
handle_failure	Checkout code	2025-09-23T18:44:01.4349144Z ##[endgroup]
handle_failure	Checkout code	2025-09-23T18:44:01.4350537Z ##[group]Determining the checkout info
handle_failure	Checkout code	2025-09-23T18:44:01.4352218Z ##[endgroup]
handle_failure	Checkout code	2025-09-23T18:44:01.4360592Z [command]/usr/bin/git sparse-checkout disable
handle_failure	Checkout code	2025-09-23T18:44:01.4426651Z [command]/usr/bin/git config --local --unset-all extensions.worktreeConfig
handle_failure	Checkout code	2025-09-23T18:44:01.4464750Z ##[group]Checking out the ref
handle_failure	Checkout code	2025-09-23T18:44:01.4471697Z [command]/usr/bin/git checkout --progress --force -B main refs/remotes/origin/main
handle_failure	Checkout code	2025-09-23T18:44:02.3370841Z Switched to a new branch 'main'
handle_failure	Checkout code	2025-09-23T18:44:02.3375720Z branch 'main' set up to track 'origin/main'.
handle_failure	Checkout code	2025-09-23T18:44:02.3504618Z ##[endgroup]
handle_failure	Checkout code	2025-09-23T18:44:02.3564597Z [command]/usr/bin/git log -1 --format=%H
handle_failure	Checkout code	2025-09-23T18:44:02.3599900Z 5fb905e22415989cd83405a8a03a45a3ff04c415
handle_failure	handle-failure-execution	ï»¿2025-09-23T18:44:02.3952961Z ##[group]Run echo "Error detected in process"
handle_failure	handle-failure-execution	2025-09-23T18:44:02.3953547Z [36;1mecho "Error detected in process"[0m
handle_failure	handle-failure-execution	2025-09-23T18:44:02.3954045Z [36;1m# RNNUMBER=$(echo "refs/heads/main" | grep -o '[0-9]*')[0m
handle_failure	handle-failure-execution	2025-09-23T18:44:02.3955061Z [36;1m# gh issue comment $RNNUMBER --body "El proceso no ha finalizado correctamente 17955867718. El resultado estÃ¡ en el fichero core/results/event_data17955867718.log"[0m
handle_failure	handle-failure-execution	2025-09-23T18:44:02.3956058Z [36;1m# Creamos la issue dado que ha fallado el modulo principal[0m
handle_failure	handle-failure-execution	2025-09-23T18:44:02.3957179Z [36;1mgh issue create  --title "[Ka0S] Error detected in [Ka0s] Delete Swarm Runners" --body "Error detected in [Ka0s] Delete Swarm Runners. Please check the logs for 17955867718 more information of error."[0m
handle_failure	handle-failure-execution	2025-09-23T18:44:02.3978981Z shell: /usr/bin/bash -e {0}
handle_failure	handle-failure-execution	2025-09-23T18:44:02.3979349Z env:
handle_failure	handle-failure-execution	2025-09-23T18:44:02.3980547Z   GITHUB_TOKEN: ***
handle_failure	handle-failure-execution	2025-09-23T18:44:02.3980870Z   KAOS_MODULE: [Ka0s] Delete Swarm Runners
handle_failure	handle-failure-execution	2025-09-23T18:44:02.3981241Z   KAOS_CODE: 17955867718
handle_failure	handle-failure-execution	2025-09-23T18:44:02.3981716Z   GH_TOKEN: ***
handle_failure	handle-failure-execution	2025-09-23T18:44:02.3981975Z ##[endgroup]
handle_failure	handle-failure-execution	2025-09-23T18:44:02.4065124Z Error detected in process
handle_failure	handle-failure-execution	2025-09-23T18:44:03.6702863Z https://github.com/Ka0s-Klaus/ka0s/issues/1569
handle_failure	Post Checkout code	ï»¿2025-09-23T18:44:03.6937769Z Post job cleanup.
handle_failure	Post Checkout code	2025-09-23T18:44:03.8263323Z [command]/usr/bin/git version
handle_failure	Post Checkout code	2025-09-23T18:44:03.8312455Z git version 2.51.0
handle_failure	Post Checkout code	2025-09-23T18:44:03.8373534Z Temporarily overriding HOME='/home/runner/_work/_temp/aefbf24f-a660-4a19-b1cb-8141e0f5f5d4' before making global git config changes
handle_failure	Post Checkout code	2025-09-23T18:44:03.8375093Z Adding repository directory to the temporary git global config as a safe directory
handle_failure	Post Checkout code	2025-09-23T18:44:03.8382680Z [command]/usr/bin/git config --global --add safe.directory /home/runner/_work/ka0s/ka0s
handle_failure	Post Checkout code	2025-09-23T18:44:03.8430753Z [command]/usr/bin/git config --local --name-only --get-regexp core\.sshCommand
handle_failure	Post Checkout code	2025-09-23T18:44:03.8497012Z [command]/usr/bin/git submodule foreach --recursive sh -c "git config --local --name-only --get-regexp 'core\.sshCommand' && git config --local --unset-all 'core.sshCommand' || :"
handle_failure	Post Checkout code	2025-09-23T18:44:03.8829539Z [command]/usr/bin/git config --local --name-only --get-regexp http\.https\:\/\/github\.com\/\.extraheader
handle_failure	Post Checkout code	2025-09-23T18:44:03.8859061Z http.https://github.com/.extraheader
handle_failure	Post Checkout code	2025-09-23T18:44:03.8876967Z [command]/usr/bin/git config --local --unset-all http.https://github.com/.extraheader
handle_failure	Post Checkout code	2025-09-23T18:44:03.8921605Z [command]/usr/bin/git submodule foreach --recursive sh -c "git config --local --name-only --get-regexp 'http\.https\:\/\/github\.com\/\.extraheader' && git config --local --unset-all 'http.https://github.com/.extraheader' || :"
handle_failure	Complete job	ï»¿2025-09-23T18:44:03.9395384Z Cleaning up orphan processes
end-workflow	Set up job	ï»¿2025-09-23T18:44:10.0281500Z Current runner version: '2.328.0'
end-workflow	Set up job	2025-09-23T18:44:10.0289143Z Runner name: '57249c1e3e66'
end-workflow	Set up job	2025-09-23T18:44:10.0290147Z Runner group name: 'swarm-runners'
end-workflow	Set up job	2025-09-23T18:44:10.0291069Z Machine name: '57249c1e3e66'
end-workflow	Set up job	2025-09-23T18:44:10.0294515Z ##[group]GITHUB_TOKEN Permissions
end-workflow	Set up job	2025-09-23T18:44:10.0297481Z Actions: write
end-workflow	Set up job	2025-09-23T18:44:10.0298085Z Contents: read
end-workflow	Set up job	2025-09-23T18:44:10.0298559Z Issues: write
end-workflow	Set up job	2025-09-23T18:44:10.0299185Z Metadata: read
end-workflow	Set up job	2025-09-23T18:44:10.0299665Z ##[endgroup]
end-workflow	Set up job	2025-09-23T18:44:10.0301977Z Secret source: Actions
end-workflow	Set up job	2025-09-23T18:44:10.0302997Z Prepare workflow directory
end-workflow	Set up job	2025-09-23T18:44:10.0848487Z Prepare all required actions
end-workflow	Set up job	2025-09-23T18:44:10.0886927Z Getting action download info
end-workflow	Set up job	2025-09-23T18:44:10.6550978Z Download action repository 'actions/checkout@v4' (SHA:08eba0b27e820071cde6df949e0beb9ba4906955)
end-workflow	Set up job	2025-09-23T18:44:11.5684622Z Complete job name: end-workflow
end-workflow	Checkout code	ï»¿2025-09-23T18:44:11.6204483Z ##[group]Run actions/checkout@v4
end-workflow	Checkout code	2025-09-23T18:44:11.6205400Z with:
end-workflow	Checkout code	2025-09-23T18:44:11.6205829Z   fetch-depth: 0
end-workflow	Checkout code	2025-09-23T18:44:11.6206436Z   token: ***
end-workflow	Checkout code	2025-09-23T18:44:11.6206823Z   repository: Ka0s-Klaus/ka0s
end-workflow	Checkout code	2025-09-23T18:44:11.6207273Z   ssh-strict: true
end-workflow	Checkout code	2025-09-23T18:44:11.6207771Z   ssh-user: git
end-workflow	Checkout code	2025-09-23T18:44:11.6208156Z   persist-credentials: true
end-workflow	Checkout code	2025-09-23T18:44:11.6208583Z   clean: true
end-workflow	Checkout code	2025-09-23T18:44:11.6208969Z   sparse-checkout-cone-mode: true
end-workflow	Checkout code	2025-09-23T18:44:11.6209431Z   fetch-tags: false
end-workflow	Checkout code	2025-09-23T18:44:11.6209820Z   show-progress: true
end-workflow	Checkout code	2025-09-23T18:44:11.6210214Z   lfs: false
end-workflow	Checkout code	2025-09-23T18:44:11.6210562Z   submodules: false
end-workflow	Checkout code	2025-09-23T18:44:11.6210961Z   set-safe-directory: true
end-workflow	Checkout code	2025-09-23T18:44:11.6211603Z env:
end-workflow	Checkout code	2025-09-23T18:44:11.6212125Z   GITHUB_TOKEN: ***
end-workflow	Checkout code	2025-09-23T18:44:11.6212548Z   KAOS_MODULE: [Ka0s] Delete Swarm Runners
end-workflow	Checkout code	2025-09-23T18:44:11.6213036Z   KAOS_CODE: 17955867718
end-workflow	Checkout code	2025-09-23T18:44:11.6213550Z   GH_TOKEN: ***
end-workflow	Checkout code	2025-09-23T18:44:11.6213922Z ##[endgroup]
end-workflow	Checkout code	2025-09-23T18:44:11.7358924Z Syncing repository: Ka0s-Klaus/ka0s
end-workflow	Checkout code	2025-09-23T18:44:11.7361128Z ##[group]Getting Git version info
end-workflow	Checkout code	2025-09-23T18:44:11.7361814Z Working directory is '/home/runner/_work/ka0s/ka0s'
end-workflow	Checkout code	2025-09-23T18:44:11.7362696Z [command]/usr/bin/git version
end-workflow	Checkout code	2025-09-23T18:44:11.7363324Z git version 2.51.0
end-workflow	Checkout code	2025-09-23T18:44:11.7387997Z ##[endgroup]
end-workflow	Checkout code	2025-09-23T18:44:11.7409098Z Temporarily overriding HOME='/home/runner/_work/_temp/6751bd48-e08f-4d18-887e-6b1388e32fb1' before making global git config changes
end-workflow	Checkout code	2025-09-23T18:44:11.7410694Z Adding repository directory to the temporary git global config as a safe directory
end-workflow	Checkout code	2025-09-23T18:44:11.7415998Z [command]/usr/bin/git config --global --add safe.directory /home/runner/_work/ka0s/ka0s
end-workflow	Checkout code	2025-09-23T18:44:11.7456911Z Deleting the contents of '/home/runner/_work/ka0s/ka0s'
end-workflow	Checkout code	2025-09-23T18:44:11.7462122Z ##[group]Initializing the repository
end-workflow	Checkout code	2025-09-23T18:44:11.7464680Z [command]/usr/bin/git init /home/runner/_work/ka0s/ka0s
end-workflow	Checkout code	2025-09-23T18:44:11.7511527Z hint: Using 'master' as the name for the initial branch. This default branch name
end-workflow	Checkout code	2025-09-23T18:44:11.7512638Z hint: is subject to change. To configure the initial branch name to use in all
end-workflow	Checkout code	2025-09-23T18:44:11.7513574Z hint: of your new repositories, which will suppress this warning, call:
end-workflow	Checkout code	2025-09-23T18:44:11.7514258Z hint:
end-workflow	Checkout code	2025-09-23T18:44:11.7514748Z hint: 	git config --global init.defaultBranch <name>
end-workflow	Checkout code	2025-09-23T18:44:11.7515527Z hint:
end-workflow	Checkout code	2025-09-23T18:44:11.7516095Z hint: Names commonly chosen instead of 'master' are 'main', 'trunk' and
end-workflow	Checkout code	2025-09-23T18:44:11.7517015Z hint: 'development'. The just-created branch can be renamed via this command:
end-workflow	Checkout code	2025-09-23T18:44:11.7517750Z hint:
end-workflow	Checkout code	2025-09-23T18:44:11.7518143Z hint: 	git branch -m <name>
end-workflow	Checkout code	2025-09-23T18:44:11.7518598Z hint:
end-workflow	Checkout code	2025-09-23T18:44:11.7519205Z hint: Disable this message with "git config set advice.defaultBranchName false"
end-workflow	Checkout code	2025-09-23T18:44:11.7520183Z Initialized empty Git repository in /home/runner/_work/ka0s/ka0s/.git/
end-workflow	Checkout code	2025-09-23T18:44:11.7522152Z [command]/usr/bin/git remote add origin https://github.com/Ka0s-Klaus/ka0s
end-workflow	Checkout code	2025-09-23T18:44:11.7557458Z ##[endgroup]
end-workflow	Checkout code	2025-09-23T18:44:11.7558656Z ##[group]Disabling automatic garbage collection
end-workflow	Checkout code	2025-09-23T18:44:11.7561443Z [command]/usr/bin/git config --local gc.auto 0
end-workflow	Checkout code	2025-09-23T18:44:11.7592727Z ##[endgroup]
end-workflow	Checkout code	2025-09-23T18:44:11.7593494Z ##[group]Setting up auth
end-workflow	Checkout code	2025-09-23T18:44:11.7599568Z [command]/usr/bin/git config --local --name-only --get-regexp core\.sshCommand
end-workflow	Checkout code	2025-09-23T18:44:11.7633731Z [command]/usr/bin/git submodule foreach --recursive sh -c "git config --local --name-only --get-regexp 'core\.sshCommand' && git config --local --unset-all 'core.sshCommand' || :"
end-workflow	Checkout code	2025-09-23T18:44:11.7879828Z [command]/usr/bin/git config --local --name-only --get-regexp http\.https\:\/\/github\.com\/\.extraheader
end-workflow	Checkout code	2025-09-23T18:44:11.7912221Z [command]/usr/bin/git submodule foreach --recursive sh -c "git config --local --name-only --get-regexp 'http\.https\:\/\/github\.com\/\.extraheader' && git config --local --unset-all 'http.https://github.com/.extraheader' || :"
end-workflow	Checkout code	2025-09-23T18:44:11.8161115Z [command]/usr/bin/git config --local http.https://github.com/.extraheader AUTHORIZATION: basic ***
end-workflow	Checkout code	2025-09-23T18:44:11.8201338Z ##[endgroup]
end-workflow	Checkout code	2025-09-23T18:44:11.8202207Z ##[group]Fetching the repository
end-workflow	Checkout code	2025-09-23T18:44:11.8210057Z [command]/usr/bin/git -c protocol.version=2 fetch --prune --no-recurse-submodules origin +refs/heads/*:refs/remotes/origin/* +refs/tags/*:refs/tags/*
end-workflow	Checkout code	2025-09-23T18:44:21.7451364Z From https://github.com/Ka0s-Klaus/ka0s
end-workflow	Checkout code	2025-09-23T18:44:21.7453244Z  * [new branch]        F1149-desarrollo-de-orchestrator -> origin/F1149-desarrollo-de-orchestrator
end-workflow	Checkout code	2025-09-23T18:44:21.7456028Z  * [new branch]        F1183-personalizaciÃ³n-mÃ³dulo-finops -> origin/F1183-personalizaciÃ³n-mÃ³dulo-finops
end-workflow	Checkout code	2025-09-23T18:44:21.7458212Z  * [new branch]        F1224-new-module-mongodb -> origin/F1224-new-module-mongodb
end-workflow	Checkout code	2025-09-23T18:44:21.7459944Z  * [new branch]        F220-web-de-resultados  -> origin/F220-web-de-resultados
end-workflow	Checkout code	2025-09-23T18:44:21.7462597Z  * [new branch]        F227-despliegue-de-kube-independiente-del-clouder -> origin/F227-despliegue-de-kube-independiente-del-clouder
end-workflow	Checkout code	2025-09-23T18:44:21.7466555Z  * [new branch]        F329-documentacion-metodologia-de-kaos -> origin/F329-documentacion-metodologia-de-kaos
end-workflow	Checkout code	2025-09-23T18:44:21.7469357Z  * [new branch]        F44-creaciÃ³n-mÃ³dulo-versionado -> origin/F44-creaciÃ³n-mÃ³dulo-versionado
end-workflow	Checkout code	2025-09-23T18:44:21.7471747Z  * [new branch]        H1128-mÃ³dulo-de-observabilidad -> origin/H1128-mÃ³dulo-de-observabilidad
end-workflow	Checkout code	2025-09-23T18:44:21.7492004Z  * [new branch]        H1139-como-instalar-arc-control -> origin/H1139-como-instalar-arc-control
end-workflow	Checkout code	2025-09-23T18:44:21.7494662Z  * [new branch]        H1149-desarrollo-de-orchestrator -> origin/H1149-desarrollo-de-orchestrator
end-workflow	Checkout code	2025-09-23T18:44:21.7497270Z  * [new branch]        H1150-desarrollo-de-secciones -> origin/H1150-desarrollo-de-secciones
end-workflow	Checkout code	2025-09-23T18:44:21.7499945Z  * [new branch]        H1151-desarrollo-de-secciones-ii -> origin/H1151-desarrollo-de-secciones-ii
end-workflow	Checkout code	2025-09-23T18:44:21.7502475Z  * [new branch]        H1152-desarrollo-inicio -> origin/H1152-desarrollo-inicio
end-workflow	Checkout code	2025-09-23T18:44:21.7505343Z  * [new branch]        H1183-personalizaciÃ³n-mÃ³dulo-finops -> origin/H1183-personalizaciÃ³n-mÃ³dulo-finops
end-workflow	Checkout code	2025-09-23T18:44:21.7508360Z  * [new branch]        H1193-ejemplo-web-documentacion -> origin/H1193-ejemplo-web-documentacion
end-workflow	Checkout code	2025-09-23T18:44:21.7511043Z  * [new branch]        H1205-web-creation      -> origin/H1205-web-creation
end-workflow	Checkout code	2025-09-23T18:44:21.7513193Z  * [new branch]        H1224-new-module-mongodb -> origin/H1224-new-module-mongodb
end-workflow	Checkout code	2025-09-23T18:44:21.7515460Z  * [new branch]        H1410-modulo-execution  -> origin/H1410-modulo-execution
end-workflow	Checkout code	2025-09-23T18:44:21.7519601Z  * [new branch]        H1514-new-swarm-deployment-stack-with-actions-runners-autoscale -> origin/H1514-new-swarm-deployment-stack-with-actions-runners-autoscale
end-workflow	Checkout code	2025-09-23T18:44:21.7523342Z  * [new branch]        H215-modulo-de-summary  -> origin/H215-modulo-de-summary
end-workflow	Checkout code	2025-09-23T18:44:21.7525435Z  * [new branch]        H220-web-de-resultados  -> origin/H220-web-de-resultados
end-workflow	Checkout code	2025-09-23T18:44:21.7529353Z  * [new branch]        H227-despliegue-de-kube-independiente-del-clouder -> origin/H227-despliegue-de-kube-independiente-del-clouder
end-workflow	Checkout code	2025-09-23T18:44:21.7532825Z  * [new branch]        H306-ficheros-de-estadisticas -> origin/H306-ficheros-de-estadisticas
end-workflow	Checkout code	2025-09-23T18:44:21.7536152Z  * [new branch]        H328-documentacion-modulo-principal-de-kaos -> origin/H328-documentacion-modulo-principal-de-kaos
end-workflow	Checkout code	2025-09-23T18:44:21.7539653Z  * [new branch]        H329-documentacion-metodologia-de-kaos -> origin/H329-documentacion-metodologia-de-kaos
end-workflow	Checkout code	2025-09-23T18:44:21.7542955Z  * [new branch]        H338-relanzador-de-jobs-en-caso-de-pattern -> origin/H338-relanzador-de-jobs-en-caso-de-pattern
end-workflow	Checkout code	2025-09-23T18:44:21.7546551Z  * [new branch]        H38-documentacion-basica-del-proyecto -> origin/H38-documentacion-basica-del-proyecto
end-workflow	Checkout code	2025-09-23T18:44:21.7549480Z  * [new branch]        H44-creaciÃ³n-mÃ³dulo-versionado -> origin/H44-creaciÃ³n-mÃ³dulo-versionado
end-workflow	Checkout code	2025-09-23T18:44:21.7552347Z  * [new branch]        RN1149-desarrollo-de-orchestrator -> origin/RN1149-desarrollo-de-orchestrator
end-workflow	Checkout code	2025-09-23T18:44:21.7555274Z  * [new branch]        RN1183-personalizaciÃ³n-mÃ³dulo-finops -> origin/RN1183-personalizaciÃ³n-mÃ³dulo-finops
end-workflow	Checkout code	2025-09-23T18:44:21.7559360Z  * [new branch]        RN1282-ka0s-error-detected-in-ka0s-workflow-statistics-summary -> origin/RN1282-ka0s-error-detected-in-ka0s-workflow-statistics-summary
end-workflow	Checkout code	2025-09-23T18:44:21.7562819Z  * [new branch]        RN220-web-de-resultados -> origin/RN220-web-de-resultados
end-workflow	Checkout code	2025-09-23T18:44:21.7566302Z  * [new branch]        RN227-despliegue-de-kube-independiente-del-clouder -> origin/RN227-despliegue-de-kube-independiente-del-clouder
end-workflow	Checkout code	2025-09-23T18:44:21.7570028Z  * [new branch]        RN329-documentacion-metodologia-de-kaos -> origin/RN329-documentacion-metodologia-de-kaos
end-workflow	Checkout code	2025-09-23T18:44:21.7572399Z  * [new branch]        main                    -> origin/main
end-workflow	Checkout code	2025-09-23T18:44:21.7574065Z  * [new tag]           0.0.0                   -> 0.0.0
end-workflow	Checkout code	2025-09-23T18:44:21.7575762Z  * [new tag]           0.0.1                   -> 0.0.1
end-workflow	Checkout code	2025-09-23T18:44:21.7577149Z  * [new tag]           0.0.10                  -> 0.0.10
end-workflow	Checkout code	2025-09-23T18:44:21.7578510Z  * [new tag]           0.0.100                 -> 0.0.100
end-workflow	Checkout code	2025-09-23T18:44:21.7579866Z  * [new tag]           0.0.101                 -> 0.0.101
end-workflow	Checkout code	2025-09-23T18:44:21.7581221Z  * [new tag]           0.0.102                 -> 0.0.102
end-workflow	Checkout code	2025-09-23T18:44:21.7582589Z  * [new tag]           0.0.103                 -> 0.0.103
end-workflow	Checkout code	2025-09-23T18:44:21.7583936Z  * [new tag]           0.0.104                 -> 0.0.104
end-workflow	Checkout code	2025-09-23T18:44:21.7585533Z  * [new tag]           0.0.105                 -> 0.0.105
end-workflow	Checkout code	2025-09-23T18:44:21.7587019Z  * [new tag]           0.0.106                 -> 0.0.106
end-workflow	Checkout code	2025-09-23T18:44:21.7588384Z  * [new tag]           0.0.107                 -> 0.0.107
end-workflow	Checkout code	2025-09-23T18:44:21.7589731Z  * [new tag]           0.0.108                 -> 0.0.108
end-workflow	Checkout code	2025-09-23T18:44:21.7591082Z  * [new tag]           0.0.109                 -> 0.0.109
end-workflow	Checkout code	2025-09-23T18:44:21.7592404Z  * [new tag]           0.0.11                  -> 0.0.11
end-workflow	Checkout code	2025-09-23T18:44:21.7593715Z  * [new tag]           0.0.110                 -> 0.0.110
end-workflow	Checkout code	2025-09-23T18:44:21.7595004Z  * [new tag]           0.0.111                 -> 0.0.111
end-workflow	Checkout code	2025-09-23T18:44:21.7596622Z  * [new tag]           0.0.112                 -> 0.0.112
end-workflow	Checkout code	2025-09-23T18:44:21.7597908Z  * [new tag]           0.0.113                 -> 0.0.113
end-workflow	Checkout code	2025-09-23T18:44:21.7599184Z  * [new tag]           0.0.114                 -> 0.0.114
end-workflow	Checkout code	2025-09-23T18:44:21.7600448Z  * [new tag]           0.0.115                 -> 0.0.115
end-workflow	Checkout code	2025-09-23T18:44:21.7601714Z  * [new tag]           0.0.116                 -> 0.0.116
end-workflow	Checkout code	2025-09-23T18:44:21.7602976Z  * [new tag]           0.0.117                 -> 0.0.117
end-workflow	Checkout code	2025-09-23T18:44:21.7604251Z  * [new tag]           0.0.118                 -> 0.0.118
end-workflow	Checkout code	2025-09-23T18:44:21.7606112Z  * [new tag]           0.0.119                 -> 0.0.119
end-workflow	Checkout code	2025-09-23T18:44:21.7607386Z  * [new tag]           0.0.12                  -> 0.0.12
end-workflow	Checkout code	2025-09-23T18:44:21.7608820Z  * [new tag]           0.0.120                 -> 0.0.120
end-workflow	Checkout code	2025-09-23T18:44:21.7610079Z  * [new tag]           0.0.121                 -> 0.0.121
end-workflow	Checkout code	2025-09-23T18:44:21.7611350Z  * [new tag]           0.0.122                 -> 0.0.122
end-workflow	Checkout code	2025-09-23T18:44:21.7612612Z  * [new tag]           0.0.123                 -> 0.0.123
end-workflow	Checkout code	2025-09-23T18:44:21.7613908Z  * [new tag]           0.0.124                 -> 0.0.124
end-workflow	Checkout code	2025-09-23T18:44:21.7615230Z  * [new tag]           0.0.125                 -> 0.0.125
end-workflow	Checkout code	2025-09-23T18:44:21.7616764Z  * [new tag]           0.0.126                 -> 0.0.126
end-workflow	Checkout code	2025-09-23T18:44:21.7618020Z  * [new tag]           0.0.127                 -> 0.0.127
end-workflow	Checkout code	2025-09-23T18:44:21.7619273Z  * [new tag]           0.0.128                 -> 0.0.128
end-workflow	Checkout code	2025-09-23T18:44:21.7620531Z  * [new tag]           0.0.129                 -> 0.0.129
end-workflow	Checkout code	2025-09-23T18:44:21.7621795Z  * [new tag]           0.0.13                  -> 0.0.13
end-workflow	Checkout code	2025-09-23T18:44:21.7623212Z  * [new tag]           0.0.130                 -> 0.0.130
end-workflow	Checkout code	2025-09-23T18:44:21.7624479Z  * [new tag]           0.0.131                 -> 0.0.131
end-workflow	Checkout code	2025-09-23T18:44:21.7626057Z  * [new tag]           0.0.132                 -> 0.0.132
end-workflow	Checkout code	2025-09-23T18:44:21.7627302Z  * [new tag]           0.0.133                 -> 0.0.133
end-workflow	Checkout code	2025-09-23T18:44:21.7628555Z  * [new tag]           0.0.134                 -> 0.0.134
end-workflow	Checkout code	2025-09-23T18:44:21.7629823Z  * [new tag]           0.0.135                 -> 0.0.135
end-workflow	Checkout code	2025-09-23T18:44:21.7631066Z  * [new tag]           0.0.136                 -> 0.0.136
end-workflow	Checkout code	2025-09-23T18:44:21.7632311Z  * [new tag]           0.0.137                 -> 0.0.137
end-workflow	Checkout code	2025-09-23T18:44:21.7633551Z  * [new tag]           0.0.138                 -> 0.0.138
end-workflow	Checkout code	2025-09-23T18:44:21.7634803Z  * [new tag]           0.0.139                 -> 0.0.139
end-workflow	Checkout code	2025-09-23T18:44:21.7636356Z  * [new tag]           0.0.14                  -> 0.0.14
end-workflow	Checkout code	2025-09-23T18:44:21.7637614Z  * [new tag]           0.0.140                 -> 0.0.140
end-workflow	Checkout code	2025-09-23T18:44:21.7639144Z  * [new tag]           0.0.141                 -> 0.0.141
end-workflow	Checkout code	2025-09-23T18:44:21.7640394Z  * [new tag]           0.0.142                 -> 0.0.142
end-workflow	Checkout code	2025-09-23T18:44:21.7641649Z  * [new tag]           0.0.143                 -> 0.0.143
end-workflow	Checkout code	2025-09-23T18:44:21.7642907Z  * [new tag]           0.0.144                 -> 0.0.144
end-workflow	Checkout code	2025-09-23T18:44:21.7644334Z  * [new tag]           0.0.145                 -> 0.0.145
end-workflow	Checkout code	2025-09-23T18:44:21.7645647Z  * [new tag]           0.0.146                 -> 0.0.146
end-workflow	Checkout code	2025-09-23T18:44:21.7646926Z  * [new tag]           0.0.147                 -> 0.0.147
end-workflow	Checkout code	2025-09-23T18:44:21.7648195Z  * [new tag]           0.0.148                 -> 0.0.148
end-workflow	Checkout code	2025-09-23T18:44:21.7649630Z  * [new tag]           0.0.149                 -> 0.0.149
end-workflow	Checkout code	2025-09-23T18:44:21.7651193Z  * [new tag]           0.0.15                  -> 0.0.15
end-workflow	Checkout code	2025-09-23T18:44:21.7652589Z  * [new tag]           0.0.150                 -> 0.0.150
end-workflow	Checkout code	2025-09-23T18:44:21.7653866Z  * [new tag]           0.0.151                 -> 0.0.151
end-workflow	Checkout code	2025-09-23T18:44:21.7655165Z  * [new tag]           0.0.152                 -> 0.0.152
end-workflow	Checkout code	2025-09-23T18:44:21.7656714Z  * [new tag]           0.0.153                 -> 0.0.153
end-workflow	Checkout code	2025-09-23T18:44:21.7657950Z  * [new tag]           0.0.154                 -> 0.0.154
end-workflow	Checkout code	2025-09-23T18:44:21.7659170Z  * [new tag]           0.0.155                 -> 0.0.155
end-workflow	Checkout code	2025-09-23T18:44:21.7660400Z  * [new tag]           0.0.156                 -> 0.0.156
end-workflow	Checkout code	2025-09-23T18:44:21.7661616Z  * [new tag]           0.0.157                 -> 0.0.157
end-workflow	Checkout code	2025-09-23T18:44:21.7662823Z  * [new tag]           0.0.158                 -> 0.0.158
end-workflow	Checkout code	2025-09-23T18:44:21.7664038Z  * [new tag]           0.0.159                 -> 0.0.159
end-workflow	Checkout code	2025-09-23T18:44:21.7665294Z  * [new tag]           0.0.16                  -> 0.0.16
end-workflow	Checkout code	2025-09-23T18:44:21.7666517Z  * [new tag]           0.0.160                 -> 0.0.160
end-workflow	Checkout code	2025-09-23T18:44:21.7667733Z  * [new tag]           0.0.161                 -> 0.0.161
end-workflow	Checkout code	2025-09-23T18:44:21.7668967Z  * [new tag]           0.0.162                 -> 0.0.162
end-workflow	Checkout code	2025-09-23T18:44:21.7670359Z  * [new tag]           0.0.163                 -> 0.0.163
end-workflow	Checkout code	2025-09-23T18:44:21.7671551Z  * [new tag]           0.0.164                 -> 0.0.164
end-workflow	Checkout code	2025-09-23T18:44:21.7672763Z  * [new tag]           0.0.165                 -> 0.0.165
end-workflow	Checkout code	2025-09-23T18:44:21.7674412Z  * [new tag]           0.0.166                 -> 0.0.166
end-workflow	Checkout code	2025-09-23T18:44:21.7675715Z  * [new tag]           0.0.167                 -> 0.0.167
end-workflow	Checkout code	2025-09-23T18:44:21.7677048Z  * [new tag]           0.0.168                 -> 0.0.168
end-workflow	Checkout code	2025-09-23T18:44:21.7678260Z  * [new tag]           0.0.169                 -> 0.0.169
end-workflow	Checkout code	2025-09-23T18:44:21.7679621Z  * [new tag]           0.0.17                  -> 0.0.17
end-workflow	Checkout code	2025-09-23T18:44:21.7680995Z  * [new tag]           0.0.170                 -> 0.0.170
end-workflow	Checkout code	2025-09-23T18:44:21.7682240Z  * [new tag]           0.0.171                 -> 0.0.171
end-workflow	Checkout code	2025-09-23T18:44:21.7683804Z  * [new tag]           0.0.172                 -> 0.0.172
end-workflow	Checkout code	2025-09-23T18:44:21.7685433Z  * [new tag]           0.0.173                 -> 0.0.173
end-workflow	Checkout code	2025-09-23T18:44:21.7686673Z  * [new tag]           0.0.174                 -> 0.0.174
end-workflow	Checkout code	2025-09-23T18:44:21.7688156Z  * [new tag]           0.0.175                 -> 0.0.175
end-workflow	Checkout code	2025-09-23T18:44:21.7689642Z  * [new tag]           0.0.176                 -> 0.0.176
end-workflow	Checkout code	2025-09-23T18:44:21.7690985Z  * [new tag]           0.0.177                 -> 0.0.177
end-workflow	Checkout code	2025-09-23T18:44:21.7692259Z  * [new tag]           0.0.178                 -> 0.0.178
end-workflow	Checkout code	2025-09-23T18:44:21.7693414Z  * [new tag]           0.0.179                 -> 0.0.179
end-workflow	Checkout code	2025-09-23T18:44:21.7694552Z  * [new tag]           0.0.18                  -> 0.0.18
end-workflow	Checkout code	2025-09-23T18:44:21.7696167Z  * [new tag]           0.0.19                  -> 0.0.19
end-workflow	Checkout code	2025-09-23T18:44:21.7697434Z  * [new tag]           0.0.2                   -> 0.0.2
end-workflow	Checkout code	2025-09-23T18:44:21.7698580Z  * [new tag]           0.0.20                  -> 0.0.20
end-workflow	Checkout code	2025-09-23T18:44:21.7699728Z  * [new tag]           0.0.21                  -> 0.0.21
end-workflow	Checkout code	2025-09-23T18:44:21.7700892Z  * [new tag]           0.0.22                  -> 0.0.22
end-workflow	Checkout code	2025-09-23T18:44:21.7702054Z  * [new tag]           0.0.23                  -> 0.0.23
end-workflow	Checkout code	2025-09-23T18:44:21.7703207Z  * [new tag]           0.0.24                  -> 0.0.24
end-workflow	Checkout code	2025-09-23T18:44:21.7704361Z  * [new tag]           0.0.25                  -> 0.0.25
end-workflow	Checkout code	2025-09-23T18:44:21.7705831Z  * [new tag]           0.0.26                  -> 0.0.26
end-workflow	Checkout code	2025-09-23T18:44:21.7706986Z  * [new tag]           0.0.27                  -> 0.0.27
end-workflow	Checkout code	2025-09-23T18:44:21.7708136Z  * [new tag]           0.0.28                  -> 0.0.28
end-workflow	Checkout code	2025-09-23T18:44:21.7709284Z  * [new tag]           0.0.29                  -> 0.0.29
end-workflow	Checkout code	2025-09-23T18:44:21.7710425Z  * [new tag]           0.0.3                   -> 0.0.3
end-workflow	Checkout code	2025-09-23T18:44:21.7711565Z  * [new tag]           0.0.30                  -> 0.0.30
end-workflow	Checkout code	2025-09-23T18:44:21.7712704Z  * [new tag]           0.0.31                  -> 0.0.31
end-workflow	Checkout code	2025-09-23T18:44:21.7713850Z  * [new tag]           0.0.32                  -> 0.0.32
end-workflow	Checkout code	2025-09-23T18:44:21.7715011Z  * [new tag]           0.0.33                  -> 0.0.33
end-workflow	Checkout code	2025-09-23T18:44:21.7716482Z  * [new tag]           0.0.34                  -> 0.0.34
end-workflow	Checkout code	2025-09-23T18:44:21.7717625Z  * [new tag]           0.0.35                  -> 0.0.35
end-workflow	Checkout code	2025-09-23T18:44:21.7718784Z  * [new tag]           0.0.36                  -> 0.0.36
end-workflow	Checkout code	2025-09-23T18:44:21.7719925Z  * [new tag]           0.0.37                  -> 0.0.37
end-workflow	Checkout code	2025-09-23T18:44:21.7721072Z  * [new tag]           0.0.38                  -> 0.0.38
end-workflow	Checkout code	2025-09-23T18:44:21.7722213Z  * [new tag]           0.0.39                  -> 0.0.39
end-workflow	Checkout code	2025-09-23T18:44:21.7723353Z  * [new tag]           0.0.4                   -> 0.0.4
end-workflow	Checkout code	2025-09-23T18:44:21.7724491Z  * [new tag]           0.0.40                  -> 0.0.40
end-workflow	Checkout code	2025-09-23T18:44:21.7725945Z  * [new tag]           0.0.41                  -> 0.0.41
end-workflow	Checkout code	2025-09-23T18:44:21.7727099Z  * [new tag]           0.0.42                  -> 0.0.42
end-workflow	Checkout code	2025-09-23T18:44:21.7728249Z  * [new tag]           0.0.43                  -> 0.0.43
end-workflow	Checkout code	2025-09-23T18:44:21.7729414Z  * [new tag]           0.0.44                  -> 0.0.44
end-workflow	Checkout code	2025-09-23T18:44:21.7730740Z  * [new tag]           0.0.45                  -> 0.0.45
end-workflow	Checkout code	2025-09-23T18:44:21.7731891Z  * [new tag]           0.0.46                  -> 0.0.46
end-workflow	Checkout code	2025-09-23T18:44:21.7733035Z  * [new tag]           0.0.47                  -> 0.0.47
end-workflow	Checkout code	2025-09-23T18:44:21.7734186Z  * [new tag]           0.0.48                  -> 0.0.48
end-workflow	Checkout code	2025-09-23T18:44:21.7735385Z  * [new tag]           0.0.49                  -> 0.0.49
end-workflow	Checkout code	2025-09-23T18:44:21.7736528Z  * [new tag]           0.0.5                   -> 0.0.5
end-workflow	Checkout code	2025-09-23T18:44:21.7737663Z  * [new tag]           0.0.50                  -> 0.0.50
end-workflow	Checkout code	2025-09-23T18:44:21.7738814Z  * [new tag]           0.0.51                  -> 0.0.51
end-workflow	Checkout code	2025-09-23T18:44:21.7739961Z  * [new tag]           0.0.52                  -> 0.0.52
end-workflow	Checkout code	2025-09-23T18:44:21.7741106Z  * [new tag]           0.0.53                  -> 0.0.53
end-workflow	Checkout code	2025-09-23T18:44:21.7742254Z  * [new tag]           0.0.54                  -> 0.0.54
end-workflow	Checkout code	2025-09-23T18:44:21.7743555Z  * [new tag]           0.0.55                  -> 0.0.55
end-workflow	Checkout code	2025-09-23T18:44:21.7744713Z  * [new tag]           0.0.56                  -> 0.0.56
end-workflow	Checkout code	2025-09-23T18:44:21.7745906Z  * [new tag]           0.0.57                  -> 0.0.57
end-workflow	Checkout code	2025-09-23T18:44:21.7747058Z  * [new tag]           0.0.58                  -> 0.0.58
end-workflow	Checkout code	2025-09-23T18:44:21.7748201Z  * [new tag]           0.0.59                  -> 0.0.59
end-workflow	Checkout code	2025-09-23T18:44:21.7749343Z  * [new tag]           0.0.6                   -> 0.0.6
end-workflow	Checkout code	2025-09-23T18:44:21.7750478Z  * [new tag]           0.0.60                  -> 0.0.60
end-workflow	Checkout code	2025-09-23T18:44:21.7751624Z  * [new tag]           0.0.61                  -> 0.0.61
end-workflow	Checkout code	2025-09-23T18:44:21.7752765Z  * [new tag]           0.0.62                  -> 0.0.62
end-workflow	Checkout code	2025-09-23T18:44:21.7753921Z  * [new tag]           0.0.63                  -> 0.0.63
end-workflow	Checkout code	2025-09-23T18:44:21.7755065Z  * [new tag]           0.0.64                  -> 0.0.64
end-workflow	Checkout code	2025-09-23T18:44:21.7756729Z  * [new tag]           0.0.65                  -> 0.0.65
end-workflow	Checkout code	2025-09-23T18:44:21.7757892Z  * [new tag]           0.0.66                  -> 0.0.66
end-workflow	Checkout code	2025-09-23T18:44:21.7759056Z  * [new tag]           0.0.67                  -> 0.0.67
end-workflow	Checkout code	2025-09-23T18:44:21.7760208Z  * [new tag]           0.0.68                  -> 0.0.68
end-workflow	Checkout code	2025-09-23T18:44:21.7761354Z  * [new tag]           0.0.69                  -> 0.0.69
end-workflow	Checkout code	2025-09-23T18:44:21.7762487Z  * [new tag]           0.0.7                   -> 0.0.7
end-workflow	Checkout code	2025-09-23T18:44:21.7763778Z  * [new tag]           0.0.70                  -> 0.0.70
end-workflow	Checkout code	2025-09-23T18:44:21.7764947Z  * [new tag]           0.0.71                  -> 0.0.71
end-workflow	Checkout code	2025-09-23T18:44:21.7766263Z  * [new tag]           0.0.72                  -> 0.0.72
end-workflow	Checkout code	2025-09-23T18:44:21.7767575Z  * [new tag]           0.0.73                  -> 0.0.73
end-workflow	Checkout code	2025-09-23T18:44:21.7768858Z  * [new tag]           0.0.74                  -> 0.0.74
end-workflow	Checkout code	2025-09-23T18:44:21.7770004Z  * [new tag]           0.0.75                  -> 0.0.75
end-workflow	Checkout code	2025-09-23T18:44:21.7771188Z  * [new tag]           0.0.76                  -> 0.0.76
end-workflow	Checkout code	2025-09-23T18:44:21.7772332Z  * [new tag]           0.0.77                  -> 0.0.77
end-workflow	Checkout code	2025-09-23T18:44:21.7773484Z  * [new tag]           0.0.78                  -> 0.0.78
end-workflow	Checkout code	2025-09-23T18:44:21.7774649Z  * [new tag]           0.0.79                  -> 0.0.79
end-workflow	Checkout code	2025-09-23T18:44:21.7776229Z  * [new tag]           0.0.8                   -> 0.0.8
end-workflow	Checkout code	2025-09-23T18:44:21.7777514Z  * [new tag]           0.0.80                  -> 0.0.80
end-workflow	Checkout code	2025-09-23T18:44:21.7778788Z  * [new tag]           0.0.81                  -> 0.0.81
end-workflow	Checkout code	2025-09-23T18:44:21.7779960Z  * [new tag]           0.0.82                  -> 0.0.82
end-workflow	Checkout code	2025-09-23T18:44:21.7781412Z  * [new tag]           0.0.83                  -> 0.0.83
end-workflow	Checkout code	2025-09-23T18:44:21.7782686Z  * [new tag]           0.0.84                  -> 0.0.84
end-workflow	Checkout code	2025-09-23T18:44:21.7784085Z  * [new tag]           0.0.85                  -> 0.0.85
end-workflow	Checkout code	2025-09-23T18:44:21.7785428Z  * [new tag]           0.0.86                  -> 0.0.86
end-workflow	Checkout code	2025-09-23T18:44:21.7786771Z  * [new tag]           0.0.87                  -> 0.0.87
end-workflow	Checkout code	2025-09-23T18:44:21.7788123Z  * [new tag]           0.0.88                  -> 0.0.88
end-workflow	Checkout code	2025-09-23T18:44:21.7789251Z  * [new tag]           0.0.89                  -> 0.0.89
end-workflow	Checkout code	2025-09-23T18:44:21.7790522Z  * [new tag]           0.0.9                   -> 0.0.9
end-workflow	Checkout code	2025-09-23T18:44:21.7791864Z  * [new tag]           0.0.90                  -> 0.0.90
end-workflow	Checkout code	2025-09-23T18:44:21.7793161Z  * [new tag]           0.0.91                  -> 0.0.91
end-workflow	Checkout code	2025-09-23T18:44:21.7794419Z  * [new tag]           0.0.92                  -> 0.0.92
end-workflow	Checkout code	2025-09-23T18:44:21.7796037Z  * [new tag]           0.0.93                  -> 0.0.93
end-workflow	Checkout code	2025-09-23T18:44:21.7797330Z  * [new tag]           0.0.94                  -> 0.0.94
end-workflow	Checkout code	2025-09-23T18:44:21.7798755Z  * [new tag]           0.0.95                  -> 0.0.95
end-workflow	Checkout code	2025-09-23T18:44:21.7800717Z  * [new tag]           0.0.96                  -> 0.0.96
end-workflow	Checkout code	2025-09-23T18:44:21.7801987Z  * [new tag]           0.0.97                  -> 0.0.97
end-workflow	Checkout code	2025-09-23T18:44:21.7803381Z  * [new tag]           0.0.98                  -> 0.0.98
end-workflow	Checkout code	2025-09-23T18:44:21.7804538Z  * [new tag]           0.0.99                  -> 0.0.99
end-workflow	Checkout code	2025-09-23T18:44:21.7805901Z  * [new tag]           0.1.0                   -> 0.1.0
end-workflow	Checkout code	2025-09-23T18:44:21.7807315Z  * [new tag]           0.1.1                   -> 0.1.1
end-workflow	Checkout code	2025-09-23T18:44:21.7808414Z  * [new tag]           0.2.0                   -> 0.2.0
end-workflow	Checkout code	2025-09-23T18:44:21.7809555Z  * [new tag]           0.3.0                   -> 0.3.0
end-workflow	Checkout code	2025-09-23T18:44:21.7810670Z  * [new tag]           0.3.1                   -> 0.3.1
end-workflow	Checkout code	2025-09-23T18:44:21.7811934Z  * [new tag]           0.3.10                  -> 0.3.10
end-workflow	Checkout code	2025-09-23T18:44:21.7813105Z  * [new tag]           0.3.11                  -> 0.3.11
end-workflow	Checkout code	2025-09-23T18:44:21.7814269Z  * [new tag]           0.3.12                  -> 0.3.12
end-workflow	Checkout code	2025-09-23T18:44:21.7815765Z  * [new tag]           0.3.13                  -> 0.3.13
end-workflow	Checkout code	2025-09-23T18:44:21.7817051Z  * [new tag]           0.3.14                  -> 0.3.14
end-workflow	Checkout code	2025-09-23T18:44:21.7818195Z  * [new tag]           0.3.15                  -> 0.3.15
end-workflow	Checkout code	2025-09-23T18:44:21.7819334Z  * [new tag]           0.3.16                  -> 0.3.16
end-workflow	Checkout code	2025-09-23T18:44:21.7820458Z  * [new tag]           0.3.17                  -> 0.3.17
end-workflow	Checkout code	2025-09-23T18:44:21.7821576Z  * [new tag]           0.3.2                   -> 0.3.2
end-workflow	Checkout code	2025-09-23T18:44:21.7822670Z  * [new tag]           0.3.3                   -> 0.3.3
end-workflow	Checkout code	2025-09-23T18:44:21.7823764Z  * [new tag]           0.3.4                   -> 0.3.4
end-workflow	Checkout code	2025-09-23T18:44:21.7825049Z  * [new tag]           0.3.5                   -> 0.3.5
end-workflow	Checkout code	2025-09-23T18:44:21.7826529Z  * [new tag]           0.3.6                   -> 0.3.6
end-workflow	Checkout code	2025-09-23T18:44:21.7827629Z  * [new tag]           0.3.7                   -> 0.3.7
end-workflow	Checkout code	2025-09-23T18:44:21.7828745Z  * [new tag]           0.3.8                   -> 0.3.8
end-workflow	Checkout code	2025-09-23T18:44:21.7829849Z  * [new tag]           0.3.9                   -> 0.3.9
end-workflow	Checkout code	2025-09-23T18:44:21.7830947Z  * [new tag]           0.4.0                   -> 0.4.0
end-workflow	Checkout code	2025-09-23T18:44:21.7832060Z  * [new tag]           0.4.1                   -> 0.4.1
end-workflow	Checkout code	2025-09-23T18:44:21.7833162Z  * [new tag]           0.4.2                   -> 0.4.2
end-workflow	Checkout code	2025-09-23T18:44:21.7834278Z  * [new tag]           0.4.3                   -> 0.4.3
end-workflow	Checkout code	2025-09-23T18:44:21.7835586Z  * [new tag]           0.4.4                   -> 0.4.4
end-workflow	Checkout code	2025-09-23T18:44:21.7836940Z  * [new tag]           0.4.5                   -> 0.4.5
end-workflow	Checkout code	2025-09-23T18:44:21.7838046Z  * [new tag]           0.4.6                   -> 0.4.6
end-workflow	Checkout code	2025-09-23T18:44:21.7840989Z [command]/usr/bin/git branch --list --remote origin/main
end-workflow	Checkout code	2025-09-23T18:44:21.7863748Z   origin/main
end-workflow	Checkout code	2025-09-23T18:44:21.7875685Z [command]/usr/bin/git rev-parse refs/remotes/origin/main
end-workflow	Checkout code	2025-09-23T18:44:21.7898557Z 5fb905e22415989cd83405a8a03a45a3ff04c415
end-workflow	Checkout code	2025-09-23T18:44:21.7904914Z ##[endgroup]
end-workflow	Checkout code	2025-09-23T18:44:21.7906470Z ##[group]Determining the checkout info
end-workflow	Checkout code	2025-09-23T18:44:21.7907978Z ##[endgroup]
end-workflow	Checkout code	2025-09-23T18:44:21.7912331Z [command]/usr/bin/git sparse-checkout disable
end-workflow	Checkout code	2025-09-23T18:44:21.7955194Z [command]/usr/bin/git config --local --unset-all extensions.worktreeConfig
end-workflow	Checkout code	2025-09-23T18:44:21.7986754Z ##[group]Checking out the ref
end-workflow	Checkout code	2025-09-23T18:44:21.7991272Z [command]/usr/bin/git checkout --progress --force -B main refs/remotes/origin/main
end-workflow	Checkout code	2025-09-23T18:44:22.5534432Z Switched to a new branch 'main'
end-workflow	Checkout code	2025-09-23T18:44:22.5539784Z branch 'main' set up to track 'origin/main'.
end-workflow	Checkout code	2025-09-23T18:44:22.5641590Z ##[endgroup]
end-workflow	Checkout code	2025-09-23T18:44:22.5686815Z [command]/usr/bin/git log -1 --format=%H
end-workflow	Checkout code	2025-09-23T18:44:22.5714754Z 5fb905e22415989cd83405a8a03a45a3ff04c415
end-workflow	Finaliza el workflow	ï»¿2025-09-23T18:44:22.5960351Z ##[group]Run echo "End process"
end-workflow	Finaliza el workflow	2025-09-23T18:44:22.5960816Z [36;1mecho "End process"[0m
end-workflow	Finaliza el workflow	2025-09-23T18:44:22.5961205Z [36;1m# RNNUMBER=$(echo "refs/heads/main" | grep -o '[0-9]*')[0m
end-workflow	Finaliza el workflow	2025-09-23T18:44:22.5961694Z [36;1m# gh issue comment $RNNUMBER --body "Se finaliza Ka0s 17955867718"[0m
end-workflow	Finaliza el workflow	2025-09-23T18:44:22.5962121Z [36;1mecho "Se finaliza Ka0s 17955867718"[0m
end-workflow	Finaliza el workflow	2025-09-23T18:44:22.5962656Z [36;1mgh workflow run inspector.yml --ref 'main' -f kaos-workflow-id="17955867718" -f kaos-user-start=""[0m
end-workflow	Finaliza el workflow	2025-09-23T18:44:22.5976273Z shell: /usr/bin/bash -e {0}
end-workflow	Finaliza el workflow	2025-09-23T18:44:22.5976627Z env:
end-workflow	Finaliza el workflow	2025-09-23T18:44:22.5977559Z   GITHUB_TOKEN: ***
end-workflow	Finaliza el workflow	2025-09-23T18:44:22.5977841Z   KAOS_MODULE: [Ka0s] Delete Swarm Runners
end-workflow	Finaliza el workflow	2025-09-23T18:44:22.5978188Z   KAOS_CODE: 17955867718
end-workflow	Finaliza el workflow	2025-09-23T18:44:22.5978543Z   GH_TOKEN: ***
end-workflow	Finaliza el workflow	2025-09-23T18:44:22.5978770Z ##[endgroup]
end-workflow	Finaliza el workflow	2025-09-23T18:44:22.6037250Z End process
end-workflow	Finaliza el workflow	2025-09-23T18:44:22.6037585Z Se finaliza Ka0s 17955867718
end-workflow	Post Checkout code	ï»¿2025-09-23T18:44:23.2870901Z Post job cleanup.
end-workflow	Post Checkout code	2025-09-23T18:44:23.3844747Z [command]/usr/bin/git version
end-workflow	Post Checkout code	2025-09-23T18:44:23.3883948Z git version 2.51.0
end-workflow	Post Checkout code	2025-09-23T18:44:23.3932283Z Temporarily overriding HOME='/home/runner/_work/_temp/7687a4ca-c30b-4280-bff7-de2010590eff' before making global git config changes
end-workflow	Post Checkout code	2025-09-23T18:44:23.3933273Z Adding repository directory to the temporary git global config as a safe directory
end-workflow	Post Checkout code	2025-09-23T18:44:23.3938217Z [command]/usr/bin/git config --global --add safe.directory /home/runner/_work/ka0s/ka0s
end-workflow	Post Checkout code	2025-09-23T18:44:23.3978473Z [command]/usr/bin/git config --local --name-only --get-regexp core\.sshCommand
end-workflow	Post Checkout code	2025-09-23T18:44:23.4021420Z [command]/usr/bin/git submodule foreach --recursive sh -c "git config --local --name-only --get-regexp 'core\.sshCommand' && git config --local --unset-all 'core.sshCommand' || :"
end-workflow	Post Checkout code	2025-09-23T18:44:23.4275401Z [command]/usr/bin/git config --local --name-only --get-regexp http\.https\:\/\/github\.com\/\.extraheader
end-workflow	Post Checkout code	2025-09-23T18:44:23.4299611Z http.https://github.com/.extraheader
end-workflow	Post Checkout code	2025-09-23T18:44:23.4312468Z [command]/usr/bin/git config --local --unset-all http.https://github.com/.extraheader
end-workflow	Post Checkout code	2025-09-23T18:44:23.4346025Z [command]/usr/bin/git submodule foreach --recursive sh -c "git config --local --name-only --get-regexp 'http\.https\:\/\/github\.com\/\.extraheader' && git config --local --unset-all 'http.https://github.com/.extraheader' || :"
end-workflow	Complete job	ï»¿2025-09-23T18:44:23.4717268Z Cleaning up orphan processes
