job-core	Set up job	ï»¿2025-09-25T11:20:25.7450736Z Current runner version: '2.328.0'
job-core	Set up job	2025-09-25T11:20:25.7610289Z Runner name: '49bd111857fc'
job-core	Set up job	2025-09-25T11:20:25.7611241Z Runner group name: 'swarm-runners'
job-core	Set up job	2025-09-25T11:20:25.7621213Z Machine name: '49bd111857fc'
job-core	Set up job	2025-09-25T11:20:25.7698102Z ##[group]GITHUB_TOKEN Permissions
job-core	Set up job	2025-09-25T11:20:25.7701640Z Actions: write
job-core	Set up job	2025-09-25T11:20:25.7702303Z Contents: write
job-core	Set up job	2025-09-25T11:20:25.7702982Z Issues: write
job-core	Set up job	2025-09-25T11:20:25.7703608Z Metadata: read
job-core	Set up job	2025-09-25T11:20:25.7704190Z PullRequests: write
job-core	Set up job	2025-09-25T11:20:25.7704907Z ##[endgroup]
job-core	Set up job	2025-09-25T11:20:25.7707782Z Secret source: Actions
job-core	Set up job	2025-09-25T11:20:25.7708790Z Prepare workflow directory
job-core	Set up job	2025-09-25T11:20:26.4100048Z Prepare all required actions
job-core	Set up job	2025-09-25T11:20:26.4312883Z Getting action download info
job-core	Set up job	2025-09-25T11:20:27.1839379Z Download action repository 'actions/checkout@v4' (SHA:08eba0b27e820071cde6df949e0beb9ba4906955)
job-core	Set up job	2025-09-25T11:20:27.9819495Z Download action repository 'actions/setup-node@v2' (SHA:7c12f8017d5436eb855f1ed4399f037a36fbd9e8)
job-core	Set up job	2025-09-25T11:20:28.9542512Z Complete job name: job-core
job-core	Checkout code	ï»¿2025-09-25T11:20:29.1761393Z ##[group]Run actions/checkout@v4
job-core	Checkout code	2025-09-25T11:20:29.1762561Z with:
job-core	Checkout code	2025-09-25T11:20:29.1763043Z   fetch-depth: 0
job-core	Checkout code	2025-09-25T11:20:29.1766550Z   token: ***
job-core	Checkout code	2025-09-25T11:20:29.1767135Z   repository: Ka0s-Klaus/ka0s
job-core	Checkout code	2025-09-25T11:20:29.1767671Z   ssh-strict: true
job-core	Checkout code	2025-09-25T11:20:29.1768255Z   ssh-user: git
job-core	Checkout code	2025-09-25T11:20:29.1768761Z   persist-credentials: true
job-core	Checkout code	2025-09-25T11:20:29.1769354Z   clean: true
job-core	Checkout code	2025-09-25T11:20:29.1769835Z   sparse-checkout-cone-mode: true
job-core	Checkout code	2025-09-25T11:20:29.1770425Z   fetch-tags: false
job-core	Checkout code	2025-09-25T11:20:29.1770933Z   show-progress: true
job-core	Checkout code	2025-09-25T11:20:29.1771434Z   lfs: false
job-core	Checkout code	2025-09-25T11:20:29.1771902Z   submodules: false
job-core	Checkout code	2025-09-25T11:20:29.1772382Z   set-safe-directory: true
job-core	Checkout code	2025-09-25T11:20:29.1773411Z env:
job-core	Checkout code	2025-09-25T11:20:29.1773885Z   KAOS_MODULE: [Ka0S] JSONLINT
job-core	Checkout code	2025-09-25T11:20:29.1774698Z   GH_TOKEN: ***
job-core	Checkout code	2025-09-25T11:20:29.2134922Z   KAOS_JSONLINT_CONFIG: core/config/.jsonlint.json
job-core	Checkout code	2025-09-25T11:20:29.2135944Z   KAOS_PATH_RESUME: audit/jsonlint/
job-core	Checkout code	2025-09-25T11:20:29.2136624Z   KAOS_REPO: /actions-runner/_work/kaos/kaos
job-core	Checkout code	2025-09-25T11:20:29.2137271Z   KAOS_STEP_MODULE: 
job-core	Checkout code	2025-09-25T11:20:29.2137778Z   KAOS_CODE: 18005774190
job-core	Checkout code	2025-09-25T11:20:29.2138313Z   KAOS_REF_BRANCH: main
job-core	Checkout code	2025-09-25T11:20:29.2138805Z ##[endgroup]
job-core	Checkout code	2025-09-25T11:20:29.6415809Z Syncing repository: Ka0s-Klaus/ka0s
job-core	Checkout code	2025-09-25T11:20:29.6422136Z ##[group]Getting Git version info
job-core	Checkout code	2025-09-25T11:20:29.6423101Z Working directory is '/home/runner/_work/ka0s/ka0s'
job-core	Checkout code	2025-09-25T11:20:29.6451941Z [command]/usr/bin/git version
job-core	Checkout code	2025-09-25T11:20:29.6510759Z git version 2.51.0
job-core	Checkout code	2025-09-25T11:20:29.6579815Z ##[endgroup]
job-core	Checkout code	2025-09-25T11:20:29.6646008Z Temporarily overriding HOME='/home/runner/_work/_temp/a8e30b72-dfa4-4691-8639-d6aaedc1cf49' before making global git config changes
job-core	Checkout code	2025-09-25T11:20:29.6649071Z Adding repository directory to the temporary git global config as a safe directory
job-core	Checkout code	2025-09-25T11:20:29.6669593Z [command]/usr/bin/git config --global --add safe.directory /home/runner/_work/ka0s/ka0s
job-core	Checkout code	2025-09-25T11:20:29.7078422Z Deleting the contents of '/home/runner/_work/ka0s/ka0s'
job-core	Checkout code	2025-09-25T11:20:29.7079716Z ##[group]Initializing the repository
job-core	Checkout code	2025-09-25T11:20:29.7080428Z [command]/usr/bin/git init /home/runner/_work/ka0s/ka0s
job-core	Checkout code	2025-09-25T11:20:29.7413038Z hint: Using 'master' as the name for the initial branch. This default branch name
job-core	Checkout code	2025-09-25T11:20:29.7477211Z hint: is subject to change. To configure the initial branch name to use in all
job-core	Checkout code	2025-09-25T11:20:29.7478392Z hint: of your new repositories, which will suppress this warning, call:
job-core	Checkout code	2025-09-25T11:20:29.7479170Z hint:
job-core	Checkout code	2025-09-25T11:20:29.7479777Z hint: 	git config --global init.defaultBranch <name>
job-core	Checkout code	2025-09-25T11:20:29.7480437Z hint:
job-core	Checkout code	2025-09-25T11:20:29.7481081Z hint: Names commonly chosen instead of 'master' are 'main', 'trunk' and
job-core	Checkout code	2025-09-25T11:20:29.7482071Z hint: 'development'. The just-created branch can be renamed via this command:
job-core	Checkout code	2025-09-25T11:20:29.7482873Z hint:
job-core	Checkout code	2025-09-25T11:20:29.7582169Z hint: 	git branch -m <name>
job-core	Checkout code	2025-09-25T11:20:29.7582741Z hint:
job-core	Checkout code	2025-09-25T11:20:29.7583455Z hint: Disable this message with "git config set advice.defaultBranchName false"
job-core	Checkout code	2025-09-25T11:20:29.7584490Z Initialized empty Git repository in /home/runner/_work/ka0s/ka0s/.git/
job-core	Checkout code	2025-09-25T11:20:29.7703893Z [command]/usr/bin/git remote add origin https://github.com/Ka0s-Klaus/ka0s
job-core	Checkout code	2025-09-25T11:20:29.7939782Z ##[endgroup]
job-core	Checkout code	2025-09-25T11:20:29.7942526Z ##[group]Disabling automatic garbage collection
job-core	Checkout code	2025-09-25T11:20:29.7949106Z [command]/usr/bin/git config --local gc.auto 0
job-core	Checkout code	2025-09-25T11:20:29.8337583Z ##[endgroup]
job-core	Checkout code	2025-09-25T11:20:29.8341635Z ##[group]Setting up auth
job-core	Checkout code	2025-09-25T11:20:29.8466947Z [command]/usr/bin/git config --local --name-only --get-regexp core\.sshCommand
job-core	Checkout code	2025-09-25T11:20:29.8692290Z [command]/usr/bin/git submodule foreach --recursive sh -c "git config --local --name-only --get-regexp 'core\.sshCommand' && git config --local --unset-all 'core.sshCommand' || :"
job-core	Checkout code	2025-09-25T11:20:30.0608780Z [command]/usr/bin/git config --local --name-only --get-regexp http\.https\:\/\/github\.com\/\.extraheader
job-core	Checkout code	2025-09-25T11:20:30.0892665Z [command]/usr/bin/git submodule foreach --recursive sh -c "git config --local --name-only --get-regexp 'http\.https\:\/\/github\.com\/\.extraheader' && git config --local --unset-all 'http.https://github.com/.extraheader' || :"
job-core	Checkout code	2025-09-25T11:20:30.2171055Z [command]/usr/bin/git config --local http.https://github.com/.extraheader AUTHORIZATION: basic ***
job-core	Checkout code	2025-09-25T11:20:30.2448361Z ##[endgroup]
job-core	Checkout code	2025-09-25T11:20:30.2450337Z ##[group]Fetching the repository
job-core	Checkout code	2025-09-25T11:20:30.2504524Z [command]/usr/bin/git -c protocol.version=2 fetch --prune --no-recurse-submodules origin +refs/heads/*:refs/remotes/origin/* +refs/tags/*:refs/tags/*
job-core	Checkout code	2025-09-25T11:21:03.8722081Z From https://github.com/Ka0s-Klaus/ka0s
job-core	Checkout code	2025-09-25T11:21:03.8723108Z  * [new branch]        F1149-desarrollo-de-orchestrator -> origin/F1149-desarrollo-de-orchestrator
job-core	Checkout code	2025-09-25T11:21:03.8729249Z  * [new branch]        F1183-personalizaciÃ³n-mÃ³dulo-finops -> origin/F1183-personalizaciÃ³n-mÃ³dulo-finops
job-core	Checkout code	2025-09-25T11:21:03.8730725Z  * [new branch]        F1224-new-module-mongodb -> origin/F1224-new-module-mongodb
job-core	Checkout code	2025-09-25T11:21:03.8732342Z  * [new branch]        F220-web-de-resultados  -> origin/F220-web-de-resultados
job-core	Checkout code	2025-09-25T11:21:03.8733364Z  * [new branch]        F227-despliegue-de-kube-independiente-del-clouder -> origin/F227-despliegue-de-kube-independiente-del-clouder
job-core	Checkout code	2025-09-25T11:21:03.8734467Z  * [new branch]        F329-documentacion-metodologia-de-kaos -> origin/F329-documentacion-metodologia-de-kaos
job-core	Checkout code	2025-09-25T11:21:03.8735612Z  * [new branch]        F44-creaciÃ³n-mÃ³dulo-versionado -> origin/F44-creaciÃ³n-mÃ³dulo-versionado
job-core	Checkout code	2025-09-25T11:21:03.8738819Z  * [new branch]        H1128-mÃ³dulo-de-observabilidad -> origin/H1128-mÃ³dulo-de-observabilidad
job-core	Checkout code	2025-09-25T11:21:03.8750392Z  * [new branch]        H1139-como-instalar-arc-control -> origin/H1139-como-instalar-arc-control
job-core	Checkout code	2025-09-25T11:21:03.8754658Z  * [new branch]        H1149-desarrollo-de-orchestrator -> origin/H1149-desarrollo-de-orchestrator
job-core	Checkout code	2025-09-25T11:21:03.8805856Z  * [new branch]        H1150-desarrollo-de-secciones -> origin/H1150-desarrollo-de-secciones
job-core	Checkout code	2025-09-25T11:21:03.8806993Z  * [new branch]        H1151-desarrollo-de-secciones-ii -> origin/H1151-desarrollo-de-secciones-ii
job-core	Checkout code	2025-09-25T11:21:03.8807683Z  * [new branch]        H1152-desarrollo-inicio -> origin/H1152-desarrollo-inicio
job-core	Checkout code	2025-09-25T11:21:03.8808700Z  * [new branch]        H1183-personalizaciÃ³n-mÃ³dulo-finops -> origin/H1183-personalizaciÃ³n-mÃ³dulo-finops
job-core	Checkout code	2025-09-25T11:21:03.8809530Z  * [new branch]        H1193-ejemplo-web-documentacion -> origin/H1193-ejemplo-web-documentacion
job-core	Checkout code	2025-09-25T11:21:03.8810169Z  * [new branch]        H1205-web-creation      -> origin/H1205-web-creation
job-core	Checkout code	2025-09-25T11:21:03.8810740Z  * [new branch]        H1224-new-module-mongodb -> origin/H1224-new-module-mongodb
job-core	Checkout code	2025-09-25T11:21:03.8811352Z  * [new branch]        H1410-modulo-execution  -> origin/H1410-modulo-execution
job-core	Checkout code	2025-09-25T11:21:03.8813096Z  * [new branch]        H1514-new-swarm-deployment-stack-with-actions-runners-autoscale -> origin/H1514-new-swarm-deployment-stack-with-actions-runners-autoscale
job-core	Checkout code	2025-09-25T11:21:03.8814140Z  * [new branch]        H215-modulo-de-summary  -> origin/H215-modulo-de-summary
job-core	Checkout code	2025-09-25T11:21:03.8814711Z  * [new branch]        H220-web-de-resultados  -> origin/H220-web-de-resultados
job-core	Checkout code	2025-09-25T11:21:03.8815640Z  * [new branch]        H227-despliegue-de-kube-independiente-del-clouder -> origin/H227-despliegue-de-kube-independiente-del-clouder
job-core	Checkout code	2025-09-25T11:21:03.8816530Z  * [new branch]        H306-ficheros-de-estadisticas -> origin/H306-ficheros-de-estadisticas
job-core	Checkout code	2025-09-25T11:21:03.8817391Z  * [new branch]        H328-documentacion-modulo-principal-de-kaos -> origin/H328-documentacion-modulo-principal-de-kaos
job-core	Checkout code	2025-09-25T11:21:03.8818314Z  * [new branch]        H329-documentacion-metodologia-de-kaos -> origin/H329-documentacion-metodologia-de-kaos
job-core	Checkout code	2025-09-25T11:21:03.8819236Z  * [new branch]        H338-relanzador-de-jobs-en-caso-de-pattern -> origin/H338-relanzador-de-jobs-en-caso-de-pattern
job-core	Checkout code	2025-09-25T11:21:03.8820363Z  * [new branch]        H38-documentacion-basica-del-proyecto -> origin/H38-documentacion-basica-del-proyecto
job-core	Checkout code	2025-09-25T11:21:03.8821274Z  * [new branch]        H44-creaciÃ³n-mÃ³dulo-versionado -> origin/H44-creaciÃ³n-mÃ³dulo-versionado
job-core	Checkout code	2025-09-25T11:21:03.8822147Z  * [new branch]        RN1149-desarrollo-de-orchestrator -> origin/RN1149-desarrollo-de-orchestrator
job-core	Checkout code	2025-09-25T11:21:03.8823085Z  * [new branch]        RN1183-personalizaciÃ³n-mÃ³dulo-finops -> origin/RN1183-personalizaciÃ³n-mÃ³dulo-finops
job-core	Checkout code	2025-09-25T11:21:03.8824187Z  * [new branch]        RN1282-ka0s-error-detected-in-ka0s-workflow-statistics-summary -> origin/RN1282-ka0s-error-detected-in-ka0s-workflow-statistics-summary
job-core	Checkout code	2025-09-25T11:21:03.8863681Z  * [new branch]        RN220-web-de-resultados -> origin/RN220-web-de-resultados
job-core	Checkout code	2025-09-25T11:21:03.8865076Z  * [new branch]        RN227-despliegue-de-kube-independiente-del-clouder -> origin/RN227-despliegue-de-kube-independiente-del-clouder
job-core	Checkout code	2025-09-25T11:21:03.8866375Z  * [new branch]        RN329-documentacion-metodologia-de-kaos -> origin/RN329-documentacion-metodologia-de-kaos
job-core	Checkout code	2025-09-25T11:21:03.8867054Z  * [new branch]        main                    -> origin/main
job-core	Checkout code	2025-09-25T11:21:03.8867481Z  * [new tag]           0.0.0                   -> 0.0.0
job-core	Checkout code	2025-09-25T11:21:03.8867875Z  * [new tag]           0.0.1                   -> 0.0.1
job-core	Checkout code	2025-09-25T11:21:03.8868262Z  * [new tag]           0.0.10                  -> 0.0.10
job-core	Checkout code	2025-09-25T11:21:03.8868659Z  * [new tag]           0.0.100                 -> 0.0.100
job-core	Checkout code	2025-09-25T11:21:03.8869212Z  * [new tag]           0.0.101                 -> 0.0.101
job-core	Checkout code	2025-09-25T11:21:03.8869611Z  * [new tag]           0.0.102                 -> 0.0.102
job-core	Checkout code	2025-09-25T11:21:03.8870006Z  * [new tag]           0.0.103                 -> 0.0.103
job-core	Checkout code	2025-09-25T11:21:03.8870402Z  * [new tag]           0.0.104                 -> 0.0.104
job-core	Checkout code	2025-09-25T11:21:03.8870808Z  * [new tag]           0.0.105                 -> 0.0.105
job-core	Checkout code	2025-09-25T11:21:03.8871218Z  * [new tag]           0.0.106                 -> 0.0.106
job-core	Checkout code	2025-09-25T11:21:03.8871615Z  * [new tag]           0.0.107                 -> 0.0.107
job-core	Checkout code	2025-09-25T11:21:03.8872019Z  * [new tag]           0.0.108                 -> 0.0.108
job-core	Checkout code	2025-09-25T11:21:03.8872449Z  * [new tag]           0.0.109                 -> 0.0.109
job-core	Checkout code	2025-09-25T11:21:03.8872863Z  * [new tag]           0.0.11                  -> 0.0.11
job-core	Checkout code	2025-09-25T11:21:03.8873272Z  * [new tag]           0.0.110                 -> 0.0.110
job-core	Checkout code	2025-09-25T11:21:03.8873669Z  * [new tag]           0.0.111                 -> 0.0.111
job-core	Checkout code	2025-09-25T11:21:03.8874063Z  * [new tag]           0.0.112                 -> 0.0.112
job-core	Checkout code	2025-09-25T11:21:03.8874466Z  * [new tag]           0.0.113                 -> 0.0.113
job-core	Checkout code	2025-09-25T11:21:03.8874869Z  * [new tag]           0.0.114                 -> 0.0.114
job-core	Checkout code	2025-09-25T11:21:03.8875323Z  * [new tag]           0.0.115                 -> 0.0.115
job-core	Checkout code	2025-09-25T11:21:03.8876037Z  * [new tag]           0.0.116                 -> 0.0.116
job-core	Checkout code	2025-09-25T11:21:03.8876452Z  * [new tag]           0.0.117                 -> 0.0.117
job-core	Checkout code	2025-09-25T11:21:03.8876857Z  * [new tag]           0.0.118                 -> 0.0.118
job-core	Checkout code	2025-09-25T11:21:03.8877261Z  * [new tag]           0.0.119                 -> 0.0.119
job-core	Checkout code	2025-09-25T11:21:03.8877662Z  * [new tag]           0.0.12                  -> 0.0.12
job-core	Checkout code	2025-09-25T11:21:03.8878066Z  * [new tag]           0.0.120                 -> 0.0.120
job-core	Checkout code	2025-09-25T11:21:03.8878484Z  * [new tag]           0.0.121                 -> 0.0.121
job-core	Checkout code	2025-09-25T11:21:03.8878906Z  * [new tag]           0.0.122                 -> 0.0.122
job-core	Checkout code	2025-09-25T11:21:03.8879321Z  * [new tag]           0.0.123                 -> 0.0.123
job-core	Checkout code	2025-09-25T11:21:03.8879759Z  * [new tag]           0.0.124                 -> 0.0.124
job-core	Checkout code	2025-09-25T11:21:03.8880162Z  * [new tag]           0.0.125                 -> 0.0.125
job-core	Checkout code	2025-09-25T11:21:03.8880571Z  * [new tag]           0.0.126                 -> 0.0.126
job-core	Checkout code	2025-09-25T11:21:03.8880990Z  * [new tag]           0.0.127                 -> 0.0.127
job-core	Checkout code	2025-09-25T11:21:03.8881564Z  * [new tag]           0.0.128                 -> 0.0.128
job-core	Checkout code	2025-09-25T11:21:03.8881969Z  * [new tag]           0.0.129                 -> 0.0.129
job-core	Checkout code	2025-09-25T11:21:03.8882373Z  * [new tag]           0.0.13                  -> 0.0.13
job-core	Checkout code	2025-09-25T11:21:03.8882775Z  * [new tag]           0.0.130                 -> 0.0.130
job-core	Checkout code	2025-09-25T11:21:03.8883190Z  * [new tag]           0.0.131                 -> 0.0.131
job-core	Checkout code	2025-09-25T11:21:03.8883590Z  * [new tag]           0.0.132                 -> 0.0.132
job-core	Checkout code	2025-09-25T11:21:03.8884003Z  * [new tag]           0.0.133                 -> 0.0.133
job-core	Checkout code	2025-09-25T11:21:03.8884415Z  * [new tag]           0.0.134                 -> 0.0.134
job-core	Checkout code	2025-09-25T11:21:03.8884821Z  * [new tag]           0.0.135                 -> 0.0.135
job-core	Checkout code	2025-09-25T11:21:03.8998242Z  * [new tag]           0.0.136                 -> 0.0.136
job-core	Checkout code	2025-09-25T11:21:03.8998989Z  * [new tag]           0.0.137                 -> 0.0.137
job-core	Checkout code	2025-09-25T11:21:03.8999464Z  * [new tag]           0.0.138                 -> 0.0.138
job-core	Checkout code	2025-09-25T11:21:03.8999897Z  * [new tag]           0.0.139                 -> 0.0.139
job-core	Checkout code	2025-09-25T11:21:03.9000309Z  * [new tag]           0.0.14                  -> 0.0.14
job-core	Checkout code	2025-09-25T11:21:03.9000714Z  * [new tag]           0.0.140                 -> 0.0.140
job-core	Checkout code	2025-09-25T11:21:03.9001121Z  * [new tag]           0.0.141                 -> 0.0.141
job-core	Checkout code	2025-09-25T11:21:03.9001524Z  * [new tag]           0.0.142                 -> 0.0.142
job-core	Checkout code	2025-09-25T11:21:03.9001933Z  * [new tag]           0.0.143                 -> 0.0.143
job-core	Checkout code	2025-09-25T11:21:03.9002332Z  * [new tag]           0.0.144                 -> 0.0.144
job-core	Checkout code	2025-09-25T11:21:03.9002740Z  * [new tag]           0.0.145                 -> 0.0.145
job-core	Checkout code	2025-09-25T11:21:03.9003146Z  * [new tag]           0.0.146                 -> 0.0.146
job-core	Checkout code	2025-09-25T11:21:03.9003551Z  * [new tag]           0.0.147                 -> 0.0.147
job-core	Checkout code	2025-09-25T11:21:03.9003955Z  * [new tag]           0.0.148                 -> 0.0.148
job-core	Checkout code	2025-09-25T11:21:03.9004371Z  * [new tag]           0.0.149                 -> 0.0.149
job-core	Checkout code	2025-09-25T11:21:03.9004775Z  * [new tag]           0.0.15                  -> 0.0.15
job-core	Checkout code	2025-09-25T11:21:03.9038389Z  * [new tag]           0.0.150                 -> 0.0.150
job-core	Checkout code	2025-09-25T11:21:03.9039239Z  * [new tag]           0.0.151                 -> 0.0.151
job-core	Checkout code	2025-09-25T11:21:03.9039654Z  * [new tag]           0.0.152                 -> 0.0.152
job-core	Checkout code	2025-09-25T11:21:03.9040094Z  * [new tag]           0.0.153                 -> 0.0.153
job-core	Checkout code	2025-09-25T11:21:03.9040504Z  * [new tag]           0.0.154                 -> 0.0.154
job-core	Checkout code	2025-09-25T11:21:03.9040903Z  * [new tag]           0.0.155                 -> 0.0.155
job-core	Checkout code	2025-09-25T11:21:03.9041306Z  * [new tag]           0.0.156                 -> 0.0.156
job-core	Checkout code	2025-09-25T11:21:03.9041716Z  * [new tag]           0.0.157                 -> 0.0.157
job-core	Checkout code	2025-09-25T11:21:03.9042120Z  * [new tag]           0.0.158                 -> 0.0.158
job-core	Checkout code	2025-09-25T11:21:03.9042813Z  * [new tag]           0.0.159                 -> 0.0.159
job-core	Checkout code	2025-09-25T11:21:03.9043235Z  * [new tag]           0.0.16                  -> 0.0.16
job-core	Checkout code	2025-09-25T11:21:03.9043639Z  * [new tag]           0.0.160                 -> 0.0.160
job-core	Checkout code	2025-09-25T11:21:03.9044043Z  * [new tag]           0.0.161                 -> 0.0.161
job-core	Checkout code	2025-09-25T11:21:03.9044445Z  * [new tag]           0.0.162                 -> 0.0.162
job-core	Checkout code	2025-09-25T11:21:03.9044847Z  * [new tag]           0.0.163                 -> 0.0.163
job-core	Checkout code	2025-09-25T11:21:03.9045358Z  * [new tag]           0.0.164                 -> 0.0.164
job-core	Checkout code	2025-09-25T11:21:03.9045766Z  * [new tag]           0.0.165                 -> 0.0.165
job-core	Checkout code	2025-09-25T11:21:03.9046178Z  * [new tag]           0.0.166                 -> 0.0.166
job-core	Checkout code	2025-09-25T11:21:03.9046610Z  * [new tag]           0.0.167                 -> 0.0.167
job-core	Checkout code	2025-09-25T11:21:03.9064347Z  * [new tag]           0.0.168                 -> 0.0.168
job-core	Checkout code	2025-09-25T11:21:03.9065070Z  * [new tag]           0.0.169                 -> 0.0.169
job-core	Checkout code	2025-09-25T11:21:03.9176765Z  * [new tag]           0.0.17                  -> 0.0.17
job-core	Checkout code	2025-09-25T11:21:03.9177580Z  * [new tag]           0.0.170                 -> 0.0.170
job-core	Checkout code	2025-09-25T11:21:03.9177995Z  * [new tag]           0.0.171                 -> 0.0.171
job-core	Checkout code	2025-09-25T11:21:03.9178406Z  * [new tag]           0.0.172                 -> 0.0.172
job-core	Checkout code	2025-09-25T11:21:03.9178813Z  * [new tag]           0.0.173                 -> 0.0.173
job-core	Checkout code	2025-09-25T11:21:03.9179215Z  * [new tag]           0.0.174                 -> 0.0.174
job-core	Checkout code	2025-09-25T11:21:03.9179622Z  * [new tag]           0.0.175                 -> 0.0.175
job-core	Checkout code	2025-09-25T11:21:03.9180278Z  * [new tag]           0.0.176                 -> 0.0.176
job-core	Checkout code	2025-09-25T11:21:03.9180726Z  * [new tag]           0.0.177                 -> 0.0.177
job-core	Checkout code	2025-09-25T11:21:03.9181138Z  * [new tag]           0.0.178                 -> 0.0.178
job-core	Checkout code	2025-09-25T11:21:03.9181540Z  * [new tag]           0.0.179                 -> 0.0.179
job-core	Checkout code	2025-09-25T11:21:03.9181939Z  * [new tag]           0.0.18                  -> 0.0.18
job-core	Checkout code	2025-09-25T11:21:03.9182357Z  * [new tag]           0.0.19                  -> 0.0.19
job-core	Checkout code	2025-09-25T11:21:03.9182755Z  * [new tag]           0.0.2                   -> 0.0.2
job-core	Checkout code	2025-09-25T11:21:03.9183152Z  * [new tag]           0.0.20                  -> 0.0.20
job-core	Checkout code	2025-09-25T11:21:03.9183548Z  * [new tag]           0.0.21                  -> 0.0.21
job-core	Checkout code	2025-09-25T11:21:03.9183940Z  * [new tag]           0.0.22                  -> 0.0.22
job-core	Checkout code	2025-09-25T11:21:03.9184335Z  * [new tag]           0.0.23                  -> 0.0.23
job-core	Checkout code	2025-09-25T11:21:03.9184727Z  * [new tag]           0.0.24                  -> 0.0.24
job-core	Checkout code	2025-09-25T11:21:03.9185120Z  * [new tag]           0.0.25                  -> 0.0.25
job-core	Checkout code	2025-09-25T11:21:03.9185933Z  * [new tag]           0.0.26                  -> 0.0.26
job-core	Checkout code	2025-09-25T11:21:03.9186329Z  * [new tag]           0.0.27                  -> 0.0.27
job-core	Checkout code	2025-09-25T11:21:03.9186724Z  * [new tag]           0.0.28                  -> 0.0.28
job-core	Checkout code	2025-09-25T11:21:03.9187115Z  * [new tag]           0.0.29                  -> 0.0.29
job-core	Checkout code	2025-09-25T11:21:03.9187550Z  * [new tag]           0.0.3                   -> 0.0.3
job-core	Checkout code	2025-09-25T11:21:03.9187961Z  * [new tag]           0.0.30                  -> 0.0.30
job-core	Checkout code	2025-09-25T11:21:03.9188357Z  * [new tag]           0.0.31                  -> 0.0.31
job-core	Checkout code	2025-09-25T11:21:03.9188751Z  * [new tag]           0.0.32                  -> 0.0.32
job-core	Checkout code	2025-09-25T11:21:03.9189151Z  * [new tag]           0.0.33                  -> 0.0.33
job-core	Checkout code	2025-09-25T11:21:03.9189549Z  * [new tag]           0.0.34                  -> 0.0.34
job-core	Checkout code	2025-09-25T11:21:03.9190206Z  * [new tag]           0.0.35                  -> 0.0.35
job-core	Checkout code	2025-09-25T11:21:03.9190621Z  * [new tag]           0.0.36                  -> 0.0.36
job-core	Checkout code	2025-09-25T11:21:03.9191018Z  * [new tag]           0.0.37                  -> 0.0.37
job-core	Checkout code	2025-09-25T11:21:03.9191429Z  * [new tag]           0.0.38                  -> 0.0.38
job-core	Checkout code	2025-09-25T11:21:03.9191841Z  * [new tag]           0.0.39                  -> 0.0.39
job-core	Checkout code	2025-09-25T11:21:03.9192237Z  * [new tag]           0.0.4                   -> 0.0.4
job-core	Checkout code	2025-09-25T11:21:03.9192828Z  * [new tag]           0.0.40                  -> 0.0.40
job-core	Checkout code	2025-09-25T11:21:03.9193226Z  * [new tag]           0.0.41                  -> 0.0.41
job-core	Checkout code	2025-09-25T11:21:03.9193621Z  * [new tag]           0.0.42                  -> 0.0.42
job-core	Checkout code	2025-09-25T11:21:03.9194171Z  * [new tag]           0.0.43                  -> 0.0.43
job-core	Checkout code	2025-09-25T11:21:03.9194566Z  * [new tag]           0.0.44                  -> 0.0.44
job-core	Checkout code	2025-09-25T11:21:03.9194959Z  * [new tag]           0.0.45                  -> 0.0.45
job-core	Checkout code	2025-09-25T11:21:03.9195404Z  * [new tag]           0.0.46                  -> 0.0.46
job-core	Checkout code	2025-09-25T11:21:03.9195803Z  * [new tag]           0.0.47                  -> 0.0.47
job-core	Checkout code	2025-09-25T11:21:03.9196201Z  * [new tag]           0.0.48                  -> 0.0.48
job-core	Checkout code	2025-09-25T11:21:03.9196598Z  * [new tag]           0.0.49                  -> 0.0.49
job-core	Checkout code	2025-09-25T11:21:03.9196996Z  * [new tag]           0.0.5                   -> 0.0.5
job-core	Checkout code	2025-09-25T11:21:03.9197394Z  * [new tag]           0.0.50                  -> 0.0.50
job-core	Checkout code	2025-09-25T11:21:03.9197795Z  * [new tag]           0.0.51                  -> 0.0.51
job-core	Checkout code	2025-09-25T11:21:03.9198345Z  * [new tag]           0.0.52                  -> 0.0.52
job-core	Checkout code	2025-09-25T11:21:03.9198744Z  * [new tag]           0.0.53                  -> 0.0.53
job-core	Checkout code	2025-09-25T11:21:03.9199140Z  * [new tag]           0.0.54                  -> 0.0.54
job-core	Checkout code	2025-09-25T11:21:03.9199535Z  * [new tag]           0.0.55                  -> 0.0.55
job-core	Checkout code	2025-09-25T11:21:03.9199932Z  * [new tag]           0.0.56                  -> 0.0.56
job-core	Checkout code	2025-09-25T11:21:03.9200323Z  * [new tag]           0.0.57                  -> 0.0.57
job-core	Checkout code	2025-09-25T11:21:03.9200718Z  * [new tag]           0.0.58                  -> 0.0.58
job-core	Checkout code	2025-09-25T11:21:03.9201113Z  * [new tag]           0.0.59                  -> 0.0.59
job-core	Checkout code	2025-09-25T11:21:03.9201509Z  * [new tag]           0.0.6                   -> 0.0.6
job-core	Checkout code	2025-09-25T11:21:03.9201906Z  * [new tag]           0.0.60                  -> 0.0.60
job-core	Checkout code	2025-09-25T11:21:03.9202298Z  * [new tag]           0.0.61                  -> 0.0.61
job-core	Checkout code	2025-09-25T11:21:03.9202702Z  * [new tag]           0.0.62                  -> 0.0.62
job-core	Checkout code	2025-09-25T11:21:03.9203104Z  * [new tag]           0.0.63                  -> 0.0.63
job-core	Checkout code	2025-09-25T11:21:03.9255957Z  * [new tag]           0.0.64                  -> 0.0.64
job-core	Checkout code	2025-09-25T11:21:03.9256581Z  * [new tag]           0.0.65                  -> 0.0.65
job-core	Checkout code	2025-09-25T11:21:03.9257151Z  * [new tag]           0.0.66                  -> 0.0.66
job-core	Checkout code	2025-09-25T11:21:03.9257558Z  * [new tag]           0.0.67                  -> 0.0.67
job-core	Checkout code	2025-09-25T11:21:03.9257959Z  * [new tag]           0.0.68                  -> 0.0.68
job-core	Checkout code	2025-09-25T11:21:03.9258351Z  * [new tag]           0.0.69                  -> 0.0.69
job-core	Checkout code	2025-09-25T11:21:03.9258745Z  * [new tag]           0.0.7                   -> 0.0.7
job-core	Checkout code	2025-09-25T11:21:03.9259168Z  * [new tag]           0.0.70                  -> 0.0.70
job-core	Checkout code	2025-09-25T11:21:03.9259604Z  * [new tag]           0.0.71                  -> 0.0.71
job-core	Checkout code	2025-09-25T11:21:03.9260015Z  * [new tag]           0.0.72                  -> 0.0.72
job-core	Checkout code	2025-09-25T11:21:03.9260698Z  * [new tag]           0.0.73                  -> 0.0.73
job-core	Checkout code	2025-09-25T11:21:03.9261169Z  * [new tag]           0.0.74                  -> 0.0.74
job-core	Checkout code	2025-09-25T11:21:03.9261683Z  * [new tag]           0.0.75                  -> 0.0.75
job-core	Checkout code	2025-09-25T11:21:03.9262147Z  * [new tag]           0.0.76                  -> 0.0.76
job-core	Checkout code	2025-09-25T11:21:03.9262680Z  * [new tag]           0.0.77                  -> 0.0.77
job-core	Checkout code	2025-09-25T11:21:03.9263179Z  * [new tag]           0.0.78                  -> 0.0.78
job-core	Checkout code	2025-09-25T11:21:03.9263668Z  * [new tag]           0.0.79                  -> 0.0.79
job-core	Checkout code	2025-09-25T11:21:03.9264181Z  * [new tag]           0.0.8                   -> 0.0.8
job-core	Checkout code	2025-09-25T11:21:03.9264681Z  * [new tag]           0.0.80                  -> 0.0.80
job-core	Checkout code	2025-09-25T11:21:03.9295820Z  * [new tag]           0.0.81                  -> 0.0.81
job-core	Checkout code	2025-09-25T11:21:03.9296492Z  * [new tag]           0.0.82                  -> 0.0.82
job-core	Checkout code	2025-09-25T11:21:03.9297382Z  * [new tag]           0.0.83                  -> 0.0.83
job-core	Checkout code	2025-09-25T11:21:03.9297799Z  * [new tag]           0.0.84                  -> 0.0.84
job-core	Checkout code	2025-09-25T11:21:03.9298199Z  * [new tag]           0.0.85                  -> 0.0.85
job-core	Checkout code	2025-09-25T11:21:03.9298590Z  * [new tag]           0.0.86                  -> 0.0.86
job-core	Checkout code	2025-09-25T11:21:03.9298982Z  * [new tag]           0.0.87                  -> 0.0.87
job-core	Checkout code	2025-09-25T11:21:03.9299375Z  * [new tag]           0.0.88                  -> 0.0.88
job-core	Checkout code	2025-09-25T11:21:03.9299769Z  * [new tag]           0.0.89                  -> 0.0.89
job-core	Checkout code	2025-09-25T11:21:03.9300161Z  * [new tag]           0.0.9                   -> 0.0.9
job-core	Checkout code	2025-09-25T11:21:03.9300560Z  * [new tag]           0.0.90                  -> 0.0.90
job-core	Checkout code	2025-09-25T11:21:03.9300956Z  * [new tag]           0.0.91                  -> 0.0.91
job-core	Checkout code	2025-09-25T11:21:03.9301346Z  * [new tag]           0.0.92                  -> 0.0.92
job-core	Checkout code	2025-09-25T11:21:03.9301741Z  * [new tag]           0.0.93                  -> 0.0.93
job-core	Checkout code	2025-09-25T11:21:03.9302144Z  * [new tag]           0.0.94                  -> 0.0.94
job-core	Checkout code	2025-09-25T11:21:03.9302701Z  * [new tag]           0.0.95                  -> 0.0.95
job-core	Checkout code	2025-09-25T11:21:03.9303093Z  * [new tag]           0.0.96                  -> 0.0.96
job-core	Checkout code	2025-09-25T11:21:03.9303488Z  * [new tag]           0.0.97                  -> 0.0.97
job-core	Checkout code	2025-09-25T11:21:03.9303885Z  * [new tag]           0.0.98                  -> 0.0.98
job-core	Checkout code	2025-09-25T11:21:03.9304278Z  * [new tag]           0.0.99                  -> 0.0.99
job-core	Checkout code	2025-09-25T11:21:03.9304672Z  * [new tag]           0.1.0                   -> 0.1.0
job-core	Checkout code	2025-09-25T11:21:03.9305062Z  * [new tag]           0.1.1                   -> 0.1.1
job-core	Checkout code	2025-09-25T11:21:03.9305532Z  * [new tag]           0.2.0                   -> 0.2.0
job-core	Checkout code	2025-09-25T11:21:03.9305920Z  * [new tag]           0.3.0                   -> 0.3.0
job-core	Checkout code	2025-09-25T11:21:03.9306313Z  * [new tag]           0.3.1                   -> 0.3.1
job-core	Checkout code	2025-09-25T11:21:03.9306709Z  * [new tag]           0.3.10                  -> 0.3.10
job-core	Checkout code	2025-09-25T11:21:03.9307114Z  * [new tag]           0.3.11                  -> 0.3.11
job-core	Checkout code	2025-09-25T11:21:03.9307510Z  * [new tag]           0.3.12                  -> 0.3.12
job-core	Checkout code	2025-09-25T11:21:03.9307916Z  * [new tag]           0.3.13                  -> 0.3.13
job-core	Checkout code	2025-09-25T11:21:03.9308337Z  * [new tag]           0.3.14                  -> 0.3.14
job-core	Checkout code	2025-09-25T11:21:03.9372455Z  * [new tag]           0.3.15                  -> 0.3.15
job-core	Checkout code	2025-09-25T11:21:03.9373149Z  * [new tag]           0.3.16                  -> 0.3.16
job-core	Checkout code	2025-09-25T11:21:03.9373647Z  * [new tag]           0.3.17                  -> 0.3.17
job-core	Checkout code	2025-09-25T11:21:03.9374050Z  * [new tag]           0.3.2                   -> 0.3.2
job-core	Checkout code	2025-09-25T11:21:03.9374691Z  * [new tag]           0.3.3                   -> 0.3.3
job-core	Checkout code	2025-09-25T11:21:03.9375297Z  * [new tag]           0.3.4                   -> 0.3.4
job-core	Checkout code	2025-09-25T11:21:03.9375707Z  * [new tag]           0.3.5                   -> 0.3.5
job-core	Checkout code	2025-09-25T11:21:03.9378391Z  * [new tag]           0.3.6                   -> 0.3.6
job-core	Checkout code	2025-09-25T11:21:03.9378887Z  * [new tag]           0.3.7                   -> 0.3.7
job-core	Checkout code	2025-09-25T11:21:03.9380879Z  * [new tag]           0.3.8                   -> 0.3.8
job-core	Checkout code	2025-09-25T11:21:03.9381305Z  * [new tag]           0.3.9                   -> 0.3.9
job-core	Checkout code	2025-09-25T11:21:03.9381698Z  * [new tag]           0.4.0                   -> 0.4.0
job-core	Checkout code	2025-09-25T11:21:03.9382088Z  * [new tag]           0.4.1                   -> 0.4.1
job-core	Checkout code	2025-09-25T11:21:03.9382475Z  * [new tag]           0.4.2                   -> 0.4.2
job-core	Checkout code	2025-09-25T11:21:03.9382866Z  * [new tag]           0.4.3                   -> 0.4.3
job-core	Checkout code	2025-09-25T11:21:03.9383257Z  * [new tag]           0.4.4                   -> 0.4.4
job-core	Checkout code	2025-09-25T11:21:03.9383644Z  * [new tag]           0.4.5                   -> 0.4.5
job-core	Checkout code	2025-09-25T11:21:03.9384035Z  * [new tag]           0.4.6                   -> 0.4.6
job-core	Checkout code	2025-09-25T11:21:03.9848334Z [command]/usr/bin/git branch --list --remote origin/H1514-new-swarm-deployment-stack-with-actions-runners-autoscale
job-core	Checkout code	2025-09-25T11:21:04.0286821Z   origin/H1514-new-swarm-deployment-stack-with-actions-runners-autoscale
job-core	Checkout code	2025-09-25T11:21:04.0300440Z [command]/usr/bin/git rev-parse refs/remotes/origin/H1514-new-swarm-deployment-stack-with-actions-runners-autoscale
job-core	Checkout code	2025-09-25T11:21:04.0426858Z 701ef2ab02014cc0efb3599f3859d2ab1dd1c45d
job-core	Checkout code	2025-09-25T11:21:04.0433256Z ##[endgroup]
job-core	Checkout code	2025-09-25T11:21:04.0433773Z ##[group]Determining the checkout info
job-core	Checkout code	2025-09-25T11:21:04.0434337Z ##[endgroup]
job-core	Checkout code	2025-09-25T11:21:04.0479382Z [command]/usr/bin/git sparse-checkout disable
job-core	Checkout code	2025-09-25T11:21:04.0651043Z [command]/usr/bin/git config --local --unset-all extensions.worktreeConfig
job-core	Checkout code	2025-09-25T11:21:04.0653040Z ##[group]Checking out the ref
job-core	Checkout code	2025-09-25T11:21:04.0654467Z [command]/usr/bin/git checkout --progress --force -B H1514-new-swarm-deployment-stack-with-actions-runners-autoscale refs/remotes/origin/H1514-new-swarm-deployment-stack-with-actions-runners-autoscale
job-core	Checkout code	2025-09-25T11:21:05.1108223Z Updating files:  60% (432/712)
job-core	Checkout code	2025-09-25T11:21:05.2961157Z Updating files:  61% (435/712)
job-core	Checkout code	2025-09-25T11:21:05.3636510Z Updating files:  62% (442/712)
job-core	Checkout code	2025-09-25T11:21:05.4526325Z Updating files:  63% (449/712)
job-core	Checkout code	2025-09-25T11:21:05.5566791Z Updating files:  64% (456/712)
job-core	Checkout code	2025-09-25T11:21:05.6498694Z Updating files:  65% (463/712)
job-core	Checkout code	2025-09-25T11:21:05.7797676Z Updating files:  66% (470/712)
job-core	Checkout code	2025-09-25T11:21:05.8841794Z Updating files:  67% (478/712)
job-core	Checkout code	2025-09-25T11:21:05.9003408Z Updating files:  68% (485/712)
job-core	Checkout code	2025-09-25T11:21:05.9036651Z Updating files:  69% (492/712)
job-core	Checkout code	2025-09-25T11:21:05.9037455Z Updating files:  70% (499/712)
job-core	Checkout code	2025-09-25T11:21:05.9038306Z Updating files:  71% (506/712)
job-core	Checkout code	2025-09-25T11:21:05.9066921Z Updating files:  72% (513/712)
job-core	Checkout code	2025-09-25T11:21:05.9109596Z Updating files:  73% (520/712)
job-core	Checkout code	2025-09-25T11:21:05.9124319Z Updating files:  74% (527/712)
job-core	Checkout code	2025-09-25T11:21:05.9124960Z Updating files:  75% (534/712)
job-core	Checkout code	2025-09-25T11:21:05.9418227Z Updating files:  76% (542/712)
job-core	Checkout code	2025-09-25T11:21:05.9418960Z Updating files:  77% (549/712)
job-core	Checkout code	2025-09-25T11:21:05.9419400Z Updating files:  78% (556/712)
job-core	Checkout code	2025-09-25T11:21:05.9419944Z Updating files:  79% (563/712)
job-core	Checkout code	2025-09-25T11:21:05.9420380Z Updating files:  80% (570/712)
job-core	Checkout code	2025-09-25T11:21:05.9491677Z Updating files:  81% (577/712)
job-core	Checkout code	2025-09-25T11:21:05.9546171Z Updating files:  82% (584/712)
job-core	Checkout code	2025-09-25T11:21:05.9567802Z Updating files:  83% (591/712)
job-core	Checkout code	2025-09-25T11:21:05.9825950Z Updating files:  84% (599/712)
job-core	Checkout code	2025-09-25T11:21:05.9836069Z Updating files:  85% (606/712)
job-core	Checkout code	2025-09-25T11:21:05.9836632Z Updating files:  86% (613/712)
job-core	Checkout code	2025-09-25T11:21:05.9905070Z Updating files:  87% (620/712)
job-core	Checkout code	2025-09-25T11:21:05.9977949Z Updating files:  88% (627/712)
job-core	Checkout code	2025-09-25T11:21:06.0098422Z Updating files:  89% (634/712)
job-core	Checkout code	2025-09-25T11:21:06.0242458Z Updating files:  90% (641/712)
job-core	Checkout code	2025-09-25T11:21:06.0266921Z Updating files:  91% (648/712)
job-core	Checkout code	2025-09-25T11:21:06.0268799Z Updating files:  92% (656/712)
job-core	Checkout code	2025-09-25T11:21:06.0289175Z Updating files:  93% (663/712)
job-core	Checkout code	2025-09-25T11:21:06.0290811Z Updating files:  94% (670/712)
job-core	Checkout code	2025-09-25T11:21:06.0292327Z Updating files:  95% (677/712)
job-core	Checkout code	2025-09-25T11:21:06.0320470Z Updating files:  96% (684/712)
job-core	Checkout code	2025-09-25T11:21:06.0329119Z Updating files:  97% (691/712)
job-core	Checkout code	2025-09-25T11:21:06.0337599Z Updating files:  98% (698/712)
job-core	Checkout code	2025-09-25T11:21:06.0376093Z Updating files:  99% (705/712)
job-core	Checkout code	2025-09-25T11:21:06.0387801Z Updating files: 100% (712/712)
job-core	Checkout code	2025-09-25T11:21:06.0388465Z Updating files: 100% (712/712), done.
job-core	Checkout code	2025-09-25T11:21:06.0426178Z Switched to a new branch 'H1514-new-swarm-deployment-stack-with-actions-runners-autoscale'
job-core	Checkout code	2025-09-25T11:21:06.0516846Z branch 'H1514-new-swarm-deployment-stack-with-actions-runners-autoscale' set up to track 'origin/H1514-new-swarm-deployment-stack-with-actions-runners-autoscale'.
job-core	Checkout code	2025-09-25T11:21:06.0643757Z ##[endgroup]
job-core	Checkout code	2025-09-25T11:21:06.0788340Z [command]/usr/bin/git log -1 --format=%H
job-core	Checkout code	2025-09-25T11:21:06.0858000Z 701ef2ab02014cc0efb3599f3859d2ab1dd1c45d
job-core	Install Node.js	ï»¿2025-09-25T11:21:06.1887934Z ##[group]Run actions/setup-node@v2
job-core	Install Node.js	2025-09-25T11:21:06.1888308Z with:
job-core	Install Node.js	2025-09-25T11:21:06.1888504Z   node-version: 14
job-core	Install Node.js	2025-09-25T11:21:06.1888720Z   always-auth: false
job-core	Install Node.js	2025-09-25T11:21:06.1889188Z   check-latest: false
job-core	Install Node.js	2025-09-25T11:21:06.1889728Z   token: ***
job-core	Install Node.js	2025-09-25T11:21:06.1889922Z env:
job-core	Install Node.js	2025-09-25T11:21:06.1890119Z   KAOS_MODULE: [Ka0S] JSONLINT
job-core	Install Node.js	2025-09-25T11:21:06.1890471Z   GH_TOKEN: ***
job-core	Install Node.js	2025-09-25T11:21:06.1890710Z   KAOS_JSONLINT_CONFIG: core/config/.jsonlint.json
job-core	Install Node.js	2025-09-25T11:21:06.1891041Z   KAOS_PATH_RESUME: audit/jsonlint/
job-core	Install Node.js	2025-09-25T11:21:06.1891331Z   KAOS_REPO: /actions-runner/_work/kaos/kaos
job-core	Install Node.js	2025-09-25T11:21:06.1891618Z   KAOS_STEP_MODULE: 
job-core	Install Node.js	2025-09-25T11:21:06.1891838Z   KAOS_CODE: 18005774190
job-core	Install Node.js	2025-09-25T11:21:06.1892063Z   KAOS_REF_BRANCH: main
job-core	Install Node.js	2025-09-25T11:21:06.1892273Z ##[endgroup]
job-core	Install Node.js	2025-09-25T11:21:06.8416964Z Attempting to download 14...
job-core	Install Node.js	2025-09-25T11:21:08.1093754Z Acquiring 14.21.3 - x64 from https://github.com/actions/node-versions/releases/download/14.21.3-4202774076/node-14.21.3-linux-x64.tar.gz
job-core	Install Node.js	2025-09-25T11:21:09.8498842Z Extracting ...
job-core	Install Node.js	2025-09-25T11:21:09.8767769Z [command]/usr/bin/tar xz --strip 1 --warning=no-unknown-keyword --overwrite -C /home/runner/_work/_temp/fa542c29-3a02-4e7f-a6ab-a6bbb9bb22a3 -f /home/runner/_work/_temp/e1b5a368-4d3c-4ffb-9847-e4afa4453949
job-core	Install Node.js	2025-09-25T11:21:11.9194832Z Adding to the cache ...
job-core	Install Node.js	2025-09-25T11:21:27.5954591Z Done
job-core	Install jsonlint	ï»¿2025-09-25T11:21:27.6892744Z ##[group]Run if ! command -v jsonlint &> /dev/null; then
job-core	Install jsonlint	2025-09-25T11:21:27.6893325Z [36;1mif ! command -v jsonlint &> /dev/null; then[0m
job-core	Install jsonlint	2025-09-25T11:21:27.6893672Z [36;1m  echo "Installing jsonlint..."[0m
job-core	Install jsonlint	2025-09-25T11:21:27.6893971Z [36;1m  npm install -g jsonlint[0m
job-core	Install jsonlint	2025-09-25T11:21:27.6894234Z [36;1melse[0m
job-core	Install jsonlint	2025-09-25T11:21:27.6923064Z [36;1m  echo "jsonlint already installed, skipping installation"[0m
job-core	Install jsonlint	2025-09-25T11:21:27.6923614Z [36;1mfi[0m
job-core	Install jsonlint	2025-09-25T11:21:27.6923842Z [36;1mmkdir -p audit/jsonlint/[0m
job-core	Install jsonlint	2025-09-25T11:21:27.7069118Z shell: /usr/bin/bash -e {0}
job-core	Install jsonlint	2025-09-25T11:21:27.7069473Z env:
job-core	Install jsonlint	2025-09-25T11:21:27.7069689Z   KAOS_MODULE: [Ka0S] JSONLINT
job-core	Install jsonlint	2025-09-25T11:21:27.7070266Z   GH_TOKEN: ***
job-core	Install jsonlint	2025-09-25T11:21:27.7070538Z   KAOS_JSONLINT_CONFIG: core/config/.jsonlint.json
job-core	Install jsonlint	2025-09-25T11:21:27.7070926Z   KAOS_PATH_RESUME: audit/jsonlint/
job-core	Install jsonlint	2025-09-25T11:21:27.7071243Z   KAOS_REPO: /actions-runner/_work/kaos/kaos
job-core	Install jsonlint	2025-09-25T11:21:27.7071541Z   KAOS_STEP_MODULE: 
job-core	Install jsonlint	2025-09-25T11:21:27.7071829Z   KAOS_CODE: 18005774190
job-core	Install jsonlint	2025-09-25T11:21:27.7072071Z   KAOS_REF_BRANCH: main
job-core	Install jsonlint	2025-09-25T11:21:27.7072304Z ##[endgroup]
job-core	Install jsonlint	2025-09-25T11:21:27.7447640Z Installing jsonlint...
job-core	Install jsonlint	2025-09-25T11:21:29.7316358Z npm WARN deprecated nomnom@1.8.1: Package no longer supported. Contact support@npmjs.com for more info.
job-core	Install jsonlint	2025-09-25T11:21:31.0337175Z /home/runner/_work/_tool/node/14.21.3/x64/bin/jsonlint -> /home/runner/_work/_tool/node/14.21.3/x64/lib/node_modules/jsonlint/lib/cli.js
job-core	Install jsonlint	2025-09-25T11:21:31.0361167Z + jsonlint@1.6.3
job-core	Install jsonlint	2025-09-25T11:21:31.0379240Z added 8 packages from 5 contributors in 1.858s
job-core	Check JSON	ï»¿2025-09-25T11:21:31.1082536Z ##[group]Run # Invocamos la primera comprobaciÃ³n de base, sino se supera el proceso no continua
job-core	Check JSON	2025-09-25T11:21:31.1083388Z [36;1m# Invocamos la primera comprobaciÃ³n de base, sino se supera el proceso no continua[0m
job-core	Check JSON	2025-09-25T11:21:31.1083896Z [36;1m# Extraemos el nombre del fichero[0m
job-core	Check JSON	2025-09-25T11:21:31.1084248Z [36;1mfile_name=$(basename "audit/kaos/17858984475.json")[0m
job-core	Check JSON	2025-09-25T11:21:31.1084627Z [36;1m# Generamos el fichero de resultados vacio[0m
job-core	Check JSON	2025-09-25T11:21:31.1085029Z [36;1mtouch audit/jsonlint/jsonlint-results-18005774190.txt[0m
job-core	Check JSON	2025-09-25T11:21:31.1085608Z [36;1m# Realizamos el check del documento json [0m
job-core	Check JSON	2025-09-25T11:21:31.1086237Z [36;1mjsonlint --pretty-print audit/kaos/17858984475.json > audit/jsonlint/jsonlint-results-18005774190.txt || true[0m
job-core	Check JSON	2025-09-25T11:21:31.1086830Z [36;1m# Check if exist errors in file[0m
job-core	Check JSON	2025-09-25T11:21:31.1087235Z [36;1mif [ ! -s audit/jsonlint/jsonlint-results-18005774190.txt ]; then[0m
job-core	Check JSON	2025-09-25T11:21:31.1087863Z [36;1m  echo "File audit/jsonlint/jsonlint-results-18005774190.txt is empty and is content correct"[0m
job-core	Check JSON	2025-09-25T11:21:31.1089169Z [36;1m  KAOS_ISSUE_BODY="The [Ka0S] JSONLINT process (18005724942) launch the check (18005774190) over file (audit/kaos/17858984475.json) and its result has been SUCCESS. Please review all files implicated in pull request and approve to merge"[0m
job-core	Check JSON	2025-09-25T11:21:31.1090623Z [36;1m  # AÃ±adimos la versiÃ³n de jsonlint con la que se realiza la comprobacion[0m
job-core	Check JSON	2025-09-25T11:21:31.1091182Z [36;1m  jsonlint --version >> audit/jsonlint/jsonlint-results-18005774190.txt[0m
job-core	Check JSON	2025-09-25T11:21:31.1091705Z [36;1m  # aÃ±adimos el nombre del fichero que vamos a comprobar[0m
job-core	Check JSON	2025-09-25T11:21:31.1092268Z [36;1m  echo "Finding: audit/kaos/17858984475.json" >> audit/jsonlint/jsonlint-results-18005774190.txt[0m
job-core	Check JSON	2025-09-25T11:21:31.1094044Z [36;1m  gh issue comment  1514 -b "$KAOS_ISSUE_BODY" [0m
job-core	Check JSON	2025-09-25T11:21:31.1094371Z [36;1melse[0m
job-core	Check JSON	2025-09-25T11:21:31.1094655Z [36;1m  cat audit/jsonlint/jsonlint-results-18005774190.txt[0m
job-core	Check JSON	2025-09-25T11:21:31.1095430Z [36;1m  echo "File audit/jsonlint/jsonlint-results-18005774190.txt is not empty and is content not correct and write commit info"[0m
job-core	Check JSON	2025-09-25T11:21:31.1096567Z [36;1m  KAOS_ISSUE_BODY="The [Ka0S] JSONLINT process (18005724942) launch the check (18005774190) over file (audit/kaos/17858984475.json) and its result has been FAILED, please check and solved it"[0m
job-core	Check JSON	2025-09-25T11:21:31.1097508Z [36;1m  # AÃ±adimos la versiÃ³n de jsonlint con la que se realiza la comprobacion[0m
job-core	Check JSON	2025-09-25T11:21:31.1098066Z [36;1m  jsonlint --version || true >> audit/jsonlint/jsonlint-results-18005774190.txt[0m
job-core	Check JSON	2025-09-25T11:21:31.1098569Z [36;1m  # aÃ±adimos el nombre del fichero que vamos a comprobar[0m
job-core	Check JSON	2025-09-25T11:21:31.1099150Z [36;1m  echo "Finding: audit/kaos/17858984475.json" >> audit/jsonlint/jsonlint-results-18005774190.txt[0m
job-core	Check JSON	2025-09-25T11:21:31.1099706Z [36;1m  gh issue comment  1514 -b "$KAOS_ISSUE_BODY" [0m
job-core	Check JSON	2025-09-25T11:21:31.1100012Z [36;1mfi[0m
job-core	Check JSON	2025-09-25T11:21:31.1100273Z [36;1mecho "Uploading files to the repository..."[0m
job-core	Check JSON	2025-09-25T11:21:31.1100863Z [36;1mgit config --global user.name "***"[0m
job-core	Check JSON	2025-09-25T11:21:31.1101318Z [36;1mgit config --global user.email "***"[0m
job-core	Check JSON	2025-09-25T11:21:31.1101647Z [36;1mgit pull --rebase[0m
job-core	Check JSON	2025-09-25T11:21:31.1101922Z [36;1mgit add audit/jsonlint/*[0m
job-core	Check JSON	2025-09-25T11:21:31.1102237Z [36;1mif ! git diff --staged --quiet; then[0m
job-core	Check JSON	2025-09-25T11:21:31.1102752Z [36;1m  git commit -m "[Ka0S] Uploading jsonlint resume execution files to the repository..."[0m
job-core	Check JSON	2025-09-25T11:21:31.1103572Z [36;1m  git push origin refs/heads/H1514-new-swarm-deployment-stack-with-actions-runners-autoscale --force-with-lease[0m
job-core	Check JSON	2025-09-25T11:21:31.1104209Z [36;1mfi[0m
job-core	Check JSON	2025-09-25T11:21:31.1288276Z shell: /usr/bin/bash -e {0}
job-core	Check JSON	2025-09-25T11:21:31.1288605Z env:
job-core	Check JSON	2025-09-25T11:21:31.1288821Z   KAOS_MODULE: [Ka0S] JSONLINT
job-core	Check JSON	2025-09-25T11:21:31.1289422Z   GH_TOKEN: ***
job-core	Check JSON	2025-09-25T11:21:31.1289679Z   KAOS_JSONLINT_CONFIG: core/config/.jsonlint.json
job-core	Check JSON	2025-09-25T11:21:31.1290336Z   KAOS_PATH_RESUME: audit/jsonlint/
job-core	Check JSON	2025-09-25T11:21:31.1290638Z   KAOS_REPO: /actions-runner/_work/kaos/kaos
job-core	Check JSON	2025-09-25T11:21:31.1290959Z   KAOS_STEP_MODULE: 
job-core	Check JSON	2025-09-25T11:21:31.1291195Z   KAOS_CODE: 18005774190
job-core	Check JSON	2025-09-25T11:21:31.1291431Z   KAOS_REF_BRANCH: main
job-core	Check JSON	2025-09-25T11:21:31.1291665Z ##[endgroup]
job-core	Check JSON	2025-09-25T11:21:31.5007966Z internal/fs/utils.js:332
job-core	Check JSON	2025-09-25T11:21:31.5067200Z     throw err;
job-core	Check JSON	2025-09-25T11:21:31.5067418Z     ^
job-core	Check JSON	2025-09-25T11:21:31.5067542Z 
job-core	Check JSON	2025-09-25T11:21:31.5068033Z Error: ENOENT: no such file or directory, open 'audit/kaos/17858984475.json'
job-core	Check JSON	2025-09-25T11:21:31.5069550Z     at Object.openSync (fs.js:498:3)
job-core	Check JSON	2025-09-25T11:21:31.5069902Z     at Object.readFileSync (fs.js:394:35)
job-core	Check JSON	2025-09-25T11:21:31.5070467Z     at main (/home/runner/_work/_tool/node/14.21.3/x64/lib/node_modules/jsonlint/lib/cli.js:135:23)
job-core	Check JSON	2025-09-25T11:21:31.5071298Z     at Object.<anonymous> (/home/runner/_work/_tool/node/14.21.3/x64/lib/node_modules/jsonlint/lib/cli.js:179:1)
job-core	Check JSON	2025-09-25T11:21:31.5072032Z     at Module._compile (internal/modules/cjs/loader.js:1114:14)
job-core	Check JSON	2025-09-25T11:21:31.5072598Z     at Object.Module._extensions..js (internal/modules/cjs/loader.js:1143:10)
job-core	Check JSON	2025-09-25T11:21:31.5073632Z     at Module.load (internal/modules/cjs/loader.js:979:32)
job-core	Check JSON	2025-09-25T11:21:31.5074127Z     at Function.Module._load (internal/modules/cjs/loader.js:819:12)
job-core	Check JSON	2025-09-25T11:21:31.5074757Z     at Function.executeUserEntryPoint [as runMain] (internal/modules/run_main.js:75:12)
job-core	Check JSON	2025-09-25T11:21:31.5084691Z     at internal/main/run_main_module.js:17:47 {
job-core	Check JSON	2025-09-25T11:21:31.5085261Z   errno: -2,
job-core	Check JSON	2025-09-25T11:21:31.5085483Z   syscall: 'open',
job-core	Check JSON	2025-09-25T11:21:31.5085707Z   code: 'ENOENT',
job-core	Check JSON	2025-09-25T11:21:31.5085958Z   path: 'audit/kaos/17858984475.json'
job-core	Check JSON	2025-09-25T11:21:31.5086370Z }
job-core	Check JSON	2025-09-25T11:21:31.5086962Z File audit/jsonlint/jsonlint-results-18005774190.txt is empty and is content correct
job-core	Check JSON	2025-09-25T11:21:31.8703148Z ##[error]Process completed with exit code 1.
job-core	Post Checkout code	ï»¿2025-09-25T11:21:31.9398005Z Post job cleanup.
job-core	Post Checkout code	2025-09-25T11:21:32.5109372Z [command]/usr/bin/git version
job-core	Post Checkout code	2025-09-25T11:21:32.5253477Z git version 2.51.0
job-core	Post Checkout code	2025-09-25T11:21:32.5516425Z Temporarily overriding HOME='/home/runner/_work/_temp/b4d4b5d4-3bd4-4704-8da3-7455c670584a' before making global git config changes
job-core	Post Checkout code	2025-09-25T11:21:32.5518022Z Adding repository directory to the temporary git global config as a safe directory
job-core	Post Checkout code	2025-09-25T11:21:32.5552253Z [command]/usr/bin/git config --global --add safe.directory /home/runner/_work/ka0s/ka0s
job-core	Post Checkout code	2025-09-25T11:21:32.5685842Z [command]/usr/bin/git config --local --name-only --get-regexp core\.sshCommand
job-core	Post Checkout code	2025-09-25T11:21:32.5892486Z [command]/usr/bin/git submodule foreach --recursive sh -c "git config --local --name-only --get-regexp 'core\.sshCommand' && git config --local --unset-all 'core.sshCommand' || :"
job-core	Post Checkout code	2025-09-25T11:21:32.7990453Z [command]/usr/bin/git config --local --name-only --get-regexp http\.https\:\/\/github\.com\/\.extraheader
job-core	Post Checkout code	2025-09-25T11:21:32.8201274Z http.https://github.com/.extraheader
job-core	Post Checkout code	2025-09-25T11:21:32.8274363Z [command]/usr/bin/git config --local --unset-all http.https://github.com/.extraheader
job-core	Post Checkout code	2025-09-25T11:21:32.8309849Z [command]/usr/bin/git submodule foreach --recursive sh -c "git config --local --name-only --get-regexp 'http\.https\:\/\/github\.com\/\.extraheader' && git config --local --unset-all 'http.https://github.com/.extraheader' || :"
job-core	Complete job	ï»¿2025-09-25T11:21:32.9594718Z Cleaning up orphan processes
handle_failure	Set up job	ï»¿2025-09-25T11:21:38.9675687Z Current runner version: '2.328.0'
handle_failure	Set up job	2025-09-25T11:21:38.9683503Z Runner name: 'e1f5bf4ad08d'
handle_failure	Set up job	2025-09-25T11:21:38.9684382Z Runner group name: 'swarm-runners'
handle_failure	Set up job	2025-09-25T11:21:38.9685838Z Machine name: 'e1f5bf4ad08d'
handle_failure	Set up job	2025-09-25T11:21:38.9689323Z ##[group]GITHUB_TOKEN Permissions
handle_failure	Set up job	2025-09-25T11:21:38.9692142Z Actions: write
handle_failure	Set up job	2025-09-25T11:21:38.9692824Z Contents: write
handle_failure	Set up job	2025-09-25T11:21:38.9693483Z Issues: write
handle_failure	Set up job	2025-09-25T11:21:38.9694024Z Metadata: read
handle_failure	Set up job	2025-09-25T11:21:38.9694494Z PullRequests: write
handle_failure	Set up job	2025-09-25T11:21:38.9695114Z ##[endgroup]
handle_failure	Set up job	2025-09-25T11:21:38.9698011Z Secret source: Actions
handle_failure	Set up job	2025-09-25T11:21:38.9698874Z Prepare workflow directory
handle_failure	Set up job	2025-09-25T11:21:39.0273473Z Prepare all required actions
handle_failure	Set up job	2025-09-25T11:21:39.0313199Z Getting action download info
handle_failure	Set up job	2025-09-25T11:21:39.5667869Z Download action repository 'actions/checkout@v4' (SHA:08eba0b27e820071cde6df949e0beb9ba4906955)
handle_failure	Set up job	2025-09-25T11:21:40.4552206Z Complete job name: handle_failure
handle_failure	Checkout code	ï»¿2025-09-25T11:21:40.5141573Z ##[group]Run actions/checkout@v4
handle_failure	Checkout code	2025-09-25T11:21:40.5142662Z with:
handle_failure	Checkout code	2025-09-25T11:21:40.5143124Z   fetch-depth: 0
handle_failure	Checkout code	2025-09-25T11:21:40.5143859Z   token: ***
handle_failure	Checkout code	2025-09-25T11:21:40.5144311Z   repository: Ka0s-Klaus/ka0s
handle_failure	Checkout code	2025-09-25T11:21:40.5144850Z   ssh-strict: true
handle_failure	Checkout code	2025-09-25T11:21:40.5145688Z   ssh-user: git
handle_failure	Checkout code	2025-09-25T11:21:40.5146405Z   persist-credentials: true
handle_failure	Checkout code	2025-09-25T11:21:40.5146920Z   clean: true
handle_failure	Checkout code	2025-09-25T11:21:40.5147364Z   sparse-checkout-cone-mode: true
handle_failure	Checkout code	2025-09-25T11:21:40.5147929Z   fetch-tags: false
handle_failure	Checkout code	2025-09-25T11:21:40.5148541Z   show-progress: true
handle_failure	Checkout code	2025-09-25T11:21:40.5149005Z   lfs: false
handle_failure	Checkout code	2025-09-25T11:21:40.5149425Z   submodules: false
handle_failure	Checkout code	2025-09-25T11:21:40.5149910Z   set-safe-directory: true
handle_failure	Checkout code	2025-09-25T11:21:40.5150686Z env:
handle_failure	Checkout code	2025-09-25T11:21:40.5151125Z   KAOS_MODULE: [Ka0S] JSONLINT
handle_failure	Checkout code	2025-09-25T11:21:40.5151816Z   GH_TOKEN: ***
handle_failure	Checkout code	2025-09-25T11:21:40.5152335Z   KAOS_JSONLINT_CONFIG: core/config/.jsonlint.json
handle_failure	Checkout code	2025-09-25T11:21:40.5152986Z   KAOS_PATH_RESUME: audit/jsonlint/
handle_failure	Checkout code	2025-09-25T11:21:40.5153618Z   KAOS_REPO: /actions-runner/_work/kaos/kaos
handle_failure	Checkout code	2025-09-25T11:21:40.5154233Z   KAOS_STEP_MODULE: 
handle_failure	Checkout code	2025-09-25T11:21:40.5154695Z   KAOS_CODE: 18005774190
handle_failure	Checkout code	2025-09-25T11:21:40.5177415Z   KAOS_REF_BRANCH: main
handle_failure	Checkout code	2025-09-25T11:21:40.5177902Z ##[endgroup]
handle_failure	Checkout code	2025-09-25T11:21:40.6361993Z Syncing repository: Ka0s-Klaus/ka0s
handle_failure	Checkout code	2025-09-25T11:21:40.6364286Z ##[group]Getting Git version info
handle_failure	Checkout code	2025-09-25T11:21:40.6365032Z Working directory is '/home/runner/_work/ka0s/ka0s'
handle_failure	Checkout code	2025-09-25T11:21:40.6366477Z [command]/usr/bin/git version
handle_failure	Checkout code	2025-09-25T11:21:40.6367165Z git version 2.51.0
handle_failure	Checkout code	2025-09-25T11:21:40.6379493Z ##[endgroup]
handle_failure	Checkout code	2025-09-25T11:21:40.6398956Z Temporarily overriding HOME='/home/runner/_work/_temp/eea042e1-bc0d-425c-9271-233baa5a0f8c' before making global git config changes
handle_failure	Checkout code	2025-09-25T11:21:40.6401209Z Adding repository directory to the temporary git global config as a safe directory
handle_failure	Checkout code	2025-09-25T11:21:40.6404645Z [command]/usr/bin/git config --global --add safe.directory /home/runner/_work/ka0s/ka0s
handle_failure	Checkout code	2025-09-25T11:21:40.6442840Z Deleting the contents of '/home/runner/_work/ka0s/ka0s'
handle_failure	Checkout code	2025-09-25T11:21:40.6446914Z ##[group]Initializing the repository
handle_failure	Checkout code	2025-09-25T11:21:40.6460547Z [command]/usr/bin/git init /home/runner/_work/ka0s/ka0s
handle_failure	Checkout code	2025-09-25T11:21:40.6504849Z hint: Using 'master' as the name for the initial branch. This default branch name
handle_failure	Checkout code	2025-09-25T11:21:40.6506327Z hint: is subject to change. To configure the initial branch name to use in all
handle_failure	Checkout code	2025-09-25T11:21:40.6507651Z hint: of your new repositories, which will suppress this warning, call:
handle_failure	Checkout code	2025-09-25T11:21:40.6508729Z hint:
handle_failure	Checkout code	2025-09-25T11:21:40.6509322Z hint: 	git config --global init.defaultBranch <name>
handle_failure	Checkout code	2025-09-25T11:21:40.6510007Z hint:
handle_failure	Checkout code	2025-09-25T11:21:40.6510672Z hint: Names commonly chosen instead of 'master' are 'main', 'trunk' and
handle_failure	Checkout code	2025-09-25T11:21:40.6512041Z hint: 'development'. The just-created branch can be renamed via this command:
handle_failure	Checkout code	2025-09-25T11:21:40.6512878Z hint:
handle_failure	Checkout code	2025-09-25T11:21:40.6513322Z hint: 	git branch -m <name>
handle_failure	Checkout code	2025-09-25T11:21:40.6513853Z hint:
handle_failure	Checkout code	2025-09-25T11:21:40.6514612Z hint: Disable this message with "git config set advice.defaultBranchName false"
handle_failure	Checkout code	2025-09-25T11:21:40.6516854Z Initialized empty Git repository in /home/runner/_work/ka0s/ka0s/.git/
handle_failure	Checkout code	2025-09-25T11:21:40.6519101Z [command]/usr/bin/git remote add origin https://github.com/Ka0s-Klaus/ka0s
handle_failure	Checkout code	2025-09-25T11:21:40.6553540Z ##[endgroup]
handle_failure	Checkout code	2025-09-25T11:21:40.6554505Z ##[group]Disabling automatic garbage collection
handle_failure	Checkout code	2025-09-25T11:21:40.6557653Z [command]/usr/bin/git config --local gc.auto 0
handle_failure	Checkout code	2025-09-25T11:21:40.6591802Z ##[endgroup]
handle_failure	Checkout code	2025-09-25T11:21:40.6592730Z ##[group]Setting up auth
handle_failure	Checkout code	2025-09-25T11:21:40.6599956Z [command]/usr/bin/git config --local --name-only --get-regexp core\.sshCommand
handle_failure	Checkout code	2025-09-25T11:21:40.6634686Z [command]/usr/bin/git submodule foreach --recursive sh -c "git config --local --name-only --get-regexp 'core\.sshCommand' && git config --local --unset-all 'core.sshCommand' || :"
handle_failure	Checkout code	2025-09-25T11:21:40.6891287Z [command]/usr/bin/git config --local --name-only --get-regexp http\.https\:\/\/github\.com\/\.extraheader
handle_failure	Checkout code	2025-09-25T11:21:40.6924192Z [command]/usr/bin/git submodule foreach --recursive sh -c "git config --local --name-only --get-regexp 'http\.https\:\/\/github\.com\/\.extraheader' && git config --local --unset-all 'http.https://github.com/.extraheader' || :"
handle_failure	Checkout code	2025-09-25T11:21:40.7179165Z [command]/usr/bin/git config --local http.https://github.com/.extraheader AUTHORIZATION: basic ***
handle_failure	Checkout code	2025-09-25T11:21:40.7220581Z ##[endgroup]
handle_failure	Checkout code	2025-09-25T11:21:40.7221567Z ##[group]Fetching the repository
handle_failure	Checkout code	2025-09-25T11:21:40.7229460Z [command]/usr/bin/git -c protocol.version=2 fetch --prune --no-recurse-submodules origin +refs/heads/*:refs/remotes/origin/* +refs/tags/*:refs/tags/*
handle_failure	Checkout code	2025-09-25T11:21:52.9752935Z From https://github.com/Ka0s-Klaus/ka0s
handle_failure	Checkout code	2025-09-25T11:21:52.9766947Z  * [new branch]        F1149-desarrollo-de-orchestrator -> origin/F1149-desarrollo-de-orchestrator
handle_failure	Checkout code	2025-09-25T11:21:52.9771667Z  * [new branch]        F1183-personalizaciÃ³n-mÃ³dulo-finops -> origin/F1183-personalizaciÃ³n-mÃ³dulo-finops
handle_failure	Checkout code	2025-09-25T11:21:52.9778090Z  * [new branch]        F1224-new-module-mongodb -> origin/F1224-new-module-mongodb
handle_failure	Checkout code	2025-09-25T11:21:52.9778927Z  * [new branch]        F220-web-de-resultados  -> origin/F220-web-de-resultados
handle_failure	Checkout code	2025-09-25T11:21:52.9779832Z  * [new branch]        F227-despliegue-de-kube-independiente-del-clouder -> origin/F227-despliegue-de-kube-independiente-del-clouder
handle_failure	Checkout code	2025-09-25T11:21:52.9780879Z  * [new branch]        F329-documentacion-metodologia-de-kaos -> origin/F329-documentacion-metodologia-de-kaos
handle_failure	Checkout code	2025-09-25T11:21:52.9781991Z  * [new branch]        F44-creaciÃ³n-mÃ³dulo-versionado -> origin/F44-creaciÃ³n-mÃ³dulo-versionado
handle_failure	Checkout code	2025-09-25T11:21:52.9782821Z  * [new branch]        H1128-mÃ³dulo-de-observabilidad -> origin/H1128-mÃ³dulo-de-observabilidad
handle_failure	Checkout code	2025-09-25T11:21:52.9783553Z  * [new branch]        H1139-como-instalar-arc-control -> origin/H1139-como-instalar-arc-control
handle_failure	Checkout code	2025-09-25T11:21:52.9784318Z  * [new branch]        H1149-desarrollo-de-orchestrator -> origin/H1149-desarrollo-de-orchestrator
handle_failure	Checkout code	2025-09-25T11:21:52.9785282Z  * [new branch]        H1150-desarrollo-de-secciones -> origin/H1150-desarrollo-de-secciones
handle_failure	Checkout code	2025-09-25T11:21:52.9786079Z  * [new branch]        H1151-desarrollo-de-secciones-ii -> origin/H1151-desarrollo-de-secciones-ii
handle_failure	Checkout code	2025-09-25T11:21:52.9786775Z  * [new branch]        H1152-desarrollo-inicio -> origin/H1152-desarrollo-inicio
handle_failure	Checkout code	2025-09-25T11:21:52.9787649Z  * [new branch]        H1183-personalizaciÃ³n-mÃ³dulo-finops -> origin/H1183-personalizaciÃ³n-mÃ³dulo-finops
handle_failure	Checkout code	2025-09-25T11:21:52.9788480Z  * [new branch]        H1193-ejemplo-web-documentacion -> origin/H1193-ejemplo-web-documentacion
handle_failure	Checkout code	2025-09-25T11:21:52.9789185Z  * [new branch]        H1205-web-creation      -> origin/H1205-web-creation
handle_failure	Checkout code	2025-09-25T11:21:52.9789795Z  * [new branch]        H1224-new-module-mongodb -> origin/H1224-new-module-mongodb
handle_failure	Checkout code	2025-09-25T11:21:52.9790410Z  * [new branch]        H1410-modulo-execution  -> origin/H1410-modulo-execution
handle_failure	Checkout code	2025-09-25T11:21:52.9791435Z  * [new branch]        H1514-new-swarm-deployment-stack-with-actions-runners-autoscale -> origin/H1514-new-swarm-deployment-stack-with-actions-runners-autoscale
handle_failure	Checkout code	2025-09-25T11:21:52.9793223Z  * [new branch]        H215-modulo-de-summary  -> origin/H215-modulo-de-summary
handle_failure	Checkout code	2025-09-25T11:21:52.9793908Z  * [new branch]        H220-web-de-resultados  -> origin/H220-web-de-resultados
handle_failure	Checkout code	2025-09-25T11:21:52.9794796Z  * [new branch]        H227-despliegue-de-kube-independiente-del-clouder -> origin/H227-despliegue-de-kube-independiente-del-clouder
handle_failure	Checkout code	2025-09-25T11:21:52.9795852Z  * [new branch]        H306-ficheros-de-estadisticas -> origin/H306-ficheros-de-estadisticas
handle_failure	Checkout code	2025-09-25T11:21:52.9796713Z  * [new branch]        H328-documentacion-modulo-principal-de-kaos -> origin/H328-documentacion-modulo-principal-de-kaos
handle_failure	Checkout code	2025-09-25T11:21:52.9797676Z  * [new branch]        H329-documentacion-metodologia-de-kaos -> origin/H329-documentacion-metodologia-de-kaos
handle_failure	Checkout code	2025-09-25T11:21:52.9798622Z  * [new branch]        H338-relanzador-de-jobs-en-caso-de-pattern -> origin/H338-relanzador-de-jobs-en-caso-de-pattern
handle_failure	Checkout code	2025-09-25T11:21:52.9799902Z  * [new branch]        H38-documentacion-basica-del-proyecto -> origin/H38-documentacion-basica-del-proyecto
handle_failure	Checkout code	2025-09-25T11:21:52.9800904Z  * [new branch]        H44-creaciÃ³n-mÃ³dulo-versionado -> origin/H44-creaciÃ³n-mÃ³dulo-versionado
handle_failure	Checkout code	2025-09-25T11:21:52.9801805Z  * [new branch]        RN1149-desarrollo-de-orchestrator -> origin/RN1149-desarrollo-de-orchestrator
handle_failure	Checkout code	2025-09-25T11:21:52.9802803Z  * [new branch]        RN1183-personalizaciÃ³n-mÃ³dulo-finops -> origin/RN1183-personalizaciÃ³n-mÃ³dulo-finops
handle_failure	Checkout code	2025-09-25T11:21:52.9803918Z  * [new branch]        RN1282-ka0s-error-detected-in-ka0s-workflow-statistics-summary -> origin/RN1282-ka0s-error-detected-in-ka0s-workflow-statistics-summary
handle_failure	Checkout code	2025-09-25T11:21:52.9804888Z  * [new branch]        RN220-web-de-resultados -> origin/RN220-web-de-resultados
handle_failure	Checkout code	2025-09-25T11:21:52.9805902Z  * [new branch]        RN227-despliegue-de-kube-independiente-del-clouder -> origin/RN227-despliegue-de-kube-independiente-del-clouder
handle_failure	Checkout code	2025-09-25T11:21:52.9806939Z  * [new branch]        RN329-documentacion-metodologia-de-kaos -> origin/RN329-documentacion-metodologia-de-kaos
handle_failure	Checkout code	2025-09-25T11:21:52.9807651Z  * [new branch]        main                    -> origin/main
handle_failure	Checkout code	2025-09-25T11:21:52.9808077Z  * [new tag]           0.0.0                   -> 0.0.0
handle_failure	Checkout code	2025-09-25T11:21:52.9808476Z  * [new tag]           0.0.1                   -> 0.0.1
handle_failure	Checkout code	2025-09-25T11:21:52.9808886Z  * [new tag]           0.0.10                  -> 0.0.10
handle_failure	Checkout code	2025-09-25T11:21:52.9809297Z  * [new tag]           0.0.100                 -> 0.0.100
handle_failure	Checkout code	2025-09-25T11:21:52.9809715Z  * [new tag]           0.0.101                 -> 0.0.101
handle_failure	Checkout code	2025-09-25T11:21:52.9810117Z  * [new tag]           0.0.102                 -> 0.0.102
handle_failure	Checkout code	2025-09-25T11:21:52.9810520Z  * [new tag]           0.0.103                 -> 0.0.103
handle_failure	Checkout code	2025-09-25T11:21:52.9810917Z  * [new tag]           0.0.104                 -> 0.0.104
handle_failure	Checkout code	2025-09-25T11:21:52.9811328Z  * [new tag]           0.0.105                 -> 0.0.105
handle_failure	Checkout code	2025-09-25T11:21:52.9811766Z  * [new tag]           0.0.106                 -> 0.0.106
handle_failure	Checkout code	2025-09-25T11:21:52.9812182Z  * [new tag]           0.0.107                 -> 0.0.107
handle_failure	Checkout code	2025-09-25T11:21:52.9812587Z  * [new tag]           0.0.108                 -> 0.0.108
handle_failure	Checkout code	2025-09-25T11:21:52.9812988Z  * [new tag]           0.0.109                 -> 0.0.109
handle_failure	Checkout code	2025-09-25T11:21:52.9813400Z  * [new tag]           0.0.11                  -> 0.0.11
handle_failure	Checkout code	2025-09-25T11:21:52.9813799Z  * [new tag]           0.0.110                 -> 0.0.110
handle_failure	Checkout code	2025-09-25T11:21:52.9814200Z  * [new tag]           0.0.111                 -> 0.0.111
handle_failure	Checkout code	2025-09-25T11:21:52.9814601Z  * [new tag]           0.0.112                 -> 0.0.112
handle_failure	Checkout code	2025-09-25T11:21:52.9815015Z  * [new tag]           0.0.113                 -> 0.0.113
handle_failure	Checkout code	2025-09-25T11:21:52.9815514Z  * [new tag]           0.0.114                 -> 0.0.114
handle_failure	Checkout code	2025-09-25T11:21:52.9815934Z  * [new tag]           0.0.115                 -> 0.0.115
handle_failure	Checkout code	2025-09-25T11:21:52.9816354Z  * [new tag]           0.0.116                 -> 0.0.116
handle_failure	Checkout code	2025-09-25T11:21:52.9816775Z  * [new tag]           0.0.117                 -> 0.0.117
handle_failure	Checkout code	2025-09-25T11:21:52.9817393Z  * [new tag]           0.0.118                 -> 0.0.118
handle_failure	Checkout code	2025-09-25T11:21:52.9817808Z  * [new tag]           0.0.119                 -> 0.0.119
handle_failure	Checkout code	2025-09-25T11:21:52.9818224Z  * [new tag]           0.0.12                  -> 0.0.12
handle_failure	Checkout code	2025-09-25T11:21:52.9818642Z  * [new tag]           0.0.120                 -> 0.0.120
handle_failure	Checkout code	2025-09-25T11:21:52.9819060Z  * [new tag]           0.0.121                 -> 0.0.121
handle_failure	Checkout code	2025-09-25T11:21:52.9819468Z  * [new tag]           0.0.122                 -> 0.0.122
handle_failure	Checkout code	2025-09-25T11:21:52.9819880Z  * [new tag]           0.0.123                 -> 0.0.123
handle_failure	Checkout code	2025-09-25T11:21:52.9820329Z  * [new tag]           0.0.124                 -> 0.0.124
handle_failure	Checkout code	2025-09-25T11:21:52.9820816Z  * [new tag]           0.0.125                 -> 0.0.125
handle_failure	Checkout code	2025-09-25T11:21:52.9821228Z  * [new tag]           0.0.126                 -> 0.0.126
handle_failure	Checkout code	2025-09-25T11:21:52.9821626Z  * [new tag]           0.0.127                 -> 0.0.127
handle_failure	Checkout code	2025-09-25T11:21:52.9822236Z  * [new tag]           0.0.128                 -> 0.0.128
handle_failure	Checkout code	2025-09-25T11:21:52.9822643Z  * [new tag]           0.0.129                 -> 0.0.129
handle_failure	Checkout code	2025-09-25T11:21:52.9823053Z  * [new tag]           0.0.13                  -> 0.0.13
handle_failure	Checkout code	2025-09-25T11:21:52.9823472Z  * [new tag]           0.0.130                 -> 0.0.130
handle_failure	Checkout code	2025-09-25T11:21:52.9823885Z  * [new tag]           0.0.131                 -> 0.0.131
handle_failure	Checkout code	2025-09-25T11:21:52.9824295Z  * [new tag]           0.0.132                 -> 0.0.132
handle_failure	Checkout code	2025-09-25T11:21:52.9824704Z  * [new tag]           0.0.133                 -> 0.0.133
handle_failure	Checkout code	2025-09-25T11:21:52.9825120Z  * [new tag]           0.0.134                 -> 0.0.134
handle_failure	Checkout code	2025-09-25T11:21:52.9825649Z  * [new tag]           0.0.135                 -> 0.0.135
handle_failure	Checkout code	2025-09-25T11:21:52.9826066Z  * [new tag]           0.0.136                 -> 0.0.136
handle_failure	Checkout code	2025-09-25T11:21:52.9826535Z  * [new tag]           0.0.137                 -> 0.0.137
handle_failure	Checkout code	2025-09-25T11:21:52.9827000Z  * [new tag]           0.0.138                 -> 0.0.138
handle_failure	Checkout code	2025-09-25T11:21:52.9827463Z  * [new tag]           0.0.139                 -> 0.0.139
handle_failure	Checkout code	2025-09-25T11:21:52.9827900Z  * [new tag]           0.0.14                  -> 0.0.14
handle_failure	Checkout code	2025-09-25T11:21:52.9828343Z  * [new tag]           0.0.140                 -> 0.0.140
handle_failure	Checkout code	2025-09-25T11:21:52.9828768Z  * [new tag]           0.0.141                 -> 0.0.141
handle_failure	Checkout code	2025-09-25T11:21:52.9829198Z  * [new tag]           0.0.142                 -> 0.0.142
handle_failure	Checkout code	2025-09-25T11:21:52.9829645Z  * [new tag]           0.0.143                 -> 0.0.143
handle_failure	Checkout code	2025-09-25T11:21:52.9830104Z  * [new tag]           0.0.144                 -> 0.0.144
handle_failure	Checkout code	2025-09-25T11:21:52.9830556Z  * [new tag]           0.0.145                 -> 0.0.145
handle_failure	Checkout code	2025-09-25T11:21:52.9831013Z  * [new tag]           0.0.146                 -> 0.0.146
handle_failure	Checkout code	2025-09-25T11:21:52.9831476Z  * [new tag]           0.0.147                 -> 0.0.147
handle_failure	Checkout code	2025-09-25T11:21:52.9831918Z  * [new tag]           0.0.148                 -> 0.0.148
handle_failure	Checkout code	2025-09-25T11:21:52.9832388Z  * [new tag]           0.0.149                 -> 0.0.149
handle_failure	Checkout code	2025-09-25T11:21:52.9832852Z  * [new tag]           0.0.15                  -> 0.0.15
handle_failure	Checkout code	2025-09-25T11:21:52.9833287Z  * [new tag]           0.0.150                 -> 0.0.150
handle_failure	Checkout code	2025-09-25T11:21:52.9833715Z  * [new tag]           0.0.151                 -> 0.0.151
handle_failure	Checkout code	2025-09-25T11:21:52.9834150Z  * [new tag]           0.0.152                 -> 0.0.152
handle_failure	Checkout code	2025-09-25T11:21:52.9834580Z  * [new tag]           0.0.153                 -> 0.0.153
handle_failure	Checkout code	2025-09-25T11:21:52.9835003Z  * [new tag]           0.0.154                 -> 0.0.154
handle_failure	Checkout code	2025-09-25T11:21:52.9835656Z  * [new tag]           0.0.155                 -> 0.0.155
handle_failure	Checkout code	2025-09-25T11:21:52.9836077Z  * [new tag]           0.0.156                 -> 0.0.156
handle_failure	Checkout code	2025-09-25T11:21:52.9836504Z  * [new tag]           0.0.157                 -> 0.0.157
handle_failure	Checkout code	2025-09-25T11:21:52.9836929Z  * [new tag]           0.0.158                 -> 0.0.158
handle_failure	Checkout code	2025-09-25T11:21:52.9837353Z  * [new tag]           0.0.159                 -> 0.0.159
handle_failure	Checkout code	2025-09-25T11:21:52.9837793Z  * [new tag]           0.0.16                  -> 0.0.16
handle_failure	Checkout code	2025-09-25T11:21:52.9838418Z  * [new tag]           0.0.160                 -> 0.0.160
handle_failure	Checkout code	2025-09-25T11:21:52.9838826Z  * [new tag]           0.0.161                 -> 0.0.161
handle_failure	Checkout code	2025-09-25T11:21:52.9839252Z  * [new tag]           0.0.162                 -> 0.0.162
handle_failure	Checkout code	2025-09-25T11:21:52.9839660Z  * [new tag]           0.0.163                 -> 0.0.163
handle_failure	Checkout code	2025-09-25T11:21:52.9840060Z  * [new tag]           0.0.164                 -> 0.0.164
handle_failure	Checkout code	2025-09-25T11:21:52.9840475Z  * [new tag]           0.0.165                 -> 0.0.165
handle_failure	Checkout code	2025-09-25T11:21:52.9840889Z  * [new tag]           0.0.166                 -> 0.0.166
handle_failure	Checkout code	2025-09-25T11:21:52.9841299Z  * [new tag]           0.0.167                 -> 0.0.167
handle_failure	Checkout code	2025-09-25T11:21:52.9841714Z  * [new tag]           0.0.168                 -> 0.0.168
handle_failure	Checkout code	2025-09-25T11:21:52.9842124Z  * [new tag]           0.0.169                 -> 0.0.169
handle_failure	Checkout code	2025-09-25T11:21:52.9842543Z  * [new tag]           0.0.17                  -> 0.0.17
handle_failure	Checkout code	2025-09-25T11:21:52.9843102Z  * [new tag]           0.0.170                 -> 0.0.170
handle_failure	Checkout code	2025-09-25T11:21:52.9843523Z  * [new tag]           0.0.171                 -> 0.0.171
handle_failure	Checkout code	2025-09-25T11:21:52.9843929Z  * [new tag]           0.0.172                 -> 0.0.172
handle_failure	Checkout code	2025-09-25T11:21:52.9844334Z  * [new tag]           0.0.173                 -> 0.0.173
handle_failure	Checkout code	2025-09-25T11:21:52.9844737Z  * [new tag]           0.0.174                 -> 0.0.174
handle_failure	Checkout code	2025-09-25T11:21:52.9845247Z  * [new tag]           0.0.175                 -> 0.0.175
handle_failure	Checkout code	2025-09-25T11:21:52.9845667Z  * [new tag]           0.0.176                 -> 0.0.176
handle_failure	Checkout code	2025-09-25T11:21:52.9846076Z  * [new tag]           0.0.177                 -> 0.0.177
handle_failure	Checkout code	2025-09-25T11:21:52.9846481Z  * [new tag]           0.0.178                 -> 0.0.178
handle_failure	Checkout code	2025-09-25T11:21:52.9846885Z  * [new tag]           0.0.179                 -> 0.0.179
handle_failure	Checkout code	2025-09-25T11:21:52.9847291Z  * [new tag]           0.0.18                  -> 0.0.18
handle_failure	Checkout code	2025-09-25T11:21:52.9847690Z  * [new tag]           0.0.19                  -> 0.0.19
handle_failure	Checkout code	2025-09-25T11:21:52.9848114Z  * [new tag]           0.0.2                   -> 0.0.2
handle_failure	Checkout code	2025-09-25T11:21:52.9848519Z  * [new tag]           0.0.20                  -> 0.0.20
handle_failure	Checkout code	2025-09-25T11:21:52.9848916Z  * [new tag]           0.0.21                  -> 0.0.21
handle_failure	Checkout code	2025-09-25T11:21:52.9849319Z  * [new tag]           0.0.22                  -> 0.0.22
handle_failure	Checkout code	2025-09-25T11:21:52.9849722Z  * [new tag]           0.0.23                  -> 0.0.23
handle_failure	Checkout code	2025-09-25T11:21:52.9850117Z  * [new tag]           0.0.24                  -> 0.0.24
handle_failure	Checkout code	2025-09-25T11:21:52.9850515Z  * [new tag]           0.0.25                  -> 0.0.25
handle_failure	Checkout code	2025-09-25T11:21:52.9850944Z  * [new tag]           0.0.26                  -> 0.0.26
handle_failure	Checkout code	2025-09-25T11:21:52.9851351Z  * [new tag]           0.0.27                  -> 0.0.27
handle_failure	Checkout code	2025-09-25T11:21:52.9851754Z  * [new tag]           0.0.28                  -> 0.0.28
handle_failure	Checkout code	2025-09-25T11:21:52.9852162Z  * [new tag]           0.0.29                  -> 0.0.29
handle_failure	Checkout code	2025-09-25T11:21:52.9852807Z  * [new tag]           0.0.3                   -> 0.0.3
handle_failure	Checkout code	2025-09-25T11:21:52.9853244Z  * [new tag]           0.0.30                  -> 0.0.30
handle_failure	Checkout code	2025-09-25T11:21:52.9853641Z  * [new tag]           0.0.31                  -> 0.0.31
handle_failure	Checkout code	2025-09-25T11:21:52.9854044Z  * [new tag]           0.0.32                  -> 0.0.32
handle_failure	Checkout code	2025-09-25T11:21:52.9854451Z  * [new tag]           0.0.33                  -> 0.0.33
handle_failure	Checkout code	2025-09-25T11:21:52.9854853Z  * [new tag]           0.0.34                  -> 0.0.34
handle_failure	Checkout code	2025-09-25T11:21:52.9855351Z  * [new tag]           0.0.35                  -> 0.0.35
handle_failure	Checkout code	2025-09-25T11:21:52.9855761Z  * [new tag]           0.0.36                  -> 0.0.36
handle_failure	Checkout code	2025-09-25T11:21:52.9856162Z  * [new tag]           0.0.37                  -> 0.0.37
handle_failure	Checkout code	2025-09-25T11:21:52.9856565Z  * [new tag]           0.0.38                  -> 0.0.38
handle_failure	Checkout code	2025-09-25T11:21:52.9856967Z  * [new tag]           0.0.39                  -> 0.0.39
handle_failure	Checkout code	2025-09-25T11:21:52.9857368Z  * [new tag]           0.0.4                   -> 0.0.4
handle_failure	Checkout code	2025-09-25T11:21:52.9857778Z  * [new tag]           0.0.40                  -> 0.0.40
handle_failure	Checkout code	2025-09-25T11:21:52.9858390Z  * [new tag]           0.0.41                  -> 0.0.41
handle_failure	Checkout code	2025-09-25T11:21:52.9858810Z  * [new tag]           0.0.42                  -> 0.0.42
handle_failure	Checkout code	2025-09-25T11:21:52.9859212Z  * [new tag]           0.0.43                  -> 0.0.43
handle_failure	Checkout code	2025-09-25T11:21:52.9859608Z  * [new tag]           0.0.44                  -> 0.0.44
handle_failure	Checkout code	2025-09-25T11:21:52.9860007Z  * [new tag]           0.0.45                  -> 0.0.45
handle_failure	Checkout code	2025-09-25T11:21:52.9860404Z  * [new tag]           0.0.46                  -> 0.0.46
handle_failure	Checkout code	2025-09-25T11:21:52.9860803Z  * [new tag]           0.0.47                  -> 0.0.47
handle_failure	Checkout code	2025-09-25T11:21:52.9861214Z  * [new tag]           0.0.48                  -> 0.0.48
handle_failure	Checkout code	2025-09-25T11:21:52.9861617Z  * [new tag]           0.0.49                  -> 0.0.49
handle_failure	Checkout code	2025-09-25T11:21:52.9862017Z  * [new tag]           0.0.5                   -> 0.0.5
handle_failure	Checkout code	2025-09-25T11:21:52.9862417Z  * [new tag]           0.0.50                  -> 0.0.50
handle_failure	Checkout code	2025-09-25T11:21:52.9862821Z  * [new tag]           0.0.51                  -> 0.0.51
handle_failure	Checkout code	2025-09-25T11:21:52.9863398Z  * [new tag]           0.0.52                  -> 0.0.52
handle_failure	Checkout code	2025-09-25T11:21:52.9863789Z  * [new tag]           0.0.53                  -> 0.0.53
handle_failure	Checkout code	2025-09-25T11:21:52.9864185Z  * [new tag]           0.0.54                  -> 0.0.54
handle_failure	Checkout code	2025-09-25T11:21:52.9864596Z  * [new tag]           0.0.55                  -> 0.0.55
handle_failure	Checkout code	2025-09-25T11:21:52.9865007Z  * [new tag]           0.0.56                  -> 0.0.56
handle_failure	Checkout code	2025-09-25T11:21:52.9865505Z  * [new tag]           0.0.57                  -> 0.0.57
handle_failure	Checkout code	2025-09-25T11:21:52.9865908Z  * [new tag]           0.0.58                  -> 0.0.58
handle_failure	Checkout code	2025-09-25T11:21:52.9866310Z  * [new tag]           0.0.59                  -> 0.0.59
handle_failure	Checkout code	2025-09-25T11:21:52.9866699Z  * [new tag]           0.0.6                   -> 0.0.6
handle_failure	Checkout code	2025-09-25T11:21:52.9867104Z  * [new tag]           0.0.60                  -> 0.0.60
handle_failure	Checkout code	2025-09-25T11:21:52.9867504Z  * [new tag]           0.0.61                  -> 0.0.61
handle_failure	Checkout code	2025-09-25T11:21:52.9867893Z  * [new tag]           0.0.62                  -> 0.0.62
handle_failure	Checkout code	2025-09-25T11:21:52.9868310Z  * [new tag]           0.0.63                  -> 0.0.63
handle_failure	Checkout code	2025-09-25T11:21:52.9868708Z  * [new tag]           0.0.64                  -> 0.0.64
handle_failure	Checkout code	2025-09-25T11:21:52.9869107Z  * [new tag]           0.0.65                  -> 0.0.65
handle_failure	Checkout code	2025-09-25T11:21:52.9869496Z  * [new tag]           0.0.66                  -> 0.0.66
handle_failure	Checkout code	2025-09-25T11:21:52.9869900Z  * [new tag]           0.0.67                  -> 0.0.67
handle_failure	Checkout code	2025-09-25T11:21:52.9870301Z  * [new tag]           0.0.68                  -> 0.0.68
handle_failure	Checkout code	2025-09-25T11:21:52.9870692Z  * [new tag]           0.0.69                  -> 0.0.69
handle_failure	Checkout code	2025-09-25T11:21:52.9871125Z  * [new tag]           0.0.7                   -> 0.0.7
handle_failure	Checkout code	2025-09-25T11:21:52.9871527Z  * [new tag]           0.0.70                  -> 0.0.70
handle_failure	Checkout code	2025-09-25T11:21:52.9871931Z  * [new tag]           0.0.71                  -> 0.0.71
handle_failure	Checkout code	2025-09-25T11:21:52.9872329Z  * [new tag]           0.0.72                  -> 0.0.72
handle_failure	Checkout code	2025-09-25T11:21:52.9872743Z  * [new tag]           0.0.73                  -> 0.0.73
handle_failure	Checkout code	2025-09-25T11:21:52.9873153Z  * [new tag]           0.0.74                  -> 0.0.74
handle_failure	Checkout code	2025-09-25T11:21:52.9873540Z  * [new tag]           0.0.75                  -> 0.0.75
handle_failure	Checkout code	2025-09-25T11:21:52.9873945Z  * [new tag]           0.0.76                  -> 0.0.76
handle_failure	Checkout code	2025-09-25T11:21:52.9874345Z  * [new tag]           0.0.77                  -> 0.0.77
handle_failure	Checkout code	2025-09-25T11:21:52.9874749Z  * [new tag]           0.0.78                  -> 0.0.78
handle_failure	Checkout code	2025-09-25T11:21:52.9875278Z  * [new tag]           0.0.79                  -> 0.0.79
handle_failure	Checkout code	2025-09-25T11:21:52.9875691Z  * [new tag]           0.0.8                   -> 0.0.8
handle_failure	Checkout code	2025-09-25T11:21:52.9876098Z  * [new tag]           0.0.80                  -> 0.0.80
handle_failure	Checkout code	2025-09-25T11:21:52.9876514Z  * [new tag]           0.0.81                  -> 0.0.81
handle_failure	Checkout code	2025-09-25T11:21:52.9876942Z  * [new tag]           0.0.82                  -> 0.0.82
handle_failure	Checkout code	2025-09-25T11:21:52.9877344Z  * [new tag]           0.0.83                  -> 0.0.83
handle_failure	Checkout code	2025-09-25T11:21:52.9877751Z  * [new tag]           0.0.84                  -> 0.0.84
handle_failure	Checkout code	2025-09-25T11:21:52.9878352Z  * [new tag]           0.0.85                  -> 0.0.85
handle_failure	Checkout code	2025-09-25T11:21:52.9878741Z  * [new tag]           0.0.86                  -> 0.0.86
handle_failure	Checkout code	2025-09-25T11:21:52.9879141Z  * [new tag]           0.0.87                  -> 0.0.87
handle_failure	Checkout code	2025-09-25T11:21:52.9879533Z  * [new tag]           0.0.88                  -> 0.0.88
handle_failure	Checkout code	2025-09-25T11:21:52.9879935Z  * [new tag]           0.0.89                  -> 0.0.89
handle_failure	Checkout code	2025-09-25T11:21:52.9880330Z  * [new tag]           0.0.9                   -> 0.0.9
handle_failure	Checkout code	2025-09-25T11:21:52.9880741Z  * [new tag]           0.0.90                  -> 0.0.90
handle_failure	Checkout code	2025-09-25T11:21:52.9881147Z  * [new tag]           0.0.91                  -> 0.0.91
handle_failure	Checkout code	2025-09-25T11:21:52.9881535Z  * [new tag]           0.0.92                  -> 0.0.92
handle_failure	Checkout code	2025-09-25T11:21:52.9881929Z  * [new tag]           0.0.93                  -> 0.0.93
handle_failure	Checkout code	2025-09-25T11:21:52.9882325Z  * [new tag]           0.0.94                  -> 0.0.94
handle_failure	Checkout code	2025-09-25T11:21:52.9882887Z  * [new tag]           0.0.95                  -> 0.0.95
handle_failure	Checkout code	2025-09-25T11:21:52.9883288Z  * [new tag]           0.0.96                  -> 0.0.96
handle_failure	Checkout code	2025-09-25T11:21:52.9883684Z  * [new tag]           0.0.97                  -> 0.0.97
handle_failure	Checkout code	2025-09-25T11:21:52.9884085Z  * [new tag]           0.0.98                  -> 0.0.98
handle_failure	Checkout code	2025-09-25T11:21:52.9884480Z  * [new tag]           0.0.99                  -> 0.0.99
handle_failure	Checkout code	2025-09-25T11:21:52.9884875Z  * [new tag]           0.1.0                   -> 0.1.0
handle_failure	Checkout code	2025-09-25T11:21:52.9889187Z  * [new tag]           0.1.1                   -> 0.1.1
handle_failure	Checkout code	2025-09-25T11:21:52.9889644Z  * [new tag]           0.2.0                   -> 0.2.0
handle_failure	Checkout code	2025-09-25T11:21:52.9890044Z  * [new tag]           0.3.0                   -> 0.3.0
handle_failure	Checkout code	2025-09-25T11:21:52.9890441Z  * [new tag]           0.3.1                   -> 0.3.1
handle_failure	Checkout code	2025-09-25T11:21:52.9890838Z  * [new tag]           0.3.10                  -> 0.3.10
handle_failure	Checkout code	2025-09-25T11:21:52.9891241Z  * [new tag]           0.3.11                  -> 0.3.11
handle_failure	Checkout code	2025-09-25T11:21:52.9891690Z  * [new tag]           0.3.12                  -> 0.3.12
handle_failure	Checkout code	2025-09-25T11:21:52.9892098Z  * [new tag]           0.3.13                  -> 0.3.13
handle_failure	Checkout code	2025-09-25T11:21:52.9892486Z  * [new tag]           0.3.14                  -> 0.3.14
handle_failure	Checkout code	2025-09-25T11:21:52.9892884Z  * [new tag]           0.3.15                  -> 0.3.15
handle_failure	Checkout code	2025-09-25T11:21:52.9893284Z  * [new tag]           0.3.16                  -> 0.3.16
handle_failure	Checkout code	2025-09-25T11:21:52.9893674Z  * [new tag]           0.3.17                  -> 0.3.17
handle_failure	Checkout code	2025-09-25T11:21:52.9894063Z  * [new tag]           0.3.2                   -> 0.3.2
handle_failure	Checkout code	2025-09-25T11:21:52.9894454Z  * [new tag]           0.3.3                   -> 0.3.3
handle_failure	Checkout code	2025-09-25T11:21:52.9894845Z  * [new tag]           0.3.4                   -> 0.3.4
handle_failure	Checkout code	2025-09-25T11:21:52.9895339Z  * [new tag]           0.3.5                   -> 0.3.5
handle_failure	Checkout code	2025-09-25T11:21:52.9895742Z  * [new tag]           0.3.6                   -> 0.3.6
handle_failure	Checkout code	2025-09-25T11:21:52.9896133Z  * [new tag]           0.3.7                   -> 0.3.7
handle_failure	Checkout code	2025-09-25T11:21:52.9896532Z  * [new tag]           0.3.8                   -> 0.3.8
handle_failure	Checkout code	2025-09-25T11:21:52.9896931Z  * [new tag]           0.3.9                   -> 0.3.9
handle_failure	Checkout code	2025-09-25T11:21:52.9897326Z  * [new tag]           0.4.0                   -> 0.4.0
handle_failure	Checkout code	2025-09-25T11:21:52.9897735Z  * [new tag]           0.4.1                   -> 0.4.1
handle_failure	Checkout code	2025-09-25T11:21:52.9898122Z  * [new tag]           0.4.2                   -> 0.4.2
handle_failure	Checkout code	2025-09-25T11:21:52.9898512Z  * [new tag]           0.4.3                   -> 0.4.3
handle_failure	Checkout code	2025-09-25T11:21:52.9898908Z  * [new tag]           0.4.4                   -> 0.4.4
handle_failure	Checkout code	2025-09-25T11:21:52.9899302Z  * [new tag]           0.4.5                   -> 0.4.5
handle_failure	Checkout code	2025-09-25T11:21:52.9899707Z  * [new tag]           0.4.6                   -> 0.4.6
handle_failure	Checkout code	2025-09-25T11:21:53.0165058Z [command]/usr/bin/git branch --list --remote origin/H1514-new-swarm-deployment-stack-with-actions-runners-autoscale
handle_failure	Checkout code	2025-09-25T11:21:53.0233724Z   origin/H1514-new-swarm-deployment-stack-with-actions-runners-autoscale
handle_failure	Checkout code	2025-09-25T11:21:53.0261842Z [command]/usr/bin/git rev-parse refs/remotes/origin/H1514-new-swarm-deployment-stack-with-actions-runners-autoscale
handle_failure	Checkout code	2025-09-25T11:21:53.0276811Z 701ef2ab02014cc0efb3599f3859d2ab1dd1c45d
handle_failure	Checkout code	2025-09-25T11:21:53.0285760Z ##[endgroup]
handle_failure	Checkout code	2025-09-25T11:21:53.0286266Z ##[group]Determining the checkout info
handle_failure	Checkout code	2025-09-25T11:21:53.0286910Z ##[endgroup]
handle_failure	Checkout code	2025-09-25T11:21:53.0290836Z [command]/usr/bin/git sparse-checkout disable
handle_failure	Checkout code	2025-09-25T11:21:53.0345009Z [command]/usr/bin/git config --local --unset-all extensions.worktreeConfig
handle_failure	Checkout code	2025-09-25T11:21:53.0385664Z ##[group]Checking out the ref
handle_failure	Checkout code	2025-09-25T11:21:53.0396059Z [command]/usr/bin/git checkout --progress --force -B H1514-new-swarm-deployment-stack-with-actions-runners-autoscale refs/remotes/origin/H1514-new-swarm-deployment-stack-with-actions-runners-autoscale
handle_failure	Checkout code	2025-09-25T11:21:53.7933011Z Switched to a new branch 'H1514-new-swarm-deployment-stack-with-actions-runners-autoscale'
handle_failure	Checkout code	2025-09-25T11:21:53.7935322Z branch 'H1514-new-swarm-deployment-stack-with-actions-runners-autoscale' set up to track 'origin/H1514-new-swarm-deployment-stack-with-actions-runners-autoscale'.
handle_failure	Checkout code	2025-09-25T11:21:53.8039135Z ##[endgroup]
handle_failure	Checkout code	2025-09-25T11:21:53.8081781Z [command]/usr/bin/git log -1 --format=%H
handle_failure	Checkout code	2025-09-25T11:21:53.8109563Z 701ef2ab02014cc0efb3599f3859d2ab1dd1c45d
handle_failure	handle-failure-execution	ï»¿2025-09-25T11:21:53.8362560Z ##[group]Run echo "Error detected in process"
handle_failure	handle-failure-execution	2025-09-25T11:21:53.8363055Z [36;1mecho "Error detected in process"[0m
handle_failure	handle-failure-execution	2025-09-25T11:21:53.8363337Z [36;1mecho "Created issue"[0m
handle_failure	handle-failure-execution	2025-09-25T11:21:53.8364114Z [36;1mgh issue create  --title "[Ka0S] Error detected in [Ka0S] JSONLINT" --label "bug" --body "Error detected in [Ka0S] JSONLINT. Please check the logs for 18005774190 more information of error."[0m
handle_failure	handle-failure-execution	2025-09-25T11:21:53.8364907Z [36;1mecho "Add comment to origin target"[0m
handle_failure	handle-failure-execution	2025-09-25T11:21:53.8365676Z [36;1mRNNUMBER=$(echo "refs/heads/H1514-new-swarm-deployment-stack-with-actions-runners-autoscale" | grep -o '[0-9]*')[0m
handle_failure	handle-failure-execution	2025-09-25T11:21:53.8366642Z [36;1mgh issue comment $RNNUMBER --body "El proceso no ha finalizado correctamente 18005774190. El resultado estÃ¡ en el fichero 18005774190.log"[0m
handle_failure	handle-failure-execution	2025-09-25T11:21:53.8380660Z shell: /usr/bin/bash -e {0}
handle_failure	handle-failure-execution	2025-09-25T11:21:53.8380926Z env:
handle_failure	handle-failure-execution	2025-09-25T11:21:53.8381128Z   KAOS_MODULE: [Ka0S] JSONLINT
handle_failure	handle-failure-execution	2025-09-25T11:21:53.8381704Z   GH_TOKEN: ***
handle_failure	handle-failure-execution	2025-09-25T11:21:53.8381997Z   KAOS_JSONLINT_CONFIG: core/config/.jsonlint.json
handle_failure	handle-failure-execution	2025-09-25T11:21:53.8382312Z   KAOS_PATH_RESUME: audit/jsonlint/
handle_failure	handle-failure-execution	2025-09-25T11:21:53.8382596Z   KAOS_REPO: /actions-runner/_work/kaos/kaos
handle_failure	handle-failure-execution	2025-09-25T11:21:53.8382867Z   KAOS_STEP_MODULE: 
handle_failure	handle-failure-execution	2025-09-25T11:21:53.8383074Z   KAOS_CODE: 18005774190
handle_failure	handle-failure-execution	2025-09-25T11:21:53.8383295Z   KAOS_REF_BRANCH: main
handle_failure	handle-failure-execution	2025-09-25T11:21:53.8383500Z ##[endgroup]
handle_failure	handle-failure-execution	2025-09-25T11:21:53.8440699Z Error detected in process
handle_failure	handle-failure-execution	2025-09-25T11:21:53.8443585Z Created issue
handle_failure	handle-failure-execution	2025-09-25T11:21:55.5708836Z https://github.com/Ka0s-Klaus/ka0s/issues/1588
handle_failure	handle-failure-execution	2025-09-25T11:21:55.5745748Z Add comment to origin target
handle_failure	handle-failure-execution	2025-09-25T11:21:56.5991802Z https://github.com/Ka0s-Klaus/ka0s/issues/1514#issuecomment-3333480557
handle_failure	Post Checkout code	ï»¿2025-09-25T11:21:56.6161490Z Post job cleanup.
handle_failure	Post Checkout code	2025-09-25T11:21:56.7141028Z [command]/usr/bin/git version
handle_failure	Post Checkout code	2025-09-25T11:21:56.7178727Z git version 2.51.0
handle_failure	Post Checkout code	2025-09-25T11:21:56.7225737Z Temporarily overriding HOME='/home/runner/_work/_temp/58b4b631-6f6b-480d-a3e1-05722c71fe38' before making global git config changes
handle_failure	Post Checkout code	2025-09-25T11:21:56.7226720Z Adding repository directory to the temporary git global config as a safe directory
handle_failure	Post Checkout code	2025-09-25T11:21:56.7232689Z [command]/usr/bin/git config --global --add safe.directory /home/runner/_work/ka0s/ka0s
handle_failure	Post Checkout code	2025-09-25T11:21:56.7279674Z [command]/usr/bin/git config --local --name-only --get-regexp core\.sshCommand
handle_failure	Post Checkout code	2025-09-25T11:21:56.7316250Z [command]/usr/bin/git submodule foreach --recursive sh -c "git config --local --name-only --get-regexp 'core\.sshCommand' && git config --local --unset-all 'core.sshCommand' || :"
handle_failure	Post Checkout code	2025-09-25T11:21:56.7574712Z [command]/usr/bin/git config --local --name-only --get-regexp http\.https\:\/\/github\.com\/\.extraheader
handle_failure	Post Checkout code	2025-09-25T11:21:56.7598166Z http.https://github.com/.extraheader
handle_failure	Post Checkout code	2025-09-25T11:21:56.7611336Z [command]/usr/bin/git config --local --unset-all http.https://github.com/.extraheader
handle_failure	Post Checkout code	2025-09-25T11:21:56.7645401Z [command]/usr/bin/git submodule foreach --recursive sh -c "git config --local --name-only --get-regexp 'http\.https\:\/\/github\.com\/\.extraheader' && git config --local --unset-all 'http.https://github.com/.extraheader' || :"
handle_failure	Complete job	ï»¿2025-09-25T11:21:56.8007921Z Cleaning up orphan processes
end-workflow	Set up job	ï»¿2025-09-25T11:22:33.7513050Z Current runner version: '2.328.0'
end-workflow	Set up job	2025-09-25T11:22:33.7521609Z Runner name: '8e5ea5a81536'
end-workflow	Set up job	2025-09-25T11:22:33.7522430Z Runner group name: 'swarm-runners'
end-workflow	Set up job	2025-09-25T11:22:33.7523468Z Machine name: '8e5ea5a81536'
end-workflow	Set up job	2025-09-25T11:22:33.7639045Z ##[group]GITHUB_TOKEN Permissions
end-workflow	Set up job	2025-09-25T11:22:33.7653008Z Actions: write
end-workflow	Set up job	2025-09-25T11:22:33.7653643Z Contents: write
end-workflow	Set up job	2025-09-25T11:22:33.7654335Z Issues: write
end-workflow	Set up job	2025-09-25T11:22:33.7654864Z Metadata: read
end-workflow	Set up job	2025-09-25T11:22:33.7655503Z PullRequests: write
end-workflow	Set up job	2025-09-25T11:22:33.7656174Z ##[endgroup]
end-workflow	Set up job	2025-09-25T11:22:33.7658461Z Secret source: Actions
end-workflow	Set up job	2025-09-25T11:22:33.7659291Z Prepare workflow directory
end-workflow	Set up job	2025-09-25T11:22:34.0883126Z Prepare all required actions
end-workflow	Set up job	2025-09-25T11:22:34.1722286Z Getting action download info
end-workflow	Set up job	2025-09-25T11:22:35.5906418Z Download action repository 'actions/checkout@v4' (SHA:08eba0b27e820071cde6df949e0beb9ba4906955)
end-workflow	Set up job	2025-09-25T11:22:36.8777248Z Complete job name: end-workflow
end-workflow	Checkout code	ï»¿2025-09-25T11:22:37.2345348Z ##[group]Run actions/checkout@v4
end-workflow	Checkout code	2025-09-25T11:22:37.2346766Z with:
end-workflow	Checkout code	2025-09-25T11:22:37.2347226Z   fetch-depth: 0
end-workflow	Checkout code	2025-09-25T11:22:37.2348062Z   token: ***
end-workflow	Checkout code	2025-09-25T11:22:37.2348509Z   repository: Ka0s-Klaus/ka0s
end-workflow	Checkout code	2025-09-25T11:22:37.2349011Z   ssh-strict: true
end-workflow	Checkout code	2025-09-25T11:22:37.2349446Z   ssh-user: git
end-workflow	Checkout code	2025-09-25T11:22:37.2349882Z   persist-credentials: true
end-workflow	Checkout code	2025-09-25T11:22:37.2350372Z   clean: true
end-workflow	Checkout code	2025-09-25T11:22:37.2350816Z   sparse-checkout-cone-mode: true
end-workflow	Checkout code	2025-09-25T11:22:37.2351333Z   fetch-tags: false
end-workflow	Checkout code	2025-09-25T11:22:37.2351791Z   show-progress: true
end-workflow	Checkout code	2025-09-25T11:22:37.2352240Z   lfs: false
end-workflow	Checkout code	2025-09-25T11:22:37.2352667Z   submodules: false
end-workflow	Checkout code	2025-09-25T11:22:37.2353113Z   set-safe-directory: true
end-workflow	Checkout code	2025-09-25T11:22:37.2353857Z env:
end-workflow	Checkout code	2025-09-25T11:22:37.2354283Z   KAOS_MODULE: [Ka0S] JSONLINT
end-workflow	Checkout code	2025-09-25T11:22:37.2354942Z   GH_TOKEN: ***
end-workflow	Checkout code	2025-09-25T11:22:37.2526361Z   KAOS_JSONLINT_CONFIG: core/config/.jsonlint.json
end-workflow	Checkout code	2025-09-25T11:22:37.2527201Z   KAOS_PATH_RESUME: audit/jsonlint/
end-workflow	Checkout code	2025-09-25T11:22:37.2527928Z   KAOS_REPO: /actions-runner/_work/kaos/kaos
end-workflow	Checkout code	2025-09-25T11:22:37.2528532Z   KAOS_STEP_MODULE: 
end-workflow	Checkout code	2025-09-25T11:22:37.2528987Z   KAOS_CODE: 18005774190
end-workflow	Checkout code	2025-09-25T11:22:37.2529468Z   KAOS_REF_BRANCH: main
end-workflow	Checkout code	2025-09-25T11:22:37.2529924Z ##[endgroup]
end-workflow	Checkout code	2025-09-25T11:22:37.9343703Z Syncing repository: Ka0s-Klaus/ka0s
end-workflow	Checkout code	2025-09-25T11:22:37.9346003Z ##[group]Getting Git version info
end-workflow	Checkout code	2025-09-25T11:22:37.9346726Z Working directory is '/home/runner/_work/ka0s/ka0s'
end-workflow	Checkout code	2025-09-25T11:22:37.9730386Z [command]/usr/bin/git version
end-workflow	Checkout code	2025-09-25T11:22:37.9731158Z git version 2.51.0
end-workflow	Checkout code	2025-09-25T11:22:37.9733204Z ##[endgroup]
end-workflow	Checkout code	2025-09-25T11:22:37.9917436Z Temporarily overriding HOME='/home/runner/_work/_temp/da6b9cb5-584a-4f65-89bb-2d1f843744af' before making global git config changes
end-workflow	Checkout code	2025-09-25T11:22:37.9926685Z Adding repository directory to the temporary git global config as a safe directory
end-workflow	Checkout code	2025-09-25T11:22:37.9927855Z [command]/usr/bin/git config --global --add safe.directory /home/runner/_work/ka0s/ka0s
end-workflow	Checkout code	2025-09-25T11:22:37.9929688Z Deleting the contents of '/home/runner/_work/ka0s/ka0s'
end-workflow	Checkout code	2025-09-25T11:22:38.0067658Z ##[group]Initializing the repository
end-workflow	Checkout code	2025-09-25T11:22:38.0236951Z [command]/usr/bin/git init /home/runner/_work/ka0s/ka0s
end-workflow	Checkout code	2025-09-25T11:22:38.0507000Z hint: Using 'master' as the name for the initial branch. This default branch name
end-workflow	Checkout code	2025-09-25T11:22:38.0508439Z hint: is subject to change. To configure the initial branch name to use in all
end-workflow	Checkout code	2025-09-25T11:22:38.0509550Z hint: of your new repositories, which will suppress this warning, call:
end-workflow	Checkout code	2025-09-25T11:22:38.0510393Z hint:
end-workflow	Checkout code	2025-09-25T11:22:38.0511051Z hint: 	git config --global init.defaultBranch <name>
end-workflow	Checkout code	2025-09-25T11:22:38.0511788Z hint:
end-workflow	Checkout code	2025-09-25T11:22:38.0512491Z hint: Names commonly chosen instead of 'master' are 'main', 'trunk' and
end-workflow	Checkout code	2025-09-25T11:22:38.0513557Z hint: 'development'. The just-created branch can be renamed via this command:
end-workflow	Checkout code	2025-09-25T11:22:38.0514445Z hint:
end-workflow	Checkout code	2025-09-25T11:22:38.0514990Z hint: 	git branch -m <name>
end-workflow	Checkout code	2025-09-25T11:22:38.0515666Z hint:
end-workflow	Checkout code	2025-09-25T11:22:38.0537136Z hint: Disable this message with "git config set advice.defaultBranchName false"
end-workflow	Checkout code	2025-09-25T11:22:38.0541328Z Initialized empty Git repository in /home/runner/_work/ka0s/ka0s/.git/
end-workflow	Checkout code	2025-09-25T11:22:38.0586730Z [command]/usr/bin/git remote add origin https://github.com/Ka0s-Klaus/ka0s
end-workflow	Checkout code	2025-09-25T11:22:38.1084508Z ##[endgroup]
end-workflow	Checkout code	2025-09-25T11:22:38.1085681Z ##[group]Disabling automatic garbage collection
end-workflow	Checkout code	2025-09-25T11:22:38.1206863Z [command]/usr/bin/git config --local gc.auto 0
end-workflow	Checkout code	2025-09-25T11:22:38.1540634Z ##[endgroup]
end-workflow	Checkout code	2025-09-25T11:22:38.1542727Z ##[group]Setting up auth
end-workflow	Checkout code	2025-09-25T11:22:38.1653694Z [command]/usr/bin/git config --local --name-only --get-regexp core\.sshCommand
end-workflow	Checkout code	2025-09-25T11:22:38.1972654Z [command]/usr/bin/git submodule foreach --recursive sh -c "git config --local --name-only --get-regexp 'core\.sshCommand' && git config --local --unset-all 'core.sshCommand' || :"
end-workflow	Checkout code	2025-09-25T11:22:38.4746779Z [command]/usr/bin/git config --local --name-only --get-regexp http\.https\:\/\/github\.com\/\.extraheader
end-workflow	Checkout code	2025-09-25T11:22:38.4989592Z [command]/usr/bin/git submodule foreach --recursive sh -c "git config --local --name-only --get-regexp 'http\.https\:\/\/github\.com\/\.extraheader' && git config --local --unset-all 'http.https://github.com/.extraheader' || :"
end-workflow	Checkout code	2025-09-25T11:22:38.7167000Z [command]/usr/bin/git config --local http.https://github.com/.extraheader AUTHORIZATION: basic ***
end-workflow	Checkout code	2025-09-25T11:22:38.7510404Z ##[endgroup]
end-workflow	Checkout code	2025-09-25T11:22:38.7512468Z ##[group]Fetching the repository
end-workflow	Checkout code	2025-09-25T11:22:38.7572972Z [command]/usr/bin/git -c protocol.version=2 fetch --prune --no-recurse-submodules origin +refs/heads/*:refs/remotes/origin/* +refs/tags/*:refs/tags/*
end-workflow	Checkout code	2025-09-25T11:23:01.5837180Z From https://github.com/Ka0s-Klaus/ka0s
end-workflow	Checkout code	2025-09-25T11:23:01.5838510Z  * [new branch]        F1149-desarrollo-de-orchestrator -> origin/F1149-desarrollo-de-orchestrator
end-workflow	Checkout code	2025-09-25T11:23:01.5846238Z  * [new branch]        F1183-personalizaciÃ³n-mÃ³dulo-finops -> origin/F1183-personalizaciÃ³n-mÃ³dulo-finops
end-workflow	Checkout code	2025-09-25T11:23:01.5847127Z  * [new branch]        F1224-new-module-mongodb -> origin/F1224-new-module-mongodb
end-workflow	Checkout code	2025-09-25T11:23:01.5847745Z  * [new branch]        F220-web-de-resultados  -> origin/F220-web-de-resultados
end-workflow	Checkout code	2025-09-25T11:23:01.5848636Z  * [new branch]        F227-despliegue-de-kube-independiente-del-clouder -> origin/F227-despliegue-de-kube-independiente-del-clouder
end-workflow	Checkout code	2025-09-25T11:23:01.5849655Z  * [new branch]        F329-documentacion-metodologia-de-kaos -> origin/F329-documentacion-metodologia-de-kaos
end-workflow	Checkout code	2025-09-25T11:23:01.5850568Z  * [new branch]        F44-creaciÃ³n-mÃ³dulo-versionado -> origin/F44-creaciÃ³n-mÃ³dulo-versionado
end-workflow	Checkout code	2025-09-25T11:23:01.5851340Z  * [new branch]        H1128-mÃ³dulo-de-observabilidad -> origin/H1128-mÃ³dulo-de-observabilidad
end-workflow	Checkout code	2025-09-25T11:23:01.5852109Z  * [new branch]        H1139-como-instalar-arc-control -> origin/H1139-como-instalar-arc-control
end-workflow	Checkout code	2025-09-25T11:23:01.5852871Z  * [new branch]        H1149-desarrollo-de-orchestrator -> origin/H1149-desarrollo-de-orchestrator
end-workflow	Checkout code	2025-09-25T11:23:01.5853713Z  * [new branch]        H1150-desarrollo-de-secciones -> origin/H1150-desarrollo-de-secciones
end-workflow	Checkout code	2025-09-25T11:23:01.5854464Z  * [new branch]        H1151-desarrollo-de-secciones-ii -> origin/H1151-desarrollo-de-secciones-ii
end-workflow	Checkout code	2025-09-25T11:23:01.5855215Z  * [new branch]        H1152-desarrollo-inicio -> origin/H1152-desarrollo-inicio
end-workflow	Checkout code	2025-09-25T11:23:01.5856717Z  * [new branch]        H1183-personalizaciÃ³n-mÃ³dulo-finops -> origin/H1183-personalizaciÃ³n-mÃ³dulo-finops
end-workflow	Checkout code	2025-09-25T11:23:01.5857529Z  * [new branch]        H1193-ejemplo-web-documentacion -> origin/H1193-ejemplo-web-documentacion
end-workflow	Checkout code	2025-09-25T11:23:01.5858175Z  * [new branch]        H1205-web-creation      -> origin/H1205-web-creation
end-workflow	Checkout code	2025-09-25T11:23:01.5858758Z  * [new branch]        H1224-new-module-mongodb -> origin/H1224-new-module-mongodb
end-workflow	Checkout code	2025-09-25T11:23:01.5859404Z  * [new branch]        H1410-modulo-execution  -> origin/H1410-modulo-execution
end-workflow	Checkout code	2025-09-25T11:23:01.5862598Z  * [new branch]        H1514-new-swarm-deployment-stack-with-actions-runners-autoscale -> origin/H1514-new-swarm-deployment-stack-with-actions-runners-autoscale
end-workflow	Checkout code	2025-09-25T11:23:01.5864091Z  * [new branch]        H215-modulo-de-summary  -> origin/H215-modulo-de-summary
end-workflow	Checkout code	2025-09-25T11:23:01.5876273Z  * [new branch]        H220-web-de-resultados  -> origin/H220-web-de-resultados
end-workflow	Checkout code	2025-09-25T11:23:01.5877234Z  * [new branch]        H227-despliegue-de-kube-independiente-del-clouder -> origin/H227-despliegue-de-kube-independiente-del-clouder
end-workflow	Checkout code	2025-09-25T11:23:01.5878120Z  * [new branch]        H306-ficheros-de-estadisticas -> origin/H306-ficheros-de-estadisticas
end-workflow	Checkout code	2025-09-25T11:23:01.5878966Z  * [new branch]        H328-documentacion-modulo-principal-de-kaos -> origin/H328-documentacion-modulo-principal-de-kaos
end-workflow	Checkout code	2025-09-25T11:23:01.5879889Z  * [new branch]        H329-documentacion-metodologia-de-kaos -> origin/H329-documentacion-metodologia-de-kaos
end-workflow	Checkout code	2025-09-25T11:23:01.5880807Z  * [new branch]        H338-relanzador-de-jobs-en-caso-de-pattern -> origin/H338-relanzador-de-jobs-en-caso-de-pattern
end-workflow	Checkout code	2025-09-25T11:23:01.5882071Z  * [new branch]        H38-documentacion-basica-del-proyecto -> origin/H38-documentacion-basica-del-proyecto
end-workflow	Checkout code	2025-09-25T11:23:01.5883101Z  * [new branch]        H44-creaciÃ³n-mÃ³dulo-versionado -> origin/H44-creaciÃ³n-mÃ³dulo-versionado
end-workflow	Checkout code	2025-09-25T11:23:01.5883899Z  * [new branch]        RN1149-desarrollo-de-orchestrator -> origin/RN1149-desarrollo-de-orchestrator
end-workflow	Checkout code	2025-09-25T11:23:01.5884851Z  * [new branch]        RN1183-personalizaciÃ³n-mÃ³dulo-finops -> origin/RN1183-personalizaciÃ³n-mÃ³dulo-finops
end-workflow	Checkout code	2025-09-25T11:23:01.5888721Z  * [new branch]        RN1282-ka0s-error-detected-in-ka0s-workflow-statistics-summary -> origin/RN1282-ka0s-error-detected-in-ka0s-workflow-statistics-summary
end-workflow	Checkout code	2025-09-25T11:23:01.5889733Z  * [new branch]        RN220-web-de-resultados -> origin/RN220-web-de-resultados
end-workflow	Checkout code	2025-09-25T11:23:01.5890642Z  * [new branch]        RN227-despliegue-de-kube-independiente-del-clouder -> origin/RN227-despliegue-de-kube-independiente-del-clouder
end-workflow	Checkout code	2025-09-25T11:23:01.5891814Z  * [new branch]        RN329-documentacion-metodologia-de-kaos -> origin/RN329-documentacion-metodologia-de-kaos
end-workflow	Checkout code	2025-09-25T11:23:01.5892520Z  * [new branch]        main                    -> origin/main
end-workflow	Checkout code	2025-09-25T11:23:01.5896209Z  * [new tag]           0.0.0                   -> 0.0.0
end-workflow	Checkout code	2025-09-25T11:23:01.5896644Z  * [new tag]           0.0.1                   -> 0.0.1
end-workflow	Checkout code	2025-09-25T11:23:01.5897043Z  * [new tag]           0.0.10                  -> 0.0.10
end-workflow	Checkout code	2025-09-25T11:23:01.5897441Z  * [new tag]           0.0.100                 -> 0.0.100
end-workflow	Checkout code	2025-09-25T11:23:01.5897838Z  * [new tag]           0.0.101                 -> 0.0.101
end-workflow	Checkout code	2025-09-25T11:23:01.5901464Z  * [new tag]           0.0.102                 -> 0.0.102
end-workflow	Checkout code	2025-09-25T11:23:01.5901881Z  * [new tag]           0.0.103                 -> 0.0.103
end-workflow	Checkout code	2025-09-25T11:23:01.5902280Z  * [new tag]           0.0.104                 -> 0.0.104
end-workflow	Checkout code	2025-09-25T11:23:01.5902675Z  * [new tag]           0.0.105                 -> 0.0.105
end-workflow	Checkout code	2025-09-25T11:23:01.5903100Z  * [new tag]           0.0.106                 -> 0.0.106
end-workflow	Checkout code	2025-09-25T11:23:01.5903505Z  * [new tag]           0.0.107                 -> 0.0.107
end-workflow	Checkout code	2025-09-25T11:23:01.5903903Z  * [new tag]           0.0.108                 -> 0.0.108
end-workflow	Checkout code	2025-09-25T11:23:01.5904314Z  * [new tag]           0.0.109                 -> 0.0.109
end-workflow	Checkout code	2025-09-25T11:23:01.5904703Z  * [new tag]           0.0.11                  -> 0.0.11
end-workflow	Checkout code	2025-09-25T11:23:01.5905101Z  * [new tag]           0.0.110                 -> 0.0.110
end-workflow	Checkout code	2025-09-25T11:23:01.5905565Z  * [new tag]           0.0.111                 -> 0.0.111
end-workflow	Checkout code	2025-09-25T11:23:01.5905959Z  * [new tag]           0.0.112                 -> 0.0.112
end-workflow	Checkout code	2025-09-25T11:23:01.5906357Z  * [new tag]           0.0.113                 -> 0.0.113
end-workflow	Checkout code	2025-09-25T11:23:01.5906762Z  * [new tag]           0.0.114                 -> 0.0.114
end-workflow	Checkout code	2025-09-25T11:23:01.5907167Z  * [new tag]           0.0.115                 -> 0.0.115
end-workflow	Checkout code	2025-09-25T11:23:01.5907577Z  * [new tag]           0.0.116                 -> 0.0.116
end-workflow	Checkout code	2025-09-25T11:23:01.5929333Z  * [new tag]           0.0.117                 -> 0.0.117
end-workflow	Checkout code	2025-09-25T11:23:01.5930205Z  * [new tag]           0.0.118                 -> 0.0.118
end-workflow	Checkout code	2025-09-25T11:23:01.5930624Z  * [new tag]           0.0.119                 -> 0.0.119
end-workflow	Checkout code	2025-09-25T11:23:01.5931033Z  * [new tag]           0.0.12                  -> 0.0.12
end-workflow	Checkout code	2025-09-25T11:23:01.5931442Z  * [new tag]           0.0.120                 -> 0.0.120
end-workflow	Checkout code	2025-09-25T11:23:01.5932102Z  * [new tag]           0.0.121                 -> 0.0.121
end-workflow	Checkout code	2025-09-25T11:23:01.5932515Z  * [new tag]           0.0.122                 -> 0.0.122
end-workflow	Checkout code	2025-09-25T11:23:01.5932924Z  * [new tag]           0.0.123                 -> 0.0.123
end-workflow	Checkout code	2025-09-25T11:23:01.5933334Z  * [new tag]           0.0.124                 -> 0.0.124
end-workflow	Checkout code	2025-09-25T11:23:01.5933744Z  * [new tag]           0.0.125                 -> 0.0.125
end-workflow	Checkout code	2025-09-25T11:23:01.5934146Z  * [new tag]           0.0.126                 -> 0.0.126
end-workflow	Checkout code	2025-09-25T11:23:01.5934551Z  * [new tag]           0.0.127                 -> 0.0.127
end-workflow	Checkout code	2025-09-25T11:23:01.5936534Z  * [new tag]           0.0.128                 -> 0.0.128
end-workflow	Checkout code	2025-09-25T11:23:01.5936986Z  * [new tag]           0.0.129                 -> 0.0.129
end-workflow	Checkout code	2025-09-25T11:23:01.5937389Z  * [new tag]           0.0.13                  -> 0.0.13
end-workflow	Checkout code	2025-09-25T11:23:01.5937785Z  * [new tag]           0.0.130                 -> 0.0.130
end-workflow	Checkout code	2025-09-25T11:23:01.5938184Z  * [new tag]           0.0.131                 -> 0.0.131
end-workflow	Checkout code	2025-09-25T11:23:01.5938590Z  * [new tag]           0.0.132                 -> 0.0.132
end-workflow	Checkout code	2025-09-25T11:23:01.5938992Z  * [new tag]           0.0.133                 -> 0.0.133
end-workflow	Checkout code	2025-09-25T11:23:01.5939390Z  * [new tag]           0.0.134                 -> 0.0.134
end-workflow	Checkout code	2025-09-25T11:23:01.5939821Z  * [new tag]           0.0.135                 -> 0.0.135
end-workflow	Checkout code	2025-09-25T11:23:01.5940265Z  * [new tag]           0.0.136                 -> 0.0.136
end-workflow	Checkout code	2025-09-25T11:23:01.5940716Z  * [new tag]           0.0.137                 -> 0.0.137
end-workflow	Checkout code	2025-09-25T11:23:01.5941145Z  * [new tag]           0.0.138                 -> 0.0.138
end-workflow	Checkout code	2025-09-25T11:23:01.5941586Z  * [new tag]           0.0.139                 -> 0.0.139
end-workflow	Checkout code	2025-09-25T11:23:01.5942006Z  * [new tag]           0.0.14                  -> 0.0.14
end-workflow	Checkout code	2025-09-25T11:23:01.5942406Z  * [new tag]           0.0.140                 -> 0.0.140
end-workflow	Checkout code	2025-09-25T11:23:01.5942812Z  * [new tag]           0.0.141                 -> 0.0.141
end-workflow	Checkout code	2025-09-25T11:23:01.5943209Z  * [new tag]           0.0.142                 -> 0.0.142
end-workflow	Checkout code	2025-09-25T11:23:01.5943615Z  * [new tag]           0.0.143                 -> 0.0.143
end-workflow	Checkout code	2025-09-25T11:23:01.5944023Z  * [new tag]           0.0.144                 -> 0.0.144
end-workflow	Checkout code	2025-09-25T11:23:01.5944437Z  * [new tag]           0.0.145                 -> 0.0.145
end-workflow	Checkout code	2025-09-25T11:23:01.5944852Z  * [new tag]           0.0.146                 -> 0.0.146
end-workflow	Checkout code	2025-09-25T11:23:01.5945850Z  * [new tag]           0.0.147                 -> 0.0.147
end-workflow	Checkout code	2025-09-25T11:23:01.5946294Z  * [new tag]           0.0.148                 -> 0.0.148
end-workflow	Checkout code	2025-09-25T11:23:01.5946898Z  * [new tag]           0.0.149                 -> 0.0.149
end-workflow	Checkout code	2025-09-25T11:23:01.5947320Z  * [new tag]           0.0.15                  -> 0.0.15
end-workflow	Checkout code	2025-09-25T11:23:01.5947717Z  * [new tag]           0.0.150                 -> 0.0.150
end-workflow	Checkout code	2025-09-25T11:23:01.5948120Z  * [new tag]           0.0.151                 -> 0.0.151
end-workflow	Checkout code	2025-09-25T11:23:01.5948517Z  * [new tag]           0.0.152                 -> 0.0.152
end-workflow	Checkout code	2025-09-25T11:23:01.5948940Z  * [new tag]           0.0.153                 -> 0.0.153
end-workflow	Checkout code	2025-09-25T11:23:01.5949346Z  * [new tag]           0.0.154                 -> 0.0.154
end-workflow	Checkout code	2025-09-25T11:23:01.5949751Z  * [new tag]           0.0.155                 -> 0.0.155
end-workflow	Checkout code	2025-09-25T11:23:01.5950148Z  * [new tag]           0.0.156                 -> 0.0.156
end-workflow	Checkout code	2025-09-25T11:23:01.5950546Z  * [new tag]           0.0.157                 -> 0.0.157
end-workflow	Checkout code	2025-09-25T11:23:01.5950950Z  * [new tag]           0.0.158                 -> 0.0.158
end-workflow	Checkout code	2025-09-25T11:23:01.5951367Z  * [new tag]           0.0.159                 -> 0.0.159
end-workflow	Checkout code	2025-09-25T11:23:01.5951784Z  * [new tag]           0.0.16                  -> 0.0.16
end-workflow	Checkout code	2025-09-25T11:23:01.5952401Z  * [new tag]           0.0.160                 -> 0.0.160
end-workflow	Checkout code	2025-09-25T11:23:01.5952807Z  * [new tag]           0.0.161                 -> 0.0.161
end-workflow	Checkout code	2025-09-25T11:23:01.5953206Z  * [new tag]           0.0.162                 -> 0.0.162
end-workflow	Checkout code	2025-09-25T11:23:01.5953601Z  * [new tag]           0.0.163                 -> 0.0.163
end-workflow	Checkout code	2025-09-25T11:23:01.5954006Z  * [new tag]           0.0.164                 -> 0.0.164
end-workflow	Checkout code	2025-09-25T11:23:01.5954407Z  * [new tag]           0.0.165                 -> 0.0.165
end-workflow	Checkout code	2025-09-25T11:23:01.5954815Z  * [new tag]           0.0.166                 -> 0.0.166
end-workflow	Checkout code	2025-09-25T11:23:01.5955272Z  * [new tag]           0.0.167                 -> 0.0.167
end-workflow	Checkout code	2025-09-25T11:23:01.5955671Z  * [new tag]           0.0.168                 -> 0.0.168
end-workflow	Checkout code	2025-09-25T11:23:01.5956074Z  * [new tag]           0.0.169                 -> 0.0.169
end-workflow	Checkout code	2025-09-25T11:23:01.5956470Z  * [new tag]           0.0.17                  -> 0.0.17
end-workflow	Checkout code	2025-09-25T11:23:01.5957019Z  * [new tag]           0.0.170                 -> 0.0.170
end-workflow	Checkout code	2025-09-25T11:23:01.5957425Z  * [new tag]           0.0.171                 -> 0.0.171
end-workflow	Checkout code	2025-09-25T11:23:01.5957827Z  * [new tag]           0.0.172                 -> 0.0.172
end-workflow	Checkout code	2025-09-25T11:23:01.5958227Z  * [new tag]           0.0.173                 -> 0.0.173
end-workflow	Checkout code	2025-09-25T11:23:01.5958626Z  * [new tag]           0.0.174                 -> 0.0.174
end-workflow	Checkout code	2025-09-25T11:23:01.5959021Z  * [new tag]           0.0.175                 -> 0.0.175
end-workflow	Checkout code	2025-09-25T11:23:01.5959419Z  * [new tag]           0.0.176                 -> 0.0.176
end-workflow	Checkout code	2025-09-25T11:23:01.5959824Z  * [new tag]           0.0.177                 -> 0.0.177
end-workflow	Checkout code	2025-09-25T11:23:01.5960221Z  * [new tag]           0.0.178                 -> 0.0.178
end-workflow	Checkout code	2025-09-25T11:23:01.5960622Z  * [new tag]           0.0.179                 -> 0.0.179
end-workflow	Checkout code	2025-09-25T11:23:01.5961013Z  * [new tag]           0.0.18                  -> 0.0.18
end-workflow	Checkout code	2025-09-25T11:23:01.5961407Z  * [new tag]           0.0.19                  -> 0.0.19
end-workflow	Checkout code	2025-09-25T11:23:01.5961813Z  * [new tag]           0.0.2                   -> 0.0.2
end-workflow	Checkout code	2025-09-25T11:23:01.5962202Z  * [new tag]           0.0.20                  -> 0.0.20
end-workflow	Checkout code	2025-09-25T11:23:01.5962588Z  * [new tag]           0.0.21                  -> 0.0.21
end-workflow	Checkout code	2025-09-25T11:23:01.5962985Z  * [new tag]           0.0.22                  -> 0.0.22
end-workflow	Checkout code	2025-09-25T11:23:01.5963390Z  * [new tag]           0.0.23                  -> 0.0.23
end-workflow	Checkout code	2025-09-25T11:23:01.5963792Z  * [new tag]           0.0.24                  -> 0.0.24
end-workflow	Checkout code	2025-09-25T11:23:01.5964180Z  * [new tag]           0.0.25                  -> 0.0.25
end-workflow	Checkout code	2025-09-25T11:23:01.5964573Z  * [new tag]           0.0.26                  -> 0.0.26
end-workflow	Checkout code	2025-09-25T11:23:01.5964972Z  * [new tag]           0.0.27                  -> 0.0.27
end-workflow	Checkout code	2025-09-25T11:23:01.5965426Z  * [new tag]           0.0.28                  -> 0.0.28
end-workflow	Checkout code	2025-09-25T11:23:01.5965826Z  * [new tag]           0.0.29                  -> 0.0.29
end-workflow	Checkout code	2025-09-25T11:23:01.5966212Z  * [new tag]           0.0.3                   -> 0.0.3
end-workflow	Checkout code	2025-09-25T11:23:01.5966628Z  * [new tag]           0.0.30                  -> 0.0.30
end-workflow	Checkout code	2025-09-25T11:23:01.5967023Z  * [new tag]           0.0.31                  -> 0.0.31
end-workflow	Checkout code	2025-09-25T11:23:01.5967416Z  * [new tag]           0.0.32                  -> 0.0.32
end-workflow	Checkout code	2025-09-25T11:23:01.5967803Z  * [new tag]           0.0.33                  -> 0.0.33
end-workflow	Checkout code	2025-09-25T11:23:01.5968190Z  * [new tag]           0.0.34                  -> 0.0.34
end-workflow	Checkout code	2025-09-25T11:23:01.5968591Z  * [new tag]           0.0.35                  -> 0.0.35
end-workflow	Checkout code	2025-09-25T11:23:01.5969009Z  * [new tag]           0.0.36                  -> 0.0.36
end-workflow	Checkout code	2025-09-25T11:23:01.5969430Z  * [new tag]           0.0.37                  -> 0.0.37
end-workflow	Checkout code	2025-09-25T11:23:01.5969895Z  * [new tag]           0.0.38                  -> 0.0.38
end-workflow	Checkout code	2025-09-25T11:23:01.5970311Z  * [new tag]           0.0.39                  -> 0.0.39
end-workflow	Checkout code	2025-09-25T11:23:01.5970744Z  * [new tag]           0.0.4                   -> 0.0.4
end-workflow	Checkout code	2025-09-25T11:23:01.5971185Z  * [new tag]           0.0.40                  -> 0.0.40
end-workflow	Checkout code	2025-09-25T11:23:01.5974794Z  * [new tag]           0.0.41                  -> 0.0.41
end-workflow	Checkout code	2025-09-25T11:23:01.5975334Z  * [new tag]           0.0.42                  -> 0.0.42
end-workflow	Checkout code	2025-09-25T11:23:01.5975886Z  * [new tag]           0.0.43                  -> 0.0.43
end-workflow	Checkout code	2025-09-25T11:23:01.5976793Z  * [new tag]           0.0.44                  -> 0.0.44
end-workflow	Checkout code	2025-09-25T11:23:01.5977238Z  * [new tag]           0.0.45                  -> 0.0.45
end-workflow	Checkout code	2025-09-25T11:23:01.5977626Z  * [new tag]           0.0.46                  -> 0.0.46
end-workflow	Checkout code	2025-09-25T11:23:01.5978004Z  * [new tag]           0.0.47                  -> 0.0.47
end-workflow	Checkout code	2025-09-25T11:23:01.5978389Z  * [new tag]           0.0.48                  -> 0.0.48
end-workflow	Checkout code	2025-09-25T11:23:01.5978773Z  * [new tag]           0.0.49                  -> 0.0.49
end-workflow	Checkout code	2025-09-25T11:23:01.5979155Z  * [new tag]           0.0.5                   -> 0.0.5
end-workflow	Checkout code	2025-09-25T11:23:01.5979543Z  * [new tag]           0.0.50                  -> 0.0.50
end-workflow	Checkout code	2025-09-25T11:23:01.5979929Z  * [new tag]           0.0.51                  -> 0.0.51
end-workflow	Checkout code	2025-09-25T11:23:01.5980587Z  * [new tag]           0.0.52                  -> 0.0.52
end-workflow	Checkout code	2025-09-25T11:23:01.5980966Z  * [new tag]           0.0.53                  -> 0.0.53
end-workflow	Checkout code	2025-09-25T11:23:01.5981346Z  * [new tag]           0.0.54                  -> 0.0.54
end-workflow	Checkout code	2025-09-25T11:23:01.5981727Z  * [new tag]           0.0.55                  -> 0.0.55
end-workflow	Checkout code	2025-09-25T11:23:01.5982109Z  * [new tag]           0.0.56                  -> 0.0.56
end-workflow	Checkout code	2025-09-25T11:23:01.5982489Z  * [new tag]           0.0.57                  -> 0.0.57
end-workflow	Checkout code	2025-09-25T11:23:01.5982877Z  * [new tag]           0.0.58                  -> 0.0.58
end-workflow	Checkout code	2025-09-25T11:23:01.5983256Z  * [new tag]           0.0.59                  -> 0.0.59
end-workflow	Checkout code	2025-09-25T11:23:01.5983639Z  * [new tag]           0.0.6                   -> 0.0.6
end-workflow	Checkout code	2025-09-25T11:23:01.5984022Z  * [new tag]           0.0.60                  -> 0.0.60
end-workflow	Checkout code	2025-09-25T11:23:01.5984558Z  * [new tag]           0.0.61                  -> 0.0.61
end-workflow	Checkout code	2025-09-25T11:23:01.5984968Z  * [new tag]           0.0.62                  -> 0.0.62
end-workflow	Checkout code	2025-09-25T11:23:01.5985489Z  * [new tag]           0.0.63                  -> 0.0.63
end-workflow	Checkout code	2025-09-25T11:23:01.5985902Z  * [new tag]           0.0.64                  -> 0.0.64
end-workflow	Checkout code	2025-09-25T11:23:01.5986294Z  * [new tag]           0.0.65                  -> 0.0.65
end-workflow	Checkout code	2025-09-25T11:23:01.5986683Z  * [new tag]           0.0.66                  -> 0.0.66
end-workflow	Checkout code	2025-09-25T11:23:01.5987089Z  * [new tag]           0.0.67                  -> 0.0.67
end-workflow	Checkout code	2025-09-25T11:23:01.5987481Z  * [new tag]           0.0.68                  -> 0.0.68
end-workflow	Checkout code	2025-09-25T11:23:01.5987869Z  * [new tag]           0.0.69                  -> 0.0.69
end-workflow	Checkout code	2025-09-25T11:23:01.5988257Z  * [new tag]           0.0.7                   -> 0.0.7
end-workflow	Checkout code	2025-09-25T11:23:01.5988662Z  * [new tag]           0.0.70                  -> 0.0.70
end-workflow	Checkout code	2025-09-25T11:23:01.5989053Z  * [new tag]           0.0.71                  -> 0.0.71
end-workflow	Checkout code	2025-09-25T11:23:01.5989454Z  * [new tag]           0.0.72                  -> 0.0.72
end-workflow	Checkout code	2025-09-25T11:23:01.5989853Z  * [new tag]           0.0.73                  -> 0.0.73
end-workflow	Checkout code	2025-09-25T11:23:01.5990259Z  * [new tag]           0.0.74                  -> 0.0.74
end-workflow	Checkout code	2025-09-25T11:23:01.5990662Z  * [new tag]           0.0.75                  -> 0.0.75
end-workflow	Checkout code	2025-09-25T11:23:01.5991114Z  * [new tag]           0.0.76                  -> 0.0.76
end-workflow	Checkout code	2025-09-25T11:23:01.5991517Z  * [new tag]           0.0.77                  -> 0.0.77
end-workflow	Checkout code	2025-09-25T11:23:01.5991925Z  * [new tag]           0.0.78                  -> 0.0.78
end-workflow	Checkout code	2025-09-25T11:23:01.5992327Z  * [new tag]           0.0.79                  -> 0.0.79
end-workflow	Checkout code	2025-09-25T11:23:01.6013638Z  * [new tag]           0.0.8                   -> 0.0.8
end-workflow	Checkout code	2025-09-25T11:23:01.6014469Z  * [new tag]           0.0.80                  -> 0.0.80
end-workflow	Checkout code	2025-09-25T11:23:01.6014884Z  * [new tag]           0.0.81                  -> 0.0.81
end-workflow	Checkout code	2025-09-25T11:23:01.6015353Z  * [new tag]           0.0.82                  -> 0.0.82
end-workflow	Checkout code	2025-09-25T11:23:01.6015782Z  * [new tag]           0.0.83                  -> 0.0.83
end-workflow	Checkout code	2025-09-25T11:23:01.6016266Z  * [new tag]           0.0.84                  -> 0.0.84
end-workflow	Checkout code	2025-09-25T11:23:01.6017007Z  * [new tag]           0.0.85                  -> 0.0.85
end-workflow	Checkout code	2025-09-25T11:23:01.6017406Z  * [new tag]           0.0.86                  -> 0.0.86
end-workflow	Checkout code	2025-09-25T11:23:01.6017800Z  * [new tag]           0.0.87                  -> 0.0.87
end-workflow	Checkout code	2025-09-25T11:23:01.6018227Z  * [new tag]           0.0.88                  -> 0.0.88
end-workflow	Checkout code	2025-09-25T11:23:01.6018657Z  * [new tag]           0.0.89                  -> 0.0.89
end-workflow	Checkout code	2025-09-25T11:23:01.6019076Z  * [new tag]           0.0.9                   -> 0.0.9
end-workflow	Checkout code	2025-09-25T11:23:01.6019482Z  * [new tag]           0.0.90                  -> 0.0.90
end-workflow	Checkout code	2025-09-25T11:23:01.6019884Z  * [new tag]           0.0.91                  -> 0.0.91
end-workflow	Checkout code	2025-09-25T11:23:01.6020278Z  * [new tag]           0.0.92                  -> 0.0.92
end-workflow	Checkout code	2025-09-25T11:23:01.6020668Z  * [new tag]           0.0.93                  -> 0.0.93
end-workflow	Checkout code	2025-09-25T11:23:01.6021053Z  * [new tag]           0.0.94                  -> 0.0.94
end-workflow	Checkout code	2025-09-25T11:23:01.6021627Z  * [new tag]           0.0.95                  -> 0.0.95
end-workflow	Checkout code	2025-09-25T11:23:01.6022030Z  * [new tag]           0.0.96                  -> 0.0.96
end-workflow	Checkout code	2025-09-25T11:23:01.6022415Z  * [new tag]           0.0.97                  -> 0.0.97
end-workflow	Checkout code	2025-09-25T11:23:01.6022807Z  * [new tag]           0.0.98                  -> 0.0.98
end-workflow	Checkout code	2025-09-25T11:23:01.6023194Z  * [new tag]           0.0.99                  -> 0.0.99
end-workflow	Checkout code	2025-09-25T11:23:01.6023585Z  * [new tag]           0.1.0                   -> 0.1.0
end-workflow	Checkout code	2025-09-25T11:23:01.6023975Z  * [new tag]           0.1.1                   -> 0.1.1
end-workflow	Checkout code	2025-09-25T11:23:01.6024364Z  * [new tag]           0.2.0                   -> 0.2.0
end-workflow	Checkout code	2025-09-25T11:23:01.6024751Z  * [new tag]           0.3.0                   -> 0.3.0
end-workflow	Checkout code	2025-09-25T11:23:01.6025211Z  * [new tag]           0.3.1                   -> 0.3.1
end-workflow	Checkout code	2025-09-25T11:23:01.6025628Z  * [new tag]           0.3.10                  -> 0.3.10
end-workflow	Checkout code	2025-09-25T11:23:01.6026041Z  * [new tag]           0.3.11                  -> 0.3.11
end-workflow	Checkout code	2025-09-25T11:23:01.6026458Z  * [new tag]           0.3.12                  -> 0.3.12
end-workflow	Checkout code	2025-09-25T11:23:01.6026875Z  * [new tag]           0.3.13                  -> 0.3.13
end-workflow	Checkout code	2025-09-25T11:23:01.6027306Z  * [new tag]           0.3.14                  -> 0.3.14
end-workflow	Checkout code	2025-09-25T11:23:01.6027720Z  * [new tag]           0.3.15                  -> 0.3.15
end-workflow	Checkout code	2025-09-25T11:23:01.6028122Z  * [new tag]           0.3.16                  -> 0.3.16
end-workflow	Checkout code	2025-09-25T11:23:01.6028520Z  * [new tag]           0.3.17                  -> 0.3.17
end-workflow	Checkout code	2025-09-25T11:23:01.6028915Z  * [new tag]           0.3.2                   -> 0.3.2
end-workflow	Checkout code	2025-09-25T11:23:01.6029310Z  * [new tag]           0.3.3                   -> 0.3.3
end-workflow	Checkout code	2025-09-25T11:23:01.6029702Z  * [new tag]           0.3.4                   -> 0.3.4
end-workflow	Checkout code	2025-09-25T11:23:01.6030097Z  * [new tag]           0.3.5                   -> 0.3.5
end-workflow	Checkout code	2025-09-25T11:23:01.6030488Z  * [new tag]           0.3.6                   -> 0.3.6
end-workflow	Checkout code	2025-09-25T11:23:01.6030885Z  * [new tag]           0.3.7                   -> 0.3.7
end-workflow	Checkout code	2025-09-25T11:23:01.6031287Z  * [new tag]           0.3.8                   -> 0.3.8
end-workflow	Checkout code	2025-09-25T11:23:01.6031696Z  * [new tag]           0.3.9                   -> 0.3.9
end-workflow	Checkout code	2025-09-25T11:23:01.6032093Z  * [new tag]           0.4.0                   -> 0.4.0
end-workflow	Checkout code	2025-09-25T11:23:01.6032480Z  * [new tag]           0.4.1                   -> 0.4.1
end-workflow	Checkout code	2025-09-25T11:23:01.6032875Z  * [new tag]           0.4.2                   -> 0.4.2
end-workflow	Checkout code	2025-09-25T11:23:01.6033275Z  * [new tag]           0.4.3                   -> 0.4.3
end-workflow	Checkout code	2025-09-25T11:23:01.6033682Z  * [new tag]           0.4.4                   -> 0.4.4
end-workflow	Checkout code	2025-09-25T11:23:01.6034095Z  * [new tag]           0.4.5                   -> 0.4.5
end-workflow	Checkout code	2025-09-25T11:23:01.6034499Z  * [new tag]           0.4.6                   -> 0.4.6
end-workflow	Checkout code	2025-09-25T11:23:01.6343224Z [command]/usr/bin/git branch --list --remote origin/H1514-new-swarm-deployment-stack-with-actions-runners-autoscale
end-workflow	Checkout code	2025-09-25T11:23:01.6409829Z   origin/H1514-new-swarm-deployment-stack-with-actions-runners-autoscale
end-workflow	Checkout code	2025-09-25T11:23:01.6434222Z [command]/usr/bin/git rev-parse refs/remotes/origin/H1514-new-swarm-deployment-stack-with-actions-runners-autoscale
end-workflow	Checkout code	2025-09-25T11:23:01.6462775Z 701ef2ab02014cc0efb3599f3859d2ab1dd1c45d
end-workflow	Checkout code	2025-09-25T11:23:01.6476058Z ##[endgroup]
end-workflow	Checkout code	2025-09-25T11:23:01.6484838Z ##[group]Determining the checkout info
end-workflow	Checkout code	2025-09-25T11:23:01.6485680Z ##[endgroup]
end-workflow	Checkout code	2025-09-25T11:23:01.6486980Z [command]/usr/bin/git sparse-checkout disable
end-workflow	Checkout code	2025-09-25T11:23:01.6537703Z [command]/usr/bin/git config --local --unset-all extensions.worktreeConfig
end-workflow	Checkout code	2025-09-25T11:23:01.6581485Z ##[group]Checking out the ref
end-workflow	Checkout code	2025-09-25T11:23:01.6586137Z [command]/usr/bin/git checkout --progress --force -B H1514-new-swarm-deployment-stack-with-actions-runners-autoscale refs/remotes/origin/H1514-new-swarm-deployment-stack-with-actions-runners-autoscale
end-workflow	Checkout code	2025-09-25T11:23:02.5125576Z Switched to a new branch 'H1514-new-swarm-deployment-stack-with-actions-runners-autoscale'
end-workflow	Checkout code	2025-09-25T11:23:02.5132425Z branch 'H1514-new-swarm-deployment-stack-with-actions-runners-autoscale' set up to track 'origin/H1514-new-swarm-deployment-stack-with-actions-runners-autoscale'.
end-workflow	Checkout code	2025-09-25T11:23:02.5251389Z ##[endgroup]
end-workflow	Checkout code	2025-09-25T11:23:02.5275096Z [command]/usr/bin/git log -1 --format=%H
end-workflow	Checkout code	2025-09-25T11:23:02.5316206Z 701ef2ab02014cc0efb3599f3859d2ab1dd1c45d
end-workflow	Finaliza el workflow	ï»¿2025-09-25T11:23:02.6068777Z ##[group]Run echo "End process"
end-workflow	Finaliza el workflow	2025-09-25T11:23:02.6069263Z [36;1mecho "End process"[0m
end-workflow	Finaliza el workflow	2025-09-25T11:23:02.6070185Z [36;1mRNNUMBER=$(echo "refs/heads/H1514-new-swarm-deployment-stack-with-actions-runners-autoscale" | grep -o '[0-9]*')[0m
end-workflow	Finaliza el workflow	2025-09-25T11:23:02.6070956Z [36;1mgh issue comment $RNNUMBER --body "Se finaliza Ka0s 18005774190"[0m
end-workflow	Finaliza el workflow	2025-09-25T11:23:02.6071656Z [36;1mgh workflow run inspector.yml --ref 'main' -f kaos-issue-id=$RNNUMBER -f kaos-workflow-id="18005774190" -f kaos-user-start=""[0m
end-workflow	Finaliza el workflow	2025-09-25T11:23:02.6095628Z shell: /usr/bin/bash -e {0}
end-workflow	Finaliza el workflow	2025-09-25T11:23:02.6095923Z env:
end-workflow	Finaliza el workflow	2025-09-25T11:23:02.6096120Z   KAOS_MODULE: [Ka0S] JSONLINT
end-workflow	Finaliza el workflow	2025-09-25T11:23:02.6096725Z   GH_TOKEN: ***
end-workflow	Finaliza el workflow	2025-09-25T11:23:02.6096974Z   KAOS_JSONLINT_CONFIG: core/config/.jsonlint.json
end-workflow	Finaliza el workflow	2025-09-25T11:23:02.6097507Z   KAOS_PATH_RESUME: audit/jsonlint/
end-workflow	Finaliza el workflow	2025-09-25T11:23:02.6097926Z   KAOS_REPO: /actions-runner/_work/kaos/kaos
end-workflow	Finaliza el workflow	2025-09-25T11:23:02.6098202Z   KAOS_STEP_MODULE: 
end-workflow	Finaliza el workflow	2025-09-25T11:23:02.6098412Z   KAOS_CODE: 18005774190
end-workflow	Finaliza el workflow	2025-09-25T11:23:02.6106727Z   KAOS_REF_BRANCH: main
end-workflow	Finaliza el workflow	2025-09-25T11:23:02.6106948Z ##[endgroup]
end-workflow	Finaliza el workflow	2025-09-25T11:23:02.6277579Z End process
end-workflow	Finaliza el workflow	2025-09-25T11:23:03.6998874Z https://github.com/Ka0s-Klaus/ka0s/issues/1514#issuecomment-3333484113
end-workflow	Post Checkout code	ï»¿2025-09-25T11:23:04.7352582Z Post job cleanup.
end-workflow	Post Checkout code	2025-09-25T11:23:04.8479834Z [command]/usr/bin/git version
end-workflow	Post Checkout code	2025-09-25T11:23:04.8524014Z git version 2.51.0
end-workflow	Post Checkout code	2025-09-25T11:23:04.8577721Z Temporarily overriding HOME='/home/runner/_work/_temp/2a69a5cb-4a94-44c0-8c7a-b1b0fa3fd074' before making global git config changes
end-workflow	Post Checkout code	2025-09-25T11:23:04.8579493Z Adding repository directory to the temporary git global config as a safe directory
end-workflow	Post Checkout code	2025-09-25T11:23:04.8584672Z [command]/usr/bin/git config --global --add safe.directory /home/runner/_work/ka0s/ka0s
end-workflow	Post Checkout code	2025-09-25T11:23:04.8625270Z [command]/usr/bin/git config --local --name-only --get-regexp core\.sshCommand
end-workflow	Post Checkout code	2025-09-25T11:23:04.8667807Z [command]/usr/bin/git submodule foreach --recursive sh -c "git config --local --name-only --get-regexp 'core\.sshCommand' && git config --local --unset-all 'core.sshCommand' || :"
end-workflow	Post Checkout code	2025-09-25T11:23:04.8950853Z [command]/usr/bin/git config --local --name-only --get-regexp http\.https\:\/\/github\.com\/\.extraheader
end-workflow	Post Checkout code	2025-09-25T11:23:04.8977283Z http.https://github.com/.extraheader
end-workflow	Post Checkout code	2025-09-25T11:23:04.8990878Z [command]/usr/bin/git config --local --unset-all http.https://github.com/.extraheader
end-workflow	Post Checkout code	2025-09-25T11:23:04.9028732Z [command]/usr/bin/git submodule foreach --recursive sh -c "git config --local --name-only --get-regexp 'http\.https\:\/\/github\.com\/\.extraheader' && git config --local --unset-all 'http.https://github.com/.extraheader' || :"
end-workflow	Complete job	ï»¿2025-09-25T11:23:04.9484160Z Cleaning up orphan processes
