job-core	Set up job	﻿2025-09-26T11:22:36.3366982Z Current runner version: '2.328.0'
job-core	Set up job	2025-09-26T11:22:36.3375738Z Runner name: '6d3d7631fd33'
job-core	Set up job	2025-09-26T11:22:36.3376763Z Runner group name: 'swarm-runners'
job-core	Set up job	2025-09-26T11:22:36.3377748Z Machine name: '6d3d7631fd33'
job-core	Set up job	2025-09-26T11:22:36.3380706Z ##[group]GITHUB_TOKEN Permissions
job-core	Set up job	2025-09-26T11:22:36.3383150Z Actions: write
job-core	Set up job	2025-09-26T11:22:36.3383852Z Contents: read
job-core	Set up job	2025-09-26T11:22:36.3384427Z Issues: write
job-core	Set up job	2025-09-26T11:22:36.3385007Z Metadata: read
job-core	Set up job	2025-09-26T11:22:36.3386663Z ##[endgroup]
job-core	Set up job	2025-09-26T11:22:36.3389412Z Secret source: Actions
job-core	Set up job	2025-09-26T11:22:36.3390265Z Prepare workflow directory
job-core	Set up job	2025-09-26T11:22:36.3984608Z Prepare all required actions
job-core	Set up job	2025-09-26T11:22:36.4023997Z Getting action download info
job-core	Set up job	2025-09-26T11:22:37.0489070Z Download action repository 'actions/checkout@v4' (SHA:08eba0b27e820071cde6df949e0beb9ba4906955)
job-core	Set up job	2025-09-26T11:22:37.9531597Z Download action repository 'docker/login-action@v3' (SHA:184bdaa0721073962dff0199f1fb9940f07167d1)
job-core	Set up job	2025-09-26T11:22:39.0824043Z Complete job name: job-core
job-core	Checkout code	﻿2025-09-26T11:22:39.1482455Z ##[group]Run actions/checkout@v4
job-core	Checkout code	2025-09-26T11:22:39.1483863Z with:
job-core	Checkout code	2025-09-26T11:22:39.1484619Z   fetch-depth: 0
job-core	Checkout code	2025-09-26T11:22:39.1486307Z   token: ***
job-core	Checkout code	2025-09-26T11:22:39.1487110Z   repository: Ka0s-Klaus/ka0s
job-core	Checkout code	2025-09-26T11:22:39.1488047Z   ssh-strict: true
job-core	Checkout code	2025-09-26T11:22:39.1488830Z   ssh-user: git
job-core	Checkout code	2025-09-26T11:22:39.1489642Z   persist-credentials: true
job-core	Checkout code	2025-09-26T11:22:39.1490554Z   clean: true
job-core	Checkout code	2025-09-26T11:22:39.1491364Z   sparse-checkout-cone-mode: true
job-core	Checkout code	2025-09-26T11:22:39.1492360Z   fetch-tags: false
job-core	Checkout code	2025-09-26T11:22:39.1493184Z   show-progress: true
job-core	Checkout code	2025-09-26T11:22:39.1493997Z   lfs: false
job-core	Checkout code	2025-09-26T11:22:39.1494743Z   submodules: false
job-core	Checkout code	2025-09-26T11:22:39.1495609Z   set-safe-directory: true
job-core	Checkout code	2025-09-26T11:22:39.1496741Z env:
job-core	Checkout code	2025-09-26T11:22:39.1498560Z   GITHUB_TOKEN: ***
job-core	Checkout code	2025-09-26T11:22:39.1499478Z   KAOS_MODULE: [Ka0s] Personalized Image Runners
job-core	Checkout code	2025-09-26T11:22:39.1500591Z   KAOS_CODE: 18036318281
job-core	Checkout code	2025-09-26T11:22:39.1501455Z   KAOS_PATH_SCAN: audit/scan/
job-core	Checkout code	2025-09-26T11:22:39.1502382Z ##[endgroup]
job-core	Checkout code	2025-09-26T11:22:39.2655442Z Syncing repository: Ka0s-Klaus/ka0s
job-core	Checkout code	2025-09-26T11:22:39.2658608Z ##[group]Getting Git version info
job-core	Checkout code	2025-09-26T11:22:39.2659791Z Working directory is '/home/runner/_work/ka0s/ka0s'
job-core	Checkout code	2025-09-26T11:22:39.2661768Z [command]/usr/bin/git version
job-core	Checkout code	2025-09-26T11:22:39.2662685Z git version 2.51.0
job-core	Checkout code	2025-09-26T11:22:39.2674268Z ##[endgroup]
job-core	Checkout code	2025-09-26T11:22:39.2689173Z Copying '/home/runner/.gitconfig' to '/home/runner/_work/_temp/55763827-eec0-40b7-8f77-d153188d9bfa/.gitconfig'
job-core	Checkout code	2025-09-26T11:22:39.2701412Z Temporarily overriding HOME='/home/runner/_work/_temp/55763827-eec0-40b7-8f77-d153188d9bfa' before making global git config changes
job-core	Checkout code	2025-09-26T11:22:39.2704496Z Adding repository directory to the temporary git global config as a safe directory
job-core	Checkout code	2025-09-26T11:22:39.2707121Z [command]/usr/bin/git config --global --add safe.directory /home/runner/_work/ka0s/ka0s
job-core	Checkout code	2025-09-26T11:22:39.2758832Z [command]/usr/bin/git config --local --get remote.origin.url
job-core	Checkout code	2025-09-26T11:22:39.2782907Z https://github.com/Ka0s-Klaus/ka0s
job-core	Checkout code	2025-09-26T11:22:39.2805747Z ##[group]Removing previously created refs, to avoid conflicts
job-core	Checkout code	2025-09-26T11:22:39.2810934Z [command]/usr/bin/git rev-parse --symbolic-full-name --verify --quiet HEAD
job-core	Checkout code	2025-09-26T11:22:39.2834353Z refs/heads/main
job-core	Checkout code	2025-09-26T11:22:39.2846027Z [command]/usr/bin/git checkout --detach
job-core	Checkout code	2025-09-26T11:22:39.2923285Z HEAD is now at 4b8439d6 [Ka0S] Inspector uploading resume execution files to the repository...
job-core	Checkout code	2025-09-26T11:22:39.2970841Z [command]/usr/bin/git branch --delete --force main
job-core	Checkout code	2025-09-26T11:22:39.3003700Z Deleted branch main (was 4b8439d6).
job-core	Checkout code	2025-09-26T11:22:39.3104470Z ##[endgroup]
job-core	Checkout code	2025-09-26T11:22:39.3105638Z [command]/usr/bin/git submodule status
job-core	Checkout code	2025-09-26T11:22:39.3358076Z ##[group]Cleaning the repository
job-core	Checkout code	2025-09-26T11:22:39.3362092Z [command]/usr/bin/git clean -ffdx
job-core	Checkout code	2025-09-26T11:22:39.3423084Z [command]/usr/bin/git reset --hard HEAD
job-core	Checkout code	2025-09-26T11:22:39.3507411Z HEAD is now at 4b8439d6 [Ka0S] Inspector uploading resume execution files to the repository...
job-core	Checkout code	2025-09-26T11:22:39.3512778Z ##[endgroup]
job-core	Checkout code	2025-09-26T11:22:39.3514383Z ##[group]Disabling automatic garbage collection
job-core	Checkout code	2025-09-26T11:22:39.3519128Z [command]/usr/bin/git config --local gc.auto 0
job-core	Checkout code	2025-09-26T11:22:39.3551289Z ##[endgroup]
job-core	Checkout code	2025-09-26T11:22:39.3552695Z ##[group]Setting up auth
job-core	Checkout code	2025-09-26T11:22:39.3569083Z [command]/usr/bin/git config --local --name-only --get-regexp core\.sshCommand
job-core	Checkout code	2025-09-26T11:22:39.3605730Z [command]/usr/bin/git submodule foreach --recursive sh -c "git config --local --name-only --get-regexp 'core\.sshCommand' && git config --local --unset-all 'core.sshCommand' || :"
job-core	Checkout code	2025-09-26T11:22:39.3858375Z [command]/usr/bin/git config --local --name-only --get-regexp http\.https\:\/\/github\.com\/\.extraheader
job-core	Checkout code	2025-09-26T11:22:39.3894083Z [command]/usr/bin/git submodule foreach --recursive sh -c "git config --local --name-only --get-regexp 'http\.https\:\/\/github\.com\/\.extraheader' && git config --local --unset-all 'http.https://github.com/.extraheader' || :"
job-core	Checkout code	2025-09-26T11:22:39.4150172Z [command]/usr/bin/git config --local http.https://github.com/.extraheader AUTHORIZATION: basic ***
job-core	Checkout code	2025-09-26T11:22:39.4193720Z ##[endgroup]
job-core	Checkout code	2025-09-26T11:22:39.4195290Z ##[group]Fetching the repository
job-core	Checkout code	2025-09-26T11:22:39.4202829Z [command]/usr/bin/git -c protocol.version=2 fetch --prune --no-recurse-submodules origin +refs/heads/*:refs/remotes/origin/* +refs/tags/*:refs/tags/*
job-core	Checkout code	2025-09-26T11:22:39.9713069Z [command]/usr/bin/git branch --list --remote origin/main
job-core	Checkout code	2025-09-26T11:22:39.9771227Z   origin/main
job-core	Checkout code	2025-09-26T11:22:39.9780278Z [command]/usr/bin/git rev-parse refs/remotes/origin/main
job-core	Checkout code	2025-09-26T11:22:39.9804669Z 4b8439d6cfd1d9eee9523da6408e21108b6672f5
job-core	Checkout code	2025-09-26T11:22:39.9815853Z [command]/usr/bin/git -c protocol.version=2 fetch --no-tags --prune --no-recurse-submodules origin +3f888b9f59c7016c73a8127bf462a0f95cdb7555:refs/remotes/origin/main
job-core	Checkout code	2025-09-26T11:22:39.9972525Z From https://github.com/Ka0s-Klaus/ka0s
job-core	Checkout code	2025-09-26T11:22:39.9973811Z  + 4b8439d6...3f888b9f 3f888b9f59c7016c73a8127bf462a0f95cdb7555 -> origin/main  (forced update)
job-core	Checkout code	2025-09-26T11:22:40.0001266Z ##[endgroup]
job-core	Checkout code	2025-09-26T11:22:40.0002744Z ##[group]Determining the checkout info
job-core	Checkout code	2025-09-26T11:22:40.0004115Z ##[endgroup]
job-core	Checkout code	2025-09-26T11:22:40.0007308Z [command]/usr/bin/git sparse-checkout disable
job-core	Checkout code	2025-09-26T11:22:40.0059891Z [command]/usr/bin/git config --local --unset-all extensions.worktreeConfig
job-core	Checkout code	2025-09-26T11:22:40.0091518Z ##[group]Checking out the ref
job-core	Checkout code	2025-09-26T11:22:40.0094163Z [command]/usr/bin/git checkout --progress --force -B main refs/remotes/origin/main
job-core	Checkout code	2025-09-26T11:22:40.0248252Z Warning: you are leaving 2 commits behind, not connected to
job-core	Checkout code	2025-09-26T11:22:40.0249731Z any of your branches:
job-core	Checkout code	2025-09-26T11:22:40.0250358Z 
job-core	Checkout code	2025-09-26T11:22:40.0251228Z   4b8439d6 [Ka0S] Inspector uploading resume execution files to the repository...
job-core	Checkout code	2025-09-26T11:22:40.0252402Z   1f8a8be8 [Ka0S] Inspector uploading resume execution files to the repository...
job-core	Checkout code	2025-09-26T11:22:40.0253035Z 
job-core	Checkout code	2025-09-26T11:22:40.0253525Z If you want to keep them by creating a new branch, this may be a good time
job-core	Checkout code	2025-09-26T11:22:40.0254478Z to do so with:
job-core	Checkout code	2025-09-26T11:22:40.0254826Z 
job-core	Checkout code	2025-09-26T11:22:40.0318975Z  git branch <new-branch-name> 4b8439d6
job-core	Checkout code	2025-09-26T11:22:40.0319852Z 
job-core	Checkout code	2025-09-26T11:22:40.0320412Z Switched to a new branch 'main'
job-core	Checkout code	2025-09-26T11:22:40.0321278Z branch 'main' set up to track 'origin/main'.
job-core	Checkout code	2025-09-26T11:22:40.0323575Z ##[endgroup]
job-core	Checkout code	2025-09-26T11:22:40.0325037Z [command]/usr/bin/git log -1 --format=%H
job-core	Checkout code	2025-09-26T11:22:40.0345670Z 3f888b9f59c7016c73a8127bf462a0f95cdb7555
job-core	Login to Docker Hub	﻿2025-09-26T11:22:40.0553636Z ##[group]Run docker/login-action@v3
job-core	Login to Docker Hub	2025-09-26T11:22:40.0554418Z with:
job-core	Login to Docker Hub	2025-09-26T11:22:40.0555124Z   username: ***
job-core	Login to Docker Hub	2025-09-26T11:22:40.0555943Z   password: ***
job-core	Login to Docker Hub	2025-09-26T11:22:40.0556556Z   ecr: auto
job-core	Login to Docker Hub	2025-09-26T11:22:40.0557149Z   logout: true
job-core	Login to Docker Hub	2025-09-26T11:22:40.0557740Z env:
job-core	Login to Docker Hub	2025-09-26T11:22:40.0558771Z   GITHUB_TOKEN: ***
job-core	Login to Docker Hub	2025-09-26T11:22:40.0559477Z   KAOS_MODULE: [Ka0s] Personalized Image Runners
job-core	Login to Docker Hub	2025-09-26T11:22:40.0560437Z   KAOS_CODE: 18036318281
job-core	Login to Docker Hub	2025-09-26T11:22:40.0561112Z   KAOS_PATH_SCAN: audit/scan/
job-core	Login to Docker Hub	2025-09-26T11:22:40.0561778Z ##[endgroup]
job-core	Login to Docker Hub	2025-09-26T11:22:40.4041328Z Logging into Docker Hub...
job-core	Login to Docker Hub	2025-09-26T11:22:41.4169389Z Login Succeeded!
job-core	Build image	﻿2025-09-26T11:22:41.4341912Z ##[group]Run # Construimos la imagen
job-core	Build image	2025-09-26T11:22:41.4342403Z [36;1m# Construimos la imagen[0m
job-core	Build image	2025-09-26T11:22:41.4342923Z [36;1msudo docker build -t backstage-runner:test -f core/runner/backstage-runner/test/Dockerfile .[0m
job-core	Build image	2025-09-26T11:22:41.4343516Z [36;1mecho "Se ha generado la imagen backstage-runner:test...."[0m
job-core	Build image	2025-09-26T11:22:41.4343905Z [36;1msudo usermod -aG docker runner [0m
job-core	Build image	2025-09-26T11:22:41.4355440Z shell: /usr/bin/bash -e {0}
job-core	Build image	2025-09-26T11:22:41.4355740Z env:
job-core	Build image	2025-09-26T11:22:41.4356425Z   GITHUB_TOKEN: ***
job-core	Build image	2025-09-26T11:22:41.4356697Z   KAOS_MODULE: [Ka0s] Personalized Image Runners
job-core	Build image	2025-09-26T11:22:41.4357014Z   KAOS_CODE: 18036318281
job-core	Build image	2025-09-26T11:22:41.4357259Z   KAOS_PATH_SCAN: audit/scan/
job-core	Build image	2025-09-26T11:22:41.4357528Z ##[endgroup]
job-core	Build image	2025-09-26T11:22:41.7618795Z #0 building with "default" instance using docker driver
job-core	Build image	2025-09-26T11:22:41.7620565Z 
job-core	Build image	2025-09-26T11:22:41.7621372Z #1 [internal] load build definition from Dockerfile
job-core	Build image	2025-09-26T11:22:41.7622966Z #1 transferring dockerfile: 2.65kB done
job-core	Build image	2025-09-26T11:22:41.7624388Z #1 DONE 0.1s
job-core	Build image	2025-09-26T11:22:41.7624924Z 
job-core	Build image	2025-09-26T11:22:41.7626110Z #2 [internal] load metadata for docker.io/library/node:22-bookworm-slim
job-core	Build image	2025-09-26T11:22:43.7614280Z #2 DONE 2.0s
job-core	Build image	2025-09-26T11:22:43.8654715Z 
job-core	Build image	2025-09-26T11:22:43.8656154Z #3 [internal] load .dockerignore
job-core	Build image	2025-09-26T11:22:43.9376086Z #3 transferring context: 2B done
job-core	Build image	2025-09-26T11:22:43.9377495Z #3 DONE 0.0s
job-core	Build image	2025-09-26T11:22:43.9378034Z 
job-core	Build image	2025-09-26T11:22:43.9378665Z #4 [internal] setting cache mount permissions
job-core	Build image	2025-09-26T11:22:43.9380030Z #4 DONE 0.0s
job-core	Build image	2025-09-26T11:22:43.9380564Z 
job-core	Build image	2025-09-26T11:22:43.9382849Z #5 [stage-0  1/13] FROM docker.io/library/node:22-bookworm-slim@sha256:c407baf6e71f4127777b0b660b162e3c88c1974067b1be9f1f962709ea817d59
job-core	Build image	2025-09-26T11:22:43.9389906Z #5 resolve docker.io/library/node:22-bookworm-slim@sha256:c407baf6e71f4127777b0b660b162e3c88c1974067b1be9f1f962709ea817d59 0.0s done
job-core	Build image	2025-09-26T11:22:43.9395876Z #5 sha256:c407baf6e71f4127777b0b660b162e3c88c1974067b1be9f1f962709ea817d59 6.49kB / 6.49kB done
job-core	Build image	2025-09-26T11:22:43.9401556Z #5 sha256:284f827504209e05a7ed41d09e83d8bc048c9e2298565a1d848eeee2a16777a1 1.93kB / 1.93kB done
job-core	Build image	2025-09-26T11:22:43.9404846Z #5 sha256:1d7b9eb842e7b00dc8d7e7c1b03dd4a271049e86770a8f86d7c6172f92d97223 6.79kB / 6.79kB done
job-core	Build image	2025-09-26T11:22:43.9407212Z #5 CANCELED
job-core	Build image	2025-09-26T11:22:43.9407806Z 
job-core	Build image	2025-09-26T11:22:43.9408307Z #6 [internal] load build context
job-core	Build image	2025-09-26T11:22:43.9409581Z #6 transferring context: 2B 0.0s done
job-core	Build image	2025-09-26T11:22:43.9410791Z #6 DONE 0.1s
job-core	Build image	2025-09-26T11:22:43.9411312Z 
job-core	Build image	2025-09-26T11:22:43.9412022Z #7 [stage-0  4/13] WORKDIR /app
job-core	Build image	2025-09-26T11:22:43.9413206Z #7 CACHED
job-core	Build image	2025-09-26T11:22:43.9413691Z 
job-core	Build image	2025-09-26T11:22:43.9421464Z #8 [stage-0  2/13] RUN --mount=type=cache,target=/var/cache/apt,sharing=locked     --mount=type=cache,target=/var/lib/apt,sharing=locked     apt-get update &&     apt-get install -y --no-install-recommends python3 g++ build-essential &&     rm -rf /var/lib/apt/lists/*
job-core	Build image	2025-09-26T11:22:43.9427993Z #8 CACHED
job-core	Build image	2025-09-26T11:22:43.9428578Z 
job-core	Build image	2025-09-26T11:22:43.9432473Z #9 [stage-0  3/13] RUN --mount=type=cache,target=/var/cache/apt,sharing=locked     --mount=type=cache,target=/var/lib/apt,sharing=locked     apt-get update &&     apt-get install -y --no-install-recommends libsqlite3-dev &&     rm -rf /var/lib/apt/lists/*
job-core	Build image	2025-09-26T11:22:43.9437127Z #9 CACHED
job-core	Build image	2025-09-26T11:22:43.9437689Z 
job-core	Build image	2025-09-26T11:22:43.9438446Z #10 [stage-0  6/13] COPY --chown=node:node .yarnrc.yml ./
job-core	Build image	2025-09-26T11:22:43.9457411Z #10 ERROR: failed to calculate checksum of ref 6675080d-62f1-4130-9332-05dae506b886::j5lyzjf7rnuprugr52c62xqfs: "/.yarnrc.yml": not found
job-core	Build image	2025-09-26T11:22:43.9459995Z 
job-core	Build image	2025-09-26T11:22:43.9460812Z #11 [stage-0  7/13] COPY --chown=node:node backstage.json ./
job-core	Build image	2025-09-26T11:22:43.9465434Z #11 ERROR: failed to calculate checksum of ref 6675080d-62f1-4130-9332-05dae506b886::j5lyzjf7rnuprugr52c62xqfs: "/backstage.json": not found
job-core	Build image	2025-09-26T11:22:43.9467899Z 
job-core	Build image	2025-09-26T11:22:43.9470612Z #12 [stage-0 10/13] RUN --mount=type=cache,target=/home/node/.cache/yarn,sharing=locked,uid=1000,gid=1000     yarn workspaces focus --all --production && rm -rf "$(yarn cache clean)"
job-core	Build image	2025-09-26T11:22:43.9475740Z #12 CACHED
job-core	Build image	2025-09-26T11:22:43.9476289Z 
job-core	Build image	2025-09-26T11:22:43.9477147Z #13 [stage-0  9/13] RUN tar xzf skeleton.tar.gz && rm skeleton.tar.gz
job-core	Build image	2025-09-26T11:22:43.9479704Z #13 CACHED
job-core	Build image	2025-09-26T11:22:43.9480236Z 
job-core	Build image	2025-09-26T11:22:43.9481029Z #14 [stage-0 11/13] COPY --chown=node:node examples ./examples
job-core	Build image	2025-09-26T11:22:43.9484324Z #14 ERROR: failed to calculate checksum of ref 6675080d-62f1-4130-9332-05dae506b886::j5lyzjf7rnuprugr52c62xqfs: "/examples": not found
job-core	Build image	2025-09-26T11:22:43.9486833Z 
job-core	Build image	2025-09-26T11:22:43.9488211Z #15 [stage-0 12/13] COPY --chown=node:node packages/backend/dist/bundle.tar.gz app-config*.yaml ./
job-core	Build image	2025-09-26T11:22:43.9492721Z #15 ERROR: failed to calculate checksum of ref 6675080d-62f1-4130-9332-05dae506b886::j5lyzjf7rnuprugr52c62xqfs: "/packages/backend/dist/bundle.tar.gz": not found
job-core	Build image	2025-09-26T11:22:43.9494597Z 
job-core	Build image	2025-09-26T11:22:43.9495679Z #16 [stage-0  8/13] COPY --chown=node:node yarn.lock package.json packages/backend/dist/skeleton.tar.gz ./
job-core	Build image	2025-09-26T11:22:43.9498259Z #16 ERROR: failed to calculate checksum of ref 6675080d-62f1-4130-9332-05dae506b886::j5lyzjf7rnuprugr52c62xqfs: "/yarn.lock": not found
job-core	Build image	2025-09-26T11:22:43.9499812Z 
job-core	Build image	2025-09-26T11:22:43.9500282Z #17 [stage-0  5/13] COPY --chown=node:node .yarn ./.yarn
job-core	Build image	2025-09-26T11:22:43.9502325Z #17 ERROR: failed to calculate checksum of ref 6675080d-62f1-4130-9332-05dae506b886::j5lyzjf7rnuprugr52c62xqfs: "/.yarn": not found
job-core	Build image	2025-09-26T11:22:43.9504035Z ------
job-core	Build image	2025-09-26T11:22:43.9524357Z  > [stage-0  5/13] COPY --chown=node:node .yarn ./.yarn:
job-core	Build image	2025-09-26T11:22:43.9525501Z ------
job-core	Build image	2025-09-26T11:22:43.9526076Z ------
job-core	Build image	2025-09-26T11:22:43.9526842Z  > [stage-0  6/13] COPY --chown=node:node .yarnrc.yml ./:
job-core	Build image	2025-09-26T11:22:43.9527775Z ------
job-core	Build image	2025-09-26T11:22:43.9528297Z ------
job-core	Build image	2025-09-26T11:22:43.9529076Z  > [stage-0  7/13] COPY --chown=node:node backstage.json ./:
job-core	Build image	2025-09-26T11:22:43.9530055Z ------
job-core	Build image	2025-09-26T11:22:43.9530571Z ------
job-core	Build image	2025-09-26T11:22:43.9531831Z  > [stage-0  8/13] COPY --chown=node:node yarn.lock package.json packages/backend/dist/skeleton.tar.gz ./:
job-core	Build image	2025-09-26T11:22:43.9533224Z ------
job-core	Build image	2025-09-26T11:22:43.9533742Z ------
job-core	Build image	2025-09-26T11:22:43.9534554Z  > [stage-0 11/13] COPY --chown=node:node examples ./examples:
job-core	Build image	2025-09-26T11:22:43.9535628Z ------
job-core	Build image	2025-09-26T11:22:43.9536147Z ------
job-core	Build image	2025-09-26T11:22:43.9537341Z  > [stage-0 12/13] COPY --chown=node:node packages/backend/dist/bundle.tar.gz app-config*.yaml ./:
job-core	Build image	2025-09-26T11:22:43.9538684Z ------
job-core	Build image	2025-09-26T11:22:43.9539396Z Dockerfile:53
job-core	Build image	2025-09-26T11:22:43.9540012Z --------------------
job-core	Build image	2025-09-26T11:22:43.9540651Z   51 |     
job-core	Build image	2025-09-26T11:22:43.9541788Z   52 |     # Then copy the rest of the backend bundle, along with any other files we might want.
job-core	Build image	2025-09-26T11:22:43.9543407Z   53 | >>> COPY --chown=node:node packages/backend/dist/bundle.tar.gz app-config*.yaml ./
job-core	Build image	2025-09-26T11:22:43.9544490Z   54 |     RUN tar xzf bundle.tar.gz && rm bundle.tar.gz
job-core	Build image	2025-09-26T11:22:43.9545258Z   55 |     
job-core	Build image	2025-09-26T11:22:43.9545712Z --------------------
job-core	Build image	2025-09-26T11:22:43.9548015Z ERROR: failed to build: failed to solve: failed to compute cache key: failed to calculate checksum of ref 6675080d-62f1-4130-9332-05dae506b886::j5lyzjf7rnuprugr52c62xqfs: "/packages/backend/dist/bundle.tar.gz": not found
job-core	Build image	2025-09-26T11:22:43.9596758Z ##[error]Process completed with exit code 1.
job-core	Post Login to Docker Hub	﻿2025-09-26T11:22:43.9719825Z Post job cleanup.
job-core	Post Login to Docker Hub	2025-09-26T11:22:44.3307577Z [command]/usr/bin/docker logout 
job-core	Post Login to Docker Hub	2025-09-26T11:22:44.3450106Z Removing login credentials for https://index.docker.io/v1/
job-core	Post Login to Docker Hub	2025-09-26T11:22:44.3490315Z ##[group]Post cache
job-core	Post Login to Docker Hub	2025-09-26T11:22:44.3490958Z State not set
job-core	Post Login to Docker Hub	2025-09-26T11:22:44.3492452Z ##[endgroup]
job-core	Post Checkout code	﻿2025-09-26T11:22:44.3666375Z Post job cleanup.
job-core	Post Checkout code	2025-09-26T11:22:44.4634474Z [command]/usr/bin/git version
job-core	Post Checkout code	2025-09-26T11:22:44.4671594Z git version 2.51.0
job-core	Post Checkout code	2025-09-26T11:22:44.4713434Z Copying '/home/runner/.gitconfig' to '/home/runner/_work/_temp/faf49cb6-fb65-4468-a3c8-a85ec81e491f/.gitconfig'
job-core	Post Checkout code	2025-09-26T11:22:44.4726324Z Temporarily overriding HOME='/home/runner/_work/_temp/faf49cb6-fb65-4468-a3c8-a85ec81e491f' before making global git config changes
job-core	Post Checkout code	2025-09-26T11:22:44.4727277Z Adding repository directory to the temporary git global config as a safe directory
job-core	Post Checkout code	2025-09-26T11:22:44.4732495Z [command]/usr/bin/git config --global --add safe.directory /home/runner/_work/ka0s/ka0s
job-core	Post Checkout code	2025-09-26T11:22:44.4772736Z [command]/usr/bin/git config --local --name-only --get-regexp core\.sshCommand
job-core	Post Checkout code	2025-09-26T11:22:44.4818511Z [command]/usr/bin/git submodule foreach --recursive sh -c "git config --local --name-only --get-regexp 'core\.sshCommand' && git config --local --unset-all 'core.sshCommand' || :"
job-core	Post Checkout code	2025-09-26T11:22:44.5076037Z [command]/usr/bin/git config --local --name-only --get-regexp http\.https\:\/\/github\.com\/\.extraheader
job-core	Post Checkout code	2025-09-26T11:22:44.5099650Z http.https://github.com/.extraheader
job-core	Post Checkout code	2025-09-26T11:22:44.5112037Z [command]/usr/bin/git config --local --unset-all http.https://github.com/.extraheader
job-core	Post Checkout code	2025-09-26T11:22:44.5148894Z [command]/usr/bin/git submodule foreach --recursive sh -c "git config --local --name-only --get-regexp 'http\.https\:\/\/github\.com\/\.extraheader' && git config --local --unset-all 'http.https://github.com/.extraheader' || :"
job-core	Complete job	﻿2025-09-26T11:22:44.5517170Z Cleaning up orphan processes
handle_failure	Set up job	﻿2025-09-26T11:23:01.7498098Z Current runner version: '2.328.0'
handle_failure	Set up job	2025-09-26T11:23:01.7506305Z Runner name: '6d3d7631fd33'
handle_failure	Set up job	2025-09-26T11:23:01.7507276Z Runner group name: 'swarm-runners'
handle_failure	Set up job	2025-09-26T11:23:01.7508250Z Machine name: '6d3d7631fd33'
handle_failure	Set up job	2025-09-26T11:23:01.7511860Z ##[group]GITHUB_TOKEN Permissions
handle_failure	Set up job	2025-09-26T11:23:01.7514815Z Actions: write
handle_failure	Set up job	2025-09-26T11:23:01.7515782Z Contents: read
handle_failure	Set up job	2025-09-26T11:23:01.7516343Z Issues: write
handle_failure	Set up job	2025-09-26T11:23:01.7516856Z Metadata: read
handle_failure	Set up job	2025-09-26T11:23:01.7517438Z ##[endgroup]
handle_failure	Set up job	2025-09-26T11:23:01.7519643Z Secret source: Actions
handle_failure	Set up job	2025-09-26T11:23:01.7520407Z Prepare workflow directory
handle_failure	Set up job	2025-09-26T11:23:01.8084055Z Prepare all required actions
handle_failure	Set up job	2025-09-26T11:23:01.8124644Z Getting action download info
handle_failure	Set up job	2025-09-26T11:23:02.4289444Z Download action repository 'actions/checkout@v4' (SHA:08eba0b27e820071cde6df949e0beb9ba4906955)
handle_failure	Set up job	2025-09-26T11:23:03.2386332Z Complete job name: handle_failure
handle_failure	Checkout code	﻿2025-09-26T11:23:03.2908863Z ##[group]Run actions/checkout@v4
handle_failure	Checkout code	2025-09-26T11:23:03.2909909Z with:
handle_failure	Checkout code	2025-09-26T11:23:03.2910335Z   fetch-depth: 0
handle_failure	Checkout code	2025-09-26T11:23:03.2910952Z   token: ***
handle_failure	Checkout code	2025-09-26T11:23:03.2911342Z   repository: Ka0s-Klaus/ka0s
handle_failure	Checkout code	2025-09-26T11:23:03.2911781Z   ssh-strict: true
handle_failure	Checkout code	2025-09-26T11:23:03.2912158Z   ssh-user: git
handle_failure	Checkout code	2025-09-26T11:23:03.2912551Z   persist-credentials: true
handle_failure	Checkout code	2025-09-26T11:23:03.2912974Z   clean: true
handle_failure	Checkout code	2025-09-26T11:23:03.2913365Z   sparse-checkout-cone-mode: true
handle_failure	Checkout code	2025-09-26T11:23:03.2913835Z   fetch-tags: false
handle_failure	Checkout code	2025-09-26T11:23:03.2914219Z   show-progress: true
handle_failure	Checkout code	2025-09-26T11:23:03.2914613Z   lfs: false
handle_failure	Checkout code	2025-09-26T11:23:03.2915037Z   submodules: false
handle_failure	Checkout code	2025-09-26T11:23:03.2915785Z   set-safe-directory: true
handle_failure	Checkout code	2025-09-26T11:23:03.2916462Z env:
handle_failure	Checkout code	2025-09-26T11:23:03.2917334Z   GITHUB_TOKEN: ***
handle_failure	Checkout code	2025-09-26T11:23:03.2917781Z   KAOS_MODULE: [Ka0s] Personalized Image Runners
handle_failure	Checkout code	2025-09-26T11:23:03.2938712Z   KAOS_CODE: 18036318281
handle_failure	Checkout code	2025-09-26T11:23:03.2939194Z   KAOS_PATH_SCAN: audit/scan/
handle_failure	Checkout code	2025-09-26T11:23:03.2939639Z ##[endgroup]
handle_failure	Checkout code	2025-09-26T11:23:03.4073955Z Syncing repository: Ka0s-Klaus/ka0s
handle_failure	Checkout code	2025-09-26T11:23:03.4076520Z ##[group]Getting Git version info
handle_failure	Checkout code	2025-09-26T11:23:03.4077210Z Working directory is '/home/runner/_work/ka0s/ka0s'
handle_failure	Checkout code	2025-09-26T11:23:03.4078267Z [command]/usr/bin/git version
handle_failure	Checkout code	2025-09-26T11:23:03.4078810Z git version 2.51.0
handle_failure	Checkout code	2025-09-26T11:23:03.4103953Z ##[endgroup]
handle_failure	Checkout code	2025-09-26T11:23:03.4115607Z Copying '/home/runner/.gitconfig' to '/home/runner/_work/_temp/7f5ec259-6c67-49b7-9382-8f8d3e3bef39/.gitconfig'
handle_failure	Checkout code	2025-09-26T11:23:03.4127550Z Temporarily overriding HOME='/home/runner/_work/_temp/7f5ec259-6c67-49b7-9382-8f8d3e3bef39' before making global git config changes
handle_failure	Checkout code	2025-09-26T11:23:03.4129206Z Adding repository directory to the temporary git global config as a safe directory
handle_failure	Checkout code	2025-09-26T11:23:03.4133574Z [command]/usr/bin/git config --global --add safe.directory /home/runner/_work/ka0s/ka0s
handle_failure	Checkout code	2025-09-26T11:23:03.4176388Z [command]/usr/bin/git config --local --get remote.origin.url
handle_failure	Checkout code	2025-09-26T11:23:03.4208958Z https://github.com/Ka0s-Klaus/ka0s
handle_failure	Checkout code	2025-09-26T11:23:03.4228019Z ##[group]Removing previously created refs, to avoid conflicts
handle_failure	Checkout code	2025-09-26T11:23:03.4233490Z [command]/usr/bin/git rev-parse --symbolic-full-name --verify --quiet HEAD
handle_failure	Checkout code	2025-09-26T11:23:03.4256932Z refs/heads/main
handle_failure	Checkout code	2025-09-26T11:23:03.4267718Z [command]/usr/bin/git checkout --detach
handle_failure	Checkout code	2025-09-26T11:23:03.4340329Z HEAD is now at 3f888b9f swarm-runners] Uploading files to MongoDB update repository ...
handle_failure	Checkout code	2025-09-26T11:23:03.4389877Z [command]/usr/bin/git branch --delete --force main
handle_failure	Checkout code	2025-09-26T11:23:03.4419914Z Deleted branch main (was 3f888b9f).
handle_failure	Checkout code	2025-09-26T11:23:03.4506020Z ##[endgroup]
handle_failure	Checkout code	2025-09-26T11:23:03.4509700Z [command]/usr/bin/git submodule status
handle_failure	Checkout code	2025-09-26T11:23:03.4761870Z ##[group]Cleaning the repository
handle_failure	Checkout code	2025-09-26T11:23:03.4765895Z [command]/usr/bin/git clean -ffdx
handle_failure	Checkout code	2025-09-26T11:23:03.4824965Z [command]/usr/bin/git reset --hard HEAD
handle_failure	Checkout code	2025-09-26T11:23:03.4906631Z HEAD is now at 3f888b9f swarm-runners] Uploading files to MongoDB update repository ...
handle_failure	Checkout code	2025-09-26T11:23:03.4911799Z ##[endgroup]
handle_failure	Checkout code	2025-09-26T11:23:03.4913131Z ##[group]Disabling automatic garbage collection
handle_failure	Checkout code	2025-09-26T11:23:03.4918947Z [command]/usr/bin/git config --local gc.auto 0
handle_failure	Checkout code	2025-09-26T11:23:03.4949634Z ##[endgroup]
handle_failure	Checkout code	2025-09-26T11:23:03.4950385Z ##[group]Setting up auth
handle_failure	Checkout code	2025-09-26T11:23:03.4956051Z [command]/usr/bin/git config --local --name-only --get-regexp core\.sshCommand
handle_failure	Checkout code	2025-09-26T11:23:03.4993012Z [command]/usr/bin/git submodule foreach --recursive sh -c "git config --local --name-only --get-regexp 'core\.sshCommand' && git config --local --unset-all 'core.sshCommand' || :"
handle_failure	Checkout code	2025-09-26T11:23:03.5246068Z [command]/usr/bin/git config --local --name-only --get-regexp http\.https\:\/\/github\.com\/\.extraheader
handle_failure	Checkout code	2025-09-26T11:23:03.5276399Z [command]/usr/bin/git submodule foreach --recursive sh -c "git config --local --name-only --get-regexp 'http\.https\:\/\/github\.com\/\.extraheader' && git config --local --unset-all 'http.https://github.com/.extraheader' || :"
handle_failure	Checkout code	2025-09-26T11:23:03.5531967Z [command]/usr/bin/git config --local http.https://github.com/.extraheader AUTHORIZATION: basic ***
handle_failure	Checkout code	2025-09-26T11:23:03.5573077Z ##[endgroup]
handle_failure	Checkout code	2025-09-26T11:23:03.5573926Z ##[group]Fetching the repository
handle_failure	Checkout code	2025-09-26T11:23:03.5581174Z [command]/usr/bin/git -c protocol.version=2 fetch --prune --no-recurse-submodules origin +refs/heads/*:refs/remotes/origin/* +refs/tags/*:refs/tags/*
handle_failure	Checkout code	2025-09-26T11:23:04.1103353Z From https://github.com/Ka0s-Klaus/ka0s
handle_failure	Checkout code	2025-09-26T11:23:04.1104198Z    3f888b9f..4b8439d6  main       -> origin/main
handle_failure	Checkout code	2025-09-26T11:23:04.1209857Z [command]/usr/bin/git branch --list --remote origin/main
handle_failure	Checkout code	2025-09-26T11:23:04.1267571Z   origin/main
handle_failure	Checkout code	2025-09-26T11:23:04.1275641Z [command]/usr/bin/git rev-parse refs/remotes/origin/main
handle_failure	Checkout code	2025-09-26T11:23:04.1299088Z 4b8439d6cfd1d9eee9523da6408e21108b6672f5
handle_failure	Checkout code	2025-09-26T11:23:04.1309519Z [command]/usr/bin/git -c protocol.version=2 fetch --no-tags --prune --no-recurse-submodules origin +3f888b9f59c7016c73a8127bf462a0f95cdb7555:refs/remotes/origin/main
handle_failure	Checkout code	2025-09-26T11:23:04.1475370Z From https://github.com/Ka0s-Klaus/ka0s
handle_failure	Checkout code	2025-09-26T11:23:04.1476896Z  + 4b8439d6...3f888b9f 3f888b9f59c7016c73a8127bf462a0f95cdb7555 -> origin/main  (forced update)
handle_failure	Checkout code	2025-09-26T11:23:04.1504286Z ##[endgroup]
handle_failure	Checkout code	2025-09-26T11:23:04.1505294Z ##[group]Determining the checkout info
handle_failure	Checkout code	2025-09-26T11:23:04.1506662Z ##[endgroup]
handle_failure	Checkout code	2025-09-26T11:23:04.1509567Z [command]/usr/bin/git sparse-checkout disable
handle_failure	Checkout code	2025-09-26T11:23:04.1564559Z [command]/usr/bin/git config --local --unset-all extensions.worktreeConfig
handle_failure	Checkout code	2025-09-26T11:23:04.1599468Z ##[group]Checking out the ref
handle_failure	Checkout code	2025-09-26T11:23:04.1600775Z [command]/usr/bin/git checkout --progress --force -B main refs/remotes/origin/main
handle_failure	Checkout code	2025-09-26T11:23:04.1683681Z Switched to a new branch 'main'
handle_failure	Checkout code	2025-09-26T11:23:04.1686514Z branch 'main' set up to track 'origin/main'.
handle_failure	Checkout code	2025-09-26T11:23:04.1697193Z ##[endgroup]
handle_failure	Checkout code	2025-09-26T11:23:04.1732077Z [command]/usr/bin/git log -1 --format=%H
handle_failure	Checkout code	2025-09-26T11:23:04.1759703Z 3f888b9f59c7016c73a8127bf462a0f95cdb7555
handle_failure	handle-failure-execution	﻿2025-09-26T11:23:04.2009637Z ##[group]Run echo "Error detected in process"
handle_failure	handle-failure-execution	2025-09-26T11:23:04.2011146Z [36;1mecho "Error detected in process"[0m
handle_failure	handle-failure-execution	2025-09-26T11:23:04.2012580Z [36;1m# RNNUMBER=$(echo "refs/heads/main" | grep -o '[0-9]*')[0m
handle_failure	handle-failure-execution	2025-09-26T11:23:04.2015767Z [36;1m# gh issue comment $RNNUMBER --body "El proceso no ha finalizado correctamente 18036318281. El resultado está en el fichero core/results/event_data18036318281.log"[0m
handle_failure	handle-failure-execution	2025-09-26T11:23:04.2018857Z [36;1m# Creamos la issue dado que ha fallado el modulo principal[0m
handle_failure	handle-failure-execution	2025-09-26T11:23:04.2022611Z [36;1mgh issue create  --title "[Ka0S] Error detected in [Ka0s] Personalized Image Runners" --body "Error detected in [Ka0s] Personalized Image Runners. Please check the logs for 18036318281 more information of error."[0m
handle_failure	handle-failure-execution	2025-09-26T11:23:04.2038816Z shell: /usr/bin/bash -e {0}
handle_failure	handle-failure-execution	2025-09-26T11:23:04.2039808Z env:
handle_failure	handle-failure-execution	2025-09-26T11:23:04.2042031Z   GITHUB_TOKEN: ***
handle_failure	handle-failure-execution	2025-09-26T11:23:04.2042978Z   KAOS_MODULE: [Ka0s] Personalized Image Runners
handle_failure	handle-failure-execution	2025-09-26T11:23:04.2044138Z   KAOS_CODE: 18036318281
handle_failure	handle-failure-execution	2025-09-26T11:23:04.2045083Z   KAOS_PATH_SCAN: audit/scan/
handle_failure	handle-failure-execution	2025-09-26T11:23:04.2046820Z   GH_TOKEN: ***
handle_failure	handle-failure-execution	2025-09-26T11:23:04.2047537Z ##[endgroup]
handle_failure	handle-failure-execution	2025-09-26T11:23:04.2178906Z Error detected in process
handle_failure	handle-failure-execution	2025-09-26T11:23:05.2943905Z https://github.com/Ka0s-Klaus/ka0s/issues/1620
handle_failure	Post Checkout code	﻿2025-09-26T11:23:05.3184357Z Post job cleanup.
handle_failure	Post Checkout code	2025-09-26T11:23:05.4180806Z [command]/usr/bin/git version
handle_failure	Post Checkout code	2025-09-26T11:23:05.4217803Z git version 2.51.0
handle_failure	Post Checkout code	2025-09-26T11:23:05.4259231Z Copying '/home/runner/.gitconfig' to '/home/runner/_work/_temp/7ac2f509-7280-4c33-b96d-a4256147a82e/.gitconfig'
handle_failure	Post Checkout code	2025-09-26T11:23:05.4271104Z Temporarily overriding HOME='/home/runner/_work/_temp/7ac2f509-7280-4c33-b96d-a4256147a82e' before making global git config changes
handle_failure	Post Checkout code	2025-09-26T11:23:05.4272489Z Adding repository directory to the temporary git global config as a safe directory
handle_failure	Post Checkout code	2025-09-26T11:23:05.4278148Z [command]/usr/bin/git config --global --add safe.directory /home/runner/_work/ka0s/ka0s
handle_failure	Post Checkout code	2025-09-26T11:23:05.4325890Z [command]/usr/bin/git config --local --name-only --get-regexp core\.sshCommand
handle_failure	Post Checkout code	2025-09-26T11:23:05.4364715Z [command]/usr/bin/git submodule foreach --recursive sh -c "git config --local --name-only --get-regexp 'core\.sshCommand' && git config --local --unset-all 'core.sshCommand' || :"
handle_failure	Post Checkout code	2025-09-26T11:23:05.4617902Z [command]/usr/bin/git config --local --name-only --get-regexp http\.https\:\/\/github\.com\/\.extraheader
handle_failure	Post Checkout code	2025-09-26T11:23:05.4642864Z http.https://github.com/.extraheader
handle_failure	Post Checkout code	2025-09-26T11:23:05.4656141Z [command]/usr/bin/git config --local --unset-all http.https://github.com/.extraheader
handle_failure	Post Checkout code	2025-09-26T11:23:05.4694850Z [command]/usr/bin/git submodule foreach --recursive sh -c "git config --local --name-only --get-regexp 'http\.https\:\/\/github\.com\/\.extraheader' && git config --local --unset-all 'http.https://github.com/.extraheader' || :"
handle_failure	Complete job	﻿2025-09-26T11:23:05.5064593Z Cleaning up orphan processes
end-workflow	Set up job	﻿2025-09-26T11:23:10.7484685Z Current runner version: '2.328.0'
end-workflow	Set up job	2025-09-26T11:23:10.7493649Z Runner name: '6d3d7631fd33'
end-workflow	Set up job	2025-09-26T11:23:10.7494429Z Runner group name: 'swarm-runners'
end-workflow	Set up job	2025-09-26T11:23:10.7495786Z Machine name: '6d3d7631fd33'
end-workflow	Set up job	2025-09-26T11:23:10.7499284Z ##[group]GITHUB_TOKEN Permissions
end-workflow	Set up job	2025-09-26T11:23:10.7502252Z Actions: write
end-workflow	Set up job	2025-09-26T11:23:10.7502840Z Contents: read
end-workflow	Set up job	2025-09-26T11:23:10.7503364Z Issues: write
end-workflow	Set up job	2025-09-26T11:23:10.7503946Z Metadata: read
end-workflow	Set up job	2025-09-26T11:23:10.7504484Z ##[endgroup]
end-workflow	Set up job	2025-09-26T11:23:10.7506980Z Secret source: Actions
end-workflow	Set up job	2025-09-26T11:23:10.7507762Z Prepare workflow directory
end-workflow	Set up job	2025-09-26T11:23:10.8099703Z Prepare all required actions
end-workflow	Set up job	2025-09-26T11:23:10.8143472Z Getting action download info
end-workflow	Set up job	2025-09-26T11:23:11.3739900Z Download action repository 'actions/checkout@v4' (SHA:08eba0b27e820071cde6df949e0beb9ba4906955)
end-workflow	Set up job	2025-09-26T11:23:12.2273839Z Complete job name: end-workflow
end-workflow	Checkout code	﻿2025-09-26T11:23:12.2846113Z ##[group]Run actions/checkout@v4
end-workflow	Checkout code	2025-09-26T11:23:12.2846988Z with:
end-workflow	Checkout code	2025-09-26T11:23:12.2847421Z   fetch-depth: 0
end-workflow	Checkout code	2025-09-26T11:23:12.2848066Z   token: ***
end-workflow	Checkout code	2025-09-26T11:23:12.2848468Z   repository: Ka0s-Klaus/ka0s
end-workflow	Checkout code	2025-09-26T11:23:12.2848920Z   ssh-strict: true
end-workflow	Checkout code	2025-09-26T11:23:12.2849311Z   ssh-user: git
end-workflow	Checkout code	2025-09-26T11:23:12.2849715Z   persist-credentials: true
end-workflow	Checkout code	2025-09-26T11:23:12.2850151Z   clean: true
end-workflow	Checkout code	2025-09-26T11:23:12.2850552Z   sparse-checkout-cone-mode: true
end-workflow	Checkout code	2025-09-26T11:23:12.2851033Z   fetch-tags: false
end-workflow	Checkout code	2025-09-26T11:23:12.2851436Z   show-progress: true
end-workflow	Checkout code	2025-09-26T11:23:12.2851835Z   lfs: false
end-workflow	Checkout code	2025-09-26T11:23:12.2852206Z   submodules: false
end-workflow	Checkout code	2025-09-26T11:23:12.2852612Z   set-safe-directory: true
end-workflow	Checkout code	2025-09-26T11:23:12.2853273Z env:
end-workflow	Checkout code	2025-09-26T11:23:12.2854145Z   GITHUB_TOKEN: ***
end-workflow	Checkout code	2025-09-26T11:23:12.2854606Z   KAOS_MODULE: [Ka0s] Personalized Image Runners
end-workflow	Checkout code	2025-09-26T11:23:12.2855211Z   KAOS_CODE: 18036318281
end-workflow	Checkout code	2025-09-26T11:23:12.2855941Z   KAOS_PATH_SCAN: audit/scan/
end-workflow	Checkout code	2025-09-26T11:23:12.2856506Z   GH_TOKEN: ***
end-workflow	Checkout code	2025-09-26T11:23:12.2856908Z ##[endgroup]
end-workflow	Checkout code	2025-09-26T11:23:12.3994303Z Syncing repository: Ka0s-Klaus/ka0s
end-workflow	Checkout code	2025-09-26T11:23:12.3996640Z ##[group]Getting Git version info
end-workflow	Checkout code	2025-09-26T11:23:12.3997429Z Working directory is '/home/runner/_work/ka0s/ka0s'
end-workflow	Checkout code	2025-09-26T11:23:12.3998327Z [command]/usr/bin/git version
end-workflow	Checkout code	2025-09-26T11:23:12.3998845Z git version 2.51.0
end-workflow	Checkout code	2025-09-26T11:23:12.4024014Z ##[endgroup]
end-workflow	Checkout code	2025-09-26T11:23:12.4034692Z Copying '/home/runner/.gitconfig' to '/home/runner/_work/_temp/aabb5fdf-c551-4d43-8603-bdd6fa871bf3/.gitconfig'
end-workflow	Checkout code	2025-09-26T11:23:12.4045456Z Temporarily overriding HOME='/home/runner/_work/_temp/aabb5fdf-c551-4d43-8603-bdd6fa871bf3' before making global git config changes
end-workflow	Checkout code	2025-09-26T11:23:12.4046865Z Adding repository directory to the temporary git global config as a safe directory
end-workflow	Checkout code	2025-09-26T11:23:12.4052035Z [command]/usr/bin/git config --global --add safe.directory /home/runner/_work/ka0s/ka0s
end-workflow	Checkout code	2025-09-26T11:23:12.4094593Z [command]/usr/bin/git config --local --get remote.origin.url
end-workflow	Checkout code	2025-09-26T11:23:12.4118294Z https://github.com/Ka0s-Klaus/ka0s
end-workflow	Checkout code	2025-09-26T11:23:12.4137455Z ##[group]Removing previously created refs, to avoid conflicts
end-workflow	Checkout code	2025-09-26T11:23:12.4142961Z [command]/usr/bin/git rev-parse --symbolic-full-name --verify --quiet HEAD
end-workflow	Checkout code	2025-09-26T11:23:12.4167747Z refs/heads/main
end-workflow	Checkout code	2025-09-26T11:23:12.4179708Z [command]/usr/bin/git checkout --detach
end-workflow	Checkout code	2025-09-26T11:23:12.4253552Z HEAD is now at 3f888b9f swarm-runners] Uploading files to MongoDB update repository ...
end-workflow	Checkout code	2025-09-26T11:23:12.4302857Z [command]/usr/bin/git branch --delete --force main
end-workflow	Checkout code	2025-09-26T11:23:12.4335227Z Deleted branch main (was 3f888b9f).
end-workflow	Checkout code	2025-09-26T11:23:12.4418953Z ##[endgroup]
end-workflow	Checkout code	2025-09-26T11:23:12.4421316Z [command]/usr/bin/git submodule status
end-workflow	Checkout code	2025-09-26T11:23:12.4671965Z ##[group]Cleaning the repository
end-workflow	Checkout code	2025-09-26T11:23:12.4677487Z [command]/usr/bin/git clean -ffdx
end-workflow	Checkout code	2025-09-26T11:23:12.4740467Z [command]/usr/bin/git reset --hard HEAD
end-workflow	Checkout code	2025-09-26T11:23:12.4821883Z HEAD is now at 3f888b9f swarm-runners] Uploading files to MongoDB update repository ...
end-workflow	Checkout code	2025-09-26T11:23:12.4826841Z ##[endgroup]
end-workflow	Checkout code	2025-09-26T11:23:12.4828608Z ##[group]Disabling automatic garbage collection
end-workflow	Checkout code	2025-09-26T11:23:12.4834353Z [command]/usr/bin/git config --local gc.auto 0
end-workflow	Checkout code	2025-09-26T11:23:12.4865889Z ##[endgroup]
end-workflow	Checkout code	2025-09-26T11:23:12.4866768Z ##[group]Setting up auth
end-workflow	Checkout code	2025-09-26T11:23:12.4883972Z [command]/usr/bin/git config --local --name-only --get-regexp core\.sshCommand
end-workflow	Checkout code	2025-09-26T11:23:12.4918884Z [command]/usr/bin/git submodule foreach --recursive sh -c "git config --local --name-only --get-regexp 'core\.sshCommand' && git config --local --unset-all 'core.sshCommand' || :"
end-workflow	Checkout code	2025-09-26T11:23:12.5172946Z [command]/usr/bin/git config --local --name-only --get-regexp http\.https\:\/\/github\.com\/\.extraheader
end-workflow	Checkout code	2025-09-26T11:23:12.5205227Z [command]/usr/bin/git submodule foreach --recursive sh -c "git config --local --name-only --get-regexp 'http\.https\:\/\/github\.com\/\.extraheader' && git config --local --unset-all 'http.https://github.com/.extraheader' || :"
end-workflow	Checkout code	2025-09-26T11:23:12.5459989Z [command]/usr/bin/git config --local http.https://github.com/.extraheader AUTHORIZATION: basic ***
end-workflow	Checkout code	2025-09-26T11:23:12.5503286Z ##[endgroup]
end-workflow	Checkout code	2025-09-26T11:23:12.5504162Z ##[group]Fetching the repository
end-workflow	Checkout code	2025-09-26T11:23:12.5511169Z [command]/usr/bin/git -c protocol.version=2 fetch --prune --no-recurse-submodules origin +refs/heads/*:refs/remotes/origin/* +refs/tags/*:refs/tags/*
end-workflow	Checkout code	2025-09-26T11:23:13.0885591Z From https://github.com/Ka0s-Klaus/ka0s
end-workflow	Checkout code	2025-09-26T11:23:13.0887409Z    3f888b9f..4b8439d6  main       -> origin/main
end-workflow	Checkout code	2025-09-26T11:23:13.1086125Z [command]/usr/bin/git branch --list --remote origin/main
end-workflow	Checkout code	2025-09-26T11:23:13.1195848Z   origin/main
end-workflow	Checkout code	2025-09-26T11:23:13.1212309Z [command]/usr/bin/git rev-parse refs/remotes/origin/main
end-workflow	Checkout code	2025-09-26T11:23:13.1258068Z 4b8439d6cfd1d9eee9523da6408e21108b6672f5
end-workflow	Checkout code	2025-09-26T11:23:13.1279845Z [command]/usr/bin/git -c protocol.version=2 fetch --no-tags --prune --no-recurse-submodules origin +3f888b9f59c7016c73a8127bf462a0f95cdb7555:refs/remotes/origin/main
end-workflow	Checkout code	2025-09-26T11:23:13.1596078Z From https://github.com/Ka0s-Klaus/ka0s
end-workflow	Checkout code	2025-09-26T11:23:13.1598710Z  + 4b8439d6...3f888b9f 3f888b9f59c7016c73a8127bf462a0f95cdb7555 -> origin/main  (forced update)
end-workflow	Checkout code	2025-09-26T11:23:13.1646211Z ##[endgroup]
end-workflow	Checkout code	2025-09-26T11:23:13.1648333Z ##[group]Determining the checkout info
end-workflow	Checkout code	2025-09-26T11:23:13.1650331Z ##[endgroup]
end-workflow	Checkout code	2025-09-26T11:23:13.1655039Z [command]/usr/bin/git sparse-checkout disable
end-workflow	Checkout code	2025-09-26T11:23:13.1752395Z [command]/usr/bin/git config --local --unset-all extensions.worktreeConfig
end-workflow	Checkout code	2025-09-26T11:23:13.1813691Z ##[group]Checking out the ref
end-workflow	Checkout code	2025-09-26T11:23:13.1821106Z [command]/usr/bin/git checkout --progress --force -B main refs/remotes/origin/main
end-workflow	Checkout code	2025-09-26T11:23:13.1966347Z Switched to a new branch 'main'
end-workflow	Checkout code	2025-09-26T11:23:13.1970432Z branch 'main' set up to track 'origin/main'.
end-workflow	Checkout code	2025-09-26T11:23:13.1980961Z ##[endgroup]
end-workflow	Checkout code	2025-09-26T11:23:13.2035933Z [command]/usr/bin/git log -1 --format=%H
end-workflow	Checkout code	2025-09-26T11:23:13.2070957Z 3f888b9f59c7016c73a8127bf462a0f95cdb7555
end-workflow	Finaliza el workflow	﻿2025-09-26T11:23:13.2326570Z ##[group]Run echo "End process"
end-workflow	Finaliza el workflow	2025-09-26T11:23:13.2327587Z [36;1mecho "End process"[0m
end-workflow	Finaliza el workflow	2025-09-26T11:23:13.2328610Z [36;1m# RNNUMBER=$(echo "refs/heads/main" | grep -o '[0-9]*')[0m
end-workflow	Finaliza el workflow	2025-09-26T11:23:13.2330114Z [36;1m# gh issue comment $RNNUMBER --body "Se finaliza Ka0s 18036318281"[0m
end-workflow	Finaliza el workflow	2025-09-26T11:23:13.2331453Z [36;1mecho "Se finaliza Ka0s 18036318281"[0m
end-workflow	Finaliza el workflow	2025-09-26T11:23:13.2332959Z [36;1mgh workflow run inspector.yml --ref 'main' -f kaos-workflow-id="18036318281"[0m
end-workflow	Finaliza el workflow	2025-09-26T11:23:13.2346276Z shell: /usr/bin/bash -e {0}
end-workflow	Finaliza el workflow	2025-09-26T11:23:13.2347090Z env:
end-workflow	Finaliza el workflow	2025-09-26T11:23:13.2349151Z   GITHUB_TOKEN: ***
end-workflow	Finaliza el workflow	2025-09-26T11:23:13.2349887Z   KAOS_MODULE: [Ka0s] Personalized Image Runners
end-workflow	Finaliza el workflow	2025-09-26T11:23:13.2350839Z   KAOS_CODE: 18036318281
end-workflow	Finaliza el workflow	2025-09-26T11:23:13.2351504Z   KAOS_PATH_SCAN: audit/scan/
end-workflow	Finaliza el workflow	2025-09-26T11:23:13.2352486Z   GH_TOKEN: ***
end-workflow	Finaliza el workflow	2025-09-26T11:23:13.2353020Z ##[endgroup]
end-workflow	Finaliza el workflow	2025-09-26T11:23:13.2415329Z End process
end-workflow	Finaliza el workflow	2025-09-26T11:23:13.2416054Z Se finaliza Ka0s 18036318281
end-workflow	Post Checkout code	﻿2025-09-26T11:23:13.9377497Z Post job cleanup.
end-workflow	Post Checkout code	2025-09-26T11:23:14.0382892Z [command]/usr/bin/git version
end-workflow	Post Checkout code	2025-09-26T11:23:14.0420533Z git version 2.51.0
end-workflow	Post Checkout code	2025-09-26T11:23:14.0459889Z Copying '/home/runner/.gitconfig' to '/home/runner/_work/_temp/4e9ba641-06b4-4ba0-b226-c8715fa1cffb/.gitconfig'
end-workflow	Post Checkout code	2025-09-26T11:23:14.0473241Z Temporarily overriding HOME='/home/runner/_work/_temp/4e9ba641-06b4-4ba0-b226-c8715fa1cffb' before making global git config changes
end-workflow	Post Checkout code	2025-09-26T11:23:14.0474865Z Adding repository directory to the temporary git global config as a safe directory
end-workflow	Post Checkout code	2025-09-26T11:23:14.0481703Z [command]/usr/bin/git config --global --add safe.directory /home/runner/_work/ka0s/ka0s
end-workflow	Post Checkout code	2025-09-26T11:23:14.0528936Z [command]/usr/bin/git config --local --name-only --get-regexp core\.sshCommand
end-workflow	Post Checkout code	2025-09-26T11:23:14.0572817Z [command]/usr/bin/git submodule foreach --recursive sh -c "git config --local --name-only --get-regexp 'core\.sshCommand' && git config --local --unset-all 'core.sshCommand' || :"
end-workflow	Post Checkout code	2025-09-26T11:23:14.0839294Z [command]/usr/bin/git config --local --name-only --get-regexp http\.https\:\/\/github\.com\/\.extraheader
end-workflow	Post Checkout code	2025-09-26T11:23:14.0864932Z http.https://github.com/.extraheader
end-workflow	Post Checkout code	2025-09-26T11:23:14.0879806Z [command]/usr/bin/git config --local --unset-all http.https://github.com/.extraheader
end-workflow	Post Checkout code	2025-09-26T11:23:14.0918481Z [command]/usr/bin/git submodule foreach --recursive sh -c "git config --local --name-only --get-regexp 'http\.https\:\/\/github\.com\/\.extraheader' && git config --local --unset-all 'http.https://github.com/.extraheader' || :"
end-workflow	Complete job	﻿2025-09-26T11:23:14.1335967Z Cleaning up orphan processes
