job-core	Set up job	﻿2025-10-03T01:50:08.8928919Z Current runner version: '2.328.0'
job-core	Set up job	2025-10-03T01:50:08.8937034Z Runner name: 'a00fb658a351'
job-core	Set up job	2025-10-03T01:50:08.8937937Z Runner group name: 'swarm-runners'
job-core	Set up job	2025-10-03T01:50:08.8939174Z Machine name: 'a00fb658a351'
job-core	Set up job	2025-10-03T01:50:08.8942829Z ##[group]GITHUB_TOKEN Permissions
job-core	Set up job	2025-10-03T01:50:08.8945745Z Actions: write
job-core	Set up job	2025-10-03T01:50:08.8946417Z Contents: write
job-core	Set up job	2025-10-03T01:50:08.8947335Z Issues: write
job-core	Set up job	2025-10-03T01:50:08.8947901Z Metadata: read
job-core	Set up job	2025-10-03T01:50:08.8948502Z ##[endgroup]
job-core	Set up job	2025-10-03T01:50:08.8950903Z Secret source: Actions
job-core	Set up job	2025-10-03T01:50:08.8951825Z Prepare workflow directory
job-core	Set up job	2025-10-03T01:50:08.9492248Z Prepare all required actions
job-core	Set up job	2025-10-03T01:50:08.9532069Z Getting action download info
job-core	Set up job	2025-10-03T01:50:09.5326118Z Download action repository 'actions/checkout@v4' (SHA:08eba0b27e820071cde6df949e0beb9ba4906955)
job-core	Set up job	2025-10-03T01:50:10.4603663Z Complete job name: job-core
job-core	Checkout repository	﻿2025-10-03T01:50:10.5160543Z ##[group]Run actions/checkout@v4
job-core	Checkout repository	2025-10-03T01:50:10.5161532Z with:
job-core	Checkout repository	2025-10-03T01:50:10.5162052Z   fetch-depth: 0
job-core	Checkout repository	2025-10-03T01:50:10.5162799Z   token: ***
job-core	Checkout repository	2025-10-03T01:50:10.5163267Z   repository: Ka0s-Klaus/ka0s
job-core	Checkout repository	2025-10-03T01:50:10.5163804Z   ssh-strict: true
job-core	Checkout repository	2025-10-03T01:50:10.5164258Z   ssh-user: git
job-core	Checkout repository	2025-10-03T01:50:10.5164722Z   persist-credentials: true
job-core	Checkout repository	2025-10-03T01:50:10.5165232Z   clean: true
job-core	Checkout repository	2025-10-03T01:50:10.5165702Z   sparse-checkout-cone-mode: true
job-core	Checkout repository	2025-10-03T01:50:10.5166271Z   fetch-tags: false
job-core	Checkout repository	2025-10-03T01:50:10.5166953Z   show-progress: true
job-core	Checkout repository	2025-10-03T01:50:10.5167441Z   lfs: false
job-core	Checkout repository	2025-10-03T01:50:10.5167994Z   submodules: false
job-core	Checkout repository	2025-10-03T01:50:10.5168497Z   set-safe-directory: true
job-core	Checkout repository	2025-10-03T01:50:10.5169249Z env:
job-core	Checkout repository	2025-10-03T01:50:10.5169754Z   KAOS_CODE: 18210529264
job-core	Checkout repository	2025-10-03T01:50:10.5170268Z   KAOS_EVENT_NAME: schedule
job-core	Checkout repository	2025-10-03T01:50:10.5170774Z   KAOS_ACTION: 
job-core	Checkout repository	2025-10-03T01:50:10.5171229Z   KAOS_REF: refs/heads/main
job-core	Checkout repository	2025-10-03T01:50:10.5171813Z   KAOS_MODULE: [Ka0S] Workflow Statistics Summary
job-core	Checkout repository	2025-10-03T01:50:10.5172505Z   KAOS_PATH_RESUME: audit/workflows/
job-core	Checkout repository	2025-10-03T01:50:10.5192622Z   KAOS_ACTOR: santakloud
job-core	Checkout repository	2025-10-03T01:50:10.5193241Z   GH_REPO: Ka0s-Klaus/ka0s
job-core	Checkout repository	2025-10-03T01:50:10.5193751Z ##[endgroup]
job-core	Checkout repository	2025-10-03T01:50:10.6336207Z Syncing repository: Ka0s-Klaus/ka0s
job-core	Checkout repository	2025-10-03T01:50:10.6338945Z ##[group]Getting Git version info
job-core	Checkout repository	2025-10-03T01:50:10.6339748Z Working directory is '/home/runner/_work/ka0s/ka0s'
job-core	Checkout repository	2025-10-03T01:50:10.6340927Z [command]/usr/bin/git version
job-core	Checkout repository	2025-10-03T01:50:10.6341573Z git version 2.51.0
job-core	Checkout repository	2025-10-03T01:50:10.6364987Z ##[endgroup]
job-core	Checkout repository	2025-10-03T01:50:10.6383662Z Temporarily overriding HOME='/home/runner/_work/_temp/c1697bb4-7a43-4eca-ae65-7eb77eede580' before making global git config changes
job-core	Checkout repository	2025-10-03T01:50:10.6385635Z Adding repository directory to the temporary git global config as a safe directory
job-core	Checkout repository	2025-10-03T01:50:10.6391129Z [command]/usr/bin/git config --global --add safe.directory /home/runner/_work/ka0s/ka0s
job-core	Checkout repository	2025-10-03T01:50:10.6433976Z Deleting the contents of '/home/runner/_work/ka0s/ka0s'
job-core	Checkout repository	2025-10-03T01:50:10.6439081Z ##[group]Initializing the repository
job-core	Checkout repository	2025-10-03T01:50:10.6452438Z [command]/usr/bin/git init /home/runner/_work/ka0s/ka0s
job-core	Checkout repository	2025-10-03T01:50:10.6499518Z hint: Using 'master' as the name for the initial branch. This default branch name
job-core	Checkout repository	2025-10-03T01:50:10.6501059Z hint: is subject to change. To configure the initial branch name to use in all
job-core	Checkout repository	2025-10-03T01:50:10.6502205Z hint: of your new repositories, which will suppress this warning, call:
job-core	Checkout repository	2025-10-03T01:50:10.6503072Z hint:
job-core	Checkout repository	2025-10-03T01:50:10.6503722Z hint: 	git config --global init.defaultBranch <name>
job-core	Checkout repository	2025-10-03T01:50:10.6504408Z hint:
job-core	Checkout repository	2025-10-03T01:50:10.6505074Z hint: Names commonly chosen instead of 'master' are 'main', 'trunk' and
job-core	Checkout repository	2025-10-03T01:50:10.6506135Z hint: 'development'. The just-created branch can be renamed via this command:
job-core	Checkout repository	2025-10-03T01:50:10.6507327Z hint:
job-core	Checkout repository	2025-10-03T01:50:10.6507812Z hint: 	git branch -m <name>
job-core	Checkout repository	2025-10-03T01:50:10.6508375Z hint:
job-core	Checkout repository	2025-10-03T01:50:10.6509551Z hint: Disable this message with "git config set advice.defaultBranchName false"
job-core	Checkout repository	2025-10-03T01:50:10.6511118Z Initialized empty Git repository in /home/runner/_work/ka0s/ka0s/.git/
job-core	Checkout repository	2025-10-03T01:50:10.6513427Z [command]/usr/bin/git remote add origin https://github.com/Ka0s-Klaus/ka0s
job-core	Checkout repository	2025-10-03T01:50:10.6549426Z ##[endgroup]
job-core	Checkout repository	2025-10-03T01:50:10.6550455Z ##[group]Disabling automatic garbage collection
job-core	Checkout repository	2025-10-03T01:50:10.6551896Z [command]/usr/bin/git config --local gc.auto 0
job-core	Checkout repository	2025-10-03T01:50:10.6586427Z ##[endgroup]
job-core	Checkout repository	2025-10-03T01:50:10.6587566Z ##[group]Setting up auth
job-core	Checkout repository	2025-10-03T01:50:10.6593770Z [command]/usr/bin/git config --local --name-only --get-regexp core\.sshCommand
job-core	Checkout repository	2025-10-03T01:50:10.6632069Z [command]/usr/bin/git submodule foreach --recursive sh -c "git config --local --name-only --get-regexp 'core\.sshCommand' && git config --local --unset-all 'core.sshCommand' || :"
job-core	Checkout repository	2025-10-03T01:50:10.6889962Z [command]/usr/bin/git config --local --name-only --get-regexp http\.https\:\/\/github\.com\/\.extraheader
job-core	Checkout repository	2025-10-03T01:50:10.6924947Z [command]/usr/bin/git submodule foreach --recursive sh -c "git config --local --name-only --get-regexp 'http\.https\:\/\/github\.com\/\.extraheader' && git config --local --unset-all 'http.https://github.com/.extraheader' || :"
job-core	Checkout repository	2025-10-03T01:50:10.7177018Z [command]/usr/bin/git config --local http.https://github.com/.extraheader AUTHORIZATION: basic ***
job-core	Checkout repository	2025-10-03T01:50:10.7220929Z ##[endgroup]
job-core	Checkout repository	2025-10-03T01:50:10.7221914Z ##[group]Fetching the repository
job-core	Checkout repository	2025-10-03T01:50:10.7229921Z [command]/usr/bin/git -c protocol.version=2 fetch --prune --no-recurse-submodules origin +refs/heads/*:refs/remotes/origin/* +refs/tags/*:refs/tags/*
job-core	Checkout repository	2025-10-03T01:50:19.7528171Z From https://github.com/Ka0s-Klaus/ka0s
job-core	Checkout repository	2025-10-03T01:50:19.7529795Z  * [new branch]        F1149-desarrollo-de-orchestrator -> origin/F1149-desarrollo-de-orchestrator
job-core	Checkout repository	2025-10-03T01:50:19.7530982Z  * [new branch]        F1183-personalización-módulo-finops -> origin/F1183-personalización-módulo-finops
job-core	Checkout repository	2025-10-03T01:50:19.7531843Z  * [new branch]        F1224-new-module-mongodb -> origin/F1224-new-module-mongodb
job-core	Checkout repository	2025-10-03T01:50:19.7532842Z  * [new branch]        F220-web-de-resultados  -> origin/F220-web-de-resultados
job-core	Checkout repository	2025-10-03T01:50:19.7533743Z  * [new branch]        F227-despliegue-de-kube-independiente-del-clouder -> origin/F227-despliegue-de-kube-independiente-del-clouder
job-core	Checkout repository	2025-10-03T01:50:19.7534767Z  * [new branch]        F329-documentacion-metodologia-de-kaos -> origin/F329-documentacion-metodologia-de-kaos
job-core	Checkout repository	2025-10-03T01:50:19.7535710Z  * [new branch]        F44-creación-módulo-versionado -> origin/F44-creación-módulo-versionado
job-core	Checkout repository	2025-10-03T01:50:19.7536521Z  * [new branch]        H1128-módulo-de-observabilidad -> origin/H1128-módulo-de-observabilidad
job-core	Checkout repository	2025-10-03T01:50:19.7537372Z  * [new branch]        H1139-como-instalar-arc-control -> origin/H1139-como-instalar-arc-control
job-core	Checkout repository	2025-10-03T01:50:19.7538142Z  * [new branch]        H1149-desarrollo-de-orchestrator -> origin/H1149-desarrollo-de-orchestrator
job-core	Checkout repository	2025-10-03T01:50:19.7538955Z  * [new branch]        H1150-desarrollo-de-secciones -> origin/H1150-desarrollo-de-secciones
job-core	Checkout repository	2025-10-03T01:50:19.7539745Z  * [new branch]        H1151-desarrollo-de-secciones-ii -> origin/H1151-desarrollo-de-secciones-ii
job-core	Checkout repository	2025-10-03T01:50:19.7540437Z  * [new branch]        H1152-desarrollo-inicio -> origin/H1152-desarrollo-inicio
job-core	Checkout repository	2025-10-03T01:50:19.7541285Z  * [new branch]        H1183-personalización-módulo-finops -> origin/H1183-personalización-módulo-finops
job-core	Checkout repository	2025-10-03T01:50:19.7542332Z  * [new branch]        H1193-ejemplo-web-documentacion -> origin/H1193-ejemplo-web-documentacion
job-core	Checkout repository	2025-10-03T01:50:19.7543004Z  * [new branch]        H1205-web-creation      -> origin/H1205-web-creation
job-core	Checkout repository	2025-10-03T01:50:19.7543595Z  * [new branch]        H1224-new-module-mongodb -> origin/H1224-new-module-mongodb
job-core	Checkout repository	2025-10-03T01:50:19.7544204Z  * [new branch]        H1410-modulo-execution  -> origin/H1410-modulo-execution
job-core	Checkout repository	2025-10-03T01:50:19.7545227Z  * [new branch]        H1514-new-swarm-deployment-stack-with-actions-runners-autoscale -> origin/H1514-new-swarm-deployment-stack-with-actions-runners-autoscale
job-core	Checkout repository	2025-10-03T01:50:19.7546856Z  * [new branch]        H215-modulo-de-summary  -> origin/H215-modulo-de-summary
job-core	Checkout repository	2025-10-03T01:50:19.7547454Z  * [new branch]        H220-web-de-resultados  -> origin/H220-web-de-resultados
job-core	Checkout repository	2025-10-03T01:50:19.7548313Z  * [new branch]        H227-despliegue-de-kube-independiente-del-clouder -> origin/H227-despliegue-de-kube-independiente-del-clouder
job-core	Checkout repository	2025-10-03T01:50:19.7549222Z  * [new branch]        H306-ficheros-de-estadisticas -> origin/H306-ficheros-de-estadisticas
job-core	Checkout repository	2025-10-03T01:50:19.7550096Z  * [new branch]        H328-documentacion-modulo-principal-de-kaos -> origin/H328-documentacion-modulo-principal-de-kaos
job-core	Checkout repository	2025-10-03T01:50:19.7551136Z  * [new branch]        H329-documentacion-metodologia-de-kaos -> origin/H329-documentacion-metodologia-de-kaos
job-core	Checkout repository	2025-10-03T01:50:19.7552031Z  * [new branch]        H338-relanzador-de-jobs-en-caso-de-pattern -> origin/H338-relanzador-de-jobs-en-caso-de-pattern
job-core	Checkout repository	2025-10-03T01:50:19.7553293Z  * [new branch]        H38-documentacion-basica-del-proyecto -> origin/H38-documentacion-basica-del-proyecto
job-core	Checkout repository	2025-10-03T01:50:19.7554251Z  * [new branch]        H44-creación-módulo-versionado -> origin/H44-creación-módulo-versionado
job-core	Checkout repository	2025-10-03T01:50:19.7555124Z  * [new branch]        RN1149-desarrollo-de-orchestrator -> origin/RN1149-desarrollo-de-orchestrator
job-core	Checkout repository	2025-10-03T01:50:19.7556135Z  * [new branch]        RN1183-personalización-módulo-finops -> origin/RN1183-personalización-módulo-finops
job-core	Checkout repository	2025-10-03T01:50:19.7557324Z  * [new branch]        RN1282-ka0s-error-detected-in-ka0s-workflow-statistics-summary -> origin/RN1282-ka0s-error-detected-in-ka0s-workflow-statistics-summary
job-core	Checkout repository	2025-10-03T01:50:19.7558321Z  * [new branch]        RN220-web-de-resultados -> origin/RN220-web-de-resultados
job-core	Checkout repository	2025-10-03T01:50:19.7559207Z  * [new branch]        RN227-despliegue-de-kube-independiente-del-clouder -> origin/RN227-despliegue-de-kube-independiente-del-clouder
job-core	Checkout repository	2025-10-03T01:50:19.7560264Z  * [new branch]        RN329-documentacion-metodologia-de-kaos -> origin/RN329-documentacion-metodologia-de-kaos
job-core	Checkout repository	2025-10-03T01:50:19.7560979Z  * [new branch]        main                    -> origin/main
job-core	Checkout repository	2025-10-03T01:50:19.7561423Z  * [new tag]           0.0.0                   -> 0.0.0
job-core	Checkout repository	2025-10-03T01:50:19.7561834Z  * [new tag]           0.0.1                   -> 0.0.1
job-core	Checkout repository	2025-10-03T01:50:19.7562250Z  * [new tag]           0.0.10                  -> 0.0.10
job-core	Checkout repository	2025-10-03T01:50:19.7562667Z  * [new tag]           0.0.100                 -> 0.0.100
job-core	Checkout repository	2025-10-03T01:50:19.7563088Z  * [new tag]           0.0.101                 -> 0.0.101
job-core	Checkout repository	2025-10-03T01:50:19.7563508Z  * [new tag]           0.0.102                 -> 0.0.102
job-core	Checkout repository	2025-10-03T01:50:19.7563918Z  * [new tag]           0.0.103                 -> 0.0.103
job-core	Checkout repository	2025-10-03T01:50:19.7564329Z  * [new tag]           0.0.104                 -> 0.0.104
job-core	Checkout repository	2025-10-03T01:50:19.7564745Z  * [new tag]           0.0.105                 -> 0.0.105
job-core	Checkout repository	2025-10-03T01:50:19.7565159Z  * [new tag]           0.0.106                 -> 0.0.106
job-core	Checkout repository	2025-10-03T01:50:19.7565588Z  * [new tag]           0.0.107                 -> 0.0.107
job-core	Checkout repository	2025-10-03T01:50:19.7566009Z  * [new tag]           0.0.108                 -> 0.0.108
job-core	Checkout repository	2025-10-03T01:50:19.7566419Z  * [new tag]           0.0.109                 -> 0.0.109
job-core	Checkout repository	2025-10-03T01:50:19.7567094Z  * [new tag]           0.0.11                  -> 0.0.11
job-core	Checkout repository	2025-10-03T01:50:19.7567511Z  * [new tag]           0.0.110                 -> 0.0.110
job-core	Checkout repository	2025-10-03T01:50:19.7567923Z  * [new tag]           0.0.111                 -> 0.0.111
job-core	Checkout repository	2025-10-03T01:50:19.7568334Z  * [new tag]           0.0.112                 -> 0.0.112
job-core	Checkout repository	2025-10-03T01:50:19.7568758Z  * [new tag]           0.0.113                 -> 0.0.113
job-core	Checkout repository	2025-10-03T01:50:19.7569183Z  * [new tag]           0.0.114                 -> 0.0.114
job-core	Checkout repository	2025-10-03T01:50:19.7569599Z  * [new tag]           0.0.115                 -> 0.0.115
job-core	Checkout repository	2025-10-03T01:50:19.7570023Z  * [new tag]           0.0.116                 -> 0.0.116
job-core	Checkout repository	2025-10-03T01:50:19.7570474Z  * [new tag]           0.0.117                 -> 0.0.117
job-core	Checkout repository	2025-10-03T01:50:19.7571086Z  * [new tag]           0.0.118                 -> 0.0.118
job-core	Checkout repository	2025-10-03T01:50:19.7571511Z  * [new tag]           0.0.119                 -> 0.0.119
job-core	Checkout repository	2025-10-03T01:50:19.7571933Z  * [new tag]           0.0.12                  -> 0.0.12
job-core	Checkout repository	2025-10-03T01:50:19.7572353Z  * [new tag]           0.0.120                 -> 0.0.120
job-core	Checkout repository	2025-10-03T01:50:19.7572772Z  * [new tag]           0.0.121                 -> 0.0.121
job-core	Checkout repository	2025-10-03T01:50:19.7573200Z  * [new tag]           0.0.122                 -> 0.0.122
job-core	Checkout repository	2025-10-03T01:50:19.7573624Z  * [new tag]           0.0.123                 -> 0.0.123
job-core	Checkout repository	2025-10-03T01:50:19.7574065Z  * [new tag]           0.0.124                 -> 0.0.124
job-core	Checkout repository	2025-10-03T01:50:19.7574553Z  * [new tag]           0.0.125                 -> 0.0.125
job-core	Checkout repository	2025-10-03T01:50:19.7574974Z  * [new tag]           0.0.126                 -> 0.0.126
job-core	Checkout repository	2025-10-03T01:50:19.7575400Z  * [new tag]           0.0.127                 -> 0.0.127
job-core	Checkout repository	2025-10-03T01:50:19.7576020Z  * [new tag]           0.0.128                 -> 0.0.128
job-core	Checkout repository	2025-10-03T01:50:19.7576454Z  * [new tag]           0.0.129                 -> 0.0.129
job-core	Checkout repository	2025-10-03T01:50:19.7576943Z  * [new tag]           0.0.13                  -> 0.0.13
job-core	Checkout repository	2025-10-03T01:50:19.7577374Z  * [new tag]           0.0.130                 -> 0.0.130
job-core	Checkout repository	2025-10-03T01:50:19.7577801Z  * [new tag]           0.0.131                 -> 0.0.131
job-core	Checkout repository	2025-10-03T01:50:19.7578229Z  * [new tag]           0.0.132                 -> 0.0.132
job-core	Checkout repository	2025-10-03T01:50:19.7578657Z  * [new tag]           0.0.133                 -> 0.0.133
job-core	Checkout repository	2025-10-03T01:50:19.7579085Z  * [new tag]           0.0.134                 -> 0.0.134
job-core	Checkout repository	2025-10-03T01:50:19.7579510Z  * [new tag]           0.0.135                 -> 0.0.135
job-core	Checkout repository	2025-10-03T01:50:19.7579939Z  * [new tag]           0.0.136                 -> 0.0.136
job-core	Checkout repository	2025-10-03T01:50:19.7580369Z  * [new tag]           0.0.137                 -> 0.0.137
job-core	Checkout repository	2025-10-03T01:50:19.7580804Z  * [new tag]           0.0.138                 -> 0.0.138
job-core	Checkout repository	2025-10-03T01:50:19.7581238Z  * [new tag]           0.0.139                 -> 0.0.139
job-core	Checkout repository	2025-10-03T01:50:19.7581796Z  * [new tag]           0.0.14                  -> 0.0.14
job-core	Checkout repository	2025-10-03T01:50:19.7582225Z  * [new tag]           0.0.140                 -> 0.0.140
job-core	Checkout repository	2025-10-03T01:50:19.7582659Z  * [new tag]           0.0.141                 -> 0.0.141
job-core	Checkout repository	2025-10-03T01:50:19.7583086Z  * [new tag]           0.0.142                 -> 0.0.142
job-core	Checkout repository	2025-10-03T01:50:19.7583516Z  * [new tag]           0.0.143                 -> 0.0.143
job-core	Checkout repository	2025-10-03T01:50:19.7583939Z  * [new tag]           0.0.144                 -> 0.0.144
job-core	Checkout repository	2025-10-03T01:50:19.7584367Z  * [new tag]           0.0.145                 -> 0.0.145
job-core	Checkout repository	2025-10-03T01:50:19.7584928Z  * [new tag]           0.0.146                 -> 0.0.146
job-core	Checkout repository	2025-10-03T01:50:19.7585351Z  * [new tag]           0.0.147                 -> 0.0.147
job-core	Checkout repository	2025-10-03T01:50:19.7585766Z  * [new tag]           0.0.148                 -> 0.0.148
job-core	Checkout repository	2025-10-03T01:50:19.7586187Z  * [new tag]           0.0.149                 -> 0.0.149
job-core	Checkout repository	2025-10-03T01:50:19.7586788Z  * [new tag]           0.0.15                  -> 0.0.15
job-core	Checkout repository	2025-10-03T01:50:19.7587233Z  * [new tag]           0.0.150                 -> 0.0.150
job-core	Checkout repository	2025-10-03T01:50:19.7587785Z  * [new tag]           0.0.151                 -> 0.0.151
job-core	Checkout repository	2025-10-03T01:50:19.7588205Z  * [new tag]           0.0.152                 -> 0.0.152
job-core	Checkout repository	2025-10-03T01:50:19.7588623Z  * [new tag]           0.0.153                 -> 0.0.153
job-core	Checkout repository	2025-10-03T01:50:19.7589041Z  * [new tag]           0.0.154                 -> 0.0.154
job-core	Checkout repository	2025-10-03T01:50:19.7589455Z  * [new tag]           0.0.155                 -> 0.0.155
job-core	Checkout repository	2025-10-03T01:50:19.7589862Z  * [new tag]           0.0.156                 -> 0.0.156
job-core	Checkout repository	2025-10-03T01:50:19.7590276Z  * [new tag]           0.0.157                 -> 0.0.157
job-core	Checkout repository	2025-10-03T01:50:19.7590690Z  * [new tag]           0.0.158                 -> 0.0.158
job-core	Checkout repository	2025-10-03T01:50:19.7591106Z  * [new tag]           0.0.159                 -> 0.0.159
job-core	Checkout repository	2025-10-03T01:50:19.7591531Z  * [new tag]           0.0.16                  -> 0.0.16
job-core	Checkout repository	2025-10-03T01:50:19.7591945Z  * [new tag]           0.0.160                 -> 0.0.160
job-core	Checkout repository	2025-10-03T01:50:19.7592526Z  * [new tag]           0.0.161                 -> 0.0.161
job-core	Checkout repository	2025-10-03T01:50:19.7592944Z  * [new tag]           0.0.162                 -> 0.0.162
job-core	Checkout repository	2025-10-03T01:50:19.7593357Z  * [new tag]           0.0.163                 -> 0.0.163
job-core	Checkout repository	2025-10-03T01:50:19.7593771Z  * [new tag]           0.0.164                 -> 0.0.164
job-core	Checkout repository	2025-10-03T01:50:19.7594185Z  * [new tag]           0.0.165                 -> 0.0.165
job-core	Checkout repository	2025-10-03T01:50:19.7594600Z  * [new tag]           0.0.166                 -> 0.0.166
job-core	Checkout repository	2025-10-03T01:50:19.7595015Z  * [new tag]           0.0.167                 -> 0.0.167
job-core	Checkout repository	2025-10-03T01:50:19.7595429Z  * [new tag]           0.0.168                 -> 0.0.168
job-core	Checkout repository	2025-10-03T01:50:19.7595837Z  * [new tag]           0.0.169                 -> 0.0.169
job-core	Checkout repository	2025-10-03T01:50:19.7596251Z  * [new tag]           0.0.17                  -> 0.0.17
job-core	Checkout repository	2025-10-03T01:50:19.7597101Z  * [new tag]           0.0.170                 -> 0.0.170
job-core	Checkout repository	2025-10-03T01:50:19.7597647Z  * [new tag]           0.0.171                 -> 0.0.171
job-core	Checkout repository	2025-10-03T01:50:19.7598056Z  * [new tag]           0.0.172                 -> 0.0.172
job-core	Checkout repository	2025-10-03T01:50:19.7598461Z  * [new tag]           0.0.173                 -> 0.0.173
job-core	Checkout repository	2025-10-03T01:50:19.7598858Z  * [new tag]           0.0.174                 -> 0.0.174
job-core	Checkout repository	2025-10-03T01:50:19.7599261Z  * [new tag]           0.0.175                 -> 0.0.175
job-core	Checkout repository	2025-10-03T01:50:19.7599664Z  * [new tag]           0.0.176                 -> 0.0.176
job-core	Checkout repository	2025-10-03T01:50:19.7600068Z  * [new tag]           0.0.177                 -> 0.0.177
job-core	Checkout repository	2025-10-03T01:50:19.7600471Z  * [new tag]           0.0.178                 -> 0.0.178
job-core	Checkout repository	2025-10-03T01:50:19.7600873Z  * [new tag]           0.0.179                 -> 0.0.179
job-core	Checkout repository	2025-10-03T01:50:19.7601277Z  * [new tag]           0.0.18                  -> 0.0.18
job-core	Checkout repository	2025-10-03T01:50:19.7666037Z  * [new tag]           0.0.19                  -> 0.0.19
job-core	Checkout repository	2025-10-03T01:50:19.7667359Z  * [new tag]           0.0.2                   -> 0.0.2
job-core	Checkout repository	2025-10-03T01:50:19.7667832Z  * [new tag]           0.0.20                  -> 0.0.20
job-core	Checkout repository	2025-10-03T01:50:19.7668238Z  * [new tag]           0.0.21                  -> 0.0.21
job-core	Checkout repository	2025-10-03T01:50:19.7668761Z  * [new tag]           0.0.22                  -> 0.0.22
job-core	Checkout repository	2025-10-03T01:50:19.7669155Z  * [new tag]           0.0.23                  -> 0.0.23
job-core	Checkout repository	2025-10-03T01:50:19.7669543Z  * [new tag]           0.0.24                  -> 0.0.24
job-core	Checkout repository	2025-10-03T01:50:19.7669935Z  * [new tag]           0.0.25                  -> 0.0.25
job-core	Checkout repository	2025-10-03T01:50:19.7670326Z  * [new tag]           0.0.26                  -> 0.0.26
job-core	Checkout repository	2025-10-03T01:50:19.7670713Z  * [new tag]           0.0.27                  -> 0.0.27
job-core	Checkout repository	2025-10-03T01:50:19.7671100Z  * [new tag]           0.0.28                  -> 0.0.28
job-core	Checkout repository	2025-10-03T01:50:19.7671489Z  * [new tag]           0.0.29                  -> 0.0.29
job-core	Checkout repository	2025-10-03T01:50:19.7671877Z  * [new tag]           0.0.3                   -> 0.0.3
job-core	Checkout repository	2025-10-03T01:50:19.7672269Z  * [new tag]           0.0.30                  -> 0.0.30
job-core	Checkout repository	2025-10-03T01:50:19.7672667Z  * [new tag]           0.0.31                  -> 0.0.31
job-core	Checkout repository	2025-10-03T01:50:19.7673052Z  * [new tag]           0.0.32                  -> 0.0.32
job-core	Checkout repository	2025-10-03T01:50:19.7673437Z  * [new tag]           0.0.33                  -> 0.0.33
job-core	Checkout repository	2025-10-03T01:50:19.7673826Z  * [new tag]           0.0.34                  -> 0.0.34
job-core	Checkout repository	2025-10-03T01:50:19.7674212Z  * [new tag]           0.0.35                  -> 0.0.35
job-core	Checkout repository	2025-10-03T01:50:19.7674596Z  * [new tag]           0.0.36                  -> 0.0.36
job-core	Checkout repository	2025-10-03T01:50:19.7674984Z  * [new tag]           0.0.37                  -> 0.0.37
job-core	Checkout repository	2025-10-03T01:50:19.7675371Z  * [new tag]           0.0.38                  -> 0.0.38
job-core	Checkout repository	2025-10-03T01:50:19.7675761Z  * [new tag]           0.0.39                  -> 0.0.39
job-core	Checkout repository	2025-10-03T01:50:19.7676145Z  * [new tag]           0.0.4                   -> 0.0.4
job-core	Checkout repository	2025-10-03T01:50:19.7676574Z  * [new tag]           0.0.40                  -> 0.0.40
job-core	Checkout repository	2025-10-03T01:50:19.7677132Z  * [new tag]           0.0.41                  -> 0.0.41
job-core	Checkout repository	2025-10-03T01:50:19.7677876Z  * [new tag]           0.0.42                  -> 0.0.42
job-core	Checkout repository	2025-10-03T01:50:19.7678268Z  * [new tag]           0.0.43                  -> 0.0.43
job-core	Checkout repository	2025-10-03T01:50:19.7678660Z  * [new tag]           0.0.44                  -> 0.0.44
job-core	Checkout repository	2025-10-03T01:50:19.7679049Z  * [new tag]           0.0.45                  -> 0.0.45
job-core	Checkout repository	2025-10-03T01:50:19.7679434Z  * [new tag]           0.0.46                  -> 0.0.46
job-core	Checkout repository	2025-10-03T01:50:19.7679821Z  * [new tag]           0.0.47                  -> 0.0.47
job-core	Checkout repository	2025-10-03T01:50:19.7680209Z  * [new tag]           0.0.48                  -> 0.0.48
job-core	Checkout repository	2025-10-03T01:50:19.7680597Z  * [new tag]           0.0.49                  -> 0.0.49
job-core	Checkout repository	2025-10-03T01:50:19.7680984Z  * [new tag]           0.0.5                   -> 0.0.5
job-core	Checkout repository	2025-10-03T01:50:19.7681373Z  * [new tag]           0.0.50                  -> 0.0.50
job-core	Checkout repository	2025-10-03T01:50:19.7681757Z  * [new tag]           0.0.51                  -> 0.0.51
job-core	Checkout repository	2025-10-03T01:50:19.7682294Z  * [new tag]           0.0.52                  -> 0.0.52
job-core	Checkout repository	2025-10-03T01:50:19.7682690Z  * [new tag]           0.0.53                  -> 0.0.53
job-core	Checkout repository	2025-10-03T01:50:19.7683085Z  * [new tag]           0.0.54                  -> 0.0.54
job-core	Checkout repository	2025-10-03T01:50:19.7683473Z  * [new tag]           0.0.55                  -> 0.0.55
job-core	Checkout repository	2025-10-03T01:50:19.7683865Z  * [new tag]           0.0.56                  -> 0.0.56
job-core	Checkout repository	2025-10-03T01:50:19.7684260Z  * [new tag]           0.0.57                  -> 0.0.57
job-core	Checkout repository	2025-10-03T01:50:19.7684641Z  * [new tag]           0.0.58                  -> 0.0.58
job-core	Checkout repository	2025-10-03T01:50:19.7685031Z  * [new tag]           0.0.59                  -> 0.0.59
job-core	Checkout repository	2025-10-03T01:50:19.7685417Z  * [new tag]           0.0.6                   -> 0.0.6
job-core	Checkout repository	2025-10-03T01:50:19.7685804Z  * [new tag]           0.0.60                  -> 0.0.60
job-core	Checkout repository	2025-10-03T01:50:19.7686196Z  * [new tag]           0.0.61                  -> 0.0.61
job-core	Checkout repository	2025-10-03T01:50:19.7686627Z  * [new tag]           0.0.62                  -> 0.0.62
job-core	Checkout repository	2025-10-03T01:50:19.7687292Z  * [new tag]           0.0.63                  -> 0.0.63
job-core	Checkout repository	2025-10-03T01:50:19.7687686Z  * [new tag]           0.0.64                  -> 0.0.64
job-core	Checkout repository	2025-10-03T01:50:19.7688078Z  * [new tag]           0.0.65                  -> 0.0.65
job-core	Checkout repository	2025-10-03T01:50:19.7688470Z  * [new tag]           0.0.66                  -> 0.0.66
job-core	Checkout repository	2025-10-03T01:50:19.7688865Z  * [new tag]           0.0.67                  -> 0.0.67
job-core	Checkout repository	2025-10-03T01:50:19.7689260Z  * [new tag]           0.0.68                  -> 0.0.68
job-core	Checkout repository	2025-10-03T01:50:19.7689650Z  * [new tag]           0.0.69                  -> 0.0.69
job-core	Checkout repository	2025-10-03T01:50:19.7690035Z  * [new tag]           0.0.7                   -> 0.0.7
job-core	Checkout repository	2025-10-03T01:50:19.7690426Z  * [new tag]           0.0.70                  -> 0.0.70
job-core	Checkout repository	2025-10-03T01:50:19.7690817Z  * [new tag]           0.0.71                  -> 0.0.71
job-core	Checkout repository	2025-10-03T01:50:19.7691205Z  * [new tag]           0.0.72                  -> 0.0.72
job-core	Checkout repository	2025-10-03T01:50:19.7691596Z  * [new tag]           0.0.73                  -> 0.0.73
job-core	Checkout repository	2025-10-03T01:50:19.7692000Z  * [new tag]           0.0.74                  -> 0.0.74
job-core	Checkout repository	2025-10-03T01:50:19.7692397Z  * [new tag]           0.0.75                  -> 0.0.75
job-core	Checkout repository	2025-10-03T01:50:19.7692782Z  * [new tag]           0.0.76                  -> 0.0.76
job-core	Checkout repository	2025-10-03T01:50:19.7693174Z  * [new tag]           0.0.77                  -> 0.0.77
job-core	Checkout repository	2025-10-03T01:50:19.7693564Z  * [new tag]           0.0.78                  -> 0.0.78
job-core	Checkout repository	2025-10-03T01:50:19.7693983Z  * [new tag]           0.0.79                  -> 0.0.79
job-core	Checkout repository	2025-10-03T01:50:19.7694376Z  * [new tag]           0.0.8                   -> 0.0.8
job-core	Checkout repository	2025-10-03T01:50:19.7694765Z  * [new tag]           0.0.80                  -> 0.0.80
job-core	Checkout repository	2025-10-03T01:50:19.7695154Z  * [new tag]           0.0.81                  -> 0.0.81
job-core	Checkout repository	2025-10-03T01:50:19.7695547Z  * [new tag]           0.0.82                  -> 0.0.82
job-core	Checkout repository	2025-10-03T01:50:19.7695938Z  * [new tag]           0.0.83                  -> 0.0.83
job-core	Checkout repository	2025-10-03T01:50:19.7696331Z  * [new tag]           0.0.84                  -> 0.0.84
job-core	Checkout repository	2025-10-03T01:50:19.7696940Z  * [new tag]           0.0.85                  -> 0.0.85
job-core	Checkout repository	2025-10-03T01:50:19.7697723Z  * [new tag]           0.0.86                  -> 0.0.86
job-core	Checkout repository	2025-10-03T01:50:19.7698257Z  * [new tag]           0.0.87                  -> 0.0.87
job-core	Checkout repository	2025-10-03T01:50:19.7698776Z  * [new tag]           0.0.88                  -> 0.0.88
job-core	Checkout repository	2025-10-03T01:50:19.7699170Z  * [new tag]           0.0.89                  -> 0.0.89
job-core	Checkout repository	2025-10-03T01:50:19.7699563Z  * [new tag]           0.0.9                   -> 0.0.9
job-core	Checkout repository	2025-10-03T01:50:19.7699947Z  * [new tag]           0.0.90                  -> 0.0.90
job-core	Checkout repository	2025-10-03T01:50:19.7700338Z  * [new tag]           0.0.91                  -> 0.0.91
job-core	Checkout repository	2025-10-03T01:50:19.7700728Z  * [new tag]           0.0.92                  -> 0.0.92
job-core	Checkout repository	2025-10-03T01:50:19.7701119Z  * [new tag]           0.0.93                  -> 0.0.93
job-core	Checkout repository	2025-10-03T01:50:19.7701513Z  * [new tag]           0.0.94                  -> 0.0.94
job-core	Checkout repository	2025-10-03T01:50:19.7702033Z  * [new tag]           0.0.95                  -> 0.0.95
job-core	Checkout repository	2025-10-03T01:50:19.7702426Z  * [new tag]           0.0.96                  -> 0.0.96
job-core	Checkout repository	2025-10-03T01:50:19.7702823Z  * [new tag]           0.0.97                  -> 0.0.97
job-core	Checkout repository	2025-10-03T01:50:19.7703215Z  * [new tag]           0.0.98                  -> 0.0.98
job-core	Checkout repository	2025-10-03T01:50:19.7703605Z  * [new tag]           0.0.99                  -> 0.0.99
job-core	Checkout repository	2025-10-03T01:50:19.7703993Z  * [new tag]           0.1.0                   -> 0.1.0
job-core	Checkout repository	2025-10-03T01:50:19.7704380Z  * [new tag]           0.1.1                   -> 0.1.1
job-core	Checkout repository	2025-10-03T01:50:19.7704765Z  * [new tag]           0.2.0                   -> 0.2.0
job-core	Checkout repository	2025-10-03T01:50:19.7705143Z  * [new tag]           0.3.0                   -> 0.3.0
job-core	Checkout repository	2025-10-03T01:50:19.7705526Z  * [new tag]           0.3.1                   -> 0.3.1
job-core	Checkout repository	2025-10-03T01:50:19.7705915Z  * [new tag]           0.3.10                  -> 0.3.10
job-core	Checkout repository	2025-10-03T01:50:19.7706305Z  * [new tag]           0.3.11                  -> 0.3.11
job-core	Checkout repository	2025-10-03T01:50:19.7707054Z  * [new tag]           0.3.12                  -> 0.3.12
job-core	Checkout repository	2025-10-03T01:50:19.7707578Z  * [new tag]           0.3.13                  -> 0.3.13
job-core	Checkout repository	2025-10-03T01:50:19.7708108Z  * [new tag]           0.3.14                  -> 0.3.14
job-core	Checkout repository	2025-10-03T01:50:19.7708492Z  * [new tag]           0.3.15                  -> 0.3.15
job-core	Checkout repository	2025-10-03T01:50:19.7708880Z  * [new tag]           0.3.16                  -> 0.3.16
job-core	Checkout repository	2025-10-03T01:50:19.7709269Z  * [new tag]           0.3.17                  -> 0.3.17
job-core	Checkout repository	2025-10-03T01:50:19.7709659Z  * [new tag]           0.3.2                   -> 0.3.2
job-core	Checkout repository	2025-10-03T01:50:19.7710046Z  * [new tag]           0.3.3                   -> 0.3.3
job-core	Checkout repository	2025-10-03T01:50:19.7710430Z  * [new tag]           0.3.4                   -> 0.3.4
job-core	Checkout repository	2025-10-03T01:50:19.7710818Z  * [new tag]           0.3.5                   -> 0.3.5
job-core	Checkout repository	2025-10-03T01:50:19.7711332Z  * [new tag]           0.3.6                   -> 0.3.6
job-core	Checkout repository	2025-10-03T01:50:19.7711716Z  * [new tag]           0.3.7                   -> 0.3.7
job-core	Checkout repository	2025-10-03T01:50:19.7712111Z  * [new tag]           0.3.8                   -> 0.3.8
job-core	Checkout repository	2025-10-03T01:50:19.7712497Z  * [new tag]           0.3.9                   -> 0.3.9
job-core	Checkout repository	2025-10-03T01:50:19.7712885Z  * [new tag]           0.4.0                   -> 0.4.0
job-core	Checkout repository	2025-10-03T01:50:19.7713270Z  * [new tag]           0.4.1                   -> 0.4.1
job-core	Checkout repository	2025-10-03T01:50:19.7713797Z  * [new tag]           0.4.2                   -> 0.4.2
job-core	Checkout repository	2025-10-03T01:50:19.7714307Z  * [new tag]           0.4.3                   -> 0.4.3
job-core	Checkout repository	2025-10-03T01:50:19.7714694Z  * [new tag]           0.4.4                   -> 0.4.4
job-core	Checkout repository	2025-10-03T01:50:19.7715079Z  * [new tag]           0.4.5                   -> 0.4.5
job-core	Checkout repository	2025-10-03T01:50:19.7715460Z  * [new tag]           0.4.6                   -> 0.4.6
job-core	Checkout repository	2025-10-03T01:50:19.7882548Z [command]/usr/bin/git branch --list --remote origin/main
job-core	Checkout repository	2025-10-03T01:50:19.7944818Z   origin/main
job-core	Checkout repository	2025-10-03T01:50:19.7955555Z [command]/usr/bin/git rev-parse refs/remotes/origin/main
job-core	Checkout repository	2025-10-03T01:50:19.7979770Z 1244b332f0d556fb8c7318a9bb50d729248c5a82
job-core	Checkout repository	2025-10-03T01:50:19.7985965Z ##[endgroup]
job-core	Checkout repository	2025-10-03T01:50:19.7986520Z ##[group]Determining the checkout info
job-core	Checkout repository	2025-10-03T01:50:19.7987527Z ##[endgroup]
job-core	Checkout repository	2025-10-03T01:50:19.7992672Z [command]/usr/bin/git sparse-checkout disable
job-core	Checkout repository	2025-10-03T01:50:19.8047192Z [command]/usr/bin/git config --local --unset-all extensions.worktreeConfig
job-core	Checkout repository	2025-10-03T01:50:19.8079393Z ##[group]Checking out the ref
job-core	Checkout repository	2025-10-03T01:50:19.8084453Z [command]/usr/bin/git checkout --progress --force -B main refs/remotes/origin/main
job-core	Checkout repository	2025-10-03T01:50:20.5707835Z Switched to a new branch 'main'
job-core	Checkout repository	2025-10-03T01:50:20.5717279Z branch 'main' set up to track 'origin/main'.
job-core	Checkout repository	2025-10-03T01:50:20.5881540Z ##[endgroup]
job-core	Checkout repository	2025-10-03T01:50:20.5935374Z [command]/usr/bin/git log -1 --format=%H
job-core	Checkout repository	2025-10-03T01:50:20.5964167Z 1244b332f0d556fb8c7318a9bb50d729248c5a82
job-core	Commit and push changes	﻿2025-10-03T01:50:20.6172738Z ##[group]Run git config --global user.name "***"
job-core	Commit and push changes	2025-10-03T01:50:20.6173250Z [36;1mgit config --global user.name "***"[0m
job-core	Commit and push changes	2025-10-03T01:50:20.6173643Z [36;1mgit config --global user.email "***"[0m
job-core	Commit and push changes	2025-10-03T01:50:20.6173946Z [36;1mgit pull --rebase[0m
job-core	Commit and push changes	2025-10-03T01:50:20.6197064Z shell: /usr/bin/bash -e {0}
job-core	Commit and push changes	2025-10-03T01:50:20.6197325Z env:
job-core	Commit and push changes	2025-10-03T01:50:20.6197513Z   KAOS_CODE: 18210529264
job-core	Commit and push changes	2025-10-03T01:50:20.6197732Z   KAOS_EVENT_NAME: schedule
job-core	Commit and push changes	2025-10-03T01:50:20.6197956Z   KAOS_ACTION: 
job-core	Commit and push changes	2025-10-03T01:50:20.6198152Z   KAOS_REF: refs/heads/main
job-core	Commit and push changes	2025-10-03T01:50:20.6198410Z   KAOS_MODULE: [Ka0S] Workflow Statistics Summary
job-core	Commit and push changes	2025-10-03T01:50:20.6198715Z   KAOS_PATH_RESUME: audit/workflows/
job-core	Commit and push changes	2025-10-03T01:50:20.6198973Z   KAOS_ACTOR: santakloud
job-core	Commit and push changes	2025-10-03T01:50:20.6199191Z   GH_REPO: Ka0s-Klaus/ka0s
job-core	Commit and push changes	2025-10-03T01:50:20.6199413Z ##[endgroup]
job-core	Commit and push changes	2025-10-03T01:50:22.4635312Z Already up to date.
job-core	Post Checkout repository	﻿2025-10-03T01:50:22.4811733Z Post job cleanup.
job-core	Post Checkout repository	2025-10-03T01:50:22.5863497Z [command]/usr/bin/git version
job-core	Post Checkout repository	2025-10-03T01:50:22.5902500Z git version 2.51.0
job-core	Post Checkout repository	2025-10-03T01:50:22.5942093Z Copying '/home/runner/.gitconfig' to '/home/runner/_work/_temp/4ad8cea8-2fc5-452f-847c-da1654ae45ca/.gitconfig'
job-core	Post Checkout repository	2025-10-03T01:50:22.5954307Z Temporarily overriding HOME='/home/runner/_work/_temp/4ad8cea8-2fc5-452f-847c-da1654ae45ca' before making global git config changes
job-core	Post Checkout repository	2025-10-03T01:50:22.5955872Z Adding repository directory to the temporary git global config as a safe directory
job-core	Post Checkout repository	2025-10-03T01:50:22.5960138Z [command]/usr/bin/git config --global --add safe.directory /home/runner/_work/ka0s/ka0s
job-core	Post Checkout repository	2025-10-03T01:50:22.5998972Z [command]/usr/bin/git config --local --name-only --get-regexp core\.sshCommand
job-core	Post Checkout repository	2025-10-03T01:50:22.6044858Z [command]/usr/bin/git submodule foreach --recursive sh -c "git config --local --name-only --get-regexp 'core\.sshCommand' && git config --local --unset-all 'core.sshCommand' || :"
job-core	Post Checkout repository	2025-10-03T01:50:22.6303610Z [command]/usr/bin/git config --local --name-only --get-regexp http\.https\:\/\/github\.com\/\.extraheader
job-core	Post Checkout repository	2025-10-03T01:50:22.6327331Z http.https://github.com/.extraheader
job-core	Post Checkout repository	2025-10-03T01:50:22.6341160Z [command]/usr/bin/git config --local --unset-all http.https://github.com/.extraheader
job-core	Post Checkout repository	2025-10-03T01:50:22.6377416Z [command]/usr/bin/git submodule foreach --recursive sh -c "git config --local --name-only --get-regexp 'http\.https\:\/\/github\.com\/\.extraheader' && git config --local --unset-all 'http.https://github.com/.extraheader' || :"
job-core	Complete job	﻿2025-10-03T01:50:22.6746257Z Cleaning up orphan processes
job-stats	Set up job	﻿2025-10-03T01:50:27.7205759Z Current runner version: '2.328.0'
job-stats	Set up job	2025-10-03T01:50:27.7214077Z Runner name: 'a00fb658a351'
job-stats	Set up job	2025-10-03T01:50:27.7215015Z Runner group name: 'swarm-runners'
job-stats	Set up job	2025-10-03T01:50:27.7215954Z Machine name: 'a00fb658a351'
job-stats	Set up job	2025-10-03T01:50:27.7219354Z ##[group]GITHUB_TOKEN Permissions
job-stats	Set up job	2025-10-03T01:50:27.7222112Z Actions: write
job-stats	Set up job	2025-10-03T01:50:27.7222662Z Contents: write
job-stats	Set up job	2025-10-03T01:50:27.7223266Z Issues: write
job-stats	Set up job	2025-10-03T01:50:27.7223847Z Metadata: read
job-stats	Set up job	2025-10-03T01:50:27.7224387Z ##[endgroup]
job-stats	Set up job	2025-10-03T01:50:27.7226513Z Secret source: Actions
job-stats	Set up job	2025-10-03T01:50:27.7227782Z Prepare workflow directory
job-stats	Set up job	2025-10-03T01:50:27.7841378Z Prepare all required actions
job-stats	Set up job	2025-10-03T01:50:27.7883278Z Getting action download info
job-stats	Set up job	2025-10-03T01:50:28.3327870Z Download action repository 'actions/checkout@v4' (SHA:08eba0b27e820071cde6df949e0beb9ba4906955)
job-stats	Set up job	2025-10-03T01:50:29.1672309Z Complete job name: job-stats
job-stats	Checkout	﻿2025-10-03T01:50:29.2281519Z ##[group]Run actions/checkout@v4
job-stats	Checkout	2025-10-03T01:50:29.2282535Z with:
job-stats	Checkout	2025-10-03T01:50:29.2283062Z   fetch-depth: 0
job-stats	Checkout	2025-10-03T01:50:29.2283812Z   token: ***
job-stats	Checkout	2025-10-03T01:50:29.2284296Z   repository: Ka0s-Klaus/ka0s
job-stats	Checkout	2025-10-03T01:50:29.2284850Z   ssh-strict: true
job-stats	Checkout	2025-10-03T01:50:29.2285323Z   ssh-user: git
job-stats	Checkout	2025-10-03T01:50:29.2285800Z   persist-credentials: true
job-stats	Checkout	2025-10-03T01:50:29.2286337Z   clean: true
job-stats	Checkout	2025-10-03T01:50:29.2286964Z   sparse-checkout-cone-mode: true
job-stats	Checkout	2025-10-03T01:50:29.2287546Z   fetch-tags: false
job-stats	Checkout	2025-10-03T01:50:29.2288029Z   show-progress: true
job-stats	Checkout	2025-10-03T01:50:29.2288517Z   lfs: false
job-stats	Checkout	2025-10-03T01:50:29.2288964Z   submodules: false
job-stats	Checkout	2025-10-03T01:50:29.2289476Z   set-safe-directory: true
job-stats	Checkout	2025-10-03T01:50:29.2290252Z env:
job-stats	Checkout	2025-10-03T01:50:29.2290708Z   KAOS_CODE: 18210529264
job-stats	Checkout	2025-10-03T01:50:29.2291248Z   KAOS_EVENT_NAME: schedule
job-stats	Checkout	2025-10-03T01:50:29.2291770Z   KAOS_ACTION: 
job-stats	Checkout	2025-10-03T01:50:29.2292245Z   KAOS_REF: refs/heads/main
job-stats	Checkout	2025-10-03T01:50:29.2292845Z   KAOS_MODULE: [Ka0S] Workflow Statistics Summary
job-stats	Checkout	2025-10-03T01:50:29.2293557Z   KAOS_PATH_RESUME: audit/workflows/
job-stats	Checkout	2025-10-03T01:50:29.2294168Z   KAOS_ACTOR: santakloud
job-stats	Checkout	2025-10-03T01:50:29.2294690Z   GH_REPO: Ka0s-Klaus/ka0s
job-stats	Checkout	2025-10-03T01:50:29.2295392Z   GH_TOKEN: ***
job-stats	Checkout	2025-10-03T01:50:29.2295869Z ##[endgroup]
job-stats	Checkout	2025-10-03T01:50:29.3437677Z Syncing repository: Ka0s-Klaus/ka0s
job-stats	Checkout	2025-10-03T01:50:29.3439754Z ##[group]Getting Git version info
job-stats	Checkout	2025-10-03T01:50:29.3440504Z Working directory is '/home/runner/_work/ka0s/ka0s'
job-stats	Checkout	2025-10-03T01:50:29.3441559Z [command]/usr/bin/git version
job-stats	Checkout	2025-10-03T01:50:29.3442110Z git version 2.51.0
job-stats	Checkout	2025-10-03T01:50:29.3460085Z ##[endgroup]
job-stats	Checkout	2025-10-03T01:50:29.3472912Z Copying '/home/runner/.gitconfig' to '/home/runner/_work/_temp/e1f525e1-8161-4718-97d4-8dae8bbdbe4d/.gitconfig'
job-stats	Checkout	2025-10-03T01:50:29.3484557Z Temporarily overriding HOME='/home/runner/_work/_temp/e1f525e1-8161-4718-97d4-8dae8bbdbe4d' before making global git config changes
job-stats	Checkout	2025-10-03T01:50:29.3486285Z Adding repository directory to the temporary git global config as a safe directory
job-stats	Checkout	2025-10-03T01:50:29.3491140Z [command]/usr/bin/git config --global --add safe.directory /home/runner/_work/ka0s/ka0s
job-stats	Checkout	2025-10-03T01:50:29.3535979Z [command]/usr/bin/git config --local --get remote.origin.url
job-stats	Checkout	2025-10-03T01:50:29.3559924Z https://github.com/Ka0s-Klaus/ka0s
job-stats	Checkout	2025-10-03T01:50:29.3580043Z ##[group]Removing previously created refs, to avoid conflicts
job-stats	Checkout	2025-10-03T01:50:29.3585061Z [command]/usr/bin/git rev-parse --symbolic-full-name --verify --quiet HEAD
job-stats	Checkout	2025-10-03T01:50:29.3608896Z refs/heads/main
job-stats	Checkout	2025-10-03T01:50:29.3619510Z [command]/usr/bin/git checkout --detach
job-stats	Checkout	2025-10-03T01:50:29.3694433Z HEAD is now at 1244b332 swarm-runners] Uploading files to MongoDB update repository ...
job-stats	Checkout	2025-10-03T01:50:29.3744805Z [command]/usr/bin/git branch --delete --force main
job-stats	Checkout	2025-10-03T01:50:29.3777741Z Deleted branch main (was 1244b332).
job-stats	Checkout	2025-10-03T01:50:29.3862923Z ##[endgroup]
job-stats	Checkout	2025-10-03T01:50:29.3864779Z [command]/usr/bin/git submodule status
job-stats	Checkout	2025-10-03T01:50:29.4124096Z ##[group]Cleaning the repository
job-stats	Checkout	2025-10-03T01:50:29.4128558Z [command]/usr/bin/git clean -ffdx
job-stats	Checkout	2025-10-03T01:50:29.4213849Z [command]/usr/bin/git reset --hard HEAD
job-stats	Checkout	2025-10-03T01:50:29.4275312Z HEAD is now at 1244b332 swarm-runners] Uploading files to MongoDB update repository ...
job-stats	Checkout	2025-10-03T01:50:29.4281483Z ##[endgroup]
job-stats	Checkout	2025-10-03T01:50:29.4282524Z ##[group]Disabling automatic garbage collection
job-stats	Checkout	2025-10-03T01:50:29.4286950Z [command]/usr/bin/git config --local gc.auto 0
job-stats	Checkout	2025-10-03T01:50:29.4328656Z ##[endgroup]
job-stats	Checkout	2025-10-03T01:50:29.4329585Z ##[group]Setting up auth
job-stats	Checkout	2025-10-03T01:50:29.4335520Z [command]/usr/bin/git config --local --name-only --get-regexp core\.sshCommand
job-stats	Checkout	2025-10-03T01:50:29.4372045Z [command]/usr/bin/git submodule foreach --recursive sh -c "git config --local --name-only --get-regexp 'core\.sshCommand' && git config --local --unset-all 'core.sshCommand' || :"
job-stats	Checkout	2025-10-03T01:50:29.4629465Z [command]/usr/bin/git config --local --name-only --get-regexp http\.https\:\/\/github\.com\/\.extraheader
job-stats	Checkout	2025-10-03T01:50:29.4665151Z [command]/usr/bin/git submodule foreach --recursive sh -c "git config --local --name-only --get-regexp 'http\.https\:\/\/github\.com\/\.extraheader' && git config --local --unset-all 'http.https://github.com/.extraheader' || :"
job-stats	Checkout	2025-10-03T01:50:29.4920925Z [command]/usr/bin/git config --local http.https://github.com/.extraheader AUTHORIZATION: basic ***
job-stats	Checkout	2025-10-03T01:50:29.4964365Z ##[endgroup]
job-stats	Checkout	2025-10-03T01:50:29.4965370Z ##[group]Fetching the repository
job-stats	Checkout	2025-10-03T01:50:29.4972999Z [command]/usr/bin/git -c protocol.version=2 fetch --prune --no-recurse-submodules origin +refs/heads/*:refs/remotes/origin/* +refs/tags/*:refs/tags/*
job-stats	Checkout	2025-10-03T01:50:30.0400956Z [command]/usr/bin/git branch --list --remote origin/main
job-stats	Checkout	2025-10-03T01:50:30.0463994Z   origin/main
job-stats	Checkout	2025-10-03T01:50:30.0473870Z [command]/usr/bin/git rev-parse refs/remotes/origin/main
job-stats	Checkout	2025-10-03T01:50:30.0500538Z 1244b332f0d556fb8c7318a9bb50d729248c5a82
job-stats	Checkout	2025-10-03T01:50:30.0503859Z ##[endgroup]
job-stats	Checkout	2025-10-03T01:50:30.0504648Z ##[group]Determining the checkout info
job-stats	Checkout	2025-10-03T01:50:30.0505720Z ##[endgroup]
job-stats	Checkout	2025-10-03T01:50:30.0511672Z [command]/usr/bin/git sparse-checkout disable
job-stats	Checkout	2025-10-03T01:50:30.0580059Z [command]/usr/bin/git config --local --unset-all extensions.worktreeConfig
job-stats	Checkout	2025-10-03T01:50:30.0614757Z ##[group]Checking out the ref
job-stats	Checkout	2025-10-03T01:50:30.0619419Z [command]/usr/bin/git checkout --progress --force -B main refs/remotes/origin/main
job-stats	Checkout	2025-10-03T01:50:30.0703011Z Switched to a new branch 'main'
job-stats	Checkout	2025-10-03T01:50:30.0705108Z branch 'main' set up to track 'origin/main'.
job-stats	Checkout	2025-10-03T01:50:30.0712431Z ##[endgroup]
job-stats	Checkout	2025-10-03T01:50:30.0754292Z [command]/usr/bin/git log -1 --format=%H
job-stats	Checkout	2025-10-03T01:50:30.0781643Z 1244b332f0d556fb8c7318a9bb50d729248c5a82
job-stats	Generate names	﻿2025-10-03T01:50:30.0996920Z ##[group]Run git config --global user.name "***"
job-stats	Generate names	2025-10-03T01:50:30.0998346Z [36;1mgit config --global user.name "***"[0m
job-stats	Generate names	2025-10-03T01:50:30.0999560Z [36;1mgit config --global user.email "***"[0m
job-stats	Generate names	2025-10-03T01:50:30.1000559Z [36;1mgit pull --rebase[0m
job-stats	Generate names	2025-10-03T01:50:30.1001278Z [36;1m[0m
job-stats	Generate names	2025-10-03T01:50:30.1001903Z [36;1m# Created files of actually workflows[0m
job-stats	Generate names	2025-10-03T01:50:30.1003052Z [36;1mecho "Created files of actually workflows"[0m
job-stats	Generate names	2025-10-03T01:50:30.1004334Z [36;1mgh workflow list -a --json id,name,path,state | \[0m
job-stats	Generate names	2025-10-03T01:50:30.1005686Z [36;1m  tee audit/workflows/actually-workflows.json | \[0m
job-stats	Generate names	2025-10-03T01:50:30.1007619Z [36;1m  jq -r '["id", "name", "path", "state"],(.[]? // [] | [.id,.name,.path,.state]) | @csv' > audit/workflows/actually-workflows.csv[0m
job-stats	Generate names	2025-10-03T01:50:30.1020568Z shell: /usr/bin/bash -e {0}
job-stats	Generate names	2025-10-03T01:50:30.1021324Z env:
job-stats	Generate names	2025-10-03T01:50:30.1021800Z   KAOS_CODE: 18210529264
job-stats	Generate names	2025-10-03T01:50:30.1022475Z   KAOS_EVENT_NAME: schedule
job-stats	Generate names	2025-10-03T01:50:30.1023218Z   KAOS_ACTION: 
job-stats	Generate names	2025-10-03T01:50:30.1023779Z   KAOS_REF: refs/heads/main
job-stats	Generate names	2025-10-03T01:50:30.1024603Z   KAOS_MODULE: [Ka0S] Workflow Statistics Summary
job-stats	Generate names	2025-10-03T01:50:30.1025612Z   KAOS_PATH_RESUME: audit/workflows/
job-stats	Generate names	2025-10-03T01:50:30.1026445Z   KAOS_ACTOR: santakloud
job-stats	Generate names	2025-10-03T01:50:30.1027199Z   GH_REPO: Ka0s-Klaus/ka0s
job-stats	Generate names	2025-10-03T01:50:30.1028466Z   GH_TOKEN: ***
job-stats	Generate names	2025-10-03T01:50:30.1029009Z ##[endgroup]
job-stats	Generate names	2025-10-03T01:50:30.7494535Z Already up to date.
job-stats	Generate names	2025-10-03T01:50:30.7500028Z Created files of actually workflows
job-stats	Generate names	2025-10-03T01:50:30.7640731Z unknown flag: --json
job-stats	Generate names	2025-10-03T01:50:30.7647200Z 
job-stats	Generate names	2025-10-03T01:50:30.7648281Z Usage:  gh workflow list [flags]
job-stats	Generate names	2025-10-03T01:50:30.7649083Z 
job-stats	Generate names	2025-10-03T01:50:30.7649402Z Flags:
job-stats	Generate names	2025-10-03T01:50:30.7650416Z   -a, --all         Show all workflows, including disabled workflows
job-stats	Generate names	2025-10-03T01:50:30.7652125Z   -L, --limit int   Maximum number of workflows to fetch (default 50)
job-stats	Generate names	2025-10-03T01:50:30.7653650Z   
job-stats	Generate executed	﻿2025-10-03T01:50:30.7843947Z ##[group]Run # Inicializar archivo si no existe
job-stats	Generate executed	2025-10-03T01:50:30.7845665Z [36;1m# Inicializar archivo si no existe[0m
job-stats	Generate executed	2025-10-03T01:50:30.7848625Z [36;1m[ -f "audit/workflows/workflows-runs-18210529264.json" ] || echo '[]' > "audit/workflows/workflows-runs-18210529264.json"[0m
job-stats	Generate executed	2025-10-03T01:50:30.7851167Z [36;1m[0m
job-stats	Generate executed	2025-10-03T01:50:30.7852424Z [36;1m# Mostramos el fichero del que tenemos que partir[0m
job-stats	Generate executed	2025-10-03T01:50:30.7854743Z [36;1mjq -r '.[].id' audit/workflows/actually-workflows.json | while read -r workflow_id; do[0m
job-stats	Generate executed	2025-10-03T01:50:30.7857314Z [36;1m  # 1. Obtener datos paginados[0m
job-stats	Generate executed	2025-10-03T01:50:30.7858650Z [36;1m  TEMP_RAW=$(mktemp)[0m
job-stats	Generate executed	2025-10-03T01:50:30.7859876Z [36;1m  gh api --paginate \[0m
job-stats	Generate executed	2025-10-03T01:50:30.7861234Z [36;1m    -H "Accept: application/vnd.github+json" \[0m
job-stats	Generate executed	2025-10-03T01:50:30.7863573Z [36;1m    -H "Authorization: ***" \[0m
job-stats	Generate executed	2025-10-03T01:50:30.7865449Z [36;1m    "/repos/Ka0s-Klaus/ka0s/actions/workflows/$workflow_id/runs?per_page=100" \[0m
job-stats	Generate executed	2025-10-03T01:50:30.7867851Z [36;1m    --jq '.workflow_runs' > "$TEMP_RAW"[0m
job-stats	Generate executed	2025-10-03T01:50:30.7869104Z [36;1m[0m
job-stats	Generate executed	2025-10-03T01:50:30.7870155Z [36;1m  # 2. Procesar con todos los campos requeridos[0m
job-stats	Generate executed	2025-10-03T01:50:30.7871560Z [36;1m  if [ -s "$TEMP_RAW" ]; then[0m
job-stats	Generate executed	2025-10-03T01:50:30.7872755Z [36;1m    jq -c 'map({[0m
job-stats	Generate executed	2025-10-03T01:50:30.7873763Z [36;1m      id,[0m
job-stats	Generate executed	2025-10-03T01:50:30.7874695Z [36;1m      name,[0m
job-stats	Generate executed	2025-10-03T01:50:30.7875639Z [36;1m      head_branch,[0m
job-stats	Generate executed	2025-10-03T01:50:30.7876706Z [36;1m      head_sha,[0m
job-stats	Generate executed	2025-10-03T01:50:30.7878057Z [36;1m      run_number,[0m
job-stats	Generate executed	2025-10-03T01:50:30.7879074Z [36;1m      event,[0m
job-stats	Generate executed	2025-10-03T01:50:30.7880022Z [36;1m      status,[0m
job-stats	Generate executed	2025-10-03T01:50:30.7881137Z [36;1m      conclusion: (.conclusion // "unknown"),[0m
job-stats	Generate executed	2025-10-03T01:50:30.7882433Z [36;1m      workflow_id,[0m
job-stats	Generate executed	2025-10-03T01:50:30.7883464Z [36;1m      url,[0m
job-stats	Generate executed	2025-10-03T01:50:30.7884636Z [36;1m      created_at: (.created_at | fromdateiso8601 // 0),[0m
job-stats	Generate executed	2025-10-03T01:50:30.7886271Z [36;1m      updated_at: (.updated_at | fromdateiso8601 // 0),[0m
job-stats	Generate executed	2025-10-03T01:50:30.7888004Z [36;1m      run_started_at: (.run_started_at | fromdateiso8601 // 0)[0m
job-stats	Generate executed	2025-10-03T01:50:30.7889668Z [36;1m    }) | select(. != null)' "$TEMP_RAW" > processed.json[0m
job-stats	Generate executed	2025-10-03T01:50:30.7890996Z [36;1m[0m
job-stats	Generate executed	2025-10-03T01:50:30.7891887Z [36;1m    # 3. Combinación segura[0m
job-stats	Generate executed	2025-10-03T01:50:30.7893131Z [36;1m    if [ -s processed.json ]; then[0m
job-stats	Generate executed	2025-10-03T01:50:30.7894566Z [36;1m      jq -s 'add | unique_by(.id) | sort_by(-.created_at)' \[0m
job-stats	Generate executed	2025-10-03T01:50:30.7896226Z [36;1m        audit/workflows/workflows-runs-18210529264.json \[0m
job-stats	Generate executed	2025-10-03T01:50:30.7897873Z [36;1m        processed.json > merged.json[0m
job-stats	Generate executed	2025-10-03T01:50:30.7899077Z [36;1m      [0m
job-stats	Generate executed	2025-10-03T01:50:30.7900368Z [36;1m      mv merged.json audit/workflows/workflows-runs-18210529264.json[0m
job-stats	Generate executed	2025-10-03T01:50:30.7901900Z [36;1m    fi[0m
job-stats	Generate executed	2025-10-03T01:50:30.7902775Z [36;1m  fi[0m
job-stats	Generate executed	2025-10-03T01:50:30.7903744Z [36;1m  rm -f "$TEMP_RAW" processed.json[0m
job-stats	Generate executed	2025-10-03T01:50:30.7904953Z [36;1mdone[0m
job-stats	Generate executed	2025-10-03T01:50:30.7905806Z [36;1m[0m
job-stats	Generate executed	2025-10-03T01:50:30.7906727Z [36;1m# 4. Generar output final[0m
job-stats	Generate executed	2025-10-03T01:50:30.7909090Z [36;1mjq 'sort_by(-.created_at)' audit/workflows/workflows-runs-18210529264.json > audit/workflows/actually-workflows-runs.json[0m
job-stats	Generate executed	2025-10-03T01:50:30.7911658Z [36;1mjq -r '[0m
job-stats	Generate executed	2025-10-03T01:50:30.7913895Z [36;1m  (["id", "name", "head_branch", "head_sha", "run_number", "event", "status", "conclusion", "workflow_id", "url", "created_at", "updated_at", "run_started_at"] | @csv),[0m
job-stats	Generate executed	2025-10-03T01:50:30.7916305Z [36;1m  (.[] | [[0m
job-stats	Generate executed	2025-10-03T01:50:30.7980969Z [36;1m    .id,[0m
job-stats	Generate executed	2025-10-03T01:50:30.7982286Z [36;1m    .name,[0m
job-stats	Generate executed	2025-10-03T01:50:30.7983293Z [36;1m    .head_branch,[0m
job-stats	Generate executed	2025-10-03T01:50:30.7984328Z [36;1m    .head_sha,[0m
job-stats	Generate executed	2025-10-03T01:50:30.7985357Z [36;1m    .run_number,[0m
job-stats	Generate executed	2025-10-03T01:50:30.7986600Z [36;1m    .event,[0m
job-stats	Generate executed	2025-10-03T01:50:30.7987870Z [36;1m    .status,[0m
job-stats	Generate executed	2025-10-03T01:50:30.7989325Z [36;1m    .conclusion,[0m
job-stats	Generate executed	2025-10-03T01:50:30.7990452Z [36;1m    .workflow_id,[0m
job-stats	Generate executed	2025-10-03T01:50:30.7991463Z [36;1m    .url,[0m
job-stats	Generate executed	2025-10-03T01:50:30.7992355Z [36;1m    .created_at,[0m
job-stats	Generate executed	2025-10-03T01:50:30.7993394Z [36;1m    .updated_at,[0m
job-stats	Generate executed	2025-10-03T01:50:30.7994416Z [36;1m    .run_started_at[0m
job-stats	Generate executed	2025-10-03T01:50:30.7995433Z [36;1m  ] | @csv)[0m
job-stats	Generate executed	2025-10-03T01:50:30.7997696Z [36;1m' audit/workflows/actually-workflows-runs.json > audit/workflows/actually-workflows-runs.csv[0m
job-stats	Generate executed	2025-10-03T01:50:30.8010588Z shell: /usr/bin/bash -e {0}
job-stats	Generate executed	2025-10-03T01:50:30.8011624Z env:
job-stats	Generate executed	2025-10-03T01:50:30.8012566Z   KAOS_CODE: 18210529264
job-stats	Generate executed	2025-10-03T01:50:30.8013502Z   KAOS_EVENT_NAME: schedule
job-stats	Generate executed	2025-10-03T01:50:30.8014442Z   KAOS_ACTION: 
job-stats	Generate executed	2025-10-03T01:50:30.8015269Z   KAOS_REF: refs/heads/main
job-stats	Generate executed	2025-10-03T01:50:30.8016340Z   KAOS_MODULE: [Ka0S] Workflow Statistics Summary
job-stats	Generate executed	2025-10-03T01:50:30.8018224Z   KAOS_PATH_RESUME: audit/workflows/
job-stats	Generate executed	2025-10-03T01:50:30.8019288Z   KAOS_ACTOR: santakloud
job-stats	Generate executed	2025-10-03T01:50:30.8020223Z   GH_REPO: Ka0s-Klaus/ka0s
job-stats	Generate executed	2025-10-03T01:50:30.8021524Z   GH_TOKEN: ***
job-stats	Generate executed	2025-10-03T01:50:30.8022324Z ##[endgroup]
job-stats	Generate actually issues	﻿2025-10-03T01:50:30.8851896Z ##[group]Run gh api \
job-stats	Generate actually issues	2025-10-03T01:50:30.8853092Z [36;1mgh api \[0m
job-stats	Generate actually issues	2025-10-03T01:50:30.8854446Z [36;1m  "/repos/Ka0s-Klaus/ka0s/issues?state=all&filter=all&per_page=100" \[0m
job-stats	Generate actually issues	2025-10-03T01:50:30.8856050Z [36;1m  --paginate \[0m
job-stats	Generate actually issues	2025-10-03T01:50:30.8857204Z [36;1m  --jq '[.[] | select(.pull_request == null) | {[0m
job-stats	Generate actually issues	2025-10-03T01:50:30.8858852Z [36;1m    assignees: ((.assignees // []) | map(.login) | join(";")),[0m
job-stats	Generate actually issues	2025-10-03T01:50:30.8860252Z [36;1m    author: .user.login,[0m
job-stats	Generate actually issues	2025-10-03T01:50:30.8861279Z [36;1m    body: (.body // ""),[0m
job-stats	Generate actually issues	2025-10-03T01:50:30.8862366Z [36;1m    closed: (.state == "closed"),[0m
job-stats	Generate actually issues	2025-10-03T01:50:30.8863518Z [36;1m    closedAt: (.closed_at // ""),[0m
job-stats	Generate actually issues	2025-10-03T01:50:30.8864658Z [36;1m    comments: (.comments // 0),[0m
job-stats	Generate actually issues	2025-10-03T01:50:30.8865772Z [36;1m    createdAt: .created_at,[0m
job-stats	Generate actually issues	2025-10-03T01:50:30.8867219Z [36;1m    id,[0m
job-stats	Generate actually issues	2025-10-03T01:50:30.8868263Z [36;1m    labels: ((.labels // []) | map(.name) | join(";")),[0m
job-stats	Generate actually issues	2025-10-03T01:50:30.8869633Z [36;1m    milestone: (.milestone.title // ""),[0m
job-stats	Generate actually issues	2025-10-03T01:50:30.8870822Z [36;1m    number,[0m
job-stats	Generate actually issues	2025-10-03T01:50:30.8872062Z [36;1m    projectCards: ((.project_cards // []) | map(.url) | join(";")),[0m
job-stats	Generate actually issues	2025-10-03T01:50:30.8873887Z [36;1m    projectItems: ((.project_items // []) | map(.url) | join(";")),[0m
job-stats	Generate actually issues	2025-10-03T01:50:30.8875880Z [36;1m    reactionGroups: ((.reactions // {}) | to_entries | map("\(.key)=\(.value)") | join(";")),[0m
job-stats	Generate actually issues	2025-10-03T01:50:30.8877822Z [36;1m    state,[0m
job-stats	Generate actually issues	2025-10-03T01:50:30.8878672Z [36;1m    title,[0m
job-stats	Generate actually issues	2025-10-03T01:50:30.8879568Z [36;1m    updatedAt: .updated_at,[0m
job-stats	Generate actually issues	2025-10-03T01:50:30.8880611Z [36;1m    url: .html_url[0m
job-stats	Generate actually issues	2025-10-03T01:50:30.8881533Z [36;1m  }]' \[0m
job-stats	Generate actually issues	2025-10-03T01:50:30.8882585Z [36;1m  | tee ${KAOS_PATH_RESUME}issue-log-${KAOS_CODE}.json \[0m
job-stats	Generate actually issues	2025-10-03T01:50:30.8883857Z [36;1m  | jq -r '[0m
job-stats	Generate actually issues	2025-10-03T01:50:30.8884836Z [36;1m    (if type == "array" and length > 0 then[0m
job-stats	Generate actually issues	2025-10-03T01:50:30.8885971Z [36;1m      [[0m
job-stats	Generate actually issues	2025-10-03T01:50:30.8886979Z [36;1m        "assignees",[0m
job-stats	Generate actually issues	2025-10-03T01:50:30.8888067Z [36;1m        "author",[0m
job-stats	Generate actually issues	2025-10-03T01:50:30.8888991Z [36;1m        "body",[0m
job-stats	Generate actually issues	2025-10-03T01:50:30.8890080Z [36;1m        "closed",[0m
job-stats	Generate actually issues	2025-10-03T01:50:30.8891010Z [36;1m        "closedAt",[0m
job-stats	Generate actually issues	2025-10-03T01:50:30.8891939Z [36;1m        "comments",[0m
job-stats	Generate actually issues	2025-10-03T01:50:30.8892872Z [36;1m        "createdAt",[0m
job-stats	Generate actually issues	2025-10-03T01:50:30.8893792Z [36;1m        "id",[0m
job-stats	Generate actually issues	2025-10-03T01:50:30.8894650Z [36;1m        "labels",[0m
job-stats	Generate actually issues	2025-10-03T01:50:30.8895556Z [36;1m        "milestone",[0m
job-stats	Generate actually issues	2025-10-03T01:50:30.8896472Z [36;1m        "number",[0m
job-stats	Generate actually issues	2025-10-03T01:50:30.8897504Z [36;1m        "projectCards",[0m
job-stats	Generate actually issues	2025-10-03T01:50:30.8898505Z [36;1m        "projectItems",[0m
job-stats	Generate actually issues	2025-10-03T01:50:30.8899509Z [36;1m        "reactionGroups",[0m
job-stats	Generate actually issues	2025-10-03T01:50:30.8900490Z [36;1m        "state",[0m
job-stats	Generate actually issues	2025-10-03T01:50:30.8901361Z [36;1m        "title",[0m
job-stats	Generate actually issues	2025-10-03T01:50:30.8902248Z [36;1m        "updatedAt",[0m
job-stats	Generate actually issues	2025-10-03T01:50:30.8903169Z [36;1m        "url"[0m
job-stats	Generate actually issues	2025-10-03T01:50:30.8904000Z [36;1m      ],[0m
job-stats	Generate actually issues	2025-10-03T01:50:30.8904765Z [36;1m      (.[] | [[0m
job-stats	Generate actually issues	2025-10-03T01:50:30.8905629Z [36;1m        .assignees,[0m
job-stats	Generate actually issues	2025-10-03T01:50:30.8906581Z [36;1m        .author,[0m
job-stats	Generate actually issues	2025-10-03T01:50:30.8907458Z [36;1m        .body,[0m
job-stats	Generate actually issues	2025-10-03T01:50:30.8908310Z [36;1m        .closed,[0m
job-stats	Generate actually issues	2025-10-03T01:50:30.8909193Z [36;1m        .closedAt,[0m
job-stats	Generate actually issues	2025-10-03T01:50:30.8910100Z [36;1m        .comments,[0m
job-stats	Generate actually issues	2025-10-03T01:50:30.8911019Z [36;1m        .createdAt,[0m
job-stats	Generate actually issues	2025-10-03T01:50:30.8911907Z [36;1m        .id,[0m
job-stats	Generate actually issues	2025-10-03T01:50:30.8924212Z [36;1m        .labels,[0m
job-stats	Generate actually issues	2025-10-03T01:50:30.8925163Z [36;1m        .milestone,[0m
job-stats	Generate actually issues	2025-10-03T01:50:30.8926075Z [36;1m        .number,[0m
job-stats	Generate actually issues	2025-10-03T01:50:30.8927351Z [36;1m        .projectCards,[0m
job-stats	Generate actually issues	2025-10-03T01:50:30.8928329Z [36;1m        .projectItems,[0m
job-stats	Generate actually issues	2025-10-03T01:50:30.8929305Z [36;1m        .reactionGroups,[0m
job-stats	Generate actually issues	2025-10-03T01:50:30.8930274Z [36;1m        .state,[0m
job-stats	Generate actually issues	2025-10-03T01:50:30.8931407Z [36;1m        .title,[0m
job-stats	Generate actually issues	2025-10-03T01:50:30.8932278Z [36;1m        .updatedAt,[0m
job-stats	Generate actually issues	2025-10-03T01:50:30.8933171Z [36;1m        .url[0m
job-stats	Generate actually issues	2025-10-03T01:50:30.8933980Z [36;1m      ])[0m
job-stats	Generate actually issues	2025-10-03T01:50:30.8934735Z [36;1m    else[0m
job-stats	Generate actually issues	2025-10-03T01:50:30.8935493Z [36;1m      empty[0m
job-stats	Generate actually issues	2025-10-03T01:50:30.8936300Z [36;1m    end) | @csv[0m
job-stats	Generate actually issues	2025-10-03T01:50:30.8937626Z [36;1m  ' > ${KAOS_PATH_RESUME}actually-issue.csv[0m
job-stats	Generate actually issues	2025-10-03T01:50:30.8938756Z [36;1m[0m
job-stats	Generate actually issues	2025-10-03T01:50:30.8939599Z [36;1m    echo "Formateamos el fichero de JSON"[0m
job-stats	Generate actually issues	2025-10-03T01:50:30.8941504Z [36;1m    cat audit/workflows/issue-log-18210529264.json | jq -s '.' > audit/workflows/actually-issue.json[0m
job-stats	Generate actually issues	2025-10-03T01:50:30.8953029Z shell: /usr/bin/bash -e {0}
job-stats	Generate actually issues	2025-10-03T01:50:30.8954384Z env:
job-stats	Generate actually issues	2025-10-03T01:50:30.8955143Z   KAOS_CODE: 18210529264
job-stats	Generate actually issues	2025-10-03T01:50:30.8956183Z   KAOS_EVENT_NAME: schedule
job-stats	Generate actually issues	2025-10-03T01:50:30.8957318Z   KAOS_ACTION: 
job-stats	Generate actually issues	2025-10-03T01:50:30.8958123Z   KAOS_REF: refs/heads/main
job-stats	Generate actually issues	2025-10-03T01:50:30.8959162Z   KAOS_MODULE: [Ka0S] Workflow Statistics Summary
job-stats	Generate actually issues	2025-10-03T01:50:30.8960343Z   KAOS_PATH_RESUME: audit/workflows/
job-stats	Generate actually issues	2025-10-03T01:50:30.8961350Z   KAOS_ACTOR: santakloud
job-stats	Generate actually issues	2025-10-03T01:50:30.8962253Z   GH_REPO: Ka0s-Klaus/ka0s
job-stats	Generate actually issues	2025-10-03T01:50:30.8963497Z   GH_TOKEN: ***
job-stats	Generate actually issues	2025-10-03T01:50:30.8964267Z ##[endgroup]
job-stats	Generate actually issues	2025-10-03T01:50:43.4416447Z Formateamos el fichero de JSON
job-stats	Generated actually Pull Request	﻿2025-10-03T01:50:43.5435049Z ##[group]Run # Creamos el fichero de PR
job-stats	Generated actually Pull Request	2025-10-03T01:50:43.5435624Z [36;1m# Creamos el fichero de PR[0m
job-stats	Generated actually Pull Request	2025-10-03T01:50:43.5435954Z [36;1mtouch ${KAOS_PATH_RESUME}pr-log-${KAOS_CODE}.json[0m
job-stats	Generated actually Pull Request	2025-10-03T01:50:43.5436268Z [36;1m[0m
job-stats	Generated actually Pull Request	2025-10-03T01:50:43.5436614Z [36;1m# Extraemos toda la información de las PR hasta el momento[0m
job-stats	Generated actually Pull Request	2025-10-03T01:50:43.5437331Z [36;1mecho "Extraemos toda la información de las PR hasta el momento"[0m
job-stats	Generated actually Pull Request	2025-10-03T01:50:43.5437680Z [36;1mgh api \[0m
job-stats	Generated actually Pull Request	2025-10-03T01:50:43.5437970Z [36;1m  "/repos/Ka0s-Klaus/ka0s/pulls?state=all&per_page=100" \[0m
job-stats	Generated actually Pull Request	2025-10-03T01:50:43.5438315Z [36;1m  --paginate \[0m
job-stats	Generated actually Pull Request	2025-10-03T01:50:43.5438537Z [36;1m  --jq '[.[] | {[0m
job-stats	Generated actually Pull Request	2025-10-03T01:50:43.5438767Z [36;1m    additions,[0m
job-stats	Generated actually Pull Request	2025-10-03T01:50:43.5439060Z [36;1m    assignees: ((.assignees // []) | map(.login) | join(";")),[0m
job-stats	Generated actually Pull Request	2025-10-03T01:50:43.5439640Z [36;1m    author: (.user.login // ""),[0m
job-stats	Generated actually Pull Request	2025-10-03T01:50:43.5439963Z [36;1m    autoMergeRequest: (.auto_merge // false),[0m
job-stats	Generated actually Pull Request	2025-10-03T01:50:43.5440326Z [36;1m    baseRefName,[0m
job-stats	Generated actually Pull Request	2025-10-03T01:50:43.5440545Z [36;1m    body: (.body // ""),[0m
job-stats	Generated actually Pull Request	2025-10-03T01:50:43.5440788Z [36;1m    changedFiles,[0m
job-stats	Generated actually Pull Request	2025-10-03T01:50:43.5441031Z [36;1m    closed: (.state == "closed"),[0m
job-stats	Generated actually Pull Request	2025-10-03T01:50:43.5441309Z [36;1m    closedAt: (.closed_at // ""),[0m
job-stats	Generated actually Pull Request	2025-10-03T01:50:43.5441590Z [36;1m    comments: (.comments // 0),[0m
job-stats	Generated actually Pull Request	2025-10-03T01:50:43.5441855Z [36;1m    commits: (.commits // 0),[0m
job-stats	Generated actually Pull Request	2025-10-03T01:50:43.5442102Z [36;1m    createdAt,[0m
job-stats	Generated actually Pull Request	2025-10-03T01:50:43.5442327Z [36;1m    deletions,[0m
job-stats	Generated actually Pull Request	2025-10-03T01:50:43.5442598Z [36;1m    files: ((.files // []) | map(.filename) | join(";")),[0m
job-stats	Generated actually Pull Request	2025-10-03T01:50:43.5442924Z [36;1m    fullDatabaseId,[0m
job-stats	Generated actually Pull Request	2025-10-03T01:50:43.5443162Z [36;1m    headRefName,[0m
job-stats	Generated actually Pull Request	2025-10-03T01:50:43.5443446Z [36;1m    headRepository: (.head.repo.full_name // ""),[0m
job-stats	Generated actually Pull Request	2025-10-03T01:50:43.5443831Z [36;1m    headRepositoryOwner: (.head.repo.owner.login // ""),[0m
job-stats	Generated actually Pull Request	2025-10-03T01:50:43.5444172Z [36;1m    id,[0m
job-stats	Generated actually Pull Request	2025-10-03T01:50:43.5444478Z [36;1m    isCrossRepository: (.head.repo.id != .base.repo.id),[0m
job-stats	Generated actually Pull Request	2025-10-03T01:50:43.5444805Z [36;1m    isDraft,[0m
job-stats	Generated actually Pull Request	2025-10-03T01:50:43.5445069Z [36;1m    labels: ((.labels // []) | map(.name) | join(";")),[0m
job-stats	Generated actually Pull Request	2025-10-03T01:50:43.5445477Z [36;1m    latestReviews: ((.latest_reviews // []) | map(.state) | join(";")),[0m
job-stats	Generated actually Pull Request	2025-10-03T01:50:43.5445853Z [36;1m    maintainerCanModify,[0m
job-stats	Generated actually Pull Request	2025-10-03T01:50:43.5446132Z [36;1m    mergeCommit: (.merge_commit_sha // ""),[0m
job-stats	Generated actually Pull Request	2025-10-03T01:50:43.5446426Z [36;1m    mergeStateStatus,[0m
job-stats	Generated actually Pull Request	2025-10-03T01:50:43.5446918Z [36;1m    mergeable,[0m
job-stats	Generated actually Pull Request	2025-10-03T01:50:43.5447291Z [36;1m    mergedAt: (.merged_at // ""),[0m
job-stats	Generated actually Pull Request	2025-10-03T01:50:43.5447842Z [36;1m    mergedBy: (.merged_by.login // ""),[0m
job-stats	Generated actually Pull Request	2025-10-03T01:50:43.5448309Z [36;1m    milestone: (.milestone.title // ""),[0m
job-stats	Generated actually Pull Request	2025-10-03T01:50:43.5448608Z [36;1m    number,[0m
job-stats	Generated actually Pull Request	2025-10-03T01:50:43.5448922Z [36;1m    projectCards: ((.project_cards // []) | map(.url) | join(";")),[0m
job-stats	Generated actually Pull Request	2025-10-03T01:50:43.5449402Z [36;1m    projectItems: ((.project_items // []) | map(.url) | join(";")),[0m
job-stats	Generated actually Pull Request	2025-10-03T01:50:43.5450050Z [36;1m    reactionGroups: ((.reactions // {}) | to_entries | map("\(.key)=\(.value)") | join(";")),[0m
job-stats	Generated actually Pull Request	2025-10-03T01:50:43.5450731Z [36;1m    reviewDecision,[0m
job-stats	Generated actually Pull Request	2025-10-03T01:50:43.5451079Z [36;1m    reviewRequests: ((.review_requests // []) | map(.login) | join(";")),[0m
job-stats	Generated actually Pull Request	2025-10-03T01:50:43.5451514Z [36;1m    reviews: ((.reviews // []) | map(.state) | join(";")),[0m
job-stats	Generated actually Pull Request	2025-10-03T01:50:43.5451827Z [36;1m    state,[0m
job-stats	Generated actually Pull Request	2025-10-03T01:50:43.5452170Z [36;1m    statusCheckRollup: ((.status_check_rollup // []) | map(.context) | join(";")),[0m
job-stats	Generated actually Pull Request	2025-10-03T01:50:43.5452565Z [36;1m    title,[0m
job-stats	Generated actually Pull Request	2025-10-03T01:50:43.5452775Z [36;1m    updatedAt,[0m
job-stats	Generated actually Pull Request	2025-10-03T01:50:43.5453006Z [36;1m    url: .html_url[0m
job-stats	Generated actually Pull Request	2025-10-03T01:50:43.5453227Z [36;1m  }]' \[0m
job-stats	Generated actually Pull Request	2025-10-03T01:50:43.5453480Z [36;1m  | tee ${KAOS_PATH_RESUME}pr-log-${KAOS_CODE}.json \[0m
job-stats	Generated actually Pull Request	2025-10-03T01:50:43.5453787Z [36;1m  | jq -r '[0m
job-stats	Generated actually Pull Request	2025-10-03T01:50:43.5454243Z [36;1m    (if type == "array" and length > 0 then[0m
job-stats	Generated actually Pull Request	2025-10-03T01:50:43.5454515Z [36;1m      [[0m
job-stats	Generated actually Pull Request	2025-10-03T01:50:43.5454710Z [36;1m        "additions",[0m
job-stats	Generated actually Pull Request	2025-10-03T01:50:43.5454939Z [36;1m        "assignees",[0m
job-stats	Generated actually Pull Request	2025-10-03T01:50:43.5455168Z [36;1m        "author",[0m
job-stats	Generated actually Pull Request	2025-10-03T01:50:43.5455400Z [36;1m        "autoMergeRequest",[0m
job-stats	Generated actually Pull Request	2025-10-03T01:50:43.5455652Z [36;1m        "baseRefName",[0m
job-stats	Generated actually Pull Request	2025-10-03T01:50:43.5455887Z [36;1m        "body",[0m
job-stats	Generated actually Pull Request	2025-10-03T01:50:43.5456105Z [36;1m        "changedFiles",[0m
job-stats	Generated actually Pull Request	2025-10-03T01:50:43.5456344Z [36;1m        "closed",[0m
job-stats	Generated actually Pull Request	2025-10-03T01:50:43.5456635Z [36;1m        "closedAt",[0m
job-stats	Generated actually Pull Request	2025-10-03T01:50:43.5457059Z [36;1m        "comments",[0m
job-stats	Generated actually Pull Request	2025-10-03T01:50:43.5457660Z [36;1m        "commits",[0m
job-stats	Generated actually Pull Request	2025-10-03T01:50:43.5457886Z [36;1m        "createdAt",[0m
job-stats	Generated actually Pull Request	2025-10-03T01:50:43.5458120Z [36;1m        "deletions",[0m
job-stats	Generated actually Pull Request	2025-10-03T01:50:43.5458345Z [36;1m        "files",[0m
job-stats	Generated actually Pull Request	2025-10-03T01:50:43.5458579Z [36;1m        "fullDatabaseId",[0m
job-stats	Generated actually Pull Request	2025-10-03T01:50:43.5458829Z [36;1m        "headRefName",[0m
job-stats	Generated actually Pull Request	2025-10-03T01:50:43.5459069Z [36;1m        "headRepository",[0m
job-stats	Generated actually Pull Request	2025-10-03T01:50:43.5459334Z [36;1m        "headRepositoryOwner",[0m
job-stats	Generated actually Pull Request	2025-10-03T01:50:43.5459593Z [36;1m        "id",[0m
job-stats	Generated actually Pull Request	2025-10-03T01:50:43.5459814Z [36;1m        "isCrossRepository",[0m
job-stats	Generated actually Pull Request	2025-10-03T01:50:43.5460068Z [36;1m        "isDraft",[0m
job-stats	Generated actually Pull Request	2025-10-03T01:50:43.5460291Z [36;1m        "labels",[0m
job-stats	Generated actually Pull Request	2025-10-03T01:50:43.5460511Z [36;1m        "latestReviews",[0m
job-stats	Generated actually Pull Request	2025-10-03T01:50:43.5460769Z [36;1m        "maintainerCanModify",[0m
job-stats	Generated actually Pull Request	2025-10-03T01:50:43.5461033Z [36;1m        "mergeCommit",[0m
job-stats	Generated actually Pull Request	2025-10-03T01:50:43.5461279Z [36;1m        "mergeStateStatus",[0m
job-stats	Generated actually Pull Request	2025-10-03T01:50:43.5461532Z [36;1m        "mergeable",[0m
job-stats	Generated actually Pull Request	2025-10-03T01:50:43.5461765Z [36;1m        "mergedAt",[0m
job-stats	Generated actually Pull Request	2025-10-03T01:50:43.5461983Z [36;1m        "mergedBy",[0m
job-stats	Generated actually Pull Request	2025-10-03T01:50:43.5462209Z [36;1m        "milestone",[0m
job-stats	Generated actually Pull Request	2025-10-03T01:50:43.5462435Z [36;1m        "number",[0m
job-stats	Generated actually Pull Request	2025-10-03T01:50:43.5462665Z [36;1m        "projectCards",[0m
job-stats	Generated actually Pull Request	2025-10-03T01:50:43.5462911Z [36;1m        "projectItems",[0m
job-stats	Generated actually Pull Request	2025-10-03T01:50:43.5463157Z [36;1m        "reactionGroups",[0m
job-stats	Generated actually Pull Request	2025-10-03T01:50:43.5463408Z [36;1m        "reviewDecision",[0m
job-stats	Generated actually Pull Request	2025-10-03T01:50:43.5463658Z [36;1m        "reviewRequests",[0m
job-stats	Generated actually Pull Request	2025-10-03T01:50:43.5463902Z [36;1m        "reviews",[0m
job-stats	Generated actually Pull Request	2025-10-03T01:50:43.5464129Z [36;1m        "state",[0m
job-stats	Generated actually Pull Request	2025-10-03T01:50:43.5464524Z [36;1m        "statusCheckRollup",[0m
job-stats	Generated actually Pull Request	2025-10-03T01:50:43.5464785Z [36;1m        "title",[0m
job-stats	Generated actually Pull Request	2025-10-03T01:50:43.5465006Z [36;1m        "updatedAt",[0m
job-stats	Generated actually Pull Request	2025-10-03T01:50:43.5465240Z [36;1m        "url"[0m
job-stats	Generated actually Pull Request	2025-10-03T01:50:43.5465452Z [36;1m      ],[0m
job-stats	Generated actually Pull Request	2025-10-03T01:50:43.5465644Z [36;1m      (.[] | [[0m
job-stats	Generated actually Pull Request	2025-10-03T01:50:43.5465871Z [36;1m        .additions,[0m
job-stats	Generated actually Pull Request	2025-10-03T01:50:43.5466102Z [36;1m        .assignees,[0m
job-stats	Generated actually Pull Request	2025-10-03T01:50:43.5466331Z [36;1m        .author,[0m
job-stats	Generated actually Pull Request	2025-10-03T01:50:43.5466615Z [36;1m        .autoMergeRequest,[0m
job-stats	Generated actually Pull Request	2025-10-03T01:50:43.5467274Z [36;1m        .baseRefName,[0m
job-stats	Generated actually Pull Request	2025-10-03T01:50:43.5467507Z [36;1m        .body,[0m
job-stats	Generated actually Pull Request	2025-10-03T01:50:43.5467726Z [36;1m        .changedFiles,[0m
job-stats	Generated actually Pull Request	2025-10-03T01:50:43.5467962Z [36;1m        .closed,[0m
job-stats	Generated actually Pull Request	2025-10-03T01:50:43.5468174Z [36;1m        .closedAt,[0m
job-stats	Generated actually Pull Request	2025-10-03T01:50:43.5468398Z [36;1m        .comments,[0m
job-stats	Generated actually Pull Request	2025-10-03T01:50:43.5468619Z [36;1m        .commits,[0m
job-stats	Generated actually Pull Request	2025-10-03T01:50:43.5468841Z [36;1m        .createdAt,[0m
job-stats	Generated actually Pull Request	2025-10-03T01:50:43.5469066Z [36;1m        .deletions,[0m
job-stats	Generated actually Pull Request	2025-10-03T01:50:43.5469287Z [36;1m        .files,[0m
job-stats	Generated actually Pull Request	2025-10-03T01:50:43.5469504Z [36;1m        .fullDatabaseId,[0m
job-stats	Generated actually Pull Request	2025-10-03T01:50:43.5469754Z [36;1m        .headRefName,[0m
job-stats	Generated actually Pull Request	2025-10-03T01:50:43.5469991Z [36;1m        .headRepository,[0m
job-stats	Generated actually Pull Request	2025-10-03T01:50:43.5470255Z [36;1m        .headRepositoryOwner,[0m
job-stats	Generated actually Pull Request	2025-10-03T01:50:43.5470509Z [36;1m        .id,[0m
job-stats	Generated actually Pull Request	2025-10-03T01:50:43.5470731Z [36;1m        .isCrossRepository,[0m
job-stats	Generated actually Pull Request	2025-10-03T01:50:43.5471119Z [36;1m        .isDraft,[0m
job-stats	Generated actually Pull Request	2025-10-03T01:50:43.5471338Z [36;1m        .labels,[0m
job-stats	Generated actually Pull Request	2025-10-03T01:50:43.5471565Z [36;1m        .latestReviews,[0m
job-stats	Generated actually Pull Request	2025-10-03T01:50:43.5471820Z [36;1m        .maintainerCanModify,[0m
job-stats	Generated actually Pull Request	2025-10-03T01:50:43.5472083Z [36;1m        .mergeCommit,[0m
job-stats	Generated actually Pull Request	2025-10-03T01:50:43.5472325Z [36;1m        .mergeStateStatus,[0m
job-stats	Generated actually Pull Request	2025-10-03T01:50:43.5472572Z [36;1m        .mergeable,[0m
job-stats	Generated actually Pull Request	2025-10-03T01:50:43.5472795Z [36;1m        .mergedAt,[0m
job-stats	Generated actually Pull Request	2025-10-03T01:50:43.5480958Z [36;1m        .mergedBy,[0m
job-stats	Generated actually Pull Request	2025-10-03T01:50:43.5481304Z [36;1m        .milestone,[0m
job-stats	Generated actually Pull Request	2025-10-03T01:50:43.5481529Z [36;1m        .number,[0m
job-stats	Generated actually Pull Request	2025-10-03T01:50:43.5481753Z [36;1m        .projectCards,[0m
job-stats	Generated actually Pull Request	2025-10-03T01:50:43.5481996Z [36;1m        .projectItems,[0m
job-stats	Generated actually Pull Request	2025-10-03T01:50:43.5482433Z [36;1m        .reactionGroups,[0m
job-stats	Generated actually Pull Request	2025-10-03T01:50:43.5482684Z [36;1m        .reviewDecision,[0m
job-stats	Generated actually Pull Request	2025-10-03T01:50:43.5482927Z [36;1m        .reviewRequests,[0m
job-stats	Generated actually Pull Request	2025-10-03T01:50:43.5483168Z [36;1m        .reviews,[0m
job-stats	Generated actually Pull Request	2025-10-03T01:50:43.5483397Z [36;1m        .state,[0m
job-stats	Generated actually Pull Request	2025-10-03T01:50:43.5483625Z [36;1m        .statusCheckRollup,[0m
job-stats	Generated actually Pull Request	2025-10-03T01:50:43.5483875Z [36;1m        .title,[0m
job-stats	Generated actually Pull Request	2025-10-03T01:50:43.5484089Z [36;1m        .updatedAt,[0m
job-stats	Generated actually Pull Request	2025-10-03T01:50:43.5484301Z [36;1m        .url[0m
job-stats	Generated actually Pull Request	2025-10-03T01:50:43.5484497Z [36;1m      ])[0m
job-stats	Generated actually Pull Request	2025-10-03T01:50:43.5484697Z [36;1m    else[0m
job-stats	Generated actually Pull Request	2025-10-03T01:50:43.5484885Z [36;1m      empty[0m
job-stats	Generated actually Pull Request	2025-10-03T01:50:43.5485088Z [36;1m    end) | @csv[0m
job-stats	Generated actually Pull Request	2025-10-03T01:50:43.5485329Z [36;1m  ' > ${KAOS_PATH_RESUME}actually-pr.csv[0m
job-stats	Generated actually Pull Request	2025-10-03T01:50:43.5485599Z [36;1m[0m
job-stats	Generated actually Pull Request	2025-10-03T01:50:43.5485787Z [36;1m# Formatear JSON final[0m
job-stats	Generated actually Pull Request	2025-10-03T01:50:43.5486215Z [36;1mcat ${KAOS_PATH_RESUME}pr-log-${KAOS_CODE}.json | jq -s '.' > ${KAOS_PATH_RESUME}actually-pr.json[0m
job-stats	Generated actually Pull Request	2025-10-03T01:50:43.5486944Z [36;1mecho "Mostramos el contenido del fichero"[0m
job-stats	Generated actually Pull Request	2025-10-03T01:50:43.5487559Z [36;1m#cat audit/workflows/actually-pr.json[0m
job-stats	Generated actually Pull Request	2025-10-03T01:50:43.5496383Z shell: /usr/bin/bash -e {0}
job-stats	Generated actually Pull Request	2025-10-03T01:50:43.5497116Z env:
job-stats	Generated actually Pull Request	2025-10-03T01:50:43.5497320Z   KAOS_CODE: 18210529264
job-stats	Generated actually Pull Request	2025-10-03T01:50:43.5497560Z   KAOS_EVENT_NAME: schedule
job-stats	Generated actually Pull Request	2025-10-03T01:50:43.5497794Z   KAOS_ACTION: 
job-stats	Generated actually Pull Request	2025-10-03T01:50:43.5497999Z   KAOS_REF: refs/heads/main
job-stats	Generated actually Pull Request	2025-10-03T01:50:43.5498274Z   KAOS_MODULE: [Ka0S] Workflow Statistics Summary
job-stats	Generated actually Pull Request	2025-10-03T01:50:43.5498703Z   KAOS_PATH_RESUME: audit/workflows/
job-stats	Generated actually Pull Request	2025-10-03T01:50:43.5498972Z   KAOS_ACTOR: santakloud
job-stats	Generated actually Pull Request	2025-10-03T01:50:43.5499451Z   GH_REPO: Ka0s-Klaus/ka0s
job-stats	Generated actually Pull Request	2025-10-03T01:50:43.5499982Z   GH_TOKEN: ***
job-stats	Generated actually Pull Request	2025-10-03T01:50:43.5500192Z ##[endgroup]
job-stats	Generated actually Pull Request	2025-10-03T01:50:43.5543950Z Extraemos toda la información de las PR hasta el momento
job-stats	Generated actually Pull Request	2025-10-03T01:50:47.6588112Z Mostramos el contenido del fichero
job-stats	Upload Files	﻿2025-10-03T01:50:47.6622814Z ##[group]Run echo "Downloading files to the repository..."
job-stats	Upload Files	2025-10-03T01:50:47.6623307Z [36;1mecho "Downloading files to the repository..."[0m
job-stats	Upload Files	2025-10-03T01:50:47.6624002Z [36;1mgit config --global user.name "***"[0m
job-stats	Upload Files	2025-10-03T01:50:47.6624368Z [36;1mgit config --global user.email "***"[0m
job-stats	Upload Files	2025-10-03T01:50:47.6624777Z [36;1mgit pull[0m
job-stats	Upload Files	2025-10-03T01:50:47.6625025Z [36;1mecho "Uploading files to the repository..."[0m
job-stats	Upload Files	2025-10-03T01:50:47.6625336Z [36;1mgit add audit/workflows/*[0m
job-stats	Upload Files	2025-10-03T01:50:47.6625761Z [36;1mgit commit -m "[Ka0S] Uploading resume workflows execution files to the repository..."[0m
job-stats	Upload Files	2025-10-03T01:50:47.6626217Z [36;1mgit push origin refs/heads/main[0m
job-stats	Upload Files	2025-10-03T01:50:47.6635396Z shell: /usr/bin/bash -e {0}
job-stats	Upload Files	2025-10-03T01:50:47.6635653Z env:
job-stats	Upload Files	2025-10-03T01:50:47.6635841Z   KAOS_CODE: 18210529264
job-stats	Upload Files	2025-10-03T01:50:47.6636085Z   KAOS_EVENT_NAME: schedule
job-stats	Upload Files	2025-10-03T01:50:47.6636317Z   KAOS_ACTION: 
job-stats	Upload Files	2025-10-03T01:50:47.6636520Z   KAOS_REF: refs/heads/main
job-stats	Upload Files	2025-10-03T01:50:47.6636928Z   KAOS_MODULE: [Ka0S] Workflow Statistics Summary
job-stats	Upload Files	2025-10-03T01:50:47.6637237Z   KAOS_PATH_RESUME: audit/workflows/
job-stats	Upload Files	2025-10-03T01:50:47.6637623Z   KAOS_ACTOR: santakloud
job-stats	Upload Files	2025-10-03T01:50:47.6637970Z   GH_REPO: Ka0s-Klaus/ka0s
job-stats	Upload Files	2025-10-03T01:50:47.6638346Z   GH_TOKEN: ***
job-stats	Upload Files	2025-10-03T01:50:47.6638537Z ##[endgroup]
job-stats	Upload Files	2025-10-03T01:50:47.6678813Z Downloading files to the repository...
job-stats	Upload Files	2025-10-03T01:50:48.2276214Z Already up to date.
job-stats	Upload Files	2025-10-03T01:50:48.2281670Z Uploading files to the repository...
job-stats	Upload Files	2025-10-03T01:50:48.2932976Z [main 2822fa41] [Ka0S] Uploading resume workflows execution files to the repository...
job-stats	Upload Files	2025-10-03T01:50:48.2933618Z  11 files changed, 45224 insertions(+)
job-stats	Upload Files	2025-10-03T01:50:48.2934026Z  create mode 100644 audit/workflows/actually-issue.csv
job-stats	Upload Files	2025-10-03T01:50:48.2934420Z  create mode 100644 audit/workflows/actually-issue.json
job-stats	Upload Files	2025-10-03T01:50:48.2935095Z  create mode 100644 audit/workflows/actually-pr.csv
job-stats	Upload Files	2025-10-03T01:50:48.2935500Z  create mode 100644 audit/workflows/actually-pr.json
job-stats	Upload Files	2025-10-03T01:50:48.2936412Z  create mode 100644 audit/workflows/actually-workflows-runs.csv
job-stats	Upload Files	2025-10-03T01:50:48.2937107Z  create mode 100644 audit/workflows/actually-workflows-runs.json
job-stats	Upload Files	2025-10-03T01:50:48.2937603Z  create mode 100644 audit/workflows/actually-workflows.csv
job-stats	Upload Files	2025-10-03T01:50:48.2938173Z  create mode 100644 audit/workflows/actually-workflows.json
job-stats	Upload Files	2025-10-03T01:50:48.2938629Z  create mode 100644 audit/workflows/issue-log-18210529264.json
job-stats	Upload Files	2025-10-03T01:50:48.2939352Z  create mode 100644 audit/workflows/pr-log-18210529264.json
job-stats	Upload Files	2025-10-03T01:50:48.2939822Z  create mode 100644 audit/workflows/workflows-runs-18210529264.json
job-stats	Upload Files	2025-10-03T01:50:49.6640474Z To https://github.com/Ka0s-Klaus/ka0s
job-stats	Upload Files	2025-10-03T01:50:49.6642218Z    1244b332..2822fa41  main -> main
job-stats	Post Checkout	﻿2025-10-03T01:50:49.6802917Z Post job cleanup.
job-stats	Post Checkout	2025-10-03T01:50:49.7808217Z [command]/usr/bin/git version
job-stats	Post Checkout	2025-10-03T01:50:49.7845653Z git version 2.51.0
job-stats	Post Checkout	2025-10-03T01:50:49.7886395Z Copying '/home/runner/.gitconfig' to '/home/runner/_work/_temp/a5657047-9641-4648-b88c-37aa866b1bfb/.gitconfig'
job-stats	Post Checkout	2025-10-03T01:50:49.7900287Z Temporarily overriding HOME='/home/runner/_work/_temp/a5657047-9641-4648-b88c-37aa866b1bfb' before making global git config changes
job-stats	Post Checkout	2025-10-03T01:50:49.7901189Z Adding repository directory to the temporary git global config as a safe directory
job-stats	Post Checkout	2025-10-03T01:50:49.7905323Z [command]/usr/bin/git config --global --add safe.directory /home/runner/_work/ka0s/ka0s
job-stats	Post Checkout	2025-10-03T01:50:49.7952790Z [command]/usr/bin/git config --local --name-only --get-regexp core\.sshCommand
job-stats	Post Checkout	2025-10-03T01:50:49.7991756Z [command]/usr/bin/git submodule foreach --recursive sh -c "git config --local --name-only --get-regexp 'core\.sshCommand' && git config --local --unset-all 'core.sshCommand' || :"
job-stats	Post Checkout	2025-10-03T01:50:49.8254791Z [command]/usr/bin/git config --local --name-only --get-regexp http\.https\:\/\/github\.com\/\.extraheader
job-stats	Post Checkout	2025-10-03T01:50:49.8279375Z http.https://github.com/.extraheader
job-stats	Post Checkout	2025-10-03T01:50:49.8292557Z [command]/usr/bin/git config --local --unset-all http.https://github.com/.extraheader
job-stats	Post Checkout	2025-10-03T01:50:49.8327709Z [command]/usr/bin/git submodule foreach --recursive sh -c "git config --local --name-only --get-regexp 'http\.https\:\/\/github\.com\/\.extraheader' && git config --local --unset-all 'http.https://github.com/.extraheader' || :"
job-stats	Complete job	﻿2025-10-03T01:50:49.8698733Z Cleaning up orphan processes
handle-success	Set up job	﻿2025-10-03T01:50:55.4367838Z Current runner version: '2.328.0'
handle-success	Set up job	2025-10-03T01:50:55.4376122Z Runner name: 'a00fb658a351'
handle-success	Set up job	2025-10-03T01:50:55.4377186Z Runner group name: 'swarm-runners'
handle-success	Set up job	2025-10-03T01:50:55.4378359Z Machine name: 'a00fb658a351'
handle-success	Set up job	2025-10-03T01:50:55.4382531Z ##[group]GITHUB_TOKEN Permissions
handle-success	Set up job	2025-10-03T01:50:55.4385463Z Actions: write
handle-success	Set up job	2025-10-03T01:50:55.4386051Z Contents: write
handle-success	Set up job	2025-10-03T01:50:55.4386864Z Issues: write
handle-success	Set up job	2025-10-03T01:50:55.4387454Z Metadata: read
handle-success	Set up job	2025-10-03T01:50:55.4387956Z ##[endgroup]
handle-success	Set up job	2025-10-03T01:50:55.4390184Z Secret source: Actions
handle-success	Set up job	2025-10-03T01:50:55.4390933Z Prepare workflow directory
handle-success	Set up job	2025-10-03T01:50:55.4999066Z Prepare all required actions
handle-success	Set up job	2025-10-03T01:50:55.5043960Z Getting action download info
handle-success	Set up job	2025-10-03T01:50:56.0448148Z Download action repository 'actions/checkout@v4' (SHA:08eba0b27e820071cde6df949e0beb9ba4906955)
handle-success	Set up job	2025-10-03T01:50:56.8365791Z Complete job name: handle-success
handle-success	Checkout code	﻿2025-10-03T01:50:56.8898821Z ##[group]Run actions/checkout@v4
handle-success	Checkout code	2025-10-03T01:50:56.8899684Z with:
handle-success	Checkout code	2025-10-03T01:50:56.8900182Z   fetch-depth: 0
handle-success	Checkout code	2025-10-03T01:50:56.8900814Z   token: ***
handle-success	Checkout code	2025-10-03T01:50:56.8901191Z   repository: Ka0s-Klaus/ka0s
handle-success	Checkout code	2025-10-03T01:50:56.8901674Z   ssh-strict: true
handle-success	Checkout code	2025-10-03T01:50:56.8902049Z   ssh-user: git
handle-success	Checkout code	2025-10-03T01:50:56.8902427Z   persist-credentials: true
handle-success	Checkout code	2025-10-03T01:50:56.8902851Z   clean: true
handle-success	Checkout code	2025-10-03T01:50:56.8903229Z   sparse-checkout-cone-mode: true
handle-success	Checkout code	2025-10-03T01:50:56.8903692Z   fetch-tags: false
handle-success	Checkout code	2025-10-03T01:50:56.8904074Z   show-progress: true
handle-success	Checkout code	2025-10-03T01:50:56.8904500Z   lfs: false
handle-success	Checkout code	2025-10-03T01:50:56.8904855Z   submodules: false
handle-success	Checkout code	2025-10-03T01:50:56.8905237Z   set-safe-directory: true
handle-success	Checkout code	2025-10-03T01:50:56.8905884Z env:
handle-success	Checkout code	2025-10-03T01:50:56.8906242Z   KAOS_CODE: 18210529264
handle-success	Checkout code	2025-10-03T01:50:56.8906873Z   KAOS_EVENT_NAME: schedule
handle-success	Checkout code	2025-10-03T01:50:56.8907425Z   KAOS_ACTION: 
handle-success	Checkout code	2025-10-03T01:50:56.8907794Z   KAOS_REF: refs/heads/main
handle-success	Checkout code	2025-10-03T01:50:56.8908270Z   KAOS_MODULE: [Ka0S] Workflow Statistics Summary
handle-success	Checkout code	2025-10-03T01:50:56.8908850Z   KAOS_PATH_RESUME: audit/workflows/
handle-success	Checkout code	2025-10-03T01:50:56.8909336Z   KAOS_ACTOR: santakloud
handle-success	Checkout code	2025-10-03T01:50:56.8909752Z   GH_REPO: Ka0s-Klaus/ka0s
handle-success	Checkout code	2025-10-03T01:50:56.8910160Z ##[endgroup]
handle-success	Checkout code	2025-10-03T01:50:57.0080524Z Syncing repository: Ka0s-Klaus/ka0s
handle-success	Checkout code	2025-10-03T01:50:57.0082398Z ##[group]Getting Git version info
handle-success	Checkout code	2025-10-03T01:50:57.0083043Z Working directory is '/home/runner/_work/ka0s/ka0s'
handle-success	Checkout code	2025-10-03T01:50:57.0083948Z [command]/usr/bin/git version
handle-success	Checkout code	2025-10-03T01:50:57.0092021Z git version 2.51.0
handle-success	Checkout code	2025-10-03T01:50:57.0109026Z ##[endgroup]
handle-success	Checkout code	2025-10-03T01:50:57.0119843Z Copying '/home/runner/.gitconfig' to '/home/runner/_work/_temp/a8e5e681-c235-4773-b02f-e589b24779a9/.gitconfig'
handle-success	Checkout code	2025-10-03T01:50:57.0131533Z Temporarily overriding HOME='/home/runner/_work/_temp/a8e5e681-c235-4773-b02f-e589b24779a9' before making global git config changes
handle-success	Checkout code	2025-10-03T01:50:57.0133988Z Adding repository directory to the temporary git global config as a safe directory
handle-success	Checkout code	2025-10-03T01:50:57.0136850Z [command]/usr/bin/git config --global --add safe.directory /home/runner/_work/ka0s/ka0s
handle-success	Checkout code	2025-10-03T01:50:57.0195648Z [command]/usr/bin/git config --local --get remote.origin.url
handle-success	Checkout code	2025-10-03T01:50:57.0234602Z https://github.com/Ka0s-Klaus/ka0s
handle-success	Checkout code	2025-10-03T01:50:57.0239507Z ##[group]Removing previously created refs, to avoid conflicts
handle-success	Checkout code	2025-10-03T01:50:57.0250914Z [command]/usr/bin/git rev-parse --symbolic-full-name --verify --quiet HEAD
handle-success	Checkout code	2025-10-03T01:50:57.0270842Z refs/heads/main
handle-success	Checkout code	2025-10-03T01:50:57.0282487Z [command]/usr/bin/git checkout --detach
handle-success	Checkout code	2025-10-03T01:50:57.0365142Z HEAD is now at 2822fa41 [Ka0S] Uploading resume workflows execution files to the repository...
handle-success	Checkout code	2025-10-03T01:50:57.0421157Z [command]/usr/bin/git branch --delete --force main
handle-success	Checkout code	2025-10-03T01:50:57.0453402Z Deleted branch main (was 2822fa41).
handle-success	Checkout code	2025-10-03T01:50:57.0539627Z ##[endgroup]
handle-success	Checkout code	2025-10-03T01:50:57.0542518Z [command]/usr/bin/git submodule status
handle-success	Checkout code	2025-10-03T01:50:57.0790338Z ##[group]Cleaning the repository
handle-success	Checkout code	2025-10-03T01:50:57.0795935Z [command]/usr/bin/git clean -ffdx
handle-success	Checkout code	2025-10-03T01:50:57.0857046Z [command]/usr/bin/git reset --hard HEAD
handle-success	Checkout code	2025-10-03T01:50:57.0939844Z HEAD is now at 2822fa41 [Ka0S] Uploading resume workflows execution files to the repository...
handle-success	Checkout code	2025-10-03T01:50:57.0944593Z ##[endgroup]
handle-success	Checkout code	2025-10-03T01:50:57.0946144Z ##[group]Disabling automatic garbage collection
handle-success	Checkout code	2025-10-03T01:50:57.0951512Z [command]/usr/bin/git config --local gc.auto 0
handle-success	Checkout code	2025-10-03T01:50:57.0982717Z ##[endgroup]
handle-success	Checkout code	2025-10-03T01:50:57.0983475Z ##[group]Setting up auth
handle-success	Checkout code	2025-10-03T01:50:57.0989331Z [command]/usr/bin/git config --local --name-only --get-regexp core\.sshCommand
handle-success	Checkout code	2025-10-03T01:50:57.1030545Z [command]/usr/bin/git submodule foreach --recursive sh -c "git config --local --name-only --get-regexp 'core\.sshCommand' && git config --local --unset-all 'core.sshCommand' || :"
handle-success	Checkout code	2025-10-03T01:50:57.1302072Z [command]/usr/bin/git config --local --name-only --get-regexp http\.https\:\/\/github\.com\/\.extraheader
handle-success	Checkout code	2025-10-03T01:50:57.1317423Z [command]/usr/bin/git submodule foreach --recursive sh -c "git config --local --name-only --get-regexp 'http\.https\:\/\/github\.com\/\.extraheader' && git config --local --unset-all 'http.https://github.com/.extraheader' || :"
handle-success	Checkout code	2025-10-03T01:50:57.1573659Z [command]/usr/bin/git config --local http.https://github.com/.extraheader AUTHORIZATION: basic ***
handle-success	Checkout code	2025-10-03T01:50:57.1616736Z ##[endgroup]
handle-success	Checkout code	2025-10-03T01:50:57.1617671Z ##[group]Fetching the repository
handle-success	Checkout code	2025-10-03T01:50:57.1624694Z [command]/usr/bin/git -c protocol.version=2 fetch --prune --no-recurse-submodules origin +refs/heads/*:refs/remotes/origin/* +refs/tags/*:refs/tags/*
handle-success	Checkout code	2025-10-03T01:50:57.7732753Z [command]/usr/bin/git branch --list --remote origin/main
handle-success	Checkout code	2025-10-03T01:50:57.7800092Z   origin/main
handle-success	Checkout code	2025-10-03T01:50:57.7807806Z [command]/usr/bin/git rev-parse refs/remotes/origin/main
handle-success	Checkout code	2025-10-03T01:50:57.7834114Z 2822fa41d382700129e722a66d7f71d8879b7eff
handle-success	Checkout code	2025-10-03T01:50:57.7845148Z [command]/usr/bin/git -c protocol.version=2 fetch --no-tags --prune --no-recurse-submodules origin +1244b332f0d556fb8c7318a9bb50d729248c5a82:refs/remotes/origin/main
handle-success	Checkout code	2025-10-03T01:50:57.8021172Z From https://github.com/Ka0s-Klaus/ka0s
handle-success	Checkout code	2025-10-03T01:50:57.8023234Z  + 2822fa41...1244b332 1244b332f0d556fb8c7318a9bb50d729248c5a82 -> origin/main  (forced update)
handle-success	Checkout code	2025-10-03T01:50:57.8051561Z ##[endgroup]
handle-success	Checkout code	2025-10-03T01:50:57.8052893Z ##[group]Determining the checkout info
handle-success	Checkout code	2025-10-03T01:50:57.8054276Z ##[endgroup]
handle-success	Checkout code	2025-10-03T01:50:57.8055188Z [command]/usr/bin/git sparse-checkout disable
handle-success	Checkout code	2025-10-03T01:50:57.8111479Z [command]/usr/bin/git config --local --unset-all extensions.worktreeConfig
handle-success	Checkout code	2025-10-03T01:50:57.8145945Z ##[group]Checking out the ref
handle-success	Checkout code	2025-10-03T01:50:57.8151655Z [command]/usr/bin/git checkout --progress --force -B main refs/remotes/origin/main
handle-success	Checkout code	2025-10-03T01:50:57.8312956Z Warning: you are leaving 1 commit behind, not connected to
handle-success	Checkout code	2025-10-03T01:50:57.8314534Z any of your branches:
handle-success	Checkout code	2025-10-03T01:50:57.8315022Z 
handle-success	Checkout code	2025-10-03T01:50:57.8315723Z   2822fa41 [Ka0S] Uploading resume workflows execution files to the repository...
handle-success	Checkout code	2025-10-03T01:50:57.8316835Z 
handle-success	Checkout code	2025-10-03T01:50:57.8317615Z If you want to keep it by creating a new branch, this may be a good time
handle-success	Checkout code	2025-10-03T01:50:57.8318973Z to do so with:
handle-success	Checkout code	2025-10-03T01:50:57.8319497Z 
handle-success	Checkout code	2025-10-03T01:50:57.8320070Z  git branch <new-branch-name> 2822fa41
handle-success	Checkout code	2025-10-03T01:50:57.8320779Z 
handle-success	Checkout code	2025-10-03T01:50:57.8322132Z Switched to a new branch 'main'
handle-success	Checkout code	2025-10-03T01:50:57.8324917Z branch 'main' set up to track 'origin/main'.
handle-success	Checkout code	2025-10-03T01:50:57.8334134Z ##[endgroup]
handle-success	Checkout code	2025-10-03T01:50:57.8373739Z [command]/usr/bin/git log -1 --format=%H
handle-success	Checkout code	2025-10-03T01:50:57.8404941Z 1244b332f0d556fb8c7318a9bb50d729248c5a82
handle-success	handle-success-execution	﻿2025-10-03T01:50:57.8674838Z ##[group]Run # RNNUMBER=$(echo "refs/heads/main" | grep -o '[0-9]*')
handle-success	handle-success-execution	2025-10-03T01:50:57.8676332Z [36;1m# RNNUMBER=$(echo "refs/heads/main" | grep -o '[0-9]*')[0m
handle-success	handle-success-execution	2025-10-03T01:50:57.8678996Z [36;1m# gh issue comment $RNNUMBER --body "El proceso ha finalizado correctamente 18210529264. El resultado está en el fichero core/results/event_data_18210529264.log"[0m
handle-success	handle-success-execution	2025-10-03T01:50:57.8681621Z [36;1mecho "El proceso ha finalizado correctamente 18210529264. El resultado está en el fichero core/results/event_data_18210529264.log"[0m
handle-success	handle-success-execution	2025-10-03T01:50:57.8702184Z shell: /usr/bin/bash -e {0}
handle-success	handle-success-execution	2025-10-03T01:50:57.8703168Z env:
handle-success	handle-success-execution	2025-10-03T01:50:57.8703909Z   KAOS_CODE: 18210529264
handle-success	handle-success-execution	2025-10-03T01:50:57.8704733Z   KAOS_EVENT_NAME: schedule
handle-success	handle-success-execution	2025-10-03T01:50:57.8705561Z   KAOS_ACTION: 
handle-success	handle-success-execution	2025-10-03T01:50:57.8706331Z   KAOS_REF: refs/heads/main
handle-success	handle-success-execution	2025-10-03T01:50:57.8707839Z   KAOS_MODULE: [Ka0S] Workflow Statistics Summary
handle-success	handle-success-execution	2025-10-03T01:50:57.8708838Z   KAOS_PATH_RESUME: audit/workflows/
handle-success	handle-success-execution	2025-10-03T01:50:57.8709742Z   KAOS_ACTOR: santakloud
handle-success	handle-success-execution	2025-10-03T01:50:57.8775374Z   GH_REPO: Ka0s-Klaus/ka0s
handle-success	handle-success-execution	2025-10-03T01:50:57.8777102Z   GH_TOKEN: ***
handle-success	handle-success-execution	2025-10-03T01:50:57.8777886Z ##[endgroup]
handle-success	handle-success-execution	2025-10-03T01:50:57.8846882Z El proceso ha finalizado correctamente 18210529264. El resultado está en el fichero core/results/event_data_18210529264.log
handle-success	Post Checkout code	﻿2025-10-03T01:50:57.9018753Z Post job cleanup.
handle-success	Post Checkout code	2025-10-03T01:50:58.0098117Z [command]/usr/bin/git version
handle-success	Post Checkout code	2025-10-03T01:50:58.0136293Z git version 2.51.0
handle-success	Post Checkout code	2025-10-03T01:50:58.0182725Z Copying '/home/runner/.gitconfig' to '/home/runner/_work/_temp/a5b506d9-2ee5-44ba-b221-871b09730acf/.gitconfig'
handle-success	Post Checkout code	2025-10-03T01:50:58.0193625Z Temporarily overriding HOME='/home/runner/_work/_temp/a5b506d9-2ee5-44ba-b221-871b09730acf' before making global git config changes
handle-success	Post Checkout code	2025-10-03T01:50:58.0195849Z Adding repository directory to the temporary git global config as a safe directory
handle-success	Post Checkout code	2025-10-03T01:50:58.0198524Z [command]/usr/bin/git config --global --add safe.directory /home/runner/_work/ka0s/ka0s
handle-success	Post Checkout code	2025-10-03T01:50:58.0251336Z [command]/usr/bin/git config --local --name-only --get-regexp core\.sshCommand
handle-success	Post Checkout code	2025-10-03T01:50:58.0289259Z [command]/usr/bin/git submodule foreach --recursive sh -c "git config --local --name-only --get-regexp 'core\.sshCommand' && git config --local --unset-all 'core.sshCommand' || :"
handle-success	Post Checkout code	2025-10-03T01:50:58.0548319Z [command]/usr/bin/git config --local --name-only --get-regexp http\.https\:\/\/github\.com\/\.extraheader
handle-success	Post Checkout code	2025-10-03T01:50:58.0574161Z http.https://github.com/.extraheader
handle-success	Post Checkout code	2025-10-03T01:50:58.0586187Z [command]/usr/bin/git config --local --unset-all http.https://github.com/.extraheader
handle-success	Post Checkout code	2025-10-03T01:50:58.0621921Z [command]/usr/bin/git submodule foreach --recursive sh -c "git config --local --name-only --get-regexp 'http\.https\:\/\/github\.com\/\.extraheader' && git config --local --unset-all 'http.https://github.com/.extraheader' || :"
handle-success	Complete job	﻿2025-10-03T01:50:58.1007435Z Cleaning up orphan processes
end-workflow	Set up job	﻿2025-10-03T01:51:03.9215925Z Current runner version: '2.328.0'
end-workflow	Set up job	2025-10-03T01:51:03.9224571Z Runner name: 'a00fb658a351'
end-workflow	Set up job	2025-10-03T01:51:03.9225600Z Runner group name: 'swarm-runners'
end-workflow	Set up job	2025-10-03T01:51:03.9226518Z Machine name: 'a00fb658a351'
end-workflow	Set up job	2025-10-03T01:51:03.9230286Z ##[group]GITHUB_TOKEN Permissions
end-workflow	Set up job	2025-10-03T01:51:03.9233476Z Actions: write
end-workflow	Set up job	2025-10-03T01:51:03.9234067Z Contents: write
end-workflow	Set up job	2025-10-03T01:51:03.9234634Z Issues: write
end-workflow	Set up job	2025-10-03T01:51:03.9235096Z Metadata: read
end-workflow	Set up job	2025-10-03T01:51:03.9235705Z ##[endgroup]
end-workflow	Set up job	2025-10-03T01:51:03.9238260Z Secret source: Actions
end-workflow	Set up job	2025-10-03T01:51:03.9238919Z Prepare workflow directory
end-workflow	Set up job	2025-10-03T01:51:03.9847473Z Prepare all required actions
end-workflow	Set up job	2025-10-03T01:51:03.9890452Z Getting action download info
end-workflow	Set up job	2025-10-03T01:51:04.5631950Z Download action repository 'actions/checkout@v4' (SHA:08eba0b27e820071cde6df949e0beb9ba4906955)
end-workflow	Set up job	2025-10-03T01:51:05.4645183Z Complete job name: end-workflow
end-workflow	Checkout code	﻿2025-10-03T01:51:05.5214433Z ##[group]Run actions/checkout@v4
end-workflow	Checkout code	2025-10-03T01:51:05.5215400Z with:
end-workflow	Checkout code	2025-10-03T01:51:05.5215895Z   fetch-depth: 0
end-workflow	Checkout code	2025-10-03T01:51:05.5217135Z   token: ***
end-workflow	Checkout code	2025-10-03T01:51:05.5217732Z   repository: Ka0s-Klaus/ka0s
end-workflow	Checkout code	2025-10-03T01:51:05.5218214Z   ssh-strict: true
end-workflow	Checkout code	2025-10-03T01:51:05.5218628Z   ssh-user: git
end-workflow	Checkout code	2025-10-03T01:51:05.5219049Z   persist-credentials: true
end-workflow	Checkout code	2025-10-03T01:51:05.5219509Z   clean: true
end-workflow	Checkout code	2025-10-03T01:51:05.5219943Z   sparse-checkout-cone-mode: true
end-workflow	Checkout code	2025-10-03T01:51:05.5220443Z   fetch-tags: false
end-workflow	Checkout code	2025-10-03T01:51:05.5220867Z   show-progress: true
end-workflow	Checkout code	2025-10-03T01:51:05.5221289Z   lfs: false
end-workflow	Checkout code	2025-10-03T01:51:05.5221680Z   submodules: false
end-workflow	Checkout code	2025-10-03T01:51:05.5222169Z   set-safe-directory: true
end-workflow	Checkout code	2025-10-03T01:51:05.5222894Z env:
end-workflow	Checkout code	2025-10-03T01:51:05.5223301Z   KAOS_CODE: 18210529264
end-workflow	Checkout code	2025-10-03T01:51:05.5223749Z   KAOS_EVENT_NAME: schedule
end-workflow	Checkout code	2025-10-03T01:51:05.5224205Z   KAOS_ACTION: 
end-workflow	Checkout code	2025-10-03T01:51:05.5224624Z   KAOS_REF: refs/heads/main
end-workflow	Checkout code	2025-10-03T01:51:05.5225143Z   KAOS_MODULE: [Ka0S] Workflow Statistics Summary
end-workflow	Checkout code	2025-10-03T01:51:05.5225786Z   KAOS_PATH_RESUME: audit/workflows/
end-workflow	Checkout code	2025-10-03T01:51:05.5226376Z   KAOS_ACTOR: santakloud
end-workflow	Checkout code	2025-10-03T01:51:05.5227343Z   GH_REPO: Ka0s-Klaus/ka0s
end-workflow	Checkout code	2025-10-03T01:51:05.5248452Z   GH_TOKEN: ***
end-workflow	Checkout code	2025-10-03T01:51:05.5249022Z ##[endgroup]
end-workflow	Checkout code	2025-10-03T01:51:05.6392329Z Syncing repository: Ka0s-Klaus/ka0s
end-workflow	Checkout code	2025-10-03T01:51:05.6394344Z ##[group]Getting Git version info
end-workflow	Checkout code	2025-10-03T01:51:05.6395035Z Working directory is '/home/runner/_work/ka0s/ka0s'
end-workflow	Checkout code	2025-10-03T01:51:05.6396010Z [command]/usr/bin/git version
end-workflow	Checkout code	2025-10-03T01:51:05.6396501Z git version 2.51.0
end-workflow	Checkout code	2025-10-03T01:51:05.6411839Z ##[endgroup]
end-workflow	Checkout code	2025-10-03T01:51:05.6425361Z Copying '/home/runner/.gitconfig' to '/home/runner/_work/_temp/035a5d7a-6701-4e66-8084-ac1737a3a305/.gitconfig'
end-workflow	Checkout code	2025-10-03T01:51:05.6438839Z Temporarily overriding HOME='/home/runner/_work/_temp/035a5d7a-6701-4e66-8084-ac1737a3a305' before making global git config changes
end-workflow	Checkout code	2025-10-03T01:51:05.6440463Z Adding repository directory to the temporary git global config as a safe directory
end-workflow	Checkout code	2025-10-03T01:51:05.6444470Z [command]/usr/bin/git config --global --add safe.directory /home/runner/_work/ka0s/ka0s
end-workflow	Checkout code	2025-10-03T01:51:05.6491425Z [command]/usr/bin/git config --local --get remote.origin.url
end-workflow	Checkout code	2025-10-03T01:51:05.6517169Z https://github.com/Ka0s-Klaus/ka0s
end-workflow	Checkout code	2025-10-03T01:51:05.6533541Z ##[group]Removing previously created refs, to avoid conflicts
end-workflow	Checkout code	2025-10-03T01:51:05.6537298Z [command]/usr/bin/git rev-parse --symbolic-full-name --verify --quiet HEAD
end-workflow	Checkout code	2025-10-03T01:51:05.6561715Z refs/heads/main
end-workflow	Checkout code	2025-10-03T01:51:05.6571601Z [command]/usr/bin/git checkout --detach
end-workflow	Checkout code	2025-10-03T01:51:05.6838533Z HEAD is now at 1244b332 swarm-runners] Uploading files to MongoDB update repository ...
end-workflow	Checkout code	2025-10-03T01:51:05.6892871Z [command]/usr/bin/git branch --delete --force main
end-workflow	Checkout code	2025-10-03T01:51:05.6930739Z Deleted branch main (was 1244b332).
end-workflow	Checkout code	2025-10-03T01:51:05.7027209Z ##[endgroup]
end-workflow	Checkout code	2025-10-03T01:51:05.7028798Z [command]/usr/bin/git submodule status
end-workflow	Checkout code	2025-10-03T01:51:05.7313107Z ##[group]Cleaning the repository
end-workflow	Checkout code	2025-10-03T01:51:05.7317872Z [command]/usr/bin/git clean -ffdx
end-workflow	Checkout code	2025-10-03T01:51:05.7386956Z [command]/usr/bin/git reset --hard HEAD
end-workflow	Checkout code	2025-10-03T01:51:05.7476170Z HEAD is now at 1244b332 swarm-runners] Uploading files to MongoDB update repository ...
end-workflow	Checkout code	2025-10-03T01:51:05.7481960Z ##[endgroup]
end-workflow	Checkout code	2025-10-03T01:51:05.7483371Z ##[group]Disabling automatic garbage collection
end-workflow	Checkout code	2025-10-03T01:51:05.7487885Z [command]/usr/bin/git config --local gc.auto 0
end-workflow	Checkout code	2025-10-03T01:51:05.7523562Z ##[endgroup]
end-workflow	Checkout code	2025-10-03T01:51:05.7524554Z ##[group]Setting up auth
end-workflow	Checkout code	2025-10-03T01:51:05.7531166Z [command]/usr/bin/git config --local --name-only --get-regexp core\.sshCommand
end-workflow	Checkout code	2025-10-03T01:51:05.7569414Z [command]/usr/bin/git submodule foreach --recursive sh -c "git config --local --name-only --get-regexp 'core\.sshCommand' && git config --local --unset-all 'core.sshCommand' || :"
end-workflow	Checkout code	2025-10-03T01:51:05.7856357Z [command]/usr/bin/git config --local --name-only --get-regexp http\.https\:\/\/github\.com\/\.extraheader
end-workflow	Checkout code	2025-10-03T01:51:05.7895086Z [command]/usr/bin/git submodule foreach --recursive sh -c "git config --local --name-only --get-regexp 'http\.https\:\/\/github\.com\/\.extraheader' && git config --local --unset-all 'http.https://github.com/.extraheader' || :"
end-workflow	Checkout code	2025-10-03T01:51:05.8185157Z [command]/usr/bin/git config --local http.https://github.com/.extraheader AUTHORIZATION: basic ***
end-workflow	Checkout code	2025-10-03T01:51:05.8234895Z ##[endgroup]
end-workflow	Checkout code	2025-10-03T01:51:05.8235936Z ##[group]Fetching the repository
end-workflow	Checkout code	2025-10-03T01:51:05.8244279Z [command]/usr/bin/git -c protocol.version=2 fetch --prune --no-recurse-submodules origin +refs/heads/*:refs/remotes/origin/* +refs/tags/*:refs/tags/*
end-workflow	Checkout code	2025-10-03T01:51:06.3785425Z From https://github.com/Ka0s-Klaus/ka0s
end-workflow	Checkout code	2025-10-03T01:51:06.3788516Z    1244b332..2822fa41  main       -> origin/main
end-workflow	Checkout code	2025-10-03T01:51:06.4058044Z [command]/usr/bin/git branch --list --remote origin/main
end-workflow	Checkout code	2025-10-03T01:51:06.4116743Z   origin/main
end-workflow	Checkout code	2025-10-03T01:51:06.4127234Z [command]/usr/bin/git rev-parse refs/remotes/origin/main
end-workflow	Checkout code	2025-10-03T01:51:06.4151508Z 2822fa41d382700129e722a66d7f71d8879b7eff
end-workflow	Checkout code	2025-10-03T01:51:06.4165005Z [command]/usr/bin/git -c protocol.version=2 fetch --no-tags --prune --no-recurse-submodules origin +1244b332f0d556fb8c7318a9bb50d729248c5a82:refs/remotes/origin/main
end-workflow	Checkout code	2025-10-03T01:51:06.4328260Z From https://github.com/Ka0s-Klaus/ka0s
end-workflow	Checkout code	2025-10-03T01:51:06.4331777Z  + 2822fa41...1244b332 1244b332f0d556fb8c7318a9bb50d729248c5a82 -> origin/main  (forced update)
end-workflow	Checkout code	2025-10-03T01:51:06.4362819Z ##[endgroup]
end-workflow	Checkout code	2025-10-03T01:51:06.4364610Z ##[group]Determining the checkout info
end-workflow	Checkout code	2025-10-03T01:51:06.4366822Z ##[endgroup]
end-workflow	Checkout code	2025-10-03T01:51:06.4368103Z [command]/usr/bin/git sparse-checkout disable
end-workflow	Checkout code	2025-10-03T01:51:06.4421907Z [command]/usr/bin/git config --local --unset-all extensions.worktreeConfig
end-workflow	Checkout code	2025-10-03T01:51:06.4456198Z ##[group]Checking out the ref
end-workflow	Checkout code	2025-10-03T01:51:06.4460135Z [command]/usr/bin/git checkout --progress --force -B main refs/remotes/origin/main
end-workflow	Checkout code	2025-10-03T01:51:06.4538199Z Switched to a new branch 'main'
end-workflow	Checkout code	2025-10-03T01:51:06.4540730Z branch 'main' set up to track 'origin/main'.
end-workflow	Checkout code	2025-10-03T01:51:06.4548758Z ##[endgroup]
end-workflow	Checkout code	2025-10-03T01:51:06.4587699Z [command]/usr/bin/git log -1 --format=%H
end-workflow	Checkout code	2025-10-03T01:51:06.4614625Z 1244b332f0d556fb8c7318a9bb50d729248c5a82
end-workflow	Finaliza el workflow	﻿2025-10-03T01:51:06.4882467Z ##[group]Run echo "End process"
end-workflow	Finaliza el workflow	2025-10-03T01:51:06.4883918Z [36;1mecho "End process"[0m
end-workflow	Finaliza el workflow	2025-10-03T01:51:06.4885384Z [36;1m# RNNUMBER=$(echo "refs/heads/main" | grep -o '[0-9]*')[0m
end-workflow	Finaliza el workflow	2025-10-03T01:51:06.4887572Z [36;1m# gh issue comment $RNNUMBER --body "Se finaliza Ka0s 18210529264"[0m
end-workflow	Finaliza el workflow	2025-10-03T01:51:06.4889401Z [36;1mecho "Se finaliza Ka0s 18210529264"[0m
end-workflow	Finaliza el workflow	2025-10-03T01:51:06.4891647Z [36;1mgh workflow run inspector.yml --ref 'main' -f kaos-workflow-id="18210529264" -f kaos-user-start=""[0m
end-workflow	Finaliza el workflow	2025-10-03T01:51:06.4906708Z shell: /usr/bin/bash -e {0}
end-workflow	Finaliza el workflow	2025-10-03T01:51:06.4907922Z env:
end-workflow	Finaliza el workflow	2025-10-03T01:51:06.4908824Z   KAOS_CODE: 18210529264
end-workflow	Finaliza el workflow	2025-10-03T01:51:06.4909932Z   KAOS_EVENT_NAME: schedule
end-workflow	Finaliza el workflow	2025-10-03T01:51:06.4911042Z   KAOS_ACTION: 
end-workflow	Finaliza el workflow	2025-10-03T01:51:06.4912016Z   KAOS_REF: refs/heads/main
end-workflow	Finaliza el workflow	2025-10-03T01:51:06.4913542Z   KAOS_MODULE: [Ka0S] Workflow Statistics Summary
end-workflow	Finaliza el workflow	2025-10-03T01:51:06.4914981Z   KAOS_PATH_RESUME: audit/workflows/
end-workflow	Finaliza el workflow	2025-10-03T01:51:06.4916224Z   KAOS_ACTOR: santakloud
end-workflow	Finaliza el workflow	2025-10-03T01:51:06.4917493Z   GH_REPO: Ka0s-Klaus/ka0s
end-workflow	Finaliza el workflow	2025-10-03T01:51:06.4919098Z   GH_TOKEN: ***
end-workflow	Finaliza el workflow	2025-10-03T01:51:06.4920061Z ##[endgroup]
end-workflow	Finaliza el workflow	2025-10-03T01:51:06.4985479Z End process
end-workflow	Finaliza el workflow	2025-10-03T01:51:06.4986664Z Se finaliza Ka0s 18210529264
end-workflow	Post Checkout code	﻿2025-10-03T01:51:07.2450026Z Post job cleanup.
end-workflow	Post Checkout code	2025-10-03T01:51:07.3453995Z [command]/usr/bin/git version
end-workflow	Post Checkout code	2025-10-03T01:51:07.3494153Z git version 2.51.0
end-workflow	Post Checkout code	2025-10-03T01:51:07.3539101Z Copying '/home/runner/.gitconfig' to '/home/runner/_work/_temp/b37fb166-25c2-40eb-bedf-76a2ed88169b/.gitconfig'
end-workflow	Post Checkout code	2025-10-03T01:51:07.3559221Z Temporarily overriding HOME='/home/runner/_work/_temp/b37fb166-25c2-40eb-bedf-76a2ed88169b' before making global git config changes
end-workflow	Post Checkout code	2025-10-03T01:51:07.3563553Z Adding repository directory to the temporary git global config as a safe directory
end-workflow	Post Checkout code	2025-10-03T01:51:07.3565987Z [command]/usr/bin/git config --global --add safe.directory /home/runner/_work/ka0s/ka0s
end-workflow	Post Checkout code	2025-10-03T01:51:07.3605832Z [command]/usr/bin/git config --local --name-only --get-regexp core\.sshCommand
end-workflow	Post Checkout code	2025-10-03T01:51:07.3658003Z [command]/usr/bin/git submodule foreach --recursive sh -c "git config --local --name-only --get-regexp 'core\.sshCommand' && git config --local --unset-all 'core.sshCommand' || :"
end-workflow	Post Checkout code	2025-10-03T01:51:07.3954306Z [command]/usr/bin/git config --local --name-only --get-regexp http\.https\:\/\/github\.com\/\.extraheader
end-workflow	Post Checkout code	2025-10-03T01:51:07.3978764Z http.https://github.com/.extraheader
end-workflow	Post Checkout code	2025-10-03T01:51:07.3995367Z [command]/usr/bin/git config --local --unset-all http.https://github.com/.extraheader
end-workflow	Post Checkout code	2025-10-03T01:51:07.4035289Z [command]/usr/bin/git submodule foreach --recursive sh -c "git config --local --name-only --get-regexp 'http\.https\:\/\/github\.com\/\.extraheader' && git config --local --unset-all 'http.https://github.com/.extraheader' || :"
end-workflow	Complete job	﻿2025-10-03T01:51:07.4458682Z Cleaning up orphan processes
