job-core	Set up job	﻿2025-10-06T15:31:22.2032362Z Current runner version: '2.328.0'
job-core	Set up job	2025-10-06T15:31:22.2041530Z Runner name: 'eab1df5e0d89'
job-core	Set up job	2025-10-06T15:31:22.2042699Z Runner group name: 'swarm-runners'
job-core	Set up job	2025-10-06T15:31:22.2043752Z Machine name: 'eab1df5e0d89'
job-core	Set up job	2025-10-06T15:31:22.2047169Z ##[group]GITHUB_TOKEN Permissions
job-core	Set up job	2025-10-06T15:31:22.2050250Z Contents: read
job-core	Set up job	2025-10-06T15:31:22.2050855Z Metadata: read
job-core	Set up job	2025-10-06T15:31:22.2051546Z Packages: read
job-core	Set up job	2025-10-06T15:31:22.2052146Z ##[endgroup]
job-core	Set up job	2025-10-06T15:31:22.2054442Z Secret source: Actions
job-core	Set up job	2025-10-06T15:31:22.2055253Z Prepare workflow directory
job-core	Set up job	2025-10-06T15:31:22.2677064Z Prepare all required actions
job-core	Set up job	2025-10-06T15:31:22.2718140Z Getting action download info
job-core	Set up job	2025-10-06T15:31:22.8380167Z Download action repository 'actions/checkout@v4' (SHA:08eba0b27e820071cde6df949e0beb9ba4906955)
job-core	Set up job	2025-10-06T15:31:23.7429926Z Complete job name: job-core
job-core	Checkout code	﻿2025-10-06T15:31:23.8014015Z ##[group]Run actions/checkout@v4
job-core	Checkout code	2025-10-06T15:31:23.8015041Z with:
job-core	Checkout code	2025-10-06T15:31:23.8015546Z   fetch-depth: 0
job-core	Checkout code	2025-10-06T15:31:23.8016390Z   token: ***
job-core	Checkout code	2025-10-06T15:31:23.8016905Z   repository: Ka0s-Klaus/ka0s
job-core	Checkout code	2025-10-06T15:31:23.8018026Z   ssh-strict: true
job-core	Checkout code	2025-10-06T15:31:23.8018531Z   ssh-user: git
job-core	Checkout code	2025-10-06T15:31:23.8019040Z   persist-credentials: true
job-core	Checkout code	2025-10-06T15:31:23.8019599Z   clean: true
job-core	Checkout code	2025-10-06T15:31:23.8020111Z   sparse-checkout-cone-mode: true
job-core	Checkout code	2025-10-06T15:31:23.8020714Z   fetch-tags: false
job-core	Checkout code	2025-10-06T15:31:23.8021224Z   show-progress: true
job-core	Checkout code	2025-10-06T15:31:23.8021739Z   lfs: false
job-core	Checkout code	2025-10-06T15:31:23.8022205Z   submodules: false
job-core	Checkout code	2025-10-06T15:31:23.8022742Z   set-safe-directory: true
job-core	Checkout code	2025-10-06T15:31:23.8023548Z env:
job-core	Checkout code	2025-10-06T15:31:23.8024040Z   KAOS_CODE: 18286119408
job-core	Checkout code	2025-10-06T15:31:23.8024596Z   KAOS_EVENT_NAME: push
job-core	Checkout code	2025-10-06T15:31:23.8025124Z   KAOS_ACTION: 
job-core	Checkout code	2025-10-06T15:31:23.8025736Z   KAOS_REF: refs/heads/H1646-modulo-de-control-de-runners
job-core	Checkout code	2025-10-06T15:31:23.8026475Z   KAOS_MODULE: [Ka0S] Kaos
job-core	Checkout code	2025-10-06T15:31:23.8027094Z   KAOS_PATH_RESUME: audit/kaos/
job-core	Checkout code	2025-10-06T15:31:23.8028008Z   KAOS_ACTOR: santakloud
job-core	Checkout code	2025-10-06T15:31:23.8028569Z   GITHUB_OUTPUT: 
job-core	Checkout code	2025-10-06T15:31:23.8029054Z ##[endgroup]
job-core	Checkout code	2025-10-06T15:31:23.9208751Z Syncing repository: Ka0s-Klaus/ka0s
job-core	Checkout code	2025-10-06T15:31:23.9211430Z ##[group]Getting Git version info
job-core	Checkout code	2025-10-06T15:31:23.9212323Z Working directory is '/home/runner/_work/ka0s/ka0s'
job-core	Checkout code	2025-10-06T15:31:23.9213537Z [command]/usr/bin/git version
job-core	Checkout code	2025-10-06T15:31:23.9214173Z git version 2.51.0
job-core	Checkout code	2025-10-06T15:31:23.9218068Z ##[endgroup]
job-core	Checkout code	2025-10-06T15:31:23.9230369Z Temporarily overriding HOME='/home/runner/_work/_temp/9d2dc5f4-efed-45f1-9455-477b50a38dc0' before making global git config changes
job-core	Checkout code	2025-10-06T15:31:23.9233755Z Adding repository directory to the temporary git global config as a safe directory
job-core	Checkout code	2025-10-06T15:31:23.9236666Z [command]/usr/bin/git config --global --add safe.directory /home/runner/_work/ka0s/ka0s
job-core	Checkout code	2025-10-06T15:31:23.9279369Z Deleting the contents of '/home/runner/_work/ka0s/ka0s'
job-core	Checkout code	2025-10-06T15:31:23.9285785Z ##[group]Initializing the repository
job-core	Checkout code	2025-10-06T15:31:23.9290276Z [command]/usr/bin/git init /home/runner/_work/ka0s/ka0s
job-core	Checkout code	2025-10-06T15:31:23.9342771Z hint: Using 'master' as the name for the initial branch. This default branch name
job-core	Checkout code	2025-10-06T15:31:23.9344578Z hint: is subject to change. To configure the initial branch name to use in all
job-core	Checkout code	2025-10-06T15:31:23.9345865Z hint: of your new repositories, which will suppress this warning, call:
job-core	Checkout code	2025-10-06T15:31:23.9346874Z hint:
job-core	Checkout code	2025-10-06T15:31:23.9347728Z hint: 	git config --global init.defaultBranch <name>
job-core	Checkout code	2025-10-06T15:31:23.9348837Z hint:
job-core	Checkout code	2025-10-06T15:31:23.9349628Z hint: Names commonly chosen instead of 'master' are 'main', 'trunk' and
job-core	Checkout code	2025-10-06T15:31:23.9351137Z hint: 'development'. The just-created branch can be renamed via this command:
job-core	Checkout code	2025-10-06T15:31:23.9352459Z hint:
job-core	Checkout code	2025-10-06T15:31:23.9353084Z hint: 	git branch -m <name>
job-core	Checkout code	2025-10-06T15:31:23.9353684Z hint:
job-core	Checkout code	2025-10-06T15:31:23.9354476Z hint: Disable this message with "git config set advice.defaultBranchName false"
job-core	Checkout code	2025-10-06T15:31:23.9355784Z Initialized empty Git repository in /home/runner/_work/ka0s/ka0s/.git/
job-core	Checkout code	2025-10-06T15:31:23.9358532Z [command]/usr/bin/git remote add origin https://github.com/Ka0s-Klaus/ka0s
job-core	Checkout code	2025-10-06T15:31:23.9399274Z ##[endgroup]
job-core	Checkout code	2025-10-06T15:31:23.9400360Z ##[group]Disabling automatic garbage collection
job-core	Checkout code	2025-10-06T15:31:23.9401215Z [command]/usr/bin/git config --local gc.auto 0
job-core	Checkout code	2025-10-06T15:31:23.9439231Z ##[endgroup]
job-core	Checkout code	2025-10-06T15:31:23.9440218Z ##[group]Setting up auth
job-core	Checkout code	2025-10-06T15:31:23.9446650Z [command]/usr/bin/git config --local --name-only --get-regexp core\.sshCommand
job-core	Checkout code	2025-10-06T15:31:23.9485559Z [command]/usr/bin/git submodule foreach --recursive sh -c "git config --local --name-only --get-regexp 'core\.sshCommand' && git config --local --unset-all 'core.sshCommand' || :"
job-core	Checkout code	2025-10-06T15:31:23.9740951Z [command]/usr/bin/git config --local --name-only --get-regexp http\.https\:\/\/github\.com\/\.extraheader
job-core	Checkout code	2025-10-06T15:31:23.9778144Z [command]/usr/bin/git submodule foreach --recursive sh -c "git config --local --name-only --get-regexp 'http\.https\:\/\/github\.com\/\.extraheader' && git config --local --unset-all 'http.https://github.com/.extraheader' || :"
job-core	Checkout code	2025-10-06T15:31:24.0043524Z [command]/usr/bin/git config --local http.https://github.com/.extraheader AUTHORIZATION: basic ***
job-core	Checkout code	2025-10-06T15:31:24.0094302Z ##[endgroup]
job-core	Checkout code	2025-10-06T15:31:24.0095380Z ##[group]Fetching the repository
job-core	Checkout code	2025-10-06T15:31:24.0104478Z [command]/usr/bin/git -c protocol.version=2 fetch --prune --no-recurse-submodules origin +refs/heads/*:refs/remotes/origin/* +refs/tags/*:refs/tags/*
job-core	Checkout code	2025-10-06T15:31:33.5103772Z From https://github.com/Ka0s-Klaus/ka0s
job-core	Checkout code	2025-10-06T15:31:33.5106248Z  * [new branch]        F1149-desarrollo-de-orchestrator -> origin/F1149-desarrollo-de-orchestrator
job-core	Checkout code	2025-10-06T15:31:33.5112094Z  * [new branch]        F1183-personalización-módulo-finops -> origin/F1183-personalización-módulo-finops
job-core	Checkout code	2025-10-06T15:31:33.5114491Z  * [new branch]        F1224-new-module-mongodb -> origin/F1224-new-module-mongodb
job-core	Checkout code	2025-10-06T15:31:33.5116529Z  * [new branch]        F220-web-de-resultados  -> origin/F220-web-de-resultados
job-core	Checkout code	2025-10-06T15:31:33.5119458Z  * [new branch]        F227-despliegue-de-kube-independiente-del-clouder -> origin/F227-despliegue-de-kube-independiente-del-clouder
job-core	Checkout code	2025-10-06T15:31:33.5122779Z  * [new branch]        F329-documentacion-metodologia-de-kaos -> origin/F329-documentacion-metodologia-de-kaos
job-core	Checkout code	2025-10-06T15:31:33.5125693Z  * [new branch]        F44-creación-módulo-versionado -> origin/F44-creación-módulo-versionado
job-core	Checkout code	2025-10-06T15:31:33.5128321Z  * [new branch]        H1128-módulo-de-observabilidad -> origin/H1128-módulo-de-observabilidad
job-core	Checkout code	2025-10-06T15:31:33.5130839Z  * [new branch]        H1139-como-instalar-arc-control -> origin/H1139-como-instalar-arc-control
job-core	Checkout code	2025-10-06T15:31:33.5133621Z  * [new branch]        H1149-desarrollo-de-orchestrator -> origin/H1149-desarrollo-de-orchestrator
job-core	Checkout code	2025-10-06T15:31:33.5136232Z  * [new branch]        H1150-desarrollo-de-secciones -> origin/H1150-desarrollo-de-secciones
job-core	Checkout code	2025-10-06T15:31:33.5139095Z  * [new branch]        H1151-desarrollo-de-secciones-ii -> origin/H1151-desarrollo-de-secciones-ii
job-core	Checkout code	2025-10-06T15:31:33.5141715Z  * [new branch]        H1152-desarrollo-inicio -> origin/H1152-desarrollo-inicio
job-core	Checkout code	2025-10-06T15:31:33.5144379Z  * [new branch]        H1183-personalización-módulo-finops -> origin/H1183-personalización-módulo-finops
job-core	Checkout code	2025-10-06T15:31:33.5147625Z  * [new branch]        H1193-ejemplo-web-documentacion -> origin/H1193-ejemplo-web-documentacion
job-core	Checkout code	2025-10-06T15:31:33.5150110Z  * [new branch]        H1205-web-creation      -> origin/H1205-web-creation
job-core	Checkout code	2025-10-06T15:31:33.5152247Z  * [new branch]        H1224-new-module-mongodb -> origin/H1224-new-module-mongodb
job-core	Checkout code	2025-10-06T15:31:33.5154478Z  * [new branch]        H1410-modulo-execution  -> origin/H1410-modulo-execution
job-core	Checkout code	2025-10-06T15:31:33.5158861Z  * [new branch]        H1514-new-swarm-deployment-stack-with-actions-runners-autoscale -> origin/H1514-new-swarm-deployment-stack-with-actions-runners-autoscale
job-core	Checkout code	2025-10-06T15:31:33.5163507Z  * [new branch]        H1646-modulo-de-control-de-runners -> origin/H1646-modulo-de-control-de-runners
job-core	Checkout code	2025-10-06T15:31:33.5166500Z  * [new branch]        H215-modulo-de-summary  -> origin/H215-modulo-de-summary
job-core	Checkout code	2025-10-06T15:31:33.5169031Z  * [new branch]        H220-web-de-resultados  -> origin/H220-web-de-resultados
job-core	Checkout code	2025-10-06T15:31:33.5172226Z  * [new branch]        H227-despliegue-de-kube-independiente-del-clouder -> origin/H227-despliegue-de-kube-independiente-del-clouder
job-core	Checkout code	2025-10-06T15:31:33.5175720Z  * [new branch]        H306-ficheros-de-estadisticas -> origin/H306-ficheros-de-estadisticas
job-core	Checkout code	2025-10-06T15:31:33.5242387Z  * [new branch]        H328-documentacion-modulo-principal-de-kaos -> origin/H328-documentacion-modulo-principal-de-kaos
job-core	Checkout code	2025-10-06T15:31:33.5246231Z  * [new branch]        H329-documentacion-metodologia-de-kaos -> origin/H329-documentacion-metodologia-de-kaos
job-core	Checkout code	2025-10-06T15:31:33.5250482Z  * [new branch]        H338-relanzador-de-jobs-en-caso-de-pattern -> origin/H338-relanzador-de-jobs-en-caso-de-pattern
job-core	Checkout code	2025-10-06T15:31:33.5254097Z  * [new branch]        H38-documentacion-basica-del-proyecto -> origin/H38-documentacion-basica-del-proyecto
job-core	Checkout code	2025-10-06T15:31:33.5257672Z  * [new branch]        H44-creación-módulo-versionado -> origin/H44-creación-módulo-versionado
job-core	Checkout code	2025-10-06T15:31:33.5261250Z  * [new branch]        RN1149-desarrollo-de-orchestrator -> origin/RN1149-desarrollo-de-orchestrator
job-core	Checkout code	2025-10-06T15:31:33.5264306Z  * [new branch]        RN1183-personalización-módulo-finops -> origin/RN1183-personalización-módulo-finops
job-core	Checkout code	2025-10-06T15:31:33.5268933Z  * [new branch]        RN1282-ka0s-error-detected-in-ka0s-workflow-statistics-summary -> origin/RN1282-ka0s-error-detected-in-ka0s-workflow-statistics-summary
job-core	Checkout code	2025-10-06T15:31:33.5272543Z  * [new branch]        RN220-web-de-resultados -> origin/RN220-web-de-resultados
job-core	Checkout code	2025-10-06T15:31:33.5275709Z  * [new branch]        RN227-despliegue-de-kube-independiente-del-clouder -> origin/RN227-despliegue-de-kube-independiente-del-clouder
job-core	Checkout code	2025-10-06T15:31:33.5279900Z  * [new branch]        RN329-documentacion-metodologia-de-kaos -> origin/RN329-documentacion-metodologia-de-kaos
job-core	Checkout code	2025-10-06T15:31:33.5282388Z  * [new branch]        main                    -> origin/main
job-core	Checkout code	2025-10-06T15:31:33.5283931Z  * [new tag]           0.0.0                   -> 0.0.0
job-core	Checkout code	2025-10-06T15:31:33.5285392Z  * [new tag]           0.0.1                   -> 0.0.1
job-core	Checkout code	2025-10-06T15:31:33.5286855Z  * [new tag]           0.0.10                  -> 0.0.10
job-core	Checkout code	2025-10-06T15:31:33.5288656Z  * [new tag]           0.0.100                 -> 0.0.100
job-core	Checkout code	2025-10-06T15:31:33.5290131Z  * [new tag]           0.0.101                 -> 0.0.101
job-core	Checkout code	2025-10-06T15:31:33.5291601Z  * [new tag]           0.0.102                 -> 0.0.102
job-core	Checkout code	2025-10-06T15:31:33.5293063Z  * [new tag]           0.0.103                 -> 0.0.103
job-core	Checkout code	2025-10-06T15:31:33.5294485Z  * [new tag]           0.0.104                 -> 0.0.104
job-core	Checkout code	2025-10-06T15:31:33.5295927Z  * [new tag]           0.0.105                 -> 0.0.105
job-core	Checkout code	2025-10-06T15:31:33.5297366Z  * [new tag]           0.0.106                 -> 0.0.106
job-core	Checkout code	2025-10-06T15:31:33.5299051Z  * [new tag]           0.0.107                 -> 0.0.107
job-core	Checkout code	2025-10-06T15:31:33.5300435Z  * [new tag]           0.0.108                 -> 0.0.108
job-core	Checkout code	2025-10-06T15:31:33.5301789Z  * [new tag]           0.0.109                 -> 0.0.109
job-core	Checkout code	2025-10-06T15:31:33.5303136Z  * [new tag]           0.0.11                  -> 0.0.11
job-core	Checkout code	2025-10-06T15:31:33.5304492Z  * [new tag]           0.0.110                 -> 0.0.110
job-core	Checkout code	2025-10-06T15:31:33.5305861Z  * [new tag]           0.0.111                 -> 0.0.111
job-core	Checkout code	2025-10-06T15:31:33.5307227Z  * [new tag]           0.0.112                 -> 0.0.112
job-core	Checkout code	2025-10-06T15:31:33.5309185Z  * [new tag]           0.0.113                 -> 0.0.113
job-core	Checkout code	2025-10-06T15:31:33.5310555Z  * [new tag]           0.0.114                 -> 0.0.114
job-core	Checkout code	2025-10-06T15:31:33.5311933Z  * [new tag]           0.0.115                 -> 0.0.115
job-core	Checkout code	2025-10-06T15:31:33.5313349Z  * [new tag]           0.0.116                 -> 0.0.116
job-core	Checkout code	2025-10-06T15:31:33.5314738Z  * [new tag]           0.0.117                 -> 0.0.117
job-core	Checkout code	2025-10-06T15:31:33.5316325Z  * [new tag]           0.0.118                 -> 0.0.118
job-core	Checkout code	2025-10-06T15:31:33.5318021Z  * [new tag]           0.0.119                 -> 0.0.119
job-core	Checkout code	2025-10-06T15:31:33.5319389Z  * [new tag]           0.0.12                  -> 0.0.12
job-core	Checkout code	2025-10-06T15:31:33.5320753Z  * [new tag]           0.0.120                 -> 0.0.120
job-core	Checkout code	2025-10-06T15:31:33.5322126Z  * [new tag]           0.0.121                 -> 0.0.121
job-core	Checkout code	2025-10-06T15:31:33.5323498Z  * [new tag]           0.0.122                 -> 0.0.122
job-core	Checkout code	2025-10-06T15:31:33.5324909Z  * [new tag]           0.0.123                 -> 0.0.123
job-core	Checkout code	2025-10-06T15:31:33.5326493Z  * [new tag]           0.0.124                 -> 0.0.124
job-core	Checkout code	2025-10-06T15:31:33.5328051Z  * [new tag]           0.0.125                 -> 0.0.125
job-core	Checkout code	2025-10-06T15:31:33.5329393Z  * [new tag]           0.0.126                 -> 0.0.126
job-core	Checkout code	2025-10-06T15:31:33.5330979Z  * [new tag]           0.0.127                 -> 0.0.127
job-core	Checkout code	2025-10-06T15:31:33.5332336Z  * [new tag]           0.0.128                 -> 0.0.128
job-core	Checkout code	2025-10-06T15:31:33.5333687Z  * [new tag]           0.0.129                 -> 0.0.129
job-core	Checkout code	2025-10-06T15:31:33.5335026Z  * [new tag]           0.0.13                  -> 0.0.13
job-core	Checkout code	2025-10-06T15:31:33.5336373Z  * [new tag]           0.0.130                 -> 0.0.130
job-core	Checkout code	2025-10-06T15:31:33.5338028Z  * [new tag]           0.0.131                 -> 0.0.131
job-core	Checkout code	2025-10-06T15:31:33.5339366Z  * [new tag]           0.0.132                 -> 0.0.132
job-core	Checkout code	2025-10-06T15:31:33.5340707Z  * [new tag]           0.0.133                 -> 0.0.133
job-core	Checkout code	2025-10-06T15:31:33.5342046Z  * [new tag]           0.0.134                 -> 0.0.134
job-core	Checkout code	2025-10-06T15:31:33.5343383Z  * [new tag]           0.0.135                 -> 0.0.135
job-core	Checkout code	2025-10-06T15:31:33.5344740Z  * [new tag]           0.0.136                 -> 0.0.136
job-core	Checkout code	2025-10-06T15:31:33.5346108Z  * [new tag]           0.0.137                 -> 0.0.137
job-core	Checkout code	2025-10-06T15:31:33.5347490Z  * [new tag]           0.0.138                 -> 0.0.138
job-core	Checkout code	2025-10-06T15:31:33.5349268Z  * [new tag]           0.0.139                 -> 0.0.139
job-core	Checkout code	2025-10-06T15:31:33.5350607Z  * [new tag]           0.0.14                  -> 0.0.14
job-core	Checkout code	2025-10-06T15:31:33.5351947Z  * [new tag]           0.0.140                 -> 0.0.140
job-core	Checkout code	2025-10-06T15:31:33.5353299Z  * [new tag]           0.0.141                 -> 0.0.141
job-core	Checkout code	2025-10-06T15:31:33.5354632Z  * [new tag]           0.0.142                 -> 0.0.142
job-core	Checkout code	2025-10-06T15:31:33.5355964Z  * [new tag]           0.0.143                 -> 0.0.143
job-core	Checkout code	2025-10-06T15:31:33.5357265Z  * [new tag]           0.0.144                 -> 0.0.144
job-core	Checkout code	2025-10-06T15:31:33.5359323Z  * [new tag]           0.0.145                 -> 0.0.145
job-core	Checkout code	2025-10-06T15:31:33.5360643Z  * [new tag]           0.0.146                 -> 0.0.146
job-core	Checkout code	2025-10-06T15:31:33.5361951Z  * [new tag]           0.0.147                 -> 0.0.147
job-core	Checkout code	2025-10-06T15:31:33.5363292Z  * [new tag]           0.0.148                 -> 0.0.148
job-core	Checkout code	2025-10-06T15:31:33.5364590Z  * [new tag]           0.0.149                 -> 0.0.149
job-core	Checkout code	2025-10-06T15:31:33.5365897Z  * [new tag]           0.0.15                  -> 0.0.15
job-core	Checkout code	2025-10-06T15:31:33.5367202Z  * [new tag]           0.0.150                 -> 0.0.150
job-core	Checkout code	2025-10-06T15:31:33.5368811Z  * [new tag]           0.0.151                 -> 0.0.151
job-core	Checkout code	2025-10-06T15:31:33.5370096Z  * [new tag]           0.0.152                 -> 0.0.152
job-core	Checkout code	2025-10-06T15:31:33.5371368Z  * [new tag]           0.0.153                 -> 0.0.153
job-core	Checkout code	2025-10-06T15:31:33.5372639Z  * [new tag]           0.0.154                 -> 0.0.154
job-core	Checkout code	2025-10-06T15:31:33.5373904Z  * [new tag]           0.0.155                 -> 0.0.155
job-core	Checkout code	2025-10-06T15:31:33.5375178Z  * [new tag]           0.0.156                 -> 0.0.156
job-core	Checkout code	2025-10-06T15:31:33.5376455Z  * [new tag]           0.0.157                 -> 0.0.157
job-core	Checkout code	2025-10-06T15:31:33.5378026Z  * [new tag]           0.0.158                 -> 0.0.158
job-core	Checkout code	2025-10-06T15:31:33.5379309Z  * [new tag]           0.0.159                 -> 0.0.159
job-core	Checkout code	2025-10-06T15:31:33.5380576Z  * [new tag]           0.0.16                  -> 0.0.16
job-core	Checkout code	2025-10-06T15:31:33.5382010Z  * [new tag]           0.0.160                 -> 0.0.160
job-core	Checkout code	2025-10-06T15:31:33.5383281Z  * [new tag]           0.0.161                 -> 0.0.161
job-core	Checkout code	2025-10-06T15:31:33.5384552Z  * [new tag]           0.0.162                 -> 0.0.162
job-core	Checkout code	2025-10-06T15:31:33.5385817Z  * [new tag]           0.0.163                 -> 0.0.163
job-core	Checkout code	2025-10-06T15:31:33.5387079Z  * [new tag]           0.0.164                 -> 0.0.164
job-core	Checkout code	2025-10-06T15:31:33.5388670Z  * [new tag]           0.0.165                 -> 0.0.165
job-core	Checkout code	2025-10-06T15:31:33.5389976Z  * [new tag]           0.0.166                 -> 0.0.166
job-core	Checkout code	2025-10-06T15:31:33.5391542Z  * [new tag]           0.0.167                 -> 0.0.167
job-core	Checkout code	2025-10-06T15:31:33.5392801Z  * [new tag]           0.0.168                 -> 0.0.168
job-core	Checkout code	2025-10-06T15:31:33.5394067Z  * [new tag]           0.0.169                 -> 0.0.169
job-core	Checkout code	2025-10-06T15:31:33.5395623Z  * [new tag]           0.0.17                  -> 0.0.17
job-core	Checkout code	2025-10-06T15:31:33.5396929Z  * [new tag]           0.0.170                 -> 0.0.170
job-core	Checkout code	2025-10-06T15:31:33.5398272Z  * [new tag]           0.0.171                 -> 0.0.171
job-core	Checkout code	2025-10-06T15:31:33.5399571Z  * [new tag]           0.0.172                 -> 0.0.172
job-core	Checkout code	2025-10-06T15:31:33.5400876Z  * [new tag]           0.0.173                 -> 0.0.173
job-core	Checkout code	2025-10-06T15:31:33.5402353Z  * [new tag]           0.0.174                 -> 0.0.174
job-core	Checkout code	2025-10-06T15:31:33.5403683Z  * [new tag]           0.0.175                 -> 0.0.175
job-core	Checkout code	2025-10-06T15:31:33.5405028Z  * [new tag]           0.0.176                 -> 0.0.176
job-core	Checkout code	2025-10-06T15:31:33.5406360Z  * [new tag]           0.0.177                 -> 0.0.177
job-core	Checkout code	2025-10-06T15:31:33.5407729Z  * [new tag]           0.0.178                 -> 0.0.178
job-core	Checkout code	2025-10-06T15:31:33.5409062Z  * [new tag]           0.0.179                 -> 0.0.179
job-core	Checkout code	2025-10-06T15:31:33.5410492Z  * [new tag]           0.0.18                  -> 0.0.18
job-core	Checkout code	2025-10-06T15:31:33.5411787Z  * [new tag]           0.0.19                  -> 0.0.19
job-core	Checkout code	2025-10-06T15:31:33.5413070Z  * [new tag]           0.0.2                   -> 0.0.2
job-core	Checkout code	2025-10-06T15:31:33.5414358Z  * [new tag]           0.0.20                  -> 0.0.20
job-core	Checkout code	2025-10-06T15:31:33.5415658Z  * [new tag]           0.0.21                  -> 0.0.21
job-core	Checkout code	2025-10-06T15:31:33.5417142Z  * [new tag]           0.0.22                  -> 0.0.22
job-core	Checkout code	2025-10-06T15:31:33.5418639Z  * [new tag]           0.0.23                  -> 0.0.23
job-core	Checkout code	2025-10-06T15:31:33.5420083Z  * [new tag]           0.0.24                  -> 0.0.24
job-core	Checkout code	2025-10-06T15:31:33.5421513Z  * [new tag]           0.0.25                  -> 0.0.25
job-core	Checkout code	2025-10-06T15:31:33.5422801Z  * [new tag]           0.0.26                  -> 0.0.26
job-core	Checkout code	2025-10-06T15:31:33.5424097Z  * [new tag]           0.0.27                  -> 0.0.27
job-core	Checkout code	2025-10-06T15:31:33.5425407Z  * [new tag]           0.0.28                  -> 0.0.28
job-core	Checkout code	2025-10-06T15:31:33.5426701Z  * [new tag]           0.0.29                  -> 0.0.29
job-core	Checkout code	2025-10-06T15:31:33.5428348Z  * [new tag]           0.0.3                   -> 0.0.3
job-core	Checkout code	2025-10-06T15:31:33.5429631Z  * [new tag]           0.0.30                  -> 0.0.30
job-core	Checkout code	2025-10-06T15:31:33.5431051Z  * [new tag]           0.0.31                  -> 0.0.31
job-core	Checkout code	2025-10-06T15:31:33.5432473Z  * [new tag]           0.0.32                  -> 0.0.32
job-core	Checkout code	2025-10-06T15:31:33.5433788Z  * [new tag]           0.0.33                  -> 0.0.33
job-core	Checkout code	2025-10-06T15:31:33.5435653Z  * [new tag]           0.0.34                  -> 0.0.34
job-core	Checkout code	2025-10-06T15:31:33.5436944Z  * [new tag]           0.0.35                  -> 0.0.35
job-core	Checkout code	2025-10-06T15:31:33.5438893Z  * [new tag]           0.0.36                  -> 0.0.36
job-core	Checkout code	2025-10-06T15:31:33.5440330Z  * [new tag]           0.0.37                  -> 0.0.37
job-core	Checkout code	2025-10-06T15:31:33.5441879Z  * [new tag]           0.0.38                  -> 0.0.38
job-core	Checkout code	2025-10-06T15:31:33.5443171Z  * [new tag]           0.0.39                  -> 0.0.39
job-core	Checkout code	2025-10-06T15:31:33.5444446Z  * [new tag]           0.0.4                   -> 0.0.4
job-core	Checkout code	2025-10-06T15:31:33.5446158Z  * [new tag]           0.0.40                  -> 0.0.40
job-core	Checkout code	2025-10-06T15:31:33.5447981Z  * [new tag]           0.0.41                  -> 0.0.41
job-core	Checkout code	2025-10-06T15:31:33.5449462Z  * [new tag]           0.0.42                  -> 0.0.42
job-core	Checkout code	2025-10-06T15:31:33.5450761Z  * [new tag]           0.0.43                  -> 0.0.43
job-core	Checkout code	2025-10-06T15:31:33.5452366Z  * [new tag]           0.0.44                  -> 0.0.44
job-core	Checkout code	2025-10-06T15:31:33.5454492Z  * [new tag]           0.0.45                  -> 0.0.45
job-core	Checkout code	2025-10-06T15:31:33.5455952Z  * [new tag]           0.0.46                  -> 0.0.46
job-core	Checkout code	2025-10-06T15:31:33.5457583Z  * [new tag]           0.0.47                  -> 0.0.47
job-core	Checkout code	2025-10-06T15:31:33.5459138Z  * [new tag]           0.0.48                  -> 0.0.48
job-core	Checkout code	2025-10-06T15:31:33.5460710Z  * [new tag]           0.0.49                  -> 0.0.49
job-core	Checkout code	2025-10-06T15:31:33.5462268Z  * [new tag]           0.0.5                   -> 0.0.5
job-core	Checkout code	2025-10-06T15:31:33.5463769Z  * [new tag]           0.0.50                  -> 0.0.50
job-core	Checkout code	2025-10-06T15:31:33.5465039Z  * [new tag]           0.0.51                  -> 0.0.51
job-core	Checkout code	2025-10-06T15:31:33.5466337Z  * [new tag]           0.0.52                  -> 0.0.52
job-core	Checkout code	2025-10-06T15:31:33.5468102Z  * [new tag]           0.0.53                  -> 0.0.53
job-core	Checkout code	2025-10-06T15:31:33.5469396Z  * [new tag]           0.0.54                  -> 0.0.54
job-core	Checkout code	2025-10-06T15:31:33.5470837Z  * [new tag]           0.0.55                  -> 0.0.55
job-core	Checkout code	2025-10-06T15:31:33.5472120Z  * [new tag]           0.0.56                  -> 0.0.56
job-core	Checkout code	2025-10-06T15:31:33.5473385Z  * [new tag]           0.0.57                  -> 0.0.57
job-core	Checkout code	2025-10-06T15:31:33.5474643Z  * [new tag]           0.0.58                  -> 0.0.58
job-core	Checkout code	2025-10-06T15:31:33.5475916Z  * [new tag]           0.0.59                  -> 0.0.59
job-core	Checkout code	2025-10-06T15:31:33.5477180Z  * [new tag]           0.0.6                   -> 0.0.6
job-core	Checkout code	2025-10-06T15:31:33.5478830Z  * [new tag]           0.0.60                  -> 0.0.60
job-core	Checkout code	2025-10-06T15:31:33.5480088Z  * [new tag]           0.0.61                  -> 0.0.61
job-core	Checkout code	2025-10-06T15:31:33.5481330Z  * [new tag]           0.0.62                  -> 0.0.62
job-core	Checkout code	2025-10-06T15:31:33.5482568Z  * [new tag]           0.0.63                  -> 0.0.63
job-core	Checkout code	2025-10-06T15:31:33.5483789Z  * [new tag]           0.0.64                  -> 0.0.64
job-core	Checkout code	2025-10-06T15:31:33.5485019Z  * [new tag]           0.0.65                  -> 0.0.65
job-core	Checkout code	2025-10-06T15:31:33.5486231Z  * [new tag]           0.0.66                  -> 0.0.66
job-core	Checkout code	2025-10-06T15:31:33.5487650Z  * [new tag]           0.0.67                  -> 0.0.67
job-core	Checkout code	2025-10-06T15:31:33.5488993Z  * [new tag]           0.0.68                  -> 0.0.68
job-core	Checkout code	2025-10-06T15:31:33.5490213Z  * [new tag]           0.0.69                  -> 0.0.69
job-core	Checkout code	2025-10-06T15:31:33.5491418Z  * [new tag]           0.0.7                   -> 0.0.7
job-core	Checkout code	2025-10-06T15:31:33.5492616Z  * [new tag]           0.0.70                  -> 0.0.70
job-core	Checkout code	2025-10-06T15:31:33.5493835Z  * [new tag]           0.0.71                  -> 0.0.71
job-core	Checkout code	2025-10-06T15:31:33.5495060Z  * [new tag]           0.0.72                  -> 0.0.72
job-core	Checkout code	2025-10-06T15:31:33.5496273Z  * [new tag]           0.0.73                  -> 0.0.73
job-core	Checkout code	2025-10-06T15:31:33.5497843Z  * [new tag]           0.0.74                  -> 0.0.74
job-core	Checkout code	2025-10-06T15:31:33.5499274Z  * [new tag]           0.0.75                  -> 0.0.75
job-core	Checkout code	2025-10-06T15:31:33.5500571Z  * [new tag]           0.0.76                  -> 0.0.76
job-core	Checkout code	2025-10-06T15:31:33.5501886Z  * [new tag]           0.0.77                  -> 0.0.77
job-core	Checkout code	2025-10-06T15:31:33.5503274Z  * [new tag]           0.0.78                  -> 0.0.78
job-core	Checkout code	2025-10-06T15:31:33.5504498Z  * [new tag]           0.0.79                  -> 0.0.79
job-core	Checkout code	2025-10-06T15:31:33.5505706Z  * [new tag]           0.0.8                   -> 0.0.8
job-core	Checkout code	2025-10-06T15:31:33.5506897Z  * [new tag]           0.0.80                  -> 0.0.80
job-core	Checkout code	2025-10-06T15:31:33.5508607Z  * [new tag]           0.0.81                  -> 0.0.81
job-core	Checkout code	2025-10-06T15:31:33.5509815Z  * [new tag]           0.0.82                  -> 0.0.82
job-core	Checkout code	2025-10-06T15:31:33.5511043Z  * [new tag]           0.0.83                  -> 0.0.83
job-core	Checkout code	2025-10-06T15:31:33.5512238Z  * [new tag]           0.0.84                  -> 0.0.84
job-core	Checkout code	2025-10-06T15:31:33.5513702Z  * [new tag]           0.0.85                  -> 0.0.85
job-core	Checkout code	2025-10-06T15:31:33.5515056Z  * [new tag]           0.0.86                  -> 0.0.86
job-core	Checkout code	2025-10-06T15:31:33.5516461Z  * [new tag]           0.0.87                  -> 0.0.87
job-core	Checkout code	2025-10-06T15:31:33.5517852Z  * [new tag]           0.0.88                  -> 0.0.88
job-core	Checkout code	2025-10-06T15:31:33.5519254Z  * [new tag]           0.0.89                  -> 0.0.89
job-core	Checkout code	2025-10-06T15:31:33.5520514Z  * [new tag]           0.0.9                   -> 0.0.9
job-core	Checkout code	2025-10-06T15:31:33.5521979Z  * [new tag]           0.0.90                  -> 0.0.90
job-core	Checkout code	2025-10-06T15:31:33.5523386Z  * [new tag]           0.0.91                  -> 0.0.91
job-core	Checkout code	2025-10-06T15:31:33.5524644Z  * [new tag]           0.0.92                  -> 0.0.92
job-core	Checkout code	2025-10-06T15:31:33.5526336Z  * [new tag]           0.0.93                  -> 0.0.93
job-core	Checkout code	2025-10-06T15:31:33.5527899Z  * [new tag]           0.0.94                  -> 0.0.94
job-core	Checkout code	2025-10-06T15:31:33.5529334Z  * [new tag]           0.0.95                  -> 0.0.95
job-core	Checkout code	2025-10-06T15:31:33.5530743Z  * [new tag]           0.0.96                  -> 0.0.96
job-core	Checkout code	2025-10-06T15:31:33.5531964Z  * [new tag]           0.0.97                  -> 0.0.97
job-core	Checkout code	2025-10-06T15:31:33.5533351Z  * [new tag]           0.0.98                  -> 0.0.98
job-core	Checkout code	2025-10-06T15:31:33.5534699Z  * [new tag]           0.0.99                  -> 0.0.99
job-core	Checkout code	2025-10-06T15:31:33.5535920Z  * [new tag]           0.1.0                   -> 0.1.0
job-core	Checkout code	2025-10-06T15:31:33.5537121Z  * [new tag]           0.1.1                   -> 0.1.1
job-core	Checkout code	2025-10-06T15:31:33.5538843Z  * [new tag]           0.2.0                   -> 0.2.0
job-core	Checkout code	2025-10-06T15:31:33.5540232Z  * [new tag]           0.3.0                   -> 0.3.0
job-core	Checkout code	2025-10-06T15:31:33.5541461Z  * [new tag]           0.3.1                   -> 0.3.1
job-core	Checkout code	2025-10-06T15:31:33.5542859Z  * [new tag]           0.3.10                  -> 0.3.10
job-core	Checkout code	2025-10-06T15:31:33.5544130Z  * [new tag]           0.3.11                  -> 0.3.11
job-core	Checkout code	2025-10-06T15:31:33.5545356Z  * [new tag]           0.3.12                  -> 0.3.12
job-core	Checkout code	2025-10-06T15:31:33.5546584Z  * [new tag]           0.3.13                  -> 0.3.13
job-core	Checkout code	2025-10-06T15:31:33.5548278Z  * [new tag]           0.3.14                  -> 0.3.14
job-core	Checkout code	2025-10-06T15:31:33.5549489Z  * [new tag]           0.3.15                  -> 0.3.15
job-core	Checkout code	2025-10-06T15:31:33.5561600Z  * [new tag]           0.3.16                  -> 0.3.16
job-core	Checkout code	2025-10-06T15:31:33.5563890Z  * [new tag]           0.3.17                  -> 0.3.17
job-core	Checkout code	2025-10-06T15:31:33.5565812Z  * [new tag]           0.3.2                   -> 0.3.2
job-core	Checkout code	2025-10-06T15:31:33.5567216Z  * [new tag]           0.3.3                   -> 0.3.3
job-core	Checkout code	2025-10-06T15:31:33.5568762Z  * [new tag]           0.3.4                   -> 0.3.4
job-core	Checkout code	2025-10-06T15:31:33.5569990Z  * [new tag]           0.3.5                   -> 0.3.5
job-core	Checkout code	2025-10-06T15:31:33.5571205Z  * [new tag]           0.3.6                   -> 0.3.6
job-core	Checkout code	2025-10-06T15:31:33.5572626Z  * [new tag]           0.3.7                   -> 0.3.7
job-core	Checkout code	2025-10-06T15:31:33.5573980Z  * [new tag]           0.3.8                   -> 0.3.8
job-core	Checkout code	2025-10-06T15:31:33.5575215Z  * [new tag]           0.3.9                   -> 0.3.9
job-core	Checkout code	2025-10-06T15:31:33.5576429Z  * [new tag]           0.4.0                   -> 0.4.0
job-core	Checkout code	2025-10-06T15:31:33.5577977Z  * [new tag]           0.4.1                   -> 0.4.1
job-core	Checkout code	2025-10-06T15:31:33.5579224Z  * [new tag]           0.4.2                   -> 0.4.2
job-core	Checkout code	2025-10-06T15:31:33.5580474Z  * [new tag]           0.4.3                   -> 0.4.3
job-core	Checkout code	2025-10-06T15:31:33.5581732Z  * [new tag]           0.4.4                   -> 0.4.4
job-core	Checkout code	2025-10-06T15:31:33.5583090Z  * [new tag]           0.4.5                   -> 0.4.5
job-core	Checkout code	2025-10-06T15:31:33.5584297Z  * [new tag]           0.4.6                   -> 0.4.6
job-core	Checkout code	2025-10-06T15:31:33.5585505Z  * [new tag]           0.4.7                   -> 0.4.7
job-core	Checkout code	2025-10-06T15:31:33.5586876Z  * [new tag]           0.4.8                   -> 0.4.8
job-core	Checkout code	2025-10-06T15:31:33.5588461Z  * [new tag]           0.4.9                   -> 0.4.9
job-core	Checkout code	2025-10-06T15:31:33.5592358Z [command]/usr/bin/git branch --list --remote origin/H1646-modulo-de-control-de-runners
job-core	Checkout code	2025-10-06T15:31:33.5594375Z   origin/H1646-modulo-de-control-de-runners
job-core	Checkout code	2025-10-06T15:31:33.5597695Z [command]/usr/bin/git rev-parse refs/remotes/origin/H1646-modulo-de-control-de-runners
job-core	Checkout code	2025-10-06T15:31:33.5599540Z f9c8b14ad57416cf1eb1da1ea2fdb3d49384f0ff
job-core	Checkout code	2025-10-06T15:31:33.5602405Z ##[endgroup]
job-core	Checkout code	2025-10-06T15:31:33.5603953Z ##[group]Determining the checkout info
job-core	Checkout code	2025-10-06T15:31:33.5605676Z ##[endgroup]
job-core	Checkout code	2025-10-06T15:31:33.5606647Z [command]/usr/bin/git sparse-checkout disable
job-core	Checkout code	2025-10-06T15:31:33.5611663Z [command]/usr/bin/git config --local --unset-all extensions.worktreeConfig
job-core	Checkout code	2025-10-06T15:31:33.5646805Z ##[group]Checking out the ref
job-core	Checkout code	2025-10-06T15:31:33.5651134Z [command]/usr/bin/git checkout --progress --force -B H1646-modulo-de-control-de-runners refs/remotes/origin/H1646-modulo-de-control-de-runners
job-core	Checkout code	2025-10-06T15:31:34.3315056Z Switched to a new branch 'H1646-modulo-de-control-de-runners'
job-core	Checkout code	2025-10-06T15:31:34.3318368Z branch 'H1646-modulo-de-control-de-runners' set up to track 'origin/H1646-modulo-de-control-de-runners'.
job-core	Checkout code	2025-10-06T15:31:34.3410823Z ##[endgroup]
job-core	Checkout code	2025-10-06T15:31:34.3455421Z [command]/usr/bin/git log -1 --format=%H
job-core	Checkout code	2025-10-06T15:31:34.3485507Z f9c8b14ad57416cf1eb1da1ea2fdb3d49384f0ff
job-core	Validate file extensions	﻿2025-10-06T15:31:34.3732694Z ##[group]Run # Nueva ejecución
job-core	Validate file extensions	2025-10-06T15:31:34.3733094Z [36;1m# Nueva ejecución[0m
job-core	Validate file extensions	2025-10-06T15:31:34.3733734Z [36;1mIFS=',' read -r -a extensions <<< "***"[0m
job-core	Validate file extensions	2025-10-06T15:31:34.3734119Z [36;1mfor file in $(git diff --name-only HEAD~1 HEAD); do[0m
job-core	Validate file extensions	2025-10-06T15:31:34.3734462Z [36;1m  extension="${file##*.}"[0m
job-core	Validate file extensions	2025-10-06T15:31:34.3734780Z [36;1m  if [[ ! " ${extensions[@]} " =~ " ${extension} " ]]; then[0m
job-core	Validate file extensions	2025-10-06T15:31:34.3735180Z [36;1m    echo "File $file has an invalid extension: $extension"[0m
job-core	Validate file extensions	2025-10-06T15:31:34.3735522Z [36;1m  fi[0m
job-core	Validate file extensions	2025-10-06T15:31:34.3735715Z [36;1mdone[0m
job-core	Validate file extensions	2025-10-06T15:31:34.3736055Z [36;1mRNNUMBER=$(echo "H1646-modulo-de-control-de-runners" | grep -o '[0-9]*')[0m
job-core	Validate file extensions	2025-10-06T15:31:34.3736590Z [36;1mgh issue comment $RNNUMBER --body "Se inicia Ka0s 18286119408 "[0m
job-core	Validate file extensions	2025-10-06T15:31:34.3750948Z shell: /usr/bin/bash -e {0}
job-core	Validate file extensions	2025-10-06T15:31:34.3751362Z env:
job-core	Validate file extensions	2025-10-06T15:31:34.3751679Z   KAOS_CODE: 18286119408
job-core	Validate file extensions	2025-10-06T15:31:34.3751920Z   KAOS_EVENT_NAME: push
job-core	Validate file extensions	2025-10-06T15:31:34.3752206Z   KAOS_ACTION: 
job-core	Validate file extensions	2025-10-06T15:31:34.3752477Z   KAOS_REF: refs/heads/H1646-modulo-de-control-de-runners
job-core	Validate file extensions	2025-10-06T15:31:34.3752812Z   KAOS_MODULE: [Ka0S] Kaos
job-core	Validate file extensions	2025-10-06T15:31:34.3753055Z   KAOS_PATH_RESUME: audit/kaos/
job-core	Validate file extensions	2025-10-06T15:31:34.3753309Z   KAOS_ACTOR: santakloud
job-core	Validate file extensions	2025-10-06T15:31:34.3753536Z   GITHUB_OUTPUT: 
job-core	Validate file extensions	2025-10-06T15:31:34.3754055Z   GH_TOKEN: ***
job-core	Validate file extensions	2025-10-06T15:31:34.3754267Z ##[endgroup]
job-core	Validate file extensions	2025-10-06T15:31:34.3843963Z File audit/kaos/18285686343-files-in-commit.txt has an invalid extension: txt
job-core	Validate file extensions	2025-10-06T15:31:35.3395192Z https://github.com/Ka0s-Klaus/ka0s/issues/1646#issuecomment-3372324004
job-core	Crear JSON	﻿2025-10-06T15:31:35.3737031Z ##[group]Run # Generar JSON válido con comillas escapadas
job-core	Crear JSON	2025-10-06T15:31:35.3738988Z [36;1m# Generar JSON válido con comillas escapadas[0m
job-core	Crear JSON	2025-10-06T15:31:35.3739716Z [36;1mecho '{[0m
job-core	Crear JSON	2025-10-06T15:31:35.3740366Z [36;1m  "after": "f9c8b14ad57416cf1eb1da1ea2fdb3d49384f0ff",[0m
job-core	Crear JSON	2025-10-06T15:31:35.3741166Z [36;1m  "base_ref": null,[0m
job-core	Crear JSON	2025-10-06T15:31:35.3741881Z [36;1m  "before": "275668aac1235d8d27804265ffd0dd664aeadbbc",[0m
job-core	Crear JSON	2025-10-06T15:31:35.3742670Z [36;1m  "commits": [[0m
job-core	Crear JSON	2025-10-06T15:31:35.3743181Z [36;1m    {[0m
job-core	Crear JSON	2025-10-06T15:31:35.3743650Z [36;1m      "author": {[0m
job-core	Crear JSON	2025-10-06T15:31:35.3744261Z [36;1m        "email": "asantacana@kyndryl.com",[0m
job-core	Crear JSON	2025-10-06T15:31:35.3744989Z [36;1m        "name": "asantacana1970",[0m
job-core	Crear JSON	2025-10-06T15:31:35.3745690Z [36;1m        "username": "asantacana1970"[0m
job-core	Crear JSON	2025-10-06T15:31:35.3746334Z [36;1m      },[0m
job-core	Crear JSON	2025-10-06T15:31:35.3746805Z [36;1m      "committer": {[0m
job-core	Crear JSON	2025-10-06T15:31:35.3747552Z [36;1m        "email": "asantacana@kyndryl.com",[0m
job-core	Crear JSON	2025-10-06T15:31:35.3748379Z [36;1m        "name": "asantacana1970",[0m
job-core	Crear JSON	2025-10-06T15:31:35.3749463Z [36;1m        "username": "asantacana1970"[0m
job-core	Crear JSON	2025-10-06T15:31:35.3750103Z [36;1m      },[0m
job-core	Crear JSON	2025-10-06T15:31:35.3750588Z [36;1m      "distinct": true,[0m
job-core	Crear JSON	2025-10-06T15:31:35.3751315Z [36;1m      "id": "024f8e70f8e4fa40ee3ba98bbe513528efbccea6",[0m
job-core	Crear JSON	2025-10-06T15:31:35.3752132Z [36;1m      "message": "fix launch workflows",[0m
job-core	Crear JSON	2025-10-06T15:31:35.3752889Z [36;1m      "timestamp": "2025-10-06T17:31:10+02:00",[0m
job-core	Crear JSON	2025-10-06T15:31:35.3753750Z [36;1m      "tree_id": "410e1cf50b4030c5dac5a1c7e130ea749815fd14",[0m
job-core	Crear JSON	2025-10-06T15:31:35.3755114Z [36;1m      "url": "https://github.com/Ka0s-Klaus/ka0s/commit/024f8e70f8e4fa40ee3ba98bbe513528efbccea6"[0m
job-core	Crear JSON	2025-10-06T15:31:35.3773074Z [36;1m    },[0m
job-core	Crear JSON	2025-10-06T15:31:35.3773587Z [36;1m    {[0m
job-core	Crear JSON	2025-10-06T15:31:35.3774055Z [36;1m      "author": {[0m
job-core	Crear JSON	2025-10-06T15:31:35.3774692Z [36;1m        "email": "asantacana@kyndryl.com",[0m
job-core	Crear JSON	2025-10-06T15:31:35.3775458Z [36;1m        "name": "asantacana1970",[0m
job-core	Crear JSON	2025-10-06T15:31:35.3776199Z [36;1m        "username": "asantacana1970"[0m
job-core	Crear JSON	2025-10-06T15:31:35.3776847Z [36;1m      },[0m
job-core	Crear JSON	2025-10-06T15:31:35.3777422Z [36;1m      "committer": {[0m
job-core	Crear JSON	2025-10-06T15:31:35.3778067Z [36;1m        "email": "asantacana@kyndryl.com",[0m
job-core	Crear JSON	2025-10-06T15:31:35.3778782Z [36;1m        "name": "asantacana1970",[0m
job-core	Crear JSON	2025-10-06T15:31:35.3779477Z [36;1m        "username": "asantacana1970"[0m
job-core	Crear JSON	2025-10-06T15:31:35.3780123Z [36;1m      },[0m
job-core	Crear JSON	2025-10-06T15:31:35.3780604Z [36;1m      "distinct": true,[0m
job-core	Crear JSON	2025-10-06T15:31:35.3781336Z [36;1m      "id": "f9c8b14ad57416cf1eb1da1ea2fdb3d49384f0ff",[0m
job-core	Crear JSON	2025-10-06T15:31:35.3783067Z [36;1m      "message": "Merge branch 'H1646-modulo-de-control-de-runners' of https://github.com/Ka0s-Klaus/ka0s into H1646-modulo-de-control-de-runners",[0m
job-core	Crear JSON	2025-10-06T15:31:35.3784713Z [36;1m      "timestamp": "2025-10-06T17:31:15+02:00",[0m
job-core	Crear JSON	2025-10-06T15:31:35.3785581Z [36;1m      "tree_id": "c4c6a115c06fd04938844c1147550bb10ba0def0",[0m
job-core	Crear JSON	2025-10-06T15:31:35.3786915Z [36;1m      "url": "https://github.com/Ka0s-Klaus/ka0s/commit/f9c8b14ad57416cf1eb1da1ea2fdb3d49384f0ff"[0m
job-core	Crear JSON	2025-10-06T15:31:35.3788248Z [36;1m    }[0m
job-core	Crear JSON	2025-10-06T15:31:35.3788605Z [36;1m  ],[0m
job-core	Crear JSON	2025-10-06T15:31:35.3789298Z [36;1m  "compare": "https://github.com/Ka0s-Klaus/ka0s/compare/275668aac123...f9c8b14ad574",[0m
job-core	Crear JSON	2025-10-06T15:31:35.3790142Z [36;1m  "created": false,[0m
job-core	Crear JSON	2025-10-06T15:31:35.3790603Z [36;1m  "deleted": false,[0m
job-core	Crear JSON	2025-10-06T15:31:35.3791052Z [36;1m  "forced": false,[0m
job-core	Crear JSON	2025-10-06T15:31:35.3791500Z [36;1m  "head_commit": {[0m
job-core	Crear JSON	2025-10-06T15:31:35.3791937Z [36;1m    "author": {[0m
job-core	Crear JSON	2025-10-06T15:31:35.3792410Z [36;1m      "email": "asantacana@kyndryl.com",[0m
job-core	Crear JSON	2025-10-06T15:31:35.3792994Z [36;1m      "name": "asantacana1970",[0m
job-core	Crear JSON	2025-10-06T15:31:35.3793542Z [36;1m      "username": "asantacana1970"[0m
job-core	Crear JSON	2025-10-06T15:31:35.3794047Z [36;1m    },[0m
job-core	Crear JSON	2025-10-06T15:31:35.3794428Z [36;1m    "committer": {[0m
job-core	Crear JSON	2025-10-06T15:31:35.3795372Z [36;1m      "email": "asantacana@kyndryl.com",[0m
job-core	Crear JSON	2025-10-06T15:31:35.3795957Z [36;1m      "name": "asantacana1970",[0m
job-core	Crear JSON	2025-10-06T15:31:35.3796503Z [36;1m      "username": "asantacana1970"[0m
job-core	Crear JSON	2025-10-06T15:31:35.3797007Z [36;1m    },[0m
job-core	Crear JSON	2025-10-06T15:31:35.3797524Z [36;1m    "distinct": true,[0m
job-core	Crear JSON	2025-10-06T15:31:35.3798101Z [36;1m    "id": "f9c8b14ad57416cf1eb1da1ea2fdb3d49384f0ff",[0m
job-core	Crear JSON	2025-10-06T15:31:35.3799469Z [36;1m    "message": "Merge branch 'H1646-modulo-de-control-de-runners' of https://github.com/Ka0s-Klaus/ka0s into H1646-modulo-de-control-de-runners",[0m
job-core	Crear JSON	2025-10-06T15:31:35.3800763Z [36;1m    "timestamp": "2025-10-06T17:31:15+02:00",[0m
job-core	Crear JSON	2025-10-06T15:31:35.3801445Z [36;1m    "tree_id": "c4c6a115c06fd04938844c1147550bb10ba0def0",[0m
job-core	Crear JSON	2025-10-06T15:31:35.3802490Z [36;1m    "url": "https://github.com/Ka0s-Klaus/ka0s/commit/f9c8b14ad57416cf1eb1da1ea2fdb3d49384f0ff"[0m
job-core	Crear JSON	2025-10-06T15:31:35.3803388Z [36;1m  },[0m
job-core	Crear JSON	2025-10-06T15:31:35.3803773Z [36;1m  "organization": {[0m
job-core	Crear JSON	2025-10-06T15:31:35.3804715Z [36;1m    "avatar_url": "https://avatars.githubusercontent.com/u/197099031?v=4",[0m
job-core	Crear JSON	2025-10-06T15:31:35.3806184Z [36;1m    "description": "Albert Einstein dijo una vez: \"... si tu intención es describir la verdad, hazlo con sencillez y la elegancia déjasela al sastre.\"",[0m
job-core	Crear JSON	2025-10-06T15:31:35.3807639Z [36;1m    "events_url": "https://api.github.com/orgs/Ka0s-Klaus/events",[0m
job-core	Crear JSON	2025-10-06T15:31:35.3808520Z [36;1m    "hooks_url": "https://api.github.com/orgs/Ka0s-Klaus/hooks",[0m
job-core	Crear JSON	2025-10-06T15:31:35.3809198Z [36;1m    "id": 197099031,[0m
job-core	Crear JSON	2025-10-06T15:31:35.3809826Z [36;1m    "issues_url": "https://api.github.com/orgs/Ka0s-Klaus/issues",[0m
job-core	Crear JSON	2025-10-06T15:31:35.3810530Z [36;1m    "login": "Ka0s-Klaus",[0m
job-core	Crear JSON	2025-10-06T15:31:35.3811275Z [36;1m    "members_url": "https://api.github.com/orgs/Ka0s-Klaus/members{/member}",[0m
job-core	Crear JSON	2025-10-06T15:31:35.3812069Z [36;1m    "node_id": "O_kgDOC79-Fw",[0m
job-core	Crear JSON	2025-10-06T15:31:35.3812936Z [36;1m    "public_members_url": "https://api.github.com/orgs/Ka0s-Klaus/public_members{/member}",[0m
job-core	Crear JSON	2025-10-06T15:31:35.3814003Z [36;1m    "repos_url": "https://api.github.com/orgs/Ka0s-Klaus/repos",[0m
job-core	Crear JSON	2025-10-06T15:31:35.3814803Z [36;1m    "url": "https://api.github.com/orgs/Ka0s-Klaus"[0m
job-core	Crear JSON	2025-10-06T15:31:35.3815399Z [36;1m  },[0m
job-core	Crear JSON	2025-10-06T15:31:35.3815767Z [36;1m  "pusher": {[0m
job-core	Crear JSON	2025-10-06T15:31:35.3816344Z [36;1m    "email": "73332898+santakloud@users.noreply.github.com",[0m
job-core	Crear JSON	2025-10-06T15:31:35.3817014Z [36;1m    "name": "santakloud"[0m
job-core	Crear JSON	2025-10-06T15:31:35.3817536Z [36;1m  },[0m
job-core	Crear JSON	2025-10-06T15:31:35.3818054Z [36;1m  "ref": "refs/heads/H1646-modulo-de-control-de-runners",[0m
job-core	Crear JSON	2025-10-06T15:31:35.3818705Z [36;1m  "repository": {[0m
job-core	Crear JSON	2025-10-06T15:31:35.3819165Z [36;1m    "allow_forking": true,[0m
job-core	Crear JSON	2025-10-06T15:31:35.3819997Z [36;1m    "archive_url": "https://api.github.com/repos/Ka0s-Klaus/ka0s/{archive_format}{/ref}",[0m
job-core	Crear JSON	2025-10-06T15:31:35.3820856Z [36;1m    "archived": false,[0m
job-core	Crear JSON	2025-10-06T15:31:35.3821637Z [36;1m    "assignees_url": "https://api.github.com/repos/Ka0s-Klaus/ka0s/assignees{/user}",[0m
job-core	Crear JSON	2025-10-06T15:31:35.3822748Z [36;1m    "blobs_url": "https://api.github.com/repos/Ka0s-Klaus/ka0s/git/blobs{/sha}",[0m
job-core	Crear JSON	2025-10-06T15:31:35.3823849Z [36;1m    "branches_url": "https://api.github.com/repos/Ka0s-Klaus/ka0s/branches{/branch}",[0m
job-core	Crear JSON	2025-10-06T15:31:35.3824813Z [36;1m    "clone_url": "https://github.com/Ka0s-Klaus/ka0s.git",[0m
job-core	Crear JSON	2025-10-06T15:31:35.3825892Z [36;1m    "collaborators_url": "https://api.github.com/repos/Ka0s-Klaus/ka0s/collaborators{/collaborator}",[0m
job-core	Crear JSON	2025-10-06T15:31:35.3827149Z [36;1m    "comments_url": "https://api.github.com/repos/Ka0s-Klaus/ka0s/comments{/number}",[0m
job-core	Crear JSON	2025-10-06T15:31:35.3828367Z [36;1m    "commits_url": "https://api.github.com/repos/Ka0s-Klaus/ka0s/commits{/sha}",[0m
job-core	Crear JSON	2025-10-06T15:31:35.3829492Z [36;1m    "compare_url": "https://api.github.com/repos/Ka0s-Klaus/ka0s/compare/{base}...{head}",[0m
job-core	Crear JSON	2025-10-06T15:31:35.3830650Z [36;1m    "contents_url": "https://api.github.com/repos/Ka0s-Klaus/ka0s/contents/{+path}",[0m
job-core	Crear JSON	2025-10-06T15:31:35.3832015Z [36;1m    "contributors_url": "https://api.github.com/repos/Ka0s-Klaus/ka0s/contributors",[0m
job-core	Crear JSON	2025-10-06T15:31:35.3832851Z [36;1m    "created_at": 1738252206,[0m
job-core	Crear JSON	2025-10-06T15:31:35.3833377Z [36;1m    "custom_properties": {},[0m
job-core	Crear JSON	2025-10-06T15:31:35.3833908Z [36;1m    "default_branch": "main",[0m
job-core	Crear JSON	2025-10-06T15:31:35.3834705Z [36;1m    "deployments_url": "https://api.github.com/repos/Ka0s-Klaus/ka0s/deployments",[0m
job-core	Crear JSON	2025-10-06T15:31:35.3835573Z [36;1m    "description": "Ka0s versión Klaus",[0m
job-core	Crear JSON	2025-10-06T15:31:35.3836144Z [36;1m    "disabled": false,[0m
job-core	Crear JSON	2025-10-06T15:31:35.3836891Z [36;1m    "downloads_url": "https://api.github.com/repos/Ka0s-Klaus/ka0s/downloads",[0m
job-core	Crear JSON	2025-10-06T15:31:35.3838054Z [36;1m    "events_url": "https://api.github.com/repos/Ka0s-Klaus/ka0s/events",[0m
job-core	Crear JSON	2025-10-06T15:31:35.3838673Z [36;1m    "fork": false,[0m
job-core	Crear JSON	2025-10-06T15:31:35.3839042Z [36;1m    "forks": 0,[0m
job-core	Crear JSON	2025-10-06T15:31:35.3839415Z [36;1m    "forks_count": 0,[0m
job-core	Crear JSON	2025-10-06T15:31:35.3840148Z [36;1m    "forks_url": "https://api.github.com/repos/Ka0s-Klaus/ka0s/forks",[0m
job-core	Crear JSON	2025-10-06T15:31:35.3840778Z [36;1m    "full_name": "Ka0s-Klaus/ka0s",[0m
job-core	Crear JSON	2025-10-06T15:31:35.3841492Z [36;1m    "git_commits_url": "https://api.github.com/repos/Ka0s-Klaus/ka0s/git/commits{/sha}",[0m
job-core	Crear JSON	2025-10-06T15:31:35.3842421Z [36;1m    "git_refs_url": "https://api.github.com/repos/Ka0s-Klaus/ka0s/git/refs{/sha}",[0m
job-core	Crear JSON	2025-10-06T15:31:35.3843298Z [36;1m    "git_tags_url": "https://api.github.com/repos/Ka0s-Klaus/ka0s/git/tags{/sha}",[0m
job-core	Crear JSON	2025-10-06T15:31:35.3844043Z [36;1m    "git_url": "git://github.com/Ka0s-Klaus/ka0s.git",[0m
job-core	Crear JSON	2025-10-06T15:31:35.3844571Z [36;1m    "has_discussions": false,[0m
job-core	Crear JSON	2025-10-06T15:31:35.3845005Z [36;1m    "has_downloads": true,[0m
job-core	Crear JSON	2025-10-06T15:31:35.3845417Z [36;1m    "has_issues": true,[0m
job-core	Crear JSON	2025-10-06T15:31:35.3845813Z [36;1m    "has_pages": false,[0m
job-core	Crear JSON	2025-10-06T15:31:35.3846213Z [36;1m    "has_projects": true,[0m
job-core	Crear JSON	2025-10-06T15:31:35.3846633Z [36;1m    "has_wiki": false,[0m
job-core	Crear JSON	2025-10-06T15:31:35.3847025Z [36;1m    "homepage": null,[0m
job-core	Crear JSON	2025-10-06T15:31:35.3847647Z [36;1m    "hooks_url": "https://api.github.com/repos/Ka0s-Klaus/ka0s/hooks",[0m
job-core	Crear JSON	2025-10-06T15:31:35.3848342Z [36;1m    "html_url": "https://github.com/Ka0s-Klaus/ka0s",[0m
job-core	Crear JSON	2025-10-06T15:31:35.3848854Z [36;1m    "id": 924757528,[0m
job-core	Crear JSON	2025-10-06T15:31:35.3849234Z [36;1m    "is_template": false,[0m
job-core	Crear JSON	2025-10-06T15:31:35.3849966Z [36;1m    "issue_comment_url": "https://api.github.com/repos/Ka0s-Klaus/ka0s/issues/comments{/number}",[0m
job-core	Crear JSON	2025-10-06T15:31:35.3851024Z [36;1m    "issue_events_url": "https://api.github.com/repos/Ka0s-Klaus/ka0s/issues/events{/number}",[0m
job-core	Crear JSON	2025-10-06T15:31:35.3851981Z [36;1m    "issues_url": "https://api.github.com/repos/Ka0s-Klaus/ka0s/issues{/number}",[0m
job-core	Crear JSON	2025-10-06T15:31:35.3852843Z [36;1m    "keys_url": "https://api.github.com/repos/Ka0s-Klaus/ka0s/keys{/key_id}",[0m
job-core	Crear JSON	2025-10-06T15:31:35.3853693Z [36;1m    "labels_url": "https://api.github.com/repos/Ka0s-Klaus/ka0s/labels{/name}",[0m
job-core	Crear JSON	2025-10-06T15:31:35.3854379Z [36;1m    "language": "JavaScript",[0m
job-core	Crear JSON	2025-10-06T15:31:35.3855029Z [36;1m    "languages_url": "https://api.github.com/repos/Ka0s-Klaus/ka0s/languages",[0m
job-core	Crear JSON	2025-10-06T15:31:35.3855677Z [36;1m    "license": {[0m
job-core	Crear JSON	2025-10-06T15:31:35.3856045Z [36;1m      "key": "gpl-3.0",[0m
job-core	Crear JSON	2025-10-06T15:31:35.3856507Z [36;1m      "name": "GNU General Public License v3.0",[0m
job-core	Crear JSON	2025-10-06T15:31:35.3857029Z [36;1m      "node_id": "MDc6TGljZW5zZTk=",[0m
job-core	Crear JSON	2025-10-06T15:31:35.3857546Z [36;1m      "spdx_id": "GPL-3.0",[0m
job-core	Crear JSON	2025-10-06T15:31:35.3858048Z [36;1m      "url": "https://api.github.com/licenses/gpl-3.0"[0m
job-core	Crear JSON	2025-10-06T15:31:35.3858539Z [36;1m    },[0m
job-core	Crear JSON	2025-10-06T15:31:35.3858865Z [36;1m    "master_branch": "main",[0m
job-core	Crear JSON	2025-10-06T15:31:35.3859469Z [36;1m    "merges_url": "https://api.github.com/repos/Ka0s-Klaus/ka0s/merges",[0m
job-core	Crear JSON	2025-10-06T15:31:35.3860370Z [36;1m    "milestones_url": "https://api.github.com/repos/Ka0s-Klaus/ka0s/milestones{/number}",[0m
job-core	Crear JSON	2025-10-06T15:31:35.3861271Z [36;1m    "mirror_url": null,[0m
job-core	Crear JSON	2025-10-06T15:31:35.3861667Z [36;1m    "name": "ka0s",[0m
job-core	Crear JSON	2025-10-06T15:31:35.3862057Z [36;1m    "node_id": "R_kgDONx6uGA",[0m
job-core	Crear JSON	2025-10-06T15:31:35.3862932Z [36;1m    "notifications_url": "https://api.github.com/repos/Ka0s-Klaus/ka0s/notifications{?since,all,participating}",[0m
job-core	Crear JSON	2025-10-06T15:31:35.3863809Z [36;1m    "open_issues": 14,[0m
job-core	Crear JSON	2025-10-06T15:31:35.3864211Z [36;1m    "open_issues_count": 14,[0m
job-core	Crear JSON	2025-10-06T15:31:35.3864660Z [36;1m    "organization": "Ka0s-Klaus",[0m
job-core	Crear JSON	2025-10-06T15:31:35.3865096Z [36;1m    "owner": {[0m
job-core	Crear JSON	2025-10-06T15:31:35.3865662Z [36;1m      "avatar_url": "https://avatars.githubusercontent.com/u/197099031?v=4",[0m
job-core	Crear JSON	2025-10-06T15:31:35.3866326Z [36;1m      "email": "support@ka0s.io",[0m
job-core	Crear JSON	2025-10-06T15:31:35.3866983Z [36;1m      "events_url": "https://api.github.com/users/Ka0s-Klaus/events{/privacy}",[0m
job-core	Crear JSON	2025-10-06T15:31:35.3867872Z [36;1m      "followers_url": "https://api.github.com/users/Ka0s-Klaus/followers",[0m
job-core	Crear JSON	2025-10-06T15:31:35.3868968Z [36;1m      "following_url": "https://api.github.com/users/Ka0s-Klaus/following{/other_user}",[0m
job-core	Crear JSON	2025-10-06T15:31:35.3869906Z [36;1m      "gists_url": "https://api.github.com/users/Ka0s-Klaus/gists{/gist_id}",[0m
job-core	Crear JSON	2025-10-06T15:31:35.3870542Z [36;1m      "gravatar_id": "",[0m
job-core	Crear JSON	2025-10-06T15:31:35.3871027Z [36;1m      "html_url": "https://github.com/Ka0s-Klaus",[0m
job-core	Crear JSON	2025-10-06T15:31:35.3871520Z [36;1m      "id": 197099031,[0m
job-core	Crear JSON	2025-10-06T15:31:35.3871910Z [36;1m      "login": "Ka0s-Klaus",[0m
job-core	Crear JSON	2025-10-06T15:31:35.3872333Z [36;1m      "name": "Ka0s-Klaus",[0m
job-core	Crear JSON	2025-10-06T15:31:35.3872765Z [36;1m      "node_id": "O_kgDOC79-Fw",[0m
job-core	Crear JSON	2025-10-06T15:31:35.3873450Z [36;1m      "organizations_url": "https://api.github.com/users/Ka0s-Klaus/orgs",[0m
job-core	Crear JSON	2025-10-06T15:31:35.3874347Z [36;1m      "received_events_url": "https://api.github.com/users/Ka0s-Klaus/received_events",[0m
job-core	Crear JSON	2025-10-06T15:31:35.3875187Z [36;1m      "repos_url": "https://api.github.com/users/Ka0s-Klaus/repos",[0m
job-core	Crear JSON	2025-10-06T15:31:35.3875786Z [36;1m      "site_admin": false,[0m
job-core	Crear JSON	2025-10-06T15:31:35.3876442Z [36;1m      "starred_url": "https://api.github.com/users/Ka0s-Klaus/starred{/owner}{/repo}",[0m
job-core	Crear JSON	2025-10-06T15:31:35.3877428Z [36;1m      "subscriptions_url": "https://api.github.com/users/Ka0s-Klaus/subscriptions",[0m
job-core	Crear JSON	2025-10-06T15:31:35.3878130Z [36;1m      "type": "Organization",[0m
job-core	Crear JSON	2025-10-06T15:31:35.3878653Z [36;1m      "url": "https://api.github.com/users/Ka0s-Klaus",[0m
job-core	Crear JSON	2025-10-06T15:31:35.3879198Z [36;1m      "user_view_type": "public"[0m
job-core	Crear JSON	2025-10-06T15:31:35.3879617Z [36;1m    },[0m
job-core	Crear JSON	2025-10-06T15:31:35.3879939Z [36;1m    "private": false,[0m
job-core	Crear JSON	2025-10-06T15:31:35.3880550Z [36;1m    "pulls_url": "https://api.github.com/repos/Ka0s-Klaus/ka0s/pulls{/number}",[0m
job-core	Crear JSON	2025-10-06T15:31:35.3881214Z [36;1m    "pushed_at": 1759764676,[0m
job-core	Crear JSON	2025-10-06T15:31:35.3881866Z [36;1m    "releases_url": "https://api.github.com/repos/Ka0s-Klaus/ka0s/releases{/id}",[0m
job-core	Crear JSON	2025-10-06T15:31:35.3882547Z [36;1m    "size": 103120,[0m
job-core	Crear JSON	2025-10-06T15:31:35.3883000Z [36;1m    "ssh_url": "git@github.com:Ka0s-Klaus/ka0s.git",[0m
job-core	Crear JSON	2025-10-06T15:31:35.3883510Z [36;1m    "stargazers": 0,[0m
job-core	Crear JSON	2025-10-06T15:31:35.3883902Z [36;1m    "stargazers_count": 0,[0m
job-core	Crear JSON	2025-10-06T15:31:35.3884551Z [36;1m    "stargazers_url": "https://api.github.com/repos/Ka0s-Klaus/ka0s/stargazers",[0m
job-core	Crear JSON	2025-10-06T15:31:35.3885463Z [36;1m    "statuses_url": "https://api.github.com/repos/Ka0s-Klaus/ka0s/statuses/{sha}",[0m
job-core	Crear JSON	2025-10-06T15:31:35.3886376Z [36;1m    "subscribers_url": "https://api.github.com/repos/Ka0s-Klaus/ka0s/subscribers",[0m
job-core	Crear JSON	2025-10-06T15:31:35.3887311Z [36;1m    "subscription_url": "https://api.github.com/repos/Ka0s-Klaus/ka0s/subscription",[0m
job-core	Crear JSON	2025-10-06T15:31:35.3888182Z [36;1m    "svn_url": "https://github.com/Ka0s-Klaus/ka0s",[0m
job-core	Crear JSON	2025-10-06T15:31:35.3888767Z [36;1m    "tags_url": "https://api.github.com/repos/Ka0s-Klaus/ka0s/tags",[0m
job-core	Crear JSON	2025-10-06T15:31:35.3889592Z [36;1m    "teams_url": "https://api.github.com/repos/Ka0s-Klaus/ka0s/teams",[0m
job-core	Crear JSON	2025-10-06T15:31:35.3890134Z [36;1m    "topics": [],[0m
job-core	Crear JSON	2025-10-06T15:31:35.3890645Z [36;1m    "trees_url": "https://api.github.com/repos/Ka0s-Klaus/ka0s/git/trees{/sha}",[0m
job-core	Crear JSON	2025-10-06T15:31:35.3891236Z [36;1m    "updated_at": "2025-10-06T15:22:04Z",[0m
job-core	Crear JSON	2025-10-06T15:31:35.3900015Z [36;1m    "url": "https://api.github.com/repos/Ka0s-Klaus/ka0s",[0m
job-core	Crear JSON	2025-10-06T15:31:35.3900524Z [36;1m    "visibility": "public",[0m
job-core	Crear JSON	2025-10-06T15:31:35.3900890Z [36;1m    "watchers": 0,[0m
job-core	Crear JSON	2025-10-06T15:31:35.3901217Z [36;1m    "watchers_count": 0,[0m
job-core	Crear JSON	2025-10-06T15:31:35.3901600Z [36;1m    "web_commit_signoff_required": false[0m
job-core	Crear JSON	2025-10-06T15:31:35.3901981Z [36;1m  },[0m
job-core	Crear JSON	2025-10-06T15:31:35.3902243Z [36;1m  "sender": {[0m
job-core	Crear JSON	2025-10-06T15:31:35.3902726Z [36;1m    "avatar_url": "https://avatars.githubusercontent.com/u/73332898?v=4",[0m
job-core	Crear JSON	2025-10-06T15:31:35.3903461Z [36;1m    "events_url": "https://api.github.com/users/santakloud/events{/privacy}",[0m
job-core	Crear JSON	2025-10-06T15:31:35.3904419Z [36;1m    "followers_url": "https://api.github.com/users/santakloud/followers",[0m
job-core	Crear JSON	2025-10-06T15:31:35.3905183Z [36;1m    "following_url": "https://api.github.com/users/santakloud/following{/other_user}",[0m
job-core	Crear JSON	2025-10-06T15:31:35.3905945Z [36;1m    "gists_url": "https://api.github.com/users/santakloud/gists{/gist_id}",[0m
job-core	Crear JSON	2025-10-06T15:31:35.3906490Z [36;1m    "gravatar_id": "",[0m
job-core	Crear JSON	2025-10-06T15:31:35.3906898Z [36;1m    "html_url": "https://github.com/santakloud",[0m
job-core	Crear JSON	2025-10-06T15:31:35.3907391Z [36;1m    "id": 73332898,[0m
job-core	Crear JSON	2025-10-06T15:31:35.3907728Z [36;1m    "login": "santakloud",[0m
job-core	Crear JSON	2025-10-06T15:31:35.3908121Z [36;1m    "node_id": "MDQ6VXNlcjczMzMyODk4",[0m
job-core	Crear JSON	2025-10-06T15:31:35.3908686Z [36;1m    "organizations_url": "https://api.github.com/users/santakloud/orgs",[0m
job-core	Crear JSON	2025-10-06T15:31:35.3909449Z [36;1m    "received_events_url": "https://api.github.com/users/santakloud/received_events",[0m
job-core	Crear JSON	2025-10-06T15:31:35.3910171Z [36;1m    "repos_url": "https://api.github.com/users/santakloud/repos",[0m
job-core	Crear JSON	2025-10-06T15:31:35.3910686Z [36;1m    "site_admin": false,[0m
job-core	Crear JSON	2025-10-06T15:31:35.3911250Z [36;1m    "starred_url": "https://api.github.com/users/santakloud/starred{/owner}{/repo}",[0m
job-core	Crear JSON	2025-10-06T15:31:35.3912056Z [36;1m    "subscriptions_url": "https://api.github.com/users/santakloud/subscriptions",[0m
job-core	Crear JSON	2025-10-06T15:31:35.3912643Z [36;1m    "type": "User",[0m
job-core	Crear JSON	2025-10-06T15:31:35.3913048Z [36;1m    "url": "https://api.github.com/users/santakloud",[0m
job-core	Crear JSON	2025-10-06T15:31:35.3913513Z [36;1m    "user_view_type": "public"[0m
job-core	Crear JSON	2025-10-06T15:31:35.3913868Z [36;1m  }[0m
job-core	Crear JSON	2025-10-06T15:31:35.3914377Z [36;1m}' | jq -c 'walk(if type == "number" then tostring | sub("^0+"; "") else . end)' > audit/kaos/18286119408.json[0m
job-core	Crear JSON	2025-10-06T15:31:35.3924825Z shell: /usr/bin/bash -e {0}
job-core	Crear JSON	2025-10-06T15:31:35.3925169Z env:
job-core	Crear JSON	2025-10-06T15:31:35.3925421Z   KAOS_CODE: 18286119408
job-core	Crear JSON	2025-10-06T15:31:35.3925734Z   KAOS_EVENT_NAME: push
job-core	Crear JSON	2025-10-06T15:31:35.3926028Z   KAOS_ACTION: 
job-core	Crear JSON	2025-10-06T15:31:35.3926406Z   KAOS_REF: refs/heads/H1646-modulo-de-control-de-runners
job-core	Crear JSON	2025-10-06T15:31:35.3926854Z   KAOS_MODULE: [Ka0S] Kaos
job-core	Crear JSON	2025-10-06T15:31:35.3927176Z   KAOS_PATH_RESUME: audit/kaos/
job-core	Crear JSON	2025-10-06T15:31:35.3927575Z   KAOS_ACTOR: santakloud
job-core	Crear JSON	2025-10-06T15:31:35.3927877Z   GITHUB_OUTPUT: 
job-core	Crear JSON	2025-10-06T15:31:35.3928144Z ##[endgroup]
job-core	Files in Commit	﻿2025-10-06T15:31:35.4266842Z ##[group]Run # Stored files implicated in the commit
job-core	Files in Commit	2025-10-06T15:31:35.4267288Z [36;1m# Stored files implicated in the commit[0m
job-core	Files in Commit	2025-10-06T15:31:35.4268147Z [36;1mgit diff --name-only 275668aac1235d8d27804265ffd0dd664aeadbbc f9c8b14ad57416cf1eb1da1ea2fdb3d49384f0ff > audit/kaos/18286119408-files-in-commit.txt[0m
job-core	Files in Commit	2025-10-06T15:31:35.4276748Z shell: /usr/bin/bash -e {0}
job-core	Files in Commit	2025-10-06T15:31:35.4277013Z env:
job-core	Files in Commit	2025-10-06T15:31:35.4277207Z   KAOS_CODE: 18286119408
job-core	Files in Commit	2025-10-06T15:31:35.4277509Z   KAOS_EVENT_NAME: push
job-core	Files in Commit	2025-10-06T15:31:35.4277740Z   KAOS_ACTION: 
job-core	Files in Commit	2025-10-06T15:31:35.4278022Z   KAOS_REF: refs/heads/H1646-modulo-de-control-de-runners
job-core	Files in Commit	2025-10-06T15:31:35.4278511Z   KAOS_MODULE: [Ka0S] Kaos
job-core	Files in Commit	2025-10-06T15:31:35.4278759Z   KAOS_PATH_RESUME: audit/kaos/
job-core	Files in Commit	2025-10-06T15:31:35.4279134Z   KAOS_ACTOR: santakloud
job-core	Files in Commit	2025-10-06T15:31:35.4279357Z   GITHUB_OUTPUT: 
job-core	Files in Commit	2025-10-06T15:31:35.4279554Z ##[endgroup]
job-core	Upload Files	﻿2025-10-06T15:31:35.4374743Z ##[group]Run echo "Downloading files to the repository..."
job-core	Upload Files	2025-10-06T15:31:35.4375206Z [36;1mecho "Downloading files to the repository..."[0m
job-core	Upload Files	2025-10-06T15:31:35.4375695Z [36;1mgit config --global user.name "***"[0m
job-core	Upload Files	2025-10-06T15:31:35.4376055Z [36;1mgit config --global user.email "***"[0m
job-core	Upload Files	2025-10-06T15:31:35.4376358Z [36;1mgit pull --rebase[0m
job-core	Upload Files	2025-10-06T15:31:35.4376653Z [36;1mecho "Uploading files to the repository..."[0m
job-core	Upload Files	2025-10-06T15:31:35.4376979Z [36;1mgit add audit/kaos/*[0m
job-core	Upload Files	2025-10-06T15:31:35.4377435Z [36;1mgit commit -m "[Ka0S] Uploading resume execution files to the repository..."[0m
job-core	Upload Files	2025-10-06T15:31:35.4378561Z [36;1mgit push origin refs/heads/H1646-modulo-de-control-de-runners --force-with-lease [0m
job-core	Upload Files	2025-10-06T15:31:35.4387434Z shell: /usr/bin/bash -e {0}
job-core	Upload Files	2025-10-06T15:31:35.4387713Z env:
job-core	Upload Files	2025-10-06T15:31:35.4387955Z   KAOS_CODE: 18286119408
job-core	Upload Files	2025-10-06T15:31:35.4388200Z   KAOS_EVENT_NAME: push
job-core	Upload Files	2025-10-06T15:31:35.4388429Z   KAOS_ACTION: 
job-core	Upload Files	2025-10-06T15:31:35.4388715Z   KAOS_REF: refs/heads/H1646-modulo-de-control-de-runners
job-core	Upload Files	2025-10-06T15:31:35.4389107Z   KAOS_MODULE: [Ka0S] Kaos
job-core	Upload Files	2025-10-06T15:31:35.4389631Z   KAOS_PATH_RESUME: audit/kaos/
job-core	Upload Files	2025-10-06T15:31:35.4390009Z   KAOS_ACTOR: santakloud
job-core	Upload Files	2025-10-06T15:31:35.4390240Z   GITHUB_OUTPUT: 
job-core	Upload Files	2025-10-06T15:31:35.4390445Z ##[endgroup]
job-core	Upload Files	2025-10-06T15:31:35.4421328Z Downloading files to the repository...
job-core	Upload Files	2025-10-06T15:31:36.7832903Z Already up to date.
job-core	Upload Files	2025-10-06T15:31:36.7837153Z Uploading files to the repository...
job-core	Upload Files	2025-10-06T15:31:36.7996627Z [H1646-modulo-de-control-de-runners 70665fb5] [Ka0S] Uploading resume execution files to the repository...
job-core	Upload Files	2025-10-06T15:31:36.7997563Z  2 files changed, 2 insertions(+)
job-core	Upload Files	2025-10-06T15:31:36.7998053Z  create mode 100644 audit/kaos/18286119408-files-in-commit.txt
job-core	Upload Files	2025-10-06T15:31:36.7998609Z  create mode 100644 audit/kaos/18286119408.json
job-core	Upload Files	2025-10-06T15:31:37.6808398Z To https://github.com/Ka0s-Klaus/ka0s
job-core	Upload Files	2025-10-06T15:31:37.6818585Z    f9c8b14a..70665fb5  H1646-modulo-de-control-de-runners -> H1646-modulo-de-control-de-runners
job-core	Run git diff --name-only 275668aac1235d8d27804265ffd0dd664aeadbbc f9c8b14ad57416cf1eb1da1ea2fdb3d49384f0ff > files-in-commit.txt	﻿2025-10-06T15:31:37.6915516Z ##[group]Run git diff --name-only 275668aac1235d8d27804265ffd0dd664aeadbbc f9c8b14ad57416cf1eb1da1ea2fdb3d49384f0ff > files-in-commit.txt
job-core	Run git diff --name-only 275668aac1235d8d27804265ffd0dd664aeadbbc f9c8b14ad57416cf1eb1da1ea2fdb3d49384f0ff > files-in-commit.txt	2025-10-06T15:31:37.6916632Z [36;1mgit diff --name-only 275668aac1235d8d27804265ffd0dd664aeadbbc f9c8b14ad57416cf1eb1da1ea2fdb3d49384f0ff > files-in-commit.txt[0m
job-core	Run git diff --name-only 275668aac1235d8d27804265ffd0dd664aeadbbc f9c8b14ad57416cf1eb1da1ea2fdb3d49384f0ff > files-in-commit.txt	2025-10-06T15:31:37.6917282Z [36;1mcat files-in-commit.txt[0m
job-core	Run git diff --name-only 275668aac1235d8d27804265ffd0dd664aeadbbc f9c8b14ad57416cf1eb1da1ea2fdb3d49384f0ff > files-in-commit.txt	2025-10-06T15:31:37.6917960Z [36;1m# Nuevo proceso de activacion de los modulos[0m
job-core	Run git diff --name-only 275668aac1235d8d27804265ffd0dd664aeadbbc f9c8b14ad57416cf1eb1da1ea2fdb3d49384f0ff > files-in-commit.txt	2025-10-06T15:31:37.6918412Z [36;1mwhile IFS= read -r line; do[0m
job-core	Run git diff --name-only 275668aac1235d8d27804265ffd0dd664aeadbbc f9c8b14ad57416cf1eb1da1ea2fdb3d49384f0ff > files-in-commit.txt	2025-10-06T15:31:37.6918709Z [36;1m  # Skip files in core/outputs directory[0m
job-core	Run git diff --name-only 275668aac1235d8d27804265ffd0dd664aeadbbc f9c8b14ad57416cf1eb1da1ea2fdb3d49384f0ff > files-in-commit.txt	2025-10-06T15:31:37.6919094Z [36;1m  if [[ "$line" == core/outputs/* || "$line" == core/results/* ]]; then[0m
job-core	Run git diff --name-only 275668aac1235d8d27804265ffd0dd664aeadbbc f9c8b14ad57416cf1eb1da1ea2fdb3d49384f0ff > files-in-commit.txt	2025-10-06T15:31:37.6919546Z [36;1m    echo "Skipping file in outputs directory: $line"[0m
job-core	Run git diff --name-only 275668aac1235d8d27804265ffd0dd664aeadbbc f9c8b14ad57416cf1eb1da1ea2fdb3d49384f0ff > files-in-commit.txt	2025-10-06T15:31:37.6919875Z [36;1m    continue[0m
job-core	Run git diff --name-only 275668aac1235d8d27804265ffd0dd664aeadbbc f9c8b14ad57416cf1eb1da1ea2fdb3d49384f0ff > files-in-commit.txt	2025-10-06T15:31:37.6920083Z [36;1m  fi[0m
job-core	Run git diff --name-only 275668aac1235d8d27804265ffd0dd664aeadbbc f9c8b14ad57416cf1eb1da1ea2fdb3d49384f0ff > files-in-commit.txt	2025-10-06T15:31:37.6920421Z [36;1m  echo "I Leemos el fichero files-in-commit.txt y extraemos el fichero $line"[0m
job-core	Run git diff --name-only 275668aac1235d8d27804265ffd0dd664aeadbbc f9c8b14ad57416cf1eb1da1ea2fdb3d49384f0ff > files-in-commit.txt	2025-10-06T15:31:37.6920882Z [36;1m  module_failed=0[0m
job-core	Run git diff --name-only 275668aac1235d8d27804265ffd0dd664aeadbbc f9c8b14ad57416cf1eb1da1ea2fdb3d49384f0ff > files-in-commit.txt	2025-10-06T15:31:37.6921125Z [36;1m  extension_failed=0[0m
job-core	Run git diff --name-only 275668aac1235d8d27804265ffd0dd664aeadbbc f9c8b14ad57416cf1eb1da1ea2fdb3d49384f0ff > files-in-commit.txt	2025-10-06T15:31:37.6921389Z [36;1m  file_name=$(basename "$line")[0m
job-core	Run git diff --name-only 275668aac1235d8d27804265ffd0dd664aeadbbc f9c8b14ad57416cf1eb1da1ea2fdb3d49384f0ff > files-in-commit.txt	2025-10-06T15:31:37.6921737Z [36;1m  echo "I-1 Calculamos el nombre del fichero $file_name"[0m
job-core	Run git diff --name-only 275668aac1235d8d27804265ffd0dd664aeadbbc f9c8b14ad57416cf1eb1da1ea2fdb3d49384f0ff > files-in-commit.txt	2025-10-06T15:31:37.6922106Z [36;1m  file_extension="${file_name##*.}"[0m
job-core	Run git diff --name-only 275668aac1235d8d27804265ffd0dd664aeadbbc f9c8b14ad57416cf1eb1da1ea2fdb3d49384f0ff > files-in-commit.txt	2025-10-06T15:31:37.6922483Z [36;1m  echo "I-2 Calculamos la extension del fichero $file_extension"[0m
job-core	Run git diff --name-only 275668aac1235d8d27804265ffd0dd664aeadbbc f9c8b14ad57416cf1eb1da1ea2fdb3d49384f0ff > files-in-commit.txt	2025-10-06T15:31:37.6922888Z [36;1m  file_module="$file_extension""lint.yml"[0m
job-core	Run git diff --name-only 275668aac1235d8d27804265ffd0dd664aeadbbc f9c8b14ad57416cf1eb1da1ea2fdb3d49384f0ff > files-in-commit.txt	2025-10-06T15:31:37.6923230Z [36;1m  echo "I-3 Calculamos el modulo $file_module"[0m
job-core	Run git diff --name-only 275668aac1235d8d27804265ffd0dd664aeadbbc f9c8b14ad57416cf1eb1da1ea2fdb3d49384f0ff > files-in-commit.txt	2025-10-06T15:31:37.6923579Z [36;1m  IFS=',' read -r -a file_array <<< "$files"[0m
job-core	Run git diff --name-only 275668aac1235d8d27804265ffd0dd664aeadbbc f9c8b14ad57416cf1eb1da1ea2fdb3d49384f0ff > files-in-commit.txt	2025-10-06T15:31:37.6923907Z [36;1m  for file in "${file_array[@]}"; do[0m
job-core	Run git diff --name-only 275668aac1235d8d27804265ffd0dd664aeadbbc f9c8b14ad57416cf1eb1da1ea2fdb3d49384f0ff > files-in-commit.txt	2025-10-06T15:31:37.6924221Z [36;1m    echo "II Leemos el array de $file"[0m
job-core	Run git diff --name-only 275668aac1235d8d27804265ffd0dd664aeadbbc f9c8b14ad57416cf1eb1da1ea2fdb3d49384f0ff > files-in-commit.txt	2025-10-06T15:31:37.6924548Z [36;1m    if [[ "$file_extension" == "$file" ]]; then[0m
job-core	Run git diff --name-only 275668aac1235d8d27804265ffd0dd664aeadbbc f9c8b14ad57416cf1eb1da1ea2fdb3d49384f0ff > files-in-commit.txt	2025-10-06T15:31:37.6924937Z [36;1m      echo "III Comprobamos si $file_extension es igual a $file"[0m
job-core	Run git diff --name-only 275668aac1235d8d27804265ffd0dd664aeadbbc f9c8b14ad57416cf1eb1da1ea2fdb3d49384f0ff > files-in-commit.txt	2025-10-06T15:31:37.6925355Z [36;1m      IFS=',' read -r -a module_array <<< "$modules"[0m
job-core	Run git diff --name-only 275668aac1235d8d27804265ffd0dd664aeadbbc f9c8b14ad57416cf1eb1da1ea2fdb3d49384f0ff > files-in-commit.txt	2025-10-06T15:31:37.6925700Z [36;1m      for module in "${module_array[@]}"; do[0m
job-core	Run git diff --name-only 275668aac1235d8d27804265ffd0dd664aeadbbc f9c8b14ad57416cf1eb1da1ea2fdb3d49384f0ff > files-in-commit.txt	2025-10-06T15:31:37.6926024Z [36;1m        echo "IV Leemos el array $module"[0m
job-core	Run git diff --name-only 275668aac1235d8d27804265ffd0dd664aeadbbc f9c8b14ad57416cf1eb1da1ea2fdb3d49384f0ff > files-in-commit.txt	2025-10-06T15:31:37.6926353Z [36;1m        if [[ "$file_module" == *"$module"* ]]; then[0m
job-core	Run git diff --name-only 275668aac1235d8d27804265ffd0dd664aeadbbc f9c8b14ad57416cf1eb1da1ea2fdb3d49384f0ff > files-in-commit.txt	2025-10-06T15:31:37.6926812Z [36;1m          echo "V Comprobamos que el $file_module es igual a $module y ejecutamos el flujo"[0m
job-core	Run git diff --name-only 275668aac1235d8d27804265ffd0dd664aeadbbc f9c8b14ad57416cf1eb1da1ea2fdb3d49384f0ff > files-in-commit.txt	2025-10-06T15:31:37.6927308Z [36;1m          # Si hemos llegado hasta aquí ejecutamos el módulo[0m
job-core	Run git diff --name-only 275668aac1235d8d27804265ffd0dd664aeadbbc f9c8b14ad57416cf1eb1da1ea2fdb3d49384f0ff > files-in-commit.txt	2025-10-06T15:31:37.6928015Z [36;1m          # Lanzamos el lint del fichero[0m
job-core	Run git diff --name-only 275668aac1235d8d27804265ffd0dd664aeadbbc f9c8b14ad57416cf1eb1da1ea2fdb3d49384f0ff > files-in-commit.txt	2025-10-06T15:31:37.6928797Z [36;1m          RNNUMBER=$(echo "refs/heads/H1646-modulo-de-control-de-runners" | grep -o '[0-9]*')[0m
job-core	Run git diff --name-only 275668aac1235d8d27804265ffd0dd664aeadbbc f9c8b14ad57416cf1eb1da1ea2fdb3d49384f0ff > files-in-commit.txt	2025-10-06T15:31:37.6929300Z [36;1m          echo "El numero de la issue es: $RNNUMBER"[0m
job-core	Run git diff --name-only 275668aac1235d8d27804265ffd0dd664aeadbbc f9c8b14ad57416cf1eb1da1ea2fdb3d49384f0ff > files-in-commit.txt	2025-10-06T15:31:37.6930148Z [36;1m          gh workflow run $file_module --ref refs/heads/H1646-modulo-de-control-de-runners -f kaos-origin=18286119408 -f kaos-files=$line -f kaos-issue-id=$RNNUMBER -f kaos-user-start=santakloud[0m
job-core	Run git diff --name-only 275668aac1235d8d27804265ffd0dd664aeadbbc f9c8b14ad57416cf1eb1da1ea2fdb3d49384f0ff > files-in-commit.txt	2025-10-06T15:31:37.6930959Z [36;1m          module_failed=0[0m
job-core	Run git diff --name-only 275668aac1235d8d27804265ffd0dd664aeadbbc f9c8b14ad57416cf1eb1da1ea2fdb3d49384f0ff > files-in-commit.txt	2025-10-06T15:31:37.6931227Z [36;1m          extension_failed=0[0m
job-core	Run git diff --name-only 275668aac1235d8d27804265ffd0dd664aeadbbc f9c8b14ad57416cf1eb1da1ea2fdb3d49384f0ff > files-in-commit.txt	2025-10-06T15:31:37.6931493Z [36;1m          break[0m
job-core	Run git diff --name-only 275668aac1235d8d27804265ffd0dd664aeadbbc f9c8b14ad57416cf1eb1da1ea2fdb3d49384f0ff > files-in-commit.txt	2025-10-06T15:31:37.6931718Z [36;1m        else[0m
job-core	Run git diff --name-only 275668aac1235d8d27804265ffd0dd664aeadbbc f9c8b14ad57416cf1eb1da1ea2fdb3d49384f0ff > files-in-commit.txt	2025-10-06T15:31:37.6932005Z [36;1m          # Control de si existe el modulo para esa extension"[0m
job-core	Run git diff --name-only 275668aac1235d8d27804265ffd0dd664aeadbbc f9c8b14ad57416cf1eb1da1ea2fdb3d49384f0ff > files-in-commit.txt	2025-10-06T15:31:37.6932530Z [36;1m          echo "VI No es igual $file_module a $module y lo indicamos en la variable module_failed=1"[0m
job-core	Run git diff --name-only 275668aac1235d8d27804265ffd0dd664aeadbbc f9c8b14ad57416cf1eb1da1ea2fdb3d49384f0ff > files-in-commit.txt	2025-10-06T15:31:37.6932980Z [36;1m          module_failed=1[0m
job-core	Run git diff --name-only 275668aac1235d8d27804265ffd0dd664aeadbbc f9c8b14ad57416cf1eb1da1ea2fdb3d49384f0ff > files-in-commit.txt	2025-10-06T15:31:37.6933236Z [36;1m        fi[0m
job-core	Run git diff --name-only 275668aac1235d8d27804265ffd0dd664aeadbbc f9c8b14ad57416cf1eb1da1ea2fdb3d49384f0ff > files-in-commit.txt	2025-10-06T15:31:37.6933444Z [36;1m      done[0m
job-core	Run git diff --name-only 275668aac1235d8d27804265ffd0dd664aeadbbc f9c8b14ad57416cf1eb1da1ea2fdb3d49384f0ff > files-in-commit.txt	2025-10-06T15:31:37.6933650Z [36;1m      break[0m
job-core	Run git diff --name-only 275668aac1235d8d27804265ffd0dd664aeadbbc f9c8b14ad57416cf1eb1da1ea2fdb3d49384f0ff > files-in-commit.txt	2025-10-06T15:31:37.6933857Z [36;1m    else[0m
job-core	Run git diff --name-only 275668aac1235d8d27804265ffd0dd664aeadbbc f9c8b14ad57416cf1eb1da1ea2fdb3d49384f0ff > files-in-commit.txt	2025-10-06T15:31:37.6934130Z [36;1m      # Control de si existe el modulo para esa extension"[0m
job-core	Run git diff --name-only 275668aac1235d8d27804265ffd0dd664aeadbbc f9c8b14ad57416cf1eb1da1ea2fdb3d49384f0ff > files-in-commit.txt	2025-10-06T15:31:37.6934854Z [36;1m      echo "VII No es igual $file_extension a $file y lo indicamos en la variable extension_failed=1"[0m
job-core	Run git diff --name-only 275668aac1235d8d27804265ffd0dd664aeadbbc f9c8b14ad57416cf1eb1da1ea2fdb3d49384f0ff > files-in-commit.txt	2025-10-06T15:31:37.6935321Z [36;1m      extension_failed=1[0m
job-core	Run git diff --name-only 275668aac1235d8d27804265ffd0dd664aeadbbc f9c8b14ad57416cf1eb1da1ea2fdb3d49384f0ff > files-in-commit.txt	2025-10-06T15:31:37.6935572Z [36;1m    fi  [0m
job-core	Run git diff --name-only 275668aac1235d8d27804265ffd0dd664aeadbbc f9c8b14ad57416cf1eb1da1ea2fdb3d49384f0ff > files-in-commit.txt	2025-10-06T15:31:37.6935764Z [36;1m  done[0m
job-core	Run git diff --name-only 275668aac1235d8d27804265ffd0dd664aeadbbc f9c8b14ad57416cf1eb1da1ea2fdb3d49384f0ff > files-in-commit.txt	2025-10-06T15:31:37.6935990Z [36;1m  if [[ $module_failed == 1 ]]; then[0m
job-core	Run git diff --name-only 275668aac1235d8d27804265ffd0dd664aeadbbc f9c8b14ad57416cf1eb1da1ea2fdb3d49384f0ff > files-in-commit.txt	2025-10-06T15:31:37.6936433Z [36;1m    echo "IX Si el modulo falla ($module_failed) añadimos el comentario a la issue"[0m
job-core	Run git diff --name-only 275668aac1235d8d27804265ffd0dd664aeadbbc f9c8b14ad57416cf1eb1da1ea2fdb3d49384f0ff > files-in-commit.txt	2025-10-06T15:31:37.6937214Z [36;1m    # Si hemos llegado hasta aquí añadimos el mensaje de que la extension esta permitida pero no dispone de modulo activo y aqui finaliza el proceso[0m
job-core	Run git diff --name-only 275668aac1235d8d27804265ffd0dd664aeadbbc f9c8b14ad57416cf1eb1da1ea2fdb3d49384f0ff > files-in-commit.txt	2025-10-06T15:31:37.6939056Z [36;1m    # Añadimos los valores a las variables de la issue[0m
job-core	Run git diff --name-only 275668aac1235d8d27804265ffd0dd664aeadbbc f9c8b14ad57416cf1eb1da1ea2fdb3d49384f0ff > files-in-commit.txt	2025-10-06T15:31:37.6940033Z [36;1m    KAOS_ISSUE_BODY="[Ka0S] Kaos ha detectado que la extensión ($file_extension) esta permitida dentro de KAOS_CORE_FILES, pero el módulo asociado ($file_module) no esta activo. Por favor compruebe que exista y esta activo."[0m
job-core	Run git diff --name-only 275668aac1235d8d27804265ffd0dd664aeadbbc f9c8b14ad57416cf1eb1da1ea2fdb3d49384f0ff > files-in-commit.txt	2025-10-06T15:31:37.6940958Z [36;1m    # Añadimos el comentario a la issue[0m
job-core	Run git diff --name-only 275668aac1235d8d27804265ffd0dd664aeadbbc f9c8b14ad57416cf1eb1da1ea2fdb3d49384f0ff > files-in-commit.txt	2025-10-06T15:31:37.6941446Z [36;1m    RNNUMBER=$(echo "refs/heads/H1646-modulo-de-control-de-runners" | grep -o '[0-9]*')[0m
job-core	Run git diff --name-only 275668aac1235d8d27804265ffd0dd664aeadbbc f9c8b14ad57416cf1eb1da1ea2fdb3d49384f0ff > files-in-commit.txt	2025-10-06T15:31:37.6941975Z [36;1m    gh issue comment $RNNUMBER --body "$KAOS_ISSUE_BODY"[0m
job-core	Run git diff --name-only 275668aac1235d8d27804265ffd0dd664aeadbbc f9c8b14ad57416cf1eb1da1ea2fdb3d49384f0ff > files-in-commit.txt	2025-10-06T15:31:37.6942304Z [36;1m  fi[0m
job-core	Run git diff --name-only 275668aac1235d8d27804265ffd0dd664aeadbbc f9c8b14ad57416cf1eb1da1ea2fdb3d49384f0ff > files-in-commit.txt	2025-10-06T15:31:37.6942530Z [36;1m  if [[ $extension_failed == 1 ]]; then[0m
job-core	Run git diff --name-only 275668aac1235d8d27804265ffd0dd664aeadbbc f9c8b14ad57416cf1eb1da1ea2fdb3d49384f0ff > files-in-commit.txt	2025-10-06T15:31:37.6943005Z [36;1m    echo "X Si extension falla falla ($extension_failed) añadimos el comentario a la issue"[0m
job-core	Run git diff --name-only 275668aac1235d8d27804265ffd0dd664aeadbbc f9c8b14ad57416cf1eb1da1ea2fdb3d49384f0ff > files-in-commit.txt	2025-10-06T15:31:37.6943639Z [36;1m    # Si hemos llegado hasta aquí añadimos el mensaje de que la extension no esta permitida[0m
job-core	Run git diff --name-only 275668aac1235d8d27804265ffd0dd664aeadbbc f9c8b14ad57416cf1eb1da1ea2fdb3d49384f0ff > files-in-commit.txt	2025-10-06T15:31:37.6944474Z [36;1m    # Añadimos los valores a las variables de la issue[0m
job-core	Run git diff --name-only 275668aac1235d8d27804265ffd0dd664aeadbbc f9c8b14ad57416cf1eb1da1ea2fdb3d49384f0ff > files-in-commit.txt	2025-10-06T15:31:37.6956006Z [36;1m    KAOS_ISSUE_BODY="[Ka0S] Kaos ha detectado que la extensión ($file_extension) NO esta permitida dentro de KAOS_CORE_FILES. Por favor compruebe que exista y esta activo."[0m
job-core	Run git diff --name-only 275668aac1235d8d27804265ffd0dd664aeadbbc f9c8b14ad57416cf1eb1da1ea2fdb3d49384f0ff > files-in-commit.txt	2025-10-06T15:31:37.6956786Z [36;1m    # Añadimos el comentario a la issue[0m
job-core	Run git diff --name-only 275668aac1235d8d27804265ffd0dd664aeadbbc f9c8b14ad57416cf1eb1da1ea2fdb3d49384f0ff > files-in-commit.txt	2025-10-06T15:31:37.6957269Z [36;1m    RNNUMBER=$(echo "refs/heads/H1646-modulo-de-control-de-runners" | grep -o '[0-9]*')[0m
job-core	Run git diff --name-only 275668aac1235d8d27804265ffd0dd664aeadbbc f9c8b14ad57416cf1eb1da1ea2fdb3d49384f0ff > files-in-commit.txt	2025-10-06T15:31:37.6958287Z [36;1m    gh issue comment $RNNUMBER --body "$KAOS_ISSUE_BODY"[0m
job-core	Run git diff --name-only 275668aac1235d8d27804265ffd0dd664aeadbbc f9c8b14ad57416cf1eb1da1ea2fdb3d49384f0ff > files-in-commit.txt	2025-10-06T15:31:37.6958626Z [36;1m  fi  [0m
job-core	Run git diff --name-only 275668aac1235d8d27804265ffd0dd664aeadbbc f9c8b14ad57416cf1eb1da1ea2fdb3d49384f0ff > files-in-commit.txt	2025-10-06T15:31:37.6958850Z [36;1mdone < files-in-commit.txt      [0m
job-core	Run git diff --name-only 275668aac1235d8d27804265ffd0dd664aeadbbc f9c8b14ad57416cf1eb1da1ea2fdb3d49384f0ff > files-in-commit.txt	2025-10-06T15:31:37.6967874Z shell: /usr/bin/bash -e {0}
job-core	Run git diff --name-only 275668aac1235d8d27804265ffd0dd664aeadbbc f9c8b14ad57416cf1eb1da1ea2fdb3d49384f0ff > files-in-commit.txt	2025-10-06T15:31:37.6968399Z env:
job-core	Run git diff --name-only 275668aac1235d8d27804265ffd0dd664aeadbbc f9c8b14ad57416cf1eb1da1ea2fdb3d49384f0ff > files-in-commit.txt	2025-10-06T15:31:37.6968722Z   KAOS_CODE: 18286119408
job-core	Run git diff --name-only 275668aac1235d8d27804265ffd0dd664aeadbbc f9c8b14ad57416cf1eb1da1ea2fdb3d49384f0ff > files-in-commit.txt	2025-10-06T15:31:37.6969107Z   KAOS_EVENT_NAME: push
job-core	Run git diff --name-only 275668aac1235d8d27804265ffd0dd664aeadbbc f9c8b14ad57416cf1eb1da1ea2fdb3d49384f0ff > files-in-commit.txt	2025-10-06T15:31:37.6969339Z   KAOS_ACTION: 
job-core	Run git diff --name-only 275668aac1235d8d27804265ffd0dd664aeadbbc f9c8b14ad57416cf1eb1da1ea2fdb3d49384f0ff > files-in-commit.txt	2025-10-06T15:31:37.6969624Z   KAOS_REF: refs/heads/H1646-modulo-de-control-de-runners
job-core	Run git diff --name-only 275668aac1235d8d27804265ffd0dd664aeadbbc f9c8b14ad57416cf1eb1da1ea2fdb3d49384f0ff > files-in-commit.txt	2025-10-06T15:31:37.6970578Z   KAOS_MODULE: [Ka0S] Kaos
job-core	Run git diff --name-only 275668aac1235d8d27804265ffd0dd664aeadbbc f9c8b14ad57416cf1eb1da1ea2fdb3d49384f0ff > files-in-commit.txt	2025-10-06T15:31:37.6970828Z   KAOS_PATH_RESUME: audit/kaos/
job-core	Run git diff --name-only 275668aac1235d8d27804265ffd0dd664aeadbbc f9c8b14ad57416cf1eb1da1ea2fdb3d49384f0ff > files-in-commit.txt	2025-10-06T15:31:37.6971341Z   KAOS_ACTOR: santakloud
job-core	Run git diff --name-only 275668aac1235d8d27804265ffd0dd664aeadbbc f9c8b14ad57416cf1eb1da1ea2fdb3d49384f0ff > files-in-commit.txt	2025-10-06T15:31:37.6971571Z   GITHUB_OUTPUT: 
job-core	Run git diff --name-only 275668aac1235d8d27804265ffd0dd664aeadbbc f9c8b14ad57416cf1eb1da1ea2fdb3d49384f0ff > files-in-commit.txt	2025-10-06T15:31:37.6972144Z   modules: ***
job-core	Run git diff --name-only 275668aac1235d8d27804265ffd0dd664aeadbbc f9c8b14ad57416cf1eb1da1ea2fdb3d49384f0ff > files-in-commit.txt	2025-10-06T15:31:37.6972503Z   files: ***
job-core	Run git diff --name-only 275668aac1235d8d27804265ffd0dd664aeadbbc f9c8b14ad57416cf1eb1da1ea2fdb3d49384f0ff > files-in-commit.txt	2025-10-06T15:31:37.6972825Z   GH_TOKEN: ***
job-core	Run git diff --name-only 275668aac1235d8d27804265ffd0dd664aeadbbc f9c8b14ad57416cf1eb1da1ea2fdb3d49384f0ff > files-in-commit.txt	2025-10-06T15:31:37.6973021Z ##[endgroup]
job-core	Run git diff --name-only 275668aac1235d8d27804265ffd0dd664aeadbbc f9c8b14ad57416cf1eb1da1ea2fdb3d49384f0ff > files-in-commit.txt	2025-10-06T15:31:37.7033828Z .github/workflows/scan-and-trigger.yml
job-core	Run git diff --name-only 275668aac1235d8d27804265ffd0dd664aeadbbc f9c8b14ad57416cf1eb1da1ea2fdb3d49384f0ff > files-in-commit.txt	2025-10-06T15:31:37.7037202Z I Leemos el fichero files-in-commit.txt y extraemos el fichero .github/workflows/scan-and-trigger.yml
job-core	Run git diff --name-only 275668aac1235d8d27804265ffd0dd664aeadbbc f9c8b14ad57416cf1eb1da1ea2fdb3d49384f0ff > files-in-commit.txt	2025-10-06T15:31:37.7047016Z I-1 Calculamos el nombre del fichero scan-and-trigger.yml
job-core	Run git diff --name-only 275668aac1235d8d27804265ffd0dd664aeadbbc f9c8b14ad57416cf1eb1da1ea2fdb3d49384f0ff > files-in-commit.txt	2025-10-06T15:31:37.7047567Z I-2 Calculamos la extension del fichero yml
job-core	Run git diff --name-only 275668aac1235d8d27804265ffd0dd664aeadbbc f9c8b14ad57416cf1eb1da1ea2fdb3d49384f0ff > files-in-commit.txt	2025-10-06T15:31:37.7047895Z I-3 Calculamos el modulo ymllint.yml
job-core	Run git diff --name-only 275668aac1235d8d27804265ffd0dd664aeadbbc f9c8b14ad57416cf1eb1da1ea2fdb3d49384f0ff > files-in-commit.txt	2025-10-06T15:31:37.7048205Z II Leemos el array de md
job-core	Run git diff --name-only 275668aac1235d8d27804265ffd0dd664aeadbbc f9c8b14ad57416cf1eb1da1ea2fdb3d49384f0ff > files-in-commit.txt	2025-10-06T15:31:37.7048552Z VII No es igual yml a md y lo indicamos en la variable extension_failed=1
job-core	Run git diff --name-only 275668aac1235d8d27804265ffd0dd664aeadbbc f9c8b14ad57416cf1eb1da1ea2fdb3d49384f0ff > files-in-commit.txt	2025-10-06T15:31:37.7048984Z II Leemos el array de yaml
job-core	Run git diff --name-only 275668aac1235d8d27804265ffd0dd664aeadbbc f9c8b14ad57416cf1eb1da1ea2fdb3d49384f0ff > files-in-commit.txt	2025-10-06T15:31:37.7049346Z VII No es igual yml a yaml y lo indicamos en la variable extension_failed=1
job-core	Run git diff --name-only 275668aac1235d8d27804265ffd0dd664aeadbbc f9c8b14ad57416cf1eb1da1ea2fdb3d49384f0ff > files-in-commit.txt	2025-10-06T15:31:37.7049744Z II Leemos el array de json
job-core	Run git diff --name-only 275668aac1235d8d27804265ffd0dd664aeadbbc f9c8b14ad57416cf1eb1da1ea2fdb3d49384f0ff > files-in-commit.txt	2025-10-06T15:31:37.7050108Z VII No es igual yml a json y lo indicamos en la variable extension_failed=1
job-core	Run git diff --name-only 275668aac1235d8d27804265ffd0dd664aeadbbc f9c8b14ad57416cf1eb1da1ea2fdb3d49384f0ff > files-in-commit.txt	2025-10-06T15:31:37.7050810Z II Leemos el array de html
job-core	Run git diff --name-only 275668aac1235d8d27804265ffd0dd664aeadbbc f9c8b14ad57416cf1eb1da1ea2fdb3d49384f0ff > files-in-commit.txt	2025-10-06T15:31:37.7051165Z VII No es igual yml a html y lo indicamos en la variable extension_failed=1
job-core	Run git diff --name-only 275668aac1235d8d27804265ffd0dd664aeadbbc f9c8b14ad57416cf1eb1da1ea2fdb3d49384f0ff > files-in-commit.txt	2025-10-06T15:31:37.7051560Z II Leemos el array de py
job-core	Run git diff --name-only 275668aac1235d8d27804265ffd0dd664aeadbbc f9c8b14ad57416cf1eb1da1ea2fdb3d49384f0ff > files-in-commit.txt	2025-10-06T15:31:37.7051912Z VII No es igual yml a py y lo indicamos en la variable extension_failed=1
job-core	Run git diff --name-only 275668aac1235d8d27804265ffd0dd664aeadbbc f9c8b14ad57416cf1eb1da1ea2fdb3d49384f0ff > files-in-commit.txt	2025-10-06T15:31:37.7052607Z X Si extension falla falla (1) añadimos el comentario a la issue
job-core	Run git diff --name-only 275668aac1235d8d27804265ffd0dd664aeadbbc f9c8b14ad57416cf1eb1da1ea2fdb3d49384f0ff > files-in-commit.txt	2025-10-06T15:31:38.7776251Z https://github.com/Ka0s-Klaus/ka0s/issues/1646#issuecomment-3372324316
job-core	Post Checkout code	﻿2025-10-06T15:31:38.7905430Z Post job cleanup.
job-core	Post Checkout code	2025-10-06T15:31:38.8892154Z [command]/usr/bin/git version
job-core	Post Checkout code	2025-10-06T15:31:38.8929886Z git version 2.51.0
job-core	Post Checkout code	2025-10-06T15:31:38.8970430Z Copying '/home/runner/.gitconfig' to '/home/runner/_work/_temp/6d9f9c7b-c25c-4921-8fa1-940af30cfac8/.gitconfig'
job-core	Post Checkout code	2025-10-06T15:31:38.8982028Z Temporarily overriding HOME='/home/runner/_work/_temp/6d9f9c7b-c25c-4921-8fa1-940af30cfac8' before making global git config changes
job-core	Post Checkout code	2025-10-06T15:31:38.8983195Z Adding repository directory to the temporary git global config as a safe directory
job-core	Post Checkout code	2025-10-06T15:31:38.8988502Z [command]/usr/bin/git config --global --add safe.directory /home/runner/_work/ka0s/ka0s
job-core	Post Checkout code	2025-10-06T15:31:38.9026442Z [command]/usr/bin/git config --local --name-only --get-regexp core\.sshCommand
job-core	Post Checkout code	2025-10-06T15:31:38.9073387Z [command]/usr/bin/git submodule foreach --recursive sh -c "git config --local --name-only --get-regexp 'core\.sshCommand' && git config --local --unset-all 'core.sshCommand' || :"
job-core	Post Checkout code	2025-10-06T15:31:38.9335920Z [command]/usr/bin/git config --local --name-only --get-regexp http\.https\:\/\/github\.com\/\.extraheader
job-core	Post Checkout code	2025-10-06T15:31:38.9359422Z http.https://github.com/.extraheader
job-core	Post Checkout code	2025-10-06T15:31:38.9371564Z [command]/usr/bin/git config --local --unset-all http.https://github.com/.extraheader
job-core	Post Checkout code	2025-10-06T15:31:38.9406840Z [command]/usr/bin/git submodule foreach --recursive sh -c "git config --local --name-only --get-regexp 'http\.https\:\/\/github\.com\/\.extraheader' && git config --local --unset-all 'http.https://github.com/.extraheader' || :"
job-core	Complete job	﻿2025-10-06T15:31:38.9773668Z Cleaning up orphan processes
handle-success	Set up job	﻿2025-10-06T15:31:44.7896996Z Current runner version: '2.328.0'
handle-success	Set up job	2025-10-06T15:31:44.7904772Z Runner name: 'eab1df5e0d89'
handle-success	Set up job	2025-10-06T15:31:44.7905962Z Runner group name: 'swarm-runners'
handle-success	Set up job	2025-10-06T15:31:44.7907222Z Machine name: 'eab1df5e0d89'
handle-success	Set up job	2025-10-06T15:31:44.7910868Z ##[group]GITHUB_TOKEN Permissions
handle-success	Set up job	2025-10-06T15:31:44.7914069Z Contents: read
handle-success	Set up job	2025-10-06T15:31:44.7914924Z Metadata: read
handle-success	Set up job	2025-10-06T15:31:44.7915442Z Packages: read
handle-success	Set up job	2025-10-06T15:31:44.7915976Z ##[endgroup]
handle-success	Set up job	2025-10-06T15:31:44.7918520Z Secret source: Actions
handle-success	Set up job	2025-10-06T15:31:44.7919244Z Prepare workflow directory
handle-success	Set up job	2025-10-06T15:31:44.8544096Z Prepare all required actions
handle-success	Set up job	2025-10-06T15:31:44.8587999Z Getting action download info
handle-success	Set up job	2025-10-06T15:31:45.4192000Z Download action repository 'actions/checkout@v4' (SHA:08eba0b27e820071cde6df949e0beb9ba4906955)
handle-success	Set up job	2025-10-06T15:31:46.4139467Z Complete job name: handle-success
handle-success	Checkout code	﻿2025-10-06T15:31:46.4717956Z ##[group]Run actions/checkout@v4
handle-success	Checkout code	2025-10-06T15:31:46.4718918Z with:
handle-success	Checkout code	2025-10-06T15:31:46.4719361Z   fetch-depth: 0
handle-success	Checkout code	2025-10-06T15:31:46.4720119Z   token: ***
handle-success	Checkout code	2025-10-06T15:31:46.4720575Z   repository: Ka0s-Klaus/ka0s
handle-success	Checkout code	2025-10-06T15:31:46.4721089Z   ssh-strict: true
handle-success	Checkout code	2025-10-06T15:31:46.4721518Z   ssh-user: git
handle-success	Checkout code	2025-10-06T15:31:46.4721965Z   persist-credentials: true
handle-success	Checkout code	2025-10-06T15:31:46.4722451Z   clean: true
handle-success	Checkout code	2025-10-06T15:31:46.4722897Z   sparse-checkout-cone-mode: true
handle-success	Checkout code	2025-10-06T15:31:46.4723430Z   fetch-tags: false
handle-success	Checkout code	2025-10-06T15:31:46.4723876Z   show-progress: true
handle-success	Checkout code	2025-10-06T15:31:46.4724322Z   lfs: false
handle-success	Checkout code	2025-10-06T15:31:46.4724726Z   submodules: false
handle-success	Checkout code	2025-10-06T15:31:46.4725201Z   set-safe-directory: true
handle-success	Checkout code	2025-10-06T15:31:46.4725931Z env:
handle-success	Checkout code	2025-10-06T15:31:46.4726342Z   KAOS_CODE: 18286119408
handle-success	Checkout code	2025-10-06T15:31:46.4726824Z   KAOS_EVENT_NAME: push
handle-success	Checkout code	2025-10-06T15:31:46.4727291Z   KAOS_ACTION: 
handle-success	Checkout code	2025-10-06T15:31:46.4727884Z   KAOS_REF: refs/heads/H1646-modulo-de-control-de-runners
handle-success	Checkout code	2025-10-06T15:31:46.4728550Z   KAOS_MODULE: [Ka0S] Kaos
handle-success	Checkout code	2025-10-06T15:31:46.4729081Z   KAOS_PATH_RESUME: audit/kaos/
handle-success	Checkout code	2025-10-06T15:31:46.4729600Z   KAOS_ACTOR: santakloud
handle-success	Checkout code	2025-10-06T15:31:46.4730064Z ##[endgroup]
handle-success	Checkout code	2025-10-06T15:31:46.5875564Z Syncing repository: Ka0s-Klaus/ka0s
handle-success	Checkout code	2025-10-06T15:31:46.5878104Z ##[group]Getting Git version info
handle-success	Checkout code	2025-10-06T15:31:46.5878944Z Working directory is '/home/runner/_work/ka0s/ka0s'
handle-success	Checkout code	2025-10-06T15:31:46.5879924Z [command]/usr/bin/git version
handle-success	Checkout code	2025-10-06T15:31:46.5880436Z git version 2.51.0
handle-success	Checkout code	2025-10-06T15:31:46.5898181Z ##[endgroup]
handle-success	Checkout code	2025-10-06T15:31:46.5912058Z Copying '/home/runner/.gitconfig' to '/home/runner/_work/_temp/9e17e4e9-9657-4df5-bbfc-1606c38020e8/.gitconfig'
handle-success	Checkout code	2025-10-06T15:31:46.5924391Z Temporarily overriding HOME='/home/runner/_work/_temp/9e17e4e9-9657-4df5-bbfc-1606c38020e8' before making global git config changes
handle-success	Checkout code	2025-10-06T15:31:46.5926107Z Adding repository directory to the temporary git global config as a safe directory
handle-success	Checkout code	2025-10-06T15:31:46.5929754Z [command]/usr/bin/git config --global --add safe.directory /home/runner/_work/ka0s/ka0s
handle-success	Checkout code	2025-10-06T15:31:46.5975709Z [command]/usr/bin/git config --local --get remote.origin.url
handle-success	Checkout code	2025-10-06T15:31:46.5999690Z https://github.com/Ka0s-Klaus/ka0s
handle-success	Checkout code	2025-10-06T15:31:46.6021059Z ##[group]Removing previously created refs, to avoid conflicts
handle-success	Checkout code	2025-10-06T15:31:46.6025811Z [command]/usr/bin/git rev-parse --symbolic-full-name --verify --quiet HEAD
handle-success	Checkout code	2025-10-06T15:31:46.6049711Z refs/heads/H1646-modulo-de-control-de-runners
handle-success	Checkout code	2025-10-06T15:31:46.6059819Z [command]/usr/bin/git checkout --detach
handle-success	Checkout code	2025-10-06T15:31:46.6142487Z HEAD is now at 70665fb5 [Ka0S] Uploading resume execution files to the repository...
handle-success	Checkout code	2025-10-06T15:31:46.6186827Z [command]/usr/bin/git branch --delete --force H1646-modulo-de-control-de-runners
handle-success	Checkout code	2025-10-06T15:31:46.6216702Z Deleted branch H1646-modulo-de-control-de-runners (was 70665fb5).
handle-success	Checkout code	2025-10-06T15:31:46.6302486Z ##[endgroup]
handle-success	Checkout code	2025-10-06T15:31:46.6304348Z [command]/usr/bin/git submodule status
handle-success	Checkout code	2025-10-06T15:31:46.6557605Z ##[group]Cleaning the repository
handle-success	Checkout code	2025-10-06T15:31:46.6562997Z [command]/usr/bin/git clean -ffdx
handle-success	Checkout code	2025-10-06T15:31:46.6623022Z Removing files-in-commit.txt
handle-success	Checkout code	2025-10-06T15:31:46.6634407Z [command]/usr/bin/git reset --hard HEAD
handle-success	Checkout code	2025-10-06T15:31:46.6720252Z HEAD is now at 70665fb5 [Ka0S] Uploading resume execution files to the repository...
handle-success	Checkout code	2025-10-06T15:31:46.6727225Z ##[endgroup]
handle-success	Checkout code	2025-10-06T15:31:46.6728325Z ##[group]Disabling automatic garbage collection
handle-success	Checkout code	2025-10-06T15:31:46.6733998Z [command]/usr/bin/git config --local gc.auto 0
handle-success	Checkout code	2025-10-06T15:31:46.6775216Z ##[endgroup]
handle-success	Checkout code	2025-10-06T15:31:46.6776108Z ##[group]Setting up auth
handle-success	Checkout code	2025-10-06T15:31:46.6781676Z [command]/usr/bin/git config --local --name-only --get-regexp core\.sshCommand
handle-success	Checkout code	2025-10-06T15:31:46.6817717Z [command]/usr/bin/git submodule foreach --recursive sh -c "git config --local --name-only --get-regexp 'core\.sshCommand' && git config --local --unset-all 'core.sshCommand' || :"
handle-success	Checkout code	2025-10-06T15:31:46.7072807Z [command]/usr/bin/git config --local --name-only --get-regexp http\.https\:\/\/github\.com\/\.extraheader
handle-success	Checkout code	2025-10-06T15:31:46.7107649Z [command]/usr/bin/git submodule foreach --recursive sh -c "git config --local --name-only --get-regexp 'http\.https\:\/\/github\.com\/\.extraheader' && git config --local --unset-all 'http.https://github.com/.extraheader' || :"
handle-success	Checkout code	2025-10-06T15:31:46.7365142Z [command]/usr/bin/git config --local http.https://github.com/.extraheader AUTHORIZATION: basic ***
handle-success	Checkout code	2025-10-06T15:31:46.7407571Z ##[endgroup]
handle-success	Checkout code	2025-10-06T15:31:46.7408536Z ##[group]Fetching the repository
handle-success	Checkout code	2025-10-06T15:31:46.7416226Z [command]/usr/bin/git -c protocol.version=2 fetch --prune --no-recurse-submodules origin +refs/heads/*:refs/remotes/origin/* +refs/tags/*:refs/tags/*
handle-success	Checkout code	2025-10-06T15:31:47.2838289Z [command]/usr/bin/git branch --list --remote origin/H1646-modulo-de-control-de-runners
handle-success	Checkout code	2025-10-06T15:31:47.2896580Z   origin/H1646-modulo-de-control-de-runners
handle-success	Checkout code	2025-10-06T15:31:47.2906493Z [command]/usr/bin/git rev-parse refs/remotes/origin/H1646-modulo-de-control-de-runners
handle-success	Checkout code	2025-10-06T15:31:47.2930416Z 70665fb5e62338899be799db2e7ba89ccc9376a2
handle-success	Checkout code	2025-10-06T15:31:47.2943622Z [command]/usr/bin/git -c protocol.version=2 fetch --no-tags --prune --no-recurse-submodules origin +f9c8b14ad57416cf1eb1da1ea2fdb3d49384f0ff:refs/remotes/origin/H1646-modulo-de-control-de-runners
handle-success	Checkout code	2025-10-06T15:31:47.3099424Z From https://github.com/Ka0s-Klaus/ka0s
handle-success	Checkout code	2025-10-06T15:31:47.3102470Z  + 70665fb5...f9c8b14a f9c8b14ad57416cf1eb1da1ea2fdb3d49384f0ff -> origin/H1646-modulo-de-control-de-runners  (forced update)
handle-success	Checkout code	2025-10-06T15:31:47.3132015Z ##[endgroup]
handle-success	Checkout code	2025-10-06T15:31:47.3133693Z ##[group]Determining the checkout info
handle-success	Checkout code	2025-10-06T15:31:47.3135790Z ##[endgroup]
handle-success	Checkout code	2025-10-06T15:31:47.3137482Z [command]/usr/bin/git sparse-checkout disable
handle-success	Checkout code	2025-10-06T15:31:47.3192263Z [command]/usr/bin/git config --local --unset-all extensions.worktreeConfig
handle-success	Checkout code	2025-10-06T15:31:47.3223852Z ##[group]Checking out the ref
handle-success	Checkout code	2025-10-06T15:31:47.3228884Z [command]/usr/bin/git checkout --progress --force -B H1646-modulo-de-control-de-runners refs/remotes/origin/H1646-modulo-de-control-de-runners
handle-success	Checkout code	2025-10-06T15:31:47.3375145Z Warning: you are leaving 1 commit behind, not connected to
handle-success	Checkout code	2025-10-06T15:31:47.3377211Z any of your branches:
handle-success	Checkout code	2025-10-06T15:31:47.3377976Z 
handle-success	Checkout code	2025-10-06T15:31:47.3378969Z   70665fb5 [Ka0S] Uploading resume execution files to the repository...
handle-success	Checkout code	2025-10-06T15:31:47.3380298Z 
handle-success	Checkout code	2025-10-06T15:31:47.3381464Z If you want to keep it by creating a new branch, this may be a good time
handle-success	Checkout code	2025-10-06T15:31:47.3383342Z to do so with:
handle-success	Checkout code	2025-10-06T15:31:47.3384181Z 
handle-success	Checkout code	2025-10-06T15:31:47.3384875Z  git branch <new-branch-name> 70665fb5
handle-success	Checkout code	2025-10-06T15:31:47.3385891Z 
handle-success	Checkout code	2025-10-06T15:31:47.3386679Z Switched to a new branch 'H1646-modulo-de-control-de-runners'
handle-success	Checkout code	2025-10-06T15:31:47.3390546Z branch 'H1646-modulo-de-control-de-runners' set up to track 'origin/H1646-modulo-de-control-de-runners'.
handle-success	Checkout code	2025-10-06T15:31:47.3399123Z ##[endgroup]
handle-success	Checkout code	2025-10-06T15:31:47.3441544Z [command]/usr/bin/git log -1 --format=%H
handle-success	Checkout code	2025-10-06T15:31:47.3468070Z f9c8b14ad57416cf1eb1da1ea2fdb3d49384f0ff
handle-success	handle-success-execution	﻿2025-10-06T15:31:47.3739513Z ##[group]Run # Si todo ha ido correcto añadimos el contenido del fichero 
handle-success	handle-success-execution	2025-10-06T15:31:47.3741704Z [36;1m# Si todo ha ido correcto añadimos el contenido del fichero [0m
handle-success	handle-success-execution	2025-10-06T15:31:47.3744237Z [36;1mRNNUMBER=$(echo "refs/heads/H1646-modulo-de-control-de-runners" | grep -o '[0-9]*')[0m
handle-success	handle-success-execution	2025-10-06T15:31:47.3747813Z [36;1mgh issue comment $RNNUMBER --body "El proceso ha finalizado correctamente 18286119408. El resultado de la ejecución se guardará en MongoDB"[0m
handle-success	handle-success-execution	2025-10-06T15:31:47.3763339Z shell: /usr/bin/bash -e {0}
handle-success	handle-success-execution	2025-10-06T15:31:47.3764464Z env:
handle-success	handle-success-execution	2025-10-06T15:31:47.3765284Z   KAOS_CODE: 18286119408
handle-success	handle-success-execution	2025-10-06T15:31:47.3766276Z   KAOS_EVENT_NAME: push
handle-success	handle-success-execution	2025-10-06T15:31:47.3767222Z   KAOS_ACTION: 
handle-success	handle-success-execution	2025-10-06T15:31:47.3768413Z   KAOS_REF: refs/heads/H1646-modulo-de-control-de-runners
handle-success	handle-success-execution	2025-10-06T15:31:47.3769815Z   KAOS_MODULE: [Ka0S] Kaos
handle-success	handle-success-execution	2025-10-06T15:31:47.3770854Z   KAOS_PATH_RESUME: audit/kaos/
handle-success	handle-success-execution	2025-10-06T15:31:47.3771947Z   KAOS_ACTOR: santakloud
handle-success	handle-success-execution	2025-10-06T15:31:47.3773422Z   GH_TOKEN: ***
handle-success	handle-success-execution	2025-10-06T15:31:47.3774371Z ##[endgroup]
handle-success	handle-success-execution	2025-10-06T15:31:48.3023450Z https://github.com/Ka0s-Klaus/ka0s/issues/1646#issuecomment-3372325232
handle-success	Post Checkout code	﻿2025-10-06T15:31:48.3247138Z Post job cleanup.
handle-success	Post Checkout code	2025-10-06T15:31:48.4256876Z [command]/usr/bin/git version
handle-success	Post Checkout code	2025-10-06T15:31:48.4296489Z git version 2.51.0
handle-success	Post Checkout code	2025-10-06T15:31:48.4338880Z Copying '/home/runner/.gitconfig' to '/home/runner/_work/_temp/70b8370f-06cc-4212-9df4-0a1115346f13/.gitconfig'
handle-success	Post Checkout code	2025-10-06T15:31:48.4352791Z Temporarily overriding HOME='/home/runner/_work/_temp/70b8370f-06cc-4212-9df4-0a1115346f13' before making global git config changes
handle-success	Post Checkout code	2025-10-06T15:31:48.4356852Z Adding repository directory to the temporary git global config as a safe directory
handle-success	Post Checkout code	2025-10-06T15:31:48.4359540Z [command]/usr/bin/git config --global --add safe.directory /home/runner/_work/ka0s/ka0s
handle-success	Post Checkout code	2025-10-06T15:31:48.4405001Z [command]/usr/bin/git config --local --name-only --get-regexp core\.sshCommand
handle-success	Post Checkout code	2025-10-06T15:31:48.4443579Z [command]/usr/bin/git submodule foreach --recursive sh -c "git config --local --name-only --get-regexp 'core\.sshCommand' && git config --local --unset-all 'core.sshCommand' || :"
handle-success	Post Checkout code	2025-10-06T15:31:48.4703856Z [command]/usr/bin/git config --local --name-only --get-regexp http\.https\:\/\/github\.com\/\.extraheader
handle-success	Post Checkout code	2025-10-06T15:31:48.4728062Z http.https://github.com/.extraheader
handle-success	Post Checkout code	2025-10-06T15:31:48.4750333Z [command]/usr/bin/git config --local --unset-all http.https://github.com/.extraheader
handle-success	Post Checkout code	2025-10-06T15:31:48.4780161Z [command]/usr/bin/git submodule foreach --recursive sh -c "git config --local --name-only --get-regexp 'http\.https\:\/\/github\.com\/\.extraheader' && git config --local --unset-all 'http.https://github.com/.extraheader' || :"
handle-success	Complete job	﻿2025-10-06T15:31:48.5171026Z Cleaning up orphan processes
end-workflow	Set up job	﻿2025-10-06T15:31:54.1457394Z Current runner version: '2.328.0'
end-workflow	Set up job	2025-10-06T15:31:54.1465599Z Runner name: 'eab1df5e0d89'
end-workflow	Set up job	2025-10-06T15:31:54.1466488Z Runner group name: 'swarm-runners'
end-workflow	Set up job	2025-10-06T15:31:54.1467880Z Machine name: 'eab1df5e0d89'
end-workflow	Set up job	2025-10-06T15:31:54.1471135Z ##[group]GITHUB_TOKEN Permissions
end-workflow	Set up job	2025-10-06T15:31:54.1474193Z Contents: read
end-workflow	Set up job	2025-10-06T15:31:54.1474742Z Metadata: read
end-workflow	Set up job	2025-10-06T15:31:54.1475299Z Packages: read
end-workflow	Set up job	2025-10-06T15:31:54.1475891Z ##[endgroup]
end-workflow	Set up job	2025-10-06T15:31:54.1478401Z Secret source: Actions
end-workflow	Set up job	2025-10-06T15:31:54.1479155Z Prepare workflow directory
end-workflow	Set up job	2025-10-06T15:31:54.2148132Z Prepare all required actions
end-workflow	Set up job	2025-10-06T15:31:54.2191789Z Getting action download info
end-workflow	Set up job	2025-10-06T15:31:54.8123417Z Download action repository 'actions/checkout@v4' (SHA:08eba0b27e820071cde6df949e0beb9ba4906955)
end-workflow	Set up job	2025-10-06T15:31:55.7216066Z Complete job name: end-workflow
end-workflow	Checkout code	﻿2025-10-06T15:31:55.7780274Z ##[group]Run actions/checkout@v4
end-workflow	Checkout code	2025-10-06T15:31:55.7781282Z with:
end-workflow	Checkout code	2025-10-06T15:31:55.7781658Z   fetch-depth: 0
end-workflow	Checkout code	2025-10-06T15:31:55.7782320Z   token: ***
end-workflow	Checkout code	2025-10-06T15:31:55.7782708Z   repository: Ka0s-Klaus/ka0s
end-workflow	Checkout code	2025-10-06T15:31:55.7783153Z   ssh-strict: true
end-workflow	Checkout code	2025-10-06T15:31:55.7783525Z   ssh-user: git
end-workflow	Checkout code	2025-10-06T15:31:55.7783909Z   persist-credentials: true
end-workflow	Checkout code	2025-10-06T15:31:55.7784332Z   clean: true
end-workflow	Checkout code	2025-10-06T15:31:55.7784717Z   sparse-checkout-cone-mode: true
end-workflow	Checkout code	2025-10-06T15:31:55.7785175Z   fetch-tags: false
end-workflow	Checkout code	2025-10-06T15:31:55.7785691Z   show-progress: true
end-workflow	Checkout code	2025-10-06T15:31:55.7786087Z   lfs: false
end-workflow	Checkout code	2025-10-06T15:31:55.7786448Z   submodules: false
end-workflow	Checkout code	2025-10-06T15:31:55.7786856Z   set-safe-directory: true
end-workflow	Checkout code	2025-10-06T15:31:55.7787836Z env:
end-workflow	Checkout code	2025-10-06T15:31:55.7788324Z   KAOS_CODE: 18286119408
end-workflow	Checkout code	2025-10-06T15:31:55.7788743Z   KAOS_EVENT_NAME: push
end-workflow	Checkout code	2025-10-06T15:31:55.7789136Z   KAOS_ACTION: 
end-workflow	Checkout code	2025-10-06T15:31:55.7789604Z   KAOS_REF: refs/heads/H1646-modulo-de-control-de-runners
end-workflow	Checkout code	2025-10-06T15:31:55.7790179Z   KAOS_MODULE: [Ka0S] Kaos
end-workflow	Checkout code	2025-10-06T15:31:55.7790639Z   KAOS_PATH_RESUME: audit/kaos/
end-workflow	Checkout code	2025-10-06T15:31:55.7791083Z   KAOS_ACTOR: santakloud
end-workflow	Checkout code	2025-10-06T15:31:55.7791642Z   GH_TOKEN: ***
end-workflow	Checkout code	2025-10-06T15:31:55.7792150Z ##[endgroup]
end-workflow	Checkout code	2025-10-06T15:31:55.8943534Z Syncing repository: Ka0s-Klaus/ka0s
end-workflow	Checkout code	2025-10-06T15:31:55.8945394Z ##[group]Getting Git version info
end-workflow	Checkout code	2025-10-06T15:31:55.8946141Z Working directory is '/home/runner/_work/ka0s/ka0s'
end-workflow	Checkout code	2025-10-06T15:31:55.8947011Z [command]/usr/bin/git version
end-workflow	Checkout code	2025-10-06T15:31:55.8947701Z git version 2.51.0
end-workflow	Checkout code	2025-10-06T15:31:55.8969835Z ##[endgroup]
end-workflow	Checkout code	2025-10-06T15:31:55.8984000Z Copying '/home/runner/.gitconfig' to '/home/runner/_work/_temp/c4f89cf3-52a6-4acd-8d59-fea75c0f5e76/.gitconfig'
end-workflow	Checkout code	2025-10-06T15:31:55.8994460Z Temporarily overriding HOME='/home/runner/_work/_temp/c4f89cf3-52a6-4acd-8d59-fea75c0f5e76' before making global git config changes
end-workflow	Checkout code	2025-10-06T15:31:55.8995881Z Adding repository directory to the temporary git global config as a safe directory
end-workflow	Checkout code	2025-10-06T15:31:55.9000497Z [command]/usr/bin/git config --global --add safe.directory /home/runner/_work/ka0s/ka0s
end-workflow	Checkout code	2025-10-06T15:31:55.9044425Z [command]/usr/bin/git config --local --get remote.origin.url
end-workflow	Checkout code	2025-10-06T15:31:55.9067375Z https://github.com/Ka0s-Klaus/ka0s
end-workflow	Checkout code	2025-10-06T15:31:55.9092167Z ##[group]Removing previously created refs, to avoid conflicts
end-workflow	Checkout code	2025-10-06T15:31:55.9096641Z [command]/usr/bin/git rev-parse --symbolic-full-name --verify --quiet HEAD
end-workflow	Checkout code	2025-10-06T15:31:55.9122702Z refs/heads/H1646-modulo-de-control-de-runners
end-workflow	Checkout code	2025-10-06T15:31:55.9134016Z [command]/usr/bin/git checkout --detach
end-workflow	Checkout code	2025-10-06T15:31:55.9213308Z HEAD is now at f9c8b14a Merge branch 'H1646-modulo-de-control-de-runners' of https://github.com/Ka0s-Klaus/ka0s into H1646-modulo-de-control-de-runners
end-workflow	Checkout code	2025-10-06T15:31:55.9261408Z [command]/usr/bin/git branch --delete --force H1646-modulo-de-control-de-runners
end-workflow	Checkout code	2025-10-06T15:31:55.9295609Z Deleted branch H1646-modulo-de-control-de-runners (was f9c8b14a).
end-workflow	Checkout code	2025-10-06T15:31:55.9399946Z ##[endgroup]
end-workflow	Checkout code	2025-10-06T15:31:55.9400603Z [command]/usr/bin/git submodule status
end-workflow	Checkout code	2025-10-06T15:31:55.9672408Z ##[group]Cleaning the repository
end-workflow	Checkout code	2025-10-06T15:31:55.9673574Z [command]/usr/bin/git clean -ffdx
end-workflow	Checkout code	2025-10-06T15:31:55.9737684Z [command]/usr/bin/git reset --hard HEAD
end-workflow	Checkout code	2025-10-06T15:31:55.9822806Z HEAD is now at f9c8b14a Merge branch 'H1646-modulo-de-control-de-runners' of https://github.com/Ka0s-Klaus/ka0s into H1646-modulo-de-control-de-runners
end-workflow	Checkout code	2025-10-06T15:31:55.9829064Z ##[endgroup]
end-workflow	Checkout code	2025-10-06T15:31:55.9829857Z ##[group]Disabling automatic garbage collection
end-workflow	Checkout code	2025-10-06T15:31:55.9833927Z [command]/usr/bin/git config --local gc.auto 0
end-workflow	Checkout code	2025-10-06T15:31:55.9865799Z ##[endgroup]
end-workflow	Checkout code	2025-10-06T15:31:55.9866586Z ##[group]Setting up auth
end-workflow	Checkout code	2025-10-06T15:31:55.9872823Z [command]/usr/bin/git config --local --name-only --get-regexp core\.sshCommand
end-workflow	Checkout code	2025-10-06T15:31:55.9907172Z [command]/usr/bin/git submodule foreach --recursive sh -c "git config --local --name-only --get-regexp 'core\.sshCommand' && git config --local --unset-all 'core.sshCommand' || :"
end-workflow	Checkout code	2025-10-06T15:31:56.0213164Z [command]/usr/bin/git config --local --name-only --get-regexp http\.https\:\/\/github\.com\/\.extraheader
end-workflow	Checkout code	2025-10-06T15:31:56.0224183Z [command]/usr/bin/git submodule foreach --recursive sh -c "git config --local --name-only --get-regexp 'http\.https\:\/\/github\.com\/\.extraheader' && git config --local --unset-all 'http.https://github.com/.extraheader' || :"
end-workflow	Checkout code	2025-10-06T15:31:56.0482764Z [command]/usr/bin/git config --local http.https://github.com/.extraheader AUTHORIZATION: basic ***
end-workflow	Checkout code	2025-10-06T15:31:56.0526321Z ##[endgroup]
end-workflow	Checkout code	2025-10-06T15:31:56.0527190Z ##[group]Fetching the repository
end-workflow	Checkout code	2025-10-06T15:31:56.0534492Z [command]/usr/bin/git -c protocol.version=2 fetch --prune --no-recurse-submodules origin +refs/heads/*:refs/remotes/origin/* +refs/tags/*:refs/tags/*
end-workflow	Checkout code	2025-10-06T15:31:56.6520788Z From https://github.com/Ka0s-Klaus/ka0s
end-workflow	Checkout code	2025-10-06T15:31:56.6522263Z    f9c8b14a..70665fb5  H1646-modulo-de-control-de-runners -> origin/H1646-modulo-de-control-de-runners
end-workflow	Checkout code	2025-10-06T15:31:56.6631481Z [command]/usr/bin/git branch --list --remote origin/H1646-modulo-de-control-de-runners
end-workflow	Checkout code	2025-10-06T15:31:56.6688808Z   origin/H1646-modulo-de-control-de-runners
end-workflow	Checkout code	2025-10-06T15:31:56.6698098Z [command]/usr/bin/git rev-parse refs/remotes/origin/H1646-modulo-de-control-de-runners
end-workflow	Checkout code	2025-10-06T15:31:56.6722341Z 70665fb5e62338899be799db2e7ba89ccc9376a2
end-workflow	Checkout code	2025-10-06T15:31:56.6734214Z [command]/usr/bin/git -c protocol.version=2 fetch --no-tags --prune --no-recurse-submodules origin +f9c8b14ad57416cf1eb1da1ea2fdb3d49384f0ff:refs/remotes/origin/H1646-modulo-de-control-de-runners
end-workflow	Checkout code	2025-10-06T15:31:56.6893529Z From https://github.com/Ka0s-Klaus/ka0s
end-workflow	Checkout code	2025-10-06T15:31:56.6895040Z  + 70665fb5...f9c8b14a f9c8b14ad57416cf1eb1da1ea2fdb3d49384f0ff -> origin/H1646-modulo-de-control-de-runners  (forced update)
end-workflow	Checkout code	2025-10-06T15:31:56.6921219Z ##[endgroup]
end-workflow	Checkout code	2025-10-06T15:31:56.6922365Z ##[group]Determining the checkout info
end-workflow	Checkout code	2025-10-06T15:31:56.6923379Z ##[endgroup]
end-workflow	Checkout code	2025-10-06T15:31:56.6926560Z [command]/usr/bin/git sparse-checkout disable
end-workflow	Checkout code	2025-10-06T15:31:56.6978255Z [command]/usr/bin/git config --local --unset-all extensions.worktreeConfig
end-workflow	Checkout code	2025-10-06T15:31:56.7009261Z ##[group]Checking out the ref
end-workflow	Checkout code	2025-10-06T15:31:56.7014070Z [command]/usr/bin/git checkout --progress --force -B H1646-modulo-de-control-de-runners refs/remotes/origin/H1646-modulo-de-control-de-runners
end-workflow	Checkout code	2025-10-06T15:31:56.7093645Z Switched to a new branch 'H1646-modulo-de-control-de-runners'
end-workflow	Checkout code	2025-10-06T15:31:56.7095722Z branch 'H1646-modulo-de-control-de-runners' set up to track 'origin/H1646-modulo-de-control-de-runners'.
end-workflow	Checkout code	2025-10-06T15:31:56.7101863Z ##[endgroup]
end-workflow	Checkout code	2025-10-06T15:31:56.7144115Z [command]/usr/bin/git log -1 --format=%H
end-workflow	Checkout code	2025-10-06T15:31:56.7170831Z f9c8b14ad57416cf1eb1da1ea2fdb3d49384f0ff
end-workflow	Finaliza el workflow	﻿2025-10-06T15:31:56.7418826Z ##[group]Run echo "End process"
end-workflow	Finaliza el workflow	2025-10-06T15:31:56.7419750Z [36;1mecho "End process"[0m
end-workflow	Finaliza el workflow	2025-10-06T15:31:56.7420741Z [36;1mRNNUMBER=$(echo "refs/heads/H1646-modulo-de-control-de-runners" | grep -o '[0-9]*')[0m
end-workflow	Finaliza el workflow	2025-10-06T15:31:56.7421933Z [36;1mgh issue comment $RNNUMBER --body "Se finaliza Ka0s 18286119408"[0m
end-workflow	Finaliza el workflow	2025-10-06T15:31:56.7423351Z [36;1mgh workflow run inspector.yml --ref 'main' -f kaos-issue-id=$RNNUMBER -f kaos-workflow-id="18286119408" -f kaos-user-start=""[0m
end-workflow	Finaliza el workflow	2025-10-06T15:31:56.7438186Z shell: /usr/bin/bash -e {0}
end-workflow	Finaliza el workflow	2025-10-06T15:31:56.7438903Z env:
end-workflow	Finaliza el workflow	2025-10-06T15:31:56.7439384Z   KAOS_CODE: 18286119408
end-workflow	Finaliza el workflow	2025-10-06T15:31:56.7439975Z   KAOS_EVENT_NAME: push
end-workflow	Finaliza el workflow	2025-10-06T15:31:56.7440538Z   KAOS_ACTION: 
end-workflow	Finaliza el workflow	2025-10-06T15:31:56.7441160Z   KAOS_REF: refs/heads/H1646-modulo-de-control-de-runners
end-workflow	Finaliza el workflow	2025-10-06T15:31:56.7441908Z   KAOS_MODULE: [Ka0S] Kaos
end-workflow	Finaliza el workflow	2025-10-06T15:31:56.7442478Z   KAOS_PATH_RESUME: audit/kaos/
end-workflow	Finaliza el workflow	2025-10-06T15:31:56.7443075Z   KAOS_ACTOR: santakloud
end-workflow	Finaliza el workflow	2025-10-06T15:31:56.7443898Z   GH_TOKEN: ***
end-workflow	Finaliza el workflow	2025-10-06T15:31:56.7444466Z ##[endgroup]
end-workflow	Finaliza el workflow	2025-10-06T15:31:56.7505172Z End process
end-workflow	Finaliza el workflow	2025-10-06T15:31:57.9389923Z https://github.com/Ka0s-Klaus/ka0s/issues/1646#issuecomment-3372325917
end-workflow	Post Checkout code	﻿2025-10-06T15:31:58.5811036Z Post job cleanup.
end-workflow	Post Checkout code	2025-10-06T15:31:58.6915436Z [command]/usr/bin/git version
end-workflow	Post Checkout code	2025-10-06T15:31:58.6930196Z git version 2.51.0
end-workflow	Post Checkout code	2025-10-06T15:31:58.6941181Z Copying '/home/runner/.gitconfig' to '/home/runner/_work/_temp/06cedbbf-1a37-4eb2-bfff-0aca5f4ccbd1/.gitconfig'
end-workflow	Post Checkout code	2025-10-06T15:31:58.6954224Z Temporarily overriding HOME='/home/runner/_work/_temp/06cedbbf-1a37-4eb2-bfff-0aca5f4ccbd1' before making global git config changes
end-workflow	Post Checkout code	2025-10-06T15:31:58.6955204Z Adding repository directory to the temporary git global config as a safe directory
end-workflow	Post Checkout code	2025-10-06T15:31:58.6959781Z [command]/usr/bin/git config --global --add safe.directory /home/runner/_work/ka0s/ka0s
end-workflow	Post Checkout code	2025-10-06T15:31:58.7007298Z [command]/usr/bin/git config --local --name-only --get-regexp core\.sshCommand
end-workflow	Post Checkout code	2025-10-06T15:31:58.7048052Z [command]/usr/bin/git submodule foreach --recursive sh -c "git config --local --name-only --get-regexp 'core\.sshCommand' && git config --local --unset-all 'core.sshCommand' || :"
end-workflow	Post Checkout code	2025-10-06T15:31:58.7308911Z [command]/usr/bin/git config --local --name-only --get-regexp http\.https\:\/\/github\.com\/\.extraheader
end-workflow	Post Checkout code	2025-10-06T15:31:58.7333550Z http.https://github.com/.extraheader
end-workflow	Post Checkout code	2025-10-06T15:31:58.7346683Z [command]/usr/bin/git config --local --unset-all http.https://github.com/.extraheader
end-workflow	Post Checkout code	2025-10-06T15:31:58.7383213Z [command]/usr/bin/git submodule foreach --recursive sh -c "git config --local --name-only --get-regexp 'http\.https\:\/\/github\.com\/\.extraheader' && git config --local --unset-all 'http.https://github.com/.extraheader' || :"
end-workflow	Complete job	﻿2025-10-06T15:31:58.7760577Z Cleaning up orphan processes
