job-core	Set up job	ï»¿2025-10-06T13:55:47.3253070Z Current runner version: '2.328.0'
job-core	Set up job	2025-10-06T13:55:47.3260300Z Runner name: '77bd381c0788'
job-core	Set up job	2025-10-06T13:55:47.3261012Z Runner group name: 'swarm-runners'
job-core	Set up job	2025-10-06T13:55:47.3261997Z Machine name: '77bd381c0788'
job-core	Set up job	2025-10-06T13:55:47.3264781Z ##[group]GITHUB_TOKEN Permissions
job-core	Set up job	2025-10-06T13:55:47.3267291Z Actions: write
job-core	Set up job	2025-10-06T13:55:47.3268346Z Contents: write
job-core	Set up job	2025-10-06T13:55:47.3268912Z Issues: write
job-core	Set up job	2025-10-06T13:55:47.3269467Z Metadata: read
job-core	Set up job	2025-10-06T13:55:47.3269905Z ##[endgroup]
job-core	Set up job	2025-10-06T13:55:47.3272349Z Secret source: Actions
job-core	Set up job	2025-10-06T13:55:47.3273061Z Prepare workflow directory
job-core	Set up job	2025-10-06T13:55:47.3862605Z Prepare all required actions
job-core	Set up job	2025-10-06T13:55:47.3904298Z Getting action download info
job-core	Set up job	2025-10-06T13:55:47.9684385Z Download action repository 'actions/checkout@v4' (SHA:08eba0b27e820071cde6df949e0beb9ba4906955)
job-core	Set up job	2025-10-06T13:55:48.8022595Z Complete job name: job-core
job-core	Checkout code	ï»¿2025-10-06T13:55:48.8669963Z ##[group]Run actions/checkout@v4
job-core	Checkout code	2025-10-06T13:55:48.8670967Z with:
job-core	Checkout code	2025-10-06T13:55:48.8671497Z   fetch-depth: 0
job-core	Checkout code	2025-10-06T13:55:48.8672256Z   token: ***
job-core	Checkout code	2025-10-06T13:55:48.8672749Z   repository: Ka0s-Klaus/ka0s
job-core	Checkout code	2025-10-06T13:55:48.8673309Z   ssh-strict: true
job-core	Checkout code	2025-10-06T13:55:48.8673778Z   ssh-user: git
job-core	Checkout code	2025-10-06T13:55:48.8674279Z   persist-credentials: true
job-core	Checkout code	2025-10-06T13:55:48.8674815Z   clean: true
job-core	Checkout code	2025-10-06T13:55:48.8675308Z   sparse-checkout-cone-mode: true
job-core	Checkout code	2025-10-06T13:55:48.8675891Z   fetch-tags: false
job-core	Checkout code	2025-10-06T13:55:48.8676383Z   show-progress: true
job-core	Checkout code	2025-10-06T13:55:48.8676877Z   lfs: false
job-core	Checkout code	2025-10-06T13:55:48.8677390Z   submodules: false
job-core	Checkout code	2025-10-06T13:55:48.8677920Z   set-safe-directory: true
job-core	Checkout code	2025-10-06T13:55:48.8678695Z env:
job-core	Checkout code	2025-10-06T13:55:48.8679184Z   KAOS_MODULE: [Ka0S] VERSION
job-core	Checkout code	2025-10-06T13:55:48.8679914Z   GH_TOKEN: ***
job-core	Checkout code	2025-10-06T13:55:48.8680405Z   PATH_RESUME: core/config/
job-core	Checkout code	2025-10-06T13:55:48.8680998Z   KAOS_REPO: /actions-runner/_work/kaos/kaos
job-core	Checkout code	2025-10-06T13:55:48.8681634Z   KAOS_STEP_MODULE: 
job-core	Checkout code	2025-10-06T13:55:48.8682170Z   KAOS_CODE: 18283231500
job-core	Checkout code	2025-10-06T13:55:48.8682685Z   GH_VERSION: 
job-core	Checkout code	2025-10-06T13:55:48.8683152Z ##[endgroup]
job-core	Checkout code	2025-10-06T13:55:48.9841378Z Syncing repository: Ka0s-Klaus/ka0s
job-core	Checkout code	2025-10-06T13:55:48.9843429Z ##[group]Getting Git version info
job-core	Checkout code	2025-10-06T13:55:48.9844191Z Working directory is '/home/runner/_work/ka0s/ka0s'
job-core	Checkout code	2025-10-06T13:55:48.9845262Z [command]/usr/bin/git version
job-core	Checkout code	2025-10-06T13:55:48.9845833Z git version 2.51.0
job-core	Checkout code	2025-10-06T13:55:48.9863148Z ##[endgroup]
job-core	Checkout code	2025-10-06T13:55:48.9886695Z Copying '/home/runner/.gitconfig' to '/home/runner/_work/_temp/108f9161-7539-40aa-aa99-dc7323244c44/.gitconfig'
job-core	Checkout code	2025-10-06T13:55:48.9899176Z Temporarily overriding HOME='/home/runner/_work/_temp/108f9161-7539-40aa-aa99-dc7323244c44' before making global git config changes
job-core	Checkout code	2025-10-06T13:55:48.9900852Z Adding repository directory to the temporary git global config as a safe directory
job-core	Checkout code	2025-10-06T13:55:48.9902808Z [command]/usr/bin/git config --global --add safe.directory /home/runner/_work/ka0s/ka0s
job-core	Checkout code	2025-10-06T13:55:48.9945381Z [command]/usr/bin/git config --local --get remote.origin.url
job-core	Checkout code	2025-10-06T13:55:48.9967079Z https://github.com/Ka0s-Klaus/ka0s
job-core	Checkout code	2025-10-06T13:55:48.9987841Z ##[group]Removing previously created refs, to avoid conflicts
job-core	Checkout code	2025-10-06T13:55:48.9992165Z [command]/usr/bin/git rev-parse --symbolic-full-name --verify --quiet HEAD
job-core	Checkout code	2025-10-06T13:55:49.0024644Z refs/heads/H1646-modulo-de-control-de-runners
job-core	Checkout code	2025-10-06T13:55:49.0032918Z [command]/usr/bin/git checkout --detach
job-core	Checkout code	2025-10-06T13:55:49.0115664Z HEAD is now at d287c524 [Ka0S] Uploading resume execution files to the repository...
job-core	Checkout code	2025-10-06T13:55:49.0171627Z [command]/usr/bin/git branch --delete --force H1646-modulo-de-control-de-runners
job-core	Checkout code	2025-10-06T13:55:49.0204517Z Deleted branch H1646-modulo-de-control-de-runners (was d287c524).
job-core	Checkout code	2025-10-06T13:55:49.0210562Z ##[endgroup]
job-core	Checkout code	2025-10-06T13:55:49.0215347Z [command]/usr/bin/git submodule status
job-core	Checkout code	2025-10-06T13:55:49.0464660Z ##[group]Cleaning the repository
job-core	Checkout code	2025-10-06T13:55:49.0467261Z [command]/usr/bin/git clean -ffdx
job-core	Checkout code	2025-10-06T13:55:49.0523801Z Removing files-in-commit.txt
job-core	Checkout code	2025-10-06T13:55:49.0534790Z [command]/usr/bin/git reset --hard HEAD
job-core	Checkout code	2025-10-06T13:55:49.0620195Z HEAD is now at d287c524 [Ka0S] Uploading resume execution files to the repository...
job-core	Checkout code	2025-10-06T13:55:49.0626240Z ##[endgroup]
job-core	Checkout code	2025-10-06T13:55:49.0627196Z ##[group]Disabling automatic garbage collection
job-core	Checkout code	2025-10-06T13:55:49.0631560Z [command]/usr/bin/git config --local gc.auto 0
job-core	Checkout code	2025-10-06T13:55:49.0663937Z ##[endgroup]
job-core	Checkout code	2025-10-06T13:55:49.0664902Z ##[group]Setting up auth
job-core	Checkout code	2025-10-06T13:55:49.0669361Z [command]/usr/bin/git config --local --name-only --get-regexp core\.sshCommand
job-core	Checkout code	2025-10-06T13:55:49.0701899Z [command]/usr/bin/git submodule foreach --recursive sh -c "git config --local --name-only --get-regexp 'core\.sshCommand' && git config --local --unset-all 'core.sshCommand' || :"
job-core	Checkout code	2025-10-06T13:55:49.0954726Z [command]/usr/bin/git config --local --name-only --get-regexp http\.https\:\/\/github\.com\/\.extraheader
job-core	Checkout code	2025-10-06T13:55:49.0986668Z [command]/usr/bin/git submodule foreach --recursive sh -c "git config --local --name-only --get-regexp 'http\.https\:\/\/github\.com\/\.extraheader' && git config --local --unset-all 'http.https://github.com/.extraheader' || :"
job-core	Checkout code	2025-10-06T13:55:49.1243359Z [command]/usr/bin/git config --local http.https://github.com/.extraheader AUTHORIZATION: basic ***
job-core	Checkout code	2025-10-06T13:55:49.1286072Z ##[endgroup]
job-core	Checkout code	2025-10-06T13:55:49.1287076Z ##[group]Fetching the repository
job-core	Checkout code	2025-10-06T13:55:49.1294971Z [command]/usr/bin/git -c protocol.version=2 fetch --prune --no-recurse-submodules origin +refs/heads/*:refs/remotes/origin/* +refs/tags/*:refs/tags/* +771ca149c987908fc78b6b6e0736dfeda5995c51:refs/remotes/pull/1648/merge
job-core	Checkout code	2025-10-06T13:55:49.9720687Z From https://github.com/Ka0s-Klaus/ka0s
job-core	Checkout code	2025-10-06T13:55:49.9722518Z  * [new ref]           771ca149c987908fc78b6b6e0736dfeda5995c51 -> pull/1648/merge
job-core	Checkout code	2025-10-06T13:55:49.9755824Z ##[endgroup]
job-core	Checkout code	2025-10-06T13:55:49.9757663Z ##[group]Determining the checkout info
job-core	Checkout code	2025-10-06T13:55:49.9759459Z ##[endgroup]
job-core	Checkout code	2025-10-06T13:55:49.9780460Z [command]/usr/bin/git sparse-checkout disable
job-core	Checkout code	2025-10-06T13:55:49.9830680Z [command]/usr/bin/git config --local --unset-all extensions.worktreeConfig
job-core	Checkout code	2025-10-06T13:55:49.9862847Z ##[group]Checking out the ref
job-core	Checkout code	2025-10-06T13:55:49.9866837Z [command]/usr/bin/git checkout --progress --force refs/remotes/pull/1648/merge
job-core	Checkout code	2025-10-06T13:55:50.0031014Z Previous HEAD position was d287c524 [Ka0S] Uploading resume execution files to the repository...
job-core	Checkout code	2025-10-06T13:55:50.0034557Z HEAD is now at 771ca149 Merge 2a4192f887e5f977fdfc7dd81c550c5c1a3fd7b2 into b76deb3d797c6e60e2d702b1390b9f0beb91fc5c
job-core	Checkout code	2025-10-06T13:55:50.0046406Z ##[endgroup]
job-core	Checkout code	2025-10-06T13:55:50.0083740Z [command]/usr/bin/git log -1 --format=%H
job-core	Checkout code	2025-10-06T13:55:50.0112065Z 771ca149c987908fc78b6b6e0736dfeda5995c51
job-core	Get commit details	ï»¿2025-10-06T13:55:50.0383334Z ##[group]Run RNNUMBER=$(echo "H1646 modulo de control de runners" | grep -o '[0-9]*')
job-core	Get commit details	2025-10-06T13:55:50.0386088Z [36;1mRNNUMBER=$(echo "H1646 modulo de control de runners" | grep -o '[0-9]*')[0m
job-core	Get commit details	2025-10-06T13:55:50.0388591Z [36;1mgh issue comment $RNNUMBER --body "Se inicia Version 18283231500"[0m
job-core	Get commit details	2025-10-06T13:55:50.0391663Z [36;1mecho "GH_VERSION=$(gh api repos/:owner/:repo/git/matching-refs/tags --jq '.[-1].ref' | sed 's|refs/tags/||')" >> $GITHUB_ENV[0m
job-core	Get commit details	2025-10-06T13:55:50.0394664Z [36;1mecho "AUTHOR_NAME=$(git log -1 --pretty=format:'%an')" >> $GITHUB_OUTPUT[0m
job-core	Get commit details	2025-10-06T13:55:50.0397001Z [36;1mecho "AUTHOR_EMAIL=$(git log -1 --pretty=format:'%ae')" >> $GITHUB_OUTPUT[0m
job-core	Get commit details	2025-10-06T13:55:50.0399471Z [36;1mecho "COMMIT_MESSAGE=H1646 modulo de control de runners" >> $GITHUB_OUTPUT[0m
job-core	Get commit details	2025-10-06T13:55:50.0401942Z [36;1mRNBRANCH=$(echo "H1646 modulo de control de runners" | grep -o '^[A-Za-z]*')[0m
job-core	Get commit details	2025-10-06T13:55:50.0404368Z [36;1mRNNUMBER=$(echo "H1646 modulo de control de runners" | grep -o '[0-9]*')[0m
job-core	Get commit details	2025-10-06T13:55:50.0406368Z [36;1mecho "Extracted RN Branch: $RNBRANCH"[0m
job-core	Get commit details	2025-10-06T13:55:50.0407940Z [36;1mecho "Extracted RN Number: $RNNUMBER"[0m
job-core	Get commit details	2025-10-06T13:55:50.0409493Z [36;1mecho "RNBRANCH=$RNBRANCH" >> $GITHUB_OUTPUT[0m
job-core	Get commit details	2025-10-06T13:55:50.0411400Z [36;1mecho "RNNUMBER=$RNNUMBER" >> $GITHUB_OUTPUT [0m
job-core	Get commit details	2025-10-06T13:55:50.0425923Z shell: /usr/bin/bash -e {0}
job-core	Get commit details	2025-10-06T13:55:50.0427114Z env:
job-core	Get commit details	2025-10-06T13:55:50.0428134Z   KAOS_MODULE: [Ka0S] VERSION
job-core	Get commit details	2025-10-06T13:55:50.0429814Z   GH_TOKEN: ***
job-core	Get commit details	2025-10-06T13:55:50.0430822Z   PATH_RESUME: core/config/
job-core	Get commit details	2025-10-06T13:55:50.0432055Z   KAOS_REPO: /actions-runner/_work/kaos/kaos
job-core	Get commit details	2025-10-06T13:55:50.0433407Z   KAOS_STEP_MODULE: 
job-core	Get commit details	2025-10-06T13:55:50.0434444Z   KAOS_CODE: 18283231500
job-core	Get commit details	2025-10-06T13:55:50.0435514Z   GH_VERSION: 
job-core	Get commit details	2025-10-06T13:55:50.0436464Z ##[endgroup]
job-core	Get commit details	2025-10-06T13:55:51.0548360Z https://github.com/Ka0s-Klaus/ka0s/issues/1646#issuecomment-3371802150
job-core	Get commit details	2025-10-06T13:55:51.5479200Z Extracted RN Branch: H
job-core	Get commit details	2025-10-06T13:55:51.5479935Z Extracted RN Number: 1646
job-core	Get version	ï»¿2025-10-06T13:55:51.5611394Z ##[group]Run if [ ! -f 0.4.7 ]; then echo "0.4.7" > version.txt; fi
job-core	Get version	2025-10-06T13:55:51.5611956Z [36;1mif [ ! -f 0.4.7 ]; then echo "0.4.7" > version.txt; fi[0m
job-core	Get version	2025-10-06T13:55:51.5612346Z [36;1mVERSION=0.4.7[0m
job-core	Get version	2025-10-06T13:55:51.5612915Z [36;1mIFS='.' read -r MAJOR MINOR PATCH <<< "$VERSION"[0m
job-core	Get version	2025-10-06T13:55:51.5613430Z [36;1mif [[ "H" =~ (H) ]]; then[0m
job-core	Get version	2025-10-06T13:55:51.5613734Z [36;1m  PATCH=$((PATCH + 1))[0m
job-core	Get version	2025-10-06T13:55:51.5614038Z [36;1melif [[ "H" =~ (F) ]]; then[0m
job-core	Get version	2025-10-06T13:55:51.5614347Z [36;1m  MINOR=$((MINOR + 1))[0m
job-core	Get version	2025-10-06T13:55:51.5614734Z [36;1m  PATCH=0[0m
job-core	Get version	2025-10-06T13:55:51.5615001Z [36;1melif [[ "H" =~ (RN) ]]; then[0m
job-core	Get version	2025-10-06T13:55:51.5615334Z [36;1m  MAJOR=$((MAJOR + 1))[0m
job-core	Get version	2025-10-06T13:55:51.5615738Z [36;1m  MINOR=0[0m
job-core	Get version	2025-10-06T13:55:51.5616013Z [36;1m  PATCH=0[0m
job-core	Get version	2025-10-06T13:55:51.5616258Z [36;1mfi[0m
job-core	Get version	2025-10-06T13:55:51.5616481Z [36;1m[0m
job-core	Get version	2025-10-06T13:55:51.5616732Z [36;1mNEW_VERSION="$MAJOR.$MINOR.$PATCH"[0m
job-core	Get version	2025-10-06T13:55:51.5617136Z [36;1mecho "VERSION=$NEW_VERSION" >> $GITHUB_OUTPUT[0m
job-core	Get version	2025-10-06T13:55:51.5617843Z [36;1mecho "GH_VERSION=$NEW_VERSION" >> $GITHUB_ENV[0m
job-core	Get version	2025-10-06T13:55:51.5626832Z shell: /usr/bin/bash -e {0}
job-core	Get version	2025-10-06T13:55:51.5627283Z env:
job-core	Get version	2025-10-06T13:55:51.5627609Z   KAOS_MODULE: [Ka0S] VERSION
job-core	Get version	2025-10-06T13:55:51.5628349Z   GH_TOKEN: ***
job-core	Get version	2025-10-06T13:55:51.5628630Z   PATH_RESUME: core/config/
job-core	Get version	2025-10-06T13:55:51.5629079Z   KAOS_REPO: /actions-runner/_work/kaos/kaos
job-core	Get version	2025-10-06T13:55:51.5629400Z   KAOS_STEP_MODULE: 
job-core	Get version	2025-10-06T13:55:51.5629650Z   KAOS_CODE: 18283231500
job-core	Get version	2025-10-06T13:55:51.5629936Z   GH_VERSION: 0.4.7
job-core	Get version	2025-10-06T13:55:51.5630194Z ##[endgroup]
job-core	Get changed files	ï»¿2025-10-06T13:55:51.5710038Z ##[group]Run CHANGED_FILES=$(git diff --name-only HEAD~1 | tr '\n' ' ')
job-core	Get changed files	2025-10-06T13:55:51.5710678Z [36;1mCHANGED_FILES=$(git diff --name-only HEAD~1 | tr '\n' ' ')[0m
job-core	Get changed files	2025-10-06T13:55:51.5711162Z [36;1mecho "CHANGED_FILES=$CHANGED_FILES" >> $GITHUB_OUTPUT[0m
job-core	Get changed files	2025-10-06T13:55:51.5720093Z shell: /usr/bin/bash -e {0}
job-core	Get changed files	2025-10-06T13:55:51.5720545Z env:
job-core	Get changed files	2025-10-06T13:55:51.5720791Z   KAOS_MODULE: [Ka0S] VERSION
job-core	Get changed files	2025-10-06T13:55:51.5721590Z   GH_TOKEN: ***
job-core	Get changed files	2025-10-06T13:55:51.5721851Z   PATH_RESUME: core/config/
job-core	Get changed files	2025-10-06T13:55:51.5722188Z   KAOS_REPO: /actions-runner/_work/kaos/kaos
job-core	Get changed files	2025-10-06T13:55:51.5722645Z   KAOS_STEP_MODULE: 
job-core	Get changed files	2025-10-06T13:55:51.5722912Z   KAOS_CODE: 18283231500
job-core	Get changed files	2025-10-06T13:55:51.5723174Z   GH_VERSION: 0.4.8
job-core	Get changed files	2025-10-06T13:55:51.5723419Z ##[endgroup]
job-core	Update changelog	ï»¿2025-10-06T13:55:51.5888769Z ##[group]Run echo "## Version 0.4.8" >> CHANGELOG.md
job-core	Update changelog	2025-10-06T13:55:51.5889285Z [36;1mecho "## Version 0.4.8" >> CHANGELOG.md[0m
job-core	Update changelog	2025-10-06T13:55:51.5889978Z [36;1mecho "- **Branch**: refs/pull/1648/merge" >> CHANGELOG.md[0m
job-core	Update changelog	2025-10-06T13:55:51.5890735Z [36;1mecho "- **Commit**: $(git log -1 --pretty=format:'%s' 2a4192f887e5f977fdfc7dd81c550c5c1a3fd7b2)" >> CHANGELOG.md[0m
job-core	Update changelog	2025-10-06T13:55:51.5891302Z [36;1mecho "- **Author**: Ka0s" >> CHANGELOG.md[0m
job-core	Update changelog	2025-10-06T13:55:51.5891674Z [36;1mecho "- **Date**: $(date -u)" >> CHANGELOG.md[0m
job-core	Update changelog	2025-10-06T13:55:51.5892116Z [36;1mecho "- **Message**: H1646 modulo de control de runners" >> CHANGELOG.md[0m
job-core	Update changelog	2025-10-06T13:55:51.5892573Z [36;1mecho "- **Files Changed**:" >> CHANGELOG.md[0m
job-core	Update changelog	2025-10-06T13:55:51.5893337Z [36;1mfor file in .github/workflows/scan-and-trigger.yml version.txt ; do echo "  - $file" >> CHANGELOG.md; done[0m
job-core	Update changelog	2025-10-06T13:55:51.5893941Z [36;1mecho "---------------------------------" >> CHANGELOG.md[0m
job-core	Update changelog	2025-10-06T13:55:51.5902235Z shell: /usr/bin/bash -e {0}
job-core	Update changelog	2025-10-06T13:55:51.5902586Z env:
job-core	Update changelog	2025-10-06T13:55:51.5902830Z   KAOS_MODULE: [Ka0S] VERSION
job-core	Update changelog	2025-10-06T13:55:51.5903376Z   GH_TOKEN: ***
job-core	Update changelog	2025-10-06T13:55:51.5903762Z   PATH_RESUME: core/config/
job-core	Update changelog	2025-10-06T13:55:51.5904062Z   KAOS_REPO: /actions-runner/_work/kaos/kaos
job-core	Update changelog	2025-10-06T13:55:51.5904380Z   KAOS_STEP_MODULE: 
job-core	Update changelog	2025-10-06T13:55:51.5904631Z   KAOS_CODE: 18283231500
job-core	Update changelog	2025-10-06T13:55:51.5904880Z   GH_VERSION: 0.4.8
job-core	Update changelog	2025-10-06T13:55:51.5905117Z   VERSION: 0.4.8
job-core	Update changelog	2025-10-06T13:55:51.5905453Z   CHANGE_FILES: .github/workflows/scan-and-trigger.yml version.txt 
job-core	Update changelog	2025-10-06T13:55:51.5905841Z   NAME: Ka0s
job-core	Update changelog	2025-10-06T13:55:51.5906089Z   EMAIL: ***
job-core	Update changelog	2025-10-06T13:55:51.5906357Z   MESSAGE: H1646 modulo de control de runners
job-core	Update changelog	2025-10-06T13:55:51.5906670Z ##[endgroup]
job-core	Push log, tag and index	ï»¿2025-10-06T13:55:51.6026923Z ##[group]Run git config --global user.name '***'
job-core	Push log, tag and index	2025-10-06T13:55:51.6027577Z [36;1mgit config --global user.name '***'[0m
job-core	Push log, tag and index	2025-10-06T13:55:51.6028017Z [36;1mgit config --global user.email '***'[0m
job-core	Push log, tag and index	2025-10-06T13:55:51.6028446Z [36;1mgit tag -a "0.4.8" -m "[Ka0S] VERSION NEW Ka0S version 0.4.8"[0m
job-core	Push log, tag and index	2025-10-06T13:55:51.6028862Z [36;1mgit push origin "0.4.8"[0m
job-core	Push log, tag and index	2025-10-06T13:55:51.6029302Z [36;1mif [ ! -f INDEX_VERSION.md ]; then echo "# Version Index" > INDEX_VERSION.md; fi[0m
job-core	Push log, tag and index	2025-10-06T13:55:51.6029951Z [36;1mecho "- **Version**: 0.4.8 - **Description**: H1646 modulo de control de runners" >> INDEX_VERSION.md[0m
job-core	Push log, tag and index	2025-10-06T13:55:51.6030499Z [36;1mgit add INDEX_VERSION.md CHANGELOG.md[0m
job-core	Push log, tag and index	2025-10-06T13:55:51.6031025Z [36;1mgit commit -m "[Ka0S] VERSION  Upload: CHANGELOG.md, INDEX_VERSION.md with version 0.4.8"[0m
job-core	Push log, tag and index	2025-10-06T13:55:51.6031618Z [36;1mgit push origin HEAD:H1646-modulo-de-control-de-runners[0m
job-core	Push log, tag and index	2025-10-06T13:55:51.6039849Z shell: /usr/bin/bash -e {0}
job-core	Push log, tag and index	2025-10-06T13:55:51.6040159Z env:
job-core	Push log, tag and index	2025-10-06T13:55:51.6040446Z   KAOS_MODULE: [Ka0S] VERSION
job-core	Push log, tag and index	2025-10-06T13:55:51.6040946Z   GH_TOKEN: ***
job-core	Push log, tag and index	2025-10-06T13:55:51.6041211Z   PATH_RESUME: core/config/
job-core	Push log, tag and index	2025-10-06T13:55:51.6041527Z   KAOS_REPO: /actions-runner/_work/kaos/kaos
job-core	Push log, tag and index	2025-10-06T13:55:51.6041868Z   KAOS_STEP_MODULE: 
job-core	Push log, tag and index	2025-10-06T13:55:51.6042133Z   KAOS_CODE: 18283231500
job-core	Push log, tag and index	2025-10-06T13:55:51.6042404Z   GH_VERSION: 0.4.8
job-core	Push log, tag and index	2025-10-06T13:55:51.6042681Z   USER_NAME: ***
job-core	Push log, tag and index	2025-10-06T13:55:51.6042953Z   USER_EMAIL: ***
job-core	Push log, tag and index	2025-10-06T13:55:51.6043206Z ##[endgroup]
job-core	Push log, tag and index	2025-10-06T13:55:52.4519974Z To https://github.com/Ka0s-Klaus/ka0s
job-core	Push log, tag and index	2025-10-06T13:55:52.4521581Z  * [new tag]           0.4.8 -> 0.4.8
job-core	Push log, tag and index	2025-10-06T13:55:52.5401532Z [detached HEAD 39957fd5] [Ka0S] VERSION  Upload: CHANGELOG.md, INDEX_VERSION.md with version 0.4.8
job-core	Push log, tag and index	2025-10-06T13:55:52.5402418Z  2 files changed, 11 insertions(+)
job-core	Push log, tag and index	2025-10-06T13:55:52.9888150Z To https://github.com/Ka0s-Klaus/ka0s
job-core	Push log, tag and index	2025-10-06T13:55:52.9888848Z  ! [rejected]          HEAD -> H1646-modulo-de-control-de-runners (non-fast-forward)
job-core	Push log, tag and index	2025-10-06T13:55:52.9889571Z error: failed to push some refs to 'https://github.com/Ka0s-Klaus/ka0s'
job-core	Push log, tag and index	2025-10-06T13:55:52.9918274Z hint: Updates were rejected because a pushed branch tip is behind its remote
job-core	Push log, tag and index	2025-10-06T13:55:52.9918924Z hint: counterpart. If you want to integrate the remote changes, use 'git pull'
job-core	Push log, tag and index	2025-10-06T13:55:52.9924237Z hint: before pushing again.
job-core	Push log, tag and index	2025-10-06T13:55:52.9924664Z hint: See the 'Note about fast-forwards' in 'git push --help' for details.
job-core	Push log, tag and index	2025-10-06T13:55:52.9934767Z ##[error]Process completed with exit code 1.
job-core	Delete tag on failure	ï»¿2025-10-06T13:55:52.9988442Z ##[group]Run # Antes de nada borramos el tag asignado en el paso anterior
job-core	Delete tag on failure	2025-10-06T13:55:52.9989016Z [36;1m# Antes de nada borramos el tag asignado en el paso anterior[0m
job-core	Delete tag on failure	2025-10-06T13:55:52.9989404Z [36;1mgit push origin --delete "0.4.8"[0m
job-core	Delete tag on failure	2025-10-06T13:55:52.9989933Z [36;1mKAOS_ISSUE_BODY="Sentimos comunicarle que no se cumplen los requerimientos, por favor revise los checks"[0m
job-core	Delete tag on failure	2025-10-06T13:55:52.9990962Z [36;1m# gh workflow run issue.yaml --ref main -f kaos-issue-id="1648" -f kaos-issue-body="$KAOS_ISSUE_BODY" -f kaos-issue-actions=comment[0m
job-core	Delete tag on failure	2025-10-06T13:55:52.9999506Z shell: /usr/bin/bash -e {0}
job-core	Delete tag on failure	2025-10-06T13:55:52.9999758Z env:
job-core	Delete tag on failure	2025-10-06T13:55:52.9999952Z   KAOS_MODULE: [Ka0S] VERSION
job-core	Delete tag on failure	2025-10-06T13:55:53.0000924Z   GH_TOKEN: ***
job-core	Delete tag on failure	2025-10-06T13:55:53.0001172Z   PATH_RESUME: core/config/
job-core	Delete tag on failure	2025-10-06T13:55:53.0001441Z   KAOS_REPO: /actions-runner/_work/kaos/kaos
job-core	Delete tag on failure	2025-10-06T13:55:53.0001737Z   KAOS_STEP_MODULE: 
job-core	Delete tag on failure	2025-10-06T13:55:53.0001956Z   KAOS_CODE: 18283231500
job-core	Delete tag on failure	2025-10-06T13:55:53.0002301Z   GH_VERSION: 0.4.8
job-core	Delete tag on failure	2025-10-06T13:55:53.0002546Z ##[endgroup]
job-core	Delete tag on failure	2025-10-06T13:55:53.7989136Z To https://github.com/Ka0s-Klaus/ka0s
job-core	Delete tag on failure	2025-10-06T13:55:53.7990659Z  - [deleted]           0.4.8
job-core	Post Checkout code	ï»¿2025-10-06T13:55:53.8149690Z Post job cleanup.
job-core	Post Checkout code	2025-10-06T13:55:53.9171526Z [command]/usr/bin/git version
job-core	Post Checkout code	2025-10-06T13:55:53.9213725Z git version 2.51.0
job-core	Post Checkout code	2025-10-06T13:55:53.9255467Z Copying '/home/runner/.gitconfig' to '/home/runner/_work/_temp/afe28c4c-8d53-4968-9f82-7e76970205e0/.gitconfig'
job-core	Post Checkout code	2025-10-06T13:55:53.9270523Z Temporarily overriding HOME='/home/runner/_work/_temp/afe28c4c-8d53-4968-9f82-7e76970205e0' before making global git config changes
job-core	Post Checkout code	2025-10-06T13:55:53.9271482Z Adding repository directory to the temporary git global config as a safe directory
job-core	Post Checkout code	2025-10-06T13:55:53.9284268Z [command]/usr/bin/git config --global --add safe.directory /home/runner/_work/ka0s/ka0s
job-core	Post Checkout code	2025-10-06T13:55:53.9324028Z [command]/usr/bin/git config --local --name-only --get-regexp core\.sshCommand
job-core	Post Checkout code	2025-10-06T13:55:53.9361095Z [command]/usr/bin/git submodule foreach --recursive sh -c "git config --local --name-only --get-regexp 'core\.sshCommand' && git config --local --unset-all 'core.sshCommand' || :"
job-core	Post Checkout code	2025-10-06T13:55:53.9615527Z [command]/usr/bin/git config --local --name-only --get-regexp http\.https\:\/\/github\.com\/\.extraheader
job-core	Post Checkout code	2025-10-06T13:55:53.9639772Z http.https://github.com/.extraheader
job-core	Post Checkout code	2025-10-06T13:55:53.9651566Z [command]/usr/bin/git config --local --unset-all http.https://github.com/.extraheader
job-core	Post Checkout code	2025-10-06T13:55:53.9686410Z [command]/usr/bin/git submodule foreach --recursive sh -c "git config --local --name-only --get-regexp 'http\.https\:\/\/github\.com\/\.extraheader' && git config --local --unset-all 'http.https://github.com/.extraheader' || :"
job-core	Complete job	ï»¿2025-10-06T13:55:54.0061059Z Evaluate and set job outputs
job-core	Complete job	2025-10-06T13:55:54.0068082Z Set output 'KAOS_BRANCH'
job-core	Complete job	2025-10-06T13:55:54.0069896Z Set output 'KAOS_NUMBER'
job-core	Complete job	2025-10-06T13:55:54.0070460Z Set output 'KAOS_VERSION'
job-core	Complete job	2025-10-06T13:55:54.0070836Z Set output 'KAOS_FILES'
job-core	Complete job	2025-10-06T13:55:54.0071130Z Set output 'AUTHOR_NAME'
job-core	Complete job	2025-10-06T13:55:54.0072772Z ##[warning]Skip output 'AUTHOR_EMAIL' since it may contain secret.
job-core	Complete job	2025-10-06T13:55:54.0073742Z Set output 'COMMIT_MESSAGE'
job-core	Complete job	2025-10-06T13:55:54.0074402Z Cleaning up orphan processes
handle_failure	Set up job	ï»¿2025-10-06T13:56:00.2642245Z Current runner version: '2.328.0'
handle_failure	Set up job	2025-10-06T13:56:00.2649005Z Runner name: '77bd381c0788'
handle_failure	Set up job	2025-10-06T13:56:00.2649881Z Runner group name: 'swarm-runners'
handle_failure	Set up job	2025-10-06T13:56:00.2650984Z Machine name: '77bd381c0788'
handle_failure	Set up job	2025-10-06T13:56:00.2654095Z ##[group]GITHUB_TOKEN Permissions
handle_failure	Set up job	2025-10-06T13:56:00.2656703Z Actions: write
handle_failure	Set up job	2025-10-06T13:56:00.2657196Z Contents: write
handle_failure	Set up job	2025-10-06T13:56:00.2658072Z Issues: write
handle_failure	Set up job	2025-10-06T13:56:00.2658486Z Metadata: read
handle_failure	Set up job	2025-10-06T13:56:00.2658893Z ##[endgroup]
handle_failure	Set up job	2025-10-06T13:56:00.2660900Z Secret source: Actions
handle_failure	Set up job	2025-10-06T13:56:00.2661487Z Prepare workflow directory
handle_failure	Set up job	2025-10-06T13:56:00.3251403Z Prepare all required actions
handle_failure	Set up job	2025-10-06T13:56:00.3291966Z Getting action download info
handle_failure	Set up job	2025-10-06T13:56:00.9658155Z Download action repository 'actions/checkout@v4' (SHA:08eba0b27e820071cde6df949e0beb9ba4906955)
handle_failure	Set up job	2025-10-06T13:56:01.8682771Z Complete job name: handle_failure
handle_failure	Checkout code	ï»¿2025-10-06T13:56:01.9221196Z ##[group]Run actions/checkout@v4
handle_failure	Checkout code	2025-10-06T13:56:01.9222078Z with:
handle_failure	Checkout code	2025-10-06T13:56:01.9222525Z   fetch-depth: 0
handle_failure	Checkout code	2025-10-06T13:56:01.9223170Z   token: ***
handle_failure	Checkout code	2025-10-06T13:56:01.9223575Z   repository: Ka0s-Klaus/ka0s
handle_failure	Checkout code	2025-10-06T13:56:01.9224034Z   ssh-strict: true
handle_failure	Checkout code	2025-10-06T13:56:01.9224429Z   ssh-user: git
handle_failure	Checkout code	2025-10-06T13:56:01.9224823Z   persist-credentials: true
handle_failure	Checkout code	2025-10-06T13:56:01.9225271Z   clean: true
handle_failure	Checkout code	2025-10-06T13:56:01.9225673Z   sparse-checkout-cone-mode: true
handle_failure	Checkout code	2025-10-06T13:56:01.9226155Z   fetch-tags: false
handle_failure	Checkout code	2025-10-06T13:56:01.9226556Z   show-progress: true
handle_failure	Checkout code	2025-10-06T13:56:01.9226952Z   lfs: false
handle_failure	Checkout code	2025-10-06T13:56:01.9227529Z   submodules: false
handle_failure	Checkout code	2025-10-06T13:56:01.9228073Z   set-safe-directory: true
handle_failure	Checkout code	2025-10-06T13:56:01.9228751Z env:
handle_failure	Checkout code	2025-10-06T13:56:01.9229140Z   KAOS_MODULE: [Ka0S] VERSION
handle_failure	Checkout code	2025-10-06T13:56:01.9229737Z   GH_TOKEN: ***
handle_failure	Checkout code	2025-10-06T13:56:01.9230135Z   PATH_RESUME: core/config/
handle_failure	Checkout code	2025-10-06T13:56:01.9230622Z   KAOS_REPO: /actions-runner/_work/kaos/kaos
handle_failure	Checkout code	2025-10-06T13:56:01.9231140Z   KAOS_STEP_MODULE: 
handle_failure	Checkout code	2025-10-06T13:56:01.9231576Z   KAOS_CODE: 18283231500
handle_failure	Checkout code	2025-10-06T13:56:01.9232005Z   GH_VERSION: 
handle_failure	Checkout code	2025-10-06T13:56:01.9232380Z ##[endgroup]
handle_failure	Checkout code	2025-10-06T13:56:02.0414439Z Syncing repository: Ka0s-Klaus/ka0s
handle_failure	Checkout code	2025-10-06T13:56:02.0416518Z ##[group]Getting Git version info
handle_failure	Checkout code	2025-10-06T13:56:02.0417198Z Working directory is '/home/runner/_work/ka0s/ka0s'
handle_failure	Checkout code	2025-10-06T13:56:02.0418222Z [command]/usr/bin/git version
handle_failure	Checkout code	2025-10-06T13:56:02.0418748Z git version 2.51.0
handle_failure	Checkout code	2025-10-06T13:56:02.0444636Z ##[endgroup]
handle_failure	Checkout code	2025-10-06T13:56:02.0464193Z Copying '/home/runner/.gitconfig' to '/home/runner/_work/_temp/918c10a0-7a3c-4633-8e8f-3f8c88710d47/.gitconfig'
handle_failure	Checkout code	2025-10-06T13:56:02.0475974Z Temporarily overriding HOME='/home/runner/_work/_temp/918c10a0-7a3c-4633-8e8f-3f8c88710d47' before making global git config changes
handle_failure	Checkout code	2025-10-06T13:56:02.0478879Z Adding repository directory to the temporary git global config as a safe directory
handle_failure	Checkout code	2025-10-06T13:56:02.0480819Z [command]/usr/bin/git config --global --add safe.directory /home/runner/_work/ka0s/ka0s
handle_failure	Checkout code	2025-10-06T13:56:02.0522407Z [command]/usr/bin/git config --local --get remote.origin.url
handle_failure	Checkout code	2025-10-06T13:56:02.0546085Z https://github.com/Ka0s-Klaus/ka0s
handle_failure	Checkout code	2025-10-06T13:56:02.0565152Z ##[group]Removing previously created refs, to avoid conflicts
handle_failure	Checkout code	2025-10-06T13:56:02.0569637Z [command]/usr/bin/git rev-parse --symbolic-full-name --verify --quiet HEAD
handle_failure	Checkout code	2025-10-06T13:56:02.0595154Z HEAD
handle_failure	Checkout code	2025-10-06T13:56:02.0640838Z ##[endgroup]
handle_failure	Checkout code	2025-10-06T13:56:02.0643324Z [command]/usr/bin/git submodule status
handle_failure	Checkout code	2025-10-06T13:56:02.0892134Z ##[group]Cleaning the repository
handle_failure	Checkout code	2025-10-06T13:56:02.0895986Z [command]/usr/bin/git clean -ffdx
handle_failure	Checkout code	2025-10-06T13:56:02.0959485Z [command]/usr/bin/git reset --hard HEAD
handle_failure	Checkout code	2025-10-06T13:56:02.1044367Z HEAD is now at 39957fd5 [Ka0S] VERSION  Upload: CHANGELOG.md, INDEX_VERSION.md with version 0.4.8
handle_failure	Checkout code	2025-10-06T13:56:02.1049848Z ##[endgroup]
handle_failure	Checkout code	2025-10-06T13:56:02.1051100Z ##[group]Disabling automatic garbage collection
handle_failure	Checkout code	2025-10-06T13:56:02.1057613Z [command]/usr/bin/git config --local gc.auto 0
handle_failure	Checkout code	2025-10-06T13:56:02.1091021Z ##[endgroup]
handle_failure	Checkout code	2025-10-06T13:56:02.1091820Z ##[group]Setting up auth
handle_failure	Checkout code	2025-10-06T13:56:02.1098362Z [command]/usr/bin/git config --local --name-only --get-regexp core\.sshCommand
handle_failure	Checkout code	2025-10-06T13:56:02.1133742Z [command]/usr/bin/git submodule foreach --recursive sh -c "git config --local --name-only --get-regexp 'core\.sshCommand' && git config --local --unset-all 'core.sshCommand' || :"
handle_failure	Checkout code	2025-10-06T13:56:02.1384668Z [command]/usr/bin/git config --local --name-only --get-regexp http\.https\:\/\/github\.com\/\.extraheader
handle_failure	Checkout code	2025-10-06T13:56:02.1417573Z [command]/usr/bin/git submodule foreach --recursive sh -c "git config --local --name-only --get-regexp 'http\.https\:\/\/github\.com\/\.extraheader' && git config --local --unset-all 'http.https://github.com/.extraheader' || :"
handle_failure	Checkout code	2025-10-06T13:56:02.1671569Z [command]/usr/bin/git config --local http.https://github.com/.extraheader AUTHORIZATION: basic ***
handle_failure	Checkout code	2025-10-06T13:56:02.1714225Z ##[endgroup]
handle_failure	Checkout code	2025-10-06T13:56:02.1715067Z ##[group]Fetching the repository
handle_failure	Checkout code	2025-10-06T13:56:02.1722796Z [command]/usr/bin/git -c protocol.version=2 fetch --prune --no-recurse-submodules origin +refs/heads/*:refs/remotes/origin/* +refs/tags/*:refs/tags/* +771ca149c987908fc78b6b6e0736dfeda5995c51:refs/remotes/pull/1648/merge
handle_failure	Checkout code	2025-10-06T13:56:02.7812723Z From https://github.com/Ka0s-Klaus/ka0s
handle_failure	Checkout code	2025-10-06T13:56:02.7815655Z  - [deleted]           (none)     -> 0.4.8
handle_failure	Checkout code	2025-10-06T13:56:02.8191945Z ##[endgroup]
handle_failure	Checkout code	2025-10-06T13:56:02.8193384Z ##[group]Determining the checkout info
handle_failure	Checkout code	2025-10-06T13:56:02.8194888Z ##[endgroup]
handle_failure	Checkout code	2025-10-06T13:56:02.8200194Z [command]/usr/bin/git sparse-checkout disable
handle_failure	Checkout code	2025-10-06T13:56:02.8270105Z [command]/usr/bin/git config --local --unset-all extensions.worktreeConfig
handle_failure	Checkout code	2025-10-06T13:56:02.8315371Z ##[group]Checking out the ref
handle_failure	Checkout code	2025-10-06T13:56:02.8319948Z [command]/usr/bin/git checkout --progress --force refs/remotes/pull/1648/merge
handle_failure	Checkout code	2025-10-06T13:56:02.8540244Z Warning: you are leaving 1 commit behind, not connected to
handle_failure	Checkout code	2025-10-06T13:56:02.8541686Z any of your branches:
handle_failure	Checkout code	2025-10-06T13:56:02.8542229Z 
handle_failure	Checkout code	2025-10-06T13:56:02.8542990Z   39957fd5 [Ka0S] VERSION  Upload: CHANGELOG.md, INDEX_VERSION.md with version 0.4.8
handle_failure	Checkout code	2025-10-06T13:56:02.8544182Z 
handle_failure	Checkout code	2025-10-06T13:56:02.8544844Z If you want to keep it by creating a new branch, this may be a good time
handle_failure	Checkout code	2025-10-06T13:56:02.8546097Z to do so with:
handle_failure	Checkout code	2025-10-06T13:56:02.8546525Z 
handle_failure	Checkout code	2025-10-06T13:56:02.8546927Z  git branch <new-branch-name> 39957fd5
handle_failure	Checkout code	2025-10-06T13:56:02.8547677Z 
handle_failure	Checkout code	2025-10-06T13:56:02.8548871Z HEAD is now at 771ca149 Merge 2a4192f887e5f977fdfc7dd81c550c5c1a3fd7b2 into b76deb3d797c6e60e2d702b1390b9f0beb91fc5c
handle_failure	Checkout code	2025-10-06T13:56:02.8556514Z ##[endgroup]
handle_failure	Checkout code	2025-10-06T13:56:02.8613733Z [command]/usr/bin/git log -1 --format=%H
handle_failure	Checkout code	2025-10-06T13:56:02.8651376Z 771ca149c987908fc78b6b6e0736dfeda5995c51
handle_failure	handle-failure-execution	ï»¿2025-10-06T13:56:02.9009134Z ##[group]Run echo "Error detected in process"
handle_failure	handle-failure-execution	2025-10-06T13:56:02.9010576Z [36;1mecho "Error detected in process"[0m
handle_failure	handle-failure-execution	2025-10-06T13:56:02.9011730Z [36;1mecho "Created issue"[0m
handle_failure	handle-failure-execution	2025-10-06T13:56:02.9013997Z [36;1mgh issue create  --title "[Ka0S] Error detected in [Ka0S] VERSION" --label "bug" --body "Error detected in [Ka0S] VERSION. Please check the logs for 18283231500 more information of error."[0m
handle_failure	handle-failure-execution	2025-10-06T13:56:02.9016588Z [36;1mecho "Add comment to origin target"[0m
handle_failure	handle-failure-execution	2025-10-06T13:56:02.9018222Z [36;1mRNNUMBER=$(echo "refs/pull/1648/merge" | grep -o '[0-9]*')[0m
handle_failure	handle-failure-execution	2025-10-06T13:56:02.9020179Z [36;1mgh issue comment $RNNUMBER --body "El proceso no ha finalizado correctamente 18283231500. El resultado estÃ¡ en el fichero 18283231500.log"[0m
handle_failure	handle-failure-execution	2025-10-06T13:56:02.9036695Z shell: /usr/bin/bash -e {0}
handle_failure	handle-failure-execution	2025-10-06T13:56:02.9037737Z env:
handle_failure	handle-failure-execution	2025-10-06T13:56:02.9038435Z   KAOS_MODULE: [Ka0S] VERSION
handle_failure	handle-failure-execution	2025-10-06T13:56:02.9039506Z   GH_TOKEN: ***
handle_failure	handle-failure-execution	2025-10-06T13:56:02.9040192Z   PATH_RESUME: core/config/
handle_failure	handle-failure-execution	2025-10-06T13:56:02.9041037Z   KAOS_REPO: /actions-runner/_work/kaos/kaos
handle_failure	handle-failure-execution	2025-10-06T13:56:02.9041881Z   KAOS_STEP_MODULE: 
handle_failure	handle-failure-execution	2025-10-06T13:56:02.9042541Z   KAOS_CODE: 18283231500
handle_failure	handle-failure-execution	2025-10-06T13:56:02.9043207Z   GH_VERSION: 
handle_failure	handle-failure-execution	2025-10-06T13:56:02.9043811Z ##[endgroup]
handle_failure	handle-failure-execution	2025-10-06T13:56:02.9109505Z Error detected in process
handle_failure	handle-failure-execution	2025-10-06T13:56:02.9110652Z Created issue
handle_failure	handle-failure-execution	2025-10-06T13:56:04.2458163Z https://github.com/Ka0s-Klaus/ka0s/issues/1649
handle_failure	handle-failure-execution	2025-10-06T13:56:04.2503565Z Add comment to origin target
handle_failure	handle-failure-execution	2025-10-06T13:56:06.0491378Z https://github.com/Ka0s-Klaus/ka0s/pull/1648#issuecomment-3371803298
handle_failure	Post Checkout code	ï»¿2025-10-06T13:56:06.0779733Z Post job cleanup.
handle_failure	Post Checkout code	2025-10-06T13:56:06.1772898Z [command]/usr/bin/git version
handle_failure	Post Checkout code	2025-10-06T13:56:06.1817216Z git version 2.51.0
handle_failure	Post Checkout code	2025-10-06T13:56:06.1857774Z Copying '/home/runner/.gitconfig' to '/home/runner/_work/_temp/f4f3322a-d143-4f3f-bb56-20aa71b201c4/.gitconfig'
handle_failure	Post Checkout code	2025-10-06T13:56:06.1870619Z Temporarily overriding HOME='/home/runner/_work/_temp/f4f3322a-d143-4f3f-bb56-20aa71b201c4' before making global git config changes
handle_failure	Post Checkout code	2025-10-06T13:56:06.1871666Z Adding repository directory to the temporary git global config as a safe directory
handle_failure	Post Checkout code	2025-10-06T13:56:06.1885996Z [command]/usr/bin/git config --global --add safe.directory /home/runner/_work/ka0s/ka0s
handle_failure	Post Checkout code	2025-10-06T13:56:06.2070500Z [command]/usr/bin/git config --local --name-only --get-regexp core\.sshCommand
handle_failure	Post Checkout code	2025-10-06T13:56:06.2144469Z [command]/usr/bin/git submodule foreach --recursive sh -c "git config --local --name-only --get-regexp 'core\.sshCommand' && git config --local --unset-all 'core.sshCommand' || :"
handle_failure	Post Checkout code	2025-10-06T13:56:06.2677252Z [command]/usr/bin/git config --local --name-only --get-regexp http\.https\:\/\/github\.com\/\.extraheader
handle_failure	Post Checkout code	2025-10-06T13:56:06.2725774Z http.https://github.com/.extraheader
handle_failure	Post Checkout code	2025-10-06T13:56:06.2751651Z [command]/usr/bin/git config --local --unset-all http.https://github.com/.extraheader
handle_failure	Post Checkout code	2025-10-06T13:56:06.2813514Z [command]/usr/bin/git submodule foreach --recursive sh -c "git config --local --name-only --get-regexp 'http\.https\:\/\/github\.com\/\.extraheader' && git config --local --unset-all 'http.https://github.com/.extraheader' || :"
handle_failure	Complete job	ï»¿2025-10-06T13:56:06.3233185Z Cleaning up orphan processes
end-workflow	Set up job	ï»¿2025-10-06T13:56:11.8712853Z Current runner version: '2.328.0'
end-workflow	Set up job	2025-10-06T13:56:11.8720328Z Runner name: '77bd381c0788'
end-workflow	Set up job	2025-10-06T13:56:11.8721122Z Runner group name: 'swarm-runners'
end-workflow	Set up job	2025-10-06T13:56:11.8722146Z Machine name: '77bd381c0788'
end-workflow	Set up job	2025-10-06T13:56:11.8725516Z ##[group]GITHUB_TOKEN Permissions
end-workflow	Set up job	2025-10-06T13:56:11.8728981Z Actions: write
end-workflow	Set up job	2025-10-06T13:56:11.8729435Z Contents: write
end-workflow	Set up job	2025-10-06T13:56:11.8729845Z Issues: write
end-workflow	Set up job	2025-10-06T13:56:11.8730237Z Metadata: read
end-workflow	Set up job	2025-10-06T13:56:11.8730627Z ##[endgroup]
end-workflow	Set up job	2025-10-06T13:56:11.8732708Z Secret source: Actions
end-workflow	Set up job	2025-10-06T13:56:11.8733301Z Prepare workflow directory
end-workflow	Set up job	2025-10-06T13:56:11.9321762Z Prepare all required actions
end-workflow	Set up job	2025-10-06T13:56:11.9361450Z Getting action download info
end-workflow	Set up job	2025-10-06T13:56:12.5036488Z Download action repository 'actions/checkout@v4' (SHA:08eba0b27e820071cde6df949e0beb9ba4906955)
end-workflow	Set up job	2025-10-06T13:56:13.4220373Z Complete job name: end-workflow
end-workflow	Checkout code	ï»¿2025-10-06T13:56:13.4800612Z ##[group]Run actions/checkout@v4
end-workflow	Checkout code	2025-10-06T13:56:13.4801650Z with:
end-workflow	Checkout code	2025-10-06T13:56:13.4802177Z   fetch-depth: 0
end-workflow	Checkout code	2025-10-06T13:56:13.4802914Z   token: ***
end-workflow	Checkout code	2025-10-06T13:56:13.4803382Z   repository: Ka0s-Klaus/ka0s
end-workflow	Checkout code	2025-10-06T13:56:13.4803919Z   ssh-strict: true
end-workflow	Checkout code	2025-10-06T13:56:13.4804378Z   ssh-user: git
end-workflow	Checkout code	2025-10-06T13:56:13.4804847Z   persist-credentials: true
end-workflow	Checkout code	2025-10-06T13:56:13.4805361Z   clean: true
end-workflow	Checkout code	2025-10-06T13:56:13.4805831Z   sparse-checkout-cone-mode: true
end-workflow	Checkout code	2025-10-06T13:56:13.4806419Z   fetch-tags: false
end-workflow	Checkout code	2025-10-06T13:56:13.4806890Z   show-progress: true
end-workflow	Checkout code	2025-10-06T13:56:13.4807440Z   lfs: false
end-workflow	Checkout code	2025-10-06T13:56:13.4808180Z   submodules: false
end-workflow	Checkout code	2025-10-06T13:56:13.4808682Z   set-safe-directory: true
end-workflow	Checkout code	2025-10-06T13:56:13.4809472Z env:
end-workflow	Checkout code	2025-10-06T13:56:13.4809932Z   KAOS_MODULE: [Ka0S] VERSION
end-workflow	Checkout code	2025-10-06T13:56:13.4810646Z   GH_TOKEN: ***
end-workflow	Checkout code	2025-10-06T13:56:13.4811133Z   PATH_RESUME: core/config/
end-workflow	Checkout code	2025-10-06T13:56:13.4811712Z   KAOS_REPO: /actions-runner/_work/kaos/kaos
end-workflow	Checkout code	2025-10-06T13:56:13.4812338Z   KAOS_STEP_MODULE: 
end-workflow	Checkout code	2025-10-06T13:56:13.4812860Z   KAOS_CODE: 18283231500
end-workflow	Checkout code	2025-10-06T13:56:13.4813375Z   GH_VERSION: 
end-workflow	Checkout code	2025-10-06T13:56:13.4834492Z ##[endgroup]
end-workflow	Checkout code	2025-10-06T13:56:13.5983794Z Syncing repository: Ka0s-Klaus/ka0s
end-workflow	Checkout code	2025-10-06T13:56:13.5985841Z ##[group]Getting Git version info
end-workflow	Checkout code	2025-10-06T13:56:13.5986602Z Working directory is '/home/runner/_work/ka0s/ka0s'
end-workflow	Checkout code	2025-10-06T13:56:13.5987929Z [command]/usr/bin/git version
end-workflow	Checkout code	2025-10-06T13:56:13.5988643Z git version 2.51.0
end-workflow	Checkout code	2025-10-06T13:56:13.6006385Z ##[endgroup]
end-workflow	Checkout code	2025-10-06T13:56:13.6032581Z Copying '/home/runner/.gitconfig' to '/home/runner/_work/_temp/115a9b6f-b373-409a-bc79-3d92a01c4593/.gitconfig'
end-workflow	Checkout code	2025-10-06T13:56:13.6044731Z Temporarily overriding HOME='/home/runner/_work/_temp/115a9b6f-b373-409a-bc79-3d92a01c4593' before making global git config changes
end-workflow	Checkout code	2025-10-06T13:56:13.6046638Z Adding repository directory to the temporary git global config as a safe directory
end-workflow	Checkout code	2025-10-06T13:56:13.6049181Z [command]/usr/bin/git config --global --add safe.directory /home/runner/_work/ka0s/ka0s
end-workflow	Checkout code	2025-10-06T13:56:13.6093590Z [command]/usr/bin/git config --local --get remote.origin.url
end-workflow	Checkout code	2025-10-06T13:56:13.6116834Z https://github.com/Ka0s-Klaus/ka0s
end-workflow	Checkout code	2025-10-06T13:56:13.6138037Z ##[group]Removing previously created refs, to avoid conflicts
end-workflow	Checkout code	2025-10-06T13:56:13.6142974Z [command]/usr/bin/git rev-parse --symbolic-full-name --verify --quiet HEAD
end-workflow	Checkout code	2025-10-06T13:56:13.6166137Z HEAD
end-workflow	Checkout code	2025-10-06T13:56:13.6212253Z ##[endgroup]
end-workflow	Checkout code	2025-10-06T13:56:13.6213232Z [command]/usr/bin/git submodule status
end-workflow	Checkout code	2025-10-06T13:56:13.6462756Z ##[group]Cleaning the repository
end-workflow	Checkout code	2025-10-06T13:56:13.6465884Z [command]/usr/bin/git clean -ffdx
end-workflow	Checkout code	2025-10-06T13:56:13.6530431Z [command]/usr/bin/git reset --hard HEAD
end-workflow	Checkout code	2025-10-06T13:56:13.6628122Z HEAD is now at 771ca149 Merge 2a4192f887e5f977fdfc7dd81c550c5c1a3fd7b2 into b76deb3d797c6e60e2d702b1390b9f0beb91fc5c
end-workflow	Checkout code	2025-10-06T13:56:13.6634063Z ##[endgroup]
end-workflow	Checkout code	2025-10-06T13:56:13.6635203Z ##[group]Disabling automatic garbage collection
end-workflow	Checkout code	2025-10-06T13:56:13.6641510Z [command]/usr/bin/git config --local gc.auto 0
end-workflow	Checkout code	2025-10-06T13:56:13.6673086Z ##[endgroup]
end-workflow	Checkout code	2025-10-06T13:56:13.6674411Z ##[group]Setting up auth
end-workflow	Checkout code	2025-10-06T13:56:13.6680017Z [command]/usr/bin/git config --local --name-only --get-regexp core\.sshCommand
end-workflow	Checkout code	2025-10-06T13:56:13.6715121Z [command]/usr/bin/git submodule foreach --recursive sh -c "git config --local --name-only --get-regexp 'core\.sshCommand' && git config --local --unset-all 'core.sshCommand' || :"
end-workflow	Checkout code	2025-10-06T13:56:13.6971874Z [command]/usr/bin/git config --local --name-only --get-regexp http\.https\:\/\/github\.com\/\.extraheader
end-workflow	Checkout code	2025-10-06T13:56:13.7005217Z [command]/usr/bin/git submodule foreach --recursive sh -c "git config --local --name-only --get-regexp 'http\.https\:\/\/github\.com\/\.extraheader' && git config --local --unset-all 'http.https://github.com/.extraheader' || :"
end-workflow	Checkout code	2025-10-06T13:56:13.7267909Z [command]/usr/bin/git config --local http.https://github.com/.extraheader AUTHORIZATION: basic ***
end-workflow	Checkout code	2025-10-06T13:56:13.7313761Z ##[endgroup]
end-workflow	Checkout code	2025-10-06T13:56:13.7315124Z ##[group]Fetching the repository
end-workflow	Checkout code	2025-10-06T13:56:13.7323512Z [command]/usr/bin/git -c protocol.version=2 fetch --prune --no-recurse-submodules origin +refs/heads/*:refs/remotes/origin/* +refs/tags/*:refs/tags/* +771ca149c987908fc78b6b6e0736dfeda5995c51:refs/remotes/pull/1648/merge
end-workflow	Checkout code	2025-10-06T13:56:14.3910233Z ##[endgroup]
end-workflow	Checkout code	2025-10-06T13:56:14.3912238Z ##[group]Determining the checkout info
end-workflow	Checkout code	2025-10-06T13:56:14.3913766Z ##[endgroup]
end-workflow	Checkout code	2025-10-06T13:56:14.3916191Z [command]/usr/bin/git sparse-checkout disable
end-workflow	Checkout code	2025-10-06T13:56:14.3987813Z [command]/usr/bin/git config --local --unset-all extensions.worktreeConfig
end-workflow	Checkout code	2025-10-06T13:56:14.4021823Z ##[group]Checking out the ref
end-workflow	Checkout code	2025-10-06T13:56:14.4024549Z [command]/usr/bin/git checkout --progress --force refs/remotes/pull/1648/merge
end-workflow	Checkout code	2025-10-06T13:56:14.4097073Z HEAD is now at 771ca149 Merge 2a4192f887e5f977fdfc7dd81c550c5c1a3fd7b2 into b76deb3d797c6e60e2d702b1390b9f0beb91fc5c
end-workflow	Checkout code	2025-10-06T13:56:14.4102694Z ##[endgroup]
end-workflow	Checkout code	2025-10-06T13:56:14.4142292Z [command]/usr/bin/git log -1 --format=%H
end-workflow	Checkout code	2025-10-06T13:56:14.4169456Z 771ca149c987908fc78b6b6e0736dfeda5995c51
end-workflow	Finaliza el workflow	ï»¿2025-10-06T13:56:14.4433821Z ##[group]Run echo "End process"
end-workflow	Finaliza el workflow	2025-10-06T13:56:14.4435301Z [36;1mecho "End process"[0m
end-workflow	Finaliza el workflow	2025-10-06T13:56:14.4436843Z [36;1mRNNUMBER=$(echo "refs/pull/1648/merge" | grep -o '[0-9]*')[0m
end-workflow	Finaliza el workflow	2025-10-06T13:56:14.4439089Z [36;1mgh issue comment $RNNUMBER --body "Se finaliza Ka0s 18283231500"[0m
end-workflow	Finaliza el workflow	2025-10-06T13:56:14.4442197Z [36;1mgh workflow run inspector.yml --ref 'main' -f kaos-issue-id=$RNNUMBER -f kaos-workflow-id="18283231500" -f kaos-user-start=""[0m
end-workflow	Finaliza el workflow	2025-10-06T13:56:14.4458709Z shell: /usr/bin/bash -e {0}
end-workflow	Finaliza el workflow	2025-10-06T13:56:14.4459852Z env:
end-workflow	Finaliza el workflow	2025-10-06T13:56:14.4460714Z   KAOS_MODULE: [Ka0S] VERSION
end-workflow	Finaliza el workflow	2025-10-06T13:56:14.4462310Z   GH_TOKEN: ***
end-workflow	Finaliza el workflow	2025-10-06T13:56:14.4527456Z   PATH_RESUME: core/config/
end-workflow	Finaliza el workflow	2025-10-06T13:56:14.4529067Z   KAOS_REPO: /actions-runner/_work/kaos/kaos
end-workflow	Finaliza el workflow	2025-10-06T13:56:14.4530371Z   KAOS_STEP_MODULE: 
end-workflow	Finaliza el workflow	2025-10-06T13:56:14.4531330Z   KAOS_CODE: 18283231500
end-workflow	Finaliza el workflow	2025-10-06T13:56:14.4532311Z   GH_VERSION: 
end-workflow	Finaliza el workflow	2025-10-06T13:56:14.4533181Z ##[endgroup]
end-workflow	Finaliza el workflow	2025-10-06T13:56:14.4600658Z End process
end-workflow	Finaliza el workflow	2025-10-06T13:56:15.5975894Z https://github.com/Ka0s-Klaus/ka0s/pull/1648#issuecomment-3371804202
end-workflow	Post Checkout code	ï»¿2025-10-06T13:56:16.3124517Z Post job cleanup.
end-workflow	Post Checkout code	2025-10-06T13:56:16.4121152Z [command]/usr/bin/git version
end-workflow	Post Checkout code	2025-10-06T13:56:16.4161715Z git version 2.51.0
end-workflow	Post Checkout code	2025-10-06T13:56:16.4201875Z Copying '/home/runner/.gitconfig' to '/home/runner/_work/_temp/8ae151de-c781-4051-87ec-c5c90ac1f983/.gitconfig'
end-workflow	Post Checkout code	2025-10-06T13:56:16.4214418Z Temporarily overriding HOME='/home/runner/_work/_temp/8ae151de-c781-4051-87ec-c5c90ac1f983' before making global git config changes
end-workflow	Post Checkout code	2025-10-06T13:56:16.4215451Z Adding repository directory to the temporary git global config as a safe directory
end-workflow	Post Checkout code	2025-10-06T13:56:16.4219975Z [command]/usr/bin/git config --global --add safe.directory /home/runner/_work/ka0s/ka0s
end-workflow	Post Checkout code	2025-10-06T13:56:16.4260595Z [command]/usr/bin/git config --local --name-only --get-regexp core\.sshCommand
end-workflow	Post Checkout code	2025-10-06T13:56:16.4298325Z [command]/usr/bin/git submodule foreach --recursive sh -c "git config --local --name-only --get-regexp 'core\.sshCommand' && git config --local --unset-all 'core.sshCommand' || :"
end-workflow	Post Checkout code	2025-10-06T13:56:16.4557669Z [command]/usr/bin/git config --local --name-only --get-regexp http\.https\:\/\/github\.com\/\.extraheader
end-workflow	Post Checkout code	2025-10-06T13:56:16.4582884Z http.https://github.com/.extraheader
end-workflow	Post Checkout code	2025-10-06T13:56:16.4595487Z [command]/usr/bin/git config --local --unset-all http.https://github.com/.extraheader
end-workflow	Post Checkout code	2025-10-06T13:56:16.4633807Z [command]/usr/bin/git submodule foreach --recursive sh -c "git config --local --name-only --get-regexp 'http\.https\:\/\/github\.com\/\.extraheader' && git config --local --unset-all 'http.https://github.com/.extraheader' || :"
end-workflow	Complete job	ï»¿2025-10-06T13:56:16.5029599Z Cleaning up orphan processes
