job-core	Set up job	﻿2025-10-07T08:42:48.3632629Z Current runner version: '2.328.0'
job-core	Set up job	2025-10-07T08:42:48.3640739Z Runner name: 'e05e27384e83'
job-core	Set up job	2025-10-07T08:42:48.3641716Z Runner group name: 'swarm-runners'
job-core	Set up job	2025-10-07T08:42:48.3642784Z Machine name: 'e05e27384e83'
job-core	Set up job	2025-10-07T08:42:48.3646308Z ##[group]GITHUB_TOKEN Permissions
job-core	Set up job	2025-10-07T08:42:48.3649115Z Actions: write
job-core	Set up job	2025-10-07T08:42:48.3649844Z Contents: write
job-core	Set up job	2025-10-07T08:42:48.3650464Z Issues: write
job-core	Set up job	2025-10-07T08:42:48.3651025Z Metadata: read
job-core	Set up job	2025-10-07T08:42:48.3651718Z PullRequests: write
job-core	Set up job	2025-10-07T08:42:48.3652295Z ##[endgroup]
job-core	Set up job	2025-10-07T08:42:48.3654681Z Secret source: Actions
job-core	Set up job	2025-10-07T08:42:48.3655600Z Prepare workflow directory
job-core	Set up job	2025-10-07T08:42:48.4399876Z Prepare all required actions
job-core	Set up job	2025-10-07T08:42:48.4449499Z Getting action download info
job-core	Set up job	2025-10-07T08:42:48.9649193Z Download action repository 'actions/checkout@v4' (SHA:08eba0b27e820071cde6df949e0beb9ba4906955)
job-core	Set up job	2025-10-07T08:42:49.6829632Z Download action repository 'actions/setup-node@v2' (SHA:7c12f8017d5436eb855f1ed4399f037a36fbd9e8)
job-core	Set up job	2025-10-07T08:42:50.5922422Z Complete job name: job-core
job-core	Checkout code	﻿2025-10-07T08:42:50.6664838Z ##[group]Run actions/checkout@v4
job-core	Checkout code	2025-10-07T08:42:50.6666438Z with:
job-core	Checkout code	2025-10-07T08:42:50.6667458Z   fetch-depth: 0
job-core	Checkout code	2025-10-07T08:42:50.6669017Z   token: ***
job-core	Checkout code	2025-10-07T08:42:50.6669988Z   repository: Ka0s-Klaus/ka0s
job-core	Checkout code	2025-10-07T08:42:50.6671399Z   ssh-strict: true
job-core	Checkout code	2025-10-07T08:42:50.6672242Z   ssh-user: git
job-core	Checkout code	2025-10-07T08:42:50.6673402Z   persist-credentials: true
job-core	Checkout code	2025-10-07T08:42:50.6674363Z   clean: true
job-core	Checkout code	2025-10-07T08:42:50.6675223Z   sparse-checkout-cone-mode: true
job-core	Checkout code	2025-10-07T08:42:50.6676276Z   fetch-tags: false
job-core	Checkout code	2025-10-07T08:42:50.6677150Z   show-progress: true
job-core	Checkout code	2025-10-07T08:42:50.6678370Z   lfs: false
job-core	Checkout code	2025-10-07T08:42:50.6679203Z   submodules: false
job-core	Checkout code	2025-10-07T08:42:50.6680257Z   set-safe-directory: true
job-core	Checkout code	2025-10-07T08:42:50.6681846Z env:
job-core	Checkout code	2025-10-07T08:42:50.6682702Z   KAOS_MODULE: [Ka0S] JSONLINT
job-core	Checkout code	2025-10-07T08:42:50.6684149Z   GH_TOKEN: ***
job-core	Checkout code	2025-10-07T08:42:50.6685140Z   KAOS_JSONLINT_CONFIG: core/config/.jsonlint.json
job-core	Checkout code	2025-10-07T08:42:50.6686473Z   KAOS_PATH_RESUME: audit/jsonlint/
job-core	Checkout code	2025-10-07T08:42:50.6687928Z   KAOS_REPO: /actions-runner/_work/kaos/kaos
job-core	Checkout code	2025-10-07T08:42:50.6689103Z   KAOS_STEP_MODULE: 
job-core	Checkout code	2025-10-07T08:42:50.6689991Z   KAOS_CODE: 18307074832
job-core	Checkout code	2025-10-07T08:42:50.6690904Z   KAOS_REF_BRANCH: main
job-core	Checkout code	2025-10-07T08:42:50.6691757Z ##[endgroup]
job-core	Checkout code	2025-10-07T08:42:50.8155174Z Syncing repository: Ka0s-Klaus/ka0s
job-core	Checkout code	2025-10-07T08:42:50.8158372Z ##[group]Getting Git version info
job-core	Checkout code	2025-10-07T08:42:50.8159618Z Working directory is '/home/runner/_work/ka0s/ka0s'
job-core	Checkout code	2025-10-07T08:42:50.8161561Z [command]/usr/bin/git version
job-core	Checkout code	2025-10-07T08:42:50.8162511Z git version 2.51.0
job-core	Checkout code	2025-10-07T08:42:50.8165979Z ##[endgroup]
job-core	Checkout code	2025-10-07T08:42:50.8175441Z Temporarily overriding HOME='/home/runner/_work/_temp/6b6ea268-5ed3-4828-8eee-9f6d843ad598' before making global git config changes
job-core	Checkout code	2025-10-07T08:42:50.8184229Z Adding repository directory to the temporary git global config as a safe directory
job-core	Checkout code	2025-10-07T08:42:50.8189531Z [command]/usr/bin/git config --global --add safe.directory /home/runner/_work/ka0s/ka0s
job-core	Checkout code	2025-10-07T08:42:50.8203393Z [command]/usr/bin/git config --local --get remote.origin.url
job-core	Checkout code	2025-10-07T08:42:50.8228729Z https://github.com/Ka0s-Klaus/ka0s
job-core	Checkout code	2025-10-07T08:42:50.8249193Z ##[group]Removing previously created refs, to avoid conflicts
job-core	Checkout code	2025-10-07T08:42:50.8257045Z [command]/usr/bin/git rev-parse --symbolic-full-name --verify --quiet HEAD
job-core	Checkout code	2025-10-07T08:42:50.8279021Z refs/heads/H1646-modulo-de-control-de-runners
job-core	Checkout code	2025-10-07T08:42:50.8291350Z [command]/usr/bin/git checkout --detach
job-core	Checkout code	2025-10-07T08:42:50.8382412Z HEAD is now at 69f923cc [Ka0S] Uploading resume execution files to the repository...
job-core	Checkout code	2025-10-07T08:42:50.8443678Z [command]/usr/bin/git branch --delete --force H1646-modulo-de-control-de-runners
job-core	Checkout code	2025-10-07T08:42:50.8474160Z Deleted branch H1646-modulo-de-control-de-runners (was 69f923cc).
job-core	Checkout code	2025-10-07T08:42:50.8563460Z ##[endgroup]
job-core	Checkout code	2025-10-07T08:42:50.8564501Z [command]/usr/bin/git submodule status
job-core	Checkout code	2025-10-07T08:42:50.8819319Z ##[group]Cleaning the repository
job-core	Checkout code	2025-10-07T08:42:50.8821629Z [command]/usr/bin/git clean -ffdx
job-core	Checkout code	2025-10-07T08:42:50.8877816Z Removing audit/jsonlint/jsonlint-results-18307072972.txt
job-core	Checkout code	2025-10-07T08:42:50.8893057Z [command]/usr/bin/git reset --hard HEAD
job-core	Checkout code	2025-10-07T08:42:50.8971100Z HEAD is now at 69f923cc [Ka0S] Uploading resume execution files to the repository...
job-core	Checkout code	2025-10-07T08:42:50.8980628Z ##[endgroup]
job-core	Checkout code	2025-10-07T08:42:50.8982195Z ##[group]Disabling automatic garbage collection
job-core	Checkout code	2025-10-07T08:42:50.8983545Z [command]/usr/bin/git config --local gc.auto 0
job-core	Checkout code	2025-10-07T08:42:50.9014133Z ##[endgroup]
job-core	Checkout code	2025-10-07T08:42:50.9015939Z ##[group]Setting up auth
job-core	Checkout code	2025-10-07T08:42:50.9029816Z [command]/usr/bin/git config --local --name-only --get-regexp core\.sshCommand
job-core	Checkout code	2025-10-07T08:42:50.9064805Z [command]/usr/bin/git submodule foreach --recursive sh -c "git config --local --name-only --get-regexp 'core\.sshCommand' && git config --local --unset-all 'core.sshCommand' || :"
job-core	Checkout code	2025-10-07T08:42:50.9312461Z [command]/usr/bin/git config --local --name-only --get-regexp http\.https\:\/\/github\.com\/\.extraheader
job-core	Checkout code	2025-10-07T08:42:50.9347183Z [command]/usr/bin/git submodule foreach --recursive sh -c "git config --local --name-only --get-regexp 'http\.https\:\/\/github\.com\/\.extraheader' && git config --local --unset-all 'http.https://github.com/.extraheader' || :"
job-core	Checkout code	2025-10-07T08:42:50.9595803Z [command]/usr/bin/git config --local http.https://github.com/.extraheader AUTHORIZATION: basic ***
job-core	Checkout code	2025-10-07T08:42:50.9637795Z ##[endgroup]
job-core	Checkout code	2025-10-07T08:42:50.9639942Z ##[group]Fetching the repository
job-core	Checkout code	2025-10-07T08:42:50.9647983Z [command]/usr/bin/git -c protocol.version=2 fetch --prune --no-recurse-submodules origin +refs/heads/*:refs/remotes/origin/* +refs/tags/*:refs/tags/*
job-core	Checkout code	2025-10-07T08:42:51.5169864Z [command]/usr/bin/git branch --list --remote origin/H1646-modulo-de-control-de-runners
job-core	Checkout code	2025-10-07T08:42:51.5228356Z   origin/H1646-modulo-de-control-de-runners
job-core	Checkout code	2025-10-07T08:42:51.5243643Z [command]/usr/bin/git rev-parse refs/remotes/origin/H1646-modulo-de-control-de-runners
job-core	Checkout code	2025-10-07T08:42:51.5279246Z 69f923ccbc01576fbbd9edf105ea5db34249540c
job-core	Checkout code	2025-10-07T08:42:51.5283306Z ##[endgroup]
job-core	Checkout code	2025-10-07T08:42:51.5285097Z ##[group]Determining the checkout info
job-core	Checkout code	2025-10-07T08:42:51.5286865Z ##[endgroup]
job-core	Checkout code	2025-10-07T08:42:51.5291046Z [command]/usr/bin/git sparse-checkout disable
job-core	Checkout code	2025-10-07T08:42:51.5469433Z [command]/usr/bin/git config --local --unset-all extensions.worktreeConfig
job-core	Checkout code	2025-10-07T08:42:51.5472629Z ##[group]Checking out the ref
job-core	Checkout code	2025-10-07T08:42:51.5475176Z [command]/usr/bin/git checkout --progress --force -B H1646-modulo-de-control-de-runners refs/remotes/origin/H1646-modulo-de-control-de-runners
job-core	Checkout code	2025-10-07T08:42:51.5519156Z Switched to a new branch 'H1646-modulo-de-control-de-runners'
job-core	Checkout code	2025-10-07T08:42:51.5526280Z branch 'H1646-modulo-de-control-de-runners' set up to track 'origin/H1646-modulo-de-control-de-runners'.
job-core	Checkout code	2025-10-07T08:42:51.5537278Z ##[endgroup]
job-core	Checkout code	2025-10-07T08:42:51.5581551Z [command]/usr/bin/git log -1 --format=%H
job-core	Checkout code	2025-10-07T08:42:51.5610587Z 69f923ccbc01576fbbd9edf105ea5db34249540c
job-core	Install Node.js	﻿2025-10-07T08:42:51.6072776Z ##[group]Run actions/setup-node@v2
job-core	Install Node.js	2025-10-07T08:42:51.6073867Z with:
job-core	Install Node.js	2025-10-07T08:42:51.6074605Z   node-version: 14
job-core	Install Node.js	2025-10-07T08:42:51.6075419Z   always-auth: false
job-core	Install Node.js	2025-10-07T08:42:51.6076256Z   check-latest: false
job-core	Install Node.js	2025-10-07T08:42:51.6077553Z   token: ***
job-core	Install Node.js	2025-10-07T08:42:51.6078290Z env:
job-core	Install Node.js	2025-10-07T08:42:51.6079042Z   KAOS_MODULE: [Ka0S] JSONLINT
job-core	Install Node.js	2025-10-07T08:42:51.6080236Z   GH_TOKEN: ***
job-core	Install Node.js	2025-10-07T08:42:51.6081248Z   KAOS_JSONLINT_CONFIG: core/config/.jsonlint.json
job-core	Install Node.js	2025-10-07T08:42:51.6082548Z   KAOS_PATH_RESUME: audit/jsonlint/
job-core	Install Node.js	2025-10-07T08:42:51.6083639Z   KAOS_REPO: /actions-runner/_work/kaos/kaos
job-core	Install Node.js	2025-10-07T08:42:51.6084752Z   KAOS_STEP_MODULE: 
job-core	Install Node.js	2025-10-07T08:42:51.6085715Z   KAOS_CODE: 18307074832
job-core	Install Node.js	2025-10-07T08:42:51.6086555Z   KAOS_REF_BRANCH: main
job-core	Install Node.js	2025-10-07T08:42:51.6087635Z ##[endgroup]
job-core	Install Node.js	2025-10-07T08:42:51.7653810Z Found in cache @ /home/runner/_work/_tool/node/14.21.3/x64
job-core	Install jsonlint	﻿2025-10-07T08:42:51.7966277Z ##[group]Run if ! command -v jsonlint &> /dev/null; then
job-core	Install jsonlint	2025-10-07T08:42:51.7968408Z [36;1mif ! command -v jsonlint &> /dev/null; then[0m
job-core	Install jsonlint	2025-10-07T08:42:51.7969534Z [36;1m  echo "Installing jsonlint..."[0m
job-core	Install jsonlint	2025-10-07T08:42:51.7970553Z [36;1m  npm install -g jsonlint[0m
job-core	Install jsonlint	2025-10-07T08:42:51.7971482Z [36;1melse[0m
job-core	Install jsonlint	2025-10-07T08:42:51.7972485Z [36;1m  echo "jsonlint already installed, skipping installation"[0m
job-core	Install jsonlint	2025-10-07T08:42:51.7973676Z [36;1mfi[0m
job-core	Install jsonlint	2025-10-07T08:42:51.7974422Z [36;1mmkdir -p audit/jsonlint/[0m
job-core	Install jsonlint	2025-10-07T08:42:51.7995548Z shell: /usr/bin/bash -e {0}
job-core	Install jsonlint	2025-10-07T08:42:51.7996480Z env:
job-core	Install jsonlint	2025-10-07T08:42:51.7997195Z   KAOS_MODULE: [Ka0S] JSONLINT
job-core	Install jsonlint	2025-10-07T08:42:51.7998784Z   GH_TOKEN: ***
job-core	Install jsonlint	2025-10-07T08:42:51.7999641Z   KAOS_JSONLINT_CONFIG: core/config/.jsonlint.json
job-core	Install jsonlint	2025-10-07T08:42:51.8000742Z   KAOS_PATH_RESUME: audit/jsonlint/
job-core	Install jsonlint	2025-10-07T08:42:51.8001743Z   KAOS_REPO: /actions-runner/_work/kaos/kaos
job-core	Install jsonlint	2025-10-07T08:42:51.8002743Z   KAOS_STEP_MODULE: 
job-core	Install jsonlint	2025-10-07T08:42:51.8003575Z   KAOS_CODE: 18307074832
job-core	Install jsonlint	2025-10-07T08:42:51.8004401Z   KAOS_REF_BRANCH: main
job-core	Install jsonlint	2025-10-07T08:42:51.8005165Z ##[endgroup]
job-core	Install jsonlint	2025-10-07T08:42:51.8107134Z jsonlint already installed, skipping installation
job-core	Check JSON	﻿2025-10-07T08:42:51.8277016Z ##[group]Run # Invocamos la primera comprobación de base, sino se supera el proceso no continua
job-core	Check JSON	2025-10-07T08:42:51.8279466Z [36;1m# Invocamos la primera comprobación de base, sino se supera el proceso no continua[0m
job-core	Check JSON	2025-10-07T08:42:51.8281067Z [36;1m# Extraemos el nombre del fichero[0m
job-core	Check JSON	2025-10-07T08:42:51.8282338Z [36;1mfile_name=$(basename "audit/inspector/18305623484.json")[0m
job-core	Check JSON	2025-10-07T08:42:51.8283673Z [36;1m# Generamos el fichero de resultados vacio[0m
job-core	Check JSON	2025-10-07T08:42:51.8285033Z [36;1mtouch audit/jsonlint/jsonlint-results-18307074832.txt[0m
job-core	Check JSON	2025-10-07T08:42:51.8286384Z [36;1m# Realizamos el check del documento json [0m
job-core	Check JSON	2025-10-07T08:42:51.8288521Z [36;1mjsonlint --pretty-print audit/inspector/18305623484.json > audit/jsonlint/jsonlint-results-18307074832.txt || true[0m
job-core	Check JSON	2025-10-07T08:42:51.8290605Z [36;1m# Check if exist errors in file[0m
job-core	Check JSON	2025-10-07T08:42:51.8291959Z [36;1mif [ ! -s audit/jsonlint/jsonlint-results-18307074832.txt ]; then[0m
job-core	Check JSON	2025-10-07T08:42:51.8293970Z [36;1m  echo "File audit/jsonlint/jsonlint-results-18307074832.txt is empty and is content correct"[0m
job-core	Check JSON	2025-10-07T08:42:51.8297956Z [36;1m  KAOS_ISSUE_BODY="The [Ka0S] JSONLINT process (18307053292) launch the check (18307074832) over file (audit/inspector/18305623484.json) and its result has been SUCCESS. Please review all files implicated in pull request and approve to merge"[0m
job-core	Check JSON	2025-10-07T08:42:51.8301550Z [36;1m  # Añadimos la versión de jsonlint con la que se realiza la comprobacion[0m
job-core	Check JSON	2025-10-07T08:42:51.8303312Z [36;1m  jsonlint --version >> audit/jsonlint/jsonlint-results-18307074832.txt[0m
job-core	Check JSON	2025-10-07T08:42:51.8304913Z [36;1m  # añadimos el nombre del fichero que vamos a comprobar[0m
job-core	Check JSON	2025-10-07T08:42:51.8306819Z [36;1m  echo "Finding: audit/inspector/18305623484.json" >> audit/jsonlint/jsonlint-results-18307074832.txt[0m
job-core	Check JSON	2025-10-07T08:42:51.8308755Z [36;1m  gh issue comment  1646 -b "$KAOS_ISSUE_BODY" [0m
job-core	Check JSON	2025-10-07T08:42:51.8309859Z [36;1melse[0m
job-core	Check JSON	2025-10-07T08:42:51.8310852Z [36;1m  cat audit/jsonlint/jsonlint-results-18307074832.txt[0m
job-core	Check JSON	2025-10-07T08:42:51.8313070Z [36;1m  echo "File audit/jsonlint/jsonlint-results-18307074832.txt is not empty and is content not correct and write commit info"[0m
job-core	Check JSON	2025-10-07T08:42:51.8316719Z [36;1m  KAOS_ISSUE_BODY="The [Ka0S] JSONLINT process (18307053292) launch the check (18307074832) over file (audit/inspector/18305623484.json) and its result has been FAILED, please check and solved it"[0m
job-core	Check JSON	2025-10-07T08:42:51.8319857Z [36;1m  # Añadimos la versión de jsonlint con la que se realiza la comprobacion[0m
job-core	Check JSON	2025-10-07T08:42:51.8321745Z [36;1m  jsonlint --version || true >> audit/jsonlint/jsonlint-results-18307074832.txt[0m
job-core	Check JSON	2025-10-07T08:42:51.8323544Z [36;1m  # añadimos el nombre del fichero que vamos a comprobar[0m
job-core	Check JSON	2025-10-07T08:42:51.8325507Z [36;1m  echo "Finding: audit/inspector/18305623484.json" >> audit/jsonlint/jsonlint-results-18307074832.txt[0m
job-core	Check JSON	2025-10-07T08:42:51.8327799Z [36;1m  gh issue comment  1646 -b "$KAOS_ISSUE_BODY" [0m
job-core	Check JSON	2025-10-07T08:42:51.8328924Z [36;1mfi[0m
job-core	Check JSON	2025-10-07T08:42:51.8329823Z [36;1mecho "Uploading files to the repository..."[0m
job-core	Check JSON	2025-10-07T08:42:51.8331404Z [36;1mgit config --global user.name "***"[0m
job-core	Check JSON	2025-10-07T08:42:51.8332636Z [36;1mgit config --global user.email "***"[0m
job-core	Check JSON	2025-10-07T08:42:51.8333716Z [36;1mgit pull --rebase[0m
job-core	Check JSON	2025-10-07T08:42:51.8334628Z [36;1mgit add audit/jsonlint/*[0m
job-core	Check JSON	2025-10-07T08:42:51.8335646Z [36;1mif ! git diff --staged --quiet; then[0m
job-core	Check JSON	2025-10-07T08:42:51.8337218Z [36;1m  git commit -m "[Ka0S] Uploading jsonlint resume execution files to the repository..."[0m
job-core	Check JSON	2025-10-07T08:42:51.8339342Z [36;1m  git push origin refs/heads/H1646-modulo-de-control-de-runners --force-with-lease[0m
job-core	Check JSON	2025-10-07T08:42:51.8340856Z [36;1mfi[0m
job-core	Check JSON	2025-10-07T08:42:51.8351901Z shell: /usr/bin/bash -e {0}
job-core	Check JSON	2025-10-07T08:42:51.8352845Z env:
job-core	Check JSON	2025-10-07T08:42:51.8353640Z   KAOS_MODULE: [Ka0S] JSONLINT
job-core	Check JSON	2025-10-07T08:42:51.8355009Z   GH_TOKEN: ***
job-core	Check JSON	2025-10-07T08:42:51.8355977Z   KAOS_JSONLINT_CONFIG: core/config/.jsonlint.json
job-core	Check JSON	2025-10-07T08:42:51.8357548Z   KAOS_PATH_RESUME: audit/jsonlint/
job-core	Check JSON	2025-10-07T08:42:51.8358594Z   KAOS_REPO: /actions-runner/_work/kaos/kaos
job-core	Check JSON	2025-10-07T08:42:51.8359616Z   KAOS_STEP_MODULE: 
job-core	Check JSON	2025-10-07T08:42:51.8360429Z   KAOS_CODE: 18307074832
job-core	Check JSON	2025-10-07T08:42:51.8361272Z   KAOS_REF_BRANCH: main
job-core	Check JSON	2025-10-07T08:42:51.8362082Z ##[endgroup]
job-core	Check JSON	2025-10-07T08:42:51.9565176Z internal/fs/utils.js:332
job-core	Check JSON	2025-10-07T08:42:51.9566410Z     throw err;
job-core	Check JSON	2025-10-07T08:42:51.9567910Z     ^
job-core	Check JSON	2025-10-07T08:42:51.9571483Z 
job-core	Check JSON	2025-10-07T08:42:51.9572764Z Error: ENOENT: no such file or directory, open 'audit/inspector/18305623484.json'
job-core	Check JSON	2025-10-07T08:42:51.9580367Z     at Object.openSync (fs.js:498:3)
job-core	Check JSON	2025-10-07T08:42:51.9581503Z     at Object.readFileSync (fs.js:394:35)
job-core	Check JSON	2025-10-07T08:42:51.9583191Z     at main (/home/runner/_work/_tool/node/14.21.3/x64/lib/node_modules/jsonlint/lib/cli.js:135:23)
job-core	Check JSON	2025-10-07T08:42:51.9585654Z     at Object.<anonymous> (/home/runner/_work/_tool/node/14.21.3/x64/lib/node_modules/jsonlint/lib/cli.js:179:1)
job-core	Check JSON	2025-10-07T08:42:51.9587789Z     at Module._compile (internal/modules/cjs/loader.js:1114:14)
job-core	Check JSON	2025-10-07T08:42:51.9589539Z     at Object.Module._extensions..js (internal/modules/cjs/loader.js:1143:10)
job-core	Check JSON	2025-10-07T08:42:51.9591203Z     at Module.load (internal/modules/cjs/loader.js:979:32)
job-core	Check JSON	2025-10-07T08:42:51.9592759Z     at Function.Module._load (internal/modules/cjs/loader.js:819:12)
job-core	Check JSON	2025-10-07T08:42:51.9594725Z     at Function.executeUserEntryPoint [as runMain] (internal/modules/run_main.js:75:12)
job-core	Check JSON	2025-10-07T08:42:51.9596551Z     at internal/main/run_main_module.js:17:47 {
job-core	Check JSON	2025-10-07T08:42:51.9597729Z   errno: -2,
job-core	Check JSON	2025-10-07T08:42:51.9598520Z   syscall: 'open',
job-core	Check JSON	2025-10-07T08:42:51.9599353Z   code: 'ENOENT',
job-core	Check JSON	2025-10-07T08:42:51.9600289Z   path: 'audit/inspector/18305623484.json'
job-core	Check JSON	2025-10-07T08:42:51.9601413Z }
job-core	Check JSON	2025-10-07T08:42:51.9604101Z File audit/jsonlint/jsonlint-results-18307074832.txt is empty and is content correct
job-core	Check JSON	2025-10-07T08:42:52.0792381Z ##[error]Process completed with exit code 1.
job-core	Post Checkout code	﻿2025-10-07T08:42:52.1005688Z Post job cleanup.
job-core	Post Checkout code	2025-10-07T08:42:52.2066855Z [command]/usr/bin/git version
job-core	Post Checkout code	2025-10-07T08:42:52.2104037Z git version 2.51.0
job-core	Post Checkout code	2025-10-07T08:42:52.2154652Z Temporarily overriding HOME='/home/runner/_work/_temp/e8484633-7c29-49aa-baa2-5bb7dd67f1b8' before making global git config changes
job-core	Post Checkout code	2025-10-07T08:42:52.2157804Z Adding repository directory to the temporary git global config as a safe directory
job-core	Post Checkout code	2025-10-07T08:42:52.2160273Z [command]/usr/bin/git config --global --add safe.directory /home/runner/_work/ka0s/ka0s
job-core	Post Checkout code	2025-10-07T08:42:52.2199256Z [command]/usr/bin/git config --local --name-only --get-regexp core\.sshCommand
job-core	Post Checkout code	2025-10-07T08:42:52.2239626Z [command]/usr/bin/git submodule foreach --recursive sh -c "git config --local --name-only --get-regexp 'core\.sshCommand' && git config --local --unset-all 'core.sshCommand' || :"
job-core	Post Checkout code	2025-10-07T08:42:52.2494294Z [command]/usr/bin/git config --local --name-only --get-regexp http\.https\:\/\/github\.com\/\.extraheader
job-core	Post Checkout code	2025-10-07T08:42:52.2519363Z http.https://github.com/.extraheader
job-core	Post Checkout code	2025-10-07T08:42:52.2531740Z [command]/usr/bin/git config --local --unset-all http.https://github.com/.extraheader
job-core	Post Checkout code	2025-10-07T08:42:52.2569692Z [command]/usr/bin/git submodule foreach --recursive sh -c "git config --local --name-only --get-regexp 'http\.https\:\/\/github\.com\/\.extraheader' && git config --local --unset-all 'http.https://github.com/.extraheader' || :"
job-core	Complete job	﻿2025-10-07T08:42:52.2968483Z Cleaning up orphan processes
handle_failure	Set up job	﻿2025-10-07T08:43:54.7086447Z Current runner version: '2.328.0'
handle_failure	Set up job	2025-10-07T08:43:54.7103154Z Runner name: '109e833b1ccd'
handle_failure	Set up job	2025-10-07T08:43:54.7104918Z Runner group name: 'swarm-runners'
handle_failure	Set up job	2025-10-07T08:43:54.7106895Z Machine name: '109e833b1ccd'
handle_failure	Set up job	2025-10-07T08:43:54.7114115Z ##[group]GITHUB_TOKEN Permissions
handle_failure	Set up job	2025-10-07T08:43:54.7118908Z Actions: write
handle_failure	Set up job	2025-10-07T08:43:54.7120418Z Contents: write
handle_failure	Set up job	2025-10-07T08:43:54.7121485Z Issues: write
handle_failure	Set up job	2025-10-07T08:43:54.7122831Z Metadata: read
handle_failure	Set up job	2025-10-07T08:43:54.7229164Z PullRequests: write
handle_failure	Set up job	2025-10-07T08:43:54.7250413Z ##[endgroup]
handle_failure	Set up job	2025-10-07T08:43:54.7255321Z Secret source: Actions
handle_failure	Set up job	2025-10-07T08:43:54.7256765Z Prepare workflow directory
handle_failure	Set up job	2025-10-07T08:43:54.9366355Z Prepare all required actions
handle_failure	Set up job	2025-10-07T08:43:54.9565846Z Getting action download info
handle_failure	Set up job	2025-10-07T08:43:55.6967126Z Download action repository 'actions/checkout@v4' (SHA:08eba0b27e820071cde6df949e0beb9ba4906955)
handle_failure	Set up job	2025-10-07T08:43:56.5692163Z Complete job name: handle_failure
handle_failure	Checkout code	﻿2025-10-07T08:43:56.6900132Z ##[group]Run actions/checkout@v4
handle_failure	Checkout code	2025-10-07T08:43:56.6901706Z with:
handle_failure	Checkout code	2025-10-07T08:43:56.6902284Z   fetch-depth: 0
handle_failure	Checkout code	2025-10-07T08:43:56.6904269Z   token: ***
handle_failure	Checkout code	2025-10-07T08:43:56.6904937Z   repository: Ka0s-Klaus/ka0s
handle_failure	Checkout code	2025-10-07T08:43:56.6905651Z   ssh-strict: true
handle_failure	Checkout code	2025-10-07T08:43:56.6906255Z   ssh-user: git
handle_failure	Checkout code	2025-10-07T08:43:56.6906887Z   persist-credentials: true
handle_failure	Checkout code	2025-10-07T08:43:56.6907591Z   clean: true
handle_failure	Checkout code	2025-10-07T08:43:56.6908340Z   sparse-checkout-cone-mode: true
handle_failure	Checkout code	2025-10-07T08:43:56.6909095Z   fetch-tags: false
handle_failure	Checkout code	2025-10-07T08:43:56.6910775Z   show-progress: true
handle_failure	Checkout code	2025-10-07T08:43:56.6914144Z   lfs: false
handle_failure	Checkout code	2025-10-07T08:43:56.6915859Z   submodules: false
handle_failure	Checkout code	2025-10-07T08:43:56.6918021Z   set-safe-directory: true
handle_failure	Checkout code	2025-10-07T08:43:56.6920652Z env:
handle_failure	Checkout code	2025-10-07T08:43:56.6921295Z   KAOS_MODULE: [Ka0S] JSONLINT
handle_failure	Checkout code	2025-10-07T08:43:56.6922313Z   GH_TOKEN: ***
handle_failure	Checkout code	2025-10-07T08:43:56.6923003Z   KAOS_JSONLINT_CONFIG: core/config/.jsonlint.json
handle_failure	Checkout code	2025-10-07T08:43:56.6923863Z   KAOS_PATH_RESUME: audit/jsonlint/
handle_failure	Checkout code	2025-10-07T08:43:56.6924742Z   KAOS_REPO: /actions-runner/_work/kaos/kaos
handle_failure	Checkout code	2025-10-07T08:43:56.6925556Z   KAOS_STEP_MODULE: 
handle_failure	Checkout code	2025-10-07T08:43:56.6926172Z   KAOS_CODE: 18307074832
handle_failure	Checkout code	2025-10-07T08:43:56.6926809Z   KAOS_REF_BRANCH: main
handle_failure	Checkout code	2025-10-07T08:43:56.6927427Z ##[endgroup]
handle_failure	Checkout code	2025-10-07T08:43:57.0774096Z Syncing repository: Ka0s-Klaus/ka0s
handle_failure	Checkout code	2025-10-07T08:43:57.0779413Z ##[group]Getting Git version info
handle_failure	Checkout code	2025-10-07T08:43:57.0781446Z Working directory is '/home/runner/_work/ka0s/ka0s'
handle_failure	Checkout code	2025-10-07T08:43:57.0784143Z [command]/usr/bin/git version
handle_failure	Checkout code	2025-10-07T08:43:57.0801953Z git version 2.51.0
handle_failure	Checkout code	2025-10-07T08:43:57.0893825Z ##[endgroup]
handle_failure	Checkout code	2025-10-07T08:43:57.0921552Z Copying '/home/runner/.gitconfig' to '/home/runner/_work/_temp/061ae7d1-5cdf-4e87-a840-5e652237f9c2/.gitconfig'
handle_failure	Checkout code	2025-10-07T08:43:57.0954235Z Temporarily overriding HOME='/home/runner/_work/_temp/061ae7d1-5cdf-4e87-a840-5e652237f9c2' before making global git config changes
handle_failure	Checkout code	2025-10-07T08:43:57.0970853Z Adding repository directory to the temporary git global config as a safe directory
handle_failure	Checkout code	2025-10-07T08:43:57.0995478Z [command]/usr/bin/git config --global --add safe.directory /home/runner/_work/ka0s/ka0s
handle_failure	Checkout code	2025-10-07T08:43:57.1151819Z [command]/usr/bin/git config --local --get remote.origin.url
handle_failure	Checkout code	2025-10-07T08:43:57.1249151Z https://github.com/Ka0s-Klaus/ka0s
handle_failure	Checkout code	2025-10-07T08:43:57.1406817Z ##[group]Removing previously created refs, to avoid conflicts
handle_failure	Checkout code	2025-10-07T08:43:57.1425576Z [command]/usr/bin/git rev-parse --symbolic-full-name --verify --quiet HEAD
handle_failure	Checkout code	2025-10-07T08:43:57.1618661Z refs/heads/main
handle_failure	Checkout code	2025-10-07T08:43:57.1691171Z [command]/usr/bin/git checkout --detach
handle_failure	Checkout code	2025-10-07T08:43:57.1903206Z HEAD is now at e840dd51 [Ka0S] Inspector uploading resume execution files to the repository...
handle_failure	Checkout code	2025-10-07T08:43:57.2113151Z [command]/usr/bin/git branch --delete --force main
handle_failure	Checkout code	2025-10-07T08:43:57.2223134Z Deleted branch main (was e840dd51).
handle_failure	Checkout code	2025-10-07T08:43:57.2642445Z ##[endgroup]
handle_failure	Checkout code	2025-10-07T08:43:57.2643787Z [command]/usr/bin/git submodule status
handle_failure	Checkout code	2025-10-07T08:43:57.3406874Z ##[group]Cleaning the repository
handle_failure	Checkout code	2025-10-07T08:43:57.3408536Z [command]/usr/bin/git clean -ffdx
handle_failure	Checkout code	2025-10-07T08:43:57.3550259Z [command]/usr/bin/git reset --hard HEAD
handle_failure	Checkout code	2025-10-07T08:43:57.3735778Z HEAD is now at e840dd51 [Ka0S] Inspector uploading resume execution files to the repository...
handle_failure	Checkout code	2025-10-07T08:43:57.3768612Z ##[endgroup]
handle_failure	Checkout code	2025-10-07T08:43:57.3794873Z ##[group]Disabling automatic garbage collection
handle_failure	Checkout code	2025-10-07T08:43:57.3797060Z [command]/usr/bin/git config --local gc.auto 0
handle_failure	Checkout code	2025-10-07T08:43:57.3838375Z ##[endgroup]
handle_failure	Checkout code	2025-10-07T08:43:57.3840164Z ##[group]Setting up auth
handle_failure	Checkout code	2025-10-07T08:43:57.3841975Z [command]/usr/bin/git config --local --name-only --get-regexp core\.sshCommand
handle_failure	Checkout code	2025-10-07T08:43:57.3904608Z [command]/usr/bin/git submodule foreach --recursive sh -c "git config --local --name-only --get-regexp 'core\.sshCommand' && git config --local --unset-all 'core.sshCommand' || :"
handle_failure	Checkout code	2025-10-07T08:43:57.4387983Z [command]/usr/bin/git config --local --name-only --get-regexp http\.https\:\/\/github\.com\/\.extraheader
handle_failure	Checkout code	2025-10-07T08:43:57.4434525Z [command]/usr/bin/git submodule foreach --recursive sh -c "git config --local --name-only --get-regexp 'http\.https\:\/\/github\.com\/\.extraheader' && git config --local --unset-all 'http.https://github.com/.extraheader' || :"
handle_failure	Checkout code	2025-10-07T08:43:57.4790587Z [command]/usr/bin/git config --local http.https://github.com/.extraheader AUTHORIZATION: basic ***
handle_failure	Checkout code	2025-10-07T08:43:57.4848114Z ##[endgroup]
handle_failure	Checkout code	2025-10-07T08:43:57.4850907Z ##[group]Fetching the repository
handle_failure	Checkout code	2025-10-07T08:43:57.4864987Z [command]/usr/bin/git -c protocol.version=2 fetch --prune --no-recurse-submodules origin +refs/heads/*:refs/remotes/origin/* +refs/tags/*:refs/tags/*
handle_failure	Checkout code	2025-10-07T08:43:58.2208261Z [command]/usr/bin/git branch --list --remote origin/H1646-modulo-de-control-de-runners
handle_failure	Checkout code	2025-10-07T08:43:58.2317920Z   origin/H1646-modulo-de-control-de-runners
handle_failure	Checkout code	2025-10-07T08:43:58.2359808Z [command]/usr/bin/git rev-parse refs/remotes/origin/H1646-modulo-de-control-de-runners
handle_failure	Checkout code	2025-10-07T08:43:58.2434163Z 2119942aa0e06048e59b6205cfc5a041673fa7b0
handle_failure	Checkout code	2025-10-07T08:43:58.2463285Z [command]/usr/bin/git -c protocol.version=2 fetch --no-tags --prune --no-recurse-submodules origin +69f923ccbc01576fbbd9edf105ea5db34249540c:refs/remotes/origin/H1646-modulo-de-control-de-runners
handle_failure	Checkout code	2025-10-07T08:43:58.2798985Z From https://github.com/Ka0s-Klaus/ka0s
handle_failure	Checkout code	2025-10-07T08:43:58.2813618Z  + 2119942a...69f923cc 69f923ccbc01576fbbd9edf105ea5db34249540c -> origin/H1646-modulo-de-control-de-runners  (forced update)
handle_failure	Checkout code	2025-10-07T08:43:58.2891179Z ##[endgroup]
handle_failure	Checkout code	2025-10-07T08:43:58.2905935Z ##[group]Determining the checkout info
handle_failure	Checkout code	2025-10-07T08:43:58.2910763Z ##[endgroup]
handle_failure	Checkout code	2025-10-07T08:43:58.2920260Z [command]/usr/bin/git sparse-checkout disable
handle_failure	Checkout code	2025-10-07T08:43:58.3060089Z [command]/usr/bin/git config --local --unset-all extensions.worktreeConfig
handle_failure	Checkout code	2025-10-07T08:43:58.3244426Z ##[group]Checking out the ref
handle_failure	Checkout code	2025-10-07T08:43:58.3250352Z [command]/usr/bin/git checkout --progress --force -B H1646-modulo-de-control-de-runners refs/remotes/origin/H1646-modulo-de-control-de-runners
handle_failure	Checkout code	2025-10-07T08:43:58.3817506Z Previous HEAD position was e840dd51 [Ka0S] Inspector uploading resume execution files to the repository...
handle_failure	Checkout code	2025-10-07T08:43:58.3852297Z Switched to a new branch 'H1646-modulo-de-control-de-runners'
handle_failure	Checkout code	2025-10-07T08:43:58.3892606Z branch 'H1646-modulo-de-control-de-runners' set up to track 'origin/H1646-modulo-de-control-de-runners'.
handle_failure	Checkout code	2025-10-07T08:43:58.3903510Z ##[endgroup]
handle_failure	Checkout code	2025-10-07T08:43:58.4013526Z [command]/usr/bin/git log -1 --format=%H
handle_failure	Checkout code	2025-10-07T08:43:58.4153206Z 69f923ccbc01576fbbd9edf105ea5db34249540c
handle_failure	handle-failure-execution	﻿2025-10-07T08:43:58.5162627Z ##[group]Run echo "Error detected in process"
handle_failure	handle-failure-execution	2025-10-07T08:43:58.5165911Z [36;1mecho "Error detected in process"[0m
handle_failure	handle-failure-execution	2025-10-07T08:43:58.5168706Z [36;1mecho "Created issue"[0m
handle_failure	handle-failure-execution	2025-10-07T08:43:58.5178594Z [36;1mgh issue create  --title "[Ka0S] Error detected in [Ka0S] JSONLINT" --label "bug" --body "Error detected in [Ka0S] JSONLINT. Please check the logs for 18307074832 more information of error."[0m
handle_failure	handle-failure-execution	2025-10-07T08:43:58.5185899Z [36;1mecho "Add comment to origin target"[0m
handle_failure	handle-failure-execution	2025-10-07T08:43:58.5192700Z [36;1mRNNUMBER=$(echo "refs/heads/H1646-modulo-de-control-de-runners" | grep -o '[0-9]*')[0m
handle_failure	handle-failure-execution	2025-10-07T08:43:58.5200345Z [36;1mgh issue comment $RNNUMBER --body "El proceso no ha finalizado correctamente 18307074832. El resultado está en el fichero 18307074832.log"[0m
handle_failure	handle-failure-execution	2025-10-07T08:43:58.5234321Z shell: /usr/bin/bash -e {0}
handle_failure	handle-failure-execution	2025-10-07T08:43:58.5236984Z env:
handle_failure	handle-failure-execution	2025-10-07T08:43:58.5238979Z   KAOS_MODULE: [Ka0S] JSONLINT
handle_failure	handle-failure-execution	2025-10-07T08:43:58.5242603Z   GH_TOKEN: ***
handle_failure	handle-failure-execution	2025-10-07T08:43:58.5245087Z   KAOS_JSONLINT_CONFIG: core/config/.jsonlint.json
handle_failure	handle-failure-execution	2025-10-07T08:43:58.5248208Z   KAOS_PATH_RESUME: audit/jsonlint/
handle_failure	handle-failure-execution	2025-10-07T08:43:58.5251101Z   KAOS_REPO: /actions-runner/_work/kaos/kaos
handle_failure	handle-failure-execution	2025-10-07T08:43:58.5253777Z   KAOS_STEP_MODULE: 
handle_failure	handle-failure-execution	2025-10-07T08:43:58.5255840Z   KAOS_CODE: 18307074832
handle_failure	handle-failure-execution	2025-10-07T08:43:58.5257973Z   KAOS_REF_BRANCH: main
handle_failure	handle-failure-execution	2025-10-07T08:43:58.5261166Z ##[endgroup]
handle_failure	handle-failure-execution	2025-10-07T08:43:58.5415013Z Error detected in process
handle_failure	handle-failure-execution	2025-10-07T08:43:58.5431387Z Created issue
handle_failure	handle-failure-execution	2025-10-07T08:43:59.8433005Z https://github.com/Ka0s-Klaus/ka0s/issues/1713
handle_failure	handle-failure-execution	2025-10-07T08:43:59.8441851Z Add comment to origin target
handle_failure	handle-failure-execution	2025-10-07T08:44:00.8652424Z https://github.com/Ka0s-Klaus/ka0s/issues/1646#issuecomment-3375821227
handle_failure	Post Checkout code	﻿2025-10-07T08:44:00.9119629Z Post job cleanup.
handle_failure	Post Checkout code	2025-10-07T08:44:01.1014650Z [command]/usr/bin/git version
handle_failure	Post Checkout code	2025-10-07T08:44:01.1065368Z git version 2.51.0
handle_failure	Post Checkout code	2025-10-07T08:44:01.1119956Z Copying '/home/runner/.gitconfig' to '/home/runner/_work/_temp/450205b5-27cf-443d-9f9f-4d173bfd85ae/.gitconfig'
handle_failure	Post Checkout code	2025-10-07T08:44:01.1138331Z Temporarily overriding HOME='/home/runner/_work/_temp/450205b5-27cf-443d-9f9f-4d173bfd85ae' before making global git config changes
handle_failure	Post Checkout code	2025-10-07T08:44:01.1139969Z Adding repository directory to the temporary git global config as a safe directory
handle_failure	Post Checkout code	2025-10-07T08:44:01.1154192Z [command]/usr/bin/git config --global --add safe.directory /home/runner/_work/ka0s/ka0s
handle_failure	Post Checkout code	2025-10-07T08:44:01.1218594Z [command]/usr/bin/git config --local --name-only --get-regexp core\.sshCommand
handle_failure	Post Checkout code	2025-10-07T08:44:01.1286222Z [command]/usr/bin/git submodule foreach --recursive sh -c "git config --local --name-only --get-regexp 'core\.sshCommand' && git config --local --unset-all 'core.sshCommand' || :"
handle_failure	Post Checkout code	2025-10-07T08:44:01.1648944Z [command]/usr/bin/git config --local --name-only --get-regexp http\.https\:\/\/github\.com\/\.extraheader
handle_failure	Post Checkout code	2025-10-07T08:44:01.1680440Z http.https://github.com/.extraheader
handle_failure	Post Checkout code	2025-10-07T08:44:01.1697751Z [command]/usr/bin/git config --local --unset-all http.https://github.com/.extraheader
handle_failure	Post Checkout code	2025-10-07T08:44:01.1746797Z [command]/usr/bin/git submodule foreach --recursive sh -c "git config --local --name-only --get-regexp 'http\.https\:\/\/github\.com\/\.extraheader' && git config --local --unset-all 'http.https://github.com/.extraheader' || :"
handle_failure	Complete job	﻿2025-10-07T08:44:01.2258498Z Cleaning up orphan processes
end-workflow	Set up job	﻿2025-10-07T08:45:09.9709532Z Current runner version: '2.328.0'
end-workflow	Set up job	2025-10-07T08:45:10.0138804Z Runner name: 'b67e0018e6c2'
end-workflow	Set up job	2025-10-07T08:45:10.0139827Z Runner group name: 'swarm-runners'
end-workflow	Set up job	2025-10-07T08:45:10.0140830Z Machine name: 'b67e0018e6c2'
end-workflow	Set up job	2025-10-07T08:45:10.0851474Z ##[group]GITHUB_TOKEN Permissions
end-workflow	Set up job	2025-10-07T08:45:10.0854301Z Actions: write
end-workflow	Set up job	2025-10-07T08:45:10.0854791Z Contents: write
end-workflow	Set up job	2025-10-07T08:45:10.0855219Z Issues: write
end-workflow	Set up job	2025-10-07T08:45:10.0855633Z Metadata: read
end-workflow	Set up job	2025-10-07T08:45:10.0856067Z PullRequests: write
end-workflow	Set up job	2025-10-07T08:45:10.0856503Z ##[endgroup]
end-workflow	Set up job	2025-10-07T08:45:10.0861903Z Secret source: Actions
end-workflow	Set up job	2025-10-07T08:45:10.0863078Z Prepare workflow directory
end-workflow	Set up job	2025-10-07T08:45:11.9475717Z Prepare all required actions
end-workflow	Set up job	2025-10-07T08:45:12.0186425Z Getting action download info
end-workflow	Set up job	2025-10-07T08:45:15.6488845Z Download action repository 'actions/checkout@v4' (SHA:08eba0b27e820071cde6df949e0beb9ba4906955)
end-workflow	Set up job	2025-10-07T08:45:18.0635353Z Complete job name: end-workflow
end-workflow	Checkout code	﻿2025-10-07T08:45:18.8698678Z ##[group]Run actions/checkout@v4
end-workflow	Checkout code	2025-10-07T08:45:18.8729492Z with:
end-workflow	Checkout code	2025-10-07T08:45:18.8730374Z   fetch-depth: 0
end-workflow	Checkout code	2025-10-07T08:45:18.8731282Z   token: ***
end-workflow	Checkout code	2025-10-07T08:45:18.8732085Z   repository: Ka0s-Klaus/ka0s
end-workflow	Checkout code	2025-10-07T08:45:18.8732733Z   ssh-strict: true
end-workflow	Checkout code	2025-10-07T08:45:18.8733226Z   ssh-user: git
end-workflow	Checkout code	2025-10-07T08:45:18.8733914Z   persist-credentials: true
end-workflow	Checkout code	2025-10-07T08:45:18.8734537Z   clean: true
end-workflow	Checkout code	2025-10-07T08:45:18.8735050Z   sparse-checkout-cone-mode: true
end-workflow	Checkout code	2025-10-07T08:45:18.8735819Z   fetch-tags: false
end-workflow	Checkout code	2025-10-07T08:45:18.8736404Z   show-progress: true
end-workflow	Checkout code	2025-10-07T08:45:18.8736919Z   lfs: false
end-workflow	Checkout code	2025-10-07T08:45:18.8788417Z   submodules: false
end-workflow	Checkout code	2025-10-07T08:45:18.8789200Z   set-safe-directory: true
end-workflow	Checkout code	2025-10-07T08:45:18.8790413Z env:
end-workflow	Checkout code	2025-10-07T08:45:18.8791343Z   KAOS_MODULE: [Ka0S] JSONLINT
end-workflow	Checkout code	2025-10-07T08:45:18.8792344Z   GH_TOKEN: ***
end-workflow	Checkout code	2025-10-07T08:45:18.8793051Z   KAOS_JSONLINT_CONFIG: core/config/.jsonlint.json
end-workflow	Checkout code	2025-10-07T08:45:18.8793795Z   KAOS_PATH_RESUME: audit/jsonlint/
end-workflow	Checkout code	2025-10-07T08:45:18.8794663Z   KAOS_REPO: /actions-runner/_work/kaos/kaos
end-workflow	Checkout code	2025-10-07T08:45:18.8795535Z   KAOS_STEP_MODULE: 
end-workflow	Checkout code	2025-10-07T08:45:18.8796071Z   KAOS_CODE: 18307074832
end-workflow	Checkout code	2025-10-07T08:45:18.8796675Z   KAOS_REF_BRANCH: main
end-workflow	Checkout code	2025-10-07T08:45:18.8797458Z ##[endgroup]
end-workflow	Checkout code	2025-10-07T08:45:21.1264742Z Syncing repository: Ka0s-Klaus/ka0s
end-workflow	Checkout code	2025-10-07T08:45:21.1267057Z ##[group]Getting Git version info
end-workflow	Checkout code	2025-10-07T08:45:21.1268473Z Working directory is '/home/runner/_work/ka0s/ka0s'
end-workflow	Checkout code	2025-10-07T08:45:21.3078602Z [command]/usr/bin/git version
end-workflow	Checkout code	2025-10-07T08:45:21.3149155Z git version 2.51.0
end-workflow	Checkout code	2025-10-07T08:45:21.3360283Z ##[endgroup]
end-workflow	Checkout code	2025-10-07T08:45:21.4304017Z Temporarily overriding HOME='/home/runner/_work/_temp/c2a17709-53f6-46d6-b0f1-f1f9dbcc9e7c' before making global git config changes
end-workflow	Checkout code	2025-10-07T08:45:21.4306563Z Adding repository directory to the temporary git global config as a safe directory
end-workflow	Checkout code	2025-10-07T08:45:21.4404917Z [command]/usr/bin/git config --global --add safe.directory /home/runner/_work/ka0s/ka0s
end-workflow	Checkout code	2025-10-07T08:45:21.4962109Z Deleting the contents of '/home/runner/_work/ka0s/ka0s'
end-workflow	Checkout code	2025-10-07T08:45:21.5066267Z ##[group]Initializing the repository
end-workflow	Checkout code	2025-10-07T08:45:21.5391597Z [command]/usr/bin/git init /home/runner/_work/ka0s/ka0s
end-workflow	Checkout code	2025-10-07T08:45:21.5910635Z hint: Using 'master' as the name for the initial branch. This default branch name
end-workflow	Checkout code	2025-10-07T08:45:21.5992430Z hint: is subject to change. To configure the initial branch name to use in all
end-workflow	Checkout code	2025-10-07T08:45:21.6012140Z hint: of your new repositories, which will suppress this warning, call:
end-workflow	Checkout code	2025-10-07T08:45:21.6120362Z hint:
end-workflow	Checkout code	2025-10-07T08:45:21.6121578Z hint: 	git config --global init.defaultBranch <name>
end-workflow	Checkout code	2025-10-07T08:45:21.6123843Z hint:
end-workflow	Checkout code	2025-10-07T08:45:21.6124720Z hint: Names commonly chosen instead of 'master' are 'main', 'trunk' and
end-workflow	Checkout code	2025-10-07T08:45:21.6139233Z hint: 'development'. The just-created branch can be renamed via this command:
end-workflow	Checkout code	2025-10-07T08:45:21.6140596Z hint:
end-workflow	Checkout code	2025-10-07T08:45:21.6160827Z hint: 	git branch -m <name>
end-workflow	Checkout code	2025-10-07T08:45:21.6649604Z hint:
end-workflow	Checkout code	2025-10-07T08:45:21.6662376Z hint: Disable this message with "git config set advice.defaultBranchName false"
end-workflow	Checkout code	2025-10-07T08:45:21.6693682Z Initialized empty Git repository in /home/runner/_work/ka0s/ka0s/.git/
end-workflow	Checkout code	2025-10-07T08:45:21.6811140Z [command]/usr/bin/git remote add origin https://github.com/Ka0s-Klaus/ka0s
end-workflow	Checkout code	2025-10-07T08:45:21.7255867Z ##[endgroup]
end-workflow	Checkout code	2025-10-07T08:45:21.7256860Z ##[group]Disabling automatic garbage collection
end-workflow	Checkout code	2025-10-07T08:45:21.7368624Z [command]/usr/bin/git config --local gc.auto 0
end-workflow	Checkout code	2025-10-07T08:45:21.7602524Z ##[endgroup]
end-workflow	Checkout code	2025-10-07T08:45:21.7603397Z ##[group]Setting up auth
end-workflow	Checkout code	2025-10-07T08:45:21.7664429Z [command]/usr/bin/git config --local --name-only --get-regexp core\.sshCommand
end-workflow	Checkout code	2025-10-07T08:45:21.8267169Z [command]/usr/bin/git submodule foreach --recursive sh -c "git config --local --name-only --get-regexp 'core\.sshCommand' && git config --local --unset-all 'core.sshCommand' || :"
end-workflow	Checkout code	2025-10-07T08:45:22.2075027Z [command]/usr/bin/git config --local --name-only --get-regexp http\.https\:\/\/github\.com\/\.extraheader
end-workflow	Checkout code	2025-10-07T08:45:22.2750131Z [command]/usr/bin/git submodule foreach --recursive sh -c "git config --local --name-only --get-regexp 'http\.https\:\/\/github\.com\/\.extraheader' && git config --local --unset-all 'http.https://github.com/.extraheader' || :"
end-workflow	Checkout code	2025-10-07T08:45:22.7879919Z [command]/usr/bin/git config --local http.https://github.com/.extraheader AUTHORIZATION: basic ***
end-workflow	Checkout code	2025-10-07T08:45:22.8099221Z ##[endgroup]
end-workflow	Checkout code	2025-10-07T08:45:22.8100872Z ##[group]Fetching the repository
end-workflow	Checkout code	2025-10-07T08:45:22.8118163Z [command]/usr/bin/git -c protocol.version=2 fetch --prune --no-recurse-submodules origin +refs/heads/*:refs/remotes/origin/* +refs/tags/*:refs/tags/*
end-workflow	Checkout code	2025-10-07T08:47:16.4761633Z From https://github.com/Ka0s-Klaus/ka0s
end-workflow	Checkout code	2025-10-07T08:47:16.4762652Z  * [new branch]        F1149-desarrollo-de-orchestrator -> origin/F1149-desarrollo-de-orchestrator
end-workflow	Checkout code	2025-10-07T08:47:16.4763705Z  * [new branch]        F1183-personalización-módulo-finops -> origin/F1183-personalización-módulo-finops
end-workflow	Checkout code	2025-10-07T08:47:16.4764387Z  * [new branch]        F1224-new-module-mongodb -> origin/F1224-new-module-mongodb
end-workflow	Checkout code	2025-10-07T08:47:16.4764933Z  * [new branch]        F220-web-de-resultados  -> origin/F220-web-de-resultados
end-workflow	Checkout code	2025-10-07T08:47:16.4765723Z  * [new branch]        F227-despliegue-de-kube-independiente-del-clouder -> origin/F227-despliegue-de-kube-independiente-del-clouder
end-workflow	Checkout code	2025-10-07T08:47:16.4766656Z  * [new branch]        F329-documentacion-metodologia-de-kaos -> origin/F329-documentacion-metodologia-de-kaos
end-workflow	Checkout code	2025-10-07T08:47:16.4958498Z  * [new branch]        F44-creación-módulo-versionado -> origin/F44-creación-módulo-versionado
end-workflow	Checkout code	2025-10-07T08:47:16.4959956Z  * [new branch]        H1128-módulo-de-observabilidad -> origin/H1128-módulo-de-observabilidad
end-workflow	Checkout code	2025-10-07T08:47:16.4960625Z  * [new branch]        H1139-como-instalar-arc-control -> origin/H1139-como-instalar-arc-control
end-workflow	Checkout code	2025-10-07T08:47:16.4961324Z  * [new branch]        H1149-desarrollo-de-orchestrator -> origin/H1149-desarrollo-de-orchestrator
end-workflow	Checkout code	2025-10-07T08:47:16.4962034Z  * [new branch]        H1150-desarrollo-de-secciones -> origin/H1150-desarrollo-de-secciones
end-workflow	Checkout code	2025-10-07T08:47:16.4962718Z  * [new branch]        H1151-desarrollo-de-secciones-ii -> origin/H1151-desarrollo-de-secciones-ii
end-workflow	Checkout code	2025-10-07T08:47:16.4963321Z  * [new branch]        H1152-desarrollo-inicio -> origin/H1152-desarrollo-inicio
end-workflow	Checkout code	2025-10-07T08:47:16.4964121Z  * [new branch]        H1183-personalización-módulo-finops -> origin/H1183-personalización-módulo-finops
end-workflow	Checkout code	2025-10-07T08:47:16.4964883Z  * [new branch]        H1193-ejemplo-web-documentacion -> origin/H1193-ejemplo-web-documentacion
end-workflow	Checkout code	2025-10-07T08:47:16.4965476Z  * [new branch]        H1205-web-creation      -> origin/H1205-web-creation
end-workflow	Checkout code	2025-10-07T08:47:16.4966011Z  * [new branch]        H1224-new-module-mongodb -> origin/H1224-new-module-mongodb
end-workflow	Checkout code	2025-10-07T08:47:16.4966552Z  * [new branch]        H1410-modulo-execution  -> origin/H1410-modulo-execution
end-workflow	Checkout code	2025-10-07T08:47:16.4967654Z  * [new branch]        H1514-new-swarm-deployment-stack-with-actions-runners-autoscale -> origin/H1514-new-swarm-deployment-stack-with-actions-runners-autoscale
end-workflow	Checkout code	2025-10-07T08:47:16.4969275Z  * [new branch]        H1646-modulo-de-control-de-runners -> origin/H1646-modulo-de-control-de-runners
end-workflow	Checkout code	2025-10-07T08:47:16.4969902Z  * [new branch]        H215-modulo-de-summary  -> origin/H215-modulo-de-summary
end-workflow	Checkout code	2025-10-07T08:47:16.4970427Z  * [new branch]        H220-web-de-resultados  -> origin/H220-web-de-resultados
end-workflow	Checkout code	2025-10-07T08:47:16.4971224Z  * [new branch]        H227-despliegue-de-kube-independiente-del-clouder -> origin/H227-despliegue-de-kube-independiente-del-clouder
end-workflow	Checkout code	2025-10-07T08:47:16.4972036Z  * [new branch]        H306-ficheros-de-estadisticas -> origin/H306-ficheros-de-estadisticas
end-workflow	Checkout code	2025-10-07T08:47:16.4972815Z  * [new branch]        H328-documentacion-modulo-principal-de-kaos -> origin/H328-documentacion-modulo-principal-de-kaos
end-workflow	Checkout code	2025-10-07T08:47:16.4973699Z  * [new branch]        H329-documentacion-metodologia-de-kaos -> origin/H329-documentacion-metodologia-de-kaos
end-workflow	Checkout code	2025-10-07T08:47:16.4974822Z  * [new branch]        H338-relanzador-de-jobs-en-caso-de-pattern -> origin/H338-relanzador-de-jobs-en-caso-de-pattern
end-workflow	Checkout code	2025-10-07T08:47:16.4975682Z  * [new branch]        H38-documentacion-basica-del-proyecto -> origin/H38-documentacion-basica-del-proyecto
end-workflow	Checkout code	2025-10-07T08:47:16.4976645Z  * [new branch]        H44-creación-módulo-versionado -> origin/H44-creación-módulo-versionado
end-workflow	Checkout code	2025-10-07T08:47:16.5259741Z  * [new branch]        RN1149-desarrollo-de-orchestrator -> origin/RN1149-desarrollo-de-orchestrator
end-workflow	Checkout code	2025-10-07T08:47:16.5261151Z  * [new branch]        RN1183-personalización-módulo-finops -> origin/RN1183-personalización-módulo-finops
end-workflow	Checkout code	2025-10-07T08:47:16.5262198Z  * [new branch]        RN1282-ka0s-error-detected-in-ka0s-workflow-statistics-summary -> origin/RN1282-ka0s-error-detected-in-ka0s-workflow-statistics-summary
end-workflow	Checkout code	2025-10-07T08:47:16.5263156Z  * [new branch]        RN220-web-de-resultados -> origin/RN220-web-de-resultados
end-workflow	Checkout code	2025-10-07T08:47:16.5264069Z  * [new branch]        RN227-despliegue-de-kube-independiente-del-clouder -> origin/RN227-despliegue-de-kube-independiente-del-clouder
end-workflow	Checkout code	2025-10-07T08:47:16.5265063Z  * [new branch]        RN329-documentacion-metodologia-de-kaos -> origin/RN329-documentacion-metodologia-de-kaos
end-workflow	Checkout code	2025-10-07T08:47:16.5265676Z  * [new branch]        main                    -> origin/main
end-workflow	Checkout code	2025-10-07T08:47:16.5266044Z  * [new tag]           0.0.0                   -> 0.0.0
end-workflow	Checkout code	2025-10-07T08:47:16.5266379Z  * [new tag]           0.0.1                   -> 0.0.1
end-workflow	Checkout code	2025-10-07T08:47:16.5266719Z  * [new tag]           0.0.10                  -> 0.0.10
end-workflow	Checkout code	2025-10-07T08:47:16.5690292Z  * [new tag]           0.0.100                 -> 0.0.100
end-workflow	Checkout code	2025-10-07T08:47:16.5691165Z  * [new tag]           0.0.101                 -> 0.0.101
end-workflow	Checkout code	2025-10-07T08:47:16.5691531Z  * [new tag]           0.0.102                 -> 0.0.102
end-workflow	Checkout code	2025-10-07T08:47:16.5691871Z  * [new tag]           0.0.103                 -> 0.0.103
end-workflow	Checkout code	2025-10-07T08:47:16.5692208Z  * [new tag]           0.0.104                 -> 0.0.104
end-workflow	Checkout code	2025-10-07T08:47:16.5692596Z  * [new tag]           0.0.105                 -> 0.0.105
end-workflow	Checkout code	2025-10-07T08:47:16.5692932Z  * [new tag]           0.0.106                 -> 0.0.106
end-workflow	Checkout code	2025-10-07T08:47:16.5693270Z  * [new tag]           0.0.107                 -> 0.0.107
end-workflow	Checkout code	2025-10-07T08:47:16.5693629Z  * [new tag]           0.0.108                 -> 0.0.108
end-workflow	Checkout code	2025-10-07T08:47:16.5693962Z  * [new tag]           0.0.109                 -> 0.0.109
end-workflow	Checkout code	2025-10-07T08:47:16.5694491Z  * [new tag]           0.0.11                  -> 0.0.11
end-workflow	Checkout code	2025-10-07T08:47:16.5694835Z  * [new tag]           0.0.110                 -> 0.0.110
end-workflow	Checkout code	2025-10-07T08:47:16.5695181Z  * [new tag]           0.0.111                 -> 0.0.111
end-workflow	Checkout code	2025-10-07T08:47:16.5695527Z  * [new tag]           0.0.112                 -> 0.0.112
end-workflow	Checkout code	2025-10-07T08:47:16.5695866Z  * [new tag]           0.0.113                 -> 0.0.113
end-workflow	Checkout code	2025-10-07T08:47:16.5696218Z  * [new tag]           0.0.114                 -> 0.0.114
end-workflow	Checkout code	2025-10-07T08:47:16.5696564Z  * [new tag]           0.0.115                 -> 0.0.115
end-workflow	Checkout code	2025-10-07T08:47:16.5697245Z  * [new tag]           0.0.116                 -> 0.0.116
end-workflow	Checkout code	2025-10-07T08:47:16.5697706Z  * [new tag]           0.0.117                 -> 0.0.117
end-workflow	Checkout code	2025-10-07T08:47:16.5698048Z  * [new tag]           0.0.118                 -> 0.0.118
end-workflow	Checkout code	2025-10-07T08:47:16.5698393Z  * [new tag]           0.0.119                 -> 0.0.119
end-workflow	Checkout code	2025-10-07T08:47:16.5698741Z  * [new tag]           0.0.12                  -> 0.0.12
end-workflow	Checkout code	2025-10-07T08:47:16.5699091Z  * [new tag]           0.0.120                 -> 0.0.120
end-workflow	Checkout code	2025-10-07T08:47:16.5699435Z  * [new tag]           0.0.121                 -> 0.0.121
end-workflow	Checkout code	2025-10-07T08:47:16.5699780Z  * [new tag]           0.0.122                 -> 0.0.122
end-workflow	Checkout code	2025-10-07T08:47:16.5700121Z  * [new tag]           0.0.123                 -> 0.0.123
end-workflow	Checkout code	2025-10-07T08:47:16.5700468Z  * [new tag]           0.0.124                 -> 0.0.124
end-workflow	Checkout code	2025-10-07T08:47:16.5700809Z  * [new tag]           0.0.125                 -> 0.0.125
end-workflow	Checkout code	2025-10-07T08:47:16.5701350Z  * [new tag]           0.0.126                 -> 0.0.126
end-workflow	Checkout code	2025-10-07T08:47:16.5701705Z  * [new tag]           0.0.127                 -> 0.0.127
end-workflow	Checkout code	2025-10-07T08:47:16.5702045Z  * [new tag]           0.0.128                 -> 0.0.128
end-workflow	Checkout code	2025-10-07T08:47:16.5702423Z  * [new tag]           0.0.129                 -> 0.0.129
end-workflow	Checkout code	2025-10-07T08:47:16.5702788Z  * [new tag]           0.0.13                  -> 0.0.13
end-workflow	Checkout code	2025-10-07T08:47:16.5703165Z  * [new tag]           0.0.130                 -> 0.0.130
end-workflow	Checkout code	2025-10-07T08:47:16.5703545Z  * [new tag]           0.0.131                 -> 0.0.131
end-workflow	Checkout code	2025-10-07T08:47:16.5703947Z  * [new tag]           0.0.132                 -> 0.0.132
end-workflow	Checkout code	2025-10-07T08:47:16.5704351Z  * [new tag]           0.0.133                 -> 0.0.133
end-workflow	Checkout code	2025-10-07T08:47:16.5704757Z  * [new tag]           0.0.134                 -> 0.0.134
end-workflow	Checkout code	2025-10-07T08:47:16.5705136Z  * [new tag]           0.0.135                 -> 0.0.135
end-workflow	Checkout code	2025-10-07T08:47:16.5705521Z  * [new tag]           0.0.136                 -> 0.0.136
end-workflow	Checkout code	2025-10-07T08:47:16.5705947Z  * [new tag]           0.0.137                 -> 0.0.137
end-workflow	Checkout code	2025-10-07T08:47:16.5706344Z  * [new tag]           0.0.138                 -> 0.0.138
end-workflow	Checkout code	2025-10-07T08:47:16.5706770Z  * [new tag]           0.0.139                 -> 0.0.139
end-workflow	Checkout code	2025-10-07T08:47:16.5707175Z  * [new tag]           0.0.14                  -> 0.0.14
end-workflow	Checkout code	2025-10-07T08:47:16.5707669Z  * [new tag]           0.0.140                 -> 0.0.140
end-workflow	Checkout code	2025-10-07T08:47:16.5708032Z  * [new tag]           0.0.141                 -> 0.0.141
end-workflow	Checkout code	2025-10-07T08:47:16.5708388Z  * [new tag]           0.0.142                 -> 0.0.142
end-workflow	Checkout code	2025-10-07T08:47:16.5708739Z  * [new tag]           0.0.143                 -> 0.0.143
end-workflow	Checkout code	2025-10-07T08:47:16.5709096Z  * [new tag]           0.0.144                 -> 0.0.144
end-workflow	Checkout code	2025-10-07T08:47:16.5709481Z  * [new tag]           0.0.145                 -> 0.0.145
end-workflow	Checkout code	2025-10-07T08:47:16.5709879Z  * [new tag]           0.0.146                 -> 0.0.146
end-workflow	Checkout code	2025-10-07T08:47:16.5710278Z  * [new tag]           0.0.147                 -> 0.0.147
end-workflow	Checkout code	2025-10-07T08:47:16.5710694Z  * [new tag]           0.0.148                 -> 0.0.148
end-workflow	Checkout code	2025-10-07T08:47:16.5711081Z  * [new tag]           0.0.149                 -> 0.0.149
end-workflow	Checkout code	2025-10-07T08:47:16.5711432Z  * [new tag]           0.0.15                  -> 0.0.15
end-workflow	Checkout code	2025-10-07T08:47:16.5711828Z  * [new tag]           0.0.150                 -> 0.0.150
end-workflow	Checkout code	2025-10-07T08:47:16.5712268Z  * [new tag]           0.0.151                 -> 0.0.151
end-workflow	Checkout code	2025-10-07T08:47:16.5712741Z  * [new tag]           0.0.152                 -> 0.0.152
end-workflow	Checkout code	2025-10-07T08:47:16.5713099Z  * [new tag]           0.0.153                 -> 0.0.153
end-workflow	Checkout code	2025-10-07T08:47:16.5713452Z  * [new tag]           0.0.154                 -> 0.0.154
end-workflow	Checkout code	2025-10-07T08:47:16.5713798Z  * [new tag]           0.0.155                 -> 0.0.155
end-workflow	Checkout code	2025-10-07T08:47:16.5714144Z  * [new tag]           0.0.156                 -> 0.0.156
end-workflow	Checkout code	2025-10-07T08:47:16.5714493Z  * [new tag]           0.0.157                 -> 0.0.157
end-workflow	Checkout code	2025-10-07T08:47:16.5714847Z  * [new tag]           0.0.158                 -> 0.0.158
end-workflow	Checkout code	2025-10-07T08:47:16.5715399Z  * [new tag]           0.0.159                 -> 0.0.159
end-workflow	Checkout code	2025-10-07T08:47:16.5715757Z  * [new tag]           0.0.16                  -> 0.0.16
end-workflow	Checkout code	2025-10-07T08:47:16.5716102Z  * [new tag]           0.0.160                 -> 0.0.160
end-workflow	Checkout code	2025-10-07T08:47:16.5716452Z  * [new tag]           0.0.161                 -> 0.0.161
end-workflow	Checkout code	2025-10-07T08:47:16.5716787Z  * [new tag]           0.0.162                 -> 0.0.162
end-workflow	Checkout code	2025-10-07T08:47:16.5717142Z  * [new tag]           0.0.163                 -> 0.0.163
end-workflow	Checkout code	2025-10-07T08:47:16.6001778Z  * [new tag]           0.0.164                 -> 0.0.164
end-workflow	Checkout code	2025-10-07T08:47:16.6002275Z  * [new tag]           0.0.165                 -> 0.0.165
end-workflow	Checkout code	2025-10-07T08:47:16.6002631Z  * [new tag]           0.0.166                 -> 0.0.166
end-workflow	Checkout code	2025-10-07T08:47:16.6002994Z  * [new tag]           0.0.167                 -> 0.0.167
end-workflow	Checkout code	2025-10-07T08:47:16.6003353Z  * [new tag]           0.0.168                 -> 0.0.168
end-workflow	Checkout code	2025-10-07T08:47:16.6003729Z  * [new tag]           0.0.169                 -> 0.0.169
end-workflow	Checkout code	2025-10-07T08:47:16.6004757Z  * [new tag]           0.0.17                  -> 0.0.17
end-workflow	Checkout code	2025-10-07T08:47:16.6005114Z  * [new tag]           0.0.170                 -> 0.0.170
end-workflow	Checkout code	2025-10-07T08:47:16.6005482Z  * [new tag]           0.0.171                 -> 0.0.171
end-workflow	Checkout code	2025-10-07T08:47:16.6005864Z  * [new tag]           0.0.172                 -> 0.0.172
end-workflow	Checkout code	2025-10-07T08:47:16.6006215Z  * [new tag]           0.0.173                 -> 0.0.173
end-workflow	Checkout code	2025-10-07T08:47:16.6006564Z  * [new tag]           0.0.174                 -> 0.0.174
end-workflow	Checkout code	2025-10-07T08:47:16.6006909Z  * [new tag]           0.0.175                 -> 0.0.175
end-workflow	Checkout code	2025-10-07T08:47:16.6007256Z  * [new tag]           0.0.176                 -> 0.0.176
end-workflow	Checkout code	2025-10-07T08:47:16.6007728Z  * [new tag]           0.0.177                 -> 0.0.177
end-workflow	Checkout code	2025-10-07T08:47:16.6008089Z  * [new tag]           0.0.178                 -> 0.0.178
end-workflow	Checkout code	2025-10-07T08:47:16.6008440Z  * [new tag]           0.0.179                 -> 0.0.179
end-workflow	Checkout code	2025-10-07T08:47:16.6008819Z  * [new tag]           0.0.18                  -> 0.0.18
end-workflow	Checkout code	2025-10-07T08:47:16.6009192Z  * [new tag]           0.0.19                  -> 0.0.19
end-workflow	Checkout code	2025-10-07T08:47:16.6009544Z  * [new tag]           0.0.2                   -> 0.0.2
end-workflow	Checkout code	2025-10-07T08:47:16.6009886Z  * [new tag]           0.0.20                  -> 0.0.20
end-workflow	Checkout code	2025-10-07T08:47:16.6010236Z  * [new tag]           0.0.21                  -> 0.0.21
end-workflow	Checkout code	2025-10-07T08:47:16.6010591Z  * [new tag]           0.0.22                  -> 0.0.22
end-workflow	Checkout code	2025-10-07T08:47:16.6010945Z  * [new tag]           0.0.23                  -> 0.0.23
end-workflow	Checkout code	2025-10-07T08:47:16.6011295Z  * [new tag]           0.0.24                  -> 0.0.24
end-workflow	Checkout code	2025-10-07T08:47:16.6011662Z  * [new tag]           0.0.25                  -> 0.0.25
end-workflow	Checkout code	2025-10-07T08:47:16.6012034Z  * [new tag]           0.0.26                  -> 0.0.26
end-workflow	Checkout code	2025-10-07T08:47:16.6012384Z  * [new tag]           0.0.27                  -> 0.0.27
end-workflow	Checkout code	2025-10-07T08:47:16.6012730Z  * [new tag]           0.0.28                  -> 0.0.28
end-workflow	Checkout code	2025-10-07T08:47:16.6013121Z  * [new tag]           0.0.29                  -> 0.0.29
end-workflow	Checkout code	2025-10-07T08:47:16.6013525Z  * [new tag]           0.0.3                   -> 0.0.3
end-workflow	Checkout code	2025-10-07T08:47:16.6013906Z  * [new tag]           0.0.30                  -> 0.0.30
end-workflow	Checkout code	2025-10-07T08:47:16.6014278Z  * [new tag]           0.0.31                  -> 0.0.31
end-workflow	Checkout code	2025-10-07T08:47:16.6014635Z  * [new tag]           0.0.32                  -> 0.0.32
end-workflow	Checkout code	2025-10-07T08:47:16.6014986Z  * [new tag]           0.0.33                  -> 0.0.33
end-workflow	Checkout code	2025-10-07T08:47:16.6015345Z  * [new tag]           0.0.34                  -> 0.0.34
end-workflow	Checkout code	2025-10-07T08:47:16.6015739Z  * [new tag]           0.0.35                  -> 0.0.35
end-workflow	Checkout code	2025-10-07T08:47:16.6016146Z  * [new tag]           0.0.36                  -> 0.0.36
end-workflow	Checkout code	2025-10-07T08:47:16.6016834Z  * [new tag]           0.0.37                  -> 0.0.37
end-workflow	Checkout code	2025-10-07T08:47:16.6017214Z  * [new tag]           0.0.38                  -> 0.0.38
end-workflow	Checkout code	2025-10-07T08:47:16.6017926Z  * [new tag]           0.0.39                  -> 0.0.39
end-workflow	Checkout code	2025-10-07T08:47:16.6018322Z  * [new tag]           0.0.4                   -> 0.0.4
end-workflow	Checkout code	2025-10-07T08:47:16.6019013Z  * [new tag]           0.0.40                  -> 0.0.40
end-workflow	Checkout code	2025-10-07T08:47:16.6019364Z  * [new tag]           0.0.41                  -> 0.0.41
end-workflow	Checkout code	2025-10-07T08:47:16.6019730Z  * [new tag]           0.0.42                  -> 0.0.42
end-workflow	Checkout code	2025-10-07T08:47:16.6020076Z  * [new tag]           0.0.43                  -> 0.0.43
end-workflow	Checkout code	2025-10-07T08:47:16.6020432Z  * [new tag]           0.0.44                  -> 0.0.44
end-workflow	Checkout code	2025-10-07T08:47:16.6020788Z  * [new tag]           0.0.45                  -> 0.0.45
end-workflow	Checkout code	2025-10-07T08:47:16.6021194Z  * [new tag]           0.0.46                  -> 0.0.46
end-workflow	Checkout code	2025-10-07T08:47:16.6021652Z  * [new tag]           0.0.47                  -> 0.0.47
end-workflow	Checkout code	2025-10-07T08:47:16.6022088Z  * [new tag]           0.0.48                  -> 0.0.48
end-workflow	Checkout code	2025-10-07T08:47:16.6022596Z  * [new tag]           0.0.49                  -> 0.0.49
end-workflow	Checkout code	2025-10-07T08:47:16.6023078Z  * [new tag]           0.0.5                   -> 0.0.5
end-workflow	Checkout code	2025-10-07T08:47:16.6023956Z  * [new tag]           0.0.50                  -> 0.0.50
end-workflow	Checkout code	2025-10-07T08:47:16.6024444Z  * [new tag]           0.0.51                  -> 0.0.51
end-workflow	Checkout code	2025-10-07T08:47:16.6024872Z  * [new tag]           0.0.52                  -> 0.0.52
end-workflow	Checkout code	2025-10-07T08:47:16.6025263Z  * [new tag]           0.0.53                  -> 0.0.53
end-workflow	Checkout code	2025-10-07T08:47:16.6025614Z  * [new tag]           0.0.54                  -> 0.0.54
end-workflow	Checkout code	2025-10-07T08:47:16.6025955Z  * [new tag]           0.0.55                  -> 0.0.55
end-workflow	Checkout code	2025-10-07T08:47:16.6026300Z  * [new tag]           0.0.56                  -> 0.0.56
end-workflow	Checkout code	2025-10-07T08:47:16.6026646Z  * [new tag]           0.0.57                  -> 0.0.57
end-workflow	Checkout code	2025-10-07T08:47:16.6026997Z  * [new tag]           0.0.58                  -> 0.0.58
end-workflow	Checkout code	2025-10-07T08:47:16.6166480Z  * [new tag]           0.0.59                  -> 0.0.59
end-workflow	Checkout code	2025-10-07T08:47:16.6167597Z  * [new tag]           0.0.6                   -> 0.0.6
end-workflow	Checkout code	2025-10-07T08:47:16.6167977Z  * [new tag]           0.0.60                  -> 0.0.60
end-workflow	Checkout code	2025-10-07T08:47:16.6168399Z  * [new tag]           0.0.61                  -> 0.0.61
end-workflow	Checkout code	2025-10-07T08:47:16.6168783Z  * [new tag]           0.0.62                  -> 0.0.62
end-workflow	Checkout code	2025-10-07T08:47:16.6169138Z  * [new tag]           0.0.63                  -> 0.0.63
end-workflow	Checkout code	2025-10-07T08:47:16.6169493Z  * [new tag]           0.0.64                  -> 0.0.64
end-workflow	Checkout code	2025-10-07T08:47:16.6169854Z  * [new tag]           0.0.65                  -> 0.0.65
end-workflow	Checkout code	2025-10-07T08:47:16.6170213Z  * [new tag]           0.0.66                  -> 0.0.66
end-workflow	Checkout code	2025-10-07T08:47:16.6170603Z  * [new tag]           0.0.67                  -> 0.0.67
end-workflow	Checkout code	2025-10-07T08:47:16.6170978Z  * [new tag]           0.0.68                  -> 0.0.68
end-workflow	Checkout code	2025-10-07T08:47:16.6171333Z  * [new tag]           0.0.69                  -> 0.0.69
end-workflow	Checkout code	2025-10-07T08:47:16.6171725Z  * [new tag]           0.0.7                   -> 0.0.7
end-workflow	Checkout code	2025-10-07T08:47:16.6172138Z  * [new tag]           0.0.70                  -> 0.0.70
end-workflow	Checkout code	2025-10-07T08:47:16.6172531Z  * [new tag]           0.0.71                  -> 0.0.71
end-workflow	Checkout code	2025-10-07T08:47:16.6172977Z  * [new tag]           0.0.72                  -> 0.0.72
end-workflow	Checkout code	2025-10-07T08:47:16.6173408Z  * [new tag]           0.0.73                  -> 0.0.73
end-workflow	Checkout code	2025-10-07T08:47:16.6173846Z  * [new tag]           0.0.74                  -> 0.0.74
end-workflow	Checkout code	2025-10-07T08:47:16.6174285Z  * [new tag]           0.0.75                  -> 0.0.75
end-workflow	Checkout code	2025-10-07T08:47:16.6174725Z  * [new tag]           0.0.76                  -> 0.0.76
end-workflow	Checkout code	2025-10-07T08:47:16.6175116Z  * [new tag]           0.0.77                  -> 0.0.77
end-workflow	Checkout code	2025-10-07T08:47:16.6175505Z  * [new tag]           0.0.78                  -> 0.0.78
end-workflow	Checkout code	2025-10-07T08:47:16.6175878Z  * [new tag]           0.0.79                  -> 0.0.79
end-workflow	Checkout code	2025-10-07T08:47:16.6176229Z  * [new tag]           0.0.8                   -> 0.0.8
end-workflow	Checkout code	2025-10-07T08:47:16.6308182Z  * [new tag]           0.0.80                  -> 0.0.80
end-workflow	Checkout code	2025-10-07T08:47:16.6308659Z  * [new tag]           0.0.81                  -> 0.0.81
end-workflow	Checkout code	2025-10-07T08:47:16.6309032Z  * [new tag]           0.0.82                  -> 0.0.82
end-workflow	Checkout code	2025-10-07T08:47:16.6309688Z  * [new tag]           0.0.83                  -> 0.0.83
end-workflow	Checkout code	2025-10-07T08:47:16.6310030Z  * [new tag]           0.0.84                  -> 0.0.84
end-workflow	Checkout code	2025-10-07T08:47:16.6310365Z  * [new tag]           0.0.85                  -> 0.0.85
end-workflow	Checkout code	2025-10-07T08:47:16.6310701Z  * [new tag]           0.0.86                  -> 0.0.86
end-workflow	Checkout code	2025-10-07T08:47:16.6311038Z  * [new tag]           0.0.87                  -> 0.0.87
end-workflow	Checkout code	2025-10-07T08:47:16.6311377Z  * [new tag]           0.0.88                  -> 0.0.88
end-workflow	Checkout code	2025-10-07T08:47:16.6311705Z  * [new tag]           0.0.89                  -> 0.0.89
end-workflow	Checkout code	2025-10-07T08:47:16.6312054Z  * [new tag]           0.0.9                   -> 0.0.9
end-workflow	Checkout code	2025-10-07T08:47:16.6312401Z  * [new tag]           0.0.90                  -> 0.0.90
end-workflow	Checkout code	2025-10-07T08:47:16.6312745Z  * [new tag]           0.0.91                  -> 0.0.91
end-workflow	Checkout code	2025-10-07T08:47:16.6313093Z  * [new tag]           0.0.92                  -> 0.0.92
end-workflow	Checkout code	2025-10-07T08:47:16.6313446Z  * [new tag]           0.0.93                  -> 0.0.93
end-workflow	Checkout code	2025-10-07T08:47:16.6314011Z  * [new tag]           0.0.94                  -> 0.0.94
end-workflow	Checkout code	2025-10-07T08:47:16.6314365Z  * [new tag]           0.0.95                  -> 0.0.95
end-workflow	Checkout code	2025-10-07T08:47:16.6314712Z  * [new tag]           0.0.96                  -> 0.0.96
end-workflow	Checkout code	2025-10-07T08:47:16.6315054Z  * [new tag]           0.0.97                  -> 0.0.97
end-workflow	Checkout code	2025-10-07T08:47:16.6315413Z  * [new tag]           0.0.98                  -> 0.0.98
end-workflow	Checkout code	2025-10-07T08:47:16.6315767Z  * [new tag]           0.0.99                  -> 0.0.99
end-workflow	Checkout code	2025-10-07T08:47:16.6316123Z  * [new tag]           0.1.0                   -> 0.1.0
end-workflow	Checkout code	2025-10-07T08:47:16.6316461Z  * [new tag]           0.1.1                   -> 0.1.1
end-workflow	Checkout code	2025-10-07T08:47:16.6700340Z  * [new tag]           0.2.0                   -> 0.2.0
end-workflow	Checkout code	2025-10-07T08:47:16.6700888Z  * [new tag]           0.3.0                   -> 0.3.0
end-workflow	Checkout code	2025-10-07T08:47:16.6701254Z  * [new tag]           0.3.1                   -> 0.3.1
end-workflow	Checkout code	2025-10-07T08:47:16.6701611Z  * [new tag]           0.3.10                  -> 0.3.10
end-workflow	Checkout code	2025-10-07T08:47:16.6702023Z  * [new tag]           0.3.11                  -> 0.3.11
end-workflow	Checkout code	2025-10-07T08:47:16.6702384Z  * [new tag]           0.3.12                  -> 0.3.12
end-workflow	Checkout code	2025-10-07T08:47:16.6702786Z  * [new tag]           0.3.13                  -> 0.3.13
end-workflow	Checkout code	2025-10-07T08:47:16.6703151Z  * [new tag]           0.3.14                  -> 0.3.14
end-workflow	Checkout code	2025-10-07T08:47:16.6703505Z  * [new tag]           0.3.15                  -> 0.3.15
end-workflow	Checkout code	2025-10-07T08:47:16.6703863Z  * [new tag]           0.3.16                  -> 0.3.16
end-workflow	Checkout code	2025-10-07T08:47:16.6704207Z  * [new tag]           0.3.17                  -> 0.3.17
end-workflow	Checkout code	2025-10-07T08:47:16.6704562Z  * [new tag]           0.3.2                   -> 0.3.2
end-workflow	Checkout code	2025-10-07T08:47:16.6704920Z  * [new tag]           0.3.3                   -> 0.3.3
end-workflow	Checkout code	2025-10-07T08:47:16.6705266Z  * [new tag]           0.3.4                   -> 0.3.4
end-workflow	Checkout code	2025-10-07T08:47:16.6705639Z  * [new tag]           0.3.5                   -> 0.3.5
end-workflow	Checkout code	2025-10-07T08:47:16.6705993Z  * [new tag]           0.3.6                   -> 0.3.6
end-workflow	Checkout code	2025-10-07T08:47:16.6706389Z  * [new tag]           0.3.7                   -> 0.3.7
end-workflow	Checkout code	2025-10-07T08:47:16.6706755Z  * [new tag]           0.3.8                   -> 0.3.8
end-workflow	Checkout code	2025-10-07T08:47:16.6707113Z  * [new tag]           0.3.9                   -> 0.3.9
end-workflow	Checkout code	2025-10-07T08:47:16.6978252Z  * [new tag]           0.4.0                   -> 0.4.0
end-workflow	Checkout code	2025-10-07T08:47:16.6978771Z  * [new tag]           0.4.1                   -> 0.4.1
end-workflow	Checkout code	2025-10-07T08:47:16.6979118Z  * [new tag]           0.4.2                   -> 0.4.2
end-workflow	Checkout code	2025-10-07T08:47:16.6979456Z  * [new tag]           0.4.3                   -> 0.4.3
end-workflow	Checkout code	2025-10-07T08:47:16.6979795Z  * [new tag]           0.4.4                   -> 0.4.4
end-workflow	Checkout code	2025-10-07T08:47:16.6980131Z  * [new tag]           0.4.5                   -> 0.4.5
end-workflow	Checkout code	2025-10-07T08:47:16.6980483Z  * [new tag]           0.4.6                   -> 0.4.6
end-workflow	Checkout code	2025-10-07T08:47:16.6980828Z  * [new tag]           0.4.7                   -> 0.4.7
end-workflow	Checkout code	2025-10-07T08:47:16.6981162Z  * [new tag]           0.4.8                   -> 0.4.8
end-workflow	Checkout code	2025-10-07T08:47:16.6981959Z  * [new tag]           0.4.9                   -> 0.4.9
end-workflow	Checkout code	2025-10-07T08:47:16.8300054Z [command]/usr/bin/git branch --list --remote origin/H1646-modulo-de-control-de-runners
end-workflow	Checkout code	2025-10-07T08:47:16.9058447Z   origin/H1646-modulo-de-control-de-runners
end-workflow	Checkout code	2025-10-07T08:47:16.9230231Z [command]/usr/bin/git rev-parse refs/remotes/origin/H1646-modulo-de-control-de-runners
end-workflow	Checkout code	2025-10-07T08:47:16.9675831Z 2119942aa0e06048e59b6205cfc5a041673fa7b0
end-workflow	Checkout code	2025-10-07T08:47:16.9788810Z [command]/usr/bin/git -c protocol.version=2 fetch --no-tags --prune --no-recurse-submodules origin +69f923ccbc01576fbbd9edf105ea5db34249540c:refs/remotes/origin/H1646-modulo-de-control-de-runners
end-workflow	Checkout code	2025-10-07T08:47:17.1089570Z From https://github.com/Ka0s-Klaus/ka0s
end-workflow	Checkout code	2025-10-07T08:47:17.1140542Z  + 2119942a...69f923cc 69f923ccbc01576fbbd9edf105ea5db34249540c -> origin/H1646-modulo-de-control-de-runners  (forced update)
end-workflow	Checkout code	2025-10-07T08:47:17.1662812Z ##[endgroup]
end-workflow	Checkout code	2025-10-07T08:47:17.1729332Z ##[group]Determining the checkout info
end-workflow	Checkout code	2025-10-07T08:47:17.1730897Z ##[endgroup]
end-workflow	Checkout code	2025-10-07T08:47:17.1777583Z [command]/usr/bin/git sparse-checkout disable
end-workflow	Checkout code	2025-10-07T08:47:17.2552330Z [command]/usr/bin/git config --local --unset-all extensions.worktreeConfig
end-workflow	Checkout code	2025-10-07T08:47:17.2890820Z ##[group]Checking out the ref
end-workflow	Checkout code	2025-10-07T08:47:17.3136804Z [command]/usr/bin/git checkout --progress --force -B H1646-modulo-de-control-de-runners refs/remotes/origin/H1646-modulo-de-control-de-runners
end-workflow	Checkout code	2025-10-07T08:47:18.3839046Z Updating files:  29% (240/804)
end-workflow	Checkout code	2025-10-07T08:47:18.5838599Z Updating files:  30% (242/804)
end-workflow	Checkout code	2025-10-07T08:47:18.6448611Z Updating files:  31% (250/804)
end-workflow	Checkout code	2025-10-07T08:47:18.7764356Z Updating files:  32% (258/804)
end-workflow	Checkout code	2025-10-07T08:47:18.8130502Z Updating files:  33% (266/804)
end-workflow	Checkout code	2025-10-07T08:47:18.8659916Z Updating files:  34% (274/804)
end-workflow	Checkout code	2025-10-07T08:47:18.8719396Z Updating files:  35% (282/804)
end-workflow	Checkout code	2025-10-07T08:47:18.8768566Z Updating files:  36% (290/804)
end-workflow	Checkout code	2025-10-07T08:47:18.9349013Z Updating files:  37% (298/804)
end-workflow	Checkout code	2025-10-07T08:47:18.9349857Z Updating files:  38% (306/804)
end-workflow	Checkout code	2025-10-07T08:47:18.9350309Z Updating files:  39% (314/804)
end-workflow	Checkout code	2025-10-07T08:47:18.9350837Z Updating files:  40% (322/804)
end-workflow	Checkout code	2025-10-07T08:47:18.9351245Z Updating files:  41% (330/804)
end-workflow	Checkout code	2025-10-07T08:47:18.9743436Z Updating files:  42% (338/804)
end-workflow	Checkout code	2025-10-07T08:47:19.0724820Z Updating files:  43% (346/804)
end-workflow	Checkout code	2025-10-07T08:47:19.0729483Z Updating files:  44% (354/804)
end-workflow	Checkout code	2025-10-07T08:47:19.0733237Z Updating files:  45% (362/804)
end-workflow	Checkout code	2025-10-07T08:47:19.0737459Z Updating files:  46% (370/804)
end-workflow	Checkout code	2025-10-07T08:47:19.0769800Z Updating files:  47% (378/804)
end-workflow	Checkout code	2025-10-07T08:47:19.0770126Z Updating files:  48% (386/804)
end-workflow	Checkout code	2025-10-07T08:47:19.0770376Z Updating files:  49% (394/804)
end-workflow	Checkout code	2025-10-07T08:47:19.0770631Z Updating files:  50% (402/804)
end-workflow	Checkout code	2025-10-07T08:47:19.0770895Z Updating files:  51% (411/804)
end-workflow	Checkout code	2025-10-07T08:47:19.0771153Z Updating files:  52% (419/804)
end-workflow	Checkout code	2025-10-07T08:47:19.0771491Z Updating files:  53% (427/804)
end-workflow	Checkout code	2025-10-07T08:47:19.0771745Z Updating files:  54% (435/804)
end-workflow	Checkout code	2025-10-07T08:47:19.0772050Z Updating files:  55% (443/804)
end-workflow	Checkout code	2025-10-07T08:47:19.0772307Z Updating files:  56% (451/804)
end-workflow	Checkout code	2025-10-07T08:47:19.1019119Z Updating files:  57% (459/804)
end-workflow	Checkout code	2025-10-07T08:47:19.1380170Z Updating files:  58% (467/804)
end-workflow	Checkout code	2025-10-07T08:47:19.1725318Z Updating files:  59% (475/804)
end-workflow	Checkout code	2025-10-07T08:47:19.2077178Z Updating files:  60% (483/804)
end-workflow	Checkout code	2025-10-07T08:47:19.2935988Z Updating files:  61% (491/804)
end-workflow	Checkout code	2025-10-07T08:47:19.4943485Z Updating files:  62% (499/804)
end-workflow	Checkout code	2025-10-07T08:47:19.5804454Z Updating files:  62% (505/804)
end-workflow	Checkout code	2025-10-07T08:47:20.2198376Z Updating files:  63% (507/804)
end-workflow	Checkout code	2025-10-07T08:47:20.4289858Z Updating files:  64% (515/804)
end-workflow	Checkout code	2025-10-07T08:47:21.3890602Z Updating files:  64% (517/804)
end-workflow	Checkout code	2025-10-07T08:47:22.0172591Z Updating files:  65% (523/804)
end-workflow	Checkout code	2025-10-07T08:47:22.1064788Z Updating files:  66% (531/804)
end-workflow	Checkout code	2025-10-07T08:47:22.1726380Z Updating files:  67% (539/804)
end-workflow	Checkout code	2025-10-07T08:47:22.2748616Z Updating files:  68% (547/804)
end-workflow	Checkout code	2025-10-07T08:47:22.3803192Z Updating files:  69% (555/804)
end-workflow	Checkout code	2025-10-07T08:47:22.6301298Z Updating files:  69% (559/804)
end-workflow	Checkout code	2025-10-07T08:47:22.7081007Z Updating files:  70% (563/804)
end-workflow	Checkout code	2025-10-07T08:47:22.7200109Z Updating files:  71% (571/804)
end-workflow	Checkout code	2025-10-07T08:47:22.7201980Z Updating files:  72% (579/804)
end-workflow	Checkout code	2025-10-07T08:47:22.7269212Z Updating files:  73% (587/804)
end-workflow	Checkout code	2025-10-07T08:47:22.7272579Z Updating files:  74% (595/804)
end-workflow	Checkout code	2025-10-07T08:47:22.7274428Z Updating files:  75% (603/804)
end-workflow	Checkout code	2025-10-07T08:47:22.7421974Z Updating files:  76% (612/804)
end-workflow	Checkout code	2025-10-07T08:47:22.7921340Z Updating files:  77% (620/804)
end-workflow	Checkout code	2025-10-07T08:47:22.8064947Z Updating files:  78% (628/804)
end-workflow	Checkout code	2025-10-07T08:47:22.8065896Z Updating files:  79% (636/804)
end-workflow	Checkout code	2025-10-07T08:47:22.8067908Z Updating files:  80% (644/804)
end-workflow	Checkout code	2025-10-07T08:47:22.8281016Z Updating files:  81% (652/804)
end-workflow	Checkout code	2025-10-07T08:47:22.8283488Z Updating files:  82% (660/804)
end-workflow	Checkout code	2025-10-07T08:47:22.8286063Z Updating files:  83% (668/804)
end-workflow	Checkout code	2025-10-07T08:47:22.8286507Z Updating files:  84% (676/804)
end-workflow	Checkout code	2025-10-07T08:47:22.8760328Z Updating files:  85% (684/804)
end-workflow	Checkout code	2025-10-07T08:47:22.8761341Z Updating files:  86% (692/804)
end-workflow	Checkout code	2025-10-07T08:47:22.9438876Z Updating files:  87% (700/804)
end-workflow	Checkout code	2025-10-07T08:47:22.9442111Z Updating files:  88% (708/804)
end-workflow	Checkout code	2025-10-07T08:47:22.9444061Z Updating files:  89% (716/804)
end-workflow	Checkout code	2025-10-07T08:47:22.9447184Z Updating files:  90% (724/804)
end-workflow	Checkout code	2025-10-07T08:47:22.9648991Z Updating files:  91% (732/804)
end-workflow	Checkout code	2025-10-07T08:47:23.0062625Z Updating files:  92% (740/804)
end-workflow	Checkout code	2025-10-07T08:47:23.0063998Z Updating files:  93% (748/804)
end-workflow	Checkout code	2025-10-07T08:47:23.0225441Z Updating files:  94% (756/804)
end-workflow	Checkout code	2025-10-07T08:47:23.0283578Z Updating files:  95% (764/804)
end-workflow	Checkout code	2025-10-07T08:47:23.0284738Z Updating files:  96% (772/804)
end-workflow	Checkout code	2025-10-07T08:47:23.0285203Z Updating files:  97% (780/804)
end-workflow	Checkout code	2025-10-07T08:47:23.0286003Z Updating files:  98% (788/804)
end-workflow	Checkout code	2025-10-07T08:47:23.0286477Z Updating files:  99% (796/804)
end-workflow	Checkout code	2025-10-07T08:47:23.0286876Z Updating files: 100% (804/804)
end-workflow	Checkout code	2025-10-07T08:47:23.0287277Z Updating files: 100% (804/804), done.
end-workflow	Checkout code	2025-10-07T08:47:23.1821784Z Switched to a new branch 'H1646-modulo-de-control-de-runners'
end-workflow	Checkout code	2025-10-07T08:47:23.1829597Z branch 'H1646-modulo-de-control-de-runners' set up to track 'origin/H1646-modulo-de-control-de-runners'.
end-workflow	Checkout code	2025-10-07T08:47:23.2253453Z ##[endgroup]
end-workflow	Checkout code	2025-10-07T08:47:23.2633383Z [command]/usr/bin/git log -1 --format=%H
end-workflow	Checkout code	2025-10-07T08:47:23.2742253Z 69f923ccbc01576fbbd9edf105ea5db34249540c
end-workflow	Finaliza el workflow	﻿2025-10-07T08:47:23.6835624Z ##[group]Run echo "End process"
end-workflow	Finaliza el workflow	2025-10-07T08:47:23.6836287Z [36;1mecho "End process"[0m
end-workflow	Finaliza el workflow	2025-10-07T08:47:23.6836757Z [36;1mRNNUMBER=$(echo "refs/heads/H1646-modulo-de-control-de-runners" | grep -o '[0-9]*')[0m
end-workflow	Finaliza el workflow	2025-10-07T08:47:23.6904570Z [36;1mgh issue comment $RNNUMBER --body "Se finaliza Ka0s 18307074832"[0m
end-workflow	Finaliza el workflow	2025-10-07T08:47:23.6906049Z [36;1mgh workflow run inspector.yml --ref 'main' -f kaos-issue-id=$RNNUMBER -f kaos-workflow-id="18307074832" -f kaos-user-start=""[0m
end-workflow	Finaliza el workflow	2025-10-07T08:47:23.7026375Z shell: /usr/bin/bash -e {0}
end-workflow	Finaliza el workflow	2025-10-07T08:47:23.7026752Z env:
end-workflow	Finaliza el workflow	2025-10-07T08:47:23.7026961Z   KAOS_MODULE: [Ka0S] JSONLINT
end-workflow	Finaliza el workflow	2025-10-07T08:47:23.7038799Z   GH_TOKEN: ***
end-workflow	Finaliza el workflow	2025-10-07T08:47:23.7039465Z   KAOS_JSONLINT_CONFIG: core/config/.jsonlint.json
end-workflow	Finaliza el workflow	2025-10-07T08:47:23.7039843Z   KAOS_PATH_RESUME: audit/jsonlint/
end-workflow	Finaliza el workflow	2025-10-07T08:47:23.7040194Z   KAOS_REPO: /actions-runner/_work/kaos/kaos
end-workflow	Finaliza el workflow	2025-10-07T08:47:23.7040524Z   KAOS_STEP_MODULE: 
end-workflow	Finaliza el workflow	2025-10-07T08:47:23.7040768Z   KAOS_CODE: 18307074832
end-workflow	Finaliza el workflow	2025-10-07T08:47:23.7041194Z   KAOS_REF_BRANCH: main
end-workflow	Finaliza el workflow	2025-10-07T08:47:23.7041461Z ##[endgroup]
end-workflow	Finaliza el workflow	2025-10-07T08:47:23.8822881Z End process
end-workflow	Finaliza el workflow	2025-10-07T08:47:25.0954018Z https://github.com/Ka0s-Klaus/ka0s/issues/1646#issuecomment-3375833469
end-workflow	Post Checkout code	﻿2025-10-07T08:47:26.4766903Z Post job cleanup.
end-workflow	Post Checkout code	2025-10-07T08:47:26.8684922Z [command]/usr/bin/git version
end-workflow	Post Checkout code	2025-10-07T08:47:26.9073149Z git version 2.51.0
end-workflow	Post Checkout code	2025-10-07T08:47:26.9835232Z Temporarily overriding HOME='/home/runner/_work/_temp/34fef0c5-85fc-4f23-a6cd-b1b57ed98d78' before making global git config changes
end-workflow	Post Checkout code	2025-10-07T08:47:26.9837267Z Adding repository directory to the temporary git global config as a safe directory
end-workflow	Post Checkout code	2025-10-07T08:47:26.9840454Z [command]/usr/bin/git config --global --add safe.directory /home/runner/_work/ka0s/ka0s
end-workflow	Post Checkout code	2025-10-07T08:47:27.0317641Z [command]/usr/bin/git config --local --name-only --get-regexp core\.sshCommand
end-workflow	Post Checkout code	2025-10-07T08:47:27.0554793Z [command]/usr/bin/git submodule foreach --recursive sh -c "git config --local --name-only --get-regexp 'core\.sshCommand' && git config --local --unset-all 'core.sshCommand' || :"
end-workflow	Post Checkout code	2025-10-07T08:47:27.2716437Z [command]/usr/bin/git config --local --name-only --get-regexp http\.https\:\/\/github\.com\/\.extraheader
end-workflow	Post Checkout code	2025-10-07T08:47:27.3138934Z http.https://github.com/.extraheader
end-workflow	Post Checkout code	2025-10-07T08:47:27.3508504Z [command]/usr/bin/git config --local --unset-all http.https://github.com/.extraheader
end-workflow	Post Checkout code	2025-10-07T08:47:27.4096299Z [command]/usr/bin/git submodule foreach --recursive sh -c "git config --local --name-only --get-regexp 'http\.https\:\/\/github\.com\/\.extraheader' && git config --local --unset-all 'http.https://github.com/.extraheader' || :"
end-workflow	Complete job	﻿2025-10-07T08:47:27.6924647Z Cleaning up orphan processes
