job-core	Set up job	Ôªø2025-10-07T10:07:03.2324104Z Current runner version: '2.328.0'
job-core	Set up job	2025-10-07T10:07:03.2337647Z Runner name: '92ff55818f30'
job-core	Set up job	2025-10-07T10:07:03.2338746Z Runner group name: 'swarm-runners'
job-core	Set up job	2025-10-07T10:07:03.2340361Z Machine name: '92ff55818f30'
job-core	Set up job	2025-10-07T10:07:03.2348010Z ##[group]GITHUB_TOKEN Permissions
job-core	Set up job	2025-10-07T10:07:03.2353287Z Actions: write
job-core	Set up job	2025-10-07T10:07:03.2354111Z Contents: write
job-core	Set up job	2025-10-07T10:07:03.2355074Z Metadata: read
job-core	Set up job	2025-10-07T10:07:03.2355939Z ##[endgroup]
job-core	Set up job	2025-10-07T10:07:03.2358805Z Secret source: Actions
job-core	Set up job	2025-10-07T10:07:03.2361328Z Prepare workflow directory
job-core	Set up job	2025-10-07T10:07:03.3282323Z Prepare all required actions
job-core	Set up job	2025-10-07T10:07:03.3337332Z Getting action download info
job-core	Set up job	2025-10-07T10:07:03.9049828Z Download action repository 'actions/checkout@v4' (SHA:08eba0b27e820071cde6df949e0beb9ba4906955)
job-core	Set up job	2025-10-07T10:07:04.8193998Z Complete job name: job-core
job-core	Checkout code	Ôªø2025-10-07T10:07:04.9111014Z ##[group]Run actions/checkout@v4
job-core	Checkout code	2025-10-07T10:07:04.9112300Z with:
job-core	Checkout code	2025-10-07T10:07:04.9112880Z   fetch-depth: 0
job-core	Checkout code	2025-10-07T10:07:04.9113850Z   token: ***
job-core	Checkout code	2025-10-07T10:07:04.9114457Z   repository: Ka0s-Klaus/ka0s
job-core	Checkout code	2025-10-07T10:07:04.9115141Z   ssh-strict: true
job-core	Checkout code	2025-10-07T10:07:04.9115717Z   ssh-user: git
job-core	Checkout code	2025-10-07T10:07:04.9142772Z   persist-credentials: true
job-core	Checkout code	2025-10-07T10:07:04.9143613Z   clean: true
job-core	Checkout code	2025-10-07T10:07:04.9144192Z   sparse-checkout-cone-mode: true
job-core	Checkout code	2025-10-07T10:07:04.9144882Z   fetch-tags: false
job-core	Checkout code	2025-10-07T10:07:04.9145477Z   show-progress: true
job-core	Checkout code	2025-10-07T10:07:04.9146068Z   lfs: false
job-core	Checkout code	2025-10-07T10:07:04.9146619Z   submodules: false
job-core	Checkout code	2025-10-07T10:07:04.9147202Z   set-safe-directory: true
job-core	Checkout code	2025-10-07T10:07:04.9148598Z env:
job-core	Checkout code	2025-10-07T10:07:04.9149156Z   KAOS_BASE_PATH: core/runner
job-core	Checkout code	2025-10-07T10:07:04.9150419Z   KAOS_MODULE: [Ka0S] Scan Directories and Trigger Workflows
job-core	Checkout code	2025-10-07T10:07:04.9151269Z   KAOS_CODE: 18309207177
job-core	Checkout code	2025-10-07T10:07:04.9151923Z   KAOS_TARGET_WORKFLOW: scan-image.yml
job-core	Checkout code	2025-10-07T10:07:04.9152713Z   KAOS_DRY_RUN: false
job-core	Checkout code	2025-10-07T10:07:04.9153325Z   REPORTS_DESTINATION: audit/scan
job-core	Checkout code	2025-10-07T10:07:04.9154019Z ##[endgroup]
job-core	Checkout code	2025-10-07T10:07:05.0884849Z Syncing repository: Ka0s-Klaus/ka0s
job-core	Checkout code	2025-10-07T10:07:05.0887496Z ##[group]Getting Git version info
job-core	Checkout code	2025-10-07T10:07:05.0888439Z Working directory is '/home/runner/_work/ka0s/ka0s'
job-core	Checkout code	2025-10-07T10:07:05.0889969Z [command]/usr/bin/git version
job-core	Checkout code	2025-10-07T10:07:05.0890768Z git version 2.51.0
job-core	Checkout code	2025-10-07T10:07:05.0921789Z ##[endgroup]
job-core	Checkout code	2025-10-07T10:07:05.0944286Z Temporarily overriding HOME='/home/runner/_work/_temp/f544614c-0e60-40d7-a8dc-2062db61be30' before making global git config changes
job-core	Checkout code	2025-10-07T10:07:05.0946455Z Adding repository directory to the temporary git global config as a safe directory
job-core	Checkout code	2025-10-07T10:07:05.0952876Z [command]/usr/bin/git config --global --add safe.directory /home/runner/_work/ka0s/ka0s
job-core	Checkout code	2025-10-07T10:07:05.1010083Z [command]/usr/bin/git config --local --get remote.origin.url
job-core	Checkout code	2025-10-07T10:07:05.1052687Z https://github.com/Ka0s-Klaus/ka0s
job-core	Checkout code	2025-10-07T10:07:05.1080295Z ##[group]Removing previously created refs, to avoid conflicts
job-core	Checkout code	2025-10-07T10:07:05.1090297Z [command]/usr/bin/git rev-parse --symbolic-full-name --verify --quiet HEAD
job-core	Checkout code	2025-10-07T10:07:05.1140290Z refs/heads/main
job-core	Checkout code	2025-10-07T10:07:05.1154884Z [command]/usr/bin/git checkout --detach
job-core	Checkout code	2025-10-07T10:07:05.1267795Z HEAD is now at 43c14f4f swarm-runners] Uploading files to MongoDB update repository ...
job-core	Checkout code	2025-10-07T10:07:05.1329918Z [command]/usr/bin/git branch --delete --force main
job-core	Checkout code	2025-10-07T10:07:05.1368461Z Deleted branch main (was 43c14f4f).
job-core	Checkout code	2025-10-07T10:07:05.1483707Z ##[endgroup]
job-core	Checkout code	2025-10-07T10:07:05.1484516Z [command]/usr/bin/git submodule status
job-core	Checkout code	2025-10-07T10:07:05.1813776Z ##[group]Cleaning the repository
job-core	Checkout code	2025-10-07T10:07:05.1822203Z [command]/usr/bin/git clean -ffdx
job-core	Checkout code	2025-10-07T10:07:05.1937066Z [command]/usr/bin/git reset --hard HEAD
job-core	Checkout code	2025-10-07T10:07:05.2041432Z HEAD is now at 43c14f4f swarm-runners] Uploading files to MongoDB update repository ...
job-core	Checkout code	2025-10-07T10:07:05.2051964Z ##[endgroup]
job-core	Checkout code	2025-10-07T10:07:05.2055077Z ##[group]Disabling automatic garbage collection
job-core	Checkout code	2025-10-07T10:07:05.2059358Z [command]/usr/bin/git config --local gc.auto 0
job-core	Checkout code	2025-10-07T10:07:05.2095215Z ##[endgroup]
job-core	Checkout code	2025-10-07T10:07:05.2096291Z ##[group]Setting up auth
job-core	Checkout code	2025-10-07T10:07:05.2106144Z [command]/usr/bin/git config --local --name-only --get-regexp core\.sshCommand
job-core	Checkout code	2025-10-07T10:07:05.2163151Z [command]/usr/bin/git submodule foreach --recursive sh -c "git config --local --name-only --get-regexp 'core\.sshCommand' && git config --local --unset-all 'core.sshCommand' || :"
job-core	Checkout code	2025-10-07T10:07:05.2492309Z [command]/usr/bin/git config --local --name-only --get-regexp http\.https\:\/\/github\.com\/\.extraheader
job-core	Checkout code	2025-10-07T10:07:05.2540985Z [command]/usr/bin/git submodule foreach --recursive sh -c "git config --local --name-only --get-regexp 'http\.https\:\/\/github\.com\/\.extraheader' && git config --local --unset-all 'http.https://github.com/.extraheader' || :"
job-core	Checkout code	2025-10-07T10:07:05.2871845Z [command]/usr/bin/git config --local http.https://github.com/.extraheader AUTHORIZATION: basic ***
job-core	Checkout code	2025-10-07T10:07:05.2925074Z ##[endgroup]
job-core	Checkout code	2025-10-07T10:07:05.2926240Z ##[group]Fetching the repository
job-core	Checkout code	2025-10-07T10:07:05.2940275Z [command]/usr/bin/git -c protocol.version=2 fetch --prune --no-recurse-submodules origin +refs/heads/*:refs/remotes/origin/* +refs/tags/*:refs/tags/*
job-core	Checkout code	2025-10-07T10:07:06.1568403Z From https://github.com/Ka0s-Klaus/ka0s
job-core	Checkout code	2025-10-07T10:07:06.1574466Z    43c14f4f..fc230b5c  main       -> origin/main
job-core	Checkout code	2025-10-07T10:07:06.1763205Z [command]/usr/bin/git branch --list --remote origin/H1646-modulo-de-control-de-runners
job-core	Checkout code	2025-10-07T10:07:06.1997203Z   origin/H1646-modulo-de-control-de-runners
job-core	Checkout code	2025-10-07T10:07:06.2024814Z [command]/usr/bin/git rev-parse refs/remotes/origin/H1646-modulo-de-control-de-runners
job-core	Checkout code	2025-10-07T10:07:06.2077880Z 2119942aa0e06048e59b6205cfc5a041673fa7b0
job-core	Checkout code	2025-10-07T10:07:06.2095218Z ##[endgroup]
job-core	Checkout code	2025-10-07T10:07:06.2100482Z ##[group]Determining the checkout info
job-core	Checkout code	2025-10-07T10:07:06.2102951Z ##[endgroup]
job-core	Checkout code	2025-10-07T10:07:06.2110206Z [command]/usr/bin/git sparse-checkout disable
job-core	Checkout code	2025-10-07T10:07:06.2205050Z [command]/usr/bin/git config --local --unset-all extensions.worktreeConfig
job-core	Checkout code	2025-10-07T10:07:06.2265407Z ##[group]Checking out the ref
job-core	Checkout code	2025-10-07T10:07:06.2273445Z [command]/usr/bin/git checkout --progress --force -B H1646-modulo-de-control-de-runners refs/remotes/origin/H1646-modulo-de-control-de-runners
job-core	Checkout code	2025-10-07T10:07:06.2731816Z Previous HEAD position was 43c14f4f swarm-runners] Uploading files to MongoDB update repository ...
job-core	Checkout code	2025-10-07T10:07:06.2750586Z Switched to a new branch 'H1646-modulo-de-control-de-runners'
job-core	Checkout code	2025-10-07T10:07:06.2755153Z branch 'H1646-modulo-de-control-de-runners' set up to track 'origin/H1646-modulo-de-control-de-runners'.
job-core	Checkout code	2025-10-07T10:07:06.2769428Z ##[endgroup]
job-core	Checkout code	2025-10-07T10:07:06.2825873Z [command]/usr/bin/git log -1 --format=%H
job-core	Checkout code	2025-10-07T10:07:06.2859721Z 2119942aa0e06048e59b6205cfc5a041673fa7b0
job-core	Scan directories and create matrix	Ôªø2025-10-07T10:07:06.3234850Z ##[group]Run BASE_PATH="core/runner"
job-core	Scan directories and create matrix	2025-10-07T10:07:06.3236918Z [36;1mBASE_PATH="core/runner"[0m
job-core	Scan directories and create matrix	2025-10-07T10:07:06.3239464Z [36;1mREPORT_FILE="${ env.REPORTS_DESTINATION }/${ env.KAOS_CODE }-$(date +%Y%m%d-%H%M%S).md"[0m
job-core	Scan directories and create matrix	2025-10-07T10:07:06.3242778Z [36;1m[0m
job-core	Scan directories and create matrix	2025-10-07T10:07:06.3243919Z [36;1m# Validate base path exists[0m
job-core	Scan directories and create matrix	2025-10-07T10:07:06.3245597Z [36;1mif [ ! -d "$BASE_PATH" ]; then[0m
job-core	Scan directories and create matrix	2025-10-07T10:07:06.3247346Z [36;1m  echo "‚ùå Error: Base path '$BASE_PATH' does not exist"[0m
job-core	Scan directories and create matrix	2025-10-07T10:07:06.3249072Z [36;1m  exit 1[0m
job-core	Scan directories and create matrix	2025-10-07T10:07:06.3250508Z [36;1mfi[0m
job-core	Scan directories and create matrix	2025-10-07T10:07:06.3251446Z [36;1m[0m
job-core	Scan directories and create matrix	2025-10-07T10:07:06.3252432Z [36;1m# Extract main folder name[0m
job-core	Scan directories and create matrix	2025-10-07T10:07:06.3253941Z [36;1mMAIN_FOLDER=$(basename "$BASE_PATH")[0m
job-core	Scan directories and create matrix	2025-10-07T10:07:06.3255524Z [36;1mecho "üìÅ Main folder: $MAIN_FOLDER"[0m
job-core	Scan directories and create matrix	2025-10-07T10:07:06.3256953Z [36;1m[0m
job-core	Scan directories and create matrix	2025-10-07T10:07:06.3257911Z [36;1m# Initialize report[0m
job-core	Scan directories and create matrix	2025-10-07T10:07:06.3259197Z [36;1mcat > "$REPORT_FILE" << EOF[0m
job-core	Scan directories and create matrix	2025-10-07T10:07:06.3261072Z [36;1m# Directory Scan Report[0m
job-core	Scan directories and create matrix	2025-10-07T10:07:06.3262348Z [36;1m[0m
job-core	Scan directories and create matrix	2025-10-07T10:07:06.3263482Z [36;1m**Generated:** $(date '+%Y-%m-%d %H:%M:%S UTC')[0m
job-core	Scan directories and create matrix	2025-10-07T10:07:06.3265558Z [36;1m**Base Path:** \`$BASE_PATH\`[0m
job-core	Scan directories and create matrix	2025-10-07T10:07:06.3267038Z [36;1m**Main Folder:** \`$MAIN_FOLDER\`[0m
job-core	Scan directories and create matrix	2025-10-07T10:07:06.3268428Z [36;1m[0m
job-core	Scan directories and create matrix	2025-10-07T10:07:06.3269316Z [36;1m## Summary[0m
job-core	Scan directories and create matrix	2025-10-07T10:07:06.3270804Z [36;1mEOF[0m
job-core	Scan directories and create matrix	2025-10-07T10:07:06.3271728Z [36;1m[0m
job-core	Scan directories and create matrix	2025-10-07T10:07:06.3272746Z [36;1m# Initialize counters and matrix[0m
job-core	Scan directories and create matrix	2025-10-07T10:07:06.3274168Z [36;1mTOTAL_SUBDIRS=0[0m
job-core	Scan directories and create matrix	2025-10-07T10:07:06.3275332Z [36;1mTOTAL_FILES=0[0m
job-core	Scan directories and create matrix	2025-10-07T10:07:06.3276509Z [36;1mTOTAL_DOCKERFILES=0[0m
job-core	Scan directories and create matrix	2025-10-07T10:07:06.3277739Z [36;1mMATRIX_ITEMS="[]"[0m
job-core	Scan directories and create matrix	2025-10-07T10:07:06.3278888Z [36;1m[0m
job-core	Scan directories and create matrix	2025-10-07T10:07:06.3280337Z [36;1m# Scan first-level subdirectories[0m
job-core	Scan directories and create matrix	2025-10-07T10:07:06.3281816Z [36;1mecho "" >> "$REPORT_FILE"[0m
job-core	Scan directories and create matrix	2025-10-07T10:07:06.3283477Z [36;1mecho "## Subdirectories Analysis" >> "$REPORT_FILE"[0m
job-core	Scan directories and create matrix	2025-10-07T10:07:06.3285202Z [36;1mecho "" >> "$REPORT_FILE"[0m
job-core	Scan directories and create matrix	2025-10-07T10:07:06.3286450Z [36;1m[0m
job-core	Scan directories and create matrix	2025-10-07T10:07:06.3287459Z [36;1mfor subdir in "$BASE_PATH"/*/; do[0m
job-core	Scan directories and create matrix	2025-10-07T10:07:06.3288924Z [36;1m  if [ -d "$subdir" ]; then[0m
job-core	Scan directories and create matrix	2025-10-07T10:07:06.3290768Z [36;1m    SUBDIR_NAME=$(basename "$subdir")[0m
job-core	Scan directories and create matrix	2025-10-07T10:07:06.3292481Z [36;1m    TOTAL_SUBDIRS=$((TOTAL_SUBDIRS + 1))[0m
job-core	Scan directories and create matrix	2025-10-07T10:07:06.3293925Z [36;1m    [0m
job-core	Scan directories and create matrix	2025-10-07T10:07:06.3295075Z [36;1m    echo "### üìÇ $SUBDIR_NAME" >> "$REPORT_FILE"[0m
job-core	Scan directories and create matrix	2025-10-07T10:07:06.3296827Z [36;1m    echo "**Path:** \`$subdir\`" >> "$REPORT_FILE"[0m
job-core	Scan directories and create matrix	2025-10-07T10:07:06.3298461Z [36;1m    echo "" >> "$REPORT_FILE"[0m
job-core	Scan directories and create matrix	2025-10-07T10:07:06.3300221Z [36;1m    [0m
job-core	Scan directories and create matrix	2025-10-07T10:07:06.3301321Z [36;1m    # Count files and subdirectories[0m
job-core	Scan directories and create matrix	2025-10-07T10:07:06.3303179Z [36;1m    FILE_COUNT=$(find "$subdir" -maxdepth 1 -type f | wc -l)[0m
job-core	Scan directories and create matrix	2025-10-07T10:07:06.3305374Z [36;1m    SUBDIR_COUNT=$(find "$subdir" -maxdepth 1 -type d | wc -l)[0m
job-core	Scan directories and create matrix	2025-10-07T10:07:06.3307747Z [36;1m    SUBDIR_COUNT=$((SUBDIR_COUNT - 1))  # Exclude the directory itself[0m
job-core	Scan directories and create matrix	2025-10-07T10:07:06.3310116Z [36;1m    [0m
job-core	Scan directories and create matrix	2025-10-07T10:07:06.3311444Z [36;1m    TOTAL_FILES=$((TOTAL_FILES + FILE_COUNT))[0m
job-core	Scan directories and create matrix	2025-10-07T10:07:06.3312943Z [36;1m    [0m
job-core	Scan directories and create matrix	2025-10-07T10:07:06.3314178Z [36;1m    echo "- **Files:** $FILE_COUNT" >> "$REPORT_FILE"[0m
job-core	Scan directories and create matrix	2025-10-07T10:07:06.3316219Z [36;1m    echo "- **Subdirectories:** $SUBDIR_COUNT" >> "$REPORT_FILE"[0m
job-core	Scan directories and create matrix	2025-10-07T10:07:06.3318044Z [36;1m    echo "" >> "$REPORT_FILE"[0m
job-core	Scan directories and create matrix	2025-10-07T10:07:06.3319315Z [36;1m    [0m
job-core	Scan directories and create matrix	2025-10-07T10:07:06.3320665Z [36;1m    # List contents[0m
job-core	Scan directories and create matrix	2025-10-07T10:07:06.3321967Z [36;1m    echo "**Contents:**" >> "$REPORT_FILE"[0m
job-core	Scan directories and create matrix	2025-10-07T10:07:06.3323471Z [36;1m    for item in "$subdir"*; do[0m
job-core	Scan directories and create matrix	2025-10-07T10:07:06.3324958Z [36;1m      if [ -e "$item" ]; then[0m
job-core	Scan directories and create matrix	2025-10-07T10:07:06.3326347Z [36;1m        ITEM_NAME=$(basename "$item")[0m
job-core	Scan directories and create matrix	2025-10-07T10:07:06.3328102Z [36;1m        if [ -d "$item" ]; then[0m
job-core	Scan directories and create matrix	2025-10-07T10:07:06.3330046Z [36;1m          echo "- üìÅ $ITEM_NAME/" >> "$REPORT_FILE"[0m
job-core	Scan directories and create matrix	2025-10-07T10:07:06.3331532Z [36;1m        else[0m
job-core	Scan directories and create matrix	2025-10-07T10:07:06.3332715Z [36;1m          echo "- üìÑ $ITEM_NAME" >> "$REPORT_FILE"[0m
job-core	Scan directories and create matrix	2025-10-07T10:07:06.3334154Z [36;1m        fi[0m
job-core	Scan directories and create matrix	2025-10-07T10:07:06.3335095Z [36;1m      fi[0m
job-core	Scan directories and create matrix	2025-10-07T10:07:06.3336011Z [36;1m    done[0m
job-core	Scan directories and create matrix	2025-10-07T10:07:06.3336990Z [36;1m    echo "" >> "$REPORT_FILE"[0m
job-core	Scan directories and create matrix	2025-10-07T10:07:06.3338245Z [36;1m    [0m
job-core	Scan directories and create matrix	2025-10-07T10:07:06.3339596Z [36;1m    # Check for Dockerfiles in subdirectories (versions)[0m
job-core	Scan directories and create matrix	2025-10-07T10:07:06.3341630Z [36;1m    DOCKERFILES_FOUND=0[0m
job-core	Scan directories and create matrix	2025-10-07T10:07:06.3343063Z [36;1m    echo "**Docker Analysis:**" >> "$REPORT_FILE"[0m
job-core	Scan directories and create matrix	2025-10-07T10:07:06.3344516Z [36;1m    [0m
job-core	Scan directories and create matrix	2025-10-07T10:07:06.3345542Z [36;1m    for version_dir in "$subdir"/*/; do[0m
job-core	Scan directories and create matrix	2025-10-07T10:07:06.3347008Z [36;1m      if [ -d "$version_dir" ]; then[0m
job-core	Scan directories and create matrix	2025-10-07T10:07:06.3348747Z [36;1m        VERSION_NAME=$(basename "$version_dir")[0m
job-core	Scan directories and create matrix	2025-10-07T10:07:06.3350866Z [36;1m        DOCKERFILE_PATH="$version_dir/Dockerfile"[0m
job-core	Scan directories and create matrix	2025-10-07T10:07:06.3352550Z [36;1m        [0m
job-core	Scan directories and create matrix	2025-10-07T10:07:06.3353628Z [36;1m        if [ -f "$DOCKERFILE_PATH" ]; then[0m
job-core	Scan directories and create matrix	2025-10-07T10:07:06.3355307Z [36;1m          DOCKERFILES_FOUND=$((DOCKERFILES_FOUND + 1))[0m
job-core	Scan directories and create matrix	2025-10-07T10:07:06.3357451Z [36;1m          TOTAL_DOCKERFILES=$((TOTAL_DOCKERFILES + 1))[0m
job-core	Scan directories and create matrix	2025-10-07T10:07:06.3360331Z [36;1m          [0m
job-core	Scan directories and create matrix	2025-10-07T10:07:06.3362431Z [36;1m          echo "- ‚úÖ Version \`$VERSION_NAME\`: Dockerfile found" >> "$REPORT_FILE"[0m
job-core	Scan directories and create matrix	2025-10-07T10:07:06.3364427Z [36;1m          [0m
job-core	Scan directories and create matrix	2025-10-07T10:07:06.3365648Z [36;1m          # Add to matrix for workflow triggering[0m
job-core	Scan directories and create matrix	2025-10-07T10:07:06.3368913Z [36;1m          MATRIX_ITEM=$(cat << EOF[0m
job-core	Scan directories and create matrix	2025-10-07T10:07:06.3371889Z [36;1m{[0m
job-core	Scan directories and create matrix	2025-10-07T10:07:06.3375045Z [36;1m  "image_name": "$SUBDIR_NAME",[0m
job-core	Scan directories and create matrix	2025-10-07T10:07:06.3379337Z [36;1m  "version": "$VERSION_NAME",[0m
job-core	Scan directories and create matrix	2025-10-07T10:07:06.3384322Z [36;1m  "dockerfile_path": "$DOCKERFILE_PATH"[0m
job-core	Scan directories and create matrix	2025-10-07T10:07:06.3388670Z [36;1m}[0m
job-core	Scan directories and create matrix	2025-10-07T10:07:06.3390525Z [36;1mEOF[0m
job-core	Scan directories and create matrix	2025-10-07T10:07:06.3391401Z [36;1m          )[0m
job-core	Scan directories and create matrix	2025-10-07T10:07:06.3392355Z [36;1m          [0m
job-core	Scan directories and create matrix	2025-10-07T10:07:06.3393451Z [36;1m          if [ "$MATRIX_ITEMS" = "[]" ]; then[0m
job-core	Scan directories and create matrix	2025-10-07T10:07:06.3394984Z [36;1m            MATRIX_ITEMS="[$MATRIX_ITEM]"[0m
job-core	Scan directories and create matrix	2025-10-07T10:07:06.3396354Z [36;1m          else[0m
job-core	Scan directories and create matrix	2025-10-07T10:07:06.3397894Z [36;1m            MATRIX_ITEMS=$(echo "$MATRIX_ITEMS" | jq ". + [$MATRIX_ITEM]")[0m
job-core	Scan directories and create matrix	2025-10-07T10:07:06.3399953Z [36;1m          fi[0m
job-core	Scan directories and create matrix	2025-10-07T10:07:06.3401096Z [36;1m        else[0m
job-core	Scan directories and create matrix	2025-10-07T10:07:06.3402648Z [36;1m          echo "- ‚ùå Version \`$VERSION_NAME\`: No Dockerfile" >> "$REPORT_FILE"[0m
job-core	Scan directories and create matrix	2025-10-07T10:07:06.3404487Z [36;1m        fi[0m
job-core	Scan directories and create matrix	2025-10-07T10:07:06.3405413Z [36;1m      fi[0m
job-core	Scan directories and create matrix	2025-10-07T10:07:06.3406317Z [36;1m    done[0m
job-core	Scan directories and create matrix	2025-10-07T10:07:06.3407219Z [36;1m    [0m
job-core	Scan directories and create matrix	2025-10-07T10:07:06.3408268Z [36;1m    if [ $DOCKERFILES_FOUND -eq 0 ]; then[0m
job-core	Scan directories and create matrix	2025-10-07T10:07:06.3410916Z [36;1m      echo "- ‚ö†Ô∏è  No Dockerfiles found in any version subdirectory" >> "$REPORT_FILE"[0m
job-core	Scan directories and create matrix	2025-10-07T10:07:06.3412940Z [36;1m    fi[0m
job-core	Scan directories and create matrix	2025-10-07T10:07:06.3413828Z [36;1m    [0m
job-core	Scan directories and create matrix	2025-10-07T10:07:06.3414787Z [36;1m    echo "" >> "$REPORT_FILE"[0m
job-core	Scan directories and create matrix	2025-10-07T10:07:06.3416018Z [36;1m  fi[0m
job-core	Scan directories and create matrix	2025-10-07T10:07:06.3416884Z [36;1mdone[0m
job-core	Scan directories and create matrix	2025-10-07T10:07:06.3417744Z [36;1m[0m
job-core	Scan directories and create matrix	2025-10-07T10:07:06.3418602Z [36;1m# Update summary[0m
job-core	Scan directories and create matrix	2025-10-07T10:07:06.3420692Z [36;1mMATRIX_COUNT=$(echo "$MATRIX_ITEMS" | jq length 2>/dev/null || echo 0)[0m
job-core	Scan directories and create matrix	2025-10-07T10:07:06.3425061Z [36;1mSUMMARY_CONTENT="- **Total Subdirectories:** $TOTAL_SUBDIRS\n- **Total Files:** $TOTAL_FILES\n- **Total Dockerfiles:** $TOTAL_DOCKERFILES\n- **Docker Images to Process:** $MATRIX_COUNT"[0m
job-core	Scan directories and create matrix	2025-10-07T10:07:06.3431193Z [36;1mawk -v content="$SUMMARY_CONTENT" '/## Summary/{print; print content; next}1' "$REPORT_FILE" > "${REPORT_FILE}.tmp" && mv "${REPORT_FILE}.tmp" "$REPORT_FILE"[0m
job-core	Scan directories and create matrix	2025-10-07T10:07:06.3434682Z [36;1m[0m
job-core	Scan directories and create matrix	2025-10-07T10:07:06.3435594Z [36;1m# Add build matrix section[0m
job-core	Scan directories and create matrix	2025-10-07T10:07:06.3436973Z [36;1mecho "## Build Matrix" >> "$REPORT_FILE"[0m
job-core	Scan directories and create matrix	2025-10-07T10:07:06.3438407Z [36;1mecho "" >> "$REPORT_FILE"[0m
job-core	Scan directories and create matrix	2025-10-07T10:07:06.3439980Z [36;1mif [ "$MATRIX_ITEMS" != "[]" ]; then[0m
job-core	Scan directories and create matrix	2025-10-07T10:07:06.3442150Z [36;1m  echo "The following Docker images will be processed:" >> "$REPORT_FILE"[0m
job-core	Scan directories and create matrix	2025-10-07T10:07:06.3444137Z [36;1m  echo "" >> "$REPORT_FILE"[0m
job-core	Scan directories and create matrix	2025-10-07T10:07:06.3445465Z [36;1m  echo "\`\`\`json" >> "$REPORT_FILE"[0m
job-core	Scan directories and create matrix	2025-10-07T10:07:06.3447675Z [36;1m  echo "$MATRIX_ITEMS" | jq . >> "$REPORT_FILE" 2>/dev/null || echo "$MATRIX_ITEMS" >> "$REPORT_FILE"[0m
job-core	Scan directories and create matrix	2025-10-07T10:07:06.3450268Z [36;1m  echo "\`\`\`" >> "$REPORT_FILE"[0m
job-core	Scan directories and create matrix	2025-10-07T10:07:06.3451514Z [36;1melse[0m
job-core	Scan directories and create matrix	2025-10-07T10:07:06.3452836Z [36;1m  echo "‚ùå No Docker images found to process." >> "$REPORT_FILE"[0m
job-core	Scan directories and create matrix	2025-10-07T10:07:06.3454477Z [36;1mfi[0m
job-core	Scan directories and create matrix	2025-10-07T10:07:06.3455311Z [36;1m[0m
job-core	Scan directories and create matrix	2025-10-07T10:07:06.3456337Z [36;1m# Set outputs[0m
job-core	Scan directories and create matrix	2025-10-07T10:07:06.3457934Z [36;1mMATRIX_ITEMS=$(echo "$MATRIX_ITEMS" | jq -c .)[0m
job-core	Scan directories and create matrix	2025-10-07T10:07:06.3460110Z [36;1mecho "matrix=$MATRIX_ITEMS" >> $GITHUB_OUTPUT[0m
job-core	Scan directories and create matrix	2025-10-07T10:07:06.3462417Z [36;1mecho "has-dockerfiles=$([ "$MATRIX_ITEMS" != "[]" ] && echo true || echo false)" >> $GITHUB_OUTPUT[0m
job-core	Scan directories and create matrix	2025-10-07T10:07:06.3464822Z [36;1mecho "report-file=$REPORT_FILE" >> $GITHUB_OUTPUT[0m
job-core	Scan directories and create matrix	2025-10-07T10:07:06.3466288Z [36;1m[0m
job-core	Scan directories and create matrix	2025-10-07T10:07:06.3467147Z [36;1m# Display summary[0m
job-core	Scan directories and create matrix	2025-10-07T10:07:06.3468273Z [36;1mecho "üìä Scan completed:"[0m
job-core	Scan directories and create matrix	2025-10-07T10:07:06.3469931Z [36;1mecho "   - Subdirectories: $TOTAL_SUBDIRS"[0m
job-core	Scan directories and create matrix	2025-10-07T10:07:06.3471574Z [36;1mecho "   - Files: $TOTAL_FILES"[0m
job-core	Scan directories and create matrix	2025-10-07T10:07:06.3473015Z [36;1mecho "   - Dockerfiles: $TOTAL_DOCKERFILES"[0m
job-core	Scan directories and create matrix	2025-10-07T10:07:06.3474512Z [36;1mecho "   - Report: $REPORT_FILE"[0m
job-core	Scan directories and create matrix	2025-10-07T10:07:06.3496505Z shell: /usr/bin/bash -e {0}
job-core	Scan directories and create matrix	2025-10-07T10:07:06.3497685Z env:
job-core	Scan directories and create matrix	2025-10-07T10:07:06.3498599Z   KAOS_BASE_PATH: core/runner
job-core	Scan directories and create matrix	2025-10-07T10:07:06.3500254Z   KAOS_MODULE: [Ka0S] Scan Directories and Trigger Workflows
job-core	Scan directories and create matrix	2025-10-07T10:07:06.3501828Z   KAOS_CODE: 18309207177
job-core	Scan directories and create matrix	2025-10-07T10:07:06.3502938Z   KAOS_TARGET_WORKFLOW: scan-image.yml
job-core	Scan directories and create matrix	2025-10-07T10:07:06.3504182Z   KAOS_DRY_RUN: false
job-core	Scan directories and create matrix	2025-10-07T10:07:06.3505224Z   REPORTS_DESTINATION: audit/scan
job-core	Scan directories and create matrix	2025-10-07T10:07:06.3506385Z ##[endgroup]
job-core	Scan directories and create matrix	2025-10-07T10:07:06.3608780Z /home/runner/_work/_temp/faaa71af-8bb9-43a9-b75a-7e1e294b26a3.sh: line 2: ${ env.REPORTS_DESTINATION }/${ env.KAOS_CODE }-$(date +%Y%m%d-%H%M%S).md: bad substitution
job-core	Scan directories and create matrix	2025-10-07T10:07:06.3631657Z ##[error]Process completed with exit code 1.
job-core	Post Checkout code	Ôªø2025-10-07T10:07:06.4153149Z Post job cleanup.
job-core	Post Checkout code	2025-10-07T10:07:06.5539769Z [command]/usr/bin/git version
job-core	Post Checkout code	2025-10-07T10:07:06.5587857Z git version 2.51.0
job-core	Post Checkout code	2025-10-07T10:07:06.5653611Z Temporarily overriding HOME='/home/runner/_work/_temp/5b03747f-1e08-46e9-8b8a-79f1f2336b77' before making global git config changes
job-core	Post Checkout code	2025-10-07T10:07:06.5660530Z Adding repository directory to the temporary git global config as a safe directory
job-core	Post Checkout code	2025-10-07T10:07:06.5665702Z [command]/usr/bin/git config --global --add safe.directory /home/runner/_work/ka0s/ka0s
job-core	Post Checkout code	2025-10-07T10:07:06.5720424Z [command]/usr/bin/git config --local --name-only --get-regexp core\.sshCommand
job-core	Post Checkout code	2025-10-07T10:07:06.5784076Z [command]/usr/bin/git submodule foreach --recursive sh -c "git config --local --name-only --get-regexp 'core\.sshCommand' && git config --local --unset-all 'core.sshCommand' || :"
job-core	Post Checkout code	2025-10-07T10:07:06.6117806Z [command]/usr/bin/git config --local --name-only --get-regexp http\.https\:\/\/github\.com\/\.extraheader
job-core	Post Checkout code	2025-10-07T10:07:06.6147441Z http.https://github.com/.extraheader
job-core	Post Checkout code	2025-10-07T10:07:06.6167514Z [command]/usr/bin/git config --local --unset-all http.https://github.com/.extraheader
job-core	Post Checkout code	2025-10-07T10:07:06.6212825Z [command]/usr/bin/git submodule foreach --recursive sh -c "git config --local --name-only --get-regexp 'http\.https\:\/\/github\.com\/\.extraheader' && git config --local --unset-all 'http.https://github.com/.extraheader' || :"
job-core	Complete job	Ôªø2025-10-07T10:07:06.6738062Z Evaluate and set job outputs
job-core	Complete job	2025-10-07T10:07:06.6754714Z Cleaning up orphan processes
handle_failure	Set up job	Ôªø2025-10-07T10:07:12.7248084Z Current runner version: '2.328.0'
handle_failure	Set up job	2025-10-07T10:07:12.7261204Z Runner name: 'a8be582e13bd'
handle_failure	Set up job	2025-10-07T10:07:12.7262269Z Runner group name: 'swarm-runners'
handle_failure	Set up job	2025-10-07T10:07:12.7263521Z Machine name: 'a8be582e13bd'
handle_failure	Set up job	2025-10-07T10:07:12.7272466Z ##[group]GITHUB_TOKEN Permissions
handle_failure	Set up job	2025-10-07T10:07:12.7277698Z Actions: write
handle_failure	Set up job	2025-10-07T10:07:12.7280402Z Contents: write
handle_failure	Set up job	2025-10-07T10:07:12.7282702Z Metadata: read
handle_failure	Set up job	2025-10-07T10:07:12.7284917Z ##[endgroup]
handle_failure	Set up job	2025-10-07T10:07:12.7364314Z Secret source: Actions
handle_failure	Set up job	2025-10-07T10:07:12.7365136Z Prepare workflow directory
handle_failure	Set up job	2025-10-07T10:07:12.8135992Z Prepare all required actions
handle_failure	Set up job	2025-10-07T10:07:12.8193613Z Getting action download info
handle_failure	Set up job	2025-10-07T10:07:13.4376800Z Download action repository 'actions/checkout@v4' (SHA:08eba0b27e820071cde6df949e0beb9ba4906955)
handle_failure	Set up job	2025-10-07T10:07:14.3749873Z Complete job name: handle_failure
handle_failure	Checkout code	Ôªø2025-10-07T10:07:14.4616572Z ##[group]Run actions/checkout@v4
handle_failure	Checkout code	2025-10-07T10:07:14.4617725Z with:
handle_failure	Checkout code	2025-10-07T10:07:14.4618239Z   fetch-depth: 0
handle_failure	Checkout code	2025-10-07T10:07:14.4619137Z   token: ***
handle_failure	Checkout code	2025-10-07T10:07:14.4620035Z   repository: Ka0s-Klaus/ka0s
handle_failure	Checkout code	2025-10-07T10:07:14.4620653Z   ssh-strict: true
handle_failure	Checkout code	2025-10-07T10:07:14.4621291Z   ssh-user: git
handle_failure	Checkout code	2025-10-07T10:07:14.4621796Z   persist-credentials: true
handle_failure	Checkout code	2025-10-07T10:07:14.4622343Z   clean: true
handle_failure	Checkout code	2025-10-07T10:07:14.4622843Z   sparse-checkout-cone-mode: true
handle_failure	Checkout code	2025-10-07T10:07:14.4623446Z   fetch-tags: false
handle_failure	Checkout code	2025-10-07T10:07:14.4623941Z   show-progress: true
handle_failure	Checkout code	2025-10-07T10:07:14.4624446Z   lfs: false
handle_failure	Checkout code	2025-10-07T10:07:14.4624902Z   submodules: false
handle_failure	Checkout code	2025-10-07T10:07:14.4625412Z   set-safe-directory: true
handle_failure	Checkout code	2025-10-07T10:07:14.4626277Z env:
handle_failure	Checkout code	2025-10-07T10:07:14.4626754Z   KAOS_BASE_PATH: core/runner
handle_failure	Checkout code	2025-10-07T10:07:14.4627459Z   KAOS_MODULE: [Ka0S] Scan Directories and Trigger Workflows
handle_failure	Checkout code	2025-10-07T10:07:14.4628207Z   KAOS_CODE: 18309207177
handle_failure	Checkout code	2025-10-07T10:07:14.4628764Z   KAOS_TARGET_WORKFLOW: scan-image.yml
handle_failure	Checkout code	2025-10-07T10:07:14.4629426Z   KAOS_DRY_RUN: false
handle_failure	Checkout code	2025-10-07T10:07:14.4630466Z   REPORTS_DESTINATION: audit/scan
handle_failure	Checkout code	2025-10-07T10:07:14.4631071Z ##[endgroup]
handle_failure	Checkout code	2025-10-07T10:07:14.6328480Z Syncing repository: Ka0s-Klaus/ka0s
handle_failure	Checkout code	2025-10-07T10:07:14.6331205Z ##[group]Getting Git version info
handle_failure	Checkout code	2025-10-07T10:07:14.6332070Z Working directory is '/home/runner/_work/ka0s/ka0s'
handle_failure	Checkout code	2025-10-07T10:07:14.6333276Z [command]/usr/bin/git version
handle_failure	Checkout code	2025-10-07T10:07:14.6333926Z git version 2.51.0
handle_failure	Checkout code	2025-10-07T10:07:14.6356916Z ##[endgroup]
handle_failure	Checkout code	2025-10-07T10:07:14.6380594Z Temporarily overriding HOME='/home/runner/_work/_temp/c9e3ebf7-2d5c-4486-85e2-baa00087cee8' before making global git config changes
handle_failure	Checkout code	2025-10-07T10:07:14.6385345Z Adding repository directory to the temporary git global config as a safe directory
handle_failure	Checkout code	2025-10-07T10:07:14.6390581Z [command]/usr/bin/git config --global --add safe.directory /home/runner/_work/ka0s/ka0s
handle_failure	Checkout code	2025-10-07T10:07:14.6440794Z Deleting the contents of '/home/runner/_work/ka0s/ka0s'
handle_failure	Checkout code	2025-10-07T10:07:14.6449499Z ##[group]Initializing the repository
handle_failure	Checkout code	2025-10-07T10:07:14.6455021Z [command]/usr/bin/git init /home/runner/_work/ka0s/ka0s
handle_failure	Checkout code	2025-10-07T10:07:14.6510778Z hint: Using 'master' as the name for the initial branch. This default branch name
handle_failure	Checkout code	2025-10-07T10:07:14.6513526Z hint: is subject to change. To configure the initial branch name to use in all
handle_failure	Checkout code	2025-10-07T10:07:14.6515771Z hint: of your new repositories, which will suppress this warning, call:
handle_failure	Checkout code	2025-10-07T10:07:14.6517565Z hint:
handle_failure	Checkout code	2025-10-07T10:07:14.6518749Z hint: 	git config --global init.defaultBranch <name>
handle_failure	Checkout code	2025-10-07T10:07:14.6520563Z hint:
handle_failure	Checkout code	2025-10-07T10:07:14.6522188Z hint: Names commonly chosen instead of 'master' are 'main', 'trunk' and
handle_failure	Checkout code	2025-10-07T10:07:14.6524277Z hint: 'development'. The just-created branch can be renamed via this command:
handle_failure	Checkout code	2025-10-07T10:07:14.6526067Z hint:
handle_failure	Checkout code	2025-10-07T10:07:14.6526904Z hint: 	git branch -m <name>
handle_failure	Checkout code	2025-10-07T10:07:14.6527830Z hint:
handle_failure	Checkout code	2025-10-07T10:07:14.6530219Z hint: Disable this message with "git config set advice.defaultBranchName false"
handle_failure	Checkout code	2025-10-07T10:07:14.6533132Z Initialized empty Git repository in /home/runner/_work/ka0s/ka0s/.git/
handle_failure	Checkout code	2025-10-07T10:07:14.6539780Z [command]/usr/bin/git remote add origin https://github.com/Ka0s-Klaus/ka0s
handle_failure	Checkout code	2025-10-07T10:07:14.6588695Z ##[endgroup]
handle_failure	Checkout code	2025-10-07T10:07:14.6591890Z ##[group]Disabling automatic garbage collection
handle_failure	Checkout code	2025-10-07T10:07:14.6595418Z [command]/usr/bin/git config --local gc.auto 0
handle_failure	Checkout code	2025-10-07T10:07:14.6636138Z ##[endgroup]
handle_failure	Checkout code	2025-10-07T10:07:14.6638025Z ##[group]Setting up auth
handle_failure	Checkout code	2025-10-07T10:07:14.6648257Z [command]/usr/bin/git config --local --name-only --get-regexp core\.sshCommand
handle_failure	Checkout code	2025-10-07T10:07:14.6696407Z [command]/usr/bin/git submodule foreach --recursive sh -c "git config --local --name-only --get-regexp 'core\.sshCommand' && git config --local --unset-all 'core.sshCommand' || :"
handle_failure	Checkout code	2025-10-07T10:07:14.7057191Z [command]/usr/bin/git config --local --name-only --get-regexp http\.https\:\/\/github\.com\/\.extraheader
handle_failure	Checkout code	2025-10-07T10:07:14.7100189Z [command]/usr/bin/git submodule foreach --recursive sh -c "git config --local --name-only --get-regexp 'http\.https\:\/\/github\.com\/\.extraheader' && git config --local --unset-all 'http.https://github.com/.extraheader' || :"
handle_failure	Checkout code	2025-10-07T10:07:14.7432273Z [command]/usr/bin/git config --local http.https://github.com/.extraheader AUTHORIZATION: basic ***
handle_failure	Checkout code	2025-10-07T10:07:14.7486448Z ##[endgroup]
handle_failure	Checkout code	2025-10-07T10:07:14.7489913Z ##[group]Fetching the repository
handle_failure	Checkout code	2025-10-07T10:07:14.7500308Z [command]/usr/bin/git -c protocol.version=2 fetch --prune --no-recurse-submodules origin +refs/heads/*:refs/remotes/origin/* +refs/tags/*:refs/tags/*
handle_failure	Checkout code	2025-10-07T10:07:28.7392308Z From https://github.com/Ka0s-Klaus/ka0s
handle_failure	Checkout code	2025-10-07T10:07:28.7394057Z  * [new branch]        F1149-desarrollo-de-orchestrator -> origin/F1149-desarrollo-de-orchestrator
handle_failure	Checkout code	2025-10-07T10:07:28.7396632Z  * [new branch]        F1183-personalizaci√≥n-m√≥dulo-finops -> origin/F1183-personalizaci√≥n-m√≥dulo-finops
handle_failure	Checkout code	2025-10-07T10:07:28.7404093Z  * [new branch]        F1224-new-module-mongodb -> origin/F1224-new-module-mongodb
handle_failure	Checkout code	2025-10-07T10:07:28.7406480Z  * [new branch]        F220-web-de-resultados  -> origin/F220-web-de-resultados
handle_failure	Checkout code	2025-10-07T10:07:28.7494588Z  * [new branch]        F227-despliegue-de-kube-independiente-del-clouder -> origin/F227-despliegue-de-kube-independiente-del-clouder
handle_failure	Checkout code	2025-10-07T10:07:28.7498675Z  * [new branch]        F329-documentacion-metodologia-de-kaos -> origin/F329-documentacion-metodologia-de-kaos
handle_failure	Checkout code	2025-10-07T10:07:28.7508394Z  * [new branch]        F44-creaci√≥n-m√≥dulo-versionado -> origin/F44-creaci√≥n-m√≥dulo-versionado
handle_failure	Checkout code	2025-10-07T10:07:28.7516093Z  * [new branch]        H1128-m√≥dulo-de-observabilidad -> origin/H1128-m√≥dulo-de-observabilidad
handle_failure	Checkout code	2025-10-07T10:07:28.7517929Z  * [new branch]        H1139-como-instalar-arc-control -> origin/H1139-como-instalar-arc-control
handle_failure	Checkout code	2025-10-07T10:07:28.7519981Z  * [new branch]        H1149-desarrollo-de-orchestrator -> origin/H1149-desarrollo-de-orchestrator
handle_failure	Checkout code	2025-10-07T10:07:28.7521849Z  * [new branch]        H1150-desarrollo-de-secciones -> origin/H1150-desarrollo-de-secciones
handle_failure	Checkout code	2025-10-07T10:07:28.7524150Z  * [new branch]        H1151-desarrollo-de-secciones-ii -> origin/H1151-desarrollo-de-secciones-ii
handle_failure	Checkout code	2025-10-07T10:07:28.7525816Z  * [new branch]        H1152-desarrollo-inicio -> origin/H1152-desarrollo-inicio
handle_failure	Checkout code	2025-10-07T10:07:28.7527528Z  * [new branch]        H1183-personalizaci√≥n-m√≥dulo-finops -> origin/H1183-personalizaci√≥n-m√≥dulo-finops
handle_failure	Checkout code	2025-10-07T10:07:28.7528508Z  * [new branch]        H1193-ejemplo-web-documentacion -> origin/H1193-ejemplo-web-documentacion
handle_failure	Checkout code	2025-10-07T10:07:28.7529284Z  * [new branch]        H1205-web-creation      -> origin/H1205-web-creation
handle_failure	Checkout code	2025-10-07T10:07:28.7530142Z  * [new branch]        H1224-new-module-mongodb -> origin/H1224-new-module-mongodb
handle_failure	Checkout code	2025-10-07T10:07:28.7530860Z  * [new branch]        H1410-modulo-execution  -> origin/H1410-modulo-execution
handle_failure	Checkout code	2025-10-07T10:07:28.7532078Z  * [new branch]        H1514-new-swarm-deployment-stack-with-actions-runners-autoscale -> origin/H1514-new-swarm-deployment-stack-with-actions-runners-autoscale
handle_failure	Checkout code	2025-10-07T10:07:28.7533453Z  * [new branch]        H1646-modulo-de-control-de-runners -> origin/H1646-modulo-de-control-de-runners
handle_failure	Checkout code	2025-10-07T10:07:28.7534655Z  * [new branch]        H215-modulo-de-summary  -> origin/H215-modulo-de-summary
handle_failure	Checkout code	2025-10-07T10:07:28.7535339Z  * [new branch]        H220-web-de-resultados  -> origin/H220-web-de-resultados
handle_failure	Checkout code	2025-10-07T10:07:28.7536380Z  * [new branch]        H227-despliegue-de-kube-independiente-del-clouder -> origin/H227-despliegue-de-kube-independiente-del-clouder
handle_failure	Checkout code	2025-10-07T10:07:28.7537476Z  * [new branch]        H306-ficheros-de-estadisticas -> origin/H306-ficheros-de-estadisticas
handle_failure	Checkout code	2025-10-07T10:07:28.7538480Z  * [new branch]        H328-documentacion-modulo-principal-de-kaos -> origin/H328-documentacion-modulo-principal-de-kaos
handle_failure	Checkout code	2025-10-07T10:07:28.7539710Z  * [new branch]        H329-documentacion-metodologia-de-kaos -> origin/H329-documentacion-metodologia-de-kaos
handle_failure	Checkout code	2025-10-07T10:07:28.7540817Z  * [new branch]        H338-relanzador-de-jobs-en-caso-de-pattern -> origin/H338-relanzador-de-jobs-en-caso-de-pattern
handle_failure	Checkout code	2025-10-07T10:07:28.7542185Z  * [new branch]        H38-documentacion-basica-del-proyecto -> origin/H38-documentacion-basica-del-proyecto
handle_failure	Checkout code	2025-10-07T10:07:28.7543395Z  * [new branch]        H44-creaci√≥n-m√≥dulo-versionado -> origin/H44-creaci√≥n-m√≥dulo-versionado
handle_failure	Checkout code	2025-10-07T10:07:28.7544344Z  * [new branch]        RN1149-desarrollo-de-orchestrator -> origin/RN1149-desarrollo-de-orchestrator
handle_failure	Checkout code	2025-10-07T10:07:28.7545423Z  * [new branch]        RN1183-personalizaci√≥n-m√≥dulo-finops -> origin/RN1183-personalizaci√≥n-m√≥dulo-finops
handle_failure	Checkout code	2025-10-07T10:07:28.7546733Z  * [new branch]        RN1282-ka0s-error-detected-in-ka0s-workflow-statistics-summary -> origin/RN1282-ka0s-error-detected-in-ka0s-workflow-statistics-summary
handle_failure	Checkout code	2025-10-07T10:07:28.7547916Z  * [new branch]        RN220-web-de-resultados -> origin/RN220-web-de-resultados
handle_failure	Checkout code	2025-10-07T10:07:28.7548942Z  * [new branch]        RN227-despliegue-de-kube-independiente-del-clouder -> origin/RN227-despliegue-de-kube-independiente-del-clouder
handle_failure	Checkout code	2025-10-07T10:07:28.7550335Z  * [new branch]        RN329-documentacion-metodologia-de-kaos -> origin/RN329-documentacion-metodologia-de-kaos
handle_failure	Checkout code	2025-10-07T10:07:28.7551193Z  * [new branch]        main                    -> origin/main
handle_failure	Checkout code	2025-10-07T10:07:28.7551692Z  * [new tag]           0.0.0                   -> 0.0.0
handle_failure	Checkout code	2025-10-07T10:07:28.7552158Z  * [new tag]           0.0.1                   -> 0.0.1
handle_failure	Checkout code	2025-10-07T10:07:28.7552622Z  * [new tag]           0.0.10                  -> 0.0.10
handle_failure	Checkout code	2025-10-07T10:07:28.7553097Z  * [new tag]           0.0.100                 -> 0.0.100
handle_failure	Checkout code	2025-10-07T10:07:28.7553565Z  * [new tag]           0.0.101                 -> 0.0.101
handle_failure	Checkout code	2025-10-07T10:07:28.7554037Z  * [new tag]           0.0.102                 -> 0.0.102
handle_failure	Checkout code	2025-10-07T10:07:28.7554508Z  * [new tag]           0.0.103                 -> 0.0.103
handle_failure	Checkout code	2025-10-07T10:07:28.7554972Z  * [new tag]           0.0.104                 -> 0.0.104
handle_failure	Checkout code	2025-10-07T10:07:28.7555438Z  * [new tag]           0.0.105                 -> 0.0.105
handle_failure	Checkout code	2025-10-07T10:07:28.7555949Z  * [new tag]           0.0.106                 -> 0.0.106
handle_failure	Checkout code	2025-10-07T10:07:28.7556432Z  * [new tag]           0.0.107                 -> 0.0.107
handle_failure	Checkout code	2025-10-07T10:07:28.7556897Z  * [new tag]           0.0.108                 -> 0.0.108
handle_failure	Checkout code	2025-10-07T10:07:28.7557368Z  * [new tag]           0.0.109                 -> 0.0.109
handle_failure	Checkout code	2025-10-07T10:07:28.7557840Z  * [new tag]           0.0.11                  -> 0.0.11
handle_failure	Checkout code	2025-10-07T10:07:28.7558305Z  * [new tag]           0.0.110                 -> 0.0.110
handle_failure	Checkout code	2025-10-07T10:07:28.7558776Z  * [new tag]           0.0.111                 -> 0.0.111
handle_failure	Checkout code	2025-10-07T10:07:28.7559247Z  * [new tag]           0.0.112                 -> 0.0.112
handle_failure	Checkout code	2025-10-07T10:07:28.7559798Z  * [new tag]           0.0.113                 -> 0.0.113
handle_failure	Checkout code	2025-10-07T10:07:28.7560276Z  * [new tag]           0.0.114                 -> 0.0.114
handle_failure	Checkout code	2025-10-07T10:07:28.7560742Z  * [new tag]           0.0.115                 -> 0.0.115
handle_failure	Checkout code	2025-10-07T10:07:28.7561208Z  * [new tag]           0.0.116                 -> 0.0.116
handle_failure	Checkout code	2025-10-07T10:07:28.7561697Z  * [new tag]           0.0.117                 -> 0.0.117
handle_failure	Checkout code	2025-10-07T10:07:28.7562389Z  * [new tag]           0.0.118                 -> 0.0.118
handle_failure	Checkout code	2025-10-07T10:07:28.7562861Z  * [new tag]           0.0.119                 -> 0.0.119
handle_failure	Checkout code	2025-10-07T10:07:28.7563331Z  * [new tag]           0.0.12                  -> 0.0.12
handle_failure	Checkout code	2025-10-07T10:07:28.7563800Z  * [new tag]           0.0.120                 -> 0.0.120
handle_failure	Checkout code	2025-10-07T10:07:28.7564270Z  * [new tag]           0.0.121                 -> 0.0.121
handle_failure	Checkout code	2025-10-07T10:07:28.7564744Z  * [new tag]           0.0.122                 -> 0.0.122
handle_failure	Checkout code	2025-10-07T10:07:28.7565239Z  * [new tag]           0.0.123                 -> 0.0.123
handle_failure	Checkout code	2025-10-07T10:07:28.7565710Z  * [new tag]           0.0.124                 -> 0.0.124
handle_failure	Checkout code	2025-10-07T10:07:28.7566177Z  * [new tag]           0.0.125                 -> 0.0.125
handle_failure	Checkout code	2025-10-07T10:07:28.7566650Z  * [new tag]           0.0.126                 -> 0.0.126
handle_failure	Checkout code	2025-10-07T10:07:28.7567120Z  * [new tag]           0.0.127                 -> 0.0.127
handle_failure	Checkout code	2025-10-07T10:07:28.7567768Z  * [new tag]           0.0.128                 -> 0.0.128
handle_failure	Checkout code	2025-10-07T10:07:28.7568255Z  * [new tag]           0.0.129                 -> 0.0.129
handle_failure	Checkout code	2025-10-07T10:07:28.7568731Z  * [new tag]           0.0.13                  -> 0.0.13
handle_failure	Checkout code	2025-10-07T10:07:28.7569204Z  * [new tag]           0.0.130                 -> 0.0.130
handle_failure	Checkout code	2025-10-07T10:07:28.7570010Z  * [new tag]           0.0.131                 -> 0.0.131
handle_failure	Checkout code	2025-10-07T10:07:28.7570600Z  * [new tag]           0.0.132                 -> 0.0.132
handle_failure	Checkout code	2025-10-07T10:07:28.7571073Z  * [new tag]           0.0.133                 -> 0.0.133
handle_failure	Checkout code	2025-10-07T10:07:28.7571549Z  * [new tag]           0.0.134                 -> 0.0.134
handle_failure	Checkout code	2025-10-07T10:07:28.7572020Z  * [new tag]           0.0.135                 -> 0.0.135
handle_failure	Checkout code	2025-10-07T10:07:28.7572486Z  * [new tag]           0.0.136                 -> 0.0.136
handle_failure	Checkout code	2025-10-07T10:07:28.7572956Z  * [new tag]           0.0.137                 -> 0.0.137
handle_failure	Checkout code	2025-10-07T10:07:28.7573449Z  * [new tag]           0.0.138                 -> 0.0.138
handle_failure	Checkout code	2025-10-07T10:07:28.7573924Z  * [new tag]           0.0.139                 -> 0.0.139
handle_failure	Checkout code	2025-10-07T10:07:28.7574403Z  * [new tag]           0.0.14                  -> 0.0.14
handle_failure	Checkout code	2025-10-07T10:07:28.7574880Z  * [new tag]           0.0.140                 -> 0.0.140
handle_failure	Checkout code	2025-10-07T10:07:28.7575354Z  * [new tag]           0.0.141                 -> 0.0.141
handle_failure	Checkout code	2025-10-07T10:07:28.7575820Z  * [new tag]           0.0.142                 -> 0.0.142
handle_failure	Checkout code	2025-10-07T10:07:28.7576295Z  * [new tag]           0.0.143                 -> 0.0.143
handle_failure	Checkout code	2025-10-07T10:07:28.7576766Z  * [new tag]           0.0.144                 -> 0.0.144
handle_failure	Checkout code	2025-10-07T10:07:28.7577233Z  * [new tag]           0.0.145                 -> 0.0.145
handle_failure	Checkout code	2025-10-07T10:07:28.7577700Z  * [new tag]           0.0.146                 -> 0.0.146
handle_failure	Checkout code	2025-10-07T10:07:28.7578174Z  * [new tag]           0.0.147                 -> 0.0.147
handle_failure	Checkout code	2025-10-07T10:07:28.7578646Z  * [new tag]           0.0.148                 -> 0.0.148
handle_failure	Checkout code	2025-10-07T10:07:28.7579126Z  * [new tag]           0.0.149                 -> 0.0.149
handle_failure	Checkout code	2025-10-07T10:07:28.7579747Z  * [new tag]           0.0.15                  -> 0.0.15
handle_failure	Checkout code	2025-10-07T10:07:28.7580254Z  * [new tag]           0.0.150                 -> 0.0.150
handle_failure	Checkout code	2025-10-07T10:07:28.7580727Z  * [new tag]           0.0.151                 -> 0.0.151
handle_failure	Checkout code	2025-10-07T10:07:28.7581192Z  * [new tag]           0.0.152                 -> 0.0.152
handle_failure	Checkout code	2025-10-07T10:07:28.7581661Z  * [new tag]           0.0.153                 -> 0.0.153
handle_failure	Checkout code	2025-10-07T10:07:28.7582127Z  * [new tag]           0.0.154                 -> 0.0.154
handle_failure	Checkout code	2025-10-07T10:07:28.7582594Z  * [new tag]           0.0.155                 -> 0.0.155
handle_failure	Checkout code	2025-10-07T10:07:28.7583064Z  * [new tag]           0.0.156                 -> 0.0.156
handle_failure	Checkout code	2025-10-07T10:07:28.7583538Z  * [new tag]           0.0.157                 -> 0.0.157
handle_failure	Checkout code	2025-10-07T10:07:28.7584008Z  * [new tag]           0.0.158                 -> 0.0.158
handle_failure	Checkout code	2025-10-07T10:07:28.7584476Z  * [new tag]           0.0.159                 -> 0.0.159
handle_failure	Checkout code	2025-10-07T10:07:28.7584969Z  * [new tag]           0.0.16                  -> 0.0.16
handle_failure	Checkout code	2025-10-07T10:07:28.7585734Z  * [new tag]           0.0.160                 -> 0.0.160
handle_failure	Checkout code	2025-10-07T10:07:28.7586202Z  * [new tag]           0.0.161                 -> 0.0.161
handle_failure	Checkout code	2025-10-07T10:07:28.7586675Z  * [new tag]           0.0.162                 -> 0.0.162
handle_failure	Checkout code	2025-10-07T10:07:28.7587144Z  * [new tag]           0.0.163                 -> 0.0.163
handle_failure	Checkout code	2025-10-07T10:07:28.7587610Z  * [new tag]           0.0.164                 -> 0.0.164
handle_failure	Checkout code	2025-10-07T10:07:28.7588084Z  * [new tag]           0.0.165                 -> 0.0.165
handle_failure	Checkout code	2025-10-07T10:07:28.7588550Z  * [new tag]           0.0.166                 -> 0.0.166
handle_failure	Checkout code	2025-10-07T10:07:28.7589025Z  * [new tag]           0.0.167                 -> 0.0.167
handle_failure	Checkout code	2025-10-07T10:07:28.7589489Z  * [new tag]           0.0.168                 -> 0.0.168
handle_failure	Checkout code	2025-10-07T10:07:28.7590166Z  * [new tag]           0.0.169                 -> 0.0.169
handle_failure	Checkout code	2025-10-07T10:07:28.7590652Z  * [new tag]           0.0.17                  -> 0.0.17
handle_failure	Checkout code	2025-10-07T10:07:28.7591324Z  * [new tag]           0.0.170                 -> 0.0.170
handle_failure	Checkout code	2025-10-07T10:07:28.7591803Z  * [new tag]           0.0.171                 -> 0.0.171
handle_failure	Checkout code	2025-10-07T10:07:28.7592274Z  * [new tag]           0.0.172                 -> 0.0.172
handle_failure	Checkout code	2025-10-07T10:07:28.7592738Z  * [new tag]           0.0.173                 -> 0.0.173
handle_failure	Checkout code	2025-10-07T10:07:28.7593198Z  * [new tag]           0.0.174                 -> 0.0.174
handle_failure	Checkout code	2025-10-07T10:07:28.7593665Z  * [new tag]           0.0.175                 -> 0.0.175
handle_failure	Checkout code	2025-10-07T10:07:28.7594131Z  * [new tag]           0.0.176                 -> 0.0.176
handle_failure	Checkout code	2025-10-07T10:07:28.7594591Z  * [new tag]           0.0.177                 -> 0.0.177
handle_failure	Checkout code	2025-10-07T10:07:28.7595054Z  * [new tag]           0.0.178                 -> 0.0.178
handle_failure	Checkout code	2025-10-07T10:07:28.7595522Z  * [new tag]           0.0.179                 -> 0.0.179
handle_failure	Checkout code	2025-10-07T10:07:28.7595988Z  * [new tag]           0.0.18                  -> 0.0.18
handle_failure	Checkout code	2025-10-07T10:07:28.7596462Z  * [new tag]           0.0.19                  -> 0.0.19
handle_failure	Checkout code	2025-10-07T10:07:28.7596921Z  * [new tag]           0.0.2                   -> 0.0.2
handle_failure	Checkout code	2025-10-07T10:07:28.7597398Z  * [new tag]           0.0.20                  -> 0.0.20
handle_failure	Checkout code	2025-10-07T10:07:28.7597860Z  * [new tag]           0.0.21                  -> 0.0.21
handle_failure	Checkout code	2025-10-07T10:07:28.7598326Z  * [new tag]           0.0.22                  -> 0.0.22
handle_failure	Checkout code	2025-10-07T10:07:28.7598791Z  * [new tag]           0.0.23                  -> 0.0.23
handle_failure	Checkout code	2025-10-07T10:07:28.7599254Z  * [new tag]           0.0.24                  -> 0.0.24
handle_failure	Checkout code	2025-10-07T10:07:28.7599907Z  * [new tag]           0.0.25                  -> 0.0.25
handle_failure	Checkout code	2025-10-07T10:07:28.7600385Z  * [new tag]           0.0.26                  -> 0.0.26
handle_failure	Checkout code	2025-10-07T10:07:28.7601221Z  * [new tag]           0.0.27                  -> 0.0.27
handle_failure	Checkout code	2025-10-07T10:07:28.7601695Z  * [new tag]           0.0.28                  -> 0.0.28
handle_failure	Checkout code	2025-10-07T10:07:28.7602160Z  * [new tag]           0.0.29                  -> 0.0.29
handle_failure	Checkout code	2025-10-07T10:07:28.7602642Z  * [new tag]           0.0.3                   -> 0.0.3
handle_failure	Checkout code	2025-10-07T10:07:28.7603104Z  * [new tag]           0.0.30                  -> 0.0.30
handle_failure	Checkout code	2025-10-07T10:07:28.7603580Z  * [new tag]           0.0.31                  -> 0.0.31
handle_failure	Checkout code	2025-10-07T10:07:28.7604052Z  * [new tag]           0.0.32                  -> 0.0.32
handle_failure	Checkout code	2025-10-07T10:07:28.7604514Z  * [new tag]           0.0.33                  -> 0.0.33
handle_failure	Checkout code	2025-10-07T10:07:28.7604974Z  * [new tag]           0.0.34                  -> 0.0.34
handle_failure	Checkout code	2025-10-07T10:07:28.7605441Z  * [new tag]           0.0.35                  -> 0.0.35
handle_failure	Checkout code	2025-10-07T10:07:28.7605906Z  * [new tag]           0.0.36                  -> 0.0.36
handle_failure	Checkout code	2025-10-07T10:07:28.7606366Z  * [new tag]           0.0.37                  -> 0.0.37
handle_failure	Checkout code	2025-10-07T10:07:28.7606833Z  * [new tag]           0.0.38                  -> 0.0.38
handle_failure	Checkout code	2025-10-07T10:07:28.7607295Z  * [new tag]           0.0.39                  -> 0.0.39
handle_failure	Checkout code	2025-10-07T10:07:28.7607759Z  * [new tag]           0.0.4                   -> 0.0.4
handle_failure	Checkout code	2025-10-07T10:07:28.7608231Z  * [new tag]           0.0.40                  -> 0.0.40
handle_failure	Checkout code	2025-10-07T10:07:28.7608696Z  * [new tag]           0.0.41                  -> 0.0.41
handle_failure	Checkout code	2025-10-07T10:07:28.7609364Z  * [new tag]           0.0.42                  -> 0.0.42
handle_failure	Checkout code	2025-10-07T10:07:28.7610588Z  * [new tag]           0.0.43                  -> 0.0.43
handle_failure	Checkout code	2025-10-07T10:07:28.7611790Z  * [new tag]           0.0.44                  -> 0.0.44
handle_failure	Checkout code	2025-10-07T10:07:28.7612983Z  * [new tag]           0.0.45                  -> 0.0.45
handle_failure	Checkout code	2025-10-07T10:07:28.7614107Z  * [new tag]           0.0.46                  -> 0.0.46
handle_failure	Checkout code	2025-10-07T10:07:28.7615313Z  * [new tag]           0.0.47                  -> 0.0.47
handle_failure	Checkout code	2025-10-07T10:07:28.7616453Z  * [new tag]           0.0.48                  -> 0.0.48
handle_failure	Checkout code	2025-10-07T10:07:28.7617262Z  * [new tag]           0.0.49                  -> 0.0.49
handle_failure	Checkout code	2025-10-07T10:07:28.7617749Z  * [new tag]           0.0.5                   -> 0.0.5
handle_failure	Checkout code	2025-10-07T10:07:28.7618214Z  * [new tag]           0.0.50                  -> 0.0.50
handle_failure	Checkout code	2025-10-07T10:07:28.7618963Z  * [new tag]           0.0.51                  -> 0.0.51
handle_failure	Checkout code	2025-10-07T10:07:28.7619424Z  * [new tag]           0.0.52                  -> 0.0.52
handle_failure	Checkout code	2025-10-07T10:07:28.7620103Z  * [new tag]           0.0.53                  -> 0.0.53
handle_failure	Checkout code	2025-10-07T10:07:28.7620577Z  * [new tag]           0.0.54                  -> 0.0.54
handle_failure	Checkout code	2025-10-07T10:07:28.7621039Z  * [new tag]           0.0.55                  -> 0.0.55
handle_failure	Checkout code	2025-10-07T10:07:28.7621499Z  * [new tag]           0.0.56                  -> 0.0.56
handle_failure	Checkout code	2025-10-07T10:07:28.7621959Z  * [new tag]           0.0.57                  -> 0.0.57
handle_failure	Checkout code	2025-10-07T10:07:28.7622421Z  * [new tag]           0.0.58                  -> 0.0.58
handle_failure	Checkout code	2025-10-07T10:07:28.7622877Z  * [new tag]           0.0.59                  -> 0.0.59
handle_failure	Checkout code	2025-10-07T10:07:28.7623341Z  * [new tag]           0.0.6                   -> 0.0.6
handle_failure	Checkout code	2025-10-07T10:07:28.7623802Z  * [new tag]           0.0.60                  -> 0.0.60
handle_failure	Checkout code	2025-10-07T10:07:28.7624265Z  * [new tag]           0.0.61                  -> 0.0.61
handle_failure	Checkout code	2025-10-07T10:07:28.7624744Z  * [new tag]           0.0.62                  -> 0.0.62
handle_failure	Checkout code	2025-10-07T10:07:28.7625206Z  * [new tag]           0.0.63                  -> 0.0.63
handle_failure	Checkout code	2025-10-07T10:07:28.7625686Z  * [new tag]           0.0.64                  -> 0.0.64
handle_failure	Checkout code	2025-10-07T10:07:28.7626147Z  * [new tag]           0.0.65                  -> 0.0.65
handle_failure	Checkout code	2025-10-07T10:07:28.7626610Z  * [new tag]           0.0.66                  -> 0.0.66
handle_failure	Checkout code	2025-10-07T10:07:28.7627072Z  * [new tag]           0.0.67                  -> 0.0.67
handle_failure	Checkout code	2025-10-07T10:07:28.7627528Z  * [new tag]           0.0.68                  -> 0.0.68
handle_failure	Checkout code	2025-10-07T10:07:28.7627994Z  * [new tag]           0.0.69                  -> 0.0.69
handle_failure	Checkout code	2025-10-07T10:07:28.7628454Z  * [new tag]           0.0.7                   -> 0.0.7
handle_failure	Checkout code	2025-10-07T10:07:28.7628912Z  * [new tag]           0.0.70                  -> 0.0.70
handle_failure	Checkout code	2025-10-07T10:07:28.7629367Z  * [new tag]           0.0.71                  -> 0.0.71
handle_failure	Checkout code	2025-10-07T10:07:28.7629894Z  * [new tag]           0.0.72                  -> 0.0.72
handle_failure	Checkout code	2025-10-07T10:07:28.7630376Z  * [new tag]           0.0.73                  -> 0.0.73
handle_failure	Checkout code	2025-10-07T10:07:28.7630850Z  * [new tag]           0.0.74                  -> 0.0.74
handle_failure	Checkout code	2025-10-07T10:07:28.7631327Z  * [new tag]           0.0.75                  -> 0.0.75
handle_failure	Checkout code	2025-10-07T10:07:28.7631785Z  * [new tag]           0.0.76                  -> 0.0.76
handle_failure	Checkout code	2025-10-07T10:07:28.7632247Z  * [new tag]           0.0.77                  -> 0.0.77
handle_failure	Checkout code	2025-10-07T10:07:28.7633377Z  * [new tag]           0.0.78                  -> 0.0.78
handle_failure	Checkout code	2025-10-07T10:07:28.7634857Z  * [new tag]           0.0.79                  -> 0.0.79
handle_failure	Checkout code	2025-10-07T10:07:28.7636313Z  * [new tag]           0.0.8                   -> 0.0.8
handle_failure	Checkout code	2025-10-07T10:07:28.7637797Z  * [new tag]           0.0.80                  -> 0.0.80
handle_failure	Checkout code	2025-10-07T10:07:28.7639299Z  * [new tag]           0.0.81                  -> 0.0.81
handle_failure	Checkout code	2025-10-07T10:07:28.7640855Z  * [new tag]           0.0.82                  -> 0.0.82
handle_failure	Checkout code	2025-10-07T10:07:28.7642356Z  * [new tag]           0.0.83                  -> 0.0.83
handle_failure	Checkout code	2025-10-07T10:07:28.7643888Z  * [new tag]           0.0.84                  -> 0.0.84
handle_failure	Checkout code	2025-10-07T10:07:28.7645629Z  * [new tag]           0.0.85                  -> 0.0.85
handle_failure	Checkout code	2025-10-07T10:07:28.7646275Z  * [new tag]           0.0.86                  -> 0.0.86
handle_failure	Checkout code	2025-10-07T10:07:28.7646748Z  * [new tag]           0.0.87                  -> 0.0.87
handle_failure	Checkout code	2025-10-07T10:07:28.7647204Z  * [new tag]           0.0.88                  -> 0.0.88
handle_failure	Checkout code	2025-10-07T10:07:28.7647663Z  * [new tag]           0.0.89                  -> 0.0.89
handle_failure	Checkout code	2025-10-07T10:07:28.7648144Z  * [new tag]           0.0.9                   -> 0.0.9
handle_failure	Checkout code	2025-10-07T10:07:28.7648613Z  * [new tag]           0.0.90                  -> 0.0.90
handle_failure	Checkout code	2025-10-07T10:07:28.7649078Z  * [new tag]           0.0.91                  -> 0.0.91
handle_failure	Checkout code	2025-10-07T10:07:28.7649660Z  * [new tag]           0.0.92                  -> 0.0.92
handle_failure	Checkout code	2025-10-07T10:07:28.7650146Z  * [new tag]           0.0.93                  -> 0.0.93
handle_failure	Checkout code	2025-10-07T10:07:28.7650599Z  * [new tag]           0.0.94                  -> 0.0.94
handle_failure	Checkout code	2025-10-07T10:07:28.7651339Z  * [new tag]           0.0.95                  -> 0.0.95
handle_failure	Checkout code	2025-10-07T10:07:28.7651819Z  * [new tag]           0.0.96                  -> 0.0.96
handle_failure	Checkout code	2025-10-07T10:07:28.7652276Z  * [new tag]           0.0.97                  -> 0.0.97
handle_failure	Checkout code	2025-10-07T10:07:28.7652737Z  * [new tag]           0.0.98                  -> 0.0.98
handle_failure	Checkout code	2025-10-07T10:07:28.7653198Z  * [new tag]           0.0.99                  -> 0.0.99
handle_failure	Checkout code	2025-10-07T10:07:28.7653659Z  * [new tag]           0.1.0                   -> 0.1.0
handle_failure	Checkout code	2025-10-07T10:07:28.7654111Z  * [new tag]           0.1.1                   -> 0.1.1
handle_failure	Checkout code	2025-10-07T10:07:28.7654570Z  * [new tag]           0.2.0                   -> 0.2.0
handle_failure	Checkout code	2025-10-07T10:07:28.7655027Z  * [new tag]           0.3.0                   -> 0.3.0
handle_failure	Checkout code	2025-10-07T10:07:28.7655476Z  * [new tag]           0.3.1                   -> 0.3.1
handle_failure	Checkout code	2025-10-07T10:07:28.7655940Z  * [new tag]           0.3.10                  -> 0.3.10
handle_failure	Checkout code	2025-10-07T10:07:28.7656403Z  * [new tag]           0.3.11                  -> 0.3.11
handle_failure	Checkout code	2025-10-07T10:07:28.7656869Z  * [new tag]           0.3.12                  -> 0.3.12
handle_failure	Checkout code	2025-10-07T10:07:28.7657341Z  * [new tag]           0.3.13                  -> 0.3.13
handle_failure	Checkout code	2025-10-07T10:07:28.7657800Z  * [new tag]           0.3.14                  -> 0.3.14
handle_failure	Checkout code	2025-10-07T10:07:28.7658258Z  * [new tag]           0.3.15                  -> 0.3.15
handle_failure	Checkout code	2025-10-07T10:07:28.7658716Z  * [new tag]           0.3.16                  -> 0.3.16
handle_failure	Checkout code	2025-10-07T10:07:28.7659298Z  * [new tag]           0.3.17                  -> 0.3.17
handle_failure	Checkout code	2025-10-07T10:07:28.7659943Z  * [new tag]           0.3.2                   -> 0.3.2
handle_failure	Checkout code	2025-10-07T10:07:28.7660412Z  * [new tag]           0.3.3                   -> 0.3.3
handle_failure	Checkout code	2025-10-07T10:07:28.7660862Z  * [new tag]           0.3.4                   -> 0.3.4
handle_failure	Checkout code	2025-10-07T10:07:28.7661319Z  * [new tag]           0.3.5                   -> 0.3.5
handle_failure	Checkout code	2025-10-07T10:07:28.7661777Z  * [new tag]           0.3.6                   -> 0.3.6
handle_failure	Checkout code	2025-10-07T10:07:28.7662228Z  * [new tag]           0.3.7                   -> 0.3.7
handle_failure	Checkout code	2025-10-07T10:07:28.7662700Z  * [new tag]           0.3.8                   -> 0.3.8
handle_failure	Checkout code	2025-10-07T10:07:28.7663167Z  * [new tag]           0.3.9                   -> 0.3.9
handle_failure	Checkout code	2025-10-07T10:07:28.7663618Z  * [new tag]           0.4.0                   -> 0.4.0
handle_failure	Checkout code	2025-10-07T10:07:28.7664081Z  * [new tag]           0.4.1                   -> 0.4.1
handle_failure	Checkout code	2025-10-07T10:07:28.7664533Z  * [new tag]           0.4.2                   -> 0.4.2
handle_failure	Checkout code	2025-10-07T10:07:28.7664989Z  * [new tag]           0.4.3                   -> 0.4.3
handle_failure	Checkout code	2025-10-07T10:07:28.7665444Z  * [new tag]           0.4.4                   -> 0.4.4
handle_failure	Checkout code	2025-10-07T10:07:28.7665899Z  * [new tag]           0.4.5                   -> 0.4.5
handle_failure	Checkout code	2025-10-07T10:07:28.7666354Z  * [new tag]           0.4.6                   -> 0.4.6
handle_failure	Checkout code	2025-10-07T10:07:28.7666801Z  * [new tag]           0.4.7                   -> 0.4.7
handle_failure	Checkout code	2025-10-07T10:07:28.7667259Z  * [new tag]           0.4.8                   -> 0.4.8
handle_failure	Checkout code	2025-10-07T10:07:28.7667716Z  * [new tag]           0.4.9                   -> 0.4.9
handle_failure	Checkout code	2025-10-07T10:07:28.7888584Z [command]/usr/bin/git branch --list --remote origin/H1646-modulo-de-control-de-runners
handle_failure	Checkout code	2025-10-07T10:07:28.7966035Z   origin/H1646-modulo-de-control-de-runners
handle_failure	Checkout code	2025-10-07T10:07:28.7980133Z [command]/usr/bin/git rev-parse refs/remotes/origin/H1646-modulo-de-control-de-runners
handle_failure	Checkout code	2025-10-07T10:07:28.8009637Z 2119942aa0e06048e59b6205cfc5a041673fa7b0
handle_failure	Checkout code	2025-10-07T10:07:28.8018326Z ##[endgroup]
handle_failure	Checkout code	2025-10-07T10:07:28.8020036Z ##[group]Determining the checkout info
handle_failure	Checkout code	2025-10-07T10:07:28.8020784Z ##[endgroup]
handle_failure	Checkout code	2025-10-07T10:07:28.8025361Z [command]/usr/bin/git sparse-checkout disable
handle_failure	Checkout code	2025-10-07T10:07:28.8089454Z [command]/usr/bin/git config --local --unset-all extensions.worktreeConfig
handle_failure	Checkout code	2025-10-07T10:07:28.8133669Z ##[group]Checking out the ref
handle_failure	Checkout code	2025-10-07T10:07:28.8140702Z [command]/usr/bin/git checkout --progress --force -B H1646-modulo-de-control-de-runners refs/remotes/origin/H1646-modulo-de-control-de-runners
handle_failure	Checkout code	2025-10-07T10:07:29.7418154Z Switched to a new branch 'H1646-modulo-de-control-de-runners'
handle_failure	Checkout code	2025-10-07T10:07:29.7423245Z branch 'H1646-modulo-de-control-de-runners' set up to track 'origin/H1646-modulo-de-control-de-runners'.
handle_failure	Checkout code	2025-10-07T10:07:29.7569749Z ##[endgroup]
handle_failure	Checkout code	2025-10-07T10:07:29.7618892Z [command]/usr/bin/git log -1 --format=%H
handle_failure	Checkout code	2025-10-07T10:07:29.7666252Z 2119942aa0e06048e59b6205cfc5a041673fa7b0
handle_failure	handle-failure-execution	Ôªø2025-10-07T10:07:29.8062658Z ##[group]Run echo "Error detected in process"
handle_failure	handle-failure-execution	2025-10-07T10:07:29.8063359Z [36;1mecho "Error detected in process"[0m
handle_failure	handle-failure-execution	2025-10-07T10:07:29.8063783Z [36;1mecho "Created issue"[0m
handle_failure	handle-failure-execution	2025-10-07T10:07:29.8065068Z [36;1mgh issue create  --title "[Ka0S] Error detected in [Ka0S] Scan Directories and Trigger Workflows" --label "bug" --body "Error detected in [Ka0S] Scan Directories and Trigger Workflows. Please check the logs for 18309207177 more information of error."[0m
handle_failure	handle-failure-execution	2025-10-07T10:07:29.8066398Z [36;1mecho "Add comment to origin target"[0m
handle_failure	handle-failure-execution	2025-10-07T10:07:29.8067056Z [36;1mRNNUMBER=$(echo "refs/heads/H1646-modulo-de-control-de-runners" | grep -o '[0-9]*')[0m
handle_failure	handle-failure-execution	2025-10-07T10:07:29.8068151Z [36;1mgh issue comment $RNNUMBER --body "El proceso no ha finalizado correctamente 18309207177. El resultado est√° en el fichero 18309207177.log"[0m
handle_failure	handle-failure-execution	2025-10-07T10:07:29.8089878Z shell: /usr/bin/bash -e {0}
handle_failure	handle-failure-execution	2025-10-07T10:07:29.8091634Z env:
handle_failure	handle-failure-execution	2025-10-07T10:07:29.8092635Z   KAOS_BASE_PATH: core/runner
handle_failure	handle-failure-execution	2025-10-07T10:07:29.8094109Z   KAOS_MODULE: [Ka0S] Scan Directories and Trigger Workflows
handle_failure	handle-failure-execution	2025-10-07T10:07:29.8095536Z   KAOS_CODE: 18309207177
handle_failure	handle-failure-execution	2025-10-07T10:07:29.8096672Z   KAOS_TARGET_WORKFLOW: scan-image.yml
handle_failure	handle-failure-execution	2025-10-07T10:07:29.8097904Z   KAOS_DRY_RUN: false
handle_failure	handle-failure-execution	2025-10-07T10:07:29.8099000Z   REPORTS_DESTINATION: audit/scan
handle_failure	handle-failure-execution	2025-10-07T10:07:29.8101277Z   GH_TOKEN: ***
handle_failure	handle-failure-execution	2025-10-07T10:07:29.8102292Z ##[endgroup]
handle_failure	handle-failure-execution	2025-10-07T10:07:29.8202538Z Error detected in process
handle_failure	handle-failure-execution	2025-10-07T10:07:29.8203625Z Created issue
handle_failure	handle-failure-execution	2025-10-07T10:07:31.9632625Z https://github.com/Ka0s-Klaus/ka0s/issues/1735
handle_failure	handle-failure-execution	2025-10-07T10:07:31.9707990Z Add comment to origin target
handle_failure	handle-failure-execution	2025-10-07T10:07:32.8914130Z https://github.com/Ka0s-Klaus/ka0s/issues/1646#issuecomment-3376117198
handle_failure	Post Checkout code	Ôªø2025-10-07T10:07:32.9388105Z Post job cleanup.
handle_failure	Post Checkout code	2025-10-07T10:07:33.0846306Z [command]/usr/bin/git version
handle_failure	Post Checkout code	2025-10-07T10:07:33.0896849Z git version 2.51.0
handle_failure	Post Checkout code	2025-10-07T10:07:33.0960407Z Temporarily overriding HOME='/home/runner/_work/_temp/f3257115-c5a7-4e2e-a31b-2e5a97dd3212' before making global git config changes
handle_failure	Post Checkout code	2025-10-07T10:07:33.0962344Z Adding repository directory to the temporary git global config as a safe directory
handle_failure	Post Checkout code	2025-10-07T10:07:33.0969829Z [command]/usr/bin/git config --global --add safe.directory /home/runner/_work/ka0s/ka0s
handle_failure	Post Checkout code	2025-10-07T10:07:33.1023071Z [command]/usr/bin/git config --local --name-only --get-regexp core\.sshCommand
handle_failure	Post Checkout code	2025-10-07T10:07:33.1096409Z [command]/usr/bin/git submodule foreach --recursive sh -c "git config --local --name-only --get-regexp 'core\.sshCommand' && git config --local --unset-all 'core.sshCommand' || :"
handle_failure	Post Checkout code	2025-10-07T10:07:33.1458861Z [command]/usr/bin/git config --local --name-only --get-regexp http\.https\:\/\/github\.com\/\.extraheader
handle_failure	Post Checkout code	2025-10-07T10:07:33.1489140Z http.https://github.com/.extraheader
handle_failure	Post Checkout code	2025-10-07T10:07:33.1506806Z [command]/usr/bin/git config --local --unset-all http.https://github.com/.extraheader
handle_failure	Post Checkout code	2025-10-07T10:07:33.1555221Z [command]/usr/bin/git submodule foreach --recursive sh -c "git config --local --name-only --get-regexp 'http\.https\:\/\/github\.com\/\.extraheader' && git config --local --unset-all 'http.https://github.com/.extraheader' || :"
handle_failure	Complete job	Ôªø2025-10-07T10:07:33.2042366Z Cleaning up orphan processes
end-workflow	Set up job	Ôªø2025-10-07T10:07:38.6436757Z Current runner version: '2.328.0'
end-workflow	Set up job	2025-10-07T10:07:38.6446117Z Runner name: '762cc4e28086'
end-workflow	Set up job	2025-10-07T10:07:38.6446955Z Runner group name: 'swarm-runners'
end-workflow	Set up job	2025-10-07T10:07:38.6448222Z Machine name: '762cc4e28086'
end-workflow	Set up job	2025-10-07T10:07:38.6451575Z ##[group]GITHUB_TOKEN Permissions
end-workflow	Set up job	2025-10-07T10:07:38.6454595Z Actions: write
end-workflow	Set up job	2025-10-07T10:07:38.6455180Z Contents: write
end-workflow	Set up job	2025-10-07T10:07:38.6455731Z Metadata: read
end-workflow	Set up job	2025-10-07T10:07:38.6456305Z ##[endgroup]
end-workflow	Set up job	2025-10-07T10:07:38.6459132Z Secret source: Actions
end-workflow	Set up job	2025-10-07T10:07:38.6459871Z Prepare workflow directory
end-workflow	Set up job	2025-10-07T10:07:38.7062764Z Prepare all required actions
end-workflow	Set up job	2025-10-07T10:07:38.7107840Z Getting action download info
end-workflow	Set up job	2025-10-07T10:07:39.2521353Z Download action repository 'actions/checkout@v4' (SHA:08eba0b27e820071cde6df949e0beb9ba4906955)
end-workflow	Set up job	2025-10-07T10:07:40.0296320Z Complete job name: end-workflow
end-workflow	Checkout code	Ôªø2025-10-07T10:07:40.0873249Z ##[group]Run actions/checkout@v4
end-workflow	Checkout code	2025-10-07T10:07:40.0874115Z with:
end-workflow	Checkout code	2025-10-07T10:07:40.0874504Z   fetch-depth: 0
end-workflow	Checkout code	2025-10-07T10:07:40.0875168Z   token: ***
end-workflow	Checkout code	2025-10-07T10:07:40.0875566Z   repository: Ka0s-Klaus/ka0s
end-workflow	Checkout code	2025-10-07T10:07:40.0876019Z   ssh-strict: true
end-workflow	Checkout code	2025-10-07T10:07:40.0876408Z   ssh-user: git
end-workflow	Checkout code	2025-10-07T10:07:40.0876800Z   persist-credentials: true
end-workflow	Checkout code	2025-10-07T10:07:40.0877239Z   clean: true
end-workflow	Checkout code	2025-10-07T10:07:40.0878149Z   sparse-checkout-cone-mode: true
end-workflow	Checkout code	2025-10-07T10:07:40.0878624Z   fetch-tags: false
end-workflow	Checkout code	2025-10-07T10:07:40.0879012Z   show-progress: true
end-workflow	Checkout code	2025-10-07T10:07:40.0879413Z   lfs: false
end-workflow	Checkout code	2025-10-07T10:07:40.0879775Z   submodules: false
end-workflow	Checkout code	2025-10-07T10:07:40.0880178Z   set-safe-directory: true
end-workflow	Checkout code	2025-10-07T10:07:40.0880843Z env:
end-workflow	Checkout code	2025-10-07T10:07:40.0881226Z   KAOS_BASE_PATH: core/runner
end-workflow	Checkout code	2025-10-07T10:07:40.0881779Z   KAOS_MODULE: [Ka0S] Scan Directories and Trigger Workflows
end-workflow	Checkout code	2025-10-07T10:07:40.0882365Z   KAOS_CODE: 18309207177
end-workflow	Checkout code	2025-10-07T10:07:40.0882803Z   KAOS_TARGET_WORKFLOW: scan-image.yml
end-workflow	Checkout code	2025-10-07T10:07:40.0883318Z   KAOS_DRY_RUN: false
end-workflow	Checkout code	2025-10-07T10:07:40.0883744Z   REPORTS_DESTINATION: audit/scan
end-workflow	Checkout code	2025-10-07T10:07:40.0884369Z   GH_TOKEN: ***
end-workflow	Checkout code	2025-10-07T10:07:40.0884747Z ##[endgroup]
end-workflow	Checkout code	2025-10-07T10:07:40.2026083Z Syncing repository: Ka0s-Klaus/ka0s
end-workflow	Checkout code	2025-10-07T10:07:40.2028101Z ##[group]Getting Git version info
end-workflow	Checkout code	2025-10-07T10:07:40.2028855Z Working directory is '/home/runner/_work/ka0s/ka0s'
end-workflow	Checkout code	2025-10-07T10:07:40.2029726Z [command]/usr/bin/git version
end-workflow	Checkout code	2025-10-07T10:07:40.2030230Z git version 2.51.0
end-workflow	Checkout code	2025-10-07T10:07:40.2052587Z ##[endgroup]
end-workflow	Checkout code	2025-10-07T10:07:40.2071828Z Temporarily overriding HOME='/home/runner/_work/_temp/38bed5ba-99f8-47bb-868f-a225f100cb5f' before making global git config changes
end-workflow	Checkout code	2025-10-07T10:07:40.2073424Z Adding repository directory to the temporary git global config as a safe directory
end-workflow	Checkout code	2025-10-07T10:07:40.2077489Z [command]/usr/bin/git config --global --add safe.directory /home/runner/_work/ka0s/ka0s
end-workflow	Checkout code	2025-10-07T10:07:40.2122641Z [command]/usr/bin/git config --local --get remote.origin.url
end-workflow	Checkout code	2025-10-07T10:07:40.2146184Z https://github.com/Ka0s-Klaus/ka0s
end-workflow	Checkout code	2025-10-07T10:07:40.2166641Z ##[group]Removing previously created refs, to avoid conflicts
end-workflow	Checkout code	2025-10-07T10:07:40.2171397Z [command]/usr/bin/git rev-parse --symbolic-full-name --verify --quiet HEAD
end-workflow	Checkout code	2025-10-07T10:07:40.2195050Z refs/heads/main
end-workflow	Checkout code	2025-10-07T10:07:40.2206104Z [command]/usr/bin/git checkout --detach
end-workflow	Checkout code	2025-10-07T10:07:41.5003273Z HEAD is now at 43c14f4f swarm-runners] Uploading files to MongoDB update repository ...
end-workflow	Checkout code	2025-10-07T10:07:41.5058940Z [command]/usr/bin/git branch --delete --force main
end-workflow	Checkout code	2025-10-07T10:07:41.5094739Z Deleted branch main (was 43c14f4f).
end-workflow	Checkout code	2025-10-07T10:07:41.5183137Z ##[endgroup]
end-workflow	Checkout code	2025-10-07T10:07:41.5186497Z [command]/usr/bin/git submodule status
end-workflow	Checkout code	2025-10-07T10:07:41.5441532Z ##[group]Cleaning the repository
end-workflow	Checkout code	2025-10-07T10:07:41.5447257Z [command]/usr/bin/git clean -ffdx
end-workflow	Checkout code	2025-10-07T10:07:41.5516518Z [command]/usr/bin/git reset --hard HEAD
end-workflow	Checkout code	2025-10-07T10:07:41.5596206Z HEAD is now at 43c14f4f swarm-runners] Uploading files to MongoDB update repository ...
end-workflow	Checkout code	2025-10-07T10:07:41.5602521Z ##[endgroup]
end-workflow	Checkout code	2025-10-07T10:07:41.5603818Z ##[group]Disabling automatic garbage collection
end-workflow	Checkout code	2025-10-07T10:07:41.5607977Z [command]/usr/bin/git config --local gc.auto 0
end-workflow	Checkout code	2025-10-07T10:07:41.5655058Z ##[endgroup]
end-workflow	Checkout code	2025-10-07T10:07:41.5657306Z ##[group]Setting up auth
end-workflow	Checkout code	2025-10-07T10:07:41.5661677Z [command]/usr/bin/git config --local --name-only --get-regexp core\.sshCommand
end-workflow	Checkout code	2025-10-07T10:07:41.5696556Z [command]/usr/bin/git submodule foreach --recursive sh -c "git config --local --name-only --get-regexp 'core\.sshCommand' && git config --local --unset-all 'core.sshCommand' || :"
end-workflow	Checkout code	2025-10-07T10:07:41.5965065Z [command]/usr/bin/git config --local --name-only --get-regexp http\.https\:\/\/github\.com\/\.extraheader
end-workflow	Checkout code	2025-10-07T10:07:41.6008475Z [command]/usr/bin/git submodule foreach --recursive sh -c "git config --local --name-only --get-regexp 'http\.https\:\/\/github\.com\/\.extraheader' && git config --local --unset-all 'http.https://github.com/.extraheader' || :"
end-workflow	Checkout code	2025-10-07T10:07:41.6276380Z [command]/usr/bin/git config --local http.https://github.com/.extraheader AUTHORIZATION: basic ***
end-workflow	Checkout code	2025-10-07T10:07:41.6324049Z ##[endgroup]
end-workflow	Checkout code	2025-10-07T10:07:41.6324843Z ##[group]Fetching the repository
end-workflow	Checkout code	2025-10-07T10:07:41.6334264Z [command]/usr/bin/git -c protocol.version=2 fetch --prune --no-recurse-submodules origin +refs/heads/*:refs/remotes/origin/* +refs/tags/*:refs/tags/*
end-workflow	Checkout code	2025-10-07T10:07:42.4299409Z From https://github.com/Ka0s-Klaus/ka0s
end-workflow	Checkout code	2025-10-07T10:07:42.4300038Z    43c14f4f..fc230b5c  main       -> origin/main
end-workflow	Checkout code	2025-10-07T10:07:42.4342226Z [command]/usr/bin/git branch --list --remote origin/H1646-modulo-de-control-de-runners
end-workflow	Checkout code	2025-10-07T10:07:42.4399022Z   origin/H1646-modulo-de-control-de-runners
end-workflow	Checkout code	2025-10-07T10:07:42.4408076Z [command]/usr/bin/git rev-parse refs/remotes/origin/H1646-modulo-de-control-de-runners
end-workflow	Checkout code	2025-10-07T10:07:42.4433088Z 2119942aa0e06048e59b6205cfc5a041673fa7b0
end-workflow	Checkout code	2025-10-07T10:07:42.4437460Z ##[endgroup]
end-workflow	Checkout code	2025-10-07T10:07:42.4438161Z ##[group]Determining the checkout info
end-workflow	Checkout code	2025-10-07T10:07:42.4441077Z ##[endgroup]
end-workflow	Checkout code	2025-10-07T10:07:42.4444263Z [command]/usr/bin/git sparse-checkout disable
end-workflow	Checkout code	2025-10-07T10:07:42.4499105Z [command]/usr/bin/git config --local --unset-all extensions.worktreeConfig
end-workflow	Checkout code	2025-10-07T10:07:42.4548754Z ##[group]Checking out the ref
end-workflow	Checkout code	2025-10-07T10:07:42.4553211Z [command]/usr/bin/git checkout --progress --force -B H1646-modulo-de-control-de-runners refs/remotes/origin/H1646-modulo-de-control-de-runners
end-workflow	Checkout code	2025-10-07T10:07:42.4854052Z Previous HEAD position was 43c14f4f swarm-runners] Uploading files to MongoDB update repository ...
end-workflow	Checkout code	2025-10-07T10:07:42.4869408Z Switched to a new branch 'H1646-modulo-de-control-de-runners'
end-workflow	Checkout code	2025-10-07T10:07:42.4872986Z branch 'H1646-modulo-de-control-de-runners' set up to track 'origin/H1646-modulo-de-control-de-runners'.
end-workflow	Checkout code	2025-10-07T10:07:42.4885702Z ##[endgroup]
end-workflow	Checkout code	2025-10-07T10:07:42.4927652Z [command]/usr/bin/git log -1 --format=%H
end-workflow	Checkout code	2025-10-07T10:07:42.4954733Z 2119942aa0e06048e59b6205cfc5a041673fa7b0
end-workflow	Finaliza el workflow	Ôªø2025-10-07T10:07:42.5193046Z ##[group]Run echo "End process"
end-workflow	Finaliza el workflow	2025-10-07T10:07:42.5193472Z [36;1mecho "End process"[0m
end-workflow	Finaliza el workflow	2025-10-07T10:07:42.5193992Z [36;1mRNNUMBER=$(echo "refs/heads/H1646-modulo-de-control-de-runners" | grep -o '[0-9]*')[0m
end-workflow	Finaliza el workflow	2025-10-07T10:07:42.5194568Z [36;1mgh issue comment $RNNUMBER --body "Se finaliza Ka0s 18309207177"[0m
end-workflow	Finaliza el workflow	2025-10-07T10:07:42.5195271Z [36;1mgh workflow run inspector.yml --ref 'main' -f kaos-issue-id=$RNNUMBER -f kaos-workflow-id="18309207177" -f kaos-user-start=""[0m
end-workflow	Finaliza el workflow	2025-10-07T10:07:42.5209297Z shell: /usr/bin/bash -e {0}
end-workflow	Finaliza el workflow	2025-10-07T10:07:42.5209585Z env:
end-workflow	Finaliza el workflow	2025-10-07T10:07:42.5209801Z   KAOS_BASE_PATH: core/runner
end-workflow	Finaliza el workflow	2025-10-07T10:07:42.5210125Z   KAOS_MODULE: [Ka0S] Scan Directories and Trigger Workflows
end-workflow	Finaliza el workflow	2025-10-07T10:07:42.5210467Z   KAOS_CODE: 18309207177
end-workflow	Finaliza el workflow	2025-10-07T10:07:42.5210714Z   KAOS_TARGET_WORKFLOW: scan-image.yml
end-workflow	Finaliza el workflow	2025-10-07T10:07:42.5210978Z   KAOS_DRY_RUN: false
end-workflow	Finaliza el workflow	2025-10-07T10:07:42.5211211Z   REPORTS_DESTINATION: audit/scan
end-workflow	Finaliza el workflow	2025-10-07T10:07:42.5211822Z   GH_TOKEN: ***
end-workflow	Finaliza el workflow	2025-10-07T10:07:42.5212165Z ##[endgroup]
end-workflow	Finaliza el workflow	2025-10-07T10:07:42.5270558Z End process
end-workflow	Finaliza el workflow	2025-10-07T10:07:43.5318939Z https://github.com/Ka0s-Klaus/ka0s/issues/1646#issuecomment-3376117860
end-workflow	Post Checkout code	Ôªø2025-10-07T10:07:44.2823018Z Post job cleanup.
end-workflow	Post Checkout code	2025-10-07T10:07:44.3806837Z [command]/usr/bin/git version
end-workflow	Post Checkout code	2025-10-07T10:07:44.3848194Z git version 2.51.0
end-workflow	Post Checkout code	2025-10-07T10:07:44.3902336Z Temporarily overriding HOME='/home/runner/_work/_temp/c88b797d-a9b2-43ea-ab09-7be7a39a80e7' before making global git config changes
end-workflow	Post Checkout code	2025-10-07T10:07:44.3903332Z Adding repository directory to the temporary git global config as a safe directory
end-workflow	Post Checkout code	2025-10-07T10:07:44.3908983Z [command]/usr/bin/git config --global --add safe.directory /home/runner/_work/ka0s/ka0s
end-workflow	Post Checkout code	2025-10-07T10:07:44.3957555Z [command]/usr/bin/git config --local --name-only --get-regexp core\.sshCommand
end-workflow	Post Checkout code	2025-10-07T10:07:44.3996238Z [command]/usr/bin/git submodule foreach --recursive sh -c "git config --local --name-only --get-regexp 'core\.sshCommand' && git config --local --unset-all 'core.sshCommand' || :"
end-workflow	Post Checkout code	2025-10-07T10:07:44.4255896Z [command]/usr/bin/git config --local --name-only --get-regexp http\.https\:\/\/github\.com\/\.extraheader
end-workflow	Post Checkout code	2025-10-07T10:07:44.4280625Z http.https://github.com/.extraheader
end-workflow	Post Checkout code	2025-10-07T10:07:44.4292650Z [command]/usr/bin/git config --local --unset-all http.https://github.com/.extraheader
end-workflow	Post Checkout code	2025-10-07T10:07:44.4334401Z [command]/usr/bin/git submodule foreach --recursive sh -c "git config --local --name-only --get-regexp 'http\.https\:\/\/github\.com\/\.extraheader' && git config --local --unset-all 'http.https://github.com/.extraheader' || :"
end-workflow	Complete job	Ôªø2025-10-07T10:07:44.4694923Z Cleaning up orphan processes
