job-core	Set up job	﻿2025-10-07T10:09:11.5344106Z Current runner version: '2.328.0'
job-core	Set up job	2025-10-07T10:09:11.5382221Z Runner name: '0939f6a1ace5'
job-core	Set up job	2025-10-07T10:09:11.5384239Z Runner group name: 'swarm-runners'
job-core	Set up job	2025-10-07T10:09:11.5386129Z Machine name: '0939f6a1ace5'
job-core	Set up job	2025-10-07T10:09:11.5418129Z ##[group]GITHUB_TOKEN Permissions
job-core	Set up job	2025-10-07T10:09:11.5423880Z Actions: write
job-core	Set up job	2025-10-07T10:09:11.5425205Z Contents: read
job-core	Set up job	2025-10-07T10:09:11.5426410Z Issues: write
job-core	Set up job	2025-10-07T10:09:11.5547137Z Metadata: read
job-core	Set up job	2025-10-07T10:09:11.5548778Z ##[endgroup]
job-core	Set up job	2025-10-07T10:09:11.5673085Z Secret source: Actions
job-core	Set up job	2025-10-07T10:09:11.5675377Z Prepare workflow directory
job-core	Set up job	2025-10-07T10:09:11.8357920Z Prepare all required actions
job-core	Set up job	2025-10-07T10:09:11.8498576Z Getting action download info
job-core	Set up job	2025-10-07T10:09:12.6750485Z Download action repository 'actions/checkout@v4' (SHA:08eba0b27e820071cde6df949e0beb9ba4906955)
job-core	Set up job	2025-10-07T10:09:13.7025926Z Download action repository 'docker/login-action@v3' (SHA:5e57cd118135c172c3672efd75eb46360885c0ef)
job-core	Set up job	2025-10-07T10:09:15.5102590Z Complete job name: job-core
job-core	Checkout code	﻿2025-10-07T10:09:15.8562451Z ##[group]Run actions/checkout@v4
job-core	Checkout code	2025-10-07T10:09:15.8565812Z with:
job-core	Checkout code	2025-10-07T10:09:15.8567531Z   fetch-depth: 0
job-core	Checkout code	2025-10-07T10:09:15.8570911Z   token: ***
job-core	Checkout code	2025-10-07T10:09:15.8572768Z   repository: Ka0s-Klaus/ka0s
job-core	Checkout code	2025-10-07T10:09:15.8575872Z   ssh-strict: true
job-core	Checkout code	2025-10-07T10:09:15.8578312Z   ssh-user: git
job-core	Checkout code	2025-10-07T10:09:15.8580806Z   persist-credentials: true
job-core	Checkout code	2025-10-07T10:09:15.8584202Z   clean: true
job-core	Checkout code	2025-10-07T10:09:15.8586508Z   sparse-checkout-cone-mode: true
job-core	Checkout code	2025-10-07T10:09:15.8588878Z   fetch-tags: false
job-core	Checkout code	2025-10-07T10:09:15.8661426Z   show-progress: true
job-core	Checkout code	2025-10-07T10:09:15.8663354Z   lfs: false
job-core	Checkout code	2025-10-07T10:09:15.8665174Z   submodules: false
job-core	Checkout code	2025-10-07T10:09:15.8667016Z   set-safe-directory: true
job-core	Checkout code	2025-10-07T10:09:15.8670557Z env:
job-core	Checkout code	2025-10-07T10:09:15.8675017Z   GITHUB_TOKEN: ***
job-core	Checkout code	2025-10-07T10:09:15.8677302Z   KAOS_MODULE: [Ka0s] Personalized Image Runners
job-core	Checkout code	2025-10-07T10:09:15.8743209Z   KAOS_CODE: 18309255147
job-core	Checkout code	2025-10-07T10:09:15.8745061Z   KAOS_PATH_SCAN: audit/scan/
job-core	Checkout code	2025-10-07T10:09:15.8747430Z ##[endgroup]
job-core	Checkout code	2025-10-07T10:09:16.4706283Z Syncing repository: Ka0s-Klaus/ka0s
job-core	Checkout code	2025-10-07T10:09:16.4711864Z ##[group]Getting Git version info
job-core	Checkout code	2025-10-07T10:09:16.4715755Z Working directory is '/home/runner/_work/ka0s/ka0s'
job-core	Checkout code	2025-10-07T10:09:16.4791189Z [command]/usr/bin/git version
job-core	Checkout code	2025-10-07T10:09:16.4833963Z git version 2.51.0
job-core	Checkout code	2025-10-07T10:09:16.4864451Z ##[endgroup]
job-core	Checkout code	2025-10-07T10:09:16.4960882Z Temporarily overriding HOME='/home/runner/_work/_temp/0bae3a86-2163-4d99-ba66-034b4fdd01a4' before making global git config changes
job-core	Checkout code	2025-10-07T10:09:16.4966671Z Adding repository directory to the temporary git global config as a safe directory
job-core	Checkout code	2025-10-07T10:09:16.4971419Z [command]/usr/bin/git config --global --add safe.directory /home/runner/_work/ka0s/ka0s
job-core	Checkout code	2025-10-07T10:09:16.5056937Z [command]/usr/bin/git config --local --get remote.origin.url
job-core	Checkout code	2025-10-07T10:09:16.5072729Z https://github.com/Ka0s-Klaus/ka0s
job-core	Checkout code	2025-10-07T10:09:16.5110523Z ##[group]Removing previously created refs, to avoid conflicts
job-core	Checkout code	2025-10-07T10:09:16.5114813Z [command]/usr/bin/git rev-parse --symbolic-full-name --verify --quiet HEAD
job-core	Checkout code	2025-10-07T10:09:16.5118185Z refs/heads/main
job-core	Checkout code	2025-10-07T10:09:16.5160623Z [command]/usr/bin/git checkout --detach
job-core	Checkout code	2025-10-07T10:09:22.2676743Z HEAD is now at 43c14f4f swarm-runners] Uploading files to MongoDB update repository ...
job-core	Checkout code	2025-10-07T10:09:22.2868990Z [command]/usr/bin/git branch --delete --force main
job-core	Checkout code	2025-10-07T10:09:22.2940218Z Deleted branch main (was 43c14f4f).
job-core	Checkout code	2025-10-07T10:09:22.3474476Z ##[endgroup]
job-core	Checkout code	2025-10-07T10:09:22.3485592Z [command]/usr/bin/git submodule status
job-core	Checkout code	2025-10-07T10:09:22.5262836Z ##[group]Cleaning the repository
job-core	Checkout code	2025-10-07T10:09:22.5285062Z [command]/usr/bin/git clean -ffdx
job-core	Checkout code	2025-10-07T10:09:22.5895171Z [command]/usr/bin/git reset --hard HEAD
job-core	Checkout code	2025-10-07T10:09:22.6531054Z HEAD is now at 43c14f4f swarm-runners] Uploading files to MongoDB update repository ...
job-core	Checkout code	2025-10-07T10:09:22.6553592Z ##[endgroup]
job-core	Checkout code	2025-10-07T10:09:22.6561095Z ##[group]Disabling automatic garbage collection
job-core	Checkout code	2025-10-07T10:09:22.6562990Z [command]/usr/bin/git config --local gc.auto 0
job-core	Checkout code	2025-10-07T10:09:22.6784532Z ##[endgroup]
job-core	Checkout code	2025-10-07T10:09:22.6787351Z ##[group]Setting up auth
job-core	Checkout code	2025-10-07T10:09:22.6842695Z [command]/usr/bin/git config --local --name-only --get-regexp core\.sshCommand
job-core	Checkout code	2025-10-07T10:09:22.6995168Z [command]/usr/bin/git submodule foreach --recursive sh -c "git config --local --name-only --get-regexp 'core\.sshCommand' && git config --local --unset-all 'core.sshCommand' || :"
job-core	Checkout code	2025-10-07T10:09:22.8475432Z [command]/usr/bin/git config --local --name-only --get-regexp http\.https\:\/\/github\.com\/\.extraheader
job-core	Checkout code	2025-10-07T10:09:22.8842885Z [command]/usr/bin/git submodule foreach --recursive sh -c "git config --local --name-only --get-regexp 'http\.https\:\/\/github\.com\/\.extraheader' && git config --local --unset-all 'http.https://github.com/.extraheader' || :"
job-core	Checkout code	2025-10-07T10:09:23.1038738Z [command]/usr/bin/git config --local http.https://github.com/.extraheader AUTHORIZATION: basic ***
job-core	Checkout code	2025-10-07T10:09:23.1384871Z ##[endgroup]
job-core	Checkout code	2025-10-07T10:09:23.1400915Z ##[group]Fetching the repository
job-core	Checkout code	2025-10-07T10:09:23.1421808Z [command]/usr/bin/git -c protocol.version=2 fetch --prune --no-recurse-submodules origin +refs/heads/*:refs/remotes/origin/* +refs/tags/*:refs/tags/*
job-core	Checkout code	2025-10-07T10:09:24.1522209Z From https://github.com/Ka0s-Klaus/ka0s
job-core	Checkout code	2025-10-07T10:09:24.1552405Z    43c14f4f..a83ccd98  main       -> origin/main
job-core	Checkout code	2025-10-07T10:09:24.1670938Z [command]/usr/bin/git branch --list --remote origin/main
job-core	Checkout code	2025-10-07T10:09:24.1851005Z   origin/main
job-core	Checkout code	2025-10-07T10:09:24.1929296Z [command]/usr/bin/git rev-parse refs/remotes/origin/main
job-core	Checkout code	2025-10-07T10:09:24.1982367Z a83ccd98e1b989dac215c03a96cd3273ac12a24c
job-core	Checkout code	2025-10-07T10:09:24.2011311Z ##[endgroup]
job-core	Checkout code	2025-10-07T10:09:24.2016211Z ##[group]Determining the checkout info
job-core	Checkout code	2025-10-07T10:09:24.2025136Z ##[endgroup]
job-core	Checkout code	2025-10-07T10:09:24.2038347Z [command]/usr/bin/git sparse-checkout disable
job-core	Checkout code	2025-10-07T10:09:24.2663595Z [command]/usr/bin/git config --local --unset-all extensions.worktreeConfig
job-core	Checkout code	2025-10-07T10:09:24.2876613Z ##[group]Checking out the ref
job-core	Checkout code	2025-10-07T10:09:24.2879681Z [command]/usr/bin/git checkout --progress --force -B main refs/remotes/origin/main
job-core	Checkout code	2025-10-07T10:09:24.4041824Z Previous HEAD position was 43c14f4f swarm-runners] Uploading files to MongoDB update repository ...
job-core	Checkout code	2025-10-07T10:09:24.4134875Z Switched to a new branch 'main'
job-core	Checkout code	2025-10-07T10:09:24.4136380Z branch 'main' set up to track 'origin/main'.
job-core	Checkout code	2025-10-07T10:09:24.4182302Z ##[endgroup]
job-core	Checkout code	2025-10-07T10:09:24.4523769Z [command]/usr/bin/git log -1 --format=%H
job-core	Checkout code	2025-10-07T10:09:24.4790851Z a83ccd98e1b989dac215c03a96cd3273ac12a24c
job-core	Login to Docker Hub	﻿2025-10-07T10:09:24.6144518Z ##[group]Run docker/login-action@v3
job-core	Login to Docker Hub	2025-10-07T10:09:24.6145395Z with:
job-core	Login to Docker Hub	2025-10-07T10:09:24.6146201Z   username: ***
job-core	Login to Docker Hub	2025-10-07T10:09:24.6146831Z   password: ***
job-core	Login to Docker Hub	2025-10-07T10:09:24.6147306Z   logout: true
job-core	Login to Docker Hub	2025-10-07T10:09:24.6147873Z env:
job-core	Login to Docker Hub	2025-10-07T10:09:24.6149125Z   GITHUB_TOKEN: ***
job-core	Login to Docker Hub	2025-10-07T10:09:24.6149814Z   KAOS_MODULE: [Ka0s] Personalized Image Runners
job-core	Login to Docker Hub	2025-10-07T10:09:24.6150713Z   KAOS_CODE: 18309255147
job-core	Login to Docker Hub	2025-10-07T10:09:24.6151261Z   KAOS_PATH_SCAN: audit/scan/
job-core	Login to Docker Hub	2025-10-07T10:09:24.6151825Z ##[endgroup]
job-core	Login to Docker Hub	2025-10-07T10:09:25.8450457Z Logging into docker.io...
job-core	Login to Docker Hub	2025-10-07T10:09:27.1473464Z Login Succeeded!
job-core	Build image	﻿2025-10-07T10:09:27.1915339Z ##[group]Run # Construimos la imagen
job-core	Build image	2025-10-07T10:09:27.1916338Z [36;1m# Construimos la imagen[0m
job-core	Build image	2025-10-07T10:09:27.1917540Z [36;1msudo docker build -t actions-runner:1.0.0 -f core/runner/actions-runner//1.0.0//Dockerfile . || true[0m
job-core	Build image	2025-10-07T10:09:27.1919076Z [36;1mecho "Se ha generado la imagen actions-runner:1.0.0...."[0m
job-core	Build image	2025-10-07T10:09:27.1920207Z [36;1msudo usermod -aG docker runner [0m
job-core	Build image	2025-10-07T10:09:27.1946679Z shell: /usr/bin/bash -e {0}
job-core	Build image	2025-10-07T10:09:27.1947303Z env:
job-core	Build image	2025-10-07T10:09:27.1948815Z   GITHUB_TOKEN: ***
job-core	Build image	2025-10-07T10:09:27.1949399Z   KAOS_MODULE: [Ka0s] Personalized Image Runners
job-core	Build image	2025-10-07T10:09:27.1950323Z   KAOS_CODE: 18309255147
job-core	Build image	2025-10-07T10:09:27.1951023Z   KAOS_PATH_SCAN: audit/scan/
job-core	Build image	2025-10-07T10:09:27.1951919Z ##[endgroup]
job-core	Build image	2025-10-07T10:09:27.9784461Z #0 building with "default" instance using docker driver
job-core	Build image	2025-10-07T10:09:27.9787760Z 
job-core	Build image	2025-10-07T10:09:27.9798355Z #1 [internal] load build definition from Dockerfile
job-core	Build image	2025-10-07T10:09:27.9799764Z #1 transferring dockerfile: 1.69kB done
job-core	Build image	2025-10-07T10:09:27.9800906Z #1 DONE 0.0s
job-core	Build image	2025-10-07T10:09:27.9801323Z 
job-core	Build image	2025-10-07T10:09:27.9801869Z #2 [internal] load metadata for ghcr.io/actions/actions-runner:latest
job-core	Build image	2025-10-07T10:09:28.0335207Z #2 DONE 0.2s
job-core	Build image	2025-10-07T10:09:28.1614391Z 
job-core	Build image	2025-10-07T10:09:28.1621471Z #3 [internal] load .dockerignore
job-core	Build image	2025-10-07T10:09:28.1634965Z #3 transferring context: 2B done
job-core	Build image	2025-10-07T10:09:28.1639444Z #3 DONE 0.0s
job-core	Build image	2025-10-07T10:09:28.1639893Z 
job-core	Build image	2025-10-07T10:09:28.1642724Z #4 [1/6] FROM ghcr.io/actions/actions-runner:latest@sha256:db0dcae6d28559e54277755a33aba7d0665f255b3bd2a66cdc5e132712f155e0
job-core	Build image	2025-10-07T10:09:28.1645327Z #4 DONE 0.0s
job-core	Build image	2025-10-07T10:09:28.1645629Z 
job-core	Build image	2025-10-07T10:09:28.1651311Z #5 [3/6] RUN wget -qO - https://aquasecurity.github.io/trivy-repo/deb/public.key | gpg --dearmor | tee /usr/share/keyrings/trivy.gpg > /dev/null &&    echo "deb [signed-by=/usr/share/keyrings/trivy.gpg] https://aquasecurity.github.io/trivy-repo/deb generic main" | tee -a /etc/apt/sources.list.d/trivy.list &&    apt-get update &&    apt-get install trivy
job-core	Build image	2025-10-07T10:09:28.1657268Z #5 CACHED
job-core	Build image	2025-10-07T10:09:28.1658469Z 
job-core	Build image	2025-10-07T10:09:28.1661480Z #6 [5/6] RUN apt-get update &&     export DEBIAN_FRONTEND=noninteractive &&     ln -fs /usr/share/zoneinfo/Europe/Madrid /etc/localtime &&     dpkg-reconfigure --frontend noninteractive tzdata &&     apt-get upgrade -y
job-core	Build image	2025-10-07T10:09:28.1665546Z #6 CACHED
job-core	Build image	2025-10-07T10:09:28.1665924Z 
job-core	Build image	2025-10-07T10:09:28.1672072Z #7 [2/6] RUN apt-get update &&     apt-get install -y wget gnupg &&     curl -fsSL https://pgp.mongodb.com/server-7.0.asc | gpg -o /usr/share/keyrings/mongodb-server-7.0.gpg --dearmor &&     echo "deb [ arch=amd64,arm64 signed-by=/usr/share/keyrings/mongodb-server-7.0.gpg ] https://repo.mongodb.org/apt/ubuntu jammy/mongodb-org/7.0 multiverse"  | tee /etc/apt/sources.list.d/mongodb-org-7.0.list
job-core	Build image	2025-10-07T10:09:28.1679353Z #7 CACHED
job-core	Build image	2025-10-07T10:09:28.1679920Z 
job-core	Build image	2025-10-07T10:09:28.1683058Z #8 [4/6] RUN apt-get update &&     apt-get install -y --no-install-recommends mongodb-org-tools jq python3 pip bc ca-certificates     tzdata apt-utils apt-transport-https curl wget git gnupg gh &&     openssl &&     dpkg-reconfigure --frontend noninteractive tzdata
job-core	Build image	2025-10-07T10:09:28.1688924Z #8 CACHED
job-core	Build image	2025-10-07T10:09:28.1689200Z 
job-core	Build image	2025-10-07T10:09:28.1689721Z #9 [6/6] WORKDIR /home/runner
job-core	Build image	2025-10-07T10:09:28.1691341Z #9 CACHED
job-core	Build image	2025-10-07T10:09:28.1691605Z 
job-core	Build image	2025-10-07T10:09:28.1691942Z #10 exporting to image
job-core	Build image	2025-10-07T10:09:28.1693373Z #10 exporting layers done
job-core	Build image	2025-10-07T10:09:28.1695104Z #10 writing image sha256:73b1188b1785e7ca8e79560441cb7996e58361bf3f854be9af82ac37a866f6a0 done
job-core	Build image	2025-10-07T10:09:28.1697450Z #10 naming to docker.io/library/actions-runner:1.0.0 done
job-core	Build image	2025-10-07T10:09:28.1698343Z #10 DONE 0.0s
job-core	Build image	2025-10-07T10:09:28.1792329Z Se ha generado la imagen actions-runner:1.0.0....
job-core	Install Trivy vulnerability scanner	﻿2025-10-07T10:09:28.2506162Z ##[group]Run # Instalamos Trivy directamente desde el script oficial
job-core	Install Trivy vulnerability scanner	2025-10-07T10:09:28.2507366Z [36;1m# Instalamos Trivy directamente desde el script oficial[0m
job-core	Install Trivy vulnerability scanner	2025-10-07T10:09:28.2509065Z [36;1mcurl -sfL https://raw.githubusercontent.com/aquasecurity/trivy/main/contrib/install.sh | sudo sh -s -- -b /usr/local/bin v0.48.3[0m
job-core	Install Trivy vulnerability scanner	2025-10-07T10:09:28.2510895Z [36;1m[0m
job-core	Install Trivy vulnerability scanner	2025-10-07T10:09:28.2511434Z [36;1m# Ejecutamos el escaneo de la imagen[0m
job-core	Install Trivy vulnerability scanner	2025-10-07T10:09:28.2512647Z [36;1msudo trivy image --severity HIGH,CRITICAL --ignore-unfixed --format table actions-runner:1.0.0[0m
job-core	Install Trivy vulnerability scanner	2025-10-07T10:09:28.2538900Z [36;1msudo trivy image --severity HIGH,CRITICAL --ignore-unfixed --format json actions-runner:1.0.0 > audit/scan/18309255147.json[0m
job-core	Install Trivy vulnerability scanner	2025-10-07T10:09:28.2541415Z [36;1mecho "Subimos el scan_image_from_18309255147.json a la ruta audit/scan/"[0m
job-core	Install Trivy vulnerability scanner	2025-10-07T10:09:28.2542846Z [36;1mecho "Uploading files to the repository..."[0m
job-core	Install Trivy vulnerability scanner	2025-10-07T10:09:28.2564200Z [36;1mgit config --global user.name "***"[0m
job-core	Install Trivy vulnerability scanner	2025-10-07T10:09:28.2565448Z [36;1mgit config --global user.email "***"[0m
job-core	Install Trivy vulnerability scanner	2025-10-07T10:09:28.2567059Z [36;1mgit pull[0m
job-core	Install Trivy vulnerability scanner	2025-10-07T10:09:28.2567852Z [36;1mgit add audit/scan/*[0m
job-core	Install Trivy vulnerability scanner	2025-10-07T10:09:28.2568721Z [36;1mgit commit -m "[Ka0s] Add scan image from 18309255147"[0m
job-core	Install Trivy vulnerability scanner	2025-10-07T10:09:28.2570713Z [36;1mgit push[0m
job-core	Install Trivy vulnerability scanner	2025-10-07T10:09:28.2616057Z shell: /usr/bin/bash -e {0}
job-core	Install Trivy vulnerability scanner	2025-10-07T10:09:28.2616681Z env:
job-core	Install Trivy vulnerability scanner	2025-10-07T10:09:28.2618235Z   GITHUB_TOKEN: ***
job-core	Install Trivy vulnerability scanner	2025-10-07T10:09:28.2618832Z   KAOS_MODULE: [Ka0s] Personalized Image Runners
job-core	Install Trivy vulnerability scanner	2025-10-07T10:09:28.2619625Z   KAOS_CODE: 18309255147
job-core	Install Trivy vulnerability scanner	2025-10-07T10:09:28.2620366Z   KAOS_PATH_SCAN: audit/scan/
job-core	Install Trivy vulnerability scanner	2025-10-07T10:09:28.2620931Z ##[endgroup]
job-core	Install Trivy vulnerability scanner	2025-10-07T10:09:28.5472064Z aquasecurity/trivy info checking GitHub for tag 'v0.48.3'
job-core	Install Trivy vulnerability scanner	2025-10-07T10:09:28.8559415Z aquasecurity/trivy info found version: 0.48.3 for v0.48.3/Linux/64bit
job-core	Install Trivy vulnerability scanner	2025-10-07T10:09:33.4497423Z aquasecurity/trivy info installed /usr/local/bin/trivy
job-core	Install Trivy vulnerability scanner	2025-10-07T10:09:37.8208775Z 2025-10-07T12:09:37.820+0200	[34mINFO[0m	Need to update DB
job-core	Install Trivy vulnerability scanner	2025-10-07T10:09:37.8210917Z 2025-10-07T12:09:37.820+0200	[34mINFO[0m	DB Repository: ghcr.io/aquasecurity/trivy-db
job-core	Install Trivy vulnerability scanner	2025-10-07T10:09:37.8212460Z 2025-10-07T12:09:37.821+0200	[34mINFO[0m	Downloading DB...
job-core	Install Trivy vulnerability scanner	2025-10-07T10:09:44.6056645Z 21.75 MiB / 72.11 MiB [------------------>__________________________________________] 30.16% ? p/s ?38.61 MiB / 72.11 MiB [-------------------------------->____________________________] 53.54% ? p/s ?53.83 MiB / 72.11 MiB [--------------------------------------------->_______________] 74.65% ? p/s ?69.42 MiB / 72.11 MiB [---------------------------------------------->_] 96.28% 79.37 MiB p/s ETA 0s72.11 MiB / 72.11 MiB [---------------------------------------------->] 100.00% 79.37 MiB p/s ETA 0s72.11 MiB / 72.11 MiB [---------------------------------------------->] 100.00% 79.37 MiB p/s ETA 0s72.11 MiB / 72.11 MiB [---------------------------------------------->] 100.00% 74.54 MiB p/s ETA 0s72.11 MiB / 72.11 MiB [---------------------------------------------->] 100.00% 74.54 MiB p/s ETA 0s72.11 MiB / 72.11 MiB [---------------------------------------------->] 100.00% 74.54 MiB p/s ETA 0s72.11 MiB / 72.11 MiB [---------------------------------------------->] 100.00% 69.73 MiB p/s ETA 0s72.11 MiB / 72.11 MiB [---------------------------------------------->] 100.00% 69.73 MiB p/s ETA 0s72.11 MiB / 72.11 MiB [---------------------------------------------->] 100.00% 69.73 MiB p/s ETA 0s72.11 MiB / 72.11 MiB [---------------------------------------------->] 100.00% 65.23 MiB p/s ETA 0s72.11 MiB / 72.11 MiB [---------------------------------------------->] 100.00% 65.23 MiB p/s ETA 0s72.11 MiB / 72.11 MiB [---------------------------------------------->] 100.00% 65.23 MiB p/s ETA 0s72.11 MiB / 72.11 MiB [---------------------------------------------->] 100.00% 61.03 MiB p/s ETA 0s72.11 MiB / 72.11 MiB [---------------------------------------------->] 100.00% 61.03 MiB p/s ETA 0s72.11 MiB / 72.11 MiB [---------------------------------------------->] 100.00% 61.03 MiB p/s ETA 0s72.11 MiB / 72.11 MiB [---------------------------------------------->] 100.00% 57.09 MiB p/s ETA 0s72.11 MiB / 72.11 MiB [---------------------------------------------->] 100.00% 57.09 MiB p/s ETA 0s72.11 MiB / 72.11 MiB [---------------------------------------------->] 100.00% 57.09 MiB p/s ETA 0s72.11 MiB / 72.11 MiB [---------------------------------------------->] 100.00% 53.41 MiB p/s ETA 0s72.11 MiB / 72.11 MiB [---------------------------------------------->] 100.00% 53.41 MiB p/s ETA 0s72.11 MiB / 72.11 MiB [---------------------------------------------->] 100.00% 53.41 MiB p/s ETA 0s72.11 MiB / 72.11 MiB [---------------------------------------------->] 100.00% 49.96 MiB p/s ETA 0s72.11 MiB / 72.11 MiB [---------------------------------------------->] 100.00% 49.96 MiB p/s ETA 0s72.11 MiB / 72.11 MiB [---------------------------------------------->] 100.00% 49.96 MiB p/s ETA 0s72.11 MiB / 72.11 MiB [---------------------------------------------->] 100.00% 46.74 MiB p/s ETA 0s72.11 MiB / 72.11 MiB [---------------------------------------------->] 100.00% 46.74 MiB p/s ETA 0s72.11 MiB / 72.11 MiB [-------------------------------------------------] 100.00% 12.84 MiB p/s 5.8s2025-10-07T12:09:44.593+0200	[34mINFO[0m	Vulnerability scanning is enabled
job-core	Install Trivy vulnerability scanner	2025-10-07T10:09:44.6125751Z 2025-10-07T12:09:44.594+0200	[34mINFO[0m	Secret scanning is enabled
job-core	Install Trivy vulnerability scanner	2025-10-07T10:09:44.6133721Z 2025-10-07T12:09:44.594+0200	[34mINFO[0m	If your scanning is slow, please try '--scanners vuln' to disable secret scanning
job-core	Install Trivy vulnerability scanner	2025-10-07T10:09:44.6146953Z 2025-10-07T12:09:44.594+0200	[34mINFO[0m	Please see also https://aquasecurity.github.io/trivy/v0.48/docs/scanner/secret/#recommendation for faster secret detection
job-core	Install Trivy vulnerability scanner	2025-10-07T10:14:39.9343917Z 2025-10-07T12:14:39.930+0200	[33mWARN[0m	Increase --timeout value
job-core	Install Trivy vulnerability scanner	2025-10-07T10:14:39.9466491Z 2025-10-07T12:14:39.938+0200	[31mFATAL[0m	image scan error: scan error: scan failed: failed analysis: analyze error: pipeline error: failed to analyze layer (sha256:d189d5e0baf9802edb99b6fcb46e572d9e16266472a95e2f5c9ede26abced54d): walk error: failed to process the file: failed to analyze file: failed to analyze home/runner/externals/node20/include/node/openssl/archs/linux-aarch64/asm_avx2/include/openssl/ui.h: semaphore acquire: context deadline exceeded
job-core	Install Trivy vulnerability scanner	2025-10-07T10:14:40.0167098Z ##[error]Process completed with exit code 1.
job-core	Post Login to Docker Hub	﻿2025-10-07T10:14:40.0948917Z Post job cleanup.
job-core	Post Login to Docker Hub	2025-10-07T10:14:43.8421234Z [command]/usr/bin/docker logout docker.io
job-core	Post Login to Docker Hub	2025-10-07T10:14:43.9720799Z Removing login credentials for docker.io
job-core	Post Login to Docker Hub	2025-10-07T10:14:44.0183394Z ##[group]Post cache
job-core	Post Login to Docker Hub	2025-10-07T10:14:44.0186551Z State not set
job-core	Post Login to Docker Hub	2025-10-07T10:14:44.0190320Z ##[endgroup]
job-core	Post Checkout code	﻿2025-10-07T10:14:44.2088216Z Post job cleanup.
job-core	Post Checkout code	2025-10-07T10:14:45.2571466Z [command]/usr/bin/git version
job-core	Post Checkout code	2025-10-07T10:14:45.3335014Z git version 2.51.0
job-core	Post Checkout code	2025-10-07T10:14:45.3751868Z Temporarily overriding HOME='/home/runner/_work/_temp/8252abea-c44c-4b06-9fa9-6acaf24bd3f0' before making global git config changes
job-core	Post Checkout code	2025-10-07T10:14:45.3754773Z Adding repository directory to the temporary git global config as a safe directory
job-core	Post Checkout code	2025-10-07T10:14:45.3757805Z [command]/usr/bin/git config --global --add safe.directory /home/runner/_work/ka0s/ka0s
job-core	Post Checkout code	2025-10-07T10:14:45.4274820Z [command]/usr/bin/git config --local --name-only --get-regexp core\.sshCommand
job-core	Post Checkout code	2025-10-07T10:14:45.4506808Z [command]/usr/bin/git submodule foreach --recursive sh -c "git config --local --name-only --get-regexp 'core\.sshCommand' && git config --local --unset-all 'core.sshCommand' || :"
job-core	Post Checkout code	2025-10-07T10:14:45.7034801Z [command]/usr/bin/git config --local --name-only --get-regexp http\.https\:\/\/github\.com\/\.extraheader
job-core	Post Checkout code	2025-10-07T10:14:45.7275473Z http.https://github.com/.extraheader
job-core	Post Checkout code	2025-10-07T10:14:45.7441146Z [command]/usr/bin/git config --local --unset-all http.https://github.com/.extraheader
job-core	Post Checkout code	2025-10-07T10:14:45.7703727Z [command]/usr/bin/git submodule foreach --recursive sh -c "git config --local --name-only --get-regexp 'http\.https\:\/\/github\.com\/\.extraheader' && git config --local --unset-all 'http.https://github.com/.extraheader' || :"
job-core	Complete job	﻿2025-10-07T10:14:46.1592066Z Cleaning up orphan processes
handle_failure	Set up job	﻿2025-10-07T10:14:51.4121620Z Current runner version: '2.328.0'
handle_failure	Set up job	2025-10-07T10:14:51.4130549Z Runner name: '329cce35d98d'
handle_failure	Set up job	2025-10-07T10:14:51.4131500Z Runner group name: 'swarm-runners'
handle_failure	Set up job	2025-10-07T10:14:51.4132636Z Machine name: '329cce35d98d'
handle_failure	Set up job	2025-10-07T10:14:51.4136334Z ##[group]GITHUB_TOKEN Permissions
handle_failure	Set up job	2025-10-07T10:14:51.4139444Z Actions: write
handle_failure	Set up job	2025-10-07T10:14:51.4140067Z Contents: read
handle_failure	Set up job	2025-10-07T10:14:51.4140557Z Issues: write
handle_failure	Set up job	2025-10-07T10:14:51.4141146Z Metadata: read
handle_failure	Set up job	2025-10-07T10:14:51.4141709Z ##[endgroup]
handle_failure	Set up job	2025-10-07T10:14:51.4144204Z Secret source: Actions
handle_failure	Set up job	2025-10-07T10:14:51.4145081Z Prepare workflow directory
handle_failure	Set up job	2025-10-07T10:14:51.4750475Z Prepare all required actions
handle_failure	Set up job	2025-10-07T10:14:51.4793708Z Getting action download info
handle_failure	Set up job	2025-10-07T10:14:52.0351236Z Download action repository 'actions/checkout@v4' (SHA:08eba0b27e820071cde6df949e0beb9ba4906955)
handle_failure	Set up job	2025-10-07T10:14:52.9598424Z Complete job name: handle_failure
handle_failure	Checkout code	﻿2025-10-07T10:14:53.0211299Z ##[group]Run actions/checkout@v4
handle_failure	Checkout code	2025-10-07T10:14:53.0212278Z with:
handle_failure	Checkout code	2025-10-07T10:14:53.0212763Z   fetch-depth: 0
handle_failure	Checkout code	2025-10-07T10:14:53.0213487Z   token: ***
handle_failure	Checkout code	2025-10-07T10:14:53.0213925Z   repository: Ka0s-Klaus/ka0s
handle_failure	Checkout code	2025-10-07T10:14:53.0214469Z   ssh-strict: true
handle_failure	Checkout code	2025-10-07T10:14:53.0214904Z   ssh-user: git
handle_failure	Checkout code	2025-10-07T10:14:53.0215341Z   persist-credentials: true
handle_failure	Checkout code	2025-10-07T10:14:53.0215854Z   clean: true
handle_failure	Checkout code	2025-10-07T10:14:53.0216311Z   sparse-checkout-cone-mode: true
handle_failure	Checkout code	2025-10-07T10:14:53.0216883Z   fetch-tags: false
handle_failure	Checkout code	2025-10-07T10:14:53.0217404Z   show-progress: true
handle_failure	Checkout code	2025-10-07T10:14:53.0218188Z   lfs: false
handle_failure	Checkout code	2025-10-07T10:14:53.0218599Z   submodules: false
handle_failure	Checkout code	2025-10-07T10:14:53.0219083Z   set-safe-directory: true
handle_failure	Checkout code	2025-10-07T10:14:53.0219832Z env:
handle_failure	Checkout code	2025-10-07T10:14:53.0221004Z   GITHUB_TOKEN: ***
handle_failure	Checkout code	2025-10-07T10:14:53.0221550Z   KAOS_MODULE: [Ka0s] Personalized Image Runners
handle_failure	Checkout code	2025-10-07T10:14:53.0222223Z   KAOS_CODE: 18309255147
handle_failure	Checkout code	2025-10-07T10:14:53.0222725Z   KAOS_PATH_SCAN: audit/scan/
handle_failure	Checkout code	2025-10-07T10:14:53.0223252Z ##[endgroup]
handle_failure	Checkout code	2025-10-07T10:14:53.1393007Z Syncing repository: Ka0s-Klaus/ka0s
handle_failure	Checkout code	2025-10-07T10:14:53.1395221Z ##[group]Getting Git version info
handle_failure	Checkout code	2025-10-07T10:14:53.1395994Z Working directory is '/home/runner/_work/ka0s/ka0s'
handle_failure	Checkout code	2025-10-07T10:14:53.1397084Z [command]/usr/bin/git version
handle_failure	Checkout code	2025-10-07T10:14:53.1398025Z git version 2.51.0
handle_failure	Checkout code	2025-10-07T10:14:53.1410728Z ##[endgroup]
handle_failure	Checkout code	2025-10-07T10:14:53.1428434Z Temporarily overriding HOME='/home/runner/_work/_temp/f8cdc1ad-d11a-4000-8f6d-ddc3f522038c' before making global git config changes
handle_failure	Checkout code	2025-10-07T10:14:53.1430706Z Adding repository directory to the temporary git global config as a safe directory
handle_failure	Checkout code	2025-10-07T10:14:53.1435254Z [command]/usr/bin/git config --global --add safe.directory /home/runner/_work/ka0s/ka0s
handle_failure	Checkout code	2025-10-07T10:14:53.1480703Z [command]/usr/bin/git config --local --get remote.origin.url
handle_failure	Checkout code	2025-10-07T10:14:53.1504599Z https://github.com/Ka0s-Klaus/ka0s
handle_failure	Checkout code	2025-10-07T10:14:53.1526468Z ##[group]Removing previously created refs, to avoid conflicts
handle_failure	Checkout code	2025-10-07T10:14:53.1532939Z [command]/usr/bin/git rev-parse --symbolic-full-name --verify --quiet HEAD
handle_failure	Checkout code	2025-10-07T10:14:53.1558823Z refs/heads/main
handle_failure	Checkout code	2025-10-07T10:14:53.1568299Z [command]/usr/bin/git checkout --detach
handle_failure	Checkout code	2025-10-07T10:14:53.1648583Z HEAD is now at a83ccd98 [Ka0s] 📊 Directory scan report: core/runner
handle_failure	Checkout code	2025-10-07T10:14:53.1703355Z [command]/usr/bin/git branch --delete --force main
handle_failure	Checkout code	2025-10-07T10:14:53.1734678Z Deleted branch main (was a83ccd98).
handle_failure	Checkout code	2025-10-07T10:14:53.1822057Z ##[endgroup]
handle_failure	Checkout code	2025-10-07T10:14:53.1823944Z [command]/usr/bin/git submodule status
handle_failure	Checkout code	2025-10-07T10:14:53.2078847Z ##[group]Cleaning the repository
handle_failure	Checkout code	2025-10-07T10:14:53.2084068Z [command]/usr/bin/git clean -ffdx
handle_failure	Checkout code	2025-10-07T10:14:53.2147647Z [command]/usr/bin/git reset --hard HEAD
handle_failure	Checkout code	2025-10-07T10:14:53.2229463Z HEAD is now at a83ccd98 [Ka0s] 📊 Directory scan report: core/runner
handle_failure	Checkout code	2025-10-07T10:14:53.2234583Z ##[endgroup]
handle_failure	Checkout code	2025-10-07T10:14:53.2235855Z ##[group]Disabling automatic garbage collection
handle_failure	Checkout code	2025-10-07T10:14:53.2240744Z [command]/usr/bin/git config --local gc.auto 0
handle_failure	Checkout code	2025-10-07T10:14:53.2273222Z ##[endgroup]
handle_failure	Checkout code	2025-10-07T10:14:53.2274198Z ##[group]Setting up auth
handle_failure	Checkout code	2025-10-07T10:14:53.2279256Z [command]/usr/bin/git config --local --name-only --get-regexp core\.sshCommand
handle_failure	Checkout code	2025-10-07T10:14:53.2313658Z [command]/usr/bin/git submodule foreach --recursive sh -c "git config --local --name-only --get-regexp 'core\.sshCommand' && git config --local --unset-all 'core.sshCommand' || :"
handle_failure	Checkout code	2025-10-07T10:14:53.2565234Z [command]/usr/bin/git config --local --name-only --get-regexp http\.https\:\/\/github\.com\/\.extraheader
handle_failure	Checkout code	2025-10-07T10:14:53.2597004Z [command]/usr/bin/git submodule foreach --recursive sh -c "git config --local --name-only --get-regexp 'http\.https\:\/\/github\.com\/\.extraheader' && git config --local --unset-all 'http.https://github.com/.extraheader' || :"
handle_failure	Checkout code	2025-10-07T10:14:53.2850305Z [command]/usr/bin/git config --local http.https://github.com/.extraheader AUTHORIZATION: basic ***
handle_failure	Checkout code	2025-10-07T10:14:53.2892738Z ##[endgroup]
handle_failure	Checkout code	2025-10-07T10:14:53.2893679Z ##[group]Fetching the repository
handle_failure	Checkout code	2025-10-07T10:14:53.2901344Z [command]/usr/bin/git -c protocol.version=2 fetch --prune --no-recurse-submodules origin +refs/heads/*:refs/remotes/origin/* +refs/tags/*:refs/tags/*
handle_failure	Checkout code	2025-10-07T10:14:54.0774564Z From https://github.com/Ka0s-Klaus/ka0s
handle_failure	Checkout code	2025-10-07T10:14:54.0776531Z    a83ccd98..5b8514da  main       -> origin/main
handle_failure	Checkout code	2025-10-07T10:14:54.0830469Z [command]/usr/bin/git branch --list --remote origin/main
handle_failure	Checkout code	2025-10-07T10:14:54.0911899Z   origin/main
handle_failure	Checkout code	2025-10-07T10:14:54.0923214Z [command]/usr/bin/git rev-parse refs/remotes/origin/main
handle_failure	Checkout code	2025-10-07T10:14:54.0955157Z 5b8514da6b2149ad4e2fad38d92411da75bdd163
handle_failure	Checkout code	2025-10-07T10:14:54.0971449Z [command]/usr/bin/git -c protocol.version=2 fetch --no-tags --prune --no-recurse-submodules origin +a83ccd98e1b989dac215c03a96cd3273ac12a24c:refs/remotes/origin/main
handle_failure	Checkout code	2025-10-07T10:14:54.1202666Z From https://github.com/Ka0s-Klaus/ka0s
handle_failure	Checkout code	2025-10-07T10:14:54.1205588Z  + 5b8514da...a83ccd98 a83ccd98e1b989dac215c03a96cd3273ac12a24c -> origin/main  (forced update)
handle_failure	Checkout code	2025-10-07T10:14:54.1244593Z ##[endgroup]
handle_failure	Checkout code	2025-10-07T10:14:54.1246981Z ##[group]Determining the checkout info
handle_failure	Checkout code	2025-10-07T10:14:54.1249704Z ##[endgroup]
handle_failure	Checkout code	2025-10-07T10:14:54.1251192Z [command]/usr/bin/git sparse-checkout disable
handle_failure	Checkout code	2025-10-07T10:14:54.1322153Z [command]/usr/bin/git config --local --unset-all extensions.worktreeConfig
handle_failure	Checkout code	2025-10-07T10:14:54.1365872Z ##[group]Checking out the ref
handle_failure	Checkout code	2025-10-07T10:14:54.1369531Z [command]/usr/bin/git checkout --progress --force -B main refs/remotes/origin/main
handle_failure	Checkout code	2025-10-07T10:14:54.1485138Z Switched to a new branch 'main'
handle_failure	Checkout code	2025-10-07T10:14:54.1487976Z branch 'main' set up to track 'origin/main'.
handle_failure	Checkout code	2025-10-07T10:14:54.1497824Z ##[endgroup]
handle_failure	Checkout code	2025-10-07T10:14:54.1544066Z [command]/usr/bin/git log -1 --format=%H
handle_failure	Checkout code	2025-10-07T10:14:54.1573328Z a83ccd98e1b989dac215c03a96cd3273ac12a24c
handle_failure	handle-failure-execution	﻿2025-10-07T10:14:54.1846055Z ##[group]Run echo "Error detected in process actions-runner:1.0.0 ka0score/actions-runner:1.0.0"
handle_failure	handle-failure-execution	2025-10-07T10:14:54.1848873Z [36;1mecho "Error detected in process actions-runner:1.0.0 ka0score/actions-runner:1.0.0"[0m
handle_failure	handle-failure-execution	2025-10-07T10:14:54.1850994Z [36;1m# RNNUMBER=$(echo "refs/heads/main" | grep -o '[0-9]*')[0m
handle_failure	handle-failure-execution	2025-10-07T10:14:54.1854062Z [36;1m# gh issue comment $RNNUMBER --body "El proceso no ha finalizado correctamente 18309255147. El resultado está en el fichero core/results/event_data18309255147.log"[0m
handle_failure	handle-failure-execution	2025-10-07T10:14:54.1857078Z [36;1m# Creamos la issue dado que ha fallado el modulo principal[0m
handle_failure	handle-failure-execution	2025-10-07T10:14:54.1860702Z [36;1mgh issue create  --title "[Ka0S] Error detected in [Ka0s] Personalized Image Runners" --body "Error detected in [Ka0s] Personalized Image Runners. Please check the logs for 18309255147 more information of error."[0m
handle_failure	handle-failure-execution	2025-10-07T10:14:54.1876923Z shell: /usr/bin/bash -e {0}
handle_failure	handle-failure-execution	2025-10-07T10:14:54.1878234Z env:
handle_failure	handle-failure-execution	2025-10-07T10:14:54.1880471Z   GITHUB_TOKEN: ***
handle_failure	handle-failure-execution	2025-10-07T10:14:54.1881646Z   KAOS_MODULE: [Ka0s] Personalized Image Runners
handle_failure	handle-failure-execution	2025-10-07T10:14:54.1882923Z   KAOS_CODE: 18309255147
handle_failure	handle-failure-execution	2025-10-07T10:14:54.1883968Z   KAOS_PATH_SCAN: audit/scan/
handle_failure	handle-failure-execution	2025-10-07T10:14:54.1885304Z   GH_TOKEN: ***
handle_failure	handle-failure-execution	2025-10-07T10:14:54.1886231Z ##[endgroup]
handle_failure	handle-failure-execution	2025-10-07T10:14:54.1954441Z Error detected in process actions-runner:1.0.0 ka0score/actions-runner:1.0.0
handle_failure	handle-failure-execution	2025-10-07T10:14:55.1183640Z https://github.com/Ka0s-Klaus/ka0s/issues/1740
handle_failure	Post Checkout code	﻿2025-10-07T10:14:55.1389648Z Post job cleanup.
handle_failure	Post Checkout code	2025-10-07T10:14:55.2406225Z [command]/usr/bin/git version
handle_failure	Post Checkout code	2025-10-07T10:14:55.2445992Z git version 2.51.0
handle_failure	Post Checkout code	2025-10-07T10:14:55.2495698Z Temporarily overriding HOME='/home/runner/_work/_temp/4d89ef4e-3e44-4776-9bdd-ca29915c53b0' before making global git config changes
handle_failure	Post Checkout code	2025-10-07T10:14:55.2496767Z Adding repository directory to the temporary git global config as a safe directory
handle_failure	Post Checkout code	2025-10-07T10:14:55.2502077Z [command]/usr/bin/git config --global --add safe.directory /home/runner/_work/ka0s/ka0s
handle_failure	Post Checkout code	2025-10-07T10:14:55.2552677Z [command]/usr/bin/git config --local --name-only --get-regexp core\.sshCommand
handle_failure	Post Checkout code	2025-10-07T10:14:55.2590462Z [command]/usr/bin/git submodule foreach --recursive sh -c "git config --local --name-only --get-regexp 'core\.sshCommand' && git config --local --unset-all 'core.sshCommand' || :"
handle_failure	Post Checkout code	2025-10-07T10:14:55.2845156Z [command]/usr/bin/git config --local --name-only --get-regexp http\.https\:\/\/github\.com\/\.extraheader
handle_failure	Post Checkout code	2025-10-07T10:14:55.2869856Z http.https://github.com/.extraheader
handle_failure	Post Checkout code	2025-10-07T10:14:55.2881855Z [command]/usr/bin/git config --local --unset-all http.https://github.com/.extraheader
handle_failure	Post Checkout code	2025-10-07T10:14:55.2917541Z [command]/usr/bin/git submodule foreach --recursive sh -c "git config --local --name-only --get-regexp 'http\.https\:\/\/github\.com\/\.extraheader' && git config --local --unset-all 'http.https://github.com/.extraheader' || :"
handle_failure	Complete job	﻿2025-10-07T10:14:55.3303286Z Cleaning up orphan processes
end-workflow	Set up job	﻿2025-10-07T10:15:05.4655019Z Current runner version: '2.328.0'
end-workflow	Set up job	2025-10-07T10:15:05.4824962Z Runner name: '0e26e4a28a1d'
end-workflow	Set up job	2025-10-07T10:15:05.4826535Z Runner group name: 'swarm-runners'
end-workflow	Set up job	2025-10-07T10:15:05.4828207Z Machine name: '0e26e4a28a1d'
end-workflow	Set up job	2025-10-07T10:15:05.4896733Z ##[group]GITHUB_TOKEN Permissions
end-workflow	Set up job	2025-10-07T10:15:05.4913015Z Actions: write
end-workflow	Set up job	2025-10-07T10:15:05.4914434Z Contents: read
end-workflow	Set up job	2025-10-07T10:15:05.4933655Z Issues: write
end-workflow	Set up job	2025-10-07T10:15:05.4934662Z Metadata: read
end-workflow	Set up job	2025-10-07T10:15:05.4935528Z ##[endgroup]
end-workflow	Set up job	2025-10-07T10:15:05.4983018Z Secret source: Actions
end-workflow	Set up job	2025-10-07T10:15:05.4985072Z Prepare workflow directory
end-workflow	Set up job	2025-10-07T10:15:06.3371696Z Prepare all required actions
end-workflow	Set up job	2025-10-07T10:15:06.4059845Z Getting action download info
end-workflow	Set up job	2025-10-07T10:15:08.1008286Z Download action repository 'actions/checkout@v4' (SHA:08eba0b27e820071cde6df949e0beb9ba4906955)
end-workflow	Set up job	2025-10-07T10:15:09.7267041Z Complete job name: end-workflow
end-workflow	Checkout code	﻿2025-10-07T10:15:10.2983275Z ##[group]Run actions/checkout@v4
end-workflow	Checkout code	2025-10-07T10:15:10.2985194Z with:
end-workflow	Checkout code	2025-10-07T10:15:10.2986244Z   fetch-depth: 0
end-workflow	Checkout code	2025-10-07T10:15:10.2987715Z   token: ***
end-workflow	Checkout code	2025-10-07T10:15:10.2988712Z   repository: Ka0s-Klaus/ka0s
end-workflow	Checkout code	2025-10-07T10:15:10.2996603Z   ssh-strict: true
end-workflow	Checkout code	2025-10-07T10:15:10.3001006Z   ssh-user: git
end-workflow	Checkout code	2025-10-07T10:15:10.3016345Z   persist-credentials: true
end-workflow	Checkout code	2025-10-07T10:15:10.3017516Z   clean: true
end-workflow	Checkout code	2025-10-07T10:15:10.3018988Z   sparse-checkout-cone-mode: true
end-workflow	Checkout code	2025-10-07T10:15:10.3020940Z   fetch-tags: false
end-workflow	Checkout code	2025-10-07T10:15:10.3060816Z   show-progress: true
end-workflow	Checkout code	2025-10-07T10:15:10.3062031Z   lfs: false
end-workflow	Checkout code	2025-10-07T10:15:10.3063057Z   submodules: false
end-workflow	Checkout code	2025-10-07T10:15:10.3064116Z   set-safe-directory: true
end-workflow	Checkout code	2025-10-07T10:15:10.3066536Z env:
end-workflow	Checkout code	2025-10-07T10:15:10.3068986Z   GITHUB_TOKEN: ***
end-workflow	Checkout code	2025-10-07T10:15:10.3070566Z   KAOS_MODULE: [Ka0s] Personalized Image Runners
end-workflow	Checkout code	2025-10-07T10:15:10.3071853Z   KAOS_CODE: 18309255147
end-workflow	Checkout code	2025-10-07T10:15:10.3072841Z   KAOS_PATH_SCAN: audit/scan/
end-workflow	Checkout code	2025-10-07T10:15:10.3074392Z   GH_TOKEN: ***
end-workflow	Checkout code	2025-10-07T10:15:10.3075484Z ##[endgroup]
end-workflow	Checkout code	2025-10-07T10:15:11.3155270Z Syncing repository: Ka0s-Klaus/ka0s
end-workflow	Checkout code	2025-10-07T10:15:11.3159257Z ##[group]Getting Git version info
end-workflow	Checkout code	2025-10-07T10:15:11.3261395Z Working directory is '/home/runner/_work/ka0s/ka0s'
end-workflow	Checkout code	2025-10-07T10:15:11.3263737Z [command]/usr/bin/git version
end-workflow	Checkout code	2025-10-07T10:15:11.3265159Z git version 2.51.0
end-workflow	Checkout code	2025-10-07T10:15:11.3268734Z ##[endgroup]
end-workflow	Checkout code	2025-10-07T10:15:11.3279771Z Temporarily overriding HOME='/home/runner/_work/_temp/7e045671-729e-4946-a32e-36231d5d5f4e' before making global git config changes
end-workflow	Checkout code	2025-10-07T10:15:11.3283217Z Adding repository directory to the temporary git global config as a safe directory
end-workflow	Checkout code	2025-10-07T10:15:11.3285846Z [command]/usr/bin/git config --global --add safe.directory /home/runner/_work/ka0s/ka0s
end-workflow	Checkout code	2025-10-07T10:15:11.3289419Z Deleting the contents of '/home/runner/_work/ka0s/ka0s'
end-workflow	Checkout code	2025-10-07T10:15:11.3448187Z ##[group]Initializing the repository
end-workflow	Checkout code	2025-10-07T10:15:11.3450140Z [command]/usr/bin/git init /home/runner/_work/ka0s/ka0s
end-workflow	Checkout code	2025-10-07T10:15:11.3452226Z hint: Using 'master' as the name for the initial branch. This default branch name
end-workflow	Checkout code	2025-10-07T10:15:11.3454546Z hint: is subject to change. To configure the initial branch name to use in all
end-workflow	Checkout code	2025-10-07T10:15:11.3456764Z hint: of your new repositories, which will suppress this warning, call:
end-workflow	Checkout code	2025-10-07T10:15:11.3458404Z hint:
end-workflow	Checkout code	2025-10-07T10:15:11.3459658Z hint: 	git config --global init.defaultBranch <name>
end-workflow	Checkout code	2025-10-07T10:15:11.3461136Z hint:
end-workflow	Checkout code	2025-10-07T10:15:11.3462462Z hint: Names commonly chosen instead of 'master' are 'main', 'trunk' and
end-workflow	Checkout code	2025-10-07T10:15:11.3464704Z hint: 'development'. The just-created branch can be renamed via this command:
end-workflow	Checkout code	2025-10-07T10:15:11.3466475Z hint:
end-workflow	Checkout code	2025-10-07T10:15:11.3467381Z hint: 	git branch -m <name>
end-workflow	Checkout code	2025-10-07T10:15:11.3468446Z hint:
end-workflow	Checkout code	2025-10-07T10:15:11.3660378Z hint: Disable this message with "git config set advice.defaultBranchName false"
end-workflow	Checkout code	2025-10-07T10:15:11.3663098Z Initialized empty Git repository in /home/runner/_work/ka0s/ka0s/.git/
end-workflow	Checkout code	2025-10-07T10:15:11.3666869Z [command]/usr/bin/git remote add origin https://github.com/Ka0s-Klaus/ka0s
end-workflow	Checkout code	2025-10-07T10:15:11.3671218Z ##[endgroup]
end-workflow	Checkout code	2025-10-07T10:15:11.3672948Z ##[group]Disabling automatic garbage collection
end-workflow	Checkout code	2025-10-07T10:15:11.3674556Z [command]/usr/bin/git config --local gc.auto 0
end-workflow	Checkout code	2025-10-07T10:15:11.3883390Z ##[endgroup]
end-workflow	Checkout code	2025-10-07T10:15:11.3885067Z ##[group]Setting up auth
end-workflow	Checkout code	2025-10-07T10:15:11.3980984Z [command]/usr/bin/git config --local --name-only --get-regexp core\.sshCommand
end-workflow	Checkout code	2025-10-07T10:15:11.4268162Z [command]/usr/bin/git submodule foreach --recursive sh -c "git config --local --name-only --get-regexp 'core\.sshCommand' && git config --local --unset-all 'core.sshCommand' || :"
end-workflow	Checkout code	2025-10-07T10:15:11.6592745Z [command]/usr/bin/git config --local --name-only --get-regexp http\.https\:\/\/github\.com\/\.extraheader
end-workflow	Checkout code	2025-10-07T10:15:11.6780706Z [command]/usr/bin/git submodule foreach --recursive sh -c "git config --local --name-only --get-regexp 'http\.https\:\/\/github\.com\/\.extraheader' && git config --local --unset-all 'http.https://github.com/.extraheader' || :"
end-workflow	Checkout code	2025-10-07T10:15:11.8553032Z [command]/usr/bin/git config --local http.https://github.com/.extraheader AUTHORIZATION: basic ***
end-workflow	Checkout code	2025-10-07T10:15:11.8712043Z ##[endgroup]
end-workflow	Checkout code	2025-10-07T10:15:11.8714392Z ##[group]Fetching the repository
end-workflow	Checkout code	2025-10-07T10:15:11.8724705Z [command]/usr/bin/git -c protocol.version=2 fetch --prune --no-recurse-submodules origin +refs/heads/*:refs/remotes/origin/* +refs/tags/*:refs/tags/*
end-workflow	Checkout code	2025-10-07T10:16:00.0316815Z From https://github.com/Ka0s-Klaus/ka0s
end-workflow	Checkout code	2025-10-07T10:16:00.0319050Z  * [new branch]        F1149-desarrollo-de-orchestrator -> origin/F1149-desarrollo-de-orchestrator
end-workflow	Checkout code	2025-10-07T10:16:00.0322509Z  * [new branch]        F1183-personalización-módulo-finops -> origin/F1183-personalización-módulo-finops
end-workflow	Checkout code	2025-10-07T10:16:00.0324531Z  * [new branch]        F1224-new-module-mongodb -> origin/F1224-new-module-mongodb
end-workflow	Checkout code	2025-10-07T10:16:00.0326204Z  * [new branch]        F220-web-de-resultados  -> origin/F220-web-de-resultados
end-workflow	Checkout code	2025-10-07T10:16:00.0328687Z  * [new branch]        F227-despliegue-de-kube-independiente-del-clouder -> origin/F227-despliegue-de-kube-independiente-del-clouder
end-workflow	Checkout code	2025-10-07T10:16:00.0565794Z  * [new branch]        F329-documentacion-metodologia-de-kaos -> origin/F329-documentacion-metodologia-de-kaos
end-workflow	Checkout code	2025-10-07T10:16:00.0568242Z  * [new branch]        F44-creación-módulo-versionado -> origin/F44-creación-módulo-versionado
end-workflow	Checkout code	2025-10-07T10:16:00.0570217Z  * [new branch]        H1128-módulo-de-observabilidad -> origin/H1128-módulo-de-observabilidad
end-workflow	Checkout code	2025-10-07T10:16:00.0572133Z  * [new branch]        H1139-como-instalar-arc-control -> origin/H1139-como-instalar-arc-control
end-workflow	Checkout code	2025-10-07T10:16:00.0574048Z  * [new branch]        H1149-desarrollo-de-orchestrator -> origin/H1149-desarrollo-de-orchestrator
end-workflow	Checkout code	2025-10-07T10:16:00.0575890Z  * [new branch]        H1150-desarrollo-de-secciones -> origin/H1150-desarrollo-de-secciones
end-workflow	Checkout code	2025-10-07T10:16:00.0577723Z  * [new branch]        H1151-desarrollo-de-secciones-ii -> origin/H1151-desarrollo-de-secciones-ii
end-workflow	Checkout code	2025-10-07T10:16:00.0579447Z  * [new branch]        H1152-desarrollo-inicio -> origin/H1152-desarrollo-inicio
end-workflow	Checkout code	2025-10-07T10:16:00.0581688Z  * [new branch]        H1183-personalización-módulo-finops -> origin/H1183-personalización-módulo-finops
end-workflow	Checkout code	2025-10-07T10:16:00.0583623Z  * [new branch]        H1193-ejemplo-web-documentacion -> origin/H1193-ejemplo-web-documentacion
end-workflow	Checkout code	2025-10-07T10:16:00.0585215Z  * [new branch]        H1205-web-creation      -> origin/H1205-web-creation
end-workflow	Checkout code	2025-10-07T10:16:00.0586569Z  * [new branch]        H1224-new-module-mongodb -> origin/H1224-new-module-mongodb
end-workflow	Checkout code	2025-10-07T10:16:00.0587962Z  * [new branch]        H1410-modulo-execution  -> origin/H1410-modulo-execution
end-workflow	Checkout code	2025-10-07T10:16:00.0673123Z  * [new branch]        H1514-new-swarm-deployment-stack-with-actions-runners-autoscale -> origin/H1514-new-swarm-deployment-stack-with-actions-runners-autoscale
end-workflow	Checkout code	2025-10-07T10:16:00.0676185Z  * [new branch]        H1646-modulo-de-control-de-runners -> origin/H1646-modulo-de-control-de-runners
end-workflow	Checkout code	2025-10-07T10:16:00.0677902Z  * [new branch]        H215-modulo-de-summary  -> origin/H215-modulo-de-summary
end-workflow	Checkout code	2025-10-07T10:16:00.0680326Z  * [new branch]        H220-web-de-resultados  -> origin/H220-web-de-resultados
end-workflow	Checkout code	2025-10-07T10:16:00.0682427Z  * [new branch]        H227-despliegue-de-kube-independiente-del-clouder -> origin/H227-despliegue-de-kube-independiente-del-clouder
end-workflow	Checkout code	2025-10-07T10:16:00.0684685Z  * [new branch]        H306-ficheros-de-estadisticas -> origin/H306-ficheros-de-estadisticas
end-workflow	Checkout code	2025-10-07T10:16:00.0686776Z  * [new branch]        H328-documentacion-modulo-principal-de-kaos -> origin/H328-documentacion-modulo-principal-de-kaos
end-workflow	Checkout code	2025-10-07T10:16:00.0689073Z  * [new branch]        H329-documentacion-metodologia-de-kaos -> origin/H329-documentacion-metodologia-de-kaos
end-workflow	Checkout code	2025-10-07T10:16:00.0691559Z  * [new branch]        H338-relanzador-de-jobs-en-caso-de-pattern -> origin/H338-relanzador-de-jobs-en-caso-de-pattern
end-workflow	Checkout code	2025-10-07T10:16:00.0693879Z  * [new branch]        H38-documentacion-basica-del-proyecto -> origin/H38-documentacion-basica-del-proyecto
end-workflow	Checkout code	2025-10-07T10:16:00.0696764Z  * [new branch]        H44-creación-módulo-versionado -> origin/H44-creación-módulo-versionado
end-workflow	Checkout code	2025-10-07T10:16:00.0698716Z  * [new branch]        RN1149-desarrollo-de-orchestrator -> origin/RN1149-desarrollo-de-orchestrator
end-workflow	Checkout code	2025-10-07T10:16:00.0721427Z  * [new branch]        RN1183-personalización-módulo-finops -> origin/RN1183-personalización-módulo-finops
end-workflow	Checkout code	2025-10-07T10:16:00.0724222Z  * [new branch]        RN1282-ka0s-error-detected-in-ka0s-workflow-statistics-summary -> origin/RN1282-ka0s-error-detected-in-ka0s-workflow-statistics-summary
end-workflow	Checkout code	2025-10-07T10:16:00.0726651Z  * [new branch]        RN220-web-de-resultados -> origin/RN220-web-de-resultados
end-workflow	Checkout code	2025-10-07T10:16:00.0728783Z  * [new branch]        RN227-despliegue-de-kube-independiente-del-clouder -> origin/RN227-despliegue-de-kube-independiente-del-clouder
end-workflow	Checkout code	2025-10-07T10:16:00.0731382Z  * [new branch]        RN329-documentacion-metodologia-de-kaos -> origin/RN329-documentacion-metodologia-de-kaos
end-workflow	Checkout code	2025-10-07T10:16:00.0733076Z  * [new branch]        main                    -> origin/main
end-workflow	Checkout code	2025-10-07T10:16:00.0734061Z  * [new tag]           0.0.0                   -> 0.0.0
end-workflow	Checkout code	2025-10-07T10:16:00.0734963Z  * [new tag]           0.0.1                   -> 0.0.1
end-workflow	Checkout code	2025-10-07T10:16:00.0750271Z  * [new tag]           0.0.10                  -> 0.0.10
end-workflow	Checkout code	2025-10-07T10:16:00.0751381Z  * [new tag]           0.0.100                 -> 0.0.100
end-workflow	Checkout code	2025-10-07T10:16:00.0752437Z  * [new tag]           0.0.101                 -> 0.0.101
end-workflow	Checkout code	2025-10-07T10:16:00.0753411Z  * [new tag]           0.0.102                 -> 0.0.102
end-workflow	Checkout code	2025-10-07T10:16:00.0754415Z  * [new tag]           0.0.103                 -> 0.0.103
end-workflow	Checkout code	2025-10-07T10:16:00.0755384Z  * [new tag]           0.0.104                 -> 0.0.104
end-workflow	Checkout code	2025-10-07T10:16:00.0756363Z  * [new tag]           0.0.105                 -> 0.0.105
end-workflow	Checkout code	2025-10-07T10:16:00.0757320Z  * [new tag]           0.0.106                 -> 0.0.106
end-workflow	Checkout code	2025-10-07T10:16:00.0758419Z  * [new tag]           0.0.107                 -> 0.0.107
end-workflow	Checkout code	2025-10-07T10:16:00.0759407Z  * [new tag]           0.0.108                 -> 0.0.108
end-workflow	Checkout code	2025-10-07T10:16:00.0790789Z  * [new tag]           0.0.109                 -> 0.0.109
end-workflow	Checkout code	2025-10-07T10:16:00.0791822Z  * [new tag]           0.0.11                  -> 0.0.11
end-workflow	Checkout code	2025-10-07T10:16:00.0792785Z  * [new tag]           0.0.110                 -> 0.0.110
end-workflow	Checkout code	2025-10-07T10:16:00.0793756Z  * [new tag]           0.0.111                 -> 0.0.111
end-workflow	Checkout code	2025-10-07T10:16:00.0794745Z  * [new tag]           0.0.112                 -> 0.0.112
end-workflow	Checkout code	2025-10-07T10:16:00.0795726Z  * [new tag]           0.0.113                 -> 0.0.113
end-workflow	Checkout code	2025-10-07T10:16:00.0796712Z  * [new tag]           0.0.114                 -> 0.0.114
end-workflow	Checkout code	2025-10-07T10:16:00.0797691Z  * [new tag]           0.0.115                 -> 0.0.115
end-workflow	Checkout code	2025-10-07T10:16:00.0798670Z  * [new tag]           0.0.116                 -> 0.0.116
end-workflow	Checkout code	2025-10-07T10:16:00.0799950Z  * [new tag]           0.0.117                 -> 0.0.117
end-workflow	Checkout code	2025-10-07T10:16:00.0800988Z  * [new tag]           0.0.118                 -> 0.0.118
end-workflow	Checkout code	2025-10-07T10:16:00.0802296Z  * [new tag]           0.0.119                 -> 0.0.119
end-workflow	Checkout code	2025-10-07T10:16:00.0803279Z  * [new tag]           0.0.12                  -> 0.0.12
end-workflow	Checkout code	2025-10-07T10:16:00.0804260Z  * [new tag]           0.0.120                 -> 0.0.120
end-workflow	Checkout code	2025-10-07T10:16:00.0805236Z  * [new tag]           0.0.121                 -> 0.0.121
end-workflow	Checkout code	2025-10-07T10:16:00.0806208Z  * [new tag]           0.0.122                 -> 0.0.122
end-workflow	Checkout code	2025-10-07T10:16:00.0807224Z  * [new tag]           0.0.123                 -> 0.0.123
end-workflow	Checkout code	2025-10-07T10:16:00.0808317Z  * [new tag]           0.0.124                 -> 0.0.124
end-workflow	Checkout code	2025-10-07T10:16:00.0809302Z  * [new tag]           0.0.125                 -> 0.0.125
end-workflow	Checkout code	2025-10-07T10:16:00.0810368Z  * [new tag]           0.0.126                 -> 0.0.126
end-workflow	Checkout code	2025-10-07T10:16:00.0811358Z  * [new tag]           0.0.127                 -> 0.0.127
end-workflow	Checkout code	2025-10-07T10:16:00.0812320Z  * [new tag]           0.0.128                 -> 0.0.128
end-workflow	Checkout code	2025-10-07T10:16:00.0813645Z  * [new tag]           0.0.129                 -> 0.0.129
end-workflow	Checkout code	2025-10-07T10:16:00.0814641Z  * [new tag]           0.0.13                  -> 0.0.13
end-workflow	Checkout code	2025-10-07T10:16:00.0815619Z  * [new tag]           0.0.130                 -> 0.0.130
end-workflow	Checkout code	2025-10-07T10:16:00.0816591Z  * [new tag]           0.0.131                 -> 0.0.131
end-workflow	Checkout code	2025-10-07T10:16:00.0817566Z  * [new tag]           0.0.132                 -> 0.0.132
end-workflow	Checkout code	2025-10-07T10:16:00.0818540Z  * [new tag]           0.0.133                 -> 0.0.133
end-workflow	Checkout code	2025-10-07T10:16:00.0849982Z  * [new tag]           0.0.134                 -> 0.0.134
end-workflow	Checkout code	2025-10-07T10:16:00.0851386Z  * [new tag]           0.0.135                 -> 0.0.135
end-workflow	Checkout code	2025-10-07T10:16:00.0865932Z  * [new tag]           0.0.136                 -> 0.0.136
end-workflow	Checkout code	2025-10-07T10:16:00.0867061Z  * [new tag]           0.0.137                 -> 0.0.137
end-workflow	Checkout code	2025-10-07T10:16:00.0868036Z  * [new tag]           0.0.138                 -> 0.0.138
end-workflow	Checkout code	2025-10-07T10:16:00.0869020Z  * [new tag]           0.0.139                 -> 0.0.139
end-workflow	Checkout code	2025-10-07T10:16:00.0870136Z  * [new tag]           0.0.14                  -> 0.0.14
end-workflow	Checkout code	2025-10-07T10:16:00.0871101Z  * [new tag]           0.0.140                 -> 0.0.140
end-workflow	Checkout code	2025-10-07T10:16:00.0872029Z  * [new tag]           0.0.141                 -> 0.0.141
end-workflow	Checkout code	2025-10-07T10:16:00.0872969Z  * [new tag]           0.0.142                 -> 0.0.142
end-workflow	Checkout code	2025-10-07T10:16:00.0873916Z  * [new tag]           0.0.143                 -> 0.0.143
end-workflow	Checkout code	2025-10-07T10:16:00.0874861Z  * [new tag]           0.0.144                 -> 0.0.144
end-workflow	Checkout code	2025-10-07T10:16:00.0875796Z  * [new tag]           0.0.145                 -> 0.0.145
end-workflow	Checkout code	2025-10-07T10:16:00.0876737Z  * [new tag]           0.0.146                 -> 0.0.146
end-workflow	Checkout code	2025-10-07T10:16:00.0877679Z  * [new tag]           0.0.147                 -> 0.0.147
end-workflow	Checkout code	2025-10-07T10:16:00.0878619Z  * [new tag]           0.0.148                 -> 0.0.148
end-workflow	Checkout code	2025-10-07T10:16:00.0909872Z  * [new tag]           0.0.149                 -> 0.0.149
end-workflow	Checkout code	2025-10-07T10:16:00.0911247Z  * [new tag]           0.0.15                  -> 0.0.15
end-workflow	Checkout code	2025-10-07T10:16:00.0912207Z  * [new tag]           0.0.150                 -> 0.0.150
end-workflow	Checkout code	2025-10-07T10:16:00.0913149Z  * [new tag]           0.0.151                 -> 0.0.151
end-workflow	Checkout code	2025-10-07T10:16:00.0914090Z  * [new tag]           0.0.152                 -> 0.0.152
end-workflow	Checkout code	2025-10-07T10:16:00.0921144Z  * [new tag]           0.0.153                 -> 0.0.153
end-workflow	Checkout code	2025-10-07T10:16:00.0922156Z  * [new tag]           0.0.154                 -> 0.0.154
end-workflow	Checkout code	2025-10-07T10:16:00.0923100Z  * [new tag]           0.0.155                 -> 0.0.155
end-workflow	Checkout code	2025-10-07T10:16:00.0924041Z  * [new tag]           0.0.156                 -> 0.0.156
end-workflow	Checkout code	2025-10-07T10:16:00.0924969Z  * [new tag]           0.0.157                 -> 0.0.157
end-workflow	Checkout code	2025-10-07T10:16:00.0925908Z  * [new tag]           0.0.158                 -> 0.0.158
end-workflow	Checkout code	2025-10-07T10:16:00.0926849Z  * [new tag]           0.0.159                 -> 0.0.159
end-workflow	Checkout code	2025-10-07T10:16:00.0927789Z  * [new tag]           0.0.16                  -> 0.0.16
end-workflow	Checkout code	2025-10-07T10:16:00.0928745Z  * [new tag]           0.0.160                 -> 0.0.160
end-workflow	Checkout code	2025-10-07T10:16:00.0930153Z  * [new tag]           0.0.161                 -> 0.0.161
end-workflow	Checkout code	2025-10-07T10:16:00.0931098Z  * [new tag]           0.0.162                 -> 0.0.162
end-workflow	Checkout code	2025-10-07T10:16:00.0932041Z  * [new tag]           0.0.163                 -> 0.0.163
end-workflow	Checkout code	2025-10-07T10:16:00.0932983Z  * [new tag]           0.0.164                 -> 0.0.164
end-workflow	Checkout code	2025-10-07T10:16:00.0933899Z  * [new tag]           0.0.165                 -> 0.0.165
end-workflow	Checkout code	2025-10-07T10:16:00.0934878Z  * [new tag]           0.0.166                 -> 0.0.166
end-workflow	Checkout code	2025-10-07T10:16:00.0935787Z  * [new tag]           0.0.167                 -> 0.0.167
end-workflow	Checkout code	2025-10-07T10:16:00.0936708Z  * [new tag]           0.0.168                 -> 0.0.168
end-workflow	Checkout code	2025-10-07T10:16:00.0937615Z  * [new tag]           0.0.169                 -> 0.0.169
end-workflow	Checkout code	2025-10-07T10:16:00.0938532Z  * [new tag]           0.0.17                  -> 0.0.17
end-workflow	Checkout code	2025-10-07T10:16:00.0939441Z  * [new tag]           0.0.170                 -> 0.0.170
end-workflow	Checkout code	2025-10-07T10:16:00.0943229Z  * [new tag]           0.0.171                 -> 0.0.171
end-workflow	Checkout code	2025-10-07T10:16:00.0944169Z  * [new tag]           0.0.172                 -> 0.0.172
end-workflow	Checkout code	2025-10-07T10:16:00.0945090Z  * [new tag]           0.0.173                 -> 0.0.173
end-workflow	Checkout code	2025-10-07T10:16:00.0946005Z  * [new tag]           0.0.174                 -> 0.0.174
end-workflow	Checkout code	2025-10-07T10:16:00.0946925Z  * [new tag]           0.0.175                 -> 0.0.175
end-workflow	Checkout code	2025-10-07T10:16:00.0947827Z  * [new tag]           0.0.176                 -> 0.0.176
end-workflow	Checkout code	2025-10-07T10:16:00.0948684Z  * [new tag]           0.0.177                 -> 0.0.177
end-workflow	Checkout code	2025-10-07T10:16:00.0949681Z  * [new tag]           0.0.178                 -> 0.0.178
end-workflow	Checkout code	2025-10-07T10:16:00.0950597Z  * [new tag]           0.0.179                 -> 0.0.179
end-workflow	Checkout code	2025-10-07T10:16:00.0951508Z  * [new tag]           0.0.18                  -> 0.0.18
end-workflow	Checkout code	2025-10-07T10:16:00.0952403Z  * [new tag]           0.0.19                  -> 0.0.19
end-workflow	Checkout code	2025-10-07T10:16:00.0953302Z  * [new tag]           0.0.2                   -> 0.0.2
end-workflow	Checkout code	2025-10-07T10:16:00.0954217Z  * [new tag]           0.0.20                  -> 0.0.20
end-workflow	Checkout code	2025-10-07T10:16:00.0955129Z  * [new tag]           0.0.21                  -> 0.0.21
end-workflow	Checkout code	2025-10-07T10:16:00.0956023Z  * [new tag]           0.0.22                  -> 0.0.22
end-workflow	Checkout code	2025-10-07T10:16:00.0956915Z  * [new tag]           0.0.23                  -> 0.0.23
end-workflow	Checkout code	2025-10-07T10:16:00.0957817Z  * [new tag]           0.0.24                  -> 0.0.24
end-workflow	Checkout code	2025-10-07T10:16:00.0958721Z  * [new tag]           0.0.25                  -> 0.0.25
end-workflow	Checkout code	2025-10-07T10:16:00.0959727Z  * [new tag]           0.0.26                  -> 0.0.26
end-workflow	Checkout code	2025-10-07T10:16:00.0960672Z  * [new tag]           0.0.27                  -> 0.0.27
end-workflow	Checkout code	2025-10-07T10:16:00.0961568Z  * [new tag]           0.0.28                  -> 0.0.28
end-workflow	Checkout code	2025-10-07T10:16:00.0962429Z  * [new tag]           0.0.29                  -> 0.0.29
end-workflow	Checkout code	2025-10-07T10:16:00.0963338Z  * [new tag]           0.0.3                   -> 0.0.3
end-workflow	Checkout code	2025-10-07T10:16:00.0964195Z  * [new tag]           0.0.30                  -> 0.0.30
end-workflow	Checkout code	2025-10-07T10:16:00.0965134Z  * [new tag]           0.0.31                  -> 0.0.31
end-workflow	Checkout code	2025-10-07T10:16:00.0966065Z  * [new tag]           0.0.32                  -> 0.0.32
end-workflow	Checkout code	2025-10-07T10:16:00.0966990Z  * [new tag]           0.0.33                  -> 0.0.33
end-workflow	Checkout code	2025-10-07T10:16:00.0967916Z  * [new tag]           0.0.34                  -> 0.0.34
end-workflow	Checkout code	2025-10-07T10:16:00.0968809Z  * [new tag]           0.0.35                  -> 0.0.35
end-workflow	Checkout code	2025-10-07T10:16:00.1000072Z  * [new tag]           0.0.36                  -> 0.0.36
end-workflow	Checkout code	2025-10-07T10:16:00.1032980Z  * [new tag]           0.0.37                  -> 0.0.37
end-workflow	Checkout code	2025-10-07T10:16:00.1034236Z  * [new tag]           0.0.38                  -> 0.0.38
end-workflow	Checkout code	2025-10-07T10:16:00.1035170Z  * [new tag]           0.0.39                  -> 0.0.39
end-workflow	Checkout code	2025-10-07T10:16:00.1036087Z  * [new tag]           0.0.4                   -> 0.0.4
end-workflow	Checkout code	2025-10-07T10:16:00.1036990Z  * [new tag]           0.0.40                  -> 0.0.40
end-workflow	Checkout code	2025-10-07T10:16:00.1037931Z  * [new tag]           0.0.41                  -> 0.0.41
end-workflow	Checkout code	2025-10-07T10:16:00.1038840Z  * [new tag]           0.0.42                  -> 0.0.42
end-workflow	Checkout code	2025-10-07T10:16:00.1040161Z  * [new tag]           0.0.43                  -> 0.0.43
end-workflow	Checkout code	2025-10-07T10:16:00.1041077Z  * [new tag]           0.0.44                  -> 0.0.44
end-workflow	Checkout code	2025-10-07T10:16:00.1042006Z  * [new tag]           0.0.45                  -> 0.0.45
end-workflow	Checkout code	2025-10-07T10:16:00.1042926Z  * [new tag]           0.0.46                  -> 0.0.46
end-workflow	Checkout code	2025-10-07T10:16:00.1043848Z  * [new tag]           0.0.47                  -> 0.0.47
end-workflow	Checkout code	2025-10-07T10:16:00.1044777Z  * [new tag]           0.0.48                  -> 0.0.48
end-workflow	Checkout code	2025-10-07T10:16:00.1045706Z  * [new tag]           0.0.49                  -> 0.0.49
end-workflow	Checkout code	2025-10-07T10:16:00.1046590Z  * [new tag]           0.0.5                   -> 0.0.5
end-workflow	Checkout code	2025-10-07T10:16:00.1047452Z  * [new tag]           0.0.50                  -> 0.0.50
end-workflow	Checkout code	2025-10-07T10:16:00.1048365Z  * [new tag]           0.0.51                  -> 0.0.51
end-workflow	Checkout code	2025-10-07T10:16:00.1059898Z  * [new tag]           0.0.52                  -> 0.0.52
end-workflow	Checkout code	2025-10-07T10:16:00.1060984Z  * [new tag]           0.0.53                  -> 0.0.53
end-workflow	Checkout code	2025-10-07T10:16:00.1061913Z  * [new tag]           0.0.54                  -> 0.0.54
end-workflow	Checkout code	2025-10-07T10:16:00.1062824Z  * [new tag]           0.0.55                  -> 0.0.55
end-workflow	Checkout code	2025-10-07T10:16:00.1063731Z  * [new tag]           0.0.56                  -> 0.0.56
end-workflow	Checkout code	2025-10-07T10:16:00.1064843Z  * [new tag]           0.0.57                  -> 0.0.57
end-workflow	Checkout code	2025-10-07T10:16:00.1065755Z  * [new tag]           0.0.58                  -> 0.0.58
end-workflow	Checkout code	2025-10-07T10:16:00.1066651Z  * [new tag]           0.0.59                  -> 0.0.59
end-workflow	Checkout code	2025-10-07T10:16:00.1067536Z  * [new tag]           0.0.6                   -> 0.0.6
end-workflow	Checkout code	2025-10-07T10:16:00.1068354Z  * [new tag]           0.0.60                  -> 0.0.60
end-workflow	Checkout code	2025-10-07T10:16:00.1069258Z  * [new tag]           0.0.61                  -> 0.0.61
end-workflow	Checkout code	2025-10-07T10:16:00.1070230Z  * [new tag]           0.0.62                  -> 0.0.62
end-workflow	Checkout code	2025-10-07T10:16:00.1071156Z  * [new tag]           0.0.63                  -> 0.0.63
end-workflow	Checkout code	2025-10-07T10:16:00.1072068Z  * [new tag]           0.0.64                  -> 0.0.64
end-workflow	Checkout code	2025-10-07T10:16:00.1072967Z  * [new tag]           0.0.65                  -> 0.0.65
end-workflow	Checkout code	2025-10-07T10:16:00.1073872Z  * [new tag]           0.0.66                  -> 0.0.66
end-workflow	Checkout code	2025-10-07T10:16:00.1074761Z  * [new tag]           0.0.67                  -> 0.0.67
end-workflow	Checkout code	2025-10-07T10:16:00.1075655Z  * [new tag]           0.0.68                  -> 0.0.68
end-workflow	Checkout code	2025-10-07T10:16:00.1076558Z  * [new tag]           0.0.69                  -> 0.0.69
end-workflow	Checkout code	2025-10-07T10:16:00.1077459Z  * [new tag]           0.0.7                   -> 0.0.7
end-workflow	Checkout code	2025-10-07T10:16:00.1078356Z  * [new tag]           0.0.70                  -> 0.0.70
end-workflow	Checkout code	2025-10-07T10:16:00.1079257Z  * [new tag]           0.0.71                  -> 0.0.71
end-workflow	Checkout code	2025-10-07T10:16:00.1080252Z  * [new tag]           0.0.72                  -> 0.0.72
end-workflow	Checkout code	2025-10-07T10:16:00.1081162Z  * [new tag]           0.0.73                  -> 0.0.73
end-workflow	Checkout code	2025-10-07T10:16:00.1082079Z  * [new tag]           0.0.74                  -> 0.0.74
end-workflow	Checkout code	2025-10-07T10:16:00.1083005Z  * [new tag]           0.0.75                  -> 0.0.75
end-workflow	Checkout code	2025-10-07T10:16:00.1083911Z  * [new tag]           0.0.76                  -> 0.0.76
end-workflow	Checkout code	2025-10-07T10:16:00.1084837Z  * [new tag]           0.0.77                  -> 0.0.77
end-workflow	Checkout code	2025-10-07T10:16:00.1085705Z  * [new tag]           0.0.78                  -> 0.0.78
end-workflow	Checkout code	2025-10-07T10:16:00.1086530Z  * [new tag]           0.0.79                  -> 0.0.79
end-workflow	Checkout code	2025-10-07T10:16:00.1087444Z  * [new tag]           0.0.8                   -> 0.0.8
end-workflow	Checkout code	2025-10-07T10:16:00.1088334Z  * [new tag]           0.0.80                  -> 0.0.80
end-workflow	Checkout code	2025-10-07T10:16:00.1089235Z  * [new tag]           0.0.81                  -> 0.0.81
end-workflow	Checkout code	2025-10-07T10:16:00.1120611Z  * [new tag]           0.0.82                  -> 0.0.82
end-workflow	Checkout code	2025-10-07T10:16:00.1121827Z  * [new tag]           0.0.83                  -> 0.0.83
end-workflow	Checkout code	2025-10-07T10:16:00.1122815Z  * [new tag]           0.0.84                  -> 0.0.84
end-workflow	Checkout code	2025-10-07T10:16:00.1123840Z  * [new tag]           0.0.85                  -> 0.0.85
end-workflow	Checkout code	2025-10-07T10:16:00.1125142Z  * [new tag]           0.0.86                  -> 0.0.86
end-workflow	Checkout code	2025-10-07T10:16:00.1126121Z  * [new tag]           0.0.87                  -> 0.0.87
end-workflow	Checkout code	2025-10-07T10:16:00.1127096Z  * [new tag]           0.0.88                  -> 0.0.88
end-workflow	Checkout code	2025-10-07T10:16:00.1128066Z  * [new tag]           0.0.89                  -> 0.0.89
end-workflow	Checkout code	2025-10-07T10:16:00.1128976Z  * [new tag]           0.0.9                   -> 0.0.9
end-workflow	Checkout code	2025-10-07T10:16:00.1130048Z  * [new tag]           0.0.90                  -> 0.0.90
end-workflow	Checkout code	2025-10-07T10:16:00.1131023Z  * [new tag]           0.0.91                  -> 0.0.91
end-workflow	Checkout code	2025-10-07T10:16:00.1131990Z  * [new tag]           0.0.92                  -> 0.0.92
end-workflow	Checkout code	2025-10-07T10:16:00.1132961Z  * [new tag]           0.0.93                  -> 0.0.93
end-workflow	Checkout code	2025-10-07T10:16:00.1133858Z  * [new tag]           0.0.94                  -> 0.0.94
end-workflow	Checkout code	2025-10-07T10:16:00.1134844Z  * [new tag]           0.0.95                  -> 0.0.95
end-workflow	Checkout code	2025-10-07T10:16:00.1136101Z  * [new tag]           0.0.96                  -> 0.0.96
end-workflow	Checkout code	2025-10-07T10:16:00.1137092Z  * [new tag]           0.0.97                  -> 0.0.97
end-workflow	Checkout code	2025-10-07T10:16:00.1138065Z  * [new tag]           0.0.98                  -> 0.0.98
end-workflow	Checkout code	2025-10-07T10:16:00.1139042Z  * [new tag]           0.0.99                  -> 0.0.99
end-workflow	Checkout code	2025-10-07T10:16:00.1183216Z  * [new tag]           0.1.0                   -> 0.1.0
end-workflow	Checkout code	2025-10-07T10:16:00.1184270Z  * [new tag]           0.1.1                   -> 0.1.1
end-workflow	Checkout code	2025-10-07T10:16:00.1185221Z  * [new tag]           0.2.0                   -> 0.2.0
end-workflow	Checkout code	2025-10-07T10:16:00.1186165Z  * [new tag]           0.3.0                   -> 0.3.0
end-workflow	Checkout code	2025-10-07T10:16:00.1187091Z  * [new tag]           0.3.1                   -> 0.3.1
end-workflow	Checkout code	2025-10-07T10:16:00.1188036Z  * [new tag]           0.3.10                  -> 0.3.10
end-workflow	Checkout code	2025-10-07T10:16:00.1188994Z  * [new tag]           0.3.11                  -> 0.3.11
end-workflow	Checkout code	2025-10-07T10:16:00.1190152Z  * [new tag]           0.3.12                  -> 0.3.12
end-workflow	Checkout code	2025-10-07T10:16:00.1191136Z  * [new tag]           0.3.13                  -> 0.3.13
end-workflow	Checkout code	2025-10-07T10:16:00.1192091Z  * [new tag]           0.3.14                  -> 0.3.14
end-workflow	Checkout code	2025-10-07T10:16:00.1193023Z  * [new tag]           0.3.15                  -> 0.3.15
end-workflow	Checkout code	2025-10-07T10:16:00.1193971Z  * [new tag]           0.3.16                  -> 0.3.16
end-workflow	Checkout code	2025-10-07T10:16:00.1194883Z  * [new tag]           0.3.17                  -> 0.3.17
end-workflow	Checkout code	2025-10-07T10:16:00.1195732Z  * [new tag]           0.3.2                   -> 0.3.2
end-workflow	Checkout code	2025-10-07T10:16:00.1196678Z  * [new tag]           0.3.3                   -> 0.3.3
end-workflow	Checkout code	2025-10-07T10:16:00.1197596Z  * [new tag]           0.3.4                   -> 0.3.4
end-workflow	Checkout code	2025-10-07T10:16:00.1198524Z  * [new tag]           0.3.5                   -> 0.3.5
end-workflow	Checkout code	2025-10-07T10:16:00.1199432Z  * [new tag]           0.3.6                   -> 0.3.6
end-workflow	Checkout code	2025-10-07T10:16:00.1200448Z  * [new tag]           0.3.7                   -> 0.3.7
end-workflow	Checkout code	2025-10-07T10:16:00.1201380Z  * [new tag]           0.3.8                   -> 0.3.8
end-workflow	Checkout code	2025-10-07T10:16:00.1202314Z  * [new tag]           0.3.9                   -> 0.3.9
end-workflow	Checkout code	2025-10-07T10:16:00.1203253Z  * [new tag]           0.4.0                   -> 0.4.0
end-workflow	Checkout code	2025-10-07T10:16:00.1204184Z  * [new tag]           0.4.1                   -> 0.4.1
end-workflow	Checkout code	2025-10-07T10:16:00.1205105Z  * [new tag]           0.4.2                   -> 0.4.2
end-workflow	Checkout code	2025-10-07T10:16:00.1206023Z  * [new tag]           0.4.3                   -> 0.4.3
end-workflow	Checkout code	2025-10-07T10:16:00.1206955Z  * [new tag]           0.4.4                   -> 0.4.4
end-workflow	Checkout code	2025-10-07T10:16:00.1207873Z  * [new tag]           0.4.5                   -> 0.4.5
end-workflow	Checkout code	2025-10-07T10:16:00.1208794Z  * [new tag]           0.4.6                   -> 0.4.6
end-workflow	Checkout code	2025-10-07T10:16:00.1236924Z  * [new tag]           0.4.7                   -> 0.4.7
end-workflow	Checkout code	2025-10-07T10:16:00.1238008Z  * [new tag]           0.4.8                   -> 0.4.8
end-workflow	Checkout code	2025-10-07T10:16:00.1238922Z  * [new tag]           0.4.9                   -> 0.4.9
end-workflow	Checkout code	2025-10-07T10:16:00.1505976Z [command]/usr/bin/git branch --list --remote origin/main
end-workflow	Checkout code	2025-10-07T10:16:00.1631170Z   origin/main
end-workflow	Checkout code	2025-10-07T10:16:00.1668929Z [command]/usr/bin/git rev-parse refs/remotes/origin/main
end-workflow	Checkout code	2025-10-07T10:16:00.1743484Z c09a06ac305b8907f995a55aba36048edd8516a5
end-workflow	Checkout code	2025-10-07T10:16:00.1802559Z [command]/usr/bin/git -c protocol.version=2 fetch --no-tags --prune --no-recurse-submodules origin +a83ccd98e1b989dac215c03a96cd3273ac12a24c:refs/remotes/origin/main
end-workflow	Checkout code	2025-10-07T10:16:00.2292688Z From https://github.com/Ka0s-Klaus/ka0s
end-workflow	Checkout code	2025-10-07T10:16:00.2295013Z  + c09a06ac...a83ccd98 a83ccd98e1b989dac215c03a96cd3273ac12a24c -> origin/main  (forced update)
end-workflow	Checkout code	2025-10-07T10:16:00.2382027Z ##[endgroup]
end-workflow	Checkout code	2025-10-07T10:16:00.2383124Z ##[group]Determining the checkout info
end-workflow	Checkout code	2025-10-07T10:16:00.2384239Z ##[endgroup]
end-workflow	Checkout code	2025-10-07T10:16:00.2397330Z [command]/usr/bin/git sparse-checkout disable
end-workflow	Checkout code	2025-10-07T10:16:00.2565790Z [command]/usr/bin/git config --local --unset-all extensions.worktreeConfig
end-workflow	Checkout code	2025-10-07T10:16:00.2691054Z ##[group]Checking out the ref
end-workflow	Checkout code	2025-10-07T10:16:00.2697705Z [command]/usr/bin/git checkout --progress --force -B main refs/remotes/origin/main
end-workflow	Checkout code	2025-10-07T10:16:01.3425529Z Updating files:  62% (471/755)
end-workflow	Checkout code	2025-10-07T10:16:01.4071072Z Updating files:  63% (476/755)
end-workflow	Checkout code	2025-10-07T10:16:01.5075679Z Updating files:  64% (484/755)
end-workflow	Checkout code	2025-10-07T10:16:01.5792907Z Updating files:  65% (491/755)
end-workflow	Checkout code	2025-10-07T10:16:01.6404056Z Updating files:  66% (499/755)
end-workflow	Checkout code	2025-10-07T10:16:01.7449881Z Updating files:  67% (506/755)
end-workflow	Checkout code	2025-10-07T10:16:01.7722237Z Updating files:  68% (514/755)
end-workflow	Checkout code	2025-10-07T10:16:01.7743680Z Updating files:  69% (521/755)
end-workflow	Checkout code	2025-10-07T10:16:01.7744498Z Updating files:  70% (529/755)
end-workflow	Checkout code	2025-10-07T10:16:01.7745226Z Updating files:  71% (537/755)
end-workflow	Checkout code	2025-10-07T10:16:01.7812595Z Updating files:  72% (544/755)
end-workflow	Checkout code	2025-10-07T10:16:01.7816767Z Updating files:  73% (552/755)
end-workflow	Checkout code	2025-10-07T10:16:01.7882626Z Updating files:  74% (559/755)
end-workflow	Checkout code	2025-10-07T10:16:01.7885672Z Updating files:  75% (567/755)
end-workflow	Checkout code	2025-10-07T10:16:01.7968300Z Updating files:  76% (574/755)
end-workflow	Checkout code	2025-10-07T10:16:01.7988839Z Updating files:  77% (582/755)
end-workflow	Checkout code	2025-10-07T10:16:01.8001268Z Updating files:  78% (589/755)
end-workflow	Checkout code	2025-10-07T10:16:01.8040498Z Updating files:  79% (597/755)
end-workflow	Checkout code	2025-10-07T10:16:01.8041554Z Updating files:  80% (604/755)
end-workflow	Checkout code	2025-10-07T10:16:01.8043162Z Updating files:  81% (612/755)
end-workflow	Checkout code	2025-10-07T10:16:01.8048003Z Updating files:  82% (620/755)
end-workflow	Checkout code	2025-10-07T10:16:01.8056319Z Updating files:  83% (627/755)
end-workflow	Checkout code	2025-10-07T10:16:01.8116080Z Updating files:  84% (635/755)
end-workflow	Checkout code	2025-10-07T10:16:01.8150369Z Updating files:  85% (642/755)
end-workflow	Checkout code	2025-10-07T10:16:01.8151243Z Updating files:  86% (650/755)
end-workflow	Checkout code	2025-10-07T10:16:01.8200511Z Updating files:  87% (657/755)
end-workflow	Checkout code	2025-10-07T10:16:01.8260902Z Updating files:  88% (665/755)
end-workflow	Checkout code	2025-10-07T10:16:01.8263357Z Updating files:  89% (672/755)
end-workflow	Checkout code	2025-10-07T10:16:01.8290496Z Updating files:  90% (680/755)
end-workflow	Checkout code	2025-10-07T10:16:01.8295833Z Updating files:  91% (688/755)
end-workflow	Checkout code	2025-10-07T10:16:01.8372753Z Updating files:  92% (695/755)
end-workflow	Checkout code	2025-10-07T10:16:01.8373916Z Updating files:  93% (703/755)
end-workflow	Checkout code	2025-10-07T10:16:01.8374656Z Updating files:  94% (710/755)
end-workflow	Checkout code	2025-10-07T10:16:01.8380834Z Updating files:  95% (718/755)
end-workflow	Checkout code	2025-10-07T10:16:01.8394742Z Updating files:  96% (725/755)
end-workflow	Checkout code	2025-10-07T10:16:01.8483494Z Updating files:  97% (733/755)
end-workflow	Checkout code	2025-10-07T10:16:01.8484794Z Updating files:  98% (740/755)
end-workflow	Checkout code	2025-10-07T10:16:01.8485447Z Updating files:  99% (748/755)
end-workflow	Checkout code	2025-10-07T10:16:01.8486047Z Updating files: 100% (755/755)
end-workflow	Checkout code	2025-10-07T10:16:01.8486654Z Updating files: 100% (755/755), done.
end-workflow	Checkout code	2025-10-07T10:16:01.8596632Z Switched to a new branch 'main'
end-workflow	Checkout code	2025-10-07T10:16:01.8601362Z branch 'main' set up to track 'origin/main'.
end-workflow	Checkout code	2025-10-07T10:16:01.9013265Z ##[endgroup]
end-workflow	Checkout code	2025-10-07T10:16:01.9260818Z [command]/usr/bin/git log -1 --format=%H
end-workflow	Checkout code	2025-10-07T10:16:01.9373603Z a83ccd98e1b989dac215c03a96cd3273ac12a24c
end-workflow	Finaliza el workflow	﻿2025-10-07T10:16:02.0179730Z ##[group]Run echo "End process"
end-workflow	Finaliza el workflow	2025-10-07T10:16:02.0180602Z [36;1mecho "End process"[0m
end-workflow	Finaliza el workflow	2025-10-07T10:16:02.0181559Z [36;1m# RNNUMBER=$(echo "refs/heads/main" | grep -o '[0-9]*')[0m
end-workflow	Finaliza el workflow	2025-10-07T10:16:02.0182694Z [36;1m# gh issue comment $RNNUMBER --body "Se finaliza Ka0s 18309255147"[0m
end-workflow	Finaliza el workflow	2025-10-07T10:16:02.0183692Z [36;1mecho "Se finaliza Ka0s 18309255147"[0m
end-workflow	Finaliza el workflow	2025-10-07T10:16:02.0185061Z [36;1mgh workflow run inspector.yml --ref 'main' -f kaos-workflow-id="18309255147"[0m
end-workflow	Finaliza el workflow	2025-10-07T10:16:02.0250042Z shell: /usr/bin/bash -e {0}
end-workflow	Finaliza el workflow	2025-10-07T10:16:02.0250721Z env:
end-workflow	Finaliza el workflow	2025-10-07T10:16:02.0252406Z   GITHUB_TOKEN: ***
end-workflow	Finaliza el workflow	2025-10-07T10:16:02.0253018Z   KAOS_MODULE: [Ka0s] Personalized Image Runners
end-workflow	Finaliza el workflow	2025-10-07T10:16:02.0253765Z   KAOS_CODE: 18309255147
end-workflow	Finaliza el workflow	2025-10-07T10:16:02.0254324Z   KAOS_PATH_SCAN: audit/scan/
end-workflow	Finaliza el workflow	2025-10-07T10:16:02.0255111Z   GH_TOKEN: ***
end-workflow	Finaliza el workflow	2025-10-07T10:16:02.0255575Z ##[endgroup]
end-workflow	Finaliza el workflow	2025-10-07T10:16:02.0395471Z End process
end-workflow	Finaliza el workflow	2025-10-07T10:16:02.0396242Z Se finaliza Ka0s 18309255147
end-workflow	Post Checkout code	﻿2025-10-07T10:16:02.8097899Z Post job cleanup.
end-workflow	Post Checkout code	2025-10-07T10:16:03.1070924Z [command]/usr/bin/git version
end-workflow	Post Checkout code	2025-10-07T10:16:03.1193524Z git version 2.51.0
end-workflow	Post Checkout code	2025-10-07T10:16:03.1341824Z Temporarily overriding HOME='/home/runner/_work/_temp/6b021eb8-a752-4c30-a907-b9cc52468a74' before making global git config changes
end-workflow	Post Checkout code	2025-10-07T10:16:03.1347441Z Adding repository directory to the temporary git global config as a safe directory
end-workflow	Post Checkout code	2025-10-07T10:16:03.1353094Z [command]/usr/bin/git config --global --add safe.directory /home/runner/_work/ka0s/ka0s
end-workflow	Post Checkout code	2025-10-07T10:16:03.1480842Z [command]/usr/bin/git config --local --name-only --get-regexp core\.sshCommand
end-workflow	Post Checkout code	2025-10-07T10:16:03.1656694Z [command]/usr/bin/git submodule foreach --recursive sh -c "git config --local --name-only --get-regexp 'core\.sshCommand' && git config --local --unset-all 'core.sshCommand' || :"
end-workflow	Post Checkout code	2025-10-07T10:16:03.2445772Z [command]/usr/bin/git config --local --name-only --get-regexp http\.https\:\/\/github\.com\/\.extraheader
end-workflow	Post Checkout code	2025-10-07T10:16:03.2522250Z http.https://github.com/.extraheader
end-workflow	Post Checkout code	2025-10-07T10:16:03.2583438Z [command]/usr/bin/git config --local --unset-all http.https://github.com/.extraheader
end-workflow	Post Checkout code	2025-10-07T10:16:03.2688646Z [command]/usr/bin/git submodule foreach --recursive sh -c "git config --local --name-only --get-regexp 'http\.https\:\/\/github\.com\/\.extraheader' && git config --local --unset-all 'http.https://github.com/.extraheader' || :"
end-workflow	Complete job	﻿2025-10-07T10:16:03.3754096Z Cleaning up orphan processes
