job-core	Set up job	﻿2025-10-07T07:41:20.6802580Z Current runner version: '2.328.0'
job-core	Set up job	2025-10-07T07:41:20.6812788Z Runner name: '2ca5faac8858'
job-core	Set up job	2025-10-07T07:41:20.6813806Z Runner group name: 'swarm-runners'
job-core	Set up job	2025-10-07T07:41:20.6814884Z Machine name: '2ca5faac8858'
job-core	Set up job	2025-10-07T07:41:20.6818618Z ##[group]GITHUB_TOKEN Permissions
job-core	Set up job	2025-10-07T07:41:20.6821546Z Actions: write
job-core	Set up job	2025-10-07T07:41:20.6822199Z Contents: read
job-core	Set up job	2025-10-07T07:41:20.6822893Z Issues: write
job-core	Set up job	2025-10-07T07:41:20.6823496Z Metadata: read
job-core	Set up job	2025-10-07T07:41:20.6824063Z ##[endgroup]
job-core	Set up job	2025-10-07T07:41:20.6826754Z Secret source: Actions
job-core	Set up job	2025-10-07T07:41:20.6827948Z Prepare workflow directory
job-core	Set up job	2025-10-07T07:41:21.0291966Z Prepare all required actions
job-core	Set up job	2025-10-07T07:41:21.0346223Z Getting action download info
job-core	Set up job	2025-10-07T07:41:22.7361956Z Download action repository 'actions/checkout@v4' (SHA:08eba0b27e820071cde6df949e0beb9ba4906955)
job-core	Set up job	2025-10-07T07:41:23.8760327Z Download action repository 'docker/login-action@v3' (SHA:5e57cd118135c172c3672efd75eb46360885c0ef)
job-core	Set up job	2025-10-07T07:41:25.2949673Z Complete job name: job-core
job-core	Checkout code	﻿2025-10-07T07:41:25.5544482Z ##[group]Run actions/checkout@v4
job-core	Checkout code	2025-10-07T07:41:25.5546086Z with:
job-core	Checkout code	2025-10-07T07:41:25.5546886Z   fetch-depth: 0
job-core	Checkout code	2025-10-07T07:41:25.5589311Z   token: ***
job-core	Checkout code	2025-10-07T07:41:25.5590337Z   repository: Ka0s-Klaus/ka0s
job-core	Checkout code	2025-10-07T07:41:25.5591366Z   ssh-strict: true
job-core	Checkout code	2025-10-07T07:41:25.5592227Z   ssh-user: git
job-core	Checkout code	2025-10-07T07:41:25.5593134Z   persist-credentials: true
job-core	Checkout code	2025-10-07T07:41:25.5594185Z   clean: true
job-core	Checkout code	2025-10-07T07:41:25.5595103Z   sparse-checkout-cone-mode: true
job-core	Checkout code	2025-10-07T07:41:25.5596208Z   fetch-tags: false
job-core	Checkout code	2025-10-07T07:41:25.5597150Z   show-progress: true
job-core	Checkout code	2025-10-07T07:41:25.5598584Z   lfs: false
job-core	Checkout code	2025-10-07T07:41:25.5599415Z   submodules: false
job-core	Checkout code	2025-10-07T07:41:25.5600334Z   set-safe-directory: true
job-core	Checkout code	2025-10-07T07:41:25.5602057Z env:
job-core	Checkout code	2025-10-07T07:41:25.5604140Z   GITHUB_TOKEN: ***
job-core	Checkout code	2025-10-07T07:41:25.5605182Z   KAOS_MODULE: [Ka0s] Personalized Image Runners
job-core	Checkout code	2025-10-07T07:41:25.5606412Z   KAOS_CODE: 18305614540
job-core	Checkout code	2025-10-07T07:41:25.5607501Z   KAOS_PATH_SCAN: audit/scan/
job-core	Checkout code	2025-10-07T07:41:25.5608678Z ##[endgroup]
job-core	Checkout code	2025-10-07T07:41:26.3382515Z Syncing repository: Ka0s-Klaus/ka0s
job-core	Checkout code	2025-10-07T07:41:26.3385670Z ##[group]Getting Git version info
job-core	Checkout code	2025-10-07T07:41:26.3386920Z Working directory is '/home/runner/_work/ka0s/ka0s'
job-core	Checkout code	2025-10-07T07:41:26.3408506Z [command]/usr/bin/git version
job-core	Checkout code	2025-10-07T07:41:26.3409811Z git version 2.51.0
job-core	Checkout code	2025-10-07T07:41:26.3412969Z ##[endgroup]
job-core	Checkout code	2025-10-07T07:41:26.3449471Z Temporarily overriding HOME='/home/runner/_work/_temp/4afe3948-4e00-4aaf-9659-ff41015a1c96' before making global git config changes
job-core	Checkout code	2025-10-07T07:41:26.3452398Z Adding repository directory to the temporary git global config as a safe directory
job-core	Checkout code	2025-10-07T07:41:26.3454585Z [command]/usr/bin/git config --global --add safe.directory /home/runner/_work/ka0s/ka0s
job-core	Checkout code	2025-10-07T07:41:26.3457882Z Deleting the contents of '/home/runner/_work/ka0s/ka0s'
job-core	Checkout code	2025-10-07T07:41:26.3480461Z ##[group]Initializing the repository
job-core	Checkout code	2025-10-07T07:41:26.3494248Z [command]/usr/bin/git init /home/runner/_work/ka0s/ka0s
job-core	Checkout code	2025-10-07T07:41:26.3915720Z hint: Using 'master' as the name for the initial branch. This default branch name
job-core	Checkout code	2025-10-07T07:41:26.3996882Z hint: is subject to change. To configure the initial branch name to use in all
job-core	Checkout code	2025-10-07T07:41:26.4025206Z hint: of your new repositories, which will suppress this warning, call:
job-core	Checkout code	2025-10-07T07:41:26.4026880Z hint:
job-core	Checkout code	2025-10-07T07:41:26.4028067Z hint: 	git config --global init.defaultBranch <name>
job-core	Checkout code	2025-10-07T07:41:26.4029326Z hint:
job-core	Checkout code	2025-10-07T07:41:26.4030524Z hint: Names commonly chosen instead of 'master' are 'main', 'trunk' and
job-core	Checkout code	2025-10-07T07:41:26.4032581Z hint: 'development'. The just-created branch can be renamed via this command:
job-core	Checkout code	2025-10-07T07:41:26.4034205Z hint:
job-core	Checkout code	2025-10-07T07:41:26.4035085Z hint: 	git branch -m <name>
job-core	Checkout code	2025-10-07T07:41:26.4036109Z hint:
job-core	Checkout code	2025-10-07T07:41:26.4144249Z hint: Disable this message with "git config set advice.defaultBranchName false"
job-core	Checkout code	2025-10-07T07:41:26.4146859Z Initialized empty Git repository in /home/runner/_work/ka0s/ka0s/.git/
job-core	Checkout code	2025-10-07T07:41:26.4152934Z [command]/usr/bin/git remote add origin https://github.com/Ka0s-Klaus/ka0s
job-core	Checkout code	2025-10-07T07:41:26.4314543Z ##[endgroup]
job-core	Checkout code	2025-10-07T07:41:26.4316227Z ##[group]Disabling automatic garbage collection
job-core	Checkout code	2025-10-07T07:41:26.4328299Z [command]/usr/bin/git config --local gc.auto 0
job-core	Checkout code	2025-10-07T07:41:26.4585521Z ##[endgroup]
job-core	Checkout code	2025-10-07T07:41:26.4611634Z ##[group]Setting up auth
job-core	Checkout code	2025-10-07T07:41:26.4679231Z [command]/usr/bin/git config --local --name-only --get-regexp core\.sshCommand
job-core	Checkout code	2025-10-07T07:41:26.4830328Z [command]/usr/bin/git submodule foreach --recursive sh -c "git config --local --name-only --get-regexp 'core\.sshCommand' && git config --local --unset-all 'core.sshCommand' || :"
job-core	Checkout code	2025-10-07T07:41:26.7269533Z [command]/usr/bin/git config --local --name-only --get-regexp http\.https\:\/\/github\.com\/\.extraheader
job-core	Checkout code	2025-10-07T07:41:26.7448619Z [command]/usr/bin/git submodule foreach --recursive sh -c "git config --local --name-only --get-regexp 'http\.https\:\/\/github\.com\/\.extraheader' && git config --local --unset-all 'http.https://github.com/.extraheader' || :"
job-core	Checkout code	2025-10-07T07:41:26.9443089Z [command]/usr/bin/git config --local http.https://github.com/.extraheader AUTHORIZATION: basic ***
job-core	Checkout code	2025-10-07T07:41:26.9613340Z ##[endgroup]
job-core	Checkout code	2025-10-07T07:41:26.9617091Z ##[group]Fetching the repository
job-core	Checkout code	2025-10-07T07:41:26.9711693Z [command]/usr/bin/git -c protocol.version=2 fetch --prune --no-recurse-submodules origin +refs/heads/*:refs/remotes/origin/* +refs/tags/*:refs/tags/*
job-core	Checkout code	2025-10-07T07:42:12.5983058Z From https://github.com/Ka0s-Klaus/ka0s
job-core	Checkout code	2025-10-07T07:42:12.5989810Z  * [new branch]        F1149-desarrollo-de-orchestrator -> origin/F1149-desarrollo-de-orchestrator
job-core	Checkout code	2025-10-07T07:42:12.6000675Z  * [new branch]        F1183-personalización-módulo-finops -> origin/F1183-personalización-módulo-finops
job-core	Checkout code	2025-10-07T07:42:12.6002198Z  * [new branch]        F1224-new-module-mongodb -> origin/F1224-new-module-mongodb
job-core	Checkout code	2025-10-07T07:42:12.6022135Z  * [new branch]        F220-web-de-resultados  -> origin/F220-web-de-resultados
job-core	Checkout code	2025-10-07T07:42:12.6050559Z  * [new branch]        F227-despliegue-de-kube-independiente-del-clouder -> origin/F227-despliegue-de-kube-independiente-del-clouder
job-core	Checkout code	2025-10-07T07:42:12.6052281Z  * [new branch]        F329-documentacion-metodologia-de-kaos -> origin/F329-documentacion-metodologia-de-kaos
job-core	Checkout code	2025-10-07T07:42:12.6053757Z  * [new branch]        F44-creación-módulo-versionado -> origin/F44-creación-módulo-versionado
job-core	Checkout code	2025-10-07T07:42:12.6054885Z  * [new branch]        H1128-módulo-de-observabilidad -> origin/H1128-módulo-de-observabilidad
job-core	Checkout code	2025-10-07T07:42:12.6055831Z  * [new branch]        H1139-como-instalar-arc-control -> origin/H1139-como-instalar-arc-control
job-core	Checkout code	2025-10-07T07:42:12.6056782Z  * [new branch]        H1149-desarrollo-de-orchestrator -> origin/H1149-desarrollo-de-orchestrator
job-core	Checkout code	2025-10-07T07:42:12.6057982Z  * [new branch]        H1150-desarrollo-de-secciones -> origin/H1150-desarrollo-de-secciones
job-core	Checkout code	2025-10-07T07:42:12.6263971Z  * [new branch]        H1151-desarrollo-de-secciones-ii -> origin/H1151-desarrollo-de-secciones-ii
job-core	Checkout code	2025-10-07T07:42:12.6355127Z  * [new branch]        H1152-desarrollo-inicio -> origin/H1152-desarrollo-inicio
job-core	Checkout code	2025-10-07T07:42:12.6357688Z  * [new branch]        H1183-personalización-módulo-finops -> origin/H1183-personalización-módulo-finops
job-core	Checkout code	2025-10-07T07:42:12.6359152Z  * [new branch]        H1193-ejemplo-web-documentacion -> origin/H1193-ejemplo-web-documentacion
job-core	Checkout code	2025-10-07T07:42:12.6360340Z  * [new branch]        H1205-web-creation      -> origin/H1205-web-creation
job-core	Checkout code	2025-10-07T07:42:12.6364105Z  * [new branch]        H1224-new-module-mongodb -> origin/H1224-new-module-mongodb
job-core	Checkout code	2025-10-07T07:42:12.6365231Z  * [new branch]        H1410-modulo-execution  -> origin/H1410-modulo-execution
job-core	Checkout code	2025-10-07T07:42:12.6369450Z  * [new branch]        H1514-new-swarm-deployment-stack-with-actions-runners-autoscale -> origin/H1514-new-swarm-deployment-stack-with-actions-runners-autoscale
job-core	Checkout code	2025-10-07T07:42:12.6371034Z  * [new branch]        H1646-modulo-de-control-de-runners -> origin/H1646-modulo-de-control-de-runners
job-core	Checkout code	2025-10-07T07:42:12.6399983Z  * [new branch]        H215-modulo-de-summary  -> origin/H215-modulo-de-summary
job-core	Checkout code	2025-10-07T07:42:12.6401013Z  * [new branch]        H220-web-de-resultados  -> origin/H220-web-de-resultados
job-core	Checkout code	2025-10-07T07:42:12.6402064Z  * [new branch]        H227-despliegue-de-kube-independiente-del-clouder -> origin/H227-despliegue-de-kube-independiente-del-clouder
job-core	Checkout code	2025-10-07T07:42:12.6440887Z  * [new branch]        H306-ficheros-de-estadisticas -> origin/H306-ficheros-de-estadisticas
job-core	Checkout code	2025-10-07T07:42:12.6452510Z  * [new branch]        H328-documentacion-modulo-principal-de-kaos -> origin/H328-documentacion-modulo-principal-de-kaos
job-core	Checkout code	2025-10-07T07:42:12.6453967Z  * [new branch]        H329-documentacion-metodologia-de-kaos -> origin/H329-documentacion-metodologia-de-kaos
job-core	Checkout code	2025-10-07T07:42:12.6455130Z  * [new branch]        H338-relanzador-de-jobs-en-caso-de-pattern -> origin/H338-relanzador-de-jobs-en-caso-de-pattern
job-core	Checkout code	2025-10-07T07:42:12.6458648Z  * [new branch]        H38-documentacion-basica-del-proyecto -> origin/H38-documentacion-basica-del-proyecto
job-core	Checkout code	2025-10-07T07:42:12.6462392Z  * [new branch]        H44-creación-módulo-versionado -> origin/H44-creación-módulo-versionado
job-core	Checkout code	2025-10-07T07:42:12.6496279Z  * [new branch]        RN1149-desarrollo-de-orchestrator -> origin/RN1149-desarrollo-de-orchestrator
job-core	Checkout code	2025-10-07T07:42:12.6497615Z  * [new branch]        RN1183-personalización-módulo-finops -> origin/RN1183-personalización-módulo-finops
job-core	Checkout code	2025-10-07T07:42:12.6498738Z  * [new branch]        RN1282-ka0s-error-detected-in-ka0s-workflow-statistics-summary -> origin/RN1282-ka0s-error-detected-in-ka0s-workflow-statistics-summary
job-core	Checkout code	2025-10-07T07:42:12.6499754Z  * [new branch]        RN220-web-de-resultados -> origin/RN220-web-de-resultados
job-core	Checkout code	2025-10-07T07:42:12.6500763Z  * [new branch]        RN227-despliegue-de-kube-independiente-del-clouder -> origin/RN227-despliegue-de-kube-independiente-del-clouder
job-core	Checkout code	2025-10-07T07:42:12.6501815Z  * [new branch]        RN329-documentacion-metodologia-de-kaos -> origin/RN329-documentacion-metodologia-de-kaos
job-core	Checkout code	2025-10-07T07:42:12.6502586Z  * [new branch]        main                    -> origin/main
job-core	Checkout code	2025-10-07T07:42:12.6503039Z  * [new tag]           0.0.0                   -> 0.0.0
job-core	Checkout code	2025-10-07T07:42:12.6503468Z  * [new tag]           0.0.1                   -> 0.0.1
job-core	Checkout code	2025-10-07T07:42:12.6503902Z  * [new tag]           0.0.10                  -> 0.0.10
job-core	Checkout code	2025-10-07T07:42:12.6504336Z  * [new tag]           0.0.100                 -> 0.0.100
job-core	Checkout code	2025-10-07T07:42:12.6504765Z  * [new tag]           0.0.101                 -> 0.0.101
job-core	Checkout code	2025-10-07T07:42:12.6505198Z  * [new tag]           0.0.102                 -> 0.0.102
job-core	Checkout code	2025-10-07T07:42:12.6505625Z  * [new tag]           0.0.103                 -> 0.0.103
job-core	Checkout code	2025-10-07T07:42:12.6506076Z  * [new tag]           0.0.104                 -> 0.0.104
job-core	Checkout code	2025-10-07T07:42:12.6506509Z  * [new tag]           0.0.105                 -> 0.0.105
job-core	Checkout code	2025-10-07T07:42:12.6506956Z  * [new tag]           0.0.106                 -> 0.0.106
job-core	Checkout code	2025-10-07T07:42:12.6507509Z  * [new tag]           0.0.107                 -> 0.0.107
job-core	Checkout code	2025-10-07T07:42:12.6508030Z  * [new tag]           0.0.108                 -> 0.0.108
job-core	Checkout code	2025-10-07T07:42:12.6508462Z  * [new tag]           0.0.109                 -> 0.0.109
job-core	Checkout code	2025-10-07T07:42:12.6508882Z  * [new tag]           0.0.11                  -> 0.0.11
job-core	Checkout code	2025-10-07T07:42:12.6509301Z  * [new tag]           0.0.110                 -> 0.0.110
job-core	Checkout code	2025-10-07T07:42:12.6509731Z  * [new tag]           0.0.111                 -> 0.0.111
job-core	Checkout code	2025-10-07T07:42:12.6510167Z  * [new tag]           0.0.112                 -> 0.0.112
job-core	Checkout code	2025-10-07T07:42:12.6510597Z  * [new tag]           0.0.113                 -> 0.0.113
job-core	Checkout code	2025-10-07T07:42:12.6511041Z  * [new tag]           0.0.114                 -> 0.0.114
job-core	Checkout code	2025-10-07T07:42:12.6511486Z  * [new tag]           0.0.115                 -> 0.0.115
job-core	Checkout code	2025-10-07T07:42:12.6511924Z  * [new tag]           0.0.116                 -> 0.0.116
job-core	Checkout code	2025-10-07T07:42:12.6512366Z  * [new tag]           0.0.117                 -> 0.0.117
job-core	Checkout code	2025-10-07T07:42:12.6513212Z  * [new tag]           0.0.118                 -> 0.0.118
job-core	Checkout code	2025-10-07T07:42:12.6513635Z  * [new tag]           0.0.119                 -> 0.0.119
job-core	Checkout code	2025-10-07T07:42:12.6514064Z  * [new tag]           0.0.12                  -> 0.0.12
job-core	Checkout code	2025-10-07T07:42:12.6514490Z  * [new tag]           0.0.120                 -> 0.0.120
job-core	Checkout code	2025-10-07T07:42:12.6514933Z  * [new tag]           0.0.121                 -> 0.0.121
job-core	Checkout code	2025-10-07T07:42:12.6515378Z  * [new tag]           0.0.122                 -> 0.0.122
job-core	Checkout code	2025-10-07T07:42:12.6515848Z  * [new tag]           0.0.123                 -> 0.0.123
job-core	Checkout code	2025-10-07T07:42:12.6516301Z  * [new tag]           0.0.124                 -> 0.0.124
job-core	Checkout code	2025-10-07T07:42:12.6516778Z  * [new tag]           0.0.125                 -> 0.0.125
job-core	Checkout code	2025-10-07T07:42:12.6517237Z  * [new tag]           0.0.126                 -> 0.0.126
job-core	Checkout code	2025-10-07T07:42:12.6657558Z  * [new tag]           0.0.127                 -> 0.0.127
job-core	Checkout code	2025-10-07T07:42:12.6658195Z  * [new tag]           0.0.128                 -> 0.0.128
job-core	Checkout code	2025-10-07T07:42:12.6659030Z  * [new tag]           0.0.129                 -> 0.0.129
job-core	Checkout code	2025-10-07T07:42:12.6659472Z  * [new tag]           0.0.13                  -> 0.0.13
job-core	Checkout code	2025-10-07T07:42:12.6659911Z  * [new tag]           0.0.130                 -> 0.0.130
job-core	Checkout code	2025-10-07T07:42:12.6660351Z  * [new tag]           0.0.131                 -> 0.0.131
job-core	Checkout code	2025-10-07T07:42:12.6660787Z  * [new tag]           0.0.132                 -> 0.0.132
job-core	Checkout code	2025-10-07T07:42:12.6661219Z  * [new tag]           0.0.133                 -> 0.0.133
job-core	Checkout code	2025-10-07T07:42:12.6661706Z  * [new tag]           0.0.134                 -> 0.0.134
job-core	Checkout code	2025-10-07T07:42:12.6662139Z  * [new tag]           0.0.135                 -> 0.0.135
job-core	Checkout code	2025-10-07T07:42:12.6662566Z  * [new tag]           0.0.136                 -> 0.0.136
job-core	Checkout code	2025-10-07T07:42:12.6663005Z  * [new tag]           0.0.137                 -> 0.0.137
job-core	Checkout code	2025-10-07T07:42:12.6663447Z  * [new tag]           0.0.138                 -> 0.0.138
job-core	Checkout code	2025-10-07T07:42:12.6663914Z  * [new tag]           0.0.139                 -> 0.0.139
job-core	Checkout code	2025-10-07T07:42:12.6664391Z  * [new tag]           0.0.14                  -> 0.0.14
job-core	Checkout code	2025-10-07T07:42:12.6664854Z  * [new tag]           0.0.140                 -> 0.0.140
job-core	Checkout code	2025-10-07T07:42:12.6665328Z  * [new tag]           0.0.141                 -> 0.0.141
job-core	Checkout code	2025-10-07T07:42:12.6665775Z  * [new tag]           0.0.142                 -> 0.0.142
job-core	Checkout code	2025-10-07T07:42:12.6666242Z  * [new tag]           0.0.143                 -> 0.0.143
job-core	Checkout code	2025-10-07T07:42:12.6666709Z  * [new tag]           0.0.144                 -> 0.0.144
job-core	Checkout code	2025-10-07T07:42:12.6667152Z  * [new tag]           0.0.145                 -> 0.0.145
job-core	Checkout code	2025-10-07T07:42:12.6667751Z  * [new tag]           0.0.146                 -> 0.0.146
job-core	Checkout code	2025-10-07T07:42:12.6668185Z  * [new tag]           0.0.147                 -> 0.0.147
job-core	Checkout code	2025-10-07T07:42:12.6668673Z  * [new tag]           0.0.148                 -> 0.0.148
job-core	Checkout code	2025-10-07T07:42:12.6669113Z  * [new tag]           0.0.149                 -> 0.0.149
job-core	Checkout code	2025-10-07T07:42:12.6669583Z  * [new tag]           0.0.15                  -> 0.0.15
job-core	Checkout code	2025-10-07T07:42:12.6670067Z  * [new tag]           0.0.150                 -> 0.0.150
job-core	Checkout code	2025-10-07T07:42:12.6670520Z  * [new tag]           0.0.151                 -> 0.0.151
job-core	Checkout code	2025-10-07T07:42:12.6671058Z  * [new tag]           0.0.152                 -> 0.0.152
job-core	Checkout code	2025-10-07T07:42:12.6671510Z  * [new tag]           0.0.153                 -> 0.0.153
job-core	Checkout code	2025-10-07T07:42:12.6671976Z  * [new tag]           0.0.154                 -> 0.0.154
job-core	Checkout code	2025-10-07T07:42:12.6672425Z  * [new tag]           0.0.155                 -> 0.0.155
job-core	Checkout code	2025-10-07T07:42:12.6672904Z  * [new tag]           0.0.156                 -> 0.0.156
job-core	Checkout code	2025-10-07T07:42:12.6673365Z  * [new tag]           0.0.157                 -> 0.0.157
job-core	Checkout code	2025-10-07T07:42:12.6673819Z  * [new tag]           0.0.158                 -> 0.0.158
job-core	Checkout code	2025-10-07T07:42:12.6674299Z  * [new tag]           0.0.159                 -> 0.0.159
job-core	Checkout code	2025-10-07T07:42:12.6674754Z  * [new tag]           0.0.16                  -> 0.0.16
job-core	Checkout code	2025-10-07T07:42:12.6675564Z  * [new tag]           0.0.160                 -> 0.0.160
job-core	Checkout code	2025-10-07T07:42:12.6676028Z  * [new tag]           0.0.161                 -> 0.0.161
job-core	Checkout code	2025-10-07T07:42:12.6676464Z  * [new tag]           0.0.162                 -> 0.0.162
job-core	Checkout code	2025-10-07T07:42:12.6676885Z  * [new tag]           0.0.163                 -> 0.0.163
job-core	Checkout code	2025-10-07T07:42:12.6797879Z  * [new tag]           0.0.164                 -> 0.0.164
job-core	Checkout code	2025-10-07T07:42:12.6799215Z  * [new tag]           0.0.165                 -> 0.0.165
job-core	Checkout code	2025-10-07T07:42:12.6799737Z  * [new tag]           0.0.166                 -> 0.0.166
job-core	Checkout code	2025-10-07T07:42:12.6800192Z  * [new tag]           0.0.167                 -> 0.0.167
job-core	Checkout code	2025-10-07T07:42:12.6800653Z  * [new tag]           0.0.168                 -> 0.0.168
job-core	Checkout code	2025-10-07T07:42:12.6801098Z  * [new tag]           0.0.169                 -> 0.0.169
job-core	Checkout code	2025-10-07T07:42:12.6801561Z  * [new tag]           0.0.17                  -> 0.0.17
job-core	Checkout code	2025-10-07T07:42:12.6802030Z  * [new tag]           0.0.170                 -> 0.0.170
job-core	Checkout code	2025-10-07T07:42:12.6803114Z  * [new tag]           0.0.171                 -> 0.0.171
job-core	Checkout code	2025-10-07T07:42:12.6803559Z  * [new tag]           0.0.172                 -> 0.0.172
job-core	Checkout code	2025-10-07T07:42:12.6803995Z  * [new tag]           0.0.173                 -> 0.0.173
job-core	Checkout code	2025-10-07T07:42:12.6804427Z  * [new tag]           0.0.174                 -> 0.0.174
job-core	Checkout code	2025-10-07T07:42:12.6804871Z  * [new tag]           0.0.175                 -> 0.0.175
job-core	Checkout code	2025-10-07T07:42:12.6805299Z  * [new tag]           0.0.176                 -> 0.0.176
job-core	Checkout code	2025-10-07T07:42:12.6805739Z  * [new tag]           0.0.177                 -> 0.0.177
job-core	Checkout code	2025-10-07T07:42:12.6806177Z  * [new tag]           0.0.178                 -> 0.0.178
job-core	Checkout code	2025-10-07T07:42:12.6806636Z  * [new tag]           0.0.179                 -> 0.0.179
job-core	Checkout code	2025-10-07T07:42:12.6807095Z  * [new tag]           0.0.18                  -> 0.0.18
job-core	Checkout code	2025-10-07T07:42:12.6888213Z  * [new tag]           0.0.19                  -> 0.0.19
job-core	Checkout code	2025-10-07T07:42:12.6888789Z  * [new tag]           0.0.2                   -> 0.0.2
job-core	Checkout code	2025-10-07T07:42:12.6889272Z  * [new tag]           0.0.20                  -> 0.0.20
job-core	Checkout code	2025-10-07T07:42:12.6889689Z  * [new tag]           0.0.21                  -> 0.0.21
job-core	Checkout code	2025-10-07T07:42:12.6890107Z  * [new tag]           0.0.22                  -> 0.0.22
job-core	Checkout code	2025-10-07T07:42:12.6890520Z  * [new tag]           0.0.23                  -> 0.0.23
job-core	Checkout code	2025-10-07T07:42:12.6890935Z  * [new tag]           0.0.24                  -> 0.0.24
job-core	Checkout code	2025-10-07T07:42:12.6891352Z  * [new tag]           0.0.25                  -> 0.0.25
job-core	Checkout code	2025-10-07T07:42:12.6891770Z  * [new tag]           0.0.26                  -> 0.0.26
job-core	Checkout code	2025-10-07T07:42:12.6892187Z  * [new tag]           0.0.27                  -> 0.0.27
job-core	Checkout code	2025-10-07T07:42:12.6892618Z  * [new tag]           0.0.28                  -> 0.0.28
job-core	Checkout code	2025-10-07T07:42:12.6893033Z  * [new tag]           0.0.29                  -> 0.0.29
job-core	Checkout code	2025-10-07T07:42:12.6893455Z  * [new tag]           0.0.3                   -> 0.0.3
job-core	Checkout code	2025-10-07T07:42:12.6893867Z  * [new tag]           0.0.30                  -> 0.0.30
job-core	Checkout code	2025-10-07T07:42:12.6894302Z  * [new tag]           0.0.31                  -> 0.0.31
job-core	Checkout code	2025-10-07T07:42:12.6894716Z  * [new tag]           0.0.32                  -> 0.0.32
job-core	Checkout code	2025-10-07T07:42:12.6895130Z  * [new tag]           0.0.33                  -> 0.0.33
job-core	Checkout code	2025-10-07T07:42:12.6895556Z  * [new tag]           0.0.34                  -> 0.0.34
job-core	Checkout code	2025-10-07T07:42:12.6958143Z  * [new tag]           0.0.35                  -> 0.0.35
job-core	Checkout code	2025-10-07T07:42:12.6958788Z  * [new tag]           0.0.36                  -> 0.0.36
job-core	Checkout code	2025-10-07T07:42:12.6959212Z  * [new tag]           0.0.37                  -> 0.0.37
job-core	Checkout code	2025-10-07T07:42:12.6959627Z  * [new tag]           0.0.38                  -> 0.0.38
job-core	Checkout code	2025-10-07T07:42:12.6960062Z  * [new tag]           0.0.39                  -> 0.0.39
job-core	Checkout code	2025-10-07T07:42:12.6960511Z  * [new tag]           0.0.4                   -> 0.0.4
job-core	Checkout code	2025-10-07T07:42:12.6960941Z  * [new tag]           0.0.40                  -> 0.0.40
job-core	Checkout code	2025-10-07T07:42:12.6961396Z  * [new tag]           0.0.41                  -> 0.0.41
job-core	Checkout code	2025-10-07T07:42:12.6962647Z  * [new tag]           0.0.42                  -> 0.0.42
job-core	Checkout code	2025-10-07T07:42:12.6963124Z  * [new tag]           0.0.43                  -> 0.0.43
job-core	Checkout code	2025-10-07T07:42:12.6963599Z  * [new tag]           0.0.44                  -> 0.0.44
job-core	Checkout code	2025-10-07T07:42:12.6964045Z  * [new tag]           0.0.45                  -> 0.0.45
job-core	Checkout code	2025-10-07T07:42:12.6964455Z  * [new tag]           0.0.46                  -> 0.0.46
job-core	Checkout code	2025-10-07T07:42:12.6964864Z  * [new tag]           0.0.47                  -> 0.0.47
job-core	Checkout code	2025-10-07T07:42:12.6965305Z  * [new tag]           0.0.48                  -> 0.0.48
job-core	Checkout code	2025-10-07T07:42:12.6965746Z  * [new tag]           0.0.49                  -> 0.0.49
job-core	Checkout code	2025-10-07T07:42:12.6966229Z  * [new tag]           0.0.5                   -> 0.0.5
job-core	Checkout code	2025-10-07T07:42:12.6966693Z  * [new tag]           0.0.50                  -> 0.0.50
job-core	Checkout code	2025-10-07T07:42:12.6967185Z  * [new tag]           0.0.51                  -> 0.0.51
job-core	Checkout code	2025-10-07T07:42:12.6967873Z  * [new tag]           0.0.52                  -> 0.0.52
job-core	Checkout code	2025-10-07T07:42:12.6968765Z  * [new tag]           0.0.53                  -> 0.0.53
job-core	Checkout code	2025-10-07T07:42:12.6969213Z  * [new tag]           0.0.54                  -> 0.0.54
job-core	Checkout code	2025-10-07T07:42:12.6969682Z  * [new tag]           0.0.55                  -> 0.0.55
job-core	Checkout code	2025-10-07T07:42:12.6970136Z  * [new tag]           0.0.56                  -> 0.0.56
job-core	Checkout code	2025-10-07T07:42:12.6970617Z  * [new tag]           0.0.57                  -> 0.0.57
job-core	Checkout code	2025-10-07T07:42:12.6971094Z  * [new tag]           0.0.58                  -> 0.0.58
job-core	Checkout code	2025-10-07T07:42:12.6971553Z  * [new tag]           0.0.59                  -> 0.0.59
job-core	Checkout code	2025-10-07T07:42:12.6971990Z  * [new tag]           0.0.6                   -> 0.0.6
job-core	Checkout code	2025-10-07T07:42:12.6972417Z  * [new tag]           0.0.60                  -> 0.0.60
job-core	Checkout code	2025-10-07T07:42:12.6972834Z  * [new tag]           0.0.61                  -> 0.0.61
job-core	Checkout code	2025-10-07T07:42:12.6973251Z  * [new tag]           0.0.62                  -> 0.0.62
job-core	Checkout code	2025-10-07T07:42:12.6973698Z  * [new tag]           0.0.63                  -> 0.0.63
job-core	Checkout code	2025-10-07T07:42:12.6974149Z  * [new tag]           0.0.64                  -> 0.0.64
job-core	Checkout code	2025-10-07T07:42:12.6974562Z  * [new tag]           0.0.65                  -> 0.0.65
job-core	Checkout code	2025-10-07T07:42:12.6974988Z  * [new tag]           0.0.66                  -> 0.0.66
job-core	Checkout code	2025-10-07T07:42:12.6975402Z  * [new tag]           0.0.67                  -> 0.0.67
job-core	Checkout code	2025-10-07T07:42:12.6975847Z  * [new tag]           0.0.68                  -> 0.0.68
job-core	Checkout code	2025-10-07T07:42:12.6976287Z  * [new tag]           0.0.69                  -> 0.0.69
job-core	Checkout code	2025-10-07T07:42:12.6976711Z  * [new tag]           0.0.7                   -> 0.0.7
job-core	Checkout code	2025-10-07T07:42:12.6977127Z  * [new tag]           0.0.70                  -> 0.0.70
job-core	Checkout code	2025-10-07T07:42:12.7045939Z  * [new tag]           0.0.71                  -> 0.0.71
job-core	Checkout code	2025-10-07T07:42:12.7046680Z  * [new tag]           0.0.72                  -> 0.0.72
job-core	Checkout code	2025-10-07T07:42:12.7047207Z  * [new tag]           0.0.73                  -> 0.0.73
job-core	Checkout code	2025-10-07T07:42:12.7047802Z  * [new tag]           0.0.74                  -> 0.0.74
job-core	Checkout code	2025-10-07T07:42:12.7048332Z  * [new tag]           0.0.75                  -> 0.0.75
job-core	Checkout code	2025-10-07T07:42:12.7048747Z  * [new tag]           0.0.76                  -> 0.0.76
job-core	Checkout code	2025-10-07T07:42:12.7050074Z  * [new tag]           0.0.77                  -> 0.0.77
job-core	Checkout code	2025-10-07T07:42:12.7098079Z  * [new tag]           0.0.78                  -> 0.0.78
job-core	Checkout code	2025-10-07T07:42:12.7098962Z  * [new tag]           0.0.79                  -> 0.0.79
job-core	Checkout code	2025-10-07T07:42:12.7099391Z  * [new tag]           0.0.8                   -> 0.0.8
job-core	Checkout code	2025-10-07T07:42:12.7099820Z  * [new tag]           0.0.80                  -> 0.0.80
job-core	Checkout code	2025-10-07T07:42:12.7107518Z  * [new tag]           0.0.81                  -> 0.0.81
job-core	Checkout code	2025-10-07T07:42:12.7118132Z  * [new tag]           0.0.82                  -> 0.0.82
job-core	Checkout code	2025-10-07T07:42:12.7118630Z  * [new tag]           0.0.83                  -> 0.0.83
job-core	Checkout code	2025-10-07T07:42:12.7119076Z  * [new tag]           0.0.84                  -> 0.0.84
job-core	Checkout code	2025-10-07T07:42:12.7120234Z  * [new tag]           0.0.85                  -> 0.0.85
job-core	Checkout code	2025-10-07T07:42:12.7120705Z  * [new tag]           0.0.86                  -> 0.0.86
job-core	Checkout code	2025-10-07T07:42:12.7121145Z  * [new tag]           0.0.87                  -> 0.0.87
job-core	Checkout code	2025-10-07T07:42:12.7121581Z  * [new tag]           0.0.88                  -> 0.0.88
job-core	Checkout code	2025-10-07T07:42:12.7122021Z  * [new tag]           0.0.89                  -> 0.0.89
job-core	Checkout code	2025-10-07T07:42:12.7122449Z  * [new tag]           0.0.9                   -> 0.0.9
job-core	Checkout code	2025-10-07T07:42:12.7122905Z  * [new tag]           0.0.90                  -> 0.0.90
job-core	Checkout code	2025-10-07T07:42:12.7123323Z  * [new tag]           0.0.91                  -> 0.0.91
job-core	Checkout code	2025-10-07T07:42:12.7123732Z  * [new tag]           0.0.92                  -> 0.0.92
job-core	Checkout code	2025-10-07T07:42:12.7124146Z  * [new tag]           0.0.93                  -> 0.0.93
job-core	Checkout code	2025-10-07T07:42:12.7124580Z  * [new tag]           0.0.94                  -> 0.0.94
job-core	Checkout code	2025-10-07T07:42:12.7125032Z  * [new tag]           0.0.95                  -> 0.0.95
job-core	Checkout code	2025-10-07T07:42:12.7125493Z  * [new tag]           0.0.96                  -> 0.0.96
job-core	Checkout code	2025-10-07T07:42:12.7126271Z  * [new tag]           0.0.97                  -> 0.0.97
job-core	Checkout code	2025-10-07T07:42:12.7126714Z  * [new tag]           0.0.98                  -> 0.0.98
job-core	Checkout code	2025-10-07T07:42:12.7127160Z  * [new tag]           0.0.99                  -> 0.0.99
job-core	Checkout code	2025-10-07T07:42:12.7220010Z  * [new tag]           0.1.0                   -> 0.1.0
job-core	Checkout code	2025-10-07T07:42:12.7220794Z  * [new tag]           0.1.1                   -> 0.1.1
job-core	Checkout code	2025-10-07T07:42:12.7221228Z  * [new tag]           0.2.0                   -> 0.2.0
job-core	Checkout code	2025-10-07T07:42:12.7226142Z  * [new tag]           0.3.0                   -> 0.3.0
job-core	Checkout code	2025-10-07T07:42:12.7226586Z  * [new tag]           0.3.1                   -> 0.3.1
job-core	Checkout code	2025-10-07T07:42:12.7226998Z  * [new tag]           0.3.10                  -> 0.3.10
job-core	Checkout code	2025-10-07T07:42:12.7227493Z  * [new tag]           0.3.11                  -> 0.3.11
job-core	Checkout code	2025-10-07T07:42:12.7228091Z  * [new tag]           0.3.12                  -> 0.3.12
job-core	Checkout code	2025-10-07T07:42:12.7228602Z  * [new tag]           0.3.13                  -> 0.3.13
job-core	Checkout code	2025-10-07T07:42:12.7229031Z  * [new tag]           0.3.14                  -> 0.3.14
job-core	Checkout code	2025-10-07T07:42:12.7229736Z  * [new tag]           0.3.15                  -> 0.3.15
job-core	Checkout code	2025-10-07T07:42:12.7230153Z  * [new tag]           0.3.16                  -> 0.3.16
job-core	Checkout code	2025-10-07T07:42:12.7230584Z  * [new tag]           0.3.17                  -> 0.3.17
job-core	Checkout code	2025-10-07T07:42:12.7231002Z  * [new tag]           0.3.2                   -> 0.3.2
job-core	Checkout code	2025-10-07T07:42:12.7256207Z  * [new tag]           0.3.3                   -> 0.3.3
job-core	Checkout code	2025-10-07T07:42:12.7256786Z  * [new tag]           0.3.4                   -> 0.3.4
job-core	Checkout code	2025-10-07T07:42:12.7257199Z  * [new tag]           0.3.5                   -> 0.3.5
job-core	Checkout code	2025-10-07T07:42:12.7257681Z  * [new tag]           0.3.6                   -> 0.3.6
job-core	Checkout code	2025-10-07T07:42:12.7258087Z  * [new tag]           0.3.7                   -> 0.3.7
job-core	Checkout code	2025-10-07T07:42:12.7258494Z  * [new tag]           0.3.8                   -> 0.3.8
job-core	Checkout code	2025-10-07T07:42:12.7258928Z  * [new tag]           0.3.9                   -> 0.3.9
job-core	Checkout code	2025-10-07T07:42:12.7259347Z  * [new tag]           0.4.0                   -> 0.4.0
job-core	Checkout code	2025-10-07T07:42:12.7259750Z  * [new tag]           0.4.1                   -> 0.4.1
job-core	Checkout code	2025-10-07T07:42:12.7260165Z  * [new tag]           0.4.10                  -> 0.4.10
job-core	Checkout code	2025-10-07T07:42:12.7260576Z  * [new tag]           0.4.2                   -> 0.4.2
job-core	Checkout code	2025-10-07T07:42:12.7260983Z  * [new tag]           0.4.3                   -> 0.4.3
job-core	Checkout code	2025-10-07T07:42:12.7261404Z  * [new tag]           0.4.4                   -> 0.4.4
job-core	Checkout code	2025-10-07T07:42:12.7261819Z  * [new tag]           0.4.5                   -> 0.4.5
job-core	Checkout code	2025-10-07T07:42:12.7262231Z  * [new tag]           0.4.6                   -> 0.4.6
job-core	Checkout code	2025-10-07T07:42:12.7262634Z  * [new tag]           0.4.7                   -> 0.4.7
job-core	Checkout code	2025-10-07T07:42:12.7263046Z  * [new tag]           0.4.8                   -> 0.4.8
job-core	Checkout code	2025-10-07T07:42:12.7263450Z  * [new tag]           0.4.9                   -> 0.4.9
job-core	Checkout code	2025-10-07T07:42:12.8220746Z [command]/usr/bin/git branch --list --remote origin/main
job-core	Checkout code	2025-10-07T07:42:12.8459681Z   origin/main
job-core	Checkout code	2025-10-07T07:42:12.9071276Z [command]/usr/bin/git rev-parse refs/remotes/origin/main
job-core	Checkout code	2025-10-07T07:42:12.9071773Z 380255fd2be3bc1f36277861fab58cb5ba122872
job-core	Checkout code	2025-10-07T07:42:12.9072689Z ##[endgroup]
job-core	Checkout code	2025-10-07T07:42:12.9128245Z ##[group]Determining the checkout info
job-core	Checkout code	2025-10-07T07:42:12.9129391Z ##[endgroup]
job-core	Checkout code	2025-10-07T07:42:12.9129712Z [command]/usr/bin/git sparse-checkout disable
job-core	Checkout code	2025-10-07T07:42:12.9278766Z [command]/usr/bin/git config --local --unset-all extensions.worktreeConfig
job-core	Checkout code	2025-10-07T07:42:12.9550668Z ##[group]Checking out the ref
job-core	Checkout code	2025-10-07T07:42:12.9551564Z [command]/usr/bin/git checkout --progress --force -B main refs/remotes/origin/main
job-core	Checkout code	2025-10-07T07:42:14.0468149Z Updating files:  59% (458/774)
job-core	Checkout code	2025-10-07T07:42:14.1063271Z Updating files:  60% (465/774)
job-core	Checkout code	2025-10-07T07:42:14.2121142Z Updating files:  61% (473/774)
job-core	Checkout code	2025-10-07T07:42:14.3755554Z Updating files:  62% (480/774)
job-core	Checkout code	2025-10-07T07:42:14.5750526Z Updating files:  63% (488/774)
job-core	Checkout code	2025-10-07T07:42:14.6253823Z Updating files:  64% (496/774)
job-core	Checkout code	2025-10-07T07:42:14.6770218Z Updating files:  65% (504/774)
job-core	Checkout code	2025-10-07T07:42:14.8008516Z Updating files:  66% (511/774)
job-core	Checkout code	2025-10-07T07:42:14.9429695Z Updating files:  67% (519/774)
job-core	Checkout code	2025-10-07T07:42:14.9880185Z Updating files:  68% (527/774)
job-core	Checkout code	2025-10-07T07:42:14.9881027Z Updating files:  68% (531/774)
job-core	Checkout code	2025-10-07T07:42:14.9881349Z Updating files:  69% (535/774)
job-core	Checkout code	2025-10-07T07:42:14.9885709Z Updating files:  70% (542/774)
job-core	Checkout code	2025-10-07T07:42:14.9886003Z Updating files:  71% (550/774)
job-core	Checkout code	2025-10-07T07:42:14.9888579Z Updating files:  72% (558/774)
job-core	Checkout code	2025-10-07T07:42:14.9948470Z Updating files:  73% (566/774)
job-core	Checkout code	2025-10-07T07:42:14.9949150Z Updating files:  74% (573/774)
job-core	Checkout code	2025-10-07T07:42:14.9949448Z Updating files:  75% (581/774)
job-core	Checkout code	2025-10-07T07:42:15.0053819Z Updating files:  76% (589/774)
job-core	Checkout code	2025-10-07T07:42:15.0056202Z Updating files:  77% (596/774)
job-core	Checkout code	2025-10-07T07:42:15.0091209Z Updating files:  78% (604/774)
job-core	Checkout code	2025-10-07T07:42:15.0092037Z Updating files:  79% (612/774)
job-core	Checkout code	2025-10-07T07:42:15.0094242Z Updating files:  80% (620/774)
job-core	Checkout code	2025-10-07T07:42:15.0096990Z Updating files:  81% (627/774)
job-core	Checkout code	2025-10-07T07:42:15.0130764Z Updating files:  82% (635/774)
job-core	Checkout code	2025-10-07T07:42:15.0131774Z Updating files:  83% (643/774)
job-core	Checkout code	2025-10-07T07:42:15.0153158Z Updating files:  84% (651/774)
job-core	Checkout code	2025-10-07T07:42:15.0155717Z Updating files:  85% (658/774)
job-core	Checkout code	2025-10-07T07:42:15.0198189Z Updating files:  86% (666/774)
job-core	Checkout code	2025-10-07T07:42:15.0237255Z Updating files:  87% (674/774)
job-core	Checkout code	2025-10-07T07:42:15.0245326Z Updating files:  88% (682/774)
job-core	Checkout code	2025-10-07T07:42:15.0281998Z Updating files:  89% (689/774)
job-core	Checkout code	2025-10-07T07:42:15.0285485Z Updating files:  90% (697/774)
job-core	Checkout code	2025-10-07T07:42:15.0319405Z Updating files:  91% (705/774)
job-core	Checkout code	2025-10-07T07:42:15.0320091Z Updating files:  92% (713/774)
job-core	Checkout code	2025-10-07T07:42:15.0321898Z Updating files:  93% (720/774)
job-core	Checkout code	2025-10-07T07:42:15.0325963Z Updating files:  94% (728/774)
job-core	Checkout code	2025-10-07T07:42:15.0358599Z Updating files:  95% (736/774)
job-core	Checkout code	2025-10-07T07:42:15.0359745Z Updating files:  96% (744/774)
job-core	Checkout code	2025-10-07T07:42:15.0369383Z Updating files:  97% (751/774)
job-core	Checkout code	2025-10-07T07:42:15.0378273Z Updating files:  98% (759/774)
job-core	Checkout code	2025-10-07T07:42:15.0392526Z Updating files:  99% (767/774)
job-core	Checkout code	2025-10-07T07:42:15.0393852Z Updating files: 100% (774/774)
job-core	Checkout code	2025-10-07T07:42:15.0422096Z Updating files: 100% (774/774), done.
job-core	Checkout code	2025-10-07T07:42:15.0707854Z Switched to a new branch 'main'
job-core	Checkout code	2025-10-07T07:42:15.0733069Z branch 'main' set up to track 'origin/main'.
job-core	Checkout code	2025-10-07T07:42:15.1230208Z ##[endgroup]
job-core	Checkout code	2025-10-07T07:42:15.1319969Z [command]/usr/bin/git log -1 --format=%H
job-core	Checkout code	2025-10-07T07:42:15.1374952Z 380255fd2be3bc1f36277861fab58cb5ba122872
job-core	Login to Docker Hub	﻿2025-10-07T07:42:15.2555583Z ##[group]Run docker/login-action@v3
job-core	Login to Docker Hub	2025-10-07T07:42:15.2555936Z with:
job-core	Login to Docker Hub	2025-10-07T07:42:15.2556378Z   username: ***
job-core	Login to Docker Hub	2025-10-07T07:42:15.2556675Z   password: ***
job-core	Login to Docker Hub	2025-10-07T07:42:15.2556882Z   logout: true
job-core	Login to Docker Hub	2025-10-07T07:42:15.2557071Z env:
job-core	Login to Docker Hub	2025-10-07T07:42:15.2557756Z   GITHUB_TOKEN: ***
job-core	Login to Docker Hub	2025-10-07T07:42:15.2558022Z   KAOS_MODULE: [Ka0s] Personalized Image Runners
job-core	Login to Docker Hub	2025-10-07T07:42:15.2558577Z   KAOS_CODE: 18305614540
job-core	Login to Docker Hub	2025-10-07T07:42:15.2558813Z   KAOS_PATH_SCAN: audit/scan/
job-core	Login to Docker Hub	2025-10-07T07:42:15.2564611Z ##[endgroup]
job-core	Login to Docker Hub	2025-10-07T07:42:15.6860843Z Logging into docker.io...
job-core	Login to Docker Hub	2025-10-07T07:42:16.7787617Z Login Succeeded!
job-core	Build image	﻿2025-10-07T07:42:16.8039344Z ##[group]Run # Construimos la imagen
job-core	Build image	2025-10-07T07:42:16.8039761Z [36;1m# Construimos la imagen[0m
job-core	Build image	2025-10-07T07:42:16.8040284Z [36;1msudo docker build -t actions-runner:1.0.0 -f core/runner/actions-runner//1.0.0//Dockerfile . || true[0m
job-core	Build image	2025-10-07T07:42:16.8040863Z [36;1mecho "Se ha generado la imagen actions-runner:1.0.0...."[0m
job-core	Build image	2025-10-07T07:42:16.8041226Z [36;1msudo usermod -aG docker runner [0m
job-core	Build image	2025-10-07T07:42:16.8053279Z shell: /usr/bin/bash -e {0}
job-core	Build image	2025-10-07T07:42:16.8053554Z env:
job-core	Build image	2025-10-07T07:42:16.8054258Z   GITHUB_TOKEN: ***
job-core	Build image	2025-10-07T07:42:16.8054536Z   KAOS_MODULE: [Ka0s] Personalized Image Runners
job-core	Build image	2025-10-07T07:42:16.8054849Z   KAOS_CODE: 18305614540
job-core	Build image	2025-10-07T07:42:16.8055108Z   KAOS_PATH_SCAN: audit/scan/
job-core	Build image	2025-10-07T07:42:16.8055358Z ##[endgroup]
job-core	Build image	2025-10-07T07:42:17.3102578Z #0 building with "default" instance using docker driver
job-core	Build image	2025-10-07T07:42:17.3103001Z 
job-core	Build image	2025-10-07T07:42:17.3103293Z #1 [internal] load build definition from Dockerfile
job-core	Build image	2025-10-07T07:42:17.5747371Z #1 transferring dockerfile:
job-core	Build image	2025-10-07T07:42:17.7204827Z #1 transferring dockerfile: 1.69kB done
job-core	Build image	2025-10-07T07:42:17.7205188Z #1 DONE 0.3s
job-core	Build image	2025-10-07T07:42:17.7205310Z 
job-core	Build image	2025-10-07T07:42:17.7205508Z #2 [internal] load metadata for ghcr.io/actions/actions-runner:latest
job-core	Build image	2025-10-07T07:42:17.7205878Z #2 DONE 0.0s
job-core	Build image	2025-10-07T07:42:17.7205996Z 
job-core	Build image	2025-10-07T07:42:17.7206092Z #3 [internal] load .dockerignore
job-core	Build image	2025-10-07T07:42:17.7206357Z #3 transferring context: 2B done
job-core	Build image	2025-10-07T07:42:17.7206601Z #3 DONE 0.1s
job-core	Build image	2025-10-07T07:42:17.9392303Z 
job-core	Build image	2025-10-07T07:42:17.9394484Z #4 [1/4] FROM ghcr.io/actions/actions-runner:latest
job-core	Build image	2025-10-07T07:42:17.9398106Z #4 DONE 0.0s
job-core	Build image	2025-10-07T07:42:17.9398236Z 
job-core	Build image	2025-10-07T07:42:17.9399598Z #5 [2/6] RUN apt-get update &&     apt-get install -y wget gnupg &&     curl -fsSL https://pgp.mongodb.com/server-7.0.asc | gpg -o /usr/share/keyrings/mongodb-server-7.0.gpg --dearmor &&     echo "deb [ arch=amd64,arm64 signed-by=/usr/share/keyrings/mongodb-server-7.0.gpg ] https://repo.mongodb.org/apt/ubuntu jammy/mongodb-org/7.0 multiverse"  | tee /etc/apt/sources.list.d/mongodb-org-7.0.list
job-core	Build image	2025-10-07T07:42:17.9401095Z #5 CACHED
job-core	Build image	2025-10-07T07:42:17.9401208Z 
job-core	Build image	2025-10-07T07:42:17.9402438Z #6 [3/6] RUN wget -qO - https://aquasecurity.github.io/trivy-repo/deb/public.key | gpg --dearmor | tee /usr/share/keyrings/trivy.gpg > /dev/null &&    echo "deb [signed-by=/usr/share/keyrings/trivy.gpg] https://aquasecurity.github.io/trivy-repo/deb generic main" | tee -a /etc/apt/sources.list.d/trivy.list &&    apt-get update &&    apt-get install trivy
job-core	Build image	2025-10-07T07:42:17.9403797Z #6 CACHED
job-core	Build image	2025-10-07T07:42:17.9403913Z 
job-core	Build image	2025-10-07T07:42:17.9404760Z #7 [4/6] RUN apt-get update &&     apt-get install -y --no-install-recommends mongodb-org-tools jq python3 pip bc ca-certificates     tzdata apt-utils apt-transport-https curl wget git gnupg gh &&     openssl &&     dpkg-reconfigure --frontend noninteractive tzdata
job-core	Build image	2025-10-07T07:42:17.9433605Z #7 CACHED
job-core	Build image	2025-10-07T07:42:17.9433998Z 
job-core	Build image	2025-10-07T07:42:17.9434763Z #8 [5/6] RUN apt-get update &&     export DEBIAN_FRONTEND=noninteractive &&     ln -fs /usr/share/zoneinfo/Europe/Madrid /etc/localtime &&     dpkg-reconfigure --frontend noninteractive tzdata &&     apt-get upgrade -y
job-core	Build image	2025-10-07T07:42:17.9435707Z #8 CACHED
job-core	Build image	2025-10-07T07:42:17.9435837Z 
job-core	Build image	2025-10-07T07:42:17.9435932Z #9 [6/6] WORKDIR /home/runner
job-core	Build image	2025-10-07T07:42:17.9436206Z #9 CACHED
job-core	Build image	2025-10-07T07:42:17.9436321Z 
job-core	Build image	2025-10-07T07:42:17.9436418Z #10 exporting to image
job-core	Build image	2025-10-07T07:42:17.9436686Z #10 exporting layers done
job-core	Build image	2025-10-07T07:42:17.9437173Z #10 writing image sha256:84c5996206927aa852346650fe802c7299f5fb3e23cc393250caadb54245c74a done
job-core	Build image	2025-10-07T07:42:17.9437850Z #10 naming to docker.io/library/actions-runner:1.0.0 done
job-core	Build image	2025-10-07T07:42:17.9438497Z #10 DONE 0.0s
job-core	Build image	2025-10-07T07:42:17.9773667Z Se ha generado la imagen actions-runner:1.0.0....
handle_failure	Set up job	﻿2025-10-07T07:57:23.2076761Z Current runner version: '2.328.0'
handle_failure	Set up job	2025-10-07T07:57:23.2090250Z Runner name: 'bdd61acad152'
handle_failure	Set up job	2025-10-07T07:57:23.2091480Z Runner group name: 'swarm-runners'
handle_failure	Set up job	2025-10-07T07:57:23.2092679Z Machine name: 'bdd61acad152'
handle_failure	Set up job	2025-10-07T07:57:23.2096733Z ##[group]GITHUB_TOKEN Permissions
handle_failure	Set up job	2025-10-07T07:57:23.2101501Z Actions: write
handle_failure	Set up job	2025-10-07T07:57:23.2103655Z Contents: read
handle_failure	Set up job	2025-10-07T07:57:23.2104632Z Issues: write
handle_failure	Set up job	2025-10-07T07:57:23.2105344Z Metadata: read
handle_failure	Set up job	2025-10-07T07:57:23.2106098Z ##[endgroup]
handle_failure	Set up job	2025-10-07T07:57:23.2182721Z Secret source: Actions
handle_failure	Set up job	2025-10-07T07:57:23.2185103Z Prepare workflow directory
handle_failure	Set up job	2025-10-07T07:57:23.3191836Z Prepare all required actions
handle_failure	Set up job	2025-10-07T07:57:23.3254476Z Getting action download info
handle_failure	Set up job	2025-10-07T07:57:23.8750991Z Download action repository 'actions/checkout@v4' (SHA:08eba0b27e820071cde6df949e0beb9ba4906955)
handle_failure	Set up job	2025-10-07T07:57:24.8799883Z Complete job name: handle_failure
handle_failure	Checkout code	﻿2025-10-07T07:57:24.9751799Z ##[group]Run actions/checkout@v4
handle_failure	Checkout code	2025-10-07T07:57:24.9753341Z with:
handle_failure	Checkout code	2025-10-07T07:57:24.9754040Z   fetch-depth: 0
handle_failure	Checkout code	2025-10-07T07:57:24.9754958Z   token: ***
handle_failure	Checkout code	2025-10-07T07:57:24.9755575Z   repository: Ka0s-Klaus/ka0s
handle_failure	Checkout code	2025-10-07T07:57:24.9756283Z   ssh-strict: true
handle_failure	Checkout code	2025-10-07T07:57:24.9756893Z   ssh-user: git
handle_failure	Checkout code	2025-10-07T07:57:24.9757516Z   persist-credentials: true
handle_failure	Checkout code	2025-10-07T07:57:24.9758202Z   clean: true
handle_failure	Checkout code	2025-10-07T07:57:24.9758826Z   sparse-checkout-cone-mode: true
handle_failure	Checkout code	2025-10-07T07:57:24.9759946Z   fetch-tags: false
handle_failure	Checkout code	2025-10-07T07:57:24.9760775Z   show-progress: true
handle_failure	Checkout code	2025-10-07T07:57:24.9761400Z   lfs: false
handle_failure	Checkout code	2025-10-07T07:57:24.9761973Z   submodules: false
handle_failure	Checkout code	2025-10-07T07:57:24.9762633Z   set-safe-directory: true
handle_failure	Checkout code	2025-10-07T07:57:24.9763640Z env:
handle_failure	Checkout code	2025-10-07T07:57:24.9764990Z   GITHUB_TOKEN: ***
handle_failure	Checkout code	2025-10-07T07:57:24.9765726Z   KAOS_MODULE: [Ka0s] Personalized Image Runners
handle_failure	Checkout code	2025-10-07T07:57:24.9766568Z   KAOS_CODE: 18305614540
handle_failure	Checkout code	2025-10-07T07:57:24.9767234Z   KAOS_PATH_SCAN: audit/scan/
handle_failure	Checkout code	2025-10-07T07:57:24.9767922Z ##[endgroup]
handle_failure	Checkout code	2025-10-07T07:57:25.1346618Z Syncing repository: Ka0s-Klaus/ka0s
handle_failure	Checkout code	2025-10-07T07:57:25.1349897Z ##[group]Getting Git version info
handle_failure	Checkout code	2025-10-07T07:57:25.1350988Z Working directory is '/home/runner/_work/ka0s/ka0s'
handle_failure	Checkout code	2025-10-07T07:57:25.1352438Z [command]/usr/bin/git version
handle_failure	Checkout code	2025-10-07T07:57:25.1353182Z git version 2.51.0
handle_failure	Checkout code	2025-10-07T07:57:25.1367894Z ##[endgroup]
handle_failure	Checkout code	2025-10-07T07:57:25.1390235Z Temporarily overriding HOME='/home/runner/_work/_temp/8c158662-2e43-45e5-a0d5-edf48f059542' before making global git config changes
handle_failure	Checkout code	2025-10-07T07:57:25.1392612Z Adding repository directory to the temporary git global config as a safe directory
handle_failure	Checkout code	2025-10-07T07:57:25.1426516Z [command]/usr/bin/git config --global --add safe.directory /home/runner/_work/ka0s/ka0s
handle_failure	Checkout code	2025-10-07T07:57:25.1460156Z [command]/usr/bin/git config --local --get remote.origin.url
handle_failure	Checkout code	2025-10-07T07:57:25.1488867Z https://github.com/Ka0s-Klaus/ka0s
handle_failure	Checkout code	2025-10-07T07:57:25.1516592Z ##[group]Removing previously created refs, to avoid conflicts
handle_failure	Checkout code	2025-10-07T07:57:25.1524812Z [command]/usr/bin/git rev-parse --symbolic-full-name --verify --quiet HEAD
handle_failure	Checkout code	2025-10-07T07:57:25.1554914Z refs/heads/main
handle_failure	Checkout code	2025-10-07T07:57:25.1570937Z [command]/usr/bin/git checkout --detach
handle_failure	Checkout code	2025-10-07T07:57:25.1669988Z HEAD is now at 380255fd [Ka0S] Inspector uploading resume execution files to the repository...
handle_failure	Checkout code	2025-10-07T07:57:25.1737118Z [command]/usr/bin/git branch --delete --force main
handle_failure	Checkout code	2025-10-07T07:57:25.1782324Z Deleted branch main (was 380255fd).
handle_failure	Checkout code	2025-10-07T07:57:25.1918183Z ##[endgroup]
handle_failure	Checkout code	2025-10-07T07:57:25.1920322Z [command]/usr/bin/git submodule status
handle_failure	Checkout code	2025-10-07T07:57:25.2250302Z ##[group]Cleaning the repository
handle_failure	Checkout code	2025-10-07T07:57:25.2254480Z [command]/usr/bin/git clean -ffdx
handle_failure	Checkout code	2025-10-07T07:57:25.2339729Z [command]/usr/bin/git reset --hard HEAD
handle_failure	Checkout code	2025-10-07T07:57:25.2446870Z HEAD is now at 380255fd [Ka0S] Inspector uploading resume execution files to the repository...
handle_failure	Checkout code	2025-10-07T07:57:25.2456101Z ##[endgroup]
handle_failure	Checkout code	2025-10-07T07:57:25.2457305Z ##[group]Disabling automatic garbage collection
handle_failure	Checkout code	2025-10-07T07:57:25.2464646Z [command]/usr/bin/git config --local gc.auto 0
handle_failure	Checkout code	2025-10-07T07:57:25.2505904Z ##[endgroup]
handle_failure	Checkout code	2025-10-07T07:57:25.2508248Z ##[group]Setting up auth
handle_failure	Checkout code	2025-10-07T07:57:25.2528873Z [command]/usr/bin/git config --local --name-only --get-regexp core\.sshCommand
handle_failure	Checkout code	2025-10-07T07:57:25.2574966Z [command]/usr/bin/git submodule foreach --recursive sh -c "git config --local --name-only --get-regexp 'core\.sshCommand' && git config --local --unset-all 'core.sshCommand' || :"
handle_failure	Checkout code	2025-10-07T07:57:25.2900240Z [command]/usr/bin/git config --local --name-only --get-regexp http\.https\:\/\/github\.com\/\.extraheader
handle_failure	Checkout code	2025-10-07T07:57:25.2940994Z [command]/usr/bin/git submodule foreach --recursive sh -c "git config --local --name-only --get-regexp 'http\.https\:\/\/github\.com\/\.extraheader' && git config --local --unset-all 'http.https://github.com/.extraheader' || :"
handle_failure	Checkout code	2025-10-07T07:57:25.3300016Z [command]/usr/bin/git config --local http.https://github.com/.extraheader AUTHORIZATION: basic ***
handle_failure	Checkout code	2025-10-07T07:57:25.3360301Z ##[endgroup]
handle_failure	Checkout code	2025-10-07T07:57:25.3362506Z ##[group]Fetching the repository
handle_failure	Checkout code	2025-10-07T07:57:25.3376002Z [command]/usr/bin/git -c protocol.version=2 fetch --prune --no-recurse-submodules origin +refs/heads/*:refs/remotes/origin/* +refs/tags/*:refs/tags/*
handle_failure	Checkout code	2025-10-07T07:57:26.2812216Z From https://github.com/Ka0s-Klaus/ka0s
handle_failure	Checkout code	2025-10-07T07:57:26.2816662Z    380255fd..0019d35c  main       -> origin/main
handle_failure	Checkout code	2025-10-07T07:57:26.2866681Z [command]/usr/bin/git branch --list --remote origin/main
handle_failure	Checkout code	2025-10-07T07:57:26.2937460Z   origin/main
handle_failure	Checkout code	2025-10-07T07:57:26.2951189Z [command]/usr/bin/git rev-parse refs/remotes/origin/main
handle_failure	Checkout code	2025-10-07T07:57:26.2981826Z 0019d35c6cf6f5c661e7874fae0948aba4f86451
handle_failure	Checkout code	2025-10-07T07:57:26.3002223Z [command]/usr/bin/git -c protocol.version=2 fetch --no-tags --prune --no-recurse-submodules origin +380255fd2be3bc1f36277861fab58cb5ba122872:refs/remotes/origin/main
handle_failure	Checkout code	2025-10-07T07:57:26.3204301Z From https://github.com/Ka0s-Klaus/ka0s
handle_failure	Checkout code	2025-10-07T07:57:26.3206763Z  + 0019d35c...380255fd 380255fd2be3bc1f36277861fab58cb5ba122872 -> origin/main  (forced update)
handle_failure	Checkout code	2025-10-07T07:57:26.3245902Z ##[endgroup]
handle_failure	Checkout code	2025-10-07T07:57:26.3249061Z ##[group]Determining the checkout info
handle_failure	Checkout code	2025-10-07T07:57:26.3253363Z ##[endgroup]
handle_failure	Checkout code	2025-10-07T07:57:26.3255840Z [command]/usr/bin/git sparse-checkout disable
handle_failure	Checkout code	2025-10-07T07:57:26.3323562Z [command]/usr/bin/git config --local --unset-all extensions.worktreeConfig
handle_failure	Checkout code	2025-10-07T07:57:26.3364223Z ##[group]Checking out the ref
handle_failure	Checkout code	2025-10-07T07:57:26.3370012Z [command]/usr/bin/git checkout --progress --force -B main refs/remotes/origin/main
handle_failure	Checkout code	2025-10-07T07:57:26.3468816Z Switched to a new branch 'main'
handle_failure	Checkout code	2025-10-07T07:57:26.3471498Z branch 'main' set up to track 'origin/main'.
handle_failure	Checkout code	2025-10-07T07:57:26.3483761Z ##[endgroup]
handle_failure	Checkout code	2025-10-07T07:57:26.3535412Z [command]/usr/bin/git log -1 --format=%H
handle_failure	Checkout code	2025-10-07T07:57:26.3569977Z 380255fd2be3bc1f36277861fab58cb5ba122872
handle_failure	handle-failure-execution	﻿2025-10-07T07:57:26.4050677Z ##[group]Run echo "Error detected in process"
handle_failure	handle-failure-execution	2025-10-07T07:57:26.4052756Z [36;1mecho "Error detected in process"[0m
handle_failure	handle-failure-execution	2025-10-07T07:57:26.4054784Z [36;1m# RNNUMBER=$(echo "refs/heads/main" | grep -o '[0-9]*')[0m
handle_failure	handle-failure-execution	2025-10-07T07:57:26.4059155Z [36;1m# gh issue comment $RNNUMBER --body "El proceso no ha finalizado correctamente 18305614540. El resultado está en el fichero core/results/event_data18305614540.log"[0m
handle_failure	handle-failure-execution	2025-10-07T07:57:26.4063684Z [36;1m# Creamos la issue dado que ha fallado el modulo principal[0m
handle_failure	handle-failure-execution	2025-10-07T07:57:26.4068913Z [36;1mgh issue create  --title "[Ka0S] Error detected in [Ka0s] Personalized Image Runners" --body "Error detected in [Ka0s] Personalized Image Runners. Please check the logs for 18305614540 more information of error."[0m
handle_failure	handle-failure-execution	2025-10-07T07:57:26.4094297Z shell: /usr/bin/bash -e {0}
handle_failure	handle-failure-execution	2025-10-07T07:57:26.4095732Z env:
handle_failure	handle-failure-execution	2025-10-07T07:57:26.4098604Z   GITHUB_TOKEN: ***
handle_failure	handle-failure-execution	2025-10-07T07:57:26.4100417Z   KAOS_MODULE: [Ka0s] Personalized Image Runners
handle_failure	handle-failure-execution	2025-10-07T07:57:26.4102077Z   KAOS_CODE: 18305614540
handle_failure	handle-failure-execution	2025-10-07T07:57:26.4103478Z   KAOS_PATH_SCAN: audit/scan/
handle_failure	handle-failure-execution	2025-10-07T07:57:26.4105168Z   GH_TOKEN: ***
handle_failure	handle-failure-execution	2025-10-07T07:57:26.4106302Z ##[endgroup]
handle_failure	handle-failure-execution	2025-10-07T07:57:26.4207105Z Error detected in process
handle_failure	handle-failure-execution	2025-10-07T07:57:27.2701994Z https://github.com/Ka0s-Klaus/ka0s/issues/1680
handle_failure	Post Checkout code	﻿2025-10-07T07:57:27.3115192Z Post job cleanup.
handle_failure	Post Checkout code	2025-10-07T07:57:27.4447202Z [command]/usr/bin/git version
handle_failure	Post Checkout code	2025-10-07T07:57:27.4497320Z git version 2.51.0
handle_failure	Post Checkout code	2025-10-07T07:57:27.4560977Z Temporarily overriding HOME='/home/runner/_work/_temp/a333d953-3a3e-4fe9-9733-1c9f20cabed6' before making global git config changes
handle_failure	Post Checkout code	2025-10-07T07:57:27.4564973Z Adding repository directory to the temporary git global config as a safe directory
handle_failure	Post Checkout code	2025-10-07T07:57:27.4570467Z [command]/usr/bin/git config --global --add safe.directory /home/runner/_work/ka0s/ka0s
handle_failure	Post Checkout code	2025-10-07T07:57:27.4624985Z [command]/usr/bin/git config --local --name-only --get-regexp core\.sshCommand
handle_failure	Post Checkout code	2025-10-07T07:57:27.4690661Z [command]/usr/bin/git submodule foreach --recursive sh -c "git config --local --name-only --get-regexp 'core\.sshCommand' && git config --local --unset-all 'core.sshCommand' || :"
handle_failure	Post Checkout code	2025-10-07T07:57:27.5020282Z [command]/usr/bin/git config --local --name-only --get-regexp http\.https\:\/\/github\.com\/\.extraheader
handle_failure	Post Checkout code	2025-10-07T07:57:27.5050621Z http.https://github.com/.extraheader
handle_failure	Post Checkout code	2025-10-07T07:57:27.5070311Z [command]/usr/bin/git config --local --unset-all http.https://github.com/.extraheader
handle_failure	Post Checkout code	2025-10-07T07:57:27.5116644Z [command]/usr/bin/git submodule foreach --recursive sh -c "git config --local --name-only --get-regexp 'http\.https\:\/\/github\.com\/\.extraheader' && git config --local --unset-all 'http.https://github.com/.extraheader' || :"
handle_failure	Complete job	﻿2025-10-07T07:57:27.5664023Z Cleaning up orphan processes
end-workflow	Set up job	﻿2025-10-07T07:57:32.6784045Z Current runner version: '2.328.0'
end-workflow	Set up job	2025-10-07T07:57:32.6792259Z Runner name: 'ce3d85360195'
end-workflow	Set up job	2025-10-07T07:57:32.6793447Z Runner group name: 'swarm-runners'
end-workflow	Set up job	2025-10-07T07:57:32.6794438Z Machine name: 'ce3d85360195'
end-workflow	Set up job	2025-10-07T07:57:32.6798268Z ##[group]GITHUB_TOKEN Permissions
end-workflow	Set up job	2025-10-07T07:57:32.6801377Z Actions: write
end-workflow	Set up job	2025-10-07T07:57:32.6802011Z Contents: read
end-workflow	Set up job	2025-10-07T07:57:32.6802616Z Issues: write
end-workflow	Set up job	2025-10-07T07:57:32.6803171Z Metadata: read
end-workflow	Set up job	2025-10-07T07:57:32.6803709Z ##[endgroup]
end-workflow	Set up job	2025-10-07T07:57:32.6806131Z Secret source: Actions
end-workflow	Set up job	2025-10-07T07:57:32.6806879Z Prepare workflow directory
end-workflow	Set up job	2025-10-07T07:57:32.7412558Z Prepare all required actions
end-workflow	Set up job	2025-10-07T07:57:32.7452739Z Getting action download info
end-workflow	Set up job	2025-10-07T07:57:33.3386569Z Download action repository 'actions/checkout@v4' (SHA:08eba0b27e820071cde6df949e0beb9ba4906955)
end-workflow	Set up job	2025-10-07T07:57:34.2558903Z Complete job name: end-workflow
end-workflow	Checkout code	﻿2025-10-07T07:57:34.3119713Z ##[group]Run actions/checkout@v4
end-workflow	Checkout code	2025-10-07T07:57:34.3120591Z with:
end-workflow	Checkout code	2025-10-07T07:57:34.3121022Z   fetch-depth: 0
end-workflow	Checkout code	2025-10-07T07:57:34.3121666Z   token: ***
end-workflow	Checkout code	2025-10-07T07:57:34.3122061Z   repository: Ka0s-Klaus/ka0s
end-workflow	Checkout code	2025-10-07T07:57:34.3122510Z   ssh-strict: true
end-workflow	Checkout code	2025-10-07T07:57:34.3122905Z   ssh-user: git
end-workflow	Checkout code	2025-10-07T07:57:34.3123303Z   persist-credentials: true
end-workflow	Checkout code	2025-10-07T07:57:34.3123737Z   clean: true
end-workflow	Checkout code	2025-10-07T07:57:34.3124137Z   sparse-checkout-cone-mode: true
end-workflow	Checkout code	2025-10-07T07:57:34.3124616Z   fetch-tags: false
end-workflow	Checkout code	2025-10-07T07:57:34.3125014Z   show-progress: true
end-workflow	Checkout code	2025-10-07T07:57:34.3125412Z   lfs: false
end-workflow	Checkout code	2025-10-07T07:57:34.3125773Z   submodules: false
end-workflow	Checkout code	2025-10-07T07:57:34.3126177Z   set-safe-directory: true
end-workflow	Checkout code	2025-10-07T07:57:34.3126834Z env:
end-workflow	Checkout code	2025-10-07T07:57:34.3127808Z   GITHUB_TOKEN: ***
end-workflow	Checkout code	2025-10-07T07:57:34.3128269Z   KAOS_MODULE: [Ka0s] Personalized Image Runners
end-workflow	Checkout code	2025-10-07T07:57:34.3128808Z   KAOS_CODE: 18305614540
end-workflow	Checkout code	2025-10-07T07:57:34.3129236Z   KAOS_PATH_SCAN: audit/scan/
end-workflow	Checkout code	2025-10-07T07:57:34.3129807Z   GH_TOKEN: ***
end-workflow	Checkout code	2025-10-07T07:57:34.3130217Z ##[endgroup]
end-workflow	Checkout code	2025-10-07T07:57:34.4286569Z Syncing repository: Ka0s-Klaus/ka0s
end-workflow	Checkout code	2025-10-07T07:57:34.4288859Z ##[group]Getting Git version info
end-workflow	Checkout code	2025-10-07T07:57:34.4289513Z Working directory is '/home/runner/_work/ka0s/ka0s'
end-workflow	Checkout code	2025-10-07T07:57:34.4290516Z [command]/usr/bin/git version
end-workflow	Checkout code	2025-10-07T07:57:34.4291018Z git version 2.51.0
end-workflow	Checkout code	2025-10-07T07:57:34.4315539Z ##[endgroup]
end-workflow	Checkout code	2025-10-07T07:57:34.4329166Z Copying '/home/runner/.gitconfig' to '/home/runner/_work/_temp/ddd60512-25c9-4180-8c32-abba9602a16f/.gitconfig'
end-workflow	Checkout code	2025-10-07T07:57:34.4342351Z Temporarily overriding HOME='/home/runner/_work/_temp/ddd60512-25c9-4180-8c32-abba9602a16f' before making global git config changes
end-workflow	Checkout code	2025-10-07T07:57:34.4343909Z Adding repository directory to the temporary git global config as a safe directory
end-workflow	Checkout code	2025-10-07T07:57:34.4348561Z [command]/usr/bin/git config --global --add safe.directory /home/runner/_work/ka0s/ka0s
end-workflow	Checkout code	2025-10-07T07:57:34.4392827Z [command]/usr/bin/git config --local --get remote.origin.url
end-workflow	Checkout code	2025-10-07T07:57:34.4415949Z https://github.com/Ka0s-Klaus/ka0s
end-workflow	Checkout code	2025-10-07T07:57:34.4438574Z ##[group]Removing previously created refs, to avoid conflicts
end-workflow	Checkout code	2025-10-07T07:57:34.4443095Z [command]/usr/bin/git rev-parse --symbolic-full-name --verify --quiet HEAD
end-workflow	Checkout code	2025-10-07T07:57:34.4466956Z refs/heads/main
end-workflow	Checkout code	2025-10-07T07:57:34.4476327Z [command]/usr/bin/git checkout --detach
end-workflow	Checkout code	2025-10-07T07:57:34.4554428Z HEAD is now at 380255fd [Ka0S] Inspector uploading resume execution files to the repository...
end-workflow	Checkout code	2025-10-07T07:57:34.4602899Z [command]/usr/bin/git branch --delete --force main
end-workflow	Checkout code	2025-10-07T07:57:34.4635920Z Deleted branch main (was 380255fd).
end-workflow	Checkout code	2025-10-07T07:57:34.4721461Z ##[endgroup]
end-workflow	Checkout code	2025-10-07T07:57:34.4724256Z [command]/usr/bin/git submodule status
end-workflow	Checkout code	2025-10-07T07:57:34.4974453Z ##[group]Cleaning the repository
end-workflow	Checkout code	2025-10-07T07:57:34.4978895Z [command]/usr/bin/git clean -ffdx
end-workflow	Checkout code	2025-10-07T07:57:34.5045586Z [command]/usr/bin/git reset --hard HEAD
end-workflow	Checkout code	2025-10-07T07:57:34.5127542Z HEAD is now at 380255fd [Ka0S] Inspector uploading resume execution files to the repository...
end-workflow	Checkout code	2025-10-07T07:57:34.5133252Z ##[endgroup]
end-workflow	Checkout code	2025-10-07T07:57:34.5134947Z ##[group]Disabling automatic garbage collection
end-workflow	Checkout code	2025-10-07T07:57:34.5140078Z [command]/usr/bin/git config --local gc.auto 0
end-workflow	Checkout code	2025-10-07T07:57:34.5181469Z ##[endgroup]
end-workflow	Checkout code	2025-10-07T07:57:34.5182234Z ##[group]Setting up auth
end-workflow	Checkout code	2025-10-07T07:57:34.5188514Z [command]/usr/bin/git config --local --name-only --get-regexp core\.sshCommand
end-workflow	Checkout code	2025-10-07T07:57:34.5223668Z [command]/usr/bin/git submodule foreach --recursive sh -c "git config --local --name-only --get-regexp 'core\.sshCommand' && git config --local --unset-all 'core.sshCommand' || :"
end-workflow	Checkout code	2025-10-07T07:57:34.5475162Z [command]/usr/bin/git config --local --name-only --get-regexp http\.https\:\/\/github\.com\/\.extraheader
end-workflow	Checkout code	2025-10-07T07:57:34.5509026Z [command]/usr/bin/git submodule foreach --recursive sh -c "git config --local --name-only --get-regexp 'http\.https\:\/\/github\.com\/\.extraheader' && git config --local --unset-all 'http.https://github.com/.extraheader' || :"
end-workflow	Checkout code	2025-10-07T07:57:34.5768388Z [command]/usr/bin/git config --local http.https://github.com/.extraheader AUTHORIZATION: basic ***
end-workflow	Checkout code	2025-10-07T07:57:34.5807107Z ##[endgroup]
end-workflow	Checkout code	2025-10-07T07:57:34.5808059Z ##[group]Fetching the repository
end-workflow	Checkout code	2025-10-07T07:57:34.5815504Z [command]/usr/bin/git -c protocol.version=2 fetch --prune --no-recurse-submodules origin +refs/heads/*:refs/remotes/origin/* +refs/tags/*:refs/tags/*
end-workflow	Checkout code	2025-10-07T07:57:35.7179977Z From https://github.com/Ka0s-Klaus/ka0s
end-workflow	Checkout code	2025-10-07T07:57:35.7181391Z    380255fd..0019d35c  main       -> origin/main
end-workflow	Checkout code	2025-10-07T07:57:35.7218880Z [command]/usr/bin/git branch --list --remote origin/main
end-workflow	Checkout code	2025-10-07T07:57:35.7275545Z   origin/main
end-workflow	Checkout code	2025-10-07T07:57:35.7284394Z [command]/usr/bin/git rev-parse refs/remotes/origin/main
end-workflow	Checkout code	2025-10-07T07:57:35.7307997Z 0019d35c6cf6f5c661e7874fae0948aba4f86451
end-workflow	Checkout code	2025-10-07T07:57:35.7318801Z [command]/usr/bin/git -c protocol.version=2 fetch --no-tags --prune --no-recurse-submodules origin +380255fd2be3bc1f36277861fab58cb5ba122872:refs/remotes/origin/main
end-workflow	Checkout code	2025-10-07T07:57:35.7479235Z From https://github.com/Ka0s-Klaus/ka0s
end-workflow	Checkout code	2025-10-07T07:57:35.7481305Z  + 0019d35c...380255fd 380255fd2be3bc1f36277861fab58cb5ba122872 -> origin/main  (forced update)
end-workflow	Checkout code	2025-10-07T07:57:35.7507555Z ##[endgroup]
end-workflow	Checkout code	2025-10-07T07:57:35.7509181Z ##[group]Determining the checkout info
end-workflow	Checkout code	2025-10-07T07:57:35.7510877Z ##[endgroup]
end-workflow	Checkout code	2025-10-07T07:57:35.7511935Z [command]/usr/bin/git sparse-checkout disable
end-workflow	Checkout code	2025-10-07T07:57:35.7564905Z [command]/usr/bin/git config --local --unset-all extensions.worktreeConfig
end-workflow	Checkout code	2025-10-07T07:57:35.7595438Z ##[group]Checking out the ref
end-workflow	Checkout code	2025-10-07T07:57:35.7597872Z [command]/usr/bin/git checkout --progress --force -B main refs/remotes/origin/main
end-workflow	Checkout code	2025-10-07T07:57:35.7677992Z Switched to a new branch 'main'
end-workflow	Checkout code	2025-10-07T07:57:35.7679775Z branch 'main' set up to track 'origin/main'.
end-workflow	Checkout code	2025-10-07T07:57:35.7687125Z ##[endgroup]
end-workflow	Checkout code	2025-10-07T07:57:35.7726451Z [command]/usr/bin/git log -1 --format=%H
end-workflow	Checkout code	2025-10-07T07:57:35.7753810Z 380255fd2be3bc1f36277861fab58cb5ba122872
end-workflow	Finaliza el workflow	﻿2025-10-07T07:57:35.8025422Z ##[group]Run echo "End process"
end-workflow	Finaliza el workflow	2025-10-07T07:57:35.8026839Z [36;1mecho "End process"[0m
end-workflow	Finaliza el workflow	2025-10-07T07:57:35.8028412Z [36;1m# RNNUMBER=$(echo "refs/heads/main" | grep -o '[0-9]*')[0m
end-workflow	Finaliza el workflow	2025-10-07T07:57:35.8030357Z [36;1m# gh issue comment $RNNUMBER --body "Se finaliza Ka0s 18305614540"[0m
end-workflow	Finaliza el workflow	2025-10-07T07:57:35.8032106Z [36;1mecho "Se finaliza Ka0s 18305614540"[0m
end-workflow	Finaliza el workflow	2025-10-07T07:57:35.8033980Z [36;1mgh workflow run inspector.yml --ref 'main' -f kaos-workflow-id="18305614540"[0m
end-workflow	Finaliza el workflow	2025-10-07T07:57:35.8049123Z shell: /usr/bin/bash -e {0}
end-workflow	Finaliza el workflow	2025-10-07T07:57:35.8050280Z env:
end-workflow	Finaliza el workflow	2025-10-07T07:57:35.8052667Z   GITHUB_TOKEN: ***
end-workflow	Finaliza el workflow	2025-10-07T07:57:35.8053814Z   KAOS_MODULE: [Ka0s] Personalized Image Runners
end-workflow	Finaliza el workflow	2025-10-07T07:57:35.8055151Z   KAOS_CODE: 18305614540
end-workflow	Finaliza el workflow	2025-10-07T07:57:35.8056199Z   KAOS_PATH_SCAN: audit/scan/
end-workflow	Finaliza el workflow	2025-10-07T07:57:35.8057946Z   GH_TOKEN: ***
end-workflow	Finaliza el workflow	2025-10-07T07:57:35.8058991Z ##[endgroup]
end-workflow	Finaliza el workflow	2025-10-07T07:57:35.8125804Z End process
end-workflow	Finaliza el workflow	2025-10-07T07:57:35.8126900Z Se finaliza Ka0s 18305614540
end-workflow	Post Checkout code	﻿2025-10-07T07:57:36.5251147Z Post job cleanup.
end-workflow	Post Checkout code	2025-10-07T07:57:36.6262085Z [command]/usr/bin/git version
end-workflow	Post Checkout code	2025-10-07T07:57:36.6301876Z git version 2.51.0
end-workflow	Post Checkout code	2025-10-07T07:57:36.6343593Z Copying '/home/runner/.gitconfig' to '/home/runner/_work/_temp/9ec9543e-58e5-47f0-812f-e3f5ee158415/.gitconfig'
end-workflow	Post Checkout code	2025-10-07T07:57:36.6357029Z Temporarily overriding HOME='/home/runner/_work/_temp/9ec9543e-58e5-47f0-812f-e3f5ee158415' before making global git config changes
end-workflow	Post Checkout code	2025-10-07T07:57:36.6358386Z Adding repository directory to the temporary git global config as a safe directory
end-workflow	Post Checkout code	2025-10-07T07:57:36.6364661Z [command]/usr/bin/git config --global --add safe.directory /home/runner/_work/ka0s/ka0s
end-workflow	Post Checkout code	2025-10-07T07:57:36.6411773Z [command]/usr/bin/git config --local --name-only --get-regexp core\.sshCommand
end-workflow	Post Checkout code	2025-10-07T07:57:36.6449993Z [command]/usr/bin/git submodule foreach --recursive sh -c "git config --local --name-only --get-regexp 'core\.sshCommand' && git config --local --unset-all 'core.sshCommand' || :"
end-workflow	Post Checkout code	2025-10-07T07:57:36.6714088Z [command]/usr/bin/git config --local --name-only --get-regexp http\.https\:\/\/github\.com\/\.extraheader
end-workflow	Post Checkout code	2025-10-07T07:57:36.6738428Z http.https://github.com/.extraheader
end-workflow	Post Checkout code	2025-10-07T07:57:36.6752239Z [command]/usr/bin/git config --local --unset-all http.https://github.com/.extraheader
end-workflow	Post Checkout code	2025-10-07T07:57:36.6788335Z [command]/usr/bin/git submodule foreach --recursive sh -c "git config --local --name-only --get-regexp 'http\.https\:\/\/github\.com\/\.extraheader' && git config --local --unset-all 'http.https://github.com/.extraheader' || :"
end-workflow	Complete job	﻿2025-10-07T07:57:36.7178665Z Cleaning up orphan processes
