job-core	Set up job	﻿2025-10-07T08:03:25.8094956Z Current runner version: '2.328.0'
job-core	Set up job	2025-10-07T08:03:25.8103481Z Runner name: '8e659958b594'
job-core	Set up job	2025-10-07T08:03:25.8104604Z Runner group name: 'swarm-runners'
job-core	Set up job	2025-10-07T08:03:25.8105721Z Machine name: '8e659958b594'
job-core	Set up job	2025-10-07T08:03:25.8109471Z ##[group]GITHUB_TOKEN Permissions
job-core	Set up job	2025-10-07T08:03:25.8113011Z Actions: write
job-core	Set up job	2025-10-07T08:03:25.8113545Z Contents: write
job-core	Set up job	2025-10-07T08:03:25.8114207Z Issues: write
job-core	Set up job	2025-10-07T08:03:25.8114777Z Metadata: read
job-core	Set up job	2025-10-07T08:03:25.8115372Z PullRequests: write
job-core	Set up job	2025-10-07T08:03:25.8115938Z ##[endgroup]
job-core	Set up job	2025-10-07T08:03:25.8118754Z Secret source: Actions
job-core	Set up job	2025-10-07T08:03:25.8119781Z Prepare workflow directory
job-core	Set up job	2025-10-07T08:03:25.8668853Z Prepare all required actions
job-core	Set up job	2025-10-07T08:03:25.8707678Z Getting action download info
job-core	Set up job	2025-10-07T08:03:26.4682109Z Download action repository 'actions/checkout@v4' (SHA:08eba0b27e820071cde6df949e0beb9ba4906955)
job-core	Set up job	2025-10-07T08:03:27.3031947Z Download action repository 'actions/setup-node@v2' (SHA:7c12f8017d5436eb855f1ed4399f037a36fbd9e8)
job-core	Set up job	2025-10-07T08:03:28.2003534Z Complete job name: job-core
job-core	Checkout code	﻿2025-10-07T08:03:28.2582379Z ##[group]Run actions/checkout@v4
job-core	Checkout code	2025-10-07T08:03:28.2583443Z with:
job-core	Checkout code	2025-10-07T08:03:28.2583884Z   fetch-depth: 0
job-core	Checkout code	2025-10-07T08:03:28.2584953Z   token: ***
job-core	Checkout code	2025-10-07T08:03:28.2585539Z   repository: Ka0s-Klaus/ka0s
job-core	Checkout code	2025-10-07T08:03:28.2586022Z   ssh-strict: true
job-core	Checkout code	2025-10-07T08:03:28.2586432Z   ssh-user: git
job-core	Checkout code	2025-10-07T08:03:28.2586850Z   persist-credentials: true
job-core	Checkout code	2025-10-07T08:03:28.2587312Z   clean: true
job-core	Checkout code	2025-10-07T08:03:28.2587970Z   sparse-checkout-cone-mode: true
job-core	Checkout code	2025-10-07T08:03:28.2588513Z   fetch-tags: false
job-core	Checkout code	2025-10-07T08:03:28.2588948Z   show-progress: true
job-core	Checkout code	2025-10-07T08:03:28.2589371Z   lfs: false
job-core	Checkout code	2025-10-07T08:03:28.2589744Z   submodules: false
job-core	Checkout code	2025-10-07T08:03:28.2590184Z   set-safe-directory: true
job-core	Checkout code	2025-10-07T08:03:28.2590930Z env:
job-core	Checkout code	2025-10-07T08:03:28.2591328Z   KAOS_MODULE: [Ka0S] JSONLINT
job-core	Checkout code	2025-10-07T08:03:28.2591985Z   GH_TOKEN: ***
job-core	Checkout code	2025-10-07T08:03:28.2592446Z   KAOS_JSONLINT_CONFIG: core/config/.jsonlint.json
job-core	Checkout code	2025-10-07T08:03:28.2593094Z   KAOS_PATH_RESUME: audit/jsonlint/
job-core	Checkout code	2025-10-07T08:03:28.2593695Z   KAOS_REPO: /actions-runner/_work/kaos/kaos
job-core	Checkout code	2025-10-07T08:03:28.2594227Z   KAOS_STEP_MODULE: 
job-core	Checkout code	2025-10-07T08:03:28.2594647Z   KAOS_CODE: 18306107398
job-core	Checkout code	2025-10-07T08:03:28.2595108Z   KAOS_REF_BRANCH: main
job-core	Checkout code	2025-10-07T08:03:28.2595686Z ##[endgroup]
job-core	Checkout code	2025-10-07T08:03:28.3822858Z Syncing repository: Ka0s-Klaus/ka0s
job-core	Checkout code	2025-10-07T08:03:28.3825107Z ##[group]Getting Git version info
job-core	Checkout code	2025-10-07T08:03:28.3825864Z Working directory is '/home/runner/_work/ka0s/ka0s'
job-core	Checkout code	2025-10-07T08:03:28.3826887Z [command]/usr/bin/git version
job-core	Checkout code	2025-10-07T08:03:28.3827626Z git version 2.51.0
job-core	Checkout code	2025-10-07T08:03:28.3844771Z ##[endgroup]
job-core	Checkout code	2025-10-07T08:03:28.3872227Z Temporarily overriding HOME='/home/runner/_work/_temp/eb07a078-9bee-4c0a-9ab5-d99ffd0627cb' before making global git config changes
job-core	Checkout code	2025-10-07T08:03:28.3874202Z Adding repository directory to the temporary git global config as a safe directory
job-core	Checkout code	2025-10-07T08:03:28.3878136Z [command]/usr/bin/git config --global --add safe.directory /home/runner/_work/ka0s/ka0s
job-core	Checkout code	2025-10-07T08:03:28.3929258Z Deleting the contents of '/home/runner/_work/ka0s/ka0s'
job-core	Checkout code	2025-10-07T08:03:28.3935625Z ##[group]Initializing the repository
job-core	Checkout code	2025-10-07T08:03:28.3939717Z [command]/usr/bin/git init /home/runner/_work/ka0s/ka0s
job-core	Checkout code	2025-10-07T08:03:28.3996233Z hint: Using 'master' as the name for the initial branch. This default branch name
job-core	Checkout code	2025-10-07T08:03:28.4010628Z hint: is subject to change. To configure the initial branch name to use in all
job-core	Checkout code	2025-10-07T08:03:28.4012413Z hint: of your new repositories, which will suppress this warning, call:
job-core	Checkout code	2025-10-07T08:03:28.4013463Z hint:
job-core	Checkout code	2025-10-07T08:03:28.4014915Z hint: 	git config --global init.defaultBranch <name>
job-core	Checkout code	2025-10-07T08:03:28.4018003Z hint:
job-core	Checkout code	2025-10-07T08:03:28.4018680Z hint: Names commonly chosen instead of 'master' are 'main', 'trunk' and
job-core	Checkout code	2025-10-07T08:03:28.4019679Z hint: 'development'. The just-created branch can be renamed via this command:
job-core	Checkout code	2025-10-07T08:03:28.4023497Z hint:
job-core	Checkout code	2025-10-07T08:03:28.4024560Z hint: 	git branch -m <name>
job-core	Checkout code	2025-10-07T08:03:28.4025043Z hint:
job-core	Checkout code	2025-10-07T08:03:28.4025710Z hint: Disable this message with "git config set advice.defaultBranchName false"
job-core	Checkout code	2025-10-07T08:03:28.4026686Z Initialized empty Git repository in /home/runner/_work/ka0s/ka0s/.git/
job-core	Checkout code	2025-10-07T08:03:28.4029125Z [command]/usr/bin/git remote add origin https://github.com/Ka0s-Klaus/ka0s
job-core	Checkout code	2025-10-07T08:03:28.4069680Z ##[endgroup]
job-core	Checkout code	2025-10-07T08:03:28.4070639Z ##[group]Disabling automatic garbage collection
job-core	Checkout code	2025-10-07T08:03:28.4071410Z [command]/usr/bin/git config --local gc.auto 0
job-core	Checkout code	2025-10-07T08:03:28.4112918Z ##[endgroup]
job-core	Checkout code	2025-10-07T08:03:28.4113872Z ##[group]Setting up auth
job-core	Checkout code	2025-10-07T08:03:28.4122872Z [command]/usr/bin/git config --local --name-only --get-regexp core\.sshCommand
job-core	Checkout code	2025-10-07T08:03:28.4163178Z [command]/usr/bin/git submodule foreach --recursive sh -c "git config --local --name-only --get-regexp 'core\.sshCommand' && git config --local --unset-all 'core.sshCommand' || :"
job-core	Checkout code	2025-10-07T08:03:28.4460296Z [command]/usr/bin/git config --local --name-only --get-regexp http\.https\:\/\/github\.com\/\.extraheader
job-core	Checkout code	2025-10-07T08:03:28.4493696Z [command]/usr/bin/git submodule foreach --recursive sh -c "git config --local --name-only --get-regexp 'http\.https\:\/\/github\.com\/\.extraheader' && git config --local --unset-all 'http.https://github.com/.extraheader' || :"
job-core	Checkout code	2025-10-07T08:03:28.4784758Z [command]/usr/bin/git config --local http.https://github.com/.extraheader AUTHORIZATION: basic ***
job-core	Checkout code	2025-10-07T08:03:28.4833754Z ##[endgroup]
job-core	Checkout code	2025-10-07T08:03:28.4834606Z ##[group]Fetching the repository
job-core	Checkout code	2025-10-07T08:03:28.4842609Z [command]/usr/bin/git -c protocol.version=2 fetch --prune --no-recurse-submodules origin +refs/heads/*:refs/remotes/origin/* +refs/tags/*:refs/tags/*
job-core	Checkout code	2025-10-07T08:03:38.7348805Z From https://github.com/Ka0s-Klaus/ka0s
job-core	Checkout code	2025-10-07T08:03:38.7351978Z  * [new branch]        F1149-desarrollo-de-orchestrator -> origin/F1149-desarrollo-de-orchestrator
job-core	Checkout code	2025-10-07T08:03:38.7353401Z  * [new branch]        F1183-personalización-módulo-finops -> origin/F1183-personalización-módulo-finops
job-core	Checkout code	2025-10-07T08:03:38.7354414Z  * [new branch]        F1224-new-module-mongodb -> origin/F1224-new-module-mongodb
job-core	Checkout code	2025-10-07T08:03:38.7355207Z  * [new branch]        F220-web-de-resultados  -> origin/F220-web-de-resultados
job-core	Checkout code	2025-10-07T08:03:38.7356183Z  * [new branch]        F227-despliegue-de-kube-independiente-del-clouder -> origin/F227-despliegue-de-kube-independiente-del-clouder
job-core	Checkout code	2025-10-07T08:03:38.7357300Z  * [new branch]        F329-documentacion-metodologia-de-kaos -> origin/F329-documentacion-metodologia-de-kaos
job-core	Checkout code	2025-10-07T08:03:38.7358680Z  * [new branch]        F44-creación-módulo-versionado -> origin/F44-creación-módulo-versionado
job-core	Checkout code	2025-10-07T08:03:38.7359658Z  * [new branch]        H1128-módulo-de-observabilidad -> origin/H1128-módulo-de-observabilidad
job-core	Checkout code	2025-10-07T08:03:38.7360507Z  * [new branch]        H1139-como-instalar-arc-control -> origin/H1139-como-instalar-arc-control
job-core	Checkout code	2025-10-07T08:03:38.7361386Z  * [new branch]        H1149-desarrollo-de-orchestrator -> origin/H1149-desarrollo-de-orchestrator
job-core	Checkout code	2025-10-07T08:03:38.7362323Z  * [new branch]        H1150-desarrollo-de-secciones -> origin/H1150-desarrollo-de-secciones
job-core	Checkout code	2025-10-07T08:03:38.7363292Z  * [new branch]        H1151-desarrollo-de-secciones-ii -> origin/H1151-desarrollo-de-secciones-ii
job-core	Checkout code	2025-10-07T08:03:38.7364140Z  * [new branch]        H1152-desarrollo-inicio -> origin/H1152-desarrollo-inicio
job-core	Checkout code	2025-10-07T08:03:38.7365134Z  * [new branch]        H1183-personalización-módulo-finops -> origin/H1183-personalización-módulo-finops
job-core	Checkout code	2025-10-07T08:03:38.7366078Z  * [new branch]        H1193-ejemplo-web-documentacion -> origin/H1193-ejemplo-web-documentacion
job-core	Checkout code	2025-10-07T08:03:38.7366831Z  * [new branch]        H1205-web-creation      -> origin/H1205-web-creation
job-core	Checkout code	2025-10-07T08:03:38.7367758Z  * [new branch]        H1224-new-module-mongodb -> origin/H1224-new-module-mongodb
job-core	Checkout code	2025-10-07T08:03:38.7370007Z  * [new branch]        H1410-modulo-execution  -> origin/H1410-modulo-execution
job-core	Checkout code	2025-10-07T08:03:38.7389808Z  * [new branch]        H1514-new-swarm-deployment-stack-with-actions-runners-autoscale -> origin/H1514-new-swarm-deployment-stack-with-actions-runners-autoscale
job-core	Checkout code	2025-10-07T08:03:38.7391182Z  * [new branch]        H1646-modulo-de-control-de-runners -> origin/H1646-modulo-de-control-de-runners
job-core	Checkout code	2025-10-07T08:03:38.7392048Z  * [new branch]        H215-modulo-de-summary  -> origin/H215-modulo-de-summary
job-core	Checkout code	2025-10-07T08:03:38.7392932Z  * [new branch]        H220-web-de-resultados  -> origin/H220-web-de-resultados
job-core	Checkout code	2025-10-07T08:03:38.7393968Z  * [new branch]        H227-despliegue-de-kube-independiente-del-clouder -> origin/H227-despliegue-de-kube-independiente-del-clouder
job-core	Checkout code	2025-10-07T08:03:38.7395021Z  * [new branch]        H306-ficheros-de-estadisticas -> origin/H306-ficheros-de-estadisticas
job-core	Checkout code	2025-10-07T08:03:38.7395976Z  * [new branch]        H328-documentacion-modulo-principal-de-kaos -> origin/H328-documentacion-modulo-principal-de-kaos
job-core	Checkout code	2025-10-07T08:03:38.7397024Z  * [new branch]        H329-documentacion-metodologia-de-kaos -> origin/H329-documentacion-metodologia-de-kaos
job-core	Checkout code	2025-10-07T08:03:38.7398539Z  * [new branch]        H338-relanzador-de-jobs-en-caso-de-pattern -> origin/H338-relanzador-de-jobs-en-caso-de-pattern
job-core	Checkout code	2025-10-07T08:03:38.7399650Z  * [new branch]        H38-documentacion-basica-del-proyecto -> origin/H38-documentacion-basica-del-proyecto
job-core	Checkout code	2025-10-07T08:03:38.7401083Z  * [new branch]        H44-creación-módulo-versionado -> origin/H44-creación-módulo-versionado
job-core	Checkout code	2025-10-07T08:03:38.7402520Z  * [new branch]        RN1149-desarrollo-de-orchestrator -> origin/RN1149-desarrollo-de-orchestrator
job-core	Checkout code	2025-10-07T08:03:38.7403897Z  * [new branch]        RN1183-personalización-módulo-finops -> origin/RN1183-personalización-módulo-finops
job-core	Checkout code	2025-10-07T08:03:38.7406518Z  * [new branch]        RN1282-ka0s-error-detected-in-ka0s-workflow-statistics-summary -> origin/RN1282-ka0s-error-detected-in-ka0s-workflow-statistics-summary
job-core	Checkout code	2025-10-07T08:03:38.7407585Z  * [new branch]        RN220-web-de-resultados -> origin/RN220-web-de-resultados
job-core	Checkout code	2025-10-07T08:03:38.7408477Z  * [new branch]        RN227-despliegue-de-kube-independiente-del-clouder -> origin/RN227-despliegue-de-kube-independiente-del-clouder
job-core	Checkout code	2025-10-07T08:03:38.7409498Z  * [new branch]        RN329-documentacion-metodologia-de-kaos -> origin/RN329-documentacion-metodologia-de-kaos
job-core	Checkout code	2025-10-07T08:03:38.7410167Z  * [new branch]        main                    -> origin/main
job-core	Checkout code	2025-10-07T08:03:38.7410594Z  * [new tag]           0.0.0                   -> 0.0.0
job-core	Checkout code	2025-10-07T08:03:38.7410984Z  * [new tag]           0.0.1                   -> 0.0.1
job-core	Checkout code	2025-10-07T08:03:38.7411387Z  * [new tag]           0.0.10                  -> 0.0.10
job-core	Checkout code	2025-10-07T08:03:38.7411787Z  * [new tag]           0.0.100                 -> 0.0.100
job-core	Checkout code	2025-10-07T08:03:38.7412186Z  * [new tag]           0.0.101                 -> 0.0.101
job-core	Checkout code	2025-10-07T08:03:38.7412587Z  * [new tag]           0.0.102                 -> 0.0.102
job-core	Checkout code	2025-10-07T08:03:38.7412988Z  * [new tag]           0.0.103                 -> 0.0.103
job-core	Checkout code	2025-10-07T08:03:38.7413410Z  * [new tag]           0.0.104                 -> 0.0.104
job-core	Checkout code	2025-10-07T08:03:38.7413812Z  * [new tag]           0.0.105                 -> 0.0.105
job-core	Checkout code	2025-10-07T08:03:38.7414210Z  * [new tag]           0.0.106                 -> 0.0.106
job-core	Checkout code	2025-10-07T08:03:38.7414609Z  * [new tag]           0.0.107                 -> 0.0.107
job-core	Checkout code	2025-10-07T08:03:38.7415010Z  * [new tag]           0.0.108                 -> 0.0.108
job-core	Checkout code	2025-10-07T08:03:38.7415409Z  * [new tag]           0.0.109                 -> 0.0.109
job-core	Checkout code	2025-10-07T08:03:38.7415809Z  * [new tag]           0.0.11                  -> 0.0.11
job-core	Checkout code	2025-10-07T08:03:38.7416203Z  * [new tag]           0.0.110                 -> 0.0.110
job-core	Checkout code	2025-10-07T08:03:38.7416619Z  * [new tag]           0.0.111                 -> 0.0.111
job-core	Checkout code	2025-10-07T08:03:38.7417051Z  * [new tag]           0.0.112                 -> 0.0.112
job-core	Checkout code	2025-10-07T08:03:38.7427987Z  * [new tag]           0.0.113                 -> 0.0.113
job-core	Checkout code	2025-10-07T08:03:38.7428531Z  * [new tag]           0.0.114                 -> 0.0.114
job-core	Checkout code	2025-10-07T08:03:38.7429220Z  * [new tag]           0.0.115                 -> 0.0.115
job-core	Checkout code	2025-10-07T08:03:38.7429654Z  * [new tag]           0.0.116                 -> 0.0.116
job-core	Checkout code	2025-10-07T08:03:38.7430067Z  * [new tag]           0.0.117                 -> 0.0.117
job-core	Checkout code	2025-10-07T08:03:38.7430491Z  * [new tag]           0.0.118                 -> 0.0.118
job-core	Checkout code	2025-10-07T08:03:38.7430901Z  * [new tag]           0.0.119                 -> 0.0.119
job-core	Checkout code	2025-10-07T08:03:38.7431313Z  * [new tag]           0.0.12                  -> 0.0.12
job-core	Checkout code	2025-10-07T08:03:38.7431730Z  * [new tag]           0.0.120                 -> 0.0.120
job-core	Checkout code	2025-10-07T08:03:38.7432145Z  * [new tag]           0.0.121                 -> 0.0.121
job-core	Checkout code	2025-10-07T08:03:38.7432559Z  * [new tag]           0.0.122                 -> 0.0.122
job-core	Checkout code	2025-10-07T08:03:38.7433001Z  * [new tag]           0.0.123                 -> 0.0.123
job-core	Checkout code	2025-10-07T08:03:38.7433514Z  * [new tag]           0.0.124                 -> 0.0.124
job-core	Checkout code	2025-10-07T08:03:38.7433937Z  * [new tag]           0.0.125                 -> 0.0.125
job-core	Checkout code	2025-10-07T08:03:38.7434519Z  * [new tag]           0.0.126                 -> 0.0.126
job-core	Checkout code	2025-10-07T08:03:38.7434936Z  * [new tag]           0.0.127                 -> 0.0.127
job-core	Checkout code	2025-10-07T08:03:38.7435350Z  * [new tag]           0.0.128                 -> 0.0.128
job-core	Checkout code	2025-10-07T08:03:38.7435762Z  * [new tag]           0.0.129                 -> 0.0.129
job-core	Checkout code	2025-10-07T08:03:38.7436173Z  * [new tag]           0.0.13                  -> 0.0.13
job-core	Checkout code	2025-10-07T08:03:38.7436589Z  * [new tag]           0.0.130                 -> 0.0.130
job-core	Checkout code	2025-10-07T08:03:38.7437002Z  * [new tag]           0.0.131                 -> 0.0.131
job-core	Checkout code	2025-10-07T08:03:38.7437473Z  * [new tag]           0.0.132                 -> 0.0.132
job-core	Checkout code	2025-10-07T08:03:38.7437892Z  * [new tag]           0.0.133                 -> 0.0.133
job-core	Checkout code	2025-10-07T08:03:38.7438307Z  * [new tag]           0.0.134                 -> 0.0.134
job-core	Checkout code	2025-10-07T08:03:38.7438720Z  * [new tag]           0.0.135                 -> 0.0.135
job-core	Checkout code	2025-10-07T08:03:38.7439146Z  * [new tag]           0.0.136                 -> 0.0.136
job-core	Checkout code	2025-10-07T08:03:38.7439582Z  * [new tag]           0.0.137                 -> 0.0.137
job-core	Checkout code	2025-10-07T08:03:38.7439996Z  * [new tag]           0.0.138                 -> 0.0.138
job-core	Checkout code	2025-10-07T08:03:38.7440406Z  * [new tag]           0.0.139                 -> 0.0.139
job-core	Checkout code	2025-10-07T08:03:38.7440817Z  * [new tag]           0.0.14                  -> 0.0.14
job-core	Checkout code	2025-10-07T08:03:38.7441227Z  * [new tag]           0.0.140                 -> 0.0.140
job-core	Checkout code	2025-10-07T08:03:38.7441641Z  * [new tag]           0.0.141                 -> 0.0.141
job-core	Checkout code	2025-10-07T08:03:38.7442050Z  * [new tag]           0.0.142                 -> 0.0.142
job-core	Checkout code	2025-10-07T08:03:38.7442458Z  * [new tag]           0.0.143                 -> 0.0.143
job-core	Checkout code	2025-10-07T08:03:38.7442873Z  * [new tag]           0.0.144                 -> 0.0.144
job-core	Checkout code	2025-10-07T08:03:38.7443288Z  * [new tag]           0.0.145                 -> 0.0.145
job-core	Checkout code	2025-10-07T08:03:38.7443701Z  * [new tag]           0.0.146                 -> 0.0.146
job-core	Checkout code	2025-10-07T08:03:38.7444120Z  * [new tag]           0.0.147                 -> 0.0.147
job-core	Checkout code	2025-10-07T08:03:38.7444540Z  * [new tag]           0.0.148                 -> 0.0.148
job-core	Checkout code	2025-10-07T08:03:38.7444947Z  * [new tag]           0.0.149                 -> 0.0.149
job-core	Checkout code	2025-10-07T08:03:38.7445357Z  * [new tag]           0.0.15                  -> 0.0.15
job-core	Checkout code	2025-10-07T08:03:38.7445775Z  * [new tag]           0.0.150                 -> 0.0.150
job-core	Checkout code	2025-10-07T08:03:38.7446187Z  * [new tag]           0.0.151                 -> 0.0.151
job-core	Checkout code	2025-10-07T08:03:38.7446597Z  * [new tag]           0.0.152                 -> 0.0.152
job-core	Checkout code	2025-10-07T08:03:38.7447011Z  * [new tag]           0.0.153                 -> 0.0.153
job-core	Checkout code	2025-10-07T08:03:38.7472523Z  * [new tag]           0.0.154                 -> 0.0.154
job-core	Checkout code	2025-10-07T08:03:38.7473119Z  * [new tag]           0.0.155                 -> 0.0.155
job-core	Checkout code	2025-10-07T08:03:38.7473546Z  * [new tag]           0.0.156                 -> 0.0.156
job-core	Checkout code	2025-10-07T08:03:38.7473970Z  * [new tag]           0.0.157                 -> 0.0.157
job-core	Checkout code	2025-10-07T08:03:38.7474620Z  * [new tag]           0.0.158                 -> 0.0.158
job-core	Checkout code	2025-10-07T08:03:38.7475052Z  * [new tag]           0.0.159                 -> 0.0.159
job-core	Checkout code	2025-10-07T08:03:38.7475466Z  * [new tag]           0.0.16                  -> 0.0.16
job-core	Checkout code	2025-10-07T08:03:38.7475879Z  * [new tag]           0.0.160                 -> 0.0.160
job-core	Checkout code	2025-10-07T08:03:38.7476289Z  * [new tag]           0.0.161                 -> 0.0.161
job-core	Checkout code	2025-10-07T08:03:38.7476702Z  * [new tag]           0.0.162                 -> 0.0.162
job-core	Checkout code	2025-10-07T08:03:38.7477118Z  * [new tag]           0.0.163                 -> 0.0.163
job-core	Checkout code	2025-10-07T08:03:38.7477797Z  * [new tag]           0.0.164                 -> 0.0.164
job-core	Checkout code	2025-10-07T08:03:38.7478218Z  * [new tag]           0.0.165                 -> 0.0.165
job-core	Checkout code	2025-10-07T08:03:38.7478634Z  * [new tag]           0.0.166                 -> 0.0.166
job-core	Checkout code	2025-10-07T08:03:38.7479042Z  * [new tag]           0.0.167                 -> 0.0.167
job-core	Checkout code	2025-10-07T08:03:38.7479454Z  * [new tag]           0.0.168                 -> 0.0.168
job-core	Checkout code	2025-10-07T08:03:38.7479868Z  * [new tag]           0.0.169                 -> 0.0.169
job-core	Checkout code	2025-10-07T08:03:38.7480442Z  * [new tag]           0.0.17                  -> 0.0.17
job-core	Checkout code	2025-10-07T08:03:38.7480852Z  * [new tag]           0.0.170                 -> 0.0.170
job-core	Checkout code	2025-10-07T08:03:38.7481260Z  * [new tag]           0.0.171                 -> 0.0.171
job-core	Checkout code	2025-10-07T08:03:38.7481670Z  * [new tag]           0.0.172                 -> 0.0.172
job-core	Checkout code	2025-10-07T08:03:38.7482080Z  * [new tag]           0.0.173                 -> 0.0.173
job-core	Checkout code	2025-10-07T08:03:38.7482485Z  * [new tag]           0.0.174                 -> 0.0.174
job-core	Checkout code	2025-10-07T08:03:38.7482893Z  * [new tag]           0.0.175                 -> 0.0.175
job-core	Checkout code	2025-10-07T08:03:38.7483301Z  * [new tag]           0.0.176                 -> 0.0.176
job-core	Checkout code	2025-10-07T08:03:38.7483712Z  * [new tag]           0.0.177                 -> 0.0.177
job-core	Checkout code	2025-10-07T08:03:38.7484125Z  * [new tag]           0.0.178                 -> 0.0.178
job-core	Checkout code	2025-10-07T08:03:38.7484539Z  * [new tag]           0.0.179                 -> 0.0.179
job-core	Checkout code	2025-10-07T08:03:38.7484959Z  * [new tag]           0.0.18                  -> 0.0.18
job-core	Checkout code	2025-10-07T08:03:38.7485358Z  * [new tag]           0.0.19                  -> 0.0.19
job-core	Checkout code	2025-10-07T08:03:38.7485756Z  * [new tag]           0.0.2                   -> 0.0.2
job-core	Checkout code	2025-10-07T08:03:38.7486164Z  * [new tag]           0.0.20                  -> 0.0.20
job-core	Checkout code	2025-10-07T08:03:38.7486562Z  * [new tag]           0.0.21                  -> 0.0.21
job-core	Checkout code	2025-10-07T08:03:38.7486962Z  * [new tag]           0.0.22                  -> 0.0.22
job-core	Checkout code	2025-10-07T08:03:38.7487402Z  * [new tag]           0.0.23                  -> 0.0.23
job-core	Checkout code	2025-10-07T08:03:38.7514768Z  * [new tag]           0.0.24                  -> 0.0.24
job-core	Checkout code	2025-10-07T08:03:38.7515505Z  * [new tag]           0.0.25                  -> 0.0.25
job-core	Checkout code	2025-10-07T08:03:38.7515973Z  * [new tag]           0.0.26                  -> 0.0.26
job-core	Checkout code	2025-10-07T08:03:38.7516422Z  * [new tag]           0.0.27                  -> 0.0.27
job-core	Checkout code	2025-10-07T08:03:38.7517000Z  * [new tag]           0.0.28                  -> 0.0.28
job-core	Checkout code	2025-10-07T08:03:38.7517582Z  * [new tag]           0.0.29                  -> 0.0.29
job-core	Checkout code	2025-10-07T08:03:38.7518031Z  * [new tag]           0.0.3                   -> 0.0.3
job-core	Checkout code	2025-10-07T08:03:38.7518490Z  * [new tag]           0.0.30                  -> 0.0.30
job-core	Checkout code	2025-10-07T08:03:38.7518954Z  * [new tag]           0.0.31                  -> 0.0.31
job-core	Checkout code	2025-10-07T08:03:38.7519402Z  * [new tag]           0.0.32                  -> 0.0.32
job-core	Checkout code	2025-10-07T08:03:38.7519851Z  * [new tag]           0.0.33                  -> 0.0.33
job-core	Checkout code	2025-10-07T08:03:38.7520303Z  * [new tag]           0.0.34                  -> 0.0.34
job-core	Checkout code	2025-10-07T08:03:38.7520750Z  * [new tag]           0.0.35                  -> 0.0.35
job-core	Checkout code	2025-10-07T08:03:38.7521190Z  * [new tag]           0.0.36                  -> 0.0.36
job-core	Checkout code	2025-10-07T08:03:38.7521656Z  * [new tag]           0.0.37                  -> 0.0.37
job-core	Checkout code	2025-10-07T08:03:38.7522102Z  * [new tag]           0.0.38                  -> 0.0.38
job-core	Checkout code	2025-10-07T08:03:38.7523050Z  * [new tag]           0.0.39                  -> 0.0.39
job-core	Checkout code	2025-10-07T08:03:38.7523516Z  * [new tag]           0.0.4                   -> 0.0.4
job-core	Checkout code	2025-10-07T08:03:38.7523972Z  * [new tag]           0.0.40                  -> 0.0.40
job-core	Checkout code	2025-10-07T08:03:38.7524397Z  * [new tag]           0.0.41                  -> 0.0.41
job-core	Checkout code	2025-10-07T08:03:38.7524806Z  * [new tag]           0.0.42                  -> 0.0.42
job-core	Checkout code	2025-10-07T08:03:38.7525206Z  * [new tag]           0.0.43                  -> 0.0.43
job-core	Checkout code	2025-10-07T08:03:38.7525614Z  * [new tag]           0.0.44                  -> 0.0.44
job-core	Checkout code	2025-10-07T08:03:38.7526016Z  * [new tag]           0.0.45                  -> 0.0.45
job-core	Checkout code	2025-10-07T08:03:38.7526423Z  * [new tag]           0.0.46                  -> 0.0.46
job-core	Checkout code	2025-10-07T08:03:38.7526828Z  * [new tag]           0.0.47                  -> 0.0.47
job-core	Checkout code	2025-10-07T08:03:38.7527229Z  * [new tag]           0.0.48                  -> 0.0.48
job-core	Checkout code	2025-10-07T08:03:38.7538071Z  * [new tag]           0.0.49                  -> 0.0.49
job-core	Checkout code	2025-10-07T08:03:38.7538573Z  * [new tag]           0.0.5                   -> 0.0.5
job-core	Checkout code	2025-10-07T08:03:38.7539372Z  * [new tag]           0.0.50                  -> 0.0.50
job-core	Checkout code	2025-10-07T08:03:38.7539818Z  * [new tag]           0.0.51                  -> 0.0.51
job-core	Checkout code	2025-10-07T08:03:38.7540249Z  * [new tag]           0.0.52                  -> 0.0.52
job-core	Checkout code	2025-10-07T08:03:38.7540683Z  * [new tag]           0.0.53                  -> 0.0.53
job-core	Checkout code	2025-10-07T08:03:38.7541100Z  * [new tag]           0.0.54                  -> 0.0.54
job-core	Checkout code	2025-10-07T08:03:38.7541509Z  * [new tag]           0.0.55                  -> 0.0.55
job-core	Checkout code	2025-10-07T08:03:38.7541968Z  * [new tag]           0.0.56                  -> 0.0.56
job-core	Checkout code	2025-10-07T08:03:38.7542426Z  * [new tag]           0.0.57                  -> 0.0.57
job-core	Checkout code	2025-10-07T08:03:38.7542875Z  * [new tag]           0.0.58                  -> 0.0.58
job-core	Checkout code	2025-10-07T08:03:38.7543407Z  * [new tag]           0.0.59                  -> 0.0.59
job-core	Checkout code	2025-10-07T08:03:38.7543877Z  * [new tag]           0.0.6                   -> 0.0.6
job-core	Checkout code	2025-10-07T08:03:38.7544359Z  * [new tag]           0.0.60                  -> 0.0.60
job-core	Checkout code	2025-10-07T08:03:38.7544815Z  * [new tag]           0.0.61                  -> 0.0.61
job-core	Checkout code	2025-10-07T08:03:38.7545263Z  * [new tag]           0.0.62                  -> 0.0.62
job-core	Checkout code	2025-10-07T08:03:38.7545744Z  * [new tag]           0.0.63                  -> 0.0.63
job-core	Checkout code	2025-10-07T08:03:38.7546252Z  * [new tag]           0.0.64                  -> 0.0.64
job-core	Checkout code	2025-10-07T08:03:38.7546695Z  * [new tag]           0.0.65                  -> 0.0.65
job-core	Checkout code	2025-10-07T08:03:38.7547191Z  * [new tag]           0.0.66                  -> 0.0.66
job-core	Checkout code	2025-10-07T08:03:38.7547802Z  * [new tag]           0.0.67                  -> 0.0.67
job-core	Checkout code	2025-10-07T08:03:38.7548207Z  * [new tag]           0.0.68                  -> 0.0.68
job-core	Checkout code	2025-10-07T08:03:38.7548607Z  * [new tag]           0.0.69                  -> 0.0.69
job-core	Checkout code	2025-10-07T08:03:38.7549012Z  * [new tag]           0.0.7                   -> 0.0.7
job-core	Checkout code	2025-10-07T08:03:38.7549420Z  * [new tag]           0.0.70                  -> 0.0.70
job-core	Checkout code	2025-10-07T08:03:38.7549842Z  * [new tag]           0.0.71                  -> 0.0.71
job-core	Checkout code	2025-10-07T08:03:38.7550255Z  * [new tag]           0.0.72                  -> 0.0.72
job-core	Checkout code	2025-10-07T08:03:38.7550658Z  * [new tag]           0.0.73                  -> 0.0.73
job-core	Checkout code	2025-10-07T08:03:38.7551067Z  * [new tag]           0.0.74                  -> 0.0.74
job-core	Checkout code	2025-10-07T08:03:38.7551466Z  * [new tag]           0.0.75                  -> 0.0.75
job-core	Checkout code	2025-10-07T08:03:38.7551879Z  * [new tag]           0.0.76                  -> 0.0.76
job-core	Checkout code	2025-10-07T08:03:38.7552280Z  * [new tag]           0.0.77                  -> 0.0.77
job-core	Checkout code	2025-10-07T08:03:38.7552721Z  * [new tag]           0.0.78                  -> 0.0.78
job-core	Checkout code	2025-10-07T08:03:38.7553131Z  * [new tag]           0.0.79                  -> 0.0.79
job-core	Checkout code	2025-10-07T08:03:38.7553532Z  * [new tag]           0.0.8                   -> 0.0.8
job-core	Checkout code	2025-10-07T08:03:38.7553928Z  * [new tag]           0.0.80                  -> 0.0.80
job-core	Checkout code	2025-10-07T08:03:38.7554335Z  * [new tag]           0.0.81                  -> 0.0.81
job-core	Checkout code	2025-10-07T08:03:38.7554932Z  * [new tag]           0.0.82                  -> 0.0.82
job-core	Checkout code	2025-10-07T08:03:38.7555342Z  * [new tag]           0.0.83                  -> 0.0.83
job-core	Checkout code	2025-10-07T08:03:38.7555745Z  * [new tag]           0.0.84                  -> 0.0.84
job-core	Checkout code	2025-10-07T08:03:38.7556149Z  * [new tag]           0.0.85                  -> 0.0.85
job-core	Checkout code	2025-10-07T08:03:38.7556550Z  * [new tag]           0.0.86                  -> 0.0.86
job-core	Checkout code	2025-10-07T08:03:38.7556949Z  * [new tag]           0.0.87                  -> 0.0.87
job-core	Checkout code	2025-10-07T08:03:38.7587501Z  * [new tag]           0.0.88                  -> 0.0.88
job-core	Checkout code	2025-10-07T08:03:38.7588170Z  * [new tag]           0.0.89                  -> 0.0.89
job-core	Checkout code	2025-10-07T08:03:38.7588586Z  * [new tag]           0.0.9                   -> 0.0.9
job-core	Checkout code	2025-10-07T08:03:38.7588992Z  * [new tag]           0.0.90                  -> 0.0.90
job-core	Checkout code	2025-10-07T08:03:38.7589634Z  * [new tag]           0.0.91                  -> 0.0.91
job-core	Checkout code	2025-10-07T08:03:38.7590049Z  * [new tag]           0.0.92                  -> 0.0.92
job-core	Checkout code	2025-10-07T08:03:38.7590490Z  * [new tag]           0.0.93                  -> 0.0.93
job-core	Checkout code	2025-10-07T08:03:38.7591099Z  * [new tag]           0.0.94                  -> 0.0.94
job-core	Checkout code	2025-10-07T08:03:38.7591502Z  * [new tag]           0.0.95                  -> 0.0.95
job-core	Checkout code	2025-10-07T08:03:38.7592048Z  * [new tag]           0.0.96                  -> 0.0.96
job-core	Checkout code	2025-10-07T08:03:38.7592460Z  * [new tag]           0.0.97                  -> 0.0.97
job-core	Checkout code	2025-10-07T08:03:38.7592896Z  * [new tag]           0.0.98                  -> 0.0.98
job-core	Checkout code	2025-10-07T08:03:38.7593332Z  * [new tag]           0.0.99                  -> 0.0.99
job-core	Checkout code	2025-10-07T08:03:38.7593755Z  * [new tag]           0.1.0                   -> 0.1.0
job-core	Checkout code	2025-10-07T08:03:38.7594190Z  * [new tag]           0.1.1                   -> 0.1.1
job-core	Checkout code	2025-10-07T08:03:38.7594626Z  * [new tag]           0.2.0                   -> 0.2.0
job-core	Checkout code	2025-10-07T08:03:38.7595032Z  * [new tag]           0.3.0                   -> 0.3.0
job-core	Checkout code	2025-10-07T08:03:38.7595457Z  * [new tag]           0.3.1                   -> 0.3.1
job-core	Checkout code	2025-10-07T08:03:38.7595923Z  * [new tag]           0.3.10                  -> 0.3.10
job-core	Checkout code	2025-10-07T08:03:38.7596389Z  * [new tag]           0.3.11                  -> 0.3.11
job-core	Checkout code	2025-10-07T08:03:38.7596822Z  * [new tag]           0.3.12                  -> 0.3.12
job-core	Checkout code	2025-10-07T08:03:38.7597232Z  * [new tag]           0.3.13                  -> 0.3.13
job-core	Checkout code	2025-10-07T08:03:38.7597774Z  * [new tag]           0.3.14                  -> 0.3.14
job-core	Checkout code	2025-10-07T08:03:38.7598214Z  * [new tag]           0.3.15                  -> 0.3.15
job-core	Checkout code	2025-10-07T08:03:38.7598689Z  * [new tag]           0.3.16                  -> 0.3.16
job-core	Checkout code	2025-10-07T08:03:38.7599157Z  * [new tag]           0.3.17                  -> 0.3.17
job-core	Checkout code	2025-10-07T08:03:38.7599595Z  * [new tag]           0.3.2                   -> 0.3.2
job-core	Checkout code	2025-10-07T08:03:38.7600041Z  * [new tag]           0.3.3                   -> 0.3.3
job-core	Checkout code	2025-10-07T08:03:38.7600500Z  * [new tag]           0.3.4                   -> 0.3.4
job-core	Checkout code	2025-10-07T08:03:38.7600948Z  * [new tag]           0.3.5                   -> 0.3.5
job-core	Checkout code	2025-10-07T08:03:38.7601422Z  * [new tag]           0.3.6                   -> 0.3.6
job-core	Checkout code	2025-10-07T08:03:38.7601945Z  * [new tag]           0.3.7                   -> 0.3.7
job-core	Checkout code	2025-10-07T08:03:38.7602398Z  * [new tag]           0.3.8                   -> 0.3.8
job-core	Checkout code	2025-10-07T08:03:38.7602859Z  * [new tag]           0.3.9                   -> 0.3.9
job-core	Checkout code	2025-10-07T08:03:38.7603271Z  * [new tag]           0.4.0                   -> 0.4.0
job-core	Checkout code	2025-10-07T08:03:38.7603682Z  * [new tag]           0.4.1                   -> 0.4.1
job-core	Checkout code	2025-10-07T08:03:38.7604088Z  * [new tag]           0.4.10                  -> 0.4.10
job-core	Checkout code	2025-10-07T08:03:38.7604496Z  * [new tag]           0.4.2                   -> 0.4.2
job-core	Checkout code	2025-10-07T08:03:38.7604899Z  * [new tag]           0.4.3                   -> 0.4.3
job-core	Checkout code	2025-10-07T08:03:38.7605290Z  * [new tag]           0.4.4                   -> 0.4.4
job-core	Checkout code	2025-10-07T08:03:38.7605764Z  * [new tag]           0.4.5                   -> 0.4.5
job-core	Checkout code	2025-10-07T08:03:38.7606245Z  * [new tag]           0.4.6                   -> 0.4.6
job-core	Checkout code	2025-10-07T08:03:38.7607510Z  * [new tag]           0.4.7                   -> 0.4.7
job-core	Checkout code	2025-10-07T08:03:38.7607958Z  * [new tag]           0.4.8                   -> 0.4.8
job-core	Checkout code	2025-10-07T08:03:38.7608380Z  * [new tag]           0.4.9                   -> 0.4.9
job-core	Checkout code	2025-10-07T08:03:38.7899403Z [command]/usr/bin/git branch --list --remote origin/H1646-modulo-de-control-de-runners
job-core	Checkout code	2025-10-07T08:03:38.7990874Z   origin/H1646-modulo-de-control-de-runners
job-core	Checkout code	2025-10-07T08:03:38.8025962Z [command]/usr/bin/git rev-parse refs/remotes/origin/H1646-modulo-de-control-de-runners
job-core	Checkout code	2025-10-07T08:03:38.8060810Z 5c58d8127b900e21574c32ea8c22511d44b80051
job-core	Checkout code	2025-10-07T08:03:38.8073660Z ##[endgroup]
job-core	Checkout code	2025-10-07T08:03:38.8083446Z ##[group]Determining the checkout info
job-core	Checkout code	2025-10-07T08:03:38.8086079Z ##[endgroup]
job-core	Checkout code	2025-10-07T08:03:38.8094566Z [command]/usr/bin/git sparse-checkout disable
job-core	Checkout code	2025-10-07T08:03:38.8184165Z [command]/usr/bin/git config --local --unset-all extensions.worktreeConfig
job-core	Checkout code	2025-10-07T08:03:38.8246890Z ##[group]Checking out the ref
job-core	Checkout code	2025-10-07T08:03:38.8260460Z [command]/usr/bin/git checkout --progress --force -B H1646-modulo-de-control-de-runners refs/remotes/origin/H1646-modulo-de-control-de-runners
job-core	Checkout code	2025-10-07T08:03:39.8388267Z Updating files:  88% (743/839)
job-core	Checkout code	2025-10-07T08:03:39.8391708Z Updating files:  89% (747/839)
job-core	Checkout code	2025-10-07T08:03:39.8394870Z Updating files:  90% (756/839)
job-core	Checkout code	2025-10-07T08:03:39.8398069Z Updating files:  91% (764/839)
job-core	Checkout code	2025-10-07T08:03:39.8401444Z Updating files:  92% (772/839)
job-core	Checkout code	2025-10-07T08:03:39.8404438Z Updating files:  93% (781/839)
job-core	Checkout code	2025-10-07T08:03:39.8404952Z Updating files:  94% (789/839)
job-core	Checkout code	2025-10-07T08:03:39.8405833Z Updating files:  95% (798/839)
job-core	Checkout code	2025-10-07T08:03:39.8406275Z Updating files:  96% (806/839)
job-core	Checkout code	2025-10-07T08:03:39.8406949Z Updating files:  97% (814/839)
job-core	Checkout code	2025-10-07T08:03:39.8410422Z Updating files:  98% (823/839)
job-core	Checkout code	2025-10-07T08:03:39.8415784Z Updating files:  99% (831/839)
job-core	Checkout code	2025-10-07T08:03:39.8416314Z Updating files: 100% (839/839)
job-core	Checkout code	2025-10-07T08:03:39.8416758Z Updating files: 100% (839/839), done.
job-core	Checkout code	2025-10-07T08:03:39.8473370Z Switched to a new branch 'H1646-modulo-de-control-de-runners'
job-core	Checkout code	2025-10-07T08:03:39.8478442Z branch 'H1646-modulo-de-control-de-runners' set up to track 'origin/H1646-modulo-de-control-de-runners'.
job-core	Checkout code	2025-10-07T08:03:39.8673693Z ##[endgroup]
job-core	Checkout code	2025-10-07T08:03:39.8741687Z [command]/usr/bin/git log -1 --format=%H
job-core	Checkout code	2025-10-07T08:03:39.8848799Z 5c58d8127b900e21574c32ea8c22511d44b80051
job-core	Install Node.js	﻿2025-10-07T08:03:39.9392619Z ##[group]Run actions/setup-node@v2
job-core	Install Node.js	2025-10-07T08:03:39.9392929Z with:
job-core	Install Node.js	2025-10-07T08:03:39.9393117Z   node-version: 14
job-core	Install Node.js	2025-10-07T08:03:39.9393330Z   always-auth: false
job-core	Install Node.js	2025-10-07T08:03:39.9393548Z   check-latest: false
job-core	Install Node.js	2025-10-07T08:03:39.9393911Z   token: ***
job-core	Install Node.js	2025-10-07T08:03:39.9394102Z env:
job-core	Install Node.js	2025-10-07T08:03:39.9394290Z   KAOS_MODULE: [Ka0S] JSONLINT
job-core	Install Node.js	2025-10-07T08:03:39.9394627Z   GH_TOKEN: ***
job-core	Install Node.js	2025-10-07T08:03:39.9394866Z   KAOS_JSONLINT_CONFIG: core/config/.jsonlint.json
job-core	Install Node.js	2025-10-07T08:03:39.9395194Z   KAOS_PATH_RESUME: audit/jsonlint/
job-core	Install Node.js	2025-10-07T08:03:39.9395506Z   KAOS_REPO: /actions-runner/_work/kaos/kaos
job-core	Install Node.js	2025-10-07T08:03:39.9395795Z   KAOS_STEP_MODULE: 
job-core	Install Node.js	2025-10-07T08:03:39.9396014Z   KAOS_CODE: 18306107398
job-core	Install Node.js	2025-10-07T08:03:39.9444722Z   KAOS_REF_BRANCH: main
job-core	Install Node.js	2025-10-07T08:03:39.9445091Z ##[endgroup]
job-core	Install Node.js	2025-10-07T08:03:40.1315913Z Attempting to download 14...
job-core	Install Node.js	2025-10-07T08:03:40.9809044Z Acquiring 14.21.3 - x64 from https://github.com/actions/node-versions/releases/download/14.21.3-4202774076/node-14.21.3-linux-x64.tar.gz
job-core	Install Node.js	2025-10-07T08:03:41.7718397Z Extracting ...
job-core	Install Node.js	2025-10-07T08:03:41.7827505Z [command]/usr/bin/tar xz --strip 1 --warning=no-unknown-keyword --overwrite -C /home/runner/_work/_temp/4141aa0d-eb71-47ef-8460-940038d11b61 -f /home/runner/_work/_temp/5adba0e5-13b8-42ec-a02a-1f548b571bdc
job-core	Install Node.js	2025-10-07T08:03:42.7675826Z Adding to the cache ...
job-core	Install Node.js	2025-10-07T08:03:45.9404402Z Done
job-core	Install jsonlint	﻿2025-10-07T08:03:45.9817514Z ##[group]Run if ! command -v jsonlint &> /dev/null; then
job-core	Install jsonlint	2025-10-07T08:03:45.9818324Z [36;1mif ! command -v jsonlint &> /dev/null; then[0m
job-core	Install jsonlint	2025-10-07T08:03:45.9819065Z [36;1m  echo "Installing jsonlint..."[0m
job-core	Install jsonlint	2025-10-07T08:03:45.9819377Z [36;1m  npm install -g jsonlint[0m
job-core	Install jsonlint	2025-10-07T08:03:45.9819652Z [36;1melse[0m
job-core	Install jsonlint	2025-10-07T08:03:45.9819968Z [36;1m  echo "jsonlint already installed, skipping installation"[0m
job-core	Install jsonlint	2025-10-07T08:03:45.9820349Z [36;1mfi[0m
job-core	Install jsonlint	2025-10-07T08:03:45.9820679Z [36;1mmkdir -p audit/jsonlint/[0m
job-core	Install jsonlint	2025-10-07T08:03:45.9872141Z shell: /usr/bin/bash -e {0}
job-core	Install jsonlint	2025-10-07T08:03:45.9872445Z env:
job-core	Install jsonlint	2025-10-07T08:03:45.9872656Z   KAOS_MODULE: [Ka0S] JSONLINT
job-core	Install jsonlint	2025-10-07T08:03:45.9873190Z   GH_TOKEN: ***
job-core	Install jsonlint	2025-10-07T08:03:45.9873440Z   KAOS_JSONLINT_CONFIG: core/config/.jsonlint.json
job-core	Install jsonlint	2025-10-07T08:03:45.9873772Z   KAOS_PATH_RESUME: audit/jsonlint/
job-core	Install jsonlint	2025-10-07T08:03:45.9874075Z   KAOS_REPO: /actions-runner/_work/kaos/kaos
job-core	Install jsonlint	2025-10-07T08:03:45.9874365Z   KAOS_STEP_MODULE: 
job-core	Install jsonlint	2025-10-07T08:03:45.9874644Z   KAOS_CODE: 18306107398
job-core	Install jsonlint	2025-10-07T08:03:45.9874869Z   KAOS_REF_BRANCH: main
job-core	Install jsonlint	2025-10-07T08:03:45.9875088Z ##[endgroup]
job-core	Install jsonlint	2025-10-07T08:03:45.9994984Z Installing jsonlint...
job-core	Install jsonlint	2025-10-07T08:03:47.0559420Z npm WARN deprecated nomnom@1.8.1: Package no longer supported. Contact support@npmjs.com for more info.
job-core	Install jsonlint	2025-10-07T08:03:47.6808972Z /home/runner/_work/_tool/node/14.21.3/x64/bin/jsonlint -> /home/runner/_work/_tool/node/14.21.3/x64/lib/node_modules/jsonlint/lib/cli.js
job-core	Install jsonlint	2025-10-07T08:03:47.6869748Z + jsonlint@1.6.3
job-core	Install jsonlint	2025-10-07T08:03:47.6871681Z added 8 packages from 5 contributors in 1.021s
job-core	Check JSON	﻿2025-10-07T08:03:47.7256142Z ##[group]Run # Invocamos la primera comprobación de base, sino se supera el proceso no continua
job-core	Check JSON	2025-10-07T08:03:47.7257219Z [36;1m# Invocamos la primera comprobación de base, sino se supera el proceso no continua[0m
job-core	Check JSON	2025-10-07T08:03:47.7257883Z [36;1m# Extraemos el nombre del fichero[0m
job-core	Check JSON	2025-10-07T08:03:47.7258264Z [36;1mfile_name=$(basename "audit/inspector/18305477279.json")[0m
job-core	Check JSON	2025-10-07T08:03:47.7258669Z [36;1m# Generamos el fichero de resultados vacio[0m
job-core	Check JSON	2025-10-07T08:03:47.7259086Z [36;1mtouch audit/jsonlint/jsonlint-results-18306107398.txt[0m
job-core	Check JSON	2025-10-07T08:03:47.7259523Z [36;1m# Realizamos el check del documento json [0m
job-core	Check JSON	2025-10-07T08:03:47.7260183Z [36;1mjsonlint --pretty-print audit/inspector/18305477279.json > audit/jsonlint/jsonlint-results-18306107398.txt || true[0m
job-core	Check JSON	2025-10-07T08:03:47.7260840Z [36;1m# Check if exist errors in file[0m
job-core	Check JSON	2025-10-07T08:03:47.7261264Z [36;1mif [ ! -s audit/jsonlint/jsonlint-results-18306107398.txt ]; then[0m
job-core	Check JSON	2025-10-07T08:03:47.7261908Z [36;1m  echo "File audit/jsonlint/jsonlint-results-18306107398.txt is empty and is content correct"[0m
job-core	Check JSON	2025-10-07T08:03:47.7263363Z [36;1m  KAOS_ISSUE_BODY="The [Ka0S] JSONLINT process (18306095664) launch the check (18306107398) over file (audit/inspector/18305477279.json) and its result has been SUCCESS. Please review all files implicated in pull request and approve to merge"[0m
job-core	Check JSON	2025-10-07T08:03:47.7264611Z [36;1m  # Añadimos la versión de jsonlint con la que se realiza la comprobacion[0m
job-core	Check JSON	2025-10-07T08:03:47.7265204Z [36;1m  jsonlint --version >> audit/jsonlint/jsonlint-results-18306107398.txt[0m
job-core	Check JSON	2025-10-07T08:03:47.7265780Z [36;1m  # añadimos el nombre del fichero que vamos a comprobar[0m
job-core	Check JSON	2025-10-07T08:03:47.7266389Z [36;1m  echo "Finding: audit/inspector/18305477279.json" >> audit/jsonlint/jsonlint-results-18306107398.txt[0m
job-core	Check JSON	2025-10-07T08:03:47.7266978Z [36;1m  gh issue comment  1646 -b "$KAOS_ISSUE_BODY" [0m
job-core	Check JSON	2025-10-07T08:03:47.7267303Z [36;1melse[0m
job-core	Check JSON	2025-10-07T08:03:47.7275703Z [36;1m  cat audit/jsonlint/jsonlint-results-18306107398.txt[0m
job-core	Check JSON	2025-10-07T08:03:47.7276582Z [36;1m  echo "File audit/jsonlint/jsonlint-results-18306107398.txt is not empty and is content not correct and write commit info"[0m
job-core	Check JSON	2025-10-07T08:03:47.7278009Z [36;1m  KAOS_ISSUE_BODY="The [Ka0S] JSONLINT process (18306095664) launch the check (18306107398) over file (audit/inspector/18305477279.json) and its result has been FAILED, please check and solved it"[0m
job-core	Check JSON	2025-10-07T08:03:47.7279262Z [36;1m  # Añadimos la versión de jsonlint con la que se realiza la comprobacion[0m
job-core	Check JSON	2025-10-07T08:03:47.7280429Z [36;1m  jsonlint --version || true >> audit/jsonlint/jsonlint-results-18306107398.txt[0m
job-core	Check JSON	2025-10-07T08:03:47.7280943Z [36;1m  # añadimos el nombre del fichero que vamos a comprobar[0m
job-core	Check JSON	2025-10-07T08:03:47.7281548Z [36;1m  echo "Finding: audit/inspector/18305477279.json" >> audit/jsonlint/jsonlint-results-18306107398.txt[0m
job-core	Check JSON	2025-10-07T08:03:47.7282126Z [36;1m  gh issue comment  1646 -b "$KAOS_ISSUE_BODY" [0m
job-core	Check JSON	2025-10-07T08:03:47.7282457Z [36;1mfi[0m
job-core	Check JSON	2025-10-07T08:03:47.7282717Z [36;1mecho "Uploading files to the repository..."[0m
job-core	Check JSON	2025-10-07T08:03:47.7283309Z [36;1mgit config --global user.name "***"[0m
job-core	Check JSON	2025-10-07T08:03:47.7283727Z [36;1mgit config --global user.email "***"[0m
job-core	Check JSON	2025-10-07T08:03:47.7284041Z [36;1mgit pull --rebase[0m
job-core	Check JSON	2025-10-07T08:03:47.7284300Z [36;1mgit add audit/jsonlint/*[0m
job-core	Check JSON	2025-10-07T08:03:47.7284589Z [36;1mif ! git diff --staged --quiet; then[0m
job-core	Check JSON	2025-10-07T08:03:47.7285077Z [36;1m  git commit -m "[Ka0S] Uploading jsonlint resume execution files to the repository..."[0m
job-core	Check JSON	2025-10-07T08:03:47.7285744Z [36;1m  git push origin refs/heads/H1646-modulo-de-control-de-runners --force-with-lease[0m
job-core	Check JSON	2025-10-07T08:03:47.7286201Z [36;1mfi[0m
job-core	Check JSON	2025-10-07T08:03:47.7336064Z shell: /usr/bin/bash -e {0}
job-core	Check JSON	2025-10-07T08:03:47.7336417Z env:
job-core	Check JSON	2025-10-07T08:03:47.7336678Z   KAOS_MODULE: [Ka0S] JSONLINT
job-core	Check JSON	2025-10-07T08:03:47.7337272Z   GH_TOKEN: ***
job-core	Check JSON	2025-10-07T08:03:47.7337656Z   KAOS_JSONLINT_CONFIG: core/config/.jsonlint.json
job-core	Check JSON	2025-10-07T08:03:47.7338513Z   KAOS_PATH_RESUME: audit/jsonlint/
job-core	Check JSON	2025-10-07T08:03:47.7338822Z   KAOS_REPO: /actions-runner/_work/kaos/kaos
job-core	Check JSON	2025-10-07T08:03:47.7339128Z   KAOS_STEP_MODULE: 
job-core	Check JSON	2025-10-07T08:03:47.7339355Z   KAOS_CODE: 18306107398
job-core	Check JSON	2025-10-07T08:03:47.7339588Z   KAOS_REF_BRANCH: main
job-core	Check JSON	2025-10-07T08:03:47.7339822Z ##[endgroup]
job-core	Check JSON	2025-10-07T08:03:47.9029981Z {
job-core	Check JSON	2025-10-07T08:03:47.9034482Z   "conclusion": "failure",
job-core	Check JSON	2025-10-07T08:03:47.9049042Z   "createdAt": "2025-10-07T07:34:05Z",
job-core	Check JSON	2025-10-07T08:03:47.9049667Z   "databaseId": 18305477279,
job-core	Check JSON	2025-10-07T08:03:47.9050288Z   "event": "workflow_dispatch",
job-core	Check JSON	2025-10-07T08:03:47.9050847Z   "headBranch": "H1646-modulo-de-control-de-runners",
job-core	Check JSON	2025-10-07T08:03:47.9051426Z   "headSha": "a143e99361d3401565a4f50a0584b74781a65869",
job-core	Check JSON	2025-10-07T08:03:47.9051995Z   "name": "Ka0s Scan Directories and Trigger Workflows",
job-core	Check JSON	2025-10-07T08:03:47.9052530Z   "status": "completed",
job-core	Check JSON	2025-10-07T08:03:47.9053035Z   "updatedAt": "2025-10-07T07:37:48Z",
job-core	Check JSON	2025-10-07T08:03:47.9053709Z   "url": "https://github.com/Ka0s-Klaus/ka0s/actions/runs/18305477279",
job-core	Check JSON	2025-10-07T08:03:47.9122496Z   "workflowDatabaseId": 195548819
job-core	Check JSON	2025-10-07T08:03:47.9123828Z }
job-core	Check JSON	2025-10-07T08:03:47.9125159Z File audit/jsonlint/jsonlint-results-18306107398.txt is not empty and is content not correct and write commit info
job-core	Check JSON	2025-10-07T08:03:48.0500860Z 1.6.3
job-core	Check JSON	2025-10-07T08:03:49.0474304Z https://github.com/Ka0s-Klaus/ka0s/issues/1646#issuecomment-3375662508
job-core	Check JSON	2025-10-07T08:03:49.0490681Z Uploading files to the repository...
job-core	Check JSON	2025-10-07T08:03:51.0203080Z Already up to date.
job-core	Check JSON	2025-10-07T08:03:51.0375952Z [H1646-modulo-de-control-de-runners 9990ac5b] [Ka0S] Uploading jsonlint resume execution files to the repository...
job-core	Check JSON	2025-10-07T08:03:51.0380268Z  1 file changed, 14 insertions(+)
job-core	Check JSON	2025-10-07T08:03:51.0380709Z  create mode 100644 audit/jsonlint/jsonlint-results-18306107398.txt
job-core	Check JSON	2025-10-07T08:03:51.9299091Z To https://github.com/Ka0s-Klaus/ka0s
job-core	Check JSON	2025-10-07T08:03:51.9299844Z    5c58d812..9990ac5b  H1646-modulo-de-control-de-runners -> H1646-modulo-de-control-de-runners
job-core	Post Install Node.js	﻿2025-10-07T08:03:51.9478242Z Post job cleanup.
job-core	Post Checkout code	﻿2025-10-07T08:03:52.0780885Z Post job cleanup.
job-core	Post Checkout code	2025-10-07T08:03:52.1951669Z [command]/usr/bin/git version
job-core	Post Checkout code	2025-10-07T08:03:52.1993985Z git version 2.51.0
job-core	Post Checkout code	2025-10-07T08:03:52.2036988Z Copying '/home/runner/.gitconfig' to '/home/runner/_work/_temp/eed93446-0e26-40f4-898b-4e228fcb6a51/.gitconfig'
job-core	Post Checkout code	2025-10-07T08:03:52.2048728Z Temporarily overriding HOME='/home/runner/_work/_temp/eed93446-0e26-40f4-898b-4e228fcb6a51' before making global git config changes
job-core	Post Checkout code	2025-10-07T08:03:52.2049956Z Adding repository directory to the temporary git global config as a safe directory
job-core	Post Checkout code	2025-10-07T08:03:52.2053881Z [command]/usr/bin/git config --global --add safe.directory /home/runner/_work/ka0s/ka0s
job-core	Post Checkout code	2025-10-07T08:03:52.2095930Z [command]/usr/bin/git config --local --name-only --get-regexp core\.sshCommand
job-core	Post Checkout code	2025-10-07T08:03:52.2143576Z [command]/usr/bin/git submodule foreach --recursive sh -c "git config --local --name-only --get-regexp 'core\.sshCommand' && git config --local --unset-all 'core.sshCommand' || :"
job-core	Post Checkout code	2025-10-07T08:03:52.2418778Z [command]/usr/bin/git config --local --name-only --get-regexp http\.https\:\/\/github\.com\/\.extraheader
job-core	Post Checkout code	2025-10-07T08:03:52.2444048Z http.https://github.com/.extraheader
job-core	Post Checkout code	2025-10-07T08:03:52.2456848Z [command]/usr/bin/git config --local --unset-all http.https://github.com/.extraheader
job-core	Post Checkout code	2025-10-07T08:03:52.2533762Z [command]/usr/bin/git submodule foreach --recursive sh -c "git config --local --name-only --get-regexp 'http\.https\:\/\/github\.com\/\.extraheader' && git config --local --unset-all 'http.https://github.com/.extraheader' || :"
job-core	Complete job	﻿2025-10-07T08:03:52.3154716Z Cleaning up orphan processes
handle-success	Set up job	﻿2025-10-07T08:04:40.6450859Z Current runner version: '2.328.0'
handle-success	Set up job	2025-10-07T08:04:40.6466358Z Runner name: '0144f1e529f7'
handle-success	Set up job	2025-10-07T08:04:40.6468398Z Runner group name: 'swarm-runners'
handle-success	Set up job	2025-10-07T08:04:40.6470537Z Machine name: '0144f1e529f7'
handle-success	Set up job	2025-10-07T08:04:40.6477818Z ##[group]GITHUB_TOKEN Permissions
handle-success	Set up job	2025-10-07T08:04:40.6482716Z Actions: write
handle-success	Set up job	2025-10-07T08:04:40.6484085Z Contents: write
handle-success	Set up job	2025-10-07T08:04:40.6485159Z Issues: write
handle-success	Set up job	2025-10-07T08:04:40.6486363Z Metadata: read
handle-success	Set up job	2025-10-07T08:04:40.6590128Z PullRequests: write
handle-success	Set up job	2025-10-07T08:04:40.6591482Z ##[endgroup]
handle-success	Set up job	2025-10-07T08:04:40.6596272Z Secret source: Actions
handle-success	Set up job	2025-10-07T08:04:40.6597582Z Prepare workflow directory
handle-success	Set up job	2025-10-07T08:04:40.7955946Z Prepare all required actions
handle-success	Set up job	2025-10-07T08:04:40.8142183Z Getting action download info
handle-success	Set up job	2025-10-07T08:04:41.4464633Z Download action repository 'actions/checkout@v4' (SHA:08eba0b27e820071cde6df949e0beb9ba4906955)
handle-success	Set up job	2025-10-07T08:04:42.3758240Z Complete job name: handle-success
handle-success	Checkout code	﻿2025-10-07T08:04:42.5123338Z ##[group]Run actions/checkout@v4
handle-success	Checkout code	2025-10-07T08:04:42.5126417Z with:
handle-success	Checkout code	2025-10-07T08:04:42.5127647Z   fetch-depth: 0
handle-success	Checkout code	2025-10-07T08:04:42.5130362Z   token: ***
handle-success	Checkout code	2025-10-07T08:04:42.5131640Z   repository: Ka0s-Klaus/ka0s
handle-success	Checkout code	2025-10-07T08:04:42.5133222Z   ssh-strict: true
handle-success	Checkout code	2025-10-07T08:04:42.5134786Z   ssh-user: git
handle-success	Checkout code	2025-10-07T08:04:42.5136466Z   persist-credentials: true
handle-success	Checkout code	2025-10-07T08:04:42.5137971Z   clean: true
handle-success	Checkout code	2025-10-07T08:04:42.5139762Z   sparse-checkout-cone-mode: true
handle-success	Checkout code	2025-10-07T08:04:42.5141516Z   fetch-tags: false
handle-success	Checkout code	2025-10-07T08:04:42.5142953Z   show-progress: true
handle-success	Checkout code	2025-10-07T08:04:42.5144620Z   lfs: false
handle-success	Checkout code	2025-10-07T08:04:42.5146357Z   submodules: false
handle-success	Checkout code	2025-10-07T08:04:42.5147855Z   set-safe-directory: true
handle-success	Checkout code	2025-10-07T08:04:42.5150808Z env:
handle-success	Checkout code	2025-10-07T08:04:42.5152274Z   KAOS_MODULE: [Ka0S] JSONLINT
handle-success	Checkout code	2025-10-07T08:04:42.5154689Z   GH_TOKEN: ***
handle-success	Checkout code	2025-10-07T08:04:42.5156275Z   KAOS_JSONLINT_CONFIG: core/config/.jsonlint.json
handle-success	Checkout code	2025-10-07T08:04:42.5158057Z   KAOS_PATH_RESUME: audit/jsonlint/
handle-success	Checkout code	2025-10-07T08:04:42.5160788Z   KAOS_REPO: /actions-runner/_work/kaos/kaos
handle-success	Checkout code	2025-10-07T08:04:42.5162623Z   KAOS_STEP_MODULE: 
handle-success	Checkout code	2025-10-07T08:04:42.5164236Z   KAOS_CODE: 18306107398
handle-success	Checkout code	2025-10-07T08:04:42.5166090Z   KAOS_REF_BRANCH: main
handle-success	Checkout code	2025-10-07T08:04:42.5167594Z ##[endgroup]
handle-success	Checkout code	2025-10-07T08:04:42.8134624Z Syncing repository: Ka0s-Klaus/ka0s
handle-success	Checkout code	2025-10-07T08:04:42.8138855Z ##[group]Getting Git version info
handle-success	Checkout code	2025-10-07T08:04:42.8140886Z Working directory is '/home/runner/_work/ka0s/ka0s'
handle-success	Checkout code	2025-10-07T08:04:42.8144292Z [command]/usr/bin/git version
handle-success	Checkout code	2025-10-07T08:04:42.8147754Z git version 2.51.0
handle-success	Checkout code	2025-10-07T08:04:42.8151889Z ##[endgroup]
handle-success	Checkout code	2025-10-07T08:04:42.8169031Z Copying '/home/runner/.gitconfig' to '/home/runner/_work/_temp/072c54c7-3111-427a-96c8-2955e0c3be61/.gitconfig'
handle-success	Checkout code	2025-10-07T08:04:42.8176650Z Temporarily overriding HOME='/home/runner/_work/_temp/072c54c7-3111-427a-96c8-2955e0c3be61' before making global git config changes
handle-success	Checkout code	2025-10-07T08:04:42.8184824Z Adding repository directory to the temporary git global config as a safe directory
handle-success	Checkout code	2025-10-07T08:04:42.8187607Z [command]/usr/bin/git config --global --add safe.directory /home/runner/_work/ka0s/ka0s
handle-success	Checkout code	2025-10-07T08:04:42.8248725Z [command]/usr/bin/git config --local --get remote.origin.url
handle-success	Checkout code	2025-10-07T08:04:42.8320596Z https://github.com/Ka0s-Klaus/ka0s
handle-success	Checkout code	2025-10-07T08:04:42.8366852Z ##[group]Removing previously created refs, to avoid conflicts
handle-success	Checkout code	2025-10-07T08:04:42.8377223Z [command]/usr/bin/git rev-parse --symbolic-full-name --verify --quiet HEAD
handle-success	Checkout code	2025-10-07T08:04:42.8417079Z refs/heads/H1646-modulo-de-control-de-runners
handle-success	Checkout code	2025-10-07T08:04:42.8447923Z [command]/usr/bin/git checkout --detach
handle-success	Checkout code	2025-10-07T08:04:42.8647080Z HEAD is now at b4ddde9e [Ka0S] Uploading jsonlint resume execution files to the repository...
handle-success	Checkout code	2025-10-07T08:04:42.8855334Z [command]/usr/bin/git branch --delete --force H1646-modulo-de-control-de-runners
handle-success	Checkout code	2025-10-07T08:04:42.8932406Z Deleted branch H1646-modulo-de-control-de-runners (was b4ddde9e).
handle-success	Checkout code	2025-10-07T08:04:42.9061278Z ##[endgroup]
handle-success	Checkout code	2025-10-07T08:04:42.9067929Z [command]/usr/bin/git submodule status
handle-success	Checkout code	2025-10-07T08:04:42.9679299Z ##[group]Cleaning the repository
handle-success	Checkout code	2025-10-07T08:04:42.9687637Z [command]/usr/bin/git clean -ffdx
handle-success	Checkout code	2025-10-07T08:04:42.9805533Z [command]/usr/bin/git reset --hard HEAD
handle-success	Checkout code	2025-10-07T08:04:43.0135808Z HEAD is now at b4ddde9e [Ka0S] Uploading jsonlint resume execution files to the repository...
handle-success	Checkout code	2025-10-07T08:04:43.0142218Z ##[endgroup]
handle-success	Checkout code	2025-10-07T08:04:43.0144891Z ##[group]Disabling automatic garbage collection
handle-success	Checkout code	2025-10-07T08:04:43.0160786Z [command]/usr/bin/git config --local gc.auto 0
handle-success	Checkout code	2025-10-07T08:04:43.0165966Z ##[endgroup]
handle-success	Checkout code	2025-10-07T08:04:43.0168129Z ##[group]Setting up auth
handle-success	Checkout code	2025-10-07T08:04:43.0172721Z [command]/usr/bin/git config --local --name-only --get-regexp core\.sshCommand
handle-success	Checkout code	2025-10-07T08:04:43.0182924Z [command]/usr/bin/git submodule foreach --recursive sh -c "git config --local --name-only --get-regexp 'core\.sshCommand' && git config --local --unset-all 'core.sshCommand' || :"
handle-success	Checkout code	2025-10-07T08:04:43.0902661Z [command]/usr/bin/git config --local --name-only --get-regexp http\.https\:\/\/github\.com\/\.extraheader
handle-success	Checkout code	2025-10-07T08:04:43.0929343Z [command]/usr/bin/git submodule foreach --recursive sh -c "git config --local --name-only --get-regexp 'http\.https\:\/\/github\.com\/\.extraheader' && git config --local --unset-all 'http.https://github.com/.extraheader' || :"
handle-success	Checkout code	2025-10-07T08:04:43.1394505Z [command]/usr/bin/git config --local http.https://github.com/.extraheader AUTHORIZATION: basic ***
handle-success	Checkout code	2025-10-07T08:04:43.1463099Z ##[endgroup]
handle-success	Checkout code	2025-10-07T08:04:43.1467209Z ##[group]Fetching the repository
handle-success	Checkout code	2025-10-07T08:04:43.1479661Z [command]/usr/bin/git -c protocol.version=2 fetch --prune --no-recurse-submodules origin +refs/heads/*:refs/remotes/origin/* +refs/tags/*:refs/tags/*
handle-success	Checkout code	2025-10-07T08:04:44.0240215Z From https://github.com/Ka0s-Klaus/ka0s
handle-success	Checkout code	2025-10-07T08:04:44.0250592Z    b4ddde9e..c353b5f7  H1646-modulo-de-control-de-runners -> origin/H1646-modulo-de-control-de-runners
handle-success	Checkout code	2025-10-07T08:04:44.0362178Z [command]/usr/bin/git branch --list --remote origin/H1646-modulo-de-control-de-runners
handle-success	Checkout code	2025-10-07T08:04:44.0563551Z   origin/H1646-modulo-de-control-de-runners
handle-success	Checkout code	2025-10-07T08:04:44.0625862Z [command]/usr/bin/git rev-parse refs/remotes/origin/H1646-modulo-de-control-de-runners
handle-success	Checkout code	2025-10-07T08:04:44.0723247Z c353b5f71c69dbb9c7cfd18f06b3f4ffa0d69015
handle-success	Checkout code	2025-10-07T08:04:44.0755661Z [command]/usr/bin/git -c protocol.version=2 fetch --no-tags --prune --no-recurse-submodules origin +5c58d8127b900e21574c32ea8c22511d44b80051:refs/remotes/origin/H1646-modulo-de-control-de-runners
handle-success	Checkout code	2025-10-07T08:04:44.1088090Z From https://github.com/Ka0s-Klaus/ka0s
handle-success	Checkout code	2025-10-07T08:04:44.1093937Z  + c353b5f7...5c58d812 5c58d8127b900e21574c32ea8c22511d44b80051 -> origin/H1646-modulo-de-control-de-runners  (forced update)
handle-success	Checkout code	2025-10-07T08:04:44.1130922Z ##[endgroup]
handle-success	Checkout code	2025-10-07T08:04:44.1136979Z ##[group]Determining the checkout info
handle-success	Checkout code	2025-10-07T08:04:44.1142699Z ##[endgroup]
handle-success	Checkout code	2025-10-07T08:04:44.1150072Z [command]/usr/bin/git sparse-checkout disable
handle-success	Checkout code	2025-10-07T08:04:44.1232131Z [command]/usr/bin/git config --local --unset-all extensions.worktreeConfig
handle-success	Checkout code	2025-10-07T08:04:44.1294251Z ##[group]Checking out the ref
handle-success	Checkout code	2025-10-07T08:04:44.1302107Z [command]/usr/bin/git checkout --progress --force -B H1646-modulo-de-control-de-runners refs/remotes/origin/H1646-modulo-de-control-de-runners
handle-success	Checkout code	2025-10-07T08:04:44.1630409Z Warning: you are leaving 15 commits behind, not connected to
handle-success	Checkout code	2025-10-07T08:04:44.1635378Z any of your branches:
handle-success	Checkout code	2025-10-07T08:04:44.1637314Z 
handle-success	Checkout code	2025-10-07T08:04:44.1640182Z   b4ddde9e [Ka0S] Uploading jsonlint resume execution files to the repository...
handle-success	Checkout code	2025-10-07T08:04:44.1648168Z   4dbc47bc [Ka0S] Uploading jsonlint resume execution files to the repository...
handle-success	Checkout code	2025-10-07T08:04:44.1654993Z   a1863af2 [Ka0S] Uploading jsonlint resume execution files to the repository...
handle-success	Checkout code	2025-10-07T08:04:44.1661410Z   2fc20050 [Ka0S] Uploading jsonlint resume execution files to the repository...
handle-success	Checkout code	2025-10-07T08:04:44.1666301Z  ... and 11 more.
handle-success	Checkout code	2025-10-07T08:04:44.1679905Z 
handle-success	Checkout code	2025-10-07T08:04:44.1682256Z If you want to keep them by creating a new branch, this may be a good time
handle-success	Checkout code	2025-10-07T08:04:44.1687680Z to do so with:
handle-success	Checkout code	2025-10-07T08:04:44.1689341Z 
handle-success	Checkout code	2025-10-07T08:04:44.1694415Z  git branch <new-branch-name> b4ddde9e
handle-success	Checkout code	2025-10-07T08:04:44.1696666Z 
handle-success	Checkout code	2025-10-07T08:04:44.1698759Z Switched to a new branch 'H1646-modulo-de-control-de-runners'
handle-success	Checkout code	2025-10-07T08:04:44.1705492Z branch 'H1646-modulo-de-control-de-runners' set up to track 'origin/H1646-modulo-de-control-de-runners'.
handle-success	Checkout code	2025-10-07T08:04:44.1720233Z ##[endgroup]
handle-success	Checkout code	2025-10-07T08:04:44.1756424Z [command]/usr/bin/git log -1 --format=%H
handle-success	Checkout code	2025-10-07T08:04:44.1797815Z 5c58d8127b900e21574c32ea8c22511d44b80051
handle-success	handle-success-execution	﻿2025-10-07T08:04:44.2476175Z ##[group]Run # Si todo ha ido correcto añadimos el contenido del fichero 
handle-success	handle-success-execution	2025-10-07T08:04:44.2482653Z [36;1m# Si todo ha ido correcto añadimos el contenido del fichero [0m
handle-success	handle-success-execution	2025-10-07T08:04:44.2490062Z [36;1mRNNUMBER=$(echo "refs/heads/H1646-modulo-de-control-de-runners" | grep -o '[0-9]*')[0m
handle-success	handle-success-execution	2025-10-07T08:04:44.2500723Z [36;1mgh issue comment $RNNUMBER --body "El proceso ha finalizado correctamente 18306107398. El resultado está en el fichero 18306107398.log"[0m
handle-success	handle-success-execution	2025-10-07T08:04:44.2539387Z shell: /usr/bin/bash -e {0}
handle-success	handle-success-execution	2025-10-07T08:04:44.2543011Z env:
handle-success	handle-success-execution	2025-10-07T08:04:44.2545849Z   KAOS_MODULE: [Ka0S] JSONLINT
handle-success	handle-success-execution	2025-10-07T08:04:44.2550680Z   GH_TOKEN: ***
handle-success	handle-success-execution	2025-10-07T08:04:44.2553992Z   KAOS_JSONLINT_CONFIG: core/config/.jsonlint.json
handle-success	handle-success-execution	2025-10-07T08:04:44.2558459Z   KAOS_PATH_RESUME: audit/jsonlint/
handle-success	handle-success-execution	2025-10-07T08:04:44.2562556Z   KAOS_REPO: /actions-runner/_work/kaos/kaos
handle-success	handle-success-execution	2025-10-07T08:04:44.2566446Z   KAOS_STEP_MODULE: 
handle-success	handle-success-execution	2025-10-07T08:04:44.2569632Z   KAOS_CODE: 18306107398
handle-success	handle-success-execution	2025-10-07T08:04:44.2572784Z   KAOS_REF_BRANCH: main
handle-success	handle-success-execution	2025-10-07T08:04:44.2575978Z ##[endgroup]
handle-success	handle-success-execution	2025-10-07T08:04:45.3104079Z https://github.com/Ka0s-Klaus/ka0s/issues/1646#issuecomment-3375666874
handle-success	Post Checkout code	﻿2025-10-07T08:04:45.3406832Z Post job cleanup.
handle-success	Post Checkout code	2025-10-07T08:04:45.5775475Z [command]/usr/bin/git version
handle-success	Post Checkout code	2025-10-07T08:04:45.5876013Z git version 2.51.0
handle-success	Post Checkout code	2025-10-07T08:04:45.6019228Z Copying '/home/runner/.gitconfig' to '/home/runner/_work/_temp/8541fdf8-0ae0-4150-8d1a-c9c6991c3967/.gitconfig'
handle-success	Post Checkout code	2025-10-07T08:04:45.6052567Z Temporarily overriding HOME='/home/runner/_work/_temp/8541fdf8-0ae0-4150-8d1a-c9c6991c3967' before making global git config changes
handle-success	Post Checkout code	2025-10-07T08:04:45.6060129Z Adding repository directory to the temporary git global config as a safe directory
handle-success	Post Checkout code	2025-10-07T08:04:45.6075912Z [command]/usr/bin/git config --global --add safe.directory /home/runner/_work/ka0s/ka0s
handle-success	Post Checkout code	2025-10-07T08:04:45.6204449Z [command]/usr/bin/git config --local --name-only --get-regexp core\.sshCommand
handle-success	Post Checkout code	2025-10-07T08:04:45.6304548Z [command]/usr/bin/git submodule foreach --recursive sh -c "git config --local --name-only --get-regexp 'core\.sshCommand' && git config --local --unset-all 'core.sshCommand' || :"
handle-success	Post Checkout code	2025-10-07T08:04:45.6821012Z [command]/usr/bin/git config --local --name-only --get-regexp http\.https\:\/\/github\.com\/\.extraheader
handle-success	Post Checkout code	2025-10-07T08:04:45.6855801Z http.https://github.com/.extraheader
handle-success	Post Checkout code	2025-10-07T08:04:45.6881744Z [command]/usr/bin/git config --local --unset-all http.https://github.com/.extraheader
handle-success	Post Checkout code	2025-10-07T08:04:45.6937032Z [command]/usr/bin/git submodule foreach --recursive sh -c "git config --local --name-only --get-regexp 'http\.https\:\/\/github\.com\/\.extraheader' && git config --local --unset-all 'http.https://github.com/.extraheader' || :"
handle-success	Complete job	﻿2025-10-07T08:04:45.7652102Z Cleaning up orphan processes
end-workflow	Set up job	﻿2025-10-07T08:06:15.4910995Z Current runner version: '2.328.0'
end-workflow	Set up job	2025-10-07T08:06:15.5516535Z Runner name: '0965d481d763'
end-workflow	Set up job	2025-10-07T08:06:15.5517679Z Runner group name: 'swarm-runners'
end-workflow	Set up job	2025-10-07T08:06:15.5518786Z Machine name: '0965d481d763'
end-workflow	Set up job	2025-10-07T08:06:15.5522430Z ##[group]GITHUB_TOKEN Permissions
end-workflow	Set up job	2025-10-07T08:06:15.5525640Z Actions: write
end-workflow	Set up job	2025-10-07T08:06:15.5526318Z Contents: write
end-workflow	Set up job	2025-10-07T08:06:15.5526960Z Issues: write
end-workflow	Set up job	2025-10-07T08:06:15.5795333Z Metadata: read
end-workflow	Set up job	2025-10-07T08:06:15.5796454Z PullRequests: write
end-workflow	Set up job	2025-10-07T08:06:15.5797064Z ##[endgroup]
end-workflow	Set up job	2025-10-07T08:06:15.5841828Z Secret source: Actions
end-workflow	Set up job	2025-10-07T08:06:15.5843476Z Prepare workflow directory
end-workflow	Set up job	2025-10-07T08:06:16.7672802Z Prepare all required actions
end-workflow	Set up job	2025-10-07T08:06:16.8586225Z Getting action download info
end-workflow	Set up job	2025-10-07T08:06:19.1456712Z Download action repository 'actions/checkout@v4' (SHA:08eba0b27e820071cde6df949e0beb9ba4906955)
end-workflow	Set up job	2025-10-07T08:06:21.4876126Z Complete job name: end-workflow
end-workflow	Checkout code	﻿2025-10-07T08:06:22.5972658Z ##[group]Run actions/checkout@v4
end-workflow	Checkout code	2025-10-07T08:06:22.5973951Z with:
end-workflow	Checkout code	2025-10-07T08:06:22.5974405Z   fetch-depth: 0
end-workflow	Checkout code	2025-10-07T08:06:22.6012440Z   token: ***
end-workflow	Checkout code	2025-10-07T08:06:22.6013052Z   repository: Ka0s-Klaus/ka0s
end-workflow	Checkout code	2025-10-07T08:06:22.6013601Z   ssh-strict: true
end-workflow	Checkout code	2025-10-07T08:06:22.6014042Z   ssh-user: git
end-workflow	Checkout code	2025-10-07T08:06:22.6014503Z   persist-credentials: true
end-workflow	Checkout code	2025-10-07T08:06:22.6015041Z   clean: true
end-workflow	Checkout code	2025-10-07T08:06:22.6015529Z   sparse-checkout-cone-mode: true
end-workflow	Checkout code	2025-10-07T08:06:22.6016135Z   fetch-tags: false
end-workflow	Checkout code	2025-10-07T08:06:22.6016601Z   show-progress: true
end-workflow	Checkout code	2025-10-07T08:06:22.6017169Z   lfs: false
end-workflow	Checkout code	2025-10-07T08:06:22.6017774Z   submodules: false
end-workflow	Checkout code	2025-10-07T08:06:22.6018241Z   set-safe-directory: true
end-workflow	Checkout code	2025-10-07T08:06:22.6019946Z env:
end-workflow	Checkout code	2025-10-07T08:06:22.6020412Z   KAOS_MODULE: [Ka0S] JSONLINT
end-workflow	Checkout code	2025-10-07T08:06:22.6021161Z   GH_TOKEN: ***
end-workflow	Checkout code	2025-10-07T08:06:22.6021679Z   KAOS_JSONLINT_CONFIG: core/config/.jsonlint.json
end-workflow	Checkout code	2025-10-07T08:06:22.6022326Z   KAOS_PATH_RESUME: audit/jsonlint/
end-workflow	Checkout code	2025-10-07T08:06:22.6023056Z   KAOS_REPO: /actions-runner/_work/kaos/kaos
end-workflow	Checkout code	2025-10-07T08:06:22.6023665Z   KAOS_STEP_MODULE: 
end-workflow	Checkout code	2025-10-07T08:06:22.6024116Z   KAOS_CODE: 18306107398
end-workflow	Checkout code	2025-10-07T08:06:22.6024612Z   KAOS_REF_BRANCH: main
end-workflow	Checkout code	2025-10-07T08:06:22.6025072Z ##[endgroup]
end-workflow	Checkout code	2025-10-07T08:06:24.7792796Z Syncing repository: Ka0s-Klaus/ka0s
end-workflow	Checkout code	2025-10-07T08:06:24.7795267Z ##[group]Getting Git version info
end-workflow	Checkout code	2025-10-07T08:06:24.7796003Z Working directory is '/home/runner/_work/ka0s/ka0s'
end-workflow	Checkout code	2025-10-07T08:06:24.7797170Z [command]/usr/bin/git version
end-workflow	Checkout code	2025-10-07T08:06:24.7797839Z git version 2.51.0
end-workflow	Checkout code	2025-10-07T08:06:24.7799553Z ##[endgroup]
end-workflow	Checkout code	2025-10-07T08:06:24.7805049Z Temporarily overriding HOME='/home/runner/_work/_temp/fbdc48f8-7281-440c-b2dd-059a7c4659b9' before making global git config changes
end-workflow	Checkout code	2025-10-07T08:06:24.7806472Z Adding repository directory to the temporary git global config as a safe directory
end-workflow	Checkout code	2025-10-07T08:06:24.8811888Z [command]/usr/bin/git config --global --add safe.directory /home/runner/_work/ka0s/ka0s
end-workflow	Checkout code	2025-10-07T08:06:24.8814095Z Deleting the contents of '/home/runner/_work/ka0s/ka0s'
end-workflow	Checkout code	2025-10-07T08:06:24.8815320Z ##[group]Initializing the repository
end-workflow	Checkout code	2025-10-07T08:06:24.8816029Z [command]/usr/bin/git init /home/runner/_work/ka0s/ka0s
end-workflow	Checkout code	2025-10-07T08:06:24.9209083Z hint: Using 'master' as the name for the initial branch. This default branch name
end-workflow	Checkout code	2025-10-07T08:06:24.9211227Z hint: is subject to change. To configure the initial branch name to use in all
end-workflow	Checkout code	2025-10-07T08:06:24.9212418Z hint: of your new repositories, which will suppress this warning, call:
end-workflow	Checkout code	2025-10-07T08:06:24.9213332Z hint:
end-workflow	Checkout code	2025-10-07T08:06:24.9214048Z hint: 	git config --global init.defaultBranch <name>
end-workflow	Checkout code	2025-10-07T08:06:24.9214847Z hint:
end-workflow	Checkout code	2025-10-07T08:06:24.9215604Z hint: Names commonly chosen instead of 'master' are 'main', 'trunk' and
end-workflow	Checkout code	2025-10-07T08:06:24.9216719Z hint: 'development'. The just-created branch can be renamed via this command:
end-workflow	Checkout code	2025-10-07T08:06:24.9217756Z hint:
end-workflow	Checkout code	2025-10-07T08:06:24.9218384Z hint: 	git branch -m <name>
end-workflow	Checkout code	2025-10-07T08:06:24.9260221Z hint:
end-workflow	Checkout code	2025-10-07T08:06:24.9289253Z hint: Disable this message with "git config set advice.defaultBranchName false"
end-workflow	Checkout code	2025-10-07T08:06:24.9326698Z Initialized empty Git repository in /home/runner/_work/ka0s/ka0s/.git/
end-workflow	Checkout code	2025-10-07T08:06:24.9521214Z [command]/usr/bin/git remote add origin https://github.com/Ka0s-Klaus/ka0s
end-workflow	Checkout code	2025-10-07T08:06:24.9943936Z ##[endgroup]
end-workflow	Checkout code	2025-10-07T08:06:24.9944909Z ##[group]Disabling automatic garbage collection
end-workflow	Checkout code	2025-10-07T08:06:25.0241220Z [command]/usr/bin/git config --local gc.auto 0
end-workflow	Checkout code	2025-10-07T08:06:25.0624943Z ##[endgroup]
end-workflow	Checkout code	2025-10-07T08:06:25.0626356Z ##[group]Setting up auth
end-workflow	Checkout code	2025-10-07T08:06:25.0827298Z [command]/usr/bin/git config --local --name-only --get-regexp core\.sshCommand
end-workflow	Checkout code	2025-10-07T08:06:25.1277101Z [command]/usr/bin/git submodule foreach --recursive sh -c "git config --local --name-only --get-regexp 'core\.sshCommand' && git config --local --unset-all 'core.sshCommand' || :"
end-workflow	Checkout code	2025-10-07T08:06:25.5751562Z [command]/usr/bin/git config --local --name-only --get-regexp http\.https\:\/\/github\.com\/\.extraheader
end-workflow	Checkout code	2025-10-07T08:06:25.6362358Z [command]/usr/bin/git submodule foreach --recursive sh -c "git config --local --name-only --get-regexp 'http\.https\:\/\/github\.com\/\.extraheader' && git config --local --unset-all 'http.https://github.com/.extraheader' || :"
end-workflow	Checkout code	2025-10-07T08:06:26.0967270Z [command]/usr/bin/git config --local http.https://github.com/.extraheader AUTHORIZATION: basic ***
end-workflow	Checkout code	2025-10-07T08:06:26.2282107Z ##[endgroup]
end-workflow	Checkout code	2025-10-07T08:06:26.2384332Z ##[group]Fetching the repository
end-workflow	Checkout code	2025-10-07T08:06:26.2599972Z [command]/usr/bin/git -c protocol.version=2 fetch --prune --no-recurse-submodules origin +refs/heads/*:refs/remotes/origin/* +refs/tags/*:refs/tags/*
end-workflow	Checkout code	2025-10-07T08:08:28.5604554Z From https://github.com/Ka0s-Klaus/ka0s
end-workflow	Checkout code	2025-10-07T08:08:28.5605802Z  * [new branch]        F1149-desarrollo-de-orchestrator -> origin/F1149-desarrollo-de-orchestrator
end-workflow	Checkout code	2025-10-07T08:08:28.5802678Z  * [new branch]        F1183-personalización-módulo-finops -> origin/F1183-personalización-módulo-finops
end-workflow	Checkout code	2025-10-07T08:08:28.5832334Z  * [new branch]        F1224-new-module-mongodb -> origin/F1224-new-module-mongodb
end-workflow	Checkout code	2025-10-07T08:08:28.5866187Z  * [new branch]        F220-web-de-resultados  -> origin/F220-web-de-resultados
end-workflow	Checkout code	2025-10-07T08:08:28.5879942Z  * [new branch]        F227-despliegue-de-kube-independiente-del-clouder -> origin/F227-despliegue-de-kube-independiente-del-clouder
end-workflow	Checkout code	2025-10-07T08:08:28.6099284Z  * [new branch]        F329-documentacion-metodologia-de-kaos -> origin/F329-documentacion-metodologia-de-kaos
end-workflow	Checkout code	2025-10-07T08:08:28.6129991Z  * [new branch]        F44-creación-módulo-versionado -> origin/F44-creación-módulo-versionado
end-workflow	Checkout code	2025-10-07T08:08:28.6162406Z  * [new branch]        H1128-módulo-de-observabilidad -> origin/H1128-módulo-de-observabilidad
end-workflow	Checkout code	2025-10-07T08:08:28.6199036Z  * [new branch]        H1139-como-instalar-arc-control -> origin/H1139-como-instalar-arc-control
end-workflow	Checkout code	2025-10-07T08:08:28.6200578Z  * [new branch]        H1149-desarrollo-de-orchestrator -> origin/H1149-desarrollo-de-orchestrator
end-workflow	Checkout code	2025-10-07T08:08:28.6201753Z  * [new branch]        H1150-desarrollo-de-secciones -> origin/H1150-desarrollo-de-secciones
end-workflow	Checkout code	2025-10-07T08:08:28.6214471Z  * [new branch]        H1151-desarrollo-de-secciones-ii -> origin/H1151-desarrollo-de-secciones-ii
end-workflow	Checkout code	2025-10-07T08:08:28.6259152Z  * [new branch]        H1152-desarrollo-inicio -> origin/H1152-desarrollo-inicio
end-workflow	Checkout code	2025-10-07T08:08:28.6312750Z  * [new branch]        H1183-personalización-módulo-finops -> origin/H1183-personalización-módulo-finops
end-workflow	Checkout code	2025-10-07T08:08:28.6314576Z  * [new branch]        H1193-ejemplo-web-documentacion -> origin/H1193-ejemplo-web-documentacion
end-workflow	Checkout code	2025-10-07T08:08:28.6328516Z  * [new branch]        H1205-web-creation      -> origin/H1205-web-creation
end-workflow	Checkout code	2025-10-07T08:08:28.6458918Z  * [new branch]        H1224-new-module-mongodb -> origin/H1224-new-module-mongodb
end-workflow	Checkout code	2025-10-07T08:08:28.6459911Z  * [new branch]        H1410-modulo-execution  -> origin/H1410-modulo-execution
end-workflow	Checkout code	2025-10-07T08:08:28.6461019Z  * [new branch]        H1514-new-swarm-deployment-stack-with-actions-runners-autoscale -> origin/H1514-new-swarm-deployment-stack-with-actions-runners-autoscale
end-workflow	Checkout code	2025-10-07T08:08:28.6466566Z  * [new branch]        H1646-modulo-de-control-de-runners -> origin/H1646-modulo-de-control-de-runners
end-workflow	Checkout code	2025-10-07T08:08:28.6468003Z  * [new branch]        H215-modulo-de-summary  -> origin/H215-modulo-de-summary
end-workflow	Checkout code	2025-10-07T08:08:28.6468703Z  * [new branch]        H220-web-de-resultados  -> origin/H220-web-de-resultados
end-workflow	Checkout code	2025-10-07T08:08:28.6472675Z  * [new branch]        H227-despliegue-de-kube-independiente-del-clouder -> origin/H227-despliegue-de-kube-independiente-del-clouder
end-workflow	Checkout code	2025-10-07T08:08:28.6500015Z  * [new branch]        H306-ficheros-de-estadisticas -> origin/H306-ficheros-de-estadisticas
end-workflow	Checkout code	2025-10-07T08:08:28.6502454Z  * [new branch]        H328-documentacion-modulo-principal-de-kaos -> origin/H328-documentacion-modulo-principal-de-kaos
end-workflow	Checkout code	2025-10-07T08:08:28.6529868Z  * [new branch]        H329-documentacion-metodologia-de-kaos -> origin/H329-documentacion-metodologia-de-kaos
end-workflow	Checkout code	2025-10-07T08:08:28.6619229Z  * [new branch]        H338-relanzador-de-jobs-en-caso-de-pattern -> origin/H338-relanzador-de-jobs-en-caso-de-pattern
end-workflow	Checkout code	2025-10-07T08:08:28.6620647Z  * [new branch]        H38-documentacion-basica-del-proyecto -> origin/H38-documentacion-basica-del-proyecto
end-workflow	Checkout code	2025-10-07T08:08:28.6622141Z  * [new branch]        H44-creación-módulo-versionado -> origin/H44-creación-módulo-versionado
end-workflow	Checkout code	2025-10-07T08:08:28.6659551Z  * [new branch]        RN1149-desarrollo-de-orchestrator -> origin/RN1149-desarrollo-de-orchestrator
end-workflow	Checkout code	2025-10-07T08:08:28.6661826Z  * [new branch]        RN1183-personalización-módulo-finops -> origin/RN1183-personalización-módulo-finops
end-workflow	Checkout code	2025-10-07T08:08:28.6663131Z  * [new branch]        RN1282-ka0s-error-detected-in-ka0s-workflow-statistics-summary -> origin/RN1282-ka0s-error-detected-in-ka0s-workflow-statistics-summary
end-workflow	Checkout code	2025-10-07T08:08:28.6688866Z  * [new branch]        RN220-web-de-resultados -> origin/RN220-web-de-resultados
end-workflow	Checkout code	2025-10-07T08:08:28.6718817Z  * [new branch]        RN227-despliegue-de-kube-independiente-del-clouder -> origin/RN227-despliegue-de-kube-independiente-del-clouder
end-workflow	Checkout code	2025-10-07T08:08:28.6720303Z  * [new branch]        RN329-documentacion-metodologia-de-kaos -> origin/RN329-documentacion-metodologia-de-kaos
end-workflow	Checkout code	2025-10-07T08:08:28.6721148Z  * [new branch]        main                    -> origin/main
end-workflow	Checkout code	2025-10-07T08:08:28.6721785Z  * [new tag]           0.0.0                   -> 0.0.0
end-workflow	Checkout code	2025-10-07T08:08:28.6723459Z  * [new tag]           0.0.1                   -> 0.0.1
end-workflow	Checkout code	2025-10-07T08:08:28.6750102Z  * [new tag]           0.0.10                  -> 0.0.10
end-workflow	Checkout code	2025-10-07T08:08:28.6750917Z  * [new tag]           0.0.100                 -> 0.0.100
end-workflow	Checkout code	2025-10-07T08:08:28.6751433Z  * [new tag]           0.0.101                 -> 0.0.101
end-workflow	Checkout code	2025-10-07T08:08:28.6751968Z  * [new tag]           0.0.102                 -> 0.0.102
end-workflow	Checkout code	2025-10-07T08:08:28.6779116Z  * [new tag]           0.0.103                 -> 0.0.103
end-workflow	Checkout code	2025-10-07T08:08:28.6780612Z  * [new tag]           0.0.104                 -> 0.0.104
end-workflow	Checkout code	2025-10-07T08:08:28.6781383Z  * [new tag]           0.0.105                 -> 0.0.105
end-workflow	Checkout code	2025-10-07T08:08:28.6781971Z  * [new tag]           0.0.106                 -> 0.0.106
end-workflow	Checkout code	2025-10-07T08:08:28.6798951Z  * [new tag]           0.0.107                 -> 0.0.107
end-workflow	Checkout code	2025-10-07T08:08:28.6869453Z  * [new tag]           0.0.108                 -> 0.0.108
end-workflow	Checkout code	2025-10-07T08:08:28.7092212Z  * [new tag]           0.0.109                 -> 0.0.109
end-workflow	Checkout code	2025-10-07T08:08:28.7268465Z  * [new tag]           0.0.11                  -> 0.0.11
end-workflow	Checkout code	2025-10-07T08:08:28.7299297Z  * [new tag]           0.0.110                 -> 0.0.110
end-workflow	Checkout code	2025-10-07T08:08:28.7346683Z  * [new tag]           0.0.111                 -> 0.0.111
end-workflow	Checkout code	2025-10-07T08:08:28.7347763Z  * [new tag]           0.0.112                 -> 0.0.112
end-workflow	Checkout code	2025-10-07T08:08:28.7349267Z  * [new tag]           0.0.113                 -> 0.0.113
end-workflow	Checkout code	2025-10-07T08:08:28.7349757Z  * [new tag]           0.0.114                 -> 0.0.114
end-workflow	Checkout code	2025-10-07T08:08:28.7350294Z  * [new tag]           0.0.115                 -> 0.0.115
end-workflow	Checkout code	2025-10-07T08:08:28.7368817Z  * [new tag]           0.0.116                 -> 0.0.116
end-workflow	Checkout code	2025-10-07T08:08:28.7369565Z  * [new tag]           0.0.117                 -> 0.0.117
end-workflow	Checkout code	2025-10-07T08:08:28.7400493Z  * [new tag]           0.0.118                 -> 0.0.118
end-workflow	Checkout code	2025-10-07T08:08:28.7401840Z  * [new tag]           0.0.119                 -> 0.0.119
end-workflow	Checkout code	2025-10-07T08:08:28.7404914Z  * [new tag]           0.0.12                  -> 0.0.12
end-workflow	Checkout code	2025-10-07T08:08:28.7439076Z  * [new tag]           0.0.120                 -> 0.0.120
end-workflow	Checkout code	2025-10-07T08:08:28.7440101Z  * [new tag]           0.0.121                 -> 0.0.121
end-workflow	Checkout code	2025-10-07T08:08:28.7440999Z  * [new tag]           0.0.122                 -> 0.0.122
end-workflow	Checkout code	2025-10-07T08:08:28.7441653Z  * [new tag]           0.0.123                 -> 0.0.123
end-workflow	Checkout code	2025-10-07T08:08:28.7442164Z  * [new tag]           0.0.124                 -> 0.0.124
end-workflow	Checkout code	2025-10-07T08:08:28.7442758Z  * [new tag]           0.0.125                 -> 0.0.125
end-workflow	Checkout code	2025-10-07T08:08:28.7469960Z  * [new tag]           0.0.126                 -> 0.0.126
end-workflow	Checkout code	2025-10-07T08:08:28.7569566Z  * [new tag]           0.0.127                 -> 0.0.127
end-workflow	Checkout code	2025-10-07T08:08:28.7571691Z  * [new tag]           0.0.128                 -> 0.0.128
end-workflow	Checkout code	2025-10-07T08:08:28.7572339Z  * [new tag]           0.0.129                 -> 0.0.129
end-workflow	Checkout code	2025-10-07T08:08:28.7572890Z  * [new tag]           0.0.13                  -> 0.0.13
end-workflow	Checkout code	2025-10-07T08:08:28.7573405Z  * [new tag]           0.0.130                 -> 0.0.130
end-workflow	Checkout code	2025-10-07T08:08:28.7573944Z  * [new tag]           0.0.131                 -> 0.0.131
end-workflow	Checkout code	2025-10-07T08:08:28.7574580Z  * [new tag]           0.0.132                 -> 0.0.132
end-workflow	Checkout code	2025-10-07T08:08:28.7576325Z  * [new tag]           0.0.133                 -> 0.0.133
end-workflow	Checkout code	2025-10-07T08:08:28.7577244Z  * [new tag]           0.0.134                 -> 0.0.134
end-workflow	Checkout code	2025-10-07T08:08:28.7577850Z  * [new tag]           0.0.135                 -> 0.0.135
end-workflow	Checkout code	2025-10-07T08:08:28.7578371Z  * [new tag]           0.0.136                 -> 0.0.136
end-workflow	Checkout code	2025-10-07T08:08:28.7578990Z  * [new tag]           0.0.137                 -> 0.0.137
end-workflow	Checkout code	2025-10-07T08:08:28.7579520Z  * [new tag]           0.0.138                 -> 0.0.138
end-workflow	Checkout code	2025-10-07T08:08:28.7580068Z  * [new tag]           0.0.139                 -> 0.0.139
end-workflow	Checkout code	2025-10-07T08:08:28.7580591Z  * [new tag]           0.0.14                  -> 0.0.14
end-workflow	Checkout code	2025-10-07T08:08:28.7581137Z  * [new tag]           0.0.140                 -> 0.0.140
end-workflow	Checkout code	2025-10-07T08:08:28.7581658Z  * [new tag]           0.0.141                 -> 0.0.141
end-workflow	Checkout code	2025-10-07T08:08:28.7582215Z  * [new tag]           0.0.142                 -> 0.0.142
end-workflow	Checkout code	2025-10-07T08:08:28.7599599Z  * [new tag]           0.0.143                 -> 0.0.143
end-workflow	Checkout code	2025-10-07T08:08:28.7630277Z  * [new tag]           0.0.144                 -> 0.0.144
end-workflow	Checkout code	2025-10-07T08:08:28.7631778Z  * [new tag]           0.0.145                 -> 0.0.145
end-workflow	Checkout code	2025-10-07T08:08:28.7642702Z  * [new tag]           0.0.146                 -> 0.0.146
end-workflow	Checkout code	2025-10-07T08:08:28.7721230Z  * [new tag]           0.0.147                 -> 0.0.147
end-workflow	Checkout code	2025-10-07T08:08:28.7722354Z  * [new tag]           0.0.148                 -> 0.0.148
end-workflow	Checkout code	2025-10-07T08:08:28.7722942Z  * [new tag]           0.0.149                 -> 0.0.149
end-workflow	Checkout code	2025-10-07T08:08:28.7724732Z  * [new tag]           0.0.15                  -> 0.0.15
end-workflow	Checkout code	2025-10-07T08:08:28.7725293Z  * [new tag]           0.0.150                 -> 0.0.150
end-workflow	Checkout code	2025-10-07T08:08:28.7725770Z  * [new tag]           0.0.151                 -> 0.0.151
end-workflow	Checkout code	2025-10-07T08:08:28.7726300Z  * [new tag]           0.0.152                 -> 0.0.152
end-workflow	Checkout code	2025-10-07T08:08:28.7727911Z  * [new tag]           0.0.153                 -> 0.0.153
end-workflow	Checkout code	2025-10-07T08:08:28.7728481Z  * [new tag]           0.0.154                 -> 0.0.154
end-workflow	Checkout code	2025-10-07T08:08:28.7728959Z  * [new tag]           0.0.155                 -> 0.0.155
end-workflow	Checkout code	2025-10-07T08:08:28.7729541Z  * [new tag]           0.0.156                 -> 0.0.156
end-workflow	Checkout code	2025-10-07T08:08:28.7730078Z  * [new tag]           0.0.157                 -> 0.0.157
end-workflow	Checkout code	2025-10-07T08:08:28.7730670Z  * [new tag]           0.0.158                 -> 0.0.158
end-workflow	Checkout code	2025-10-07T08:08:28.8069334Z  * [new tag]           0.0.159                 -> 0.0.159
end-workflow	Checkout code	2025-10-07T08:08:28.8069741Z  * [new tag]           0.0.16                  -> 0.0.16
end-workflow	Checkout code	2025-10-07T08:08:28.8070104Z  * [new tag]           0.0.160                 -> 0.0.160
end-workflow	Checkout code	2025-10-07T08:08:28.8070457Z  * [new tag]           0.0.161                 -> 0.0.161
end-workflow	Checkout code	2025-10-07T08:08:28.8070812Z  * [new tag]           0.0.162                 -> 0.0.162
end-workflow	Checkout code	2025-10-07T08:08:28.8071179Z  * [new tag]           0.0.163                 -> 0.0.163
end-workflow	Checkout code	2025-10-07T08:08:28.8071541Z  * [new tag]           0.0.164                 -> 0.0.164
end-workflow	Checkout code	2025-10-07T08:08:28.8071891Z  * [new tag]           0.0.165                 -> 0.0.165
end-workflow	Checkout code	2025-10-07T08:08:28.8072254Z  * [new tag]           0.0.166                 -> 0.0.166
end-workflow	Checkout code	2025-10-07T08:08:28.8072620Z  * [new tag]           0.0.167                 -> 0.0.167
end-workflow	Checkout code	2025-10-07T08:08:28.8072984Z  * [new tag]           0.0.168                 -> 0.0.168
end-workflow	Checkout code	2025-10-07T08:08:28.8073361Z  * [new tag]           0.0.169                 -> 0.0.169
end-workflow	Checkout code	2025-10-07T08:08:28.8073983Z  * [new tag]           0.0.17                  -> 0.0.17
end-workflow	Checkout code	2025-10-07T08:08:28.8074352Z  * [new tag]           0.0.170                 -> 0.0.170
end-workflow	Checkout code	2025-10-07T08:08:28.8074705Z  * [new tag]           0.0.171                 -> 0.0.171
end-workflow	Checkout code	2025-10-07T08:08:28.8075063Z  * [new tag]           0.0.172                 -> 0.0.172
end-workflow	Checkout code	2025-10-07T08:08:28.8075419Z  * [new tag]           0.0.173                 -> 0.0.173
end-workflow	Checkout code	2025-10-07T08:08:28.8075786Z  * [new tag]           0.0.174                 -> 0.0.174
end-workflow	Checkout code	2025-10-07T08:08:28.8076151Z  * [new tag]           0.0.175                 -> 0.0.175
end-workflow	Checkout code	2025-10-07T08:08:28.8076662Z  * [new tag]           0.0.176                 -> 0.0.176
end-workflow	Checkout code	2025-10-07T08:08:28.8077028Z  * [new tag]           0.0.177                 -> 0.0.177
end-workflow	Checkout code	2025-10-07T08:08:28.8077477Z  * [new tag]           0.0.178                 -> 0.0.178
end-workflow	Checkout code	2025-10-07T08:08:28.8077890Z  * [new tag]           0.0.179                 -> 0.0.179
end-workflow	Checkout code	2025-10-07T08:08:28.8078327Z  * [new tag]           0.0.18                  -> 0.0.18
end-workflow	Checkout code	2025-10-07T08:08:28.8078743Z  * [new tag]           0.0.19                  -> 0.0.19
end-workflow	Checkout code	2025-10-07T08:08:28.8079152Z  * [new tag]           0.0.2                   -> 0.0.2
end-workflow	Checkout code	2025-10-07T08:08:28.8079554Z  * [new tag]           0.0.20                  -> 0.0.20
end-workflow	Checkout code	2025-10-07T08:08:28.8079956Z  * [new tag]           0.0.21                  -> 0.0.21
end-workflow	Checkout code	2025-10-07T08:08:28.8080394Z  * [new tag]           0.0.22                  -> 0.0.22
end-workflow	Checkout code	2025-10-07T08:08:28.8080791Z  * [new tag]           0.0.23                  -> 0.0.23
end-workflow	Checkout code	2025-10-07T08:08:28.8081209Z  * [new tag]           0.0.24                  -> 0.0.24
end-workflow	Checkout code	2025-10-07T08:08:28.8081628Z  * [new tag]           0.0.25                  -> 0.0.25
end-workflow	Checkout code	2025-10-07T08:08:28.8082016Z  * [new tag]           0.0.26                  -> 0.0.26
end-workflow	Checkout code	2025-10-07T08:08:28.8082449Z  * [new tag]           0.0.27                  -> 0.0.27
end-workflow	Checkout code	2025-10-07T08:08:28.8082867Z  * [new tag]           0.0.28                  -> 0.0.28
end-workflow	Checkout code	2025-10-07T08:08:28.8083280Z  * [new tag]           0.0.29                  -> 0.0.29
end-workflow	Checkout code	2025-10-07T08:08:28.8083699Z  * [new tag]           0.0.3                   -> 0.0.3
end-workflow	Checkout code	2025-10-07T08:08:28.8084104Z  * [new tag]           0.0.30                  -> 0.0.30
end-workflow	Checkout code	2025-10-07T08:08:28.8084480Z  * [new tag]           0.0.31                  -> 0.0.31
end-workflow	Checkout code	2025-10-07T08:08:28.8084878Z  * [new tag]           0.0.32                  -> 0.0.32
end-workflow	Checkout code	2025-10-07T08:08:28.8085350Z  * [new tag]           0.0.33                  -> 0.0.33
end-workflow	Checkout code	2025-10-07T08:08:28.8085725Z  * [new tag]           0.0.34                  -> 0.0.34
end-workflow	Checkout code	2025-10-07T08:08:28.8086089Z  * [new tag]           0.0.35                  -> 0.0.35
end-workflow	Checkout code	2025-10-07T08:08:28.8086458Z  * [new tag]           0.0.36                  -> 0.0.36
end-workflow	Checkout code	2025-10-07T08:08:28.8086826Z  * [new tag]           0.0.37                  -> 0.0.37
end-workflow	Checkout code	2025-10-07T08:08:28.8087181Z  * [new tag]           0.0.38                  -> 0.0.38
end-workflow	Checkout code	2025-10-07T08:08:28.8087671Z  * [new tag]           0.0.39                  -> 0.0.39
end-workflow	Checkout code	2025-10-07T08:08:28.8088097Z  * [new tag]           0.0.4                   -> 0.0.4
end-workflow	Checkout code	2025-10-07T08:08:28.8088733Z  * [new tag]           0.0.40                  -> 0.0.40
end-workflow	Checkout code	2025-10-07T08:08:28.8089100Z  * [new tag]           0.0.41                  -> 0.0.41
end-workflow	Checkout code	2025-10-07T08:08:28.8089462Z  * [new tag]           0.0.42                  -> 0.0.42
end-workflow	Checkout code	2025-10-07T08:08:28.8089802Z  * [new tag]           0.0.43                  -> 0.0.43
end-workflow	Checkout code	2025-10-07T08:08:28.8090148Z  * [new tag]           0.0.44                  -> 0.0.44
end-workflow	Checkout code	2025-10-07T08:08:28.8090505Z  * [new tag]           0.0.45                  -> 0.0.45
end-workflow	Checkout code	2025-10-07T08:08:28.8090854Z  * [new tag]           0.0.46                  -> 0.0.46
end-workflow	Checkout code	2025-10-07T08:08:28.8091206Z  * [new tag]           0.0.47                  -> 0.0.47
end-workflow	Checkout code	2025-10-07T08:08:28.8091563Z  * [new tag]           0.0.48                  -> 0.0.48
end-workflow	Checkout code	2025-10-07T08:08:28.8091923Z  * [new tag]           0.0.49                  -> 0.0.49
end-workflow	Checkout code	2025-10-07T08:08:28.8092305Z  * [new tag]           0.0.5                   -> 0.0.5
end-workflow	Checkout code	2025-10-07T08:08:28.8092867Z  * [new tag]           0.0.50                  -> 0.0.50
end-workflow	Checkout code	2025-10-07T08:08:28.8093225Z  * [new tag]           0.0.51                  -> 0.0.51
end-workflow	Checkout code	2025-10-07T08:08:28.8093576Z  * [new tag]           0.0.52                  -> 0.0.52
end-workflow	Checkout code	2025-10-07T08:08:28.8093918Z  * [new tag]           0.0.53                  -> 0.0.53
end-workflow	Checkout code	2025-10-07T08:08:28.8094263Z  * [new tag]           0.0.54                  -> 0.0.54
end-workflow	Checkout code	2025-10-07T08:08:28.8094602Z  * [new tag]           0.0.55                  -> 0.0.55
end-workflow	Checkout code	2025-10-07T08:08:28.8094948Z  * [new tag]           0.0.56                  -> 0.0.56
end-workflow	Checkout code	2025-10-07T08:08:28.8095304Z  * [new tag]           0.0.57                  -> 0.0.57
end-workflow	Checkout code	2025-10-07T08:08:28.8095664Z  * [new tag]           0.0.58                  -> 0.0.58
end-workflow	Checkout code	2025-10-07T08:08:28.8096030Z  * [new tag]           0.0.59                  -> 0.0.59
end-workflow	Checkout code	2025-10-07T08:08:28.8096412Z  * [new tag]           0.0.6                   -> 0.0.6
end-workflow	Checkout code	2025-10-07T08:08:28.8096773Z  * [new tag]           0.0.60                  -> 0.0.60
end-workflow	Checkout code	2025-10-07T08:08:28.8097174Z  * [new tag]           0.0.61                  -> 0.0.61
end-workflow	Checkout code	2025-10-07T08:08:28.8270523Z  * [new tag]           0.0.62                  -> 0.0.62
end-workflow	Checkout code	2025-10-07T08:08:28.8271071Z  * [new tag]           0.0.63                  -> 0.0.63
end-workflow	Checkout code	2025-10-07T08:08:28.8271428Z  * [new tag]           0.0.64                  -> 0.0.64
end-workflow	Checkout code	2025-10-07T08:08:28.8271781Z  * [new tag]           0.0.65                  -> 0.0.65
end-workflow	Checkout code	2025-10-07T08:08:28.8272140Z  * [new tag]           0.0.66                  -> 0.0.66
end-workflow	Checkout code	2025-10-07T08:08:28.8272483Z  * [new tag]           0.0.67                  -> 0.0.67
end-workflow	Checkout code	2025-10-07T08:08:28.8272828Z  * [new tag]           0.0.68                  -> 0.0.68
end-workflow	Checkout code	2025-10-07T08:08:28.8273173Z  * [new tag]           0.0.69                  -> 0.0.69
end-workflow	Checkout code	2025-10-07T08:08:28.8273522Z  * [new tag]           0.0.7                   -> 0.0.7
end-workflow	Checkout code	2025-10-07T08:08:28.8273865Z  * [new tag]           0.0.70                  -> 0.0.70
end-workflow	Checkout code	2025-10-07T08:08:28.8274213Z  * [new tag]           0.0.71                  -> 0.0.71
end-workflow	Checkout code	2025-10-07T08:08:28.8274615Z  * [new tag]           0.0.72                  -> 0.0.72
end-workflow	Checkout code	2025-10-07T08:08:28.8274958Z  * [new tag]           0.0.73                  -> 0.0.73
end-workflow	Checkout code	2025-10-07T08:08:28.8275318Z  * [new tag]           0.0.74                  -> 0.0.74
end-workflow	Checkout code	2025-10-07T08:08:28.8275666Z  * [new tag]           0.0.75                  -> 0.0.75
end-workflow	Checkout code	2025-10-07T08:08:28.8276022Z  * [new tag]           0.0.76                  -> 0.0.76
end-workflow	Checkout code	2025-10-07T08:08:28.8276373Z  * [new tag]           0.0.77                  -> 0.0.77
end-workflow	Checkout code	2025-10-07T08:08:28.8276736Z  * [new tag]           0.0.78                  -> 0.0.78
end-workflow	Checkout code	2025-10-07T08:08:28.8277086Z  * [new tag]           0.0.79                  -> 0.0.79
end-workflow	Checkout code	2025-10-07T08:08:28.8277557Z  * [new tag]           0.0.8                   -> 0.0.8
end-workflow	Checkout code	2025-10-07T08:08:28.8277921Z  * [new tag]           0.0.80                  -> 0.0.80
end-workflow	Checkout code	2025-10-07T08:08:28.8278300Z  * [new tag]           0.0.81                  -> 0.0.81
end-workflow	Checkout code	2025-10-07T08:08:28.8278658Z  * [new tag]           0.0.82                  -> 0.0.82
end-workflow	Checkout code	2025-10-07T08:08:28.8501608Z  * [new tag]           0.0.83                  -> 0.0.83
end-workflow	Checkout code	2025-10-07T08:08:28.8502007Z  * [new tag]           0.0.84                  -> 0.0.84
end-workflow	Checkout code	2025-10-07T08:08:28.8502358Z  * [new tag]           0.0.85                  -> 0.0.85
end-workflow	Checkout code	2025-10-07T08:08:28.8502710Z  * [new tag]           0.0.86                  -> 0.0.86
end-workflow	Checkout code	2025-10-07T08:08:28.8503060Z  * [new tag]           0.0.87                  -> 0.0.87
end-workflow	Checkout code	2025-10-07T08:08:28.8503426Z  * [new tag]           0.0.88                  -> 0.0.88
end-workflow	Checkout code	2025-10-07T08:08:28.8503788Z  * [new tag]           0.0.89                  -> 0.0.89
end-workflow	Checkout code	2025-10-07T08:08:28.8504138Z  * [new tag]           0.0.9                   -> 0.0.9
end-workflow	Checkout code	2025-10-07T08:08:28.8504490Z  * [new tag]           0.0.90                  -> 0.0.90
end-workflow	Checkout code	2025-10-07T08:08:28.8504837Z  * [new tag]           0.0.91                  -> 0.0.91
end-workflow	Checkout code	2025-10-07T08:08:28.8505199Z  * [new tag]           0.0.92                  -> 0.0.92
end-workflow	Checkout code	2025-10-07T08:08:28.8505542Z  * [new tag]           0.0.93                  -> 0.0.93
end-workflow	Checkout code	2025-10-07T08:08:28.8506074Z  * [new tag]           0.0.94                  -> 0.0.94
end-workflow	Checkout code	2025-10-07T08:08:28.8506428Z  * [new tag]           0.0.95                  -> 0.0.95
end-workflow	Checkout code	2025-10-07T08:08:28.8506778Z  * [new tag]           0.0.96                  -> 0.0.96
end-workflow	Checkout code	2025-10-07T08:08:28.8507119Z  * [new tag]           0.0.97                  -> 0.0.97
end-workflow	Checkout code	2025-10-07T08:08:28.8507559Z  * [new tag]           0.0.98                  -> 0.0.98
end-workflow	Checkout code	2025-10-07T08:08:28.8507908Z  * [new tag]           0.0.99                  -> 0.0.99
end-workflow	Checkout code	2025-10-07T08:08:28.8508250Z  * [new tag]           0.1.0                   -> 0.1.0
end-workflow	Checkout code	2025-10-07T08:08:28.8508585Z  * [new tag]           0.1.1                   -> 0.1.1
end-workflow	Checkout code	2025-10-07T08:08:28.8508921Z  * [new tag]           0.2.0                   -> 0.2.0
end-workflow	Checkout code	2025-10-07T08:08:28.8509253Z  * [new tag]           0.3.0                   -> 0.3.0
end-workflow	Checkout code	2025-10-07T08:08:28.8509593Z  * [new tag]           0.3.1                   -> 0.3.1
end-workflow	Checkout code	2025-10-07T08:08:28.8518020Z  * [new tag]           0.3.10                  -> 0.3.10
end-workflow	Checkout code	2025-10-07T08:08:28.8518723Z  * [new tag]           0.3.11                  -> 0.3.11
end-workflow	Checkout code	2025-10-07T08:08:28.8519081Z  * [new tag]           0.3.12                  -> 0.3.12
end-workflow	Checkout code	2025-10-07T08:08:28.8519439Z  * [new tag]           0.3.13                  -> 0.3.13
end-workflow	Checkout code	2025-10-07T08:08:28.8519783Z  * [new tag]           0.3.14                  -> 0.3.14
end-workflow	Checkout code	2025-10-07T08:08:28.8520132Z  * [new tag]           0.3.15                  -> 0.3.15
end-workflow	Checkout code	2025-10-07T08:08:28.8520472Z  * [new tag]           0.3.16                  -> 0.3.16
end-workflow	Checkout code	2025-10-07T08:08:28.8520813Z  * [new tag]           0.3.17                  -> 0.3.17
end-workflow	Checkout code	2025-10-07T08:08:28.8521163Z  * [new tag]           0.3.2                   -> 0.3.2
end-workflow	Checkout code	2025-10-07T08:08:28.8521551Z  * [new tag]           0.3.3                   -> 0.3.3
end-workflow	Checkout code	2025-10-07T08:08:28.8521925Z  * [new tag]           0.3.4                   -> 0.3.4
end-workflow	Checkout code	2025-10-07T08:08:28.8522299Z  * [new tag]           0.3.5                   -> 0.3.5
end-workflow	Checkout code	2025-10-07T08:08:28.8522659Z  * [new tag]           0.3.6                   -> 0.3.6
end-workflow	Checkout code	2025-10-07T08:08:28.8523041Z  * [new tag]           0.3.7                   -> 0.3.7
end-workflow	Checkout code	2025-10-07T08:08:28.8523424Z  * [new tag]           0.3.8                   -> 0.3.8
end-workflow	Checkout code	2025-10-07T08:08:28.8523778Z  * [new tag]           0.3.9                   -> 0.3.9
end-workflow	Checkout code	2025-10-07T08:08:28.8524128Z  * [new tag]           0.4.0                   -> 0.4.0
end-workflow	Checkout code	2025-10-07T08:08:28.8524476Z  * [new tag]           0.4.1                   -> 0.4.1
end-workflow	Checkout code	2025-10-07T08:08:28.8524834Z  * [new tag]           0.4.10                  -> 0.4.10
end-workflow	Checkout code	2025-10-07T08:08:28.8525188Z  * [new tag]           0.4.2                   -> 0.4.2
end-workflow	Checkout code	2025-10-07T08:08:28.8525546Z  * [new tag]           0.4.3                   -> 0.4.3
end-workflow	Checkout code	2025-10-07T08:08:28.8525887Z  * [new tag]           0.4.4                   -> 0.4.4
end-workflow	Checkout code	2025-10-07T08:08:28.8526246Z  * [new tag]           0.4.5                   -> 0.4.5
end-workflow	Checkout code	2025-10-07T08:08:28.8526618Z  * [new tag]           0.4.6                   -> 0.4.6
end-workflow	Checkout code	2025-10-07T08:08:28.8526994Z  * [new tag]           0.4.7                   -> 0.4.7
end-workflow	Checkout code	2025-10-07T08:08:28.8722098Z  * [new tag]           0.4.8                   -> 0.4.8
end-workflow	Checkout code	2025-10-07T08:08:28.8722598Z  * [new tag]           0.4.9                   -> 0.4.9
end-workflow	Checkout code	2025-10-07T08:08:29.2643239Z [command]/usr/bin/git branch --list --remote origin/H1646-modulo-de-control-de-runners
end-workflow	Checkout code	2025-10-07T08:08:29.3462529Z   origin/H1646-modulo-de-control-de-runners
end-workflow	Checkout code	2025-10-07T08:08:29.3486260Z [command]/usr/bin/git rev-parse refs/remotes/origin/H1646-modulo-de-control-de-runners
end-workflow	Checkout code	2025-10-07T08:08:29.3524936Z ebac8cbb3d11c7ac51e5d76e8079c21121a3afe9
end-workflow	Checkout code	2025-10-07T08:08:29.3552292Z [command]/usr/bin/git -c protocol.version=2 fetch --no-tags --prune --no-recurse-submodules origin +5c58d8127b900e21574c32ea8c22511d44b80051:refs/remotes/origin/H1646-modulo-de-control-de-runners
end-workflow	Checkout code	2025-10-07T08:08:29.4121012Z From https://github.com/Ka0s-Klaus/ka0s
end-workflow	Checkout code	2025-10-07T08:08:29.4122057Z  + ebac8cbb...5c58d812 5c58d8127b900e21574c32ea8c22511d44b80051 -> origin/H1646-modulo-de-control-de-runners  (forced update)
end-workflow	Checkout code	2025-10-07T08:08:29.4831864Z ##[endgroup]
end-workflow	Checkout code	2025-10-07T08:08:29.4832390Z ##[group]Determining the checkout info
end-workflow	Checkout code	2025-10-07T08:08:29.4832838Z ##[endgroup]
end-workflow	Checkout code	2025-10-07T08:08:29.4977768Z [command]/usr/bin/git sparse-checkout disable
end-workflow	Checkout code	2025-10-07T08:08:29.5542999Z [command]/usr/bin/git config --local --unset-all extensions.worktreeConfig
end-workflow	Checkout code	2025-10-07T08:08:29.5881828Z ##[group]Checking out the ref
end-workflow	Checkout code	2025-10-07T08:08:29.5941236Z [command]/usr/bin/git checkout --progress --force -B H1646-modulo-de-control-de-runners refs/remotes/origin/H1646-modulo-de-control-de-runners
end-workflow	Checkout code	2025-10-07T08:08:31.6893235Z Updating files:  26% (223/839)
end-workflow	Checkout code	2025-10-07T08:08:31.7281803Z Updating files:  27% (227/839)
end-workflow	Checkout code	2025-10-07T08:08:31.7555414Z Updating files:  28% (235/839)
end-workflow	Checkout code	2025-10-07T08:08:31.7682069Z Updating files:  29% (244/839)
end-workflow	Checkout code	2025-10-07T08:08:31.8035700Z Updating files:  30% (252/839)
end-workflow	Checkout code	2025-10-07T08:08:31.9113806Z Updating files:  31% (261/839)
end-workflow	Checkout code	2025-10-07T08:08:32.0135271Z Updating files:  32% (269/839)
end-workflow	Checkout code	2025-10-07T08:08:32.3358963Z Updating files:  33% (277/839)
end-workflow	Checkout code	2025-10-07T08:08:32.4464379Z Updating files:  34% (286/839)
end-workflow	Checkout code	2025-10-07T08:08:32.5348580Z Updating files:  35% (294/839)
end-workflow	Checkout code	2025-10-07T08:08:32.5674414Z Updating files:  36% (303/839)
end-workflow	Checkout code	2025-10-07T08:08:32.5811524Z Updating files:  37% (311/839)
end-workflow	Checkout code	2025-10-07T08:08:32.6090417Z Updating files:  38% (319/839)
end-workflow	Checkout code	2025-10-07T08:08:32.6091775Z Updating files:  39% (328/839)
end-workflow	Checkout code	2025-10-07T08:08:32.6280700Z Updating files:  40% (336/839)
end-workflow	Checkout code	2025-10-07T08:08:32.6410478Z Updating files:  41% (344/839)
end-workflow	Checkout code	2025-10-07T08:08:32.6778884Z Updating files:  42% (353/839)
end-workflow	Checkout code	2025-10-07T08:08:32.6779793Z Updating files:  43% (361/839)
end-workflow	Checkout code	2025-10-07T08:08:32.7956380Z Updating files:  44% (370/839)
end-workflow	Checkout code	2025-10-07T08:08:33.4670377Z Updating files:  45% (378/839)
end-workflow	Checkout code	2025-10-07T08:08:33.4676126Z Updating files:  46% (386/839)
end-workflow	Checkout code	2025-10-07T08:08:33.4677108Z Updating files:  47% (395/839)
end-workflow	Checkout code	2025-10-07T08:08:33.4677917Z Updating files:  48% (403/839)
end-workflow	Checkout code	2025-10-07T08:08:33.4678190Z Updating files:  49% (412/839)
end-workflow	Checkout code	2025-10-07T08:08:33.4678493Z Updating files:  50% (420/839)
end-workflow	Checkout code	2025-10-07T08:08:33.4678942Z Updating files:  51% (428/839)
end-workflow	Checkout code	2025-10-07T08:08:33.4679245Z Updating files:  52% (437/839)
end-workflow	Checkout code	2025-10-07T08:08:33.4679528Z Updating files:  53% (445/839)
end-workflow	Checkout code	2025-10-07T08:08:33.4679801Z Updating files:  54% (454/839)
end-workflow	Checkout code	2025-10-07T08:08:33.4680044Z Updating files:  55% (462/839)
end-workflow	Checkout code	2025-10-07T08:08:33.4680299Z Updating files:  56% (470/839)
end-workflow	Checkout code	2025-10-07T08:08:33.4680545Z Updating files:  57% (479/839)
end-workflow	Checkout code	2025-10-07T08:08:33.7103692Z Updating files:  58% (487/839)
end-workflow	Checkout code	2025-10-07T08:08:33.7929882Z Updating files:  58% (493/839)
end-workflow	Checkout code	2025-10-07T08:08:33.8100728Z Updating files:  59% (496/839)
end-workflow	Checkout code	2025-10-07T08:08:33.8749686Z Updating files:  60% (504/839)
end-workflow	Checkout code	2025-10-07T08:08:34.0029007Z Updating files:  61% (512/839)
end-workflow	Checkout code	2025-10-07T08:08:34.2558829Z Updating files:  62% (521/839)
end-workflow	Checkout code	2025-10-07T08:08:34.6179514Z Updating files:  63% (529/839)
end-workflow	Checkout code	2025-10-07T08:08:34.6801648Z Updating files:  64% (537/839)
end-workflow	Checkout code	2025-10-07T08:08:35.2420988Z Updating files:  64% (538/839)
end-workflow	Checkout code	2025-10-07T08:08:35.9028269Z Updating files:  65% (546/839)
end-workflow	Checkout code	2025-10-07T08:08:36.4338212Z Updating files:  65% (552/839)
end-workflow	Checkout code	2025-10-07T08:08:36.7891787Z Updating files:  66% (554/839)
end-workflow	Checkout code	2025-10-07T08:08:37.7217503Z Updating files:  66% (556/839)
end-workflow	Checkout code	2025-10-07T08:08:37.8814922Z Updating files:  66% (562/839)
end-workflow	Checkout code	2025-10-07T08:08:38.6580296Z Updating files:  67% (563/839)
end-workflow	Checkout code	2025-10-07T08:08:39.2096356Z Updating files:  67% (568/839)
end-workflow	Checkout code	2025-10-07T08:08:39.6989163Z Updating files:  68% (571/839)
end-workflow	Checkout code	2025-10-07T08:08:40.5162721Z Updating files:  68% (574/839)
end-workflow	Checkout code	2025-10-07T08:08:40.8026078Z Updating files:  69% (579/839)
end-workflow	Checkout code	2025-10-07T08:08:41.7432293Z Updating files:  69% (580/839)
end-workflow	Checkout code	2025-10-07T08:08:42.0808661Z Updating files:  69% (586/839)
end-workflow	Checkout code	2025-10-07T08:08:42.7745181Z Updating files:  70% (588/839)
end-workflow	Checkout code	2025-10-07T08:08:43.5083232Z Updating files:  70% (592/839)
end-workflow	Checkout code	2025-10-07T08:08:43.7255860Z Updating files:  71% (596/839)
end-workflow	Checkout code	2025-10-07T08:08:44.6752166Z Updating files:  71% (597/839)
end-workflow	Checkout code	2025-10-07T08:08:44.6755343Z Updating files:  71% (601/839)
end-workflow	Checkout code	2025-10-07T08:08:44.6765712Z Updating files:  72% (605/839)
end-workflow	Checkout code	2025-10-07T08:08:44.6766406Z Updating files:  73% (613/839)
end-workflow	Checkout code	2025-10-07T08:08:44.6922380Z Updating files:  74% (621/839)
end-workflow	Checkout code	2025-10-07T08:08:44.6922795Z Updating files:  75% (630/839)
end-workflow	Checkout code	2025-10-07T08:08:44.7051930Z Updating files:  76% (638/839)
end-workflow	Checkout code	2025-10-07T08:08:44.7054774Z Updating files:  77% (647/839)
end-workflow	Checkout code	2025-10-07T08:08:45.1000066Z Updating files:  78% (655/839)
end-workflow	Checkout code	2025-10-07T08:08:45.1001802Z Updating files:  79% (663/839)
end-workflow	Checkout code	2025-10-07T08:08:45.1003211Z Updating files:  80% (672/839)
end-workflow	Checkout code	2025-10-07T08:08:45.1004660Z Updating files:  81% (680/839)
end-workflow	Checkout code	2025-10-07T08:08:45.1029575Z Updating files:  82% (688/839)
end-workflow	Checkout code	2025-10-07T08:08:45.1055509Z Updating files:  83% (697/839)
end-workflow	Checkout code	2025-10-07T08:08:45.1113768Z Updating files:  84% (705/839)
end-workflow	Checkout code	2025-10-07T08:08:45.1179083Z Updating files:  85% (714/839)
end-workflow	Checkout code	2025-10-07T08:08:45.1190863Z Updating files:  86% (722/839)
end-workflow	Checkout code	2025-10-07T08:08:45.1214188Z Updating files:  87% (730/839)
end-workflow	Checkout code	2025-10-07T08:08:45.3494761Z Updating files:  88% (739/839)
end-workflow	Checkout code	2025-10-07T08:08:45.3651923Z Updating files:  89% (747/839)
end-workflow	Checkout code	2025-10-07T08:08:45.3727911Z Updating files:  90% (756/839)
end-workflow	Checkout code	2025-10-07T08:08:45.3764899Z Updating files:  91% (764/839)
end-workflow	Checkout code	2025-10-07T08:08:45.3903284Z Updating files:  92% (772/839)
end-workflow	Checkout code	2025-10-07T08:08:45.3948688Z Updating files:  93% (781/839)
end-workflow	Checkout code	2025-10-07T08:08:45.4016293Z Updating files:  94% (789/839)
end-workflow	Checkout code	2025-10-07T08:08:45.4081897Z Updating files:  95% (798/839)
end-workflow	Checkout code	2025-10-07T08:08:45.4103599Z Updating files:  96% (806/839)
end-workflow	Checkout code	2025-10-07T08:08:45.4159484Z Updating files:  97% (814/839)
end-workflow	Checkout code	2025-10-07T08:08:45.4171430Z Updating files:  98% (823/839)
end-workflow	Checkout code	2025-10-07T08:08:45.4198784Z Updating files:  99% (831/839)
end-workflow	Checkout code	2025-10-07T08:08:45.4199496Z Updating files: 100% (839/839)
end-workflow	Checkout code	2025-10-07T08:08:45.4200104Z Updating files: 100% (839/839), done.
end-workflow	Checkout code	2025-10-07T08:08:45.5675762Z Switched to a new branch 'H1646-modulo-de-control-de-runners'
end-workflow	Checkout code	2025-10-07T08:08:45.5676444Z branch 'H1646-modulo-de-control-de-runners' set up to track 'origin/H1646-modulo-de-control-de-runners'.
end-workflow	Checkout code	2025-10-07T08:08:45.5799565Z ##[endgroup]
end-workflow	Checkout code	2025-10-07T08:08:45.5866646Z [command]/usr/bin/git log -1 --format=%H
end-workflow	Checkout code	2025-10-07T08:08:45.5923479Z 5c58d8127b900e21574c32ea8c22511d44b80051
end-workflow	Finaliza el workflow	﻿2025-10-07T08:08:45.7033720Z ##[group]Run echo "End process"
end-workflow	Finaliza el workflow	2025-10-07T08:08:45.7034182Z [36;1mecho "End process"[0m
end-workflow	Finaliza el workflow	2025-10-07T08:08:45.7034664Z [36;1mRNNUMBER=$(echo "refs/heads/H1646-modulo-de-control-de-runners" | grep -o '[0-9]*')[0m
end-workflow	Finaliza el workflow	2025-10-07T08:08:45.7035257Z [36;1mgh issue comment $RNNUMBER --body "Se finaliza Ka0s 18306107398"[0m
end-workflow	Finaliza el workflow	2025-10-07T08:08:45.7035969Z [36;1mgh workflow run inspector.yml --ref 'main' -f kaos-issue-id=$RNNUMBER -f kaos-workflow-id="18306107398" -f kaos-user-start=""[0m
end-workflow	Finaliza el workflow	2025-10-07T08:08:45.7049149Z shell: /usr/bin/bash -e {0}
end-workflow	Finaliza el workflow	2025-10-07T08:08:45.7049552Z env:
end-workflow	Finaliza el workflow	2025-10-07T08:08:45.7049748Z   KAOS_MODULE: [Ka0S] JSONLINT
end-workflow	Finaliza el workflow	2025-10-07T08:08:45.7050423Z   GH_TOKEN: ***
end-workflow	Finaliza el workflow	2025-10-07T08:08:45.7050673Z   KAOS_JSONLINT_CONFIG: core/config/.jsonlint.json
end-workflow	Finaliza el workflow	2025-10-07T08:08:45.7050989Z   KAOS_PATH_RESUME: audit/jsonlint/
end-workflow	Finaliza el workflow	2025-10-07T08:08:45.7051282Z   KAOS_REPO: /actions-runner/_work/kaos/kaos
end-workflow	Finaliza el workflow	2025-10-07T08:08:45.7051851Z   KAOS_STEP_MODULE: 
end-workflow	Finaliza el workflow	2025-10-07T08:08:45.7052069Z   KAOS_CODE: 18306107398
end-workflow	Finaliza el workflow	2025-10-07T08:08:45.7052349Z   KAOS_REF_BRANCH: main
end-workflow	Finaliza el workflow	2025-10-07T08:08:45.7052561Z ##[endgroup]
end-workflow	Finaliza el workflow	2025-10-07T08:08:45.7475084Z End process
end-workflow	Finaliza el workflow	2025-10-07T08:08:46.8101853Z https://github.com/Ka0s-Klaus/ka0s/issues/1646#issuecomment-3375686376
end-workflow	Post Checkout code	﻿2025-10-07T08:08:47.5944577Z Post job cleanup.
end-workflow	Post Checkout code	2025-10-07T08:08:47.8903153Z [command]/usr/bin/git version
end-workflow	Post Checkout code	2025-10-07T08:08:47.8975831Z git version 2.51.0
end-workflow	Post Checkout code	2025-10-07T08:08:47.9080281Z Temporarily overriding HOME='/home/runner/_work/_temp/6a365163-3e42-4bbd-8e38-11605cd68198' before making global git config changes
end-workflow	Post Checkout code	2025-10-07T08:08:47.9085431Z Adding repository directory to the temporary git global config as a safe directory
end-workflow	Post Checkout code	2025-10-07T08:08:47.9100114Z [command]/usr/bin/git config --global --add safe.directory /home/runner/_work/ka0s/ka0s
end-workflow	Post Checkout code	2025-10-07T08:08:47.9266625Z [command]/usr/bin/git config --local --name-only --get-regexp core\.sshCommand
end-workflow	Post Checkout code	2025-10-07T08:08:47.9315276Z [command]/usr/bin/git submodule foreach --recursive sh -c "git config --local --name-only --get-regexp 'core\.sshCommand' && git config --local --unset-all 'core.sshCommand' || :"
end-workflow	Post Checkout code	2025-10-07T08:08:47.9636004Z [command]/usr/bin/git config --local --name-only --get-regexp http\.https\:\/\/github\.com\/\.extraheader
end-workflow	Post Checkout code	2025-10-07T08:08:47.9661728Z http.https://github.com/.extraheader
end-workflow	Post Checkout code	2025-10-07T08:08:47.9672554Z [command]/usr/bin/git config --local --unset-all http.https://github.com/.extraheader
end-workflow	Post Checkout code	2025-10-07T08:08:47.9927290Z [command]/usr/bin/git submodule foreach --recursive sh -c "git config --local --name-only --get-regexp 'http\.https\:\/\/github\.com\/\.extraheader' && git config --local --unset-all 'http.https://github.com/.extraheader' || :"
end-workflow	Complete job	﻿2025-10-07T08:08:48.0457953Z Cleaning up orphan processes
