job-core	Set up job	Ôªø2025-10-07T07:34:07.5785976Z Current runner version: '2.328.0'
job-core	Set up job	2025-10-07T07:34:07.5795898Z Runner name: 'd1417399e254'
job-core	Set up job	2025-10-07T07:34:07.5796921Z Runner group name: 'swarm-runners'
job-core	Set up job	2025-10-07T07:34:07.5798122Z Machine name: 'd1417399e254'
job-core	Set up job	2025-10-07T07:34:07.5801569Z ##[group]GITHUB_TOKEN Permissions
job-core	Set up job	2025-10-07T07:34:07.5804460Z Actions: write
job-core	Set up job	2025-10-07T07:34:07.5805147Z Contents: write
job-core	Set up job	2025-10-07T07:34:07.5805753Z Metadata: read
job-core	Set up job	2025-10-07T07:34:07.5806360Z ##[endgroup]
job-core	Set up job	2025-10-07T07:34:07.5809063Z Secret source: Actions
job-core	Set up job	2025-10-07T07:34:07.5809824Z Prepare workflow directory
job-core	Set up job	2025-10-07T07:34:07.6415363Z Prepare all required actions
job-core	Set up job	2025-10-07T07:34:07.6457957Z Getting action download info
job-core	Set up job	2025-10-07T07:34:08.1872632Z Download action repository 'actions/checkout@v4' (SHA:08eba0b27e820071cde6df949e0beb9ba4906955)
job-core	Set up job	2025-10-07T07:34:09.2188168Z Complete job name: job-core
job-core	Checkout code	Ôªø2025-10-07T07:34:09.2798831Z ##[group]Run actions/checkout@v4
job-core	Checkout code	2025-10-07T07:34:09.2799963Z with:
job-core	Checkout code	2025-10-07T07:34:09.2800474Z   fetch-depth: 0
job-core	Checkout code	2025-10-07T07:34:09.2801431Z   token: ***
job-core	Checkout code	2025-10-07T07:34:09.2801964Z   repository: Ka0s-Klaus/ka0s
job-core	Checkout code	2025-10-07T07:34:09.2825173Z   ssh-strict: true
job-core	Checkout code	2025-10-07T07:34:09.2825801Z   ssh-user: git
job-core	Checkout code	2025-10-07T07:34:09.2826366Z   persist-credentials: true
job-core	Checkout code	2025-10-07T07:34:09.2827032Z   clean: true
job-core	Checkout code	2025-10-07T07:34:09.2827794Z   sparse-checkout-cone-mode: true
job-core	Checkout code	2025-10-07T07:34:09.2828520Z   fetch-tags: false
job-core	Checkout code	2025-10-07T07:34:09.2829070Z   show-progress: true
job-core	Checkout code	2025-10-07T07:34:09.2829631Z   lfs: false
job-core	Checkout code	2025-10-07T07:34:09.2830114Z   submodules: false
job-core	Checkout code	2025-10-07T07:34:09.2830703Z   set-safe-directory: true
job-core	Checkout code	2025-10-07T07:34:09.2831836Z env:
job-core	Checkout code	2025-10-07T07:34:09.2832338Z   KAOS_BASE_PATH: core/runner
job-core	Checkout code	2025-10-07T07:34:09.2833205Z   KAOS_MODULE: [Ka0S] Scan Directories and Trigger Workflows
job-core	Checkout code	2025-10-07T07:34:09.2834152Z   KAOS_CODE: 18305477279
job-core	Checkout code	2025-10-07T07:34:09.2834785Z   KAOS_TARGET_WORKFLOW: scan-image.yml
job-core	Checkout code	2025-10-07T07:34:09.2835591Z   KAOS_DRY_RUN: false
job-core	Checkout code	2025-10-07T07:34:09.2836192Z   REPORTS_DESTINATION: audit/scan
job-core	Checkout code	2025-10-07T07:34:09.2836893Z ##[endgroup]
job-core	Checkout code	2025-10-07T07:34:09.4008863Z Syncing repository: Ka0s-Klaus/ka0s
job-core	Checkout code	2025-10-07T07:34:09.4011261Z ##[group]Getting Git version info
job-core	Checkout code	2025-10-07T07:34:09.4012193Z Working directory is '/home/runner/_work/ka0s/ka0s'
job-core	Checkout code	2025-10-07T07:34:09.4013502Z [command]/usr/bin/git version
job-core	Checkout code	2025-10-07T07:34:09.4014146Z git version 2.51.0
job-core	Checkout code	2025-10-07T07:34:09.4025990Z ##[endgroup]
job-core	Checkout code	2025-10-07T07:34:09.4046326Z Temporarily overriding HOME='/home/runner/_work/_temp/539ef0b8-49bc-46fd-be2d-dedcdffe6074' before making global git config changes
job-core	Checkout code	2025-10-07T07:34:09.4050022Z Adding repository directory to the temporary git global config as a safe directory
job-core	Checkout code	2025-10-07T07:34:09.4052710Z [command]/usr/bin/git config --global --add safe.directory /home/runner/_work/ka0s/ka0s
job-core	Checkout code	2025-10-07T07:34:09.4097890Z [command]/usr/bin/git config --local --get remote.origin.url
job-core	Checkout code	2025-10-07T07:34:09.4120100Z https://github.com/Ka0s-Klaus/ka0s
job-core	Checkout code	2025-10-07T07:34:09.4139483Z ##[group]Removing previously created refs, to avoid conflicts
job-core	Checkout code	2025-10-07T07:34:09.4145444Z [command]/usr/bin/git rev-parse --symbolic-full-name --verify --quiet HEAD
job-core	Checkout code	2025-10-07T07:34:09.4168379Z refs/heads/main
job-core	Checkout code	2025-10-07T07:34:09.4180612Z [command]/usr/bin/git checkout --detach
job-core	Checkout code	2025-10-07T07:34:09.4258311Z HEAD is now at c0f89683 swarm-runners] Uploading files to MongoDB update repository ...
job-core	Checkout code	2025-10-07T07:34:09.4308094Z [command]/usr/bin/git branch --delete --force main
job-core	Checkout code	2025-10-07T07:34:09.4339668Z Deleted branch main (was c0f89683).
job-core	Checkout code	2025-10-07T07:34:09.4424744Z ##[endgroup]
job-core	Checkout code	2025-10-07T07:34:09.4425664Z [command]/usr/bin/git submodule status
job-core	Checkout code	2025-10-07T07:34:09.4678433Z ##[group]Cleaning the repository
job-core	Checkout code	2025-10-07T07:34:09.4683271Z [command]/usr/bin/git clean -ffdx
job-core	Checkout code	2025-10-07T07:34:09.4752312Z [command]/usr/bin/git reset --hard HEAD
job-core	Checkout code	2025-10-07T07:34:09.4833691Z HEAD is now at c0f89683 swarm-runners] Uploading files to MongoDB update repository ...
job-core	Checkout code	2025-10-07T07:34:09.4838464Z ##[endgroup]
job-core	Checkout code	2025-10-07T07:34:09.4839841Z ##[group]Disabling automatic garbage collection
job-core	Checkout code	2025-10-07T07:34:09.4844809Z [command]/usr/bin/git config --local gc.auto 0
job-core	Checkout code	2025-10-07T07:34:09.4876579Z ##[endgroup]
job-core	Checkout code	2025-10-07T07:34:09.4878144Z ##[group]Setting up auth
job-core	Checkout code	2025-10-07T07:34:09.4882786Z [command]/usr/bin/git config --local --name-only --get-regexp core\.sshCommand
job-core	Checkout code	2025-10-07T07:34:09.4916778Z [command]/usr/bin/git submodule foreach --recursive sh -c "git config --local --name-only --get-regexp 'core\.sshCommand' && git config --local --unset-all 'core.sshCommand' || :"
job-core	Checkout code	2025-10-07T07:34:09.5168150Z [command]/usr/bin/git config --local --name-only --get-regexp http\.https\:\/\/github\.com\/\.extraheader
job-core	Checkout code	2025-10-07T07:34:09.5202517Z [command]/usr/bin/git submodule foreach --recursive sh -c "git config --local --name-only --get-regexp 'http\.https\:\/\/github\.com\/\.extraheader' && git config --local --unset-all 'http.https://github.com/.extraheader' || :"
job-core	Checkout code	2025-10-07T07:34:09.5462045Z [command]/usr/bin/git config --local http.https://github.com/.extraheader AUTHORIZATION: basic ***
job-core	Checkout code	2025-10-07T07:34:09.5501746Z ##[endgroup]
job-core	Checkout code	2025-10-07T07:34:09.5502901Z ##[group]Fetching the repository
job-core	Checkout code	2025-10-07T07:34:09.5512895Z [command]/usr/bin/git -c protocol.version=2 fetch --prune --no-recurse-submodules origin +refs/heads/*:refs/remotes/origin/* +refs/tags/*:refs/tags/*
job-core	Checkout code	2025-10-07T07:34:10.4319735Z From https://github.com/Ka0s-Klaus/ka0s
job-core	Checkout code	2025-10-07T07:34:10.4322556Z    c0f89683..b67381a0  main       -> origin/main
job-core	Checkout code	2025-10-07T07:34:10.4367732Z [command]/usr/bin/git branch --list --remote origin/H1646-modulo-de-control-de-runners
job-core	Checkout code	2025-10-07T07:34:10.4428691Z   origin/H1646-modulo-de-control-de-runners
job-core	Checkout code	2025-10-07T07:34:10.4442728Z [command]/usr/bin/git rev-parse refs/remotes/origin/H1646-modulo-de-control-de-runners
job-core	Checkout code	2025-10-07T07:34:10.4467480Z a143e99361d3401565a4f50a0584b74781a65869
job-core	Checkout code	2025-10-07T07:34:10.4473684Z ##[endgroup]
job-core	Checkout code	2025-10-07T07:34:10.4475089Z ##[group]Determining the checkout info
job-core	Checkout code	2025-10-07T07:34:10.4476549Z ##[endgroup]
job-core	Checkout code	2025-10-07T07:34:10.4480133Z [command]/usr/bin/git sparse-checkout disable
job-core	Checkout code	2025-10-07T07:34:10.4533557Z [command]/usr/bin/git config --local --unset-all extensions.worktreeConfig
job-core	Checkout code	2025-10-07T07:34:10.4565538Z ##[group]Checking out the ref
job-core	Checkout code	2025-10-07T07:34:10.4568927Z [command]/usr/bin/git checkout --progress --force -B H1646-modulo-de-control-de-runners refs/remotes/origin/H1646-modulo-de-control-de-runners
job-core	Checkout code	2025-10-07T07:34:10.4775459Z Previous HEAD position was c0f89683 swarm-runners] Uploading files to MongoDB update repository ...
job-core	Checkout code	2025-10-07T07:34:10.4790890Z Switched to a new branch 'H1646-modulo-de-control-de-runners'
job-core	Checkout code	2025-10-07T07:34:10.4795484Z branch 'H1646-modulo-de-control-de-runners' set up to track 'origin/H1646-modulo-de-control-de-runners'.
job-core	Checkout code	2025-10-07T07:34:10.4805028Z ##[endgroup]
job-core	Checkout code	2025-10-07T07:34:10.4845413Z [command]/usr/bin/git log -1 --format=%H
job-core	Checkout code	2025-10-07T07:34:10.4872901Z a143e99361d3401565a4f50a0584b74781a65869
job-core	Scan directories and create matrix	Ôªø2025-10-07T07:34:10.5105276Z ##[group]Run BASE_PATH="core/runner"
job-core	Scan directories and create matrix	2025-10-07T07:34:10.5106766Z [36;1mBASE_PATH="core/runner"[0m
job-core	Scan directories and create matrix	2025-10-07T07:34:10.5108177Z [36;1mREPORT_FILE="directory-scan-report-$(date +%Y%m%d-%H%M%S).md"[0m
job-core	Scan directories and create matrix	2025-10-07T07:34:10.5109535Z [36;1m[0m
job-core	Scan directories and create matrix	2025-10-07T07:34:10.5110340Z [36;1m# Validate base path exists[0m
job-core	Scan directories and create matrix	2025-10-07T07:34:10.5111379Z [36;1mif [ ! -d "$BASE_PATH" ]; then[0m
job-core	Scan directories and create matrix	2025-10-07T07:34:10.5112595Z [36;1m  echo "‚ùå Error: Base path '$BASE_PATH' does not exist"[0m
job-core	Scan directories and create matrix	2025-10-07T07:34:10.5113768Z [36;1m  exit 1[0m
job-core	Scan directories and create matrix	2025-10-07T07:34:10.5114551Z [36;1mfi[0m
job-core	Scan directories and create matrix	2025-10-07T07:34:10.5115294Z [36;1m[0m
job-core	Scan directories and create matrix	2025-10-07T07:34:10.5116075Z [36;1m# Extract main folder name[0m
job-core	Scan directories and create matrix	2025-10-07T07:34:10.5117135Z [36;1mMAIN_FOLDER=$(basename "$BASE_PATH")[0m
job-core	Scan directories and create matrix	2025-10-07T07:34:10.5118379Z [36;1mecho "üìÅ Main folder: $MAIN_FOLDER"[0m
job-core	Scan directories and create matrix	2025-10-07T07:34:10.5119391Z [36;1m[0m
job-core	Scan directories and create matrix	2025-10-07T07:34:10.5120173Z [36;1m# Initialize report[0m
job-core	Scan directories and create matrix	2025-10-07T07:34:10.5121125Z [36;1mcat > "$REPORT_FILE" << EOF[0m
job-core	Scan directories and create matrix	2025-10-07T07:34:10.5122210Z [36;1m# Directory Scan Report[0m
job-core	Scan directories and create matrix	2025-10-07T07:34:10.5123140Z [36;1m[0m
job-core	Scan directories and create matrix	2025-10-07T07:34:10.5124036Z [36;1m**Generated:** $(date '+%Y-%m-%d %H:%M:%S UTC')[0m
job-core	Scan directories and create matrix	2025-10-07T07:34:10.5144296Z [36;1m**Base Path:** \`$BASE_PATH\`[0m
job-core	Scan directories and create matrix	2025-10-07T07:34:10.5145485Z [36;1m**Main Folder:** \`$MAIN_FOLDER\`[0m
job-core	Scan directories and create matrix	2025-10-07T07:34:10.5146490Z [36;1m[0m
job-core	Scan directories and create matrix	2025-10-07T07:34:10.5147236Z [36;1m## Summary[0m
job-core	Scan directories and create matrix	2025-10-07T07:34:10.5148106Z [36;1mEOF[0m
job-core	Scan directories and create matrix	2025-10-07T07:34:10.5148860Z [36;1m[0m
job-core	Scan directories and create matrix	2025-10-07T07:34:10.5149689Z [36;1m# Initialize counters and matrix[0m
job-core	Scan directories and create matrix	2025-10-07T07:34:10.5150734Z [36;1mTOTAL_SUBDIRS=0[0m
job-core	Scan directories and create matrix	2025-10-07T07:34:10.5151644Z [36;1mTOTAL_FILES=0[0m
job-core	Scan directories and create matrix	2025-10-07T07:34:10.5152537Z [36;1mTOTAL_DOCKERFILES=0[0m
job-core	Scan directories and create matrix	2025-10-07T07:34:10.5153467Z [36;1mMATRIX_ITEMS="[]"[0m
job-core	Scan directories and create matrix	2025-10-07T07:34:10.5154399Z [36;1m[0m
job-core	Scan directories and create matrix	2025-10-07T07:34:10.5155269Z [36;1m# Scan first-level subdirectories[0m
job-core	Scan directories and create matrix	2025-10-07T07:34:10.5156328Z [36;1mecho "" >> "$REPORT_FILE"[0m
job-core	Scan directories and create matrix	2025-10-07T07:34:10.5157574Z [36;1mecho "## Subdirectories Analysis" >> "$REPORT_FILE"[0m
job-core	Scan directories and create matrix	2025-10-07T07:34:10.5158829Z [36;1mecho "" >> "$REPORT_FILE"[0m
job-core	Scan directories and create matrix	2025-10-07T07:34:10.5159761Z [36;1m[0m
job-core	Scan directories and create matrix	2025-10-07T07:34:10.5160559Z [36;1mfor subdir in "$BASE_PATH"/*/; do[0m
job-core	Scan directories and create matrix	2025-10-07T07:34:10.5161578Z [36;1m  if [ -d "$subdir" ]; then[0m
job-core	Scan directories and create matrix	2025-10-07T07:34:10.5162591Z [36;1m    SUBDIR_NAME=$(basename "$subdir")[0m
job-core	Scan directories and create matrix	2025-10-07T07:34:10.5163684Z [36;1m    TOTAL_SUBDIRS=$((TOTAL_SUBDIRS + 1))[0m
job-core	Scan directories and create matrix	2025-10-07T07:34:10.5164691Z [36;1m    [0m
job-core	Scan directories and create matrix	2025-10-07T07:34:10.5165559Z [36;1m    echo "### üìÇ $SUBDIR_NAME" >> "$REPORT_FILE"[0m
job-core	Scan directories and create matrix	2025-10-07T07:34:10.5166747Z [36;1m    echo "**Path:** \`$subdir\`" >> "$REPORT_FILE"[0m
job-core	Scan directories and create matrix	2025-10-07T07:34:10.5167946Z [36;1m    echo "" >> "$REPORT_FILE"[0m
job-core	Scan directories and create matrix	2025-10-07T07:34:10.5168883Z [36;1m    [0m
job-core	Scan directories and create matrix	2025-10-07T07:34:10.5169701Z [36;1m    # Count files and subdirectories[0m
job-core	Scan directories and create matrix	2025-10-07T07:34:10.5171006Z [36;1m    FILE_COUNT=$(find "$subdir" -maxdepth 1 -type f | wc -l)[0m
job-core	Scan directories and create matrix	2025-10-07T07:34:10.5172440Z [36;1m    SUBDIR_COUNT=$(find "$subdir" -maxdepth 1 -type d | wc -l)[0m
job-core	Scan directories and create matrix	2025-10-07T07:34:10.5173974Z [36;1m    SUBDIR_COUNT=$((SUBDIR_COUNT - 1))  # Exclude the directory itself[0m
job-core	Scan directories and create matrix	2025-10-07T07:34:10.5175216Z [36;1m    [0m
job-core	Scan directories and create matrix	2025-10-07T07:34:10.5176069Z [36;1m    TOTAL_FILES=$((TOTAL_FILES + FILE_COUNT))[0m
job-core	Scan directories and create matrix	2025-10-07T07:34:10.5177069Z [36;1m    [0m
job-core	Scan directories and create matrix	2025-10-07T07:34:10.5177994Z [36;1m    echo "- **Files:** $FILE_COUNT" >> "$REPORT_FILE"[0m
job-core	Scan directories and create matrix	2025-10-07T07:34:10.5179312Z [36;1m    echo "- **Subdirectories:** $SUBDIR_COUNT" >> "$REPORT_FILE"[0m
job-core	Scan directories and create matrix	2025-10-07T07:34:10.5180520Z [36;1m    echo "" >> "$REPORT_FILE"[0m
job-core	Scan directories and create matrix	2025-10-07T07:34:10.5181417Z [36;1m    [0m
job-core	Scan directories and create matrix	2025-10-07T07:34:10.5182157Z [36;1m    # List contents[0m
job-core	Scan directories and create matrix	2025-10-07T07:34:10.5183213Z [36;1m    echo "**Contents:**" >> "$REPORT_FILE"[0m
job-core	Scan directories and create matrix	2025-10-07T07:34:10.5184202Z [36;1m    for item in "$subdir"*; do[0m
job-core	Scan directories and create matrix	2025-10-07T07:34:10.5185108Z [36;1m      if [ -e "$item" ]; then[0m
job-core	Scan directories and create matrix	2025-10-07T07:34:10.5186043Z [36;1m        ITEM_NAME=$(basename "$item")[0m
job-core	Scan directories and create matrix	2025-10-07T07:34:10.5187429Z [36;1m        if [ -d "$item" ]; then[0m
job-core	Scan directories and create matrix	2025-10-07T07:34:10.5188860Z [36;1m          echo "- üìÅ $ITEM_NAME/" >> "$REPORT_FILE"[0m
job-core	Scan directories and create matrix	2025-10-07T07:34:10.5189843Z [36;1m        else[0m
job-core	Scan directories and create matrix	2025-10-07T07:34:10.5190680Z [36;1m          echo "- üìÑ $ITEM_NAME" >> "$REPORT_FILE"[0m
job-core	Scan directories and create matrix	2025-10-07T07:34:10.5191930Z [36;1m        fi[0m
job-core	Scan directories and create matrix	2025-10-07T07:34:10.5192886Z [36;1m      fi[0m
job-core	Scan directories and create matrix	2025-10-07T07:34:10.5193558Z [36;1m    done[0m
job-core	Scan directories and create matrix	2025-10-07T07:34:10.5194278Z [36;1m    echo "" >> "$REPORT_FILE"[0m
job-core	Scan directories and create matrix	2025-10-07T07:34:10.5195129Z [36;1m    [0m
job-core	Scan directories and create matrix	2025-10-07T07:34:10.5196006Z [36;1m    # Check for Dockerfiles in subdirectories (versions)[0m
job-core	Scan directories and create matrix	2025-10-07T07:34:10.5197090Z [36;1m    DOCKERFILES_FOUND=0[0m
job-core	Scan directories and create matrix	2025-10-07T07:34:10.5198700Z [36;1m    echo "**Docker Analysis:**" >> "$REPORT_FILE"[0m
job-core	Scan directories and create matrix	2025-10-07T07:34:10.5199664Z [36;1m    [0m
job-core	Scan directories and create matrix	2025-10-07T07:34:10.5200417Z [36;1m    for version_dir in "$subdir"/*/; do[0m
job-core	Scan directories and create matrix	2025-10-07T07:34:10.5201405Z [36;1m      if [ -d "$version_dir" ]; then[0m
job-core	Scan directories and create matrix	2025-10-07T07:34:10.5202469Z [36;1m        VERSION_NAME=$(basename "$version_dir")[0m
job-core	Scan directories and create matrix	2025-10-07T07:34:10.5203574Z [36;1m        DOCKERFILE_PATH="$version_dir/Dockerfile"[0m
job-core	Scan directories and create matrix	2025-10-07T07:34:10.5204776Z [36;1m        [0m
job-core	Scan directories and create matrix	2025-10-07T07:34:10.5205551Z [36;1m        if [ -f "$DOCKERFILE_PATH" ]; then[0m
job-core	Scan directories and create matrix	2025-10-07T07:34:10.5206624Z [36;1m          DOCKERFILES_FOUND=$((DOCKERFILES_FOUND + 1))[0m
job-core	Scan directories and create matrix	2025-10-07T07:34:10.5207830Z [36;1m          TOTAL_DOCKERFILES=$((TOTAL_DOCKERFILES + 1))[0m
job-core	Scan directories and create matrix	2025-10-07T07:34:10.5208830Z [36;1m          [0m
job-core	Scan directories and create matrix	2025-10-07T07:34:10.5209892Z [36;1m          echo "- ‚úÖ Version \`$VERSION_NAME\`: Dockerfile found" >> "$REPORT_FILE"[0m
job-core	Scan directories and create matrix	2025-10-07T07:34:10.5211078Z [36;1m          [0m
job-core	Scan directories and create matrix	2025-10-07T07:34:10.5211903Z [36;1m          # Add to matrix for workflow triggering[0m
job-core	Scan directories and create matrix	2025-10-07T07:34:10.5212925Z [36;1m          MATRIX_ITEM=$(cat << EOF[0m
job-core	Scan directories and create matrix	2025-10-07T07:34:10.5213785Z [36;1m{[0m
job-core	Scan directories and create matrix	2025-10-07T07:34:10.5214489Z [36;1m  "image_name": "$SUBDIR_NAME",[0m
job-core	Scan directories and create matrix	2025-10-07T07:34:10.5215412Z [36;1m  "version": "$VERSION_NAME",[0m
job-core	Scan directories and create matrix	2025-10-07T07:34:10.5216394Z [36;1m  "dockerfile_path": "$DOCKERFILE_PATH"[0m
job-core	Scan directories and create matrix	2025-10-07T07:34:10.5217307Z [36;1m}[0m
job-core	Scan directories and create matrix	2025-10-07T07:34:10.5218279Z [36;1mEOF[0m
job-core	Scan directories and create matrix	2025-10-07T07:34:10.5218926Z [36;1m          )[0m
job-core	Scan directories and create matrix	2025-10-07T07:34:10.5219621Z [36;1m          [0m
job-core	Scan directories and create matrix	2025-10-07T07:34:10.5220404Z [36;1m          if [ "$MATRIX_ITEMS" = "[]" ]; then[0m
job-core	Scan directories and create matrix	2025-10-07T07:34:10.5221399Z [36;1m            MATRIX_ITEMS="[$MATRIX_ITEM]"[0m
job-core	Scan directories and create matrix	2025-10-07T07:34:10.5222314Z [36;1m          else[0m
job-core	Scan directories and create matrix	2025-10-07T07:34:10.5223322Z [36;1m            MATRIX_ITEMS=$(echo "$MATRIX_ITEMS" | jq ". + [$MATRIX_ITEM]")[0m
job-core	Scan directories and create matrix	2025-10-07T07:34:10.5224439Z [36;1m          fi[0m
job-core	Scan directories and create matrix	2025-10-07T07:34:10.5225147Z [36;1m        else[0m
job-core	Scan directories and create matrix	2025-10-07T07:34:10.5226164Z [36;1m          echo "- ‚ùå Version \`$VERSION_NAME\`: No Dockerfile" >> "$REPORT_FILE"[0m
job-core	Scan directories and create matrix	2025-10-07T07:34:10.5227349Z [36;1m        fi[0m
job-core	Scan directories and create matrix	2025-10-07T07:34:10.5228346Z [36;1m      fi[0m
job-core	Scan directories and create matrix	2025-10-07T07:34:10.5229017Z [36;1m    done[0m
job-core	Scan directories and create matrix	2025-10-07T07:34:10.5229692Z [36;1m    [0m
job-core	Scan directories and create matrix	2025-10-07T07:34:10.5230465Z [36;1m    if [ $DOCKERFILES_FOUND -eq 0 ]; then[0m
job-core	Scan directories and create matrix	2025-10-07T07:34:10.5231804Z [36;1m      echo "- ‚ö†Ô∏è  No Dockerfiles found in any version subdirectory" >> "$REPORT_FILE"[0m
job-core	Scan directories and create matrix	2025-10-07T07:34:10.5233043Z [36;1m    fi[0m
job-core	Scan directories and create matrix	2025-10-07T07:34:10.5233701Z [36;1m    [0m
job-core	Scan directories and create matrix	2025-10-07T07:34:10.5234406Z [36;1m    echo "" >> "$REPORT_FILE"[0m
job-core	Scan directories and create matrix	2025-10-07T07:34:10.5235239Z [36;1m  fi[0m
job-core	Scan directories and create matrix	2025-10-07T07:34:10.5235886Z [36;1mdone[0m
job-core	Scan directories and create matrix	2025-10-07T07:34:10.5236532Z [36;1m[0m
job-core	Scan directories and create matrix	2025-10-07T07:34:10.5237188Z [36;1m# Update summary[0m
job-core	Scan directories and create matrix	2025-10-07T07:34:10.5238353Z [36;1mMATRIX_COUNT=$(echo "$MATRIX_ITEMS" | jq length 2>/dev/null || echo 0)[0m
job-core	Scan directories and create matrix	2025-10-07T07:34:10.5240780Z [36;1mSUMMARY_CONTENT="- **Total Subdirectories:** $TOTAL_SUBDIRS\n- **Total Files:** $TOTAL_FILES\n- **Total Dockerfiles:** $TOTAL_DOCKERFILES\n- **Docker Images to Process:** $MATRIX_COUNT"[0m
job-core	Scan directories and create matrix	2025-10-07T07:34:10.5243826Z [36;1mawk -v content="$SUMMARY_CONTENT" '/## Summary/{print; print content; next}1' "$REPORT_FILE" > "${REPORT_FILE}.tmp" && mv "${REPORT_FILE}.tmp" "$REPORT_FILE"[0m
job-core	Scan directories and create matrix	2025-10-07T07:34:10.5245793Z [36;1m[0m
job-core	Scan directories and create matrix	2025-10-07T07:34:10.5246500Z [36;1m# Add build matrix section[0m
job-core	Scan directories and create matrix	2025-10-07T07:34:10.5247474Z [36;1mecho "## Build Matrix" >> "$REPORT_FILE"[0m
job-core	Scan directories and create matrix	2025-10-07T07:34:10.5248432Z [36;1mecho "" >> "$REPORT_FILE"[0m
job-core	Scan directories and create matrix	2025-10-07T07:34:10.5249322Z [36;1mif [ "$MATRIX_ITEMS" != "[]" ]; then[0m
job-core	Scan directories and create matrix	2025-10-07T07:34:10.5250555Z [36;1m  echo "The following Docker images will be processed:" >> "$REPORT_FILE"[0m
job-core	Scan directories and create matrix	2025-10-07T07:34:10.5251782Z [36;1m  echo "" >> "$REPORT_FILE"[0m
job-core	Scan directories and create matrix	2025-10-07T07:34:10.5252685Z [36;1m  echo "\`\`\`json" >> "$REPORT_FILE"[0m
job-core	Scan directories and create matrix	2025-10-07T07:34:10.5254021Z [36;1m  echo "$MATRIX_ITEMS" | jq . >> "$REPORT_FILE" 2>/dev/null || echo "$MATRIX_ITEMS" >> "$REPORT_FILE"[0m
job-core	Scan directories and create matrix	2025-10-07T07:34:10.5255406Z [36;1m  echo "\`\`\`" >> "$REPORT_FILE"[0m
job-core	Scan directories and create matrix	2025-10-07T07:34:10.5256252Z [36;1melse[0m
job-core	Scan directories and create matrix	2025-10-07T07:34:10.5257148Z [36;1m  echo "‚ùå No Docker images found to process." >> "$REPORT_FILE"[0m
job-core	Scan directories and create matrix	2025-10-07T07:34:10.5258246Z [36;1mfi[0m
job-core	Scan directories and create matrix	2025-10-07T07:34:10.5258867Z [36;1m[0m
job-core	Scan directories and create matrix	2025-10-07T07:34:10.5259662Z [36;1m# Set outputs[0m
job-core	Scan directories and create matrix	2025-10-07T07:34:10.5260542Z [36;1mMATRIX_ITEMS=$(echo "$MATRIX_ITEMS" | jq -c .)[0m
job-core	Scan directories and create matrix	2025-10-07T07:34:10.5261635Z [36;1mecho "matrix=$MATRIX_ITEMS" >> $GITHUB_OUTPUT[0m
job-core	Scan directories and create matrix	2025-10-07T07:34:10.5263026Z [36;1mecho "has-dockerfiles=$([ "$MATRIX_ITEMS" != "[]" ] && echo true || echo false)" >> $GITHUB_OUTPUT[0m
job-core	Scan directories and create matrix	2025-10-07T07:34:10.5264490Z [36;1mecho "report-file=$REPORT_FILE" >> $GITHUB_OUTPUT[0m
job-core	Scan directories and create matrix	2025-10-07T07:34:10.5265456Z [36;1m[0m
job-core	Scan directories and create matrix	2025-10-07T07:34:10.5266104Z [36;1m# Display summary[0m
job-core	Scan directories and create matrix	2025-10-07T07:34:10.5266882Z [36;1mecho "üìä Scan completed:"[0m
job-core	Scan directories and create matrix	2025-10-07T07:34:10.5267860Z [36;1mecho "   - Subdirectories: $TOTAL_SUBDIRS"[0m
job-core	Scan directories and create matrix	2025-10-07T07:34:10.5268832Z [36;1mecho "   - Files: $TOTAL_FILES"[0m
job-core	Scan directories and create matrix	2025-10-07T07:34:10.5269802Z [36;1mecho "   - Dockerfiles: $TOTAL_DOCKERFILES"[0m
job-core	Scan directories and create matrix	2025-10-07T07:34:10.5270789Z [36;1mecho "   - Report: $REPORT_FILE"[0m
job-core	Scan directories and create matrix	2025-10-07T07:34:10.5286697Z shell: /usr/bin/bash -e {0}
job-core	Scan directories and create matrix	2025-10-07T07:34:10.5287932Z env:
job-core	Scan directories and create matrix	2025-10-07T07:34:10.5289028Z   KAOS_BASE_PATH: core/runner
job-core	Scan directories and create matrix	2025-10-07T07:34:10.5290163Z   KAOS_MODULE: [Ka0S] Scan Directories and Trigger Workflows
job-core	Scan directories and create matrix	2025-10-07T07:34:10.5291164Z   KAOS_CODE: 18305477279
job-core	Scan directories and create matrix	2025-10-07T07:34:10.5291938Z   KAOS_TARGET_WORKFLOW: scan-image.yml
job-core	Scan directories and create matrix	2025-10-07T07:34:10.5292777Z   KAOS_DRY_RUN: false
job-core	Scan directories and create matrix	2025-10-07T07:34:10.5293510Z   REPORTS_DESTINATION: audit/scan
job-core	Scan directories and create matrix	2025-10-07T07:34:10.5294300Z ##[endgroup]
job-core	Scan directories and create matrix	2025-10-07T07:34:10.5378333Z üìÅ Main folder: runner
job-core	Scan directories and create matrix	2025-10-07T07:34:11.1132957Z üìä Scan completed:
job-core	Scan directories and create matrix	2025-10-07T07:34:11.1134003Z    - Subdirectories: 4
job-core	Scan directories and create matrix	2025-10-07T07:34:11.1141199Z    - Files: 1
job-core	Scan directories and create matrix	2025-10-07T07:34:11.1142117Z    - Dockerfiles: 17
job-core	Scan directories and create matrix	2025-10-07T07:34:11.1143016Z    - Report: directory-scan-report-20251007-093410.md
job-core	Commit scan report	Ôªø2025-10-07T07:34:11.1232741Z ##[group]Run REPORT_FILE="directory-scan-report-20251007-093410.md"
job-core	Commit scan report	2025-10-07T07:34:11.1234265Z [36;1mREPORT_FILE="directory-scan-report-20251007-093410.md"[0m
job-core	Commit scan report	2025-10-07T07:34:11.1235857Z [36;1mgit config --global user.name "***"[0m
job-core	Commit scan report	2025-10-07T07:34:11.1237000Z [36;1mgit config --global user.email "***"[0m
job-core	Commit scan report	2025-10-07T07:34:11.1238392Z [36;1mgit add "$REPORT_FILE"[0m
job-core	Commit scan report	2025-10-07T07:34:11.1239666Z [36;1mgit commit -m "[Ka0s] üìä Directory scan report: core/runner" || echo "No changes to commit"[0m
job-core	Commit scan report	2025-10-07T07:34:11.1240965Z [36;1mgit push[0m
job-core	Commit scan report	2025-10-07T07:34:11.1251330Z shell: /usr/bin/bash -e {0}
job-core	Commit scan report	2025-10-07T07:34:11.1252273Z env:
job-core	Commit scan report	2025-10-07T07:34:11.1253067Z   KAOS_BASE_PATH: core/runner
job-core	Commit scan report	2025-10-07T07:34:11.1254384Z   KAOS_MODULE: [Ka0S] Scan Directories and Trigger Workflows
job-core	Commit scan report	2025-10-07T07:34:11.1255383Z   KAOS_CODE: 18305477279
job-core	Commit scan report	2025-10-07T07:34:11.1256158Z   KAOS_TARGET_WORKFLOW: scan-image.yml
job-core	Commit scan report	2025-10-07T07:34:11.1257004Z   KAOS_DRY_RUN: false
job-core	Commit scan report	2025-10-07T07:34:11.1257818Z   REPORTS_DESTINATION: audit/scan
job-core	Commit scan report	2025-10-07T07:34:11.1258685Z ##[endgroup]
job-core	Commit scan report	2025-10-07T07:34:11.1501288Z [H1646-modulo-de-control-de-runners 679768a9] [Ka0s] üìä Directory scan report: core/runner
job-core	Commit scan report	2025-10-07T07:34:11.1503100Z  1 file changed, 182 insertions(+)
job-core	Commit scan report	2025-10-07T07:34:11.1504373Z  create mode 100644 directory-scan-report-20251007-093410.md
job-core	Commit scan report	2025-10-07T07:34:12.0377794Z To https://github.com/Ka0s-Klaus/ka0s
job-core	Commit scan report	2025-10-07T07:34:12.0466481Z    a143e993..679768a9  H1646-modulo-de-control-de-runners -> H1646-modulo-de-control-de-runners
job-core	Post Checkout code	Ôªø2025-10-07T07:34:12.0619941Z Post job cleanup.
job-core	Post Checkout code	2025-10-07T07:34:12.1674135Z [command]/usr/bin/git version
job-core	Post Checkout code	2025-10-07T07:34:12.1713082Z git version 2.51.0
job-core	Post Checkout code	2025-10-07T07:34:12.1753973Z Copying '/home/runner/.gitconfig' to '/home/runner/_work/_temp/4a76e17a-de7e-49d5-8b55-fd197417eb0e/.gitconfig'
job-core	Post Checkout code	2025-10-07T07:34:12.1768267Z Temporarily overriding HOME='/home/runner/_work/_temp/4a76e17a-de7e-49d5-8b55-fd197417eb0e' before making global git config changes
job-core	Post Checkout code	2025-10-07T07:34:12.1769218Z Adding repository directory to the temporary git global config as a safe directory
job-core	Post Checkout code	2025-10-07T07:34:12.1773549Z [command]/usr/bin/git config --global --add safe.directory /home/runner/_work/ka0s/ka0s
job-core	Post Checkout code	2025-10-07T07:34:12.1822085Z [command]/usr/bin/git config --local --name-only --get-regexp core\.sshCommand
job-core	Post Checkout code	2025-10-07T07:34:12.1860195Z [command]/usr/bin/git submodule foreach --recursive sh -c "git config --local --name-only --get-regexp 'core\.sshCommand' && git config --local --unset-all 'core.sshCommand' || :"
job-core	Post Checkout code	2025-10-07T07:34:12.2117073Z [command]/usr/bin/git config --local --name-only --get-regexp http\.https\:\/\/github\.com\/\.extraheader
job-core	Post Checkout code	2025-10-07T07:34:12.2141959Z http.https://github.com/.extraheader
job-core	Post Checkout code	2025-10-07T07:34:12.2154775Z [command]/usr/bin/git config --local --unset-all http.https://github.com/.extraheader
job-core	Post Checkout code	2025-10-07T07:34:12.2202329Z [command]/usr/bin/git submodule foreach --recursive sh -c "git config --local --name-only --get-regexp 'http\.https\:\/\/github\.com\/\.extraheader' && git config --local --unset-all 'http.https://github.com/.extraheader' || :"
job-core	Complete job	Ôªø2025-10-07T07:34:12.2591276Z Evaluate and set job outputs
job-core	Complete job	2025-10-07T07:34:12.2604273Z Set output 'matrix'
job-core	Complete job	2025-10-07T07:34:12.2606033Z Set output 'has-dockerfiles'
job-core	Complete job	2025-10-07T07:34:12.2607199Z Cleaning up orphan processes
handle_failure	Set up job	Ôªø2025-10-07T07:35:15.8812642Z Current runner version: '2.328.0'
handle_failure	Set up job	2025-10-07T07:35:15.8821070Z Runner name: 'd1417399e254'
handle_failure	Set up job	2025-10-07T07:35:15.8821909Z Runner group name: 'swarm-runners'
handle_failure	Set up job	2025-10-07T07:35:15.8822943Z Machine name: 'd1417399e254'
handle_failure	Set up job	2025-10-07T07:35:15.8826113Z ##[group]GITHUB_TOKEN Permissions
handle_failure	Set up job	2025-10-07T07:35:15.8829060Z Actions: write
handle_failure	Set up job	2025-10-07T07:35:15.8829667Z Contents: write
handle_failure	Set up job	2025-10-07T07:35:15.8830149Z Metadata: read
handle_failure	Set up job	2025-10-07T07:35:15.8830802Z ##[endgroup]
handle_failure	Set up job	2025-10-07T07:35:15.8832945Z Secret source: Actions
handle_failure	Set up job	2025-10-07T07:35:15.8833593Z Prepare workflow directory
handle_failure	Set up job	2025-10-07T07:35:15.9425232Z Prepare all required actions
handle_failure	Set up job	2025-10-07T07:35:15.9465914Z Getting action download info
handle_failure	Set up job	2025-10-07T07:35:16.4870236Z Download action repository 'actions/checkout@v4' (SHA:08eba0b27e820071cde6df949e0beb9ba4906955)
handle_failure	Set up job	2025-10-07T07:35:17.3064399Z Complete job name: handle_failure
handle_failure	Checkout code	Ôªø2025-10-07T07:35:17.3598105Z ##[group]Run actions/checkout@v4
handle_failure	Checkout code	2025-10-07T07:35:17.3599118Z with:
handle_failure	Checkout code	2025-10-07T07:35:17.3599564Z   fetch-depth: 0
handle_failure	Checkout code	2025-10-07T07:35:17.3600253Z   token: ***
handle_failure	Checkout code	2025-10-07T07:35:17.3600642Z   repository: Ka0s-Klaus/ka0s
handle_failure	Checkout code	2025-10-07T07:35:17.3601089Z   ssh-strict: true
handle_failure	Checkout code	2025-10-07T07:35:17.3601467Z   ssh-user: git
handle_failure	Checkout code	2025-10-07T07:35:17.3601857Z   persist-credentials: true
handle_failure	Checkout code	2025-10-07T07:35:17.3602284Z   clean: true
handle_failure	Checkout code	2025-10-07T07:35:17.3602671Z   sparse-checkout-cone-mode: true
handle_failure	Checkout code	2025-10-07T07:35:17.3603137Z   fetch-tags: false
handle_failure	Checkout code	2025-10-07T07:35:17.3603525Z   show-progress: true
handle_failure	Checkout code	2025-10-07T07:35:17.3603949Z   lfs: false
handle_failure	Checkout code	2025-10-07T07:35:17.3604298Z   submodules: false
handle_failure	Checkout code	2025-10-07T07:35:17.3604693Z   set-safe-directory: true
handle_failure	Checkout code	2025-10-07T07:35:17.3605344Z env:
handle_failure	Checkout code	2025-10-07T07:35:17.3605710Z   KAOS_BASE_PATH: core/runner
handle_failure	Checkout code	2025-10-07T07:35:17.3606257Z   KAOS_MODULE: [Ka0S] Scan Directories and Trigger Workflows
handle_failure	Checkout code	2025-10-07T07:35:17.3606835Z   KAOS_CODE: 18305477279
handle_failure	Checkout code	2025-10-07T07:35:17.3607259Z   KAOS_TARGET_WORKFLOW: scan-image.yml
handle_failure	Checkout code	2025-10-07T07:35:17.3608376Z   KAOS_DRY_RUN: false
handle_failure	Checkout code	2025-10-07T07:35:17.3608795Z   REPORTS_DESTINATION: audit/scan
handle_failure	Checkout code	2025-10-07T07:35:17.3629326Z ##[endgroup]
handle_failure	Checkout code	2025-10-07T07:35:17.4897196Z Syncing repository: Ka0s-Klaus/ka0s
handle_failure	Checkout code	2025-10-07T07:35:17.4899361Z ##[group]Getting Git version info
handle_failure	Checkout code	2025-10-07T07:35:17.4900001Z Working directory is '/home/runner/_work/ka0s/ka0s'
handle_failure	Checkout code	2025-10-07T07:35:17.4900882Z [command]/usr/bin/git version
handle_failure	Checkout code	2025-10-07T07:35:17.4904611Z git version 2.51.0
handle_failure	Checkout code	2025-10-07T07:35:17.4933309Z ##[endgroup]
handle_failure	Checkout code	2025-10-07T07:35:17.4944449Z Copying '/home/runner/.gitconfig' to '/home/runner/_work/_temp/4413fe0a-abf9-449c-b626-e734bdafed58/.gitconfig'
handle_failure	Checkout code	2025-10-07T07:35:17.4959050Z Temporarily overriding HOME='/home/runner/_work/_temp/4413fe0a-abf9-449c-b626-e734bdafed58' before making global git config changes
handle_failure	Checkout code	2025-10-07T07:35:17.4960623Z Adding repository directory to the temporary git global config as a safe directory
handle_failure	Checkout code	2025-10-07T07:35:17.4963794Z [command]/usr/bin/git config --global --add safe.directory /home/runner/_work/ka0s/ka0s
handle_failure	Checkout code	2025-10-07T07:35:17.5012057Z [command]/usr/bin/git config --local --get remote.origin.url
handle_failure	Checkout code	2025-10-07T07:35:17.5035662Z https://github.com/Ka0s-Klaus/ka0s
handle_failure	Checkout code	2025-10-07T07:35:17.5054658Z ##[group]Removing previously created refs, to avoid conflicts
handle_failure	Checkout code	2025-10-07T07:35:17.5059614Z [command]/usr/bin/git rev-parse --symbolic-full-name --verify --quiet HEAD
handle_failure	Checkout code	2025-10-07T07:35:17.5083950Z refs/heads/H1646-modulo-de-control-de-runners
handle_failure	Checkout code	2025-10-07T07:35:17.5095086Z [command]/usr/bin/git checkout --detach
handle_failure	Checkout code	2025-10-07T07:35:17.5174771Z HEAD is now at 679768a9 [Ka0s] üìä Directory scan report: core/runner
handle_failure	Checkout code	2025-10-07T07:35:17.5224067Z [command]/usr/bin/git branch --delete --force H1646-modulo-de-control-de-runners
handle_failure	Checkout code	2025-10-07T07:35:17.5254156Z Deleted branch H1646-modulo-de-control-de-runners (was 679768a9).
handle_failure	Checkout code	2025-10-07T07:35:17.5335449Z ##[endgroup]
handle_failure	Checkout code	2025-10-07T07:35:17.5337297Z [command]/usr/bin/git submodule status
handle_failure	Checkout code	2025-10-07T07:35:17.5594033Z ##[group]Cleaning the repository
handle_failure	Checkout code	2025-10-07T07:35:17.5598382Z [command]/usr/bin/git clean -ffdx
handle_failure	Checkout code	2025-10-07T07:35:17.5664167Z [command]/usr/bin/git reset --hard HEAD
handle_failure	Checkout code	2025-10-07T07:35:17.5747273Z HEAD is now at 679768a9 [Ka0s] üìä Directory scan report: core/runner
handle_failure	Checkout code	2025-10-07T07:35:17.5753075Z ##[endgroup]
handle_failure	Checkout code	2025-10-07T07:35:17.5753905Z ##[group]Disabling automatic garbage collection
handle_failure	Checkout code	2025-10-07T07:35:17.5757931Z [command]/usr/bin/git config --local gc.auto 0
handle_failure	Checkout code	2025-10-07T07:35:17.5790969Z ##[endgroup]
handle_failure	Checkout code	2025-10-07T07:35:17.5791725Z ##[group]Setting up auth
handle_failure	Checkout code	2025-10-07T07:35:17.5797285Z [command]/usr/bin/git config --local --name-only --get-regexp core\.sshCommand
handle_failure	Checkout code	2025-10-07T07:35:17.5833958Z [command]/usr/bin/git submodule foreach --recursive sh -c "git config --local --name-only --get-regexp 'core\.sshCommand' && git config --local --unset-all 'core.sshCommand' || :"
handle_failure	Checkout code	2025-10-07T07:35:17.6090301Z [command]/usr/bin/git config --local --name-only --get-regexp http\.https\:\/\/github\.com\/\.extraheader
handle_failure	Checkout code	2025-10-07T07:35:17.6128111Z [command]/usr/bin/git submodule foreach --recursive sh -c "git config --local --name-only --get-regexp 'http\.https\:\/\/github\.com\/\.extraheader' && git config --local --unset-all 'http.https://github.com/.extraheader' || :"
handle_failure	Checkout code	2025-10-07T07:35:17.6382356Z [command]/usr/bin/git config --local http.https://github.com/.extraheader AUTHORIZATION: basic ***
handle_failure	Checkout code	2025-10-07T07:35:17.6425267Z ##[endgroup]
handle_failure	Checkout code	2025-10-07T07:35:17.6426081Z ##[group]Fetching the repository
handle_failure	Checkout code	2025-10-07T07:35:17.6433487Z [command]/usr/bin/git -c protocol.version=2 fetch --prune --no-recurse-submodules origin +refs/heads/*:refs/remotes/origin/* +refs/tags/*:refs/tags/*
handle_failure	Checkout code	2025-10-07T07:35:18.2665775Z [command]/usr/bin/git branch --list --remote origin/H1646-modulo-de-control-de-runners
handle_failure	Checkout code	2025-10-07T07:35:18.2723968Z   origin/H1646-modulo-de-control-de-runners
handle_failure	Checkout code	2025-10-07T07:35:18.2734716Z [command]/usr/bin/git rev-parse refs/remotes/origin/H1646-modulo-de-control-de-runners
handle_failure	Checkout code	2025-10-07T07:35:18.2758557Z 679768a9a8ef4e0db75fd02f9ef64ba8b8872312
handle_failure	Checkout code	2025-10-07T07:35:18.2771269Z [command]/usr/bin/git -c protocol.version=2 fetch --no-tags --prune --no-recurse-submodules origin +a143e99361d3401565a4f50a0584b74781a65869:refs/remotes/origin/H1646-modulo-de-control-de-runners
handle_failure	Checkout code	2025-10-07T07:35:18.2934406Z From https://github.com/Ka0s-Klaus/ka0s
handle_failure	Checkout code	2025-10-07T07:35:18.2937123Z  + 679768a9...a143e993 a143e99361d3401565a4f50a0584b74781a65869 -> origin/H1646-modulo-de-control-de-runners  (forced update)
handle_failure	Checkout code	2025-10-07T07:35:18.2965525Z ##[endgroup]
handle_failure	Checkout code	2025-10-07T07:35:18.2967127Z ##[group]Determining the checkout info
handle_failure	Checkout code	2025-10-07T07:35:18.2970140Z ##[endgroup]
handle_failure	Checkout code	2025-10-07T07:35:18.2971655Z [command]/usr/bin/git sparse-checkout disable
handle_failure	Checkout code	2025-10-07T07:35:18.3025794Z [command]/usr/bin/git config --local --unset-all extensions.worktreeConfig
handle_failure	Checkout code	2025-10-07T07:35:18.3058804Z ##[group]Checking out the ref
handle_failure	Checkout code	2025-10-07T07:35:18.3062108Z [command]/usr/bin/git checkout --progress --force -B H1646-modulo-de-control-de-runners refs/remotes/origin/H1646-modulo-de-control-de-runners
handle_failure	Checkout code	2025-10-07T07:35:18.3209123Z Warning: you are leaving 1 commit behind, not connected to
handle_failure	Checkout code	2025-10-07T07:35:18.3210862Z any of your branches:
handle_failure	Checkout code	2025-10-07T07:35:18.3211438Z 
handle_failure	Checkout code	2025-10-07T07:35:18.3212295Z   679768a9 [Ka0s] üìä Directory scan report: core/runner
handle_failure	Checkout code	2025-10-07T07:35:18.3213406Z 
handle_failure	Checkout code	2025-10-07T07:35:18.3214278Z If you want to keep it by creating a new branch, this may be a good time
handle_failure	Checkout code	2025-10-07T07:35:18.3216078Z to do so with:
handle_failure	Checkout code	2025-10-07T07:35:18.3216698Z 
handle_failure	Checkout code	2025-10-07T07:35:18.3217248Z  git branch <new-branch-name> 679768a9
handle_failure	Checkout code	2025-10-07T07:35:18.3218311Z 
handle_failure	Checkout code	2025-10-07T07:35:18.3219344Z Switched to a new branch 'H1646-modulo-de-control-de-runners'
handle_failure	Checkout code	2025-10-07T07:35:18.3225151Z branch 'H1646-modulo-de-control-de-runners' set up to track 'origin/H1646-modulo-de-control-de-runners'.
handle_failure	Checkout code	2025-10-07T07:35:18.3233415Z ##[endgroup]
handle_failure	Checkout code	2025-10-07T07:35:18.3273134Z [command]/usr/bin/git log -1 --format=%H
handle_failure	Checkout code	2025-10-07T07:35:18.3300360Z a143e99361d3401565a4f50a0584b74781a65869
handle_failure	handle-failure-execution	Ôªø2025-10-07T07:35:18.3589563Z ##[group]Run echo "Error detected in process"
handle_failure	handle-failure-execution	2025-10-07T07:35:18.3591331Z [36;1mecho "Error detected in process"[0m
handle_failure	handle-failure-execution	2025-10-07T07:35:18.3592545Z [36;1mecho "Created issue"[0m
handle_failure	handle-failure-execution	2025-10-07T07:35:18.3596373Z [36;1mgh issue create  --title "[Ka0S] Error detected in [Ka0S] Scan Directories and Trigger Workflows" --label "bug" --body "Error detected in [Ka0S] Scan Directories and Trigger Workflows. Please check the logs for 18305477279 more information of error."[0m
handle_failure	handle-failure-execution	2025-10-07T07:35:18.3601304Z [36;1mecho "Add comment to origin target"[0m
handle_failure	handle-failure-execution	2025-10-07T07:35:18.3603244Z [36;1mRNNUMBER=$(echo "refs/heads/H1646-modulo-de-control-de-runners" | grep -o '[0-9]*')[0m
handle_failure	handle-failure-execution	2025-10-07T07:35:18.3606515Z [36;1mgh issue comment $RNNUMBER --body "El proceso no ha finalizado correctamente 18305477279. El resultado est√° en el fichero 18305477279.log"[0m
handle_failure	handle-failure-execution	2025-10-07T07:35:18.3624790Z shell: /usr/bin/bash -e {0}
handle_failure	handle-failure-execution	2025-10-07T07:35:18.3626095Z env:
handle_failure	handle-failure-execution	2025-10-07T07:35:18.3626946Z   KAOS_BASE_PATH: core/runner
handle_failure	handle-failure-execution	2025-10-07T07:35:18.3628677Z   KAOS_MODULE: [Ka0S] Scan Directories and Trigger Workflows
handle_failure	handle-failure-execution	2025-10-07T07:35:18.3630086Z   KAOS_CODE: 18305477279
handle_failure	handle-failure-execution	2025-10-07T07:35:18.3631122Z   KAOS_TARGET_WORKFLOW: scan-image.yml
handle_failure	handle-failure-execution	2025-10-07T07:35:18.3632284Z   KAOS_DRY_RUN: false
handle_failure	handle-failure-execution	2025-10-07T07:35:18.3633292Z   REPORTS_DESTINATION: audit/scan
handle_failure	handle-failure-execution	2025-10-07T07:35:18.3634947Z   GH_TOKEN: ***
handle_failure	handle-failure-execution	2025-10-07T07:35:18.3635851Z ##[endgroup]
handle_failure	handle-failure-execution	2025-10-07T07:35:18.3782302Z Error detected in process
handle_failure	handle-failure-execution	2025-10-07T07:35:18.3783564Z Created issue
handle_failure	handle-failure-execution	2025-10-07T07:35:19.6213087Z https://github.com/Ka0s-Klaus/ka0s/issues/1665
handle_failure	handle-failure-execution	2025-10-07T07:35:19.6260997Z Add comment to origin target
handle_failure	handle-failure-execution	2025-10-07T07:35:20.9210253Z https://github.com/Ka0s-Klaus/ka0s/issues/1646#issuecomment-3375574431
handle_failure	Post Checkout code	Ôªø2025-10-07T07:35:20.9429087Z Post job cleanup.
handle_failure	Post Checkout code	2025-10-07T07:35:21.0455076Z [command]/usr/bin/git version
handle_failure	Post Checkout code	2025-10-07T07:35:21.0493195Z git version 2.51.0
handle_failure	Post Checkout code	2025-10-07T07:35:21.0534870Z Copying '/home/runner/.gitconfig' to '/home/runner/_work/_temp/ad834105-8f96-4818-8537-f3fd0376c0d4/.gitconfig'
handle_failure	Post Checkout code	2025-10-07T07:35:21.0548473Z Temporarily overriding HOME='/home/runner/_work/_temp/ad834105-8f96-4818-8537-f3fd0376c0d4' before making global git config changes
handle_failure	Post Checkout code	2025-10-07T07:35:21.0549609Z Adding repository directory to the temporary git global config as a safe directory
handle_failure	Post Checkout code	2025-10-07T07:35:21.0551251Z [command]/usr/bin/git config --global --add safe.directory /home/runner/_work/ka0s/ka0s
handle_failure	Post Checkout code	2025-10-07T07:35:21.0592124Z [command]/usr/bin/git config --local --name-only --get-regexp core\.sshCommand
handle_failure	Post Checkout code	2025-10-07T07:35:21.0632730Z [command]/usr/bin/git submodule foreach --recursive sh -c "git config --local --name-only --get-regexp 'core\.sshCommand' && git config --local --unset-all 'core.sshCommand' || :"
handle_failure	Post Checkout code	2025-10-07T07:35:21.0892829Z [command]/usr/bin/git config --local --name-only --get-regexp http\.https\:\/\/github\.com\/\.extraheader
handle_failure	Post Checkout code	2025-10-07T07:35:21.0916867Z http.https://github.com/.extraheader
handle_failure	Post Checkout code	2025-10-07T07:35:21.0929994Z [command]/usr/bin/git config --local --unset-all http.https://github.com/.extraheader
handle_failure	Post Checkout code	2025-10-07T07:35:21.0966970Z [command]/usr/bin/git submodule foreach --recursive sh -c "git config --local --name-only --get-regexp 'http\.https\:\/\/github\.com\/\.extraheader' && git config --local --unset-all 'http.https://github.com/.extraheader' || :"
handle_failure	Complete job	Ôªø2025-10-07T07:35:21.1349400Z Cleaning up orphan processes
end-workflow	Set up job	Ôªø2025-10-07T07:37:40.9988931Z Current runner version: '2.328.0'
end-workflow	Set up job	2025-10-07T07:37:40.9996777Z Runner name: '3b58f33d4660'
end-workflow	Set up job	2025-10-07T07:37:40.9997759Z Runner group name: 'swarm-runners'
end-workflow	Set up job	2025-10-07T07:37:40.9998844Z Machine name: '3b58f33d4660'
end-workflow	Set up job	2025-10-07T07:37:41.0002100Z ##[group]GITHUB_TOKEN Permissions
end-workflow	Set up job	2025-10-07T07:37:41.0005050Z Actions: write
end-workflow	Set up job	2025-10-07T07:37:41.0005746Z Contents: write
end-workflow	Set up job	2025-10-07T07:37:41.0006358Z Metadata: read
end-workflow	Set up job	2025-10-07T07:37:41.0006904Z ##[endgroup]
end-workflow	Set up job	2025-10-07T07:37:41.0009565Z Secret source: Actions
end-workflow	Set up job	2025-10-07T07:37:41.0010371Z Prepare workflow directory
end-workflow	Set up job	2025-10-07T07:37:41.0656501Z Prepare all required actions
end-workflow	Set up job	2025-10-07T07:37:41.0696599Z Getting action download info
end-workflow	Set up job	2025-10-07T07:37:41.6336655Z Download action repository 'actions/checkout@v4' (SHA:08eba0b27e820071cde6df949e0beb9ba4906955)
end-workflow	Set up job	2025-10-07T07:37:42.4492276Z Complete job name: end-workflow
end-workflow	Checkout code	Ôªø2025-10-07T07:37:42.5121004Z ##[group]Run actions/checkout@v4
end-workflow	Checkout code	2025-10-07T07:37:42.5122079Z with:
end-workflow	Checkout code	2025-10-07T07:37:42.5122689Z   fetch-depth: 0
end-workflow	Checkout code	2025-10-07T07:37:42.5123539Z   token: ***
end-workflow	Checkout code	2025-10-07T07:37:42.5124028Z   repository: Ka0s-Klaus/ka0s
end-workflow	Checkout code	2025-10-07T07:37:42.5124579Z   ssh-strict: true
end-workflow	Checkout code	2025-10-07T07:37:42.5125050Z   ssh-user: git
end-workflow	Checkout code	2025-10-07T07:37:42.5125521Z   persist-credentials: true
end-workflow	Checkout code	2025-10-07T07:37:42.5126049Z   clean: true
end-workflow	Checkout code	2025-10-07T07:37:42.5126532Z   sparse-checkout-cone-mode: true
end-workflow	Checkout code	2025-10-07T07:37:42.5127117Z   fetch-tags: false
end-workflow	Checkout code	2025-10-07T07:37:42.5127966Z   show-progress: true
end-workflow	Checkout code	2025-10-07T07:37:42.5128463Z   lfs: false
end-workflow	Checkout code	2025-10-07T07:37:42.5128897Z   submodules: false
end-workflow	Checkout code	2025-10-07T07:37:42.5129406Z   set-safe-directory: true
end-workflow	Checkout code	2025-10-07T07:37:42.5130270Z env:
end-workflow	Checkout code	2025-10-07T07:37:42.5130734Z   KAOS_BASE_PATH: core/runner
end-workflow	Checkout code	2025-10-07T07:37:42.5131404Z   KAOS_MODULE: [Ka0S] Scan Directories and Trigger Workflows
end-workflow	Checkout code	2025-10-07T07:37:42.5132123Z   KAOS_CODE: 18305477279
end-workflow	Checkout code	2025-10-07T07:37:42.5132659Z   KAOS_TARGET_WORKFLOW: scan-image.yml
end-workflow	Checkout code	2025-10-07T07:37:42.5133301Z   KAOS_DRY_RUN: false
end-workflow	Checkout code	2025-10-07T07:37:42.5133825Z   REPORTS_DESTINATION: audit/scan
end-workflow	Checkout code	2025-10-07T07:37:42.5134626Z   GH_TOKEN: ***
end-workflow	Checkout code	2025-10-07T07:37:42.5135099Z ##[endgroup]
end-workflow	Checkout code	2025-10-07T07:37:42.6452696Z Syncing repository: Ka0s-Klaus/ka0s
end-workflow	Checkout code	2025-10-07T07:37:42.6454887Z ##[group]Getting Git version info
end-workflow	Checkout code	2025-10-07T07:37:42.6455676Z Working directory is '/home/runner/_work/ka0s/ka0s'
end-workflow	Checkout code	2025-10-07T07:37:42.6456985Z [command]/usr/bin/git version
end-workflow	Checkout code	2025-10-07T07:37:42.6457939Z git version 2.51.0
end-workflow	Checkout code	2025-10-07T07:37:42.6459875Z ##[endgroup]
end-workflow	Checkout code	2025-10-07T07:37:42.6469654Z Copying '/home/runner/.gitconfig' to '/home/runner/_work/_temp/07071fe1-dd93-4868-b1bc-61c2425b77b6/.gitconfig'
end-workflow	Checkout code	2025-10-07T07:37:42.6483986Z Temporarily overriding HOME='/home/runner/_work/_temp/07071fe1-dd93-4868-b1bc-61c2425b77b6' before making global git config changes
end-workflow	Checkout code	2025-10-07T07:37:42.6489190Z Adding repository directory to the temporary git global config as a safe directory
end-workflow	Checkout code	2025-10-07T07:37:42.6490561Z [command]/usr/bin/git config --global --add safe.directory /home/runner/_work/ka0s/ka0s
end-workflow	Checkout code	2025-10-07T07:37:42.6537082Z [command]/usr/bin/git config --local --get remote.origin.url
end-workflow	Checkout code	2025-10-07T07:37:42.6561301Z https://github.com/Ka0s-Klaus/ka0s
end-workflow	Checkout code	2025-10-07T07:37:42.6586058Z ##[group]Removing previously created refs, to avoid conflicts
end-workflow	Checkout code	2025-10-07T07:37:42.6588356Z [command]/usr/bin/git rev-parse --symbolic-full-name --verify --quiet HEAD
end-workflow	Checkout code	2025-10-07T07:37:42.6615512Z refs/heads/H1646-modulo-de-control-de-runners
end-workflow	Checkout code	2025-10-07T07:37:42.6625914Z [command]/usr/bin/git checkout --detach
end-workflow	Checkout code	2025-10-07T07:37:42.6703571Z HEAD is now at 068f1d1b Merge remote-tracking branch 'origin' into H1646-modulo-de-control-de-runners
end-workflow	Checkout code	2025-10-07T07:37:42.6753450Z [command]/usr/bin/git branch --delete --force H1646-modulo-de-control-de-runners
end-workflow	Checkout code	2025-10-07T07:37:42.6784821Z Deleted branch H1646-modulo-de-control-de-runners (was 068f1d1b).
end-workflow	Checkout code	2025-10-07T07:37:42.6874175Z ##[endgroup]
end-workflow	Checkout code	2025-10-07T07:37:42.6874828Z [command]/usr/bin/git submodule status
end-workflow	Checkout code	2025-10-07T07:37:42.7126218Z ##[group]Cleaning the repository
end-workflow	Checkout code	2025-10-07T07:37:42.7131561Z [command]/usr/bin/git clean -ffdx
end-workflow	Checkout code	2025-10-07T07:37:42.7195347Z [command]/usr/bin/git reset --hard HEAD
end-workflow	Checkout code	2025-10-07T07:37:42.7281345Z HEAD is now at 068f1d1b Merge remote-tracking branch 'origin' into H1646-modulo-de-control-de-runners
end-workflow	Checkout code	2025-10-07T07:37:42.7286561Z ##[endgroup]
end-workflow	Checkout code	2025-10-07T07:37:42.7287671Z ##[group]Disabling automatic garbage collection
end-workflow	Checkout code	2025-10-07T07:37:42.7291034Z [command]/usr/bin/git config --local gc.auto 0
end-workflow	Checkout code	2025-10-07T07:37:42.7323147Z ##[endgroup]
end-workflow	Checkout code	2025-10-07T07:37:42.7324210Z ##[group]Setting up auth
end-workflow	Checkout code	2025-10-07T07:37:42.7329718Z [command]/usr/bin/git config --local --name-only --get-regexp core\.sshCommand
end-workflow	Checkout code	2025-10-07T07:37:42.7374151Z [command]/usr/bin/git submodule foreach --recursive sh -c "git config --local --name-only --get-regexp 'core\.sshCommand' && git config --local --unset-all 'core.sshCommand' || :"
end-workflow	Checkout code	2025-10-07T07:37:42.7636183Z [command]/usr/bin/git config --local --name-only --get-regexp http\.https\:\/\/github\.com\/\.extraheader
end-workflow	Checkout code	2025-10-07T07:37:42.7671822Z [command]/usr/bin/git submodule foreach --recursive sh -c "git config --local --name-only --get-regexp 'http\.https\:\/\/github\.com\/\.extraheader' && git config --local --unset-all 'http.https://github.com/.extraheader' || :"
end-workflow	Checkout code	2025-10-07T07:37:42.7938609Z [command]/usr/bin/git config --local http.https://github.com/.extraheader AUTHORIZATION: basic ***
end-workflow	Checkout code	2025-10-07T07:37:42.7985123Z ##[endgroup]
end-workflow	Checkout code	2025-10-07T07:37:42.7986228Z ##[group]Fetching the repository
end-workflow	Checkout code	2025-10-07T07:37:42.7993949Z [command]/usr/bin/git -c protocol.version=2 fetch --prune --no-recurse-submodules origin +refs/heads/*:refs/remotes/origin/* +refs/tags/*:refs/tags/*
end-workflow	Checkout code	2025-10-07T07:37:43.3645000Z From https://github.com/Ka0s-Klaus/ka0s
end-workflow	Checkout code	2025-10-07T07:37:43.3647693Z    068f1d1b..204264df  H1646-modulo-de-control-de-runners -> origin/H1646-modulo-de-control-de-runners
end-workflow	Checkout code	2025-10-07T07:37:43.3764621Z [command]/usr/bin/git branch --list --remote origin/H1646-modulo-de-control-de-runners
end-workflow	Checkout code	2025-10-07T07:37:43.3826141Z   origin/H1646-modulo-de-control-de-runners
end-workflow	Checkout code	2025-10-07T07:37:43.3835269Z [command]/usr/bin/git rev-parse refs/remotes/origin/H1646-modulo-de-control-de-runners
end-workflow	Checkout code	2025-10-07T07:37:43.3865682Z 204264df3dc345e45a24fca8d9caed4f19c34188
end-workflow	Checkout code	2025-10-07T07:37:43.3874263Z [command]/usr/bin/git -c protocol.version=2 fetch --no-tags --prune --no-recurse-submodules origin +a143e99361d3401565a4f50a0584b74781a65869:refs/remotes/origin/H1646-modulo-de-control-de-runners
end-workflow	Checkout code	2025-10-07T07:37:43.4045259Z From https://github.com/Ka0s-Klaus/ka0s
end-workflow	Checkout code	2025-10-07T07:37:43.4047642Z  + 204264df...a143e993 a143e99361d3401565a4f50a0584b74781a65869 -> origin/H1646-modulo-de-control-de-runners  (forced update)
end-workflow	Checkout code	2025-10-07T07:37:43.4076731Z ##[endgroup]
end-workflow	Checkout code	2025-10-07T07:37:43.4078044Z ##[group]Determining the checkout info
end-workflow	Checkout code	2025-10-07T07:37:43.4079292Z ##[endgroup]
end-workflow	Checkout code	2025-10-07T07:37:43.4083865Z [command]/usr/bin/git sparse-checkout disable
end-workflow	Checkout code	2025-10-07T07:37:43.4139135Z [command]/usr/bin/git config --local --unset-all extensions.worktreeConfig
end-workflow	Checkout code	2025-10-07T07:37:43.4175543Z ##[group]Checking out the ref
end-workflow	Checkout code	2025-10-07T07:37:43.4178209Z [command]/usr/bin/git checkout --progress --force -B H1646-modulo-de-control-de-runners refs/remotes/origin/H1646-modulo-de-control-de-runners
end-workflow	Checkout code	2025-10-07T07:37:43.4394210Z Warning: you are leaving 2 commits behind, not connected to
end-workflow	Checkout code	2025-10-07T07:37:43.4395870Z any of your branches:
end-workflow	Checkout code	2025-10-07T07:37:43.4396550Z 
end-workflow	Checkout code	2025-10-07T07:37:43.4398457Z   068f1d1b Merge remote-tracking branch 'origin' into H1646-modulo-de-control-de-runners
end-workflow	Checkout code	2025-10-07T07:37:43.4400933Z   679768a9 [Ka0s] üìä Directory scan report: core/runner
end-workflow	Checkout code	2025-10-07T07:37:43.4401851Z 
end-workflow	Checkout code	2025-10-07T07:37:43.4402433Z If you want to keep them by creating a new branch, this may be a good time
end-workflow	Checkout code	2025-10-07T07:37:43.4403779Z to do so with:
end-workflow	Checkout code	2025-10-07T07:37:43.4404219Z 
end-workflow	Checkout code	2025-10-07T07:37:43.4404499Z  git branch <new-branch-name> 068f1d1b
end-workflow	Checkout code	2025-10-07T07:37:43.4405099Z 
end-workflow	Checkout code	2025-10-07T07:37:43.4411437Z Switched to a new branch 'H1646-modulo-de-control-de-runners'
end-workflow	Checkout code	2025-10-07T07:37:43.4418223Z branch 'H1646-modulo-de-control-de-runners' set up to track 'origin/H1646-modulo-de-control-de-runners'.
end-workflow	Checkout code	2025-10-07T07:37:43.4422346Z ##[endgroup]
end-workflow	Checkout code	2025-10-07T07:37:43.4463578Z [command]/usr/bin/git log -1 --format=%H
end-workflow	Checkout code	2025-10-07T07:37:43.4493158Z a143e99361d3401565a4f50a0584b74781a65869
end-workflow	Finaliza el workflow	Ôªø2025-10-07T07:37:43.4771550Z ##[group]Run echo "End process"
end-workflow	Finaliza el workflow	2025-10-07T07:37:43.4772490Z [36;1mecho "End process"[0m
end-workflow	Finaliza el workflow	2025-10-07T07:37:43.4774060Z [36;1mRNNUMBER=$(echo "refs/heads/H1646-modulo-de-control-de-runners" | grep -o '[0-9]*')[0m
end-workflow	Finaliza el workflow	2025-10-07T07:37:43.4775813Z [36;1mgh issue comment $RNNUMBER --body "Se finaliza Ka0s 18305477279"[0m
end-workflow	Finaliza el workflow	2025-10-07T07:37:43.4778392Z [36;1mgh workflow run inspector.yml --ref 'main' -f kaos-issue-id=$RNNUMBER -f kaos-workflow-id="18305477279" -f kaos-user-start=""[0m
end-workflow	Finaliza el workflow	2025-10-07T07:37:43.4794191Z shell: /usr/bin/bash -e {0}
end-workflow	Finaliza el workflow	2025-10-07T07:37:43.4795054Z env:
end-workflow	Finaliza el workflow	2025-10-07T07:37:43.4795512Z   KAOS_BASE_PATH: core/runner
end-workflow	Finaliza el workflow	2025-10-07T07:37:43.4796402Z   KAOS_MODULE: [Ka0S] Scan Directories and Trigger Workflows
end-workflow	Finaliza el workflow	2025-10-07T07:37:43.4797636Z   KAOS_CODE: 18305477279
end-workflow	Finaliza el workflow	2025-10-07T07:37:43.4798497Z   KAOS_TARGET_WORKFLOW: scan-image.yml
end-workflow	Finaliza el workflow	2025-10-07T07:37:43.4799253Z   KAOS_DRY_RUN: false
end-workflow	Finaliza el workflow	2025-10-07T07:37:43.4799821Z   REPORTS_DESTINATION: audit/scan
end-workflow	Finaliza el workflow	2025-10-07T07:37:43.4800881Z   GH_TOKEN: ***
end-workflow	Finaliza el workflow	2025-10-07T07:37:43.4801405Z ##[endgroup]
end-workflow	Finaliza el workflow	2025-10-07T07:37:43.4876349Z End process
end-workflow	Finaliza el workflow	2025-10-07T07:37:44.4838930Z https://github.com/Ka0s-Klaus/ka0s/issues/1646#issuecomment-3375580840
end-workflow	Post Checkout code	Ôªø2025-10-07T07:37:45.1172795Z Post job cleanup.
end-workflow	Post Checkout code	2025-10-07T07:37:45.2166914Z [command]/usr/bin/git version
end-workflow	Post Checkout code	2025-10-07T07:37:45.2203289Z git version 2.51.0
end-workflow	Post Checkout code	2025-10-07T07:37:45.2243208Z Copying '/home/runner/.gitconfig' to '/home/runner/_work/_temp/cf9adf24-6259-4402-8188-8f5f3db6f522/.gitconfig'
end-workflow	Post Checkout code	2025-10-07T07:37:45.2258074Z Temporarily overriding HOME='/home/runner/_work/_temp/cf9adf24-6259-4402-8188-8f5f3db6f522' before making global git config changes
end-workflow	Post Checkout code	2025-10-07T07:37:45.2259185Z Adding repository directory to the temporary git global config as a safe directory
end-workflow	Post Checkout code	2025-10-07T07:37:45.2263287Z [command]/usr/bin/git config --global --add safe.directory /home/runner/_work/ka0s/ka0s
end-workflow	Post Checkout code	2025-10-07T07:37:45.2303635Z [command]/usr/bin/git config --local --name-only --get-regexp core\.sshCommand
end-workflow	Post Checkout code	2025-10-07T07:37:45.2355108Z [command]/usr/bin/git submodule foreach --recursive sh -c "git config --local --name-only --get-regexp 'core\.sshCommand' && git config --local --unset-all 'core.sshCommand' || :"
end-workflow	Post Checkout code	2025-10-07T07:37:45.2604799Z [command]/usr/bin/git config --local --name-only --get-regexp http\.https\:\/\/github\.com\/\.extraheader
end-workflow	Post Checkout code	2025-10-07T07:37:45.2628799Z http.https://github.com/.extraheader
end-workflow	Post Checkout code	2025-10-07T07:37:45.2641999Z [command]/usr/bin/git config --local --unset-all http.https://github.com/.extraheader
end-workflow	Post Checkout code	2025-10-07T07:37:45.2678278Z [command]/usr/bin/git submodule foreach --recursive sh -c "git config --local --name-only --get-regexp 'http\.https\:\/\/github\.com\/\.extraheader' && git config --local --unset-all 'http.https://github.com/.extraheader' || :"
end-workflow	Complete job	Ôªø2025-10-07T07:37:45.3056090Z Cleaning up orphan processes
