job-core	Set up job	﻿2025-10-07T10:08:50.0922428Z Current runner version: '2.328.0'
job-core	Set up job	2025-10-07T10:08:50.0939765Z Runner name: '143213b6b451'
job-core	Set up job	2025-10-07T10:08:50.0940935Z Runner group name: 'swarm-runners'
job-core	Set up job	2025-10-07T10:08:50.0942067Z Machine name: '143213b6b451'
job-core	Set up job	2025-10-07T10:08:50.0945439Z ##[group]GITHUB_TOKEN Permissions
job-core	Set up job	2025-10-07T10:08:50.0948243Z Actions: write
job-core	Set up job	2025-10-07T10:08:50.0948912Z Contents: read
job-core	Set up job	2025-10-07T10:08:50.0949537Z Issues: write
job-core	Set up job	2025-10-07T10:08:50.0950208Z Metadata: read
job-core	Set up job	2025-10-07T10:08:50.0950820Z ##[endgroup]
job-core	Set up job	2025-10-07T10:08:50.0953263Z Secret source: Actions
job-core	Set up job	2025-10-07T10:08:50.0954224Z Prepare workflow directory
job-core	Set up job	2025-10-07T10:08:50.3074148Z Prepare all required actions
job-core	Set up job	2025-10-07T10:08:50.3254664Z Getting action download info
job-core	Set up job	2025-10-07T10:08:51.0895465Z Download action repository 'actions/checkout@v4' (SHA:08eba0b27e820071cde6df949e0beb9ba4906955)
job-core	Set up job	2025-10-07T10:08:51.9135179Z Download action repository 'docker/login-action@v3' (SHA:5e57cd118135c172c3672efd75eb46360885c0ef)
job-core	Set up job	2025-10-07T10:08:53.0341751Z Complete job name: job-core
job-core	Checkout code	﻿2025-10-07T10:08:53.1274143Z ##[group]Run actions/checkout@v4
job-core	Checkout code	2025-10-07T10:08:53.1275877Z with:
job-core	Checkout code	2025-10-07T10:08:53.1276648Z   fetch-depth: 0
job-core	Checkout code	2025-10-07T10:08:53.1278410Z   token: ***
job-core	Checkout code	2025-10-07T10:08:53.1279381Z   repository: Ka0s-Klaus/ka0s
job-core	Checkout code	2025-10-07T10:08:53.1280377Z   ssh-strict: true
job-core	Checkout code	2025-10-07T10:08:53.1281339Z   ssh-user: git
job-core	Checkout code	2025-10-07T10:08:53.1282174Z   persist-credentials: true
job-core	Checkout code	2025-10-07T10:08:53.1283288Z   clean: true
job-core	Checkout code	2025-10-07T10:08:53.1284261Z   sparse-checkout-cone-mode: true
job-core	Checkout code	2025-10-07T10:08:53.1285287Z   fetch-tags: false
job-core	Checkout code	2025-10-07T10:08:53.1286166Z   show-progress: true
job-core	Checkout code	2025-10-07T10:08:53.1287039Z   lfs: false
job-core	Checkout code	2025-10-07T10:08:53.1288131Z   submodules: false
job-core	Checkout code	2025-10-07T10:08:53.1288985Z   set-safe-directory: true
job-core	Checkout code	2025-10-07T10:08:53.1290465Z env:
job-core	Checkout code	2025-10-07T10:08:53.1292713Z   GITHUB_TOKEN: ***
job-core	Checkout code	2025-10-07T10:08:53.1293823Z   KAOS_MODULE: [Ka0s] Personalized Image Runners
job-core	Checkout code	2025-10-07T10:08:53.1294975Z   KAOS_CODE: 18309254306
job-core	Checkout code	2025-10-07T10:08:53.1295877Z   KAOS_PATH_SCAN: audit/scan/
job-core	Checkout code	2025-10-07T10:08:53.1296883Z ##[endgroup]
job-core	Checkout code	2025-10-07T10:08:53.3175307Z Syncing repository: Ka0s-Klaus/ka0s
job-core	Checkout code	2025-10-07T10:08:53.3178707Z ##[group]Getting Git version info
job-core	Checkout code	2025-10-07T10:08:53.3179917Z Working directory is '/home/runner/_work/ka0s/ka0s'
job-core	Checkout code	2025-10-07T10:08:53.3181685Z [command]/usr/bin/git version
job-core	Checkout code	2025-10-07T10:08:53.3182897Z git version 2.51.0
job-core	Checkout code	2025-10-07T10:08:53.3185942Z ##[endgroup]
job-core	Checkout code	2025-10-07T10:08:53.3194019Z Temporarily overriding HOME='/home/runner/_work/_temp/7167e6d9-c5ed-4d64-83b9-58c6e413dcbc' before making global git config changes
job-core	Checkout code	2025-10-07T10:08:53.3196964Z Adding repository directory to the temporary git global config as a safe directory
job-core	Checkout code	2025-10-07T10:08:53.3199497Z [command]/usr/bin/git config --global --add safe.directory /home/runner/_work/ka0s/ka0s
job-core	Checkout code	2025-10-07T10:08:53.3202908Z [command]/usr/bin/git config --local --get remote.origin.url
job-core	Checkout code	2025-10-07T10:08:53.3204369Z https://github.com/Ka0s-Klaus/ka0s
job-core	Checkout code	2025-10-07T10:08:53.3207717Z ##[group]Removing previously created refs, to avoid conflicts
job-core	Checkout code	2025-10-07T10:08:53.3209814Z [command]/usr/bin/git rev-parse --symbolic-full-name --verify --quiet HEAD
job-core	Checkout code	2025-10-07T10:08:53.3211458Z refs/heads/H1646-modulo-de-control-de-runners
job-core	Checkout code	2025-10-07T10:08:53.3214055Z [command]/usr/bin/git checkout --detach
job-core	Checkout code	2025-10-07T10:08:53.3215670Z HEAD is now at 2119942a [Ka0S] Uploading jsonlint resume execution files to the repository...
job-core	Checkout code	2025-10-07T10:08:53.3222839Z [command]/usr/bin/git branch --delete --force H1646-modulo-de-control-de-runners
job-core	Checkout code	2025-10-07T10:08:53.3224948Z Deleted branch H1646-modulo-de-control-de-runners (was 2119942a).
job-core	Checkout code	2025-10-07T10:08:53.3292484Z ##[endgroup]
job-core	Checkout code	2025-10-07T10:08:53.3293499Z [command]/usr/bin/git submodule status
job-core	Checkout code	2025-10-07T10:08:53.3548592Z ##[group]Cleaning the repository
job-core	Checkout code	2025-10-07T10:08:53.3551025Z [command]/usr/bin/git clean -ffdx
job-core	Checkout code	2025-10-07T10:08:53.3617524Z [command]/usr/bin/git reset --hard HEAD
job-core	Checkout code	2025-10-07T10:08:53.3701084Z HEAD is now at 2119942a [Ka0S] Uploading jsonlint resume execution files to the repository...
job-core	Checkout code	2025-10-07T10:08:53.3707014Z ##[endgroup]
job-core	Checkout code	2025-10-07T10:08:53.3708746Z ##[group]Disabling automatic garbage collection
job-core	Checkout code	2025-10-07T10:08:53.3713975Z [command]/usr/bin/git config --local gc.auto 0
job-core	Checkout code	2025-10-07T10:08:53.3747022Z ##[endgroup]
job-core	Checkout code	2025-10-07T10:08:53.3754120Z ##[group]Setting up auth
job-core	Checkout code	2025-10-07T10:08:53.3755707Z [command]/usr/bin/git config --local --name-only --get-regexp core\.sshCommand
job-core	Checkout code	2025-10-07T10:08:53.3792300Z [command]/usr/bin/git submodule foreach --recursive sh -c "git config --local --name-only --get-regexp 'core\.sshCommand' && git config --local --unset-all 'core.sshCommand' || :"
job-core	Checkout code	2025-10-07T10:08:53.4065067Z [command]/usr/bin/git config --local --name-only --get-regexp http\.https\:\/\/github\.com\/\.extraheader
job-core	Checkout code	2025-10-07T10:08:53.4097950Z [command]/usr/bin/git submodule foreach --recursive sh -c "git config --local --name-only --get-regexp 'http\.https\:\/\/github\.com\/\.extraheader' && git config --local --unset-all 'http.https://github.com/.extraheader' || :"
job-core	Checkout code	2025-10-07T10:08:53.4364026Z [command]/usr/bin/git config --local http.https://github.com/.extraheader AUTHORIZATION: basic ***
job-core	Checkout code	2025-10-07T10:08:53.4405207Z ##[endgroup]
job-core	Checkout code	2025-10-07T10:08:53.4406916Z ##[group]Fetching the repository
job-core	Checkout code	2025-10-07T10:08:53.4414549Z [command]/usr/bin/git -c protocol.version=2 fetch --prune --no-recurse-submodules origin +refs/heads/*:refs/remotes/origin/* +refs/tags/*:refs/tags/*
job-core	Checkout code	2025-10-07T10:08:54.2457222Z From https://github.com/Ka0s-Klaus/ka0s
job-core	Checkout code	2025-10-07T10:08:54.2458449Z    2eb9a604..a83ccd98  main       -> origin/main
job-core	Checkout code	2025-10-07T10:08:54.2501551Z [command]/usr/bin/git branch --list --remote origin/main
job-core	Checkout code	2025-10-07T10:08:54.2581676Z   origin/main
job-core	Checkout code	2025-10-07T10:08:54.2588754Z [command]/usr/bin/git rev-parse refs/remotes/origin/main
job-core	Checkout code	2025-10-07T10:08:54.2617921Z a83ccd98e1b989dac215c03a96cd3273ac12a24c
job-core	Checkout code	2025-10-07T10:08:54.2623508Z ##[endgroup]
job-core	Checkout code	2025-10-07T10:08:54.2624041Z ##[group]Determining the checkout info
job-core	Checkout code	2025-10-07T10:08:54.2624641Z ##[endgroup]
job-core	Checkout code	2025-10-07T10:08:54.2630349Z [command]/usr/bin/git sparse-checkout disable
job-core	Checkout code	2025-10-07T10:08:54.2685263Z [command]/usr/bin/git config --local --unset-all extensions.worktreeConfig
job-core	Checkout code	2025-10-07T10:08:54.2727668Z ##[group]Checking out the ref
job-core	Checkout code	2025-10-07T10:08:54.2730551Z [command]/usr/bin/git checkout --progress --force -B main refs/remotes/origin/main
job-core	Checkout code	2025-10-07T10:08:54.3023802Z Previous HEAD position was 2119942a [Ka0S] Uploading jsonlint resume execution files to the repository...
job-core	Checkout code	2025-10-07T10:08:54.3057604Z Switched to a new branch 'main'
job-core	Checkout code	2025-10-07T10:08:54.3068655Z branch 'main' set up to track 'origin/main'.
job-core	Checkout code	2025-10-07T10:08:54.3258520Z ##[endgroup]
job-core	Checkout code	2025-10-07T10:08:54.3259700Z [command]/usr/bin/git log -1 --format=%H
job-core	Checkout code	2025-10-07T10:08:54.3260090Z a83ccd98e1b989dac215c03a96cd3273ac12a24c
job-core	Login to Docker Hub	﻿2025-10-07T10:08:54.3493649Z ##[group]Run docker/login-action@v3
job-core	Login to Docker Hub	2025-10-07T10:08:54.3495610Z with:
job-core	Login to Docker Hub	2025-10-07T10:08:54.3496133Z   username: ***
job-core	Login to Docker Hub	2025-10-07T10:08:54.3496481Z   password: ***
job-core	Login to Docker Hub	2025-10-07T10:08:54.3496735Z   logout: true
job-core	Login to Docker Hub	2025-10-07T10:08:54.3496995Z env:
job-core	Login to Docker Hub	2025-10-07T10:08:54.3499071Z   GITHUB_TOKEN: ***
job-core	Login to Docker Hub	2025-10-07T10:08:54.3499441Z   KAOS_MODULE: [Ka0s] Personalized Image Runners
job-core	Login to Docker Hub	2025-10-07T10:08:54.3499794Z   KAOS_CODE: 18309254306
job-core	Login to Docker Hub	2025-10-07T10:08:54.3500071Z   KAOS_PATH_SCAN: audit/scan/
job-core	Login to Docker Hub	2025-10-07T10:08:54.3500361Z ##[endgroup]
job-core	Login to Docker Hub	2025-10-07T10:08:54.7127652Z Logging into docker.io...
job-core	Login to Docker Hub	2025-10-07T10:08:55.7820742Z Login Succeeded!
job-core	Build image	﻿2025-10-07T10:08:55.8282424Z ##[group]Run # Construimos la imagen
job-core	Build image	2025-10-07T10:08:55.8283192Z [36;1m# Construimos la imagen[0m
job-core	Build image	2025-10-07T10:08:55.8283742Z [36;1msudo docker build -t actions-runner:test -f core/runner/actions-runner//test//Dockerfile . || true[0m
job-core	Build image	2025-10-07T10:08:55.8284339Z [36;1mecho "Se ha generado la imagen actions-runner:test...."[0m
job-core	Build image	2025-10-07T10:08:55.8284718Z [36;1msudo usermod -aG docker runner [0m
job-core	Build image	2025-10-07T10:08:55.8311350Z shell: /usr/bin/bash -e {0}
job-core	Build image	2025-10-07T10:08:55.8311727Z env:
job-core	Build image	2025-10-07T10:08:55.8312699Z   GITHUB_TOKEN: ***
job-core	Build image	2025-10-07T10:08:55.8312988Z   KAOS_MODULE: [Ka0s] Personalized Image Runners
job-core	Build image	2025-10-07T10:08:55.8313705Z   KAOS_CODE: 18309254306
job-core	Build image	2025-10-07T10:08:55.8313945Z   KAOS_PATH_SCAN: audit/scan/
job-core	Build image	2025-10-07T10:08:55.8314200Z ##[endgroup]
job-core	Build image	2025-10-07T10:08:56.2828678Z #0 building with "default" instance using docker driver
job-core	Build image	2025-10-07T10:08:56.2835421Z 
job-core	Build image	2025-10-07T10:08:56.2835801Z #1 [internal] load build definition from Dockerfile
job-core	Build image	2025-10-07T10:08:56.2836188Z #1 transferring dockerfile: 1.69kB done
job-core	Build image	2025-10-07T10:08:56.2836589Z #1 DONE 0.0s
job-core	Build image	2025-10-07T10:08:56.2836716Z 
job-core	Build image	2025-10-07T10:08:56.2836919Z #2 [internal] load metadata for ghcr.io/actions/actions-runner:latest
job-core	Build image	2025-10-07T10:08:56.2837401Z #2 DONE 0.0s
job-core	Build image	2025-10-07T10:08:56.2837538Z 
job-core	Build image	2025-10-07T10:08:56.2837665Z #3 [internal] load .dockerignore
job-core	Build image	2025-10-07T10:08:56.2837955Z #3 transferring context: 2B done
job-core	Build image	2025-10-07T10:08:56.2838249Z #3 DONE 0.0s
job-core	Build image	2025-10-07T10:08:56.3621751Z 
job-core	Build image	2025-10-07T10:08:56.3623877Z #4 [1/6] FROM ghcr.io/actions/actions-runner:latest
job-core	Build image	2025-10-07T10:08:56.3650664Z #4 DONE 0.0s
job-core	Build image	2025-10-07T10:08:56.3651147Z 
job-core	Build image	2025-10-07T10:08:56.3652593Z #5 [2/6] RUN apt-get update &&     apt-get install -y wget gnupg &&     curl -fsSL https://pgp.mongodb.com/server-7.0.asc | gpg -o /usr/share/keyrings/mongodb-server-7.0.gpg --dearmor &&     echo "deb [ arch=amd64,arm64 signed-by=/usr/share/keyrings/mongodb-server-7.0.gpg ] https://repo.mongodb.org/apt/ubuntu jammy/mongodb-org/7.0 multiverse"  | tee /etc/apt/sources.list.d/mongodb-org-7.0.list
job-core	Build image	2025-10-07T10:08:56.3654137Z #5 CACHED
job-core	Build image	2025-10-07T10:08:56.3654278Z 
job-core	Build image	2025-10-07T10:08:56.3655488Z #6 [3/6] RUN wget -qO - https://aquasecurity.github.io/trivy-repo/deb/public.key | gpg --dearmor | tee /usr/share/keyrings/trivy.gpg > /dev/null &&    echo "deb [signed-by=/usr/share/keyrings/trivy.gpg] https://aquasecurity.github.io/trivy-repo/deb generic main" | tee -a /etc/apt/sources.list.d/trivy.list &&    apt-get update &&    apt-get install trivy
job-core	Build image	2025-10-07T10:08:56.3656876Z #6 CACHED
job-core	Build image	2025-10-07T10:08:56.3656994Z 
job-core	Build image	2025-10-07T10:08:56.3657940Z #7 [4/6] RUN apt-get update &&     apt-get install -y --no-install-recommends mongodb-org-tools jq python3 pip bc ca-certificates     tzdata apt-utils apt-transport-https curl wget git gnupg gh &&     openssl &&     dpkg-reconfigure --frontend noninteractive tzdata
job-core	Build image	2025-10-07T10:08:56.3658972Z #7 CACHED
job-core	Build image	2025-10-07T10:08:56.3659116Z 
job-core	Build image	2025-10-07T10:08:56.3659824Z #8 [5/6] RUN apt-get update &&     export DEBIAN_FRONTEND=noninteractive &&     ln -fs /usr/share/zoneinfo/Europe/Madrid /etc/localtime &&     dpkg-reconfigure --frontend noninteractive tzdata &&     apt-get upgrade -y
job-core	Build image	2025-10-07T10:08:56.3660726Z #8 CACHED
job-core	Build image	2025-10-07T10:08:56.3660841Z 
job-core	Build image	2025-10-07T10:08:56.3660985Z #9 [6/6] WORKDIR /home/runner
job-core	Build image	2025-10-07T10:08:56.3661231Z #9 CACHED
job-core	Build image	2025-10-07T10:08:56.3661342Z 
job-core	Build image	2025-10-07T10:08:56.3661440Z #10 exporting to image
job-core	Build image	2025-10-07T10:08:56.3661689Z #10 exporting layers done
job-core	Build image	2025-10-07T10:08:56.3662140Z #10 writing image sha256:84c5996206927aa852346650fe802c7299f5fb3e23cc393250caadb54245c74a done
job-core	Build image	2025-10-07T10:08:56.3662697Z #10 naming to docker.io/library/actions-runner:test done
job-core	Build image	2025-10-07T10:08:56.3663036Z #10 DONE 0.0s
job-core	Build image	2025-10-07T10:08:56.3758845Z Se ha generado la imagen actions-runner:test....
job-core	Install Trivy vulnerability scanner	﻿2025-10-07T10:08:56.4007936Z ##[group]Run # Instalamos Trivy directamente desde el script oficial
job-core	Install Trivy vulnerability scanner	2025-10-07T10:08:56.4008572Z [36;1m# Instalamos Trivy directamente desde el script oficial[0m
job-core	Install Trivy vulnerability scanner	2025-10-07T10:08:56.4009364Z [36;1mcurl -sfL https://raw.githubusercontent.com/aquasecurity/trivy/main/contrib/install.sh | sudo sh -s -- -b /usr/local/bin v0.48.3[0m
job-core	Install Trivy vulnerability scanner	2025-10-07T10:08:56.4010042Z [36;1m[0m
job-core	Install Trivy vulnerability scanner	2025-10-07T10:08:56.4010273Z [36;1m# Ejecutamos el escaneo de la imagen[0m
job-core	Install Trivy vulnerability scanner	2025-10-07T10:08:56.4010802Z [36;1msudo trivy image --severity HIGH,CRITICAL --ignore-unfixed --format table actions-runner:test[0m
job-core	Install Trivy vulnerability scanner	2025-10-07T10:08:56.4094033Z [36;1msudo trivy image --severity HIGH,CRITICAL --ignore-unfixed --format json actions-runner:test > audit/scan/18309254306.json[0m
job-core	Install Trivy vulnerability scanner	2025-10-07T10:08:56.4094836Z [36;1mecho "Subimos el scan_image_from_18309254306.json a la ruta audit/scan/"[0m
job-core	Install Trivy vulnerability scanner	2025-10-07T10:08:56.4095767Z [36;1mecho "Uploading files to the repository..."[0m
job-core	Install Trivy vulnerability scanner	2025-10-07T10:08:56.4096381Z [36;1mgit config --global user.name "***"[0m
job-core	Install Trivy vulnerability scanner	2025-10-07T10:08:56.4096834Z [36;1mgit config --global user.email "***"[0m
job-core	Install Trivy vulnerability scanner	2025-10-07T10:08:56.4097134Z [36;1mgit pull[0m
job-core	Install Trivy vulnerability scanner	2025-10-07T10:08:56.4097493Z [36;1mgit add audit/scan/*[0m
job-core	Install Trivy vulnerability scanner	2025-10-07T10:08:56.4097833Z [36;1mgit commit -m "[Ka0s] Add scan image from 18309254306"[0m
job-core	Install Trivy vulnerability scanner	2025-10-07T10:08:56.4098188Z [36;1mgit push[0m
job-core	Install Trivy vulnerability scanner	2025-10-07T10:08:56.4106640Z shell: /usr/bin/bash -e {0}
job-core	Install Trivy vulnerability scanner	2025-10-07T10:08:56.4106958Z env:
job-core	Install Trivy vulnerability scanner	2025-10-07T10:08:56.4128122Z   GITHUB_TOKEN: ***
job-core	Install Trivy vulnerability scanner	2025-10-07T10:08:56.4128580Z   KAOS_MODULE: [Ka0s] Personalized Image Runners
job-core	Install Trivy vulnerability scanner	2025-10-07T10:08:56.4128912Z   KAOS_CODE: 18309254306
job-core	Install Trivy vulnerability scanner	2025-10-07T10:08:56.4129166Z   KAOS_PATH_SCAN: audit/scan/
job-core	Install Trivy vulnerability scanner	2025-10-07T10:08:56.4129425Z ##[endgroup]
job-core	Install Trivy vulnerability scanner	2025-10-07T10:08:56.6272546Z aquasecurity/trivy info checking GitHub for tag 'v0.48.3'
job-core	Install Trivy vulnerability scanner	2025-10-07T10:08:57.1181269Z aquasecurity/trivy info found version: 0.48.3 for v0.48.3/Linux/64bit
job-core	Install Trivy vulnerability scanner	2025-10-07T10:09:01.3299904Z aquasecurity/trivy info installed /usr/local/bin/trivy
job-core	Install Trivy vulnerability scanner	2025-10-07T10:09:02.7448312Z 2025-10-07T12:09:02.744+0200	[34mINFO[0m	Need to update DB
job-core	Install Trivy vulnerability scanner	2025-10-07T10:09:02.7449045Z 2025-10-07T12:09:02.744+0200	[34mINFO[0m	DB Repository: ghcr.io/aquasecurity/trivy-db
job-core	Install Trivy vulnerability scanner	2025-10-07T10:09:02.7449611Z 2025-10-07T12:09:02.744+0200	[34mINFO[0m	Downloading DB...
job-core	Install Trivy vulnerability scanner	2025-10-07T10:09:07.3933886Z 7.06 MiB / 72.11 MiB [------>________________________________________________________] 9.79% ? p/s ?15.65 MiB / 72.11 MiB [------------->_______________________________________________] 21.71% ? p/s ?24.56 MiB / 72.11 MiB [-------------------->________________________________________] 34.06% ? p/s ?33.39 MiB / 72.11 MiB [---------------------->_________________________] 46.31% 43.88 MiB p/s ETA 0s42.19 MiB / 72.11 MiB [---------------------------->___________________] 58.51% 43.88 MiB p/s ETA 0s52.53 MiB / 72.11 MiB [---------------------------------->_____________] 72.85% 43.88 MiB p/s ETA 0s69.06 MiB / 72.11 MiB [--------------------------------------------->__] 95.78% 44.88 MiB p/s ETA 0s72.11 MiB / 72.11 MiB [---------------------------------------------->] 100.00% 44.88 MiB p/s ETA 0s72.11 MiB / 72.11 MiB [---------------------------------------------->] 100.00% 44.88 MiB p/s ETA 0s72.11 MiB / 72.11 MiB [---------------------------------------------->] 100.00% 42.31 MiB p/s ETA 0s72.11 MiB / 72.11 MiB [---------------------------------------------->] 100.00% 42.31 MiB p/s ETA 0s72.11 MiB / 72.11 MiB [---------------------------------------------->] 100.00% 42.31 MiB p/s ETA 0s72.11 MiB / 72.11 MiB [---------------------------------------------->] 100.00% 39.58 MiB p/s ETA 0s72.11 MiB / 72.11 MiB [---------------------------------------------->] 100.00% 39.58 MiB p/s ETA 0s72.11 MiB / 72.11 MiB [---------------------------------------------->] 100.00% 39.58 MiB p/s ETA 0s72.11 MiB / 72.11 MiB [---------------------------------------------->] 100.00% 37.03 MiB p/s ETA 0s72.11 MiB / 72.11 MiB [---------------------------------------------->] 100.00% 37.03 MiB p/s ETA 0s72.11 MiB / 72.11 MiB [---------------------------------------------->] 100.00% 37.03 MiB p/s ETA 0s72.11 MiB / 72.11 MiB [-------------------------------------------------] 100.00% 20.54 MiB p/s 3.7s2025-10-07T12:09:07.392+0200	[34mINFO[0m	Vulnerability scanning is enabled
job-core	Install Trivy vulnerability scanner	2025-10-07T10:09:07.3939100Z 2025-10-07T12:09:07.392+0200	[34mINFO[0m	Secret scanning is enabled
job-core	Install Trivy vulnerability scanner	2025-10-07T10:09:07.3940137Z 2025-10-07T12:09:07.392+0200	[34mINFO[0m	If your scanning is slow, please try '--scanners vuln' to disable secret scanning
job-core	Install Trivy vulnerability scanner	2025-10-07T10:09:07.3941622Z 2025-10-07T12:09:07.392+0200	[34mINFO[0m	Please see also https://aquasecurity.github.io/trivy/v0.48/docs/scanner/secret/#recommendation for faster secret detection
job-core	Install Trivy vulnerability scanner	2025-10-07T10:11:56.9216473Z 2025-10-07T12:11:56.921+0200	[34mINFO[0m	Detected OS: ubuntu
job-core	Install Trivy vulnerability scanner	2025-10-07T10:11:56.9221436Z 2025-10-07T12:11:56.921+0200	[34mINFO[0m	Detecting Ubuntu vulnerabilities...
job-core	Install Trivy vulnerability scanner	2025-10-07T10:11:56.9459120Z 2025-10-07T12:11:56.943+0200	[34mINFO[0m	Number of language-specific files: 11
job-core	Install Trivy vulnerability scanner	2025-10-07T10:11:56.9478543Z 2025-10-07T12:11:56.945+0200	[34mINFO[0m	Detecting gobinary vulnerabilities...
job-core	Install Trivy vulnerability scanner	2025-10-07T10:11:56.9590424Z 2025-10-07T12:11:56.958+0200	[34mINFO[0m	Detecting dotnet-core vulnerabilities...
job-core	Install Trivy vulnerability scanner	2025-10-07T10:11:56.9722403Z 2025-10-07T12:11:56.971+0200	[34mINFO[0m	Detecting node-pkg vulnerabilities...
job-core	Install Trivy vulnerability scanner	2025-10-07T10:11:57.3307709Z 
job-core	Install Trivy vulnerability scanner	2025-10-07T10:11:57.3316193Z actions-runner:test (ubuntu 22.04)
job-core	Install Trivy vulnerability scanner	2025-10-07T10:11:57.3316673Z ==================================
job-core	Install Trivy vulnerability scanner	2025-10-07T10:11:57.3316943Z Total: 0 (HIGH: 0, CRITICAL: 0)
job-core	Install Trivy vulnerability scanner	2025-10-07T10:11:57.3317108Z 
job-core	Install Trivy vulnerability scanner	2025-10-07T10:11:57.3321104Z 2025-10-07T12:11:57.330+0200	[34mINFO[0m	Table result includes only package filenames. Use '--format json' option to get the full path to the package file.
job-core	Install Trivy vulnerability scanner	2025-10-07T10:11:57.3321696Z 
job-core	Install Trivy vulnerability scanner	2025-10-07T10:11:57.3323460Z Node.js (node-pkg)
job-core	Install Trivy vulnerability scanner	2025-10-07T10:11:57.3323735Z ==================
job-core	Install Trivy vulnerability scanner	2025-10-07T10:11:57.3323949Z Total: 1 (HIGH: 1, CRITICAL: 0)
job-core	Install Trivy vulnerability scanner	2025-10-07T10:11:57.3324144Z 
job-core	Install Trivy vulnerability scanner	2025-10-07T10:11:57.3324677Z ┌────────────────────────────┬────────────────┬──────────┬────────┬───────────────────┬───────────────┬───────────────────────────────────────────────────┐
job-core	Install Trivy vulnerability scanner	2025-10-07T10:11:57.3325576Z │          Library           │ Vulnerability  │ Severity │ Status │ Installed Version │ Fixed Version │                       Title                       │
job-core	Install Trivy vulnerability scanner	2025-10-07T10:11:57.3326518Z ├────────────────────────────┼────────────────┼──────────┼────────┼───────────────────┼───────────────┼───────────────────────────────────────────────────┤
job-core	Install Trivy vulnerability scanner	2025-10-07T10:11:57.3327431Z │ cross-spawn (package.json) │ CVE-2024-21538 │ HIGH     │ fixed  │ 7.0.3             │ 7.0.5, 6.0.6  │ cross-spawn: regular expression denial of service │
job-core	Install Trivy vulnerability scanner	2025-10-07T10:11:57.3328260Z │                            │                │          │        │                   │               │ https://avd.aquasec.com/nvd/cve-2024-21538        │
job-core	Install Trivy vulnerability scanner	2025-10-07T10:11:57.3329034Z └────────────────────────────┴────────────────┴──────────┴────────┴───────────────────┴───────────────┴───────────────────────────────────────────────────┘
job-core	Install Trivy vulnerability scanner	2025-10-07T10:11:58.2904067Z 2025-10-07T12:11:58.288+0200	[34mINFO[0m	Vulnerability scanning is enabled
job-core	Install Trivy vulnerability scanner	2025-10-07T10:11:58.2907735Z 2025-10-07T12:11:58.288+0200	[34mINFO[0m	Secret scanning is enabled
job-core	Install Trivy vulnerability scanner	2025-10-07T10:11:58.2911175Z 2025-10-07T12:11:58.288+0200	[34mINFO[0m	If your scanning is slow, please try '--scanners vuln' to disable secret scanning
job-core	Install Trivy vulnerability scanner	2025-10-07T10:11:58.2918066Z 2025-10-07T12:11:58.288+0200	[34mINFO[0m	Please see also https://aquasecurity.github.io/trivy/v0.48/docs/scanner/secret/#recommendation for faster secret detection
job-core	Install Trivy vulnerability scanner	2025-10-07T10:11:58.4686330Z 2025-10-07T12:11:58.468+0200	[34mINFO[0m	Detected OS: ubuntu
job-core	Install Trivy vulnerability scanner	2025-10-07T10:11:58.4688558Z 2025-10-07T12:11:58.468+0200	[34mINFO[0m	Detecting Ubuntu vulnerabilities...
job-core	Install Trivy vulnerability scanner	2025-10-07T10:11:58.4745550Z 2025-10-07T12:11:58.474+0200	[34mINFO[0m	Number of language-specific files: 11
job-core	Install Trivy vulnerability scanner	2025-10-07T10:11:58.4746595Z 2025-10-07T12:11:58.474+0200	[34mINFO[0m	Detecting gobinary vulnerabilities...
job-core	Install Trivy vulnerability scanner	2025-10-07T10:11:58.4810634Z 2025-10-07T12:11:58.480+0200	[34mINFO[0m	Detecting dotnet-core vulnerabilities...
job-core	Install Trivy vulnerability scanner	2025-10-07T10:11:58.4954797Z 2025-10-07T12:11:58.488+0200	[34mINFO[0m	Detecting node-pkg vulnerabilities...
job-core	Install Trivy vulnerability scanner	2025-10-07T10:11:58.5080610Z Subimos el scan_image_from_18309254306.json a la ruta audit/scan/
job-core	Install Trivy vulnerability scanner	2025-10-07T10:11:58.5081132Z Uploading files to the repository...
job-core	Install Trivy vulnerability scanner	2025-10-07T10:11:59.4293053Z From https://github.com/Ka0s-Klaus/ka0s
job-core	Install Trivy vulnerability scanner	2025-10-07T10:11:59.4293520Z    a83ccd98..4fcab914  main       -> origin/main
job-core	Install Trivy vulnerability scanner	2025-10-07T10:11:59.4868331Z Updating a83ccd98..4fcab914
job-core	Install Trivy vulnerability scanner	2025-10-07T10:11:59.4868792Z Fast-forward
job-core	Install Trivy vulnerability scanner	2025-10-07T10:11:59.4903889Z  audit/scan/18309254613.json | 337 +++++++++++++++++++++++++++++++++++++++++++
job-core	Install Trivy vulnerability scanner	2025-10-07T10:11:59.4904482Z  audit/scan/18309254928.json | 174 +++++++++++++++++++++++
job-core	Install Trivy vulnerability scanner	2025-10-07T10:11:59.4904926Z  audit/scan/18309257563.json | 338 ++++++++++++++++++++++++++++++++++++++++++++
job-core	Install Trivy vulnerability scanner	2025-10-07T10:11:59.4906007Z  3 files changed, 849 insertions(+)
job-core	Install Trivy vulnerability scanner	2025-10-07T10:11:59.4906464Z  create mode 100644 audit/scan/18309254613.json
job-core	Install Trivy vulnerability scanner	2025-10-07T10:11:59.4906863Z  create mode 100644 audit/scan/18309254928.json
job-core	Install Trivy vulnerability scanner	2025-10-07T10:11:59.4907180Z  create mode 100644 audit/scan/18309257563.json
job-core	Install Trivy vulnerability scanner	2025-10-07T10:11:59.5108207Z [main 1e9b7eea] [Ka0s] Add scan image from 18309254306
job-core	Install Trivy vulnerability scanner	2025-10-07T10:11:59.5109167Z  1 file changed, 350 insertions(+)
job-core	Install Trivy vulnerability scanner	2025-10-07T10:11:59.5109474Z  create mode 100644 audit/scan/18309254306.json
job-core	Install Trivy vulnerability scanner	2025-10-07T10:12:00.4090064Z To https://github.com/Ka0s-Klaus/ka0s
job-core	Install Trivy vulnerability scanner	2025-10-07T10:12:00.4110818Z    4fcab914..1e9b7eea  main -> main
job-core	Tag and Push if scan passes	﻿2025-10-07T10:12:00.4555915Z ##[group]Run # Logeamos en docker hub
job-core	Tag and Push if scan passes	2025-10-07T10:12:00.4556332Z [36;1m# Logeamos en docker hub[0m
job-core	Tag and Push if scan passes	2025-10-07T10:12:00.4557137Z [36;1msudo docker login -u *** -p ***[0m
job-core	Tag and Push if scan passes	2025-10-07T10:12:00.4567636Z [36;1m# Añadimos la imagen a la version[0m
job-core	Tag and Push if scan passes	2025-10-07T10:12:00.4568284Z [36;1msudo docker tag actions-runner:test ***/actions-runner:test[0m
job-core	Tag and Push if scan passes	2025-10-07T10:12:00.4568839Z [36;1mecho "Se ha generado la version ***/actions-runner:test ...."[0m
job-core	Tag and Push if scan passes	2025-10-07T10:12:00.4569217Z [36;1m# Subimos las imagenes[0m
job-core	Tag and Push if scan passes	2025-10-07T10:12:00.4569546Z [36;1msudo docker push ***/actions-runner:test[0m
job-core	Tag and Push if scan passes	2025-10-07T10:12:00.4569853Z [36;1m[0m
job-core	Tag and Push if scan passes	2025-10-07T10:12:00.4570156Z [36;1m# Añadimos la imagen a latest solo si la versión no es 'test'[0m
job-core	Tag and Push if scan passes	2025-10-07T10:12:00.4570561Z [36;1mif [ "test" != "test" ]; then[0m
job-core	Tag and Push if scan passes	2025-10-07T10:12:00.4570964Z [36;1m    sudo docker tag actions-runner:test ***/actions-runner:latest[0m
job-core	Tag and Push if scan passes	2025-10-07T10:12:00.4571470Z [36;1m    echo "Se ha generado la version ***/actions-runner:latest ...."[0m
job-core	Tag and Push if scan passes	2025-10-07T10:12:00.4571973Z [36;1m    sudo docker push ***/actions-runner:latest[0m
job-core	Tag and Push if scan passes	2025-10-07T10:12:00.4572396Z [36;1m    echo "Subida la imagen ***/actions-runner:latest ...."[0m
job-core	Tag and Push if scan passes	2025-10-07T10:12:00.4572744Z [36;1mfi[0m
job-core	Tag and Push if scan passes	2025-10-07T10:12:00.4581653Z shell: /usr/bin/bash -e {0}
job-core	Tag and Push if scan passes	2025-10-07T10:12:00.4581945Z env:
job-core	Tag and Push if scan passes	2025-10-07T10:12:00.4582620Z   GITHUB_TOKEN: ***
job-core	Tag and Push if scan passes	2025-10-07T10:12:00.4582901Z   KAOS_MODULE: [Ka0s] Personalized Image Runners
job-core	Tag and Push if scan passes	2025-10-07T10:12:00.4583213Z   KAOS_CODE: 18309254306
job-core	Tag and Push if scan passes	2025-10-07T10:12:00.4583451Z   KAOS_PATH_SCAN: audit/scan/
job-core	Tag and Push if scan passes	2025-10-07T10:12:00.4583699Z ##[endgroup]
job-core	Tag and Push if scan passes	2025-10-07T10:12:00.5564173Z WARNING! Using --password via the CLI is insecure. Use --password-stdin.
job-core	Tag and Push if scan passes	2025-10-07T10:12:01.5689393Z 
job-core	Tag and Push if scan passes	2025-10-07T10:12:01.5690005Z WARNING! Your credentials are stored unencrypted in '/root/.docker/config.json'.
job-core	Tag and Push if scan passes	2025-10-07T10:12:01.5690621Z Configure a credential helper to remove this warning. See
job-core	Tag and Push if scan passes	2025-10-07T10:12:01.5691096Z https://docs.docker.com/go/credential-store/
job-core	Tag and Push if scan passes	2025-10-07T10:12:01.5691495Z 
job-core	Tag and Push if scan passes	2025-10-07T10:12:01.5709298Z Login Succeeded
job-core	Tag and Push if scan passes	2025-10-07T10:12:01.7251646Z Se ha generado la version ***/actions-runner:test ....
job-core	Tag and Push if scan passes	2025-10-07T10:12:01.8042733Z The push refers to repository [docker.io/***/actions-runner]
job-core	Tag and Push if scan passes	2025-10-07T10:12:02.1428436Z 5f70bf18a086: Preparing
job-core	Tag and Push if scan passes	2025-10-07T10:12:02.1428935Z 5a3fa372d6d8: Preparing
job-core	Tag and Push if scan passes	2025-10-07T10:12:02.1429263Z e7ae29ee5597: Preparing
job-core	Tag and Push if scan passes	2025-10-07T10:12:02.1429516Z 49d18ba3ad15: Preparing
job-core	Tag and Push if scan passes	2025-10-07T10:12:02.1429740Z b57174de5293: Preparing
job-core	Tag and Push if scan passes	2025-10-07T10:12:02.1429956Z 3434f4824f12: Preparing
job-core	Tag and Push if scan passes	2025-10-07T10:12:02.1430181Z 5e75e89f1382: Preparing
job-core	Tag and Push if scan passes	2025-10-07T10:12:02.1430404Z d189d5e0baf9: Preparing
job-core	Tag and Push if scan passes	2025-10-07T10:12:02.1430631Z 5f70bf18a086: Preparing
job-core	Tag and Push if scan passes	2025-10-07T10:12:02.1430857Z adf87f6215ec: Preparing
job-core	Tag and Push if scan passes	2025-10-07T10:12:02.1431073Z f783f1d71d71: Preparing
job-core	Tag and Push if scan passes	2025-10-07T10:12:02.1431301Z 0cafcbd3752e: Preparing
job-core	Tag and Push if scan passes	2025-10-07T10:12:02.1431529Z 715068af6c5d: Preparing
job-core	Tag and Push if scan passes	2025-10-07T10:12:02.1431751Z 93556be7de21: Preparing
job-core	Tag and Push if scan passes	2025-10-07T10:12:02.1431970Z 90a2bf02e851: Preparing
job-core	Tag and Push if scan passes	2025-10-07T10:12:02.1432205Z 90a2bf02e851: Waiting
job-core	Tag and Push if scan passes	2025-10-07T10:12:02.1432471Z d189d5e0baf9: Waiting
job-core	Tag and Push if scan passes	2025-10-07T10:12:02.1434497Z adf87f6215ec: Waiting
job-core	Tag and Push if scan passes	2025-10-07T10:12:02.1434865Z f783f1d71d71: Waiting
job-core	Tag and Push if scan passes	2025-10-07T10:12:02.1435381Z 0cafcbd3752e: Waiting
job-core	Tag and Push if scan passes	2025-10-07T10:12:02.1435815Z 715068af6c5d: Waiting
job-core	Tag and Push if scan passes	2025-10-07T10:12:02.1436558Z 93556be7de21: Waiting
job-core	Tag and Push if scan passes	2025-10-07T10:12:02.1578337Z 3434f4824f12: Waiting
job-core	Tag and Push if scan passes	2025-10-07T10:12:02.1578778Z 5e75e89f1382: Waiting
job-core	Tag and Push if scan passes	2025-10-07T10:12:03.0142193Z 5f70bf18a086: Layer already exists
job-core	Tag and Push if scan passes	2025-10-07T10:12:03.0468552Z e7ae29ee5597: Layer already exists
job-core	Tag and Push if scan passes	2025-10-07T10:12:03.0636063Z 49d18ba3ad15: Layer already exists
job-core	Tag and Push if scan passes	2025-10-07T10:12:03.1022773Z b57174de5293: Layer already exists
job-core	Tag and Push if scan passes	2025-10-07T10:12:03.1768004Z 5a3fa372d6d8: Layer already exists
job-core	Tag and Push if scan passes	2025-10-07T10:12:03.5699817Z 3434f4824f12: Layer already exists
job-core	Tag and Push if scan passes	2025-10-07T10:12:03.6091776Z d189d5e0baf9: Layer already exists
job-core	Tag and Push if scan passes	2025-10-07T10:12:03.6188649Z 5e75e89f1382: Layer already exists
job-core	Tag and Push if scan passes	2025-10-07T10:12:03.6709370Z adf87f6215ec: Layer already exists
job-core	Tag and Push if scan passes	2025-10-07T10:12:03.7188661Z f783f1d71d71: Layer already exists
job-core	Tag and Push if scan passes	2025-10-07T10:12:04.1062066Z 0cafcbd3752e: Layer already exists
job-core	Tag and Push if scan passes	2025-10-07T10:12:04.1348341Z 715068af6c5d: Layer already exists
job-core	Tag and Push if scan passes	2025-10-07T10:12:04.1752833Z 93556be7de21: Layer already exists
job-core	Tag and Push if scan passes	2025-10-07T10:12:04.2052304Z 90a2bf02e851: Layer already exists
job-core	Tag and Push if scan passes	2025-10-07T10:12:06.9709127Z test: digest: sha256:d7e730ec11b3d70bd1c50a9a35c61ca8f5e55e0c08224a409aa6cbad31147180 size: 3479
job-core	Post Login to Docker Hub	﻿2025-10-07T10:12:07.0329269Z Post job cleanup.
job-core	Post Login to Docker Hub	2025-10-07T10:12:08.4828562Z [command]/usr/bin/docker logout docker.io
job-core	Post Login to Docker Hub	2025-10-07T10:12:08.5328498Z Removing login credentials for docker.io
job-core	Post Login to Docker Hub	2025-10-07T10:12:08.5551712Z ##[group]Post cache
job-core	Post Login to Docker Hub	2025-10-07T10:12:08.5572307Z State not set
job-core	Post Login to Docker Hub	2025-10-07T10:12:08.5576947Z ##[endgroup]
job-core	Post Checkout code	﻿2025-10-07T10:12:08.6839142Z Post job cleanup.
job-core	Post Checkout code	2025-10-07T10:12:09.3113810Z [command]/usr/bin/git version
job-core	Post Checkout code	2025-10-07T10:12:09.3270862Z git version 2.51.0
job-core	Post Checkout code	2025-10-07T10:12:09.3437116Z Copying '/home/runner/.gitconfig' to '/home/runner/_work/_temp/0fab0775-0826-47d5-85c7-2ac1bf08cc83/.gitconfig'
job-core	Post Checkout code	2025-10-07T10:12:09.3491488Z Temporarily overriding HOME='/home/runner/_work/_temp/0fab0775-0826-47d5-85c7-2ac1bf08cc83' before making global git config changes
job-core	Post Checkout code	2025-10-07T10:12:09.3495225Z Adding repository directory to the temporary git global config as a safe directory
job-core	Post Checkout code	2025-10-07T10:12:09.3506540Z [command]/usr/bin/git config --global --add safe.directory /home/runner/_work/ka0s/ka0s
job-core	Post Checkout code	2025-10-07T10:12:09.3647196Z [command]/usr/bin/git config --local --name-only --get-regexp core\.sshCommand
job-core	Post Checkout code	2025-10-07T10:12:09.3881804Z [command]/usr/bin/git submodule foreach --recursive sh -c "git config --local --name-only --get-regexp 'core\.sshCommand' && git config --local --unset-all 'core.sshCommand' || :"
job-core	Post Checkout code	2025-10-07T10:12:09.5535075Z [command]/usr/bin/git config --local --name-only --get-regexp http\.https\:\/\/github\.com\/\.extraheader
job-core	Post Checkout code	2025-10-07T10:12:09.5670607Z http.https://github.com/.extraheader
job-core	Post Checkout code	2025-10-07T10:12:09.5706446Z [command]/usr/bin/git config --local --unset-all http.https://github.com/.extraheader
job-core	Post Checkout code	2025-10-07T10:12:09.5792558Z [command]/usr/bin/git submodule foreach --recursive sh -c "git config --local --name-only --get-regexp 'http\.https\:\/\/github\.com\/\.extraheader' && git config --local --unset-all 'http.https://github.com/.extraheader' || :"
job-core	Complete job	﻿2025-10-07T10:12:09.6641083Z Cleaning up orphan processes
handle-success	Set up job	﻿2025-10-07T10:12:30.0240626Z Current runner version: '2.328.0'
handle-success	Set up job	2025-10-07T10:12:30.0421632Z Runner name: '90f1c8f04144'
handle-success	Set up job	2025-10-07T10:12:30.0422648Z Runner group name: 'swarm-runners'
handle-success	Set up job	2025-10-07T10:12:30.0423917Z Machine name: '90f1c8f04144'
handle-success	Set up job	2025-10-07T10:12:30.0469105Z ##[group]GITHUB_TOKEN Permissions
handle-success	Set up job	2025-10-07T10:12:30.0472460Z Actions: write
handle-success	Set up job	2025-10-07T10:12:30.0473189Z Contents: read
handle-success	Set up job	2025-10-07T10:12:30.0473753Z Issues: write
handle-success	Set up job	2025-10-07T10:12:30.0474376Z Metadata: read
handle-success	Set up job	2025-10-07T10:12:30.0474986Z ##[endgroup]
handle-success	Set up job	2025-10-07T10:12:30.0477762Z Secret source: Actions
handle-success	Set up job	2025-10-07T10:12:30.0478783Z Prepare workflow directory
handle-success	Set up job	2025-10-07T10:12:30.7767005Z Prepare all required actions
handle-success	Set up job	2025-10-07T10:12:30.8402924Z Getting action download info
handle-success	Set up job	2025-10-07T10:12:32.1545545Z Download action repository 'actions/checkout@v4' (SHA:08eba0b27e820071cde6df949e0beb9ba4906955)
handle-success	Set up job	2025-10-07T10:12:33.6957884Z Complete job name: handle-success
handle-success	Checkout code	﻿2025-10-07T10:12:33.9907269Z ##[group]Run actions/checkout@v4
handle-success	Checkout code	2025-10-07T10:12:33.9908537Z with:
handle-success	Checkout code	2025-10-07T10:12:33.9909105Z   fetch-depth: 0
handle-success	Checkout code	2025-10-07T10:12:33.9909959Z   token: ***
handle-success	Checkout code	2025-10-07T10:12:33.9910425Z   repository: Ka0s-Klaus/ka0s
handle-success	Checkout code	2025-10-07T10:12:33.9910964Z   ssh-strict: true
handle-success	Checkout code	2025-10-07T10:12:33.9911432Z   ssh-user: git
handle-success	Checkout code	2025-10-07T10:12:33.9911906Z   persist-credentials: true
handle-success	Checkout code	2025-10-07T10:12:33.9912444Z   clean: true
handle-success	Checkout code	2025-10-07T10:12:33.9912927Z   sparse-checkout-cone-mode: true
handle-success	Checkout code	2025-10-07T10:12:33.9913495Z   fetch-tags: false
handle-success	Checkout code	2025-10-07T10:12:33.9913985Z   show-progress: true
handle-success	Checkout code	2025-10-07T10:12:33.9914464Z   lfs: false
handle-success	Checkout code	2025-10-07T10:12:33.9914968Z   submodules: false
handle-success	Checkout code	2025-10-07T10:12:33.9915469Z   set-safe-directory: true
handle-success	Checkout code	2025-10-07T10:12:33.9916343Z env:
handle-success	Checkout code	2025-10-07T10:12:33.9917586Z   GITHUB_TOKEN: ***
handle-success	Checkout code	2025-10-07T10:12:33.9918158Z   KAOS_MODULE: [Ka0s] Personalized Image Runners
handle-success	Checkout code	2025-10-07T10:12:33.9918818Z   KAOS_CODE: 18309254306
handle-success	Checkout code	2025-10-07T10:12:33.9919344Z   KAOS_PATH_SCAN: audit/scan/
handle-success	Checkout code	2025-10-07T10:12:33.9919901Z ##[endgroup]
handle-success	Checkout code	2025-10-07T10:12:34.7766279Z Syncing repository: Ka0s-Klaus/ka0s
handle-success	Checkout code	2025-10-07T10:12:34.7848760Z ##[group]Getting Git version info
handle-success	Checkout code	2025-10-07T10:12:34.7849731Z Working directory is '/home/runner/_work/ka0s/ka0s'
handle-success	Checkout code	2025-10-07T10:12:34.7851015Z [command]/usr/bin/git version
handle-success	Checkout code	2025-10-07T10:12:34.7851575Z git version 2.51.0
handle-success	Checkout code	2025-10-07T10:12:34.8100102Z ##[endgroup]
handle-success	Checkout code	2025-10-07T10:12:34.8337775Z Temporarily overriding HOME='/home/runner/_work/_temp/c0afdaff-b7ae-4236-98f0-d458403afc13' before making global git config changes
handle-success	Checkout code	2025-10-07T10:12:34.8339963Z Adding repository directory to the temporary git global config as a safe directory
handle-success	Checkout code	2025-10-07T10:12:34.8355183Z [command]/usr/bin/git config --global --add safe.directory /home/runner/_work/ka0s/ka0s
handle-success	Checkout code	2025-10-07T10:12:34.8626097Z Deleting the contents of '/home/runner/_work/ka0s/ka0s'
handle-success	Checkout code	2025-10-07T10:12:34.8673442Z ##[group]Initializing the repository
handle-success	Checkout code	2025-10-07T10:12:34.8699516Z [command]/usr/bin/git init /home/runner/_work/ka0s/ka0s
handle-success	Checkout code	2025-10-07T10:12:34.9012069Z hint: Using 'master' as the name for the initial branch. This default branch name
handle-success	Checkout code	2025-10-07T10:12:34.9030974Z hint: is subject to change. To configure the initial branch name to use in all
handle-success	Checkout code	2025-10-07T10:12:34.9079146Z hint: of your new repositories, which will suppress this warning, call:
handle-success	Checkout code	2025-10-07T10:12:34.9080208Z hint:
handle-success	Checkout code	2025-10-07T10:12:34.9080989Z hint: 	git config --global init.defaultBranch <name>
handle-success	Checkout code	2025-10-07T10:12:34.9081750Z hint:
handle-success	Checkout code	2025-10-07T10:12:34.9082480Z hint: Names commonly chosen instead of 'master' are 'main', 'trunk' and
handle-success	Checkout code	2025-10-07T10:12:34.9083588Z hint: 'development'. The just-created branch can be renamed via this command:
handle-success	Checkout code	2025-10-07T10:12:34.9084502Z hint:
handle-success	Checkout code	2025-10-07T10:12:34.9085066Z hint: 	git branch -m <name>
handle-success	Checkout code	2025-10-07T10:12:34.9085713Z hint:
handle-success	Checkout code	2025-10-07T10:12:34.9086523Z hint: Disable this message with "git config set advice.defaultBranchName false"
handle-success	Checkout code	2025-10-07T10:12:34.9145479Z Initialized empty Git repository in /home/runner/_work/ka0s/ka0s/.git/
handle-success	Checkout code	2025-10-07T10:12:34.9187966Z [command]/usr/bin/git remote add origin https://github.com/Ka0s-Klaus/ka0s
handle-success	Checkout code	2025-10-07T10:12:34.9387825Z ##[endgroup]
handle-success	Checkout code	2025-10-07T10:12:34.9407636Z ##[group]Disabling automatic garbage collection
handle-success	Checkout code	2025-10-07T10:12:34.9453766Z [command]/usr/bin/git config --local gc.auto 0
handle-success	Checkout code	2025-10-07T10:12:34.9709820Z ##[endgroup]
handle-success	Checkout code	2025-10-07T10:12:34.9712164Z ##[group]Setting up auth
handle-success	Checkout code	2025-10-07T10:12:34.9755473Z [command]/usr/bin/git config --local --name-only --get-regexp core\.sshCommand
handle-success	Checkout code	2025-10-07T10:12:35.0067488Z [command]/usr/bin/git submodule foreach --recursive sh -c "git config --local --name-only --get-regexp 'core\.sshCommand' && git config --local --unset-all 'core.sshCommand' || :"
handle-success	Checkout code	2025-10-07T10:12:35.1989615Z [command]/usr/bin/git config --local --name-only --get-regexp http\.https\:\/\/github\.com\/\.extraheader
handle-success	Checkout code	2025-10-07T10:12:35.2284499Z [command]/usr/bin/git submodule foreach --recursive sh -c "git config --local --name-only --get-regexp 'http\.https\:\/\/github\.com\/\.extraheader' && git config --local --unset-all 'http.https://github.com/.extraheader' || :"
handle-success	Checkout code	2025-10-07T10:12:35.4321625Z [command]/usr/bin/git config --local http.https://github.com/.extraheader AUTHORIZATION: basic ***
handle-success	Checkout code	2025-10-07T10:12:35.4622548Z ##[endgroup]
handle-success	Checkout code	2025-10-07T10:12:35.4623648Z ##[group]Fetching the repository
handle-success	Checkout code	2025-10-07T10:12:35.4702365Z [command]/usr/bin/git -c protocol.version=2 fetch --prune --no-recurse-submodules origin +refs/heads/*:refs/remotes/origin/* +refs/tags/*:refs/tags/*
handle-success	Checkout code	2025-10-07T10:13:25.3855552Z From https://github.com/Ka0s-Klaus/ka0s
handle-success	Checkout code	2025-10-07T10:13:25.3857256Z  * [new branch]        F1149-desarrollo-de-orchestrator -> origin/F1149-desarrollo-de-orchestrator
handle-success	Checkout code	2025-10-07T10:13:25.3858731Z  * [new branch]        F1183-personalización-módulo-finops -> origin/F1183-personalización-módulo-finops
handle-success	Checkout code	2025-10-07T10:13:25.3860021Z  * [new branch]        F1224-new-module-mongodb -> origin/F1224-new-module-mongodb
handle-success	Checkout code	2025-10-07T10:13:25.3860850Z  * [new branch]        F220-web-de-resultados  -> origin/F220-web-de-resultados
handle-success	Checkout code	2025-10-07T10:13:25.3861973Z  * [new branch]        F227-despliegue-de-kube-independiente-del-clouder -> origin/F227-despliegue-de-kube-independiente-del-clouder
handle-success	Checkout code	2025-10-07T10:13:25.3863133Z  * [new branch]        F329-documentacion-metodologia-de-kaos -> origin/F329-documentacion-metodologia-de-kaos
handle-success	Checkout code	2025-10-07T10:13:25.3864238Z  * [new branch]        F44-creación-módulo-versionado -> origin/F44-creación-módulo-versionado
handle-success	Checkout code	2025-10-07T10:13:25.3865195Z  * [new branch]        H1128-módulo-de-observabilidad -> origin/H1128-módulo-de-observabilidad
handle-success	Checkout code	2025-10-07T10:13:25.3866275Z  * [new branch]        H1139-como-instalar-arc-control -> origin/H1139-como-instalar-arc-control
handle-success	Checkout code	2025-10-07T10:13:25.3867248Z  * [new branch]        H1149-desarrollo-de-orchestrator -> origin/H1149-desarrollo-de-orchestrator
handle-success	Checkout code	2025-10-07T10:13:25.3887612Z  * [new branch]        H1150-desarrollo-de-secciones -> origin/H1150-desarrollo-de-secciones
handle-success	Checkout code	2025-10-07T10:13:25.3896870Z  * [new branch]        H1151-desarrollo-de-secciones-ii -> origin/H1151-desarrollo-de-secciones-ii
handle-success	Checkout code	2025-10-07T10:13:25.3914277Z  * [new branch]        H1152-desarrollo-inicio -> origin/H1152-desarrollo-inicio
handle-success	Checkout code	2025-10-07T10:13:25.3984215Z  * [new branch]        H1183-personalización-módulo-finops -> origin/H1183-personalización-módulo-finops
handle-success	Checkout code	2025-10-07T10:13:25.3985181Z  * [new branch]        H1193-ejemplo-web-documentacion -> origin/H1193-ejemplo-web-documentacion
handle-success	Checkout code	2025-10-07T10:13:25.3985836Z  * [new branch]        H1205-web-creation      -> origin/H1205-web-creation
handle-success	Checkout code	2025-10-07T10:13:25.3986401Z  * [new branch]        H1224-new-module-mongodb -> origin/H1224-new-module-mongodb
handle-success	Checkout code	2025-10-07T10:13:25.3986987Z  * [new branch]        H1410-modulo-execution  -> origin/H1410-modulo-execution
handle-success	Checkout code	2025-10-07T10:13:25.3988116Z  * [new branch]        H1514-new-swarm-deployment-stack-with-actions-runners-autoscale -> origin/H1514-new-swarm-deployment-stack-with-actions-runners-autoscale
handle-success	Checkout code	2025-10-07T10:13:25.3989203Z  * [new branch]        H1646-modulo-de-control-de-runners -> origin/H1646-modulo-de-control-de-runners
handle-success	Checkout code	2025-10-07T10:13:25.3990012Z  * [new branch]        H215-modulo-de-summary  -> origin/H215-modulo-de-summary
handle-success	Checkout code	2025-10-07T10:13:25.3990927Z  * [new branch]        H220-web-de-resultados  -> origin/H220-web-de-resultados
handle-success	Checkout code	2025-10-07T10:13:25.3991761Z  * [new branch]        H227-despliegue-de-kube-independiente-del-clouder -> origin/H227-despliegue-de-kube-independiente-del-clouder
handle-success	Checkout code	2025-10-07T10:13:25.3992668Z  * [new branch]        H306-ficheros-de-estadisticas -> origin/H306-ficheros-de-estadisticas
handle-success	Checkout code	2025-10-07T10:13:25.3993519Z  * [new branch]        H328-documentacion-modulo-principal-de-kaos -> origin/H328-documentacion-modulo-principal-de-kaos
handle-success	Checkout code	2025-10-07T10:13:25.3994432Z  * [new branch]        H329-documentacion-metodologia-de-kaos -> origin/H329-documentacion-metodologia-de-kaos
handle-success	Checkout code	2025-10-07T10:13:25.3995334Z  * [new branch]        H338-relanzador-de-jobs-en-caso-de-pattern -> origin/H338-relanzador-de-jobs-en-caso-de-pattern
handle-success	Checkout code	2025-10-07T10:13:25.3996238Z  * [new branch]        H38-documentacion-basica-del-proyecto -> origin/H38-documentacion-basica-del-proyecto
handle-success	Checkout code	2025-10-07T10:13:25.3997613Z  * [new branch]        H44-creación-módulo-versionado -> origin/H44-creación-módulo-versionado
handle-success	Checkout code	2025-10-07T10:13:25.3998473Z  * [new branch]        RN1149-desarrollo-de-orchestrator -> origin/RN1149-desarrollo-de-orchestrator
handle-success	Checkout code	2025-10-07T10:13:25.3999425Z  * [new branch]        RN1183-personalización-módulo-finops -> origin/RN1183-personalización-módulo-finops
handle-success	Checkout code	2025-10-07T10:13:25.4000549Z  * [new branch]        RN1282-ka0s-error-detected-in-ka0s-workflow-statistics-summary -> origin/RN1282-ka0s-error-detected-in-ka0s-workflow-statistics-summary
handle-success	Checkout code	2025-10-07T10:13:25.4001570Z  * [new branch]        RN220-web-de-resultados -> origin/RN220-web-de-resultados
handle-success	Checkout code	2025-10-07T10:13:25.4002545Z  * [new branch]        RN227-despliegue-de-kube-independiente-del-clouder -> origin/RN227-despliegue-de-kube-independiente-del-clouder
handle-success	Checkout code	2025-10-07T10:13:25.4003669Z  * [new branch]        RN329-documentacion-metodologia-de-kaos -> origin/RN329-documentacion-metodologia-de-kaos
handle-success	Checkout code	2025-10-07T10:13:25.4004435Z  * [new branch]        main                    -> origin/main
handle-success	Checkout code	2025-10-07T10:13:25.4004916Z  * [new tag]           0.0.0                   -> 0.0.0
handle-success	Checkout code	2025-10-07T10:13:25.4005342Z  * [new tag]           0.0.1                   -> 0.0.1
handle-success	Checkout code	2025-10-07T10:13:25.4005770Z  * [new tag]           0.0.10                  -> 0.0.10
handle-success	Checkout code	2025-10-07T10:13:25.4006200Z  * [new tag]           0.0.100                 -> 0.0.100
handle-success	Checkout code	2025-10-07T10:13:25.4006623Z  * [new tag]           0.0.101                 -> 0.0.101
handle-success	Checkout code	2025-10-07T10:13:25.4007039Z  * [new tag]           0.0.102                 -> 0.0.102
handle-success	Checkout code	2025-10-07T10:13:25.4172328Z  * [new tag]           0.0.103                 -> 0.0.103
handle-success	Checkout code	2025-10-07T10:13:25.4172962Z  * [new tag]           0.0.104                 -> 0.0.104
handle-success	Checkout code	2025-10-07T10:13:25.4173381Z  * [new tag]           0.0.105                 -> 0.0.105
handle-success	Checkout code	2025-10-07T10:13:25.4173797Z  * [new tag]           0.0.106                 -> 0.0.106
handle-success	Checkout code	2025-10-07T10:13:25.4174201Z  * [new tag]           0.0.107                 -> 0.0.107
handle-success	Checkout code	2025-10-07T10:13:25.4174645Z  * [new tag]           0.0.108                 -> 0.0.108
handle-success	Checkout code	2025-10-07T10:13:25.4175057Z  * [new tag]           0.0.109                 -> 0.0.109
handle-success	Checkout code	2025-10-07T10:13:25.4175459Z  * [new tag]           0.0.11                  -> 0.0.11
handle-success	Checkout code	2025-10-07T10:13:25.4175853Z  * [new tag]           0.0.110                 -> 0.0.110
handle-success	Checkout code	2025-10-07T10:13:25.4176258Z  * [new tag]           0.0.111                 -> 0.0.111
handle-success	Checkout code	2025-10-07T10:13:25.4176656Z  * [new tag]           0.0.112                 -> 0.0.112
handle-success	Checkout code	2025-10-07T10:13:25.4177063Z  * [new tag]           0.0.113                 -> 0.0.113
handle-success	Checkout code	2025-10-07T10:13:25.4177597Z  * [new tag]           0.0.114                 -> 0.0.114
handle-success	Checkout code	2025-10-07T10:13:25.4178021Z  * [new tag]           0.0.115                 -> 0.0.115
handle-success	Checkout code	2025-10-07T10:13:25.4178453Z  * [new tag]           0.0.116                 -> 0.0.116
handle-success	Checkout code	2025-10-07T10:13:25.4179270Z  * [new tag]           0.0.117                 -> 0.0.117
handle-success	Checkout code	2025-10-07T10:13:25.4179729Z  * [new tag]           0.0.118                 -> 0.0.118
handle-success	Checkout code	2025-10-07T10:13:25.4180435Z  * [new tag]           0.0.119                 -> 0.0.119
handle-success	Checkout code	2025-10-07T10:13:25.4180840Z  * [new tag]           0.0.12                  -> 0.0.12
handle-success	Checkout code	2025-10-07T10:13:25.4181252Z  * [new tag]           0.0.120                 -> 0.0.120
handle-success	Checkout code	2025-10-07T10:13:25.4181649Z  * [new tag]           0.0.121                 -> 0.0.121
handle-success	Checkout code	2025-10-07T10:13:25.4182053Z  * [new tag]           0.0.122                 -> 0.0.122
handle-success	Checkout code	2025-10-07T10:13:25.4182455Z  * [new tag]           0.0.123                 -> 0.0.123
handle-success	Checkout code	2025-10-07T10:13:25.4182850Z  * [new tag]           0.0.124                 -> 0.0.124
handle-success	Checkout code	2025-10-07T10:13:25.4183252Z  * [new tag]           0.0.125                 -> 0.0.125
handle-success	Checkout code	2025-10-07T10:13:25.4183652Z  * [new tag]           0.0.126                 -> 0.0.126
handle-success	Checkout code	2025-10-07T10:13:25.4184054Z  * [new tag]           0.0.127                 -> 0.0.127
handle-success	Checkout code	2025-10-07T10:13:25.4184458Z  * [new tag]           0.0.128                 -> 0.0.128
handle-success	Checkout code	2025-10-07T10:13:25.4185032Z  * [new tag]           0.0.129                 -> 0.0.129
handle-success	Checkout code	2025-10-07T10:13:25.4185458Z  * [new tag]           0.0.13                  -> 0.0.13
handle-success	Checkout code	2025-10-07T10:13:25.4185875Z  * [new tag]           0.0.130                 -> 0.0.130
handle-success	Checkout code	2025-10-07T10:13:25.4186280Z  * [new tag]           0.0.131                 -> 0.0.131
handle-success	Checkout code	2025-10-07T10:13:25.4186673Z  * [new tag]           0.0.132                 -> 0.0.132
handle-success	Checkout code	2025-10-07T10:13:25.4187083Z  * [new tag]           0.0.133                 -> 0.0.133
handle-success	Checkout code	2025-10-07T10:13:25.4187740Z  * [new tag]           0.0.134                 -> 0.0.134
handle-success	Checkout code	2025-10-07T10:13:25.4188149Z  * [new tag]           0.0.135                 -> 0.0.135
handle-success	Checkout code	2025-10-07T10:13:25.4188545Z  * [new tag]           0.0.136                 -> 0.0.136
handle-success	Checkout code	2025-10-07T10:13:25.4188954Z  * [new tag]           0.0.137                 -> 0.0.137
handle-success	Checkout code	2025-10-07T10:13:25.4189356Z  * [new tag]           0.0.138                 -> 0.0.138
handle-success	Checkout code	2025-10-07T10:13:25.4189751Z  * [new tag]           0.0.139                 -> 0.0.139
handle-success	Checkout code	2025-10-07T10:13:25.4190162Z  * [new tag]           0.0.14                  -> 0.0.14
handle-success	Checkout code	2025-10-07T10:13:25.4190572Z  * [new tag]           0.0.140                 -> 0.0.140
handle-success	Checkout code	2025-10-07T10:13:25.4190974Z  * [new tag]           0.0.141                 -> 0.0.141
handle-success	Checkout code	2025-10-07T10:13:25.4191391Z  * [new tag]           0.0.142                 -> 0.0.142
handle-success	Checkout code	2025-10-07T10:13:25.4191794Z  * [new tag]           0.0.143                 -> 0.0.143
handle-success	Checkout code	2025-10-07T10:13:25.4192196Z  * [new tag]           0.0.144                 -> 0.0.144
handle-success	Checkout code	2025-10-07T10:13:25.4192605Z  * [new tag]           0.0.145                 -> 0.0.145
handle-success	Checkout code	2025-10-07T10:13:25.4193035Z  * [new tag]           0.0.146                 -> 0.0.146
handle-success	Checkout code	2025-10-07T10:13:25.4193444Z  * [new tag]           0.0.147                 -> 0.0.147
handle-success	Checkout code	2025-10-07T10:13:25.4193839Z  * [new tag]           0.0.148                 -> 0.0.148
handle-success	Checkout code	2025-10-07T10:13:25.4194246Z  * [new tag]           0.0.149                 -> 0.0.149
handle-success	Checkout code	2025-10-07T10:13:25.4194657Z  * [new tag]           0.0.15                  -> 0.0.15
handle-success	Checkout code	2025-10-07T10:13:25.4195087Z  * [new tag]           0.0.150                 -> 0.0.150
handle-success	Checkout code	2025-10-07T10:13:25.4195509Z  * [new tag]           0.0.151                 -> 0.0.151
handle-success	Checkout code	2025-10-07T10:13:25.4195965Z  * [new tag]           0.0.152                 -> 0.0.152
handle-success	Checkout code	2025-10-07T10:13:25.4196372Z  * [new tag]           0.0.153                 -> 0.0.153
handle-success	Checkout code	2025-10-07T10:13:25.4196782Z  * [new tag]           0.0.154                 -> 0.0.154
handle-success	Checkout code	2025-10-07T10:13:25.4197188Z  * [new tag]           0.0.155                 -> 0.0.155
handle-success	Checkout code	2025-10-07T10:13:25.4366082Z  * [new tag]           0.0.156                 -> 0.0.156
handle-success	Checkout code	2025-10-07T10:13:25.4366874Z  * [new tag]           0.0.157                 -> 0.0.157
handle-success	Checkout code	2025-10-07T10:13:25.4367288Z  * [new tag]           0.0.158                 -> 0.0.158
handle-success	Checkout code	2025-10-07T10:13:25.4367833Z  * [new tag]           0.0.159                 -> 0.0.159
handle-success	Checkout code	2025-10-07T10:13:25.4368244Z  * [new tag]           0.0.16                  -> 0.0.16
handle-success	Checkout code	2025-10-07T10:13:25.4368652Z  * [new tag]           0.0.160                 -> 0.0.160
handle-success	Checkout code	2025-10-07T10:13:25.4369085Z  * [new tag]           0.0.161                 -> 0.0.161
handle-success	Checkout code	2025-10-07T10:13:25.4369760Z  * [new tag]           0.0.162                 -> 0.0.162
handle-success	Checkout code	2025-10-07T10:13:25.4370153Z  * [new tag]           0.0.163                 -> 0.0.163
handle-success	Checkout code	2025-10-07T10:13:25.4370551Z  * [new tag]           0.0.164                 -> 0.0.164
handle-success	Checkout code	2025-10-07T10:13:25.4370949Z  * [new tag]           0.0.165                 -> 0.0.165
handle-success	Checkout code	2025-10-07T10:13:25.4371350Z  * [new tag]           0.0.166                 -> 0.0.166
handle-success	Checkout code	2025-10-07T10:13:25.4371756Z  * [new tag]           0.0.167                 -> 0.0.167
handle-success	Checkout code	2025-10-07T10:13:25.4372163Z  * [new tag]           0.0.168                 -> 0.0.168
handle-success	Checkout code	2025-10-07T10:13:25.4372558Z  * [new tag]           0.0.169                 -> 0.0.169
handle-success	Checkout code	2025-10-07T10:13:25.4372956Z  * [new tag]           0.0.17                  -> 0.0.17
handle-success	Checkout code	2025-10-07T10:13:25.4373352Z  * [new tag]           0.0.170                 -> 0.0.170
handle-success	Checkout code	2025-10-07T10:13:25.4373916Z  * [new tag]           0.0.171                 -> 0.0.171
handle-success	Checkout code	2025-10-07T10:13:25.4374324Z  * [new tag]           0.0.172                 -> 0.0.172
handle-success	Checkout code	2025-10-07T10:13:25.5099730Z  * [new tag]           0.0.173                 -> 0.0.173
handle-success	Checkout code	2025-10-07T10:13:25.5100444Z  * [new tag]           0.0.174                 -> 0.0.174
handle-success	Checkout code	2025-10-07T10:13:25.5100867Z  * [new tag]           0.0.175                 -> 0.0.175
handle-success	Checkout code	2025-10-07T10:13:25.5101284Z  * [new tag]           0.0.176                 -> 0.0.176
handle-success	Checkout code	2025-10-07T10:13:25.5101691Z  * [new tag]           0.0.177                 -> 0.0.177
handle-success	Checkout code	2025-10-07T10:13:25.5102094Z  * [new tag]           0.0.178                 -> 0.0.178
handle-success	Checkout code	2025-10-07T10:13:25.5102503Z  * [new tag]           0.0.179                 -> 0.0.179
handle-success	Checkout code	2025-10-07T10:13:25.5102968Z  * [new tag]           0.0.18                  -> 0.0.18
handle-success	Checkout code	2025-10-07T10:13:25.5103458Z  * [new tag]           0.0.19                  -> 0.0.19
handle-success	Checkout code	2025-10-07T10:13:25.5103929Z  * [new tag]           0.0.2                   -> 0.0.2
handle-success	Checkout code	2025-10-07T10:13:25.5104478Z  * [new tag]           0.0.20                  -> 0.0.20
handle-success	Checkout code	2025-10-07T10:13:25.5104970Z  * [new tag]           0.0.21                  -> 0.0.21
handle-success	Checkout code	2025-10-07T10:13:25.5105413Z  * [new tag]           0.0.22                  -> 0.0.22
handle-success	Checkout code	2025-10-07T10:13:25.5105855Z  * [new tag]           0.0.23                  -> 0.0.23
handle-success	Checkout code	2025-10-07T10:13:25.5106332Z  * [new tag]           0.0.24                  -> 0.0.24
handle-success	Checkout code	2025-10-07T10:13:25.5106781Z  * [new tag]           0.0.25                  -> 0.0.25
handle-success	Checkout code	2025-10-07T10:13:25.5107218Z  * [new tag]           0.0.26                  -> 0.0.26
handle-success	Checkout code	2025-10-07T10:13:25.5108865Z  * [new tag]           0.0.27                  -> 0.0.27
handle-success	Checkout code	2025-10-07T10:13:25.5109280Z  * [new tag]           0.0.28                  -> 0.0.28
handle-success	Checkout code	2025-10-07T10:13:25.5109678Z  * [new tag]           0.0.29                  -> 0.0.29
handle-success	Checkout code	2025-10-07T10:13:25.5110073Z  * [new tag]           0.0.3                   -> 0.0.3
handle-success	Checkout code	2025-10-07T10:13:25.5110493Z  * [new tag]           0.0.30                  -> 0.0.30
handle-success	Checkout code	2025-10-07T10:13:25.5110909Z  * [new tag]           0.0.31                  -> 0.0.31
handle-success	Checkout code	2025-10-07T10:13:25.5111329Z  * [new tag]           0.0.32                  -> 0.0.32
handle-success	Checkout code	2025-10-07T10:13:25.5111742Z  * [new tag]           0.0.33                  -> 0.0.33
handle-success	Checkout code	2025-10-07T10:13:25.5112148Z  * [new tag]           0.0.34                  -> 0.0.34
handle-success	Checkout code	2025-10-07T10:13:25.5112550Z  * [new tag]           0.0.35                  -> 0.0.35
handle-success	Checkout code	2025-10-07T10:13:25.5112971Z  * [new tag]           0.0.36                  -> 0.0.36
handle-success	Checkout code	2025-10-07T10:13:25.5113406Z  * [new tag]           0.0.37                  -> 0.0.37
handle-success	Checkout code	2025-10-07T10:13:25.5113851Z  * [new tag]           0.0.38                  -> 0.0.38
handle-success	Checkout code	2025-10-07T10:13:25.5114272Z  * [new tag]           0.0.39                  -> 0.0.39
handle-success	Checkout code	2025-10-07T10:13:25.5114703Z  * [new tag]           0.0.4                   -> 0.0.4
handle-success	Checkout code	2025-10-07T10:13:25.5115132Z  * [new tag]           0.0.40                  -> 0.0.40
handle-success	Checkout code	2025-10-07T10:13:25.5115576Z  * [new tag]           0.0.41                  -> 0.0.41
handle-success	Checkout code	2025-10-07T10:13:25.5116046Z  * [new tag]           0.0.42                  -> 0.0.42
handle-success	Checkout code	2025-10-07T10:13:25.5117595Z  * [new tag]           0.0.43                  -> 0.0.43
handle-success	Checkout code	2025-10-07T10:13:25.5118022Z  * [new tag]           0.0.44                  -> 0.0.44
handle-success	Checkout code	2025-10-07T10:13:25.5118414Z  * [new tag]           0.0.45                  -> 0.0.45
handle-success	Checkout code	2025-10-07T10:13:25.5118811Z  * [new tag]           0.0.46                  -> 0.0.46
handle-success	Checkout code	2025-10-07T10:13:25.5119209Z  * [new tag]           0.0.47                  -> 0.0.47
handle-success	Checkout code	2025-10-07T10:13:25.5119608Z  * [new tag]           0.0.48                  -> 0.0.48
handle-success	Checkout code	2025-10-07T10:13:25.5120006Z  * [new tag]           0.0.49                  -> 0.0.49
handle-success	Checkout code	2025-10-07T10:13:25.5120421Z  * [new tag]           0.0.5                   -> 0.0.5
handle-success	Checkout code	2025-10-07T10:13:25.5120822Z  * [new tag]           0.0.50                  -> 0.0.50
handle-success	Checkout code	2025-10-07T10:13:25.5121243Z  * [new tag]           0.0.51                  -> 0.0.51
handle-success	Checkout code	2025-10-07T10:13:25.5121645Z  * [new tag]           0.0.52                  -> 0.0.52
handle-success	Checkout code	2025-10-07T10:13:25.5122282Z  * [new tag]           0.0.53                  -> 0.0.53
handle-success	Checkout code	2025-10-07T10:13:25.5122686Z  * [new tag]           0.0.54                  -> 0.0.54
handle-success	Checkout code	2025-10-07T10:13:25.5123081Z  * [new tag]           0.0.55                  -> 0.0.55
handle-success	Checkout code	2025-10-07T10:13:25.5123474Z  * [new tag]           0.0.56                  -> 0.0.56
handle-success	Checkout code	2025-10-07T10:13:25.5123866Z  * [new tag]           0.0.57                  -> 0.0.57
handle-success	Checkout code	2025-10-07T10:13:25.5124269Z  * [new tag]           0.0.58                  -> 0.0.58
handle-success	Checkout code	2025-10-07T10:13:25.5124655Z  * [new tag]           0.0.59                  -> 0.0.59
handle-success	Checkout code	2025-10-07T10:13:25.5125055Z  * [new tag]           0.0.6                   -> 0.0.6
handle-success	Checkout code	2025-10-07T10:13:25.5125448Z  * [new tag]           0.0.60                  -> 0.0.60
handle-success	Checkout code	2025-10-07T10:13:25.5125847Z  * [new tag]           0.0.61                  -> 0.0.61
handle-success	Checkout code	2025-10-07T10:13:25.5126246Z  * [new tag]           0.0.62                  -> 0.0.62
handle-success	Checkout code	2025-10-07T10:13:25.5126658Z  * [new tag]           0.0.63                  -> 0.0.63
handle-success	Checkout code	2025-10-07T10:13:25.5127064Z  * [new tag]           0.0.64                  -> 0.0.64
handle-success	Checkout code	2025-10-07T10:13:25.5127943Z  * [new tag]           0.0.65                  -> 0.0.65
handle-success	Checkout code	2025-10-07T10:13:25.5128353Z  * [new tag]           0.0.66                  -> 0.0.66
handle-success	Checkout code	2025-10-07T10:13:25.5128741Z  * [new tag]           0.0.67                  -> 0.0.67
handle-success	Checkout code	2025-10-07T10:13:25.5129140Z  * [new tag]           0.0.68                  -> 0.0.68
handle-success	Checkout code	2025-10-07T10:13:25.5129539Z  * [new tag]           0.0.69                  -> 0.0.69
handle-success	Checkout code	2025-10-07T10:13:25.5129930Z  * [new tag]           0.0.7                   -> 0.0.7
handle-success	Checkout code	2025-10-07T10:13:25.5130320Z  * [new tag]           0.0.70                  -> 0.0.70
handle-success	Checkout code	2025-10-07T10:13:25.5130719Z  * [new tag]           0.0.71                  -> 0.0.71
handle-success	Checkout code	2025-10-07T10:13:25.5131112Z  * [new tag]           0.0.72                  -> 0.0.72
handle-success	Checkout code	2025-10-07T10:13:25.5131502Z  * [new tag]           0.0.73                  -> 0.0.73
handle-success	Checkout code	2025-10-07T10:13:25.5131899Z  * [new tag]           0.0.74                  -> 0.0.74
handle-success	Checkout code	2025-10-07T10:13:25.5132312Z  * [new tag]           0.0.75                  -> 0.0.75
handle-success	Checkout code	2025-10-07T10:13:25.5132727Z  * [new tag]           0.0.76                  -> 0.0.76
handle-success	Checkout code	2025-10-07T10:13:25.5133120Z  * [new tag]           0.0.77                  -> 0.0.77
handle-success	Checkout code	2025-10-07T10:13:25.5133523Z  * [new tag]           0.0.78                  -> 0.0.78
handle-success	Checkout code	2025-10-07T10:13:25.5133915Z  * [new tag]           0.0.79                  -> 0.0.79
handle-success	Checkout code	2025-10-07T10:13:25.5134312Z  * [new tag]           0.0.8                   -> 0.0.8
handle-success	Checkout code	2025-10-07T10:13:25.5134726Z  * [new tag]           0.0.80                  -> 0.0.80
handle-success	Checkout code	2025-10-07T10:13:25.5135134Z  * [new tag]           0.0.81                  -> 0.0.81
handle-success	Checkout code	2025-10-07T10:13:25.5135527Z  * [new tag]           0.0.82                  -> 0.0.82
handle-success	Checkout code	2025-10-07T10:13:25.5135927Z  * [new tag]           0.0.83                  -> 0.0.83
handle-success	Checkout code	2025-10-07T10:13:25.5136330Z  * [new tag]           0.0.84                  -> 0.0.84
handle-success	Checkout code	2025-10-07T10:13:25.5136726Z  * [new tag]           0.0.85                  -> 0.0.85
handle-success	Checkout code	2025-10-07T10:13:25.5137137Z  * [new tag]           0.0.86                  -> 0.0.86
handle-success	Checkout code	2025-10-07T10:13:25.5138018Z  * [new tag]           0.0.87                  -> 0.0.87
handle-success	Checkout code	2025-10-07T10:13:25.5138423Z  * [new tag]           0.0.88                  -> 0.0.88
handle-success	Checkout code	2025-10-07T10:13:25.5138819Z  * [new tag]           0.0.89                  -> 0.0.89
handle-success	Checkout code	2025-10-07T10:13:25.5139237Z  * [new tag]           0.0.9                   -> 0.0.9
handle-success	Checkout code	2025-10-07T10:13:25.5139648Z  * [new tag]           0.0.90                  -> 0.0.90
handle-success	Checkout code	2025-10-07T10:13:25.5140061Z  * [new tag]           0.0.91                  -> 0.0.91
handle-success	Checkout code	2025-10-07T10:13:25.5140470Z  * [new tag]           0.0.92                  -> 0.0.92
handle-success	Checkout code	2025-10-07T10:13:25.5140893Z  * [new tag]           0.0.93                  -> 0.0.93
handle-success	Checkout code	2025-10-07T10:13:25.5141339Z  * [new tag]           0.0.94                  -> 0.0.94
handle-success	Checkout code	2025-10-07T10:13:25.5141762Z  * [new tag]           0.0.95                  -> 0.0.95
handle-success	Checkout code	2025-10-07T10:13:25.5142189Z  * [new tag]           0.0.96                  -> 0.0.96
handle-success	Checkout code	2025-10-07T10:13:25.5143269Z  * [new tag]           0.0.97                  -> 0.0.97
handle-success	Checkout code	2025-10-07T10:13:25.5143687Z  * [new tag]           0.0.98                  -> 0.0.98
handle-success	Checkout code	2025-10-07T10:13:25.5144081Z  * [new tag]           0.0.99                  -> 0.0.99
handle-success	Checkout code	2025-10-07T10:13:25.5144480Z  * [new tag]           0.1.0                   -> 0.1.0
handle-success	Checkout code	2025-10-07T10:13:25.5144868Z  * [new tag]           0.1.1                   -> 0.1.1
handle-success	Checkout code	2025-10-07T10:13:25.5145257Z  * [new tag]           0.2.0                   -> 0.2.0
handle-success	Checkout code	2025-10-07T10:13:25.5145644Z  * [new tag]           0.3.0                   -> 0.3.0
handle-success	Checkout code	2025-10-07T10:13:25.5146043Z  * [new tag]           0.3.1                   -> 0.3.1
handle-success	Checkout code	2025-10-07T10:13:25.5146499Z  * [new tag]           0.3.10                  -> 0.3.10
handle-success	Checkout code	2025-10-07T10:13:25.5146973Z  * [new tag]           0.3.11                  -> 0.3.11
handle-success	Checkout code	2025-10-07T10:13:25.5147565Z  * [new tag]           0.3.12                  -> 0.3.12
handle-success	Checkout code	2025-10-07T10:13:25.5148035Z  * [new tag]           0.3.13                  -> 0.3.13
handle-success	Checkout code	2025-10-07T10:13:25.5148491Z  * [new tag]           0.3.14                  -> 0.3.14
handle-success	Checkout code	2025-10-07T10:13:25.5148963Z  * [new tag]           0.3.15                  -> 0.3.15
handle-success	Checkout code	2025-10-07T10:13:25.5149408Z  * [new tag]           0.3.16                  -> 0.3.16
handle-success	Checkout code	2025-10-07T10:13:25.5149878Z  * [new tag]           0.3.17                  -> 0.3.17
handle-success	Checkout code	2025-10-07T10:13:25.5150457Z  * [new tag]           0.3.2                   -> 0.3.2
handle-success	Checkout code	2025-10-07T10:13:25.5150911Z  * [new tag]           0.3.3                   -> 0.3.3
handle-success	Checkout code	2025-10-07T10:13:25.5151363Z  * [new tag]           0.3.4                   -> 0.3.4
handle-success	Checkout code	2025-10-07T10:13:25.5151833Z  * [new tag]           0.3.5                   -> 0.3.5
handle-success	Checkout code	2025-10-07T10:13:25.5152285Z  * [new tag]           0.3.6                   -> 0.3.6
handle-success	Checkout code	2025-10-07T10:13:25.5152764Z  * [new tag]           0.3.7                   -> 0.3.7
handle-success	Checkout code	2025-10-07T10:13:25.5153208Z  * [new tag]           0.3.8                   -> 0.3.8
handle-success	Checkout code	2025-10-07T10:13:25.5153680Z  * [new tag]           0.3.9                   -> 0.3.9
handle-success	Checkout code	2025-10-07T10:13:25.5154188Z  * [new tag]           0.4.0                   -> 0.4.0
handle-success	Checkout code	2025-10-07T10:13:25.5154720Z  * [new tag]           0.4.1                   -> 0.4.1
handle-success	Checkout code	2025-10-07T10:13:25.5155229Z  * [new tag]           0.4.2                   -> 0.4.2
handle-success	Checkout code	2025-10-07T10:13:25.5155685Z  * [new tag]           0.4.3                   -> 0.4.3
handle-success	Checkout code	2025-10-07T10:13:25.5156155Z  * [new tag]           0.4.4                   -> 0.4.4
handle-success	Checkout code	2025-10-07T10:13:25.5156598Z  * [new tag]           0.4.5                   -> 0.4.5
handle-success	Checkout code	2025-10-07T10:13:25.5157028Z  * [new tag]           0.4.6                   -> 0.4.6
handle-success	Checkout code	2025-10-07T10:13:25.5157612Z  * [new tag]           0.4.7                   -> 0.4.7
handle-success	Checkout code	2025-10-07T10:13:25.5158034Z  * [new tag]           0.4.8                   -> 0.4.8
handle-success	Checkout code	2025-10-07T10:13:25.5158443Z  * [new tag]           0.4.9                   -> 0.4.9
handle-success	Checkout code	2025-10-07T10:13:25.5159697Z [command]/usr/bin/git branch --list --remote origin/main
handle-success	Checkout code	2025-10-07T10:13:25.5160115Z   origin/main
handle-success	Checkout code	2025-10-07T10:13:25.5161012Z [command]/usr/bin/git rev-parse refs/remotes/origin/main
handle-success	Checkout code	2025-10-07T10:13:25.5161703Z ea5f0e9cf4970e713f48f7258359bf6eb5a9793a
handle-success	Checkout code	2025-10-07T10:13:25.5204222Z [command]/usr/bin/git -c protocol.version=2 fetch --no-tags --prune --no-recurse-submodules origin +a83ccd98e1b989dac215c03a96cd3273ac12a24c:refs/remotes/origin/main
handle-success	Checkout code	2025-10-07T10:13:25.6358298Z From https://github.com/Ka0s-Klaus/ka0s
handle-success	Checkout code	2025-10-07T10:13:25.6387083Z  + ea5f0e9c...a83ccd98 a83ccd98e1b989dac215c03a96cd3273ac12a24c -> origin/main  (forced update)
handle-success	Checkout code	2025-10-07T10:13:25.6531146Z ##[endgroup]
handle-success	Checkout code	2025-10-07T10:13:25.6534122Z ##[group]Determining the checkout info
handle-success	Checkout code	2025-10-07T10:13:25.6611835Z ##[endgroup]
handle-success	Checkout code	2025-10-07T10:13:25.6674521Z [command]/usr/bin/git sparse-checkout disable
handle-success	Checkout code	2025-10-07T10:13:25.7155889Z [command]/usr/bin/git config --local --unset-all extensions.worktreeConfig
handle-success	Checkout code	2025-10-07T10:13:25.7704162Z ##[group]Checking out the ref
handle-success	Checkout code	2025-10-07T10:13:25.7912690Z [command]/usr/bin/git checkout --progress --force -B main refs/remotes/origin/main
handle-success	Checkout code	2025-10-07T10:13:26.8690798Z Updating files:  56% (426/755)
handle-success	Checkout code	2025-10-07T10:13:26.8962948Z Updating files:  57% (431/755)
handle-success	Checkout code	2025-10-07T10:13:26.9420407Z Updating files:  58% (438/755)
handle-success	Checkout code	2025-10-07T10:13:27.0052598Z Updating files:  59% (446/755)
handle-success	Checkout code	2025-10-07T10:13:27.0814042Z Updating files:  60% (453/755)
handle-success	Checkout code	2025-10-07T10:13:27.1641297Z Updating files:  61% (461/755)
handle-success	Checkout code	2025-10-07T10:13:27.2721367Z Updating files:  62% (469/755)
handle-success	Checkout code	2025-10-07T10:13:27.3491042Z Updating files:  63% (476/755)
handle-success	Checkout code	2025-10-07T10:13:27.4364217Z Updating files:  64% (484/755)
handle-success	Checkout code	2025-10-07T10:13:27.5181005Z Updating files:  65% (491/755)
handle-success	Checkout code	2025-10-07T10:13:27.6159177Z Updating files:  66% (499/755)
handle-success	Checkout code	2025-10-07T10:13:27.7070660Z Updating files:  67% (506/755)
handle-success	Checkout code	2025-10-07T10:13:27.7276906Z Updating files:  68% (514/755)
handle-success	Checkout code	2025-10-07T10:13:27.7289039Z Updating files:  69% (521/755)
handle-success	Checkout code	2025-10-07T10:13:27.7310206Z Updating files:  70% (529/755)
handle-success	Checkout code	2025-10-07T10:13:27.7313456Z Updating files:  71% (537/755)
handle-success	Checkout code	2025-10-07T10:13:27.7313929Z Updating files:  72% (544/755)
handle-success	Checkout code	2025-10-07T10:13:27.7331895Z Updating files:  73% (552/755)
handle-success	Checkout code	2025-10-07T10:13:27.7342133Z Updating files:  74% (559/755)
handle-success	Checkout code	2025-10-07T10:13:27.7376150Z Updating files:  75% (567/755)
handle-success	Checkout code	2025-10-07T10:13:27.7487991Z Updating files:  76% (574/755)
handle-success	Checkout code	2025-10-07T10:13:27.7488333Z Updating files:  77% (582/755)
handle-success	Checkout code	2025-10-07T10:13:27.7488600Z Updating files:  78% (589/755)
handle-success	Checkout code	2025-10-07T10:13:27.7493545Z Updating files:  79% (597/755)
handle-success	Checkout code	2025-10-07T10:13:27.7515261Z Updating files:  80% (604/755)
handle-success	Checkout code	2025-10-07T10:13:27.7529411Z Updating files:  81% (612/755)
handle-success	Checkout code	2025-10-07T10:13:27.7570905Z Updating files:  82% (620/755)
handle-success	Checkout code	2025-10-07T10:13:27.7571667Z Updating files:  83% (627/755)
handle-success	Checkout code	2025-10-07T10:13:27.7600074Z Updating files:  84% (635/755)
handle-success	Checkout code	2025-10-07T10:13:27.7670907Z Updating files:  85% (642/755)
handle-success	Checkout code	2025-10-07T10:13:27.7671570Z Updating files:  86% (650/755)
handle-success	Checkout code	2025-10-07T10:13:27.7746578Z Updating files:  87% (657/755)
handle-success	Checkout code	2025-10-07T10:13:27.7776658Z Updating files:  88% (665/755)
handle-success	Checkout code	2025-10-07T10:13:27.7797293Z Updating files:  89% (672/755)
handle-success	Checkout code	2025-10-07T10:13:27.7801992Z Updating files:  90% (680/755)
handle-success	Checkout code	2025-10-07T10:13:27.7807047Z Updating files:  91% (688/755)
handle-success	Checkout code	2025-10-07T10:13:27.7850859Z Updating files:  92% (695/755)
handle-success	Checkout code	2025-10-07T10:13:27.7853551Z Updating files:  93% (703/755)
handle-success	Checkout code	2025-10-07T10:13:27.7857825Z Updating files:  94% (710/755)
handle-success	Checkout code	2025-10-07T10:13:27.7859732Z Updating files:  95% (718/755)
handle-success	Checkout code	2025-10-07T10:13:27.7861499Z Updating files:  96% (725/755)
handle-success	Checkout code	2025-10-07T10:13:27.7862047Z Updating files:  97% (733/755)
handle-success	Checkout code	2025-10-07T10:13:27.7876954Z Updating files:  98% (740/755)
handle-success	Checkout code	2025-10-07T10:13:27.7877964Z Updating files:  99% (748/755)
handle-success	Checkout code	2025-10-07T10:13:27.7878875Z Updating files: 100% (755/755)
handle-success	Checkout code	2025-10-07T10:13:27.7879362Z Updating files: 100% (755/755), done.
handle-success	Checkout code	2025-10-07T10:13:27.8502441Z Switched to a new branch 'main'
handle-success	Checkout code	2025-10-07T10:13:27.8505870Z branch 'main' set up to track 'origin/main'.
handle-success	Checkout code	2025-10-07T10:13:27.8726155Z ##[endgroup]
handle-success	Checkout code	2025-10-07T10:13:27.8913852Z [command]/usr/bin/git log -1 --format=%H
handle-success	Checkout code	2025-10-07T10:13:27.9109387Z a83ccd98e1b989dac215c03a96cd3273ac12a24c
handle-success	handle-success-execution	﻿2025-10-07T10:13:28.0290359Z ##[group]Run # RNNUMBER=$(echo "refs/heads/main" | grep -o '[0-9]*')
handle-success	handle-success-execution	2025-10-07T10:13:28.0291313Z [36;1m# RNNUMBER=$(echo "refs/heads/main" | grep -o '[0-9]*')[0m
handle-success	handle-success-execution	2025-10-07T10:13:28.0292141Z [36;1m# gh issue comment $RNNUMBER --body "El proceso ha finalizado correctamente 18309254306. El resultado está en el fichero core/results/event_data_18309254306.log"[0m
handle-success	handle-success-execution	2025-10-07T10:13:28.0293223Z [36;1mecho "El proceso ha finalizado correctamente 18309254306. El resultado está en el fichero core/results/event_data_18309254306.log"[0m
handle-success	handle-success-execution	2025-10-07T10:13:28.0387757Z shell: /usr/bin/bash -e {0}
handle-success	handle-success-execution	2025-10-07T10:13:28.0388087Z env:
handle-success	handle-success-execution	2025-10-07T10:13:28.0389018Z   GITHUB_TOKEN: ***
handle-success	handle-success-execution	2025-10-07T10:13:28.0389324Z   KAOS_MODULE: [Ka0s] Personalized Image Runners
handle-success	handle-success-execution	2025-10-07T10:13:28.0389660Z   KAOS_CODE: 18309254306
handle-success	handle-success-execution	2025-10-07T10:13:28.0389914Z   KAOS_PATH_SCAN: audit/scan/
handle-success	handle-success-execution	2025-10-07T10:13:28.0390291Z   GH_TOKEN: ***
handle-success	handle-success-execution	2025-10-07T10:13:28.0390523Z ##[endgroup]
handle-success	handle-success-execution	2025-10-07T10:13:28.1393170Z El proceso ha finalizado correctamente 18309254306. El resultado está en el fichero core/results/event_data_18309254306.log
handle-success	Post Checkout code	﻿2025-10-07T10:13:28.2743644Z Post job cleanup.
handle-success	Post Checkout code	2025-10-07T10:13:28.7237454Z [command]/usr/bin/git version
handle-success	Post Checkout code	2025-10-07T10:13:28.7338717Z git version 2.51.0
handle-success	Post Checkout code	2025-10-07T10:13:28.7499028Z Temporarily overriding HOME='/home/runner/_work/_temp/eb2f0419-e5f3-4035-b937-9abb8ff61c31' before making global git config changes
handle-success	Post Checkout code	2025-10-07T10:13:28.7545465Z Adding repository directory to the temporary git global config as a safe directory
handle-success	Post Checkout code	2025-10-07T10:13:28.7609015Z [command]/usr/bin/git config --global --add safe.directory /home/runner/_work/ka0s/ka0s
handle-success	Post Checkout code	2025-10-07T10:13:28.8072677Z [command]/usr/bin/git config --local --name-only --get-regexp core\.sshCommand
handle-success	Post Checkout code	2025-10-07T10:13:28.8241625Z [command]/usr/bin/git submodule foreach --recursive sh -c "git config --local --name-only --get-regexp 'core\.sshCommand' && git config --local --unset-all 'core.sshCommand' || :"
handle-success	Post Checkout code	2025-10-07T10:13:28.8949444Z [command]/usr/bin/git config --local --name-only --get-regexp http\.https\:\/\/github\.com\/\.extraheader
handle-success	Post Checkout code	2025-10-07T10:13:28.9048307Z http.https://github.com/.extraheader
handle-success	Post Checkout code	2025-10-07T10:13:28.9101521Z [command]/usr/bin/git config --local --unset-all http.https://github.com/.extraheader
handle-success	Post Checkout code	2025-10-07T10:13:28.9670264Z [command]/usr/bin/git submodule foreach --recursive sh -c "git config --local --name-only --get-regexp 'http\.https\:\/\/github\.com\/\.extraheader' && git config --local --unset-all 'http.https://github.com/.extraheader' || :"
handle-success	Complete job	﻿2025-10-07T10:13:29.1743878Z Cleaning up orphan processes
end-workflow	Set up job	﻿2025-10-07T10:13:35.2363708Z Current runner version: '2.328.0'
end-workflow	Set up job	2025-10-07T10:13:35.2372992Z Runner name: '51ef9e367c28'
end-workflow	Set up job	2025-10-07T10:13:35.2373880Z Runner group name: 'swarm-runners'
end-workflow	Set up job	2025-10-07T10:13:35.2374903Z Machine name: '51ef9e367c28'
end-workflow	Set up job	2025-10-07T10:13:35.2379117Z ##[group]GITHUB_TOKEN Permissions
end-workflow	Set up job	2025-10-07T10:13:35.2381873Z Actions: write
end-workflow	Set up job	2025-10-07T10:13:35.2382449Z Contents: read
end-workflow	Set up job	2025-10-07T10:13:35.2383037Z Issues: write
end-workflow	Set up job	2025-10-07T10:13:35.2383668Z Metadata: read
end-workflow	Set up job	2025-10-07T10:13:35.2384185Z ##[endgroup]
end-workflow	Set up job	2025-10-07T10:13:35.2386470Z Secret source: Actions
end-workflow	Set up job	2025-10-07T10:13:35.2387447Z Prepare workflow directory
end-workflow	Set up job	2025-10-07T10:13:35.3497676Z Prepare all required actions
end-workflow	Set up job	2025-10-07T10:13:35.3553798Z Getting action download info
end-workflow	Set up job	2025-10-07T10:13:35.9656603Z Download action repository 'actions/checkout@v4' (SHA:08eba0b27e820071cde6df949e0beb9ba4906955)
end-workflow	Set up job	2025-10-07T10:13:38.6106284Z Complete job name: end-workflow
end-workflow	Checkout code	﻿2025-10-07T10:13:38.7480467Z ##[group]Run actions/checkout@v4
end-workflow	Checkout code	2025-10-07T10:13:38.7482369Z with:
end-workflow	Checkout code	2025-10-07T10:13:38.7483299Z   fetch-depth: 0
end-workflow	Checkout code	2025-10-07T10:13:38.7484881Z   token: ***
end-workflow	Checkout code	2025-10-07T10:13:38.7485813Z   repository: Ka0s-Klaus/ka0s
end-workflow	Checkout code	2025-10-07T10:13:38.7486904Z   ssh-strict: true
end-workflow	Checkout code	2025-10-07T10:13:38.7488029Z   ssh-user: git
end-workflow	Checkout code	2025-10-07T10:13:38.7489018Z   persist-credentials: true
end-workflow	Checkout code	2025-10-07T10:13:38.7490095Z   clean: true
end-workflow	Checkout code	2025-10-07T10:13:38.7491089Z   sparse-checkout-cone-mode: true
end-workflow	Checkout code	2025-10-07T10:13:38.7492270Z   fetch-tags: false
end-workflow	Checkout code	2025-10-07T10:13:38.7493217Z   show-progress: true
end-workflow	Checkout code	2025-10-07T10:13:38.7494162Z   lfs: false
end-workflow	Checkout code	2025-10-07T10:13:38.7558799Z   submodules: false
end-workflow	Checkout code	2025-10-07T10:13:38.7559988Z   set-safe-directory: true
end-workflow	Checkout code	2025-10-07T10:13:38.7561533Z env:
end-workflow	Checkout code	2025-10-07T10:13:38.7563692Z   GITHUB_TOKEN: ***
end-workflow	Checkout code	2025-10-07T10:13:38.7564741Z   KAOS_MODULE: [Ka0s] Personalized Image Runners
end-workflow	Checkout code	2025-10-07T10:13:38.7565969Z   KAOS_CODE: 18309254306
end-workflow	Checkout code	2025-10-07T10:13:38.7566937Z   KAOS_PATH_SCAN: audit/scan/
end-workflow	Checkout code	2025-10-07T10:13:38.7620413Z   GH_TOKEN: ***
end-workflow	Checkout code	2025-10-07T10:13:38.7621499Z ##[endgroup]
end-workflow	Checkout code	2025-10-07T10:13:38.9802242Z Syncing repository: Ka0s-Klaus/ka0s
end-workflow	Checkout code	2025-10-07T10:13:38.9805399Z ##[group]Getting Git version info
end-workflow	Checkout code	2025-10-07T10:13:38.9806740Z Working directory is '/home/runner/_work/ka0s/ka0s'
end-workflow	Checkout code	2025-10-07T10:13:38.9824700Z [command]/usr/bin/git version
end-workflow	Checkout code	2025-10-07T10:13:38.9825830Z git version 2.51.0
end-workflow	Checkout code	2025-10-07T10:13:38.9860179Z ##[endgroup]
end-workflow	Checkout code	2025-10-07T10:13:38.9900219Z Temporarily overriding HOME='/home/runner/_work/_temp/3c13d4d8-346f-4cbd-a69f-e76e93f76882' before making global git config changes
end-workflow	Checkout code	2025-10-07T10:13:38.9930439Z Adding repository directory to the temporary git global config as a safe directory
end-workflow	Checkout code	2025-10-07T10:13:38.9933011Z [command]/usr/bin/git config --global --add safe.directory /home/runner/_work/ka0s/ka0s
end-workflow	Checkout code	2025-10-07T10:13:39.0200680Z [command]/usr/bin/git config --local --get remote.origin.url
end-workflow	Checkout code	2025-10-07T10:13:39.0265419Z https://github.com/Ka0s-Klaus/ka0s
end-workflow	Checkout code	2025-10-07T10:13:39.0304963Z ##[group]Removing previously created refs, to avoid conflicts
end-workflow	Checkout code	2025-10-07T10:13:39.0318743Z [command]/usr/bin/git rev-parse --symbolic-full-name --verify --quiet HEAD
end-workflow	Checkout code	2025-10-07T10:13:39.0395133Z refs/heads/main
end-workflow	Checkout code	2025-10-07T10:13:39.0430620Z [command]/usr/bin/git checkout --detach
end-workflow	Checkout code	2025-10-07T10:13:39.6912458Z HEAD is now at a83ccd98 [Ka0s] 📊 Directory scan report: core/runner
end-workflow	Checkout code	2025-10-07T10:13:39.7084626Z [command]/usr/bin/git branch --delete --force main
end-workflow	Checkout code	2025-10-07T10:13:39.7149505Z Deleted branch main (was a83ccd98).
end-workflow	Checkout code	2025-10-07T10:13:39.7357901Z ##[endgroup]
end-workflow	Checkout code	2025-10-07T10:13:39.7359028Z [command]/usr/bin/git submodule status
end-workflow	Checkout code	2025-10-07T10:13:39.8458151Z ##[group]Cleaning the repository
end-workflow	Checkout code	2025-10-07T10:13:39.8460870Z [command]/usr/bin/git clean -ffdx
end-workflow	Checkout code	2025-10-07T10:13:39.8639816Z [command]/usr/bin/git reset --hard HEAD
end-workflow	Checkout code	2025-10-07T10:13:39.8869630Z HEAD is now at a83ccd98 [Ka0s] 📊 Directory scan report: core/runner
end-workflow	Checkout code	2025-10-07T10:13:39.8903446Z ##[endgroup]
end-workflow	Checkout code	2025-10-07T10:13:39.8906780Z ##[group]Disabling automatic garbage collection
end-workflow	Checkout code	2025-10-07T10:13:39.8920827Z [command]/usr/bin/git config --local gc.auto 0
end-workflow	Checkout code	2025-10-07T10:13:39.9100169Z ##[endgroup]
end-workflow	Checkout code	2025-10-07T10:13:39.9171531Z ##[group]Setting up auth
end-workflow	Checkout code	2025-10-07T10:13:39.9173193Z [command]/usr/bin/git config --local --name-only --get-regexp core\.sshCommand
end-workflow	Checkout code	2025-10-07T10:13:39.9450243Z [command]/usr/bin/git submodule foreach --recursive sh -c "git config --local --name-only --get-regexp 'core\.sshCommand' && git config --local --unset-all 'core.sshCommand' || :"
end-workflow	Checkout code	2025-10-07T10:13:39.9843696Z [command]/usr/bin/git config --local --name-only --get-regexp http\.https\:\/\/github\.com\/\.extraheader
end-workflow	Checkout code	2025-10-07T10:13:39.9931389Z [command]/usr/bin/git submodule foreach --recursive sh -c "git config --local --name-only --get-regexp 'http\.https\:\/\/github\.com\/\.extraheader' && git config --local --unset-all 'http.https://github.com/.extraheader' || :"
end-workflow	Checkout code	2025-10-07T10:13:40.0389539Z [command]/usr/bin/git config --local http.https://github.com/.extraheader AUTHORIZATION: basic ***
end-workflow	Checkout code	2025-10-07T10:13:40.0446006Z ##[endgroup]
end-workflow	Checkout code	2025-10-07T10:13:40.0459814Z ##[group]Fetching the repository
end-workflow	Checkout code	2025-10-07T10:13:40.0465446Z [command]/usr/bin/git -c protocol.version=2 fetch --prune --no-recurse-submodules origin +refs/heads/*:refs/remotes/origin/* +refs/tags/*:refs/tags/*
end-workflow	Checkout code	2025-10-07T10:13:40.6404341Z From https://github.com/Ka0s-Klaus/ka0s
end-workflow	Checkout code	2025-10-07T10:13:40.6406072Z    a83ccd98..ea5f0e9c  main       -> origin/main
end-workflow	Checkout code	2025-10-07T10:13:40.6610120Z [command]/usr/bin/git branch --list --remote origin/main
end-workflow	Checkout code	2025-10-07T10:13:40.6830465Z   origin/main
end-workflow	Checkout code	2025-10-07T10:13:40.6835260Z [command]/usr/bin/git rev-parse refs/remotes/origin/main
end-workflow	Checkout code	2025-10-07T10:13:40.6915184Z ea5f0e9cf4970e713f48f7258359bf6eb5a9793a
end-workflow	Checkout code	2025-10-07T10:13:40.6945617Z [command]/usr/bin/git -c protocol.version=2 fetch --no-tags --prune --no-recurse-submodules origin +a83ccd98e1b989dac215c03a96cd3273ac12a24c:refs/remotes/origin/main
end-workflow	Checkout code	2025-10-07T10:13:40.7502315Z From https://github.com/Ka0s-Klaus/ka0s
end-workflow	Checkout code	2025-10-07T10:13:40.7503042Z  + ea5f0e9c...a83ccd98 a83ccd98e1b989dac215c03a96cd3273ac12a24c -> origin/main  (forced update)
end-workflow	Checkout code	2025-10-07T10:13:40.7565408Z ##[endgroup]
end-workflow	Checkout code	2025-10-07T10:13:40.7567859Z ##[group]Determining the checkout info
end-workflow	Checkout code	2025-10-07T10:13:40.7571260Z ##[endgroup]
end-workflow	Checkout code	2025-10-07T10:13:40.7584782Z [command]/usr/bin/git sparse-checkout disable
end-workflow	Checkout code	2025-10-07T10:13:40.7743479Z [command]/usr/bin/git config --local --unset-all extensions.worktreeConfig
end-workflow	Checkout code	2025-10-07T10:13:40.7830974Z ##[group]Checking out the ref
end-workflow	Checkout code	2025-10-07T10:13:40.7835434Z [command]/usr/bin/git checkout --progress --force -B main refs/remotes/origin/main
end-workflow	Checkout code	2025-10-07T10:13:40.8049337Z Switched to a new branch 'main'
end-workflow	Checkout code	2025-10-07T10:13:40.8061672Z branch 'main' set up to track 'origin/main'.
end-workflow	Checkout code	2025-10-07T10:13:40.8114845Z ##[endgroup]
end-workflow	Checkout code	2025-10-07T10:13:40.8273297Z [command]/usr/bin/git log -1 --format=%H
end-workflow	Checkout code	2025-10-07T10:13:40.8396060Z a83ccd98e1b989dac215c03a96cd3273ac12a24c
end-workflow	Finaliza el workflow	﻿2025-10-07T10:13:40.9529008Z ##[group]Run echo "End process"
end-workflow	Finaliza el workflow	2025-10-07T10:13:40.9529707Z [36;1mecho "End process"[0m
end-workflow	Finaliza el workflow	2025-10-07T10:13:40.9530125Z [36;1m# RNNUMBER=$(echo "refs/heads/main" | grep -o '[0-9]*')[0m
end-workflow	Finaliza el workflow	2025-10-07T10:13:40.9530664Z [36;1m# gh issue comment $RNNUMBER --body "Se finaliza Ka0s 18309254306"[0m
end-workflow	Finaliza el workflow	2025-10-07T10:13:40.9531161Z [36;1mecho "Se finaliza Ka0s 18309254306"[0m
end-workflow	Finaliza el workflow	2025-10-07T10:13:40.9531665Z [36;1mgh workflow run inspector.yml --ref 'main' -f kaos-workflow-id="18309254306"[0m
end-workflow	Finaliza el workflow	2025-10-07T10:13:40.9544884Z shell: /usr/bin/bash -e {0}
end-workflow	Finaliza el workflow	2025-10-07T10:13:40.9545258Z env:
end-workflow	Finaliza el workflow	2025-10-07T10:13:40.9546094Z   GITHUB_TOKEN: ***
end-workflow	Finaliza el workflow	2025-10-07T10:13:40.9546403Z   KAOS_MODULE: [Ka0s] Personalized Image Runners
end-workflow	Finaliza el workflow	2025-10-07T10:13:40.9546751Z   KAOS_CODE: 18309254306
end-workflow	Finaliza el workflow	2025-10-07T10:13:40.9547030Z   KAOS_PATH_SCAN: audit/scan/
end-workflow	Finaliza el workflow	2025-10-07T10:13:40.9603215Z   GH_TOKEN: ***
end-workflow	Finaliza el workflow	2025-10-07T10:13:40.9603843Z ##[endgroup]
end-workflow	Finaliza el workflow	2025-10-07T10:13:40.9808027Z End process
end-workflow	Finaliza el workflow	2025-10-07T10:13:40.9808843Z Se finaliza Ka0s 18309254306
end-workflow	Post Checkout code	﻿2025-10-07T10:13:41.7121652Z Post job cleanup.
end-workflow	Post Checkout code	2025-10-07T10:13:41.9793164Z [command]/usr/bin/git version
end-workflow	Post Checkout code	2025-10-07T10:13:41.9873313Z git version 2.51.0
end-workflow	Post Checkout code	2025-10-07T10:13:42.0232134Z Temporarily overriding HOME='/home/runner/_work/_temp/ad5bb721-1dcc-49fa-8458-5ac2d51108d3' before making global git config changes
end-workflow	Post Checkout code	2025-10-07T10:13:42.0245711Z Adding repository directory to the temporary git global config as a safe directory
end-workflow	Post Checkout code	2025-10-07T10:13:42.0256519Z [command]/usr/bin/git config --global --add safe.directory /home/runner/_work/ka0s/ka0s
end-workflow	Post Checkout code	2025-10-07T10:13:42.0338491Z [command]/usr/bin/git config --local --name-only --get-regexp core\.sshCommand
end-workflow	Post Checkout code	2025-10-07T10:13:42.0474709Z [command]/usr/bin/git submodule foreach --recursive sh -c "git config --local --name-only --get-regexp 'core\.sshCommand' && git config --local --unset-all 'core.sshCommand' || :"
end-workflow	Post Checkout code	2025-10-07T10:13:42.1380299Z [command]/usr/bin/git config --local --name-only --get-regexp http\.https\:\/\/github\.com\/\.extraheader
end-workflow	Post Checkout code	2025-10-07T10:13:42.1439747Z http.https://github.com/.extraheader
end-workflow	Post Checkout code	2025-10-07T10:13:42.1489977Z [command]/usr/bin/git config --local --unset-all http.https://github.com/.extraheader
end-workflow	Post Checkout code	2025-10-07T10:13:42.1509294Z [command]/usr/bin/git submodule foreach --recursive sh -c "git config --local --name-only --get-regexp 'http\.https\:\/\/github\.com\/\.extraheader' && git config --local --unset-all 'http.https://github.com/.extraheader' || :"
end-workflow	Complete job	﻿2025-10-07T10:13:42.2182531Z Cleaning up orphan processes
