job-core	Set up job	Ôªø2025-10-07T16:16:24.0390596Z Current runner version: '2.328.0'
job-core	Set up job	2025-10-07T16:16:24.0399113Z Runner name: '253faf80e034'
job-core	Set up job	2025-10-07T16:16:24.0399926Z Runner group name: 'swarm-runners'
job-core	Set up job	2025-10-07T16:16:24.0400858Z Machine name: '253faf80e034'
job-core	Set up job	2025-10-07T16:16:24.0403966Z ##[group]GITHUB_TOKEN Permissions
job-core	Set up job	2025-10-07T16:16:24.0406379Z Actions: write
job-core	Set up job	2025-10-07T16:16:24.0406866Z Contents: write
job-core	Set up job	2025-10-07T16:16:24.0407311Z Issues: write
job-core	Set up job	2025-10-07T16:16:24.0407900Z Metadata: read
job-core	Set up job	2025-10-07T16:16:24.0408365Z PullRequests: write
job-core	Set up job	2025-10-07T16:16:24.0408843Z ##[endgroup]
job-core	Set up job	2025-10-07T16:16:24.0817187Z Secret source: Actions
job-core	Set up job	2025-10-07T16:16:24.0819172Z Prepare workflow directory
job-core	Set up job	2025-10-07T16:16:25.5913611Z Prepare all required actions
job-core	Set up job	2025-10-07T16:16:25.7016857Z Getting action download info
job-core	Set up job	2025-10-07T16:16:28.0564704Z Download action repository 'actions/checkout@v4' (SHA:08eba0b27e820071cde6df949e0beb9ba4906955)
job-core	Set up job	2025-10-07T16:16:29.7261574Z Download action repository 'actions/setup-node@v2' (SHA:7c12f8017d5436eb855f1ed4399f037a36fbd9e8)
job-core	Set up job	2025-10-07T16:16:32.2147572Z Complete job name: job-core
job-core	Checkout code	Ôªø2025-10-07T16:16:32.9861609Z ##[group]Run actions/checkout@v4
job-core	Checkout code	2025-10-07T16:16:32.9863571Z with:
job-core	Checkout code	2025-10-07T16:16:32.9864582Z   fetch-depth: 0
job-core	Checkout code	2025-10-07T16:16:32.9866228Z   token: ***
job-core	Checkout code	2025-10-07T16:16:32.9867214Z   repository: Ka0s-Klaus/ka0s
job-core	Checkout code	2025-10-07T16:16:32.9869209Z   ssh-strict: true
job-core	Checkout code	2025-10-07T16:16:32.9870421Z   ssh-user: git
job-core	Checkout code	2025-10-07T16:16:32.9871440Z   persist-credentials: true
job-core	Checkout code	2025-10-07T16:16:32.9872534Z   clean: true
job-core	Checkout code	2025-10-07T16:16:32.9873645Z   sparse-checkout-cone-mode: true
job-core	Checkout code	2025-10-07T16:16:32.9874887Z   fetch-tags: false
job-core	Checkout code	2025-10-07T16:16:32.9875910Z   show-progress: true
job-core	Checkout code	2025-10-07T16:16:32.9877050Z   lfs: false
job-core	Checkout code	2025-10-07T16:16:33.0050126Z   submodules: false
job-core	Checkout code	2025-10-07T16:16:33.0051300Z   set-safe-directory: true
job-core	Checkout code	2025-10-07T16:16:33.0297089Z env:
job-core	Checkout code	2025-10-07T16:16:33.0298230Z   KAOS_MODULE: [Ka0S] JSONLINT
job-core	Checkout code	2025-10-07T16:16:33.0299704Z   GH_TOKEN: ***
job-core	Checkout code	2025-10-07T16:16:33.0300700Z   KAOS_JSONLINT_CONFIG: core/config/.jsonlint.json
job-core	Checkout code	2025-10-07T16:16:33.0301986Z   KAOS_PATH_RESUME: audit/jsonlint/
job-core	Checkout code	2025-10-07T16:16:33.0303180Z   KAOS_REPO: /actions-runner/_work/kaos/kaos
job-core	Checkout code	2025-10-07T16:16:33.0304318Z   KAOS_STEP_MODULE: 
job-core	Checkout code	2025-10-07T16:16:33.0305219Z   KAOS_CODE: 18319054909
job-core	Checkout code	2025-10-07T16:16:33.0306183Z   KAOS_REF_BRANCH: main
job-core	Checkout code	2025-10-07T16:16:33.0307095Z ##[endgroup]
job-core	Checkout code	2025-10-07T16:16:34.8234960Z Syncing repository: Ka0s-Klaus/ka0s
job-core	Checkout code	2025-10-07T16:16:34.8301050Z ##[group]Getting Git version info
job-core	Checkout code	2025-10-07T16:16:34.8302421Z Working directory is '/home/runner/_work/ka0s/ka0s'
job-core	Checkout code	2025-10-07T16:16:34.8304289Z [command]/usr/bin/git version
job-core	Checkout code	2025-10-07T16:16:34.8305228Z git version 2.51.0
job-core	Checkout code	2025-10-07T16:16:34.8448415Z ##[endgroup]
job-core	Checkout code	2025-10-07T16:16:34.8812046Z Temporarily overriding HOME='/home/runner/_work/_temp/31e038b7-ad7b-4661-97f8-3a5f2b809e9d' before making global git config changes
job-core	Checkout code	2025-10-07T16:16:34.8815678Z Adding repository directory to the temporary git global config as a safe directory
job-core	Checkout code	2025-10-07T16:16:34.8867536Z [command]/usr/bin/git config --global --add safe.directory /home/runner/_work/ka0s/ka0s
job-core	Checkout code	2025-10-07T16:16:34.9379310Z Deleting the contents of '/home/runner/_work/ka0s/ka0s'
job-core	Checkout code	2025-10-07T16:16:34.9459064Z ##[group]Initializing the repository
job-core	Checkout code	2025-10-07T16:16:34.9622160Z [command]/usr/bin/git init /home/runner/_work/ka0s/ka0s
job-core	Checkout code	2025-10-07T16:16:34.9940429Z hint: Using 'master' as the name for the initial branch. This default branch name
job-core	Checkout code	2025-10-07T16:16:35.0029756Z hint: is subject to change. To configure the initial branch name to use in all
job-core	Checkout code	2025-10-07T16:16:35.0061300Z hint: of your new repositories, which will suppress this warning, call:
job-core	Checkout code	2025-10-07T16:16:35.0063168Z hint:
job-core	Checkout code	2025-10-07T16:16:35.0064514Z hint: 	git config --global init.defaultBranch <name>
job-core	Checkout code	2025-10-07T16:16:35.0065960Z hint:
job-core	Checkout code	2025-10-07T16:16:35.0069929Z hint: Names commonly chosen instead of 'master' are 'main', 'trunk' and
job-core	Checkout code	2025-10-07T16:16:35.0071737Z hint: 'development'. The just-created branch can be renamed via this command:
job-core	Checkout code	2025-10-07T16:16:35.0073155Z hint:
job-core	Checkout code	2025-10-07T16:16:35.0074377Z hint: 	git branch -m <name>
job-core	Checkout code	2025-10-07T16:16:35.0075265Z hint:
job-core	Checkout code	2025-10-07T16:16:35.0076461Z hint: Disable this message with "git config set advice.defaultBranchName false"
job-core	Checkout code	2025-10-07T16:16:35.0078439Z Initialized empty Git repository in /home/runner/_work/ka0s/ka0s/.git/
job-core	Checkout code	2025-10-07T16:16:35.0178268Z [command]/usr/bin/git remote add origin https://github.com/Ka0s-Klaus/ka0s
job-core	Checkout code	2025-10-07T16:16:35.0840403Z ##[endgroup]
job-core	Checkout code	2025-10-07T16:16:35.0845373Z ##[group]Disabling automatic garbage collection
job-core	Checkout code	2025-10-07T16:16:35.0913142Z [command]/usr/bin/git config --local gc.auto 0
job-core	Checkout code	2025-10-07T16:16:35.1565757Z ##[endgroup]
job-core	Checkout code	2025-10-07T16:16:35.1567215Z ##[group]Setting up auth
job-core	Checkout code	2025-10-07T16:16:35.1758997Z [command]/usr/bin/git config --local --name-only --get-regexp core\.sshCommand
job-core	Checkout code	2025-10-07T16:16:35.2457485Z [command]/usr/bin/git submodule foreach --recursive sh -c "git config --local --name-only --get-regexp 'core\.sshCommand' && git config --local --unset-all 'core.sshCommand' || :"
job-core	Checkout code	2025-10-07T16:16:35.6052442Z [command]/usr/bin/git config --local --name-only --get-regexp http\.https\:\/\/github\.com\/\.extraheader
job-core	Checkout code	2025-10-07T16:16:35.6703933Z [command]/usr/bin/git submodule foreach --recursive sh -c "git config --local --name-only --get-regexp 'http\.https\:\/\/github\.com\/\.extraheader' && git config --local --unset-all 'http.https://github.com/.extraheader' || :"
job-core	Checkout code	2025-10-07T16:16:36.0964763Z [command]/usr/bin/git config --local http.https://github.com/.extraheader AUTHORIZATION: basic ***
job-core	Checkout code	2025-10-07T16:16:36.1902260Z ##[endgroup]
job-core	Checkout code	2025-10-07T16:16:36.1955841Z ##[group]Fetching the repository
job-core	Checkout code	2025-10-07T16:16:36.1972012Z [command]/usr/bin/git -c protocol.version=2 fetch --prune --no-recurse-submodules origin +refs/heads/*:refs/remotes/origin/* +refs/tags/*:refs/tags/*
job-core	Checkout code	2025-10-07T16:18:31.1851088Z From https://github.com/Ka0s-Klaus/ka0s
job-core	Checkout code	2025-10-07T16:18:31.1852353Z  * [new branch]        F1149-desarrollo-de-orchestrator -> origin/F1149-desarrollo-de-orchestrator
job-core	Checkout code	2025-10-07T16:18:31.1853449Z  * [new branch]        F1183-personalizaci√≥n-m√≥dulo-finops -> origin/F1183-personalizaci√≥n-m√≥dulo-finops
job-core	Checkout code	2025-10-07T16:18:31.1854195Z  * [new branch]        F1224-new-module-mongodb -> origin/F1224-new-module-mongodb
job-core	Checkout code	2025-10-07T16:18:31.1854740Z  * [new branch]        F220-web-de-resultados  -> origin/F220-web-de-resultados
job-core	Checkout code	2025-10-07T16:18:31.1855542Z  * [new branch]        F227-despliegue-de-kube-independiente-del-clouder -> origin/F227-despliegue-de-kube-independiente-del-clouder
job-core	Checkout code	2025-10-07T16:18:31.1856493Z  * [new branch]        F329-documentacion-metodologia-de-kaos -> origin/F329-documentacion-metodologia-de-kaos
job-core	Checkout code	2025-10-07T16:18:31.1938737Z  * [new branch]        F44-creaci√≥n-m√≥dulo-versionado -> origin/F44-creaci√≥n-m√≥dulo-versionado
job-core	Checkout code	2025-10-07T16:18:31.1940605Z  * [new branch]        H1128-m√≥dulo-de-observabilidad -> origin/H1128-m√≥dulo-de-observabilidad
job-core	Checkout code	2025-10-07T16:18:31.1941322Z  * [new branch]        H1139-como-instalar-arc-control -> origin/H1139-como-instalar-arc-control
job-core	Checkout code	2025-10-07T16:18:31.1942063Z  * [new branch]        H1149-desarrollo-de-orchestrator -> origin/H1149-desarrollo-de-orchestrator
job-core	Checkout code	2025-10-07T16:18:31.1942869Z  * [new branch]        H1150-desarrollo-de-secciones -> origin/H1150-desarrollo-de-secciones
job-core	Checkout code	2025-10-07T16:18:31.1943590Z  * [new branch]        H1151-desarrollo-de-secciones-ii -> origin/H1151-desarrollo-de-secciones-ii
job-core	Checkout code	2025-10-07T16:18:31.1944245Z  * [new branch]        H1152-desarrollo-inicio -> origin/H1152-desarrollo-inicio
job-core	Checkout code	2025-10-07T16:18:31.1945104Z  * [new branch]        H1183-personalizaci√≥n-m√≥dulo-finops -> origin/H1183-personalizaci√≥n-m√≥dulo-finops
job-core	Checkout code	2025-10-07T16:18:31.1945908Z  * [new branch]        H1193-ejemplo-web-documentacion -> origin/H1193-ejemplo-web-documentacion
job-core	Checkout code	2025-10-07T16:18:31.1946555Z  * [new branch]        H1205-web-creation      -> origin/H1205-web-creation
job-core	Checkout code	2025-10-07T16:18:31.1947278Z  * [new branch]        H1224-new-module-mongodb -> origin/H1224-new-module-mongodb
job-core	Checkout code	2025-10-07T16:18:31.1947997Z  * [new branch]        H1410-modulo-execution  -> origin/H1410-modulo-execution
job-core	Checkout code	2025-10-07T16:18:31.1949456Z  * [new branch]        H1514-new-swarm-deployment-stack-with-actions-runners-autoscale -> origin/H1514-new-swarm-deployment-stack-with-actions-runners-autoscale
job-core	Checkout code	2025-10-07T16:18:31.1950487Z  * [new branch]        H1646-modulo-de-control-de-runners -> origin/H1646-modulo-de-control-de-runners
job-core	Checkout code	2025-10-07T16:18:31.1951090Z  * [new branch]        H215-modulo-de-summary  -> origin/H215-modulo-de-summary
job-core	Checkout code	2025-10-07T16:18:31.1951601Z  * [new branch]        H220-web-de-resultados  -> origin/H220-web-de-resultados
job-core	Checkout code	2025-10-07T16:18:31.1952361Z  * [new branch]        H227-despliegue-de-kube-independiente-del-clouder -> origin/H227-despliegue-de-kube-independiente-del-clouder
job-core	Checkout code	2025-10-07T16:18:31.1953168Z  * [new branch]        H306-ficheros-de-estadisticas -> origin/H306-ficheros-de-estadisticas
job-core	Checkout code	2025-10-07T16:18:31.1953978Z  * [new branch]        H328-documentacion-modulo-principal-de-kaos -> origin/H328-documentacion-modulo-principal-de-kaos
job-core	Checkout code	2025-10-07T16:18:31.1954819Z  * [new branch]        H329-documentacion-metodologia-de-kaos -> origin/H329-documentacion-metodologia-de-kaos
job-core	Checkout code	2025-10-07T16:18:31.1955877Z  * [new branch]        H338-relanzador-de-jobs-en-caso-de-pattern -> origin/H338-relanzador-de-jobs-en-caso-de-pattern
job-core	Checkout code	2025-10-07T16:18:31.1956689Z  * [new branch]        H38-documentacion-basica-del-proyecto -> origin/H38-documentacion-basica-del-proyecto
job-core	Checkout code	2025-10-07T16:18:31.1991794Z  * [new branch]        H44-creaci√≥n-m√≥dulo-versionado -> origin/H44-creaci√≥n-m√≥dulo-versionado
job-core	Checkout code	2025-10-07T16:18:31.1992788Z  * [new branch]        RN1149-desarrollo-de-orchestrator -> origin/RN1149-desarrollo-de-orchestrator
job-core	Checkout code	2025-10-07T16:18:31.1993701Z  * [new branch]        RN1183-personalizaci√≥n-m√≥dulo-finops -> origin/RN1183-personalizaci√≥n-m√≥dulo-finops
job-core	Checkout code	2025-10-07T16:18:31.1994741Z  * [new branch]        RN1282-ka0s-error-detected-in-ka0s-workflow-statistics-summary -> origin/RN1282-ka0s-error-detected-in-ka0s-workflow-statistics-summary
job-core	Checkout code	2025-10-07T16:18:31.1995832Z  * [new branch]        RN220-web-de-resultados -> origin/RN220-web-de-resultados
job-core	Checkout code	2025-10-07T16:18:31.1996773Z  * [new branch]        RN227-despliegue-de-kube-independiente-del-clouder -> origin/RN227-despliegue-de-kube-independiente-del-clouder
job-core	Checkout code	2025-10-07T16:18:31.1997974Z  * [new branch]        RN329-documentacion-metodologia-de-kaos -> origin/RN329-documentacion-metodologia-de-kaos
job-core	Checkout code	2025-10-07T16:18:31.1998602Z  * [new branch]        main                    -> origin/main
job-core	Checkout code	2025-10-07T16:18:31.1998993Z  * [new tag]           0.0.0                   -> 0.0.0
job-core	Checkout code	2025-10-07T16:18:31.1999338Z  * [new tag]           0.0.1                   -> 0.0.1
job-core	Checkout code	2025-10-07T16:18:31.1999687Z  * [new tag]           0.0.10                  -> 0.0.10
job-core	Checkout code	2025-10-07T16:18:31.2000047Z  * [new tag]           0.0.100                 -> 0.0.100
job-core	Checkout code	2025-10-07T16:18:31.2000397Z  * [new tag]           0.0.101                 -> 0.0.101
job-core	Checkout code	2025-10-07T16:18:31.2000755Z  * [new tag]           0.0.102                 -> 0.0.102
job-core	Checkout code	2025-10-07T16:18:31.2001103Z  * [new tag]           0.0.103                 -> 0.0.103
job-core	Checkout code	2025-10-07T16:18:31.2001455Z  * [new tag]           0.0.104                 -> 0.0.104
job-core	Checkout code	2025-10-07T16:18:31.2001814Z  * [new tag]           0.0.105                 -> 0.0.105
job-core	Checkout code	2025-10-07T16:18:31.2002162Z  * [new tag]           0.0.106                 -> 0.0.106
job-core	Checkout code	2025-10-07T16:18:31.2002514Z  * [new tag]           0.0.107                 -> 0.0.107
job-core	Checkout code	2025-10-07T16:18:31.2002892Z  * [new tag]           0.0.108                 -> 0.0.108
job-core	Checkout code	2025-10-07T16:18:31.2003253Z  * [new tag]           0.0.109                 -> 0.0.109
job-core	Checkout code	2025-10-07T16:18:31.2003613Z  * [new tag]           0.0.11                  -> 0.0.11
job-core	Checkout code	2025-10-07T16:18:31.2003979Z  * [new tag]           0.0.110                 -> 0.0.110
job-core	Checkout code	2025-10-07T16:18:31.2004348Z  * [new tag]           0.0.111                 -> 0.0.111
job-core	Checkout code	2025-10-07T16:18:31.2004711Z  * [new tag]           0.0.112                 -> 0.0.112
job-core	Checkout code	2025-10-07T16:18:31.2005082Z  * [new tag]           0.0.113                 -> 0.0.113
job-core	Checkout code	2025-10-07T16:18:31.2005704Z  * [new tag]           0.0.114                 -> 0.0.114
job-core	Checkout code	2025-10-07T16:18:31.2006464Z  * [new tag]           0.0.115                 -> 0.0.115
job-core	Checkout code	2025-10-07T16:18:31.2006839Z  * [new tag]           0.0.116                 -> 0.0.116
job-core	Checkout code	2025-10-07T16:18:31.2007202Z  * [new tag]           0.0.117                 -> 0.0.117
job-core	Checkout code	2025-10-07T16:18:31.2007663Z  * [new tag]           0.0.118                 -> 0.0.118
job-core	Checkout code	2025-10-07T16:18:31.2008019Z  * [new tag]           0.0.119                 -> 0.0.119
job-core	Checkout code	2025-10-07T16:18:31.2008579Z  * [new tag]           0.0.12                  -> 0.0.12
job-core	Checkout code	2025-10-07T16:18:31.2008960Z  * [new tag]           0.0.120                 -> 0.0.120
job-core	Checkout code	2025-10-07T16:18:31.2009322Z  * [new tag]           0.0.121                 -> 0.0.121
job-core	Checkout code	2025-10-07T16:18:31.2009695Z  * [new tag]           0.0.122                 -> 0.0.122
job-core	Checkout code	2025-10-07T16:18:31.2010069Z  * [new tag]           0.0.123                 -> 0.0.123
job-core	Checkout code	2025-10-07T16:18:31.2010429Z  * [new tag]           0.0.124                 -> 0.0.124
job-core	Checkout code	2025-10-07T16:18:31.2010812Z  * [new tag]           0.0.125                 -> 0.0.125
job-core	Checkout code	2025-10-07T16:18:31.2011363Z  * [new tag]           0.0.126                 -> 0.0.126
job-core	Checkout code	2025-10-07T16:18:31.2011731Z  * [new tag]           0.0.127                 -> 0.0.127
job-core	Checkout code	2025-10-07T16:18:31.2012085Z  * [new tag]           0.0.128                 -> 0.0.128
job-core	Checkout code	2025-10-07T16:18:31.2012443Z  * [new tag]           0.0.129                 -> 0.0.129
job-core	Checkout code	2025-10-07T16:18:31.2012810Z  * [new tag]           0.0.13                  -> 0.0.13
job-core	Checkout code	2025-10-07T16:18:31.2013191Z  * [new tag]           0.0.130                 -> 0.0.130
job-core	Checkout code	2025-10-07T16:18:31.2013568Z  * [new tag]           0.0.131                 -> 0.0.131
job-core	Checkout code	2025-10-07T16:18:31.2013931Z  * [new tag]           0.0.132                 -> 0.0.132
job-core	Checkout code	2025-10-07T16:18:31.2014301Z  * [new tag]           0.0.133                 -> 0.0.133
job-core	Checkout code	2025-10-07T16:18:31.2014666Z  * [new tag]           0.0.134                 -> 0.0.134
job-core	Checkout code	2025-10-07T16:18:31.2015160Z  * [new tag]           0.0.135                 -> 0.0.135
job-core	Checkout code	2025-10-07T16:18:31.2015533Z  * [new tag]           0.0.136                 -> 0.0.136
job-core	Checkout code	2025-10-07T16:18:31.2112804Z  * [new tag]           0.0.137                 -> 0.0.137
job-core	Checkout code	2025-10-07T16:18:31.2113561Z  * [new tag]           0.0.138                 -> 0.0.138
job-core	Checkout code	2025-10-07T16:18:31.2113928Z  * [new tag]           0.0.139                 -> 0.0.139
job-core	Checkout code	2025-10-07T16:18:31.2114294Z  * [new tag]           0.0.14                  -> 0.0.14
job-core	Checkout code	2025-10-07T16:18:31.2114654Z  * [new tag]           0.0.140                 -> 0.0.140
job-core	Checkout code	2025-10-07T16:18:31.2115008Z  * [new tag]           0.0.141                 -> 0.0.141
job-core	Checkout code	2025-10-07T16:18:31.2125311Z  * [new tag]           0.0.142                 -> 0.0.142
job-core	Checkout code	2025-10-07T16:18:31.2125885Z  * [new tag]           0.0.143                 -> 0.0.143
job-core	Checkout code	2025-10-07T16:18:31.2126248Z  * [new tag]           0.0.144                 -> 0.0.144
job-core	Checkout code	2025-10-07T16:18:31.2126610Z  * [new tag]           0.0.145                 -> 0.0.145
job-core	Checkout code	2025-10-07T16:18:31.2126974Z  * [new tag]           0.0.146                 -> 0.0.146
job-core	Checkout code	2025-10-07T16:18:31.2127454Z  * [new tag]           0.0.147                 -> 0.0.147
job-core	Checkout code	2025-10-07T16:18:31.2127865Z  * [new tag]           0.0.148                 -> 0.0.148
job-core	Checkout code	2025-10-07T16:18:31.2128219Z  * [new tag]           0.0.149                 -> 0.0.149
job-core	Checkout code	2025-10-07T16:18:31.2128596Z  * [new tag]           0.0.15                  -> 0.0.15
job-core	Checkout code	2025-10-07T16:18:31.2128964Z  * [new tag]           0.0.150                 -> 0.0.150
job-core	Checkout code	2025-10-07T16:18:31.2129324Z  * [new tag]           0.0.151                 -> 0.0.151
job-core	Checkout code	2025-10-07T16:18:31.2129747Z  * [new tag]           0.0.152                 -> 0.0.152
job-core	Checkout code	2025-10-07T16:18:31.2130116Z  * [new tag]           0.0.153                 -> 0.0.153
job-core	Checkout code	2025-10-07T16:18:31.2130486Z  * [new tag]           0.0.154                 -> 0.0.154
job-core	Checkout code	2025-10-07T16:18:31.2130857Z  * [new tag]           0.0.155                 -> 0.0.155
job-core	Checkout code	2025-10-07T16:18:31.2131215Z  * [new tag]           0.0.156                 -> 0.0.156
job-core	Checkout code	2025-10-07T16:18:31.2131568Z  * [new tag]           0.0.157                 -> 0.0.157
job-core	Checkout code	2025-10-07T16:18:31.2132245Z  * [new tag]           0.0.158                 -> 0.0.158
job-core	Checkout code	2025-10-07T16:18:31.2132610Z  * [new tag]           0.0.159                 -> 0.0.159
job-core	Checkout code	2025-10-07T16:18:31.2132967Z  * [new tag]           0.0.16                  -> 0.0.16
job-core	Checkout code	2025-10-07T16:18:31.2133322Z  * [new tag]           0.0.160                 -> 0.0.160
job-core	Checkout code	2025-10-07T16:18:31.2133678Z  * [new tag]           0.0.161                 -> 0.0.161
job-core	Checkout code	2025-10-07T16:18:31.2134028Z  * [new tag]           0.0.162                 -> 0.0.162
job-core	Checkout code	2025-10-07T16:18:31.2134374Z  * [new tag]           0.0.163                 -> 0.0.163
job-core	Checkout code	2025-10-07T16:18:31.2134718Z  * [new tag]           0.0.164                 -> 0.0.164
job-core	Checkout code	2025-10-07T16:18:31.2135076Z  * [new tag]           0.0.165                 -> 0.0.165
job-core	Checkout code	2025-10-07T16:18:31.2135424Z  * [new tag]           0.0.166                 -> 0.0.166
job-core	Checkout code	2025-10-07T16:18:31.2135777Z  * [new tag]           0.0.167                 -> 0.0.167
job-core	Checkout code	2025-10-07T16:18:31.2136141Z  * [new tag]           0.0.168                 -> 0.0.168
job-core	Checkout code	2025-10-07T16:18:31.2136508Z  * [new tag]           0.0.169                 -> 0.0.169
job-core	Checkout code	2025-10-07T16:18:31.2137063Z  * [new tag]           0.0.17                  -> 0.0.17
job-core	Checkout code	2025-10-07T16:18:31.2593778Z  * [new tag]           0.0.170                 -> 0.0.170
job-core	Checkout code	2025-10-07T16:18:31.2594446Z  * [new tag]           0.0.171                 -> 0.0.171
job-core	Checkout code	2025-10-07T16:18:31.2594825Z  * [new tag]           0.0.172                 -> 0.0.172
job-core	Checkout code	2025-10-07T16:18:31.2595206Z  * [new tag]           0.0.173                 -> 0.0.173
job-core	Checkout code	2025-10-07T16:18:31.2595577Z  * [new tag]           0.0.174                 -> 0.0.174
job-core	Checkout code	2025-10-07T16:18:31.2595947Z  * [new tag]           0.0.175                 -> 0.0.175
job-core	Checkout code	2025-10-07T16:18:31.2596329Z  * [new tag]           0.0.176                 -> 0.0.176
job-core	Checkout code	2025-10-07T16:18:31.2596733Z  * [new tag]           0.0.177                 -> 0.0.177
job-core	Checkout code	2025-10-07T16:18:31.2597113Z  * [new tag]           0.0.178                 -> 0.0.178
job-core	Checkout code	2025-10-07T16:18:31.2597664Z  * [new tag]           0.0.179                 -> 0.0.179
job-core	Checkout code	2025-10-07T16:18:31.2598063Z  * [new tag]           0.0.18                  -> 0.0.18
job-core	Checkout code	2025-10-07T16:18:31.2598438Z  * [new tag]           0.0.19                  -> 0.0.19
job-core	Checkout code	2025-10-07T16:18:31.2598806Z  * [new tag]           0.0.2                   -> 0.0.2
job-core	Checkout code	2025-10-07T16:18:31.2599164Z  * [new tag]           0.0.20                  -> 0.0.20
job-core	Checkout code	2025-10-07T16:18:31.2599533Z  * [new tag]           0.0.21                  -> 0.0.21
job-core	Checkout code	2025-10-07T16:18:31.2599899Z  * [new tag]           0.0.22                  -> 0.0.22
job-core	Checkout code	2025-10-07T16:18:31.2600249Z  * [new tag]           0.0.23                  -> 0.0.23
job-core	Checkout code	2025-10-07T16:18:31.2600594Z  * [new tag]           0.0.24                  -> 0.0.24
job-core	Checkout code	2025-10-07T16:18:31.2600960Z  * [new tag]           0.0.25                  -> 0.0.25
job-core	Checkout code	2025-10-07T16:18:31.2601305Z  * [new tag]           0.0.26                  -> 0.0.26
job-core	Checkout code	2025-10-07T16:18:31.2601660Z  * [new tag]           0.0.27                  -> 0.0.27
job-core	Checkout code	2025-10-07T16:18:31.2602068Z  * [new tag]           0.0.28                  -> 0.0.28
job-core	Checkout code	2025-10-07T16:18:31.2602462Z  * [new tag]           0.0.29                  -> 0.0.29
job-core	Checkout code	2025-10-07T16:18:31.2602824Z  * [new tag]           0.0.3                   -> 0.0.3
job-core	Checkout code	2025-10-07T16:18:31.2603180Z  * [new tag]           0.0.30                  -> 0.0.30
job-core	Checkout code	2025-10-07T16:18:31.2603547Z  * [new tag]           0.0.31                  -> 0.0.31
job-core	Checkout code	2025-10-07T16:18:31.2603915Z  * [new tag]           0.0.32                  -> 0.0.32
job-core	Checkout code	2025-10-07T16:18:31.2604279Z  * [new tag]           0.0.33                  -> 0.0.33
job-core	Checkout code	2025-10-07T16:18:31.2604654Z  * [new tag]           0.0.34                  -> 0.0.34
job-core	Checkout code	2025-10-07T16:18:31.2605029Z  * [new tag]           0.0.35                  -> 0.0.35
job-core	Checkout code	2025-10-07T16:18:31.2605392Z  * [new tag]           0.0.36                  -> 0.0.36
job-core	Checkout code	2025-10-07T16:18:31.2605758Z  * [new tag]           0.0.37                  -> 0.0.37
job-core	Checkout code	2025-10-07T16:18:31.2606119Z  * [new tag]           0.0.38                  -> 0.0.38
job-core	Checkout code	2025-10-07T16:18:31.2607000Z  * [new tag]           0.0.39                  -> 0.0.39
job-core	Checkout code	2025-10-07T16:18:31.2607522Z  * [new tag]           0.0.4                   -> 0.0.4
job-core	Checkout code	2025-10-07T16:18:31.2607885Z  * [new tag]           0.0.40                  -> 0.0.40
job-core	Checkout code	2025-10-07T16:18:31.2608232Z  * [new tag]           0.0.41                  -> 0.0.41
job-core	Checkout code	2025-10-07T16:18:31.2608582Z  * [new tag]           0.0.42                  -> 0.0.42
job-core	Checkout code	2025-10-07T16:18:31.2608949Z  * [new tag]           0.0.43                  -> 0.0.43
job-core	Checkout code	2025-10-07T16:18:31.2609352Z  * [new tag]           0.0.44                  -> 0.0.44
job-core	Checkout code	2025-10-07T16:18:31.2609776Z  * [new tag]           0.0.45                  -> 0.0.45
job-core	Checkout code	2025-10-07T16:18:31.2610259Z  * [new tag]           0.0.46                  -> 0.0.46
job-core	Checkout code	2025-10-07T16:18:31.2610738Z  * [new tag]           0.0.47                  -> 0.0.47
job-core	Checkout code	2025-10-07T16:18:31.2611234Z  * [new tag]           0.0.48                  -> 0.0.48
job-core	Checkout code	2025-10-07T16:18:31.2611666Z  * [new tag]           0.0.49                  -> 0.0.49
job-core	Checkout code	2025-10-07T16:18:31.2612162Z  * [new tag]           0.0.5                   -> 0.0.5
job-core	Checkout code	2025-10-07T16:18:31.2613153Z  * [new tag]           0.0.50                  -> 0.0.50
job-core	Checkout code	2025-10-07T16:18:31.2613570Z  * [new tag]           0.0.51                  -> 0.0.51
job-core	Checkout code	2025-10-07T16:18:31.2613970Z  * [new tag]           0.0.52                  -> 0.0.52
job-core	Checkout code	2025-10-07T16:18:31.2614374Z  * [new tag]           0.0.53                  -> 0.0.53
job-core	Checkout code	2025-10-07T16:18:31.2614815Z  * [new tag]           0.0.54                  -> 0.0.54
job-core	Checkout code	2025-10-07T16:18:31.2615238Z  * [new tag]           0.0.55                  -> 0.0.55
job-core	Checkout code	2025-10-07T16:18:31.2615710Z  * [new tag]           0.0.56                  -> 0.0.56
job-core	Checkout code	2025-10-07T16:18:31.2616135Z  * [new tag]           0.0.57                  -> 0.0.57
job-core	Checkout code	2025-10-07T16:18:31.2616517Z  * [new tag]           0.0.58                  -> 0.0.58
job-core	Checkout code	2025-10-07T16:18:31.2616867Z  * [new tag]           0.0.59                  -> 0.0.59
job-core	Checkout code	2025-10-07T16:18:31.2617222Z  * [new tag]           0.0.6                   -> 0.0.6
job-core	Checkout code	2025-10-07T16:18:31.3089925Z  * [new tag]           0.0.60                  -> 0.0.60
job-core	Checkout code	2025-10-07T16:18:31.3090591Z  * [new tag]           0.0.61                  -> 0.0.61
job-core	Checkout code	2025-10-07T16:18:31.3090976Z  * [new tag]           0.0.62                  -> 0.0.62
job-core	Checkout code	2025-10-07T16:18:31.3091336Z  * [new tag]           0.0.63                  -> 0.0.63
job-core	Checkout code	2025-10-07T16:18:31.3091693Z  * [new tag]           0.0.64                  -> 0.0.64
job-core	Checkout code	2025-10-07T16:18:31.3092055Z  * [new tag]           0.0.65                  -> 0.0.65
job-core	Checkout code	2025-10-07T16:18:31.3092411Z  * [new tag]           0.0.66                  -> 0.0.66
job-core	Checkout code	2025-10-07T16:18:31.3092766Z  * [new tag]           0.0.67                  -> 0.0.67
job-core	Checkout code	2025-10-07T16:18:31.3093139Z  * [new tag]           0.0.68                  -> 0.0.68
job-core	Checkout code	2025-10-07T16:18:31.3093514Z  * [new tag]           0.0.69                  -> 0.0.69
job-core	Checkout code	2025-10-07T16:18:31.3093880Z  * [new tag]           0.0.7                   -> 0.0.7
job-core	Checkout code	2025-10-07T16:18:31.3094234Z  * [new tag]           0.0.70                  -> 0.0.70
job-core	Checkout code	2025-10-07T16:18:31.3094611Z  * [new tag]           0.0.71                  -> 0.0.71
job-core	Checkout code	2025-10-07T16:18:31.3094993Z  * [new tag]           0.0.72                  -> 0.0.72
job-core	Checkout code	2025-10-07T16:18:31.3095367Z  * [new tag]           0.0.73                  -> 0.0.73
job-core	Checkout code	2025-10-07T16:18:31.3095734Z  * [new tag]           0.0.74                  -> 0.0.74
job-core	Checkout code	2025-10-07T16:18:31.3096099Z  * [new tag]           0.0.75                  -> 0.0.75
job-core	Checkout code	2025-10-07T16:18:31.3096472Z  * [new tag]           0.0.76                  -> 0.0.76
job-core	Checkout code	2025-10-07T16:18:31.3096833Z  * [new tag]           0.0.77                  -> 0.0.77
job-core	Checkout code	2025-10-07T16:18:31.3097211Z  * [new tag]           0.0.78                  -> 0.0.78
job-core	Checkout code	2025-10-07T16:18:31.3097851Z  * [new tag]           0.0.79                  -> 0.0.79
job-core	Checkout code	2025-10-07T16:18:31.3098237Z  * [new tag]           0.0.8                   -> 0.0.8
job-core	Checkout code	2025-10-07T16:18:31.3098607Z  * [new tag]           0.0.80                  -> 0.0.80
job-core	Checkout code	2025-10-07T16:18:31.3098961Z  * [new tag]           0.0.81                  -> 0.0.81
job-core	Checkout code	2025-10-07T16:18:31.3225350Z  * [new tag]           0.0.82                  -> 0.0.82
job-core	Checkout code	2025-10-07T16:18:31.3225807Z  * [new tag]           0.0.83                  -> 0.0.83
job-core	Checkout code	2025-10-07T16:18:31.3226161Z  * [new tag]           0.0.84                  -> 0.0.84
job-core	Checkout code	2025-10-07T16:18:31.3226514Z  * [new tag]           0.0.85                  -> 0.0.85
job-core	Checkout code	2025-10-07T16:18:31.3226863Z  * [new tag]           0.0.86                  -> 0.0.86
job-core	Checkout code	2025-10-07T16:18:31.3227211Z  * [new tag]           0.0.87                  -> 0.0.87
job-core	Checkout code	2025-10-07T16:18:31.3227661Z  * [new tag]           0.0.88                  -> 0.0.88
job-core	Checkout code	2025-10-07T16:18:31.3228021Z  * [new tag]           0.0.89                  -> 0.0.89
job-core	Checkout code	2025-10-07T16:18:31.3228377Z  * [new tag]           0.0.9                   -> 0.0.9
job-core	Checkout code	2025-10-07T16:18:31.3228733Z  * [new tag]           0.0.90                  -> 0.0.90
job-core	Checkout code	2025-10-07T16:18:31.3229110Z  * [new tag]           0.0.91                  -> 0.0.91
job-core	Checkout code	2025-10-07T16:18:31.3229471Z  * [new tag]           0.0.92                  -> 0.0.92
job-core	Checkout code	2025-10-07T16:18:31.3229859Z  * [new tag]           0.0.93                  -> 0.0.93
job-core	Checkout code	2025-10-07T16:18:31.3230446Z  * [new tag]           0.0.94                  -> 0.0.94
job-core	Checkout code	2025-10-07T16:18:31.3230797Z  * [new tag]           0.0.95                  -> 0.0.95
job-core	Checkout code	2025-10-07T16:18:31.3231156Z  * [new tag]           0.0.96                  -> 0.0.96
job-core	Checkout code	2025-10-07T16:18:31.3231500Z  * [new tag]           0.0.97                  -> 0.0.97
job-core	Checkout code	2025-10-07T16:18:31.3231856Z  * [new tag]           0.0.98                  -> 0.0.98
job-core	Checkout code	2025-10-07T16:18:31.3232218Z  * [new tag]           0.0.99                  -> 0.0.99
job-core	Checkout code	2025-10-07T16:18:31.3232575Z  * [new tag]           0.1.0                   -> 0.1.0
job-core	Checkout code	2025-10-07T16:18:31.3232929Z  * [new tag]           0.1.1                   -> 0.1.1
job-core	Checkout code	2025-10-07T16:18:31.3233289Z  * [new tag]           0.2.0                   -> 0.2.0
job-core	Checkout code	2025-10-07T16:18:31.3233653Z  * [new tag]           0.3.0                   -> 0.3.0
job-core	Checkout code	2025-10-07T16:18:31.3234011Z  * [new tag]           0.3.1                   -> 0.3.1
job-core	Checkout code	2025-10-07T16:18:31.3234421Z  * [new tag]           0.3.10                  -> 0.3.10
job-core	Checkout code	2025-10-07T16:18:31.3234799Z  * [new tag]           0.3.11                  -> 0.3.11
job-core	Checkout code	2025-10-07T16:18:31.3235173Z  * [new tag]           0.3.12                  -> 0.3.12
job-core	Checkout code	2025-10-07T16:18:31.3235590Z  * [new tag]           0.3.13                  -> 0.3.13
job-core	Checkout code	2025-10-07T16:18:31.3235955Z  * [new tag]           0.3.14                  -> 0.3.14
job-core	Checkout code	2025-10-07T16:18:31.3236317Z  * [new tag]           0.3.15                  -> 0.3.15
job-core	Checkout code	2025-10-07T16:18:31.3236678Z  * [new tag]           0.3.16                  -> 0.3.16
job-core	Checkout code	2025-10-07T16:18:31.3237037Z  * [new tag]           0.3.17                  -> 0.3.17
job-core	Checkout code	2025-10-07T16:18:31.3237524Z  * [new tag]           0.3.2                   -> 0.3.2
job-core	Checkout code	2025-10-07T16:18:31.3237903Z  * [new tag]           0.3.3                   -> 0.3.3
job-core	Checkout code	2025-10-07T16:18:31.3238321Z  * [new tag]           0.3.4                   -> 0.3.4
job-core	Checkout code	2025-10-07T16:18:31.3238769Z  * [new tag]           0.3.5                   -> 0.3.5
job-core	Checkout code	2025-10-07T16:18:31.3239194Z  * [new tag]           0.3.6                   -> 0.3.6
job-core	Checkout code	2025-10-07T16:18:31.3239606Z  * [new tag]           0.3.7                   -> 0.3.7
job-core	Checkout code	2025-10-07T16:18:31.3240023Z  * [new tag]           0.3.8                   -> 0.3.8
job-core	Checkout code	2025-10-07T16:18:31.3240462Z  * [new tag]           0.3.9                   -> 0.3.9
job-core	Checkout code	2025-10-07T16:18:31.3240879Z  * [new tag]           0.4.0                   -> 0.4.0
job-core	Checkout code	2025-10-07T16:18:31.3241297Z  * [new tag]           0.4.1                   -> 0.4.1
job-core	Checkout code	2025-10-07T16:18:31.3241705Z  * [new tag]           0.4.10                  -> 0.4.10
job-core	Checkout code	2025-10-07T16:18:31.3242103Z  * [new tag]           0.4.2                   -> 0.4.2
job-core	Checkout code	2025-10-07T16:18:31.3242511Z  * [new tag]           0.4.3                   -> 0.4.3
job-core	Checkout code	2025-10-07T16:18:31.3242891Z  * [new tag]           0.4.4                   -> 0.4.4
job-core	Checkout code	2025-10-07T16:18:31.3243288Z  * [new tag]           0.4.5                   -> 0.4.5
job-core	Checkout code	2025-10-07T16:18:31.3243776Z  * [new tag]           0.4.6                   -> 0.4.6
job-core	Checkout code	2025-10-07T16:18:31.3244809Z  * [new tag]           0.4.7                   -> 0.4.7
job-core	Checkout code	2025-10-07T16:18:31.3245265Z  * [new tag]           0.4.8                   -> 0.4.8
job-core	Checkout code	2025-10-07T16:18:31.3245654Z  * [new tag]           0.4.9                   -> 0.4.9
job-core	Checkout code	2025-10-07T16:18:31.4662136Z [command]/usr/bin/git branch --list --remote origin/H1646-modulo-de-control-de-runners
job-core	Checkout code	2025-10-07T16:18:31.5188589Z   origin/H1646-modulo-de-control-de-runners
job-core	Checkout code	2025-10-07T16:18:31.5428190Z [command]/usr/bin/git rev-parse refs/remotes/origin/H1646-modulo-de-control-de-runners
job-core	Checkout code	2025-10-07T16:18:31.6561644Z 903759d54158e6df6241d433e53583757719978a
job-core	Checkout code	2025-10-07T16:18:31.6720122Z ##[endgroup]
job-core	Checkout code	2025-10-07T16:18:31.6801010Z ##[group]Determining the checkout info
job-core	Checkout code	2025-10-07T16:18:31.6803233Z ##[endgroup]
job-core	Checkout code	2025-10-07T16:18:31.6805410Z [command]/usr/bin/git sparse-checkout disable
job-core	Checkout code	2025-10-07T16:18:31.6812062Z [command]/usr/bin/git config --local --unset-all extensions.worktreeConfig
job-core	Checkout code	2025-10-07T16:18:31.7077299Z ##[group]Checking out the ref
job-core	Checkout code	2025-10-07T16:18:31.7119752Z [command]/usr/bin/git checkout --progress --force -B H1646-modulo-de-control-de-runners refs/remotes/origin/H1646-modulo-de-control-de-runners
job-core	Checkout code	2025-10-07T16:18:33.0151970Z Updating files:  25% (202/807)
job-core	Checkout code	2025-10-07T16:18:33.0506144Z Updating files:  26% (210/807)
job-core	Checkout code	2025-10-07T16:18:33.0585229Z Updating files:  27% (218/807)
job-core	Checkout code	2025-10-07T16:18:33.0585620Z Updating files:  28% (226/807)
job-core	Checkout code	2025-10-07T16:18:33.0585885Z Updating files:  29% (235/807)
job-core	Checkout code	2025-10-07T16:18:33.1676077Z Updating files:  30% (243/807)
job-core	Checkout code	2025-10-07T16:18:33.2171106Z Updating files:  31% (251/807)
job-core	Checkout code	2025-10-07T16:18:33.4512169Z Updating files:  32% (259/807)
job-core	Checkout code	2025-10-07T16:18:33.5571907Z Updating files:  33% (267/807)
job-core	Checkout code	2025-10-07T16:18:33.6046846Z Updating files:  34% (275/807)
job-core	Checkout code	2025-10-07T16:18:33.6298887Z Updating files:  35% (283/807)
job-core	Checkout code	2025-10-07T16:18:33.6366946Z Updating files:  36% (291/807)
job-core	Checkout code	2025-10-07T16:18:33.6399837Z Updating files:  37% (299/807)
job-core	Checkout code	2025-10-07T16:18:33.6799199Z Updating files:  38% (307/807)
job-core	Checkout code	2025-10-07T16:18:33.7027974Z Updating files:  39% (315/807)
job-core	Checkout code	2025-10-07T16:18:33.7220672Z Updating files:  40% (323/807)
job-core	Checkout code	2025-10-07T16:18:33.7465793Z Updating files:  41% (331/807)
job-core	Checkout code	2025-10-07T16:18:33.7600821Z Updating files:  42% (339/807)
job-core	Checkout code	2025-10-07T16:18:33.9076917Z Updating files:  43% (348/807)
job-core	Checkout code	2025-10-07T16:18:34.2105238Z Updating files:  44% (356/807)
job-core	Checkout code	2025-10-07T16:18:34.2209616Z Updating files:  45% (364/807)
job-core	Checkout code	2025-10-07T16:18:34.2220427Z Updating files:  46% (372/807)
job-core	Checkout code	2025-10-07T16:18:34.2258955Z Updating files:  47% (380/807)
job-core	Checkout code	2025-10-07T16:18:34.2326270Z Updating files:  48% (388/807)
job-core	Checkout code	2025-10-07T16:18:34.2389596Z Updating files:  49% (396/807)
job-core	Checkout code	2025-10-07T16:18:34.2562056Z Updating files:  50% (404/807)
job-core	Checkout code	2025-10-07T16:18:34.2562670Z Updating files:  51% (412/807)
job-core	Checkout code	2025-10-07T16:18:34.2562930Z Updating files:  52% (420/807)
job-core	Checkout code	2025-10-07T16:18:34.2563209Z Updating files:  53% (428/807)
job-core	Checkout code	2025-10-07T16:18:34.2630749Z Updating files:  54% (436/807)
job-core	Checkout code	2025-10-07T16:18:34.2719909Z Updating files:  55% (444/807)
job-core	Checkout code	2025-10-07T16:18:34.2851726Z Updating files:  56% (452/807)
job-core	Checkout code	2025-10-07T16:18:34.2852587Z Updating files:  57% (460/807)
job-core	Checkout code	2025-10-07T16:18:34.5848277Z Updating files:  58% (469/807)
job-core	Checkout code	2025-10-07T16:18:34.7441862Z Updating files:  59% (477/807)
job-core	Checkout code	2025-10-07T16:18:34.9548194Z Updating files:  59% (481/807)
job-core	Checkout code	2025-10-07T16:18:35.1311521Z Updating files:  60% (485/807)
job-core	Checkout code	2025-10-07T16:18:35.2341067Z Updating files:  61% (493/807)
job-core	Checkout code	2025-10-07T16:18:35.5295898Z Updating files:  62% (501/807)
job-core	Checkout code	2025-10-07T16:18:35.7987039Z Updating files:  63% (509/807)
job-core	Checkout code	2025-10-07T16:18:36.2281194Z Updating files:  63% (513/807)
job-core	Checkout code	2025-10-07T16:18:36.7537580Z Updating files:  64% (517/807)
job-core	Checkout code	2025-10-07T16:18:37.0009796Z Updating files:  64% (523/807)
job-core	Checkout code	2025-10-07T16:18:37.9643492Z Updating files:  65% (525/807)
job-core	Checkout code	2025-10-07T16:18:38.1974443Z Updating files:  65% (532/807)
job-core	Checkout code	2025-10-07T16:18:38.7490633Z Updating files:  66% (533/807)
job-core	Checkout code	2025-10-07T16:18:38.8078945Z Updating files:  66% (540/807)
job-core	Checkout code	2025-10-07T16:18:39.1563726Z Updating files:  67% (541/807)
job-core	Checkout code	2025-10-07T16:18:39.6123553Z Updating files:  68% (549/807)
job-core	Checkout code	2025-10-07T16:18:39.7356987Z Updating files:  69% (557/807)
job-core	Checkout code	2025-10-07T16:18:40.2009175Z Updating files:  69% (559/807)
job-core	Checkout code	2025-10-07T16:18:40.7293964Z Updating files:  70% (565/807)
job-core	Checkout code	2025-10-07T16:18:40.9813486Z Updating files:  70% (572/807)
job-core	Checkout code	2025-10-07T16:18:41.1963701Z Updating files:  71% (573/807)
job-core	Checkout code	2025-10-07T16:18:41.2032625Z Updating files:  72% (582/807)
job-core	Checkout code	2025-10-07T16:18:41.2041333Z Updating files:  73% (590/807)
job-core	Checkout code	2025-10-07T16:18:41.2106016Z Updating files:  74% (598/807)
job-core	Checkout code	2025-10-07T16:18:41.2155714Z Updating files:  75% (606/807)
job-core	Checkout code	2025-10-07T16:18:41.2251384Z Updating files:  76% (614/807)
job-core	Checkout code	2025-10-07T16:18:41.2252498Z Updating files:  77% (622/807)
job-core	Checkout code	2025-10-07T16:18:41.2518924Z Updating files:  78% (630/807)
job-core	Checkout code	2025-10-07T16:18:41.2539355Z Updating files:  79% (638/807)
job-core	Checkout code	2025-10-07T16:18:41.2650978Z Updating files:  80% (646/807)
job-core	Checkout code	2025-10-07T16:18:41.2743495Z Updating files:  81% (654/807)
job-core	Checkout code	2025-10-07T16:18:41.2743889Z Updating files:  82% (662/807)
job-core	Checkout code	2025-10-07T16:18:41.2805075Z Updating files:  83% (670/807)
job-core	Checkout code	2025-10-07T16:18:41.2890710Z Updating files:  84% (678/807)
job-core	Checkout code	2025-10-07T16:18:41.3071267Z Updating files:  85% (686/807)
job-core	Checkout code	2025-10-07T16:18:41.3208463Z Updating files:  86% (695/807)
job-core	Checkout code	2025-10-07T16:18:41.3387686Z Updating files:  87% (703/807)
job-core	Checkout code	2025-10-07T16:18:41.3398533Z Updating files:  88% (711/807)
job-core	Checkout code	2025-10-07T16:18:41.3475450Z Updating files:  89% (719/807)
job-core	Checkout code	2025-10-07T16:18:41.3645266Z Updating files:  90% (727/807)
job-core	Checkout code	2025-10-07T16:18:41.3756807Z Updating files:  91% (735/807)
job-core	Checkout code	2025-10-07T16:18:41.3788414Z Updating files:  92% (743/807)
job-core	Checkout code	2025-10-07T16:18:41.3788915Z Updating files:  93% (751/807)
job-core	Checkout code	2025-10-07T16:18:41.3954570Z Updating files:  94% (759/807)
job-core	Checkout code	2025-10-07T16:18:41.3955092Z Updating files:  95% (767/807)
job-core	Checkout code	2025-10-07T16:18:41.3970211Z Updating files:  96% (775/807)
job-core	Checkout code	2025-10-07T16:18:41.3978439Z Updating files:  97% (783/807)
job-core	Checkout code	2025-10-07T16:18:41.3983994Z Updating files:  98% (791/807)
job-core	Checkout code	2025-10-07T16:18:41.4088890Z Updating files:  99% (799/807)
job-core	Checkout code	2025-10-07T16:18:41.4089782Z Updating files: 100% (807/807)
job-core	Checkout code	2025-10-07T16:18:41.4091532Z Updating files: 100% (807/807), done.
job-core	Checkout code	2025-10-07T16:18:41.5626116Z Switched to a new branch 'H1646-modulo-de-control-de-runners'
job-core	Checkout code	2025-10-07T16:18:41.5654699Z branch 'H1646-modulo-de-control-de-runners' set up to track 'origin/H1646-modulo-de-control-de-runners'.
job-core	Checkout code	2025-10-07T16:18:41.6572535Z ##[endgroup]
job-core	Checkout code	2025-10-07T16:18:41.7115929Z [command]/usr/bin/git log -1 --format=%H
job-core	Checkout code	2025-10-07T16:18:41.7552356Z 903759d54158e6df6241d433e53583757719978a
job-core	Install Node.js	Ôªø2025-10-07T16:18:42.1512740Z ##[group]Run actions/setup-node@v2
job-core	Install Node.js	2025-10-07T16:18:42.1513471Z with:
job-core	Install Node.js	2025-10-07T16:18:42.1513703Z   node-version: 14
job-core	Install Node.js	2025-10-07T16:18:42.1513926Z   always-auth: false
job-core	Install Node.js	2025-10-07T16:18:42.1514147Z   check-latest: false
job-core	Install Node.js	2025-10-07T16:18:42.1514727Z   token: ***
job-core	Install Node.js	2025-10-07T16:18:42.1514933Z env:
job-core	Install Node.js	2025-10-07T16:18:42.1515128Z   KAOS_MODULE: [Ka0S] JSONLINT
job-core	Install Node.js	2025-10-07T16:18:42.1515483Z   GH_TOKEN: ***
job-core	Install Node.js	2025-10-07T16:18:42.1515733Z   KAOS_JSONLINT_CONFIG: core/config/.jsonlint.json
job-core	Install Node.js	2025-10-07T16:18:42.1516092Z   KAOS_PATH_RESUME: audit/jsonlint/
job-core	Install Node.js	2025-10-07T16:18:42.1516393Z   KAOS_REPO: /actions-runner/_work/kaos/kaos
job-core	Install Node.js	2025-10-07T16:18:42.1516699Z   KAOS_STEP_MODULE: 
job-core	Install Node.js	2025-10-07T16:18:42.1516919Z   KAOS_CODE: 18319054909
job-core	Install Node.js	2025-10-07T16:18:42.1517146Z   KAOS_REF_BRANCH: main
job-core	Install Node.js	2025-10-07T16:18:42.1517451Z ##[endgroup]
job-core	Install Node.js	2025-10-07T16:18:43.7039096Z Attempting to download 14...
job-core	Install Node.js	2025-10-07T16:18:45.2075675Z Acquiring 14.21.3 - x64 from https://github.com/actions/node-versions/releases/download/14.21.3-4202774076/node-14.21.3-linux-x64.tar.gz
job-core	Install Node.js	2025-10-07T16:18:49.1779944Z Extracting ...
job-core	Install Node.js	2025-10-07T16:18:49.2951612Z [command]/usr/bin/tar xz --strip 1 --warning=no-unknown-keyword --overwrite -C /home/runner/_work/_temp/ddc161b1-93ad-4d83-8645-8a84b024066c -f /home/runner/_work/_temp/22940cdb-8390-4c95-bed1-04e9cb939950
job-core	Install Node.js	2025-10-07T16:18:55.5518644Z Adding to the cache ...
job-core	Install Node.js	2025-10-07T16:19:29.0850830Z Done
job-core	Install jsonlint	Ôªø2025-10-07T16:19:29.3273944Z ##[group]Run if ! command -v jsonlint &> /dev/null; then
job-core	Install jsonlint	2025-10-07T16:19:29.3275063Z [36;1mif ! command -v jsonlint &> /dev/null; then[0m
job-core	Install jsonlint	2025-10-07T16:19:29.3275402Z [36;1m  echo "Installing jsonlint..."[0m
job-core	Install jsonlint	2025-10-07T16:19:29.3275693Z [36;1m  npm install -g jsonlint[0m
job-core	Install jsonlint	2025-10-07T16:19:29.3275954Z [36;1melse[0m
job-core	Install jsonlint	2025-10-07T16:19:29.3276242Z [36;1m  echo "jsonlint already installed, skipping installation"[0m
job-core	Install jsonlint	2025-10-07T16:19:29.3276593Z [36;1mfi[0m
job-core	Install jsonlint	2025-10-07T16:19:29.3276808Z [36;1mmkdir -p audit/jsonlint/[0m
job-core	Install jsonlint	2025-10-07T16:19:29.3614583Z shell: /usr/bin/bash -e {0}
job-core	Install jsonlint	2025-10-07T16:19:29.3614938Z env:
job-core	Install jsonlint	2025-10-07T16:19:29.3615148Z   KAOS_MODULE: [Ka0S] JSONLINT
job-core	Install jsonlint	2025-10-07T16:19:29.3615675Z   GH_TOKEN: ***
job-core	Install jsonlint	2025-10-07T16:19:29.3615930Z   KAOS_JSONLINT_CONFIG: core/config/.jsonlint.json
job-core	Install jsonlint	2025-10-07T16:19:29.3616251Z   KAOS_PATH_RESUME: audit/jsonlint/
job-core	Install jsonlint	2025-10-07T16:19:29.3616548Z   KAOS_REPO: /actions-runner/_work/kaos/kaos
job-core	Install jsonlint	2025-10-07T16:19:29.3616843Z   KAOS_STEP_MODULE: 
job-core	Install jsonlint	2025-10-07T16:19:29.3617161Z   KAOS_CODE: 18319054909
job-core	Install jsonlint	2025-10-07T16:19:29.3617562Z   KAOS_REF_BRANCH: main
job-core	Install jsonlint	2025-10-07T16:19:29.3617792Z ##[endgroup]
job-core	Install jsonlint	2025-10-07T16:19:29.4888588Z Installing jsonlint...
job-core	Install jsonlint	2025-10-07T16:19:37.3912620Z npm WARN deprecated nomnom@1.8.1: Package no longer supported. Contact support@npmjs.com for more info.
job-core	Install jsonlint	2025-10-07T16:19:41.3362414Z /home/runner/_work/_tool/node/14.21.3/x64/bin/jsonlint -> /home/runner/_work/_tool/node/14.21.3/x64/lib/node_modules/jsonlint/lib/cli.js
job-core	Install jsonlint	2025-10-07T16:19:41.3773140Z + jsonlint@1.6.3
job-core	Install jsonlint	2025-10-07T16:19:41.3774306Z added 8 packages from 5 contributors in 6.062s
job-core	Check JSON	Ôªø2025-10-07T16:19:41.5517120Z ##[group]Run # Invocamos la primera comprobaci√≥n de base, sino se supera el proceso no continua
job-core	Check JSON	2025-10-07T16:19:41.5518176Z [36;1m# Invocamos la primera comprobaci√≥n de base, sino se supera el proceso no continua[0m
job-core	Check JSON	2025-10-07T16:19:41.5518664Z [36;1m# Extraemos el nombre del fichero[0m
job-core	Check JSON	2025-10-07T16:19:41.5519031Z [36;1mfile_name=$(basename "audit/inspector/18317758002.json")[0m
job-core	Check JSON	2025-10-07T16:19:41.5519429Z [36;1m# Generamos el fichero de resultados vacio[0m
job-core	Check JSON	2025-10-07T16:19:41.5519874Z [36;1mtouch audit/jsonlint/jsonlint-results-18319054909.txt[0m
job-core	Check JSON	2025-10-07T16:19:41.5677521Z [36;1m# Realizamos el check del documento json [0m
job-core	Check JSON	2025-10-07T16:19:41.5678581Z [36;1mjsonlint --pretty-print audit/inspector/18317758002.json > audit/jsonlint/jsonlint-results-18319054909.txt || true[0m
job-core	Check JSON	2025-10-07T16:19:41.5679217Z [36;1m# Check if exist errors in file[0m
job-core	Check JSON	2025-10-07T16:19:41.5679626Z [36;1mif [ ! -s audit/jsonlint/jsonlint-results-18319054909.txt ]; then[0m
job-core	Check JSON	2025-10-07T16:19:41.5680258Z [36;1m  echo "File audit/jsonlint/jsonlint-results-18319054909.txt is empty and is content correct"[0m
job-core	Check JSON	2025-10-07T16:19:41.5681639Z [36;1m  KAOS_ISSUE_BODY="The [Ka0S] JSONLINT process (18319033750) launch the check (18319054909) over file (audit/inspector/18317758002.json) and its result has been SUCCESS. Please review all files implicated in pull request and approve to merge"[0m
job-core	Check JSON	2025-10-07T16:19:41.5682849Z [36;1m  # A√±adimos la versi√≥n de jsonlint con la que se realiza la comprobacion[0m
job-core	Check JSON	2025-10-07T16:19:41.5683449Z [36;1m  jsonlint --version >> audit/jsonlint/jsonlint-results-18319054909.txt[0m
job-core	Check JSON	2025-10-07T16:19:41.5683991Z [36;1m  # a√±adimos el nombre del fichero que vamos a comprobar[0m
job-core	Check JSON	2025-10-07T16:19:41.5684638Z [36;1m  echo "Finding: audit/inspector/18317758002.json" >> audit/jsonlint/jsonlint-results-18319054909.txt[0m
job-core	Check JSON	2025-10-07T16:19:41.5685297Z [36;1m  gh issue comment  1646 -b "$KAOS_ISSUE_BODY" [0m
job-core	Check JSON	2025-10-07T16:19:41.5685658Z [36;1melse[0m
job-core	Check JSON	2025-10-07T16:19:41.5685975Z [36;1m  cat audit/jsonlint/jsonlint-results-18319054909.txt[0m
job-core	Check JSON	2025-10-07T16:19:41.5686754Z [36;1m  echo "File audit/jsonlint/jsonlint-results-18319054909.txt is not empty and is content not correct and write commit info"[0m
job-core	Check JSON	2025-10-07T16:19:41.5688077Z [36;1m  KAOS_ISSUE_BODY="The [Ka0S] JSONLINT process (18319033750) launch the check (18319054909) over file (audit/inspector/18317758002.json) and its result has been FAILED, please check and solved it"[0m
job-core	Check JSON	2025-10-07T16:19:41.5689521Z [36;1m  # A√±adimos la versi√≥n de jsonlint con la que se realiza la comprobacion[0m
job-core	Check JSON	2025-10-07T16:19:41.5690093Z [36;1m  jsonlint --version || true >> audit/jsonlint/jsonlint-results-18319054909.txt[0m
job-core	Check JSON	2025-10-07T16:19:41.5690616Z [36;1m  # a√±adimos el nombre del fichero que vamos a comprobar[0m
job-core	Check JSON	2025-10-07T16:19:41.5691241Z [36;1m  echo "Finding: audit/inspector/18317758002.json" >> audit/jsonlint/jsonlint-results-18319054909.txt[0m
job-core	Check JSON	2025-10-07T16:19:41.5691887Z [36;1m  gh issue comment  1646 -b "$KAOS_ISSUE_BODY" [0m
job-core	Check JSON	2025-10-07T16:19:41.5692261Z [36;1mfi[0m
job-core	Check JSON	2025-10-07T16:19:41.5692542Z [36;1mecho "Uploading files to the repository..."[0m
job-core	Check JSON	2025-10-07T16:19:41.5693338Z [36;1mgit config --global user.name "***"[0m
job-core	Check JSON	2025-10-07T16:19:41.5693809Z [36;1mgit config --global user.email "***"[0m
job-core	Check JSON	2025-10-07T16:19:41.5694151Z [36;1mgit pull --rebase[0m
job-core	Check JSON	2025-10-07T16:19:41.5694425Z [36;1mgit add audit/jsonlint/*[0m
job-core	Check JSON	2025-10-07T16:19:41.5694730Z [36;1mif ! git diff --staged --quiet; then[0m
job-core	Check JSON	2025-10-07T16:19:41.5695265Z [36;1m  git commit -m "[Ka0S] Uploading jsonlint resume execution files to the repository..."[0m
job-core	Check JSON	2025-10-07T16:19:41.5695955Z [36;1m  git push origin refs/heads/H1646-modulo-de-control-de-runners --force-with-lease[0m
job-core	Check JSON	2025-10-07T16:19:41.5696439Z [36;1mfi[0m
job-core	Check JSON	2025-10-07T16:19:41.6003592Z shell: /usr/bin/bash -e {0}
job-core	Check JSON	2025-10-07T16:19:41.6003912Z env:
job-core	Check JSON	2025-10-07T16:19:41.6004128Z   KAOS_MODULE: [Ka0S] JSONLINT
job-core	Check JSON	2025-10-07T16:19:41.6004735Z   GH_TOKEN: ***
job-core	Check JSON	2025-10-07T16:19:41.6004998Z   KAOS_JSONLINT_CONFIG: core/config/.jsonlint.json
job-core	Check JSON	2025-10-07T16:19:41.6005709Z   KAOS_PATH_RESUME: audit/jsonlint/
job-core	Check JSON	2025-10-07T16:19:41.6006010Z   KAOS_REPO: /actions-runner/_work/kaos/kaos
job-core	Check JSON	2025-10-07T16:19:41.6006312Z   KAOS_STEP_MODULE: 
job-core	Check JSON	2025-10-07T16:19:41.6006547Z   KAOS_CODE: 18319054909
job-core	Check JSON	2025-10-07T16:19:41.6006794Z   KAOS_REF_BRANCH: main
job-core	Check JSON	2025-10-07T16:19:41.6007038Z ##[endgroup]
job-core	Check JSON	2025-10-07T16:19:43.4343016Z {
job-core	Check JSON	2025-10-07T16:19:43.4648914Z   "conclusion": "success",
job-core	Check JSON	2025-10-07T16:19:43.4649480Z   "createdAt": "2025-10-07T15:27:09Z",
job-core	Check JSON	2025-10-07T16:19:43.4649771Z   "databaseId": 18317758002,
job-core	Check JSON	2025-10-07T16:19:43.4650052Z   "event": "workflow_dispatch",
job-core	Check JSON	2025-10-07T16:19:43.4650355Z   "headBranch": "main",
job-core	Check JSON	2025-10-07T16:19:43.4650717Z   "headSha": "f08b79f9f96b138c0f070cca0cdab22754b876e6",
job-core	Check JSON	2025-10-07T16:19:43.4651086Z   "name": "Ka0s Scan Images",
job-core	Check JSON	2025-10-07T16:19:43.4651371Z   "status": "completed",
job-core	Check JSON	2025-10-07T16:19:43.4651679Z   "updatedAt": "2025-10-07T15:30:39Z",
job-core	Check JSON	2025-10-07T16:19:43.4652139Z   "url": "https://github.com/Ka0s-Klaus/ka0s/actions/runs/18317758002",
job-core	Check JSON	2025-10-07T16:19:43.4652852Z   "workflowDatabaseId": 192167605
job-core	Check JSON	2025-10-07T16:19:43.4653483Z }
job-core	Check JSON	2025-10-07T16:19:43.4654285Z File audit/jsonlint/jsonlint-results-18319054909.txt is not empty and is content not correct and write commit info
job-core	Check JSON	2025-10-07T16:19:44.9268092Z 1.6.3
job-core	Check JSON	2025-10-07T16:19:46.5415989Z https://github.com/Ka0s-Klaus/ka0s/issues/1646#issuecomment-3377626368
job-core	Check JSON	2025-10-07T16:19:46.5518591Z Uploading files to the repository...
job-core	Check JSON	2025-10-07T16:19:49.1371288Z From https://github.com/Ka0s-Klaus/ka0s
job-core	Check JSON	2025-10-07T16:19:49.1372079Z    903759d5..aa6c71f1  H1646-modulo-de-control-de-runners -> origin/H1646-modulo-de-control-de-runners
job-core	Check JSON	2025-10-07T16:19:49.1372660Z    f95bd081..4dc177a9  main       -> origin/main
job-core	Check JSON	2025-10-07T16:19:49.2251561Z Updating 903759d5..aa6c71f1
job-core	Check JSON	2025-10-07T16:19:49.2252322Z Fast-forward
job-core	Check JSON	2025-10-07T16:19:49.2953253Z  audit/jsonlint/jsonlint-results-18319053452.txt |  14 +
job-core	Check JSON	2025-10-07T16:19:49.2954109Z  audit/jsonlint/jsonlint-results-18319059916.txt |  14 +
job-core	Check JSON	2025-10-07T16:19:49.2958669Z  audit/jsonlint/jsonlint-results-18319062074.txt |  14 +
job-core	Check JSON	2025-10-07T16:19:49.2960595Z  audit/jsonlint/jsonlint-results-18319073636.txt | 354 ++++++++++++++++++++++++
job-core	Check JSON	2025-10-07T16:19:49.2961195Z  audit/jsonlint/jsonlint-results-18319074101.txt | 178 ++++++++++++
job-core	Check JSON	2025-10-07T16:19:49.2961737Z  audit/jsonlint/jsonlint-results-18319074357.txt | 178 ++++++++++++
job-core	Check JSON	2025-10-07T16:19:49.2962312Z  audit/jsonlint/jsonlint-results-18319075007.txt | 354 ++++++++++++++++++++++++
job-core	Check JSON	2025-10-07T16:19:49.2963312Z  audit/jsonlint/jsonlint-results-18319079972.txt | 336 ++++++++++++++++++++++
job-core	Check JSON	2025-10-07T16:19:49.2963806Z  audit/mdlint/18319073026.txt                    |   4 +
job-core	Check JSON	2025-10-07T16:19:49.2964154Z  9 files changed, 1446 insertions(+)
job-core	Check JSON	2025-10-07T16:19:49.2964577Z  create mode 100644 audit/jsonlint/jsonlint-results-18319053452.txt
job-core	Check JSON	2025-10-07T16:19:49.2965090Z  create mode 100644 audit/jsonlint/jsonlint-results-18319059916.txt
job-core	Check JSON	2025-10-07T16:19:49.2965605Z  create mode 100644 audit/jsonlint/jsonlint-results-18319062074.txt
job-core	Check JSON	2025-10-07T16:19:49.2966135Z  create mode 100644 audit/jsonlint/jsonlint-results-18319073636.txt
job-core	Check JSON	2025-10-07T16:19:49.2966645Z  create mode 100644 audit/jsonlint/jsonlint-results-18319074101.txt
job-core	Check JSON	2025-10-07T16:19:49.2967147Z  create mode 100644 audit/jsonlint/jsonlint-results-18319074357.txt
job-core	Check JSON	2025-10-07T16:19:49.2967922Z  create mode 100644 audit/jsonlint/jsonlint-results-18319075007.txt
job-core	Check JSON	2025-10-07T16:19:49.2968429Z  create mode 100644 audit/jsonlint/jsonlint-results-18319079972.txt
job-core	Check JSON	2025-10-07T16:19:49.2968868Z  create mode 100644 audit/mdlint/18319073026.txt
job-core	Check JSON	2025-10-07T16:19:49.4610247Z [H1646-modulo-de-control-de-runners 0a25497d] [Ka0S] Uploading jsonlint resume execution files to the repository...
job-core	Check JSON	2025-10-07T16:19:49.4780636Z  1 file changed, 14 insertions(+)
job-core	Check JSON	2025-10-07T16:19:49.4781623Z  create mode 100644 audit/jsonlint/jsonlint-results-18319054909.txt
job-core	Check JSON	2025-10-07T16:19:50.8158623Z To https://github.com/Ka0s-Klaus/ka0s
job-core	Check JSON	2025-10-07T16:19:50.8209891Z    aa6c71f1..0a25497d  H1646-modulo-de-control-de-runners -> H1646-modulo-de-control-de-runners
job-core	Post Install Node.js	Ôªø2025-10-07T16:19:51.0319715Z Post job cleanup.
job-core	Post Checkout code	Ôªø2025-10-07T16:19:53.7383326Z Post job cleanup.
job-core	Post Checkout code	2025-10-07T16:19:55.8938454Z [command]/usr/bin/git version
job-core	Post Checkout code	2025-10-07T16:19:56.0327058Z git version 2.51.0
job-core	Post Checkout code	2025-10-07T16:19:56.0544655Z Copying '/home/runner/.gitconfig' to '/home/runner/_work/_temp/3c01af46-67ea-4d36-a1bf-a2e5f401e476/.gitconfig'
job-core	Post Checkout code	2025-10-07T16:19:56.0842248Z Temporarily overriding HOME='/home/runner/_work/_temp/3c01af46-67ea-4d36-a1bf-a2e5f401e476' before making global git config changes
job-core	Post Checkout code	2025-10-07T16:19:56.0936006Z Adding repository directory to the temporary git global config as a safe directory
job-core	Post Checkout code	2025-10-07T16:19:56.1028538Z [command]/usr/bin/git config --global --add safe.directory /home/runner/_work/ka0s/ka0s
job-core	Post Checkout code	2025-10-07T16:19:56.1922887Z [command]/usr/bin/git config --local --name-only --get-regexp core\.sshCommand
job-core	Post Checkout code	2025-10-07T16:19:56.3214801Z [command]/usr/bin/git submodule foreach --recursive sh -c "git config --local --name-only --get-regexp 'core\.sshCommand' && git config --local --unset-all 'core.sshCommand' || :"
job-core	Post Checkout code	2025-10-07T16:19:57.0596259Z [command]/usr/bin/git config --local --name-only --get-regexp http\.https\:\/\/github\.com\/\.extraheader
job-core	Post Checkout code	2025-10-07T16:19:57.1102721Z http.https://github.com/.extraheader
job-core	Post Checkout code	2025-10-07T16:19:57.1108229Z [command]/usr/bin/git config --local --unset-all http.https://github.com/.extraheader
job-core	Post Checkout code	2025-10-07T16:19:57.2135948Z [command]/usr/bin/git submodule foreach --recursive sh -c "git config --local --name-only --get-regexp 'http\.https\:\/\/github\.com\/\.extraheader' && git config --local --unset-all 'http.https://github.com/.extraheader' || :"
job-core	Complete job	Ôªø2025-10-07T16:19:57.7915618Z Cleaning up orphan processes
handle-success	Set up job	Ôªø2025-10-07T16:20:20.3487226Z Current runner version: '2.328.0'
handle-success	Set up job	2025-10-07T16:20:20.3615735Z Runner name: 'd13193b405d2'
handle-success	Set up job	2025-10-07T16:20:20.3617023Z Runner group name: 'swarm-runners'
handle-success	Set up job	2025-10-07T16:20:20.3618250Z Machine name: 'd13193b405d2'
handle-success	Set up job	2025-10-07T16:20:20.3900260Z ##[group]GITHUB_TOKEN Permissions
handle-success	Set up job	2025-10-07T16:20:20.3903534Z Actions: write
handle-success	Set up job	2025-10-07T16:20:20.3904198Z Contents: write
handle-success	Set up job	2025-10-07T16:20:20.3904958Z Issues: write
handle-success	Set up job	2025-10-07T16:20:20.3905536Z Metadata: read
handle-success	Set up job	2025-10-07T16:20:20.3906118Z PullRequests: write
handle-success	Set up job	2025-10-07T16:20:20.3907297Z ##[endgroup]
handle-success	Set up job	2025-10-07T16:20:20.3910604Z Secret source: Actions
handle-success	Set up job	2025-10-07T16:20:20.3911728Z Prepare workflow directory
handle-success	Set up job	2025-10-07T16:20:22.3930598Z Prepare all required actions
handle-success	Set up job	2025-10-07T16:20:22.5211848Z Getting action download info
handle-success	Set up job	2025-10-07T16:20:25.2925539Z Download action repository 'actions/checkout@v4' (SHA:08eba0b27e820071cde6df949e0beb9ba4906955)
handle-success	Set up job	2025-10-07T16:20:27.9432456Z Complete job name: handle-success
handle-success	Checkout code	Ôªø2025-10-07T16:20:29.8052714Z ##[group]Run actions/checkout@v4
handle-success	Checkout code	2025-10-07T16:20:29.8054223Z with:
handle-success	Checkout code	2025-10-07T16:20:29.8054910Z   fetch-depth: 0
handle-success	Checkout code	2025-10-07T16:20:29.8056111Z   token: ***
handle-success	Checkout code	2025-10-07T16:20:29.8056804Z   repository: Ka0s-Klaus/ka0s
handle-success	Checkout code	2025-10-07T16:20:29.8146958Z   ssh-strict: true
handle-success	Checkout code	2025-10-07T16:20:29.8148142Z   ssh-user: git
handle-success	Checkout code	2025-10-07T16:20:29.8148858Z   persist-credentials: true
handle-success	Checkout code	2025-10-07T16:20:29.8149610Z   clean: true
handle-success	Checkout code	2025-10-07T16:20:29.8150323Z   sparse-checkout-cone-mode: true
handle-success	Checkout code	2025-10-07T16:20:29.8151182Z   fetch-tags: false
handle-success	Checkout code	2025-10-07T16:20:29.8151924Z   show-progress: true
handle-success	Checkout code	2025-10-07T16:20:29.8152646Z   lfs: false
handle-success	Checkout code	2025-10-07T16:20:29.8153378Z   submodules: false
handle-success	Checkout code	2025-10-07T16:20:29.8154154Z   set-safe-directory: true
handle-success	Checkout code	2025-10-07T16:20:29.8155570Z env:
handle-success	Checkout code	2025-10-07T16:20:29.8156292Z   KAOS_MODULE: [Ka0S] JSONLINT
handle-success	Checkout code	2025-10-07T16:20:29.8249459Z   GH_TOKEN: ***
handle-success	Checkout code	2025-10-07T16:20:29.8250883Z   KAOS_JSONLINT_CONFIG: core/config/.jsonlint.json
handle-success	Checkout code	2025-10-07T16:20:29.8251797Z   KAOS_PATH_RESUME: audit/jsonlint/
handle-success	Checkout code	2025-10-07T16:20:29.8252818Z   KAOS_REPO: /actions-runner/_work/kaos/kaos
handle-success	Checkout code	2025-10-07T16:20:29.8253700Z   KAOS_STEP_MODULE: 
handle-success	Checkout code	2025-10-07T16:20:29.8254466Z   KAOS_CODE: 18319054909
handle-success	Checkout code	2025-10-07T16:20:29.8255226Z   KAOS_REF_BRANCH: main
handle-success	Checkout code	2025-10-07T16:20:29.8255967Z ##[endgroup]
handle-success	Checkout code	2025-10-07T16:20:32.2799577Z Syncing repository: Ka0s-Klaus/ka0s
handle-success	Checkout code	2025-10-07T16:20:32.2802299Z ##[group]Getting Git version info
handle-success	Checkout code	2025-10-07T16:20:32.2803280Z Working directory is '/home/runner/_work/ka0s/ka0s'
handle-success	Checkout code	2025-10-07T16:20:32.2804702Z [command]/usr/bin/git version
handle-success	Checkout code	2025-10-07T16:20:32.2805533Z git version 2.51.0
handle-success	Checkout code	2025-10-07T16:20:32.2876121Z ##[endgroup]
handle-success	Checkout code	2025-10-07T16:20:32.3063533Z Copying '/home/runner/.gitconfig' to '/home/runner/_work/_temp/e0ec3bc6-434e-48a1-95b5-a193e97dadd3/.gitconfig'
handle-success	Checkout code	2025-10-07T16:20:32.3529228Z Temporarily overriding HOME='/home/runner/_work/_temp/e0ec3bc6-434e-48a1-95b5-a193e97dadd3' before making global git config changes
handle-success	Checkout code	2025-10-07T16:20:32.3560080Z Adding repository directory to the temporary git global config as a safe directory
handle-success	Checkout code	2025-10-07T16:20:32.3584225Z [command]/usr/bin/git config --global --add safe.directory /home/runner/_work/ka0s/ka0s
handle-success	Checkout code	2025-10-07T16:20:32.3966111Z [command]/usr/bin/git config --local --get remote.origin.url
handle-success	Checkout code	2025-10-07T16:20:32.4946850Z https://github.com/Ka0s-Klaus/ka0s
handle-success	Checkout code	2025-10-07T16:20:32.5190366Z ##[group]Removing previously created refs, to avoid conflicts
handle-success	Checkout code	2025-10-07T16:20:32.5369658Z [command]/usr/bin/git rev-parse --symbolic-full-name --verify --quiet HEAD
handle-success	Checkout code	2025-10-07T16:20:32.5536879Z refs/heads/H1646-modulo-de-control-de-runners
handle-success	Checkout code	2025-10-07T16:20:32.5761145Z [command]/usr/bin/git checkout --detach
handle-success	Checkout code	2025-10-07T16:20:32.6673482Z HEAD is now at 903759d5 [Ka0S] Uploading resume execution files to the repository...
handle-success	Checkout code	2025-10-07T16:20:32.7914368Z [command]/usr/bin/git branch --delete --force H1646-modulo-de-control-de-runners
handle-success	Checkout code	2025-10-07T16:20:32.8582926Z Deleted branch H1646-modulo-de-control-de-runners (was 903759d5).
handle-success	Checkout code	2025-10-07T16:20:32.9722372Z ##[endgroup]
handle-success	Checkout code	2025-10-07T16:20:32.9745619Z [command]/usr/bin/git submodule status
handle-success	Checkout code	2025-10-07T16:20:33.6444914Z ##[group]Cleaning the repository
handle-success	Checkout code	2025-10-07T16:20:33.6519668Z [command]/usr/bin/git clean -ffdx
handle-success	Checkout code	2025-10-07T16:20:33.7552280Z [command]/usr/bin/git reset --hard HEAD
handle-success	Checkout code	2025-10-07T16:20:33.9120069Z HEAD is now at 903759d5 [Ka0S] Uploading resume execution files to the repository...
handle-success	Checkout code	2025-10-07T16:20:33.9491686Z ##[endgroup]
handle-success	Checkout code	2025-10-07T16:20:33.9540542Z ##[group]Disabling automatic garbage collection
handle-success	Checkout code	2025-10-07T16:20:33.9652844Z [command]/usr/bin/git config --local gc.auto 0
handle-success	Checkout code	2025-10-07T16:20:34.0388900Z ##[endgroup]
handle-success	Checkout code	2025-10-07T16:20:34.0390390Z ##[group]Setting up auth
handle-success	Checkout code	2025-10-07T16:20:34.0730116Z [command]/usr/bin/git config --local --name-only --get-regexp core\.sshCommand
handle-success	Checkout code	2025-10-07T16:20:34.2494883Z [command]/usr/bin/git submodule foreach --recursive sh -c "git config --local --name-only --get-regexp 'core\.sshCommand' && git config --local --unset-all 'core.sshCommand' || :"
handle-success	Checkout code	2025-10-07T16:20:34.9348019Z [command]/usr/bin/git config --local --name-only --get-regexp http\.https\:\/\/github\.com\/\.extraheader
handle-success	Checkout code	2025-10-07T16:20:35.0131732Z [command]/usr/bin/git submodule foreach --recursive sh -c "git config --local --name-only --get-regexp 'http\.https\:\/\/github\.com\/\.extraheader' && git config --local --unset-all 'http.https://github.com/.extraheader' || :"
handle-success	Checkout code	2025-10-07T16:20:35.6431349Z [command]/usr/bin/git config --local http.https://github.com/.extraheader AUTHORIZATION: basic ***
handle-success	Checkout code	2025-10-07T16:20:35.7493062Z ##[endgroup]
handle-success	Checkout code	2025-10-07T16:20:35.7523934Z ##[group]Fetching the repository
handle-success	Checkout code	2025-10-07T16:20:35.7662724Z [command]/usr/bin/git -c protocol.version=2 fetch --prune --no-recurse-submodules origin +refs/heads/*:refs/remotes/origin/* +refs/tags/*:refs/tags/*
handle-success	Checkout code	2025-10-07T16:20:38.6715978Z From https://github.com/Ka0s-Klaus/ka0s
handle-success	Checkout code	2025-10-07T16:20:38.6720300Z    903759d5..8722b97b  H1646-modulo-de-control-de-runners -> origin/H1646-modulo-de-control-de-runners
handle-success	Checkout code	2025-10-07T16:20:38.7352861Z [command]/usr/bin/git branch --list --remote origin/H1646-modulo-de-control-de-runners
handle-success	Checkout code	2025-10-07T16:20:38.7990166Z   origin/H1646-modulo-de-control-de-runners
handle-success	Checkout code	2025-10-07T16:20:38.8074909Z [command]/usr/bin/git rev-parse refs/remotes/origin/H1646-modulo-de-control-de-runners
handle-success	Checkout code	2025-10-07T16:20:38.9399277Z 8722b97bf07bf9c6deaf80229b4c808de7286126
handle-success	Checkout code	2025-10-07T16:20:39.0141074Z [command]/usr/bin/git -c protocol.version=2 fetch --no-tags --prune --no-recurse-submodules origin +903759d54158e6df6241d433e53583757719978a:refs/remotes/origin/H1646-modulo-de-control-de-runners
handle-success	Checkout code	2025-10-07T16:20:39.4263726Z From https://github.com/Ka0s-Klaus/ka0s
handle-success	Checkout code	2025-10-07T16:20:39.4268238Z  + 8722b97b...903759d5 903759d54158e6df6241d433e53583757719978a -> origin/H1646-modulo-de-control-de-runners  (forced update)
handle-success	Checkout code	2025-10-07T16:20:39.5281655Z ##[endgroup]
handle-success	Checkout code	2025-10-07T16:20:39.5283651Z ##[group]Determining the checkout info
handle-success	Checkout code	2025-10-07T16:20:39.5285123Z ##[endgroup]
handle-success	Checkout code	2025-10-07T16:20:39.5285961Z [command]/usr/bin/git sparse-checkout disable
handle-success	Checkout code	2025-10-07T16:20:39.6160127Z [command]/usr/bin/git config --local --unset-all extensions.worktreeConfig
handle-success	Checkout code	2025-10-07T16:20:39.6803758Z ##[group]Checking out the ref
handle-success	Checkout code	2025-10-07T16:20:39.7129377Z [command]/usr/bin/git checkout --progress --force -B H1646-modulo-de-control-de-runners refs/remotes/origin/H1646-modulo-de-control-de-runners
handle-success	Checkout code	2025-10-07T16:20:39.8816483Z Switched to a new branch 'H1646-modulo-de-control-de-runners'
handle-success	Checkout code	2025-10-07T16:20:39.8914638Z branch 'H1646-modulo-de-control-de-runners' set up to track 'origin/H1646-modulo-de-control-de-runners'.
handle-success	Checkout code	2025-10-07T16:20:39.8918425Z ##[endgroup]
handle-success	Checkout code	2025-10-07T16:20:40.0283328Z [command]/usr/bin/git log -1 --format=%H
handle-success	Checkout code	2025-10-07T16:20:40.0665327Z 903759d54158e6df6241d433e53583757719978a
handle-success	handle-success-execution	Ôªø2025-10-07T16:20:40.4210275Z ##[group]Run # Si todo ha ido correcto a√±adimos el contenido del fichero 
handle-success	handle-success-execution	2025-10-07T16:20:40.4212141Z [36;1m# Si todo ha ido correcto a√±adimos el contenido del fichero [0m
handle-success	handle-success-execution	2025-10-07T16:20:40.4213972Z [36;1mRNNUMBER=$(echo "refs/heads/H1646-modulo-de-control-de-runners" | grep -o '[0-9]*')[0m
handle-success	handle-success-execution	2025-10-07T16:20:40.4216784Z [36;1mgh issue comment $RNNUMBER --body "El proceso ha finalizado correctamente 18319054909. El resultado est√° en el fichero 18319054909.log"[0m
handle-success	handle-success-execution	2025-10-07T16:20:40.4430097Z shell: /usr/bin/bash -e {0}
handle-success	handle-success-execution	2025-10-07T16:20:40.4430950Z env:
handle-success	handle-success-execution	2025-10-07T16:20:40.4431468Z   KAOS_MODULE: [Ka0S] JSONLINT
handle-success	handle-success-execution	2025-10-07T16:20:40.4432706Z   GH_TOKEN: ***
handle-success	handle-success-execution	2025-10-07T16:20:40.4433415Z   KAOS_JSONLINT_CONFIG: core/config/.jsonlint.json
handle-success	handle-success-execution	2025-10-07T16:20:40.4434408Z   KAOS_PATH_RESUME: audit/jsonlint/
handle-success	handle-success-execution	2025-10-07T16:20:40.4435262Z   KAOS_REPO: /actions-runner/_work/kaos/kaos
handle-success	handle-success-execution	2025-10-07T16:20:40.4436141Z   KAOS_STEP_MODULE: 
handle-success	handle-success-execution	2025-10-07T16:20:40.4436747Z   KAOS_CODE: 18319054909
handle-success	handle-success-execution	2025-10-07T16:20:40.4437551Z   KAOS_REF_BRANCH: main
handle-success	handle-success-execution	2025-10-07T16:20:40.4438401Z ##[endgroup]
handle-success	handle-success-execution	2025-10-07T16:20:42.3149600Z https://github.com/Ka0s-Klaus/ka0s/issues/1646#issuecomment-3377632276
handle-success	Post Checkout code	Ôªø2025-10-07T16:20:42.5714873Z Post job cleanup.
handle-success	Post Checkout code	2025-10-07T16:20:44.7288591Z [command]/usr/bin/git version
handle-success	Post Checkout code	2025-10-07T16:20:44.8408992Z git version 2.51.0
handle-success	Post Checkout code	2025-10-07T16:20:44.9220387Z Copying '/home/runner/.gitconfig' to '/home/runner/_work/_temp/ce8c3560-007c-4f34-8dd5-005ef9968232/.gitconfig'
handle-success	Post Checkout code	2025-10-07T16:20:44.9223260Z Temporarily overriding HOME='/home/runner/_work/_temp/ce8c3560-007c-4f34-8dd5-005ef9968232' before making global git config changes
handle-success	Post Checkout code	2025-10-07T16:20:44.9475674Z Adding repository directory to the temporary git global config as a safe directory
handle-success	Post Checkout code	2025-10-07T16:20:44.9481273Z [command]/usr/bin/git config --global --add safe.directory /home/runner/_work/ka0s/ka0s
handle-success	Post Checkout code	2025-10-07T16:20:45.0365066Z [command]/usr/bin/git config --local --name-only --get-regexp core\.sshCommand
handle-success	Post Checkout code	2025-10-07T16:20:45.1131985Z [command]/usr/bin/git submodule foreach --recursive sh -c "git config --local --name-only --get-regexp 'core\.sshCommand' && git config --local --unset-all 'core.sshCommand' || :"
handle-success	Post Checkout code	2025-10-07T16:20:45.4996313Z [command]/usr/bin/git config --local --name-only --get-regexp http\.https\:\/\/github\.com\/\.extraheader
handle-success	Post Checkout code	2025-10-07T16:20:45.5839946Z http.https://github.com/.extraheader
handle-success	Post Checkout code	2025-10-07T16:20:45.5844410Z [command]/usr/bin/git config --local --unset-all http.https://github.com/.extraheader
handle-success	Post Checkout code	2025-10-07T16:20:45.6206131Z [command]/usr/bin/git submodule foreach --recursive sh -c "git config --local --name-only --get-regexp 'http\.https\:\/\/github\.com\/\.extraheader' && git config --local --unset-all 'http.https://github.com/.extraheader' || :"
handle-success	Complete job	Ôªø2025-10-07T16:20:46.3795106Z Cleaning up orphan processes
end-workflow	Set up job	Ôªø2025-10-07T16:20:57.0835351Z Current runner version: '2.328.0'
end-workflow	Set up job	2025-10-07T16:20:57.1084790Z Runner name: '17931c5c7d60'
end-workflow	Set up job	2025-10-07T16:20:57.1375166Z Runner group name: 'swarm-runners'
end-workflow	Set up job	2025-10-07T16:20:57.1376872Z Machine name: '17931c5c7d60'
end-workflow	Set up job	2025-10-07T16:20:57.1381239Z ##[group]GITHUB_TOKEN Permissions
end-workflow	Set up job	2025-10-07T16:20:57.1385188Z Actions: write
end-workflow	Set up job	2025-10-07T16:20:57.1385991Z Contents: write
end-workflow	Set up job	2025-10-07T16:20:57.1386554Z Issues: write
end-workflow	Set up job	2025-10-07T16:20:57.1387113Z Metadata: read
end-workflow	Set up job	2025-10-07T16:20:57.1752930Z PullRequests: write
end-workflow	Set up job	2025-10-07T16:20:57.1753810Z ##[endgroup]
end-workflow	Set up job	2025-10-07T16:20:57.1848124Z Secret source: Actions
end-workflow	Set up job	2025-10-07T16:20:57.1853859Z Prepare workflow directory
end-workflow	Set up job	2025-10-07T16:20:59.0697856Z Prepare all required actions
end-workflow	Set up job	2025-10-07T16:20:59.1266678Z Getting action download info
end-workflow	Set up job	2025-10-07T16:21:01.2632182Z Download action repository 'actions/checkout@v4' (SHA:08eba0b27e820071cde6df949e0beb9ba4906955)
end-workflow	Set up job	2025-10-07T16:21:03.5092957Z Complete job name: end-workflow
end-workflow	Checkout code	Ôªø2025-10-07T16:21:04.3949560Z ##[group]Run actions/checkout@v4
end-workflow	Checkout code	2025-10-07T16:21:04.4039425Z with:
end-workflow	Checkout code	2025-10-07T16:21:04.4040391Z   fetch-depth: 0
end-workflow	Checkout code	2025-10-07T16:21:04.4041304Z   token: ***
end-workflow	Checkout code	2025-10-07T16:21:04.4041760Z   repository: Ka0s-Klaus/ka0s
end-workflow	Checkout code	2025-10-07T16:21:04.4042297Z   ssh-strict: true
end-workflow	Checkout code	2025-10-07T16:21:04.4042743Z   ssh-user: git
end-workflow	Checkout code	2025-10-07T16:21:04.4043199Z   persist-credentials: true
end-workflow	Checkout code	2025-10-07T16:21:04.4043718Z   clean: true
end-workflow	Checkout code	2025-10-07T16:21:04.4044181Z   sparse-checkout-cone-mode: true
end-workflow	Checkout code	2025-10-07T16:21:04.4044801Z   fetch-tags: false
end-workflow	Checkout code	2025-10-07T16:21:04.4045267Z   show-progress: true
end-workflow	Checkout code	2025-10-07T16:21:04.4045758Z   lfs: false
end-workflow	Checkout code	2025-10-07T16:21:04.4046212Z   submodules: false
end-workflow	Checkout code	2025-10-07T16:21:04.4046694Z   set-safe-directory: true
end-workflow	Checkout code	2025-10-07T16:21:04.4221841Z env:
end-workflow	Checkout code	2025-10-07T16:21:04.4222561Z   KAOS_MODULE: [Ka0S] JSONLINT
end-workflow	Checkout code	2025-10-07T16:21:04.4223448Z   GH_TOKEN: ***
end-workflow	Checkout code	2025-10-07T16:21:04.4223970Z   KAOS_JSONLINT_CONFIG: core/config/.jsonlint.json
end-workflow	Checkout code	2025-10-07T16:21:04.4224637Z   KAOS_PATH_RESUME: audit/jsonlint/
end-workflow	Checkout code	2025-10-07T16:21:04.4225339Z   KAOS_REPO: /actions-runner/_work/kaos/kaos
end-workflow	Checkout code	2025-10-07T16:21:04.4225973Z   KAOS_STEP_MODULE: 
end-workflow	Checkout code	2025-10-07T16:21:04.4226447Z   KAOS_CODE: 18319054909
end-workflow	Checkout code	2025-10-07T16:21:04.4226948Z   KAOS_REF_BRANCH: main
end-workflow	Checkout code	2025-10-07T16:21:04.4384743Z ##[endgroup]
end-workflow	Checkout code	2025-10-07T16:21:06.8323760Z Syncing repository: Ka0s-Klaus/ka0s
end-workflow	Checkout code	2025-10-07T16:21:06.8325925Z ##[group]Getting Git version info
end-workflow	Checkout code	2025-10-07T16:21:06.8326677Z Working directory is '/home/runner/_work/ka0s/ka0s'
end-workflow	Checkout code	2025-10-07T16:21:06.8327855Z [command]/usr/bin/git version
end-workflow	Checkout code	2025-10-07T16:21:06.8328392Z git version 2.51.0
end-workflow	Checkout code	2025-10-07T16:21:06.8330203Z ##[endgroup]
end-workflow	Checkout code	2025-10-07T16:21:06.8499846Z Copying '/home/runner/.gitconfig' to '/home/runner/_work/_temp/a4452511-b4ea-44c2-ba3d-0c9fab161d63/.gitconfig'
end-workflow	Checkout code	2025-10-07T16:21:06.8502074Z Temporarily overriding HOME='/home/runner/_work/_temp/a4452511-b4ea-44c2-ba3d-0c9fab161d63' before making global git config changes
end-workflow	Checkout code	2025-10-07T16:21:06.8503584Z Adding repository directory to the temporary git global config as a safe directory
end-workflow	Checkout code	2025-10-07T16:21:06.8504800Z [command]/usr/bin/git config --global --add safe.directory /home/runner/_work/ka0s/ka0s
end-workflow	Checkout code	2025-10-07T16:21:06.8506661Z [command]/usr/bin/git config --local --get remote.origin.url
end-workflow	Checkout code	2025-10-07T16:21:06.9342960Z https://github.com/Ka0s-Klaus/ka0s
end-workflow	Checkout code	2025-10-07T16:21:06.9861613Z ##[group]Removing previously created refs, to avoid conflicts
end-workflow	Checkout code	2025-10-07T16:21:06.9863818Z [command]/usr/bin/git rev-parse --symbolic-full-name --verify --quiet HEAD
end-workflow	Checkout code	2025-10-07T16:21:06.9879315Z refs/heads/H1646-modulo-de-control-de-runners
end-workflow	Checkout code	2025-10-07T16:21:07.0169675Z [command]/usr/bin/git checkout --detach
end-workflow	Checkout code	2025-10-07T16:21:07.1691047Z HEAD is now at 903759d5 [Ka0S] Uploading resume execution files to the repository...
end-workflow	Checkout code	2025-10-07T16:21:07.2182131Z [command]/usr/bin/git branch --delete --force H1646-modulo-de-control-de-runners
end-workflow	Checkout code	2025-10-07T16:21:07.3040391Z Deleted branch H1646-modulo-de-control-de-runners (was 903759d5).
end-workflow	Checkout code	2025-10-07T16:21:07.4440456Z ##[endgroup]
end-workflow	Checkout code	2025-10-07T16:21:07.4607945Z [command]/usr/bin/git submodule status
end-workflow	Checkout code	2025-10-07T16:21:08.1136217Z ##[group]Cleaning the repository
end-workflow	Checkout code	2025-10-07T16:21:08.1149211Z [command]/usr/bin/git clean -ffdx
end-workflow	Checkout code	2025-10-07T16:21:08.2614851Z [command]/usr/bin/git reset --hard HEAD
end-workflow	Checkout code	2025-10-07T16:21:08.3840637Z HEAD is now at 903759d5 [Ka0S] Uploading resume execution files to the repository...
end-workflow	Checkout code	2025-10-07T16:21:08.4239520Z ##[endgroup]
end-workflow	Checkout code	2025-10-07T16:21:08.4257283Z ##[group]Disabling automatic garbage collection
end-workflow	Checkout code	2025-10-07T16:21:08.4358982Z [command]/usr/bin/git config --local gc.auto 0
end-workflow	Checkout code	2025-10-07T16:21:08.4714797Z ##[endgroup]
end-workflow	Checkout code	2025-10-07T16:21:08.4734615Z ##[group]Setting up auth
end-workflow	Checkout code	2025-10-07T16:21:08.4937732Z [command]/usr/bin/git config --local --name-only --get-regexp core\.sshCommand
end-workflow	Checkout code	2025-10-07T16:21:08.5766516Z [command]/usr/bin/git submodule foreach --recursive sh -c "git config --local --name-only --get-regexp 'core\.sshCommand' && git config --local --unset-all 'core.sshCommand' || :"
end-workflow	Checkout code	2025-10-07T16:21:09.1411944Z [command]/usr/bin/git config --local --name-only --get-regexp http\.https\:\/\/github\.com\/\.extraheader
end-workflow	Checkout code	2025-10-07T16:21:09.2450958Z [command]/usr/bin/git submodule foreach --recursive sh -c "git config --local --name-only --get-regexp 'http\.https\:\/\/github\.com\/\.extraheader' && git config --local --unset-all 'http.https://github.com/.extraheader' || :"
end-workflow	Checkout code	2025-10-07T16:21:09.8006705Z [command]/usr/bin/git config --local http.https://github.com/.extraheader AUTHORIZATION: basic ***
end-workflow	Checkout code	2025-10-07T16:21:09.8643516Z ##[endgroup]
end-workflow	Checkout code	2025-10-07T16:21:09.8646730Z ##[group]Fetching the repository
end-workflow	Checkout code	2025-10-07T16:21:09.9000742Z [command]/usr/bin/git -c protocol.version=2 fetch --prune --no-recurse-submodules origin +refs/heads/*:refs/remotes/origin/* +refs/tags/*:refs/tags/*
end-workflow	Checkout code	2025-10-07T16:21:12.0526581Z From https://github.com/Ka0s-Klaus/ka0s
end-workflow	Checkout code	2025-10-07T16:21:12.0530129Z    903759d5..151fc290  H1646-modulo-de-control-de-runners -> origin/H1646-modulo-de-control-de-runners
end-workflow	Checkout code	2025-10-07T16:21:12.0899293Z    4dc177a9..ced5c245  main       -> origin/main
end-workflow	Checkout code	2025-10-07T16:21:12.1531770Z [command]/usr/bin/git branch --list --remote origin/H1646-modulo-de-control-de-runners
end-workflow	Checkout code	2025-10-07T16:21:12.2548113Z   origin/H1646-modulo-de-control-de-runners
end-workflow	Checkout code	2025-10-07T16:21:12.3022244Z [command]/usr/bin/git rev-parse refs/remotes/origin/H1646-modulo-de-control-de-runners
end-workflow	Checkout code	2025-10-07T16:21:12.3227632Z 151fc290239acb1185dabf4451743a42d5312c87
end-workflow	Checkout code	2025-10-07T16:21:12.3422952Z [command]/usr/bin/git -c protocol.version=2 fetch --no-tags --prune --no-recurse-submodules origin +903759d54158e6df6241d433e53583757719978a:refs/remotes/origin/H1646-modulo-de-control-de-runners
end-workflow	Checkout code	2025-10-07T16:21:12.3641211Z From https://github.com/Ka0s-Klaus/ka0s
end-workflow	Checkout code	2025-10-07T16:21:12.3684203Z  + 151fc290...903759d5 903759d54158e6df6241d433e53583757719978a -> origin/H1646-modulo-de-control-de-runners  (forced update)
end-workflow	Checkout code	2025-10-07T16:21:12.3746188Z ##[endgroup]
end-workflow	Checkout code	2025-10-07T16:21:12.3751976Z ##[group]Determining the checkout info
end-workflow	Checkout code	2025-10-07T16:21:12.3755183Z ##[endgroup]
end-workflow	Checkout code	2025-10-07T16:21:12.3839559Z [command]/usr/bin/git sparse-checkout disable
end-workflow	Checkout code	2025-10-07T16:21:12.4479754Z [command]/usr/bin/git config --local --unset-all extensions.worktreeConfig
end-workflow	Checkout code	2025-10-07T16:21:12.5232791Z ##[group]Checking out the ref
end-workflow	Checkout code	2025-10-07T16:21:12.5303202Z [command]/usr/bin/git checkout --progress --force -B H1646-modulo-de-control-de-runners refs/remotes/origin/H1646-modulo-de-control-de-runners
end-workflow	Checkout code	2025-10-07T16:21:12.6274782Z Switched to a new branch 'H1646-modulo-de-control-de-runners'
end-workflow	Checkout code	2025-10-07T16:21:12.6444931Z branch 'H1646-modulo-de-control-de-runners' set up to track 'origin/H1646-modulo-de-control-de-runners'.
end-workflow	Checkout code	2025-10-07T16:21:12.6588740Z ##[endgroup]
end-workflow	Checkout code	2025-10-07T16:21:12.7248882Z [command]/usr/bin/git log -1 --format=%H
end-workflow	Checkout code	2025-10-07T16:21:12.8020275Z 903759d54158e6df6241d433e53583757719978a
end-workflow	Finaliza el workflow	Ôªø2025-10-07T16:21:13.2370142Z ##[group]Run echo "End process"
end-workflow	Finaliza el workflow	2025-10-07T16:21:13.2371684Z [36;1mecho "End process"[0m
end-workflow	Finaliza el workflow	2025-10-07T16:21:13.2373558Z [36;1mRNNUMBER=$(echo "refs/heads/H1646-modulo-de-control-de-runners" | grep -o '[0-9]*')[0m
end-workflow	Finaliza el workflow	2025-10-07T16:21:13.2376024Z [36;1mgh issue comment $RNNUMBER --body "Se finaliza Ka0s 18319054909"[0m
end-workflow	Finaliza el workflow	2025-10-07T16:21:13.2730876Z [36;1mgh workflow run inspector.yml --ref 'main' -f kaos-issue-id=$RNNUMBER -f kaos-workflow-id="18319054909" -f kaos-user-start=""[0m
end-workflow	Finaliza el workflow	2025-10-07T16:21:13.2942386Z shell: /usr/bin/bash -e {0}
end-workflow	Finaliza el workflow	2025-10-07T16:21:13.2943562Z env:
end-workflow	Finaliza el workflow	2025-10-07T16:21:13.2944387Z   KAOS_MODULE: [Ka0S] JSONLINT
end-workflow	Finaliza el workflow	2025-10-07T16:21:13.2946005Z   GH_TOKEN: ***
end-workflow	Finaliza el workflow	2025-10-07T16:21:13.2947025Z   KAOS_JSONLINT_CONFIG: core/config/.jsonlint.json
end-workflow	Finaliza el workflow	2025-10-07T16:21:13.3021201Z   KAOS_PATH_RESUME: audit/jsonlint/
end-workflow	Finaliza el workflow	2025-10-07T16:21:13.3022618Z   KAOS_REPO: /actions-runner/_work/kaos/kaos
end-workflow	Finaliza el workflow	2025-10-07T16:21:13.3023867Z   KAOS_STEP_MODULE: 
end-workflow	Finaliza el workflow	2025-10-07T16:21:13.3024821Z   KAOS_CODE: 18319054909
end-workflow	Finaliza el workflow	2025-10-07T16:21:13.3025957Z   KAOS_REF_BRANCH: main
end-workflow	Finaliza el workflow	2025-10-07T16:21:13.3026926Z ##[endgroup]
end-workflow	Finaliza el workflow	2025-10-07T16:21:13.4751351Z End process
end-workflow	Finaliza el workflow	2025-10-07T16:21:14.8674092Z https://github.com/Ka0s-Klaus/ka0s/issues/1646#issuecomment-3377634287
end-workflow	Post Checkout code	Ôªø2025-10-07T16:21:16.8094163Z Post job cleanup.
end-workflow	Post Checkout code	2025-10-07T16:21:18.5996776Z [command]/usr/bin/git version
end-workflow	Post Checkout code	2025-10-07T16:21:18.7591590Z git version 2.51.0
end-workflow	Post Checkout code	2025-10-07T16:21:18.8218638Z Copying '/home/runner/.gitconfig' to '/home/runner/_work/_temp/b4f4e8c0-6df9-4253-b54f-c2a6f439fbc3/.gitconfig'
end-workflow	Post Checkout code	2025-10-07T16:21:18.8473010Z Temporarily overriding HOME='/home/runner/_work/_temp/b4f4e8c0-6df9-4253-b54f-c2a6f439fbc3' before making global git config changes
end-workflow	Post Checkout code	2025-10-07T16:21:18.8539772Z Adding repository directory to the temporary git global config as a safe directory
end-workflow	Post Checkout code	2025-10-07T16:21:18.8749665Z [command]/usr/bin/git config --global --add safe.directory /home/runner/_work/ka0s/ka0s
end-workflow	Post Checkout code	2025-10-07T16:21:18.9754874Z [command]/usr/bin/git config --local --name-only --get-regexp core\.sshCommand
end-workflow	Post Checkout code	2025-10-07T16:21:19.0544912Z [command]/usr/bin/git submodule foreach --recursive sh -c "git config --local --name-only --get-regexp 'core\.sshCommand' && git config --local --unset-all 'core.sshCommand' || :"
end-workflow	Post Checkout code	2025-10-07T16:21:19.6279558Z [command]/usr/bin/git config --local --name-only --get-regexp http\.https\:\/\/github\.com\/\.extraheader
end-workflow	Post Checkout code	2025-10-07T16:21:19.6598502Z http.https://github.com/.extraheader
end-workflow	Post Checkout code	2025-10-07T16:21:19.6866100Z [command]/usr/bin/git config --local --unset-all http.https://github.com/.extraheader
end-workflow	Post Checkout code	2025-10-07T16:21:19.8385556Z [command]/usr/bin/git submodule foreach --recursive sh -c "git config --local --name-only --get-regexp 'http\.https\:\/\/github\.com\/\.extraheader' && git config --local --unset-all 'http.https://github.com/.extraheader' || :"
end-workflow	Complete job	Ôªø2025-10-07T16:21:20.9390493Z Cleaning up orphan processes
