job-core	Set up job	Ôªø2025-10-07T15:57:34.4376706Z Current runner version: '2.328.0'
job-core	Set up job	2025-10-07T15:57:34.4421918Z Runner name: '87033c828aa6'
job-core	Set up job	2025-10-07T15:57:34.4423926Z Runner group name: 'swarm-runners'
job-core	Set up job	2025-10-07T15:57:34.4425872Z Machine name: '87033c828aa6'
job-core	Set up job	2025-10-07T15:57:34.4491207Z ##[group]GITHUB_TOKEN Permissions
job-core	Set up job	2025-10-07T15:57:34.4496532Z Actions: write
job-core	Set up job	2025-10-07T15:57:34.4497814Z Contents: read
job-core	Set up job	2025-10-07T15:57:34.4689385Z Issues: write
job-core	Set up job	2025-10-07T15:57:34.4691418Z Metadata: read
job-core	Set up job	2025-10-07T15:57:34.4692399Z ##[endgroup]
job-core	Set up job	2025-10-07T15:57:34.4696152Z Secret source: Actions
job-core	Set up job	2025-10-07T15:57:34.4697406Z Prepare workflow directory
job-core	Set up job	2025-10-07T15:57:34.7777580Z Prepare all required actions
job-core	Set up job	2025-10-07T15:57:34.8043235Z Getting action download info
job-core	Set up job	2025-10-07T15:57:35.9525608Z Download action repository 'actions/checkout@v4' (SHA:08eba0b27e820071cde6df949e0beb9ba4906955)
job-core	Set up job	2025-10-07T15:57:36.9966513Z Download action repository 'docker/login-action@v3' (SHA:5e57cd118135c172c3672efd75eb46360885c0ef)
job-core	Set up job	2025-10-07T15:57:38.4896126Z Complete job name: job-core
job-core	Checkout code	Ôªø2025-10-07T15:57:38.7871816Z ##[group]Run actions/checkout@v4
job-core	Checkout code	2025-10-07T15:57:38.7875226Z with:
job-core	Checkout code	2025-10-07T15:57:38.7876840Z   fetch-depth: 0
job-core	Checkout code	2025-10-07T15:57:38.7879371Z   token: ***
job-core	Checkout code	2025-10-07T15:57:38.7881176Z   repository: Ka0s-Klaus/ka0s
job-core	Checkout code	2025-10-07T15:57:38.7883249Z   ssh-strict: true
job-core	Checkout code	2025-10-07T15:57:38.7884974Z   ssh-user: git
job-core	Checkout code	2025-10-07T15:57:38.7886758Z   persist-credentials: true
job-core	Checkout code	2025-10-07T15:57:38.7888804Z   clean: true
job-core	Checkout code	2025-10-07T15:57:38.7890884Z   sparse-checkout-cone-mode: true
job-core	Checkout code	2025-10-07T15:57:38.7893086Z   fetch-tags: false
job-core	Checkout code	2025-10-07T15:57:38.7894889Z   show-progress: true
job-core	Checkout code	2025-10-07T15:57:38.7896690Z   lfs: false
job-core	Checkout code	2025-10-07T15:57:38.7898314Z   submodules: false
job-core	Checkout code	2025-10-07T15:57:38.7900419Z   set-safe-directory: true
job-core	Checkout code	2025-10-07T15:57:38.7905145Z env:
job-core	Checkout code	2025-10-07T15:57:38.7910683Z   GITHUB_TOKEN: ***
job-core	Checkout code	2025-10-07T15:57:38.7913436Z   KAOS_MODULE: [Ka0s] Personalized Image Runners
job-core	Checkout code	2025-10-07T15:57:38.7916666Z   KAOS_CODE: 18318561434
job-core	Checkout code	2025-10-07T15:57:38.7919205Z   KAOS_PATH_SCAN: audit/scan/
job-core	Checkout code	2025-10-07T15:57:38.7921549Z ##[endgroup]
job-core	Checkout code	2025-10-07T15:57:39.2224027Z Syncing repository: Ka0s-Klaus/ka0s
job-core	Checkout code	2025-10-07T15:57:39.2229136Z ##[group]Getting Git version info
job-core	Checkout code	2025-10-07T15:57:39.2267849Z Working directory is '/home/runner/_work/ka0s/ka0s'
job-core	Checkout code	2025-10-07T15:57:39.2272080Z [command]/usr/bin/git version
job-core	Checkout code	2025-10-07T15:57:39.2274268Z git version 2.51.0
job-core	Checkout code	2025-10-07T15:57:39.2338037Z ##[endgroup]
job-core	Checkout code	2025-10-07T15:57:39.2394919Z Temporarily overriding HOME='/home/runner/_work/_temp/b4b3d6b7-301a-4bc0-81c2-6a511c06bf39' before making global git config changes
job-core	Checkout code	2025-10-07T15:57:39.2415593Z Adding repository directory to the temporary git global config as a safe directory
job-core	Checkout code	2025-10-07T15:57:39.2428853Z [command]/usr/bin/git config --global --add safe.directory /home/runner/_work/ka0s/ka0s
job-core	Checkout code	2025-10-07T15:57:39.2515116Z Deleting the contents of '/home/runner/_work/ka0s/ka0s'
job-core	Checkout code	2025-10-07T15:57:39.2542485Z ##[group]Initializing the repository
job-core	Checkout code	2025-10-07T15:57:39.2582023Z [command]/usr/bin/git init /home/runner/_work/ka0s/ka0s
job-core	Checkout code	2025-10-07T15:57:39.2677576Z hint: Using 'master' as the name for the initial branch. This default branch name
job-core	Checkout code	2025-10-07T15:57:39.2692223Z hint: is subject to change. To configure the initial branch name to use in all
job-core	Checkout code	2025-10-07T15:57:39.2697209Z hint: of your new repositories, which will suppress this warning, call:
job-core	Checkout code	2025-10-07T15:57:39.2705698Z hint:
job-core	Checkout code	2025-10-07T15:57:39.2714201Z hint: 	git config --global init.defaultBranch <name>
job-core	Checkout code	2025-10-07T15:57:39.2716848Z hint:
job-core	Checkout code	2025-10-07T15:57:39.2719280Z hint: Names commonly chosen instead of 'master' are 'main', 'trunk' and
job-core	Checkout code	2025-10-07T15:57:39.2723540Z hint: 'development'. The just-created branch can be renamed via this command:
job-core	Checkout code	2025-10-07T15:57:39.2726767Z hint:
job-core	Checkout code	2025-10-07T15:57:39.2728436Z hint: 	git branch -m <name>
job-core	Checkout code	2025-10-07T15:57:39.2757813Z hint:
job-core	Checkout code	2025-10-07T15:57:39.2766453Z hint: Disable this message with "git config set advice.defaultBranchName false"
job-core	Checkout code	2025-10-07T15:57:39.2781034Z Initialized empty Git repository in /home/runner/_work/ka0s/ka0s/.git/
job-core	Checkout code	2025-10-07T15:57:39.2793206Z [command]/usr/bin/git remote add origin https://github.com/Ka0s-Klaus/ka0s
job-core	Checkout code	2025-10-07T15:57:39.3257690Z ##[endgroup]
job-core	Checkout code	2025-10-07T15:57:39.3275388Z ##[group]Disabling automatic garbage collection
job-core	Checkout code	2025-10-07T15:57:39.3361850Z [command]/usr/bin/git config --local gc.auto 0
job-core	Checkout code	2025-10-07T15:57:39.3599140Z ##[endgroup]
job-core	Checkout code	2025-10-07T15:57:39.3611330Z ##[group]Setting up auth
job-core	Checkout code	2025-10-07T15:57:39.3622612Z [command]/usr/bin/git config --local --name-only --get-regexp core\.sshCommand
job-core	Checkout code	2025-10-07T15:57:39.3750555Z [command]/usr/bin/git submodule foreach --recursive sh -c "git config --local --name-only --get-regexp 'core\.sshCommand' && git config --local --unset-all 'core.sshCommand' || :"
job-core	Checkout code	2025-10-07T15:57:39.5062205Z [command]/usr/bin/git config --local --name-only --get-regexp http\.https\:\/\/github\.com\/\.extraheader
job-core	Checkout code	2025-10-07T15:57:39.5369813Z [command]/usr/bin/git submodule foreach --recursive sh -c "git config --local --name-only --get-regexp 'http\.https\:\/\/github\.com\/\.extraheader' && git config --local --unset-all 'http.https://github.com/.extraheader' || :"
job-core	Checkout code	2025-10-07T15:57:39.7079139Z [command]/usr/bin/git config --local http.https://github.com/.extraheader AUTHORIZATION: basic ***
job-core	Checkout code	2025-10-07T15:57:39.7363311Z ##[endgroup]
job-core	Checkout code	2025-10-07T15:57:39.7371862Z ##[group]Fetching the repository
job-core	Checkout code	2025-10-07T15:57:39.7451322Z [command]/usr/bin/git -c protocol.version=2 fetch --prune --no-recurse-submodules origin +refs/heads/*:refs/remotes/origin/* +refs/tags/*:refs/tags/*
job-core	Checkout code	2025-10-07T15:58:32.3030617Z From https://github.com/Ka0s-Klaus/ka0s
job-core	Checkout code	2025-10-07T15:58:32.3032532Z  * [new branch]        F1149-desarrollo-de-orchestrator -> origin/F1149-desarrollo-de-orchestrator
job-core	Checkout code	2025-10-07T15:58:32.3034891Z  * [new branch]        F1183-personalizaci√≥n-m√≥dulo-finops -> origin/F1183-personalizaci√≥n-m√≥dulo-finops
job-core	Checkout code	2025-10-07T15:58:32.3036573Z  * [new branch]        F1224-new-module-mongodb -> origin/F1224-new-module-mongodb
job-core	Checkout code	2025-10-07T15:58:32.3248618Z  * [new branch]        F220-web-de-resultados  -> origin/F220-web-de-resultados
job-core	Checkout code	2025-10-07T15:58:32.3278994Z  * [new branch]        F227-despliegue-de-kube-independiente-del-clouder -> origin/F227-despliegue-de-kube-independiente-del-clouder
job-core	Checkout code	2025-10-07T15:58:32.3281946Z  * [new branch]        F329-documentacion-metodologia-de-kaos -> origin/F329-documentacion-metodologia-de-kaos
job-core	Checkout code	2025-10-07T15:58:32.3284748Z  * [new branch]        F44-creaci√≥n-m√≥dulo-versionado -> origin/F44-creaci√≥n-m√≥dulo-versionado
job-core	Checkout code	2025-10-07T15:58:32.3287864Z  * [new branch]        H1128-m√≥dulo-de-observabilidad -> origin/H1128-m√≥dulo-de-observabilidad
job-core	Checkout code	2025-10-07T15:58:32.3295237Z  * [new branch]        H1139-como-instalar-arc-control -> origin/H1139-como-instalar-arc-control
job-core	Checkout code	2025-10-07T15:58:32.3301585Z  * [new branch]        H1149-desarrollo-de-orchestrator -> origin/H1149-desarrollo-de-orchestrator
job-core	Checkout code	2025-10-07T15:58:32.3303387Z  * [new branch]        H1150-desarrollo-de-secciones -> origin/H1150-desarrollo-de-secciones
job-core	Checkout code	2025-10-07T15:58:32.3305159Z  * [new branch]        H1151-desarrollo-de-secciones-ii -> origin/H1151-desarrollo-de-secciones-ii
job-core	Checkout code	2025-10-07T15:58:32.3306817Z  * [new branch]        H1152-desarrollo-inicio -> origin/H1152-desarrollo-inicio
job-core	Checkout code	2025-10-07T15:58:32.3308941Z  * [new branch]        H1183-personalizaci√≥n-m√≥dulo-finops -> origin/H1183-personalizaci√≥n-m√≥dulo-finops
job-core	Checkout code	2025-10-07T15:58:32.3369246Z  * [new branch]        H1193-ejemplo-web-documentacion -> origin/H1193-ejemplo-web-documentacion
job-core	Checkout code	2025-10-07T15:58:32.3371081Z  * [new branch]        H1205-web-creation      -> origin/H1205-web-creation
job-core	Checkout code	2025-10-07T15:58:32.3372524Z  * [new branch]        H1224-new-module-mongodb -> origin/H1224-new-module-mongodb
job-core	Checkout code	2025-10-07T15:58:32.3374232Z  * [new branch]        H1410-modulo-execution  -> origin/H1410-modulo-execution
job-core	Checkout code	2025-10-07T15:58:32.3376850Z  * [new branch]        H1514-new-swarm-deployment-stack-with-actions-runners-autoscale -> origin/H1514-new-swarm-deployment-stack-with-actions-runners-autoscale
job-core	Checkout code	2025-10-07T15:58:32.3400765Z  * [new branch]        H1646-modulo-de-control-de-runners -> origin/H1646-modulo-de-control-de-runners
job-core	Checkout code	2025-10-07T15:58:32.3403250Z  * [new branch]        H215-modulo-de-summary  -> origin/H215-modulo-de-summary
job-core	Checkout code	2025-10-07T15:58:32.3404548Z  * [new branch]        H220-web-de-resultados  -> origin/H220-web-de-resultados
job-core	Checkout code	2025-10-07T15:58:32.3406443Z  * [new branch]        H227-despliegue-de-kube-independiente-del-clouder -> origin/H227-despliegue-de-kube-independiente-del-clouder
job-core	Checkout code	2025-10-07T15:58:32.3408468Z  * [new branch]        H306-ficheros-de-estadisticas -> origin/H306-ficheros-de-estadisticas
job-core	Checkout code	2025-10-07T15:58:32.3480051Z  * [new branch]        H328-documentacion-modulo-principal-de-kaos -> origin/H328-documentacion-modulo-principal-de-kaos
job-core	Checkout code	2025-10-07T15:58:32.3482489Z  * [new branch]        H329-documentacion-metodologia-de-kaos -> origin/H329-documentacion-metodologia-de-kaos
job-core	Checkout code	2025-10-07T15:58:32.3484561Z  * [new branch]        H338-relanzador-de-jobs-en-caso-de-pattern -> origin/H338-relanzador-de-jobs-en-caso-de-pattern
job-core	Checkout code	2025-10-07T15:58:32.3486550Z  * [new branch]        H38-documentacion-basica-del-proyecto -> origin/H38-documentacion-basica-del-proyecto
job-core	Checkout code	2025-10-07T15:58:32.3489340Z  * [new branch]        H44-creaci√≥n-m√≥dulo-versionado -> origin/H44-creaci√≥n-m√≥dulo-versionado
job-core	Checkout code	2025-10-07T15:58:32.3491213Z  * [new branch]        RN1149-desarrollo-de-orchestrator -> origin/RN1149-desarrollo-de-orchestrator
job-core	Checkout code	2025-10-07T15:58:32.3493276Z  * [new branch]        RN1183-personalizaci√≥n-m√≥dulo-finops -> origin/RN1183-personalizaci√≥n-m√≥dulo-finops
job-core	Checkout code	2025-10-07T15:58:32.3495819Z  * [new branch]        RN1282-ka0s-error-detected-in-ka0s-workflow-statistics-summary -> origin/RN1282-ka0s-error-detected-in-ka0s-workflow-statistics-summary
job-core	Checkout code	2025-10-07T15:58:32.3498061Z  * [new branch]        RN220-web-de-resultados -> origin/RN220-web-de-resultados
job-core	Checkout code	2025-10-07T15:58:32.3537814Z  * [new branch]        RN227-despliegue-de-kube-independiente-del-clouder -> origin/RN227-despliegue-de-kube-independiente-del-clouder
job-core	Checkout code	2025-10-07T15:58:32.3540344Z  * [new branch]        RN329-documentacion-metodologia-de-kaos -> origin/RN329-documentacion-metodologia-de-kaos
job-core	Checkout code	2025-10-07T15:58:32.3541643Z  * [new branch]        main                    -> origin/main
job-core	Checkout code	2025-10-07T15:58:32.3542427Z  * [new tag]           0.0.0                   -> 0.0.0
job-core	Checkout code	2025-10-07T15:58:32.3543212Z  * [new tag]           0.0.1                   -> 0.0.1
job-core	Checkout code	2025-10-07T15:58:32.3544116Z  * [new tag]           0.0.10                  -> 0.0.10
job-core	Checkout code	2025-10-07T15:58:32.3544880Z  * [new tag]           0.0.100                 -> 0.0.100
job-core	Checkout code	2025-10-07T15:58:32.3545653Z  * [new tag]           0.0.101                 -> 0.0.101
job-core	Checkout code	2025-10-07T15:58:32.3546416Z  * [new tag]           0.0.102                 -> 0.0.102
job-core	Checkout code	2025-10-07T15:58:32.3547177Z  * [new tag]           0.0.103                 -> 0.0.103
job-core	Checkout code	2025-10-07T15:58:32.3547939Z  * [new tag]           0.0.104                 -> 0.0.104
job-core	Checkout code	2025-10-07T15:58:32.3548713Z  * [new tag]           0.0.105                 -> 0.0.105
job-core	Checkout code	2025-10-07T15:58:32.3549600Z  * [new tag]           0.0.106                 -> 0.0.106
job-core	Checkout code	2025-10-07T15:58:32.3550394Z  * [new tag]           0.0.107                 -> 0.0.107
job-core	Checkout code	2025-10-07T15:58:32.3551193Z  * [new tag]           0.0.108                 -> 0.0.108
job-core	Checkout code	2025-10-07T15:58:32.3551961Z  * [new tag]           0.0.109                 -> 0.0.109
job-core	Checkout code	2025-10-07T15:58:32.3552729Z  * [new tag]           0.0.11                  -> 0.0.11
job-core	Checkout code	2025-10-07T15:58:32.3553498Z  * [new tag]           0.0.110                 -> 0.0.110
job-core	Checkout code	2025-10-07T15:58:32.3554285Z  * [new tag]           0.0.111                 -> 0.0.111
job-core	Checkout code	2025-10-07T15:58:32.3555276Z  * [new tag]           0.0.112                 -> 0.0.112
job-core	Checkout code	2025-10-07T15:58:32.3556233Z  * [new tag]           0.0.113                 -> 0.0.113
job-core	Checkout code	2025-10-07T15:58:32.3557153Z  * [new tag]           0.0.114                 -> 0.0.114
job-core	Checkout code	2025-10-07T15:58:32.3558086Z  * [new tag]           0.0.115                 -> 0.0.115
job-core	Checkout code	2025-10-07T15:58:32.3559000Z  * [new tag]           0.0.116                 -> 0.0.116
job-core	Checkout code	2025-10-07T15:58:32.3620518Z  * [new tag]           0.0.117                 -> 0.0.117
job-core	Checkout code	2025-10-07T15:58:32.3621873Z  * [new tag]           0.0.118                 -> 0.0.118
job-core	Checkout code	2025-10-07T15:58:32.3622786Z  * [new tag]           0.0.119                 -> 0.0.119
job-core	Checkout code	2025-10-07T15:58:32.3623890Z  * [new tag]           0.0.12                  -> 0.0.12
job-core	Checkout code	2025-10-07T15:58:32.3624856Z  * [new tag]           0.0.120                 -> 0.0.120
job-core	Checkout code	2025-10-07T15:58:32.3625797Z  * [new tag]           0.0.121                 -> 0.0.121
job-core	Checkout code	2025-10-07T15:58:32.3626705Z  * [new tag]           0.0.122                 -> 0.0.122
job-core	Checkout code	2025-10-07T15:58:32.3627622Z  * [new tag]           0.0.123                 -> 0.0.123
job-core	Checkout code	2025-10-07T15:58:32.3628621Z  * [new tag]           0.0.124                 -> 0.0.124
job-core	Checkout code	2025-10-07T15:58:32.3639304Z  * [new tag]           0.0.125                 -> 0.0.125
job-core	Checkout code	2025-10-07T15:58:32.3640551Z  * [new tag]           0.0.126                 -> 0.0.126
job-core	Checkout code	2025-10-07T15:58:32.3641537Z  * [new tag]           0.0.127                 -> 0.0.127
job-core	Checkout code	2025-10-07T15:58:32.3642577Z  * [new tag]           0.0.128                 -> 0.0.128
job-core	Checkout code	2025-10-07T15:58:32.3643947Z  * [new tag]           0.0.129                 -> 0.0.129
job-core	Checkout code	2025-10-07T15:58:32.3644913Z  * [new tag]           0.0.13                  -> 0.0.13
job-core	Checkout code	2025-10-07T15:58:32.3645875Z  * [new tag]           0.0.130                 -> 0.0.130
job-core	Checkout code	2025-10-07T15:58:32.3646836Z  * [new tag]           0.0.131                 -> 0.0.131
job-core	Checkout code	2025-10-07T15:58:32.3647815Z  * [new tag]           0.0.132                 -> 0.0.132
job-core	Checkout code	2025-10-07T15:58:32.3648781Z  * [new tag]           0.0.133                 -> 0.0.133
job-core	Checkout code	2025-10-07T15:58:32.3700859Z  * [new tag]           0.0.134                 -> 0.0.134
job-core	Checkout code	2025-10-07T15:58:32.3702134Z  * [new tag]           0.0.135                 -> 0.0.135
job-core	Checkout code	2025-10-07T15:58:32.3703129Z  * [new tag]           0.0.136                 -> 0.0.136
job-core	Checkout code	2025-10-07T15:58:32.3704177Z  * [new tag]           0.0.137                 -> 0.0.137
job-core	Checkout code	2025-10-07T15:58:32.3705101Z  * [new tag]           0.0.138                 -> 0.0.138
job-core	Checkout code	2025-10-07T15:58:32.3706017Z  * [new tag]           0.0.139                 -> 0.0.139
job-core	Checkout code	2025-10-07T15:58:32.3706967Z  * [new tag]           0.0.14                  -> 0.0.14
job-core	Checkout code	2025-10-07T15:58:32.4040479Z  * [new tag]           0.0.140                 -> 0.0.140
job-core	Checkout code	2025-10-07T15:58:32.4041937Z  * [new tag]           0.0.141                 -> 0.0.141
job-core	Checkout code	2025-10-07T15:58:32.4042966Z  * [new tag]           0.0.142                 -> 0.0.142
job-core	Checkout code	2025-10-07T15:58:32.4043884Z  * [new tag]           0.0.143                 -> 0.0.143
job-core	Checkout code	2025-10-07T15:58:32.4044805Z  * [new tag]           0.0.144                 -> 0.0.144
job-core	Checkout code	2025-10-07T15:58:32.4045726Z  * [new tag]           0.0.145                 -> 0.0.145
job-core	Checkout code	2025-10-07T15:58:32.4046656Z  * [new tag]           0.0.146                 -> 0.0.146
job-core	Checkout code	2025-10-07T15:58:32.4047595Z  * [new tag]           0.0.147                 -> 0.0.147
job-core	Checkout code	2025-10-07T15:58:32.4048506Z  * [new tag]           0.0.148                 -> 0.0.148
job-core	Checkout code	2025-10-07T15:58:32.4049393Z  * [new tag]           0.0.149                 -> 0.0.149
job-core	Checkout code	2025-10-07T15:58:32.4051983Z  * [new tag]           0.0.15                  -> 0.0.15
job-core	Checkout code	2025-10-07T15:58:32.4053116Z  * [new tag]           0.0.150                 -> 0.0.150
job-core	Checkout code	2025-10-07T15:58:32.4054161Z  * [new tag]           0.0.151                 -> 0.0.151
job-core	Checkout code	2025-10-07T15:58:32.4055078Z  * [new tag]           0.0.152                 -> 0.0.152
job-core	Checkout code	2025-10-07T15:58:32.4055970Z  * [new tag]           0.0.153                 -> 0.0.153
job-core	Checkout code	2025-10-07T15:58:32.4056857Z  * [new tag]           0.0.154                 -> 0.0.154
job-core	Checkout code	2025-10-07T15:58:32.4057731Z  * [new tag]           0.0.155                 -> 0.0.155
job-core	Checkout code	2025-10-07T15:58:32.4058619Z  * [new tag]           0.0.156                 -> 0.0.156
job-core	Checkout code	2025-10-07T15:58:32.4059489Z  * [new tag]           0.0.157                 -> 0.0.157
job-core	Checkout code	2025-10-07T15:58:32.4060717Z  * [new tag]           0.0.158                 -> 0.0.158
job-core	Checkout code	2025-10-07T15:58:32.4061603Z  * [new tag]           0.0.159                 -> 0.0.159
job-core	Checkout code	2025-10-07T15:58:32.4062512Z  * [new tag]           0.0.16                  -> 0.0.16
job-core	Checkout code	2025-10-07T15:58:32.4063878Z  * [new tag]           0.0.160                 -> 0.0.160
job-core	Checkout code	2025-10-07T15:58:32.4064720Z  * [new tag]           0.0.161                 -> 0.0.161
job-core	Checkout code	2025-10-07T15:58:32.4065594Z  * [new tag]           0.0.162                 -> 0.0.162
job-core	Checkout code	2025-10-07T15:58:32.4066659Z  * [new tag]           0.0.163                 -> 0.0.163
job-core	Checkout code	2025-10-07T15:58:32.4067535Z  * [new tag]           0.0.164                 -> 0.0.164
job-core	Checkout code	2025-10-07T15:58:32.4068421Z  * [new tag]           0.0.165                 -> 0.0.165
job-core	Checkout code	2025-10-07T15:58:32.4069313Z  * [new tag]           0.0.166                 -> 0.0.166
job-core	Checkout code	2025-10-07T15:58:32.4100798Z  * [new tag]           0.0.167                 -> 0.0.167
job-core	Checkout code	2025-10-07T15:58:32.4101839Z  * [new tag]           0.0.168                 -> 0.0.168
job-core	Checkout code	2025-10-07T15:58:32.4106700Z  * [new tag]           0.0.169                 -> 0.0.169
job-core	Checkout code	2025-10-07T15:58:32.4107707Z  * [new tag]           0.0.17                  -> 0.0.17
job-core	Checkout code	2025-10-07T15:58:32.4108633Z  * [new tag]           0.0.170                 -> 0.0.170
job-core	Checkout code	2025-10-07T15:58:32.4110075Z  * [new tag]           0.0.171                 -> 0.0.171
job-core	Checkout code	2025-10-07T15:58:32.4111036Z  * [new tag]           0.0.172                 -> 0.0.172
job-core	Checkout code	2025-10-07T15:58:32.4111885Z  * [new tag]           0.0.173                 -> 0.0.173
job-core	Checkout code	2025-10-07T15:58:32.4112774Z  * [new tag]           0.0.174                 -> 0.0.174
job-core	Checkout code	2025-10-07T15:58:32.4113877Z  * [new tag]           0.0.175                 -> 0.0.175
job-core	Checkout code	2025-10-07T15:58:32.4114839Z  * [new tag]           0.0.176                 -> 0.0.176
job-core	Checkout code	2025-10-07T15:58:32.4115783Z  * [new tag]           0.0.177                 -> 0.0.177
job-core	Checkout code	2025-10-07T15:58:32.4116731Z  * [new tag]           0.0.178                 -> 0.0.178
job-core	Checkout code	2025-10-07T15:58:32.4117671Z  * [new tag]           0.0.179                 -> 0.0.179
job-core	Checkout code	2025-10-07T15:58:32.4118625Z  * [new tag]           0.0.18                  -> 0.0.18
job-core	Checkout code	2025-10-07T15:58:32.4119727Z  * [new tag]           0.0.19                  -> 0.0.19
job-core	Checkout code	2025-10-07T15:58:32.4120700Z  * [new tag]           0.0.2                   -> 0.0.2
job-core	Checkout code	2025-10-07T15:58:32.4121666Z  * [new tag]           0.0.20                  -> 0.0.20
job-core	Checkout code	2025-10-07T15:58:32.4122655Z  * [new tag]           0.0.21                  -> 0.0.21
job-core	Checkout code	2025-10-07T15:58:32.4123717Z  * [new tag]           0.0.22                  -> 0.0.22
job-core	Checkout code	2025-10-07T15:58:32.4124626Z  * [new tag]           0.0.23                  -> 0.0.23
job-core	Checkout code	2025-10-07T15:58:32.4125532Z  * [new tag]           0.0.24                  -> 0.0.24
job-core	Checkout code	2025-10-07T15:58:32.4126433Z  * [new tag]           0.0.25                  -> 0.0.25
job-core	Checkout code	2025-10-07T15:58:32.4127358Z  * [new tag]           0.0.26                  -> 0.0.26
job-core	Checkout code	2025-10-07T15:58:32.4128261Z  * [new tag]           0.0.27                  -> 0.0.27
job-core	Checkout code	2025-10-07T15:58:32.4129163Z  * [new tag]           0.0.28                  -> 0.0.28
job-core	Checkout code	2025-10-07T15:58:32.4190664Z  * [new tag]           0.0.29                  -> 0.0.29
job-core	Checkout code	2025-10-07T15:58:32.4191722Z  * [new tag]           0.0.3                   -> 0.0.3
job-core	Checkout code	2025-10-07T15:58:32.4192637Z  * [new tag]           0.0.30                  -> 0.0.30
job-core	Checkout code	2025-10-07T15:58:32.4193556Z  * [new tag]           0.0.31                  -> 0.0.31
job-core	Checkout code	2025-10-07T15:58:32.4194430Z  * [new tag]           0.0.32                  -> 0.0.32
job-core	Checkout code	2025-10-07T15:58:32.4195292Z  * [new tag]           0.0.33                  -> 0.0.33
job-core	Checkout code	2025-10-07T15:58:32.4196163Z  * [new tag]           0.0.34                  -> 0.0.34
job-core	Checkout code	2025-10-07T15:58:32.4197058Z  * [new tag]           0.0.35                  -> 0.0.35
job-core	Checkout code	2025-10-07T15:58:32.4197957Z  * [new tag]           0.0.36                  -> 0.0.36
job-core	Checkout code	2025-10-07T15:58:32.4240121Z  * [new tag]           0.0.37                  -> 0.0.37
job-core	Checkout code	2025-10-07T15:58:32.4241499Z  * [new tag]           0.0.38                  -> 0.0.38
job-core	Checkout code	2025-10-07T15:58:32.4242438Z  * [new tag]           0.0.39                  -> 0.0.39
job-core	Checkout code	2025-10-07T15:58:32.4243352Z  * [new tag]           0.0.4                   -> 0.0.4
job-core	Checkout code	2025-10-07T15:58:32.4244266Z  * [new tag]           0.0.40                  -> 0.0.40
job-core	Checkout code	2025-10-07T15:58:32.4245173Z  * [new tag]           0.0.41                  -> 0.0.41
job-core	Checkout code	2025-10-07T15:58:32.4246428Z  * [new tag]           0.0.42                  -> 0.0.42
job-core	Checkout code	2025-10-07T15:58:32.4247340Z  * [new tag]           0.0.43                  -> 0.0.43
job-core	Checkout code	2025-10-07T15:58:32.4248237Z  * [new tag]           0.0.44                  -> 0.0.44
job-core	Checkout code	2025-10-07T15:58:32.4249138Z  * [new tag]           0.0.45                  -> 0.0.45
job-core	Checkout code	2025-10-07T15:58:32.4279364Z  * [new tag]           0.0.46                  -> 0.0.46
job-core	Checkout code	2025-10-07T15:58:32.4280491Z  * [new tag]           0.0.47                  -> 0.0.47
job-core	Checkout code	2025-10-07T15:58:32.4281464Z  * [new tag]           0.0.48                  -> 0.0.48
job-core	Checkout code	2025-10-07T15:58:32.4282508Z  * [new tag]           0.0.49                  -> 0.0.49
job-core	Checkout code	2025-10-07T15:58:32.4283477Z  * [new tag]           0.0.5                   -> 0.0.5
job-core	Checkout code	2025-10-07T15:58:32.4284404Z  * [new tag]           0.0.50                  -> 0.0.50
job-core	Checkout code	2025-10-07T15:58:32.4285310Z  * [new tag]           0.0.51                  -> 0.0.51
job-core	Checkout code	2025-10-07T15:58:32.4286223Z  * [new tag]           0.0.52                  -> 0.0.52
job-core	Checkout code	2025-10-07T15:58:32.4287632Z  * [new tag]           0.0.53                  -> 0.0.53
job-core	Checkout code	2025-10-07T15:58:32.4288538Z  * [new tag]           0.0.54                  -> 0.0.54
job-core	Checkout code	2025-10-07T15:58:32.4289441Z  * [new tag]           0.0.55                  -> 0.0.55
job-core	Checkout code	2025-10-07T15:58:32.4311106Z  * [new tag]           0.0.56                  -> 0.0.56
job-core	Checkout code	2025-10-07T15:58:32.4312133Z  * [new tag]           0.0.57                  -> 0.0.57
job-core	Checkout code	2025-10-07T15:58:32.4313078Z  * [new tag]           0.0.58                  -> 0.0.58
job-core	Checkout code	2025-10-07T15:58:32.4314010Z  * [new tag]           0.0.59                  -> 0.0.59
job-core	Checkout code	2025-10-07T15:58:32.4314933Z  * [new tag]           0.0.6                   -> 0.0.6
job-core	Checkout code	2025-10-07T15:58:32.4315848Z  * [new tag]           0.0.60                  -> 0.0.60
job-core	Checkout code	2025-10-07T15:58:32.4316773Z  * [new tag]           0.0.61                  -> 0.0.61
job-core	Checkout code	2025-10-07T15:58:32.4317686Z  * [new tag]           0.0.62                  -> 0.0.62
job-core	Checkout code	2025-10-07T15:58:32.4318640Z  * [new tag]           0.0.63                  -> 0.0.63
job-core	Checkout code	2025-10-07T15:58:32.4319750Z  * [new tag]           0.0.64                  -> 0.0.64
job-core	Checkout code	2025-10-07T15:58:32.4320698Z  * [new tag]           0.0.65                  -> 0.0.65
job-core	Checkout code	2025-10-07T15:58:32.4321613Z  * [new tag]           0.0.66                  -> 0.0.66
job-core	Checkout code	2025-10-07T15:58:32.4322538Z  * [new tag]           0.0.67                  -> 0.0.67
job-core	Checkout code	2025-10-07T15:58:32.4323459Z  * [new tag]           0.0.68                  -> 0.0.68
job-core	Checkout code	2025-10-07T15:58:32.4324379Z  * [new tag]           0.0.69                  -> 0.0.69
job-core	Checkout code	2025-10-07T15:58:32.4325288Z  * [new tag]           0.0.7                   -> 0.0.7
job-core	Checkout code	2025-10-07T15:58:32.4326198Z  * [new tag]           0.0.70                  -> 0.0.70
job-core	Checkout code	2025-10-07T15:58:32.4327104Z  * [new tag]           0.0.71                  -> 0.0.71
job-core	Checkout code	2025-10-07T15:58:32.4327977Z  * [new tag]           0.0.72                  -> 0.0.72
job-core	Checkout code	2025-10-07T15:58:32.4328850Z  * [new tag]           0.0.73                  -> 0.0.73
job-core	Checkout code	2025-10-07T15:58:32.4329868Z  * [new tag]           0.0.74                  -> 0.0.74
job-core	Checkout code	2025-10-07T15:58:32.4330853Z  * [new tag]           0.0.75                  -> 0.0.75
job-core	Checkout code	2025-10-07T15:58:32.4331797Z  * [new tag]           0.0.76                  -> 0.0.76
job-core	Checkout code	2025-10-07T15:58:32.4332744Z  * [new tag]           0.0.77                  -> 0.0.77
job-core	Checkout code	2025-10-07T15:58:32.4333691Z  * [new tag]           0.0.78                  -> 0.0.78
job-core	Checkout code	2025-10-07T15:58:32.4334671Z  * [new tag]           0.0.79                  -> 0.0.79
job-core	Checkout code	2025-10-07T15:58:32.4335612Z  * [new tag]           0.0.8                   -> 0.0.8
job-core	Checkout code	2025-10-07T15:58:32.4336558Z  * [new tag]           0.0.80                  -> 0.0.80
job-core	Checkout code	2025-10-07T15:58:32.4337511Z  * [new tag]           0.0.81                  -> 0.0.81
job-core	Checkout code	2025-10-07T15:58:32.4338460Z  * [new tag]           0.0.82                  -> 0.0.82
job-core	Checkout code	2025-10-07T15:58:32.4339417Z  * [new tag]           0.0.83                  -> 0.0.83
job-core	Checkout code	2025-10-07T15:58:32.4383765Z  * [new tag]           0.0.84                  -> 0.0.84
job-core	Checkout code	2025-10-07T15:58:32.4385953Z  * [new tag]           0.0.85                  -> 0.0.85
job-core	Checkout code	2025-10-07T15:58:32.4386952Z  * [new tag]           0.0.86                  -> 0.0.86
job-core	Checkout code	2025-10-07T15:58:32.4387905Z  * [new tag]           0.0.87                  -> 0.0.87
job-core	Checkout code	2025-10-07T15:58:32.4388859Z  * [new tag]           0.0.88                  -> 0.0.88
job-core	Checkout code	2025-10-07T15:58:32.4389883Z  * [new tag]           0.0.89                  -> 0.0.89
job-core	Checkout code	2025-10-07T15:58:32.4390782Z  * [new tag]           0.0.9                   -> 0.0.9
job-core	Checkout code	2025-10-07T15:58:32.4391682Z  * [new tag]           0.0.90                  -> 0.0.90
job-core	Checkout code	2025-10-07T15:58:32.4392584Z  * [new tag]           0.0.91                  -> 0.0.91
job-core	Checkout code	2025-10-07T15:58:32.4393504Z  * [new tag]           0.0.92                  -> 0.0.92
job-core	Checkout code	2025-10-07T15:58:32.4394412Z  * [new tag]           0.0.93                  -> 0.0.93
job-core	Checkout code	2025-10-07T15:58:32.4395313Z  * [new tag]           0.0.94                  -> 0.0.94
job-core	Checkout code	2025-10-07T15:58:32.4396179Z  * [new tag]           0.0.95                  -> 0.0.95
job-core	Checkout code	2025-10-07T15:58:32.4431681Z  * [new tag]           0.0.96                  -> 0.0.96
job-core	Checkout code	2025-10-07T15:58:32.4433048Z  * [new tag]           0.0.97                  -> 0.0.97
job-core	Checkout code	2025-10-07T15:58:32.4434020Z  * [new tag]           0.0.98                  -> 0.0.98
job-core	Checkout code	2025-10-07T15:58:32.4434964Z  * [new tag]           0.0.99                  -> 0.0.99
job-core	Checkout code	2025-10-07T15:58:32.4435906Z  * [new tag]           0.1.0                   -> 0.1.0
job-core	Checkout code	2025-10-07T15:58:32.4436843Z  * [new tag]           0.1.1                   -> 0.1.1
job-core	Checkout code	2025-10-07T15:58:32.4437783Z  * [new tag]           0.2.0                   -> 0.2.0
job-core	Checkout code	2025-10-07T15:58:32.4438705Z  * [new tag]           0.3.0                   -> 0.3.0
job-core	Checkout code	2025-10-07T15:58:32.4439706Z  * [new tag]           0.3.1                   -> 0.3.1
job-core	Checkout code	2025-10-07T15:58:32.4440660Z  * [new tag]           0.3.10                  -> 0.3.10
job-core	Checkout code	2025-10-07T15:58:32.4441727Z  * [new tag]           0.3.11                  -> 0.3.11
job-core	Checkout code	2025-10-07T15:58:32.4442607Z  * [new tag]           0.3.12                  -> 0.3.12
job-core	Checkout code	2025-10-07T15:58:32.4443689Z  * [new tag]           0.3.13                  -> 0.3.13
job-core	Checkout code	2025-10-07T15:58:32.4444585Z  * [new tag]           0.3.14                  -> 0.3.14
job-core	Checkout code	2025-10-07T15:58:32.4445488Z  * [new tag]           0.3.15                  -> 0.3.15
job-core	Checkout code	2025-10-07T15:58:32.4446419Z  * [new tag]           0.3.16                  -> 0.3.16
job-core	Checkout code	2025-10-07T15:58:32.4447442Z  * [new tag]           0.3.17                  -> 0.3.17
job-core	Checkout code	2025-10-07T15:58:32.4448373Z  * [new tag]           0.3.2                   -> 0.3.2
job-core	Checkout code	2025-10-07T15:58:32.4449294Z  * [new tag]           0.3.3                   -> 0.3.3
job-core	Checkout code	2025-10-07T15:58:32.4511083Z  * [new tag]           0.3.4                   -> 0.3.4
job-core	Checkout code	2025-10-07T15:58:32.4512092Z  * [new tag]           0.3.5                   -> 0.3.5
job-core	Checkout code	2025-10-07T15:58:32.4512990Z  * [new tag]           0.3.6                   -> 0.3.6
job-core	Checkout code	2025-10-07T15:58:32.4513870Z  * [new tag]           0.3.7                   -> 0.3.7
job-core	Checkout code	2025-10-07T15:58:32.4514762Z  * [new tag]           0.3.8                   -> 0.3.8
job-core	Checkout code	2025-10-07T15:58:32.4515675Z  * [new tag]           0.3.9                   -> 0.3.9
job-core	Checkout code	2025-10-07T15:58:32.4516552Z  * [new tag]           0.4.0                   -> 0.4.0
job-core	Checkout code	2025-10-07T15:58:32.4517428Z  * [new tag]           0.4.1                   -> 0.4.1
job-core	Checkout code	2025-10-07T15:58:32.4518329Z  * [new tag]           0.4.10                  -> 0.4.10
job-core	Checkout code	2025-10-07T15:58:32.4519220Z  * [new tag]           0.4.2                   -> 0.4.2
job-core	Checkout code	2025-10-07T15:58:32.4520236Z  * [new tag]           0.4.3                   -> 0.4.3
job-core	Checkout code	2025-10-07T15:58:32.4521130Z  * [new tag]           0.4.4                   -> 0.4.4
job-core	Checkout code	2025-10-07T15:58:32.4522021Z  * [new tag]           0.4.5                   -> 0.4.5
job-core	Checkout code	2025-10-07T15:58:32.4522911Z  * [new tag]           0.4.6                   -> 0.4.6
job-core	Checkout code	2025-10-07T15:58:32.4523940Z  * [new tag]           0.4.7                   -> 0.4.7
job-core	Checkout code	2025-10-07T15:58:32.4524871Z  * [new tag]           0.4.8                   -> 0.4.8
job-core	Checkout code	2025-10-07T15:58:32.4525809Z  * [new tag]           0.4.9                   -> 0.4.9
job-core	Checkout code	2025-10-07T15:58:32.4901617Z [command]/usr/bin/git branch --list --remote origin/main
job-core	Checkout code	2025-10-07T15:58:32.5140993Z   origin/main
job-core	Checkout code	2025-10-07T15:58:32.5172582Z [command]/usr/bin/git rev-parse refs/remotes/origin/main
job-core	Checkout code	2025-10-07T15:58:32.5274910Z 67fa65e663be9f187719836a84a895439aa0f485
job-core	Checkout code	2025-10-07T15:58:32.5348486Z [command]/usr/bin/git -c protocol.version=2 fetch --no-tags --prune --no-recurse-submodules origin +1cda37a1e62df52bce3392841e5c750f8a16b5f5:refs/remotes/origin/main
job-core	Checkout code	2025-10-07T15:58:32.6272952Z From https://github.com/Ka0s-Klaus/ka0s
job-core	Checkout code	2025-10-07T15:58:32.6277723Z  + 67fa65e6...1cda37a1 1cda37a1e62df52bce3392841e5c750f8a16b5f5 -> origin/main  (forced update)
job-core	Checkout code	2025-10-07T15:58:32.6493171Z ##[endgroup]
job-core	Checkout code	2025-10-07T15:58:32.6497610Z ##[group]Determining the checkout info
job-core	Checkout code	2025-10-07T15:58:32.6498992Z ##[endgroup]
job-core	Checkout code	2025-10-07T15:58:32.6603844Z [command]/usr/bin/git sparse-checkout disable
job-core	Checkout code	2025-10-07T15:58:32.7021357Z [command]/usr/bin/git config --local --unset-all extensions.worktreeConfig
job-core	Checkout code	2025-10-07T15:58:32.7153699Z ##[group]Checking out the ref
job-core	Checkout code	2025-10-07T15:58:32.7281808Z [command]/usr/bin/git checkout --progress --force -B main refs/remotes/origin/main
job-core	Checkout code	2025-10-07T15:58:33.7995799Z Updating files:  62% (475/766)
job-core	Checkout code	2025-10-07T15:58:33.9241884Z Updating files:  63% (483/766)
job-core	Checkout code	2025-10-07T15:58:34.0429074Z Updating files:  64% (491/766)
job-core	Checkout code	2025-10-07T15:58:34.1073379Z Updating files:  65% (498/766)
job-core	Checkout code	2025-10-07T15:58:34.1680885Z Updating files:  66% (506/766)
job-core	Checkout code	2025-10-07T15:58:34.2250314Z Updating files:  67% (514/766)
job-core	Checkout code	2025-10-07T15:58:34.3056560Z Updating files:  68% (521/766)
job-core	Checkout code	2025-10-07T15:58:34.4060683Z Updating files:  69% (529/766)
job-core	Checkout code	2025-10-07T15:58:34.4142521Z Updating files:  70% (537/766)
job-core	Checkout code	2025-10-07T15:58:34.4148652Z Updating files:  71% (544/766)
job-core	Checkout code	2025-10-07T15:58:34.4154831Z Updating files:  72% (552/766)
job-core	Checkout code	2025-10-07T15:58:34.4162208Z Updating files:  73% (560/766)
job-core	Checkout code	2025-10-07T15:58:34.4182022Z Updating files:  74% (567/766)
job-core	Checkout code	2025-10-07T15:58:34.4185020Z Updating files:  75% (575/766)
job-core	Checkout code	2025-10-07T15:58:34.4187199Z Updating files:  76% (583/766)
job-core	Checkout code	2025-10-07T15:58:34.4264555Z Updating files:  77% (590/766)
job-core	Checkout code	2025-10-07T15:58:34.4300826Z Updating files:  78% (598/766)
job-core	Checkout code	2025-10-07T15:58:34.4304605Z Updating files:  79% (606/766)
job-core	Checkout code	2025-10-07T15:58:34.4305923Z Updating files:  80% (613/766)
job-core	Checkout code	2025-10-07T15:58:34.4315247Z Updating files:  81% (621/766)
job-core	Checkout code	2025-10-07T15:58:34.4356384Z Updating files:  82% (629/766)
job-core	Checkout code	2025-10-07T15:58:34.4362384Z Updating files:  83% (636/766)
job-core	Checkout code	2025-10-07T15:58:34.4419171Z Updating files:  84% (644/766)
job-core	Checkout code	2025-10-07T15:58:34.4470539Z Updating files:  85% (652/766)
job-core	Checkout code	2025-10-07T15:58:34.4471936Z Updating files:  86% (659/766)
job-core	Checkout code	2025-10-07T15:58:34.4494329Z Updating files:  87% (667/766)
job-core	Checkout code	2025-10-07T15:58:34.4524963Z Updating files:  88% (675/766)
job-core	Checkout code	2025-10-07T15:58:34.4528600Z Updating files:  89% (682/766)
job-core	Checkout code	2025-10-07T15:58:34.4543055Z Updating files:  90% (690/766)
job-core	Checkout code	2025-10-07T15:58:34.4560271Z Updating files:  91% (698/766)
job-core	Checkout code	2025-10-07T15:58:34.4565329Z Updating files:  92% (705/766)
job-core	Checkout code	2025-10-07T15:58:34.4623863Z Updating files:  93% (713/766)
job-core	Checkout code	2025-10-07T15:58:34.4660702Z Updating files:  94% (721/766)
job-core	Checkout code	2025-10-07T15:58:34.4662550Z Updating files:  95% (728/766)
job-core	Checkout code	2025-10-07T15:58:34.4664098Z Updating files:  96% (736/766)
job-core	Checkout code	2025-10-07T15:58:34.4672309Z Updating files:  97% (744/766)
job-core	Checkout code	2025-10-07T15:58:34.4673832Z Updating files:  98% (751/766)
job-core	Checkout code	2025-10-07T15:58:34.4675839Z Updating files:  99% (759/766)
job-core	Checkout code	2025-10-07T15:58:34.4692158Z Updating files: 100% (766/766)
job-core	Checkout code	2025-10-07T15:58:34.4696473Z Updating files: 100% (766/766), done.
job-core	Checkout code	2025-10-07T15:58:34.4736071Z Switched to a new branch 'main'
job-core	Checkout code	2025-10-07T15:58:34.4739324Z branch 'main' set up to track 'origin/main'.
job-core	Checkout code	2025-10-07T15:58:34.5112958Z ##[endgroup]
job-core	Checkout code	2025-10-07T15:58:34.5310845Z [command]/usr/bin/git log -1 --format=%H
job-core	Checkout code	2025-10-07T15:58:34.5430713Z 1cda37a1e62df52bce3392841e5c750f8a16b5f5
job-core	Login to Docker Hub	Ôªø2025-10-07T15:58:34.6578453Z ##[group]Run docker/login-action@v3
job-core	Login to Docker Hub	2025-10-07T15:58:34.6579150Z with:
job-core	Login to Docker Hub	2025-10-07T15:58:34.6579893Z   username: ***
job-core	Login to Docker Hub	2025-10-07T15:58:34.6580542Z   password: ***
job-core	Login to Docker Hub	2025-10-07T15:58:34.6581313Z   logout: true
job-core	Login to Docker Hub	2025-10-07T15:58:34.6581755Z env:
job-core	Login to Docker Hub	2025-10-07T15:58:34.6583070Z   GITHUB_TOKEN: ***
job-core	Login to Docker Hub	2025-10-07T15:58:34.6583667Z   KAOS_MODULE: [Ka0s] Personalized Image Runners
job-core	Login to Docker Hub	2025-10-07T15:58:34.6584378Z   KAOS_CODE: 18318561434
job-core	Login to Docker Hub	2025-10-07T15:58:34.6584929Z   KAOS_PATH_SCAN: audit/scan/
job-core	Login to Docker Hub	2025-10-07T15:58:34.6634268Z ##[endgroup]
job-core	Login to Docker Hub	2025-10-07T15:58:35.4868745Z Logging into docker.io...
job-core	Login to Docker Hub	2025-10-07T15:58:36.6746040Z Login Succeeded!
job-core	Build image	Ôªø2025-10-07T15:58:36.7960642Z ##[group]Run # Construimos la imagen
job-core	Build image	2025-10-07T15:58:36.7962393Z [36;1m# Construimos la imagen[0m
job-core	Build image	2025-10-07T15:58:36.7964140Z [36;1msudo docker build -t trivy-runner:test -f core/runner/trivy-runner//test//Dockerfile . || true[0m
job-core	Build image	2025-10-07T15:58:36.7965874Z [36;1mecho "Se ha generado la imagen trivy-runner:test...."[0m
job-core	Build image	2025-10-07T15:58:36.7966877Z [36;1msudo usermod -aG docker runner [0m
job-core	Build image	2025-10-07T15:58:36.8103888Z shell: /usr/bin/bash -e {0}
job-core	Build image	2025-10-07T15:58:36.8105001Z env:
job-core	Build image	2025-10-07T15:58:36.8106509Z   GITHUB_TOKEN: ***
job-core	Build image	2025-10-07T15:58:36.8107139Z   KAOS_MODULE: [Ka0s] Personalized Image Runners
job-core	Build image	2025-10-07T15:58:36.8108167Z   KAOS_CODE: 18318561434
job-core	Build image	2025-10-07T15:58:36.8108709Z   KAOS_PATH_SCAN: audit/scan/
job-core	Build image	2025-10-07T15:58:36.8109299Z ##[endgroup]
job-core	Build image	2025-10-07T15:58:38.5009241Z #0 building with "default" instance using docker driver
job-core	Build image	2025-10-07T15:58:38.5020507Z 
job-core	Build image	2025-10-07T15:58:38.5021484Z #1 [internal] load build definition from Dockerfile
job-core	Build image	2025-10-07T15:58:39.0945965Z #1 transferring dockerfile:
job-core	Build image	2025-10-07T15:58:39.2518120Z #1 transferring dockerfile: 859B done
job-core	Build image	2025-10-07T15:58:39.3720928Z #1 DONE 1.0s
job-core	Build image	2025-10-07T15:58:39.5911208Z 
job-core	Build image	2025-10-07T15:58:39.5912110Z #2 [internal] load metadata for ghcr.io/actions/actions-runner:latest
job-core	Build image	2025-10-07T15:58:39.9160782Z #2 DONE 0.5s
job-core	Build image	2025-10-07T15:58:40.0678938Z 
job-core	Build image	2025-10-07T15:58:40.0679895Z #3 [internal] load .dockerignore
job-core	Build image	2025-10-07T15:58:40.0680984Z #3 transferring context:
job-core	Build image	2025-10-07T15:58:40.1786114Z #3 transferring context: 2B done
job-core	Build image	2025-10-07T15:58:40.1787267Z #3 DONE 0.2s
job-core	Build image	2025-10-07T15:58:40.3913327Z 
job-core	Build image	2025-10-07T15:58:40.3923106Z #4 [1/4] FROM ghcr.io/actions/actions-runner:latest@sha256:db0dcae6d28559e54277755a33aba7d0665f255b3bd2a66cdc5e132712f155e0
job-core	Build image	2025-10-07T15:58:40.3931668Z #4 DONE 0.0s
job-core	Build image	2025-10-07T15:58:40.3932111Z 
job-core	Build image	2025-10-07T15:58:40.3934465Z #5 [3/4] RUN apt-get update &&     export DEBIAN_FRONTEND=noninteractive &&     ln -fs /usr/share/zoneinfo/Europe/Madrid /etc/localtime &&     dpkg-reconfigure --frontend noninteractive tzdata &&     apt-get upgrade -y
job-core	Build image	2025-10-07T15:58:40.3936328Z #5 CACHED
job-core	Build image	2025-10-07T15:58:40.3936557Z 
job-core	Build image	2025-10-07T15:58:40.3944773Z #6 [2/4] RUN apt-get update &&     apt-get install -y --no-install-recommends net-tools nano acl jq python3 pip bc ca-certificates     tzdata apt-utils apt-transport-https curl wget git gnupg gh &&     openssl &&     dpkg-reconfigure --frontend noninteractive tzdata
job-core	Build image	2025-10-07T15:58:40.3947339Z #6 CACHED
job-core	Build image	2025-10-07T15:58:40.3947597Z 
job-core	Build image	2025-10-07T15:58:40.3947792Z #7 [4/4] WORKDIR /home/runner
job-core	Build image	2025-10-07T15:58:40.3948319Z #7 CACHED
job-core	Build image	2025-10-07T15:58:40.3948723Z 
job-core	Build image	2025-10-07T15:58:40.3948998Z #8 exporting to image
job-core	Build image	2025-10-07T15:58:40.3970049Z #8 exporting layers done
job-core	Build image	2025-10-07T15:58:40.3971328Z #8 writing image sha256:677d0541f98035f96aba07a3dbf2719c18b95e07be79d6c86f61637d91d6da76 done
job-core	Build image	2025-10-07T15:58:40.3972535Z #8 naming to docker.io/library/trivy-runner:test 0.0s done
job-core	Build image	2025-10-07T15:58:40.3973539Z #8 DONE 0.1s
job-core	Build image	2025-10-07T15:58:40.4408182Z Se ha generado la imagen trivy-runner:test....
job-core	Install Trivy vulnerability scanner	Ôªø2025-10-07T15:58:40.5491655Z ##[group]Run # Instalamos Trivy directamente desde el script oficial
job-core	Install Trivy vulnerability scanner	2025-10-07T15:58:40.5493141Z [36;1m# Instalamos Trivy directamente desde el script oficial[0m
job-core	Install Trivy vulnerability scanner	2025-10-07T15:58:40.5494978Z [36;1mcurl -sfL https://raw.githubusercontent.com/aquasecurity/trivy/main/contrib/install.sh | sudo sh -s -- -b /usr/local/bin v0.48.3[0m
job-core	Install Trivy vulnerability scanner	2025-10-07T15:58:40.5496557Z [36;1m[0m
job-core	Install Trivy vulnerability scanner	2025-10-07T15:58:40.5497069Z [36;1m# Ejecutamos el escaneo de la imagen[0m
job-core	Install Trivy vulnerability scanner	2025-10-07T15:58:40.5498263Z [36;1msudo trivy image --severity HIGH,CRITICAL --ignore-unfixed --format table trivy-runner:test[0m
job-core	Install Trivy vulnerability scanner	2025-10-07T15:58:40.5500718Z [36;1msudo trivy image --severity HIGH,CRITICAL --ignore-unfixed --format json trivy-runner:test > audit/scan/18318561434.json[0m
job-core	Install Trivy vulnerability scanner	2025-10-07T15:58:40.5502479Z [36;1mecho "Subimos el scan_image_from_18318561434.json a la ruta audit/scan/"[0m
job-core	Install Trivy vulnerability scanner	2025-10-07T15:58:40.5503579Z [36;1mecho "Uploading files to the repository..."[0m
job-core	Install Trivy vulnerability scanner	2025-10-07T15:58:40.5504630Z [36;1mgit config --global user.name "***"[0m
job-core	Install Trivy vulnerability scanner	2025-10-07T15:58:40.5505542Z [36;1mgit config --global user.email "***"[0m
job-core	Install Trivy vulnerability scanner	2025-10-07T15:58:40.5506251Z [36;1mgit pull --rebase[0m
job-core	Install Trivy vulnerability scanner	2025-10-07T15:58:40.5506832Z [36;1mgit add audit/scan/*[0m
job-core	Install Trivy vulnerability scanner	2025-10-07T15:58:40.5507790Z [36;1mgit commit -m "[Ka0s] Add scan image from 18318561434" || echo "No changes to commit"[0m
job-core	Install Trivy vulnerability scanner	2025-10-07T15:58:40.5508817Z [36;1mMAX_RETRIES=3[0m
job-core	Install Trivy vulnerability scanner	2025-10-07T15:58:40.5509326Z [36;1mCOUNT=0[0m
job-core	Install Trivy vulnerability scanner	2025-10-07T15:58:40.5510123Z [36;1muntil git push origin refs/heads/main --force-with-lease; do[0m
job-core	Install Trivy vulnerability scanner	2025-10-07T15:58:40.5511039Z [36;1m  COUNT=$((COUNT+1))[0m
job-core	Install Trivy vulnerability scanner	2025-10-07T15:58:40.5511662Z [36;1m  if [ $COUNT -ge $MAX_RETRIES ]; then[0m
job-core	Install Trivy vulnerability scanner	2025-10-07T15:58:40.5512602Z [36;1m    echo "‚ùå Error: git push failed after $MAX_RETRIES attempts."[0m
job-core	Install Trivy vulnerability scanner	2025-10-07T15:58:40.5513602Z [36;1m    exit 1[0m
job-core	Install Trivy vulnerability scanner	2025-10-07T15:58:40.5514092Z [36;1m  fi[0m
job-core	Install Trivy vulnerability scanner	2025-10-07T15:58:40.5514767Z [36;1m  echo "‚ö†Ô∏è git push failed, retrying ($COUNT/$MAX_RETRIES)..."[0m
job-core	Install Trivy vulnerability scanner	2025-10-07T15:58:40.5515719Z [36;1m  git pull --rebase[0m
job-core	Install Trivy vulnerability scanner	2025-10-07T15:58:40.5516530Z [36;1m  sleep 2[0m
job-core	Install Trivy vulnerability scanner	2025-10-07T15:58:40.5517021Z [36;1mdone[0m
job-core	Install Trivy vulnerability scanner	2025-10-07T15:58:40.5593723Z shell: /usr/bin/bash -e {0}
job-core	Install Trivy vulnerability scanner	2025-10-07T15:58:40.5594482Z env:
job-core	Install Trivy vulnerability scanner	2025-10-07T15:58:40.5596097Z   GITHUB_TOKEN: ***
job-core	Install Trivy vulnerability scanner	2025-10-07T15:58:40.5596735Z   KAOS_MODULE: [Ka0s] Personalized Image Runners
job-core	Install Trivy vulnerability scanner	2025-10-07T15:58:40.5597482Z   KAOS_CODE: 18318561434
job-core	Install Trivy vulnerability scanner	2025-10-07T15:58:40.5598064Z   KAOS_PATH_SCAN: audit/scan/
job-core	Install Trivy vulnerability scanner	2025-10-07T15:58:40.5598669Z ##[endgroup]
job-core	Install Trivy vulnerability scanner	2025-10-07T15:58:40.8972310Z aquasecurity/trivy info checking GitHub for tag 'v0.48.3'
job-core	Install Trivy vulnerability scanner	2025-10-07T15:58:41.6312083Z aquasecurity/trivy info found version: 0.48.3 for v0.48.3/Linux/64bit
job-core	Install Trivy vulnerability scanner	2025-10-07T15:58:53.1599714Z aquasecurity/trivy info installed /usr/local/bin/trivy
job-core	Install Trivy vulnerability scanner	2025-10-07T15:58:57.8982241Z 2025-10-07T17:58:57.896+0200	[34mINFO[0m	Need to update DB
job-core	Install Trivy vulnerability scanner	2025-10-07T15:58:57.8984303Z 2025-10-07T17:58:57.896+0200	[34mINFO[0m	DB Repository: ghcr.io/aquasecurity/trivy-db
job-core	Install Trivy vulnerability scanner	2025-10-07T15:58:57.9011296Z 2025-10-07T17:58:57.896+0200	[34mINFO[0m	Downloading DB...
job-core	Install Trivy vulnerability scanner	2025-10-07T15:59:18.1809785Z 16.84 MiB / 72.10 MiB [-------------->______________________________________________] 23.36% ? p/s ?33.47 MiB / 72.10 MiB [---------------------------->________________________________] 46.42% ? p/s ?52.59 MiB / 72.10 MiB [-------------------------------------------->________________] 72.94% ? p/s ?72.10 MiB / 72.10 MiB [---------------------------------------------->] 100.00% 92.32 MiB p/s ETA 0s72.10 MiB / 72.10 MiB [---------------------------------------------->] 100.00% 92.32 MiB p/s ETA 0s72.10 MiB / 72.10 MiB [---------------------------------------------->] 100.00% 92.32 MiB p/s ETA 0s72.10 MiB / 72.10 MiB [---------------------------------------------->] 100.00% 86.36 MiB p/s ETA 0s72.10 MiB / 72.10 MiB [---------------------------------------------->] 100.00% 86.36 MiB p/s ETA 0s72.10 MiB / 72.10 MiB [---------------------------------------------->] 100.00% 86.36 MiB p/s ETA 0s72.10 MiB / 72.10 MiB [---------------------------------------------->] 100.00% 80.79 MiB p/s ETA 0s72.10 MiB / 72.10 MiB [---------------------------------------------->] 100.00% 80.79 MiB p/s ETA 0s72.10 MiB / 72.10 MiB [---------------------------------------------->] 100.00% 80.79 MiB p/s ETA 0s72.10 MiB / 72.10 MiB [---------------------------------------------->] 100.00% 75.58 MiB p/s ETA 0s72.10 MiB / 72.10 MiB [---------------------------------------------->] 100.00% 75.58 MiB p/s ETA 0s72.10 MiB / 72.10 MiB [---------------------------------------------->] 100.00% 75.58 MiB p/s ETA 0s72.10 MiB / 72.10 MiB [---------------------------------------------->] 100.00% 70.70 MiB p/s ETA 0s72.10 MiB / 72.10 MiB [---------------------------------------------->] 100.00% 70.70 MiB p/s ETA 0s72.10 MiB / 72.10 MiB [---------------------------------------------->] 100.00% 70.70 MiB p/s ETA 0s72.10 MiB / 72.10 MiB [---------------------------------------------->] 100.00% 66.14 MiB p/s ETA 0s72.10 MiB / 72.10 MiB [---------------------------------------------->] 100.00% 66.14 MiB p/s ETA 0s72.10 MiB / 72.10 MiB [---------------------------------------------->] 100.00% 66.14 MiB p/s ETA 0s72.10 MiB / 72.10 MiB [---------------------------------------------->] 100.00% 61.87 MiB p/s ETA 0s72.10 MiB / 72.10 MiB [---------------------------------------------->] 100.00% 61.87 MiB p/s ETA 0s72.10 MiB / 72.10 MiB [---------------------------------------------->] 100.00% 61.87 MiB p/s ETA 0s72.10 MiB / 72.10 MiB [---------------------------------------------->] 100.00% 57.88 MiB p/s ETA 0s72.10 MiB / 72.10 MiB [---------------------------------------------->] 100.00% 57.88 MiB p/s ETA 0s72.10 MiB / 72.10 MiB [---------------------------------------------->] 100.00% 57.88 MiB p/s ETA 0s72.10 MiB / 72.10 MiB [---------------------------------------------->] 100.00% 54.15 MiB p/s ETA 0s72.10 MiB / 72.10 MiB [---------------------------------------------->] 100.00% 54.15 MiB p/s ETA 0s72.10 MiB / 72.10 MiB [---------------------------------------------->] 100.00% 54.15 MiB p/s ETA 0s72.10 MiB / 72.10 MiB [---------------------------------------------->] 100.00% 50.65 MiB p/s ETA 0s72.10 MiB / 72.10 MiB [---------------------------------------------->] 100.00% 50.65 MiB p/s ETA 0s72.10 MiB / 72.10 MiB [---------------------------------------------->] 100.00% 50.65 MiB p/s ETA 0s72.10 MiB / 72.10 MiB [---------------------------------------------->] 100.00% 47.39 MiB p/s ETA 0s72.10 MiB / 72.10 MiB [---------------------------------------------->] 100.00% 47.39 MiB p/s ETA 0s72.10 MiB / 72.10 MiB [---------------------------------------------->] 100.00% 47.39 MiB p/s ETA 0s72.10 MiB / 72.10 MiB [---------------------------------------------->] 100.00% 44.33 MiB p/s ETA 0s72.10 MiB / 72.10 MiB [---------------------------------------------->] 100.00% 44.33 MiB p/s ETA 0s72.10 MiB / 72.10 MiB [---------------------------------------------->] 100.00% 44.33 MiB p/s ETA 0s72.10 MiB / 72.10 MiB [---------------------------------------------->] 100.00% 41.47 MiB p/s ETA 0s72.10 MiB / 72.10 MiB [---------------------------------------------->] 100.00% 41.47 MiB p/s ETA 0s72.10 MiB / 72.10 MiB [---------------------------------------------->] 100.00% 41.47 MiB p/s ETA 0s72.10 MiB / 72.10 MiB [---------------------------------------------->] 100.00% 38.79 MiB p/s ETA 0s72.10 MiB / 72.10 MiB [---------------------------------------------->] 100.00% 38.79 MiB p/s ETA 0s72.10 MiB / 72.10 MiB [---------------------------------------------->] 100.00% 38.79 MiB p/s ETA 0s72.10 MiB / 72.10 MiB [---------------------------------------------->] 100.00% 36.29 MiB p/s ETA 0s72.10 MiB / 72.10 MiB [---------------------------------------------->] 100.00% 36.29 MiB p/s ETA 0s72.10 MiB / 72.10 MiB [---------------------------------------------->] 100.00% 36.29 MiB p/s ETA 0s72.10 MiB / 72.10 MiB [---------------------------------------------->] 100.00% 33.95 MiB p/s ETA 0s72.10 MiB / 72.10 MiB [---------------------------------------------->] 100.00% 33.95 MiB p/s ETA 0s72.10 MiB / 72.10 MiB [---------------------------------------------->] 100.00% 33.95 MiB p/s ETA 0s72.10 MiB / 72.10 MiB [---------------------------------------------->] 100.00% 31.76 MiB p/s ETA 0s72.10 MiB / 72.10 MiB [---------------------------------------------->] 100.00% 31.76 MiB p/s ETA 0s72.10 MiB / 72.10 MiB [---------------------------------------------->] 100.00% 31.76 MiB p/s ETA 0s72.10 MiB / 72.10 MiB [---------------------------------------------->] 100.00% 29.71 MiB p/s ETA 0s72.10 MiB / 72.10 MiB [---------------------------------------------->] 100.00% 29.71 MiB p/s ETA 0s72.10 MiB / 72.10 MiB [---------------------------------------------->] 100.00% 29.71 MiB p/s ETA 0s72.10 MiB / 72.10 MiB [---------------------------------------------->] 100.00% 27.79 MiB p/s ETA 0s72.10 MiB / 72.10 MiB [---------------------------------------------->] 100.00% 27.79 MiB p/s ETA 0s72.10 MiB / 72.10 MiB [---------------------------------------------->] 100.00% 27.79 MiB p/s ETA 0s72.10 MiB / 72.10 MiB [---------------------------------------------->] 100.00% 26.00 MiB p/s ETA 0s72.10 MiB / 72.10 MiB [---------------------------------------------->] 100.00% 26.00 MiB p/s ETA 0s72.10 MiB / 72.10 MiB [---------------------------------------------->] 100.00% 26.00 MiB p/s ETA 0s72.10 MiB / 72.10 MiB [---------------------------------------------->] 100.00% 24.32 MiB p/s ETA 0s72.10 MiB / 72.10 MiB [---------------------------------------------->] 100.00% 24.32 MiB p/s ETA 0s72.10 MiB / 72.10 MiB [---------------------------------------------->] 100.00% 24.32 MiB p/s ETA 0s72.10 MiB / 72.10 MiB [---------------------------------------------->] 100.00% 22.75 MiB p/s ETA 0s72.10 MiB / 72.10 MiB [---------------------------------------------->] 100.00% 22.75 MiB p/s ETA 0s72.10 MiB / 72.10 MiB [---------------------------------------------->] 100.00% 22.75 MiB p/s ETA 0s72.10 MiB / 72.10 MiB [---------------------------------------------->] 100.00% 21.29 MiB p/s ETA 0s72.10 MiB / 72.10 MiB [---------------------------------------------->] 100.00% 21.29 MiB p/s ETA 0s72.10 MiB / 72.10 MiB [---------------------------------------------->] 100.00% 21.29 MiB p/s ETA 0s72.10 MiB / 72.10 MiB [---------------------------------------------->] 100.00% 19.91 MiB p/s ETA 0s72.10 MiB / 72.10 MiB [---------------------------------------------->] 100.00% 19.91 MiB p/s ETA 0s72.10 MiB / 72.10 MiB [---------------------------------------------->] 100.00% 19.91 MiB p/s ETA 0s72.10 MiB / 72.10 MiB [---------------------------------------------->] 100.00% 18.63 MiB p/s ETA 0s72.10 MiB / 72.10 MiB [---------------------------------------------->] 100.00% 18.63 MiB p/s ETA 0s72.10 MiB / 72.10 MiB [---------------------------------------------->] 100.00% 18.63 MiB p/s ETA 0s72.10 MiB / 72.10 MiB [---------------------------------------------->] 100.00% 17.43 MiB p/s ETA 0s72.10 MiB / 72.10 MiB [---------------------------------------------->] 100.00% 17.43 MiB p/s ETA 0s72.10 MiB / 72.10 MiB [---------------------------------------------->] 100.00% 17.43 MiB p/s ETA 0s72.10 MiB / 72.10 MiB [---------------------------------------------->] 100.00% 16.30 MiB p/s ETA 0s72.10 MiB / 72.10 MiB [---------------------------------------------->] 100.00% 16.30 MiB p/s ETA 0s72.10 MiB / 72.10 MiB [---------------------------------------------->] 100.00% 16.30 MiB p/s ETA 0s72.10 MiB / 72.10 MiB [---------------------------------------------->] 100.00% 15.25 MiB p/s ETA 0s72.10 MiB / 72.10 MiB [---------------------------------------------->] 100.00% 15.25 MiB p/s ETA 0s72.10 MiB / 72.10 MiB [---------------------------------------------->] 100.00% 15.25 MiB p/s ETA 0s72.10 MiB / 72.10 MiB [---------------------------------------------->] 100.00% 14.27 MiB p/s ETA 0s72.10 MiB / 72.10 MiB [---------------------------------------------->] 100.00% 14.27 MiB p/s ETA 0s72.10 MiB / 72.10 MiB [---------------------------------------------->] 100.00% 14.27 MiB p/s ETA 0s72.10 MiB / 72.10 MiB [---------------------------------------------->] 100.00% 13.35 MiB p/s ETA 0s72.10 MiB / 72.10 MiB [---------------------------------------------->] 100.00% 13.35 MiB p/s ETA 0s72.10 MiB / 72.10 MiB [---------------------------------------------->] 100.00% 13.35 MiB p/s ETA 0s72.10 MiB / 72.10 MiB [---------------------------------------------->] 100.00% 12.48 MiB p/s ETA 0s72.10 MiB / 72.10 MiB [---------------------------------------------->] 100.00% 12.48 MiB p/s ETA 0s72.10 MiB / 72.10 MiB [---------------------------------------------->] 100.00% 12.48 MiB p/s ETA 0s72.10 MiB / 72.10 MiB [---------------------------------------------------] 100.00% 3.77 MiB p/s 19s2025-10-07T17:59:18.166+0200	[34mINFO[0m	Vulnerability scanning is enabled
job-core	Install Trivy vulnerability scanner	2025-10-07T15:59:18.1886966Z 2025-10-07T17:59:18.167+0200	[34mINFO[0m	Secret scanning is enabled
job-core	Install Trivy vulnerability scanner	2025-10-07T15:59:18.1889049Z 2025-10-07T17:59:18.167+0200	[34mINFO[0m	If your scanning is slow, please try '--scanners vuln' to disable secret scanning
job-core	Install Trivy vulnerability scanner	2025-10-07T15:59:18.1922508Z 2025-10-07T17:59:18.167+0200	[34mINFO[0m	Please see also https://aquasecurity.github.io/trivy/v0.48/docs/scanner/secret/#recommendation for faster secret detection
job-core	Install Trivy vulnerability scanner	2025-10-07T16:03:15.3190975Z 2025-10-07T18:03:15.317+0200	[34mINFO[0m	Detected OS: ubuntu
job-core	Install Trivy vulnerability scanner	2025-10-07T16:03:15.3193061Z 2025-10-07T18:03:15.317+0200	[34mINFO[0m	Detecting Ubuntu vulnerabilities...
job-core	Install Trivy vulnerability scanner	2025-10-07T16:03:15.3381488Z 2025-10-07T18:03:15.334+0200	[34mINFO[0m	Number of language-specific files: 11
job-core	Install Trivy vulnerability scanner	2025-10-07T16:03:15.3383677Z 2025-10-07T18:03:15.334+0200	[34mINFO[0m	Detecting gobinary vulnerabilities...
job-core	Install Trivy vulnerability scanner	2025-10-07T16:03:15.3565423Z 2025-10-07T18:03:15.356+0200	[34mINFO[0m	Detecting dotnet-core vulnerabilities...
job-core	Install Trivy vulnerability scanner	2025-10-07T16:03:15.3872033Z 2025-10-07T18:03:15.384+0200	[34mINFO[0m	Detecting node-pkg vulnerabilities...
job-core	Install Trivy vulnerability scanner	2025-10-07T16:03:15.6273471Z 2025-10-07T18:03:15.627+0200	[34mINFO[0m	Table result includes only package filenames. Use '--format json' option to get the full path to the package file.
job-core	Install Trivy vulnerability scanner	2025-10-07T16:03:15.6275000Z 
job-core	Install Trivy vulnerability scanner	2025-10-07T16:03:15.6278911Z trivy-runner:test (ubuntu 22.04)
job-core	Install Trivy vulnerability scanner	2025-10-07T16:03:15.6281046Z ================================
job-core	Install Trivy vulnerability scanner	2025-10-07T16:03:15.6281620Z Total: 0 (HIGH: 0, CRITICAL: 0)
job-core	Install Trivy vulnerability scanner	2025-10-07T16:03:15.6283797Z 
job-core	Install Trivy vulnerability scanner	2025-10-07T16:03:15.6311105Z 
job-core	Install Trivy vulnerability scanner	2025-10-07T16:03:15.6313946Z Node.js (node-pkg)
job-core	Install Trivy vulnerability scanner	2025-10-07T16:03:15.6319306Z ==================
job-core	Install Trivy vulnerability scanner	2025-10-07T16:03:15.6321562Z Total: 1 (HIGH: 1, CRITICAL: 0)
job-core	Install Trivy vulnerability scanner	2025-10-07T16:03:15.6322617Z 
job-core	Install Trivy vulnerability scanner	2025-10-07T16:03:15.6325528Z ‚îå‚îÄ‚îÄ‚îÄ‚îÄ‚îÄ‚îÄ‚îÄ‚îÄ‚îÄ‚îÄ‚îÄ‚îÄ‚îÄ‚îÄ‚îÄ‚îÄ‚îÄ‚îÄ‚îÄ‚îÄ‚îÄ‚îÄ‚îÄ‚îÄ‚îÄ‚îÄ‚îÄ‚îÄ‚î¨‚îÄ‚îÄ‚îÄ‚îÄ‚îÄ‚îÄ‚îÄ‚îÄ‚îÄ‚îÄ‚îÄ‚îÄ‚îÄ‚îÄ‚îÄ‚îÄ‚î¨‚îÄ‚îÄ‚îÄ‚îÄ‚îÄ‚îÄ‚îÄ‚îÄ‚îÄ‚îÄ‚î¨‚îÄ‚îÄ‚îÄ‚îÄ‚îÄ‚îÄ‚îÄ‚îÄ‚î¨‚îÄ‚îÄ‚îÄ‚îÄ‚îÄ‚îÄ‚îÄ‚îÄ‚îÄ‚îÄ‚îÄ‚îÄ‚îÄ‚îÄ‚îÄ‚îÄ‚îÄ‚îÄ‚îÄ‚î¨‚îÄ‚îÄ‚îÄ‚îÄ‚îÄ‚îÄ‚îÄ‚îÄ‚îÄ‚îÄ‚îÄ‚îÄ‚îÄ‚îÄ‚îÄ‚î¨‚îÄ‚îÄ‚îÄ‚îÄ‚îÄ‚îÄ‚îÄ‚îÄ‚îÄ‚îÄ‚îÄ‚îÄ‚îÄ‚îÄ‚îÄ‚îÄ‚îÄ‚îÄ‚îÄ‚îÄ‚îÄ‚îÄ‚îÄ‚îÄ‚îÄ‚îÄ‚îÄ‚îÄ‚îÄ‚îÄ‚îÄ‚îÄ‚îÄ‚îÄ‚îÄ‚îÄ‚îÄ‚îÄ‚îÄ‚îÄ‚îÄ‚îÄ‚îÄ‚îÄ‚îÄ‚îÄ‚îÄ‚îÄ‚îÄ‚îÄ‚îÄ‚îê
job-core	Install Trivy vulnerability scanner	2025-10-07T16:03:15.6350865Z ‚îÇ          Library           ‚îÇ Vulnerability  ‚îÇ Severity ‚îÇ Status ‚îÇ Installed Version ‚îÇ Fixed Version ‚îÇ                       Title                       ‚îÇ
job-core	Install Trivy vulnerability scanner	2025-10-07T16:03:15.6353399Z ‚îú‚îÄ‚îÄ‚îÄ‚îÄ‚îÄ‚îÄ‚îÄ‚îÄ‚îÄ‚îÄ‚îÄ‚îÄ‚îÄ‚îÄ‚îÄ‚îÄ‚îÄ‚îÄ‚îÄ‚îÄ‚îÄ‚îÄ‚îÄ‚îÄ‚îÄ‚îÄ‚îÄ‚îÄ‚îº‚îÄ‚îÄ‚îÄ‚îÄ‚îÄ‚îÄ‚îÄ‚îÄ‚îÄ‚îÄ‚îÄ‚îÄ‚îÄ‚îÄ‚îÄ‚îÄ‚îº‚îÄ‚îÄ‚îÄ‚îÄ‚îÄ‚îÄ‚îÄ‚îÄ‚îÄ‚îÄ‚îº‚îÄ‚îÄ‚îÄ‚îÄ‚îÄ‚îÄ‚îÄ‚îÄ‚îº‚îÄ‚îÄ‚îÄ‚îÄ‚îÄ‚îÄ‚îÄ‚îÄ‚îÄ‚îÄ‚îÄ‚îÄ‚îÄ‚îÄ‚îÄ‚îÄ‚îÄ‚îÄ‚îÄ‚îº‚îÄ‚îÄ‚îÄ‚îÄ‚îÄ‚îÄ‚îÄ‚îÄ‚îÄ‚îÄ‚îÄ‚îÄ‚îÄ‚îÄ‚îÄ‚îº‚îÄ‚îÄ‚îÄ‚îÄ‚îÄ‚îÄ‚îÄ‚îÄ‚îÄ‚îÄ‚îÄ‚îÄ‚îÄ‚îÄ‚îÄ‚îÄ‚îÄ‚îÄ‚îÄ‚îÄ‚îÄ‚îÄ‚îÄ‚îÄ‚îÄ‚îÄ‚îÄ‚îÄ‚îÄ‚îÄ‚îÄ‚îÄ‚îÄ‚îÄ‚îÄ‚îÄ‚îÄ‚îÄ‚îÄ‚îÄ‚îÄ‚îÄ‚îÄ‚îÄ‚îÄ‚îÄ‚îÄ‚îÄ‚îÄ‚îÄ‚îÄ‚î§
job-core	Install Trivy vulnerability scanner	2025-10-07T16:03:15.6355492Z ‚îÇ cross-spawn (package.json) ‚îÇ CVE-2024-21538 ‚îÇ HIGH     ‚îÇ fixed  ‚îÇ 7.0.3             ‚îÇ 7.0.5, 6.0.6  ‚îÇ cross-spawn: regular expression denial of service ‚îÇ
job-core	Install Trivy vulnerability scanner	2025-10-07T16:03:15.6357700Z ‚îÇ                            ‚îÇ                ‚îÇ          ‚îÇ        ‚îÇ                   ‚îÇ               ‚îÇ https://avd.aquasec.com/nvd/cve-2024-21538        ‚îÇ
job-core	Install Trivy vulnerability scanner	2025-10-07T16:03:15.6359616Z ‚îî‚îÄ‚îÄ‚îÄ‚îÄ‚îÄ‚îÄ‚îÄ‚îÄ‚îÄ‚îÄ‚îÄ‚îÄ‚îÄ‚îÄ‚îÄ‚îÄ‚îÄ‚îÄ‚îÄ‚îÄ‚îÄ‚îÄ‚îÄ‚îÄ‚îÄ‚îÄ‚îÄ‚îÄ‚î¥‚îÄ‚îÄ‚îÄ‚îÄ‚îÄ‚îÄ‚îÄ‚îÄ‚îÄ‚îÄ‚îÄ‚îÄ‚îÄ‚îÄ‚îÄ‚îÄ‚î¥‚îÄ‚îÄ‚îÄ‚îÄ‚îÄ‚îÄ‚îÄ‚îÄ‚îÄ‚îÄ‚î¥‚îÄ‚îÄ‚îÄ‚îÄ‚îÄ‚îÄ‚îÄ‚îÄ‚î¥‚îÄ‚îÄ‚îÄ‚îÄ‚îÄ‚îÄ‚îÄ‚îÄ‚îÄ‚îÄ‚îÄ‚îÄ‚îÄ‚îÄ‚îÄ‚îÄ‚îÄ‚îÄ‚îÄ‚î¥‚îÄ‚îÄ‚îÄ‚îÄ‚îÄ‚îÄ‚îÄ‚îÄ‚îÄ‚îÄ‚îÄ‚îÄ‚îÄ‚îÄ‚îÄ‚î¥‚îÄ‚îÄ‚îÄ‚îÄ‚îÄ‚îÄ‚îÄ‚îÄ‚îÄ‚îÄ‚îÄ‚îÄ‚îÄ‚îÄ‚îÄ‚îÄ‚îÄ‚îÄ‚îÄ‚îÄ‚îÄ‚îÄ‚îÄ‚îÄ‚îÄ‚îÄ‚îÄ‚îÄ‚îÄ‚îÄ‚îÄ‚îÄ‚îÄ‚îÄ‚îÄ‚îÄ‚îÄ‚îÄ‚îÄ‚îÄ‚îÄ‚îÄ‚îÄ‚îÄ‚îÄ‚îÄ‚îÄ‚îÄ‚îÄ‚îÄ‚îÄ‚îò
job-core	Install Trivy vulnerability scanner	2025-10-07T16:03:18.1322235Z 2025-10-07T18:03:18.132+0200	[34mINFO[0m	Vulnerability scanning is enabled
job-core	Install Trivy vulnerability scanner	2025-10-07T16:03:18.1333087Z 2025-10-07T18:03:18.132+0200	[34mINFO[0m	Secret scanning is enabled
job-core	Install Trivy vulnerability scanner	2025-10-07T16:03:18.1342807Z 2025-10-07T18:03:18.132+0200	[34mINFO[0m	If your scanning is slow, please try '--scanners vuln' to disable secret scanning
job-core	Install Trivy vulnerability scanner	2025-10-07T16:03:18.1345724Z 2025-10-07T18:03:18.132+0200	[34mINFO[0m	Please see also https://aquasecurity.github.io/trivy/v0.48/docs/scanner/secret/#recommendation for faster secret detection
job-core	Install Trivy vulnerability scanner	2025-10-07T16:03:18.3052851Z 2025-10-07T18:03:18.305+0200	[34mINFO[0m	Detected OS: ubuntu
job-core	Install Trivy vulnerability scanner	2025-10-07T16:03:18.3057227Z 2025-10-07T18:03:18.305+0200	[34mINFO[0m	Detecting Ubuntu vulnerabilities...
job-core	Install Trivy vulnerability scanner	2025-10-07T16:03:18.3236394Z 2025-10-07T18:03:18.323+0200	[34mINFO[0m	Number of language-specific files: 11
job-core	Install Trivy vulnerability scanner	2025-10-07T16:03:18.3240295Z 2025-10-07T18:03:18.323+0200	[34mINFO[0m	Detecting dotnet-core vulnerabilities...
job-core	Install Trivy vulnerability scanner	2025-10-07T16:03:18.3484445Z 2025-10-07T18:03:18.348+0200	[34mINFO[0m	Detecting gobinary vulnerabilities...
job-core	Install Trivy vulnerability scanner	2025-10-07T16:03:18.3682935Z 2025-10-07T18:03:18.367+0200	[34mINFO[0m	Detecting node-pkg vulnerabilities...
job-core	Install Trivy vulnerability scanner	2025-10-07T16:03:18.4008573Z Subimos el scan_image_from_18318561434.json a la ruta audit/scan/
job-core	Install Trivy vulnerability scanner	2025-10-07T16:03:18.4011574Z Uploading files to the repository...
job-core	Install Trivy vulnerability scanner	2025-10-07T16:03:21.9338702Z From https://github.com/Ka0s-Klaus/ka0s
job-core	Install Trivy vulnerability scanner	2025-10-07T16:03:21.9340461Z    1cda37a1..d363fd8d  main       -> origin/main
job-core	Install Trivy vulnerability scanner	2025-10-07T16:03:21.9760896Z Updating 1cda37a1..d363fd8d
job-core	Install Trivy vulnerability scanner	2025-10-07T16:03:21.9762401Z Fast-forward
job-core	Install Trivy vulnerability scanner	2025-10-07T16:03:21.9851006Z  audit/inspector/18318503624.json |    1 +
job-core	Install Trivy vulnerability scanner	2025-10-07T16:03:21.9853218Z  audit/inspector/18318503624.log  | 1143 ++++++++++++++++++++++++++++++++++++++
job-core	Install Trivy vulnerability scanner	2025-10-07T16:03:21.9856732Z  audit/inspector/18318532059.json |    1 +
job-core	Install Trivy vulnerability scanner	2025-10-07T16:03:21.9858027Z  audit/inspector/18318532059.log  | 1142 +++++++++++++++++++++++++++++++++++++
job-core	Install Trivy vulnerability scanner	2025-10-07T16:03:21.9859322Z  audit/inspector/18318532064.json |    1 +
job-core	Install Trivy vulnerability scanner	2025-10-07T16:03:21.9860594Z  audit/inspector/18318532064.log  |  843 ++++++++++++++++++++++++++++
job-core	Install Trivy vulnerability scanner	2025-10-07T16:03:21.9862036Z  audit/inspector/18318533793.json |    1 +
job-core	Install Trivy vulnerability scanner	2025-10-07T16:03:21.9863352Z  audit/inspector/18318533793.log  |  866 +++++++++++++++++++++++++++++
job-core	Install Trivy vulnerability scanner	2025-10-07T16:03:21.9864621Z  audit/inspector/18318560587.json |    1 +
job-core	Install Trivy vulnerability scanner	2025-10-07T16:03:21.9866003Z  audit/inspector/18318560587.log  | 1131 +++++++++++++++++++++++++++++++++++++
job-core	Install Trivy vulnerability scanner	2025-10-07T16:03:21.9867446Z  audit/inspector/18318560900.json |    1 +
job-core	Install Trivy vulnerability scanner	2025-10-07T16:03:21.9868656Z  audit/inspector/18318560900.log  |  791 ++++++++++++++++++++++++++
job-core	Install Trivy vulnerability scanner	2025-10-07T16:03:21.9870190Z  audit/scan/18318503624.json      |  338 +++++++++++
job-core	Install Trivy vulnerability scanner	2025-10-07T16:03:21.9871348Z  audit/scan/18318505230.json      |  177 ++++++
job-core	Install Trivy vulnerability scanner	2025-10-07T16:03:21.9872394Z  audit/scan/18318532059.json      |  353 ++++++++++++
job-core	Install Trivy vulnerability scanner	2025-10-07T16:03:21.9873417Z  audit/scan/18318532064.json      |  353 ++++++++++++
job-core	Install Trivy vulnerability scanner	2025-10-07T16:03:21.9874466Z  audit/scan/18318533793.json      |  353 ++++++++++++
job-core	Install Trivy vulnerability scanner	2025-10-07T16:03:21.9875529Z  audit/scan/18318560587.json      |  177 ++++++
job-core	Install Trivy vulnerability scanner	2025-10-07T16:03:21.9876313Z  audit/scan/18318560900.json      |  177 ++++++
job-core	Install Trivy vulnerability scanner	2025-10-07T16:03:21.9920304Z  19 files changed, 7850 insertions(+)
job-core	Install Trivy vulnerability scanner	2025-10-07T16:03:21.9921536Z  create mode 100644 audit/inspector/18318503624.json
job-core	Install Trivy vulnerability scanner	2025-10-07T16:03:21.9922597Z  create mode 100644 audit/inspector/18318503624.log
job-core	Install Trivy vulnerability scanner	2025-10-07T16:03:21.9923525Z  create mode 100644 audit/inspector/18318532059.json
job-core	Install Trivy vulnerability scanner	2025-10-07T16:03:21.9924401Z  create mode 100644 audit/inspector/18318532059.log
job-core	Install Trivy vulnerability scanner	2025-10-07T16:03:21.9925239Z  create mode 100644 audit/inspector/18318532064.json
job-core	Install Trivy vulnerability scanner	2025-10-07T16:03:21.9926103Z  create mode 100644 audit/inspector/18318532064.log
job-core	Install Trivy vulnerability scanner	2025-10-07T16:03:21.9927293Z  create mode 100644 audit/inspector/18318533793.json
job-core	Install Trivy vulnerability scanner	2025-10-07T16:03:21.9928528Z  create mode 100644 audit/inspector/18318533793.log
job-core	Install Trivy vulnerability scanner	2025-10-07T16:03:21.9929660Z  create mode 100644 audit/inspector/18318560587.json
job-core	Install Trivy vulnerability scanner	2025-10-07T16:03:21.9930518Z  create mode 100644 audit/inspector/18318560587.log
job-core	Install Trivy vulnerability scanner	2025-10-07T16:03:21.9939945Z  create mode 100644 audit/inspector/18318560900.json
job-core	Install Trivy vulnerability scanner	2025-10-07T16:03:21.9940934Z  create mode 100644 audit/inspector/18318560900.log
job-core	Install Trivy vulnerability scanner	2025-10-07T16:03:21.9941788Z  create mode 100644 audit/scan/18318503624.json
job-core	Install Trivy vulnerability scanner	2025-10-07T16:03:21.9942573Z  create mode 100644 audit/scan/18318505230.json
job-core	Install Trivy vulnerability scanner	2025-10-07T16:03:21.9943350Z  create mode 100644 audit/scan/18318532059.json
job-core	Install Trivy vulnerability scanner	2025-10-07T16:03:21.9944119Z  create mode 100644 audit/scan/18318532064.json
job-core	Install Trivy vulnerability scanner	2025-10-07T16:03:21.9944917Z  create mode 100644 audit/scan/18318533793.json
job-core	Install Trivy vulnerability scanner	2025-10-07T16:03:21.9945691Z  create mode 100644 audit/scan/18318560587.json
job-core	Install Trivy vulnerability scanner	2025-10-07T16:03:21.9946924Z  create mode 100644 audit/scan/18318560900.json
job-core	Install Trivy vulnerability scanner	2025-10-07T16:03:22.0349420Z [main eec698b6] [Ka0s] Add scan image from 18318561434
job-core	Install Trivy vulnerability scanner	2025-10-07T16:03:22.0350750Z  1 file changed, 335 insertions(+)
job-core	Install Trivy vulnerability scanner	2025-10-07T16:03:22.0353468Z  create mode 100644 audit/scan/18318561434.json
job-core	Install Trivy vulnerability scanner	2025-10-07T16:03:23.0053634Z To https://github.com/Ka0s-Klaus/ka0s
job-core	Install Trivy vulnerability scanner	2025-10-07T16:03:23.0054542Z    d363fd8d..eec698b6  main -> main
job-core	Tag and Push if scan passes	Ôªø2025-10-07T16:03:23.0598092Z ##[group]Run # Logeamos en docker hub
job-core	Tag and Push if scan passes	2025-10-07T16:03:23.0598872Z [36;1m# Logeamos en docker hub[0m
job-core	Tag and Push if scan passes	2025-10-07T16:03:23.0848954Z [36;1msudo docker login -u *** -p ***[0m
job-core	Tag and Push if scan passes	2025-10-07T16:03:23.0850009Z [36;1m# A√±adimos la imagen a la version[0m
job-core	Tag and Push if scan passes	2025-10-07T16:03:23.0850995Z [36;1msudo docker tag trivy-runner:test ***/trivy-runner:test[0m
job-core	Tag and Push if scan passes	2025-10-07T16:03:23.0851936Z [36;1mecho "Se ha generado la version ***/trivy-runner:test ...."[0m
job-core	Tag and Push if scan passes	2025-10-07T16:03:23.0852788Z [36;1m# Subimos las imagenes[0m
job-core	Tag and Push if scan passes	2025-10-07T16:03:23.0853568Z [36;1msudo docker push ***/trivy-runner:test[0m
job-core	Tag and Push if scan passes	2025-10-07T16:03:23.0962612Z shell: /usr/bin/bash -e {0}
job-core	Tag and Push if scan passes	2025-10-07T16:03:23.0963372Z env:
job-core	Tag and Push if scan passes	2025-10-07T16:03:23.0964966Z   GITHUB_TOKEN: ***
job-core	Tag and Push if scan passes	2025-10-07T16:03:23.0965522Z   KAOS_MODULE: [Ka0s] Personalized Image Runners
job-core	Tag and Push if scan passes	2025-10-07T16:03:23.0966271Z   KAOS_CODE: 18318561434
job-core	Tag and Push if scan passes	2025-10-07T16:03:23.0966842Z   KAOS_PATH_SCAN: audit/scan/
job-core	Tag and Push if scan passes	2025-10-07T16:03:23.0967473Z ##[endgroup]
job-core	Tag and Push if scan passes	2025-10-07T16:03:23.1745523Z WARNING! Using --password via the CLI is insecure. Use --password-stdin.
job-core	Tag and Push if scan passes	2025-10-07T16:03:24.1777512Z Login Succeeded
job-core	Tag and Push if scan passes	2025-10-07T16:03:24.1788812Z 
job-core	Tag and Push if scan passes	2025-10-07T16:03:24.1880971Z WARNING! Your credentials are stored unencrypted in '/root/.docker/config.json'.
job-core	Tag and Push if scan passes	2025-10-07T16:03:24.1882545Z Configure a credential helper to remove this warning. See
job-core	Tag and Push if scan passes	2025-10-07T16:03:24.1883762Z https://docs.docker.com/go/credential-store/
job-core	Tag and Push if scan passes	2025-10-07T16:03:24.1884429Z 
job-core	Tag and Push if scan passes	2025-10-07T16:03:24.2687732Z Se ha generado la version ***/trivy-runner:test ....
job-core	Tag and Push if scan passes	2025-10-07T16:03:24.3231700Z The push refers to repository [docker.io/***/trivy-runner]
job-core	Tag and Push if scan passes	2025-10-07T16:03:24.6504962Z 5f70bf18a086: Preparing
job-core	Tag and Push if scan passes	2025-10-07T16:03:24.6508122Z 97cca8134243: Preparing
job-core	Tag and Push if scan passes	2025-10-07T16:03:24.6508745Z e52f9e5627d5: Preparing
job-core	Tag and Push if scan passes	2025-10-07T16:03:24.6534804Z 3434f4824f12: Preparing
job-core	Tag and Push if scan passes	2025-10-07T16:03:24.6535656Z 5e75e89f1382: Preparing
job-core	Tag and Push if scan passes	2025-10-07T16:03:24.6538875Z d189d5e0baf9: Preparing
job-core	Tag and Push if scan passes	2025-10-07T16:03:24.6540126Z 5f70bf18a086: Preparing
job-core	Tag and Push if scan passes	2025-10-07T16:03:24.6541022Z adf87f6215ec: Preparing
job-core	Tag and Push if scan passes	2025-10-07T16:03:24.6541899Z f783f1d71d71: Preparing
job-core	Tag and Push if scan passes	2025-10-07T16:03:24.6554722Z 0cafcbd3752e: Preparing
job-core	Tag and Push if scan passes	2025-10-07T16:03:24.6571345Z 715068af6c5d: Preparing
job-core	Tag and Push if scan passes	2025-10-07T16:03:24.6571944Z 93556be7de21: Preparing
job-core	Tag and Push if scan passes	2025-10-07T16:03:24.6572480Z 90a2bf02e851: Preparing
job-core	Tag and Push if scan passes	2025-10-07T16:03:24.6573014Z adf87f6215ec: Waiting
job-core	Tag and Push if scan passes	2025-10-07T16:03:24.6573529Z f783f1d71d71: Waiting
job-core	Tag and Push if scan passes	2025-10-07T16:03:24.6574045Z 0cafcbd3752e: Waiting
job-core	Tag and Push if scan passes	2025-10-07T16:03:24.6574557Z 715068af6c5d: Waiting
job-core	Tag and Push if scan passes	2025-10-07T16:03:24.6575067Z 93556be7de21: Waiting
job-core	Tag and Push if scan passes	2025-10-07T16:03:24.6575577Z d189d5e0baf9: Waiting
job-core	Tag and Push if scan passes	2025-10-07T16:03:24.6576081Z 90a2bf02e851: Waiting
job-core	Tag and Push if scan passes	2025-10-07T16:03:25.5181447Z 5e75e89f1382: Layer already exists
job-core	Tag and Push if scan passes	2025-10-07T16:03:25.5408378Z 3434f4824f12: Layer already exists
job-core	Tag and Push if scan passes	2025-10-07T16:03:25.5458408Z 5f70bf18a086: Layer already exists
job-core	Tag and Push if scan passes	2025-10-07T16:03:25.5622040Z e52f9e5627d5: Layer already exists
job-core	Tag and Push if scan passes	2025-10-07T16:03:25.5771154Z 97cca8134243: Layer already exists
job-core	Tag and Push if scan passes	2025-10-07T16:03:26.0592439Z adf87f6215ec: Layer already exists
job-core	Tag and Push if scan passes	2025-10-07T16:03:26.0655026Z f783f1d71d71: Layer already exists
job-core	Tag and Push if scan passes	2025-10-07T16:03:26.0684101Z d189d5e0baf9: Layer already exists
job-core	Tag and Push if scan passes	2025-10-07T16:03:26.0739144Z 0cafcbd3752e: Layer already exists
job-core	Tag and Push if scan passes	2025-10-07T16:03:26.0740689Z 715068af6c5d: Layer already exists
job-core	Tag and Push if scan passes	2025-10-07T16:03:26.5645888Z 90a2bf02e851: Layer already exists
job-core	Tag and Push if scan passes	2025-10-07T16:03:26.6036699Z 93556be7de21: Layer already exists
job-core	Tag and Push if scan passes	2025-10-07T16:03:29.1182964Z test: digest: sha256:d0398c39e59a566831d5b42837adfd02d9e9e2577e458dfae7f0e0ad48c40fe9 size: 3054
job-core	Post Login to Docker Hub	Ôªø2025-10-07T16:03:29.1792365Z Post job cleanup.
job-core	Post Login to Docker Hub	2025-10-07T16:03:30.3378747Z [command]/usr/bin/docker logout docker.io
job-core	Post Login to Docker Hub	2025-10-07T16:03:30.3782806Z Removing login credentials for docker.io
job-core	Post Login to Docker Hub	2025-10-07T16:03:30.3923250Z ##[group]Post cache
job-core	Post Login to Docker Hub	2025-10-07T16:03:30.3983827Z State not set
job-core	Post Login to Docker Hub	2025-10-07T16:03:30.3989762Z ##[endgroup]
job-core	Post Checkout code	Ôªø2025-10-07T16:03:30.4750364Z Post job cleanup.
job-core	Post Checkout code	2025-10-07T16:03:30.9479111Z [command]/usr/bin/git version
job-core	Post Checkout code	2025-10-07T16:03:30.9680503Z git version 2.51.0
job-core	Post Checkout code	2025-10-07T16:03:30.9829868Z Copying '/home/runner/.gitconfig' to '/home/runner/_work/_temp/e275a92e-1579-4328-851a-13ca59c60bf7/.gitconfig'
job-core	Post Checkout code	2025-10-07T16:03:30.9917462Z Temporarily overriding HOME='/home/runner/_work/_temp/e275a92e-1579-4328-851a-13ca59c60bf7' before making global git config changes
job-core	Post Checkout code	2025-10-07T16:03:30.9920658Z Adding repository directory to the temporary git global config as a safe directory
job-core	Post Checkout code	2025-10-07T16:03:30.9941556Z [command]/usr/bin/git config --global --add safe.directory /home/runner/_work/ka0s/ka0s
job-core	Post Checkout code	2025-10-07T16:03:31.0024095Z [command]/usr/bin/git config --local --name-only --get-regexp core\.sshCommand
job-core	Post Checkout code	2025-10-07T16:03:31.0181746Z [command]/usr/bin/git submodule foreach --recursive sh -c "git config --local --name-only --get-regexp 'core\.sshCommand' && git config --local --unset-all 'core.sshCommand' || :"
job-core	Post Checkout code	2025-10-07T16:03:31.1087886Z [command]/usr/bin/git config --local --name-only --get-regexp http\.https\:\/\/github\.com\/\.extraheader
job-core	Post Checkout code	2025-10-07T16:03:31.1153707Z http.https://github.com/.extraheader
job-core	Post Checkout code	2025-10-07T16:03:31.1193336Z [command]/usr/bin/git config --local --unset-all http.https://github.com/.extraheader
job-core	Post Checkout code	2025-10-07T16:03:31.1289302Z [command]/usr/bin/git submodule foreach --recursive sh -c "git config --local --name-only --get-regexp 'http\.https\:\/\/github\.com\/\.extraheader' && git config --local --unset-all 'http.https://github.com/.extraheader' || :"
job-core	Complete job	Ôªø2025-10-07T16:03:31.2903516Z Cleaning up orphan processes
handle-success	Set up job	Ôªø2025-10-07T16:03:37.0320655Z Current runner version: '2.328.0'
handle-success	Set up job	2025-10-07T16:03:37.0328948Z Runner name: '2f387bbdbadc'
handle-success	Set up job	2025-10-07T16:03:37.0329771Z Runner group name: 'swarm-runners'
handle-success	Set up job	2025-10-07T16:03:37.0330672Z Machine name: '2f387bbdbadc'
handle-success	Set up job	2025-10-07T16:03:37.0334267Z ##[group]GITHUB_TOKEN Permissions
handle-success	Set up job	2025-10-07T16:03:37.0337002Z Actions: write
handle-success	Set up job	2025-10-07T16:03:37.0337929Z Contents: read
handle-success	Set up job	2025-10-07T16:03:37.0338603Z Issues: write
handle-success	Set up job	2025-10-07T16:03:37.0339191Z Metadata: read
handle-success	Set up job	2025-10-07T16:03:37.0339688Z ##[endgroup]
handle-success	Set up job	2025-10-07T16:03:37.0341817Z Secret source: Actions
handle-success	Set up job	2025-10-07T16:03:37.0342631Z Prepare workflow directory
handle-success	Set up job	2025-10-07T16:03:37.0908104Z Prepare all required actions
handle-success	Set up job	2025-10-07T16:03:37.0950486Z Getting action download info
handle-success	Set up job	2025-10-07T16:03:37.7151511Z Download action repository 'actions/checkout@v4' (SHA:08eba0b27e820071cde6df949e0beb9ba4906955)
handle-success	Set up job	2025-10-07T16:03:38.6978281Z Complete job name: handle-success
handle-success	Checkout code	Ôªø2025-10-07T16:03:38.7509691Z ##[group]Run actions/checkout@v4
handle-success	Checkout code	2025-10-07T16:03:38.7510584Z with:
handle-success	Checkout code	2025-10-07T16:03:38.7511034Z   fetch-depth: 0
handle-success	Checkout code	2025-10-07T16:03:38.7511673Z   token: ***
handle-success	Checkout code	2025-10-07T16:03:38.7512148Z   repository: Ka0s-Klaus/ka0s
handle-success	Checkout code	2025-10-07T16:03:38.7512612Z   ssh-strict: true
handle-success	Checkout code	2025-10-07T16:03:38.7513017Z   ssh-user: git
handle-success	Checkout code	2025-10-07T16:03:38.7513436Z   persist-credentials: true
handle-success	Checkout code	2025-10-07T16:03:38.7513886Z   clean: true
handle-success	Checkout code	2025-10-07T16:03:38.7514301Z   sparse-checkout-cone-mode: true
handle-success	Checkout code	2025-10-07T16:03:38.7514794Z   fetch-tags: false
handle-success	Checkout code	2025-10-07T16:03:38.7515202Z   show-progress: true
handle-success	Checkout code	2025-10-07T16:03:38.7515610Z   lfs: false
handle-success	Checkout code	2025-10-07T16:03:38.7515991Z   submodules: false
handle-success	Checkout code	2025-10-07T16:03:38.7516412Z   set-safe-directory: true
handle-success	Checkout code	2025-10-07T16:03:38.7517085Z env:
handle-success	Checkout code	2025-10-07T16:03:38.7518102Z   GITHUB_TOKEN: ***
handle-success	Checkout code	2025-10-07T16:03:38.7518581Z   KAOS_MODULE: [Ka0s] Personalized Image Runners
handle-success	Checkout code	2025-10-07T16:03:38.7519130Z   KAOS_CODE: 18318561434
handle-success	Checkout code	2025-10-07T16:03:38.7519573Z   KAOS_PATH_SCAN: audit/scan/
handle-success	Checkout code	2025-10-07T16:03:38.7540340Z ##[endgroup]
handle-success	Checkout code	2025-10-07T16:03:38.8700659Z Syncing repository: Ka0s-Klaus/ka0s
handle-success	Checkout code	2025-10-07T16:03:38.8702697Z ##[group]Getting Git version info
handle-success	Checkout code	2025-10-07T16:03:38.8703362Z Working directory is '/home/runner/_work/ka0s/ka0s'
handle-success	Checkout code	2025-10-07T16:03:38.8704457Z [command]/usr/bin/git version
handle-success	Checkout code	2025-10-07T16:03:38.8705407Z git version 2.51.0
handle-success	Checkout code	2025-10-07T16:03:38.8733647Z ##[endgroup]
handle-success	Checkout code	2025-10-07T16:03:38.8751575Z Temporarily overriding HOME='/home/runner/_work/_temp/857796b9-2f49-453b-a108-1c2e0ed71673' before making global git config changes
handle-success	Checkout code	2025-10-07T16:03:38.8753087Z Adding repository directory to the temporary git global config as a safe directory
handle-success	Checkout code	2025-10-07T16:03:38.8758046Z [command]/usr/bin/git config --global --add safe.directory /home/runner/_work/ka0s/ka0s
handle-success	Checkout code	2025-10-07T16:03:38.8796789Z Deleting the contents of '/home/runner/_work/ka0s/ka0s'
handle-success	Checkout code	2025-10-07T16:03:38.8801766Z ##[group]Initializing the repository
handle-success	Checkout code	2025-10-07T16:03:38.8813872Z [command]/usr/bin/git init /home/runner/_work/ka0s/ka0s
handle-success	Checkout code	2025-10-07T16:03:38.8858876Z hint: Using 'master' as the name for the initial branch. This default branch name
handle-success	Checkout code	2025-10-07T16:03:38.8860905Z hint: is subject to change. To configure the initial branch name to use in all
handle-success	Checkout code	2025-10-07T16:03:38.8861900Z hint: of your new repositories, which will suppress this warning, call:
handle-success	Checkout code	2025-10-07T16:03:38.8862709Z hint:
handle-success	Checkout code	2025-10-07T16:03:38.8863195Z hint: 	git config --global init.defaultBranch <name>
handle-success	Checkout code	2025-10-07T16:03:38.8863767Z hint:
handle-success	Checkout code	2025-10-07T16:03:38.8864325Z hint: Names commonly chosen instead of 'master' are 'main', 'trunk' and
handle-success	Checkout code	2025-10-07T16:03:38.8865367Z hint: 'development'. The just-created branch can be renamed via this command:
handle-success	Checkout code	2025-10-07T16:03:38.8866108Z hint:
handle-success	Checkout code	2025-10-07T16:03:38.8866518Z hint: 	git branch -m <name>
handle-success	Checkout code	2025-10-07T16:03:38.8866984Z hint:
handle-success	Checkout code	2025-10-07T16:03:38.8867837Z hint: Disable this message with "git config set advice.defaultBranchName false"
handle-success	Checkout code	2025-10-07T16:03:38.8868813Z Initialized empty Git repository in /home/runner/_work/ka0s/ka0s/.git/
handle-success	Checkout code	2025-10-07T16:03:38.8871564Z [command]/usr/bin/git remote add origin https://github.com/Ka0s-Klaus/ka0s
handle-success	Checkout code	2025-10-07T16:03:38.8908853Z ##[endgroup]
handle-success	Checkout code	2025-10-07T16:03:38.8909684Z ##[group]Disabling automatic garbage collection
handle-success	Checkout code	2025-10-07T16:03:38.8911368Z [command]/usr/bin/git config --local gc.auto 0
handle-success	Checkout code	2025-10-07T16:03:38.8953250Z ##[endgroup]
handle-success	Checkout code	2025-10-07T16:03:38.8954152Z ##[group]Setting up auth
handle-success	Checkout code	2025-10-07T16:03:38.8954891Z [command]/usr/bin/git config --local --name-only --get-regexp core\.sshCommand
handle-success	Checkout code	2025-10-07T16:03:38.8988182Z [command]/usr/bin/git submodule foreach --recursive sh -c "git config --local --name-only --get-regexp 'core\.sshCommand' && git config --local --unset-all 'core.sshCommand' || :"
handle-success	Checkout code	2025-10-07T16:03:38.9240117Z [command]/usr/bin/git config --local --name-only --get-regexp http\.https\:\/\/github\.com\/\.extraheader
handle-success	Checkout code	2025-10-07T16:03:38.9273973Z [command]/usr/bin/git submodule foreach --recursive sh -c "git config --local --name-only --get-regexp 'http\.https\:\/\/github\.com\/\.extraheader' && git config --local --unset-all 'http.https://github.com/.extraheader' || :"
handle-success	Checkout code	2025-10-07T16:03:38.9531993Z [command]/usr/bin/git config --local http.https://github.com/.extraheader AUTHORIZATION: basic ***
handle-success	Checkout code	2025-10-07T16:03:38.9575321Z ##[endgroup]
handle-success	Checkout code	2025-10-07T16:03:38.9576262Z ##[group]Fetching the repository
handle-success	Checkout code	2025-10-07T16:03:38.9585021Z [command]/usr/bin/git -c protocol.version=2 fetch --prune --no-recurse-submodules origin +refs/heads/*:refs/remotes/origin/* +refs/tags/*:refs/tags/*
handle-success	Checkout code	2025-10-07T16:03:48.2670423Z From https://github.com/Ka0s-Klaus/ka0s
handle-success	Checkout code	2025-10-07T16:03:48.2674386Z  * [new branch]        F1149-desarrollo-de-orchestrator -> origin/F1149-desarrollo-de-orchestrator
handle-success	Checkout code	2025-10-07T16:03:48.2744506Z  * [new branch]        F1183-personalizaci√≥n-m√≥dulo-finops -> origin/F1183-personalizaci√≥n-m√≥dulo-finops
handle-success	Checkout code	2025-10-07T16:03:48.2747694Z  * [new branch]        F1224-new-module-mongodb -> origin/F1224-new-module-mongodb
handle-success	Checkout code	2025-10-07T16:03:48.2749469Z  * [new branch]        F220-web-de-resultados  -> origin/F220-web-de-resultados
handle-success	Checkout code	2025-10-07T16:03:48.2752230Z  * [new branch]        F227-despliegue-de-kube-independiente-del-clouder -> origin/F227-despliegue-de-kube-independiente-del-clouder
handle-success	Checkout code	2025-10-07T16:03:48.2755504Z  * [new branch]        F329-documentacion-metodologia-de-kaos -> origin/F329-documentacion-metodologia-de-kaos
handle-success	Checkout code	2025-10-07T16:03:48.2758786Z  * [new branch]        F44-creaci√≥n-m√≥dulo-versionado -> origin/F44-creaci√≥n-m√≥dulo-versionado
handle-success	Checkout code	2025-10-07T16:03:48.2761250Z  * [new branch]        H1128-m√≥dulo-de-observabilidad -> origin/H1128-m√≥dulo-de-observabilidad
handle-success	Checkout code	2025-10-07T16:03:48.2763539Z  * [new branch]        H1139-como-instalar-arc-control -> origin/H1139-como-instalar-arc-control
handle-success	Checkout code	2025-10-07T16:03:48.2765910Z  * [new branch]        H1149-desarrollo-de-orchestrator -> origin/H1149-desarrollo-de-orchestrator
handle-success	Checkout code	2025-10-07T16:03:48.2768762Z  * [new branch]        H1150-desarrollo-de-secciones -> origin/H1150-desarrollo-de-secciones
handle-success	Checkout code	2025-10-07T16:03:48.2771145Z  * [new branch]        H1151-desarrollo-de-secciones-ii -> origin/H1151-desarrollo-de-secciones-ii
handle-success	Checkout code	2025-10-07T16:03:48.2773481Z  * [new branch]        H1152-desarrollo-inicio -> origin/H1152-desarrollo-inicio
handle-success	Checkout code	2025-10-07T16:03:48.2775970Z  * [new branch]        H1183-personalizaci√≥n-m√≥dulo-finops -> origin/H1183-personalizaci√≥n-m√≥dulo-finops
handle-success	Checkout code	2025-10-07T16:03:48.2779124Z  * [new branch]        H1193-ejemplo-web-documentacion -> origin/H1193-ejemplo-web-documentacion
handle-success	Checkout code	2025-10-07T16:03:48.2781398Z  * [new branch]        H1205-web-creation      -> origin/H1205-web-creation
handle-success	Checkout code	2025-10-07T16:03:48.2783346Z  * [new branch]        H1224-new-module-mongodb -> origin/H1224-new-module-mongodb
handle-success	Checkout code	2025-10-07T16:03:48.2785376Z  * [new branch]        H1410-modulo-execution  -> origin/H1410-modulo-execution
handle-success	Checkout code	2025-10-07T16:03:48.2789717Z  * [new branch]        H1514-new-swarm-deployment-stack-with-actions-runners-autoscale -> origin/H1514-new-swarm-deployment-stack-with-actions-runners-autoscale
handle-success	Checkout code	2025-10-07T16:03:48.2793821Z  * [new branch]        H1646-modulo-de-control-de-runners -> origin/H1646-modulo-de-control-de-runners
handle-success	Checkout code	2025-10-07T16:03:48.2796205Z  * [new branch]        H215-modulo-de-summary  -> origin/H215-modulo-de-summary
handle-success	Checkout code	2025-10-07T16:03:48.2798958Z  * [new branch]        H220-web-de-resultados  -> origin/H220-web-de-resultados
handle-success	Checkout code	2025-10-07T16:03:48.2802003Z  * [new branch]        H227-despliegue-de-kube-independiente-del-clouder -> origin/H227-despliegue-de-kube-independiente-del-clouder
handle-success	Checkout code	2025-10-07T16:03:48.2805873Z  * [new branch]        H306-ficheros-de-estadisticas -> origin/H306-ficheros-de-estadisticas
handle-success	Checkout code	2025-10-07T16:03:48.2809387Z  * [new branch]        H328-documentacion-modulo-principal-de-kaos -> origin/H328-documentacion-modulo-principal-de-kaos
handle-success	Checkout code	2025-10-07T16:03:48.2812761Z  * [new branch]        H329-documentacion-metodologia-de-kaos -> origin/H329-documentacion-metodologia-de-kaos
handle-success	Checkout code	2025-10-07T16:03:48.2816114Z  * [new branch]        H338-relanzador-de-jobs-en-caso-de-pattern -> origin/H338-relanzador-de-jobs-en-caso-de-pattern
handle-success	Checkout code	2025-10-07T16:03:48.2819732Z  * [new branch]        H38-documentacion-basica-del-proyecto -> origin/H38-documentacion-basica-del-proyecto
handle-success	Checkout code	2025-10-07T16:03:48.2822875Z  * [new branch]        H44-creaci√≥n-m√≥dulo-versionado -> origin/H44-creaci√≥n-m√≥dulo-versionado
handle-success	Checkout code	2025-10-07T16:03:48.2825490Z  * [new branch]        RN1149-desarrollo-de-orchestrator -> origin/RN1149-desarrollo-de-orchestrator
handle-success	Checkout code	2025-10-07T16:03:48.2828953Z  * [new branch]        RN1183-personalizaci√≥n-m√≥dulo-finops -> origin/RN1183-personalizaci√≥n-m√≥dulo-finops
handle-success	Checkout code	2025-10-07T16:03:48.2832811Z  * [new branch]        RN1282-ka0s-error-detected-in-ka0s-workflow-statistics-summary -> origin/RN1282-ka0s-error-detected-in-ka0s-workflow-statistics-summary
handle-success	Checkout code	2025-10-07T16:03:48.2836303Z  * [new branch]        RN220-web-de-resultados -> origin/RN220-web-de-resultados
handle-success	Checkout code	2025-10-07T16:03:48.2839636Z  * [new branch]        RN227-despliegue-de-kube-independiente-del-clouder -> origin/RN227-despliegue-de-kube-independiente-del-clouder
handle-success	Checkout code	2025-10-07T16:03:48.2843835Z  * [new branch]        RN329-documentacion-metodologia-de-kaos -> origin/RN329-documentacion-metodologia-de-kaos
handle-success	Checkout code	2025-10-07T16:03:48.2846492Z  * [new branch]        main                    -> origin/main
handle-success	Checkout code	2025-10-07T16:03:48.2848322Z  * [new tag]           0.0.0                   -> 0.0.0
handle-success	Checkout code	2025-10-07T16:03:48.2849703Z  * [new tag]           0.0.1                   -> 0.0.1
handle-success	Checkout code	2025-10-07T16:03:48.2851805Z  * [new tag]           0.0.10                  -> 0.0.10
handle-success	Checkout code	2025-10-07T16:03:48.2853388Z  * [new tag]           0.0.100                 -> 0.0.100
handle-success	Checkout code	2025-10-07T16:03:48.2855090Z  * [new tag]           0.0.101                 -> 0.0.101
handle-success	Checkout code	2025-10-07T16:03:48.2856632Z  * [new tag]           0.0.102                 -> 0.0.102
handle-success	Checkout code	2025-10-07T16:03:48.2858466Z  * [new tag]           0.0.103                 -> 0.0.103
handle-success	Checkout code	2025-10-07T16:03:48.2860038Z  * [new tag]           0.0.104                 -> 0.0.104
handle-success	Checkout code	2025-10-07T16:03:48.2861396Z  * [new tag]           0.0.105                 -> 0.0.105
handle-success	Checkout code	2025-10-07T16:03:48.2862768Z  * [new tag]           0.0.106                 -> 0.0.106
handle-success	Checkout code	2025-10-07T16:03:48.2864689Z  * [new tag]           0.0.107                 -> 0.0.107
handle-success	Checkout code	2025-10-07T16:03:48.2866079Z  * [new tag]           0.0.108                 -> 0.0.108
handle-success	Checkout code	2025-10-07T16:03:48.2867430Z  * [new tag]           0.0.109                 -> 0.0.109
handle-success	Checkout code	2025-10-07T16:03:48.2869034Z  * [new tag]           0.0.11                  -> 0.0.11
handle-success	Checkout code	2025-10-07T16:03:48.2870327Z  * [new tag]           0.0.110                 -> 0.0.110
handle-success	Checkout code	2025-10-07T16:03:48.2871633Z  * [new tag]           0.0.111                 -> 0.0.111
handle-success	Checkout code	2025-10-07T16:03:48.2872928Z  * [new tag]           0.0.112                 -> 0.0.112
handle-success	Checkout code	2025-10-07T16:03:48.2874218Z  * [new tag]           0.0.113                 -> 0.0.113
handle-success	Checkout code	2025-10-07T16:03:48.2875500Z  * [new tag]           0.0.114                 -> 0.0.114
handle-success	Checkout code	2025-10-07T16:03:48.2876765Z  * [new tag]           0.0.115                 -> 0.0.115
handle-success	Checkout code	2025-10-07T16:03:48.2878076Z  * [new tag]           0.0.116                 -> 0.0.116
handle-success	Checkout code	2025-10-07T16:03:48.2879353Z  * [new tag]           0.0.117                 -> 0.0.117
handle-success	Checkout code	2025-10-07T16:03:48.2880660Z  * [new tag]           0.0.118                 -> 0.0.118
handle-success	Checkout code	2025-10-07T16:03:48.2882137Z  * [new tag]           0.0.119                 -> 0.0.119
handle-success	Checkout code	2025-10-07T16:03:48.2883409Z  * [new tag]           0.0.12                  -> 0.0.12
handle-success	Checkout code	2025-10-07T16:03:48.2884682Z  * [new tag]           0.0.120                 -> 0.0.120
handle-success	Checkout code	2025-10-07T16:03:48.2885953Z  * [new tag]           0.0.121                 -> 0.0.121
handle-success	Checkout code	2025-10-07T16:03:48.2887228Z  * [new tag]           0.0.122                 -> 0.0.122
handle-success	Checkout code	2025-10-07T16:03:48.2888533Z  * [new tag]           0.0.123                 -> 0.0.123
handle-success	Checkout code	2025-10-07T16:03:48.2889800Z  * [new tag]           0.0.124                 -> 0.0.124
handle-success	Checkout code	2025-10-07T16:03:48.2891063Z  * [new tag]           0.0.125                 -> 0.0.125
handle-success	Checkout code	2025-10-07T16:03:48.2892315Z  * [new tag]           0.0.126                 -> 0.0.126
handle-success	Checkout code	2025-10-07T16:03:48.2893583Z  * [new tag]           0.0.127                 -> 0.0.127
handle-success	Checkout code	2025-10-07T16:03:48.2894854Z  * [new tag]           0.0.128                 -> 0.0.128
handle-success	Checkout code	2025-10-07T16:03:48.2896288Z  * [new tag]           0.0.129                 -> 0.0.129
handle-success	Checkout code	2025-10-07T16:03:48.2897871Z  * [new tag]           0.0.13                  -> 0.0.13
handle-success	Checkout code	2025-10-07T16:03:48.2899392Z  * [new tag]           0.0.130                 -> 0.0.130
handle-success	Checkout code	2025-10-07T16:03:48.2900674Z  * [new tag]           0.0.131                 -> 0.0.131
handle-success	Checkout code	2025-10-07T16:03:48.2901926Z  * [new tag]           0.0.132                 -> 0.0.132
handle-success	Checkout code	2025-10-07T16:03:48.2903182Z  * [new tag]           0.0.133                 -> 0.0.133
handle-success	Checkout code	2025-10-07T16:03:48.2904442Z  * [new tag]           0.0.134                 -> 0.0.134
handle-success	Checkout code	2025-10-07T16:03:48.2905701Z  * [new tag]           0.0.135                 -> 0.0.135
handle-success	Checkout code	2025-10-07T16:03:48.2906961Z  * [new tag]           0.0.136                 -> 0.0.136
handle-success	Checkout code	2025-10-07T16:03:48.2908274Z  * [new tag]           0.0.137                 -> 0.0.137
handle-success	Checkout code	2025-10-07T16:03:48.2909528Z  * [new tag]           0.0.138                 -> 0.0.138
handle-success	Checkout code	2025-10-07T16:03:48.2910782Z  * [new tag]           0.0.139                 -> 0.0.139
handle-success	Checkout code	2025-10-07T16:03:48.2912055Z  * [new tag]           0.0.14                  -> 0.0.14
handle-success	Checkout code	2025-10-07T16:03:48.2913316Z  * [new tag]           0.0.140                 -> 0.0.140
handle-success	Checkout code	2025-10-07T16:03:48.2914558Z  * [new tag]           0.0.141                 -> 0.0.141
handle-success	Checkout code	2025-10-07T16:03:48.2915800Z  * [new tag]           0.0.142                 -> 0.0.142
handle-success	Checkout code	2025-10-07T16:03:48.2917049Z  * [new tag]           0.0.143                 -> 0.0.143
handle-success	Checkout code	2025-10-07T16:03:48.2918335Z  * [new tag]           0.0.144                 -> 0.0.144
handle-success	Checkout code	2025-10-07T16:03:48.2919584Z  * [new tag]           0.0.145                 -> 0.0.145
handle-success	Checkout code	2025-10-07T16:03:48.2920827Z  * [new tag]           0.0.146                 -> 0.0.146
handle-success	Checkout code	2025-10-07T16:03:48.2922071Z  * [new tag]           0.0.147                 -> 0.0.147
handle-success	Checkout code	2025-10-07T16:03:48.2923314Z  * [new tag]           0.0.148                 -> 0.0.148
handle-success	Checkout code	2025-10-07T16:03:48.2924545Z  * [new tag]           0.0.149                 -> 0.0.149
handle-success	Checkout code	2025-10-07T16:03:48.2925772Z  * [new tag]           0.0.15                  -> 0.0.15
handle-success	Checkout code	2025-10-07T16:03:48.2927008Z  * [new tag]           0.0.150                 -> 0.0.150
handle-success	Checkout code	2025-10-07T16:03:48.2928274Z  * [new tag]           0.0.151                 -> 0.0.151
handle-success	Checkout code	2025-10-07T16:03:48.2929463Z  * [new tag]           0.0.152                 -> 0.0.152
handle-success	Checkout code	2025-10-07T16:03:48.2930656Z  * [new tag]           0.0.153                 -> 0.0.153
handle-success	Checkout code	2025-10-07T16:03:48.2931836Z  * [new tag]           0.0.154                 -> 0.0.154
handle-success	Checkout code	2025-10-07T16:03:48.2933056Z  * [new tag]           0.0.155                 -> 0.0.155
handle-success	Checkout code	2025-10-07T16:03:48.2934248Z  * [new tag]           0.0.156                 -> 0.0.156
handle-success	Checkout code	2025-10-07T16:03:48.2935453Z  * [new tag]           0.0.157                 -> 0.0.157
handle-success	Checkout code	2025-10-07T16:03:48.2936644Z  * [new tag]           0.0.158                 -> 0.0.158
handle-success	Checkout code	2025-10-07T16:03:48.2938149Z  * [new tag]           0.0.159                 -> 0.0.159
handle-success	Checkout code	2025-10-07T16:03:48.2939332Z  * [new tag]           0.0.16                  -> 0.0.16
handle-success	Checkout code	2025-10-07T16:03:48.2940511Z  * [new tag]           0.0.160                 -> 0.0.160
handle-success	Checkout code	2025-10-07T16:03:48.2941709Z  * [new tag]           0.0.161                 -> 0.0.161
handle-success	Checkout code	2025-10-07T16:03:48.2943054Z  * [new tag]           0.0.162                 -> 0.0.162
handle-success	Checkout code	2025-10-07T16:03:48.2944224Z  * [new tag]           0.0.163                 -> 0.0.163
handle-success	Checkout code	2025-10-07T16:03:48.2945393Z  * [new tag]           0.0.164                 -> 0.0.164
handle-success	Checkout code	2025-10-07T16:03:48.2946560Z  * [new tag]           0.0.165                 -> 0.0.165
handle-success	Checkout code	2025-10-07T16:03:48.2948057Z  * [new tag]           0.0.166                 -> 0.0.166
handle-success	Checkout code	2025-10-07T16:03:48.2949221Z  * [new tag]           0.0.167                 -> 0.0.167
handle-success	Checkout code	2025-10-07T16:03:48.2950386Z  * [new tag]           0.0.168                 -> 0.0.168
handle-success	Checkout code	2025-10-07T16:03:48.2951558Z  * [new tag]           0.0.169                 -> 0.0.169
handle-success	Checkout code	2025-10-07T16:03:48.2952718Z  * [new tag]           0.0.17                  -> 0.0.17
handle-success	Checkout code	2025-10-07T16:03:48.2953886Z  * [new tag]           0.0.170                 -> 0.0.170
handle-success	Checkout code	2025-10-07T16:03:48.2955201Z  * [new tag]           0.0.171                 -> 0.0.171
handle-success	Checkout code	2025-10-07T16:03:48.2956379Z  * [new tag]           0.0.172                 -> 0.0.172
handle-success	Checkout code	2025-10-07T16:03:48.2957758Z  * [new tag]           0.0.173                 -> 0.0.173
handle-success	Checkout code	2025-10-07T16:03:48.2959171Z  * [new tag]           0.0.174                 -> 0.0.174
handle-success	Checkout code	2025-10-07T16:03:48.2960331Z  * [new tag]           0.0.175                 -> 0.0.175
handle-success	Checkout code	2025-10-07T16:03:48.2961493Z  * [new tag]           0.0.176                 -> 0.0.176
handle-success	Checkout code	2025-10-07T16:03:48.2962644Z  * [new tag]           0.0.177                 -> 0.0.177
handle-success	Checkout code	2025-10-07T16:03:48.2963808Z  * [new tag]           0.0.178                 -> 0.0.178
handle-success	Checkout code	2025-10-07T16:03:48.2965231Z  * [new tag]           0.0.179                 -> 0.0.179
handle-success	Checkout code	2025-10-07T16:03:48.2966385Z  * [new tag]           0.0.18                  -> 0.0.18
handle-success	Checkout code	2025-10-07T16:03:48.2967576Z  * [new tag]           0.0.19                  -> 0.0.19
handle-success	Checkout code	2025-10-07T16:03:48.2968725Z  * [new tag]           0.0.2                   -> 0.0.2
handle-success	Checkout code	2025-10-07T16:03:48.2969887Z  * [new tag]           0.0.20                  -> 0.0.20
handle-success	Checkout code	2025-10-07T16:03:48.2971055Z  * [new tag]           0.0.21                  -> 0.0.21
handle-success	Checkout code	2025-10-07T16:03:48.2972208Z  * [new tag]           0.0.22                  -> 0.0.22
handle-success	Checkout code	2025-10-07T16:03:48.2973358Z  * [new tag]           0.0.23                  -> 0.0.23
handle-success	Checkout code	2025-10-07T16:03:48.2974513Z  * [new tag]           0.0.24                  -> 0.0.24
handle-success	Checkout code	2025-10-07T16:03:48.2975662Z  * [new tag]           0.0.25                  -> 0.0.25
handle-success	Checkout code	2025-10-07T16:03:48.2976807Z  * [new tag]           0.0.26                  -> 0.0.26
handle-success	Checkout code	2025-10-07T16:03:48.2978578Z  * [new tag]           0.0.27                  -> 0.0.27
handle-success	Checkout code	2025-10-07T16:03:48.2979730Z  * [new tag]           0.0.28                  -> 0.0.28
handle-success	Checkout code	2025-10-07T16:03:48.2980880Z  * [new tag]           0.0.29                  -> 0.0.29
handle-success	Checkout code	2025-10-07T16:03:48.2982015Z  * [new tag]           0.0.3                   -> 0.0.3
handle-success	Checkout code	2025-10-07T16:03:48.2983155Z  * [new tag]           0.0.30                  -> 0.0.30
handle-success	Checkout code	2025-10-07T16:03:48.2984320Z  * [new tag]           0.0.31                  -> 0.0.31
handle-success	Checkout code	2025-10-07T16:03:48.2985486Z  * [new tag]           0.0.32                  -> 0.0.32
handle-success	Checkout code	2025-10-07T16:03:48.2987239Z  * [new tag]           0.0.33                  -> 0.0.33
handle-success	Checkout code	2025-10-07T16:03:48.2988996Z  * [new tag]           0.0.34                  -> 0.0.34
handle-success	Checkout code	2025-10-07T16:03:48.2990154Z  * [new tag]           0.0.35                  -> 0.0.35
handle-success	Checkout code	2025-10-07T16:03:48.2991328Z  * [new tag]           0.0.36                  -> 0.0.36
handle-success	Checkout code	2025-10-07T16:03:48.2992465Z  * [new tag]           0.0.37                  -> 0.0.37
handle-success	Checkout code	2025-10-07T16:03:48.2993617Z  * [new tag]           0.0.38                  -> 0.0.38
handle-success	Checkout code	2025-10-07T16:03:48.2994774Z  * [new tag]           0.0.39                  -> 0.0.39
handle-success	Checkout code	2025-10-07T16:03:48.2995923Z  * [new tag]           0.0.4                   -> 0.0.4
handle-success	Checkout code	2025-10-07T16:03:48.2997065Z  * [new tag]           0.0.40                  -> 0.0.40
handle-success	Checkout code	2025-10-07T16:03:48.2998544Z  * [new tag]           0.0.41                  -> 0.0.41
handle-success	Checkout code	2025-10-07T16:03:48.2999735Z  * [new tag]           0.0.42                  -> 0.0.42
handle-success	Checkout code	2025-10-07T16:03:48.3001061Z  * [new tag]           0.0.43                  -> 0.0.43
handle-success	Checkout code	2025-10-07T16:03:48.3002232Z  * [new tag]           0.0.44                  -> 0.0.44
handle-success	Checkout code	2025-10-07T16:03:48.3003394Z  * [new tag]           0.0.45                  -> 0.0.45
handle-success	Checkout code	2025-10-07T16:03:48.3004818Z  * [new tag]           0.0.46                  -> 0.0.46
handle-success	Checkout code	2025-10-07T16:03:48.3005984Z  * [new tag]           0.0.47                  -> 0.0.47
handle-success	Checkout code	2025-10-07T16:03:48.3007156Z  * [new tag]           0.0.48                  -> 0.0.48
handle-success	Checkout code	2025-10-07T16:03:48.3008638Z  * [new tag]           0.0.49                  -> 0.0.49
handle-success	Checkout code	2025-10-07T16:03:48.3009791Z  * [new tag]           0.0.5                   -> 0.0.5
handle-success	Checkout code	2025-10-07T16:03:48.3010938Z  * [new tag]           0.0.50                  -> 0.0.50
handle-success	Checkout code	2025-10-07T16:03:48.3012098Z  * [new tag]           0.0.51                  -> 0.0.51
handle-success	Checkout code	2025-10-07T16:03:48.3013247Z  * [new tag]           0.0.52                  -> 0.0.52
handle-success	Checkout code	2025-10-07T16:03:48.3014603Z  * [new tag]           0.0.53                  -> 0.0.53
handle-success	Checkout code	2025-10-07T16:03:48.3015773Z  * [new tag]           0.0.54                  -> 0.0.54
handle-success	Checkout code	2025-10-07T16:03:48.3016930Z  * [new tag]           0.0.55                  -> 0.0.55
handle-success	Checkout code	2025-10-07T16:03:48.3018430Z  * [new tag]           0.0.56                  -> 0.0.56
handle-success	Checkout code	2025-10-07T16:03:48.3019857Z  * [new tag]           0.0.57                  -> 0.0.57
handle-success	Checkout code	2025-10-07T16:03:48.3021051Z  * [new tag]           0.0.58                  -> 0.0.58
handle-success	Checkout code	2025-10-07T16:03:48.3022653Z  * [new tag]           0.0.59                  -> 0.0.59
handle-success	Checkout code	2025-10-07T16:03:48.3024071Z  * [new tag]           0.0.6                   -> 0.0.6
handle-success	Checkout code	2025-10-07T16:03:48.3025469Z  * [new tag]           0.0.60                  -> 0.0.60
handle-success	Checkout code	2025-10-07T16:03:48.3026657Z  * [new tag]           0.0.61                  -> 0.0.61
handle-success	Checkout code	2025-10-07T16:03:48.3028155Z  * [new tag]           0.0.62                  -> 0.0.62
handle-success	Checkout code	2025-10-07T16:03:48.3029469Z  * [new tag]           0.0.63                  -> 0.0.63
handle-success	Checkout code	2025-10-07T16:03:48.3030640Z  * [new tag]           0.0.64                  -> 0.0.64
handle-success	Checkout code	2025-10-07T16:03:48.3031847Z  * [new tag]           0.0.65                  -> 0.0.65
handle-success	Checkout code	2025-10-07T16:03:48.3033237Z  * [new tag]           0.0.66                  -> 0.0.66
handle-success	Checkout code	2025-10-07T16:03:48.3034554Z  * [new tag]           0.0.67                  -> 0.0.67
handle-success	Checkout code	2025-10-07T16:03:48.3035710Z  * [new tag]           0.0.68                  -> 0.0.68
handle-success	Checkout code	2025-10-07T16:03:48.3036857Z  * [new tag]           0.0.69                  -> 0.0.69
handle-success	Checkout code	2025-10-07T16:03:48.3038245Z  * [new tag]           0.0.7                   -> 0.0.7
handle-success	Checkout code	2025-10-07T16:03:48.3039825Z  * [new tag]           0.0.70                  -> 0.0.70
handle-success	Checkout code	2025-10-07T16:03:48.3041430Z  * [new tag]           0.0.71                  -> 0.0.71
handle-success	Checkout code	2025-10-07T16:03:48.3043194Z  * [new tag]           0.0.72                  -> 0.0.72
handle-success	Checkout code	2025-10-07T16:03:48.3044513Z  * [new tag]           0.0.73                  -> 0.0.73
handle-success	Checkout code	2025-10-07T16:03:48.3045705Z  * [new tag]           0.0.74                  -> 0.0.74
handle-success	Checkout code	2025-10-07T16:03:48.3046897Z  * [new tag]           0.0.75                  -> 0.0.75
handle-success	Checkout code	2025-10-07T16:03:48.3048593Z  * [new tag]           0.0.76                  -> 0.0.76
handle-success	Checkout code	2025-10-07T16:03:48.3049767Z  * [new tag]           0.0.77                  -> 0.0.77
handle-success	Checkout code	2025-10-07T16:03:48.3050912Z  * [new tag]           0.0.78                  -> 0.0.78
handle-success	Checkout code	2025-10-07T16:03:48.3052503Z  * [new tag]           0.0.79                  -> 0.0.79
handle-success	Checkout code	2025-10-07T16:03:48.3053911Z  * [new tag]           0.0.8                   -> 0.0.8
handle-success	Checkout code	2025-10-07T16:03:48.3055091Z  * [new tag]           0.0.80                  -> 0.0.80
handle-success	Checkout code	2025-10-07T16:03:48.3056273Z  * [new tag]           0.0.81                  -> 0.0.81
handle-success	Checkout code	2025-10-07T16:03:48.3057782Z  * [new tag]           0.0.82                  -> 0.0.82
handle-success	Checkout code	2025-10-07T16:03:48.3059069Z  * [new tag]           0.0.83                  -> 0.0.83
handle-success	Checkout code	2025-10-07T16:03:48.3060197Z  * [new tag]           0.0.84                  -> 0.0.84
handle-success	Checkout code	2025-10-07T16:03:48.3061330Z  * [new tag]           0.0.85                  -> 0.0.85
handle-success	Checkout code	2025-10-07T16:03:48.3062483Z  * [new tag]           0.0.86                  -> 0.0.86
handle-success	Checkout code	2025-10-07T16:03:48.3063886Z  * [new tag]           0.0.87                  -> 0.0.87
handle-success	Checkout code	2025-10-07T16:03:48.3065008Z  * [new tag]           0.0.88                  -> 0.0.88
handle-success	Checkout code	2025-10-07T16:03:48.3066132Z  * [new tag]           0.0.89                  -> 0.0.89
handle-success	Checkout code	2025-10-07T16:03:48.3067251Z  * [new tag]           0.0.9                   -> 0.0.9
handle-success	Checkout code	2025-10-07T16:03:48.3068709Z  * [new tag]           0.0.90                  -> 0.0.90
handle-success	Checkout code	2025-10-07T16:03:48.3069829Z  * [new tag]           0.0.91                  -> 0.0.91
handle-success	Checkout code	2025-10-07T16:03:48.3070951Z  * [new tag]           0.0.92                  -> 0.0.92
handle-success	Checkout code	2025-10-07T16:03:48.3072070Z  * [new tag]           0.0.93                  -> 0.0.93
handle-success	Checkout code	2025-10-07T16:03:48.3073190Z  * [new tag]           0.0.94                  -> 0.0.94
handle-success	Checkout code	2025-10-07T16:03:48.3074304Z  * [new tag]           0.0.95                  -> 0.0.95
handle-success	Checkout code	2025-10-07T16:03:48.3075411Z  * [new tag]           0.0.96                  -> 0.0.96
handle-success	Checkout code	2025-10-07T16:03:48.3076700Z  * [new tag]           0.0.97                  -> 0.0.97
handle-success	Checkout code	2025-10-07T16:03:48.3078185Z  * [new tag]           0.0.98                  -> 0.0.98
handle-success	Checkout code	2025-10-07T16:03:48.3079306Z  * [new tag]           0.0.99                  -> 0.0.99
handle-success	Checkout code	2025-10-07T16:03:48.3080406Z  * [new tag]           0.1.0                   -> 0.1.0
handle-success	Checkout code	2025-10-07T16:03:48.3081487Z  * [new tag]           0.1.1                   -> 0.1.1
handle-success	Checkout code	2025-10-07T16:03:48.3082580Z  * [new tag]           0.2.0                   -> 0.2.0
handle-success	Checkout code	2025-10-07T16:03:48.3083659Z  * [new tag]           0.3.0                   -> 0.3.0
handle-success	Checkout code	2025-10-07T16:03:48.3084748Z  * [new tag]           0.3.1                   -> 0.3.1
handle-success	Checkout code	2025-10-07T16:03:48.3085850Z  * [new tag]           0.3.10                  -> 0.3.10
handle-success	Checkout code	2025-10-07T16:03:48.3087121Z  * [new tag]           0.3.11                  -> 0.3.11
handle-success	Checkout code	2025-10-07T16:03:48.3088687Z  * [new tag]           0.3.12                  -> 0.3.12
handle-success	Checkout code	2025-10-07T16:03:48.3089808Z  * [new tag]           0.3.13                  -> 0.3.13
handle-success	Checkout code	2025-10-07T16:03:48.3090934Z  * [new tag]           0.3.14                  -> 0.3.14
handle-success	Checkout code	2025-10-07T16:03:48.3092064Z  * [new tag]           0.3.15                  -> 0.3.15
handle-success	Checkout code	2025-10-07T16:03:48.3093214Z  * [new tag]           0.3.16                  -> 0.3.16
handle-success	Checkout code	2025-10-07T16:03:48.3094333Z  * [new tag]           0.3.17                  -> 0.3.17
handle-success	Checkout code	2025-10-07T16:03:48.3095447Z  * [new tag]           0.3.2                   -> 0.3.2
handle-success	Checkout code	2025-10-07T16:03:48.3096556Z  * [new tag]           0.3.3                   -> 0.3.3
handle-success	Checkout code	2025-10-07T16:03:48.3098116Z  * [new tag]           0.3.4                   -> 0.3.4
handle-success	Checkout code	2025-10-07T16:03:48.3099220Z  * [new tag]           0.3.5                   -> 0.3.5
handle-success	Checkout code	2025-10-07T16:03:48.3100320Z  * [new tag]           0.3.6                   -> 0.3.6
handle-success	Checkout code	2025-10-07T16:03:48.3101417Z  * [new tag]           0.3.7                   -> 0.3.7
handle-success	Checkout code	2025-10-07T16:03:48.3102667Z  * [new tag]           0.3.8                   -> 0.3.8
handle-success	Checkout code	2025-10-07T16:03:48.3104062Z  * [new tag]           0.3.9                   -> 0.3.9
handle-success	Checkout code	2025-10-07T16:03:48.3105433Z  * [new tag]           0.4.0                   -> 0.4.0
handle-success	Checkout code	2025-10-07T16:03:48.3106635Z  * [new tag]           0.4.1                   -> 0.4.1
handle-success	Checkout code	2025-10-07T16:03:48.3108117Z  * [new tag]           0.4.10                  -> 0.4.10
handle-success	Checkout code	2025-10-07T16:03:48.3109840Z  * [new tag]           0.4.2                   -> 0.4.2
handle-success	Checkout code	2025-10-07T16:03:48.3110999Z  * [new tag]           0.4.3                   -> 0.4.3
handle-success	Checkout code	2025-10-07T16:03:48.3112276Z  * [new tag]           0.4.4                   -> 0.4.4
handle-success	Checkout code	2025-10-07T16:03:48.3113395Z  * [new tag]           0.4.5                   -> 0.4.5
handle-success	Checkout code	2025-10-07T16:03:48.3114790Z  * [new tag]           0.4.6                   -> 0.4.6
handle-success	Checkout code	2025-10-07T16:03:48.3116474Z  * [new tag]           0.4.7                   -> 0.4.7
handle-success	Checkout code	2025-10-07T16:03:48.3117758Z  * [new tag]           0.4.8                   -> 0.4.8
handle-success	Checkout code	2025-10-07T16:03:48.3119103Z  * [new tag]           0.4.9                   -> 0.4.9
handle-success	Checkout code	2025-10-07T16:03:48.3122362Z [command]/usr/bin/git branch --list --remote origin/main
handle-success	Checkout code	2025-10-07T16:03:48.3123560Z   origin/main
handle-success	Checkout code	2025-10-07T16:03:48.3125815Z [command]/usr/bin/git rev-parse refs/remotes/origin/main
handle-success	Checkout code	2025-10-07T16:03:48.3141879Z eec698b689bb4c0b852ec9118a46b978376a3045
handle-success	Checkout code	2025-10-07T16:03:48.3162586Z [command]/usr/bin/git -c protocol.version=2 fetch --no-tags --prune --no-recurse-submodules origin +1cda37a1e62df52bce3392841e5c750f8a16b5f5:refs/remotes/origin/main
handle-success	Checkout code	2025-10-07T16:03:48.3315574Z From https://github.com/Ka0s-Klaus/ka0s
handle-success	Checkout code	2025-10-07T16:03:48.3318165Z  + eec698b6...1cda37a1 1cda37a1e62df52bce3392841e5c750f8a16b5f5 -> origin/main  (forced update)
handle-success	Checkout code	2025-10-07T16:03:48.3347473Z ##[endgroup]
handle-success	Checkout code	2025-10-07T16:03:48.3348969Z ##[group]Determining the checkout info
handle-success	Checkout code	2025-10-07T16:03:48.3350536Z ##[endgroup]
handle-success	Checkout code	2025-10-07T16:03:48.3352490Z [command]/usr/bin/git sparse-checkout disable
handle-success	Checkout code	2025-10-07T16:03:48.3395443Z [command]/usr/bin/git config --local --unset-all extensions.worktreeConfig
handle-success	Checkout code	2025-10-07T16:03:48.3429826Z ##[group]Checking out the ref
handle-success	Checkout code	2025-10-07T16:03:48.3432920Z [command]/usr/bin/git checkout --progress --force -B main refs/remotes/origin/main
handle-success	Checkout code	2025-10-07T16:03:49.1196012Z Switched to a new branch 'main'
handle-success	Checkout code	2025-10-07T16:03:49.1198666Z branch 'main' set up to track 'origin/main'.
handle-success	Checkout code	2025-10-07T16:03:49.1305344Z ##[endgroup]
handle-success	Checkout code	2025-10-07T16:03:49.1351534Z [command]/usr/bin/git log -1 --format=%H
handle-success	Checkout code	2025-10-07T16:03:49.1390158Z 1cda37a1e62df52bce3392841e5c750f8a16b5f5
handle-success	handle-success-execution	Ôªø2025-10-07T16:03:49.1639733Z ##[group]Run # RNNUMBER=$(echo "refs/heads/main" | grep -o '[0-9]*')
handle-success	handle-success-execution	2025-10-07T16:03:49.1640413Z [36;1m# RNNUMBER=$(echo "refs/heads/main" | grep -o '[0-9]*')[0m
handle-success	handle-success-execution	2025-10-07T16:03:49.1641229Z [36;1m# gh issue comment $RNNUMBER --body "El proceso ha finalizado correctamente 18318561434. El resultado est√° en el fichero core/results/event_data_18318561434.log"[0m
handle-success	handle-success-execution	2025-10-07T16:03:49.1642531Z [36;1mecho "El proceso ha finalizado correctamente 18318561434. El resultado est√° en el fichero core/results/event_data_18318561434.log"[0m
handle-success	handle-success-execution	2025-10-07T16:03:49.1656041Z shell: /usr/bin/bash -e {0}
handle-success	handle-success-execution	2025-10-07T16:03:49.1656380Z env:
handle-success	handle-success-execution	2025-10-07T16:03:49.1657593Z   GITHUB_TOKEN: ***
handle-success	handle-success-execution	2025-10-07T16:03:49.1658041Z   KAOS_MODULE: [Ka0s] Personalized Image Runners
handle-success	handle-success-execution	2025-10-07T16:03:49.1658393Z   KAOS_CODE: 18318561434
handle-success	handle-success-execution	2025-10-07T16:03:49.1658663Z   KAOS_PATH_SCAN: audit/scan/
handle-success	handle-success-execution	2025-10-07T16:03:49.1659088Z   GH_TOKEN: ***
handle-success	handle-success-execution	2025-10-07T16:03:49.1659321Z ##[endgroup]
handle-success	handle-success-execution	2025-10-07T16:03:49.1721841Z El proceso ha finalizado correctamente 18318561434. El resultado est√° en el fichero core/results/event_data_18318561434.log
handle-success	Post Checkout code	Ôªø2025-10-07T16:03:49.1859301Z Post job cleanup.
handle-success	Post Checkout code	2025-10-07T16:03:49.2841156Z [command]/usr/bin/git version
handle-success	Post Checkout code	2025-10-07T16:03:49.2881653Z git version 2.51.0
handle-success	Post Checkout code	2025-10-07T16:03:49.2937681Z Temporarily overriding HOME='/home/runner/_work/_temp/3a30dd51-76ae-49d9-802c-866702026961' before making global git config changes
handle-success	Post Checkout code	2025-10-07T16:03:49.2938763Z Adding repository directory to the temporary git global config as a safe directory
handle-success	Post Checkout code	2025-10-07T16:03:49.2943961Z [command]/usr/bin/git config --global --add safe.directory /home/runner/_work/ka0s/ka0s
handle-success	Post Checkout code	2025-10-07T16:03:49.2985469Z [command]/usr/bin/git config --local --name-only --get-regexp core\.sshCommand
handle-success	Post Checkout code	2025-10-07T16:03:49.3023781Z [command]/usr/bin/git submodule foreach --recursive sh -c "git config --local --name-only --get-regexp 'core\.sshCommand' && git config --local --unset-all 'core.sshCommand' || :"
handle-success	Post Checkout code	2025-10-07T16:03:49.3282045Z [command]/usr/bin/git config --local --name-only --get-regexp http\.https\:\/\/github\.com\/\.extraheader
handle-success	Post Checkout code	2025-10-07T16:03:49.3307084Z http.https://github.com/.extraheader
handle-success	Post Checkout code	2025-10-07T16:03:49.3318592Z [command]/usr/bin/git config --local --unset-all http.https://github.com/.extraheader
handle-success	Post Checkout code	2025-10-07T16:03:49.3357552Z [command]/usr/bin/git submodule foreach --recursive sh -c "git config --local --name-only --get-regexp 'http\.https\:\/\/github\.com\/\.extraheader' && git config --local --unset-all 'http.https://github.com/.extraheader' || :"
handle-success	Complete job	Ôªø2025-10-07T16:03:49.3763504Z Cleaning up orphan processes
end-workflow	Set up job	Ôªø2025-10-07T16:03:55.3711316Z Current runner version: '2.328.0'
end-workflow	Set up job	2025-10-07T16:03:55.3719514Z Runner name: 'ce784f20d0d3'
end-workflow	Set up job	2025-10-07T16:03:55.3720536Z Runner group name: 'swarm-runners'
end-workflow	Set up job	2025-10-07T16:03:55.3721743Z Machine name: 'ce784f20d0d3'
end-workflow	Set up job	2025-10-07T16:03:55.3725546Z ##[group]GITHUB_TOKEN Permissions
end-workflow	Set up job	2025-10-07T16:03:55.3729350Z Actions: write
end-workflow	Set up job	2025-10-07T16:03:55.3730045Z Contents: read
end-workflow	Set up job	2025-10-07T16:03:55.3730629Z Issues: write
end-workflow	Set up job	2025-10-07T16:03:55.3731137Z Metadata: read
end-workflow	Set up job	2025-10-07T16:03:55.3731719Z ##[endgroup]
end-workflow	Set up job	2025-10-07T16:03:55.3734222Z Secret source: Actions
end-workflow	Set up job	2025-10-07T16:03:55.3735154Z Prepare workflow directory
end-workflow	Set up job	2025-10-07T16:03:55.4310853Z Prepare all required actions
end-workflow	Set up job	2025-10-07T16:03:55.4352069Z Getting action download info
end-workflow	Set up job	2025-10-07T16:03:55.9937217Z Download action repository 'actions/checkout@v4' (SHA:08eba0b27e820071cde6df949e0beb9ba4906955)
end-workflow	Set up job	2025-10-07T16:03:56.7814766Z Complete job name: end-workflow
end-workflow	Checkout code	Ôªø2025-10-07T16:03:56.8342290Z ##[group]Run actions/checkout@v4
end-workflow	Checkout code	2025-10-07T16:03:56.8343187Z with:
end-workflow	Checkout code	2025-10-07T16:03:56.8343641Z   fetch-depth: 0
end-workflow	Checkout code	2025-10-07T16:03:56.8344286Z   token: ***
end-workflow	Checkout code	2025-10-07T16:03:56.8344971Z   repository: Ka0s-Klaus/ka0s
end-workflow	Checkout code	2025-10-07T16:03:56.8345446Z   ssh-strict: true
end-workflow	Checkout code	2025-10-07T16:03:56.8345855Z   ssh-user: git
end-workflow	Checkout code	2025-10-07T16:03:56.8346283Z   persist-credentials: true
end-workflow	Checkout code	2025-10-07T16:03:56.8346736Z   clean: true
end-workflow	Checkout code	2025-10-07T16:03:56.8347148Z   sparse-checkout-cone-mode: true
end-workflow	Checkout code	2025-10-07T16:03:56.8347714Z   fetch-tags: false
end-workflow	Checkout code	2025-10-07T16:03:56.8348246Z   show-progress: true
end-workflow	Checkout code	2025-10-07T16:03:56.8348648Z   lfs: false
end-workflow	Checkout code	2025-10-07T16:03:56.8349026Z   submodules: false
end-workflow	Checkout code	2025-10-07T16:03:56.8349438Z   set-safe-directory: true
end-workflow	Checkout code	2025-10-07T16:03:56.8350115Z env:
end-workflow	Checkout code	2025-10-07T16:03:56.8351008Z   GITHUB_TOKEN: ***
end-workflow	Checkout code	2025-10-07T16:03:56.8351472Z   KAOS_MODULE: [Ka0s] Personalized Image Runners
end-workflow	Checkout code	2025-10-07T16:03:56.8352011Z   KAOS_CODE: 18318561434
end-workflow	Checkout code	2025-10-07T16:03:56.8372341Z   KAOS_PATH_SCAN: audit/scan/
end-workflow	Checkout code	2025-10-07T16:03:56.8373111Z   GH_TOKEN: ***
end-workflow	Checkout code	2025-10-07T16:03:56.8373829Z ##[endgroup]
end-workflow	Checkout code	2025-10-07T16:03:56.9589622Z Syncing repository: Ka0s-Klaus/ka0s
end-workflow	Checkout code	2025-10-07T16:03:56.9591480Z ##[group]Getting Git version info
end-workflow	Checkout code	2025-10-07T16:03:56.9592100Z Working directory is '/home/runner/_work/ka0s/ka0s'
end-workflow	Checkout code	2025-10-07T16:03:56.9593301Z [command]/usr/bin/git version
end-workflow	Checkout code	2025-10-07T16:03:56.9593847Z git version 2.51.0
end-workflow	Checkout code	2025-10-07T16:03:56.9621440Z ##[endgroup]
end-workflow	Checkout code	2025-10-07T16:03:56.9640980Z Temporarily overriding HOME='/home/runner/_work/_temp/7b03549b-68e3-4b1e-8778-e5f8850d130c' before making global git config changes
end-workflow	Checkout code	2025-10-07T16:03:56.9642443Z Adding repository directory to the temporary git global config as a safe directory
end-workflow	Checkout code	2025-10-07T16:03:56.9647123Z [command]/usr/bin/git config --global --add safe.directory /home/runner/_work/ka0s/ka0s
end-workflow	Checkout code	2025-10-07T16:03:56.9684836Z Deleting the contents of '/home/runner/_work/ka0s/ka0s'
end-workflow	Checkout code	2025-10-07T16:03:56.9693060Z ##[group]Initializing the repository
end-workflow	Checkout code	2025-10-07T16:03:56.9704495Z [command]/usr/bin/git init /home/runner/_work/ka0s/ka0s
end-workflow	Checkout code	2025-10-07T16:03:56.9754590Z hint: Using 'master' as the name for the initial branch. This default branch name
end-workflow	Checkout code	2025-10-07T16:03:56.9755823Z hint: is subject to change. To configure the initial branch name to use in all
end-workflow	Checkout code	2025-10-07T16:03:56.9756785Z hint: of your new repositories, which will suppress this warning, call:
end-workflow	Checkout code	2025-10-07T16:03:56.9757708Z hint:
end-workflow	Checkout code	2025-10-07T16:03:56.9758249Z hint: 	git config --global init.defaultBranch <name>
end-workflow	Checkout code	2025-10-07T16:03:56.9758974Z hint:
end-workflow	Checkout code	2025-10-07T16:03:56.9759639Z hint: Names commonly chosen instead of 'master' are 'main', 'trunk' and
end-workflow	Checkout code	2025-10-07T16:03:56.9760672Z hint: 'development'. The just-created branch can be renamed via this command:
end-workflow	Checkout code	2025-10-07T16:03:56.9762117Z hint:
end-workflow	Checkout code	2025-10-07T16:03:56.9762683Z hint: 	git branch -m <name>
end-workflow	Checkout code	2025-10-07T16:03:56.9763150Z hint:
end-workflow	Checkout code	2025-10-07T16:03:56.9764156Z hint: Disable this message with "git config set advice.defaultBranchName false"
end-workflow	Checkout code	2025-10-07T16:03:56.9765141Z Initialized empty Git repository in /home/runner/_work/ka0s/ka0s/.git/
end-workflow	Checkout code	2025-10-07T16:03:56.9766883Z [command]/usr/bin/git remote add origin https://github.com/Ka0s-Klaus/ka0s
end-workflow	Checkout code	2025-10-07T16:03:56.9803058Z ##[endgroup]
end-workflow	Checkout code	2025-10-07T16:03:56.9804011Z ##[group]Disabling automatic garbage collection
end-workflow	Checkout code	2025-10-07T16:03:56.9806810Z [command]/usr/bin/git config --local gc.auto 0
end-workflow	Checkout code	2025-10-07T16:03:56.9842526Z ##[endgroup]
end-workflow	Checkout code	2025-10-07T16:03:56.9843370Z ##[group]Setting up auth
end-workflow	Checkout code	2025-10-07T16:03:56.9849688Z [command]/usr/bin/git config --local --name-only --get-regexp core\.sshCommand
end-workflow	Checkout code	2025-10-07T16:03:56.9885021Z [command]/usr/bin/git submodule foreach --recursive sh -c "git config --local --name-only --get-regexp 'core\.sshCommand' && git config --local --unset-all 'core.sshCommand' || :"
end-workflow	Checkout code	2025-10-07T16:03:57.0269024Z [command]/usr/bin/git config --local --name-only --get-regexp http\.https\:\/\/github\.com\/\.extraheader
end-workflow	Checkout code	2025-10-07T16:03:57.0304357Z [command]/usr/bin/git submodule foreach --recursive sh -c "git config --local --name-only --get-regexp 'http\.https\:\/\/github\.com\/\.extraheader' && git config --local --unset-all 'http.https://github.com/.extraheader' || :"
end-workflow	Checkout code	2025-10-07T16:03:57.0570858Z [command]/usr/bin/git config --local http.https://github.com/.extraheader AUTHORIZATION: basic ***
end-workflow	Checkout code	2025-10-07T16:03:57.0613784Z ##[endgroup]
end-workflow	Checkout code	2025-10-07T16:03:57.0614804Z ##[group]Fetching the repository
end-workflow	Checkout code	2025-10-07T16:03:57.0623270Z [command]/usr/bin/git -c protocol.version=2 fetch --prune --no-recurse-submodules origin +refs/heads/*:refs/remotes/origin/* +refs/tags/*:refs/tags/*
end-workflow	Checkout code	2025-10-07T16:04:06.4454192Z From https://github.com/Ka0s-Klaus/ka0s
end-workflow	Checkout code	2025-10-07T16:04:06.4473633Z  * [new branch]        F1149-desarrollo-de-orchestrator -> origin/F1149-desarrollo-de-orchestrator
end-workflow	Checkout code	2025-10-07T16:04:06.4476812Z  * [new branch]        F1183-personalizaci√≥n-m√≥dulo-finops -> origin/F1183-personalizaci√≥n-m√≥dulo-finops
end-workflow	Checkout code	2025-10-07T16:04:06.4479427Z  * [new branch]        F1224-new-module-mongodb -> origin/F1224-new-module-mongodb
end-workflow	Checkout code	2025-10-07T16:04:06.4481212Z  * [new branch]        F220-web-de-resultados  -> origin/F220-web-de-resultados
end-workflow	Checkout code	2025-10-07T16:04:06.4484076Z  * [new branch]        F227-despliegue-de-kube-independiente-del-clouder -> origin/F227-despliegue-de-kube-independiente-del-clouder
end-workflow	Checkout code	2025-10-07T16:04:06.4487672Z  * [new branch]        F329-documentacion-metodologia-de-kaos -> origin/F329-documentacion-metodologia-de-kaos
end-workflow	Checkout code	2025-10-07T16:04:06.4490464Z  * [new branch]        F44-creaci√≥n-m√≥dulo-versionado -> origin/F44-creaci√≥n-m√≥dulo-versionado
end-workflow	Checkout code	2025-10-07T16:04:06.4492850Z  * [new branch]        H1128-m√≥dulo-de-observabilidad -> origin/H1128-m√≥dulo-de-observabilidad
end-workflow	Checkout code	2025-10-07T16:04:06.4495352Z  * [new branch]        H1139-como-instalar-arc-control -> origin/H1139-como-instalar-arc-control
end-workflow	Checkout code	2025-10-07T16:04:06.4498091Z  * [new branch]        H1149-desarrollo-de-orchestrator -> origin/H1149-desarrollo-de-orchestrator
end-workflow	Checkout code	2025-10-07T16:04:06.4500770Z  * [new branch]        H1150-desarrollo-de-secciones -> origin/H1150-desarrollo-de-secciones
end-workflow	Checkout code	2025-10-07T16:04:06.4503412Z  * [new branch]        H1151-desarrollo-de-secciones-ii -> origin/H1151-desarrollo-de-secciones-ii
end-workflow	Checkout code	2025-10-07T16:04:06.4505914Z  * [new branch]        H1152-desarrollo-inicio -> origin/H1152-desarrollo-inicio
end-workflow	Checkout code	2025-10-07T16:04:06.4508705Z  * [new branch]        H1183-personalizaci√≥n-m√≥dulo-finops -> origin/H1183-personalizaci√≥n-m√≥dulo-finops
end-workflow	Checkout code	2025-10-07T16:04:06.4511548Z  * [new branch]        H1193-ejemplo-web-documentacion -> origin/H1193-ejemplo-web-documentacion
end-workflow	Checkout code	2025-10-07T16:04:06.4514087Z  * [new branch]        H1205-web-creation      -> origin/H1205-web-creation
end-workflow	Checkout code	2025-10-07T16:04:06.4516212Z  * [new branch]        H1224-new-module-mongodb -> origin/H1224-new-module-mongodb
end-workflow	Checkout code	2025-10-07T16:04:06.4518643Z  * [new branch]        H1410-modulo-execution  -> origin/H1410-modulo-execution
end-workflow	Checkout code	2025-10-07T16:04:06.4522474Z  * [new branch]        H1514-new-swarm-deployment-stack-with-actions-runners-autoscale -> origin/H1514-new-swarm-deployment-stack-with-actions-runners-autoscale
end-workflow	Checkout code	2025-10-07T16:04:06.4526882Z  * [new branch]        H1646-modulo-de-control-de-runners -> origin/H1646-modulo-de-control-de-runners
end-workflow	Checkout code	2025-10-07T16:04:06.4529894Z  * [new branch]        H215-modulo-de-summary  -> origin/H215-modulo-de-summary
end-workflow	Checkout code	2025-10-07T16:04:06.4532198Z  * [new branch]        H220-web-de-resultados  -> origin/H220-web-de-resultados
end-workflow	Checkout code	2025-10-07T16:04:06.4535266Z  * [new branch]        H227-despliegue-de-kube-independiente-del-clouder -> origin/H227-despliegue-de-kube-independiente-del-clouder
end-workflow	Checkout code	2025-10-07T16:04:06.4538965Z  * [new branch]        H306-ficheros-de-estadisticas -> origin/H306-ficheros-de-estadisticas
end-workflow	Checkout code	2025-10-07T16:04:06.4542015Z  * [new branch]        H328-documentacion-modulo-principal-de-kaos -> origin/H328-documentacion-modulo-principal-de-kaos
end-workflow	Checkout code	2025-10-07T16:04:06.4545370Z  * [new branch]        H329-documentacion-metodologia-de-kaos -> origin/H329-documentacion-metodologia-de-kaos
end-workflow	Checkout code	2025-10-07T16:04:06.4549103Z  * [new branch]        H338-relanzador-de-jobs-en-caso-de-pattern -> origin/H338-relanzador-de-jobs-en-caso-de-pattern
end-workflow	Checkout code	2025-10-07T16:04:06.4552382Z  * [new branch]        H38-documentacion-basica-del-proyecto -> origin/H38-documentacion-basica-del-proyecto
end-workflow	Checkout code	2025-10-07T16:04:06.4555545Z  * [new branch]        H44-creaci√≥n-m√≥dulo-versionado -> origin/H44-creaci√≥n-m√≥dulo-versionado
end-workflow	Checkout code	2025-10-07T16:04:06.4558576Z  * [new branch]        RN1149-desarrollo-de-orchestrator -> origin/RN1149-desarrollo-de-orchestrator
end-workflow	Checkout code	2025-10-07T16:04:06.4561660Z  * [new branch]        RN1183-personalizaci√≥n-m√≥dulo-finops -> origin/RN1183-personalizaci√≥n-m√≥dulo-finops
end-workflow	Checkout code	2025-10-07T16:04:06.4565504Z  * [new branch]        RN1282-ka0s-error-detected-in-ka0s-workflow-statistics-summary -> origin/RN1282-ka0s-error-detected-in-ka0s-workflow-statistics-summary
end-workflow	Checkout code	2025-10-07T16:04:06.4569575Z  * [new branch]        RN220-web-de-resultados -> origin/RN220-web-de-resultados
end-workflow	Checkout code	2025-10-07T16:04:06.4573033Z  * [new branch]        RN227-despliegue-de-kube-independiente-del-clouder -> origin/RN227-despliegue-de-kube-independiente-del-clouder
end-workflow	Checkout code	2025-10-07T16:04:06.4577006Z  * [new branch]        RN329-documentacion-metodologia-de-kaos -> origin/RN329-documentacion-metodologia-de-kaos
end-workflow	Checkout code	2025-10-07T16:04:06.4579945Z  * [new branch]        main                    -> origin/main
end-workflow	Checkout code	2025-10-07T16:04:06.4581378Z  * [new tag]           0.0.0                   -> 0.0.0
end-workflow	Checkout code	2025-10-07T16:04:06.4582713Z  * [new tag]           0.0.1                   -> 0.0.1
end-workflow	Checkout code	2025-10-07T16:04:06.4584061Z  * [new tag]           0.0.10                  -> 0.0.10
end-workflow	Checkout code	2025-10-07T16:04:06.4585422Z  * [new tag]           0.0.100                 -> 0.0.100
end-workflow	Checkout code	2025-10-07T16:04:06.4586790Z  * [new tag]           0.0.101                 -> 0.0.101
end-workflow	Checkout code	2025-10-07T16:04:06.4588348Z  * [new tag]           0.0.102                 -> 0.0.102
end-workflow	Checkout code	2025-10-07T16:04:06.4589840Z  * [new tag]           0.0.103                 -> 0.0.103
end-workflow	Checkout code	2025-10-07T16:04:06.4591213Z  * [new tag]           0.0.104                 -> 0.0.104
end-workflow	Checkout code	2025-10-07T16:04:06.4592581Z  * [new tag]           0.0.105                 -> 0.0.105
end-workflow	Checkout code	2025-10-07T16:04:06.4594102Z  * [new tag]           0.0.106                 -> 0.0.106
end-workflow	Checkout code	2025-10-07T16:04:06.4595598Z  * [new tag]           0.0.107                 -> 0.0.107
end-workflow	Checkout code	2025-10-07T16:04:06.4596965Z  * [new tag]           0.0.108                 -> 0.0.108
end-workflow	Checkout code	2025-10-07T16:04:06.4599062Z  * [new tag]           0.0.109                 -> 0.0.109
end-workflow	Checkout code	2025-10-07T16:04:06.4600382Z  * [new tag]           0.0.11                  -> 0.0.11
end-workflow	Checkout code	2025-10-07T16:04:06.4601680Z  * [new tag]           0.0.110                 -> 0.0.110
end-workflow	Checkout code	2025-10-07T16:04:06.4602984Z  * [new tag]           0.0.111                 -> 0.0.111
end-workflow	Checkout code	2025-10-07T16:04:06.4604291Z  * [new tag]           0.0.112                 -> 0.0.112
end-workflow	Checkout code	2025-10-07T16:04:06.4605571Z  * [new tag]           0.0.113                 -> 0.0.113
end-workflow	Checkout code	2025-10-07T16:04:06.4606832Z  * [new tag]           0.0.114                 -> 0.0.114
end-workflow	Checkout code	2025-10-07T16:04:06.4608574Z  * [new tag]           0.0.115                 -> 0.0.115
end-workflow	Checkout code	2025-10-07T16:04:06.4609850Z  * [new tag]           0.0.116                 -> 0.0.116
end-workflow	Checkout code	2025-10-07T16:04:06.4611126Z  * [new tag]           0.0.117                 -> 0.0.117
end-workflow	Checkout code	2025-10-07T16:04:06.4612425Z  * [new tag]           0.0.118                 -> 0.0.118
end-workflow	Checkout code	2025-10-07T16:04:06.4613901Z  * [new tag]           0.0.119                 -> 0.0.119
end-workflow	Checkout code	2025-10-07T16:04:06.4615168Z  * [new tag]           0.0.12                  -> 0.0.12
end-workflow	Checkout code	2025-10-07T16:04:06.4616425Z  * [new tag]           0.0.120                 -> 0.0.120
end-workflow	Checkout code	2025-10-07T16:04:06.4618054Z  * [new tag]           0.0.121                 -> 0.0.121
end-workflow	Checkout code	2025-10-07T16:04:06.4619473Z  * [new tag]           0.0.122                 -> 0.0.122
end-workflow	Checkout code	2025-10-07T16:04:06.4620772Z  * [new tag]           0.0.123                 -> 0.0.123
end-workflow	Checkout code	2025-10-07T16:04:06.4622044Z  * [new tag]           0.0.124                 -> 0.0.124
end-workflow	Checkout code	2025-10-07T16:04:06.4623321Z  * [new tag]           0.0.125                 -> 0.0.125
end-workflow	Checkout code	2025-10-07T16:04:06.4624566Z  * [new tag]           0.0.126                 -> 0.0.126
end-workflow	Checkout code	2025-10-07T16:04:06.4625826Z  * [new tag]           0.0.127                 -> 0.0.127
end-workflow	Checkout code	2025-10-07T16:04:06.4627082Z  * [new tag]           0.0.128                 -> 0.0.128
end-workflow	Checkout code	2025-10-07T16:04:06.4629121Z  * [new tag]           0.0.129                 -> 0.0.129
end-workflow	Checkout code	2025-10-07T16:04:06.4630408Z  * [new tag]           0.0.13                  -> 0.0.13
end-workflow	Checkout code	2025-10-07T16:04:06.4631671Z  * [new tag]           0.0.130                 -> 0.0.130
end-workflow	Checkout code	2025-10-07T16:04:06.4632945Z  * [new tag]           0.0.131                 -> 0.0.131
end-workflow	Checkout code	2025-10-07T16:04:06.4634195Z  * [new tag]           0.0.132                 -> 0.0.132
end-workflow	Checkout code	2025-10-07T16:04:06.4635458Z  * [new tag]           0.0.133                 -> 0.0.133
end-workflow	Checkout code	2025-10-07T16:04:06.4636706Z  * [new tag]           0.0.134                 -> 0.0.134
end-workflow	Checkout code	2025-10-07T16:04:06.4638272Z  * [new tag]           0.0.135                 -> 0.0.135
end-workflow	Checkout code	2025-10-07T16:04:06.4639532Z  * [new tag]           0.0.136                 -> 0.0.136
end-workflow	Checkout code	2025-10-07T16:04:06.4640788Z  * [new tag]           0.0.137                 -> 0.0.137
end-workflow	Checkout code	2025-10-07T16:04:06.4642036Z  * [new tag]           0.0.138                 -> 0.0.138
end-workflow	Checkout code	2025-10-07T16:04:06.4643297Z  * [new tag]           0.0.139                 -> 0.0.139
end-workflow	Checkout code	2025-10-07T16:04:06.4644546Z  * [new tag]           0.0.14                  -> 0.0.14
end-workflow	Checkout code	2025-10-07T16:04:06.4645805Z  * [new tag]           0.0.140                 -> 0.0.140
end-workflow	Checkout code	2025-10-07T16:04:06.4647056Z  * [new tag]           0.0.141                 -> 0.0.141
end-workflow	Checkout code	2025-10-07T16:04:06.4648773Z  * [new tag]           0.0.142                 -> 0.0.142
end-workflow	Checkout code	2025-10-07T16:04:06.4650158Z  * [new tag]           0.0.143                 -> 0.0.143
end-workflow	Checkout code	2025-10-07T16:04:06.4651400Z  * [new tag]           0.0.144                 -> 0.0.144
end-workflow	Checkout code	2025-10-07T16:04:06.4652641Z  * [new tag]           0.0.145                 -> 0.0.145
end-workflow	Checkout code	2025-10-07T16:04:06.4653874Z  * [new tag]           0.0.146                 -> 0.0.146
end-workflow	Checkout code	2025-10-07T16:04:06.4655118Z  * [new tag]           0.0.147                 -> 0.0.147
end-workflow	Checkout code	2025-10-07T16:04:06.4656537Z  * [new tag]           0.0.148                 -> 0.0.148
end-workflow	Checkout code	2025-10-07T16:04:06.4658298Z  * [new tag]           0.0.149                 -> 0.0.149
end-workflow	Checkout code	2025-10-07T16:04:06.4659828Z  * [new tag]           0.0.15                  -> 0.0.15
end-workflow	Checkout code	2025-10-07T16:04:06.4661072Z  * [new tag]           0.0.150                 -> 0.0.150
end-workflow	Checkout code	2025-10-07T16:04:06.4662312Z  * [new tag]           0.0.151                 -> 0.0.151
end-workflow	Checkout code	2025-10-07T16:04:06.4663518Z  * [new tag]           0.0.152                 -> 0.0.152
end-workflow	Checkout code	2025-10-07T16:04:06.4664720Z  * [new tag]           0.0.153                 -> 0.0.153
end-workflow	Checkout code	2025-10-07T16:04:06.4665896Z  * [new tag]           0.0.154                 -> 0.0.154
end-workflow	Checkout code	2025-10-07T16:04:06.4667076Z  * [new tag]           0.0.155                 -> 0.0.155
end-workflow	Checkout code	2025-10-07T16:04:06.4668864Z  * [new tag]           0.0.156                 -> 0.0.156
end-workflow	Checkout code	2025-10-07T16:04:06.4670054Z  * [new tag]           0.0.157                 -> 0.0.157
end-workflow	Checkout code	2025-10-07T16:04:06.4671227Z  * [new tag]           0.0.158                 -> 0.0.158
end-workflow	Checkout code	2025-10-07T16:04:06.4672414Z  * [new tag]           0.0.159                 -> 0.0.159
end-workflow	Checkout code	2025-10-07T16:04:06.4673605Z  * [new tag]           0.0.16                  -> 0.0.16
end-workflow	Checkout code	2025-10-07T16:04:06.4674815Z  * [new tag]           0.0.160                 -> 0.0.160
end-workflow	Checkout code	2025-10-07T16:04:06.4676175Z  * [new tag]           0.0.161                 -> 0.0.161
end-workflow	Checkout code	2025-10-07T16:04:06.4677389Z  * [new tag]           0.0.162                 -> 0.0.162
end-workflow	Checkout code	2025-10-07T16:04:06.4679125Z  * [new tag]           0.0.163                 -> 0.0.163
end-workflow	Checkout code	2025-10-07T16:04:06.4680289Z  * [new tag]           0.0.164                 -> 0.0.164
end-workflow	Checkout code	2025-10-07T16:04:06.4681463Z  * [new tag]           0.0.165                 -> 0.0.165
end-workflow	Checkout code	2025-10-07T16:04:06.4682619Z  * [new tag]           0.0.166                 -> 0.0.166
end-workflow	Checkout code	2025-10-07T16:04:06.4683780Z  * [new tag]           0.0.167                 -> 0.0.167
end-workflow	Checkout code	2025-10-07T16:04:06.4684944Z  * [new tag]           0.0.168                 -> 0.0.168
end-workflow	Checkout code	2025-10-07T16:04:06.4686108Z  * [new tag]           0.0.169                 -> 0.0.169
end-workflow	Checkout code	2025-10-07T16:04:06.4687454Z  * [new tag]           0.0.17                  -> 0.0.17
end-workflow	Checkout code	2025-10-07T16:04:06.4688748Z  * [new tag]           0.0.170                 -> 0.0.170
end-workflow	Checkout code	2025-10-07T16:04:06.4690070Z  * [new tag]           0.0.171                 -> 0.0.171
end-workflow	Checkout code	2025-10-07T16:04:06.4691259Z  * [new tag]           0.0.172                 -> 0.0.172
end-workflow	Checkout code	2025-10-07T16:04:06.4692411Z  * [new tag]           0.0.173                 -> 0.0.173
end-workflow	Checkout code	2025-10-07T16:04:06.4693560Z  * [new tag]           0.0.174                 -> 0.0.174
end-workflow	Checkout code	2025-10-07T16:04:06.4694720Z  * [new tag]           0.0.175                 -> 0.0.175
end-workflow	Checkout code	2025-10-07T16:04:06.4695871Z  * [new tag]           0.0.176                 -> 0.0.176
end-workflow	Checkout code	2025-10-07T16:04:06.4697012Z  * [new tag]           0.0.177                 -> 0.0.177
end-workflow	Checkout code	2025-10-07T16:04:06.4698207Z  * [new tag]           0.0.178                 -> 0.0.178
end-workflow	Checkout code	2025-10-07T16:04:06.4699366Z  * [new tag]           0.0.179                 -> 0.0.179
end-workflow	Checkout code	2025-10-07T16:04:06.4700513Z  * [new tag]           0.0.18                  -> 0.0.18
end-workflow	Checkout code	2025-10-07T16:04:06.4701669Z  * [new tag]           0.0.19                  -> 0.0.19
end-workflow	Checkout code	2025-10-07T16:04:06.4702807Z  * [new tag]           0.0.2                   -> 0.0.2
end-workflow	Checkout code	2025-10-07T16:04:06.4703959Z  * [new tag]           0.0.20                  -> 0.0.20
end-workflow	Checkout code	2025-10-07T16:04:06.4705118Z  * [new tag]           0.0.21                  -> 0.0.21
end-workflow	Checkout code	2025-10-07T16:04:06.4706270Z  * [new tag]           0.0.22                  -> 0.0.22
end-workflow	Checkout code	2025-10-07T16:04:06.4707598Z  * [new tag]           0.0.23                  -> 0.0.23
end-workflow	Checkout code	2025-10-07T16:04:06.4708885Z  * [new tag]           0.0.24                  -> 0.0.24
end-workflow	Checkout code	2025-10-07T16:04:06.4710028Z  * [new tag]           0.0.25                  -> 0.0.25
end-workflow	Checkout code	2025-10-07T16:04:06.4711169Z  * [new tag]           0.0.26                  -> 0.0.26
end-workflow	Checkout code	2025-10-07T16:04:06.4712315Z  * [new tag]           0.0.27                  -> 0.0.27
end-workflow	Checkout code	2025-10-07T16:04:06.4713450Z  * [new tag]           0.0.28                  -> 0.0.28
end-workflow	Checkout code	2025-10-07T16:04:06.4714597Z  * [new tag]           0.0.29                  -> 0.0.29
end-workflow	Checkout code	2025-10-07T16:04:06.4715732Z  * [new tag]           0.0.3                   -> 0.0.3
end-workflow	Checkout code	2025-10-07T16:04:06.4716875Z  * [new tag]           0.0.30                  -> 0.0.30
end-workflow	Checkout code	2025-10-07T16:04:06.4718078Z  * [new tag]           0.0.31                  -> 0.0.31
end-workflow	Checkout code	2025-10-07T16:04:06.4719250Z  * [new tag]           0.0.32                  -> 0.0.32
end-workflow	Checkout code	2025-10-07T16:04:06.4720401Z  * [new tag]           0.0.33                  -> 0.0.33
end-workflow	Checkout code	2025-10-07T16:04:06.4721850Z  * [new tag]           0.0.34                  -> 0.0.34
end-workflow	Checkout code	2025-10-07T16:04:06.4722993Z  * [new tag]           0.0.35                  -> 0.0.35
end-workflow	Checkout code	2025-10-07T16:04:06.4724140Z  * [new tag]           0.0.36                  -> 0.0.36
end-workflow	Checkout code	2025-10-07T16:04:06.4725281Z  * [new tag]           0.0.37                  -> 0.0.37
end-workflow	Checkout code	2025-10-07T16:04:06.4726448Z  * [new tag]           0.0.38                  -> 0.0.38
end-workflow	Checkout code	2025-10-07T16:04:06.4727776Z  * [new tag]           0.0.39                  -> 0.0.39
end-workflow	Checkout code	2025-10-07T16:04:06.4729075Z  * [new tag]           0.0.4                   -> 0.0.4
end-workflow	Checkout code	2025-10-07T16:04:06.4730218Z  * [new tag]           0.0.40                  -> 0.0.40
end-workflow	Checkout code	2025-10-07T16:04:06.4731384Z  * [new tag]           0.0.41                  -> 0.0.41
end-workflow	Checkout code	2025-10-07T16:04:06.4732536Z  * [new tag]           0.0.42                  -> 0.0.42
end-workflow	Checkout code	2025-10-07T16:04:06.4733837Z  * [new tag]           0.0.43                  -> 0.0.43
end-workflow	Checkout code	2025-10-07T16:04:06.4735002Z  * [new tag]           0.0.44                  -> 0.0.44
end-workflow	Checkout code	2025-10-07T16:04:06.4736160Z  * [new tag]           0.0.45                  -> 0.0.45
end-workflow	Checkout code	2025-10-07T16:04:06.4737312Z  * [new tag]           0.0.46                  -> 0.0.46
end-workflow	Checkout code	2025-10-07T16:04:06.4738515Z  * [new tag]           0.0.47                  -> 0.0.47
end-workflow	Checkout code	2025-10-07T16:04:06.4739663Z  * [new tag]           0.0.48                  -> 0.0.48
end-workflow	Checkout code	2025-10-07T16:04:06.4740811Z  * [new tag]           0.0.49                  -> 0.0.49
end-workflow	Checkout code	2025-10-07T16:04:06.4741958Z  * [new tag]           0.0.5                   -> 0.0.5
end-workflow	Checkout code	2025-10-07T16:04:06.4743099Z  * [new tag]           0.0.50                  -> 0.0.50
end-workflow	Checkout code	2025-10-07T16:04:06.4744250Z  * [new tag]           0.0.51                  -> 0.0.51
end-workflow	Checkout code	2025-10-07T16:04:06.4745546Z  * [new tag]           0.0.52                  -> 0.0.52
end-workflow	Checkout code	2025-10-07T16:04:06.4746704Z  * [new tag]           0.0.53                  -> 0.0.53
end-workflow	Checkout code	2025-10-07T16:04:06.4748451Z  * [new tag]           0.0.54                  -> 0.0.54
end-workflow	Checkout code	2025-10-07T16:04:06.4749595Z  * [new tag]           0.0.55                  -> 0.0.55
end-workflow	Checkout code	2025-10-07T16:04:06.4750748Z  * [new tag]           0.0.56                  -> 0.0.56
end-workflow	Checkout code	2025-10-07T16:04:06.4751911Z  * [new tag]           0.0.57                  -> 0.0.57
end-workflow	Checkout code	2025-10-07T16:04:06.4753058Z  * [new tag]           0.0.58                  -> 0.0.58
end-workflow	Checkout code	2025-10-07T16:04:06.4754205Z  * [new tag]           0.0.59                  -> 0.0.59
end-workflow	Checkout code	2025-10-07T16:04:06.4755341Z  * [new tag]           0.0.6                   -> 0.0.6
end-workflow	Checkout code	2025-10-07T16:04:06.4756481Z  * [new tag]           0.0.60                  -> 0.0.60
end-workflow	Checkout code	2025-10-07T16:04:06.4757936Z  * [new tag]           0.0.61                  -> 0.0.61
end-workflow	Checkout code	2025-10-07T16:04:06.4759087Z  * [new tag]           0.0.62                  -> 0.0.62
end-workflow	Checkout code	2025-10-07T16:04:06.4760233Z  * [new tag]           0.0.63                  -> 0.0.63
end-workflow	Checkout code	2025-10-07T16:04:06.4761398Z  * [new tag]           0.0.64                  -> 0.0.64
end-workflow	Checkout code	2025-10-07T16:04:06.4762552Z  * [new tag]           0.0.65                  -> 0.0.65
end-workflow	Checkout code	2025-10-07T16:04:06.4763722Z  * [new tag]           0.0.66                  -> 0.0.66
end-workflow	Checkout code	2025-10-07T16:04:06.4764866Z  * [new tag]           0.0.67                  -> 0.0.67
end-workflow	Checkout code	2025-10-07T16:04:06.4766001Z  * [new tag]           0.0.68                  -> 0.0.68
end-workflow	Checkout code	2025-10-07T16:04:06.4767148Z  * [new tag]           0.0.69                  -> 0.0.69
end-workflow	Checkout code	2025-10-07T16:04:06.4768593Z  * [new tag]           0.0.7                   -> 0.0.7
end-workflow	Checkout code	2025-10-07T16:04:06.4769724Z  * [new tag]           0.0.70                  -> 0.0.70
end-workflow	Checkout code	2025-10-07T16:04:06.4770879Z  * [new tag]           0.0.71                  -> 0.0.71
end-workflow	Checkout code	2025-10-07T16:04:06.4772023Z  * [new tag]           0.0.72                  -> 0.0.72
end-workflow	Checkout code	2025-10-07T16:04:06.4773163Z  * [new tag]           0.0.73                  -> 0.0.73
end-workflow	Checkout code	2025-10-07T16:04:06.4774467Z  * [new tag]           0.0.74                  -> 0.0.74
end-workflow	Checkout code	2025-10-07T16:04:06.4775756Z  * [new tag]           0.0.75                  -> 0.0.75
end-workflow	Checkout code	2025-10-07T16:04:06.4776923Z  * [new tag]           0.0.76                  -> 0.0.76
end-workflow	Checkout code	2025-10-07T16:04:06.4778326Z  * [new tag]           0.0.77                  -> 0.0.77
end-workflow	Checkout code	2025-10-07T16:04:06.4779666Z  * [new tag]           0.0.78                  -> 0.0.78
end-workflow	Checkout code	2025-10-07T16:04:06.4780788Z  * [new tag]           0.0.79                  -> 0.0.79
end-workflow	Checkout code	2025-10-07T16:04:06.4781927Z  * [new tag]           0.0.8                   -> 0.0.8
end-workflow	Checkout code	2025-10-07T16:04:06.4783050Z  * [new tag]           0.0.80                  -> 0.0.80
end-workflow	Checkout code	2025-10-07T16:04:06.4784162Z  * [new tag]           0.0.81                  -> 0.0.81
end-workflow	Checkout code	2025-10-07T16:04:06.4785292Z  * [new tag]           0.0.82                  -> 0.0.82
end-workflow	Checkout code	2025-10-07T16:04:06.4786411Z  * [new tag]           0.0.83                  -> 0.0.83
end-workflow	Checkout code	2025-10-07T16:04:06.4787716Z  * [new tag]           0.0.84                  -> 0.0.84
end-workflow	Checkout code	2025-10-07T16:04:06.4789014Z  * [new tag]           0.0.85                  -> 0.0.85
end-workflow	Checkout code	2025-10-07T16:04:06.4790548Z  * [new tag]           0.0.86                  -> 0.0.86
end-workflow	Checkout code	2025-10-07T16:04:06.4791972Z  * [new tag]           0.0.87                  -> 0.0.87
end-workflow	Checkout code	2025-10-07T16:04:06.4793407Z  * [new tag]           0.0.88                  -> 0.0.88
end-workflow	Checkout code	2025-10-07T16:04:06.4794653Z  * [new tag]           0.0.89                  -> 0.0.89
end-workflow	Checkout code	2025-10-07T16:04:06.4796057Z  * [new tag]           0.0.9                   -> 0.0.9
end-workflow	Checkout code	2025-10-07T16:04:06.4797204Z  * [new tag]           0.0.90                  -> 0.0.90
end-workflow	Checkout code	2025-10-07T16:04:06.4798775Z  * [new tag]           0.0.91                  -> 0.0.91
end-workflow	Checkout code	2025-10-07T16:04:06.4799894Z  * [new tag]           0.0.92                  -> 0.0.92
end-workflow	Checkout code	2025-10-07T16:04:06.4801031Z  * [new tag]           0.0.93                  -> 0.0.93
end-workflow	Checkout code	2025-10-07T16:04:06.4802300Z  * [new tag]           0.0.94                  -> 0.0.94
end-workflow	Checkout code	2025-10-07T16:04:06.4803678Z  * [new tag]           0.0.95                  -> 0.0.95
end-workflow	Checkout code	2025-10-07T16:04:06.4805326Z  * [new tag]           0.0.96                  -> 0.0.96
end-workflow	Checkout code	2025-10-07T16:04:06.4806629Z  * [new tag]           0.0.97                  -> 0.0.97
end-workflow	Checkout code	2025-10-07T16:04:06.4808259Z  * [new tag]           0.0.98                  -> 0.0.98
end-workflow	Checkout code	2025-10-07T16:04:06.4809857Z  * [new tag]           0.0.99                  -> 0.0.99
end-workflow	Checkout code	2025-10-07T16:04:06.4811247Z  * [new tag]           0.1.0                   -> 0.1.0
end-workflow	Checkout code	2025-10-07T16:04:06.4812667Z  * [new tag]           0.1.1                   -> 0.1.1
end-workflow	Checkout code	2025-10-07T16:04:06.4813907Z  * [new tag]           0.2.0                   -> 0.2.0
end-workflow	Checkout code	2025-10-07T16:04:06.4815030Z  * [new tag]           0.3.0                   -> 0.3.0
end-workflow	Checkout code	2025-10-07T16:04:06.4816161Z  * [new tag]           0.3.1                   -> 0.3.1
end-workflow	Checkout code	2025-10-07T16:04:06.4817632Z  * [new tag]           0.3.10                  -> 0.3.10
end-workflow	Checkout code	2025-10-07T16:04:06.4819016Z  * [new tag]           0.3.11                  -> 0.3.11
end-workflow	Checkout code	2025-10-07T16:04:06.4820203Z  * [new tag]           0.3.12                  -> 0.3.12
end-workflow	Checkout code	2025-10-07T16:04:06.4821433Z  * [new tag]           0.3.13                  -> 0.3.13
end-workflow	Checkout code	2025-10-07T16:04:06.4822735Z  * [new tag]           0.3.14                  -> 0.3.14
end-workflow	Checkout code	2025-10-07T16:04:06.4824031Z  * [new tag]           0.3.15                  -> 0.3.15
end-workflow	Checkout code	2025-10-07T16:04:06.4825208Z  * [new tag]           0.3.16                  -> 0.3.16
end-workflow	Checkout code	2025-10-07T16:04:06.4826383Z  * [new tag]           0.3.17                  -> 0.3.17
end-workflow	Checkout code	2025-10-07T16:04:06.4827946Z  * [new tag]           0.3.2                   -> 0.3.2
end-workflow	Checkout code	2025-10-07T16:04:06.4829241Z  * [new tag]           0.3.3                   -> 0.3.3
end-workflow	Checkout code	2025-10-07T16:04:06.4830370Z  * [new tag]           0.3.4                   -> 0.3.4
end-workflow	Checkout code	2025-10-07T16:04:06.4831476Z  * [new tag]           0.3.5                   -> 0.3.5
end-workflow	Checkout code	2025-10-07T16:04:06.4832580Z  * [new tag]           0.3.6                   -> 0.3.6
end-workflow	Checkout code	2025-10-07T16:04:06.4833673Z  * [new tag]           0.3.7                   -> 0.3.7
end-workflow	Checkout code	2025-10-07T16:04:06.4834787Z  * [new tag]           0.3.8                   -> 0.3.8
end-workflow	Checkout code	2025-10-07T16:04:06.4835906Z  * [new tag]           0.3.9                   -> 0.3.9
end-workflow	Checkout code	2025-10-07T16:04:06.4837027Z  * [new tag]           0.4.0                   -> 0.4.0
end-workflow	Checkout code	2025-10-07T16:04:06.4838376Z  * [new tag]           0.4.1                   -> 0.4.1
end-workflow	Checkout code	2025-10-07T16:04:06.4839635Z  * [new tag]           0.4.10                  -> 0.4.10
end-workflow	Checkout code	2025-10-07T16:04:06.4840733Z  * [new tag]           0.4.2                   -> 0.4.2
end-workflow	Checkout code	2025-10-07T16:04:06.4841827Z  * [new tag]           0.4.3                   -> 0.4.3
end-workflow	Checkout code	2025-10-07T16:04:06.4842924Z  * [new tag]           0.4.4                   -> 0.4.4
end-workflow	Checkout code	2025-10-07T16:04:06.4844016Z  * [new tag]           0.4.5                   -> 0.4.5
end-workflow	Checkout code	2025-10-07T16:04:06.4845129Z  * [new tag]           0.4.6                   -> 0.4.6
end-workflow	Checkout code	2025-10-07T16:04:06.4846220Z  * [new tag]           0.4.7                   -> 0.4.7
end-workflow	Checkout code	2025-10-07T16:04:06.4847306Z  * [new tag]           0.4.8                   -> 0.4.8
end-workflow	Checkout code	2025-10-07T16:04:06.4848759Z  * [new tag]           0.4.9                   -> 0.4.9
end-workflow	Checkout code	2025-10-07T16:04:06.4851676Z [command]/usr/bin/git branch --list --remote origin/main
end-workflow	Checkout code	2025-10-07T16:04:06.4876119Z   origin/main
end-workflow	Checkout code	2025-10-07T16:04:06.4888010Z [command]/usr/bin/git rev-parse refs/remotes/origin/main
end-workflow	Checkout code	2025-10-07T16:04:06.4985585Z eec698b689bb4c0b852ec9118a46b978376a3045
end-workflow	Checkout code	2025-10-07T16:04:06.4990917Z [command]/usr/bin/git -c protocol.version=2 fetch --no-tags --prune --no-recurse-submodules origin +1cda37a1e62df52bce3392841e5c750f8a16b5f5:refs/remotes/origin/main
end-workflow	Checkout code	2025-10-07T16:04:06.5094237Z From https://github.com/Ka0s-Klaus/ka0s
end-workflow	Checkout code	2025-10-07T16:04:06.5096185Z  + eec698b6...1cda37a1 1cda37a1e62df52bce3392841e5c750f8a16b5f5 -> origin/main  (forced update)
end-workflow	Checkout code	2025-10-07T16:04:06.5124892Z ##[endgroup]
end-workflow	Checkout code	2025-10-07T16:04:06.5126377Z ##[group]Determining the checkout info
end-workflow	Checkout code	2025-10-07T16:04:06.5128139Z ##[endgroup]
end-workflow	Checkout code	2025-10-07T16:04:06.5131261Z [command]/usr/bin/git sparse-checkout disable
end-workflow	Checkout code	2025-10-07T16:04:06.5178703Z [command]/usr/bin/git config --local --unset-all extensions.worktreeConfig
end-workflow	Checkout code	2025-10-07T16:04:06.5211943Z ##[group]Checking out the ref
end-workflow	Checkout code	2025-10-07T16:04:06.5216085Z [command]/usr/bin/git checkout --progress --force -B main refs/remotes/origin/main
end-workflow	Checkout code	2025-10-07T16:04:07.3025521Z Switched to a new branch 'main'
end-workflow	Checkout code	2025-10-07T16:04:07.3028037Z branch 'main' set up to track 'origin/main'.
end-workflow	Checkout code	2025-10-07T16:04:07.3126725Z ##[endgroup]
end-workflow	Checkout code	2025-10-07T16:04:07.3170309Z [command]/usr/bin/git log -1 --format=%H
end-workflow	Checkout code	2025-10-07T16:04:07.3199365Z 1cda37a1e62df52bce3392841e5c750f8a16b5f5
end-workflow	Finaliza el workflow	Ôªø2025-10-07T16:04:07.3447073Z ##[group]Run echo "End process"
end-workflow	Finaliza el workflow	2025-10-07T16:04:07.3448106Z [36;1mecho "End process"[0m
end-workflow	Finaliza el workflow	2025-10-07T16:04:07.3448503Z [36;1m# RNNUMBER=$(echo "refs/heads/main" | grep -o '[0-9]*')[0m
end-workflow	Finaliza el workflow	2025-10-07T16:04:07.3448996Z [36;1m# gh issue comment $RNNUMBER --body "Se finaliza Ka0s 18318561434"[0m
end-workflow	Finaliza el workflow	2025-10-07T16:04:07.3449436Z [36;1mecho "Se finaliza Ka0s 18318561434"[0m
end-workflow	Finaliza el workflow	2025-10-07T16:04:07.3449911Z [36;1mgh workflow run inspector.yml --ref 'main' -f kaos-workflow-id="18318561434"[0m
end-workflow	Finaliza el workflow	2025-10-07T16:04:07.3463734Z shell: /usr/bin/bash -e {0}
end-workflow	Finaliza el workflow	2025-10-07T16:04:07.3464192Z env:
end-workflow	Finaliza el workflow	2025-10-07T16:04:07.3465127Z   GITHUB_TOKEN: ***
end-workflow	Finaliza el workflow	2025-10-07T16:04:07.3465438Z   KAOS_MODULE: [Ka0s] Personalized Image Runners
end-workflow	Finaliza el workflow	2025-10-07T16:04:07.3465805Z   KAOS_CODE: 18318561434
end-workflow	Finaliza el workflow	2025-10-07T16:04:07.3466075Z   KAOS_PATH_SCAN: audit/scan/
end-workflow	Finaliza el workflow	2025-10-07T16:04:07.3466465Z   GH_TOKEN: ***
end-workflow	Finaliza el workflow	2025-10-07T16:04:07.3466710Z ##[endgroup]
end-workflow	Finaliza el workflow	2025-10-07T16:04:07.3538136Z End process
end-workflow	Finaliza el workflow	2025-10-07T16:04:07.3538569Z Se finaliza Ka0s 18318561434
end-workflow	Post Checkout code	Ôªø2025-10-07T16:04:08.0300850Z Post job cleanup.
end-workflow	Post Checkout code	2025-10-07T16:04:08.1334473Z [command]/usr/bin/git version
end-workflow	Post Checkout code	2025-10-07T16:04:08.1376721Z git version 2.51.0
end-workflow	Post Checkout code	2025-10-07T16:04:08.1426245Z Temporarily overriding HOME='/home/runner/_work/_temp/f06b8793-db5e-42ba-a258-c7bccb014bf9' before making global git config changes
end-workflow	Post Checkout code	2025-10-07T16:04:08.1427112Z Adding repository directory to the temporary git global config as a safe directory
end-workflow	Post Checkout code	2025-10-07T16:04:08.1433529Z [command]/usr/bin/git config --global --add safe.directory /home/runner/_work/ka0s/ka0s
end-workflow	Post Checkout code	2025-10-07T16:04:08.1476478Z [command]/usr/bin/git config --local --name-only --get-regexp core\.sshCommand
end-workflow	Post Checkout code	2025-10-07T16:04:08.1514749Z [command]/usr/bin/git submodule foreach --recursive sh -c "git config --local --name-only --get-regexp 'core\.sshCommand' && git config --local --unset-all 'core.sshCommand' || :"
end-workflow	Post Checkout code	2025-10-07T16:04:08.1771693Z [command]/usr/bin/git config --local --name-only --get-regexp http\.https\:\/\/github\.com\/\.extraheader
end-workflow	Post Checkout code	2025-10-07T16:04:08.1796500Z http.https://github.com/.extraheader
end-workflow	Post Checkout code	2025-10-07T16:04:08.1808276Z [command]/usr/bin/git config --local --unset-all http.https://github.com/.extraheader
end-workflow	Post Checkout code	2025-10-07T16:04:08.1843002Z [command]/usr/bin/git submodule foreach --recursive sh -c "git config --local --name-only --get-regexp 'http\.https\:\/\/github\.com\/\.extraheader' && git config --local --unset-all 'http.https://github.com/.extraheader' || :"
end-workflow	Complete job	Ôªø2025-10-07T16:04:08.2231190Z Cleaning up orphan processes
