job-core	Set up job	﻿2025-10-07T16:15:18.0687769Z Current runner version: '2.328.0'
job-core	Set up job	2025-10-07T16:15:18.0701213Z Runner name: 'd49c14491224'
job-core	Set up job	2025-10-07T16:15:18.0702602Z Runner group name: 'swarm-runners'
job-core	Set up job	2025-10-07T16:15:18.0703839Z Machine name: 'd49c14491224'
job-core	Set up job	2025-10-07T16:15:18.0711317Z ##[group]GITHUB_TOKEN Permissions
job-core	Set up job	2025-10-07T16:15:18.0716982Z Actions: write
job-core	Set up job	2025-10-07T16:15:18.0719685Z Contents: write
job-core	Set up job	2025-10-07T16:15:18.0791314Z Issues: write
job-core	Set up job	2025-10-07T16:15:18.0792367Z Metadata: read
job-core	Set up job	2025-10-07T16:15:18.0792991Z PullRequests: write
job-core	Set up job	2025-10-07T16:15:18.0793589Z ##[endgroup]
job-core	Set up job	2025-10-07T16:15:18.0796992Z Secret source: Actions
job-core	Set up job	2025-10-07T16:15:18.0797767Z Prepare workflow directory
job-core	Set up job	2025-10-07T16:15:18.1795738Z Prepare all required actions
job-core	Set up job	2025-10-07T16:15:18.1864896Z Getting action download info
job-core	Set up job	2025-10-07T16:15:18.7307455Z Download action repository 'actions/checkout@v4' (SHA:08eba0b27e820071cde6df949e0beb9ba4906955)
job-core	Set up job	2025-10-07T16:15:19.5897160Z Download action repository 'actions/setup-node@v2' (SHA:7c12f8017d5436eb855f1ed4399f037a36fbd9e8)
job-core	Set up job	2025-10-07T16:15:20.5800971Z Complete job name: job-core
job-core	Checkout code	﻿2025-10-07T16:15:20.6974182Z ##[group]Run actions/checkout@v4
job-core	Checkout code	2025-10-07T16:15:20.6979464Z with:
job-core	Checkout code	2025-10-07T16:15:20.6980838Z   fetch-depth: 0
job-core	Checkout code	2025-10-07T16:15:20.6982572Z   token: ***
job-core	Checkout code	2025-10-07T16:15:20.6984092Z   repository: Ka0s-Klaus/ka0s
job-core	Checkout code	2025-10-07T16:15:20.6985425Z   ssh-strict: true
job-core	Checkout code	2025-10-07T16:15:20.6986524Z   ssh-user: git
job-core	Checkout code	2025-10-07T16:15:20.6987667Z   persist-credentials: true
job-core	Checkout code	2025-10-07T16:15:20.6989154Z   clean: true
job-core	Checkout code	2025-10-07T16:15:20.6990646Z   sparse-checkout-cone-mode: true
job-core	Checkout code	2025-10-07T16:15:20.6991966Z   fetch-tags: false
job-core	Checkout code	2025-10-07T16:15:20.6993077Z   show-progress: true
job-core	Checkout code	2025-10-07T16:15:20.6994182Z   lfs: false
job-core	Checkout code	2025-10-07T16:15:20.6995199Z   submodules: false
job-core	Checkout code	2025-10-07T16:15:20.6996295Z   set-safe-directory: true
job-core	Checkout code	2025-10-07T16:15:20.6998079Z env:
job-core	Checkout code	2025-10-07T16:15:20.6999095Z   KAOS_MODULE: [Ka0S] JSONLINT
job-core	Checkout code	2025-10-07T16:15:20.7001210Z   GH_TOKEN: ***
job-core	Checkout code	2025-10-07T16:15:20.7002451Z   KAOS_JSONLINT_CONFIG: core/config/.jsonlint.json
job-core	Checkout code	2025-10-07T16:15:20.7004071Z   KAOS_PATH_RESUME: audit/jsonlint/
job-core	Checkout code	2025-10-07T16:15:20.7005561Z   KAOS_REPO: /actions-runner/_work/kaos/kaos
job-core	Checkout code	2025-10-07T16:15:20.7006975Z   KAOS_STEP_MODULE: 
job-core	Checkout code	2025-10-07T16:15:20.7008074Z   KAOS_CODE: 18319045776
job-core	Checkout code	2025-10-07T16:15:20.7009229Z   KAOS_REF_BRANCH: main
job-core	Checkout code	2025-10-07T16:15:20.7010750Z ##[endgroup]
job-core	Checkout code	2025-10-07T16:15:20.8826135Z Syncing repository: Ka0s-Klaus/ka0s
job-core	Checkout code	2025-10-07T16:15:20.8833263Z ##[group]Getting Git version info
job-core	Checkout code	2025-10-07T16:15:20.8836062Z Working directory is '/home/runner/_work/ka0s/ka0s'
job-core	Checkout code	2025-10-07T16:15:20.8840229Z [command]/usr/bin/git version
job-core	Checkout code	2025-10-07T16:15:20.8842548Z git version 2.51.0
job-core	Checkout code	2025-10-07T16:15:20.8852201Z ##[endgroup]
job-core	Checkout code	2025-10-07T16:15:20.8866220Z Copying '/home/runner/.gitconfig' to '/home/runner/_work/_temp/9b6598b1-83dd-42a2-ab1e-314736ef4483/.gitconfig'
job-core	Checkout code	2025-10-07T16:15:20.8872425Z Temporarily overriding HOME='/home/runner/_work/_temp/9b6598b1-83dd-42a2-ab1e-314736ef4483' before making global git config changes
job-core	Checkout code	2025-10-07T16:15:20.8875911Z Adding repository directory to the temporary git global config as a safe directory
job-core	Checkout code	2025-10-07T16:15:20.8878779Z [command]/usr/bin/git config --global --add safe.directory /home/runner/_work/ka0s/ka0s
job-core	Checkout code	2025-10-07T16:15:20.8907587Z [command]/usr/bin/git config --local --get remote.origin.url
job-core	Checkout code	2025-10-07T16:15:20.8950729Z https://github.com/Ka0s-Klaus/ka0s
job-core	Checkout code	2025-10-07T16:15:20.8980116Z ##[group]Removing previously created refs, to avoid conflicts
job-core	Checkout code	2025-10-07T16:15:20.8983966Z [command]/usr/bin/git rev-parse --symbolic-full-name --verify --quiet HEAD
job-core	Checkout code	2025-10-07T16:15:20.9014918Z refs/heads/H1646-modulo-de-control-de-runners
job-core	Checkout code	2025-10-07T16:15:20.9032687Z [command]/usr/bin/git checkout --detach
job-core	Checkout code	2025-10-07T16:15:20.9132017Z HEAD is now at 903759d5 [Ka0S] Uploading resume execution files to the repository...
job-core	Checkout code	2025-10-07T16:15:20.9202831Z [command]/usr/bin/git branch --delete --force H1646-modulo-de-control-de-runners
job-core	Checkout code	2025-10-07T16:15:20.9241661Z Deleted branch H1646-modulo-de-control-de-runners (was 903759d5).
job-core	Checkout code	2025-10-07T16:15:20.9359822Z ##[endgroup]
job-core	Checkout code	2025-10-07T16:15:20.9361138Z [command]/usr/bin/git submodule status
job-core	Checkout code	2025-10-07T16:15:20.9686973Z ##[group]Cleaning the repository
job-core	Checkout code	2025-10-07T16:15:20.9692389Z [command]/usr/bin/git clean -ffdx
job-core	Checkout code	2025-10-07T16:15:20.9762523Z Removing audit/jsonlint/jsonlint-results-18319044233.txt
job-core	Checkout code	2025-10-07T16:15:20.9779115Z [command]/usr/bin/git reset --hard HEAD
job-core	Checkout code	2025-10-07T16:15:20.9886617Z HEAD is now at 903759d5 [Ka0S] Uploading resume execution files to the repository...
job-core	Checkout code	2025-10-07T16:15:20.9987946Z ##[endgroup]
job-core	Checkout code	2025-10-07T16:15:20.9992128Z ##[group]Disabling automatic garbage collection
job-core	Checkout code	2025-10-07T16:15:20.9993834Z [command]/usr/bin/git config --local gc.auto 0
job-core	Checkout code	2025-10-07T16:15:20.9997321Z ##[endgroup]
job-core	Checkout code	2025-10-07T16:15:20.9999091Z ##[group]Setting up auth
job-core	Checkout code	2025-10-07T16:15:21.0001027Z [command]/usr/bin/git config --local --name-only --get-regexp core\.sshCommand
job-core	Checkout code	2025-10-07T16:15:21.0017337Z [command]/usr/bin/git submodule foreach --recursive sh -c "git config --local --name-only --get-regexp 'core\.sshCommand' && git config --local --unset-all 'core.sshCommand' || :"
job-core	Checkout code	2025-10-07T16:15:21.0370614Z [command]/usr/bin/git config --local --name-only --get-regexp http\.https\:\/\/github\.com\/\.extraheader
job-core	Checkout code	2025-10-07T16:15:21.0417682Z [command]/usr/bin/git submodule foreach --recursive sh -c "git config --local --name-only --get-regexp 'http\.https\:\/\/github\.com\/\.extraheader' && git config --local --unset-all 'http.https://github.com/.extraheader' || :"
job-core	Checkout code	2025-10-07T16:15:21.0753941Z [command]/usr/bin/git config --local http.https://github.com/.extraheader AUTHORIZATION: basic ***
job-core	Checkout code	2025-10-07T16:15:21.0812063Z ##[endgroup]
job-core	Checkout code	2025-10-07T16:15:21.0815204Z ##[group]Fetching the repository
job-core	Checkout code	2025-10-07T16:15:21.0830341Z [command]/usr/bin/git -c protocol.version=2 fetch --prune --no-recurse-submodules origin +refs/heads/*:refs/remotes/origin/* +refs/tags/*:refs/tags/*
job-core	Checkout code	2025-10-07T16:15:21.6676788Z [command]/usr/bin/git branch --list --remote origin/H1646-modulo-de-control-de-runners
job-core	Checkout code	2025-10-07T16:15:21.6749748Z   origin/H1646-modulo-de-control-de-runners
job-core	Checkout code	2025-10-07T16:15:21.6766944Z [command]/usr/bin/git rev-parse refs/remotes/origin/H1646-modulo-de-control-de-runners
job-core	Checkout code	2025-10-07T16:15:21.6797872Z 903759d54158e6df6241d433e53583757719978a
job-core	Checkout code	2025-10-07T16:15:21.6805043Z ##[endgroup]
job-core	Checkout code	2025-10-07T16:15:21.6805733Z ##[group]Determining the checkout info
job-core	Checkout code	2025-10-07T16:15:21.6807197Z ##[endgroup]
job-core	Checkout code	2025-10-07T16:15:21.6818338Z [command]/usr/bin/git sparse-checkout disable
job-core	Checkout code	2025-10-07T16:15:21.6907666Z [command]/usr/bin/git config --local --unset-all extensions.worktreeConfig
job-core	Checkout code	2025-10-07T16:15:21.6948899Z ##[group]Checking out the ref
job-core	Checkout code	2025-10-07T16:15:21.6955257Z [command]/usr/bin/git checkout --progress --force -B H1646-modulo-de-control-de-runners refs/remotes/origin/H1646-modulo-de-control-de-runners
job-core	Checkout code	2025-10-07T16:15:21.7056505Z Switched to a new branch 'H1646-modulo-de-control-de-runners'
job-core	Checkout code	2025-10-07T16:15:21.7061917Z branch 'H1646-modulo-de-control-de-runners' set up to track 'origin/H1646-modulo-de-control-de-runners'.
job-core	Checkout code	2025-10-07T16:15:21.7069708Z ##[endgroup]
job-core	Checkout code	2025-10-07T16:15:21.7125863Z [command]/usr/bin/git log -1 --format=%H
job-core	Checkout code	2025-10-07T16:15:21.7162144Z 903759d54158e6df6241d433e53583757719978a
job-core	Install Node.js	﻿2025-10-07T16:15:21.7555068Z ##[group]Run actions/setup-node@v2
job-core	Install Node.js	2025-10-07T16:15:21.7555549Z with:
job-core	Install Node.js	2025-10-07T16:15:21.7555834Z   node-version: 14
job-core	Install Node.js	2025-10-07T16:15:21.7556158Z   always-auth: false
job-core	Install Node.js	2025-10-07T16:15:21.7556489Z   check-latest: false
job-core	Install Node.js	2025-10-07T16:15:21.7557075Z   token: ***
job-core	Install Node.js	2025-10-07T16:15:21.7557367Z env:
job-core	Install Node.js	2025-10-07T16:15:21.7557656Z   KAOS_MODULE: [Ka0S] JSONLINT
job-core	Install Node.js	2025-10-07T16:15:21.7558217Z   GH_TOKEN: ***
job-core	Install Node.js	2025-10-07T16:15:21.7558974Z   KAOS_JSONLINT_CONFIG: core/config/.jsonlint.json
job-core	Install Node.js	2025-10-07T16:15:21.7564702Z   KAOS_PATH_RESUME: audit/jsonlint/
job-core	Install Node.js	2025-10-07T16:15:21.7566093Z   KAOS_REPO: /actions-runner/_work/kaos/kaos
job-core	Install Node.js	2025-10-07T16:15:21.7567414Z   KAOS_STEP_MODULE: 
job-core	Install Node.js	2025-10-07T16:15:21.7568496Z   KAOS_CODE: 18319045776
job-core	Install Node.js	2025-10-07T16:15:21.7569770Z   KAOS_REF_BRANCH: main
job-core	Install Node.js	2025-10-07T16:15:21.7570111Z ##[endgroup]
job-core	Install Node.js	2025-10-07T16:15:22.0413273Z Found in cache @ /home/runner/_work/_tool/node/14.21.3/x64
job-core	Install jsonlint	﻿2025-10-07T16:15:22.0626893Z ##[group]Run if ! command -v jsonlint &> /dev/null; then
job-core	Install jsonlint	2025-10-07T16:15:22.0628263Z [36;1mif ! command -v jsonlint &> /dev/null; then[0m
job-core	Install jsonlint	2025-10-07T16:15:22.0629129Z [36;1m  echo "Installing jsonlint..."[0m
job-core	Install jsonlint	2025-10-07T16:15:22.0630064Z [36;1m  npm install -g jsonlint[0m
job-core	Install jsonlint	2025-10-07T16:15:22.0630701Z [36;1melse[0m
job-core	Install jsonlint	2025-10-07T16:15:22.0631406Z [36;1m  echo "jsonlint already installed, skipping installation"[0m
job-core	Install jsonlint	2025-10-07T16:15:22.0632249Z [36;1mfi[0m
job-core	Install jsonlint	2025-10-07T16:15:22.0633014Z [36;1mmkdir -p audit/jsonlint/[0m
job-core	Install jsonlint	2025-10-07T16:15:22.0660614Z shell: /usr/bin/bash -e {0}
job-core	Install jsonlint	2025-10-07T16:15:22.0661327Z env:
job-core	Install jsonlint	2025-10-07T16:15:22.0661848Z   KAOS_MODULE: [Ka0S] JSONLINT
job-core	Install jsonlint	2025-10-07T16:15:22.0662914Z   GH_TOKEN: ***
job-core	Install jsonlint	2025-10-07T16:15:22.0680010Z   KAOS_JSONLINT_CONFIG: core/config/.jsonlint.json
job-core	Install jsonlint	2025-10-07T16:15:22.0680932Z   KAOS_PATH_RESUME: audit/jsonlint/
job-core	Install jsonlint	2025-10-07T16:15:22.0681630Z   KAOS_REPO: /actions-runner/_work/kaos/kaos
job-core	Install jsonlint	2025-10-07T16:15:22.0682361Z   KAOS_STEP_MODULE: 
job-core	Install jsonlint	2025-10-07T16:15:22.0682996Z   KAOS_CODE: 18319045776
job-core	Install jsonlint	2025-10-07T16:15:22.0683554Z   KAOS_REF_BRANCH: main
job-core	Install jsonlint	2025-10-07T16:15:22.0684122Z ##[endgroup]
job-core	Install jsonlint	2025-10-07T16:15:22.0807000Z jsonlint already installed, skipping installation
job-core	Check JSON	﻿2025-10-07T16:15:22.1020988Z ##[group]Run # Invocamos la primera comprobación de base, sino se supera el proceso no continua
job-core	Check JSON	2025-10-07T16:15:22.1022631Z [36;1m# Invocamos la primera comprobación de base, sino se supera el proceso no continua[0m
job-core	Check JSON	2025-10-07T16:15:22.1023689Z [36;1m# Extraemos el nombre del fichero[0m
job-core	Check JSON	2025-10-07T16:15:22.1024528Z [36;1mfile_name=$(basename "audit/inspector/18314266953.json")[0m
job-core	Check JSON	2025-10-07T16:15:22.1025561Z [36;1m# Generamos el fichero de resultados vacio[0m
job-core	Check JSON	2025-10-07T16:15:22.1026552Z [36;1mtouch audit/jsonlint/jsonlint-results-18319045776.txt[0m
job-core	Check JSON	2025-10-07T16:15:22.1027652Z [36;1m# Realizamos el check del documento json [0m
job-core	Check JSON	2025-10-07T16:15:22.1029498Z [36;1mjsonlint --pretty-print audit/inspector/18314266953.json > audit/jsonlint/jsonlint-results-18319045776.txt || true[0m
job-core	Check JSON	2025-10-07T16:15:22.1031269Z [36;1m# Check if exist errors in file[0m
job-core	Check JSON	2025-10-07T16:15:22.1032247Z [36;1mif [ ! -s audit/jsonlint/jsonlint-results-18319045776.txt ]; then[0m
job-core	Check JSON	2025-10-07T16:15:22.1033579Z [36;1m  echo "File audit/jsonlint/jsonlint-results-18319045776.txt is empty and is content correct"[0m
job-core	Check JSON	2025-10-07T16:15:22.1036697Z [36;1m  KAOS_ISSUE_BODY="The [Ka0S] JSONLINT process (18319033750) launch the check (18319045776) over file (audit/inspector/18314266953.json) and its result has been SUCCESS. Please review all files implicated in pull request and approve to merge"[0m
job-core	Check JSON	2025-10-07T16:15:22.1039187Z [36;1m  # Añadimos la versión de jsonlint con la que se realiza la comprobacion[0m
job-core	Check JSON	2025-10-07T16:15:22.1042641Z [36;1m  jsonlint --version >> audit/jsonlint/jsonlint-results-18319045776.txt[0m
job-core	Check JSON	2025-10-07T16:15:22.1044207Z [36;1m  # añadimos el nombre del fichero que vamos a comprobar[0m
job-core	Check JSON	2025-10-07T16:15:22.1045549Z [36;1m  echo "Finding: audit/inspector/18314266953.json" >> audit/jsonlint/jsonlint-results-18319045776.txt[0m
job-core	Check JSON	2025-10-07T16:15:22.1046811Z [36;1m  gh issue comment  1646 -b "$KAOS_ISSUE_BODY" [0m
job-core	Check JSON	2025-10-07T16:15:22.1047629Z [36;1melse[0m
job-core	Check JSON	2025-10-07T16:15:22.1048263Z [36;1m  cat audit/jsonlint/jsonlint-results-18319045776.txt[0m
job-core	Check JSON	2025-10-07T16:15:22.1049967Z [36;1m  echo "File audit/jsonlint/jsonlint-results-18319045776.txt is not empty and is content not correct and write commit info"[0m
job-core	Check JSON	2025-10-07T16:15:22.1052429Z [36;1m  KAOS_ISSUE_BODY="The [Ka0S] JSONLINT process (18319033750) launch the check (18319045776) over file (audit/inspector/18314266953.json) and its result has been FAILED, please check and solved it"[0m
job-core	Check JSON	2025-10-07T16:15:22.1054193Z [36;1m  # Añadimos la versión de jsonlint con la que se realiza la comprobacion[0m
job-core	Check JSON	2025-10-07T16:15:22.1055345Z [36;1m  jsonlint --version || true >> audit/jsonlint/jsonlint-results-18319045776.txt[0m
job-core	Check JSON	2025-10-07T16:15:22.1056865Z [36;1m  # añadimos el nombre del fichero que vamos a comprobar[0m
job-core	Check JSON	2025-10-07T16:15:22.1057929Z [36;1m  echo "Finding: audit/inspector/18314266953.json" >> audit/jsonlint/jsonlint-results-18319045776.txt[0m
job-core	Check JSON	2025-10-07T16:15:22.1059158Z [36;1m  gh issue comment  1646 -b "$KAOS_ISSUE_BODY" [0m
job-core	Check JSON	2025-10-07T16:15:22.1060476Z [36;1mfi[0m
job-core	Check JSON	2025-10-07T16:15:22.1061038Z [36;1mecho "Uploading files to the repository..."[0m
job-core	Check JSON	2025-10-07T16:15:22.1061961Z [36;1mgit config --global user.name "***"[0m
job-core	Check JSON	2025-10-07T16:15:22.1062828Z [36;1mgit config --global user.email "***"[0m
job-core	Check JSON	2025-10-07T16:15:22.1063549Z [36;1mgit pull --rebase[0m
job-core	Check JSON	2025-10-07T16:15:22.1064164Z [36;1mgit add audit/jsonlint/*[0m
job-core	Check JSON	2025-10-07T16:15:22.1064772Z [36;1mif ! git diff --staged --quiet; then[0m
job-core	Check JSON	2025-10-07T16:15:22.1065783Z [36;1m  git commit -m "[Ka0S] Uploading jsonlint resume execution files to the repository..."[0m
job-core	Check JSON	2025-10-07T16:15:22.1080336Z [36;1m  git push origin refs/heads/H1646-modulo-de-control-de-runners --force-with-lease[0m
job-core	Check JSON	2025-10-07T16:15:22.1081736Z [36;1mfi[0m
job-core	Check JSON	2025-10-07T16:15:22.1106737Z shell: /usr/bin/bash -e {0}
job-core	Check JSON	2025-10-07T16:15:22.1107362Z env:
job-core	Check JSON	2025-10-07T16:15:22.1107826Z   KAOS_MODULE: [Ka0S] JSONLINT
job-core	Check JSON	2025-10-07T16:15:22.1108785Z   GH_TOKEN: ***
job-core	Check JSON	2025-10-07T16:15:22.1109348Z   KAOS_JSONLINT_CONFIG: core/config/.jsonlint.json
job-core	Check JSON	2025-10-07T16:15:22.1110761Z   KAOS_PATH_RESUME: audit/jsonlint/
job-core	Check JSON	2025-10-07T16:15:22.1111381Z   KAOS_REPO: /actions-runner/_work/kaos/kaos
job-core	Check JSON	2025-10-07T16:15:22.1112089Z   KAOS_STEP_MODULE: 
job-core	Check JSON	2025-10-07T16:15:22.1112568Z   KAOS_CODE: 18319045776
job-core	Check JSON	2025-10-07T16:15:22.1113063Z   KAOS_REF_BRANCH: main
job-core	Check JSON	2025-10-07T16:15:22.1113573Z ##[endgroup]
job-core	Check JSON	2025-10-07T16:15:22.2910851Z internal/fs/utils.js:332
job-core	Check JSON	2025-10-07T16:15:22.2912045Z     throw err;
job-core	Check JSON	2025-10-07T16:15:22.2912696Z     ^
job-core	Check JSON	2025-10-07T16:15:22.2912980Z 
job-core	Check JSON	2025-10-07T16:15:22.2913946Z Error: ENOENT: no such file or directory, open 'audit/inspector/18314266953.json'
job-core	Check JSON	2025-10-07T16:15:22.2915030Z     at Object.openSync (fs.js:498:3)
job-core	Check JSON	2025-10-07T16:15:22.2915954Z     at Object.readFileSync (fs.js:394:35)
job-core	Check JSON	2025-10-07T16:15:22.2918707Z     at main (/home/runner/_work/_tool/node/14.21.3/x64/lib/node_modules/jsonlint/lib/cli.js:135:23)
job-core	Check JSON	2025-10-07T16:15:22.2922523Z     at Object.<anonymous> (/home/runner/_work/_tool/node/14.21.3/x64/lib/node_modules/jsonlint/lib/cli.js:179:1)
job-core	Check JSON	2025-10-07T16:15:22.2925597Z     at Module._compile (internal/modules/cjs/loader.js:1114:14)
job-core	Check JSON	2025-10-07T16:15:22.2928301Z     at Object.Module._extensions..js (internal/modules/cjs/loader.js:1143:10)
job-core	Check JSON	2025-10-07T16:15:22.2930929Z     at Module.load (internal/modules/cjs/loader.js:979:32)
job-core	Check JSON	2025-10-07T16:15:22.2933371Z     at Function.Module._load (internal/modules/cjs/loader.js:819:12)
job-core	Check JSON	2025-10-07T16:15:22.2936352Z     at Function.executeUserEntryPoint [as runMain] (internal/modules/run_main.js:75:12)
job-core	Check JSON	2025-10-07T16:15:22.2939022Z     at internal/main/run_main_module.js:17:47 {
job-core	Check JSON	2025-10-07T16:15:22.2940915Z   errno: -2,
job-core	Check JSON	2025-10-07T16:15:22.2942310Z   syscall: 'open',
job-core	Check JSON	2025-10-07T16:15:22.2943725Z   code: 'ENOENT',
job-core	Check JSON	2025-10-07T16:15:22.2945277Z   path: 'audit/inspector/18314266953.json'
job-core	Check JSON	2025-10-07T16:15:22.2946917Z }
job-core	Check JSON	2025-10-07T16:15:22.2954619Z File audit/jsonlint/jsonlint-results-18319045776.txt is empty and is content correct
job-core	Check JSON	2025-10-07T16:15:22.5314603Z ##[error]Process completed with exit code 1.
job-core	Post Checkout code	﻿2025-10-07T16:15:22.5595283Z Post job cleanup.
job-core	Post Checkout code	2025-10-07T16:15:22.7245876Z [command]/usr/bin/git version
job-core	Post Checkout code	2025-10-07T16:15:22.7367170Z git version 2.51.0
job-core	Post Checkout code	2025-10-07T16:15:22.7477656Z Copying '/home/runner/.gitconfig' to '/home/runner/_work/_temp/e410134f-7a6d-435a-b65e-ab6de2181ed2/.gitconfig'
job-core	Post Checkout code	2025-10-07T16:15:22.7506540Z Temporarily overriding HOME='/home/runner/_work/_temp/e410134f-7a6d-435a-b65e-ab6de2181ed2' before making global git config changes
job-core	Post Checkout code	2025-10-07T16:15:22.7509383Z Adding repository directory to the temporary git global config as a safe directory
job-core	Post Checkout code	2025-10-07T16:15:22.7511457Z [command]/usr/bin/git config --global --add safe.directory /home/runner/_work/ka0s/ka0s
job-core	Post Checkout code	2025-10-07T16:15:22.7582742Z [command]/usr/bin/git config --local --name-only --get-regexp core\.sshCommand
job-core	Post Checkout code	2025-10-07T16:15:22.7656488Z [command]/usr/bin/git submodule foreach --recursive sh -c "git config --local --name-only --get-regexp 'core\.sshCommand' && git config --local --unset-all 'core.sshCommand' || :"
job-core	Post Checkout code	2025-10-07T16:15:22.8016256Z [command]/usr/bin/git config --local --name-only --get-regexp http\.https\:\/\/github\.com\/\.extraheader
job-core	Post Checkout code	2025-10-07T16:15:22.8055593Z http.https://github.com/.extraheader
job-core	Post Checkout code	2025-10-07T16:15:22.8075900Z [command]/usr/bin/git config --local --unset-all http.https://github.com/.extraheader
job-core	Post Checkout code	2025-10-07T16:15:22.8129429Z [command]/usr/bin/git submodule foreach --recursive sh -c "git config --local --name-only --get-regexp 'http\.https\:\/\/github\.com\/\.extraheader' && git config --local --unset-all 'http.https://github.com/.extraheader' || :"
job-core	Complete job	﻿2025-10-07T16:15:22.8782841Z Cleaning up orphan processes
handle_failure	Checkout code	﻿2025-10-07T16:16:34.3503253Z ##[group]Run actions/checkout@v4
handle_failure	Checkout code	2025-10-07T16:16:34.3505006Z with:
handle_failure	Checkout code	2025-10-07T16:16:34.3505764Z   fetch-depth: 0
handle_failure	Checkout code	2025-10-07T16:16:34.3507177Z   token: ***
handle_failure	Checkout code	2025-10-07T16:16:34.3508152Z   repository: Ka0s-Klaus/ka0s
handle_failure	Checkout code	2025-10-07T16:16:34.3509443Z   ssh-strict: true
handle_failure	Checkout code	2025-10-07T16:16:34.3510464Z   ssh-user: git
handle_failure	Checkout code	2025-10-07T16:16:34.3511379Z   persist-credentials: true
handle_failure	Checkout code	2025-10-07T16:16:34.3512507Z   clean: true
handle_failure	Checkout code	2025-10-07T16:16:34.3513468Z   sparse-checkout-cone-mode: true
handle_failure	Checkout code	2025-10-07T16:16:34.3514651Z   fetch-tags: false
handle_failure	Checkout code	2025-10-07T16:16:34.3515667Z   show-progress: true
handle_failure	Checkout code	2025-10-07T16:16:34.3516626Z   lfs: false
handle_failure	Checkout code	2025-10-07T16:16:34.3517695Z   submodules: false
handle_failure	Checkout code	2025-10-07T16:16:34.3518765Z   set-safe-directory: true
handle_failure	Checkout code	2025-10-07T16:16:34.3520195Z env:
handle_failure	Checkout code	2025-10-07T16:16:34.3521114Z   KAOS_MODULE: [Ka0S] JSONLINT
handle_failure	Checkout code	2025-10-07T16:16:34.3522681Z   GH_TOKEN: ***
handle_failure	Checkout code	2025-10-07T16:16:34.3523732Z   KAOS_JSONLINT_CONFIG: core/config/.jsonlint.json
handle_failure	Checkout code	2025-10-07T16:16:34.3525163Z   KAOS_PATH_RESUME: audit/jsonlint/
handle_failure	Checkout code	2025-10-07T16:16:34.3526643Z   KAOS_REPO: /actions-runner/_work/kaos/kaos
handle_failure	Checkout code	2025-10-07T16:16:34.4026705Z   KAOS_STEP_MODULE: 
handle_failure	Checkout code	2025-10-07T16:16:34.4028074Z   KAOS_CODE: 18319045776
handle_failure	Checkout code	2025-10-07T16:16:34.4029103Z   KAOS_REF_BRANCH: main
handle_failure	Checkout code	2025-10-07T16:16:34.4030070Z ##[endgroup]
handle_failure	Checkout code	2025-10-07T16:16:36.2261844Z Syncing repository: Ka0s-Klaus/ka0s
handle_failure	Checkout code	2025-10-07T16:16:36.2767990Z ##[group]Getting Git version info
handle_failure	Checkout code	2025-10-07T16:16:36.2769839Z Working directory is '/home/runner/_work/ka0s/ka0s'
handle_failure	Checkout code	2025-10-07T16:16:36.2771866Z [command]/usr/bin/git version
handle_failure	Checkout code	2025-10-07T16:16:36.2772810Z git version 2.51.0
handle_failure	Checkout code	2025-10-07T16:16:36.3102125Z ##[endgroup]
handle_failure	Checkout code	2025-10-07T16:16:36.3493171Z Temporarily overriding HOME='/home/runner/_work/_temp/8cee570c-b712-4e98-b84c-73543db4d468' before making global git config changes
handle_failure	Checkout code	2025-10-07T16:16:36.3495952Z Adding repository directory to the temporary git global config as a safe directory
handle_failure	Checkout code	2025-10-07T16:16:36.3849794Z [command]/usr/bin/git config --global --add safe.directory /home/runner/_work/ka0s/ka0s
handle_failure	Checkout code	2025-10-07T16:16:36.3853622Z Deleting the contents of '/home/runner/_work/ka0s/ka0s'
handle_failure	Checkout code	2025-10-07T16:16:36.3855681Z ##[group]Initializing the repository
handle_failure	Checkout code	2025-10-07T16:16:36.3997455Z [command]/usr/bin/git init /home/runner/_work/ka0s/ka0s
handle_failure	Checkout code	2025-10-07T16:16:36.5303357Z hint: Using 'master' as the name for the initial branch. This default branch name
handle_failure	Checkout code	2025-10-07T16:16:36.5370671Z hint: is subject to change. To configure the initial branch name to use in all
handle_failure	Checkout code	2025-10-07T16:16:36.5372961Z hint: of your new repositories, which will suppress this warning, call:
handle_failure	Checkout code	2025-10-07T16:16:36.5374308Z hint:
handle_failure	Checkout code	2025-10-07T16:16:36.5375199Z hint: 	git config --global init.defaultBranch <name>
handle_failure	Checkout code	2025-10-07T16:16:36.5376333Z hint:
handle_failure	Checkout code	2025-10-07T16:16:36.5438652Z hint: Names commonly chosen instead of 'master' are 'main', 'trunk' and
handle_failure	Checkout code	2025-10-07T16:16:36.5440979Z hint: 'development'. The just-created branch can be renamed via this command:
handle_failure	Checkout code	2025-10-07T16:16:36.5442406Z hint:
handle_failure	Checkout code	2025-10-07T16:16:36.5443165Z hint: 	git branch -m <name>
handle_failure	Checkout code	2025-10-07T16:16:36.5444020Z hint:
handle_failure	Checkout code	2025-10-07T16:16:36.5445224Z hint: Disable this message with "git config set advice.defaultBranchName false"
handle_failure	Checkout code	2025-10-07T16:16:36.5570412Z Initialized empty Git repository in /home/runner/_work/ka0s/ka0s/.git/
handle_failure	Checkout code	2025-10-07T16:16:36.5701051Z [command]/usr/bin/git remote add origin https://github.com/Ka0s-Klaus/ka0s
handle_failure	Checkout code	2025-10-07T16:16:36.5987184Z ##[endgroup]
handle_failure	Checkout code	2025-10-07T16:16:36.6069037Z ##[group]Disabling automatic garbage collection
handle_failure	Checkout code	2025-10-07T16:16:36.6074657Z [command]/usr/bin/git config --local gc.auto 0
handle_failure	Checkout code	2025-10-07T16:16:36.6366929Z ##[endgroup]
handle_failure	Checkout code	2025-10-07T16:16:36.6401378Z ##[group]Setting up auth
handle_failure	Checkout code	2025-10-07T16:16:36.6496180Z [command]/usr/bin/git config --local --name-only --get-regexp core\.sshCommand
handle_failure	Checkout code	2025-10-07T16:16:36.7251077Z [command]/usr/bin/git submodule foreach --recursive sh -c "git config --local --name-only --get-regexp 'core\.sshCommand' && git config --local --unset-all 'core.sshCommand' || :"
handle_failure	Checkout code	2025-10-07T16:16:37.1599970Z [command]/usr/bin/git config --local --name-only --get-regexp http\.https\:\/\/github\.com\/\.extraheader
handle_failure	Checkout code	2025-10-07T16:16:37.2165207Z [command]/usr/bin/git submodule foreach --recursive sh -c "git config --local --name-only --get-regexp 'http\.https\:\/\/github\.com\/\.extraheader' && git config --local --unset-all 'http.https://github.com/.extraheader' || :"
handle_failure	Checkout code	2025-10-07T16:16:37.6918240Z [command]/usr/bin/git config --local http.https://github.com/.extraheader AUTHORIZATION: basic ***
handle_failure	Checkout code	2025-10-07T16:16:37.7791027Z ##[endgroup]
handle_failure	Checkout code	2025-10-07T16:16:37.7794627Z ##[group]Fetching the repository
handle_failure	Checkout code	2025-10-07T16:16:37.7798966Z [command]/usr/bin/git -c protocol.version=2 fetch --prune --no-recurse-submodules origin +refs/heads/*:refs/remotes/origin/* +refs/tags/*:refs/tags/*
handle_failure	Checkout code	2025-10-07T16:18:32.5549809Z From https://github.com/Ka0s-Klaus/ka0s
handle_failure	Checkout code	2025-10-07T16:18:32.5643398Z  * [new branch]        F1149-desarrollo-de-orchestrator -> origin/F1149-desarrollo-de-orchestrator
handle_failure	Checkout code	2025-10-07T16:18:32.5652814Z  * [new branch]        F1183-personalización-módulo-finops -> origin/F1183-personalización-módulo-finops
handle_failure	Checkout code	2025-10-07T16:18:32.5702597Z  * [new branch]        F1224-new-module-mongodb -> origin/F1224-new-module-mongodb
handle_failure	Checkout code	2025-10-07T16:18:32.5708143Z  * [new branch]        F220-web-de-resultados  -> origin/F220-web-de-resultados
handle_failure	Checkout code	2025-10-07T16:18:32.5709249Z  * [new branch]        F227-despliegue-de-kube-independiente-del-clouder -> origin/F227-despliegue-de-kube-independiente-del-clouder
handle_failure	Checkout code	2025-10-07T16:18:32.5737726Z  * [new branch]        F329-documentacion-metodologia-de-kaos -> origin/F329-documentacion-metodologia-de-kaos
handle_failure	Checkout code	2025-10-07T16:18:32.5780666Z  * [new branch]        F44-creación-módulo-versionado -> origin/F44-creación-módulo-versionado
handle_failure	Checkout code	2025-10-07T16:18:32.5782033Z  * [new branch]        H1128-módulo-de-observabilidad -> origin/H1128-módulo-de-observabilidad
handle_failure	Checkout code	2025-10-07T16:18:32.5900363Z  * [new branch]        H1139-como-instalar-arc-control -> origin/H1139-como-instalar-arc-control
handle_failure	Checkout code	2025-10-07T16:18:32.5901229Z  * [new branch]        H1149-desarrollo-de-orchestrator -> origin/H1149-desarrollo-de-orchestrator
handle_failure	Checkout code	2025-10-07T16:18:32.5901966Z  * [new branch]        H1150-desarrollo-de-secciones -> origin/H1150-desarrollo-de-secciones
handle_failure	Checkout code	2025-10-07T16:18:32.5902685Z  * [new branch]        H1151-desarrollo-de-secciones-ii -> origin/H1151-desarrollo-de-secciones-ii
handle_failure	Checkout code	2025-10-07T16:18:32.5903288Z  * [new branch]        H1152-desarrollo-inicio -> origin/H1152-desarrollo-inicio
handle_failure	Checkout code	2025-10-07T16:18:32.5904239Z  * [new branch]        H1183-personalización-módulo-finops -> origin/H1183-personalización-módulo-finops
handle_failure	Checkout code	2025-10-07T16:18:32.5904976Z  * [new branch]        H1193-ejemplo-web-documentacion -> origin/H1193-ejemplo-web-documentacion
handle_failure	Checkout code	2025-10-07T16:18:32.5905542Z  * [new branch]        H1205-web-creation      -> origin/H1205-web-creation
handle_failure	Checkout code	2025-10-07T16:18:32.5906036Z  * [new branch]        H1224-new-module-mongodb -> origin/H1224-new-module-mongodb
handle_failure	Checkout code	2025-10-07T16:18:32.5906584Z  * [new branch]        H1410-modulo-execution  -> origin/H1410-modulo-execution
handle_failure	Checkout code	2025-10-07T16:18:32.6169292Z  * [new branch]        H1514-new-swarm-deployment-stack-with-actions-runners-autoscale -> origin/H1514-new-swarm-deployment-stack-with-actions-runners-autoscale
handle_failure	Checkout code	2025-10-07T16:18:32.6171376Z  * [new branch]        H1646-modulo-de-control-de-runners -> origin/H1646-modulo-de-control-de-runners
handle_failure	Checkout code	2025-10-07T16:18:32.6172019Z  * [new branch]        H215-modulo-de-summary  -> origin/H215-modulo-de-summary
handle_failure	Checkout code	2025-10-07T16:18:32.6172541Z  * [new branch]        H220-web-de-resultados  -> origin/H220-web-de-resultados
handle_failure	Checkout code	2025-10-07T16:18:32.6173377Z  * [new branch]        H227-despliegue-de-kube-independiente-del-clouder -> origin/H227-despliegue-de-kube-independiente-del-clouder
handle_failure	Checkout code	2025-10-07T16:18:32.6174240Z  * [new branch]        H306-ficheros-de-estadisticas -> origin/H306-ficheros-de-estadisticas
handle_failure	Checkout code	2025-10-07T16:18:32.6175038Z  * [new branch]        H328-documentacion-modulo-principal-de-kaos -> origin/H328-documentacion-modulo-principal-de-kaos
handle_failure	Checkout code	2025-10-07T16:18:32.6175911Z  * [new branch]        H329-documentacion-metodologia-de-kaos -> origin/H329-documentacion-metodologia-de-kaos
handle_failure	Checkout code	2025-10-07T16:18:32.6177050Z  * [new branch]        H338-relanzador-de-jobs-en-caso-de-pattern -> origin/H338-relanzador-de-jobs-en-caso-de-pattern
handle_failure	Checkout code	2025-10-07T16:18:32.6178027Z  * [new branch]        H38-documentacion-basica-del-proyecto -> origin/H38-documentacion-basica-del-proyecto
handle_failure	Checkout code	2025-10-07T16:18:32.6179098Z  * [new branch]        H44-creación-módulo-versionado -> origin/H44-creación-módulo-versionado
handle_failure	Checkout code	2025-10-07T16:18:32.6179889Z  * [new branch]        RN1149-desarrollo-de-orchestrator -> origin/RN1149-desarrollo-de-orchestrator
handle_failure	Checkout code	2025-10-07T16:18:32.6180706Z  * [new branch]        RN1183-personalización-módulo-finops -> origin/RN1183-personalización-módulo-finops
handle_failure	Checkout code	2025-10-07T16:18:32.6471899Z  * [new branch]        RN1282-ka0s-error-detected-in-ka0s-workflow-statistics-summary -> origin/RN1282-ka0s-error-detected-in-ka0s-workflow-statistics-summary
handle_failure	Checkout code	2025-10-07T16:18:32.6473453Z  * [new branch]        RN220-web-de-resultados -> origin/RN220-web-de-resultados
handle_failure	Checkout code	2025-10-07T16:18:32.6474420Z  * [new branch]        RN227-despliegue-de-kube-independiente-del-clouder -> origin/RN227-despliegue-de-kube-independiente-del-clouder
handle_failure	Checkout code	2025-10-07T16:18:32.6475406Z  * [new branch]        RN329-documentacion-metodologia-de-kaos -> origin/RN329-documentacion-metodologia-de-kaos
handle_failure	Checkout code	2025-10-07T16:18:32.6476031Z  * [new branch]        main                    -> origin/main
handle_failure	Checkout code	2025-10-07T16:18:32.6476408Z  * [new tag]           0.0.0                   -> 0.0.0
handle_failure	Checkout code	2025-10-07T16:18:32.6476744Z  * [new tag]           0.0.1                   -> 0.0.1
handle_failure	Checkout code	2025-10-07T16:18:32.6477079Z  * [new tag]           0.0.10                  -> 0.0.10
handle_failure	Checkout code	2025-10-07T16:18:32.6585732Z  * [new tag]           0.0.100                 -> 0.0.100
handle_failure	Checkout code	2025-10-07T16:18:32.6586395Z  * [new tag]           0.0.101                 -> 0.0.101
handle_failure	Checkout code	2025-10-07T16:18:32.6586744Z  * [new tag]           0.0.102                 -> 0.0.102
handle_failure	Checkout code	2025-10-07T16:18:32.6587100Z  * [new tag]           0.0.103                 -> 0.0.103
handle_failure	Checkout code	2025-10-07T16:18:32.6587549Z  * [new tag]           0.0.104                 -> 0.0.104
handle_failure	Checkout code	2025-10-07T16:18:32.6587927Z  * [new tag]           0.0.105                 -> 0.0.105
handle_failure	Checkout code	2025-10-07T16:18:32.6588266Z  * [new tag]           0.0.106                 -> 0.0.106
handle_failure	Checkout code	2025-10-07T16:18:32.6588611Z  * [new tag]           0.0.107                 -> 0.0.107
handle_failure	Checkout code	2025-10-07T16:18:32.6588974Z  * [new tag]           0.0.108                 -> 0.0.108
handle_failure	Checkout code	2025-10-07T16:18:32.6589322Z  * [new tag]           0.0.109                 -> 0.0.109
handle_failure	Checkout code	2025-10-07T16:18:32.6589662Z  * [new tag]           0.0.11                  -> 0.0.11
handle_failure	Checkout code	2025-10-07T16:18:32.6589992Z  * [new tag]           0.0.110                 -> 0.0.110
handle_failure	Checkout code	2025-10-07T16:18:32.6590350Z  * [new tag]           0.0.111                 -> 0.0.111
handle_failure	Checkout code	2025-10-07T16:18:32.6590698Z  * [new tag]           0.0.112                 -> 0.0.112
handle_failure	Checkout code	2025-10-07T16:18:32.6591047Z  * [new tag]           0.0.113                 -> 0.0.113
handle_failure	Checkout code	2025-10-07T16:18:32.6591399Z  * [new tag]           0.0.114                 -> 0.0.114
handle_failure	Checkout code	2025-10-07T16:18:32.6591754Z  * [new tag]           0.0.115                 -> 0.0.115
handle_failure	Checkout code	2025-10-07T16:18:32.6592450Z  * [new tag]           0.0.116                 -> 0.0.116
handle_failure	Checkout code	2025-10-07T16:18:32.6592797Z  * [new tag]           0.0.117                 -> 0.0.117
handle_failure	Checkout code	2025-10-07T16:18:32.6593142Z  * [new tag]           0.0.118                 -> 0.0.118
handle_failure	Checkout code	2025-10-07T16:18:32.6593496Z  * [new tag]           0.0.119                 -> 0.0.119
handle_failure	Checkout code	2025-10-07T16:18:32.6593860Z  * [new tag]           0.0.12                  -> 0.0.12
handle_failure	Checkout code	2025-10-07T16:18:32.6594209Z  * [new tag]           0.0.120                 -> 0.0.120
handle_failure	Checkout code	2025-10-07T16:18:32.6594564Z  * [new tag]           0.0.121                 -> 0.0.121
handle_failure	Checkout code	2025-10-07T16:18:32.6594924Z  * [new tag]           0.0.122                 -> 0.0.122
handle_failure	Checkout code	2025-10-07T16:18:32.6595612Z  * [new tag]           0.0.123                 -> 0.0.123
handle_failure	Checkout code	2025-10-07T16:18:32.6595965Z  * [new tag]           0.0.124                 -> 0.0.124
handle_failure	Checkout code	2025-10-07T16:18:32.6596308Z  * [new tag]           0.0.125                 -> 0.0.125
handle_failure	Checkout code	2025-10-07T16:18:32.6596852Z  * [new tag]           0.0.126                 -> 0.0.126
handle_failure	Checkout code	2025-10-07T16:18:32.6597213Z  * [new tag]           0.0.127                 -> 0.0.127
handle_failure	Checkout code	2025-10-07T16:18:32.6597680Z  * [new tag]           0.0.128                 -> 0.0.128
handle_failure	Checkout code	2025-10-07T16:18:32.6598039Z  * [new tag]           0.0.129                 -> 0.0.129
handle_failure	Checkout code	2025-10-07T16:18:32.6598394Z  * [new tag]           0.0.13                  -> 0.0.13
handle_failure	Checkout code	2025-10-07T16:18:32.6598739Z  * [new tag]           0.0.130                 -> 0.0.130
handle_failure	Checkout code	2025-10-07T16:18:32.6599081Z  * [new tag]           0.0.131                 -> 0.0.131
handle_failure	Checkout code	2025-10-07T16:18:32.6599434Z  * [new tag]           0.0.132                 -> 0.0.132
handle_failure	Checkout code	2025-10-07T16:18:32.6599783Z  * [new tag]           0.0.133                 -> 0.0.133
handle_failure	Checkout code	2025-10-07T16:18:32.6600125Z  * [new tag]           0.0.134                 -> 0.0.134
handle_failure	Checkout code	2025-10-07T16:18:32.6600475Z  * [new tag]           0.0.135                 -> 0.0.135
handle_failure	Checkout code	2025-10-07T16:18:32.6600828Z  * [new tag]           0.0.136                 -> 0.0.136
handle_failure	Checkout code	2025-10-07T16:18:32.6601188Z  * [new tag]           0.0.137                 -> 0.0.137
handle_failure	Checkout code	2025-10-07T16:18:32.6601568Z  * [new tag]           0.0.138                 -> 0.0.138
handle_failure	Checkout code	2025-10-07T16:18:32.6601944Z  * [new tag]           0.0.139                 -> 0.0.139
handle_failure	Checkout code	2025-10-07T16:18:32.6602311Z  * [new tag]           0.0.14                  -> 0.0.14
handle_failure	Checkout code	2025-10-07T16:18:32.6602664Z  * [new tag]           0.0.140                 -> 0.0.140
handle_failure	Checkout code	2025-10-07T16:18:32.6603063Z  * [new tag]           0.0.141                 -> 0.0.141
handle_failure	Checkout code	2025-10-07T16:18:32.6603478Z  * [new tag]           0.0.142                 -> 0.0.142
handle_failure	Checkout code	2025-10-07T16:18:32.6603925Z  * [new tag]           0.0.143                 -> 0.0.143
handle_failure	Checkout code	2025-10-07T16:18:32.6604373Z  * [new tag]           0.0.144                 -> 0.0.144
handle_failure	Checkout code	2025-10-07T16:18:32.6738860Z  * [new tag]           0.0.145                 -> 0.0.145
handle_failure	Checkout code	2025-10-07T16:18:32.6739563Z  * [new tag]           0.0.146                 -> 0.0.146
handle_failure	Checkout code	2025-10-07T16:18:32.6739931Z  * [new tag]           0.0.147                 -> 0.0.147
handle_failure	Checkout code	2025-10-07T16:18:32.6740330Z  * [new tag]           0.0.148                 -> 0.0.148
handle_failure	Checkout code	2025-10-07T16:18:32.6740683Z  * [new tag]           0.0.149                 -> 0.0.149
handle_failure	Checkout code	2025-10-07T16:18:32.6741040Z  * [new tag]           0.0.15                  -> 0.0.15
handle_failure	Checkout code	2025-10-07T16:18:32.6741395Z  * [new tag]           0.0.150                 -> 0.0.150
handle_failure	Checkout code	2025-10-07T16:18:32.6741746Z  * [new tag]           0.0.151                 -> 0.0.151
handle_failure	Checkout code	2025-10-07T16:18:32.6742131Z  * [new tag]           0.0.152                 -> 0.0.152
handle_failure	Checkout code	2025-10-07T16:18:32.6742488Z  * [new tag]           0.0.153                 -> 0.0.153
handle_failure	Checkout code	2025-10-07T16:18:32.6742842Z  * [new tag]           0.0.154                 -> 0.0.154
handle_failure	Checkout code	2025-10-07T16:18:32.6743205Z  * [new tag]           0.0.155                 -> 0.0.155
handle_failure	Checkout code	2025-10-07T16:18:32.6743574Z  * [new tag]           0.0.156                 -> 0.0.156
handle_failure	Checkout code	2025-10-07T16:18:32.6743944Z  * [new tag]           0.0.157                 -> 0.0.157
handle_failure	Checkout code	2025-10-07T16:18:32.6744324Z  * [new tag]           0.0.158                 -> 0.0.158
handle_failure	Checkout code	2025-10-07T16:18:32.6745056Z  * [new tag]           0.0.159                 -> 0.0.159
handle_failure	Checkout code	2025-10-07T16:18:32.6745405Z  * [new tag]           0.0.16                  -> 0.0.16
handle_failure	Checkout code	2025-10-07T16:18:32.6745752Z  * [new tag]           0.0.160                 -> 0.0.160
handle_failure	Checkout code	2025-10-07T16:18:32.6746107Z  * [new tag]           0.0.161                 -> 0.0.161
handle_failure	Checkout code	2025-10-07T16:18:32.6746457Z  * [new tag]           0.0.162                 -> 0.0.162
handle_failure	Checkout code	2025-10-07T16:18:32.6746807Z  * [new tag]           0.0.163                 -> 0.0.163
handle_failure	Checkout code	2025-10-07T16:18:32.6747172Z  * [new tag]           0.0.164                 -> 0.0.164
handle_failure	Checkout code	2025-10-07T16:18:32.6747701Z  * [new tag]           0.0.165                 -> 0.0.165
handle_failure	Checkout code	2025-10-07T16:18:32.6748079Z  * [new tag]           0.0.166                 -> 0.0.166
handle_failure	Checkout code	2025-10-07T16:18:32.6748438Z  * [new tag]           0.0.167                 -> 0.0.167
handle_failure	Checkout code	2025-10-07T16:18:32.6748808Z  * [new tag]           0.0.168                 -> 0.0.168
handle_failure	Checkout code	2025-10-07T16:18:32.6749168Z  * [new tag]           0.0.169                 -> 0.0.169
handle_failure	Checkout code	2025-10-07T16:18:32.6749729Z  * [new tag]           0.0.17                  -> 0.0.17
handle_failure	Checkout code	2025-10-07T16:18:32.6750075Z  * [new tag]           0.0.170                 -> 0.0.170
handle_failure	Checkout code	2025-10-07T16:18:32.6750421Z  * [new tag]           0.0.171                 -> 0.0.171
handle_failure	Checkout code	2025-10-07T16:18:32.6750764Z  * [new tag]           0.0.172                 -> 0.0.172
handle_failure	Checkout code	2025-10-07T16:18:32.6751104Z  * [new tag]           0.0.173                 -> 0.0.173
handle_failure	Checkout code	2025-10-07T16:18:32.6751463Z  * [new tag]           0.0.174                 -> 0.0.174
handle_failure	Checkout code	2025-10-07T16:18:32.6751817Z  * [new tag]           0.0.175                 -> 0.0.175
handle_failure	Checkout code	2025-10-07T16:18:32.6752157Z  * [new tag]           0.0.176                 -> 0.0.176
handle_failure	Checkout code	2025-10-07T16:18:32.6752504Z  * [new tag]           0.0.177                 -> 0.0.177
handle_failure	Checkout code	2025-10-07T16:18:32.6752851Z  * [new tag]           0.0.178                 -> 0.0.178
handle_failure	Checkout code	2025-10-07T16:18:32.6753190Z  * [new tag]           0.0.179                 -> 0.0.179
handle_failure	Checkout code	2025-10-07T16:18:32.6753545Z  * [new tag]           0.0.18                  -> 0.0.18
handle_failure	Checkout code	2025-10-07T16:18:32.6753895Z  * [new tag]           0.0.19                  -> 0.0.19
handle_failure	Checkout code	2025-10-07T16:18:32.6754238Z  * [new tag]           0.0.2                   -> 0.0.2
handle_failure	Checkout code	2025-10-07T16:18:32.6754585Z  * [new tag]           0.0.20                  -> 0.0.20
handle_failure	Checkout code	2025-10-07T16:18:32.6754924Z  * [new tag]           0.0.21                  -> 0.0.21
handle_failure	Checkout code	2025-10-07T16:18:32.6755265Z  * [new tag]           0.0.22                  -> 0.0.22
handle_failure	Checkout code	2025-10-07T16:18:32.6755604Z  * [new tag]           0.0.23                  -> 0.0.23
handle_failure	Checkout code	2025-10-07T16:18:32.6755943Z  * [new tag]           0.0.24                  -> 0.0.24
handle_failure	Checkout code	2025-10-07T16:18:32.6756293Z  * [new tag]           0.0.25                  -> 0.0.25
handle_failure	Checkout code	2025-10-07T16:18:32.6756646Z  * [new tag]           0.0.26                  -> 0.0.26
handle_failure	Checkout code	2025-10-07T16:18:32.6756975Z  * [new tag]           0.0.27                  -> 0.0.27
handle_failure	Checkout code	2025-10-07T16:18:32.6997886Z  * [new tag]           0.0.28                  -> 0.0.28
handle_failure	Checkout code	2025-10-07T16:18:32.6998886Z  * [new tag]           0.0.29                  -> 0.0.29
handle_failure	Checkout code	2025-10-07T16:18:32.6999275Z  * [new tag]           0.0.3                   -> 0.0.3
handle_failure	Checkout code	2025-10-07T16:18:32.6999641Z  * [new tag]           0.0.30                  -> 0.0.30
handle_failure	Checkout code	2025-10-07T16:18:32.6999987Z  * [new tag]           0.0.31                  -> 0.0.31
handle_failure	Checkout code	2025-10-07T16:18:32.7000332Z  * [new tag]           0.0.32                  -> 0.0.32
handle_failure	Checkout code	2025-10-07T16:18:32.7000669Z  * [new tag]           0.0.33                  -> 0.0.33
handle_failure	Checkout code	2025-10-07T16:18:32.7001020Z  * [new tag]           0.0.34                  -> 0.0.34
handle_failure	Checkout code	2025-10-07T16:18:32.7001372Z  * [new tag]           0.0.35                  -> 0.0.35
handle_failure	Checkout code	2025-10-07T16:18:32.7001727Z  * [new tag]           0.0.36                  -> 0.0.36
handle_failure	Checkout code	2025-10-07T16:18:32.7002069Z  * [new tag]           0.0.37                  -> 0.0.37
handle_failure	Checkout code	2025-10-07T16:18:32.7002408Z  * [new tag]           0.0.38                  -> 0.0.38
handle_failure	Checkout code	2025-10-07T16:18:32.7002742Z  * [new tag]           0.0.39                  -> 0.0.39
handle_failure	Checkout code	2025-10-07T16:18:32.7003106Z  * [new tag]           0.0.4                   -> 0.0.4
handle_failure	Checkout code	2025-10-07T16:18:32.7003876Z  * [new tag]           0.0.40                  -> 0.0.40
handle_failure	Checkout code	2025-10-07T16:18:32.7004222Z  * [new tag]           0.0.41                  -> 0.0.41
handle_failure	Checkout code	2025-10-07T16:18:32.7004556Z  * [new tag]           0.0.42                  -> 0.0.42
handle_failure	Checkout code	2025-10-07T16:18:32.7004891Z  * [new tag]           0.0.43                  -> 0.0.43
handle_failure	Checkout code	2025-10-07T16:18:32.7005238Z  * [new tag]           0.0.44                  -> 0.0.44
handle_failure	Checkout code	2025-10-07T16:18:32.7005583Z  * [new tag]           0.0.45                  -> 0.0.45
handle_failure	Checkout code	2025-10-07T16:18:32.7005938Z  * [new tag]           0.0.46                  -> 0.0.46
handle_failure	Checkout code	2025-10-07T16:18:32.7006284Z  * [new tag]           0.0.47                  -> 0.0.47
handle_failure	Checkout code	2025-10-07T16:18:32.7006631Z  * [new tag]           0.0.48                  -> 0.0.48
handle_failure	Checkout code	2025-10-07T16:18:32.7006971Z  * [new tag]           0.0.49                  -> 0.0.49
handle_failure	Checkout code	2025-10-07T16:18:32.7007418Z  * [new tag]           0.0.5                   -> 0.0.5
handle_failure	Checkout code	2025-10-07T16:18:32.7008111Z  * [new tag]           0.0.50                  -> 0.0.50
handle_failure	Checkout code	2025-10-07T16:18:32.7008502Z  * [new tag]           0.0.51                  -> 0.0.51
handle_failure	Checkout code	2025-10-07T16:18:32.7008866Z  * [new tag]           0.0.52                  -> 0.0.52
handle_failure	Checkout code	2025-10-07T16:18:32.7009243Z  * [new tag]           0.0.53                  -> 0.0.53
handle_failure	Checkout code	2025-10-07T16:18:32.7009599Z  * [new tag]           0.0.54                  -> 0.0.54
handle_failure	Checkout code	2025-10-07T16:18:32.7009989Z  * [new tag]           0.0.55                  -> 0.0.55
handle_failure	Checkout code	2025-10-07T16:18:32.7010385Z  * [new tag]           0.0.56                  -> 0.0.56
handle_failure	Checkout code	2025-10-07T16:18:32.7010802Z  * [new tag]           0.0.57                  -> 0.0.57
handle_failure	Checkout code	2025-10-07T16:18:32.7473258Z  * [new tag]           0.0.58                  -> 0.0.58
handle_failure	Checkout code	2025-10-07T16:18:32.7474339Z  * [new tag]           0.0.59                  -> 0.0.59
handle_failure	Checkout code	2025-10-07T16:18:32.7474696Z  * [new tag]           0.0.6                   -> 0.0.6
handle_failure	Checkout code	2025-10-07T16:18:32.7475042Z  * [new tag]           0.0.60                  -> 0.0.60
handle_failure	Checkout code	2025-10-07T16:18:32.7475424Z  * [new tag]           0.0.61                  -> 0.0.61
handle_failure	Checkout code	2025-10-07T16:18:32.7475767Z  * [new tag]           0.0.62                  -> 0.0.62
handle_failure	Checkout code	2025-10-07T16:18:32.7476113Z  * [new tag]           0.0.63                  -> 0.0.63
handle_failure	Checkout code	2025-10-07T16:18:32.7476465Z  * [new tag]           0.0.64                  -> 0.0.64
handle_failure	Checkout code	2025-10-07T16:18:32.7476803Z  * [new tag]           0.0.65                  -> 0.0.65
handle_failure	Checkout code	2025-10-07T16:18:32.7477160Z  * [new tag]           0.0.66                  -> 0.0.66
handle_failure	Checkout code	2025-10-07T16:18:32.7552008Z  * [new tag]           0.0.67                  -> 0.0.67
handle_failure	Checkout code	2025-10-07T16:18:32.7552479Z  * [new tag]           0.0.68                  -> 0.0.68
handle_failure	Checkout code	2025-10-07T16:18:32.7552820Z  * [new tag]           0.0.69                  -> 0.0.69
handle_failure	Checkout code	2025-10-07T16:18:32.7553163Z  * [new tag]           0.0.7                   -> 0.0.7
handle_failure	Checkout code	2025-10-07T16:18:32.7553501Z  * [new tag]           0.0.70                  -> 0.0.70
handle_failure	Checkout code	2025-10-07T16:18:32.7553830Z  * [new tag]           0.0.71                  -> 0.0.71
handle_failure	Checkout code	2025-10-07T16:18:32.7554214Z  * [new tag]           0.0.72                  -> 0.0.72
handle_failure	Checkout code	2025-10-07T16:18:32.7554556Z  * [new tag]           0.0.73                  -> 0.0.73
handle_failure	Checkout code	2025-10-07T16:18:32.7554905Z  * [new tag]           0.0.74                  -> 0.0.74
handle_failure	Checkout code	2025-10-07T16:18:32.7555243Z  * [new tag]           0.0.75                  -> 0.0.75
handle_failure	Checkout code	2025-10-07T16:18:32.7555590Z  * [new tag]           0.0.76                  -> 0.0.76
handle_failure	Checkout code	2025-10-07T16:18:32.7555934Z  * [new tag]           0.0.77                  -> 0.0.77
handle_failure	Checkout code	2025-10-07T16:18:32.7556269Z  * [new tag]           0.0.78                  -> 0.0.78
handle_failure	Checkout code	2025-10-07T16:18:32.7556627Z  * [new tag]           0.0.79                  -> 0.0.79
handle_failure	Checkout code	2025-10-07T16:18:32.7556963Z  * [new tag]           0.0.8                   -> 0.0.8
handle_failure	Checkout code	2025-10-07T16:18:32.7557301Z  * [new tag]           0.0.80                  -> 0.0.80
handle_failure	Checkout code	2025-10-07T16:18:32.7658209Z  * [new tag]           0.0.81                  -> 0.0.81
handle_failure	Checkout code	2025-10-07T16:18:32.7658707Z  * [new tag]           0.0.82                  -> 0.0.82
handle_failure	Checkout code	2025-10-07T16:18:32.7663087Z  * [new tag]           0.0.83                  -> 0.0.83
handle_failure	Checkout code	2025-10-07T16:18:32.7663433Z  * [new tag]           0.0.84                  -> 0.0.84
handle_failure	Checkout code	2025-10-07T16:18:32.7663776Z  * [new tag]           0.0.85                  -> 0.0.85
handle_failure	Checkout code	2025-10-07T16:18:32.7664111Z  * [new tag]           0.0.86                  -> 0.0.86
handle_failure	Checkout code	2025-10-07T16:18:32.7664446Z  * [new tag]           0.0.87                  -> 0.0.87
handle_failure	Checkout code	2025-10-07T16:18:32.7664779Z  * [new tag]           0.0.88                  -> 0.0.88
handle_failure	Checkout code	2025-10-07T16:18:32.7665118Z  * [new tag]           0.0.89                  -> 0.0.89
handle_failure	Checkout code	2025-10-07T16:18:32.7665477Z  * [new tag]           0.0.9                   -> 0.0.9
handle_failure	Checkout code	2025-10-07T16:18:32.7665824Z  * [new tag]           0.0.90                  -> 0.0.90
handle_failure	Checkout code	2025-10-07T16:18:32.7666191Z  * [new tag]           0.0.91                  -> 0.0.91
handle_failure	Checkout code	2025-10-07T16:18:32.7666583Z  * [new tag]           0.0.92                  -> 0.0.92
handle_failure	Checkout code	2025-10-07T16:18:32.7666960Z  * [new tag]           0.0.93                  -> 0.0.93
handle_failure	Checkout code	2025-10-07T16:18:32.7667756Z  * [new tag]           0.0.94                  -> 0.0.94
handle_failure	Checkout code	2025-10-07T16:18:32.7668101Z  * [new tag]           0.0.95                  -> 0.0.95
handle_failure	Checkout code	2025-10-07T16:18:32.7668453Z  * [new tag]           0.0.96                  -> 0.0.96
handle_failure	Checkout code	2025-10-07T16:18:32.7668813Z  * [new tag]           0.0.97                  -> 0.0.97
handle_failure	Checkout code	2025-10-07T16:18:32.7669184Z  * [new tag]           0.0.98                  -> 0.0.98
handle_failure	Checkout code	2025-10-07T16:18:32.7669544Z  * [new tag]           0.0.99                  -> 0.0.99
handle_failure	Checkout code	2025-10-07T16:18:32.7669897Z  * [new tag]           0.1.0                   -> 0.1.0
handle_failure	Checkout code	2025-10-07T16:18:32.7670258Z  * [new tag]           0.1.1                   -> 0.1.1
handle_failure	Checkout code	2025-10-07T16:18:32.7670616Z  * [new tag]           0.2.0                   -> 0.2.0
handle_failure	Checkout code	2025-10-07T16:18:32.7670977Z  * [new tag]           0.3.0                   -> 0.3.0
handle_failure	Checkout code	2025-10-07T16:18:32.7671322Z  * [new tag]           0.3.1                   -> 0.3.1
handle_failure	Checkout code	2025-10-07T16:18:32.7671670Z  * [new tag]           0.3.10                  -> 0.3.10
handle_failure	Checkout code	2025-10-07T16:18:32.7672040Z  * [new tag]           0.3.11                  -> 0.3.11
handle_failure	Checkout code	2025-10-07T16:18:32.7672426Z  * [new tag]           0.3.12                  -> 0.3.12
handle_failure	Checkout code	2025-10-07T16:18:32.7672930Z  * [new tag]           0.3.13                  -> 0.3.13
handle_failure	Checkout code	2025-10-07T16:18:32.7673361Z  * [new tag]           0.3.14                  -> 0.3.14
handle_failure	Checkout code	2025-10-07T16:18:32.7673797Z  * [new tag]           0.3.15                  -> 0.3.15
handle_failure	Checkout code	2025-10-07T16:18:32.7674172Z  * [new tag]           0.3.16                  -> 0.3.16
handle_failure	Checkout code	2025-10-07T16:18:32.7674529Z  * [new tag]           0.3.17                  -> 0.3.17
handle_failure	Checkout code	2025-10-07T16:18:32.7674885Z  * [new tag]           0.3.2                   -> 0.3.2
handle_failure	Checkout code	2025-10-07T16:18:32.7675228Z  * [new tag]           0.3.3                   -> 0.3.3
handle_failure	Checkout code	2025-10-07T16:18:32.7675577Z  * [new tag]           0.3.4                   -> 0.3.4
handle_failure	Checkout code	2025-10-07T16:18:32.7675913Z  * [new tag]           0.3.5                   -> 0.3.5
handle_failure	Checkout code	2025-10-07T16:18:32.7676246Z  * [new tag]           0.3.6                   -> 0.3.6
handle_failure	Checkout code	2025-10-07T16:18:32.7676613Z  * [new tag]           0.3.7                   -> 0.3.7
handle_failure	Checkout code	2025-10-07T16:18:32.7676952Z  * [new tag]           0.3.8                   -> 0.3.8
handle_failure	Checkout code	2025-10-07T16:18:32.7677303Z  * [new tag]           0.3.9                   -> 0.3.9
handle_failure	Checkout code	2025-10-07T16:18:32.7677751Z  * [new tag]           0.4.0                   -> 0.4.0
handle_failure	Checkout code	2025-10-07T16:18:32.7678086Z  * [new tag]           0.4.1                   -> 0.4.1
handle_failure	Checkout code	2025-10-07T16:18:32.7678441Z  * [new tag]           0.4.10                  -> 0.4.10
handle_failure	Checkout code	2025-10-07T16:18:32.7678779Z  * [new tag]           0.4.2                   -> 0.4.2
handle_failure	Checkout code	2025-10-07T16:18:32.7679119Z  * [new tag]           0.4.3                   -> 0.4.3
handle_failure	Checkout code	2025-10-07T16:18:32.7679460Z  * [new tag]           0.4.4                   -> 0.4.4
handle_failure	Checkout code	2025-10-07T16:18:32.7679816Z  * [new tag]           0.4.5                   -> 0.4.5
handle_failure	Checkout code	2025-10-07T16:18:32.7680169Z  * [new tag]           0.4.6                   -> 0.4.6
handle_failure	Checkout code	2025-10-07T16:18:32.7680505Z  * [new tag]           0.4.7                   -> 0.4.7
handle_failure	Checkout code	2025-10-07T16:18:32.7681120Z  * [new tag]           0.4.8                   -> 0.4.8
handle_failure	Checkout code	2025-10-07T16:18:32.7681465Z  * [new tag]           0.4.9                   -> 0.4.9
handle_failure	Checkout code	2025-10-07T16:18:32.9820892Z [command]/usr/bin/git branch --list --remote origin/H1646-modulo-de-control-de-runners
handle_failure	Checkout code	2025-10-07T16:18:33.0614881Z   origin/H1646-modulo-de-control-de-runners
handle_failure	Checkout code	2025-10-07T16:18:33.0821704Z [command]/usr/bin/git rev-parse refs/remotes/origin/H1646-modulo-de-control-de-runners
handle_failure	Checkout code	2025-10-07T16:18:33.1499107Z 903759d54158e6df6241d433e53583757719978a
handle_failure	Checkout code	2025-10-07T16:18:33.1900078Z ##[endgroup]
handle_failure	Checkout code	2025-10-07T16:18:33.1900572Z ##[group]Determining the checkout info
handle_failure	Checkout code	2025-10-07T16:18:33.1901007Z ##[endgroup]
handle_failure	Checkout code	2025-10-07T16:18:33.1901295Z [command]/usr/bin/git sparse-checkout disable
handle_failure	Checkout code	2025-10-07T16:18:33.2783902Z [command]/usr/bin/git config --local --unset-all extensions.worktreeConfig
handle_failure	Checkout code	2025-10-07T16:18:33.3127313Z ##[group]Checking out the ref
handle_failure	Checkout code	2025-10-07T16:18:33.3190494Z [command]/usr/bin/git checkout --progress --force -B H1646-modulo-de-control-de-runners refs/remotes/origin/H1646-modulo-de-control-de-runners
handle_failure	Checkout code	2025-10-07T16:18:34.8388276Z Updating files:  25% (202/807)
handle_failure	Checkout code	2025-10-07T16:18:34.8468253Z Updating files:  26% (210/807)
handle_failure	Checkout code	2025-10-07T16:18:34.8494406Z Updating files:  27% (218/807)
handle_failure	Checkout code	2025-10-07T16:18:34.8509491Z Updating files:  28% (226/807)
handle_failure	Checkout code	2025-10-07T16:18:34.8530935Z Updating files:  29% (235/807)
handle_failure	Checkout code	2025-10-07T16:18:34.8911264Z Updating files:  30% (243/807)
handle_failure	Checkout code	2025-10-07T16:18:34.9231748Z Updating files:  31% (251/807)
handle_failure	Checkout code	2025-10-07T16:18:34.9742278Z Updating files:  32% (259/807)
handle_failure	Checkout code	2025-10-07T16:18:34.9894029Z Updating files:  33% (267/807)
handle_failure	Checkout code	2025-10-07T16:18:35.0114938Z Updating files:  34% (275/807)
handle_failure	Checkout code	2025-10-07T16:18:35.0115281Z Updating files:  35% (283/807)
handle_failure	Checkout code	2025-10-07T16:18:35.0115618Z Updating files:  36% (291/807)
handle_failure	Checkout code	2025-10-07T16:18:35.0115864Z Updating files:  37% (299/807)
handle_failure	Checkout code	2025-10-07T16:18:35.0150900Z Updating files:  38% (307/807)
handle_failure	Checkout code	2025-10-07T16:18:35.0271615Z Updating files:  39% (315/807)
handle_failure	Checkout code	2025-10-07T16:18:35.0293248Z Updating files:  40% (323/807)
handle_failure	Checkout code	2025-10-07T16:18:35.0321673Z Updating files:  41% (331/807)
handle_failure	Checkout code	2025-10-07T16:18:35.0326081Z Updating files:  42% (339/807)
handle_failure	Checkout code	2025-10-07T16:18:35.3333457Z Updating files:  43% (348/807)
handle_failure	Checkout code	2025-10-07T16:18:35.5029750Z Updating files:  44% (356/807)
handle_failure	Checkout code	2025-10-07T16:18:35.5133061Z Updating files:  44% (360/807)
handle_failure	Checkout code	2025-10-07T16:18:35.5133637Z Updating files:  45% (364/807)
handle_failure	Checkout code	2025-10-07T16:18:35.5134346Z Updating files:  46% (372/807)
handle_failure	Checkout code	2025-10-07T16:18:35.5134590Z Updating files:  47% (380/807)
handle_failure	Checkout code	2025-10-07T16:18:35.5134901Z Updating files:  48% (388/807)
handle_failure	Checkout code	2025-10-07T16:18:35.5135314Z Updating files:  49% (396/807)
handle_failure	Checkout code	2025-10-07T16:18:35.5135575Z Updating files:  50% (404/807)
handle_failure	Checkout code	2025-10-07T16:18:35.5308938Z Updating files:  51% (412/807)
handle_failure	Checkout code	2025-10-07T16:18:35.5331664Z Updating files:  52% (420/807)
handle_failure	Checkout code	2025-10-07T16:18:35.5339562Z Updating files:  53% (428/807)
handle_failure	Checkout code	2025-10-07T16:18:35.5339873Z Updating files:  54% (436/807)
handle_failure	Checkout code	2025-10-07T16:18:35.5340112Z Updating files:  55% (444/807)
handle_failure	Checkout code	2025-10-07T16:18:35.5340374Z Updating files:  56% (452/807)
handle_failure	Checkout code	2025-10-07T16:18:35.5473814Z Updating files:  57% (460/807)
handle_failure	Checkout code	2025-10-07T16:18:35.6313209Z Updating files:  58% (469/807)
handle_failure	Checkout code	2025-10-07T16:18:35.7090006Z Updating files:  59% (477/807)
handle_failure	Checkout code	2025-10-07T16:18:35.8451220Z Updating files:  60% (485/807)
handle_failure	Checkout code	2025-10-07T16:18:36.1817618Z Updating files:  61% (493/807)
handle_failure	Checkout code	2025-10-07T16:18:36.4142519Z Updating files:  62% (501/807)
handle_failure	Checkout code	2025-10-07T16:18:36.7401528Z Updating files:  62% (505/807)
handle_failure	Checkout code	2025-10-07T16:18:37.3821494Z Updating files:  63% (509/807)
handle_failure	Checkout code	2025-10-07T16:18:37.4810896Z Updating files:  64% (517/807)
handle_failure	Checkout code	2025-10-07T16:18:37.9944273Z Updating files:  64% (518/807)
handle_failure	Checkout code	2025-10-07T16:18:38.3922267Z Updating files:  65% (525/807)
handle_failure	Checkout code	2025-10-07T16:18:38.8335452Z Updating files:  65% (530/807)
handle_failure	Checkout code	2025-10-07T16:18:39.2680563Z Updating files:  66% (533/807)
handle_failure	Checkout code	2025-10-07T16:18:39.3341463Z Updating files:  67% (541/807)
handle_failure	Checkout code	2025-10-07T16:18:39.3914877Z Updating files:  68% (549/807)
handle_failure	Checkout code	2025-10-07T16:18:39.5496718Z Updating files:  68% (553/807)
handle_failure	Checkout code	2025-10-07T16:18:39.9049400Z Updating files:  69% (557/807)
handle_failure	Checkout code	2025-10-07T16:18:40.4443817Z Updating files:  70% (565/807)
handle_failure	Checkout code	2025-10-07T16:18:40.7396714Z Updating files:  71% (573/807)
handle_failure	Checkout code	2025-10-07T16:18:40.7399448Z Updating files:  72% (582/807)
handle_failure	Checkout code	2025-10-07T16:18:40.7399997Z Updating files:  73% (590/807)
handle_failure	Checkout code	2025-10-07T16:18:40.7400402Z Updating files:  74% (598/807)
handle_failure	Checkout code	2025-10-07T16:18:40.7437713Z Updating files:  75% (606/807)
handle_failure	Checkout code	2025-10-07T16:18:40.7579508Z Updating files:  76% (614/807)
handle_failure	Checkout code	2025-10-07T16:18:40.7580272Z Updating files:  77% (622/807)
handle_failure	Checkout code	2025-10-07T16:18:40.8081470Z Updating files:  78% (630/807)
handle_failure	Checkout code	2025-10-07T16:18:40.8217023Z Updating files:  79% (638/807)
handle_failure	Checkout code	2025-10-07T16:18:40.8419927Z Updating files:  80% (646/807)
handle_failure	Checkout code	2025-10-07T16:18:40.8535469Z Updating files:  81% (654/807)
handle_failure	Checkout code	2025-10-07T16:18:40.8600823Z Updating files:  82% (662/807)
handle_failure	Checkout code	2025-10-07T16:18:40.8743123Z Updating files:  83% (670/807)
handle_failure	Checkout code	2025-10-07T16:18:40.8814380Z Updating files:  84% (678/807)
handle_failure	Checkout code	2025-10-07T16:18:40.9538936Z Updating files:  85% (686/807)
handle_failure	Checkout code	2025-10-07T16:18:40.9568776Z Updating files:  86% (695/807)
handle_failure	Checkout code	2025-10-07T16:18:40.9792994Z Updating files:  87% (703/807)
handle_failure	Checkout code	2025-10-07T16:18:40.9870910Z Updating files:  88% (711/807)
handle_failure	Checkout code	2025-10-07T16:18:40.9932213Z Updating files:  89% (719/807)
handle_failure	Checkout code	2025-10-07T16:18:41.0020419Z Updating files:  90% (727/807)
handle_failure	Checkout code	2025-10-07T16:18:41.0208846Z Updating files:  91% (735/807)
handle_failure	Checkout code	2025-10-07T16:18:41.0321981Z Updating files:  92% (743/807)
handle_failure	Checkout code	2025-10-07T16:18:41.0519183Z Updating files:  93% (751/807)
handle_failure	Checkout code	2025-10-07T16:18:41.0543978Z Updating files:  94% (759/807)
handle_failure	Checkout code	2025-10-07T16:18:41.0555282Z Updating files:  95% (767/807)
handle_failure	Checkout code	2025-10-07T16:18:41.0693272Z Updating files:  96% (775/807)
handle_failure	Checkout code	2025-10-07T16:18:41.0779067Z Updating files:  97% (783/807)
handle_failure	Checkout code	2025-10-07T16:18:41.0859220Z Updating files:  98% (791/807)
handle_failure	Checkout code	2025-10-07T16:18:41.1019189Z Updating files:  99% (799/807)
handle_failure	Checkout code	2025-10-07T16:18:41.1020001Z Updating files: 100% (807/807)
handle_failure	Checkout code	2025-10-07T16:18:41.1020604Z Updating files: 100% (807/807), done.
handle_failure	Checkout code	2025-10-07T16:18:41.2537693Z Switched to a new branch 'H1646-modulo-de-control-de-runners'
handle_failure	Checkout code	2025-10-07T16:18:41.2538971Z branch 'H1646-modulo-de-control-de-runners' set up to track 'origin/H1646-modulo-de-control-de-runners'.
handle_failure	Checkout code	2025-10-07T16:18:41.3446610Z ##[endgroup]
handle_failure	Checkout code	2025-10-07T16:18:41.4511335Z [command]/usr/bin/git log -1 --format=%H
handle_failure	Checkout code	2025-10-07T16:18:41.4789794Z 903759d54158e6df6241d433e53583757719978a
handle_failure	handle-failure-execution	﻿2025-10-07T16:18:41.7825597Z ##[group]Run echo "Error detected in process"
handle_failure	handle-failure-execution	2025-10-07T16:18:41.7826391Z [36;1mecho "Error detected in process"[0m
handle_failure	handle-failure-execution	2025-10-07T16:18:41.7826706Z [36;1mecho "Created issue"[0m
handle_failure	handle-failure-execution	2025-10-07T16:18:41.7858570Z [36;1mgh issue create  --title "[Ka0S] Error detected in [Ka0S] JSONLINT" --label "bug" --body "Error detected in [Ka0S] JSONLINT. Please check the logs for 18319045776 more information of error."[0m
handle_failure	handle-failure-execution	2025-10-07T16:18:41.7859607Z [36;1mecho "Add comment to origin target"[0m
handle_failure	handle-failure-execution	2025-10-07T16:18:41.7860092Z [36;1mRNNUMBER=$(echo "refs/heads/H1646-modulo-de-control-de-runners" | grep -o '[0-9]*')[0m
handle_failure	handle-failure-execution	2025-10-07T16:18:41.7860947Z [36;1mgh issue comment $RNNUMBER --body "El proceso no ha finalizado correctamente 18319045776. El resultado está en el fichero 18319045776.log"[0m
handle_failure	handle-failure-execution	2025-10-07T16:18:41.7881605Z shell: /usr/bin/bash -e {0}
handle_failure	handle-failure-execution	2025-10-07T16:18:41.7881924Z env:
handle_failure	handle-failure-execution	2025-10-07T16:18:41.7882127Z   KAOS_MODULE: [Ka0S] JSONLINT
handle_failure	handle-failure-execution	2025-10-07T16:18:41.7882884Z   GH_TOKEN: ***
handle_failure	handle-failure-execution	2025-10-07T16:18:41.7883146Z   KAOS_JSONLINT_CONFIG: core/config/.jsonlint.json
handle_failure	handle-failure-execution	2025-10-07T16:18:41.7883525Z   KAOS_PATH_RESUME: audit/jsonlint/
handle_failure	handle-failure-execution	2025-10-07T16:18:41.7883806Z   KAOS_REPO: /actions-runner/_work/kaos/kaos
handle_failure	handle-failure-execution	2025-10-07T16:18:41.7884087Z   KAOS_STEP_MODULE: 
handle_failure	handle-failure-execution	2025-10-07T16:18:41.7884592Z   KAOS_CODE: 18319045776
handle_failure	handle-failure-execution	2025-10-07T16:18:41.7884812Z   KAOS_REF_BRANCH: main
handle_failure	handle-failure-execution	2025-10-07T16:18:41.7885024Z ##[endgroup]
handle_failure	handle-failure-execution	2025-10-07T16:18:41.9672458Z Error detected in process
handle_failure	handle-failure-execution	2025-10-07T16:18:41.9673197Z Created issue
handle_failure	handle-failure-execution	2025-10-07T16:18:43.5243425Z https://github.com/Ka0s-Klaus/ka0s/issues/1873
handle_failure	handle-failure-execution	2025-10-07T16:18:43.5349791Z Add comment to origin target
handle_failure	handle-failure-execution	2025-10-07T16:18:44.6957269Z https://github.com/Ka0s-Klaus/ka0s/issues/1646#issuecomment-3377622274
handle_failure	Post Checkout code	﻿2025-10-07T16:18:44.8240552Z Post job cleanup.
handle_failure	Post Checkout code	2025-10-07T16:18:45.6258602Z [command]/usr/bin/git version
handle_failure	Post Checkout code	2025-10-07T16:18:45.6526703Z git version 2.51.0
handle_failure	Post Checkout code	2025-10-07T16:18:45.6816862Z Temporarily overriding HOME='/home/runner/_work/_temp/c48a1fdd-6dc8-49e3-a30e-92bd98b5692b' before making global git config changes
handle_failure	Post Checkout code	2025-10-07T16:18:45.6860473Z Adding repository directory to the temporary git global config as a safe directory
handle_failure	Post Checkout code	2025-10-07T16:18:45.6896096Z [command]/usr/bin/git config --global --add safe.directory /home/runner/_work/ka0s/ka0s
handle_failure	Post Checkout code	2025-10-07T16:18:45.7806409Z [command]/usr/bin/git config --local --name-only --get-regexp core\.sshCommand
handle_failure	Post Checkout code	2025-10-07T16:18:45.8128478Z [command]/usr/bin/git submodule foreach --recursive sh -c "git config --local --name-only --get-regexp 'core\.sshCommand' && git config --local --unset-all 'core.sshCommand' || :"
handle_failure	Post Checkout code	2025-10-07T16:18:46.1769306Z [command]/usr/bin/git config --local --name-only --get-regexp http\.https\:\/\/github\.com\/\.extraheader
handle_failure	Post Checkout code	2025-10-07T16:18:46.2125927Z http.https://github.com/.extraheader
handle_failure	Post Checkout code	2025-10-07T16:18:46.2438346Z [command]/usr/bin/git config --local --unset-all http.https://github.com/.extraheader
handle_failure	Post Checkout code	2025-10-07T16:18:46.3893734Z [command]/usr/bin/git submodule foreach --recursive sh -c "git config --local --name-only --get-regexp 'http\.https\:\/\/github\.com\/\.extraheader' && git config --local --unset-all 'http.https://github.com/.extraheader' || :"
handle_failure	Complete job	﻿2025-10-07T16:18:46.7008444Z Cleaning up orphan processes
end-workflow	Set up job	﻿2025-10-07T16:20:09.9170102Z Current runner version: '2.328.0'
end-workflow	Set up job	2025-10-07T16:20:09.9280040Z Runner name: 'fde67f95b85c'
end-workflow	Set up job	2025-10-07T16:20:09.9281045Z Runner group name: 'swarm-runners'
end-workflow	Set up job	2025-10-07T16:20:09.9282110Z Machine name: 'fde67f95b85c'
end-workflow	Set up job	2025-10-07T16:20:09.9872477Z ##[group]GITHUB_TOKEN Permissions
end-workflow	Set up job	2025-10-07T16:20:09.9875736Z Actions: write
end-workflow	Set up job	2025-10-07T16:20:09.9876320Z Contents: write
end-workflow	Set up job	2025-10-07T16:20:09.9876820Z Issues: write
end-workflow	Set up job	2025-10-07T16:20:09.9877305Z Metadata: read
end-workflow	Set up job	2025-10-07T16:20:09.9877976Z PullRequests: write
end-workflow	Set up job	2025-10-07T16:20:09.9878492Z ##[endgroup]
end-workflow	Set up job	2025-10-07T16:20:09.9880951Z Secret source: Actions
end-workflow	Set up job	2025-10-07T16:20:09.9881734Z Prepare workflow directory
end-workflow	Set up job	2025-10-07T16:20:12.1784040Z Prepare all required actions
end-workflow	Set up job	2025-10-07T16:20:12.2802904Z Getting action download info
end-workflow	Set up job	2025-10-07T16:20:16.3304417Z Download action repository 'actions/checkout@v4' (SHA:08eba0b27e820071cde6df949e0beb9ba4906955)
end-workflow	Set up job	2025-10-07T16:20:19.4273697Z Complete job name: end-workflow
end-workflow	Checkout code	﻿2025-10-07T16:20:20.7855244Z ##[group]Run actions/checkout@v4
end-workflow	Checkout code	2025-10-07T16:20:20.7856615Z with:
end-workflow	Checkout code	2025-10-07T16:20:20.7857108Z   fetch-depth: 0
end-workflow	Checkout code	2025-10-07T16:20:20.7858151Z   token: ***
end-workflow	Checkout code	2025-10-07T16:20:20.7858645Z   repository: Ka0s-Klaus/ka0s
end-workflow	Checkout code	2025-10-07T16:20:20.7859209Z   ssh-strict: true
end-workflow	Checkout code	2025-10-07T16:20:20.7859696Z   ssh-user: git
end-workflow	Checkout code	2025-10-07T16:20:20.7860186Z   persist-credentials: true
end-workflow	Checkout code	2025-10-07T16:20:20.7860743Z   clean: true
end-workflow	Checkout code	2025-10-07T16:20:20.7861242Z   sparse-checkout-cone-mode: true
end-workflow	Checkout code	2025-10-07T16:20:20.7861841Z   fetch-tags: false
end-workflow	Checkout code	2025-10-07T16:20:20.7862346Z   show-progress: true
end-workflow	Checkout code	2025-10-07T16:20:20.7862856Z   lfs: false
end-workflow	Checkout code	2025-10-07T16:20:20.7863319Z   submodules: false
end-workflow	Checkout code	2025-10-07T16:20:20.7863835Z   set-safe-directory: true
end-workflow	Checkout code	2025-10-07T16:20:20.7864826Z env:
end-workflow	Checkout code	2025-10-07T16:20:20.7865303Z   KAOS_MODULE: [Ka0S] JSONLINT
end-workflow	Checkout code	2025-10-07T16:20:20.7866035Z   GH_TOKEN: ***
end-workflow	Checkout code	2025-10-07T16:20:20.7866578Z   KAOS_JSONLINT_CONFIG: core/config/.jsonlint.json
end-workflow	Checkout code	2025-10-07T16:20:20.7867252Z   KAOS_PATH_RESUME: audit/jsonlint/
end-workflow	Checkout code	2025-10-07T16:20:20.7868311Z   KAOS_REPO: /actions-runner/_work/kaos/kaos
end-workflow	Checkout code	2025-10-07T16:20:20.7868966Z   KAOS_STEP_MODULE: 
end-workflow	Checkout code	2025-10-07T16:20:20.7869463Z   KAOS_CODE: 18319045776
end-workflow	Checkout code	2025-10-07T16:20:20.7869971Z   KAOS_REF_BRANCH: main
end-workflow	Checkout code	2025-10-07T16:20:20.7870470Z ##[endgroup]
end-workflow	Checkout code	2025-10-07T16:20:23.0798987Z Syncing repository: Ka0s-Klaus/ka0s
end-workflow	Checkout code	2025-10-07T16:20:23.0801354Z ##[group]Getting Git version info
end-workflow	Checkout code	2025-10-07T16:20:23.0802162Z Working directory is '/home/runner/_work/ka0s/ka0s'
end-workflow	Checkout code	2025-10-07T16:20:23.0803287Z [command]/usr/bin/git version
end-workflow	Checkout code	2025-10-07T16:20:23.0803893Z git version 2.51.0
end-workflow	Checkout code	2025-10-07T16:20:23.1054045Z ##[endgroup]
end-workflow	Checkout code	2025-10-07T16:20:23.1820583Z Temporarily overriding HOME='/home/runner/_work/_temp/25ec90b0-70a6-43c0-aafe-d1a19b939371' before making global git config changes
end-workflow	Checkout code	2025-10-07T16:20:23.2100125Z Adding repository directory to the temporary git global config as a safe directory
end-workflow	Checkout code	2025-10-07T16:20:23.2140188Z [command]/usr/bin/git config --global --add safe.directory /home/runner/_work/ka0s/ka0s
end-workflow	Checkout code	2025-10-07T16:20:23.2442389Z Deleting the contents of '/home/runner/_work/ka0s/ka0s'
end-workflow	Checkout code	2025-10-07T16:20:23.2530308Z ##[group]Initializing the repository
end-workflow	Checkout code	2025-10-07T16:20:23.2664946Z [command]/usr/bin/git init /home/runner/_work/ka0s/ka0s
end-workflow	Checkout code	2025-10-07T16:20:23.4881553Z hint: Using 'master' as the name for the initial branch. This default branch name
end-workflow	Checkout code	2025-10-07T16:20:23.4887974Z hint: is subject to change. To configure the initial branch name to use in all
end-workflow	Checkout code	2025-10-07T16:20:23.4889302Z hint: of your new repositories, which will suppress this warning, call:
end-workflow	Checkout code	2025-10-07T16:20:23.4890359Z hint:
end-workflow	Checkout code	2025-10-07T16:20:23.4891211Z hint: 	git config --global init.defaultBranch <name>
end-workflow	Checkout code	2025-10-07T16:20:23.4892156Z hint:
end-workflow	Checkout code	2025-10-07T16:20:23.4893099Z hint: Names commonly chosen instead of 'master' are 'main', 'trunk' and
end-workflow	Checkout code	2025-10-07T16:20:23.4894440Z hint: 'development'. The just-created branch can be renamed via this command:
end-workflow	Checkout code	2025-10-07T16:20:23.4895570Z hint:
end-workflow	Checkout code	2025-10-07T16:20:23.4896325Z hint: 	git branch -m <name>
end-workflow	Checkout code	2025-10-07T16:20:23.4897176Z hint:
end-workflow	Checkout code	2025-10-07T16:20:23.4898396Z hint: Disable this message with "git config set advice.defaultBranchName false"
end-workflow	Checkout code	2025-10-07T16:20:23.4900390Z Initialized empty Git repository in /home/runner/_work/ka0s/ka0s/.git/
end-workflow	Checkout code	2025-10-07T16:20:23.5238989Z [command]/usr/bin/git remote add origin https://github.com/Ka0s-Klaus/ka0s
end-workflow	Checkout code	2025-10-07T16:20:23.5381973Z ##[endgroup]
end-workflow	Checkout code	2025-10-07T16:20:23.5383897Z ##[group]Disabling automatic garbage collection
end-workflow	Checkout code	2025-10-07T16:20:23.6174067Z [command]/usr/bin/git config --local gc.auto 0
end-workflow	Checkout code	2025-10-07T16:20:23.6593074Z ##[endgroup]
end-workflow	Checkout code	2025-10-07T16:20:23.6595786Z ##[group]Setting up auth
end-workflow	Checkout code	2025-10-07T16:20:23.7046783Z [command]/usr/bin/git config --local --name-only --get-regexp core\.sshCommand
end-workflow	Checkout code	2025-10-07T16:20:23.8029767Z [command]/usr/bin/git submodule foreach --recursive sh -c "git config --local --name-only --get-regexp 'core\.sshCommand' && git config --local --unset-all 'core.sshCommand' || :"
end-workflow	Checkout code	2025-10-07T16:20:24.5719842Z [command]/usr/bin/git config --local --name-only --get-regexp http\.https\:\/\/github\.com\/\.extraheader
end-workflow	Checkout code	2025-10-07T16:20:24.6821142Z [command]/usr/bin/git submodule foreach --recursive sh -c "git config --local --name-only --get-regexp 'http\.https\:\/\/github\.com\/\.extraheader' && git config --local --unset-all 'http.https://github.com/.extraheader' || :"
end-workflow	Checkout code	2025-10-07T16:20:25.4380060Z [command]/usr/bin/git config --local http.https://github.com/.extraheader AUTHORIZATION: basic ***
end-workflow	Checkout code	2025-10-07T16:20:25.5486116Z ##[endgroup]
end-workflow	Checkout code	2025-10-07T16:20:25.5488849Z ##[group]Fetching the repository
end-workflow	Checkout code	2025-10-07T16:20:25.5491861Z [command]/usr/bin/git -c protocol.version=2 fetch --prune --no-recurse-submodules origin +refs/heads/*:refs/remotes/origin/* +refs/tags/*:refs/tags/*
end-workflow	Checkout code	2025-10-07T16:22:40.4230656Z From https://github.com/Ka0s-Klaus/ka0s
end-workflow	Checkout code	2025-10-07T16:22:40.4258900Z  * [new branch]        F1149-desarrollo-de-orchestrator -> origin/F1149-desarrollo-de-orchestrator
end-workflow	Checkout code	2025-10-07T16:22:40.4260996Z  * [new branch]        F1183-personalización-módulo-finops -> origin/F1183-personalización-módulo-finops
end-workflow	Checkout code	2025-10-07T16:22:40.4272525Z  * [new branch]        F1224-new-module-mongodb -> origin/F1224-new-module-mongodb
end-workflow	Checkout code	2025-10-07T16:22:40.4321215Z  * [new branch]        F220-web-de-resultados  -> origin/F220-web-de-resultados
end-workflow	Checkout code	2025-10-07T16:22:40.4533381Z  * [new branch]        F227-despliegue-de-kube-independiente-del-clouder -> origin/F227-despliegue-de-kube-independiente-del-clouder
end-workflow	Checkout code	2025-10-07T16:22:40.4595283Z  * [new branch]        F329-documentacion-metodologia-de-kaos -> origin/F329-documentacion-metodologia-de-kaos
end-workflow	Checkout code	2025-10-07T16:22:40.4804923Z  * [new branch]        F44-creación-módulo-versionado -> origin/F44-creación-módulo-versionado
end-workflow	Checkout code	2025-10-07T16:22:40.4805990Z  * [new branch]        H1128-módulo-de-observabilidad -> origin/H1128-módulo-de-observabilidad
end-workflow	Checkout code	2025-10-07T16:22:40.4806715Z  * [new branch]        H1139-como-instalar-arc-control -> origin/H1139-como-instalar-arc-control
end-workflow	Checkout code	2025-10-07T16:22:40.4810143Z  * [new branch]        H1149-desarrollo-de-orchestrator -> origin/H1149-desarrollo-de-orchestrator
end-workflow	Checkout code	2025-10-07T16:22:40.4810935Z  * [new branch]        H1150-desarrollo-de-secciones -> origin/H1150-desarrollo-de-secciones
end-workflow	Checkout code	2025-10-07T16:22:40.4811649Z  * [new branch]        H1151-desarrollo-de-secciones-ii -> origin/H1151-desarrollo-de-secciones-ii
end-workflow	Checkout code	2025-10-07T16:22:40.4812286Z  * [new branch]        H1152-desarrollo-inicio -> origin/H1152-desarrollo-inicio
end-workflow	Checkout code	2025-10-07T16:22:40.4813180Z  * [new branch]        H1183-personalización-módulo-finops -> origin/H1183-personalización-módulo-finops
end-workflow	Checkout code	2025-10-07T16:22:40.4814016Z  * [new branch]        H1193-ejemplo-web-documentacion -> origin/H1193-ejemplo-web-documentacion
end-workflow	Checkout code	2025-10-07T16:22:40.4814644Z  * [new branch]        H1205-web-creation      -> origin/H1205-web-creation
end-workflow	Checkout code	2025-10-07T16:22:40.4815198Z  * [new branch]        H1224-new-module-mongodb -> origin/H1224-new-module-mongodb
end-workflow	Checkout code	2025-10-07T16:22:40.4815768Z  * [new branch]        H1410-modulo-execution  -> origin/H1410-modulo-execution
end-workflow	Checkout code	2025-10-07T16:22:40.4816720Z  * [new branch]        H1514-new-swarm-deployment-stack-with-actions-runners-autoscale -> origin/H1514-new-swarm-deployment-stack-with-actions-runners-autoscale
end-workflow	Checkout code	2025-10-07T16:22:40.4818496Z  * [new branch]        H1646-modulo-de-control-de-runners -> origin/H1646-modulo-de-control-de-runners
end-workflow	Checkout code	2025-10-07T16:22:40.4819128Z  * [new branch]        H215-modulo-de-summary  -> origin/H215-modulo-de-summary
end-workflow	Checkout code	2025-10-07T16:22:40.4819660Z  * [new branch]        H220-web-de-resultados  -> origin/H220-web-de-resultados
end-workflow	Checkout code	2025-10-07T16:22:40.4820454Z  * [new branch]        H227-despliegue-de-kube-independiente-del-clouder -> origin/H227-despliegue-de-kube-independiente-del-clouder
end-workflow	Checkout code	2025-10-07T16:22:40.4821297Z  * [new branch]        H306-ficheros-de-estadisticas -> origin/H306-ficheros-de-estadisticas
end-workflow	Checkout code	2025-10-07T16:22:40.4822115Z  * [new branch]        H328-documentacion-modulo-principal-de-kaos -> origin/H328-documentacion-modulo-principal-de-kaos
end-workflow	Checkout code	2025-10-07T16:22:40.4822999Z  * [new branch]        H329-documentacion-metodologia-de-kaos -> origin/H329-documentacion-metodologia-de-kaos
end-workflow	Checkout code	2025-10-07T16:22:40.4824165Z  * [new branch]        H338-relanzador-de-jobs-en-caso-de-pattern -> origin/H338-relanzador-de-jobs-en-caso-de-pattern
end-workflow	Checkout code	2025-10-07T16:22:40.4825015Z  * [new branch]        H38-documentacion-basica-del-proyecto -> origin/H38-documentacion-basica-del-proyecto
end-workflow	Checkout code	2025-10-07T16:22:40.4826051Z  * [new branch]        H44-creación-módulo-versionado -> origin/H44-creación-módulo-versionado
end-workflow	Checkout code	2025-10-07T16:22:40.4826821Z  * [new branch]        RN1149-desarrollo-de-orchestrator -> origin/RN1149-desarrollo-de-orchestrator
end-workflow	Checkout code	2025-10-07T16:22:40.5147920Z  * [new branch]        RN1183-personalización-módulo-finops -> origin/RN1183-personalización-módulo-finops
end-workflow	Checkout code	2025-10-07T16:22:40.5235722Z  * [new branch]        RN1282-ka0s-error-detected-in-ka0s-workflow-statistics-summary -> origin/RN1282-ka0s-error-detected-in-ka0s-workflow-statistics-summary
end-workflow	Checkout code	2025-10-07T16:22:40.5236809Z  * [new branch]        RN220-web-de-resultados -> origin/RN220-web-de-resultados
end-workflow	Checkout code	2025-10-07T16:22:40.5338565Z  * [new branch]        RN227-despliegue-de-kube-independiente-del-clouder -> origin/RN227-despliegue-de-kube-independiente-del-clouder
end-workflow	Checkout code	2025-10-07T16:22:40.5339975Z  * [new branch]        RN329-documentacion-metodologia-de-kaos -> origin/RN329-documentacion-metodologia-de-kaos
end-workflow	Checkout code	2025-10-07T16:22:40.5340615Z  * [new branch]        main                    -> origin/main
end-workflow	Checkout code	2025-10-07T16:22:40.5341023Z  * [new tag]           0.0.0                   -> 0.0.0
end-workflow	Checkout code	2025-10-07T16:22:40.5341378Z  * [new tag]           0.0.1                   -> 0.0.1
end-workflow	Checkout code	2025-10-07T16:22:40.5341736Z  * [new tag]           0.0.10                  -> 0.0.10
end-workflow	Checkout code	2025-10-07T16:22:40.5342111Z  * [new tag]           0.0.100                 -> 0.0.100
end-workflow	Checkout code	2025-10-07T16:22:40.5342462Z  * [new tag]           0.0.101                 -> 0.0.101
end-workflow	Checkout code	2025-10-07T16:22:40.5342814Z  * [new tag]           0.0.102                 -> 0.0.102
end-workflow	Checkout code	2025-10-07T16:22:40.5343168Z  * [new tag]           0.0.103                 -> 0.0.103
end-workflow	Checkout code	2025-10-07T16:22:40.5343522Z  * [new tag]           0.0.104                 -> 0.0.104
end-workflow	Checkout code	2025-10-07T16:22:40.5343893Z  * [new tag]           0.0.105                 -> 0.0.105
end-workflow	Checkout code	2025-10-07T16:22:40.5344258Z  * [new tag]           0.0.106                 -> 0.0.106
end-workflow	Checkout code	2025-10-07T16:22:40.5344616Z  * [new tag]           0.0.107                 -> 0.0.107
end-workflow	Checkout code	2025-10-07T16:22:40.5344986Z  * [new tag]           0.0.108                 -> 0.0.108
end-workflow	Checkout code	2025-10-07T16:22:40.5345349Z  * [new tag]           0.0.109                 -> 0.0.109
end-workflow	Checkout code	2025-10-07T16:22:40.5345703Z  * [new tag]           0.0.11                  -> 0.0.11
end-workflow	Checkout code	2025-10-07T16:22:40.5346056Z  * [new tag]           0.0.110                 -> 0.0.110
end-workflow	Checkout code	2025-10-07T16:22:40.5346425Z  * [new tag]           0.0.111                 -> 0.0.111
end-workflow	Checkout code	2025-10-07T16:22:40.5346791Z  * [new tag]           0.0.112                 -> 0.0.112
end-workflow	Checkout code	2025-10-07T16:22:40.5347145Z  * [new tag]           0.0.113                 -> 0.0.113
end-workflow	Checkout code	2025-10-07T16:22:40.5608347Z  * [new tag]           0.0.114                 -> 0.0.114
end-workflow	Checkout code	2025-10-07T16:22:40.5608924Z  * [new tag]           0.0.115                 -> 0.0.115
end-workflow	Checkout code	2025-10-07T16:22:40.5609712Z  * [new tag]           0.0.116                 -> 0.0.116
end-workflow	Checkout code	2025-10-07T16:22:40.5610080Z  * [new tag]           0.0.117                 -> 0.0.117
end-workflow	Checkout code	2025-10-07T16:22:40.5610450Z  * [new tag]           0.0.118                 -> 0.0.118
end-workflow	Checkout code	2025-10-07T16:22:40.5610813Z  * [new tag]           0.0.119                 -> 0.0.119
end-workflow	Checkout code	2025-10-07T16:22:40.5611184Z  * [new tag]           0.0.12                  -> 0.0.12
end-workflow	Checkout code	2025-10-07T16:22:40.5611545Z  * [new tag]           0.0.120                 -> 0.0.120
end-workflow	Checkout code	2025-10-07T16:22:40.5611903Z  * [new tag]           0.0.121                 -> 0.0.121
end-workflow	Checkout code	2025-10-07T16:22:40.5612268Z  * [new tag]           0.0.122                 -> 0.0.122
end-workflow	Checkout code	2025-10-07T16:22:40.5612633Z  * [new tag]           0.0.123                 -> 0.0.123
end-workflow	Checkout code	2025-10-07T16:22:40.5613000Z  * [new tag]           0.0.124                 -> 0.0.124
end-workflow	Checkout code	2025-10-07T16:22:40.5613355Z  * [new tag]           0.0.125                 -> 0.0.125
end-workflow	Checkout code	2025-10-07T16:22:40.5613878Z  * [new tag]           0.0.126                 -> 0.0.126
end-workflow	Checkout code	2025-10-07T16:22:40.5614251Z  * [new tag]           0.0.127                 -> 0.0.127
end-workflow	Checkout code	2025-10-07T16:22:40.5614615Z  * [new tag]           0.0.128                 -> 0.0.128
end-workflow	Checkout code	2025-10-07T16:22:40.5614975Z  * [new tag]           0.0.129                 -> 0.0.129
end-workflow	Checkout code	2025-10-07T16:22:40.5615340Z  * [new tag]           0.0.13                  -> 0.0.13
end-workflow	Checkout code	2025-10-07T16:22:40.5615713Z  * [new tag]           0.0.130                 -> 0.0.130
end-workflow	Checkout code	2025-10-07T16:22:40.5616074Z  * [new tag]           0.0.131                 -> 0.0.131
end-workflow	Checkout code	2025-10-07T16:22:40.5898693Z  * [new tag]           0.0.132                 -> 0.0.132
end-workflow	Checkout code	2025-10-07T16:22:40.5899755Z  * [new tag]           0.0.133                 -> 0.0.133
end-workflow	Checkout code	2025-10-07T16:22:40.5900171Z  * [new tag]           0.0.134                 -> 0.0.134
end-workflow	Checkout code	2025-10-07T16:22:40.5900568Z  * [new tag]           0.0.135                 -> 0.0.135
end-workflow	Checkout code	2025-10-07T16:22:40.5900938Z  * [new tag]           0.0.136                 -> 0.0.136
end-workflow	Checkout code	2025-10-07T16:22:40.5901378Z  * [new tag]           0.0.137                 -> 0.0.137
end-workflow	Checkout code	2025-10-07T16:22:40.5901794Z  * [new tag]           0.0.138                 -> 0.0.138
end-workflow	Checkout code	2025-10-07T16:22:40.5960667Z  * [new tag]           0.0.139                 -> 0.0.139
end-workflow	Checkout code	2025-10-07T16:22:40.5961465Z  * [new tag]           0.0.14                  -> 0.0.14
end-workflow	Checkout code	2025-10-07T16:22:40.5961855Z  * [new tag]           0.0.140                 -> 0.0.140
end-workflow	Checkout code	2025-10-07T16:22:40.5962255Z  * [new tag]           0.0.141                 -> 0.0.141
end-workflow	Checkout code	2025-10-07T16:22:40.5962637Z  * [new tag]           0.0.142                 -> 0.0.142
end-workflow	Checkout code	2025-10-07T16:22:40.5963018Z  * [new tag]           0.0.143                 -> 0.0.143
end-workflow	Checkout code	2025-10-07T16:22:40.5963406Z  * [new tag]           0.0.144                 -> 0.0.144
end-workflow	Checkout code	2025-10-07T16:22:40.5963784Z  * [new tag]           0.0.145                 -> 0.0.145
end-workflow	Checkout code	2025-10-07T16:22:40.5964188Z  * [new tag]           0.0.146                 -> 0.0.146
end-workflow	Checkout code	2025-10-07T16:22:40.5964608Z  * [new tag]           0.0.147                 -> 0.0.147
end-workflow	Checkout code	2025-10-07T16:22:40.5965057Z  * [new tag]           0.0.148                 -> 0.0.148
end-workflow	Checkout code	2025-10-07T16:22:40.5965475Z  * [new tag]           0.0.149                 -> 0.0.149
end-workflow	Checkout code	2025-10-07T16:22:40.5965883Z  * [new tag]           0.0.15                  -> 0.0.15
end-workflow	Checkout code	2025-10-07T16:22:40.5966282Z  * [new tag]           0.0.150                 -> 0.0.150
end-workflow	Checkout code	2025-10-07T16:22:40.5966700Z  * [new tag]           0.0.151                 -> 0.0.151
end-workflow	Checkout code	2025-10-07T16:22:40.5967140Z  * [new tag]           0.0.152                 -> 0.0.152
end-workflow	Checkout code	2025-10-07T16:22:40.6069121Z  * [new tag]           0.0.153                 -> 0.0.153
end-workflow	Checkout code	2025-10-07T16:22:40.6069678Z  * [new tag]           0.0.154                 -> 0.0.154
end-workflow	Checkout code	2025-10-07T16:22:40.6070070Z  * [new tag]           0.0.155                 -> 0.0.155
end-workflow	Checkout code	2025-10-07T16:22:40.6070484Z  * [new tag]           0.0.156                 -> 0.0.156
end-workflow	Checkout code	2025-10-07T16:22:40.6070884Z  * [new tag]           0.0.157                 -> 0.0.157
end-workflow	Checkout code	2025-10-07T16:22:40.6071259Z  * [new tag]           0.0.158                 -> 0.0.158
end-workflow	Checkout code	2025-10-07T16:22:40.6072010Z  * [new tag]           0.0.159                 -> 0.0.159
end-workflow	Checkout code	2025-10-07T16:22:40.6072384Z  * [new tag]           0.0.16                  -> 0.0.16
end-workflow	Checkout code	2025-10-07T16:22:40.6072748Z  * [new tag]           0.0.160                 -> 0.0.160
end-workflow	Checkout code	2025-10-07T16:22:40.6073117Z  * [new tag]           0.0.161                 -> 0.0.161
end-workflow	Checkout code	2025-10-07T16:22:40.6073482Z  * [new tag]           0.0.162                 -> 0.0.162
end-workflow	Checkout code	2025-10-07T16:22:40.6073860Z  * [new tag]           0.0.163                 -> 0.0.163
end-workflow	Checkout code	2025-10-07T16:22:40.6074231Z  * [new tag]           0.0.164                 -> 0.0.164
end-workflow	Checkout code	2025-10-07T16:22:40.6074608Z  * [new tag]           0.0.165                 -> 0.0.165
end-workflow	Checkout code	2025-10-07T16:22:40.6074975Z  * [new tag]           0.0.166                 -> 0.0.166
end-workflow	Checkout code	2025-10-07T16:22:40.6075346Z  * [new tag]           0.0.167                 -> 0.0.167
end-workflow	Checkout code	2025-10-07T16:22:40.6075720Z  * [new tag]           0.0.168                 -> 0.0.168
end-workflow	Checkout code	2025-10-07T16:22:40.6076086Z  * [new tag]           0.0.169                 -> 0.0.169
end-workflow	Checkout code	2025-10-07T16:22:40.6076689Z  * [new tag]           0.0.17                  -> 0.0.17
end-workflow	Checkout code	2025-10-07T16:22:40.6077059Z  * [new tag]           0.0.170                 -> 0.0.170
end-workflow	Checkout code	2025-10-07T16:22:40.6077543Z  * [new tag]           0.0.171                 -> 0.0.171
end-workflow	Checkout code	2025-10-07T16:22:40.6078245Z  * [new tag]           0.0.172                 -> 0.0.172
end-workflow	Checkout code	2025-10-07T16:22:40.6078628Z  * [new tag]           0.0.173                 -> 0.0.173
end-workflow	Checkout code	2025-10-07T16:22:40.6078994Z  * [new tag]           0.0.174                 -> 0.0.174
end-workflow	Checkout code	2025-10-07T16:22:40.6079376Z  * [new tag]           0.0.175                 -> 0.0.175
end-workflow	Checkout code	2025-10-07T16:22:40.6079745Z  * [new tag]           0.0.176                 -> 0.0.176
end-workflow	Checkout code	2025-10-07T16:22:40.6080108Z  * [new tag]           0.0.177                 -> 0.0.177
end-workflow	Checkout code	2025-10-07T16:22:40.6080488Z  * [new tag]           0.0.178                 -> 0.0.178
end-workflow	Checkout code	2025-10-07T16:22:40.6080871Z  * [new tag]           0.0.179                 -> 0.0.179
end-workflow	Checkout code	2025-10-07T16:22:40.6081298Z  * [new tag]           0.0.18                  -> 0.0.18
end-workflow	Checkout code	2025-10-07T16:22:40.6081744Z  * [new tag]           0.0.19                  -> 0.0.19
end-workflow	Checkout code	2025-10-07T16:22:40.6082140Z  * [new tag]           0.0.2                   -> 0.0.2
end-workflow	Checkout code	2025-10-07T16:22:40.6082578Z  * [new tag]           0.0.20                  -> 0.0.20
end-workflow	Checkout code	2025-10-07T16:22:40.6082971Z  * [new tag]           0.0.21                  -> 0.0.21
end-workflow	Checkout code	2025-10-07T16:22:40.6083387Z  * [new tag]           0.0.22                  -> 0.0.22
end-workflow	Checkout code	2025-10-07T16:22:40.6083785Z  * [new tag]           0.0.23                  -> 0.0.23
end-workflow	Checkout code	2025-10-07T16:22:40.6084166Z  * [new tag]           0.0.24                  -> 0.0.24
end-workflow	Checkout code	2025-10-07T16:22:40.6084581Z  * [new tag]           0.0.25                  -> 0.0.25
end-workflow	Checkout code	2025-10-07T16:22:40.6084979Z  * [new tag]           0.0.26                  -> 0.0.26
end-workflow	Checkout code	2025-10-07T16:22:40.6085375Z  * [new tag]           0.0.27                  -> 0.0.27
end-workflow	Checkout code	2025-10-07T16:22:40.6085769Z  * [new tag]           0.0.28                  -> 0.0.28
end-workflow	Checkout code	2025-10-07T16:22:40.6086190Z  * [new tag]           0.0.29                  -> 0.0.29
end-workflow	Checkout code	2025-10-07T16:22:40.6086588Z  * [new tag]           0.0.3                   -> 0.0.3
end-workflow	Checkout code	2025-10-07T16:22:40.6086973Z  * [new tag]           0.0.30                  -> 0.0.30
end-workflow	Checkout code	2025-10-07T16:22:40.6087495Z  * [new tag]           0.0.31                  -> 0.0.31
end-workflow	Checkout code	2025-10-07T16:22:40.6087911Z  * [new tag]           0.0.32                  -> 0.0.32
end-workflow	Checkout code	2025-10-07T16:22:40.6088323Z  * [new tag]           0.0.33                  -> 0.0.33
end-workflow	Checkout code	2025-10-07T16:22:40.6088713Z  * [new tag]           0.0.34                  -> 0.0.34
end-workflow	Checkout code	2025-10-07T16:22:40.6089137Z  * [new tag]           0.0.35                  -> 0.0.35
end-workflow	Checkout code	2025-10-07T16:22:40.6089578Z  * [new tag]           0.0.36                  -> 0.0.36
end-workflow	Checkout code	2025-10-07T16:22:40.6089988Z  * [new tag]           0.0.37                  -> 0.0.37
end-workflow	Checkout code	2025-10-07T16:22:40.6090403Z  * [new tag]           0.0.38                  -> 0.0.38
end-workflow	Checkout code	2025-10-07T16:22:40.6090833Z  * [new tag]           0.0.39                  -> 0.0.39
end-workflow	Checkout code	2025-10-07T16:22:40.6091283Z  * [new tag]           0.0.4                   -> 0.0.4
end-workflow	Checkout code	2025-10-07T16:22:40.6091956Z  * [new tag]           0.0.40                  -> 0.0.40
end-workflow	Checkout code	2025-10-07T16:22:40.6092345Z  * [new tag]           0.0.41                  -> 0.0.41
end-workflow	Checkout code	2025-10-07T16:22:40.6092712Z  * [new tag]           0.0.42                  -> 0.0.42
end-workflow	Checkout code	2025-10-07T16:22:40.6093110Z  * [new tag]           0.0.43                  -> 0.0.43
end-workflow	Checkout code	2025-10-07T16:22:40.6093494Z  * [new tag]           0.0.44                  -> 0.0.44
end-workflow	Checkout code	2025-10-07T16:22:40.6093888Z  * [new tag]           0.0.45                  -> 0.0.45
end-workflow	Checkout code	2025-10-07T16:22:40.6094260Z  * [new tag]           0.0.46                  -> 0.0.46
end-workflow	Checkout code	2025-10-07T16:22:40.6094661Z  * [new tag]           0.0.47                  -> 0.0.47
end-workflow	Checkout code	2025-10-07T16:22:40.6095060Z  * [new tag]           0.0.48                  -> 0.0.48
end-workflow	Checkout code	2025-10-07T16:22:40.6095467Z  * [new tag]           0.0.49                  -> 0.0.49
end-workflow	Checkout code	2025-10-07T16:22:40.6095885Z  * [new tag]           0.0.5                   -> 0.0.5
end-workflow	Checkout code	2025-10-07T16:22:40.6096528Z  * [new tag]           0.0.50                  -> 0.0.50
end-workflow	Checkout code	2025-10-07T16:22:40.6096936Z  * [new tag]           0.0.51                  -> 0.0.51
end-workflow	Checkout code	2025-10-07T16:22:40.6392064Z  * [new tag]           0.0.52                  -> 0.0.52
end-workflow	Checkout code	2025-10-07T16:22:40.6393087Z  * [new tag]           0.0.53                  -> 0.0.53
end-workflow	Checkout code	2025-10-07T16:22:40.6393482Z  * [new tag]           0.0.54                  -> 0.0.54
end-workflow	Checkout code	2025-10-07T16:22:40.6393856Z  * [new tag]           0.0.55                  -> 0.0.55
end-workflow	Checkout code	2025-10-07T16:22:40.6394226Z  * [new tag]           0.0.56                  -> 0.0.56
end-workflow	Checkout code	2025-10-07T16:22:40.6394591Z  * [new tag]           0.0.57                  -> 0.0.57
end-workflow	Checkout code	2025-10-07T16:22:40.6394956Z  * [new tag]           0.0.58                  -> 0.0.58
end-workflow	Checkout code	2025-10-07T16:22:40.6395333Z  * [new tag]           0.0.59                  -> 0.0.59
end-workflow	Checkout code	2025-10-07T16:22:40.6395709Z  * [new tag]           0.0.6                   -> 0.0.6
end-workflow	Checkout code	2025-10-07T16:22:40.6396068Z  * [new tag]           0.0.60                  -> 0.0.60
end-workflow	Checkout code	2025-10-07T16:22:40.6396477Z  * [new tag]           0.0.61                  -> 0.0.61
end-workflow	Checkout code	2025-10-07T16:22:40.6396840Z  * [new tag]           0.0.62                  -> 0.0.62
end-workflow	Checkout code	2025-10-07T16:22:40.6397207Z  * [new tag]           0.0.63                  -> 0.0.63
end-workflow	Checkout code	2025-10-07T16:22:40.6397740Z  * [new tag]           0.0.64                  -> 0.0.64
end-workflow	Checkout code	2025-10-07T16:22:40.6398105Z  * [new tag]           0.0.65                  -> 0.0.65
end-workflow	Checkout code	2025-10-07T16:22:40.6398543Z  * [new tag]           0.0.66                  -> 0.0.66
end-workflow	Checkout code	2025-10-07T16:22:40.6398899Z  * [new tag]           0.0.67                  -> 0.0.67
end-workflow	Checkout code	2025-10-07T16:22:40.6399259Z  * [new tag]           0.0.68                  -> 0.0.68
end-workflow	Checkout code	2025-10-07T16:22:40.6399608Z  * [new tag]           0.0.69                  -> 0.0.69
end-workflow	Checkout code	2025-10-07T16:22:40.6399960Z  * [new tag]           0.0.7                   -> 0.0.7
end-workflow	Checkout code	2025-10-07T16:22:40.6400327Z  * [new tag]           0.0.70                  -> 0.0.70
end-workflow	Checkout code	2025-10-07T16:22:40.6400685Z  * [new tag]           0.0.71                  -> 0.0.71
end-workflow	Checkout code	2025-10-07T16:22:40.6401059Z  * [new tag]           0.0.72                  -> 0.0.72
end-workflow	Checkout code	2025-10-07T16:22:40.6401417Z  * [new tag]           0.0.73                  -> 0.0.73
end-workflow	Checkout code	2025-10-07T16:22:40.6401771Z  * [new tag]           0.0.74                  -> 0.0.74
end-workflow	Checkout code	2025-10-07T16:22:40.6402134Z  * [new tag]           0.0.75                  -> 0.0.75
end-workflow	Checkout code	2025-10-07T16:22:40.6402489Z  * [new tag]           0.0.76                  -> 0.0.76
end-workflow	Checkout code	2025-10-07T16:22:40.6402842Z  * [new tag]           0.0.77                  -> 0.0.77
end-workflow	Checkout code	2025-10-07T16:22:40.6403203Z  * [new tag]           0.0.78                  -> 0.0.78
end-workflow	Checkout code	2025-10-07T16:22:40.6403564Z  * [new tag]           0.0.79                  -> 0.0.79
end-workflow	Checkout code	2025-10-07T16:22:40.6403918Z  * [new tag]           0.0.8                   -> 0.0.8
end-workflow	Checkout code	2025-10-07T16:22:40.6404272Z  * [new tag]           0.0.80                  -> 0.0.80
end-workflow	Checkout code	2025-10-07T16:22:40.6404629Z  * [new tag]           0.0.81                  -> 0.0.81
end-workflow	Checkout code	2025-10-07T16:22:40.6404980Z  * [new tag]           0.0.82                  -> 0.0.82
end-workflow	Checkout code	2025-10-07T16:22:40.6405714Z  * [new tag]           0.0.83                  -> 0.0.83
end-workflow	Checkout code	2025-10-07T16:22:40.6406066Z  * [new tag]           0.0.84                  -> 0.0.84
end-workflow	Checkout code	2025-10-07T16:22:40.6406419Z  * [new tag]           0.0.85                  -> 0.0.85
end-workflow	Checkout code	2025-10-07T16:22:40.6406764Z  * [new tag]           0.0.86                  -> 0.0.86
end-workflow	Checkout code	2025-10-07T16:22:40.6407112Z  * [new tag]           0.0.87                  -> 0.0.87
end-workflow	Checkout code	2025-10-07T16:22:40.6407530Z  * [new tag]           0.0.88                  -> 0.0.88
end-workflow	Checkout code	2025-10-07T16:22:40.6407890Z  * [new tag]           0.0.89                  -> 0.0.89
end-workflow	Checkout code	2025-10-07T16:22:40.6408323Z  * [new tag]           0.0.9                   -> 0.0.9
end-workflow	Checkout code	2025-10-07T16:22:40.6408840Z  * [new tag]           0.0.90                  -> 0.0.90
end-workflow	Checkout code	2025-10-07T16:22:40.6409562Z  * [new tag]           0.0.91                  -> 0.0.91
end-workflow	Checkout code	2025-10-07T16:22:40.6410068Z  * [new tag]           0.0.92                  -> 0.0.92
end-workflow	Checkout code	2025-10-07T16:22:40.6410538Z  * [new tag]           0.0.93                  -> 0.0.93
end-workflow	Checkout code	2025-10-07T16:22:40.6411358Z  * [new tag]           0.0.94                  -> 0.0.94
end-workflow	Checkout code	2025-10-07T16:22:40.6411805Z  * [new tag]           0.0.95                  -> 0.0.95
end-workflow	Checkout code	2025-10-07T16:22:40.6412286Z  * [new tag]           0.0.96                  -> 0.0.96
end-workflow	Checkout code	2025-10-07T16:22:40.6412849Z  * [new tag]           0.0.97                  -> 0.0.97
end-workflow	Checkout code	2025-10-07T16:22:40.6413330Z  * [new tag]           0.0.98                  -> 0.0.98
end-workflow	Checkout code	2025-10-07T16:22:40.6413865Z  * [new tag]           0.0.99                  -> 0.0.99
end-workflow	Checkout code	2025-10-07T16:22:40.6414335Z  * [new tag]           0.1.0                   -> 0.1.0
end-workflow	Checkout code	2025-10-07T16:22:40.6414831Z  * [new tag]           0.1.1                   -> 0.1.1
end-workflow	Checkout code	2025-10-07T16:22:40.6415340Z  * [new tag]           0.2.0                   -> 0.2.0
end-workflow	Checkout code	2025-10-07T16:22:40.6415847Z  * [new tag]           0.3.0                   -> 0.3.0
end-workflow	Checkout code	2025-10-07T16:22:40.6416297Z  * [new tag]           0.3.1                   -> 0.3.1
end-workflow	Checkout code	2025-10-07T16:22:40.6416809Z  * [new tag]           0.3.10                  -> 0.3.10
end-workflow	Checkout code	2025-10-07T16:22:40.6709585Z  * [new tag]           0.3.11                  -> 0.3.11
end-workflow	Checkout code	2025-10-07T16:22:40.6710939Z  * [new tag]           0.3.12                  -> 0.3.12
end-workflow	Checkout code	2025-10-07T16:22:40.6711637Z  * [new tag]           0.3.13                  -> 0.3.13
end-workflow	Checkout code	2025-10-07T16:22:40.6712198Z  * [new tag]           0.3.14                  -> 0.3.14
end-workflow	Checkout code	2025-10-07T16:22:40.6712675Z  * [new tag]           0.3.15                  -> 0.3.15
end-workflow	Checkout code	2025-10-07T16:22:40.6713233Z  * [new tag]           0.3.16                  -> 0.3.16
end-workflow	Checkout code	2025-10-07T16:22:40.6973155Z  * [new tag]           0.3.17                  -> 0.3.17
end-workflow	Checkout code	2025-10-07T16:22:40.6974194Z  * [new tag]           0.3.2                   -> 0.3.2
end-workflow	Checkout code	2025-10-07T16:22:40.6974593Z  * [new tag]           0.3.3                   -> 0.3.3
end-workflow	Checkout code	2025-10-07T16:22:40.6974977Z  * [new tag]           0.3.4                   -> 0.3.4
end-workflow	Checkout code	2025-10-07T16:22:40.6975351Z  * [new tag]           0.3.5                   -> 0.3.5
end-workflow	Checkout code	2025-10-07T16:22:40.6975711Z  * [new tag]           0.3.6                   -> 0.3.6
end-workflow	Checkout code	2025-10-07T16:22:40.6976121Z  * [new tag]           0.3.7                   -> 0.3.7
end-workflow	Checkout code	2025-10-07T16:22:40.6976484Z  * [new tag]           0.3.8                   -> 0.3.8
end-workflow	Checkout code	2025-10-07T16:22:40.6976840Z  * [new tag]           0.3.9                   -> 0.3.9
end-workflow	Checkout code	2025-10-07T16:22:40.6977205Z  * [new tag]           0.4.0                   -> 0.4.0
end-workflow	Checkout code	2025-10-07T16:22:40.7199026Z  * [new tag]           0.4.1                   -> 0.4.1
end-workflow	Checkout code	2025-10-07T16:22:40.7199654Z  * [new tag]           0.4.10                  -> 0.4.10
end-workflow	Checkout code	2025-10-07T16:22:40.7200075Z  * [new tag]           0.4.2                   -> 0.4.2
end-workflow	Checkout code	2025-10-07T16:22:40.7200457Z  * [new tag]           0.4.3                   -> 0.4.3
end-workflow	Checkout code	2025-10-07T16:22:40.7200865Z  * [new tag]           0.4.4                   -> 0.4.4
end-workflow	Checkout code	2025-10-07T16:22:40.7201254Z  * [new tag]           0.4.5                   -> 0.4.5
end-workflow	Checkout code	2025-10-07T16:22:40.7201660Z  * [new tag]           0.4.6                   -> 0.4.6
end-workflow	Checkout code	2025-10-07T16:22:40.7202044Z  * [new tag]           0.4.7                   -> 0.4.7
end-workflow	Checkout code	2025-10-07T16:22:40.7202915Z  * [new tag]           0.4.8                   -> 0.4.8
end-workflow	Checkout code	2025-10-07T16:22:40.7203268Z  * [new tag]           0.4.9                   -> 0.4.9
end-workflow	Checkout code	2025-10-07T16:22:40.9617304Z [command]/usr/bin/git branch --list --remote origin/H1646-modulo-de-control-de-runners
end-workflow	Checkout code	2025-10-07T16:22:41.0528776Z   origin/H1646-modulo-de-control-de-runners
end-workflow	Checkout code	2025-10-07T16:22:41.0978833Z [command]/usr/bin/git rev-parse refs/remotes/origin/H1646-modulo-de-control-de-runners
end-workflow	Checkout code	2025-10-07T16:22:41.1123326Z bb01efd5a5e21dcd13eec132a5134a30e2437b5a
end-workflow	Checkout code	2025-10-07T16:22:41.1214662Z [command]/usr/bin/git -c protocol.version=2 fetch --no-tags --prune --no-recurse-submodules origin +903759d54158e6df6241d433e53583757719978a:refs/remotes/origin/H1646-modulo-de-control-de-runners
end-workflow	Checkout code	2025-10-07T16:22:41.2262799Z From https://github.com/Ka0s-Klaus/ka0s
end-workflow	Checkout code	2025-10-07T16:22:41.2288192Z  + bb01efd5...903759d5 903759d54158e6df6241d433e53583757719978a -> origin/H1646-modulo-de-control-de-runners  (forced update)
end-workflow	Checkout code	2025-10-07T16:22:41.2569310Z ##[endgroup]
end-workflow	Checkout code	2025-10-07T16:22:41.2571547Z ##[group]Determining the checkout info
end-workflow	Checkout code	2025-10-07T16:22:41.2572043Z ##[endgroup]
end-workflow	Checkout code	2025-10-07T16:22:41.2638823Z [command]/usr/bin/git sparse-checkout disable
end-workflow	Checkout code	2025-10-07T16:22:41.3672349Z [command]/usr/bin/git config --local --unset-all extensions.worktreeConfig
end-workflow	Checkout code	2025-10-07T16:22:41.4336423Z ##[group]Checking out the ref
end-workflow	Checkout code	2025-10-07T16:22:41.4399977Z [command]/usr/bin/git checkout --progress --force -B H1646-modulo-de-control-de-runners refs/remotes/origin/H1646-modulo-de-control-de-runners
end-workflow	Checkout code	2025-10-07T16:22:43.3549313Z Updating files:  22% (179/807)
end-workflow	Checkout code	2025-10-07T16:22:43.3616800Z Updating files:  23% (186/807)
end-workflow	Checkout code	2025-10-07T16:22:43.5436225Z Updating files:  24% (194/807)
end-workflow	Checkout code	2025-10-07T16:22:44.0098806Z Updating files:  24% (200/807)
end-workflow	Checkout code	2025-10-07T16:22:44.0390600Z Updating files:  25% (202/807)
end-workflow	Checkout code	2025-10-07T16:22:44.0590863Z Updating files:  26% (210/807)
end-workflow	Checkout code	2025-10-07T16:22:44.0621342Z Updating files:  27% (218/807)
end-workflow	Checkout code	2025-10-07T16:22:44.0698729Z Updating files:  28% (226/807)
end-workflow	Checkout code	2025-10-07T16:22:44.0800175Z Updating files:  29% (235/807)
end-workflow	Checkout code	2025-10-07T16:22:44.1571106Z Updating files:  30% (243/807)
end-workflow	Checkout code	2025-10-07T16:22:44.2322039Z Updating files:  31% (251/807)
end-workflow	Checkout code	2025-10-07T16:22:44.3459816Z Updating files:  32% (259/807)
end-workflow	Checkout code	2025-10-07T16:22:44.4083712Z Updating files:  33% (267/807)
end-workflow	Checkout code	2025-10-07T16:22:44.4632689Z Updating files:  34% (275/807)
end-workflow	Checkout code	2025-10-07T16:22:44.4808569Z Updating files:  35% (283/807)
end-workflow	Checkout code	2025-10-07T16:22:44.4811599Z Updating files:  35% (289/807)
end-workflow	Checkout code	2025-10-07T16:22:44.4819383Z Updating files:  36% (291/807)
end-workflow	Checkout code	2025-10-07T16:22:44.4882934Z Updating files:  37% (299/807)
end-workflow	Checkout code	2025-10-07T16:22:44.5098403Z Updating files:  38% (307/807)
end-workflow	Checkout code	2025-10-07T16:22:44.5222536Z Updating files:  39% (315/807)
end-workflow	Checkout code	2025-10-07T16:22:44.5489781Z Updating files:  40% (323/807)
end-workflow	Checkout code	2025-10-07T16:22:44.5716001Z Updating files:  41% (331/807)
end-workflow	Checkout code	2025-10-07T16:22:44.5768893Z Updating files:  42% (339/807)
end-workflow	Checkout code	2025-10-07T16:22:44.7081419Z Updating files:  43% (348/807)
end-workflow	Checkout code	2025-10-07T16:22:45.1143733Z Updating files:  44% (356/807)
end-workflow	Checkout code	2025-10-07T16:22:45.1230917Z Updating files:  45% (364/807)
end-workflow	Checkout code	2025-10-07T16:22:45.1315080Z Updating files:  46% (372/807)
end-workflow	Checkout code	2025-10-07T16:22:45.1439162Z Updating files:  47% (380/807)
end-workflow	Checkout code	2025-10-07T16:22:45.1443681Z Updating files:  48% (388/807)
end-workflow	Checkout code	2025-10-07T16:22:45.1634914Z Updating files:  49% (396/807)
end-workflow	Checkout code	2025-10-07T16:22:45.1640359Z Updating files:  50% (404/807)
end-workflow	Checkout code	2025-10-07T16:22:45.1655085Z Updating files:  51% (412/807)
end-workflow	Checkout code	2025-10-07T16:22:45.1657145Z Updating files:  52% (420/807)
end-workflow	Checkout code	2025-10-07T16:22:45.1715565Z Updating files:  53% (428/807)
end-workflow	Checkout code	2025-10-07T16:22:45.1928029Z Updating files:  54% (436/807)
end-workflow	Checkout code	2025-10-07T16:22:45.1943479Z Updating files:  55% (444/807)
end-workflow	Checkout code	2025-10-07T16:22:45.1948223Z Updating files:  56% (452/807)
end-workflow	Checkout code	2025-10-07T16:22:45.1951500Z Updating files:  57% (460/807)
end-workflow	Checkout code	2025-10-07T16:22:45.4752267Z Updating files:  58% (469/807)
end-workflow	Checkout code	2025-10-07T16:22:45.5888431Z Updating files:  58% (472/807)
end-workflow	Checkout code	2025-10-07T16:22:45.7960302Z Updating files:  59% (477/807)
end-workflow	Checkout code	2025-10-07T16:22:45.8470257Z Updating files:  60% (485/807)
end-workflow	Checkout code	2025-10-07T16:22:45.9000211Z Updating files:  61% (493/807)
end-workflow	Checkout code	2025-10-07T16:22:45.9437908Z Updating files:  62% (501/807)
end-workflow	Checkout code	2025-10-07T16:22:45.9993031Z Updating files:  63% (509/807)
end-workflow	Checkout code	2025-10-07T16:22:46.0720137Z Updating files:  64% (517/807)
end-workflow	Checkout code	2025-10-07T16:22:46.1931551Z Updating files:  65% (525/807)
end-workflow	Checkout code	2025-10-07T16:22:46.2749102Z Updating files:  66% (533/807)
end-workflow	Checkout code	2025-10-07T16:22:46.3596453Z Updating files:  67% (541/807)
end-workflow	Checkout code	2025-10-07T16:22:46.4691802Z Updating files:  68% (549/807)
end-workflow	Checkout code	2025-10-07T16:22:46.5804563Z Updating files:  69% (557/807)
end-workflow	Checkout code	2025-10-07T16:22:46.8063050Z Updating files:  70% (565/807)
end-workflow	Checkout code	2025-10-07T16:22:47.1105361Z Updating files:  71% (573/807)
end-workflow	Checkout code	2025-10-07T16:22:47.1106791Z Updating files:  72% (582/807)
end-workflow	Checkout code	2025-10-07T16:22:47.1108315Z Updating files:  73% (590/807)
end-workflow	Checkout code	2025-10-07T16:22:47.1108787Z Updating files:  74% (598/807)
end-workflow	Checkout code	2025-10-07T16:22:47.1109393Z Updating files:  75% (606/807)
end-workflow	Checkout code	2025-10-07T16:22:47.1311335Z Updating files:  76% (614/807)
end-workflow	Checkout code	2025-10-07T16:22:47.1312754Z Updating files:  77% (622/807)
end-workflow	Checkout code	2025-10-07T16:22:47.2195615Z Updating files:  78% (630/807)
end-workflow	Checkout code	2025-10-07T16:22:47.2197628Z Updating files:  79% (638/807)
end-workflow	Checkout code	2025-10-07T16:22:47.2388641Z Updating files:  80% (646/807)
end-workflow	Checkout code	2025-10-07T16:22:47.2391415Z Updating files:  81% (654/807)
end-workflow	Checkout code	2025-10-07T16:22:47.2468024Z Updating files:  82% (662/807)
end-workflow	Checkout code	2025-10-07T16:22:47.2867577Z Updating files:  83% (670/807)
end-workflow	Checkout code	2025-10-07T16:22:47.2868884Z Updating files:  84% (678/807)
end-workflow	Checkout code	2025-10-07T16:22:47.3228555Z Updating files:  85% (686/807)
end-workflow	Checkout code	2025-10-07T16:22:47.3499052Z Updating files:  86% (695/807)
end-workflow	Checkout code	2025-10-07T16:22:47.3920746Z Updating files:  87% (703/807)
end-workflow	Checkout code	2025-10-07T16:22:47.3944074Z Updating files:  88% (711/807)
end-workflow	Checkout code	2025-10-07T16:22:47.3949893Z Updating files:  89% (719/807)
end-workflow	Checkout code	2025-10-07T16:22:47.3950201Z Updating files:  90% (727/807)
end-workflow	Checkout code	2025-10-07T16:22:47.4269777Z Updating files:  91% (735/807)
end-workflow	Checkout code	2025-10-07T16:22:47.4277684Z Updating files:  92% (743/807)
end-workflow	Checkout code	2025-10-07T16:22:47.4278014Z Updating files:  93% (751/807)
end-workflow	Checkout code	2025-10-07T16:22:47.4418635Z Updating files:  94% (759/807)
end-workflow	Checkout code	2025-10-07T16:22:47.4423483Z Updating files:  95% (767/807)
end-workflow	Checkout code	2025-10-07T16:22:47.4423886Z Updating files:  96% (775/807)
end-workflow	Checkout code	2025-10-07T16:22:47.4424167Z Updating files:  97% (783/807)
end-workflow	Checkout code	2025-10-07T16:22:47.4540805Z Updating files:  98% (791/807)
end-workflow	Checkout code	2025-10-07T16:22:47.4638605Z Updating files:  99% (799/807)
end-workflow	Checkout code	2025-10-07T16:22:47.4652773Z Updating files: 100% (807/807)
end-workflow	Checkout code	2025-10-07T16:22:47.4727926Z Updating files: 100% (807/807), done.
end-workflow	Checkout code	2025-10-07T16:22:47.5690514Z Switched to a new branch 'H1646-modulo-de-control-de-runners'
end-workflow	Checkout code	2025-10-07T16:22:47.5738764Z branch 'H1646-modulo-de-control-de-runners' set up to track 'origin/H1646-modulo-de-control-de-runners'.
end-workflow	Checkout code	2025-10-07T16:22:47.7232779Z ##[endgroup]
end-workflow	Checkout code	2025-10-07T16:22:47.7815520Z [command]/usr/bin/git log -1 --format=%H
end-workflow	Checkout code	2025-10-07T16:22:47.8098360Z 903759d54158e6df6241d433e53583757719978a
end-workflow	Finaliza el workflow	﻿2025-10-07T16:22:48.0223247Z ##[group]Run echo "End process"
end-workflow	Finaliza el workflow	2025-10-07T16:22:48.0223760Z [36;1mecho "End process"[0m
end-workflow	Finaliza el workflow	2025-10-07T16:22:48.0224243Z [36;1mRNNUMBER=$(echo "refs/heads/H1646-modulo-de-control-de-runners" | grep -o '[0-9]*')[0m
end-workflow	Finaliza el workflow	2025-10-07T16:22:48.0224850Z [36;1mgh issue comment $RNNUMBER --body "Se finaliza Ka0s 18319045776"[0m
end-workflow	Finaliza el workflow	2025-10-07T16:22:48.0225544Z [36;1mgh workflow run inspector.yml --ref 'main' -f kaos-issue-id=$RNNUMBER -f kaos-workflow-id="18319045776" -f kaos-user-start=""[0m
end-workflow	Finaliza el workflow	2025-10-07T16:22:48.0241582Z shell: /usr/bin/bash -e {0}
end-workflow	Finaliza el workflow	2025-10-07T16:22:48.0241909Z env:
end-workflow	Finaliza el workflow	2025-10-07T16:22:48.0242129Z   KAOS_MODULE: [Ka0S] JSONLINT
end-workflow	Finaliza el workflow	2025-10-07T16:22:48.0243034Z   GH_TOKEN: ***
end-workflow	Finaliza el workflow	2025-10-07T16:22:48.0243323Z   KAOS_JSONLINT_CONFIG: core/config/.jsonlint.json
end-workflow	Finaliza el workflow	2025-10-07T16:22:48.0243676Z   KAOS_PATH_RESUME: audit/jsonlint/
end-workflow	Finaliza el workflow	2025-10-07T16:22:48.0244017Z   KAOS_REPO: /actions-runner/_work/kaos/kaos
end-workflow	Finaliza el workflow	2025-10-07T16:22:48.0244357Z   KAOS_STEP_MODULE: 
end-workflow	Finaliza el workflow	2025-10-07T16:22:48.0244611Z   KAOS_CODE: 18319045776
end-workflow	Finaliza el workflow	2025-10-07T16:22:48.0255558Z   KAOS_REF_BRANCH: main
end-workflow	Finaliza el workflow	2025-10-07T16:22:48.0255796Z ##[endgroup]
end-workflow	Finaliza el workflow	2025-10-07T16:22:48.0551652Z End process
end-workflow	Finaliza el workflow	2025-10-07T16:22:49.5762586Z https://github.com/Ka0s-Klaus/ka0s/issues/1646#issuecomment-3377639978
end-workflow	Post Checkout code	﻿2025-10-07T16:22:50.6825419Z Post job cleanup.
end-workflow	Post Checkout code	2025-10-07T16:22:51.2619216Z [command]/usr/bin/git version
end-workflow	Post Checkout code	2025-10-07T16:22:51.2735966Z git version 2.51.0
end-workflow	Post Checkout code	2025-10-07T16:22:51.2865652Z Temporarily overriding HOME='/home/runner/_work/_temp/0c285936-e3f1-405b-9c7a-0cc8b1f22f81' before making global git config changes
end-workflow	Post Checkout code	2025-10-07T16:22:51.2866581Z Adding repository directory to the temporary git global config as a safe directory
end-workflow	Post Checkout code	2025-10-07T16:22:51.2867235Z [command]/usr/bin/git config --global --add safe.directory /home/runner/_work/ka0s/ka0s
end-workflow	Post Checkout code	2025-10-07T16:22:51.3322849Z [command]/usr/bin/git config --local --name-only --get-regexp core\.sshCommand
end-workflow	Post Checkout code	2025-10-07T16:22:51.3465304Z [command]/usr/bin/git submodule foreach --recursive sh -c "git config --local --name-only --get-regexp 'core\.sshCommand' && git config --local --unset-all 'core.sshCommand' || :"
end-workflow	Post Checkout code	2025-10-07T16:22:51.4214475Z [command]/usr/bin/git config --local --name-only --get-regexp http\.https\:\/\/github\.com\/\.extraheader
end-workflow	Post Checkout code	2025-10-07T16:22:51.4286311Z http.https://github.com/.extraheader
end-workflow	Post Checkout code	2025-10-07T16:22:51.4288938Z [command]/usr/bin/git config --local --unset-all http.https://github.com/.extraheader
end-workflow	Post Checkout code	2025-10-07T16:22:51.4689602Z [command]/usr/bin/git submodule foreach --recursive sh -c "git config --local --name-only --get-regexp 'http\.https\:\/\/github\.com\/\.extraheader' && git config --local --unset-all 'http.https://github.com/.extraheader' || :"
end-workflow	Complete job	﻿2025-10-07T16:22:51.6445414Z Cleaning up orphan processes
