job-core	Set up job	Ôªø2025-10-07T12:27:31.8985859Z Current runner version: '2.328.0'
job-core	Set up job	2025-10-07T12:27:31.9022750Z Runner name: 'd3e871552094'
job-core	Set up job	2025-10-07T12:27:31.9023745Z Runner group name: 'swarm-runners'
job-core	Set up job	2025-10-07T12:27:31.9024923Z Machine name: 'd3e871552094'
job-core	Set up job	2025-10-07T12:27:31.9028360Z ##[group]GITHUB_TOKEN Permissions
job-core	Set up job	2025-10-07T12:27:31.9031801Z Actions: write
job-core	Set up job	2025-10-07T12:27:31.9032460Z Contents: read
job-core	Set up job	2025-10-07T12:27:31.9033141Z Issues: write
job-core	Set up job	2025-10-07T12:27:31.9033787Z Metadata: read
job-core	Set up job	2025-10-07T12:27:31.9034387Z ##[endgroup]
job-core	Set up job	2025-10-07T12:27:31.9037077Z Secret source: Actions
job-core	Set up job	2025-10-07T12:27:31.9078000Z Prepare workflow directory
job-core	Set up job	2025-10-07T12:27:32.2303054Z Prepare all required actions
job-core	Set up job	2025-10-07T12:27:32.2645136Z Getting action download info
job-core	Set up job	2025-10-07T12:27:33.0921445Z Download action repository 'actions/checkout@v4' (SHA:08eba0b27e820071cde6df949e0beb9ba4906955)
job-core	Set up job	2025-10-07T12:27:34.0741036Z Download action repository 'docker/login-action@v3' (SHA:5e57cd118135c172c3672efd75eb46360885c0ef)
job-core	Set up job	2025-10-07T12:27:35.7508530Z Complete job name: job-core
job-core	Checkout code	Ôªø2025-10-07T12:27:35.9812251Z ##[group]Run actions/checkout@v4
job-core	Checkout code	2025-10-07T12:27:35.9814107Z with:
job-core	Checkout code	2025-10-07T12:27:35.9814910Z   fetch-depth: 0
job-core	Checkout code	2025-10-07T12:27:35.9816384Z   token: ***
job-core	Checkout code	2025-10-07T12:27:35.9817230Z   repository: Ka0s-Klaus/ka0s
job-core	Checkout code	2025-10-07T12:27:35.9818393Z   ssh-strict: true
job-core	Checkout code	2025-10-07T12:27:35.9819250Z   ssh-user: git
job-core	Checkout code	2025-10-07T12:27:35.9820113Z   persist-credentials: true
job-core	Checkout code	2025-10-07T12:27:35.9821060Z   clean: true
job-core	Checkout code	2025-10-07T12:27:35.9821944Z   sparse-checkout-cone-mode: true
job-core	Checkout code	2025-10-07T12:27:35.9823004Z   fetch-tags: false
job-core	Checkout code	2025-10-07T12:27:35.9823880Z   show-progress: true
job-core	Checkout code	2025-10-07T12:27:35.9824788Z   lfs: false
job-core	Checkout code	2025-10-07T12:27:35.9825620Z   submodules: false
job-core	Checkout code	2025-10-07T12:27:35.9826497Z   set-safe-directory: true
job-core	Checkout code	2025-10-07T12:27:35.9843427Z env:
job-core	Checkout code	2025-10-07T12:27:35.9845784Z   GITHUB_TOKEN: ***
job-core	Checkout code	2025-10-07T12:27:35.9846813Z   KAOS_MODULE: [Ka0s] Personalized Image Runners
job-core	Checkout code	2025-10-07T12:27:35.9848121Z   KAOS_CODE: 18312611942
job-core	Checkout code	2025-10-07T12:27:35.9849072Z   KAOS_PATH_SCAN: audit/scan/
job-core	Checkout code	2025-10-07T12:27:35.9850089Z ##[endgroup]
job-core	Checkout code	2025-10-07T12:27:36.3202281Z Syncing repository: Ka0s-Klaus/ka0s
job-core	Checkout code	2025-10-07T12:27:36.3205632Z ##[group]Getting Git version info
job-core	Checkout code	2025-10-07T12:27:36.3206945Z Working directory is '/home/runner/_work/ka0s/ka0s'
job-core	Checkout code	2025-10-07T12:27:36.3209183Z [command]/usr/bin/git version
job-core	Checkout code	2025-10-07T12:27:36.3210190Z git version 2.51.0
job-core	Checkout code	2025-10-07T12:27:36.3281405Z ##[endgroup]
job-core	Checkout code	2025-10-07T12:27:36.3437466Z Temporarily overriding HOME='/home/runner/_work/_temp/bcc3e91d-9660-45ae-bf5d-5dab70f73bca' before making global git config changes
job-core	Checkout code	2025-10-07T12:27:36.3440515Z Adding repository directory to the temporary git global config as a safe directory
job-core	Checkout code	2025-10-07T12:27:36.3442725Z [command]/usr/bin/git config --global --add safe.directory /home/runner/_work/ka0s/ka0s
job-core	Checkout code	2025-10-07T12:27:36.3445945Z Deleting the contents of '/home/runner/_work/ka0s/ka0s'
job-core	Checkout code	2025-10-07T12:27:36.3448076Z ##[group]Initializing the repository
job-core	Checkout code	2025-10-07T12:27:36.3449439Z [command]/usr/bin/git init /home/runner/_work/ka0s/ka0s
job-core	Checkout code	2025-10-07T12:27:36.3451493Z hint: Using 'master' as the name for the initial branch. This default branch name
job-core	Checkout code	2025-10-07T12:27:36.3681863Z hint: is subject to change. To configure the initial branch name to use in all
job-core	Checkout code	2025-10-07T12:27:36.3683992Z hint: of your new repositories, which will suppress this warning, call:
job-core	Checkout code	2025-10-07T12:27:36.3685526Z hint:
job-core	Checkout code	2025-10-07T12:27:36.3686580Z hint: 	git config --global init.defaultBranch <name>
job-core	Checkout code	2025-10-07T12:27:36.3687983Z hint:
job-core	Checkout code	2025-10-07T12:27:36.3689167Z hint: Names commonly chosen instead of 'master' are 'main', 'trunk' and
job-core	Checkout code	2025-10-07T12:27:36.3691076Z hint: 'development'. The just-created branch can be renamed via this command:
job-core	Checkout code	2025-10-07T12:27:36.3692604Z hint:
job-core	Checkout code	2025-10-07T12:27:36.3693427Z hint: 	git branch -m <name>
job-core	Checkout code	2025-10-07T12:27:36.3694439Z hint:
job-core	Checkout code	2025-10-07T12:27:36.3695736Z hint: Disable this message with "git config set advice.defaultBranchName false"
job-core	Checkout code	2025-10-07T12:27:36.3697851Z Initialized empty Git repository in /home/runner/_work/ka0s/ka0s/.git/
job-core	Checkout code	2025-10-07T12:27:36.3846280Z [command]/usr/bin/git remote add origin https://github.com/Ka0s-Klaus/ka0s
job-core	Checkout code	2025-10-07T12:27:36.3850438Z ##[endgroup]
job-core	Checkout code	2025-10-07T12:27:36.3851976Z ##[group]Disabling automatic garbage collection
job-core	Checkout code	2025-10-07T12:27:36.3853303Z [command]/usr/bin/git config --local gc.auto 0
job-core	Checkout code	2025-10-07T12:27:36.3856073Z ##[endgroup]
job-core	Checkout code	2025-10-07T12:27:36.3857525Z ##[group]Setting up auth
job-core	Checkout code	2025-10-07T12:27:36.3858940Z [command]/usr/bin/git config --local --name-only --get-regexp core\.sshCommand
job-core	Checkout code	2025-10-07T12:27:36.3973333Z [command]/usr/bin/git submodule foreach --recursive sh -c "git config --local --name-only --get-regexp 'core\.sshCommand' && git config --local --unset-all 'core.sshCommand' || :"
job-core	Checkout code	2025-10-07T12:27:36.5564371Z [command]/usr/bin/git config --local --name-only --get-regexp http\.https\:\/\/github\.com\/\.extraheader
job-core	Checkout code	2025-10-07T12:27:36.5704651Z [command]/usr/bin/git submodule foreach --recursive sh -c "git config --local --name-only --get-regexp 'http\.https\:\/\/github\.com\/\.extraheader' && git config --local --unset-all 'http.https://github.com/.extraheader' || :"
job-core	Checkout code	2025-10-07T12:27:36.7850847Z [command]/usr/bin/git config --local http.https://github.com/.extraheader AUTHORIZATION: basic ***
job-core	Checkout code	2025-10-07T12:27:36.8075269Z ##[endgroup]
job-core	Checkout code	2025-10-07T12:27:36.8097875Z ##[group]Fetching the repository
job-core	Checkout code	2025-10-07T12:27:36.8131860Z [command]/usr/bin/git -c protocol.version=2 fetch --prune --no-recurse-submodules origin +refs/heads/*:refs/remotes/origin/* +refs/tags/*:refs/tags/*
job-core	Checkout code	2025-10-07T12:28:23.9287483Z From https://github.com/Ka0s-Klaus/ka0s
job-core	Checkout code	2025-10-07T12:28:23.9288311Z  * [new branch]        F1149-desarrollo-de-orchestrator -> origin/F1149-desarrollo-de-orchestrator
job-core	Checkout code	2025-10-07T12:28:23.9289410Z  * [new branch]        F1183-personalizaci√≥n-m√≥dulo-finops -> origin/F1183-personalizaci√≥n-m√≥dulo-finops
job-core	Checkout code	2025-10-07T12:28:23.9290123Z  * [new branch]        F1224-new-module-mongodb -> origin/F1224-new-module-mongodb
job-core	Checkout code	2025-10-07T12:28:23.9290707Z  * [new branch]        F220-web-de-resultados  -> origin/F220-web-de-resultados
job-core	Checkout code	2025-10-07T12:28:23.9291577Z  * [new branch]        F227-despliegue-de-kube-independiente-del-clouder -> origin/F227-despliegue-de-kube-independiente-del-clouder
job-core	Checkout code	2025-10-07T12:28:23.9292538Z  * [new branch]        F329-documentacion-metodologia-de-kaos -> origin/F329-documentacion-metodologia-de-kaos
job-core	Checkout code	2025-10-07T12:28:23.9293463Z  * [new branch]        F44-creaci√≥n-m√≥dulo-versionado -> origin/F44-creaci√≥n-m√≥dulo-versionado
job-core	Checkout code	2025-10-07T12:28:23.9294304Z  * [new branch]        H1128-m√≥dulo-de-observabilidad -> origin/H1128-m√≥dulo-de-observabilidad
job-core	Checkout code	2025-10-07T12:28:23.9295105Z  * [new branch]        H1139-como-instalar-arc-control -> origin/H1139-como-instalar-arc-control
job-core	Checkout code	2025-10-07T12:28:23.9295850Z  * [new branch]        H1149-desarrollo-de-orchestrator -> origin/H1149-desarrollo-de-orchestrator
job-core	Checkout code	2025-10-07T12:28:23.9296572Z  * [new branch]        H1150-desarrollo-de-secciones -> origin/H1150-desarrollo-de-secciones
job-core	Checkout code	2025-10-07T12:28:23.9790872Z  * [new branch]        H1151-desarrollo-de-secciones-ii -> origin/H1151-desarrollo-de-secciones-ii
job-core	Checkout code	2025-10-07T12:28:23.9797718Z  * [new branch]        H1152-desarrollo-inicio -> origin/H1152-desarrollo-inicio
job-core	Checkout code	2025-10-07T12:28:23.9798968Z  * [new branch]        H1183-personalizaci√≥n-m√≥dulo-finops -> origin/H1183-personalizaci√≥n-m√≥dulo-finops
job-core	Checkout code	2025-10-07T12:28:23.9799812Z  * [new branch]        H1193-ejemplo-web-documentacion -> origin/H1193-ejemplo-web-documentacion
job-core	Checkout code	2025-10-07T12:28:23.9800454Z  * [new branch]        H1205-web-creation      -> origin/H1205-web-creation
job-core	Checkout code	2025-10-07T12:28:23.9801063Z  * [new branch]        H1224-new-module-mongodb -> origin/H1224-new-module-mongodb
job-core	Checkout code	2025-10-07T12:28:23.9801685Z  * [new branch]        H1410-modulo-execution  -> origin/H1410-modulo-execution
job-core	Checkout code	2025-10-07T12:28:23.9802684Z  * [new branch]        H1514-new-swarm-deployment-stack-with-actions-runners-autoscale -> origin/H1514-new-swarm-deployment-stack-with-actions-runners-autoscale
job-core	Checkout code	2025-10-07T12:28:23.9803763Z  * [new branch]        H1646-modulo-de-control-de-runners -> origin/H1646-modulo-de-control-de-runners
job-core	Checkout code	2025-10-07T12:28:23.9804861Z  * [new branch]        H215-modulo-de-summary  -> origin/H215-modulo-de-summary
job-core	Checkout code	2025-10-07T12:28:23.9805435Z  * [new branch]        H220-web-de-resultados  -> origin/H220-web-de-resultados
job-core	Checkout code	2025-10-07T12:28:23.9806254Z  * [new branch]        H227-despliegue-de-kube-independiente-del-clouder -> origin/H227-despliegue-de-kube-independiente-del-clouder
job-core	Checkout code	2025-10-07T12:28:23.9807126Z  * [new branch]        H306-ficheros-de-estadisticas -> origin/H306-ficheros-de-estadisticas
job-core	Checkout code	2025-10-07T12:28:23.9899011Z  * [new branch]        H328-documentacion-modulo-principal-de-kaos -> origin/H328-documentacion-modulo-principal-de-kaos
job-core	Checkout code	2025-10-07T12:28:23.9900070Z  * [new branch]        H329-documentacion-metodologia-de-kaos -> origin/H329-documentacion-metodologia-de-kaos
job-core	Checkout code	2025-10-07T12:28:23.9900964Z  * [new branch]        H338-relanzador-de-jobs-en-caso-de-pattern -> origin/H338-relanzador-de-jobs-en-caso-de-pattern
job-core	Checkout code	2025-10-07T12:28:23.9901843Z  * [new branch]        H38-documentacion-basica-del-proyecto -> origin/H38-documentacion-basica-del-proyecto
job-core	Checkout code	2025-10-07T12:28:23.9903302Z  * [new branch]        H44-creaci√≥n-m√≥dulo-versionado -> origin/H44-creaci√≥n-m√≥dulo-versionado
job-core	Checkout code	2025-10-07T12:28:23.9904090Z  * [new branch]        RN1149-desarrollo-de-orchestrator -> origin/RN1149-desarrollo-de-orchestrator
job-core	Checkout code	2025-10-07T12:28:23.9904965Z  * [new branch]        RN1183-personalizaci√≥n-m√≥dulo-finops -> origin/RN1183-personalizaci√≥n-m√≥dulo-finops
job-core	Checkout code	2025-10-07T12:28:23.9906034Z  * [new branch]        RN1282-ka0s-error-detected-in-ka0s-workflow-statistics-summary -> origin/RN1282-ka0s-error-detected-in-ka0s-workflow-statistics-summary
job-core	Checkout code	2025-10-07T12:28:23.9906963Z  * [new branch]        RN220-web-de-resultados -> origin/RN220-web-de-resultados
job-core	Checkout code	2025-10-07T12:28:23.9948534Z  * [new branch]        RN227-despliegue-de-kube-independiente-del-clouder -> origin/RN227-despliegue-de-kube-independiente-del-clouder
job-core	Checkout code	2025-10-07T12:28:23.9949670Z  * [new branch]        RN329-documentacion-metodologia-de-kaos -> origin/RN329-documentacion-metodologia-de-kaos
job-core	Checkout code	2025-10-07T12:28:23.9950406Z  * [new branch]        main                    -> origin/main
job-core	Checkout code	2025-10-07T12:28:23.9950842Z  * [new tag]           0.0.0                   -> 0.0.0
job-core	Checkout code	2025-10-07T12:28:23.9951247Z  * [new tag]           0.0.1                   -> 0.0.1
job-core	Checkout code	2025-10-07T12:28:23.9951667Z  * [new tag]           0.0.10                  -> 0.0.10
job-core	Checkout code	2025-10-07T12:28:23.9952124Z  * [new tag]           0.0.100                 -> 0.0.100
job-core	Checkout code	2025-10-07T12:28:23.9952575Z  * [new tag]           0.0.101                 -> 0.0.101
job-core	Checkout code	2025-10-07T12:28:23.9953018Z  * [new tag]           0.0.102                 -> 0.0.102
job-core	Checkout code	2025-10-07T12:28:23.9953451Z  * [new tag]           0.0.103                 -> 0.0.103
job-core	Checkout code	2025-10-07T12:28:23.9953869Z  * [new tag]           0.0.104                 -> 0.0.104
job-core	Checkout code	2025-10-07T12:28:23.9954276Z  * [new tag]           0.0.105                 -> 0.0.105
job-core	Checkout code	2025-10-07T12:28:23.9954684Z  * [new tag]           0.0.106                 -> 0.0.106
job-core	Checkout code	2025-10-07T12:28:23.9955103Z  * [new tag]           0.0.107                 -> 0.0.107
job-core	Checkout code	2025-10-07T12:28:23.9955519Z  * [new tag]           0.0.108                 -> 0.0.108
job-core	Checkout code	2025-10-07T12:28:23.9955927Z  * [new tag]           0.0.109                 -> 0.0.109
job-core	Checkout code	2025-10-07T12:28:23.9956358Z  * [new tag]           0.0.11                  -> 0.0.11
job-core	Checkout code	2025-10-07T12:28:23.9956962Z  * [new tag]           0.0.110                 -> 0.0.110
job-core	Checkout code	2025-10-07T12:28:23.9957609Z  * [new tag]           0.0.111                 -> 0.0.111
job-core	Checkout code	2025-10-07T12:28:23.9958052Z  * [new tag]           0.0.112                 -> 0.0.112
job-core	Checkout code	2025-10-07T12:28:23.9958960Z  * [new tag]           0.0.113                 -> 0.0.113
job-core	Checkout code	2025-10-07T12:28:23.9959635Z  * [new tag]           0.0.114                 -> 0.0.114
job-core	Checkout code	2025-10-07T12:28:23.9960048Z  * [new tag]           0.0.115                 -> 0.0.115
job-core	Checkout code	2025-10-07T12:28:23.9960461Z  * [new tag]           0.0.116                 -> 0.0.116
job-core	Checkout code	2025-10-07T12:28:23.9960865Z  * [new tag]           0.0.117                 -> 0.0.117
job-core	Checkout code	2025-10-07T12:28:23.9961588Z  * [new tag]           0.0.118                 -> 0.0.118
job-core	Checkout code	2025-10-07T12:28:23.9962005Z  * [new tag]           0.0.119                 -> 0.0.119
job-core	Checkout code	2025-10-07T12:28:23.9962424Z  * [new tag]           0.0.12                  -> 0.0.12
job-core	Checkout code	2025-10-07T12:28:23.9962831Z  * [new tag]           0.0.120                 -> 0.0.120
job-core	Checkout code	2025-10-07T12:28:23.9963243Z  * [new tag]           0.0.121                 -> 0.0.121
job-core	Checkout code	2025-10-07T12:28:23.9963651Z  * [new tag]           0.0.122                 -> 0.0.122
job-core	Checkout code	2025-10-07T12:28:23.9964095Z  * [new tag]           0.0.123                 -> 0.0.123
job-core	Checkout code	2025-10-07T12:28:23.9964595Z  * [new tag]           0.0.124                 -> 0.0.124
job-core	Checkout code	2025-10-07T12:28:23.9965004Z  * [new tag]           0.0.125                 -> 0.0.125
job-core	Checkout code	2025-10-07T12:28:23.9965414Z  * [new tag]           0.0.126                 -> 0.0.126
job-core	Checkout code	2025-10-07T12:28:23.9965820Z  * [new tag]           0.0.127                 -> 0.0.127
job-core	Checkout code	2025-10-07T12:28:23.9966230Z  * [new tag]           0.0.128                 -> 0.0.128
job-core	Checkout code	2025-10-07T12:28:23.9966795Z  * [new tag]           0.0.129                 -> 0.0.129
job-core	Checkout code	2025-10-07T12:28:23.9967215Z  * [new tag]           0.0.13                  -> 0.0.13
job-core	Checkout code	2025-10-07T12:28:23.9967756Z  * [new tag]           0.0.130                 -> 0.0.130
job-core	Checkout code	2025-10-07T12:28:23.9968189Z  * [new tag]           0.0.131                 -> 0.0.131
job-core	Checkout code	2025-10-07T12:28:23.9968624Z  * [new tag]           0.0.132                 -> 0.0.132
job-core	Checkout code	2025-10-07T12:28:23.9969032Z  * [new tag]           0.0.133                 -> 0.0.133
job-core	Checkout code	2025-10-07T12:28:23.9969441Z  * [new tag]           0.0.134                 -> 0.0.134
job-core	Checkout code	2025-10-07T12:28:23.9969847Z  * [new tag]           0.0.135                 -> 0.0.135
job-core	Checkout code	2025-10-07T12:28:23.9970254Z  * [new tag]           0.0.136                 -> 0.0.136
job-core	Checkout code	2025-10-07T12:28:23.9970691Z  * [new tag]           0.0.137                 -> 0.0.137
job-core	Checkout code	2025-10-07T12:28:23.9971116Z  * [new tag]           0.0.138                 -> 0.0.138
job-core	Checkout code	2025-10-07T12:28:23.9971560Z  * [new tag]           0.0.139                 -> 0.0.139
job-core	Checkout code	2025-10-07T12:28:23.9972018Z  * [new tag]           0.0.14                  -> 0.0.14
job-core	Checkout code	2025-10-07T12:28:23.9972483Z  * [new tag]           0.0.140                 -> 0.0.140
job-core	Checkout code	2025-10-07T12:28:23.9972913Z  * [new tag]           0.0.141                 -> 0.0.141
job-core	Checkout code	2025-10-07T12:28:23.9973344Z  * [new tag]           0.0.142                 -> 0.0.142
job-core	Checkout code	2025-10-07T12:28:23.9973782Z  * [new tag]           0.0.143                 -> 0.0.143
job-core	Checkout code	2025-10-07T12:28:23.9974209Z  * [new tag]           0.0.144                 -> 0.0.144
job-core	Checkout code	2025-10-07T12:28:23.9974653Z  * [new tag]           0.0.145                 -> 0.0.145
job-core	Checkout code	2025-10-07T12:28:23.9975086Z  * [new tag]           0.0.146                 -> 0.0.146
job-core	Checkout code	2025-10-07T12:28:23.9975513Z  * [new tag]           0.0.147                 -> 0.0.147
job-core	Checkout code	2025-10-07T12:28:23.9975958Z  * [new tag]           0.0.148                 -> 0.0.148
job-core	Checkout code	2025-10-07T12:28:23.9976399Z  * [new tag]           0.0.149                 -> 0.0.149
job-core	Checkout code	2025-10-07T12:28:23.9976856Z  * [new tag]           0.0.15                  -> 0.0.15
job-core	Checkout code	2025-10-07T12:28:24.0079862Z  * [new tag]           0.0.150                 -> 0.0.150
job-core	Checkout code	2025-10-07T12:28:24.0080799Z  * [new tag]           0.0.151                 -> 0.0.151
job-core	Checkout code	2025-10-07T12:28:24.0082713Z  * [new tag]           0.0.152                 -> 0.0.152
job-core	Checkout code	2025-10-07T12:28:24.0083139Z  * [new tag]           0.0.153                 -> 0.0.153
job-core	Checkout code	2025-10-07T12:28:24.0108065Z  * [new tag]           0.0.154                 -> 0.0.154
job-core	Checkout code	2025-10-07T12:28:24.0108703Z  * [new tag]           0.0.155                 -> 0.0.155
job-core	Checkout code	2025-10-07T12:28:24.0109144Z  * [new tag]           0.0.156                 -> 0.0.156
job-core	Checkout code	2025-10-07T12:28:24.0109568Z  * [new tag]           0.0.157                 -> 0.0.157
job-core	Checkout code	2025-10-07T12:28:24.0109977Z  * [new tag]           0.0.158                 -> 0.0.158
job-core	Checkout code	2025-10-07T12:28:24.0110383Z  * [new tag]           0.0.159                 -> 0.0.159
job-core	Checkout code	2025-10-07T12:28:24.0110797Z  * [new tag]           0.0.16                  -> 0.0.16
job-core	Checkout code	2025-10-07T12:28:24.0111556Z  * [new tag]           0.0.160                 -> 0.0.160
job-core	Checkout code	2025-10-07T12:28:24.0111981Z  * [new tag]           0.0.161                 -> 0.0.161
job-core	Checkout code	2025-10-07T12:28:24.0112394Z  * [new tag]           0.0.162                 -> 0.0.162
job-core	Checkout code	2025-10-07T12:28:24.0112804Z  * [new tag]           0.0.163                 -> 0.0.163
job-core	Checkout code	2025-10-07T12:28:24.0113218Z  * [new tag]           0.0.164                 -> 0.0.164
job-core	Checkout code	2025-10-07T12:28:24.0113627Z  * [new tag]           0.0.165                 -> 0.0.165
job-core	Checkout code	2025-10-07T12:28:24.0114037Z  * [new tag]           0.0.166                 -> 0.0.166
job-core	Checkout code	2025-10-07T12:28:24.0114458Z  * [new tag]           0.0.167                 -> 0.0.167
job-core	Checkout code	2025-10-07T12:28:24.0114866Z  * [new tag]           0.0.168                 -> 0.0.168
job-core	Checkout code	2025-10-07T12:28:24.0115277Z  * [new tag]           0.0.169                 -> 0.0.169
job-core	Checkout code	2025-10-07T12:28:24.0115702Z  * [new tag]           0.0.17                  -> 0.0.17
job-core	Checkout code	2025-10-07T12:28:24.0116143Z  * [new tag]           0.0.170                 -> 0.0.170
job-core	Checkout code	2025-10-07T12:28:24.0116786Z  * [new tag]           0.0.171                 -> 0.0.171
job-core	Checkout code	2025-10-07T12:28:24.0117206Z  * [new tag]           0.0.172                 -> 0.0.172
job-core	Checkout code	2025-10-07T12:28:24.0117731Z  * [new tag]           0.0.173                 -> 0.0.173
job-core	Checkout code	2025-10-07T12:28:24.0118157Z  * [new tag]           0.0.174                 -> 0.0.174
job-core	Checkout code	2025-10-07T12:28:24.0118574Z  * [new tag]           0.0.175                 -> 0.0.175
job-core	Checkout code	2025-10-07T12:28:24.0119005Z  * [new tag]           0.0.176                 -> 0.0.176
job-core	Checkout code	2025-10-07T12:28:24.0119482Z  * [new tag]           0.0.177                 -> 0.0.177
job-core	Checkout code	2025-10-07T12:28:24.0119945Z  * [new tag]           0.0.178                 -> 0.0.178
job-core	Checkout code	2025-10-07T12:28:24.0120434Z  * [new tag]           0.0.179                 -> 0.0.179
job-core	Checkout code	2025-10-07T12:28:24.0120912Z  * [new tag]           0.0.18                  -> 0.0.18
job-core	Checkout code	2025-10-07T12:28:24.0121400Z  * [new tag]           0.0.19                  -> 0.0.19
job-core	Checkout code	2025-10-07T12:28:24.0121852Z  * [new tag]           0.0.2                   -> 0.0.2
job-core	Checkout code	2025-10-07T12:28:24.0122323Z  * [new tag]           0.0.20                  -> 0.0.20
job-core	Checkout code	2025-10-07T12:28:24.0122743Z  * [new tag]           0.0.21                  -> 0.0.21
job-core	Checkout code	2025-10-07T12:28:24.0123174Z  * [new tag]           0.0.22                  -> 0.0.22
job-core	Checkout code	2025-10-07T12:28:24.0123601Z  * [new tag]           0.0.23                  -> 0.0.23
job-core	Checkout code	2025-10-07T12:28:24.0124010Z  * [new tag]           0.0.24                  -> 0.0.24
job-core	Checkout code	2025-10-07T12:28:24.0201445Z  * [new tag]           0.0.25                  -> 0.0.25
job-core	Checkout code	2025-10-07T12:28:24.0202116Z  * [new tag]           0.0.26                  -> 0.0.26
job-core	Checkout code	2025-10-07T12:28:24.0202571Z  * [new tag]           0.0.27                  -> 0.0.27
job-core	Checkout code	2025-10-07T12:28:24.0203007Z  * [new tag]           0.0.28                  -> 0.0.28
job-core	Checkout code	2025-10-07T12:28:24.0203425Z  * [new tag]           0.0.29                  -> 0.0.29
job-core	Checkout code	2025-10-07T12:28:24.0203852Z  * [new tag]           0.0.3                   -> 0.0.3
job-core	Checkout code	2025-10-07T12:28:24.0204290Z  * [new tag]           0.0.30                  -> 0.0.30
job-core	Checkout code	2025-10-07T12:28:24.0204770Z  * [new tag]           0.0.31                  -> 0.0.31
job-core	Checkout code	2025-10-07T12:28:24.0205173Z  * [new tag]           0.0.32                  -> 0.0.32
job-core	Checkout code	2025-10-07T12:28:24.0205589Z  * [new tag]           0.0.33                  -> 0.0.33
job-core	Checkout code	2025-10-07T12:28:24.0206010Z  * [new tag]           0.0.34                  -> 0.0.34
job-core	Checkout code	2025-10-07T12:28:24.0206424Z  * [new tag]           0.0.35                  -> 0.0.35
job-core	Checkout code	2025-10-07T12:28:24.0206846Z  * [new tag]           0.0.36                  -> 0.0.36
job-core	Checkout code	2025-10-07T12:28:24.0207294Z  * [new tag]           0.0.37                  -> 0.0.37
job-core	Checkout code	2025-10-07T12:28:24.0359882Z  * [new tag]           0.0.38                  -> 0.0.38
job-core	Checkout code	2025-10-07T12:28:24.0360408Z  * [new tag]           0.0.39                  -> 0.0.39
job-core	Checkout code	2025-10-07T12:28:24.0360811Z  * [new tag]           0.0.4                   -> 0.0.4
job-core	Checkout code	2025-10-07T12:28:24.0361214Z  * [new tag]           0.0.40                  -> 0.0.40
job-core	Checkout code	2025-10-07T12:28:24.0361634Z  * [new tag]           0.0.41                  -> 0.0.41
job-core	Checkout code	2025-10-07T12:28:24.0362388Z  * [new tag]           0.0.42                  -> 0.0.42
job-core	Checkout code	2025-10-07T12:28:24.0362791Z  * [new tag]           0.0.43                  -> 0.0.43
job-core	Checkout code	2025-10-07T12:28:24.0363201Z  * [new tag]           0.0.44                  -> 0.0.44
job-core	Checkout code	2025-10-07T12:28:24.0363605Z  * [new tag]           0.0.45                  -> 0.0.45
job-core	Checkout code	2025-10-07T12:28:24.0364005Z  * [new tag]           0.0.46                  -> 0.0.46
job-core	Checkout code	2025-10-07T12:28:24.0364411Z  * [new tag]           0.0.47                  -> 0.0.47
job-core	Checkout code	2025-10-07T12:28:24.0364832Z  * [new tag]           0.0.48                  -> 0.0.48
job-core	Checkout code	2025-10-07T12:28:24.0365256Z  * [new tag]           0.0.49                  -> 0.0.49
job-core	Checkout code	2025-10-07T12:28:24.0365680Z  * [new tag]           0.0.5                   -> 0.0.5
job-core	Checkout code	2025-10-07T12:28:24.0366097Z  * [new tag]           0.0.50                  -> 0.0.50
job-core	Checkout code	2025-10-07T12:28:24.0366525Z  * [new tag]           0.0.51                  -> 0.0.51
job-core	Checkout code	2025-10-07T12:28:24.0366943Z  * [new tag]           0.0.52                  -> 0.0.52
job-core	Checkout code	2025-10-07T12:28:24.0488570Z  * [new tag]           0.0.53                  -> 0.0.53
job-core	Checkout code	2025-10-07T12:28:24.0489167Z  * [new tag]           0.0.54                  -> 0.0.54
job-core	Checkout code	2025-10-07T12:28:24.0489586Z  * [new tag]           0.0.55                  -> 0.0.55
job-core	Checkout code	2025-10-07T12:28:24.0490017Z  * [new tag]           0.0.56                  -> 0.0.56
job-core	Checkout code	2025-10-07T12:28:24.0490451Z  * [new tag]           0.0.57                  -> 0.0.57
job-core	Checkout code	2025-10-07T12:28:24.0490873Z  * [new tag]           0.0.58                  -> 0.0.58
job-core	Checkout code	2025-10-07T12:28:24.0491292Z  * [new tag]           0.0.59                  -> 0.0.59
job-core	Checkout code	2025-10-07T12:28:24.0491735Z  * [new tag]           0.0.6                   -> 0.0.6
job-core	Checkout code	2025-10-07T12:28:24.0492161Z  * [new tag]           0.0.60                  -> 0.0.60
job-core	Checkout code	2025-10-07T12:28:24.0492586Z  * [new tag]           0.0.61                  -> 0.0.61
job-core	Checkout code	2025-10-07T12:28:24.0493034Z  * [new tag]           0.0.62                  -> 0.0.62
job-core	Checkout code	2025-10-07T12:28:24.0493539Z  * [new tag]           0.0.63                  -> 0.0.63
job-core	Checkout code	2025-10-07T12:28:24.0493988Z  * [new tag]           0.0.64                  -> 0.0.64
job-core	Checkout code	2025-10-07T12:28:24.0494446Z  * [new tag]           0.0.65                  -> 0.0.65
job-core	Checkout code	2025-10-07T12:28:24.0494891Z  * [new tag]           0.0.66                  -> 0.0.66
job-core	Checkout code	2025-10-07T12:28:24.0495315Z  * [new tag]           0.0.67                  -> 0.0.67
job-core	Checkout code	2025-10-07T12:28:24.0495751Z  * [new tag]           0.0.68                  -> 0.0.68
job-core	Checkout code	2025-10-07T12:28:24.0496183Z  * [new tag]           0.0.69                  -> 0.0.69
job-core	Checkout code	2025-10-07T12:28:24.0496618Z  * [new tag]           0.0.7                   -> 0.0.7
job-core	Checkout code	2025-10-07T12:28:24.0497056Z  * [new tag]           0.0.70                  -> 0.0.70
job-core	Checkout code	2025-10-07T12:28:24.0497654Z  * [new tag]           0.0.71                  -> 0.0.71
job-core	Checkout code	2025-10-07T12:28:24.0498094Z  * [new tag]           0.0.72                  -> 0.0.72
job-core	Checkout code	2025-10-07T12:28:24.0498537Z  * [new tag]           0.0.73                  -> 0.0.73
job-core	Checkout code	2025-10-07T12:28:24.0499001Z  * [new tag]           0.0.74                  -> 0.0.74
job-core	Checkout code	2025-10-07T12:28:24.0499449Z  * [new tag]           0.0.75                  -> 0.0.75
job-core	Checkout code	2025-10-07T12:28:24.0499890Z  * [new tag]           0.0.76                  -> 0.0.76
job-core	Checkout code	2025-10-07T12:28:24.0500329Z  * [new tag]           0.0.77                  -> 0.0.77
job-core	Checkout code	2025-10-07T12:28:24.0500755Z  * [new tag]           0.0.78                  -> 0.0.78
job-core	Checkout code	2025-10-07T12:28:24.0501191Z  * [new tag]           0.0.79                  -> 0.0.79
job-core	Checkout code	2025-10-07T12:28:24.0501610Z  * [new tag]           0.0.8                   -> 0.0.8
job-core	Checkout code	2025-10-07T12:28:24.0502015Z  * [new tag]           0.0.80                  -> 0.0.80
job-core	Checkout code	2025-10-07T12:28:24.0502416Z  * [new tag]           0.0.81                  -> 0.0.81
job-core	Checkout code	2025-10-07T12:28:24.0502813Z  * [new tag]           0.0.82                  -> 0.0.82
job-core	Checkout code	2025-10-07T12:28:24.0503240Z  * [new tag]           0.0.83                  -> 0.0.83
job-core	Checkout code	2025-10-07T12:28:24.0552349Z  * [new tag]           0.0.84                  -> 0.0.84
job-core	Checkout code	2025-10-07T12:28:24.0553245Z  * [new tag]           0.0.85                  -> 0.0.85
job-core	Checkout code	2025-10-07T12:28:24.0553671Z  * [new tag]           0.0.86                  -> 0.0.86
job-core	Checkout code	2025-10-07T12:28:24.0554072Z  * [new tag]           0.0.87                  -> 0.0.87
job-core	Checkout code	2025-10-07T12:28:24.0554487Z  * [new tag]           0.0.88                  -> 0.0.88
job-core	Checkout code	2025-10-07T12:28:24.0554909Z  * [new tag]           0.0.89                  -> 0.0.89
job-core	Checkout code	2025-10-07T12:28:24.0555344Z  * [new tag]           0.0.9                   -> 0.0.9
job-core	Checkout code	2025-10-07T12:28:24.0555765Z  * [new tag]           0.0.90                  -> 0.0.90
job-core	Checkout code	2025-10-07T12:28:24.0564918Z  * [new tag]           0.0.91                  -> 0.0.91
job-core	Checkout code	2025-10-07T12:28:24.0565660Z  * [new tag]           0.0.92                  -> 0.0.92
job-core	Checkout code	2025-10-07T12:28:24.0567030Z  * [new tag]           0.0.93                  -> 0.0.93
job-core	Checkout code	2025-10-07T12:28:24.0567746Z  * [new tag]           0.0.94                  -> 0.0.94
job-core	Checkout code	2025-10-07T12:28:24.0569244Z  * [new tag]           0.0.95                  -> 0.0.95
job-core	Checkout code	2025-10-07T12:28:24.0573214Z  * [new tag]           0.0.96                  -> 0.0.96
job-core	Checkout code	2025-10-07T12:28:24.0579768Z  * [new tag]           0.0.97                  -> 0.0.97
job-core	Checkout code	2025-10-07T12:28:24.0729514Z  * [new tag]           0.0.98                  -> 0.0.98
job-core	Checkout code	2025-10-07T12:28:24.0730174Z  * [new tag]           0.0.99                  -> 0.0.99
job-core	Checkout code	2025-10-07T12:28:24.0730595Z  * [new tag]           0.1.0                   -> 0.1.0
job-core	Checkout code	2025-10-07T12:28:24.0731027Z  * [new tag]           0.1.1                   -> 0.1.1
job-core	Checkout code	2025-10-07T12:28:24.0731429Z  * [new tag]           0.2.0                   -> 0.2.0
job-core	Checkout code	2025-10-07T12:28:24.0731841Z  * [new tag]           0.3.0                   -> 0.3.0
job-core	Checkout code	2025-10-07T12:28:24.0732243Z  * [new tag]           0.3.1                   -> 0.3.1
job-core	Checkout code	2025-10-07T12:28:24.0732644Z  * [new tag]           0.3.10                  -> 0.3.10
job-core	Checkout code	2025-10-07T12:28:24.0733057Z  * [new tag]           0.3.11                  -> 0.3.11
job-core	Checkout code	2025-10-07T12:28:24.0733457Z  * [new tag]           0.3.12                  -> 0.3.12
job-core	Checkout code	2025-10-07T12:28:24.0733925Z  * [new tag]           0.3.13                  -> 0.3.13
job-core	Checkout code	2025-10-07T12:28:24.0734371Z  * [new tag]           0.3.14                  -> 0.3.14
job-core	Checkout code	2025-10-07T12:28:24.0734786Z  * [new tag]           0.3.15                  -> 0.3.15
job-core	Checkout code	2025-10-07T12:28:24.0735192Z  * [new tag]           0.3.16                  -> 0.3.16
job-core	Checkout code	2025-10-07T12:28:24.0735598Z  * [new tag]           0.3.17                  -> 0.3.17
job-core	Checkout code	2025-10-07T12:28:24.0736007Z  * [new tag]           0.3.2                   -> 0.3.2
job-core	Checkout code	2025-10-07T12:28:24.0736414Z  * [new tag]           0.3.3                   -> 0.3.3
job-core	Checkout code	2025-10-07T12:28:24.0736825Z  * [new tag]           0.3.4                   -> 0.3.4
job-core	Checkout code	2025-10-07T12:28:24.0737234Z  * [new tag]           0.3.5                   -> 0.3.5
job-core	Checkout code	2025-10-07T12:28:24.0790211Z  * [new tag]           0.3.6                   -> 0.3.6
job-core	Checkout code	2025-10-07T12:28:24.0790792Z  * [new tag]           0.3.7                   -> 0.3.7
job-core	Checkout code	2025-10-07T12:28:24.0791198Z  * [new tag]           0.3.8                   -> 0.3.8
job-core	Checkout code	2025-10-07T12:28:24.0791648Z  * [new tag]           0.3.9                   -> 0.3.9
job-core	Checkout code	2025-10-07T12:28:24.0792088Z  * [new tag]           0.4.0                   -> 0.4.0
job-core	Checkout code	2025-10-07T12:28:24.0792509Z  * [new tag]           0.4.1                   -> 0.4.1
job-core	Checkout code	2025-10-07T12:28:24.0793834Z  * [new tag]           0.4.10                  -> 0.4.10
job-core	Checkout code	2025-10-07T12:28:24.0794271Z  * [new tag]           0.4.2                   -> 0.4.2
job-core	Checkout code	2025-10-07T12:28:24.0794690Z  * [new tag]           0.4.3                   -> 0.4.3
job-core	Checkout code	2025-10-07T12:28:24.0795094Z  * [new tag]           0.4.4                   -> 0.4.4
job-core	Checkout code	2025-10-07T12:28:24.0795487Z  * [new tag]           0.4.5                   -> 0.4.5
job-core	Checkout code	2025-10-07T12:28:24.0795882Z  * [new tag]           0.4.6                   -> 0.4.6
job-core	Checkout code	2025-10-07T12:28:24.0796275Z  * [new tag]           0.4.7                   -> 0.4.7
job-core	Checkout code	2025-10-07T12:28:24.0796675Z  * [new tag]           0.4.8                   -> 0.4.8
job-core	Checkout code	2025-10-07T12:28:24.0797070Z  * [new tag]           0.4.9                   -> 0.4.9
job-core	Checkout code	2025-10-07T12:28:24.0852123Z [command]/usr/bin/git branch --list --remote origin/main
job-core	Checkout code	2025-10-07T12:28:24.1044044Z   origin/main
job-core	Checkout code	2025-10-07T12:28:24.1285197Z [command]/usr/bin/git rev-parse refs/remotes/origin/main
job-core	Checkout code	2025-10-07T12:28:24.1559108Z 9316ed4ff7ad07a29ef34fad28404975f8fcbe29
job-core	Checkout code	2025-10-07T12:28:24.1580387Z ##[endgroup]
job-core	Checkout code	2025-10-07T12:28:24.1602389Z ##[group]Determining the checkout info
job-core	Checkout code	2025-10-07T12:28:24.1617921Z ##[endgroup]
job-core	Checkout code	2025-10-07T12:28:24.1739392Z [command]/usr/bin/git sparse-checkout disable
job-core	Checkout code	2025-10-07T12:28:24.2492366Z [command]/usr/bin/git config --local --unset-all extensions.worktreeConfig
job-core	Checkout code	2025-10-07T12:28:24.2943078Z ##[group]Checking out the ref
job-core	Checkout code	2025-10-07T12:28:24.2944057Z [command]/usr/bin/git checkout --progress --force -B main refs/remotes/origin/main
job-core	Checkout code	2025-10-07T12:28:25.5449397Z Updating files:  66% (578/874)
job-core	Checkout code	2025-10-07T12:28:26.0628752Z Updating files:  67% (586/874)
job-core	Checkout code	2025-10-07T12:28:26.1721918Z Updating files:  68% (595/874)
job-core	Checkout code	2025-10-07T12:28:26.2571999Z Updating files:  69% (604/874)
job-core	Checkout code	2025-10-07T12:28:26.3500907Z Updating files:  70% (612/874)
job-core	Checkout code	2025-10-07T12:28:26.4729370Z Updating files:  71% (621/874)
job-core	Checkout code	2025-10-07T12:28:26.5430639Z Updating files:  72% (630/874)
job-core	Checkout code	2025-10-07T12:28:26.5434829Z Updating files:  73% (639/874)
job-core	Checkout code	2025-10-07T12:28:26.5456964Z Updating files:  74% (647/874)
job-core	Checkout code	2025-10-07T12:28:26.5579522Z Updating files:  75% (656/874)
job-core	Checkout code	2025-10-07T12:28:26.5580324Z Updating files:  76% (665/874)
job-core	Checkout code	2025-10-07T12:28:26.5580866Z Updating files:  77% (673/874)
job-core	Checkout code	2025-10-07T12:28:26.5581298Z Updating files:  78% (682/874)
job-core	Checkout code	2025-10-07T12:28:26.5757270Z Updating files:  79% (691/874)
job-core	Checkout code	2025-10-07T12:28:26.5771386Z Updating files:  80% (700/874)
job-core	Checkout code	2025-10-07T12:28:26.5795687Z Updating files:  81% (708/874)
job-core	Checkout code	2025-10-07T12:28:26.5796283Z Updating files:  82% (717/874)
job-core	Checkout code	2025-10-07T12:28:26.5796771Z Updating files:  83% (726/874)
job-core	Checkout code	2025-10-07T12:28:26.5850021Z Updating files:  84% (735/874)
job-core	Checkout code	2025-10-07T12:28:26.5883660Z Updating files:  85% (743/874)
job-core	Checkout code	2025-10-07T12:28:26.5884011Z Updating files:  86% (752/874)
job-core	Checkout code	2025-10-07T12:28:26.5884291Z Updating files:  87% (761/874)
job-core	Checkout code	2025-10-07T12:28:26.5884556Z Updating files:  88% (770/874)
job-core	Checkout code	2025-10-07T12:28:26.5910032Z Updating files:  89% (778/874)
job-core	Checkout code	2025-10-07T12:28:26.5910399Z Updating files:  90% (787/874)
job-core	Checkout code	2025-10-07T12:28:26.5910659Z Updating files:  91% (796/874)
job-core	Checkout code	2025-10-07T12:28:26.6002466Z Updating files:  92% (805/874)
job-core	Checkout code	2025-10-07T12:28:26.6003296Z Updating files:  93% (813/874)
job-core	Checkout code	2025-10-07T12:28:26.6003934Z Updating files:  94% (822/874)
job-core	Checkout code	2025-10-07T12:28:26.6004440Z Updating files:  95% (831/874)
job-core	Checkout code	2025-10-07T12:28:26.6004885Z Updating files:  96% (840/874)
job-core	Checkout code	2025-10-07T12:28:26.6005297Z Updating files:  97% (848/874)
job-core	Checkout code	2025-10-07T12:28:26.6005808Z Updating files:  98% (857/874)
job-core	Checkout code	2025-10-07T12:28:26.6006229Z Updating files:  99% (866/874)
job-core	Checkout code	2025-10-07T12:28:26.6029601Z Updating files: 100% (874/874)
job-core	Checkout code	2025-10-07T12:28:26.6030280Z Updating files: 100% (874/874), done.
job-core	Checkout code	2025-10-07T12:28:26.6406350Z Switched to a new branch 'main'
job-core	Checkout code	2025-10-07T12:28:26.6409977Z branch 'main' set up to track 'origin/main'.
job-core	Checkout code	2025-10-07T12:28:26.6545826Z ##[endgroup]
job-core	Checkout code	2025-10-07T12:28:26.6655949Z [command]/usr/bin/git log -1 --format=%H
job-core	Checkout code	2025-10-07T12:28:26.6666106Z 9316ed4ff7ad07a29ef34fad28404975f8fcbe29
job-core	Login to Docker Hub	Ôªø2025-10-07T12:28:26.7564321Z ##[group]Run docker/login-action@v3
job-core	Login to Docker Hub	2025-10-07T12:28:26.7564665Z with:
job-core	Login to Docker Hub	2025-10-07T12:28:26.7565227Z   username: ***
job-core	Login to Docker Hub	2025-10-07T12:28:26.7565537Z   password: ***
job-core	Login to Docker Hub	2025-10-07T12:28:26.7565753Z   logout: true
job-core	Login to Docker Hub	2025-10-07T12:28:26.7565946Z env:
job-core	Login to Docker Hub	2025-10-07T12:28:26.7566615Z   GITHUB_TOKEN: ***
job-core	Login to Docker Hub	2025-10-07T12:28:26.7566870Z   KAOS_MODULE: [Ka0s] Personalized Image Runners
job-core	Login to Docker Hub	2025-10-07T12:28:26.7567170Z   KAOS_CODE: 18312611942
job-core	Login to Docker Hub	2025-10-07T12:28:26.7634786Z   KAOS_PATH_SCAN: audit/scan/
job-core	Login to Docker Hub	2025-10-07T12:28:26.7635140Z ##[endgroup]
job-core	Login to Docker Hub	2025-10-07T12:28:27.4902685Z Logging into docker.io...
job-core	Login to Docker Hub	2025-10-07T12:28:28.6266336Z Login Succeeded!
job-core	Build image	Ôªø2025-10-07T12:28:28.6931583Z ##[group]Run # Construimos la imagen
job-core	Build image	2025-10-07T12:28:28.6932061Z [36;1m# Construimos la imagen[0m
job-core	Build image	2025-10-07T12:28:28.6932573Z [36;1msudo docker build -t itsm-runner:latest -f core/runner/itsm-runner//latest//Dockerfile . || true[0m
job-core	Build image	2025-10-07T12:28:28.6933454Z [36;1mecho "Se ha generado la imagen itsm-runner:latest...."[0m
job-core	Build image	2025-10-07T12:28:28.6933827Z [36;1msudo usermod -aG docker runner [0m
job-core	Build image	2025-10-07T12:28:28.6994841Z shell: /usr/bin/bash -e {0}
job-core	Build image	2025-10-07T12:28:28.6995159Z env:
job-core	Build image	2025-10-07T12:28:28.6995880Z   GITHUB_TOKEN: ***
job-core	Build image	2025-10-07T12:28:28.6996163Z   KAOS_MODULE: [Ka0s] Personalized Image Runners
job-core	Build image	2025-10-07T12:28:28.6996487Z   KAOS_CODE: 18312611942
job-core	Build image	2025-10-07T12:28:28.6996733Z   KAOS_PATH_SCAN: audit/scan/
job-core	Build image	2025-10-07T12:28:28.6997000Z ##[endgroup]
job-core	Build image	2025-10-07T12:28:29.7332313Z #0 building with "default" instance using docker driver
job-core	Build image	2025-10-07T12:28:29.7332619Z 
job-core	Build image	2025-10-07T12:28:29.7332767Z #1 [internal] load build definition from Dockerfile
job-core	Build image	2025-10-07T12:28:30.5938960Z #1 transferring dockerfile:
job-core	Build image	2025-10-07T12:28:30.7589184Z #1 transferring dockerfile: 859B 0.0s done
job-core	Build image	2025-10-07T12:28:30.8262358Z #1 DONE 1.2s
job-core	Build image	2025-10-07T12:28:30.9588295Z 
job-core	Build image	2025-10-07T12:28:30.9594882Z #2 [internal] load metadata for ghcr.io/actions/actions-runner:latest
job-core	Build image	2025-10-07T12:28:30.9595590Z #2 DONE 0.0s
job-core	Build image	2025-10-07T12:28:30.9595808Z 
job-core	Build image	2025-10-07T12:28:30.9595951Z #3 [internal] load .dockerignore
job-core	Build image	2025-10-07T12:28:30.9596261Z #3 transferring context: 2B done
job-core	Build image	2025-10-07T12:28:30.9596556Z #3 DONE 0.1s
job-core	Build image	2025-10-07T12:28:31.0671092Z 
job-core	Build image	2025-10-07T12:28:31.0675301Z #4 [1/6] FROM ghcr.io/actions/actions-runner:latest
job-core	Build image	2025-10-07T12:28:31.0682449Z #4 DONE 0.0s
job-core	Build image	2025-10-07T12:28:31.0682605Z 
job-core	Build image	2025-10-07T12:28:31.0683647Z #5 [2/4] RUN apt-get update &&     apt-get install -y --no-install-recommends net-tools nano acl jq python3 pip bc ca-certificates     tzdata apt-utils apt-transport-https curl wget git gnupg gh &&     openssl &&     dpkg-reconfigure --frontend noninteractive tzdata
job-core	Build image	2025-10-07T12:28:31.0685169Z #5 CACHED
job-core	Build image	2025-10-07T12:28:31.0685377Z 
job-core	Build image	2025-10-07T12:28:31.0686177Z #6 [3/4] RUN apt-get update &&     export DEBIAN_FRONTEND=noninteractive &&     ln -fs /usr/share/zoneinfo/Europe/Madrid /etc/localtime &&     dpkg-reconfigure --frontend noninteractive tzdata &&     apt-get upgrade -y
job-core	Build image	2025-10-07T12:28:31.0687264Z #6 CACHED
job-core	Build image	2025-10-07T12:28:31.0687611Z 
job-core	Build image	2025-10-07T12:28:31.0687754Z #7 [4/4] WORKDIR /home/runner
job-core	Build image	2025-10-07T12:28:31.0688031Z #7 CACHED
job-core	Build image	2025-10-07T12:28:31.0688173Z 
job-core	Build image	2025-10-07T12:28:31.0688259Z #8 exporting to image
job-core	Build image	2025-10-07T12:28:31.2859822Z #8 exporting layers done
job-core	Build image	2025-10-07T12:28:31.2860645Z #8 writing image sha256:4c3290409e036b2cf5078fa185d5ac2119e0af6c8c575c0e6c4bf099d15b3e46 done
job-core	Build image	2025-10-07T12:28:31.2862208Z #8 naming to docker.io/library/itsm-runner:latest done
job-core	Build image	2025-10-07T12:28:31.2868864Z #8 DONE 0.1s
job-core	Build image	2025-10-07T12:28:31.9865580Z Se ha generado la imagen itsm-runner:latest....
job-core	Install Trivy vulnerability scanner	Ôªø2025-10-07T12:28:32.0760777Z ##[group]Run # Instalamos Trivy directamente desde el script oficial
job-core	Install Trivy vulnerability scanner	2025-10-07T12:28:32.0761412Z [36;1m# Instalamos Trivy directamente desde el script oficial[0m
job-core	Install Trivy vulnerability scanner	2025-10-07T12:28:32.0762185Z [36;1mcurl -sfL https://raw.githubusercontent.com/aquasecurity/trivy/main/contrib/install.sh | sudo sh -s -- -b /usr/local/bin v0.48.3[0m
job-core	Install Trivy vulnerability scanner	2025-10-07T12:28:32.0762858Z [36;1m[0m
job-core	Install Trivy vulnerability scanner	2025-10-07T12:28:32.0763078Z [36;1m# Ejecutamos el escaneo de la imagen[0m
job-core	Install Trivy vulnerability scanner	2025-10-07T12:28:32.0763587Z [36;1msudo trivy image --severity HIGH,CRITICAL --ignore-unfixed --format table itsm-runner:latest[0m
job-core	Install Trivy vulnerability scanner	2025-10-07T12:28:32.0764377Z [36;1msudo trivy image --severity HIGH,CRITICAL --ignore-unfixed --format json itsm-runner:latest > audit/scan/18312611942.json[0m
job-core	Install Trivy vulnerability scanner	2025-10-07T12:28:32.0765077Z [36;1mecho "Subimos el scan_image_from_18312611942.json a la ruta audit/scan/"[0m
job-core	Install Trivy vulnerability scanner	2025-10-07T12:28:32.0765537Z [36;1mecho "Uploading files to the repository..."[0m
job-core	Install Trivy vulnerability scanner	2025-10-07T12:28:32.0766106Z [36;1mgit config --global user.name "***"[0m
job-core	Install Trivy vulnerability scanner	2025-10-07T12:28:32.0766532Z [36;1mgit config --global user.email "***"[0m
job-core	Install Trivy vulnerability scanner	2025-10-07T12:28:32.0766843Z [36;1mgit pull --rebase[0m
job-core	Install Trivy vulnerability scanner	2025-10-07T12:28:32.0847712Z [36;1mgit add audit/scan/*[0m
job-core	Install Trivy vulnerability scanner	2025-10-07T12:28:32.0848211Z [36;1mgit commit -m "[Ka0s] Add scan image from 18312611942" || echo "No changes to commit"[0m
job-core	Install Trivy vulnerability scanner	2025-10-07T12:28:32.0848957Z [36;1mMAX_RETRIES=3[0m
job-core	Install Trivy vulnerability scanner	2025-10-07T12:28:32.0849188Z [36;1mCOUNT=0[0m
job-core	Install Trivy vulnerability scanner	2025-10-07T12:28:32.0849507Z [36;1muntil git push origin refs/heads/main --force-with-lease; do[0m
job-core	Install Trivy vulnerability scanner	2025-10-07T12:28:32.0849894Z [36;1m  COUNT=$((COUNT+1))[0m
job-core	Install Trivy vulnerability scanner	2025-10-07T12:28:32.0850170Z [36;1m  if [ $COUNT -ge $MAX_RETRIES ]; then[0m
job-core	Install Trivy vulnerability scanner	2025-10-07T12:28:32.0850594Z [36;1m    echo "‚ùå Error: git push failed after $MAX_RETRIES attempts."[0m
job-core	Install Trivy vulnerability scanner	2025-10-07T12:28:32.0850975Z [36;1m    exit 1[0m
job-core	Install Trivy vulnerability scanner	2025-10-07T12:28:32.0851195Z [36;1m  fi[0m
job-core	Install Trivy vulnerability scanner	2025-10-07T12:28:32.0851486Z [36;1m  echo "‚ö†Ô∏è git push failed, retrying ($COUNT/$MAX_RETRIES)..."[0m
job-core	Install Trivy vulnerability scanner	2025-10-07T12:28:32.0851864Z [36;1m  git pull --rebase[0m
job-core	Install Trivy vulnerability scanner	2025-10-07T12:28:32.0852126Z [36;1m  sleep 2[0m
job-core	Install Trivy vulnerability scanner	2025-10-07T12:28:32.0852338Z [36;1mdone[0m
job-core	Install Trivy vulnerability scanner	2025-10-07T12:28:32.0956428Z shell: /usr/bin/bash -e {0}
job-core	Install Trivy vulnerability scanner	2025-10-07T12:28:32.0959240Z env:
job-core	Install Trivy vulnerability scanner	2025-10-07T12:28:32.0962608Z   GITHUB_TOKEN: ***
job-core	Install Trivy vulnerability scanner	2025-10-07T12:28:32.0965422Z   KAOS_MODULE: [Ka0s] Personalized Image Runners
job-core	Install Trivy vulnerability scanner	2025-10-07T12:28:32.0965760Z   KAOS_CODE: 18312611942
job-core	Install Trivy vulnerability scanner	2025-10-07T12:28:32.0968581Z   KAOS_PATH_SCAN: audit/scan/
job-core	Install Trivy vulnerability scanner	2025-10-07T12:28:32.0968857Z ##[endgroup]
job-core	Install Trivy vulnerability scanner	2025-10-07T12:28:32.3636840Z aquasecurity/trivy info checking GitHub for tag 'v0.48.3'
job-core	Install Trivy vulnerability scanner	2025-10-07T12:28:32.8881464Z aquasecurity/trivy info found version: 0.48.3 for v0.48.3/Linux/64bit
job-core	Install Trivy vulnerability scanner	2025-10-07T12:28:44.4182429Z aquasecurity/trivy info installed /usr/local/bin/trivy
job-core	Install Trivy vulnerability scanner	2025-10-07T12:28:46.7487660Z 2025-10-07T14:28:46.747+0200	[34mINFO[0m	Need to update DB
job-core	Install Trivy vulnerability scanner	2025-10-07T12:28:46.7508886Z 2025-10-07T14:28:46.747+0200	[34mINFO[0m	DB Repository: ghcr.io/aquasecurity/trivy-db
job-core	Install Trivy vulnerability scanner	2025-10-07T12:28:46.7509681Z 2025-10-07T14:28:46.747+0200	[34mINFO[0m	Downloading DB...
job-core	Install Trivy vulnerability scanner	2025-10-07T12:28:55.5114754Z 15.36 MiB / 72.11 MiB [------------>________________________________________________] 21.30% ? p/s ?24.94 MiB / 72.11 MiB [--------------------->_______________________________________] 34.58% ? p/s ?34.69 MiB / 72.11 MiB [----------------------------->_______________________________] 48.10% ? p/s ?46.42 MiB / 72.11 MiB [------------------------------>_________________] 64.38% 51.77 MiB p/s ETA 0s56.92 MiB / 72.11 MiB [------------------------------------->__________] 78.94% 51.77 MiB p/s ETA 0s67.55 MiB / 72.11 MiB [-------------------------------------------->___] 93.68% 51.77 MiB p/s ETA 0s72.11 MiB / 72.11 MiB [---------------------------------------------->] 100.00% 51.17 MiB p/s ETA 0s72.11 MiB / 72.11 MiB [---------------------------------------------->] 100.00% 51.17 MiB p/s ETA 0s72.11 MiB / 72.11 MiB [---------------------------------------------->] 100.00% 51.17 MiB p/s ETA 0s72.11 MiB / 72.11 MiB [---------------------------------------------->] 100.00% 47.87 MiB p/s ETA 0s72.11 MiB / 72.11 MiB [---------------------------------------------->] 100.00% 47.87 MiB p/s ETA 0s72.11 MiB / 72.11 MiB [---------------------------------------------->] 100.00% 47.87 MiB p/s ETA 0s72.11 MiB / 72.11 MiB [---------------------------------------------->] 100.00% 44.78 MiB p/s ETA 0s72.11 MiB / 72.11 MiB [---------------------------------------------->] 100.00% 44.78 MiB p/s ETA 0s72.11 MiB / 72.11 MiB [---------------------------------------------->] 100.00% 44.78 MiB p/s ETA 0s72.11 MiB / 72.11 MiB [---------------------------------------------->] 100.00% 41.89 MiB p/s ETA 0s72.11 MiB / 72.11 MiB [---------------------------------------------->] 100.00% 41.89 MiB p/s ETA 0s72.11 MiB / 72.11 MiB [---------------------------------------------->] 100.00% 41.89 MiB p/s ETA 0s72.11 MiB / 72.11 MiB [---------------------------------------------->] 100.00% 39.19 MiB p/s ETA 0s72.11 MiB / 72.11 MiB [---------------------------------------------->] 100.00% 39.19 MiB p/s ETA 0s72.11 MiB / 72.11 MiB [---------------------------------------------->] 100.00% 39.19 MiB p/s ETA 0s72.11 MiB / 72.11 MiB [---------------------------------------------->] 100.00% 36.66 MiB p/s ETA 0s72.11 MiB / 72.11 MiB [---------------------------------------------->] 100.00% 36.66 MiB p/s ETA 0s72.11 MiB / 72.11 MiB [---------------------------------------------->] 100.00% 36.66 MiB p/s ETA 0s72.11 MiB / 72.11 MiB [---------------------------------------------->] 100.00% 34.30 MiB p/s ETA 0s72.11 MiB / 72.11 MiB [---------------------------------------------->] 100.00% 34.30 MiB p/s ETA 0s72.11 MiB / 72.11 MiB [---------------------------------------------->] 100.00% 34.30 MiB p/s ETA 0s72.11 MiB / 72.11 MiB [---------------------------------------------->] 100.00% 32.08 MiB p/s ETA 0s72.11 MiB / 72.11 MiB [---------------------------------------------->] 100.00% 32.08 MiB p/s ETA 0s72.11 MiB / 72.11 MiB [---------------------------------------------->] 100.00% 32.08 MiB p/s ETA 0s72.11 MiB / 72.11 MiB [---------------------------------------------->] 100.00% 30.01 MiB p/s ETA 0s72.11 MiB / 72.11 MiB [---------------------------------------------->] 100.00% 30.01 MiB p/s ETA 0s72.11 MiB / 72.11 MiB [---------------------------------------------->] 100.00% 30.01 MiB p/s ETA 0s72.11 MiB / 72.11 MiB [---------------------------------------------->] 100.00% 28.08 MiB p/s ETA 0s72.11 MiB / 72.11 MiB [---------------------------------------------->] 100.00% 28.08 MiB p/s ETA 0s72.11 MiB / 72.11 MiB [---------------------------------------------->] 100.00% 28.08 MiB p/s ETA 0s72.11 MiB / 72.11 MiB [---------------------------------------------->] 100.00% 26.27 MiB p/s ETA 0s72.11 MiB / 72.11 MiB [---------------------------------------------->] 100.00% 26.27 MiB p/s ETA 0s72.11 MiB / 72.11 MiB [--------------------------------------------------] 100.00% 9.49 MiB p/s 7.8s2025-10-07T14:28:55.508+0200	[34mINFO[0m	Vulnerability scanning is enabled
job-core	Install Trivy vulnerability scanner	2025-10-07T12:28:55.5135491Z 2025-10-07T14:28:55.508+0200	[34mINFO[0m	Secret scanning is enabled
job-core	Install Trivy vulnerability scanner	2025-10-07T12:28:55.5137147Z 2025-10-07T14:28:55.508+0200	[34mINFO[0m	If your scanning is slow, please try '--scanners vuln' to disable secret scanning
job-core	Install Trivy vulnerability scanner	2025-10-07T12:28:55.5139694Z 2025-10-07T14:28:55.508+0200	[34mINFO[0m	Please see also https://aquasecurity.github.io/trivy/v0.48/docs/scanner/secret/#recommendation for faster secret detection
job-core	Install Trivy vulnerability scanner	2025-10-07T12:33:49.7763664Z 2025-10-07T14:33:49.774+0200	[33mWARN[0m	Increase --timeout value
job-core	Install Trivy vulnerability scanner	2025-10-07T12:33:49.7769362Z 2025-10-07T14:33:49.776+0200	[31mFATAL[0m	image scan error: scan error: scan failed: failed analysis: analyze error: pipeline error: context deadline exceeded
job-core	Install Trivy vulnerability scanner	2025-10-07T12:33:49.8180179Z ##[error]Process completed with exit code 1.
job-core	Post Login to Docker Hub	Ôªø2025-10-07T12:33:49.8598950Z Post job cleanup.
job-core	Post Login to Docker Hub	2025-10-07T12:33:50.9948463Z [command]/usr/bin/docker logout docker.io
job-core	Post Login to Docker Hub	2025-10-07T12:33:51.0121844Z Removing login credentials for docker.io
job-core	Post Login to Docker Hub	2025-10-07T12:33:51.0167590Z ##[group]Post cache
job-core	Post Login to Docker Hub	2025-10-07T12:33:51.0188510Z State not set
job-core	Post Login to Docker Hub	2025-10-07T12:33:51.0189411Z ##[endgroup]
job-core	Post Checkout code	Ôªø2025-10-07T12:33:51.0472631Z Post job cleanup.
job-core	Post Checkout code	2025-10-07T12:33:51.1773741Z [command]/usr/bin/git version
job-core	Post Checkout code	2025-10-07T12:33:51.1823013Z git version 2.51.0
job-core	Post Checkout code	2025-10-07T12:33:51.1923204Z Temporarily overriding HOME='/home/runner/_work/_temp/48f9ca74-2b1d-406a-b003-210d195c9c39' before making global git config changes
job-core	Post Checkout code	2025-10-07T12:33:51.1926646Z Adding repository directory to the temporary git global config as a safe directory
job-core	Post Checkout code	2025-10-07T12:33:51.1948897Z [command]/usr/bin/git config --global --add safe.directory /home/runner/_work/ka0s/ka0s
job-core	Post Checkout code	2025-10-07T12:33:51.1989994Z [command]/usr/bin/git config --local --name-only --get-regexp core\.sshCommand
job-core	Post Checkout code	2025-10-07T12:33:51.2049999Z [command]/usr/bin/git submodule foreach --recursive sh -c "git config --local --name-only --get-regexp 'core\.sshCommand' && git config --local --unset-all 'core.sshCommand' || :"
job-core	Post Checkout code	2025-10-07T12:33:51.2417127Z [command]/usr/bin/git config --local --name-only --get-regexp http\.https\:\/\/github\.com\/\.extraheader
job-core	Post Checkout code	2025-10-07T12:33:51.2506109Z http.https://github.com/.extraheader
job-core	Post Checkout code	2025-10-07T12:33:51.2528658Z [command]/usr/bin/git config --local --unset-all http.https://github.com/.extraheader
job-core	Post Checkout code	2025-10-07T12:33:51.2590640Z [command]/usr/bin/git submodule foreach --recursive sh -c "git config --local --name-only --get-regexp 'http\.https\:\/\/github\.com\/\.extraheader' && git config --local --unset-all 'http.https://github.com/.extraheader' || :"
job-core	Complete job	Ôªø2025-10-07T12:33:51.3559518Z Cleaning up orphan processes
handle_failure	Set up job	Ôªø2025-10-07T12:33:57.5072072Z Current runner version: '2.328.0'
handle_failure	Set up job	2025-10-07T12:33:57.5085021Z Runner name: '14f118ce1777'
handle_failure	Set up job	2025-10-07T12:33:57.5086042Z Runner group name: 'swarm-runners'
handle_failure	Set up job	2025-10-07T12:33:57.5089246Z Machine name: '14f118ce1777'
handle_failure	Set up job	2025-10-07T12:33:57.5092463Z ##[group]GITHUB_TOKEN Permissions
handle_failure	Set up job	2025-10-07T12:33:57.5095979Z Actions: write
handle_failure	Set up job	2025-10-07T12:33:57.5096665Z Contents: read
handle_failure	Set up job	2025-10-07T12:33:57.5097230Z Issues: write
handle_failure	Set up job	2025-10-07T12:33:57.5097893Z Metadata: read
handle_failure	Set up job	2025-10-07T12:33:57.5098506Z ##[endgroup]
handle_failure	Set up job	2025-10-07T12:33:57.5102493Z Secret source: Actions
handle_failure	Set up job	2025-10-07T12:33:57.5103306Z Prepare workflow directory
handle_failure	Set up job	2025-10-07T12:33:57.5917114Z Prepare all required actions
handle_failure	Set up job	2025-10-07T12:33:57.5965686Z Getting action download info
handle_failure	Set up job	2025-10-07T12:33:58.1393061Z Download action repository 'actions/checkout@v4' (SHA:08eba0b27e820071cde6df949e0beb9ba4906955)
handle_failure	Set up job	2025-10-07T12:33:59.0371929Z Complete job name: handle_failure
handle_failure	Checkout code	Ôªø2025-10-07T12:33:59.1394722Z ##[group]Run actions/checkout@v4
handle_failure	Checkout code	2025-10-07T12:33:59.1396192Z with:
handle_failure	Checkout code	2025-10-07T12:33:59.1396777Z   fetch-depth: 0
handle_failure	Checkout code	2025-10-07T12:33:59.1397924Z   token: ***
handle_failure	Checkout code	2025-10-07T12:33:59.1398462Z   repository: Ka0s-Klaus/ka0s
handle_failure	Checkout code	2025-10-07T12:33:59.1399048Z   ssh-strict: true
handle_failure	Checkout code	2025-10-07T12:33:59.1399544Z   ssh-user: git
handle_failure	Checkout code	2025-10-07T12:33:59.1400069Z   persist-credentials: true
handle_failure	Checkout code	2025-10-07T12:33:59.1400631Z   clean: true
handle_failure	Checkout code	2025-10-07T12:33:59.1401172Z   sparse-checkout-cone-mode: true
handle_failure	Checkout code	2025-10-07T12:33:59.1401786Z   fetch-tags: false
handle_failure	Checkout code	2025-10-07T12:33:59.1402307Z   show-progress: true
handle_failure	Checkout code	2025-10-07T12:33:59.1402896Z   lfs: false
handle_failure	Checkout code	2025-10-07T12:33:59.1403429Z   submodules: false
handle_failure	Checkout code	2025-10-07T12:33:59.1404074Z   set-safe-directory: true
handle_failure	Checkout code	2025-10-07T12:33:59.1405516Z env:
handle_failure	Checkout code	2025-10-07T12:33:59.1406902Z   GITHUB_TOKEN: ***
handle_failure	Checkout code	2025-10-07T12:33:59.1407701Z   KAOS_MODULE: [Ka0s] Personalized Image Runners
handle_failure	Checkout code	2025-10-07T12:33:59.1408433Z   KAOS_CODE: 18312611942
handle_failure	Checkout code	2025-10-07T12:33:59.1409018Z   KAOS_PATH_SCAN: audit/scan/
handle_failure	Checkout code	2025-10-07T12:33:59.1409600Z ##[endgroup]
handle_failure	Checkout code	2025-10-07T12:33:59.3133329Z Syncing repository: Ka0s-Klaus/ka0s
handle_failure	Checkout code	2025-10-07T12:33:59.3135730Z ##[group]Getting Git version info
handle_failure	Checkout code	2025-10-07T12:33:59.3136508Z Working directory is '/home/runner/_work/ka0s/ka0s'
handle_failure	Checkout code	2025-10-07T12:33:59.3141861Z [command]/usr/bin/git version
handle_failure	Checkout code	2025-10-07T12:33:59.3143240Z git version 2.51.0
handle_failure	Checkout code	2025-10-07T12:33:59.3146130Z ##[endgroup]
handle_failure	Checkout code	2025-10-07T12:33:59.3154149Z Temporarily overriding HOME='/home/runner/_work/_temp/89dee644-c2d4-4914-b233-5727ba55cfe2' before making global git config changes
handle_failure	Checkout code	2025-10-07T12:33:59.3156002Z Adding repository directory to the temporary git global config as a safe directory
handle_failure	Checkout code	2025-10-07T12:33:59.3158119Z [command]/usr/bin/git config --global --add safe.directory /home/runner/_work/ka0s/ka0s
handle_failure	Checkout code	2025-10-07T12:33:59.3170143Z [command]/usr/bin/git config --local --get remote.origin.url
handle_failure	Checkout code	2025-10-07T12:33:59.3201762Z https://github.com/Ka0s-Klaus/ka0s
handle_failure	Checkout code	2025-10-07T12:33:59.3219357Z ##[group]Removing previously created refs, to avoid conflicts
handle_failure	Checkout code	2025-10-07T12:33:59.3228394Z [command]/usr/bin/git rev-parse --symbolic-full-name --verify --quiet HEAD
handle_failure	Checkout code	2025-10-07T12:33:59.3259674Z refs/heads/main
handle_failure	Checkout code	2025-10-07T12:33:59.3286153Z [command]/usr/bin/git checkout --detach
handle_failure	Checkout code	2025-10-07T12:33:59.9388403Z HEAD is now at 9316ed4f Merge branch 'main' of https://github.com/Ka0s-Klaus/ka0s
handle_failure	Checkout code	2025-10-07T12:33:59.9451795Z [command]/usr/bin/git branch --delete --force main
handle_failure	Checkout code	2025-10-07T12:33:59.9491859Z Deleted branch main (was 9316ed4f).
handle_failure	Checkout code	2025-10-07T12:34:00.1914550Z ##[endgroup]
handle_failure	Checkout code	2025-10-07T12:34:00.1915689Z [command]/usr/bin/git submodule status
handle_failure	Checkout code	2025-10-07T12:34:00.2193936Z ##[group]Cleaning the repository
handle_failure	Checkout code	2025-10-07T12:34:00.2206021Z [command]/usr/bin/git clean -ffdx
handle_failure	Checkout code	2025-10-07T12:34:00.2271978Z [command]/usr/bin/git reset --hard HEAD
handle_failure	Checkout code	2025-10-07T12:34:00.2667634Z HEAD is now at 9316ed4f Merge branch 'main' of https://github.com/Ka0s-Klaus/ka0s
handle_failure	Checkout code	2025-10-07T12:34:00.2675049Z ##[endgroup]
handle_failure	Checkout code	2025-10-07T12:34:00.2679734Z ##[group]Disabling automatic garbage collection
handle_failure	Checkout code	2025-10-07T12:34:00.2681732Z [command]/usr/bin/git config --local gc.auto 0
handle_failure	Checkout code	2025-10-07T12:34:00.2773398Z ##[endgroup]
handle_failure	Checkout code	2025-10-07T12:34:00.2776621Z ##[group]Setting up auth
handle_failure	Checkout code	2025-10-07T12:34:00.2783110Z [command]/usr/bin/git config --local --name-only --get-regexp core\.sshCommand
handle_failure	Checkout code	2025-10-07T12:34:00.2898117Z [command]/usr/bin/git submodule foreach --recursive sh -c "git config --local --name-only --get-regexp 'core\.sshCommand' && git config --local --unset-all 'core.sshCommand' || :"
handle_failure	Checkout code	2025-10-07T12:34:00.3177211Z [command]/usr/bin/git config --local --name-only --get-regexp http\.https\:\/\/github\.com\/\.extraheader
handle_failure	Checkout code	2025-10-07T12:34:00.3234839Z [command]/usr/bin/git submodule foreach --recursive sh -c "git config --local --name-only --get-regexp 'http\.https\:\/\/github\.com\/\.extraheader' && git config --local --unset-all 'http.https://github.com/.extraheader' || :"
handle_failure	Checkout code	2025-10-07T12:34:00.3593703Z [command]/usr/bin/git config --local http.https://github.com/.extraheader AUTHORIZATION: basic ***
handle_failure	Checkout code	2025-10-07T12:34:00.3668052Z ##[endgroup]
handle_failure	Checkout code	2025-10-07T12:34:00.3691308Z ##[group]Fetching the repository
handle_failure	Checkout code	2025-10-07T12:34:00.3695760Z [command]/usr/bin/git -c protocol.version=2 fetch --prune --no-recurse-submodules origin +refs/heads/*:refs/remotes/origin/* +refs/tags/*:refs/tags/*
handle_failure	Checkout code	2025-10-07T12:34:01.1678854Z From https://github.com/Ka0s-Klaus/ka0s
handle_failure	Checkout code	2025-10-07T12:34:01.1683592Z    9316ed4f..577bd419  main       -> origin/main
handle_failure	Checkout code	2025-10-07T12:34:01.1722531Z [command]/usr/bin/git branch --list --remote origin/main
handle_failure	Checkout code	2025-10-07T12:34:01.1785582Z   origin/main
handle_failure	Checkout code	2025-10-07T12:34:01.1794248Z [command]/usr/bin/git rev-parse refs/remotes/origin/main
handle_failure	Checkout code	2025-10-07T12:34:01.1819761Z 577bd419cdef54c236c18eb0f3ee90b0853258b9
handle_failure	Checkout code	2025-10-07T12:34:01.1830894Z [command]/usr/bin/git -c protocol.version=2 fetch --no-tags --prune --no-recurse-submodules origin +9316ed4ff7ad07a29ef34fad28404975f8fcbe29:refs/remotes/origin/main
handle_failure	Checkout code	2025-10-07T12:34:01.1996668Z From https://github.com/Ka0s-Klaus/ka0s
handle_failure	Checkout code	2025-10-07T12:34:01.1997977Z  + 577bd419...9316ed4f 9316ed4ff7ad07a29ef34fad28404975f8fcbe29 -> origin/main  (forced update)
handle_failure	Checkout code	2025-10-07T12:34:01.2039114Z ##[endgroup]
handle_failure	Checkout code	2025-10-07T12:34:01.2039854Z ##[group]Determining the checkout info
handle_failure	Checkout code	2025-10-07T12:34:01.2040385Z ##[endgroup]
handle_failure	Checkout code	2025-10-07T12:34:01.2040779Z [command]/usr/bin/git sparse-checkout disable
handle_failure	Checkout code	2025-10-07T12:34:01.2118136Z [command]/usr/bin/git config --local --unset-all extensions.worktreeConfig
handle_failure	Checkout code	2025-10-07T12:34:01.2151950Z ##[group]Checking out the ref
handle_failure	Checkout code	2025-10-07T12:34:01.2156727Z [command]/usr/bin/git checkout --progress --force -B main refs/remotes/origin/main
handle_failure	Checkout code	2025-10-07T12:34:01.2247785Z Switched to a new branch 'main'
handle_failure	Checkout code	2025-10-07T12:34:01.2249882Z branch 'main' set up to track 'origin/main'.
handle_failure	Checkout code	2025-10-07T12:34:01.2256118Z ##[endgroup]
handle_failure	Checkout code	2025-10-07T12:34:01.2304046Z [command]/usr/bin/git log -1 --format=%H
handle_failure	Checkout code	2025-10-07T12:34:01.2330890Z 9316ed4ff7ad07a29ef34fad28404975f8fcbe29
handle_failure	handle-failure-execution	Ôªø2025-10-07T12:34:01.2625610Z ##[group]Run echo "Error detected in process itsm-runner:latest ka0score/itsm-runner:latest"
handle_failure	handle-failure-execution	2025-10-07T12:34:01.2626661Z [36;1mecho "Error detected in process itsm-runner:latest ka0score/itsm-runner:latest"[0m
handle_failure	handle-failure-execution	2025-10-07T12:34:01.2627391Z [36;1m# RNNUMBER=$(echo "refs/heads/main" | grep -o '[0-9]*')[0m
handle_failure	handle-failure-execution	2025-10-07T12:34:01.2628362Z [36;1m# gh issue comment $RNNUMBER --body "El proceso no ha finalizado correctamente 18312611942. El resultado est√° en el fichero core/results/event_data18312611942.log"[0m
handle_failure	handle-failure-execution	2025-10-07T12:34:01.2629216Z [36;1m# Creamos la issue dado que ha fallado el modulo principal[0m
handle_failure	handle-failure-execution	2025-10-07T12:34:01.2630226Z [36;1mgh issue create  --title "[Ka0S] Error detected in [Ka0s] Personalized Image Runners" --body "Error detected in [Ka0s] Personalized Image Runners. Please check the logs for 18312611942 more information of error."[0m
handle_failure	handle-failure-execution	2025-10-07T12:34:01.2656016Z shell: /usr/bin/bash -e {0}
handle_failure	handle-failure-execution	2025-10-07T12:34:01.2656425Z env:
handle_failure	handle-failure-execution	2025-10-07T12:34:01.2658729Z   GITHUB_TOKEN: ***
handle_failure	handle-failure-execution	2025-10-07T12:34:01.2659233Z   KAOS_MODULE: [Ka0s] Personalized Image Runners
handle_failure	handle-failure-execution	2025-10-07T12:34:01.2659593Z   KAOS_CODE: 18312611942
handle_failure	handle-failure-execution	2025-10-07T12:34:01.2659873Z   KAOS_PATH_SCAN: audit/scan/
handle_failure	handle-failure-execution	2025-10-07T12:34:01.2660391Z   GH_TOKEN: ***
handle_failure	handle-failure-execution	2025-10-07T12:34:01.2661150Z ##[endgroup]
handle_failure	handle-failure-execution	2025-10-07T12:34:01.2739517Z Error detected in process itsm-runner:latest ka0score/itsm-runner:latest
handle_failure	handle-failure-execution	2025-10-07T12:34:02.2314075Z https://github.com/Ka0s-Klaus/ka0s/issues/1823
handle_failure	Post Checkout code	Ôªø2025-10-07T12:34:02.2516521Z Post job cleanup.
handle_failure	Post Checkout code	2025-10-07T12:34:02.3576053Z [command]/usr/bin/git version
handle_failure	Post Checkout code	2025-10-07T12:34:02.3619030Z git version 2.51.0
handle_failure	Post Checkout code	2025-10-07T12:34:02.3673955Z Temporarily overriding HOME='/home/runner/_work/_temp/053e8b00-e428-44ae-8a41-396dfc03247d' before making global git config changes
handle_failure	Post Checkout code	2025-10-07T12:34:02.3681720Z Adding repository directory to the temporary git global config as a safe directory
handle_failure	Post Checkout code	2025-10-07T12:34:02.3682587Z [command]/usr/bin/git config --global --add safe.directory /home/runner/_work/ka0s/ka0s
handle_failure	Post Checkout code	2025-10-07T12:34:02.3735333Z [command]/usr/bin/git config --local --name-only --get-regexp core\.sshCommand
handle_failure	Post Checkout code	2025-10-07T12:34:02.3779176Z [command]/usr/bin/git submodule foreach --recursive sh -c "git config --local --name-only --get-regexp 'core\.sshCommand' && git config --local --unset-all 'core.sshCommand' || :"
handle_failure	Post Checkout code	2025-10-07T12:34:02.4062314Z [command]/usr/bin/git config --local --name-only --get-regexp http\.https\:\/\/github\.com\/\.extraheader
handle_failure	Post Checkout code	2025-10-07T12:34:02.4091414Z http.https://github.com/.extraheader
handle_failure	Post Checkout code	2025-10-07T12:34:02.4105445Z [command]/usr/bin/git config --local --unset-all http.https://github.com/.extraheader
handle_failure	Post Checkout code	2025-10-07T12:34:02.4146444Z [command]/usr/bin/git submodule foreach --recursive sh -c "git config --local --name-only --get-regexp 'http\.https\:\/\/github\.com\/\.extraheader' && git config --local --unset-all 'http.https://github.com/.extraheader' || :"
handle_failure	Complete job	Ôªø2025-10-07T12:34:02.4657946Z Cleaning up orphan processes
end-workflow	Set up job	Ôªø2025-10-07T12:34:07.9900737Z Current runner version: '2.328.0'
end-workflow	Set up job	2025-10-07T12:34:07.9908717Z Runner name: '6afc1086712a'
end-workflow	Set up job	2025-10-07T12:34:07.9909647Z Runner group name: 'swarm-runners'
end-workflow	Set up job	2025-10-07T12:34:07.9910641Z Machine name: '6afc1086712a'
end-workflow	Set up job	2025-10-07T12:34:07.9913756Z ##[group]GITHUB_TOKEN Permissions
end-workflow	Set up job	2025-10-07T12:34:07.9916257Z Actions: write
end-workflow	Set up job	2025-10-07T12:34:07.9916983Z Contents: read
end-workflow	Set up job	2025-10-07T12:34:07.9917619Z Issues: write
end-workflow	Set up job	2025-10-07T12:34:07.9918186Z Metadata: read
end-workflow	Set up job	2025-10-07T12:34:07.9918839Z ##[endgroup]
end-workflow	Set up job	2025-10-07T12:34:07.9921004Z Secret source: Actions
end-workflow	Set up job	2025-10-07T12:34:07.9921763Z Prepare workflow directory
end-workflow	Set up job	2025-10-07T12:34:08.0666288Z Prepare all required actions
end-workflow	Set up job	2025-10-07T12:34:08.0714185Z Getting action download info
end-workflow	Set up job	2025-10-07T12:34:08.6658742Z Download action repository 'actions/checkout@v4' (SHA:08eba0b27e820071cde6df949e0beb9ba4906955)
end-workflow	Set up job	2025-10-07T12:34:09.5014830Z Complete job name: end-workflow
end-workflow	Checkout code	Ôªø2025-10-07T12:34:09.5609211Z ##[group]Run actions/checkout@v4
end-workflow	Checkout code	2025-10-07T12:34:09.5610182Z with:
end-workflow	Checkout code	2025-10-07T12:34:09.5610656Z   fetch-depth: 0
end-workflow	Checkout code	2025-10-07T12:34:09.5611476Z   token: ***
end-workflow	Checkout code	2025-10-07T12:34:09.5611910Z   repository: Ka0s-Klaus/ka0s
end-workflow	Checkout code	2025-10-07T12:34:09.5612387Z   ssh-strict: true
end-workflow	Checkout code	2025-10-07T12:34:09.5612795Z   ssh-user: git
end-workflow	Checkout code	2025-10-07T12:34:09.5613217Z   persist-credentials: true
end-workflow	Checkout code	2025-10-07T12:34:09.5613815Z   clean: true
end-workflow	Checkout code	2025-10-07T12:34:09.5614223Z   sparse-checkout-cone-mode: true
end-workflow	Checkout code	2025-10-07T12:34:09.5614716Z   fetch-tags: false
end-workflow	Checkout code	2025-10-07T12:34:09.5615131Z   show-progress: true
end-workflow	Checkout code	2025-10-07T12:34:09.5615538Z   lfs: false
end-workflow	Checkout code	2025-10-07T12:34:09.5615917Z   submodules: false
end-workflow	Checkout code	2025-10-07T12:34:09.5616331Z   set-safe-directory: true
end-workflow	Checkout code	2025-10-07T12:34:09.5617026Z env:
end-workflow	Checkout code	2025-10-07T12:34:09.5618305Z   GITHUB_TOKEN: ***
end-workflow	Checkout code	2025-10-07T12:34:09.5618781Z   KAOS_MODULE: [Ka0s] Personalized Image Runners
end-workflow	Checkout code	2025-10-07T12:34:09.5619329Z   KAOS_CODE: 18312611942
end-workflow	Checkout code	2025-10-07T12:34:09.5619769Z   KAOS_PATH_SCAN: audit/scan/
end-workflow	Checkout code	2025-10-07T12:34:09.5620345Z   GH_TOKEN: ***
end-workflow	Checkout code	2025-10-07T12:34:09.5620772Z ##[endgroup]
end-workflow	Checkout code	2025-10-07T12:34:09.6874446Z Syncing repository: Ka0s-Klaus/ka0s
end-workflow	Checkout code	2025-10-07T12:34:09.6876290Z ##[group]Getting Git version info
end-workflow	Checkout code	2025-10-07T12:34:09.6876907Z Working directory is '/home/runner/_work/ka0s/ka0s'
end-workflow	Checkout code	2025-10-07T12:34:09.6878294Z [command]/usr/bin/git version
end-workflow	Checkout code	2025-10-07T12:34:09.6878875Z git version 2.51.0
end-workflow	Checkout code	2025-10-07T12:34:09.6896236Z ##[endgroup]
end-workflow	Checkout code	2025-10-07T12:34:09.6907120Z Copying '/home/runner/.gitconfig' to '/home/runner/_work/_temp/efc48916-a2b0-4074-beed-6f7726cafeef/.gitconfig'
end-workflow	Checkout code	2025-10-07T12:34:09.6918770Z Temporarily overriding HOME='/home/runner/_work/_temp/efc48916-a2b0-4074-beed-6f7726cafeef' before making global git config changes
end-workflow	Checkout code	2025-10-07T12:34:09.6920210Z Adding repository directory to the temporary git global config as a safe directory
end-workflow	Checkout code	2025-10-07T12:34:09.6925269Z [command]/usr/bin/git config --global --add safe.directory /home/runner/_work/ka0s/ka0s
end-workflow	Checkout code	2025-10-07T12:34:09.6968365Z [command]/usr/bin/git config --local --get remote.origin.url
end-workflow	Checkout code	2025-10-07T12:34:09.6999856Z https://github.com/Ka0s-Klaus/ka0s
end-workflow	Checkout code	2025-10-07T12:34:09.7020253Z ##[group]Removing previously created refs, to avoid conflicts
end-workflow	Checkout code	2025-10-07T12:34:09.7025493Z [command]/usr/bin/git rev-parse --symbolic-full-name --verify --quiet HEAD
end-workflow	Checkout code	2025-10-07T12:34:09.7050148Z refs/heads/main
end-workflow	Checkout code	2025-10-07T12:34:09.7061861Z [command]/usr/bin/git checkout --detach
end-workflow	Checkout code	2025-10-07T12:34:09.7145630Z HEAD is now at 9316ed4f Merge branch 'main' of https://github.com/Ka0s-Klaus/ka0s
end-workflow	Checkout code	2025-10-07T12:34:09.7204307Z [command]/usr/bin/git branch --delete --force main
end-workflow	Checkout code	2025-10-07T12:34:09.7239376Z Deleted branch main (was 9316ed4f).
end-workflow	Checkout code	2025-10-07T12:34:09.7396065Z ##[endgroup]
end-workflow	Checkout code	2025-10-07T12:34:09.7396697Z [command]/usr/bin/git submodule status
end-workflow	Checkout code	2025-10-07T12:34:09.7643254Z ##[group]Cleaning the repository
end-workflow	Checkout code	2025-10-07T12:34:09.7646129Z [command]/usr/bin/git clean -ffdx
end-workflow	Checkout code	2025-10-07T12:34:09.7718129Z [command]/usr/bin/git reset --hard HEAD
end-workflow	Checkout code	2025-10-07T12:34:09.7814469Z HEAD is now at 9316ed4f Merge branch 'main' of https://github.com/Ka0s-Klaus/ka0s
end-workflow	Checkout code	2025-10-07T12:34:09.7822088Z ##[endgroup]
end-workflow	Checkout code	2025-10-07T12:34:09.7824807Z ##[group]Disabling automatic garbage collection
end-workflow	Checkout code	2025-10-07T12:34:09.7826164Z [command]/usr/bin/git config --local gc.auto 0
end-workflow	Checkout code	2025-10-07T12:34:09.7861234Z ##[endgroup]
end-workflow	Checkout code	2025-10-07T12:34:09.7863096Z ##[group]Setting up auth
end-workflow	Checkout code	2025-10-07T12:34:09.7867526Z [command]/usr/bin/git config --local --name-only --get-regexp core\.sshCommand
end-workflow	Checkout code	2025-10-07T12:34:09.7910271Z [command]/usr/bin/git submodule foreach --recursive sh -c "git config --local --name-only --get-regexp 'core\.sshCommand' && git config --local --unset-all 'core.sshCommand' || :"
end-workflow	Checkout code	2025-10-07T12:34:09.8206301Z [command]/usr/bin/git config --local --name-only --get-regexp http\.https\:\/\/github\.com\/\.extraheader
end-workflow	Checkout code	2025-10-07T12:34:09.8244800Z [command]/usr/bin/git submodule foreach --recursive sh -c "git config --local --name-only --get-regexp 'http\.https\:\/\/github\.com\/\.extraheader' && git config --local --unset-all 'http.https://github.com/.extraheader' || :"
end-workflow	Checkout code	2025-10-07T12:34:09.8584255Z [command]/usr/bin/git config --local http.https://github.com/.extraheader AUTHORIZATION: basic ***
end-workflow	Checkout code	2025-10-07T12:34:09.8656848Z ##[endgroup]
end-workflow	Checkout code	2025-10-07T12:34:09.8658751Z ##[group]Fetching the repository
end-workflow	Checkout code	2025-10-07T12:34:09.8659993Z [command]/usr/bin/git -c protocol.version=2 fetch --prune --no-recurse-submodules origin +refs/heads/*:refs/remotes/origin/* +refs/tags/*:refs/tags/*
end-workflow	Checkout code	2025-10-07T12:34:10.6037948Z From https://github.com/Ka0s-Klaus/ka0s
end-workflow	Checkout code	2025-10-07T12:34:10.6039373Z    9316ed4f..cde53270  main       -> origin/main
end-workflow	Checkout code	2025-10-07T12:34:10.6111069Z [command]/usr/bin/git branch --list --remote origin/main
end-workflow	Checkout code	2025-10-07T12:34:10.6183944Z   origin/main
end-workflow	Checkout code	2025-10-07T12:34:10.6214426Z [command]/usr/bin/git rev-parse refs/remotes/origin/main
end-workflow	Checkout code	2025-10-07T12:34:10.6253804Z cde53270af0ccdd16d84908f085935cc9476500b
end-workflow	Checkout code	2025-10-07T12:34:10.6311533Z [command]/usr/bin/git -c protocol.version=2 fetch --no-tags --prune --no-recurse-submodules origin +9316ed4ff7ad07a29ef34fad28404975f8fcbe29:refs/remotes/origin/main
end-workflow	Checkout code	2025-10-07T12:34:10.6679028Z From https://github.com/Ka0s-Klaus/ka0s
end-workflow	Checkout code	2025-10-07T12:34:10.6681026Z  + cde53270...9316ed4f 9316ed4ff7ad07a29ef34fad28404975f8fcbe29 -> origin/main  (forced update)
end-workflow	Checkout code	2025-10-07T12:34:10.6835644Z ##[endgroup]
end-workflow	Checkout code	2025-10-07T12:34:10.6860423Z ##[group]Determining the checkout info
end-workflow	Checkout code	2025-10-07T12:34:10.6862122Z ##[endgroup]
end-workflow	Checkout code	2025-10-07T12:34:10.6894248Z [command]/usr/bin/git sparse-checkout disable
end-workflow	Checkout code	2025-10-07T12:34:10.7101547Z [command]/usr/bin/git config --local --unset-all extensions.worktreeConfig
end-workflow	Checkout code	2025-10-07T12:34:10.7192015Z ##[group]Checking out the ref
end-workflow	Checkout code	2025-10-07T12:34:10.7231557Z [command]/usr/bin/git checkout --progress --force -B main refs/remotes/origin/main
end-workflow	Checkout code	2025-10-07T12:34:10.7402472Z Switched to a new branch 'main'
end-workflow	Checkout code	2025-10-07T12:34:10.7408953Z branch 'main' set up to track 'origin/main'.
end-workflow	Checkout code	2025-10-07T12:34:10.7472791Z ##[endgroup]
end-workflow	Checkout code	2025-10-07T12:34:10.7541574Z [command]/usr/bin/git log -1 --format=%H
end-workflow	Checkout code	2025-10-07T12:34:10.7586011Z 9316ed4ff7ad07a29ef34fad28404975f8fcbe29
end-workflow	Finaliza el workflow	Ôªø2025-10-07T12:34:10.8209516Z ##[group]Run echo "End process"
end-workflow	Finaliza el workflow	2025-10-07T12:34:10.8210548Z [36;1mecho "End process"[0m
end-workflow	Finaliza el workflow	2025-10-07T12:34:10.8211326Z [36;1m# RNNUMBER=$(echo "refs/heads/main" | grep -o '[0-9]*')[0m
end-workflow	Finaliza el workflow	2025-10-07T12:34:10.8212315Z [36;1m# gh issue comment $RNNUMBER --body "Se finaliza Ka0s 18312611942"[0m
end-workflow	Finaliza el workflow	2025-10-07T12:34:10.8213198Z [36;1mecho "Se finaliza Ka0s 18312611942"[0m
end-workflow	Finaliza el workflow	2025-10-07T12:34:10.8214171Z [36;1mgh workflow run inspector.yml --ref 'main' -f kaos-workflow-id="18312611942"[0m
end-workflow	Finaliza el workflow	2025-10-07T12:34:10.8238556Z shell: /usr/bin/bash -e {0}
end-workflow	Finaliza el workflow	2025-10-07T12:34:10.8239330Z env:
end-workflow	Finaliza el workflow	2025-10-07T12:34:10.8240593Z   GITHUB_TOKEN: ***
end-workflow	Finaliza el workflow	2025-10-07T12:34:10.8241231Z   KAOS_MODULE: [Ka0s] Personalized Image Runners
end-workflow	Finaliza el workflow	2025-10-07T12:34:10.8241928Z   KAOS_CODE: 18312611942
end-workflow	Finaliza el workflow	2025-10-07T12:34:10.8242503Z   KAOS_PATH_SCAN: audit/scan/
end-workflow	Finaliza el workflow	2025-10-07T12:34:10.8243233Z   GH_TOKEN: ***
end-workflow	Finaliza el workflow	2025-10-07T12:34:10.8243723Z ##[endgroup]
end-workflow	Finaliza el workflow	2025-10-07T12:34:10.8352595Z End process
end-workflow	Finaliza el workflow	2025-10-07T12:34:10.8370666Z Se finaliza Ka0s 18312611942
end-workflow	Post Checkout code	Ôªø2025-10-07T12:34:11.5810960Z Post job cleanup.
end-workflow	Post Checkout code	2025-10-07T12:34:11.6855128Z [command]/usr/bin/git version
end-workflow	Post Checkout code	2025-10-07T12:34:11.6896369Z git version 2.51.0
end-workflow	Post Checkout code	2025-10-07T12:34:11.6947398Z Copying '/home/runner/.gitconfig' to '/home/runner/_work/_temp/d0749b75-0cb6-4fbc-8f50-21ce82fda59a/.gitconfig'
end-workflow	Post Checkout code	2025-10-07T12:34:11.6974395Z Temporarily overriding HOME='/home/runner/_work/_temp/d0749b75-0cb6-4fbc-8f50-21ce82fda59a' before making global git config changes
end-workflow	Post Checkout code	2025-10-07T12:34:11.6998249Z Adding repository directory to the temporary git global config as a safe directory
end-workflow	Post Checkout code	2025-10-07T12:34:11.7011350Z [command]/usr/bin/git config --global --add safe.directory /home/runner/_work/ka0s/ka0s
end-workflow	Post Checkout code	2025-10-07T12:34:11.7035842Z [command]/usr/bin/git config --local --name-only --get-regexp core\.sshCommand
end-workflow	Post Checkout code	2025-10-07T12:34:11.7090928Z [command]/usr/bin/git submodule foreach --recursive sh -c "git config --local --name-only --get-regexp 'core\.sshCommand' && git config --local --unset-all 'core.sshCommand' || :"
end-workflow	Post Checkout code	2025-10-07T12:34:11.7380301Z [command]/usr/bin/git config --local --name-only --get-regexp http\.https\:\/\/github\.com\/\.extraheader
end-workflow	Post Checkout code	2025-10-07T12:34:11.7405725Z http.https://github.com/.extraheader
end-workflow	Post Checkout code	2025-10-07T12:34:11.7420976Z [command]/usr/bin/git config --local --unset-all http.https://github.com/.extraheader
end-workflow	Post Checkout code	2025-10-07T12:34:11.7460609Z [command]/usr/bin/git submodule foreach --recursive sh -c "git config --local --name-only --get-regexp 'http\.https\:\/\/github\.com\/\.extraheader' && git config --local --unset-all 'http.https://github.com/.extraheader' || :"
end-workflow	Complete job	Ôªø2025-10-07T12:34:11.7890510Z Cleaning up orphan processes
