job-core	Set up job	﻿2025-10-07T14:12:00.5076291Z Current runner version: '2.328.0'
job-core	Set up job	2025-10-07T14:12:00.5083993Z Runner name: '17d6124e347a'
job-core	Set up job	2025-10-07T14:12:00.5084847Z Runner group name: 'swarm-runners'
job-core	Set up job	2025-10-07T14:12:00.5085852Z Machine name: '17d6124e347a'
job-core	Set up job	2025-10-07T14:12:00.5103655Z ##[group]GITHUB_TOKEN Permissions
job-core	Set up job	2025-10-07T14:12:00.5107532Z Actions: write
job-core	Set up job	2025-10-07T14:12:00.5108193Z Contents: read
job-core	Set up job	2025-10-07T14:12:00.5108856Z Issues: write
job-core	Set up job	2025-10-07T14:12:00.5109489Z Metadata: read
job-core	Set up job	2025-10-07T14:12:00.5110072Z ##[endgroup]
job-core	Set up job	2025-10-07T14:12:00.5112788Z Secret source: Actions
job-core	Set up job	2025-10-07T14:12:00.5113820Z Prepare workflow directory
job-core	Set up job	2025-10-07T14:12:00.5856123Z Prepare all required actions
job-core	Set up job	2025-10-07T14:12:00.5951798Z Getting action download info
job-core	Set up job	2025-10-07T14:12:01.3306346Z Download action repository 'actions/checkout@v4' (SHA:08eba0b27e820071cde6df949e0beb9ba4906955)
job-core	Set up job	2025-10-07T14:12:02.1697212Z Download action repository 'docker/login-action@v3' (SHA:5e57cd118135c172c3672efd75eb46360885c0ef)
job-core	Set up job	2025-10-07T14:12:03.4098318Z Complete job name: job-core
job-core	Checkout code	﻿2025-10-07T14:12:03.5405744Z ##[group]Run actions/checkout@v4
job-core	Checkout code	2025-10-07T14:12:03.5407282Z with:
job-core	Checkout code	2025-10-07T14:12:03.5408299Z   fetch-depth: 0
job-core	Checkout code	2025-10-07T14:12:03.5409752Z   token: ***
job-core	Checkout code	2025-10-07T14:12:03.5410584Z   repository: Ka0s-Klaus/ka0s
job-core	Checkout code	2025-10-07T14:12:03.5411556Z   ssh-strict: true
job-core	Checkout code	2025-10-07T14:12:03.5412373Z   ssh-user: git
job-core	Checkout code	2025-10-07T14:12:03.5413209Z   persist-credentials: true
job-core	Checkout code	2025-10-07T14:12:03.5414143Z   clean: true
job-core	Checkout code	2025-10-07T14:12:03.5414993Z   sparse-checkout-cone-mode: true
job-core	Checkout code	2025-10-07T14:12:03.5416010Z   fetch-tags: false
job-core	Checkout code	2025-10-07T14:12:03.5416830Z   show-progress: true
job-core	Checkout code	2025-10-07T14:12:03.5417824Z   lfs: false
job-core	Checkout code	2025-10-07T14:12:03.5418603Z   submodules: false
job-core	Checkout code	2025-10-07T14:12:03.5419445Z   set-safe-directory: true
job-core	Checkout code	2025-10-07T14:12:03.5420709Z env:
job-core	Checkout code	2025-10-07T14:12:03.5422596Z   GITHUB_TOKEN: ***
job-core	Checkout code	2025-10-07T14:12:03.5423547Z   KAOS_MODULE: [Ka0s] Personalized Image Runners
job-core	Checkout code	2025-10-07T14:12:03.5424699Z   KAOS_CODE: 18315492683
job-core	Checkout code	2025-10-07T14:12:03.5425606Z   KAOS_PATH_SCAN: audit/scan/
job-core	Checkout code	2025-10-07T14:12:03.5426605Z ##[endgroup]
job-core	Checkout code	2025-10-07T14:12:03.7177068Z Syncing repository: Ka0s-Klaus/ka0s
job-core	Checkout code	2025-10-07T14:12:03.7180072Z ##[group]Getting Git version info
job-core	Checkout code	2025-10-07T14:12:03.7181352Z Working directory is '/home/runner/_work/ka0s/ka0s'
job-core	Checkout code	2025-10-07T14:12:03.7183228Z [command]/usr/bin/git version
job-core	Checkout code	2025-10-07T14:12:03.7184211Z git version 2.51.0
job-core	Checkout code	2025-10-07T14:12:03.7187284Z ##[endgroup]
job-core	Checkout code	2025-10-07T14:12:03.7279954Z Temporarily overriding HOME='/home/runner/_work/_temp/4175f892-6084-4bae-8af4-eee06dabe7bf' before making global git config changes
job-core	Checkout code	2025-10-07T14:12:03.7283011Z Adding repository directory to the temporary git global config as a safe directory
job-core	Checkout code	2025-10-07T14:12:03.7285484Z [command]/usr/bin/git config --global --add safe.directory /home/runner/_work/ka0s/ka0s
job-core	Checkout code	2025-10-07T14:12:03.7288820Z Deleting the contents of '/home/runner/_work/ka0s/ka0s'
job-core	Checkout code	2025-10-07T14:12:03.7290824Z ##[group]Initializing the repository
job-core	Checkout code	2025-10-07T14:12:03.7292087Z [command]/usr/bin/git init /home/runner/_work/ka0s/ka0s
job-core	Checkout code	2025-10-07T14:12:03.7293934Z hint: Using 'master' as the name for the initial branch. This default branch name
job-core	Checkout code	2025-10-07T14:12:03.7295858Z hint: is subject to change. To configure the initial branch name to use in all
job-core	Checkout code	2025-10-07T14:12:03.7370195Z hint: of your new repositories, which will suppress this warning, call:
job-core	Checkout code	2025-10-07T14:12:03.7372049Z hint:
job-core	Checkout code	2025-10-07T14:12:03.7373066Z hint: 	git config --global init.defaultBranch <name>
job-core	Checkout code	2025-10-07T14:12:03.7374273Z hint:
job-core	Checkout code	2025-10-07T14:12:03.7375406Z hint: Names commonly chosen instead of 'master' are 'main', 'trunk' and
job-core	Checkout code	2025-10-07T14:12:03.7377266Z hint: 'development'. The just-created branch can be renamed via this command:
job-core	Checkout code	2025-10-07T14:12:03.7378893Z hint:
job-core	Checkout code	2025-10-07T14:12:03.7379677Z hint: 	git branch -m <name>
job-core	Checkout code	2025-10-07T14:12:03.7380581Z hint:
job-core	Checkout code	2025-10-07T14:12:03.7381799Z hint: Disable this message with "git config set advice.defaultBranchName false"
job-core	Checkout code	2025-10-07T14:12:03.7383763Z Initialized empty Git repository in /home/runner/_work/ka0s/ka0s/.git/
job-core	Checkout code	2025-10-07T14:12:03.7387592Z [command]/usr/bin/git remote add origin https://github.com/Ka0s-Klaus/ka0s
job-core	Checkout code	2025-10-07T14:12:03.7450948Z ##[endgroup]
job-core	Checkout code	2025-10-07T14:12:03.7452568Z ##[group]Disabling automatic garbage collection
job-core	Checkout code	2025-10-07T14:12:03.7453889Z [command]/usr/bin/git config --local gc.auto 0
job-core	Checkout code	2025-10-07T14:12:03.7456602Z ##[endgroup]
job-core	Checkout code	2025-10-07T14:12:03.7458218Z ##[group]Setting up auth
job-core	Checkout code	2025-10-07T14:12:03.7459631Z [command]/usr/bin/git config --local --name-only --get-regexp core\.sshCommand
job-core	Checkout code	2025-10-07T14:12:03.7491260Z [command]/usr/bin/git submodule foreach --recursive sh -c "git config --local --name-only --get-regexp 'core\.sshCommand' && git config --local --unset-all 'core.sshCommand' || :"
job-core	Checkout code	2025-10-07T14:12:03.8225180Z [command]/usr/bin/git config --local --name-only --get-regexp http\.https\:\/\/github\.com\/\.extraheader
job-core	Checkout code	2025-10-07T14:12:03.8302926Z [command]/usr/bin/git submodule foreach --recursive sh -c "git config --local --name-only --get-regexp 'http\.https\:\/\/github\.com\/\.extraheader' && git config --local --unset-all 'http.https://github.com/.extraheader' || :"
job-core	Checkout code	2025-10-07T14:12:03.8830243Z [command]/usr/bin/git config --local http.https://github.com/.extraheader AUTHORIZATION: basic ***
job-core	Checkout code	2025-10-07T14:12:03.8938306Z ##[endgroup]
job-core	Checkout code	2025-10-07T14:12:03.8940972Z ##[group]Fetching the repository
job-core	Checkout code	2025-10-07T14:12:03.8972398Z [command]/usr/bin/git -c protocol.version=2 fetch --prune --no-recurse-submodules origin +refs/heads/*:refs/remotes/origin/* +refs/tags/*:refs/tags/*
job-core	Checkout code	2025-10-07T14:12:14.8145448Z From https://github.com/Ka0s-Klaus/ka0s
job-core	Checkout code	2025-10-07T14:12:14.8147931Z  * [new branch]        F1149-desarrollo-de-orchestrator -> origin/F1149-desarrollo-de-orchestrator
job-core	Checkout code	2025-10-07T14:12:14.8158115Z  * [new branch]        F1183-personalización-módulo-finops -> origin/F1183-personalización-módulo-finops
job-core	Checkout code	2025-10-07T14:12:14.8159259Z  * [new branch]        F1224-new-module-mongodb -> origin/F1224-new-module-mongodb
job-core	Checkout code	2025-10-07T14:12:14.8160278Z  * [new branch]        F220-web-de-resultados  -> origin/F220-web-de-resultados
job-core	Checkout code	2025-10-07T14:12:14.8161490Z  * [new branch]        F227-despliegue-de-kube-independiente-del-clouder -> origin/F227-despliegue-de-kube-independiente-del-clouder
job-core	Checkout code	2025-10-07T14:12:14.8162555Z  * [new branch]        F329-documentacion-metodologia-de-kaos -> origin/F329-documentacion-metodologia-de-kaos
job-core	Checkout code	2025-10-07T14:12:14.8163447Z  * [new branch]        F44-creación-módulo-versionado -> origin/F44-creación-módulo-versionado
job-core	Checkout code	2025-10-07T14:12:14.8164167Z  * [new branch]        H1128-módulo-de-observabilidad -> origin/H1128-módulo-de-observabilidad
job-core	Checkout code	2025-10-07T14:12:14.8164823Z  * [new branch]        H1139-como-instalar-arc-control -> origin/H1139-como-instalar-arc-control
job-core	Checkout code	2025-10-07T14:12:14.8165500Z  * [new branch]        H1149-desarrollo-de-orchestrator -> origin/H1149-desarrollo-de-orchestrator
job-core	Checkout code	2025-10-07T14:12:14.8166154Z  * [new branch]        H1150-desarrollo-de-secciones -> origin/H1150-desarrollo-de-secciones
job-core	Checkout code	2025-10-07T14:12:14.8166808Z  * [new branch]        H1151-desarrollo-de-secciones-ii -> origin/H1151-desarrollo-de-secciones-ii
job-core	Checkout code	2025-10-07T14:12:14.8167589Z  * [new branch]        H1152-desarrollo-inicio -> origin/H1152-desarrollo-inicio
job-core	Checkout code	2025-10-07T14:12:14.8168445Z  * [new branch]        H1183-personalización-módulo-finops -> origin/H1183-personalización-módulo-finops
job-core	Checkout code	2025-10-07T14:12:14.8169209Z  * [new branch]        H1193-ejemplo-web-documentacion -> origin/H1193-ejemplo-web-documentacion
job-core	Checkout code	2025-10-07T14:12:14.8169791Z  * [new branch]        H1205-web-creation      -> origin/H1205-web-creation
job-core	Checkout code	2025-10-07T14:12:14.8170314Z  * [new branch]        H1224-new-module-mongodb -> origin/H1224-new-module-mongodb
job-core	Checkout code	2025-10-07T14:12:14.8170848Z  * [new branch]        H1410-modulo-execution  -> origin/H1410-modulo-execution
job-core	Checkout code	2025-10-07T14:12:14.8171778Z  * [new branch]        H1514-new-swarm-deployment-stack-with-actions-runners-autoscale -> origin/H1514-new-swarm-deployment-stack-with-actions-runners-autoscale
job-core	Checkout code	2025-10-07T14:12:14.8172786Z  * [new branch]        H1646-modulo-de-control-de-runners -> origin/H1646-modulo-de-control-de-runners
job-core	Checkout code	2025-10-07T14:12:14.8196573Z  * [new branch]        H215-modulo-de-summary  -> origin/H215-modulo-de-summary
job-core	Checkout code	2025-10-07T14:12:14.8197471Z  * [new branch]        H220-web-de-resultados  -> origin/H220-web-de-resultados
job-core	Checkout code	2025-10-07T14:12:14.8198384Z  * [new branch]        H227-despliegue-de-kube-independiente-del-clouder -> origin/H227-despliegue-de-kube-independiente-del-clouder
job-core	Checkout code	2025-10-07T14:12:14.8199192Z  * [new branch]        H306-ficheros-de-estadisticas -> origin/H306-ficheros-de-estadisticas
job-core	Checkout code	2025-10-07T14:12:14.8199952Z  * [new branch]        H328-documentacion-modulo-principal-de-kaos -> origin/H328-documentacion-modulo-principal-de-kaos
job-core	Checkout code	2025-10-07T14:12:14.8200785Z  * [new branch]        H329-documentacion-metodologia-de-kaos -> origin/H329-documentacion-metodologia-de-kaos
job-core	Checkout code	2025-10-07T14:12:14.8201833Z  * [new branch]        H338-relanzador-de-jobs-en-caso-de-pattern -> origin/H338-relanzador-de-jobs-en-caso-de-pattern
job-core	Checkout code	2025-10-07T14:12:14.8202788Z  * [new branch]        H38-documentacion-basica-del-proyecto -> origin/H38-documentacion-basica-del-proyecto
job-core	Checkout code	2025-10-07T14:12:14.8204115Z  * [new branch]        H44-creación-módulo-versionado -> origin/H44-creación-módulo-versionado
job-core	Checkout code	2025-10-07T14:12:14.8204844Z  * [new branch]        RN1149-desarrollo-de-orchestrator -> origin/RN1149-desarrollo-de-orchestrator
job-core	Checkout code	2025-10-07T14:12:14.8205632Z  * [new branch]        RN1183-personalización-módulo-finops -> origin/RN1183-personalización-módulo-finops
job-core	Checkout code	2025-10-07T14:12:14.8206612Z  * [new branch]        RN1282-ka0s-error-detected-in-ka0s-workflow-statistics-summary -> origin/RN1282-ka0s-error-detected-in-ka0s-workflow-statistics-summary
job-core	Checkout code	2025-10-07T14:12:14.8207679Z  * [new branch]        RN220-web-de-resultados -> origin/RN220-web-de-resultados
job-core	Checkout code	2025-10-07T14:12:14.8208575Z  * [new branch]        RN227-despliegue-de-kube-independiente-del-clouder -> origin/RN227-despliegue-de-kube-independiente-del-clouder
job-core	Checkout code	2025-10-07T14:12:14.8209461Z  * [new branch]        RN329-documentacion-metodologia-de-kaos -> origin/RN329-documentacion-metodologia-de-kaos
job-core	Checkout code	2025-10-07T14:12:14.8210074Z  * [new branch]        main                    -> origin/main
job-core	Checkout code	2025-10-07T14:12:14.8210438Z  * [new tag]           0.0.0                   -> 0.0.0
job-core	Checkout code	2025-10-07T14:12:14.8210778Z  * [new tag]           0.0.1                   -> 0.0.1
job-core	Checkout code	2025-10-07T14:12:14.8211115Z  * [new tag]           0.0.10                  -> 0.0.10
job-core	Checkout code	2025-10-07T14:12:14.8211479Z  * [new tag]           0.0.100                 -> 0.0.100
job-core	Checkout code	2025-10-07T14:12:14.8211838Z  * [new tag]           0.0.101                 -> 0.0.101
job-core	Checkout code	2025-10-07T14:12:14.8212206Z  * [new tag]           0.0.102                 -> 0.0.102
job-core	Checkout code	2025-10-07T14:12:14.8212548Z  * [new tag]           0.0.103                 -> 0.0.103
job-core	Checkout code	2025-10-07T14:12:14.8212913Z  * [new tag]           0.0.104                 -> 0.0.104
job-core	Checkout code	2025-10-07T14:12:14.8213272Z  * [new tag]           0.0.105                 -> 0.0.105
job-core	Checkout code	2025-10-07T14:12:14.8213624Z  * [new tag]           0.0.106                 -> 0.0.106
job-core	Checkout code	2025-10-07T14:12:14.8214000Z  * [new tag]           0.0.107                 -> 0.0.107
job-core	Checkout code	2025-10-07T14:12:14.8214371Z  * [new tag]           0.0.108                 -> 0.0.108
job-core	Checkout code	2025-10-07T14:12:14.8214730Z  * [new tag]           0.0.109                 -> 0.0.109
job-core	Checkout code	2025-10-07T14:12:14.8215087Z  * [new tag]           0.0.11                  -> 0.0.11
job-core	Checkout code	2025-10-07T14:12:14.8215452Z  * [new tag]           0.0.110                 -> 0.0.110
job-core	Checkout code	2025-10-07T14:12:14.8215821Z  * [new tag]           0.0.111                 -> 0.0.111
job-core	Checkout code	2025-10-07T14:12:14.8216185Z  * [new tag]           0.0.112                 -> 0.0.112
job-core	Checkout code	2025-10-07T14:12:14.8216558Z  * [new tag]           0.0.113                 -> 0.0.113
job-core	Checkout code	2025-10-07T14:12:14.8216919Z  * [new tag]           0.0.114                 -> 0.0.114
job-core	Checkout code	2025-10-07T14:12:14.8217273Z  * [new tag]           0.0.115                 -> 0.0.115
job-core	Checkout code	2025-10-07T14:12:14.8224566Z  * [new tag]           0.0.116                 -> 0.0.116
job-core	Checkout code	2025-10-07T14:12:14.8224997Z  * [new tag]           0.0.117                 -> 0.0.117
job-core	Checkout code	2025-10-07T14:12:14.8225750Z  * [new tag]           0.0.118                 -> 0.0.118
job-core	Checkout code	2025-10-07T14:12:14.8226106Z  * [new tag]           0.0.119                 -> 0.0.119
job-core	Checkout code	2025-10-07T14:12:14.8226469Z  * [new tag]           0.0.12                  -> 0.0.12
job-core	Checkout code	2025-10-07T14:12:14.8226831Z  * [new tag]           0.0.120                 -> 0.0.120
job-core	Checkout code	2025-10-07T14:12:14.8227190Z  * [new tag]           0.0.121                 -> 0.0.121
job-core	Checkout code	2025-10-07T14:12:14.8227753Z  * [new tag]           0.0.122                 -> 0.0.122
job-core	Checkout code	2025-10-07T14:12:14.8228253Z  * [new tag]           0.0.123                 -> 0.0.123
job-core	Checkout code	2025-10-07T14:12:14.8228778Z  * [new tag]           0.0.124                 -> 0.0.124
job-core	Checkout code	2025-10-07T14:12:14.8229128Z  * [new tag]           0.0.125                 -> 0.0.125
job-core	Checkout code	2025-10-07T14:12:14.8229473Z  * [new tag]           0.0.126                 -> 0.0.126
job-core	Checkout code	2025-10-07T14:12:14.8229822Z  * [new tag]           0.0.127                 -> 0.0.127
job-core	Checkout code	2025-10-07T14:12:14.8230166Z  * [new tag]           0.0.128                 -> 0.0.128
job-core	Checkout code	2025-10-07T14:12:14.8230683Z  * [new tag]           0.0.129                 -> 0.0.129
job-core	Checkout code	2025-10-07T14:12:14.8231037Z  * [new tag]           0.0.13                  -> 0.0.13
job-core	Checkout code	2025-10-07T14:12:14.8231386Z  * [new tag]           0.0.130                 -> 0.0.130
job-core	Checkout code	2025-10-07T14:12:14.8231736Z  * [new tag]           0.0.131                 -> 0.0.131
job-core	Checkout code	2025-10-07T14:12:14.8232088Z  * [new tag]           0.0.132                 -> 0.0.132
job-core	Checkout code	2025-10-07T14:12:14.8232612Z  * [new tag]           0.0.133                 -> 0.0.133
job-core	Checkout code	2025-10-07T14:12:14.8232959Z  * [new tag]           0.0.134                 -> 0.0.134
job-core	Checkout code	2025-10-07T14:12:14.8233308Z  * [new tag]           0.0.135                 -> 0.0.135
job-core	Checkout code	2025-10-07T14:12:14.8233657Z  * [new tag]           0.0.136                 -> 0.0.136
job-core	Checkout code	2025-10-07T14:12:14.8234030Z  * [new tag]           0.0.137                 -> 0.0.137
job-core	Checkout code	2025-10-07T14:12:14.8234391Z  * [new tag]           0.0.138                 -> 0.0.138
job-core	Checkout code	2025-10-07T14:12:14.8234740Z  * [new tag]           0.0.139                 -> 0.0.139
job-core	Checkout code	2025-10-07T14:12:14.8235111Z  * [new tag]           0.0.14                  -> 0.0.14
job-core	Checkout code	2025-10-07T14:12:14.8235459Z  * [new tag]           0.0.140                 -> 0.0.140
job-core	Checkout code	2025-10-07T14:12:14.8235806Z  * [new tag]           0.0.141                 -> 0.0.141
job-core	Checkout code	2025-10-07T14:12:14.8236152Z  * [new tag]           0.0.142                 -> 0.0.142
job-core	Checkout code	2025-10-07T14:12:14.8236499Z  * [new tag]           0.0.143                 -> 0.0.143
job-core	Checkout code	2025-10-07T14:12:14.8236844Z  * [new tag]           0.0.144                 -> 0.0.144
job-core	Checkout code	2025-10-07T14:12:14.8237189Z  * [new tag]           0.0.145                 -> 0.0.145
job-core	Checkout code	2025-10-07T14:12:14.8237847Z  * [new tag]           0.0.146                 -> 0.0.146
job-core	Checkout code	2025-10-07T14:12:14.8238209Z  * [new tag]           0.0.147                 -> 0.0.147
job-core	Checkout code	2025-10-07T14:12:14.8238680Z  * [new tag]           0.0.148                 -> 0.0.148
job-core	Checkout code	2025-10-07T14:12:14.8239024Z  * [new tag]           0.0.149                 -> 0.0.149
job-core	Checkout code	2025-10-07T14:12:14.8239381Z  * [new tag]           0.0.15                  -> 0.0.15
job-core	Checkout code	2025-10-07T14:12:14.8239739Z  * [new tag]           0.0.150                 -> 0.0.150
job-core	Checkout code	2025-10-07T14:12:14.8240085Z  * [new tag]           0.0.151                 -> 0.0.151
job-core	Checkout code	2025-10-07T14:12:14.8240431Z  * [new tag]           0.0.152                 -> 0.0.152
job-core	Checkout code	2025-10-07T14:12:14.8240777Z  * [new tag]           0.0.153                 -> 0.0.153
job-core	Checkout code	2025-10-07T14:12:14.8241124Z  * [new tag]           0.0.154                 -> 0.0.154
job-core	Checkout code	2025-10-07T14:12:14.8241472Z  * [new tag]           0.0.155                 -> 0.0.155
job-core	Checkout code	2025-10-07T14:12:14.8241820Z  * [new tag]           0.0.156                 -> 0.0.156
job-core	Checkout code	2025-10-07T14:12:14.8242168Z  * [new tag]           0.0.157                 -> 0.0.157
job-core	Checkout code	2025-10-07T14:12:14.8242518Z  * [new tag]           0.0.158                 -> 0.0.158
job-core	Checkout code	2025-10-07T14:12:14.8242861Z  * [new tag]           0.0.159                 -> 0.0.159
job-core	Checkout code	2025-10-07T14:12:14.8243211Z  * [new tag]           0.0.16                  -> 0.0.16
job-core	Checkout code	2025-10-07T14:12:14.8243720Z  * [new tag]           0.0.160                 -> 0.0.160
job-core	Checkout code	2025-10-07T14:12:14.8244076Z  * [new tag]           0.0.161                 -> 0.0.161
job-core	Checkout code	2025-10-07T14:12:14.8244425Z  * [new tag]           0.0.162                 -> 0.0.162
job-core	Checkout code	2025-10-07T14:12:14.8244769Z  * [new tag]           0.0.163                 -> 0.0.163
job-core	Checkout code	2025-10-07T14:12:14.8245114Z  * [new tag]           0.0.164                 -> 0.0.164
job-core	Checkout code	2025-10-07T14:12:14.8245463Z  * [new tag]           0.0.165                 -> 0.0.165
job-core	Checkout code	2025-10-07T14:12:14.8245808Z  * [new tag]           0.0.166                 -> 0.0.166
job-core	Checkout code	2025-10-07T14:12:14.8246153Z  * [new tag]           0.0.167                 -> 0.0.167
job-core	Checkout code	2025-10-07T14:12:14.8246496Z  * [new tag]           0.0.168                 -> 0.0.168
job-core	Checkout code	2025-10-07T14:12:14.8246844Z  * [new tag]           0.0.169                 -> 0.0.169
job-core	Checkout code	2025-10-07T14:12:14.8247194Z  * [new tag]           0.0.17                  -> 0.0.17
job-core	Checkout code	2025-10-07T14:12:14.8248101Z  * [new tag]           0.0.170                 -> 0.0.170
job-core	Checkout code	2025-10-07T14:12:14.8248612Z  * [new tag]           0.0.171                 -> 0.0.171
job-core	Checkout code	2025-10-07T14:12:14.8248961Z  * [new tag]           0.0.172                 -> 0.0.172
job-core	Checkout code	2025-10-07T14:12:14.8249311Z  * [new tag]           0.0.173                 -> 0.0.173
job-core	Checkout code	2025-10-07T14:12:14.8249807Z  * [new tag]           0.0.174                 -> 0.0.174
job-core	Checkout code	2025-10-07T14:12:14.8251571Z  * [new tag]           0.0.175                 -> 0.0.175
job-core	Checkout code	2025-10-07T14:12:14.8252047Z  * [new tag]           0.0.176                 -> 0.0.176
job-core	Checkout code	2025-10-07T14:12:14.8252395Z  * [new tag]           0.0.177                 -> 0.0.177
job-core	Checkout code	2025-10-07T14:12:14.8252743Z  * [new tag]           0.0.178                 -> 0.0.178
job-core	Checkout code	2025-10-07T14:12:14.8253089Z  * [new tag]           0.0.179                 -> 0.0.179
job-core	Checkout code	2025-10-07T14:12:14.8253435Z  * [new tag]           0.0.18                  -> 0.0.18
job-core	Checkout code	2025-10-07T14:12:14.8253782Z  * [new tag]           0.0.19                  -> 0.0.19
job-core	Checkout code	2025-10-07T14:12:14.8254123Z  * [new tag]           0.0.2                   -> 0.0.2
job-core	Checkout code	2025-10-07T14:12:14.8254477Z  * [new tag]           0.0.20                  -> 0.0.20
job-core	Checkout code	2025-10-07T14:12:14.8254817Z  * [new tag]           0.0.21                  -> 0.0.21
job-core	Checkout code	2025-10-07T14:12:14.8255159Z  * [new tag]           0.0.22                  -> 0.0.22
job-core	Checkout code	2025-10-07T14:12:14.8255494Z  * [new tag]           0.0.23                  -> 0.0.23
job-core	Checkout code	2025-10-07T14:12:14.8255834Z  * [new tag]           0.0.24                  -> 0.0.24
job-core	Checkout code	2025-10-07T14:12:14.8256173Z  * [new tag]           0.0.25                  -> 0.0.25
job-core	Checkout code	2025-10-07T14:12:14.8256515Z  * [new tag]           0.0.26                  -> 0.0.26
job-core	Checkout code	2025-10-07T14:12:14.8256854Z  * [new tag]           0.0.27                  -> 0.0.27
job-core	Checkout code	2025-10-07T14:12:14.8257189Z  * [new tag]           0.0.28                  -> 0.0.28
job-core	Checkout code	2025-10-07T14:12:14.8257577Z  * [new tag]           0.0.29                  -> 0.0.29
job-core	Checkout code	2025-10-07T14:12:14.8257913Z  * [new tag]           0.0.3                   -> 0.0.3
job-core	Checkout code	2025-10-07T14:12:14.8258257Z  * [new tag]           0.0.30                  -> 0.0.30
job-core	Checkout code	2025-10-07T14:12:14.8258604Z  * [new tag]           0.0.31                  -> 0.0.31
job-core	Checkout code	2025-10-07T14:12:14.8258946Z  * [new tag]           0.0.32                  -> 0.0.32
job-core	Checkout code	2025-10-07T14:12:14.8259287Z  * [new tag]           0.0.33                  -> 0.0.33
job-core	Checkout code	2025-10-07T14:12:14.8259625Z  * [new tag]           0.0.34                  -> 0.0.34
job-core	Checkout code	2025-10-07T14:12:14.8259976Z  * [new tag]           0.0.35                  -> 0.0.35
job-core	Checkout code	2025-10-07T14:12:14.8260320Z  * [new tag]           0.0.36                  -> 0.0.36
job-core	Checkout code	2025-10-07T14:12:14.8260661Z  * [new tag]           0.0.37                  -> 0.0.37
job-core	Checkout code	2025-10-07T14:12:14.8261003Z  * [new tag]           0.0.38                  -> 0.0.38
job-core	Checkout code	2025-10-07T14:12:14.8261342Z  * [new tag]           0.0.39                  -> 0.0.39
job-core	Checkout code	2025-10-07T14:12:14.8261678Z  * [new tag]           0.0.4                   -> 0.0.4
job-core	Checkout code	2025-10-07T14:12:14.8262020Z  * [new tag]           0.0.40                  -> 0.0.40
job-core	Checkout code	2025-10-07T14:12:14.8262363Z  * [new tag]           0.0.41                  -> 0.0.41
job-core	Checkout code	2025-10-07T14:12:14.8262863Z  * [new tag]           0.0.42                  -> 0.0.42
job-core	Checkout code	2025-10-07T14:12:14.8263206Z  * [new tag]           0.0.43                  -> 0.0.43
job-core	Checkout code	2025-10-07T14:12:14.8263548Z  * [new tag]           0.0.44                  -> 0.0.44
job-core	Checkout code	2025-10-07T14:12:14.8263886Z  * [new tag]           0.0.45                  -> 0.0.45
job-core	Checkout code	2025-10-07T14:12:14.8264225Z  * [new tag]           0.0.46                  -> 0.0.46
job-core	Checkout code	2025-10-07T14:12:14.8264563Z  * [new tag]           0.0.47                  -> 0.0.47
job-core	Checkout code	2025-10-07T14:12:14.8264903Z  * [new tag]           0.0.48                  -> 0.0.48
job-core	Checkout code	2025-10-07T14:12:14.8265243Z  * [new tag]           0.0.49                  -> 0.0.49
job-core	Checkout code	2025-10-07T14:12:14.8265586Z  * [new tag]           0.0.5                   -> 0.0.5
job-core	Checkout code	2025-10-07T14:12:14.8265928Z  * [new tag]           0.0.50                  -> 0.0.50
job-core	Checkout code	2025-10-07T14:12:14.8266271Z  * [new tag]           0.0.51                  -> 0.0.51
job-core	Checkout code	2025-10-07T14:12:14.8266615Z  * [new tag]           0.0.52                  -> 0.0.52
job-core	Checkout code	2025-10-07T14:12:14.8267089Z  * [new tag]           0.0.53                  -> 0.0.53
job-core	Checkout code	2025-10-07T14:12:14.8267469Z  * [new tag]           0.0.54                  -> 0.0.54
job-core	Checkout code	2025-10-07T14:12:14.8267808Z  * [new tag]           0.0.55                  -> 0.0.55
job-core	Checkout code	2025-10-07T14:12:14.8268148Z  * [new tag]           0.0.56                  -> 0.0.56
job-core	Checkout code	2025-10-07T14:12:14.8268487Z  * [new tag]           0.0.57                  -> 0.0.57
job-core	Checkout code	2025-10-07T14:12:14.8268827Z  * [new tag]           0.0.58                  -> 0.0.58
job-core	Checkout code	2025-10-07T14:12:14.8269164Z  * [new tag]           0.0.59                  -> 0.0.59
job-core	Checkout code	2025-10-07T14:12:14.8269504Z  * [new tag]           0.0.6                   -> 0.0.6
job-core	Checkout code	2025-10-07T14:12:14.8269845Z  * [new tag]           0.0.60                  -> 0.0.60
job-core	Checkout code	2025-10-07T14:12:14.8270182Z  * [new tag]           0.0.61                  -> 0.0.61
job-core	Checkout code	2025-10-07T14:12:14.8270588Z  * [new tag]           0.0.62                  -> 0.0.62
job-core	Checkout code	2025-10-07T14:12:14.8270938Z  * [new tag]           0.0.63                  -> 0.0.63
job-core	Checkout code	2025-10-07T14:12:14.8271278Z  * [new tag]           0.0.64                  -> 0.0.64
job-core	Checkout code	2025-10-07T14:12:14.8271618Z  * [new tag]           0.0.65                  -> 0.0.65
job-core	Checkout code	2025-10-07T14:12:14.8271953Z  * [new tag]           0.0.66                  -> 0.0.66
job-core	Checkout code	2025-10-07T14:12:14.8272291Z  * [new tag]           0.0.67                  -> 0.0.67
job-core	Checkout code	2025-10-07T14:12:14.8272630Z  * [new tag]           0.0.68                  -> 0.0.68
job-core	Checkout code	2025-10-07T14:12:14.8272965Z  * [new tag]           0.0.69                  -> 0.0.69
job-core	Checkout code	2025-10-07T14:12:14.8273306Z  * [new tag]           0.0.7                   -> 0.0.7
job-core	Checkout code	2025-10-07T14:12:14.8273643Z  * [new tag]           0.0.70                  -> 0.0.70
job-core	Checkout code	2025-10-07T14:12:14.8273986Z  * [new tag]           0.0.71                  -> 0.0.71
job-core	Checkout code	2025-10-07T14:12:14.8274327Z  * [new tag]           0.0.72                  -> 0.0.72
job-core	Checkout code	2025-10-07T14:12:14.8274665Z  * [new tag]           0.0.73                  -> 0.0.73
job-core	Checkout code	2025-10-07T14:12:14.8275010Z  * [new tag]           0.0.74                  -> 0.0.74
job-core	Checkout code	2025-10-07T14:12:14.8275375Z  * [new tag]           0.0.75                  -> 0.0.75
job-core	Checkout code	2025-10-07T14:12:14.8275715Z  * [new tag]           0.0.76                  -> 0.0.76
job-core	Checkout code	2025-10-07T14:12:14.8276052Z  * [new tag]           0.0.77                  -> 0.0.77
job-core	Checkout code	2025-10-07T14:12:14.8276412Z  * [new tag]           0.0.78                  -> 0.0.78
job-core	Checkout code	2025-10-07T14:12:14.8276750Z  * [new tag]           0.0.79                  -> 0.0.79
job-core	Checkout code	2025-10-07T14:12:14.8277086Z  * [new tag]           0.0.8                   -> 0.0.8
job-core	Checkout code	2025-10-07T14:12:14.8277606Z  * [new tag]           0.0.80                  -> 0.0.80
job-core	Checkout code	2025-10-07T14:12:14.8277958Z  * [new tag]           0.0.81                  -> 0.0.81
job-core	Checkout code	2025-10-07T14:12:14.8278306Z  * [new tag]           0.0.82                  -> 0.0.82
job-core	Checkout code	2025-10-07T14:12:14.8278772Z  * [new tag]           0.0.83                  -> 0.0.83
job-core	Checkout code	2025-10-07T14:12:14.8279111Z  * [new tag]           0.0.84                  -> 0.0.84
job-core	Checkout code	2025-10-07T14:12:14.8279612Z  * [new tag]           0.0.85                  -> 0.0.85
job-core	Checkout code	2025-10-07T14:12:14.8279958Z  * [new tag]           0.0.86                  -> 0.0.86
job-core	Checkout code	2025-10-07T14:12:14.8280297Z  * [new tag]           0.0.87                  -> 0.0.87
job-core	Checkout code	2025-10-07T14:12:14.8280631Z  * [new tag]           0.0.88                  -> 0.0.88
job-core	Checkout code	2025-10-07T14:12:14.8280969Z  * [new tag]           0.0.89                  -> 0.0.89
job-core	Checkout code	2025-10-07T14:12:14.8281308Z  * [new tag]           0.0.9                   -> 0.0.9
job-core	Checkout code	2025-10-07T14:12:14.8281645Z  * [new tag]           0.0.90                  -> 0.0.90
job-core	Checkout code	2025-10-07T14:12:14.8281987Z  * [new tag]           0.0.91                  -> 0.0.91
job-core	Checkout code	2025-10-07T14:12:14.8282328Z  * [new tag]           0.0.92                  -> 0.0.92
job-core	Checkout code	2025-10-07T14:12:14.8282669Z  * [new tag]           0.0.93                  -> 0.0.93
job-core	Checkout code	2025-10-07T14:12:14.8283005Z  * [new tag]           0.0.94                  -> 0.0.94
job-core	Checkout code	2025-10-07T14:12:14.8283344Z  * [new tag]           0.0.95                  -> 0.0.95
job-core	Checkout code	2025-10-07T14:12:14.8283724Z  * [new tag]           0.0.96                  -> 0.0.96
job-core	Checkout code	2025-10-07T14:12:14.8284348Z  * [new tag]           0.0.97                  -> 0.0.97
job-core	Checkout code	2025-10-07T14:12:14.8284777Z  * [new tag]           0.0.98                  -> 0.0.98
job-core	Checkout code	2025-10-07T14:12:14.8285267Z  * [new tag]           0.0.99                  -> 0.0.99
job-core	Checkout code	2025-10-07T14:12:14.8285716Z  * [new tag]           0.1.0                   -> 0.1.0
job-core	Checkout code	2025-10-07T14:12:14.8286253Z  * [new tag]           0.1.1                   -> 0.1.1
job-core	Checkout code	2025-10-07T14:12:14.8286771Z  * [new tag]           0.2.0                   -> 0.2.0
job-core	Checkout code	2025-10-07T14:12:14.8287295Z  * [new tag]           0.3.0                   -> 0.3.0
job-core	Checkout code	2025-10-07T14:12:14.8288523Z  * [new tag]           0.3.1                   -> 0.3.1
job-core	Checkout code	2025-10-07T14:12:14.8289193Z  * [new tag]           0.3.10                  -> 0.3.10
job-core	Checkout code	2025-10-07T14:12:14.8289613Z  * [new tag]           0.3.11                  -> 0.3.11
job-core	Checkout code	2025-10-07T14:12:14.8289981Z  * [new tag]           0.3.12                  -> 0.3.12
job-core	Checkout code	2025-10-07T14:12:14.8290353Z  * [new tag]           0.3.13                  -> 0.3.13
job-core	Checkout code	2025-10-07T14:12:14.8290708Z  * [new tag]           0.3.14                  -> 0.3.14
job-core	Checkout code	2025-10-07T14:12:14.8291051Z  * [new tag]           0.3.15                  -> 0.3.15
job-core	Checkout code	2025-10-07T14:12:14.8291391Z  * [new tag]           0.3.16                  -> 0.3.16
job-core	Checkout code	2025-10-07T14:12:14.8291738Z  * [new tag]           0.3.17                  -> 0.3.17
job-core	Checkout code	2025-10-07T14:12:14.8292086Z  * [new tag]           0.3.2                   -> 0.3.2
job-core	Checkout code	2025-10-07T14:12:14.8292430Z  * [new tag]           0.3.3                   -> 0.3.3
job-core	Checkout code	2025-10-07T14:12:14.8292772Z  * [new tag]           0.3.4                   -> 0.3.4
job-core	Checkout code	2025-10-07T14:12:14.8293110Z  * [new tag]           0.3.5                   -> 0.3.5
job-core	Checkout code	2025-10-07T14:12:14.8293443Z  * [new tag]           0.3.6                   -> 0.3.6
job-core	Checkout code	2025-10-07T14:12:14.8293783Z  * [new tag]           0.3.7                   -> 0.3.7
job-core	Checkout code	2025-10-07T14:12:14.8294121Z  * [new tag]           0.3.8                   -> 0.3.8
job-core	Checkout code	2025-10-07T14:12:14.8294463Z  * [new tag]           0.3.9                   -> 0.3.9
job-core	Checkout code	2025-10-07T14:12:14.8294802Z  * [new tag]           0.4.0                   -> 0.4.0
job-core	Checkout code	2025-10-07T14:12:14.8295142Z  * [new tag]           0.4.1                   -> 0.4.1
job-core	Checkout code	2025-10-07T14:12:14.8295478Z  * [new tag]           0.4.10                  -> 0.4.10
job-core	Checkout code	2025-10-07T14:12:14.8295818Z  * [new tag]           0.4.2                   -> 0.4.2
job-core	Checkout code	2025-10-07T14:12:14.8296150Z  * [new tag]           0.4.3                   -> 0.4.3
job-core	Checkout code	2025-10-07T14:12:14.8296497Z  * [new tag]           0.4.4                   -> 0.4.4
job-core	Checkout code	2025-10-07T14:12:14.8296832Z  * [new tag]           0.4.5                   -> 0.4.5
job-core	Checkout code	2025-10-07T14:12:14.8297171Z  * [new tag]           0.4.6                   -> 0.4.6
job-core	Checkout code	2025-10-07T14:12:14.8298023Z  * [new tag]           0.4.7                   -> 0.4.7
job-core	Checkout code	2025-10-07T14:12:14.8298370Z  * [new tag]           0.4.8                   -> 0.4.8
job-core	Checkout code	2025-10-07T14:12:14.8298701Z  * [new tag]           0.4.9                   -> 0.4.9
job-core	Checkout code	2025-10-07T14:12:14.8545648Z [command]/usr/bin/git branch --list --remote origin/main
job-core	Checkout code	2025-10-07T14:12:14.8611811Z   origin/main
job-core	Checkout code	2025-10-07T14:12:14.8705805Z [command]/usr/bin/git rev-parse refs/remotes/origin/main
job-core	Checkout code	2025-10-07T14:12:14.8706451Z f1e63af9ca2b0c31c5afca5f22f83fe7c5cc4679
job-core	Checkout code	2025-10-07T14:12:14.8707595Z ##[endgroup]
job-core	Checkout code	2025-10-07T14:12:14.8708065Z ##[group]Determining the checkout info
job-core	Checkout code	2025-10-07T14:12:14.8708523Z ##[endgroup]
job-core	Checkout code	2025-10-07T14:12:14.8708849Z [command]/usr/bin/git sparse-checkout disable
job-core	Checkout code	2025-10-07T14:12:14.8746632Z [command]/usr/bin/git config --local --unset-all extensions.worktreeConfig
job-core	Checkout code	2025-10-07T14:12:14.8778874Z ##[group]Checking out the ref
job-core	Checkout code	2025-10-07T14:12:14.8785151Z [command]/usr/bin/git checkout --progress --force -B main refs/remotes/origin/main
job-core	Checkout code	2025-10-07T14:12:15.6846659Z Switched to a new branch 'main'
job-core	Checkout code	2025-10-07T14:12:15.6849893Z branch 'main' set up to track 'origin/main'.
job-core	Checkout code	2025-10-07T14:12:15.6957605Z ##[endgroup]
job-core	Checkout code	2025-10-07T14:12:15.7000090Z [command]/usr/bin/git log -1 --format=%H
job-core	Checkout code	2025-10-07T14:12:15.7026972Z f1e63af9ca2b0c31c5afca5f22f83fe7c5cc4679
job-core	Login to Docker Hub	﻿2025-10-07T14:12:15.7242123Z ##[group]Run docker/login-action@v3
job-core	Login to Docker Hub	2025-10-07T14:12:15.7242443Z with:
job-core	Login to Docker Hub	2025-10-07T14:12:15.7242774Z   username: ***
job-core	Login to Docker Hub	2025-10-07T14:12:15.7243059Z   password: ***
job-core	Login to Docker Hub	2025-10-07T14:12:15.7243263Z   logout: true
job-core	Login to Docker Hub	2025-10-07T14:12:15.7243451Z env:
job-core	Login to Docker Hub	2025-10-07T14:12:15.7244115Z   GITHUB_TOKEN: ***
job-core	Login to Docker Hub	2025-10-07T14:12:15.7244365Z   KAOS_MODULE: [Ka0s] Personalized Image Runners
job-core	Login to Docker Hub	2025-10-07T14:12:15.7244656Z   KAOS_CODE: 18315492683
job-core	Login to Docker Hub	2025-10-07T14:12:15.7244883Z   KAOS_PATH_SCAN: audit/scan/
job-core	Login to Docker Hub	2025-10-07T14:12:15.7245115Z ##[endgroup]
job-core	Login to Docker Hub	2025-10-07T14:12:16.0468095Z Logging into docker.io...
job-core	Login to Docker Hub	2025-10-07T14:12:17.1050559Z Login Succeeded!
job-core	Build image	﻿2025-10-07T14:12:17.1211644Z ##[group]Run # Construimos la imagen
job-core	Build image	2025-10-07T14:12:17.1212217Z [36;1m# Construimos la imagen[0m
job-core	Build image	2025-10-07T14:12:17.1212677Z [36;1msudo docker build -t itsm-runner:test -f core/runner/itsm-runner//test//Dockerfile . || true[0m
job-core	Build image	2025-10-07T14:12:17.1213196Z [36;1mecho "Se ha generado la imagen itsm-runner:test...."[0m
job-core	Build image	2025-10-07T14:12:17.1213554Z [36;1msudo usermod -aG docker runner [0m
job-core	Build image	2025-10-07T14:12:17.1225705Z shell: /usr/bin/bash -e {0}
job-core	Build image	2025-10-07T14:12:17.1226105Z env:
job-core	Build image	2025-10-07T14:12:17.1227018Z   GITHUB_TOKEN: ***
job-core	Build image	2025-10-07T14:12:17.1227277Z   KAOS_MODULE: [Ka0s] Personalized Image Runners
job-core	Build image	2025-10-07T14:12:17.1228057Z   KAOS_CODE: 18315492683
job-core	Build image	2025-10-07T14:12:17.1228287Z   KAOS_PATH_SCAN: audit/scan/
job-core	Build image	2025-10-07T14:12:17.1228517Z ##[endgroup]
job-core	Build image	2025-10-07T14:12:17.3738568Z #0 building with "default" instance using docker driver
job-core	Build image	2025-10-07T14:12:17.3739285Z 
job-core	Build image	2025-10-07T14:12:17.3739529Z #1 [internal] load build definition from Dockerfile
job-core	Build image	2025-10-07T14:12:17.3746702Z #1 transferring dockerfile: 859B done
job-core	Build image	2025-10-07T14:12:17.3747144Z #1 DONE 0.0s
job-core	Build image	2025-10-07T14:12:17.3747265Z 
job-core	Build image	2025-10-07T14:12:17.3747544Z #2 [internal] load metadata for ghcr.io/actions/actions-runner:latest
job-core	Build image	2025-10-07T14:12:17.3747922Z #2 DONE 0.0s
job-core	Build image	2025-10-07T14:12:17.3748040Z 
job-core	Build image	2025-10-07T14:12:17.3748159Z #3 [internal] load .dockerignore
job-core	Build image	2025-10-07T14:12:17.3748438Z #3 transferring context: 2B done
job-core	Build image	2025-10-07T14:12:17.3748685Z #3 DONE 0.0s
job-core	Build image	2025-10-07T14:12:17.3748801Z 
job-core	Build image	2025-10-07T14:12:17.3748966Z #4 [1/4] FROM ghcr.io/actions/actions-runner:latest
job-core	Build image	2025-10-07T14:12:17.3749271Z #4 DONE 0.0s
job-core	Build image	2025-10-07T14:12:17.3749384Z 
job-core	Build image	2025-10-07T14:12:17.3750148Z #5 [3/4] RUN apt-get update &&     export DEBIAN_FRONTEND=noninteractive &&     ln -fs /usr/share/zoneinfo/Europe/Madrid /etc/localtime &&     dpkg-reconfigure --frontend noninteractive tzdata &&     apt-get upgrade -y
job-core	Build image	2025-10-07T14:12:17.3751048Z #5 CACHED
job-core	Build image	2025-10-07T14:12:17.3757855Z 
job-core	Build image	2025-10-07T14:12:17.3759115Z #6 [2/4] RUN apt-get update &&     apt-get install -y --no-install-recommends net-tools nano acl jq python3 pip bc ca-certificates     tzdata apt-utils apt-transport-https curl wget git gnupg gh &&     openssl &&     dpkg-reconfigure --frontend noninteractive tzdata
job-core	Build image	2025-10-07T14:12:17.3760333Z #6 CACHED
job-core	Build image	2025-10-07T14:12:17.3760448Z 
job-core	Build image	2025-10-07T14:12:17.3760961Z #7 [4/4] WORKDIR /home/runner
job-core	Build image	2025-10-07T14:12:17.3761211Z #7 CACHED
job-core	Build image	2025-10-07T14:12:17.3761317Z 
job-core	Build image	2025-10-07T14:12:17.3761415Z #8 exporting to image
job-core	Build image	2025-10-07T14:12:17.3761642Z #8 exporting layers done
job-core	Build image	2025-10-07T14:12:17.3762516Z #8 writing image sha256:4c3290409e036b2cf5078fa185d5ac2119e0af6c8c575c0e6c4bf099d15b3e46 done
job-core	Build image	2025-10-07T14:12:17.3763049Z #8 naming to docker.io/library/itsm-runner:test done
job-core	Build image	2025-10-07T14:12:17.3763480Z #8 DONE 0.0s
job-core	Build image	2025-10-07T14:12:17.3790425Z Se ha generado la imagen itsm-runner:test....
handle_failure	Set up job	﻿2025-10-07T14:37:22.6670617Z Current runner version: '2.328.0'
handle_failure	Set up job	2025-10-07T14:37:22.6686847Z Runner name: '857e1aec64e6'
handle_failure	Set up job	2025-10-07T14:37:22.6688498Z Runner group name: 'swarm-runners'
handle_failure	Set up job	2025-10-07T14:37:22.6793331Z Machine name: '857e1aec64e6'
handle_failure	Set up job	2025-10-07T14:37:22.6830112Z ##[group]GITHUB_TOKEN Permissions
handle_failure	Set up job	2025-10-07T14:37:22.6842430Z Actions: write
handle_failure	Set up job	2025-10-07T14:37:22.6855570Z Contents: read
handle_failure	Set up job	2025-10-07T14:37:22.6864958Z Issues: write
handle_failure	Set up job	2025-10-07T14:37:22.6866098Z Metadata: read
handle_failure	Set up job	2025-10-07T14:37:22.6885543Z ##[endgroup]
handle_failure	Set up job	2025-10-07T14:37:22.6919869Z Secret source: Actions
handle_failure	Set up job	2025-10-07T14:37:22.7404281Z Prepare workflow directory
handle_failure	Set up job	2025-10-07T14:37:23.1928396Z Prepare all required actions
handle_failure	Set up job	2025-10-07T14:37:23.2387174Z Getting action download info
handle_failure	Set up job	2025-10-07T14:37:24.4102039Z Download action repository 'actions/checkout@v4' (SHA:08eba0b27e820071cde6df949e0beb9ba4906955)
handle_failure	Set up job	2025-10-07T14:37:25.5526280Z Complete job name: handle_failure
handle_failure	Checkout code	﻿2025-10-07T14:37:25.6864964Z ##[group]Run actions/checkout@v4
handle_failure	Checkout code	2025-10-07T14:37:25.6867503Z with:
handle_failure	Checkout code	2025-10-07T14:37:25.6868685Z   fetch-depth: 0
handle_failure	Checkout code	2025-10-07T14:37:25.6871366Z   token: ***
handle_failure	Checkout code	2025-10-07T14:37:25.6872328Z   repository: Ka0s-Klaus/ka0s
handle_failure	Checkout code	2025-10-07T14:37:25.6873434Z   ssh-strict: true
handle_failure	Checkout code	2025-10-07T14:37:25.6874421Z   ssh-user: git
handle_failure	Checkout code	2025-10-07T14:37:25.6876108Z   persist-credentials: true
handle_failure	Checkout code	2025-10-07T14:37:25.6877323Z   clean: true
handle_failure	Checkout code	2025-10-07T14:37:25.6878193Z   sparse-checkout-cone-mode: true
handle_failure	Checkout code	2025-10-07T14:37:25.6879422Z   fetch-tags: false
handle_failure	Checkout code	2025-10-07T14:37:25.6880554Z   show-progress: true
handle_failure	Checkout code	2025-10-07T14:37:25.6881780Z   lfs: false
handle_failure	Checkout code	2025-10-07T14:37:25.6882647Z   submodules: false
handle_failure	Checkout code	2025-10-07T14:37:25.6883641Z   set-safe-directory: true
handle_failure	Checkout code	2025-10-07T14:37:25.6885332Z env:
handle_failure	Checkout code	2025-10-07T14:37:25.6887623Z   GITHUB_TOKEN: ***
handle_failure	Checkout code	2025-10-07T14:37:25.6888732Z   KAOS_MODULE: [Ka0s] Personalized Image Runners
handle_failure	Checkout code	2025-10-07T14:37:25.6890267Z   KAOS_CODE: 18315492683
handle_failure	Checkout code	2025-10-07T14:37:25.6891295Z   KAOS_PATH_SCAN: audit/scan/
handle_failure	Checkout code	2025-10-07T14:37:25.6893054Z ##[endgroup]
handle_failure	Checkout code	2025-10-07T14:37:26.0917400Z Syncing repository: Ka0s-Klaus/ka0s
handle_failure	Checkout code	2025-10-07T14:37:26.0921771Z ##[group]Getting Git version info
handle_failure	Checkout code	2025-10-07T14:37:26.0923350Z Working directory is '/home/runner/_work/ka0s/ka0s'
handle_failure	Checkout code	2025-10-07T14:37:26.0925480Z [command]/usr/bin/git version
handle_failure	Checkout code	2025-10-07T14:37:26.0926576Z git version 2.51.0
handle_failure	Checkout code	2025-10-07T14:37:26.1056609Z ##[endgroup]
handle_failure	Checkout code	2025-10-07T14:37:26.1110098Z Temporarily overriding HOME='/home/runner/_work/_temp/b1b2683b-c358-4a01-b9cf-b5470df15679' before making global git config changes
handle_failure	Checkout code	2025-10-07T14:37:26.1163583Z Adding repository directory to the temporary git global config as a safe directory
handle_failure	Checkout code	2025-10-07T14:37:26.1203868Z [command]/usr/bin/git config --global --add safe.directory /home/runner/_work/ka0s/ka0s
handle_failure	Checkout code	2025-10-07T14:37:26.1304545Z Deleting the contents of '/home/runner/_work/ka0s/ka0s'
handle_failure	Checkout code	2025-10-07T14:37:26.1311527Z ##[group]Initializing the repository
handle_failure	Checkout code	2025-10-07T14:37:26.1377312Z [command]/usr/bin/git init /home/runner/_work/ka0s/ka0s
handle_failure	Checkout code	2025-10-07T14:37:26.1628964Z hint: Using 'master' as the name for the initial branch. This default branch name
handle_failure	Checkout code	2025-10-07T14:37:26.1632293Z hint: is subject to change. To configure the initial branch name to use in all
handle_failure	Checkout code	2025-10-07T14:37:26.1634973Z hint: of your new repositories, which will suppress this warning, call:
handle_failure	Checkout code	2025-10-07T14:37:26.1637041Z hint:
handle_failure	Checkout code	2025-10-07T14:37:26.1638582Z hint: 	git config --global init.defaultBranch <name>
handle_failure	Checkout code	2025-10-07T14:37:26.1640418Z hint:
handle_failure	Checkout code	2025-10-07T14:37:26.1642079Z hint: Names commonly chosen instead of 'master' are 'main', 'trunk' and
handle_failure	Checkout code	2025-10-07T14:37:26.1644782Z hint: 'development'. The just-created branch can be renamed via this command:
handle_failure	Checkout code	2025-10-07T14:37:26.1647130Z hint:
handle_failure	Checkout code	2025-10-07T14:37:26.1648771Z hint: 	git branch -m <name>
handle_failure	Checkout code	2025-10-07T14:37:26.1692989Z hint:
handle_failure	Checkout code	2025-10-07T14:37:26.1694736Z hint: Disable this message with "git config set advice.defaultBranchName false"
handle_failure	Checkout code	2025-10-07T14:37:26.1696948Z Initialized empty Git repository in /home/runner/_work/ka0s/ka0s/.git/
handle_failure	Checkout code	2025-10-07T14:37:26.1725030Z [command]/usr/bin/git remote add origin https://github.com/Ka0s-Klaus/ka0s
handle_failure	Checkout code	2025-10-07T14:37:26.1852275Z ##[endgroup]
handle_failure	Checkout code	2025-10-07T14:37:26.1857446Z ##[group]Disabling automatic garbage collection
handle_failure	Checkout code	2025-10-07T14:37:26.1873331Z [command]/usr/bin/git config --local gc.auto 0
handle_failure	Checkout code	2025-10-07T14:37:26.2153201Z ##[endgroup]
handle_failure	Checkout code	2025-10-07T14:37:26.2158222Z ##[group]Setting up auth
handle_failure	Checkout code	2025-10-07T14:37:26.2208852Z [command]/usr/bin/git config --local --name-only --get-regexp core\.sshCommand
handle_failure	Checkout code	2025-10-07T14:37:26.2358169Z [command]/usr/bin/git submodule foreach --recursive sh -c "git config --local --name-only --get-regexp 'core\.sshCommand' && git config --local --unset-all 'core.sshCommand' || :"
handle_failure	Checkout code	2025-10-07T14:37:26.3762048Z [command]/usr/bin/git config --local --name-only --get-regexp http\.https\:\/\/github\.com\/\.extraheader
handle_failure	Checkout code	2025-10-07T14:37:26.3934806Z [command]/usr/bin/git submodule foreach --recursive sh -c "git config --local --name-only --get-regexp 'http\.https\:\/\/github\.com\/\.extraheader' && git config --local --unset-all 'http.https://github.com/.extraheader' || :"
handle_failure	Checkout code	2025-10-07T14:37:26.5050868Z [command]/usr/bin/git config --local http.https://github.com/.extraheader AUTHORIZATION: basic ***
handle_failure	Checkout code	2025-10-07T14:37:26.5125875Z ##[endgroup]
handle_failure	Checkout code	2025-10-07T14:37:26.5127865Z ##[group]Fetching the repository
handle_failure	Checkout code	2025-10-07T14:37:26.5157049Z [command]/usr/bin/git -c protocol.version=2 fetch --prune --no-recurse-submodules origin +refs/heads/*:refs/remotes/origin/* +refs/tags/*:refs/tags/*
handle_failure	Checkout code	2025-10-07T14:38:22.7283779Z From https://github.com/Ka0s-Klaus/ka0s
handle_failure	Checkout code	2025-10-07T14:38:22.7311448Z  * [new branch]        F1149-desarrollo-de-orchestrator -> origin/F1149-desarrollo-de-orchestrator
handle_failure	Checkout code	2025-10-07T14:38:22.7325787Z  * [new branch]        F1183-personalización-módulo-finops -> origin/F1183-personalización-módulo-finops
handle_failure	Checkout code	2025-10-07T14:38:22.7361197Z  * [new branch]        F1224-new-module-mongodb -> origin/F1224-new-module-mongodb
handle_failure	Checkout code	2025-10-07T14:38:22.7441312Z  * [new branch]        F220-web-de-resultados  -> origin/F220-web-de-resultados
handle_failure	Checkout code	2025-10-07T14:38:22.7482177Z  * [new branch]        F227-despliegue-de-kube-independiente-del-clouder -> origin/F227-despliegue-de-kube-independiente-del-clouder
handle_failure	Checkout code	2025-10-07T14:38:22.7485371Z  * [new branch]        F329-documentacion-metodologia-de-kaos -> origin/F329-documentacion-metodologia-de-kaos
handle_failure	Checkout code	2025-10-07T14:38:22.7488151Z  * [new branch]        F44-creación-módulo-versionado -> origin/F44-creación-módulo-versionado
handle_failure	Checkout code	2025-10-07T14:38:22.7640416Z  * [new branch]        H1128-módulo-de-observabilidad -> origin/H1128-módulo-de-observabilidad
handle_failure	Checkout code	2025-10-07T14:38:22.7642861Z  * [new branch]        H1139-como-instalar-arc-control -> origin/H1139-como-instalar-arc-control
handle_failure	Checkout code	2025-10-07T14:38:22.7671878Z  * [new branch]        H1149-desarrollo-de-orchestrator -> origin/H1149-desarrollo-de-orchestrator
handle_failure	Checkout code	2025-10-07T14:38:22.7674718Z  * [new branch]        H1150-desarrollo-de-secciones -> origin/H1150-desarrollo-de-secciones
handle_failure	Checkout code	2025-10-07T14:38:22.7677222Z  * [new branch]        H1151-desarrollo-de-secciones-ii -> origin/H1151-desarrollo-de-secciones-ii
handle_failure	Checkout code	2025-10-07T14:38:22.7683143Z  * [new branch]        H1152-desarrollo-inicio -> origin/H1152-desarrollo-inicio
handle_failure	Checkout code	2025-10-07T14:38:22.7686043Z  * [new branch]        H1183-personalización-módulo-finops -> origin/H1183-personalización-módulo-finops
handle_failure	Checkout code	2025-10-07T14:38:22.7735625Z  * [new branch]        H1193-ejemplo-web-documentacion -> origin/H1193-ejemplo-web-documentacion
handle_failure	Checkout code	2025-10-07T14:38:22.7740541Z  * [new branch]        H1205-web-creation      -> origin/H1205-web-creation
handle_failure	Checkout code	2025-10-07T14:38:22.7771681Z  * [new branch]        H1224-new-module-mongodb -> origin/H1224-new-module-mongodb
handle_failure	Checkout code	2025-10-07T14:38:22.7774129Z  * [new branch]        H1410-modulo-execution  -> origin/H1410-modulo-execution
handle_failure	Checkout code	2025-10-07T14:38:22.7776952Z  * [new branch]        H1514-new-swarm-deployment-stack-with-actions-runners-autoscale -> origin/H1514-new-swarm-deployment-stack-with-actions-runners-autoscale
handle_failure	Checkout code	2025-10-07T14:38:22.7780729Z  * [new branch]        H1646-modulo-de-control-de-runners -> origin/H1646-modulo-de-control-de-runners
handle_failure	Checkout code	2025-10-07T14:38:22.7784984Z  * [new branch]        H215-modulo-de-summary  -> origin/H215-modulo-de-summary
handle_failure	Checkout code	2025-10-07T14:38:22.7788905Z  * [new branch]        H220-web-de-resultados  -> origin/H220-web-de-resultados
handle_failure	Checkout code	2025-10-07T14:38:22.7797272Z  * [new branch]        H227-despliegue-de-kube-independiente-del-clouder -> origin/H227-despliegue-de-kube-independiente-del-clouder
handle_failure	Checkout code	2025-10-07T14:38:22.7799656Z  * [new branch]        H306-ficheros-de-estadisticas -> origin/H306-ficheros-de-estadisticas
handle_failure	Checkout code	2025-10-07T14:38:22.7801796Z  * [new branch]        H328-documentacion-modulo-principal-de-kaos -> origin/H328-documentacion-modulo-principal-de-kaos
handle_failure	Checkout code	2025-10-07T14:38:22.7804057Z  * [new branch]        H329-documentacion-metodologia-de-kaos -> origin/H329-documentacion-metodologia-de-kaos
handle_failure	Checkout code	2025-10-07T14:38:22.7806198Z  * [new branch]        H338-relanzador-de-jobs-en-caso-de-pattern -> origin/H338-relanzador-de-jobs-en-caso-de-pattern
handle_failure	Checkout code	2025-10-07T14:38:22.7808337Z  * [new branch]        H38-documentacion-basica-del-proyecto -> origin/H38-documentacion-basica-del-proyecto
handle_failure	Checkout code	2025-10-07T14:38:22.7844886Z  * [new branch]        H44-creación-módulo-versionado -> origin/H44-creación-módulo-versionado
handle_failure	Checkout code	2025-10-07T14:38:22.7846891Z  * [new branch]        RN1149-desarrollo-de-orchestrator -> origin/RN1149-desarrollo-de-orchestrator
handle_failure	Checkout code	2025-10-07T14:38:22.7849282Z  * [new branch]        RN1183-personalización-módulo-finops -> origin/RN1183-personalización-módulo-finops
handle_failure	Checkout code	2025-10-07T14:38:22.7852303Z  * [new branch]        RN1282-ka0s-error-detected-in-ka0s-workflow-statistics-summary -> origin/RN1282-ka0s-error-detected-in-ka0s-workflow-statistics-summary
handle_failure	Checkout code	2025-10-07T14:38:22.7854776Z  * [new branch]        RN220-web-de-resultados -> origin/RN220-web-de-resultados
handle_failure	Checkout code	2025-10-07T14:38:22.7856926Z  * [new branch]        RN227-despliegue-de-kube-independiente-del-clouder -> origin/RN227-despliegue-de-kube-independiente-del-clouder
handle_failure	Checkout code	2025-10-07T14:38:22.7859739Z  * [new branch]        RN329-documentacion-metodologia-de-kaos -> origin/RN329-documentacion-metodologia-de-kaos
handle_failure	Checkout code	2025-10-07T14:38:22.7861120Z  * [new branch]        main                    -> origin/main
handle_failure	Checkout code	2025-10-07T14:38:22.7861984Z  * [new tag]           0.0.0                   -> 0.0.0
handle_failure	Checkout code	2025-10-07T14:38:22.7862806Z  * [new tag]           0.0.1                   -> 0.0.1
handle_failure	Checkout code	2025-10-07T14:38:22.7863651Z  * [new tag]           0.0.10                  -> 0.0.10
handle_failure	Checkout code	2025-10-07T14:38:22.7864468Z  * [new tag]           0.0.100                 -> 0.0.100
handle_failure	Checkout code	2025-10-07T14:38:22.7865346Z  * [new tag]           0.0.101                 -> 0.0.101
handle_failure	Checkout code	2025-10-07T14:38:22.7866190Z  * [new tag]           0.0.102                 -> 0.0.102
handle_failure	Checkout code	2025-10-07T14:38:22.7867088Z  * [new tag]           0.0.103                 -> 0.0.103
handle_failure	Checkout code	2025-10-07T14:38:22.7867808Z  * [new tag]           0.0.104                 -> 0.0.104
handle_failure	Checkout code	2025-10-07T14:38:22.7868785Z  * [new tag]           0.0.105                 -> 0.0.105
handle_failure	Checkout code	2025-10-07T14:38:22.7890865Z  * [new tag]           0.0.106                 -> 0.0.106
handle_failure	Checkout code	2025-10-07T14:38:22.7892222Z  * [new tag]           0.0.107                 -> 0.0.107
handle_failure	Checkout code	2025-10-07T14:38:22.7893245Z  * [new tag]           0.0.108                 -> 0.0.108
handle_failure	Checkout code	2025-10-07T14:38:22.7894232Z  * [new tag]           0.0.109                 -> 0.0.109
handle_failure	Checkout code	2025-10-07T14:38:22.7895191Z  * [new tag]           0.0.11                  -> 0.0.11
handle_failure	Checkout code	2025-10-07T14:38:22.7896188Z  * [new tag]           0.0.110                 -> 0.0.110
handle_failure	Checkout code	2025-10-07T14:38:22.7897144Z  * [new tag]           0.0.111                 -> 0.0.111
handle_failure	Checkout code	2025-10-07T14:38:22.7898133Z  * [new tag]           0.0.112                 -> 0.0.112
handle_failure	Checkout code	2025-10-07T14:38:22.7899094Z  * [new tag]           0.0.113                 -> 0.0.113
handle_failure	Checkout code	2025-10-07T14:38:22.8164581Z  * [new tag]           0.0.114                 -> 0.0.114
handle_failure	Checkout code	2025-10-07T14:38:22.8165807Z  * [new tag]           0.0.115                 -> 0.0.115
handle_failure	Checkout code	2025-10-07T14:38:22.8166731Z  * [new tag]           0.0.116                 -> 0.0.116
handle_failure	Checkout code	2025-10-07T14:38:22.8167687Z  * [new tag]           0.0.117                 -> 0.0.117
handle_failure	Checkout code	2025-10-07T14:38:22.8168663Z  * [new tag]           0.0.118                 -> 0.0.118
handle_failure	Checkout code	2025-10-07T14:38:22.8170253Z  * [new tag]           0.0.119                 -> 0.0.119
handle_failure	Checkout code	2025-10-07T14:38:22.8171164Z  * [new tag]           0.0.12                  -> 0.0.12
handle_failure	Checkout code	2025-10-07T14:38:22.8172069Z  * [new tag]           0.0.120                 -> 0.0.120
handle_failure	Checkout code	2025-10-07T14:38:22.8172981Z  * [new tag]           0.0.121                 -> 0.0.121
handle_failure	Checkout code	2025-10-07T14:38:22.8173901Z  * [new tag]           0.0.122                 -> 0.0.122
handle_failure	Checkout code	2025-10-07T14:38:22.8174844Z  * [new tag]           0.0.123                 -> 0.0.123
handle_failure	Checkout code	2025-10-07T14:38:22.8175844Z  * [new tag]           0.0.124                 -> 0.0.124
handle_failure	Checkout code	2025-10-07T14:38:22.8176741Z  * [new tag]           0.0.125                 -> 0.0.125
handle_failure	Checkout code	2025-10-07T14:38:22.8177645Z  * [new tag]           0.0.126                 -> 0.0.126
handle_failure	Checkout code	2025-10-07T14:38:22.8178544Z  * [new tag]           0.0.127                 -> 0.0.127
handle_failure	Checkout code	2025-10-07T14:38:22.8179440Z  * [new tag]           0.0.128                 -> 0.0.128
handle_failure	Checkout code	2025-10-07T14:38:22.8180697Z  * [new tag]           0.0.129                 -> 0.0.129
handle_failure	Checkout code	2025-10-07T14:38:22.8181619Z  * [new tag]           0.0.13                  -> 0.0.13
handle_failure	Checkout code	2025-10-07T14:38:22.8182521Z  * [new tag]           0.0.130                 -> 0.0.130
handle_failure	Checkout code	2025-10-07T14:38:22.8183426Z  * [new tag]           0.0.131                 -> 0.0.131
handle_failure	Checkout code	2025-10-07T14:38:22.8184396Z  * [new tag]           0.0.132                 -> 0.0.132
handle_failure	Checkout code	2025-10-07T14:38:22.8185384Z  * [new tag]           0.0.133                 -> 0.0.133
handle_failure	Checkout code	2025-10-07T14:38:22.8186294Z  * [new tag]           0.0.134                 -> 0.0.134
handle_failure	Checkout code	2025-10-07T14:38:22.8187215Z  * [new tag]           0.0.135                 -> 0.0.135
handle_failure	Checkout code	2025-10-07T14:38:22.8188297Z  * [new tag]           0.0.136                 -> 0.0.136
handle_failure	Checkout code	2025-10-07T14:38:22.8189277Z  * [new tag]           0.0.137                 -> 0.0.137
handle_failure	Checkout code	2025-10-07T14:38:22.8218495Z  * [new tag]           0.0.138                 -> 0.0.138
handle_failure	Checkout code	2025-10-07T14:38:22.8219698Z  * [new tag]           0.0.139                 -> 0.0.139
handle_failure	Checkout code	2025-10-07T14:38:22.8220614Z  * [new tag]           0.0.14                  -> 0.0.14
handle_failure	Checkout code	2025-10-07T14:38:22.8221510Z  * [new tag]           0.0.140                 -> 0.0.140
handle_failure	Checkout code	2025-10-07T14:38:22.8222406Z  * [new tag]           0.0.141                 -> 0.0.141
handle_failure	Checkout code	2025-10-07T14:38:22.8223304Z  * [new tag]           0.0.142                 -> 0.0.142
handle_failure	Checkout code	2025-10-07T14:38:22.8224210Z  * [new tag]           0.0.143                 -> 0.0.143
handle_failure	Checkout code	2025-10-07T14:38:22.8225099Z  * [new tag]           0.0.144                 -> 0.0.144
handle_failure	Checkout code	2025-10-07T14:38:22.8226026Z  * [new tag]           0.0.145                 -> 0.0.145
handle_failure	Checkout code	2025-10-07T14:38:22.8227043Z  * [new tag]           0.0.146                 -> 0.0.146
handle_failure	Checkout code	2025-10-07T14:38:22.8227968Z  * [new tag]           0.0.147                 -> 0.0.147
handle_failure	Checkout code	2025-10-07T14:38:22.8228884Z  * [new tag]           0.0.148                 -> 0.0.148
handle_failure	Checkout code	2025-10-07T14:38:22.8229890Z  * [new tag]           0.0.149                 -> 0.0.149
handle_failure	Checkout code	2025-10-07T14:38:22.8230813Z  * [new tag]           0.0.15                  -> 0.0.15
handle_failure	Checkout code	2025-10-07T14:38:22.8231737Z  * [new tag]           0.0.150                 -> 0.0.150
handle_failure	Checkout code	2025-10-07T14:38:22.8232616Z  * [new tag]           0.0.151                 -> 0.0.151
handle_failure	Checkout code	2025-10-07T14:38:22.8233429Z  * [new tag]           0.0.152                 -> 0.0.152
handle_failure	Checkout code	2025-10-07T14:38:22.8234302Z  * [new tag]           0.0.153                 -> 0.0.153
handle_failure	Checkout code	2025-10-07T14:38:22.8235188Z  * [new tag]           0.0.154                 -> 0.0.154
handle_failure	Checkout code	2025-10-07T14:38:22.8236062Z  * [new tag]           0.0.155                 -> 0.0.155
handle_failure	Checkout code	2025-10-07T14:38:22.8236993Z  * [new tag]           0.0.156                 -> 0.0.156
handle_failure	Checkout code	2025-10-07T14:38:22.8237944Z  * [new tag]           0.0.157                 -> 0.0.157
handle_failure	Checkout code	2025-10-07T14:38:22.8238828Z  * [new tag]           0.0.158                 -> 0.0.158
handle_failure	Checkout code	2025-10-07T14:38:22.8303382Z  * [new tag]           0.0.159                 -> 0.0.159
handle_failure	Checkout code	2025-10-07T14:38:22.8304648Z  * [new tag]           0.0.16                  -> 0.0.16
handle_failure	Checkout code	2025-10-07T14:38:22.8305573Z  * [new tag]           0.0.160                 -> 0.0.160
handle_failure	Checkout code	2025-10-07T14:38:22.8306523Z  * [new tag]           0.0.161                 -> 0.0.161
handle_failure	Checkout code	2025-10-07T14:38:22.8307906Z  * [new tag]           0.0.162                 -> 0.0.162
handle_failure	Checkout code	2025-10-07T14:38:22.8308827Z  * [new tag]           0.0.163                 -> 0.0.163
handle_failure	Checkout code	2025-10-07T14:38:22.8309837Z  * [new tag]           0.0.164                 -> 0.0.164
handle_failure	Checkout code	2025-10-07T14:38:22.8310682Z  * [new tag]           0.0.165                 -> 0.0.165
handle_failure	Checkout code	2025-10-07T14:38:22.8311563Z  * [new tag]           0.0.166                 -> 0.0.166
handle_failure	Checkout code	2025-10-07T14:38:22.8312485Z  * [new tag]           0.0.167                 -> 0.0.167
handle_failure	Checkout code	2025-10-07T14:38:22.8313457Z  * [new tag]           0.0.168                 -> 0.0.168
handle_failure	Checkout code	2025-10-07T14:38:22.8314437Z  * [new tag]           0.0.169                 -> 0.0.169
handle_failure	Checkout code	2025-10-07T14:38:22.8315386Z  * [new tag]           0.0.17                  -> 0.0.17
handle_failure	Checkout code	2025-10-07T14:38:22.8316690Z  * [new tag]           0.0.170                 -> 0.0.170
handle_failure	Checkout code	2025-10-07T14:38:22.8318100Z  * [new tag]           0.0.171                 -> 0.0.171
handle_failure	Checkout code	2025-10-07T14:38:22.8319116Z  * [new tag]           0.0.172                 -> 0.0.172
handle_failure	Checkout code	2025-10-07T14:38:22.8320189Z  * [new tag]           0.0.173                 -> 0.0.173
handle_failure	Checkout code	2025-10-07T14:38:22.8320968Z  * [new tag]           0.0.174                 -> 0.0.174
handle_failure	Checkout code	2025-10-07T14:38:22.8321762Z  * [new tag]           0.0.175                 -> 0.0.175
handle_failure	Checkout code	2025-10-07T14:38:22.8322627Z  * [new tag]           0.0.176                 -> 0.0.176
handle_failure	Checkout code	2025-10-07T14:38:22.8323491Z  * [new tag]           0.0.177                 -> 0.0.177
handle_failure	Checkout code	2025-10-07T14:38:22.8324341Z  * [new tag]           0.0.178                 -> 0.0.178
handle_failure	Checkout code	2025-10-07T14:38:22.8325246Z  * [new tag]           0.0.179                 -> 0.0.179
handle_failure	Checkout code	2025-10-07T14:38:22.8326139Z  * [new tag]           0.0.18                  -> 0.0.18
handle_failure	Checkout code	2025-10-07T14:38:22.8326993Z  * [new tag]           0.0.19                  -> 0.0.19
handle_failure	Checkout code	2025-10-07T14:38:22.8328382Z  * [new tag]           0.0.2                   -> 0.0.2
handle_failure	Checkout code	2025-10-07T14:38:22.8329379Z  * [new tag]           0.0.20                  -> 0.0.20
handle_failure	Checkout code	2025-10-07T14:38:22.8360832Z  * [new tag]           0.0.21                  -> 0.0.21
handle_failure	Checkout code	2025-10-07T14:38:22.8361825Z  * [new tag]           0.0.22                  -> 0.0.22
handle_failure	Checkout code	2025-10-07T14:38:22.8362747Z  * [new tag]           0.0.23                  -> 0.0.23
handle_failure	Checkout code	2025-10-07T14:38:22.8363645Z  * [new tag]           0.0.24                  -> 0.0.24
handle_failure	Checkout code	2025-10-07T14:38:22.8364575Z  * [new tag]           0.0.25                  -> 0.0.25
handle_failure	Checkout code	2025-10-07T14:38:22.8365481Z  * [new tag]           0.0.26                  -> 0.0.26
handle_failure	Checkout code	2025-10-07T14:38:22.8366378Z  * [new tag]           0.0.27                  -> 0.0.27
handle_failure	Checkout code	2025-10-07T14:38:22.8367320Z  * [new tag]           0.0.28                  -> 0.0.28
handle_failure	Checkout code	2025-10-07T14:38:22.8368235Z  * [new tag]           0.0.29                  -> 0.0.29
handle_failure	Checkout code	2025-10-07T14:38:22.8369116Z  * [new tag]           0.0.3                   -> 0.0.3
handle_failure	Checkout code	2025-10-07T14:38:22.8370155Z  * [new tag]           0.0.30                  -> 0.0.30
handle_failure	Checkout code	2025-10-07T14:38:22.8371072Z  * [new tag]           0.0.31                  -> 0.0.31
handle_failure	Checkout code	2025-10-07T14:38:22.8371991Z  * [new tag]           0.0.32                  -> 0.0.32
handle_failure	Checkout code	2025-10-07T14:38:22.8445969Z  * [new tag]           0.0.33                  -> 0.0.33
handle_failure	Checkout code	2025-10-07T14:38:22.8447014Z  * [new tag]           0.0.34                  -> 0.0.34
handle_failure	Checkout code	2025-10-07T14:38:22.8447945Z  * [new tag]           0.0.35                  -> 0.0.35
handle_failure	Checkout code	2025-10-07T14:38:22.8448862Z  * [new tag]           0.0.36                  -> 0.0.36
handle_failure	Checkout code	2025-10-07T14:38:22.8449935Z  * [new tag]           0.0.37                  -> 0.0.37
handle_failure	Checkout code	2025-10-07T14:38:22.8450862Z  * [new tag]           0.0.38                  -> 0.0.38
handle_failure	Checkout code	2025-10-07T14:38:22.8451783Z  * [new tag]           0.0.39                  -> 0.0.39
handle_failure	Checkout code	2025-10-07T14:38:22.8452610Z  * [new tag]           0.0.4                   -> 0.0.4
handle_failure	Checkout code	2025-10-07T14:38:22.8453541Z  * [new tag]           0.0.40                  -> 0.0.40
handle_failure	Checkout code	2025-10-07T14:38:22.8454548Z  * [new tag]           0.0.41                  -> 0.0.41
handle_failure	Checkout code	2025-10-07T14:38:22.8455539Z  * [new tag]           0.0.42                  -> 0.0.42
handle_failure	Checkout code	2025-10-07T14:38:22.8456956Z  * [new tag]           0.0.43                  -> 0.0.43
handle_failure	Checkout code	2025-10-07T14:38:22.8458155Z  * [new tag]           0.0.44                  -> 0.0.44
handle_failure	Checkout code	2025-10-07T14:38:22.8459243Z  * [new tag]           0.0.45                  -> 0.0.45
handle_failure	Checkout code	2025-10-07T14:38:22.8460323Z  * [new tag]           0.0.46                  -> 0.0.46
handle_failure	Checkout code	2025-10-07T14:38:22.8461332Z  * [new tag]           0.0.47                  -> 0.0.47
handle_failure	Checkout code	2025-10-07T14:38:22.8462283Z  * [new tag]           0.0.48                  -> 0.0.48
handle_failure	Checkout code	2025-10-07T14:38:22.8463591Z  * [new tag]           0.0.49                  -> 0.0.49
handle_failure	Checkout code	2025-10-07T14:38:22.8464676Z  * [new tag]           0.0.5                   -> 0.0.5
handle_failure	Checkout code	2025-10-07T14:38:22.8465545Z  * [new tag]           0.0.50                  -> 0.0.50
handle_failure	Checkout code	2025-10-07T14:38:22.8466417Z  * [new tag]           0.0.51                  -> 0.0.51
handle_failure	Checkout code	2025-10-07T14:38:22.8467331Z  * [new tag]           0.0.52                  -> 0.0.52
handle_failure	Checkout code	2025-10-07T14:38:22.8468538Z  * [new tag]           0.0.53                  -> 0.0.53
handle_failure	Checkout code	2025-10-07T14:38:22.8469455Z  * [new tag]           0.0.54                  -> 0.0.54
handle_failure	Checkout code	2025-10-07T14:38:22.8501259Z  * [new tag]           0.0.55                  -> 0.0.55
handle_failure	Checkout code	2025-10-07T14:38:22.8502286Z  * [new tag]           0.0.56                  -> 0.0.56
handle_failure	Checkout code	2025-10-07T14:38:22.8503218Z  * [new tag]           0.0.57                  -> 0.0.57
handle_failure	Checkout code	2025-10-07T14:38:22.8504132Z  * [new tag]           0.0.58                  -> 0.0.58
handle_failure	Checkout code	2025-10-07T14:38:22.8505003Z  * [new tag]           0.0.59                  -> 0.0.59
handle_failure	Checkout code	2025-10-07T14:38:22.8505865Z  * [new tag]           0.0.6                   -> 0.0.6
handle_failure	Checkout code	2025-10-07T14:38:22.8506773Z  * [new tag]           0.0.60                  -> 0.0.60
handle_failure	Checkout code	2025-10-07T14:38:22.8507688Z  * [new tag]           0.0.61                  -> 0.0.61
handle_failure	Checkout code	2025-10-07T14:38:22.8508596Z  * [new tag]           0.0.62                  -> 0.0.62
handle_failure	Checkout code	2025-10-07T14:38:22.8509487Z  * [new tag]           0.0.63                  -> 0.0.63
handle_failure	Checkout code	2025-10-07T14:38:22.8510614Z  * [new tag]           0.0.64                  -> 0.0.64
handle_failure	Checkout code	2025-10-07T14:38:22.8511540Z  * [new tag]           0.0.65                  -> 0.0.65
handle_failure	Checkout code	2025-10-07T14:38:22.8512431Z  * [new tag]           0.0.66                  -> 0.0.66
handle_failure	Checkout code	2025-10-07T14:38:22.8513323Z  * [new tag]           0.0.67                  -> 0.0.67
handle_failure	Checkout code	2025-10-07T14:38:22.8514223Z  * [new tag]           0.0.68                  -> 0.0.68
handle_failure	Checkout code	2025-10-07T14:38:22.8515143Z  * [new tag]           0.0.69                  -> 0.0.69
handle_failure	Checkout code	2025-10-07T14:38:22.8516235Z  * [new tag]           0.0.7                   -> 0.0.7
handle_failure	Checkout code	2025-10-07T14:38:22.8517158Z  * [new tag]           0.0.70                  -> 0.0.70
handle_failure	Checkout code	2025-10-07T14:38:22.8518045Z  * [new tag]           0.0.71                  -> 0.0.71
handle_failure	Checkout code	2025-10-07T14:38:22.8518965Z  * [new tag]           0.0.72                  -> 0.0.72
handle_failure	Checkout code	2025-10-07T14:38:22.8519980Z  * [new tag]           0.0.73                  -> 0.0.73
handle_failure	Checkout code	2025-10-07T14:38:22.8520906Z  * [new tag]           0.0.74                  -> 0.0.74
handle_failure	Checkout code	2025-10-07T14:38:22.8521807Z  * [new tag]           0.0.75                  -> 0.0.75
handle_failure	Checkout code	2025-10-07T14:38:22.8522705Z  * [new tag]           0.0.76                  -> 0.0.76
handle_failure	Checkout code	2025-10-07T14:38:22.8523612Z  * [new tag]           0.0.77                  -> 0.0.77
handle_failure	Checkout code	2025-10-07T14:38:22.8524500Z  * [new tag]           0.0.78                  -> 0.0.78
handle_failure	Checkout code	2025-10-07T14:38:22.8525374Z  * [new tag]           0.0.79                  -> 0.0.79
handle_failure	Checkout code	2025-10-07T14:38:22.8526287Z  * [new tag]           0.0.8                   -> 0.0.8
handle_failure	Checkout code	2025-10-07T14:38:22.8527209Z  * [new tag]           0.0.80                  -> 0.0.80
handle_failure	Checkout code	2025-10-07T14:38:22.8528283Z  * [new tag]           0.0.81                  -> 0.0.81
handle_failure	Checkout code	2025-10-07T14:38:22.8529245Z  * [new tag]           0.0.82                  -> 0.0.82
handle_failure	Checkout code	2025-10-07T14:38:22.8620865Z  * [new tag]           0.0.83                  -> 0.0.83
handle_failure	Checkout code	2025-10-07T14:38:22.8621982Z  * [new tag]           0.0.84                  -> 0.0.84
handle_failure	Checkout code	2025-10-07T14:38:22.8623088Z  * [new tag]           0.0.85                  -> 0.0.85
handle_failure	Checkout code	2025-10-07T14:38:22.8624041Z  * [new tag]           0.0.86                  -> 0.0.86
handle_failure	Checkout code	2025-10-07T14:38:22.8625304Z  * [new tag]           0.0.87                  -> 0.0.87
handle_failure	Checkout code	2025-10-07T14:38:22.8626106Z  * [new tag]           0.0.88                  -> 0.0.88
handle_failure	Checkout code	2025-10-07T14:38:22.8626961Z  * [new tag]           0.0.89                  -> 0.0.89
handle_failure	Checkout code	2025-10-07T14:38:22.8627794Z  * [new tag]           0.0.9                   -> 0.0.9
handle_failure	Checkout code	2025-10-07T14:38:22.8628594Z  * [new tag]           0.0.90                  -> 0.0.90
handle_failure	Checkout code	2025-10-07T14:38:22.8629422Z  * [new tag]           0.0.91                  -> 0.0.91
handle_failure	Checkout code	2025-10-07T14:38:22.8630377Z  * [new tag]           0.0.92                  -> 0.0.92
handle_failure	Checkout code	2025-10-07T14:38:22.8631311Z  * [new tag]           0.0.93                  -> 0.0.93
handle_failure	Checkout code	2025-10-07T14:38:22.8632323Z  * [new tag]           0.0.94                  -> 0.0.94
handle_failure	Checkout code	2025-10-07T14:38:22.8633566Z  * [new tag]           0.0.95                  -> 0.0.95
handle_failure	Checkout code	2025-10-07T14:38:22.8634523Z  * [new tag]           0.0.96                  -> 0.0.96
handle_failure	Checkout code	2025-10-07T14:38:22.8636167Z  * [new tag]           0.0.97                  -> 0.0.97
handle_failure	Checkout code	2025-10-07T14:38:22.8637594Z  * [new tag]           0.0.98                  -> 0.0.98
handle_failure	Checkout code	2025-10-07T14:38:22.8638543Z  * [new tag]           0.0.99                  -> 0.0.99
handle_failure	Checkout code	2025-10-07T14:38:22.8639408Z  * [new tag]           0.1.0                   -> 0.1.0
handle_failure	Checkout code	2025-10-07T14:38:22.8640632Z  * [new tag]           0.1.1                   -> 0.1.1
handle_failure	Checkout code	2025-10-07T14:38:22.8641587Z  * [new tag]           0.2.0                   -> 0.2.0
handle_failure	Checkout code	2025-10-07T14:38:22.8642958Z  * [new tag]           0.3.0                   -> 0.3.0
handle_failure	Checkout code	2025-10-07T14:38:22.8644517Z  * [new tag]           0.3.1                   -> 0.3.1
handle_failure	Checkout code	2025-10-07T14:38:22.8645695Z  * [new tag]           0.3.10                  -> 0.3.10
handle_failure	Checkout code	2025-10-07T14:38:22.8647188Z  * [new tag]           0.3.11                  -> 0.3.11
handle_failure	Checkout code	2025-10-07T14:38:22.8648497Z  * [new tag]           0.3.12                  -> 0.3.12
handle_failure	Checkout code	2025-10-07T14:38:22.8680351Z  * [new tag]           0.3.13                  -> 0.3.13
handle_failure	Checkout code	2025-10-07T14:38:22.8693916Z  * [new tag]           0.3.14                  -> 0.3.14
handle_failure	Checkout code	2025-10-07T14:38:22.8695016Z  * [new tag]           0.3.15                  -> 0.3.15
handle_failure	Checkout code	2025-10-07T14:38:22.8695961Z  * [new tag]           0.3.16                  -> 0.3.16
handle_failure	Checkout code	2025-10-07T14:38:22.8696888Z  * [new tag]           0.3.17                  -> 0.3.17
handle_failure	Checkout code	2025-10-07T14:38:22.8697827Z  * [new tag]           0.3.2                   -> 0.3.2
handle_failure	Checkout code	2025-10-07T14:38:22.8698742Z  * [new tag]           0.3.3                   -> 0.3.3
handle_failure	Checkout code	2025-10-07T14:38:22.8748466Z  * [new tag]           0.3.4                   -> 0.3.4
handle_failure	Checkout code	2025-10-07T14:38:22.8790995Z  * [new tag]           0.3.5                   -> 0.3.5
handle_failure	Checkout code	2025-10-07T14:38:22.8792317Z  * [new tag]           0.3.6                   -> 0.3.6
handle_failure	Checkout code	2025-10-07T14:38:22.8793305Z  * [new tag]           0.3.7                   -> 0.3.7
handle_failure	Checkout code	2025-10-07T14:38:22.8794242Z  * [new tag]           0.3.8                   -> 0.3.8
handle_failure	Checkout code	2025-10-07T14:38:22.8794931Z  * [new tag]           0.3.9                   -> 0.3.9
handle_failure	Checkout code	2025-10-07T14:38:22.8795763Z  * [new tag]           0.4.0                   -> 0.4.0
handle_failure	Checkout code	2025-10-07T14:38:22.8796590Z  * [new tag]           0.4.1                   -> 0.4.1
handle_failure	Checkout code	2025-10-07T14:38:22.8797462Z  * [new tag]           0.4.10                  -> 0.4.10
handle_failure	Checkout code	2025-10-07T14:38:22.8798308Z  * [new tag]           0.4.2                   -> 0.4.2
handle_failure	Checkout code	2025-10-07T14:38:22.8799144Z  * [new tag]           0.4.3                   -> 0.4.3
handle_failure	Checkout code	2025-10-07T14:38:22.8800188Z  * [new tag]           0.4.4                   -> 0.4.4
handle_failure	Checkout code	2025-10-07T14:38:22.8800917Z  * [new tag]           0.4.5                   -> 0.4.5
handle_failure	Checkout code	2025-10-07T14:38:22.8801656Z  * [new tag]           0.4.6                   -> 0.4.6
handle_failure	Checkout code	2025-10-07T14:38:22.8802469Z  * [new tag]           0.4.7                   -> 0.4.7
handle_failure	Checkout code	2025-10-07T14:38:22.8803257Z  * [new tag]           0.4.8                   -> 0.4.8
handle_failure	Checkout code	2025-10-07T14:38:22.8804085Z  * [new tag]           0.4.9                   -> 0.4.9
handle_failure	Checkout code	2025-10-07T14:38:23.1271642Z [command]/usr/bin/git branch --list --remote origin/main
handle_failure	Checkout code	2025-10-07T14:38:23.2152816Z   origin/main
handle_failure	Checkout code	2025-10-07T14:38:23.2242850Z [command]/usr/bin/git rev-parse refs/remotes/origin/main
handle_failure	Checkout code	2025-10-07T14:38:23.2491739Z 5f3bbf8cb3dc66cefffb38b8b49af3d5a75918ce
handle_failure	Checkout code	2025-10-07T14:38:23.2664858Z [command]/usr/bin/git -c protocol.version=2 fetch --no-tags --prune --no-recurse-submodules origin +f1e63af9ca2b0c31c5afca5f22f83fe7c5cc4679:refs/remotes/origin/main
handle_failure	Checkout code	2025-10-07T14:38:23.4577014Z From https://github.com/Ka0s-Klaus/ka0s
handle_failure	Checkout code	2025-10-07T14:38:23.4613302Z  + 5f3bbf8c...f1e63af9 f1e63af9ca2b0c31c5afca5f22f83fe7c5cc4679 -> origin/main  (forced update)
handle_failure	Checkout code	2025-10-07T14:38:23.4896427Z ##[endgroup]
handle_failure	Checkout code	2025-10-07T14:38:23.4897615Z ##[group]Determining the checkout info
handle_failure	Checkout code	2025-10-07T14:38:23.4924089Z ##[endgroup]
handle_failure	Checkout code	2025-10-07T14:38:23.4989390Z [command]/usr/bin/git sparse-checkout disable
handle_failure	Checkout code	2025-10-07T14:38:23.5555253Z [command]/usr/bin/git config --local --unset-all extensions.worktreeConfig
handle_failure	Checkout code	2025-10-07T14:38:23.6312286Z ##[group]Checking out the ref
handle_failure	Checkout code	2025-10-07T14:38:23.6344838Z [command]/usr/bin/git checkout --progress --force -B main refs/remotes/origin/main
handle_failure	Checkout code	2025-10-07T14:38:24.7280984Z Updating files:  29% (230/791)
handle_failure	Checkout code	2025-10-07T14:38:24.8200399Z Updating files:  30% (238/791)
handle_failure	Checkout code	2025-10-07T14:38:24.8460333Z Updating files:  31% (246/791)
handle_failure	Checkout code	2025-10-07T14:38:24.9143494Z Updating files:  32% (254/791)
handle_failure	Checkout code	2025-10-07T14:38:24.9276430Z Updating files:  33% (262/791)
handle_failure	Checkout code	2025-10-07T14:38:24.9436752Z Updating files:  34% (269/791)
handle_failure	Checkout code	2025-10-07T14:38:24.9442581Z Updating files:  35% (277/791)
handle_failure	Checkout code	2025-10-07T14:38:24.9448119Z Updating files:  36% (285/791)
handle_failure	Checkout code	2025-10-07T14:38:24.9852259Z Updating files:  37% (293/791)
handle_failure	Checkout code	2025-10-07T14:38:24.9906655Z Updating files:  38% (301/791)
handle_failure	Checkout code	2025-10-07T14:38:24.9975687Z Updating files:  39% (309/791)
handle_failure	Checkout code	2025-10-07T14:38:25.0070848Z Updating files:  40% (317/791)
handle_failure	Checkout code	2025-10-07T14:38:25.0080631Z Updating files:  41% (325/791)
handle_failure	Checkout code	2025-10-07T14:38:25.2353589Z Updating files:  42% (333/791)
handle_failure	Checkout code	2025-10-07T14:38:25.2388173Z Updating files:  43% (341/791)
handle_failure	Checkout code	2025-10-07T14:38:25.2492575Z Updating files:  44% (349/791)
handle_failure	Checkout code	2025-10-07T14:38:25.2545787Z Updating files:  45% (356/791)
handle_failure	Checkout code	2025-10-07T14:38:25.2547395Z Updating files:  46% (364/791)
handle_failure	Checkout code	2025-10-07T14:38:25.2548265Z Updating files:  47% (372/791)
handle_failure	Checkout code	2025-10-07T14:38:25.2662603Z Updating files:  48% (380/791)
handle_failure	Checkout code	2025-10-07T14:38:25.2700235Z Updating files:  49% (388/791)
handle_failure	Checkout code	2025-10-07T14:38:25.2701391Z Updating files:  50% (396/791)
handle_failure	Checkout code	2025-10-07T14:38:25.2734551Z Updating files:  51% (404/791)
handle_failure	Checkout code	2025-10-07T14:38:25.2777573Z Updating files:  52% (412/791)
handle_failure	Checkout code	2025-10-07T14:38:25.2821834Z Updating files:  53% (420/791)
handle_failure	Checkout code	2025-10-07T14:38:25.2991460Z Updating files:  54% (428/791)
handle_failure	Checkout code	2025-10-07T14:38:25.2992720Z Updating files:  55% (436/791)
handle_failure	Checkout code	2025-10-07T14:38:25.3542572Z Updating files:  56% (443/791)
handle_failure	Checkout code	2025-10-07T14:38:25.4823862Z Updating files:  57% (451/791)
handle_failure	Checkout code	2025-10-07T14:38:25.5901985Z Updating files:  58% (459/791)
handle_failure	Checkout code	2025-10-07T14:38:25.7096424Z Updating files:  59% (467/791)
handle_failure	Checkout code	2025-10-07T14:38:25.7952523Z Updating files:  60% (475/791)
handle_failure	Checkout code	2025-10-07T14:38:25.8945011Z Updating files:  61% (483/791)
handle_failure	Checkout code	2025-10-07T14:38:26.0263769Z Updating files:  62% (491/791)
handle_failure	Checkout code	2025-10-07T14:38:26.1306450Z Updating files:  63% (499/791)
handle_failure	Checkout code	2025-10-07T14:38:26.3137081Z Updating files:  64% (507/791)
handle_failure	Checkout code	2025-10-07T14:38:26.4700375Z Updating files:  65% (515/791)
handle_failure	Checkout code	2025-10-07T14:38:26.6450621Z Updating files:  66% (523/791)
handle_failure	Checkout code	2025-10-07T14:38:26.6993208Z Updating files:  67% (530/791)
handle_failure	Checkout code	2025-10-07T14:38:26.8582228Z Updating files:  67% (532/791)
handle_failure	Checkout code	2025-10-07T14:38:27.0340955Z Updating files:  68% (538/791)
handle_failure	Checkout code	2025-10-07T14:38:27.3242066Z Updating files:  69% (546/791)
handle_failure	Checkout code	2025-10-07T14:38:27.4770356Z Updating files:  70% (554/791)
handle_failure	Checkout code	2025-10-07T14:38:27.4777671Z Updating files:  71% (562/791)
handle_failure	Checkout code	2025-10-07T14:38:27.4778704Z Updating files:  72% (570/791)
handle_failure	Checkout code	2025-10-07T14:38:27.4904185Z Updating files:  73% (578/791)
handle_failure	Checkout code	2025-10-07T14:38:27.4907427Z Updating files:  74% (586/791)
handle_failure	Checkout code	2025-10-07T14:38:27.4908276Z Updating files:  75% (594/791)
handle_failure	Checkout code	2025-10-07T14:38:27.4924183Z Updating files:  76% (602/791)
handle_failure	Checkout code	2025-10-07T14:38:27.5021810Z Updating files:  77% (610/791)
handle_failure	Checkout code	2025-10-07T14:38:27.5325073Z Updating files:  78% (617/791)
handle_failure	Checkout code	2025-10-07T14:38:27.5406871Z Updating files:  79% (625/791)
handle_failure	Checkout code	2025-10-07T14:38:27.5475011Z Updating files:  80% (633/791)
handle_failure	Checkout code	2025-10-07T14:38:27.5520315Z Updating files:  81% (641/791)
handle_failure	Checkout code	2025-10-07T14:38:27.5573153Z Updating files:  82% (649/791)
handle_failure	Checkout code	2025-10-07T14:38:27.5624210Z Updating files:  83% (657/791)
handle_failure	Checkout code	2025-10-07T14:38:27.5782089Z Updating files:  84% (665/791)
handle_failure	Checkout code	2025-10-07T14:38:27.5800084Z Updating files:  85% (673/791)
handle_failure	Checkout code	2025-10-07T14:38:27.5846351Z Updating files:  86% (681/791)
handle_failure	Checkout code	2025-10-07T14:38:27.6062638Z Updating files:  87% (689/791)
handle_failure	Checkout code	2025-10-07T14:38:27.6063786Z Updating files:  88% (697/791)
handle_failure	Checkout code	2025-10-07T14:38:27.6089868Z Updating files:  89% (704/791)
handle_failure	Checkout code	2025-10-07T14:38:27.6108601Z Updating files:  90% (712/791)
handle_failure	Checkout code	2025-10-07T14:38:27.6185799Z Updating files:  91% (720/791)
handle_failure	Checkout code	2025-10-07T14:38:27.6212124Z Updating files:  92% (728/791)
handle_failure	Checkout code	2025-10-07T14:38:27.6241700Z Updating files:  93% (736/791)
handle_failure	Checkout code	2025-10-07T14:38:27.6264626Z Updating files:  94% (744/791)
handle_failure	Checkout code	2025-10-07T14:38:27.6312865Z Updating files:  95% (752/791)
handle_failure	Checkout code	2025-10-07T14:38:27.6327620Z Updating files:  96% (760/791)
handle_failure	Checkout code	2025-10-07T14:38:27.6374111Z Updating files:  97% (768/791)
handle_failure	Checkout code	2025-10-07T14:38:27.6414118Z Updating files:  98% (776/791)
handle_failure	Checkout code	2025-10-07T14:38:27.6432678Z Updating files:  99% (784/791)
handle_failure	Checkout code	2025-10-07T14:38:27.6438492Z Updating files: 100% (791/791)
handle_failure	Checkout code	2025-10-07T14:38:27.6442678Z Updating files: 100% (791/791), done.
handle_failure	Checkout code	2025-10-07T14:38:27.6623893Z Switched to a new branch 'main'
handle_failure	Checkout code	2025-10-07T14:38:27.6625192Z branch 'main' set up to track 'origin/main'.
handle_failure	Checkout code	2025-10-07T14:38:27.7123388Z ##[endgroup]
handle_failure	Checkout code	2025-10-07T14:38:27.7503461Z [command]/usr/bin/git log -1 --format=%H
handle_failure	Checkout code	2025-10-07T14:38:27.7653898Z f1e63af9ca2b0c31c5afca5f22f83fe7c5cc4679
handle_failure	handle-failure-execution	﻿2025-10-07T14:38:28.0144483Z ##[group]Run echo "Error detected in process itsm-runner:test ka0score/itsm-runner:test"
handle_failure	handle-failure-execution	2025-10-07T14:38:28.0146975Z [36;1mecho "Error detected in process itsm-runner:test ka0score/itsm-runner:test"[0m
handle_failure	handle-failure-execution	2025-10-07T14:38:28.0148881Z [36;1m# RNNUMBER=$(echo "refs/heads/main" | grep -o '[0-9]*')[0m
handle_failure	handle-failure-execution	2025-10-07T14:38:28.0210842Z [36;1m# gh issue comment $RNNUMBER --body "El proceso no ha finalizado correctamente 18315492683. El resultado está en el fichero core/results/event_data18315492683.log"[0m
handle_failure	handle-failure-execution	2025-10-07T14:38:28.0221623Z [36;1m# Creamos la issue dado que ha fallado el modulo principal[0m
handle_failure	handle-failure-execution	2025-10-07T14:38:28.0224456Z [36;1mgh issue create  --title "[Ka0S] Error detected in [Ka0s] Personalized Image Runners" --body "Error detected in [Ka0s] Personalized Image Runners. Please check the logs for 18315492683 more information of error."[0m
handle_failure	handle-failure-execution	2025-10-07T14:38:28.0419196Z shell: /usr/bin/bash -e {0}
handle_failure	handle-failure-execution	2025-10-07T14:38:28.0419880Z env:
handle_failure	handle-failure-execution	2025-10-07T14:38:28.0421323Z   GITHUB_TOKEN: ***
handle_failure	handle-failure-execution	2025-10-07T14:38:28.0421923Z   KAOS_MODULE: [Ka0s] Personalized Image Runners
handle_failure	handle-failure-execution	2025-10-07T14:38:28.0422550Z   KAOS_CODE: 18315492683
handle_failure	handle-failure-execution	2025-10-07T14:38:28.0423020Z   KAOS_PATH_SCAN: audit/scan/
handle_failure	handle-failure-execution	2025-10-07T14:38:28.0423785Z   GH_TOKEN: ***
handle_failure	handle-failure-execution	2025-10-07T14:38:28.0424182Z ##[endgroup]
handle_failure	handle-failure-execution	2025-10-07T14:38:28.0857935Z Error detected in process itsm-runner:test ka0score/itsm-runner:test
handle_failure	handle-failure-execution	2025-10-07T14:38:29.3245753Z https://github.com/Ka0s-Klaus/ka0s/issues/1851
handle_failure	Post Checkout code	﻿2025-10-07T14:38:29.5336754Z Post job cleanup.
handle_failure	Post Checkout code	2025-10-07T14:38:30.4943020Z [command]/usr/bin/git version
handle_failure	Post Checkout code	2025-10-07T14:38:30.5402381Z git version 2.51.0
handle_failure	Post Checkout code	2025-10-07T14:38:30.6541809Z Temporarily overriding HOME='/home/runner/_work/_temp/5ff54aae-dea2-4121-88e8-b55b5065af6c' before making global git config changes
handle_failure	Post Checkout code	2025-10-07T14:38:30.6557447Z Adding repository directory to the temporary git global config as a safe directory
handle_failure	Post Checkout code	2025-10-07T14:38:30.6600478Z [command]/usr/bin/git config --global --add safe.directory /home/runner/_work/ka0s/ka0s
handle_failure	Post Checkout code	2025-10-07T14:38:30.7331102Z [command]/usr/bin/git config --local --name-only --get-regexp core\.sshCommand
handle_failure	Post Checkout code	2025-10-07T14:38:30.7988882Z [command]/usr/bin/git submodule foreach --recursive sh -c "git config --local --name-only --get-regexp 'core\.sshCommand' && git config --local --unset-all 'core.sshCommand' || :"
handle_failure	Post Checkout code	2025-10-07T14:38:31.1113908Z [command]/usr/bin/git config --local --name-only --get-regexp http\.https\:\/\/github\.com\/\.extraheader
handle_failure	Post Checkout code	2025-10-07T14:38:31.1502940Z http.https://github.com/.extraheader
handle_failure	Post Checkout code	2025-10-07T14:38:31.1734276Z [command]/usr/bin/git config --local --unset-all http.https://github.com/.extraheader
handle_failure	Post Checkout code	2025-10-07T14:38:31.2854023Z [command]/usr/bin/git submodule foreach --recursive sh -c "git config --local --name-only --get-regexp 'http\.https\:\/\/github\.com\/\.extraheader' && git config --local --unset-all 'http.https://github.com/.extraheader' || :"
handle_failure	Complete job	﻿2025-10-07T14:38:31.5471190Z Cleaning up orphan processes
end-workflow	Set up job	﻿2025-10-07T14:38:36.7272115Z Current runner version: '2.328.0'
end-workflow	Set up job	2025-10-07T14:38:36.7280812Z Runner name: 'd473bd290d4e'
end-workflow	Set up job	2025-10-07T14:38:36.7281895Z Runner group name: 'swarm-runners'
end-workflow	Set up job	2025-10-07T14:38:36.7282910Z Machine name: 'd473bd290d4e'
end-workflow	Set up job	2025-10-07T14:38:36.7286453Z ##[group]GITHUB_TOKEN Permissions
end-workflow	Set up job	2025-10-07T14:38:36.7289603Z Actions: write
end-workflow	Set up job	2025-10-07T14:38:36.7290231Z Contents: read
end-workflow	Set up job	2025-10-07T14:38:36.7290907Z Issues: write
end-workflow	Set up job	2025-10-07T14:38:36.7291462Z Metadata: read
end-workflow	Set up job	2025-10-07T14:38:36.7291999Z ##[endgroup]
end-workflow	Set up job	2025-10-07T14:38:36.7294305Z Secret source: Actions
end-workflow	Set up job	2025-10-07T14:38:36.7295063Z Prepare workflow directory
end-workflow	Set up job	2025-10-07T14:38:36.7951514Z Prepare all required actions
end-workflow	Set up job	2025-10-07T14:38:36.7995877Z Getting action download info
end-workflow	Set up job	2025-10-07T14:38:37.5130794Z Download action repository 'actions/checkout@v4' (SHA:08eba0b27e820071cde6df949e0beb9ba4906955)
end-workflow	Set up job	2025-10-07T14:38:38.3995152Z Complete job name: end-workflow
end-workflow	Checkout code	﻿2025-10-07T14:38:38.4693352Z ##[group]Run actions/checkout@v4
end-workflow	Checkout code	2025-10-07T14:38:38.4695150Z with:
end-workflow	Checkout code	2025-10-07T14:38:38.4696058Z   fetch-depth: 0
end-workflow	Checkout code	2025-10-07T14:38:38.4697934Z   token: ***
end-workflow	Checkout code	2025-10-07T14:38:38.4698804Z   repository: Ka0s-Klaus/ka0s
end-workflow	Checkout code	2025-10-07T14:38:38.4699779Z   ssh-strict: true
end-workflow	Checkout code	2025-10-07T14:38:38.4700602Z   ssh-user: git
end-workflow	Checkout code	2025-10-07T14:38:38.4701447Z   persist-credentials: true
end-workflow	Checkout code	2025-10-07T14:38:38.4702402Z   clean: true
end-workflow	Checkout code	2025-10-07T14:38:38.4703263Z   sparse-checkout-cone-mode: true
end-workflow	Checkout code	2025-10-07T14:38:38.4704304Z   fetch-tags: false
end-workflow	Checkout code	2025-10-07T14:38:38.4705170Z   show-progress: true
end-workflow	Checkout code	2025-10-07T14:38:38.4706028Z   lfs: false
end-workflow	Checkout code	2025-10-07T14:38:38.4706846Z   submodules: false
end-workflow	Checkout code	2025-10-07T14:38:38.4708095Z   set-safe-directory: true
end-workflow	Checkout code	2025-10-07T14:38:38.4709369Z env:
end-workflow	Checkout code	2025-10-07T14:38:38.4711523Z   GITHUB_TOKEN: ***
end-workflow	Checkout code	2025-10-07T14:38:38.4736686Z   KAOS_MODULE: [Ka0s] Personalized Image Runners
end-workflow	Checkout code	2025-10-07T14:38:38.4738720Z   KAOS_CODE: 18315492683
end-workflow	Checkout code	2025-10-07T14:38:38.4739664Z   KAOS_PATH_SCAN: audit/scan/
end-workflow	Checkout code	2025-10-07T14:38:38.4741117Z   GH_TOKEN: ***
end-workflow	Checkout code	2025-10-07T14:38:38.4742028Z ##[endgroup]
end-workflow	Checkout code	2025-10-07T14:38:38.6181666Z Syncing repository: Ka0s-Klaus/ka0s
end-workflow	Checkout code	2025-10-07T14:38:38.6185445Z ##[group]Getting Git version info
end-workflow	Checkout code	2025-10-07T14:38:38.6186780Z Working directory is '/home/runner/_work/ka0s/ka0s'
end-workflow	Checkout code	2025-10-07T14:38:38.6188917Z [command]/usr/bin/git version
end-workflow	Checkout code	2025-10-07T14:38:38.6189909Z git version 2.51.0
end-workflow	Checkout code	2025-10-07T14:38:38.6193089Z ##[endgroup]
end-workflow	Checkout code	2025-10-07T14:38:38.6211205Z Temporarily overriding HOME='/home/runner/_work/_temp/faba7da5-ad6f-455b-9eea-230ed01ba2e2' before making global git config changes
end-workflow	Checkout code	2025-10-07T14:38:38.6214338Z Adding repository directory to the temporary git global config as a safe directory
end-workflow	Checkout code	2025-10-07T14:38:38.6217244Z [command]/usr/bin/git config --global --add safe.directory /home/runner/_work/ka0s/ka0s
end-workflow	Checkout code	2025-10-07T14:38:38.6267626Z [command]/usr/bin/git config --local --get remote.origin.url
end-workflow	Checkout code	2025-10-07T14:38:38.6304719Z https://github.com/Ka0s-Klaus/ka0s
end-workflow	Checkout code	2025-10-07T14:38:38.6330533Z ##[group]Removing previously created refs, to avoid conflicts
end-workflow	Checkout code	2025-10-07T14:38:38.6336151Z [command]/usr/bin/git rev-parse --symbolic-full-name --verify --quiet HEAD
end-workflow	Checkout code	2025-10-07T14:38:38.6366118Z refs/heads/main
end-workflow	Checkout code	2025-10-07T14:38:38.6380389Z [command]/usr/bin/git checkout --detach
end-workflow	Checkout code	2025-10-07T14:38:38.6475908Z HEAD is now at f1e63af9 Merge pull request #1840 from Ka0s-Klaus/H1646-modulo-de-control-de-runners
end-workflow	Checkout code	2025-10-07T14:38:38.6543133Z [command]/usr/bin/git branch --delete --force main
end-workflow	Checkout code	2025-10-07T14:38:38.6583934Z Deleted branch main (was f1e63af9).
end-workflow	Checkout code	2025-10-07T14:38:38.6676700Z ##[endgroup]
end-workflow	Checkout code	2025-10-07T14:38:38.6677810Z [command]/usr/bin/git submodule status
end-workflow	Checkout code	2025-10-07T14:38:38.6934226Z ##[group]Cleaning the repository
end-workflow	Checkout code	2025-10-07T14:38:38.6937127Z [command]/usr/bin/git clean -ffdx
end-workflow	Checkout code	2025-10-07T14:38:38.7005680Z [command]/usr/bin/git reset --hard HEAD
end-workflow	Checkout code	2025-10-07T14:38:38.7090266Z HEAD is now at f1e63af9 Merge pull request #1840 from Ka0s-Klaus/H1646-modulo-de-control-de-runners
end-workflow	Checkout code	2025-10-07T14:38:38.7094565Z ##[endgroup]
end-workflow	Checkout code	2025-10-07T14:38:38.7097127Z ##[group]Disabling automatic garbage collection
end-workflow	Checkout code	2025-10-07T14:38:38.7102486Z [command]/usr/bin/git config --local gc.auto 0
end-workflow	Checkout code	2025-10-07T14:38:38.7142632Z ##[endgroup]
end-workflow	Checkout code	2025-10-07T14:38:38.7144178Z ##[group]Setting up auth
end-workflow	Checkout code	2025-10-07T14:38:38.7145627Z [command]/usr/bin/git config --local --name-only --get-regexp core\.sshCommand
end-workflow	Checkout code	2025-10-07T14:38:38.7211327Z [command]/usr/bin/git submodule foreach --recursive sh -c "git config --local --name-only --get-regexp 'core\.sshCommand' && git config --local --unset-all 'core.sshCommand' || :"
end-workflow	Checkout code	2025-10-07T14:38:38.7521382Z [command]/usr/bin/git config --local --name-only --get-regexp http\.https\:\/\/github\.com\/\.extraheader
end-workflow	Checkout code	2025-10-07T14:38:38.7556052Z [command]/usr/bin/git submodule foreach --recursive sh -c "git config --local --name-only --get-regexp 'http\.https\:\/\/github\.com\/\.extraheader' && git config --local --unset-all 'http.https://github.com/.extraheader' || :"
end-workflow	Checkout code	2025-10-07T14:38:38.7829138Z [command]/usr/bin/git config --local http.https://github.com/.extraheader AUTHORIZATION: basic ***
end-workflow	Checkout code	2025-10-07T14:38:38.7871102Z ##[endgroup]
end-workflow	Checkout code	2025-10-07T14:38:38.7872668Z ##[group]Fetching the repository
end-workflow	Checkout code	2025-10-07T14:38:38.7879609Z [command]/usr/bin/git -c protocol.version=2 fetch --prune --no-recurse-submodules origin +refs/heads/*:refs/remotes/origin/* +refs/tags/*:refs/tags/*
end-workflow	Checkout code	2025-10-07T14:38:39.6700221Z From https://github.com/Ka0s-Klaus/ka0s
end-workflow	Checkout code	2025-10-07T14:38:39.6706004Z    f1e63af9..dad9c486  main       -> origin/main
end-workflow	Checkout code	2025-10-07T14:38:39.6766869Z [command]/usr/bin/git branch --list --remote origin/main
end-workflow	Checkout code	2025-10-07T14:38:39.6848723Z   origin/main
end-workflow	Checkout code	2025-10-07T14:38:39.6863422Z [command]/usr/bin/git rev-parse refs/remotes/origin/main
end-workflow	Checkout code	2025-10-07T14:38:39.6887507Z dad9c486fd89de1b9f44b669c4b246c26ae202fd
end-workflow	Checkout code	2025-10-07T14:38:39.6901193Z [command]/usr/bin/git -c protocol.version=2 fetch --no-tags --prune --no-recurse-submodules origin +f1e63af9ca2b0c31c5afca5f22f83fe7c5cc4679:refs/remotes/origin/main
end-workflow	Checkout code	2025-10-07T14:38:39.7072049Z From https://github.com/Ka0s-Klaus/ka0s
end-workflow	Checkout code	2025-10-07T14:38:39.7074365Z  + dad9c486...f1e63af9 f1e63af9ca2b0c31c5afca5f22f83fe7c5cc4679 -> origin/main  (forced update)
end-workflow	Checkout code	2025-10-07T14:38:39.7108815Z ##[endgroup]
end-workflow	Checkout code	2025-10-07T14:38:39.7111543Z ##[group]Determining the checkout info
end-workflow	Checkout code	2025-10-07T14:38:39.7113006Z ##[endgroup]
end-workflow	Checkout code	2025-10-07T14:38:39.7114045Z [command]/usr/bin/git sparse-checkout disable
end-workflow	Checkout code	2025-10-07T14:38:39.7174854Z [command]/usr/bin/git config --local --unset-all extensions.worktreeConfig
end-workflow	Checkout code	2025-10-07T14:38:39.7210815Z ##[group]Checking out the ref
end-workflow	Checkout code	2025-10-07T14:38:39.7213487Z [command]/usr/bin/git checkout --progress --force -B main refs/remotes/origin/main
end-workflow	Checkout code	2025-10-07T14:38:39.7305427Z Switched to a new branch 'main'
end-workflow	Checkout code	2025-10-07T14:38:39.7308355Z branch 'main' set up to track 'origin/main'.
end-workflow	Checkout code	2025-10-07T14:38:39.7316528Z ##[endgroup]
end-workflow	Checkout code	2025-10-07T14:38:39.7361426Z [command]/usr/bin/git log -1 --format=%H
end-workflow	Checkout code	2025-10-07T14:38:39.7389759Z f1e63af9ca2b0c31c5afca5f22f83fe7c5cc4679
end-workflow	Finaliza el workflow	﻿2025-10-07T14:38:39.7683476Z ##[group]Run echo "End process"
end-workflow	Finaliza el workflow	2025-10-07T14:38:39.7684678Z [36;1mecho "End process"[0m
end-workflow	Finaliza el workflow	2025-10-07T14:38:39.7685845Z [36;1m# RNNUMBER=$(echo "refs/heads/main" | grep -o '[0-9]*')[0m
end-workflow	Finaliza el workflow	2025-10-07T14:38:39.7687880Z [36;1m# gh issue comment $RNNUMBER --body "Se finaliza Ka0s 18315492683"[0m
end-workflow	Finaliza el workflow	2025-10-07T14:38:39.7689296Z [36;1mecho "Se finaliza Ka0s 18315492683"[0m
end-workflow	Finaliza el workflow	2025-10-07T14:38:39.7690784Z [36;1mgh workflow run inspector.yml --ref 'main' -f kaos-workflow-id="18315492683"[0m
end-workflow	Finaliza el workflow	2025-10-07T14:38:39.7706388Z shell: /usr/bin/bash -e {0}
end-workflow	Finaliza el workflow	2025-10-07T14:38:39.7707433Z env:
end-workflow	Finaliza el workflow	2025-10-07T14:38:39.7709752Z   GITHUB_TOKEN: ***
end-workflow	Finaliza el workflow	2025-10-07T14:38:39.7710652Z   KAOS_MODULE: [Ka0s] Personalized Image Runners
end-workflow	Finaliza el workflow	2025-10-07T14:38:39.7711725Z   KAOS_CODE: 18315492683
end-workflow	Finaliza el workflow	2025-10-07T14:38:39.7712566Z   KAOS_PATH_SCAN: audit/scan/
end-workflow	Finaliza el workflow	2025-10-07T14:38:39.7713692Z   GH_TOKEN: ***
end-workflow	Finaliza el workflow	2025-10-07T14:38:39.7714592Z ##[endgroup]
end-workflow	Finaliza el workflow	2025-10-07T14:38:39.7818886Z End process
end-workflow	Finaliza el workflow	2025-10-07T14:38:39.7820137Z Se finaliza Ka0s 18315492683
end-workflow	Post Checkout code	﻿2025-10-07T14:38:40.4842456Z Post job cleanup.
end-workflow	Post Checkout code	2025-10-07T14:38:40.6125595Z [command]/usr/bin/git version
end-workflow	Post Checkout code	2025-10-07T14:38:40.6195837Z git version 2.51.0
end-workflow	Post Checkout code	2025-10-07T14:38:40.6245483Z Temporarily overriding HOME='/home/runner/_work/_temp/ec019b27-2b36-4eb4-ace2-9970cdbdbb5d' before making global git config changes
end-workflow	Post Checkout code	2025-10-07T14:38:40.6246526Z Adding repository directory to the temporary git global config as a safe directory
end-workflow	Post Checkout code	2025-10-07T14:38:40.6248369Z [command]/usr/bin/git config --global --add safe.directory /home/runner/_work/ka0s/ka0s
end-workflow	Post Checkout code	2025-10-07T14:38:40.6351135Z [command]/usr/bin/git config --local --name-only --get-regexp core\.sshCommand
end-workflow	Post Checkout code	2025-10-07T14:38:40.6378908Z [command]/usr/bin/git submodule foreach --recursive sh -c "git config --local --name-only --get-regexp 'core\.sshCommand' && git config --local --unset-all 'core.sshCommand' || :"
end-workflow	Post Checkout code	2025-10-07T14:38:40.6889007Z [command]/usr/bin/git config --local --name-only --get-regexp http\.https\:\/\/github\.com\/\.extraheader
end-workflow	Post Checkout code	2025-10-07T14:38:40.6926930Z http.https://github.com/.extraheader
end-workflow	Post Checkout code	2025-10-07T14:38:40.6955838Z [command]/usr/bin/git config --local --unset-all http.https://github.com/.extraheader
end-workflow	Post Checkout code	2025-10-07T14:38:40.7019023Z [command]/usr/bin/git submodule foreach --recursive sh -c "git config --local --name-only --get-regexp 'http\.https\:\/\/github\.com\/\.extraheader' && git config --local --unset-all 'http.https://github.com/.extraheader' || :"
end-workflow	Complete job	﻿2025-10-07T14:38:40.7748038Z Cleaning up orphan processes
