job-core	Set up job	Ôªø2025-10-07T11:52:43.4806367Z Current runner version: '2.328.0'
job-core	Set up job	2025-10-07T11:52:43.4815652Z Runner name: 'fd583bd3359c'
job-core	Set up job	2025-10-07T11:52:43.4816901Z Runner group name: 'swarm-runners'
job-core	Set up job	2025-10-07T11:52:43.4818113Z Machine name: 'fd583bd3359c'
job-core	Set up job	2025-10-07T11:52:43.4822081Z ##[group]GITHUB_TOKEN Permissions
job-core	Set up job	2025-10-07T11:52:43.4825205Z Actions: write
job-core	Set up job	2025-10-07T11:52:43.4825937Z Contents: read
job-core	Set up job	2025-10-07T11:52:43.4826517Z Issues: write
job-core	Set up job	2025-10-07T11:52:43.4827118Z Metadata: read
job-core	Set up job	2025-10-07T11:52:43.4828260Z ##[endgroup]
job-core	Set up job	2025-10-07T11:52:43.4831097Z Secret source: Actions
job-core	Set up job	2025-10-07T11:52:43.4832053Z Prepare workflow directory
job-core	Set up job	2025-10-07T11:52:43.5494958Z Prepare all required actions
job-core	Set up job	2025-10-07T11:52:43.5540008Z Getting action download info
job-core	Set up job	2025-10-07T11:52:44.1055388Z Download action repository 'actions/checkout@v4' (SHA:08eba0b27e820071cde6df949e0beb9ba4906955)
job-core	Set up job	2025-10-07T11:52:44.8553450Z Download action repository 'docker/login-action@v3' (SHA:5e57cd118135c172c3672efd75eb46360885c0ef)
job-core	Set up job	2025-10-07T11:52:45.8829896Z Complete job name: job-core
job-core	Checkout code	Ôªø2025-10-07T11:52:45.9516105Z ##[group]Run actions/checkout@v4
job-core	Checkout code	2025-10-07T11:52:45.9517944Z with:
job-core	Checkout code	2025-10-07T11:52:45.9518752Z   fetch-depth: 0
job-core	Checkout code	2025-10-07T11:52:45.9520124Z   token: ***
job-core	Checkout code	2025-10-07T11:52:45.9520980Z   repository: Ka0s-Klaus/ka0s
job-core	Checkout code	2025-10-07T11:52:45.9521975Z   ssh-strict: true
job-core	Checkout code	2025-10-07T11:52:45.9522809Z   ssh-user: git
job-core	Checkout code	2025-10-07T11:52:45.9523675Z   persist-credentials: true
job-core	Checkout code	2025-10-07T11:52:45.9524628Z   clean: true
job-core	Checkout code	2025-10-07T11:52:45.9525491Z   sparse-checkout-cone-mode: true
job-core	Checkout code	2025-10-07T11:52:45.9526517Z   fetch-tags: false
job-core	Checkout code	2025-10-07T11:52:45.9527598Z   show-progress: true
job-core	Checkout code	2025-10-07T11:52:45.9528594Z   lfs: false
job-core	Checkout code	2025-10-07T11:52:45.9529404Z   submodules: false
job-core	Checkout code	2025-10-07T11:52:45.9530271Z   set-safe-directory: true
job-core	Checkout code	2025-10-07T11:52:45.9531634Z env:
job-core	Checkout code	2025-10-07T11:52:45.9533470Z   GITHUB_TOKEN: ***
job-core	Checkout code	2025-10-07T11:52:45.9534450Z   KAOS_MODULE: [Ka0s] Personalized Image Runners
job-core	Checkout code	2025-10-07T11:52:45.9535617Z   KAOS_CODE: 18311723395
job-core	Checkout code	2025-10-07T11:52:45.9536527Z   KAOS_PATH_SCAN: audit/scan/
job-core	Checkout code	2025-10-07T11:52:45.9537776Z ##[endgroup]
job-core	Checkout code	2025-10-07T11:52:46.0878312Z Syncing repository: Ka0s-Klaus/ka0s
job-core	Checkout code	2025-10-07T11:52:46.0881913Z ##[group]Getting Git version info
job-core	Checkout code	2025-10-07T11:52:46.0883421Z Working directory is '/home/runner/_work/ka0s/ka0s'
job-core	Checkout code	2025-10-07T11:52:46.0885370Z [command]/usr/bin/git version
job-core	Checkout code	2025-10-07T11:52:46.0886482Z git version 2.51.0
job-core	Checkout code	2025-10-07T11:52:46.0890675Z ##[endgroup]
job-core	Checkout code	2025-10-07T11:52:46.0898654Z Copying '/home/runner/.gitconfig' to '/home/runner/_work/_temp/b3ba19f8-9bc7-4c7f-b823-706e2a9a3051/.gitconfig'
job-core	Checkout code	2025-10-07T11:52:46.0902115Z Temporarily overriding HOME='/home/runner/_work/_temp/b3ba19f8-9bc7-4c7f-b823-706e2a9a3051' before making global git config changes
job-core	Checkout code	2025-10-07T11:52:46.0905190Z Adding repository directory to the temporary git global config as a safe directory
job-core	Checkout code	2025-10-07T11:52:46.0910071Z [command]/usr/bin/git config --global --add safe.directory /home/runner/_work/ka0s/ka0s
job-core	Checkout code	2025-10-07T11:52:46.0943098Z [command]/usr/bin/git config --local --get remote.origin.url
job-core	Checkout code	2025-10-07T11:52:46.0975064Z https://github.com/Ka0s-Klaus/ka0s
job-core	Checkout code	2025-10-07T11:52:46.0997180Z ##[group]Removing previously created refs, to avoid conflicts
job-core	Checkout code	2025-10-07T11:52:46.1003050Z [command]/usr/bin/git rev-parse --symbolic-full-name --verify --quiet HEAD
job-core	Checkout code	2025-10-07T11:52:46.1026448Z refs/heads/main
job-core	Checkout code	2025-10-07T11:52:46.1037007Z [command]/usr/bin/git checkout --detach
job-core	Checkout code	2025-10-07T11:52:46.1114010Z HEAD is now at a6a2cc03 [Ka0s] üìä Directory scan report: core/runner
job-core	Checkout code	2025-10-07T11:52:46.1163288Z [command]/usr/bin/git branch --delete --force main
job-core	Checkout code	2025-10-07T11:52:46.1195937Z Deleted branch main (was a6a2cc03).
job-core	Checkout code	2025-10-07T11:52:46.1284021Z ##[endgroup]
job-core	Checkout code	2025-10-07T11:52:46.1285139Z [command]/usr/bin/git submodule status
job-core	Checkout code	2025-10-07T11:52:46.1556779Z ##[group]Cleaning the repository
job-core	Checkout code	2025-10-07T11:52:46.1559412Z [command]/usr/bin/git clean -ffdx
job-core	Checkout code	2025-10-07T11:52:46.1622923Z [command]/usr/bin/git reset --hard HEAD
job-core	Checkout code	2025-10-07T11:52:46.1706116Z HEAD is now at a6a2cc03 [Ka0s] üìä Directory scan report: core/runner
job-core	Checkout code	2025-10-07T11:52:46.1711502Z ##[endgroup]
job-core	Checkout code	2025-10-07T11:52:46.1713164Z ##[group]Disabling automatic garbage collection
job-core	Checkout code	2025-10-07T11:52:46.1716865Z [command]/usr/bin/git config --local gc.auto 0
job-core	Checkout code	2025-10-07T11:52:46.1748848Z ##[endgroup]
job-core	Checkout code	2025-10-07T11:52:46.1750417Z ##[group]Setting up auth
job-core	Checkout code	2025-10-07T11:52:46.1763401Z [command]/usr/bin/git config --local --name-only --get-regexp core\.sshCommand
job-core	Checkout code	2025-10-07T11:52:46.1798238Z [command]/usr/bin/git submodule foreach --recursive sh -c "git config --local --name-only --get-regexp 'core\.sshCommand' && git config --local --unset-all 'core.sshCommand' || :"
job-core	Checkout code	2025-10-07T11:52:46.2058432Z [command]/usr/bin/git config --local --name-only --get-regexp http\.https\:\/\/github\.com\/\.extraheader
job-core	Checkout code	2025-10-07T11:52:46.2093435Z [command]/usr/bin/git submodule foreach --recursive sh -c "git config --local --name-only --get-regexp 'http\.https\:\/\/github\.com\/\.extraheader' && git config --local --unset-all 'http.https://github.com/.extraheader' || :"
job-core	Checkout code	2025-10-07T11:52:46.2382712Z [command]/usr/bin/git config --local http.https://github.com/.extraheader AUTHORIZATION: basic ***
job-core	Checkout code	2025-10-07T11:52:46.2433557Z ##[endgroup]
job-core	Checkout code	2025-10-07T11:52:46.2435297Z ##[group]Fetching the repository
job-core	Checkout code	2025-10-07T11:52:46.2442800Z [command]/usr/bin/git -c protocol.version=2 fetch --prune --no-recurse-submodules origin +refs/heads/*:refs/remotes/origin/* +refs/tags/*:refs/tags/*
job-core	Checkout code	2025-10-07T11:52:46.8065066Z [command]/usr/bin/git branch --list --remote origin/main
job-core	Checkout code	2025-10-07T11:52:46.8133834Z   origin/main
job-core	Checkout code	2025-10-07T11:52:46.8144540Z [command]/usr/bin/git rev-parse refs/remotes/origin/main
job-core	Checkout code	2025-10-07T11:52:46.8174149Z a6a2cc037b7f3e0a26136610ad4b7de934f4a54c
job-core	Checkout code	2025-10-07T11:52:46.8178635Z ##[endgroup]
job-core	Checkout code	2025-10-07T11:52:46.8180436Z ##[group]Determining the checkout info
job-core	Checkout code	2025-10-07T11:52:46.8182458Z ##[endgroup]
job-core	Checkout code	2025-10-07T11:52:46.8186377Z [command]/usr/bin/git sparse-checkout disable
job-core	Checkout code	2025-10-07T11:52:46.8247022Z [command]/usr/bin/git config --local --unset-all extensions.worktreeConfig
job-core	Checkout code	2025-10-07T11:52:46.8290430Z ##[group]Checking out the ref
job-core	Checkout code	2025-10-07T11:52:46.8292588Z [command]/usr/bin/git checkout --progress --force -B main refs/remotes/origin/main
job-core	Checkout code	2025-10-07T11:52:46.8390530Z Switched to a new branch 'main'
job-core	Checkout code	2025-10-07T11:52:46.8392780Z branch 'main' set up to track 'origin/main'.
job-core	Checkout code	2025-10-07T11:52:46.8404575Z ##[endgroup]
job-core	Checkout code	2025-10-07T11:52:46.8450026Z [command]/usr/bin/git log -1 --format=%H
job-core	Checkout code	2025-10-07T11:52:46.8480846Z a6a2cc037b7f3e0a26136610ad4b7de934f4a54c
job-core	Login to Docker Hub	Ôªø2025-10-07T11:52:46.8819847Z ##[group]Run docker/login-action@v3
job-core	Login to Docker Hub	2025-10-07T11:52:46.8820906Z with:
job-core	Login to Docker Hub	2025-10-07T11:52:46.8821757Z   username: ***
job-core	Login to Docker Hub	2025-10-07T11:52:46.8822813Z   password: ***
job-core	Login to Docker Hub	2025-10-07T11:52:46.8823878Z   logout: true
job-core	Login to Docker Hub	2025-10-07T11:52:46.8825001Z env:
job-core	Login to Docker Hub	2025-10-07T11:52:46.8826765Z   GITHUB_TOKEN: ***
job-core	Login to Docker Hub	2025-10-07T11:52:46.8827968Z   KAOS_MODULE: [Ka0s] Personalized Image Runners
job-core	Login to Docker Hub	2025-10-07T11:52:46.8829083Z   KAOS_CODE: 18311723395
job-core	Login to Docker Hub	2025-10-07T11:52:46.8830097Z   KAOS_PATH_SCAN: audit/scan/
job-core	Login to Docker Hub	2025-10-07T11:52:46.8830983Z ##[endgroup]
job-core	Login to Docker Hub	2025-10-07T11:52:47.2143226Z Logging into docker.io...
job-core	Login to Docker Hub	2025-10-07T11:52:48.2289535Z Login Succeeded!
job-core	Build image	Ôªø2025-10-07T11:52:48.2511231Z ##[group]Run # Construimos la imagen
job-core	Build image	2025-10-07T11:52:48.2511820Z [36;1m# Construimos la imagen[0m
job-core	Build image	2025-10-07T11:52:48.2512392Z [36;1msudo docker build -t actions-runner:1.0.0 -f core/runner/actions-runner//1.0.0//Dockerfile . || true[0m
job-core	Build image	2025-10-07T11:52:48.2513032Z [36;1mecho "Se ha generado la imagen actions-runner:1.0.0...."[0m
job-core	Build image	2025-10-07T11:52:48.2513455Z [36;1msudo usermod -aG docker runner [0m
job-core	Build image	2025-10-07T11:52:48.2528696Z shell: /usr/bin/bash -e {0}
job-core	Build image	2025-10-07T11:52:48.2529099Z env:
job-core	Build image	2025-10-07T11:52:48.2529990Z   GITHUB_TOKEN: ***
job-core	Build image	2025-10-07T11:52:48.2530326Z   KAOS_MODULE: [Ka0s] Personalized Image Runners
job-core	Build image	2025-10-07T11:52:48.2530689Z   KAOS_CODE: 18311723395
job-core	Build image	2025-10-07T11:52:48.2530980Z   KAOS_PATH_SCAN: audit/scan/
job-core	Build image	2025-10-07T11:52:48.2531279Z ##[endgroup]
job-core	Build image	2025-10-07T11:52:48.4616199Z #0 building with "default" instance using docker driver
job-core	Build image	2025-10-07T11:52:48.4617088Z 
job-core	Build image	2025-10-07T11:52:48.4619583Z #1 [internal] load build definition from Dockerfile
job-core	Build image	2025-10-07T11:52:48.4622234Z #1 transferring dockerfile: 1.69kB done
job-core	Build image	2025-10-07T11:52:48.4623071Z #1 DONE 0.0s
job-core	Build image	2025-10-07T11:52:48.4624201Z 
job-core	Build image	2025-10-07T11:52:48.4624468Z #2 [internal] load metadata for ghcr.io/actions/actions-runner:latest
job-core	Build image	2025-10-07T11:52:48.4624928Z #2 DONE 0.0s
job-core	Build image	2025-10-07T11:52:48.4625093Z 
job-core	Build image	2025-10-07T11:52:48.4625240Z #3 [internal] load .dockerignore
job-core	Build image	2025-10-07T11:52:48.4625611Z #3 transferring context: 2B done
job-core	Build image	2025-10-07T11:52:48.4625941Z #3 DONE 0.0s
job-core	Build image	2025-10-07T11:52:48.4626096Z 
job-core	Build image	2025-10-07T11:52:48.4626304Z #4 [1/6] FROM ghcr.io/actions/actions-runner:latest
job-core	Build image	2025-10-07T11:52:48.4626676Z #4 DONE 0.0s
job-core	Build image	2025-10-07T11:52:48.4626841Z 
job-core	Build image	2025-10-07T11:52:48.4628475Z #5 [2/6] RUN apt-get update &&     apt-get install -y wget gnupg &&     curl -fsSL https://pgp.mongodb.com/server-7.0.asc | gpg -o /usr/share/keyrings/mongodb-server-7.0.gpg --dearmor &&     echo "deb [ arch=amd64,arm64 signed-by=/usr/share/keyrings/mongodb-server-7.0.gpg ] https://repo.mongodb.org/apt/ubuntu jammy/mongodb-org/7.0 multiverse"  | tee /etc/apt/sources.list.d/mongodb-org-7.0.list
job-core	Build image	2025-10-07T11:52:48.4630096Z #5 CACHED
job-core	Build image	2025-10-07T11:52:48.4630246Z 
job-core	Build image	2025-10-07T11:52:48.4631618Z #6 [3/6] RUN wget -qO - https://aquasecurity.github.io/trivy-repo/deb/public.key | gpg --dearmor | tee /usr/share/keyrings/trivy.gpg > /dev/null &&    echo "deb [signed-by=/usr/share/keyrings/trivy.gpg] https://aquasecurity.github.io/trivy-repo/deb generic main" | tee -a /etc/apt/sources.list.d/trivy.list &&    apt-get update &&    apt-get install trivy
job-core	Build image	2025-10-07T11:52:48.4633068Z #6 CACHED
job-core	Build image	2025-10-07T11:52:48.4633229Z 
job-core	Build image	2025-10-07T11:52:48.4634009Z #7 [5/6] RUN apt-get update &&     export DEBIAN_FRONTEND=noninteractive &&     ln -fs /usr/share/zoneinfo/Europe/Madrid /etc/localtime &&     dpkg-reconfigure --frontend noninteractive tzdata &&     apt-get upgrade -y
job-core	Build image	2025-10-07T11:52:48.4634959Z #7 CACHED
job-core	Build image	2025-10-07T11:52:48.4635149Z 
job-core	Build image	2025-10-07T11:52:48.4636150Z #8 [4/6] RUN apt-get update &&     apt-get install -y --no-install-recommends mongodb-org-tools jq python3 pip bc ca-certificates     tzdata apt-utils apt-transport-https curl wget git gnupg gh &&     openssl &&     dpkg-reconfigure --frontend noninteractive tzdata
job-core	Build image	2025-10-07T11:52:48.4637492Z #8 CACHED
job-core	Build image	2025-10-07T11:52:48.4637689Z 
job-core	Build image	2025-10-07T11:52:48.4637924Z #9 [6/6] WORKDIR /home/runner
job-core	Build image	2025-10-07T11:52:48.4638271Z #9 CACHED
job-core	Build image	2025-10-07T11:52:48.4638452Z 
job-core	Build image	2025-10-07T11:52:48.4638596Z #10 exporting to image
job-core	Build image	2025-10-07T11:52:48.4638919Z #10 exporting layers done
job-core	Build image	2025-10-07T11:52:48.4639498Z #10 writing image sha256:84c5996206927aa852346650fe802c7299f5fb3e23cc393250caadb54245c74a done
job-core	Build image	2025-10-07T11:52:48.4640188Z #10 naming to docker.io/library/actions-runner:1.0.0 done
job-core	Build image	2025-10-07T11:52:48.4640595Z #10 DONE 0.0s
job-core	Build image	2025-10-07T11:52:48.4725482Z Se ha generado la imagen actions-runner:1.0.0....
job-core	Install Trivy vulnerability scanner	Ôªø2025-10-07T11:52:48.4896405Z ##[group]Run # Instalamos Trivy directamente desde el script oficial
job-core	Install Trivy vulnerability scanner	2025-10-07T11:52:48.4897173Z [36;1m# Instalamos Trivy directamente desde el script oficial[0m
job-core	Install Trivy vulnerability scanner	2025-10-07T11:52:48.4898128Z [36;1m# curl -sfL https://raw.githubusercontent.com/aquasecurity/trivy/main/contrib/install.sh | sudo sh -s -- -b /usr/local/bin v0.48.3[0m
job-core	Install Trivy vulnerability scanner	2025-10-07T11:52:48.4898960Z [36;1m[0m
job-core	Install Trivy vulnerability scanner	2025-10-07T11:52:48.4899241Z [36;1m# Ejecutamos el escaneo de la imagen[0m
job-core	Install Trivy vulnerability scanner	2025-10-07T11:52:48.4899905Z [36;1msudo trivy image --severity HIGH,CRITICAL --ignore-unfixed --format table actions-runner:1.0.0[0m
job-core	Install Trivy vulnerability scanner	2025-10-07T11:52:48.4900725Z [36;1msudo trivy image --severity HIGH,CRITICAL --ignore-unfixed --format json actions-runner:1.0.0 > audit/scan/18311723395.json[0m
job-core	Install Trivy vulnerability scanner	2025-10-07T11:52:48.4901446Z [36;1mecho "Subimos el scan_image_from_18311723395.json a la ruta audit/scan/"[0m
job-core	Install Trivy vulnerability scanner	2025-10-07T11:52:48.4901927Z [36;1mecho "Uploading files to the repository..."[0m
job-core	Install Trivy vulnerability scanner	2025-10-07T11:52:48.4902483Z [36;1mgit config --global user.name "***"[0m
job-core	Install Trivy vulnerability scanner	2025-10-07T11:52:48.4902968Z [36;1mgit config --global user.email "***"[0m
job-core	Install Trivy vulnerability scanner	2025-10-07T11:52:48.4903321Z [36;1mgit pull --rebase[0m
job-core	Install Trivy vulnerability scanner	2025-10-07T11:52:48.4903846Z [36;1mgit add audit/scan/*[0m
job-core	Install Trivy vulnerability scanner	2025-10-07T11:52:48.4904284Z [36;1mgit commit -m "[Ka0s] Add scan image from 18311723395" || echo "No changes to commit"[0m
job-core	Install Trivy vulnerability scanner	2025-10-07T11:52:48.4904751Z [36;1mMAX_RETRIES=3[0m
job-core	Install Trivy vulnerability scanner	2025-10-07T11:52:48.4905024Z [36;1mCOUNT=0[0m
job-core	Install Trivy vulnerability scanner	2025-10-07T11:52:48.4905376Z [36;1muntil git push origin refs/heads/main --force-with-lease; do[0m
job-core	Install Trivy vulnerability scanner	2025-10-07T11:52:48.4905789Z [36;1m  COUNT=$((COUNT+1))[0m
job-core	Install Trivy vulnerability scanner	2025-10-07T11:52:48.4906108Z [36;1m  if [ $COUNT -ge $MAX_RETRIES ]; then[0m
job-core	Install Trivy vulnerability scanner	2025-10-07T11:52:48.4906538Z [36;1m    echo "‚ùå Error: git push failed after $MAX_RETRIES attempts."[0m
job-core	Install Trivy vulnerability scanner	2025-10-07T11:52:48.4906942Z [36;1m    exit 1[0m
job-core	Install Trivy vulnerability scanner	2025-10-07T11:52:48.4907197Z [36;1m  fi[0m
job-core	Install Trivy vulnerability scanner	2025-10-07T11:52:48.4907794Z [36;1m  echo "‚ö†Ô∏è git push failed, retrying ($COUNT/$MAX_RETRIES)..."[0m
job-core	Install Trivy vulnerability scanner	2025-10-07T11:52:48.4908229Z [36;1m  git pull --rebase[0m
job-core	Install Trivy vulnerability scanner	2025-10-07T11:52:48.4908560Z [36;1m  sleep 2[0m
job-core	Install Trivy vulnerability scanner	2025-10-07T11:52:48.4908942Z [36;1mdone[0m
job-core	Install Trivy vulnerability scanner	2025-10-07T11:52:48.4919218Z shell: /usr/bin/bash -e {0}
job-core	Install Trivy vulnerability scanner	2025-10-07T11:52:48.4919694Z env:
job-core	Install Trivy vulnerability scanner	2025-10-07T11:52:48.4920602Z   GITHUB_TOKEN: ***
job-core	Install Trivy vulnerability scanner	2025-10-07T11:52:48.4920937Z   KAOS_MODULE: [Ka0s] Personalized Image Runners
job-core	Install Trivy vulnerability scanner	2025-10-07T11:52:48.4921318Z   KAOS_CODE: 18311723395
job-core	Install Trivy vulnerability scanner	2025-10-07T11:52:48.4921625Z   KAOS_PATH_SCAN: audit/scan/
job-core	Install Trivy vulnerability scanner	2025-10-07T11:52:48.4921933Z ##[endgroup]
job-core	Install Trivy vulnerability scanner	2025-10-07T11:52:48.5008109Z sudo: trivy: command not found
job-core	Install Trivy vulnerability scanner	2025-10-07T11:52:48.5025344Z ##[error]Process completed with exit code 1.
job-core	Post Login to Docker Hub	Ôªø2025-10-07T11:52:48.5132434Z Post job cleanup.
job-core	Post Login to Docker Hub	2025-10-07T11:52:48.8754188Z [command]/usr/bin/docker logout docker.io
job-core	Post Login to Docker Hub	2025-10-07T11:52:48.8908284Z Removing login credentials for docker.io
job-core	Post Login to Docker Hub	2025-10-07T11:52:48.8952945Z ##[group]Post cache
job-core	Post Login to Docker Hub	2025-10-07T11:52:48.8954384Z State not set
job-core	Post Login to Docker Hub	2025-10-07T11:52:48.8955260Z ##[endgroup]
job-core	Post Checkout code	Ôªø2025-10-07T11:52:48.9354396Z Post job cleanup.
job-core	Post Checkout code	2025-10-07T11:52:49.0478295Z [command]/usr/bin/git version
job-core	Post Checkout code	2025-10-07T11:52:49.0570014Z git version 2.51.0
job-core	Post Checkout code	2025-10-07T11:52:49.0575608Z Copying '/home/runner/.gitconfig' to '/home/runner/_work/_temp/5dc03bed-4ce7-453f-8f51-69d736ecc848/.gitconfig'
job-core	Post Checkout code	2025-10-07T11:52:49.0598224Z Temporarily overriding HOME='/home/runner/_work/_temp/5dc03bed-4ce7-453f-8f51-69d736ecc848' before making global git config changes
job-core	Post Checkout code	2025-10-07T11:52:49.0599343Z Adding repository directory to the temporary git global config as a safe directory
job-core	Post Checkout code	2025-10-07T11:52:49.0600015Z [command]/usr/bin/git config --global --add safe.directory /home/runner/_work/ka0s/ka0s
job-core	Post Checkout code	2025-10-07T11:52:49.0638370Z [command]/usr/bin/git config --local --name-only --get-regexp core\.sshCommand
job-core	Post Checkout code	2025-10-07T11:52:49.0687034Z [command]/usr/bin/git submodule foreach --recursive sh -c "git config --local --name-only --get-regexp 'core\.sshCommand' && git config --local --unset-all 'core.sshCommand' || :"
job-core	Post Checkout code	2025-10-07T11:52:49.0963244Z [command]/usr/bin/git config --local --name-only --get-regexp http\.https\:\/\/github\.com\/\.extraheader
job-core	Post Checkout code	2025-10-07T11:52:49.0988245Z http.https://github.com/.extraheader
job-core	Post Checkout code	2025-10-07T11:52:49.1002447Z [command]/usr/bin/git config --local --unset-all http.https://github.com/.extraheader
job-core	Post Checkout code	2025-10-07T11:52:49.1041961Z [command]/usr/bin/git submodule foreach --recursive sh -c "git config --local --name-only --get-regexp 'http\.https\:\/\/github\.com\/\.extraheader' && git config --local --unset-all 'http.https://github.com/.extraheader' || :"
job-core	Complete job	Ôªø2025-10-07T11:52:49.1433974Z Cleaning up orphan processes
handle_failure	Set up job	Ôªø2025-10-07T11:53:25.7397964Z Current runner version: '2.328.0'
handle_failure	Set up job	2025-10-07T11:53:25.7407945Z Runner name: 'a174891cd3a7'
handle_failure	Set up job	2025-10-07T11:53:25.7408840Z Runner group name: 'swarm-runners'
handle_failure	Set up job	2025-10-07T11:53:25.7409848Z Machine name: 'a174891cd3a7'
handle_failure	Set up job	2025-10-07T11:53:25.7414485Z ##[group]GITHUB_TOKEN Permissions
handle_failure	Set up job	2025-10-07T11:53:25.7418297Z Actions: write
handle_failure	Set up job	2025-10-07T11:53:25.7419187Z Contents: read
handle_failure	Set up job	2025-10-07T11:53:25.7419756Z Issues: write
handle_failure	Set up job	2025-10-07T11:53:25.7420474Z Metadata: read
handle_failure	Set up job	2025-10-07T11:53:25.7421018Z ##[endgroup]
handle_failure	Set up job	2025-10-07T11:53:25.7424334Z Secret source: Actions
handle_failure	Set up job	2025-10-07T11:53:25.7425330Z Prepare workflow directory
handle_failure	Set up job	2025-10-07T11:53:25.8070269Z Prepare all required actions
handle_failure	Set up job	2025-10-07T11:53:25.8111888Z Getting action download info
handle_failure	Set up job	2025-10-07T11:53:26.3480427Z Download action repository 'actions/checkout@v4' (SHA:08eba0b27e820071cde6df949e0beb9ba4906955)
handle_failure	Set up job	2025-10-07T11:53:27.1680831Z Complete job name: handle_failure
handle_failure	Checkout code	Ôªø2025-10-07T11:53:27.2370546Z ##[group]Run actions/checkout@v4
handle_failure	Checkout code	2025-10-07T11:53:27.2371591Z with:
handle_failure	Checkout code	2025-10-07T11:53:27.2372086Z   fetch-depth: 0
handle_failure	Checkout code	2025-10-07T11:53:27.2372818Z   token: ***
handle_failure	Checkout code	2025-10-07T11:53:27.2373258Z   repository: Ka0s-Klaus/ka0s
handle_failure	Checkout code	2025-10-07T11:53:27.2373755Z   ssh-strict: true
handle_failure	Checkout code	2025-10-07T11:53:27.2374186Z   ssh-user: git
handle_failure	Checkout code	2025-10-07T11:53:27.2374632Z   persist-credentials: true
handle_failure	Checkout code	2025-10-07T11:53:27.2375110Z   clean: true
handle_failure	Checkout code	2025-10-07T11:53:27.2375545Z   sparse-checkout-cone-mode: true
handle_failure	Checkout code	2025-10-07T11:53:27.2376079Z   fetch-tags: false
handle_failure	Checkout code	2025-10-07T11:53:27.2376522Z   show-progress: true
handle_failure	Checkout code	2025-10-07T11:53:27.2376968Z   lfs: false
handle_failure	Checkout code	2025-10-07T11:53:27.2377488Z   submodules: false
handle_failure	Checkout code	2025-10-07T11:53:27.2377958Z   set-safe-directory: true
handle_failure	Checkout code	2025-10-07T11:53:27.2378700Z env:
handle_failure	Checkout code	2025-10-07T11:53:27.2379702Z   GITHUB_TOKEN: ***
handle_failure	Checkout code	2025-10-07T11:53:27.2380205Z   KAOS_MODULE: [Ka0s] Personalized Image Runners
handle_failure	Checkout code	2025-10-07T11:53:27.2380798Z   KAOS_CODE: 18311723395
handle_failure	Checkout code	2025-10-07T11:53:27.2381276Z   KAOS_PATH_SCAN: audit/scan/
handle_failure	Checkout code	2025-10-07T11:53:27.2381766Z ##[endgroup]
handle_failure	Checkout code	2025-10-07T11:53:27.3764171Z Syncing repository: Ka0s-Klaus/ka0s
handle_failure	Checkout code	2025-10-07T11:53:27.3766261Z ##[group]Getting Git version info
handle_failure	Checkout code	2025-10-07T11:53:27.3766965Z Working directory is '/home/runner/_work/ka0s/ka0s'
handle_failure	Checkout code	2025-10-07T11:53:27.3768072Z [command]/usr/bin/git version
handle_failure	Checkout code	2025-10-07T11:53:27.3768594Z git version 2.51.0
handle_failure	Checkout code	2025-10-07T11:53:27.3770255Z ##[endgroup]
handle_failure	Checkout code	2025-10-07T11:53:27.3775521Z Temporarily overriding HOME='/home/runner/_work/_temp/c46bc346-e0d4-4bfa-ac13-9c5ab10625b3' before making global git config changes
handle_failure	Checkout code	2025-10-07T11:53:27.3777167Z Adding repository directory to the temporary git global config as a safe directory
handle_failure	Checkout code	2025-10-07T11:53:27.3811664Z [command]/usr/bin/git config --global --add safe.directory /home/runner/_work/ka0s/ka0s
handle_failure	Checkout code	2025-10-07T11:53:27.3824153Z [command]/usr/bin/git config --local --get remote.origin.url
handle_failure	Checkout code	2025-10-07T11:53:27.3867914Z https://github.com/Ka0s-Klaus/ka0s
handle_failure	Checkout code	2025-10-07T11:53:27.3891510Z ##[group]Removing previously created refs, to avoid conflicts
handle_failure	Checkout code	2025-10-07T11:53:27.3924682Z [command]/usr/bin/git rev-parse --symbolic-full-name --verify --quiet HEAD
handle_failure	Checkout code	2025-10-07T11:53:27.3963900Z refs/heads/main
handle_failure	Checkout code	2025-10-07T11:53:27.3977063Z [command]/usr/bin/git checkout --detach
handle_failure	Checkout code	2025-10-07T11:53:27.4064868Z HEAD is now at a6a2cc03 [Ka0s] üìä Directory scan report: core/runner
handle_failure	Checkout code	2025-10-07T11:53:27.4121223Z [command]/usr/bin/git branch --delete --force main
handle_failure	Checkout code	2025-10-07T11:53:27.4153721Z Deleted branch main (was a6a2cc03).
handle_failure	Checkout code	2025-10-07T11:53:27.4264292Z ##[endgroup]
handle_failure	Checkout code	2025-10-07T11:53:27.4265223Z [command]/usr/bin/git submodule status
handle_failure	Checkout code	2025-10-07T11:53:27.4543313Z ##[group]Cleaning the repository
handle_failure	Checkout code	2025-10-07T11:53:27.4545134Z [command]/usr/bin/git clean -ffdx
handle_failure	Checkout code	2025-10-07T11:53:27.4612915Z [command]/usr/bin/git reset --hard HEAD
handle_failure	Checkout code	2025-10-07T11:53:27.4697742Z HEAD is now at a6a2cc03 [Ka0s] üìä Directory scan report: core/runner
handle_failure	Checkout code	2025-10-07T11:53:27.4708059Z ##[endgroup]
handle_failure	Checkout code	2025-10-07T11:53:27.4708919Z ##[group]Disabling automatic garbage collection
handle_failure	Checkout code	2025-10-07T11:53:27.4711349Z [command]/usr/bin/git config --local gc.auto 0
handle_failure	Checkout code	2025-10-07T11:53:27.4754982Z ##[endgroup]
handle_failure	Checkout code	2025-10-07T11:53:27.4755840Z ##[group]Setting up auth
handle_failure	Checkout code	2025-10-07T11:53:27.4765658Z [command]/usr/bin/git config --local --name-only --get-regexp core\.sshCommand
handle_failure	Checkout code	2025-10-07T11:53:27.4812276Z [command]/usr/bin/git submodule foreach --recursive sh -c "git config --local --name-only --get-regexp 'core\.sshCommand' && git config --local --unset-all 'core.sshCommand' || :"
handle_failure	Checkout code	2025-10-07T11:53:27.5090686Z [command]/usr/bin/git config --local --name-only --get-regexp http\.https\:\/\/github\.com\/\.extraheader
handle_failure	Checkout code	2025-10-07T11:53:27.5123927Z [command]/usr/bin/git submodule foreach --recursive sh -c "git config --local --name-only --get-regexp 'http\.https\:\/\/github\.com\/\.extraheader' && git config --local --unset-all 'http.https://github.com/.extraheader' || :"
handle_failure	Checkout code	2025-10-07T11:53:27.5423036Z [command]/usr/bin/git config --local http.https://github.com/.extraheader AUTHORIZATION: basic ***
handle_failure	Checkout code	2025-10-07T11:53:27.5469389Z ##[endgroup]
handle_failure	Checkout code	2025-10-07T11:53:27.5470433Z ##[group]Fetching the repository
handle_failure	Checkout code	2025-10-07T11:53:27.5484931Z [command]/usr/bin/git -c protocol.version=2 fetch --prune --no-recurse-submodules origin +refs/heads/*:refs/remotes/origin/* +refs/tags/*:refs/tags/*
handle_failure	Checkout code	2025-10-07T11:53:28.0732911Z [command]/usr/bin/git branch --list --remote origin/main
handle_failure	Checkout code	2025-10-07T11:53:28.0794099Z   origin/main
handle_failure	Checkout code	2025-10-07T11:53:28.0802633Z [command]/usr/bin/git rev-parse refs/remotes/origin/main
handle_failure	Checkout code	2025-10-07T11:53:28.0827203Z a6a2cc037b7f3e0a26136610ad4b7de934f4a54c
handle_failure	Checkout code	2025-10-07T11:53:28.0833539Z ##[endgroup]
handle_failure	Checkout code	2025-10-07T11:53:28.0834927Z ##[group]Determining the checkout info
handle_failure	Checkout code	2025-10-07T11:53:28.0836122Z ##[endgroup]
handle_failure	Checkout code	2025-10-07T11:53:28.0840765Z [command]/usr/bin/git sparse-checkout disable
handle_failure	Checkout code	2025-10-07T11:53:28.0906899Z [command]/usr/bin/git config --local --unset-all extensions.worktreeConfig
handle_failure	Checkout code	2025-10-07T11:53:28.0939051Z ##[group]Checking out the ref
handle_failure	Checkout code	2025-10-07T11:53:28.0941599Z [command]/usr/bin/git checkout --progress --force -B main refs/remotes/origin/main
handle_failure	Checkout code	2025-10-07T11:53:28.1025773Z Switched to a new branch 'main'
handle_failure	Checkout code	2025-10-07T11:53:28.1027639Z branch 'main' set up to track 'origin/main'.
handle_failure	Checkout code	2025-10-07T11:53:28.1035316Z ##[endgroup]
handle_failure	Checkout code	2025-10-07T11:53:28.1076483Z [command]/usr/bin/git log -1 --format=%H
handle_failure	Checkout code	2025-10-07T11:53:28.1104593Z a6a2cc037b7f3e0a26136610ad4b7de934f4a54c
handle_failure	handle-failure-execution	Ôªø2025-10-07T11:53:28.1352989Z ##[group]Run echo "Error detected in process actions-runner:1.0.0 ka0score/actions-runner:1.0.0"
handle_failure	handle-failure-execution	2025-10-07T11:53:28.1354858Z [36;1mecho "Error detected in process actions-runner:1.0.0 ka0score/actions-runner:1.0.0"[0m
handle_failure	handle-failure-execution	2025-10-07T11:53:28.1356296Z [36;1m# RNNUMBER=$(echo "refs/heads/main" | grep -o '[0-9]*')[0m
handle_failure	handle-failure-execution	2025-10-07T11:53:28.1358422Z [36;1m# gh issue comment $RNNUMBER --body "El proceso no ha finalizado correctamente 18311723395. El resultado est√° en el fichero core/results/event_data18311723395.log"[0m
handle_failure	handle-failure-execution	2025-10-07T11:53:28.1360418Z [36;1m# Creamos la issue dado que ha fallado el modulo principal[0m
handle_failure	handle-failure-execution	2025-10-07T11:53:28.1362679Z [36;1mgh issue create  --title "[Ka0S] Error detected in [Ka0s] Personalized Image Runners" --body "Error detected in [Ka0s] Personalized Image Runners. Please check the logs for 18311723395 more information of error."[0m
handle_failure	handle-failure-execution	2025-10-07T11:53:28.1377757Z shell: /usr/bin/bash -e {0}
handle_failure	handle-failure-execution	2025-10-07T11:53:28.1378673Z env:
handle_failure	handle-failure-execution	2025-10-07T11:53:28.1380274Z   GITHUB_TOKEN: ***
handle_failure	handle-failure-execution	2025-10-07T11:53:28.1381218Z   KAOS_MODULE: [Ka0s] Personalized Image Runners
handle_failure	handle-failure-execution	2025-10-07T11:53:28.1382174Z   KAOS_CODE: 18311723395
handle_failure	handle-failure-execution	2025-10-07T11:53:28.1382996Z   KAOS_PATH_SCAN: audit/scan/
handle_failure	handle-failure-execution	2025-10-07T11:53:28.1383973Z   GH_TOKEN: ***
handle_failure	handle-failure-execution	2025-10-07T11:53:28.1384733Z ##[endgroup]
handle_failure	handle-failure-execution	2025-10-07T11:53:28.1449002Z Error detected in process actions-runner:1.0.0 ka0score/actions-runner:1.0.0
handle_failure	handle-failure-execution	2025-10-07T11:53:29.2537785Z https://github.com/Ka0s-Klaus/ka0s/issues/1777
handle_failure	Post Checkout code	Ôªø2025-10-07T11:53:29.2804567Z Post job cleanup.
handle_failure	Post Checkout code	2025-10-07T11:53:29.3825570Z [command]/usr/bin/git version
handle_failure	Post Checkout code	2025-10-07T11:53:29.3870303Z git version 2.51.0
handle_failure	Post Checkout code	2025-10-07T11:53:29.3924774Z Temporarily overriding HOME='/home/runner/_work/_temp/d5d00812-915a-4f1d-80d7-9977d26e9f2f' before making global git config changes
handle_failure	Post Checkout code	2025-10-07T11:53:29.3929822Z Adding repository directory to the temporary git global config as a safe directory
handle_failure	Post Checkout code	2025-10-07T11:53:29.3934014Z [command]/usr/bin/git config --global --add safe.directory /home/runner/_work/ka0s/ka0s
handle_failure	Post Checkout code	2025-10-07T11:53:29.3975533Z [command]/usr/bin/git config --local --name-only --get-regexp core\.sshCommand
handle_failure	Post Checkout code	2025-10-07T11:53:29.4028008Z [command]/usr/bin/git submodule foreach --recursive sh -c "git config --local --name-only --get-regexp 'core\.sshCommand' && git config --local --unset-all 'core.sshCommand' || :"
handle_failure	Post Checkout code	2025-10-07T11:53:29.4293141Z [command]/usr/bin/git config --local --name-only --get-regexp http\.https\:\/\/github\.com\/\.extraheader
handle_failure	Post Checkout code	2025-10-07T11:53:29.4316827Z http.https://github.com/.extraheader
handle_failure	Post Checkout code	2025-10-07T11:53:29.4329721Z [command]/usr/bin/git config --local --unset-all http.https://github.com/.extraheader
handle_failure	Post Checkout code	2025-10-07T11:53:29.4365665Z [command]/usr/bin/git submodule foreach --recursive sh -c "git config --local --name-only --get-regexp 'http\.https\:\/\/github\.com\/\.extraheader' && git config --local --unset-all 'http.https://github.com/.extraheader' || :"
handle_failure	Complete job	Ôªø2025-10-07T11:53:29.4755154Z Cleaning up orphan processes
end-workflow	Set up job	Ôªø2025-10-07T11:53:51.5059881Z Current runner version: '2.328.0'
end-workflow	Set up job	2025-10-07T11:53:51.5068166Z Runner name: 'a174891cd3a7'
end-workflow	Set up job	2025-10-07T11:53:51.5069141Z Runner group name: 'swarm-runners'
end-workflow	Set up job	2025-10-07T11:53:51.5070060Z Machine name: 'a174891cd3a7'
end-workflow	Set up job	2025-10-07T11:53:51.5073794Z ##[group]GITHUB_TOKEN Permissions
end-workflow	Set up job	2025-10-07T11:53:51.5076993Z Actions: write
end-workflow	Set up job	2025-10-07T11:53:51.5077635Z Contents: read
end-workflow	Set up job	2025-10-07T11:53:51.5078182Z Issues: write
end-workflow	Set up job	2025-10-07T11:53:51.5078837Z Metadata: read
end-workflow	Set up job	2025-10-07T11:53:51.5079344Z ##[endgroup]
end-workflow	Set up job	2025-10-07T11:53:51.5081670Z Secret source: Actions
end-workflow	Set up job	2025-10-07T11:53:51.5082533Z Prepare workflow directory
end-workflow	Set up job	2025-10-07T11:53:51.5694759Z Prepare all required actions
end-workflow	Set up job	2025-10-07T11:53:51.5738324Z Getting action download info
end-workflow	Set up job	2025-10-07T11:53:52.1458789Z Download action repository 'actions/checkout@v4' (SHA:08eba0b27e820071cde6df949e0beb9ba4906955)
end-workflow	Set up job	2025-10-07T11:53:52.9042624Z Complete job name: end-workflow
end-workflow	Checkout code	Ôªø2025-10-07T11:53:52.9635389Z ##[group]Run actions/checkout@v4
end-workflow	Checkout code	2025-10-07T11:53:52.9636249Z with:
end-workflow	Checkout code	2025-10-07T11:53:52.9636685Z   fetch-depth: 0
end-workflow	Checkout code	2025-10-07T11:53:52.9637311Z   token: ***
end-workflow	Checkout code	2025-10-07T11:53:52.9638060Z   repository: Ka0s-Klaus/ka0s
end-workflow	Checkout code	2025-10-07T11:53:52.9638661Z   ssh-strict: true
end-workflow	Checkout code	2025-10-07T11:53:52.9639068Z   ssh-user: git
end-workflow	Checkout code	2025-10-07T11:53:52.9639490Z   persist-credentials: true
end-workflow	Checkout code	2025-10-07T11:53:52.9639944Z   clean: true
end-workflow	Checkout code	2025-10-07T11:53:52.9640358Z   sparse-checkout-cone-mode: true
end-workflow	Checkout code	2025-10-07T11:53:52.9640868Z   fetch-tags: false
end-workflow	Checkout code	2025-10-07T11:53:52.9641281Z   show-progress: true
end-workflow	Checkout code	2025-10-07T11:53:52.9641992Z   lfs: false
end-workflow	Checkout code	2025-10-07T11:53:52.9642383Z   submodules: false
end-workflow	Checkout code	2025-10-07T11:53:52.9642803Z   set-safe-directory: true
end-workflow	Checkout code	2025-10-07T11:53:52.9643503Z env:
end-workflow	Checkout code	2025-10-07T11:53:52.9644416Z   GITHUB_TOKEN: ***
end-workflow	Checkout code	2025-10-07T11:53:52.9644886Z   KAOS_MODULE: [Ka0s] Personalized Image Runners
end-workflow	Checkout code	2025-10-07T11:53:52.9645443Z   KAOS_CODE: 18311723395
end-workflow	Checkout code	2025-10-07T11:53:52.9645888Z   KAOS_PATH_SCAN: audit/scan/
end-workflow	Checkout code	2025-10-07T11:53:52.9646462Z   GH_TOKEN: ***
end-workflow	Checkout code	2025-10-07T11:53:52.9646902Z ##[endgroup]
end-workflow	Checkout code	2025-10-07T11:53:53.0945388Z Syncing repository: Ka0s-Klaus/ka0s
end-workflow	Checkout code	2025-10-07T11:53:53.0947603Z ##[group]Getting Git version info
end-workflow	Checkout code	2025-10-07T11:53:53.0948294Z Working directory is '/home/runner/_work/ka0s/ka0s'
end-workflow	Checkout code	2025-10-07T11:53:53.0949714Z [command]/usr/bin/git version
end-workflow	Checkout code	2025-10-07T11:53:53.0996445Z git version 2.51.0
end-workflow	Checkout code	2025-10-07T11:53:53.1035292Z ##[endgroup]
end-workflow	Checkout code	2025-10-07T11:53:53.1049587Z Temporarily overriding HOME='/home/runner/_work/_temp/e72766a5-ee99-4733-abad-fa3ef2705692' before making global git config changes
end-workflow	Checkout code	2025-10-07T11:53:53.1051628Z Adding repository directory to the temporary git global config as a safe directory
end-workflow	Checkout code	2025-10-07T11:53:53.1067831Z [command]/usr/bin/git config --global --add safe.directory /home/runner/_work/ka0s/ka0s
end-workflow	Checkout code	2025-10-07T11:53:53.1136624Z [command]/usr/bin/git config --local --get remote.origin.url
end-workflow	Checkout code	2025-10-07T11:53:53.1170692Z https://github.com/Ka0s-Klaus/ka0s
end-workflow	Checkout code	2025-10-07T11:53:53.1189776Z ##[group]Removing previously created refs, to avoid conflicts
end-workflow	Checkout code	2025-10-07T11:53:53.1196285Z [command]/usr/bin/git rev-parse --symbolic-full-name --verify --quiet HEAD
end-workflow	Checkout code	2025-10-07T11:53:53.1225101Z refs/heads/main
end-workflow	Checkout code	2025-10-07T11:53:53.1235677Z [command]/usr/bin/git checkout --detach
end-workflow	Checkout code	2025-10-07T11:53:53.1324469Z HEAD is now at a6a2cc03 [Ka0s] üìä Directory scan report: core/runner
end-workflow	Checkout code	2025-10-07T11:53:53.1384511Z [command]/usr/bin/git branch --delete --force main
end-workflow	Checkout code	2025-10-07T11:53:53.1415931Z Deleted branch main (was a6a2cc03).
end-workflow	Checkout code	2025-10-07T11:53:53.1513383Z ##[endgroup]
end-workflow	Checkout code	2025-10-07T11:53:53.1515876Z [command]/usr/bin/git submodule status
end-workflow	Checkout code	2025-10-07T11:53:53.1832488Z ##[group]Cleaning the repository
end-workflow	Checkout code	2025-10-07T11:53:53.1838205Z [command]/usr/bin/git clean -ffdx
end-workflow	Checkout code	2025-10-07T11:53:53.1900737Z [command]/usr/bin/git reset --hard HEAD
end-workflow	Checkout code	2025-10-07T11:53:53.1981176Z HEAD is now at a6a2cc03 [Ka0s] üìä Directory scan report: core/runner
end-workflow	Checkout code	2025-10-07T11:53:53.1990257Z ##[endgroup]
end-workflow	Checkout code	2025-10-07T11:53:53.1992101Z ##[group]Disabling automatic garbage collection
end-workflow	Checkout code	2025-10-07T11:53:53.1993993Z [command]/usr/bin/git config --local gc.auto 0
end-workflow	Checkout code	2025-10-07T11:53:53.2026439Z ##[endgroup]
end-workflow	Checkout code	2025-10-07T11:53:53.2028152Z ##[group]Setting up auth
end-workflow	Checkout code	2025-10-07T11:53:53.2042877Z [command]/usr/bin/git config --local --name-only --get-regexp core\.sshCommand
end-workflow	Checkout code	2025-10-07T11:53:53.2077937Z [command]/usr/bin/git submodule foreach --recursive sh -c "git config --local --name-only --get-regexp 'core\.sshCommand' && git config --local --unset-all 'core.sshCommand' || :"
end-workflow	Checkout code	2025-10-07T11:53:53.2335789Z [command]/usr/bin/git config --local --name-only --get-regexp http\.https\:\/\/github\.com\/\.extraheader
end-workflow	Checkout code	2025-10-07T11:53:53.2371903Z [command]/usr/bin/git submodule foreach --recursive sh -c "git config --local --name-only --get-regexp 'http\.https\:\/\/github\.com\/\.extraheader' && git config --local --unset-all 'http.https://github.com/.extraheader' || :"
end-workflow	Checkout code	2025-10-07T11:53:53.2636598Z [command]/usr/bin/git config --local http.https://github.com/.extraheader AUTHORIZATION: basic ***
end-workflow	Checkout code	2025-10-07T11:53:53.2680236Z ##[endgroup]
end-workflow	Checkout code	2025-10-07T11:53:53.2681824Z ##[group]Fetching the repository
end-workflow	Checkout code	2025-10-07T11:53:53.2689378Z [command]/usr/bin/git -c protocol.version=2 fetch --prune --no-recurse-submodules origin +refs/heads/*:refs/remotes/origin/* +refs/tags/*:refs/tags/*
end-workflow	Checkout code	2025-10-07T11:53:53.8306021Z [command]/usr/bin/git branch --list --remote origin/main
end-workflow	Checkout code	2025-10-07T11:53:53.8398789Z   origin/main
end-workflow	Checkout code	2025-10-07T11:53:53.8412545Z [command]/usr/bin/git rev-parse refs/remotes/origin/main
end-workflow	Checkout code	2025-10-07T11:53:53.8450985Z a6a2cc037b7f3e0a26136610ad4b7de934f4a54c
end-workflow	Checkout code	2025-10-07T11:53:53.8459193Z ##[endgroup]
end-workflow	Checkout code	2025-10-07T11:53:53.8460723Z ##[group]Determining the checkout info
end-workflow	Checkout code	2025-10-07T11:53:53.8462361Z ##[endgroup]
end-workflow	Checkout code	2025-10-07T11:53:53.8468945Z [command]/usr/bin/git sparse-checkout disable
end-workflow	Checkout code	2025-10-07T11:53:53.8550930Z [command]/usr/bin/git config --local --unset-all extensions.worktreeConfig
end-workflow	Checkout code	2025-10-07T11:53:53.8597944Z ##[group]Checking out the ref
end-workflow	Checkout code	2025-10-07T11:53:53.8604111Z [command]/usr/bin/git checkout --progress --force -B main refs/remotes/origin/main
end-workflow	Checkout code	2025-10-07T11:53:53.8732158Z Switched to a new branch 'main'
end-workflow	Checkout code	2025-10-07T11:53:53.8736075Z branch 'main' set up to track 'origin/main'.
end-workflow	Checkout code	2025-10-07T11:53:53.8745981Z ##[endgroup]
end-workflow	Checkout code	2025-10-07T11:53:53.8807786Z [command]/usr/bin/git log -1 --format=%H
end-workflow	Checkout code	2025-10-07T11:53:53.8850770Z a6a2cc037b7f3e0a26136610ad4b7de934f4a54c
end-workflow	Finaliza el workflow	Ôªø2025-10-07T11:53:53.9198391Z ##[group]Run echo "End process"
end-workflow	Finaliza el workflow	2025-10-07T11:53:53.9199286Z [36;1mecho "End process"[0m
end-workflow	Finaliza el workflow	2025-10-07T11:53:53.9200078Z [36;1m# RNNUMBER=$(echo "refs/heads/main" | grep -o '[0-9]*')[0m
end-workflow	Finaliza el workflow	2025-10-07T11:53:53.9201127Z [36;1m# gh issue comment $RNNUMBER --body "Se finaliza Ka0s 18311723395"[0m
end-workflow	Finaliza el workflow	2025-10-07T11:53:53.9202068Z [36;1mecho "Se finaliza Ka0s 18311723395"[0m
end-workflow	Finaliza el workflow	2025-10-07T11:53:53.9203064Z [36;1mgh workflow run inspector.yml --ref 'main' -f kaos-workflow-id="18311723395"[0m
end-workflow	Finaliza el workflow	2025-10-07T11:53:53.9216609Z shell: /usr/bin/bash -e {0}
end-workflow	Finaliza el workflow	2025-10-07T11:53:53.9217256Z env:
end-workflow	Finaliza el workflow	2025-10-07T11:53:53.9218675Z   GITHUB_TOKEN: ***
end-workflow	Finaliza el workflow	2025-10-07T11:53:53.9219246Z   KAOS_MODULE: [Ka0s] Personalized Image Runners
end-workflow	Finaliza el workflow	2025-10-07T11:53:53.9219912Z   KAOS_CODE: 18311723395
end-workflow	Finaliza el workflow	2025-10-07T11:53:53.9220460Z   KAOS_PATH_SCAN: audit/scan/
end-workflow	Finaliza el workflow	2025-10-07T11:53:53.9221144Z   GH_TOKEN: ***
end-workflow	Finaliza el workflow	2025-10-07T11:53:53.9221631Z ##[endgroup]
end-workflow	Finaliza el workflow	2025-10-07T11:53:53.9283975Z End process
end-workflow	Finaliza el workflow	2025-10-07T11:53:53.9284753Z Se finaliza Ka0s 18311723395
end-workflow	Post Checkout code	Ôªø2025-10-07T11:53:54.6829754Z Post job cleanup.
end-workflow	Post Checkout code	2025-10-07T11:53:54.7893320Z [command]/usr/bin/git version
end-workflow	Post Checkout code	2025-10-07T11:53:54.7938425Z git version 2.51.0
end-workflow	Post Checkout code	2025-10-07T11:53:54.7991863Z Temporarily overriding HOME='/home/runner/_work/_temp/46532058-1185-4ec1-8663-48fe00cb8bfb' before making global git config changes
end-workflow	Post Checkout code	2025-10-07T11:53:54.7996030Z Adding repository directory to the temporary git global config as a safe directory
end-workflow	Post Checkout code	2025-10-07T11:53:54.7998873Z [command]/usr/bin/git config --global --add safe.directory /home/runner/_work/ka0s/ka0s
end-workflow	Post Checkout code	2025-10-07T11:53:54.8038650Z [command]/usr/bin/git config --local --name-only --get-regexp core\.sshCommand
end-workflow	Post Checkout code	2025-10-07T11:53:54.8075482Z [command]/usr/bin/git submodule foreach --recursive sh -c "git config --local --name-only --get-regexp 'core\.sshCommand' && git config --local --unset-all 'core.sshCommand' || :"
end-workflow	Post Checkout code	2025-10-07T11:53:54.8331177Z [command]/usr/bin/git config --local --name-only --get-regexp http\.https\:\/\/github\.com\/\.extraheader
end-workflow	Post Checkout code	2025-10-07T11:53:54.8356048Z http.https://github.com/.extraheader
end-workflow	Post Checkout code	2025-10-07T11:53:54.8368462Z [command]/usr/bin/git config --local --unset-all http.https://github.com/.extraheader
end-workflow	Post Checkout code	2025-10-07T11:53:54.8403777Z [command]/usr/bin/git submodule foreach --recursive sh -c "git config --local --name-only --get-regexp 'http\.https\:\/\/github\.com\/\.extraheader' && git config --local --unset-all 'http.https://github.com/.extraheader' || :"
end-workflow	Complete job	Ôªø2025-10-07T11:53:54.8791504Z Cleaning up orphan processes
