job-core	Set up job	Ôªø2025-10-07T11:52:17.1287113Z Current runner version: '2.328.0'
job-core	Set up job	2025-10-07T11:52:17.1321288Z Runner name: '57e6ba57c815'
job-core	Set up job	2025-10-07T11:52:17.1322722Z Runner group name: 'swarm-runners'
job-core	Set up job	2025-10-07T11:52:17.1324008Z Machine name: '57e6ba57c815'
job-core	Set up job	2025-10-07T11:52:17.1333244Z ##[group]GITHUB_TOKEN Permissions
job-core	Set up job	2025-10-07T11:52:17.1337971Z Actions: write
job-core	Set up job	2025-10-07T11:52:17.1339514Z Contents: read
job-core	Set up job	2025-10-07T11:52:17.1341034Z Issues: write
job-core	Set up job	2025-10-07T11:52:17.1463719Z Metadata: read
job-core	Set up job	2025-10-07T11:52:17.1464998Z ##[endgroup]
job-core	Set up job	2025-10-07T11:52:17.1468800Z Secret source: Actions
job-core	Set up job	2025-10-07T11:52:17.1470327Z Prepare workflow directory
job-core	Set up job	2025-10-07T11:52:17.3280806Z Prepare all required actions
job-core	Set up job	2025-10-07T11:52:17.3376932Z Getting action download info
job-core	Set up job	2025-10-07T11:52:18.0307117Z Download action repository 'actions/checkout@v4' (SHA:08eba0b27e820071cde6df949e0beb9ba4906955)
job-core	Set up job	2025-10-07T11:52:18.8259202Z Download action repository 'docker/login-action@v3' (SHA:5e57cd118135c172c3672efd75eb46360885c0ef)
job-core	Set up job	2025-10-07T11:52:20.0145249Z Complete job name: job-core
job-core	Checkout code	Ôªø2025-10-07T11:52:20.2169662Z ##[group]Run actions/checkout@v4
job-core	Checkout code	2025-10-07T11:52:20.2174362Z with:
job-core	Checkout code	2025-10-07T11:52:20.2176907Z   fetch-depth: 0
job-core	Checkout code	2025-10-07T11:52:20.2179504Z   token: ***
job-core	Checkout code	2025-10-07T11:52:20.2181395Z   repository: Ka0s-Klaus/ka0s
job-core	Checkout code	2025-10-07T11:52:20.2183556Z   ssh-strict: true
job-core	Checkout code	2025-10-07T11:52:20.2185192Z   ssh-user: git
job-core	Checkout code	2025-10-07T11:52:20.2186980Z   persist-credentials: true
job-core	Checkout code	2025-10-07T11:52:20.2189200Z   clean: true
job-core	Checkout code	2025-10-07T11:52:20.2191284Z   sparse-checkout-cone-mode: true
job-core	Checkout code	2025-10-07T11:52:20.2193525Z   fetch-tags: false
job-core	Checkout code	2025-10-07T11:52:20.2195226Z   show-progress: true
job-core	Checkout code	2025-10-07T11:52:20.2197138Z   lfs: false
job-core	Checkout code	2025-10-07T11:52:20.2198897Z   submodules: false
job-core	Checkout code	2025-10-07T11:52:20.2200927Z   set-safe-directory: true
job-core	Checkout code	2025-10-07T11:52:20.2203731Z env:
job-core	Checkout code	2025-10-07T11:52:20.2208004Z   GITHUB_TOKEN: ***
job-core	Checkout code	2025-10-07T11:52:20.2210465Z   KAOS_MODULE: [Ka0s] Personalized Image Runners
job-core	Checkout code	2025-10-07T11:52:20.2213077Z   KAOS_CODE: 18311722892
job-core	Checkout code	2025-10-07T11:52:20.2215020Z   KAOS_PATH_SCAN: audit/scan/
job-core	Checkout code	2025-10-07T11:52:20.2217233Z ##[endgroup]
job-core	Checkout code	2025-10-07T11:52:20.4959098Z Syncing repository: Ka0s-Klaus/ka0s
job-core	Checkout code	2025-10-07T11:52:20.4965743Z ##[group]Getting Git version info
job-core	Checkout code	2025-10-07T11:52:20.4968409Z Working directory is '/home/runner/_work/ka0s/ka0s'
job-core	Checkout code	2025-10-07T11:52:20.4973200Z [command]/usr/bin/git version
job-core	Checkout code	2025-10-07T11:52:20.4975775Z git version 2.51.0
job-core	Checkout code	2025-10-07T11:52:20.4985051Z ##[endgroup]
job-core	Checkout code	2025-10-07T11:52:20.5041021Z Temporarily overriding HOME='/home/runner/_work/_temp/8aabf85c-7445-47f9-9530-4ff20417bbfb' before making global git config changes
job-core	Checkout code	2025-10-07T11:52:20.5054378Z Adding repository directory to the temporary git global config as a safe directory
job-core	Checkout code	2025-10-07T11:52:20.5059912Z [command]/usr/bin/git config --global --add safe.directory /home/runner/_work/ka0s/ka0s
job-core	Checkout code	2025-10-07T11:52:20.5083198Z Deleting the contents of '/home/runner/_work/ka0s/ka0s'
job-core	Checkout code	2025-10-07T11:52:20.5116982Z ##[group]Initializing the repository
job-core	Checkout code	2025-10-07T11:52:20.5131735Z [command]/usr/bin/git init /home/runner/_work/ka0s/ka0s
job-core	Checkout code	2025-10-07T11:52:20.5217221Z hint: Using 'master' as the name for the initial branch. This default branch name
job-core	Checkout code	2025-10-07T11:52:20.5246608Z hint: is subject to change. To configure the initial branch name to use in all
job-core	Checkout code	2025-10-07T11:52:20.5252566Z hint: of your new repositories, which will suppress this warning, call:
job-core	Checkout code	2025-10-07T11:52:20.5265262Z hint:
job-core	Checkout code	2025-10-07T11:52:20.5284458Z hint: 	git config --global init.defaultBranch <name>
job-core	Checkout code	2025-10-07T11:52:20.5288557Z hint:
job-core	Checkout code	2025-10-07T11:52:20.5303167Z hint: Names commonly chosen instead of 'master' are 'main', 'trunk' and
job-core	Checkout code	2025-10-07T11:52:20.5309340Z hint: 'development'. The just-created branch can be renamed via this command:
job-core	Checkout code	2025-10-07T11:52:20.5314755Z hint:
job-core	Checkout code	2025-10-07T11:52:20.5318226Z hint: 	git branch -m <name>
job-core	Checkout code	2025-10-07T11:52:20.5321167Z hint:
job-core	Checkout code	2025-10-07T11:52:20.5324106Z hint: Disable this message with "git config set advice.defaultBranchName false"
job-core	Checkout code	2025-10-07T11:52:20.5328743Z Initialized empty Git repository in /home/runner/_work/ka0s/ka0s/.git/
job-core	Checkout code	2025-10-07T11:52:20.5352961Z [command]/usr/bin/git remote add origin https://github.com/Ka0s-Klaus/ka0s
job-core	Checkout code	2025-10-07T11:52:20.5363186Z ##[endgroup]
job-core	Checkout code	2025-10-07T11:52:20.5370152Z ##[group]Disabling automatic garbage collection
job-core	Checkout code	2025-10-07T11:52:20.5375252Z [command]/usr/bin/git config --local gc.auto 0
job-core	Checkout code	2025-10-07T11:52:20.5445311Z ##[endgroup]
job-core	Checkout code	2025-10-07T11:52:20.5449060Z ##[group]Setting up auth
job-core	Checkout code	2025-10-07T11:52:20.5453041Z [command]/usr/bin/git config --local --name-only --get-regexp core\.sshCommand
job-core	Checkout code	2025-10-07T11:52:20.5534409Z [command]/usr/bin/git submodule foreach --recursive sh -c "git config --local --name-only --get-regexp 'core\.sshCommand' && git config --local --unset-all 'core.sshCommand' || :"
job-core	Checkout code	2025-10-07T11:52:20.6011139Z [command]/usr/bin/git config --local --name-only --get-regexp http\.https\:\/\/github\.com\/\.extraheader
job-core	Checkout code	2025-10-07T11:52:20.6076364Z [command]/usr/bin/git submodule foreach --recursive sh -c "git config --local --name-only --get-regexp 'http\.https\:\/\/github\.com\/\.extraheader' && git config --local --unset-all 'http.https://github.com/.extraheader' || :"
job-core	Checkout code	2025-10-07T11:52:20.6495123Z [command]/usr/bin/git config --local http.https://github.com/.extraheader AUTHORIZATION: basic ***
job-core	Checkout code	2025-10-07T11:52:20.6585921Z ##[endgroup]
job-core	Checkout code	2025-10-07T11:52:20.6593555Z ##[group]Fetching the repository
job-core	Checkout code	2025-10-07T11:52:20.6627966Z [command]/usr/bin/git -c protocol.version=2 fetch --prune --no-recurse-submodules origin +refs/heads/*:refs/remotes/origin/* +refs/tags/*:refs/tags/*
job-core	Checkout code	2025-10-07T11:52:53.0796011Z From https://github.com/Ka0s-Klaus/ka0s
job-core	Checkout code	2025-10-07T11:52:53.0797642Z  * [new branch]        F1149-desarrollo-de-orchestrator -> origin/F1149-desarrollo-de-orchestrator
job-core	Checkout code	2025-10-07T11:52:53.0800473Z  * [new branch]        F1183-personalizaci√≥n-m√≥dulo-finops -> origin/F1183-personalizaci√≥n-m√≥dulo-finops
job-core	Checkout code	2025-10-07T11:52:53.0802494Z  * [new branch]        F1224-new-module-mongodb -> origin/F1224-new-module-mongodb
job-core	Checkout code	2025-10-07T11:52:53.0804101Z  * [new branch]        F220-web-de-resultados  -> origin/F220-web-de-resultados
job-core	Checkout code	2025-10-07T11:52:53.0806393Z  * [new branch]        F227-despliegue-de-kube-independiente-del-clouder -> origin/F227-despliegue-de-kube-independiente-del-clouder
job-core	Checkout code	2025-10-07T11:52:53.0808896Z  * [new branch]        F329-documentacion-metodologia-de-kaos -> origin/F329-documentacion-metodologia-de-kaos
job-core	Checkout code	2025-10-07T11:52:53.1098905Z  * [new branch]        F44-creaci√≥n-m√≥dulo-versionado -> origin/F44-creaci√≥n-m√≥dulo-versionado
job-core	Checkout code	2025-10-07T11:52:53.1101444Z  * [new branch]        H1128-m√≥dulo-de-observabilidad -> origin/H1128-m√≥dulo-de-observabilidad
job-core	Checkout code	2025-10-07T11:52:53.1103177Z  * [new branch]        H1139-como-instalar-arc-control -> origin/H1139-como-instalar-arc-control
job-core	Checkout code	2025-10-07T11:52:53.1104926Z  * [new branch]        H1149-desarrollo-de-orchestrator -> origin/H1149-desarrollo-de-orchestrator
job-core	Checkout code	2025-10-07T11:52:53.1106631Z  * [new branch]        H1150-desarrollo-de-secciones -> origin/H1150-desarrollo-de-secciones
job-core	Checkout code	2025-10-07T11:52:53.1108283Z  * [new branch]        H1151-desarrollo-de-secciones-ii -> origin/H1151-desarrollo-de-secciones-ii
job-core	Checkout code	2025-10-07T11:52:53.1110002Z  * [new branch]        H1152-desarrollo-inicio -> origin/H1152-desarrollo-inicio
job-core	Checkout code	2025-10-07T11:52:53.1111940Z  * [new branch]        H1183-personalizaci√≥n-m√≥dulo-finops -> origin/H1183-personalizaci√≥n-m√≥dulo-finops
job-core	Checkout code	2025-10-07T11:52:53.1113778Z  * [new branch]        H1193-ejemplo-web-documentacion -> origin/H1193-ejemplo-web-documentacion
job-core	Checkout code	2025-10-07T11:52:53.1115263Z  * [new branch]        H1205-web-creation      -> origin/H1205-web-creation
job-core	Checkout code	2025-10-07T11:52:53.1116579Z  * [new branch]        H1224-new-module-mongodb -> origin/H1224-new-module-mongodb
job-core	Checkout code	2025-10-07T11:52:53.1117941Z  * [new branch]        H1410-modulo-execution  -> origin/H1410-modulo-execution
job-core	Checkout code	2025-10-07T11:52:53.1120380Z  * [new branch]        H1514-new-swarm-deployment-stack-with-actions-runners-autoscale -> origin/H1514-new-swarm-deployment-stack-with-actions-runners-autoscale
job-core	Checkout code	2025-10-07T11:52:53.1122963Z  * [new branch]        H1646-modulo-de-control-de-runners -> origin/H1646-modulo-de-control-de-runners
job-core	Checkout code	2025-10-07T11:52:53.1125089Z  * [new branch]        H215-modulo-de-summary  -> origin/H215-modulo-de-summary
job-core	Checkout code	2025-10-07T11:52:53.1170833Z  * [new branch]        H220-web-de-resultados  -> origin/H220-web-de-resultados
job-core	Checkout code	2025-10-07T11:52:53.1172925Z  * [new branch]        H227-despliegue-de-kube-independiente-del-clouder -> origin/H227-despliegue-de-kube-independiente-del-clouder
job-core	Checkout code	2025-10-07T11:52:53.1175038Z  * [new branch]        H306-ficheros-de-estadisticas -> origin/H306-ficheros-de-estadisticas
job-core	Checkout code	2025-10-07T11:52:53.1177015Z  * [new branch]        H328-documentacion-modulo-principal-de-kaos -> origin/H328-documentacion-modulo-principal-de-kaos
job-core	Checkout code	2025-10-07T11:52:53.1179218Z  * [new branch]        H329-documentacion-metodologia-de-kaos -> origin/H329-documentacion-metodologia-de-kaos
job-core	Checkout code	2025-10-07T11:52:53.1181563Z  * [new branch]        H338-relanzador-de-jobs-en-caso-de-pattern -> origin/H338-relanzador-de-jobs-en-caso-de-pattern
job-core	Checkout code	2025-10-07T11:52:53.1184051Z  * [new branch]        H38-documentacion-basica-del-proyecto -> origin/H38-documentacion-basica-del-proyecto
job-core	Checkout code	2025-10-07T11:52:53.1186717Z  * [new branch]        H44-creaci√≥n-m√≥dulo-versionado -> origin/H44-creaci√≥n-m√≥dulo-versionado
job-core	Checkout code	2025-10-07T11:52:53.1188500Z  * [new branch]        RN1149-desarrollo-de-orchestrator -> origin/RN1149-desarrollo-de-orchestrator
job-core	Checkout code	2025-10-07T11:52:53.1190848Z  * [new branch]        RN1183-personalizaci√≥n-m√≥dulo-finops -> origin/RN1183-personalizaci√≥n-m√≥dulo-finops
job-core	Checkout code	2025-10-07T11:52:53.1193405Z  * [new branch]        RN1282-ka0s-error-detected-in-ka0s-workflow-statistics-summary -> origin/RN1282-ka0s-error-detected-in-ka0s-workflow-statistics-summary
job-core	Checkout code	2025-10-07T11:52:53.1195694Z  * [new branch]        RN220-web-de-resultados -> origin/RN220-web-de-resultados
job-core	Checkout code	2025-10-07T11:52:53.1197706Z  * [new branch]        RN227-despliegue-de-kube-independiente-del-clouder -> origin/RN227-despliegue-de-kube-independiente-del-clouder
job-core	Checkout code	2025-10-07T11:52:53.1230337Z  * [new branch]        RN329-documentacion-metodologia-de-kaos -> origin/RN329-documentacion-metodologia-de-kaos
job-core	Checkout code	2025-10-07T11:52:53.1232350Z  * [new branch]        main                    -> origin/main
job-core	Checkout code	2025-10-07T11:52:53.1233378Z  * [new tag]           0.0.0                   -> 0.0.0
job-core	Checkout code	2025-10-07T11:52:53.1234379Z  * [new tag]           0.0.1                   -> 0.0.1
job-core	Checkout code	2025-10-07T11:52:53.1235330Z  * [new tag]           0.0.10                  -> 0.0.10
job-core	Checkout code	2025-10-07T11:52:53.1236324Z  * [new tag]           0.0.100                 -> 0.0.100
job-core	Checkout code	2025-10-07T11:52:53.1237271Z  * [new tag]           0.0.101                 -> 0.0.101
job-core	Checkout code	2025-10-07T11:52:53.1238218Z  * [new tag]           0.0.102                 -> 0.0.102
job-core	Checkout code	2025-10-07T11:52:53.1239195Z  * [new tag]           0.0.103                 -> 0.0.103
job-core	Checkout code	2025-10-07T11:52:53.1240341Z  * [new tag]           0.0.104                 -> 0.0.104
job-core	Checkout code	2025-10-07T11:52:53.1241237Z  * [new tag]           0.0.105                 -> 0.0.105
job-core	Checkout code	2025-10-07T11:52:53.1242135Z  * [new tag]           0.0.106                 -> 0.0.106
job-core	Checkout code	2025-10-07T11:52:53.1243050Z  * [new tag]           0.0.107                 -> 0.0.107
job-core	Checkout code	2025-10-07T11:52:53.1243955Z  * [new tag]           0.0.108                 -> 0.0.108
job-core	Checkout code	2025-10-07T11:52:53.1244856Z  * [new tag]           0.0.109                 -> 0.0.109
job-core	Checkout code	2025-10-07T11:52:53.1245761Z  * [new tag]           0.0.11                  -> 0.0.11
job-core	Checkout code	2025-10-07T11:52:53.1246661Z  * [new tag]           0.0.110                 -> 0.0.110
job-core	Checkout code	2025-10-07T11:52:53.1247577Z  * [new tag]           0.0.111                 -> 0.0.111
job-core	Checkout code	2025-10-07T11:52:53.1248501Z  * [new tag]           0.0.112                 -> 0.0.112
job-core	Checkout code	2025-10-07T11:52:53.1249431Z  * [new tag]           0.0.113                 -> 0.0.113
job-core	Checkout code	2025-10-07T11:52:53.1291646Z  * [new tag]           0.0.114                 -> 0.0.114
job-core	Checkout code	2025-10-07T11:52:53.1293469Z  * [new tag]           0.0.115                 -> 0.0.115
job-core	Checkout code	2025-10-07T11:52:53.1295237Z  * [new tag]           0.0.116                 -> 0.0.116
job-core	Checkout code	2025-10-07T11:52:53.1296740Z  * [new tag]           0.0.117                 -> 0.0.117
job-core	Checkout code	2025-10-07T11:52:53.1298808Z  * [new tag]           0.0.118                 -> 0.0.118
job-core	Checkout code	2025-10-07T11:52:53.1300473Z  * [new tag]           0.0.119                 -> 0.0.119
job-core	Checkout code	2025-10-07T11:52:53.1302027Z  * [new tag]           0.0.12                  -> 0.0.12
job-core	Checkout code	2025-10-07T11:52:53.1303657Z  * [new tag]           0.0.120                 -> 0.0.120
job-core	Checkout code	2025-10-07T11:52:53.1305330Z  * [new tag]           0.0.121                 -> 0.0.121
job-core	Checkout code	2025-10-07T11:52:53.1306785Z  * [new tag]           0.0.122                 -> 0.0.122
job-core	Checkout code	2025-10-07T11:52:53.1308391Z  * [new tag]           0.0.123                 -> 0.0.123
job-core	Checkout code	2025-10-07T11:52:53.1310189Z  * [new tag]           0.0.124                 -> 0.0.124
job-core	Checkout code	2025-10-07T11:52:53.1311930Z  * [new tag]           0.0.125                 -> 0.0.125
job-core	Checkout code	2025-10-07T11:52:53.1313448Z  * [new tag]           0.0.126                 -> 0.0.126
job-core	Checkout code	2025-10-07T11:52:53.1380007Z  * [new tag]           0.0.127                 -> 0.0.127
job-core	Checkout code	2025-10-07T11:52:53.1381316Z  * [new tag]           0.0.128                 -> 0.0.128
job-core	Checkout code	2025-10-07T11:52:53.1382751Z  * [new tag]           0.0.129                 -> 0.0.129
job-core	Checkout code	2025-10-07T11:52:53.1383690Z  * [new tag]           0.0.13                  -> 0.0.13
job-core	Checkout code	2025-10-07T11:52:53.1384618Z  * [new tag]           0.0.130                 -> 0.0.130
job-core	Checkout code	2025-10-07T11:52:53.1385547Z  * [new tag]           0.0.131                 -> 0.0.131
job-core	Checkout code	2025-10-07T11:52:53.1386474Z  * [new tag]           0.0.132                 -> 0.0.132
job-core	Checkout code	2025-10-07T11:52:53.1387392Z  * [new tag]           0.0.133                 -> 0.0.133
job-core	Checkout code	2025-10-07T11:52:53.1388318Z  * [new tag]           0.0.134                 -> 0.0.134
job-core	Checkout code	2025-10-07T11:52:53.1389247Z  * [new tag]           0.0.135                 -> 0.0.135
job-core	Checkout code	2025-10-07T11:52:53.1390543Z  * [new tag]           0.0.136                 -> 0.0.136
job-core	Checkout code	2025-10-07T11:52:53.1392172Z  * [new tag]           0.0.137                 -> 0.0.137
job-core	Checkout code	2025-10-07T11:52:53.1393702Z  * [new tag]           0.0.138                 -> 0.0.138
job-core	Checkout code	2025-10-07T11:52:53.1395369Z  * [new tag]           0.0.139                 -> 0.0.139
job-core	Checkout code	2025-10-07T11:52:53.1397047Z  * [new tag]           0.0.14                  -> 0.0.14
job-core	Checkout code	2025-10-07T11:52:53.1398558Z  * [new tag]           0.0.140                 -> 0.0.140
job-core	Checkout code	2025-10-07T11:52:53.1400219Z  * [new tag]           0.0.141                 -> 0.0.141
job-core	Checkout code	2025-10-07T11:52:53.1401821Z  * [new tag]           0.0.142                 -> 0.0.142
job-core	Checkout code	2025-10-07T11:52:53.1403407Z  * [new tag]           0.0.143                 -> 0.0.143
job-core	Checkout code	2025-10-07T11:52:53.1404917Z  * [new tag]           0.0.144                 -> 0.0.144
job-core	Checkout code	2025-10-07T11:52:53.1482299Z  * [new tag]           0.0.145                 -> 0.0.145
job-core	Checkout code	2025-10-07T11:52:53.1483355Z  * [new tag]           0.0.146                 -> 0.0.146
job-core	Checkout code	2025-10-07T11:52:53.1484292Z  * [new tag]           0.0.147                 -> 0.0.147
job-core	Checkout code	2025-10-07T11:52:53.1485222Z  * [new tag]           0.0.148                 -> 0.0.148
job-core	Checkout code	2025-10-07T11:52:53.1486147Z  * [new tag]           0.0.149                 -> 0.0.149
job-core	Checkout code	2025-10-07T11:52:53.1487108Z  * [new tag]           0.0.15                  -> 0.0.15
job-core	Checkout code	2025-10-07T11:52:53.1488051Z  * [new tag]           0.0.150                 -> 0.0.150
job-core	Checkout code	2025-10-07T11:52:53.1488975Z  * [new tag]           0.0.151                 -> 0.0.151
job-core	Checkout code	2025-10-07T11:52:53.1490046Z  * [new tag]           0.0.152                 -> 0.0.152
job-core	Checkout code	2025-10-07T11:52:53.1490982Z  * [new tag]           0.0.153                 -> 0.0.153
job-core	Checkout code	2025-10-07T11:52:53.1491900Z  * [new tag]           0.0.154                 -> 0.0.154
job-core	Checkout code	2025-10-07T11:52:53.1492813Z  * [new tag]           0.0.155                 -> 0.0.155
job-core	Checkout code	2025-10-07T11:52:53.1493737Z  * [new tag]           0.0.156                 -> 0.0.156
job-core	Checkout code	2025-10-07T11:52:53.1494658Z  * [new tag]           0.0.157                 -> 0.0.157
job-core	Checkout code	2025-10-07T11:52:53.1495580Z  * [new tag]           0.0.158                 -> 0.0.158
job-core	Checkout code	2025-10-07T11:52:53.1496502Z  * [new tag]           0.0.159                 -> 0.0.159
job-core	Checkout code	2025-10-07T11:52:53.1497431Z  * [new tag]           0.0.16                  -> 0.0.16
job-core	Checkout code	2025-10-07T11:52:53.1498699Z  * [new tag]           0.0.160                 -> 0.0.160
job-core	Checkout code	2025-10-07T11:52:53.1562091Z  * [new tag]           0.0.161                 -> 0.0.161
job-core	Checkout code	2025-10-07T11:52:53.1563408Z  * [new tag]           0.0.162                 -> 0.0.162
job-core	Checkout code	2025-10-07T11:52:53.1564377Z  * [new tag]           0.0.163                 -> 0.0.163
job-core	Checkout code	2025-10-07T11:52:53.1565367Z  * [new tag]           0.0.164                 -> 0.0.164
job-core	Checkout code	2025-10-07T11:52:53.1566303Z  * [new tag]           0.0.165                 -> 0.0.165
job-core	Checkout code	2025-10-07T11:52:53.1567225Z  * [new tag]           0.0.166                 -> 0.0.166
job-core	Checkout code	2025-10-07T11:52:53.1568153Z  * [new tag]           0.0.167                 -> 0.0.167
job-core	Checkout code	2025-10-07T11:52:53.1569082Z  * [new tag]           0.0.168                 -> 0.0.168
job-core	Checkout code	2025-10-07T11:52:53.1570163Z  * [new tag]           0.0.169                 -> 0.0.169
job-core	Checkout code	2025-10-07T11:52:53.1571091Z  * [new tag]           0.0.17                  -> 0.0.17
job-core	Checkout code	2025-10-07T11:52:53.1572025Z  * [new tag]           0.0.170                 -> 0.0.170
job-core	Checkout code	2025-10-07T11:52:53.1573376Z  * [new tag]           0.0.171                 -> 0.0.171
job-core	Checkout code	2025-10-07T11:52:53.1574302Z  * [new tag]           0.0.172                 -> 0.0.172
job-core	Checkout code	2025-10-07T11:52:53.1575226Z  * [new tag]           0.0.173                 -> 0.0.173
job-core	Checkout code	2025-10-07T11:52:53.1576643Z  * [new tag]           0.0.174                 -> 0.0.174
job-core	Checkout code	2025-10-07T11:52:53.1577843Z  * [new tag]           0.0.175                 -> 0.0.175
job-core	Checkout code	2025-10-07T11:52:53.1579066Z  * [new tag]           0.0.176                 -> 0.0.176
job-core	Checkout code	2025-10-07T11:52:53.1580522Z  * [new tag]           0.0.177                 -> 0.0.177
job-core	Checkout code	2025-10-07T11:52:53.1581461Z  * [new tag]           0.0.178                 -> 0.0.178
job-core	Checkout code	2025-10-07T11:52:53.1582395Z  * [new tag]           0.0.179                 -> 0.0.179
job-core	Checkout code	2025-10-07T11:52:53.1583317Z  * [new tag]           0.0.18                  -> 0.0.18
job-core	Checkout code	2025-10-07T11:52:53.1584231Z  * [new tag]           0.0.19                  -> 0.0.19
job-core	Checkout code	2025-10-07T11:52:53.1585139Z  * [new tag]           0.0.2                   -> 0.0.2
job-core	Checkout code	2025-10-07T11:52:53.1586088Z  * [new tag]           0.0.20                  -> 0.0.20
job-core	Checkout code	2025-10-07T11:52:53.1586995Z  * [new tag]           0.0.21                  -> 0.0.21
job-core	Checkout code	2025-10-07T11:52:53.1587898Z  * [new tag]           0.0.22                  -> 0.0.22
job-core	Checkout code	2025-10-07T11:52:53.1588805Z  * [new tag]           0.0.23                  -> 0.0.23
job-core	Checkout code	2025-10-07T11:52:53.1619378Z  * [new tag]           0.0.24                  -> 0.0.24
job-core	Checkout code	2025-10-07T11:52:53.1620517Z  * [new tag]           0.0.25                  -> 0.0.25
job-core	Checkout code	2025-10-07T11:52:53.1621533Z  * [new tag]           0.0.26                  -> 0.0.26
job-core	Checkout code	2025-10-07T11:52:53.1622450Z  * [new tag]           0.0.27                  -> 0.0.27
job-core	Checkout code	2025-10-07T11:52:53.1623382Z  * [new tag]           0.0.28                  -> 0.0.28
job-core	Checkout code	2025-10-07T11:52:53.1624308Z  * [new tag]           0.0.29                  -> 0.0.29
job-core	Checkout code	2025-10-07T11:52:53.1625220Z  * [new tag]           0.0.3                   -> 0.0.3
job-core	Checkout code	2025-10-07T11:52:53.1626136Z  * [new tag]           0.0.30                  -> 0.0.30
job-core	Checkout code	2025-10-07T11:52:53.1627101Z  * [new tag]           0.0.31                  -> 0.0.31
job-core	Checkout code	2025-10-07T11:52:53.1628026Z  * [new tag]           0.0.32                  -> 0.0.32
job-core	Checkout code	2025-10-07T11:52:53.1628936Z  * [new tag]           0.0.33                  -> 0.0.33
job-core	Checkout code	2025-10-07T11:52:53.1630014Z  * [new tag]           0.0.34                  -> 0.0.34
job-core	Checkout code	2025-10-07T11:52:53.1630944Z  * [new tag]           0.0.35                  -> 0.0.35
job-core	Checkout code	2025-10-07T11:52:53.1631857Z  * [new tag]           0.0.36                  -> 0.0.36
job-core	Checkout code	2025-10-07T11:52:53.1632767Z  * [new tag]           0.0.37                  -> 0.0.37
job-core	Checkout code	2025-10-07T11:52:53.1633703Z  * [new tag]           0.0.38                  -> 0.0.38
job-core	Checkout code	2025-10-07T11:52:53.1634635Z  * [new tag]           0.0.39                  -> 0.0.39
job-core	Checkout code	2025-10-07T11:52:53.1635557Z  * [new tag]           0.0.4                   -> 0.0.4
job-core	Checkout code	2025-10-07T11:52:53.1636461Z  * [new tag]           0.0.40                  -> 0.0.40
job-core	Checkout code	2025-10-07T11:52:53.1645925Z  * [new tag]           0.0.41                  -> 0.0.41
job-core	Checkout code	2025-10-07T11:52:53.1647388Z  * [new tag]           0.0.42                  -> 0.0.42
job-core	Checkout code	2025-10-07T11:52:53.1648326Z  * [new tag]           0.0.43                  -> 0.0.43
job-core	Checkout code	2025-10-07T11:52:53.1649234Z  * [new tag]           0.0.44                  -> 0.0.44
job-core	Checkout code	2025-10-07T11:52:53.1650248Z  * [new tag]           0.0.45                  -> 0.0.45
job-core	Checkout code	2025-10-07T11:52:53.1651161Z  * [new tag]           0.0.46                  -> 0.0.46
job-core	Checkout code	2025-10-07T11:52:53.1652071Z  * [new tag]           0.0.47                  -> 0.0.47
job-core	Checkout code	2025-10-07T11:52:53.1652978Z  * [new tag]           0.0.48                  -> 0.0.48
job-core	Checkout code	2025-10-07T11:52:53.1653887Z  * [new tag]           0.0.49                  -> 0.0.49
job-core	Checkout code	2025-10-07T11:52:53.1654794Z  * [new tag]           0.0.5                   -> 0.0.5
job-core	Checkout code	2025-10-07T11:52:53.1655710Z  * [new tag]           0.0.50                  -> 0.0.50
job-core	Checkout code	2025-10-07T11:52:53.1656621Z  * [new tag]           0.0.51                  -> 0.0.51
job-core	Checkout code	2025-10-07T11:52:53.1657531Z  * [new tag]           0.0.52                  -> 0.0.52
job-core	Checkout code	2025-10-07T11:52:53.1658744Z  * [new tag]           0.0.53                  -> 0.0.53
job-core	Checkout code	2025-10-07T11:52:53.1659797Z  * [new tag]           0.0.54                  -> 0.0.54
job-core	Checkout code	2025-10-07T11:52:53.1660745Z  * [new tag]           0.0.55                  -> 0.0.55
job-core	Checkout code	2025-10-07T11:52:53.1661670Z  * [new tag]           0.0.56                  -> 0.0.56
job-core	Checkout code	2025-10-07T11:52:53.1662587Z  * [new tag]           0.0.57                  -> 0.0.57
job-core	Checkout code	2025-10-07T11:52:53.1663500Z  * [new tag]           0.0.58                  -> 0.0.58
job-core	Checkout code	2025-10-07T11:52:53.1664410Z  * [new tag]           0.0.59                  -> 0.0.59
job-core	Checkout code	2025-10-07T11:52:53.1665324Z  * [new tag]           0.0.6                   -> 0.0.6
job-core	Checkout code	2025-10-07T11:52:53.1666241Z  * [new tag]           0.0.60                  -> 0.0.60
job-core	Checkout code	2025-10-07T11:52:53.1667148Z  * [new tag]           0.0.61                  -> 0.0.61
job-core	Checkout code	2025-10-07T11:52:53.1668057Z  * [new tag]           0.0.62                  -> 0.0.62
job-core	Checkout code	2025-10-07T11:52:53.1668982Z  * [new tag]           0.0.63                  -> 0.0.63
job-core	Checkout code	2025-10-07T11:52:53.1669987Z  * [new tag]           0.0.64                  -> 0.0.64
job-core	Checkout code	2025-10-07T11:52:53.1670911Z  * [new tag]           0.0.65                  -> 0.0.65
job-core	Checkout code	2025-10-07T11:52:53.1671833Z  * [new tag]           0.0.66                  -> 0.0.66
job-core	Checkout code	2025-10-07T11:52:53.1672746Z  * [new tag]           0.0.67                  -> 0.0.67
job-core	Checkout code	2025-10-07T11:52:53.1673654Z  * [new tag]           0.0.68                  -> 0.0.68
job-core	Checkout code	2025-10-07T11:52:53.1674573Z  * [new tag]           0.0.69                  -> 0.0.69
job-core	Checkout code	2025-10-07T11:52:53.1675483Z  * [new tag]           0.0.7                   -> 0.0.7
job-core	Checkout code	2025-10-07T11:52:53.1676391Z  * [new tag]           0.0.70                  -> 0.0.70
job-core	Checkout code	2025-10-07T11:52:53.1677297Z  * [new tag]           0.0.71                  -> 0.0.71
job-core	Checkout code	2025-10-07T11:52:53.1678206Z  * [new tag]           0.0.72                  -> 0.0.72
job-core	Checkout code	2025-10-07T11:52:53.1679113Z  * [new tag]           0.0.73                  -> 0.0.73
job-core	Checkout code	2025-10-07T11:52:53.1717622Z  * [new tag]           0.0.74                  -> 0.0.74
job-core	Checkout code	2025-10-07T11:52:53.1719157Z  * [new tag]           0.0.75                  -> 0.0.75
job-core	Checkout code	2025-10-07T11:52:53.1720263Z  * [new tag]           0.0.76                  -> 0.0.76
job-core	Checkout code	2025-10-07T11:52:53.1721205Z  * [new tag]           0.0.77                  -> 0.0.77
job-core	Checkout code	2025-10-07T11:52:53.1722153Z  * [new tag]           0.0.78                  -> 0.0.78
job-core	Checkout code	2025-10-07T11:52:53.1723064Z  * [new tag]           0.0.79                  -> 0.0.79
job-core	Checkout code	2025-10-07T11:52:53.1723978Z  * [new tag]           0.0.8                   -> 0.0.8
job-core	Checkout code	2025-10-07T11:52:53.1724894Z  * [new tag]           0.0.80                  -> 0.0.80
job-core	Checkout code	2025-10-07T11:52:53.1733640Z  * [new tag]           0.0.81                  -> 0.0.81
job-core	Checkout code	2025-10-07T11:52:53.1734584Z  * [new tag]           0.0.82                  -> 0.0.82
job-core	Checkout code	2025-10-07T11:52:53.1735498Z  * [new tag]           0.0.83                  -> 0.0.83
job-core	Checkout code	2025-10-07T11:52:53.1736413Z  * [new tag]           0.0.84                  -> 0.0.84
job-core	Checkout code	2025-10-07T11:52:53.1737682Z  * [new tag]           0.0.85                  -> 0.0.85
job-core	Checkout code	2025-10-07T11:52:53.1738622Z  * [new tag]           0.0.86                  -> 0.0.86
job-core	Checkout code	2025-10-07T11:52:53.1739611Z  * [new tag]           0.0.87                  -> 0.0.87
job-core	Checkout code	2025-10-07T11:52:53.1740529Z  * [new tag]           0.0.88                  -> 0.0.88
job-core	Checkout code	2025-10-07T11:52:53.1741435Z  * [new tag]           0.0.89                  -> 0.0.89
job-core	Checkout code	2025-10-07T11:52:53.1742347Z  * [new tag]           0.0.9                   -> 0.0.9
job-core	Checkout code	2025-10-07T11:52:53.1743263Z  * [new tag]           0.0.90                  -> 0.0.90
job-core	Checkout code	2025-10-07T11:52:53.1744182Z  * [new tag]           0.0.91                  -> 0.0.91
job-core	Checkout code	2025-10-07T11:52:53.1745098Z  * [new tag]           0.0.92                  -> 0.0.92
job-core	Checkout code	2025-10-07T11:52:53.1746014Z  * [new tag]           0.0.93                  -> 0.0.93
job-core	Checkout code	2025-10-07T11:52:53.1746926Z  * [new tag]           0.0.94                  -> 0.0.94
job-core	Checkout code	2025-10-07T11:52:53.1747841Z  * [new tag]           0.0.95                  -> 0.0.95
job-core	Checkout code	2025-10-07T11:52:53.1748766Z  * [new tag]           0.0.96                  -> 0.0.96
job-core	Checkout code	2025-10-07T11:52:53.1765935Z  * [new tag]           0.0.97                  -> 0.0.97
job-core	Checkout code	2025-10-07T11:52:53.1766930Z  * [new tag]           0.0.98                  -> 0.0.98
job-core	Checkout code	2025-10-07T11:52:53.1767847Z  * [new tag]           0.0.99                  -> 0.0.99
job-core	Checkout code	2025-10-07T11:52:53.1777101Z  * [new tag]           0.1.0                   -> 0.1.0
job-core	Checkout code	2025-10-07T11:52:53.1778271Z  * [new tag]           0.1.1                   -> 0.1.1
job-core	Checkout code	2025-10-07T11:52:53.1779197Z  * [new tag]           0.2.0                   -> 0.2.0
job-core	Checkout code	2025-10-07T11:52:53.1780192Z  * [new tag]           0.3.0                   -> 0.3.0
job-core	Checkout code	2025-10-07T11:52:53.1781099Z  * [new tag]           0.3.1                   -> 0.3.1
job-core	Checkout code	2025-10-07T11:52:53.1782005Z  * [new tag]           0.3.10                  -> 0.3.10
job-core	Checkout code	2025-10-07T11:52:53.1782913Z  * [new tag]           0.3.11                  -> 0.3.11
job-core	Checkout code	2025-10-07T11:52:53.1783824Z  * [new tag]           0.3.12                  -> 0.3.12
job-core	Checkout code	2025-10-07T11:52:53.1784767Z  * [new tag]           0.3.13                  -> 0.3.13
job-core	Checkout code	2025-10-07T11:52:53.1785695Z  * [new tag]           0.3.14                  -> 0.3.14
job-core	Checkout code	2025-10-07T11:52:53.1786603Z  * [new tag]           0.3.15                  -> 0.3.15
job-core	Checkout code	2025-10-07T11:52:53.1787501Z  * [new tag]           0.3.16                  -> 0.3.16
job-core	Checkout code	2025-10-07T11:52:53.1788411Z  * [new tag]           0.3.17                  -> 0.3.17
job-core	Checkout code	2025-10-07T11:52:53.1789313Z  * [new tag]           0.3.2                   -> 0.3.2
job-core	Checkout code	2025-10-07T11:52:53.1810586Z  * [new tag]           0.3.3                   -> 0.3.3
job-core	Checkout code	2025-10-07T11:52:53.1811545Z  * [new tag]           0.3.4                   -> 0.3.4
job-core	Checkout code	2025-10-07T11:52:53.1812452Z  * [new tag]           0.3.5                   -> 0.3.5
job-core	Checkout code	2025-10-07T11:52:53.1813363Z  * [new tag]           0.3.6                   -> 0.3.6
job-core	Checkout code	2025-10-07T11:52:53.1814260Z  * [new tag]           0.3.7                   -> 0.3.7
job-core	Checkout code	2025-10-07T11:52:53.1815658Z  * [new tag]           0.3.8                   -> 0.3.8
job-core	Checkout code	2025-10-07T11:52:53.1816953Z  * [new tag]           0.3.9                   -> 0.3.9
job-core	Checkout code	2025-10-07T11:52:53.1818099Z  * [new tag]           0.4.0                   -> 0.4.0
job-core	Checkout code	2025-10-07T11:52:53.1819008Z  * [new tag]           0.4.1                   -> 0.4.1
job-core	Checkout code	2025-10-07T11:52:53.1820048Z  * [new tag]           0.4.10                  -> 0.4.10
job-core	Checkout code	2025-10-07T11:52:53.1820958Z  * [new tag]           0.4.2                   -> 0.4.2
job-core	Checkout code	2025-10-07T11:52:53.1821857Z  * [new tag]           0.4.3                   -> 0.4.3
job-core	Checkout code	2025-10-07T11:52:53.1822757Z  * [new tag]           0.4.4                   -> 0.4.4
job-core	Checkout code	2025-10-07T11:52:53.1823662Z  * [new tag]           0.4.5                   -> 0.4.5
job-core	Checkout code	2025-10-07T11:52:53.1824555Z  * [new tag]           0.4.6                   -> 0.4.6
job-core	Checkout code	2025-10-07T11:52:53.1825454Z  * [new tag]           0.4.7                   -> 0.4.7
job-core	Checkout code	2025-10-07T11:52:53.1826376Z  * [new tag]           0.4.8                   -> 0.4.8
job-core	Checkout code	2025-10-07T11:52:53.1827325Z  * [new tag]           0.4.9                   -> 0.4.9
job-core	Checkout code	2025-10-07T11:52:53.2278566Z [command]/usr/bin/git branch --list --remote origin/main
job-core	Checkout code	2025-10-07T11:52:53.2440823Z   origin/main
job-core	Checkout code	2025-10-07T11:52:53.2463407Z [command]/usr/bin/git rev-parse refs/remotes/origin/main
job-core	Checkout code	2025-10-07T11:52:53.2561072Z a6a2cc037b7f3e0a26136610ad4b7de934f4a54c
job-core	Checkout code	2025-10-07T11:52:53.2577460Z ##[endgroup]
job-core	Checkout code	2025-10-07T11:52:53.2580140Z ##[group]Determining the checkout info
job-core	Checkout code	2025-10-07T11:52:53.2585946Z ##[endgroup]
job-core	Checkout code	2025-10-07T11:52:53.2611621Z [command]/usr/bin/git sparse-checkout disable
job-core	Checkout code	2025-10-07T11:52:53.2736971Z [command]/usr/bin/git config --local --unset-all extensions.worktreeConfig
job-core	Checkout code	2025-10-07T11:52:53.2875957Z ##[group]Checking out the ref
job-core	Checkout code	2025-10-07T11:52:53.2880266Z [command]/usr/bin/git checkout --progress --force -B main refs/remotes/origin/main
job-core	Checkout code	2025-10-07T11:52:54.3182942Z Updating files:  67% (521/767)
job-core	Checkout code	2025-10-07T11:52:54.4031066Z Updating files:  68% (522/767)
job-core	Checkout code	2025-10-07T11:52:54.4083039Z Updating files:  69% (530/767)
job-core	Checkout code	2025-10-07T11:52:54.4084196Z Updating files:  70% (537/767)
job-core	Checkout code	2025-10-07T11:52:54.4085097Z Updating files:  71% (545/767)
job-core	Checkout code	2025-10-07T11:52:54.4086395Z Updating files:  72% (553/767)
job-core	Checkout code	2025-10-07T11:52:54.4087319Z Updating files:  73% (560/767)
job-core	Checkout code	2025-10-07T11:52:54.4100738Z Updating files:  74% (568/767)
job-core	Checkout code	2025-10-07T11:52:54.4101717Z Updating files:  75% (576/767)
job-core	Checkout code	2025-10-07T11:52:54.4154213Z Updating files:  76% (583/767)
job-core	Checkout code	2025-10-07T11:52:54.4161742Z Updating files:  77% (591/767)
job-core	Checkout code	2025-10-07T11:52:54.4174279Z Updating files:  78% (599/767)
job-core	Checkout code	2025-10-07T11:52:54.4186111Z Updating files:  79% (606/767)
job-core	Checkout code	2025-10-07T11:52:54.4200170Z Updating files:  80% (614/767)
job-core	Checkout code	2025-10-07T11:52:54.4207812Z Updating files:  81% (622/767)
job-core	Checkout code	2025-10-07T11:52:54.4225335Z Updating files:  82% (629/767)
job-core	Checkout code	2025-10-07T11:52:54.4230431Z Updating files:  83% (637/767)
job-core	Checkout code	2025-10-07T11:52:54.4276593Z Updating files:  84% (645/767)
job-core	Checkout code	2025-10-07T11:52:54.4282611Z Updating files:  85% (652/767)
job-core	Checkout code	2025-10-07T11:52:54.4291160Z Updating files:  86% (660/767)
job-core	Checkout code	2025-10-07T11:52:54.4348546Z Updating files:  87% (668/767)
job-core	Checkout code	2025-10-07T11:52:54.4355299Z Updating files:  88% (675/767)
job-core	Checkout code	2025-10-07T11:52:54.4364598Z Updating files:  89% (683/767)
job-core	Checkout code	2025-10-07T11:52:54.4374694Z Updating files:  90% (691/767)
job-core	Checkout code	2025-10-07T11:52:54.4392647Z Updating files:  91% (698/767)
job-core	Checkout code	2025-10-07T11:52:54.4403329Z Updating files:  92% (706/767)
job-core	Checkout code	2025-10-07T11:52:54.4407861Z Updating files:  93% (714/767)
job-core	Checkout code	2025-10-07T11:52:54.4416765Z Updating files:  94% (721/767)
job-core	Checkout code	2025-10-07T11:52:54.4421498Z Updating files:  95% (729/767)
job-core	Checkout code	2025-10-07T11:52:54.4442139Z Updating files:  96% (737/767)
job-core	Checkout code	2025-10-07T11:52:54.4443262Z Updating files:  97% (744/767)
job-core	Checkout code	2025-10-07T11:52:54.4444154Z Updating files:  98% (752/767)
job-core	Checkout code	2025-10-07T11:52:54.4450907Z Updating files:  99% (760/767)
job-core	Checkout code	2025-10-07T11:52:54.4451798Z Updating files: 100% (767/767)
job-core	Checkout code	2025-10-07T11:52:54.4452612Z Updating files: 100% (767/767), done.
job-core	Checkout code	2025-10-07T11:52:54.4513653Z Switched to a new branch 'main'
job-core	Checkout code	2025-10-07T11:52:54.4522051Z branch 'main' set up to track 'origin/main'.
job-core	Checkout code	2025-10-07T11:52:54.4705701Z ##[endgroup]
job-core	Checkout code	2025-10-07T11:52:54.4802312Z [command]/usr/bin/git log -1 --format=%H
job-core	Checkout code	2025-10-07T11:52:54.4858382Z a6a2cc037b7f3e0a26136610ad4b7de934f4a54c
job-core	Login to Docker Hub	Ôªø2025-10-07T11:52:54.5351279Z ##[group]Run docker/login-action@v3
job-core	Login to Docker Hub	2025-10-07T11:52:54.5351923Z with:
job-core	Login to Docker Hub	2025-10-07T11:52:54.5352609Z   username: ***
job-core	Login to Docker Hub	2025-10-07T11:52:54.5353174Z   password: ***
job-core	Login to Docker Hub	2025-10-07T11:52:54.5353597Z   logout: true
job-core	Login to Docker Hub	2025-10-07T11:52:54.5353991Z env:
job-core	Login to Docker Hub	2025-10-07T11:52:54.5355184Z   GITHUB_TOKEN: ***
job-core	Login to Docker Hub	2025-10-07T11:52:54.5355724Z   KAOS_MODULE: [Ka0s] Personalized Image Runners
job-core	Login to Docker Hub	2025-10-07T11:52:54.5356386Z   KAOS_CODE: 18311722892
job-core	Login to Docker Hub	2025-10-07T11:52:54.5356887Z   KAOS_PATH_SCAN: audit/scan/
job-core	Login to Docker Hub	2025-10-07T11:52:54.5357397Z ##[endgroup]
job-core	Login to Docker Hub	2025-10-07T11:52:55.2098759Z Logging into docker.io...
job-core	Login to Docker Hub	2025-10-07T11:52:56.3090597Z Login Succeeded!
job-core	Build image	Ôªø2025-10-07T11:52:56.3552524Z ##[group]Run # Construimos la imagen
job-core	Build image	2025-10-07T11:52:56.3553376Z [36;1m# Construimos la imagen[0m
job-core	Build image	2025-10-07T11:52:56.3554519Z [36;1msudo docker build -t actions-runner:1.0.5 -f core/runner/actions-runner//1.0.5//Dockerfile . || true[0m
job-core	Build image	2025-10-07T11:52:56.3556227Z [36;1mecho "Se ha generado la imagen actions-runner:1.0.5...."[0m
job-core	Build image	2025-10-07T11:52:56.3557088Z [36;1msudo usermod -aG docker runner [0m
job-core	Build image	2025-10-07T11:52:56.3611122Z shell: /usr/bin/bash -e {0}
job-core	Build image	2025-10-07T11:52:56.3612010Z env:
job-core	Build image	2025-10-07T11:52:56.3613255Z   GITHUB_TOKEN: ***
job-core	Build image	2025-10-07T11:52:56.3613914Z   KAOS_MODULE: [Ka0s] Personalized Image Runners
job-core	Build image	2025-10-07T11:52:56.3614554Z   KAOS_CODE: 18311722892
job-core	Build image	2025-10-07T11:52:56.3615049Z   KAOS_PATH_SCAN: audit/scan/
job-core	Build image	2025-10-07T11:52:56.3615628Z ##[endgroup]
job-core	Build image	2025-10-07T11:52:56.8566046Z #0 building with "default" instance using docker driver
job-core	Build image	2025-10-07T11:52:56.8567186Z 
job-core	Build image	2025-10-07T11:52:56.8567902Z #1 [internal] load build definition from Dockerfile
job-core	Build image	2025-10-07T11:52:56.8569365Z #1 transferring dockerfile: 1.69kB done
job-core	Build image	2025-10-07T11:52:56.8579058Z #1 DONE 0.0s
job-core	Build image	2025-10-07T11:52:56.8579401Z 
job-core	Build image	2025-10-07T11:52:56.8579921Z #2 [internal] load metadata for ghcr.io/actions/actions-runner:latest
job-core	Build image	2025-10-07T11:52:57.3407280Z #2 DONE 0.6s
job-core	Build image	2025-10-07T11:52:57.4122864Z 
job-core	Build image	2025-10-07T11:52:57.4123528Z #3 [internal] load .dockerignore
job-core	Build image	2025-10-07T11:52:57.4124491Z #3 transferring context: 2B done
job-core	Build image	2025-10-07T11:52:57.4125364Z #3 DONE 0.0s
job-core	Build image	2025-10-07T11:52:57.4125782Z 
job-core	Build image	2025-10-07T11:52:57.4126985Z #4 [1/6] FROM ghcr.io/actions/actions-runner:latest@sha256:db0dcae6d28559e54277755a33aba7d0665f255b3bd2a66cdc5e132712f155e0
job-core	Build image	2025-10-07T11:52:57.4128729Z #4 DONE 0.0s
job-core	Build image	2025-10-07T11:52:57.4129372Z 
job-core	Build image	2025-10-07T11:52:57.4133568Z #5 [2/6] RUN apt-get update &&     apt-get install -y wget gnupg &&     curl -fsSL https://pgp.mongodb.com/server-7.0.asc | gpg -o /usr/share/keyrings/mongodb-server-7.0.gpg --dearmor &&     echo "deb [ arch=amd64,arm64 signed-by=/usr/share/keyrings/mongodb-server-7.0.gpg ] https://repo.mongodb.org/apt/ubuntu jammy/mongodb-org/7.0 multiverse"  | tee /etc/apt/sources.list.d/mongodb-org-7.0.list
job-core	Build image	2025-10-07T11:52:57.4138813Z #5 CACHED
job-core	Build image	2025-10-07T11:52:57.4139133Z 
job-core	Build image	2025-10-07T11:52:57.4142318Z #6 [3/6] RUN wget -qO - https://aquasecurity.github.io/trivy-repo/deb/public.key | gpg --dearmor | tee /usr/share/keyrings/trivy.gpg > /dev/null &&    echo "deb [signed-by=/usr/share/keyrings/trivy.gpg] https://aquasecurity.github.io/trivy-repo/deb generic main" | tee -a /etc/apt/sources.list.d/trivy.list &&    apt-get update &&    apt-get install trivy
job-core	Build image	2025-10-07T11:52:57.4146618Z #6 CACHED
job-core	Build image	2025-10-07T11:52:57.4146959Z 
job-core	Build image	2025-10-07T11:52:57.4150575Z #7 [4/6] RUN apt-get update &&     apt-get install -y --no-install-recommends mongodb-org-tools jq python3 pip bc ca-certificates     tzdata apt-utils apt-transport-https curl wget git gnupg gh &&     openssl &&     dpkg-reconfigure --frontend noninteractive tzdata
job-core	Build image	2025-10-07T11:52:57.4154392Z #7 CACHED
job-core	Build image	2025-10-07T11:52:57.4154940Z 
job-core	Build image	2025-10-07T11:52:57.4158198Z #8 [5/6] RUN apt-get update &&     export DEBIAN_FRONTEND=noninteractive &&     ln -fs /usr/share/zoneinfo/Europe/Madrid /etc/localtime &&     dpkg-reconfigure --frontend noninteractive tzdata &&     apt-get upgrade -y
job-core	Build image	2025-10-07T11:52:57.4176209Z #8 CACHED
job-core	Build image	2025-10-07T11:52:57.4176858Z 
job-core	Build image	2025-10-07T11:52:57.4177393Z #9 [6/6] WORKDIR /home/runner
job-core	Build image	2025-10-07T11:52:57.4178697Z #9 CACHED
job-core	Build image	2025-10-07T11:52:57.4179284Z 
job-core	Build image	2025-10-07T11:52:57.4179882Z #10 exporting to image
job-core	Build image	2025-10-07T11:52:57.4181136Z #10 exporting layers done
job-core	Build image	2025-10-07T11:52:57.4183273Z #10 writing image sha256:73b1188b1785e7ca8e79560441cb7996e58361bf3f854be9af82ac37a866f6a0 done
job-core	Build image	2025-10-07T11:52:57.4185885Z #10 naming to docker.io/library/actions-runner:1.0.5 done
job-core	Build image	2025-10-07T11:52:57.4187593Z #10 DONE 0.0s
job-core	Build image	2025-10-07T11:52:57.4220159Z Se ha generado la imagen actions-runner:1.0.5....
job-core	Install Trivy vulnerability scanner	Ôªø2025-10-07T11:52:57.4429351Z ##[group]Run # Instalamos Trivy directamente desde el script oficial
job-core	Install Trivy vulnerability scanner	2025-10-07T11:52:57.4430599Z [36;1m# Instalamos Trivy directamente desde el script oficial[0m
job-core	Install Trivy vulnerability scanner	2025-10-07T11:52:57.4432963Z [36;1m# curl -sfL https://raw.githubusercontent.com/aquasecurity/trivy/main/contrib/install.sh | sudo sh -s -- -b /usr/local/bin v0.48.3[0m
job-core	Install Trivy vulnerability scanner	2025-10-07T11:52:57.4434186Z [36;1m[0m
job-core	Install Trivy vulnerability scanner	2025-10-07T11:52:57.4434507Z [36;1m# Ejecutamos el escaneo de la imagen[0m
job-core	Install Trivy vulnerability scanner	2025-10-07T11:52:57.4435225Z [36;1msudo trivy image --severity HIGH,CRITICAL --ignore-unfixed --format table actions-runner:1.0.5[0m
job-core	Install Trivy vulnerability scanner	2025-10-07T11:52:57.4436346Z [36;1msudo trivy image --severity HIGH,CRITICAL --ignore-unfixed --format json actions-runner:1.0.5 > audit/scan/18311722892.json[0m
job-core	Install Trivy vulnerability scanner	2025-10-07T11:52:57.4437339Z [36;1mecho "Subimos el scan_image_from_18311722892.json a la ruta audit/scan/"[0m
job-core	Install Trivy vulnerability scanner	2025-10-07T11:52:57.4437962Z [36;1mecho "Uploading files to the repository..."[0m
job-core	Install Trivy vulnerability scanner	2025-10-07T11:52:57.4438594Z [36;1mgit config --global user.name "***"[0m
job-core	Install Trivy vulnerability scanner	2025-10-07T11:52:57.4439173Z [36;1mgit config --global user.email "***"[0m
job-core	Install Trivy vulnerability scanner	2025-10-07T11:52:57.4439699Z [36;1mgit pull --rebase[0m
job-core	Install Trivy vulnerability scanner	2025-10-07T11:52:57.4440056Z [36;1mgit add audit/scan/*[0m
job-core	Install Trivy vulnerability scanner	2025-10-07T11:52:57.4440637Z [36;1mgit commit -m "[Ka0s] Add scan image from 18311722892" || echo "No changes to commit"[0m
job-core	Install Trivy vulnerability scanner	2025-10-07T11:52:57.4441249Z [36;1mMAX_RETRIES=3[0m
job-core	Install Trivy vulnerability scanner	2025-10-07T11:52:57.4441578Z [36;1mCOUNT=0[0m
job-core	Install Trivy vulnerability scanner	2025-10-07T11:52:57.4442013Z [36;1muntil git push origin refs/heads/main --force-with-lease; do[0m
job-core	Install Trivy vulnerability scanner	2025-10-07T11:52:57.4442536Z [36;1m  COUNT=$((COUNT+1))[0m
job-core	Install Trivy vulnerability scanner	2025-10-07T11:52:57.4442917Z [36;1m  if [ $COUNT -ge $MAX_RETRIES ]; then[0m
job-core	Install Trivy vulnerability scanner	2025-10-07T11:52:57.4443463Z [36;1m    echo "‚ùå Error: git push failed after $MAX_RETRIES attempts."[0m
job-core	Install Trivy vulnerability scanner	2025-10-07T11:52:57.4443974Z [36;1m    exit 1[0m
job-core	Install Trivy vulnerability scanner	2025-10-07T11:52:57.4444265Z [36;1m  fi[0m
job-core	Install Trivy vulnerability scanner	2025-10-07T11:52:57.4444666Z [36;1m  echo "‚ö†Ô∏è git push failed, retrying ($COUNT/$MAX_RETRIES)..."[0m
job-core	Install Trivy vulnerability scanner	2025-10-07T11:52:57.4445173Z [36;1m  git pull --rebase[0m
job-core	Install Trivy vulnerability scanner	2025-10-07T11:52:57.4445528Z [36;1m  sleep 2[0m
job-core	Install Trivy vulnerability scanner	2025-10-07T11:52:57.4445819Z [36;1mdone[0m
job-core	Install Trivy vulnerability scanner	2025-10-07T11:52:57.4459474Z shell: /usr/bin/bash -e {0}
job-core	Install Trivy vulnerability scanner	2025-10-07T11:52:57.4460285Z env:
job-core	Install Trivy vulnerability scanner	2025-10-07T11:52:57.4461983Z   GITHUB_TOKEN: ***
job-core	Install Trivy vulnerability scanner	2025-10-07T11:52:57.4462352Z   KAOS_MODULE: [Ka0s] Personalized Image Runners
job-core	Install Trivy vulnerability scanner	2025-10-07T11:52:57.4462786Z   KAOS_CODE: 18311722892
job-core	Install Trivy vulnerability scanner	2025-10-07T11:52:57.4463136Z   KAOS_PATH_SCAN: audit/scan/
job-core	Install Trivy vulnerability scanner	2025-10-07T11:52:57.4463469Z ##[endgroup]
job-core	Install Trivy vulnerability scanner	2025-10-07T11:52:57.4574481Z sudo: trivy: command not found
job-core	Install Trivy vulnerability scanner	2025-10-07T11:52:57.4598907Z ##[error]Process completed with exit code 1.
job-core	Post Login to Docker Hub	Ôªø2025-10-07T11:52:57.4762203Z Post job cleanup.
job-core	Post Login to Docker Hub	2025-10-07T11:52:58.0302671Z [command]/usr/bin/docker logout docker.io
job-core	Post Login to Docker Hub	2025-10-07T11:52:58.0491467Z Removing login credentials for docker.io
job-core	Post Login to Docker Hub	2025-10-07T11:52:58.0560810Z ##[group]Post cache
job-core	Post Login to Docker Hub	2025-10-07T11:52:58.0562946Z State not set
job-core	Post Login to Docker Hub	2025-10-07T11:52:58.0564228Z ##[endgroup]
job-core	Post Checkout code	Ôªø2025-10-07T11:52:58.0882798Z Post job cleanup.
job-core	Post Checkout code	2025-10-07T11:52:58.3070013Z [command]/usr/bin/git version
job-core	Post Checkout code	2025-10-07T11:52:58.3190342Z git version 2.51.0
job-core	Post Checkout code	2025-10-07T11:52:58.3251588Z Temporarily overriding HOME='/home/runner/_work/_temp/a83467e2-7dfa-486b-a551-c1e4df30e0d6' before making global git config changes
job-core	Post Checkout code	2025-10-07T11:52:58.3265010Z Adding repository directory to the temporary git global config as a safe directory
job-core	Post Checkout code	2025-10-07T11:52:58.3266654Z [command]/usr/bin/git config --global --add safe.directory /home/runner/_work/ka0s/ka0s
job-core	Post Checkout code	2025-10-07T11:52:58.3375497Z [command]/usr/bin/git config --local --name-only --get-regexp core\.sshCommand
job-core	Post Checkout code	2025-10-07T11:52:58.3461863Z [command]/usr/bin/git submodule foreach --recursive sh -c "git config --local --name-only --get-regexp 'core\.sshCommand' && git config --local --unset-all 'core.sshCommand' || :"
job-core	Post Checkout code	2025-10-07T11:52:58.4166419Z [command]/usr/bin/git config --local --name-only --get-regexp http\.https\:\/\/github\.com\/\.extraheader
job-core	Post Checkout code	2025-10-07T11:52:58.4221454Z http.https://github.com/.extraheader
job-core	Post Checkout code	2025-10-07T11:52:58.4246042Z [command]/usr/bin/git config --local --unset-all http.https://github.com/.extraheader
job-core	Post Checkout code	2025-10-07T11:52:58.4334881Z [command]/usr/bin/git submodule foreach --recursive sh -c "git config --local --name-only --get-regexp 'http\.https\:\/\/github\.com\/\.extraheader' && git config --local --unset-all 'http.https://github.com/.extraheader' || :"
job-core	Complete job	Ôªø2025-10-07T11:52:58.4939511Z Cleaning up orphan processes
handle_failure	Set up job	Ôªø2025-10-07T11:53:29.7275598Z Current runner version: '2.328.0'
handle_failure	Set up job	2025-10-07T11:53:29.7289315Z Runner name: '57e6ba57c815'
handle_failure	Set up job	2025-10-07T11:53:29.7290688Z Runner group name: 'swarm-runners'
handle_failure	Set up job	2025-10-07T11:53:29.7291979Z Machine name: '57e6ba57c815'
handle_failure	Set up job	2025-10-07T11:53:29.7299736Z ##[group]GITHUB_TOKEN Permissions
handle_failure	Set up job	2025-10-07T11:53:29.7303479Z Actions: write
handle_failure	Set up job	2025-10-07T11:53:29.7304164Z Contents: read
handle_failure	Set up job	2025-10-07T11:53:29.7305011Z Issues: write
handle_failure	Set up job	2025-10-07T11:53:29.7306044Z Metadata: read
handle_failure	Set up job	2025-10-07T11:53:29.7306830Z ##[endgroup]
handle_failure	Set up job	2025-10-07T11:53:29.7310687Z Secret source: Actions
handle_failure	Set up job	2025-10-07T11:53:29.7383980Z Prepare workflow directory
handle_failure	Set up job	2025-10-07T11:53:29.8401788Z Prepare all required actions
handle_failure	Set up job	2025-10-07T11:53:29.8456175Z Getting action download info
handle_failure	Set up job	2025-10-07T11:53:30.3741896Z Download action repository 'actions/checkout@v4' (SHA:08eba0b27e820071cde6df949e0beb9ba4906955)
handle_failure	Set up job	2025-10-07T11:53:31.2504027Z Complete job name: handle_failure
handle_failure	Checkout code	Ôªø2025-10-07T11:53:31.3592423Z ##[group]Run actions/checkout@v4
handle_failure	Checkout code	2025-10-07T11:53:31.3593797Z with:
handle_failure	Checkout code	2025-10-07T11:53:31.3594390Z   fetch-depth: 0
handle_failure	Checkout code	2025-10-07T11:53:31.3595209Z   token: ***
handle_failure	Checkout code	2025-10-07T11:53:31.3595737Z   repository: Ka0s-Klaus/ka0s
handle_failure	Checkout code	2025-10-07T11:53:31.3596357Z   ssh-strict: true
handle_failure	Checkout code	2025-10-07T11:53:31.3596881Z   ssh-user: git
handle_failure	Checkout code	2025-10-07T11:53:31.3597413Z   persist-credentials: true
handle_failure	Checkout code	2025-10-07T11:53:31.3597996Z   clean: true
handle_failure	Checkout code	2025-10-07T11:53:31.3598524Z   sparse-checkout-cone-mode: true
handle_failure	Checkout code	2025-10-07T11:53:31.3599149Z   fetch-tags: false
handle_failure	Checkout code	2025-10-07T11:53:31.3599977Z   show-progress: true
handle_failure	Checkout code	2025-10-07T11:53:31.3600556Z   lfs: false
handle_failure	Checkout code	2025-10-07T11:53:31.3601058Z   submodules: false
handle_failure	Checkout code	2025-10-07T11:53:31.3601631Z   set-safe-directory: true
handle_failure	Checkout code	2025-10-07T11:53:31.3602688Z env:
handle_failure	Checkout code	2025-10-07T11:53:31.3604044Z   GITHUB_TOKEN: ***
handle_failure	Checkout code	2025-10-07T11:53:31.3604667Z   KAOS_MODULE: [Ka0s] Personalized Image Runners
handle_failure	Checkout code	2025-10-07T11:53:31.3605394Z   KAOS_CODE: 18311722892
handle_failure	Checkout code	2025-10-07T11:53:31.3605980Z   KAOS_PATH_SCAN: audit/scan/
handle_failure	Checkout code	2025-10-07T11:53:31.3606577Z ##[endgroup]
handle_failure	Checkout code	2025-10-07T11:53:31.5263300Z Syncing repository: Ka0s-Klaus/ka0s
handle_failure	Checkout code	2025-10-07T11:53:31.5266967Z ##[group]Getting Git version info
handle_failure	Checkout code	2025-10-07T11:53:31.5268574Z Working directory is '/home/runner/_work/ka0s/ka0s'
handle_failure	Checkout code	2025-10-07T11:53:31.5271145Z [command]/usr/bin/git version
handle_failure	Checkout code	2025-10-07T11:53:31.5272269Z git version 2.51.0
handle_failure	Checkout code	2025-10-07T11:53:31.5275871Z ##[endgroup]
handle_failure	Checkout code	2025-10-07T11:53:31.5291044Z Temporarily overriding HOME='/home/runner/_work/_temp/f2ae31a6-7230-402c-9a09-547424d6336d' before making global git config changes
handle_failure	Checkout code	2025-10-07T11:53:31.5294323Z Adding repository directory to the temporary git global config as a safe directory
handle_failure	Checkout code	2025-10-07T11:53:31.5302037Z [command]/usr/bin/git config --global --add safe.directory /home/runner/_work/ka0s/ka0s
handle_failure	Checkout code	2025-10-07T11:53:31.5359280Z [command]/usr/bin/git config --local --get remote.origin.url
handle_failure	Checkout code	2025-10-07T11:53:31.5405244Z https://github.com/Ka0s-Klaus/ka0s
handle_failure	Checkout code	2025-10-07T11:53:31.5448658Z ##[group]Removing previously created refs, to avoid conflicts
handle_failure	Checkout code	2025-10-07T11:53:31.5454460Z [command]/usr/bin/git rev-parse --symbolic-full-name --verify --quiet HEAD
handle_failure	Checkout code	2025-10-07T11:53:31.5488023Z refs/heads/main
handle_failure	Checkout code	2025-10-07T11:53:31.5503389Z [command]/usr/bin/git checkout --detach
handle_failure	Checkout code	2025-10-07T11:53:31.5632253Z HEAD is now at a6a2cc03 [Ka0s] üìä Directory scan report: core/runner
handle_failure	Checkout code	2025-10-07T11:53:31.5703917Z [command]/usr/bin/git branch --delete --force main
handle_failure	Checkout code	2025-10-07T11:53:31.5748556Z Deleted branch main (was a6a2cc03).
handle_failure	Checkout code	2025-10-07T11:53:31.5884450Z ##[endgroup]
handle_failure	Checkout code	2025-10-07T11:53:31.5887309Z [command]/usr/bin/git submodule status
handle_failure	Checkout code	2025-10-07T11:53:31.6209440Z ##[group]Cleaning the repository
handle_failure	Checkout code	2025-10-07T11:53:31.6216791Z [command]/usr/bin/git clean -ffdx
handle_failure	Checkout code	2025-10-07T11:53:31.6297169Z [command]/usr/bin/git reset --hard HEAD
handle_failure	Checkout code	2025-10-07T11:53:31.6397956Z HEAD is now at a6a2cc03 [Ka0s] üìä Directory scan report: core/runner
handle_failure	Checkout code	2025-10-07T11:53:31.6404063Z ##[endgroup]
handle_failure	Checkout code	2025-10-07T11:53:31.6406610Z ##[group]Disabling automatic garbage collection
handle_failure	Checkout code	2025-10-07T11:53:31.6410515Z [command]/usr/bin/git config --local gc.auto 0
handle_failure	Checkout code	2025-10-07T11:53:31.6446893Z ##[endgroup]
handle_failure	Checkout code	2025-10-07T11:53:31.6447855Z ##[group]Setting up auth
handle_failure	Checkout code	2025-10-07T11:53:31.6459319Z [command]/usr/bin/git config --local --name-only --get-regexp core\.sshCommand
handle_failure	Checkout code	2025-10-07T11:53:31.6520141Z [command]/usr/bin/git submodule foreach --recursive sh -c "git config --local --name-only --get-regexp 'core\.sshCommand' && git config --local --unset-all 'core.sshCommand' || :"
handle_failure	Checkout code	2025-10-07T11:53:31.6861827Z [command]/usr/bin/git config --local --name-only --get-regexp http\.https\:\/\/github\.com\/\.extraheader
handle_failure	Checkout code	2025-10-07T11:53:31.6913523Z [command]/usr/bin/git submodule foreach --recursive sh -c "git config --local --name-only --get-regexp 'http\.https\:\/\/github\.com\/\.extraheader' && git config --local --unset-all 'http.https://github.com/.extraheader' || :"
handle_failure	Checkout code	2025-10-07T11:53:31.7280903Z [command]/usr/bin/git config --local http.https://github.com/.extraheader AUTHORIZATION: basic ***
handle_failure	Checkout code	2025-10-07T11:53:31.7337151Z ##[endgroup]
handle_failure	Checkout code	2025-10-07T11:53:31.7339009Z ##[group]Fetching the repository
handle_failure	Checkout code	2025-10-07T11:53:31.7351184Z [command]/usr/bin/git -c protocol.version=2 fetch --prune --no-recurse-submodules origin +refs/heads/*:refs/remotes/origin/* +refs/tags/*:refs/tags/*
handle_failure	Checkout code	2025-10-07T11:53:32.3080634Z [command]/usr/bin/git branch --list --remote origin/main
handle_failure	Checkout code	2025-10-07T11:53:32.3158224Z   origin/main
handle_failure	Checkout code	2025-10-07T11:53:32.3171106Z [command]/usr/bin/git rev-parse refs/remotes/origin/main
handle_failure	Checkout code	2025-10-07T11:53:32.3202899Z a6a2cc037b7f3e0a26136610ad4b7de934f4a54c
handle_failure	Checkout code	2025-10-07T11:53:32.3211690Z ##[endgroup]
handle_failure	Checkout code	2025-10-07T11:53:32.3214960Z ##[group]Determining the checkout info
handle_failure	Checkout code	2025-10-07T11:53:32.3217224Z ##[endgroup]
handle_failure	Checkout code	2025-10-07T11:53:32.3223245Z [command]/usr/bin/git sparse-checkout disable
handle_failure	Checkout code	2025-10-07T11:53:32.3305060Z [command]/usr/bin/git config --local --unset-all extensions.worktreeConfig
handle_failure	Checkout code	2025-10-07T11:53:32.3352299Z ##[group]Checking out the ref
handle_failure	Checkout code	2025-10-07T11:53:32.3355328Z [command]/usr/bin/git checkout --progress --force -B main refs/remotes/origin/main
handle_failure	Checkout code	2025-10-07T11:53:32.3462370Z Switched to a new branch 'main'
handle_failure	Checkout code	2025-10-07T11:53:32.3467769Z branch 'main' set up to track 'origin/main'.
handle_failure	Checkout code	2025-10-07T11:53:32.3476333Z ##[endgroup]
handle_failure	Checkout code	2025-10-07T11:53:32.3526234Z [command]/usr/bin/git log -1 --format=%H
handle_failure	Checkout code	2025-10-07T11:53:32.3559798Z a6a2cc037b7f3e0a26136610ad4b7de934f4a54c
handle_failure	handle-failure-execution	Ôªø2025-10-07T11:53:32.3929262Z ##[group]Run echo "Error detected in process actions-runner:1.0.5 ka0score/actions-runner:1.0.5"
handle_failure	handle-failure-execution	2025-10-07T11:53:32.3931600Z [36;1mecho "Error detected in process actions-runner:1.0.5 ka0score/actions-runner:1.0.5"[0m
handle_failure	handle-failure-execution	2025-10-07T11:53:32.3933038Z [36;1m# RNNUMBER=$(echo "refs/heads/main" | grep -o '[0-9]*')[0m
handle_failure	handle-failure-execution	2025-10-07T11:53:32.3935078Z [36;1m# gh issue comment $RNNUMBER --body "El proceso no ha finalizado correctamente 18311722892. El resultado est√° en el fichero core/results/event_data18311722892.log"[0m
handle_failure	handle-failure-execution	2025-10-07T11:53:32.3937161Z [36;1m# Creamos la issue dado que ha fallado el modulo principal[0m
handle_failure	handle-failure-execution	2025-10-07T11:53:32.3939815Z [36;1mgh issue create  --title "[Ka0S] Error detected in [Ka0s] Personalized Image Runners" --body "Error detected in [Ka0s] Personalized Image Runners. Please check the logs for 18311722892 more information of error."[0m
handle_failure	handle-failure-execution	2025-10-07T11:53:32.3966217Z shell: /usr/bin/bash -e {0}
handle_failure	handle-failure-execution	2025-10-07T11:53:32.3969810Z env:
handle_failure	handle-failure-execution	2025-10-07T11:53:32.3971372Z   GITHUB_TOKEN: ***
handle_failure	handle-failure-execution	2025-10-07T11:53:32.3972225Z   KAOS_MODULE: [Ka0s] Personalized Image Runners
handle_failure	handle-failure-execution	2025-10-07T11:53:32.3973115Z   KAOS_CODE: 18311722892
handle_failure	handle-failure-execution	2025-10-07T11:53:32.3973833Z   KAOS_PATH_SCAN: audit/scan/
handle_failure	handle-failure-execution	2025-10-07T11:53:32.3974753Z   GH_TOKEN: ***
handle_failure	handle-failure-execution	2025-10-07T11:53:32.3975405Z ##[endgroup]
handle_failure	handle-failure-execution	2025-10-07T11:53:32.4084754Z Error detected in process actions-runner:1.0.5 ka0score/actions-runner:1.0.5
handle_failure	handle-failure-execution	2025-10-07T11:53:33.2234036Z https://github.com/Ka0s-Klaus/ka0s/issues/1779
handle_failure	Post Checkout code	Ôªø2025-10-07T11:53:33.2825724Z Post job cleanup.
handle_failure	Post Checkout code	2025-10-07T11:53:33.4548411Z [command]/usr/bin/git version
handle_failure	Post Checkout code	2025-10-07T11:53:33.4605605Z git version 2.51.0
handle_failure	Post Checkout code	2025-10-07T11:53:33.4681426Z Temporarily overriding HOME='/home/runner/_work/_temp/9a66dae4-821c-4718-9b42-30bb4923d8d3' before making global git config changes
handle_failure	Post Checkout code	2025-10-07T11:53:33.4688401Z Adding repository directory to the temporary git global config as a safe directory
handle_failure	Post Checkout code	2025-10-07T11:53:33.4694798Z [command]/usr/bin/git config --global --add safe.directory /home/runner/_work/ka0s/ka0s
handle_failure	Post Checkout code	2025-10-07T11:53:33.4753447Z [command]/usr/bin/git config --local --name-only --get-regexp core\.sshCommand
handle_failure	Post Checkout code	2025-10-07T11:53:33.4835981Z [command]/usr/bin/git submodule foreach --recursive sh -c "git config --local --name-only --get-regexp 'core\.sshCommand' && git config --local --unset-all 'core.sshCommand' || :"
handle_failure	Post Checkout code	2025-10-07T11:53:33.5199421Z [command]/usr/bin/git config --local --name-only --get-regexp http\.https\:\/\/github\.com\/\.extraheader
handle_failure	Post Checkout code	2025-10-07T11:53:33.5236881Z http.https://github.com/.extraheader
handle_failure	Post Checkout code	2025-10-07T11:53:33.5257229Z [command]/usr/bin/git config --local --unset-all http.https://github.com/.extraheader
handle_failure	Post Checkout code	2025-10-07T11:53:33.5321911Z [command]/usr/bin/git submodule foreach --recursive sh -c "git config --local --name-only --get-regexp 'http\.https\:\/\/github\.com\/\.extraheader' && git config --local --unset-all 'http.https://github.com/.extraheader' || :"
handle_failure	Complete job	Ôªø2025-10-07T11:53:33.5918613Z Cleaning up orphan processes
end-workflow	Set up job	Ôªø2025-10-07T11:53:58.2226655Z Current runner version: '2.328.0'
end-workflow	Set up job	2025-10-07T11:53:58.2243704Z Runner name: '57e6ba57c815'
end-workflow	Set up job	2025-10-07T11:53:58.2245591Z Runner group name: 'swarm-runners'
end-workflow	Set up job	2025-10-07T11:53:58.2247537Z Machine name: '57e6ba57c815'
end-workflow	Set up job	2025-10-07T11:53:58.2254692Z ##[group]GITHUB_TOKEN Permissions
end-workflow	Set up job	2025-10-07T11:53:58.2259262Z Actions: write
end-workflow	Set up job	2025-10-07T11:53:58.2260952Z Contents: read
end-workflow	Set up job	2025-10-07T11:53:58.2262203Z Issues: write
end-workflow	Set up job	2025-10-07T11:53:58.2263344Z Metadata: read
end-workflow	Set up job	2025-10-07T11:53:58.2264733Z ##[endgroup]
end-workflow	Set up job	2025-10-07T11:53:58.2396835Z Secret source: Actions
end-workflow	Set up job	2025-10-07T11:53:58.2398275Z Prepare workflow directory
end-workflow	Set up job	2025-10-07T11:53:58.3717576Z Prepare all required actions
end-workflow	Set up job	2025-10-07T11:53:58.3807621Z Getting action download info
end-workflow	Set up job	2025-10-07T11:53:58.9658968Z Download action repository 'actions/checkout@v4' (SHA:08eba0b27e820071cde6df949e0beb9ba4906955)
end-workflow	Set up job	2025-10-07T11:53:59.8680758Z Complete job name: end-workflow
end-workflow	Checkout code	Ôªø2025-10-07T11:53:59.9827190Z ##[group]Run actions/checkout@v4
end-workflow	Checkout code	2025-10-07T11:53:59.9828572Z with:
end-workflow	Checkout code	2025-10-07T11:53:59.9829154Z   fetch-depth: 0
end-workflow	Checkout code	2025-10-07T11:53:59.9830263Z   token: ***
end-workflow	Checkout code	2025-10-07T11:53:59.9830812Z   repository: Ka0s-Klaus/ka0s
end-workflow	Checkout code	2025-10-07T11:53:59.9831418Z   ssh-strict: true
end-workflow	Checkout code	2025-10-07T11:53:59.9831927Z   ssh-user: git
end-workflow	Checkout code	2025-10-07T11:53:59.9832461Z   persist-credentials: true
end-workflow	Checkout code	2025-10-07T11:53:59.9833055Z   clean: true
end-workflow	Checkout code	2025-10-07T11:53:59.9834178Z   sparse-checkout-cone-mode: true
end-workflow	Checkout code	2025-10-07T11:53:59.9836294Z   fetch-tags: false
end-workflow	Checkout code	2025-10-07T11:53:59.9837891Z   show-progress: true
end-workflow	Checkout code	2025-10-07T11:53:59.9839684Z   lfs: false
end-workflow	Checkout code	2025-10-07T11:53:59.9840492Z   submodules: false
end-workflow	Checkout code	2025-10-07T11:53:59.9841248Z   set-safe-directory: true
end-workflow	Checkout code	2025-10-07T11:53:59.9843759Z env:
end-workflow	Checkout code	2025-10-07T11:53:59.9847493Z   GITHUB_TOKEN: ***
end-workflow	Checkout code	2025-10-07T11:53:59.9849240Z   KAOS_MODULE: [Ka0s] Personalized Image Runners
end-workflow	Checkout code	2025-10-07T11:53:59.9851485Z   KAOS_CODE: 18311722892
end-workflow	Checkout code	2025-10-07T11:53:59.9853257Z   KAOS_PATH_SCAN: audit/scan/
end-workflow	Checkout code	2025-10-07T11:53:59.9855977Z   GH_TOKEN: ***
end-workflow	Checkout code	2025-10-07T11:53:59.9857518Z ##[endgroup]
end-workflow	Checkout code	2025-10-07T11:54:00.2446676Z Syncing repository: Ka0s-Klaus/ka0s
end-workflow	Checkout code	2025-10-07T11:54:00.2451681Z ##[group]Getting Git version info
end-workflow	Checkout code	2025-10-07T11:54:00.2453684Z Working directory is '/home/runner/_work/ka0s/ka0s'
end-workflow	Checkout code	2025-10-07T11:54:00.2577952Z [command]/usr/bin/git version
end-workflow	Checkout code	2025-10-07T11:54:00.2581766Z git version 2.51.0
end-workflow	Checkout code	2025-10-07T11:54:00.2586684Z ##[endgroup]
end-workflow	Checkout code	2025-10-07T11:54:00.2625413Z Temporarily overriding HOME='/home/runner/_work/_temp/a42c5ad3-3cfe-4cef-a022-52f675175a10' before making global git config changes
end-workflow	Checkout code	2025-10-07T11:54:00.2629693Z Adding repository directory to the temporary git global config as a safe directory
end-workflow	Checkout code	2025-10-07T11:54:00.2633604Z [command]/usr/bin/git config --global --add safe.directory /home/runner/_work/ka0s/ka0s
end-workflow	Checkout code	2025-10-07T11:54:00.2653951Z [command]/usr/bin/git config --local --get remote.origin.url
end-workflow	Checkout code	2025-10-07T11:54:00.2655979Z https://github.com/Ka0s-Klaus/ka0s
end-workflow	Checkout code	2025-10-07T11:54:00.2662414Z ##[group]Removing previously created refs, to avoid conflicts
end-workflow	Checkout code	2025-10-07T11:54:00.2665214Z [command]/usr/bin/git rev-parse --symbolic-full-name --verify --quiet HEAD
end-workflow	Checkout code	2025-10-07T11:54:00.2667559Z refs/heads/main
end-workflow	Checkout code	2025-10-07T11:54:00.2671532Z [command]/usr/bin/git checkout --detach
end-workflow	Checkout code	2025-10-07T11:54:00.2731786Z HEAD is now at a6a2cc03 [Ka0s] üìä Directory scan report: core/runner
end-workflow	Checkout code	2025-10-07T11:54:00.2911604Z [command]/usr/bin/git branch --delete --force main
end-workflow	Checkout code	2025-10-07T11:54:00.2949513Z Deleted branch main (was a6a2cc03).
end-workflow	Checkout code	2025-10-07T11:54:00.3159277Z ##[endgroup]
end-workflow	Checkout code	2025-10-07T11:54:00.3161191Z [command]/usr/bin/git submodule status
end-workflow	Checkout code	2025-10-07T11:54:00.3715339Z ##[group]Cleaning the repository
end-workflow	Checkout code	2025-10-07T11:54:00.3734864Z [command]/usr/bin/git clean -ffdx
end-workflow	Checkout code	2025-10-07T11:54:00.3858304Z [command]/usr/bin/git reset --hard HEAD
end-workflow	Checkout code	2025-10-07T11:54:00.4042861Z HEAD is now at a6a2cc03 [Ka0s] üìä Directory scan report: core/runner
end-workflow	Checkout code	2025-10-07T11:54:00.4058482Z ##[endgroup]
end-workflow	Checkout code	2025-10-07T11:54:00.4061632Z ##[group]Disabling automatic garbage collection
end-workflow	Checkout code	2025-10-07T11:54:00.4071240Z [command]/usr/bin/git config --local gc.auto 0
end-workflow	Checkout code	2025-10-07T11:54:00.4194506Z ##[endgroup]
end-workflow	Checkout code	2025-10-07T11:54:00.4198937Z ##[group]Setting up auth
end-workflow	Checkout code	2025-10-07T11:54:00.4203284Z [command]/usr/bin/git config --local --name-only --get-regexp core\.sshCommand
end-workflow	Checkout code	2025-10-07T11:54:00.4337047Z [command]/usr/bin/git submodule foreach --recursive sh -c "git config --local --name-only --get-regexp 'core\.sshCommand' && git config --local --unset-all 'core.sshCommand' || :"
end-workflow	Checkout code	2025-10-07T11:54:00.4970668Z [command]/usr/bin/git config --local --name-only --get-regexp http\.https\:\/\/github\.com\/\.extraheader
end-workflow	Checkout code	2025-10-07T11:54:00.5052405Z [command]/usr/bin/git submodule foreach --recursive sh -c "git config --local --name-only --get-regexp 'http\.https\:\/\/github\.com\/\.extraheader' && git config --local --unset-all 'http.https://github.com/.extraheader' || :"
end-workflow	Checkout code	2025-10-07T11:54:00.5557976Z [command]/usr/bin/git config --local http.https://github.com/.extraheader AUTHORIZATION: basic ***
end-workflow	Checkout code	2025-10-07T11:54:00.5628514Z ##[endgroup]
end-workflow	Checkout code	2025-10-07T11:54:00.5660316Z ##[group]Fetching the repository
end-workflow	Checkout code	2025-10-07T11:54:00.5668256Z [command]/usr/bin/git -c protocol.version=2 fetch --prune --no-recurse-submodules origin +refs/heads/*:refs/remotes/origin/* +refs/tags/*:refs/tags/*
end-workflow	Checkout code	2025-10-07T11:54:01.3891727Z From https://github.com/Ka0s-Klaus/ka0s
end-workflow	Checkout code	2025-10-07T11:54:01.3895144Z    a6a2cc03..166fb2c6  main       -> origin/main
end-workflow	Checkout code	2025-10-07T11:54:01.3949765Z [command]/usr/bin/git branch --list --remote origin/main
end-workflow	Checkout code	2025-10-07T11:54:01.4023135Z   origin/main
end-workflow	Checkout code	2025-10-07T11:54:01.4036823Z [command]/usr/bin/git rev-parse refs/remotes/origin/main
end-workflow	Checkout code	2025-10-07T11:54:01.4071213Z 166fb2c6d80dbfa8525c4c0b06f9f8a2fe137359
end-workflow	Checkout code	2025-10-07T11:54:01.4087163Z [command]/usr/bin/git -c protocol.version=2 fetch --no-tags --prune --no-recurse-submodules origin +a6a2cc037b7f3e0a26136610ad4b7de934f4a54c:refs/remotes/origin/main
end-workflow	Checkout code	2025-10-07T11:54:01.4353854Z From https://github.com/Ka0s-Klaus/ka0s
end-workflow	Checkout code	2025-10-07T11:54:01.4360539Z  + 166fb2c6...a6a2cc03 a6a2cc037b7f3e0a26136610ad4b7de934f4a54c -> origin/main  (forced update)
end-workflow	Checkout code	2025-10-07T11:54:01.4393841Z ##[endgroup]
end-workflow	Checkout code	2025-10-07T11:54:01.4398244Z ##[group]Determining the checkout info
end-workflow	Checkout code	2025-10-07T11:54:01.4402599Z ##[endgroup]
end-workflow	Checkout code	2025-10-07T11:54:01.4404897Z [command]/usr/bin/git sparse-checkout disable
end-workflow	Checkout code	2025-10-07T11:54:01.4473846Z [command]/usr/bin/git config --local --unset-all extensions.worktreeConfig
end-workflow	Checkout code	2025-10-07T11:54:01.4518898Z ##[group]Checking out the ref
end-workflow	Checkout code	2025-10-07T11:54:01.4522800Z [command]/usr/bin/git checkout --progress --force -B main refs/remotes/origin/main
end-workflow	Checkout code	2025-10-07T11:54:01.4651579Z Switched to a new branch 'main'
end-workflow	Checkout code	2025-10-07T11:54:01.4658592Z branch 'main' set up to track 'origin/main'.
end-workflow	Checkout code	2025-10-07T11:54:01.4672395Z ##[endgroup]
end-workflow	Checkout code	2025-10-07T11:54:01.4731321Z [command]/usr/bin/git log -1 --format=%H
end-workflow	Checkout code	2025-10-07T11:54:01.4770786Z a6a2cc037b7f3e0a26136610ad4b7de934f4a54c
end-workflow	Finaliza el workflow	Ôªø2025-10-07T11:54:01.5378768Z ##[group]Run echo "End process"
end-workflow	Finaliza el workflow	2025-10-07T11:54:01.5381170Z [36;1mecho "End process"[0m
end-workflow	Finaliza el workflow	2025-10-07T11:54:01.5383047Z [36;1m# RNNUMBER=$(echo "refs/heads/main" | grep -o '[0-9]*')[0m
end-workflow	Finaliza el workflow	2025-10-07T11:54:01.5385636Z [36;1m# gh issue comment $RNNUMBER --body "Se finaliza Ka0s 18311722892"[0m
end-workflow	Finaliza el workflow	2025-10-07T11:54:01.5388055Z [36;1mecho "Se finaliza Ka0s 18311722892"[0m
end-workflow	Finaliza el workflow	2025-10-07T11:54:01.5390796Z [36;1mgh workflow run inspector.yml --ref 'main' -f kaos-workflow-id="18311722892"[0m
end-workflow	Finaliza el workflow	2025-10-07T11:54:01.5420183Z shell: /usr/bin/bash -e {0}
end-workflow	Finaliza el workflow	2025-10-07T11:54:01.5421822Z env:
end-workflow	Finaliza el workflow	2025-10-07T11:54:01.5427993Z   GITHUB_TOKEN: ***
end-workflow	Finaliza el workflow	2025-10-07T11:54:01.5431383Z   KAOS_MODULE: [Ka0s] Personalized Image Runners
end-workflow	Finaliza el workflow	2025-10-07T11:54:01.5434984Z   KAOS_CODE: 18311722892
end-workflow	Finaliza el workflow	2025-10-07T11:54:01.5436397Z   KAOS_PATH_SCAN: audit/scan/
end-workflow	Finaliza el workflow	2025-10-07T11:54:01.5438513Z   GH_TOKEN: ***
end-workflow	Finaliza el workflow	2025-10-07T11:54:01.5439890Z ##[endgroup]
end-workflow	Finaliza el workflow	2025-10-07T11:54:01.5559216Z End process
end-workflow	Finaliza el workflow	2025-10-07T11:54:01.5562389Z Se finaliza Ka0s 18311722892
end-workflow	Post Checkout code	Ôªø2025-10-07T11:54:02.3393076Z Post job cleanup.
end-workflow	Post Checkout code	2025-10-07T11:54:02.4979360Z [command]/usr/bin/git version
end-workflow	Post Checkout code	2025-10-07T11:54:02.5048738Z git version 2.51.0
end-workflow	Post Checkout code	2025-10-07T11:54:02.5146724Z Temporarily overriding HOME='/home/runner/_work/_temp/4049dc70-dcb6-4358-a324-cf87392c25c2' before making global git config changes
end-workflow	Post Checkout code	2025-10-07T11:54:02.5155742Z Adding repository directory to the temporary git global config as a safe directory
end-workflow	Post Checkout code	2025-10-07T11:54:02.5161109Z [command]/usr/bin/git config --global --add safe.directory /home/runner/_work/ka0s/ka0s
end-workflow	Post Checkout code	2025-10-07T11:54:02.5228070Z [command]/usr/bin/git config --local --name-only --get-regexp core\.sshCommand
end-workflow	Post Checkout code	2025-10-07T11:54:02.5318779Z [command]/usr/bin/git submodule foreach --recursive sh -c "git config --local --name-only --get-regexp 'core\.sshCommand' && git config --local --unset-all 'core.sshCommand' || :"
end-workflow	Post Checkout code	2025-10-07T11:54:02.5883084Z [command]/usr/bin/git config --local --name-only --get-regexp http\.https\:\/\/github\.com\/\.extraheader
end-workflow	Post Checkout code	2025-10-07T11:54:02.5946007Z http.https://github.com/.extraheader
end-workflow	Post Checkout code	2025-10-07T11:54:02.5985354Z [command]/usr/bin/git config --local --unset-all http.https://github.com/.extraheader
end-workflow	Post Checkout code	2025-10-07T11:54:02.6046751Z [command]/usr/bin/git submodule foreach --recursive sh -c "git config --local --name-only --get-regexp 'http\.https\:\/\/github\.com\/\.extraheader' && git config --local --unset-all 'http.https://github.com/.extraheader' || :"
end-workflow	Complete job	Ôªø2025-10-07T11:54:02.6625378Z Cleaning up orphan processes
