job-core	Set up job	﻿2025-10-09T14:03:42.8357449Z Current runner version: '2.328.0'
job-core	Set up job	2025-10-09T14:03:42.8372299Z Runner name: '9395eac6a58a'
job-core	Set up job	2025-10-09T14:03:42.8374492Z Runner group name: 'swarm-runners'
job-core	Set up job	2025-10-09T14:03:42.8376761Z Machine name: '9395eac6a58a'
job-core	Set up job	2025-10-09T14:03:42.8384791Z ##[group]GITHUB_TOKEN Permissions
job-core	Set up job	2025-10-09T14:03:42.8390224Z Actions: write
job-core	Set up job	2025-10-09T14:03:42.8391528Z Contents: read
job-core	Set up job	2025-10-09T14:03:42.8392791Z Issues: write
job-core	Set up job	2025-10-09T14:03:42.8394014Z Metadata: read
job-core	Set up job	2025-10-09T14:03:42.8395166Z ##[endgroup]
job-core	Set up job	2025-10-09T14:03:42.8491945Z Secret source: Actions
job-core	Set up job	2025-10-09T14:03:42.8493204Z Prepare workflow directory
job-core	Set up job	2025-10-09T14:03:43.0135628Z Prepare all required actions
job-core	Set up job	2025-10-09T14:03:43.0270896Z Getting action download info
job-core	Set up job	2025-10-09T14:03:44.1580165Z Download action repository 'actions/checkout@v4' (SHA:08eba0b27e820071cde6df949e0beb9ba4906955)
job-core	Set up job	2025-10-09T14:03:45.0039913Z Download action repository 'docker/login-action@v3' (SHA:5e57cd118135c172c3672efd75eb46360885c0ef)
job-core	Set up job	2025-10-09T14:03:46.1610645Z Complete job name: job-core
job-core	Checkout code	﻿2025-10-09T14:03:46.2802738Z ##[group]Run actions/checkout@v4
job-core	Checkout code	2025-10-09T14:03:46.2806438Z with:
job-core	Checkout code	2025-10-09T14:03:46.2808447Z   fetch-depth: 0
job-core	Checkout code	2025-10-09T14:03:46.2811801Z   token: ***
job-core	Checkout code	2025-10-09T14:03:46.2814000Z   repository: Ka0s-Klaus/ka0s
job-core	Checkout code	2025-10-09T14:03:46.2817643Z   ssh-strict: true
job-core	Checkout code	2025-10-09T14:03:46.2820901Z   ssh-user: git
job-core	Checkout code	2025-10-09T14:03:46.2824006Z   persist-credentials: true
job-core	Checkout code	2025-10-09T14:03:46.2827446Z   clean: true
job-core	Checkout code	2025-10-09T14:03:46.2829925Z   sparse-checkout-cone-mode: true
job-core	Checkout code	2025-10-09T14:03:46.2831129Z   fetch-tags: false
job-core	Checkout code	2025-10-09T14:03:46.2832093Z   show-progress: true
job-core	Checkout code	2025-10-09T14:03:46.2833080Z   lfs: false
job-core	Checkout code	2025-10-09T14:03:46.2833943Z   submodules: false
job-core	Checkout code	2025-10-09T14:03:46.2834900Z   set-safe-directory: true
job-core	Checkout code	2025-10-09T14:03:46.2836777Z env:
job-core	Checkout code	2025-10-09T14:03:46.2839103Z   GITHUB_TOKEN: ***
job-core	Checkout code	2025-10-09T14:03:46.2840392Z   KAOS_MODULE: [Ka0s] Personalized Image Runners
job-core	Checkout code	2025-10-09T14:03:46.2841743Z   KAOS_CODE: 18378908121
job-core	Checkout code	2025-10-09T14:03:46.2842775Z   KAOS_PATH_SCAN: audit/scan/
job-core	Checkout code	2025-10-09T14:03:46.2843899Z ##[endgroup]
job-core	Checkout code	2025-10-09T14:03:46.4525389Z Syncing repository: Ka0s-Klaus/ka0s
job-core	Checkout code	2025-10-09T14:03:46.4531407Z ##[group]Getting Git version info
job-core	Checkout code	2025-10-09T14:03:46.4533660Z Working directory is '/home/runner/_work/ka0s/ka0s'
job-core	Checkout code	2025-10-09T14:03:46.4537113Z [command]/usr/bin/git version
job-core	Checkout code	2025-10-09T14:03:46.4538891Z git version 2.51.0
job-core	Checkout code	2025-10-09T14:03:46.4545178Z ##[endgroup]
job-core	Checkout code	2025-10-09T14:03:46.4565848Z Temporarily overriding HOME='/home/runner/_work/_temp/74f56eac-a38f-4cb3-a8c0-965ab4aa7f21' before making global git config changes
job-core	Checkout code	2025-10-09T14:03:46.4572053Z Adding repository directory to the temporary git global config as a safe directory
job-core	Checkout code	2025-10-09T14:03:46.4576515Z [command]/usr/bin/git config --global --add safe.directory /home/runner/_work/ka0s/ka0s
job-core	Checkout code	2025-10-09T14:03:46.4633860Z Deleting the contents of '/home/runner/_work/ka0s/ka0s'
job-core	Checkout code	2025-10-09T14:03:46.4643212Z ##[group]Initializing the repository
job-core	Checkout code	2025-10-09T14:03:46.4647325Z [command]/usr/bin/git init /home/runner/_work/ka0s/ka0s
job-core	Checkout code	2025-10-09T14:03:46.4724250Z hint: Using 'master' as the name for the initial branch. This default branch name
job-core	Checkout code	2025-10-09T14:03:46.4739903Z hint: is subject to change. To configure the initial branch name to use in all
job-core	Checkout code	2025-10-09T14:03:46.4745802Z hint: of your new repositories, which will suppress this warning, call:
job-core	Checkout code	2025-10-09T14:03:46.4749054Z hint:
job-core	Checkout code	2025-10-09T14:03:46.4751359Z hint: 	git config --global init.defaultBranch <name>
job-core	Checkout code	2025-10-09T14:03:46.4756607Z hint:
job-core	Checkout code	2025-10-09T14:03:46.4760165Z hint: Names commonly chosen instead of 'master' are 'main', 'trunk' and
job-core	Checkout code	2025-10-09T14:03:46.4762440Z hint: 'development'. The just-created branch can be renamed via this command:
job-core	Checkout code	2025-10-09T14:03:46.4764171Z hint:
job-core	Checkout code	2025-10-09T14:03:46.4765083Z hint: 	git branch -m <name>
job-core	Checkout code	2025-10-09T14:03:46.4766833Z hint:
job-core	Checkout code	2025-10-09T14:03:46.4769148Z hint: Disable this message with "git config set advice.defaultBranchName false"
job-core	Checkout code	2025-10-09T14:03:46.4773618Z Initialized empty Git repository in /home/runner/_work/ka0s/ka0s/.git/
job-core	Checkout code	2025-10-09T14:03:46.4778777Z [command]/usr/bin/git remote add origin https://github.com/Ka0s-Klaus/ka0s
job-core	Checkout code	2025-10-09T14:03:46.4811270Z ##[endgroup]
job-core	Checkout code	2025-10-09T14:03:46.4814226Z ##[group]Disabling automatic garbage collection
job-core	Checkout code	2025-10-09T14:03:46.4817427Z [command]/usr/bin/git config --local gc.auto 0
job-core	Checkout code	2025-10-09T14:03:46.4865353Z ##[endgroup]
job-core	Checkout code	2025-10-09T14:03:46.4868096Z ##[group]Setting up auth
job-core	Checkout code	2025-10-09T14:03:46.4876950Z [command]/usr/bin/git config --local --name-only --get-regexp core\.sshCommand
job-core	Checkout code	2025-10-09T14:03:46.4927170Z [command]/usr/bin/git submodule foreach --recursive sh -c "git config --local --name-only --get-regexp 'core\.sshCommand' && git config --local --unset-all 'core.sshCommand' || :"
job-core	Checkout code	2025-10-09T14:03:46.5287921Z [command]/usr/bin/git config --local --name-only --get-regexp http\.https\:\/\/github\.com\/\.extraheader
job-core	Checkout code	2025-10-09T14:03:46.5340957Z [command]/usr/bin/git submodule foreach --recursive sh -c "git config --local --name-only --get-regexp 'http\.https\:\/\/github\.com\/\.extraheader' && git config --local --unset-all 'http.https://github.com/.extraheader' || :"
job-core	Checkout code	2025-10-09T14:03:46.5684317Z [command]/usr/bin/git config --local http.https://github.com/.extraheader AUTHORIZATION: basic ***
job-core	Checkout code	2025-10-09T14:03:46.5742474Z ##[endgroup]
job-core	Checkout code	2025-10-09T14:03:46.5747842Z ##[group]Fetching the repository
job-core	Checkout code	2025-10-09T14:03:46.5760186Z [command]/usr/bin/git -c protocol.version=2 fetch --prune --no-recurse-submodules origin +refs/heads/*:refs/remotes/origin/* +refs/tags/*:refs/tags/*
job-core	Checkout code	2025-10-09T14:04:02.9453255Z From https://github.com/Ka0s-Klaus/ka0s
job-core	Checkout code	2025-10-09T14:04:02.9458722Z  * [new branch]          F1149-desarrollo-de-orchestrator -> origin/F1149-desarrollo-de-orchestrator
job-core	Checkout code	2025-10-09T14:04:02.9461768Z  * [new branch]          F1183-personalización-módulo-finops -> origin/F1183-personalización-módulo-finops
job-core	Checkout code	2025-10-09T14:04:02.9465564Z  * [new branch]          F1224-new-module-mongodb -> origin/F1224-new-module-mongodb
job-core	Checkout code	2025-10-09T14:04:02.9467489Z  * [new branch]          F220-web-de-resultados  -> origin/F220-web-de-resultados
job-core	Checkout code	2025-10-09T14:04:02.9469714Z  * [new branch]          F227-despliegue-de-kube-independiente-del-clouder -> origin/F227-despliegue-de-kube-independiente-del-clouder
job-core	Checkout code	2025-10-09T14:04:02.9472237Z  * [new branch]          F329-documentacion-metodologia-de-kaos -> origin/F329-documentacion-metodologia-de-kaos
job-core	Checkout code	2025-10-09T14:04:02.9474349Z  * [new branch]          F44-creación-módulo-versionado -> origin/F44-creación-módulo-versionado
job-core	Checkout code	2025-10-09T14:04:02.9476464Z  * [new branch]          H1128-módulo-de-observabilidad -> origin/H1128-módulo-de-observabilidad
job-core	Checkout code	2025-10-09T14:04:02.9478102Z  * [new branch]          H1139-como-instalar-arc-control -> origin/H1139-como-instalar-arc-control
job-core	Checkout code	2025-10-09T14:04:02.9480098Z  * [new branch]          H1149-desarrollo-de-orchestrator -> origin/H1149-desarrollo-de-orchestrator
job-core	Checkout code	2025-10-09T14:04:02.9481784Z  * [new branch]          H1150-desarrollo-de-secciones -> origin/H1150-desarrollo-de-secciones
job-core	Checkout code	2025-10-09T14:04:02.9483718Z  * [new branch]          H1151-desarrollo-de-secciones-ii -> origin/H1151-desarrollo-de-secciones-ii
job-core	Checkout code	2025-10-09T14:04:02.9485306Z  * [new branch]          H1152-desarrollo-inicio -> origin/H1152-desarrollo-inicio
job-core	Checkout code	2025-10-09T14:04:02.9487395Z  * [new branch]          H1183-personalización-módulo-finops -> origin/H1183-personalización-módulo-finops
job-core	Checkout code	2025-10-09T14:04:02.9489196Z  * [new branch]          H1193-ejemplo-web-documentacion -> origin/H1193-ejemplo-web-documentacion
job-core	Checkout code	2025-10-09T14:04:02.9491023Z  * [new branch]          H1205-web-creation      -> origin/H1205-web-creation
job-core	Checkout code	2025-10-09T14:04:02.9492342Z  * [new branch]          H1224-new-module-mongodb -> origin/H1224-new-module-mongodb
job-core	Checkout code	2025-10-09T14:04:02.9493741Z  * [new branch]          H1410-modulo-execution  -> origin/H1410-modulo-execution
job-core	Checkout code	2025-10-09T14:04:02.9496279Z  * [new branch]          H1514-new-swarm-deployment-stack-with-actions-runners-autoscale -> origin/H1514-new-swarm-deployment-stack-with-actions-runners-autoscale
job-core	Checkout code	2025-10-09T14:04:02.9499740Z  * [new branch]          H1968-modulo-personalización-del-portal-de-kaos-core -> origin/H1968-modulo-personalización-del-portal-de-kaos-core
job-core	Checkout code	2025-10-09T14:04:02.9502452Z  * [new branch]          H215-modulo-de-summary  -> origin/H215-modulo-de-summary
job-core	Checkout code	2025-10-09T14:04:02.9542907Z  * [new branch]          H220-web-de-resultados  -> origin/H220-web-de-resultados
job-core	Checkout code	2025-10-09T14:04:02.9545212Z  * [new branch]          H227-despliegue-de-kube-independiente-del-clouder -> origin/H227-despliegue-de-kube-independiente-del-clouder
job-core	Checkout code	2025-10-09T14:04:02.9547363Z  * [new branch]          H306-ficheros-de-estadisticas -> origin/H306-ficheros-de-estadisticas
job-core	Checkout code	2025-10-09T14:04:02.9549396Z  * [new branch]          H328-documentacion-modulo-principal-de-kaos -> origin/H328-documentacion-modulo-principal-de-kaos
job-core	Checkout code	2025-10-09T14:04:02.9551868Z  * [new branch]          H329-documentacion-metodologia-de-kaos -> origin/H329-documentacion-metodologia-de-kaos
job-core	Checkout code	2025-10-09T14:04:02.9554034Z  * [new branch]          H338-relanzador-de-jobs-en-caso-de-pattern -> origin/H338-relanzador-de-jobs-en-caso-de-pattern
job-core	Checkout code	2025-10-09T14:04:02.9556710Z  * [new branch]          H38-documentacion-basica-del-proyecto -> origin/H38-documentacion-basica-del-proyecto
job-core	Checkout code	2025-10-09T14:04:02.9559089Z  * [new branch]          H44-creación-módulo-versionado -> origin/H44-creación-módulo-versionado
job-core	Checkout code	2025-10-09T14:04:02.9561163Z  * [new branch]          RN1149-desarrollo-de-orchestrator -> origin/RN1149-desarrollo-de-orchestrator
job-core	Checkout code	2025-10-09T14:04:02.9563381Z  * [new branch]          RN1183-personalización-módulo-finops -> origin/RN1183-personalización-módulo-finops
job-core	Checkout code	2025-10-09T14:04:02.9565990Z  * [new branch]          RN1282-ka0s-error-detected-in-ka0s-workflow-statistics-summary -> origin/RN1282-ka0s-error-detected-in-ka0s-workflow-statistics-summary
job-core	Checkout code	2025-10-09T14:04:02.9568343Z  * [new branch]          RN220-web-de-resultados -> origin/RN220-web-de-resultados
job-core	Checkout code	2025-10-09T14:04:02.9574041Z  * [new branch]          RN227-despliegue-de-kube-independiente-del-clouder -> origin/RN227-despliegue-de-kube-independiente-del-clouder
job-core	Checkout code	2025-10-09T14:04:02.9577734Z  * [new branch]          RN329-documentacion-metodologia-de-kaos -> origin/RN329-documentacion-metodologia-de-kaos
job-core	Checkout code	2025-10-09T14:04:02.9580295Z  * [new branch]          main                    -> origin/main
job-core	Checkout code	2025-10-09T14:04:02.9581975Z  * [new tag]             0.0.0                   -> 0.0.0
job-core	Checkout code	2025-10-09T14:04:02.9583536Z  * [new tag]             0.0.1                   -> 0.0.1
job-core	Checkout code	2025-10-09T14:04:02.9585036Z  * [new tag]             0.0.10                  -> 0.0.10
job-core	Checkout code	2025-10-09T14:04:02.9586626Z  * [new tag]             0.0.100                 -> 0.0.100
job-core	Checkout code	2025-10-09T14:04:02.9588192Z  * [new tag]             0.0.101                 -> 0.0.101
job-core	Checkout code	2025-10-09T14:04:02.9589895Z  * [new tag]             0.0.102                 -> 0.0.102
job-core	Checkout code	2025-10-09T14:04:02.9591514Z  * [new tag]             0.0.103                 -> 0.0.103
job-core	Checkout code	2025-10-09T14:04:02.9592996Z  * [new tag]             0.0.104                 -> 0.0.104
job-core	Checkout code	2025-10-09T14:04:02.9594512Z  * [new tag]             0.0.105                 -> 0.0.105
job-core	Checkout code	2025-10-09T14:04:02.9596073Z  * [new tag]             0.0.106                 -> 0.0.106
job-core	Checkout code	2025-10-09T14:04:02.9597682Z  * [new tag]             0.0.107                 -> 0.0.107
job-core	Checkout code	2025-10-09T14:04:02.9599197Z  * [new tag]             0.0.108                 -> 0.0.108
job-core	Checkout code	2025-10-09T14:04:02.9600886Z  * [new tag]             0.0.109                 -> 0.0.109
job-core	Checkout code	2025-10-09T14:04:02.9602421Z  * [new tag]             0.0.11                  -> 0.0.11
job-core	Checkout code	2025-10-09T14:04:02.9604067Z  * [new tag]             0.0.110                 -> 0.0.110
job-core	Checkout code	2025-10-09T14:04:02.9605772Z  * [new tag]             0.0.111                 -> 0.0.111
job-core	Checkout code	2025-10-09T14:04:02.9607317Z  * [new tag]             0.0.112                 -> 0.0.112
job-core	Checkout code	2025-10-09T14:04:02.9609370Z  * [new tag]             0.0.113                 -> 0.0.113
job-core	Checkout code	2025-10-09T14:04:02.9611098Z  * [new tag]             0.0.114                 -> 0.0.114
job-core	Checkout code	2025-10-09T14:04:02.9612786Z  * [new tag]             0.0.115                 -> 0.0.115
job-core	Checkout code	2025-10-09T14:04:02.9614662Z  * [new tag]             0.0.116                 -> 0.0.116
job-core	Checkout code	2025-10-09T14:04:02.9616268Z  * [new tag]             0.0.117                 -> 0.0.117
job-core	Checkout code	2025-10-09T14:04:02.9617881Z  * [new tag]             0.0.118                 -> 0.0.118
job-core	Checkout code	2025-10-09T14:04:02.9619517Z  * [new tag]             0.0.119                 -> 0.0.119
job-core	Checkout code	2025-10-09T14:04:02.9621230Z  * [new tag]             0.0.12                  -> 0.0.12
job-core	Checkout code	2025-10-09T14:04:02.9622945Z  * [new tag]             0.0.120                 -> 0.0.120
job-core	Checkout code	2025-10-09T14:04:02.9624642Z  * [new tag]             0.0.121                 -> 0.0.121
job-core	Checkout code	2025-10-09T14:04:02.9626372Z  * [new tag]             0.0.122                 -> 0.0.122
job-core	Checkout code	2025-10-09T14:04:02.9628031Z  * [new tag]             0.0.123                 -> 0.0.123
job-core	Checkout code	2025-10-09T14:04:02.9629918Z  * [new tag]             0.0.124                 -> 0.0.124
job-core	Checkout code	2025-10-09T14:04:02.9631541Z  * [new tag]             0.0.125                 -> 0.0.125
job-core	Checkout code	2025-10-09T14:04:02.9633052Z  * [new tag]             0.0.126                 -> 0.0.126
job-core	Checkout code	2025-10-09T14:04:02.9634915Z  * [new tag]             0.0.127                 -> 0.0.127
job-core	Checkout code	2025-10-09T14:04:02.9636526Z  * [new tag]             0.0.128                 -> 0.0.128
job-core	Checkout code	2025-10-09T14:04:02.9638173Z  * [new tag]             0.0.129                 -> 0.0.129
job-core	Checkout code	2025-10-09T14:04:02.9639984Z  * [new tag]             0.0.13                  -> 0.0.13
job-core	Checkout code	2025-10-09T14:04:02.9641679Z  * [new tag]             0.0.130                 -> 0.0.130
job-core	Checkout code	2025-10-09T14:04:02.9643278Z  * [new tag]             0.0.131                 -> 0.0.131
job-core	Checkout code	2025-10-09T14:04:02.9644853Z  * [new tag]             0.0.132                 -> 0.0.132
job-core	Checkout code	2025-10-09T14:04:02.9646435Z  * [new tag]             0.0.133                 -> 0.0.133
job-core	Checkout code	2025-10-09T14:04:02.9648075Z  * [new tag]             0.0.134                 -> 0.0.134
job-core	Checkout code	2025-10-09T14:04:02.9649833Z  * [new tag]             0.0.135                 -> 0.0.135
job-core	Checkout code	2025-10-09T14:04:02.9651392Z  * [new tag]             0.0.136                 -> 0.0.136
job-core	Checkout code	2025-10-09T14:04:02.9653044Z  * [new tag]             0.0.137                 -> 0.0.137
job-core	Checkout code	2025-10-09T14:04:02.9654806Z  * [new tag]             0.0.138                 -> 0.0.138
job-core	Checkout code	2025-10-09T14:04:02.9656452Z  * [new tag]             0.0.139                 -> 0.0.139
job-core	Checkout code	2025-10-09T14:04:02.9657992Z  * [new tag]             0.0.14                  -> 0.0.14
job-core	Checkout code	2025-10-09T14:04:02.9659731Z  * [new tag]             0.0.140                 -> 0.0.140
job-core	Checkout code	2025-10-09T14:04:02.9661429Z  * [new tag]             0.0.141                 -> 0.0.141
job-core	Checkout code	2025-10-09T14:04:02.9663088Z  * [new tag]             0.0.142                 -> 0.0.142
job-core	Checkout code	2025-10-09T14:04:02.9664634Z  * [new tag]             0.0.143                 -> 0.0.143
job-core	Checkout code	2025-10-09T14:04:02.9666272Z  * [new tag]             0.0.144                 -> 0.0.144
job-core	Checkout code	2025-10-09T14:04:02.9667965Z  * [new tag]             0.0.145                 -> 0.0.145
job-core	Checkout code	2025-10-09T14:04:02.9669784Z  * [new tag]             0.0.146                 -> 0.0.146
job-core	Checkout code	2025-10-09T14:04:02.9671493Z  * [new tag]             0.0.147                 -> 0.0.147
job-core	Checkout code	2025-10-09T14:04:02.9673165Z  * [new tag]             0.0.148                 -> 0.0.148
job-core	Checkout code	2025-10-09T14:04:02.9674697Z  * [new tag]             0.0.149                 -> 0.0.149
job-core	Checkout code	2025-10-09T14:04:02.9676385Z  * [new tag]             0.0.15                  -> 0.0.15
job-core	Checkout code	2025-10-09T14:04:02.9678114Z  * [new tag]             0.0.150                 -> 0.0.150
job-core	Checkout code	2025-10-09T14:04:02.9679791Z  * [new tag]             0.0.151                 -> 0.0.151
job-core	Checkout code	2025-10-09T14:04:02.9681452Z  * [new tag]             0.0.152                 -> 0.0.152
job-core	Checkout code	2025-10-09T14:04:02.9683157Z  * [new tag]             0.0.153                 -> 0.0.153
job-core	Checkout code	2025-10-09T14:04:02.9684799Z  * [new tag]             0.0.154                 -> 0.0.154
job-core	Checkout code	2025-10-09T14:04:02.9686394Z  * [new tag]             0.0.155                 -> 0.0.155
job-core	Checkout code	2025-10-09T14:04:02.9688043Z  * [new tag]             0.0.156                 -> 0.0.156
job-core	Checkout code	2025-10-09T14:04:02.9689761Z  * [new tag]             0.0.157                 -> 0.0.157
job-core	Checkout code	2025-10-09T14:04:02.9691576Z  * [new tag]             0.0.158                 -> 0.0.158
job-core	Checkout code	2025-10-09T14:04:02.9693284Z  * [new tag]             0.0.159                 -> 0.0.159
job-core	Checkout code	2025-10-09T14:04:02.9815151Z  * [new tag]             0.0.16                  -> 0.0.16
job-core	Checkout code	2025-10-09T14:04:02.9817036Z  * [new tag]             0.0.160                 -> 0.0.160
job-core	Checkout code	2025-10-09T14:04:02.9818729Z  * [new tag]             0.0.161                 -> 0.0.161
job-core	Checkout code	2025-10-09T14:04:02.9820709Z  * [new tag]             0.0.162                 -> 0.0.162
job-core	Checkout code	2025-10-09T14:04:02.9822467Z  * [new tag]             0.0.163                 -> 0.0.163
job-core	Checkout code	2025-10-09T14:04:02.9824082Z  * [new tag]             0.0.164                 -> 0.0.164
job-core	Checkout code	2025-10-09T14:04:02.9825830Z  * [new tag]             0.0.165                 -> 0.0.165
job-core	Checkout code	2025-10-09T14:04:02.9827518Z  * [new tag]             0.0.166                 -> 0.0.166
job-core	Checkout code	2025-10-09T14:04:02.9829124Z  * [new tag]             0.0.167                 -> 0.0.167
job-core	Checkout code	2025-10-09T14:04:02.9830197Z  * [new tag]             0.0.168                 -> 0.0.168
job-core	Checkout code	2025-10-09T14:04:02.9831813Z  * [new tag]             0.0.169                 -> 0.0.169
job-core	Checkout code	2025-10-09T14:04:02.9833446Z  * [new tag]             0.0.17                  -> 0.0.17
job-core	Checkout code	2025-10-09T14:04:02.9834739Z  * [new tag]             0.0.170                 -> 0.0.170
job-core	Checkout code	2025-10-09T14:04:02.9836121Z  * [new tag]             0.0.171                 -> 0.0.171
job-core	Checkout code	2025-10-09T14:04:02.9837376Z  * [new tag]             0.0.172                 -> 0.0.172
job-core	Checkout code	2025-10-09T14:04:02.9838967Z  * [new tag]             0.0.173                 -> 0.0.173
job-core	Checkout code	2025-10-09T14:04:02.9840776Z  * [new tag]             0.0.174                 -> 0.0.174
job-core	Checkout code	2025-10-09T14:04:02.9842287Z  * [new tag]             0.0.175                 -> 0.0.175
job-core	Checkout code	2025-10-09T14:04:02.9843775Z  * [new tag]             0.0.176                 -> 0.0.176
job-core	Checkout code	2025-10-09T14:04:02.9845342Z  * [new tag]             0.0.177                 -> 0.0.177
job-core	Checkout code	2025-10-09T14:04:02.9846872Z  * [new tag]             0.0.178                 -> 0.0.178
job-core	Checkout code	2025-10-09T14:04:02.9848356Z  * [new tag]             0.0.179                 -> 0.0.179
job-core	Checkout code	2025-10-09T14:04:02.9849950Z  * [new tag]             0.0.18                  -> 0.0.18
job-core	Checkout code	2025-10-09T14:04:02.9851531Z  * [new tag]             0.0.19                  -> 0.0.19
job-core	Checkout code	2025-10-09T14:04:02.9853068Z  * [new tag]             0.0.2                   -> 0.0.2
job-core	Checkout code	2025-10-09T14:04:02.9854583Z  * [new tag]             0.0.20                  -> 0.0.20
job-core	Checkout code	2025-10-09T14:04:02.9856089Z  * [new tag]             0.0.21                  -> 0.0.21
job-core	Checkout code	2025-10-09T14:04:02.9857577Z  * [new tag]             0.0.22                  -> 0.0.22
job-core	Checkout code	2025-10-09T14:04:02.9859053Z  * [new tag]             0.0.23                  -> 0.0.23
job-core	Checkout code	2025-10-09T14:04:02.9860724Z  * [new tag]             0.0.24                  -> 0.0.24
job-core	Checkout code	2025-10-09T14:04:02.9862201Z  * [new tag]             0.0.25                  -> 0.0.25
job-core	Checkout code	2025-10-09T14:04:02.9863735Z  * [new tag]             0.0.26                  -> 0.0.26
job-core	Checkout code	2025-10-09T14:04:02.9867084Z  * [new tag]             0.0.27                  -> 0.0.27
job-core	Checkout code	2025-10-09T14:04:02.9868701Z  * [new tag]             0.0.28                  -> 0.0.28
job-core	Checkout code	2025-10-09T14:04:02.9870307Z  * [new tag]             0.0.29                  -> 0.0.29
job-core	Checkout code	2025-10-09T14:04:02.9871849Z  * [new tag]             0.0.3                   -> 0.0.3
job-core	Checkout code	2025-10-09T14:04:02.9873399Z  * [new tag]             0.0.30                  -> 0.0.30
job-core	Checkout code	2025-10-09T14:04:02.9874942Z  * [new tag]             0.0.31                  -> 0.0.31
job-core	Checkout code	2025-10-09T14:04:02.9876487Z  * [new tag]             0.0.32                  -> 0.0.32
job-core	Checkout code	2025-10-09T14:04:02.9878022Z  * [new tag]             0.0.33                  -> 0.0.33
job-core	Checkout code	2025-10-09T14:04:02.9879649Z  * [new tag]             0.0.34                  -> 0.0.34
job-core	Checkout code	2025-10-09T14:04:02.9881196Z  * [new tag]             0.0.35                  -> 0.0.35
job-core	Checkout code	2025-10-09T14:04:02.9882730Z  * [new tag]             0.0.36                  -> 0.0.36
job-core	Checkout code	2025-10-09T14:04:02.9884250Z  * [new tag]             0.0.37                  -> 0.0.37
job-core	Checkout code	2025-10-09T14:04:02.9885798Z  * [new tag]             0.0.38                  -> 0.0.38
job-core	Checkout code	2025-10-09T14:04:02.9887785Z  * [new tag]             0.0.39                  -> 0.0.39
job-core	Checkout code	2025-10-09T14:04:02.9889332Z  * [new tag]             0.0.4                   -> 0.0.4
job-core	Checkout code	2025-10-09T14:04:02.9890986Z  * [new tag]             0.0.40                  -> 0.0.40
job-core	Checkout code	2025-10-09T14:04:02.9892525Z  * [new tag]             0.0.41                  -> 0.0.41
job-core	Checkout code	2025-10-09T14:04:02.9894293Z  * [new tag]             0.0.42                  -> 0.0.42
job-core	Checkout code	2025-10-09T14:04:02.9895973Z  * [new tag]             0.0.43                  -> 0.0.43
job-core	Checkout code	2025-10-09T14:04:02.9897645Z  * [new tag]             0.0.44                  -> 0.0.44
job-core	Checkout code	2025-10-09T14:04:02.9899369Z  * [new tag]             0.0.45                  -> 0.0.45
job-core	Checkout code	2025-10-09T14:04:02.9901197Z  * [new tag]             0.0.46                  -> 0.0.46
job-core	Checkout code	2025-10-09T14:04:02.9902921Z  * [new tag]             0.0.47                  -> 0.0.47
job-core	Checkout code	2025-10-09T14:04:02.9904683Z  * [new tag]             0.0.48                  -> 0.0.48
job-core	Checkout code	2025-10-09T14:04:02.9906500Z  * [new tag]             0.0.49                  -> 0.0.49
job-core	Checkout code	2025-10-09T14:04:02.9908454Z  * [new tag]             0.0.5                   -> 0.0.5
job-core	Checkout code	2025-10-09T14:04:02.9910260Z  * [new tag]             0.0.50                  -> 0.0.50
job-core	Checkout code	2025-10-09T14:04:02.9911983Z  * [new tag]             0.0.51                  -> 0.0.51
job-core	Checkout code	2025-10-09T14:04:02.9913651Z  * [new tag]             0.0.52                  -> 0.0.52
job-core	Checkout code	2025-10-09T14:04:02.9915359Z  * [new tag]             0.0.53                  -> 0.0.53
job-core	Checkout code	2025-10-09T14:04:02.9917129Z  * [new tag]             0.0.54                  -> 0.0.54
job-core	Checkout code	2025-10-09T14:04:02.9918925Z  * [new tag]             0.0.55                  -> 0.0.55
job-core	Checkout code	2025-10-09T14:04:02.9933797Z  * [new tag]             0.0.56                  -> 0.0.56
job-core	Checkout code	2025-10-09T14:04:02.9935606Z  * [new tag]             0.0.57                  -> 0.0.57
job-core	Checkout code	2025-10-09T14:04:02.9937308Z  * [new tag]             0.0.58                  -> 0.0.58
job-core	Checkout code	2025-10-09T14:04:02.9939091Z  * [new tag]             0.0.59                  -> 0.0.59
job-core	Checkout code	2025-10-09T14:04:02.9941179Z  * [new tag]             0.0.6                   -> 0.0.6
job-core	Checkout code	2025-10-09T14:04:02.9943000Z  * [new tag]             0.0.60                  -> 0.0.60
job-core	Checkout code	2025-10-09T14:04:02.9944601Z  * [new tag]             0.0.61                  -> 0.0.61
job-core	Checkout code	2025-10-09T14:04:02.9946294Z  * [new tag]             0.0.62                  -> 0.0.62
job-core	Checkout code	2025-10-09T14:04:02.9948039Z  * [new tag]             0.0.63                  -> 0.0.63
job-core	Checkout code	2025-10-09T14:04:02.9949921Z  * [new tag]             0.0.64                  -> 0.0.64
job-core	Checkout code	2025-10-09T14:04:02.9951675Z  * [new tag]             0.0.65                  -> 0.0.65
job-core	Checkout code	2025-10-09T14:04:02.9953391Z  * [new tag]             0.0.66                  -> 0.0.66
job-core	Checkout code	2025-10-09T14:04:02.9955158Z  * [new tag]             0.0.67                  -> 0.0.67
job-core	Checkout code	2025-10-09T14:04:02.9956883Z  * [new tag]             0.0.68                  -> 0.0.68
job-core	Checkout code	2025-10-09T14:04:02.9958662Z  * [new tag]             0.0.69                  -> 0.0.69
job-core	Checkout code	2025-10-09T14:04:02.9960622Z  * [new tag]             0.0.7                   -> 0.0.7
job-core	Checkout code	2025-10-09T14:04:02.9962381Z  * [new tag]             0.0.70                  -> 0.0.70
job-core	Checkout code	2025-10-09T14:04:02.9964037Z  * [new tag]             0.0.71                  -> 0.0.71
job-core	Checkout code	2025-10-09T14:04:02.9965813Z  * [new tag]             0.0.72                  -> 0.0.72
job-core	Checkout code	2025-10-09T14:04:02.9967546Z  * [new tag]             0.0.73                  -> 0.0.73
job-core	Checkout code	2025-10-09T14:04:02.9969264Z  * [new tag]             0.0.74                  -> 0.0.74
job-core	Checkout code	2025-10-09T14:04:02.9971073Z  * [new tag]             0.0.75                  -> 0.0.75
job-core	Checkout code	2025-10-09T14:04:02.9972825Z  * [new tag]             0.0.76                  -> 0.0.76
job-core	Checkout code	2025-10-09T14:04:02.9974536Z  * [new tag]             0.0.77                  -> 0.0.77
job-core	Checkout code	2025-10-09T14:04:02.9976354Z  * [new tag]             0.0.78                  -> 0.0.78
job-core	Checkout code	2025-10-09T14:04:02.9978115Z  * [new tag]             0.0.79                  -> 0.0.79
job-core	Checkout code	2025-10-09T14:04:02.9979857Z  * [new tag]             0.0.8                   -> 0.0.8
job-core	Checkout code	2025-10-09T14:04:02.9981942Z  * [new tag]             0.0.80                  -> 0.0.80
job-core	Checkout code	2025-10-09T14:04:02.9983656Z  * [new tag]             0.0.81                  -> 0.0.81
job-core	Checkout code	2025-10-09T14:04:02.9985335Z  * [new tag]             0.0.82                  -> 0.0.82
job-core	Checkout code	2025-10-09T14:04:02.9987078Z  * [new tag]             0.0.83                  -> 0.0.83
job-core	Checkout code	2025-10-09T14:04:02.9988840Z  * [new tag]             0.0.84                  -> 0.0.84
job-core	Checkout code	2025-10-09T14:04:02.9990622Z  * [new tag]             0.0.85                  -> 0.0.85
job-core	Checkout code	2025-10-09T14:04:02.9992381Z  * [new tag]             0.0.86                  -> 0.0.86
job-core	Checkout code	2025-10-09T14:04:02.9994066Z  * [new tag]             0.0.87                  -> 0.0.87
job-core	Checkout code	2025-10-09T14:04:02.9995727Z  * [new tag]             0.0.88                  -> 0.0.88
job-core	Checkout code	2025-10-09T14:04:02.9997375Z  * [new tag]             0.0.89                  -> 0.0.89
job-core	Checkout code	2025-10-09T14:04:02.9999199Z  * [new tag]             0.0.9                   -> 0.0.9
job-core	Checkout code	2025-10-09T14:04:03.0001062Z  * [new tag]             0.0.90                  -> 0.0.90
job-core	Checkout code	2025-10-09T14:04:03.0002687Z  * [new tag]             0.0.91                  -> 0.0.91
job-core	Checkout code	2025-10-09T14:04:03.0004134Z  * [new tag]             0.0.92                  -> 0.0.92
job-core	Checkout code	2025-10-09T14:04:03.0005070Z  * [new tag]             0.0.93                  -> 0.0.93
job-core	Checkout code	2025-10-09T14:04:03.0006029Z  * [new tag]             0.0.94                  -> 0.0.94
job-core	Checkout code	2025-10-09T14:04:03.0007035Z  * [new tag]             0.0.95                  -> 0.0.95
job-core	Checkout code	2025-10-09T14:04:03.0008309Z  * [new tag]             0.0.96                  -> 0.0.96
job-core	Checkout code	2025-10-09T14:04:03.0010350Z  * [new tag]             0.0.97                  -> 0.0.97
job-core	Checkout code	2025-10-09T14:04:03.0011989Z  * [new tag]             0.0.98                  -> 0.0.98
job-core	Checkout code	2025-10-09T14:04:03.0013384Z  * [new tag]             0.0.99                  -> 0.0.99
job-core	Checkout code	2025-10-09T14:04:03.0014777Z  * [new tag]             0.1.0                   -> 0.1.0
job-core	Checkout code	2025-10-09T14:04:03.0015294Z  * [new tag]             0.1.1                   -> 0.1.1
job-core	Checkout code	2025-10-09T14:04:03.0015794Z  * [new tag]             0.2.0                   -> 0.2.0
job-core	Checkout code	2025-10-09T14:04:03.0016321Z  * [new tag]             0.3.0                   -> 0.3.0
job-core	Checkout code	2025-10-09T14:04:03.0016812Z  * [new tag]             0.3.1                   -> 0.3.1
job-core	Checkout code	2025-10-09T14:04:03.0017325Z  * [new tag]             0.3.10                  -> 0.3.10
job-core	Checkout code	2025-10-09T14:04:03.0017835Z  * [new tag]             0.3.11                  -> 0.3.11
job-core	Checkout code	2025-10-09T14:04:03.0018337Z  * [new tag]             0.3.12                  -> 0.3.12
job-core	Checkout code	2025-10-09T14:04:03.0018843Z  * [new tag]             0.3.13                  -> 0.3.13
job-core	Checkout code	2025-10-09T14:04:03.0019644Z  * [new tag]             0.3.14                  -> 0.3.14
job-core	Checkout code	2025-10-09T14:04:03.0020900Z  * [new tag]             0.3.15                  -> 0.3.15
job-core	Checkout code	2025-10-09T14:04:03.0021979Z  * [new tag]             0.3.16                  -> 0.3.16
job-core	Checkout code	2025-10-09T14:04:03.0022485Z  * [new tag]             0.3.17                  -> 0.3.17
job-core	Checkout code	2025-10-09T14:04:03.0022985Z  * [new tag]             0.3.2                   -> 0.3.2
job-core	Checkout code	2025-10-09T14:04:03.0023499Z  * [new tag]             0.3.3                   -> 0.3.3
job-core	Checkout code	2025-10-09T14:04:03.0024363Z  * [new tag]             0.3.4                   -> 0.3.4
job-core	Checkout code	2025-10-09T14:04:03.0032573Z  * [new tag]             0.3.5                   -> 0.3.5
job-core	Checkout code	2025-10-09T14:04:03.0033156Z  * [new tag]             0.3.6                   -> 0.3.6
job-core	Checkout code	2025-10-09T14:04:03.0033666Z  * [new tag]             0.3.7                   -> 0.3.7
job-core	Checkout code	2025-10-09T14:04:03.0034724Z  * [new tag]             0.3.8                   -> 0.3.8
job-core	Checkout code	2025-10-09T14:04:03.0035234Z  * [new tag]             0.3.9                   -> 0.3.9
job-core	Checkout code	2025-10-09T14:04:03.0035733Z  * [new tag]             0.4.0                   -> 0.4.0
job-core	Checkout code	2025-10-09T14:04:03.0037262Z  * [new tag]             0.4.1                   -> 0.4.1
job-core	Checkout code	2025-10-09T14:04:03.0038145Z  * [new tag]             0.4.2                   -> 0.4.2
job-core	Checkout code	2025-10-09T14:04:03.0038896Z  * [new tag]             0.4.3                   -> 0.4.3
job-core	Checkout code	2025-10-09T14:04:03.0039794Z  * [new tag]             0.4.4                   -> 0.4.4
job-core	Checkout code	2025-10-09T14:04:03.0041079Z  * [new tag]             0.4.5                   -> 0.4.5
job-core	Checkout code	2025-10-09T14:04:03.0041990Z  * [new tag]             0.4.6                   -> 0.4.6
job-core	Checkout code	2025-10-09T14:04:03.0042710Z  * [new tag]             0.4.7                   -> 0.4.7
job-core	Checkout code	2025-10-09T14:04:03.0043477Z  * [new tag]             0.4.8                   -> 0.4.8
job-core	Checkout code	2025-10-09T14:04:03.0044938Z  * [new tag]             0.4.9                   -> 0.4.9
job-core	Checkout code	2025-10-09T14:04:03.0079974Z [command]/usr/bin/git branch --list --remote origin/main
job-core	Checkout code	2025-10-09T14:04:03.0158520Z   origin/main
job-core	Checkout code	2025-10-09T14:04:03.0172467Z [command]/usr/bin/git rev-parse refs/remotes/origin/main
job-core	Checkout code	2025-10-09T14:04:03.0203996Z 9f65f99b267ab9ef7bd544cb5383bbdb36b65828
job-core	Checkout code	2025-10-09T14:04:03.0212934Z ##[endgroup]
job-core	Checkout code	2025-10-09T14:04:03.0214144Z ##[group]Determining the checkout info
job-core	Checkout code	2025-10-09T14:04:03.0215535Z ##[endgroup]
job-core	Checkout code	2025-10-09T14:04:03.0224844Z [command]/usr/bin/git sparse-checkout disable
job-core	Checkout code	2025-10-09T14:04:03.0290180Z [command]/usr/bin/git config --local --unset-all extensions.worktreeConfig
job-core	Checkout code	2025-10-09T14:04:03.0332631Z ##[group]Checking out the ref
job-core	Checkout code	2025-10-09T14:04:03.0340201Z [command]/usr/bin/git checkout --progress --force -B main refs/remotes/origin/main
job-core	Checkout code	2025-10-09T14:04:04.0145825Z Switched to a new branch 'main'
job-core	Checkout code	2025-10-09T14:04:04.0151361Z branch 'main' set up to track 'origin/main'.
job-core	Checkout code	2025-10-09T14:04:04.0294750Z ##[endgroup]
job-core	Checkout code	2025-10-09T14:04:04.0357175Z [command]/usr/bin/git log -1 --format=%H
job-core	Checkout code	2025-10-09T14:04:04.0405514Z 9f65f99b267ab9ef7bd544cb5383bbdb36b65828
job-core	Login to Docker Hub	﻿2025-10-09T14:04:04.0736157Z ##[group]Run docker/login-action@v3
job-core	Login to Docker Hub	2025-10-09T14:04:04.0737069Z with:
job-core	Login to Docker Hub	2025-10-09T14:04:04.0738002Z   username: ***
job-core	Login to Docker Hub	2025-10-09T14:04:04.0738869Z   password: ***
job-core	Login to Docker Hub	2025-10-09T14:04:04.0739655Z   logout: true
job-core	Login to Docker Hub	2025-10-09T14:04:04.0740245Z env:
job-core	Login to Docker Hub	2025-10-09T14:04:04.0740992Z   GITHUB_TOKEN: ***
job-core	Login to Docker Hub	2025-10-09T14:04:04.0741309Z   KAOS_MODULE: [Ka0s] Personalized Image Runners
job-core	Login to Docker Hub	2025-10-09T14:04:04.0741686Z   KAOS_CODE: 18378908121
job-core	Login to Docker Hub	2025-10-09T14:04:04.0741983Z   KAOS_PATH_SCAN: audit/scan/
job-core	Login to Docker Hub	2025-10-09T14:04:04.0742301Z ##[endgroup]
job-core	Login to Docker Hub	2025-10-09T14:04:04.5940254Z Logging into docker.io...
job-core	Login to Docker Hub	2025-10-09T14:04:05.7452660Z Login Succeeded!
job-core	Build image	﻿2025-10-09T14:04:05.7738154Z ##[group]Run # Construimos la imagen
job-core	Build image	2025-10-09T14:04:05.7738717Z [36;1m# Construimos la imagen[0m
job-core	Build image	2025-10-09T14:04:05.7739366Z [36;1msudo docker build -t actions-runner:1.0.4 -f core/runner/actions-runner//1.0.4//Dockerfile . || true[0m
job-core	Build image	2025-10-09T14:04:05.7741381Z [36;1mecho "Se ha generado la imagen actions-runner:1.0.4...."[0m
job-core	Build image	2025-10-09T14:04:05.7742600Z [36;1msudo usermod -aG docker runner [0m
job-core	Build image	2025-10-09T14:04:05.7766692Z shell: /usr/bin/bash -e {0}
job-core	Build image	2025-10-09T14:04:05.7767085Z env:
job-core	Build image	2025-10-09T14:04:05.7767904Z   GITHUB_TOKEN: ***
job-core	Build image	2025-10-09T14:04:05.7768260Z   KAOS_MODULE: [Ka0s] Personalized Image Runners
job-core	Build image	2025-10-09T14:04:05.7768659Z   KAOS_CODE: 18378908121
job-core	Build image	2025-10-09T14:04:05.7768962Z   KAOS_PATH_SCAN: audit/scan/
job-core	Build image	2025-10-09T14:04:05.7769273Z ##[endgroup]
job-core	Build image	2025-10-09T14:04:06.2626926Z #0 building with "default" instance using docker driver
job-core	Build image	2025-10-09T14:04:06.2627531Z 
job-core	Build image	2025-10-09T14:04:06.2629966Z #1 [internal] load build definition from Dockerfile
job-core	Build image	2025-10-09T14:04:06.2631053Z #1 transferring dockerfile: 1.69kB done
job-core	Build image	2025-10-09T14:04:06.2633914Z #1 DONE 0.0s
job-core	Build image	2025-10-09T14:04:06.2634198Z 
job-core	Build image	2025-10-09T14:04:06.2634717Z #2 [internal] load metadata for ghcr.io/actions/actions-runner:latest
job-core	Build image	2025-10-09T14:04:06.3035533Z #2 DONE 0.2s
job-core	Build image	2025-10-09T14:04:06.4550093Z 
job-core	Build image	2025-10-09T14:04:06.4550654Z #3 [internal] load .dockerignore
job-core	Build image	2025-10-09T14:04:06.4735840Z #3 transferring context:
job-core	Build image	2025-10-09T14:04:06.5838930Z #3 transferring context: 2B done
job-core	Build image	2025-10-09T14:04:06.5857281Z #3 DONE 0.3s
job-core	Build image	2025-10-09T14:04:06.6945409Z 
job-core	Build image	2025-10-09T14:04:06.6947195Z #4 [1/6] FROM ghcr.io/actions/actions-runner:latest@sha256:db0dcae6d28559e54277755a33aba7d0665f255b3bd2a66cdc5e132712f155e0
job-core	Build image	2025-10-09T14:04:06.6949200Z #4 DONE 0.0s
job-core	Build image	2025-10-09T14:04:06.6950051Z 
job-core	Build image	2025-10-09T14:04:06.6953990Z #5 [2/6] RUN apt-get update &&     apt-get install -y wget gnupg &&     curl -fsSL https://pgp.mongodb.com/server-7.0.asc | gpg -o /usr/share/keyrings/mongodb-server-7.0.gpg --dearmor &&     echo "deb [ arch=amd64,arm64 signed-by=/usr/share/keyrings/mongodb-server-7.0.gpg ] https://repo.mongodb.org/apt/ubuntu jammy/mongodb-org/7.0 multiverse"  | tee /etc/apt/sources.list.d/mongodb-org-7.0.list
job-core	Build image	2025-10-09T14:04:06.6958827Z #5 CACHED
job-core	Build image	2025-10-09T14:04:06.6959196Z 
job-core	Build image	2025-10-09T14:04:06.6962731Z #6 [3/6] RUN wget -qO - https://aquasecurity.github.io/trivy-repo/deb/public.key | gpg --dearmor | tee /usr/share/keyrings/trivy.gpg > /dev/null &&    echo "deb [signed-by=/usr/share/keyrings/trivy.gpg] https://aquasecurity.github.io/trivy-repo/deb generic main" | tee -a /etc/apt/sources.list.d/trivy.list &&    apt-get update &&    apt-get install trivy
job-core	Build image	2025-10-09T14:04:06.6966739Z #6 CACHED
job-core	Build image	2025-10-09T14:04:06.6967009Z 
job-core	Build image	2025-10-09T14:04:06.6969419Z #7 [4/6] RUN apt-get update &&     apt-get install -y --no-install-recommends mongodb-org-tools jq python3 pip bc ca-certificates     tzdata apt-utils apt-transport-https curl wget git gnupg gh &&     openssl &&     dpkg-reconfigure --frontend noninteractive tzdata
job-core	Build image	2025-10-09T14:04:06.6975070Z #7 CACHED
job-core	Build image	2025-10-09T14:04:06.6978913Z 
job-core	Build image	2025-10-09T14:04:06.6982862Z #8 [5/6] RUN apt-get update &&     export DEBIAN_FRONTEND=noninteractive &&     ln -fs /usr/share/zoneinfo/Europe/Madrid /etc/localtime &&     dpkg-reconfigure --frontend noninteractive tzdata &&     apt-get upgrade -y
job-core	Build image	2025-10-09T14:04:06.6986046Z #8 CACHED
job-core	Build image	2025-10-09T14:04:06.6986318Z 
job-core	Build image	2025-10-09T14:04:06.6986532Z #9 [6/6] WORKDIR /home/runner
job-core	Build image	2025-10-09T14:04:06.6987400Z #9 CACHED
job-core	Build image	2025-10-09T14:04:06.6987663Z 
job-core	Build image	2025-10-09T14:04:06.6987980Z #10 exporting to image
job-core	Build image	2025-10-09T14:04:06.6988552Z #10 exporting layers done
job-core	Build image	2025-10-09T14:04:06.6989898Z #10 writing image sha256:73b1188b1785e7ca8e79560441cb7996e58361bf3f854be9af82ac37a866f6a0 0.0s done
job-core	Build image	2025-10-09T14:04:06.6991385Z #10 naming to docker.io/library/actions-runner:1.0.4 0.0s done
job-core	Build image	2025-10-09T14:04:06.8487345Z #10 DONE 0.1s
job-core	Build image	2025-10-09T14:04:06.8770938Z Se ha generado la imagen actions-runner:1.0.4....
handle_failure	Set up job	﻿2025-10-09T14:16:45.3351782Z Current runner version: '2.328.0'
handle_failure	Set up job	2025-10-09T14:16:45.3359845Z Runner name: '5dfd8efd03fd'
handle_failure	Set up job	2025-10-09T14:16:45.3360865Z Runner group name: 'swarm-runners'
handle_failure	Set up job	2025-10-09T14:16:45.3361879Z Machine name: '5dfd8efd03fd'
handle_failure	Set up job	2025-10-09T14:16:45.3364927Z ##[group]GITHUB_TOKEN Permissions
handle_failure	Set up job	2025-10-09T14:16:45.3367854Z Actions: write
handle_failure	Set up job	2025-10-09T14:16:45.3368501Z Contents: read
handle_failure	Set up job	2025-10-09T14:16:45.3369081Z Issues: write
handle_failure	Set up job	2025-10-09T14:16:45.3369768Z Metadata: read
handle_failure	Set up job	2025-10-09T14:16:45.3370444Z ##[endgroup]
handle_failure	Set up job	2025-10-09T14:16:45.3372946Z Secret source: Actions
handle_failure	Set up job	2025-10-09T14:16:45.3373928Z Prepare workflow directory
handle_failure	Set up job	2025-10-09T14:16:45.3921554Z Prepare all required actions
handle_failure	Set up job	2025-10-09T14:16:45.3960843Z Getting action download info
handle_failure	Set up job	2025-10-09T14:16:46.0353549Z Download action repository 'actions/checkout@v4' (SHA:08eba0b27e820071cde6df949e0beb9ba4906955)
handle_failure	Set up job	2025-10-09T14:16:46.8999588Z Complete job name: handle_failure
handle_failure	Checkout code	﻿2025-10-09T14:16:46.9555957Z ##[group]Run actions/checkout@v4
handle_failure	Checkout code	2025-10-09T14:16:46.9556968Z with:
handle_failure	Checkout code	2025-10-09T14:16:46.9557471Z   fetch-depth: 0
handle_failure	Checkout code	2025-10-09T14:16:46.9558212Z   token: ***
handle_failure	Checkout code	2025-10-09T14:16:46.9558684Z   repository: Ka0s-Klaus/ka0s
handle_failure	Checkout code	2025-10-09T14:16:46.9559219Z   ssh-strict: true
handle_failure	Checkout code	2025-10-09T14:16:46.9560044Z   ssh-user: git
handle_failure	Checkout code	2025-10-09T14:16:46.9560525Z   persist-credentials: true
handle_failure	Checkout code	2025-10-09T14:16:46.9561041Z   clean: true
handle_failure	Checkout code	2025-10-09T14:16:46.9561506Z   sparse-checkout-cone-mode: true
handle_failure	Checkout code	2025-10-09T14:16:46.9562083Z   fetch-tags: false
handle_failure	Checkout code	2025-10-09T14:16:46.9562554Z   show-progress: true
handle_failure	Checkout code	2025-10-09T14:16:46.9563019Z   lfs: false
handle_failure	Checkout code	2025-10-09T14:16:46.9563447Z   submodules: false
handle_failure	Checkout code	2025-10-09T14:16:46.9563949Z   set-safe-directory: true
handle_failure	Checkout code	2025-10-09T14:16:46.9564722Z env:
handle_failure	Checkout code	2025-10-09T14:16:46.9565784Z   GITHUB_TOKEN: ***
handle_failure	Checkout code	2025-10-09T14:16:46.9566331Z   KAOS_MODULE: [Ka0s] Personalized Image Runners
handle_failure	Checkout code	2025-10-09T14:16:46.9566970Z   KAOS_CODE: 18378908121
handle_failure	Checkout code	2025-10-09T14:16:46.9567479Z   KAOS_PATH_SCAN: audit/scan/
handle_failure	Checkout code	2025-10-09T14:16:46.9568007Z ##[endgroup]
handle_failure	Checkout code	2025-10-09T14:16:47.0758551Z Syncing repository: Ka0s-Klaus/ka0s
handle_failure	Checkout code	2025-10-09T14:16:47.0761033Z ##[group]Getting Git version info
handle_failure	Checkout code	2025-10-09T14:16:47.0761765Z Working directory is '/home/runner/_work/ka0s/ka0s'
handle_failure	Checkout code	2025-10-09T14:16:47.0762867Z [command]/usr/bin/git version
handle_failure	Checkout code	2025-10-09T14:16:47.0763407Z git version 2.51.0
handle_failure	Checkout code	2025-10-09T14:16:47.0775866Z ##[endgroup]
handle_failure	Checkout code	2025-10-09T14:16:47.0794128Z Temporarily overriding HOME='/home/runner/_work/_temp/7eed2f5d-139c-42f2-ba2f-568ac19e62fd' before making global git config changes
handle_failure	Checkout code	2025-10-09T14:16:47.0795862Z Adding repository directory to the temporary git global config as a safe directory
handle_failure	Checkout code	2025-10-09T14:16:47.0799659Z [command]/usr/bin/git config --global --add safe.directory /home/runner/_work/ka0s/ka0s
handle_failure	Checkout code	2025-10-09T14:16:47.0838707Z Deleting the contents of '/home/runner/_work/ka0s/ka0s'
handle_failure	Checkout code	2025-10-09T14:16:47.0842445Z ##[group]Initializing the repository
handle_failure	Checkout code	2025-10-09T14:16:47.0857109Z [command]/usr/bin/git init /home/runner/_work/ka0s/ka0s
handle_failure	Checkout code	2025-10-09T14:16:47.0901880Z hint: Using 'master' as the name for the initial branch. This default branch name
handle_failure	Checkout code	2025-10-09T14:16:47.0903323Z hint: is subject to change. To configure the initial branch name to use in all
handle_failure	Checkout code	2025-10-09T14:16:47.0904688Z hint: of your new repositories, which will suppress this warning, call:
handle_failure	Checkout code	2025-10-09T14:16:47.0905610Z hint:
handle_failure	Checkout code	2025-10-09T14:16:47.0906189Z hint: 	git config --global init.defaultBranch <name>
handle_failure	Checkout code	2025-10-09T14:16:47.0906859Z hint:
handle_failure	Checkout code	2025-10-09T14:16:47.0907500Z hint: Names commonly chosen instead of 'master' are 'main', 'trunk' and
handle_failure	Checkout code	2025-10-09T14:16:47.0908535Z hint: 'development'. The just-created branch can be renamed via this command:
handle_failure	Checkout code	2025-10-09T14:16:47.0909447Z hint:
handle_failure	Checkout code	2025-10-09T14:16:47.0910234Z hint: 	git branch -m <name>
handle_failure	Checkout code	2025-10-09T14:16:47.0911087Z hint:
handle_failure	Checkout code	2025-10-09T14:16:47.0911905Z hint: Disable this message with "git config set advice.defaultBranchName false"
handle_failure	Checkout code	2025-10-09T14:16:47.0913315Z Initialized empty Git repository in /home/runner/_work/ka0s/ka0s/.git/
handle_failure	Checkout code	2025-10-09T14:16:47.0915505Z [command]/usr/bin/git remote add origin https://github.com/Ka0s-Klaus/ka0s
handle_failure	Checkout code	2025-10-09T14:16:47.0959063Z ##[endgroup]
handle_failure	Checkout code	2025-10-09T14:16:47.0960531Z ##[group]Disabling automatic garbage collection
handle_failure	Checkout code	2025-10-09T14:16:47.0961308Z [command]/usr/bin/git config --local gc.auto 0
handle_failure	Checkout code	2025-10-09T14:16:47.0992562Z ##[endgroup]
handle_failure	Checkout code	2025-10-09T14:16:47.0993424Z ##[group]Setting up auth
handle_failure	Checkout code	2025-10-09T14:16:47.0999221Z [command]/usr/bin/git config --local --name-only --get-regexp core\.sshCommand
handle_failure	Checkout code	2025-10-09T14:16:47.1035732Z [command]/usr/bin/git submodule foreach --recursive sh -c "git config --local --name-only --get-regexp 'core\.sshCommand' && git config --local --unset-all 'core.sshCommand' || :"
handle_failure	Checkout code	2025-10-09T14:16:47.1290091Z [command]/usr/bin/git config --local --name-only --get-regexp http\.https\:\/\/github\.com\/\.extraheader
handle_failure	Checkout code	2025-10-09T14:16:47.1320764Z [command]/usr/bin/git submodule foreach --recursive sh -c "git config --local --name-only --get-regexp 'http\.https\:\/\/github\.com\/\.extraheader' && git config --local --unset-all 'http.https://github.com/.extraheader' || :"
handle_failure	Checkout code	2025-10-09T14:16:47.1573957Z [command]/usr/bin/git config --local http.https://github.com/.extraheader AUTHORIZATION: basic ***
handle_failure	Checkout code	2025-10-09T14:16:47.1615487Z ##[endgroup]
handle_failure	Checkout code	2025-10-09T14:16:47.1616443Z ##[group]Fetching the repository
handle_failure	Checkout code	2025-10-09T14:16:47.1624227Z [command]/usr/bin/git -c protocol.version=2 fetch --prune --no-recurse-submodules origin +refs/heads/*:refs/remotes/origin/* +refs/tags/*:refs/tags/*
handle_failure	Checkout code	2025-10-09T14:16:56.5540007Z From https://github.com/Ka0s-Klaus/ka0s
handle_failure	Checkout code	2025-10-09T14:16:56.5541615Z  * [new branch]          F1149-desarrollo-de-orchestrator -> origin/F1149-desarrollo-de-orchestrator
handle_failure	Checkout code	2025-10-09T14:16:56.5542856Z  * [new branch]          F1183-personalización-módulo-finops -> origin/F1183-personalización-módulo-finops
handle_failure	Checkout code	2025-10-09T14:16:56.5543629Z  * [new branch]          F1224-new-module-mongodb -> origin/F1224-new-module-mongodb
handle_failure	Checkout code	2025-10-09T14:16:56.5544542Z  * [new branch]          F220-web-de-resultados  -> origin/F220-web-de-resultados
handle_failure	Checkout code	2025-10-09T14:16:56.5563057Z  * [new branch]          F227-despliegue-de-kube-independiente-del-clouder -> origin/F227-despliegue-de-kube-independiente-del-clouder
handle_failure	Checkout code	2025-10-09T14:16:56.5564439Z  * [new branch]          F329-documentacion-metodologia-de-kaos -> origin/F329-documentacion-metodologia-de-kaos
handle_failure	Checkout code	2025-10-09T14:16:56.5565530Z  * [new branch]          F44-creación-módulo-versionado -> origin/F44-creación-módulo-versionado
handle_failure	Checkout code	2025-10-09T14:16:56.5566353Z  * [new branch]          H1128-módulo-de-observabilidad -> origin/H1128-módulo-de-observabilidad
handle_failure	Checkout code	2025-10-09T14:16:56.5567115Z  * [new branch]          H1139-como-instalar-arc-control -> origin/H1139-como-instalar-arc-control
handle_failure	Checkout code	2025-10-09T14:16:56.5568012Z  * [new branch]          H1149-desarrollo-de-orchestrator -> origin/H1149-desarrollo-de-orchestrator
handle_failure	Checkout code	2025-10-09T14:16:56.5568765Z  * [new branch]          H1150-desarrollo-de-secciones -> origin/H1150-desarrollo-de-secciones
handle_failure	Checkout code	2025-10-09T14:16:56.5569703Z  * [new branch]          H1151-desarrollo-de-secciones-ii -> origin/H1151-desarrollo-de-secciones-ii
handle_failure	Checkout code	2025-10-09T14:16:56.5570449Z  * [new branch]          H1152-desarrollo-inicio -> origin/H1152-desarrollo-inicio
handle_failure	Checkout code	2025-10-09T14:16:56.5571345Z  * [new branch]          H1183-personalización-módulo-finops -> origin/H1183-personalización-módulo-finops
handle_failure	Checkout code	2025-10-09T14:16:56.5572264Z  * [new branch]          H1193-ejemplo-web-documentacion -> origin/H1193-ejemplo-web-documentacion
handle_failure	Checkout code	2025-10-09T14:16:56.5572939Z  * [new branch]          H1205-web-creation      -> origin/H1205-web-creation
handle_failure	Checkout code	2025-10-09T14:16:56.5573537Z  * [new branch]          H1224-new-module-mongodb -> origin/H1224-new-module-mongodb
handle_failure	Checkout code	2025-10-09T14:16:56.5574152Z  * [new branch]          H1410-modulo-execution  -> origin/H1410-modulo-execution
handle_failure	Checkout code	2025-10-09T14:16:56.5575194Z  * [new branch]          H1514-new-swarm-deployment-stack-with-actions-runners-autoscale -> origin/H1514-new-swarm-deployment-stack-with-actions-runners-autoscale
handle_failure	Checkout code	2025-10-09T14:16:56.5576592Z  * [new branch]          H1968-modulo-personalización-del-portal-de-kaos-core -> origin/H1968-modulo-personalización-del-portal-de-kaos-core
handle_failure	Checkout code	2025-10-09T14:16:56.5578202Z  * [new branch]          H215-modulo-de-summary  -> origin/H215-modulo-de-summary
handle_failure	Checkout code	2025-10-09T14:16:56.5578823Z  * [new branch]          H220-web-de-resultados  -> origin/H220-web-de-resultados
handle_failure	Checkout code	2025-10-09T14:16:56.5579792Z  * [new branch]          H227-despliegue-de-kube-independiente-del-clouder -> origin/H227-despliegue-de-kube-independiente-del-clouder
handle_failure	Checkout code	2025-10-09T14:16:56.5580736Z  * [new branch]          H306-ficheros-de-estadisticas -> origin/H306-ficheros-de-estadisticas
handle_failure	Checkout code	2025-10-09T14:16:56.5581750Z  * [new branch]          H328-documentacion-modulo-principal-de-kaos -> origin/H328-documentacion-modulo-principal-de-kaos
handle_failure	Checkout code	2025-10-09T14:16:56.5582683Z  * [new branch]          H329-documentacion-metodologia-de-kaos -> origin/H329-documentacion-metodologia-de-kaos
handle_failure	Checkout code	2025-10-09T14:16:56.5583598Z  * [new branch]          H338-relanzador-de-jobs-en-caso-de-pattern -> origin/H338-relanzador-de-jobs-en-caso-de-pattern
handle_failure	Checkout code	2025-10-09T14:16:56.5584757Z  * [new branch]          H38-documentacion-basica-del-proyecto -> origin/H38-documentacion-basica-del-proyecto
handle_failure	Checkout code	2025-10-09T14:16:56.5585800Z  * [new branch]          H44-creación-módulo-versionado -> origin/H44-creación-módulo-versionado
handle_failure	Checkout code	2025-10-09T14:16:56.5586714Z  * [new branch]          RN1149-desarrollo-de-orchestrator -> origin/RN1149-desarrollo-de-orchestrator
handle_failure	Checkout code	2025-10-09T14:16:56.5587614Z  * [new branch]          RN1183-personalización-módulo-finops -> origin/RN1183-personalización-módulo-finops
handle_failure	Checkout code	2025-10-09T14:16:56.5588740Z  * [new branch]          RN1282-ka0s-error-detected-in-ka0s-workflow-statistics-summary -> origin/RN1282-ka0s-error-detected-in-ka0s-workflow-statistics-summary
handle_failure	Checkout code	2025-10-09T14:16:56.5589963Z  * [new branch]          RN220-web-de-resultados -> origin/RN220-web-de-resultados
handle_failure	Checkout code	2025-10-09T14:16:56.5590901Z  * [new branch]          RN227-despliegue-de-kube-independiente-del-clouder -> origin/RN227-despliegue-de-kube-independiente-del-clouder
handle_failure	Checkout code	2025-10-09T14:16:56.5592012Z  * [new branch]          RN329-documentacion-metodologia-de-kaos -> origin/RN329-documentacion-metodologia-de-kaos
handle_failure	Checkout code	2025-10-09T14:16:56.5592765Z  * [new branch]          main                    -> origin/main
handle_failure	Checkout code	2025-10-09T14:16:56.5593493Z  * [new tag]             0.0.0                   -> 0.0.0
handle_failure	Checkout code	2025-10-09T14:16:56.5593931Z  * [new tag]             0.0.1                   -> 0.0.1
handle_failure	Checkout code	2025-10-09T14:16:56.5594374Z  * [new tag]             0.0.10                  -> 0.0.10
handle_failure	Checkout code	2025-10-09T14:16:56.5594832Z  * [new tag]             0.0.100                 -> 0.0.100
handle_failure	Checkout code	2025-10-09T14:16:56.5595303Z  * [new tag]             0.0.101                 -> 0.0.101
handle_failure	Checkout code	2025-10-09T14:16:56.5595778Z  * [new tag]             0.0.102                 -> 0.0.102
handle_failure	Checkout code	2025-10-09T14:16:56.5596218Z  * [new tag]             0.0.103                 -> 0.0.103
handle_failure	Checkout code	2025-10-09T14:16:56.5596640Z  * [new tag]             0.0.104                 -> 0.0.104
handle_failure	Checkout code	2025-10-09T14:16:56.5597062Z  * [new tag]             0.0.105                 -> 0.0.105
handle_failure	Checkout code	2025-10-09T14:16:56.5597502Z  * [new tag]             0.0.106                 -> 0.0.106
handle_failure	Checkout code	2025-10-09T14:16:56.5597938Z  * [new tag]             0.0.107                 -> 0.0.107
handle_failure	Checkout code	2025-10-09T14:16:56.5598366Z  * [new tag]             0.0.108                 -> 0.0.108
handle_failure	Checkout code	2025-10-09T14:16:56.5598783Z  * [new tag]             0.0.109                 -> 0.0.109
handle_failure	Checkout code	2025-10-09T14:16:56.5599210Z  * [new tag]             0.0.11                  -> 0.0.11
handle_failure	Checkout code	2025-10-09T14:16:56.5599699Z  * [new tag]             0.0.110                 -> 0.0.110
handle_failure	Checkout code	2025-10-09T14:16:56.5600254Z  * [new tag]             0.0.111                 -> 0.0.111
handle_failure	Checkout code	2025-10-09T14:16:56.5600850Z  * [new tag]             0.0.112                 -> 0.0.112
handle_failure	Checkout code	2025-10-09T14:16:56.5601563Z  * [new tag]             0.0.113                 -> 0.0.113
handle_failure	Checkout code	2025-10-09T14:16:56.5602004Z  * [new tag]             0.0.114                 -> 0.0.114
handle_failure	Checkout code	2025-10-09T14:16:56.5602561Z  * [new tag]             0.0.115                 -> 0.0.115
handle_failure	Checkout code	2025-10-09T14:16:56.5603104Z  * [new tag]             0.0.116                 -> 0.0.116
handle_failure	Checkout code	2025-10-09T14:16:56.5603575Z  * [new tag]             0.0.117                 -> 0.0.117
handle_failure	Checkout code	2025-10-09T14:16:56.5604205Z  * [new tag]             0.0.118                 -> 0.0.118
handle_failure	Checkout code	2025-10-09T14:16:56.5604626Z  * [new tag]             0.0.119                 -> 0.0.119
handle_failure	Checkout code	2025-10-09T14:16:56.5605043Z  * [new tag]             0.0.12                  -> 0.0.12
handle_failure	Checkout code	2025-10-09T14:16:56.5605448Z  * [new tag]             0.0.120                 -> 0.0.120
handle_failure	Checkout code	2025-10-09T14:16:56.5605860Z  * [new tag]             0.0.121                 -> 0.0.121
handle_failure	Checkout code	2025-10-09T14:16:56.5606268Z  * [new tag]             0.0.122                 -> 0.0.122
handle_failure	Checkout code	2025-10-09T14:16:56.5606707Z  * [new tag]             0.0.123                 -> 0.0.123
handle_failure	Checkout code	2025-10-09T14:16:56.5607171Z  * [new tag]             0.0.124                 -> 0.0.124
handle_failure	Checkout code	2025-10-09T14:16:56.5607589Z  * [new tag]             0.0.125                 -> 0.0.125
handle_failure	Checkout code	2025-10-09T14:16:56.5608004Z  * [new tag]             0.0.126                 -> 0.0.126
handle_failure	Checkout code	2025-10-09T14:16:56.5608629Z  * [new tag]             0.0.127                 -> 0.0.127
handle_failure	Checkout code	2025-10-09T14:16:56.5609047Z  * [new tag]             0.0.128                 -> 0.0.128
handle_failure	Checkout code	2025-10-09T14:16:56.5609648Z  * [new tag]             0.0.129                 -> 0.0.129
handle_failure	Checkout code	2025-10-09T14:16:56.5610346Z  * [new tag]             0.0.13                  -> 0.0.13
handle_failure	Checkout code	2025-10-09T14:16:56.5610893Z  * [new tag]             0.0.130                 -> 0.0.130
handle_failure	Checkout code	2025-10-09T14:16:56.5611306Z  * [new tag]             0.0.131                 -> 0.0.131
handle_failure	Checkout code	2025-10-09T14:16:56.5611721Z  * [new tag]             0.0.132                 -> 0.0.132
handle_failure	Checkout code	2025-10-09T14:16:56.5612133Z  * [new tag]             0.0.133                 -> 0.0.133
handle_failure	Checkout code	2025-10-09T14:16:56.5612547Z  * [new tag]             0.0.134                 -> 0.0.134
handle_failure	Checkout code	2025-10-09T14:16:56.5612960Z  * [new tag]             0.0.135                 -> 0.0.135
handle_failure	Checkout code	2025-10-09T14:16:56.5613373Z  * [new tag]             0.0.136                 -> 0.0.136
handle_failure	Checkout code	2025-10-09T14:16:56.5613799Z  * [new tag]             0.0.137                 -> 0.0.137
handle_failure	Checkout code	2025-10-09T14:16:56.5614220Z  * [new tag]             0.0.138                 -> 0.0.138
handle_failure	Checkout code	2025-10-09T14:16:56.5614642Z  * [new tag]             0.0.139                 -> 0.0.139
handle_failure	Checkout code	2025-10-09T14:16:56.5615070Z  * [new tag]             0.0.14                  -> 0.0.14
handle_failure	Checkout code	2025-10-09T14:16:56.5615487Z  * [new tag]             0.0.140                 -> 0.0.140
handle_failure	Checkout code	2025-10-09T14:16:56.5615893Z  * [new tag]             0.0.141                 -> 0.0.141
handle_failure	Checkout code	2025-10-09T14:16:56.5616306Z  * [new tag]             0.0.142                 -> 0.0.142
handle_failure	Checkout code	2025-10-09T14:16:56.5616721Z  * [new tag]             0.0.143                 -> 0.0.143
handle_failure	Checkout code	2025-10-09T14:16:56.5617130Z  * [new tag]             0.0.144                 -> 0.0.144
handle_failure	Checkout code	2025-10-09T14:16:56.5617540Z  * [new tag]             0.0.145                 -> 0.0.145
handle_failure	Checkout code	2025-10-09T14:16:56.5617953Z  * [new tag]             0.0.146                 -> 0.0.146
handle_failure	Checkout code	2025-10-09T14:16:56.5618368Z  * [new tag]             0.0.147                 -> 0.0.147
handle_failure	Checkout code	2025-10-09T14:16:56.5618789Z  * [new tag]             0.0.148                 -> 0.0.148
handle_failure	Checkout code	2025-10-09T14:16:56.5619210Z  * [new tag]             0.0.149                 -> 0.0.149
handle_failure	Checkout code	2025-10-09T14:16:56.5619923Z  * [new tag]             0.0.15                  -> 0.0.15
handle_failure	Checkout code	2025-10-09T14:16:56.5620339Z  * [new tag]             0.0.150                 -> 0.0.150
handle_failure	Checkout code	2025-10-09T14:16:56.5620755Z  * [new tag]             0.0.151                 -> 0.0.151
handle_failure	Checkout code	2025-10-09T14:16:56.5621175Z  * [new tag]             0.0.152                 -> 0.0.152
handle_failure	Checkout code	2025-10-09T14:16:56.5621583Z  * [new tag]             0.0.153                 -> 0.0.153
handle_failure	Checkout code	2025-10-09T14:16:56.5622001Z  * [new tag]             0.0.154                 -> 0.0.154
handle_failure	Checkout code	2025-10-09T14:16:56.5622414Z  * [new tag]             0.0.155                 -> 0.0.155
handle_failure	Checkout code	2025-10-09T14:16:56.5622829Z  * [new tag]             0.0.156                 -> 0.0.156
handle_failure	Checkout code	2025-10-09T14:16:56.5623240Z  * [new tag]             0.0.157                 -> 0.0.157
handle_failure	Checkout code	2025-10-09T14:16:56.5623648Z  * [new tag]             0.0.158                 -> 0.0.158
handle_failure	Checkout code	2025-10-09T14:16:56.5624070Z  * [new tag]             0.0.159                 -> 0.0.159
handle_failure	Checkout code	2025-10-09T14:16:56.5624623Z  * [new tag]             0.0.16                  -> 0.0.16
handle_failure	Checkout code	2025-10-09T14:16:56.5625035Z  * [new tag]             0.0.160                 -> 0.0.160
handle_failure	Checkout code	2025-10-09T14:16:56.5625444Z  * [new tag]             0.0.161                 -> 0.0.161
handle_failure	Checkout code	2025-10-09T14:16:56.5625860Z  * [new tag]             0.0.162                 -> 0.0.162
handle_failure	Checkout code	2025-10-09T14:16:56.5626271Z  * [new tag]             0.0.163                 -> 0.0.163
handle_failure	Checkout code	2025-10-09T14:16:56.5626683Z  * [new tag]             0.0.164                 -> 0.0.164
handle_failure	Checkout code	2025-10-09T14:16:56.5627087Z  * [new tag]             0.0.165                 -> 0.0.165
handle_failure	Checkout code	2025-10-09T14:16:56.5627504Z  * [new tag]             0.0.166                 -> 0.0.166
handle_failure	Checkout code	2025-10-09T14:16:56.5627916Z  * [new tag]             0.0.167                 -> 0.0.167
handle_failure	Checkout code	2025-10-09T14:16:56.5628325Z  * [new tag]             0.0.168                 -> 0.0.168
handle_failure	Checkout code	2025-10-09T14:16:56.5628867Z  * [new tag]             0.0.169                 -> 0.0.169
handle_failure	Checkout code	2025-10-09T14:16:56.5629288Z  * [new tag]             0.0.17                  -> 0.0.17
handle_failure	Checkout code	2025-10-09T14:16:56.5629888Z  * [new tag]             0.0.170                 -> 0.0.170
handle_failure	Checkout code	2025-10-09T14:16:56.5630436Z  * [new tag]             0.0.171                 -> 0.0.171
handle_failure	Checkout code	2025-10-09T14:16:56.5630847Z  * [new tag]             0.0.172                 -> 0.0.172
handle_failure	Checkout code	2025-10-09T14:16:56.5631253Z  * [new tag]             0.0.173                 -> 0.0.173
handle_failure	Checkout code	2025-10-09T14:16:56.5631659Z  * [new tag]             0.0.174                 -> 0.0.174
handle_failure	Checkout code	2025-10-09T14:16:56.5632066Z  * [new tag]             0.0.175                 -> 0.0.175
handle_failure	Checkout code	2025-10-09T14:16:56.5632470Z  * [new tag]             0.0.176                 -> 0.0.176
handle_failure	Checkout code	2025-10-09T14:16:56.5632877Z  * [new tag]             0.0.177                 -> 0.0.177
handle_failure	Checkout code	2025-10-09T14:16:56.5633273Z  * [new tag]             0.0.178                 -> 0.0.178
handle_failure	Checkout code	2025-10-09T14:16:56.5633677Z  * [new tag]             0.0.179                 -> 0.0.179
handle_failure	Checkout code	2025-10-09T14:16:56.5634095Z  * [new tag]             0.0.18                  -> 0.0.18
handle_failure	Checkout code	2025-10-09T14:16:56.5634511Z  * [new tag]             0.0.19                  -> 0.0.19
handle_failure	Checkout code	2025-10-09T14:16:56.5634916Z  * [new tag]             0.0.2                   -> 0.0.2
handle_failure	Checkout code	2025-10-09T14:16:56.5635322Z  * [new tag]             0.0.20                  -> 0.0.20
handle_failure	Checkout code	2025-10-09T14:16:56.5635732Z  * [new tag]             0.0.21                  -> 0.0.21
handle_failure	Checkout code	2025-10-09T14:16:56.5636137Z  * [new tag]             0.0.22                  -> 0.0.22
handle_failure	Checkout code	2025-10-09T14:16:56.5636539Z  * [new tag]             0.0.23                  -> 0.0.23
handle_failure	Checkout code	2025-10-09T14:16:56.5636944Z  * [new tag]             0.0.24                  -> 0.0.24
handle_failure	Checkout code	2025-10-09T14:16:56.5637352Z  * [new tag]             0.0.25                  -> 0.0.25
handle_failure	Checkout code	2025-10-09T14:16:56.5637757Z  * [new tag]             0.0.26                  -> 0.0.26
handle_failure	Checkout code	2025-10-09T14:16:56.5638163Z  * [new tag]             0.0.27                  -> 0.0.27
handle_failure	Checkout code	2025-10-09T14:16:56.5638576Z  * [new tag]             0.0.28                  -> 0.0.28
handle_failure	Checkout code	2025-10-09T14:16:56.5638995Z  * [new tag]             0.0.29                  -> 0.0.29
handle_failure	Checkout code	2025-10-09T14:16:56.5639439Z  * [new tag]             0.0.3                   -> 0.0.3
handle_failure	Checkout code	2025-10-09T14:16:56.5640279Z  * [new tag]             0.0.30                  -> 0.0.30
handle_failure	Checkout code	2025-10-09T14:16:56.5640694Z  * [new tag]             0.0.31                  -> 0.0.31
handle_failure	Checkout code	2025-10-09T14:16:56.5641224Z  * [new tag]             0.0.32                  -> 0.0.32
handle_failure	Checkout code	2025-10-09T14:16:56.5641627Z  * [new tag]             0.0.33                  -> 0.0.33
handle_failure	Checkout code	2025-10-09T14:16:56.5642037Z  * [new tag]             0.0.34                  -> 0.0.34
handle_failure	Checkout code	2025-10-09T14:16:56.5642447Z  * [new tag]             0.0.35                  -> 0.0.35
handle_failure	Checkout code	2025-10-09T14:16:56.5642851Z  * [new tag]             0.0.36                  -> 0.0.36
handle_failure	Checkout code	2025-10-09T14:16:56.5643256Z  * [new tag]             0.0.37                  -> 0.0.37
handle_failure	Checkout code	2025-10-09T14:16:56.5643661Z  * [new tag]             0.0.38                  -> 0.0.38
handle_failure	Checkout code	2025-10-09T14:16:56.5644080Z  * [new tag]             0.0.39                  -> 0.0.39
handle_failure	Checkout code	2025-10-09T14:16:56.5644646Z  * [new tag]             0.0.4                   -> 0.0.4
handle_failure	Checkout code	2025-10-09T14:16:56.5645057Z  * [new tag]             0.0.40                  -> 0.0.40
handle_failure	Checkout code	2025-10-09T14:16:56.5645463Z  * [new tag]             0.0.41                  -> 0.0.41
handle_failure	Checkout code	2025-10-09T14:16:56.5645868Z  * [new tag]             0.0.42                  -> 0.0.42
handle_failure	Checkout code	2025-10-09T14:16:56.5646270Z  * [new tag]             0.0.43                  -> 0.0.43
handle_failure	Checkout code	2025-10-09T14:16:56.5646678Z  * [new tag]             0.0.44                  -> 0.0.44
handle_failure	Checkout code	2025-10-09T14:16:56.5647086Z  * [new tag]             0.0.45                  -> 0.0.45
handle_failure	Checkout code	2025-10-09T14:16:56.5647494Z  * [new tag]             0.0.46                  -> 0.0.46
handle_failure	Checkout code	2025-10-09T14:16:56.5647904Z  * [new tag]             0.0.47                  -> 0.0.47
handle_failure	Checkout code	2025-10-09T14:16:56.5648307Z  * [new tag]             0.0.48                  -> 0.0.48
handle_failure	Checkout code	2025-10-09T14:16:56.5648714Z  * [new tag]             0.0.49                  -> 0.0.49
handle_failure	Checkout code	2025-10-09T14:16:56.5649248Z  * [new tag]             0.0.5                   -> 0.0.5
handle_failure	Checkout code	2025-10-09T14:16:56.5650027Z  * [new tag]             0.0.50                  -> 0.0.50
handle_failure	Checkout code	2025-10-09T14:16:56.5650558Z  * [new tag]             0.0.51                  -> 0.0.51
handle_failure	Checkout code	2025-10-09T14:16:56.5650969Z  * [new tag]             0.0.52                  -> 0.0.52
handle_failure	Checkout code	2025-10-09T14:16:56.5651382Z  * [new tag]             0.0.53                  -> 0.0.53
handle_failure	Checkout code	2025-10-09T14:16:56.5651788Z  * [new tag]             0.0.54                  -> 0.0.54
handle_failure	Checkout code	2025-10-09T14:16:56.5652198Z  * [new tag]             0.0.55                  -> 0.0.55
handle_failure	Checkout code	2025-10-09T14:16:56.5652733Z  * [new tag]             0.0.56                  -> 0.0.56
handle_failure	Checkout code	2025-10-09T14:16:56.5653133Z  * [new tag]             0.0.57                  -> 0.0.57
handle_failure	Checkout code	2025-10-09T14:16:56.5653541Z  * [new tag]             0.0.58                  -> 0.0.58
handle_failure	Checkout code	2025-10-09T14:16:56.5653948Z  * [new tag]             0.0.59                  -> 0.0.59
handle_failure	Checkout code	2025-10-09T14:16:56.5654365Z  * [new tag]             0.0.6                   -> 0.0.6
handle_failure	Checkout code	2025-10-09T14:16:56.5654773Z  * [new tag]             0.0.60                  -> 0.0.60
handle_failure	Checkout code	2025-10-09T14:16:56.5655179Z  * [new tag]             0.0.61                  -> 0.0.61
handle_failure	Checkout code	2025-10-09T14:16:56.5655587Z  * [new tag]             0.0.62                  -> 0.0.62
handle_failure	Checkout code	2025-10-09T14:16:56.5655991Z  * [new tag]             0.0.63                  -> 0.0.63
handle_failure	Checkout code	2025-10-09T14:16:56.5656397Z  * [new tag]             0.0.64                  -> 0.0.64
handle_failure	Checkout code	2025-10-09T14:16:56.5656799Z  * [new tag]             0.0.65                  -> 0.0.65
handle_failure	Checkout code	2025-10-09T14:16:56.5657210Z  * [new tag]             0.0.66                  -> 0.0.66
handle_failure	Checkout code	2025-10-09T14:16:56.5657613Z  * [new tag]             0.0.67                  -> 0.0.67
handle_failure	Checkout code	2025-10-09T14:16:56.5658020Z  * [new tag]             0.0.68                  -> 0.0.68
handle_failure	Checkout code	2025-10-09T14:16:56.5658424Z  * [new tag]             0.0.69                  -> 0.0.69
handle_failure	Checkout code	2025-10-09T14:16:56.5658823Z  * [new tag]             0.0.7                   -> 0.0.7
handle_failure	Checkout code	2025-10-09T14:16:56.5659255Z  * [new tag]             0.0.70                  -> 0.0.70
handle_failure	Checkout code	2025-10-09T14:16:56.5660037Z  * [new tag]             0.0.71                  -> 0.0.71
handle_failure	Checkout code	2025-10-09T14:16:56.5660569Z  * [new tag]             0.0.72                  -> 0.0.72
handle_failure	Checkout code	2025-10-09T14:16:56.5660971Z  * [new tag]             0.0.73                  -> 0.0.73
handle_failure	Checkout code	2025-10-09T14:16:56.5661377Z  * [new tag]             0.0.74                  -> 0.0.74
handle_failure	Checkout code	2025-10-09T14:16:56.5661779Z  * [new tag]             0.0.75                  -> 0.0.75
handle_failure	Checkout code	2025-10-09T14:16:56.5662184Z  * [new tag]             0.0.76                  -> 0.0.76
handle_failure	Checkout code	2025-10-09T14:16:56.5662590Z  * [new tag]             0.0.77                  -> 0.0.77
handle_failure	Checkout code	2025-10-09T14:16:56.5663014Z  * [new tag]             0.0.78                  -> 0.0.78
handle_failure	Checkout code	2025-10-09T14:16:56.5663422Z  * [new tag]             0.0.79                  -> 0.0.79
handle_failure	Checkout code	2025-10-09T14:16:56.5663832Z  * [new tag]             0.0.8                   -> 0.0.8
handle_failure	Checkout code	2025-10-09T14:16:56.5664234Z  * [new tag]             0.0.80                  -> 0.0.80
handle_failure	Checkout code	2025-10-09T14:16:56.5664653Z  * [new tag]             0.0.81                  -> 0.0.81
handle_failure	Checkout code	2025-10-09T14:16:56.5665200Z  * [new tag]             0.0.82                  -> 0.0.82
handle_failure	Checkout code	2025-10-09T14:16:56.5665611Z  * [new tag]             0.0.83                  -> 0.0.83
handle_failure	Checkout code	2025-10-09T14:16:56.5666014Z  * [new tag]             0.0.84                  -> 0.0.84
handle_failure	Checkout code	2025-10-09T14:16:56.5666414Z  * [new tag]             0.0.85                  -> 0.0.85
handle_failure	Checkout code	2025-10-09T14:16:56.5666817Z  * [new tag]             0.0.86                  -> 0.0.86
handle_failure	Checkout code	2025-10-09T14:16:56.5667224Z  * [new tag]             0.0.87                  -> 0.0.87
handle_failure	Checkout code	2025-10-09T14:16:56.5667630Z  * [new tag]             0.0.88                  -> 0.0.88
handle_failure	Checkout code	2025-10-09T14:16:56.5668030Z  * [new tag]             0.0.89                  -> 0.0.89
handle_failure	Checkout code	2025-10-09T14:16:56.5668434Z  * [new tag]             0.0.9                   -> 0.0.9
handle_failure	Checkout code	2025-10-09T14:16:56.5668840Z  * [new tag]             0.0.90                  -> 0.0.90
handle_failure	Checkout code	2025-10-09T14:16:56.5669623Z  * [new tag]             0.0.91                  -> 0.0.91
handle_failure	Checkout code	2025-10-09T14:16:56.5670328Z  * [new tag]             0.0.92                  -> 0.0.92
handle_failure	Checkout code	2025-10-09T14:16:56.5670866Z  * [new tag]             0.0.93                  -> 0.0.93
handle_failure	Checkout code	2025-10-09T14:16:56.5671274Z  * [new tag]             0.0.94                  -> 0.0.94
handle_failure	Checkout code	2025-10-09T14:16:56.5671680Z  * [new tag]             0.0.95                  -> 0.0.95
handle_failure	Checkout code	2025-10-09T14:16:56.5672091Z  * [new tag]             0.0.96                  -> 0.0.96
handle_failure	Checkout code	2025-10-09T14:16:56.5672494Z  * [new tag]             0.0.97                  -> 0.0.97
handle_failure	Checkout code	2025-10-09T14:16:56.5672902Z  * [new tag]             0.0.98                  -> 0.0.98
handle_failure	Checkout code	2025-10-09T14:16:56.5673311Z  * [new tag]             0.0.99                  -> 0.0.99
handle_failure	Checkout code	2025-10-09T14:16:56.5673717Z  * [new tag]             0.1.0                   -> 0.1.0
handle_failure	Checkout code	2025-10-09T14:16:56.5674120Z  * [new tag]             0.1.1                   -> 0.1.1
handle_failure	Checkout code	2025-10-09T14:16:56.5674526Z  * [new tag]             0.2.0                   -> 0.2.0
handle_failure	Checkout code	2025-10-09T14:16:56.5674940Z  * [new tag]             0.3.0                   -> 0.3.0
handle_failure	Checkout code	2025-10-09T14:16:56.5675357Z  * [new tag]             0.3.1                   -> 0.3.1
handle_failure	Checkout code	2025-10-09T14:16:56.5675768Z  * [new tag]             0.3.10                  -> 0.3.10
handle_failure	Checkout code	2025-10-09T14:16:56.5676178Z  * [new tag]             0.3.11                  -> 0.3.11
handle_failure	Checkout code	2025-10-09T14:16:56.5676584Z  * [new tag]             0.3.12                  -> 0.3.12
handle_failure	Checkout code	2025-10-09T14:16:56.5676995Z  * [new tag]             0.3.13                  -> 0.3.13
handle_failure	Checkout code	2025-10-09T14:16:56.5677403Z  * [new tag]             0.3.14                  -> 0.3.14
handle_failure	Checkout code	2025-10-09T14:16:56.5677806Z  * [new tag]             0.3.15                  -> 0.3.15
handle_failure	Checkout code	2025-10-09T14:16:56.5678215Z  * [new tag]             0.3.16                  -> 0.3.16
handle_failure	Checkout code	2025-10-09T14:16:56.5678625Z  * [new tag]             0.3.17                  -> 0.3.17
handle_failure	Checkout code	2025-10-09T14:16:56.5679029Z  * [new tag]             0.3.2                   -> 0.3.2
handle_failure	Checkout code	2025-10-09T14:16:56.5679607Z  * [new tag]             0.3.3                   -> 0.3.3
handle_failure	Checkout code	2025-10-09T14:16:56.5680154Z  * [new tag]             0.3.4                   -> 0.3.4
handle_failure	Checkout code	2025-10-09T14:16:56.5680571Z  * [new tag]             0.3.5                   -> 0.3.5
handle_failure	Checkout code	2025-10-09T14:16:56.5680976Z  * [new tag]             0.3.6                   -> 0.3.6
handle_failure	Checkout code	2025-10-09T14:16:56.5681380Z  * [new tag]             0.3.7                   -> 0.3.7
handle_failure	Checkout code	2025-10-09T14:16:56.5681784Z  * [new tag]             0.3.8                   -> 0.3.8
handle_failure	Checkout code	2025-10-09T14:16:56.5682187Z  * [new tag]             0.3.9                   -> 0.3.9
handle_failure	Checkout code	2025-10-09T14:16:56.5682592Z  * [new tag]             0.4.0                   -> 0.4.0
handle_failure	Checkout code	2025-10-09T14:16:56.5682991Z  * [new tag]             0.4.1                   -> 0.4.1
handle_failure	Checkout code	2025-10-09T14:16:56.5683390Z  * [new tag]             0.4.2                   -> 0.4.2
handle_failure	Checkout code	2025-10-09T14:16:56.5683794Z  * [new tag]             0.4.3                   -> 0.4.3
handle_failure	Checkout code	2025-10-09T14:16:56.5684197Z  * [new tag]             0.4.4                   -> 0.4.4
handle_failure	Checkout code	2025-10-09T14:16:56.5684609Z  * [new tag]             0.4.5                   -> 0.4.5
handle_failure	Checkout code	2025-10-09T14:16:56.5685156Z  * [new tag]             0.4.6                   -> 0.4.6
handle_failure	Checkout code	2025-10-09T14:16:56.5685554Z  * [new tag]             0.4.7                   -> 0.4.7
handle_failure	Checkout code	2025-10-09T14:16:56.5685958Z  * [new tag]             0.4.8                   -> 0.4.8
handle_failure	Checkout code	2025-10-09T14:16:56.5686362Z  * [new tag]             0.4.9                   -> 0.4.9
handle_failure	Checkout code	2025-10-09T14:16:56.5893467Z [command]/usr/bin/git branch --list --remote origin/main
handle_failure	Checkout code	2025-10-09T14:16:56.5954690Z   origin/main
handle_failure	Checkout code	2025-10-09T14:16:56.5963490Z [command]/usr/bin/git rev-parse refs/remotes/origin/main
handle_failure	Checkout code	2025-10-09T14:16:56.5986742Z 3ba94f15a3d74401f2b498d426c919f2e9bcfbc2
handle_failure	Checkout code	2025-10-09T14:16:56.5998444Z [command]/usr/bin/git -c protocol.version=2 fetch --no-tags --prune --no-recurse-submodules origin +9f65f99b267ab9ef7bd544cb5383bbdb36b65828:refs/remotes/origin/main
handle_failure	Checkout code	2025-10-09T14:16:56.6164851Z From https://github.com/Ka0s-Klaus/ka0s
handle_failure	Checkout code	2025-10-09T14:16:56.6165771Z  + 3ba94f15a...9f65f99b2 9f65f99b267ab9ef7bd544cb5383bbdb36b65828 -> origin/main  (forced update)
handle_failure	Checkout code	2025-10-09T14:16:56.6194884Z ##[endgroup]
handle_failure	Checkout code	2025-10-09T14:16:56.6195872Z ##[group]Determining the checkout info
handle_failure	Checkout code	2025-10-09T14:16:56.6196563Z ##[endgroup]
handle_failure	Checkout code	2025-10-09T14:16:56.6202520Z [command]/usr/bin/git sparse-checkout disable
handle_failure	Checkout code	2025-10-09T14:16:56.6248361Z [command]/usr/bin/git config --local --unset-all extensions.worktreeConfig
handle_failure	Checkout code	2025-10-09T14:16:56.6282869Z ##[group]Checking out the ref
handle_failure	Checkout code	2025-10-09T14:16:56.6288302Z [command]/usr/bin/git checkout --progress --force -B main refs/remotes/origin/main
handle_failure	Checkout code	2025-10-09T14:16:57.4166816Z Switched to a new branch 'main'
handle_failure	Checkout code	2025-10-09T14:16:57.4168479Z branch 'main' set up to track 'origin/main'.
handle_failure	Checkout code	2025-10-09T14:16:57.4256491Z ##[endgroup]
handle_failure	Checkout code	2025-10-09T14:16:57.4300259Z [command]/usr/bin/git log -1 --format=%H
handle_failure	Checkout code	2025-10-09T14:16:57.4327611Z 9f65f99b267ab9ef7bd544cb5383bbdb36b65828
handle_failure	handle-failure-execution	﻿2025-10-09T14:16:57.4571135Z ##[group]Run echo "Error detected in process"
handle_failure	handle-failure-execution	2025-10-09T14:16:57.4571580Z [36;1mecho "Error detected in process"[0m
handle_failure	handle-failure-execution	2025-10-09T14:16:57.4571863Z [36;1mecho "Created issue"[0m
handle_failure	handle-failure-execution	2025-10-09T14:16:57.4572852Z [36;1mgh issue create  --title "[Ka0s] Personalized Image Runners Error detected in 18378908121" --label "bug" --body "Please check the logs 'https://github.com/Ka0s-Klaus/ka0s/actions/runs/18378908121' for more information of error."[0m
handle_failure	handle-failure-execution	2025-10-09T14:16:57.4588014Z shell: /usr/bin/bash -e {0}
handle_failure	handle-failure-execution	2025-10-09T14:16:57.4588310Z env:
handle_failure	handle-failure-execution	2025-10-09T14:16:57.4589160Z   GITHUB_TOKEN: ***
handle_failure	handle-failure-execution	2025-10-09T14:16:57.4589523Z   KAOS_MODULE: [Ka0s] Personalized Image Runners
handle_failure	handle-failure-execution	2025-10-09T14:16:57.4589843Z   KAOS_CODE: 18378908121
handle_failure	handle-failure-execution	2025-10-09T14:16:57.4590079Z   KAOS_PATH_SCAN: audit/scan/
handle_failure	handle-failure-execution	2025-10-09T14:16:57.4590436Z   GH_TOKEN: ***
handle_failure	handle-failure-execution	2025-10-09T14:16:57.4590634Z ##[endgroup]
handle_failure	handle-failure-execution	2025-10-09T14:16:57.4650323Z Error detected in process
handle_failure	handle-failure-execution	2025-10-09T14:16:57.4650766Z Created issue
handle_failure	handle-failure-execution	2025-10-09T14:16:59.3656369Z https://github.com/Ka0s-Klaus/ka0s/issues/1987
handle_failure	Post Checkout code	﻿2025-10-09T14:16:59.4110904Z Post job cleanup.
handle_failure	Post Checkout code	2025-10-09T14:16:59.5145434Z [command]/usr/bin/git version
handle_failure	Post Checkout code	2025-10-09T14:16:59.5185001Z git version 2.51.0
handle_failure	Post Checkout code	2025-10-09T14:16:59.5234180Z Temporarily overriding HOME='/home/runner/_work/_temp/09bef883-0fc6-4057-8204-77f1c84062a4' before making global git config changes
handle_failure	Post Checkout code	2025-10-09T14:16:59.5235065Z Adding repository directory to the temporary git global config as a safe directory
handle_failure	Post Checkout code	2025-10-09T14:16:59.5239283Z [command]/usr/bin/git config --global --add safe.directory /home/runner/_work/ka0s/ka0s
handle_failure	Post Checkout code	2025-10-09T14:16:59.5278814Z [command]/usr/bin/git config --local --name-only --get-regexp core\.sshCommand
handle_failure	Post Checkout code	2025-10-09T14:16:59.5323274Z [command]/usr/bin/git submodule foreach --recursive sh -c "git config --local --name-only --get-regexp 'core\.sshCommand' && git config --local --unset-all 'core.sshCommand' || :"
handle_failure	Post Checkout code	2025-10-09T14:16:59.5576726Z [command]/usr/bin/git config --local --name-only --get-regexp http\.https\:\/\/github\.com\/\.extraheader
handle_failure	Post Checkout code	2025-10-09T14:16:59.5600794Z http.https://github.com/.extraheader
handle_failure	Post Checkout code	2025-10-09T14:16:59.5614231Z [command]/usr/bin/git config --local --unset-all http.https://github.com/.extraheader
handle_failure	Post Checkout code	2025-10-09T14:16:59.5648831Z [command]/usr/bin/git submodule foreach --recursive sh -c "git config --local --name-only --get-regexp 'http\.https\:\/\/github\.com\/\.extraheader' && git config --local --unset-all 'http.https://github.com/.extraheader' || :"
handle_failure	Complete job	﻿2025-10-09T14:16:59.6022900Z Cleaning up orphan processes
end-workflow	Set up job	﻿2025-10-09T14:17:05.5890733Z Current runner version: '2.328.0'
end-workflow	Set up job	2025-10-09T14:17:05.5903120Z Runner name: 'e3487c78555f'
end-workflow	Set up job	2025-10-09T14:17:05.5904334Z Runner group name: 'swarm-runners'
end-workflow	Set up job	2025-10-09T14:17:05.5905552Z Machine name: 'e3487c78555f'
end-workflow	Set up job	2025-10-09T14:17:05.5913691Z ##[group]GITHUB_TOKEN Permissions
end-workflow	Set up job	2025-10-09T14:17:05.5917152Z Actions: write
end-workflow	Set up job	2025-10-09T14:17:05.5918100Z Contents: read
end-workflow	Set up job	2025-10-09T14:17:05.5918843Z Issues: write
end-workflow	Set up job	2025-10-09T14:17:05.5919488Z Metadata: read
end-workflow	Set up job	2025-10-09T14:17:05.5920528Z ##[endgroup]
end-workflow	Set up job	2025-10-09T14:17:05.5996232Z Secret source: Actions
end-workflow	Set up job	2025-10-09T14:17:05.5997412Z Prepare workflow directory
end-workflow	Set up job	2025-10-09T14:17:05.6856763Z Prepare all required actions
end-workflow	Set up job	2025-10-09T14:17:05.6908036Z Getting action download info
end-workflow	Set up job	2025-10-09T14:17:06.3463053Z Download action repository 'actions/checkout@v4' (SHA:08eba0b27e820071cde6df949e0beb9ba4906955)
end-workflow	Set up job	2025-10-09T14:17:07.2654697Z Complete job name: end-workflow
end-workflow	Checkout code	﻿2025-10-09T14:17:07.3590981Z ##[group]Run actions/checkout@v4
end-workflow	Checkout code	2025-10-09T14:17:07.3592343Z with:
end-workflow	Checkout code	2025-10-09T14:17:07.3592993Z   fetch-depth: 0
end-workflow	Checkout code	2025-10-09T14:17:07.3593893Z   token: ***
end-workflow	Checkout code	2025-10-09T14:17:07.3594487Z   repository: Ka0s-Klaus/ka0s
end-workflow	Checkout code	2025-10-09T14:17:07.3595154Z   ssh-strict: true
end-workflow	Checkout code	2025-10-09T14:17:07.3595733Z   ssh-user: git
end-workflow	Checkout code	2025-10-09T14:17:07.3596330Z   persist-credentials: true
end-workflow	Checkout code	2025-10-09T14:17:07.3596974Z   clean: true
end-workflow	Checkout code	2025-10-09T14:17:07.3597563Z   sparse-checkout-cone-mode: true
end-workflow	Checkout code	2025-10-09T14:17:07.3598288Z   fetch-tags: false
end-workflow	Checkout code	2025-10-09T14:17:07.3598883Z   show-progress: true
end-workflow	Checkout code	2025-10-09T14:17:07.3599471Z   lfs: false
end-workflow	Checkout code	2025-10-09T14:17:07.3600485Z   submodules: false
end-workflow	Checkout code	2025-10-09T14:17:07.3601113Z   set-safe-directory: true
end-workflow	Checkout code	2025-10-09T14:17:07.3602075Z env:
end-workflow	Checkout code	2025-10-09T14:17:07.3603391Z   GITHUB_TOKEN: ***
end-workflow	Checkout code	2025-10-09T14:17:07.3604072Z   KAOS_MODULE: [Ka0s] Personalized Image Runners
end-workflow	Checkout code	2025-10-09T14:17:07.3604867Z   KAOS_CODE: 18378908121
end-workflow	Checkout code	2025-10-09T14:17:07.3633854Z   KAOS_PATH_SCAN: audit/scan/
end-workflow	Checkout code	2025-10-09T14:17:07.3635002Z   GH_TOKEN: ***
end-workflow	Checkout code	2025-10-09T14:17:07.3635835Z ##[endgroup]
end-workflow	Checkout code	2025-10-09T14:17:07.5947803Z Syncing repository: Ka0s-Klaus/ka0s
end-workflow	Checkout code	2025-10-09T14:17:07.5954374Z ##[group]Getting Git version info
end-workflow	Checkout code	2025-10-09T14:17:07.5957700Z Working directory is '/home/runner/_work/ka0s/ka0s'
end-workflow	Checkout code	2025-10-09T14:17:07.5961838Z [command]/usr/bin/git version
end-workflow	Checkout code	2025-10-09T14:17:07.5964219Z git version 2.51.0
end-workflow	Checkout code	2025-10-09T14:17:07.5978843Z ##[endgroup]
end-workflow	Checkout code	2025-10-09T14:17:07.6010355Z Copying '/home/runner/.gitconfig' to '/home/runner/_work/_temp/d975d6ec-bc63-48b3-9e56-52aad3b3072c/.gitconfig'
end-workflow	Checkout code	2025-10-09T14:17:07.6023883Z Temporarily overriding HOME='/home/runner/_work/_temp/d975d6ec-bc63-48b3-9e56-52aad3b3072c' before making global git config changes
end-workflow	Checkout code	2025-10-09T14:17:07.6028865Z Adding repository directory to the temporary git global config as a safe directory
end-workflow	Checkout code	2025-10-09T14:17:07.6041055Z [command]/usr/bin/git config --global --add safe.directory /home/runner/_work/ka0s/ka0s
end-workflow	Checkout code	2025-10-09T14:17:07.6127825Z [command]/usr/bin/git config --local --get remote.origin.url
end-workflow	Checkout code	2025-10-09T14:17:07.6197954Z https://github.com/Ka0s-Klaus/ka0s
end-workflow	Checkout code	2025-10-09T14:17:07.6226877Z ##[group]Removing previously created refs, to avoid conflicts
end-workflow	Checkout code	2025-10-09T14:17:07.6243354Z [command]/usr/bin/git rev-parse --symbolic-full-name --verify --quiet HEAD
end-workflow	Checkout code	2025-10-09T14:17:07.6275951Z refs/heads/main
end-workflow	Checkout code	2025-10-09T14:17:07.6291058Z [command]/usr/bin/git checkout --detach
end-workflow	Checkout code	2025-10-09T14:17:07.6403625Z HEAD is now at 3ba94f15a [Ka0S] Inspector uploading resume execution files to the repository...
end-workflow	Checkout code	2025-10-09T14:17:07.6475071Z [command]/usr/bin/git branch --delete --force main
end-workflow	Checkout code	2025-10-09T14:17:07.6514610Z Deleted branch main (was 3ba94f15a).
end-workflow	Checkout code	2025-10-09T14:17:07.6634319Z ##[endgroup]
end-workflow	Checkout code	2025-10-09T14:17:07.6637323Z [command]/usr/bin/git submodule status
end-workflow	Checkout code	2025-10-09T14:17:07.6962422Z ##[group]Cleaning the repository
end-workflow	Checkout code	2025-10-09T14:17:07.6968262Z [command]/usr/bin/git clean -ffdx
end-workflow	Checkout code	2025-10-09T14:17:07.7053286Z [command]/usr/bin/git reset --hard HEAD
end-workflow	Checkout code	2025-10-09T14:17:07.7161639Z HEAD is now at 3ba94f15a [Ka0S] Inspector uploading resume execution files to the repository...
end-workflow	Checkout code	2025-10-09T14:17:07.7170546Z ##[endgroup]
end-workflow	Checkout code	2025-10-09T14:17:07.7174976Z ##[group]Disabling automatic garbage collection
end-workflow	Checkout code	2025-10-09T14:17:07.7178938Z [command]/usr/bin/git config --local gc.auto 0
end-workflow	Checkout code	2025-10-09T14:17:07.7236669Z ##[endgroup]
end-workflow	Checkout code	2025-10-09T14:17:07.7238434Z ##[group]Setting up auth
end-workflow	Checkout code	2025-10-09T14:17:07.7240728Z [command]/usr/bin/git config --local --name-only --get-regexp core\.sshCommand
end-workflow	Checkout code	2025-10-09T14:17:07.7344143Z [command]/usr/bin/git submodule foreach --recursive sh -c "git config --local --name-only --get-regexp 'core\.sshCommand' && git config --local --unset-all 'core.sshCommand' || :"
end-workflow	Checkout code	2025-10-09T14:17:07.7740663Z [command]/usr/bin/git config --local --name-only --get-regexp http\.https\:\/\/github\.com\/\.extraheader
end-workflow	Checkout code	2025-10-09T14:17:07.7796788Z [command]/usr/bin/git submodule foreach --recursive sh -c "git config --local --name-only --get-regexp 'http\.https\:\/\/github\.com\/\.extraheader' && git config --local --unset-all 'http.https://github.com/.extraheader' || :"
end-workflow	Checkout code	2025-10-09T14:17:07.8183122Z [command]/usr/bin/git config --local http.https://github.com/.extraheader AUTHORIZATION: basic ***
end-workflow	Checkout code	2025-10-09T14:17:07.8257488Z ##[endgroup]
end-workflow	Checkout code	2025-10-09T14:17:07.8264628Z ##[group]Fetching the repository
end-workflow	Checkout code	2025-10-09T14:17:07.8275676Z [command]/usr/bin/git -c protocol.version=2 fetch --prune --no-recurse-submodules origin +refs/heads/*:refs/remotes/origin/* +refs/tags/*:refs/tags/*
end-workflow	Checkout code	2025-10-09T14:17:08.4345004Z [command]/usr/bin/git branch --list --remote origin/main
end-workflow	Checkout code	2025-10-09T14:17:08.4437076Z   origin/main
end-workflow	Checkout code	2025-10-09T14:17:08.4451119Z [command]/usr/bin/git rev-parse refs/remotes/origin/main
end-workflow	Checkout code	2025-10-09T14:17:08.4488973Z 3ba94f15a3d74401f2b498d426c919f2e9bcfbc2
end-workflow	Checkout code	2025-10-09T14:17:08.4503072Z [command]/usr/bin/git -c protocol.version=2 fetch --no-tags --prune --no-recurse-submodules origin +9f65f99b267ab9ef7bd544cb5383bbdb36b65828:refs/remotes/origin/main
end-workflow	Checkout code	2025-10-09T14:17:08.4710651Z From https://github.com/Ka0s-Klaus/ka0s
end-workflow	Checkout code	2025-10-09T14:17:08.4714489Z  + 3ba94f15a...9f65f99b2 9f65f99b267ab9ef7bd544cb5383bbdb36b65828 -> origin/main  (forced update)
end-workflow	Checkout code	2025-10-09T14:17:08.4746309Z ##[endgroup]
end-workflow	Checkout code	2025-10-09T14:17:08.4749166Z ##[group]Determining the checkout info
end-workflow	Checkout code	2025-10-09T14:17:08.4751100Z ##[endgroup]
end-workflow	Checkout code	2025-10-09T14:17:08.4753168Z [command]/usr/bin/git sparse-checkout disable
end-workflow	Checkout code	2025-10-09T14:17:08.4816485Z [command]/usr/bin/git config --local --unset-all extensions.worktreeConfig
end-workflow	Checkout code	2025-10-09T14:17:08.4857801Z ##[group]Checking out the ref
end-workflow	Checkout code	2025-10-09T14:17:08.4860766Z [command]/usr/bin/git checkout --progress --force -B main refs/remotes/origin/main
end-workflow	Checkout code	2025-10-09T14:17:08.5057866Z Warning: you are leaving 14 commits behind, not connected to
end-workflow	Checkout code	2025-10-09T14:17:08.5061409Z any of your branches:
end-workflow	Checkout code	2025-10-09T14:17:08.5063210Z 
end-workflow	Checkout code	2025-10-09T14:17:08.5065334Z   3ba94f15a [Ka0S] Inspector uploading resume execution files to the repository...
end-workflow	Checkout code	2025-10-09T14:17:08.5071116Z   8f539bfe0 [Ka0S] Inspector uploading resume execution files to the repository...
end-workflow	Checkout code	2025-10-09T14:17:08.5075636Z   b9ca6fce2 [Ka0s] Add scan image from 18379223468
end-workflow	Checkout code	2025-10-09T14:17:08.5080999Z   7d4f1afcd [Ka0S] Inspector uploading resume execution files to the repository...
end-workflow	Checkout code	2025-10-09T14:17:08.5085993Z  ... and 10 more.
end-workflow	Checkout code	2025-10-09T14:17:08.5086428Z 
end-workflow	Checkout code	2025-10-09T14:17:08.5087041Z If you want to keep them by creating a new branch, this may be a good time
end-workflow	Checkout code	2025-10-09T14:17:08.5088226Z to do so with:
end-workflow	Checkout code	2025-10-09T14:17:08.5088626Z 
end-workflow	Checkout code	2025-10-09T14:17:08.5088992Z  git branch <new-branch-name> 3ba94f15a
end-workflow	Checkout code	2025-10-09T14:17:08.5090022Z 
end-workflow	Checkout code	2025-10-09T14:17:08.5090993Z Switched to a new branch 'main'
end-workflow	Checkout code	2025-10-09T14:17:08.5092357Z branch 'main' set up to track 'origin/main'.
end-workflow	Checkout code	2025-10-09T14:17:08.5094740Z ##[endgroup]
end-workflow	Checkout code	2025-10-09T14:17:08.5145391Z [command]/usr/bin/git log -1 --format=%H
end-workflow	Checkout code	2025-10-09T14:17:08.5180418Z 9f65f99b267ab9ef7bd544cb5383bbdb36b65828
end-workflow	Finaliza el workflow	﻿2025-10-09T14:17:08.5649451Z ##[group]Run echo "End process"
end-workflow	Finaliza el workflow	2025-10-09T14:17:08.5652690Z [36;1mecho "End process"[0m
end-workflow	Finaliza el workflow	2025-10-09T14:17:08.5656292Z [36;1m# RNNUMBER=$(echo "refs/heads/main" | grep -o '[0-9]*')[0m
end-workflow	Finaliza el workflow	2025-10-09T14:17:08.5660117Z [36;1m# gh issue comment $RNNUMBER --body "Se finaliza Ka0s 18378908121"[0m
end-workflow	Finaliza el workflow	2025-10-09T14:17:08.5661978Z [36;1mecho "Se finaliza Ka0s 18378908121"[0m
end-workflow	Finaliza el workflow	2025-10-09T14:17:08.5663305Z [36;1mgh workflow run inspector.yml --ref 'main' -f kaos-workflow-id="18378908121"[0m
end-workflow	Finaliza el workflow	2025-10-09T14:17:08.5684458Z shell: /usr/bin/bash -e {0}
end-workflow	Finaliza el workflow	2025-10-09T14:17:08.5685363Z env:
end-workflow	Finaliza el workflow	2025-10-09T14:17:08.5687462Z   GITHUB_TOKEN: ***
end-workflow	Finaliza el workflow	2025-10-09T14:17:08.5690536Z   KAOS_MODULE: [Ka0s] Personalized Image Runners
end-workflow	Finaliza el workflow	2025-10-09T14:17:08.5694075Z   KAOS_CODE: 18378908121
end-workflow	Finaliza el workflow	2025-10-09T14:17:08.5696937Z   KAOS_PATH_SCAN: audit/scan/
end-workflow	Finaliza el workflow	2025-10-09T14:17:08.5700221Z   GH_TOKEN: ***
end-workflow	Finaliza el workflow	2025-10-09T14:17:08.5700868Z ##[endgroup]
end-workflow	Finaliza el workflow	2025-10-09T14:17:08.5792597Z End process
end-workflow	Finaliza el workflow	2025-10-09T14:17:08.5793365Z Se finaliza Ka0s 18378908121
end-workflow	Post Checkout code	﻿2025-10-09T14:17:09.3963370Z Post job cleanup.
end-workflow	Post Checkout code	2025-10-09T14:17:09.5312741Z [command]/usr/bin/git version
end-workflow	Post Checkout code	2025-10-09T14:17:09.5359886Z git version 2.51.0
end-workflow	Post Checkout code	2025-10-09T14:17:09.5425472Z Copying '/home/runner/.gitconfig' to '/home/runner/_work/_temp/1b86dfc3-fa14-4da4-b723-040af1477a23/.gitconfig'
end-workflow	Post Checkout code	2025-10-09T14:17:09.5442258Z Temporarily overriding HOME='/home/runner/_work/_temp/1b86dfc3-fa14-4da4-b723-040af1477a23' before making global git config changes
end-workflow	Post Checkout code	2025-10-09T14:17:09.5449888Z Adding repository directory to the temporary git global config as a safe directory
end-workflow	Post Checkout code	2025-10-09T14:17:09.5453178Z [command]/usr/bin/git config --global --add safe.directory /home/runner/_work/ka0s/ka0s
end-workflow	Post Checkout code	2025-10-09T14:17:09.5501555Z [command]/usr/bin/git config --local --name-only --get-regexp core\.sshCommand
end-workflow	Post Checkout code	2025-10-09T14:17:09.5571521Z [command]/usr/bin/git submodule foreach --recursive sh -c "git config --local --name-only --get-regexp 'core\.sshCommand' && git config --local --unset-all 'core.sshCommand' || :"
end-workflow	Post Checkout code	2025-10-09T14:17:09.5916149Z [command]/usr/bin/git config --local --name-only --get-regexp http\.https\:\/\/github\.com\/\.extraheader
end-workflow	Post Checkout code	2025-10-09T14:17:09.5946251Z http.https://github.com/.extraheader
end-workflow	Post Checkout code	2025-10-09T14:17:09.5964875Z [command]/usr/bin/git config --local --unset-all http.https://github.com/.extraheader
end-workflow	Post Checkout code	2025-10-09T14:17:09.6016465Z [command]/usr/bin/git submodule foreach --recursive sh -c "git config --local --name-only --get-regexp 'http\.https\:\/\/github\.com\/\.extraheader' && git config --local --unset-all 'http.https://github.com/.extraheader' || :"
end-workflow	Complete job	﻿2025-10-09T14:17:09.6537743Z Cleaning up orphan processes
