job-core	Set up job	Ôªø2025-10-10T14:16:04.1161930Z Current runner version: '2.328.0'
job-core	Set up job	2025-10-10T14:16:04.1175187Z Runner name: '1badebc748d0'
job-core	Set up job	2025-10-10T14:16:04.1176185Z Runner group name: 'swarm-runners'
job-core	Set up job	2025-10-10T14:16:04.1177344Z Machine name: '1badebc748d0'
job-core	Set up job	2025-10-10T14:16:04.1180987Z ##[group]GITHUB_TOKEN Permissions
job-core	Set up job	2025-10-10T14:16:04.1183803Z Actions: write
job-core	Set up job	2025-10-10T14:16:04.1184499Z Contents: read
job-core	Set up job	2025-10-10T14:16:04.1185072Z Issues: write
job-core	Set up job	2025-10-10T14:16:04.1185673Z Metadata: read
job-core	Set up job	2025-10-10T14:16:04.1186292Z ##[endgroup]
job-core	Set up job	2025-10-10T14:16:04.1188811Z Secret source: Actions
job-core	Set up job	2025-10-10T14:16:04.1189837Z Prepare workflow directory
job-core	Set up job	2025-10-10T14:16:04.1771652Z Prepare all required actions
job-core	Set up job	2025-10-10T14:16:04.1812564Z Getting action download info
job-core	Set up job	2025-10-10T14:16:04.8670805Z Download action repository 'actions/checkout@v4' (SHA:08eba0b27e820071cde6df949e0beb9ba4906955)
job-core	Set up job	2025-10-10T14:16:05.6283531Z Download action repository 'docker/login-action@v3' (SHA:5e57cd118135c172c3672efd75eb46360885c0ef)
job-core	Set up job	2025-10-10T14:16:07.0885637Z Complete job name: job-core
job-core	Checkout code	Ôªø2025-10-10T14:16:07.2301416Z ##[group]Run actions/checkout@v4
job-core	Checkout code	2025-10-10T14:16:07.2303060Z with:
job-core	Checkout code	2025-10-10T14:16:07.2303993Z   fetch-depth: 0
job-core	Checkout code	2025-10-10T14:16:07.2305408Z   token: ***
job-core	Checkout code	2025-10-10T14:16:07.2306236Z   repository: Ka0s-Klaus/ka0s
job-core	Checkout code	2025-10-10T14:16:07.2307223Z   ssh-strict: true
job-core	Checkout code	2025-10-10T14:16:07.2308035Z   ssh-user: git
job-core	Checkout code	2025-10-10T14:16:07.2308886Z   persist-credentials: true
job-core	Checkout code	2025-10-10T14:16:07.2309832Z   clean: true
job-core	Checkout code	2025-10-10T14:16:07.2310695Z   sparse-checkout-cone-mode: true
job-core	Checkout code	2025-10-10T14:16:07.2311783Z   fetch-tags: false
job-core	Checkout code	2025-10-10T14:16:07.2312685Z   show-progress: true
job-core	Checkout code	2025-10-10T14:16:07.2356922Z   lfs: false
job-core	Checkout code	2025-10-10T14:16:07.2358064Z   submodules: false
job-core	Checkout code	2025-10-10T14:16:07.2359044Z   set-safe-directory: true
job-core	Checkout code	2025-10-10T14:16:07.2360738Z env:
job-core	Checkout code	2025-10-10T14:16:07.2362874Z   GITHUB_TOKEN: ***
job-core	Checkout code	2025-10-10T14:16:07.2364036Z   KAOS_MODULE: [Ka0s] Personalized Image Runners
job-core	Checkout code	2025-10-10T14:16:07.2365227Z   KAOS_CODE: 18409159294
job-core	Checkout code	2025-10-10T14:16:07.2366159Z   KAOS_PATH_SCAN: audit/scan/
job-core	Checkout code	2025-10-10T14:16:07.2367189Z ##[endgroup]
job-core	Checkout code	2025-10-10T14:16:07.4432329Z Syncing repository: Ka0s-Klaus/ka0s
job-core	Checkout code	2025-10-10T14:16:07.4457420Z ##[group]Getting Git version info
job-core	Checkout code	2025-10-10T14:16:07.4458808Z Working directory is '/home/runner/_work/ka0s/ka0s'
job-core	Checkout code	2025-10-10T14:16:07.4460646Z [command]/usr/bin/git version
job-core	Checkout code	2025-10-10T14:16:07.4461824Z git version 2.51.0
job-core	Checkout code	2025-10-10T14:16:07.4478076Z ##[endgroup]
job-core	Checkout code	2025-10-10T14:16:07.4486558Z Temporarily overriding HOME='/home/runner/_work/_temp/9f2f2b31-0c2e-4dfb-b6f9-7f04d0c62357' before making global git config changes
job-core	Checkout code	2025-10-10T14:16:07.4489473Z Adding repository directory to the temporary git global config as a safe directory
job-core	Checkout code	2025-10-10T14:16:07.4491717Z [command]/usr/bin/git config --global --add safe.directory /home/runner/_work/ka0s/ka0s
job-core	Checkout code	2025-10-10T14:16:07.4510483Z Deleting the contents of '/home/runner/_work/ka0s/ka0s'
job-core	Checkout code	2025-10-10T14:16:07.4512653Z ##[group]Initializing the repository
job-core	Checkout code	2025-10-10T14:16:07.4514126Z [command]/usr/bin/git init /home/runner/_work/ka0s/ka0s
job-core	Checkout code	2025-10-10T14:16:07.4515945Z hint: Using 'master' as the name for the initial branch. This default branch name
job-core	Checkout code	2025-10-10T14:16:07.4523763Z hint: is subject to change. To configure the initial branch name to use in all
job-core	Checkout code	2025-10-10T14:16:07.4525744Z hint: of your new repositories, which will suppress this warning, call:
job-core	Checkout code	2025-10-10T14:16:07.4527167Z hint:
job-core	Checkout code	2025-10-10T14:16:07.4528166Z hint: 	git config --global init.defaultBranch <name>
job-core	Checkout code	2025-10-10T14:16:07.4531468Z hint:
job-core	Checkout code	2025-10-10T14:16:07.4532792Z hint: Names commonly chosen instead of 'master' are 'main', 'trunk' and
job-core	Checkout code	2025-10-10T14:16:07.4548328Z hint: 'development'. The just-created branch can be renamed via this command:
job-core	Checkout code	2025-10-10T14:16:07.4549960Z hint:
job-core	Checkout code	2025-10-10T14:16:07.4550759Z hint: 	git branch -m <name>
job-core	Checkout code	2025-10-10T14:16:07.4551681Z hint:
job-core	Checkout code	2025-10-10T14:16:07.4552898Z hint: Disable this message with "git config set advice.defaultBranchName false"
job-core	Checkout code	2025-10-10T14:16:07.4558883Z Initialized empty Git repository in /home/runner/_work/ka0s/ka0s/.git/
job-core	Checkout code	2025-10-10T14:16:07.4566845Z [command]/usr/bin/git remote add origin https://github.com/Ka0s-Klaus/ka0s
job-core	Checkout code	2025-10-10T14:16:07.4570018Z ##[endgroup]
job-core	Checkout code	2025-10-10T14:16:07.4589208Z ##[group]Disabling automatic garbage collection
job-core	Checkout code	2025-10-10T14:16:07.4590619Z [command]/usr/bin/git config --local gc.auto 0
job-core	Checkout code	2025-10-10T14:16:07.4613660Z ##[endgroup]
job-core	Checkout code	2025-10-10T14:16:07.4624731Z ##[group]Setting up auth
job-core	Checkout code	2025-10-10T14:16:07.4630195Z [command]/usr/bin/git config --local --name-only --get-regexp core\.sshCommand
job-core	Checkout code	2025-10-10T14:16:07.4636034Z [command]/usr/bin/git submodule foreach --recursive sh -c "git config --local --name-only --get-regexp 'core\.sshCommand' && git config --local --unset-all 'core.sshCommand' || :"
job-core	Checkout code	2025-10-10T14:16:07.4919386Z [command]/usr/bin/git config --local --name-only --get-regexp http\.https\:\/\/github\.com\/\.extraheader
job-core	Checkout code	2025-10-10T14:16:07.4965158Z [command]/usr/bin/git submodule foreach --recursive sh -c "git config --local --name-only --get-regexp 'http\.https\:\/\/github\.com\/\.extraheader' && git config --local --unset-all 'http.https://github.com/.extraheader' || :"
job-core	Checkout code	2025-10-10T14:16:07.5304160Z [command]/usr/bin/git config --local http.https://github.com/.extraheader AUTHORIZATION: basic ***
job-core	Checkout code	2025-10-10T14:16:07.5363938Z ##[endgroup]
job-core	Checkout code	2025-10-10T14:16:07.5374342Z ##[group]Fetching the repository
job-core	Checkout code	2025-10-10T14:16:07.5388386Z [command]/usr/bin/git -c protocol.version=2 fetch --prune --no-recurse-submodules origin +refs/heads/*:refs/remotes/origin/* +refs/tags/*:refs/tags/*
job-core	Checkout code	2025-10-10T14:16:26.4030502Z From https://github.com/Ka0s-Klaus/ka0s
job-core	Checkout code	2025-10-10T14:16:26.4034063Z  * [new branch]          F1149-desarrollo-de-orchestrator -> origin/F1149-desarrollo-de-orchestrator
job-core	Checkout code	2025-10-10T14:16:26.4048617Z  * [new branch]          F1183-personalizaci√≥n-m√≥dulo-finops -> origin/F1183-personalizaci√≥n-m√≥dulo-finops
job-core	Checkout code	2025-10-10T14:16:26.4079866Z  * [new branch]          F1224-new-module-mongodb -> origin/F1224-new-module-mongodb
job-core	Checkout code	2025-10-10T14:16:26.4080959Z  * [new branch]          F220-web-de-resultados  -> origin/F220-web-de-resultados
job-core	Checkout code	2025-10-10T14:16:26.4082034Z  * [new branch]          F227-despliegue-de-kube-independiente-del-clouder -> origin/F227-despliegue-de-kube-independiente-del-clouder
job-core	Checkout code	2025-10-10T14:16:26.4083251Z  * [new branch]          F329-documentacion-metodologia-de-kaos -> origin/F329-documentacion-metodologia-de-kaos
job-core	Checkout code	2025-10-10T14:16:26.4106050Z  * [new branch]          F44-creaci√≥n-m√≥dulo-versionado -> origin/F44-creaci√≥n-m√≥dulo-versionado
job-core	Checkout code	2025-10-10T14:16:26.4107170Z  * [new branch]          H1128-m√≥dulo-de-observabilidad -> origin/H1128-m√≥dulo-de-observabilidad
job-core	Checkout code	2025-10-10T14:16:26.4108114Z  * [new branch]          H1139-como-instalar-arc-control -> origin/H1139-como-instalar-arc-control
job-core	Checkout code	2025-10-10T14:16:26.4109071Z  * [new branch]          H1149-desarrollo-de-orchestrator -> origin/H1149-desarrollo-de-orchestrator
job-core	Checkout code	2025-10-10T14:16:26.4109955Z  * [new branch]          H1150-desarrollo-de-secciones -> origin/H1150-desarrollo-de-secciones
job-core	Checkout code	2025-10-10T14:16:26.4110856Z  * [new branch]          H1151-desarrollo-de-secciones-ii -> origin/H1151-desarrollo-de-secciones-ii
job-core	Checkout code	2025-10-10T14:16:26.4111742Z  * [new branch]          H1152-desarrollo-inicio -> origin/H1152-desarrollo-inicio
job-core	Checkout code	2025-10-10T14:16:26.4112666Z  * [new branch]          H1183-personalizaci√≥n-m√≥dulo-finops -> origin/H1183-personalizaci√≥n-m√≥dulo-finops
job-core	Checkout code	2025-10-10T14:16:26.4113991Z  * [new branch]          H1193-ejemplo-web-documentacion -> origin/H1193-ejemplo-web-documentacion
job-core	Checkout code	2025-10-10T14:16:26.4114912Z  * [new branch]          H1205-web-creation      -> origin/H1205-web-creation
job-core	Checkout code	2025-10-10T14:16:26.4115699Z  * [new branch]          H1224-new-module-mongodb -> origin/H1224-new-module-mongodb
job-core	Checkout code	2025-10-10T14:16:26.4116426Z  * [new branch]          H1410-modulo-execution  -> origin/H1410-modulo-execution
job-core	Checkout code	2025-10-10T14:16:26.4117520Z  * [new branch]          H1514-new-swarm-deployment-stack-with-actions-runners-autoscale -> origin/H1514-new-swarm-deployment-stack-with-actions-runners-autoscale
job-core	Checkout code	2025-10-10T14:16:26.4119020Z  * [new branch]          H1968-modulo-personalizaci√≥n-del-portal-de-kaos-core -> origin/H1968-modulo-personalizaci√≥n-del-portal-de-kaos-core
job-core	Checkout code	2025-10-10T14:16:26.4120439Z  * [new branch]          H215-modulo-de-summary  -> origin/H215-modulo-de-summary
job-core	Checkout code	2025-10-10T14:16:26.4121130Z  * [new branch]          H220-web-de-resultados  -> origin/H220-web-de-resultados
job-core	Checkout code	2025-10-10T14:16:26.4122054Z  * [new branch]          H227-despliegue-de-kube-independiente-del-clouder -> origin/H227-despliegue-de-kube-independiente-del-clouder
job-core	Checkout code	2025-10-10T14:16:26.4123019Z  * [new branch]          H306-ficheros-de-estadisticas -> origin/H306-ficheros-de-estadisticas
job-core	Checkout code	2025-10-10T14:16:26.4353932Z  * [new branch]          H328-documentacion-modulo-principal-de-kaos -> origin/H328-documentacion-modulo-principal-de-kaos
job-core	Checkout code	2025-10-10T14:16:26.4370572Z  * [new branch]          H329-documentacion-metodologia-de-kaos -> origin/H329-documentacion-metodologia-de-kaos
job-core	Checkout code	2025-10-10T14:16:26.4371952Z  * [new branch]          H338-relanzador-de-jobs-en-caso-de-pattern -> origin/H338-relanzador-de-jobs-en-caso-de-pattern
job-core	Checkout code	2025-10-10T14:16:26.4373869Z  * [new branch]          H38-documentacion-basica-del-proyecto -> origin/H38-documentacion-basica-del-proyecto
job-core	Checkout code	2025-10-10T14:16:26.4375225Z  * [new branch]          H44-creaci√≥n-m√≥dulo-versionado -> origin/H44-creaci√≥n-m√≥dulo-versionado
job-core	Checkout code	2025-10-10T14:16:26.4376174Z  * [new branch]          RN1149-desarrollo-de-orchestrator -> origin/RN1149-desarrollo-de-orchestrator
job-core	Checkout code	2025-10-10T14:16:26.4377162Z  * [new branch]          RN1183-personalizaci√≥n-m√≥dulo-finops -> origin/RN1183-personalizaci√≥n-m√≥dulo-finops
job-core	Checkout code	2025-10-10T14:16:26.4378337Z  * [new branch]          RN1282-ka0s-error-detected-in-ka0s-workflow-statistics-summary -> origin/RN1282-ka0s-error-detected-in-ka0s-workflow-statistics-summary
job-core	Checkout code	2025-10-10T14:16:26.4381300Z  * [new branch]          RN220-web-de-resultados -> origin/RN220-web-de-resultados
job-core	Checkout code	2025-10-10T14:16:26.4382143Z  * [new branch]          RN227-despliegue-de-kube-independiente-del-clouder -> origin/RN227-despliegue-de-kube-independiente-del-clouder
job-core	Checkout code	2025-10-10T14:16:26.4383122Z  * [new branch]          RN329-documentacion-metodologia-de-kaos -> origin/RN329-documentacion-metodologia-de-kaos
job-core	Checkout code	2025-10-10T14:16:26.4383998Z  * [new branch]          main                    -> origin/main
job-core	Checkout code	2025-10-10T14:16:26.4384422Z  * [new tag]             0.0.0                   -> 0.0.0
job-core	Checkout code	2025-10-10T14:16:26.4384819Z  * [new tag]             0.0.1                   -> 0.0.1
job-core	Checkout code	2025-10-10T14:16:26.4385216Z  * [new tag]             0.0.10                  -> 0.0.10
job-core	Checkout code	2025-10-10T14:16:26.4385611Z  * [new tag]             0.0.100                 -> 0.0.100
job-core	Checkout code	2025-10-10T14:16:26.4386007Z  * [new tag]             0.0.101                 -> 0.0.101
job-core	Checkout code	2025-10-10T14:16:26.4386400Z  * [new tag]             0.0.102                 -> 0.0.102
job-core	Checkout code	2025-10-10T14:16:26.4386795Z  * [new tag]             0.0.103                 -> 0.0.103
job-core	Checkout code	2025-10-10T14:16:26.4387185Z  * [new tag]             0.0.104                 -> 0.0.104
job-core	Checkout code	2025-10-10T14:16:26.4387579Z  * [new tag]             0.0.105                 -> 0.0.105
job-core	Checkout code	2025-10-10T14:16:26.4387988Z  * [new tag]             0.0.106                 -> 0.0.106
job-core	Checkout code	2025-10-10T14:16:26.4388383Z  * [new tag]             0.0.107                 -> 0.0.107
job-core	Checkout code	2025-10-10T14:16:26.4388780Z  * [new tag]             0.0.108                 -> 0.0.108
job-core	Checkout code	2025-10-10T14:16:26.4389172Z  * [new tag]             0.0.109                 -> 0.0.109
job-core	Checkout code	2025-10-10T14:16:26.4389566Z  * [new tag]             0.0.11                  -> 0.0.11
job-core	Checkout code	2025-10-10T14:16:26.4389963Z  * [new tag]             0.0.110                 -> 0.0.110
job-core	Checkout code	2025-10-10T14:16:26.4390367Z  * [new tag]             0.0.111                 -> 0.0.111
job-core	Checkout code	2025-10-10T14:16:26.4390771Z  * [new tag]             0.0.112                 -> 0.0.112
job-core	Checkout code	2025-10-10T14:16:26.4391176Z  * [new tag]             0.0.113                 -> 0.0.113
job-core	Checkout code	2025-10-10T14:16:26.4391581Z  * [new tag]             0.0.114                 -> 0.0.114
job-core	Checkout code	2025-10-10T14:16:26.4391991Z  * [new tag]             0.0.115                 -> 0.0.115
job-core	Checkout code	2025-10-10T14:16:26.4392591Z  * [new tag]             0.0.116                 -> 0.0.116
job-core	Checkout code	2025-10-10T14:16:26.4393003Z  * [new tag]             0.0.117                 -> 0.0.117
job-core	Checkout code	2025-10-10T14:16:26.4393453Z  * [new tag]             0.0.118                 -> 0.0.118
job-core	Checkout code	2025-10-10T14:16:26.4393861Z  * [new tag]             0.0.119                 -> 0.0.119
job-core	Checkout code	2025-10-10T14:16:26.4394266Z  * [new tag]             0.0.12                  -> 0.0.12
job-core	Checkout code	2025-10-10T14:16:26.4394670Z  * [new tag]             0.0.120                 -> 0.0.120
job-core	Checkout code	2025-10-10T14:16:26.4395075Z  * [new tag]             0.0.121                 -> 0.0.121
job-core	Checkout code	2025-10-10T14:16:26.4395480Z  * [new tag]             0.0.122                 -> 0.0.122
job-core	Checkout code	2025-10-10T14:16:26.4395901Z  * [new tag]             0.0.123                 -> 0.0.123
job-core	Checkout code	2025-10-10T14:16:26.4396368Z  * [new tag]             0.0.124                 -> 0.0.124
job-core	Checkout code	2025-10-10T14:16:26.4396777Z  * [new tag]             0.0.125                 -> 0.0.125
job-core	Checkout code	2025-10-10T14:16:26.4397183Z  * [new tag]             0.0.126                 -> 0.0.126
job-core	Checkout code	2025-10-10T14:16:26.4397730Z  * [new tag]             0.0.127                 -> 0.0.127
job-core	Checkout code	2025-10-10T14:16:26.4398137Z  * [new tag]             0.0.128                 -> 0.0.128
job-core	Checkout code	2025-10-10T14:16:26.4398543Z  * [new tag]             0.0.129                 -> 0.0.129
job-core	Checkout code	2025-10-10T14:16:26.4398961Z  * [new tag]             0.0.13                  -> 0.0.13
job-core	Checkout code	2025-10-10T14:16:26.4399380Z  * [new tag]             0.0.130                 -> 0.0.130
job-core	Checkout code	2025-10-10T14:16:26.4399786Z  * [new tag]             0.0.131                 -> 0.0.131
job-core	Checkout code	2025-10-10T14:16:26.4400194Z  * [new tag]             0.0.132                 -> 0.0.132
job-core	Checkout code	2025-10-10T14:16:26.4400599Z  * [new tag]             0.0.133                 -> 0.0.133
job-core	Checkout code	2025-10-10T14:16:26.4401001Z  * [new tag]             0.0.134                 -> 0.0.134
job-core	Checkout code	2025-10-10T14:16:26.4401408Z  * [new tag]             0.0.135                 -> 0.0.135
job-core	Checkout code	2025-10-10T14:16:26.4401812Z  * [new tag]             0.0.136                 -> 0.0.136
job-core	Checkout code	2025-10-10T14:16:26.4402239Z  * [new tag]             0.0.137                 -> 0.0.137
job-core	Checkout code	2025-10-10T14:16:26.4402649Z  * [new tag]             0.0.138                 -> 0.0.138
job-core	Checkout code	2025-10-10T14:16:26.4403051Z  * [new tag]             0.0.139                 -> 0.0.139
job-core	Checkout code	2025-10-10T14:16:26.4423735Z  * [new tag]             0.0.14                  -> 0.0.14
job-core	Checkout code	2025-10-10T14:16:26.4424221Z  * [new tag]             0.0.140                 -> 0.0.140
job-core	Checkout code	2025-10-10T14:16:26.4424643Z  * [new tag]             0.0.141                 -> 0.0.141
job-core	Checkout code	2025-10-10T14:16:26.4425065Z  * [new tag]             0.0.142                 -> 0.0.142
job-core	Checkout code	2025-10-10T14:16:26.4425473Z  * [new tag]             0.0.143                 -> 0.0.143
job-core	Checkout code	2025-10-10T14:16:26.4425878Z  * [new tag]             0.0.144                 -> 0.0.144
job-core	Checkout code	2025-10-10T14:16:26.4426284Z  * [new tag]             0.0.145                 -> 0.0.145
job-core	Checkout code	2025-10-10T14:16:26.4426688Z  * [new tag]             0.0.146                 -> 0.0.146
job-core	Checkout code	2025-10-10T14:16:26.4427096Z  * [new tag]             0.0.147                 -> 0.0.147
job-core	Checkout code	2025-10-10T14:16:26.4427544Z  * [new tag]             0.0.148                 -> 0.0.148
job-core	Checkout code	2025-10-10T14:16:26.4427949Z  * [new tag]             0.0.149                 -> 0.0.149
job-core	Checkout code	2025-10-10T14:16:26.4428357Z  * [new tag]             0.0.15                  -> 0.0.15
job-core	Checkout code	2025-10-10T14:16:26.4428765Z  * [new tag]             0.0.150                 -> 0.0.150
job-core	Checkout code	2025-10-10T14:16:26.4429173Z  * [new tag]             0.0.151                 -> 0.0.151
job-core	Checkout code	2025-10-10T14:16:26.4429582Z  * [new tag]             0.0.152                 -> 0.0.152
job-core	Checkout code	2025-10-10T14:16:26.4429990Z  * [new tag]             0.0.153                 -> 0.0.153
job-core	Checkout code	2025-10-10T14:16:26.4430397Z  * [new tag]             0.0.154                 -> 0.0.154
job-core	Checkout code	2025-10-10T14:16:26.4430809Z  * [new tag]             0.0.155                 -> 0.0.155
job-core	Checkout code	2025-10-10T14:16:26.4431220Z  * [new tag]             0.0.156                 -> 0.0.156
job-core	Checkout code	2025-10-10T14:16:26.4431626Z  * [new tag]             0.0.157                 -> 0.0.157
job-core	Checkout code	2025-10-10T14:16:26.4432227Z  * [new tag]             0.0.158                 -> 0.0.158
job-core	Checkout code	2025-10-10T14:16:26.4432647Z  * [new tag]             0.0.159                 -> 0.0.159
job-core	Checkout code	2025-10-10T14:16:26.4433053Z  * [new tag]             0.0.16                  -> 0.0.16
job-core	Checkout code	2025-10-10T14:16:26.4453682Z  * [new tag]             0.0.160                 -> 0.0.160
job-core	Checkout code	2025-10-10T14:16:26.4454135Z  * [new tag]             0.0.161                 -> 0.0.161
job-core	Checkout code	2025-10-10T14:16:26.4454550Z  * [new tag]             0.0.162                 -> 0.0.162
job-core	Checkout code	2025-10-10T14:16:26.4454953Z  * [new tag]             0.0.163                 -> 0.0.163
job-core	Checkout code	2025-10-10T14:16:26.4455362Z  * [new tag]             0.0.164                 -> 0.0.164
job-core	Checkout code	2025-10-10T14:16:26.4455772Z  * [new tag]             0.0.165                 -> 0.0.165
job-core	Checkout code	2025-10-10T14:16:26.4456176Z  * [new tag]             0.0.166                 -> 0.0.166
job-core	Checkout code	2025-10-10T14:16:26.4456578Z  * [new tag]             0.0.167                 -> 0.0.167
job-core	Checkout code	2025-10-10T14:16:26.4456985Z  * [new tag]             0.0.168                 -> 0.0.168
job-core	Checkout code	2025-10-10T14:16:26.4457568Z  * [new tag]             0.0.169                 -> 0.0.169
job-core	Checkout code	2025-10-10T14:16:26.4457983Z  * [new tag]             0.0.17                  -> 0.0.17
job-core	Checkout code	2025-10-10T14:16:26.4458390Z  * [new tag]             0.0.170                 -> 0.0.170
job-core	Checkout code	2025-10-10T14:16:26.4458798Z  * [new tag]             0.0.171                 -> 0.0.171
job-core	Checkout code	2025-10-10T14:16:26.4459217Z  * [new tag]             0.0.172                 -> 0.0.172
job-core	Checkout code	2025-10-10T14:16:26.4459638Z  * [new tag]             0.0.173                 -> 0.0.173
job-core	Checkout code	2025-10-10T14:16:26.4460084Z  * [new tag]             0.0.174                 -> 0.0.174
job-core	Checkout code	2025-10-10T14:16:26.4460504Z  * [new tag]             0.0.175                 -> 0.0.175
job-core	Checkout code	2025-10-10T14:16:26.4460907Z  * [new tag]             0.0.176                 -> 0.0.176
job-core	Checkout code	2025-10-10T14:16:26.4461312Z  * [new tag]             0.0.177                 -> 0.0.177
job-core	Checkout code	2025-10-10T14:16:26.4461713Z  * [new tag]             0.0.178                 -> 0.0.178
job-core	Checkout code	2025-10-10T14:16:26.4462120Z  * [new tag]             0.0.179                 -> 0.0.179
job-core	Checkout code	2025-10-10T14:16:26.4462533Z  * [new tag]             0.0.18                  -> 0.0.18
job-core	Checkout code	2025-10-10T14:16:26.4462936Z  * [new tag]             0.0.19                  -> 0.0.19
job-core	Checkout code	2025-10-10T14:16:26.4463529Z  * [new tag]             0.0.2                   -> 0.0.2
job-core	Checkout code	2025-10-10T14:16:26.4463971Z  * [new tag]             0.0.20                  -> 0.0.20
job-core	Checkout code	2025-10-10T14:16:26.4464397Z  * [new tag]             0.0.21                  -> 0.0.21
job-core	Checkout code	2025-10-10T14:16:26.4464793Z  * [new tag]             0.0.22                  -> 0.0.22
job-core	Checkout code	2025-10-10T14:16:26.4465188Z  * [new tag]             0.0.23                  -> 0.0.23
job-core	Checkout code	2025-10-10T14:16:26.4465587Z  * [new tag]             0.0.24                  -> 0.0.24
job-core	Checkout code	2025-10-10T14:16:26.4465987Z  * [new tag]             0.0.25                  -> 0.0.25
job-core	Checkout code	2025-10-10T14:16:26.4466390Z  * [new tag]             0.0.26                  -> 0.0.26
job-core	Checkout code	2025-10-10T14:16:26.4466789Z  * [new tag]             0.0.27                  -> 0.0.27
job-core	Checkout code	2025-10-10T14:16:26.4467198Z  * [new tag]             0.0.28                  -> 0.0.28
job-core	Checkout code	2025-10-10T14:16:26.4467600Z  * [new tag]             0.0.29                  -> 0.0.29
job-core	Checkout code	2025-10-10T14:16:26.4468001Z  * [new tag]             0.0.3                   -> 0.0.3
job-core	Checkout code	2025-10-10T14:16:26.4468400Z  * [new tag]             0.0.30                  -> 0.0.30
job-core	Checkout code	2025-10-10T14:16:26.4468807Z  * [new tag]             0.0.31                  -> 0.0.31
job-core	Checkout code	2025-10-10T14:16:26.4469212Z  * [new tag]             0.0.32                  -> 0.0.32
job-core	Checkout code	2025-10-10T14:16:26.4469606Z  * [new tag]             0.0.33                  -> 0.0.33
job-core	Checkout code	2025-10-10T14:16:26.4470005Z  * [new tag]             0.0.34                  -> 0.0.34
job-core	Checkout code	2025-10-10T14:16:26.4470399Z  * [new tag]             0.0.35                  -> 0.0.35
job-core	Checkout code	2025-10-10T14:16:26.4470800Z  * [new tag]             0.0.36                  -> 0.0.36
job-core	Checkout code	2025-10-10T14:16:26.4471197Z  * [new tag]             0.0.37                  -> 0.0.37
job-core	Checkout code	2025-10-10T14:16:26.4471594Z  * [new tag]             0.0.38                  -> 0.0.38
job-core	Checkout code	2025-10-10T14:16:26.4472177Z  * [new tag]             0.0.39                  -> 0.0.39
job-core	Checkout code	2025-10-10T14:16:26.4472586Z  * [new tag]             0.0.4                   -> 0.0.4
job-core	Checkout code	2025-10-10T14:16:26.4472978Z  * [new tag]             0.0.40                  -> 0.0.40
job-core	Checkout code	2025-10-10T14:16:26.4483713Z  * [new tag]             0.0.41                  -> 0.0.41
job-core	Checkout code	2025-10-10T14:16:26.4484186Z  * [new tag]             0.0.42                  -> 0.0.42
job-core	Checkout code	2025-10-10T14:16:26.4484586Z  * [new tag]             0.0.43                  -> 0.0.43
job-core	Checkout code	2025-10-10T14:16:26.4484984Z  * [new tag]             0.0.44                  -> 0.0.44
job-core	Checkout code	2025-10-10T14:16:26.4485378Z  * [new tag]             0.0.45                  -> 0.0.45
job-core	Checkout code	2025-10-10T14:16:26.4485775Z  * [new tag]             0.0.46                  -> 0.0.46
job-core	Checkout code	2025-10-10T14:16:26.4486177Z  * [new tag]             0.0.47                  -> 0.0.47
job-core	Checkout code	2025-10-10T14:16:26.4486571Z  * [new tag]             0.0.48                  -> 0.0.48
job-core	Checkout code	2025-10-10T14:16:26.4486977Z  * [new tag]             0.0.49                  -> 0.0.49
job-core	Checkout code	2025-10-10T14:16:26.4487536Z  * [new tag]             0.0.5                   -> 0.0.5
job-core	Checkout code	2025-10-10T14:16:26.4487934Z  * [new tag]             0.0.50                  -> 0.0.50
job-core	Checkout code	2025-10-10T14:16:26.4488332Z  * [new tag]             0.0.51                  -> 0.0.51
job-core	Checkout code	2025-10-10T14:16:26.4488732Z  * [new tag]             0.0.52                  -> 0.0.52
job-core	Checkout code	2025-10-10T14:16:26.4489129Z  * [new tag]             0.0.53                  -> 0.0.53
job-core	Checkout code	2025-10-10T14:16:26.4489529Z  * [new tag]             0.0.54                  -> 0.0.54
job-core	Checkout code	2025-10-10T14:16:26.4489930Z  * [new tag]             0.0.55                  -> 0.0.55
job-core	Checkout code	2025-10-10T14:16:26.4490327Z  * [new tag]             0.0.56                  -> 0.0.56
job-core	Checkout code	2025-10-10T14:16:26.4490725Z  * [new tag]             0.0.57                  -> 0.0.57
job-core	Checkout code	2025-10-10T14:16:26.4491126Z  * [new tag]             0.0.58                  -> 0.0.58
job-core	Checkout code	2025-10-10T14:16:26.4491526Z  * [new tag]             0.0.59                  -> 0.0.59
job-core	Checkout code	2025-10-10T14:16:26.4491937Z  * [new tag]             0.0.6                   -> 0.0.6
job-core	Checkout code	2025-10-10T14:16:26.4492334Z  * [new tag]             0.0.60                  -> 0.0.60
job-core	Checkout code	2025-10-10T14:16:26.4492735Z  * [new tag]             0.0.61                  -> 0.0.61
job-core	Checkout code	2025-10-10T14:16:26.4493132Z  * [new tag]             0.0.62                  -> 0.0.62
job-core	Checkout code	2025-10-10T14:16:26.4493593Z  * [new tag]             0.0.63                  -> 0.0.63
job-core	Checkout code	2025-10-10T14:16:26.4493990Z  * [new tag]             0.0.64                  -> 0.0.64
job-core	Checkout code	2025-10-10T14:16:26.4494385Z  * [new tag]             0.0.65                  -> 0.0.65
job-core	Checkout code	2025-10-10T14:16:26.4494785Z  * [new tag]             0.0.66                  -> 0.0.66
job-core	Checkout code	2025-10-10T14:16:26.4495182Z  * [new tag]             0.0.67                  -> 0.0.67
job-core	Checkout code	2025-10-10T14:16:26.4495581Z  * [new tag]             0.0.68                  -> 0.0.68
job-core	Checkout code	2025-10-10T14:16:26.4495981Z  * [new tag]             0.0.69                  -> 0.0.69
job-core	Checkout code	2025-10-10T14:16:26.4496376Z  * [new tag]             0.0.7                   -> 0.0.7
job-core	Checkout code	2025-10-10T14:16:26.4496788Z  * [new tag]             0.0.70                  -> 0.0.70
job-core	Checkout code	2025-10-10T14:16:26.4497187Z  * [new tag]             0.0.71                  -> 0.0.71
job-core	Checkout code	2025-10-10T14:16:26.4497583Z  * [new tag]             0.0.72                  -> 0.0.72
job-core	Checkout code	2025-10-10T14:16:26.4497984Z  * [new tag]             0.0.73                  -> 0.0.73
job-core	Checkout code	2025-10-10T14:16:26.4498378Z  * [new tag]             0.0.74                  -> 0.0.74
job-core	Checkout code	2025-10-10T14:16:26.4498779Z  * [new tag]             0.0.75                  -> 0.0.75
job-core	Checkout code	2025-10-10T14:16:26.4499174Z  * [new tag]             0.0.76                  -> 0.0.76
job-core	Checkout code	2025-10-10T14:16:26.4499570Z  * [new tag]             0.0.77                  -> 0.0.77
job-core	Checkout code	2025-10-10T14:16:26.4500003Z  * [new tag]             0.0.78                  -> 0.0.78
job-core	Checkout code	2025-10-10T14:16:26.4500403Z  * [new tag]             0.0.79                  -> 0.0.79
job-core	Checkout code	2025-10-10T14:16:26.4500803Z  * [new tag]             0.0.8                   -> 0.0.8
job-core	Checkout code	2025-10-10T14:16:26.4501342Z  * [new tag]             0.0.80                  -> 0.0.80
job-core	Checkout code	2025-10-10T14:16:26.4501745Z  * [new tag]             0.0.81                  -> 0.0.81
job-core	Checkout code	2025-10-10T14:16:26.4502143Z  * [new tag]             0.0.82                  -> 0.0.82
job-core	Checkout code	2025-10-10T14:16:26.4502549Z  * [new tag]             0.0.83                  -> 0.0.83
job-core	Checkout code	2025-10-10T14:16:26.4502949Z  * [new tag]             0.0.84                  -> 0.0.84
job-core	Checkout code	2025-10-10T14:16:26.4524773Z  * [new tag]             0.0.85                  -> 0.0.85
job-core	Checkout code	2025-10-10T14:16:26.4525473Z  * [new tag]             0.0.86                  -> 0.0.86
job-core	Checkout code	2025-10-10T14:16:26.4525879Z  * [new tag]             0.0.87                  -> 0.0.87
job-core	Checkout code	2025-10-10T14:16:26.4526282Z  * [new tag]             0.0.88                  -> 0.0.88
job-core	Checkout code	2025-10-10T14:16:26.4526680Z  * [new tag]             0.0.89                  -> 0.0.89
job-core	Checkout code	2025-10-10T14:16:26.4527083Z  * [new tag]             0.0.9                   -> 0.0.9
job-core	Checkout code	2025-10-10T14:16:26.4527481Z  * [new tag]             0.0.90                  -> 0.0.90
job-core	Checkout code	2025-10-10T14:16:26.4528105Z  * [new tag]             0.0.91                  -> 0.0.91
job-core	Checkout code	2025-10-10T14:16:26.4528507Z  * [new tag]             0.0.92                  -> 0.0.92
job-core	Checkout code	2025-10-10T14:16:26.4528906Z  * [new tag]             0.0.93                  -> 0.0.93
job-core	Checkout code	2025-10-10T14:16:26.4529307Z  * [new tag]             0.0.94                  -> 0.0.94
job-core	Checkout code	2025-10-10T14:16:26.4529705Z  * [new tag]             0.0.95                  -> 0.0.95
job-core	Checkout code	2025-10-10T14:16:26.4530123Z  * [new tag]             0.0.96                  -> 0.0.96
job-core	Checkout code	2025-10-10T14:16:26.4530518Z  * [new tag]             0.0.97                  -> 0.0.97
job-core	Checkout code	2025-10-10T14:16:26.4530918Z  * [new tag]             0.0.98                  -> 0.0.98
job-core	Checkout code	2025-10-10T14:16:26.4550728Z  * [new tag]             0.0.99                  -> 0.0.99
job-core	Checkout code	2025-10-10T14:16:26.4551209Z  * [new tag]             0.1.0                   -> 0.1.0
job-core	Checkout code	2025-10-10T14:16:26.4551615Z  * [new tag]             0.1.1                   -> 0.1.1
job-core	Checkout code	2025-10-10T14:16:26.4552014Z  * [new tag]             0.2.0                   -> 0.2.0
job-core	Checkout code	2025-10-10T14:16:26.4552435Z  * [new tag]             0.3.0                   -> 0.3.0
job-core	Checkout code	2025-10-10T14:16:26.4552829Z  * [new tag]             0.3.1                   -> 0.3.1
job-core	Checkout code	2025-10-10T14:16:26.4553224Z  * [new tag]             0.3.10                  -> 0.3.10
job-core	Checkout code	2025-10-10T14:16:26.4553700Z  * [new tag]             0.3.11                  -> 0.3.11
job-core	Checkout code	2025-10-10T14:16:26.4554101Z  * [new tag]             0.3.12                  -> 0.3.12
job-core	Checkout code	2025-10-10T14:16:26.4554494Z  * [new tag]             0.3.13                  -> 0.3.13
job-core	Checkout code	2025-10-10T14:16:26.4554884Z  * [new tag]             0.3.14                  -> 0.3.14
job-core	Checkout code	2025-10-10T14:16:26.4555277Z  * [new tag]             0.3.15                  -> 0.3.15
job-core	Checkout code	2025-10-10T14:16:26.4555671Z  * [new tag]             0.3.16                  -> 0.3.16
job-core	Checkout code	2025-10-10T14:16:26.4556070Z  * [new tag]             0.3.17                  -> 0.3.17
job-core	Checkout code	2025-10-10T14:16:26.4556462Z  * [new tag]             0.3.2                   -> 0.3.2
job-core	Checkout code	2025-10-10T14:16:26.4556862Z  * [new tag]             0.3.3                   -> 0.3.3
job-core	Checkout code	2025-10-10T14:16:26.4557260Z  * [new tag]             0.3.4                   -> 0.3.4
job-core	Checkout code	2025-10-10T14:16:26.4557656Z  * [new tag]             0.3.5                   -> 0.3.5
job-core	Checkout code	2025-10-10T14:16:26.4558052Z  * [new tag]             0.3.6                   -> 0.3.6
job-core	Checkout code	2025-10-10T14:16:26.4558440Z  * [new tag]             0.3.7                   -> 0.3.7
job-core	Checkout code	2025-10-10T14:16:26.4558833Z  * [new tag]             0.3.8                   -> 0.3.8
job-core	Checkout code	2025-10-10T14:16:26.4559228Z  * [new tag]             0.3.9                   -> 0.3.9
job-core	Checkout code	2025-10-10T14:16:26.4559626Z  * [new tag]             0.4.0                   -> 0.4.0
job-core	Checkout code	2025-10-10T14:16:26.4560034Z  * [new tag]             0.4.1                   -> 0.4.1
job-core	Checkout code	2025-10-10T14:16:26.4560458Z  * [new tag]             0.4.2                   -> 0.4.2
job-core	Checkout code	2025-10-10T14:16:26.4560867Z  * [new tag]             0.4.3                   -> 0.4.3
job-core	Checkout code	2025-10-10T14:16:26.4561277Z  * [new tag]             0.4.4                   -> 0.4.4
job-core	Checkout code	2025-10-10T14:16:26.4561945Z  * [new tag]             0.4.5                   -> 0.4.5
job-core	Checkout code	2025-10-10T14:16:26.4562339Z  * [new tag]             0.4.6                   -> 0.4.6
job-core	Checkout code	2025-10-10T14:16:26.4562731Z  * [new tag]             0.4.7                   -> 0.4.7
job-core	Checkout code	2025-10-10T14:16:26.4563122Z  * [new tag]             0.4.8                   -> 0.4.8
job-core	Checkout code	2025-10-10T14:16:26.4563574Z  * [new tag]             0.4.9                   -> 0.4.9
job-core	Checkout code	2025-10-10T14:16:26.4843539Z [command]/usr/bin/git branch --list --remote origin/main
job-core	Checkout code	2025-10-10T14:16:26.4916712Z   origin/main
job-core	Checkout code	2025-10-10T14:16:26.4937851Z [command]/usr/bin/git rev-parse refs/remotes/origin/main
job-core	Checkout code	2025-10-10T14:16:26.4979035Z 0e405a8826afda02871f1ba8f95fc4e787758743
job-core	Checkout code	2025-10-10T14:16:26.4987514Z ##[endgroup]
job-core	Checkout code	2025-10-10T14:16:26.4988003Z ##[group]Determining the checkout info
job-core	Checkout code	2025-10-10T14:16:26.4988527Z ##[endgroup]
job-core	Checkout code	2025-10-10T14:16:26.4991669Z [command]/usr/bin/git sparse-checkout disable
job-core	Checkout code	2025-10-10T14:16:26.5074487Z [command]/usr/bin/git config --local --unset-all extensions.worktreeConfig
job-core	Checkout code	2025-10-10T14:16:26.5150475Z ##[group]Checking out the ref
job-core	Checkout code	2025-10-10T14:16:26.5155545Z [command]/usr/bin/git checkout --progress --force -B main refs/remotes/origin/main
job-core	Checkout code	2025-10-10T14:16:27.5672924Z Updating files:  65% (544/830)
job-core	Checkout code	2025-10-10T14:16:27.5764850Z Updating files:  66% (548/830)
job-core	Checkout code	2025-10-10T14:16:27.5765491Z Updating files:  67% (557/830)
job-core	Checkout code	2025-10-10T14:16:27.5774514Z Updating files:  68% (565/830)
job-core	Checkout code	2025-10-10T14:16:27.5894489Z Updating files:  69% (573/830)
job-core	Checkout code	2025-10-10T14:16:27.5945535Z Updating files:  70% (581/830)
job-core	Checkout code	2025-10-10T14:16:27.5946261Z Updating files:  71% (590/830)
job-core	Checkout code	2025-10-10T14:16:27.5947889Z Updating files:  72% (598/830)
job-core	Checkout code	2025-10-10T14:16:27.5948272Z Updating files:  73% (606/830)
job-core	Checkout code	2025-10-10T14:16:27.5971247Z Updating files:  74% (615/830)
job-core	Checkout code	2025-10-10T14:16:27.5980364Z Updating files:  75% (623/830)
job-core	Checkout code	2025-10-10T14:16:27.5991351Z Updating files:  76% (631/830)
job-core	Checkout code	2025-10-10T14:16:27.6000089Z Updating files:  77% (640/830)
job-core	Checkout code	2025-10-10T14:16:27.6025947Z Updating files:  78% (648/830)
job-core	Checkout code	2025-10-10T14:16:27.6095925Z Updating files:  79% (656/830)
job-core	Checkout code	2025-10-10T14:16:27.6096651Z Updating files:  80% (664/830)
job-core	Checkout code	2025-10-10T14:16:27.6097079Z Updating files:  81% (673/830)
job-core	Checkout code	2025-10-10T14:16:27.6113916Z Updating files:  82% (681/830)
job-core	Checkout code	2025-10-10T14:16:27.6118820Z Updating files:  83% (689/830)
job-core	Checkout code	2025-10-10T14:16:27.6154393Z Updating files:  84% (698/830)
job-core	Checkout code	2025-10-10T14:16:27.6236124Z Updating files:  85% (706/830)
job-core	Checkout code	2025-10-10T14:16:27.6236471Z Updating files:  86% (714/830)
job-core	Checkout code	2025-10-10T14:16:27.6236734Z Updating files:  87% (723/830)
job-core	Checkout code	2025-10-10T14:16:27.6236988Z Updating files:  88% (731/830)
job-core	Checkout code	2025-10-10T14:16:27.6237241Z Updating files:  89% (739/830)
job-core	Checkout code	2025-10-10T14:16:27.6237491Z Updating files:  90% (747/830)
job-core	Checkout code	2025-10-10T14:16:27.6251229Z Updating files:  91% (756/830)
job-core	Checkout code	2025-10-10T14:16:27.6260947Z Updating files:  92% (764/830)
job-core	Checkout code	2025-10-10T14:16:27.6272316Z Updating files:  93% (772/830)
job-core	Checkout code	2025-10-10T14:16:27.6283036Z Updating files:  94% (781/830)
job-core	Checkout code	2025-10-10T14:16:27.6376034Z Updating files:  95% (789/830)
job-core	Checkout code	2025-10-10T14:16:27.6376418Z Updating files:  96% (797/830)
job-core	Checkout code	2025-10-10T14:16:27.6376679Z Updating files:  97% (806/830)
job-core	Checkout code	2025-10-10T14:16:27.6376929Z Updating files:  98% (814/830)
job-core	Checkout code	2025-10-10T14:16:27.6377186Z Updating files:  99% (822/830)
job-core	Checkout code	2025-10-10T14:16:27.6377432Z Updating files: 100% (830/830)
job-core	Checkout code	2025-10-10T14:16:27.6377700Z Updating files: 100% (830/830), done.
job-core	Checkout code	2025-10-10T14:16:27.6419038Z Switched to a new branch 'main'
job-core	Checkout code	2025-10-10T14:16:27.6429040Z branch 'main' set up to track 'origin/main'.
job-core	Checkout code	2025-10-10T14:16:27.6544102Z ##[endgroup]
job-core	Checkout code	2025-10-10T14:16:27.6610281Z [command]/usr/bin/git log -1 --format=%H
job-core	Checkout code	2025-10-10T14:16:27.6652157Z 0e405a8826afda02871f1ba8f95fc4e787758743
job-core	Login to Docker Hub	Ôªø2025-10-10T14:16:27.7029749Z ##[group]Run docker/login-action@v3
job-core	Login to Docker Hub	2025-10-10T14:16:27.7030059Z with:
job-core	Login to Docker Hub	2025-10-10T14:16:27.7030379Z   username: ***
job-core	Login to Docker Hub	2025-10-10T14:16:27.7030657Z   password: ***
job-core	Login to Docker Hub	2025-10-10T14:16:27.7030861Z   logout: true
job-core	Login to Docker Hub	2025-10-10T14:16:27.7031056Z env:
job-core	Login to Docker Hub	2025-10-10T14:16:27.7031606Z   GITHUB_TOKEN: ***
job-core	Login to Docker Hub	2025-10-10T14:16:27.7032054Z   KAOS_MODULE: [Ka0s] Personalized Image Runners
job-core	Login to Docker Hub	2025-10-10T14:16:27.7032354Z   KAOS_CODE: 18409159294
job-core	Login to Docker Hub	2025-10-10T14:16:27.7032589Z   KAOS_PATH_SCAN: audit/scan/
job-core	Login to Docker Hub	2025-10-10T14:16:27.7032828Z ##[endgroup]
job-core	Login to Docker Hub	2025-10-10T14:16:28.2618070Z Logging into docker.io...
job-core	Login to Docker Hub	2025-10-10T14:16:29.3469800Z Login Succeeded!
job-core	Build image	Ôªø2025-10-10T14:16:29.4062472Z ##[group]Run # Construimos la imagen y guardamos el log
job-core	Build image	2025-10-10T14:16:29.4063549Z [36;1m# Construimos la imagen y guardamos el log[0m
job-core	Build image	2025-10-10T14:16:29.4064424Z [36;1msudo docker build -t actions-runner:1.0.3 -f core/runner/actions-runner//1.0.3//Dockerfile . > audit/scan/build_18409159294.log 2>&1 || {[0m
job-core	Build image	2025-10-10T14:16:29.4065378Z [36;1m  echo "‚ùå Error en docker build. Log guardado en audit/scan/build_18409159294.log"[0m
job-core	Build image	2025-10-10T14:16:29.4066008Z [36;1m  touch build_error.log[0m
job-core	Build image	2025-10-10T14:16:29.4066356Z [36;1m  cp audit/scan/build_18409159294.log build_error.log[0m
job-core	Build image	2025-10-10T14:16:29.4067024Z [36;1m  exit 10[0m
job-core	Build image	2025-10-10T14:16:29.4067492Z [36;1m}[0m
job-core	Build image	2025-10-10T14:16:29.4067773Z [36;1mecho "Se ha generado la imagen actions-runner:1.0.3...."[0m
job-core	Build image	2025-10-10T14:16:29.4068309Z [36;1msudo usermod -aG docker runner [0m
job-core	Build image	2025-10-10T14:16:29.4110452Z shell: /usr/bin/bash -e {0}
job-core	Build image	2025-10-10T14:16:29.4110798Z env:
job-core	Build image	2025-10-10T14:16:29.4111947Z   GITHUB_TOKEN: ***
job-core	Build image	2025-10-10T14:16:29.4112324Z   KAOS_MODULE: [Ka0s] Personalized Image Runners
job-core	Build image	2025-10-10T14:16:29.4112784Z   KAOS_CODE: 18409159294
job-core	Build image	2025-10-10T14:16:29.4113031Z   KAOS_PATH_SCAN: audit/scan/
job-core	Build image	2025-10-10T14:16:29.4113534Z ##[endgroup]
job-core	Build image	2025-10-10T14:16:32.8169250Z Se ha generado la imagen actions-runner:1.0.3....
job-core	Install Trivy vulnerability scanner	Ôªø2025-10-10T14:16:32.8497067Z ##[group]Run set -e
job-core	Install Trivy vulnerability scanner	2025-10-10T14:16:32.8497412Z [36;1mset -e[0m
job-core	Install Trivy vulnerability scanner	2025-10-10T14:16:32.8497686Z [36;1mecho "[Ka0s][Trivy] Instalando Trivy v0.48.3..."[0m
job-core	Install Trivy vulnerability scanner	2025-10-10T14:16:32.8498415Z [36;1mcurl -sfL https://raw.githubusercontent.com/aquasecurity/trivy/main/contrib/install.sh | sudo sh -s -- -b /usr/local/bin v0.48.3[0m
job-core	Install Trivy vulnerability scanner	2025-10-10T14:16:32.8499170Z [36;1mecho "[Ka0s][Trivy] Instalaci√≥n completada."[0m
job-core	Install Trivy vulnerability scanner	2025-10-10T14:16:32.8499480Z [36;1m[0m
job-core	Install Trivy vulnerability scanner	2025-10-10T14:16:32.8499802Z [36;1mecho "[Ka0s][Trivy] Actualizando base de datos de vulnerabilidades..."[0m
job-core	Install Trivy vulnerability scanner	2025-10-10T14:16:32.8500431Z [36;1m# Actualizamos la base de datos ejecutando un escaneo dummy (Trivy descarga la DB autom√°ticamente)[0m
job-core	Install Trivy vulnerability scanner	2025-10-10T14:16:32.8501286Z [36;1msudo trivy image --download-db-only || sudo trivy image alpine:latest > /dev/null 2>&1 || { echo "‚ùå Error al descargar la base de datos de Trivy"; exit 2; }[0m
job-core	Install Trivy vulnerability scanner	2025-10-10T14:16:32.8501972Z [36;1mecho "[Ka0s][Trivy] Base de datos actualizada."[0m
job-core	Install Trivy vulnerability scanner	2025-10-10T14:16:32.8502282Z [36;1m[0m
job-core	Install Trivy vulnerability scanner	2025-10-10T14:16:32.8502676Z [36;1mecho "[Ka0s][Trivy] Ejecutando escaneo de la imagen: actions-runner:1.0.3"[0m
job-core	Install Trivy vulnerability scanner	2025-10-10T14:16:32.8503168Z [36;1m# Ejecutamos el escaneo en modo tabla y auditamos errores[0m
job-core	Install Trivy vulnerability scanner	2025-10-10T14:16:32.8568350Z [36;1mif ! sudo trivy image --severity HIGH,CRITICAL --ignore-unfixed --format table actions-runner:1.0.3 > audit/scan/trivy_table_18409159294.log 2>&1; then[0m
job-core	Install Trivy vulnerability scanner	2025-10-10T14:16:32.8569319Z [36;1m  echo "‚ùå Error en el escaneo de la imagen (tabla). Log guardado en audit/scan/trivy_table_18409159294.log"[0m
job-core	Install Trivy vulnerability scanner	2025-10-10T14:16:32.8569797Z [36;1m  exit 3[0m
job-core	Install Trivy vulnerability scanner	2025-10-10T14:16:32.8570002Z [36;1mfi[0m
job-core	Install Trivy vulnerability scanner	2025-10-10T14:16:32.8570226Z [36;1m# Escaneo en formato JSON y guardado[0m
job-core	Install Trivy vulnerability scanner	2025-10-10T14:16:32.8570978Z [36;1mif ! sudo trivy image --severity HIGH,CRITICAL --ignore-unfixed --format json actions-runner:1.0.3 > audit/scan/18409159294.json 2> audit/scan/trivy_json_18409159294.log; then[0m
job-core	Install Trivy vulnerability scanner	2025-10-10T14:16:32.8571902Z [36;1m  echo "‚ùå Error en el escaneo de la imagen (json). Log guardado en audit/scan/trivy_json_18409159294.log"[0m
job-core	Install Trivy vulnerability scanner	2025-10-10T14:16:32.8572376Z [36;1m  exit 4[0m
job-core	Install Trivy vulnerability scanner	2025-10-10T14:16:32.8572576Z [36;1mfi[0m
job-core	Install Trivy vulnerability scanner	2025-10-10T14:16:32.8572919Z [36;1mecho "[Ka0s][Trivy] Scan completado y guardado en audit/scan/18409159294.json"[0m
job-core	Install Trivy vulnerability scanner	2025-10-10T14:16:32.8573440Z [36;1m[0m
job-core	Install Trivy vulnerability scanner	2025-10-10T14:16:32.8573786Z [36;1mecho "Subimos los logs y el scan_image_from_18409159294.json a la ruta audit/scan/"[0m
job-core	Install Trivy vulnerability scanner	2025-10-10T14:16:32.8574645Z [36;1mecho "Uploading files to the repository..."[0m
job-core	Install Trivy vulnerability scanner	2025-10-10T14:16:32.8575197Z [36;1mgit config --global user.name "***"[0m
job-core	Install Trivy vulnerability scanner	2025-10-10T14:16:32.8575581Z [36;1mgit config --global user.email "***"[0m
job-core	Install Trivy vulnerability scanner	2025-10-10T14:16:32.8575886Z [36;1mgit pull --rebase[0m
job-core	Install Trivy vulnerability scanner	2025-10-10T14:16:32.8595607Z [36;1mgit add audit/scan/*[0m
job-core	Install Trivy vulnerability scanner	2025-10-10T14:16:32.8596118Z [36;1mgit commit -m "[Ka0s] Add scan image and logs from 18409159294" || echo "No changes to commit"[0m
job-core	Install Trivy vulnerability scanner	2025-10-10T14:16:32.8596575Z [36;1mMAX_RETRIES=3[0m
job-core	Install Trivy vulnerability scanner	2025-10-10T14:16:32.8596805Z [36;1mCOUNT=0[0m
job-core	Install Trivy vulnerability scanner	2025-10-10T14:16:32.8597134Z [36;1muntil git push origin refs/heads/main --force-with-lease; do[0m
job-core	Install Trivy vulnerability scanner	2025-10-10T14:16:32.8597517Z [36;1m  COUNT=$((COUNT+1))[0m
job-core	Install Trivy vulnerability scanner	2025-10-10T14:16:32.8597792Z [36;1m  if [ $COUNT -ge $MAX_RETRIES ]; then[0m
job-core	Install Trivy vulnerability scanner	2025-10-10T14:16:32.8598190Z [36;1m    echo "‚ùå Error: git push failed after $MAX_RETRIES attempts."[0m
job-core	Install Trivy vulnerability scanner	2025-10-10T14:16:32.8598608Z [36;1m    exit 1[0m
job-core	Install Trivy vulnerability scanner	2025-10-10T14:16:32.8598849Z [36;1m  fi[0m
job-core	Install Trivy vulnerability scanner	2025-10-10T14:16:32.8599181Z [36;1m  echo "‚ö†Ô∏è git push failed, retrying ($COUNT/$MAX_RETRIES)..."[0m
job-core	Install Trivy vulnerability scanner	2025-10-10T14:16:32.8599569Z [36;1m  git pull --rebase[0m
job-core	Install Trivy vulnerability scanner	2025-10-10T14:16:32.8599898Z [36;1m  sleep 2[0m
job-core	Install Trivy vulnerability scanner	2025-10-10T14:16:32.8600147Z [36;1mdone[0m
job-core	Install Trivy vulnerability scanner	2025-10-10T14:16:32.8618388Z shell: /usr/bin/bash -e {0}
job-core	Install Trivy vulnerability scanner	2025-10-10T14:16:32.8618674Z env:
job-core	Install Trivy vulnerability scanner	2025-10-10T14:16:32.8619401Z   GITHUB_TOKEN: ***
job-core	Install Trivy vulnerability scanner	2025-10-10T14:16:32.8619665Z   KAOS_MODULE: [Ka0s] Personalized Image Runners
job-core	Install Trivy vulnerability scanner	2025-10-10T14:16:32.8619970Z   KAOS_CODE: 18409159294
job-core	Install Trivy vulnerability scanner	2025-10-10T14:16:32.8620206Z   KAOS_PATH_SCAN: audit/scan/
job-core	Install Trivy vulnerability scanner	2025-10-10T14:16:32.8620801Z ##[endgroup]
job-core	Install Trivy vulnerability scanner	2025-10-10T14:16:32.8784871Z [Ka0s][Trivy] Instalando Trivy v0.48.3...
job-core	Install Trivy vulnerability scanner	2025-10-10T14:16:33.0255374Z aquasecurity/trivy info checking GitHub for tag 'v0.48.3'
job-core	Install Trivy vulnerability scanner	2025-10-10T14:16:33.5184402Z aquasecurity/trivy info found version: 0.48.3 for v0.48.3/Linux/64bit
job-core	Install Trivy vulnerability scanner	2025-10-10T14:16:38.5529998Z aquasecurity/trivy info installed /usr/local/bin/trivy
job-core	Install Trivy vulnerability scanner	2025-10-10T14:16:38.6007711Z [Ka0s][Trivy] Instalaci√≥n completada.
job-core	Install Trivy vulnerability scanner	2025-10-10T14:16:38.6011273Z [Ka0s][Trivy] Actualizando base de datos de vulnerabilidades...
job-core	Install Trivy vulnerability scanner	2025-10-10T14:16:39.6131749Z 2025-10-10T16:16:39.612+0200	[34mINFO[0m	Need to update DB
job-core	Install Trivy vulnerability scanner	2025-10-10T14:16:39.6137590Z 2025-10-10T16:16:39.612+0200	[34mINFO[0m	DB Repository: ghcr.io/aquasecurity/trivy-db
job-core	Install Trivy vulnerability scanner	2025-10-10T14:16:39.6138171Z 2025-10-10T16:16:39.612+0200	[34mINFO[0m	Downloading DB...
job-core	Install Trivy vulnerability scanner	2025-10-10T14:16:43.8422654Z [Ka0s][Trivy] Base de datos actualizada.
job-core	Install Trivy vulnerability scanner	2025-10-10T14:16:43.8428938Z [Ka0s][Trivy] Ejecutando escaneo de la imagen: actions-runner:1.0.3
job-core	Install Trivy vulnerability scanner	2025-10-10T14:18:55.7273516Z [Ka0s][Trivy] Scan completado y guardado en audit/scan/18409159294.json
job-core	Install Trivy vulnerability scanner	2025-10-10T14:18:55.7274206Z Subimos los logs y el scan_image_from_18409159294.json a la ruta audit/scan/
job-core	Install Trivy vulnerability scanner	2025-10-10T14:18:55.7276470Z Uploading files to the repository...
job-core	Install Trivy vulnerability scanner	2025-10-10T14:18:58.9096787Z 17.92 MiB / 72.52 MiB [--------------->_____________________________________________] 24.71% ? p/s ?37.50 MiB / 72.52 MiB [------------------------------->_____________________________] 51.71% ? p/s ?56.59 MiB / 72.52 MiB [----------------------------------------------->_____________] 78.04% ? p/s ?72.52 MiB / 72.52 MiB [---------------------------------------------->] 100.00% 90.85 MiB p/s ETA 0s72.52 MiB / 72.52 MiB [---------------------------------------------->] 100.00% 90.85 MiB p/s ETA 0s72.52 MiB / 72.52 MiB [---------------------------------------------->] 100.00% 90.85 MiB p/s ETA 0s72.52 MiB / 72.52 MiB [---------------------------------------------->] 100.00% 84.99 MiB p/s ETA 0s72.52 MiB / 72.52 MiB [---------------------------------------------->] 100.00% 84.99 MiB p/s ETA 0s72.52 MiB / 72.52 MiB [---------------------------------------------->] 100.00% 84.99 MiB p/s ETA 0s72.52 MiB / 72.52 MiB [---------------------------------------------->] 100.00% 79.51 MiB p/s ETA 0s72.52 MiB / 72.52 MiB [---------------------------------------------->] 100.00% 79.51 MiB p/s ETA 0s72.52 MiB / 72.52 MiB [---------------------------------------------->] 100.00% 79.51 MiB p/s ETA 0s72.52 MiB / 72.52 MiB [---------------------------------------------->] 100.00% 74.38 MiB p/s ETA 0s72.52 MiB / 72.52 MiB [---------------------------------------------->] 100.00% 74.38 MiB p/s ETA 0s72.52 MiB / 72.52 MiB [---------------------------------------------->] 100.00% 74.38 MiB p/s ETA 0s72.52 MiB / 72.52 MiB [---------------------------------------------->] 100.00% 69.58 MiB p/s ETA 0s72.52 MiB / 72.52 MiB [-------------------------------------------------] 100.00% 24.09 MiB p/s 3.2sFrom https://github.com/Ka0s-Klaus/ka0s
job-core	Install Trivy vulnerability scanner	2025-10-10T14:18:58.9107478Z    0e405a882..c26069e55  main       -> origin/main
job-core	Install Trivy vulnerability scanner	2025-10-10T14:18:58.9109300Z    e2b61a196..b2e146e1a  H1968-modulo-personalizaci√≥n-del-portal-de-kaos-core -> origin/H1968-modulo-personalizaci√≥n-del-portal-de-kaos-core
job-core	Install Trivy vulnerability scanner	2025-10-10T14:18:58.9466976Z Updating 0e405a882..c26069e55
job-core	Install Trivy vulnerability scanner	2025-10-10T14:18:58.9504620Z Fast-forward
job-core	Install Trivy vulnerability scanner	2025-10-10T14:18:58.9518165Z  audit/inspector/18408629656.json       |   1 +
job-core	Install Trivy vulnerability scanner	2025-10-10T14:18:58.9519075Z  audit/inspector/18408629656.log        | 434 +++++++++++++++++
job-core	Install Trivy vulnerability scanner	2025-10-10T14:18:58.9519684Z  audit/inspector/18409159190.json       |   1 +
job-core	Install Trivy vulnerability scanner	2025-10-10T14:18:58.9520332Z  audit/inspector/18409159190.log        | 824 +++++++++++++++++++++++++++++++++
job-core	Install Trivy vulnerability scanner	2025-10-10T14:18:58.9521031Z  audit/inspector/18409189682.json       |   1 +
job-core	Install Trivy vulnerability scanner	2025-10-10T14:18:58.9561684Z  audit/inspector/18409189682.log        | 812 ++++++++++++++++++++++++++++++++
job-core	Install Trivy vulnerability scanner	2025-10-10T14:18:58.9562348Z  audit/inspector/18409218591.json       |   1 +
job-core	Install Trivy vulnerability scanner	2025-10-10T14:18:58.9562908Z  audit/inspector/18409218591.log        | 800 ++++++++++++++++++++++++++++++++
job-core	Install Trivy vulnerability scanner	2025-10-10T14:18:58.9564022Z  audit/scan/18409159162.json            | 351 ++++++++++++++
job-core	Install Trivy vulnerability scanner	2025-10-10T14:18:58.9564557Z  audit/scan/18409159190.json            | 353 ++++++++++++++
job-core	Install Trivy vulnerability scanner	2025-10-10T14:18:58.9565086Z  audit/scan/18409189448.json            | 353 ++++++++++++++
job-core	Install Trivy vulnerability scanner	2025-10-10T14:18:58.9565584Z  audit/scan/18409189682.json            | 132 ++++++
job-core	Install Trivy vulnerability scanner	2025-10-10T14:18:58.9566069Z  audit/scan/18409218591.json            | 132 ++++++
job-core	Install Trivy vulnerability scanner	2025-10-10T14:18:58.9566515Z  audit/scan/build_18409159162.log       |  36 ++
job-core	Install Trivy vulnerability scanner	2025-10-10T14:18:58.9566960Z  audit/scan/build_18409159190.log       |  36 ++
job-core	Install Trivy vulnerability scanner	2025-10-10T14:18:58.9567398Z  audit/scan/build_18409189448.log       |  38 ++
job-core	Install Trivy vulnerability scanner	2025-10-10T14:18:58.9567826Z  audit/scan/build_18409189682.log       |  29 ++
job-core	Install Trivy vulnerability scanner	2025-10-10T14:18:58.9568255Z  audit/scan/build_18409218591.log       |  24 +
job-core	Install Trivy vulnerability scanner	2025-10-10T14:18:58.9568709Z  audit/scan/trivy_json_18409159162.log  |  10 +
job-core	Install Trivy vulnerability scanner	2025-10-10T14:18:58.9569178Z  audit/scan/trivy_json_18409159190.log  |  10 +
job-core	Install Trivy vulnerability scanner	2025-10-10T14:18:58.9569639Z  audit/scan/trivy_json_18409189448.log  |  10 +
job-core	Install Trivy vulnerability scanner	2025-10-10T14:18:58.9570079Z  audit/scan/trivy_json_18409189682.log  |   8 +
job-core	Install Trivy vulnerability scanner	2025-10-10T14:18:58.9570522Z  audit/scan/trivy_json_18409218591.log  |   8 +
job-core	Install Trivy vulnerability scanner	2025-10-10T14:18:58.9570989Z  audit/scan/trivy_table_18409159162.log |  27 ++
job-core	Install Trivy vulnerability scanner	2025-10-10T14:18:58.9571459Z  audit/scan/trivy_table_18409159190.log |  27 ++
job-core	Install Trivy vulnerability scanner	2025-10-10T14:18:58.9571970Z  audit/scan/trivy_table_18409189448.log |  27 ++
job-core	Install Trivy vulnerability scanner	2025-10-10T14:18:58.9572431Z  audit/scan/trivy_table_18409189682.log |  13 +
job-core	Install Trivy vulnerability scanner	2025-10-10T14:18:58.9572901Z  audit/scan/trivy_table_18409218591.log |  13 +
job-core	Install Trivy vulnerability scanner	2025-10-10T14:18:58.9578573Z  28 files changed, 4511 insertions(+)
job-core	Install Trivy vulnerability scanner	2025-10-10T14:18:58.9579521Z  create mode 100644 audit/inspector/18408629656.json
job-core	Install Trivy vulnerability scanner	2025-10-10T14:18:58.9579996Z  create mode 100644 audit/inspector/18408629656.log
job-core	Install Trivy vulnerability scanner	2025-10-10T14:18:58.9580480Z  create mode 100644 audit/inspector/18409159190.json
job-core	Install Trivy vulnerability scanner	2025-10-10T14:18:58.9580948Z  create mode 100644 audit/inspector/18409159190.log
job-core	Install Trivy vulnerability scanner	2025-10-10T14:18:58.9581482Z  create mode 100644 audit/inspector/18409189682.json
job-core	Install Trivy vulnerability scanner	2025-10-10T14:18:58.9581973Z  create mode 100644 audit/inspector/18409189682.log
job-core	Install Trivy vulnerability scanner	2025-10-10T14:18:58.9582489Z  create mode 100644 audit/inspector/18409218591.json
job-core	Install Trivy vulnerability scanner	2025-10-10T14:18:58.9582995Z  create mode 100644 audit/inspector/18409218591.log
job-core	Install Trivy vulnerability scanner	2025-10-10T14:18:58.9583566Z  create mode 100644 audit/scan/18409159162.json
job-core	Install Trivy vulnerability scanner	2025-10-10T14:18:58.9584355Z  create mode 100644 audit/scan/18409159190.json
job-core	Install Trivy vulnerability scanner	2025-10-10T14:18:58.9584800Z  create mode 100644 audit/scan/18409189448.json
job-core	Install Trivy vulnerability scanner	2025-10-10T14:18:58.9585238Z  create mode 100644 audit/scan/18409189682.json
job-core	Install Trivy vulnerability scanner	2025-10-10T14:18:58.9585699Z  create mode 100644 audit/scan/18409218591.json
job-core	Install Trivy vulnerability scanner	2025-10-10T14:18:58.9586165Z  create mode 100644 audit/scan/build_18409159162.log
job-core	Install Trivy vulnerability scanner	2025-10-10T14:18:58.9586650Z  create mode 100644 audit/scan/build_18409159190.log
job-core	Install Trivy vulnerability scanner	2025-10-10T14:18:58.9587156Z  create mode 100644 audit/scan/build_18409189448.log
job-core	Install Trivy vulnerability scanner	2025-10-10T14:18:58.9587650Z  create mode 100644 audit/scan/build_18409189682.log
job-core	Install Trivy vulnerability scanner	2025-10-10T14:18:58.9588189Z  create mode 100644 audit/scan/build_18409218591.log
job-core	Install Trivy vulnerability scanner	2025-10-10T14:18:58.9588792Z  create mode 100644 audit/scan/trivy_json_18409159162.log
job-core	Install Trivy vulnerability scanner	2025-10-10T14:18:58.9589349Z  create mode 100644 audit/scan/trivy_json_18409159190.log
job-core	Install Trivy vulnerability scanner	2025-10-10T14:18:58.9604014Z  create mode 100644 audit/scan/trivy_json_18409189448.log
job-core	Install Trivy vulnerability scanner	2025-10-10T14:18:58.9604754Z  create mode 100644 audit/scan/trivy_json_18409189682.log
job-core	Install Trivy vulnerability scanner	2025-10-10T14:18:58.9605288Z  create mode 100644 audit/scan/trivy_json_18409218591.log
job-core	Install Trivy vulnerability scanner	2025-10-10T14:18:58.9605808Z  create mode 100644 audit/scan/trivy_table_18409159162.log
job-core	Install Trivy vulnerability scanner	2025-10-10T14:18:58.9606367Z  create mode 100644 audit/scan/trivy_table_18409159190.log
job-core	Install Trivy vulnerability scanner	2025-10-10T14:18:58.9606916Z  create mode 100644 audit/scan/trivy_table_18409189448.log
job-core	Install Trivy vulnerability scanner	2025-10-10T14:18:58.9607445Z  create mode 100644 audit/scan/trivy_table_18409189682.log
job-core	Install Trivy vulnerability scanner	2025-10-10T14:18:58.9607973Z  create mode 100644 audit/scan/trivy_table_18409218591.log
job-core	Install Trivy vulnerability scanner	2025-10-10T14:18:58.9975891Z [main ad95d044e] [Ka0s] Add scan image and logs from 18409159294
job-core	Install Trivy vulnerability scanner	2025-10-10T14:18:58.9999051Z  4 files changed, 429 insertions(+)
job-core	Install Trivy vulnerability scanner	2025-10-10T14:18:59.0002228Z  create mode 100644 audit/scan/18409159294.json
job-core	Install Trivy vulnerability scanner	2025-10-10T14:18:59.0002734Z  create mode 100644 audit/scan/build_18409159294.log
job-core	Install Trivy vulnerability scanner	2025-10-10T14:18:59.0007338Z  create mode 100644 audit/scan/trivy_json_18409159294.log
job-core	Install Trivy vulnerability scanner	2025-10-10T14:18:59.0008664Z  create mode 100644 audit/scan/trivy_table_18409159294.log
job-core	Install Trivy vulnerability scanner	2025-10-10T14:18:59.4585987Z To https://github.com/Ka0s-Klaus/ka0s
job-core	Install Trivy vulnerability scanner	2025-10-10T14:18:59.4589784Z  ! [rejected]            main -> main (stale info)
job-core	Install Trivy vulnerability scanner	2025-10-10T14:18:59.4602083Z error: failed to push some refs to 'https://github.com/Ka0s-Klaus/ka0s'
job-core	Install Trivy vulnerability scanner	2025-10-10T14:18:59.4664795Z ‚ö†Ô∏è git push failed, retrying (1/3)...
job-core	Install Trivy vulnerability scanner	2025-10-10T14:19:00.3705557Z From https://github.com/Ka0s-Klaus/ka0s
job-core	Install Trivy vulnerability scanner	2025-10-10T14:19:00.3706029Z    c26069e55..2faa2bfa8  main       -> origin/main
job-core	Install Trivy vulnerability scanner	2025-10-10T14:19:00.4117527Z Rebasing (1/1)
job-core	Install Trivy vulnerability scanner	2025-10-10T14:19:00.4117998Z Successfully rebased and updated refs/heads/main.
job-core	Install Trivy vulnerability scanner	2025-10-10T14:19:03.3158502Z To https://github.com/Ka0s-Klaus/ka0s
job-core	Install Trivy vulnerability scanner	2025-10-10T14:19:03.3158892Z    2faa2bfa8..fd6a136ec  main -> main
job-core	Tag and Push if scan passes	Ôªø2025-10-10T14:19:03.3331400Z ##[group]Run # Logeamos en docker hub
job-core	Tag and Push if scan passes	2025-10-10T14:19:03.3331787Z [36;1m# Logeamos en docker hub[0m
job-core	Tag and Push if scan passes	2025-10-10T14:19:03.3332350Z [36;1msudo docker login -u *** -p ***[0m
job-core	Tag and Push if scan passes	2025-10-10T14:19:03.3332694Z [36;1m# A√±adimos la imagen a la version[0m
job-core	Tag and Push if scan passes	2025-10-10T14:19:03.3333102Z [36;1msudo docker tag actions-runner:1.0.3 ***/actions-runner:1.0.3[0m
job-core	Tag and Push if scan passes	2025-10-10T14:19:03.3334101Z [36;1mecho "Se ha generado la version ***/actions-runner:1.0.3 ...."[0m
job-core	Tag and Push if scan passes	2025-10-10T14:19:03.3334586Z [36;1m# Subimos las imagenes[0m
job-core	Tag and Push if scan passes	2025-10-10T14:19:03.3334903Z [36;1msudo docker push ***/actions-runner:1.0.3[0m
job-core	Tag and Push if scan passes	2025-10-10T14:19:03.3342758Z shell: /usr/bin/bash -e {0}
job-core	Tag and Push if scan passes	2025-10-10T14:19:03.3343000Z env:
job-core	Tag and Push if scan passes	2025-10-10T14:19:03.3343893Z   GITHUB_TOKEN: ***
job-core	Tag and Push if scan passes	2025-10-10T14:19:03.3344146Z   KAOS_MODULE: [Ka0s] Personalized Image Runners
job-core	Tag and Push if scan passes	2025-10-10T14:19:03.3344445Z   KAOS_CODE: 18409159294
job-core	Tag and Push if scan passes	2025-10-10T14:19:03.3344676Z   KAOS_PATH_SCAN: audit/scan/
job-core	Tag and Push if scan passes	2025-10-10T14:19:03.3344909Z ##[endgroup]
job-core	Tag and Push if scan passes	2025-10-10T14:19:03.3833028Z WARNING! Using --password via the CLI is insecure. Use --password-stdin.
job-core	Tag and Push if scan passes	2025-10-10T14:19:04.3325994Z 
job-core	Tag and Push if scan passes	2025-10-10T14:19:04.3326526Z WARNING! Your credentials are stored unencrypted in '/root/.docker/config.json'.
job-core	Tag and Push if scan passes	2025-10-10T14:19:04.3327329Z Login Succeeded
job-core	Tag and Push if scan passes	2025-10-10T14:19:04.3327643Z Configure a credential helper to remove this warning. See
job-core	Tag and Push if scan passes	2025-10-10T14:19:04.3328042Z https://docs.docker.com/go/credential-store/
job-core	Tag and Push if scan passes	2025-10-10T14:19:04.3328263Z 
job-core	Tag and Push if scan passes	2025-10-10T14:19:04.3894990Z Se ha generado la version ***/actions-runner:1.0.3 ....
job-core	Tag and Push if scan passes	2025-10-10T14:19:04.4214472Z The push refers to repository [docker.io/***/actions-runner]
job-core	Tag and Push if scan passes	2025-10-10T14:19:04.7386193Z 5f70bf18a086: Preparing
job-core	Tag and Push if scan passes	2025-10-10T14:19:04.7387723Z 5a3fa372d6d8: Preparing
job-core	Tag and Push if scan passes	2025-10-10T14:19:04.7389229Z e7ae29ee5597: Preparing
job-core	Tag and Push if scan passes	2025-10-10T14:19:04.7391048Z 49d18ba3ad15: Preparing
job-core	Tag and Push if scan passes	2025-10-10T14:19:04.7391761Z b57174de5293: Preparing
job-core	Tag and Push if scan passes	2025-10-10T14:19:04.7393545Z 3434f4824f12: Preparing
job-core	Tag and Push if scan passes	2025-10-10T14:19:04.7394116Z 5e75e89f1382: Preparing
job-core	Tag and Push if scan passes	2025-10-10T14:19:04.7394390Z d189d5e0baf9: Preparing
job-core	Tag and Push if scan passes	2025-10-10T14:19:04.7394646Z 5f70bf18a086: Preparing
job-core	Tag and Push if scan passes	2025-10-10T14:19:04.7394868Z adf87f6215ec: Preparing
job-core	Tag and Push if scan passes	2025-10-10T14:19:04.7395093Z f783f1d71d71: Preparing
job-core	Tag and Push if scan passes	2025-10-10T14:19:04.7395318Z 0cafcbd3752e: Preparing
job-core	Tag and Push if scan passes	2025-10-10T14:19:04.7395557Z 715068af6c5d: Preparing
job-core	Tag and Push if scan passes	2025-10-10T14:19:04.7395779Z 93556be7de21: Preparing
job-core	Tag and Push if scan passes	2025-10-10T14:19:04.7396000Z 90a2bf02e851: Preparing
job-core	Tag and Push if scan passes	2025-10-10T14:19:04.7396228Z 3434f4824f12: Waiting
job-core	Tag and Push if scan passes	2025-10-10T14:19:04.7398279Z 5e75e89f1382: Waiting
job-core	Tag and Push if scan passes	2025-10-10T14:19:04.7398622Z d189d5e0baf9: Waiting
job-core	Tag and Push if scan passes	2025-10-10T14:19:04.7398861Z adf87f6215ec: Waiting
job-core	Tag and Push if scan passes	2025-10-10T14:19:04.7399075Z f783f1d71d71: Waiting
job-core	Tag and Push if scan passes	2025-10-10T14:19:04.7399290Z 0cafcbd3752e: Waiting
job-core	Tag and Push if scan passes	2025-10-10T14:19:04.7399507Z 715068af6c5d: Waiting
job-core	Tag and Push if scan passes	2025-10-10T14:19:04.7399718Z 90a2bf02e851: Waiting
job-core	Tag and Push if scan passes	2025-10-10T14:19:04.7399929Z 93556be7de21: Waiting
job-core	Tag and Push if scan passes	2025-10-10T14:19:05.3825489Z 5a3fa372d6d8: Layer already exists
job-core	Tag and Push if scan passes	2025-10-10T14:19:05.3854307Z e7ae29ee5597: Layer already exists
job-core	Tag and Push if scan passes	2025-10-10T14:19:05.5455370Z 49d18ba3ad15: Layer already exists
job-core	Tag and Push if scan passes	2025-10-10T14:19:05.5616015Z 5f70bf18a086: Layer already exists
job-core	Tag and Push if scan passes	2025-10-10T14:19:05.5805334Z b57174de5293: Layer already exists
job-core	Tag and Push if scan passes	2025-10-10T14:19:05.8834707Z adf87f6215ec: Layer already exists
job-core	Tag and Push if scan passes	2025-10-10T14:19:05.9753153Z 5e75e89f1382: Layer already exists
job-core	Tag and Push if scan passes	2025-10-10T14:19:06.0156012Z 3434f4824f12: Layer already exists
job-core	Tag and Push if scan passes	2025-10-10T14:19:06.0491867Z d189d5e0baf9: Layer already exists
job-core	Tag and Push if scan passes	2025-10-10T14:19:06.1285281Z f783f1d71d71: Layer already exists
job-core	Tag and Push if scan passes	2025-10-10T14:19:06.2080954Z 0cafcbd3752e: Layer already exists
job-core	Tag and Push if scan passes	2025-10-10T14:19:06.3813060Z 90a2bf02e851: Layer already exists
job-core	Tag and Push if scan passes	2025-10-10T14:19:06.4954183Z 715068af6c5d: Layer already exists
job-core	Tag and Push if scan passes	2025-10-10T14:19:06.5488208Z 93556be7de21: Layer already exists
job-core	Tag and Push if scan passes	2025-10-10T14:19:09.1105561Z 1.0.3: digest: sha256:d7e730ec11b3d70bd1c50a9a35c61ca8f5e55e0c08224a409aa6cbad31147180 size: 3479
job-core	Post Login to Docker Hub	Ôªø2025-10-10T14:19:09.1567306Z Post job cleanup.
job-core	Post Login to Docker Hub	2025-10-10T14:19:10.0457412Z [command]/usr/bin/docker logout docker.io
job-core	Post Login to Docker Hub	2025-10-10T14:19:10.0718692Z Removing login credentials for docker.io
job-core	Post Login to Docker Hub	2025-10-10T14:19:10.0793367Z ##[group]Post cache
job-core	Post Login to Docker Hub	2025-10-10T14:19:10.0794053Z State not set
job-core	Post Login to Docker Hub	2025-10-10T14:19:10.0818876Z ##[endgroup]
job-core	Post Checkout code	Ôªø2025-10-10T14:19:10.1926253Z Post job cleanup.
job-core	Post Checkout code	2025-10-10T14:19:10.5469943Z [command]/usr/bin/git version
job-core	Post Checkout code	2025-10-10T14:19:10.5470285Z git version 2.51.0
job-core	Post Checkout code	2025-10-10T14:19:10.5514498Z Copying '/home/runner/.gitconfig' to '/home/runner/_work/_temp/254bae47-7479-4469-8a91-1f2f2050a4af/.gitconfig'
job-core	Post Checkout code	2025-10-10T14:19:10.5515478Z Temporarily overriding HOME='/home/runner/_work/_temp/254bae47-7479-4469-8a91-1f2f2050a4af' before making global git config changes
job-core	Post Checkout code	2025-10-10T14:19:10.5642481Z Adding repository directory to the temporary git global config as a safe directory
job-core	Post Checkout code	2025-10-10T14:19:10.5643617Z [command]/usr/bin/git config --global --add safe.directory /home/runner/_work/ka0s/ka0s
job-core	Post Checkout code	2025-10-10T14:19:10.5644834Z [command]/usr/bin/git config --local --name-only --get-regexp core\.sshCommand
job-core	Post Checkout code	2025-10-10T14:19:10.5811762Z [command]/usr/bin/git submodule foreach --recursive sh -c "git config --local --name-only --get-regexp 'core\.sshCommand' && git config --local --unset-all 'core.sshCommand' || :"
job-core	Post Checkout code	2025-10-10T14:19:10.6865842Z [command]/usr/bin/git config --local --name-only --get-regexp http\.https\:\/\/github\.com\/\.extraheader
job-core	Post Checkout code	2025-10-10T14:19:10.6896242Z http.https://github.com/.extraheader
job-core	Post Checkout code	2025-10-10T14:19:10.6998119Z [command]/usr/bin/git config --local --unset-all http.https://github.com/.extraheader
job-core	Post Checkout code	2025-10-10T14:19:10.7136306Z [command]/usr/bin/git submodule foreach --recursive sh -c "git config --local --name-only --get-regexp 'http\.https\:\/\/github\.com\/\.extraheader' && git config --local --unset-all 'http.https://github.com/.extraheader' || :"
job-core	Complete job	Ôªø2025-10-10T14:19:10.9100529Z Cleaning up orphan processes
handle-success	Set up job	Ôªø2025-10-10T14:19:32.1651960Z Current runner version: '2.328.0'
handle-success	Set up job	2025-10-10T14:19:32.1660233Z Runner name: '5a7980df137e'
handle-success	Set up job	2025-10-10T14:19:32.1661185Z Runner group name: 'swarm-runners'
handle-success	Set up job	2025-10-10T14:19:32.1662261Z Machine name: '5a7980df137e'
handle-success	Set up job	2025-10-10T14:19:32.1665686Z ##[group]GITHUB_TOKEN Permissions
handle-success	Set up job	2025-10-10T14:19:32.1668587Z Actions: write
handle-success	Set up job	2025-10-10T14:19:32.1669171Z Contents: read
handle-success	Set up job	2025-10-10T14:19:32.1669822Z Issues: write
handle-success	Set up job	2025-10-10T14:19:32.1670826Z Metadata: read
handle-success	Set up job	2025-10-10T14:19:32.1671387Z ##[endgroup]
handle-success	Set up job	2025-10-10T14:19:32.1675078Z Secret source: Actions
handle-success	Set up job	2025-10-10T14:19:32.1676078Z Prepare workflow directory
handle-success	Set up job	2025-10-10T14:19:32.2364021Z Prepare all required actions
handle-success	Set up job	2025-10-10T14:19:32.2413638Z Getting action download info
handle-success	Set up job	2025-10-10T14:19:32.7994637Z Download action repository 'actions/checkout@v4' (SHA:08eba0b27e820071cde6df949e0beb9ba4906955)
handle-success	Set up job	2025-10-10T14:19:33.6178427Z Complete job name: handle-success
handle-success	Checkout code	Ôªø2025-10-10T14:19:33.6886615Z ##[group]Run actions/checkout@v4
handle-success	Checkout code	2025-10-10T14:19:33.6887615Z with:
handle-success	Checkout code	2025-10-10T14:19:33.6888083Z   fetch-depth: 0
handle-success	Checkout code	2025-10-10T14:19:33.6888774Z   token: ***
handle-success	Checkout code	2025-10-10T14:19:33.6889224Z   repository: Ka0s-Klaus/ka0s
handle-success	Checkout code	2025-10-10T14:19:33.6889711Z   ssh-strict: true
handle-success	Checkout code	2025-10-10T14:19:33.6890124Z   ssh-user: git
handle-success	Checkout code	2025-10-10T14:19:33.6890543Z   persist-credentials: true
handle-success	Checkout code	2025-10-10T14:19:33.6890999Z   clean: true
handle-success	Checkout code	2025-10-10T14:19:33.6891415Z   sparse-checkout-cone-mode: true
handle-success	Checkout code	2025-10-10T14:19:33.6891923Z   fetch-tags: false
handle-success	Checkout code	2025-10-10T14:19:33.6892348Z   show-progress: true
handle-success	Checkout code	2025-10-10T14:19:33.6892774Z   lfs: false
handle-success	Checkout code	2025-10-10T14:19:33.6893178Z   submodules: false
handle-success	Checkout code	2025-10-10T14:19:33.6893869Z   set-safe-directory: true
handle-success	Checkout code	2025-10-10T14:19:33.6894919Z env:
handle-success	Checkout code	2025-10-10T14:19:33.6895906Z   GITHUB_TOKEN: ***
handle-success	Checkout code	2025-10-10T14:19:33.6896410Z   KAOS_MODULE: [Ka0s] Personalized Image Runners
handle-success	Checkout code	2025-10-10T14:19:33.6897002Z   KAOS_CODE: 18409159294
handle-success	Checkout code	2025-10-10T14:19:33.6897479Z   KAOS_PATH_SCAN: audit/scan/
handle-success	Checkout code	2025-10-10T14:19:33.6897965Z ##[endgroup]
handle-success	Checkout code	2025-10-10T14:19:33.8477458Z Syncing repository: Ka0s-Klaus/ka0s
handle-success	Checkout code	2025-10-10T14:19:33.8479890Z ##[group]Getting Git version info
handle-success	Checkout code	2025-10-10T14:19:33.8480587Z Working directory is '/home/runner/_work/ka0s/ka0s'
handle-success	Checkout code	2025-10-10T14:19:33.8509900Z [command]/usr/bin/git version
handle-success	Checkout code	2025-10-10T14:19:33.8510536Z git version 2.51.0
handle-success	Checkout code	2025-10-10T14:19:33.8530434Z ##[endgroup]
handle-success	Checkout code	2025-10-10T14:19:33.8548847Z Copying '/home/runner/.gitconfig' to '/home/runner/_work/_temp/8b3b3ef9-21e9-4cbd-a51a-1d25e6242f39/.gitconfig'
handle-success	Checkout code	2025-10-10T14:19:33.8569497Z Temporarily overriding HOME='/home/runner/_work/_temp/8b3b3ef9-21e9-4cbd-a51a-1d25e6242f39' before making global git config changes
handle-success	Checkout code	2025-10-10T14:19:33.8582789Z Adding repository directory to the temporary git global config as a safe directory
handle-success	Checkout code	2025-10-10T14:19:33.8591132Z [command]/usr/bin/git config --global --add safe.directory /home/runner/_work/ka0s/ka0s
handle-success	Checkout code	2025-10-10T14:19:33.8662389Z [command]/usr/bin/git config --local --get remote.origin.url
handle-success	Checkout code	2025-10-10T14:19:33.8721345Z https://github.com/Ka0s-Klaus/ka0s
handle-success	Checkout code	2025-10-10T14:19:33.8759297Z ##[group]Removing previously created refs, to avoid conflicts
handle-success	Checkout code	2025-10-10T14:19:33.8771050Z [command]/usr/bin/git rev-parse --symbolic-full-name --verify --quiet HEAD
handle-success	Checkout code	2025-10-10T14:19:33.8843248Z refs/heads/H1968-modulo-personalizaci√≥n-del-portal-de-kaos-core
handle-success	Checkout code	2025-10-10T14:19:33.8895688Z [command]/usr/bin/git checkout --detach
handle-success	Checkout code	2025-10-10T14:19:33.9191153Z HEAD is now at b2e146e1a [Ka0S] Uploading resume execution files to the repository...
handle-success	Checkout code	2025-10-10T14:19:33.9375904Z [command]/usr/bin/git branch --delete --force H1968-modulo-personalizaci√≥n-del-portal-de-kaos-core
handle-success	Checkout code	2025-10-10T14:19:33.9429384Z Deleted branch H1968-modulo-personalizaci√≥n-del-portal-de-kaos-core (was b2e146e1a).
handle-success	Checkout code	2025-10-10T14:19:33.9641461Z ##[endgroup]
handle-success	Checkout code	2025-10-10T14:19:33.9649127Z [command]/usr/bin/git submodule status
handle-success	Checkout code	2025-10-10T14:19:34.0677266Z ##[group]Cleaning the repository
handle-success	Checkout code	2025-10-10T14:19:34.0697480Z [command]/usr/bin/git clean -ffdx
handle-success	Checkout code	2025-10-10T14:19:34.0833778Z [command]/usr/bin/git reset --hard HEAD
handle-success	Checkout code	2025-10-10T14:19:34.1017744Z HEAD is now at b2e146e1a [Ka0S] Uploading resume execution files to the repository...
handle-success	Checkout code	2025-10-10T14:19:34.1076050Z ##[endgroup]
handle-success	Checkout code	2025-10-10T14:19:34.1077679Z ##[group]Disabling automatic garbage collection
handle-success	Checkout code	2025-10-10T14:19:34.1085177Z [command]/usr/bin/git config --local gc.auto 0
handle-success	Checkout code	2025-10-10T14:19:34.1147370Z ##[endgroup]
handle-success	Checkout code	2025-10-10T14:19:34.1148198Z ##[group]Setting up auth
handle-success	Checkout code	2025-10-10T14:19:34.1168760Z [command]/usr/bin/git config --local --name-only --get-regexp core\.sshCommand
handle-success	Checkout code	2025-10-10T14:19:34.1277530Z [command]/usr/bin/git submodule foreach --recursive sh -c "git config --local --name-only --get-regexp 'core\.sshCommand' && git config --local --unset-all 'core.sshCommand' || :"
handle-success	Checkout code	2025-10-10T14:19:34.1811868Z [command]/usr/bin/git config --local --name-only --get-regexp http\.https\:\/\/github\.com\/\.extraheader
handle-success	Checkout code	2025-10-10T14:19:34.1852118Z [command]/usr/bin/git submodule foreach --recursive sh -c "git config --local --name-only --get-regexp 'http\.https\:\/\/github\.com\/\.extraheader' && git config --local --unset-all 'http.https://github.com/.extraheader' || :"
handle-success	Checkout code	2025-10-10T14:19:34.2217304Z [command]/usr/bin/git config --local http.https://github.com/.extraheader AUTHORIZATION: basic ***
handle-success	Checkout code	2025-10-10T14:19:34.2292101Z ##[endgroup]
handle-success	Checkout code	2025-10-10T14:19:34.2299726Z ##[group]Fetching the repository
handle-success	Checkout code	2025-10-10T14:19:34.2306017Z [command]/usr/bin/git -c protocol.version=2 fetch --prune --no-recurse-submodules origin +refs/heads/*:refs/remotes/origin/* +refs/tags/*:refs/tags/*
handle-success	Checkout code	2025-10-10T14:19:34.9689364Z From https://github.com/Ka0s-Klaus/ka0s
handle-success	Checkout code	2025-10-10T14:19:34.9692025Z    b2e146e1a..8fe20ec93  H1968-modulo-personalizaci√≥n-del-portal-de-kaos-core -> origin/H1968-modulo-personalizaci√≥n-del-portal-de-kaos-core
handle-success	Checkout code	2025-10-10T14:19:34.9694172Z    fd6a136ec..39e03d159  main       -> origin/main
handle-success	Checkout code	2025-10-10T14:19:34.9722815Z [command]/usr/bin/git branch --list --remote origin/main
handle-success	Checkout code	2025-10-10T14:19:34.9788676Z   origin/main
handle-success	Checkout code	2025-10-10T14:19:34.9809426Z [command]/usr/bin/git rev-parse refs/remotes/origin/main
handle-success	Checkout code	2025-10-10T14:19:34.9862311Z 39e03d1592f0b6f0ff0d9553830f5eefbf04a06f
handle-success	Checkout code	2025-10-10T14:19:34.9897969Z [command]/usr/bin/git -c protocol.version=2 fetch --no-tags --prune --no-recurse-submodules origin +0e405a8826afda02871f1ba8f95fc4e787758743:refs/remotes/origin/main
handle-success	Checkout code	2025-10-10T14:19:35.0093166Z From https://github.com/Ka0s-Klaus/ka0s
handle-success	Checkout code	2025-10-10T14:19:35.0095211Z  + 39e03d159...0e405a882 0e405a8826afda02871f1ba8f95fc4e787758743 -> origin/main  (forced update)
handle-success	Checkout code	2025-10-10T14:19:35.0130941Z ##[endgroup]
handle-success	Checkout code	2025-10-10T14:19:35.0134902Z ##[group]Determining the checkout info
handle-success	Checkout code	2025-10-10T14:19:35.0136521Z ##[endgroup]
handle-success	Checkout code	2025-10-10T14:19:35.0142056Z [command]/usr/bin/git sparse-checkout disable
handle-success	Checkout code	2025-10-10T14:19:35.0214025Z [command]/usr/bin/git config --local --unset-all extensions.worktreeConfig
handle-success	Checkout code	2025-10-10T14:19:35.0266769Z ##[group]Checking out the ref
handle-success	Checkout code	2025-10-10T14:19:35.0275624Z [command]/usr/bin/git checkout --progress --force -B main refs/remotes/origin/main
handle-success	Checkout code	2025-10-10T14:19:35.0541309Z Previous HEAD position was b2e146e1a [Ka0S] Uploading resume execution files to the repository...
handle-success	Checkout code	2025-10-10T14:19:35.0552418Z Switched to a new branch 'main'
handle-success	Checkout code	2025-10-10T14:19:35.0567120Z branch 'main' set up to track 'origin/main'.
handle-success	Checkout code	2025-10-10T14:19:35.0572209Z ##[endgroup]
handle-success	Checkout code	2025-10-10T14:19:35.0611531Z [command]/usr/bin/git log -1 --format=%H
handle-success	Checkout code	2025-10-10T14:19:35.0640554Z 0e405a8826afda02871f1ba8f95fc4e787758743
handle-success	handle-success-execution	Ôªø2025-10-10T14:19:35.0913795Z ##[group]Run # RNNUMBER=$(echo "refs/heads/main" | grep -o '[0-9]*')
handle-success	handle-success-execution	2025-10-10T14:19:35.0915280Z [36;1m# RNNUMBER=$(echo "refs/heads/main" | grep -o '[0-9]*')[0m
handle-success	handle-success-execution	2025-10-10T14:19:35.0916899Z [36;1m# gh issue comment $RNNUMBER --body "El proceso ha finalizado correctamente 18409159294. El resultado est√° en el fichero core/results/event_data_18409159294.log"[0m
handle-success	handle-success-execution	2025-10-10T14:19:35.0919015Z [36;1mecho "El proceso ha finalizado correctamente 18409159294. El resultado est√° en el fichero core/results/event_data_18409159294.log"[0m
handle-success	handle-success-execution	2025-10-10T14:19:35.0934867Z shell: /usr/bin/bash -e {0}
handle-success	handle-success-execution	2025-10-10T14:19:35.0935597Z env:
handle-success	handle-success-execution	2025-10-10T14:19:35.0936906Z   GITHUB_TOKEN: ***
handle-success	handle-success-execution	2025-10-10T14:19:35.0937967Z   KAOS_MODULE: [Ka0s] Personalized Image Runners
handle-success	handle-success-execution	2025-10-10T14:19:35.0938673Z   KAOS_CODE: 18409159294
handle-success	handle-success-execution	2025-10-10T14:19:35.0939254Z   KAOS_PATH_SCAN: audit/scan/
handle-success	handle-success-execution	2025-10-10T14:19:35.0940044Z   GH_TOKEN: ***
handle-success	handle-success-execution	2025-10-10T14:19:35.0940569Z ##[endgroup]
handle-success	handle-success-execution	2025-10-10T14:19:35.1083615Z El proceso ha finalizado correctamente 18409159294. El resultado est√° en el fichero core/results/event_data_18409159294.log
handle-success	Post Checkout code	Ôªø2025-10-10T14:19:35.1370601Z Post job cleanup.
handle-success	Post Checkout code	2025-10-10T14:19:35.2634914Z [command]/usr/bin/git version
handle-success	Post Checkout code	2025-10-10T14:19:35.2674534Z git version 2.51.0
handle-success	Post Checkout code	2025-10-10T14:19:35.2722086Z Copying '/home/runner/.gitconfig' to '/home/runner/_work/_temp/1985aebb-3626-473d-a7f1-f54ea7127248/.gitconfig'
handle-success	Post Checkout code	2025-10-10T14:19:35.2737512Z Temporarily overriding HOME='/home/runner/_work/_temp/1985aebb-3626-473d-a7f1-f54ea7127248' before making global git config changes
handle-success	Post Checkout code	2025-10-10T14:19:35.2739625Z Adding repository directory to the temporary git global config as a safe directory
handle-success	Post Checkout code	2025-10-10T14:19:35.2748817Z [command]/usr/bin/git config --global --add safe.directory /home/runner/_work/ka0s/ka0s
handle-success	Post Checkout code	2025-10-10T14:19:35.2796408Z [command]/usr/bin/git config --local --name-only --get-regexp core\.sshCommand
handle-success	Post Checkout code	2025-10-10T14:19:35.2846021Z [command]/usr/bin/git submodule foreach --recursive sh -c "git config --local --name-only --get-regexp 'core\.sshCommand' && git config --local --unset-all 'core.sshCommand' || :"
handle-success	Post Checkout code	2025-10-10T14:19:35.3351473Z [command]/usr/bin/git config --local --name-only --get-regexp http\.https\:\/\/github\.com\/\.extraheader
handle-success	Post Checkout code	2025-10-10T14:19:35.3418484Z http.https://github.com/.extraheader
handle-success	Post Checkout code	2025-10-10T14:19:35.3448422Z [command]/usr/bin/git config --local --unset-all http.https://github.com/.extraheader
handle-success	Post Checkout code	2025-10-10T14:19:35.3652374Z [command]/usr/bin/git submodule foreach --recursive sh -c "git config --local --name-only --get-regexp 'http\.https\:\/\/github\.com\/\.extraheader' && git config --local --unset-all 'http.https://github.com/.extraheader' || :"
handle-success	Complete job	Ôªø2025-10-10T14:19:35.4806835Z Cleaning up orphan processes
end-workflow	Set up job	Ôªø2025-10-10T14:19:44.5491264Z Current runner version: '2.328.0'
end-workflow	Set up job	2025-10-10T14:19:44.5501265Z Runner name: '1badebc748d0'
end-workflow	Set up job	2025-10-10T14:19:44.5502205Z Runner group name: 'swarm-runners'
end-workflow	Set up job	2025-10-10T14:19:44.5503189Z Machine name: '1badebc748d0'
end-workflow	Set up job	2025-10-10T14:19:44.5506554Z ##[group]GITHUB_TOKEN Permissions
end-workflow	Set up job	2025-10-10T14:19:44.5511767Z Actions: write
end-workflow	Set up job	2025-10-10T14:19:44.5512405Z Contents: read
end-workflow	Set up job	2025-10-10T14:19:44.5512988Z Issues: write
end-workflow	Set up job	2025-10-10T14:19:44.5513722Z Metadata: read
end-workflow	Set up job	2025-10-10T14:19:44.5514269Z ##[endgroup]
end-workflow	Set up job	2025-10-10T14:19:44.5516875Z Secret source: Actions
end-workflow	Set up job	2025-10-10T14:19:44.5517785Z Prepare workflow directory
end-workflow	Set up job	2025-10-10T14:19:44.6513175Z Prepare all required actions
end-workflow	Set up job	2025-10-10T14:19:44.6605070Z Getting action download info
end-workflow	Set up job	2025-10-10T14:19:45.2802570Z Download action repository 'actions/checkout@v4' (SHA:08eba0b27e820071cde6df949e0beb9ba4906955)
end-workflow	Set up job	2025-10-10T14:19:46.1972513Z Complete job name: end-workflow
end-workflow	Checkout code	Ôªø2025-10-10T14:19:46.2828112Z ##[group]Run actions/checkout@v4
end-workflow	Checkout code	2025-10-10T14:19:46.2829390Z with:
end-workflow	Checkout code	2025-10-10T14:19:46.2829972Z   fetch-depth: 0
end-workflow	Checkout code	2025-10-10T14:19:46.2830804Z   token: ***
end-workflow	Checkout code	2025-10-10T14:19:46.2831387Z   repository: Ka0s-Klaus/ka0s
end-workflow	Checkout code	2025-10-10T14:19:46.2831970Z   ssh-strict: true
end-workflow	Checkout code	2025-10-10T14:19:46.2832451Z   ssh-user: git
end-workflow	Checkout code	2025-10-10T14:19:46.2832947Z   persist-credentials: true
end-workflow	Checkout code	2025-10-10T14:19:46.2833616Z   clean: true
end-workflow	Checkout code	2025-10-10T14:19:46.2834120Z   sparse-checkout-cone-mode: true
end-workflow	Checkout code	2025-10-10T14:19:46.2834919Z   fetch-tags: false
end-workflow	Checkout code	2025-10-10T14:19:46.2835433Z   show-progress: true
end-workflow	Checkout code	2025-10-10T14:19:46.2835930Z   lfs: false
end-workflow	Checkout code	2025-10-10T14:19:46.2836388Z   submodules: false
end-workflow	Checkout code	2025-10-10T14:19:46.2836928Z   set-safe-directory: true
end-workflow	Checkout code	2025-10-10T14:19:46.2838011Z env:
end-workflow	Checkout code	2025-10-10T14:19:46.2839188Z   GITHUB_TOKEN: ***
end-workflow	Checkout code	2025-10-10T14:19:46.2865290Z   KAOS_MODULE: [Ka0s] Personalized Image Runners
end-workflow	Checkout code	2025-10-10T14:19:46.2866247Z   KAOS_CODE: 18409159294
end-workflow	Checkout code	2025-10-10T14:19:46.2866800Z   KAOS_PATH_SCAN: audit/scan/
end-workflow	Checkout code	2025-10-10T14:19:46.2867754Z   GH_TOKEN: ***
end-workflow	Checkout code	2025-10-10T14:19:46.2868379Z ##[endgroup]
end-workflow	Checkout code	2025-10-10T14:19:46.4596687Z Syncing repository: Ka0s-Klaus/ka0s
end-workflow	Checkout code	2025-10-10T14:19:46.4605648Z ##[group]Getting Git version info
end-workflow	Checkout code	2025-10-10T14:19:46.4606575Z Working directory is '/home/runner/_work/ka0s/ka0s'
end-workflow	Checkout code	2025-10-10T14:19:46.4607736Z [command]/usr/bin/git version
end-workflow	Checkout code	2025-10-10T14:19:46.4608408Z git version 2.51.0
end-workflow	Checkout code	2025-10-10T14:19:46.4632734Z ##[endgroup]
end-workflow	Checkout code	2025-10-10T14:19:46.4650848Z Copying '/home/runner/.gitconfig' to '/home/runner/_work/_temp/5b06d5d3-eb57-48e1-8d50-b44dbd731d68/.gitconfig'
end-workflow	Checkout code	2025-10-10T14:19:46.4663667Z Temporarily overriding HOME='/home/runner/_work/_temp/5b06d5d3-eb57-48e1-8d50-b44dbd731d68' before making global git config changes
end-workflow	Checkout code	2025-10-10T14:19:46.4666748Z Adding repository directory to the temporary git global config as a safe directory
end-workflow	Checkout code	2025-10-10T14:19:46.4669125Z [command]/usr/bin/git config --global --add safe.directory /home/runner/_work/ka0s/ka0s
end-workflow	Checkout code	2025-10-10T14:19:46.4722327Z [command]/usr/bin/git config --local --get remote.origin.url
end-workflow	Checkout code	2025-10-10T14:19:46.4766064Z https://github.com/Ka0s-Klaus/ka0s
end-workflow	Checkout code	2025-10-10T14:19:46.4791455Z ##[group]Removing previously created refs, to avoid conflicts
end-workflow	Checkout code	2025-10-10T14:19:46.4796750Z [command]/usr/bin/git rev-parse --symbolic-full-name --verify --quiet HEAD
end-workflow	Checkout code	2025-10-10T14:19:46.4842976Z refs/heads/main
end-workflow	Checkout code	2025-10-10T14:19:46.4846206Z [command]/usr/bin/git checkout --detach
end-workflow	Checkout code	2025-10-10T14:19:46.4949946Z HEAD is now at 0e405a882 [Ka0s] üìä Directory scan report: core/runner
end-workflow	Checkout code	2025-10-10T14:19:46.5110419Z [command]/usr/bin/git branch --delete --force main
end-workflow	Checkout code	2025-10-10T14:19:46.5160915Z Deleted branch main (was 0e405a882).
end-workflow	Checkout code	2025-10-10T14:19:46.5292937Z ##[endgroup]
end-workflow	Checkout code	2025-10-10T14:19:46.5293892Z [command]/usr/bin/git submodule status
end-workflow	Checkout code	2025-10-10T14:19:46.5648015Z ##[group]Cleaning the repository
end-workflow	Checkout code	2025-10-10T14:19:46.5665332Z [command]/usr/bin/git clean -ffdx
end-workflow	Checkout code	2025-10-10T14:19:46.5755726Z [command]/usr/bin/git reset --hard HEAD
end-workflow	Checkout code	2025-10-10T14:19:46.5847233Z HEAD is now at 0e405a882 [Ka0s] üìä Directory scan report: core/runner
end-workflow	Checkout code	2025-10-10T14:19:46.5862822Z ##[endgroup]
end-workflow	Checkout code	2025-10-10T14:19:46.5864002Z ##[group]Disabling automatic garbage collection
end-workflow	Checkout code	2025-10-10T14:19:46.5871048Z [command]/usr/bin/git config --local gc.auto 0
end-workflow	Checkout code	2025-10-10T14:19:46.5907788Z ##[endgroup]
end-workflow	Checkout code	2025-10-10T14:19:46.5910191Z ##[group]Setting up auth
end-workflow	Checkout code	2025-10-10T14:19:46.5911309Z [command]/usr/bin/git config --local --name-only --get-regexp core\.sshCommand
end-workflow	Checkout code	2025-10-10T14:19:46.5956511Z [command]/usr/bin/git submodule foreach --recursive sh -c "git config --local --name-only --get-regexp 'core\.sshCommand' && git config --local --unset-all 'core.sshCommand' || :"
end-workflow	Checkout code	2025-10-10T14:19:46.6276730Z [command]/usr/bin/git config --local --name-only --get-regexp http\.https\:\/\/github\.com\/\.extraheader
end-workflow	Checkout code	2025-10-10T14:19:46.6325324Z [command]/usr/bin/git submodule foreach --recursive sh -c "git config --local --name-only --get-regexp 'http\.https\:\/\/github\.com\/\.extraheader' && git config --local --unset-all 'http.https://github.com/.extraheader' || :"
end-workflow	Checkout code	2025-10-10T14:19:46.6670525Z [command]/usr/bin/git config --local http.https://github.com/.extraheader AUTHORIZATION: basic ***
end-workflow	Checkout code	2025-10-10T14:19:46.6720035Z ##[endgroup]
end-workflow	Checkout code	2025-10-10T14:19:46.6722502Z ##[group]Fetching the repository
end-workflow	Checkout code	2025-10-10T14:19:46.6728318Z [command]/usr/bin/git -c protocol.version=2 fetch --prune --no-recurse-submodules origin +refs/heads/*:refs/remotes/origin/* +refs/tags/*:refs/tags/*
end-workflow	Checkout code	2025-10-10T14:19:47.4634560Z From https://github.com/Ka0s-Klaus/ka0s
end-workflow	Checkout code	2025-10-10T14:19:47.4636898Z    8fe20ec93..1fce103c7  H1968-modulo-personalizaci√≥n-del-portal-de-kaos-core -> origin/H1968-modulo-personalizaci√≥n-del-portal-de-kaos-core
end-workflow	Checkout code	2025-10-10T14:19:47.4662292Z    0e405a882..39e03d159  main       -> origin/main
end-workflow	Checkout code	2025-10-10T14:19:47.4695594Z [command]/usr/bin/git branch --list --remote origin/main
end-workflow	Checkout code	2025-10-10T14:19:47.4784721Z   origin/main
end-workflow	Checkout code	2025-10-10T14:19:47.4830122Z [command]/usr/bin/git rev-parse refs/remotes/origin/main
end-workflow	Checkout code	2025-10-10T14:19:47.4885056Z 39e03d1592f0b6f0ff0d9553830f5eefbf04a06f
end-workflow	Checkout code	2025-10-10T14:19:47.4899517Z [command]/usr/bin/git -c protocol.version=2 fetch --no-tags --prune --no-recurse-submodules origin +0e405a8826afda02871f1ba8f95fc4e787758743:refs/remotes/origin/main
end-workflow	Checkout code	2025-10-10T14:19:47.5209666Z From https://github.com/Ka0s-Klaus/ka0s
end-workflow	Checkout code	2025-10-10T14:19:47.5223282Z  + 39e03d159...0e405a882 0e405a8826afda02871f1ba8f95fc4e787758743 -> origin/main  (forced update)
end-workflow	Checkout code	2025-10-10T14:19:47.5274329Z ##[endgroup]
end-workflow	Checkout code	2025-10-10T14:19:47.5278034Z ##[group]Determining the checkout info
end-workflow	Checkout code	2025-10-10T14:19:47.5292754Z ##[endgroup]
end-workflow	Checkout code	2025-10-10T14:19:47.5299168Z [command]/usr/bin/git sparse-checkout disable
end-workflow	Checkout code	2025-10-10T14:19:47.5420750Z [command]/usr/bin/git config --local --unset-all extensions.worktreeConfig
end-workflow	Checkout code	2025-10-10T14:19:47.5591739Z ##[group]Checking out the ref
end-workflow	Checkout code	2025-10-10T14:19:47.5610673Z [command]/usr/bin/git checkout --progress --force -B main refs/remotes/origin/main
end-workflow	Checkout code	2025-10-10T14:19:47.5811707Z Switched to a new branch 'main'
end-workflow	Checkout code	2025-10-10T14:19:47.5816035Z branch 'main' set up to track 'origin/main'.
end-workflow	Checkout code	2025-10-10T14:19:47.5907722Z ##[endgroup]
end-workflow	Checkout code	2025-10-10T14:19:47.6062679Z [command]/usr/bin/git log -1 --format=%H
end-workflow	Checkout code	2025-10-10T14:19:47.6190636Z 0e405a8826afda02871f1ba8f95fc4e787758743
end-workflow	Finaliza el workflow	Ôªø2025-10-10T14:19:47.7048953Z ##[group]Run echo "End process"
end-workflow	Finaliza el workflow	2025-10-10T14:19:47.7050093Z [36;1mecho "End process"[0m
end-workflow	Finaliza el workflow	2025-10-10T14:19:47.7051106Z [36;1m# RNNUMBER=$(echo "refs/heads/main" | grep -o '[0-9]*')[0m
end-workflow	Finaliza el workflow	2025-10-10T14:19:47.7052648Z [36;1m# gh issue comment $RNNUMBER --body "Se finaliza Ka0s 18409159294"[0m
end-workflow	Finaliza el workflow	2025-10-10T14:19:47.7057784Z [36;1mecho "Se finaliza Ka0s 18409159294"[0m
end-workflow	Finaliza el workflow	2025-10-10T14:19:47.7059449Z [36;1mgh workflow run inspector.yml --ref 'main' -f kaos-workflow-id="18409159294"[0m
end-workflow	Finaliza el workflow	2025-10-10T14:19:47.7095451Z shell: /usr/bin/bash -e {0}
end-workflow	Finaliza el workflow	2025-10-10T14:19:47.7096298Z env:
end-workflow	Finaliza el workflow	2025-10-10T14:19:47.7098284Z   GITHUB_TOKEN: ***
end-workflow	Finaliza el workflow	2025-10-10T14:19:47.7099048Z   KAOS_MODULE: [Ka0s] Personalized Image Runners
end-workflow	Finaliza el workflow	2025-10-10T14:19:47.7100016Z   KAOS_CODE: 18409159294
end-workflow	Finaliza el workflow	2025-10-10T14:19:47.7100712Z   KAOS_PATH_SCAN: audit/scan/
end-workflow	Finaliza el workflow	2025-10-10T14:19:47.7101744Z   GH_TOKEN: ***
end-workflow	Finaliza el workflow	2025-10-10T14:19:47.7102297Z ##[endgroup]
end-workflow	Finaliza el workflow	2025-10-10T14:19:47.7290157Z End process
end-workflow	Finaliza el workflow	2025-10-10T14:19:47.7296212Z Se finaliza Ka0s 18409159294
end-workflow	Post Checkout code	Ôªø2025-10-10T14:19:48.4250992Z Post job cleanup.
end-workflow	Post Checkout code	2025-10-10T14:19:48.5324822Z [command]/usr/bin/git version
end-workflow	Post Checkout code	2025-10-10T14:19:48.5367027Z git version 2.51.0
end-workflow	Post Checkout code	2025-10-10T14:19:48.5409168Z Copying '/home/runner/.gitconfig' to '/home/runner/_work/_temp/974cbc4b-a859-4050-907d-7545fade395e/.gitconfig'
end-workflow	Post Checkout code	2025-10-10T14:19:48.5425317Z Temporarily overriding HOME='/home/runner/_work/_temp/974cbc4b-a859-4050-907d-7545fade395e' before making global git config changes
end-workflow	Post Checkout code	2025-10-10T14:19:48.5428565Z Adding repository directory to the temporary git global config as a safe directory
end-workflow	Post Checkout code	2025-10-10T14:19:48.5431008Z [command]/usr/bin/git config --global --add safe.directory /home/runner/_work/ka0s/ka0s
end-workflow	Post Checkout code	2025-10-10T14:19:48.5472021Z [command]/usr/bin/git config --local --name-only --get-regexp core\.sshCommand
end-workflow	Post Checkout code	2025-10-10T14:19:48.5543474Z [command]/usr/bin/git submodule foreach --recursive sh -c "git config --local --name-only --get-regexp 'core\.sshCommand' && git config --local --unset-all 'core.sshCommand' || :"
end-workflow	Post Checkout code	2025-10-10T14:19:48.5820569Z [command]/usr/bin/git config --local --name-only --get-regexp http\.https\:\/\/github\.com\/\.extraheader
end-workflow	Post Checkout code	2025-10-10T14:19:48.5869686Z http.https://github.com/.extraheader
end-workflow	Post Checkout code	2025-10-10T14:19:48.5885831Z [command]/usr/bin/git config --local --unset-all http.https://github.com/.extraheader
end-workflow	Post Checkout code	2025-10-10T14:19:48.5932315Z [command]/usr/bin/git submodule foreach --recursive sh -c "git config --local --name-only --get-regexp 'http\.https\:\/\/github\.com\/\.extraheader' && git config --local --unset-all 'http.https://github.com/.extraheader' || :"
end-workflow	Complete job	Ôªø2025-10-10T14:19:48.6536650Z Cleaning up orphan processes
