job-core	Set up job	Ôªø2025-10-10T13:39:29.7789607Z Current runner version: '2.328.0'
job-core	Set up job	2025-10-10T13:39:29.7799381Z Runner name: '1e0ea638cbe7'
job-core	Set up job	2025-10-10T13:39:29.7800373Z Runner group name: 'swarm-runners'
job-core	Set up job	2025-10-10T13:39:29.7801665Z Machine name: '1e0ea638cbe7'
job-core	Set up job	2025-10-10T13:39:29.7805370Z ##[group]GITHUB_TOKEN Permissions
job-core	Set up job	2025-10-10T13:39:29.7808681Z Actions: write
job-core	Set up job	2025-10-10T13:39:29.7809248Z Contents: read
job-core	Set up job	2025-10-10T13:39:29.7810086Z Issues: write
job-core	Set up job	2025-10-10T13:39:29.7810646Z Metadata: read
job-core	Set up job	2025-10-10T13:39:29.7811240Z ##[endgroup]
job-core	Set up job	2025-10-10T13:39:29.7814147Z Secret source: Actions
job-core	Set up job	2025-10-10T13:39:29.7814960Z Prepare workflow directory
job-core	Set up job	2025-10-10T13:39:29.8457383Z Prepare all required actions
job-core	Set up job	2025-10-10T13:39:29.8514006Z Getting action download info
job-core	Set up job	2025-10-10T13:39:30.5438139Z Download action repository 'actions/checkout@v4' (SHA:08eba0b27e820071cde6df949e0beb9ba4906955)
job-core	Set up job	2025-10-10T13:39:31.2502439Z Download action repository 'docker/login-action@v3' (SHA:5e57cd118135c172c3672efd75eb46360885c0ef)
job-core	Set up job	2025-10-10T13:39:32.2240117Z Complete job name: job-core
handle_failure	Set up job	Ôªø2025-10-10T13:49:32.5811409Z Current runner version: '2.328.0'
handle_failure	Set up job	2025-10-10T13:49:32.5824418Z Runner name: 'e2cec5b7bde1'
handle_failure	Set up job	2025-10-10T13:49:32.5826808Z Runner group name: 'swarm-runners'
handle_failure	Set up job	2025-10-10T13:49:32.5828208Z Machine name: 'e2cec5b7bde1'
handle_failure	Set up job	2025-10-10T13:49:32.5836284Z ##[group]GITHUB_TOKEN Permissions
handle_failure	Set up job	2025-10-10T13:49:32.5840518Z Actions: write
handle_failure	Set up job	2025-10-10T13:49:32.5841359Z Contents: read
handle_failure	Set up job	2025-10-10T13:49:32.5842207Z Issues: write
handle_failure	Set up job	2025-10-10T13:49:32.5842909Z Metadata: read
handle_failure	Set up job	2025-10-10T13:49:32.5843644Z ##[endgroup]
handle_failure	Set up job	2025-10-10T13:49:32.5927147Z Secret source: Actions
handle_failure	Set up job	2025-10-10T13:49:32.5929140Z Prepare workflow directory
handle_failure	Set up job	2025-10-10T13:49:32.6863138Z Prepare all required actions
handle_failure	Set up job	2025-10-10T13:49:32.6919399Z Getting action download info
handle_failure	Set up job	2025-10-10T13:49:33.4183789Z Download action repository 'actions/checkout@v4' (SHA:08eba0b27e820071cde6df949e0beb9ba4906955)
handle_failure	Set up job	2025-10-10T13:49:34.3726471Z Complete job name: handle_failure
handle_failure	Checkout code	Ôªø2025-10-10T13:49:34.4762448Z ##[group]Run actions/checkout@v4
handle_failure	Checkout code	2025-10-10T13:49:34.4763847Z with:
handle_failure	Checkout code	2025-10-10T13:49:34.4764492Z   fetch-depth: 0
handle_failure	Checkout code	2025-10-10T13:49:34.4765380Z   token: ***
handle_failure	Checkout code	2025-10-10T13:49:34.4765952Z   repository: Ka0s-Klaus/ka0s
handle_failure	Checkout code	2025-10-10T13:49:34.4766603Z   ssh-strict: true
handle_failure	Checkout code	2025-10-10T13:49:34.4767166Z   ssh-user: git
handle_failure	Checkout code	2025-10-10T13:49:34.4767742Z   persist-credentials: true
handle_failure	Checkout code	2025-10-10T13:49:34.4768378Z   clean: true
handle_failure	Checkout code	2025-10-10T13:49:34.4768964Z   sparse-checkout-cone-mode: true
handle_failure	Checkout code	2025-10-10T13:49:34.4769784Z   fetch-tags: false
handle_failure	Checkout code	2025-10-10T13:49:34.4770664Z   show-progress: true
handle_failure	Checkout code	2025-10-10T13:49:34.4771275Z   lfs: false
handle_failure	Checkout code	2025-10-10T13:49:34.4771831Z   submodules: false
handle_failure	Checkout code	2025-10-10T13:49:34.4772406Z   set-safe-directory: true
handle_failure	Checkout code	2025-10-10T13:49:34.4773490Z env:
handle_failure	Checkout code	2025-10-10T13:49:34.4774824Z   GITHUB_TOKEN: ***
handle_failure	Checkout code	2025-10-10T13:49:34.4776530Z   KAOS_MODULE: [Ka0s] Personalized Image Runners
handle_failure	Checkout code	2025-10-10T13:49:34.4778797Z   KAOS_CODE: 18408258521
handle_failure	Checkout code	2025-10-10T13:49:34.4810096Z   KAOS_PATH_SCAN: audit/scan/
handle_failure	Checkout code	2025-10-10T13:49:34.4813030Z ##[endgroup]
handle_failure	Checkout code	2025-10-10T13:49:34.6590096Z Syncing repository: Ka0s-Klaus/ka0s
handle_failure	Checkout code	2025-10-10T13:49:34.6597308Z ##[group]Getting Git version info
handle_failure	Checkout code	2025-10-10T13:49:34.6599672Z Working directory is '/home/runner/_work/ka0s/ka0s'
handle_failure	Checkout code	2025-10-10T13:49:34.6603462Z [command]/usr/bin/git version
handle_failure	Checkout code	2025-10-10T13:49:34.6605043Z git version 2.51.0
handle_failure	Checkout code	2025-10-10T13:49:34.6610655Z ##[endgroup]
handle_failure	Checkout code	2025-10-10T13:49:34.6625270Z Temporarily overriding HOME='/home/runner/_work/_temp/c61fbd28-dcd7-4950-8f58-4e0505542753' before making global git config changes
handle_failure	Checkout code	2025-10-10T13:49:34.6633905Z Adding repository directory to the temporary git global config as a safe directory
handle_failure	Checkout code	2025-10-10T13:49:34.6641000Z [command]/usr/bin/git config --global --add safe.directory /home/runner/_work/ka0s/ka0s
handle_failure	Checkout code	2025-10-10T13:49:34.6662159Z Deleting the contents of '/home/runner/_work/ka0s/ka0s'
handle_failure	Checkout code	2025-10-10T13:49:34.6669065Z ##[group]Initializing the repository
handle_failure	Checkout code	2025-10-10T13:49:34.6689847Z [command]/usr/bin/git init /home/runner/_work/ka0s/ka0s
handle_failure	Checkout code	2025-10-10T13:49:34.6751127Z hint: Using 'master' as the name for the initial branch. This default branch name
handle_failure	Checkout code	2025-10-10T13:49:34.6754416Z hint: is subject to change. To configure the initial branch name to use in all
handle_failure	Checkout code	2025-10-10T13:49:34.6756654Z hint: of your new repositories, which will suppress this warning, call:
handle_failure	Checkout code	2025-10-10T13:49:34.6760226Z hint:
handle_failure	Checkout code	2025-10-10T13:49:34.6761380Z hint: 	git config --global init.defaultBranch <name>
handle_failure	Checkout code	2025-10-10T13:49:34.6763037Z hint:
handle_failure	Checkout code	2025-10-10T13:49:34.6763863Z hint: Names commonly chosen instead of 'master' are 'main', 'trunk' and
handle_failure	Checkout code	2025-10-10T13:49:34.6765174Z hint: 'development'. The just-created branch can be renamed via this command:
handle_failure	Checkout code	2025-10-10T13:49:34.6766207Z hint:
handle_failure	Checkout code	2025-10-10T13:49:34.6767856Z hint: 	git branch -m <name>
handle_failure	Checkout code	2025-10-10T13:49:34.6769814Z hint:
handle_failure	Checkout code	2025-10-10T13:49:34.6771293Z hint: Disable this message with "git config set advice.defaultBranchName false"
handle_failure	Checkout code	2025-10-10T13:49:34.6772748Z Initialized empty Git repository in /home/runner/_work/ka0s/ka0s/.git/
handle_failure	Checkout code	2025-10-10T13:49:34.6775053Z [command]/usr/bin/git remote add origin https://github.com/Ka0s-Klaus/ka0s
handle_failure	Checkout code	2025-10-10T13:49:34.6818201Z ##[endgroup]
handle_failure	Checkout code	2025-10-10T13:49:34.6819369Z ##[group]Disabling automatic garbage collection
handle_failure	Checkout code	2025-10-10T13:49:34.6825361Z [command]/usr/bin/git config --local gc.auto 0
handle_failure	Checkout code	2025-10-10T13:49:34.6869412Z ##[endgroup]
handle_failure	Checkout code	2025-10-10T13:49:34.6871603Z ##[group]Setting up auth
handle_failure	Checkout code	2025-10-10T13:49:34.6880238Z [command]/usr/bin/git config --local --name-only --get-regexp core\.sshCommand
handle_failure	Checkout code	2025-10-10T13:49:34.6926576Z [command]/usr/bin/git submodule foreach --recursive sh -c "git config --local --name-only --get-regexp 'core\.sshCommand' && git config --local --unset-all 'core.sshCommand' || :"
handle_failure	Checkout code	2025-10-10T13:49:34.7254859Z [command]/usr/bin/git config --local --name-only --get-regexp http\.https\:\/\/github\.com\/\.extraheader
handle_failure	Checkout code	2025-10-10T13:49:34.7298340Z [command]/usr/bin/git submodule foreach --recursive sh -c "git config --local --name-only --get-regexp 'http\.https\:\/\/github\.com\/\.extraheader' && git config --local --unset-all 'http.https://github.com/.extraheader' || :"
handle_failure	Checkout code	2025-10-10T13:49:34.7671397Z [command]/usr/bin/git config --local http.https://github.com/.extraheader AUTHORIZATION: basic ***
handle_failure	Checkout code	2025-10-10T13:49:34.7759218Z ##[endgroup]
handle_failure	Checkout code	2025-10-10T13:49:34.7770615Z ##[group]Fetching the repository
handle_failure	Checkout code	2025-10-10T13:49:34.7781542Z [command]/usr/bin/git -c protocol.version=2 fetch --prune --no-recurse-submodules origin +refs/heads/*:refs/remotes/origin/* +refs/tags/*:refs/tags/*
handle_failure	Checkout code	2025-10-10T13:49:59.3661619Z From https://github.com/Ka0s-Klaus/ka0s
handle_failure	Checkout code	2025-10-10T13:49:59.3664867Z  * [new branch]          F1149-desarrollo-de-orchestrator -> origin/F1149-desarrollo-de-orchestrator
handle_failure	Checkout code	2025-10-10T13:49:59.3668489Z  * [new branch]          F1183-personalizaci√≥n-m√≥dulo-finops -> origin/F1183-personalizaci√≥n-m√≥dulo-finops
handle_failure	Checkout code	2025-10-10T13:49:59.3671213Z  * [new branch]          F1224-new-module-mongodb -> origin/F1224-new-module-mongodb
handle_failure	Checkout code	2025-10-10T13:49:59.3673698Z  * [new branch]          F220-web-de-resultados  -> origin/F220-web-de-resultados
handle_failure	Checkout code	2025-10-10T13:49:59.3676302Z  * [new branch]          F227-despliegue-de-kube-independiente-del-clouder -> origin/F227-despliegue-de-kube-independiente-del-clouder
handle_failure	Checkout code	2025-10-10T13:49:59.3681449Z  * [new branch]          F329-documentacion-metodologia-de-kaos -> origin/F329-documentacion-metodologia-de-kaos
handle_failure	Checkout code	2025-10-10T13:49:59.3686039Z  * [new branch]          F44-creaci√≥n-m√≥dulo-versionado -> origin/F44-creaci√≥n-m√≥dulo-versionado
handle_failure	Checkout code	2025-10-10T13:49:59.3687924Z  * [new branch]          H1128-m√≥dulo-de-observabilidad -> origin/H1128-m√≥dulo-de-observabilidad
handle_failure	Checkout code	2025-10-10T13:49:59.3689811Z  * [new branch]          H1139-como-instalar-arc-control -> origin/H1139-como-instalar-arc-control
handle_failure	Checkout code	2025-10-10T13:49:59.3691631Z  * [new branch]          H1149-desarrollo-de-orchestrator -> origin/H1149-desarrollo-de-orchestrator
handle_failure	Checkout code	2025-10-10T13:49:59.3693398Z  * [new branch]          H1150-desarrollo-de-secciones -> origin/H1150-desarrollo-de-secciones
handle_failure	Checkout code	2025-10-10T13:49:59.3695090Z  * [new branch]          H1151-desarrollo-de-secciones-ii -> origin/H1151-desarrollo-de-secciones-ii
handle_failure	Checkout code	2025-10-10T13:49:59.3696776Z  * [new branch]          H1152-desarrollo-inicio -> origin/H1152-desarrollo-inicio
handle_failure	Checkout code	2025-10-10T13:49:59.3698719Z  * [new branch]          H1183-personalizaci√≥n-m√≥dulo-finops -> origin/H1183-personalizaci√≥n-m√≥dulo-finops
handle_failure	Checkout code	2025-10-10T13:49:59.3700704Z  * [new branch]          H1193-ejemplo-web-documentacion -> origin/H1193-ejemplo-web-documentacion
handle_failure	Checkout code	2025-10-10T13:49:59.3702217Z  * [new branch]          H1205-web-creation      -> origin/H1205-web-creation
handle_failure	Checkout code	2025-10-10T13:49:59.3703537Z  * [new branch]          H1224-new-module-mongodb -> origin/H1224-new-module-mongodb
handle_failure	Checkout code	2025-10-10T13:49:59.3704970Z  * [new branch]          H1410-modulo-execution  -> origin/H1410-modulo-execution
handle_failure	Checkout code	2025-10-10T13:49:59.3707364Z  * [new branch]          H1514-new-swarm-deployment-stack-with-actions-runners-autoscale -> origin/H1514-new-swarm-deployment-stack-with-actions-runners-autoscale
handle_failure	Checkout code	2025-10-10T13:49:59.3710866Z  * [new branch]          H1968-modulo-personalizaci√≥n-del-portal-de-kaos-core -> origin/H1968-modulo-personalizaci√≥n-del-portal-de-kaos-core
handle_failure	Checkout code	2025-10-10T13:49:59.3713456Z  * [new branch]          H215-modulo-de-summary  -> origin/H215-modulo-de-summary
handle_failure	Checkout code	2025-10-10T13:49:59.3714831Z  * [new branch]          H220-web-de-resultados  -> origin/H220-web-de-resultados
handle_failure	Checkout code	2025-10-10T13:49:59.3716861Z  * [new branch]          H227-despliegue-de-kube-independiente-del-clouder -> origin/H227-despliegue-de-kube-independiente-del-clouder
handle_failure	Checkout code	2025-10-10T13:49:59.3719019Z  * [new branch]          H306-ficheros-de-estadisticas -> origin/H306-ficheros-de-estadisticas
handle_failure	Checkout code	2025-10-10T13:49:59.3721157Z  * [new branch]          H328-documentacion-modulo-principal-de-kaos -> origin/H328-documentacion-modulo-principal-de-kaos
handle_failure	Checkout code	2025-10-10T13:49:59.3723386Z  * [new branch]          H329-documentacion-metodologia-de-kaos -> origin/H329-documentacion-metodologia-de-kaos
handle_failure	Checkout code	2025-10-10T13:49:59.3725584Z  * [new branch]          H338-relanzador-de-jobs-en-caso-de-pattern -> origin/H338-relanzador-de-jobs-en-caso-de-pattern
handle_failure	Checkout code	2025-10-10T13:49:59.3728125Z  * [new branch]          H38-documentacion-basica-del-proyecto -> origin/H38-documentacion-basica-del-proyecto
handle_failure	Checkout code	2025-10-10T13:49:59.3730511Z  * [new branch]          H44-creaci√≥n-m√≥dulo-versionado -> origin/H44-creaci√≥n-m√≥dulo-versionado
handle_failure	Checkout code	2025-10-10T13:49:59.3732272Z  * [new branch]          RN1149-desarrollo-de-orchestrator -> origin/RN1149-desarrollo-de-orchestrator
handle_failure	Checkout code	2025-10-10T13:49:59.3734377Z  * [new branch]          RN1183-personalizaci√≥n-m√≥dulo-finops -> origin/RN1183-personalizaci√≥n-m√≥dulo-finops
handle_failure	Checkout code	2025-10-10T13:49:59.3736995Z  * [new branch]          RN1282-ka0s-error-detected-in-ka0s-workflow-statistics-summary -> origin/RN1282-ka0s-error-detected-in-ka0s-workflow-statistics-summary
handle_failure	Checkout code	2025-10-10T13:49:59.3739336Z  * [new branch]          RN220-web-de-resultados -> origin/RN220-web-de-resultados
handle_failure	Checkout code	2025-10-10T13:49:59.3741549Z  * [new branch]          RN227-despliegue-de-kube-independiente-del-clouder -> origin/RN227-despliegue-de-kube-independiente-del-clouder
handle_failure	Checkout code	2025-10-10T13:49:59.3744052Z  * [new branch]          RN329-documentacion-metodologia-de-kaos -> origin/RN329-documentacion-metodologia-de-kaos
handle_failure	Checkout code	2025-10-10T13:49:59.3745579Z  * [new branch]          main                    -> origin/main
handle_failure	Checkout code	2025-10-10T13:49:59.3746586Z  * [new tag]             0.0.0                   -> 0.0.0
handle_failure	Checkout code	2025-10-10T13:49:59.3747530Z  * [new tag]             0.0.1                   -> 0.0.1
handle_failure	Checkout code	2025-10-10T13:49:59.3748461Z  * [new tag]             0.0.10                  -> 0.0.10
handle_failure	Checkout code	2025-10-10T13:49:59.3749407Z  * [new tag]             0.0.100                 -> 0.0.100
handle_failure	Checkout code	2025-10-10T13:49:59.3750502Z  * [new tag]             0.0.101                 -> 0.0.101
handle_failure	Checkout code	2025-10-10T13:49:59.3751381Z  * [new tag]             0.0.102                 -> 0.0.102
handle_failure	Checkout code	2025-10-10T13:49:59.3752298Z  * [new tag]             0.0.103                 -> 0.0.103
handle_failure	Checkout code	2025-10-10T13:49:59.3753214Z  * [new tag]             0.0.104                 -> 0.0.104
handle_failure	Checkout code	2025-10-10T13:49:59.3754055Z  * [new tag]             0.0.105                 -> 0.0.105
handle_failure	Checkout code	2025-10-10T13:49:59.3755004Z  * [new tag]             0.0.106                 -> 0.0.106
handle_failure	Checkout code	2025-10-10T13:49:59.3755946Z  * [new tag]             0.0.107                 -> 0.0.107
handle_failure	Checkout code	2025-10-10T13:49:59.3756831Z  * [new tag]             0.0.108                 -> 0.0.108
handle_failure	Checkout code	2025-10-10T13:49:59.3757729Z  * [new tag]             0.0.109                 -> 0.0.109
handle_failure	Checkout code	2025-10-10T13:49:59.3758613Z  * [new tag]             0.0.11                  -> 0.0.11
handle_failure	Checkout code	2025-10-10T13:49:59.3759603Z  * [new tag]             0.0.110                 -> 0.0.110
handle_failure	Checkout code	2025-10-10T13:49:59.3760536Z  * [new tag]             0.0.111                 -> 0.0.111
handle_failure	Checkout code	2025-10-10T13:49:59.3761503Z  * [new tag]             0.0.112                 -> 0.0.112
handle_failure	Checkout code	2025-10-10T13:49:59.3762451Z  * [new tag]             0.0.113                 -> 0.0.113
handle_failure	Checkout code	2025-10-10T13:49:59.3763397Z  * [new tag]             0.0.114                 -> 0.0.114
handle_failure	Checkout code	2025-10-10T13:49:59.3764313Z  * [new tag]             0.0.115                 -> 0.0.115
handle_failure	Checkout code	2025-10-10T13:49:59.3765235Z  * [new tag]             0.0.116                 -> 0.0.116
handle_failure	Checkout code	2025-10-10T13:49:59.3766217Z  * [new tag]             0.0.117                 -> 0.0.117
handle_failure	Checkout code	2025-10-10T13:49:59.3767551Z  * [new tag]             0.0.118                 -> 0.0.118
handle_failure	Checkout code	2025-10-10T13:49:59.3768506Z  * [new tag]             0.0.119                 -> 0.0.119
handle_failure	Checkout code	2025-10-10T13:49:59.3769419Z  * [new tag]             0.0.12                  -> 0.0.12
handle_failure	Checkout code	2025-10-10T13:49:59.3770684Z  * [new tag]             0.0.120                 -> 0.0.120
handle_failure	Checkout code	2025-10-10T13:49:59.3879375Z  * [new tag]             0.0.121                 -> 0.0.121
handle_failure	Checkout code	2025-10-10T13:49:59.3881232Z  * [new tag]             0.0.122                 -> 0.0.122
handle_failure	Checkout code	2025-10-10T13:49:59.3882357Z  * [new tag]             0.0.123                 -> 0.0.123
handle_failure	Checkout code	2025-10-10T13:49:59.3883391Z  * [new tag]             0.0.124                 -> 0.0.124
handle_failure	Checkout code	2025-10-10T13:49:59.3884337Z  * [new tag]             0.0.125                 -> 0.0.125
handle_failure	Checkout code	2025-10-10T13:49:59.3885545Z  * [new tag]             0.0.126                 -> 0.0.126
handle_failure	Checkout code	2025-10-10T13:49:59.3886880Z  * [new tag]             0.0.127                 -> 0.0.127
handle_failure	Checkout code	2025-10-10T13:49:59.3887779Z  * [new tag]             0.0.128                 -> 0.0.128
handle_failure	Checkout code	2025-10-10T13:49:59.3888642Z  * [new tag]             0.0.129                 -> 0.0.129
handle_failure	Checkout code	2025-10-10T13:49:59.3889665Z  * [new tag]             0.0.13                  -> 0.0.13
handle_failure	Checkout code	2025-10-10T13:49:59.3890601Z  * [new tag]             0.0.130                 -> 0.0.130
handle_failure	Checkout code	2025-10-10T13:49:59.3891533Z  * [new tag]             0.0.131                 -> 0.0.131
handle_failure	Checkout code	2025-10-10T13:49:59.3892460Z  * [new tag]             0.0.132                 -> 0.0.132
handle_failure	Checkout code	2025-10-10T13:49:59.3893384Z  * [new tag]             0.0.133                 -> 0.0.133
handle_failure	Checkout code	2025-10-10T13:49:59.3894352Z  * [new tag]             0.0.134                 -> 0.0.134
handle_failure	Checkout code	2025-10-10T13:49:59.3895236Z  * [new tag]             0.0.135                 -> 0.0.135
handle_failure	Checkout code	2025-10-10T13:49:59.3896151Z  * [new tag]             0.0.136                 -> 0.0.136
handle_failure	Checkout code	2025-10-10T13:49:59.3897155Z  * [new tag]             0.0.137                 -> 0.0.137
handle_failure	Checkout code	2025-10-10T13:49:59.3898262Z  * [new tag]             0.0.138                 -> 0.0.138
handle_failure	Checkout code	2025-10-10T13:49:59.3899218Z  * [new tag]             0.0.139                 -> 0.0.139
handle_failure	Checkout code	2025-10-10T13:49:59.3900251Z  * [new tag]             0.0.14                  -> 0.0.14
handle_failure	Checkout code	2025-10-10T13:49:59.3901207Z  * [new tag]             0.0.140                 -> 0.0.140
handle_failure	Checkout code	2025-10-10T13:49:59.3902145Z  * [new tag]             0.0.141                 -> 0.0.141
handle_failure	Checkout code	2025-10-10T13:49:59.3903071Z  * [new tag]             0.0.142                 -> 0.0.142
handle_failure	Checkout code	2025-10-10T13:49:59.3903992Z  * [new tag]             0.0.143                 -> 0.0.143
handle_failure	Checkout code	2025-10-10T13:49:59.3904915Z  * [new tag]             0.0.144                 -> 0.0.144
handle_failure	Checkout code	2025-10-10T13:49:59.3905849Z  * [new tag]             0.0.145                 -> 0.0.145
handle_failure	Checkout code	2025-10-10T13:49:59.3906779Z  * [new tag]             0.0.146                 -> 0.0.146
handle_failure	Checkout code	2025-10-10T13:49:59.3907719Z  * [new tag]             0.0.147                 -> 0.0.147
handle_failure	Checkout code	2025-10-10T13:49:59.3908659Z  * [new tag]             0.0.148                 -> 0.0.148
handle_failure	Checkout code	2025-10-10T13:49:59.3909667Z  * [new tag]             0.0.149                 -> 0.0.149
handle_failure	Checkout code	2025-10-10T13:49:59.3910595Z  * [new tag]             0.0.15                  -> 0.0.15
handle_failure	Checkout code	2025-10-10T13:49:59.3911508Z  * [new tag]             0.0.150                 -> 0.0.150
handle_failure	Checkout code	2025-10-10T13:49:59.3912429Z  * [new tag]             0.0.151                 -> 0.0.151
handle_failure	Checkout code	2025-10-10T13:49:59.3913342Z  * [new tag]             0.0.152                 -> 0.0.152
handle_failure	Checkout code	2025-10-10T13:49:59.3914293Z  * [new tag]             0.0.153                 -> 0.0.153
handle_failure	Checkout code	2025-10-10T13:49:59.3915225Z  * [new tag]             0.0.154                 -> 0.0.154
handle_failure	Checkout code	2025-10-10T13:49:59.3916149Z  * [new tag]             0.0.155                 -> 0.0.155
handle_failure	Checkout code	2025-10-10T13:49:59.3917139Z  * [new tag]             0.0.156                 -> 0.0.156
handle_failure	Checkout code	2025-10-10T13:49:59.3918069Z  * [new tag]             0.0.157                 -> 0.0.157
handle_failure	Checkout code	2025-10-10T13:49:59.3918932Z  * [new tag]             0.0.158                 -> 0.0.158
handle_failure	Checkout code	2025-10-10T13:49:59.3919982Z  * [new tag]             0.0.159                 -> 0.0.159
handle_failure	Checkout code	2025-10-10T13:49:59.3921237Z  * [new tag]             0.0.16                  -> 0.0.16
handle_failure	Checkout code	2025-10-10T13:49:59.3922160Z  * [new tag]             0.0.160                 -> 0.0.160
handle_failure	Checkout code	2025-10-10T13:49:59.3923102Z  * [new tag]             0.0.161                 -> 0.0.161
handle_failure	Checkout code	2025-10-10T13:49:59.3924026Z  * [new tag]             0.0.162                 -> 0.0.162
handle_failure	Checkout code	2025-10-10T13:49:59.3924936Z  * [new tag]             0.0.163                 -> 0.0.163
handle_failure	Checkout code	2025-10-10T13:49:59.3925849Z  * [new tag]             0.0.164                 -> 0.0.164
handle_failure	Checkout code	2025-10-10T13:49:59.3926751Z  * [new tag]             0.0.165                 -> 0.0.165
handle_failure	Checkout code	2025-10-10T13:49:59.3927654Z  * [new tag]             0.0.166                 -> 0.0.166
handle_failure	Checkout code	2025-10-10T13:49:59.3928545Z  * [new tag]             0.0.167                 -> 0.0.167
handle_failure	Checkout code	2025-10-10T13:49:59.3929440Z  * [new tag]             0.0.168                 -> 0.0.168
handle_failure	Checkout code	2025-10-10T13:49:59.3930902Z  * [new tag]             0.0.169                 -> 0.0.169
handle_failure	Checkout code	2025-10-10T13:49:59.3931827Z  * [new tag]             0.0.17                  -> 0.0.17
handle_failure	Checkout code	2025-10-10T13:49:59.3932733Z  * [new tag]             0.0.170                 -> 0.0.170
handle_failure	Checkout code	2025-10-10T13:49:59.3933640Z  * [new tag]             0.0.171                 -> 0.0.171
handle_failure	Checkout code	2025-10-10T13:49:59.3934559Z  * [new tag]             0.0.172                 -> 0.0.172
handle_failure	Checkout code	2025-10-10T13:49:59.3935496Z  * [new tag]             0.0.173                 -> 0.0.173
handle_failure	Checkout code	2025-10-10T13:49:59.3936411Z  * [new tag]             0.0.174                 -> 0.0.174
handle_failure	Checkout code	2025-10-10T13:49:59.3937317Z  * [new tag]             0.0.175                 -> 0.0.175
handle_failure	Checkout code	2025-10-10T13:49:59.3938228Z  * [new tag]             0.0.176                 -> 0.0.176
handle_failure	Checkout code	2025-10-10T13:49:59.3939185Z  * [new tag]             0.0.177                 -> 0.0.177
handle_failure	Checkout code	2025-10-10T13:49:59.3940171Z  * [new tag]             0.0.178                 -> 0.0.178
handle_failure	Checkout code	2025-10-10T13:49:59.3941084Z  * [new tag]             0.0.179                 -> 0.0.179
handle_failure	Checkout code	2025-10-10T13:49:59.3941991Z  * [new tag]             0.0.18                  -> 0.0.18
handle_failure	Checkout code	2025-10-10T13:49:59.3942919Z  * [new tag]             0.0.19                  -> 0.0.19
handle_failure	Checkout code	2025-10-10T13:49:59.3943820Z  * [new tag]             0.0.2                   -> 0.0.2
handle_failure	Checkout code	2025-10-10T13:49:59.3944739Z  * [new tag]             0.0.20                  -> 0.0.20
handle_failure	Checkout code	2025-10-10T13:49:59.3945653Z  * [new tag]             0.0.21                  -> 0.0.21
handle_failure	Checkout code	2025-10-10T13:49:59.3946550Z  * [new tag]             0.0.22                  -> 0.0.22
handle_failure	Checkout code	2025-10-10T13:49:59.3947453Z  * [new tag]             0.0.23                  -> 0.0.23
handle_failure	Checkout code	2025-10-10T13:49:59.3948326Z  * [new tag]             0.0.24                  -> 0.0.24
handle_failure	Checkout code	2025-10-10T13:49:59.3949211Z  * [new tag]             0.0.25                  -> 0.0.25
handle_failure	Checkout code	2025-10-10T13:49:59.3950177Z  * [new tag]             0.0.26                  -> 0.0.26
handle_failure	Checkout code	2025-10-10T13:49:59.3951036Z  * [new tag]             0.0.27                  -> 0.0.27
handle_failure	Checkout code	2025-10-10T13:49:59.3951955Z  * [new tag]             0.0.28                  -> 0.0.28
handle_failure	Checkout code	2025-10-10T13:49:59.3952855Z  * [new tag]             0.0.29                  -> 0.0.29
handle_failure	Checkout code	2025-10-10T13:49:59.3953794Z  * [new tag]             0.0.3                   -> 0.0.3
handle_failure	Checkout code	2025-10-10T13:49:59.3954685Z  * [new tag]             0.0.30                  -> 0.0.30
handle_failure	Checkout code	2025-10-10T13:49:59.3955580Z  * [new tag]             0.0.31                  -> 0.0.31
handle_failure	Checkout code	2025-10-10T13:49:59.3956465Z  * [new tag]             0.0.32                  -> 0.0.32
handle_failure	Checkout code	2025-10-10T13:49:59.3957373Z  * [new tag]             0.0.33                  -> 0.0.33
handle_failure	Checkout code	2025-10-10T13:49:59.3958303Z  * [new tag]             0.0.34                  -> 0.0.34
handle_failure	Checkout code	2025-10-10T13:49:59.3959206Z  * [new tag]             0.0.35                  -> 0.0.35
handle_failure	Checkout code	2025-10-10T13:49:59.3960283Z  * [new tag]             0.0.36                  -> 0.0.36
handle_failure	Checkout code	2025-10-10T13:49:59.3961201Z  * [new tag]             0.0.37                  -> 0.0.37
handle_failure	Checkout code	2025-10-10T13:49:59.3962116Z  * [new tag]             0.0.38                  -> 0.0.38
handle_failure	Checkout code	2025-10-10T13:49:59.3963032Z  * [new tag]             0.0.39                  -> 0.0.39
handle_failure	Checkout code	2025-10-10T13:49:59.3964262Z  * [new tag]             0.0.4                   -> 0.0.4
handle_failure	Checkout code	2025-10-10T13:49:59.3965228Z  * [new tag]             0.0.40                  -> 0.0.40
handle_failure	Checkout code	2025-10-10T13:49:59.3966133Z  * [new tag]             0.0.41                  -> 0.0.41
handle_failure	Checkout code	2025-10-10T13:49:59.3967058Z  * [new tag]             0.0.42                  -> 0.0.42
handle_failure	Checkout code	2025-10-10T13:49:59.3967957Z  * [new tag]             0.0.43                  -> 0.0.43
handle_failure	Checkout code	2025-10-10T13:49:59.3968860Z  * [new tag]             0.0.44                  -> 0.0.44
handle_failure	Checkout code	2025-10-10T13:49:59.3969907Z  * [new tag]             0.0.45                  -> 0.0.45
handle_failure	Checkout code	2025-10-10T13:49:59.3970830Z  * [new tag]             0.0.46                  -> 0.0.46
handle_failure	Checkout code	2025-10-10T13:49:59.3971741Z  * [new tag]             0.0.47                  -> 0.0.47
handle_failure	Checkout code	2025-10-10T13:49:59.3972631Z  * [new tag]             0.0.48                  -> 0.0.48
handle_failure	Checkout code	2025-10-10T13:49:59.3973561Z  * [new tag]             0.0.49                  -> 0.0.49
handle_failure	Checkout code	2025-10-10T13:49:59.3975134Z  * [new tag]             0.0.5                   -> 0.0.5
handle_failure	Checkout code	2025-10-10T13:49:59.3976265Z  * [new tag]             0.0.50                  -> 0.0.50
handle_failure	Checkout code	2025-10-10T13:49:59.3977187Z  * [new tag]             0.0.51                  -> 0.0.51
handle_failure	Checkout code	2025-10-10T13:49:59.3978114Z  * [new tag]             0.0.52                  -> 0.0.52
handle_failure	Checkout code	2025-10-10T13:49:59.3979023Z  * [new tag]             0.0.53                  -> 0.0.53
handle_failure	Checkout code	2025-10-10T13:49:59.3980052Z  * [new tag]             0.0.54                  -> 0.0.54
handle_failure	Checkout code	2025-10-10T13:49:59.3980973Z  * [new tag]             0.0.55                  -> 0.0.55
handle_failure	Checkout code	2025-10-10T13:49:59.3981889Z  * [new tag]             0.0.56                  -> 0.0.56
handle_failure	Checkout code	2025-10-10T13:49:59.3982809Z  * [new tag]             0.0.57                  -> 0.0.57
handle_failure	Checkout code	2025-10-10T13:49:59.3983736Z  * [new tag]             0.0.58                  -> 0.0.58
handle_failure	Checkout code	2025-10-10T13:49:59.3984635Z  * [new tag]             0.0.59                  -> 0.0.59
handle_failure	Checkout code	2025-10-10T13:49:59.3985544Z  * [new tag]             0.0.6                   -> 0.0.6
handle_failure	Checkout code	2025-10-10T13:49:59.3986436Z  * [new tag]             0.0.60                  -> 0.0.60
handle_failure	Checkout code	2025-10-10T13:49:59.3987341Z  * [new tag]             0.0.61                  -> 0.0.61
handle_failure	Checkout code	2025-10-10T13:49:59.3988254Z  * [new tag]             0.0.62                  -> 0.0.62
handle_failure	Checkout code	2025-10-10T13:49:59.3989153Z  * [new tag]             0.0.63                  -> 0.0.63
handle_failure	Checkout code	2025-10-10T13:49:59.3990139Z  * [new tag]             0.0.64                  -> 0.0.64
handle_failure	Checkout code	2025-10-10T13:49:59.3991046Z  * [new tag]             0.0.65                  -> 0.0.65
handle_failure	Checkout code	2025-10-10T13:49:59.3991956Z  * [new tag]             0.0.66                  -> 0.0.66
handle_failure	Checkout code	2025-10-10T13:49:59.3992912Z  * [new tag]             0.0.67                  -> 0.0.67
handle_failure	Checkout code	2025-10-10T13:49:59.3993820Z  * [new tag]             0.0.68                  -> 0.0.68
handle_failure	Checkout code	2025-10-10T13:49:59.3994762Z  * [new tag]             0.0.69                  -> 0.0.69
handle_failure	Checkout code	2025-10-10T13:49:59.3995691Z  * [new tag]             0.0.7                   -> 0.0.7
handle_failure	Checkout code	2025-10-10T13:49:59.3996620Z  * [new tag]             0.0.70                  -> 0.0.70
handle_failure	Checkout code	2025-10-10T13:49:59.3997546Z  * [new tag]             0.0.71                  -> 0.0.71
handle_failure	Checkout code	2025-10-10T13:49:59.3998521Z  * [new tag]             0.0.72                  -> 0.0.72
handle_failure	Checkout code	2025-10-10T13:49:59.3999423Z  * [new tag]             0.0.73                  -> 0.0.73
handle_failure	Checkout code	2025-10-10T13:49:59.4000486Z  * [new tag]             0.0.74                  -> 0.0.74
handle_failure	Checkout code	2025-10-10T13:49:59.4001396Z  * [new tag]             0.0.75                  -> 0.0.75
handle_failure	Checkout code	2025-10-10T13:49:59.4002307Z  * [new tag]             0.0.76                  -> 0.0.76
handle_failure	Checkout code	2025-10-10T13:49:59.4003232Z  * [new tag]             0.0.77                  -> 0.0.77
handle_failure	Checkout code	2025-10-10T13:49:59.4004181Z  * [new tag]             0.0.78                  -> 0.0.78
handle_failure	Checkout code	2025-10-10T13:49:59.4005123Z  * [new tag]             0.0.79                  -> 0.0.79
handle_failure	Checkout code	2025-10-10T13:49:59.4006021Z  * [new tag]             0.0.8                   -> 0.0.8
handle_failure	Checkout code	2025-10-10T13:49:59.4006959Z  * [new tag]             0.0.80                  -> 0.0.80
handle_failure	Checkout code	2025-10-10T13:49:59.4007903Z  * [new tag]             0.0.81                  -> 0.0.81
handle_failure	Checkout code	2025-10-10T13:49:59.4009188Z  * [new tag]             0.0.82                  -> 0.0.82
handle_failure	Checkout code	2025-10-10T13:49:59.4010179Z  * [new tag]             0.0.83                  -> 0.0.83
handle_failure	Checkout code	2025-10-10T13:49:59.4011097Z  * [new tag]             0.0.84                  -> 0.0.84
handle_failure	Checkout code	2025-10-10T13:49:59.4012035Z  * [new tag]             0.0.85                  -> 0.0.85
handle_failure	Checkout code	2025-10-10T13:49:59.4012938Z  * [new tag]             0.0.86                  -> 0.0.86
handle_failure	Checkout code	2025-10-10T13:49:59.4013774Z  * [new tag]             0.0.87                  -> 0.0.87
handle_failure	Checkout code	2025-10-10T13:49:59.4014680Z  * [new tag]             0.0.88                  -> 0.0.88
handle_failure	Checkout code	2025-10-10T13:49:59.4015593Z  * [new tag]             0.0.89                  -> 0.0.89
handle_failure	Checkout code	2025-10-10T13:49:59.4016525Z  * [new tag]             0.0.9                   -> 0.0.9
handle_failure	Checkout code	2025-10-10T13:49:59.4017433Z  * [new tag]             0.0.90                  -> 0.0.90
handle_failure	Checkout code	2025-10-10T13:49:59.4018631Z  * [new tag]             0.0.91                  -> 0.0.91
handle_failure	Checkout code	2025-10-10T13:49:59.4019648Z  * [new tag]             0.0.92                  -> 0.0.92
handle_failure	Checkout code	2025-10-10T13:49:59.4020562Z  * [new tag]             0.0.93                  -> 0.0.93
handle_failure	Checkout code	2025-10-10T13:49:59.4021473Z  * [new tag]             0.0.94                  -> 0.0.94
handle_failure	Checkout code	2025-10-10T13:49:59.4022360Z  * [new tag]             0.0.95                  -> 0.0.95
handle_failure	Checkout code	2025-10-10T13:49:59.4023276Z  * [new tag]             0.0.96                  -> 0.0.96
handle_failure	Checkout code	2025-10-10T13:49:59.4024197Z  * [new tag]             0.0.97                  -> 0.0.97
handle_failure	Checkout code	2025-10-10T13:49:59.4025084Z  * [new tag]             0.0.98                  -> 0.0.98
handle_failure	Checkout code	2025-10-10T13:49:59.4026024Z  * [new tag]             0.0.99                  -> 0.0.99
handle_failure	Checkout code	2025-10-10T13:49:59.4026946Z  * [new tag]             0.1.0                   -> 0.1.0
handle_failure	Checkout code	2025-10-10T13:49:59.4027856Z  * [new tag]             0.1.1                   -> 0.1.1
handle_failure	Checkout code	2025-10-10T13:49:59.4028745Z  * [new tag]             0.2.0                   -> 0.2.0
handle_failure	Checkout code	2025-10-10T13:49:59.4029691Z  * [new tag]             0.3.0                   -> 0.3.0
handle_failure	Checkout code	2025-10-10T13:49:59.4030638Z  * [new tag]             0.3.1                   -> 0.3.1
handle_failure	Checkout code	2025-10-10T13:49:59.4031533Z  * [new tag]             0.3.10                  -> 0.3.10
handle_failure	Checkout code	2025-10-10T13:49:59.4032470Z  * [new tag]             0.3.11                  -> 0.3.11
handle_failure	Checkout code	2025-10-10T13:49:59.4033354Z  * [new tag]             0.3.12                  -> 0.3.12
handle_failure	Checkout code	2025-10-10T13:49:59.4034241Z  * [new tag]             0.3.13                  -> 0.3.13
handle_failure	Checkout code	2025-10-10T13:49:59.4035178Z  * [new tag]             0.3.14                  -> 0.3.14
handle_failure	Checkout code	2025-10-10T13:49:59.4036067Z  * [new tag]             0.3.15                  -> 0.3.15
handle_failure	Checkout code	2025-10-10T13:49:59.4037028Z  * [new tag]             0.3.16                  -> 0.3.16
handle_failure	Checkout code	2025-10-10T13:49:59.4037952Z  * [new tag]             0.3.17                  -> 0.3.17
handle_failure	Checkout code	2025-10-10T13:49:59.4038836Z  * [new tag]             0.3.2                   -> 0.3.2
handle_failure	Checkout code	2025-10-10T13:49:59.4039829Z  * [new tag]             0.3.3                   -> 0.3.3
handle_failure	Checkout code	2025-10-10T13:49:59.4040761Z  * [new tag]             0.3.4                   -> 0.3.4
handle_failure	Checkout code	2025-10-10T13:49:59.4041744Z  * [new tag]             0.3.5                   -> 0.3.5
handle_failure	Checkout code	2025-10-10T13:49:59.4042647Z  * [new tag]             0.3.6                   -> 0.3.6
handle_failure	Checkout code	2025-10-10T13:49:59.4043542Z  * [new tag]             0.3.7                   -> 0.3.7
handle_failure	Checkout code	2025-10-10T13:49:59.4044440Z  * [new tag]             0.3.8                   -> 0.3.8
handle_failure	Checkout code	2025-10-10T13:49:59.4045300Z  * [new tag]             0.3.9                   -> 0.3.9
handle_failure	Checkout code	2025-10-10T13:49:59.4046182Z  * [new tag]             0.4.0                   -> 0.4.0
handle_failure	Checkout code	2025-10-10T13:49:59.4047080Z  * [new tag]             0.4.1                   -> 0.4.1
handle_failure	Checkout code	2025-10-10T13:49:59.4047967Z  * [new tag]             0.4.2                   -> 0.4.2
handle_failure	Checkout code	2025-10-10T13:49:59.4048850Z  * [new tag]             0.4.3                   -> 0.4.3
handle_failure	Checkout code	2025-10-10T13:49:59.4049802Z  * [new tag]             0.4.4                   -> 0.4.4
handle_failure	Checkout code	2025-10-10T13:49:59.4050750Z  * [new tag]             0.4.5                   -> 0.4.5
handle_failure	Checkout code	2025-10-10T13:49:59.4052014Z  * [new tag]             0.4.6                   -> 0.4.6
handle_failure	Checkout code	2025-10-10T13:49:59.4052944Z  * [new tag]             0.4.7                   -> 0.4.7
handle_failure	Checkout code	2025-10-10T13:49:59.4053829Z  * [new tag]             0.4.8                   -> 0.4.8
handle_failure	Checkout code	2025-10-10T13:49:59.4054734Z  * [new tag]             0.4.9                   -> 0.4.9
handle_failure	Checkout code	2025-10-10T13:49:59.4176932Z [command]/usr/bin/git branch --list --remote origin/main
handle_failure	Checkout code	2025-10-10T13:49:59.4268486Z   origin/main
handle_failure	Checkout code	2025-10-10T13:49:59.4285346Z [command]/usr/bin/git rev-parse refs/remotes/origin/main
handle_failure	Checkout code	2025-10-10T13:49:59.4319499Z cd2778fe22d9e17ad76ea1e1128386a82e7f7bd7
handle_failure	Checkout code	2025-10-10T13:49:59.4339694Z [command]/usr/bin/git -c protocol.version=2 fetch --no-tags --prune --no-recurse-submodules origin +d36c761e8df5adee240c55ee28d4a4166aff0959:refs/remotes/origin/main
handle_failure	Checkout code	2025-10-10T13:49:59.4541270Z From https://github.com/Ka0s-Klaus/ka0s
handle_failure	Checkout code	2025-10-10T13:49:59.4542668Z  + cd2778fe2...d36c761e8 d36c761e8df5adee240c55ee28d4a4166aff0959 -> origin/main  (forced update)
handle_failure	Checkout code	2025-10-10T13:49:59.4581766Z ##[endgroup]
handle_failure	Checkout code	2025-10-10T13:49:59.4584667Z ##[group]Determining the checkout info
handle_failure	Checkout code	2025-10-10T13:49:59.4585722Z ##[endgroup]
handle_failure	Checkout code	2025-10-10T13:49:59.4592208Z [command]/usr/bin/git sparse-checkout disable
handle_failure	Checkout code	2025-10-10T13:49:59.4646917Z [command]/usr/bin/git config --local --unset-all extensions.worktreeConfig
handle_failure	Checkout code	2025-10-10T13:49:59.4713839Z ##[group]Checking out the ref
handle_failure	Checkout code	2025-10-10T13:49:59.4715182Z [command]/usr/bin/git checkout --progress --force -B main refs/remotes/origin/main
handle_failure	Checkout code	2025-10-10T13:50:00.5639293Z Updating files:  64% (509/795)
handle_failure	Checkout code	2025-10-10T13:50:00.5643620Z Updating files:  65% (517/795)
handle_failure	Checkout code	2025-10-10T13:50:00.5807069Z Updating files:  66% (525/795)
handle_failure	Checkout code	2025-10-10T13:50:00.5949366Z Updating files:  67% (533/795)
handle_failure	Checkout code	2025-10-10T13:50:00.5961146Z Updating files:  68% (541/795)
handle_failure	Checkout code	2025-10-10T13:50:00.5973329Z Updating files:  69% (549/795)
handle_failure	Checkout code	2025-10-10T13:50:00.6021052Z Updating files:  70% (557/795)
handle_failure	Checkout code	2025-10-10T13:50:00.6022307Z Updating files:  71% (565/795)
handle_failure	Checkout code	2025-10-10T13:50:00.6027191Z Updating files:  72% (573/795)
handle_failure	Checkout code	2025-10-10T13:50:00.6089024Z Updating files:  73% (581/795)
handle_failure	Checkout code	2025-10-10T13:50:00.6097696Z Updating files:  74% (589/795)
handle_failure	Checkout code	2025-10-10T13:50:00.6107224Z Updating files:  75% (597/795)
handle_failure	Checkout code	2025-10-10T13:50:00.6114925Z Updating files:  76% (605/795)
handle_failure	Checkout code	2025-10-10T13:50:00.6122544Z Updating files:  77% (613/795)
handle_failure	Checkout code	2025-10-10T13:50:00.6185945Z Updating files:  78% (621/795)
handle_failure	Checkout code	2025-10-10T13:50:00.6196155Z Updating files:  79% (629/795)
handle_failure	Checkout code	2025-10-10T13:50:00.6210726Z Updating files:  80% (636/795)
handle_failure	Checkout code	2025-10-10T13:50:00.6224214Z Updating files:  81% (644/795)
handle_failure	Checkout code	2025-10-10T13:50:00.6235232Z Updating files:  82% (652/795)
handle_failure	Checkout code	2025-10-10T13:50:00.6246219Z Updating files:  83% (660/795)
handle_failure	Checkout code	2025-10-10T13:50:00.6291889Z Updating files:  84% (668/795)
handle_failure	Checkout code	2025-10-10T13:50:00.6301495Z Updating files:  85% (676/795)
handle_failure	Checkout code	2025-10-10T13:50:00.6310244Z Updating files:  86% (684/795)
handle_failure	Checkout code	2025-10-10T13:50:00.6372880Z Updating files:  87% (692/795)
handle_failure	Checkout code	2025-10-10T13:50:00.6384197Z Updating files:  88% (700/795)
handle_failure	Checkout code	2025-10-10T13:50:00.6413935Z Updating files:  89% (708/795)
handle_failure	Checkout code	2025-10-10T13:50:00.6422240Z Updating files:  90% (716/795)
handle_failure	Checkout code	2025-10-10T13:50:00.6467951Z Updating files:  91% (724/795)
handle_failure	Checkout code	2025-10-10T13:50:00.6478330Z Updating files:  92% (732/795)
handle_failure	Checkout code	2025-10-10T13:50:00.6483833Z Updating files:  93% (740/795)
handle_failure	Checkout code	2025-10-10T13:50:00.6500714Z Updating files:  94% (748/795)
handle_failure	Checkout code	2025-10-10T13:50:00.6502042Z Updating files:  95% (756/795)
handle_failure	Checkout code	2025-10-10T13:50:00.6512009Z Updating files:  96% (764/795)
handle_failure	Checkout code	2025-10-10T13:50:00.6530022Z Updating files:  97% (772/795)
handle_failure	Checkout code	2025-10-10T13:50:00.6544771Z Updating files:  98% (780/795)
handle_failure	Checkout code	2025-10-10T13:50:00.6555360Z Updating files:  99% (788/795)
handle_failure	Checkout code	2025-10-10T13:50:00.6556484Z Updating files: 100% (795/795)
handle_failure	Checkout code	2025-10-10T13:50:00.6557539Z Updating files: 100% (795/795), done.
handle_failure	Checkout code	2025-10-10T13:50:00.7080886Z Switched to a new branch 'main'
handle_failure	Checkout code	2025-10-10T13:50:00.7101100Z branch 'main' set up to track 'origin/main'.
handle_failure	Checkout code	2025-10-10T13:50:00.7271773Z ##[endgroup]
handle_failure	Checkout code	2025-10-10T13:50:00.7367104Z [command]/usr/bin/git log -1 --format=%H
handle_failure	Checkout code	2025-10-10T13:50:00.7461807Z d36c761e8df5adee240c55ee28d4a4166aff0959
handle_failure	handle-failure-execution	Ôªø2025-10-10T13:50:00.8380538Z ##[group]Run echo "Error detectado en el proceso"
handle_failure	handle-failure-execution	2025-10-10T13:50:00.8381752Z [36;1mecho "Error detectado en el proceso"[0m
handle_failure	handle-failure-execution	2025-10-10T13:50:00.8382666Z [36;1mecho "Creando issue para fallo general o fallo en docker build"[0m
handle_failure	handle-failure-execution	2025-10-10T13:50:00.8386870Z [36;1mgh issue create --title "[Ka0s] Personalized Image Runners Error detectado en 18408258521" --label "bug" --body "El workflow ha fallado. Revisa los logs en 'https://github.com/Ka0s-Klaus/ka0s/actions/runs/18408258521' y en el repositorio en `audit/scan/` para m√°s informaci√≥n.\n\nLogs relevantes:\n- [Log de build](https://github.com/Ka0s-Klaus/ka0s/blob/main/audit/scan/build_18408258521.log)\n- [Log Trivy tabla](https://github.com/Ka0s-Klaus/ka0s/blob/main/audit/scan/trivy_table_18408258521.log)\n- [Log Trivy json](https://github.com/Ka0s-Klaus/ka0s/blob/main/audit/scan/trivy_json_18408258521.log)\n- [Resultado JSON](https://github.com/Ka0s-Klaus/ka0s/blob/main/audit/scan/18408258521.json)"[0m
handle_failure	handle-failure-execution	2025-10-10T13:50:00.8393101Z [36;1mif [ -f build_error.log ]; then[0m
handle_failure	handle-failure-execution	2025-10-10T13:50:00.8396107Z [36;1m  gh issue comment $(gh issue list --state open --search "[Ka0s] Personalized Image Runners Error detectado en 18408258521" --json number --jq '.[0].number') --body "Detalles del error en docker build:\n\n$(cat build_error.log)\n\n[Ver log completo](https://github.com/Ka0s-Klaus/ka0s/blob/main/audit/scan/build_18408258521.log)"[0m
handle_failure	handle-failure-execution	2025-10-10T13:50:00.8399823Z [36;1mfi[0m
handle_failure	handle-failure-execution	2025-10-10T13:50:00.8431210Z shell: /usr/bin/bash -e {0}
handle_failure	handle-failure-execution	2025-10-10T13:50:00.8432448Z env:
handle_failure	handle-failure-execution	2025-10-10T13:50:00.8434713Z   GITHUB_TOKEN: ***
handle_failure	handle-failure-execution	2025-10-10T13:50:00.8436801Z   KAOS_MODULE: [Ka0s] Personalized Image Runners
handle_failure	handle-failure-execution	2025-10-10T13:50:00.8438057Z   KAOS_CODE: 18408258521
handle_failure	handle-failure-execution	2025-10-10T13:50:00.8439048Z   KAOS_PATH_SCAN: audit/scan/
handle_failure	handle-failure-execution	2025-10-10T13:50:00.8440041Z   GH_TOKEN: ***
handle_failure	handle-failure-execution	2025-10-10T13:50:00.8440313Z ##[endgroup]
handle_failure	handle-failure-execution	2025-10-10T13:50:00.8625221Z Error detectado en el proceso
handle_failure	handle-failure-execution	2025-10-10T13:50:00.8630362Z Creando issue para fallo general o fallo en docker build
handle_failure	handle-failure-execution	2025-10-10T13:50:00.8632871Z /home/runner/_work/_temp/64fd5bc0-f4b3-4034-9786-6663fe11f8c5.sh: line 3: audit/scan/: Is a directory
handle_failure	handle-failure-execution	2025-10-10T13:50:02.1869177Z https://github.com/Ka0s-Klaus/ka0s/issues/2026
handle_failure	Post Checkout code	Ôªø2025-10-10T13:50:02.3332457Z Post job cleanup.
handle_failure	Post Checkout code	2025-10-10T13:50:02.5256251Z [command]/usr/bin/git version
handle_failure	Post Checkout code	2025-10-10T13:50:02.5319142Z git version 2.51.0
handle_failure	Post Checkout code	2025-10-10T13:50:02.5399089Z Temporarily overriding HOME='/home/runner/_work/_temp/73188860-92fe-48bf-9dbb-57e7e11d53c7' before making global git config changes
handle_failure	Post Checkout code	2025-10-10T13:50:02.5402741Z Adding repository directory to the temporary git global config as a safe directory
handle_failure	Post Checkout code	2025-10-10T13:50:02.5411750Z [command]/usr/bin/git config --global --add safe.directory /home/runner/_work/ka0s/ka0s
handle_failure	Post Checkout code	2025-10-10T13:50:02.5953458Z [command]/usr/bin/git config --local --name-only --get-regexp core\.sshCommand
handle_failure	Post Checkout code	2025-10-10T13:50:02.6018822Z [command]/usr/bin/git submodule foreach --recursive sh -c "git config --local --name-only --get-regexp 'core\.sshCommand' && git config --local --unset-all 'core.sshCommand' || :"
handle_failure	Post Checkout code	2025-10-10T13:50:02.6409372Z [command]/usr/bin/git config --local --name-only --get-regexp http\.https\:\/\/github\.com\/\.extraheader
handle_failure	Post Checkout code	2025-10-10T13:50:02.6445243Z http.https://github.com/.extraheader
handle_failure	Post Checkout code	2025-10-10T13:50:02.6464903Z [command]/usr/bin/git config --local --unset-all http.https://github.com/.extraheader
handle_failure	Post Checkout code	2025-10-10T13:50:02.6550690Z [command]/usr/bin/git submodule foreach --recursive sh -c "git config --local --name-only --get-regexp 'http\.https\:\/\/github\.com\/\.extraheader' && git config --local --unset-all 'http.https://github.com/.extraheader' || :"
handle_failure	Complete job	Ôªø2025-10-10T13:50:02.7094385Z Cleaning up orphan processes
end-workflow	Set up job	Ôªø2025-10-10T13:50:08.4689030Z Current runner version: '2.328.0'
end-workflow	Set up job	2025-10-10T13:50:08.4696923Z Runner name: '3f72cc4b3041'
end-workflow	Set up job	2025-10-10T13:50:08.4697961Z Runner group name: 'swarm-runners'
end-workflow	Set up job	2025-10-10T13:50:08.4698939Z Machine name: '3f72cc4b3041'
end-workflow	Set up job	2025-10-10T13:50:08.4702647Z ##[group]GITHUB_TOKEN Permissions
end-workflow	Set up job	2025-10-10T13:50:08.4705685Z Actions: write
end-workflow	Set up job	2025-10-10T13:50:08.4706254Z Contents: read
end-workflow	Set up job	2025-10-10T13:50:08.4706898Z Issues: write
end-workflow	Set up job	2025-10-10T13:50:08.4707474Z Metadata: read
end-workflow	Set up job	2025-10-10T13:50:08.4707984Z ##[endgroup]
end-workflow	Set up job	2025-10-10T13:50:08.4710437Z Secret source: Actions
end-workflow	Set up job	2025-10-10T13:50:08.4711412Z Prepare workflow directory
end-workflow	Set up job	2025-10-10T13:50:08.5262446Z Prepare all required actions
end-workflow	Set up job	2025-10-10T13:50:08.5300924Z Getting action download info
end-workflow	Set up job	2025-10-10T13:50:09.1643117Z Download action repository 'actions/checkout@v4' (SHA:08eba0b27e820071cde6df949e0beb9ba4906955)
end-workflow	Set up job	2025-10-10T13:50:10.0088906Z Complete job name: end-workflow
end-workflow	Checkout code	Ôªø2025-10-10T13:50:10.0650913Z ##[group]Run actions/checkout@v4
end-workflow	Checkout code	2025-10-10T13:50:10.0652087Z with:
end-workflow	Checkout code	2025-10-10T13:50:10.0652635Z   fetch-depth: 0
end-workflow	Checkout code	2025-10-10T13:50:10.0653788Z   token: ***
end-workflow	Checkout code	2025-10-10T13:50:10.0654396Z   repository: Ka0s-Klaus/ka0s
end-workflow	Checkout code	2025-10-10T13:50:10.0654920Z   ssh-strict: true
end-workflow	Checkout code	2025-10-10T13:50:10.0655372Z   ssh-user: git
end-workflow	Checkout code	2025-10-10T13:50:10.0655837Z   persist-credentials: true
end-workflow	Checkout code	2025-10-10T13:50:10.0656350Z   clean: true
end-workflow	Checkout code	2025-10-10T13:50:10.0656815Z   sparse-checkout-cone-mode: true
end-workflow	Checkout code	2025-10-10T13:50:10.0657387Z   fetch-tags: false
end-workflow	Checkout code	2025-10-10T13:50:10.0657857Z   show-progress: true
end-workflow	Checkout code	2025-10-10T13:50:10.0658323Z   lfs: false
end-workflow	Checkout code	2025-10-10T13:50:10.0658749Z   submodules: false
end-workflow	Checkout code	2025-10-10T13:50:10.0659248Z   set-safe-directory: true
end-workflow	Checkout code	2025-10-10T13:50:10.0660020Z env:
end-workflow	Checkout code	2025-10-10T13:50:10.0661069Z   GITHUB_TOKEN: ***
end-workflow	Checkout code	2025-10-10T13:50:10.0661606Z   KAOS_MODULE: [Ka0s] Personalized Image Runners
end-workflow	Checkout code	2025-10-10T13:50:10.0662234Z   KAOS_CODE: 18408258521
end-workflow	Checkout code	2025-10-10T13:50:10.0662739Z   KAOS_PATH_SCAN: audit/scan/
end-workflow	Checkout code	2025-10-10T13:50:10.0663898Z   GH_TOKEN: ***
end-workflow	Checkout code	2025-10-10T13:50:10.0686621Z ##[endgroup]
end-workflow	Checkout code	2025-10-10T13:50:10.1886330Z Syncing repository: Ka0s-Klaus/ka0s
end-workflow	Checkout code	2025-10-10T13:50:10.1888600Z ##[group]Getting Git version info
end-workflow	Checkout code	2025-10-10T13:50:10.1889371Z Working directory is '/home/runner/_work/ka0s/ka0s'
end-workflow	Checkout code	2025-10-10T13:50:10.1890445Z [command]/usr/bin/git version
end-workflow	Checkout code	2025-10-10T13:50:10.1891068Z git version 2.51.0
end-workflow	Checkout code	2025-10-10T13:50:10.1921309Z ##[endgroup]
end-workflow	Checkout code	2025-10-10T13:50:10.1933207Z Temporarily overriding HOME='/home/runner/_work/_temp/f3862267-1e28-4c01-95a2-dd1f1595db8d' before making global git config changes
end-workflow	Checkout code	2025-10-10T13:50:10.1935354Z Adding repository directory to the temporary git global config as a safe directory
end-workflow	Checkout code	2025-10-10T13:50:10.1945620Z [command]/usr/bin/git config --global --add safe.directory /home/runner/_work/ka0s/ka0s
end-workflow	Checkout code	2025-10-10T13:50:10.1983593Z Deleting the contents of '/home/runner/_work/ka0s/ka0s'
end-workflow	Checkout code	2025-10-10T13:50:10.1988666Z ##[group]Initializing the repository
end-workflow	Checkout code	2025-10-10T13:50:10.1992501Z [command]/usr/bin/git init /home/runner/_work/ka0s/ka0s
end-workflow	Checkout code	2025-10-10T13:50:10.2041548Z hint: Using 'master' as the name for the initial branch. This default branch name
end-workflow	Checkout code	2025-10-10T13:50:10.2044885Z hint: is subject to change. To configure the initial branch name to use in all
end-workflow	Checkout code	2025-10-10T13:50:10.2046209Z hint: of your new repositories, which will suppress this warning, call:
end-workflow	Checkout code	2025-10-10T13:50:10.2047077Z hint:
end-workflow	Checkout code	2025-10-10T13:50:10.2047664Z hint: 	git config --global init.defaultBranch <name>
end-workflow	Checkout code	2025-10-10T13:50:10.2048340Z hint:
end-workflow	Checkout code	2025-10-10T13:50:10.2049019Z hint: Names commonly chosen instead of 'master' are 'main', 'trunk' and
end-workflow	Checkout code	2025-10-10T13:50:10.2050258Z hint: 'development'. The just-created branch can be renamed via this command:
end-workflow	Checkout code	2025-10-10T13:50:10.2052048Z hint:
end-workflow	Checkout code	2025-10-10T13:50:10.2054449Z hint: 	git branch -m <name>
end-workflow	Checkout code	2025-10-10T13:50:10.2055142Z hint:
end-workflow	Checkout code	2025-10-10T13:50:10.2055938Z hint: Disable this message with "git config set advice.defaultBranchName false"
end-workflow	Checkout code	2025-10-10T13:50:10.2057137Z Initialized empty Git repository in /home/runner/_work/ka0s/ka0s/.git/
end-workflow	Checkout code	2025-10-10T13:50:10.2059646Z [command]/usr/bin/git remote add origin https://github.com/Ka0s-Klaus/ka0s
end-workflow	Checkout code	2025-10-10T13:50:10.2098859Z ##[endgroup]
end-workflow	Checkout code	2025-10-10T13:50:10.2099975Z ##[group]Disabling automatic garbage collection
end-workflow	Checkout code	2025-10-10T13:50:10.2100766Z [command]/usr/bin/git config --local gc.auto 0
end-workflow	Checkout code	2025-10-10T13:50:10.2137055Z ##[endgroup]
end-workflow	Checkout code	2025-10-10T13:50:10.2138044Z ##[group]Setting up auth
end-workflow	Checkout code	2025-10-10T13:50:10.2143026Z [command]/usr/bin/git config --local --name-only --get-regexp core\.sshCommand
end-workflow	Checkout code	2025-10-10T13:50:10.2180701Z [command]/usr/bin/git submodule foreach --recursive sh -c "git config --local --name-only --get-regexp 'core\.sshCommand' && git config --local --unset-all 'core.sshCommand' || :"
end-workflow	Checkout code	2025-10-10T13:50:10.2456232Z [command]/usr/bin/git config --local --name-only --get-regexp http\.https\:\/\/github\.com\/\.extraheader
end-workflow	Checkout code	2025-10-10T13:50:10.2493265Z [command]/usr/bin/git submodule foreach --recursive sh -c "git config --local --name-only --get-regexp 'http\.https\:\/\/github\.com\/\.extraheader' && git config --local --unset-all 'http.https://github.com/.extraheader' || :"
end-workflow	Checkout code	2025-10-10T13:50:10.2760360Z [command]/usr/bin/git config --local http.https://github.com/.extraheader AUTHORIZATION: basic ***
end-workflow	Checkout code	2025-10-10T13:50:10.2805499Z ##[endgroup]
end-workflow	Checkout code	2025-10-10T13:50:10.2807846Z ##[group]Fetching the repository
end-workflow	Checkout code	2025-10-10T13:50:10.2813787Z [command]/usr/bin/git -c protocol.version=2 fetch --prune --no-recurse-submodules origin +refs/heads/*:refs/remotes/origin/* +refs/tags/*:refs/tags/*
end-workflow	Checkout code	2025-10-10T13:50:20.9727099Z From https://github.com/Ka0s-Klaus/ka0s
end-workflow	Checkout code	2025-10-10T13:50:20.9735487Z  * [new branch]          F1149-desarrollo-de-orchestrator -> origin/F1149-desarrollo-de-orchestrator
end-workflow	Checkout code	2025-10-10T13:50:20.9737182Z  * [new branch]          F1183-personalizaci√≥n-m√≥dulo-finops -> origin/F1183-personalizaci√≥n-m√≥dulo-finops
end-workflow	Checkout code	2025-10-10T13:50:20.9744996Z  * [new branch]          F1224-new-module-mongodb -> origin/F1224-new-module-mongodb
end-workflow	Checkout code	2025-10-10T13:50:20.9748364Z  * [new branch]          F220-web-de-resultados  -> origin/F220-web-de-resultados
end-workflow	Checkout code	2025-10-10T13:50:20.9749357Z  * [new branch]          F227-despliegue-de-kube-independiente-del-clouder -> origin/F227-despliegue-de-kube-independiente-del-clouder
end-workflow	Checkout code	2025-10-10T13:50:20.9750387Z  * [new branch]          F329-documentacion-metodologia-de-kaos -> origin/F329-documentacion-metodologia-de-kaos
end-workflow	Checkout code	2025-10-10T13:50:20.9751500Z  * [new branch]          F44-creaci√≥n-m√≥dulo-versionado -> origin/F44-creaci√≥n-m√≥dulo-versionado
end-workflow	Checkout code	2025-10-10T13:50:20.9752298Z  * [new branch]          H1128-m√≥dulo-de-observabilidad -> origin/H1128-m√≥dulo-de-observabilidad
end-workflow	Checkout code	2025-10-10T13:50:20.9753027Z  * [new branch]          H1139-como-instalar-arc-control -> origin/H1139-como-instalar-arc-control
end-workflow	Checkout code	2025-10-10T13:50:20.9757186Z  * [new branch]          H1149-desarrollo-de-orchestrator -> origin/H1149-desarrollo-de-orchestrator
end-workflow	Checkout code	2025-10-10T13:50:20.9758034Z  * [new branch]          H1150-desarrollo-de-secciones -> origin/H1150-desarrollo-de-secciones
end-workflow	Checkout code	2025-10-10T13:50:20.9758838Z  * [new branch]          H1151-desarrollo-de-secciones-ii -> origin/H1151-desarrollo-de-secciones-ii
end-workflow	Checkout code	2025-10-10T13:50:20.9759689Z  * [new branch]          H1152-desarrollo-inicio -> origin/H1152-desarrollo-inicio
end-workflow	Checkout code	2025-10-10T13:50:20.9760713Z  * [new branch]          H1183-personalizaci√≥n-m√≥dulo-finops -> origin/H1183-personalizaci√≥n-m√≥dulo-finops
end-workflow	Checkout code	2025-10-10T13:50:20.9761577Z  * [new branch]          H1193-ejemplo-web-documentacion -> origin/H1193-ejemplo-web-documentacion
end-workflow	Checkout code	2025-10-10T13:50:20.9762233Z  * [new branch]          H1205-web-creation      -> origin/H1205-web-creation
end-workflow	Checkout code	2025-10-10T13:50:20.9762850Z  * [new branch]          H1224-new-module-mongodb -> origin/H1224-new-module-mongodb
end-workflow	Checkout code	2025-10-10T13:50:20.9763557Z  * [new branch]          H1410-modulo-execution  -> origin/H1410-modulo-execution
end-workflow	Checkout code	2025-10-10T13:50:20.9772996Z  * [new branch]          H1514-new-swarm-deployment-stack-with-actions-runners-autoscale -> origin/H1514-new-swarm-deployment-stack-with-actions-runners-autoscale
end-workflow	Checkout code	2025-10-10T13:50:20.9774739Z  * [new branch]          H1968-modulo-personalizaci√≥n-del-portal-de-kaos-core -> origin/H1968-modulo-personalizaci√≥n-del-portal-de-kaos-core
end-workflow	Checkout code	2025-10-10T13:50:20.9779092Z  * [new branch]          H215-modulo-de-summary  -> origin/H215-modulo-de-summary
end-workflow	Checkout code	2025-10-10T13:50:20.9779713Z  * [new branch]          H220-web-de-resultados  -> origin/H220-web-de-resultados
end-workflow	Checkout code	2025-10-10T13:50:20.9780580Z  * [new branch]          H227-despliegue-de-kube-independiente-del-clouder -> origin/H227-despliegue-de-kube-independiente-del-clouder
end-workflow	Checkout code	2025-10-10T13:50:20.9781488Z  * [new branch]          H306-ficheros-de-estadisticas -> origin/H306-ficheros-de-estadisticas
end-workflow	Checkout code	2025-10-10T13:50:20.9782345Z  * [new branch]          H328-documentacion-modulo-principal-de-kaos -> origin/H328-documentacion-modulo-principal-de-kaos
end-workflow	Checkout code	2025-10-10T13:50:20.9783397Z  * [new branch]          H329-documentacion-metodologia-de-kaos -> origin/H329-documentacion-metodologia-de-kaos
end-workflow	Checkout code	2025-10-10T13:50:20.9784331Z  * [new branch]          H338-relanzador-de-jobs-en-caso-de-pattern -> origin/H338-relanzador-de-jobs-en-caso-de-pattern
end-workflow	Checkout code	2025-10-10T13:50:20.9785563Z  * [new branch]          H38-documentacion-basica-del-proyecto -> origin/H38-documentacion-basica-del-proyecto
end-workflow	Checkout code	2025-10-10T13:50:20.9786673Z  * [new branch]          H44-creaci√≥n-m√≥dulo-versionado -> origin/H44-creaci√≥n-m√≥dulo-versionado
end-workflow	Checkout code	2025-10-10T13:50:20.9787483Z  * [new branch]          RN1149-desarrollo-de-orchestrator -> origin/RN1149-desarrollo-de-orchestrator
end-workflow	Checkout code	2025-10-10T13:50:20.9788364Z  * [new branch]          RN1183-personalizaci√≥n-m√≥dulo-finops -> origin/RN1183-personalizaci√≥n-m√≥dulo-finops
end-workflow	Checkout code	2025-10-10T13:50:20.9789458Z  * [new branch]          RN1282-ka0s-error-detected-in-ka0s-workflow-statistics-summary -> origin/RN1282-ka0s-error-detected-in-ka0s-workflow-statistics-summary
end-workflow	Checkout code	2025-10-10T13:50:20.9790438Z  * [new branch]          RN220-web-de-resultados -> origin/RN220-web-de-resultados
end-workflow	Checkout code	2025-10-10T13:50:20.9791319Z  * [new branch]          RN227-despliegue-de-kube-independiente-del-clouder -> origin/RN227-despliegue-de-kube-independiente-del-clouder
end-workflow	Checkout code	2025-10-10T13:50:20.9792477Z  * [new branch]          RN329-documentacion-metodologia-de-kaos -> origin/RN329-documentacion-metodologia-de-kaos
end-workflow	Checkout code	2025-10-10T13:50:20.9793225Z  * [new branch]          main                    -> origin/main
end-workflow	Checkout code	2025-10-10T13:50:20.9793767Z  * [new tag]             0.0.0                   -> 0.0.0
end-workflow	Checkout code	2025-10-10T13:50:20.9794211Z  * [new tag]             0.0.1                   -> 0.0.1
end-workflow	Checkout code	2025-10-10T13:50:20.9794646Z  * [new tag]             0.0.10                  -> 0.0.10
end-workflow	Checkout code	2025-10-10T13:50:20.9795063Z  * [new tag]             0.0.100                 -> 0.0.100
end-workflow	Checkout code	2025-10-10T13:50:20.9795486Z  * [new tag]             0.0.101                 -> 0.0.101
end-workflow	Checkout code	2025-10-10T13:50:20.9795901Z  * [new tag]             0.0.102                 -> 0.0.102
end-workflow	Checkout code	2025-10-10T13:50:20.9796308Z  * [new tag]             0.0.103                 -> 0.0.103
end-workflow	Checkout code	2025-10-10T13:50:20.9796727Z  * [new tag]             0.0.104                 -> 0.0.104
end-workflow	Checkout code	2025-10-10T13:50:20.9797131Z  * [new tag]             0.0.105                 -> 0.0.105
end-workflow	Checkout code	2025-10-10T13:50:20.9797578Z  * [new tag]             0.0.106                 -> 0.0.106
end-workflow	Checkout code	2025-10-10T13:50:20.9797992Z  * [new tag]             0.0.107                 -> 0.0.107
end-workflow	Checkout code	2025-10-10T13:50:20.9798393Z  * [new tag]             0.0.108                 -> 0.0.108
end-workflow	Checkout code	2025-10-10T13:50:20.9798795Z  * [new tag]             0.0.109                 -> 0.0.109
end-workflow	Checkout code	2025-10-10T13:50:20.9799196Z  * [new tag]             0.0.11                  -> 0.0.11
end-workflow	Checkout code	2025-10-10T13:50:20.9799611Z  * [new tag]             0.0.110                 -> 0.0.110
end-workflow	Checkout code	2025-10-10T13:50:20.9800040Z  * [new tag]             0.0.111                 -> 0.0.111
end-workflow	Checkout code	2025-10-10T13:50:20.9800460Z  * [new tag]             0.0.112                 -> 0.0.112
end-workflow	Checkout code	2025-10-10T13:50:20.9800869Z  * [new tag]             0.0.113                 -> 0.0.113
end-workflow	Checkout code	2025-10-10T13:50:20.9801280Z  * [new tag]             0.0.114                 -> 0.0.114
end-workflow	Checkout code	2025-10-10T13:50:20.9801693Z  * [new tag]             0.0.115                 -> 0.0.115
end-workflow	Checkout code	2025-10-10T13:50:20.9802131Z  * [new tag]             0.0.116                 -> 0.0.116
end-workflow	Checkout code	2025-10-10T13:50:20.9802752Z  * [new tag]             0.0.117                 -> 0.0.117
end-workflow	Checkout code	2025-10-10T13:50:20.9803158Z  * [new tag]             0.0.118                 -> 0.0.118
end-workflow	Checkout code	2025-10-10T13:50:20.9803668Z  * [new tag]             0.0.119                 -> 0.0.119
end-workflow	Checkout code	2025-10-10T13:50:20.9804076Z  * [new tag]             0.0.12                  -> 0.0.12
end-workflow	Checkout code	2025-10-10T13:50:20.9804595Z  * [new tag]             0.0.120                 -> 0.0.120
end-workflow	Checkout code	2025-10-10T13:50:20.9804992Z  * [new tag]             0.0.121                 -> 0.0.121
end-workflow	Checkout code	2025-10-10T13:50:20.9805391Z  * [new tag]             0.0.122                 -> 0.0.122
end-workflow	Checkout code	2025-10-10T13:50:20.9805815Z  * [new tag]             0.0.123                 -> 0.0.123
end-workflow	Checkout code	2025-10-10T13:50:20.9806280Z  * [new tag]             0.0.124                 -> 0.0.124
end-workflow	Checkout code	2025-10-10T13:50:20.9806679Z  * [new tag]             0.0.125                 -> 0.0.125
end-workflow	Checkout code	2025-10-10T13:50:20.9807080Z  * [new tag]             0.0.126                 -> 0.0.126
end-workflow	Checkout code	2025-10-10T13:50:20.9807664Z  * [new tag]             0.0.127                 -> 0.0.127
end-workflow	Checkout code	2025-10-10T13:50:20.9808074Z  * [new tag]             0.0.128                 -> 0.0.128
end-workflow	Checkout code	2025-10-10T13:50:20.9808470Z  * [new tag]             0.0.129                 -> 0.0.129
end-workflow	Checkout code	2025-10-10T13:50:20.9808872Z  * [new tag]             0.0.13                  -> 0.0.13
end-workflow	Checkout code	2025-10-10T13:50:20.9809266Z  * [new tag]             0.0.130                 -> 0.0.130
end-workflow	Checkout code	2025-10-10T13:50:20.9809664Z  * [new tag]             0.0.131                 -> 0.0.131
end-workflow	Checkout code	2025-10-10T13:50:20.9810061Z  * [new tag]             0.0.132                 -> 0.0.132
end-workflow	Checkout code	2025-10-10T13:50:20.9810456Z  * [new tag]             0.0.133                 -> 0.0.133
end-workflow	Checkout code	2025-10-10T13:50:20.9813831Z  * [new tag]             0.0.134                 -> 0.0.134
end-workflow	Checkout code	2025-10-10T13:50:20.9814406Z  * [new tag]             0.0.135                 -> 0.0.135
end-workflow	Checkout code	2025-10-10T13:50:20.9814805Z  * [new tag]             0.0.136                 -> 0.0.136
end-workflow	Checkout code	2025-10-10T13:50:20.9815269Z  * [new tag]             0.0.137                 -> 0.0.137
end-workflow	Checkout code	2025-10-10T13:50:20.9815688Z  * [new tag]             0.0.138                 -> 0.0.138
end-workflow	Checkout code	2025-10-10T13:50:20.9816084Z  * [new tag]             0.0.139                 -> 0.0.139
end-workflow	Checkout code	2025-10-10T13:50:20.9816490Z  * [new tag]             0.0.14                  -> 0.0.14
end-workflow	Checkout code	2025-10-10T13:50:20.9816891Z  * [new tag]             0.0.140                 -> 0.0.140
end-workflow	Checkout code	2025-10-10T13:50:20.9817294Z  * [new tag]             0.0.141                 -> 0.0.141
end-workflow	Checkout code	2025-10-10T13:50:20.9817688Z  * [new tag]             0.0.142                 -> 0.0.142
end-workflow	Checkout code	2025-10-10T13:50:20.9818097Z  * [new tag]             0.0.143                 -> 0.0.143
end-workflow	Checkout code	2025-10-10T13:50:20.9818512Z  * [new tag]             0.0.144                 -> 0.0.144
end-workflow	Checkout code	2025-10-10T13:50:20.9818914Z  * [new tag]             0.0.145                 -> 0.0.145
end-workflow	Checkout code	2025-10-10T13:50:20.9819310Z  * [new tag]             0.0.146                 -> 0.0.146
end-workflow	Checkout code	2025-10-10T13:50:20.9819708Z  * [new tag]             0.0.147                 -> 0.0.147
end-workflow	Checkout code	2025-10-10T13:50:20.9820130Z  * [new tag]             0.0.148                 -> 0.0.148
end-workflow	Checkout code	2025-10-10T13:50:20.9820538Z  * [new tag]             0.0.149                 -> 0.0.149
end-workflow	Checkout code	2025-10-10T13:50:20.9820938Z  * [new tag]             0.0.15                  -> 0.0.15
end-workflow	Checkout code	2025-10-10T13:50:20.9821334Z  * [new tag]             0.0.150                 -> 0.0.150
end-workflow	Checkout code	2025-10-10T13:50:20.9821732Z  * [new tag]             0.0.151                 -> 0.0.151
end-workflow	Checkout code	2025-10-10T13:50:20.9822140Z  * [new tag]             0.0.152                 -> 0.0.152
end-workflow	Checkout code	2025-10-10T13:50:20.9822549Z  * [new tag]             0.0.153                 -> 0.0.153
end-workflow	Checkout code	2025-10-10T13:50:20.9822948Z  * [new tag]             0.0.154                 -> 0.0.154
end-workflow	Checkout code	2025-10-10T13:50:20.9823412Z  * [new tag]             0.0.155                 -> 0.0.155
end-workflow	Checkout code	2025-10-10T13:50:20.9823819Z  * [new tag]             0.0.156                 -> 0.0.156
end-workflow	Checkout code	2025-10-10T13:50:20.9824222Z  * [new tag]             0.0.157                 -> 0.0.157
end-workflow	Checkout code	2025-10-10T13:50:20.9824636Z  * [new tag]             0.0.158                 -> 0.0.158
end-workflow	Checkout code	2025-10-10T13:50:20.9825255Z  * [new tag]             0.0.159                 -> 0.0.159
end-workflow	Checkout code	2025-10-10T13:50:20.9825658Z  * [new tag]             0.0.16                  -> 0.0.16
end-workflow	Checkout code	2025-10-10T13:50:20.9826066Z  * [new tag]             0.0.160                 -> 0.0.160
end-workflow	Checkout code	2025-10-10T13:50:20.9826472Z  * [new tag]             0.0.161                 -> 0.0.161
end-workflow	Checkout code	2025-10-10T13:50:20.9826871Z  * [new tag]             0.0.162                 -> 0.0.162
end-workflow	Checkout code	2025-10-10T13:50:20.9827276Z  * [new tag]             0.0.163                 -> 0.0.163
end-workflow	Checkout code	2025-10-10T13:50:20.9827677Z  * [new tag]             0.0.164                 -> 0.0.164
end-workflow	Checkout code	2025-10-10T13:50:20.9828075Z  * [new tag]             0.0.165                 -> 0.0.165
end-workflow	Checkout code	2025-10-10T13:50:20.9828473Z  * [new tag]             0.0.166                 -> 0.0.166
end-workflow	Checkout code	2025-10-10T13:50:20.9828870Z  * [new tag]             0.0.167                 -> 0.0.167
end-workflow	Checkout code	2025-10-10T13:50:20.9829518Z  * [new tag]             0.0.168                 -> 0.0.168
end-workflow	Checkout code	2025-10-10T13:50:20.9830079Z  * [new tag]             0.0.169                 -> 0.0.169
end-workflow	Checkout code	2025-10-10T13:50:20.9830485Z  * [new tag]             0.0.17                  -> 0.0.17
end-workflow	Checkout code	2025-10-10T13:50:20.9830882Z  * [new tag]             0.0.170                 -> 0.0.170
end-workflow	Checkout code	2025-10-10T13:50:20.9831277Z  * [new tag]             0.0.171                 -> 0.0.171
end-workflow	Checkout code	2025-10-10T13:50:20.9831676Z  * [new tag]             0.0.172                 -> 0.0.172
end-workflow	Checkout code	2025-10-10T13:50:20.9832073Z  * [new tag]             0.0.173                 -> 0.0.173
end-workflow	Checkout code	2025-10-10T13:50:20.9832465Z  * [new tag]             0.0.174                 -> 0.0.174
end-workflow	Checkout code	2025-10-10T13:50:20.9832858Z  * [new tag]             0.0.175                 -> 0.0.175
end-workflow	Checkout code	2025-10-10T13:50:20.9833245Z  * [new tag]             0.0.176                 -> 0.0.176
end-workflow	Checkout code	2025-10-10T13:50:20.9833702Z  * [new tag]             0.0.177                 -> 0.0.177
end-workflow	Checkout code	2025-10-10T13:50:20.9834096Z  * [new tag]             0.0.178                 -> 0.0.178
end-workflow	Checkout code	2025-10-10T13:50:20.9834506Z  * [new tag]             0.0.179                 -> 0.0.179
end-workflow	Checkout code	2025-10-10T13:50:20.9834905Z  * [new tag]             0.0.18                  -> 0.0.18
end-workflow	Checkout code	2025-10-10T13:50:20.9835292Z  * [new tag]             0.0.19                  -> 0.0.19
end-workflow	Checkout code	2025-10-10T13:50:20.9835681Z  * [new tag]             0.0.2                   -> 0.0.2
end-workflow	Checkout code	2025-10-10T13:50:20.9836083Z  * [new tag]             0.0.20                  -> 0.0.20
end-workflow	Checkout code	2025-10-10T13:50:20.9836472Z  * [new tag]             0.0.21                  -> 0.0.21
end-workflow	Checkout code	2025-10-10T13:50:20.9836860Z  * [new tag]             0.0.22                  -> 0.0.22
end-workflow	Checkout code	2025-10-10T13:50:20.9837243Z  * [new tag]             0.0.23                  -> 0.0.23
end-workflow	Checkout code	2025-10-10T13:50:20.9837632Z  * [new tag]             0.0.24                  -> 0.0.24
end-workflow	Checkout code	2025-10-10T13:50:20.9838022Z  * [new tag]             0.0.25                  -> 0.0.25
end-workflow	Checkout code	2025-10-10T13:50:20.9838413Z  * [new tag]             0.0.26                  -> 0.0.26
end-workflow	Checkout code	2025-10-10T13:50:20.9838790Z  * [new tag]             0.0.27                  -> 0.0.27
end-workflow	Checkout code	2025-10-10T13:50:20.9839190Z  * [new tag]             0.0.28                  -> 0.0.28
end-workflow	Checkout code	2025-10-10T13:50:20.9839591Z  * [new tag]             0.0.29                  -> 0.0.29
end-workflow	Checkout code	2025-10-10T13:50:20.9839977Z  * [new tag]             0.0.3                   -> 0.0.3
end-workflow	Checkout code	2025-10-10T13:50:20.9840367Z  * [new tag]             0.0.30                  -> 0.0.30
end-workflow	Checkout code	2025-10-10T13:50:20.9840747Z  * [new tag]             0.0.31                  -> 0.0.31
end-workflow	Checkout code	2025-10-10T13:50:20.9841131Z  * [new tag]             0.0.32                  -> 0.0.32
end-workflow	Checkout code	2025-10-10T13:50:20.9841523Z  * [new tag]             0.0.33                  -> 0.0.33
end-workflow	Checkout code	2025-10-10T13:50:20.9841916Z  * [new tag]             0.0.34                  -> 0.0.34
end-workflow	Checkout code	2025-10-10T13:50:20.9842293Z  * [new tag]             0.0.35                  -> 0.0.35
end-workflow	Checkout code	2025-10-10T13:50:20.9842676Z  * [new tag]             0.0.36                  -> 0.0.36
end-workflow	Checkout code	2025-10-10T13:50:20.9843063Z  * [new tag]             0.0.37                  -> 0.0.37
end-workflow	Checkout code	2025-10-10T13:50:20.9843664Z  * [new tag]             0.0.38                  -> 0.0.38
end-workflow	Checkout code	2025-10-10T13:50:20.9844205Z  * [new tag]             0.0.39                  -> 0.0.39
end-workflow	Checkout code	2025-10-10T13:50:20.9844769Z  * [new tag]             0.0.4                   -> 0.0.4
end-workflow	Checkout code	2025-10-10T13:50:20.9845156Z  * [new tag]             0.0.40                  -> 0.0.40
end-workflow	Checkout code	2025-10-10T13:50:20.9845554Z  * [new tag]             0.0.41                  -> 0.0.41
end-workflow	Checkout code	2025-10-10T13:50:20.9846099Z  * [new tag]             0.0.42                  -> 0.0.42
end-workflow	Checkout code	2025-10-10T13:50:20.9846515Z  * [new tag]             0.0.43                  -> 0.0.43
end-workflow	Checkout code	2025-10-10T13:50:20.9846944Z  * [new tag]             0.0.44                  -> 0.0.44
end-workflow	Checkout code	2025-10-10T13:50:20.9847352Z  * [new tag]             0.0.45                  -> 0.0.45
end-workflow	Checkout code	2025-10-10T13:50:20.9847759Z  * [new tag]             0.0.46                  -> 0.0.46
end-workflow	Checkout code	2025-10-10T13:50:20.9848159Z  * [new tag]             0.0.47                  -> 0.0.47
end-workflow	Checkout code	2025-10-10T13:50:20.9848577Z  * [new tag]             0.0.48                  -> 0.0.48
end-workflow	Checkout code	2025-10-10T13:50:20.9849279Z  * [new tag]             0.0.49                  -> 0.0.49
end-workflow	Checkout code	2025-10-10T13:50:20.9849690Z  * [new tag]             0.0.5                   -> 0.0.5
end-workflow	Checkout code	2025-10-10T13:50:20.9850082Z  * [new tag]             0.0.50                  -> 0.0.50
end-workflow	Checkout code	2025-10-10T13:50:20.9850472Z  * [new tag]             0.0.51                  -> 0.0.51
end-workflow	Checkout code	2025-10-10T13:50:20.9850858Z  * [new tag]             0.0.52                  -> 0.0.52
end-workflow	Checkout code	2025-10-10T13:50:20.9851247Z  * [new tag]             0.0.53                  -> 0.0.53
end-workflow	Checkout code	2025-10-10T13:50:20.9851632Z  * [new tag]             0.0.54                  -> 0.0.54
end-workflow	Checkout code	2025-10-10T13:50:20.9852012Z  * [new tag]             0.0.55                  -> 0.0.55
end-workflow	Checkout code	2025-10-10T13:50:20.9852398Z  * [new tag]             0.0.56                  -> 0.0.56
end-workflow	Checkout code	2025-10-10T13:50:20.9852782Z  * [new tag]             0.0.57                  -> 0.0.57
end-workflow	Checkout code	2025-10-10T13:50:20.9853165Z  * [new tag]             0.0.58                  -> 0.0.58
end-workflow	Checkout code	2025-10-10T13:50:20.9853877Z  * [new tag]             0.0.59                  -> 0.0.59
end-workflow	Checkout code	2025-10-10T13:50:20.9854281Z  * [new tag]             0.0.6                   -> 0.0.6
end-workflow	Checkout code	2025-10-10T13:50:20.9854684Z  * [new tag]             0.0.60                  -> 0.0.60
end-workflow	Checkout code	2025-10-10T13:50:20.9855072Z  * [new tag]             0.0.61                  -> 0.0.61
end-workflow	Checkout code	2025-10-10T13:50:20.9855465Z  * [new tag]             0.0.62                  -> 0.0.62
end-workflow	Checkout code	2025-10-10T13:50:20.9855863Z  * [new tag]             0.0.63                  -> 0.0.63
end-workflow	Checkout code	2025-10-10T13:50:20.9856265Z  * [new tag]             0.0.64                  -> 0.0.64
end-workflow	Checkout code	2025-10-10T13:50:20.9856818Z  * [new tag]             0.0.65                  -> 0.0.65
end-workflow	Checkout code	2025-10-10T13:50:20.9857241Z  * [new tag]             0.0.66                  -> 0.0.66
end-workflow	Checkout code	2025-10-10T13:50:20.9857654Z  * [new tag]             0.0.67                  -> 0.0.67
end-workflow	Checkout code	2025-10-10T13:50:20.9858063Z  * [new tag]             0.0.68                  -> 0.0.68
end-workflow	Checkout code	2025-10-10T13:50:20.9858474Z  * [new tag]             0.0.69                  -> 0.0.69
end-workflow	Checkout code	2025-10-10T13:50:20.9858895Z  * [new tag]             0.0.7                   -> 0.0.7
end-workflow	Checkout code	2025-10-10T13:50:20.9859434Z  * [new tag]             0.0.70                  -> 0.0.70
end-workflow	Checkout code	2025-10-10T13:50:20.9859836Z  * [new tag]             0.0.71                  -> 0.0.71
end-workflow	Checkout code	2025-10-10T13:50:20.9860221Z  * [new tag]             0.0.72                  -> 0.0.72
end-workflow	Checkout code	2025-10-10T13:50:20.9860611Z  * [new tag]             0.0.73                  -> 0.0.73
end-workflow	Checkout code	2025-10-10T13:50:20.9861004Z  * [new tag]             0.0.74                  -> 0.0.74
end-workflow	Checkout code	2025-10-10T13:50:20.9861396Z  * [new tag]             0.0.75                  -> 0.0.75
end-workflow	Checkout code	2025-10-10T13:50:20.9861796Z  * [new tag]             0.0.76                  -> 0.0.76
end-workflow	Checkout code	2025-10-10T13:50:20.9862183Z  * [new tag]             0.0.77                  -> 0.0.77
end-workflow	Checkout code	2025-10-10T13:50:20.9862617Z  * [new tag]             0.0.78                  -> 0.0.78
end-workflow	Checkout code	2025-10-10T13:50:20.9863014Z  * [new tag]             0.0.79                  -> 0.0.79
end-workflow	Checkout code	2025-10-10T13:50:20.9863922Z  * [new tag]             0.0.8                   -> 0.0.8
end-workflow	Checkout code	2025-10-10T13:50:20.9864354Z  * [new tag]             0.0.80                  -> 0.0.80
end-workflow	Checkout code	2025-10-10T13:50:20.9864917Z  * [new tag]             0.0.81                  -> 0.0.81
end-workflow	Checkout code	2025-10-10T13:50:20.9865324Z  * [new tag]             0.0.82                  -> 0.0.82
end-workflow	Checkout code	2025-10-10T13:50:20.9865719Z  * [new tag]             0.0.83                  -> 0.0.83
end-workflow	Checkout code	2025-10-10T13:50:20.9866108Z  * [new tag]             0.0.84                  -> 0.0.84
end-workflow	Checkout code	2025-10-10T13:50:20.9866496Z  * [new tag]             0.0.85                  -> 0.0.85
end-workflow	Checkout code	2025-10-10T13:50:20.9866887Z  * [new tag]             0.0.86                  -> 0.0.86
end-workflow	Checkout code	2025-10-10T13:50:20.9867282Z  * [new tag]             0.0.87                  -> 0.0.87
end-workflow	Checkout code	2025-10-10T13:50:20.9867667Z  * [new tag]             0.0.88                  -> 0.0.88
end-workflow	Checkout code	2025-10-10T13:50:20.9868063Z  * [new tag]             0.0.89                  -> 0.0.89
end-workflow	Checkout code	2025-10-10T13:50:20.9868447Z  * [new tag]             0.0.9                   -> 0.0.9
end-workflow	Checkout code	2025-10-10T13:50:20.9868831Z  * [new tag]             0.0.90                  -> 0.0.90
end-workflow	Checkout code	2025-10-10T13:50:20.9869524Z  * [new tag]             0.0.91                  -> 0.0.91
end-workflow	Checkout code	2025-10-10T13:50:20.9869969Z  * [new tag]             0.0.92                  -> 0.0.92
end-workflow	Checkout code	2025-10-10T13:50:20.9870371Z  * [new tag]             0.0.93                  -> 0.0.93
end-workflow	Checkout code	2025-10-10T13:50:20.9870765Z  * [new tag]             0.0.94                  -> 0.0.94
end-workflow	Checkout code	2025-10-10T13:50:20.9871173Z  * [new tag]             0.0.95                  -> 0.0.95
end-workflow	Checkout code	2025-10-10T13:50:20.9871567Z  * [new tag]             0.0.96                  -> 0.0.96
end-workflow	Checkout code	2025-10-10T13:50:20.9871969Z  * [new tag]             0.0.97                  -> 0.0.97
end-workflow	Checkout code	2025-10-10T13:50:20.9872377Z  * [new tag]             0.0.98                  -> 0.0.98
end-workflow	Checkout code	2025-10-10T13:50:20.9872775Z  * [new tag]             0.0.99                  -> 0.0.99
end-workflow	Checkout code	2025-10-10T13:50:20.9873177Z  * [new tag]             0.1.0                   -> 0.1.0
end-workflow	Checkout code	2025-10-10T13:50:20.9873662Z  * [new tag]             0.1.1                   -> 0.1.1
end-workflow	Checkout code	2025-10-10T13:50:20.9874093Z  * [new tag]             0.2.0                   -> 0.2.0
end-workflow	Checkout code	2025-10-10T13:50:20.9874506Z  * [new tag]             0.3.0                   -> 0.3.0
end-workflow	Checkout code	2025-10-10T13:50:20.9874923Z  * [new tag]             0.3.1                   -> 0.3.1
end-workflow	Checkout code	2025-10-10T13:50:20.9875336Z  * [new tag]             0.3.10                  -> 0.3.10
end-workflow	Checkout code	2025-10-10T13:50:20.9875739Z  * [new tag]             0.3.11                  -> 0.3.11
end-workflow	Checkout code	2025-10-10T13:50:20.9876142Z  * [new tag]             0.3.12                  -> 0.3.12
end-workflow	Checkout code	2025-10-10T13:50:20.9876550Z  * [new tag]             0.3.13                  -> 0.3.13
end-workflow	Checkout code	2025-10-10T13:50:20.9876974Z  * [new tag]             0.3.14                  -> 0.3.14
end-workflow	Checkout code	2025-10-10T13:50:20.9877379Z  * [new tag]             0.3.15                  -> 0.3.15
end-workflow	Checkout code	2025-10-10T13:50:20.9877779Z  * [new tag]             0.3.16                  -> 0.3.16
end-workflow	Checkout code	2025-10-10T13:50:20.9878190Z  * [new tag]             0.3.17                  -> 0.3.17
end-workflow	Checkout code	2025-10-10T13:50:20.9878608Z  * [new tag]             0.3.2                   -> 0.3.2
end-workflow	Checkout code	2025-10-10T13:50:20.9879036Z  * [new tag]             0.3.3                   -> 0.3.3
end-workflow	Checkout code	2025-10-10T13:50:20.9879454Z  * [new tag]             0.3.4                   -> 0.3.4
end-workflow	Checkout code	2025-10-10T13:50:20.9879852Z  * [new tag]             0.3.5                   -> 0.3.5
end-workflow	Checkout code	2025-10-10T13:50:20.9880266Z  * [new tag]             0.3.6                   -> 0.3.6
end-workflow	Checkout code	2025-10-10T13:50:20.9880694Z  * [new tag]             0.3.7                   -> 0.3.7
end-workflow	Checkout code	2025-10-10T13:50:20.9881217Z  * [new tag]             0.3.8                   -> 0.3.8
end-workflow	Checkout code	2025-10-10T13:50:20.9881605Z  * [new tag]             0.3.9                   -> 0.3.9
end-workflow	Checkout code	2025-10-10T13:50:20.9881992Z  * [new tag]             0.4.0                   -> 0.4.0
end-workflow	Checkout code	2025-10-10T13:50:20.9882399Z  * [new tag]             0.4.1                   -> 0.4.1
end-workflow	Checkout code	2025-10-10T13:50:20.9882797Z  * [new tag]             0.4.2                   -> 0.4.2
end-workflow	Checkout code	2025-10-10T13:50:20.9883189Z  * [new tag]             0.4.3                   -> 0.4.3
end-workflow	Checkout code	2025-10-10T13:50:20.9883850Z  * [new tag]             0.4.4                   -> 0.4.4
end-workflow	Checkout code	2025-10-10T13:50:20.9884307Z  * [new tag]             0.4.5                   -> 0.4.5
end-workflow	Checkout code	2025-10-10T13:50:20.9884953Z  * [new tag]             0.4.6                   -> 0.4.6
end-workflow	Checkout code	2025-10-10T13:50:20.9885350Z  * [new tag]             0.4.7                   -> 0.4.7
end-workflow	Checkout code	2025-10-10T13:50:20.9885762Z  * [new tag]             0.4.8                   -> 0.4.8
end-workflow	Checkout code	2025-10-10T13:50:20.9886165Z  * [new tag]             0.4.9                   -> 0.4.9
end-workflow	Checkout code	2025-10-10T13:50:21.0120771Z [command]/usr/bin/git branch --list --remote origin/main
end-workflow	Checkout code	2025-10-10T13:50:21.0253201Z   origin/main
end-workflow	Checkout code	2025-10-10T13:50:21.0255945Z [command]/usr/bin/git rev-parse refs/remotes/origin/main
end-workflow	Checkout code	2025-10-10T13:50:21.0268973Z cd2778fe22d9e17ad76ea1e1128386a82e7f7bd7
end-workflow	Checkout code	2025-10-10T13:50:21.0289059Z [command]/usr/bin/git -c protocol.version=2 fetch --no-tags --prune --no-recurse-submodules origin +d36c761e8df5adee240c55ee28d4a4166aff0959:refs/remotes/origin/main
end-workflow	Checkout code	2025-10-10T13:50:21.0459124Z From https://github.com/Ka0s-Klaus/ka0s
end-workflow	Checkout code	2025-10-10T13:50:21.0463216Z  + cd2778fe2...d36c761e8 d36c761e8df5adee240c55ee28d4a4166aff0959 -> origin/main  (forced update)
end-workflow	Checkout code	2025-10-10T13:50:21.0501378Z ##[endgroup]
end-workflow	Checkout code	2025-10-10T13:50:21.0502182Z ##[group]Determining the checkout info
end-workflow	Checkout code	2025-10-10T13:50:21.0504358Z ##[endgroup]
end-workflow	Checkout code	2025-10-10T13:50:21.0509049Z [command]/usr/bin/git sparse-checkout disable
end-workflow	Checkout code	2025-10-10T13:50:21.0577131Z [command]/usr/bin/git config --local --unset-all extensions.worktreeConfig
end-workflow	Checkout code	2025-10-10T13:50:21.0621052Z ##[group]Checking out the ref
end-workflow	Checkout code	2025-10-10T13:50:21.0626395Z [command]/usr/bin/git checkout --progress --force -B main refs/remotes/origin/main
end-workflow	Checkout code	2025-10-10T13:50:21.9602972Z Switched to a new branch 'main'
end-workflow	Checkout code	2025-10-10T13:50:21.9606604Z branch 'main' set up to track 'origin/main'.
end-workflow	Checkout code	2025-10-10T13:50:21.9698983Z ##[endgroup]
end-workflow	Checkout code	2025-10-10T13:50:21.9747374Z [command]/usr/bin/git log -1 --format=%H
end-workflow	Checkout code	2025-10-10T13:50:21.9781921Z d36c761e8df5adee240c55ee28d4a4166aff0959
end-workflow	Finaliza el workflow	Ôªø2025-10-10T13:50:22.0036676Z ##[group]Run echo "End process"
end-workflow	Finaliza el workflow	2025-10-10T13:50:22.0037149Z [36;1mecho "End process"[0m
end-workflow	Finaliza el workflow	2025-10-10T13:50:22.0037507Z [36;1m# RNNUMBER=$(echo "refs/heads/main" | grep -o '[0-9]*')[0m
end-workflow	Finaliza el workflow	2025-10-10T13:50:22.0037997Z [36;1m# gh issue comment $RNNUMBER --body "Se finaliza Ka0s 18408258521"[0m
end-workflow	Finaliza el workflow	2025-10-10T13:50:22.0038407Z [36;1mecho "Se finaliza Ka0s 18408258521"[0m
end-workflow	Finaliza el workflow	2025-10-10T13:50:22.0038852Z [36;1mgh workflow run inspector.yml --ref 'main' -f kaos-workflow-id="18408258521"[0m
end-workflow	Finaliza el workflow	2025-10-10T13:50:22.0052716Z shell: /usr/bin/bash -e {0}
end-workflow	Finaliza el workflow	2025-10-10T13:50:22.0052995Z env:
end-workflow	Finaliza el workflow	2025-10-10T13:50:22.0053996Z   GITHUB_TOKEN: ***
end-workflow	Finaliza el workflow	2025-10-10T13:50:22.0054257Z   KAOS_MODULE: [Ka0s] Personalized Image Runners
end-workflow	Finaliza el workflow	2025-10-10T13:50:22.0054561Z   KAOS_CODE: 18408258521
end-workflow	Finaliza el workflow	2025-10-10T13:50:22.0054786Z   KAOS_PATH_SCAN: audit/scan/
end-workflow	Finaliza el workflow	2025-10-10T13:50:22.0055113Z   GH_TOKEN: ***
end-workflow	Finaliza el workflow	2025-10-10T13:50:22.0055308Z ##[endgroup]
end-workflow	Finaliza el workflow	2025-10-10T13:50:22.0115405Z End process
end-workflow	Finaliza el workflow	2025-10-10T13:50:22.0116050Z Se finaliza Ka0s 18408258521
end-workflow	Post Checkout code	Ôªø2025-10-10T13:50:22.6127943Z Post job cleanup.
end-workflow	Post Checkout code	2025-10-10T13:50:22.7376644Z [command]/usr/bin/git version
end-workflow	Post Checkout code	2025-10-10T13:50:22.7415947Z git version 2.51.0
end-workflow	Post Checkout code	2025-10-10T13:50:22.7466270Z Temporarily overriding HOME='/home/runner/_work/_temp/37a3102c-14c9-46a0-a43a-2f3b6b5075a4' before making global git config changes
end-workflow	Post Checkout code	2025-10-10T13:50:22.7468061Z Adding repository directory to the temporary git global config as a safe directory
end-workflow	Post Checkout code	2025-10-10T13:50:22.7471581Z [command]/usr/bin/git config --global --add safe.directory /home/runner/_work/ka0s/ka0s
end-workflow	Post Checkout code	2025-10-10T13:50:22.7512676Z [command]/usr/bin/git config --local --name-only --get-regexp core\.sshCommand
end-workflow	Post Checkout code	2025-10-10T13:50:22.7554292Z [command]/usr/bin/git submodule foreach --recursive sh -c "git config --local --name-only --get-regexp 'core\.sshCommand' && git config --local --unset-all 'core.sshCommand' || :"
end-workflow	Post Checkout code	2025-10-10T13:50:22.7863044Z [command]/usr/bin/git config --local --name-only --get-regexp http\.https\:\/\/github\.com\/\.extraheader
end-workflow	Post Checkout code	2025-10-10T13:50:22.7892704Z http.https://github.com/.extraheader
end-workflow	Post Checkout code	2025-10-10T13:50:22.7905805Z [command]/usr/bin/git config --local --unset-all http.https://github.com/.extraheader
end-workflow	Post Checkout code	2025-10-10T13:50:22.7944362Z [command]/usr/bin/git submodule foreach --recursive sh -c "git config --local --name-only --get-regexp 'http\.https\:\/\/github\.com\/\.extraheader' && git config --local --unset-all 'http.https://github.com/.extraheader' || :"
end-workflow	Complete job	Ôªø2025-10-10T13:50:22.8359202Z Cleaning up orphan processes
