job-core	Set up job	Ôªø2025-10-10T11:04:13.1265178Z Current runner version: '2.328.0'
job-core	Set up job	2025-10-10T11:04:13.1272635Z Runner name: '003ba4fe27fd'
job-core	Set up job	2025-10-10T11:04:13.1273412Z Runner group name: 'swarm-runners'
job-core	Set up job	2025-10-10T11:04:13.1274388Z Machine name: '003ba4fe27fd'
job-core	Set up job	2025-10-10T11:04:13.1277279Z ##[group]GITHUB_TOKEN Permissions
job-core	Set up job	2025-10-10T11:04:13.1280196Z Contents: read
job-core	Set up job	2025-10-10T11:04:13.1280666Z Metadata: read
job-core	Set up job	2025-10-10T11:04:13.1281095Z Packages: read
job-core	Set up job	2025-10-10T11:04:13.1281520Z ##[endgroup]
job-core	Set up job	2025-10-10T11:04:13.1284114Z Secret source: Actions
job-core	Set up job	2025-10-10T11:04:13.1284733Z Prepare workflow directory
job-core	Set up job	2025-10-10T11:04:13.1871969Z Prepare all required actions
job-core	Set up job	2025-10-10T11:04:13.1915561Z Getting action download info
job-core	Set up job	2025-10-10T11:04:13.7917930Z Download action repository 'actions/checkout@v4' (SHA:08eba0b27e820071cde6df949e0beb9ba4906955)
job-core	Set up job	2025-10-10T11:04:14.7493084Z Complete job name: job-core
job-core	Checkout code	Ôªø2025-10-10T11:04:14.8084281Z ##[group]Run actions/checkout@v4
job-core	Checkout code	2025-10-10T11:04:14.8085461Z with:
job-core	Checkout code	2025-10-10T11:04:14.8085962Z   fetch-depth: 0
job-core	Checkout code	2025-10-10T11:04:14.8086805Z   token: ***
job-core	Checkout code	2025-10-10T11:04:14.8087313Z   repository: Ka0s-Klaus/ka0s
job-core	Checkout code	2025-10-10T11:04:14.8087893Z   ssh-strict: true
job-core	Checkout code	2025-10-10T11:04:14.8088382Z   ssh-user: git
job-core	Checkout code	2025-10-10T11:04:14.8088888Z   persist-credentials: true
job-core	Checkout code	2025-10-10T11:04:14.8089440Z   clean: true
job-core	Checkout code	2025-10-10T11:04:14.8089943Z   sparse-checkout-cone-mode: true
job-core	Checkout code	2025-10-10T11:04:14.8090540Z   fetch-tags: false
job-core	Checkout code	2025-10-10T11:04:14.8091048Z   show-progress: true
job-core	Checkout code	2025-10-10T11:04:14.8091546Z   lfs: false
job-core	Checkout code	2025-10-10T11:04:14.8092073Z   submodules: false
job-core	Checkout code	2025-10-10T11:04:14.8092629Z   set-safe-directory: true
job-core	Checkout code	2025-10-10T11:04:14.8093499Z env:
job-core	Checkout code	2025-10-10T11:04:14.8093996Z   KAOS_CODE: 18404601230
job-core	Checkout code	2025-10-10T11:04:14.8094543Z   KAOS_EVENT_NAME: push
job-core	Checkout code	2025-10-10T11:04:14.8095071Z   KAOS_ACTION: 
job-core	Checkout code	2025-10-10T11:04:14.8095833Z   KAOS_REF: refs/heads/H1968-modulo-personalizaci√≥n-del-portal-de-kaos-core
job-core	Checkout code	2025-10-10T11:04:14.8096767Z   KAOS_MODULE: [Ka0S] Kaos
job-core	Checkout code	2025-10-10T11:04:14.8097334Z   KAOS_PATH_RESUME: audit/kaos/
job-core	Checkout code	2025-10-10T11:04:14.8097915Z   KAOS_ACTOR: santakloud
job-core	Checkout code	2025-10-10T11:04:14.8098468Z   GITHUB_OUTPUT: 
job-core	Checkout code	2025-10-10T11:04:14.8098953Z ##[endgroup]
job-core	Checkout code	2025-10-10T11:04:14.9327125Z Syncing repository: Ka0s-Klaus/ka0s
job-core	Checkout code	2025-10-10T11:04:14.9329956Z ##[group]Getting Git version info
job-core	Checkout code	2025-10-10T11:04:14.9331075Z Working directory is '/home/runner/_work/ka0s/ka0s'
job-core	Checkout code	2025-10-10T11:04:14.9332373Z [command]/usr/bin/git version
job-core	Checkout code	2025-10-10T11:04:14.9333010Z git version 2.51.0
job-core	Checkout code	2025-10-10T11:04:14.9335311Z ##[endgroup]
job-core	Checkout code	2025-10-10T11:04:14.9341151Z Temporarily overriding HOME='/home/runner/_work/_temp/58d2e8de-2c00-4043-ac27-459f7e921662' before making global git config changes
job-core	Checkout code	2025-10-10T11:04:14.9342867Z Adding repository directory to the temporary git global config as a safe directory
job-core	Checkout code	2025-10-10T11:04:14.9344380Z [command]/usr/bin/git config --global --add safe.directory /home/runner/_work/ka0s/ka0s
job-core	Checkout code	2025-10-10T11:04:14.9375185Z Deleting the contents of '/home/runner/_work/ka0s/ka0s'
job-core	Checkout code	2025-10-10T11:04:14.9380390Z ##[group]Initializing the repository
job-core	Checkout code	2025-10-10T11:04:14.9383425Z [command]/usr/bin/git init /home/runner/_work/ka0s/ka0s
job-core	Checkout code	2025-10-10T11:04:14.9429380Z hint: Using 'master' as the name for the initial branch. This default branch name
job-core	Checkout code	2025-10-10T11:04:14.9431057Z hint: is subject to change. To configure the initial branch name to use in all
job-core	Checkout code	2025-10-10T11:04:14.9432423Z hint: of your new repositories, which will suppress this warning, call:
job-core	Checkout code	2025-10-10T11:04:14.9433233Z hint:
job-core	Checkout code	2025-10-10T11:04:14.9434305Z hint: 	git config --global init.defaultBranch <name>
job-core	Checkout code	2025-10-10T11:04:14.9435034Z hint:
job-core	Checkout code	2025-10-10T11:04:14.9435708Z hint: Names commonly chosen instead of 'master' are 'main', 'trunk' and
job-core	Checkout code	2025-10-10T11:04:14.9436846Z hint: 'development'. The just-created branch can be renamed via this command:
job-core	Checkout code	2025-10-10T11:04:14.9437753Z hint:
job-core	Checkout code	2025-10-10T11:04:14.9438380Z hint: 	git branch -m <name>
job-core	Checkout code	2025-10-10T11:04:14.9438953Z hint:
job-core	Checkout code	2025-10-10T11:04:14.9439741Z hint: Disable this message with "git config set advice.defaultBranchName false"
job-core	Checkout code	2025-10-10T11:04:14.9441042Z Initialized empty Git repository in /home/runner/_work/ka0s/ka0s/.git/
job-core	Checkout code	2025-10-10T11:04:14.9444738Z [command]/usr/bin/git remote add origin https://github.com/Ka0s-Klaus/ka0s
job-core	Checkout code	2025-10-10T11:04:14.9480836Z ##[endgroup]
job-core	Checkout code	2025-10-10T11:04:14.9481813Z ##[group]Disabling automatic garbage collection
job-core	Checkout code	2025-10-10T11:04:14.9484448Z [command]/usr/bin/git config --local gc.auto 0
job-core	Checkout code	2025-10-10T11:04:14.9518974Z ##[endgroup]
job-core	Checkout code	2025-10-10T11:04:14.9519909Z ##[group]Setting up auth
job-core	Checkout code	2025-10-10T11:04:14.9527132Z [command]/usr/bin/git config --local --name-only --get-regexp core\.sshCommand
job-core	Checkout code	2025-10-10T11:04:14.9563179Z [command]/usr/bin/git submodule foreach --recursive sh -c "git config --local --name-only --get-regexp 'core\.sshCommand' && git config --local --unset-all 'core.sshCommand' || :"
job-core	Checkout code	2025-10-10T11:04:14.9817321Z [command]/usr/bin/git config --local --name-only --get-regexp http\.https\:\/\/github\.com\/\.extraheader
job-core	Checkout code	2025-10-10T11:04:14.9850566Z [command]/usr/bin/git submodule foreach --recursive sh -c "git config --local --name-only --get-regexp 'http\.https\:\/\/github\.com\/\.extraheader' && git config --local --unset-all 'http.https://github.com/.extraheader' || :"
job-core	Checkout code	2025-10-10T11:04:15.0109697Z [command]/usr/bin/git config --local http.https://github.com/.extraheader AUTHORIZATION: basic ***
job-core	Checkout code	2025-10-10T11:04:15.0159829Z ##[endgroup]
job-core	Checkout code	2025-10-10T11:04:15.0160869Z ##[group]Fetching the repository
job-core	Checkout code	2025-10-10T11:04:15.0169469Z [command]/usr/bin/git -c protocol.version=2 fetch --prune --no-recurse-submodules origin +refs/heads/*:refs/remotes/origin/* +refs/tags/*:refs/tags/*
job-core	Checkout code	2025-10-10T11:04:24.9365112Z From https://github.com/Ka0s-Klaus/ka0s
job-core	Checkout code	2025-10-10T11:04:24.9367136Z  * [new branch]          F1149-desarrollo-de-orchestrator -> origin/F1149-desarrollo-de-orchestrator
job-core	Checkout code	2025-10-10T11:04:24.9369966Z  * [new branch]          F1183-personalizaci√≥n-m√≥dulo-finops -> origin/F1183-personalizaci√≥n-m√≥dulo-finops
job-core	Checkout code	2025-10-10T11:04:24.9372364Z  * [new branch]          F1224-new-module-mongodb -> origin/F1224-new-module-mongodb
job-core	Checkout code	2025-10-10T11:04:24.9374711Z  * [new branch]          F220-web-de-resultados  -> origin/F220-web-de-resultados
job-core	Checkout code	2025-10-10T11:04:24.9377506Z  * [new branch]          F227-despliegue-de-kube-independiente-del-clouder -> origin/F227-despliegue-de-kube-independiente-del-clouder
job-core	Checkout code	2025-10-10T11:04:24.9381246Z  * [new branch]          F329-documentacion-metodologia-de-kaos -> origin/F329-documentacion-metodologia-de-kaos
job-core	Checkout code	2025-10-10T11:04:24.9384089Z  * [new branch]          F44-creaci√≥n-m√≥dulo-versionado -> origin/F44-creaci√≥n-m√≥dulo-versionado
job-core	Checkout code	2025-10-10T11:04:24.9386554Z  * [new branch]          H1128-m√≥dulo-de-observabilidad -> origin/H1128-m√≥dulo-de-observabilidad
job-core	Checkout code	2025-10-10T11:04:24.9389057Z  * [new branch]          H1139-como-instalar-arc-control -> origin/H1139-como-instalar-arc-control
job-core	Checkout code	2025-10-10T11:04:24.9391731Z  * [new branch]          H1149-desarrollo-de-orchestrator -> origin/H1149-desarrollo-de-orchestrator
job-core	Checkout code	2025-10-10T11:04:24.9394502Z  * [new branch]          H1150-desarrollo-de-secciones -> origin/H1150-desarrollo-de-secciones
job-core	Checkout code	2025-10-10T11:04:24.9397284Z  * [new branch]          H1151-desarrollo-de-secciones-ii -> origin/H1151-desarrollo-de-secciones-ii
job-core	Checkout code	2025-10-10T11:04:24.9399813Z  * [new branch]          H1152-desarrollo-inicio -> origin/H1152-desarrollo-inicio
job-core	Checkout code	2025-10-10T11:04:24.9402478Z  * [new branch]          H1183-personalizaci√≥n-m√≥dulo-finops -> origin/H1183-personalizaci√≥n-m√≥dulo-finops
job-core	Checkout code	2025-10-10T11:04:24.9405772Z  * [new branch]          H1193-ejemplo-web-documentacion -> origin/H1193-ejemplo-web-documentacion
job-core	Checkout code	2025-10-10T11:04:24.9408261Z  * [new branch]          H1205-web-creation      -> origin/H1205-web-creation
job-core	Checkout code	2025-10-10T11:04:24.9410423Z  * [new branch]          H1224-new-module-mongodb -> origin/H1224-new-module-mongodb
job-core	Checkout code	2025-10-10T11:04:24.9412669Z  * [new branch]          H1410-modulo-execution  -> origin/H1410-modulo-execution
job-core	Checkout code	2025-10-10T11:04:24.9416705Z  * [new branch]          H1514-new-swarm-deployment-stack-with-actions-runners-autoscale -> origin/H1514-new-swarm-deployment-stack-with-actions-runners-autoscale
job-core	Checkout code	2025-10-10T11:04:24.9422646Z  * [new branch]          H1968-modulo-personalizaci√≥n-del-portal-de-kaos-core -> origin/H1968-modulo-personalizaci√≥n-del-portal-de-kaos-core
job-core	Checkout code	2025-10-10T11:04:24.9426302Z  * [new branch]          H215-modulo-de-summary  -> origin/H215-modulo-de-summary
job-core	Checkout code	2025-10-10T11:04:24.9428457Z  * [new branch]          H220-web-de-resultados  -> origin/H220-web-de-resultados
job-core	Checkout code	2025-10-10T11:04:24.9431699Z  * [new branch]          H227-despliegue-de-kube-independiente-del-clouder -> origin/H227-despliegue-de-kube-independiente-del-clouder
job-core	Checkout code	2025-10-10T11:04:24.9435702Z  * [new branch]          H306-ficheros-de-estadisticas -> origin/H306-ficheros-de-estadisticas
job-core	Checkout code	2025-10-10T11:04:24.9438825Z  * [new branch]          H328-documentacion-modulo-principal-de-kaos -> origin/H328-documentacion-modulo-principal-de-kaos
job-core	Checkout code	2025-10-10T11:04:24.9442341Z  * [new branch]          H329-documentacion-metodologia-de-kaos -> origin/H329-documentacion-metodologia-de-kaos
job-core	Checkout code	2025-10-10T11:04:24.9446498Z  * [new branch]          H338-relanzador-de-jobs-en-caso-de-pattern -> origin/H338-relanzador-de-jobs-en-caso-de-pattern
job-core	Checkout code	2025-10-10T11:04:24.9449860Z  * [new branch]          H38-documentacion-basica-del-proyecto -> origin/H38-documentacion-basica-del-proyecto
job-core	Checkout code	2025-10-10T11:04:24.9452910Z  * [new branch]          H44-creaci√≥n-m√≥dulo-versionado -> origin/H44-creaci√≥n-m√≥dulo-versionado
job-core	Checkout code	2025-10-10T11:04:24.9456228Z  * [new branch]          RN1149-desarrollo-de-orchestrator -> origin/RN1149-desarrollo-de-orchestrator
job-core	Checkout code	2025-10-10T11:04:24.9459226Z  * [new branch]          RN1183-personalizaci√≥n-m√≥dulo-finops -> origin/RN1183-personalizaci√≥n-m√≥dulo-finops
job-core	Checkout code	2025-10-10T11:04:24.9463226Z  * [new branch]          RN1282-ka0s-error-detected-in-ka0s-workflow-statistics-summary -> origin/RN1282-ka0s-error-detected-in-ka0s-workflow-statistics-summary
job-core	Checkout code	2025-10-10T11:04:24.9467076Z  * [new branch]          RN220-web-de-resultados -> origin/RN220-web-de-resultados
job-core	Checkout code	2025-10-10T11:04:24.9470274Z  * [new branch]          RN227-despliegue-de-kube-independiente-del-clouder -> origin/RN227-despliegue-de-kube-independiente-del-clouder
job-core	Checkout code	2025-10-10T11:04:24.9474128Z  * [new branch]          RN329-documentacion-metodologia-de-kaos -> origin/RN329-documentacion-metodologia-de-kaos
job-core	Checkout code	2025-10-10T11:04:24.9476687Z  * [new branch]          main                    -> origin/main
job-core	Checkout code	2025-10-10T11:04:24.9478237Z  * [new tag]             0.0.0                   -> 0.0.0
job-core	Checkout code	2025-10-10T11:04:24.9479709Z  * [new tag]             0.0.1                   -> 0.0.1
job-core	Checkout code	2025-10-10T11:04:24.9481186Z  * [new tag]             0.0.10                  -> 0.0.10
job-core	Checkout code	2025-10-10T11:04:24.9482665Z  * [new tag]             0.0.100                 -> 0.0.100
job-core	Checkout code	2025-10-10T11:04:24.9484179Z  * [new tag]             0.0.101                 -> 0.0.101
job-core	Checkout code	2025-10-10T11:04:24.9485581Z  * [new tag]             0.0.102                 -> 0.0.102
job-core	Checkout code	2025-10-10T11:04:24.9486983Z  * [new tag]             0.0.103                 -> 0.0.103
job-core	Checkout code	2025-10-10T11:04:24.9488411Z  * [new tag]             0.0.104                 -> 0.0.104
job-core	Checkout code	2025-10-10T11:04:24.9489842Z  * [new tag]             0.0.105                 -> 0.0.105
job-core	Checkout code	2025-10-10T11:04:24.9491427Z  * [new tag]             0.0.106                 -> 0.0.106
job-core	Checkout code	2025-10-10T11:04:24.9492946Z  * [new tag]             0.0.107                 -> 0.0.107
job-core	Checkout code	2025-10-10T11:04:24.9494634Z  * [new tag]             0.0.108                 -> 0.0.108
job-core	Checkout code	2025-10-10T11:04:24.9496016Z  * [new tag]             0.0.109                 -> 0.0.109
job-core	Checkout code	2025-10-10T11:04:24.9497396Z  * [new tag]             0.0.11                  -> 0.0.11
job-core	Checkout code	2025-10-10T11:04:24.9498770Z  * [new tag]             0.0.110                 -> 0.0.110
job-core	Checkout code	2025-10-10T11:04:24.9500155Z  * [new tag]             0.0.111                 -> 0.0.111
job-core	Checkout code	2025-10-10T11:04:24.9501545Z  * [new tag]             0.0.112                 -> 0.0.112
job-core	Checkout code	2025-10-10T11:04:24.9502920Z  * [new tag]             0.0.113                 -> 0.0.113
job-core	Checkout code	2025-10-10T11:04:24.9504638Z  * [new tag]             0.0.114                 -> 0.0.114
job-core	Checkout code	2025-10-10T11:04:24.9506026Z  * [new tag]             0.0.115                 -> 0.0.115
job-core	Checkout code	2025-10-10T11:04:24.9507601Z  * [new tag]             0.0.116                 -> 0.0.116
job-core	Checkout code	2025-10-10T11:04:24.9508980Z  * [new tag]             0.0.117                 -> 0.0.117
job-core	Checkout code	2025-10-10T11:04:24.9510349Z  * [new tag]             0.0.118                 -> 0.0.118
job-core	Checkout code	2025-10-10T11:04:24.9513493Z  * [new tag]             0.0.119                 -> 0.0.119
job-core	Checkout code	2025-10-10T11:04:24.9516208Z  * [new tag]             0.0.12                  -> 0.0.12
job-core	Checkout code	2025-10-10T11:04:24.9517767Z  * [new tag]             0.0.120                 -> 0.0.120
job-core	Checkout code	2025-10-10T11:04:24.9519160Z  * [new tag]             0.0.121                 -> 0.0.121
job-core	Checkout code	2025-10-10T11:04:24.9520521Z  * [new tag]             0.0.122                 -> 0.0.122
job-core	Checkout code	2025-10-10T11:04:24.9521925Z  * [new tag]             0.0.123                 -> 0.0.123
job-core	Checkout code	2025-10-10T11:04:24.9523581Z  * [new tag]             0.0.124                 -> 0.0.124
job-core	Checkout code	2025-10-10T11:04:24.9525562Z  * [new tag]             0.0.125                 -> 0.0.125
job-core	Checkout code	2025-10-10T11:04:24.9526930Z  * [new tag]             0.0.126                 -> 0.0.126
job-core	Checkout code	2025-10-10T11:04:24.9528280Z  * [new tag]             0.0.127                 -> 0.0.127
job-core	Checkout code	2025-10-10T11:04:24.9529647Z  * [new tag]             0.0.128                 -> 0.0.128
job-core	Checkout code	2025-10-10T11:04:24.9531023Z  * [new tag]             0.0.129                 -> 0.0.129
job-core	Checkout code	2025-10-10T11:04:24.9532392Z  * [new tag]             0.0.13                  -> 0.0.13
job-core	Checkout code	2025-10-10T11:04:24.9534317Z  * [new tag]             0.0.130                 -> 0.0.130
job-core	Checkout code	2025-10-10T11:04:24.9535670Z  * [new tag]             0.0.131                 -> 0.0.131
job-core	Checkout code	2025-10-10T11:04:24.9537034Z  * [new tag]             0.0.132                 -> 0.0.132
job-core	Checkout code	2025-10-10T11:04:24.9538392Z  * [new tag]             0.0.133                 -> 0.0.133
job-core	Checkout code	2025-10-10T11:04:24.9539745Z  * [new tag]             0.0.134                 -> 0.0.134
job-core	Checkout code	2025-10-10T11:04:24.9541119Z  * [new tag]             0.0.135                 -> 0.0.135
job-core	Checkout code	2025-10-10T11:04:24.9542466Z  * [new tag]             0.0.136                 -> 0.0.136
job-core	Checkout code	2025-10-10T11:04:24.9544157Z  * [new tag]             0.0.137                 -> 0.0.137
job-core	Checkout code	2025-10-10T11:04:24.9545513Z  * [new tag]             0.0.138                 -> 0.0.138
job-core	Checkout code	2025-10-10T11:04:24.9546856Z  * [new tag]             0.0.139                 -> 0.0.139
job-core	Checkout code	2025-10-10T11:04:24.9548211Z  * [new tag]             0.0.14                  -> 0.0.14
job-core	Checkout code	2025-10-10T11:04:24.9549557Z  * [new tag]             0.0.140                 -> 0.0.140
job-core	Checkout code	2025-10-10T11:04:24.9550870Z  * [new tag]             0.0.141                 -> 0.0.141
job-core	Checkout code	2025-10-10T11:04:24.9552182Z  * [new tag]             0.0.142                 -> 0.0.142
job-core	Checkout code	2025-10-10T11:04:24.9553670Z  * [new tag]             0.0.143                 -> 0.0.143
job-core	Checkout code	2025-10-10T11:04:24.9555105Z  * [new tag]             0.0.144                 -> 0.0.144
job-core	Checkout code	2025-10-10T11:04:24.9556410Z  * [new tag]             0.0.145                 -> 0.0.145
job-core	Checkout code	2025-10-10T11:04:24.9557728Z  * [new tag]             0.0.146                 -> 0.0.146
job-core	Checkout code	2025-10-10T11:04:24.9559050Z  * [new tag]             0.0.147                 -> 0.0.147
job-core	Checkout code	2025-10-10T11:04:24.9560354Z  * [new tag]             0.0.148                 -> 0.0.148
job-core	Checkout code	2025-10-10T11:04:24.9561662Z  * [new tag]             0.0.149                 -> 0.0.149
job-core	Checkout code	2025-10-10T11:04:24.9562948Z  * [new tag]             0.0.15                  -> 0.0.15
job-core	Checkout code	2025-10-10T11:04:24.9564272Z  * [new tag]             0.0.150                 -> 0.0.150
job-core	Checkout code	2025-10-10T11:04:24.9565552Z  * [new tag]             0.0.151                 -> 0.0.151
job-core	Checkout code	2025-10-10T11:04:24.9566836Z  * [new tag]             0.0.152                 -> 0.0.152
job-core	Checkout code	2025-10-10T11:04:24.9568112Z  * [new tag]             0.0.153                 -> 0.0.153
job-core	Checkout code	2025-10-10T11:04:24.9569389Z  * [new tag]             0.0.154                 -> 0.0.154
job-core	Checkout code	2025-10-10T11:04:24.9570655Z  * [new tag]             0.0.155                 -> 0.0.155
job-core	Checkout code	2025-10-10T11:04:24.9571937Z  * [new tag]             0.0.156                 -> 0.0.156
job-core	Checkout code	2025-10-10T11:04:24.9573232Z  * [new tag]             0.0.157                 -> 0.0.157
job-core	Checkout code	2025-10-10T11:04:24.9574972Z  * [new tag]             0.0.158                 -> 0.0.158
job-core	Checkout code	2025-10-10T11:04:24.9576258Z  * [new tag]             0.0.159                 -> 0.0.159
job-core	Checkout code	2025-10-10T11:04:24.9577548Z  * [new tag]             0.0.16                  -> 0.0.16
job-core	Checkout code	2025-10-10T11:04:24.9578818Z  * [new tag]             0.0.160                 -> 0.0.160
job-core	Checkout code	2025-10-10T11:04:24.9580377Z  * [new tag]             0.0.161                 -> 0.0.161
job-core	Checkout code	2025-10-10T11:04:24.9581649Z  * [new tag]             0.0.162                 -> 0.0.162
job-core	Checkout code	2025-10-10T11:04:24.9583080Z  * [new tag]             0.0.163                 -> 0.0.163
job-core	Checkout code	2025-10-10T11:04:24.9584834Z  * [new tag]             0.0.164                 -> 0.0.164
job-core	Checkout code	2025-10-10T11:04:24.9586317Z  * [new tag]             0.0.165                 -> 0.0.165
job-core	Checkout code	2025-10-10T11:04:24.9587603Z  * [new tag]             0.0.166                 -> 0.0.166
job-core	Checkout code	2025-10-10T11:04:24.9589045Z  * [new tag]             0.0.167                 -> 0.0.167
job-core	Checkout code	2025-10-10T11:04:24.9590322Z  * [new tag]             0.0.168                 -> 0.0.168
job-core	Checkout code	2025-10-10T11:04:24.9592023Z  * [new tag]             0.0.169                 -> 0.0.169
job-core	Checkout code	2025-10-10T11:04:24.9593588Z  * [new tag]             0.0.17                  -> 0.0.17
job-core	Checkout code	2025-10-10T11:04:24.9595283Z  * [new tag]             0.0.170                 -> 0.0.170
job-core	Checkout code	2025-10-10T11:04:24.9596547Z  * [new tag]             0.0.171                 -> 0.0.171
job-core	Checkout code	2025-10-10T11:04:24.9597813Z  * [new tag]             0.0.172                 -> 0.0.172
job-core	Checkout code	2025-10-10T11:04:24.9599371Z  * [new tag]             0.0.173                 -> 0.0.173
job-core	Checkout code	2025-10-10T11:04:24.9600637Z  * [new tag]             0.0.174                 -> 0.0.174
job-core	Checkout code	2025-10-10T11:04:24.9601897Z  * [new tag]             0.0.175                 -> 0.0.175
job-core	Checkout code	2025-10-10T11:04:24.9603169Z  * [new tag]             0.0.176                 -> 0.0.176
job-core	Checkout code	2025-10-10T11:04:24.9604757Z  * [new tag]             0.0.177                 -> 0.0.177
job-core	Checkout code	2025-10-10T11:04:24.9606013Z  * [new tag]             0.0.178                 -> 0.0.178
job-core	Checkout code	2025-10-10T11:04:24.9607275Z  * [new tag]             0.0.179                 -> 0.0.179
job-core	Checkout code	2025-10-10T11:04:24.9608543Z  * [new tag]             0.0.18                  -> 0.0.18
job-core	Checkout code	2025-10-10T11:04:24.9609813Z  * [new tag]             0.0.19                  -> 0.0.19
job-core	Checkout code	2025-10-10T11:04:24.9611082Z  * [new tag]             0.0.2                   -> 0.0.2
job-core	Checkout code	2025-10-10T11:04:24.9612341Z  * [new tag]             0.0.20                  -> 0.0.20
job-core	Checkout code	2025-10-10T11:04:24.9613956Z  * [new tag]             0.0.21                  -> 0.0.21
job-core	Checkout code	2025-10-10T11:04:24.9615216Z  * [new tag]             0.0.22                  -> 0.0.22
job-core	Checkout code	2025-10-10T11:04:24.9616489Z  * [new tag]             0.0.23                  -> 0.0.23
job-core	Checkout code	2025-10-10T11:04:24.9617750Z  * [new tag]             0.0.24                  -> 0.0.24
job-core	Checkout code	2025-10-10T11:04:24.9619021Z  * [new tag]             0.0.25                  -> 0.0.25
job-core	Checkout code	2025-10-10T11:04:24.9620292Z  * [new tag]             0.0.26                  -> 0.0.26
job-core	Checkout code	2025-10-10T11:04:24.9621719Z  * [new tag]             0.0.27                  -> 0.0.27
job-core	Checkout code	2025-10-10T11:04:24.9623114Z  * [new tag]             0.0.28                  -> 0.0.28
job-core	Checkout code	2025-10-10T11:04:24.9624688Z  * [new tag]             0.0.29                  -> 0.0.29
job-core	Checkout code	2025-10-10T11:04:24.9625951Z  * [new tag]             0.0.3                   -> 0.0.3
job-core	Checkout code	2025-10-10T11:04:24.9627212Z  * [new tag]             0.0.30                  -> 0.0.30
job-core	Checkout code	2025-10-10T11:04:24.9628465Z  * [new tag]             0.0.31                  -> 0.0.31
job-core	Checkout code	2025-10-10T11:04:24.9629723Z  * [new tag]             0.0.32                  -> 0.0.32
job-core	Checkout code	2025-10-10T11:04:24.9630982Z  * [new tag]             0.0.33                  -> 0.0.33
job-core	Checkout code	2025-10-10T11:04:24.9632242Z  * [new tag]             0.0.34                  -> 0.0.34
job-core	Checkout code	2025-10-10T11:04:24.9633542Z  * [new tag]             0.0.35                  -> 0.0.35
job-core	Checkout code	2025-10-10T11:04:24.9634814Z  * [new tag]             0.0.36                  -> 0.0.36
job-core	Checkout code	2025-10-10T11:04:24.9636069Z  * [new tag]             0.0.37                  -> 0.0.37
job-core	Checkout code	2025-10-10T11:04:24.9637821Z  * [new tag]             0.0.38                  -> 0.0.38
job-core	Checkout code	2025-10-10T11:04:24.9639076Z  * [new tag]             0.0.39                  -> 0.0.39
job-core	Checkout code	2025-10-10T11:04:24.9640329Z  * [new tag]             0.0.4                   -> 0.0.4
job-core	Checkout code	2025-10-10T11:04:24.9641594Z  * [new tag]             0.0.40                  -> 0.0.40
job-core	Checkout code	2025-10-10T11:04:24.9642849Z  * [new tag]             0.0.41                  -> 0.0.41
job-core	Checkout code	2025-10-10T11:04:24.9644156Z  * [new tag]             0.0.42                  -> 0.0.42
job-core	Checkout code	2025-10-10T11:04:24.9645408Z  * [new tag]             0.0.43                  -> 0.0.43
job-core	Checkout code	2025-10-10T11:04:24.9646662Z  * [new tag]             0.0.44                  -> 0.0.44
job-core	Checkout code	2025-10-10T11:04:24.9647922Z  * [new tag]             0.0.45                  -> 0.0.45
job-core	Checkout code	2025-10-10T11:04:24.9649180Z  * [new tag]             0.0.46                  -> 0.0.46
job-core	Checkout code	2025-10-10T11:04:24.9650631Z  * [new tag]             0.0.47                  -> 0.0.47
job-core	Checkout code	2025-10-10T11:04:24.9651885Z  * [new tag]             0.0.48                  -> 0.0.48
job-core	Checkout code	2025-10-10T11:04:24.9653178Z  * [new tag]             0.0.49                  -> 0.0.49
job-core	Checkout code	2025-10-10T11:04:24.9655019Z  * [new tag]             0.0.5                   -> 0.0.5
job-core	Checkout code	2025-10-10T11:04:24.9656271Z  * [new tag]             0.0.50                  -> 0.0.50
job-core	Checkout code	2025-10-10T11:04:24.9657530Z  * [new tag]             0.0.51                  -> 0.0.51
job-core	Checkout code	2025-10-10T11:04:24.9658783Z  * [new tag]             0.0.52                  -> 0.0.52
job-core	Checkout code	2025-10-10T11:04:24.9660037Z  * [new tag]             0.0.53                  -> 0.0.53
job-core	Checkout code	2025-10-10T11:04:24.9661288Z  * [new tag]             0.0.54                  -> 0.0.54
job-core	Checkout code	2025-10-10T11:04:24.9662527Z  * [new tag]             0.0.55                  -> 0.0.55
job-core	Checkout code	2025-10-10T11:04:24.9664361Z  * [new tag]             0.0.56                  -> 0.0.56
job-core	Checkout code	2025-10-10T11:04:24.9665612Z  * [new tag]             0.0.57                  -> 0.0.57
job-core	Checkout code	2025-10-10T11:04:24.9666869Z  * [new tag]             0.0.58                  -> 0.0.58
job-core	Checkout code	2025-10-10T11:04:24.9668114Z  * [new tag]             0.0.59                  -> 0.0.59
job-core	Checkout code	2025-10-10T11:04:24.9669489Z  * [new tag]             0.0.6                   -> 0.0.6
job-core	Checkout code	2025-10-10T11:04:24.9670847Z  * [new tag]             0.0.60                  -> 0.0.60
job-core	Checkout code	2025-10-10T11:04:24.9672076Z  * [new tag]             0.0.61                  -> 0.0.61
job-core	Checkout code	2025-10-10T11:04:24.9673351Z  * [new tag]             0.0.62                  -> 0.0.62
job-core	Checkout code	2025-10-10T11:04:24.9674854Z  * [new tag]             0.0.63                  -> 0.0.63
job-core	Checkout code	2025-10-10T11:04:24.9676081Z  * [new tag]             0.0.64                  -> 0.0.64
job-core	Checkout code	2025-10-10T11:04:24.9677309Z  * [new tag]             0.0.65                  -> 0.0.65
job-core	Checkout code	2025-10-10T11:04:24.9678535Z  * [new tag]             0.0.66                  -> 0.0.66
job-core	Checkout code	2025-10-10T11:04:24.9679772Z  * [new tag]             0.0.67                  -> 0.0.67
job-core	Checkout code	2025-10-10T11:04:24.9681019Z  * [new tag]             0.0.68                  -> 0.0.68
job-core	Checkout code	2025-10-10T11:04:24.9682400Z  * [new tag]             0.0.69                  -> 0.0.69
job-core	Checkout code	2025-10-10T11:04:24.9683987Z  * [new tag]             0.0.7                   -> 0.0.7
job-core	Checkout code	2025-10-10T11:04:24.9685352Z  * [new tag]             0.0.70                  -> 0.0.70
job-core	Checkout code	2025-10-10T11:04:24.9686870Z  * [new tag]             0.0.71                  -> 0.0.71
job-core	Checkout code	2025-10-10T11:04:24.9688100Z  * [new tag]             0.0.72                  -> 0.0.72
job-core	Checkout code	2025-10-10T11:04:24.9689346Z  * [new tag]             0.0.73                  -> 0.0.73
job-core	Checkout code	2025-10-10T11:04:24.9690594Z  * [new tag]             0.0.74                  -> 0.0.74
job-core	Checkout code	2025-10-10T11:04:24.9691854Z  * [new tag]             0.0.75                  -> 0.0.75
job-core	Checkout code	2025-10-10T11:04:24.9693093Z  * [new tag]             0.0.76                  -> 0.0.76
job-core	Checkout code	2025-10-10T11:04:24.9694784Z  * [new tag]             0.0.77                  -> 0.0.77
job-core	Checkout code	2025-10-10T11:04:24.9696067Z  * [new tag]             0.0.78                  -> 0.0.78
job-core	Checkout code	2025-10-10T11:04:24.9697496Z  * [new tag]             0.0.79                  -> 0.0.79
job-core	Checkout code	2025-10-10T11:04:24.9699035Z  * [new tag]             0.0.8                   -> 0.0.8
job-core	Checkout code	2025-10-10T11:04:24.9700752Z  * [new tag]             0.0.80                  -> 0.0.80
job-core	Checkout code	2025-10-10T11:04:24.9702250Z  * [new tag]             0.0.81                  -> 0.0.81
job-core	Checkout code	2025-10-10T11:04:24.9703726Z  * [new tag]             0.0.82                  -> 0.0.82
job-core	Checkout code	2025-10-10T11:04:24.9705247Z  * [new tag]             0.0.83                  -> 0.0.83
job-core	Checkout code	2025-10-10T11:04:24.9706482Z  * [new tag]             0.0.84                  -> 0.0.84
job-core	Checkout code	2025-10-10T11:04:24.9707718Z  * [new tag]             0.0.85                  -> 0.0.85
job-core	Checkout code	2025-10-10T11:04:24.9709089Z  * [new tag]             0.0.86                  -> 0.0.86
job-core	Checkout code	2025-10-10T11:04:24.9710621Z  * [new tag]             0.0.87                  -> 0.0.87
job-core	Checkout code	2025-10-10T11:04:24.9724754Z  * [new tag]             0.0.88                  -> 0.0.88
job-core	Checkout code	2025-10-10T11:04:24.9726452Z  * [new tag]             0.0.89                  -> 0.0.89
job-core	Checkout code	2025-10-10T11:04:24.9728436Z  * [new tag]             0.0.9                   -> 0.0.9
job-core	Checkout code	2025-10-10T11:04:24.9729693Z  * [new tag]             0.0.90                  -> 0.0.90
job-core	Checkout code	2025-10-10T11:04:24.9730921Z  * [new tag]             0.0.91                  -> 0.0.91
job-core	Checkout code	2025-10-10T11:04:24.9732305Z  * [new tag]             0.0.92                  -> 0.0.92
job-core	Checkout code	2025-10-10T11:04:24.9733820Z  * [new tag]             0.0.93                  -> 0.0.93
job-core	Checkout code	2025-10-10T11:04:24.9735111Z  * [new tag]             0.0.94                  -> 0.0.94
job-core	Checkout code	2025-10-10T11:04:24.9736705Z  * [new tag]             0.0.95                  -> 0.0.95
job-core	Checkout code	2025-10-10T11:04:24.9738181Z  * [new tag]             0.0.96                  -> 0.0.96
job-core	Checkout code	2025-10-10T11:04:24.9739612Z  * [new tag]             0.0.97                  -> 0.0.97
job-core	Checkout code	2025-10-10T11:04:24.9740868Z  * [new tag]             0.0.98                  -> 0.0.98
job-core	Checkout code	2025-10-10T11:04:24.9742124Z  * [new tag]             0.0.99                  -> 0.0.99
job-core	Checkout code	2025-10-10T11:04:24.9743590Z  * [new tag]             0.1.0                   -> 0.1.0
job-core	Checkout code	2025-10-10T11:04:24.9744996Z  * [new tag]             0.1.1                   -> 0.1.1
job-core	Checkout code	2025-10-10T11:04:24.9746257Z  * [new tag]             0.2.0                   -> 0.2.0
job-core	Checkout code	2025-10-10T11:04:24.9747511Z  * [new tag]             0.3.0                   -> 0.3.0
job-core	Checkout code	2025-10-10T11:04:24.9748770Z  * [new tag]             0.3.1                   -> 0.3.1
job-core	Checkout code	2025-10-10T11:04:24.9750627Z  * [new tag]             0.3.10                  -> 0.3.10
job-core	Checkout code	2025-10-10T11:04:24.9752023Z  * [new tag]             0.3.11                  -> 0.3.11
job-core	Checkout code	2025-10-10T11:04:24.9753285Z  * [new tag]             0.3.12                  -> 0.3.12
job-core	Checkout code	2025-10-10T11:04:24.9754958Z  * [new tag]             0.3.13                  -> 0.3.13
job-core	Checkout code	2025-10-10T11:04:24.9756190Z  * [new tag]             0.3.14                  -> 0.3.14
job-core	Checkout code	2025-10-10T11:04:24.9757428Z  * [new tag]             0.3.15                  -> 0.3.15
job-core	Checkout code	2025-10-10T11:04:24.9758665Z  * [new tag]             0.3.16                  -> 0.3.16
job-core	Checkout code	2025-10-10T11:04:24.9759906Z  * [new tag]             0.3.17                  -> 0.3.17
job-core	Checkout code	2025-10-10T11:04:24.9761152Z  * [new tag]             0.3.2                   -> 0.3.2
job-core	Checkout code	2025-10-10T11:04:24.9762402Z  * [new tag]             0.3.3                   -> 0.3.3
job-core	Checkout code	2025-10-10T11:04:24.9764130Z  * [new tag]             0.3.4                   -> 0.3.4
job-core	Checkout code	2025-10-10T11:04:24.9765497Z  * [new tag]             0.3.5                   -> 0.3.5
job-core	Checkout code	2025-10-10T11:04:24.9766722Z  * [new tag]             0.3.6                   -> 0.3.6
job-core	Checkout code	2025-10-10T11:04:24.9767942Z  * [new tag]             0.3.7                   -> 0.3.7
job-core	Checkout code	2025-10-10T11:04:24.9769158Z  * [new tag]             0.3.8                   -> 0.3.8
job-core	Checkout code	2025-10-10T11:04:24.9770378Z  * [new tag]             0.3.9                   -> 0.3.9
job-core	Checkout code	2025-10-10T11:04:24.9771600Z  * [new tag]             0.4.0                   -> 0.4.0
job-core	Checkout code	2025-10-10T11:04:24.9772827Z  * [new tag]             0.4.1                   -> 0.4.1
job-core	Checkout code	2025-10-10T11:04:24.9774360Z  * [new tag]             0.4.10                  -> 0.4.10
job-core	Checkout code	2025-10-10T11:04:24.9775602Z  * [new tag]             0.4.2                   -> 0.4.2
job-core	Checkout code	2025-10-10T11:04:24.9777093Z  * [new tag]             0.4.3                   -> 0.4.3
job-core	Checkout code	2025-10-10T11:04:24.9778310Z  * [new tag]             0.4.4                   -> 0.4.4
job-core	Checkout code	2025-10-10T11:04:24.9779530Z  * [new tag]             0.4.5                   -> 0.4.5
job-core	Checkout code	2025-10-10T11:04:24.9780894Z  * [new tag]             0.4.6                   -> 0.4.6
job-core	Checkout code	2025-10-10T11:04:24.9782304Z  * [new tag]             0.4.7                   -> 0.4.7
job-core	Checkout code	2025-10-10T11:04:24.9783663Z  * [new tag]             0.4.8                   -> 0.4.8
job-core	Checkout code	2025-10-10T11:04:24.9785069Z  * [new tag]             0.4.9                   -> 0.4.9
job-core	Checkout code	2025-10-10T11:04:24.9789633Z [command]/usr/bin/git branch --list --remote origin/H1968-modulo-personalizaci√≥n-del-portal-de-kaos-core
job-core	Checkout code	2025-10-10T11:04:24.9792296Z   origin/H1968-modulo-personalizaci√≥n-del-portal-de-kaos-core
job-core	Checkout code	2025-10-10T11:04:24.9796212Z [command]/usr/bin/git rev-parse refs/remotes/origin/H1968-modulo-personalizaci√≥n-del-portal-de-kaos-core
job-core	Checkout code	2025-10-10T11:04:24.9817863Z 6a3381a0398c879b366e83d3347cb3e1d396c092
job-core	Checkout code	2025-10-10T11:04:24.9825369Z ##[endgroup]
job-core	Checkout code	2025-10-10T11:04:24.9826813Z ##[group]Determining the checkout info
job-core	Checkout code	2025-10-10T11:04:24.9828662Z ##[endgroup]
job-core	Checkout code	2025-10-10T11:04:24.9831164Z [command]/usr/bin/git sparse-checkout disable
job-core	Checkout code	2025-10-10T11:04:24.9886956Z [command]/usr/bin/git config --local --unset-all extensions.worktreeConfig
job-core	Checkout code	2025-10-10T11:04:24.9921451Z ##[group]Checking out the ref
job-core	Checkout code	2025-10-10T11:04:24.9932224Z [command]/usr/bin/git checkout --progress --force -B H1968-modulo-personalizaci√≥n-del-portal-de-kaos-core refs/remotes/origin/H1968-modulo-personalizaci√≥n-del-portal-de-kaos-core
job-core	Checkout code	2025-10-10T11:04:25.7819489Z Switched to a new branch 'H1968-modulo-personalizaci√≥n-del-portal-de-kaos-core'
job-core	Checkout code	2025-10-10T11:04:25.7822162Z branch 'H1968-modulo-personalizaci√≥n-del-portal-de-kaos-core' set up to track 'origin/H1968-modulo-personalizaci√≥n-del-portal-de-kaos-core'.
job-core	Checkout code	2025-10-10T11:04:25.7925584Z ##[endgroup]
job-core	Checkout code	2025-10-10T11:04:25.7974500Z [command]/usr/bin/git log -1 --format=%H
job-core	Checkout code	2025-10-10T11:04:25.7998349Z 6a3381a0398c879b366e83d3347cb3e1d396c092
job-core	Validate file extensions	Ôªø2025-10-10T11:04:25.8241993Z ##[group]Run # Nueva ejecuci√≥n
job-core	Validate file extensions	2025-10-10T11:04:25.8242418Z [36;1m# Nueva ejecuci√≥n[0m
job-core	Validate file extensions	2025-10-10T11:04:25.8243076Z [36;1mIFS=',' read -r -a extensions <<< "***"[0m
job-core	Validate file extensions	2025-10-10T11:04:25.8243943Z [36;1mfor file in $(git diff --name-only HEAD~1 HEAD); do[0m
job-core	Validate file extensions	2025-10-10T11:04:25.8244297Z [36;1m  extension="${file##*.}"[0m
job-core	Validate file extensions	2025-10-10T11:04:25.8251972Z [36;1m  if [[ ! " ${extensions[@]} " =~ " ${extension} " ]]; then[0m
job-core	Validate file extensions	2025-10-10T11:04:25.8252464Z [36;1m    echo "File $file has an invalid extension: $extension"[0m
job-core	Validate file extensions	2025-10-10T11:04:25.8252812Z [36;1m  fi[0m
job-core	Validate file extensions	2025-10-10T11:04:25.8253013Z [36;1mdone[0m
job-core	Validate file extensions	2025-10-10T11:04:25.8253541Z [36;1mRNNUMBER=$(echo "H1968-modulo-personalizaci√≥n-del-portal-de-kaos-core" | grep -o '[0-9]*')[0m
job-core	Validate file extensions	2025-10-10T11:04:25.8254165Z [36;1mgh issue comment $RNNUMBER --body "Se inicia Ka0s 18404601230 "[0m
job-core	Validate file extensions	2025-10-10T11:04:25.8267380Z shell: /usr/bin/bash -e {0}
job-core	Validate file extensions	2025-10-10T11:04:25.8267675Z env:
job-core	Validate file extensions	2025-10-10T11:04:25.8268045Z   KAOS_CODE: 18404601230
job-core	Validate file extensions	2025-10-10T11:04:25.8268340Z   KAOS_EVENT_NAME: push
job-core	Validate file extensions	2025-10-10T11:04:25.8268565Z   KAOS_ACTION: 
job-core	Validate file extensions	2025-10-10T11:04:25.8268922Z   KAOS_REF: refs/heads/H1968-modulo-personalizaci√≥n-del-portal-de-kaos-core
job-core	Validate file extensions	2025-10-10T11:04:25.8269349Z   KAOS_MODULE: [Ka0S] Kaos
job-core	Validate file extensions	2025-10-10T11:04:25.8269600Z   KAOS_PATH_RESUME: audit/kaos/
job-core	Validate file extensions	2025-10-10T11:04:25.8269857Z   KAOS_ACTOR: santakloud
job-core	Validate file extensions	2025-10-10T11:04:25.8270088Z   GITHUB_OUTPUT: 
job-core	Validate file extensions	2025-10-10T11:04:25.8270636Z   GH_TOKEN: ***
job-core	Validate file extensions	2025-10-10T11:04:25.8270851Z ##[endgroup]
job-core	Validate file extensions	2025-10-10T11:04:25.8352554Z File core/portal/docker_swarm/docker-stack.yml has an invalid extension: yml
job-core	Validate file extensions	2025-10-10T11:04:26.7518025Z https://github.com/Ka0s-Klaus/ka0s/issues/1968#issuecomment-3389388589
job-core	Crear JSON	Ôªø2025-10-10T11:04:26.7935527Z ##[group]Run # Generar JSON v√°lido con comillas escapadas
job-core	Crear JSON	2025-10-10T11:04:26.7937181Z [36;1m# Generar JSON v√°lido con comillas escapadas[0m
job-core	Crear JSON	2025-10-10T11:04:26.7937927Z [36;1mecho '{[0m
job-core	Crear JSON	2025-10-10T11:04:26.7938563Z [36;1m  "after": "6a3381a0398c879b366e83d3347cb3e1d396c092",[0m
job-core	Crear JSON	2025-10-10T11:04:26.7939763Z [36;1m  "base_ref": null,[0m
job-core	Crear JSON	2025-10-10T11:04:26.7940501Z [36;1m  "before": "6571ef000489e29aa7abdaee2b2be7c344b8699d",[0m
job-core	Crear JSON	2025-10-10T11:04:26.7941299Z [36;1m  "commits": [[0m
job-core	Crear JSON	2025-10-10T11:04:26.7941813Z [36;1m    {[0m
job-core	Crear JSON	2025-10-10T11:04:26.7942283Z [36;1m      "author": {[0m
job-core	Crear JSON	2025-10-10T11:04:26.7943099Z [36;1m        "email": "***",[0m
job-core	Crear JSON	2025-10-10T11:04:26.7943875Z [36;1m        "name": "***",[0m
job-core	Crear JSON	2025-10-10T11:04:26.7944517Z [36;1m        "username": "***"[0m
job-core	Crear JSON	2025-10-10T11:04:26.7945106Z [36;1m      },[0m
job-core	Crear JSON	2025-10-10T11:04:26.7945587Z [36;1m      "committer": {[0m
job-core	Crear JSON	2025-10-10T11:04:26.7946222Z [36;1m        "email": "***",[0m
job-core	Crear JSON	2025-10-10T11:04:26.7946838Z [36;1m        "name": "***",[0m
job-core	Crear JSON	2025-10-10T11:04:26.7947541Z [36;1m        "username": "***"[0m
job-core	Crear JSON	2025-10-10T11:04:26.7948122Z [36;1m      },[0m
job-core	Crear JSON	2025-10-10T11:04:26.7948609Z [36;1m      "distinct": false,[0m
job-core	Crear JSON	2025-10-10T11:04:26.7949349Z [36;1m      "id": "fb405f2099e3b79ba27318f18bba6274eacd12f0",[0m
job-core	Crear JSON	2025-10-10T11:04:26.7950558Z [36;1m      "message": "[Ka0S] Inspector uploading resume execution files to the repository...",[0m
job-core	Crear JSON	2025-10-10T11:04:26.7951696Z [36;1m      "timestamp": "2025-10-10T12:23:16+02:00",[0m
job-core	Crear JSON	2025-10-10T11:04:26.7952910Z [36;1m      "tree_id": "5db549b350d8ff5da157f9715af4ce46110a0d71",[0m
job-core	Crear JSON	2025-10-10T11:04:26.7954388Z [36;1m      "url": "https://github.com/Ka0s-Klaus/ka0s/commit/fb405f2099e3b79ba27318f18bba6274eacd12f0"[0m
job-core	Crear JSON	2025-10-10T11:04:26.7955540Z [36;1m    },[0m
job-core	Crear JSON	2025-10-10T11:04:26.7955997Z [36;1m    {[0m
job-core	Crear JSON	2025-10-10T11:04:26.7956469Z [36;1m      "author": {[0m
job-core	Crear JSON	2025-10-10T11:04:26.7957108Z [36;1m        "email": "***",[0m
job-core	Crear JSON	2025-10-10T11:04:26.7957734Z [36;1m        "name": "***",[0m
job-core	Crear JSON	2025-10-10T11:04:26.7958400Z [36;1m        "username": "***"[0m
job-core	Crear JSON	2025-10-10T11:04:26.7958986Z [36;1m      },[0m
job-core	Crear JSON	2025-10-10T11:04:26.7959470Z [36;1m      "committer": {[0m
job-core	Crear JSON	2025-10-10T11:04:26.7960095Z [36;1m        "email": "***",[0m
job-core	Crear JSON	2025-10-10T11:04:26.7960741Z [36;1m        "name": "***",[0m
job-core	Crear JSON	2025-10-10T11:04:26.7961369Z [36;1m        "username": "***"[0m
job-core	Crear JSON	2025-10-10T11:04:26.7961956Z [36;1m      },[0m
job-core	Crear JSON	2025-10-10T11:04:26.7962460Z [36;1m      "distinct": false,[0m
job-core	Crear JSON	2025-10-10T11:04:26.7963203Z [36;1m      "id": "71c0733214acba19f8356eed793a2ffb06e87332",[0m
job-core	Crear JSON	2025-10-10T11:04:26.7964737Z [36;1m      "message": "[Ka0S] Inspector uploading resume execution files to the repository...",[0m
job-core	Crear JSON	2025-10-10T11:04:26.7965894Z [36;1m      "timestamp": "2025-10-10T12:23:19+02:00",[0m
job-core	Crear JSON	2025-10-10T11:04:26.7966786Z [36;1m      "tree_id": "4fe474def68da29ceb9aae7fa4360fcef06c0540",[0m
job-core	Crear JSON	2025-10-10T11:04:26.7968110Z [36;1m      "url": "https://github.com/Ka0s-Klaus/ka0s/commit/71c0733214acba19f8356eed793a2ffb06e87332"[0m
job-core	Crear JSON	2025-10-10T11:04:26.7969282Z [36;1m    },[0m
job-core	Crear JSON	2025-10-10T11:04:26.7969741Z [36;1m    {[0m
job-core	Crear JSON	2025-10-10T11:04:26.7970208Z [36;1m      "author": {[0m
job-core	Crear JSON	2025-10-10T11:04:26.7970909Z [36;1m        "email": "***",[0m
job-core	Crear JSON	2025-10-10T11:04:26.7971567Z [36;1m        "name": "***",[0m
job-core	Crear JSON	2025-10-10T11:04:26.7972255Z [36;1m        "username": "***"[0m
job-core	Crear JSON	2025-10-10T11:04:26.7972855Z [36;1m      },[0m
job-core	Crear JSON	2025-10-10T11:04:26.7973432Z [36;1m      "committer": {[0m
job-core	Crear JSON	2025-10-10T11:04:26.7974114Z [36;1m        "email": "***",[0m
job-core	Crear JSON	2025-10-10T11:04:26.7974621Z [36;1m        "name": "***",[0m
job-core	Crear JSON	2025-10-10T11:04:26.7975126Z [36;1m        "username": "***"[0m
job-core	Crear JSON	2025-10-10T11:04:26.7975596Z [36;1m      },[0m
job-core	Crear JSON	2025-10-10T11:04:26.7975993Z [36;1m      "distinct": false,[0m
job-core	Crear JSON	2025-10-10T11:04:26.7976575Z [36;1m      "id": "39762b2d2005e3b9cad197065f503baec2fdaa00",[0m
job-core	Crear JSON	2025-10-10T11:04:26.7977516Z [36;1m      "message": "[Ka0S] Inspector uploading resume execution files to the repository...",[0m
job-core	Crear JSON	2025-10-10T11:04:26.7978856Z [36;1m      "timestamp": "2025-10-10T12:23:27+02:00",[0m
job-core	Crear JSON	2025-10-10T11:04:26.7979555Z [36;1m      "tree_id": "29d926cacb4a3be170cd08f69e4b96fa2a942dd8",[0m
job-core	Crear JSON	2025-10-10T11:04:26.7980611Z [36;1m      "url": "https://github.com/Ka0s-Klaus/ka0s/commit/39762b2d2005e3b9cad197065f503baec2fdaa00"[0m
job-core	Crear JSON	2025-10-10T11:04:26.7981718Z [36;1m    },[0m
job-core	Crear JSON	2025-10-10T11:04:26.7982091Z [36;1m    {[0m
job-core	Crear JSON	2025-10-10T11:04:26.7982462Z [36;1m      "author": {[0m
job-core	Crear JSON	2025-10-10T11:04:26.7982981Z [36;1m        "email": "***",[0m
job-core	Crear JSON	2025-10-10T11:04:26.7983579Z [36;1m        "name": "***",[0m
job-core	Crear JSON	2025-10-10T11:04:26.7984092Z [36;1m        "username": "***"[0m
job-core	Crear JSON	2025-10-10T11:04:26.7984562Z [36;1m      },[0m
job-core	Crear JSON	2025-10-10T11:04:26.7984942Z [36;1m      "committer": {[0m
job-core	Crear JSON	2025-10-10T11:04:26.7985442Z [36;1m        "email": "***",[0m
job-core	Crear JSON	2025-10-10T11:04:26.7985977Z [36;1m        "name": "***",[0m
job-core	Crear JSON	2025-10-10T11:04:26.7986483Z [36;1m        "username": "***"[0m
job-core	Crear JSON	2025-10-10T11:04:26.7986950Z [36;1m      },[0m
job-core	Crear JSON	2025-10-10T11:04:26.7987341Z [36;1m      "distinct": false,[0m
job-core	Crear JSON	2025-10-10T11:04:26.7987941Z [36;1m      "id": "7c65eebf6d824992f635a071874ccb310f0e4fc7",[0m
job-core	Crear JSON	2025-10-10T11:04:26.7988722Z [36;1m      "message": "[Ka0S] Uploading Autom add docs to MongoDB...",[0m
job-core	Crear JSON	2025-10-10T11:04:26.7989493Z [36;1m      "timestamp": "2025-10-10T12:24:08+02:00",[0m
job-core	Crear JSON	2025-10-10T11:04:26.7990183Z [36;1m      "tree_id": "966e8a6552e5843c3da8d61f75a3f2a8a8c952a1",[0m
job-core	Crear JSON	2025-10-10T11:04:26.7991238Z [36;1m      "url": "https://github.com/Ka0s-Klaus/ka0s/commit/7c65eebf6d824992f635a071874ccb310f0e4fc7"[0m
job-core	Crear JSON	2025-10-10T11:04:26.7992150Z [36;1m    },[0m
job-core	Crear JSON	2025-10-10T11:04:26.7992514Z [36;1m    {[0m
job-core	Crear JSON	2025-10-10T11:04:26.7992905Z [36;1m      "author": {[0m
job-core	Crear JSON	2025-10-10T11:04:26.7993497Z [36;1m        "email": "***",[0m
job-core	Crear JSON	2025-10-10T11:04:26.7994018Z [36;1m        "name": "***",[0m
job-core	Crear JSON	2025-10-10T11:04:26.7994522Z [36;1m        "username": "***"[0m
job-core	Crear JSON	2025-10-10T11:04:26.7994989Z [36;1m      },[0m
job-core	Crear JSON	2025-10-10T11:04:26.7995372Z [36;1m      "committer": {[0m
job-core	Crear JSON	2025-10-10T11:04:26.7995895Z [36;1m        "email": "***",[0m
job-core	Crear JSON	2025-10-10T11:04:26.7996398Z [36;1m        "name": "***",[0m
job-core	Crear JSON	2025-10-10T11:04:26.7996892Z [36;1m        "username": "***"[0m
job-core	Crear JSON	2025-10-10T11:04:26.7997352Z [36;1m      },[0m
job-core	Crear JSON	2025-10-10T11:04:26.7997755Z [36;1m      "distinct": false,[0m
job-core	Crear JSON	2025-10-10T11:04:26.7998323Z [36;1m      "id": "b7d65a320cb17286620f62c53824947f11cbebd8",[0m
job-core	Crear JSON	2025-10-10T11:04:26.7999227Z [36;1m      "message": "swarm-runners] Uploading files to MongoDB update repository ...",[0m
job-core	Crear JSON	2025-10-10T11:04:26.8000098Z [36;1m      "timestamp": "2025-10-10T12:29:37+02:00",[0m
job-core	Crear JSON	2025-10-10T11:04:26.8000798Z [36;1m      "tree_id": "7d71c7fd8426fe32999a9fde5c70a2c2aabea954",[0m
job-core	Crear JSON	2025-10-10T11:04:26.8001854Z [36;1m      "url": "https://github.com/Ka0s-Klaus/ka0s/commit/b7d65a320cb17286620f62c53824947f11cbebd8"[0m
job-core	Crear JSON	2025-10-10T11:04:26.8002755Z [36;1m    },[0m
job-core	Crear JSON	2025-10-10T11:04:26.8003122Z [36;1m    {[0m
job-core	Crear JSON	2025-10-10T11:04:26.8003641Z [36;1m      "author": {[0m
job-core	Crear JSON	2025-10-10T11:04:26.8004173Z [36;1m        "email": "asantacana@kyndryl.com",[0m
job-core	Crear JSON	2025-10-10T11:04:26.8004771Z [36;1m        "name": "asantacana1970",[0m
job-core	Crear JSON	2025-10-10T11:04:26.8005343Z [36;1m        "username": "asantacana1970"[0m
job-core	Crear JSON	2025-10-10T11:04:26.8005871Z [36;1m      },[0m
job-core	Crear JSON	2025-10-10T11:04:26.8006268Z [36;1m      "committer": {[0m
job-core	Crear JSON	2025-10-10T11:04:26.8006783Z [36;1m        "email": "asantacana@kyndryl.com",[0m
job-core	Crear JSON	2025-10-10T11:04:26.8007368Z [36;1m        "name": "asantacana1970",[0m
job-core	Crear JSON	2025-10-10T11:04:26.8007934Z [36;1m        "username": "asantacana1970"[0m
job-core	Crear JSON	2025-10-10T11:04:26.8008461Z [36;1m      },[0m
job-core	Crear JSON	2025-10-10T11:04:26.8008850Z [36;1m      "distinct": true,[0m
job-core	Crear JSON	2025-10-10T11:04:26.8009417Z [36;1m      "id": "3ecaf06c65c3e823330130338a28d64c832e0532",[0m
job-core	Crear JSON	2025-10-10T11:04:26.8010559Z [36;1m      "message": "Merge remote-tracking branch 'origin' into H1968-modulo-personalizaci√≥n-del-portal-de-kaos-core",[0m
job-core	Crear JSON	2025-10-10T11:04:26.8011677Z [36;1m      "timestamp": "2025-10-10T13:01:36+02:00",[0m
job-core	Crear JSON	2025-10-10T11:04:26.8012710Z [36;1m      "tree_id": "d4d9e4bcc942e9926cb05c9857e80eae546758ea",[0m
job-core	Crear JSON	2025-10-10T11:04:26.8013847Z [36;1m      "url": "https://github.com/Ka0s-Klaus/ka0s/commit/3ecaf06c65c3e823330130338a28d64c832e0532"[0m
job-core	Crear JSON	2025-10-10T11:04:26.8014954Z [36;1m    },[0m
job-core	Crear JSON	2025-10-10T11:04:26.8015317Z [36;1m    {[0m
job-core	Crear JSON	2025-10-10T11:04:26.8015688Z [36;1m      "author": {[0m
job-core	Crear JSON	2025-10-10T11:04:26.8016194Z [36;1m        "email": "asantacana@kyndryl.com",[0m
job-core	Crear JSON	2025-10-10T11:04:26.8016785Z [36;1m        "name": "asantacana1970",[0m
job-core	Crear JSON	2025-10-10T11:04:26.8017356Z [36;1m        "username": "asantacana1970"[0m
job-core	Crear JSON	2025-10-10T11:04:26.8017885Z [36;1m      },[0m
job-core	Crear JSON	2025-10-10T11:04:26.8018273Z [36;1m      "committer": {[0m
job-core	Crear JSON	2025-10-10T11:04:26.8018785Z [36;1m        "email": "asantacana@kyndryl.com",[0m
job-core	Crear JSON	2025-10-10T11:04:26.8019369Z [36;1m        "name": "asantacana1970",[0m
job-core	Crear JSON	2025-10-10T11:04:26.8019939Z [36;1m        "username": "asantacana1970"[0m
job-core	Crear JSON	2025-10-10T11:04:26.8020461Z [36;1m      },[0m
job-core	Crear JSON	2025-10-10T11:04:26.8020860Z [36;1m      "distinct": true,[0m
job-core	Crear JSON	2025-10-10T11:04:26.8021425Z [36;1m      "id": "6a3381a0398c879b366e83d3347cb3e1d396c092",[0m
job-core	Crear JSON	2025-10-10T11:04:26.8022036Z [36;1m      "message": "fix",[0m
job-core	Crear JSON	2025-10-10T11:04:26.8022581Z [36;1m      "timestamp": "2025-10-10T13:04:02+02:00",[0m
job-core	Crear JSON	2025-10-10T11:04:26.8023453Z [36;1m      "tree_id": "e63209ba5752315c5f7ec63c0148a9b21d0700e1",[0m
job-core	Crear JSON	2025-10-10T11:04:26.8024329Z [36;1m      "url": "https://github.com/Ka0s-Klaus/ka0s/commit/6a3381a0398c879b366e83d3347cb3e1d396c092"[0m
job-core	Crear JSON	2025-10-10T11:04:26.8025081Z [36;1m    }[0m
job-core	Crear JSON	2025-10-10T11:04:26.8025390Z [36;1m  ],[0m
job-core	Crear JSON	2025-10-10T11:04:26.8025981Z [36;1m  "compare": "https://github.com/Ka0s-Klaus/ka0s/compare/6571ef000489...6a3381a0398c",[0m
job-core	Crear JSON	2025-10-10T11:04:26.8026685Z [36;1m  "created": false,[0m
job-core	Crear JSON	2025-10-10T11:04:26.8027074Z [36;1m  "deleted": false,[0m
job-core	Crear JSON	2025-10-10T11:04:26.8027459Z [36;1m  "forced": false,[0m
job-core	Crear JSON	2025-10-10T11:04:26.8027838Z [36;1m  "head_commit": {[0m
job-core	Crear JSON	2025-10-10T11:04:26.8028205Z [36;1m    "author": {[0m
job-core	Crear JSON	2025-10-10T11:04:26.8028631Z [36;1m      "email": "asantacana@kyndryl.com",[0m
job-core	Crear JSON	2025-10-10T11:04:26.8029123Z [36;1m      "name": "asantacana1970",[0m
job-core	Crear JSON	2025-10-10T11:04:26.8029599Z [36;1m      "username": "asantacana1970"[0m
job-core	Crear JSON	2025-10-10T11:04:26.8030044Z [36;1m    },[0m
job-core	Crear JSON	2025-10-10T11:04:26.8030362Z [36;1m    "committer": {[0m
job-core	Crear JSON	2025-10-10T11:04:26.8030786Z [36;1m      "email": "asantacana@kyndryl.com",[0m
job-core	Crear JSON	2025-10-10T11:04:26.8031277Z [36;1m      "name": "asantacana1970",[0m
job-core	Crear JSON	2025-10-10T11:04:26.8031748Z [36;1m      "username": "asantacana1970"[0m
job-core	Crear JSON	2025-10-10T11:04:26.8032178Z [36;1m    },[0m
job-core	Crear JSON	2025-10-10T11:04:26.8032519Z [36;1m    "distinct": true,[0m
job-core	Crear JSON	2025-10-10T11:04:26.8032987Z [36;1m    "id": "6a3381a0398c879b366e83d3347cb3e1d396c092",[0m
job-core	Crear JSON	2025-10-10T11:04:26.8033555Z [36;1m    "message": "fix",[0m
job-core	Crear JSON	2025-10-10T11:04:26.8033988Z [36;1m    "timestamp": "2025-10-10T13:04:02+02:00",[0m
job-core	Crear JSON	2025-10-10T11:04:26.8034558Z [36;1m    "tree_id": "e63209ba5752315c5f7ec63c0148a9b21d0700e1",[0m
job-core	Crear JSON	2025-10-10T11:04:26.8035431Z [36;1m    "url": "https://github.com/Ka0s-Klaus/ka0s/commit/6a3381a0398c879b366e83d3347cb3e1d396c092"[0m
job-core	Crear JSON	2025-10-10T11:04:26.8036181Z [36;1m  },[0m
job-core	Crear JSON	2025-10-10T11:04:26.8036504Z [36;1m  "organization": {[0m
job-core	Crear JSON	2025-10-10T11:04:26.8037103Z [36;1m    "avatar_url": "https://avatars.githubusercontent.com/u/197099031?v=4",[0m
job-core	Crear JSON	2025-10-10T11:04:26.8038342Z [36;1m    "description": "Albert Einstein dijo una vez: \"... si tu intenci√≥n es describir la verdad, hazlo con sencillez y la elegancia d√©jasela al sastre.\"",[0m
job-core	Crear JSON	2025-10-10T11:04:26.8039508Z [36;1m    "events_url": "https://api.github.com/orgs/Ka0s-Klaus/events",[0m
job-core	Crear JSON	2025-10-10T11:04:26.8040250Z [36;1m    "hooks_url": "https://api.github.com/orgs/Ka0s-Klaus/hooks",[0m
job-core	Crear JSON	2025-10-10T11:04:26.8040821Z [36;1m    "id": 197099031,[0m
job-core	Crear JSON	2025-10-10T11:04:26.8041361Z [36;1m    "issues_url": "https://api.github.com/orgs/Ka0s-Klaus/issues",[0m
job-core	Crear JSON	2025-10-10T11:04:26.8041953Z [36;1m    "login": "Ka0s-Klaus",[0m
job-core	Crear JSON	2025-10-10T11:04:26.8042811Z [36;1m    "members_url": "https://api.github.com/orgs/Ka0s-Klaus/members{/member}",[0m
job-core	Crear JSON	2025-10-10T11:04:26.8043540Z [36;1m    "node_id": "O_kgDOC79-Fw",[0m
job-core	Crear JSON	2025-10-10T11:04:26.8044269Z [36;1m    "public_members_url": "https://api.github.com/orgs/Ka0s-Klaus/public_members{/member}",[0m
job-core	Crear JSON	2025-10-10T11:04:26.8045351Z [36;1m    "repos_url": "https://api.github.com/orgs/Ka0s-Klaus/repos",[0m
job-core	Crear JSON	2025-10-10T11:04:26.8046022Z [36;1m    "url": "https://api.github.com/orgs/Ka0s-Klaus"[0m
job-core	Crear JSON	2025-10-10T11:04:26.8046529Z [36;1m  },[0m
job-core	Crear JSON	2025-10-10T11:04:26.8046843Z [36;1m  "pusher": {[0m
job-core	Crear JSON	2025-10-10T11:04:26.8047339Z [36;1m    "email": "73332898+santakloud@users.noreply.github.com",[0m
job-core	Crear JSON	2025-10-10T11:04:26.8047919Z [36;1m    "name": "santakloud"[0m
job-core	Crear JSON	2025-10-10T11:04:26.8048310Z [36;1m  },[0m
job-core	Crear JSON	2025-10-10T11:04:26.8048863Z [36;1m  "ref": "refs/heads/H1968-modulo-personalizaci√≥n-del-portal-de-kaos-core",[0m
job-core	Crear JSON	2025-10-10T11:04:26.8049538Z [36;1m  "repository": {[0m
job-core	Crear JSON	2025-10-10T11:04:26.8049930Z [36;1m    "allow_forking": true,[0m
job-core	Crear JSON	2025-10-10T11:04:26.8050658Z [36;1m    "archive_url": "https://api.github.com/repos/Ka0s-Klaus/ka0s/{archive_format}{/ref}",[0m
job-core	Crear JSON	2025-10-10T11:04:26.8051398Z [36;1m    "archived": false,[0m
job-core	Crear JSON	2025-10-10T11:04:26.8052054Z [36;1m    "assignees_url": "https://api.github.com/repos/Ka0s-Klaus/ka0s/assignees{/user}",[0m
job-core	Crear JSON	2025-10-10T11:04:26.8052984Z [36;1m    "blobs_url": "https://api.github.com/repos/Ka0s-Klaus/ka0s/git/blobs{/sha}",[0m
job-core	Crear JSON	2025-10-10T11:04:26.8053998Z [36;1m    "branches_url": "https://api.github.com/repos/Ka0s-Klaus/ka0s/branches{/branch}",[0m
job-core	Crear JSON	2025-10-10T11:04:26.8054861Z [36;1m    "clone_url": "https://github.com/Ka0s-Klaus/ka0s.git",[0m
job-core	Crear JSON	2025-10-10T11:04:26.8055785Z [36;1m    "collaborators_url": "https://api.github.com/repos/Ka0s-Klaus/ka0s/collaborators{/collaborator}",[0m
job-core	Crear JSON	2025-10-10T11:04:26.8056844Z [36;1m    "comments_url": "https://api.github.com/repos/Ka0s-Klaus/ka0s/comments{/number}",[0m
job-core	Crear JSON	2025-10-10T11:04:26.8057774Z [36;1m    "commits_url": "https://api.github.com/repos/Ka0s-Klaus/ka0s/commits{/sha}",[0m
job-core	Crear JSON	2025-10-10T11:04:26.8058731Z [36;1m    "compare_url": "https://api.github.com/repos/Ka0s-Klaus/ka0s/compare/{base}...{head}",[0m
job-core	Crear JSON	2025-10-10T11:04:26.8059716Z [36;1m    "contents_url": "https://api.github.com/repos/Ka0s-Klaus/ka0s/contents/{+path}",[0m
job-core	Crear JSON	2025-10-10T11:04:26.8060674Z [36;1m    "contributors_url": "https://api.github.com/repos/Ka0s-Klaus/ka0s/contributors",[0m
job-core	Crear JSON	2025-10-10T11:04:26.8061386Z [36;1m    "created_at": 1738252206,[0m
job-core	Crear JSON	2025-10-10T11:04:26.8061829Z [36;1m    "custom_properties": {},[0m
job-core	Crear JSON	2025-10-10T11:04:26.8062276Z [36;1m    "default_branch": "main",[0m
job-core	Crear JSON	2025-10-10T11:04:26.8062960Z [36;1m    "deployments_url": "https://api.github.com/repos/Ka0s-Klaus/ka0s/deployments",[0m
job-core	Crear JSON	2025-10-10T11:04:26.8063756Z [36;1m    "description": "Ka0s versi√≥n Klaus",[0m
job-core	Crear JSON	2025-10-10T11:04:26.8075310Z [36;1m    "disabled": false,[0m
job-core	Crear JSON	2025-10-10T11:04:26.8076038Z [36;1m    "downloads_url": "https://api.github.com/repos/Ka0s-Klaus/ka0s/downloads",[0m
job-core	Crear JSON	2025-10-10T11:04:26.8076812Z [36;1m    "events_url": "https://api.github.com/repos/Ka0s-Klaus/ka0s/events",[0m
job-core	Crear JSON	2025-10-10T11:04:26.8077356Z [36;1m    "fork": false,[0m
job-core	Crear JSON	2025-10-10T11:04:26.8077689Z [36;1m    "forks": 0,[0m
job-core	Crear JSON	2025-10-10T11:04:26.8078021Z [36;1m    "forks_count": 0,[0m
job-core	Crear JSON	2025-10-10T11:04:26.8078508Z [36;1m    "forks_url": "https://api.github.com/repos/Ka0s-Klaus/ka0s/forks",[0m
job-core	Crear JSON	2025-10-10T11:04:26.8079057Z [36;1m    "full_name": "Ka0s-Klaus/ka0s",[0m
job-core	Crear JSON	2025-10-10T11:04:26.8079678Z [36;1m    "git_commits_url": "https://api.github.com/repos/Ka0s-Klaus/ka0s/git/commits{/sha}",[0m
job-core	Crear JSON	2025-10-10T11:04:26.8080484Z [36;1m    "git_refs_url": "https://api.github.com/repos/Ka0s-Klaus/ka0s/git/refs{/sha}",[0m
job-core	Crear JSON	2025-10-10T11:04:26.8081239Z [36;1m    "git_tags_url": "https://api.github.com/repos/Ka0s-Klaus/ka0s/git/tags{/sha}",[0m
job-core	Crear JSON	2025-10-10T11:04:26.8081879Z [36;1m    "git_url": "git://github.com/Ka0s-Klaus/ka0s.git",[0m
job-core	Crear JSON	2025-10-10T11:04:26.8082336Z [36;1m    "has_discussions": false,[0m
job-core	Crear JSON	2025-10-10T11:04:26.8083054Z [36;1m    "has_downloads": true,[0m
job-core	Crear JSON	2025-10-10T11:04:26.8083486Z [36;1m    "has_issues": true,[0m
job-core	Crear JSON	2025-10-10T11:04:26.8083834Z [36;1m    "has_pages": false,[0m
job-core	Crear JSON	2025-10-10T11:04:26.8084183Z [36;1m    "has_projects": true,[0m
job-core	Crear JSON	2025-10-10T11:04:26.8084687Z [36;1m    "has_wiki": false,[0m
job-core	Crear JSON	2025-10-10T11:04:26.8085027Z [36;1m    "homepage": null,[0m
job-core	Crear JSON	2025-10-10T11:04:26.8085517Z [36;1m    "hooks_url": "https://api.github.com/repos/Ka0s-Klaus/ka0s/hooks",[0m
job-core	Crear JSON	2025-10-10T11:04:26.8086173Z [36;1m    "html_url": "https://github.com/Ka0s-Klaus/ka0s",[0m
job-core	Crear JSON	2025-10-10T11:04:26.8086615Z [36;1m    "id": 924757528,[0m
job-core	Crear JSON	2025-10-10T11:04:26.8086950Z [36;1m    "is_template": false,[0m
job-core	Crear JSON	2025-10-10T11:04:26.8087588Z [36;1m    "issue_comment_url": "https://api.github.com/repos/Ka0s-Klaus/ka0s/issues/comments{/number}",[0m
job-core	Crear JSON	2025-10-10T11:04:26.8088515Z [36;1m    "issue_events_url": "https://api.github.com/repos/Ka0s-Klaus/ka0s/issues/events{/number}",[0m
job-core	Crear JSON	2025-10-10T11:04:26.8089355Z [36;1m    "issues_url": "https://api.github.com/repos/Ka0s-Klaus/ka0s/issues{/number}",[0m
job-core	Crear JSON	2025-10-10T11:04:26.8090120Z [36;1m    "keys_url": "https://api.github.com/repos/Ka0s-Klaus/ka0s/keys{/key_id}",[0m
job-core	Crear JSON	2025-10-10T11:04:26.8090869Z [36;1m    "labels_url": "https://api.github.com/repos/Ka0s-Klaus/ka0s/labels{/name}",[0m
job-core	Crear JSON	2025-10-10T11:04:26.8091460Z [36;1m    "language": "JavaScript",[0m
job-core	Crear JSON	2025-10-10T11:04:26.8092041Z [36;1m    "languages_url": "https://api.github.com/repos/Ka0s-Klaus/ka0s/languages",[0m
job-core	Crear JSON	2025-10-10T11:04:26.8092615Z [36;1m    "license": {[0m
job-core	Crear JSON	2025-10-10T11:04:26.8092942Z [36;1m      "key": "gpl-3.0",[0m
job-core	Crear JSON	2025-10-10T11:04:26.8093404Z [36;1m      "name": "GNU General Public License v3.0",[0m
job-core	Crear JSON	2025-10-10T11:04:26.8093873Z [36;1m      "node_id": "MDc6TGljZW5zZTk=",[0m
job-core	Crear JSON	2025-10-10T11:04:26.8094273Z [36;1m      "spdx_id": "GPL-3.0",[0m
job-core	Crear JSON	2025-10-10T11:04:26.8094724Z [36;1m      "url": "https://api.github.com/licenses/gpl-3.0"[0m
job-core	Crear JSON	2025-10-10T11:04:26.8095159Z [36;1m    },[0m
job-core	Crear JSON	2025-10-10T11:04:26.8095456Z [36;1m    "master_branch": "main",[0m
job-core	Crear JSON	2025-10-10T11:04:26.8095981Z [36;1m    "merges_url": "https://api.github.com/repos/Ka0s-Klaus/ka0s/merges",[0m
job-core	Crear JSON	2025-10-10T11:04:26.8096777Z [36;1m    "milestones_url": "https://api.github.com/repos/Ka0s-Klaus/ka0s/milestones{/number}",[0m
job-core	Crear JSON	2025-10-10T11:04:26.8097419Z [36;1m    "mirror_url": null,[0m
job-core	Crear JSON	2025-10-10T11:04:26.8097768Z [36;1m    "name": "ka0s",[0m
job-core	Crear JSON	2025-10-10T11:04:26.8098108Z [36;1m    "node_id": "R_kgDONx6uGA",[0m
job-core	Crear JSON	2025-10-10T11:04:26.8098869Z [36;1m    "notifications_url": "https://api.github.com/repos/Ka0s-Klaus/ka0s/notifications{?since,all,participating}",[0m
job-core	Crear JSON	2025-10-10T11:04:26.8099627Z [36;1m    "open_issues": 23,[0m
job-core	Crear JSON	2025-10-10T11:04:26.8099982Z [36;1m    "open_issues_count": 23,[0m
job-core	Crear JSON	2025-10-10T11:04:26.8100379Z [36;1m    "organization": "Ka0s-Klaus",[0m
job-core	Crear JSON	2025-10-10T11:04:26.8100761Z [36;1m    "owner": {[0m
job-core	Crear JSON	2025-10-10T11:04:26.8101247Z [36;1m      "avatar_url": "https://avatars.githubusercontent.com/u/197099031?v=4",[0m
job-core	Crear JSON	2025-10-10T11:04:26.8101837Z [36;1m      "email": "support@ka0s.io",[0m
job-core	Crear JSON	2025-10-10T11:04:26.8102403Z [36;1m      "events_url": "https://api.github.com/users/Ka0s-Klaus/events{/privacy}",[0m
job-core	Crear JSON	2025-10-10T11:04:26.8103140Z [36;1m      "followers_url": "https://api.github.com/users/Ka0s-Klaus/followers",[0m
job-core	Crear JSON	2025-10-10T11:04:26.8103995Z [36;1m      "following_url": "https://api.github.com/users/Ka0s-Klaus/following{/other_user}",[0m
job-core	Crear JSON	2025-10-10T11:04:26.8104765Z [36;1m      "gists_url": "https://api.github.com/users/Ka0s-Klaus/gists{/gist_id}",[0m
job-core	Crear JSON	2025-10-10T11:04:26.8105315Z [36;1m      "gravatar_id": "",[0m
job-core	Crear JSON	2025-10-10T11:04:26.8105738Z [36;1m      "html_url": "https://github.com/Ka0s-Klaus",[0m
job-core	Crear JSON	2025-10-10T11:04:26.8106171Z [36;1m      "id": 197099031,[0m
job-core	Crear JSON	2025-10-10T11:04:26.8106522Z [36;1m      "login": "Ka0s-Klaus",[0m
job-core	Crear JSON	2025-10-10T11:04:26.8106894Z [36;1m      "name": "Ka0s-Klaus",[0m
job-core	Crear JSON	2025-10-10T11:04:26.8107278Z [36;1m      "node_id": "O_kgDOC79-Fw",[0m
job-core	Crear JSON	2025-10-10T11:04:26.8107833Z [36;1m      "organizations_url": "https://api.github.com/users/Ka0s-Klaus/orgs",[0m
job-core	Crear JSON	2025-10-10T11:04:26.8108801Z [36;1m      "received_events_url": "https://api.github.com/users/Ka0s-Klaus/received_events",[0m
job-core	Crear JSON	2025-10-10T11:04:26.8109593Z [36;1m      "repos_url": "https://api.github.com/users/Ka0s-Klaus/repos",[0m
job-core	Crear JSON	2025-10-10T11:04:26.8110257Z [36;1m      "site_admin": false,[0m
job-core	Crear JSON	2025-10-10T11:04:26.8110846Z [36;1m      "starred_url": "https://api.github.com/users/Ka0s-Klaus/starred{/owner}{/repo}",[0m
job-core	Crear JSON	2025-10-10T11:04:26.8111657Z [36;1m      "subscriptions_url": "https://api.github.com/users/Ka0s-Klaus/subscriptions",[0m
job-core	Crear JSON	2025-10-10T11:04:26.8112264Z [36;1m      "type": "Organization",[0m
job-core	Crear JSON	2025-10-10T11:04:26.8112726Z [36;1m      "url": "https://api.github.com/users/Ka0s-Klaus",[0m
job-core	Crear JSON	2025-10-10T11:04:26.8113204Z [36;1m      "user_view_type": "public"[0m
job-core	Crear JSON	2025-10-10T11:04:26.8113640Z [36;1m    },[0m
job-core	Crear JSON	2025-10-10T11:04:26.8113927Z [36;1m    "private": false,[0m
job-core	Crear JSON	2025-10-10T11:04:26.8114469Z [36;1m    "pulls_url": "https://api.github.com/repos/Ka0s-Klaus/ka0s/pulls{/number}",[0m
job-core	Crear JSON	2025-10-10T11:04:26.8115055Z [36;1m    "pushed_at": 1760094247,[0m
job-core	Crear JSON	2025-10-10T11:04:26.8115618Z [36;1m    "releases_url": "https://api.github.com/repos/Ka0s-Klaus/ka0s/releases{/id}",[0m
job-core	Crear JSON	2025-10-10T11:04:26.8116201Z [36;1m    "size": 111739,[0m
job-core	Crear JSON	2025-10-10T11:04:26.8116597Z [36;1m    "ssh_url": "git@github.com:Ka0s-Klaus/ka0s.git",[0m
job-core	Crear JSON	2025-10-10T11:04:26.8117038Z [36;1m    "stargazers": 0,[0m
job-core	Crear JSON	2025-10-10T11:04:26.8117388Z [36;1m    "stargazers_count": 0,[0m
job-core	Crear JSON	2025-10-10T11:04:26.8117955Z [36;1m    "stargazers_url": "https://api.github.com/repos/Ka0s-Klaus/ka0s/stargazers",[0m
job-core	Crear JSON	2025-10-10T11:04:26.8118741Z [36;1m    "statuses_url": "https://api.github.com/repos/Ka0s-Klaus/ka0s/statuses/{sha}",[0m
job-core	Crear JSON	2025-10-10T11:04:26.8119535Z [36;1m    "subscribers_url": "https://api.github.com/repos/Ka0s-Klaus/ka0s/subscribers",[0m
job-core	Crear JSON	2025-10-10T11:04:26.8120336Z [36;1m    "subscription_url": "https://api.github.com/repos/Ka0s-Klaus/ka0s/subscription",[0m
job-core	Crear JSON	2025-10-10T11:04:26.8121009Z [36;1m    "svn_url": "https://github.com/Ka0s-Klaus/ka0s",[0m
job-core	Crear JSON	2025-10-10T11:04:26.8121585Z [36;1m    "tags_url": "https://api.github.com/repos/Ka0s-Klaus/ka0s/tags",[0m
job-core	Crear JSON	2025-10-10T11:04:26.8122246Z [36;1m    "teams_url": "https://api.github.com/repos/Ka0s-Klaus/ka0s/teams",[0m
job-core	Crear JSON	2025-10-10T11:04:26.8122785Z [36;1m    "topics": [],[0m
job-core	Crear JSON	2025-10-10T11:04:26.8123486Z [36;1m    "trees_url": "https://api.github.com/repos/Ka0s-Klaus/ka0s/git/trees{/sha}",[0m
job-core	Crear JSON	2025-10-10T11:04:26.8124020Z [36;1m    "updated_at": "2025-10-10T10:29:41Z",[0m
job-core	Crear JSON	2025-10-10T11:04:26.8124470Z [36;1m    "url": "https://api.github.com/repos/Ka0s-Klaus/ka0s",[0m
job-core	Crear JSON	2025-10-10T11:04:26.8124893Z [36;1m    "visibility": "public",[0m
job-core	Crear JSON	2025-10-10T11:04:26.8125227Z [36;1m    "watchers": 0,[0m
job-core	Crear JSON	2025-10-10T11:04:26.8125528Z [36;1m    "watchers_count": 0,[0m
job-core	Crear JSON	2025-10-10T11:04:26.8125877Z [36;1m    "web_commit_signoff_required": false[0m
job-core	Crear JSON	2025-10-10T11:04:26.8126230Z [36;1m  },[0m
job-core	Crear JSON	2025-10-10T11:04:26.8126478Z [36;1m  "sender": {[0m
job-core	Crear JSON	2025-10-10T11:04:26.8126906Z [36;1m    "avatar_url": "https://avatars.githubusercontent.com/u/73332898?v=4",[0m
job-core	Crear JSON	2025-10-10T11:04:26.8127550Z [36;1m    "events_url": "https://api.github.com/users/santakloud/events{/privacy}",[0m
job-core	Crear JSON	2025-10-10T11:04:26.8128206Z [36;1m    "followers_url": "https://api.github.com/users/santakloud/followers",[0m
job-core	Crear JSON	2025-10-10T11:04:26.8128890Z [36;1m    "following_url": "https://api.github.com/users/santakloud/following{/other_user}",[0m
job-core	Crear JSON	2025-10-10T11:04:26.8129571Z [36;1m    "gists_url": "https://api.github.com/users/santakloud/gists{/gist_id}",[0m
job-core	Crear JSON	2025-10-10T11:04:26.8130058Z [36;1m    "gravatar_id": "",[0m
job-core	Crear JSON	2025-10-10T11:04:26.8130430Z [36;1m    "html_url": "https://github.com/santakloud",[0m
job-core	Crear JSON	2025-10-10T11:04:26.8130817Z [36;1m    "id": 73332898,[0m
job-core	Crear JSON	2025-10-10T11:04:26.8131116Z [36;1m    "login": "santakloud",[0m
job-core	Crear JSON	2025-10-10T11:04:26.8131472Z [36;1m    "node_id": "MDQ6VXNlcjczMzMyODk4",[0m
job-core	Crear JSON	2025-10-10T11:04:26.8131997Z [36;1m    "organizations_url": "https://api.github.com/users/santakloud/orgs",[0m
job-core	Crear JSON	2025-10-10T11:04:26.8132867Z [36;1m    "received_events_url": "https://api.github.com/users/santakloud/received_events",[0m
job-core	Crear JSON	2025-10-10T11:04:26.8133560Z [36;1m    "repos_url": "https://api.github.com/users/santakloud/repos",[0m
job-core	Crear JSON	2025-10-10T11:04:26.8134139Z [36;1m    "site_admin": false,[0m
job-core	Crear JSON	2025-10-10T11:04:26.8134644Z [36;1m    "starred_url": "https://api.github.com/users/santakloud/starred{/owner}{/repo}",[0m
job-core	Crear JSON	2025-10-10T11:04:26.8135367Z [36;1m    "subscriptions_url": "https://api.github.com/users/santakloud/subscriptions",[0m
job-core	Crear JSON	2025-10-10T11:04:26.8135899Z [36;1m    "type": "User",[0m
job-core	Crear JSON	2025-10-10T11:04:26.8136262Z [36;1m    "url": "https://api.github.com/users/santakloud",[0m
job-core	Crear JSON	2025-10-10T11:04:26.8136690Z [36;1m    "user_view_type": "public"[0m
job-core	Crear JSON	2025-10-10T11:04:26.8137023Z [36;1m  }[0m
job-core	Crear JSON	2025-10-10T11:04:26.8137483Z [36;1m}' | jq -c 'walk(if type == "number" then tostring | sub("^0+"; "") else . end)' > audit/kaos/18404601230.json[0m
job-core	Crear JSON	2025-10-10T11:04:26.8147440Z shell: /usr/bin/bash -e {0}
job-core	Crear JSON	2025-10-10T11:04:26.8147747Z env:
job-core	Crear JSON	2025-10-10T11:04:26.8147972Z   KAOS_CODE: 18404601230
job-core	Crear JSON	2025-10-10T11:04:26.8148244Z   KAOS_EVENT_NAME: push
job-core	Crear JSON	2025-10-10T11:04:26.8148501Z   KAOS_ACTION: 
job-core	Crear JSON	2025-10-10T11:04:26.8148928Z   KAOS_REF: refs/heads/H1968-modulo-personalizaci√≥n-del-portal-de-kaos-core
job-core	Crear JSON	2025-10-10T11:04:26.8149420Z   KAOS_MODULE: [Ka0S] Kaos
job-core	Crear JSON	2025-10-10T11:04:26.8158008Z   KAOS_PATH_RESUME: audit/kaos/
job-core	Crear JSON	2025-10-10T11:04:26.8158363Z   KAOS_ACTOR: santakloud
job-core	Crear JSON	2025-10-10T11:04:26.8158635Z   GITHUB_OUTPUT: 
job-core	Crear JSON	2025-10-10T11:04:26.8158877Z ##[endgroup]
job-core	Files in Commit	Ôªø2025-10-10T11:04:26.8501199Z ##[group]Run # Stored files implicated in the commit
job-core	Files in Commit	2025-10-10T11:04:26.8501653Z [36;1m# Stored files implicated in the commit[0m
job-core	Files in Commit	2025-10-10T11:04:26.8502448Z [36;1mgit diff --name-only 6571ef000489e29aa7abdaee2b2be7c344b8699d 6a3381a0398c879b366e83d3347cb3e1d396c092 > audit/kaos/18404601230-files-in-commit.txt[0m
job-core	Files in Commit	2025-10-10T11:04:26.8511272Z shell: /usr/bin/bash -e {0}
job-core	Files in Commit	2025-10-10T11:04:26.8511544Z env:
job-core	Files in Commit	2025-10-10T11:04:26.8511740Z   KAOS_CODE: 18404601230
job-core	Files in Commit	2025-10-10T11:04:26.8511984Z   KAOS_EVENT_NAME: push
job-core	Files in Commit	2025-10-10T11:04:26.8512219Z   KAOS_ACTION: 
job-core	Files in Commit	2025-10-10T11:04:26.8512587Z   KAOS_REF: refs/heads/H1968-modulo-personalizaci√≥n-del-portal-de-kaos-core
job-core	Files in Commit	2025-10-10T11:04:26.8513049Z   KAOS_MODULE: [Ka0S] Kaos
job-core	Files in Commit	2025-10-10T11:04:26.8513391Z   KAOS_PATH_RESUME: audit/kaos/
job-core	Files in Commit	2025-10-10T11:04:26.8513777Z   KAOS_ACTOR: santakloud
job-core	Files in Commit	2025-10-10T11:04:26.8514010Z   GITHUB_OUTPUT: 
job-core	Files in Commit	2025-10-10T11:04:26.8514217Z ##[endgroup]
handle_failure	Set up job	Ôªø2025-10-10T11:15:16.0302829Z Current runner version: '2.328.0'
handle_failure	Set up job	2025-10-10T11:15:16.0310860Z Runner name: 'add6b480a3f0'
handle_failure	Set up job	2025-10-10T11:15:16.0312141Z Runner group name: 'swarm-runners'
handle_failure	Set up job	2025-10-10T11:15:16.0313230Z Machine name: 'add6b480a3f0'
handle_failure	Set up job	2025-10-10T11:15:16.0316928Z ##[group]GITHUB_TOKEN Permissions
handle_failure	Set up job	2025-10-10T11:15:16.0319825Z Contents: read
handle_failure	Set up job	2025-10-10T11:15:16.0320437Z Metadata: read
handle_failure	Set up job	2025-10-10T11:15:16.0321005Z Packages: read
handle_failure	Set up job	2025-10-10T11:15:16.0321540Z ##[endgroup]
handle_failure	Set up job	2025-10-10T11:15:16.0324044Z Secret source: Actions
handle_failure	Set up job	2025-10-10T11:15:16.0324800Z Prepare workflow directory
handle_failure	Set up job	2025-10-10T11:15:16.0932520Z Prepare all required actions
handle_failure	Set up job	2025-10-10T11:15:16.0976787Z Getting action download info
handle_failure	Set up job	2025-10-10T11:15:16.6690152Z Download action repository 'actions/checkout@v4' (SHA:08eba0b27e820071cde6df949e0beb9ba4906955)
handle_failure	Set up job	2025-10-10T11:15:17.5117240Z Complete job name: handle_failure
handle_failure	Checkout code	Ôªø2025-10-10T11:15:17.5645106Z ##[group]Run actions/checkout@v4
handle_failure	Checkout code	2025-10-10T11:15:17.5645981Z with:
handle_failure	Checkout code	2025-10-10T11:15:17.5646362Z   fetch-depth: 0
handle_failure	Checkout code	2025-10-10T11:15:17.5647031Z   token: ***
handle_failure	Checkout code	2025-10-10T11:15:17.5647416Z   repository: Ka0s-Klaus/ka0s
handle_failure	Checkout code	2025-10-10T11:15:17.5647858Z   ssh-strict: true
handle_failure	Checkout code	2025-10-10T11:15:17.5648228Z   ssh-user: git
handle_failure	Checkout code	2025-10-10T11:15:17.5648612Z   persist-credentials: true
handle_failure	Checkout code	2025-10-10T11:15:17.5649032Z   clean: true
handle_failure	Checkout code	2025-10-10T11:15:17.5649417Z   sparse-checkout-cone-mode: true
handle_failure	Checkout code	2025-10-10T11:15:17.5649878Z   fetch-tags: false
handle_failure	Checkout code	2025-10-10T11:15:17.5650257Z   show-progress: true
handle_failure	Checkout code	2025-10-10T11:15:17.5650642Z   lfs: false
handle_failure	Checkout code	2025-10-10T11:15:17.5650984Z   submodules: false
handle_failure	Checkout code	2025-10-10T11:15:17.5651375Z   set-safe-directory: true
handle_failure	Checkout code	2025-10-10T11:15:17.5652023Z env:
handle_failure	Checkout code	2025-10-10T11:15:17.5652375Z   KAOS_CODE: 18404601230
handle_failure	Checkout code	2025-10-10T11:15:17.5652789Z   KAOS_EVENT_NAME: push
handle_failure	Checkout code	2025-10-10T11:15:17.5653185Z   KAOS_ACTION: 
handle_failure	Checkout code	2025-10-10T11:15:17.5654163Z   KAOS_REF: refs/heads/H1968-modulo-personalizaci√≥n-del-portal-de-kaos-core
handle_failure	Checkout code	2025-10-10T11:15:17.5655020Z   KAOS_MODULE: [Ka0S] Kaos
handle_failure	Checkout code	2025-10-10T11:15:17.5655449Z   KAOS_PATH_RESUME: audit/kaos/
handle_failure	Checkout code	2025-10-10T11:15:17.5655889Z   KAOS_ACTOR: santakloud
handle_failure	Checkout code	2025-10-10T11:15:17.5656296Z ##[endgroup]
handle_failure	Checkout code	2025-10-10T11:15:17.6808700Z Syncing repository: Ka0s-Klaus/ka0s
handle_failure	Checkout code	2025-10-10T11:15:17.6810802Z ##[group]Getting Git version info
handle_failure	Checkout code	2025-10-10T11:15:17.6811431Z Working directory is '/home/runner/_work/ka0s/ka0s'
handle_failure	Checkout code	2025-10-10T11:15:17.6812293Z [command]/usr/bin/git version
handle_failure	Checkout code	2025-10-10T11:15:17.6812776Z git version 2.51.0
handle_failure	Checkout code	2025-10-10T11:15:17.6837908Z ##[endgroup]
handle_failure	Checkout code	2025-10-10T11:15:17.6855030Z Temporarily overriding HOME='/home/runner/_work/_temp/55e7a478-40ae-4a7f-92ff-37536b2d7364' before making global git config changes
handle_failure	Checkout code	2025-10-10T11:15:17.6856499Z Adding repository directory to the temporary git global config as a safe directory
handle_failure	Checkout code	2025-10-10T11:15:17.6860891Z [command]/usr/bin/git config --global --add safe.directory /home/runner/_work/ka0s/ka0s
handle_failure	Checkout code	2025-10-10T11:15:17.6901504Z Deleting the contents of '/home/runner/_work/ka0s/ka0s'
handle_failure	Checkout code	2025-10-10T11:15:17.6906485Z ##[group]Initializing the repository
handle_failure	Checkout code	2025-10-10T11:15:17.6911456Z [command]/usr/bin/git init /home/runner/_work/ka0s/ka0s
handle_failure	Checkout code	2025-10-10T11:15:17.6956101Z hint: Using 'master' as the name for the initial branch. This default branch name
handle_failure	Checkout code	2025-10-10T11:15:17.6957280Z hint: is subject to change. To configure the initial branch name to use in all
handle_failure	Checkout code	2025-10-10T11:15:17.6958168Z hint: of your new repositories, which will suppress this warning, call:
handle_failure	Checkout code	2025-10-10T11:15:17.6958850Z hint:
handle_failure	Checkout code	2025-10-10T11:15:17.6959327Z hint: 	git config --global init.defaultBranch <name>
handle_failure	Checkout code	2025-10-10T11:15:17.6959897Z hint:
handle_failure	Checkout code	2025-10-10T11:15:17.6960449Z hint: Names commonly chosen instead of 'master' are 'main', 'trunk' and
handle_failure	Checkout code	2025-10-10T11:15:17.6961593Z hint: 'development'. The just-created branch can be renamed via this command:
handle_failure	Checkout code	2025-10-10T11:15:17.6962300Z hint:
handle_failure	Checkout code	2025-10-10T11:15:17.6962686Z hint: 	git branch -m <name>
handle_failure	Checkout code	2025-10-10T11:15:17.6963140Z hint:
handle_failure	Checkout code	2025-10-10T11:15:17.6964083Z hint: Disable this message with "git config set advice.defaultBranchName false"
handle_failure	Checkout code	2025-10-10T11:15:17.6965101Z Initialized empty Git repository in /home/runner/_work/ka0s/ka0s/.git/
handle_failure	Checkout code	2025-10-10T11:15:17.6969528Z [command]/usr/bin/git remote add origin https://github.com/Ka0s-Klaus/ka0s
handle_failure	Checkout code	2025-10-10T11:15:17.7006517Z ##[endgroup]
handle_failure	Checkout code	2025-10-10T11:15:17.7007343Z ##[group]Disabling automatic garbage collection
handle_failure	Checkout code	2025-10-10T11:15:17.7010712Z [command]/usr/bin/git config --local gc.auto 0
handle_failure	Checkout code	2025-10-10T11:15:17.7043580Z ##[endgroup]
handle_failure	Checkout code	2025-10-10T11:15:17.7044448Z ##[group]Setting up auth
handle_failure	Checkout code	2025-10-10T11:15:17.7051124Z [command]/usr/bin/git config --local --name-only --get-regexp core\.sshCommand
handle_failure	Checkout code	2025-10-10T11:15:17.7087348Z [command]/usr/bin/git submodule foreach --recursive sh -c "git config --local --name-only --get-regexp 'core\.sshCommand' && git config --local --unset-all 'core.sshCommand' || :"
handle_failure	Checkout code	2025-10-10T11:15:17.7340823Z [command]/usr/bin/git config --local --name-only --get-regexp http\.https\:\/\/github\.com\/\.extraheader
handle_failure	Checkout code	2025-10-10T11:15:17.7372542Z [command]/usr/bin/git submodule foreach --recursive sh -c "git config --local --name-only --get-regexp 'http\.https\:\/\/github\.com\/\.extraheader' && git config --local --unset-all 'http.https://github.com/.extraheader' || :"
handle_failure	Checkout code	2025-10-10T11:15:17.7629594Z [command]/usr/bin/git config --local http.https://github.com/.extraheader AUTHORIZATION: basic ***
handle_failure	Checkout code	2025-10-10T11:15:17.7669753Z ##[endgroup]
handle_failure	Checkout code	2025-10-10T11:15:17.7670701Z ##[group]Fetching the repository
handle_failure	Checkout code	2025-10-10T11:15:17.7694476Z [command]/usr/bin/git -c protocol.version=2 fetch --prune --no-recurse-submodules origin +refs/heads/*:refs/remotes/origin/* +refs/tags/*:refs/tags/*
handle_failure	Checkout code	2025-10-10T11:15:27.3011736Z From https://github.com/Ka0s-Klaus/ka0s
handle_failure	Checkout code	2025-10-10T11:15:27.3012813Z  * [new branch]          F1149-desarrollo-de-orchestrator -> origin/F1149-desarrollo-de-orchestrator
handle_failure	Checkout code	2025-10-10T11:15:27.3014187Z  * [new branch]          F1183-personalizaci√≥n-m√≥dulo-finops -> origin/F1183-personalizaci√≥n-m√≥dulo-finops
handle_failure	Checkout code	2025-10-10T11:15:27.3014987Z  * [new branch]          F1224-new-module-mongodb -> origin/F1224-new-module-mongodb
handle_failure	Checkout code	2025-10-10T11:15:27.3015724Z  * [new branch]          F220-web-de-resultados  -> origin/F220-web-de-resultados
handle_failure	Checkout code	2025-10-10T11:15:27.3017190Z  * [new branch]          F227-despliegue-de-kube-independiente-del-clouder -> origin/F227-despliegue-de-kube-independiente-del-clouder
handle_failure	Checkout code	2025-10-10T11:15:27.3020721Z  * [new branch]          F329-documentacion-metodologia-de-kaos -> origin/F329-documentacion-metodologia-de-kaos
handle_failure	Checkout code	2025-10-10T11:15:27.3022430Z  * [new branch]          F44-creaci√≥n-m√≥dulo-versionado -> origin/F44-creaci√≥n-m√≥dulo-versionado
handle_failure	Checkout code	2025-10-10T11:15:27.3024898Z  * [new branch]          H1128-m√≥dulo-de-observabilidad -> origin/H1128-m√≥dulo-de-observabilidad
handle_failure	Checkout code	2025-10-10T11:15:27.3025709Z  * [new branch]          H1139-como-instalar-arc-control -> origin/H1139-como-instalar-arc-control
handle_failure	Checkout code	2025-10-10T11:15:27.3026529Z  * [new branch]          H1149-desarrollo-de-orchestrator -> origin/H1149-desarrollo-de-orchestrator
handle_failure	Checkout code	2025-10-10T11:15:27.3027333Z  * [new branch]          H1150-desarrollo-de-secciones -> origin/H1150-desarrollo-de-secciones
handle_failure	Checkout code	2025-10-10T11:15:27.3028188Z  * [new branch]          H1151-desarrollo-de-secciones-ii -> origin/H1151-desarrollo-de-secciones-ii
handle_failure	Checkout code	2025-10-10T11:15:27.3028990Z  * [new branch]          H1152-desarrollo-inicio -> origin/H1152-desarrollo-inicio
handle_failure	Checkout code	2025-10-10T11:15:27.3029892Z  * [new branch]          H1183-personalizaci√≥n-m√≥dulo-finops -> origin/H1183-personalizaci√≥n-m√≥dulo-finops
handle_failure	Checkout code	2025-10-10T11:15:27.3030778Z  * [new branch]          H1193-ejemplo-web-documentacion -> origin/H1193-ejemplo-web-documentacion
handle_failure	Checkout code	2025-10-10T11:15:27.3031510Z  * [new branch]          H1205-web-creation      -> origin/H1205-web-creation
handle_failure	Checkout code	2025-10-10T11:15:27.3032175Z  * [new branch]          H1224-new-module-mongodb -> origin/H1224-new-module-mongodb
handle_failure	Checkout code	2025-10-10T11:15:27.3032847Z  * [new branch]          H1410-modulo-execution  -> origin/H1410-modulo-execution
handle_failure	Checkout code	2025-10-10T11:15:27.3034038Z  * [new branch]          H1514-new-swarm-deployment-stack-with-actions-runners-autoscale -> origin/H1514-new-swarm-deployment-stack-with-actions-runners-autoscale
handle_failure	Checkout code	2025-10-10T11:15:27.3035636Z  * [new branch]          H1968-modulo-personalizaci√≥n-del-portal-de-kaos-core -> origin/H1968-modulo-personalizaci√≥n-del-portal-de-kaos-core
handle_failure	Checkout code	2025-10-10T11:15:27.3037037Z  * [new branch]          H215-modulo-de-summary  -> origin/H215-modulo-de-summary
handle_failure	Checkout code	2025-10-10T11:15:27.3037682Z  * [new branch]          H220-web-de-resultados  -> origin/H220-web-de-resultados
handle_failure	Checkout code	2025-10-10T11:15:27.3038614Z  * [new branch]          H227-despliegue-de-kube-independiente-del-clouder -> origin/H227-despliegue-de-kube-independiente-del-clouder
handle_failure	Checkout code	2025-10-10T11:15:27.3039604Z  * [new branch]          H306-ficheros-de-estadisticas -> origin/H306-ficheros-de-estadisticas
handle_failure	Checkout code	2025-10-10T11:15:27.3040694Z  * [new branch]          H328-documentacion-modulo-principal-de-kaos -> origin/H328-documentacion-modulo-principal-de-kaos
handle_failure	Checkout code	2025-10-10T11:15:27.3041746Z  * [new branch]          H329-documentacion-metodologia-de-kaos -> origin/H329-documentacion-metodologia-de-kaos
handle_failure	Checkout code	2025-10-10T11:15:27.3043036Z  * [new branch]          H338-relanzador-de-jobs-en-caso-de-pattern -> origin/H338-relanzador-de-jobs-en-caso-de-pattern
handle_failure	Checkout code	2025-10-10T11:15:27.3044134Z  * [new branch]          H38-documentacion-basica-del-proyecto -> origin/H38-documentacion-basica-del-proyecto
handle_failure	Checkout code	2025-10-10T11:15:27.3045216Z  * [new branch]          H44-creaci√≥n-m√≥dulo-versionado -> origin/H44-creaci√≥n-m√≥dulo-versionado
handle_failure	Checkout code	2025-10-10T11:15:27.3046112Z  * [new branch]          RN1149-desarrollo-de-orchestrator -> origin/RN1149-desarrollo-de-orchestrator
handle_failure	Checkout code	2025-10-10T11:15:27.3047203Z  * [new branch]          RN1183-personalizaci√≥n-m√≥dulo-finops -> origin/RN1183-personalizaci√≥n-m√≥dulo-finops
handle_failure	Checkout code	2025-10-10T11:15:27.3048366Z  * [new branch]          RN1282-ka0s-error-detected-in-ka0s-workflow-statistics-summary -> origin/RN1282-ka0s-error-detected-in-ka0s-workflow-statistics-summary
handle_failure	Checkout code	2025-10-10T11:15:27.3049410Z  * [new branch]          RN220-web-de-resultados -> origin/RN220-web-de-resultados
handle_failure	Checkout code	2025-10-10T11:15:27.3050503Z  * [new branch]          RN227-despliegue-de-kube-independiente-del-clouder -> origin/RN227-despliegue-de-kube-independiente-del-clouder
handle_failure	Checkout code	2025-10-10T11:15:27.3051641Z  * [new branch]          RN329-documentacion-metodologia-de-kaos -> origin/RN329-documentacion-metodologia-de-kaos
handle_failure	Checkout code	2025-10-10T11:15:27.3052395Z  * [new branch]          main                    -> origin/main
handle_failure	Checkout code	2025-10-10T11:15:27.3052871Z  * [new tag]             0.0.0                   -> 0.0.0
handle_failure	Checkout code	2025-10-10T11:15:27.3053385Z  * [new tag]             0.0.1                   -> 0.0.1
handle_failure	Checkout code	2025-10-10T11:15:27.3053840Z  * [new tag]             0.0.10                  -> 0.0.10
handle_failure	Checkout code	2025-10-10T11:15:27.3054275Z  * [new tag]             0.0.100                 -> 0.0.100
handle_failure	Checkout code	2025-10-10T11:15:27.3054717Z  * [new tag]             0.0.101                 -> 0.0.101
handle_failure	Checkout code	2025-10-10T11:15:27.3055156Z  * [new tag]             0.0.102                 -> 0.0.102
handle_failure	Checkout code	2025-10-10T11:15:27.3055587Z  * [new tag]             0.0.103                 -> 0.0.103
handle_failure	Checkout code	2025-10-10T11:15:27.3056035Z  * [new tag]             0.0.104                 -> 0.0.104
handle_failure	Checkout code	2025-10-10T11:15:27.3056472Z  * [new tag]             0.0.105                 -> 0.0.105
handle_failure	Checkout code	2025-10-10T11:15:27.3056916Z  * [new tag]             0.0.106                 -> 0.0.106
handle_failure	Checkout code	2025-10-10T11:15:27.3057347Z  * [new tag]             0.0.107                 -> 0.0.107
handle_failure	Checkout code	2025-10-10T11:15:27.3057785Z  * [new tag]             0.0.108                 -> 0.0.108
handle_failure	Checkout code	2025-10-10T11:15:27.3058222Z  * [new tag]             0.0.109                 -> 0.0.109
handle_failure	Checkout code	2025-10-10T11:15:27.3058653Z  * [new tag]             0.0.11                  -> 0.0.11
handle_failure	Checkout code	2025-10-10T11:15:27.3059090Z  * [new tag]             0.0.110                 -> 0.0.110
handle_failure	Checkout code	2025-10-10T11:15:27.3059528Z  * [new tag]             0.0.111                 -> 0.0.111
handle_failure	Checkout code	2025-10-10T11:15:27.3059961Z  * [new tag]             0.0.112                 -> 0.0.112
handle_failure	Checkout code	2025-10-10T11:15:27.3060398Z  * [new tag]             0.0.113                 -> 0.0.113
handle_failure	Checkout code	2025-10-10T11:15:27.3060838Z  * [new tag]             0.0.114                 -> 0.0.114
handle_failure	Checkout code	2025-10-10T11:15:27.3061308Z  * [new tag]             0.0.115                 -> 0.0.115
handle_failure	Checkout code	2025-10-10T11:15:27.3061933Z  * [new tag]             0.0.116                 -> 0.0.116
handle_failure	Checkout code	2025-10-10T11:15:27.3062373Z  * [new tag]             0.0.117                 -> 0.0.117
handle_failure	Checkout code	2025-10-10T11:15:27.3062813Z  * [new tag]             0.0.118                 -> 0.0.118
handle_failure	Checkout code	2025-10-10T11:15:27.3063244Z  * [new tag]             0.0.119                 -> 0.0.119
handle_failure	Checkout code	2025-10-10T11:15:27.3063727Z  * [new tag]             0.0.12                  -> 0.0.12
handle_failure	Checkout code	2025-10-10T11:15:27.3064164Z  * [new tag]             0.0.120                 -> 0.0.120
handle_failure	Checkout code	2025-10-10T11:15:27.3064601Z  * [new tag]             0.0.121                 -> 0.0.121
handle_failure	Checkout code	2025-10-10T11:15:27.3065033Z  * [new tag]             0.0.122                 -> 0.0.122
handle_failure	Checkout code	2025-10-10T11:15:27.3065486Z  * [new tag]             0.0.123                 -> 0.0.123
handle_failure	Checkout code	2025-10-10T11:15:27.3065923Z  * [new tag]             0.0.124                 -> 0.0.124
handle_failure	Checkout code	2025-10-10T11:15:27.3066528Z  * [new tag]             0.0.125                 -> 0.0.125
handle_failure	Checkout code	2025-10-10T11:15:27.3066966Z  * [new tag]             0.0.126                 -> 0.0.126
handle_failure	Checkout code	2025-10-10T11:15:27.3067419Z  * [new tag]             0.0.127                 -> 0.0.127
handle_failure	Checkout code	2025-10-10T11:15:27.3067857Z  * [new tag]             0.0.128                 -> 0.0.128
handle_failure	Checkout code	2025-10-10T11:15:27.3068302Z  * [new tag]             0.0.129                 -> 0.0.129
handle_failure	Checkout code	2025-10-10T11:15:27.3068740Z  * [new tag]             0.0.13                  -> 0.0.13
handle_failure	Checkout code	2025-10-10T11:15:27.3069191Z  * [new tag]             0.0.130                 -> 0.0.130
handle_failure	Checkout code	2025-10-10T11:15:27.3069631Z  * [new tag]             0.0.131                 -> 0.0.131
handle_failure	Checkout code	2025-10-10T11:15:27.3070066Z  * [new tag]             0.0.132                 -> 0.0.132
handle_failure	Checkout code	2025-10-10T11:15:27.3070510Z  * [new tag]             0.0.133                 -> 0.0.133
handle_failure	Checkout code	2025-10-10T11:15:27.3071104Z  * [new tag]             0.0.134                 -> 0.0.134
handle_failure	Checkout code	2025-10-10T11:15:27.3071545Z  * [new tag]             0.0.135                 -> 0.0.135
handle_failure	Checkout code	2025-10-10T11:15:27.3072113Z  * [new tag]             0.0.136                 -> 0.0.136
handle_failure	Checkout code	2025-10-10T11:15:27.3072547Z  * [new tag]             0.0.137                 -> 0.0.137
handle_failure	Checkout code	2025-10-10T11:15:27.3072979Z  * [new tag]             0.0.138                 -> 0.0.138
handle_failure	Checkout code	2025-10-10T11:15:27.3073791Z  * [new tag]             0.0.139                 -> 0.0.139
handle_failure	Checkout code	2025-10-10T11:15:27.3074350Z  * [new tag]             0.0.14                  -> 0.0.14
handle_failure	Checkout code	2025-10-10T11:15:27.3074761Z  * [new tag]             0.0.140                 -> 0.0.140
handle_failure	Checkout code	2025-10-10T11:15:27.3075178Z  * [new tag]             0.0.141                 -> 0.0.141
handle_failure	Checkout code	2025-10-10T11:15:27.3075593Z  * [new tag]             0.0.142                 -> 0.0.142
handle_failure	Checkout code	2025-10-10T11:15:27.3076006Z  * [new tag]             0.0.143                 -> 0.0.143
handle_failure	Checkout code	2025-10-10T11:15:27.3076425Z  * [new tag]             0.0.144                 -> 0.0.144
handle_failure	Checkout code	2025-10-10T11:15:27.3076841Z  * [new tag]             0.0.145                 -> 0.0.145
handle_failure	Checkout code	2025-10-10T11:15:27.3077270Z  * [new tag]             0.0.146                 -> 0.0.146
handle_failure	Checkout code	2025-10-10T11:15:27.3077684Z  * [new tag]             0.0.147                 -> 0.0.147
handle_failure	Checkout code	2025-10-10T11:15:27.3078113Z  * [new tag]             0.0.148                 -> 0.0.148
handle_failure	Checkout code	2025-10-10T11:15:27.3078530Z  * [new tag]             0.0.149                 -> 0.0.149
handle_failure	Checkout code	2025-10-10T11:15:27.3078941Z  * [new tag]             0.0.15                  -> 0.0.15
handle_failure	Checkout code	2025-10-10T11:15:27.3079354Z  * [new tag]             0.0.150                 -> 0.0.150
handle_failure	Checkout code	2025-10-10T11:15:27.3079766Z  * [new tag]             0.0.151                 -> 0.0.151
handle_failure	Checkout code	2025-10-10T11:15:27.3080176Z  * [new tag]             0.0.152                 -> 0.0.152
handle_failure	Checkout code	2025-10-10T11:15:27.3080583Z  * [new tag]             0.0.153                 -> 0.0.153
handle_failure	Checkout code	2025-10-10T11:15:27.3080998Z  * [new tag]             0.0.154                 -> 0.0.154
handle_failure	Checkout code	2025-10-10T11:15:27.3081414Z  * [new tag]             0.0.155                 -> 0.0.155
handle_failure	Checkout code	2025-10-10T11:15:27.3081821Z  * [new tag]             0.0.156                 -> 0.0.156
handle_failure	Checkout code	2025-10-10T11:15:27.3082248Z  * [new tag]             0.0.157                 -> 0.0.157
handle_failure	Checkout code	2025-10-10T11:15:27.3082841Z  * [new tag]             0.0.158                 -> 0.0.158
handle_failure	Checkout code	2025-10-10T11:15:27.3083258Z  * [new tag]             0.0.159                 -> 0.0.159
handle_failure	Checkout code	2025-10-10T11:15:27.3147167Z  * [new tag]             0.0.16                  -> 0.0.16
handle_failure	Checkout code	2025-10-10T11:15:27.3147866Z  * [new tag]             0.0.160                 -> 0.0.160
handle_failure	Checkout code	2025-10-10T11:15:27.3148320Z  * [new tag]             0.0.161                 -> 0.0.161
handle_failure	Checkout code	2025-10-10T11:15:27.3148758Z  * [new tag]             0.0.162                 -> 0.0.162
handle_failure	Checkout code	2025-10-10T11:15:27.3149189Z  * [new tag]             0.0.163                 -> 0.0.163
handle_failure	Checkout code	2025-10-10T11:15:27.3149621Z  * [new tag]             0.0.164                 -> 0.0.164
handle_failure	Checkout code	2025-10-10T11:15:27.3150043Z  * [new tag]             0.0.165                 -> 0.0.165
handle_failure	Checkout code	2025-10-10T11:15:27.3150489Z  * [new tag]             0.0.166                 -> 0.0.166
handle_failure	Checkout code	2025-10-10T11:15:27.3151290Z  * [new tag]             0.0.167                 -> 0.0.167
handle_failure	Checkout code	2025-10-10T11:15:27.3151716Z  * [new tag]             0.0.168                 -> 0.0.168
handle_failure	Checkout code	2025-10-10T11:15:27.3152154Z  * [new tag]             0.0.169                 -> 0.0.169
handle_failure	Checkout code	2025-10-10T11:15:27.3152588Z  * [new tag]             0.0.17                  -> 0.0.17
handle_failure	Checkout code	2025-10-10T11:15:27.3153006Z  * [new tag]             0.0.170                 -> 0.0.170
handle_failure	Checkout code	2025-10-10T11:15:27.3153650Z  * [new tag]             0.0.171                 -> 0.0.171
handle_failure	Checkout code	2025-10-10T11:15:27.3154199Z  * [new tag]             0.0.172                 -> 0.0.172
handle_failure	Checkout code	2025-10-10T11:15:27.3154616Z  * [new tag]             0.0.173                 -> 0.0.173
handle_failure	Checkout code	2025-10-10T11:15:27.3155039Z  * [new tag]             0.0.174                 -> 0.0.174
handle_failure	Checkout code	2025-10-10T11:15:27.3155469Z  * [new tag]             0.0.175                 -> 0.0.175
handle_failure	Checkout code	2025-10-10T11:15:27.3155894Z  * [new tag]             0.0.176                 -> 0.0.176
handle_failure	Checkout code	2025-10-10T11:15:27.3156465Z  * [new tag]             0.0.177                 -> 0.0.177
handle_failure	Checkout code	2025-10-10T11:15:27.3157029Z  * [new tag]             0.0.178                 -> 0.0.178
handle_failure	Checkout code	2025-10-10T11:15:27.3157470Z  * [new tag]             0.0.179                 -> 0.0.179
handle_failure	Checkout code	2025-10-10T11:15:27.3157887Z  * [new tag]             0.0.18                  -> 0.0.18
handle_failure	Checkout code	2025-10-10T11:15:27.3158312Z  * [new tag]             0.0.19                  -> 0.0.19
handle_failure	Checkout code	2025-10-10T11:15:27.3158751Z  * [new tag]             0.0.2                   -> 0.0.2
handle_failure	Checkout code	2025-10-10T11:15:27.3159195Z  * [new tag]             0.0.20                  -> 0.0.20
handle_failure	Checkout code	2025-10-10T11:15:27.3159665Z  * [new tag]             0.0.21                  -> 0.0.21
handle_failure	Checkout code	2025-10-10T11:15:27.3160108Z  * [new tag]             0.0.22                  -> 0.0.22
handle_failure	Checkout code	2025-10-10T11:15:27.3160530Z  * [new tag]             0.0.23                  -> 0.0.23
handle_failure	Checkout code	2025-10-10T11:15:27.3161058Z  * [new tag]             0.0.24                  -> 0.0.24
handle_failure	Checkout code	2025-10-10T11:15:27.3161461Z  * [new tag]             0.0.25                  -> 0.0.25
handle_failure	Checkout code	2025-10-10T11:15:27.3161877Z  * [new tag]             0.0.26                  -> 0.0.26
handle_failure	Checkout code	2025-10-10T11:15:27.3162274Z  * [new tag]             0.0.27                  -> 0.0.27
handle_failure	Checkout code	2025-10-10T11:15:27.3162688Z  * [new tag]             0.0.28                  -> 0.0.28
handle_failure	Checkout code	2025-10-10T11:15:27.3163091Z  * [new tag]             0.0.29                  -> 0.0.29
handle_failure	Checkout code	2025-10-10T11:15:27.3163723Z  * [new tag]             0.0.3                   -> 0.0.3
handle_failure	Checkout code	2025-10-10T11:15:27.3164379Z  * [new tag]             0.0.30                  -> 0.0.30
handle_failure	Checkout code	2025-10-10T11:15:27.3164787Z  * [new tag]             0.0.31                  -> 0.0.31
handle_failure	Checkout code	2025-10-10T11:15:27.3165191Z  * [new tag]             0.0.32                  -> 0.0.32
handle_failure	Checkout code	2025-10-10T11:15:27.3165587Z  * [new tag]             0.0.33                  -> 0.0.33
handle_failure	Checkout code	2025-10-10T11:15:27.3165992Z  * [new tag]             0.0.34                  -> 0.0.34
handle_failure	Checkout code	2025-10-10T11:15:27.3166403Z  * [new tag]             0.0.35                  -> 0.0.35
handle_failure	Checkout code	2025-10-10T11:15:27.3166807Z  * [new tag]             0.0.36                  -> 0.0.36
handle_failure	Checkout code	2025-10-10T11:15:27.3167219Z  * [new tag]             0.0.37                  -> 0.0.37
handle_failure	Checkout code	2025-10-10T11:15:27.3167796Z  * [new tag]             0.0.38                  -> 0.0.38
handle_failure	Checkout code	2025-10-10T11:15:27.3168205Z  * [new tag]             0.0.39                  -> 0.0.39
handle_failure	Checkout code	2025-10-10T11:15:27.3168610Z  * [new tag]             0.0.4                   -> 0.0.4
handle_failure	Checkout code	2025-10-10T11:15:27.3169011Z  * [new tag]             0.0.40                  -> 0.0.40
handle_failure	Checkout code	2025-10-10T11:15:27.3169417Z  * [new tag]             0.0.41                  -> 0.0.41
handle_failure	Checkout code	2025-10-10T11:15:27.3169818Z  * [new tag]             0.0.42                  -> 0.0.42
handle_failure	Checkout code	2025-10-10T11:15:27.3170214Z  * [new tag]             0.0.43                  -> 0.0.43
handle_failure	Checkout code	2025-10-10T11:15:27.3170619Z  * [new tag]             0.0.44                  -> 0.0.44
handle_failure	Checkout code	2025-10-10T11:15:27.3171022Z  * [new tag]             0.0.45                  -> 0.0.45
handle_failure	Checkout code	2025-10-10T11:15:27.3171422Z  * [new tag]             0.0.46                  -> 0.0.46
handle_failure	Checkout code	2025-10-10T11:15:27.3171826Z  * [new tag]             0.0.47                  -> 0.0.47
handle_failure	Checkout code	2025-10-10T11:15:27.3172369Z  * [new tag]             0.0.48                  -> 0.0.48
handle_failure	Checkout code	2025-10-10T11:15:27.3172776Z  * [new tag]             0.0.49                  -> 0.0.49
handle_failure	Checkout code	2025-10-10T11:15:27.3173179Z  * [new tag]             0.0.5                   -> 0.0.5
handle_failure	Checkout code	2025-10-10T11:15:27.3174075Z  * [new tag]             0.0.50                  -> 0.0.50
handle_failure	Checkout code	2025-10-10T11:15:27.3174494Z  * [new tag]             0.0.51                  -> 0.0.51
handle_failure	Checkout code	2025-10-10T11:15:27.3175018Z  * [new tag]             0.0.52                  -> 0.0.52
handle_failure	Checkout code	2025-10-10T11:15:27.3175425Z  * [new tag]             0.0.53                  -> 0.0.53
handle_failure	Checkout code	2025-10-10T11:15:27.3175835Z  * [new tag]             0.0.54                  -> 0.0.54
handle_failure	Checkout code	2025-10-10T11:15:27.3176240Z  * [new tag]             0.0.55                  -> 0.0.55
handle_failure	Checkout code	2025-10-10T11:15:27.3176645Z  * [new tag]             0.0.56                  -> 0.0.56
handle_failure	Checkout code	2025-10-10T11:15:27.3177204Z  * [new tag]             0.0.57                  -> 0.0.57
handle_failure	Checkout code	2025-10-10T11:15:27.3177627Z  * [new tag]             0.0.58                  -> 0.0.58
handle_failure	Checkout code	2025-10-10T11:15:27.3178149Z  * [new tag]             0.0.59                  -> 0.0.59
handle_failure	Checkout code	2025-10-10T11:15:27.3178567Z  * [new tag]             0.0.6                   -> 0.0.6
handle_failure	Checkout code	2025-10-10T11:15:27.3178972Z  * [new tag]             0.0.60                  -> 0.0.60
handle_failure	Checkout code	2025-10-10T11:15:27.3179374Z  * [new tag]             0.0.61                  -> 0.0.61
handle_failure	Checkout code	2025-10-10T11:15:27.3179779Z  * [new tag]             0.0.62                  -> 0.0.62
handle_failure	Checkout code	2025-10-10T11:15:27.3180181Z  * [new tag]             0.0.63                  -> 0.0.63
handle_failure	Checkout code	2025-10-10T11:15:27.3180583Z  * [new tag]             0.0.64                  -> 0.0.64
handle_failure	Checkout code	2025-10-10T11:15:27.3180983Z  * [new tag]             0.0.65                  -> 0.0.65
handle_failure	Checkout code	2025-10-10T11:15:27.3181387Z  * [new tag]             0.0.66                  -> 0.0.66
handle_failure	Checkout code	2025-10-10T11:15:27.3181790Z  * [new tag]             0.0.67                  -> 0.0.67
handle_failure	Checkout code	2025-10-10T11:15:27.3182184Z  * [new tag]             0.0.68                  -> 0.0.68
handle_failure	Checkout code	2025-10-10T11:15:27.3182748Z  * [new tag]             0.0.69                  -> 0.0.69
handle_failure	Checkout code	2025-10-10T11:15:27.3183171Z  * [new tag]             0.0.7                   -> 0.0.7
handle_failure	Checkout code	2025-10-10T11:15:27.3183756Z  * [new tag]             0.0.70                  -> 0.0.70
handle_failure	Checkout code	2025-10-10T11:15:27.3184155Z  * [new tag]             0.0.71                  -> 0.0.71
handle_failure	Checkout code	2025-10-10T11:15:27.3184557Z  * [new tag]             0.0.72                  -> 0.0.72
handle_failure	Checkout code	2025-10-10T11:15:27.3184958Z  * [new tag]             0.0.73                  -> 0.0.73
handle_failure	Checkout code	2025-10-10T11:15:27.3185353Z  * [new tag]             0.0.74                  -> 0.0.74
handle_failure	Checkout code	2025-10-10T11:15:27.3185758Z  * [new tag]             0.0.75                  -> 0.0.75
handle_failure	Checkout code	2025-10-10T11:15:27.3186167Z  * [new tag]             0.0.76                  -> 0.0.76
handle_failure	Checkout code	2025-10-10T11:15:27.3186716Z  * [new tag]             0.0.77                  -> 0.0.77
handle_failure	Checkout code	2025-10-10T11:15:27.3187156Z  * [new tag]             0.0.78                  -> 0.0.78
handle_failure	Checkout code	2025-10-10T11:15:27.3187569Z  * [new tag]             0.0.79                  -> 0.0.79
handle_failure	Checkout code	2025-10-10T11:15:27.3188150Z  * [new tag]             0.0.8                   -> 0.0.8
handle_failure	Checkout code	2025-10-10T11:15:27.3188866Z  * [new tag]             0.0.80                  -> 0.0.80
handle_failure	Checkout code	2025-10-10T11:15:27.3189292Z  * [new tag]             0.0.81                  -> 0.0.81
handle_failure	Checkout code	2025-10-10T11:15:27.3189705Z  * [new tag]             0.0.82                  -> 0.0.82
handle_failure	Checkout code	2025-10-10T11:15:27.3190119Z  * [new tag]             0.0.83                  -> 0.0.83
handle_failure	Checkout code	2025-10-10T11:15:27.3190539Z  * [new tag]             0.0.84                  -> 0.0.84
handle_failure	Checkout code	2025-10-10T11:15:27.3190955Z  * [new tag]             0.0.85                  -> 0.0.85
handle_failure	Checkout code	2025-10-10T11:15:27.3191380Z  * [new tag]             0.0.86                  -> 0.0.86
handle_failure	Checkout code	2025-10-10T11:15:27.3191919Z  * [new tag]             0.0.87                  -> 0.0.87
handle_failure	Checkout code	2025-10-10T11:15:27.3192326Z  * [new tag]             0.0.88                  -> 0.0.88
handle_failure	Checkout code	2025-10-10T11:15:27.3192719Z  * [new tag]             0.0.89                  -> 0.0.89
handle_failure	Checkout code	2025-10-10T11:15:27.3193273Z  * [new tag]             0.0.9                   -> 0.0.9
handle_failure	Checkout code	2025-10-10T11:15:27.3194028Z  * [new tag]             0.0.90                  -> 0.0.90
handle_failure	Checkout code	2025-10-10T11:15:27.3194565Z  * [new tag]             0.0.91                  -> 0.0.91
handle_failure	Checkout code	2025-10-10T11:15:27.3194969Z  * [new tag]             0.0.92                  -> 0.0.92
handle_failure	Checkout code	2025-10-10T11:15:27.3195377Z  * [new tag]             0.0.93                  -> 0.0.93
handle_failure	Checkout code	2025-10-10T11:15:27.3195780Z  * [new tag]             0.0.94                  -> 0.0.94
handle_failure	Checkout code	2025-10-10T11:15:27.3196184Z  * [new tag]             0.0.95                  -> 0.0.95
handle_failure	Checkout code	2025-10-10T11:15:27.3196585Z  * [new tag]             0.0.96                  -> 0.0.96
handle_failure	Checkout code	2025-10-10T11:15:27.3196986Z  * [new tag]             0.0.97                  -> 0.0.97
handle_failure	Checkout code	2025-10-10T11:15:27.3197385Z  * [new tag]             0.0.98                  -> 0.0.98
handle_failure	Checkout code	2025-10-10T11:15:27.3197787Z  * [new tag]             0.0.99                  -> 0.0.99
handle_failure	Checkout code	2025-10-10T11:15:27.3198189Z  * [new tag]             0.1.0                   -> 0.1.0
handle_failure	Checkout code	2025-10-10T11:15:27.3198594Z  * [new tag]             0.1.1                   -> 0.1.1
handle_failure	Checkout code	2025-10-10T11:15:27.3199005Z  * [new tag]             0.2.0                   -> 0.2.0
handle_failure	Checkout code	2025-10-10T11:15:27.3199406Z  * [new tag]             0.3.0                   -> 0.3.0
handle_failure	Checkout code	2025-10-10T11:15:27.3199815Z  * [new tag]             0.3.1                   -> 0.3.1
handle_failure	Checkout code	2025-10-10T11:15:27.3200231Z  * [new tag]             0.3.10                  -> 0.3.10
handle_failure	Checkout code	2025-10-10T11:15:27.3200648Z  * [new tag]             0.3.11                  -> 0.3.11
handle_failure	Checkout code	2025-10-10T11:15:27.3201064Z  * [new tag]             0.3.12                  -> 0.3.12
handle_failure	Checkout code	2025-10-10T11:15:27.3201476Z  * [new tag]             0.3.13                  -> 0.3.13
handle_failure	Checkout code	2025-10-10T11:15:27.3201898Z  * [new tag]             0.3.14                  -> 0.3.14
handle_failure	Checkout code	2025-10-10T11:15:27.3202313Z  * [new tag]             0.3.15                  -> 0.3.15
handle_failure	Checkout code	2025-10-10T11:15:27.3202735Z  * [new tag]             0.3.16                  -> 0.3.16
handle_failure	Checkout code	2025-10-10T11:15:27.3203150Z  * [new tag]             0.3.17                  -> 0.3.17
handle_failure	Checkout code	2025-10-10T11:15:27.3204376Z  * [new tag]             0.3.2                   -> 0.3.2
handle_failure	Checkout code	2025-10-10T11:15:27.3204816Z  * [new tag]             0.3.3                   -> 0.3.3
handle_failure	Checkout code	2025-10-10T11:15:27.3205236Z  * [new tag]             0.3.4                   -> 0.3.4
handle_failure	Checkout code	2025-10-10T11:15:27.3205657Z  * [new tag]             0.3.5                   -> 0.3.5
handle_failure	Checkout code	2025-10-10T11:15:27.3206078Z  * [new tag]             0.3.6                   -> 0.3.6
handle_failure	Checkout code	2025-10-10T11:15:27.3206503Z  * [new tag]             0.3.7                   -> 0.3.7
handle_failure	Checkout code	2025-10-10T11:15:27.3206914Z  * [new tag]             0.3.8                   -> 0.3.8
handle_failure	Checkout code	2025-10-10T11:15:27.3207335Z  * [new tag]             0.3.9                   -> 0.3.9
handle_failure	Checkout code	2025-10-10T11:15:27.3207754Z  * [new tag]             0.4.0                   -> 0.4.0
handle_failure	Checkout code	2025-10-10T11:15:27.3208171Z  * [new tag]             0.4.1                   -> 0.4.1
handle_failure	Checkout code	2025-10-10T11:15:27.3208596Z  * [new tag]             0.4.2                   -> 0.4.2
handle_failure	Checkout code	2025-10-10T11:15:27.3209023Z  * [new tag]             0.4.3                   -> 0.4.3
handle_failure	Checkout code	2025-10-10T11:15:27.3209446Z  * [new tag]             0.4.4                   -> 0.4.4
handle_failure	Checkout code	2025-10-10T11:15:27.3210019Z  * [new tag]             0.4.5                   -> 0.4.5
handle_failure	Checkout code	2025-10-10T11:15:27.3210447Z  * [new tag]             0.4.6                   -> 0.4.6
handle_failure	Checkout code	2025-10-10T11:15:27.3210869Z  * [new tag]             0.4.7                   -> 0.4.7
handle_failure	Checkout code	2025-10-10T11:15:27.3211287Z  * [new tag]             0.4.8                   -> 0.4.8
handle_failure	Checkout code	2025-10-10T11:15:27.3211711Z  * [new tag]             0.4.9                   -> 0.4.9
handle_failure	Checkout code	2025-10-10T11:15:27.3367822Z [command]/usr/bin/git branch --list --remote origin/H1968-modulo-personalizaci√≥n-del-portal-de-kaos-core
handle_failure	Checkout code	2025-10-10T11:15:27.3430440Z   origin/H1968-modulo-personalizaci√≥n-del-portal-de-kaos-core
handle_failure	Checkout code	2025-10-10T11:15:27.3440949Z [command]/usr/bin/git rev-parse refs/remotes/origin/H1968-modulo-personalizaci√≥n-del-portal-de-kaos-core
handle_failure	Checkout code	2025-10-10T11:15:27.3463999Z 6a3381a0398c879b366e83d3347cb3e1d396c092
handle_failure	Checkout code	2025-10-10T11:15:27.3469791Z ##[endgroup]
handle_failure	Checkout code	2025-10-10T11:15:27.3470562Z ##[group]Determining the checkout info
handle_failure	Checkout code	2025-10-10T11:15:27.3471243Z ##[endgroup]
handle_failure	Checkout code	2025-10-10T11:15:27.3477849Z [command]/usr/bin/git sparse-checkout disable
handle_failure	Checkout code	2025-10-10T11:15:27.3533005Z [command]/usr/bin/git config --local --unset-all extensions.worktreeConfig
handle_failure	Checkout code	2025-10-10T11:15:27.3565937Z ##[group]Checking out the ref
handle_failure	Checkout code	2025-10-10T11:15:27.3572822Z [command]/usr/bin/git checkout --progress --force -B H1968-modulo-personalizaci√≥n-del-portal-de-kaos-core refs/remotes/origin/H1968-modulo-personalizaci√≥n-del-portal-de-kaos-core
handle_failure	Checkout code	2025-10-10T11:15:28.1438228Z Switched to a new branch 'H1968-modulo-personalizaci√≥n-del-portal-de-kaos-core'
handle_failure	Checkout code	2025-10-10T11:15:28.1440987Z branch 'H1968-modulo-personalizaci√≥n-del-portal-de-kaos-core' set up to track 'origin/H1968-modulo-personalizaci√≥n-del-portal-de-kaos-core'.
handle_failure	Checkout code	2025-10-10T11:15:28.1532356Z ##[endgroup]
handle_failure	Checkout code	2025-10-10T11:15:28.1580671Z [command]/usr/bin/git log -1 --format=%H
handle_failure	Checkout code	2025-10-10T11:15:28.1607457Z 6a3381a0398c879b366e83d3347cb3e1d396c092
handle_failure	handle-failure-execution	Ôªø2025-10-10T11:15:28.1866089Z ##[group]Run echo "Error detected in process"
handle_failure	handle-failure-execution	2025-10-10T11:15:28.1866684Z [36;1mecho "Error detected in process"[0m
handle_failure	handle-failure-execution	2025-10-10T11:15:28.1867021Z [36;1mecho "Created issue"[0m
handle_failure	handle-failure-execution	2025-10-10T11:15:28.1867988Z [36;1mgh issue create  --title "[Ka0S] Kaos Error detected in 18404601230" --label "bug" --body "Please check the logs 'https://github.com/Ka0s-Klaus/ka0s/actions/runs/18404601230' for more information of error."[0m
handle_failure	handle-failure-execution	2025-10-10T11:15:28.1868948Z [36;1mecho "Add comment to origin target"[0m
handle_failure	handle-failure-execution	2025-10-10T11:15:28.1869586Z [36;1mRNNUMBER=$(echo "refs/heads/H1968-modulo-personalizaci√≥n-del-portal-de-kaos-core" | grep -o '[0-9]*')[0m
handle_failure	handle-failure-execution	2025-10-10T11:15:28.1870564Z [36;1mgh issue comment $RNNUMBER --body "El proceso no ha finalizado correctamente 18404601230. El resultado est√° en el fichero 18404601230.log"[0m
handle_failure	handle-failure-execution	2025-10-10T11:15:28.1883457Z shell: /usr/bin/bash -e {0}
handle_failure	handle-failure-execution	2025-10-10T11:15:28.1883812Z env:
handle_failure	handle-failure-execution	2025-10-10T11:15:28.1884057Z   KAOS_CODE: 18404601230
handle_failure	handle-failure-execution	2025-10-10T11:15:28.1884370Z   KAOS_EVENT_NAME: push
handle_failure	handle-failure-execution	2025-10-10T11:15:28.1884686Z   KAOS_ACTION: 
handle_failure	handle-failure-execution	2025-10-10T11:15:28.1885102Z   KAOS_REF: refs/heads/H1968-modulo-personalizaci√≥n-del-portal-de-kaos-core
handle_failure	handle-failure-execution	2025-10-10T11:15:28.1885577Z   KAOS_MODULE: [Ka0S] Kaos
handle_failure	handle-failure-execution	2025-10-10T11:15:28.1885875Z   KAOS_PATH_RESUME: audit/kaos/
handle_failure	handle-failure-execution	2025-10-10T11:15:28.1886169Z   KAOS_ACTOR: santakloud
handle_failure	handle-failure-execution	2025-10-10T11:15:28.1886806Z   GH_TOKEN: ***
handle_failure	handle-failure-execution	2025-10-10T11:15:28.1887060Z ##[endgroup]
handle_failure	handle-failure-execution	2025-10-10T11:15:28.1940855Z Error detected in process
handle_failure	handle-failure-execution	2025-10-10T11:15:28.1941278Z Created issue
handle_failure	handle-failure-execution	2025-10-10T11:15:29.3719493Z https://github.com/Ka0s-Klaus/ka0s/issues/2022
handle_failure	handle-failure-execution	2025-10-10T11:15:29.3738982Z Add comment to origin target
handle_failure	handle-failure-execution	2025-10-10T11:15:30.3544697Z https://github.com/Ka0s-Klaus/ka0s/issues/1968#issuecomment-3389445423
handle_failure	Post Checkout code	Ôªø2025-10-10T11:15:30.3687763Z Post job cleanup.
handle_failure	Post Checkout code	2025-10-10T11:15:30.4715729Z [command]/usr/bin/git version
handle_failure	Post Checkout code	2025-10-10T11:15:30.4751396Z git version 2.51.0
handle_failure	Post Checkout code	2025-10-10T11:15:30.4799784Z Temporarily overriding HOME='/home/runner/_work/_temp/fd413007-6aa9-41ff-8365-f829a9952c82' before making global git config changes
handle_failure	Post Checkout code	2025-10-10T11:15:30.4800949Z Adding repository directory to the temporary git global config as a safe directory
handle_failure	Post Checkout code	2025-10-10T11:15:30.4807407Z [command]/usr/bin/git config --global --add safe.directory /home/runner/_work/ka0s/ka0s
handle_failure	Post Checkout code	2025-10-10T11:15:30.4852223Z [command]/usr/bin/git config --local --name-only --get-regexp core\.sshCommand
handle_failure	Post Checkout code	2025-10-10T11:15:30.4888666Z [command]/usr/bin/git submodule foreach --recursive sh -c "git config --local --name-only --get-regexp 'core\.sshCommand' && git config --local --unset-all 'core.sshCommand' || :"
handle_failure	Post Checkout code	2025-10-10T11:15:30.5148541Z [command]/usr/bin/git config --local --name-only --get-regexp http\.https\:\/\/github\.com\/\.extraheader
handle_failure	Post Checkout code	2025-10-10T11:15:30.5171881Z http.https://github.com/.extraheader
handle_failure	Post Checkout code	2025-10-10T11:15:30.5183752Z [command]/usr/bin/git config --local --unset-all http.https://github.com/.extraheader
handle_failure	Post Checkout code	2025-10-10T11:15:30.5216212Z [command]/usr/bin/git submodule foreach --recursive sh -c "git config --local --name-only --get-regexp 'http\.https\:\/\/github\.com\/\.extraheader' && git config --local --unset-all 'http.https://github.com/.extraheader' || :"
handle_failure	Complete job	Ôªø2025-10-10T11:15:30.5582662Z Cleaning up orphan processes
end-workflow	Set up job	Ôªø2025-10-10T11:16:37.2088587Z Current runner version: '2.328.0'
end-workflow	Set up job	2025-10-10T11:16:37.2100773Z Runner name: 'e3da9b80b0b8'
end-workflow	Set up job	2025-10-10T11:16:37.2101752Z Runner group name: 'swarm-runners'
end-workflow	Set up job	2025-10-10T11:16:37.2102808Z Machine name: 'e3da9b80b0b8'
end-workflow	Set up job	2025-10-10T11:16:37.2109429Z ##[group]GITHUB_TOKEN Permissions
end-workflow	Set up job	2025-10-10T11:16:37.2113294Z Contents: read
end-workflow	Set up job	2025-10-10T11:16:37.2113907Z Metadata: read
end-workflow	Set up job	2025-10-10T11:16:37.2114448Z Packages: read
end-workflow	Set up job	2025-10-10T11:16:37.2114982Z ##[endgroup]
end-workflow	Set up job	2025-10-10T11:16:37.2117536Z Secret source: Actions
end-workflow	Set up job	2025-10-10T11:16:37.2118395Z Prepare workflow directory
end-workflow	Set up job	2025-10-10T11:16:37.3136068Z Prepare all required actions
end-workflow	Set up job	2025-10-10T11:16:37.3216376Z Getting action download info
end-workflow	Set up job	2025-10-10T11:16:37.9911914Z Download action repository 'actions/checkout@v4' (SHA:08eba0b27e820071cde6df949e0beb9ba4906955)
end-workflow	Set up job	2025-10-10T11:16:38.9509797Z Complete job name: end-workflow
end-workflow	Checkout code	Ôªø2025-10-10T11:16:39.0467741Z ##[group]Run actions/checkout@v4
end-workflow	Checkout code	2025-10-10T11:16:39.0469157Z with:
end-workflow	Checkout code	2025-10-10T11:16:39.0470003Z   fetch-depth: 0
end-workflow	Checkout code	2025-10-10T11:16:39.0471060Z   token: ***
end-workflow	Checkout code	2025-10-10T11:16:39.0471701Z   repository: Ka0s-Klaus/ka0s
end-workflow	Checkout code	2025-10-10T11:16:39.0472445Z   ssh-strict: true
end-workflow	Checkout code	2025-10-10T11:16:39.0473083Z   ssh-user: git
end-workflow	Checkout code	2025-10-10T11:16:39.0473725Z   persist-credentials: true
end-workflow	Checkout code	2025-10-10T11:16:39.0474444Z   clean: true
end-workflow	Checkout code	2025-10-10T11:16:39.0475091Z   sparse-checkout-cone-mode: true
end-workflow	Checkout code	2025-10-10T11:16:39.0475860Z   fetch-tags: false
end-workflow	Checkout code	2025-10-10T11:16:39.0476537Z   show-progress: true
end-workflow	Checkout code	2025-10-10T11:16:39.0477202Z   lfs: false
end-workflow	Checkout code	2025-10-10T11:16:39.0477827Z   submodules: false
end-workflow	Checkout code	2025-10-10T11:16:39.0478488Z   set-safe-directory: true
end-workflow	Checkout code	2025-10-10T11:16:39.0479695Z env:
end-workflow	Checkout code	2025-10-10T11:16:39.0480333Z   KAOS_CODE: 18404601230
end-workflow	Checkout code	2025-10-10T11:16:39.0481039Z   KAOS_EVENT_NAME: push
end-workflow	Checkout code	2025-10-10T11:16:39.0481707Z   KAOS_ACTION: 
end-workflow	Checkout code	2025-10-10T11:16:39.0482693Z   KAOS_REF: refs/heads/H1968-modulo-personalizaci√≥n-del-portal-de-kaos-core
end-workflow	Checkout code	2025-10-10T11:16:39.0483950Z   KAOS_MODULE: [Ka0S] Kaos
end-workflow	Checkout code	2025-10-10T11:16:39.0484801Z   KAOS_PATH_RESUME: audit/kaos/
end-workflow	Checkout code	2025-10-10T11:16:39.0485527Z   KAOS_ACTOR: santakloud
end-workflow	Checkout code	2025-10-10T11:16:39.0486479Z   GH_TOKEN: ***
end-workflow	Checkout code	2025-10-10T11:16:39.0487084Z ##[endgroup]
end-workflow	Checkout code	2025-10-10T11:16:39.2058263Z Syncing repository: Ka0s-Klaus/ka0s
end-workflow	Checkout code	2025-10-10T11:16:39.2061593Z ##[group]Getting Git version info
end-workflow	Checkout code	2025-10-10T11:16:39.2062694Z Working directory is '/home/runner/_work/ka0s/ka0s'
end-workflow	Checkout code	2025-10-10T11:16:39.2064207Z [command]/usr/bin/git version
end-workflow	Checkout code	2025-10-10T11:16:39.2064978Z git version 2.51.0
end-workflow	Checkout code	2025-10-10T11:16:39.2092745Z ##[endgroup]
end-workflow	Checkout code	2025-10-10T11:16:39.2113462Z Temporarily overriding HOME='/home/runner/_work/_temp/d6d13b02-1c16-451d-857d-acad45fd0494' before making global git config changes
end-workflow	Checkout code	2025-10-10T11:16:39.2115848Z Adding repository directory to the temporary git global config as a safe directory
end-workflow	Checkout code	2025-10-10T11:16:39.2121247Z [command]/usr/bin/git config --global --add safe.directory /home/runner/_work/ka0s/ka0s
end-workflow	Checkout code	2025-10-10T11:16:39.2171537Z Deleting the contents of '/home/runner/_work/ka0s/ka0s'
end-workflow	Checkout code	2025-10-10T11:16:39.2179027Z ##[group]Initializing the repository
end-workflow	Checkout code	2025-10-10T11:16:39.2183150Z [command]/usr/bin/git init /home/runner/_work/ka0s/ka0s
end-workflow	Checkout code	2025-10-10T11:16:39.2243394Z hint: Using 'master' as the name for the initial branch. This default branch name
end-workflow	Checkout code	2025-10-10T11:16:39.2246520Z hint: is subject to change. To configure the initial branch name to use in all
end-workflow	Checkout code	2025-10-10T11:16:39.2250259Z hint: of your new repositories, which will suppress this warning, call:
end-workflow	Checkout code	2025-10-10T11:16:39.2251414Z hint:
end-workflow	Checkout code	2025-10-10T11:16:39.2252625Z hint: 	git config --global init.defaultBranch <name>
end-workflow	Checkout code	2025-10-10T11:16:39.2255074Z hint:
end-workflow	Checkout code	2025-10-10T11:16:39.2256772Z hint: Names commonly chosen instead of 'master' are 'main', 'trunk' and
end-workflow	Checkout code	2025-10-10T11:16:39.2260659Z hint: 'development'. The just-created branch can be renamed via this command:
end-workflow	Checkout code	2025-10-10T11:16:39.2263155Z hint:
end-workflow	Checkout code	2025-10-10T11:16:39.2264332Z hint: 	git branch -m <name>
end-workflow	Checkout code	2025-10-10T11:16:39.2265563Z hint:
end-workflow	Checkout code	2025-10-10T11:16:39.2268597Z hint: Disable this message with "git config set advice.defaultBranchName false"
end-workflow	Checkout code	2025-10-10T11:16:39.2271142Z Initialized empty Git repository in /home/runner/_work/ka0s/ka0s/.git/
end-workflow	Checkout code	2025-10-10T11:16:39.2274191Z [command]/usr/bin/git remote add origin https://github.com/Ka0s-Klaus/ka0s
end-workflow	Checkout code	2025-10-10T11:16:39.2317243Z ##[endgroup]
end-workflow	Checkout code	2025-10-10T11:16:39.2318552Z ##[group]Disabling automatic garbage collection
end-workflow	Checkout code	2025-10-10T11:16:39.2321681Z [command]/usr/bin/git config --local gc.auto 0
end-workflow	Checkout code	2025-10-10T11:16:39.2364742Z ##[endgroup]
end-workflow	Checkout code	2025-10-10T11:16:39.2366135Z ##[group]Setting up auth
end-workflow	Checkout code	2025-10-10T11:16:39.2375133Z [command]/usr/bin/git config --local --name-only --get-regexp core\.sshCommand
end-workflow	Checkout code	2025-10-10T11:16:39.2421029Z [command]/usr/bin/git submodule foreach --recursive sh -c "git config --local --name-only --get-regexp 'core\.sshCommand' && git config --local --unset-all 'core.sshCommand' || :"
end-workflow	Checkout code	2025-10-10T11:16:39.2754772Z [command]/usr/bin/git config --local --name-only --get-regexp http\.https\:\/\/github\.com\/\.extraheader
end-workflow	Checkout code	2025-10-10T11:16:39.2800552Z [command]/usr/bin/git submodule foreach --recursive sh -c "git config --local --name-only --get-regexp 'http\.https\:\/\/github\.com\/\.extraheader' && git config --local --unset-all 'http.https://github.com/.extraheader' || :"
end-workflow	Checkout code	2025-10-10T11:16:39.3143904Z [command]/usr/bin/git config --local http.https://github.com/.extraheader AUTHORIZATION: basic ***
end-workflow	Checkout code	2025-10-10T11:16:39.3195476Z ##[endgroup]
end-workflow	Checkout code	2025-10-10T11:16:39.3196759Z ##[group]Fetching the repository
end-workflow	Checkout code	2025-10-10T11:16:39.3213161Z [command]/usr/bin/git -c protocol.version=2 fetch --prune --no-recurse-submodules origin +refs/heads/*:refs/remotes/origin/* +refs/tags/*:refs/tags/*
end-workflow	Checkout code	2025-10-10T11:16:54.2155703Z From https://github.com/Ka0s-Klaus/ka0s
end-workflow	Checkout code	2025-10-10T11:16:54.2158192Z  * [new branch]          F1149-desarrollo-de-orchestrator -> origin/F1149-desarrollo-de-orchestrator
end-workflow	Checkout code	2025-10-10T11:16:54.2169492Z  * [new branch]          F1183-personalizaci√≥n-m√≥dulo-finops -> origin/F1183-personalizaci√≥n-m√≥dulo-finops
end-workflow	Checkout code	2025-10-10T11:16:54.2173641Z  * [new branch]          F1224-new-module-mongodb -> origin/F1224-new-module-mongodb
end-workflow	Checkout code	2025-10-10T11:16:54.2174453Z  * [new branch]          F220-web-de-resultados  -> origin/F220-web-de-resultados
end-workflow	Checkout code	2025-10-10T11:16:54.2175982Z  * [new branch]          F227-despliegue-de-kube-independiente-del-clouder -> origin/F227-despliegue-de-kube-independiente-del-clouder
end-workflow	Checkout code	2025-10-10T11:16:54.2178377Z  * [new branch]          F329-documentacion-metodologia-de-kaos -> origin/F329-documentacion-metodologia-de-kaos
end-workflow	Checkout code	2025-10-10T11:16:54.2180723Z  * [new branch]          F44-creaci√≥n-m√≥dulo-versionado -> origin/F44-creaci√≥n-m√≥dulo-versionado
end-workflow	Checkout code	2025-10-10T11:16:54.2182842Z  * [new branch]          H1128-m√≥dulo-de-observabilidad -> origin/H1128-m√≥dulo-de-observabilidad
end-workflow	Checkout code	2025-10-10T11:16:54.2185071Z  * [new branch]          H1139-como-instalar-arc-control -> origin/H1139-como-instalar-arc-control
end-workflow	Checkout code	2025-10-10T11:16:54.2187387Z  * [new branch]          H1149-desarrollo-de-orchestrator -> origin/H1149-desarrollo-de-orchestrator
end-workflow	Checkout code	2025-10-10T11:16:54.2189886Z  * [new branch]          H1150-desarrollo-de-secciones -> origin/H1150-desarrollo-de-secciones
end-workflow	Checkout code	2025-10-10T11:16:54.2192252Z  * [new branch]          H1151-desarrollo-de-secciones-ii -> origin/H1151-desarrollo-de-secciones-ii
end-workflow	Checkout code	2025-10-10T11:16:54.2194367Z  * [new branch]          H1152-desarrollo-inicio -> origin/H1152-desarrollo-inicio
end-workflow	Checkout code	2025-10-10T11:16:54.2195541Z  * [new branch]          H1183-personalizaci√≥n-m√≥dulo-finops -> origin/H1183-personalizaci√≥n-m√≥dulo-finops
end-workflow	Checkout code	2025-10-10T11:16:54.2197397Z  * [new branch]          H1193-ejemplo-web-documentacion -> origin/H1193-ejemplo-web-documentacion
end-workflow	Checkout code	2025-10-10T11:16:54.2198927Z  * [new branch]          H1205-web-creation      -> origin/H1205-web-creation
end-workflow	Checkout code	2025-10-10T11:16:54.2200429Z  * [new branch]          H1224-new-module-mongodb -> origin/H1224-new-module-mongodb
end-workflow	Checkout code	2025-10-10T11:16:54.2201909Z  * [new branch]          H1410-modulo-execution  -> origin/H1410-modulo-execution
end-workflow	Checkout code	2025-10-10T11:16:54.2205075Z  * [new branch]          H1514-new-swarm-deployment-stack-with-actions-runners-autoscale -> origin/H1514-new-swarm-deployment-stack-with-actions-runners-autoscale
end-workflow	Checkout code	2025-10-10T11:16:54.2210482Z  * [new branch]          H1968-modulo-personalizaci√≥n-del-portal-de-kaos-core -> origin/H1968-modulo-personalizaci√≥n-del-portal-de-kaos-core
end-workflow	Checkout code	2025-10-10T11:16:54.2213230Z  * [new branch]          H215-modulo-de-summary  -> origin/H215-modulo-de-summary
end-workflow	Checkout code	2025-10-10T11:16:54.2214626Z  * [new branch]          H220-web-de-resultados  -> origin/H220-web-de-resultados
end-workflow	Checkout code	2025-10-10T11:16:54.2216674Z  * [new branch]          H227-despliegue-de-kube-independiente-del-clouder -> origin/H227-despliegue-de-kube-independiente-del-clouder
end-workflow	Checkout code	2025-10-10T11:16:54.2219687Z  * [new branch]          H306-ficheros-de-estadisticas -> origin/H306-ficheros-de-estadisticas
end-workflow	Checkout code	2025-10-10T11:16:54.2222205Z  * [new branch]          H328-documentacion-modulo-principal-de-kaos -> origin/H328-documentacion-modulo-principal-de-kaos
end-workflow	Checkout code	2025-10-10T11:16:54.2224986Z  * [new branch]          H329-documentacion-metodologia-de-kaos -> origin/H329-documentacion-metodologia-de-kaos
end-workflow	Checkout code	2025-10-10T11:16:54.2228218Z  * [new branch]          H338-relanzador-de-jobs-en-caso-de-pattern -> origin/H338-relanzador-de-jobs-en-caso-de-pattern
end-workflow	Checkout code	2025-10-10T11:16:54.2231068Z  * [new branch]          H38-documentacion-basica-del-proyecto -> origin/H38-documentacion-basica-del-proyecto
end-workflow	Checkout code	2025-10-10T11:16:54.2233976Z  * [new branch]          H44-creaci√≥n-m√≥dulo-versionado -> origin/H44-creaci√≥n-m√≥dulo-versionado
end-workflow	Checkout code	2025-10-10T11:16:54.2236148Z  * [new branch]          RN1149-desarrollo-de-orchestrator -> origin/RN1149-desarrollo-de-orchestrator
end-workflow	Checkout code	2025-10-10T11:16:54.2237553Z  * [new branch]          RN1183-personalizaci√≥n-m√≥dulo-finops -> origin/RN1183-personalizaci√≥n-m√≥dulo-finops
end-workflow	Checkout code	2025-10-10T11:16:54.2240287Z  * [new branch]          RN1282-ka0s-error-detected-in-ka0s-workflow-statistics-summary -> origin/RN1282-ka0s-error-detected-in-ka0s-workflow-statistics-summary
end-workflow	Checkout code	2025-10-10T11:16:54.2243389Z  * [new branch]          RN220-web-de-resultados -> origin/RN220-web-de-resultados
end-workflow	Checkout code	2025-10-10T11:16:54.2246088Z  * [new branch]          RN227-despliegue-de-kube-independiente-del-clouder -> origin/RN227-despliegue-de-kube-independiente-del-clouder
end-workflow	Checkout code	2025-10-10T11:16:54.2249279Z  * [new branch]          RN329-documentacion-metodologia-de-kaos -> origin/RN329-documentacion-metodologia-de-kaos
end-workflow	Checkout code	2025-10-10T11:16:54.2251501Z  * [new branch]          main                    -> origin/main
end-workflow	Checkout code	2025-10-10T11:16:54.2252765Z  * [new tag]             0.0.0                   -> 0.0.0
end-workflow	Checkout code	2025-10-10T11:16:54.2253828Z  * [new tag]             0.0.1                   -> 0.0.1
end-workflow	Checkout code	2025-10-10T11:16:54.2254354Z  * [new tag]             0.0.10                  -> 0.0.10
end-workflow	Checkout code	2025-10-10T11:16:54.2254874Z  * [new tag]             0.0.100                 -> 0.0.100
end-workflow	Checkout code	2025-10-10T11:16:54.2255385Z  * [new tag]             0.0.101                 -> 0.0.101
end-workflow	Checkout code	2025-10-10T11:16:54.2255953Z  * [new tag]             0.0.102                 -> 0.0.102
end-workflow	Checkout code	2025-10-10T11:16:54.2256869Z  * [new tag]             0.0.103                 -> 0.0.103
end-workflow	Checkout code	2025-10-10T11:16:54.2258404Z  * [new tag]             0.0.104                 -> 0.0.104
end-workflow	Checkout code	2025-10-10T11:16:54.2259771Z  * [new tag]             0.0.105                 -> 0.0.105
end-workflow	Checkout code	2025-10-10T11:16:54.2260945Z  * [new tag]             0.0.106                 -> 0.0.106
end-workflow	Checkout code	2025-10-10T11:16:54.2261704Z  * [new tag]             0.0.107                 -> 0.0.107
end-workflow	Checkout code	2025-10-10T11:16:54.2262218Z  * [new tag]             0.0.108                 -> 0.0.108
end-workflow	Checkout code	2025-10-10T11:16:54.2280496Z  * [new tag]             0.0.109                 -> 0.0.109
end-workflow	Checkout code	2025-10-10T11:16:54.2281484Z  * [new tag]             0.0.11                  -> 0.0.11
end-workflow	Checkout code	2025-10-10T11:16:54.2282317Z  * [new tag]             0.0.110                 -> 0.0.110
end-workflow	Checkout code	2025-10-10T11:16:54.2283159Z  * [new tag]             0.0.111                 -> 0.0.111
end-workflow	Checkout code	2025-10-10T11:16:54.2284040Z  * [new tag]             0.0.112                 -> 0.0.112
end-workflow	Checkout code	2025-10-10T11:16:54.2284929Z  * [new tag]             0.0.113                 -> 0.0.113
end-workflow	Checkout code	2025-10-10T11:16:54.2285941Z  * [new tag]             0.0.114                 -> 0.0.114
end-workflow	Checkout code	2025-10-10T11:16:54.2286940Z  * [new tag]             0.0.115                 -> 0.0.115
end-workflow	Checkout code	2025-10-10T11:16:54.2288300Z  * [new tag]             0.0.116                 -> 0.0.116
end-workflow	Checkout code	2025-10-10T11:16:54.2289236Z  * [new tag]             0.0.117                 -> 0.0.117
end-workflow	Checkout code	2025-10-10T11:16:54.2290259Z  * [new tag]             0.0.118                 -> 0.0.118
end-workflow	Checkout code	2025-10-10T11:16:54.2291192Z  * [new tag]             0.0.119                 -> 0.0.119
end-workflow	Checkout code	2025-10-10T11:16:54.2292120Z  * [new tag]             0.0.12                  -> 0.0.12
end-workflow	Checkout code	2025-10-10T11:16:54.2293046Z  * [new tag]             0.0.120                 -> 0.0.120
end-workflow	Checkout code	2025-10-10T11:16:54.2293959Z  * [new tag]             0.0.121                 -> 0.0.121
end-workflow	Checkout code	2025-10-10T11:16:54.2294891Z  * [new tag]             0.0.122                 -> 0.0.122
end-workflow	Checkout code	2025-10-10T11:16:54.2295911Z  * [new tag]             0.0.123                 -> 0.0.123
end-workflow	Checkout code	2025-10-10T11:16:54.2297074Z  * [new tag]             0.0.124                 -> 0.0.124
end-workflow	Checkout code	2025-10-10T11:16:54.2298439Z  * [new tag]             0.0.125                 -> 0.0.125
end-workflow	Checkout code	2025-10-10T11:16:54.2299728Z  * [new tag]             0.0.126                 -> 0.0.126
end-workflow	Checkout code	2025-10-10T11:16:54.2301306Z  * [new tag]             0.0.127                 -> 0.0.127
end-workflow	Checkout code	2025-10-10T11:16:54.2302148Z  * [new tag]             0.0.128                 -> 0.0.128
end-workflow	Checkout code	2025-10-10T11:16:54.2302680Z  * [new tag]             0.0.129                 -> 0.0.129
end-workflow	Checkout code	2025-10-10T11:16:54.2303210Z  * [new tag]             0.0.13                  -> 0.0.13
end-workflow	Checkout code	2025-10-10T11:16:54.2303741Z  * [new tag]             0.0.130                 -> 0.0.130
end-workflow	Checkout code	2025-10-10T11:16:54.2304272Z  * [new tag]             0.0.131                 -> 0.0.131
end-workflow	Checkout code	2025-10-10T11:16:54.2304794Z  * [new tag]             0.0.132                 -> 0.0.132
end-workflow	Checkout code	2025-10-10T11:16:54.2305322Z  * [new tag]             0.0.133                 -> 0.0.133
end-workflow	Checkout code	2025-10-10T11:16:54.2305847Z  * [new tag]             0.0.134                 -> 0.0.134
end-workflow	Checkout code	2025-10-10T11:16:54.2306400Z  * [new tag]             0.0.135                 -> 0.0.135
end-workflow	Checkout code	2025-10-10T11:16:54.2306923Z  * [new tag]             0.0.136                 -> 0.0.136
end-workflow	Checkout code	2025-10-10T11:16:54.2308374Z  * [new tag]             0.0.137                 -> 0.0.137
end-workflow	Checkout code	2025-10-10T11:16:54.2310024Z  * [new tag]             0.0.138                 -> 0.0.138
end-workflow	Checkout code	2025-10-10T11:16:54.2311571Z  * [new tag]             0.0.139                 -> 0.0.139
end-workflow	Checkout code	2025-10-10T11:16:54.2312795Z  * [new tag]             0.0.14                  -> 0.0.14
end-workflow	Checkout code	2025-10-10T11:16:54.2313479Z  * [new tag]             0.0.140                 -> 0.0.140
end-workflow	Checkout code	2025-10-10T11:16:54.2314022Z  * [new tag]             0.0.141                 -> 0.0.141
end-workflow	Checkout code	2025-10-10T11:16:54.2314555Z  * [new tag]             0.0.142                 -> 0.0.142
end-workflow	Checkout code	2025-10-10T11:16:54.2315085Z  * [new tag]             0.0.143                 -> 0.0.143
end-workflow	Checkout code	2025-10-10T11:16:54.2315612Z  * [new tag]             0.0.144                 -> 0.0.144
end-workflow	Checkout code	2025-10-10T11:16:54.2316147Z  * [new tag]             0.0.145                 -> 0.0.145
end-workflow	Checkout code	2025-10-10T11:16:54.2316699Z  * [new tag]             0.0.146                 -> 0.0.146
end-workflow	Checkout code	2025-10-10T11:16:54.2317243Z  * [new tag]             0.0.147                 -> 0.0.147
end-workflow	Checkout code	2025-10-10T11:16:54.2317770Z  * [new tag]             0.0.148                 -> 0.0.148
end-workflow	Checkout code	2025-10-10T11:16:54.2318291Z  * [new tag]             0.0.149                 -> 0.0.149
end-workflow	Checkout code	2025-10-10T11:16:54.2318818Z  * [new tag]             0.0.15                  -> 0.0.15
end-workflow	Checkout code	2025-10-10T11:16:54.2319338Z  * [new tag]             0.0.150                 -> 0.0.150
end-workflow	Checkout code	2025-10-10T11:16:54.2320726Z  * [new tag]             0.0.151                 -> 0.0.151
end-workflow	Checkout code	2025-10-10T11:16:54.2322262Z  * [new tag]             0.0.152                 -> 0.0.152
end-workflow	Checkout code	2025-10-10T11:16:54.2323414Z  * [new tag]             0.0.153                 -> 0.0.153
end-workflow	Checkout code	2025-10-10T11:16:54.2324594Z  * [new tag]             0.0.154                 -> 0.0.154
end-workflow	Checkout code	2025-10-10T11:16:54.2325838Z  * [new tag]             0.0.155                 -> 0.0.155
end-workflow	Checkout code	2025-10-10T11:16:54.2327029Z  * [new tag]             0.0.156                 -> 0.0.156
end-workflow	Checkout code	2025-10-10T11:16:54.2328098Z  * [new tag]             0.0.157                 -> 0.0.157
end-workflow	Checkout code	2025-10-10T11:16:54.2329821Z  * [new tag]             0.0.158                 -> 0.0.158
end-workflow	Checkout code	2025-10-10T11:16:54.2330376Z  * [new tag]             0.0.159                 -> 0.0.159
end-workflow	Checkout code	2025-10-10T11:16:54.2330906Z  * [new tag]             0.0.16                  -> 0.0.16
end-workflow	Checkout code	2025-10-10T11:16:54.2331424Z  * [new tag]             0.0.160                 -> 0.0.160
end-workflow	Checkout code	2025-10-10T11:16:54.2331945Z  * [new tag]             0.0.161                 -> 0.0.161
end-workflow	Checkout code	2025-10-10T11:16:54.2332467Z  * [new tag]             0.0.162                 -> 0.0.162
end-workflow	Checkout code	2025-10-10T11:16:54.2332988Z  * [new tag]             0.0.163                 -> 0.0.163
end-workflow	Checkout code	2025-10-10T11:16:54.2333507Z  * [new tag]             0.0.164                 -> 0.0.164
end-workflow	Checkout code	2025-10-10T11:16:54.2334035Z  * [new tag]             0.0.165                 -> 0.0.165
end-workflow	Checkout code	2025-10-10T11:16:54.2334560Z  * [new tag]             0.0.166                 -> 0.0.166
end-workflow	Checkout code	2025-10-10T11:16:54.2335274Z  * [new tag]             0.0.167                 -> 0.0.167
end-workflow	Checkout code	2025-10-10T11:16:54.2335859Z  * [new tag]             0.0.168                 -> 0.0.168
end-workflow	Checkout code	2025-10-10T11:16:54.2336378Z  * [new tag]             0.0.169                 -> 0.0.169
end-workflow	Checkout code	2025-10-10T11:16:54.2336898Z  * [new tag]             0.0.17                  -> 0.0.17
end-workflow	Checkout code	2025-10-10T11:16:54.2337421Z  * [new tag]             0.0.170                 -> 0.0.170
end-workflow	Checkout code	2025-10-10T11:16:54.2337945Z  * [new tag]             0.0.171                 -> 0.0.171
end-workflow	Checkout code	2025-10-10T11:16:54.2338461Z  * [new tag]             0.0.172                 -> 0.0.172
end-workflow	Checkout code	2025-10-10T11:16:54.2338984Z  * [new tag]             0.0.173                 -> 0.0.173
end-workflow	Checkout code	2025-10-10T11:16:54.2339503Z  * [new tag]             0.0.174                 -> 0.0.174
end-workflow	Checkout code	2025-10-10T11:16:54.2340227Z  * [new tag]             0.0.175                 -> 0.0.175
end-workflow	Checkout code	2025-10-10T11:16:54.2340755Z  * [new tag]             0.0.176                 -> 0.0.176
end-workflow	Checkout code	2025-10-10T11:16:54.2341281Z  * [new tag]             0.0.177                 -> 0.0.177
end-workflow	Checkout code	2025-10-10T11:16:54.2341792Z  * [new tag]             0.0.178                 -> 0.0.178
end-workflow	Checkout code	2025-10-10T11:16:54.2342320Z  * [new tag]             0.0.179                 -> 0.0.179
end-workflow	Checkout code	2025-10-10T11:16:54.2342830Z  * [new tag]             0.0.18                  -> 0.0.18
end-workflow	Checkout code	2025-10-10T11:16:54.2343336Z  * [new tag]             0.0.19                  -> 0.0.19
end-workflow	Checkout code	2025-10-10T11:16:54.2343849Z  * [new tag]             0.0.2                   -> 0.0.2
end-workflow	Checkout code	2025-10-10T11:16:54.2344359Z  * [new tag]             0.0.20                  -> 0.0.20
end-workflow	Checkout code	2025-10-10T11:16:54.2344869Z  * [new tag]             0.0.21                  -> 0.0.21
end-workflow	Checkout code	2025-10-10T11:16:54.2345377Z  * [new tag]             0.0.22                  -> 0.0.22
end-workflow	Checkout code	2025-10-10T11:16:54.2345891Z  * [new tag]             0.0.23                  -> 0.0.23
end-workflow	Checkout code	2025-10-10T11:16:54.2346410Z  * [new tag]             0.0.24                  -> 0.0.24
end-workflow	Checkout code	2025-10-10T11:16:54.2346917Z  * [new tag]             0.0.25                  -> 0.0.25
end-workflow	Checkout code	2025-10-10T11:16:54.2347440Z  * [new tag]             0.0.26                  -> 0.0.26
end-workflow	Checkout code	2025-10-10T11:16:54.2347970Z  * [new tag]             0.0.27                  -> 0.0.27
end-workflow	Checkout code	2025-10-10T11:16:54.2348479Z  * [new tag]             0.0.28                  -> 0.0.28
end-workflow	Checkout code	2025-10-10T11:16:54.2348985Z  * [new tag]             0.0.29                  -> 0.0.29
end-workflow	Checkout code	2025-10-10T11:16:54.2356200Z  * [new tag]             0.0.3                   -> 0.0.3
end-workflow	Checkout code	2025-10-10T11:16:54.2356960Z  * [new tag]             0.0.30                  -> 0.0.30
end-workflow	Checkout code	2025-10-10T11:16:54.2357493Z  * [new tag]             0.0.31                  -> 0.0.31
end-workflow	Checkout code	2025-10-10T11:16:54.2358004Z  * [new tag]             0.0.32                  -> 0.0.32
end-workflow	Checkout code	2025-10-10T11:16:54.2358518Z  * [new tag]             0.0.33                  -> 0.0.33
end-workflow	Checkout code	2025-10-10T11:16:54.2359026Z  * [new tag]             0.0.34                  -> 0.0.34
end-workflow	Checkout code	2025-10-10T11:16:54.2359621Z  * [new tag]             0.0.35                  -> 0.0.35
end-workflow	Checkout code	2025-10-10T11:16:54.2360186Z  * [new tag]             0.0.36                  -> 0.0.36
end-workflow	Checkout code	2025-10-10T11:16:54.2360695Z  * [new tag]             0.0.37                  -> 0.0.37
end-workflow	Checkout code	2025-10-10T11:16:54.2361463Z  * [new tag]             0.0.38                  -> 0.0.38
end-workflow	Checkout code	2025-10-10T11:16:54.2361967Z  * [new tag]             0.0.39                  -> 0.0.39
end-workflow	Checkout code	2025-10-10T11:16:54.2362481Z  * [new tag]             0.0.4                   -> 0.0.4
end-workflow	Checkout code	2025-10-10T11:16:54.2362990Z  * [new tag]             0.0.40                  -> 0.0.40
end-workflow	Checkout code	2025-10-10T11:16:54.2363501Z  * [new tag]             0.0.41                  -> 0.0.41
end-workflow	Checkout code	2025-10-10T11:16:54.2364004Z  * [new tag]             0.0.42                  -> 0.0.42
end-workflow	Checkout code	2025-10-10T11:16:54.2364511Z  * [new tag]             0.0.43                  -> 0.0.43
end-workflow	Checkout code	2025-10-10T11:16:54.2365015Z  * [new tag]             0.0.44                  -> 0.0.44
end-workflow	Checkout code	2025-10-10T11:16:54.2365524Z  * [new tag]             0.0.45                  -> 0.0.45
end-workflow	Checkout code	2025-10-10T11:16:54.2366038Z  * [new tag]             0.0.46                  -> 0.0.46
end-workflow	Checkout code	2025-10-10T11:16:54.2366713Z  * [new tag]             0.0.47                  -> 0.0.47
end-workflow	Checkout code	2025-10-10T11:16:54.2367261Z  * [new tag]             0.0.48                  -> 0.0.48
end-workflow	Checkout code	2025-10-10T11:16:54.2367788Z  * [new tag]             0.0.49                  -> 0.0.49
end-workflow	Checkout code	2025-10-10T11:16:54.2368298Z  * [new tag]             0.0.5                   -> 0.0.5
end-workflow	Checkout code	2025-10-10T11:16:54.2368803Z  * [new tag]             0.0.50                  -> 0.0.50
end-workflow	Checkout code	2025-10-10T11:16:54.2369316Z  * [new tag]             0.0.51                  -> 0.0.51
end-workflow	Checkout code	2025-10-10T11:16:54.2369990Z  * [new tag]             0.0.52                  -> 0.0.52
end-workflow	Checkout code	2025-10-10T11:16:54.2370507Z  * [new tag]             0.0.53                  -> 0.0.53
end-workflow	Checkout code	2025-10-10T11:16:54.2371020Z  * [new tag]             0.0.54                  -> 0.0.54
end-workflow	Checkout code	2025-10-10T11:16:54.2371520Z  * [new tag]             0.0.55                  -> 0.0.55
end-workflow	Checkout code	2025-10-10T11:16:54.2372030Z  * [new tag]             0.0.56                  -> 0.0.56
end-workflow	Checkout code	2025-10-10T11:16:54.2372542Z  * [new tag]             0.0.57                  -> 0.0.57
end-workflow	Checkout code	2025-10-10T11:16:54.2373070Z  * [new tag]             0.0.58                  -> 0.0.58
end-workflow	Checkout code	2025-10-10T11:16:54.2373586Z  * [new tag]             0.0.59                  -> 0.0.59
end-workflow	Checkout code	2025-10-10T11:16:54.2374096Z  * [new tag]             0.0.6                   -> 0.0.6
end-workflow	Checkout code	2025-10-10T11:16:54.2374608Z  * [new tag]             0.0.60                  -> 0.0.60
end-workflow	Checkout code	2025-10-10T11:16:54.2375123Z  * [new tag]             0.0.61                  -> 0.0.61
end-workflow	Checkout code	2025-10-10T11:16:54.2375629Z  * [new tag]             0.0.62                  -> 0.0.62
end-workflow	Checkout code	2025-10-10T11:16:54.2376138Z  * [new tag]             0.0.63                  -> 0.0.63
end-workflow	Checkout code	2025-10-10T11:16:54.2376650Z  * [new tag]             0.0.64                  -> 0.0.64
end-workflow	Checkout code	2025-10-10T11:16:54.2377156Z  * [new tag]             0.0.65                  -> 0.0.65
end-workflow	Checkout code	2025-10-10T11:16:54.2377669Z  * [new tag]             0.0.66                  -> 0.0.66
end-workflow	Checkout code	2025-10-10T11:16:54.2378174Z  * [new tag]             0.0.67                  -> 0.0.67
end-workflow	Checkout code	2025-10-10T11:16:54.2378694Z  * [new tag]             0.0.68                  -> 0.0.68
end-workflow	Checkout code	2025-10-10T11:16:54.2379208Z  * [new tag]             0.0.69                  -> 0.0.69
end-workflow	Checkout code	2025-10-10T11:16:54.2379853Z  * [new tag]             0.0.7                   -> 0.0.7
end-workflow	Checkout code	2025-10-10T11:16:54.2380372Z  * [new tag]             0.0.70                  -> 0.0.70
end-workflow	Checkout code	2025-10-10T11:16:54.2380884Z  * [new tag]             0.0.71                  -> 0.0.71
end-workflow	Checkout code	2025-10-10T11:16:54.2381401Z  * [new tag]             0.0.72                  -> 0.0.72
end-workflow	Checkout code	2025-10-10T11:16:54.2381909Z  * [new tag]             0.0.73                  -> 0.0.73
end-workflow	Checkout code	2025-10-10T11:16:54.2382419Z  * [new tag]             0.0.74                  -> 0.0.74
end-workflow	Checkout code	2025-10-10T11:16:54.2382942Z  * [new tag]             0.0.75                  -> 0.0.75
end-workflow	Checkout code	2025-10-10T11:16:54.2383453Z  * [new tag]             0.0.76                  -> 0.0.76
end-workflow	Checkout code	2025-10-10T11:16:54.2383969Z  * [new tag]             0.0.77                  -> 0.0.77
end-workflow	Checkout code	2025-10-10T11:16:54.2384512Z  * [new tag]             0.0.78                  -> 0.0.78
end-workflow	Checkout code	2025-10-10T11:16:54.2385036Z  * [new tag]             0.0.79                  -> 0.0.79
end-workflow	Checkout code	2025-10-10T11:16:54.2385550Z  * [new tag]             0.0.8                   -> 0.0.8
end-workflow	Checkout code	2025-10-10T11:16:54.2386262Z  * [new tag]             0.0.80                  -> 0.0.80
end-workflow	Checkout code	2025-10-10T11:16:54.2386781Z  * [new tag]             0.0.81                  -> 0.0.81
end-workflow	Checkout code	2025-10-10T11:16:54.2387289Z  * [new tag]             0.0.82                  -> 0.0.82
end-workflow	Checkout code	2025-10-10T11:16:54.2387806Z  * [new tag]             0.0.83                  -> 0.0.83
end-workflow	Checkout code	2025-10-10T11:16:54.2388321Z  * [new tag]             0.0.84                  -> 0.0.84
end-workflow	Checkout code	2025-10-10T11:16:54.2388832Z  * [new tag]             0.0.85                  -> 0.0.85
end-workflow	Checkout code	2025-10-10T11:16:54.2389343Z  * [new tag]             0.0.86                  -> 0.0.86
end-workflow	Checkout code	2025-10-10T11:16:54.2389940Z  * [new tag]             0.0.87                  -> 0.0.87
end-workflow	Checkout code	2025-10-10T11:16:54.2390456Z  * [new tag]             0.0.88                  -> 0.0.88
end-workflow	Checkout code	2025-10-10T11:16:54.2390962Z  * [new tag]             0.0.89                  -> 0.0.89
end-workflow	Checkout code	2025-10-10T11:16:54.2391648Z  * [new tag]             0.0.9                   -> 0.0.9
end-workflow	Checkout code	2025-10-10T11:16:54.2392177Z  * [new tag]             0.0.90                  -> 0.0.90
end-workflow	Checkout code	2025-10-10T11:16:54.2392687Z  * [new tag]             0.0.91                  -> 0.0.91
end-workflow	Checkout code	2025-10-10T11:16:54.2401166Z  * [new tag]             0.0.92                  -> 0.0.92
end-workflow	Checkout code	2025-10-10T11:16:54.2401769Z  * [new tag]             0.0.93                  -> 0.0.93
end-workflow	Checkout code	2025-10-10T11:16:54.2402299Z  * [new tag]             0.0.94                  -> 0.0.94
end-workflow	Checkout code	2025-10-10T11:16:54.2402813Z  * [new tag]             0.0.95                  -> 0.0.95
end-workflow	Checkout code	2025-10-10T11:16:54.2403317Z  * [new tag]             0.0.96                  -> 0.0.96
end-workflow	Checkout code	2025-10-10T11:16:54.2403827Z  * [new tag]             0.0.97                  -> 0.0.97
end-workflow	Checkout code	2025-10-10T11:16:54.2404336Z  * [new tag]             0.0.98                  -> 0.0.98
end-workflow	Checkout code	2025-10-10T11:16:54.2404844Z  * [new tag]             0.0.99                  -> 0.0.99
end-workflow	Checkout code	2025-10-10T11:16:54.2405393Z  * [new tag]             0.1.0                   -> 0.1.0
end-workflow	Checkout code	2025-10-10T11:16:54.2405908Z  * [new tag]             0.1.1                   -> 0.1.1
end-workflow	Checkout code	2025-10-10T11:16:54.2406431Z  * [new tag]             0.2.0                   -> 0.2.0
end-workflow	Checkout code	2025-10-10T11:16:54.2406937Z  * [new tag]             0.3.0                   -> 0.3.0
end-workflow	Checkout code	2025-10-10T11:16:54.2407447Z  * [new tag]             0.3.1                   -> 0.3.1
end-workflow	Checkout code	2025-10-10T11:16:54.2408047Z  * [new tag]             0.3.10                  -> 0.3.10
end-workflow	Checkout code	2025-10-10T11:16:54.2408564Z  * [new tag]             0.3.11                  -> 0.3.11
end-workflow	Checkout code	2025-10-10T11:16:54.2409071Z  * [new tag]             0.3.12                  -> 0.3.12
end-workflow	Checkout code	2025-10-10T11:16:54.2409759Z  * [new tag]             0.3.13                  -> 0.3.13
end-workflow	Checkout code	2025-10-10T11:16:54.2410297Z  * [new tag]             0.3.14                  -> 0.3.14
end-workflow	Checkout code	2025-10-10T11:16:54.2410817Z  * [new tag]             0.3.15                  -> 0.3.15
end-workflow	Checkout code	2025-10-10T11:16:54.2411331Z  * [new tag]             0.3.16                  -> 0.3.16
end-workflow	Checkout code	2025-10-10T11:16:54.2411858Z  * [new tag]             0.3.17                  -> 0.3.17
end-workflow	Checkout code	2025-10-10T11:16:54.2412373Z  * [new tag]             0.3.2                   -> 0.3.2
end-workflow	Checkout code	2025-10-10T11:16:54.2412893Z  * [new tag]             0.3.3                   -> 0.3.3
end-workflow	Checkout code	2025-10-10T11:16:54.2413403Z  * [new tag]             0.3.4                   -> 0.3.4
end-workflow	Checkout code	2025-10-10T11:16:54.2413912Z  * [new tag]             0.3.5                   -> 0.3.5
end-workflow	Checkout code	2025-10-10T11:16:54.2414423Z  * [new tag]             0.3.6                   -> 0.3.6
end-workflow	Checkout code	2025-10-10T11:16:54.2414934Z  * [new tag]             0.3.7                   -> 0.3.7
end-workflow	Checkout code	2025-10-10T11:16:54.2415444Z  * [new tag]             0.3.8                   -> 0.3.8
end-workflow	Checkout code	2025-10-10T11:16:54.2415951Z  * [new tag]             0.3.9                   -> 0.3.9
end-workflow	Checkout code	2025-10-10T11:16:54.2416460Z  * [new tag]             0.4.0                   -> 0.4.0
end-workflow	Checkout code	2025-10-10T11:16:54.2416969Z  * [new tag]             0.4.1                   -> 0.4.1
end-workflow	Checkout code	2025-10-10T11:16:54.2417473Z  * [new tag]             0.4.2                   -> 0.4.2
end-workflow	Checkout code	2025-10-10T11:16:54.2417991Z  * [new tag]             0.4.3                   -> 0.4.3
end-workflow	Checkout code	2025-10-10T11:16:54.2418798Z  * [new tag]             0.4.4                   -> 0.4.4
end-workflow	Checkout code	2025-10-10T11:16:54.2419309Z  * [new tag]             0.4.5                   -> 0.4.5
end-workflow	Checkout code	2025-10-10T11:16:54.2419971Z  * [new tag]             0.4.6                   -> 0.4.6
end-workflow	Checkout code	2025-10-10T11:16:54.2420487Z  * [new tag]             0.4.7                   -> 0.4.7
end-workflow	Checkout code	2025-10-10T11:16:54.2420995Z  * [new tag]             0.4.8                   -> 0.4.8
end-workflow	Checkout code	2025-10-10T11:16:54.2421504Z  * [new tag]             0.4.9                   -> 0.4.9
end-workflow	Checkout code	2025-10-10T11:16:54.2649828Z [command]/usr/bin/git branch --list --remote origin/H1968-modulo-personalizaci√≥n-del-portal-de-kaos-core
end-workflow	Checkout code	2025-10-10T11:16:54.2728023Z   origin/H1968-modulo-personalizaci√≥n-del-portal-de-kaos-core
end-workflow	Checkout code	2025-10-10T11:16:54.2741585Z [command]/usr/bin/git rev-parse refs/remotes/origin/H1968-modulo-personalizaci√≥n-del-portal-de-kaos-core
end-workflow	Checkout code	2025-10-10T11:16:54.2771173Z 6a3381a0398c879b366e83d3347cb3e1d396c092
end-workflow	Checkout code	2025-10-10T11:16:54.2780902Z ##[endgroup]
end-workflow	Checkout code	2025-10-10T11:16:54.2782126Z ##[group]Determining the checkout info
end-workflow	Checkout code	2025-10-10T11:16:54.2783521Z ##[endgroup]
end-workflow	Checkout code	2025-10-10T11:16:54.2790521Z [command]/usr/bin/git sparse-checkout disable
end-workflow	Checkout code	2025-10-10T11:16:54.2856384Z [command]/usr/bin/git config --local --unset-all extensions.worktreeConfig
end-workflow	Checkout code	2025-10-10T11:16:54.2900023Z ##[group]Checking out the ref
end-workflow	Checkout code	2025-10-10T11:16:54.2908597Z [command]/usr/bin/git checkout --progress --force -B H1968-modulo-personalizaci√≥n-del-portal-de-kaos-core refs/remotes/origin/H1968-modulo-personalizaci√≥n-del-portal-de-kaos-core
end-workflow	Checkout code	2025-10-10T11:16:55.2095998Z Switched to a new branch 'H1968-modulo-personalizaci√≥n-del-portal-de-kaos-core'
end-workflow	Checkout code	2025-10-10T11:16:55.2101945Z branch 'H1968-modulo-personalizaci√≥n-del-portal-de-kaos-core' set up to track 'origin/H1968-modulo-personalizaci√≥n-del-portal-de-kaos-core'.
end-workflow	Checkout code	2025-10-10T11:16:55.2245354Z ##[endgroup]
end-workflow	Checkout code	2025-10-10T11:16:55.2298398Z [command]/usr/bin/git log -1 --format=%H
end-workflow	Checkout code	2025-10-10T11:16:55.2333565Z 6a3381a0398c879b366e83d3347cb3e1d396c092
end-workflow	Finaliza el workflow	Ôªø2025-10-10T11:16:55.2671026Z ##[group]Run echo "End process"
end-workflow	Finaliza el workflow	2025-10-10T11:16:55.2672196Z [36;1mecho "End process"[0m
end-workflow	Finaliza el workflow	2025-10-10T11:16:55.2674038Z [36;1mRNNUMBER=$(echo "refs/heads/H1968-modulo-personalizaci√≥n-del-portal-de-kaos-core" | grep -o '[0-9]*')[0m
end-workflow	Finaliza el workflow	2025-10-10T11:16:55.2676242Z [36;1mgh issue comment $RNNUMBER --body "Se finaliza Ka0s 18404601230"[0m
end-workflow	Finaliza el workflow	2025-10-10T11:16:55.2678534Z [36;1mgh workflow run inspector.yml --ref 'main' -f kaos-issue-id=$RNNUMBER -f kaos-workflow-id="18404601230" -f kaos-user-start=""[0m
end-workflow	Finaliza el workflow	2025-10-10T11:16:55.2702552Z shell: /usr/bin/bash -e {0}
end-workflow	Finaliza el workflow	2025-10-10T11:16:55.2702925Z env:
end-workflow	Finaliza el workflow	2025-10-10T11:16:55.2703181Z   KAOS_CODE: 18404601230
end-workflow	Finaliza el workflow	2025-10-10T11:16:55.2703489Z   KAOS_EVENT_NAME: push
end-workflow	Finaliza el workflow	2025-10-10T11:16:55.2703774Z   KAOS_ACTION: 
end-workflow	Finaliza el workflow	2025-10-10T11:16:55.2704225Z   KAOS_REF: refs/heads/H1968-modulo-personalizaci√≥n-del-portal-de-kaos-core
end-workflow	Finaliza el workflow	2025-10-10T11:16:55.2704753Z   KAOS_MODULE: [Ka0S] Kaos
end-workflow	Finaliza el workflow	2025-10-10T11:16:55.2705072Z   KAOS_PATH_RESUME: audit/kaos/
end-workflow	Finaliza el workflow	2025-10-10T11:16:55.2705396Z   KAOS_ACTOR: santakloud
end-workflow	Finaliza el workflow	2025-10-10T11:16:55.2706544Z   GH_TOKEN: ***
end-workflow	Finaliza el workflow	2025-10-10T11:16:55.2706955Z ##[endgroup]
end-workflow	Finaliza el workflow	2025-10-10T11:16:55.2801275Z End process
end-workflow	Finaliza el workflow	2025-10-10T11:16:56.4521413Z https://github.com/Ka0s-Klaus/ka0s/issues/1968#issuecomment-3389452196
end-workflow	Post Checkout code	Ôªø2025-10-10T11:16:57.1706104Z Post job cleanup.
end-workflow	Post Checkout code	2025-10-10T11:16:57.3074395Z [command]/usr/bin/git version
end-workflow	Post Checkout code	2025-10-10T11:16:57.3124227Z git version 2.51.0
end-workflow	Post Checkout code	2025-10-10T11:16:57.3189238Z Temporarily overriding HOME='/home/runner/_work/_temp/0b70cbed-cc80-4316-b363-c0209421db09' before making global git config changes
end-workflow	Post Checkout code	2025-10-10T11:16:57.3191333Z Adding repository directory to the temporary git global config as a safe directory
end-workflow	Post Checkout code	2025-10-10T11:16:57.3199111Z [command]/usr/bin/git config --global --add safe.directory /home/runner/_work/ka0s/ka0s
end-workflow	Post Checkout code	2025-10-10T11:16:57.3250728Z [command]/usr/bin/git config --local --name-only --get-regexp core\.sshCommand
end-workflow	Post Checkout code	2025-10-10T11:16:57.3310914Z [command]/usr/bin/git submodule foreach --recursive sh -c "git config --local --name-only --get-regexp 'core\.sshCommand' && git config --local --unset-all 'core.sshCommand' || :"
end-workflow	Post Checkout code	2025-10-10T11:16:57.3692058Z [command]/usr/bin/git config --local --name-only --get-regexp http\.https\:\/\/github\.com\/\.extraheader
end-workflow	Post Checkout code	2025-10-10T11:16:57.3727897Z http.https://github.com/.extraheader
end-workflow	Post Checkout code	2025-10-10T11:16:57.3749020Z [command]/usr/bin/git config --local --unset-all http.https://github.com/.extraheader
end-workflow	Post Checkout code	2025-10-10T11:16:57.3801996Z [command]/usr/bin/git submodule foreach --recursive sh -c "git config --local --name-only --get-regexp 'http\.https\:\/\/github\.com\/\.extraheader' && git config --local --unset-all 'http.https://github.com/.extraheader' || :"
end-workflow	Complete job	Ôªø2025-10-10T11:16:57.4457517Z Cleaning up orphan processes
