job-core	Set up job	Ôªø2025-10-10T15:30:46.6193090Z Current runner version: '2.328.0'
job-core	Set up job	2025-10-10T15:30:46.6204541Z Runner name: 'f1e196e0b191'
job-core	Set up job	2025-10-10T15:30:46.6205550Z Runner group name: 'swarm-runners'
job-core	Set up job	2025-10-10T15:30:46.6206670Z Machine name: 'f1e196e0b191'
job-core	Set up job	2025-10-10T15:30:46.6212321Z ##[group]GITHUB_TOKEN Permissions
job-core	Set up job	2025-10-10T15:30:46.6215316Z Actions: write
job-core	Set up job	2025-10-10T15:30:46.6215974Z Contents: write
job-core	Set up job	2025-10-10T15:30:46.6216680Z Issues: write
job-core	Set up job	2025-10-10T15:30:46.6217350Z Metadata: read
job-core	Set up job	2025-10-10T15:30:46.6217904Z PullRequests: write
job-core	Set up job	2025-10-10T15:30:46.6218493Z ##[endgroup]
job-core	Set up job	2025-10-10T15:30:46.6220939Z Secret source: Actions
job-core	Set up job	2025-10-10T15:30:46.6221725Z Prepare workflow directory
job-core	Set up job	2025-10-10T15:30:46.6972646Z Prepare all required actions
job-core	Set up job	2025-10-10T15:30:46.7019768Z Getting action download info
job-core	Set up job	2025-10-10T15:30:47.2759435Z Download action repository 'actions/checkout@v4' (SHA:08eba0b27e820071cde6df949e0beb9ba4906955)
job-core	Set up job	2025-10-10T15:30:48.0264742Z Download action repository 'actions/setup-node@v2' (SHA:7c12f8017d5436eb855f1ed4399f037a36fbd9e8)
job-core	Set up job	2025-10-10T15:30:48.9189582Z Complete job name: job-core
job-core	Checkout code	Ôªø2025-10-10T15:30:48.9866427Z ##[group]Run actions/checkout@v4
job-core	Checkout code	2025-10-10T15:30:48.9867567Z with:
job-core	Checkout code	2025-10-10T15:30:48.9868181Z   fetch-depth: 0
job-core	Checkout code	2025-10-10T15:30:48.9869005Z   token: ***
job-core	Checkout code	2025-10-10T15:30:48.9869489Z   repository: Ka0s-Klaus/ka0s
job-core	Checkout code	2025-10-10T15:30:48.9870099Z   ssh-strict: true
job-core	Checkout code	2025-10-10T15:30:48.9870567Z   ssh-user: git
job-core	Checkout code	2025-10-10T15:30:48.9871141Z   persist-credentials: true
job-core	Checkout code	2025-10-10T15:30:48.9871773Z   clean: true
job-core	Checkout code	2025-10-10T15:30:48.9872354Z   sparse-checkout-cone-mode: true
job-core	Checkout code	2025-10-10T15:30:48.9873024Z   fetch-tags: false
job-core	Checkout code	2025-10-10T15:30:48.9873963Z   show-progress: true
job-core	Checkout code	2025-10-10T15:30:48.9874568Z   lfs: false
job-core	Checkout code	2025-10-10T15:30:48.9875109Z   submodules: false
job-core	Checkout code	2025-10-10T15:30:48.9875717Z   set-safe-directory: true
job-core	Checkout code	2025-10-10T15:30:48.9876502Z env:
job-core	Checkout code	2025-10-10T15:30:48.9877060Z   KAOS_MODULE: [Ka0S] JSONLINT
job-core	Checkout code	2025-10-10T15:30:48.9877788Z   GH_TOKEN: ***
job-core	Checkout code	2025-10-10T15:30:48.9878342Z   KAOS_JSONLINT_CONFIG: core/config/.jsonlint.json
job-core	Checkout code	2025-10-10T15:30:48.9879129Z   KAOS_PATH_RESUME: audit/jsonlint/
job-core	Checkout code	2025-10-10T15:30:48.9879808Z   KAOS_REPO: /actions-runner/_work/kaos/kaos
job-core	Checkout code	2025-10-10T15:30:48.9880440Z   KAOS_STEP_MODULE: 
job-core	Checkout code	2025-10-10T15:30:48.9880937Z   KAOS_CODE: 18411091311
job-core	Checkout code	2025-10-10T15:30:48.9881452Z   KAOS_REF_BRANCH: main
job-core	Checkout code	2025-10-10T15:30:48.9881948Z ##[endgroup]
job-core	Checkout code	2025-10-10T15:30:49.1371644Z Syncing repository: Ka0s-Klaus/ka0s
job-core	Checkout code	2025-10-10T15:30:49.1389929Z ##[group]Getting Git version info
job-core	Checkout code	2025-10-10T15:30:49.1391140Z Working directory is '/home/runner/_work/ka0s/ka0s'
job-core	Checkout code	2025-10-10T15:30:49.1392499Z [command]/usr/bin/git version
job-core	Checkout code	2025-10-10T15:30:49.1398319Z git version 2.51.0
job-core	Checkout code	2025-10-10T15:30:49.1400517Z ##[endgroup]
job-core	Checkout code	2025-10-10T15:30:49.1408726Z Copying '/home/runner/.gitconfig' to '/home/runner/_work/_temp/326df226-61a4-4919-98d6-6480d9a06d69/.gitconfig'
job-core	Checkout code	2025-10-10T15:30:49.1421490Z Temporarily overriding HOME='/home/runner/_work/_temp/326df226-61a4-4919-98d6-6480d9a06d69' before making global git config changes
job-core	Checkout code	2025-10-10T15:30:49.1427662Z Adding repository directory to the temporary git global config as a safe directory
job-core	Checkout code	2025-10-10T15:30:49.1442719Z [command]/usr/bin/git config --global --add safe.directory /home/runner/_work/ka0s/ka0s
job-core	Checkout code	2025-10-10T15:30:49.1491495Z [command]/usr/bin/git config --local --get remote.origin.url
job-core	Checkout code	2025-10-10T15:30:49.1542132Z https://github.com/Ka0s-Klaus/ka0s
job-core	Checkout code	2025-10-10T15:30:49.1567784Z ##[group]Removing previously created refs, to avoid conflicts
job-core	Checkout code	2025-10-10T15:30:49.1573483Z [command]/usr/bin/git rev-parse --symbolic-full-name --verify --quiet HEAD
job-core	Checkout code	2025-10-10T15:30:49.1602691Z refs/heads/H1968-modulo-personalizaci√≥n-del-portal-de-kaos-core
job-core	Checkout code	2025-10-10T15:30:49.1611249Z [command]/usr/bin/git checkout --detach
job-core	Checkout code	2025-10-10T15:30:49.1711306Z HEAD is now at ac8e4585e [Ka0S] Uploading resume execution files to the repository...
job-core	Checkout code	2025-10-10T15:30:49.1762017Z [command]/usr/bin/git branch --delete --force H1968-modulo-personalizaci√≥n-del-portal-de-kaos-core
job-core	Checkout code	2025-10-10T15:30:49.1800411Z Deleted branch H1968-modulo-personalizaci√≥n-del-portal-de-kaos-core (was ac8e4585e).
job-core	Checkout code	2025-10-10T15:30:49.1896739Z ##[endgroup]
job-core	Checkout code	2025-10-10T15:30:49.1897622Z [command]/usr/bin/git submodule status
job-core	Checkout code	2025-10-10T15:30:49.2195329Z ##[group]Cleaning the repository
job-core	Checkout code	2025-10-10T15:30:49.2200768Z [command]/usr/bin/git clean -ffdx
job-core	Checkout code	2025-10-10T15:30:49.2271552Z Removing audit/jsonlint/jsonlint-results-18411089762.txt
job-core	Checkout code	2025-10-10T15:30:49.2289529Z [command]/usr/bin/git reset --hard HEAD
job-core	Checkout code	2025-10-10T15:30:49.2385473Z HEAD is now at ac8e4585e [Ka0S] Uploading resume execution files to the repository...
job-core	Checkout code	2025-10-10T15:30:49.2395417Z ##[endgroup]
job-core	Checkout code	2025-10-10T15:30:49.2396469Z ##[group]Disabling automatic garbage collection
job-core	Checkout code	2025-10-10T15:30:49.2398501Z [command]/usr/bin/git config --local gc.auto 0
job-core	Checkout code	2025-10-10T15:30:49.2433439Z ##[endgroup]
job-core	Checkout code	2025-10-10T15:30:49.2435798Z ##[group]Setting up auth
job-core	Checkout code	2025-10-10T15:30:49.2449295Z [command]/usr/bin/git config --local --name-only --get-regexp core\.sshCommand
job-core	Checkout code	2025-10-10T15:30:49.2491021Z [command]/usr/bin/git submodule foreach --recursive sh -c "git config --local --name-only --get-regexp 'core\.sshCommand' && git config --local --unset-all 'core.sshCommand' || :"
job-core	Checkout code	2025-10-10T15:30:49.2771067Z [command]/usr/bin/git config --local --name-only --get-regexp http\.https\:\/\/github\.com\/\.extraheader
job-core	Checkout code	2025-10-10T15:30:49.2847340Z [command]/usr/bin/git submodule foreach --recursive sh -c "git config --local --name-only --get-regexp 'http\.https\:\/\/github\.com\/\.extraheader' && git config --local --unset-all 'http.https://github.com/.extraheader' || :"
job-core	Checkout code	2025-10-10T15:30:49.3190396Z [command]/usr/bin/git config --local http.https://github.com/.extraheader AUTHORIZATION: basic ***
job-core	Checkout code	2025-10-10T15:30:49.3231174Z ##[endgroup]
job-core	Checkout code	2025-10-10T15:30:49.3233262Z ##[group]Fetching the repository
job-core	Checkout code	2025-10-10T15:30:49.3240176Z [command]/usr/bin/git -c protocol.version=2 fetch --prune --no-recurse-submodules origin +refs/heads/*:refs/remotes/origin/* +refs/tags/*:refs/tags/*
job-core	Checkout code	2025-10-10T15:30:49.9317051Z [command]/usr/bin/git branch --list --remote origin/H1968-modulo-personalizaci√≥n-del-portal-de-kaos-core
job-core	Checkout code	2025-10-10T15:30:49.9399420Z   origin/H1968-modulo-personalizaci√≥n-del-portal-de-kaos-core
job-core	Checkout code	2025-10-10T15:30:49.9412663Z [command]/usr/bin/git rev-parse refs/remotes/origin/H1968-modulo-personalizaci√≥n-del-portal-de-kaos-core
job-core	Checkout code	2025-10-10T15:30:49.9440024Z ac8e4585e830382206148d84436cc85741ff21e5
job-core	Checkout code	2025-10-10T15:30:49.9530724Z ##[endgroup]
job-core	Checkout code	2025-10-10T15:30:49.9532433Z ##[group]Determining the checkout info
job-core	Checkout code	2025-10-10T15:30:49.9556254Z ##[endgroup]
job-core	Checkout code	2025-10-10T15:30:49.9557466Z [command]/usr/bin/git sparse-checkout disable
job-core	Checkout code	2025-10-10T15:30:49.9560887Z [command]/usr/bin/git config --local --unset-all extensions.worktreeConfig
job-core	Checkout code	2025-10-10T15:30:49.9564982Z ##[group]Checking out the ref
job-core	Checkout code	2025-10-10T15:30:49.9569467Z [command]/usr/bin/git checkout --progress --force -B H1968-modulo-personalizaci√≥n-del-portal-de-kaos-core refs/remotes/origin/H1968-modulo-personalizaci√≥n-del-portal-de-kaos-core
job-core	Checkout code	2025-10-10T15:30:49.9646958Z Switched to a new branch 'H1968-modulo-personalizaci√≥n-del-portal-de-kaos-core'
job-core	Checkout code	2025-10-10T15:30:49.9652567Z branch 'H1968-modulo-personalizaci√≥n-del-portal-de-kaos-core' set up to track 'origin/H1968-modulo-personalizaci√≥n-del-portal-de-kaos-core'.
job-core	Checkout code	2025-10-10T15:30:49.9658985Z ##[endgroup]
job-core	Checkout code	2025-10-10T15:30:49.9697063Z [command]/usr/bin/git log -1 --format=%H
job-core	Checkout code	2025-10-10T15:30:49.9725077Z ac8e4585e830382206148d84436cc85741ff21e5
job-core	Install Node.js	Ôªø2025-10-10T15:30:50.0027384Z ##[group]Run actions/setup-node@v2
job-core	Install Node.js	2025-10-10T15:30:50.0028575Z with:
job-core	Install Node.js	2025-10-10T15:30:50.0029348Z   node-version: 14
job-core	Install Node.js	2025-10-10T15:30:50.0030216Z   always-auth: false
job-core	Install Node.js	2025-10-10T15:30:50.0031117Z   check-latest: false
job-core	Install Node.js	2025-10-10T15:30:50.0032412Z   token: ***
job-core	Install Node.js	2025-10-10T15:30:50.0033193Z env:
job-core	Install Node.js	2025-10-10T15:30:50.0034041Z   KAOS_MODULE: [Ka0S] JSONLINT
job-core	Install Node.js	2025-10-10T15:30:50.0035310Z   GH_TOKEN: ***
job-core	Install Node.js	2025-10-10T15:30:50.0036312Z   KAOS_JSONLINT_CONFIG: core/config/.jsonlint.json
job-core	Install Node.js	2025-10-10T15:30:50.0037626Z   KAOS_PATH_RESUME: audit/jsonlint/
job-core	Install Node.js	2025-10-10T15:30:50.0038808Z   KAOS_REPO: /actions-runner/_work/kaos/kaos
job-core	Install Node.js	2025-10-10T15:30:50.0040344Z   KAOS_STEP_MODULE: 
job-core	Install Node.js	2025-10-10T15:30:50.0041197Z   KAOS_CODE: 18411091311
job-core	Install Node.js	2025-10-10T15:30:50.0042106Z   KAOS_REF_BRANCH: main
job-core	Install Node.js	2025-10-10T15:30:50.0042970Z ##[endgroup]
job-core	Install Node.js	2025-10-10T15:30:50.1437083Z Found in cache @ /home/runner/_work/_tool/node/14.21.3/x64
job-core	Install jsonlint	Ôªø2025-10-10T15:30:50.1639538Z ##[group]Run if ! command -v jsonlint &> /dev/null; then
job-core	Install jsonlint	2025-10-10T15:30:50.1641410Z [36;1mif ! command -v jsonlint &> /dev/null; then[0m
job-core	Install jsonlint	2025-10-10T15:30:50.1642808Z [36;1m  echo "Installing jsonlint..."[0m
job-core	Install jsonlint	2025-10-10T15:30:50.1644129Z [36;1m  npm install -g jsonlint[0m
job-core	Install jsonlint	2025-10-10T15:30:50.1645166Z [36;1melse[0m
job-core	Install jsonlint	2025-10-10T15:30:50.1650101Z [36;1m  echo "jsonlint already installed, skipping installation"[0m
job-core	Install jsonlint	2025-10-10T15:30:50.1651684Z [36;1mfi[0m
job-core	Install jsonlint	2025-10-10T15:30:50.1652514Z [36;1mmkdir -p audit/jsonlint/[0m
job-core	Install jsonlint	2025-10-10T15:30:50.1708830Z shell: /usr/bin/bash -e {0}
job-core	Install jsonlint	2025-10-10T15:30:50.1709976Z env:
job-core	Install jsonlint	2025-10-10T15:30:50.1710763Z   KAOS_MODULE: [Ka0S] JSONLINT
job-core	Install jsonlint	2025-10-10T15:30:50.1712320Z   GH_TOKEN: ***
job-core	Install jsonlint	2025-10-10T15:30:50.1713466Z   KAOS_JSONLINT_CONFIG: core/config/.jsonlint.json
job-core	Install jsonlint	2025-10-10T15:30:50.1714727Z   KAOS_PATH_RESUME: audit/jsonlint/
job-core	Install jsonlint	2025-10-10T15:30:50.1715867Z   KAOS_REPO: /actions-runner/_work/kaos/kaos
job-core	Install jsonlint	2025-10-10T15:30:50.1717038Z   KAOS_STEP_MODULE: 
job-core	Install jsonlint	2025-10-10T15:30:50.1717980Z   KAOS_CODE: 18411091311
job-core	Install jsonlint	2025-10-10T15:30:50.1718896Z   KAOS_REF_BRANCH: main
job-core	Install jsonlint	2025-10-10T15:30:50.1719785Z ##[endgroup]
job-core	Install jsonlint	2025-10-10T15:30:50.1865662Z jsonlint already installed, skipping installation
job-core	Check JSON	Ôªø2025-10-10T15:30:50.2117402Z ##[group]Run # Invocamos la primera comprobaci√≥n de base, sino se supera el proceso no continua
job-core	Check JSON	2025-10-10T15:30:50.2120109Z [36;1m# Invocamos la primera comprobaci√≥n de base, sino se supera el proceso no continua[0m
job-core	Check JSON	2025-10-10T15:30:50.2121889Z [36;1m# Extraemos el nombre del fichero[0m
job-core	Check JSON	2025-10-10T15:30:50.2123263Z [36;1mfile_name=$(basename "audit/inspector/18409189448.json")[0m
job-core	Check JSON	2025-10-10T15:30:50.2125413Z [36;1m# Generamos el fichero de resultados vacio[0m
job-core	Check JSON	2025-10-10T15:30:50.2127048Z [36;1mtouch audit/jsonlint/jsonlint-results-18411091311.txt[0m
job-core	Check JSON	2025-10-10T15:30:50.2128751Z [36;1m# Realizamos el check del documento json [0m
job-core	Check JSON	2025-10-10T15:30:50.2130976Z [36;1mjsonlint --pretty-print audit/inspector/18409189448.json > audit/jsonlint/jsonlint-results-18411091311.txt || true[0m
job-core	Check JSON	2025-10-10T15:30:50.2133156Z [36;1m# Check if exist errors in file[0m
job-core	Check JSON	2025-10-10T15:30:50.2134983Z [36;1mif [ ! -s audit/jsonlint/jsonlint-results-18411091311.txt ]; then[0m
job-core	Check JSON	2025-10-10T15:30:50.2137137Z [36;1m  echo "File audit/jsonlint/jsonlint-results-18411091311.txt is empty and is content correct"[0m
job-core	Check JSON	2025-10-10T15:30:50.2141524Z [36;1m  KAOS_ISSUE_BODY="The [Ka0S] JSONLINT process (18411072964) launch the check (18411091311) over file (audit/inspector/18409189448.json) and its result has been SUCCESS. Please review all files implicated in pull request and approve to merge"[0m
job-core	Check JSON	2025-10-10T15:30:50.2145788Z [36;1m  # A√±adimos la versi√≥n de jsonlint con la que se realiza la comprobacion[0m
job-core	Check JSON	2025-10-10T15:30:50.2147672Z [36;1m  jsonlint --version >> audit/jsonlint/jsonlint-results-18411091311.txt[0m
job-core	Check JSON	2025-10-10T15:30:50.2149359Z [36;1m  # a√±adimos el nombre del fichero que vamos a comprobar[0m
job-core	Check JSON	2025-10-10T15:30:50.2151603Z [36;1m  echo "Finding: audit/inspector/18409189448.json" >> audit/jsonlint/jsonlint-results-18411091311.txt[0m
job-core	Check JSON	2025-10-10T15:30:50.2153726Z [36;1m  gh issue comment  1968 -b "$KAOS_ISSUE_BODY" [0m
job-core	Check JSON	2025-10-10T15:30:50.2154968Z [36;1melse[0m
job-core	Check JSON	2025-10-10T15:30:50.2157050Z [36;1m  cat audit/jsonlint/jsonlint-results-18411091311.txt[0m
job-core	Check JSON	2025-10-10T15:30:50.2161316Z [36;1m  echo "File audit/jsonlint/jsonlint-results-18411091311.txt is not empty and is content not correct and write commit info"[0m
job-core	Check JSON	2025-10-10T15:30:50.2165841Z [36;1m  KAOS_ISSUE_BODY="The [Ka0S] JSONLINT process (18411072964) launch the check (18411091311) over file (audit/inspector/18409189448.json) and its result has been FAILED, please check and solved it"[0m
job-core	Check JSON	2025-10-10T15:30:50.2169597Z [36;1m  # A√±adimos la versi√≥n de jsonlint con la que se realiza la comprobacion[0m
job-core	Check JSON	2025-10-10T15:30:50.2171989Z [36;1m  jsonlint --version || true >> audit/jsonlint/jsonlint-results-18411091311.txt[0m
job-core	Check JSON	2025-10-10T15:30:50.2174059Z [36;1m  # a√±adimos el nombre del fichero que vamos a comprobar[0m
job-core	Check JSON	2025-10-10T15:30:50.2176079Z [36;1m  echo "Finding: audit/inspector/18409189448.json" >> audit/jsonlint/jsonlint-results-18411091311.txt[0m
job-core	Check JSON	2025-10-10T15:30:50.2178043Z [36;1m  gh issue comment  1968 -b "$KAOS_ISSUE_BODY" [0m
job-core	Check JSON	2025-10-10T15:30:50.2179367Z [36;1mfi[0m
job-core	Check JSON	2025-10-10T15:30:50.2181600Z [36;1mecho "Uploading files to the repository..."[0m
job-core	Check JSON	2025-10-10T15:30:50.2183235Z [36;1mgit config --global user.name "***"[0m
job-core	Check JSON	2025-10-10T15:30:50.2184813Z [36;1mgit config --global user.email "***"[0m
job-core	Check JSON	2025-10-10T15:30:50.2185915Z [36;1mgit pull --rebase[0m
job-core	Check JSON	2025-10-10T15:30:50.2186831Z [36;1mgit add audit/jsonlint/*[0m
job-core	Check JSON	2025-10-10T15:30:50.2187855Z [36;1mif ! git diff --staged --quiet; then[0m
job-core	Check JSON	2025-10-10T15:30:50.2189577Z [36;1m  git commit -m "[Ka0S] Uploading jsonlint resume execution files to the repository..."[0m
job-core	Check JSON	2025-10-10T15:30:50.2192060Z [36;1m  git push origin refs/heads/H1968-modulo-personalizaci√≥n-del-portal-de-kaos-core --force-with-lease[0m
job-core	Check JSON	2025-10-10T15:30:50.2194293Z [36;1mfi[0m
job-core	Check JSON	2025-10-10T15:30:50.2207266Z shell: /usr/bin/bash -e {0}
job-core	Check JSON	2025-10-10T15:30:50.2208282Z env:
job-core	Check JSON	2025-10-10T15:30:50.2209029Z   KAOS_MODULE: [Ka0S] JSONLINT
job-core	Check JSON	2025-10-10T15:30:50.2210556Z   GH_TOKEN: ***
job-core	Check JSON	2025-10-10T15:30:50.2211460Z   KAOS_JSONLINT_CONFIG: core/config/.jsonlint.json
job-core	Check JSON	2025-10-10T15:30:50.2213044Z   KAOS_PATH_RESUME: audit/jsonlint/
job-core	Check JSON	2025-10-10T15:30:50.2214373Z   KAOS_REPO: /actions-runner/_work/kaos/kaos
job-core	Check JSON	2025-10-10T15:30:50.2215545Z   KAOS_STEP_MODULE: 
job-core	Check JSON	2025-10-10T15:30:50.2216409Z   KAOS_CODE: 18411091311
job-core	Check JSON	2025-10-10T15:30:50.2217522Z   KAOS_REF_BRANCH: main
job-core	Check JSON	2025-10-10T15:30:50.2218368Z ##[endgroup]
job-core	Check JSON	2025-10-10T15:30:50.3641653Z internal/fs/utils.js:332
job-core	Check JSON	2025-10-10T15:30:50.3645901Z     throw err;
job-core	Check JSON	2025-10-10T15:30:50.3646887Z     ^
job-core	Check JSON	2025-10-10T15:30:50.3647373Z 
job-core	Check JSON	2025-10-10T15:30:50.3648518Z Error: ENOENT: no such file or directory, open 'audit/inspector/18409189448.json'
job-core	Check JSON	2025-10-10T15:30:50.3650255Z     at Object.openSync (fs.js:498:3)
job-core	Check JSON	2025-10-10T15:30:50.3651380Z     at Object.readFileSync (fs.js:394:35)
job-core	Check JSON	2025-10-10T15:30:50.3653175Z     at main (/home/runner/_work/_tool/node/14.21.3/x64/lib/node_modules/jsonlint/lib/cli.js:135:23)
job-core	Check JSON	2025-10-10T15:30:50.3656145Z     at Object.<anonymous> (/home/runner/_work/_tool/node/14.21.3/x64/lib/node_modules/jsonlint/lib/cli.js:179:1)
job-core	Check JSON	2025-10-10T15:30:50.3658330Z     at Module._compile (internal/modules/cjs/loader.js:1114:14)
job-core	Check JSON	2025-10-10T15:30:50.3660108Z     at Object.Module._extensions..js (internal/modules/cjs/loader.js:1143:10)
job-core	Check JSON	2025-10-10T15:30:50.3661923Z     at Module.load (internal/modules/cjs/loader.js:979:32)
job-core	Check JSON	2025-10-10T15:30:50.3663933Z     at Function.Module._load (internal/modules/cjs/loader.js:819:12)
job-core	Check JSON	2025-10-10T15:30:50.3666268Z     at Function.executeUserEntryPoint [as runMain] (internal/modules/run_main.js:75:12)
job-core	Check JSON	2025-10-10T15:30:50.3668342Z     at internal/main/run_main_module.js:17:47 {
job-core	Check JSON	2025-10-10T15:30:50.3669637Z   errno: -2,
job-core	Check JSON	2025-10-10T15:30:50.3670514Z   syscall: 'open',
job-core	Check JSON	2025-10-10T15:30:50.3671422Z   code: 'ENOENT',
job-core	Check JSON	2025-10-10T15:30:50.3672451Z   path: 'audit/inspector/18409189448.json'
job-core	Check JSON	2025-10-10T15:30:50.3675970Z }
job-core	Check JSON	2025-10-10T15:30:50.3678997Z File audit/jsonlint/jsonlint-results-18411091311.txt is empty and is content correct
job-core	Check JSON	2025-10-10T15:30:50.4771512Z ##[error]Process completed with exit code 1.
job-core	Post Checkout code	Ôªø2025-10-10T15:30:50.4973445Z Post job cleanup.
job-core	Post Checkout code	2025-10-10T15:30:50.6000927Z [command]/usr/bin/git version
job-core	Post Checkout code	2025-10-10T15:30:50.6039331Z git version 2.51.0
job-core	Post Checkout code	2025-10-10T15:30:50.6082384Z Copying '/home/runner/.gitconfig' to '/home/runner/_work/_temp/334e88c0-c2cd-40a8-9565-79696eb5ac4b/.gitconfig'
job-core	Post Checkout code	2025-10-10T15:30:50.6096309Z Temporarily overriding HOME='/home/runner/_work/_temp/334e88c0-c2cd-40a8-9565-79696eb5ac4b' before making global git config changes
job-core	Post Checkout code	2025-10-10T15:30:50.6099744Z Adding repository directory to the temporary git global config as a safe directory
job-core	Post Checkout code	2025-10-10T15:30:50.6102555Z [command]/usr/bin/git config --global --add safe.directory /home/runner/_work/ka0s/ka0s
job-core	Post Checkout code	2025-10-10T15:30:50.6144695Z [command]/usr/bin/git config --local --name-only --get-regexp core\.sshCommand
job-core	Post Checkout code	2025-10-10T15:30:50.6187475Z [command]/usr/bin/git submodule foreach --recursive sh -c "git config --local --name-only --get-regexp 'core\.sshCommand' && git config --local --unset-all 'core.sshCommand' || :"
job-core	Post Checkout code	2025-10-10T15:30:50.6444973Z [command]/usr/bin/git config --local --name-only --get-regexp http\.https\:\/\/github\.com\/\.extraheader
job-core	Post Checkout code	2025-10-10T15:30:50.6472766Z http.https://github.com/.extraheader
job-core	Post Checkout code	2025-10-10T15:30:50.6485749Z [command]/usr/bin/git config --local --unset-all http.https://github.com/.extraheader
job-core	Post Checkout code	2025-10-10T15:30:50.6522963Z [command]/usr/bin/git submodule foreach --recursive sh -c "git config --local --name-only --get-regexp 'http\.https\:\/\/github\.com\/\.extraheader' && git config --local --unset-all 'http.https://github.com/.extraheader' || :"
job-core	Complete job	Ôªø2025-10-10T15:30:50.6946704Z Cleaning up orphan processes
handle_failure	Set up job	Ôªø2025-10-10T15:32:32.2743195Z Current runner version: '2.328.0'
handle_failure	Set up job	2025-10-10T15:32:32.4131685Z Runner name: '8f34fa5e4239'
handle_failure	Set up job	2025-10-10T15:32:32.4133881Z Runner group name: 'swarm-runners'
handle_failure	Set up job	2025-10-10T15:32:32.4135767Z Machine name: '8f34fa5e4239'
handle_failure	Set up job	2025-10-10T15:32:32.4143197Z ##[group]GITHUB_TOKEN Permissions
handle_failure	Set up job	2025-10-10T15:32:32.4147937Z Actions: write
handle_failure	Set up job	2025-10-10T15:32:32.4149125Z Contents: write
handle_failure	Set up job	2025-10-10T15:32:32.4581388Z Issues: write
handle_failure	Set up job	2025-10-10T15:32:32.4582588Z Metadata: read
handle_failure	Set up job	2025-10-10T15:32:32.4583633Z PullRequests: write
handle_failure	Set up job	2025-10-10T15:32:32.4584738Z ##[endgroup]
handle_failure	Set up job	2025-10-10T15:32:32.4588771Z Secret source: Actions
handle_failure	Set up job	2025-10-10T15:32:32.4882149Z Prepare workflow directory
handle_failure	Set up job	2025-10-10T15:32:36.5096143Z Prepare all required actions
handle_failure	Set up job	2025-10-10T15:32:36.6878886Z Getting action download info
handle_failure	Set up job	2025-10-10T15:32:45.2579429Z Download action repository 'actions/checkout@v4' (SHA:08eba0b27e820071cde6df949e0beb9ba4906955)
handle_failure	Set up job	2025-10-10T15:32:51.4377448Z Complete job name: handle_failure
handle_failure	Checkout code	Ôªø2025-10-10T15:32:54.2641540Z ##[group]Run actions/checkout@v4
handle_failure	Checkout code	2025-10-10T15:32:54.2644474Z with:
handle_failure	Checkout code	2025-10-10T15:32:54.2645941Z   fetch-depth: 0
handle_failure	Checkout code	2025-10-10T15:32:54.2648145Z   token: ***
handle_failure	Checkout code	2025-10-10T15:32:54.2649813Z   repository: Ka0s-Klaus/ka0s
handle_failure	Checkout code	2025-10-10T15:32:54.2651344Z   ssh-strict: true
handle_failure	Checkout code	2025-10-10T15:32:54.2653004Z   ssh-user: git
handle_failure	Checkout code	2025-10-10T15:32:54.2654470Z   persist-credentials: true
handle_failure	Checkout code	2025-10-10T15:32:54.2656285Z   clean: true
handle_failure	Checkout code	2025-10-10T15:32:54.2657878Z   sparse-checkout-cone-mode: true
handle_failure	Checkout code	2025-10-10T15:32:54.2659736Z   fetch-tags: false
handle_failure	Checkout code	2025-10-10T15:32:54.2661201Z   show-progress: true
handle_failure	Checkout code	2025-10-10T15:32:54.2663046Z   lfs: false
handle_failure	Checkout code	2025-10-10T15:32:54.2664929Z   submodules: false
handle_failure	Checkout code	2025-10-10T15:32:54.2666749Z   set-safe-directory: true
handle_failure	Checkout code	2025-10-10T15:32:54.3442636Z env:
handle_failure	Checkout code	2025-10-10T15:32:54.3444599Z   KAOS_MODULE: [Ka0S] JSONLINT
handle_failure	Checkout code	2025-10-10T15:32:54.3446703Z   GH_TOKEN: ***
handle_failure	Checkout code	2025-10-10T15:32:54.3448207Z   KAOS_JSONLINT_CONFIG: core/config/.jsonlint.json
handle_failure	Checkout code	2025-10-10T15:32:54.3450274Z   KAOS_PATH_RESUME: audit/jsonlint/
handle_failure	Checkout code	2025-10-10T15:32:54.3452382Z   KAOS_REPO: /actions-runner/_work/kaos/kaos
handle_failure	Checkout code	2025-10-10T15:32:54.3454375Z   KAOS_STEP_MODULE: 
handle_failure	Checkout code	2025-10-10T15:32:54.3455902Z   KAOS_CODE: 18411091311
handle_failure	Checkout code	2025-10-10T15:32:54.3457498Z   KAOS_REF_BRANCH: main
handle_failure	Checkout code	2025-10-10T15:32:54.3459000Z ##[endgroup]
handle_failure	Checkout code	2025-10-10T15:33:00.1917592Z Syncing repository: Ka0s-Klaus/ka0s
handle_failure	Checkout code	2025-10-10T15:33:00.1958315Z ##[group]Getting Git version info
handle_failure	Checkout code	2025-10-10T15:33:00.1962514Z Working directory is '/home/runner/_work/ka0s/ka0s'
handle_failure	Checkout code	2025-10-10T15:33:00.1965450Z [command]/usr/bin/git version
handle_failure	Checkout code	2025-10-10T15:33:00.2334935Z git version 2.51.0
handle_failure	Checkout code	2025-10-10T15:33:00.2764587Z ##[endgroup]
handle_failure	Checkout code	2025-10-10T15:33:00.3852226Z Temporarily overriding HOME='/home/runner/_work/_temp/fadc0351-0192-4187-81fa-14b6a039df05' before making global git config changes
handle_failure	Checkout code	2025-10-10T15:33:00.4018286Z Adding repository directory to the temporary git global config as a safe directory
handle_failure	Checkout code	2025-10-10T15:33:00.4276323Z [command]/usr/bin/git config --global --add safe.directory /home/runner/_work/ka0s/ka0s
handle_failure	Checkout code	2025-10-10T15:33:00.7264199Z Deleting the contents of '/home/runner/_work/ka0s/ka0s'
handle_failure	Checkout code	2025-10-10T15:33:00.7270078Z ##[group]Initializing the repository
handle_failure	Checkout code	2025-10-10T15:33:00.7281509Z [command]/usr/bin/git init /home/runner/_work/ka0s/ka0s
handle_failure	Checkout code	2025-10-10T15:33:01.0669087Z hint: Using 'master' as the name for the initial branch. This default branch name
handle_failure	Checkout code	2025-10-10T15:33:01.0673013Z hint: is subject to change. To configure the initial branch name to use in all
handle_failure	Checkout code	2025-10-10T15:33:01.0675663Z hint: of your new repositories, which will suppress this warning, call:
handle_failure	Checkout code	2025-10-10T15:33:01.0678072Z hint:
handle_failure	Checkout code	2025-10-10T15:33:01.0680465Z hint: 	git config --global init.defaultBranch <name>
handle_failure	Checkout code	2025-10-10T15:33:01.0682778Z hint:
handle_failure	Checkout code	2025-10-10T15:33:01.0684814Z hint: Names commonly chosen instead of 'master' are 'main', 'trunk' and
handle_failure	Checkout code	2025-10-10T15:33:01.0687969Z hint: 'development'. The just-created branch can be renamed via this command:
handle_failure	Checkout code	2025-10-10T15:33:01.0823265Z hint:
handle_failure	Checkout code	2025-10-10T15:33:01.0824995Z hint: 	git branch -m <name>
handle_failure	Checkout code	2025-10-10T15:33:01.0826677Z hint:
handle_failure	Checkout code	2025-10-10T15:33:01.0828874Z hint: Disable this message with "git config set advice.defaultBranchName false"
handle_failure	Checkout code	2025-10-10T15:33:01.0832997Z Initialized empty Git repository in /home/runner/_work/ka0s/ka0s/.git/
handle_failure	Checkout code	2025-10-10T15:33:01.1341022Z [command]/usr/bin/git remote add origin https://github.com/Ka0s-Klaus/ka0s
handle_failure	Checkout code	2025-10-10T15:33:01.3530806Z ##[endgroup]
handle_failure	Checkout code	2025-10-10T15:33:01.5171053Z ##[group]Disabling automatic garbage collection
handle_failure	Checkout code	2025-10-10T15:33:01.5397560Z [command]/usr/bin/git config --local gc.auto 0
handle_failure	Checkout code	2025-10-10T15:33:01.5532220Z ##[endgroup]
handle_failure	Checkout code	2025-10-10T15:33:01.5534905Z ##[group]Setting up auth
handle_failure	Checkout code	2025-10-10T15:33:01.5537123Z [command]/usr/bin/git config --local --name-only --get-regexp core\.sshCommand
handle_failure	Checkout code	2025-10-10T15:33:01.8173826Z [command]/usr/bin/git submodule foreach --recursive sh -c "git config --local --name-only --get-regexp 'core\.sshCommand' && git config --local --unset-all 'core.sshCommand' || :"
handle_failure	Checkout code	2025-10-10T15:33:02.9317421Z [command]/usr/bin/git config --local --name-only --get-regexp http\.https\:\/\/github\.com\/\.extraheader
handle_failure	Checkout code	2025-10-10T15:33:03.1356750Z [command]/usr/bin/git submodule foreach --recursive sh -c "git config --local --name-only --get-regexp 'http\.https\:\/\/github\.com\/\.extraheader' && git config --local --unset-all 'http.https://github.com/.extraheader' || :"
handle_failure	Checkout code	2025-10-10T15:33:03.9149423Z [command]/usr/bin/git config --local http.https://github.com/.extraheader AUTHORIZATION: basic ***
handle_failure	Checkout code	2025-10-10T15:33:04.2686285Z ##[endgroup]
handle_failure	Checkout code	2025-10-10T15:33:04.2690736Z ##[group]Fetching the repository
handle_failure	Checkout code	2025-10-10T15:33:04.2703356Z [command]/usr/bin/git -c protocol.version=2 fetch --prune --no-recurse-submodules origin +refs/heads/*:refs/remotes/origin/* +refs/tags/*:refs/tags/*
handle_failure	Checkout code	2025-10-10T15:42:43.0160679Z From https://github.com/Ka0s-Klaus/ka0s
handle_failure	Checkout code	2025-10-10T15:42:43.0479061Z  * [new branch]          F1149-desarrollo-de-orchestrator -> origin/F1149-desarrollo-de-orchestrator
handle_failure	Checkout code	2025-10-10T15:42:43.0514761Z  * [new branch]          F1183-personalizaci√≥n-m√≥dulo-finops -> origin/F1183-personalizaci√≥n-m√≥dulo-finops
handle_failure	Checkout code	2025-10-10T15:42:43.0518501Z  * [new branch]          F1224-new-module-mongodb -> origin/F1224-new-module-mongodb
handle_failure	Checkout code	2025-10-10T15:42:43.0521421Z  * [new branch]          F220-web-de-resultados  -> origin/F220-web-de-resultados
handle_failure	Checkout code	2025-10-10T15:42:43.0523461Z  * [new branch]          F227-despliegue-de-kube-independiente-del-clouder -> origin/F227-despliegue-de-kube-independiente-del-clouder
handle_failure	Checkout code	2025-10-10T15:42:43.0528760Z  * [new branch]          F329-documentacion-metodologia-de-kaos -> origin/F329-documentacion-metodologia-de-kaos
handle_failure	Checkout code	2025-10-10T15:42:43.0532422Z  * [new branch]          F44-creaci√≥n-m√≥dulo-versionado -> origin/F44-creaci√≥n-m√≥dulo-versionado
handle_failure	Checkout code	2025-10-10T15:42:43.0535458Z  * [new branch]          H1128-m√≥dulo-de-observabilidad -> origin/H1128-m√≥dulo-de-observabilidad
handle_failure	Checkout code	2025-10-10T15:42:43.0537592Z  * [new branch]          H1139-como-instalar-arc-control -> origin/H1139-como-instalar-arc-control
handle_failure	Checkout code	2025-10-10T15:42:43.0539422Z  * [new branch]          H1149-desarrollo-de-orchestrator -> origin/H1149-desarrollo-de-orchestrator
handle_failure	Checkout code	2025-10-10T15:42:43.0541675Z  * [new branch]          H1150-desarrollo-de-secciones -> origin/H1150-desarrollo-de-secciones
handle_failure	Checkout code	2025-10-10T15:42:43.0543525Z  * [new branch]          H1151-desarrollo-de-secciones-ii -> origin/H1151-desarrollo-de-secciones-ii
handle_failure	Checkout code	2025-10-10T15:42:43.0545197Z  * [new branch]          H1152-desarrollo-inicio -> origin/H1152-desarrollo-inicio
handle_failure	Checkout code	2025-10-10T15:42:43.0620483Z  * [new branch]          H1183-personalizaci√≥n-m√≥dulo-finops -> origin/H1183-personalizaci√≥n-m√≥dulo-finops
handle_failure	Checkout code	2025-10-10T15:42:43.0626551Z  * [new branch]          H1193-ejemplo-web-documentacion -> origin/H1193-ejemplo-web-documentacion
handle_failure	Checkout code	2025-10-10T15:42:43.0627991Z  * [new branch]          H1205-web-creation      -> origin/H1205-web-creation
handle_failure	Checkout code	2025-10-10T15:42:43.0629211Z  * [new branch]          H1224-new-module-mongodb -> origin/H1224-new-module-mongodb
handle_failure	Checkout code	2025-10-10T15:42:43.0631049Z  * [new branch]          H1410-modulo-execution  -> origin/H1410-modulo-execution
handle_failure	Checkout code	2025-10-10T15:42:43.0635182Z  * [new branch]          H1514-new-swarm-deployment-stack-with-actions-runners-autoscale -> origin/H1514-new-swarm-deployment-stack-with-actions-runners-autoscale
handle_failure	Checkout code	2025-10-10T15:42:43.0684919Z  * [new branch]          H1968-modulo-personalizaci√≥n-del-portal-de-kaos-core -> origin/H1968-modulo-personalizaci√≥n-del-portal-de-kaos-core
handle_failure	Checkout code	2025-10-10T15:42:43.0688216Z  * [new branch]          H215-modulo-de-summary  -> origin/H215-modulo-de-summary
handle_failure	Checkout code	2025-10-10T15:42:43.1437290Z  * [new branch]          H220-web-de-resultados  -> origin/H220-web-de-resultados
handle_failure	Checkout code	2025-10-10T15:42:43.1439614Z  * [new branch]          H227-despliegue-de-kube-independiente-del-clouder -> origin/H227-despliegue-de-kube-independiente-del-clouder
handle_failure	Checkout code	2025-10-10T15:42:43.1442987Z  * [new branch]          H306-ficheros-de-estadisticas -> origin/H306-ficheros-de-estadisticas
handle_failure	Checkout code	2025-10-10T15:42:43.1445588Z  * [new branch]          H328-documentacion-modulo-principal-de-kaos -> origin/H328-documentacion-modulo-principal-de-kaos
handle_failure	Checkout code	2025-10-10T15:42:43.1448014Z  * [new branch]          H329-documentacion-metodologia-de-kaos -> origin/H329-documentacion-metodologia-de-kaos
handle_failure	Checkout code	2025-10-10T15:42:43.1711792Z  * [new branch]          H338-relanzador-de-jobs-en-caso-de-pattern -> origin/H338-relanzador-de-jobs-en-caso-de-pattern
handle_failure	Checkout code	2025-10-10T15:42:43.1714200Z  * [new branch]          H38-documentacion-basica-del-proyecto -> origin/H38-documentacion-basica-del-proyecto
handle_failure	Checkout code	2025-10-10T15:42:43.1740902Z  * [new branch]          H44-creaci√≥n-m√≥dulo-versionado -> origin/H44-creaci√≥n-m√≥dulo-versionado
handle_failure	Checkout code	2025-10-10T15:42:43.1791600Z  * [new branch]          RN1149-desarrollo-de-orchestrator -> origin/RN1149-desarrollo-de-orchestrator
handle_failure	Checkout code	2025-10-10T15:42:43.1811809Z  * [new branch]          RN1183-personalizaci√≥n-m√≥dulo-finops -> origin/RN1183-personalizaci√≥n-m√≥dulo-finops
handle_failure	Checkout code	2025-10-10T15:42:43.1814968Z  * [new branch]          RN1282-ka0s-error-detected-in-ka0s-workflow-statistics-summary -> origin/RN1282-ka0s-error-detected-in-ka0s-workflow-statistics-summary
handle_failure	Checkout code	2025-10-10T15:42:43.1817456Z  * [new branch]          RN220-web-de-resultados -> origin/RN220-web-de-resultados
handle_failure	Checkout code	2025-10-10T15:42:43.1820341Z  * [new branch]          RN227-despliegue-de-kube-independiente-del-clouder -> origin/RN227-despliegue-de-kube-independiente-del-clouder
handle_failure	Checkout code	2025-10-10T15:42:43.1822984Z  * [new branch]          RN329-documentacion-metodologia-de-kaos -> origin/RN329-documentacion-metodologia-de-kaos
handle_failure	Checkout code	2025-10-10T15:42:43.1824593Z  * [new branch]          main                    -> origin/main
handle_failure	Checkout code	2025-10-10T15:42:43.1825526Z  * [new tag]             0.0.0                   -> 0.0.0
handle_failure	Checkout code	2025-10-10T15:42:43.1826392Z  * [new tag]             0.0.1                   -> 0.0.1
handle_failure	Checkout code	2025-10-10T15:42:43.1827252Z  * [new tag]             0.0.10                  -> 0.0.10
handle_failure	Checkout code	2025-10-10T15:42:43.1828118Z  * [new tag]             0.0.100                 -> 0.0.100
handle_failure	Checkout code	2025-10-10T15:42:43.1828980Z  * [new tag]             0.0.101                 -> 0.0.101
handle_failure	Checkout code	2025-10-10T15:42:43.1850720Z  * [new tag]             0.0.102                 -> 0.0.102
handle_failure	Checkout code	2025-10-10T15:42:43.1853142Z  * [new tag]             0.0.103                 -> 0.0.103
handle_failure	Checkout code	2025-10-10T15:42:43.1854369Z  * [new tag]             0.0.104                 -> 0.0.104
handle_failure	Checkout code	2025-10-10T15:42:43.1855530Z  * [new tag]             0.0.105                 -> 0.0.105
handle_failure	Checkout code	2025-10-10T15:42:43.1856649Z  * [new tag]             0.0.106                 -> 0.0.106
handle_failure	Checkout code	2025-10-10T15:42:43.1857815Z  * [new tag]             0.0.107                 -> 0.0.107
handle_failure	Checkout code	2025-10-10T15:42:43.1891264Z  * [new tag]             0.0.108                 -> 0.0.108
handle_failure	Checkout code	2025-10-10T15:42:43.1892151Z  * [new tag]             0.0.109                 -> 0.0.109
handle_failure	Checkout code	2025-10-10T15:42:43.1892994Z  * [new tag]             0.0.11                  -> 0.0.11
handle_failure	Checkout code	2025-10-10T15:42:43.1893915Z  * [new tag]             0.0.110                 -> 0.0.110
handle_failure	Checkout code	2025-10-10T15:42:43.1894779Z  * [new tag]             0.0.111                 -> 0.0.111
handle_failure	Checkout code	2025-10-10T15:42:43.1895628Z  * [new tag]             0.0.112                 -> 0.0.112
handle_failure	Checkout code	2025-10-10T15:42:43.1896477Z  * [new tag]             0.0.113                 -> 0.0.113
handle_failure	Checkout code	2025-10-10T15:42:43.1897803Z  * [new tag]             0.0.114                 -> 0.0.114
handle_failure	Checkout code	2025-10-10T15:42:43.1898650Z  * [new tag]             0.0.115                 -> 0.0.115
handle_failure	Checkout code	2025-10-10T15:42:43.1899508Z  * [new tag]             0.0.116                 -> 0.0.116
handle_failure	Checkout code	2025-10-10T15:42:43.1931261Z  * [new tag]             0.0.117                 -> 0.0.117
handle_failure	Checkout code	2025-10-10T15:42:43.1932187Z  * [new tag]             0.0.118                 -> 0.0.118
handle_failure	Checkout code	2025-10-10T15:42:43.1933026Z  * [new tag]             0.0.119                 -> 0.0.119
handle_failure	Checkout code	2025-10-10T15:42:43.1934318Z  * [new tag]             0.0.12                  -> 0.0.12
handle_failure	Checkout code	2025-10-10T15:42:43.1935211Z  * [new tag]             0.0.120                 -> 0.0.120
handle_failure	Checkout code	2025-10-10T15:42:43.1936052Z  * [new tag]             0.0.121                 -> 0.0.121
handle_failure	Checkout code	2025-10-10T15:42:43.1976387Z  * [new tag]             0.0.122                 -> 0.0.122
handle_failure	Checkout code	2025-10-10T15:42:43.1977860Z  * [new tag]             0.0.123                 -> 0.0.123
handle_failure	Checkout code	2025-10-10T15:42:43.1978979Z  * [new tag]             0.0.124                 -> 0.0.124
handle_failure	Checkout code	2025-10-10T15:42:43.1980635Z  * [new tag]             0.0.125                 -> 0.0.125
handle_failure	Checkout code	2025-10-10T15:42:43.1981534Z  * [new tag]             0.0.126                 -> 0.0.126
handle_failure	Checkout code	2025-10-10T15:42:43.1982426Z  * [new tag]             0.0.127                 -> 0.0.127
handle_failure	Checkout code	2025-10-10T15:42:43.1983348Z  * [new tag]             0.0.128                 -> 0.0.128
handle_failure	Checkout code	2025-10-10T15:42:43.1984305Z  * [new tag]             0.0.129                 -> 0.0.129
handle_failure	Checkout code	2025-10-10T15:42:43.1985746Z  * [new tag]             0.0.13                  -> 0.0.13
handle_failure	Checkout code	2025-10-10T15:42:43.1987208Z  * [new tag]             0.0.130                 -> 0.0.130
handle_failure	Checkout code	2025-10-10T15:42:43.2370803Z  * [new tag]             0.0.131                 -> 0.0.131
handle_failure	Checkout code	2025-10-10T15:42:43.2372213Z  * [new tag]             0.0.132                 -> 0.0.132
handle_failure	Checkout code	2025-10-10T15:42:43.2373374Z  * [new tag]             0.0.133                 -> 0.0.133
handle_failure	Checkout code	2025-10-10T15:42:43.2374455Z  * [new tag]             0.0.134                 -> 0.0.134
handle_failure	Checkout code	2025-10-10T15:42:43.2375221Z  * [new tag]             0.0.135                 -> 0.0.135
handle_failure	Checkout code	2025-10-10T15:42:43.2375977Z  * [new tag]             0.0.136                 -> 0.0.136
handle_failure	Checkout code	2025-10-10T15:42:43.2376839Z  * [new tag]             0.0.137                 -> 0.0.137
handle_failure	Checkout code	2025-10-10T15:42:43.2377622Z  * [new tag]             0.0.138                 -> 0.0.138
handle_failure	Checkout code	2025-10-10T15:42:43.2378440Z  * [new tag]             0.0.139                 -> 0.0.139
handle_failure	Checkout code	2025-10-10T15:42:43.2379219Z  * [new tag]             0.0.14                  -> 0.0.14
handle_failure	Checkout code	2025-10-10T15:42:43.2380372Z  * [new tag]             0.0.140                 -> 0.0.140
handle_failure	Checkout code	2025-10-10T15:42:43.2381232Z  * [new tag]             0.0.141                 -> 0.0.141
handle_failure	Checkout code	2025-10-10T15:42:43.2382058Z  * [new tag]             0.0.142                 -> 0.0.142
handle_failure	Checkout code	2025-10-10T15:42:43.2382797Z  * [new tag]             0.0.143                 -> 0.0.143
handle_failure	Checkout code	2025-10-10T15:42:43.2383610Z  * [new tag]             0.0.144                 -> 0.0.144
handle_failure	Checkout code	2025-10-10T15:42:43.2384520Z  * [new tag]             0.0.145                 -> 0.0.145
handle_failure	Checkout code	2025-10-10T15:42:43.2385611Z  * [new tag]             0.0.146                 -> 0.0.146
handle_failure	Checkout code	2025-10-10T15:42:58.7892040Z  * [new tag]             0.0.147                 -> 0.0.147
handle_failure	Checkout code	2025-10-10T15:42:58.7893421Z  * [new tag]             0.0.148                 -> 0.0.148
handle_failure	Checkout code	2025-10-10T15:42:58.7894272Z  * [new tag]             0.0.149                 -> 0.0.149
handle_failure	Checkout code	2025-10-10T15:42:58.7895108Z  * [new tag]             0.0.15                  -> 0.0.15
handle_failure	Checkout code	2025-10-10T15:42:58.7895944Z  * [new tag]             0.0.150                 -> 0.0.150
handle_failure	Checkout code	2025-10-10T15:42:58.7896764Z  * [new tag]             0.0.151                 -> 0.0.151
handle_failure	Checkout code	2025-10-10T15:42:58.7897621Z  * [new tag]             0.0.152                 -> 0.0.152
handle_failure	Checkout code	2025-10-10T15:42:58.7898462Z  * [new tag]             0.0.153                 -> 0.0.153
handle_failure	Checkout code	2025-10-10T15:42:58.7899323Z  * [new tag]             0.0.154                 -> 0.0.154
handle_failure	Checkout code	2025-10-10T15:42:58.8002492Z  * [new tag]             0.0.155                 -> 0.0.155
handle_failure	Checkout code	2025-10-10T15:42:58.8003461Z  * [new tag]             0.0.156                 -> 0.0.156
handle_failure	Checkout code	2025-10-10T15:42:58.8976890Z  * [new tag]             0.0.157                 -> 0.0.157
handle_failure	Checkout code	2025-10-10T15:42:58.8977803Z  * [new tag]             0.0.158                 -> 0.0.158
handle_failure	Checkout code	2025-10-10T15:42:58.8979003Z  * [new tag]             0.0.159                 -> 0.0.159
handle_failure	Checkout code	2025-10-10T15:42:58.8980100Z  * [new tag]             0.0.16                  -> 0.0.16
handle_failure	Checkout code	2025-10-10T15:42:58.8981125Z  * [new tag]             0.0.160                 -> 0.0.160
handle_failure	Checkout code	2025-10-10T15:42:58.8984592Z  * [new tag]             0.0.161                 -> 0.0.161
handle_failure	Checkout code	2025-10-10T15:42:58.9919226Z  * [new tag]             0.0.162                 -> 0.0.162
handle_failure	Checkout code	2025-10-10T15:42:58.9920824Z  * [new tag]             0.0.163                 -> 0.0.163
handle_failure	Checkout code	2025-10-10T15:42:58.9921718Z  * [new tag]             0.0.164                 -> 0.0.164
handle_failure	Checkout code	2025-10-10T15:42:58.9922592Z  * [new tag]             0.0.165                 -> 0.0.165
handle_failure	Checkout code	2025-10-10T15:42:58.9923436Z  * [new tag]             0.0.166                 -> 0.0.166
handle_failure	Checkout code	2025-10-10T15:42:59.4276777Z  * [new tag]             0.0.167                 -> 0.0.167
handle_failure	Checkout code	2025-10-10T15:42:59.4277743Z  * [new tag]             0.0.168                 -> 0.0.168
handle_failure	Checkout code	2025-10-10T15:42:59.4278874Z  * [new tag]             0.0.169                 -> 0.0.169
handle_failure	Checkout code	2025-10-10T15:42:59.4280113Z  * [new tag]             0.0.17                  -> 0.0.17
handle_failure	Checkout code	2025-10-10T15:42:59.4281020Z  * [new tag]             0.0.170                 -> 0.0.170
handle_failure	Checkout code	2025-10-10T15:42:59.4281818Z  * [new tag]             0.0.171                 -> 0.0.171
handle_failure	Checkout code	2025-10-10T15:42:59.4282814Z  * [new tag]             0.0.172                 -> 0.0.172
handle_failure	Checkout code	2025-10-10T15:42:59.4283864Z  * [new tag]             0.0.173                 -> 0.0.173
handle_failure	Checkout code	2025-10-10T15:42:59.4284968Z  * [new tag]             0.0.174                 -> 0.0.174
handle_failure	Checkout code	2025-10-10T15:42:59.4286149Z  * [new tag]             0.0.175                 -> 0.0.175
handle_failure	Checkout code	2025-10-10T15:42:59.4287005Z  * [new tag]             0.0.176                 -> 0.0.176
handle_failure	Checkout code	2025-10-10T15:42:59.4288182Z  * [new tag]             0.0.177                 -> 0.0.177
handle_failure	Checkout code	2025-10-10T15:42:59.4654786Z  * [new tag]             0.0.178                 -> 0.0.178
handle_failure	Checkout code	2025-10-10T15:42:59.4656030Z  * [new tag]             0.0.179                 -> 0.0.179
handle_failure	Checkout code	2025-10-10T15:42:59.4656936Z  * [new tag]             0.0.18                  -> 0.0.18
handle_failure	Checkout code	2025-10-10T15:42:59.4657832Z  * [new tag]             0.0.19                  -> 0.0.19
handle_failure	Checkout code	2025-10-10T15:42:59.4658733Z  * [new tag]             0.0.2                   -> 0.0.2
handle_failure	Checkout code	2025-10-10T15:42:59.4659984Z  * [new tag]             0.0.20                  -> 0.0.20
handle_failure	Checkout code	2025-10-10T15:42:59.4660869Z  * [new tag]             0.0.21                  -> 0.0.21
handle_failure	Checkout code	2025-10-10T15:42:59.4661737Z  * [new tag]             0.0.22                  -> 0.0.22
handle_failure	Checkout code	2025-10-10T15:42:59.4662609Z  * [new tag]             0.0.23                  -> 0.0.23
handle_failure	Checkout code	2025-10-10T15:42:59.4663475Z  * [new tag]             0.0.24                  -> 0.0.24
handle_failure	Checkout code	2025-10-10T15:42:59.4664334Z  * [new tag]             0.0.25                  -> 0.0.25
handle_failure	Checkout code	2025-10-10T15:42:59.4665225Z  * [new tag]             0.0.26                  -> 0.0.26
handle_failure	Checkout code	2025-10-10T15:42:59.4666126Z  * [new tag]             0.0.27                  -> 0.0.27
handle_failure	Checkout code	2025-10-10T15:42:59.4666992Z  * [new tag]             0.0.28                  -> 0.0.28
handle_failure	Checkout code	2025-10-10T15:42:59.4667845Z  * [new tag]             0.0.29                  -> 0.0.29
handle_failure	Checkout code	2025-10-10T15:42:59.5194209Z  * [new tag]             0.0.3                   -> 0.0.3
handle_failure	Checkout code	2025-10-10T15:42:59.5195477Z  * [new tag]             0.0.30                  -> 0.0.30
handle_failure	Checkout code	2025-10-10T15:42:59.5196628Z  * [new tag]             0.0.31                  -> 0.0.31
handle_failure	Checkout code	2025-10-10T15:42:59.5197735Z  * [new tag]             0.0.32                  -> 0.0.32
handle_failure	Checkout code	2025-10-10T15:42:59.5198580Z  * [new tag]             0.0.33                  -> 0.0.33
handle_failure	Checkout code	2025-10-10T15:42:59.5199396Z  * [new tag]             0.0.34                  -> 0.0.34
handle_failure	Checkout code	2025-10-10T15:42:59.5200629Z  * [new tag]             0.0.35                  -> 0.0.35
handle_failure	Checkout code	2025-10-10T15:42:59.5201546Z  * [new tag]             0.0.36                  -> 0.0.36
handle_failure	Checkout code	2025-10-10T15:42:59.5932815Z  * [new tag]             0.0.37                  -> 0.0.37
handle_failure	Checkout code	2025-10-10T15:42:59.5933759Z  * [new tag]             0.0.38                  -> 0.0.38
handle_failure	Checkout code	2025-10-10T15:42:59.5934618Z  * [new tag]             0.0.39                  -> 0.0.39
handle_failure	Checkout code	2025-10-10T15:42:59.5935283Z  * [new tag]             0.0.4                   -> 0.0.4
handle_failure	Checkout code	2025-10-10T15:42:59.5936069Z  * [new tag]             0.0.40                  -> 0.0.40
handle_failure	Checkout code	2025-10-10T15:42:59.5937374Z  * [new tag]             0.0.41                  -> 0.0.41
handle_failure	Checkout code	2025-10-10T15:42:59.6480165Z  * [new tag]             0.0.42                  -> 0.0.42
handle_failure	Checkout code	2025-10-10T15:42:59.6481681Z  * [new tag]             0.0.43                  -> 0.0.43
handle_failure	Checkout code	2025-10-10T15:42:59.6482521Z  * [new tag]             0.0.44                  -> 0.0.44
handle_failure	Checkout code	2025-10-10T15:42:59.6483266Z  * [new tag]             0.0.45                  -> 0.0.45
handle_failure	Checkout code	2025-10-10T15:42:59.6483979Z  * [new tag]             0.0.46                  -> 0.0.46
handle_failure	Checkout code	2025-10-10T15:42:59.8407449Z  * [new tag]             0.0.47                  -> 0.0.47
handle_failure	Checkout code	2025-10-10T15:42:59.8408769Z  * [new tag]             0.0.48                  -> 0.0.48
handle_failure	Checkout code	2025-10-10T15:42:59.8410254Z  * [new tag]             0.0.49                  -> 0.0.49
handle_failure	Checkout code	2025-10-10T15:42:59.8411525Z  * [new tag]             0.0.5                   -> 0.0.5
handle_failure	Checkout code	2025-10-10T15:42:59.8412738Z  * [new tag]             0.0.50                  -> 0.0.50
handle_failure	Checkout code	2025-10-10T15:42:59.8413982Z  * [new tag]             0.0.51                  -> 0.0.51
handle_failure	Checkout code	2025-10-10T15:42:59.8415204Z  * [new tag]             0.0.52                  -> 0.0.52
handle_failure	Checkout code	2025-10-10T15:42:59.8416466Z  * [new tag]             0.0.53                  -> 0.0.53
handle_failure	Checkout code	2025-10-10T15:42:59.8417706Z  * [new tag]             0.0.54                  -> 0.0.54
handle_failure	Checkout code	2025-10-10T15:42:59.8418923Z  * [new tag]             0.0.55                  -> 0.0.55
handle_failure	Checkout code	2025-10-10T15:42:59.9167728Z  * [new tag]             0.0.56                  -> 0.0.56
handle_failure	Checkout code	2025-10-10T15:42:59.9168698Z  * [new tag]             0.0.57                  -> 0.0.57
handle_failure	Checkout code	2025-10-10T15:42:59.9169737Z  * [new tag]             0.0.58                  -> 0.0.58
handle_failure	Checkout code	2025-10-10T15:42:59.9170592Z  * [new tag]             0.0.59                  -> 0.0.59
handle_failure	Checkout code	2025-10-10T15:42:59.9171519Z  * [new tag]             0.0.6                   -> 0.0.6
handle_failure	Checkout code	2025-10-10T15:42:59.9172396Z  * [new tag]             0.0.60                  -> 0.0.60
handle_failure	Checkout code	2025-10-10T15:42:59.9173260Z  * [new tag]             0.0.61                  -> 0.0.61
handle_failure	Checkout code	2025-10-10T15:42:59.9174201Z  * [new tag]             0.0.62                  -> 0.0.62
handle_failure	Checkout code	2025-10-10T15:42:59.9175087Z  * [new tag]             0.0.63                  -> 0.0.63
handle_failure	Checkout code	2025-10-10T15:42:59.9175943Z  * [new tag]             0.0.64                  -> 0.0.64
handle_failure	Checkout code	2025-10-10T15:42:59.9176789Z  * [new tag]             0.0.65                  -> 0.0.65
handle_failure	Checkout code	2025-10-10T15:42:59.9177928Z  * [new tag]             0.0.66                  -> 0.0.66
handle_failure	Checkout code	2025-10-10T15:42:59.9178861Z  * [new tag]             0.0.67                  -> 0.0.67
handle_failure	Checkout code	2025-10-10T15:42:59.9384607Z  * [new tag]             0.0.68                  -> 0.0.68
handle_failure	Checkout code	2025-10-10T15:42:59.9386081Z  * [new tag]             0.0.69                  -> 0.0.69
handle_failure	Checkout code	2025-10-10T15:42:59.9387324Z  * [new tag]             0.0.7                   -> 0.0.7
handle_failure	Checkout code	2025-10-10T15:42:59.9388561Z  * [new tag]             0.0.70                  -> 0.0.70
handle_failure	Checkout code	2025-10-10T15:42:59.9389874Z  * [new tag]             0.0.71                  -> 0.0.71
handle_failure	Checkout code	2025-10-10T15:42:59.9391105Z  * [new tag]             0.0.72                  -> 0.0.72
handle_failure	Checkout code	2025-10-10T15:42:59.9392429Z  * [new tag]             0.0.73                  -> 0.0.73
handle_failure	Checkout code	2025-10-10T15:42:59.9393626Z  * [new tag]             0.0.74                  -> 0.0.74
handle_failure	Checkout code	2025-10-10T15:42:59.9394797Z  * [new tag]             0.0.75                  -> 0.0.75
handle_failure	Checkout code	2025-10-10T15:42:59.9395972Z  * [new tag]             0.0.76                  -> 0.0.76
handle_failure	Checkout code	2025-10-10T15:42:59.9397191Z  * [new tag]             0.0.77                  -> 0.0.77
handle_failure	Checkout code	2025-10-10T15:42:59.9398170Z  * [new tag]             0.0.78                  -> 0.0.78
handle_failure	Checkout code	2025-10-10T15:43:00.4406907Z  * [new tag]             0.0.79                  -> 0.0.79
handle_failure	Checkout code	2025-10-10T15:43:00.4407867Z  * [new tag]             0.0.8                   -> 0.0.8
handle_failure	Checkout code	2025-10-10T15:43:00.4408751Z  * [new tag]             0.0.80                  -> 0.0.80
handle_failure	Checkout code	2025-10-10T15:43:00.4409752Z  * [new tag]             0.0.81                  -> 0.0.81
handle_failure	Checkout code	2025-10-10T15:43:00.4410679Z  * [new tag]             0.0.82                  -> 0.0.82
handle_failure	Checkout code	2025-10-10T15:43:00.4411690Z  * [new tag]             0.0.83                  -> 0.0.83
handle_failure	Checkout code	2025-10-10T15:43:00.4412478Z  * [new tag]             0.0.84                  -> 0.0.84
handle_failure	Checkout code	2025-10-10T15:43:00.4413299Z  * [new tag]             0.0.85                  -> 0.0.85
handle_failure	Checkout code	2025-10-10T15:43:00.4414130Z  * [new tag]             0.0.86                  -> 0.0.86
handle_failure	Checkout code	2025-10-10T15:43:00.4414954Z  * [new tag]             0.0.87                  -> 0.0.87
handle_failure	Checkout code	2025-10-10T15:43:00.4415779Z  * [new tag]             0.0.88                  -> 0.0.88
handle_failure	Checkout code	2025-10-10T15:43:00.4416589Z  * [new tag]             0.0.89                  -> 0.0.89
handle_failure	Checkout code	2025-10-10T15:43:00.4417834Z  * [new tag]             0.0.9                   -> 0.0.9
handle_failure	Checkout code	2025-10-10T15:43:00.4418639Z  * [new tag]             0.0.90                  -> 0.0.90
handle_failure	Checkout code	2025-10-10T15:43:00.4419436Z  * [new tag]             0.0.91                  -> 0.0.91
handle_failure	Checkout code	2025-10-10T15:43:00.4420359Z  * [new tag]             0.0.92                  -> 0.0.92
handle_failure	Checkout code	2025-10-10T15:43:00.4421199Z  * [new tag]             0.0.93                  -> 0.0.93
handle_failure	Checkout code	2025-10-10T15:43:00.4422174Z  * [new tag]             0.0.94                  -> 0.0.94
handle_failure	Checkout code	2025-10-10T15:43:00.4423004Z  * [new tag]             0.0.95                  -> 0.0.95
handle_failure	Checkout code	2025-10-10T15:43:00.4423833Z  * [new tag]             0.0.96                  -> 0.0.96
handle_failure	Checkout code	2025-10-10T15:43:00.4424646Z  * [new tag]             0.0.97                  -> 0.0.97
handle_failure	Checkout code	2025-10-10T15:43:00.4425478Z  * [new tag]             0.0.98                  -> 0.0.98
handle_failure	Checkout code	2025-10-10T15:43:00.4426286Z  * [new tag]             0.0.99                  -> 0.0.99
handle_failure	Checkout code	2025-10-10T15:43:00.4427123Z  * [new tag]             0.1.0                   -> 0.1.0
handle_failure	Checkout code	2025-10-10T15:43:00.4427971Z  * [new tag]             0.1.1                   -> 0.1.1
handle_failure	Checkout code	2025-10-10T15:43:00.4428793Z  * [new tag]             0.2.0                   -> 0.2.0
handle_failure	Checkout code	2025-10-10T15:43:00.4930914Z  * [new tag]             0.3.0                   -> 0.3.0
handle_failure	Checkout code	2025-10-10T15:43:00.4942251Z  * [new tag]             0.3.1                   -> 0.3.1
handle_failure	Checkout code	2025-10-10T15:43:00.4943292Z  * [new tag]             0.3.10                  -> 0.3.10
handle_failure	Checkout code	2025-10-10T15:43:00.4944140Z  * [new tag]             0.3.11                  -> 0.3.11
handle_failure	Checkout code	2025-10-10T15:43:00.4944885Z  * [new tag]             0.3.12                  -> 0.3.12
handle_failure	Checkout code	2025-10-10T15:43:00.4945650Z  * [new tag]             0.3.13                  -> 0.3.13
handle_failure	Checkout code	2025-10-10T15:43:00.4946412Z  * [new tag]             0.3.14                  -> 0.3.14
handle_failure	Checkout code	2025-10-10T15:43:00.4947194Z  * [new tag]             0.3.15                  -> 0.3.15
handle_failure	Checkout code	2025-10-10T15:43:00.4947989Z  * [new tag]             0.3.16                  -> 0.3.16
handle_failure	Checkout code	2025-10-10T15:43:00.4948822Z  * [new tag]             0.3.17                  -> 0.3.17
handle_failure	Checkout code	2025-10-10T15:43:00.4949694Z  * [new tag]             0.3.2                   -> 0.3.2
handle_failure	Checkout code	2025-10-10T15:43:00.4950505Z  * [new tag]             0.3.3                   -> 0.3.3
handle_failure	Checkout code	2025-10-10T15:43:00.4951284Z  * [new tag]             0.3.4                   -> 0.3.4
handle_failure	Checkout code	2025-10-10T15:43:00.4952088Z  * [new tag]             0.3.5                   -> 0.3.5
handle_failure	Checkout code	2025-10-10T15:43:00.4952868Z  * [new tag]             0.3.6                   -> 0.3.6
handle_failure	Checkout code	2025-10-10T15:43:00.4953670Z  * [new tag]             0.3.7                   -> 0.3.7
handle_failure	Checkout code	2025-10-10T15:43:00.4954380Z  * [new tag]             0.3.8                   -> 0.3.8
handle_failure	Checkout code	2025-10-10T15:43:00.4955171Z  * [new tag]             0.3.9                   -> 0.3.9
handle_failure	Checkout code	2025-10-10T15:43:00.4955986Z  * [new tag]             0.4.0                   -> 0.4.0
handle_failure	Checkout code	2025-10-10T15:43:00.4956764Z  * [new tag]             0.4.1                   -> 0.4.1
handle_failure	Checkout code	2025-10-10T15:43:00.4957541Z  * [new tag]             0.4.10                  -> 0.4.10
handle_failure	Checkout code	2025-10-10T15:43:00.4958838Z  * [new tag]             0.4.2                   -> 0.4.2
handle_failure	Checkout code	2025-10-10T15:43:00.5312148Z  * [new tag]             0.4.3                   -> 0.4.3
handle_failure	Checkout code	2025-10-10T15:43:00.5640714Z  * [new tag]             0.4.4                   -> 0.4.4
handle_failure	Checkout code	2025-10-10T15:43:00.5641863Z  * [new tag]             0.4.5                   -> 0.4.5
handle_failure	Checkout code	2025-10-10T15:43:00.5642652Z  * [new tag]             0.4.6                   -> 0.4.6
handle_failure	Checkout code	2025-10-10T15:43:00.5643411Z  * [new tag]             0.4.7                   -> 0.4.7
handle_failure	Checkout code	2025-10-10T15:43:00.5644159Z  * [new tag]             0.4.8                   -> 0.4.8
handle_failure	Checkout code	2025-10-10T15:43:00.5644903Z  * [new tag]             0.4.9                   -> 0.4.9
handle_failure	Checkout code	2025-10-10T15:43:08.1422366Z [command]/usr/bin/git branch --list --remote origin/H1968-modulo-personalizaci√≥n-del-portal-de-kaos-core
handle_failure	Checkout code	2025-10-10T15:43:08.1424428Z   origin/H1968-modulo-personalizaci√≥n-del-portal-de-kaos-core
handle_failure	Checkout code	2025-10-10T15:43:08.2187031Z [command]/usr/bin/git rev-parse refs/remotes/origin/H1968-modulo-personalizaci√≥n-del-portal-de-kaos-core
handle_failure	Checkout code	2025-10-10T15:43:08.3824502Z ac8e4585e830382206148d84436cc85741ff21e5
handle_failure	Checkout code	2025-10-10T15:43:08.4591164Z ##[endgroup]
handle_failure	Checkout code	2025-10-10T15:43:08.4592348Z ##[group]Determining the checkout info
handle_failure	Checkout code	2025-10-10T15:43:08.4593361Z ##[endgroup]
handle_failure	Checkout code	2025-10-10T15:43:08.4593927Z [command]/usr/bin/git sparse-checkout disable
handle_failure	Checkout code	2025-10-10T15:43:08.5100893Z [command]/usr/bin/git config --local --unset-all extensions.worktreeConfig
handle_failure	Checkout code	2025-10-10T15:43:08.5103519Z ##[group]Checking out the ref
handle_failure	Checkout code	2025-10-10T15:43:08.5110165Z [command]/usr/bin/git checkout --progress --force -B H1968-modulo-personalizaci√≥n-del-portal-de-kaos-core refs/remotes/origin/H1968-modulo-personalizaci√≥n-del-portal-de-kaos-core
handle_failure	Checkout code	2025-10-10T15:43:08.5112644Z Updating files:  15% (120/798)
handle_failure	Checkout code	2025-10-10T15:43:08.5113674Z Updating files:  16% (128/798)
handle_failure	Checkout code	2025-10-10T15:43:08.5114300Z Updating files:  17% (136/798)
handle_failure	Checkout code	2025-10-10T15:43:08.5114997Z Updating files:  17% (138/798)
handle_failure	Checkout code	2025-10-10T15:43:08.5115573Z Updating files:  17% (139/798)
handle_failure	Checkout code	2025-10-10T15:43:08.5116200Z Updating files:  18% (144/798)
handle_failure	Checkout code	2025-10-10T15:43:08.5116788Z Updating files:  18% (147/798)
handle_failure	Checkout code	2025-10-10T15:43:08.5117414Z Updating files:  18% (149/798)
handle_failure	Checkout code	2025-10-10T15:43:08.5117999Z Updating files:  19% (152/798)
handle_failure	Checkout code	2025-10-10T15:43:08.5118588Z Updating files:  20% (160/798)
handle_failure	Checkout code	2025-10-10T15:43:08.5119164Z Updating files:  21% (168/798)
handle_failure	Checkout code	2025-10-10T15:43:08.7296128Z Updating files:  22% (176/798)
handle_failure	Checkout code	2025-10-10T15:43:10.4657347Z Updating files:  23% (184/798)
handle_failure	Checkout code	2025-10-10T15:43:12.7481932Z Updating files:  23% (187/798)
handle_failure	Checkout code	2025-10-10T15:43:14.9197841Z Updating files:  23% (188/798)
handle_failure	Checkout code	2025-10-10T15:43:14.9457511Z Updating files:  23% (191/798)
handle_failure	Checkout code	2025-10-10T15:43:15.5559835Z Updating files:  24% (192/798)
handle_failure	Checkout code	2025-10-10T15:43:17.3311593Z Updating files:  24% (195/798)
handle_failure	Checkout code	2025-10-10T15:43:17.3861514Z Updating files:  24% (199/798)
handle_failure	Checkout code	2025-10-10T15:43:20.7547756Z Updating files:  25% (200/798)
handle_failure	Checkout code	2025-10-10T15:43:23.6236425Z Updating files:  25% (201/798)
handle_failure	Checkout code	2025-10-10T15:43:24.5301326Z Updating files:  25% (203/798)
handle_failure	Checkout code	2025-10-10T15:43:32.0495525Z Updating files:  26% (208/798)
handle_failure	Checkout code	2025-10-10T15:43:32.5259113Z Updating files:  26% (213/798)
handle_failure	Checkout code	2025-10-10T15:43:32.5259889Z Updating files:  26% (215/798)
handle_failure	Checkout code	2025-10-10T15:43:33.0164099Z Updating files:  27% (216/798)
handle_failure	Checkout code	2025-10-10T15:43:33.0273003Z Updating files:  28% (224/798)
handle_failure	Checkout code	2025-10-10T15:43:33.0400802Z Updating files:  29% (232/798)
handle_failure	Checkout code	2025-10-10T15:43:34.8931014Z Updating files:  30% (240/798)
handle_failure	Checkout code	2025-10-10T15:43:34.9354443Z Updating files:  30% (241/798)
handle_failure	Checkout code	2025-10-10T15:43:41.7215874Z Updating files:  31% (248/798)
handle_failure	Checkout code	2025-10-10T15:43:41.7251242Z Updating files:  31% (254/798)
handle_failure	Checkout code	2025-10-10T15:43:41.9946657Z Updating files:  32% (256/798)
handle_failure	Checkout code	2025-10-10T15:43:42.1697518Z Updating files:  33% (264/798)
handle_failure	Checkout code	2025-10-10T15:43:42.3450779Z Updating files:  34% (272/798)
handle_failure	Checkout code	2025-10-10T15:43:42.3452553Z Updating files:  35% (280/798)
handle_failure	Checkout code	2025-10-10T15:43:46.0641379Z Updating files:  36% (288/798)
handle_failure	Checkout code	2025-10-10T15:43:46.0642904Z Updating files:  36% (293/798)
handle_failure	Checkout code	2025-10-10T15:43:49.0921237Z Updating files:  37% (296/798)
handle_failure	Checkout code	2025-10-10T15:43:49.0922717Z Updating files:  37% (298/798)
handle_failure	Checkout code	2025-10-10T15:43:49.3594739Z Updating files:  38% (304/798)
handle_failure	Checkout code	2025-10-10T15:43:49.4008897Z Updating files:  39% (312/798)
handle_failure	Checkout code	2025-10-10T15:43:49.4065292Z Updating files:  40% (320/798)
handle_failure	Checkout code	2025-10-10T15:43:49.4065995Z Updating files:  40% (321/798)
handle_failure	Checkout code	2025-10-10T15:43:49.4066616Z Updating files:  41% (328/798)
handle_failure	Checkout code	2025-10-10T15:43:49.4067208Z Updating files:  42% (336/798)
handle_failure	Checkout code	2025-10-10T15:43:49.5906763Z Updating files:  43% (344/798)
handle_failure	Checkout code	2025-10-10T15:43:49.5911224Z Updating files:  44% (352/798)
handle_failure	Checkout code	2025-10-10T15:43:49.5971097Z Updating files:  45% (360/798)
handle_failure	Checkout code	2025-10-10T15:43:50.7036822Z Updating files:  46% (368/798)
handle_failure	Checkout code	2025-10-10T15:43:50.7040357Z Updating files:  46% (374/798)
handle_failure	Checkout code	2025-10-10T15:43:50.7052235Z Updating files:  47% (376/798)
handle_failure	Checkout code	2025-10-10T15:43:50.7053523Z Updating files:  48% (384/798)
handle_failure	Checkout code	2025-10-10T15:43:50.7485876Z Updating files:  49% (392/798)
handle_failure	Checkout code	2025-10-10T15:43:50.7939104Z Updating files:  50% (399/798)
handle_failure	Checkout code	2025-10-10T15:43:51.5596470Z Updating files:  51% (407/798)
handle_failure	Checkout code	2025-10-10T15:43:59.4024328Z Updating files:  51% (410/798)
handle_failure	Checkout code	2025-10-10T15:44:00.1771723Z Updating files:  51% (412/798)
handle_failure	Checkout code	2025-10-10T15:44:00.4477150Z Updating files:  52% (415/798)
handle_failure	Checkout code	2025-10-10T15:44:01.9141708Z Updating files:  52% (416/798)
handle_failure	Checkout code	2025-10-10T15:44:05.7442623Z Updating files:  52% (417/798)
handle_failure	Checkout code	2025-10-10T15:44:06.5924201Z Updating files:  52% (419/798)
handle_failure	Checkout code	2025-10-10T15:44:06.8741100Z Updating files:  52% (421/798)
handle_failure	Checkout code	2025-10-10T15:44:14.0167591Z Updating files:  53% (423/798)
handle_failure	Checkout code	2025-10-10T15:44:14.9630964Z Updating files:  53% (424/798)
handle_failure	Checkout code	2025-10-10T15:44:15.6215304Z Updating files:  53% (425/798)
handle_failure	Checkout code	2025-10-10T15:44:17.6845179Z Updating files:  53% (428/798)
handle_failure	Checkout code	2025-10-10T15:44:23.0082264Z Updating files:  53% (429/798)
handle_failure	Checkout code	2025-10-10T15:44:23.3300566Z Updating files:  53% (430/798)
handle_failure	Checkout code	2025-10-10T15:44:23.7125161Z Updating files:  54% (431/798)
handle_failure	Checkout code	2025-10-10T15:44:29.9798554Z Updating files:  54% (432/798)
handle_failure	Checkout code	2025-10-10T15:44:30.6753606Z Updating files:  54% (436/798)
handle_failure	Checkout code	2025-10-10T15:44:30.9523554Z Updating files:  54% (437/798)
handle_failure	Checkout code	2025-10-10T15:44:31.4765959Z Updating files:  55% (439/798)
handle_failure	Checkout code	2025-10-10T15:44:33.1897490Z Updating files:  55% (442/798)
handle_failure	Checkout code	2025-10-10T15:44:33.4289993Z Updating files:  56% (447/798)
handle_failure	Checkout code	2025-10-10T15:44:35.5831667Z Updating files:  56% (450/798)
handle_failure	Checkout code	2025-10-10T15:44:39.5041905Z Updating files:  56% (451/798)
handle_failure	Checkout code	2025-10-10T15:44:40.5541161Z Updating files:  56% (452/798)
handle_failure	Checkout code	2025-10-10T15:44:42.6977456Z Updating files:  57% (455/798)
handle_failure	Checkout code	2025-10-10T15:44:45.9817560Z Updating files:  57% (457/798)
handle_failure	Checkout code	2025-10-10T15:44:46.7860631Z Updating files:  57% (459/798)
handle_failure	Checkout code	2025-10-10T15:44:47.4543544Z Updating files:  57% (461/798)
handle_failure	Checkout code	2025-10-10T15:44:49.3022661Z Updating files:  58% (463/798)
handle_failure	Checkout code	2025-10-10T15:44:52.5343888Z Updating files:  58% (465/798)
handle_failure	Checkout code	2025-10-10T15:44:54.3933154Z Updating files:  58% (467/798)
handle_failure	Checkout code	2025-10-10T15:44:56.5093898Z Updating files:  58% (469/798)
handle_failure	Checkout code	2025-10-10T15:44:58.9840694Z Updating files:  58% (470/798)
handle_failure	Checkout code	2025-10-10T15:44:59.4296048Z Updating files:  59% (471/798)
handle_failure	Checkout code	2025-10-10T15:45:00.4148346Z Updating files:  59% (473/798)
handle_failure	Checkout code	2025-10-10T15:45:01.4111475Z Updating files:  60% (479/798)
handle_failure	Checkout code	2025-10-10T15:45:02.4072650Z Updating files:  60% (482/798)
handle_failure	Checkout code	2025-10-10T15:45:02.4875088Z Updating files:  60% (486/798)
handle_failure	Checkout code	2025-10-10T15:45:03.8362897Z Updating files:  61% (487/798)
handle_failure	Checkout code	2025-10-10T15:45:06.0414825Z Updating files:  61% (488/798)
handle_failure	Checkout code	2025-10-10T15:45:06.4418420Z Updating files:  61% (489/798)
handle_failure	Checkout code	2025-10-10T15:45:07.4552953Z Updating files:  61% (490/798)
handle_failure	Checkout code	2025-10-10T15:45:07.5668174Z Updating files:  61% (494/798)
handle_failure	Checkout code	2025-10-10T15:45:08.8228490Z Updating files:  62% (495/798)
handle_failure	Checkout code	2025-10-10T15:45:10.3799467Z Updating files:  62% (498/798)
handle_failure	Checkout code	2025-10-10T15:45:11.9268331Z Updating files:  62% (500/798)
handle_failure	Checkout code	2025-10-10T15:45:13.1974073Z Updating files:  62% (501/798)
handle_failure	Checkout code	2025-10-10T15:45:13.7716459Z Updating files:  62% (502/798)
handle_failure	Checkout code	2025-10-10T15:45:14.5787272Z Updating files:  63% (503/798)
handle_failure	Checkout code	2025-10-10T15:45:15.8940489Z Updating files:  63% (507/798)
handle_failure	Checkout code	2025-10-10T15:45:17.0481006Z Updating files:  64% (511/798)
handle_failure	Checkout code	2025-10-10T15:45:19.4981488Z Updating files:  64% (515/798)
handle_failure	Checkout code	2025-10-10T15:45:21.7853368Z Updating files:  64% (516/798)
handle_failure	Checkout code	2025-10-10T15:45:21.7901525Z Updating files:  64% (517/798)
handle_failure	Checkout code	2025-10-10T15:45:21.8440093Z Updating files:  65% (519/798)
handle_failure	Checkout code	2025-10-10T15:45:21.8631031Z Updating files:  66% (527/798)
handle_failure	Checkout code	2025-10-10T15:45:22.3936878Z Updating files:  67% (535/798)
handle_failure	Checkout code	2025-10-10T15:45:22.4443397Z Updating files:  68% (543/798)
handle_failure	Checkout code	2025-10-10T15:45:22.4449217Z Updating files:  69% (551/798)
handle_failure	Checkout code	2025-10-10T15:45:22.5160442Z Updating files:  70% (559/798)
handle_failure	Checkout code	2025-10-10T15:45:22.5166781Z Updating files:  71% (567/798)
handle_failure	Checkout code	2025-10-10T15:45:22.5672109Z Updating files:  72% (575/798)
handle_failure	Checkout code	2025-10-10T15:45:22.7584372Z Updating files:  73% (583/798)
handle_failure	Checkout code	2025-10-10T15:45:22.8225059Z Updating files:  74% (591/798)
handle_failure	Checkout code	2025-10-10T15:45:22.8231158Z Updating files:  75% (599/798)
handle_failure	Checkout code	2025-10-10T15:45:22.8295649Z Updating files:  76% (607/798)
handle_failure	Checkout code	2025-10-10T15:45:22.8453130Z Updating files:  77% (615/798)
handle_failure	Checkout code	2025-10-10T15:45:22.9552738Z Updating files:  78% (623/798)
handle_failure	Checkout code	2025-10-10T15:45:23.1610568Z Updating files:  79% (631/798)
handle_failure	Checkout code	2025-10-10T15:45:23.1844224Z Updating files:  80% (639/798)
handle_failure	Checkout code	2025-10-10T15:45:23.2493845Z Updating files:  81% (647/798)
handle_failure	Checkout code	2025-10-10T15:45:23.3085472Z Updating files:  82% (655/798)
handle_failure	Checkout code	2025-10-10T15:45:23.3617010Z Updating files:  83% (663/798)
handle_failure	Checkout code	2025-10-10T15:45:23.5681153Z Updating files:  84% (671/798)
handle_failure	Checkout code	2025-10-10T15:45:23.6465072Z Updating files:  85% (679/798)
handle_failure	Checkout code	2025-10-10T15:45:23.6483885Z Updating files:  86% (687/798)
handle_failure	Checkout code	2025-10-10T15:45:23.6552961Z Updating files:  87% (695/798)
handle_failure	Checkout code	2025-10-10T15:45:23.6840539Z Updating files:  88% (703/798)
handle_failure	Checkout code	2025-10-10T15:45:23.7217956Z Updating files:  89% (711/798)
handle_failure	Checkout code	2025-10-10T15:45:23.7462082Z Updating files:  90% (719/798)
handle_failure	Checkout code	2025-10-10T15:45:23.7921360Z Updating files:  91% (727/798)
handle_failure	Checkout code	2025-10-10T15:45:23.8087214Z Updating files:  92% (735/798)
handle_failure	Checkout code	2025-10-10T15:45:23.8401215Z Updating files:  93% (743/798)
handle_failure	Checkout code	2025-10-10T15:45:23.8651221Z Updating files:  94% (751/798)
handle_failure	Checkout code	2025-10-10T15:45:23.8879892Z Updating files:  95% (759/798)
handle_failure	Checkout code	2025-10-10T15:45:23.9461895Z Updating files:  96% (767/798)
handle_failure	Checkout code	2025-10-10T15:45:23.9462630Z Updating files:  97% (775/798)
handle_failure	Checkout code	2025-10-10T15:45:24.0939178Z Updating files:  98% (783/798)
handle_failure	Checkout code	2025-10-10T15:45:24.1326409Z Updating files:  99% (791/798)
handle_failure	Checkout code	2025-10-10T15:45:24.1413238Z Updating files: 100% (798/798)
handle_failure	Checkout code	2025-10-10T15:45:24.1565518Z Updating files: 100% (798/798), done.
handle_failure	Checkout code	2025-10-10T15:45:24.1611019Z Switched to a new branch 'H1968-modulo-personalizaci√≥n-del-portal-de-kaos-core'
handle_failure	Checkout code	2025-10-10T15:45:24.1969446Z branch 'H1968-modulo-personalizaci√≥n-del-portal-de-kaos-core' set up to track 'origin/H1968-modulo-personalizaci√≥n-del-portal-de-kaos-core'.
handle_failure	Checkout code	2025-10-10T15:45:24.5203268Z ##[endgroup]
handle_failure	Checkout code	2025-10-10T15:45:24.6345887Z [command]/usr/bin/git log -1 --format=%H
handle_failure	Checkout code	2025-10-10T15:45:24.8337979Z ac8e4585e830382206148d84436cc85741ff21e5
handle_failure	handle-failure-execution	Ôªø2025-10-10T15:45:32.8164342Z ##[group]Run echo "Error detected in process"
handle_failure	handle-failure-execution	2025-10-10T15:45:32.8165413Z [36;1mecho "Error detected in process"[0m
handle_failure	handle-failure-execution	2025-10-10T15:45:32.8166137Z [36;1mecho "Created issue"[0m
handle_failure	handle-failure-execution	2025-10-10T15:45:32.8168515Z [36;1mgh issue create  --title "[Ka0S] JSONLINT Error detected in 18411091311" --label "bug" --body "Please check the logs 'https://github.com/Ka0s-Klaus/ka0s/actions/runs/18411091311' for more information of error."[0m
handle_failure	handle-failure-execution	2025-10-10T15:45:32.8171568Z [36;1mecho "Add comment to origin target"[0m
handle_failure	handle-failure-execution	2025-10-10T15:45:32.8174023Z [36;1mRNNUMBER=$(echo "refs/heads/H1968-modulo-personalizaci√≥n-del-portal-de-kaos-core" | grep -o '[0-9]*')[0m
handle_failure	handle-failure-execution	2025-10-10T15:45:32.8176605Z [36;1mgh issue comment $RNNUMBER --body "El proceso no ha finalizado correctamente 18411091311. El resultado est√° en el fichero 18411091311.log"[0m
handle_failure	handle-failure-execution	2025-10-10T15:45:33.1872264Z shell: /usr/bin/bash -e {0}
handle_failure	handle-failure-execution	2025-10-10T15:45:33.2136071Z env:
handle_failure	handle-failure-execution	2025-10-10T15:45:33.2136955Z   KAOS_MODULE: [Ka0S] JSONLINT
handle_failure	handle-failure-execution	2025-10-10T15:45:33.3397821Z   GH_TOKEN: ***
handle_failure	handle-failure-execution	2025-10-10T15:45:33.3399211Z   KAOS_JSONLINT_CONFIG: core/config/.jsonlint.json
handle_failure	handle-failure-execution	2025-10-10T15:45:33.3400378Z   KAOS_PATH_RESUME: audit/jsonlint/
handle_failure	handle-failure-execution	2025-10-10T15:45:33.3401166Z   KAOS_REPO: /actions-runner/_work/kaos/kaos
handle_failure	handle-failure-execution	2025-10-10T15:45:33.3402264Z   KAOS_STEP_MODULE: 
handle_failure	handle-failure-execution	2025-10-10T15:45:33.3404150Z   KAOS_CODE: 18411091311
handle_failure	handle-failure-execution	2025-10-10T15:45:33.3550664Z   KAOS_REF_BRANCH: main
handle_failure	handle-failure-execution	2025-10-10T15:45:33.3551215Z ##[endgroup]
handle_failure	handle-failure-execution	2025-10-10T15:45:34.1051647Z Error detected in process
handle_failure	handle-failure-execution	2025-10-10T15:45:34.1052238Z Created issue
handle_failure	handle-failure-execution	2025-10-10T15:45:39.3291266Z https://github.com/Ka0s-Klaus/ka0s/issues/2120
handle_failure	handle-failure-execution	2025-10-10T15:45:39.3292844Z Add comment to origin target
handle_failure	handle-failure-execution	2025-10-10T15:45:40.8434984Z https://github.com/Ka0s-Klaus/ka0s/issues/1968#issuecomment-3390859121
handle_failure	Post Checkout code	Ôªø2025-10-10T15:45:44.7420976Z Post job cleanup.
handle_failure	Post Checkout code	2025-10-10T15:45:50.4721520Z [command]/usr/bin/git version
handle_failure	Post Checkout code	2025-10-10T15:45:50.6330001Z git version 2.51.0
handle_failure	Post Checkout code	2025-10-10T15:45:51.6580327Z Temporarily overriding HOME='/home/runner/_work/_temp/4762f11c-3029-443f-a66c-42b3471c5cd4' before making global git config changes
handle_failure	Post Checkout code	2025-10-10T15:45:51.6585464Z Adding repository directory to the temporary git global config as a safe directory
handle_failure	Post Checkout code	2025-10-10T15:45:51.7229764Z [command]/usr/bin/git config --global --add safe.directory /home/runner/_work/ka0s/ka0s
handle_failure	Post Checkout code	2025-10-10T15:45:52.0310458Z [command]/usr/bin/git config --local --name-only --get-regexp core\.sshCommand
handle_failure	Post Checkout code	2025-10-10T15:45:52.2142670Z [command]/usr/bin/git submodule foreach --recursive sh -c "git config --local --name-only --get-regexp 'core\.sshCommand' && git config --local --unset-all 'core.sshCommand' || :"
handle_failure	Post Checkout code	2025-10-10T15:45:52.9441690Z [command]/usr/bin/git config --local --name-only --get-regexp http\.https\:\/\/github\.com\/\.extraheader
handle_failure	Post Checkout code	2025-10-10T15:45:52.9657214Z http.https://github.com/.extraheader
handle_failure	Post Checkout code	2025-10-10T15:45:52.9753287Z [command]/usr/bin/git config --local --unset-all http.https://github.com/.extraheader
handle_failure	Post Checkout code	2025-10-10T15:45:53.1372025Z [command]/usr/bin/git submodule foreach --recursive sh -c "git config --local --name-only --get-regexp 'http\.https\:\/\/github\.com\/\.extraheader' && git config --local --unset-all 'http.https://github.com/.extraheader' || :"
handle_failure	Complete job	Ôªø2025-10-10T15:45:55.1223963Z Cleaning up orphan processes
end-workflow	Set up job	Ôªø2025-10-10T15:46:05.8905976Z Current runner version: '2.328.0'
end-workflow	Set up job	2025-10-10T15:46:05.8916887Z Runner name: '4748e063774c'
end-workflow	Set up job	2025-10-10T15:46:05.8917762Z Runner group name: 'swarm-runners'
end-workflow	Set up job	2025-10-10T15:46:05.8918752Z Machine name: '4748e063774c'
end-workflow	Set up job	2025-10-10T15:46:05.8922655Z ##[group]GITHUB_TOKEN Permissions
end-workflow	Set up job	2025-10-10T15:46:05.8926056Z Actions: write
end-workflow	Set up job	2025-10-10T15:46:05.8926634Z Contents: write
end-workflow	Set up job	2025-10-10T15:46:05.8927287Z Issues: write
end-workflow	Set up job	2025-10-10T15:46:05.8927921Z Metadata: read
end-workflow	Set up job	2025-10-10T15:46:05.8928470Z PullRequests: write
end-workflow	Set up job	2025-10-10T15:46:05.8929133Z ##[endgroup]
end-workflow	Set up job	2025-10-10T15:46:05.8931742Z Secret source: Actions
end-workflow	Set up job	2025-10-10T15:46:05.8932491Z Prepare workflow directory
end-workflow	Set up job	2025-10-10T15:46:05.9699250Z Prepare all required actions
end-workflow	Set up job	2025-10-10T15:46:05.9795521Z Getting action download info
end-workflow	Set up job	2025-10-10T15:46:06.5611595Z Download action repository 'actions/checkout@v4' (SHA:08eba0b27e820071cde6df949e0beb9ba4906955)
end-workflow	Set up job	2025-10-10T15:46:07.4839137Z Complete job name: end-workflow
end-workflow	Checkout code	Ôªø2025-10-10T15:46:07.5951588Z ##[group]Run actions/checkout@v4
end-workflow	Checkout code	2025-10-10T15:46:07.5962808Z with:
end-workflow	Checkout code	2025-10-10T15:46:07.5963572Z   fetch-depth: 0
end-workflow	Checkout code	2025-10-10T15:46:07.5964402Z   token: ***
end-workflow	Checkout code	2025-10-10T15:46:07.5964901Z   repository: Ka0s-Klaus/ka0s
end-workflow	Checkout code	2025-10-10T15:46:07.5965457Z   ssh-strict: true
end-workflow	Checkout code	2025-10-10T15:46:07.5965931Z   ssh-user: git
end-workflow	Checkout code	2025-10-10T15:46:07.5966411Z   persist-credentials: true
end-workflow	Checkout code	2025-10-10T15:46:07.5966962Z   clean: true
end-workflow	Checkout code	2025-10-10T15:46:07.5967471Z   sparse-checkout-cone-mode: true
end-workflow	Checkout code	2025-10-10T15:46:07.5968041Z   fetch-tags: false
end-workflow	Checkout code	2025-10-10T15:46:07.5968569Z   show-progress: true
end-workflow	Checkout code	2025-10-10T15:46:07.5969076Z   lfs: false
end-workflow	Checkout code	2025-10-10T15:46:07.5969524Z   submodules: false
end-workflow	Checkout code	2025-10-10T15:46:07.5972679Z   set-safe-directory: true
end-workflow	Checkout code	2025-10-10T15:46:07.5974549Z env:
end-workflow	Checkout code	2025-10-10T15:46:07.5975043Z   KAOS_MODULE: [Ka0S] JSONLINT
end-workflow	Checkout code	2025-10-10T15:46:07.5977689Z   GH_TOKEN: ***
end-workflow	Checkout code	2025-10-10T15:46:07.5978312Z   KAOS_JSONLINT_CONFIG: core/config/.jsonlint.json
end-workflow	Checkout code	2025-10-10T15:46:07.5978970Z   KAOS_PATH_RESUME: audit/jsonlint/
end-workflow	Checkout code	2025-10-10T15:46:07.5979669Z   KAOS_REPO: /actions-runner/_work/kaos/kaos
end-workflow	Checkout code	2025-10-10T15:46:07.5980323Z   KAOS_STEP_MODULE: 
end-workflow	Checkout code	2025-10-10T15:46:07.5980820Z   KAOS_CODE: 18411091311
end-workflow	Checkout code	2025-10-10T15:46:07.5981322Z   KAOS_REF_BRANCH: main
end-workflow	Checkout code	2025-10-10T15:46:07.5981815Z ##[endgroup]
end-workflow	Checkout code	2025-10-10T15:46:07.9066684Z Syncing repository: Ka0s-Klaus/ka0s
end-workflow	Checkout code	2025-10-10T15:46:07.9069050Z ##[group]Getting Git version info
end-workflow	Checkout code	2025-10-10T15:46:07.9069906Z Working directory is '/home/runner/_work/ka0s/ka0s'
end-workflow	Checkout code	2025-10-10T15:46:07.9071375Z [command]/usr/bin/git version
end-workflow	Checkout code	2025-10-10T15:46:07.9072025Z git version 2.51.0
end-workflow	Checkout code	2025-10-10T15:46:07.9074182Z ##[endgroup]
end-workflow	Checkout code	2025-10-10T15:46:07.9080505Z Copying '/home/runner/.gitconfig' to '/home/runner/_work/_temp/0488f650-44f5-440a-9fae-a1276d9b5313/.gitconfig'
end-workflow	Checkout code	2025-10-10T15:46:07.9082714Z Temporarily overriding HOME='/home/runner/_work/_temp/0488f650-44f5-440a-9fae-a1276d9b5313' before making global git config changes
end-workflow	Checkout code	2025-10-10T15:46:07.9152071Z Adding repository directory to the temporary git global config as a safe directory
end-workflow	Checkout code	2025-10-10T15:46:07.9153875Z [command]/usr/bin/git config --global --add safe.directory /home/runner/_work/ka0s/ka0s
end-workflow	Checkout code	2025-10-10T15:46:07.9156059Z [command]/usr/bin/git config --local --get remote.origin.url
end-workflow	Checkout code	2025-10-10T15:46:07.9156970Z https://github.com/Ka0s-Klaus/ka0s
end-workflow	Checkout code	2025-10-10T15:46:07.9159064Z ##[group]Removing previously created refs, to avoid conflicts
end-workflow	Checkout code	2025-10-10T15:46:07.9160262Z [command]/usr/bin/git rev-parse --symbolic-full-name --verify --quiet HEAD
end-workflow	Checkout code	2025-10-10T15:46:07.9161773Z refs/heads/H1968-modulo-personalizaci√≥n-del-portal-de-kaos-core
end-workflow	Checkout code	2025-10-10T15:46:07.9163578Z [command]/usr/bin/git checkout --detach
end-workflow	Checkout code	2025-10-10T15:46:07.9164638Z HEAD is now at ac8e4585e [Ka0S] Uploading resume execution files to the repository...
end-workflow	Checkout code	2025-10-10T15:46:07.9169075Z [command]/usr/bin/git branch --delete --force H1968-modulo-personalizaci√≥n-del-portal-de-kaos-core
end-workflow	Checkout code	2025-10-10T15:46:07.9170796Z Deleted branch H1968-modulo-personalizaci√≥n-del-portal-de-kaos-core (was ac8e4585e).
end-workflow	Checkout code	2025-10-10T15:46:07.9228816Z ##[endgroup]
end-workflow	Checkout code	2025-10-10T15:46:07.9229585Z [command]/usr/bin/git submodule status
end-workflow	Checkout code	2025-10-10T15:46:07.9865127Z ##[group]Cleaning the repository
end-workflow	Checkout code	2025-10-10T15:46:07.9865983Z [command]/usr/bin/git clean -ffdx
end-workflow	Checkout code	2025-10-10T15:46:07.9929492Z [command]/usr/bin/git reset --hard HEAD
end-workflow	Checkout code	2025-10-10T15:46:08.0036285Z HEAD is now at ac8e4585e [Ka0S] Uploading resume execution files to the repository...
end-workflow	Checkout code	2025-10-10T15:46:08.0059176Z ##[endgroup]
end-workflow	Checkout code	2025-10-10T15:46:08.0060134Z ##[group]Disabling automatic garbage collection
end-workflow	Checkout code	2025-10-10T15:46:08.0061008Z [command]/usr/bin/git config --local gc.auto 0
end-workflow	Checkout code	2025-10-10T15:46:08.0091657Z ##[endgroup]
end-workflow	Checkout code	2025-10-10T15:46:08.0094349Z ##[group]Setting up auth
end-workflow	Checkout code	2025-10-10T15:46:08.0104124Z [command]/usr/bin/git config --local --name-only --get-regexp core\.sshCommand
end-workflow	Checkout code	2025-10-10T15:46:08.0194458Z [command]/usr/bin/git submodule foreach --recursive sh -c "git config --local --name-only --get-regexp 'core\.sshCommand' && git config --local --unset-all 'core.sshCommand' || :"
end-workflow	Checkout code	2025-10-10T15:46:08.1147654Z [command]/usr/bin/git config --local --name-only --get-regexp http\.https\:\/\/github\.com\/\.extraheader
end-workflow	Checkout code	2025-10-10T15:46:08.1203511Z [command]/usr/bin/git submodule foreach --recursive sh -c "git config --local --name-only --get-regexp 'http\.https\:\/\/github\.com\/\.extraheader' && git config --local --unset-all 'http.https://github.com/.extraheader' || :"
end-workflow	Checkout code	2025-10-10T15:46:08.1935404Z [command]/usr/bin/git config --local http.https://github.com/.extraheader AUTHORIZATION: basic ***
end-workflow	Checkout code	2025-10-10T15:46:08.2066975Z ##[endgroup]
end-workflow	Checkout code	2025-10-10T15:46:08.2109496Z ##[group]Fetching the repository
end-workflow	Checkout code	2025-10-10T15:46:08.2112411Z [command]/usr/bin/git -c protocol.version=2 fetch --prune --no-recurse-submodules origin +refs/heads/*:refs/remotes/origin/* +refs/tags/*:refs/tags/*
end-workflow	Checkout code	2025-10-10T15:46:09.3754282Z From https://github.com/Ka0s-Klaus/ka0s
end-workflow	Checkout code	2025-10-10T15:46:09.3758493Z    ac8e4585e..737b5f816  H1968-modulo-personalizaci√≥n-del-portal-de-kaos-core -> origin/H1968-modulo-personalizaci√≥n-del-portal-de-kaos-core
end-workflow	Checkout code	2025-10-10T15:46:09.3770486Z    ac1e61281..9314ec959  main       -> origin/main
end-workflow	Checkout code	2025-10-10T15:46:09.3845561Z [command]/usr/bin/git branch --list --remote origin/H1968-modulo-personalizaci√≥n-del-portal-de-kaos-core
end-workflow	Checkout code	2025-10-10T15:46:09.3922081Z   origin/H1968-modulo-personalizaci√≥n-del-portal-de-kaos-core
end-workflow	Checkout code	2025-10-10T15:46:09.3947099Z [command]/usr/bin/git rev-parse refs/remotes/origin/H1968-modulo-personalizaci√≥n-del-portal-de-kaos-core
end-workflow	Checkout code	2025-10-10T15:46:09.3988555Z 737b5f816de41586c80b7bfb84e80b09d4c446a5
end-workflow	Checkout code	2025-10-10T15:46:09.4037564Z [command]/usr/bin/git -c protocol.version=2 fetch --no-tags --prune --no-recurse-submodules origin +ac8e4585e830382206148d84436cc85741ff21e5:refs/remotes/origin/H1968-modulo-personalizaci√≥n-del-portal-de-kaos-core
end-workflow	Checkout code	2025-10-10T15:46:09.4284474Z From https://github.com/Ka0s-Klaus/ka0s
end-workflow	Checkout code	2025-10-10T15:46:09.4293036Z  + 737b5f816...ac8e4585e ac8e4585e830382206148d84436cc85741ff21e5 -> origin/H1968-modulo-personalizaci√≥n-del-portal-de-kaos-core  (forced update)
end-workflow	Checkout code	2025-10-10T15:46:09.4350016Z ##[endgroup]
end-workflow	Checkout code	2025-10-10T15:46:09.4362846Z ##[group]Determining the checkout info
end-workflow	Checkout code	2025-10-10T15:46:09.4368852Z ##[endgroup]
end-workflow	Checkout code	2025-10-10T15:46:09.4375420Z [command]/usr/bin/git sparse-checkout disable
end-workflow	Checkout code	2025-10-10T15:46:09.4478522Z [command]/usr/bin/git config --local --unset-all extensions.worktreeConfig
end-workflow	Checkout code	2025-10-10T15:46:09.4531233Z ##[group]Checking out the ref
end-workflow	Checkout code	2025-10-10T15:46:09.4542343Z [command]/usr/bin/git checkout --progress --force -B H1968-modulo-personalizaci√≥n-del-portal-de-kaos-core refs/remotes/origin/H1968-modulo-personalizaci√≥n-del-portal-de-kaos-core
end-workflow	Checkout code	2025-10-10T15:46:09.4647448Z Switched to a new branch 'H1968-modulo-personalizaci√≥n-del-portal-de-kaos-core'
end-workflow	Checkout code	2025-10-10T15:46:09.4659860Z branch 'H1968-modulo-personalizaci√≥n-del-portal-de-kaos-core' set up to track 'origin/H1968-modulo-personalizaci√≥n-del-portal-de-kaos-core'.
end-workflow	Checkout code	2025-10-10T15:46:09.4706312Z ##[endgroup]
end-workflow	Checkout code	2025-10-10T15:46:09.4776418Z [command]/usr/bin/git log -1 --format=%H
end-workflow	Checkout code	2025-10-10T15:46:09.4817662Z ac8e4585e830382206148d84436cc85741ff21e5
end-workflow	Finaliza el workflow	Ôªø2025-10-10T15:46:09.5325533Z ##[group]Run echo "End process"
end-workflow	Finaliza el workflow	2025-10-10T15:46:09.5327302Z [36;1mecho "End process"[0m
end-workflow	Finaliza el workflow	2025-10-10T15:46:09.5329517Z [36;1mRNNUMBER=$(echo "refs/heads/H1968-modulo-personalizaci√≥n-del-portal-de-kaos-core" | grep -o '[0-9]*')[0m
end-workflow	Finaliza el workflow	2025-10-10T15:46:09.5332383Z [36;1mgh issue comment $RNNUMBER --body "Se finaliza Ka0s 18411091311"[0m
end-workflow	Finaliza el workflow	2025-10-10T15:46:09.5355167Z [36;1mgh workflow run inspector.yml --ref 'main' -f kaos-issue-id=$RNNUMBER -f kaos-workflow-id="18411091311" -f kaos-user-start=""[0m
end-workflow	Finaliza el workflow	2025-10-10T15:46:09.5387825Z shell: /usr/bin/bash -e {0}
end-workflow	Finaliza el workflow	2025-10-10T15:46:09.5389063Z env:
end-workflow	Finaliza el workflow	2025-10-10T15:46:09.5389971Z   KAOS_MODULE: [Ka0S] JSONLINT
end-workflow	Finaliza el workflow	2025-10-10T15:46:09.5391680Z   GH_TOKEN: ***
end-workflow	Finaliza el workflow	2025-10-10T15:46:09.5392800Z   KAOS_JSONLINT_CONFIG: core/config/.jsonlint.json
end-workflow	Finaliza el workflow	2025-10-10T15:46:09.5394382Z   KAOS_PATH_RESUME: audit/jsonlint/
end-workflow	Finaliza el workflow	2025-10-10T15:46:09.5395678Z   KAOS_REPO: /actions-runner/_work/kaos/kaos
end-workflow	Finaliza el workflow	2025-10-10T15:46:09.5396986Z   KAOS_STEP_MODULE: 
end-workflow	Finaliza el workflow	2025-10-10T15:46:09.5398068Z   KAOS_CODE: 18411091311
end-workflow	Finaliza el workflow	2025-10-10T15:46:09.5399473Z   KAOS_REF_BRANCH: main
end-workflow	Finaliza el workflow	2025-10-10T15:46:09.5400559Z ##[endgroup]
end-workflow	Finaliza el workflow	2025-10-10T15:46:09.5492286Z End process
end-workflow	Finaliza el workflow	2025-10-10T15:46:10.6379163Z https://github.com/Ka0s-Klaus/ka0s/issues/1968#issuecomment-3390860917
end-workflow	Post Checkout code	Ôªø2025-10-10T15:46:11.3410907Z Post job cleanup.
end-workflow	Post Checkout code	2025-10-10T15:46:11.4907461Z [command]/usr/bin/git version
end-workflow	Post Checkout code	2025-10-10T15:46:11.4974786Z git version 2.51.0
end-workflow	Post Checkout code	2025-10-10T15:46:11.5072126Z Copying '/home/runner/.gitconfig' to '/home/runner/_work/_temp/4dd086ca-899f-4a64-b0b0-8afb19212213/.gitconfig'
end-workflow	Post Checkout code	2025-10-10T15:46:11.5093718Z Temporarily overriding HOME='/home/runner/_work/_temp/4dd086ca-899f-4a64-b0b0-8afb19212213' before making global git config changes
end-workflow	Post Checkout code	2025-10-10T15:46:11.5105771Z Adding repository directory to the temporary git global config as a safe directory
end-workflow	Post Checkout code	2025-10-10T15:46:11.5112686Z [command]/usr/bin/git config --global --add safe.directory /home/runner/_work/ka0s/ka0s
end-workflow	Post Checkout code	2025-10-10T15:46:11.5206524Z [command]/usr/bin/git config --local --name-only --get-regexp core\.sshCommand
end-workflow	Post Checkout code	2025-10-10T15:46:11.5340794Z [command]/usr/bin/git submodule foreach --recursive sh -c "git config --local --name-only --get-regexp 'core\.sshCommand' && git config --local --unset-all 'core.sshCommand' || :"
end-workflow	Post Checkout code	2025-10-10T15:46:11.6078954Z [command]/usr/bin/git config --local --name-only --get-regexp http\.https\:\/\/github\.com\/\.extraheader
end-workflow	Post Checkout code	2025-10-10T15:46:11.6167735Z http.https://github.com/.extraheader
end-workflow	Post Checkout code	2025-10-10T15:46:11.6201231Z [command]/usr/bin/git config --local --unset-all http.https://github.com/.extraheader
end-workflow	Post Checkout code	2025-10-10T15:46:11.6276433Z [command]/usr/bin/git submodule foreach --recursive sh -c "git config --local --name-only --get-regexp 'http\.https\:\/\/github\.com\/\.extraheader' && git config --local --unset-all 'http.https://github.com/.extraheader' || :"
end-workflow	Complete job	Ôªø2025-10-10T15:46:11.7338783Z Cleaning up orphan processes
