job-core	Set up job	Ôªø2025-10-11T20:51:48.3482633Z Current runner version: '2.328.0'
job-core	Set up job	2025-10-11T20:51:48.3498857Z Runner name: 'df77d8736fa7'
job-core	Set up job	2025-10-11T20:51:48.3500958Z Runner group name: 'swarm-runners'
job-core	Set up job	2025-10-11T20:51:48.3503246Z Machine name: 'df77d8736fa7'
job-core	Set up job	2025-10-11T20:51:48.3510728Z ##[group]GITHUB_TOKEN Permissions
job-core	Set up job	2025-10-11T20:51:48.3614663Z Actions: write
job-core	Set up job	2025-10-11T20:51:48.3616373Z Contents: read
job-core	Set up job	2025-10-11T20:51:48.3617358Z Issues: write
job-core	Set up job	2025-10-11T20:51:48.3618359Z Metadata: read
job-core	Set up job	2025-10-11T20:51:48.3619254Z ##[endgroup]
job-core	Set up job	2025-10-11T20:51:48.3623506Z Secret source: Actions
job-core	Set up job	2025-10-11T20:51:48.3624951Z Prepare workflow directory
job-core	Set up job	2025-10-11T20:51:48.4674934Z Prepare all required actions
job-core	Set up job	2025-10-11T20:51:48.4733157Z Getting action download info
job-core	Set up job	2025-10-11T20:51:49.0957771Z Download action repository 'actions/checkout@v4' (SHA:08eba0b27e820071cde6df949e0beb9ba4906955)
job-core	Set up job	2025-10-11T20:51:49.9336453Z Download action repository 'docker/login-action@v3' (SHA:5e57cd118135c172c3672efd75eb46360885c0ef)
job-core	Set up job	2025-10-11T20:51:51.7146544Z Complete job name: job-core
job-core	Checkout code	Ôªø2025-10-11T20:51:51.8650688Z ##[group]Run actions/checkout@v4
job-core	Checkout code	2025-10-11T20:51:51.8656024Z with:
job-core	Checkout code	2025-10-11T20:51:51.8659485Z   fetch-depth: 0
job-core	Checkout code	2025-10-11T20:51:51.8662746Z   token: ***
job-core	Checkout code	2025-10-11T20:51:51.8663829Z   repository: Ka0s-Klaus/ka0s
job-core	Checkout code	2025-10-11T20:51:51.8666242Z   ssh-strict: true
job-core	Checkout code	2025-10-11T20:51:51.8667709Z   ssh-user: git
job-core	Checkout code	2025-10-11T20:51:51.8668783Z   persist-credentials: true
job-core	Checkout code	2025-10-11T20:51:51.8670118Z   clean: true
job-core	Checkout code	2025-10-11T20:51:51.8671224Z   sparse-checkout-cone-mode: true
job-core	Checkout code	2025-10-11T20:51:51.8672575Z   fetch-tags: false
job-core	Checkout code	2025-10-11T20:51:51.8673839Z   show-progress: true
job-core	Checkout code	2025-10-11T20:51:51.8676301Z   lfs: false
job-core	Checkout code	2025-10-11T20:51:51.8677639Z   submodules: false
job-core	Checkout code	2025-10-11T20:51:51.8678743Z   set-safe-directory: true
job-core	Checkout code	2025-10-11T20:51:51.8680876Z env:
job-core	Checkout code	2025-10-11T20:51:51.8684180Z   GITHUB_TOKEN: ***
job-core	Checkout code	2025-10-11T20:51:51.8688474Z   KAOS_MODULE: [Ka0s] Personalized Image Runners
job-core	Checkout code	2025-10-11T20:51:51.8693496Z   KAOS_CODE: 18434589750
job-core	Checkout code	2025-10-11T20:51:51.8696570Z   KAOS_PATH_SCAN: audit/scan/
job-core	Checkout code	2025-10-11T20:51:51.8699953Z ##[endgroup]
job-core	Checkout code	2025-10-11T20:51:52.0890951Z Syncing repository: Ka0s-Klaus/ka0s
job-core	Checkout code	2025-10-11T20:51:52.0896966Z ##[group]Getting Git version info
job-core	Checkout code	2025-10-11T20:51:52.0899823Z Working directory is '/home/runner/_work/ka0s/ka0s'
job-core	Checkout code	2025-10-11T20:51:52.0904026Z [command]/usr/bin/git version
job-core	Checkout code	2025-10-11T20:51:52.0906305Z git version 2.51.0
job-core	Checkout code	2025-10-11T20:51:52.0913958Z ##[endgroup]
job-core	Checkout code	2025-10-11T20:51:52.0940478Z Temporarily overriding HOME='/home/runner/_work/_temp/f95e3c23-b028-4451-99d4-c6d7d22b2ba8' before making global git config changes
job-core	Checkout code	2025-10-11T20:51:52.0948790Z Adding repository directory to the temporary git global config as a safe directory
job-core	Checkout code	2025-10-11T20:51:52.0953882Z [command]/usr/bin/git config --global --add safe.directory /home/runner/_work/ka0s/ka0s
job-core	Checkout code	2025-10-11T20:51:52.1004373Z Deleting the contents of '/home/runner/_work/ka0s/ka0s'
job-core	Checkout code	2025-10-11T20:51:52.1015649Z ##[group]Initializing the repository
job-core	Checkout code	2025-10-11T20:51:52.1023435Z [command]/usr/bin/git init /home/runner/_work/ka0s/ka0s
job-core	Checkout code	2025-10-11T20:51:52.1082673Z hint: Using 'master' as the name for the initial branch. This default branch name
job-core	Checkout code	2025-10-11T20:51:52.1087215Z hint: is subject to change. To configure the initial branch name to use in all
job-core	Checkout code	2025-10-11T20:51:52.1091750Z hint: of your new repositories, which will suppress this warning, call:
job-core	Checkout code	2025-10-11T20:51:52.1095235Z hint:
job-core	Checkout code	2025-10-11T20:51:52.1097254Z hint: 	git config --global init.defaultBranch <name>
job-core	Checkout code	2025-10-11T20:51:52.1100287Z hint:
job-core	Checkout code	2025-10-11T20:51:52.1103313Z hint: Names commonly chosen instead of 'master' are 'main', 'trunk' and
job-core	Checkout code	2025-10-11T20:51:52.1108196Z hint: 'development'. The just-created branch can be renamed via this command:
job-core	Checkout code	2025-10-11T20:51:52.1114376Z hint:
job-core	Checkout code	2025-10-11T20:51:52.1115750Z hint: 	git branch -m <name>
job-core	Checkout code	2025-10-11T20:51:52.1118039Z hint:
job-core	Checkout code	2025-10-11T20:51:52.1121412Z hint: Disable this message with "git config set advice.defaultBranchName false"
job-core	Checkout code	2025-10-11T20:51:52.1126783Z Initialized empty Git repository in /home/runner/_work/ka0s/ka0s/.git/
job-core	Checkout code	2025-10-11T20:51:52.1134141Z [command]/usr/bin/git remote add origin https://github.com/Ka0s-Klaus/ka0s
job-core	Checkout code	2025-10-11T20:51:52.1157113Z ##[endgroup]
job-core	Checkout code	2025-10-11T20:51:52.1160971Z ##[group]Disabling automatic garbage collection
job-core	Checkout code	2025-10-11T20:51:52.1164032Z [command]/usr/bin/git config --local gc.auto 0
job-core	Checkout code	2025-10-11T20:51:52.1212322Z ##[endgroup]
job-core	Checkout code	2025-10-11T20:51:52.1215327Z ##[group]Setting up auth
job-core	Checkout code	2025-10-11T20:51:52.1223458Z [command]/usr/bin/git config --local --name-only --get-regexp core\.sshCommand
job-core	Checkout code	2025-10-11T20:51:52.1273381Z [command]/usr/bin/git submodule foreach --recursive sh -c "git config --local --name-only --get-regexp 'core\.sshCommand' && git config --local --unset-all 'core.sshCommand' || :"
job-core	Checkout code	2025-10-11T20:51:52.1625037Z [command]/usr/bin/git config --local --name-only --get-regexp http\.https\:\/\/github\.com\/\.extraheader
job-core	Checkout code	2025-10-11T20:51:52.1676434Z [command]/usr/bin/git submodule foreach --recursive sh -c "git config --local --name-only --get-regexp 'http\.https\:\/\/github\.com\/\.extraheader' && git config --local --unset-all 'http.https://github.com/.extraheader' || :"
job-core	Checkout code	2025-10-11T20:51:52.2032180Z [command]/usr/bin/git config --local http.https://github.com/.extraheader AUTHORIZATION: basic ***
job-core	Checkout code	2025-10-11T20:51:52.2089269Z ##[endgroup]
job-core	Checkout code	2025-10-11T20:51:52.2095146Z ##[group]Fetching the repository
job-core	Checkout code	2025-10-11T20:51:52.2108437Z [command]/usr/bin/git -c protocol.version=2 fetch --prune --no-recurse-submodules origin +refs/heads/*:refs/remotes/origin/* +refs/tags/*:refs/tags/*
job-core	Checkout code	2025-10-11T20:52:23.1806702Z From https://github.com/Ka0s-Klaus/ka0s
job-core	Checkout code	2025-10-11T20:52:23.1809102Z  * [new branch]          F1149-desarrollo-de-orchestrator -> origin/F1149-desarrollo-de-orchestrator
job-core	Checkout code	2025-10-11T20:52:23.1812152Z  * [new branch]          F1183-personalizaci√≥n-m√≥dulo-finops -> origin/F1183-personalizaci√≥n-m√≥dulo-finops
job-core	Checkout code	2025-10-11T20:52:23.1814399Z  * [new branch]          F1224-new-module-mongodb -> origin/F1224-new-module-mongodb
job-core	Checkout code	2025-10-11T20:52:23.1862203Z  * [new branch]          F220-web-de-resultados  -> origin/F220-web-de-resultados
job-core	Checkout code	2025-10-11T20:52:23.1866687Z  * [new branch]          F227-despliegue-de-kube-independiente-del-clouder -> origin/F227-despliegue-de-kube-independiente-del-clouder
job-core	Checkout code	2025-10-11T20:52:23.1869312Z  * [new branch]          F329-documentacion-metodologia-de-kaos -> origin/F329-documentacion-metodologia-de-kaos
job-core	Checkout code	2025-10-11T20:52:23.1872050Z  * [new branch]          F44-creaci√≥n-m√≥dulo-versionado -> origin/F44-creaci√≥n-m√≥dulo-versionado
job-core	Checkout code	2025-10-11T20:52:23.1874384Z  * [new branch]          H1128-m√≥dulo-de-observabilidad -> origin/H1128-m√≥dulo-de-observabilidad
job-core	Checkout code	2025-10-11T20:52:23.1876790Z  * [new branch]          H1139-como-instalar-arc-control -> origin/H1139-como-instalar-arc-control
job-core	Checkout code	2025-10-11T20:52:23.1878895Z  * [new branch]          H1149-desarrollo-de-orchestrator -> origin/H1149-desarrollo-de-orchestrator
job-core	Checkout code	2025-10-11T20:52:23.1881309Z  * [new branch]          H1150-desarrollo-de-secciones -> origin/H1150-desarrollo-de-secciones
job-core	Checkout code	2025-10-11T20:52:23.1992309Z  * [new branch]          H1151-desarrollo-de-secciones-ii -> origin/H1151-desarrollo-de-secciones-ii
job-core	Checkout code	2025-10-11T20:52:23.1994037Z  * [new branch]          H1152-desarrollo-inicio -> origin/H1152-desarrollo-inicio
job-core	Checkout code	2025-10-11T20:52:23.1996101Z  * [new branch]          H1183-personalizaci√≥n-m√≥dulo-finops -> origin/H1183-personalizaci√≥n-m√≥dulo-finops
job-core	Checkout code	2025-10-11T20:52:23.1997943Z  * [new branch]          H1193-ejemplo-web-documentacion -> origin/H1193-ejemplo-web-documentacion
job-core	Checkout code	2025-10-11T20:52:23.1999345Z  * [new branch]          H1205-web-creation      -> origin/H1205-web-creation
job-core	Checkout code	2025-10-11T20:52:23.2000768Z  * [new branch]          H1224-new-module-mongodb -> origin/H1224-new-module-mongodb
job-core	Checkout code	2025-10-11T20:52:23.2002106Z  * [new branch]          H1410-modulo-execution  -> origin/H1410-modulo-execution
job-core	Checkout code	2025-10-11T20:52:23.2004400Z  * [new branch]          H1514-new-swarm-deployment-stack-with-actions-runners-autoscale -> origin/H1514-new-swarm-deployment-stack-with-actions-runners-autoscale
job-core	Checkout code	2025-10-11T20:52:23.2007675Z  * [new branch]          H1968-modulo-personalizaci√≥n-del-portal-de-kaos-core -> origin/H1968-modulo-personalizaci√≥n-del-portal-de-kaos-core
job-core	Checkout code	2025-10-11T20:52:23.2010160Z  * [new branch]          H215-modulo-de-summary  -> origin/H215-modulo-de-summary
job-core	Checkout code	2025-10-11T20:52:23.2011341Z  * [new branch]          H220-web-de-resultados  -> origin/H220-web-de-resultados
job-core	Checkout code	2025-10-11T20:52:23.2013170Z  * [new branch]          H227-despliegue-de-kube-independiente-del-clouder -> origin/H227-despliegue-de-kube-independiente-del-clouder
job-core	Checkout code	2025-10-11T20:52:23.2015194Z  * [new branch]          H306-ficheros-de-estadisticas -> origin/H306-ficheros-de-estadisticas
job-core	Checkout code	2025-10-11T20:52:23.2016841Z  * [new branch]          H328-documentacion-modulo-principal-de-kaos -> origin/H328-documentacion-modulo-principal-de-kaos
job-core	Checkout code	2025-10-11T20:52:23.2018752Z  * [new branch]          H329-documentacion-metodologia-de-kaos -> origin/H329-documentacion-metodologia-de-kaos
job-core	Checkout code	2025-10-11T20:52:23.2025303Z  * [new branch]          H338-relanzador-de-jobs-en-caso-de-pattern -> origin/H338-relanzador-de-jobs-en-caso-de-pattern
job-core	Checkout code	2025-10-11T20:52:23.2027790Z  * [new branch]          H38-documentacion-basica-del-proyecto -> origin/H38-documentacion-basica-del-proyecto
job-core	Checkout code	2025-10-11T20:52:23.2030164Z  * [new branch]          H44-creaci√≥n-m√≥dulo-versionado -> origin/H44-creaci√≥n-m√≥dulo-versionado
job-core	Checkout code	2025-10-11T20:52:23.2031841Z  * [new branch]          RN1149-desarrollo-de-orchestrator -> origin/RN1149-desarrollo-de-orchestrator
job-core	Checkout code	2025-10-11T20:52:23.2033974Z  * [new branch]          RN1183-personalizaci√≥n-m√≥dulo-finops -> origin/RN1183-personalizaci√≥n-m√≥dulo-finops
job-core	Checkout code	2025-10-11T20:52:23.2036288Z  * [new branch]          RN1282-ka0s-error-detected-in-ka0s-workflow-statistics-summary -> origin/RN1282-ka0s-error-detected-in-ka0s-workflow-statistics-summary
job-core	Checkout code	2025-10-11T20:52:23.2038340Z  * [new branch]          RN220-web-de-resultados -> origin/RN220-web-de-resultados
job-core	Checkout code	2025-10-11T20:52:23.2060658Z  * [new branch]          RN227-despliegue-de-kube-independiente-del-clouder -> origin/RN227-despliegue-de-kube-independiente-del-clouder
job-core	Checkout code	2025-10-11T20:52:23.2063067Z  * [new branch]          RN329-documentacion-metodologia-de-kaos -> origin/RN329-documentacion-metodologia-de-kaos
job-core	Checkout code	2025-10-11T20:52:23.2064472Z  * [new branch]          main                    -> origin/main
job-core	Checkout code	2025-10-11T20:52:23.2065310Z  * [new tag]             0.0.0                   -> 0.0.0
job-core	Checkout code	2025-10-11T20:52:23.2066092Z  * [new tag]             0.0.1                   -> 0.0.1
job-core	Checkout code	2025-10-11T20:52:23.2066845Z  * [new tag]             0.0.10                  -> 0.0.10
job-core	Checkout code	2025-10-11T20:52:23.2067595Z  * [new tag]             0.0.100                 -> 0.0.100
job-core	Checkout code	2025-10-11T20:52:23.2068312Z  * [new tag]             0.0.101                 -> 0.0.101
job-core	Checkout code	2025-10-11T20:52:23.2069019Z  * [new tag]             0.0.102                 -> 0.0.102
job-core	Checkout code	2025-10-11T20:52:23.2069898Z  * [new tag]             0.0.103                 -> 0.0.103
job-core	Checkout code	2025-10-11T20:52:23.2070625Z  * [new tag]             0.0.104                 -> 0.0.104
job-core	Checkout code	2025-10-11T20:52:23.2071386Z  * [new tag]             0.0.105                 -> 0.0.105
job-core	Checkout code	2025-10-11T20:52:23.2072152Z  * [new tag]             0.0.106                 -> 0.0.106
job-core	Checkout code	2025-10-11T20:52:23.2072919Z  * [new tag]             0.0.107                 -> 0.0.107
job-core	Checkout code	2025-10-11T20:52:23.2073704Z  * [new tag]             0.0.108                 -> 0.0.108
job-core	Checkout code	2025-10-11T20:52:23.2074452Z  * [new tag]             0.0.109                 -> 0.0.109
job-core	Checkout code	2025-10-11T20:52:23.2075264Z  * [new tag]             0.0.11                  -> 0.0.11
job-core	Checkout code	2025-10-11T20:52:23.2076170Z  * [new tag]             0.0.110                 -> 0.0.110
job-core	Checkout code	2025-10-11T20:52:23.2076906Z  * [new tag]             0.0.111                 -> 0.0.111
job-core	Checkout code	2025-10-11T20:52:23.2077684Z  * [new tag]             0.0.112                 -> 0.0.112
job-core	Checkout code	2025-10-11T20:52:23.2078540Z  * [new tag]             0.0.113                 -> 0.0.113
job-core	Checkout code	2025-10-11T20:52:23.2079399Z  * [new tag]             0.0.114                 -> 0.0.114
job-core	Checkout code	2025-10-11T20:52:23.2080502Z  * [new tag]             0.0.115                 -> 0.0.115
job-core	Checkout code	2025-10-11T20:52:23.2081668Z  * [new tag]             0.0.116                 -> 0.0.116
job-core	Checkout code	2025-10-11T20:52:23.2140699Z  * [new tag]             0.0.117                 -> 0.0.117
job-core	Checkout code	2025-10-11T20:52:23.2141662Z  * [new tag]             0.0.118                 -> 0.0.118
job-core	Checkout code	2025-10-11T20:52:23.2142481Z  * [new tag]             0.0.119                 -> 0.0.119
job-core	Checkout code	2025-10-11T20:52:23.2143280Z  * [new tag]             0.0.12                  -> 0.0.12
job-core	Checkout code	2025-10-11T20:52:23.2144095Z  * [new tag]             0.0.120                 -> 0.0.120
job-core	Checkout code	2025-10-11T20:52:23.2144897Z  * [new tag]             0.0.121                 -> 0.0.121
job-core	Checkout code	2025-10-11T20:52:23.2145690Z  * [new tag]             0.0.122                 -> 0.0.122
job-core	Checkout code	2025-10-11T20:52:23.2146542Z  * [new tag]             0.0.123                 -> 0.0.123
job-core	Checkout code	2025-10-11T20:52:23.2147394Z  * [new tag]             0.0.124                 -> 0.0.124
job-core	Checkout code	2025-10-11T20:52:23.2148138Z  * [new tag]             0.0.125                 -> 0.0.125
job-core	Checkout code	2025-10-11T20:52:23.2148893Z  * [new tag]             0.0.126                 -> 0.0.126
job-core	Checkout code	2025-10-11T20:52:23.2150438Z  * [new tag]             0.0.127                 -> 0.0.127
job-core	Checkout code	2025-10-11T20:52:23.2151236Z  * [new tag]             0.0.128                 -> 0.0.128
job-core	Checkout code	2025-10-11T20:52:23.2151985Z  * [new tag]             0.0.129                 -> 0.0.129
job-core	Checkout code	2025-10-11T20:52:23.2152873Z  * [new tag]             0.0.13                  -> 0.0.13
job-core	Checkout code	2025-10-11T20:52:23.2153646Z  * [new tag]             0.0.130                 -> 0.0.130
job-core	Checkout code	2025-10-11T20:52:23.2154451Z  * [new tag]             0.0.131                 -> 0.0.131
job-core	Checkout code	2025-10-11T20:52:23.2155247Z  * [new tag]             0.0.132                 -> 0.0.132
job-core	Checkout code	2025-10-11T20:52:23.2156021Z  * [new tag]             0.0.133                 -> 0.0.133
job-core	Checkout code	2025-10-11T20:52:23.2156825Z  * [new tag]             0.0.134                 -> 0.0.134
job-core	Checkout code	2025-10-11T20:52:23.2157625Z  * [new tag]             0.0.135                 -> 0.0.135
job-core	Checkout code	2025-10-11T20:52:23.2158424Z  * [new tag]             0.0.136                 -> 0.0.136
job-core	Checkout code	2025-10-11T20:52:23.2159299Z  * [new tag]             0.0.137                 -> 0.0.137
job-core	Checkout code	2025-10-11T20:52:23.2164258Z  * [new tag]             0.0.138                 -> 0.0.138
job-core	Checkout code	2025-10-11T20:52:23.2165209Z  * [new tag]             0.0.139                 -> 0.0.139
job-core	Checkout code	2025-10-11T20:52:23.2166049Z  * [new tag]             0.0.14                  -> 0.0.14
job-core	Checkout code	2025-10-11T20:52:23.2166876Z  * [new tag]             0.0.140                 -> 0.0.140
job-core	Checkout code	2025-10-11T20:52:23.2167680Z  * [new tag]             0.0.141                 -> 0.0.141
job-core	Checkout code	2025-10-11T20:52:23.2168477Z  * [new tag]             0.0.142                 -> 0.0.142
job-core	Checkout code	2025-10-11T20:52:23.2169291Z  * [new tag]             0.0.143                 -> 0.0.143
job-core	Checkout code	2025-10-11T20:52:23.2181179Z  * [new tag]             0.0.144                 -> 0.0.144
job-core	Checkout code	2025-10-11T20:52:23.2182054Z  * [new tag]             0.0.145                 -> 0.0.145
job-core	Checkout code	2025-10-11T20:52:23.2182852Z  * [new tag]             0.0.146                 -> 0.0.146
job-core	Checkout code	2025-10-11T20:52:23.2183653Z  * [new tag]             0.0.147                 -> 0.0.147
job-core	Checkout code	2025-10-11T20:52:23.2184458Z  * [new tag]             0.0.148                 -> 0.0.148
job-core	Checkout code	2025-10-11T20:52:23.2185224Z  * [new tag]             0.0.149                 -> 0.0.149
job-core	Checkout code	2025-10-11T20:52:23.2186314Z  * [new tag]             0.0.15                  -> 0.0.15
job-core	Checkout code	2025-10-11T20:52:23.2187116Z  * [new tag]             0.0.150                 -> 0.0.150
job-core	Checkout code	2025-10-11T20:52:23.2187908Z  * [new tag]             0.0.151                 -> 0.0.151
job-core	Checkout code	2025-10-11T20:52:23.2188891Z  * [new tag]             0.0.152                 -> 0.0.152
job-core	Checkout code	2025-10-11T20:52:23.2189847Z  * [new tag]             0.0.153                 -> 0.0.153
job-core	Checkout code	2025-10-11T20:52:23.2199991Z  * [new tag]             0.0.154                 -> 0.0.154
job-core	Checkout code	2025-10-11T20:52:23.2201085Z  * [new tag]             0.0.155                 -> 0.0.155
job-core	Checkout code	2025-10-11T20:52:23.2201858Z  * [new tag]             0.0.156                 -> 0.0.156
job-core	Checkout code	2025-10-11T20:52:23.2202603Z  * [new tag]             0.0.157                 -> 0.0.157
job-core	Checkout code	2025-10-11T20:52:23.2203935Z  * [new tag]             0.0.158                 -> 0.0.158
job-core	Checkout code	2025-10-11T20:52:23.2204778Z  * [new tag]             0.0.159                 -> 0.0.159
job-core	Checkout code	2025-10-11T20:52:23.2205612Z  * [new tag]             0.0.16                  -> 0.0.16
job-core	Checkout code	2025-10-11T20:52:23.2206472Z  * [new tag]             0.0.160                 -> 0.0.160
job-core	Checkout code	2025-10-11T20:52:23.2207487Z  * [new tag]             0.0.161                 -> 0.0.161
job-core	Checkout code	2025-10-11T20:52:23.2208310Z  * [new tag]             0.0.162                 -> 0.0.162
job-core	Checkout code	2025-10-11T20:52:23.2209101Z  * [new tag]             0.0.163                 -> 0.0.163
job-core	Checkout code	2025-10-11T20:52:23.2240580Z  * [new tag]             0.0.164                 -> 0.0.164
job-core	Checkout code	2025-10-11T20:52:23.2241424Z  * [new tag]             0.0.165                 -> 0.0.165
job-core	Checkout code	2025-10-11T20:52:23.2242226Z  * [new tag]             0.0.166                 -> 0.0.166
job-core	Checkout code	2025-10-11T20:52:23.2242990Z  * [new tag]             0.0.167                 -> 0.0.167
job-core	Checkout code	2025-10-11T20:52:23.2243767Z  * [new tag]             0.0.168                 -> 0.0.168
job-core	Checkout code	2025-10-11T20:52:23.2245007Z  * [new tag]             0.0.169                 -> 0.0.169
job-core	Checkout code	2025-10-11T20:52:23.2245817Z  * [new tag]             0.0.17                  -> 0.0.17
job-core	Checkout code	2025-10-11T20:52:23.2246599Z  * [new tag]             0.0.170                 -> 0.0.170
job-core	Checkout code	2025-10-11T20:52:23.2247348Z  * [new tag]             0.0.171                 -> 0.0.171
job-core	Checkout code	2025-10-11T20:52:23.2248133Z  * [new tag]             0.0.172                 -> 0.0.172
job-core	Checkout code	2025-10-11T20:52:23.2248915Z  * [new tag]             0.0.173                 -> 0.0.173
job-core	Checkout code	2025-10-11T20:52:23.2250026Z  * [new tag]             0.0.174                 -> 0.0.174
job-core	Checkout code	2025-10-11T20:52:23.2250790Z  * [new tag]             0.0.175                 -> 0.0.175
job-core	Checkout code	2025-10-11T20:52:23.2251640Z  * [new tag]             0.0.176                 -> 0.0.176
job-core	Checkout code	2025-10-11T20:52:23.2252410Z  * [new tag]             0.0.177                 -> 0.0.177
job-core	Checkout code	2025-10-11T20:52:23.2253153Z  * [new tag]             0.0.178                 -> 0.0.178
job-core	Checkout code	2025-10-11T20:52:23.2254101Z  * [new tag]             0.0.179                 -> 0.0.179
job-core	Checkout code	2025-10-11T20:52:23.2254965Z  * [new tag]             0.0.18                  -> 0.0.18
job-core	Checkout code	2025-10-11T20:52:23.2255771Z  * [new tag]             0.0.19                  -> 0.0.19
job-core	Checkout code	2025-10-11T20:52:23.2256581Z  * [new tag]             0.0.2                   -> 0.0.2
job-core	Checkout code	2025-10-11T20:52:23.2257362Z  * [new tag]             0.0.20                  -> 0.0.20
job-core	Checkout code	2025-10-11T20:52:23.2258099Z  * [new tag]             0.0.21                  -> 0.0.21
job-core	Checkout code	2025-10-11T20:52:23.2258878Z  * [new tag]             0.0.22                  -> 0.0.22
job-core	Checkout code	2025-10-11T20:52:23.2259799Z  * [new tag]             0.0.23                  -> 0.0.23
job-core	Checkout code	2025-10-11T20:52:23.2260628Z  * [new tag]             0.0.24                  -> 0.0.24
job-core	Checkout code	2025-10-11T20:52:23.2261389Z  * [new tag]             0.0.25                  -> 0.0.25
job-core	Checkout code	2025-10-11T20:52:23.2262168Z  * [new tag]             0.0.26                  -> 0.0.26
job-core	Checkout code	2025-10-11T20:52:23.2262953Z  * [new tag]             0.0.27                  -> 0.0.27
job-core	Checkout code	2025-10-11T20:52:23.2263775Z  * [new tag]             0.0.28                  -> 0.0.28
job-core	Checkout code	2025-10-11T20:52:23.2264554Z  * [new tag]             0.0.29                  -> 0.0.29
job-core	Checkout code	2025-10-11T20:52:23.2265343Z  * [new tag]             0.0.3                   -> 0.0.3
job-core	Checkout code	2025-10-11T20:52:23.2266165Z  * [new tag]             0.0.30                  -> 0.0.30
job-core	Checkout code	2025-10-11T20:52:23.2266956Z  * [new tag]             0.0.31                  -> 0.0.31
job-core	Checkout code	2025-10-11T20:52:23.2267771Z  * [new tag]             0.0.32                  -> 0.0.32
job-core	Checkout code	2025-10-11T20:52:23.2268581Z  * [new tag]             0.0.33                  -> 0.0.33
job-core	Checkout code	2025-10-11T20:52:23.2269374Z  * [new tag]             0.0.34                  -> 0.0.34
job-core	Checkout code	2025-10-11T20:52:23.2287773Z  * [new tag]             0.0.35                  -> 0.0.35
job-core	Checkout code	2025-10-11T20:52:23.2288693Z  * [new tag]             0.0.36                  -> 0.0.36
job-core	Checkout code	2025-10-11T20:52:23.2289925Z  * [new tag]             0.0.37                  -> 0.0.37
job-core	Checkout code	2025-10-11T20:52:23.2290784Z  * [new tag]             0.0.38                  -> 0.0.38
job-core	Checkout code	2025-10-11T20:52:23.2292179Z  * [new tag]             0.0.39                  -> 0.0.39
job-core	Checkout code	2025-10-11T20:52:23.2292915Z  * [new tag]             0.0.4                   -> 0.0.4
job-core	Checkout code	2025-10-11T20:52:23.2293633Z  * [new tag]             0.0.40                  -> 0.0.40
job-core	Checkout code	2025-10-11T20:52:23.2294395Z  * [new tag]             0.0.41                  -> 0.0.41
job-core	Checkout code	2025-10-11T20:52:23.2295127Z  * [new tag]             0.0.42                  -> 0.0.42
job-core	Checkout code	2025-10-11T20:52:23.2296004Z  * [new tag]             0.0.43                  -> 0.0.43
job-core	Checkout code	2025-10-11T20:52:23.2296806Z  * [new tag]             0.0.44                  -> 0.0.44
job-core	Checkout code	2025-10-11T20:52:23.2297551Z  * [new tag]             0.0.45                  -> 0.0.45
job-core	Checkout code	2025-10-11T20:52:23.2298313Z  * [new tag]             0.0.46                  -> 0.0.46
job-core	Checkout code	2025-10-11T20:52:23.2299084Z  * [new tag]             0.0.47                  -> 0.0.47
job-core	Checkout code	2025-10-11T20:52:23.2300116Z  * [new tag]             0.0.48                  -> 0.0.48
job-core	Checkout code	2025-10-11T20:52:23.2300904Z  * [new tag]             0.0.49                  -> 0.0.49
job-core	Checkout code	2025-10-11T20:52:23.2302157Z  * [new tag]             0.0.5                   -> 0.0.5
job-core	Checkout code	2025-10-11T20:52:23.2303015Z  * [new tag]             0.0.50                  -> 0.0.50
job-core	Checkout code	2025-10-11T20:52:23.2303793Z  * [new tag]             0.0.51                  -> 0.0.51
job-core	Checkout code	2025-10-11T20:52:23.2304599Z  * [new tag]             0.0.52                  -> 0.0.52
job-core	Checkout code	2025-10-11T20:52:23.2305414Z  * [new tag]             0.0.53                  -> 0.0.53
job-core	Checkout code	2025-10-11T20:52:23.2306224Z  * [new tag]             0.0.54                  -> 0.0.54
job-core	Checkout code	2025-10-11T20:52:23.2307025Z  * [new tag]             0.0.55                  -> 0.0.55
job-core	Checkout code	2025-10-11T20:52:23.2307849Z  * [new tag]             0.0.56                  -> 0.0.56
job-core	Checkout code	2025-10-11T20:52:23.2308654Z  * [new tag]             0.0.57                  -> 0.0.57
job-core	Checkout code	2025-10-11T20:52:23.2309438Z  * [new tag]             0.0.58                  -> 0.0.58
job-core	Checkout code	2025-10-11T20:52:23.2330891Z  * [new tag]             0.0.59                  -> 0.0.59
job-core	Checkout code	2025-10-11T20:52:23.2331991Z  * [new tag]             0.0.6                   -> 0.0.6
job-core	Checkout code	2025-10-11T20:52:23.2332867Z  * [new tag]             0.0.60                  -> 0.0.60
job-core	Checkout code	2025-10-11T20:52:23.2333713Z  * [new tag]             0.0.61                  -> 0.0.61
job-core	Checkout code	2025-10-11T20:52:23.2334522Z  * [new tag]             0.0.62                  -> 0.0.62
job-core	Checkout code	2025-10-11T20:52:23.2335319Z  * [new tag]             0.0.63                  -> 0.0.63
job-core	Checkout code	2025-10-11T20:52:23.2336159Z  * [new tag]             0.0.64                  -> 0.0.64
job-core	Checkout code	2025-10-11T20:52:23.2336969Z  * [new tag]             0.0.65                  -> 0.0.65
job-core	Checkout code	2025-10-11T20:52:23.2337793Z  * [new tag]             0.0.66                  -> 0.0.66
job-core	Checkout code	2025-10-11T20:52:23.2338650Z  * [new tag]             0.0.67                  -> 0.0.67
job-core	Checkout code	2025-10-11T20:52:23.2339434Z  * [new tag]             0.0.68                  -> 0.0.68
job-core	Checkout code	2025-10-11T20:52:23.2340407Z  * [new tag]             0.0.69                  -> 0.0.69
job-core	Checkout code	2025-10-11T20:52:23.2341234Z  * [new tag]             0.0.7                   -> 0.0.7
job-core	Checkout code	2025-10-11T20:52:23.2342078Z  * [new tag]             0.0.70                  -> 0.0.70
job-core	Checkout code	2025-10-11T20:52:23.2342879Z  * [new tag]             0.0.71                  -> 0.0.71
job-core	Checkout code	2025-10-11T20:52:23.2343739Z  * [new tag]             0.0.72                  -> 0.0.72
job-core	Checkout code	2025-10-11T20:52:23.2344543Z  * [new tag]             0.0.73                  -> 0.0.73
job-core	Checkout code	2025-10-11T20:52:23.2345330Z  * [new tag]             0.0.74                  -> 0.0.74
job-core	Checkout code	2025-10-11T20:52:23.2346137Z  * [new tag]             0.0.75                  -> 0.0.75
job-core	Checkout code	2025-10-11T20:52:23.2347045Z  * [new tag]             0.0.76                  -> 0.0.76
job-core	Checkout code	2025-10-11T20:52:23.2347841Z  * [new tag]             0.0.77                  -> 0.0.77
job-core	Checkout code	2025-10-11T20:52:23.2348747Z  * [new tag]             0.0.78                  -> 0.0.78
job-core	Checkout code	2025-10-11T20:52:23.2349645Z  * [new tag]             0.0.79                  -> 0.0.79
job-core	Checkout code	2025-10-11T20:52:23.2350450Z  * [new tag]             0.0.8                   -> 0.0.8
job-core	Checkout code	2025-10-11T20:52:23.2351689Z  * [new tag]             0.0.80                  -> 0.0.80
job-core	Checkout code	2025-10-11T20:52:23.2352489Z  * [new tag]             0.0.81                  -> 0.0.81
job-core	Checkout code	2025-10-11T20:52:23.2353268Z  * [new tag]             0.0.82                  -> 0.0.82
job-core	Checkout code	2025-10-11T20:52:23.2354064Z  * [new tag]             0.0.83                  -> 0.0.83
job-core	Checkout code	2025-10-11T20:52:23.2354918Z  * [new tag]             0.0.84                  -> 0.0.84
job-core	Checkout code	2025-10-11T20:52:23.2355712Z  * [new tag]             0.0.85                  -> 0.0.85
job-core	Checkout code	2025-10-11T20:52:23.2356471Z  * [new tag]             0.0.86                  -> 0.0.86
job-core	Checkout code	2025-10-11T20:52:23.2357279Z  * [new tag]             0.0.87                  -> 0.0.87
job-core	Checkout code	2025-10-11T20:52:23.2358078Z  * [new tag]             0.0.88                  -> 0.0.88
job-core	Checkout code	2025-10-11T20:52:23.2358884Z  * [new tag]             0.0.89                  -> 0.0.89
job-core	Checkout code	2025-10-11T20:52:23.2400224Z  * [new tag]             0.0.9                   -> 0.0.9
job-core	Checkout code	2025-10-11T20:52:23.2401327Z  * [new tag]             0.0.90                  -> 0.0.90
job-core	Checkout code	2025-10-11T20:52:23.2402584Z  * [new tag]             0.0.91                  -> 0.0.91
job-core	Checkout code	2025-10-11T20:52:23.2403303Z  * [new tag]             0.0.92                  -> 0.0.92
job-core	Checkout code	2025-10-11T20:52:23.2404049Z  * [new tag]             0.0.93                  -> 0.0.93
job-core	Checkout code	2025-10-11T20:52:23.2404790Z  * [new tag]             0.0.94                  -> 0.0.94
job-core	Checkout code	2025-10-11T20:52:23.2405531Z  * [new tag]             0.0.95                  -> 0.0.95
job-core	Checkout code	2025-10-11T20:52:23.2406273Z  * [new tag]             0.0.96                  -> 0.0.96
job-core	Checkout code	2025-10-11T20:52:23.2406999Z  * [new tag]             0.0.97                  -> 0.0.97
job-core	Checkout code	2025-10-11T20:52:23.2407730Z  * [new tag]             0.0.98                  -> 0.0.98
job-core	Checkout code	2025-10-11T20:52:23.2408467Z  * [new tag]             0.0.99                  -> 0.0.99
job-core	Checkout code	2025-10-11T20:52:23.2409205Z  * [new tag]             0.1.0                   -> 0.1.0
job-core	Checkout code	2025-10-11T20:52:23.2410118Z  * [new tag]             0.1.1                   -> 0.1.1
job-core	Checkout code	2025-10-11T20:52:23.2410873Z  * [new tag]             0.2.0                   -> 0.2.0
job-core	Checkout code	2025-10-11T20:52:23.2411624Z  * [new tag]             0.3.0                   -> 0.3.0
job-core	Checkout code	2025-10-11T20:52:23.2412330Z  * [new tag]             0.3.1                   -> 0.3.1
job-core	Checkout code	2025-10-11T20:52:23.2412989Z  * [new tag]             0.3.10                  -> 0.3.10
job-core	Checkout code	2025-10-11T20:52:23.2413726Z  * [new tag]             0.3.11                  -> 0.3.11
job-core	Checkout code	2025-10-11T20:52:23.2414450Z  * [new tag]             0.3.12                  -> 0.3.12
job-core	Checkout code	2025-10-11T20:52:23.2415222Z  * [new tag]             0.3.13                  -> 0.3.13
job-core	Checkout code	2025-10-11T20:52:23.2415972Z  * [new tag]             0.3.14                  -> 0.3.14
job-core	Checkout code	2025-10-11T20:52:23.2416706Z  * [new tag]             0.3.15                  -> 0.3.15
job-core	Checkout code	2025-10-11T20:52:23.2417469Z  * [new tag]             0.3.16                  -> 0.3.16
job-core	Checkout code	2025-10-11T20:52:23.2418205Z  * [new tag]             0.3.17                  -> 0.3.17
job-core	Checkout code	2025-10-11T20:52:23.2418967Z  * [new tag]             0.3.2                   -> 0.3.2
job-core	Checkout code	2025-10-11T20:52:23.2419971Z  * [new tag]             0.3.3                   -> 0.3.3
job-core	Checkout code	2025-10-11T20:52:23.2420705Z  * [new tag]             0.3.4                   -> 0.3.4
job-core	Checkout code	2025-10-11T20:52:23.2421471Z  * [new tag]             0.3.5                   -> 0.3.5
job-core	Checkout code	2025-10-11T20:52:23.2422233Z  * [new tag]             0.3.6                   -> 0.3.6
job-core	Checkout code	2025-10-11T20:52:23.2422983Z  * [new tag]             0.3.7                   -> 0.3.7
job-core	Checkout code	2025-10-11T20:52:23.2423737Z  * [new tag]             0.3.8                   -> 0.3.8
job-core	Checkout code	2025-10-11T20:52:23.2424494Z  * [new tag]             0.3.9                   -> 0.3.9
job-core	Checkout code	2025-10-11T20:52:23.2425249Z  * [new tag]             0.4.0                   -> 0.4.0
job-core	Checkout code	2025-10-11T20:52:23.2425992Z  * [new tag]             0.4.1                   -> 0.4.1
job-core	Checkout code	2025-10-11T20:52:23.2426728Z  * [new tag]             0.4.10                  -> 0.4.10
job-core	Checkout code	2025-10-11T20:52:23.2427496Z  * [new tag]             0.4.2                   -> 0.4.2
job-core	Checkout code	2025-10-11T20:52:23.2428260Z  * [new tag]             0.4.3                   -> 0.4.3
job-core	Checkout code	2025-10-11T20:52:23.2429354Z  * [new tag]             0.4.4                   -> 0.4.4
job-core	Checkout code	2025-10-11T20:52:23.2460874Z  * [new tag]             0.4.5                   -> 0.4.5
job-core	Checkout code	2025-10-11T20:52:23.2461741Z  * [new tag]             0.4.6                   -> 0.4.6
job-core	Checkout code	2025-10-11T20:52:23.2462525Z  * [new tag]             0.4.7                   -> 0.4.7
job-core	Checkout code	2025-10-11T20:52:23.2463329Z  * [new tag]             0.4.8                   -> 0.4.8
job-core	Checkout code	2025-10-11T20:52:23.2464018Z  * [new tag]             0.4.9                   -> 0.4.9
job-core	Checkout code	2025-10-11T20:52:23.2707078Z [command]/usr/bin/git branch --list --remote origin/main
job-core	Checkout code	2025-10-11T20:52:23.2880416Z   origin/main
job-core	Checkout code	2025-10-11T20:52:23.2916444Z [command]/usr/bin/git rev-parse refs/remotes/origin/main
job-core	Checkout code	2025-10-11T20:52:23.2960274Z ebadcb646428ba2910c6da69e006c2d57ad3e8a1
job-core	Checkout code	2025-10-11T20:52:23.2988325Z [command]/usr/bin/git -c protocol.version=2 fetch --no-tags --prune --no-recurse-submodules origin +137c7659338b522de78902f9548a78214a0a59ef:refs/remotes/origin/main
job-core	Checkout code	2025-10-11T20:52:23.3306632Z From https://github.com/Ka0s-Klaus/ka0s
job-core	Checkout code	2025-10-11T20:52:23.3308340Z  + ebadcb646...137c76593 137c7659338b522de78902f9548a78214a0a59ef -> origin/main  (forced update)
job-core	Checkout code	2025-10-11T20:52:23.3374406Z ##[endgroup]
job-core	Checkout code	2025-10-11T20:52:23.3375292Z ##[group]Determining the checkout info
job-core	Checkout code	2025-10-11T20:52:23.3376109Z ##[endgroup]
job-core	Checkout code	2025-10-11T20:52:23.3376584Z [command]/usr/bin/git sparse-checkout disable
job-core	Checkout code	2025-10-11T20:52:23.3436667Z [command]/usr/bin/git config --local --unset-all extensions.worktreeConfig
job-core	Checkout code	2025-10-11T20:52:23.3501133Z ##[group]Checking out the ref
job-core	Checkout code	2025-10-11T20:52:23.3510578Z [command]/usr/bin/git checkout --progress --force -B main refs/remotes/origin/main
job-core	Checkout code	2025-10-11T20:52:24.4989957Z Updating files:  60% (509/838)
job-core	Checkout code	2025-10-11T20:52:24.5715300Z Updating files:  61% (512/838)
job-core	Checkout code	2025-10-11T20:52:24.6784119Z Updating files:  62% (520/838)
job-core	Checkout code	2025-10-11T20:52:24.7592026Z Updating files:  63% (528/838)
job-core	Checkout code	2025-10-11T20:52:24.8365590Z Updating files:  64% (537/838)
job-core	Checkout code	2025-10-11T20:52:24.9456787Z Updating files:  65% (545/838)
job-core	Checkout code	2025-10-11T20:52:24.9690508Z Updating files:  66% (554/838)
job-core	Checkout code	2025-10-11T20:52:24.9703763Z Updating files:  67% (562/838)
job-core	Checkout code	2025-10-11T20:52:24.9720804Z Updating files:  68% (570/838)
job-core	Checkout code	2025-10-11T20:52:24.9913065Z Updating files:  69% (579/838)
job-core	Checkout code	2025-10-11T20:52:24.9931051Z Updating files:  70% (587/838)
job-core	Checkout code	2025-10-11T20:52:24.9934671Z Updating files:  71% (595/838)
job-core	Checkout code	2025-10-11T20:52:24.9954964Z Updating files:  72% (604/838)
job-core	Checkout code	2025-10-11T20:52:24.9956628Z Updating files:  73% (612/838)
job-core	Checkout code	2025-10-11T20:52:24.9974533Z Updating files:  74% (621/838)
job-core	Checkout code	2025-10-11T20:52:25.0115786Z Updating files:  75% (629/838)
job-core	Checkout code	2025-10-11T20:52:25.0164213Z Updating files:  76% (637/838)
job-core	Checkout code	2025-10-11T20:52:25.0181997Z Updating files:  77% (646/838)
job-core	Checkout code	2025-10-11T20:52:25.0201237Z Updating files:  78% (654/838)
job-core	Checkout code	2025-10-11T20:52:25.0202913Z Updating files:  79% (663/838)
job-core	Checkout code	2025-10-11T20:52:25.0265297Z Updating files:  80% (671/838)
job-core	Checkout code	2025-10-11T20:52:25.0283173Z Updating files:  81% (679/838)
job-core	Checkout code	2025-10-11T20:52:25.0304177Z Updating files:  82% (688/838)
job-core	Checkout code	2025-10-11T20:52:25.0305928Z Updating files:  83% (696/838)
job-core	Checkout code	2025-10-11T20:52:25.0331548Z Updating files:  84% (704/838)
job-core	Checkout code	2025-10-11T20:52:25.0380662Z Updating files:  85% (713/838)
job-core	Checkout code	2025-10-11T20:52:25.0392265Z Updating files:  86% (721/838)
job-core	Checkout code	2025-10-11T20:52:25.0411258Z Updating files:  87% (730/838)
job-core	Checkout code	2025-10-11T20:52:25.0453233Z Updating files:  88% (738/838)
job-core	Checkout code	2025-10-11T20:52:25.0468665Z Updating files:  89% (746/838)
job-core	Checkout code	2025-10-11T20:52:25.0490387Z Updating files:  90% (755/838)
job-core	Checkout code	2025-10-11T20:52:25.0493639Z Updating files:  91% (763/838)
job-core	Checkout code	2025-10-11T20:52:25.0533030Z Updating files:  92% (771/838)
job-core	Checkout code	2025-10-11T20:52:25.0534177Z Updating files:  93% (780/838)
job-core	Checkout code	2025-10-11T20:52:25.0540066Z Updating files:  94% (788/838)
job-core	Checkout code	2025-10-11T20:52:25.0554553Z Updating files:  95% (797/838)
job-core	Checkout code	2025-10-11T20:52:25.0577582Z Updating files:  96% (805/838)
job-core	Checkout code	2025-10-11T20:52:25.0591242Z Updating files:  97% (813/838)
job-core	Checkout code	2025-10-11T20:52:25.0597259Z Updating files:  98% (822/838)
job-core	Checkout code	2025-10-11T20:52:25.0603279Z Updating files:  99% (830/838)
job-core	Checkout code	2025-10-11T20:52:25.0608967Z Updating files: 100% (838/838)
job-core	Checkout code	2025-10-11T20:52:25.0623981Z Updating files: 100% (838/838), done.
job-core	Checkout code	2025-10-11T20:52:25.0655251Z Switched to a new branch 'main'
job-core	Checkout code	2025-10-11T20:52:25.0671976Z branch 'main' set up to track 'origin/main'.
job-core	Checkout code	2025-10-11T20:52:25.0844460Z ##[endgroup]
job-core	Checkout code	2025-10-11T20:52:25.0947421Z [command]/usr/bin/git log -1 --format=%H
job-core	Checkout code	2025-10-11T20:52:25.1101102Z 137c7659338b522de78902f9548a78214a0a59ef
job-core	Login to Docker Hub	Ôªø2025-10-11T20:52:25.1711816Z ##[group]Run docker/login-action@v3
job-core	Login to Docker Hub	2025-10-11T20:52:25.1712658Z with:
job-core	Login to Docker Hub	2025-10-11T20:52:25.1713371Z   username: ***
job-core	Login to Docker Hub	2025-10-11T20:52:25.1714130Z   password: ***
job-core	Login to Docker Hub	2025-10-11T20:52:25.1714621Z   logout: true
job-core	Login to Docker Hub	2025-10-11T20:52:25.1715050Z env:
job-core	Login to Docker Hub	2025-10-11T20:52:25.1716341Z   GITHUB_TOKEN: ***
job-core	Login to Docker Hub	2025-10-11T20:52:25.1716920Z   KAOS_MODULE: [Ka0s] Personalized Image Runners
job-core	Login to Docker Hub	2025-10-11T20:52:25.1717636Z   KAOS_CODE: 18434589750
job-core	Login to Docker Hub	2025-10-11T20:52:25.1718203Z   KAOS_PATH_SCAN: audit/scan/
job-core	Login to Docker Hub	2025-10-11T20:52:25.1718768Z ##[endgroup]
job-core	Login to Docker Hub	2025-10-11T20:52:26.1847952Z Logging into docker.io...
job-core	Login to Docker Hub	2025-10-11T20:52:27.2812521Z Login Succeeded!
job-core	Build image	Ôªø2025-10-11T20:52:27.3579008Z ##[group]Run # Construimos la imagen y guardamos el log
job-core	Build image	2025-10-11T20:52:27.3579900Z [36;1m# Construimos la imagen y guardamos el log[0m
job-core	Build image	2025-10-11T20:52:27.3580795Z [36;1msudo docker build -t actions-runner:1.0.5 -f core/runner/actions-runner//1.0.5//Dockerfile . > audit/scan/build_18434589750.log 2>&1 || {[0m
job-core	Build image	2025-10-11T20:52:27.3581772Z [36;1m  echo "‚ùå Error en docker build. Log guardado en audit/scan/build_18434589750.log"[0m
job-core	Build image	2025-10-11T20:52:27.3582325Z [36;1m  touch build_error.log[0m
job-core	Build image	2025-10-11T20:52:27.3582744Z [36;1m  cp audit/scan/build_18434589750.log build_error.log[0m
job-core	Build image	2025-10-11T20:52:27.3583168Z [36;1m  exit 10[0m
job-core	Build image	2025-10-11T20:52:27.3583440Z [36;1m}[0m
job-core	Build image	2025-10-11T20:52:27.3583801Z [36;1mecho "Se ha generado la imagen actions-runner:1.0.5...."[0m
job-core	Build image	2025-10-11T20:52:27.3584288Z [36;1msudo usermod -aG docker runner [0m
job-core	Build image	2025-10-11T20:52:27.3605952Z shell: /usr/bin/bash -e {0}
job-core	Build image	2025-10-11T20:52:27.3606356Z env:
job-core	Build image	2025-10-11T20:52:27.3607169Z   GITHUB_TOKEN: ***
job-core	Build image	2025-10-11T20:52:27.3607577Z   KAOS_MODULE: [Ka0s] Personalized Image Runners
job-core	Build image	2025-10-11T20:52:27.3607967Z   KAOS_CODE: 18434589750
job-core	Build image	2025-10-11T20:52:27.3608262Z   KAOS_PATH_SCAN: audit/scan/
job-core	Build image	2025-10-11T20:52:27.3608660Z ##[endgroup]
job-core	Build image	2025-10-11T20:52:28.9757830Z Se ha generado la imagen actions-runner:1.0.5....
handle_failure	Set up job	Ôªø2025-10-11T21:04:52.7617675Z Current runner version: '2.328.0'
handle_failure	Set up job	2025-10-11T21:04:52.7723387Z Runner name: 'bd5bcfbe4e30'
handle_failure	Set up job	2025-10-11T21:04:52.7760866Z Runner group name: 'swarm-runners'
handle_failure	Set up job	2025-10-11T21:04:52.8281449Z Machine name: 'bd5bcfbe4e30'
handle_failure	Set up job	2025-10-11T21:04:52.8350808Z ##[group]GITHUB_TOKEN Permissions
handle_failure	Set up job	2025-10-11T21:04:52.8355207Z Actions: write
handle_failure	Set up job	2025-10-11T21:04:52.8356205Z Contents: read
handle_failure	Set up job	2025-10-11T21:04:52.8357306Z Issues: write
handle_failure	Set up job	2025-10-11T21:04:52.8358856Z Metadata: read
handle_failure	Set up job	2025-10-11T21:04:52.8360404Z ##[endgroup]
handle_failure	Set up job	2025-10-11T21:04:52.8364525Z Secret source: Actions
handle_failure	Set up job	2025-10-11T21:04:52.8366077Z Prepare workflow directory
handle_failure	Set up job	2025-10-11T21:04:53.5430222Z Prepare all required actions
handle_failure	Set up job	2025-10-11T21:04:53.5875569Z Getting action download info
handle_failure	Set up job	2025-10-11T21:04:54.5660818Z Download action repository 'actions/checkout@v4' (SHA:08eba0b27e820071cde6df949e0beb9ba4906955)
handle_failure	Set up job	2025-10-11T21:04:55.9370207Z Complete job name: handle_failure
handle_failure	Checkout code	Ôªø2025-10-11T21:04:56.3170093Z ##[group]Run actions/checkout@v4
handle_failure	Checkout code	2025-10-11T21:04:56.3194459Z with:
handle_failure	Checkout code	2025-10-11T21:04:56.3195812Z   fetch-depth: 0
handle_failure	Checkout code	2025-10-11T21:04:56.3197515Z   token: ***
handle_failure	Checkout code	2025-10-11T21:04:56.3198668Z   repository: Ka0s-Klaus/ka0s
handle_failure	Checkout code	2025-10-11T21:04:56.3271644Z   ssh-strict: true
handle_failure	Checkout code	2025-10-11T21:04:56.3275086Z   ssh-user: git
handle_failure	Checkout code	2025-10-11T21:04:56.3278277Z   persist-credentials: true
handle_failure	Checkout code	2025-10-11T21:04:56.3281901Z   clean: true
handle_failure	Checkout code	2025-10-11T21:04:56.3285085Z   sparse-checkout-cone-mode: true
handle_failure	Checkout code	2025-10-11T21:04:56.3288879Z   fetch-tags: false
handle_failure	Checkout code	2025-10-11T21:04:56.3292167Z   show-progress: true
handle_failure	Checkout code	2025-10-11T21:04:56.3295427Z   lfs: false
handle_failure	Checkout code	2025-10-11T21:04:56.3298447Z   submodules: false
handle_failure	Checkout code	2025-10-11T21:04:56.3376728Z   set-safe-directory: true
handle_failure	Checkout code	2025-10-11T21:04:56.3379397Z env:
handle_failure	Checkout code	2025-10-11T21:04:56.3384581Z   GITHUB_TOKEN: ***
handle_failure	Checkout code	2025-10-11T21:04:56.3388193Z   KAOS_MODULE: [Ka0s] Personalized Image Runners
handle_failure	Checkout code	2025-10-11T21:04:56.3390860Z   KAOS_CODE: 18434589750
handle_failure	Checkout code	2025-10-11T21:04:56.3391890Z   KAOS_PATH_SCAN: audit/scan/
handle_failure	Checkout code	2025-10-11T21:04:56.3393043Z ##[endgroup]
handle_failure	Checkout code	2025-10-11T21:04:57.1315602Z Syncing repository: Ka0s-Klaus/ka0s
handle_failure	Checkout code	2025-10-11T21:04:57.1320245Z ##[group]Getting Git version info
handle_failure	Checkout code	2025-10-11T21:04:57.1323099Z Working directory is '/home/runner/_work/ka0s/ka0s'
handle_failure	Checkout code	2025-10-11T21:04:57.1328797Z [command]/usr/bin/git version
handle_failure	Checkout code	2025-10-11T21:04:57.1401532Z git version 2.51.0
handle_failure	Checkout code	2025-10-11T21:04:57.1452274Z ##[endgroup]
handle_failure	Checkout code	2025-10-11T21:04:57.1549341Z Temporarily overriding HOME='/home/runner/_work/_temp/d1dcb774-f1d1-4677-bea5-eb227001703b' before making global git config changes
handle_failure	Checkout code	2025-10-11T21:04:57.1554717Z Adding repository directory to the temporary git global config as a safe directory
handle_failure	Checkout code	2025-10-11T21:04:57.1557837Z [command]/usr/bin/git config --global --add safe.directory /home/runner/_work/ka0s/ka0s
handle_failure	Checkout code	2025-10-11T21:04:57.1618887Z [command]/usr/bin/git config --local --get remote.origin.url
handle_failure	Checkout code	2025-10-11T21:04:57.1742060Z https://github.com/Ka0s-Klaus/ka0s
handle_failure	Checkout code	2025-10-11T21:04:57.1807296Z ##[group]Removing previously created refs, to avoid conflicts
handle_failure	Checkout code	2025-10-11T21:04:57.1844523Z [command]/usr/bin/git rev-parse --symbolic-full-name --verify --quiet HEAD
handle_failure	Checkout code	2025-10-11T21:04:57.1903330Z refs/heads/main
handle_failure	Checkout code	2025-10-11T21:04:57.1919348Z [command]/usr/bin/git checkout --detach
handle_failure	Checkout code	2025-10-11T21:04:57.3545850Z HEAD is now at ffe8794ab [Ka0s] üìä Directory scan report: core/runner
handle_failure	Checkout code	2025-10-11T21:04:57.3826757Z [command]/usr/bin/git branch --delete --force main
handle_failure	Checkout code	2025-10-11T21:04:57.3963346Z Deleted branch main (was ffe8794ab).
handle_failure	Checkout code	2025-10-11T21:04:57.4455849Z ##[endgroup]
handle_failure	Checkout code	2025-10-11T21:04:57.4457141Z [command]/usr/bin/git submodule status
handle_failure	Checkout code	2025-10-11T21:04:57.6287825Z ##[group]Cleaning the repository
handle_failure	Checkout code	2025-10-11T21:04:57.6315259Z [command]/usr/bin/git clean -ffdx
handle_failure	Checkout code	2025-10-11T21:04:57.6811194Z [command]/usr/bin/git reset --hard HEAD
handle_failure	Checkout code	2025-10-11T21:04:57.7472197Z HEAD is now at ffe8794ab [Ka0s] üìä Directory scan report: core/runner
handle_failure	Checkout code	2025-10-11T21:04:57.7478156Z ##[endgroup]
handle_failure	Checkout code	2025-10-11T21:04:57.7480754Z ##[group]Disabling automatic garbage collection
handle_failure	Checkout code	2025-10-11T21:04:57.7499468Z [command]/usr/bin/git config --local gc.auto 0
handle_failure	Checkout code	2025-10-11T21:04:57.7732611Z ##[endgroup]
handle_failure	Checkout code	2025-10-11T21:04:57.7741459Z ##[group]Setting up auth
handle_failure	Checkout code	2025-10-11T21:04:57.7760561Z [command]/usr/bin/git config --local --name-only --get-regexp core\.sshCommand
handle_failure	Checkout code	2025-10-11T21:04:57.8175469Z [command]/usr/bin/git submodule foreach --recursive sh -c "git config --local --name-only --get-regexp 'core\.sshCommand' && git config --local --unset-all 'core.sshCommand' || :"
handle_failure	Checkout code	2025-10-11T21:04:57.9957340Z [command]/usr/bin/git config --local --name-only --get-regexp http\.https\:\/\/github\.com\/\.extraheader
handle_failure	Checkout code	2025-10-11T21:04:58.0066047Z [command]/usr/bin/git submodule foreach --recursive sh -c "git config --local --name-only --get-regexp 'http\.https\:\/\/github\.com\/\.extraheader' && git config --local --unset-all 'http.https://github.com/.extraheader' || :"
handle_failure	Checkout code	2025-10-11T21:04:58.1385675Z [command]/usr/bin/git config --local http.https://github.com/.extraheader AUTHORIZATION: basic ***
handle_failure	Checkout code	2025-10-11T21:04:58.1618552Z ##[endgroup]
handle_failure	Checkout code	2025-10-11T21:04:58.1621234Z ##[group]Fetching the repository
handle_failure	Checkout code	2025-10-11T21:04:58.1674804Z [command]/usr/bin/git -c protocol.version=2 fetch --prune --no-recurse-submodules origin +refs/heads/*:refs/remotes/origin/* +refs/tags/*:refs/tags/*
handle_failure	Checkout code	2025-10-11T21:04:59.2292396Z From https://github.com/Ka0s-Klaus/ka0s
handle_failure	Checkout code	2025-10-11T21:04:59.2297662Z    ffe8794ab..87c44b4a7  main       -> origin/main
handle_failure	Checkout code	2025-10-11T21:04:59.2398389Z [command]/usr/bin/git branch --list --remote origin/main
handle_failure	Checkout code	2025-10-11T21:04:59.2597496Z   origin/main
handle_failure	Checkout code	2025-10-11T21:04:59.2634889Z [command]/usr/bin/git rev-parse refs/remotes/origin/main
handle_failure	Checkout code	2025-10-11T21:04:59.2733347Z 87c44b4a74e73266c18c74475e8345d08e43add1
handle_failure	Checkout code	2025-10-11T21:04:59.2771739Z [command]/usr/bin/git -c protocol.version=2 fetch --no-tags --prune --no-recurse-submodules origin +137c7659338b522de78902f9548a78214a0a59ef:refs/remotes/origin/main
handle_failure	Checkout code	2025-10-11T21:04:59.3155649Z From https://github.com/Ka0s-Klaus/ka0s
handle_failure	Checkout code	2025-10-11T21:04:59.3164113Z  + 87c44b4a7...137c76593 137c7659338b522de78902f9548a78214a0a59ef -> origin/main  (forced update)
handle_failure	Checkout code	2025-10-11T21:04:59.3294530Z ##[endgroup]
handle_failure	Checkout code	2025-10-11T21:04:59.3299373Z ##[group]Determining the checkout info
handle_failure	Checkout code	2025-10-11T21:04:59.3305801Z ##[endgroup]
handle_failure	Checkout code	2025-10-11T21:04:59.3378059Z [command]/usr/bin/git sparse-checkout disable
handle_failure	Checkout code	2025-10-11T21:04:59.3556516Z [command]/usr/bin/git config --local --unset-all extensions.worktreeConfig
handle_failure	Checkout code	2025-10-11T21:04:59.3730085Z ##[group]Checking out the ref
handle_failure	Checkout code	2025-10-11T21:04:59.3735010Z [command]/usr/bin/git checkout --progress --force -B main refs/remotes/origin/main
handle_failure	Checkout code	2025-10-11T21:04:59.4159498Z Warning: you are leaving 9 commits behind, not connected to
handle_failure	Checkout code	2025-10-11T21:04:59.4163896Z any of your branches:
handle_failure	Checkout code	2025-10-11T21:04:59.4165842Z 
handle_failure	Checkout code	2025-10-11T21:04:59.4168199Z   ffe8794ab [Ka0s] üìä Directory scan report: core/runner
handle_failure	Checkout code	2025-10-11T21:04:59.4173058Z   bb22d9933 [Ka0S] Inspector uploading resume execution files to the repository...
handle_failure	Checkout code	2025-10-11T21:04:59.4233423Z   15b781fc3 [Ka0S] Inspector uploading resume execution files to the repository...
handle_failure	Checkout code	2025-10-11T21:04:59.4243262Z   d143a1c16 [Ka0S] Inspector uploading resume execution files to the repository...
handle_failure	Checkout code	2025-10-11T21:04:59.4251223Z  ... and 5 more.
handle_failure	Checkout code	2025-10-11T21:04:59.4253659Z 
handle_failure	Checkout code	2025-10-11T21:04:59.4257171Z If you want to keep them by creating a new branch, this may be a good time
handle_failure	Checkout code	2025-10-11T21:04:59.4264084Z to do so with:
handle_failure	Checkout code	2025-10-11T21:04:59.4317282Z 
handle_failure	Checkout code	2025-10-11T21:04:59.4321206Z  git branch <new-branch-name> ffe8794ab
handle_failure	Checkout code	2025-10-11T21:04:59.4325181Z 
handle_failure	Checkout code	2025-10-11T21:04:59.4327285Z Switched to a new branch 'main'
handle_failure	Checkout code	2025-10-11T21:04:59.4333313Z branch 'main' set up to track 'origin/main'.
handle_failure	Checkout code	2025-10-11T21:04:59.4369317Z ##[endgroup]
handle_failure	Checkout code	2025-10-11T21:04:59.4438253Z [command]/usr/bin/git log -1 --format=%H
handle_failure	Checkout code	2025-10-11T21:04:59.4498149Z 137c7659338b522de78902f9548a78214a0a59ef
handle_failure	handle-failure-execution	Ôªø2025-10-11T21:04:59.5445312Z ##[group]Run echo "Error detectado en el proceso"
handle_failure	handle-failure-execution	2025-10-11T21:04:59.5449264Z [36;1mecho "Error detectado en el proceso"[0m
handle_failure	handle-failure-execution	2025-10-11T21:04:59.5466794Z [36;1mecho "Creando issue para fallo general o fallo en docker build"[0m
handle_failure	handle-failure-execution	2025-10-11T21:04:59.5503499Z [36;1mgh issue create --title "[Ka0s] Personalized Image Runners Error detectado en 18434589750" --label "bug" --body "El workflow ha fallado. Revisa los logs en 'https://github.com/Ka0s-Klaus/ka0s/actions/runs/18434589750' y en el repositorio en `audit/scan/` para m√°s informaci√≥n.\n\nLogs relevantes:\n- [Log de build](https://github.com/Ka0s-Klaus/ka0s/blob/main/audit/scan/build_18434589750.log)\n- [Log Trivy tabla](https://github.com/Ka0s-Klaus/ka0s/blob/main/audit/scan/trivy_table_18434589750.log)\n- [Log Trivy json](https://github.com/Ka0s-Klaus/ka0s/blob/main/audit/scan/trivy_json_18434589750.log)\n- [Resultado JSON](https://github.com/Ka0s-Klaus/ka0s/blob/main/audit/scan/18434589750.json)"[0m
handle_failure	handle-failure-execution	2025-10-11T21:04:59.5579243Z [36;1mif [ -f build_error.log ]; then[0m
handle_failure	handle-failure-execution	2025-10-11T21:04:59.5603198Z [36;1m  gh issue comment $(gh issue list --state open --search "[Ka0s] Personalized Image Runners Error detectado en 18434589750" --json number --jq '.[0].number') --body "Detalles del error en docker build:\n\n$(cat build_error.log)\n\n[Ver log completo](https://github.com/Ka0s-Klaus/ka0s/blob/main/audit/scan/build_18434589750.log)"[0m
handle_failure	handle-failure-execution	2025-10-11T21:04:59.5624652Z [36;1mfi[0m
handle_failure	handle-failure-execution	2025-10-11T21:04:59.5688169Z shell: /usr/bin/bash -e {0}
handle_failure	handle-failure-execution	2025-10-11T21:04:59.5695062Z env:
handle_failure	handle-failure-execution	2025-10-11T21:04:59.5702120Z   GITHUB_TOKEN: ***
handle_failure	handle-failure-execution	2025-10-11T21:04:59.5704823Z   KAOS_MODULE: [Ka0s] Personalized Image Runners
handle_failure	handle-failure-execution	2025-10-11T21:04:59.5709059Z   KAOS_CODE: 18434589750
handle_failure	handle-failure-execution	2025-10-11T21:04:59.5712241Z   KAOS_PATH_SCAN: audit/scan/
handle_failure	handle-failure-execution	2025-10-11T21:04:59.5715663Z   GH_TOKEN: ***
handle_failure	handle-failure-execution	2025-10-11T21:04:59.5733401Z ##[endgroup]
handle_failure	handle-failure-execution	2025-10-11T21:04:59.6172837Z /home/runner/_work/_temp/8a4949f4-b4c9-40b3-8e59-223939d8ed09.sh: line 3: audit/scan/: Is a directory
handle_failure	handle-failure-execution	2025-10-11T21:04:59.6181342Z Error detectado en el proceso
handle_failure	handle-failure-execution	2025-10-11T21:04:59.6202134Z Creando issue para fallo general o fallo en docker build
handle_failure	handle-failure-execution	2025-10-11T21:05:00.8427532Z https://github.com/Ka0s-Klaus/ka0s/issues/2185
handle_failure	Post Checkout code	Ôªø2025-10-11T21:05:00.9736286Z Post job cleanup.
handle_failure	Post Checkout code	2025-10-11T21:05:01.3706570Z [command]/usr/bin/git version
handle_failure	Post Checkout code	2025-10-11T21:05:01.3935982Z git version 2.51.0
handle_failure	Post Checkout code	2025-10-11T21:05:01.4064691Z Temporarily overriding HOME='/home/runner/_work/_temp/64a07dd5-d6cf-4d89-9995-5bd40b0ea1c1' before making global git config changes
handle_failure	Post Checkout code	2025-10-11T21:05:01.4122991Z Adding repository directory to the temporary git global config as a safe directory
handle_failure	Post Checkout code	2025-10-11T21:05:01.4169277Z [command]/usr/bin/git config --global --add safe.directory /home/runner/_work/ka0s/ka0s
handle_failure	Post Checkout code	2025-10-11T21:05:01.4263870Z [command]/usr/bin/git config --local --name-only --get-regexp core\.sshCommand
handle_failure	Post Checkout code	2025-10-11T21:05:01.4509217Z [command]/usr/bin/git submodule foreach --recursive sh -c "git config --local --name-only --get-regexp 'core\.sshCommand' && git config --local --unset-all 'core.sshCommand' || :"
handle_failure	Post Checkout code	2025-10-11T21:05:01.5655469Z [command]/usr/bin/git config --local --name-only --get-regexp http\.https\:\/\/github\.com\/\.extraheader
handle_failure	Post Checkout code	2025-10-11T21:05:01.5763428Z http.https://github.com/.extraheader
handle_failure	Post Checkout code	2025-10-11T21:05:01.5845361Z [command]/usr/bin/git config --local --unset-all http.https://github.com/.extraheader
handle_failure	Post Checkout code	2025-10-11T21:05:01.6162904Z [command]/usr/bin/git submodule foreach --recursive sh -c "git config --local --name-only --get-regexp 'http\.https\:\/\/github\.com\/\.extraheader' && git config --local --unset-all 'http.https://github.com/.extraheader' || :"
handle_failure	Complete job	Ôªø2025-10-11T21:05:01.9194458Z Cleaning up orphan processes
end-workflow	Set up job	Ôªø2025-10-11T21:05:06.4432531Z Current runner version: '2.328.0'
end-workflow	Set up job	2025-10-11T21:05:06.4441155Z Runner name: '9f3a94bf0354'
end-workflow	Set up job	2025-10-11T21:05:06.4441948Z Runner group name: 'swarm-runners'
end-workflow	Set up job	2025-10-11T21:05:06.4442957Z Machine name: '9f3a94bf0354'
end-workflow	Set up job	2025-10-11T21:05:06.4446389Z ##[group]GITHUB_TOKEN Permissions
end-workflow	Set up job	2025-10-11T21:05:06.4449259Z Actions: write
end-workflow	Set up job	2025-10-11T21:05:06.4449862Z Contents: read
end-workflow	Set up job	2025-10-11T21:05:06.4450400Z Issues: write
end-workflow	Set up job	2025-10-11T21:05:06.4450995Z Metadata: read
end-workflow	Set up job	2025-10-11T21:05:06.4451547Z ##[endgroup]
end-workflow	Set up job	2025-10-11T21:05:06.4454011Z Secret source: Actions
end-workflow	Set up job	2025-10-11T21:05:06.4454965Z Prepare workflow directory
end-workflow	Set up job	2025-10-11T21:05:06.5044512Z Prepare all required actions
end-workflow	Set up job	2025-10-11T21:05:06.5086385Z Getting action download info
end-workflow	Set up job	2025-10-11T21:05:07.0282056Z Download action repository 'actions/checkout@v4' (SHA:08eba0b27e820071cde6df949e0beb9ba4906955)
end-workflow	Set up job	2025-10-11T21:05:07.8261549Z Complete job name: end-workflow
end-workflow	Checkout code	Ôªø2025-10-11T21:05:07.8857723Z ##[group]Run actions/checkout@v4
end-workflow	Checkout code	2025-10-11T21:05:07.8858874Z with:
end-workflow	Checkout code	2025-10-11T21:05:07.8859353Z   fetch-depth: 0
end-workflow	Checkout code	2025-10-11T21:05:07.8860189Z   token: ***
end-workflow	Checkout code	2025-10-11T21:05:07.8860640Z   repository: Ka0s-Klaus/ka0s
end-workflow	Checkout code	2025-10-11T21:05:07.8861208Z   ssh-strict: true
end-workflow	Checkout code	2025-10-11T21:05:07.8861635Z   ssh-user: git
end-workflow	Checkout code	2025-10-11T21:05:07.8862071Z   persist-credentials: true
end-workflow	Checkout code	2025-10-11T21:05:07.8862546Z   clean: true
end-workflow	Checkout code	2025-10-11T21:05:07.8862983Z   sparse-checkout-cone-mode: true
end-workflow	Checkout code	2025-10-11T21:05:07.8863659Z   fetch-tags: false
end-workflow	Checkout code	2025-10-11T21:05:07.8864546Z   show-progress: true
end-workflow	Checkout code	2025-10-11T21:05:07.8865071Z   lfs: false
end-workflow	Checkout code	2025-10-11T21:05:07.8865479Z   submodules: false
end-workflow	Checkout code	2025-10-11T21:05:07.8865919Z   set-safe-directory: true
end-workflow	Checkout code	2025-10-11T21:05:07.8867050Z env:
end-workflow	Checkout code	2025-10-11T21:05:07.8868097Z   GITHUB_TOKEN: ***
end-workflow	Checkout code	2025-10-11T21:05:07.8892245Z   KAOS_MODULE: [Ka0s] Personalized Image Runners
end-workflow	Checkout code	2025-10-11T21:05:07.8893262Z   KAOS_CODE: 18434589750
end-workflow	Checkout code	2025-10-11T21:05:07.8893880Z   KAOS_PATH_SCAN: audit/scan/
end-workflow	Checkout code	2025-10-11T21:05:07.8894621Z   GH_TOKEN: ***
end-workflow	Checkout code	2025-10-11T21:05:07.8895095Z ##[endgroup]
end-workflow	Checkout code	2025-10-11T21:05:08.0338650Z Syncing repository: Ka0s-Klaus/ka0s
end-workflow	Checkout code	2025-10-11T21:05:08.0341237Z ##[group]Getting Git version info
end-workflow	Checkout code	2025-10-11T21:05:08.0342004Z Working directory is '/home/runner/_work/ka0s/ka0s'
end-workflow	Checkout code	2025-10-11T21:05:08.0343095Z [command]/usr/bin/git version
end-workflow	Checkout code	2025-10-11T21:05:08.0344201Z git version 2.51.0
end-workflow	Checkout code	2025-10-11T21:05:08.0346889Z ##[endgroup]
end-workflow	Checkout code	2025-10-11T21:05:08.0356168Z Copying '/home/runner/.gitconfig' to '/home/runner/_work/_temp/427ac6f6-3215-403d-b6af-7de4bdb1a6cc/.gitconfig'
end-workflow	Checkout code	2025-10-11T21:05:08.0361050Z Temporarily overriding HOME='/home/runner/_work/_temp/427ac6f6-3215-403d-b6af-7de4bdb1a6cc' before making global git config changes
end-workflow	Checkout code	2025-10-11T21:05:08.0362747Z Adding repository directory to the temporary git global config as a safe directory
end-workflow	Checkout code	2025-10-11T21:05:08.0370247Z [command]/usr/bin/git config --global --add safe.directory /home/runner/_work/ka0s/ka0s
end-workflow	Checkout code	2025-10-11T21:05:08.0383185Z [command]/usr/bin/git config --local --get remote.origin.url
end-workflow	Checkout code	2025-10-11T21:05:08.0411353Z https://github.com/Ka0s-Klaus/ka0s
end-workflow	Checkout code	2025-10-11T21:05:08.0434159Z ##[group]Removing previously created refs, to avoid conflicts
end-workflow	Checkout code	2025-10-11T21:05:08.0439573Z [command]/usr/bin/git rev-parse --symbolic-full-name --verify --quiet HEAD
end-workflow	Checkout code	2025-10-11T21:05:08.0467688Z refs/heads/main
end-workflow	Checkout code	2025-10-11T21:05:08.0478375Z [command]/usr/bin/git checkout --detach
end-workflow	Checkout code	2025-10-11T21:05:08.0565896Z HEAD is now at 014f0450e [Ka0s] üìä Directory scan report: core/runner
end-workflow	Checkout code	2025-10-11T21:05:08.0614777Z [command]/usr/bin/git branch --delete --force main
end-workflow	Checkout code	2025-10-11T21:05:08.0649302Z Deleted branch main (was 014f0450e).
end-workflow	Checkout code	2025-10-11T21:05:08.0737883Z ##[endgroup]
end-workflow	Checkout code	2025-10-11T21:05:08.0738607Z [command]/usr/bin/git submodule status
end-workflow	Checkout code	2025-10-11T21:05:08.1001995Z ##[group]Cleaning the repository
end-workflow	Checkout code	2025-10-11T21:05:08.1004397Z [command]/usr/bin/git clean -ffdx
end-workflow	Checkout code	2025-10-11T21:05:08.1073892Z [command]/usr/bin/git reset --hard HEAD
end-workflow	Checkout code	2025-10-11T21:05:08.1168319Z HEAD is now at 014f0450e [Ka0s] üìä Directory scan report: core/runner
end-workflow	Checkout code	2025-10-11T21:05:08.1175622Z ##[endgroup]
end-workflow	Checkout code	2025-10-11T21:05:08.1176586Z ##[group]Disabling automatic garbage collection
end-workflow	Checkout code	2025-10-11T21:05:08.1181117Z [command]/usr/bin/git config --local gc.auto 0
end-workflow	Checkout code	2025-10-11T21:05:08.1215255Z ##[endgroup]
end-workflow	Checkout code	2025-10-11T21:05:08.1216378Z ##[group]Setting up auth
end-workflow	Checkout code	2025-10-11T21:05:08.1221870Z [command]/usr/bin/git config --local --name-only --get-regexp core\.sshCommand
end-workflow	Checkout code	2025-10-11T21:05:08.1272281Z [command]/usr/bin/git submodule foreach --recursive sh -c "git config --local --name-only --get-regexp 'core\.sshCommand' && git config --local --unset-all 'core.sshCommand' || :"
end-workflow	Checkout code	2025-10-11T21:05:08.1543167Z [command]/usr/bin/git config --local --name-only --get-regexp http\.https\:\/\/github\.com\/\.extraheader
end-workflow	Checkout code	2025-10-11T21:05:08.1585433Z [command]/usr/bin/git submodule foreach --recursive sh -c "git config --local --name-only --get-regexp 'http\.https\:\/\/github\.com\/\.extraheader' && git config --local --unset-all 'http.https://github.com/.extraheader' || :"
end-workflow	Checkout code	2025-10-11T21:05:08.1867544Z [command]/usr/bin/git config --local http.https://github.com/.extraheader AUTHORIZATION: basic ***
end-workflow	Checkout code	2025-10-11T21:05:08.1913692Z ##[endgroup]
end-workflow	Checkout code	2025-10-11T21:05:08.1915007Z ##[group]Fetching the repository
end-workflow	Checkout code	2025-10-11T21:05:08.1922516Z [command]/usr/bin/git -c protocol.version=2 fetch --prune --no-recurse-submodules origin +refs/heads/*:refs/remotes/origin/* +refs/tags/*:refs/tags/*
end-workflow	Checkout code	2025-10-11T21:05:09.0397180Z From https://github.com/Ka0s-Klaus/ka0s
end-workflow	Checkout code	2025-10-11T21:05:09.0399555Z    014f0450e..4fd170127  main       -> origin/main
end-workflow	Checkout code	2025-10-11T21:05:09.0442751Z [command]/usr/bin/git branch --list --remote origin/main
end-workflow	Checkout code	2025-10-11T21:05:09.0510279Z   origin/main
end-workflow	Checkout code	2025-10-11T21:05:09.0566913Z [command]/usr/bin/git rev-parse refs/remotes/origin/main
end-workflow	Checkout code	2025-10-11T21:05:09.0568722Z 4fd170127fec83d4149ba2580a8840ce0f88cbf4
end-workflow	Checkout code	2025-10-11T21:05:09.0572926Z [command]/usr/bin/git -c protocol.version=2 fetch --no-tags --prune --no-recurse-submodules origin +137c7659338b522de78902f9548a78214a0a59ef:refs/remotes/origin/main
end-workflow	Checkout code	2025-10-11T21:05:09.0759100Z From https://github.com/Ka0s-Klaus/ka0s
end-workflow	Checkout code	2025-10-11T21:05:09.0761536Z  + 4fd170127...137c76593 137c7659338b522de78902f9548a78214a0a59ef -> origin/main  (forced update)
end-workflow	Checkout code	2025-10-11T21:05:09.0796720Z ##[endgroup]
end-workflow	Checkout code	2025-10-11T21:05:09.0798547Z ##[group]Determining the checkout info
end-workflow	Checkout code	2025-10-11T21:05:09.0800297Z ##[endgroup]
end-workflow	Checkout code	2025-10-11T21:05:09.0801343Z [command]/usr/bin/git sparse-checkout disable
end-workflow	Checkout code	2025-10-11T21:05:09.0877107Z [command]/usr/bin/git config --local --unset-all extensions.worktreeConfig
end-workflow	Checkout code	2025-10-11T21:05:09.0927177Z ##[group]Checking out the ref
end-workflow	Checkout code	2025-10-11T21:05:09.0929494Z [command]/usr/bin/git checkout --progress --force -B main refs/remotes/origin/main
end-workflow	Checkout code	2025-10-11T21:05:09.1110752Z Warning: you are leaving 12 commits behind, not connected to
end-workflow	Checkout code	2025-10-11T21:05:09.1112838Z any of your branches:
end-workflow	Checkout code	2025-10-11T21:05:09.1113787Z 
end-workflow	Checkout code	2025-10-11T21:05:09.1114713Z   014f0450e [Ka0s] üìä Directory scan report: core/runner
end-workflow	Checkout code	2025-10-11T21:05:09.1116999Z   fb0d544f8 [Ka0S] Inspector uploading resume execution files to the repository...
end-workflow	Checkout code	2025-10-11T21:05:09.1119284Z   678a1c569 [Ka0s] Add scan image and logs from 18434649402
end-workflow	Checkout code	2025-10-11T21:05:09.1121190Z   ffe8794ab [Ka0s] üìä Directory scan report: core/runner
end-workflow	Checkout code	2025-10-11T21:05:09.1122951Z  ... and 8 more.
end-workflow	Checkout code	2025-10-11T21:05:09.1123697Z 
end-workflow	Checkout code	2025-10-11T21:05:09.1124673Z If you want to keep them by creating a new branch, this may be a good time
end-workflow	Checkout code	2025-10-11T21:05:09.1126682Z to do so with:
end-workflow	Checkout code	2025-10-11T21:05:09.1127344Z 
end-workflow	Checkout code	2025-10-11T21:05:09.1127990Z  git branch <new-branch-name> 014f0450e
end-workflow	Checkout code	2025-10-11T21:05:09.1129125Z 
end-workflow	Checkout code	2025-10-11T21:05:09.1129757Z Switched to a new branch 'main'
end-workflow	Checkout code	2025-10-11T21:05:09.1131351Z branch 'main' set up to track 'origin/main'.
end-workflow	Checkout code	2025-10-11T21:05:09.1135721Z ##[endgroup]
end-workflow	Checkout code	2025-10-11T21:05:09.1178090Z [command]/usr/bin/git log -1 --format=%H
end-workflow	Checkout code	2025-10-11T21:05:09.1225295Z 137c7659338b522de78902f9548a78214a0a59ef
end-workflow	Finaliza el workflow	Ôªø2025-10-11T21:05:09.1511126Z ##[group]Run echo "End process"
end-workflow	Finaliza el workflow	2025-10-11T21:05:09.1512525Z [36;1mecho "End process"[0m
end-workflow	Finaliza el workflow	2025-10-11T21:05:09.1514302Z [36;1m# RNNUMBER=$(echo "refs/heads/main" | grep -o '[0-9]*')[0m
end-workflow	Finaliza el workflow	2025-10-11T21:05:09.1516550Z [36;1m# gh issue comment $RNNUMBER --body "Se finaliza Ka0s 18434589750"[0m
end-workflow	Finaliza el workflow	2025-10-11T21:05:09.1518296Z [36;1mecho "Se finaliza Ka0s 18434589750"[0m
end-workflow	Finaliza el workflow	2025-10-11T21:05:09.1520155Z [36;1mgh workflow run inspector.yml --ref 'main' -f kaos-workflow-id="18434589750"[0m
end-workflow	Finaliza el workflow	2025-10-11T21:05:09.1536348Z shell: /usr/bin/bash -e {0}
end-workflow	Finaliza el workflow	2025-10-11T21:05:09.1537478Z env:
end-workflow	Finaliza el workflow	2025-10-11T21:05:09.1539842Z   GITHUB_TOKEN: ***
end-workflow	Finaliza el workflow	2025-10-11T21:05:09.1540914Z   KAOS_MODULE: [Ka0s] Personalized Image Runners
end-workflow	Finaliza el workflow	2025-10-11T21:05:09.1542191Z   KAOS_CODE: 18434589750
end-workflow	Finaliza el workflow	2025-10-11T21:05:09.1543210Z   KAOS_PATH_SCAN: audit/scan/
end-workflow	Finaliza el workflow	2025-10-11T21:05:09.1545166Z   GH_TOKEN: ***
end-workflow	Finaliza el workflow	2025-10-11T21:05:09.1546043Z ##[endgroup]
end-workflow	Finaliza el workflow	2025-10-11T21:05:09.1617644Z End process
end-workflow	Finaliza el workflow	2025-10-11T21:05:09.1621324Z Se finaliza Ka0s 18434589750
end-workflow	Post Checkout code	Ôªø2025-10-11T21:05:09.8204249Z Post job cleanup.
end-workflow	Post Checkout code	2025-10-11T21:05:09.9217934Z [command]/usr/bin/git version
end-workflow	Post Checkout code	2025-10-11T21:05:09.9257819Z git version 2.51.0
end-workflow	Post Checkout code	2025-10-11T21:05:09.9301272Z Copying '/home/runner/.gitconfig' to '/home/runner/_work/_temp/ea60129e-b2e8-48cd-aa03-b43681bb1964/.gitconfig'
end-workflow	Post Checkout code	2025-10-11T21:05:09.9312619Z Temporarily overriding HOME='/home/runner/_work/_temp/ea60129e-b2e8-48cd-aa03-b43681bb1964' before making global git config changes
end-workflow	Post Checkout code	2025-10-11T21:05:09.9316232Z Adding repository directory to the temporary git global config as a safe directory
end-workflow	Post Checkout code	2025-10-11T21:05:09.9319288Z [command]/usr/bin/git config --global --add safe.directory /home/runner/_work/ka0s/ka0s
end-workflow	Post Checkout code	2025-10-11T21:05:09.9361967Z [command]/usr/bin/git config --local --name-only --get-regexp core\.sshCommand
end-workflow	Post Checkout code	2025-10-11T21:05:09.9401659Z [command]/usr/bin/git submodule foreach --recursive sh -c "git config --local --name-only --get-regexp 'core\.sshCommand' && git config --local --unset-all 'core.sshCommand' || :"
end-workflow	Post Checkout code	2025-10-11T21:05:09.9665173Z [command]/usr/bin/git config --local --name-only --get-regexp http\.https\:\/\/github\.com\/\.extraheader
end-workflow	Post Checkout code	2025-10-11T21:05:09.9689867Z http.https://github.com/.extraheader
end-workflow	Post Checkout code	2025-10-11T21:05:09.9703088Z [command]/usr/bin/git config --local --unset-all http.https://github.com/.extraheader
end-workflow	Post Checkout code	2025-10-11T21:05:09.9741126Z [command]/usr/bin/git submodule foreach --recursive sh -c "git config --local --name-only --get-regexp 'http\.https\:\/\/github\.com\/\.extraheader' && git config --local --unset-all 'http.https://github.com/.extraheader' || :"
end-workflow	Complete job	Ôªø2025-10-11T21:05:10.0147453Z Cleaning up orphan processes
