job-core	Set up job	﻿2025-10-11T20:59:25.6768087Z Current runner version: '2.328.0'
job-core	Set up job	2025-10-11T20:59:25.6786215Z Runner name: '3716a070ae51'
job-core	Set up job	2025-10-11T20:59:25.6788041Z Runner group name: 'swarm-runners'
job-core	Set up job	2025-10-11T20:59:25.6790440Z Machine name: '3716a070ae51'
job-core	Set up job	2025-10-11T20:59:25.6798334Z ##[group]GITHUB_TOKEN Permissions
job-core	Set up job	2025-10-11T20:59:25.6911617Z Actions: write
job-core	Set up job	2025-10-11T20:59:25.6913234Z Contents: read
job-core	Set up job	2025-10-11T20:59:25.6914599Z Issues: write
job-core	Set up job	2025-10-11T20:59:25.6915784Z Metadata: read
job-core	Set up job	2025-10-11T20:59:25.6917047Z ##[endgroup]
job-core	Set up job	2025-10-11T20:59:25.6922623Z Secret source: Actions
job-core	Set up job	2025-10-11T20:59:25.6924186Z Prepare workflow directory
job-core	Set up job	2025-10-11T20:59:25.8393129Z Prepare all required actions
job-core	Set up job	2025-10-11T20:59:25.8502285Z Getting action download info
job-core	Set up job	2025-10-11T20:59:26.5783719Z Download action repository 'actions/checkout@v4' (SHA:08eba0b27e820071cde6df949e0beb9ba4906955)
job-core	Set up job	2025-10-11T20:59:27.3890294Z Download action repository 'docker/login-action@v3' (SHA:5e57cd118135c172c3672efd75eb46360885c0ef)
job-core	Set up job	2025-10-11T20:59:28.6392547Z Complete job name: job-core
job-core	Checkout code	﻿2025-10-11T20:59:28.8433589Z ##[group]Run actions/checkout@v4
job-core	Checkout code	2025-10-11T20:59:28.8437058Z with:
job-core	Checkout code	2025-10-11T20:59:28.8438886Z   fetch-depth: 0
job-core	Checkout code	2025-10-11T20:59:28.8441944Z   token: ***
job-core	Checkout code	2025-10-11T20:59:28.8443699Z   repository: Ka0s-Klaus/ka0s
job-core	Checkout code	2025-10-11T20:59:28.8445828Z   ssh-strict: true
job-core	Checkout code	2025-10-11T20:59:28.8447816Z   ssh-user: git
job-core	Checkout code	2025-10-11T20:59:28.8450112Z   persist-credentials: true
job-core	Checkout code	2025-10-11T20:59:28.8452329Z   clean: true
job-core	Checkout code	2025-10-11T20:59:28.8454240Z   sparse-checkout-cone-mode: true
job-core	Checkout code	2025-10-11T20:59:28.8456335Z   fetch-tags: false
job-core	Checkout code	2025-10-11T20:59:28.8458500Z   show-progress: true
job-core	Checkout code	2025-10-11T20:59:28.8460606Z   lfs: false
job-core	Checkout code	2025-10-11T20:59:28.8462386Z   submodules: false
job-core	Checkout code	2025-10-11T20:59:28.8464261Z   set-safe-directory: true
job-core	Checkout code	2025-10-11T20:59:28.8467246Z env:
job-core	Checkout code	2025-10-11T20:59:28.8471620Z   GITHUB_TOKEN: ***
job-core	Checkout code	2025-10-11T20:59:28.8473838Z   KAOS_MODULE: [Ka0s] Personalized Image Runners
job-core	Checkout code	2025-10-11T20:59:28.8476565Z   KAOS_CODE: 18434652575
job-core	Checkout code	2025-10-11T20:59:28.8478683Z   KAOS_PATH_SCAN: audit/scan/
job-core	Checkout code	2025-10-11T20:59:28.8481070Z ##[endgroup]
job-core	Checkout code	2025-10-11T20:59:29.1144432Z Syncing repository: Ka0s-Klaus/ka0s
job-core	Checkout code	2025-10-11T20:59:29.1151106Z ##[group]Getting Git version info
job-core	Checkout code	2025-10-11T20:59:29.1154677Z Working directory is '/home/runner/_work/ka0s/ka0s'
job-core	Checkout code	2025-10-11T20:59:29.1163425Z [command]/usr/bin/git version
job-core	Checkout code	2025-10-11T20:59:29.1167934Z git version 2.51.0
job-core	Checkout code	2025-10-11T20:59:29.1182564Z ##[endgroup]
job-core	Checkout code	2025-10-11T20:59:29.1200248Z Copying '/home/runner/.gitconfig' to '/home/runner/_work/_temp/adc172dd-0f2e-4a4a-947a-c929c672d478/.gitconfig'
job-core	Checkout code	2025-10-11T20:59:29.1433882Z Temporarily overriding HOME='/home/runner/_work/_temp/adc172dd-0f2e-4a4a-947a-c929c672d478' before making global git config changes
job-core	Checkout code	2025-10-11T20:59:29.1441482Z Adding repository directory to the temporary git global config as a safe directory
job-core	Checkout code	2025-10-11T20:59:29.1451169Z [command]/usr/bin/git config --global --add safe.directory /home/runner/_work/ka0s/ka0s
job-core	Checkout code	2025-10-11T20:59:29.1821038Z [command]/usr/bin/git config --local --get remote.origin.url
job-core	Checkout code	2025-10-11T20:59:29.1874596Z https://github.com/Ka0s-Klaus/ka0s
job-core	Checkout code	2025-10-11T20:59:29.1919062Z ##[group]Removing previously created refs, to avoid conflicts
job-core	Checkout code	2025-10-11T20:59:29.1933629Z [command]/usr/bin/git rev-parse --symbolic-full-name --verify --quiet HEAD
job-core	Checkout code	2025-10-11T20:59:29.1984007Z refs/heads/main
job-core	Checkout code	2025-10-11T20:59:29.2013738Z [command]/usr/bin/git checkout --detach
job-core	Checkout code	2025-10-11T20:59:29.2465853Z HEAD is now at ffe8794ab [Ka0s] 📊 Directory scan report: core/runner
job-core	Checkout code	2025-10-11T20:59:29.2640613Z [command]/usr/bin/git branch --delete --force main
job-core	Checkout code	2025-10-11T20:59:29.2838528Z Deleted branch main (was ffe8794ab).
job-core	Checkout code	2025-10-11T20:59:29.3066261Z ##[endgroup]
job-core	Checkout code	2025-10-11T20:59:29.3070003Z [command]/usr/bin/git submodule status
job-core	Checkout code	2025-10-11T20:59:29.3455581Z ##[group]Cleaning the repository
job-core	Checkout code	2025-10-11T20:59:29.3458681Z [command]/usr/bin/git clean -ffdx
job-core	Checkout code	2025-10-11T20:59:29.3562295Z [command]/usr/bin/git reset --hard HEAD
job-core	Checkout code	2025-10-11T20:59:29.3755093Z HEAD is now at ffe8794ab [Ka0s] 📊 Directory scan report: core/runner
job-core	Checkout code	2025-10-11T20:59:29.3764589Z ##[endgroup]
job-core	Checkout code	2025-10-11T20:59:29.3768482Z ##[group]Disabling automatic garbage collection
job-core	Checkout code	2025-10-11T20:59:29.3874774Z [command]/usr/bin/git config --local gc.auto 0
job-core	Checkout code	2025-10-11T20:59:29.3936177Z ##[endgroup]
job-core	Checkout code	2025-10-11T20:59:29.3945617Z ##[group]Setting up auth
job-core	Checkout code	2025-10-11T20:59:29.3951736Z [command]/usr/bin/git config --local --name-only --get-regexp core\.sshCommand
job-core	Checkout code	2025-10-11T20:59:29.4081752Z [command]/usr/bin/git submodule foreach --recursive sh -c "git config --local --name-only --get-regexp 'core\.sshCommand' && git config --local --unset-all 'core.sshCommand' || :"
job-core	Checkout code	2025-10-11T20:59:29.5121207Z [command]/usr/bin/git config --local --name-only --get-regexp http\.https\:\/\/github\.com\/\.extraheader
job-core	Checkout code	2025-10-11T20:59:29.5302007Z [command]/usr/bin/git submodule foreach --recursive sh -c "git config --local --name-only --get-regexp 'http\.https\:\/\/github\.com\/\.extraheader' && git config --local --unset-all 'http.https://github.com/.extraheader' || :"
job-core	Checkout code	2025-10-11T20:59:29.6079085Z [command]/usr/bin/git config --local http.https://github.com/.extraheader AUTHORIZATION: basic ***
job-core	Checkout code	2025-10-11T20:59:29.6333451Z ##[endgroup]
job-core	Checkout code	2025-10-11T20:59:29.6344224Z ##[group]Fetching the repository
job-core	Checkout code	2025-10-11T20:59:29.6367431Z [command]/usr/bin/git -c protocol.version=2 fetch --prune --no-recurse-submodules origin +refs/heads/*:refs/remotes/origin/* +refs/tags/*:refs/tags/*
job-core	Checkout code	2025-10-11T20:59:30.3391856Z [command]/usr/bin/git branch --list --remote origin/main
job-core	Checkout code	2025-10-11T20:59:30.3508961Z   origin/main
job-core	Checkout code	2025-10-11T20:59:30.3539316Z [command]/usr/bin/git rev-parse refs/remotes/origin/main
job-core	Checkout code	2025-10-11T20:59:30.3585184Z ffe8794abeea4335ee3b36e92686db318ef413d0
job-core	Checkout code	2025-10-11T20:59:30.3602762Z ##[endgroup]
job-core	Checkout code	2025-10-11T20:59:30.3607287Z ##[group]Determining the checkout info
job-core	Checkout code	2025-10-11T20:59:30.3615642Z ##[endgroup]
job-core	Checkout code	2025-10-11T20:59:30.3618713Z [command]/usr/bin/git sparse-checkout disable
job-core	Checkout code	2025-10-11T20:59:30.3711162Z [command]/usr/bin/git config --local --unset-all extensions.worktreeConfig
job-core	Checkout code	2025-10-11T20:59:30.3912892Z ##[group]Checking out the ref
job-core	Checkout code	2025-10-11T20:59:30.3916716Z [command]/usr/bin/git checkout --progress --force -B main refs/remotes/origin/main
job-core	Checkout code	2025-10-11T20:59:30.4148592Z Switched to a new branch 'main'
job-core	Checkout code	2025-10-11T20:59:30.4157159Z branch 'main' set up to track 'origin/main'.
job-core	Checkout code	2025-10-11T20:59:30.4176003Z ##[endgroup]
job-core	Checkout code	2025-10-11T20:59:30.4205572Z [command]/usr/bin/git log -1 --format=%H
job-core	Checkout code	2025-10-11T20:59:30.4209883Z ffe8794abeea4335ee3b36e92686db318ef413d0
job-core	Login to Docker Hub	﻿2025-10-11T20:59:30.4984841Z ##[group]Run docker/login-action@v3
job-core	Login to Docker Hub	2025-10-11T20:59:30.4987232Z with:
job-core	Login to Docker Hub	2025-10-11T20:59:30.4989150Z   username: ***
job-core	Login to Docker Hub	2025-10-11T20:59:30.4991463Z   password: ***
job-core	Login to Docker Hub	2025-10-11T20:59:30.4993163Z   logout: true
job-core	Login to Docker Hub	2025-10-11T20:59:30.4994819Z env:
job-core	Login to Docker Hub	2025-10-11T20:59:30.4998798Z   GITHUB_TOKEN: ***
job-core	Login to Docker Hub	2025-10-11T20:59:30.5004009Z   KAOS_MODULE: [Ka0s] Personalized Image Runners
job-core	Login to Docker Hub	2025-10-11T20:59:30.5006532Z   KAOS_CODE: 18434652575
job-core	Login to Docker Hub	2025-10-11T20:59:30.5008526Z   KAOS_PATH_SCAN: audit/scan/
job-core	Login to Docker Hub	2025-10-11T20:59:30.5010697Z ##[endgroup]
job-core	Login to Docker Hub	2025-10-11T20:59:31.8318139Z Logging into docker.io...
job-core	Login to Docker Hub	2025-10-11T20:59:33.0631545Z Login Succeeded!
job-core	Build image	﻿2025-10-11T20:59:33.1045883Z ##[group]Run # Construimos la imagen y guardamos el log
job-core	Build image	2025-10-11T20:59:33.1047479Z [36;1m# Construimos la imagen y guardamos el log[0m
job-core	Build image	2025-10-11T20:59:33.1049284Z [36;1msudo docker build -t actions-runner:latest -f core/runner/actions-runner//latest//Dockerfile . > audit/scan/build_18434652575.log 2>&1 || {[0m
job-core	Build image	2025-10-11T20:59:33.1051424Z [36;1m  echo "❌ Error en docker build. Log guardado en audit/scan/build_18434652575.log"[0m
job-core	Build image	2025-10-11T20:59:33.1052637Z [36;1m  touch build_error.log[0m
job-core	Build image	2025-10-11T20:59:33.1053525Z [36;1m  cp audit/scan/build_18434652575.log build_error.log[0m
job-core	Build image	2025-10-11T20:59:33.1054560Z [36;1m  exit 10[0m
job-core	Build image	2025-10-11T20:59:33.1055080Z [36;1m}[0m
job-core	Build image	2025-10-11T20:59:33.1055735Z [36;1mecho "Se ha generado la imagen actions-runner:latest...."[0m
job-core	Build image	2025-10-11T20:59:33.1056600Z [36;1msudo usermod -aG docker runner [0m
job-core	Build image	2025-10-11T20:59:33.1082839Z shell: /usr/bin/bash -e {0}
job-core	Build image	2025-10-11T20:59:33.1084026Z env:
job-core	Build image	2025-10-11T20:59:33.1085735Z   GITHUB_TOKEN: ***
job-core	Build image	2025-10-11T20:59:33.1086531Z   KAOS_MODULE: [Ka0s] Personalized Image Runners
job-core	Build image	2025-10-11T20:59:33.1087414Z   KAOS_CODE: 18434652575
job-core	Build image	2025-10-11T20:59:33.1088077Z   KAOS_PATH_SCAN: audit/scan/
job-core	Build image	2025-10-11T20:59:33.1088758Z ##[endgroup]
job-core	Build image	2025-10-11T20:59:33.7753344Z Se ha generado la imagen actions-runner:latest....
job-core	Install Trivy vulnerability scanner	﻿2025-10-11T20:59:33.8055636Z ##[group]Run set -e
job-core	Install Trivy vulnerability scanner	2025-10-11T20:59:33.8056554Z [36;1mset -e[0m
job-core	Install Trivy vulnerability scanner	2025-10-11T20:59:33.8057582Z [36;1mecho "[Ka0s][Trivy] Instalando Trivy v0.48.3..."[0m
job-core	Install Trivy vulnerability scanner	2025-10-11T20:59:33.8060038Z [36;1mcurl -sfL https://raw.githubusercontent.com/aquasecurity/trivy/main/contrib/install.sh | sudo sh -s -- -b /usr/local/bin v0.48.3[0m
job-core	Install Trivy vulnerability scanner	2025-10-11T20:59:33.8062302Z [36;1mecho "[Ka0s][Trivy] Instalación completada."[0m
job-core	Install Trivy vulnerability scanner	2025-10-11T20:59:33.8063295Z [36;1m[0m
job-core	Install Trivy vulnerability scanner	2025-10-11T20:59:33.8064114Z [36;1mecho "[Ka0s][Trivy] Actualizando base de datos de vulnerabilidades..."[0m
job-core	Install Trivy vulnerability scanner	2025-10-11T20:59:33.8066283Z [36;1m# Actualizamos la base de datos ejecutando un escaneo dummy (Trivy descarga la DB automáticamente)[0m
job-core	Install Trivy vulnerability scanner	2025-10-11T20:59:33.8069440Z [36;1msudo trivy image --download-db-only || sudo trivy image alpine:latest > /dev/null 2>&1 || { echo "❌ Error al descargar la base de datos de Trivy"; exit 2; }[0m
job-core	Install Trivy vulnerability scanner	2025-10-11T20:59:33.8070555Z [36;1mecho "[Ka0s][Trivy] Base de datos actualizada."[0m
job-core	Install Trivy vulnerability scanner	2025-10-11T20:59:33.8071032Z [36;1m[0m
job-core	Install Trivy vulnerability scanner	2025-10-11T20:59:33.8071543Z [36;1mecho "[Ka0s][Trivy] Ejecutando escaneo de la imagen: actions-runner:latest"[0m
job-core	Install Trivy vulnerability scanner	2025-10-11T20:59:33.8072929Z [36;1m# Ejecutamos el escaneo en modo tabla y auditamos errores[0m
job-core	Install Trivy vulnerability scanner	2025-10-11T20:59:33.8074183Z [36;1mif ! sudo trivy image --severity HIGH,CRITICAL --ignore-unfixed --format table actions-runner:latest > audit/scan/trivy_table_18434652575.log 2>&1; then[0m
job-core	Install Trivy vulnerability scanner	2025-10-11T20:59:33.8076146Z [36;1m  echo "❌ Error en el escaneo de la imagen (tabla). Log guardado en audit/scan/trivy_table_18434652575.log"[0m
job-core	Install Trivy vulnerability scanner	2025-10-11T20:59:33.8077470Z [36;1m  exit 3[0m
job-core	Install Trivy vulnerability scanner	2025-10-11T20:59:33.8078356Z [36;1mfi[0m
job-core	Install Trivy vulnerability scanner	2025-10-11T20:59:33.8079255Z [36;1m# Escaneo en formato JSON y guardado[0m
job-core	Install Trivy vulnerability scanner	2025-10-11T20:59:33.8082224Z [36;1mif ! sudo trivy image --severity HIGH,CRITICAL --ignore-unfixed --format json actions-runner:latest > audit/scan/18434652575.json 2> audit/scan/trivy_json_18434652575.log; then[0m
job-core	Install Trivy vulnerability scanner	2025-10-11T20:59:33.8085701Z [36;1m  echo "❌ Error en el escaneo de la imagen (json). Log guardado en audit/scan/trivy_json_18434652575.log"[0m
job-core	Install Trivy vulnerability scanner	2025-10-11T20:59:33.8087489Z [36;1m  exit 4[0m
job-core	Install Trivy vulnerability scanner	2025-10-11T20:59:33.8088323Z [36;1mfi[0m
job-core	Install Trivy vulnerability scanner	2025-10-11T20:59:33.8089685Z [36;1mecho "[Ka0s][Trivy] Scan completado y guardado en audit/scan/18434652575.json"[0m
job-core	Install Trivy vulnerability scanner	2025-10-11T20:59:33.8090280Z [36;1m[0m
job-core	Install Trivy vulnerability scanner	2025-10-11T20:59:33.8090720Z [36;1mecho "Subimos los logs y el scan_image_from_18434652575.json a la ruta audit/scan/"[0m
job-core	Install Trivy vulnerability scanner	2025-10-11T20:59:33.8091383Z [36;1mecho "Uploading files to the repository..."[0m
job-core	Install Trivy vulnerability scanner	2025-10-11T20:59:33.8092034Z [36;1mgit config --global user.name "***"[0m
job-core	Install Trivy vulnerability scanner	2025-10-11T20:59:33.8093427Z [36;1mgit config --global user.email "***"[0m
job-core	Install Trivy vulnerability scanner	2025-10-11T20:59:33.8093823Z [36;1mgit pull --rebase[0m
job-core	Install Trivy vulnerability scanner	2025-10-11T20:59:33.8094183Z [36;1mgit add audit/scan/*[0m
job-core	Install Trivy vulnerability scanner	2025-10-11T20:59:33.8094811Z [36;1mgit commit -m "[Ka0s] Add scan image and logs from 18434652575" || echo "No changes to commit"[0m
job-core	Install Trivy vulnerability scanner	2025-10-11T20:59:33.8095458Z [36;1mMAX_RETRIES=3[0m
job-core	Install Trivy vulnerability scanner	2025-10-11T20:59:33.8095907Z [36;1mCOUNT=0[0m
job-core	Install Trivy vulnerability scanner	2025-10-11T20:59:33.8097203Z [36;1muntil git push origin refs/heads/main --force-with-lease; do[0m
job-core	Install Trivy vulnerability scanner	2025-10-11T20:59:33.8098655Z [36;1m  COUNT=$((COUNT+1))[0m
job-core	Install Trivy vulnerability scanner	2025-10-11T20:59:33.8111865Z [36;1m  if [ $COUNT -ge $MAX_RETRIES ]; then[0m
job-core	Install Trivy vulnerability scanner	2025-10-11T20:59:33.8113401Z [36;1m    echo "❌ Error: git push failed after $MAX_RETRIES attempts."[0m
job-core	Install Trivy vulnerability scanner	2025-10-11T20:59:33.8114561Z [36;1m    exit 1[0m
job-core	Install Trivy vulnerability scanner	2025-10-11T20:59:33.8115240Z [36;1m  fi[0m
job-core	Install Trivy vulnerability scanner	2025-10-11T20:59:33.8116255Z [36;1m  echo "⚠️ git push failed, retrying ($COUNT/$MAX_RETRIES)..."[0m
job-core	Install Trivy vulnerability scanner	2025-10-11T20:59:33.8117640Z [36;1m  git pull --rebase[0m
job-core	Install Trivy vulnerability scanner	2025-10-11T20:59:33.8118982Z [36;1m  sleep 2[0m
job-core	Install Trivy vulnerability scanner	2025-10-11T20:59:33.8119817Z [36;1mdone[0m
job-core	Install Trivy vulnerability scanner	2025-10-11T20:59:33.8134905Z shell: /usr/bin/bash -e {0}
job-core	Install Trivy vulnerability scanner	2025-10-11T20:59:33.8135619Z env:
job-core	Install Trivy vulnerability scanner	2025-10-11T20:59:33.8137454Z   GITHUB_TOKEN: ***
job-core	Install Trivy vulnerability scanner	2025-10-11T20:59:33.8138253Z   KAOS_MODULE: [Ka0s] Personalized Image Runners
job-core	Install Trivy vulnerability scanner	2025-10-11T20:59:33.8139457Z   KAOS_CODE: 18434652575
job-core	Install Trivy vulnerability scanner	2025-10-11T20:59:33.8140053Z   KAOS_PATH_SCAN: audit/scan/
job-core	Install Trivy vulnerability scanner	2025-10-11T20:59:33.8141146Z ##[endgroup]
job-core	Install Trivy vulnerability scanner	2025-10-11T20:59:33.8198968Z [Ka0s][Trivy] Instalando Trivy v0.48.3...
job-core	Install Trivy vulnerability scanner	2025-10-11T20:59:33.9453796Z aquasecurity/trivy info checking GitHub for tag 'v0.48.3'
job-core	Install Trivy vulnerability scanner	2025-10-11T20:59:34.1600645Z aquasecurity/trivy info found version: 0.48.3 for v0.48.3/Linux/64bit
job-core	Install Trivy vulnerability scanner	2025-10-11T20:59:40.5263619Z aquasecurity/trivy info installed /usr/local/bin/trivy
job-core	Install Trivy vulnerability scanner	2025-10-11T20:59:40.6273056Z [Ka0s][Trivy] Instalación completada.
job-core	Install Trivy vulnerability scanner	2025-10-11T20:59:40.6281049Z [Ka0s][Trivy] Actualizando base de datos de vulnerabilidades...
job-core	Install Trivy vulnerability scanner	2025-10-11T20:59:44.2248928Z 2025-10-11T22:59:44.224+0200	[34mINFO[0m	Need to update DB
job-core	Install Trivy vulnerability scanner	2025-10-11T20:59:44.2250571Z 2025-10-11T22:59:44.224+0200	[34mINFO[0m	DB Repository: ghcr.io/aquasecurity/trivy-db
job-core	Install Trivy vulnerability scanner	2025-10-11T20:59:44.2252184Z 2025-10-11T22:59:44.224+0200	[34mINFO[0m	Downloading DB...
job-core	Install Trivy vulnerability scanner	2025-10-11T20:59:51.9574474Z [Ka0s][Trivy] Base de datos actualizada.
job-core	Install Trivy vulnerability scanner	2025-10-11T20:59:51.9581462Z [Ka0s][Trivy] Ejecutando escaneo de la imagen: actions-runner:latest
job-core	Install Trivy vulnerability scanner	2025-10-11T21:04:55.0468014Z ❌ Error en el escaneo de la imagen (tabla). Log guardado en audit/scan/trivy_table_18434652575.log
job-core	Install Trivy vulnerability scanner	2025-10-11T21:04:55.0520926Z 11.44 MiB / 72.55 MiB [--------->___________________________________________________] 15.76% ? p/s ?21.81 MiB / 72.55 MiB [------------------>__________________________________________] 30.07% ? p/s ?33.56 MiB / 72.55 MiB [---------------------------->________________________________] 46.26% ? p/s ?43.19 MiB / 72.55 MiB [---------------------------->___________________] 59.53% 53.08 MiB p/s ETA 0s53.41 MiB / 72.55 MiB [----------------------------------->____________] 73.61% 53.08 MiB p/s ETA 0s64.59 MiB / 72.55 MiB [------------------------------------------>_____] 89.03% 53.08 MiB p/s ETA 0s72.55 MiB / 72.55 MiB [---------------------------------------------->] 100.00% 52.81 MiB p/s ETA 0s72.55 MiB / 72.55 MiB [---------------------------------------------->] 100.00% 52.81 MiB p/s ETA 0s72.55 MiB / 72.55 MiB [---------------------------------------------->] 100.00% 52.81 MiB p/s ETA 0s72.55 MiB / 72.55 MiB [---------------------------------------------->] 100.00% 49.40 MiB p/s ETA 0s72.55 MiB / 72.55 MiB [---------------------------------------------->] 100.00% 49.40 MiB p/s ETA 0s72.55 MiB / 72.55 MiB [---------------------------------------------->] 100.00% 49.40 MiB p/s ETA 0s72.55 MiB / 72.55 MiB [---------------------------------------------->] 100.00% 46.22 MiB p/s ETA 0s72.55 MiB / 72.55 MiB [---------------------------------------------->] 100.00% 46.22 MiB p/s ETA 0s72.55 MiB / 72.55 MiB [---------------------------------------------->] 100.00% 46.22 MiB p/s ETA 0s72.55 MiB / 72.55 MiB [---------------------------------------------->] 100.00% 43.24 MiB p/s ETA 0s72.55 MiB / 72.55 MiB [---------------------------------------------->] 100.00% 43.24 MiB p/s ETA 0s72.55 MiB / 72.55 MiB [---------------------------------------------->] 100.00% 43.24 MiB p/s ETA 0s72.55 MiB / 72.55 MiB [---------------------------------------------->] 100.00% 40.45 MiB p/s ETA 0s72.55 MiB / 72.55 MiB [---------------------------------------------->] 100.00% 40.45 MiB p/s ETA 0s72.55 MiB / 72.55 MiB [---------------------------------------------->] 100.00% 40.45 MiB p/s ETA 0s72.55 MiB / 72.55 MiB [---------------------------------------------->] 100.00% 37.84 MiB p/s ETA 0s72.55 MiB / 72.55 MiB [---------------------------------------------->] 100.00% 37.84 MiB p/s ETA 0s72.55 MiB / 72.55 MiB [---------------------------------------------->] 100.00% 37.84 MiB p/s ETA 0s72.55 MiB / 72.55 MiB [---------------------------------------------->] 100.00% 35.40 MiB p/s ETA 0s72.55 MiB / 72.55 MiB [---------------------------------------------->] 100.00% 35.40 MiB p/s ETA 0s72.55 MiB / 72.55 MiB [---------------------------------------------->] 100.00% 35.40 MiB p/s ETA 0s72.55 MiB / 72.55 MiB [---------------------------------------------->] 100.00% 33.11 MiB p/s ETA 0s72.55 MiB / 72.55 MiB [---------------------------------------------->] 100.00% 33.11 MiB p/s ETA 0s72.55 MiB / 72.55 MiB [---------------------------------------------->] 100.00% 33.11 MiB p/s ETA 0s72.55 MiB / 72.55 MiB [---------------------------------------------->] 100.00% 30.98 MiB p/s ETA 0s72.55 MiB / 72.55 MiB [---------------------------------------------->] 100.00% 30.98 MiB p/s ETA 0s72.55 MiB / 72.55 MiB [---------------------------------------------->] 100.00% 30.98 MiB p/s ETA 0s72.55 MiB / 72.55 MiB [---------------------------------------------->] 100.00% 28.98 MiB p/s ETA 0s72.55 MiB / 72.55 MiB [-------------------------------------------------] 100.00% 10.74 MiB p/s 7.0s
job-core	Install Trivy vulnerability scanner	2025-10-11T21:04:55.0566414Z ##[error]Process completed with exit code 3.
job-core	Post Login to Docker Hub	﻿2025-10-11T21:04:55.0998440Z Post job cleanup.
job-core	Post Login to Docker Hub	2025-10-11T21:04:57.1642176Z [command]/usr/bin/docker logout docker.io
job-core	Post Login to Docker Hub	2025-10-11T21:04:57.2437092Z Removing login credentials for docker.io
job-core	Post Login to Docker Hub	2025-10-11T21:04:57.2601627Z ##[group]Post cache
job-core	Post Login to Docker Hub	2025-10-11T21:04:57.2604669Z State not set
job-core	Post Login to Docker Hub	2025-10-11T21:04:57.2609416Z ##[endgroup]
job-core	Post Checkout code	﻿2025-10-11T21:04:57.3969764Z Post job cleanup.
job-core	Post Checkout code	2025-10-11T21:04:57.9618352Z [command]/usr/bin/git version
job-core	Post Checkout code	2025-10-11T21:04:57.9619479Z git version 2.51.0
job-core	Post Checkout code	2025-10-11T21:04:57.9713978Z Copying '/home/runner/.gitconfig' to '/home/runner/_work/_temp/b597fc35-b563-45b0-a96e-7c3729a7b9a9/.gitconfig'
job-core	Post Checkout code	2025-10-11T21:04:57.9743604Z Temporarily overriding HOME='/home/runner/_work/_temp/b597fc35-b563-45b0-a96e-7c3729a7b9a9' before making global git config changes
job-core	Post Checkout code	2025-10-11T21:04:57.9765953Z Adding repository directory to the temporary git global config as a safe directory
job-core	Post Checkout code	2025-10-11T21:04:57.9768284Z [command]/usr/bin/git config --global --add safe.directory /home/runner/_work/ka0s/ka0s
job-core	Post Checkout code	2025-10-11T21:04:57.9874502Z [command]/usr/bin/git config --local --name-only --get-regexp core\.sshCommand
job-core	Post Checkout code	2025-10-11T21:04:57.9961904Z [command]/usr/bin/git submodule foreach --recursive sh -c "git config --local --name-only --get-regexp 'core\.sshCommand' && git config --local --unset-all 'core.sshCommand' || :"
job-core	Post Checkout code	2025-10-11T21:04:58.1436319Z [command]/usr/bin/git config --local --name-only --get-regexp http\.https\:\/\/github\.com\/\.extraheader
job-core	Post Checkout code	2025-10-11T21:04:58.1652477Z http.https://github.com/.extraheader
job-core	Post Checkout code	2025-10-11T21:04:58.1711782Z [command]/usr/bin/git config --local --unset-all http.https://github.com/.extraheader
job-core	Post Checkout code	2025-10-11T21:04:58.1915280Z [command]/usr/bin/git submodule foreach --recursive sh -c "git config --local --name-only --get-regexp 'http\.https\:\/\/github\.com\/\.extraheader' && git config --local --unset-all 'http.https://github.com/.extraheader' || :"
job-core	Complete job	﻿2025-10-11T21:04:58.4369498Z Cleaning up orphan processes
handle_failure	Set up job	﻿2025-10-11T21:06:04.2768984Z Current runner version: '2.328.0'
handle_failure	Set up job	2025-10-11T21:06:04.2787636Z Runner name: '37aa29570759'
handle_failure	Set up job	2025-10-11T21:06:04.2790506Z Runner group name: 'swarm-runners'
handle_failure	Set up job	2025-10-11T21:06:04.2792530Z Machine name: '37aa29570759'
handle_failure	Set up job	2025-10-11T21:06:04.2811391Z ##[group]GITHUB_TOKEN Permissions
handle_failure	Set up job	2025-10-11T21:06:04.2833043Z Actions: write
handle_failure	Set up job	2025-10-11T21:06:04.2834790Z Contents: read
handle_failure	Set up job	2025-10-11T21:06:04.2836177Z Issues: write
handle_failure	Set up job	2025-10-11T21:06:04.2837736Z Metadata: read
handle_failure	Set up job	2025-10-11T21:06:04.2974095Z ##[endgroup]
handle_failure	Set up job	2025-10-11T21:06:04.2978852Z Secret source: Actions
handle_failure	Set up job	2025-10-11T21:06:04.2980285Z Prepare workflow directory
handle_failure	Set up job	2025-10-11T21:06:04.4422834Z Prepare all required actions
handle_failure	Set up job	2025-10-11T21:06:04.4707815Z Getting action download info
handle_failure	Set up job	2025-10-11T21:06:05.0576231Z Download action repository 'actions/checkout@v4' (SHA:08eba0b27e820071cde6df949e0beb9ba4906955)
handle_failure	Set up job	2025-10-11T21:06:06.1518130Z Complete job name: handle_failure
handle_failure	Checkout code	﻿2025-10-11T21:06:06.2847785Z ##[group]Run actions/checkout@v4
handle_failure	Checkout code	2025-10-11T21:06:06.2850561Z with:
handle_failure	Checkout code	2025-10-11T21:06:06.2851753Z   fetch-depth: 0
handle_failure	Checkout code	2025-10-11T21:06:06.2853385Z   token: ***
handle_failure	Checkout code	2025-10-11T21:06:06.2854524Z   repository: Ka0s-Klaus/ka0s
handle_failure	Checkout code	2025-10-11T21:06:06.2855863Z   ssh-strict: true
handle_failure	Checkout code	2025-10-11T21:06:06.2857000Z   ssh-user: git
handle_failure	Checkout code	2025-10-11T21:06:06.2858169Z   persist-credentials: true
handle_failure	Checkout code	2025-10-11T21:06:06.2859467Z   clean: true
handle_failure	Checkout code	2025-10-11T21:06:06.2861049Z   sparse-checkout-cone-mode: true
handle_failure	Checkout code	2025-10-11T21:06:06.2862530Z   fetch-tags: false
handle_failure	Checkout code	2025-10-11T21:06:06.2863702Z   show-progress: true
handle_failure	Checkout code	2025-10-11T21:06:06.2864890Z   lfs: false
handle_failure	Checkout code	2025-10-11T21:06:06.2865969Z   submodules: false
handle_failure	Checkout code	2025-10-11T21:06:06.2867213Z   set-safe-directory: true
handle_failure	Checkout code	2025-10-11T21:06:06.2869340Z env:
handle_failure	Checkout code	2025-10-11T21:06:06.2872344Z   GITHUB_TOKEN: ***
handle_failure	Checkout code	2025-10-11T21:06:06.2873703Z   KAOS_MODULE: [Ka0s] Personalized Image Runners
handle_failure	Checkout code	2025-10-11T21:06:06.2875332Z   KAOS_CODE: 18434652575
handle_failure	Checkout code	2025-10-11T21:06:06.2876629Z   KAOS_PATH_SCAN: audit/scan/
handle_failure	Checkout code	2025-10-11T21:06:06.2877957Z ##[endgroup]
handle_failure	Checkout code	2025-10-11T21:06:06.5690695Z Syncing repository: Ka0s-Klaus/ka0s
handle_failure	Checkout code	2025-10-11T21:06:06.5694955Z ##[group]Getting Git version info
handle_failure	Checkout code	2025-10-11T21:06:06.5696592Z Working directory is '/home/runner/_work/ka0s/ka0s'
handle_failure	Checkout code	2025-10-11T21:06:06.5698927Z [command]/usr/bin/git version
handle_failure	Checkout code	2025-10-11T21:06:06.5784293Z git version 2.51.0
handle_failure	Checkout code	2025-10-11T21:06:06.5837197Z ##[endgroup]
handle_failure	Checkout code	2025-10-11T21:06:06.5872539Z Copying '/home/runner/.gitconfig' to '/home/runner/_work/_temp/a24cda26-4937-4e57-b011-28be40821178/.gitconfig'
handle_failure	Checkout code	2025-10-11T21:06:06.5893401Z Temporarily overriding HOME='/home/runner/_work/_temp/a24cda26-4937-4e57-b011-28be40821178' before making global git config changes
handle_failure	Checkout code	2025-10-11T21:06:06.5934431Z Adding repository directory to the temporary git global config as a safe directory
handle_failure	Checkout code	2025-10-11T21:06:06.6014388Z [command]/usr/bin/git config --global --add safe.directory /home/runner/_work/ka0s/ka0s
handle_failure	Checkout code	2025-10-11T21:06:06.6246398Z [command]/usr/bin/git config --local --get remote.origin.url
handle_failure	Checkout code	2025-10-11T21:06:06.6306377Z https://github.com/Ka0s-Klaus/ka0s
handle_failure	Checkout code	2025-10-11T21:06:06.6377694Z ##[group]Removing previously created refs, to avoid conflicts
handle_failure	Checkout code	2025-10-11T21:06:06.6398901Z [command]/usr/bin/git rev-parse --symbolic-full-name --verify --quiet HEAD
handle_failure	Checkout code	2025-10-11T21:06:06.6466137Z refs/heads/main
handle_failure	Checkout code	2025-10-11T21:06:06.6533940Z [command]/usr/bin/git checkout --detach
handle_failure	Checkout code	2025-10-11T21:06:06.6728296Z HEAD is now at ffe8794ab [Ka0s] 📊 Directory scan report: core/runner
handle_failure	Checkout code	2025-10-11T21:06:06.7087684Z [command]/usr/bin/git branch --delete --force main
handle_failure	Checkout code	2025-10-11T21:06:06.7133469Z Deleted branch main (was ffe8794ab).
handle_failure	Checkout code	2025-10-11T21:06:06.7481156Z ##[endgroup]
handle_failure	Checkout code	2025-10-11T21:06:06.7482498Z [command]/usr/bin/git submodule status
handle_failure	Checkout code	2025-10-11T21:06:06.8558312Z ##[group]Cleaning the repository
handle_failure	Checkout code	2025-10-11T21:06:06.8577574Z [command]/usr/bin/git clean -ffdx
handle_failure	Checkout code	2025-10-11T21:06:06.8868956Z [command]/usr/bin/git reset --hard HEAD
handle_failure	Checkout code	2025-10-11T21:06:06.9144070Z HEAD is now at ffe8794ab [Ka0s] 📊 Directory scan report: core/runner
handle_failure	Checkout code	2025-10-11T21:06:06.9167297Z ##[endgroup]
handle_failure	Checkout code	2025-10-11T21:06:06.9193032Z ##[group]Disabling automatic garbage collection
handle_failure	Checkout code	2025-10-11T21:06:06.9212234Z [command]/usr/bin/git config --local gc.auto 0
handle_failure	Checkout code	2025-10-11T21:06:06.9313876Z ##[endgroup]
handle_failure	Checkout code	2025-10-11T21:06:06.9352807Z ##[group]Setting up auth
handle_failure	Checkout code	2025-10-11T21:06:06.9371947Z [command]/usr/bin/git config --local --name-only --get-regexp core\.sshCommand
handle_failure	Checkout code	2025-10-11T21:06:06.9497147Z [command]/usr/bin/git submodule foreach --recursive sh -c "git config --local --name-only --get-regexp 'core\.sshCommand' && git config --local --unset-all 'core.sshCommand' || :"
handle_failure	Checkout code	2025-10-11T21:06:07.0314684Z [command]/usr/bin/git config --local --name-only --get-regexp http\.https\:\/\/github\.com\/\.extraheader
handle_failure	Checkout code	2025-10-11T21:06:07.0453394Z [command]/usr/bin/git submodule foreach --recursive sh -c "git config --local --name-only --get-regexp 'http\.https\:\/\/github\.com\/\.extraheader' && git config --local --unset-all 'http.https://github.com/.extraheader' || :"
handle_failure	Checkout code	2025-10-11T21:06:07.1611600Z [command]/usr/bin/git config --local http.https://github.com/.extraheader AUTHORIZATION: basic ***
handle_failure	Checkout code	2025-10-11T21:06:07.1906061Z ##[endgroup]
handle_failure	Checkout code	2025-10-11T21:06:07.1908669Z ##[group]Fetching the repository
handle_failure	Checkout code	2025-10-11T21:06:07.2034867Z [command]/usr/bin/git -c protocol.version=2 fetch --prune --no-recurse-submodules origin +refs/heads/*:refs/remotes/origin/* +refs/tags/*:refs/tags/*
handle_failure	Checkout code	2025-10-11T21:06:08.1966525Z From https://github.com/Ka0s-Klaus/ka0s
handle_failure	Checkout code	2025-10-11T21:06:08.2005709Z    ffe8794ab..808a3dfe8  main       -> origin/main
handle_failure	Checkout code	2025-10-11T21:06:08.2133392Z [command]/usr/bin/git branch --list --remote origin/main
handle_failure	Checkout code	2025-10-11T21:06:08.2285997Z   origin/main
handle_failure	Checkout code	2025-10-11T21:06:08.2330218Z [command]/usr/bin/git rev-parse refs/remotes/origin/main
handle_failure	Checkout code	2025-10-11T21:06:08.2476879Z 808a3dfe8d23202124a6eafe6051addc531166af
handle_failure	Checkout code	2025-10-11T21:06:08.2577086Z [command]/usr/bin/git -c protocol.version=2 fetch --no-tags --prune --no-recurse-submodules origin +ffe8794abeea4335ee3b36e92686db318ef413d0:refs/remotes/origin/main
handle_failure	Checkout code	2025-10-11T21:06:08.3065541Z From https://github.com/Ka0s-Klaus/ka0s
handle_failure	Checkout code	2025-10-11T21:06:08.3108328Z  + 808a3dfe8...ffe8794ab ffe8794abeea4335ee3b36e92686db318ef413d0 -> origin/main  (forced update)
handle_failure	Checkout code	2025-10-11T21:06:08.3135581Z ##[endgroup]
handle_failure	Checkout code	2025-10-11T21:06:08.3138913Z ##[group]Determining the checkout info
handle_failure	Checkout code	2025-10-11T21:06:08.3142687Z ##[endgroup]
handle_failure	Checkout code	2025-10-11T21:06:08.3144713Z [command]/usr/bin/git sparse-checkout disable
handle_failure	Checkout code	2025-10-11T21:06:08.3247697Z [command]/usr/bin/git config --local --unset-all extensions.worktreeConfig
handle_failure	Checkout code	2025-10-11T21:06:08.3355324Z ##[group]Checking out the ref
handle_failure	Checkout code	2025-10-11T21:06:08.3360967Z [command]/usr/bin/git checkout --progress --force -B main refs/remotes/origin/main
handle_failure	Checkout code	2025-10-11T21:06:08.3516058Z Switched to a new branch 'main'
handle_failure	Checkout code	2025-10-11T21:06:08.3520318Z branch 'main' set up to track 'origin/main'.
handle_failure	Checkout code	2025-10-11T21:06:08.3534735Z ##[endgroup]
handle_failure	Checkout code	2025-10-11T21:06:08.3632488Z [command]/usr/bin/git log -1 --format=%H
handle_failure	Checkout code	2025-10-11T21:06:08.3676394Z ffe8794abeea4335ee3b36e92686db318ef413d0
handle_failure	handle-failure-execution	﻿2025-10-11T21:06:08.4732765Z ##[group]Run echo "Error detectado en el proceso"
handle_failure	handle-failure-execution	2025-10-11T21:06:08.4736268Z [36;1mecho "Error detectado en el proceso"[0m
handle_failure	handle-failure-execution	2025-10-11T21:06:08.4740067Z [36;1mecho "Creando issue para fallo general o fallo en docker build"[0m
handle_failure	handle-failure-execution	2025-10-11T21:06:08.4789964Z [36;1mgh issue create --title "[Ka0s] Personalized Image Runners Error detectado en 18434652575" --label "bug" --body "El workflow ha fallado. Revisa los logs en 'https://github.com/Ka0s-Klaus/ka0s/actions/runs/18434652575' y en el repositorio en `audit/scan/` para más información.\n\nLogs relevantes:\n- [Log de build](https://github.com/Ka0s-Klaus/ka0s/blob/main/audit/scan/build_18434652575.log)\n- [Log Trivy tabla](https://github.com/Ka0s-Klaus/ka0s/blob/main/audit/scan/trivy_table_18434652575.log)\n- [Log Trivy json](https://github.com/Ka0s-Klaus/ka0s/blob/main/audit/scan/trivy_json_18434652575.log)\n- [Resultado JSON](https://github.com/Ka0s-Klaus/ka0s/blob/main/audit/scan/18434652575.json)"[0m
handle_failure	handle-failure-execution	2025-10-11T21:06:08.4841393Z [36;1mif [ -f build_error.log ]; then[0m
handle_failure	handle-failure-execution	2025-10-11T21:06:08.4859049Z [36;1m  gh issue comment $(gh issue list --state open --search "[Ka0s] Personalized Image Runners Error detectado en 18434652575" --json number --jq '.[0].number') --body "Detalles del error en docker build:\n\n$(cat build_error.log)\n\n[Ver log completo](https://github.com/Ka0s-Klaus/ka0s/blob/main/audit/scan/build_18434652575.log)"[0m
handle_failure	handle-failure-execution	2025-10-11T21:06:08.4884502Z [36;1mfi[0m
handle_failure	handle-failure-execution	2025-10-11T21:06:08.4941415Z shell: /usr/bin/bash -e {0}
handle_failure	handle-failure-execution	2025-10-11T21:06:08.4944467Z env:
handle_failure	handle-failure-execution	2025-10-11T21:06:08.4950035Z   GITHUB_TOKEN: ***
handle_failure	handle-failure-execution	2025-10-11T21:06:08.4952292Z   KAOS_MODULE: [Ka0s] Personalized Image Runners
handle_failure	handle-failure-execution	2025-10-11T21:06:08.4955916Z   KAOS_CODE: 18434652575
handle_failure	handle-failure-execution	2025-10-11T21:06:08.4958401Z   KAOS_PATH_SCAN: audit/scan/
handle_failure	handle-failure-execution	2025-10-11T21:06:08.4962074Z   GH_TOKEN: ***
handle_failure	handle-failure-execution	2025-10-11T21:06:08.4964246Z ##[endgroup]
handle_failure	handle-failure-execution	2025-10-11T21:06:08.5231975Z Error detectado en el proceso
handle_failure	handle-failure-execution	2025-10-11T21:06:08.5235274Z Creando issue para fallo general o fallo en docker build
handle_failure	handle-failure-execution	2025-10-11T21:06:08.5258994Z /home/runner/_work/_temp/bd43f657-bdcf-4e43-a7a3-f507ae19351b.sh: line 3: audit/scan/: Is a directory
handle_failure	handle-failure-execution	2025-10-11T21:06:09.7794160Z https://github.com/Ka0s-Klaus/ka0s/issues/2187
handle_failure	Post Checkout code	﻿2025-10-11T21:06:09.8656623Z Post job cleanup.
handle_failure	Post Checkout code	2025-10-11T21:06:10.1091724Z [command]/usr/bin/git version
handle_failure	Post Checkout code	2025-10-11T21:06:10.1243500Z git version 2.51.0
handle_failure	Post Checkout code	2025-10-11T21:06:10.1316603Z Copying '/home/runner/.gitconfig' to '/home/runner/_work/_temp/d4722f23-d4fa-47d7-8a31-7c18ed38d906/.gitconfig'
handle_failure	Post Checkout code	2025-10-11T21:06:10.1340446Z Temporarily overriding HOME='/home/runner/_work/_temp/d4722f23-d4fa-47d7-8a31-7c18ed38d906' before making global git config changes
handle_failure	Post Checkout code	2025-10-11T21:06:10.1364638Z Adding repository directory to the temporary git global config as a safe directory
handle_failure	Post Checkout code	2025-10-11T21:06:10.1370265Z [command]/usr/bin/git config --global --add safe.directory /home/runner/_work/ka0s/ka0s
handle_failure	Post Checkout code	2025-10-11T21:06:10.1513947Z [command]/usr/bin/git config --local --name-only --get-regexp core\.sshCommand
handle_failure	Post Checkout code	2025-10-11T21:06:10.1670330Z [command]/usr/bin/git submodule foreach --recursive sh -c "git config --local --name-only --get-regexp 'core\.sshCommand' && git config --local --unset-all 'core.sshCommand' || :"
handle_failure	Post Checkout code	2025-10-11T21:06:10.2547786Z [command]/usr/bin/git config --local --name-only --get-regexp http\.https\:\/\/github\.com\/\.extraheader
handle_failure	Post Checkout code	2025-10-11T21:06:10.2596579Z http.https://github.com/.extraheader
handle_failure	Post Checkout code	2025-10-11T21:06:10.2628822Z [command]/usr/bin/git config --local --unset-all http.https://github.com/.extraheader
handle_failure	Post Checkout code	2025-10-11T21:06:10.2702458Z [command]/usr/bin/git submodule foreach --recursive sh -c "git config --local --name-only --get-regexp 'http\.https\:\/\/github\.com\/\.extraheader' && git config --local --unset-all 'http.https://github.com/.extraheader' || :"
handle_failure	Complete job	﻿2025-10-11T21:06:10.3730603Z Cleaning up orphan processes
end-workflow	Set up job	﻿2025-10-11T21:06:16.0936852Z Current runner version: '2.328.0'
end-workflow	Set up job	2025-10-11T21:06:16.0954346Z Runner name: '3716a070ae51'
end-workflow	Set up job	2025-10-11T21:06:16.0956653Z Runner group name: 'swarm-runners'
end-workflow	Set up job	2025-10-11T21:06:16.0958758Z Machine name: '3716a070ae51'
end-workflow	Set up job	2025-10-11T21:06:16.1025668Z ##[group]GITHUB_TOKEN Permissions
end-workflow	Set up job	2025-10-11T21:06:16.1031349Z Actions: write
end-workflow	Set up job	2025-10-11T21:06:16.1033244Z Contents: read
end-workflow	Set up job	2025-10-11T21:06:16.1034590Z Issues: write
end-workflow	Set up job	2025-10-11T21:06:16.1035651Z Metadata: read
end-workflow	Set up job	2025-10-11T21:06:16.1162265Z ##[endgroup]
end-workflow	Set up job	2025-10-11T21:06:16.1166622Z Secret source: Actions
end-workflow	Set up job	2025-10-11T21:06:16.1167868Z Prepare workflow directory
end-workflow	Set up job	2025-10-11T21:06:16.2614544Z Prepare all required actions
end-workflow	Set up job	2025-10-11T21:06:16.2696826Z Getting action download info
end-workflow	Set up job	2025-10-11T21:06:16.8966513Z Download action repository 'actions/checkout@v4' (SHA:08eba0b27e820071cde6df949e0beb9ba4906955)
end-workflow	Set up job	2025-10-11T21:06:17.8144989Z Complete job name: end-workflow
end-workflow	Checkout code	﻿2025-10-11T21:06:17.9545456Z ##[group]Run actions/checkout@v4
end-workflow	Checkout code	2025-10-11T21:06:17.9547386Z with:
end-workflow	Checkout code	2025-10-11T21:06:17.9548415Z   fetch-depth: 0
end-workflow	Checkout code	2025-10-11T21:06:17.9553929Z   token: ***
end-workflow	Checkout code	2025-10-11T21:06:17.9555068Z   repository: Ka0s-Klaus/ka0s
end-workflow	Checkout code	2025-10-11T21:06:17.9556348Z   ssh-strict: true
end-workflow	Checkout code	2025-10-11T21:06:17.9557411Z   ssh-user: git
end-workflow	Checkout code	2025-10-11T21:06:17.9558486Z   persist-credentials: true
end-workflow	Checkout code	2025-10-11T21:06:17.9559820Z   clean: true
end-workflow	Checkout code	2025-10-11T21:06:17.9560964Z   sparse-checkout-cone-mode: true
end-workflow	Checkout code	2025-10-11T21:06:17.9562311Z   fetch-tags: false
end-workflow	Checkout code	2025-10-11T21:06:17.9563441Z   show-progress: true
end-workflow	Checkout code	2025-10-11T21:06:17.9564606Z   lfs: false
end-workflow	Checkout code	2025-10-11T21:06:17.9565589Z   submodules: false
end-workflow	Checkout code	2025-10-11T21:06:17.9566771Z   set-safe-directory: true
end-workflow	Checkout code	2025-10-11T21:06:17.9568677Z env:
end-workflow	Checkout code	2025-10-11T21:06:17.9604937Z   GITHUB_TOKEN: ***
end-workflow	Checkout code	2025-10-11T21:06:17.9606207Z   KAOS_MODULE: [Ka0s] Personalized Image Runners
end-workflow	Checkout code	2025-10-11T21:06:17.9607553Z   KAOS_CODE: 18434652575
end-workflow	Checkout code	2025-10-11T21:06:17.9608623Z   KAOS_PATH_SCAN: audit/scan/
end-workflow	Checkout code	2025-10-11T21:06:17.9610225Z   GH_TOKEN: ***
end-workflow	Checkout code	2025-10-11T21:06:17.9611368Z ##[endgroup]
end-workflow	Checkout code	2025-10-11T21:06:18.2050898Z Syncing repository: Ka0s-Klaus/ka0s
end-workflow	Checkout code	2025-10-11T21:06:18.2057944Z ##[group]Getting Git version info
end-workflow	Checkout code	2025-10-11T21:06:18.2062071Z Working directory is '/home/runner/_work/ka0s/ka0s'
end-workflow	Checkout code	2025-10-11T21:06:18.2066718Z [command]/usr/bin/git version
end-workflow	Checkout code	2025-10-11T21:06:18.2069214Z git version 2.51.0
end-workflow	Checkout code	2025-10-11T21:06:18.2077258Z ##[endgroup]
end-workflow	Checkout code	2025-10-11T21:06:18.2099890Z Copying '/home/runner/.gitconfig' to '/home/runner/_work/_temp/e2c0927d-463d-405e-95f9-aabd3a9e45dd/.gitconfig'
end-workflow	Checkout code	2025-10-11T21:06:18.2108087Z Temporarily overriding HOME='/home/runner/_work/_temp/e2c0927d-463d-405e-95f9-aabd3a9e45dd' before making global git config changes
end-workflow	Checkout code	2025-10-11T21:06:18.2114910Z Adding repository directory to the temporary git global config as a safe directory
end-workflow	Checkout code	2025-10-11T21:06:18.2140996Z [command]/usr/bin/git config --global --add safe.directory /home/runner/_work/ka0s/ka0s
end-workflow	Checkout code	2025-10-11T21:06:18.2158874Z [command]/usr/bin/git config --local --get remote.origin.url
end-workflow	Checkout code	2025-10-11T21:06:18.2231198Z https://github.com/Ka0s-Klaus/ka0s
end-workflow	Checkout code	2025-10-11T21:06:18.2266698Z ##[group]Removing previously created refs, to avoid conflicts
end-workflow	Checkout code	2025-10-11T21:06:18.2275695Z [command]/usr/bin/git rev-parse --symbolic-full-name --verify --quiet HEAD
end-workflow	Checkout code	2025-10-11T21:06:18.2331708Z refs/heads/main
end-workflow	Checkout code	2025-10-11T21:06:18.2358399Z [command]/usr/bin/git checkout --detach
end-workflow	Checkout code	2025-10-11T21:06:18.2551217Z HEAD is now at ffe8794ab [Ka0s] 📊 Directory scan report: core/runner
end-workflow	Checkout code	2025-10-11T21:06:18.2695291Z [command]/usr/bin/git branch --delete --force main
end-workflow	Checkout code	2025-10-11T21:06:18.2750045Z Deleted branch main (was ffe8794ab).
end-workflow	Checkout code	2025-10-11T21:06:18.3338259Z ##[endgroup]
end-workflow	Checkout code	2025-10-11T21:06:18.3352583Z [command]/usr/bin/git submodule status
end-workflow	Checkout code	2025-10-11T21:06:18.3704357Z ##[group]Cleaning the repository
end-workflow	Checkout code	2025-10-11T21:06:18.3711165Z [command]/usr/bin/git clean -ffdx
end-workflow	Checkout code	2025-10-11T21:06:18.3790976Z Removing audit/scan/build_18434652575.log
end-workflow	Checkout code	2025-10-11T21:06:18.3793679Z Removing audit/scan/trivy_table_18434652575.log
end-workflow	Checkout code	2025-10-11T21:06:18.3806379Z [command]/usr/bin/git reset --hard HEAD
end-workflow	Checkout code	2025-10-11T21:06:18.4125358Z HEAD is now at ffe8794ab [Ka0s] 📊 Directory scan report: core/runner
end-workflow	Checkout code	2025-10-11T21:06:18.4140930Z ##[endgroup]
end-workflow	Checkout code	2025-10-11T21:06:18.4142272Z ##[group]Disabling automatic garbage collection
end-workflow	Checkout code	2025-10-11T21:06:18.4146205Z [command]/usr/bin/git config --local gc.auto 0
end-workflow	Checkout code	2025-10-11T21:06:18.4193536Z ##[endgroup]
end-workflow	Checkout code	2025-10-11T21:06:18.4195454Z ##[group]Setting up auth
end-workflow	Checkout code	2025-10-11T21:06:18.4201771Z [command]/usr/bin/git config --local --name-only --get-regexp core\.sshCommand
end-workflow	Checkout code	2025-10-11T21:06:18.4252245Z [command]/usr/bin/git submodule foreach --recursive sh -c "git config --local --name-only --get-regexp 'core\.sshCommand' && git config --local --unset-all 'core.sshCommand' || :"
end-workflow	Checkout code	2025-10-11T21:06:18.4596664Z [command]/usr/bin/git config --local --name-only --get-regexp http\.https\:\/\/github\.com\/\.extraheader
end-workflow	Checkout code	2025-10-11T21:06:18.4646826Z [command]/usr/bin/git submodule foreach --recursive sh -c "git config --local --name-only --get-regexp 'http\.https\:\/\/github\.com\/\.extraheader' && git config --local --unset-all 'http.https://github.com/.extraheader' || :"
end-workflow	Checkout code	2025-10-11T21:06:18.4994507Z [command]/usr/bin/git config --local http.https://github.com/.extraheader AUTHORIZATION: basic ***
end-workflow	Checkout code	2025-10-11T21:06:18.6663653Z ##[endgroup]
end-workflow	Checkout code	2025-10-11T21:06:18.6665684Z ##[group]Fetching the repository
end-workflow	Checkout code	2025-10-11T21:06:18.6669773Z [command]/usr/bin/git -c protocol.version=2 fetch --prune --no-recurse-submodules origin +refs/heads/*:refs/remotes/origin/* +refs/tags/*:refs/tags/*
end-workflow	Checkout code	2025-10-11T21:06:19.6068697Z From https://github.com/Ka0s-Klaus/ka0s
end-workflow	Checkout code	2025-10-11T21:06:19.6073795Z    ffe8794ab..808a3dfe8  main       -> origin/main
end-workflow	Checkout code	2025-10-11T21:06:19.6125354Z [command]/usr/bin/git branch --list --remote origin/main
end-workflow	Checkout code	2025-10-11T21:06:19.6199429Z   origin/main
end-workflow	Checkout code	2025-10-11T21:06:19.6214073Z [command]/usr/bin/git rev-parse refs/remotes/origin/main
end-workflow	Checkout code	2025-10-11T21:06:19.6245435Z 808a3dfe8d23202124a6eafe6051addc531166af
end-workflow	Checkout code	2025-10-11T21:06:19.6263382Z [command]/usr/bin/git -c protocol.version=2 fetch --no-tags --prune --no-recurse-submodules origin +ffe8794abeea4335ee3b36e92686db318ef413d0:refs/remotes/origin/main
end-workflow	Checkout code	2025-10-11T21:06:19.6473276Z From https://github.com/Ka0s-Klaus/ka0s
end-workflow	Checkout code	2025-10-11T21:06:19.6480172Z  + 808a3dfe8...ffe8794ab ffe8794abeea4335ee3b36e92686db318ef413d0 -> origin/main  (forced update)
end-workflow	Checkout code	2025-10-11T21:06:19.6516794Z ##[endgroup]
end-workflow	Checkout code	2025-10-11T21:06:19.6521433Z ##[group]Determining the checkout info
end-workflow	Checkout code	2025-10-11T21:06:19.6526325Z ##[endgroup]
end-workflow	Checkout code	2025-10-11T21:06:19.6529748Z [command]/usr/bin/git sparse-checkout disable
end-workflow	Checkout code	2025-10-11T21:06:19.6596334Z [command]/usr/bin/git config --local --unset-all extensions.worktreeConfig
end-workflow	Checkout code	2025-10-11T21:06:19.6638051Z ##[group]Checking out the ref
end-workflow	Checkout code	2025-10-11T21:06:19.6645341Z [command]/usr/bin/git checkout --progress --force -B main refs/remotes/origin/main
end-workflow	Checkout code	2025-10-11T21:06:19.6755016Z Switched to a new branch 'main'
end-workflow	Checkout code	2025-10-11T21:06:19.6758939Z branch 'main' set up to track 'origin/main'.
end-workflow	Checkout code	2025-10-11T21:06:19.6770138Z ##[endgroup]
end-workflow	Checkout code	2025-10-11T21:06:19.6826002Z [command]/usr/bin/git log -1 --format=%H
end-workflow	Checkout code	2025-10-11T21:06:19.6863010Z ffe8794abeea4335ee3b36e92686db318ef413d0
end-workflow	Finaliza el workflow	﻿2025-10-11T21:06:19.7446585Z ##[group]Run echo "End process"
end-workflow	Finaliza el workflow	2025-10-11T21:06:19.7449435Z [36;1mecho "End process"[0m
end-workflow	Finaliza el workflow	2025-10-11T21:06:19.7452649Z [36;1m# RNNUMBER=$(echo "refs/heads/main" | grep -o '[0-9]*')[0m
end-workflow	Finaliza el workflow	2025-10-11T21:06:19.7457018Z [36;1m# gh issue comment $RNNUMBER --body "Se finaliza Ka0s 18434652575"[0m
end-workflow	Finaliza el workflow	2025-10-11T21:06:19.7460999Z [36;1mecho "Se finaliza Ka0s 18434652575"[0m
end-workflow	Finaliza el workflow	2025-10-11T21:06:19.7465133Z [36;1mgh workflow run inspector.yml --ref 'main' -f kaos-workflow-id="18434652575"[0m
end-workflow	Finaliza el workflow	2025-10-11T21:06:19.7495377Z shell: /usr/bin/bash -e {0}
end-workflow	Finaliza el workflow	2025-10-11T21:06:19.7497835Z env:
end-workflow	Finaliza el workflow	2025-10-11T21:06:19.7503021Z   GITHUB_TOKEN: ***
end-workflow	Finaliza el workflow	2025-10-11T21:06:19.7505474Z   KAOS_MODULE: [Ka0s] Personalized Image Runners
end-workflow	Finaliza el workflow	2025-10-11T21:06:19.7508439Z   KAOS_CODE: 18434652575
end-workflow	Finaliza el workflow	2025-10-11T21:06:19.7510876Z   KAOS_PATH_SCAN: audit/scan/
end-workflow	Finaliza el workflow	2025-10-11T21:06:19.7514040Z   GH_TOKEN: ***
end-workflow	Finaliza el workflow	2025-10-11T21:06:19.7516060Z ##[endgroup]
end-workflow	Finaliza el workflow	2025-10-11T21:06:19.7633341Z End process
end-workflow	Finaliza el workflow	2025-10-11T21:06:19.7636091Z Se finaliza Ka0s 18434652575
end-workflow	Post Checkout code	﻿2025-10-11T21:06:20.5284310Z Post job cleanup.
end-workflow	Post Checkout code	2025-10-11T21:06:20.7510889Z [command]/usr/bin/git version
end-workflow	Post Checkout code	2025-10-11T21:06:20.7581094Z git version 2.51.0
end-workflow	Post Checkout code	2025-10-11T21:06:20.7659998Z Copying '/home/runner/.gitconfig' to '/home/runner/_work/_temp/48f978bf-3aa0-40f1-a5d4-9cb154c08c63/.gitconfig'
end-workflow	Post Checkout code	2025-10-11T21:06:20.7682008Z Temporarily overriding HOME='/home/runner/_work/_temp/48f978bf-3aa0-40f1-a5d4-9cb154c08c63' before making global git config changes
end-workflow	Post Checkout code	2025-10-11T21:06:20.7690024Z Adding repository directory to the temporary git global config as a safe directory
end-workflow	Post Checkout code	2025-10-11T21:06:20.7696403Z [command]/usr/bin/git config --global --add safe.directory /home/runner/_work/ka0s/ka0s
end-workflow	Post Checkout code	2025-10-11T21:06:20.7762477Z [command]/usr/bin/git config --local --name-only --get-regexp core\.sshCommand
end-workflow	Post Checkout code	2025-10-11T21:06:20.8122546Z [command]/usr/bin/git submodule foreach --recursive sh -c "git config --local --name-only --get-regexp 'core\.sshCommand' && git config --local --unset-all 'core.sshCommand' || :"
end-workflow	Post Checkout code	2025-10-11T21:06:20.8783353Z [command]/usr/bin/git config --local --name-only --get-regexp http\.https\:\/\/github\.com\/\.extraheader
end-workflow	Post Checkout code	2025-10-11T21:06:20.8871350Z http.https://github.com/.extraheader
end-workflow	Post Checkout code	2025-10-11T21:06:20.8926822Z [command]/usr/bin/git config --local --unset-all http.https://github.com/.extraheader
end-workflow	Post Checkout code	2025-10-11T21:06:20.9008624Z [command]/usr/bin/git submodule foreach --recursive sh -c "git config --local --name-only --get-regexp 'http\.https\:\/\/github\.com\/\.extraheader' && git config --local --unset-all 'http.https://github.com/.extraheader' || :"
end-workflow	Complete job	﻿2025-10-11T21:06:21.0083584Z Cleaning up orphan processes
