job-core	Set up job	﻿2025-10-11T21:02:26.2857629Z Current runner version: '2.328.0'
job-core	Set up job	2025-10-11T21:02:26.2867972Z Runner name: '9f3a94bf0354'
job-core	Set up job	2025-10-11T21:02:26.2868862Z Runner group name: 'swarm-runners'
job-core	Set up job	2025-10-11T21:02:26.2870159Z Machine name: '9f3a94bf0354'
job-core	Set up job	2025-10-11T21:02:26.2873601Z ##[group]GITHUB_TOKEN Permissions
job-core	Set up job	2025-10-11T21:02:26.2876864Z Actions: write
job-core	Set up job	2025-10-11T21:02:26.2877598Z Contents: read
job-core	Set up job	2025-10-11T21:02:26.2878214Z Issues: write
job-core	Set up job	2025-10-11T21:02:26.2878865Z Metadata: read
job-core	Set up job	2025-10-11T21:02:26.2879512Z ##[endgroup]
job-core	Set up job	2025-10-11T21:02:26.2882345Z Secret source: Actions
job-core	Set up job	2025-10-11T21:02:26.2883106Z Prepare workflow directory
job-core	Set up job	2025-10-11T21:02:26.3513529Z Prepare all required actions
job-core	Set up job	2025-10-11T21:02:26.3560232Z Getting action download info
job-core	Set up job	2025-10-11T21:02:26.9110040Z Download action repository 'actions/checkout@v4' (SHA:08eba0b27e820071cde6df949e0beb9ba4906955)
job-core	Set up job	2025-10-11T21:02:27.6691848Z Download action repository 'docker/login-action@v3' (SHA:5e57cd118135c172c3672efd75eb46360885c0ef)
job-core	Set up job	2025-10-11T21:02:28.8531974Z Complete job name: job-core
job-core	Checkout code	﻿2025-10-11T21:02:28.9483705Z ##[group]Run actions/checkout@v4
job-core	Checkout code	2025-10-11T21:02:28.9485366Z with:
job-core	Checkout code	2025-10-11T21:02:28.9486164Z   fetch-depth: 0
job-core	Checkout code	2025-10-11T21:02:28.9492291Z   token: ***
job-core	Checkout code	2025-10-11T21:02:28.9493503Z   repository: Ka0s-Klaus/ka0s
job-core	Checkout code	2025-10-11T21:02:28.9495275Z   ssh-strict: true
job-core	Checkout code	2025-10-11T21:02:28.9496413Z   ssh-user: git
job-core	Checkout code	2025-10-11T21:02:28.9497271Z   persist-credentials: true
job-core	Checkout code	2025-10-11T21:02:28.9498207Z   clean: true
job-core	Checkout code	2025-10-11T21:02:28.9499412Z   sparse-checkout-cone-mode: true
job-core	Checkout code	2025-10-11T21:02:28.9500465Z   fetch-tags: false
job-core	Checkout code	2025-10-11T21:02:28.9501331Z   show-progress: true
job-core	Checkout code	2025-10-11T21:02:28.9502163Z   lfs: false
job-core	Checkout code	2025-10-11T21:02:28.9502937Z   submodules: false
job-core	Checkout code	2025-10-11T21:02:28.9503907Z   set-safe-directory: true
job-core	Checkout code	2025-10-11T21:02:28.9505901Z env:
job-core	Checkout code	2025-10-11T21:02:28.9507954Z   GITHUB_TOKEN: ***
job-core	Checkout code	2025-10-11T21:02:28.9508928Z   KAOS_MODULE: [Ka0s] Personalized Image Runners
job-core	Checkout code	2025-10-11T21:02:28.9515019Z   KAOS_CODE: 18434680080
job-core	Checkout code	2025-10-11T21:02:28.9516027Z   KAOS_PATH_SCAN: audit/scan/
job-core	Checkout code	2025-10-11T21:02:28.9534389Z ##[endgroup]
job-core	Checkout code	2025-10-11T21:02:29.1138150Z Syncing repository: Ka0s-Klaus/ka0s
job-core	Checkout code	2025-10-11T21:02:29.1141047Z ##[group]Getting Git version info
job-core	Checkout code	2025-10-11T21:02:29.1142282Z Working directory is '/home/runner/_work/ka0s/ka0s'
job-core	Checkout code	2025-10-11T21:02:29.1144170Z [command]/usr/bin/git version
job-core	Checkout code	2025-10-11T21:02:29.1145108Z git version 2.51.0
job-core	Checkout code	2025-10-11T21:02:29.1148032Z ##[endgroup]
job-core	Checkout code	2025-10-11T21:02:29.1172848Z Copying '/home/runner/.gitconfig' to '/home/runner/_work/_temp/d0f50b74-997e-4bd3-9a98-91b4b7310cd8/.gitconfig'
job-core	Checkout code	2025-10-11T21:02:29.1176346Z Temporarily overriding HOME='/home/runner/_work/_temp/d0f50b74-997e-4bd3-9a98-91b4b7310cd8' before making global git config changes
job-core	Checkout code	2025-10-11T21:02:29.1179207Z Adding repository directory to the temporary git global config as a safe directory
job-core	Checkout code	2025-10-11T21:02:29.1182866Z [command]/usr/bin/git config --global --add safe.directory /home/runner/_work/ka0s/ka0s
job-core	Checkout code	2025-10-11T21:02:29.1186459Z [command]/usr/bin/git config --local --get remote.origin.url
job-core	Checkout code	2025-10-11T21:02:29.1188023Z https://github.com/Ka0s-Klaus/ka0s
job-core	Checkout code	2025-10-11T21:02:29.1191166Z ##[group]Removing previously created refs, to avoid conflicts
job-core	Checkout code	2025-10-11T21:02:29.1192966Z [command]/usr/bin/git rev-parse --symbolic-full-name --verify --quiet HEAD
job-core	Checkout code	2025-10-11T21:02:29.1214682Z refs/heads/main
job-core	Checkout code	2025-10-11T21:02:29.1238978Z [command]/usr/bin/git checkout --detach
job-core	Checkout code	2025-10-11T21:02:29.1348063Z HEAD is now at 014f0450e [Ka0s] 📊 Directory scan report: core/runner
job-core	Checkout code	2025-10-11T21:02:29.1479122Z [command]/usr/bin/git branch --delete --force main
job-core	Checkout code	2025-10-11T21:02:29.1480547Z Deleted branch main (was 014f0450e).
job-core	Checkout code	2025-10-11T21:02:29.1649987Z ##[endgroup]
job-core	Checkout code	2025-10-11T21:02:29.1651104Z [command]/usr/bin/git submodule status
job-core	Checkout code	2025-10-11T21:02:29.2177770Z ##[group]Cleaning the repository
job-core	Checkout code	2025-10-11T21:02:29.2179137Z [command]/usr/bin/git clean -ffdx
job-core	Checkout code	2025-10-11T21:02:29.2239428Z [command]/usr/bin/git reset --hard HEAD
job-core	Checkout code	2025-10-11T21:02:29.2389181Z HEAD is now at 014f0450e [Ka0s] 📊 Directory scan report: core/runner
job-core	Checkout code	2025-10-11T21:02:29.2420783Z ##[endgroup]
job-core	Checkout code	2025-10-11T21:02:29.2422503Z ##[group]Disabling automatic garbage collection
job-core	Checkout code	2025-10-11T21:02:29.2423975Z [command]/usr/bin/git config --local gc.auto 0
job-core	Checkout code	2025-10-11T21:02:29.2500837Z ##[endgroup]
job-core	Checkout code	2025-10-11T21:02:29.2502386Z ##[group]Setting up auth
job-core	Checkout code	2025-10-11T21:02:29.2504059Z [command]/usr/bin/git config --local --name-only --get-regexp core\.sshCommand
job-core	Checkout code	2025-10-11T21:02:29.2539023Z [command]/usr/bin/git submodule foreach --recursive sh -c "git config --local --name-only --get-regexp 'core\.sshCommand' && git config --local --unset-all 'core.sshCommand' || :"
job-core	Checkout code	2025-10-11T21:02:29.2839382Z [command]/usr/bin/git config --local --name-only --get-regexp http\.https\:\/\/github\.com\/\.extraheader
job-core	Checkout code	2025-10-11T21:02:29.2928880Z [command]/usr/bin/git submodule foreach --recursive sh -c "git config --local --name-only --get-regexp 'http\.https\:\/\/github\.com\/\.extraheader' && git config --local --unset-all 'http.https://github.com/.extraheader' || :"
job-core	Checkout code	2025-10-11T21:02:29.3270074Z [command]/usr/bin/git config --local http.https://github.com/.extraheader AUTHORIZATION: basic ***
job-core	Checkout code	2025-10-11T21:02:29.3334574Z ##[endgroup]
job-core	Checkout code	2025-10-11T21:02:29.3337027Z ##[group]Fetching the repository
job-core	Checkout code	2025-10-11T21:02:29.3343380Z [command]/usr/bin/git -c protocol.version=2 fetch --prune --no-recurse-submodules origin +refs/heads/*:refs/remotes/origin/* +refs/tags/*:refs/tags/*
job-core	Checkout code	2025-10-11T21:02:30.0982946Z From https://github.com/Ka0s-Klaus/ka0s
job-core	Checkout code	2025-10-11T21:02:30.0983620Z    014f0450e..1f3fede96  main       -> origin/main
job-core	Checkout code	2025-10-11T21:02:30.1329972Z [command]/usr/bin/git branch --list --remote origin/main
job-core	Checkout code	2025-10-11T21:02:30.1653121Z   origin/main
job-core	Checkout code	2025-10-11T21:02:30.1746091Z [command]/usr/bin/git rev-parse refs/remotes/origin/main
job-core	Checkout code	2025-10-11T21:02:30.2026287Z 1f3fede967d03e30d068537ad84c0120620617c9
job-core	Checkout code	2025-10-11T21:02:30.2056538Z [command]/usr/bin/git -c protocol.version=2 fetch --no-tags --prune --no-recurse-submodules origin +93f51c455fb1357603e3850bf10d37871b8c24c2:refs/remotes/origin/main
job-core	Checkout code	2025-10-11T21:02:30.2455670Z From https://github.com/Ka0s-Klaus/ka0s
job-core	Checkout code	2025-10-11T21:02:30.2458733Z  + 1f3fede96...93f51c455 93f51c455fb1357603e3850bf10d37871b8c24c2 -> origin/main  (forced update)
job-core	Checkout code	2025-10-11T21:02:30.3477223Z ##[endgroup]
job-core	Checkout code	2025-10-11T21:02:30.3477836Z ##[group]Determining the checkout info
job-core	Checkout code	2025-10-11T21:02:30.3478339Z ##[endgroup]
job-core	Checkout code	2025-10-11T21:02:30.3478693Z [command]/usr/bin/git sparse-checkout disable
job-core	Checkout code	2025-10-11T21:02:30.4191391Z [command]/usr/bin/git config --local --unset-all extensions.worktreeConfig
job-core	Checkout code	2025-10-11T21:02:30.4680696Z ##[group]Checking out the ref
job-core	Checkout code	2025-10-11T21:02:30.4727555Z [command]/usr/bin/git checkout --progress --force -B main refs/remotes/origin/main
job-core	Checkout code	2025-10-11T21:02:30.5266205Z Previous HEAD position was 014f0450e [Ka0s] 📊 Directory scan report: core/runner
job-core	Checkout code	2025-10-11T21:02:30.5675235Z Switched to a new branch 'main'
job-core	Checkout code	2025-10-11T21:02:30.5766718Z branch 'main' set up to track 'origin/main'.
job-core	Checkout code	2025-10-11T21:02:30.5771500Z ##[endgroup]
job-core	Checkout code	2025-10-11T21:02:30.6179299Z [command]/usr/bin/git log -1 --format=%H
job-core	Checkout code	2025-10-11T21:02:30.6365432Z 93f51c455fb1357603e3850bf10d37871b8c24c2
job-core	Login to Docker Hub	﻿2025-10-11T21:02:30.8772111Z ##[group]Run docker/login-action@v3
job-core	Login to Docker Hub	2025-10-11T21:02:30.8808281Z with:
job-core	Login to Docker Hub	2025-10-11T21:02:30.8810102Z   username: ***
job-core	Login to Docker Hub	2025-10-11T21:02:30.8811600Z   password: ***
job-core	Login to Docker Hub	2025-10-11T21:02:30.8812735Z   logout: true
job-core	Login to Docker Hub	2025-10-11T21:02:30.8813999Z env:
job-core	Login to Docker Hub	2025-10-11T21:02:30.8816638Z   GITHUB_TOKEN: ***
job-core	Login to Docker Hub	2025-10-11T21:02:30.8817994Z   KAOS_MODULE: [Ka0s] Personalized Image Runners
job-core	Login to Docker Hub	2025-10-11T21:02:30.8819567Z   KAOS_CODE: 18434680080
job-core	Login to Docker Hub	2025-10-11T21:02:30.8820809Z   KAOS_PATH_SCAN: audit/scan/
job-core	Login to Docker Hub	2025-10-11T21:02:30.8822105Z ##[endgroup]
job-core	Login to Docker Hub	2025-10-11T21:02:31.3502415Z Logging into docker.io...
job-core	Login to Docker Hub	2025-10-11T21:02:32.4028133Z Login Succeeded!
job-core	Build image	﻿2025-10-11T21:02:32.4208126Z ##[group]Run # Construimos la imagen y guardamos el log
job-core	Build image	2025-10-11T21:02:32.4208865Z [36;1m# Construimos la imagen y guardamos el log[0m
job-core	Build image	2025-10-11T21:02:32.4209571Z [36;1msudo docker build -t portal-frontend:0.0.0 -f core/runner/portal-frontend//0.0.0//Dockerfile . > audit/scan/build_18434680080.log 2>&1 || {[0m
job-core	Build image	2025-10-11T21:02:32.4210663Z [36;1m  echo "❌ Error en docker build. Log guardado en audit/scan/build_18434680080.log"[0m
job-core	Build image	2025-10-11T21:02:32.4211116Z [36;1m  touch build_error.log[0m
job-core	Build image	2025-10-11T21:02:32.4211469Z [36;1m  cp audit/scan/build_18434680080.log build_error.log[0m
job-core	Build image	2025-10-11T21:02:32.4211821Z [36;1m  exit 10[0m
job-core	Build image	2025-10-11T21:02:32.4212061Z [36;1m}[0m
job-core	Build image	2025-10-11T21:02:32.4212370Z [36;1mecho "Se ha generado la imagen portal-frontend:0.0.0...."[0m
job-core	Build image	2025-10-11T21:02:32.4212770Z [36;1msudo usermod -aG docker runner [0m
job-core	Build image	2025-10-11T21:02:32.4227703Z shell: /usr/bin/bash -e {0}
job-core	Build image	2025-10-11T21:02:32.4228179Z env:
job-core	Build image	2025-10-11T21:02:32.4228973Z   GITHUB_TOKEN: ***
job-core	Build image	2025-10-11T21:02:32.4229309Z   KAOS_MODULE: [Ka0s] Personalized Image Runners
job-core	Build image	2025-10-11T21:02:32.4229684Z   KAOS_CODE: 18434680080
job-core	Build image	2025-10-11T21:02:32.4229952Z   KAOS_PATH_SCAN: audit/scan/
job-core	Build image	2025-10-11T21:02:32.4230228Z ##[endgroup]
job-core	Build image	2025-10-11T21:02:33.2619203Z ❌ Error en docker build. Log guardado en audit/scan/build_18434680080.log
job-core	Build image	2025-10-11T21:02:33.2649213Z ##[error]Process completed with exit code 10.
job-core	Post Login to Docker Hub	﻿2025-10-11T21:02:33.2817497Z Post job cleanup.
job-core	Post Login to Docker Hub	2025-10-11T21:02:33.6145653Z [command]/usr/bin/docker logout docker.io
job-core	Post Login to Docker Hub	2025-10-11T21:02:33.6286134Z Removing login credentials for docker.io
job-core	Post Login to Docker Hub	2025-10-11T21:02:33.6324345Z ##[group]Post cache
job-core	Post Login to Docker Hub	2025-10-11T21:02:33.6333917Z State not set
job-core	Post Login to Docker Hub	2025-10-11T21:02:33.6334924Z ##[endgroup]
job-core	Post Checkout code	﻿2025-10-11T21:02:33.6523065Z Post job cleanup.
job-core	Post Checkout code	2025-10-11T21:02:33.7632662Z [command]/usr/bin/git version
job-core	Post Checkout code	2025-10-11T21:02:33.7674795Z git version 2.51.0
job-core	Post Checkout code	2025-10-11T21:02:33.7721688Z Copying '/home/runner/.gitconfig' to '/home/runner/_work/_temp/aef89f99-a147-4c1a-964c-f4b0ef841bca/.gitconfig'
job-core	Post Checkout code	2025-10-11T21:02:33.7734666Z Temporarily overriding HOME='/home/runner/_work/_temp/aef89f99-a147-4c1a-964c-f4b0ef841bca' before making global git config changes
job-core	Post Checkout code	2025-10-11T21:02:33.7741963Z Adding repository directory to the temporary git global config as a safe directory
job-core	Post Checkout code	2025-10-11T21:02:33.7745883Z [command]/usr/bin/git config --global --add safe.directory /home/runner/_work/ka0s/ka0s
job-core	Post Checkout code	2025-10-11T21:02:33.7790386Z [command]/usr/bin/git config --local --name-only --get-regexp core\.sshCommand
job-core	Post Checkout code	2025-10-11T21:02:33.7839913Z [command]/usr/bin/git submodule foreach --recursive sh -c "git config --local --name-only --get-regexp 'core\.sshCommand' && git config --local --unset-all 'core.sshCommand' || :"
job-core	Post Checkout code	2025-10-11T21:02:33.8182912Z [command]/usr/bin/git config --local --name-only --get-regexp http\.https\:\/\/github\.com\/\.extraheader
job-core	Post Checkout code	2025-10-11T21:02:33.8211346Z http.https://github.com/.extraheader
job-core	Post Checkout code	2025-10-11T21:02:33.8225767Z [command]/usr/bin/git config --local --unset-all http.https://github.com/.extraheader
job-core	Post Checkout code	2025-10-11T21:02:33.8287737Z [command]/usr/bin/git submodule foreach --recursive sh -c "git config --local --name-only --get-regexp 'http\.https\:\/\/github\.com\/\.extraheader' && git config --local --unset-all 'http.https://github.com/.extraheader' || :"
job-core	Complete job	﻿2025-10-11T21:02:33.8785080Z Cleaning up orphan processes
handle_failure	Set up job	﻿2025-10-11T21:02:45.5787487Z Current runner version: '2.328.0'
handle_failure	Set up job	2025-10-11T21:02:45.5797096Z Runner name: '5a314105629f'
handle_failure	Set up job	2025-10-11T21:02:45.5798039Z Runner group name: 'swarm-runners'
handle_failure	Set up job	2025-10-11T21:02:45.5799121Z Machine name: '5a314105629f'
handle_failure	Set up job	2025-10-11T21:02:45.5802504Z ##[group]GITHUB_TOKEN Permissions
handle_failure	Set up job	2025-10-11T21:02:45.5925080Z Actions: write
handle_failure	Set up job	2025-10-11T21:02:45.5926069Z Contents: read
handle_failure	Set up job	2025-10-11T21:02:45.5926778Z Issues: write
handle_failure	Set up job	2025-10-11T21:02:45.5927400Z Metadata: read
handle_failure	Set up job	2025-10-11T21:02:45.5928012Z ##[endgroup]
handle_failure	Set up job	2025-10-11T21:02:45.5931205Z Secret source: Actions
handle_failure	Set up job	2025-10-11T21:02:45.5932255Z Prepare workflow directory
handle_failure	Set up job	2025-10-11T21:02:45.7094126Z Prepare all required actions
handle_failure	Set up job	2025-10-11T21:02:45.7142084Z Getting action download info
handle_failure	Set up job	2025-10-11T21:02:46.3285678Z Download action repository 'actions/checkout@v4' (SHA:08eba0b27e820071cde6df949e0beb9ba4906955)
handle_failure	Set up job	2025-10-11T21:02:47.1858459Z Complete job name: handle_failure
handle_failure	Checkout code	﻿2025-10-11T21:02:47.2719417Z ##[group]Run actions/checkout@v4
handle_failure	Checkout code	2025-10-11T21:02:47.2720439Z with:
handle_failure	Checkout code	2025-10-11T21:02:47.2720929Z   fetch-depth: 0
handle_failure	Checkout code	2025-10-11T21:02:47.2721641Z   token: ***
handle_failure	Checkout code	2025-10-11T21:02:47.2722068Z   repository: Ka0s-Klaus/ka0s
handle_failure	Checkout code	2025-10-11T21:02:47.2722554Z   ssh-strict: true
handle_failure	Checkout code	2025-10-11T21:02:47.2722978Z   ssh-user: git
handle_failure	Checkout code	2025-10-11T21:02:47.2723491Z   persist-credentials: true
handle_failure	Checkout code	2025-10-11T21:02:47.2723978Z   clean: true
handle_failure	Checkout code	2025-10-11T21:02:47.2724414Z   sparse-checkout-cone-mode: true
handle_failure	Checkout code	2025-10-11T21:02:47.2724948Z   fetch-tags: false
handle_failure	Checkout code	2025-10-11T21:02:47.2725405Z   show-progress: true
handle_failure	Checkout code	2025-10-11T21:02:47.2725846Z   lfs: false
handle_failure	Checkout code	2025-10-11T21:02:47.2726257Z   submodules: false
handle_failure	Checkout code	2025-10-11T21:02:47.2726703Z   set-safe-directory: true
handle_failure	Checkout code	2025-10-11T21:02:47.2727648Z env:
handle_failure	Checkout code	2025-10-11T21:02:47.2728636Z   GITHUB_TOKEN: ***
handle_failure	Checkout code	2025-10-11T21:02:47.2753407Z   KAOS_MODULE: [Ka0s] Personalized Image Runners
handle_failure	Checkout code	2025-10-11T21:02:47.2754159Z   KAOS_CODE: 18434680080
handle_failure	Checkout code	2025-10-11T21:02:47.2754623Z   KAOS_PATH_SCAN: audit/scan/
handle_failure	Checkout code	2025-10-11T21:02:47.2755104Z ##[endgroup]
handle_failure	Checkout code	2025-10-11T21:02:47.4718022Z Syncing repository: Ka0s-Klaus/ka0s
handle_failure	Checkout code	2025-10-11T21:02:47.4736755Z ##[group]Getting Git version info
handle_failure	Checkout code	2025-10-11T21:02:47.4737584Z Working directory is '/home/runner/_work/ka0s/ka0s'
handle_failure	Checkout code	2025-10-11T21:02:47.4738670Z [command]/usr/bin/git version
handle_failure	Checkout code	2025-10-11T21:02:47.4739183Z git version 2.51.0
handle_failure	Checkout code	2025-10-11T21:02:47.4740834Z ##[endgroup]
handle_failure	Checkout code	2025-10-11T21:02:47.4751990Z Temporarily overriding HOME='/home/runner/_work/_temp/22567cdd-ab9c-452b-b0d7-a8acf1549471' before making global git config changes
handle_failure	Checkout code	2025-10-11T21:02:47.4753705Z Adding repository directory to the temporary git global config as a safe directory
handle_failure	Checkout code	2025-10-11T21:02:47.4754825Z [command]/usr/bin/git config --global --add safe.directory /home/runner/_work/ka0s/ka0s
handle_failure	Checkout code	2025-10-11T21:02:47.4756452Z Deleting the contents of '/home/runner/_work/ka0s/ka0s'
handle_failure	Checkout code	2025-10-11T21:02:47.4757504Z ##[group]Initializing the repository
handle_failure	Checkout code	2025-10-11T21:02:47.4758180Z [command]/usr/bin/git init /home/runner/_work/ka0s/ka0s
handle_failure	Checkout code	2025-10-11T21:02:47.4759027Z hint: Using 'master' as the name for the initial branch. This default branch name
handle_failure	Checkout code	2025-10-11T21:02:47.4765884Z hint: is subject to change. To configure the initial branch name to use in all
handle_failure	Checkout code	2025-10-11T21:02:47.4766989Z hint: of your new repositories, which will suppress this warning, call:
handle_failure	Checkout code	2025-10-11T21:02:47.4767788Z hint:
handle_failure	Checkout code	2025-10-11T21:02:47.4768385Z hint: 	git config --global init.defaultBranch <name>
handle_failure	Checkout code	2025-10-11T21:02:47.4769018Z hint:
handle_failure	Checkout code	2025-10-11T21:02:47.4769672Z hint: Names commonly chosen instead of 'master' are 'main', 'trunk' and
handle_failure	Checkout code	2025-10-11T21:02:47.4770706Z hint: 'development'. The just-created branch can be renamed via this command:
handle_failure	Checkout code	2025-10-11T21:02:47.4771481Z hint:
handle_failure	Checkout code	2025-10-11T21:02:47.4771898Z hint: 	git branch -m <name>
handle_failure	Checkout code	2025-10-11T21:02:47.4772380Z hint:
handle_failure	Checkout code	2025-10-11T21:02:47.4773013Z hint: Disable this message with "git config set advice.defaultBranchName false"
handle_failure	Checkout code	2025-10-11T21:02:47.4790661Z Initialized empty Git repository in /home/runner/_work/ka0s/ka0s/.git/
handle_failure	Checkout code	2025-10-11T21:02:47.4792700Z [command]/usr/bin/git remote add origin https://github.com/Ka0s-Klaus/ka0s
handle_failure	Checkout code	2025-10-11T21:02:47.4820458Z ##[endgroup]
handle_failure	Checkout code	2025-10-11T21:02:47.4824648Z ##[group]Disabling automatic garbage collection
handle_failure	Checkout code	2025-10-11T21:02:47.4837308Z [command]/usr/bin/git config --local gc.auto 0
handle_failure	Checkout code	2025-10-11T21:02:47.4906249Z ##[endgroup]
handle_failure	Checkout code	2025-10-11T21:02:47.4907062Z ##[group]Setting up auth
handle_failure	Checkout code	2025-10-11T21:02:47.4922125Z [command]/usr/bin/git config --local --name-only --get-regexp core\.sshCommand
handle_failure	Checkout code	2025-10-11T21:02:47.5007244Z [command]/usr/bin/git submodule foreach --recursive sh -c "git config --local --name-only --get-regexp 'core\.sshCommand' && git config --local --unset-all 'core.sshCommand' || :"
handle_failure	Checkout code	2025-10-11T21:02:47.5836711Z [command]/usr/bin/git config --local --name-only --get-regexp http\.https\:\/\/github\.com\/\.extraheader
handle_failure	Checkout code	2025-10-11T21:02:47.5938261Z [command]/usr/bin/git submodule foreach --recursive sh -c "git config --local --name-only --get-regexp 'http\.https\:\/\/github\.com\/\.extraheader' && git config --local --unset-all 'http.https://github.com/.extraheader' || :"
handle_failure	Checkout code	2025-10-11T21:02:47.6522061Z [command]/usr/bin/git config --local http.https://github.com/.extraheader AUTHORIZATION: basic ***
handle_failure	Checkout code	2025-10-11T21:02:47.6626501Z ##[endgroup]
handle_failure	Checkout code	2025-10-11T21:02:47.6650670Z ##[group]Fetching the repository
handle_failure	Checkout code	2025-10-11T21:02:47.6652950Z [command]/usr/bin/git -c protocol.version=2 fetch --prune --no-recurse-submodules origin +refs/heads/*:refs/remotes/origin/* +refs/tags/*:refs/tags/*
handle_failure	Checkout code	2025-10-11T21:03:13.4157052Z From https://github.com/Ka0s-Klaus/ka0s
handle_failure	Checkout code	2025-10-11T21:03:13.4157938Z  * [new branch]          F1149-desarrollo-de-orchestrator -> origin/F1149-desarrollo-de-orchestrator
handle_failure	Checkout code	2025-10-11T21:03:13.4159398Z  * [new branch]          F1183-personalización-módulo-finops -> origin/F1183-personalización-módulo-finops
handle_failure	Checkout code	2025-10-11T21:03:13.4160247Z  * [new branch]          F1224-new-module-mongodb -> origin/F1224-new-module-mongodb
handle_failure	Checkout code	2025-10-11T21:03:13.4161703Z  * [new branch]          F220-web-de-resultados  -> origin/F220-web-de-resultados
handle_failure	Checkout code	2025-10-11T21:03:13.4162665Z  * [new branch]          F227-despliegue-de-kube-independiente-del-clouder -> origin/F227-despliegue-de-kube-independiente-del-clouder
handle_failure	Checkout code	2025-10-11T21:03:13.4164345Z  * [new branch]          F329-documentacion-metodologia-de-kaos -> origin/F329-documentacion-metodologia-de-kaos
handle_failure	Checkout code	2025-10-11T21:03:13.4165345Z  * [new branch]          F44-creación-módulo-versionado -> origin/F44-creación-módulo-versionado
handle_failure	Checkout code	2025-10-11T21:03:13.4166166Z  * [new branch]          H1128-módulo-de-observabilidad -> origin/H1128-módulo-de-observabilidad
handle_failure	Checkout code	2025-10-11T21:03:13.4166889Z  * [new branch]          H1139-como-instalar-arc-control -> origin/H1139-como-instalar-arc-control
handle_failure	Checkout code	2025-10-11T21:03:13.4167625Z  * [new branch]          H1149-desarrollo-de-orchestrator -> origin/H1149-desarrollo-de-orchestrator
handle_failure	Checkout code	2025-10-11T21:03:13.4168357Z  * [new branch]          H1150-desarrollo-de-secciones -> origin/H1150-desarrollo-de-secciones
handle_failure	Checkout code	2025-10-11T21:03:13.4169135Z  * [new branch]          H1151-desarrollo-de-secciones-ii -> origin/H1151-desarrollo-de-secciones-ii
handle_failure	Checkout code	2025-10-11T21:03:13.4169868Z  * [new branch]          H1152-desarrollo-inicio -> origin/H1152-desarrollo-inicio
handle_failure	Checkout code	2025-10-11T21:03:13.4170783Z  * [new branch]          H1183-personalización-módulo-finops -> origin/H1183-personalización-módulo-finops
handle_failure	Checkout code	2025-10-11T21:03:13.4171636Z  * [new branch]          H1193-ejemplo-web-documentacion -> origin/H1193-ejemplo-web-documentacion
handle_failure	Checkout code	2025-10-11T21:03:13.4172298Z  * [new branch]          H1205-web-creation      -> origin/H1205-web-creation
handle_failure	Checkout code	2025-10-11T21:03:13.4172878Z  * [new branch]          H1224-new-module-mongodb -> origin/H1224-new-module-mongodb
handle_failure	Checkout code	2025-10-11T21:03:13.4198361Z  * [new branch]          H1410-modulo-execution  -> origin/H1410-modulo-execution
handle_failure	Checkout code	2025-10-11T21:03:13.4199965Z  * [new branch]          H1514-new-swarm-deployment-stack-with-actions-runners-autoscale -> origin/H1514-new-swarm-deployment-stack-with-actions-runners-autoscale
handle_failure	Checkout code	2025-10-11T21:03:13.4201568Z  * [new branch]          H1968-modulo-personalización-del-portal-de-kaos-core -> origin/H1968-modulo-personalización-del-portal-de-kaos-core
handle_failure	Checkout code	2025-10-11T21:03:13.4202937Z  * [new branch]          H215-modulo-de-summary  -> origin/H215-modulo-de-summary
handle_failure	Checkout code	2025-10-11T21:03:13.4203599Z  * [new branch]          H220-web-de-resultados  -> origin/H220-web-de-resultados
handle_failure	Checkout code	2025-10-11T21:03:13.4204436Z  * [new branch]          H227-despliegue-de-kube-independiente-del-clouder -> origin/H227-despliegue-de-kube-independiente-del-clouder
handle_failure	Checkout code	2025-10-11T21:03:13.4205377Z  * [new branch]          H306-ficheros-de-estadisticas -> origin/H306-ficheros-de-estadisticas
handle_failure	Checkout code	2025-10-11T21:03:13.4206228Z  * [new branch]          H328-documentacion-modulo-principal-de-kaos -> origin/H328-documentacion-modulo-principal-de-kaos
handle_failure	Checkout code	2025-10-11T21:03:13.4207168Z  * [new branch]          H329-documentacion-metodologia-de-kaos -> origin/H329-documentacion-metodologia-de-kaos
handle_failure	Checkout code	2025-10-11T21:03:13.4208114Z  * [new branch]          H338-relanzador-de-jobs-en-caso-de-pattern -> origin/H338-relanzador-de-jobs-en-caso-de-pattern
handle_failure	Checkout code	2025-10-11T21:03:13.4209354Z  * [new branch]          H38-documentacion-basica-del-proyecto -> origin/H38-documentacion-basica-del-proyecto
handle_failure	Checkout code	2025-10-11T21:03:13.4210567Z  * [new branch]          H44-creación-módulo-versionado -> origin/H44-creación-módulo-versionado
handle_failure	Checkout code	2025-10-11T21:03:13.4211616Z  * [new branch]          RN1149-desarrollo-de-orchestrator -> origin/RN1149-desarrollo-de-orchestrator
handle_failure	Checkout code	2025-10-11T21:03:13.4212531Z  * [new branch]          RN1183-personalización-módulo-finops -> origin/RN1183-personalización-módulo-finops
handle_failure	Checkout code	2025-10-11T21:03:13.4213789Z  * [new branch]          RN1282-ka0s-error-detected-in-ka0s-workflow-statistics-summary -> origin/RN1282-ka0s-error-detected-in-ka0s-workflow-statistics-summary
handle_failure	Checkout code	2025-10-11T21:03:13.4214813Z  * [new branch]          RN220-web-de-resultados -> origin/RN220-web-de-resultados
handle_failure	Checkout code	2025-10-11T21:03:13.4215670Z  * [new branch]          RN227-despliegue-de-kube-independiente-del-clouder -> origin/RN227-despliegue-de-kube-independiente-del-clouder
handle_failure	Checkout code	2025-10-11T21:03:13.4216767Z  * [new branch]          RN329-documentacion-metodologia-de-kaos -> origin/RN329-documentacion-metodologia-de-kaos
handle_failure	Checkout code	2025-10-11T21:03:13.4217508Z  * [new branch]          main                    -> origin/main
handle_failure	Checkout code	2025-10-11T21:03:13.4217958Z  * [new tag]             0.0.0                   -> 0.0.0
handle_failure	Checkout code	2025-10-11T21:03:13.4218363Z  * [new tag]             0.0.1                   -> 0.0.1
handle_failure	Checkout code	2025-10-11T21:03:13.4218747Z  * [new tag]             0.0.10                  -> 0.0.10
handle_failure	Checkout code	2025-10-11T21:03:13.4219156Z  * [new tag]             0.0.100                 -> 0.0.100
handle_failure	Checkout code	2025-10-11T21:03:13.4219554Z  * [new tag]             0.0.101                 -> 0.0.101
handle_failure	Checkout code	2025-10-11T21:03:13.4219945Z  * [new tag]             0.0.102                 -> 0.0.102
handle_failure	Checkout code	2025-10-11T21:03:13.4220336Z  * [new tag]             0.0.103                 -> 0.0.103
handle_failure	Checkout code	2025-10-11T21:03:13.4220709Z  * [new tag]             0.0.104                 -> 0.0.104
handle_failure	Checkout code	2025-10-11T21:03:13.4221096Z  * [new tag]             0.0.105                 -> 0.0.105
handle_failure	Checkout code	2025-10-11T21:03:13.4221539Z  * [new tag]             0.0.106                 -> 0.0.106
handle_failure	Checkout code	2025-10-11T21:03:13.4221946Z  * [new tag]             0.0.107                 -> 0.0.107
handle_failure	Checkout code	2025-10-11T21:03:13.4222328Z  * [new tag]             0.0.108                 -> 0.0.108
handle_failure	Checkout code	2025-10-11T21:03:13.4222716Z  * [new tag]             0.0.109                 -> 0.0.109
handle_failure	Checkout code	2025-10-11T21:03:13.4223102Z  * [new tag]             0.0.11                  -> 0.0.11
handle_failure	Checkout code	2025-10-11T21:03:13.4330345Z  * [new tag]             0.0.110                 -> 0.0.110
handle_failure	Checkout code	2025-10-11T21:03:13.4331088Z  * [new tag]             0.0.111                 -> 0.0.111
handle_failure	Checkout code	2025-10-11T21:03:13.4331499Z  * [new tag]             0.0.112                 -> 0.0.112
handle_failure	Checkout code	2025-10-11T21:03:13.4331887Z  * [new tag]             0.0.113                 -> 0.0.113
handle_failure	Checkout code	2025-10-11T21:03:13.4332279Z  * [new tag]             0.0.114                 -> 0.0.114
handle_failure	Checkout code	2025-10-11T21:03:13.4332669Z  * [new tag]             0.0.115                 -> 0.0.115
handle_failure	Checkout code	2025-10-11T21:03:13.4333055Z  * [new tag]             0.0.116                 -> 0.0.116
handle_failure	Checkout code	2025-10-11T21:03:13.4347489Z  * [new tag]             0.0.117                 -> 0.0.117
handle_failure	Checkout code	2025-10-11T21:03:13.4348524Z  * [new tag]             0.0.118                 -> 0.0.118
handle_failure	Checkout code	2025-10-11T21:03:13.4348916Z  * [new tag]             0.0.119                 -> 0.0.119
handle_failure	Checkout code	2025-10-11T21:03:13.4349302Z  * [new tag]             0.0.12                  -> 0.0.12
handle_failure	Checkout code	2025-10-11T21:03:13.4349696Z  * [new tag]             0.0.120                 -> 0.0.120
handle_failure	Checkout code	2025-10-11T21:03:13.4350082Z  * [new tag]             0.0.121                 -> 0.0.121
handle_failure	Checkout code	2025-10-11T21:03:13.4350469Z  * [new tag]             0.0.122                 -> 0.0.122
handle_failure	Checkout code	2025-10-11T21:03:13.4350881Z  * [new tag]             0.0.123                 -> 0.0.123
handle_failure	Checkout code	2025-10-11T21:03:13.4351272Z  * [new tag]             0.0.124                 -> 0.0.124
handle_failure	Checkout code	2025-10-11T21:03:13.4351659Z  * [new tag]             0.0.125                 -> 0.0.125
handle_failure	Checkout code	2025-10-11T21:03:13.4352056Z  * [new tag]             0.0.126                 -> 0.0.126
handle_failure	Checkout code	2025-10-11T21:03:13.4352643Z  * [new tag]             0.0.127                 -> 0.0.127
handle_failure	Checkout code	2025-10-11T21:03:13.4353034Z  * [new tag]             0.0.128                 -> 0.0.128
handle_failure	Checkout code	2025-10-11T21:03:13.4353496Z  * [new tag]             0.0.129                 -> 0.0.129
handle_failure	Checkout code	2025-10-11T21:03:13.4353895Z  * [new tag]             0.0.13                  -> 0.0.13
handle_failure	Checkout code	2025-10-11T21:03:13.4354284Z  * [new tag]             0.0.130                 -> 0.0.130
handle_failure	Checkout code	2025-10-11T21:03:13.4354674Z  * [new tag]             0.0.131                 -> 0.0.131
handle_failure	Checkout code	2025-10-11T21:03:13.4355061Z  * [new tag]             0.0.132                 -> 0.0.132
handle_failure	Checkout code	2025-10-11T21:03:13.4355443Z  * [new tag]             0.0.133                 -> 0.0.133
handle_failure	Checkout code	2025-10-11T21:03:13.4355837Z  * [new tag]             0.0.134                 -> 0.0.134
handle_failure	Checkout code	2025-10-11T21:03:13.4356232Z  * [new tag]             0.0.135                 -> 0.0.135
handle_failure	Checkout code	2025-10-11T21:03:13.4356627Z  * [new tag]             0.0.136                 -> 0.0.136
handle_failure	Checkout code	2025-10-11T21:03:13.4357017Z  * [new tag]             0.0.137                 -> 0.0.137
handle_failure	Checkout code	2025-10-11T21:03:13.4357440Z  * [new tag]             0.0.138                 -> 0.0.138
handle_failure	Checkout code	2025-10-11T21:03:13.4357880Z  * [new tag]             0.0.139                 -> 0.0.139
handle_failure	Checkout code	2025-10-11T21:03:13.4358273Z  * [new tag]             0.0.14                  -> 0.0.14
handle_failure	Checkout code	2025-10-11T21:03:13.4358662Z  * [new tag]             0.0.140                 -> 0.0.140
handle_failure	Checkout code	2025-10-11T21:03:13.4359065Z  * [new tag]             0.0.141                 -> 0.0.141
handle_failure	Checkout code	2025-10-11T21:03:13.4359457Z  * [new tag]             0.0.142                 -> 0.0.142
handle_failure	Checkout code	2025-10-11T21:03:13.4359870Z  * [new tag]             0.0.143                 -> 0.0.143
handle_failure	Checkout code	2025-10-11T21:03:13.4360279Z  * [new tag]             0.0.144                 -> 0.0.144
handle_failure	Checkout code	2025-10-11T21:03:13.4360688Z  * [new tag]             0.0.145                 -> 0.0.145
handle_failure	Checkout code	2025-10-11T21:03:13.4361318Z  * [new tag]             0.0.146                 -> 0.0.146
handle_failure	Checkout code	2025-10-11T21:03:13.4361727Z  * [new tag]             0.0.147                 -> 0.0.147
handle_failure	Checkout code	2025-10-11T21:03:13.4362159Z  * [new tag]             0.0.148                 -> 0.0.148
handle_failure	Checkout code	2025-10-11T21:03:13.4362588Z  * [new tag]             0.0.149                 -> 0.0.149
handle_failure	Checkout code	2025-10-11T21:03:13.4363012Z  * [new tag]             0.0.15                  -> 0.0.15
handle_failure	Checkout code	2025-10-11T21:03:13.4363491Z  * [new tag]             0.0.150                 -> 0.0.150
handle_failure	Checkout code	2025-10-11T21:03:13.4363886Z  * [new tag]             0.0.151                 -> 0.0.151
handle_failure	Checkout code	2025-10-11T21:03:13.4364299Z  * [new tag]             0.0.152                 -> 0.0.152
handle_failure	Checkout code	2025-10-11T21:03:13.4364709Z  * [new tag]             0.0.153                 -> 0.0.153
handle_failure	Checkout code	2025-10-11T21:03:13.4365116Z  * [new tag]             0.0.154                 -> 0.0.154
handle_failure	Checkout code	2025-10-11T21:03:13.4365513Z  * [new tag]             0.0.155                 -> 0.0.155
handle_failure	Checkout code	2025-10-11T21:03:13.4365936Z  * [new tag]             0.0.156                 -> 0.0.156
handle_failure	Checkout code	2025-10-11T21:03:13.4366339Z  * [new tag]             0.0.157                 -> 0.0.157
handle_failure	Checkout code	2025-10-11T21:03:13.4366743Z  * [new tag]             0.0.158                 -> 0.0.158
handle_failure	Checkout code	2025-10-11T21:03:13.4367171Z  * [new tag]             0.0.159                 -> 0.0.159
handle_failure	Checkout code	2025-10-11T21:03:13.4367823Z  * [new tag]             0.0.16                  -> 0.0.16
handle_failure	Checkout code	2025-10-11T21:03:13.4368214Z  * [new tag]             0.0.160                 -> 0.0.160
handle_failure	Checkout code	2025-10-11T21:03:13.4368610Z  * [new tag]             0.0.161                 -> 0.0.161
handle_failure	Checkout code	2025-10-11T21:03:13.4369003Z  * [new tag]             0.0.162                 -> 0.0.162
handle_failure	Checkout code	2025-10-11T21:03:13.4369399Z  * [new tag]             0.0.163                 -> 0.0.163
handle_failure	Checkout code	2025-10-11T21:03:13.4369801Z  * [new tag]             0.0.164                 -> 0.0.164
handle_failure	Checkout code	2025-10-11T21:03:13.4370201Z  * [new tag]             0.0.165                 -> 0.0.165
handle_failure	Checkout code	2025-10-11T21:03:13.4370609Z  * [new tag]             0.0.166                 -> 0.0.166
handle_failure	Checkout code	2025-10-11T21:03:13.4371001Z  * [new tag]             0.0.167                 -> 0.0.167
handle_failure	Checkout code	2025-10-11T21:03:13.4371401Z  * [new tag]             0.0.168                 -> 0.0.168
handle_failure	Checkout code	2025-10-11T21:03:13.4372012Z  * [new tag]             0.0.169                 -> 0.0.169
handle_failure	Checkout code	2025-10-11T21:03:13.4372419Z  * [new tag]             0.0.17                  -> 0.0.17
handle_failure	Checkout code	2025-10-11T21:03:13.4372817Z  * [new tag]             0.0.170                 -> 0.0.170
handle_failure	Checkout code	2025-10-11T21:03:13.4373226Z  * [new tag]             0.0.171                 -> 0.0.171
handle_failure	Checkout code	2025-10-11T21:03:13.4524624Z  * [new tag]             0.0.172                 -> 0.0.172
handle_failure	Checkout code	2025-10-11T21:03:13.4525223Z  * [new tag]             0.0.173                 -> 0.0.173
handle_failure	Checkout code	2025-10-11T21:03:13.4525605Z  * [new tag]             0.0.174                 -> 0.0.174
handle_failure	Checkout code	2025-10-11T21:03:13.4525993Z  * [new tag]             0.0.175                 -> 0.0.175
handle_failure	Checkout code	2025-10-11T21:03:13.4526379Z  * [new tag]             0.0.176                 -> 0.0.176
handle_failure	Checkout code	2025-10-11T21:03:13.4526776Z  * [new tag]             0.0.177                 -> 0.0.177
handle_failure	Checkout code	2025-10-11T21:03:13.4527174Z  * [new tag]             0.0.178                 -> 0.0.178
handle_failure	Checkout code	2025-10-11T21:03:13.4527584Z  * [new tag]             0.0.179                 -> 0.0.179
handle_failure	Checkout code	2025-10-11T21:03:13.4851182Z  * [new tag]             0.0.18                  -> 0.0.18
handle_failure	Checkout code	2025-10-11T21:03:13.4851865Z  * [new tag]             0.0.19                  -> 0.0.19
handle_failure	Checkout code	2025-10-11T21:03:13.4852252Z  * [new tag]             0.0.2                   -> 0.0.2
handle_failure	Checkout code	2025-10-11T21:03:13.4852625Z  * [new tag]             0.0.20                  -> 0.0.20
handle_failure	Checkout code	2025-10-11T21:03:13.4853003Z  * [new tag]             0.0.21                  -> 0.0.21
handle_failure	Checkout code	2025-10-11T21:03:13.4881656Z  * [new tag]             0.0.22                  -> 0.0.22
handle_failure	Checkout code	2025-10-11T21:03:13.4882557Z  * [new tag]             0.0.23                  -> 0.0.23
handle_failure	Checkout code	2025-10-11T21:03:13.4882975Z  * [new tag]             0.0.24                  -> 0.0.24
handle_failure	Checkout code	2025-10-11T21:03:13.4883474Z  * [new tag]             0.0.25                  -> 0.0.25
handle_failure	Checkout code	2025-10-11T21:03:13.4883879Z  * [new tag]             0.0.26                  -> 0.0.26
handle_failure	Checkout code	2025-10-11T21:03:13.4884263Z  * [new tag]             0.0.27                  -> 0.0.27
handle_failure	Checkout code	2025-10-11T21:03:13.4884714Z  * [new tag]             0.0.28                  -> 0.0.28
handle_failure	Checkout code	2025-10-11T21:03:13.4885116Z  * [new tag]             0.0.29                  -> 0.0.29
handle_failure	Checkout code	2025-10-11T21:03:13.4885492Z  * [new tag]             0.0.3                   -> 0.0.3
handle_failure	Checkout code	2025-10-11T21:03:13.4885871Z  * [new tag]             0.0.30                  -> 0.0.30
handle_failure	Checkout code	2025-10-11T21:03:13.4886256Z  * [new tag]             0.0.31                  -> 0.0.31
handle_failure	Checkout code	2025-10-11T21:03:13.4886626Z  * [new tag]             0.0.32                  -> 0.0.32
handle_failure	Checkout code	2025-10-11T21:03:13.4887006Z  * [new tag]             0.0.33                  -> 0.0.33
handle_failure	Checkout code	2025-10-11T21:03:13.4887385Z  * [new tag]             0.0.34                  -> 0.0.34
handle_failure	Checkout code	2025-10-11T21:03:13.4887779Z  * [new tag]             0.0.35                  -> 0.0.35
handle_failure	Checkout code	2025-10-11T21:03:13.4888160Z  * [new tag]             0.0.36                  -> 0.0.36
handle_failure	Checkout code	2025-10-11T21:03:13.4888546Z  * [new tag]             0.0.37                  -> 0.0.37
handle_failure	Checkout code	2025-10-11T21:03:13.4888947Z  * [new tag]             0.0.38                  -> 0.0.38
handle_failure	Checkout code	2025-10-11T21:03:13.4889340Z  * [new tag]             0.0.39                  -> 0.0.39
handle_failure	Checkout code	2025-10-11T21:03:13.4890166Z  * [new tag]             0.0.4                   -> 0.0.4
handle_failure	Checkout code	2025-10-11T21:03:13.4890544Z  * [new tag]             0.0.40                  -> 0.0.40
handle_failure	Checkout code	2025-10-11T21:03:13.4890930Z  * [new tag]             0.0.41                  -> 0.0.41
handle_failure	Checkout code	2025-10-11T21:03:13.4891305Z  * [new tag]             0.0.42                  -> 0.0.42
handle_failure	Checkout code	2025-10-11T21:03:13.4891681Z  * [new tag]             0.0.43                  -> 0.0.43
handle_failure	Checkout code	2025-10-11T21:03:13.4892068Z  * [new tag]             0.0.44                  -> 0.0.44
handle_failure	Checkout code	2025-10-11T21:03:13.4892446Z  * [new tag]             0.0.45                  -> 0.0.45
handle_failure	Checkout code	2025-10-11T21:03:13.4892823Z  * [new tag]             0.0.46                  -> 0.0.46
handle_failure	Checkout code	2025-10-11T21:03:13.4893192Z  * [new tag]             0.0.47                  -> 0.0.47
handle_failure	Checkout code	2025-10-11T21:03:13.4894301Z  * [new tag]             0.0.48                  -> 0.0.48
handle_failure	Checkout code	2025-10-11T21:03:13.4894702Z  * [new tag]             0.0.49                  -> 0.0.49
handle_failure	Checkout code	2025-10-11T21:03:13.4895364Z  * [new tag]             0.0.5                   -> 0.0.5
handle_failure	Checkout code	2025-10-11T21:03:13.4895753Z  * [new tag]             0.0.50                  -> 0.0.50
handle_failure	Checkout code	2025-10-11T21:03:13.4896307Z  * [new tag]             0.0.51                  -> 0.0.51
handle_failure	Checkout code	2025-10-11T21:03:13.4896684Z  * [new tag]             0.0.52                  -> 0.0.52
handle_failure	Checkout code	2025-10-11T21:03:13.4897060Z  * [new tag]             0.0.53                  -> 0.0.53
handle_failure	Checkout code	2025-10-11T21:03:13.4897442Z  * [new tag]             0.0.54                  -> 0.0.54
handle_failure	Checkout code	2025-10-11T21:03:13.4897818Z  * [new tag]             0.0.55                  -> 0.0.55
handle_failure	Checkout code	2025-10-11T21:03:13.4898199Z  * [new tag]             0.0.56                  -> 0.0.56
handle_failure	Checkout code	2025-10-11T21:03:13.4898575Z  * [new tag]             0.0.57                  -> 0.0.57
handle_failure	Checkout code	2025-10-11T21:03:13.4898952Z  * [new tag]             0.0.58                  -> 0.0.58
handle_failure	Checkout code	2025-10-11T21:03:13.4899345Z  * [new tag]             0.0.59                  -> 0.0.59
handle_failure	Checkout code	2025-10-11T21:03:13.4899744Z  * [new tag]             0.0.6                   -> 0.0.6
handle_failure	Checkout code	2025-10-11T21:03:13.4900126Z  * [new tag]             0.0.60                  -> 0.0.60
handle_failure	Checkout code	2025-10-11T21:03:13.4900503Z  * [new tag]             0.0.61                  -> 0.0.61
handle_failure	Checkout code	2025-10-11T21:03:13.4900892Z  * [new tag]             0.0.62                  -> 0.0.62
handle_failure	Checkout code	2025-10-11T21:03:13.4901269Z  * [new tag]             0.0.63                  -> 0.0.63
handle_failure	Checkout code	2025-10-11T21:03:13.4901641Z  * [new tag]             0.0.64                  -> 0.0.64
handle_failure	Checkout code	2025-10-11T21:03:13.4902022Z  * [new tag]             0.0.65                  -> 0.0.65
handle_failure	Checkout code	2025-10-11T21:03:13.4902402Z  * [new tag]             0.0.66                  -> 0.0.66
handle_failure	Checkout code	2025-10-11T21:03:13.4902784Z  * [new tag]             0.0.67                  -> 0.0.67
handle_failure	Checkout code	2025-10-11T21:03:13.4903192Z  * [new tag]             0.0.68                  -> 0.0.68
handle_failure	Checkout code	2025-10-11T21:03:13.4904375Z  * [new tag]             0.0.69                  -> 0.0.69
handle_failure	Checkout code	2025-10-11T21:03:13.4904773Z  * [new tag]             0.0.7                   -> 0.0.7
handle_failure	Checkout code	2025-10-11T21:03:13.4905175Z  * [new tag]             0.0.70                  -> 0.0.70
handle_failure	Checkout code	2025-10-11T21:03:13.4905560Z  * [new tag]             0.0.71                  -> 0.0.71
handle_failure	Checkout code	2025-10-11T21:03:13.4905934Z  * [new tag]             0.0.72                  -> 0.0.72
handle_failure	Checkout code	2025-10-11T21:03:13.4906315Z  * [new tag]             0.0.73                  -> 0.0.73
handle_failure	Checkout code	2025-10-11T21:03:13.4906693Z  * [new tag]             0.0.74                  -> 0.0.74
handle_failure	Checkout code	2025-10-11T21:03:13.4907091Z  * [new tag]             0.0.75                  -> 0.0.75
handle_failure	Checkout code	2025-10-11T21:03:13.4907467Z  * [new tag]             0.0.76                  -> 0.0.76
handle_failure	Checkout code	2025-10-11T21:03:13.4907858Z  * [new tag]             0.0.77                  -> 0.0.77
handle_failure	Checkout code	2025-10-11T21:03:13.4908282Z  * [new tag]             0.0.78                  -> 0.0.78
handle_failure	Checkout code	2025-10-11T21:03:13.4908666Z  * [new tag]             0.0.79                  -> 0.0.79
handle_failure	Checkout code	2025-10-11T21:03:13.4909061Z  * [new tag]             0.0.8                   -> 0.0.8
handle_failure	Checkout code	2025-10-11T21:03:13.4909453Z  * [new tag]             0.0.80                  -> 0.0.80
handle_failure	Checkout code	2025-10-11T21:03:13.4909861Z  * [new tag]             0.0.81                  -> 0.0.81
handle_failure	Checkout code	2025-10-11T21:03:13.4910566Z  * [new tag]             0.0.82                  -> 0.0.82
handle_failure	Checkout code	2025-10-11T21:03:13.4910958Z  * [new tag]             0.0.83                  -> 0.0.83
handle_failure	Checkout code	2025-10-11T21:03:13.4911336Z  * [new tag]             0.0.84                  -> 0.0.84
handle_failure	Checkout code	2025-10-11T21:03:13.4911719Z  * [new tag]             0.0.85                  -> 0.0.85
handle_failure	Checkout code	2025-10-11T21:03:13.4912102Z  * [new tag]             0.0.86                  -> 0.0.86
handle_failure	Checkout code	2025-10-11T21:03:13.4912483Z  * [new tag]             0.0.87                  -> 0.0.87
handle_failure	Checkout code	2025-10-11T21:03:13.4912868Z  * [new tag]             0.0.88                  -> 0.0.88
handle_failure	Checkout code	2025-10-11T21:03:13.4913262Z  * [new tag]             0.0.89                  -> 0.0.89
handle_failure	Checkout code	2025-10-11T21:03:13.4913749Z  * [new tag]             0.0.9                   -> 0.0.9
handle_failure	Checkout code	2025-10-11T21:03:13.4914133Z  * [new tag]             0.0.90                  -> 0.0.90
handle_failure	Checkout code	2025-10-11T21:03:13.4914741Z  * [new tag]             0.0.91                  -> 0.0.91
handle_failure	Checkout code	2025-10-11T21:03:13.4915144Z  * [new tag]             0.0.92                  -> 0.0.92
handle_failure	Checkout code	2025-10-11T21:03:13.4915529Z  * [new tag]             0.0.93                  -> 0.0.93
handle_failure	Checkout code	2025-10-11T21:03:13.4915906Z  * [new tag]             0.0.94                  -> 0.0.94
handle_failure	Checkout code	2025-10-11T21:03:13.4916289Z  * [new tag]             0.0.95                  -> 0.0.95
handle_failure	Checkout code	2025-10-11T21:03:13.4916675Z  * [new tag]             0.0.96                  -> 0.0.96
handle_failure	Checkout code	2025-10-11T21:03:13.4917058Z  * [new tag]             0.0.97                  -> 0.0.97
handle_failure	Checkout code	2025-10-11T21:03:13.4917445Z  * [new tag]             0.0.98                  -> 0.0.98
handle_failure	Checkout code	2025-10-11T21:03:13.4917836Z  * [new tag]             0.0.99                  -> 0.0.99
handle_failure	Checkout code	2025-10-11T21:03:13.4918230Z  * [new tag]             0.1.0                   -> 0.1.0
handle_failure	Checkout code	2025-10-11T21:03:13.4918624Z  * [new tag]             0.1.1                   -> 0.1.1
handle_failure	Checkout code	2025-10-11T21:03:13.4919006Z  * [new tag]             0.2.0                   -> 0.2.0
handle_failure	Checkout code	2025-10-11T21:03:13.4919396Z  * [new tag]             0.3.0                   -> 0.3.0
handle_failure	Checkout code	2025-10-11T21:03:13.4919791Z  * [new tag]             0.3.1                   -> 0.3.1
handle_failure	Checkout code	2025-10-11T21:03:13.4920173Z  * [new tag]             0.3.10                  -> 0.3.10
handle_failure	Checkout code	2025-10-11T21:03:13.4920553Z  * [new tag]             0.3.11                  -> 0.3.11
handle_failure	Checkout code	2025-10-11T21:03:13.4920934Z  * [new tag]             0.3.12                  -> 0.3.12
handle_failure	Checkout code	2025-10-11T21:03:13.4921321Z  * [new tag]             0.3.13                  -> 0.3.13
handle_failure	Checkout code	2025-10-11T21:03:13.4921712Z  * [new tag]             0.3.14                  -> 0.3.14
handle_failure	Checkout code	2025-10-11T21:03:13.4922119Z  * [new tag]             0.3.15                  -> 0.3.15
handle_failure	Checkout code	2025-10-11T21:03:13.4922515Z  * [new tag]             0.3.16                  -> 0.3.16
handle_failure	Checkout code	2025-10-11T21:03:13.4922896Z  * [new tag]             0.3.17                  -> 0.3.17
handle_failure	Checkout code	2025-10-11T21:03:13.4923401Z  * [new tag]             0.3.2                   -> 0.3.2
handle_failure	Checkout code	2025-10-11T21:03:13.4923876Z  * [new tag]             0.3.3                   -> 0.3.3
handle_failure	Checkout code	2025-10-11T21:03:13.4924315Z  * [new tag]             0.3.4                   -> 0.3.4
handle_failure	Checkout code	2025-10-11T21:03:13.4924742Z  * [new tag]             0.3.5                   -> 0.3.5
handle_failure	Checkout code	2025-10-11T21:03:13.4925164Z  * [new tag]             0.3.6                   -> 0.3.6
handle_failure	Checkout code	2025-10-11T21:03:13.4925571Z  * [new tag]             0.3.7                   -> 0.3.7
handle_failure	Checkout code	2025-10-11T21:03:13.4925974Z  * [new tag]             0.3.8                   -> 0.3.8
handle_failure	Checkout code	2025-10-11T21:03:13.4926368Z  * [new tag]             0.3.9                   -> 0.3.9
handle_failure	Checkout code	2025-10-11T21:03:13.4926759Z  * [new tag]             0.4.0                   -> 0.4.0
handle_failure	Checkout code	2025-10-11T21:03:13.4927170Z  * [new tag]             0.4.1                   -> 0.4.1
handle_failure	Checkout code	2025-10-11T21:03:13.4927567Z  * [new tag]             0.4.10                  -> 0.4.10
handle_failure	Checkout code	2025-10-11T21:03:13.4927963Z  * [new tag]             0.4.2                   -> 0.4.2
handle_failure	Checkout code	2025-10-11T21:03:13.4928370Z  * [new tag]             0.4.3                   -> 0.4.3
handle_failure	Checkout code	2025-10-11T21:03:13.4928794Z  * [new tag]             0.4.4                   -> 0.4.4
handle_failure	Checkout code	2025-10-11T21:03:13.4929544Z  * [new tag]             0.4.5                   -> 0.4.5
handle_failure	Checkout code	2025-10-11T21:03:13.4929936Z  * [new tag]             0.4.6                   -> 0.4.6
handle_failure	Checkout code	2025-10-11T21:03:13.4930325Z  * [new tag]             0.4.7                   -> 0.4.7
handle_failure	Checkout code	2025-10-11T21:03:13.4930719Z  * [new tag]             0.4.8                   -> 0.4.8
handle_failure	Checkout code	2025-10-11T21:03:13.4931103Z  * [new tag]             0.4.9                   -> 0.4.9
handle_failure	Checkout code	2025-10-11T21:03:13.4952148Z [command]/usr/bin/git branch --list --remote origin/main
handle_failure	Checkout code	2025-10-11T21:03:13.5077630Z   origin/main
handle_failure	Checkout code	2025-10-11T21:03:13.5112789Z [command]/usr/bin/git rev-parse refs/remotes/origin/main
handle_failure	Checkout code	2025-10-11T21:03:13.5196200Z 5eaeca51c9f1eb1c8edd4cdfb42145f8092737b1
handle_failure	Checkout code	2025-10-11T21:03:13.5238735Z [command]/usr/bin/git -c protocol.version=2 fetch --no-tags --prune --no-recurse-submodules origin +93f51c455fb1357603e3850bf10d37871b8c24c2:refs/remotes/origin/main
handle_failure	Checkout code	2025-10-11T21:03:13.5663689Z From https://github.com/Ka0s-Klaus/ka0s
handle_failure	Checkout code	2025-10-11T21:03:13.5665214Z  + 5eaeca51c...93f51c455 93f51c455fb1357603e3850bf10d37871b8c24c2 -> origin/main  (forced update)
handle_failure	Checkout code	2025-10-11T21:03:13.6085855Z ##[endgroup]
handle_failure	Checkout code	2025-10-11T21:03:13.6086512Z ##[group]Determining the checkout info
handle_failure	Checkout code	2025-10-11T21:03:13.6087056Z ##[endgroup]
handle_failure	Checkout code	2025-10-11T21:03:13.6088252Z [command]/usr/bin/git sparse-checkout disable
handle_failure	Checkout code	2025-10-11T21:03:13.7289018Z [command]/usr/bin/git config --local --unset-all extensions.worktreeConfig
handle_failure	Checkout code	2025-10-11T21:03:13.7918926Z ##[group]Checking out the ref
handle_failure	Checkout code	2025-10-11T21:03:13.7922307Z [command]/usr/bin/git checkout --progress --force -B main refs/remotes/origin/main
handle_failure	Checkout code	2025-10-11T21:03:14.8823863Z Updating files:  65% (568/872)
handle_failure	Checkout code	2025-10-11T21:03:14.9708109Z Updating files:  66% (576/872)
handle_failure	Checkout code	2025-10-11T21:03:15.0166267Z Updating files:  67% (585/872)
handle_failure	Checkout code	2025-10-11T21:03:15.0167356Z Updating files:  68% (593/872)
handle_failure	Checkout code	2025-10-11T21:03:15.0167911Z Updating files:  69% (602/872)
handle_failure	Checkout code	2025-10-11T21:03:15.0284728Z Updating files:  70% (611/872)
handle_failure	Checkout code	2025-10-11T21:03:15.0307045Z Updating files:  71% (620/872)
handle_failure	Checkout code	2025-10-11T21:03:15.0309991Z Updating files:  72% (628/872)
handle_failure	Checkout code	2025-10-11T21:03:15.0311774Z Updating files:  73% (637/872)
handle_failure	Checkout code	2025-10-11T21:03:15.0313666Z Updating files:  74% (646/872)
handle_failure	Checkout code	2025-10-11T21:03:15.0327504Z Updating files:  75% (654/872)
handle_failure	Checkout code	2025-10-11T21:03:15.0355448Z Updating files:  76% (663/872)
handle_failure	Checkout code	2025-10-11T21:03:15.0359738Z Updating files:  77% (672/872)
handle_failure	Checkout code	2025-10-11T21:03:15.0363978Z Updating files:  78% (681/872)
handle_failure	Checkout code	2025-10-11T21:03:15.0370210Z Updating files:  79% (689/872)
handle_failure	Checkout code	2025-10-11T21:03:15.0454816Z Updating files:  80% (698/872)
handle_failure	Checkout code	2025-10-11T21:03:15.0455572Z Updating files:  81% (707/872)
handle_failure	Checkout code	2025-10-11T21:03:15.0502993Z Updating files:  82% (716/872)
handle_failure	Checkout code	2025-10-11T21:03:15.0514462Z Updating files:  83% (724/872)
handle_failure	Checkout code	2025-10-11T21:03:15.0515307Z Updating files:  84% (733/872)
handle_failure	Checkout code	2025-10-11T21:03:15.0515896Z Updating files:  85% (742/872)
handle_failure	Checkout code	2025-10-11T21:03:15.0552098Z Updating files:  86% (750/872)
handle_failure	Checkout code	2025-10-11T21:03:15.0553522Z Updating files:  87% (759/872)
handle_failure	Checkout code	2025-10-11T21:03:15.0571573Z Updating files:  88% (768/872)
handle_failure	Checkout code	2025-10-11T21:03:15.0598533Z Updating files:  89% (777/872)
handle_failure	Checkout code	2025-10-11T21:03:15.0599232Z Updating files:  90% (785/872)
handle_failure	Checkout code	2025-10-11T21:03:15.0664615Z Updating files:  91% (794/872)
handle_failure	Checkout code	2025-10-11T21:03:15.0665724Z Updating files:  92% (803/872)
handle_failure	Checkout code	2025-10-11T21:03:15.0734680Z Updating files:  93% (811/872)
handle_failure	Checkout code	2025-10-11T21:03:15.0735591Z Updating files:  94% (820/872)
handle_failure	Checkout code	2025-10-11T21:03:15.0784920Z Updating files:  95% (829/872)
handle_failure	Checkout code	2025-10-11T21:03:15.0785776Z Updating files:  96% (838/872)
handle_failure	Checkout code	2025-10-11T21:03:15.0790253Z Updating files:  97% (846/872)
handle_failure	Checkout code	2025-10-11T21:03:15.0791196Z Updating files:  98% (855/872)
handle_failure	Checkout code	2025-10-11T21:03:15.0791665Z Updating files:  99% (864/872)
handle_failure	Checkout code	2025-10-11T21:03:15.0792128Z Updating files: 100% (872/872)
handle_failure	Checkout code	2025-10-11T21:03:15.0792597Z Updating files: 100% (872/872), done.
handle_failure	Checkout code	2025-10-11T21:03:15.1309229Z Switched to a new branch 'main'
handle_failure	Checkout code	2025-10-11T21:03:15.1323120Z branch 'main' set up to track 'origin/main'.
handle_failure	Checkout code	2025-10-11T21:03:15.1463630Z ##[endgroup]
handle_failure	Checkout code	2025-10-11T21:03:15.1533636Z [command]/usr/bin/git log -1 --format=%H
handle_failure	Checkout code	2025-10-11T21:03:15.1584316Z 93f51c455fb1357603e3850bf10d37871b8c24c2
handle_failure	handle-failure-execution	﻿2025-10-11T21:03:15.2178288Z ##[group]Run echo "Error detectado en el proceso"
handle_failure	handle-failure-execution	2025-10-11T21:03:15.2178778Z [36;1mecho "Error detectado en el proceso"[0m
handle_failure	handle-failure-execution	2025-10-11T21:03:15.2179200Z [36;1mecho "Creando issue para fallo general o fallo en docker build"[0m
handle_failure	handle-failure-execution	2025-10-11T21:03:15.2181954Z [36;1mgh issue create --title "[Ka0s] Personalized Image Runners Error detectado en 18434680080" --label "bug" --body "El workflow ha fallado. Revisa los logs en 'https://github.com/Ka0s-Klaus/ka0s/actions/runs/18434680080' y en el repositorio en `audit/scan/` para más información.\n\nLogs relevantes:\n- [Log de build](https://github.com/Ka0s-Klaus/ka0s/blob/main/audit/scan/build_18434680080.log)\n- [Log Trivy tabla](https://github.com/Ka0s-Klaus/ka0s/blob/main/audit/scan/trivy_table_18434680080.log)\n- [Log Trivy json](https://github.com/Ka0s-Klaus/ka0s/blob/main/audit/scan/trivy_json_18434680080.log)\n- [Resultado JSON](https://github.com/Ka0s-Klaus/ka0s/blob/main/audit/scan/18434680080.json)"[0m
handle_failure	handle-failure-execution	2025-10-11T21:03:15.2185982Z [36;1mif [ -f build_error.log ]; then[0m
handle_failure	handle-failure-execution	2025-10-11T21:03:15.2187216Z [36;1m  gh issue comment $(gh issue list --state open --search "[Ka0s] Personalized Image Runners Error detectado en 18434680080" --json number --jq '.[0].number') --body "Detalles del error en docker build:\n\n$(cat build_error.log)\n\n[Ver log completo](https://github.com/Ka0s-Klaus/ka0s/blob/main/audit/scan/build_18434680080.log)"[0m
handle_failure	handle-failure-execution	2025-10-11T21:03:15.2188383Z [36;1mfi[0m
handle_failure	handle-failure-execution	2025-10-11T21:03:15.2201313Z shell: /usr/bin/bash -e {0}
handle_failure	handle-failure-execution	2025-10-11T21:03:15.2201577Z env:
handle_failure	handle-failure-execution	2025-10-11T21:03:15.2202389Z   GITHUB_TOKEN: ***
handle_failure	handle-failure-execution	2025-10-11T21:03:15.2202642Z   KAOS_MODULE: [Ka0s] Personalized Image Runners
handle_failure	handle-failure-execution	2025-10-11T21:03:15.2202946Z   KAOS_CODE: 18434680080
handle_failure	handle-failure-execution	2025-10-11T21:03:15.2203167Z   KAOS_PATH_SCAN: audit/scan/
handle_failure	handle-failure-execution	2025-10-11T21:03:15.2203557Z   GH_TOKEN: ***
handle_failure	handle-failure-execution	2025-10-11T21:03:15.2203753Z ##[endgroup]
handle_failure	handle-failure-execution	2025-10-11T21:03:15.2404143Z Error detectado en el proceso
handle_failure	handle-failure-execution	2025-10-11T21:03:15.2404799Z /home/runner/_work/_temp/6c4da375-adef-4157-a2d1-31994ad8bc3d.sh: line 3: audit/scan/: Is a directory
handle_failure	handle-failure-execution	2025-10-11T21:03:15.2430206Z Creando issue para fallo general o fallo en docker build
handle_failure	handle-failure-execution	2025-10-11T21:03:16.7944485Z https://github.com/Ka0s-Klaus/ka0s/issues/2182
handle_failure	Post Checkout code	﻿2025-10-11T21:03:16.8849253Z Post job cleanup.
handle_failure	Post Checkout code	2025-10-11T21:03:17.0355738Z [command]/usr/bin/git version
handle_failure	Post Checkout code	2025-10-11T21:03:17.0399626Z git version 2.51.0
handle_failure	Post Checkout code	2025-10-11T21:03:17.0456816Z Temporarily overriding HOME='/home/runner/_work/_temp/e19f77c3-52d8-4606-b15d-287345523105' before making global git config changes
handle_failure	Post Checkout code	2025-10-11T21:03:17.0461010Z Adding repository directory to the temporary git global config as a safe directory
handle_failure	Post Checkout code	2025-10-11T21:03:17.0471985Z [command]/usr/bin/git config --global --add safe.directory /home/runner/_work/ka0s/ka0s
handle_failure	Post Checkout code	2025-10-11T21:03:17.0618269Z [command]/usr/bin/git config --local --name-only --get-regexp core\.sshCommand
handle_failure	Post Checkout code	2025-10-11T21:03:17.0679303Z [command]/usr/bin/git submodule foreach --recursive sh -c "git config --local --name-only --get-regexp 'core\.sshCommand' && git config --local --unset-all 'core.sshCommand' || :"
handle_failure	Post Checkout code	2025-10-11T21:03:17.1018585Z [command]/usr/bin/git config --local --name-only --get-regexp http\.https\:\/\/github\.com\/\.extraheader
handle_failure	Post Checkout code	2025-10-11T21:03:17.1048386Z http.https://github.com/.extraheader
handle_failure	Post Checkout code	2025-10-11T21:03:17.1068528Z [command]/usr/bin/git config --local --unset-all http.https://github.com/.extraheader
handle_failure	Post Checkout code	2025-10-11T21:03:17.1221099Z [command]/usr/bin/git submodule foreach --recursive sh -c "git config --local --name-only --get-regexp 'http\.https\:\/\/github\.com\/\.extraheader' && git config --local --unset-all 'http.https://github.com/.extraheader' || :"
handle_failure	Complete job	﻿2025-10-11T21:03:17.1893747Z Cleaning up orphan processes
end-workflow	Set up job	﻿2025-10-11T21:03:22.2072738Z Current runner version: '2.328.0'
end-workflow	Set up job	2025-10-11T21:03:22.2080874Z Runner name: '5a314105629f'
end-workflow	Set up job	2025-10-11T21:03:22.2081745Z Runner group name: 'swarm-runners'
end-workflow	Set up job	2025-10-11T21:03:22.2082732Z Machine name: '5a314105629f'
end-workflow	Set up job	2025-10-11T21:03:22.2086277Z ##[group]GITHUB_TOKEN Permissions
end-workflow	Set up job	2025-10-11T21:03:22.2088774Z Actions: write
end-workflow	Set up job	2025-10-11T21:03:22.2089472Z Contents: read
end-workflow	Set up job	2025-10-11T21:03:22.2090055Z Issues: write
end-workflow	Set up job	2025-10-11T21:03:22.2090563Z Metadata: read
end-workflow	Set up job	2025-10-11T21:03:22.2091180Z ##[endgroup]
end-workflow	Set up job	2025-10-11T21:03:22.2093603Z Secret source: Actions
end-workflow	Set up job	2025-10-11T21:03:22.2094302Z Prepare workflow directory
end-workflow	Set up job	2025-10-11T21:03:22.3614341Z Prepare all required actions
end-workflow	Set up job	2025-10-11T21:03:22.3678608Z Getting action download info
end-workflow	Set up job	2025-10-11T21:03:22.9252159Z Download action repository 'actions/checkout@v4' (SHA:08eba0b27e820071cde6df949e0beb9ba4906955)
end-workflow	Set up job	2025-10-11T21:03:24.9041804Z Complete job name: end-workflow
end-workflow	Checkout code	﻿2025-10-11T21:03:25.0413856Z ##[group]Run actions/checkout@v4
end-workflow	Checkout code	2025-10-11T21:03:25.0415672Z with:
end-workflow	Checkout code	2025-10-11T21:03:25.0434304Z   fetch-depth: 0
end-workflow	Checkout code	2025-10-11T21:03:25.0436066Z   token: ***
end-workflow	Checkout code	2025-10-11T21:03:25.0436968Z   repository: Ka0s-Klaus/ka0s
end-workflow	Checkout code	2025-10-11T21:03:25.0437987Z   ssh-strict: true
end-workflow	Checkout code	2025-10-11T21:03:25.0438865Z   ssh-user: git
end-workflow	Checkout code	2025-10-11T21:03:25.0439751Z   persist-credentials: true
end-workflow	Checkout code	2025-10-11T21:03:25.0440771Z   clean: true
end-workflow	Checkout code	2025-10-11T21:03:25.0441712Z   sparse-checkout-cone-mode: true
end-workflow	Checkout code	2025-10-11T21:03:25.0442830Z   fetch-tags: false
end-workflow	Checkout code	2025-10-11T21:03:25.0444272Z   show-progress: true
end-workflow	Checkout code	2025-10-11T21:03:25.0445259Z   lfs: false
end-workflow	Checkout code	2025-10-11T21:03:25.0446144Z   submodules: false
end-workflow	Checkout code	2025-10-11T21:03:25.0447170Z   set-safe-directory: true
end-workflow	Checkout code	2025-10-11T21:03:25.0448795Z env:
end-workflow	Checkout code	2025-10-11T21:03:25.0450957Z   GITHUB_TOKEN: ***
end-workflow	Checkout code	2025-10-11T21:03:25.0452041Z   KAOS_MODULE: [Ka0s] Personalized Image Runners
end-workflow	Checkout code	2025-10-11T21:03:25.0453569Z   KAOS_CODE: 18434680080
end-workflow	Checkout code	2025-10-11T21:03:25.0454627Z   KAOS_PATH_SCAN: audit/scan/
end-workflow	Checkout code	2025-10-11T21:03:25.0456043Z   GH_TOKEN: ***
end-workflow	Checkout code	2025-10-11T21:03:25.0457066Z ##[endgroup]
end-workflow	Checkout code	2025-10-11T21:03:25.3295898Z Syncing repository: Ka0s-Klaus/ka0s
end-workflow	Checkout code	2025-10-11T21:03:25.3300761Z ##[group]Getting Git version info
end-workflow	Checkout code	2025-10-11T21:03:25.3302225Z Working directory is '/home/runner/_work/ka0s/ka0s'
end-workflow	Checkout code	2025-10-11T21:03:25.3365910Z [command]/usr/bin/git version
end-workflow	Checkout code	2025-10-11T21:03:25.3367114Z git version 2.51.0
end-workflow	Checkout code	2025-10-11T21:03:25.3370508Z ##[endgroup]
end-workflow	Checkout code	2025-10-11T21:03:25.3665373Z Temporarily overriding HOME='/home/runner/_work/_temp/1cf3b8a6-42aa-4ec2-9a70-84cc43dcef73' before making global git config changes
end-workflow	Checkout code	2025-10-11T21:03:25.3668757Z Adding repository directory to the temporary git global config as a safe directory
end-workflow	Checkout code	2025-10-11T21:03:25.3671296Z [command]/usr/bin/git config --global --add safe.directory /home/runner/_work/ka0s/ka0s
end-workflow	Checkout code	2025-10-11T21:03:25.3675013Z [command]/usr/bin/git config --local --get remote.origin.url
end-workflow	Checkout code	2025-10-11T21:03:25.3676597Z https://github.com/Ka0s-Klaus/ka0s
end-workflow	Checkout code	2025-10-11T21:03:25.3684728Z ##[group]Removing previously created refs, to avoid conflicts
end-workflow	Checkout code	2025-10-11T21:03:25.3690705Z [command]/usr/bin/git rev-parse --symbolic-full-name --verify --quiet HEAD
end-workflow	Checkout code	2025-10-11T21:03:25.3701939Z refs/heads/main
end-workflow	Checkout code	2025-10-11T21:03:25.3740924Z [command]/usr/bin/git checkout --detach
end-workflow	Checkout code	2025-10-11T21:03:25.5299088Z HEAD is now at 93f51c455 [Ka0s] Add scan image and logs from 18434656761
end-workflow	Checkout code	2025-10-11T21:03:25.5441550Z [command]/usr/bin/git branch --delete --force main
end-workflow	Checkout code	2025-10-11T21:03:25.5577417Z Deleted branch main (was 93f51c455).
end-workflow	Checkout code	2025-10-11T21:03:25.5799877Z ##[endgroup]
end-workflow	Checkout code	2025-10-11T21:03:25.5807731Z [command]/usr/bin/git submodule status
end-workflow	Checkout code	2025-10-11T21:03:25.6543095Z ##[group]Cleaning the repository
end-workflow	Checkout code	2025-10-11T21:03:25.6612538Z [command]/usr/bin/git clean -ffdx
end-workflow	Checkout code	2025-10-11T21:03:25.6952644Z [command]/usr/bin/git reset --hard HEAD
end-workflow	Checkout code	2025-10-11T21:03:25.7211788Z HEAD is now at 93f51c455 [Ka0s] Add scan image and logs from 18434656761
end-workflow	Checkout code	2025-10-11T21:03:25.7282280Z ##[endgroup]
end-workflow	Checkout code	2025-10-11T21:03:25.7284420Z ##[group]Disabling automatic garbage collection
end-workflow	Checkout code	2025-10-11T21:03:25.7292638Z [command]/usr/bin/git config --local gc.auto 0
end-workflow	Checkout code	2025-10-11T21:03:25.7526944Z ##[endgroup]
end-workflow	Checkout code	2025-10-11T21:03:25.7528749Z ##[group]Setting up auth
end-workflow	Checkout code	2025-10-11T21:03:25.7535448Z [command]/usr/bin/git config --local --name-only --get-regexp core\.sshCommand
end-workflow	Checkout code	2025-10-11T21:03:25.7668823Z [command]/usr/bin/git submodule foreach --recursive sh -c "git config --local --name-only --get-regexp 'core\.sshCommand' && git config --local --unset-all 'core.sshCommand' || :"
end-workflow	Checkout code	2025-10-11T21:03:25.8550247Z [command]/usr/bin/git config --local --name-only --get-regexp http\.https\:\/\/github\.com\/\.extraheader
end-workflow	Checkout code	2025-10-11T21:03:25.8648328Z [command]/usr/bin/git submodule foreach --recursive sh -c "git config --local --name-only --get-regexp 'http\.https\:\/\/github\.com\/\.extraheader' && git config --local --unset-all 'http.https://github.com/.extraheader' || :"
end-workflow	Checkout code	2025-10-11T21:03:25.9118701Z [command]/usr/bin/git config --local http.https://github.com/.extraheader AUTHORIZATION: basic ***
end-workflow	Checkout code	2025-10-11T21:03:25.9300581Z ##[endgroup]
end-workflow	Checkout code	2025-10-11T21:03:25.9312381Z ##[group]Fetching the repository
end-workflow	Checkout code	2025-10-11T21:03:25.9318023Z [command]/usr/bin/git -c protocol.version=2 fetch --prune --no-recurse-submodules origin +refs/heads/*:refs/remotes/origin/* +refs/tags/*:refs/tags/*
end-workflow	Checkout code	2025-10-11T21:03:26.8646267Z From https://github.com/Ka0s-Klaus/ka0s
end-workflow	Checkout code	2025-10-11T21:03:26.8649487Z    93f51c455..68d5f3ee3  main       -> origin/main
end-workflow	Checkout code	2025-10-11T21:03:26.8698793Z [command]/usr/bin/git branch --list --remote origin/main
end-workflow	Checkout code	2025-10-11T21:03:26.8848159Z   origin/main
end-workflow	Checkout code	2025-10-11T21:03:26.8849259Z [command]/usr/bin/git rev-parse refs/remotes/origin/main
end-workflow	Checkout code	2025-10-11T21:03:26.8908099Z 68d5f3ee35354e8c6410363b80cb0698e471fb40
end-workflow	Checkout code	2025-10-11T21:03:26.8929133Z [command]/usr/bin/git -c protocol.version=2 fetch --no-tags --prune --no-recurse-submodules origin +93f51c455fb1357603e3850bf10d37871b8c24c2:refs/remotes/origin/main
end-workflow	Checkout code	2025-10-11T21:03:26.9225856Z From https://github.com/Ka0s-Klaus/ka0s
end-workflow	Checkout code	2025-10-11T21:03:26.9226588Z  + 68d5f3ee3...93f51c455 93f51c455fb1357603e3850bf10d37871b8c24c2 -> origin/main  (forced update)
end-workflow	Checkout code	2025-10-11T21:03:26.9278476Z ##[endgroup]
end-workflow	Checkout code	2025-10-11T21:03:26.9280605Z ##[group]Determining the checkout info
end-workflow	Checkout code	2025-10-11T21:03:26.9285327Z ##[endgroup]
end-workflow	Checkout code	2025-10-11T21:03:26.9298459Z [command]/usr/bin/git sparse-checkout disable
end-workflow	Checkout code	2025-10-11T21:03:26.9433021Z [command]/usr/bin/git config --local --unset-all extensions.worktreeConfig
end-workflow	Checkout code	2025-10-11T21:03:26.9540040Z ##[group]Checking out the ref
end-workflow	Checkout code	2025-10-11T21:03:26.9548732Z [command]/usr/bin/git checkout --progress --force -B main refs/remotes/origin/main
end-workflow	Checkout code	2025-10-11T21:03:26.9797668Z Switched to a new branch 'main'
end-workflow	Checkout code	2025-10-11T21:03:26.9798508Z branch 'main' set up to track 'origin/main'.
end-workflow	Checkout code	2025-10-11T21:03:26.9835821Z ##[endgroup]
end-workflow	Checkout code	2025-10-11T21:03:26.9949639Z [command]/usr/bin/git log -1 --format=%H
end-workflow	Checkout code	2025-10-11T21:03:27.0018106Z 93f51c455fb1357603e3850bf10d37871b8c24c2
end-workflow	Finaliza el workflow	﻿2025-10-11T21:03:27.1074322Z ##[group]Run echo "End process"
end-workflow	Finaliza el workflow	2025-10-11T21:03:27.1075095Z [36;1mecho "End process"[0m
end-workflow	Finaliza el workflow	2025-10-11T21:03:27.1075491Z [36;1m# RNNUMBER=$(echo "refs/heads/main" | grep -o '[0-9]*')[0m
end-workflow	Finaliza el workflow	2025-10-11T21:03:27.1076111Z [36;1m# gh issue comment $RNNUMBER --body "Se finaliza Ka0s 18434680080"[0m
end-workflow	Finaliza el workflow	2025-10-11T21:03:27.1077452Z [36;1mecho "Se finaliza Ka0s 18434680080"[0m
end-workflow	Finaliza el workflow	2025-10-11T21:03:27.1078018Z [36;1mgh workflow run inspector.yml --ref 'main' -f kaos-workflow-id="18434680080"[0m
end-workflow	Finaliza el workflow	2025-10-11T21:03:27.1101702Z shell: /usr/bin/bash -e {0}
end-workflow	Finaliza el workflow	2025-10-11T21:03:27.1102140Z env:
end-workflow	Finaliza el workflow	2025-10-11T21:03:27.1103061Z   GITHUB_TOKEN: ***
end-workflow	Finaliza el workflow	2025-10-11T21:03:27.1110889Z   KAOS_MODULE: [Ka0s] Personalized Image Runners
end-workflow	Finaliza el workflow	2025-10-11T21:03:27.1111477Z   KAOS_CODE: 18434680080
end-workflow	Finaliza el workflow	2025-10-11T21:03:27.1111762Z   KAOS_PATH_SCAN: audit/scan/
end-workflow	Finaliza el workflow	2025-10-11T21:03:27.1112403Z   GH_TOKEN: ***
end-workflow	Finaliza el workflow	2025-10-11T21:03:27.1112665Z ##[endgroup]
end-workflow	Finaliza el workflow	2025-10-11T21:03:27.1195238Z End process
end-workflow	Finaliza el workflow	2025-10-11T21:03:27.1198041Z Se finaliza Ka0s 18434680080
end-workflow	Post Checkout code	﻿2025-10-11T21:03:27.7989219Z Post job cleanup.
end-workflow	Post Checkout code	2025-10-11T21:03:27.9225417Z [command]/usr/bin/git version
end-workflow	Post Checkout code	2025-10-11T21:03:27.9279615Z git version 2.51.0
end-workflow	Post Checkout code	2025-10-11T21:03:27.9335346Z Temporarily overriding HOME='/home/runner/_work/_temp/e628dec5-5cc6-44fa-b4f1-33a352246c61' before making global git config changes
end-workflow	Post Checkout code	2025-10-11T21:03:27.9336827Z Adding repository directory to the temporary git global config as a safe directory
end-workflow	Post Checkout code	2025-10-11T21:03:27.9341263Z [command]/usr/bin/git config --global --add safe.directory /home/runner/_work/ka0s/ka0s
end-workflow	Post Checkout code	2025-10-11T21:03:27.9381918Z [command]/usr/bin/git config --local --name-only --get-regexp core\.sshCommand
end-workflow	Post Checkout code	2025-10-11T21:03:27.9433859Z [command]/usr/bin/git submodule foreach --recursive sh -c "git config --local --name-only --get-regexp 'core\.sshCommand' && git config --local --unset-all 'core.sshCommand' || :"
end-workflow	Post Checkout code	2025-10-11T21:03:27.9849161Z [command]/usr/bin/git config --local --name-only --get-regexp http\.https\:\/\/github\.com\/\.extraheader
end-workflow	Post Checkout code	2025-10-11T21:03:27.9956044Z http.https://github.com/.extraheader
end-workflow	Post Checkout code	2025-10-11T21:03:28.0086037Z [command]/usr/bin/git config --local --unset-all http.https://github.com/.extraheader
end-workflow	Post Checkout code	2025-10-11T21:03:28.0205180Z [command]/usr/bin/git submodule foreach --recursive sh -c "git config --local --name-only --get-regexp 'http\.https\:\/\/github\.com\/\.extraheader' && git config --local --unset-all 'http.https://github.com/.extraheader' || :"
end-workflow	Complete job	﻿2025-10-11T21:03:28.0841337Z Cleaning up orphan processes
