job-core	Set up job	ï»¿2025-12-01T02:27:17.2184761Z Current runner version: '2.329.0'
job-core	Set up job	2025-12-01T02:27:17.2192735Z Runner name: '058db77e7138'
job-core	Set up job	2025-12-01T02:27:17.2193898Z Runner group name: 'swarm-runners'
job-core	Set up job	2025-12-01T02:27:17.2195441Z Machine name: '058db77e7138'
job-core	Set up job	2025-12-01T02:27:17.2199053Z ##[group]GITHUB_TOKEN Permissions
job-core	Set up job	2025-12-01T02:27:17.2202232Z Actions: write
job-core	Set up job	2025-12-01T02:27:17.2202820Z Contents: write
job-core	Set up job	2025-12-01T02:27:17.2203393Z Issues: write
job-core	Set up job	2025-12-01T02:27:17.2204012Z Metadata: read
job-core	Set up job	2025-12-01T02:27:17.2204809Z ##[endgroup]
job-core	Set up job	2025-12-01T02:27:17.2207335Z Secret source: Actions
job-core	Set up job	2025-12-01T02:27:17.2208350Z Prepare workflow directory
job-core	Set up job	2025-12-01T02:27:17.2752777Z Prepare all required actions
job-core	Set up job	2025-12-01T02:27:17.2793153Z Getting action download info
job-core	Set up job	2025-12-01T02:27:17.8634728Z Download action repository 'actions/checkout@v4' (SHA:34e114876b0b11c390a56381ad16ebd13914f8d5)
job-core	Set up job	2025-12-01T02:27:18.8598303Z Complete job name: job-core
job-core	Checkout repository	ï»¿2025-12-01T02:27:18.9168014Z ##[group]Run actions/checkout@v4
job-core	Checkout repository	2025-12-01T02:27:18.9169010Z with:
job-core	Checkout repository	2025-12-01T02:27:18.9169534Z   fetch-depth: 0
job-core	Checkout repository	2025-12-01T02:27:18.9170426Z   token: ***
job-core	Checkout repository	2025-12-01T02:27:18.9171029Z   repository: Ka0s-Klaus/ka0s
job-core	Checkout repository	2025-12-01T02:27:18.9171569Z   ssh-strict: true
job-core	Checkout repository	2025-12-01T02:27:18.9172035Z   ssh-user: git
job-core	Checkout repository	2025-12-01T02:27:18.9172506Z   persist-credentials: true
job-core	Checkout repository	2025-12-01T02:27:18.9173022Z   clean: true
job-core	Checkout repository	2025-12-01T02:27:18.9173497Z   sparse-checkout-cone-mode: true
job-core	Checkout repository	2025-12-01T02:27:18.9174076Z   fetch-tags: false
job-core	Checkout repository	2025-12-01T02:27:18.9175054Z   show-progress: true
job-core	Checkout repository	2025-12-01T02:27:18.9175674Z   lfs: false
job-core	Checkout repository	2025-12-01T02:27:18.9176118Z   submodules: false
job-core	Checkout repository	2025-12-01T02:27:18.9176617Z   set-safe-directory: true
job-core	Checkout repository	2025-12-01T02:27:18.9177375Z env:
job-core	Checkout repository	2025-12-01T02:27:18.9177827Z   KAOS_CODE: 19809213998
job-core	Checkout repository	2025-12-01T02:27:18.9178338Z   KAOS_EVENT_NAME: schedule
job-core	Checkout repository	2025-12-01T02:27:18.9178907Z   KAOS_ACTION: 
job-core	Checkout repository	2025-12-01T02:27:18.9179370Z   KAOS_REF: refs/heads/main
job-core	Checkout repository	2025-12-01T02:27:18.9179951Z   KAOS_MODULE: [Ka0S] Workflow Statistics Summary
job-core	Checkout repository	2025-12-01T02:27:18.9180667Z   KAOS_PATH_RESUME: audit/workflows/
job-core	Checkout repository	2025-12-01T02:27:18.9181463Z   KAOS_ACTOR: santakloud
job-core	Checkout repository	2025-12-01T02:27:18.9204281Z   GH_REPO: Ka0s-Klaus/ka0s
job-core	Checkout repository	2025-12-01T02:27:18.9205298Z ##[endgroup]
job-core	Checkout repository	2025-12-01T02:27:19.0388182Z Syncing repository: Ka0s-Klaus/ka0s
job-core	Checkout repository	2025-12-01T02:27:19.0390575Z ##[group]Getting Git version info
job-core	Checkout repository	2025-12-01T02:27:19.0391337Z Working directory is '/home/runner/_work/ka0s/ka0s'
job-core	Checkout repository	2025-12-01T02:27:19.0392413Z [command]/usr/bin/git version
job-core	Checkout repository	2025-12-01T02:27:19.0392994Z git version 2.51.0
job-core	Checkout repository	2025-12-01T02:27:19.0403563Z ##[endgroup]
job-core	Checkout repository	2025-12-01T02:27:19.0427647Z Temporarily overriding HOME='/home/runner/_work/_temp/6f2b1ebc-ba46-4157-9d1b-02f53bcaf40e' before making global git config changes
job-core	Checkout repository	2025-12-01T02:27:19.0429928Z Adding repository directory to the temporary git global config as a safe directory
job-core	Checkout repository	2025-12-01T02:27:19.0431148Z [command]/usr/bin/git config --global --add safe.directory /home/runner/_work/ka0s/ka0s
job-core	Checkout repository	2025-12-01T02:27:19.0468224Z Deleting the contents of '/home/runner/_work/ka0s/ka0s'
job-core	Checkout repository	2025-12-01T02:27:19.0472506Z ##[group]Initializing the repository
job-core	Checkout repository	2025-12-01T02:27:19.0487685Z [command]/usr/bin/git init /home/runner/_work/ka0s/ka0s
job-core	Checkout repository	2025-12-01T02:27:19.0535359Z hint: Using 'master' as the name for the initial branch. This default branch name
job-core	Checkout repository	2025-12-01T02:27:19.0552928Z hint: is subject to change. To configure the initial branch name to use in all
job-core	Checkout repository	2025-12-01T02:27:19.0554691Z hint: of your new repositories, which will suppress this warning, call:
job-core	Checkout repository	2025-12-01T02:27:19.0555716Z hint:
job-core	Checkout repository	2025-12-01T02:27:19.0556489Z hint: 	git config --global init.defaultBranch <name>
job-core	Checkout repository	2025-12-01T02:27:19.0557195Z hint:
job-core	Checkout repository	2025-12-01T02:27:19.0557898Z hint: Names commonly chosen instead of 'master' are 'main', 'trunk' and
job-core	Checkout repository	2025-12-01T02:27:19.0559035Z hint: 'development'. The just-created branch can be renamed via this command:
job-core	Checkout repository	2025-12-01T02:27:19.0559906Z hint:
job-core	Checkout repository	2025-12-01T02:27:19.0560397Z hint: 	git branch -m <name>
job-core	Checkout repository	2025-12-01T02:27:19.0560961Z hint:
job-core	Checkout repository	2025-12-01T02:27:19.0561931Z hint: Disable this message with "git config set advice.defaultBranchName false"
job-core	Checkout repository	2025-12-01T02:27:19.0563679Z Initialized empty Git repository in /home/runner/_work/ka0s/ka0s/.git/
job-core	Checkout repository	2025-12-01T02:27:19.0565964Z [command]/usr/bin/git remote add origin https://github.com/Ka0s-Klaus/ka0s
job-core	Checkout repository	2025-12-01T02:27:19.0599849Z ##[endgroup]
job-core	Checkout repository	2025-12-01T02:27:19.0601041Z ##[group]Disabling automatic garbage collection
job-core	Checkout repository	2025-12-01T02:27:19.0602086Z [command]/usr/bin/git config --local gc.auto 0
job-core	Checkout repository	2025-12-01T02:27:19.0631395Z ##[endgroup]
job-core	Checkout repository	2025-12-01T02:27:19.0632324Z ##[group]Setting up auth
job-core	Checkout repository	2025-12-01T02:27:19.0639398Z [command]/usr/bin/git config --local --name-only --get-regexp core\.sshCommand
job-core	Checkout repository	2025-12-01T02:27:19.0674650Z [command]/usr/bin/git submodule foreach --recursive sh -c "git config --local --name-only --get-regexp 'core\.sshCommand' && git config --local --unset-all 'core.sshCommand' || :"
job-core	Checkout repository	2025-12-01T02:27:19.0934423Z [command]/usr/bin/git config --local --name-only --get-regexp http\.https\:\/\/github\.com\/\.extraheader
job-core	Checkout repository	2025-12-01T02:27:19.0968735Z [command]/usr/bin/git submodule foreach --recursive sh -c "git config --local --name-only --get-regexp 'http\.https\:\/\/github\.com\/\.extraheader' && git config --local --unset-all 'http.https://github.com/.extraheader' || :"
job-core	Checkout repository	2025-12-01T02:27:19.1225156Z [command]/usr/bin/git config --local --name-only --get-regexp ^includeIf\.gitdir:
job-core	Checkout repository	2025-12-01T02:27:19.1260750Z [command]/usr/bin/git submodule foreach --recursive git config --local --show-origin --name-only --get-regexp remote.origin.url
job-core	Checkout repository	2025-12-01T02:27:19.1513651Z [command]/usr/bin/git config --local http.https://github.com/.extraheader AUTHORIZATION: basic ***
job-core	Checkout repository	2025-12-01T02:27:19.1554929Z ##[endgroup]
job-core	Checkout repository	2025-12-01T02:27:19.1556035Z ##[group]Fetching the repository
job-core	Checkout repository	2025-12-01T02:27:19.1563296Z [command]/usr/bin/git -c protocol.version=2 fetch --prune --no-recurse-submodules origin +refs/heads/*:refs/remotes/origin/* +refs/tags/*:refs/tags/*
job-core	Checkout repository	2025-12-01T02:27:30.3450837Z From https://github.com/Ka0s-Klaus/ka0s
job-core	Checkout repository	2025-12-01T02:27:30.3451691Z  * [new branch]          F1149-desarrollo-de-orchestrator -> origin/F1149-desarrollo-de-orchestrator
job-core	Checkout repository	2025-12-01T02:27:30.3452809Z  * [new branch]          F1183-personalizaciÃ³n-mÃ³dulo-finops -> origin/F1183-personalizaciÃ³n-mÃ³dulo-finops
job-core	Checkout repository	2025-12-01T02:27:30.3453704Z  * [new branch]          F1224-new-module-mongodb -> origin/F1224-new-module-mongodb
job-core	Checkout repository	2025-12-01T02:27:30.3454407Z  * [new branch]          F220-web-de-resultados  -> origin/F220-web-de-resultados
job-core	Checkout repository	2025-12-01T02:27:30.3455294Z  * [new branch]          F227-despliegue-de-kube-independiente-del-clouder -> origin/F227-despliegue-de-kube-independiente-del-clouder
job-core	Checkout repository	2025-12-01T02:27:30.3456302Z  * [new branch]          F329-documentacion-metodologia-de-kaos -> origin/F329-documentacion-metodologia-de-kaos
job-core	Checkout repository	2025-12-01T02:27:30.3457234Z  * [new branch]          F44-creaciÃ³n-mÃ³dulo-versionado -> origin/F44-creaciÃ³n-mÃ³dulo-versionado
job-core	Checkout repository	2025-12-01T02:27:30.3458052Z  * [new branch]          H1128-mÃ³dulo-de-observabilidad -> origin/H1128-mÃ³dulo-de-observabilidad
job-core	Checkout repository	2025-12-01T02:27:30.3458818Z  * [new branch]          H1139-como-instalar-arc-control -> origin/H1139-como-instalar-arc-control
job-core	Checkout repository	2025-12-01T02:27:30.3459596Z  * [new branch]          H1149-desarrollo-de-orchestrator -> origin/H1149-desarrollo-de-orchestrator
job-core	Checkout repository	2025-12-01T02:27:30.3460359Z  * [new branch]          H1150-desarrollo-de-secciones -> origin/H1150-desarrollo-de-secciones
job-core	Checkout repository	2025-12-01T02:27:30.3461137Z  * [new branch]          H1151-desarrollo-de-secciones-ii -> origin/H1151-desarrollo-de-secciones-ii
job-core	Checkout repository	2025-12-01T02:27:30.3461838Z  * [new branch]          H1152-desarrollo-inicio -> origin/H1152-desarrollo-inicio
job-core	Checkout repository	2025-12-01T02:27:30.3462694Z  * [new branch]          H1183-personalizaciÃ³n-mÃ³dulo-finops -> origin/H1183-personalizaciÃ³n-mÃ³dulo-finops
job-core	Checkout repository	2025-12-01T02:27:30.3463574Z  * [new branch]          H1193-ejemplo-web-documentacion -> origin/H1193-ejemplo-web-documentacion
job-core	Checkout repository	2025-12-01T02:27:30.3464293Z  * [new branch]          H1205-web-creation      -> origin/H1205-web-creation
job-core	Checkout repository	2025-12-01T02:27:30.3465032Z  * [new branch]          H1224-new-module-mongodb -> origin/H1224-new-module-mongodb
job-core	Checkout repository	2025-12-01T02:27:30.3466036Z  * [new branch]          H1410-modulo-execution  -> origin/H1410-modulo-execution
job-core	Checkout repository	2025-12-01T02:27:30.3467009Z  * [new branch]          H1514-new-swarm-deployment-stack-with-actions-runners-autoscale -> origin/H1514-new-swarm-deployment-stack-with-actions-runners-autoscale
job-core	Checkout repository	2025-12-01T02:27:30.3468338Z  * [new branch]          H1968-modulo-personalizaciÃ³n-del-portal-de-kaos-core -> origin/H1968-modulo-personalizaciÃ³n-del-portal-de-kaos-core
job-core	Checkout repository	2025-12-01T02:27:30.3469174Z  * [new branch]          H215-modulo-de-summary  -> origin/H215-modulo-de-summary
job-core	Checkout repository	2025-12-01T02:27:30.3469889Z  * [new branch]          H220-web-de-resultados  -> origin/H220-web-de-resultados
job-core	Checkout repository	2025-12-01T02:27:30.3470747Z  * [new branch]          H227-despliegue-de-kube-independiente-del-clouder -> origin/H227-despliegue-de-kube-independiente-del-clouder
job-core	Checkout repository	2025-12-01T02:27:30.3471680Z  * [new branch]          H306-ficheros-de-estadisticas -> origin/H306-ficheros-de-estadisticas
job-core	Checkout repository	2025-12-01T02:27:30.3472768Z  * [new branch]          H328-documentacion-modulo-principal-de-kaos -> origin/H328-documentacion-modulo-principal-de-kaos
job-core	Checkout repository	2025-12-01T02:27:30.3473728Z  * [new branch]          H329-documentacion-metodologia-de-kaos -> origin/H329-documentacion-metodologia-de-kaos
job-core	Checkout repository	2025-12-01T02:27:30.3474839Z  * [new branch]          H338-relanzador-de-jobs-en-caso-de-pattern -> origin/H338-relanzador-de-jobs-en-caso-de-pattern
job-core	Checkout repository	2025-12-01T02:27:30.3475748Z  * [new branch]          H38-documentacion-basica-del-proyecto -> origin/H38-documentacion-basica-del-proyecto
job-core	Checkout repository	2025-12-01T02:27:30.3476860Z  * [new branch]          H44-creaciÃ³n-mÃ³dulo-versionado -> origin/H44-creaciÃ³n-mÃ³dulo-versionado
job-core	Checkout repository	2025-12-01T02:27:30.3477660Z  * [new branch]          RN1149-desarrollo-de-orchestrator -> origin/RN1149-desarrollo-de-orchestrator
job-core	Checkout repository	2025-12-01T02:27:30.3478546Z  * [new branch]          RN1183-personalizaciÃ³n-mÃ³dulo-finops -> origin/RN1183-personalizaciÃ³n-mÃ³dulo-finops
job-core	Checkout repository	2025-12-01T02:27:30.3479778Z  * [new branch]          RN1282-ka0s-error-detected-in-ka0s-workflow-statistics-summary -> origin/RN1282-ka0s-error-detected-in-ka0s-workflow-statistics-summary
job-core	Checkout repository	2025-12-01T02:27:30.3480896Z  * [new branch]          RN220-web-de-resultados -> origin/RN220-web-de-resultados
job-core	Checkout repository	2025-12-01T02:27:30.3481771Z  * [new branch]          RN227-despliegue-de-kube-independiente-del-clouder -> origin/RN227-despliegue-de-kube-independiente-del-clouder
job-core	Checkout repository	2025-12-01T02:27:30.3482763Z  * [new branch]          RN329-documentacion-metodologia-de-kaos -> origin/RN329-documentacion-metodologia-de-kaos
job-core	Checkout repository	2025-12-01T02:27:30.3483431Z  * [new branch]          main                    -> origin/main
job-core	Checkout repository	2025-12-01T02:27:30.3483866Z  * [new tag]             0.0.0                   -> 0.0.0
job-core	Checkout repository	2025-12-01T02:27:30.3484430Z  * [new tag]             0.0.1                   -> 0.0.1
job-core	Checkout repository	2025-12-01T02:27:30.3484838Z  * [new tag]             0.0.10                  -> 0.0.10
job-core	Checkout repository	2025-12-01T02:27:30.3485245Z  * [new tag]             0.0.100                 -> 0.0.100
job-core	Checkout repository	2025-12-01T02:27:30.3485670Z  * [new tag]             0.0.101                 -> 0.0.101
job-core	Checkout repository	2025-12-01T02:27:30.3486094Z  * [new tag]             0.0.102                 -> 0.0.102
job-core	Checkout repository	2025-12-01T02:27:30.3486498Z  * [new tag]             0.0.103                 -> 0.0.103
job-core	Checkout repository	2025-12-01T02:27:30.3486902Z  * [new tag]             0.0.104                 -> 0.0.104
job-core	Checkout repository	2025-12-01T02:27:30.3487302Z  * [new tag]             0.0.105                 -> 0.0.105
job-core	Checkout repository	2025-12-01T02:27:30.3487826Z  * [new tag]             0.0.106                 -> 0.0.106
job-core	Checkout repository	2025-12-01T02:27:30.3488220Z  * [new tag]             0.0.107                 -> 0.0.107
job-core	Checkout repository	2025-12-01T02:27:30.3488609Z  * [new tag]             0.0.108                 -> 0.0.108
job-core	Checkout repository	2025-12-01T02:27:30.3489000Z  * [new tag]             0.0.109                 -> 0.0.109
job-core	Checkout repository	2025-12-01T02:27:30.3489389Z  * [new tag]             0.0.11                  -> 0.0.11
job-core	Checkout repository	2025-12-01T02:27:30.3489789Z  * [new tag]             0.0.110                 -> 0.0.110
job-core	Checkout repository	2025-12-01T02:27:30.3490201Z  * [new tag]             0.0.111                 -> 0.0.111
job-core	Checkout repository	2025-12-01T02:27:30.3490940Z  * [new tag]             0.0.112                 -> 0.0.112
job-core	Checkout repository	2025-12-01T02:27:30.3491363Z  * [new tag]             0.0.113                 -> 0.0.113
job-core	Checkout repository	2025-12-01T02:27:30.3491772Z  * [new tag]             0.0.114                 -> 0.0.114
job-core	Checkout repository	2025-12-01T02:27:30.3492182Z  * [new tag]             0.0.115                 -> 0.0.115
job-core	Checkout repository	2025-12-01T02:27:30.3492597Z  * [new tag]             0.0.116                 -> 0.0.116
job-core	Checkout repository	2025-12-01T02:27:30.3493016Z  * [new tag]             0.0.117                 -> 0.0.117
job-core	Checkout repository	2025-12-01T02:27:30.3493430Z  * [new tag]             0.0.118                 -> 0.0.118
job-core	Checkout repository	2025-12-01T02:27:30.3493848Z  * [new tag]             0.0.119                 -> 0.0.119
job-core	Checkout repository	2025-12-01T02:27:30.3494502Z  * [new tag]             0.0.12                  -> 0.0.12
job-core	Checkout repository	2025-12-01T02:27:30.3494946Z  * [new tag]             0.0.120                 -> 0.0.120
job-core	Checkout repository	2025-12-01T02:27:30.3495356Z  * [new tag]             0.0.121                 -> 0.0.121
job-core	Checkout repository	2025-12-01T02:27:30.3495930Z  * [new tag]             0.0.122                 -> 0.0.122
job-core	Checkout repository	2025-12-01T02:27:30.3496377Z  * [new tag]             0.0.123                 -> 0.0.123
job-core	Checkout repository	2025-12-01T02:27:30.3496855Z  * [new tag]             0.0.124                 -> 0.0.124
job-core	Checkout repository	2025-12-01T02:27:30.3497278Z  * [new tag]             0.0.125                 -> 0.0.125
job-core	Checkout repository	2025-12-01T02:27:30.3497694Z  * [new tag]             0.0.126                 -> 0.0.126
job-core	Checkout repository	2025-12-01T02:27:30.3498105Z  * [new tag]             0.0.127                 -> 0.0.127
job-core	Checkout repository	2025-12-01T02:27:30.3498523Z  * [new tag]             0.0.128                 -> 0.0.128
job-core	Checkout repository	2025-12-01T02:27:30.3498937Z  * [new tag]             0.0.129                 -> 0.0.129
job-core	Checkout repository	2025-12-01T02:27:30.3499348Z  * [new tag]             0.0.13                  -> 0.0.13
job-core	Checkout repository	2025-12-01T02:27:30.3499760Z  * [new tag]             0.0.130                 -> 0.0.130
job-core	Checkout repository	2025-12-01T02:27:30.3500173Z  * [new tag]             0.0.131                 -> 0.0.131
job-core	Checkout repository	2025-12-01T02:27:30.3500594Z  * [new tag]             0.0.132                 -> 0.0.132
job-core	Checkout repository	2025-12-01T02:27:30.3501024Z  * [new tag]             0.0.133                 -> 0.0.133
job-core	Checkout repository	2025-12-01T02:27:30.3501436Z  * [new tag]             0.0.134                 -> 0.0.134
job-core	Checkout repository	2025-12-01T02:27:30.3501856Z  * [new tag]             0.0.135                 -> 0.0.135
job-core	Checkout repository	2025-12-01T02:27:30.3502266Z  * [new tag]             0.0.136                 -> 0.0.136
job-core	Checkout repository	2025-12-01T02:27:30.3502689Z  * [new tag]             0.0.137                 -> 0.0.137
job-core	Checkout repository	2025-12-01T02:27:30.3503102Z  * [new tag]             0.0.138                 -> 0.0.138
job-core	Checkout repository	2025-12-01T02:27:30.3503515Z  * [new tag]             0.0.139                 -> 0.0.139
job-core	Checkout repository	2025-12-01T02:27:30.3503929Z  * [new tag]             0.0.14                  -> 0.0.14
job-core	Checkout repository	2025-12-01T02:27:30.3504400Z  * [new tag]             0.0.140                 -> 0.0.140
job-core	Checkout repository	2025-12-01T02:27:30.3504810Z  * [new tag]             0.0.141                 -> 0.0.141
job-core	Checkout repository	2025-12-01T02:27:30.3505225Z  * [new tag]             0.0.142                 -> 0.0.142
job-core	Checkout repository	2025-12-01T02:27:30.3524504Z  * [new tag]             0.0.143                 -> 0.0.143
job-core	Checkout repository	2025-12-01T02:27:30.3525260Z  * [new tag]             0.0.144                 -> 0.0.144
job-core	Checkout repository	2025-12-01T02:27:30.3525686Z  * [new tag]             0.0.145                 -> 0.0.145
job-core	Checkout repository	2025-12-01T02:27:30.3526099Z  * [new tag]             0.0.146                 -> 0.0.146
job-core	Checkout repository	2025-12-01T02:27:30.3526518Z  * [new tag]             0.0.147                 -> 0.0.147
job-core	Checkout repository	2025-12-01T02:27:30.3527053Z  * [new tag]             0.0.148                 -> 0.0.148
job-core	Checkout repository	2025-12-01T02:27:30.3527463Z  * [new tag]             0.0.149                 -> 0.0.149
job-core	Checkout repository	2025-12-01T02:27:30.3527882Z  * [new tag]             0.0.15                  -> 0.0.15
job-core	Checkout repository	2025-12-01T02:27:30.3528291Z  * [new tag]             0.0.150                 -> 0.0.150
job-core	Checkout repository	2025-12-01T02:27:30.3528706Z  * [new tag]             0.0.151                 -> 0.0.151
job-core	Checkout repository	2025-12-01T02:27:30.3529107Z  * [new tag]             0.0.152                 -> 0.0.152
job-core	Checkout repository	2025-12-01T02:27:30.3529553Z  * [new tag]             0.0.153                 -> 0.0.153
job-core	Checkout repository	2025-12-01T02:27:30.3530196Z  * [new tag]             0.0.154                 -> 0.0.154
job-core	Checkout repository	2025-12-01T02:27:30.3530597Z  * [new tag]             0.0.155                 -> 0.0.155
job-core	Checkout repository	2025-12-01T02:27:30.3530997Z  * [new tag]             0.0.156                 -> 0.0.156
job-core	Checkout repository	2025-12-01T02:27:30.3531391Z  * [new tag]             0.0.157                 -> 0.0.157
job-core	Checkout repository	2025-12-01T02:27:30.3531789Z  * [new tag]             0.0.158                 -> 0.0.158
job-core	Checkout repository	2025-12-01T02:27:30.3532194Z  * [new tag]             0.0.159                 -> 0.0.159
job-core	Checkout repository	2025-12-01T02:27:30.3532596Z  * [new tag]             0.0.16                  -> 0.0.16
job-core	Checkout repository	2025-12-01T02:27:30.3532999Z  * [new tag]             0.0.160                 -> 0.0.160
job-core	Checkout repository	2025-12-01T02:27:30.3533396Z  * [new tag]             0.0.161                 -> 0.0.161
job-core	Checkout repository	2025-12-01T02:27:30.3533795Z  * [new tag]             0.0.162                 -> 0.0.162
job-core	Checkout repository	2025-12-01T02:27:30.3534263Z  * [new tag]             0.0.163                 -> 0.0.163
job-core	Checkout repository	2025-12-01T02:27:30.3535116Z  * [new tag]             0.0.164                 -> 0.0.164
job-core	Checkout repository	2025-12-01T02:27:30.3535527Z  * [new tag]             0.0.165                 -> 0.0.165
job-core	Checkout repository	2025-12-01T02:27:30.3535925Z  * [new tag]             0.0.166                 -> 0.0.166
job-core	Checkout repository	2025-12-01T02:27:30.3536361Z  * [new tag]             0.0.167                 -> 0.0.167
job-core	Checkout repository	2025-12-01T02:27:30.3536807Z  * [new tag]             0.0.168                 -> 0.0.168
job-core	Checkout repository	2025-12-01T02:27:30.3537207Z  * [new tag]             0.0.169                 -> 0.0.169
job-core	Checkout repository	2025-12-01T02:27:30.3537611Z  * [new tag]             0.0.17                  -> 0.0.17
job-core	Checkout repository	2025-12-01T02:27:30.3538120Z  * [new tag]             0.0.170                 -> 0.0.170
job-core	Checkout repository	2025-12-01T02:27:30.3538503Z  * [new tag]             0.0.171                 -> 0.0.171
job-core	Checkout repository	2025-12-01T02:27:30.3538894Z  * [new tag]             0.0.172                 -> 0.0.172
job-core	Checkout repository	2025-12-01T02:27:30.3539281Z  * [new tag]             0.0.173                 -> 0.0.173
job-core	Checkout repository	2025-12-01T02:27:30.3539686Z  * [new tag]             0.0.174                 -> 0.0.174
job-core	Checkout repository	2025-12-01T02:27:30.3540075Z  * [new tag]             0.0.175                 -> 0.0.175
job-core	Checkout repository	2025-12-01T02:27:30.3540460Z  * [new tag]             0.0.176                 -> 0.0.176
job-core	Checkout repository	2025-12-01T02:27:30.3540837Z  * [new tag]             0.0.177                 -> 0.0.177
job-core	Checkout repository	2025-12-01T02:27:30.3541215Z  * [new tag]             0.0.178                 -> 0.0.178
job-core	Checkout repository	2025-12-01T02:27:30.3541593Z  * [new tag]             0.0.179                 -> 0.0.179
job-core	Checkout repository	2025-12-01T02:27:30.3541974Z  * [new tag]             0.0.18                  -> 0.0.18
job-core	Checkout repository	2025-12-01T02:27:30.3542352Z  * [new tag]             0.0.19                  -> 0.0.19
job-core	Checkout repository	2025-12-01T02:27:30.3542733Z  * [new tag]             0.0.2                   -> 0.0.2
job-core	Checkout repository	2025-12-01T02:27:30.3543110Z  * [new tag]             0.0.20                  -> 0.0.20
job-core	Checkout repository	2025-12-01T02:27:30.3543481Z  * [new tag]             0.0.21                  -> 0.0.21
job-core	Checkout repository	2025-12-01T02:27:30.3543857Z  * [new tag]             0.0.22                  -> 0.0.22
job-core	Checkout repository	2025-12-01T02:27:30.3544287Z  * [new tag]             0.0.23                  -> 0.0.23
job-core	Checkout repository	2025-12-01T02:27:30.3545229Z  * [new tag]             0.0.24                  -> 0.0.24
job-core	Checkout repository	2025-12-01T02:27:30.3545605Z  * [new tag]             0.0.25                  -> 0.0.25
job-core	Checkout repository	2025-12-01T02:27:30.3545984Z  * [new tag]             0.0.26                  -> 0.0.26
job-core	Checkout repository	2025-12-01T02:27:30.3546357Z  * [new tag]             0.0.27                  -> 0.0.27
job-core	Checkout repository	2025-12-01T02:27:30.3546729Z  * [new tag]             0.0.28                  -> 0.0.28
job-core	Checkout repository	2025-12-01T02:27:30.3547117Z  * [new tag]             0.0.29                  -> 0.0.29
job-core	Checkout repository	2025-12-01T02:27:30.3547497Z  * [new tag]             0.0.3                   -> 0.0.3
job-core	Checkout repository	2025-12-01T02:27:30.3547878Z  * [new tag]             0.0.30                  -> 0.0.30
job-core	Checkout repository	2025-12-01T02:27:30.3548257Z  * [new tag]             0.0.31                  -> 0.0.31
job-core	Checkout repository	2025-12-01T02:27:30.3548632Z  * [new tag]             0.0.32                  -> 0.0.32
job-core	Checkout repository	2025-12-01T02:27:30.3549018Z  * [new tag]             0.0.33                  -> 0.0.33
job-core	Checkout repository	2025-12-01T02:27:30.3549390Z  * [new tag]             0.0.34                  -> 0.0.34
job-core	Checkout repository	2025-12-01T02:27:30.3549922Z  * [new tag]             0.0.35                  -> 0.0.35
job-core	Checkout repository	2025-12-01T02:27:30.3550305Z  * [new tag]             0.0.36                  -> 0.0.36
job-core	Checkout repository	2025-12-01T02:27:30.3550683Z  * [new tag]             0.0.37                  -> 0.0.37
job-core	Checkout repository	2025-12-01T02:27:30.3551057Z  * [new tag]             0.0.38                  -> 0.0.38
job-core	Checkout repository	2025-12-01T02:27:30.3551584Z  * [new tag]             0.0.39                  -> 0.0.39
job-core	Checkout repository	2025-12-01T02:27:30.3551972Z  * [new tag]             0.0.4                   -> 0.0.4
job-core	Checkout repository	2025-12-01T02:27:30.3552349Z  * [new tag]             0.0.40                  -> 0.0.40
job-core	Checkout repository	2025-12-01T02:27:30.3552719Z  * [new tag]             0.0.41                  -> 0.0.41
job-core	Checkout repository	2025-12-01T02:27:30.3553099Z  * [new tag]             0.0.42                  -> 0.0.42
job-core	Checkout repository	2025-12-01T02:27:30.3553476Z  * [new tag]             0.0.43                  -> 0.0.43
job-core	Checkout repository	2025-12-01T02:27:30.3553999Z  * [new tag]             0.0.44                  -> 0.0.44
job-core	Checkout repository	2025-12-01T02:27:30.3554582Z  * [new tag]             0.0.45                  -> 0.0.45
job-core	Checkout repository	2025-12-01T02:27:30.3555091Z  * [new tag]             0.0.46                  -> 0.0.46
job-core	Checkout repository	2025-12-01T02:27:30.3555469Z  * [new tag]             0.0.47                  -> 0.0.47
job-core	Checkout repository	2025-12-01T02:27:30.3555845Z  * [new tag]             0.0.48                  -> 0.0.48
job-core	Checkout repository	2025-12-01T02:27:30.3556222Z  * [new tag]             0.0.49                  -> 0.0.49
job-core	Checkout repository	2025-12-01T02:27:30.3556598Z  * [new tag]             0.0.5                   -> 0.0.5
job-core	Checkout repository	2025-12-01T02:27:30.3556976Z  * [new tag]             0.0.50                  -> 0.0.50
job-core	Checkout repository	2025-12-01T02:27:30.3557354Z  * [new tag]             0.0.51                  -> 0.0.51
job-core	Checkout repository	2025-12-01T02:27:30.3557732Z  * [new tag]             0.0.52                  -> 0.0.52
job-core	Checkout repository	2025-12-01T02:27:30.3558111Z  * [new tag]             0.0.53                  -> 0.0.53
job-core	Checkout repository	2025-12-01T02:27:30.3558489Z  * [new tag]             0.0.54                  -> 0.0.54
job-core	Checkout repository	2025-12-01T02:27:30.3558876Z  * [new tag]             0.0.55                  -> 0.0.55
job-core	Checkout repository	2025-12-01T02:27:30.3559261Z  * [new tag]             0.0.56                  -> 0.0.56
job-core	Checkout repository	2025-12-01T02:27:30.3559640Z  * [new tag]             0.0.57                  -> 0.0.57
job-core	Checkout repository	2025-12-01T02:27:30.3560020Z  * [new tag]             0.0.58                  -> 0.0.58
job-core	Checkout repository	2025-12-01T02:27:30.3560396Z  * [new tag]             0.0.59                  -> 0.0.59
job-core	Checkout repository	2025-12-01T02:27:30.3560778Z  * [new tag]             0.0.6                   -> 0.0.6
job-core	Checkout repository	2025-12-01T02:27:30.3561158Z  * [new tag]             0.0.60                  -> 0.0.60
job-core	Checkout repository	2025-12-01T02:27:30.3561539Z  * [new tag]             0.0.61                  -> 0.0.61
job-core	Checkout repository	2025-12-01T02:27:30.3561914Z  * [new tag]             0.0.62                  -> 0.0.62
job-core	Checkout repository	2025-12-01T02:27:30.3562290Z  * [new tag]             0.0.63                  -> 0.0.63
job-core	Checkout repository	2025-12-01T02:27:30.3562665Z  * [new tag]             0.0.64                  -> 0.0.64
job-core	Checkout repository	2025-12-01T02:27:30.3563057Z  * [new tag]             0.0.65                  -> 0.0.65
job-core	Checkout repository	2025-12-01T02:27:30.3563439Z  * [new tag]             0.0.66                  -> 0.0.66
job-core	Checkout repository	2025-12-01T02:27:30.3563818Z  * [new tag]             0.0.67                  -> 0.0.67
job-core	Checkout repository	2025-12-01T02:27:30.3564232Z  * [new tag]             0.0.68                  -> 0.0.68
job-core	Checkout repository	2025-12-01T02:27:30.3564885Z  * [new tag]             0.0.69                  -> 0.0.69
job-core	Checkout repository	2025-12-01T02:27:30.3565265Z  * [new tag]             0.0.7                   -> 0.0.7
job-core	Checkout repository	2025-12-01T02:27:30.3565645Z  * [new tag]             0.0.70                  -> 0.0.70
job-core	Checkout repository	2025-12-01T02:27:30.3566025Z  * [new tag]             0.0.71                  -> 0.0.71
job-core	Checkout repository	2025-12-01T02:27:30.3566397Z  * [new tag]             0.0.72                  -> 0.0.72
job-core	Checkout repository	2025-12-01T02:27:30.3566777Z  * [new tag]             0.0.73                  -> 0.0.73
job-core	Checkout repository	2025-12-01T02:27:30.3567158Z  * [new tag]             0.0.74                  -> 0.0.74
job-core	Checkout repository	2025-12-01T02:27:30.3567534Z  * [new tag]             0.0.75                  -> 0.0.75
job-core	Checkout repository	2025-12-01T02:27:30.3567922Z  * [new tag]             0.0.76                  -> 0.0.76
job-core	Checkout repository	2025-12-01T02:27:30.3568428Z  * [new tag]             0.0.77                  -> 0.0.77
job-core	Checkout repository	2025-12-01T02:27:30.3568840Z  * [new tag]             0.0.78                  -> 0.0.78
job-core	Checkout repository	2025-12-01T02:27:30.3569220Z  * [new tag]             0.0.79                  -> 0.0.79
job-core	Checkout repository	2025-12-01T02:27:30.3569600Z  * [new tag]             0.0.8                   -> 0.0.8
job-core	Checkout repository	2025-12-01T02:27:30.3569974Z  * [new tag]             0.0.80                  -> 0.0.80
job-core	Checkout repository	2025-12-01T02:27:30.3570346Z  * [new tag]             0.0.81                  -> 0.0.81
job-core	Checkout repository	2025-12-01T02:27:30.3570726Z  * [new tag]             0.0.82                  -> 0.0.82
job-core	Checkout repository	2025-12-01T02:27:30.3571105Z  * [new tag]             0.0.83                  -> 0.0.83
job-core	Checkout repository	2025-12-01T02:27:30.3571483Z  * [new tag]             0.0.84                  -> 0.0.84
job-core	Checkout repository	2025-12-01T02:27:30.3571863Z  * [new tag]             0.0.85                  -> 0.0.85
job-core	Checkout repository	2025-12-01T02:27:30.3572238Z  * [new tag]             0.0.86                  -> 0.0.86
job-core	Checkout repository	2025-12-01T02:27:30.3572746Z  * [new tag]             0.0.87                  -> 0.0.87
job-core	Checkout repository	2025-12-01T02:27:30.3573129Z  * [new tag]             0.0.88                  -> 0.0.88
job-core	Checkout repository	2025-12-01T02:27:30.3573509Z  * [new tag]             0.0.89                  -> 0.0.89
job-core	Checkout repository	2025-12-01T02:27:30.3573889Z  * [new tag]             0.0.9                   -> 0.0.9
job-core	Checkout repository	2025-12-01T02:27:30.3574311Z  * [new tag]             0.0.90                  -> 0.0.90
job-core	Checkout repository	2025-12-01T02:27:30.3574961Z  * [new tag]             0.0.91                  -> 0.0.91
job-core	Checkout repository	2025-12-01T02:27:30.3575340Z  * [new tag]             0.0.92                  -> 0.0.92
job-core	Checkout repository	2025-12-01T02:27:30.3575719Z  * [new tag]             0.0.93                  -> 0.0.93
job-core	Checkout repository	2025-12-01T02:27:30.3576096Z  * [new tag]             0.0.94                  -> 0.0.94
job-core	Checkout repository	2025-12-01T02:27:30.3576471Z  * [new tag]             0.0.95                  -> 0.0.95
job-core	Checkout repository	2025-12-01T02:27:30.3576850Z  * [new tag]             0.0.96                  -> 0.0.96
job-core	Checkout repository	2025-12-01T02:27:30.3577235Z  * [new tag]             0.0.97                  -> 0.0.97
job-core	Checkout repository	2025-12-01T02:27:30.3577620Z  * [new tag]             0.0.98                  -> 0.0.98
job-core	Checkout repository	2025-12-01T02:27:30.3578269Z  * [new tag]             0.0.99                  -> 0.0.99
job-core	Checkout repository	2025-12-01T02:27:30.3578651Z  * [new tag]             0.1.0                   -> 0.1.0
job-core	Checkout repository	2025-12-01T02:27:30.3579029Z  * [new tag]             0.1.1                   -> 0.1.1
job-core	Checkout repository	2025-12-01T02:27:30.3579405Z  * [new tag]             0.2.0                   -> 0.2.0
job-core	Checkout repository	2025-12-01T02:27:30.3579778Z  * [new tag]             0.3.0                   -> 0.3.0
job-core	Checkout repository	2025-12-01T02:27:30.3580153Z  * [new tag]             0.3.1                   -> 0.3.1
job-core	Checkout repository	2025-12-01T02:27:30.3580531Z  * [new tag]             0.3.10                  -> 0.3.10
job-core	Checkout repository	2025-12-01T02:27:30.3580913Z  * [new tag]             0.3.11                  -> 0.3.11
job-core	Checkout repository	2025-12-01T02:27:30.3581287Z  * [new tag]             0.3.12                  -> 0.3.12
job-core	Checkout repository	2025-12-01T02:27:30.3581668Z  * [new tag]             0.3.13                  -> 0.3.13
job-core	Checkout repository	2025-12-01T02:27:30.3582052Z  * [new tag]             0.3.14                  -> 0.3.14
job-core	Checkout repository	2025-12-01T02:27:30.3582440Z  * [new tag]             0.3.15                  -> 0.3.15
job-core	Checkout repository	2025-12-01T02:27:30.3582816Z  * [new tag]             0.3.16                  -> 0.3.16
job-core	Checkout repository	2025-12-01T02:27:30.3583189Z  * [new tag]             0.3.17                  -> 0.3.17
job-core	Checkout repository	2025-12-01T02:27:30.3583568Z  * [new tag]             0.3.2                   -> 0.3.2
job-core	Checkout repository	2025-12-01T02:27:30.3583938Z  * [new tag]             0.3.3                   -> 0.3.3
job-core	Checkout repository	2025-12-01T02:27:30.3584499Z  * [new tag]             0.3.4                   -> 0.3.4
job-core	Checkout repository	2025-12-01T02:27:30.3585002Z  * [new tag]             0.3.5                   -> 0.3.5
job-core	Checkout repository	2025-12-01T02:27:30.3585379Z  * [new tag]             0.3.6                   -> 0.3.6
job-core	Checkout repository	2025-12-01T02:27:30.3585755Z  * [new tag]             0.3.7                   -> 0.3.7
job-core	Checkout repository	2025-12-01T02:27:30.3586135Z  * [new tag]             0.3.8                   -> 0.3.8
job-core	Checkout repository	2025-12-01T02:27:30.3586504Z  * [new tag]             0.3.9                   -> 0.3.9
job-core	Checkout repository	2025-12-01T02:27:30.3586894Z  * [new tag]             0.4.0                   -> 0.4.0
job-core	Checkout repository	2025-12-01T02:27:30.3587429Z  * [new tag]             0.4.1                   -> 0.4.1
job-core	Checkout repository	2025-12-01T02:27:30.3587808Z  * [new tag]             0.4.10                  -> 0.4.10
job-core	Checkout repository	2025-12-01T02:27:30.3588189Z  * [new tag]             0.4.2                   -> 0.4.2
job-core	Checkout repository	2025-12-01T02:27:30.3588563Z  * [new tag]             0.4.3                   -> 0.4.3
job-core	Checkout repository	2025-12-01T02:27:30.3588936Z  * [new tag]             0.4.4                   -> 0.4.4
job-core	Checkout repository	2025-12-01T02:27:30.3589304Z  * [new tag]             0.4.5                   -> 0.4.5
job-core	Checkout repository	2025-12-01T02:27:30.3589681Z  * [new tag]             0.4.6                   -> 0.4.6
job-core	Checkout repository	2025-12-01T02:27:30.3590061Z  * [new tag]             0.4.7                   -> 0.4.7
job-core	Checkout repository	2025-12-01T02:27:30.3590438Z  * [new tag]             0.4.8                   -> 0.4.8
job-core	Checkout repository	2025-12-01T02:27:30.3590816Z  * [new tag]             0.4.9                   -> 0.4.9
job-core	Checkout repository	2025-12-01T02:27:30.3801253Z [command]/usr/bin/git branch --list --remote origin/main
job-core	Checkout repository	2025-12-01T02:27:30.3865011Z   origin/main
job-core	Checkout repository	2025-12-01T02:27:30.3874793Z [command]/usr/bin/git rev-parse refs/remotes/origin/main
job-core	Checkout repository	2025-12-01T02:27:30.3901162Z 5f39d6a11f21d61f5921743680ef629ed937bbdb
job-core	Checkout repository	2025-12-01T02:27:30.3904519Z ##[endgroup]
job-core	Checkout repository	2025-12-01T02:27:30.3905007Z ##[group]Determining the checkout info
job-core	Checkout repository	2025-12-01T02:27:30.3906403Z ##[endgroup]
job-core	Checkout repository	2025-12-01T02:27:30.3912824Z [command]/usr/bin/git sparse-checkout disable
job-core	Checkout repository	2025-12-01T02:27:30.3967354Z [command]/usr/bin/git config --local --unset-all extensions.worktreeConfig
job-core	Checkout repository	2025-12-01T02:27:30.3998269Z ##[group]Checking out the ref
job-core	Checkout repository	2025-12-01T02:27:30.4004359Z [command]/usr/bin/git checkout --progress --force -B main refs/remotes/origin/main
job-core	Checkout repository	2025-12-01T02:27:31.1768446Z Switched to a new branch 'main'
job-core	Checkout repository	2025-12-01T02:27:31.1771634Z branch 'main' set up to track 'origin/main'.
job-core	Checkout repository	2025-12-01T02:27:31.1859052Z ##[endgroup]
job-core	Checkout repository	2025-12-01T02:27:31.1910240Z [command]/usr/bin/git log -1 --format=%H
job-core	Checkout repository	2025-12-01T02:27:31.1939254Z 5f39d6a11f21d61f5921743680ef629ed937bbdb
job-core	Commit and push changes	ï»¿2025-12-01T02:27:31.2149941Z ##[group]Run git config --global user.name "***"
job-core	Commit and push changes	2025-12-01T02:27:31.2150513Z [36;1mgit config --global user.name "***"[0m
job-core	Commit and push changes	2025-12-01T02:27:31.2150896Z [36;1mgit config --global user.email "***"[0m
job-core	Commit and push changes	2025-12-01T02:27:31.2151201Z [36;1mgit pull --rebase[0m
job-core	Commit and push changes	2025-12-01T02:27:31.2163959Z shell: /usr/bin/bash -e {0}
job-core	Commit and push changes	2025-12-01T02:27:31.2164521Z env:
job-core	Commit and push changes	2025-12-01T02:27:31.2164716Z   KAOS_CODE: 19809213998
job-core	Commit and push changes	2025-12-01T02:27:31.2164949Z   KAOS_EVENT_NAME: schedule
job-core	Commit and push changes	2025-12-01T02:27:31.2165183Z   KAOS_ACTION: 
job-core	Commit and push changes	2025-12-01T02:27:31.2165387Z   KAOS_REF: refs/heads/main
job-core	Commit and push changes	2025-12-01T02:27:31.2165655Z   KAOS_MODULE: [Ka0S] Workflow Statistics Summary
job-core	Commit and push changes	2025-12-01T02:27:31.2165976Z   KAOS_PATH_RESUME: audit/workflows/
job-core	Commit and push changes	2025-12-01T02:27:31.2166241Z   KAOS_ACTOR: santakloud
job-core	Commit and push changes	2025-12-01T02:27:31.2166470Z   GH_REPO: Ka0s-Klaus/ka0s
job-core	Commit and push changes	2025-12-01T02:27:31.2166695Z ##[endgroup]
job-core	Commit and push changes	2025-12-01T02:27:32.1627148Z Already up to date.
job-core	Post Checkout repository	ï»¿2025-12-01T02:27:32.1801242Z Post job cleanup.
job-core	Post Checkout repository	2025-12-01T02:27:32.2819792Z [command]/usr/bin/git version
job-core	Post Checkout repository	2025-12-01T02:27:32.2856602Z git version 2.51.0
job-core	Post Checkout repository	2025-12-01T02:27:32.2896658Z Copying '/home/runner/.gitconfig' to '/home/runner/_work/_temp/283e2cdd-e67d-477e-a800-5e01a411f516/.gitconfig'
job-core	Post Checkout repository	2025-12-01T02:27:32.2909394Z Temporarily overriding HOME='/home/runner/_work/_temp/283e2cdd-e67d-477e-a800-5e01a411f516' before making global git config changes
job-core	Post Checkout repository	2025-12-01T02:27:32.2910318Z Adding repository directory to the temporary git global config as a safe directory
job-core	Post Checkout repository	2025-12-01T02:27:32.2914708Z [command]/usr/bin/git config --global --add safe.directory /home/runner/_work/ka0s/ka0s
job-core	Post Checkout repository	2025-12-01T02:27:32.2954168Z [command]/usr/bin/git config --local --name-only --get-regexp core\.sshCommand
job-core	Post Checkout repository	2025-12-01T02:27:32.3003233Z [command]/usr/bin/git submodule foreach --recursive sh -c "git config --local --name-only --get-regexp 'core\.sshCommand' && git config --local --unset-all 'core.sshCommand' || :"
job-core	Post Checkout repository	2025-12-01T02:27:32.3271666Z [command]/usr/bin/git config --local --name-only --get-regexp http\.https\:\/\/github\.com\/\.extraheader
job-core	Post Checkout repository	2025-12-01T02:27:32.3296496Z http.https://github.com/.extraheader
job-core	Post Checkout repository	2025-12-01T02:27:32.3309257Z [command]/usr/bin/git config --local --unset-all http.https://github.com/.extraheader
job-core	Post Checkout repository	2025-12-01T02:27:32.3344648Z [command]/usr/bin/git submodule foreach --recursive sh -c "git config --local --name-only --get-regexp 'http\.https\:\/\/github\.com\/\.extraheader' && git config --local --unset-all 'http.https://github.com/.extraheader' || :"
job-core	Post Checkout repository	2025-12-01T02:27:32.3604168Z [command]/usr/bin/git config --local --name-only --get-regexp ^includeIf\.gitdir:
job-core	Post Checkout repository	2025-12-01T02:27:32.3639987Z [command]/usr/bin/git submodule foreach --recursive git config --local --show-origin --name-only --get-regexp remote.origin.url
job-core	Complete job	ï»¿2025-12-01T02:27:32.4015919Z Cleaning up orphan processes
job-stats	Set up job	ï»¿2025-12-01T02:27:37.9785445Z Current runner version: '2.329.0'
job-stats	Set up job	2025-12-01T02:27:37.9794070Z Runner name: '058db77e7138'
job-stats	Set up job	2025-12-01T02:27:37.9795156Z Runner group name: 'swarm-runners'
job-stats	Set up job	2025-12-01T02:27:37.9796329Z Machine name: '058db77e7138'
job-stats	Set up job	2025-12-01T02:27:37.9799797Z ##[group]GITHUB_TOKEN Permissions
job-stats	Set up job	2025-12-01T02:27:37.9802712Z Actions: write
job-stats	Set up job	2025-12-01T02:27:37.9803499Z Contents: write
job-stats	Set up job	2025-12-01T02:27:37.9804067Z Issues: write
job-stats	Set up job	2025-12-01T02:27:37.9804810Z Metadata: read
job-stats	Set up job	2025-12-01T02:27:37.9805399Z ##[endgroup]
job-stats	Set up job	2025-12-01T02:27:37.9807641Z Secret source: Actions
job-stats	Set up job	2025-12-01T02:27:37.9808340Z Prepare workflow directory
job-stats	Set up job	2025-12-01T02:27:38.0451016Z Prepare all required actions
job-stats	Set up job	2025-12-01T02:27:38.0491643Z Getting action download info
job-stats	Set up job	2025-12-01T02:27:38.6763287Z Download action repository 'actions/checkout@v4' (SHA:34e114876b0b11c390a56381ad16ebd13914f8d5)
job-stats	Set up job	2025-12-01T02:27:39.7465250Z Complete job name: job-stats
job-stats	Checkout	ï»¿2025-12-01T02:27:39.8120362Z ##[group]Run actions/checkout@v4
job-stats	Checkout	2025-12-01T02:27:39.8121385Z with:
job-stats	Checkout	2025-12-01T02:27:39.8121915Z   fetch-depth: 0
job-stats	Checkout	2025-12-01T02:27:39.8122682Z   token: ***
job-stats	Checkout	2025-12-01T02:27:39.8123183Z   repository: Ka0s-Klaus/ka0s
job-stats	Checkout	2025-12-01T02:27:39.8123748Z   ssh-strict: true
job-stats	Checkout	2025-12-01T02:27:39.8124489Z   ssh-user: git
job-stats	Checkout	2025-12-01T02:27:39.8125233Z   persist-credentials: true
job-stats	Checkout	2025-12-01T02:27:39.8125757Z   clean: true
job-stats	Checkout	2025-12-01T02:27:39.8126234Z   sparse-checkout-cone-mode: true
job-stats	Checkout	2025-12-01T02:27:39.8126806Z   fetch-tags: false
job-stats	Checkout	2025-12-01T02:27:39.8127283Z   show-progress: true
job-stats	Checkout	2025-12-01T02:27:39.8127764Z   lfs: false
job-stats	Checkout	2025-12-01T02:27:39.8128202Z   submodules: false
job-stats	Checkout	2025-12-01T02:27:39.8128710Z   set-safe-directory: true
job-stats	Checkout	2025-12-01T02:27:39.8129481Z env:
job-stats	Checkout	2025-12-01T02:27:39.8129953Z   KAOS_CODE: 19809213998
job-stats	Checkout	2025-12-01T02:27:39.8130471Z   KAOS_EVENT_NAME: schedule
job-stats	Checkout	2025-12-01T02:27:39.8130983Z   KAOS_ACTION: 
job-stats	Checkout	2025-12-01T02:27:39.8131438Z   KAOS_REF: refs/heads/main
job-stats	Checkout	2025-12-01T02:27:39.8132028Z   KAOS_MODULE: [Ka0S] Workflow Statistics Summary
job-stats	Checkout	2025-12-01T02:27:39.8132736Z   KAOS_PATH_RESUME: audit/workflows/
job-stats	Checkout	2025-12-01T02:27:39.8133326Z   KAOS_ACTOR: santakloud
job-stats	Checkout	2025-12-01T02:27:39.8133844Z   GH_REPO: Ka0s-Klaus/ka0s
job-stats	Checkout	2025-12-01T02:27:39.8135032Z   GH_TOKEN: ***
job-stats	Checkout	2025-12-01T02:27:39.8135494Z ##[endgroup]
job-stats	Checkout	2025-12-01T02:27:39.9286769Z Syncing repository: Ka0s-Klaus/ka0s
job-stats	Checkout	2025-12-01T02:27:39.9288841Z ##[group]Getting Git version info
job-stats	Checkout	2025-12-01T02:27:39.9289623Z Working directory is '/home/runner/_work/ka0s/ka0s'
job-stats	Checkout	2025-12-01T02:27:39.9290727Z [command]/usr/bin/git version
job-stats	Checkout	2025-12-01T02:27:39.9291292Z git version 2.51.0
job-stats	Checkout	2025-12-01T02:27:39.9311535Z ##[endgroup]
job-stats	Checkout	2025-12-01T02:27:39.9318961Z Copying '/home/runner/.gitconfig' to '/home/runner/_work/_temp/625d529d-bba9-41b8-abf4-3979b67c45fd/.gitconfig'
job-stats	Checkout	2025-12-01T02:27:39.9335734Z Temporarily overriding HOME='/home/runner/_work/_temp/625d529d-bba9-41b8-abf4-3979b67c45fd' before making global git config changes
job-stats	Checkout	2025-12-01T02:27:39.9339032Z Adding repository directory to the temporary git global config as a safe directory
job-stats	Checkout	2025-12-01T02:27:39.9341776Z [command]/usr/bin/git config --global --add safe.directory /home/runner/_work/ka0s/ka0s
job-stats	Checkout	2025-12-01T02:27:39.9385554Z [command]/usr/bin/git config --local --get remote.origin.url
job-stats	Checkout	2025-12-01T02:27:39.9416996Z https://github.com/Ka0s-Klaus/ka0s
job-stats	Checkout	2025-12-01T02:27:39.9440210Z ##[group]Removing previously created refs, to avoid conflicts
job-stats	Checkout	2025-12-01T02:27:39.9443433Z [command]/usr/bin/git rev-parse --symbolic-full-name --verify --quiet HEAD
job-stats	Checkout	2025-12-01T02:27:39.9472156Z refs/heads/main
job-stats	Checkout	2025-12-01T02:27:39.9503378Z [command]/usr/bin/git checkout --detach
job-stats	Checkout	2025-12-01T02:27:40.3043352Z HEAD is now at 5f39d6a11 [Ka0S] Uploading Autom add docs to MongoDB...
job-stats	Checkout	2025-12-01T02:27:40.3102727Z [command]/usr/bin/git branch --delete --force main
job-stats	Checkout	2025-12-01T02:27:40.3128940Z Deleted branch main (was 5f39d6a11).
job-stats	Checkout	2025-12-01T02:27:40.3219277Z ##[endgroup]
job-stats	Checkout	2025-12-01T02:27:40.3221491Z [command]/usr/bin/git submodule status
job-stats	Checkout	2025-12-01T02:27:40.3500887Z ##[group]Cleaning the repository
job-stats	Checkout	2025-12-01T02:27:40.3505126Z [command]/usr/bin/git clean -ffdx
job-stats	Checkout	2025-12-01T02:27:40.3574793Z [command]/usr/bin/git reset --hard HEAD
job-stats	Checkout	2025-12-01T02:27:40.3658018Z HEAD is now at 5f39d6a11 [Ka0S] Uploading Autom add docs to MongoDB...
job-stats	Checkout	2025-12-01T02:27:40.3665407Z ##[endgroup]
job-stats	Checkout	2025-12-01T02:27:40.3666613Z ##[group]Disabling automatic garbage collection
job-stats	Checkout	2025-12-01T02:27:40.3672677Z [command]/usr/bin/git config --local gc.auto 0
job-stats	Checkout	2025-12-01T02:27:40.3703659Z ##[endgroup]
job-stats	Checkout	2025-12-01T02:27:40.3704745Z ##[group]Setting up auth
job-stats	Checkout	2025-12-01T02:27:40.3722273Z [command]/usr/bin/git config --local --name-only --get-regexp core\.sshCommand
job-stats	Checkout	2025-12-01T02:27:40.3757541Z [command]/usr/bin/git submodule foreach --recursive sh -c "git config --local --name-only --get-regexp 'core\.sshCommand' && git config --local --unset-all 'core.sshCommand' || :"
job-stats	Checkout	2025-12-01T02:27:40.4015491Z [command]/usr/bin/git config --local --name-only --get-regexp http\.https\:\/\/github\.com\/\.extraheader
job-stats	Checkout	2025-12-01T02:27:40.4051454Z [command]/usr/bin/git submodule foreach --recursive sh -c "git config --local --name-only --get-regexp 'http\.https\:\/\/github\.com\/\.extraheader' && git config --local --unset-all 'http.https://github.com/.extraheader' || :"
job-stats	Checkout	2025-12-01T02:27:40.4314364Z [command]/usr/bin/git config --local --name-only --get-regexp ^includeIf\.gitdir:
job-stats	Checkout	2025-12-01T02:27:40.4348107Z [command]/usr/bin/git submodule foreach --recursive git config --local --show-origin --name-only --get-regexp remote.origin.url
job-stats	Checkout	2025-12-01T02:27:40.4604716Z [command]/usr/bin/git config --local http.https://github.com/.extraheader AUTHORIZATION: basic ***
job-stats	Checkout	2025-12-01T02:27:40.4650514Z ##[endgroup]
job-stats	Checkout	2025-12-01T02:27:40.4651466Z ##[group]Fetching the repository
job-stats	Checkout	2025-12-01T02:27:40.4658640Z [command]/usr/bin/git -c protocol.version=2 fetch --prune --no-recurse-submodules origin +refs/heads/*:refs/remotes/origin/* +refs/tags/*:refs/tags/*
job-stats	Checkout	2025-12-01T02:27:40.9930946Z [command]/usr/bin/git branch --list --remote origin/main
job-stats	Checkout	2025-12-01T02:27:40.9989509Z   origin/main
job-stats	Checkout	2025-12-01T02:27:40.9998540Z [command]/usr/bin/git rev-parse refs/remotes/origin/main
job-stats	Checkout	2025-12-01T02:27:41.0040618Z 5f39d6a11f21d61f5921743680ef629ed937bbdb
job-stats	Checkout	2025-12-01T02:27:41.0044869Z ##[endgroup]
job-stats	Checkout	2025-12-01T02:27:41.0046667Z ##[group]Determining the checkout info
job-stats	Checkout	2025-12-01T02:27:41.0048335Z ##[endgroup]
job-stats	Checkout	2025-12-01T02:27:41.0051913Z [command]/usr/bin/git sparse-checkout disable
job-stats	Checkout	2025-12-01T02:27:41.0117584Z [command]/usr/bin/git config --local --unset-all extensions.worktreeConfig
job-stats	Checkout	2025-12-01T02:27:41.0149421Z ##[group]Checking out the ref
job-stats	Checkout	2025-12-01T02:27:41.0153887Z [command]/usr/bin/git checkout --progress --force -B main refs/remotes/origin/main
job-stats	Checkout	2025-12-01T02:27:41.0237431Z Switched to a new branch 'main'
job-stats	Checkout	2025-12-01T02:27:41.0239657Z branch 'main' set up to track 'origin/main'.
job-stats	Checkout	2025-12-01T02:27:41.0248468Z ##[endgroup]
job-stats	Checkout	2025-12-01T02:27:41.0289808Z [command]/usr/bin/git log -1 --format=%H
job-stats	Checkout	2025-12-01T02:27:41.0315820Z 5f39d6a11f21d61f5921743680ef629ed937bbdb
job-stats	Generate names	ï»¿2025-12-01T02:27:41.0620896Z ##[group]Run git config --global user.name "***"
job-stats	Generate names	2025-12-01T02:27:41.0622660Z [36;1mgit config --global user.name "***"[0m
job-stats	Generate names	2025-12-01T02:27:41.0624277Z [36;1mgit config --global user.email "***"[0m
job-stats	Generate names	2025-12-01T02:27:41.0626080Z [36;1mgit pull --rebase[0m
job-stats	Generate names	2025-12-01T02:27:41.0627140Z [36;1m[0m
job-stats	Generate names	2025-12-01T02:27:41.0628112Z [36;1m# Created files of actually workflows[0m
job-stats	Generate names	2025-12-01T02:27:41.0629592Z [36;1mecho "Created files of actually workflows"[0m
job-stats	Generate names	2025-12-01T02:27:41.0631256Z [36;1mgh workflow list -a --json id,name,path,state | \[0m
job-stats	Generate names	2025-12-01T02:27:41.0633296Z [36;1m  tee audit/workflows/actually-workflows.json | \[0m
job-stats	Generate names	2025-12-01T02:27:41.0636093Z [36;1m  jq -r '["id", "name", "path", "state"],(.[]? // [] | [.id,.name,.path,.state]) | @csv' > audit/workflows/actually-workflows.csv[0m
job-stats	Generate names	2025-12-01T02:27:41.0652425Z shell: /usr/bin/bash -e {0}
job-stats	Generate names	2025-12-01T02:27:41.0653561Z env:
job-stats	Generate names	2025-12-01T02:27:41.0654759Z   KAOS_CODE: 19809213998
job-stats	Generate names	2025-12-01T02:27:41.0655944Z   KAOS_EVENT_NAME: schedule
job-stats	Generate names	2025-12-01T02:27:41.0657059Z   KAOS_ACTION: 
job-stats	Generate names	2025-12-01T02:27:41.0657989Z   KAOS_REF: refs/heads/main
job-stats	Generate names	2025-12-01T02:27:41.0659572Z   KAOS_MODULE: [Ka0S] Workflow Statistics Summary
job-stats	Generate names	2025-12-01T02:27:41.0660975Z   KAOS_PATH_RESUME: audit/workflows/
job-stats	Generate names	2025-12-01T02:27:41.0662185Z   KAOS_ACTOR: santakloud
job-stats	Generate names	2025-12-01T02:27:41.0663249Z   GH_REPO: Ka0s-Klaus/ka0s
job-stats	Generate names	2025-12-01T02:27:41.0665210Z   GH_TOKEN: ***
job-stats	Generate names	2025-12-01T02:27:41.0666128Z ##[endgroup]
job-stats	Generate names	2025-12-01T02:27:41.6083098Z Already up to date.
job-stats	Generate names	2025-12-01T02:27:41.6089119Z Created files of actually workflows
job-stats	Generate names	2025-12-01T02:27:41.6261553Z unknown flag: --json
job-stats	Generate names	2025-12-01T02:27:41.6264480Z 
job-stats	Generate names	2025-12-01T02:27:41.6265136Z Usage:  gh workflow list [flags]
job-stats	Generate names	2025-12-01T02:27:41.6266143Z 
job-stats	Generate names	2025-12-01T02:27:41.6266581Z Flags:
job-stats	Generate names	2025-12-01T02:27:41.6268039Z   -a, --all         Show all workflows, including disabled workflows
job-stats	Generate names	2025-12-01T02:27:41.6270444Z   -L, --limit int   Maximum number of workflows to fetch (default 50)
job-stats	Generate names	2025-12-01T02:27:41.6272395Z   
job-stats	Generate executed	ï»¿2025-12-01T02:27:41.6494434Z ##[group]Run # Inicializar archivo si no existe
job-stats	Generate executed	2025-12-01T02:27:41.6496074Z [36;1m# Inicializar archivo si no existe[0m
job-stats	Generate executed	2025-12-01T02:27:41.6498619Z [36;1m[ -f "audit/workflows/workflows-runs-19809213998.json" ] || echo '[]' > "audit/workflows/workflows-runs-19809213998.json"[0m
job-stats	Generate executed	2025-12-01T02:27:41.6500872Z [36;1m[0m
job-stats	Generate executed	2025-12-01T02:27:41.6501918Z [36;1m# Mostramos el fichero del que tenemos que partir[0m
job-stats	Generate executed	2025-12-01T02:27:41.6503978Z [36;1mjq -r '.[].id' audit/workflows/actually-workflows.json | while read -r workflow_id; do[0m
job-stats	Generate executed	2025-12-01T02:27:41.6506212Z [36;1m  # 1. Obtener datos paginados[0m
job-stats	Generate executed	2025-12-01T02:27:41.6507352Z [36;1m  TEMP_RAW=$(mktemp)[0m
job-stats	Generate executed	2025-12-01T02:27:41.6508379Z [36;1m  gh api --paginate \[0m
job-stats	Generate executed	2025-12-01T02:27:41.6509569Z [36;1m    -H "Accept: application/vnd.github+json" \[0m
job-stats	Generate executed	2025-12-01T02:27:41.6511671Z [36;1m    -H "Authorization: ***" \[0m
job-stats	Generate executed	2025-12-01T02:27:41.6513418Z [36;1m    "/repos/Ka0s-Klaus/ka0s/actions/workflows/$workflow_id/runs?per_page=100" \[0m
job-stats	Generate executed	2025-12-01T02:27:41.6515756Z [36;1m    --jq '.workflow_runs' > "$TEMP_RAW"[0m
job-stats	Generate executed	2025-12-01T02:27:41.6516874Z [36;1m[0m
job-stats	Generate executed	2025-12-01T02:27:41.6517812Z [36;1m  # 2. Procesar con todos los campos requeridos[0m
job-stats	Generate executed	2025-12-01T02:27:41.6519083Z [36;1m  if [ -s "$TEMP_RAW" ]; then[0m
job-stats	Generate executed	2025-12-01T02:27:41.6520141Z [36;1m    jq -c 'map({[0m
job-stats	Generate executed	2025-12-01T02:27:41.6521033Z [36;1m      id,[0m
job-stats	Generate executed	2025-12-01T02:27:41.6521835Z [36;1m      name,[0m
job-stats	Generate executed	2025-12-01T02:27:41.6522685Z [36;1m      head_branch,[0m
job-stats	Generate executed	2025-12-01T02:27:41.6523626Z [36;1m      head_sha,[0m
job-stats	Generate executed	2025-12-01T02:27:41.6525004Z [36;1m      run_number,[0m
job-stats	Generate executed	2025-12-01T02:27:41.6525925Z [36;1m      event,[0m
job-stats	Generate executed	2025-12-01T02:27:41.6526764Z [36;1m      status,[0m
job-stats	Generate executed	2025-12-01T02:27:41.6527780Z [36;1m      conclusion: (.conclusion // "unknown"),[0m
job-stats	Generate executed	2025-12-01T02:27:41.6528979Z [36;1m      workflow_id,[0m
job-stats	Generate executed	2025-12-01T02:27:41.6529906Z [36;1m      url,[0m
job-stats	Generate executed	2025-12-01T02:27:41.6530959Z [36;1m      created_at: (.created_at | fromdateiso8601 // 0),[0m
job-stats	Generate executed	2025-12-01T02:27:41.6532474Z [36;1m      updated_at: (.updated_at | fromdateiso8601 // 0),[0m
job-stats	Generate executed	2025-12-01T02:27:41.6534033Z [36;1m      run_started_at: (.run_started_at | fromdateiso8601 // 0)[0m
job-stats	Generate executed	2025-12-01T02:27:41.6536032Z [36;1m    }) | select(. != null)' "$TEMP_RAW" > processed.json[0m
job-stats	Generate executed	2025-12-01T02:27:41.6537251Z [36;1m[0m
job-stats	Generate executed	2025-12-01T02:27:41.6538041Z [36;1m    # 3. CombinaciÃ³n segura[0m
job-stats	Generate executed	2025-12-01T02:27:41.6539154Z [36;1m    if [ -s processed.json ]; then[0m
job-stats	Generate executed	2025-12-01T02:27:41.6540464Z [36;1m      jq -s 'add | unique_by(.id) | sort_by(-.created_at)' \[0m
job-stats	Generate executed	2025-12-01T02:27:41.6541994Z [36;1m        audit/workflows/workflows-runs-19809213998.json \[0m
job-stats	Generate executed	2025-12-01T02:27:41.6543383Z [36;1m        processed.json > merged.json[0m
job-stats	Generate executed	2025-12-01T02:27:41.6544831Z [36;1m      [0m
job-stats	Generate executed	2025-12-01T02:27:41.6546421Z [36;1m      mv merged.json audit/workflows/workflows-runs-19809213998.json[0m
job-stats	Generate executed	2025-12-01T02:27:41.6548005Z [36;1m    fi[0m
job-stats	Generate executed	2025-12-01T02:27:41.6548795Z [36;1m  fi[0m
job-stats	Generate executed	2025-12-01T02:27:41.6549684Z [36;1m  rm -f "$TEMP_RAW" processed.json[0m
job-stats	Generate executed	2025-12-01T02:27:41.6551212Z [36;1mdone[0m
job-stats	Generate executed	2025-12-01T02:27:41.6551971Z [36;1m[0m
job-stats	Generate executed	2025-12-01T02:27:41.6553018Z [36;1m# 4. Generar output final[0m
job-stats	Generate executed	2025-12-01T02:27:41.6555769Z [36;1mjq 'sort_by(-.created_at)' audit/workflows/workflows-runs-19809213998.json > audit/workflows/actually-workflows-runs.json[0m
job-stats	Generate executed	2025-12-01T02:27:41.6557973Z [36;1mjq -r '[0m
job-stats	Generate executed	2025-12-01T02:27:41.6560049Z [36;1m  (["id", "name", "head_branch", "head_sha", "run_number", "event", "status", "conclusion", "workflow_id", "url", "created_at", "updated_at", "run_started_at"] | @csv),[0m
job-stats	Generate executed	2025-12-01T02:27:41.6562312Z [36;1m  (.[] | [[0m
job-stats	Generate executed	2025-12-01T02:27:41.6563106Z [36;1m    .id,[0m
job-stats	Generate executed	2025-12-01T02:27:41.6563870Z [36;1m    .name,[0m
job-stats	Generate executed	2025-12-01T02:27:41.6565108Z [36;1m    .head_branch,[0m
job-stats	Generate executed	2025-12-01T02:27:41.6566147Z [36;1m    .head_sha,[0m
job-stats	Generate executed	2025-12-01T02:27:41.6567020Z [36;1m    .run_number,[0m
job-stats	Generate executed	2025-12-01T02:27:41.6567889Z [36;1m    .event,[0m
job-stats	Generate executed	2025-12-01T02:27:41.6568702Z [36;1m    .status,[0m
job-stats	Generate executed	2025-12-01T02:27:41.6569761Z [36;1m    .conclusion,[0m
job-stats	Generate executed	2025-12-01T02:27:41.6570785Z [36;1m    .workflow_id,[0m
job-stats	Generate executed	2025-12-01T02:27:41.6571681Z [36;1m    .url,[0m
job-stats	Generate executed	2025-12-01T02:27:41.6572474Z [36;1m    .created_at,[0m
job-stats	Generate executed	2025-12-01T02:27:41.6573358Z [36;1m    .updated_at,[0m
job-stats	Generate executed	2025-12-01T02:27:41.6574277Z [36;1m    .run_started_at[0m
job-stats	Generate executed	2025-12-01T02:27:41.6575464Z [36;1m  ] | @csv)[0m
job-stats	Generate executed	2025-12-01T02:27:41.6577094Z [36;1m' audit/workflows/actually-workflows-runs.json > audit/workflows/actually-workflows-runs.csv[0m
job-stats	Generate executed	2025-12-01T02:27:41.6588648Z shell: /usr/bin/bash -e {0}
job-stats	Generate executed	2025-12-01T02:27:41.6589603Z env:
job-stats	Generate executed	2025-12-01T02:27:41.6590423Z   KAOS_CODE: 19809213998
job-stats	Generate executed	2025-12-01T02:27:41.6591340Z   KAOS_EVENT_NAME: schedule
job-stats	Generate executed	2025-12-01T02:27:41.6592245Z   KAOS_ACTION: 
job-stats	Generate executed	2025-12-01T02:27:41.6593048Z   KAOS_REF: refs/heads/main
job-stats	Generate executed	2025-12-01T02:27:41.6594093Z   KAOS_MODULE: [Ka0S] Workflow Statistics Summary
job-stats	Generate executed	2025-12-01T02:27:41.6595408Z   KAOS_PATH_RESUME: audit/workflows/
job-stats	Generate executed	2025-12-01T02:27:41.6596455Z   KAOS_ACTOR: santakloud
job-stats	Generate executed	2025-12-01T02:27:41.6597370Z   GH_REPO: Ka0s-Klaus/ka0s
job-stats	Generate executed	2025-12-01T02:27:41.6598654Z   GH_TOKEN: ***
job-stats	Generate executed	2025-12-01T02:27:41.6599460Z ##[endgroup]
handle_failure	Set up job	ï»¿2025-12-01T02:37:39.9786308Z Current runner version: '2.328.0'
handle_failure	Set up job	2025-12-01T02:37:39.9794383Z Runner name: '5f54b7833979'
handle_failure	Set up job	2025-12-01T02:37:39.9795419Z Runner group name: 'swarm-runners'
handle_failure	Set up job	2025-12-01T02:37:39.9796657Z Machine name: '5f54b7833979'
handle_failure	Set up job	2025-12-01T02:37:39.9800173Z ##[group]GITHUB_TOKEN Permissions
handle_failure	Set up job	2025-12-01T02:37:39.9803015Z Actions: write
handle_failure	Set up job	2025-12-01T02:37:39.9803677Z Contents: write
handle_failure	Set up job	2025-12-01T02:37:39.9804411Z Issues: write
handle_failure	Set up job	2025-12-01T02:37:39.9805330Z Metadata: read
handle_failure	Set up job	2025-12-01T02:37:39.9805885Z ##[endgroup]
handle_failure	Set up job	2025-12-01T02:37:39.9808311Z Secret source: Actions
handle_failure	Set up job	2025-12-01T02:37:39.9809197Z Prepare workflow directory
handle_failure	Set up job	2025-12-01T02:37:40.0400792Z Prepare all required actions
handle_failure	Set up job	2025-12-01T02:37:40.0440365Z Getting action download info
handle_failure	Set up job	2025-12-01T02:37:40.6754423Z Download action repository 'actions/checkout@v4' (SHA:34e114876b0b11c390a56381ad16ebd13914f8d5)
handle_failure	Set up job	2025-12-01T02:37:41.5127188Z Complete job name: handle_failure
handle_failure	Checkout code	ï»¿2025-12-01T02:37:41.5691331Z ##[group]Run actions/checkout@v4
handle_failure	Checkout code	2025-12-01T02:37:41.5692367Z with:
handle_failure	Checkout code	2025-12-01T02:37:41.5692842Z   fetch-depth: 0
handle_failure	Checkout code	2025-12-01T02:37:41.5693523Z   token: ***
handle_failure	Checkout code	2025-12-01T02:37:41.5693926Z   repository: Ka0s-Klaus/ka0s
handle_failure	Checkout code	2025-12-01T02:37:41.5694527Z   ssh-strict: true
handle_failure	Checkout code	2025-12-01T02:37:41.5694929Z   ssh-user: git
handle_failure	Checkout code	2025-12-01T02:37:41.5695342Z   persist-credentials: true
handle_failure	Checkout code	2025-12-01T02:37:41.5695807Z   clean: true
handle_failure	Checkout code	2025-12-01T02:37:41.5696247Z   sparse-checkout-cone-mode: true
handle_failure	Checkout code	2025-12-01T02:37:41.5696745Z   fetch-tags: false
handle_failure	Checkout code	2025-12-01T02:37:41.5697158Z   show-progress: true
handle_failure	Checkout code	2025-12-01T02:37:41.5697565Z   lfs: false
handle_failure	Checkout code	2025-12-01T02:37:41.5697953Z   submodules: false
handle_failure	Checkout code	2025-12-01T02:37:41.5698381Z   set-safe-directory: true
handle_failure	Checkout code	2025-12-01T02:37:41.5699140Z env:
handle_failure	Checkout code	2025-12-01T02:37:41.5699640Z   KAOS_CODE: 19809213998
handle_failure	Checkout code	2025-12-01T02:37:41.5700066Z   KAOS_EVENT_NAME: schedule
handle_failure	Checkout code	2025-12-01T02:37:41.5700644Z   KAOS_ACTION: 
handle_failure	Checkout code	2025-12-01T02:37:41.5701043Z   KAOS_REF: refs/heads/main
handle_failure	Checkout code	2025-12-01T02:37:41.5701552Z   KAOS_MODULE: [Ka0S] Workflow Statistics Summary
handle_failure	Checkout code	2025-12-01T02:37:41.5702204Z   KAOS_PATH_RESUME: audit/workflows/
handle_failure	Checkout code	2025-12-01T02:37:41.5702738Z   KAOS_ACTOR: santakloud
handle_failure	Checkout code	2025-12-01T02:37:41.5703183Z   GH_REPO: Ka0s-Klaus/ka0s
handle_failure	Checkout code	2025-12-01T02:37:41.5703616Z ##[endgroup]
handle_failure	Checkout code	2025-12-01T02:37:41.7337590Z Syncing repository: Ka0s-Klaus/ka0s
handle_failure	Checkout code	2025-12-01T02:37:41.7339583Z ##[group]Getting Git version info
handle_failure	Checkout code	2025-12-01T02:37:41.7340228Z Working directory is '/home/runner/_work/ka0s/ka0s'
handle_failure	Checkout code	2025-12-01T02:37:41.7341137Z [command]/usr/bin/git version
handle_failure	Checkout code	2025-12-01T02:37:41.7341602Z git version 2.51.0
handle_failure	Checkout code	2025-12-01T02:37:41.7354405Z ##[endgroup]
handle_failure	Checkout code	2025-12-01T02:37:41.7371664Z Temporarily overriding HOME='/home/runner/_work/_temp/2e6162f5-76b5-4571-88b8-c5d214079265' before making global git config changes
handle_failure	Checkout code	2025-12-01T02:37:41.7373184Z Adding repository directory to the temporary git global config as a safe directory
handle_failure	Checkout code	2025-12-01T02:37:41.7378346Z [command]/usr/bin/git config --global --add safe.directory /home/runner/_work/ka0s/ka0s
handle_failure	Checkout code	2025-12-01T02:37:41.7418563Z Deleting the contents of '/home/runner/_work/ka0s/ka0s'
handle_failure	Checkout code	2025-12-01T02:37:41.7422918Z ##[group]Initializing the repository
handle_failure	Checkout code	2025-12-01T02:37:41.7443250Z [command]/usr/bin/git init /home/runner/_work/ka0s/ka0s
handle_failure	Checkout code	2025-12-01T02:37:41.7491200Z hint: Using 'master' as the name for the initial branch. This default branch name
handle_failure	Checkout code	2025-12-01T02:37:41.7492762Z hint: is subject to change. To configure the initial branch name to use in all
handle_failure	Checkout code	2025-12-01T02:37:41.7493956Z hint: of your new repositories, which will suppress this warning, call:
handle_failure	Checkout code	2025-12-01T02:37:41.7495221Z hint:
handle_failure	Checkout code	2025-12-01T02:37:41.7495832Z hint: 	git config --global init.defaultBranch <name>
handle_failure	Checkout code	2025-12-01T02:37:41.7496599Z hint:
handle_failure	Checkout code	2025-12-01T02:37:41.7497742Z hint: Names commonly chosen instead of 'master' are 'main', 'trunk' and
handle_failure	Checkout code	2025-12-01T02:37:41.7499686Z hint: 'development'. The just-created branch can be renamed via this command:
handle_failure	Checkout code	2025-12-01T02:37:41.7500534Z hint:
handle_failure	Checkout code	2025-12-01T02:37:41.7500919Z hint: 	git branch -m <name>
handle_failure	Checkout code	2025-12-01T02:37:41.7501369Z hint:
handle_failure	Checkout code	2025-12-01T02:37:41.7502019Z hint: Disable this message with "git config set advice.defaultBranchName false"
handle_failure	Checkout code	2025-12-01T02:37:41.7503429Z Initialized empty Git repository in /home/runner/_work/ka0s/ka0s/.git/
handle_failure	Checkout code	2025-12-01T02:37:41.7505327Z [command]/usr/bin/git remote add origin https://github.com/Ka0s-Klaus/ka0s
handle_failure	Checkout code	2025-12-01T02:37:41.7547140Z ##[endgroup]
handle_failure	Checkout code	2025-12-01T02:37:41.7548001Z ##[group]Disabling automatic garbage collection
handle_failure	Checkout code	2025-12-01T02:37:41.7549343Z [command]/usr/bin/git config --local gc.auto 0
handle_failure	Checkout code	2025-12-01T02:37:41.7587155Z ##[endgroup]
handle_failure	Checkout code	2025-12-01T02:37:41.7587943Z ##[group]Setting up auth
handle_failure	Checkout code	2025-12-01T02:37:41.7593052Z [command]/usr/bin/git config --local --name-only --get-regexp core\.sshCommand
handle_failure	Checkout code	2025-12-01T02:37:41.7628410Z [command]/usr/bin/git submodule foreach --recursive sh -c "git config --local --name-only --get-regexp 'core\.sshCommand' && git config --local --unset-all 'core.sshCommand' || :"
handle_failure	Checkout code	2025-12-01T02:37:41.7898869Z [command]/usr/bin/git config --local --name-only --get-regexp http\.https\:\/\/github\.com\/\.extraheader
handle_failure	Checkout code	2025-12-01T02:37:41.7933106Z [command]/usr/bin/git submodule foreach --recursive sh -c "git config --local --name-only --get-regexp 'http\.https\:\/\/github\.com\/\.extraheader' && git config --local --unset-all 'http.https://github.com/.extraheader' || :"
handle_failure	Checkout code	2025-12-01T02:37:41.8202460Z [command]/usr/bin/git config --local --name-only --get-regexp ^includeIf\.gitdir:
handle_failure	Checkout code	2025-12-01T02:37:41.8242861Z [command]/usr/bin/git submodule foreach --recursive git config --local --show-origin --name-only --get-regexp remote.origin.url
handle_failure	Checkout code	2025-12-01T02:37:41.8514847Z [command]/usr/bin/git config --local http.https://github.com/.extraheader AUTHORIZATION: basic ***
handle_failure	Checkout code	2025-12-01T02:37:41.8559366Z ##[endgroup]
handle_failure	Checkout code	2025-12-01T02:37:41.8560195Z ##[group]Fetching the repository
handle_failure	Checkout code	2025-12-01T02:37:41.8568801Z [command]/usr/bin/git -c protocol.version=2 fetch --prune --no-recurse-submodules origin +refs/heads/*:refs/remotes/origin/* +refs/tags/*:refs/tags/*
handle_failure	Checkout code	2025-12-01T02:37:54.4197916Z From https://github.com/Ka0s-Klaus/ka0s
handle_failure	Checkout code	2025-12-01T02:37:54.4198860Z  * [new branch]          F1149-desarrollo-de-orchestrator -> origin/F1149-desarrollo-de-orchestrator
handle_failure	Checkout code	2025-12-01T02:37:54.4200073Z  * [new branch]          F1183-personalizaciÃ³n-mÃ³dulo-finops -> origin/F1183-personalizaciÃ³n-mÃ³dulo-finops
handle_failure	Checkout code	2025-12-01T02:37:54.4201145Z  * [new branch]          F1224-new-module-mongodb -> origin/F1224-new-module-mongodb
handle_failure	Checkout code	2025-12-01T02:37:54.4202767Z  * [new branch]          F220-web-de-resultados  -> origin/F220-web-de-resultados
handle_failure	Checkout code	2025-12-01T02:37:54.4203620Z  * [new branch]          F227-despliegue-de-kube-independiente-del-clouder -> origin/F227-despliegue-de-kube-independiente-del-clouder
handle_failure	Checkout code	2025-12-01T02:37:54.4204695Z  * [new branch]          F329-documentacion-metodologia-de-kaos -> origin/F329-documentacion-metodologia-de-kaos
handle_failure	Checkout code	2025-12-01T02:37:54.4222428Z  * [new branch]          F44-creaciÃ³n-mÃ³dulo-versionado -> origin/F44-creaciÃ³n-mÃ³dulo-versionado
handle_failure	Checkout code	2025-12-01T02:37:54.4223772Z  * [new branch]          H1128-mÃ³dulo-de-observabilidad -> origin/H1128-mÃ³dulo-de-observabilidad
handle_failure	Checkout code	2025-12-01T02:37:54.4224783Z  * [new branch]          H1139-como-instalar-arc-control -> origin/H1139-como-instalar-arc-control
handle_failure	Checkout code	2025-12-01T02:37:54.4225703Z  * [new branch]          H1149-desarrollo-de-orchestrator -> origin/H1149-desarrollo-de-orchestrator
handle_failure	Checkout code	2025-12-01T02:37:54.4226485Z  * [new branch]          H1150-desarrollo-de-secciones -> origin/H1150-desarrollo-de-secciones
handle_failure	Checkout code	2025-12-01T02:37:54.4227235Z  * [new branch]          H1151-desarrollo-de-secciones-ii -> origin/H1151-desarrollo-de-secciones-ii
handle_failure	Checkout code	2025-12-01T02:37:54.4227902Z  * [new branch]          H1152-desarrollo-inicio -> origin/H1152-desarrollo-inicio
handle_failure	Checkout code	2025-12-01T02:37:54.4228760Z  * [new branch]          H1183-personalizaciÃ³n-mÃ³dulo-finops -> origin/H1183-personalizaciÃ³n-mÃ³dulo-finops
handle_failure	Checkout code	2025-12-01T02:37:54.4229545Z  * [new branch]          H1193-ejemplo-web-documentacion -> origin/H1193-ejemplo-web-documentacion
handle_failure	Checkout code	2025-12-01T02:37:54.4230159Z  * [new branch]          H1205-web-creation      -> origin/H1205-web-creation
handle_failure	Checkout code	2025-12-01T02:37:54.4230761Z  * [new branch]          H1224-new-module-mongodb -> origin/H1224-new-module-mongodb
handle_failure	Checkout code	2025-12-01T02:37:54.4231753Z  * [new branch]          H1410-modulo-execution  -> origin/H1410-modulo-execution
handle_failure	Checkout code	2025-12-01T02:37:54.4232737Z  * [new branch]          H1514-new-swarm-deployment-stack-with-actions-runners-autoscale -> origin/H1514-new-swarm-deployment-stack-with-actions-runners-autoscale
handle_failure	Checkout code	2025-12-01T02:37:54.4234104Z  * [new branch]          H1968-modulo-personalizaciÃ³n-del-portal-de-kaos-core -> origin/H1968-modulo-personalizaciÃ³n-del-portal-de-kaos-core
handle_failure	Checkout code	2025-12-01T02:37:54.4235082Z  * [new branch]          H215-modulo-de-summary  -> origin/H215-modulo-de-summary
handle_failure	Checkout code	2025-12-01T02:37:54.4235701Z  * [new branch]          H220-web-de-resultados  -> origin/H220-web-de-resultados
handle_failure	Checkout code	2025-12-01T02:37:54.4236549Z  * [new branch]          H227-despliegue-de-kube-independiente-del-clouder -> origin/H227-despliegue-de-kube-independiente-del-clouder
handle_failure	Checkout code	2025-12-01T02:37:54.4237439Z  * [new branch]          H306-ficheros-de-estadisticas -> origin/H306-ficheros-de-estadisticas
handle_failure	Checkout code	2025-12-01T02:37:54.4238525Z  * [new branch]          H328-documentacion-modulo-principal-de-kaos -> origin/H328-documentacion-modulo-principal-de-kaos
handle_failure	Checkout code	2025-12-01T02:37:54.4239411Z  * [new branch]          H329-documentacion-metodologia-de-kaos -> origin/H329-documentacion-metodologia-de-kaos
handle_failure	Checkout code	2025-12-01T02:37:54.4240278Z  * [new branch]          H338-relanzador-de-jobs-en-caso-de-pattern -> origin/H338-relanzador-de-jobs-en-caso-de-pattern
handle_failure	Checkout code	2025-12-01T02:37:54.4241154Z  * [new branch]          H38-documentacion-basica-del-proyecto -> origin/H38-documentacion-basica-del-proyecto
handle_failure	Checkout code	2025-12-01T02:37:54.4242206Z  * [new branch]          H44-creaciÃ³n-mÃ³dulo-versionado -> origin/H44-creaciÃ³n-mÃ³dulo-versionado
handle_failure	Checkout code	2025-12-01T02:37:54.4242951Z  * [new branch]          RN1149-desarrollo-de-orchestrator -> origin/RN1149-desarrollo-de-orchestrator
handle_failure	Checkout code	2025-12-01T02:37:54.4243788Z  * [new branch]          RN1183-personalizaciÃ³n-mÃ³dulo-finops -> origin/RN1183-personalizaciÃ³n-mÃ³dulo-finops
handle_failure	Checkout code	2025-12-01T02:37:54.4245189Z  * [new branch]          RN1282-ka0s-error-detected-in-ka0s-workflow-statistics-summary -> origin/RN1282-ka0s-error-detected-in-ka0s-workflow-statistics-summary
handle_failure	Checkout code	2025-12-01T02:37:54.4246123Z  * [new branch]          RN220-web-de-resultados -> origin/RN220-web-de-resultados
handle_failure	Checkout code	2025-12-01T02:37:54.4246926Z  * [new branch]          RN227-despliegue-de-kube-independiente-del-clouder -> origin/RN227-despliegue-de-kube-independiente-del-clouder
handle_failure	Checkout code	2025-12-01T02:37:54.4247865Z  * [new branch]          RN329-documentacion-metodologia-de-kaos -> origin/RN329-documentacion-metodologia-de-kaos
handle_failure	Checkout code	2025-12-01T02:37:54.4248502Z  * [new branch]          main                    -> origin/main
handle_failure	Checkout code	2025-12-01T02:37:54.4248909Z  * [new tag]             0.0.0                   -> 0.0.0
handle_failure	Checkout code	2025-12-01T02:37:54.4249284Z  * [new tag]             0.0.1                   -> 0.0.1
handle_failure	Checkout code	2025-12-01T02:37:54.4249662Z  * [new tag]             0.0.10                  -> 0.0.10
handle_failure	Checkout code	2025-12-01T02:37:54.4250032Z  * [new tag]             0.0.100                 -> 0.0.100
handle_failure	Checkout code	2025-12-01T02:37:54.4250454Z  * [new tag]             0.0.101                 -> 0.0.101
handle_failure	Checkout code	2025-12-01T02:37:54.4250835Z  * [new tag]             0.0.102                 -> 0.0.102
handle_failure	Checkout code	2025-12-01T02:37:54.4251359Z  * [new tag]             0.0.103                 -> 0.0.103
handle_failure	Checkout code	2025-12-01T02:37:54.4251766Z  * [new tag]             0.0.104                 -> 0.0.104
handle_failure	Checkout code	2025-12-01T02:37:54.4252330Z  * [new tag]             0.0.105                 -> 0.0.105
handle_failure	Checkout code	2025-12-01T02:37:54.4252713Z  * [new tag]             0.0.106                 -> 0.0.106
handle_failure	Checkout code	2025-12-01T02:37:54.4253090Z  * [new tag]             0.0.107                 -> 0.0.107
handle_failure	Checkout code	2025-12-01T02:37:54.4253473Z  * [new tag]             0.0.108                 -> 0.0.108
handle_failure	Checkout code	2025-12-01T02:37:54.4253855Z  * [new tag]             0.0.109                 -> 0.0.109
handle_failure	Checkout code	2025-12-01T02:37:54.4254329Z  * [new tag]             0.0.11                  -> 0.0.11
handle_failure	Checkout code	2025-12-01T02:37:54.4254720Z  * [new tag]             0.0.110                 -> 0.0.110
handle_failure	Checkout code	2025-12-01T02:37:54.4255111Z  * [new tag]             0.0.111                 -> 0.0.111
handle_failure	Checkout code	2025-12-01T02:37:54.4255689Z  * [new tag]             0.0.112                 -> 0.0.112
handle_failure	Checkout code	2025-12-01T02:37:54.4256072Z  * [new tag]             0.0.113                 -> 0.0.113
handle_failure	Checkout code	2025-12-01T02:37:54.4256457Z  * [new tag]             0.0.114                 -> 0.0.114
handle_failure	Checkout code	2025-12-01T02:37:54.4256836Z  * [new tag]             0.0.115                 -> 0.0.115
handle_failure	Checkout code	2025-12-01T02:37:54.4257216Z  * [new tag]             0.0.116                 -> 0.0.116
handle_failure	Checkout code	2025-12-01T02:37:54.4257596Z  * [new tag]             0.0.117                 -> 0.0.117
handle_failure	Checkout code	2025-12-01T02:37:54.4257976Z  * [new tag]             0.0.118                 -> 0.0.118
handle_failure	Checkout code	2025-12-01T02:37:54.4258359Z  * [new tag]             0.0.119                 -> 0.0.119
handle_failure	Checkout code	2025-12-01T02:37:54.4258751Z  * [new tag]             0.0.12                  -> 0.0.12
handle_failure	Checkout code	2025-12-01T02:37:54.4259264Z  * [new tag]             0.0.120                 -> 0.0.120
handle_failure	Checkout code	2025-12-01T02:37:54.4259643Z  * [new tag]             0.0.121                 -> 0.0.121
handle_failure	Checkout code	2025-12-01T02:37:54.4260163Z  * [new tag]             0.0.122                 -> 0.0.122
handle_failure	Checkout code	2025-12-01T02:37:54.4260563Z  * [new tag]             0.0.123                 -> 0.0.123
handle_failure	Checkout code	2025-12-01T02:37:54.4260938Z  * [new tag]             0.0.124                 -> 0.0.124
handle_failure	Checkout code	2025-12-01T02:37:54.4261304Z  * [new tag]             0.0.125                 -> 0.0.125
handle_failure	Checkout code	2025-12-01T02:37:54.4261796Z  * [new tag]             0.0.126                 -> 0.0.126
handle_failure	Checkout code	2025-12-01T02:37:54.4262160Z  * [new tag]             0.0.127                 -> 0.0.127
handle_failure	Checkout code	2025-12-01T02:37:54.4262521Z  * [new tag]             0.0.128                 -> 0.0.128
handle_failure	Checkout code	2025-12-01T02:37:54.4262884Z  * [new tag]             0.0.129                 -> 0.0.129
handle_failure	Checkout code	2025-12-01T02:37:54.4263257Z  * [new tag]             0.0.13                  -> 0.0.13
handle_failure	Checkout code	2025-12-01T02:37:54.4263624Z  * [new tag]             0.0.130                 -> 0.0.130
handle_failure	Checkout code	2025-12-01T02:37:54.4263981Z  * [new tag]             0.0.131                 -> 0.0.131
handle_failure	Checkout code	2025-12-01T02:37:54.4264549Z  * [new tag]             0.0.132                 -> 0.0.132
handle_failure	Checkout code	2025-12-01T02:37:54.4265172Z  * [new tag]             0.0.133                 -> 0.0.133
handle_failure	Checkout code	2025-12-01T02:37:54.4265539Z  * [new tag]             0.0.134                 -> 0.0.134
handle_failure	Checkout code	2025-12-01T02:37:54.4265895Z  * [new tag]             0.0.135                 -> 0.0.135
handle_failure	Checkout code	2025-12-01T02:37:54.4266255Z  * [new tag]             0.0.136                 -> 0.0.136
handle_failure	Checkout code	2025-12-01T02:37:54.4266617Z  * [new tag]             0.0.137                 -> 0.0.137
handle_failure	Checkout code	2025-12-01T02:37:54.4266975Z  * [new tag]             0.0.138                 -> 0.0.138
handle_failure	Checkout code	2025-12-01T02:37:54.4267333Z  * [new tag]             0.0.139                 -> 0.0.139
handle_failure	Checkout code	2025-12-01T02:37:54.4267703Z  * [new tag]             0.0.14                  -> 0.0.14
handle_failure	Checkout code	2025-12-01T02:37:54.4268061Z  * [new tag]             0.0.140                 -> 0.0.140
handle_failure	Checkout code	2025-12-01T02:37:54.4268424Z  * [new tag]             0.0.141                 -> 0.0.141
handle_failure	Checkout code	2025-12-01T02:37:54.4268786Z  * [new tag]             0.0.142                 -> 0.0.142
handle_failure	Checkout code	2025-12-01T02:37:54.4269155Z  * [new tag]             0.0.143                 -> 0.0.143
handle_failure	Checkout code	2025-12-01T02:37:54.4269517Z  * [new tag]             0.0.144                 -> 0.0.144
handle_failure	Checkout code	2025-12-01T02:37:54.4269879Z  * [new tag]             0.0.145                 -> 0.0.145
handle_failure	Checkout code	2025-12-01T02:37:54.4270240Z  * [new tag]             0.0.146                 -> 0.0.146
handle_failure	Checkout code	2025-12-01T02:37:54.4270595Z  * [new tag]             0.0.147                 -> 0.0.147
handle_failure	Checkout code	2025-12-01T02:37:54.4270963Z  * [new tag]             0.0.148                 -> 0.0.148
handle_failure	Checkout code	2025-12-01T02:37:54.4271323Z  * [new tag]             0.0.149                 -> 0.0.149
handle_failure	Checkout code	2025-12-01T02:37:54.4271692Z  * [new tag]             0.0.15                  -> 0.0.15
handle_failure	Checkout code	2025-12-01T02:37:54.4272052Z  * [new tag]             0.0.150                 -> 0.0.150
handle_failure	Checkout code	2025-12-01T02:37:54.4272412Z  * [new tag]             0.0.151                 -> 0.0.151
handle_failure	Checkout code	2025-12-01T02:37:54.4272776Z  * [new tag]             0.0.152                 -> 0.0.152
handle_failure	Checkout code	2025-12-01T02:37:54.4273139Z  * [new tag]             0.0.153                 -> 0.0.153
handle_failure	Checkout code	2025-12-01T02:37:54.4273648Z  * [new tag]             0.0.154                 -> 0.0.154
handle_failure	Checkout code	2025-12-01T02:37:54.4274005Z  * [new tag]             0.0.155                 -> 0.0.155
handle_failure	Checkout code	2025-12-01T02:37:54.4274571Z  * [new tag]             0.0.156                 -> 0.0.156
handle_failure	Checkout code	2025-12-01T02:37:54.4275175Z  * [new tag]             0.0.157                 -> 0.0.157
handle_failure	Checkout code	2025-12-01T02:37:54.4275530Z  * [new tag]             0.0.158                 -> 0.0.158
handle_failure	Checkout code	2025-12-01T02:37:54.4275891Z  * [new tag]             0.0.159                 -> 0.0.159
handle_failure	Checkout code	2025-12-01T02:37:54.4276246Z  * [new tag]             0.0.16                  -> 0.0.16
handle_failure	Checkout code	2025-12-01T02:37:54.4276602Z  * [new tag]             0.0.160                 -> 0.0.160
handle_failure	Checkout code	2025-12-01T02:37:54.4276965Z  * [new tag]             0.0.161                 -> 0.0.161
handle_failure	Checkout code	2025-12-01T02:37:54.4277321Z  * [new tag]             0.0.162                 -> 0.0.162
handle_failure	Checkout code	2025-12-01T02:37:54.4277677Z  * [new tag]             0.0.163                 -> 0.0.163
handle_failure	Checkout code	2025-12-01T02:37:54.4278168Z  * [new tag]             0.0.164                 -> 0.0.164
handle_failure	Checkout code	2025-12-01T02:37:54.4278533Z  * [new tag]             0.0.165                 -> 0.0.165
handle_failure	Checkout code	2025-12-01T02:37:54.4278886Z  * [new tag]             0.0.166                 -> 0.0.166
handle_failure	Checkout code	2025-12-01T02:37:54.4279242Z  * [new tag]             0.0.167                 -> 0.0.167
handle_failure	Checkout code	2025-12-01T02:37:54.4279599Z  * [new tag]             0.0.168                 -> 0.0.168
handle_failure	Checkout code	2025-12-01T02:37:54.4279957Z  * [new tag]             0.0.169                 -> 0.0.169
handle_failure	Checkout code	2025-12-01T02:37:54.4280315Z  * [new tag]             0.0.17                  -> 0.0.17
handle_failure	Checkout code	2025-12-01T02:37:54.4280672Z  * [new tag]             0.0.170                 -> 0.0.170
handle_failure	Checkout code	2025-12-01T02:37:54.4281037Z  * [new tag]             0.0.171                 -> 0.0.171
handle_failure	Checkout code	2025-12-01T02:37:54.4281389Z  * [new tag]             0.0.172                 -> 0.0.172
handle_failure	Checkout code	2025-12-01T02:37:54.4281746Z  * [new tag]             0.0.173                 -> 0.0.173
handle_failure	Checkout code	2025-12-01T02:37:54.4282116Z  * [new tag]             0.0.174                 -> 0.0.174
handle_failure	Checkout code	2025-12-01T02:37:54.4282475Z  * [new tag]             0.0.175                 -> 0.0.175
handle_failure	Checkout code	2025-12-01T02:37:54.4282835Z  * [new tag]             0.0.176                 -> 0.0.176
handle_failure	Checkout code	2025-12-01T02:37:54.4283188Z  * [new tag]             0.0.177                 -> 0.0.177
handle_failure	Checkout code	2025-12-01T02:37:54.4283549Z  * [new tag]             0.0.178                 -> 0.0.178
handle_failure	Checkout code	2025-12-01T02:37:54.4283900Z  * [new tag]             0.0.179                 -> 0.0.179
handle_failure	Checkout code	2025-12-01T02:37:54.4284304Z  * [new tag]             0.0.18                  -> 0.0.18
handle_failure	Checkout code	2025-12-01T02:37:54.4284853Z  * [new tag]             0.0.19                  -> 0.0.19
handle_failure	Checkout code	2025-12-01T02:37:54.4285232Z  * [new tag]             0.0.2                   -> 0.0.2
handle_failure	Checkout code	2025-12-01T02:37:54.4285720Z  * [new tag]             0.0.20                  -> 0.0.20
handle_failure	Checkout code	2025-12-01T02:37:54.4286081Z  * [new tag]             0.0.21                  -> 0.0.21
handle_failure	Checkout code	2025-12-01T02:37:54.4286439Z  * [new tag]             0.0.22                  -> 0.0.22
handle_failure	Checkout code	2025-12-01T02:37:54.4286806Z  * [new tag]             0.0.23                  -> 0.0.23
handle_failure	Checkout code	2025-12-01T02:37:54.4287178Z  * [new tag]             0.0.24                  -> 0.0.24
handle_failure	Checkout code	2025-12-01T02:37:54.4287537Z  * [new tag]             0.0.25                  -> 0.0.25
handle_failure	Checkout code	2025-12-01T02:37:54.4287894Z  * [new tag]             0.0.26                  -> 0.0.26
handle_failure	Checkout code	2025-12-01T02:37:54.4288253Z  * [new tag]             0.0.27                  -> 0.0.27
handle_failure	Checkout code	2025-12-01T02:37:54.4288614Z  * [new tag]             0.0.28                  -> 0.0.28
handle_failure	Checkout code	2025-12-01T02:37:54.4288975Z  * [new tag]             0.0.29                  -> 0.0.29
handle_failure	Checkout code	2025-12-01T02:37:54.4289331Z  * [new tag]             0.0.3                   -> 0.0.3
handle_failure	Checkout code	2025-12-01T02:37:54.4289691Z  * [new tag]             0.0.30                  -> 0.0.30
handle_failure	Checkout code	2025-12-01T02:37:54.4290050Z  * [new tag]             0.0.31                  -> 0.0.31
handle_failure	Checkout code	2025-12-01T02:37:54.4290406Z  * [new tag]             0.0.32                  -> 0.0.32
handle_failure	Checkout code	2025-12-01T02:37:54.4290776Z  * [new tag]             0.0.33                  -> 0.0.33
handle_failure	Checkout code	2025-12-01T02:37:54.4291271Z  * [new tag]             0.0.34                  -> 0.0.34
handle_failure	Checkout code	2025-12-01T02:37:54.4291630Z  * [new tag]             0.0.35                  -> 0.0.35
handle_failure	Checkout code	2025-12-01T02:37:54.4291989Z  * [new tag]             0.0.36                  -> 0.0.36
handle_failure	Checkout code	2025-12-01T02:37:54.4292353Z  * [new tag]             0.0.37                  -> 0.0.37
handle_failure	Checkout code	2025-12-01T02:37:54.4292711Z  * [new tag]             0.0.38                  -> 0.0.38
handle_failure	Checkout code	2025-12-01T02:37:54.4293065Z  * [new tag]             0.0.39                  -> 0.0.39
handle_failure	Checkout code	2025-12-01T02:37:54.4293427Z  * [new tag]             0.0.4                   -> 0.0.4
handle_failure	Checkout code	2025-12-01T02:37:54.4293791Z  * [new tag]             0.0.40                  -> 0.0.40
handle_failure	Checkout code	2025-12-01T02:37:54.4294151Z  * [new tag]             0.0.41                  -> 0.0.41
handle_failure	Checkout code	2025-12-01T02:37:54.4295037Z  * [new tag]             0.0.42                  -> 0.0.42
handle_failure	Checkout code	2025-12-01T02:37:54.4295399Z  * [new tag]             0.0.43                  -> 0.0.43
handle_failure	Checkout code	2025-12-01T02:37:54.4295921Z  * [new tag]             0.0.44                  -> 0.0.44
handle_failure	Checkout code	2025-12-01T02:37:54.4296287Z  * [new tag]             0.0.45                  -> 0.0.45
handle_failure	Checkout code	2025-12-01T02:37:54.4296649Z  * [new tag]             0.0.46                  -> 0.0.46
handle_failure	Checkout code	2025-12-01T02:37:54.4297009Z  * [new tag]             0.0.47                  -> 0.0.47
handle_failure	Checkout code	2025-12-01T02:37:54.4297367Z  * [new tag]             0.0.48                  -> 0.0.48
handle_failure	Checkout code	2025-12-01T02:37:54.4297738Z  * [new tag]             0.0.49                  -> 0.0.49
handle_failure	Checkout code	2025-12-01T02:37:54.4298098Z  * [new tag]             0.0.5                   -> 0.0.5
handle_failure	Checkout code	2025-12-01T02:37:54.4298459Z  * [new tag]             0.0.50                  -> 0.0.50
handle_failure	Checkout code	2025-12-01T02:37:54.4298815Z  * [new tag]             0.0.51                  -> 0.0.51
handle_failure	Checkout code	2025-12-01T02:37:54.4299176Z  * [new tag]             0.0.52                  -> 0.0.52
handle_failure	Checkout code	2025-12-01T02:37:54.4299685Z  * [new tag]             0.0.53                  -> 0.0.53
handle_failure	Checkout code	2025-12-01T02:37:54.4300208Z  * [new tag]             0.0.54                  -> 0.0.54
handle_failure	Checkout code	2025-12-01T02:37:54.4300600Z  * [new tag]             0.0.55                  -> 0.0.55
handle_failure	Checkout code	2025-12-01T02:37:54.4300988Z  * [new tag]             0.0.56                  -> 0.0.56
handle_failure	Checkout code	2025-12-01T02:37:54.4301486Z  * [new tag]             0.0.57                  -> 0.0.57
handle_failure	Checkout code	2025-12-01T02:37:54.4301970Z  * [new tag]             0.0.58                  -> 0.0.58
handle_failure	Checkout code	2025-12-01T02:37:54.4302331Z  * [new tag]             0.0.59                  -> 0.0.59
handle_failure	Checkout code	2025-12-01T02:37:54.4302691Z  * [new tag]             0.0.6                   -> 0.0.6
handle_failure	Checkout code	2025-12-01T02:37:54.4303047Z  * [new tag]             0.0.60                  -> 0.0.60
handle_failure	Checkout code	2025-12-01T02:37:54.4303409Z  * [new tag]             0.0.61                  -> 0.0.61
handle_failure	Checkout code	2025-12-01T02:37:54.4303770Z  * [new tag]             0.0.62                  -> 0.0.62
handle_failure	Checkout code	2025-12-01T02:37:54.4304129Z  * [new tag]             0.0.63                  -> 0.0.63
handle_failure	Checkout code	2025-12-01T02:37:54.4304863Z  * [new tag]             0.0.64                  -> 0.0.64
handle_failure	Checkout code	2025-12-01T02:37:54.4305362Z  * [new tag]             0.0.65                  -> 0.0.65
handle_failure	Checkout code	2025-12-01T02:37:54.4305729Z  * [new tag]             0.0.66                  -> 0.0.66
handle_failure	Checkout code	2025-12-01T02:37:54.4306087Z  * [new tag]             0.0.67                  -> 0.0.67
handle_failure	Checkout code	2025-12-01T02:37:54.4306445Z  * [new tag]             0.0.68                  -> 0.0.68
handle_failure	Checkout code	2025-12-01T02:37:54.4306806Z  * [new tag]             0.0.69                  -> 0.0.69
handle_failure	Checkout code	2025-12-01T02:37:54.4307169Z  * [new tag]             0.0.7                   -> 0.0.7
handle_failure	Checkout code	2025-12-01T02:37:54.4307525Z  * [new tag]             0.0.70                  -> 0.0.70
handle_failure	Checkout code	2025-12-01T02:37:54.4307892Z  * [new tag]             0.0.71                  -> 0.0.71
handle_failure	Checkout code	2025-12-01T02:37:54.4308252Z  * [new tag]             0.0.72                  -> 0.0.72
handle_failure	Checkout code	2025-12-01T02:37:54.4308611Z  * [new tag]             0.0.73                  -> 0.0.73
handle_failure	Checkout code	2025-12-01T02:37:54.4308973Z  * [new tag]             0.0.74                  -> 0.0.74
handle_failure	Checkout code	2025-12-01T02:37:54.4309331Z  * [new tag]             0.0.75                  -> 0.0.75
handle_failure	Checkout code	2025-12-01T02:37:54.4309694Z  * [new tag]             0.0.76                  -> 0.0.76
handle_failure	Checkout code	2025-12-01T02:37:54.4310217Z  * [new tag]             0.0.77                  -> 0.0.77
handle_failure	Checkout code	2025-12-01T02:37:54.4310595Z  * [new tag]             0.0.78                  -> 0.0.78
handle_failure	Checkout code	2025-12-01T02:37:54.4310957Z  * [new tag]             0.0.79                  -> 0.0.79
handle_failure	Checkout code	2025-12-01T02:37:54.4311321Z  * [new tag]             0.0.8                   -> 0.0.8
handle_failure	Checkout code	2025-12-01T02:37:54.4311685Z  * [new tag]             0.0.80                  -> 0.0.80
handle_failure	Checkout code	2025-12-01T02:37:54.4312042Z  * [new tag]             0.0.81                  -> 0.0.81
handle_failure	Checkout code	2025-12-01T02:37:54.4312401Z  * [new tag]             0.0.82                  -> 0.0.82
handle_failure	Checkout code	2025-12-01T02:37:54.4312765Z  * [new tag]             0.0.83                  -> 0.0.83
handle_failure	Checkout code	2025-12-01T02:37:54.4313123Z  * [new tag]             0.0.84                  -> 0.0.84
handle_failure	Checkout code	2025-12-01T02:37:54.4313485Z  * [new tag]             0.0.85                  -> 0.0.85
handle_failure	Checkout code	2025-12-01T02:37:54.4313846Z  * [new tag]             0.0.86                  -> 0.0.86
handle_failure	Checkout code	2025-12-01T02:37:54.4314543Z  * [new tag]             0.0.87                  -> 0.0.87
handle_failure	Checkout code	2025-12-01T02:37:54.4315194Z  * [new tag]             0.0.88                  -> 0.0.88
handle_failure	Checkout code	2025-12-01T02:37:54.4315681Z  * [new tag]             0.0.89                  -> 0.0.89
handle_failure	Checkout code	2025-12-01T02:37:54.4316045Z  * [new tag]             0.0.9                   -> 0.0.9
handle_failure	Checkout code	2025-12-01T02:37:54.4316400Z  * [new tag]             0.0.90                  -> 0.0.90
handle_failure	Checkout code	2025-12-01T02:37:54.4316758Z  * [new tag]             0.0.91                  -> 0.0.91
handle_failure	Checkout code	2025-12-01T02:37:54.4317301Z  * [new tag]             0.0.92                  -> 0.0.92
handle_failure	Checkout code	2025-12-01T02:37:54.4317799Z  * [new tag]             0.0.93                  -> 0.0.93
handle_failure	Checkout code	2025-12-01T02:37:54.4318157Z  * [new tag]             0.0.94                  -> 0.0.94
handle_failure	Checkout code	2025-12-01T02:37:54.4318520Z  * [new tag]             0.0.95                  -> 0.0.95
handle_failure	Checkout code	2025-12-01T02:37:54.4318884Z  * [new tag]             0.0.96                  -> 0.0.96
handle_failure	Checkout code	2025-12-01T02:37:54.4319253Z  * [new tag]             0.0.97                  -> 0.0.97
handle_failure	Checkout code	2025-12-01T02:37:54.4319624Z  * [new tag]             0.0.98                  -> 0.0.98
handle_failure	Checkout code	2025-12-01T02:37:54.4319987Z  * [new tag]             0.0.99                  -> 0.0.99
handle_failure	Checkout code	2025-12-01T02:37:54.4320349Z  * [new tag]             0.1.0                   -> 0.1.0
handle_failure	Checkout code	2025-12-01T02:37:54.4320713Z  * [new tag]             0.1.1                   -> 0.1.1
handle_failure	Checkout code	2025-12-01T02:37:54.4321071Z  * [new tag]             0.2.0                   -> 0.2.0
handle_failure	Checkout code	2025-12-01T02:37:54.4321435Z  * [new tag]             0.3.0                   -> 0.3.0
handle_failure	Checkout code	2025-12-01T02:37:54.4321792Z  * [new tag]             0.3.1                   -> 0.3.1
handle_failure	Checkout code	2025-12-01T02:37:54.4322269Z  * [new tag]             0.3.10                  -> 0.3.10
handle_failure	Checkout code	2025-12-01T02:37:54.4322641Z  * [new tag]             0.3.11                  -> 0.3.11
handle_failure	Checkout code	2025-12-01T02:37:54.4323010Z  * [new tag]             0.3.12                  -> 0.3.12
handle_failure	Checkout code	2025-12-01T02:37:54.4323372Z  * [new tag]             0.3.13                  -> 0.3.13
handle_failure	Checkout code	2025-12-01T02:37:54.4323744Z  * [new tag]             0.3.14                  -> 0.3.14
handle_failure	Checkout code	2025-12-01T02:37:54.4324119Z  * [new tag]             0.3.15                  -> 0.3.15
handle_failure	Checkout code	2025-12-01T02:37:54.4324666Z  * [new tag]             0.3.16                  -> 0.3.16
handle_failure	Checkout code	2025-12-01T02:37:54.4325047Z  * [new tag]             0.3.17                  -> 0.3.17
handle_failure	Checkout code	2025-12-01T02:37:54.4325541Z  * [new tag]             0.3.2                   -> 0.3.2
handle_failure	Checkout code	2025-12-01T02:37:54.4325906Z  * [new tag]             0.3.3                   -> 0.3.3
handle_failure	Checkout code	2025-12-01T02:37:54.4326262Z  * [new tag]             0.3.4                   -> 0.3.4
handle_failure	Checkout code	2025-12-01T02:37:54.4326628Z  * [new tag]             0.3.5                   -> 0.3.5
handle_failure	Checkout code	2025-12-01T02:37:54.4326988Z  * [new tag]             0.3.6                   -> 0.3.6
handle_failure	Checkout code	2025-12-01T02:37:54.4327344Z  * [new tag]             0.3.7                   -> 0.3.7
handle_failure	Checkout code	2025-12-01T02:37:54.4327703Z  * [new tag]             0.3.8                   -> 0.3.8
handle_failure	Checkout code	2025-12-01T02:37:54.4328062Z  * [new tag]             0.3.9                   -> 0.3.9
handle_failure	Checkout code	2025-12-01T02:37:54.4328427Z  * [new tag]             0.4.0                   -> 0.4.0
handle_failure	Checkout code	2025-12-01T02:37:54.4328960Z  * [new tag]             0.4.1                   -> 0.4.1
handle_failure	Checkout code	2025-12-01T02:37:54.4329326Z  * [new tag]             0.4.10                  -> 0.4.10
handle_failure	Checkout code	2025-12-01T02:37:54.4329690Z  * [new tag]             0.4.2                   -> 0.4.2
handle_failure	Checkout code	2025-12-01T02:37:54.4330045Z  * [new tag]             0.4.3                   -> 0.4.3
handle_failure	Checkout code	2025-12-01T02:37:54.4330405Z  * [new tag]             0.4.4                   -> 0.4.4
handle_failure	Checkout code	2025-12-01T02:37:54.4330769Z  * [new tag]             0.4.5                   -> 0.4.5
handle_failure	Checkout code	2025-12-01T02:37:54.4331126Z  * [new tag]             0.4.6                   -> 0.4.6
handle_failure	Checkout code	2025-12-01T02:37:54.4331490Z  * [new tag]             0.4.7                   -> 0.4.7
handle_failure	Checkout code	2025-12-01T02:37:54.4331852Z  * [new tag]             0.4.8                   -> 0.4.8
handle_failure	Checkout code	2025-12-01T02:37:54.4332213Z  * [new tag]             0.4.9                   -> 0.4.9
handle_failure	Checkout code	2025-12-01T02:37:54.4559862Z [command]/usr/bin/git branch --list --remote origin/main
handle_failure	Checkout code	2025-12-01T02:37:54.4623346Z   origin/main
handle_failure	Checkout code	2025-12-01T02:37:54.4633563Z [command]/usr/bin/git rev-parse refs/remotes/origin/main
handle_failure	Checkout code	2025-12-01T02:37:54.4661824Z 381a577356fa9d477e34e1f85acd57c2c9e16beb
handle_failure	Checkout code	2025-12-01T02:37:54.4673679Z [command]/usr/bin/git -c protocol.version=2 fetch --no-tags --prune --no-recurse-submodules origin +5f39d6a11f21d61f5921743680ef629ed937bbdb:refs/remotes/origin/main
handle_failure	Checkout code	2025-12-01T02:37:54.4832869Z From https://github.com/Ka0s-Klaus/ka0s
handle_failure	Checkout code	2025-12-01T02:37:54.4833783Z  + 381a57735...5f39d6a11 5f39d6a11f21d61f5921743680ef629ed937bbdb -> origin/main  (forced update)
handle_failure	Checkout code	2025-12-01T02:37:54.4863974Z ##[endgroup]
handle_failure	Checkout code	2025-12-01T02:37:54.4937835Z ##[group]Determining the checkout info
handle_failure	Checkout code	2025-12-01T02:37:54.4938681Z ##[endgroup]
handle_failure	Checkout code	2025-12-01T02:37:54.4939059Z [command]/usr/bin/git sparse-checkout disable
handle_failure	Checkout code	2025-12-01T02:37:54.4940032Z [command]/usr/bin/git config --local --unset-all extensions.worktreeConfig
handle_failure	Checkout code	2025-12-01T02:37:54.4953133Z ##[group]Checking out the ref
handle_failure	Checkout code	2025-12-01T02:37:54.4958682Z [command]/usr/bin/git checkout --progress --force -B main refs/remotes/origin/main
handle_failure	Checkout code	2025-12-01T02:37:55.2740087Z Switched to a new branch 'main'
handle_failure	Checkout code	2025-12-01T02:37:55.2742249Z branch 'main' set up to track 'origin/main'.
handle_failure	Checkout code	2025-12-01T02:37:55.2838179Z ##[endgroup]
handle_failure	Checkout code	2025-12-01T02:37:55.2882275Z [command]/usr/bin/git log -1 --format=%H
handle_failure	Checkout code	2025-12-01T02:37:55.2909429Z 5f39d6a11f21d61f5921743680ef629ed937bbdb
handle_failure	handle-failure-execution	ï»¿2025-12-01T02:37:55.3150639Z ##[group]Run echo "Error detected in process"
handle_failure	handle-failure-execution	2025-12-01T02:37:55.3151290Z [36;1mecho "Error detected in process"[0m
handle_failure	handle-failure-execution	2025-12-01T02:37:55.3151728Z [36;1m# RNNUMBER=$(echo "refs/heads/main" | grep -o '[0-9]*')[0m
handle_failure	handle-failure-execution	2025-12-01T02:37:55.3152525Z [36;1m# gh issue comment $RNNUMBER --body "El proceso no ha finalizado correctamente 19809213998. El resultado estÃ¡ en el fichero core/results/event_data19809213998.log"[0m
handle_failure	handle-failure-execution	2025-12-01T02:37:55.3153320Z [36;1m# Creamos la issue dado que ha fallado el modulo principal[0m
handle_failure	handle-failure-execution	2025-12-01T02:37:55.3154574Z [36;1mgh issue create  --title "[Ka0S] Error detected in [Ka0S] Workflow Statistics Summary" --body "Error detected in [Ka0S] Workflow Statistics Summary. Please check the logs for 19809213998 more information of error."[0m
handle_failure	handle-failure-execution	2025-12-01T02:37:55.3170407Z shell: /usr/bin/bash -e {0}
handle_failure	handle-failure-execution	2025-12-01T02:37:55.3170897Z env:
handle_failure	handle-failure-execution	2025-12-01T02:37:55.3171157Z   KAOS_CODE: 19809213998
handle_failure	handle-failure-execution	2025-12-01T02:37:55.3171425Z   KAOS_EVENT_NAME: schedule
handle_failure	handle-failure-execution	2025-12-01T02:37:55.3171860Z   KAOS_ACTION: 
handle_failure	handle-failure-execution	2025-12-01T02:37:55.3172154Z   KAOS_REF: refs/heads/main
handle_failure	handle-failure-execution	2025-12-01T02:37:55.3172462Z   KAOS_MODULE: [Ka0S] Workflow Statistics Summary
handle_failure	handle-failure-execution	2025-12-01T02:37:55.3172806Z   KAOS_PATH_RESUME: audit/workflows/
handle_failure	handle-failure-execution	2025-12-01T02:37:55.3173104Z   KAOS_ACTOR: santakloud
handle_failure	handle-failure-execution	2025-12-01T02:37:55.3173365Z   GH_REPO: Ka0s-Klaus/ka0s
handle_failure	handle-failure-execution	2025-12-01T02:37:55.3174070Z   GH_TOKEN: ***
handle_failure	handle-failure-execution	2025-12-01T02:37:55.3174547Z ##[endgroup]
handle_failure	handle-failure-execution	2025-12-01T02:37:55.3234384Z Error detected in process
handle_failure	handle-failure-execution	2025-12-01T02:37:56.4295106Z https://github.com/Ka0s-Klaus/ka0s/issues/2382
handle_failure	Post Checkout code	ï»¿2025-12-01T02:37:56.4452338Z Post job cleanup.
handle_failure	Post Checkout code	2025-12-01T02:37:56.5470574Z [command]/usr/bin/git version
handle_failure	Post Checkout code	2025-12-01T02:37:56.5509064Z git version 2.51.0
handle_failure	Post Checkout code	2025-12-01T02:37:56.5555565Z Temporarily overriding HOME='/home/runner/_work/_temp/50a52bbe-8505-4c6b-b6e2-1d45ad0f7cce' before making global git config changes
handle_failure	Post Checkout code	2025-12-01T02:37:56.5556791Z Adding repository directory to the temporary git global config as a safe directory
handle_failure	Post Checkout code	2025-12-01T02:37:56.5563029Z [command]/usr/bin/git config --global --add safe.directory /home/runner/_work/ka0s/ka0s
handle_failure	Post Checkout code	2025-12-01T02:37:56.5602724Z [command]/usr/bin/git config --local --name-only --get-regexp core\.sshCommand
handle_failure	Post Checkout code	2025-12-01T02:37:56.5642109Z [command]/usr/bin/git submodule foreach --recursive sh -c "git config --local --name-only --get-regexp 'core\.sshCommand' && git config --local --unset-all 'core.sshCommand' || :"
handle_failure	Post Checkout code	2025-12-01T02:37:56.5922806Z [command]/usr/bin/git config --local --name-only --get-regexp http\.https\:\/\/github\.com\/\.extraheader
handle_failure	Post Checkout code	2025-12-01T02:37:56.5947525Z http.https://github.com/.extraheader
handle_failure	Post Checkout code	2025-12-01T02:37:56.5959605Z [command]/usr/bin/git config --local --unset-all http.https://github.com/.extraheader
handle_failure	Post Checkout code	2025-12-01T02:37:56.5993058Z [command]/usr/bin/git submodule foreach --recursive sh -c "git config --local --name-only --get-regexp 'http\.https\:\/\/github\.com\/\.extraheader' && git config --local --unset-all 'http.https://github.com/.extraheader' || :"
handle_failure	Post Checkout code	2025-12-01T02:37:56.6246852Z [command]/usr/bin/git config --local --name-only --get-regexp ^includeIf\.gitdir:
handle_failure	Post Checkout code	2025-12-01T02:37:56.6281292Z [command]/usr/bin/git submodule foreach --recursive git config --local --show-origin --name-only --get-regexp remote.origin.url
handle_failure	Complete job	ï»¿2025-12-01T02:37:56.6673375Z Cleaning up orphan processes
end-workflow	Set up job	ï»¿2025-12-01T02:38:02.1238679Z Current runner version: '2.328.0'
end-workflow	Set up job	2025-12-01T02:38:02.1252264Z Runner name: '16a575d63911'
end-workflow	Set up job	2025-12-01T02:38:02.1255649Z Runner group name: 'swarm-runners'
end-workflow	Set up job	2025-12-01T02:38:02.1259345Z Machine name: '16a575d63911'
end-workflow	Set up job	2025-12-01T02:38:02.1269615Z ##[group]GITHUB_TOKEN Permissions
end-workflow	Set up job	2025-12-01T02:38:02.1276478Z Actions: write
end-workflow	Set up job	2025-12-01T02:38:02.1279202Z Contents: write
end-workflow	Set up job	2025-12-01T02:38:02.1281902Z Issues: write
end-workflow	Set up job	2025-12-01T02:38:02.1284287Z Metadata: read
end-workflow	Set up job	2025-12-01T02:38:02.1287023Z ##[endgroup]
end-workflow	Set up job	2025-12-01T02:38:02.1293214Z Secret source: Actions
end-workflow	Set up job	2025-12-01T02:38:02.1296971Z Prepare workflow directory
end-workflow	Set up job	2025-12-01T02:38:02.2606407Z Prepare all required actions
end-workflow	Set up job	2025-12-01T02:38:02.2677753Z Getting action download info
end-workflow	Set up job	2025-12-01T02:38:03.0326607Z Download action repository 'actions/checkout@v4' (SHA:34e114876b0b11c390a56381ad16ebd13914f8d5)
end-workflow	Set up job	2025-12-01T02:38:04.2287411Z Complete job name: end-workflow
end-workflow	Checkout code	ï»¿2025-12-01T02:38:04.3597245Z ##[group]Run actions/checkout@v4
end-workflow	Checkout code	2025-12-01T02:38:04.3598655Z with:
end-workflow	Checkout code	2025-12-01T02:38:04.3599358Z   fetch-depth: 0
end-workflow	Checkout code	2025-12-01T02:38:04.3600768Z   token: ***
end-workflow	Checkout code	2025-12-01T02:38:04.3601536Z   repository: Ka0s-Klaus/ka0s
end-workflow	Checkout code	2025-12-01T02:38:04.3602204Z   ssh-strict: true
end-workflow	Checkout code	2025-12-01T02:38:04.3602772Z   ssh-user: git
end-workflow	Checkout code	2025-12-01T02:38:04.3603534Z   persist-credentials: true
end-workflow	Checkout code	2025-12-01T02:38:04.3604214Z   clean: true
end-workflow	Checkout code	2025-12-01T02:38:04.3604834Z   sparse-checkout-cone-mode: true
end-workflow	Checkout code	2025-12-01T02:38:04.3605855Z   fetch-tags: false
end-workflow	Checkout code	2025-12-01T02:38:04.3606484Z   show-progress: true
end-workflow	Checkout code	2025-12-01T02:38:04.3607434Z   lfs: false
end-workflow	Checkout code	2025-12-01T02:38:04.3607998Z   submodules: false
end-workflow	Checkout code	2025-12-01T02:38:04.3608654Z   set-safe-directory: true
end-workflow	Checkout code	2025-12-01T02:38:04.3609631Z env:
end-workflow	Checkout code	2025-12-01T02:38:04.3610657Z   KAOS_CODE: 19809213998
end-workflow	Checkout code	2025-12-01T02:38:04.3611300Z   KAOS_EVENT_NAME: schedule
end-workflow	Checkout code	2025-12-01T02:38:04.3611963Z   KAOS_ACTION: 
end-workflow	Checkout code	2025-12-01T02:38:04.3612562Z   KAOS_REF: refs/heads/main
end-workflow	Checkout code	2025-12-01T02:38:04.3613646Z   KAOS_MODULE: [Ka0S] Workflow Statistics Summary
end-workflow	Checkout code	2025-12-01T02:38:04.3614569Z   KAOS_PATH_RESUME: audit/workflows/
end-workflow	Checkout code	2025-12-01T02:38:04.3615610Z   KAOS_ACTOR: santakloud
end-workflow	Checkout code	2025-12-01T02:38:04.3616621Z   GH_REPO: Ka0s-Klaus/ka0s
end-workflow	Checkout code	2025-12-01T02:38:04.3617792Z   GH_TOKEN: ***
end-workflow	Checkout code	2025-12-01T02:38:04.3618390Z ##[endgroup]
end-workflow	Checkout code	2025-12-01T02:38:04.5742197Z Syncing repository: Ka0s-Klaus/ka0s
end-workflow	Checkout code	2025-12-01T02:38:04.5745515Z ##[group]Getting Git version info
end-workflow	Checkout code	2025-12-01T02:38:04.5746542Z Working directory is '/home/runner/_work/ka0s/ka0s'
end-workflow	Checkout code	2025-12-01T02:38:04.5747881Z [command]/usr/bin/git version
end-workflow	Checkout code	2025-12-01T02:38:04.5748552Z git version 2.51.0
end-workflow	Checkout code	2025-12-01T02:38:04.5768995Z ##[endgroup]
end-workflow	Checkout code	2025-12-01T02:38:04.5790880Z Temporarily overriding HOME='/home/runner/_work/_temp/54f4e232-d5d5-4225-a9f3-1f471b977d5c' before making global git config changes
end-workflow	Checkout code	2025-12-01T02:38:04.5792870Z Adding repository directory to the temporary git global config as a safe directory
end-workflow	Checkout code	2025-12-01T02:38:04.5800950Z [command]/usr/bin/git config --global --add safe.directory /home/runner/_work/ka0s/ka0s
end-workflow	Checkout code	2025-12-01T02:38:04.6155416Z Deleting the contents of '/home/runner/_work/ka0s/ka0s'
end-workflow	Checkout code	2025-12-01T02:38:04.6162164Z ##[group]Initializing the repository
end-workflow	Checkout code	2025-12-01T02:38:04.6179666Z [command]/usr/bin/git init /home/runner/_work/ka0s/ka0s
end-workflow	Checkout code	2025-12-01T02:38:04.6550385Z hint: Using 'master' as the name for the initial branch. This default branch name
end-workflow	Checkout code	2025-12-01T02:38:04.6561548Z hint: is subject to change. To configure the initial branch name to use in all
end-workflow	Checkout code	2025-12-01T02:38:04.6569807Z hint: of your new repositories, which will suppress this warning, call:
end-workflow	Checkout code	2025-12-01T02:38:04.6576577Z hint:
end-workflow	Checkout code	2025-12-01T02:38:04.6580871Z hint: 	git config --global init.defaultBranch <name>
end-workflow	Checkout code	2025-12-01T02:38:04.6585971Z hint:
end-workflow	Checkout code	2025-12-01T02:38:04.6590138Z hint: Names commonly chosen instead of 'master' are 'main', 'trunk' and
end-workflow	Checkout code	2025-12-01T02:38:04.6598120Z hint: 'development'. The just-created branch can be renamed via this command:
end-workflow	Checkout code	2025-12-01T02:38:04.6603881Z hint:
end-workflow	Checkout code	2025-12-01T02:38:04.6607572Z hint: 	git branch -m <name>
end-workflow	Checkout code	2025-12-01T02:38:04.6611492Z hint:
end-workflow	Checkout code	2025-12-01T02:38:04.6617723Z hint: Disable this message with "git config set advice.defaultBranchName false"
end-workflow	Checkout code	2025-12-01T02:38:04.6627341Z Initialized empty Git repository in /home/runner/_work/ka0s/ka0s/.git/
end-workflow	Checkout code	2025-12-01T02:38:04.6656214Z [command]/usr/bin/git remote add origin https://github.com/Ka0s-Klaus/ka0s
end-workflow	Checkout code	2025-12-01T02:38:04.6918385Z ##[endgroup]
end-workflow	Checkout code	2025-12-01T02:38:04.6934684Z ##[group]Disabling automatic garbage collection
end-workflow	Checkout code	2025-12-01T02:38:04.6949450Z [command]/usr/bin/git config --local gc.auto 0
end-workflow	Checkout code	2025-12-01T02:38:04.7348776Z ##[endgroup]
end-workflow	Checkout code	2025-12-01T02:38:04.7364609Z ##[group]Setting up auth
end-workflow	Checkout code	2025-12-01T02:38:04.7418072Z [command]/usr/bin/git config --local --name-only --get-regexp core\.sshCommand
end-workflow	Checkout code	2025-12-01T02:38:04.7603841Z [command]/usr/bin/git submodule foreach --recursive sh -c "git config --local --name-only --get-regexp 'core\.sshCommand' && git config --local --unset-all 'core.sshCommand' || :"
end-workflow	Checkout code	2025-12-01T02:38:04.8497632Z [command]/usr/bin/git config --local --name-only --get-regexp http\.https\:\/\/github\.com\/\.extraheader
end-workflow	Checkout code	2025-12-01T02:38:04.8558299Z [command]/usr/bin/git submodule foreach --recursive sh -c "git config --local --name-only --get-regexp 'http\.https\:\/\/github\.com\/\.extraheader' && git config --local --unset-all 'http.https://github.com/.extraheader' || :"
end-workflow	Checkout code	2025-12-01T02:38:04.9006832Z [command]/usr/bin/git config --local --name-only --get-regexp ^includeIf\.gitdir:
end-workflow	Checkout code	2025-12-01T02:38:04.9065286Z [command]/usr/bin/git submodule foreach --recursive git config --local --show-origin --name-only --get-regexp remote.origin.url
end-workflow	Checkout code	2025-12-01T02:38:04.9507386Z [command]/usr/bin/git config --local http.https://github.com/.extraheader AUTHORIZATION: basic ***
end-workflow	Checkout code	2025-12-01T02:38:04.9571653Z ##[endgroup]
end-workflow	Checkout code	2025-12-01T02:38:04.9574986Z ##[group]Fetching the repository
end-workflow	Checkout code	2025-12-01T02:38:04.9606987Z [command]/usr/bin/git -c protocol.version=2 fetch --prune --no-recurse-submodules origin +refs/heads/*:refs/remotes/origin/* +refs/tags/*:refs/tags/*
end-workflow	Checkout code	2025-12-01T02:38:23.8026072Z From https://github.com/Ka0s-Klaus/ka0s
end-workflow	Checkout code	2025-12-01T02:38:23.8027679Z  * [new branch]          F1149-desarrollo-de-orchestrator -> origin/F1149-desarrollo-de-orchestrator
end-workflow	Checkout code	2025-12-01T02:38:23.8030207Z  * [new branch]          F1183-personalizaciÃ³n-mÃ³dulo-finops -> origin/F1183-personalizaciÃ³n-mÃ³dulo-finops
end-workflow	Checkout code	2025-12-01T02:38:23.8031863Z  * [new branch]          F1224-new-module-mongodb -> origin/F1224-new-module-mongodb
end-workflow	Checkout code	2025-12-01T02:38:23.8140130Z  * [new branch]          F220-web-de-resultados  -> origin/F220-web-de-resultados
end-workflow	Checkout code	2025-12-01T02:38:23.8142982Z  * [new branch]          F227-despliegue-de-kube-independiente-del-clouder -> origin/F227-despliegue-de-kube-independiente-del-clouder
end-workflow	Checkout code	2025-12-01T02:38:23.8146005Z  * [new branch]          F329-documentacion-metodologia-de-kaos -> origin/F329-documentacion-metodologia-de-kaos
end-workflow	Checkout code	2025-12-01T02:38:23.8148725Z  * [new branch]          F44-creaciÃ³n-mÃ³dulo-versionado -> origin/F44-creaciÃ³n-mÃ³dulo-versionado
end-workflow	Checkout code	2025-12-01T02:38:23.8151393Z  * [new branch]          H1128-mÃ³dulo-de-observabilidad -> origin/H1128-mÃ³dulo-de-observabilidad
end-workflow	Checkout code	2025-12-01T02:38:23.8154151Z  * [new branch]          H1139-como-instalar-arc-control -> origin/H1139-como-instalar-arc-control
end-workflow	Checkout code	2025-12-01T02:38:23.8156730Z  * [new branch]          H1149-desarrollo-de-orchestrator -> origin/H1149-desarrollo-de-orchestrator
end-workflow	Checkout code	2025-12-01T02:38:23.8159091Z  * [new branch]          H1150-desarrollo-de-secciones -> origin/H1150-desarrollo-de-secciones
end-workflow	Checkout code	2025-12-01T02:38:23.8161633Z  * [new branch]          H1151-desarrollo-de-secciones-ii -> origin/H1151-desarrollo-de-secciones-ii
end-workflow	Checkout code	2025-12-01T02:38:23.8163921Z  * [new branch]          H1152-desarrollo-inicio -> origin/H1152-desarrollo-inicio
end-workflow	Checkout code	2025-12-01T02:38:23.8166871Z  * [new branch]          H1183-personalizaciÃ³n-mÃ³dulo-finops -> origin/H1183-personalizaciÃ³n-mÃ³dulo-finops
end-workflow	Checkout code	2025-12-01T02:38:23.8169503Z  * [new branch]          H1193-ejemplo-web-documentacion -> origin/H1193-ejemplo-web-documentacion
end-workflow	Checkout code	2025-12-01T02:38:23.8171770Z  * [new branch]          H1205-web-creation      -> origin/H1205-web-creation
end-workflow	Checkout code	2025-12-01T02:38:23.8173824Z  * [new branch]          H1224-new-module-mongodb -> origin/H1224-new-module-mongodb
end-workflow	Checkout code	2025-12-01T02:38:23.8176379Z  * [new branch]          H1410-modulo-execution  -> origin/H1410-modulo-execution
end-workflow	Checkout code	2025-12-01T02:38:23.8179445Z  * [new branch]          H1514-new-swarm-deployment-stack-with-actions-runners-autoscale -> origin/H1514-new-swarm-deployment-stack-with-actions-runners-autoscale
end-workflow	Checkout code	2025-12-01T02:38:23.8183657Z  * [new branch]          H1968-modulo-personalizaciÃ³n-del-portal-de-kaos-core -> origin/H1968-modulo-personalizaciÃ³n-del-portal-de-kaos-core
end-workflow	Checkout code	2025-12-01T02:38:23.8186496Z  * [new branch]          H215-modulo-de-summary  -> origin/H215-modulo-de-summary
end-workflow	Checkout code	2025-12-01T02:38:23.8188436Z  * [new branch]          H220-web-de-resultados  -> origin/H220-web-de-resultados
end-workflow	Checkout code	2025-12-01T02:38:23.8191090Z  * [new branch]          H227-despliegue-de-kube-independiente-del-clouder -> origin/H227-despliegue-de-kube-independiente-del-clouder
end-workflow	Checkout code	2025-12-01T02:38:23.8194228Z  * [new branch]          H306-ficheros-de-estadisticas -> origin/H306-ficheros-de-estadisticas
end-workflow	Checkout code	2025-12-01T02:38:23.8197009Z  * [new branch]          H328-documentacion-modulo-principal-de-kaos -> origin/H328-documentacion-modulo-principal-de-kaos
end-workflow	Checkout code	2025-12-01T02:38:23.8199952Z  * [new branch]          H329-documentacion-metodologia-de-kaos -> origin/H329-documentacion-metodologia-de-kaos
end-workflow	Checkout code	2025-12-01T02:38:23.8202780Z  * [new branch]          H338-relanzador-de-jobs-en-caso-de-pattern -> origin/H338-relanzador-de-jobs-en-caso-de-pattern
end-workflow	Checkout code	2025-12-01T02:38:23.8205695Z  * [new branch]          H38-documentacion-basica-del-proyecto -> origin/H38-documentacion-basica-del-proyecto
end-workflow	Checkout code	2025-12-01T02:38:23.8208617Z  * [new branch]          H44-creaciÃ³n-mÃ³dulo-versionado -> origin/H44-creaciÃ³n-mÃ³dulo-versionado
end-workflow	Checkout code	2025-12-01T02:38:23.8211079Z  * [new branch]          RN1149-desarrollo-de-orchestrator -> origin/RN1149-desarrollo-de-orchestrator
end-workflow	Checkout code	2025-12-01T02:38:23.8213961Z  * [new branch]          RN1183-personalizaciÃ³n-mÃ³dulo-finops -> origin/RN1183-personalizaciÃ³n-mÃ³dulo-finops
end-workflow	Checkout code	2025-12-01T02:38:23.8217293Z  * [new branch]          RN1282-ka0s-error-detected-in-ka0s-workflow-statistics-summary -> origin/RN1282-ka0s-error-detected-in-ka0s-workflow-statistics-summary
end-workflow	Checkout code	2025-12-01T02:38:23.8219953Z  * [new branch]          RN220-web-de-resultados -> origin/RN220-web-de-resultados
end-workflow	Checkout code	2025-12-01T02:38:23.8222493Z  * [new branch]          RN227-despliegue-de-kube-independiente-del-clouder -> origin/RN227-despliegue-de-kube-independiente-del-clouder
end-workflow	Checkout code	2025-12-01T02:38:23.8225938Z  * [new branch]          RN329-documentacion-metodologia-de-kaos -> origin/RN329-documentacion-metodologia-de-kaos
end-workflow	Checkout code	2025-12-01T02:38:23.8228779Z  * [new branch]          main                    -> origin/main
end-workflow	Checkout code	2025-12-01T02:38:23.8230389Z  * [new tag]             0.0.0                   -> 0.0.0
end-workflow	Checkout code	2025-12-01T02:38:23.8231891Z  * [new tag]             0.0.1                   -> 0.0.1
end-workflow	Checkout code	2025-12-01T02:38:23.8233382Z  * [new tag]             0.0.10                  -> 0.0.10
end-workflow	Checkout code	2025-12-01T02:38:23.8234888Z  * [new tag]             0.0.100                 -> 0.0.100
end-workflow	Checkout code	2025-12-01T02:38:23.8236502Z  * [new tag]             0.0.101                 -> 0.0.101
end-workflow	Checkout code	2025-12-01T02:38:23.8237942Z  * [new tag]             0.0.102                 -> 0.0.102
end-workflow	Checkout code	2025-12-01T02:38:23.8239382Z  * [new tag]             0.0.103                 -> 0.0.103
end-workflow	Checkout code	2025-12-01T02:38:23.8240828Z  * [new tag]             0.0.104                 -> 0.0.104
end-workflow	Checkout code	2025-12-01T02:38:23.8242258Z  * [new tag]             0.0.105                 -> 0.0.105
end-workflow	Checkout code	2025-12-01T02:38:23.8243544Z  * [new tag]             0.0.106                 -> 0.0.106
end-workflow	Checkout code	2025-12-01T02:38:23.8244999Z  * [new tag]             0.0.107                 -> 0.0.107
end-workflow	Checkout code	2025-12-01T02:38:23.8246538Z  * [new tag]             0.0.108                 -> 0.0.108
end-workflow	Checkout code	2025-12-01T02:38:23.8247973Z  * [new tag]             0.0.109                 -> 0.0.109
end-workflow	Checkout code	2025-12-01T02:38:23.8249413Z  * [new tag]             0.0.11                  -> 0.0.11
end-workflow	Checkout code	2025-12-01T02:38:23.8250879Z  * [new tag]             0.0.110                 -> 0.0.110
end-workflow	Checkout code	2025-12-01T02:38:23.8252386Z  * [new tag]             0.0.111                 -> 0.0.111
end-workflow	Checkout code	2025-12-01T02:38:23.8254101Z  * [new tag]             0.0.112                 -> 0.0.112
end-workflow	Checkout code	2025-12-01T02:38:23.8255458Z  * [new tag]             0.0.113                 -> 0.0.113
end-workflow	Checkout code	2025-12-01T02:38:23.8257431Z  * [new tag]             0.0.114                 -> 0.0.114
end-workflow	Checkout code	2025-12-01T02:38:23.8258945Z  * [new tag]             0.0.115                 -> 0.0.115
end-workflow	Checkout code	2025-12-01T02:38:23.8260433Z  * [new tag]             0.0.116                 -> 0.0.116
end-workflow	Checkout code	2025-12-01T02:38:23.8261916Z  * [new tag]             0.0.117                 -> 0.0.117
end-workflow	Checkout code	2025-12-01T02:38:23.8263396Z  * [new tag]             0.0.118                 -> 0.0.118
end-workflow	Checkout code	2025-12-01T02:38:23.8264885Z  * [new tag]             0.0.119                 -> 0.0.119
end-workflow	Checkout code	2025-12-01T02:38:23.8265716Z  * [new tag]             0.0.12                  -> 0.0.12
end-workflow	Checkout code	2025-12-01T02:38:23.8266241Z  * [new tag]             0.0.120                 -> 0.0.120
end-workflow	Checkout code	2025-12-01T02:38:23.8266988Z  * [new tag]             0.0.121                 -> 0.0.121
end-workflow	Checkout code	2025-12-01T02:38:23.8267516Z  * [new tag]             0.0.122                 -> 0.0.122
end-workflow	Checkout code	2025-12-01T02:38:23.8268026Z  * [new tag]             0.0.123                 -> 0.0.123
end-workflow	Checkout code	2025-12-01T02:38:23.8268532Z  * [new tag]             0.0.124                 -> 0.0.124
end-workflow	Checkout code	2025-12-01T02:38:23.8269051Z  * [new tag]             0.0.125                 -> 0.0.125
end-workflow	Checkout code	2025-12-01T02:38:23.8269560Z  * [new tag]             0.0.126                 -> 0.0.126
end-workflow	Checkout code	2025-12-01T02:38:23.8270070Z  * [new tag]             0.0.127                 -> 0.0.127
end-workflow	Checkout code	2025-12-01T02:38:23.8270588Z  * [new tag]             0.0.128                 -> 0.0.128
end-workflow	Checkout code	2025-12-01T02:38:23.8271108Z  * [new tag]             0.0.129                 -> 0.0.129
end-workflow	Checkout code	2025-12-01T02:38:23.8271656Z  * [new tag]             0.0.13                  -> 0.0.13
end-workflow	Checkout code	2025-12-01T02:38:23.8272165Z  * [new tag]             0.0.130                 -> 0.0.130
end-workflow	Checkout code	2025-12-01T02:38:23.8272685Z  * [new tag]             0.0.131                 -> 0.0.131
end-workflow	Checkout code	2025-12-01T02:38:23.8273213Z  * [new tag]             0.0.132                 -> 0.0.132
end-workflow	Checkout code	2025-12-01T02:38:23.8273734Z  * [new tag]             0.0.133                 -> 0.0.133
end-workflow	Checkout code	2025-12-01T02:38:23.8274250Z  * [new tag]             0.0.134                 -> 0.0.134
end-workflow	Checkout code	2025-12-01T02:38:23.8274766Z  * [new tag]             0.0.135                 -> 0.0.135
end-workflow	Checkout code	2025-12-01T02:38:23.8275457Z  * [new tag]             0.0.136                 -> 0.0.136
end-workflow	Checkout code	2025-12-01T02:38:23.8275981Z  * [new tag]             0.0.137                 -> 0.0.137
end-workflow	Checkout code	2025-12-01T02:38:23.8276495Z  * [new tag]             0.0.138                 -> 0.0.138
end-workflow	Checkout code	2025-12-01T02:38:23.8277008Z  * [new tag]             0.0.139                 -> 0.0.139
end-workflow	Checkout code	2025-12-01T02:38:23.8277519Z  * [new tag]             0.0.14                  -> 0.0.14
end-workflow	Checkout code	2025-12-01T02:38:23.8278031Z  * [new tag]             0.0.140                 -> 0.0.140
end-workflow	Checkout code	2025-12-01T02:38:23.8278549Z  * [new tag]             0.0.141                 -> 0.0.141
end-workflow	Checkout code	2025-12-01T02:38:23.8279079Z  * [new tag]             0.0.142                 -> 0.0.142
end-workflow	Checkout code	2025-12-01T02:38:23.8279598Z  * [new tag]             0.0.143                 -> 0.0.143
end-workflow	Checkout code	2025-12-01T02:38:23.8280124Z  * [new tag]             0.0.144                 -> 0.0.144
end-workflow	Checkout code	2025-12-01T02:38:23.8280634Z  * [new tag]             0.0.145                 -> 0.0.145
end-workflow	Checkout code	2025-12-01T02:38:23.8281139Z  * [new tag]             0.0.146                 -> 0.0.146
end-workflow	Checkout code	2025-12-01T02:38:23.8281655Z  * [new tag]             0.0.147                 -> 0.0.147
end-workflow	Checkout code	2025-12-01T02:38:23.8282170Z  * [new tag]             0.0.148                 -> 0.0.148
end-workflow	Checkout code	2025-12-01T02:38:23.8282689Z  * [new tag]             0.0.149                 -> 0.0.149
end-workflow	Checkout code	2025-12-01T02:38:23.8283203Z  * [new tag]             0.0.15                  -> 0.0.15
end-workflow	Checkout code	2025-12-01T02:38:23.8283715Z  * [new tag]             0.0.150                 -> 0.0.150
end-workflow	Checkout code	2025-12-01T02:38:23.8284235Z  * [new tag]             0.0.151                 -> 0.0.151
end-workflow	Checkout code	2025-12-01T02:38:23.8284779Z  * [new tag]             0.0.152                 -> 0.0.152
end-workflow	Checkout code	2025-12-01T02:38:23.8285766Z  * [new tag]             0.0.153                 -> 0.0.153
end-workflow	Checkout code	2025-12-01T02:38:23.8287557Z  * [new tag]             0.0.154                 -> 0.0.154
end-workflow	Checkout code	2025-12-01T02:38:23.8288980Z  * [new tag]             0.0.155                 -> 0.0.155
end-workflow	Checkout code	2025-12-01T02:38:23.8290476Z  * [new tag]             0.0.156                 -> 0.0.156
end-workflow	Checkout code	2025-12-01T02:38:23.8291953Z  * [new tag]             0.0.157                 -> 0.0.157
end-workflow	Checkout code	2025-12-01T02:38:23.8293434Z  * [new tag]             0.0.158                 -> 0.0.158
end-workflow	Checkout code	2025-12-01T02:38:23.8294926Z  * [new tag]             0.0.159                 -> 0.0.159
end-workflow	Checkout code	2025-12-01T02:38:23.8296487Z  * [new tag]             0.0.16                  -> 0.0.16
end-workflow	Checkout code	2025-12-01T02:38:23.8297974Z  * [new tag]             0.0.160                 -> 0.0.160
end-workflow	Checkout code	2025-12-01T02:38:23.8299463Z  * [new tag]             0.0.161                 -> 0.0.161
end-workflow	Checkout code	2025-12-01T02:38:23.8300941Z  * [new tag]             0.0.162                 -> 0.0.162
end-workflow	Checkout code	2025-12-01T02:38:23.8302642Z  * [new tag]             0.0.163                 -> 0.0.163
end-workflow	Checkout code	2025-12-01T02:38:23.8304177Z  * [new tag]             0.0.164                 -> 0.0.164
end-workflow	Checkout code	2025-12-01T02:38:23.8305434Z  * [new tag]             0.0.165                 -> 0.0.165
end-workflow	Checkout code	2025-12-01T02:38:23.8305957Z  * [new tag]             0.0.166                 -> 0.0.166
end-workflow	Checkout code	2025-12-01T02:38:23.8306469Z  * [new tag]             0.0.167                 -> 0.0.167
end-workflow	Checkout code	2025-12-01T02:38:23.8306982Z  * [new tag]             0.0.168                 -> 0.0.168
end-workflow	Checkout code	2025-12-01T02:38:23.8307492Z  * [new tag]             0.0.169                 -> 0.0.169
end-workflow	Checkout code	2025-12-01T02:38:23.8308004Z  * [new tag]             0.0.17                  -> 0.0.17
end-workflow	Checkout code	2025-12-01T02:38:23.8308513Z  * [new tag]             0.0.170                 -> 0.0.170
end-workflow	Checkout code	2025-12-01T02:38:23.8309026Z  * [new tag]             0.0.171                 -> 0.0.171
end-workflow	Checkout code	2025-12-01T02:38:23.8309537Z  * [new tag]             0.0.172                 -> 0.0.172
end-workflow	Checkout code	2025-12-01T02:38:23.8310050Z  * [new tag]             0.0.173                 -> 0.0.173
end-workflow	Checkout code	2025-12-01T02:38:23.8310573Z  * [new tag]             0.0.174                 -> 0.0.174
end-workflow	Checkout code	2025-12-01T02:38:23.8311091Z  * [new tag]             0.0.175                 -> 0.0.175
end-workflow	Checkout code	2025-12-01T02:38:23.8311603Z  * [new tag]             0.0.176                 -> 0.0.176
end-workflow	Checkout code	2025-12-01T02:38:23.8312105Z  * [new tag]             0.0.177                 -> 0.0.177
end-workflow	Checkout code	2025-12-01T02:38:23.8312609Z  * [new tag]             0.0.178                 -> 0.0.178
end-workflow	Checkout code	2025-12-01T02:38:23.8313114Z  * [new tag]             0.0.179                 -> 0.0.179
end-workflow	Checkout code	2025-12-01T02:38:23.8313629Z  * [new tag]             0.0.18                  -> 0.0.18
end-workflow	Checkout code	2025-12-01T02:38:23.8314130Z  * [new tag]             0.0.19                  -> 0.0.19
end-workflow	Checkout code	2025-12-01T02:38:23.8314628Z  * [new tag]             0.0.2                   -> 0.0.2
end-workflow	Checkout code	2025-12-01T02:38:23.8315244Z  * [new tag]             0.0.20                  -> 0.0.20
end-workflow	Checkout code	2025-12-01T02:38:23.8315823Z  * [new tag]             0.0.21                  -> 0.0.21
end-workflow	Checkout code	2025-12-01T02:38:23.8316335Z  * [new tag]             0.0.22                  -> 0.0.22
end-workflow	Checkout code	2025-12-01T02:38:23.8316839Z  * [new tag]             0.0.23                  -> 0.0.23
end-workflow	Checkout code	2025-12-01T02:38:23.8317338Z  * [new tag]             0.0.24                  -> 0.0.24
end-workflow	Checkout code	2025-12-01T02:38:23.8317838Z  * [new tag]             0.0.25                  -> 0.0.25
end-workflow	Checkout code	2025-12-01T02:38:23.8318338Z  * [new tag]             0.0.26                  -> 0.0.26
end-workflow	Checkout code	2025-12-01T02:38:23.8318837Z  * [new tag]             0.0.27                  -> 0.0.27
end-workflow	Checkout code	2025-12-01T02:38:23.8319395Z  * [new tag]             0.0.28                  -> 0.0.28
end-workflow	Checkout code	2025-12-01T02:38:23.8319885Z  * [new tag]             0.0.29                  -> 0.0.29
end-workflow	Checkout code	2025-12-01T02:38:23.8320385Z  * [new tag]             0.0.3                   -> 0.0.3
end-workflow	Checkout code	2025-12-01T02:38:23.8320891Z  * [new tag]             0.0.30                  -> 0.0.30
end-workflow	Checkout code	2025-12-01T02:38:23.8321405Z  * [new tag]             0.0.31                  -> 0.0.31
end-workflow	Checkout code	2025-12-01T02:38:23.8321908Z  * [new tag]             0.0.32                  -> 0.0.32
end-workflow	Checkout code	2025-12-01T02:38:23.8322436Z  * [new tag]             0.0.33                  -> 0.0.33
end-workflow	Checkout code	2025-12-01T02:38:23.8323179Z  * [new tag]             0.0.34                  -> 0.0.34
end-workflow	Checkout code	2025-12-01T02:38:23.8323691Z  * [new tag]             0.0.35                  -> 0.0.35
end-workflow	Checkout code	2025-12-01T02:38:23.8324210Z  * [new tag]             0.0.36                  -> 0.0.36
end-workflow	Checkout code	2025-12-01T02:38:23.8324712Z  * [new tag]             0.0.37                  -> 0.0.37
end-workflow	Checkout code	2025-12-01T02:38:23.8325367Z  * [new tag]             0.0.38                  -> 0.0.38
end-workflow	Checkout code	2025-12-01T02:38:23.8325899Z  * [new tag]             0.0.39                  -> 0.0.39
end-workflow	Checkout code	2025-12-01T02:38:23.8326418Z  * [new tag]             0.0.4                   -> 0.0.4
end-workflow	Checkout code	2025-12-01T02:38:23.8326945Z  * [new tag]             0.0.40                  -> 0.0.40
end-workflow	Checkout code	2025-12-01T02:38:23.8327461Z  * [new tag]             0.0.41                  -> 0.0.41
end-workflow	Checkout code	2025-12-01T02:38:23.8327991Z  * [new tag]             0.0.42                  -> 0.0.42
end-workflow	Checkout code	2025-12-01T02:38:23.8328506Z  * [new tag]             0.0.43                  -> 0.0.43
end-workflow	Checkout code	2025-12-01T02:38:23.8329254Z  * [new tag]             0.0.44                  -> 0.0.44
end-workflow	Checkout code	2025-12-01T02:38:23.8329773Z  * [new tag]             0.0.45                  -> 0.0.45
end-workflow	Checkout code	2025-12-01T02:38:23.8330274Z  * [new tag]             0.0.46                  -> 0.0.46
end-workflow	Checkout code	2025-12-01T02:38:23.8330779Z  * [new tag]             0.0.47                  -> 0.0.47
end-workflow	Checkout code	2025-12-01T02:38:23.8331272Z  * [new tag]             0.0.48                  -> 0.0.48
end-workflow	Checkout code	2025-12-01T02:38:23.8331777Z  * [new tag]             0.0.49                  -> 0.0.49
end-workflow	Checkout code	2025-12-01T02:38:23.8332283Z  * [new tag]             0.0.5                   -> 0.0.5
end-workflow	Checkout code	2025-12-01T02:38:23.8332785Z  * [new tag]             0.0.50                  -> 0.0.50
end-workflow	Checkout code	2025-12-01T02:38:23.8333286Z  * [new tag]             0.0.51                  -> 0.0.51
end-workflow	Checkout code	2025-12-01T02:38:23.8333789Z  * [new tag]             0.0.52                  -> 0.0.52
end-workflow	Checkout code	2025-12-01T02:38:23.8334290Z  * [new tag]             0.0.53                  -> 0.0.53
end-workflow	Checkout code	2025-12-01T02:38:23.8334798Z  * [new tag]             0.0.54                  -> 0.0.54
end-workflow	Checkout code	2025-12-01T02:38:23.8335488Z  * [new tag]             0.0.55                  -> 0.0.55
end-workflow	Checkout code	2025-12-01T02:38:23.8336013Z  * [new tag]             0.0.56                  -> 0.0.56
end-workflow	Checkout code	2025-12-01T02:38:23.8336512Z  * [new tag]             0.0.57                  -> 0.0.57
end-workflow	Checkout code	2025-12-01T02:38:23.8337005Z  * [new tag]             0.0.58                  -> 0.0.58
end-workflow	Checkout code	2025-12-01T02:38:23.8337503Z  * [new tag]             0.0.59                  -> 0.0.59
end-workflow	Checkout code	2025-12-01T02:38:23.8338006Z  * [new tag]             0.0.6                   -> 0.0.6
end-workflow	Checkout code	2025-12-01T02:38:23.8338502Z  * [new tag]             0.0.60                  -> 0.0.60
end-workflow	Checkout code	2025-12-01T02:38:23.8339000Z  * [new tag]             0.0.61                  -> 0.0.61
end-workflow	Checkout code	2025-12-01T02:38:23.8339503Z  * [new tag]             0.0.62                  -> 0.0.62
end-workflow	Checkout code	2025-12-01T02:38:23.8339992Z  * [new tag]             0.0.63                  -> 0.0.63
end-workflow	Checkout code	2025-12-01T02:38:23.8340491Z  * [new tag]             0.0.64                  -> 0.0.64
end-workflow	Checkout code	2025-12-01T02:38:23.8341001Z  * [new tag]             0.0.65                  -> 0.0.65
end-workflow	Checkout code	2025-12-01T02:38:23.8341541Z  * [new tag]             0.0.66                  -> 0.0.66
end-workflow	Checkout code	2025-12-01T02:38:23.8342033Z  * [new tag]             0.0.67                  -> 0.0.67
end-workflow	Checkout code	2025-12-01T02:38:23.8342536Z  * [new tag]             0.0.68                  -> 0.0.68
end-workflow	Checkout code	2025-12-01T02:38:23.8343037Z  * [new tag]             0.0.69                  -> 0.0.69
end-workflow	Checkout code	2025-12-01T02:38:23.8343533Z  * [new tag]             0.0.7                   -> 0.0.7
end-workflow	Checkout code	2025-12-01T02:38:23.8344040Z  * [new tag]             0.0.70                  -> 0.0.70
end-workflow	Checkout code	2025-12-01T02:38:23.8344539Z  * [new tag]             0.0.71                  -> 0.0.71
end-workflow	Checkout code	2025-12-01T02:38:23.8345038Z  * [new tag]             0.0.72                  -> 0.0.72
end-workflow	Checkout code	2025-12-01T02:38:23.8345729Z  * [new tag]             0.0.73                  -> 0.0.73
end-workflow	Checkout code	2025-12-01T02:38:23.8346228Z  * [new tag]             0.0.74                  -> 0.0.74
end-workflow	Checkout code	2025-12-01T02:38:23.8346727Z  * [new tag]             0.0.75                  -> 0.0.75
end-workflow	Checkout code	2025-12-01T02:38:23.8347237Z  * [new tag]             0.0.76                  -> 0.0.76
end-workflow	Checkout code	2025-12-01T02:38:23.8347927Z  * [new tag]             0.0.77                  -> 0.0.77
end-workflow	Checkout code	2025-12-01T02:38:23.8348420Z  * [new tag]             0.0.78                  -> 0.0.78
end-workflow	Checkout code	2025-12-01T02:38:23.8348912Z  * [new tag]             0.0.79                  -> 0.0.79
end-workflow	Checkout code	2025-12-01T02:38:23.8349413Z  * [new tag]             0.0.8                   -> 0.0.8
end-workflow	Checkout code	2025-12-01T02:38:23.8349906Z  * [new tag]             0.0.80                  -> 0.0.80
end-workflow	Checkout code	2025-12-01T02:38:23.8350420Z  * [new tag]             0.0.81                  -> 0.0.81
end-workflow	Checkout code	2025-12-01T02:38:23.8350923Z  * [new tag]             0.0.82                  -> 0.0.82
end-workflow	Checkout code	2025-12-01T02:38:23.8351418Z  * [new tag]             0.0.83                  -> 0.0.83
end-workflow	Checkout code	2025-12-01T02:38:23.8351912Z  * [new tag]             0.0.84                  -> 0.0.84
end-workflow	Checkout code	2025-12-01T02:38:23.8352414Z  * [new tag]             0.0.85                  -> 0.0.85
end-workflow	Checkout code	2025-12-01T02:38:23.8353084Z  * [new tag]             0.0.86                  -> 0.0.86
end-workflow	Checkout code	2025-12-01T02:38:23.8353586Z  * [new tag]             0.0.87                  -> 0.0.87
end-workflow	Checkout code	2025-12-01T02:38:23.8354082Z  * [new tag]             0.0.88                  -> 0.0.88
end-workflow	Checkout code	2025-12-01T02:38:23.8354582Z  * [new tag]             0.0.89                  -> 0.0.89
end-workflow	Checkout code	2025-12-01T02:38:23.8355079Z  * [new tag]             0.0.9                   -> 0.0.9
end-workflow	Checkout code	2025-12-01T02:38:23.8355781Z  * [new tag]             0.0.90                  -> 0.0.90
end-workflow	Checkout code	2025-12-01T02:38:23.8356286Z  * [new tag]             0.0.91                  -> 0.0.91
end-workflow	Checkout code	2025-12-01T02:38:23.8356785Z  * [new tag]             0.0.92                  -> 0.0.92
end-workflow	Checkout code	2025-12-01T02:38:23.8357278Z  * [new tag]             0.0.93                  -> 0.0.93
end-workflow	Checkout code	2025-12-01T02:38:23.8357780Z  * [new tag]             0.0.94                  -> 0.0.94
end-workflow	Checkout code	2025-12-01T02:38:23.8358274Z  * [new tag]             0.0.95                  -> 0.0.95
end-workflow	Checkout code	2025-12-01T02:38:23.8358765Z  * [new tag]             0.0.96                  -> 0.0.96
end-workflow	Checkout code	2025-12-01T02:38:23.8359277Z  * [new tag]             0.0.97                  -> 0.0.97
end-workflow	Checkout code	2025-12-01T02:38:23.8359788Z  * [new tag]             0.0.98                  -> 0.0.98
end-workflow	Checkout code	2025-12-01T02:38:23.8360283Z  * [new tag]             0.0.99                  -> 0.0.99
end-workflow	Checkout code	2025-12-01T02:38:23.8360776Z  * [new tag]             0.1.0                   -> 0.1.0
end-workflow	Checkout code	2025-12-01T02:38:23.8361275Z  * [new tag]             0.1.1                   -> 0.1.1
end-workflow	Checkout code	2025-12-01T02:38:23.8361768Z  * [new tag]             0.2.0                   -> 0.2.0
end-workflow	Checkout code	2025-12-01T02:38:23.8362265Z  * [new tag]             0.3.0                   -> 0.3.0
end-workflow	Checkout code	2025-12-01T02:38:23.8362764Z  * [new tag]             0.3.1                   -> 0.3.1
end-workflow	Checkout code	2025-12-01T02:38:23.8363302Z  * [new tag]             0.3.10                  -> 0.3.10
end-workflow	Checkout code	2025-12-01T02:38:23.8363802Z  * [new tag]             0.3.11                  -> 0.3.11
end-workflow	Checkout code	2025-12-01T02:38:23.8364301Z  * [new tag]             0.3.12                  -> 0.3.12
end-workflow	Checkout code	2025-12-01T02:38:23.8364830Z  * [new tag]             0.3.13                  -> 0.3.13
end-workflow	Checkout code	2025-12-01T02:38:23.8365603Z  * [new tag]             0.3.14                  -> 0.3.14
end-workflow	Checkout code	2025-12-01T02:38:23.8366139Z  * [new tag]             0.3.15                  -> 0.3.15
end-workflow	Checkout code	2025-12-01T02:38:23.8366643Z  * [new tag]             0.3.16                  -> 0.3.16
end-workflow	Checkout code	2025-12-01T02:38:23.8367135Z  * [new tag]             0.3.17                  -> 0.3.17
end-workflow	Checkout code	2025-12-01T02:38:23.8367631Z  * [new tag]             0.3.2                   -> 0.3.2
end-workflow	Checkout code	2025-12-01T02:38:23.8368130Z  * [new tag]             0.3.3                   -> 0.3.3
end-workflow	Checkout code	2025-12-01T02:38:23.8368625Z  * [new tag]             0.3.4                   -> 0.3.4
end-workflow	Checkout code	2025-12-01T02:38:23.8369127Z  * [new tag]             0.3.5                   -> 0.3.5
end-workflow	Checkout code	2025-12-01T02:38:23.8369624Z  * [new tag]             0.3.6                   -> 0.3.6
end-workflow	Checkout code	2025-12-01T02:38:23.8370118Z  * [new tag]             0.3.7                   -> 0.3.7
end-workflow	Checkout code	2025-12-01T02:38:23.8370613Z  * [new tag]             0.3.8                   -> 0.3.8
end-workflow	Checkout code	2025-12-01T02:38:23.8371124Z  * [new tag]             0.3.9                   -> 0.3.9
end-workflow	Checkout code	2025-12-01T02:38:23.8371844Z  * [new tag]             0.4.0                   -> 0.4.0
end-workflow	Checkout code	2025-12-01T02:38:23.8372345Z  * [new tag]             0.4.1                   -> 0.4.1
end-workflow	Checkout code	2025-12-01T02:38:23.8372855Z  * [new tag]             0.4.10                  -> 0.4.10
end-workflow	Checkout code	2025-12-01T02:38:23.8373372Z  * [new tag]             0.4.2                   -> 0.4.2
end-workflow	Checkout code	2025-12-01T02:38:23.8373879Z  * [new tag]             0.4.3                   -> 0.4.3
end-workflow	Checkout code	2025-12-01T02:38:23.8374378Z  * [new tag]             0.4.4                   -> 0.4.4
end-workflow	Checkout code	2025-12-01T02:38:23.8374884Z  * [new tag]             0.4.5                   -> 0.4.5
end-workflow	Checkout code	2025-12-01T02:38:23.8375461Z  * [new tag]             0.4.6                   -> 0.4.6
end-workflow	Checkout code	2025-12-01T02:38:23.8375954Z  * [new tag]             0.4.7                   -> 0.4.7
end-workflow	Checkout code	2025-12-01T02:38:23.8376448Z  * [new tag]             0.4.8                   -> 0.4.8
end-workflow	Checkout code	2025-12-01T02:38:23.8376946Z  * [new tag]             0.4.9                   -> 0.4.9
end-workflow	Checkout code	2025-12-01T02:38:23.8504648Z [command]/usr/bin/git branch --list --remote origin/main
end-workflow	Checkout code	2025-12-01T02:38:23.8581713Z   origin/main
end-workflow	Checkout code	2025-12-01T02:38:23.8595433Z [command]/usr/bin/git rev-parse refs/remotes/origin/main
end-workflow	Checkout code	2025-12-01T02:38:23.8633177Z 381a577356fa9d477e34e1f85acd57c2c9e16beb
end-workflow	Checkout code	2025-12-01T02:38:23.8650678Z [command]/usr/bin/git -c protocol.version=2 fetch --no-tags --prune --no-recurse-submodules origin +5f39d6a11f21d61f5921743680ef629ed937bbdb:refs/remotes/origin/main
end-workflow	Checkout code	2025-12-01T02:38:23.8868624Z From https://github.com/Ka0s-Klaus/ka0s
end-workflow	Checkout code	2025-12-01T02:38:23.8869973Z  + 381a57735...5f39d6a11 5f39d6a11f21d61f5921743680ef629ed937bbdb -> origin/main  (forced update)
end-workflow	Checkout code	2025-12-01T02:38:23.8912674Z ##[endgroup]
end-workflow	Checkout code	2025-12-01T02:38:23.8914378Z ##[group]Determining the checkout info
end-workflow	Checkout code	2025-12-01T02:38:23.8916241Z ##[endgroup]
end-workflow	Checkout code	2025-12-01T02:38:23.8920913Z [command]/usr/bin/git sparse-checkout disable
end-workflow	Checkout code	2025-12-01T02:38:23.9173981Z [command]/usr/bin/git config --local --unset-all extensions.worktreeConfig
end-workflow	Checkout code	2025-12-01T02:38:23.9275388Z ##[group]Checking out the ref
end-workflow	Checkout code	2025-12-01T02:38:23.9290401Z [command]/usr/bin/git checkout --progress --force -B main refs/remotes/origin/main
end-workflow	Checkout code	2025-12-01T02:38:24.9063294Z Switched to a new branch 'main'
end-workflow	Checkout code	2025-12-01T02:38:24.9070732Z branch 'main' set up to track 'origin/main'.
end-workflow	Checkout code	2025-12-01T02:38:24.9217906Z ##[endgroup]
end-workflow	Checkout code	2025-12-01T02:38:24.9272471Z [command]/usr/bin/git log -1 --format=%H
end-workflow	Checkout code	2025-12-01T02:38:24.9305472Z 5f39d6a11f21d61f5921743680ef629ed937bbdb
end-workflow	Finaliza el workflow	ï»¿2025-12-01T02:38:24.9641797Z ##[group]Run echo "End process"
end-workflow	Finaliza el workflow	2025-12-01T02:38:24.9642327Z [36;1mecho "End process"[0m
end-workflow	Finaliza el workflow	2025-12-01T02:38:24.9642776Z [36;1m# RNNUMBER=$(echo "refs/heads/main" | grep -o '[0-9]*')[0m
end-workflow	Finaliza el workflow	2025-12-01T02:38:24.9643354Z [36;1m# gh issue comment $RNNUMBER --body "Se finaliza Ka0s 19809213998"[0m
end-workflow	Finaliza el workflow	2025-12-01T02:38:24.9643858Z [36;1mecho "Se finaliza Ka0s 19809213998"[0m
end-workflow	Finaliza el workflow	2025-12-01T02:38:24.9644504Z [36;1mgh workflow run inspector.yml --ref 'main' -f kaos-workflow-id="19809213998" -f kaos-user-start=""[0m
end-workflow	Finaliza el workflow	2025-12-01T02:38:24.9675432Z shell: /usr/bin/bash -e {0}
end-workflow	Finaliza el workflow	2025-12-01T02:38:24.9675886Z env:
end-workflow	Finaliza el workflow	2025-12-01T02:38:24.9676158Z   KAOS_CODE: 19809213998
end-workflow	Finaliza el workflow	2025-12-01T02:38:24.9676441Z   KAOS_EVENT_NAME: schedule
end-workflow	Finaliza el workflow	2025-12-01T02:38:24.9676729Z   KAOS_ACTION: 
end-workflow	Finaliza el workflow	2025-12-01T02:38:24.9676982Z   KAOS_REF: refs/heads/main
end-workflow	Finaliza el workflow	2025-12-01T02:38:24.9677311Z   KAOS_MODULE: [Ka0S] Workflow Statistics Summary
end-workflow	Finaliza el workflow	2025-12-01T02:38:24.9677711Z   KAOS_PATH_RESUME: audit/workflows/
end-workflow	Finaliza el workflow	2025-12-01T02:38:24.9678048Z   KAOS_ACTOR: santakloud
end-workflow	Finaliza el workflow	2025-12-01T02:38:24.9678397Z   GH_REPO: Ka0s-Klaus/ka0s
end-workflow	Finaliza el workflow	2025-12-01T02:38:24.9679127Z   GH_TOKEN: ***
end-workflow	Finaliza el workflow	2025-12-01T02:38:24.9679384Z ##[endgroup]
end-workflow	Finaliza el workflow	2025-12-01T02:38:24.9766593Z End process
end-workflow	Finaliza el workflow	2025-12-01T02:38:24.9767371Z Se finaliza Ka0s 19809213998
end-workflow	Post Checkout code	ï»¿2025-12-01T02:38:25.6782590Z Post job cleanup.
end-workflow	Post Checkout code	2025-12-01T02:38:25.8146837Z [command]/usr/bin/git version
end-workflow	Post Checkout code	2025-12-01T02:38:25.8196928Z git version 2.51.0
end-workflow	Post Checkout code	2025-12-01T02:38:25.8260685Z Temporarily overriding HOME='/home/runner/_work/_temp/65a2c76c-1baf-4781-8701-0ab985177708' before making global git config changes
end-workflow	Post Checkout code	2025-12-01T02:38:25.8263435Z Adding repository directory to the temporary git global config as a safe directory
end-workflow	Post Checkout code	2025-12-01T02:38:25.8271130Z [command]/usr/bin/git config --global --add safe.directory /home/runner/_work/ka0s/ka0s
end-workflow	Post Checkout code	2025-12-01T02:38:25.8321102Z [command]/usr/bin/git config --local --name-only --get-regexp core\.sshCommand
end-workflow	Post Checkout code	2025-12-01T02:38:25.8382991Z [command]/usr/bin/git submodule foreach --recursive sh -c "git config --local --name-only --get-regexp 'core\.sshCommand' && git config --local --unset-all 'core.sshCommand' || :"
end-workflow	Post Checkout code	2025-12-01T02:38:25.8743052Z [command]/usr/bin/git config --local --name-only --get-regexp http\.https\:\/\/github\.com\/\.extraheader
end-workflow	Post Checkout code	2025-12-01T02:38:25.8774531Z http.https://github.com/.extraheader
end-workflow	Post Checkout code	2025-12-01T02:38:25.8792125Z [command]/usr/bin/git config --local --unset-all http.https://github.com/.extraheader
end-workflow	Post Checkout code	2025-12-01T02:38:25.8837725Z [command]/usr/bin/git submodule foreach --recursive sh -c "git config --local --name-only --get-regexp 'http\.https\:\/\/github\.com\/\.extraheader' && git config --local --unset-all 'http.https://github.com/.extraheader' || :"
end-workflow	Post Checkout code	2025-12-01T02:38:25.9201132Z [command]/usr/bin/git config --local --name-only --get-regexp ^includeIf\.gitdir:
end-workflow	Post Checkout code	2025-12-01T02:38:25.9251598Z [command]/usr/bin/git submodule foreach --recursive git config --local --show-origin --name-only --get-regexp remote.origin.url
end-workflow	Complete job	ï»¿2025-12-01T02:38:25.9748559Z Cleaning up orphan processes
