job-core	Set up job	ï»¿2025-12-06T01:57:57.0859332Z Current runner version: '2.329.0'
job-core	Set up job	2025-12-06T01:57:57.0867705Z Runner name: 'efebfd8c6d68'
job-core	Set up job	2025-12-06T01:57:57.0868901Z Runner group name: 'swarm-runners'
job-core	Set up job	2025-12-06T01:57:57.0870174Z Machine name: 'efebfd8c6d68'
job-core	Set up job	2025-12-06T01:57:57.0873757Z ##[group]GITHUB_TOKEN Permissions
job-core	Set up job	2025-12-06T01:57:57.0877339Z Actions: write
job-core	Set up job	2025-12-06T01:57:57.0877937Z Contents: write
job-core	Set up job	2025-12-06T01:57:57.0878511Z Issues: write
job-core	Set up job	2025-12-06T01:57:57.0879128Z Metadata: read
job-core	Set up job	2025-12-06T01:57:57.0879723Z ##[endgroup]
job-core	Set up job	2025-12-06T01:57:57.0882193Z Secret source: Actions
job-core	Set up job	2025-12-06T01:57:57.0883265Z Prepare workflow directory
job-core	Set up job	2025-12-06T01:57:57.1444137Z Prepare all required actions
job-core	Set up job	2025-12-06T01:57:57.1486872Z Getting action download info
job-core	Set up job	2025-12-06T01:57:57.6766953Z Download action repository 'actions/checkout@v4' (SHA:34e114876b0b11c390a56381ad16ebd13914f8d5)
job-core	Set up job	2025-12-06T01:57:58.5010312Z Complete job name: job-core
job-core	Checkout repository	ï»¿2025-12-06T01:57:58.5546685Z ##[group]Run actions/checkout@v4
job-core	Checkout repository	2025-12-06T01:57:58.5547596Z with:
job-core	Checkout repository	2025-12-06T01:57:58.5548074Z   fetch-depth: 0
job-core	Checkout repository	2025-12-06T01:57:58.5548746Z   token: ***
job-core	Checkout repository	2025-12-06T01:57:58.5549174Z   repository: Ka0s-Klaus/ka0s
job-core	Checkout repository	2025-12-06T01:57:58.5549668Z   ssh-strict: true
job-core	Checkout repository	2025-12-06T01:57:58.5550095Z   ssh-user: git
job-core	Checkout repository	2025-12-06T01:57:58.5550526Z   persist-credentials: true
job-core	Checkout repository	2025-12-06T01:57:58.5551003Z   clean: true
job-core	Checkout repository	2025-12-06T01:57:58.5551440Z   sparse-checkout-cone-mode: true
job-core	Checkout repository	2025-12-06T01:57:58.5551961Z   fetch-tags: false
job-core	Checkout repository	2025-12-06T01:57:58.5552392Z   show-progress: true
job-core	Checkout repository	2025-12-06T01:57:58.5552832Z   lfs: false
job-core	Checkout repository	2025-12-06T01:57:58.5553234Z   submodules: false
job-core	Checkout repository	2025-12-06T01:57:58.5553678Z   set-safe-directory: true
job-core	Checkout repository	2025-12-06T01:57:58.5554436Z env:
job-core	Checkout repository	2025-12-06T01:57:58.5555040Z   KAOS_CODE: 19981159438
job-core	Checkout repository	2025-12-06T01:57:58.5555796Z   KAOS_EVENT_NAME: schedule
job-core	Checkout repository	2025-12-06T01:57:58.5556235Z   KAOS_ACTION: 
job-core	Checkout repository	2025-12-06T01:57:58.5556640Z   KAOS_REF: refs/heads/main
job-core	Checkout repository	2025-12-06T01:57:58.5557144Z   KAOS_MODULE: [Ka0S] Workflow Statistics Summary
job-core	Checkout repository	2025-12-06T01:57:58.5577881Z   KAOS_PATH_RESUME: audit/workflows/
job-core	Checkout repository	2025-12-06T01:57:58.5578560Z   KAOS_ACTOR: santakloud
job-core	Checkout repository	2025-12-06T01:57:58.5579012Z   GH_REPO: Ka0s-Klaus/ka0s
job-core	Checkout repository	2025-12-06T01:57:58.5579446Z ##[endgroup]
job-core	Checkout repository	2025-12-06T01:57:58.6727044Z Syncing repository: Ka0s-Klaus/ka0s
job-core	Checkout repository	2025-12-06T01:57:58.6729118Z ##[group]Getting Git version info
job-core	Checkout repository	2025-12-06T01:57:58.6729779Z Working directory is '/home/runner/_work/ka0s/ka0s'
job-core	Checkout repository	2025-12-06T01:57:58.6730691Z [command]/usr/bin/git version
job-core	Checkout repository	2025-12-06T01:57:58.6731177Z git version 2.51.0
job-core	Checkout repository	2025-12-06T01:57:58.6750724Z ##[endgroup]
job-core	Checkout repository	2025-12-06T01:57:58.6769667Z Temporarily overriding HOME='/home/runner/_work/_temp/7e979e37-d6c1-425f-8fb9-5df5ee3d4283' before making global git config changes
job-core	Checkout repository	2025-12-06T01:57:58.6771252Z Adding repository directory to the temporary git global config as a safe directory
job-core	Checkout repository	2025-12-06T01:57:58.6774774Z [command]/usr/bin/git config --global --add safe.directory /home/runner/_work/ka0s/ka0s
job-core	Checkout repository	2025-12-06T01:57:58.6812745Z Deleting the contents of '/home/runner/_work/ka0s/ka0s'
job-core	Checkout repository	2025-12-06T01:57:58.6817200Z ##[group]Initializing the repository
job-core	Checkout repository	2025-12-06T01:57:58.6831076Z [command]/usr/bin/git init /home/runner/_work/ka0s/ka0s
job-core	Checkout repository	2025-12-06T01:57:58.6877999Z hint: Using 'master' as the name for the initial branch. This default branch name
job-core	Checkout repository	2025-12-06T01:57:58.6879147Z hint: is subject to change. To configure the initial branch name to use in all
job-core	Checkout repository	2025-12-06T01:57:58.6880076Z hint: of your new repositories, which will suppress this warning, call:
job-core	Checkout repository	2025-12-06T01:57:58.6880907Z hint:
job-core	Checkout repository	2025-12-06T01:57:58.6881410Z hint: 	git config --global init.defaultBranch <name>
job-core	Checkout repository	2025-12-06T01:57:58.6882276Z hint:
job-core	Checkout repository	2025-12-06T01:57:58.6882993Z hint: Names commonly chosen instead of 'master' are 'main', 'trunk' and
job-core	Checkout repository	2025-12-06T01:57:58.6883926Z hint: 'development'. The just-created branch can be renamed via this command:
job-core	Checkout repository	2025-12-06T01:57:58.6885007Z hint:
job-core	Checkout repository	2025-12-06T01:57:58.6885537Z hint: 	git branch -m <name>
job-core	Checkout repository	2025-12-06T01:57:58.6885998Z hint:
job-core	Checkout repository	2025-12-06T01:57:58.6886919Z hint: Disable this message with "git config set advice.defaultBranchName false"
job-core	Checkout repository	2025-12-06T01:57:58.6888465Z Initialized empty Git repository in /home/runner/_work/ka0s/ka0s/.git/
job-core	Checkout repository	2025-12-06T01:57:58.6890556Z [command]/usr/bin/git remote add origin https://github.com/Ka0s-Klaus/ka0s
job-core	Checkout repository	2025-12-06T01:57:58.6925408Z ##[endgroup]
job-core	Checkout repository	2025-12-06T01:57:58.6926228Z ##[group]Disabling automatic garbage collection
job-core	Checkout repository	2025-12-06T01:57:58.6929804Z [command]/usr/bin/git config --local gc.auto 0
job-core	Checkout repository	2025-12-06T01:57:58.6962201Z ##[endgroup]
job-core	Checkout repository	2025-12-06T01:57:58.6963087Z ##[group]Setting up auth
job-core	Checkout repository	2025-12-06T01:57:58.6969525Z [command]/usr/bin/git config --local --name-only --get-regexp core\.sshCommand
job-core	Checkout repository	2025-12-06T01:57:58.7005622Z [command]/usr/bin/git submodule foreach --recursive sh -c "git config --local --name-only --get-regexp 'core\.sshCommand' && git config --local --unset-all 'core.sshCommand' || :"
job-core	Checkout repository	2025-12-06T01:57:58.7260018Z [command]/usr/bin/git config --local --name-only --get-regexp http\.https\:\/\/github\.com\/\.extraheader
job-core	Checkout repository	2025-12-06T01:57:58.7293951Z [command]/usr/bin/git submodule foreach --recursive sh -c "git config --local --name-only --get-regexp 'http\.https\:\/\/github\.com\/\.extraheader' && git config --local --unset-all 'http.https://github.com/.extraheader' || :"
job-core	Checkout repository	2025-12-06T01:57:58.7553014Z [command]/usr/bin/git config --local --name-only --get-regexp ^includeIf\.gitdir:
job-core	Checkout repository	2025-12-06T01:57:58.7587671Z [command]/usr/bin/git submodule foreach --recursive git config --local --show-origin --name-only --get-regexp remote.origin.url
job-core	Checkout repository	2025-12-06T01:57:58.7848032Z [command]/usr/bin/git config --local http.https://github.com/.extraheader AUTHORIZATION: basic ***
job-core	Checkout repository	2025-12-06T01:57:58.7890442Z ##[endgroup]
job-core	Checkout repository	2025-12-06T01:57:58.7891288Z ##[group]Fetching the repository
job-core	Checkout repository	2025-12-06T01:57:58.7909160Z [command]/usr/bin/git -c protocol.version=2 fetch --prune --no-recurse-submodules origin +refs/heads/*:refs/remotes/origin/* +refs/tags/*:refs/tags/*
job-core	Checkout repository	2025-12-06T01:58:10.3622712Z From https://github.com/Ka0s-Klaus/ka0s
job-core	Checkout repository	2025-12-06T01:58:10.3624149Z  * [new branch]          F1149-desarrollo-de-orchestrator -> origin/F1149-desarrollo-de-orchestrator
job-core	Checkout repository	2025-12-06T01:58:10.3630298Z  * [new branch]          F1183-personalizaciÃ³n-mÃ³dulo-finops -> origin/F1183-personalizaciÃ³n-mÃ³dulo-finops
job-core	Checkout repository	2025-12-06T01:58:10.3631096Z  * [new branch]          F1224-new-module-mongodb -> origin/F1224-new-module-mongodb
job-core	Checkout repository	2025-12-06T01:58:10.3631693Z  * [new branch]          F220-web-de-resultados  -> origin/F220-web-de-resultados
job-core	Checkout repository	2025-12-06T01:58:10.3632507Z  * [new branch]          F227-despliegue-de-kube-independiente-del-clouder -> origin/F227-despliegue-de-kube-independiente-del-clouder
job-core	Checkout repository	2025-12-06T01:58:10.3633467Z  * [new branch]          F329-documentacion-metodologia-de-kaos -> origin/F329-documentacion-metodologia-de-kaos
job-core	Checkout repository	2025-12-06T01:58:10.3634430Z  * [new branch]          F44-creaciÃ³n-mÃ³dulo-versionado -> origin/F44-creaciÃ³n-mÃ³dulo-versionado
job-core	Checkout repository	2025-12-06T01:58:10.3635247Z  * [new branch]          H1128-mÃ³dulo-de-observabilidad -> origin/H1128-mÃ³dulo-de-observabilidad
job-core	Checkout repository	2025-12-06T01:58:10.3636012Z  * [new branch]          H1139-como-instalar-arc-control -> origin/H1139-como-instalar-arc-control
job-core	Checkout repository	2025-12-06T01:58:10.3636785Z  * [new branch]          H1149-desarrollo-de-orchestrator -> origin/H1149-desarrollo-de-orchestrator
job-core	Checkout repository	2025-12-06T01:58:10.3637557Z  * [new branch]          H1150-desarrollo-de-secciones -> origin/H1150-desarrollo-de-secciones
job-core	Checkout repository	2025-12-06T01:58:10.3638281Z  * [new branch]          H1151-desarrollo-de-secciones-ii -> origin/H1151-desarrollo-de-secciones-ii
job-core	Checkout repository	2025-12-06T01:58:10.3638938Z  * [new branch]          H1152-desarrollo-inicio -> origin/H1152-desarrollo-inicio
job-core	Checkout repository	2025-12-06T01:58:10.3639755Z  * [new branch]          H1183-personalizaciÃ³n-mÃ³dulo-finops -> origin/H1183-personalizaciÃ³n-mÃ³dulo-finops
job-core	Checkout repository	2025-12-06T01:58:10.3640529Z  * [new branch]          H1193-ejemplo-web-documentacion -> origin/H1193-ejemplo-web-documentacion
job-core	Checkout repository	2025-12-06T01:58:10.3641159Z  * [new branch]          H1205-web-creation      -> origin/H1205-web-creation
job-core	Checkout repository	2025-12-06T01:58:10.3641775Z  * [new branch]          H1224-new-module-mongodb -> origin/H1224-new-module-mongodb
job-core	Checkout repository	2025-12-06T01:58:10.3642870Z  * [new branch]          H1410-modulo-execution  -> origin/H1410-modulo-execution
job-core	Checkout repository	2025-12-06T01:58:10.3643858Z  * [new branch]          H1514-new-swarm-deployment-stack-with-actions-runners-autoscale -> origin/H1514-new-swarm-deployment-stack-with-actions-runners-autoscale
job-core	Checkout repository	2025-12-06T01:58:10.3645295Z  * [new branch]          H1968-modulo-personalizaciÃ³n-del-portal-de-kaos-core -> origin/H1968-modulo-personalizaciÃ³n-del-portal-de-kaos-core
job-core	Checkout repository	2025-12-06T01:58:10.3646137Z  * [new branch]          H215-modulo-de-summary  -> origin/H215-modulo-de-summary
job-core	Checkout repository	2025-12-06T01:58:10.3646718Z  * [new branch]          H220-web-de-resultados  -> origin/H220-web-de-resultados
job-core	Checkout repository	2025-12-06T01:58:10.3647573Z  * [new branch]          H227-despliegue-de-kube-independiente-del-clouder -> origin/H227-despliegue-de-kube-independiente-del-clouder
job-core	Checkout repository	2025-12-06T01:58:10.3648579Z  * [new branch]          H306-ficheros-de-estadisticas -> origin/H306-ficheros-de-estadisticas
job-core	Checkout repository	2025-12-06T01:58:10.3649817Z  * [new branch]          H328-documentacion-modulo-principal-de-kaos -> origin/H328-documentacion-modulo-principal-de-kaos
job-core	Checkout repository	2025-12-06T01:58:10.3650858Z  * [new branch]          H329-documentacion-metodologia-de-kaos -> origin/H329-documentacion-metodologia-de-kaos
job-core	Checkout repository	2025-12-06T01:58:10.3651711Z  * [new branch]          H338-relanzador-de-jobs-en-caso-de-pattern -> origin/H338-relanzador-de-jobs-en-caso-de-pattern
job-core	Checkout repository	2025-12-06T01:58:10.3652851Z  * [new branch]          H38-documentacion-basica-del-proyecto -> origin/H38-documentacion-basica-del-proyecto
job-core	Checkout repository	2025-12-06T01:58:10.3654235Z  * [new branch]          H44-creaciÃ³n-mÃ³dulo-versionado -> origin/H44-creaciÃ³n-mÃ³dulo-versionado
job-core	Checkout repository	2025-12-06T01:58:10.3655283Z  * [new branch]          RN1149-desarrollo-de-orchestrator -> origin/RN1149-desarrollo-de-orchestrator
job-core	Checkout repository	2025-12-06T01:58:10.3656363Z  * [new branch]          RN1183-personalizaciÃ³n-mÃ³dulo-finops -> origin/RN1183-personalizaciÃ³n-mÃ³dulo-finops
job-core	Checkout repository	2025-12-06T01:58:10.3657511Z  * [new branch]          RN1282-ka0s-error-detected-in-ka0s-workflow-statistics-summary -> origin/RN1282-ka0s-error-detected-in-ka0s-workflow-statistics-summary
job-core	Checkout repository	2025-12-06T01:58:10.3658750Z  * [new branch]          RN220-web-de-resultados -> origin/RN220-web-de-resultados
job-core	Checkout repository	2025-12-06T01:58:10.3660070Z  * [new branch]          RN227-despliegue-de-kube-independiente-del-clouder -> origin/RN227-despliegue-de-kube-independiente-del-clouder
job-core	Checkout repository	2025-12-06T01:58:10.3661124Z  * [new branch]          RN329-documentacion-metodologia-de-kaos -> origin/RN329-documentacion-metodologia-de-kaos
job-core	Checkout repository	2025-12-06T01:58:10.3661902Z  * [new branch]          main                    -> origin/main
job-core	Checkout repository	2025-12-06T01:58:10.3662443Z  * [new tag]             0.0.0                   -> 0.0.0
job-core	Checkout repository	2025-12-06T01:58:10.3663097Z  * [new tag]             0.0.1                   -> 0.0.1
job-core	Checkout repository	2025-12-06T01:58:10.3663476Z  * [new tag]             0.0.10                  -> 0.0.10
job-core	Checkout repository	2025-12-06T01:58:10.3663854Z  * [new tag]             0.0.100                 -> 0.0.100
job-core	Checkout repository	2025-12-06T01:58:10.3664637Z  * [new tag]             0.0.101                 -> 0.0.101
job-core	Checkout repository	2025-12-06T01:58:10.3665181Z  * [new tag]             0.0.102                 -> 0.0.102
job-core	Checkout repository	2025-12-06T01:58:10.3665565Z  * [new tag]             0.0.103                 -> 0.0.103
job-core	Checkout repository	2025-12-06T01:58:10.3665953Z  * [new tag]             0.0.104                 -> 0.0.104
job-core	Checkout repository	2025-12-06T01:58:10.3666461Z  * [new tag]             0.0.105                 -> 0.0.105
job-core	Checkout repository	2025-12-06T01:58:10.3666836Z  * [new tag]             0.0.106                 -> 0.0.106
job-core	Checkout repository	2025-12-06T01:58:10.3667208Z  * [new tag]             0.0.107                 -> 0.0.107
job-core	Checkout repository	2025-12-06T01:58:10.3667732Z  * [new tag]             0.0.108                 -> 0.0.108
job-core	Checkout repository	2025-12-06T01:58:10.3668119Z  * [new tag]             0.0.109                 -> 0.0.109
job-core	Checkout repository	2025-12-06T01:58:10.3668505Z  * [new tag]             0.0.11                  -> 0.0.11
job-core	Checkout repository	2025-12-06T01:58:10.3668896Z  * [new tag]             0.0.110                 -> 0.0.110
job-core	Checkout repository	2025-12-06T01:58:10.3669416Z  * [new tag]             0.0.111                 -> 0.0.111
job-core	Checkout repository	2025-12-06T01:58:10.3670106Z  * [new tag]             0.0.112                 -> 0.0.112
job-core	Checkout repository	2025-12-06T01:58:10.3670497Z  * [new tag]             0.0.113                 -> 0.0.113
job-core	Checkout repository	2025-12-06T01:58:10.3670884Z  * [new tag]             0.0.114                 -> 0.0.114
job-core	Checkout repository	2025-12-06T01:58:10.3671385Z  * [new tag]             0.0.115                 -> 0.0.115
job-core	Checkout repository	2025-12-06T01:58:10.3671778Z  * [new tag]             0.0.116                 -> 0.0.116
job-core	Checkout repository	2025-12-06T01:58:10.3672164Z  * [new tag]             0.0.117                 -> 0.0.117
job-core	Checkout repository	2025-12-06T01:58:10.3672552Z  * [new tag]             0.0.118                 -> 0.0.118
job-core	Checkout repository	2025-12-06T01:58:10.3672940Z  * [new tag]             0.0.119                 -> 0.0.119
job-core	Checkout repository	2025-12-06T01:58:10.3673335Z  * [new tag]             0.0.12                  -> 0.0.12
job-core	Checkout repository	2025-12-06T01:58:10.3673721Z  * [new tag]             0.0.120                 -> 0.0.120
job-core	Checkout repository	2025-12-06T01:58:10.3674109Z  * [new tag]             0.0.121                 -> 0.0.121
job-core	Checkout repository	2025-12-06T01:58:10.3674713Z  * [new tag]             0.0.122                 -> 0.0.122
job-core	Checkout repository	2025-12-06T01:58:10.3675128Z  * [new tag]             0.0.123                 -> 0.0.123
job-core	Checkout repository	2025-12-06T01:58:10.3675518Z  * [new tag]             0.0.124                 -> 0.0.124
job-core	Checkout repository	2025-12-06T01:58:10.3675902Z  * [new tag]             0.0.125                 -> 0.0.125
job-core	Checkout repository	2025-12-06T01:58:10.3676288Z  * [new tag]             0.0.126                 -> 0.0.126
job-core	Checkout repository	2025-12-06T01:58:10.3676674Z  * [new tag]             0.0.127                 -> 0.0.127
job-core	Checkout repository	2025-12-06T01:58:10.3677066Z  * [new tag]             0.0.128                 -> 0.0.128
job-core	Checkout repository	2025-12-06T01:58:10.3677451Z  * [new tag]             0.0.129                 -> 0.0.129
job-core	Checkout repository	2025-12-06T01:58:10.3677844Z  * [new tag]             0.0.13                  -> 0.0.13
job-core	Checkout repository	2025-12-06T01:58:10.3678231Z  * [new tag]             0.0.130                 -> 0.0.130
job-core	Checkout repository	2025-12-06T01:58:10.3678616Z  * [new tag]             0.0.131                 -> 0.0.131
job-core	Checkout repository	2025-12-06T01:58:10.3679013Z  * [new tag]             0.0.132                 -> 0.0.132
job-core	Checkout repository	2025-12-06T01:58:10.3679414Z  * [new tag]             0.0.133                 -> 0.0.133
job-core	Checkout repository	2025-12-06T01:58:10.3679801Z  * [new tag]             0.0.134                 -> 0.0.134
job-core	Checkout repository	2025-12-06T01:58:10.3680183Z  * [new tag]             0.0.135                 -> 0.0.135
job-core	Checkout repository	2025-12-06T01:58:10.3680568Z  * [new tag]             0.0.136                 -> 0.0.136
job-core	Checkout repository	2025-12-06T01:58:10.3680954Z  * [new tag]             0.0.137                 -> 0.0.137
job-core	Checkout repository	2025-12-06T01:58:10.3681333Z  * [new tag]             0.0.138                 -> 0.0.138
job-core	Checkout repository	2025-12-06T01:58:10.3681977Z  * [new tag]             0.0.139                 -> 0.0.139
job-core	Checkout repository	2025-12-06T01:58:10.3682493Z  * [new tag]             0.0.14                  -> 0.0.14
job-core	Checkout repository	2025-12-06T01:58:10.3683014Z  * [new tag]             0.0.140                 -> 0.0.140
job-core	Checkout repository	2025-12-06T01:58:10.3683402Z  * [new tag]             0.0.141                 -> 0.0.141
job-core	Checkout repository	2025-12-06T01:58:10.3683788Z  * [new tag]             0.0.142                 -> 0.0.142
job-core	Checkout repository	2025-12-06T01:58:10.3684226Z  * [new tag]             0.0.143                 -> 0.0.143
job-core	Checkout repository	2025-12-06T01:58:10.3684620Z  * [new tag]             0.0.144                 -> 0.0.144
job-core	Checkout repository	2025-12-06T01:58:10.3685006Z  * [new tag]             0.0.145                 -> 0.0.145
job-core	Checkout repository	2025-12-06T01:58:10.3685391Z  * [new tag]             0.0.146                 -> 0.0.146
job-core	Checkout repository	2025-12-06T01:58:10.3685777Z  * [new tag]             0.0.147                 -> 0.0.147
job-core	Checkout repository	2025-12-06T01:58:10.3686171Z  * [new tag]             0.0.148                 -> 0.0.148
job-core	Checkout repository	2025-12-06T01:58:10.3686559Z  * [new tag]             0.0.149                 -> 0.0.149
job-core	Checkout repository	2025-12-06T01:58:10.3686943Z  * [new tag]             0.0.15                  -> 0.0.15
job-core	Checkout repository	2025-12-06T01:58:10.3687329Z  * [new tag]             0.0.150                 -> 0.0.150
job-core	Checkout repository	2025-12-06T01:58:10.3687720Z  * [new tag]             0.0.151                 -> 0.0.151
job-core	Checkout repository	2025-12-06T01:58:10.3688111Z  * [new tag]             0.0.152                 -> 0.0.152
job-core	Checkout repository	2025-12-06T01:58:10.3688508Z  * [new tag]             0.0.153                 -> 0.0.153
job-core	Checkout repository	2025-12-06T01:58:10.3689048Z  * [new tag]             0.0.154                 -> 0.0.154
job-core	Checkout repository	2025-12-06T01:58:10.3689435Z  * [new tag]             0.0.155                 -> 0.0.155
job-core	Checkout repository	2025-12-06T01:58:10.3689816Z  * [new tag]             0.0.156                 -> 0.0.156
job-core	Checkout repository	2025-12-06T01:58:10.3690204Z  * [new tag]             0.0.157                 -> 0.0.157
job-core	Checkout repository	2025-12-06T01:58:10.3690589Z  * [new tag]             0.0.158                 -> 0.0.158
job-core	Checkout repository	2025-12-06T01:58:10.3690972Z  * [new tag]             0.0.159                 -> 0.0.159
job-core	Checkout repository	2025-12-06T01:58:10.3691360Z  * [new tag]             0.0.16                  -> 0.0.16
job-core	Checkout repository	2025-12-06T01:58:10.3691750Z  * [new tag]             0.0.160                 -> 0.0.160
job-core	Checkout repository	2025-12-06T01:58:10.3692140Z  * [new tag]             0.0.161                 -> 0.0.161
job-core	Checkout repository	2025-12-06T01:58:10.3692524Z  * [new tag]             0.0.162                 -> 0.0.162
job-core	Checkout repository	2025-12-06T01:58:10.3692909Z  * [new tag]             0.0.163                 -> 0.0.163
job-core	Checkout repository	2025-12-06T01:58:10.3693449Z  * [new tag]             0.0.164                 -> 0.0.164
job-core	Checkout repository	2025-12-06T01:58:10.3693843Z  * [new tag]             0.0.165                 -> 0.0.165
job-core	Checkout repository	2025-12-06T01:58:10.3694270Z  * [new tag]             0.0.166                 -> 0.0.166
job-core	Checkout repository	2025-12-06T01:58:10.3694660Z  * [new tag]             0.0.167                 -> 0.0.167
job-core	Checkout repository	2025-12-06T01:58:10.3695041Z  * [new tag]             0.0.168                 -> 0.0.168
job-core	Checkout repository	2025-12-06T01:58:10.3695426Z  * [new tag]             0.0.169                 -> 0.0.169
job-core	Checkout repository	2025-12-06T01:58:10.3695814Z  * [new tag]             0.0.17                  -> 0.0.17
job-core	Checkout repository	2025-12-06T01:58:10.3696202Z  * [new tag]             0.0.170                 -> 0.0.170
job-core	Checkout repository	2025-12-06T01:58:10.3696587Z  * [new tag]             0.0.171                 -> 0.0.171
job-core	Checkout repository	2025-12-06T01:58:10.3696968Z  * [new tag]             0.0.172                 -> 0.0.172
job-core	Checkout repository	2025-12-06T01:58:10.3697351Z  * [new tag]             0.0.173                 -> 0.0.173
job-core	Checkout repository	2025-12-06T01:58:10.3759135Z  * [new tag]             0.0.174                 -> 0.0.174
job-core	Checkout repository	2025-12-06T01:58:10.3760200Z  * [new tag]             0.0.175                 -> 0.0.175
job-core	Checkout repository	2025-12-06T01:58:10.3760672Z  * [new tag]             0.0.176                 -> 0.0.176
job-core	Checkout repository	2025-12-06T01:58:10.3761119Z  * [new tag]             0.0.177                 -> 0.0.177
job-core	Checkout repository	2025-12-06T01:58:10.3761517Z  * [new tag]             0.0.178                 -> 0.0.178
job-core	Checkout repository	2025-12-06T01:58:10.3761917Z  * [new tag]             0.0.179                 -> 0.0.179
job-core	Checkout repository	2025-12-06T01:58:10.3762320Z  * [new tag]             0.0.18                  -> 0.0.18
job-core	Checkout repository	2025-12-06T01:58:10.3762741Z  * [new tag]             0.0.19                  -> 0.0.19
job-core	Checkout repository	2025-12-06T01:58:10.3763153Z  * [new tag]             0.0.2                   -> 0.0.2
job-core	Checkout repository	2025-12-06T01:58:10.3763565Z  * [new tag]             0.0.20                  -> 0.0.20
job-core	Checkout repository	2025-12-06T01:58:10.3763982Z  * [new tag]             0.0.21                  -> 0.0.21
job-core	Checkout repository	2025-12-06T01:58:10.3764482Z  * [new tag]             0.0.22                  -> 0.0.22
job-core	Checkout repository	2025-12-06T01:58:10.3764909Z  * [new tag]             0.0.23                  -> 0.0.23
job-core	Checkout repository	2025-12-06T01:58:10.3765323Z  * [new tag]             0.0.24                  -> 0.0.24
job-core	Checkout repository	2025-12-06T01:58:10.3765739Z  * [new tag]             0.0.25                  -> 0.0.25
job-core	Checkout repository	2025-12-06T01:58:10.3766151Z  * [new tag]             0.0.26                  -> 0.0.26
job-core	Checkout repository	2025-12-06T01:58:10.3766570Z  * [new tag]             0.0.27                  -> 0.0.27
job-core	Checkout repository	2025-12-06T01:58:10.3767001Z  * [new tag]             0.0.28                  -> 0.0.28
job-core	Checkout repository	2025-12-06T01:58:10.3767542Z  * [new tag]             0.0.29                  -> 0.0.29
job-core	Checkout repository	2025-12-06T01:58:10.3767967Z  * [new tag]             0.0.3                   -> 0.0.3
job-core	Checkout repository	2025-12-06T01:58:10.3768452Z  * [new tag]             0.0.30                  -> 0.0.30
job-core	Checkout repository	2025-12-06T01:58:10.3768955Z  * [new tag]             0.0.31                  -> 0.0.31
job-core	Checkout repository	2025-12-06T01:58:10.3769396Z  * [new tag]             0.0.32                  -> 0.0.32
job-core	Checkout repository	2025-12-06T01:58:10.3769887Z  * [new tag]             0.0.33                  -> 0.0.33
job-core	Checkout repository	2025-12-06T01:58:10.3770471Z  * [new tag]             0.0.34                  -> 0.0.34
job-core	Checkout repository	2025-12-06T01:58:10.3771159Z  * [new tag]             0.0.35                  -> 0.0.35
job-core	Checkout repository	2025-12-06T01:58:10.3771553Z  * [new tag]             0.0.36                  -> 0.0.36
job-core	Checkout repository	2025-12-06T01:58:10.3772014Z  * [new tag]             0.0.37                  -> 0.0.37
job-core	Checkout repository	2025-12-06T01:58:10.3772584Z  * [new tag]             0.0.38                  -> 0.0.38
job-core	Checkout repository	2025-12-06T01:58:10.3772986Z  * [new tag]             0.0.39                  -> 0.0.39
job-core	Checkout repository	2025-12-06T01:58:10.3773398Z  * [new tag]             0.0.4                   -> 0.0.4
job-core	Checkout repository	2025-12-06T01:58:10.3773795Z  * [new tag]             0.0.40                  -> 0.0.40
job-core	Checkout repository	2025-12-06T01:58:10.3774264Z  * [new tag]             0.0.41                  -> 0.0.41
job-core	Checkout repository	2025-12-06T01:58:10.3774666Z  * [new tag]             0.0.42                  -> 0.0.42
job-core	Checkout repository	2025-12-06T01:58:10.3775054Z  * [new tag]             0.0.43                  -> 0.0.43
job-core	Checkout repository	2025-12-06T01:58:10.3775665Z  * [new tag]             0.0.44                  -> 0.0.44
job-core	Checkout repository	2025-12-06T01:58:10.3776072Z  * [new tag]             0.0.45                  -> 0.0.45
job-core	Checkout repository	2025-12-06T01:58:10.3776463Z  * [new tag]             0.0.46                  -> 0.0.46
job-core	Checkout repository	2025-12-06T01:58:10.3776858Z  * [new tag]             0.0.47                  -> 0.0.47
job-core	Checkout repository	2025-12-06T01:58:10.3777376Z  * [new tag]             0.0.48                  -> 0.0.48
job-core	Checkout repository	2025-12-06T01:58:10.3777760Z  * [new tag]             0.0.49                  -> 0.0.49
job-core	Checkout repository	2025-12-06T01:58:10.3778134Z  * [new tag]             0.0.5                   -> 0.0.5
job-core	Checkout repository	2025-12-06T01:58:10.3778520Z  * [new tag]             0.0.50                  -> 0.0.50
job-core	Checkout repository	2025-12-06T01:58:10.3778898Z  * [new tag]             0.0.51                  -> 0.0.51
job-core	Checkout repository	2025-12-06T01:58:10.3779272Z  * [new tag]             0.0.52                  -> 0.0.52
job-core	Checkout repository	2025-12-06T01:58:10.3779648Z  * [new tag]             0.0.53                  -> 0.0.53
job-core	Checkout repository	2025-12-06T01:58:10.3780025Z  * [new tag]             0.0.54                  -> 0.0.54
job-core	Checkout repository	2025-12-06T01:58:10.3780412Z  * [new tag]             0.0.55                  -> 0.0.55
job-core	Checkout repository	2025-12-06T01:58:10.3780797Z  * [new tag]             0.0.56                  -> 0.0.56
job-core	Checkout repository	2025-12-06T01:58:10.3781175Z  * [new tag]             0.0.57                  -> 0.0.57
job-core	Checkout repository	2025-12-06T01:58:10.3781561Z  * [new tag]             0.0.58                  -> 0.0.58
job-core	Checkout repository	2025-12-06T01:58:10.3781938Z  * [new tag]             0.0.59                  -> 0.0.59
job-core	Checkout repository	2025-12-06T01:58:10.3782316Z  * [new tag]             0.0.6                   -> 0.0.6
job-core	Checkout repository	2025-12-06T01:58:10.3782696Z  * [new tag]             0.0.60                  -> 0.0.60
job-core	Checkout repository	2025-12-06T01:58:10.3783067Z  * [new tag]             0.0.61                  -> 0.0.61
job-core	Checkout repository	2025-12-06T01:58:10.3783442Z  * [new tag]             0.0.62                  -> 0.0.62
job-core	Checkout repository	2025-12-06T01:58:10.3783822Z  * [new tag]             0.0.63                  -> 0.0.63
job-core	Checkout repository	2025-12-06T01:58:10.3784246Z  * [new tag]             0.0.64                  -> 0.0.64
job-core	Checkout repository	2025-12-06T01:58:10.3784915Z  * [new tag]             0.0.65                  -> 0.0.65
job-core	Checkout repository	2025-12-06T01:58:10.3785302Z  * [new tag]             0.0.66                  -> 0.0.66
job-core	Checkout repository	2025-12-06T01:58:10.3785793Z  * [new tag]             0.0.67                  -> 0.0.67
job-core	Checkout repository	2025-12-06T01:58:10.3786156Z  * [new tag]             0.0.68                  -> 0.0.68
job-core	Checkout repository	2025-12-06T01:58:10.3786527Z  * [new tag]             0.0.69                  -> 0.0.69
job-core	Checkout repository	2025-12-06T01:58:10.3786896Z  * [new tag]             0.0.7                   -> 0.0.7
job-core	Checkout repository	2025-12-06T01:58:10.3787266Z  * [new tag]             0.0.70                  -> 0.0.70
job-core	Checkout repository	2025-12-06T01:58:10.3787630Z  * [new tag]             0.0.71                  -> 0.0.71
job-core	Checkout repository	2025-12-06T01:58:10.3788000Z  * [new tag]             0.0.72                  -> 0.0.72
job-core	Checkout repository	2025-12-06T01:58:10.3788375Z  * [new tag]             0.0.73                  -> 0.0.73
job-core	Checkout repository	2025-12-06T01:58:10.3788734Z  * [new tag]             0.0.74                  -> 0.0.74
job-core	Checkout repository	2025-12-06T01:58:10.3789102Z  * [new tag]             0.0.75                  -> 0.0.75
job-core	Checkout repository	2025-12-06T01:58:10.3789480Z  * [new tag]             0.0.76                  -> 0.0.76
job-core	Checkout repository	2025-12-06T01:58:10.3790022Z  * [new tag]             0.0.77                  -> 0.0.77
job-core	Checkout repository	2025-12-06T01:58:10.3790393Z  * [new tag]             0.0.78                  -> 0.0.78
job-core	Checkout repository	2025-12-06T01:58:10.3790762Z  * [new tag]             0.0.79                  -> 0.0.79
job-core	Checkout repository	2025-12-06T01:58:10.3791123Z  * [new tag]             0.0.8                   -> 0.0.8
job-core	Checkout repository	2025-12-06T01:58:10.3791490Z  * [new tag]             0.0.80                  -> 0.0.80
job-core	Checkout repository	2025-12-06T01:58:10.3791858Z  * [new tag]             0.0.81                  -> 0.0.81
job-core	Checkout repository	2025-12-06T01:58:10.3792227Z  * [new tag]             0.0.82                  -> 0.0.82
job-core	Checkout repository	2025-12-06T01:58:10.3792597Z  * [new tag]             0.0.83                  -> 0.0.83
job-core	Checkout repository	2025-12-06T01:58:10.3792963Z  * [new tag]             0.0.84                  -> 0.0.84
job-core	Checkout repository	2025-12-06T01:58:10.3793337Z  * [new tag]             0.0.85                  -> 0.0.85
job-core	Checkout repository	2025-12-06T01:58:10.3793697Z  * [new tag]             0.0.86                  -> 0.0.86
job-core	Checkout repository	2025-12-06T01:58:10.3794647Z  * [new tag]             0.0.87                  -> 0.0.87
job-core	Checkout repository	2025-12-06T01:58:10.3795162Z  * [new tag]             0.0.88                  -> 0.0.88
job-core	Checkout repository	2025-12-06T01:58:10.3795526Z  * [new tag]             0.0.89                  -> 0.0.89
job-core	Checkout repository	2025-12-06T01:58:10.3795892Z  * [new tag]             0.0.9                   -> 0.0.9
job-core	Checkout repository	2025-12-06T01:58:10.3796258Z  * [new tag]             0.0.90                  -> 0.0.90
job-core	Checkout repository	2025-12-06T01:58:10.3796747Z  * [new tag]             0.0.91                  -> 0.0.91
job-core	Checkout repository	2025-12-06T01:58:10.3797240Z  * [new tag]             0.0.92                  -> 0.0.92
job-core	Checkout repository	2025-12-06T01:58:10.3797609Z  * [new tag]             0.0.93                  -> 0.0.93
job-core	Checkout repository	2025-12-06T01:58:10.3797978Z  * [new tag]             0.0.94                  -> 0.0.94
job-core	Checkout repository	2025-12-06T01:58:10.3798345Z  * [new tag]             0.0.95                  -> 0.0.95
job-core	Checkout repository	2025-12-06T01:58:10.3798713Z  * [new tag]             0.0.96                  -> 0.0.96
job-core	Checkout repository	2025-12-06T01:58:10.3799088Z  * [new tag]             0.0.97                  -> 0.0.97
job-core	Checkout repository	2025-12-06T01:58:10.3799462Z  * [new tag]             0.0.98                  -> 0.0.98
job-core	Checkout repository	2025-12-06T01:58:10.3799831Z  * [new tag]             0.0.99                  -> 0.0.99
job-core	Checkout repository	2025-12-06T01:58:10.3800200Z  * [new tag]             0.1.0                   -> 0.1.0
job-core	Checkout repository	2025-12-06T01:58:10.3800575Z  * [new tag]             0.1.1                   -> 0.1.1
job-core	Checkout repository	2025-12-06T01:58:10.3800942Z  * [new tag]             0.2.0                   -> 0.2.0
job-core	Checkout repository	2025-12-06T01:58:10.3801310Z  * [new tag]             0.3.0                   -> 0.3.0
job-core	Checkout repository	2025-12-06T01:58:10.3801675Z  * [new tag]             0.3.1                   -> 0.3.1
job-core	Checkout repository	2025-12-06T01:58:10.3802184Z  * [new tag]             0.3.10                  -> 0.3.10
job-core	Checkout repository	2025-12-06T01:58:10.3802566Z  * [new tag]             0.3.11                  -> 0.3.11
job-core	Checkout repository	2025-12-06T01:58:10.3802944Z  * [new tag]             0.3.12                  -> 0.3.12
job-core	Checkout repository	2025-12-06T01:58:10.3803319Z  * [new tag]             0.3.13                  -> 0.3.13
job-core	Checkout repository	2025-12-06T01:58:10.3803713Z  * [new tag]             0.3.14                  -> 0.3.14
job-core	Checkout repository	2025-12-06T01:58:10.3804097Z  * [new tag]             0.3.15                  -> 0.3.15
job-core	Checkout repository	2025-12-06T01:58:10.3804799Z  * [new tag]             0.3.16                  -> 0.3.16
job-core	Checkout repository	2025-12-06T01:58:10.3805177Z  * [new tag]             0.3.17                  -> 0.3.17
job-core	Checkout repository	2025-12-06T01:58:10.3805558Z  * [new tag]             0.3.2                   -> 0.3.2
job-core	Checkout repository	2025-12-06T01:58:10.3805935Z  * [new tag]             0.3.3                   -> 0.3.3
job-core	Checkout repository	2025-12-06T01:58:10.3806313Z  * [new tag]             0.3.4                   -> 0.3.4
job-core	Checkout repository	2025-12-06T01:58:10.3806691Z  * [new tag]             0.3.5                   -> 0.3.5
job-core	Checkout repository	2025-12-06T01:58:10.3807067Z  * [new tag]             0.3.6                   -> 0.3.6
job-core	Checkout repository	2025-12-06T01:58:10.3807589Z  * [new tag]             0.3.7                   -> 0.3.7
job-core	Checkout repository	2025-12-06T01:58:10.3807990Z  * [new tag]             0.3.8                   -> 0.3.8
job-core	Checkout repository	2025-12-06T01:58:10.3808380Z  * [new tag]             0.3.9                   -> 0.3.9
job-core	Checkout repository	2025-12-06T01:58:10.3808775Z  * [new tag]             0.4.0                   -> 0.4.0
job-core	Checkout repository	2025-12-06T01:58:10.3809428Z  * [new tag]             0.4.1                   -> 0.4.1
job-core	Checkout repository	2025-12-06T01:58:10.3809810Z  * [new tag]             0.4.10                  -> 0.4.10
job-core	Checkout repository	2025-12-06T01:58:10.3810186Z  * [new tag]             0.4.2                   -> 0.4.2
job-core	Checkout repository	2025-12-06T01:58:10.3810556Z  * [new tag]             0.4.3                   -> 0.4.3
job-core	Checkout repository	2025-12-06T01:58:10.3810932Z  * [new tag]             0.4.4                   -> 0.4.4
job-core	Checkout repository	2025-12-06T01:58:10.3811312Z  * [new tag]             0.4.5                   -> 0.4.5
job-core	Checkout repository	2025-12-06T01:58:10.3811687Z  * [new tag]             0.4.6                   -> 0.4.6
job-core	Checkout repository	2025-12-06T01:58:10.3812071Z  * [new tag]             0.4.7                   -> 0.4.7
job-core	Checkout repository	2025-12-06T01:58:10.3812446Z  * [new tag]             0.4.8                   -> 0.4.8
job-core	Checkout repository	2025-12-06T01:58:10.3812827Z  * [new tag]             0.4.9                   -> 0.4.9
job-core	Checkout repository	2025-12-06T01:58:10.4001518Z [command]/usr/bin/git branch --list --remote origin/main
job-core	Checkout repository	2025-12-06T01:58:10.4065100Z   origin/main
job-core	Checkout repository	2025-12-06T01:58:10.4074649Z [command]/usr/bin/git rev-parse refs/remotes/origin/main
job-core	Checkout repository	2025-12-06T01:58:10.4101119Z 0bbe202d27c81164bb980027b9e24afb0785d0ec
job-core	Checkout repository	2025-12-06T01:58:10.4105389Z ##[endgroup]
job-core	Checkout repository	2025-12-06T01:58:10.4106191Z ##[group]Determining the checkout info
job-core	Checkout repository	2025-12-06T01:58:10.4107384Z ##[endgroup]
job-core	Checkout repository	2025-12-06T01:58:10.4113366Z [command]/usr/bin/git sparse-checkout disable
job-core	Checkout repository	2025-12-06T01:58:10.4156541Z [command]/usr/bin/git config --local --unset-all extensions.worktreeConfig
job-core	Checkout repository	2025-12-06T01:58:10.4186873Z ##[group]Checking out the ref
job-core	Checkout repository	2025-12-06T01:58:10.4193252Z [command]/usr/bin/git checkout --progress --force -B main refs/remotes/origin/main
job-core	Checkout repository	2025-12-06T01:58:11.2179124Z Switched to a new branch 'main'
job-core	Checkout repository	2025-12-06T01:58:11.2182490Z branch 'main' set up to track 'origin/main'.
job-core	Checkout repository	2025-12-06T01:58:11.2308335Z ##[endgroup]
job-core	Checkout repository	2025-12-06T01:58:11.2313557Z [command]/usr/bin/git log -1 --format=%H
job-core	Checkout repository	2025-12-06T01:58:11.2340847Z 0bbe202d27c81164bb980027b9e24afb0785d0ec
job-core	Commit and push changes	ï»¿2025-12-06T01:58:11.2565759Z ##[group]Run git config --global user.name "***"
job-core	Commit and push changes	2025-12-06T01:58:11.2566450Z [36;1mgit config --global user.name "***"[0m
job-core	Commit and push changes	2025-12-06T01:58:11.2566901Z [36;1mgit config --global user.email "***"[0m
job-core	Commit and push changes	2025-12-06T01:58:11.2567268Z [36;1mgit pull --rebase[0m
job-core	Commit and push changes	2025-12-06T01:58:11.2580103Z shell: /usr/bin/bash -e {0}
job-core	Commit and push changes	2025-12-06T01:58:11.2580470Z env:
job-core	Commit and push changes	2025-12-06T01:58:11.2580731Z   KAOS_CODE: 19981159438
job-core	Commit and push changes	2025-12-06T01:58:11.2581019Z   KAOS_EVENT_NAME: schedule
job-core	Commit and push changes	2025-12-06T01:58:11.2581304Z   KAOS_ACTION: 
job-core	Commit and push changes	2025-12-06T01:58:11.2581568Z   KAOS_REF: refs/heads/main
job-core	Commit and push changes	2025-12-06T01:58:11.2581931Z   KAOS_MODULE: [Ka0S] Workflow Statistics Summary
job-core	Commit and push changes	2025-12-06T01:58:11.2582302Z   KAOS_PATH_RESUME: audit/workflows/
job-core	Commit and push changes	2025-12-06T01:58:11.2582623Z   KAOS_ACTOR: santakloud
job-core	Commit and push changes	2025-12-06T01:58:11.2582915Z   GH_REPO: Ka0s-Klaus/ka0s
job-core	Commit and push changes	2025-12-06T01:58:11.2583190Z ##[endgroup]
job-core	Commit and push changes	2025-12-06T01:58:12.3070123Z Already up to date.
job-core	Post Checkout repository	ï»¿2025-12-06T01:58:12.3279344Z Post job cleanup.
job-core	Post Checkout repository	2025-12-06T01:58:12.4350444Z [command]/usr/bin/git version
job-core	Post Checkout repository	2025-12-06T01:58:12.4390112Z git version 2.51.0
job-core	Post Checkout repository	2025-12-06T01:58:12.4431649Z Copying '/home/runner/.gitconfig' to '/home/runner/_work/_temp/80ada5ec-b1d8-488d-a292-bf8f6282ee43/.gitconfig'
job-core	Post Checkout repository	2025-12-06T01:58:12.4442876Z Temporarily overriding HOME='/home/runner/_work/_temp/80ada5ec-b1d8-488d-a292-bf8f6282ee43' before making global git config changes
job-core	Post Checkout repository	2025-12-06T01:58:12.4443795Z Adding repository directory to the temporary git global config as a safe directory
job-core	Post Checkout repository	2025-12-06T01:58:12.4448831Z [command]/usr/bin/git config --global --add safe.directory /home/runner/_work/ka0s/ka0s
job-core	Post Checkout repository	2025-12-06T01:58:12.4488835Z [command]/usr/bin/git config --local --name-only --get-regexp core\.sshCommand
job-core	Post Checkout repository	2025-12-06T01:58:12.4529296Z [command]/usr/bin/git submodule foreach --recursive sh -c "git config --local --name-only --get-regexp 'core\.sshCommand' && git config --local --unset-all 'core.sshCommand' || :"
job-core	Post Checkout repository	2025-12-06T01:58:12.4786538Z [command]/usr/bin/git config --local --name-only --get-regexp http\.https\:\/\/github\.com\/\.extraheader
job-core	Post Checkout repository	2025-12-06T01:58:12.4811465Z http.https://github.com/.extraheader
job-core	Post Checkout repository	2025-12-06T01:58:12.4824898Z [command]/usr/bin/git config --local --unset-all http.https://github.com/.extraheader
job-core	Post Checkout repository	2025-12-06T01:58:12.4861687Z [command]/usr/bin/git submodule foreach --recursive sh -c "git config --local --name-only --get-regexp 'http\.https\:\/\/github\.com\/\.extraheader' && git config --local --unset-all 'http.https://github.com/.extraheader' || :"
job-core	Post Checkout repository	2025-12-06T01:58:12.5125709Z [command]/usr/bin/git config --local --name-only --get-regexp ^includeIf\.gitdir:
job-core	Post Checkout repository	2025-12-06T01:58:12.5165441Z [command]/usr/bin/git submodule foreach --recursive git config --local --show-origin --name-only --get-regexp remote.origin.url
job-core	Complete job	ï»¿2025-12-06T01:58:12.5562197Z Cleaning up orphan processes
job-stats	Set up job	ï»¿2025-12-06T01:58:17.9446172Z Current runner version: '2.329.0'
job-stats	Set up job	2025-12-06T01:58:17.9454514Z Runner name: 'efebfd8c6d68'
job-stats	Set up job	2025-12-06T01:58:17.9455601Z Runner group name: 'swarm-runners'
job-stats	Set up job	2025-12-06T01:58:17.9456716Z Machine name: 'efebfd8c6d68'
job-stats	Set up job	2025-12-06T01:58:17.9460871Z ##[group]GITHUB_TOKEN Permissions
job-stats	Set up job	2025-12-06T01:58:17.9463668Z Actions: write
job-stats	Set up job	2025-12-06T01:58:17.9464284Z Contents: write
job-stats	Set up job	2025-12-06T01:58:17.9465213Z Issues: write
job-stats	Set up job	2025-12-06T01:58:17.9465757Z Metadata: read
job-stats	Set up job	2025-12-06T01:58:17.9466332Z ##[endgroup]
job-stats	Set up job	2025-12-06T01:58:17.9468556Z Secret source: Actions
job-stats	Set up job	2025-12-06T01:58:17.9469306Z Prepare workflow directory
job-stats	Set up job	2025-12-06T01:58:18.0083535Z Prepare all required actions
job-stats	Set up job	2025-12-06T01:58:18.0132305Z Getting action download info
job-stats	Set up job	2025-12-06T01:58:18.5795914Z Download action repository 'actions/checkout@v4' (SHA:34e114876b0b11c390a56381ad16ebd13914f8d5)
job-stats	Set up job	2025-12-06T01:58:19.4456921Z Complete job name: job-stats
job-stats	Checkout	ï»¿2025-12-06T01:58:19.5101708Z ##[group]Run actions/checkout@v4
job-stats	Checkout	2025-12-06T01:58:19.5102745Z with:
job-stats	Checkout	2025-12-06T01:58:19.5103309Z   fetch-depth: 0
job-stats	Checkout	2025-12-06T01:58:19.5104097Z   token: ***
job-stats	Checkout	2025-12-06T01:58:19.5104967Z   repository: Ka0s-Klaus/ka0s
job-stats	Checkout	2025-12-06T01:58:19.5105557Z   ssh-strict: true
job-stats	Checkout	2025-12-06T01:58:19.5106056Z   ssh-user: git
job-stats	Checkout	2025-12-06T01:58:19.5106559Z   persist-credentials: true
job-stats	Checkout	2025-12-06T01:58:19.5107122Z   clean: true
job-stats	Checkout	2025-12-06T01:58:19.5107636Z   sparse-checkout-cone-mode: true
job-stats	Checkout	2025-12-06T01:58:19.5108238Z   fetch-tags: false
job-stats	Checkout	2025-12-06T01:58:19.5108749Z   show-progress: true
job-stats	Checkout	2025-12-06T01:58:19.5109281Z   lfs: false
job-stats	Checkout	2025-12-06T01:58:19.5109755Z   submodules: false
job-stats	Checkout	2025-12-06T01:58:19.5110284Z   set-safe-directory: true
job-stats	Checkout	2025-12-06T01:58:19.5111082Z env:
job-stats	Checkout	2025-12-06T01:58:19.5111582Z   KAOS_CODE: 19981159438
job-stats	Checkout	2025-12-06T01:58:19.5112132Z   KAOS_EVENT_NAME: schedule
job-stats	Checkout	2025-12-06T01:58:19.5112674Z   KAOS_ACTION: 
job-stats	Checkout	2025-12-06T01:58:19.5113172Z   KAOS_REF: refs/heads/main
job-stats	Checkout	2025-12-06T01:58:19.5113791Z   KAOS_MODULE: [Ka0S] Workflow Statistics Summary
job-stats	Checkout	2025-12-06T01:58:19.5115044Z   KAOS_PATH_RESUME: audit/workflows/
job-stats	Checkout	2025-12-06T01:58:19.5115674Z   KAOS_ACTOR: santakloud
job-stats	Checkout	2025-12-06T01:58:19.5116234Z   GH_REPO: Ka0s-Klaus/ka0s
job-stats	Checkout	2025-12-06T01:58:19.5116950Z   GH_TOKEN: ***
job-stats	Checkout	2025-12-06T01:58:19.5117437Z ##[endgroup]
job-stats	Checkout	2025-12-06T01:58:19.6263696Z Syncing repository: Ka0s-Klaus/ka0s
job-stats	Checkout	2025-12-06T01:58:19.6266397Z ##[group]Getting Git version info
job-stats	Checkout	2025-12-06T01:58:19.6267201Z Working directory is '/home/runner/_work/ka0s/ka0s'
job-stats	Checkout	2025-12-06T01:58:19.6268341Z [command]/usr/bin/git version
job-stats	Checkout	2025-12-06T01:58:19.6268932Z git version 2.51.0
job-stats	Checkout	2025-12-06T01:58:19.6285005Z ##[endgroup]
job-stats	Checkout	2025-12-06T01:58:19.6298175Z Copying '/home/runner/.gitconfig' to '/home/runner/_work/_temp/b7787d4d-e95b-4056-85c4-60fde9b0faf1/.gitconfig'
job-stats	Checkout	2025-12-06T01:58:19.6312565Z Temporarily overriding HOME='/home/runner/_work/_temp/b7787d4d-e95b-4056-85c4-60fde9b0faf1' before making global git config changes
job-stats	Checkout	2025-12-06T01:58:19.6314804Z Adding repository directory to the temporary git global config as a safe directory
job-stats	Checkout	2025-12-06T01:58:19.6316944Z [command]/usr/bin/git config --global --add safe.directory /home/runner/_work/ka0s/ka0s
job-stats	Checkout	2025-12-06T01:58:19.6361883Z [command]/usr/bin/git config --local --get remote.origin.url
job-stats	Checkout	2025-12-06T01:58:19.6385359Z https://github.com/Ka0s-Klaus/ka0s
job-stats	Checkout	2025-12-06T01:58:19.6406433Z ##[group]Removing previously created refs, to avoid conflicts
job-stats	Checkout	2025-12-06T01:58:19.6412525Z [command]/usr/bin/git rev-parse --symbolic-full-name --verify --quiet HEAD
job-stats	Checkout	2025-12-06T01:58:19.6435161Z refs/heads/main
job-stats	Checkout	2025-12-06T01:58:19.6448318Z [command]/usr/bin/git checkout --detach
job-stats	Checkout	2025-12-06T01:58:20.1132591Z HEAD is now at 0bbe202d2 [Ka0S] Uploading Autom add docs to MongoDB...
job-stats	Checkout	2025-12-06T01:58:20.1229158Z [command]/usr/bin/git branch --delete --force main
job-stats	Checkout	2025-12-06T01:58:20.1277236Z Deleted branch main (was 0bbe202d2).
job-stats	Checkout	2025-12-06T01:58:20.1387720Z ##[endgroup]
job-stats	Checkout	2025-12-06T01:58:20.1388742Z [command]/usr/bin/git submodule status
job-stats	Checkout	2025-12-06T01:58:20.1700264Z ##[group]Cleaning the repository
job-stats	Checkout	2025-12-06T01:58:20.1705711Z [command]/usr/bin/git clean -ffdx
job-stats	Checkout	2025-12-06T01:58:20.1789697Z [command]/usr/bin/git reset --hard HEAD
job-stats	Checkout	2025-12-06T01:58:20.1892684Z HEAD is now at 0bbe202d2 [Ka0S] Uploading Autom add docs to MongoDB...
job-stats	Checkout	2025-12-06T01:58:20.1899343Z ##[endgroup]
job-stats	Checkout	2025-12-06T01:58:20.1901067Z ##[group]Disabling automatic garbage collection
job-stats	Checkout	2025-12-06T01:58:20.1905682Z [command]/usr/bin/git config --local gc.auto 0
job-stats	Checkout	2025-12-06T01:58:20.1943456Z ##[endgroup]
job-stats	Checkout	2025-12-06T01:58:20.1944830Z ##[group]Setting up auth
job-stats	Checkout	2025-12-06T01:58:20.1950590Z [command]/usr/bin/git config --local --name-only --get-regexp core\.sshCommand
job-stats	Checkout	2025-12-06T01:58:20.1994712Z [command]/usr/bin/git submodule foreach --recursive sh -c "git config --local --name-only --get-regexp 'core\.sshCommand' && git config --local --unset-all 'core.sshCommand' || :"
job-stats	Checkout	2025-12-06T01:58:20.2308311Z [command]/usr/bin/git config --local --name-only --get-regexp http\.https\:\/\/github\.com\/\.extraheader
job-stats	Checkout	2025-12-06T01:58:20.2351355Z [command]/usr/bin/git submodule foreach --recursive sh -c "git config --local --name-only --get-regexp 'http\.https\:\/\/github\.com\/\.extraheader' && git config --local --unset-all 'http.https://github.com/.extraheader' || :"
job-stats	Checkout	2025-12-06T01:58:20.2667428Z [command]/usr/bin/git config --local --name-only --get-regexp ^includeIf\.gitdir:
job-stats	Checkout	2025-12-06T01:58:20.2706548Z [command]/usr/bin/git submodule foreach --recursive git config --local --show-origin --name-only --get-regexp remote.origin.url
job-stats	Checkout	2025-12-06T01:58:20.3024619Z [command]/usr/bin/git config --local http.https://github.com/.extraheader AUTHORIZATION: basic ***
job-stats	Checkout	2025-12-06T01:58:20.3076585Z ##[endgroup]
job-stats	Checkout	2025-12-06T01:58:20.3077924Z ##[group]Fetching the repository
job-stats	Checkout	2025-12-06T01:58:20.3086911Z [command]/usr/bin/git -c protocol.version=2 fetch --prune --no-recurse-submodules origin +refs/heads/*:refs/remotes/origin/* +refs/tags/*:refs/tags/*
job-stats	Checkout	2025-12-06T01:58:20.8735564Z [command]/usr/bin/git branch --list --remote origin/main
job-stats	Checkout	2025-12-06T01:58:20.8795207Z   origin/main
job-stats	Checkout	2025-12-06T01:58:20.8804723Z [command]/usr/bin/git rev-parse refs/remotes/origin/main
job-stats	Checkout	2025-12-06T01:58:20.8827676Z 0bbe202d27c81164bb980027b9e24afb0785d0ec
job-stats	Checkout	2025-12-06T01:58:20.8830531Z ##[endgroup]
job-stats	Checkout	2025-12-06T01:58:20.8831308Z ##[group]Determining the checkout info
job-stats	Checkout	2025-12-06T01:58:20.8832248Z ##[endgroup]
job-stats	Checkout	2025-12-06T01:58:20.8836499Z [command]/usr/bin/git sparse-checkout disable
job-stats	Checkout	2025-12-06T01:58:20.8901937Z [command]/usr/bin/git config --local --unset-all extensions.worktreeConfig
job-stats	Checkout	2025-12-06T01:58:20.8931868Z ##[group]Checking out the ref
job-stats	Checkout	2025-12-06T01:58:20.8935074Z [command]/usr/bin/git checkout --progress --force -B main refs/remotes/origin/main
job-stats	Checkout	2025-12-06T01:58:20.9015146Z Switched to a new branch 'main'
job-stats	Checkout	2025-12-06T01:58:20.9017148Z branch 'main' set up to track 'origin/main'.
job-stats	Checkout	2025-12-06T01:58:20.9023554Z ##[endgroup]
job-stats	Checkout	2025-12-06T01:58:20.9065021Z [command]/usr/bin/git log -1 --format=%H
job-stats	Checkout	2025-12-06T01:58:20.9091228Z 0bbe202d27c81164bb980027b9e24afb0785d0ec
job-stats	Generate names	ï»¿2025-12-06T01:58:20.9360595Z ##[group]Run git config --global user.name "***"
job-stats	Generate names	2025-12-06T01:58:20.9361561Z [36;1mgit config --global user.name "***"[0m
job-stats	Generate names	2025-12-06T01:58:20.9362293Z [36;1mgit config --global user.email "***"[0m
job-stats	Generate names	2025-12-06T01:58:20.9362897Z [36;1mgit pull --rebase[0m
job-stats	Generate names	2025-12-06T01:58:20.9363378Z [36;1m[0m
job-stats	Generate names	2025-12-06T01:58:20.9363820Z [36;1m# Created files of actually workflows[0m
job-stats	Generate names	2025-12-06T01:58:20.9364868Z [36;1mecho "Created files of actually workflows"[0m
job-stats	Generate names	2025-12-06T01:58:20.9365714Z [36;1mgh workflow list -a --json id,name,path,state | \[0m
job-stats	Generate names	2025-12-06T01:58:20.9366447Z [36;1m  tee audit/workflows/actually-workflows.json | \[0m
job-stats	Generate names	2025-12-06T01:58:20.9367388Z [36;1m  jq -r '["id", "name", "path", "state"],(.[]? // [] | [.id,.name,.path,.state]) | @csv' > audit/workflows/actually-workflows.csv[0m
job-stats	Generate names	2025-12-06T01:58:20.9381620Z shell: /usr/bin/bash -e {0}
job-stats	Generate names	2025-12-06T01:58:20.9382301Z env:
job-stats	Generate names	2025-12-06T01:58:20.9382698Z   KAOS_CODE: 19981159438
job-stats	Generate names	2025-12-06T01:58:20.9383165Z   KAOS_EVENT_NAME: schedule
job-stats	Generate names	2025-12-06T01:58:20.9383693Z   KAOS_ACTION: 
job-stats	Generate names	2025-12-06T01:58:20.9384122Z   KAOS_REF: refs/heads/main
job-stats	Generate names	2025-12-06T01:58:20.9385434Z   KAOS_MODULE: [Ka0S] Workflow Statistics Summary
job-stats	Generate names	2025-12-06T01:58:20.9386046Z   KAOS_PATH_RESUME: audit/workflows/
job-stats	Generate names	2025-12-06T01:58:20.9386574Z   KAOS_ACTOR: santakloud
job-stats	Generate names	2025-12-06T01:58:20.9387045Z   GH_REPO: Ka0s-Klaus/ka0s
job-stats	Generate names	2025-12-06T01:58:20.9387742Z   GH_TOKEN: ***
job-stats	Generate names	2025-12-06T01:58:20.9388170Z ##[endgroup]
job-stats	Generate names	2025-12-06T01:58:21.4491673Z Already up to date.
job-stats	Generate names	2025-12-06T01:58:21.4498000Z Created files of actually workflows
job-stats	Generate names	2025-12-06T01:58:21.4633259Z unknown flag: --json
job-stats	Generate names	2025-12-06T01:58:21.4635547Z 
job-stats	Generate names	2025-12-06T01:58:21.4636035Z Usage:  gh workflow list [flags]
job-stats	Generate names	2025-12-06T01:58:21.4637690Z 
job-stats	Generate names	2025-12-06T01:58:21.4638049Z Flags:
job-stats	Generate names	2025-12-06T01:58:21.4639092Z   -a, --all         Show all workflows, including disabled workflows
job-stats	Generate names	2025-12-06T01:58:21.4640673Z   -L, --limit int   Maximum number of workflows to fetch (default 50)
job-stats	Generate names	2025-12-06T01:58:21.4642006Z   
job-stats	Generate executed	ï»¿2025-12-06T01:58:21.4847095Z ##[group]Run # Inicializar archivo si no existe
job-stats	Generate executed	2025-12-06T01:58:21.4848902Z [36;1m# Inicializar archivo si no existe[0m
job-stats	Generate executed	2025-12-06T01:58:21.4851739Z [36;1m[ -f "audit/workflows/workflows-runs-19981159438.json" ] || echo '[]' > "audit/workflows/workflows-runs-19981159438.json"[0m
job-stats	Generate executed	2025-12-06T01:58:21.4854734Z [36;1m[0m
job-stats	Generate executed	2025-12-06T01:58:21.4856128Z [36;1m# Mostramos el fichero del que tenemos que partir[0m
job-stats	Generate executed	2025-12-06T01:58:21.4858493Z [36;1mjq -r '.[].id' audit/workflows/actually-workflows.json | while read -r workflow_id; do[0m
job-stats	Generate executed	2025-12-06T01:58:21.4860656Z [36;1m  # 1. Obtener datos paginados[0m
job-stats	Generate executed	2025-12-06T01:58:21.4862003Z [36;1m  TEMP_RAW=$(mktemp)[0m
job-stats	Generate executed	2025-12-06T01:58:21.4863218Z [36;1m  gh api --paginate \[0m
job-stats	Generate executed	2025-12-06T01:58:21.4865585Z [36;1m    -H "Accept: application/vnd.github+json" \[0m
job-stats	Generate executed	2025-12-06T01:58:21.4868262Z [36;1m    -H "Authorization: ***" \[0m
job-stats	Generate executed	2025-12-06T01:58:21.4870403Z [36;1m    "/repos/Ka0s-Klaus/ka0s/actions/workflows/$workflow_id/runs?per_page=100" \[0m
job-stats	Generate executed	2025-12-06T01:58:21.4872517Z [36;1m    --jq '.workflow_runs' > "$TEMP_RAW"[0m
job-stats	Generate executed	2025-12-06T01:58:21.4873817Z [36;1m[0m
job-stats	Generate executed	2025-12-06T01:58:21.4875291Z [36;1m  # 2. Procesar con todos los campos requeridos[0m
job-stats	Generate executed	2025-12-06T01:58:21.4876872Z [36;1m  if [ -s "$TEMP_RAW" ]; then[0m
job-stats	Generate executed	2025-12-06T01:58:21.4878236Z [36;1m    jq -c 'map({[0m
job-stats	Generate executed	2025-12-06T01:58:21.4879298Z [36;1m      id,[0m
job-stats	Generate executed	2025-12-06T01:58:21.4880265Z [36;1m      name,[0m
job-stats	Generate executed	2025-12-06T01:58:21.4881264Z [36;1m      head_branch,[0m
job-stats	Generate executed	2025-12-06T01:58:21.4882370Z [36;1m      head_sha,[0m
job-stats	Generate executed	2025-12-06T01:58:21.4883446Z [36;1m      run_number,[0m
job-stats	Generate executed	2025-12-06T01:58:21.4884827Z [36;1m      event,[0m
job-stats	Generate executed	2025-12-06T01:58:21.4885959Z [36;1m      status,[0m
job-stats	Generate executed	2025-12-06T01:58:21.4887140Z [36;1m      conclusion: (.conclusion // "unknown"),[0m
job-stats	Generate executed	2025-12-06T01:58:21.4888527Z [36;1m      workflow_id,[0m
job-stats	Generate executed	2025-12-06T01:58:21.4889612Z [36;1m      url,[0m
job-stats	Generate executed	2025-12-06T01:58:21.4890841Z [36;1m      created_at: (.created_at | fromdateiso8601 // 0),[0m
job-stats	Generate executed	2025-12-06T01:58:21.4892586Z [36;1m      updated_at: (.updated_at | fromdateiso8601 // 0),[0m
job-stats	Generate executed	2025-12-06T01:58:21.4894431Z [36;1m      run_started_at: (.run_started_at | fromdateiso8601 // 0)[0m
job-stats	Generate executed	2025-12-06T01:58:21.4896206Z [36;1m    }) | select(. != null)' "$TEMP_RAW" > processed.json[0m
job-stats	Generate executed	2025-12-06T01:58:21.4897612Z [36;1m[0m
job-stats	Generate executed	2025-12-06T01:58:21.4898563Z [36;1m    # 3. CombinaciÃ³n segura[0m
job-stats	Generate executed	2025-12-06T01:58:21.4899874Z [36;1m    if [ -s processed.json ]; then[0m
job-stats	Generate executed	2025-12-06T01:58:21.4901422Z [36;1m      jq -s 'add | unique_by(.id) | sort_by(-.created_at)' \[0m
job-stats	Generate executed	2025-12-06T01:58:21.4903229Z [36;1m        audit/workflows/workflows-runs-19981159438.json \[0m
job-stats	Generate executed	2025-12-06T01:58:21.4904902Z [36;1m        processed.json > merged.json[0m
job-stats	Generate executed	2025-12-06T01:58:21.4906218Z [36;1m      [0m
job-stats	Generate executed	2025-12-06T01:58:21.4907626Z [36;1m      mv merged.json audit/workflows/workflows-runs-19981159438.json[0m
job-stats	Generate executed	2025-12-06T01:58:21.4909321Z [36;1m    fi[0m
job-stats	Generate executed	2025-12-06T01:58:21.4910246Z [36;1m  fi[0m
job-stats	Generate executed	2025-12-06T01:58:21.4911274Z [36;1m  rm -f "$TEMP_RAW" processed.json[0m
job-stats	Generate executed	2025-12-06T01:58:21.4912609Z [36;1mdone[0m
job-stats	Generate executed	2025-12-06T01:58:21.4913534Z [36;1m[0m
job-stats	Generate executed	2025-12-06T01:58:21.4915177Z [36;1m# 4. Generar output final[0m
job-stats	Generate executed	2025-12-06T01:58:21.4917805Z [36;1mjq 'sort_by(-.created_at)' audit/workflows/workflows-runs-19981159438.json > audit/workflows/actually-workflows-runs.json[0m
job-stats	Generate executed	2025-12-06T01:58:21.4920408Z [36;1mjq -r '[0m
job-stats	Generate executed	2025-12-06T01:58:21.4922855Z [36;1m  (["id", "name", "head_branch", "head_sha", "run_number", "event", "status", "conclusion", "workflow_id", "url", "created_at", "updated_at", "run_started_at"] | @csv),[0m
job-stats	Generate executed	2025-12-06T01:58:21.4925658Z [36;1m  (.[] | [[0m
job-stats	Generate executed	2025-12-06T01:58:21.4926628Z [36;1m    .id,[0m
job-stats	Generate executed	2025-12-06T01:58:21.4927563Z [36;1m    .name,[0m
job-stats	Generate executed	2025-12-06T01:58:21.4928554Z [36;1m    .head_branch,[0m
job-stats	Generate executed	2025-12-06T01:58:21.4929630Z [36;1m    .head_sha,[0m
job-stats	Generate executed	2025-12-06T01:58:21.4930658Z [36;1m    .run_number,[0m
job-stats	Generate executed	2025-12-06T01:58:21.4931699Z [36;1m    .event,[0m
job-stats	Generate executed	2025-12-06T01:58:21.4932670Z [36;1m    .status,[0m
job-stats	Generate executed	2025-12-06T01:58:21.4933895Z [36;1m    .conclusion,[0m
job-stats	Generate executed	2025-12-06T01:58:21.4934998Z [36;1m    .workflow_id,[0m
job-stats	Generate executed	2025-12-06T01:58:21.4936027Z [36;1m    .url,[0m
job-stats	Generate executed	2025-12-06T01:58:21.4937030Z [36;1m    .created_at,[0m
job-stats	Generate executed	2025-12-06T01:58:21.4938061Z [36;1m    .updated_at,[0m
job-stats	Generate executed	2025-12-06T01:58:21.4939091Z [36;1m    .run_started_at[0m
job-stats	Generate executed	2025-12-06T01:58:21.4940134Z [36;1m  ] | @csv)[0m
job-stats	Generate executed	2025-12-06T01:58:21.4942079Z [36;1m' audit/workflows/actually-workflows-runs.json > audit/workflows/actually-workflows-runs.csv[0m
job-stats	Generate executed	2025-12-06T01:58:21.4953710Z shell: /usr/bin/bash -e {0}
job-stats	Generate executed	2025-12-06T01:58:21.4955269Z env:
job-stats	Generate executed	2025-12-06T01:58:21.4956097Z   KAOS_CODE: 19981159438
job-stats	Generate executed	2025-12-06T01:58:21.4957223Z   KAOS_EVENT_NAME: schedule
job-stats	Generate executed	2025-12-06T01:58:21.4958225Z   KAOS_ACTION: 
job-stats	Generate executed	2025-12-06T01:58:21.4959111Z   KAOS_REF: refs/heads/main
job-stats	Generate executed	2025-12-06T01:58:21.4960265Z   KAOS_MODULE: [Ka0S] Workflow Statistics Summary
job-stats	Generate executed	2025-12-06T01:58:21.4961595Z   KAOS_PATH_RESUME: audit/workflows/
job-stats	Generate executed	2025-12-06T01:58:21.4962742Z   KAOS_ACTOR: santakloud
job-stats	Generate executed	2025-12-06T01:58:21.4963756Z   GH_REPO: Ka0s-Klaus/ka0s
job-stats	Generate executed	2025-12-06T01:58:21.4965175Z   GH_TOKEN: ***
job-stats	Generate executed	2025-12-06T01:58:21.4966057Z ##[endgroup]
job-stats	Extraer issues completas en JSON y texto plano	ï»¿2025-12-06T01:58:21.5824915Z ##[group]Run # mkdir -p audit/issues
job-stats	Extraer issues completas en JSON y texto plano	2025-12-06T01:58:21.5826364Z [36;1m# mkdir -p audit/issues[0m
job-stats	Extraer issues completas en JSON y texto plano	2025-12-06T01:58:21.5827799Z [36;1m# Obtener el Ãºltimo nÃºmero de issue registrado[0m
job-stats	Extraer issues completas en JSON y texto plano	2025-12-06T01:58:21.5829423Z [36;1mif [ -s audit/issues/README.MD ]; then[0m
job-stats	Extraer issues completas en JSON y texto plano	2025-12-06T01:58:21.5831208Z [36;1m  LAST_ISSUE=$(jq '.[].number' audit/issues/README.MD | sort -nr | head -n1)[0m
job-stats	Extraer issues completas en JSON y texto plano	2025-12-06T01:58:21.5833069Z [36;1melse[0m
job-stats	Extraer issues completas en JSON y texto plano	2025-12-06T01:58:21.5833924Z [36;1m  LAST_ISSUE=0[0m
job-stats	Extraer issues completas en JSON y texto plano	2025-12-06T01:58:21.5835225Z [36;1mfi[0m
job-stats	Extraer issues completas en JSON y texto plano	2025-12-06T01:58:21.5836296Z [36;1mecho "LAST_ISSUE=$LAST_ISSUE" >> $GITHUB_ENV[0m
job-stats	Extraer issues completas en JSON y texto plano	2025-12-06T01:58:21.5837880Z [36;1m# Descargar solo las issues posteriores a la Ãºltima registrada[0m
job-stats	Extraer issues completas en JSON y texto plano	2025-12-06T01:58:21.5840434Z [36;1mgh api "/repos/Ka0s-Klaus/ka0s/issues?state=all&filter=all&per_page=100" --paginate --jq '.' > audit/issues/all-issues.json[0m
job-stats	Extraer issues completas en JSON y texto plano	2025-12-06T01:58:21.5843715Z [36;1mjq -c '.[] | select(.number > $LAST_ISSUE)' --argjson LAST_ISSUE "$LAST_ISSUE" audit/issues/all-issues.json | while read -r issue; do[0m
job-stats	Extraer issues completas en JSON y texto plano	2025-12-06T01:58:21.5846681Z [36;1m  number=$(echo "$issue" | jq -r '.number')[0m
job-stats	Extraer issues completas en JSON y texto plano	2025-12-06T01:58:21.5848432Z [36;1m  echo "$issue" > audit/issues/${number}.json[0m
job-stats	Extraer issues completas en JSON y texto plano	2025-12-06T01:58:21.5850183Z [36;1m  echo "$issue" | jq -r 'to_entries | map("\(.key): \(.value)") | .[]' > audit/issues/${number}.txt[0m
job-stats	Extraer issues completas en JSON y texto plano	2025-12-06T01:58:21.5851774Z [36;1mdone[0m
job-stats	Extraer issues completas en JSON y texto plano	2025-12-06T01:58:21.5852927Z [36;1mcat audit/issues/all-issues.json > audit/issues/README.MD[0m
job-stats	Extraer issues completas en JSON y texto plano	2025-12-06T01:58:21.5865113Z shell: /usr/bin/bash -e {0}
job-stats	Extraer issues completas en JSON y texto plano	2025-12-06T01:58:21.5866158Z env:
job-stats	Extraer issues completas en JSON y texto plano	2025-12-06T01:58:21.5867089Z   KAOS_CODE: 19981159438
job-stats	Extraer issues completas en JSON y texto plano	2025-12-06T01:58:21.5868043Z   KAOS_EVENT_NAME: schedule
job-stats	Extraer issues completas en JSON y texto plano	2025-12-06T01:58:21.5868990Z   KAOS_ACTION: 
job-stats	Extraer issues completas en JSON y texto plano	2025-12-06T01:58:21.5869838Z   KAOS_REF: refs/heads/main
job-stats	Extraer issues completas en JSON y texto plano	2025-12-06T01:58:21.5870936Z   KAOS_MODULE: [Ka0S] Workflow Statistics Summary
job-stats	Extraer issues completas en JSON y texto plano	2025-12-06T01:58:21.5872190Z   KAOS_PATH_RESUME: audit/workflows/
job-stats	Extraer issues completas en JSON y texto plano	2025-12-06T01:58:21.5873275Z   KAOS_ACTOR: santakloud
job-stats	Extraer issues completas en JSON y texto plano	2025-12-06T01:58:21.5874668Z   GH_REPO: Ka0s-Klaus/ka0s
job-stats	Extraer issues completas en JSON y texto plano	2025-12-06T01:58:21.5876128Z   GH_TOKEN: ***
job-stats	Extraer issues completas en JSON y texto plano	2025-12-06T01:58:21.5876943Z ##[endgroup]
handle_failure	Set up job	ï»¿2025-12-06T02:10:20.6563515Z Current runner version: '2.329.0'
handle_failure	Set up job	2025-12-06T02:10:20.6572557Z Runner name: '70695cf14615'
handle_failure	Set up job	2025-12-06T02:10:20.6573375Z Runner group name: 'swarm-runners'
handle_failure	Set up job	2025-12-06T02:10:20.6574874Z Machine name: '70695cf14615'
handle_failure	Set up job	2025-12-06T02:10:20.6578443Z ##[group]GITHUB_TOKEN Permissions
handle_failure	Set up job	2025-12-06T02:10:20.6581362Z Actions: write
handle_failure	Set up job	2025-12-06T02:10:20.6581963Z Contents: write
handle_failure	Set up job	2025-12-06T02:10:20.6582588Z Issues: write
handle_failure	Set up job	2025-12-06T02:10:20.6583151Z Metadata: read
handle_failure	Set up job	2025-12-06T02:10:20.6583651Z ##[endgroup]
handle_failure	Set up job	2025-12-06T02:10:20.6586379Z Secret source: Actions
handle_failure	Set up job	2025-12-06T02:10:20.6587144Z Prepare workflow directory
handle_failure	Set up job	2025-12-06T02:10:20.7185828Z Prepare all required actions
handle_failure	Set up job	2025-12-06T02:10:20.7226973Z Getting action download info
handle_failure	Set up job	2025-12-06T02:10:21.2919159Z Download action repository 'actions/checkout@v4' (SHA:34e114876b0b11c390a56381ad16ebd13914f8d5)
handle_failure	Set up job	2025-12-06T02:10:22.2611837Z Complete job name: handle_failure
handle_failure	Checkout code	ï»¿2025-12-06T02:10:22.3163085Z ##[group]Run actions/checkout@v4
handle_failure	Checkout code	2025-12-06T02:10:22.3164069Z with:
handle_failure	Checkout code	2025-12-06T02:10:22.3164579Z   fetch-depth: 0
handle_failure	Checkout code	2025-12-06T02:10:22.3165208Z   token: ***
handle_failure	Checkout code	2025-12-06T02:10:22.3165601Z   repository: Ka0s-Klaus/ka0s
handle_failure	Checkout code	2025-12-06T02:10:22.3166059Z   ssh-strict: true
handle_failure	Checkout code	2025-12-06T02:10:22.3166444Z   ssh-user: git
handle_failure	Checkout code	2025-12-06T02:10:22.3166838Z   persist-credentials: true
handle_failure	Checkout code	2025-12-06T02:10:22.3167274Z   clean: true
handle_failure	Checkout code	2025-12-06T02:10:22.3167666Z   sparse-checkout-cone-mode: true
handle_failure	Checkout code	2025-12-06T02:10:22.3168144Z   fetch-tags: false
handle_failure	Checkout code	2025-12-06T02:10:22.3168541Z   show-progress: true
handle_failure	Checkout code	2025-12-06T02:10:22.3168938Z   lfs: false
handle_failure	Checkout code	2025-12-06T02:10:22.3169302Z   submodules: false
handle_failure	Checkout code	2025-12-06T02:10:22.3169703Z   set-safe-directory: true
handle_failure	Checkout code	2025-12-06T02:10:22.3170377Z env:
handle_failure	Checkout code	2025-12-06T02:10:22.3170751Z   KAOS_CODE: 19981159438
handle_failure	Checkout code	2025-12-06T02:10:22.3171177Z   KAOS_EVENT_NAME: schedule
handle_failure	Checkout code	2025-12-06T02:10:22.3171612Z   KAOS_ACTION: 
handle_failure	Checkout code	2025-12-06T02:10:22.3171999Z   KAOS_REF: refs/heads/main
handle_failure	Checkout code	2025-12-06T02:10:22.3172499Z   KAOS_MODULE: [Ka0S] Workflow Statistics Summary
handle_failure	Checkout code	2025-12-06T02:10:22.3173142Z   KAOS_PATH_RESUME: audit/workflows/
handle_failure	Checkout code	2025-12-06T02:10:22.3173641Z   KAOS_ACTOR: santakloud
handle_failure	Checkout code	2025-12-06T02:10:22.3174067Z   GH_REPO: Ka0s-Klaus/ka0s
handle_failure	Checkout code	2025-12-06T02:10:22.3195219Z ##[endgroup]
handle_failure	Checkout code	2025-12-06T02:10:22.4338798Z Syncing repository: Ka0s-Klaus/ka0s
handle_failure	Checkout code	2025-12-06T02:10:22.4340767Z ##[group]Getting Git version info
handle_failure	Checkout code	2025-12-06T02:10:22.4341397Z Working directory is '/home/runner/_work/ka0s/ka0s'
handle_failure	Checkout code	2025-12-06T02:10:22.4342256Z [command]/usr/bin/git version
handle_failure	Checkout code	2025-12-06T02:10:22.4342768Z git version 2.51.0
handle_failure	Checkout code	2025-12-06T02:10:22.4364641Z ##[endgroup]
handle_failure	Checkout code	2025-12-06T02:10:22.4385305Z Temporarily overriding HOME='/home/runner/_work/_temp/69620090-83bf-48b3-863f-e97cebc1991a' before making global git config changes
handle_failure	Checkout code	2025-12-06T02:10:22.4387046Z Adding repository directory to the temporary git global config as a safe directory
handle_failure	Checkout code	2025-12-06T02:10:22.4390892Z [command]/usr/bin/git config --global --add safe.directory /home/runner/_work/ka0s/ka0s
handle_failure	Checkout code	2025-12-06T02:10:22.4443615Z [command]/usr/bin/git config --local --get remote.origin.url
handle_failure	Checkout code	2025-12-06T02:10:22.4467395Z https://github.com/Ka0s-Klaus/ka0s
handle_failure	Checkout code	2025-12-06T02:10:22.4489086Z ##[group]Removing previously created refs, to avoid conflicts
handle_failure	Checkout code	2025-12-06T02:10:22.4493932Z [command]/usr/bin/git rev-parse --symbolic-full-name --verify --quiet HEAD
handle_failure	Checkout code	2025-12-06T02:10:22.4517977Z refs/heads/main
handle_failure	Checkout code	2025-12-06T02:10:22.4528508Z [command]/usr/bin/git checkout --detach
handle_failure	Checkout code	2025-12-06T02:10:22.9644781Z HEAD is now at 0bbe202d2 [Ka0S] Uploading Autom add docs to MongoDB...
handle_failure	Checkout code	2025-12-06T02:10:22.9698440Z [command]/usr/bin/git branch --delete --force main
handle_failure	Checkout code	2025-12-06T02:10:22.9730793Z Deleted branch main (was 0bbe202d2).
handle_failure	Checkout code	2025-12-06T02:10:22.9820625Z ##[endgroup]
handle_failure	Checkout code	2025-12-06T02:10:22.9821825Z [command]/usr/bin/git submodule status
handle_failure	Checkout code	2025-12-06T02:10:23.0086832Z ##[group]Cleaning the repository
handle_failure	Checkout code	2025-12-06T02:10:23.0090511Z [command]/usr/bin/git clean -ffdx
handle_failure	Checkout code	2025-12-06T02:10:23.0164134Z [command]/usr/bin/git reset --hard HEAD
handle_failure	Checkout code	2025-12-06T02:10:23.0252741Z HEAD is now at 0bbe202d2 [Ka0S] Uploading Autom add docs to MongoDB...
handle_failure	Checkout code	2025-12-06T02:10:23.0258683Z ##[endgroup]
handle_failure	Checkout code	2025-12-06T02:10:23.0260334Z ##[group]Disabling automatic garbage collection
handle_failure	Checkout code	2025-12-06T02:10:23.0263913Z [command]/usr/bin/git config --local gc.auto 0
handle_failure	Checkout code	2025-12-06T02:10:23.0296363Z ##[endgroup]
handle_failure	Checkout code	2025-12-06T02:10:23.0297529Z ##[group]Setting up auth
handle_failure	Checkout code	2025-12-06T02:10:23.0301995Z [command]/usr/bin/git config --local --name-only --get-regexp core\.sshCommand
handle_failure	Checkout code	2025-12-06T02:10:23.0336020Z [command]/usr/bin/git submodule foreach --recursive sh -c "git config --local --name-only --get-regexp 'core\.sshCommand' && git config --local --unset-all 'core.sshCommand' || :"
handle_failure	Checkout code	2025-12-06T02:10:23.0589643Z [command]/usr/bin/git config --local --name-only --get-regexp http\.https\:\/\/github\.com\/\.extraheader
handle_failure	Checkout code	2025-12-06T02:10:23.0624704Z [command]/usr/bin/git submodule foreach --recursive sh -c "git config --local --name-only --get-regexp 'http\.https\:\/\/github\.com\/\.extraheader' && git config --local --unset-all 'http.https://github.com/.extraheader' || :"
handle_failure	Checkout code	2025-12-06T02:10:23.0874914Z [command]/usr/bin/git config --local --name-only --get-regexp ^includeIf\.gitdir:
handle_failure	Checkout code	2025-12-06T02:10:23.0908919Z [command]/usr/bin/git submodule foreach --recursive git config --local --show-origin --name-only --get-regexp remote.origin.url
handle_failure	Checkout code	2025-12-06T02:10:23.1165632Z [command]/usr/bin/git config --local http.https://github.com/.extraheader AUTHORIZATION: basic ***
handle_failure	Checkout code	2025-12-06T02:10:23.1208832Z ##[endgroup]
handle_failure	Checkout code	2025-12-06T02:10:23.1210048Z ##[group]Fetching the repository
handle_failure	Checkout code	2025-12-06T02:10:23.1218058Z [command]/usr/bin/git -c protocol.version=2 fetch --prune --no-recurse-submodules origin +refs/heads/*:refs/remotes/origin/* +refs/tags/*:refs/tags/*
handle_failure	Checkout code	2025-12-06T02:10:23.6568949Z From https://github.com/Ka0s-Klaus/ka0s
handle_failure	Checkout code	2025-12-06T02:10:23.6570447Z    0bbe202d2..5c2e7e506  main       -> origin/main
handle_failure	Checkout code	2025-12-06T02:10:23.6682427Z [command]/usr/bin/git branch --list --remote origin/main
handle_failure	Checkout code	2025-12-06T02:10:23.6746817Z   origin/main
handle_failure	Checkout code	2025-12-06T02:10:23.6760758Z [command]/usr/bin/git rev-parse refs/remotes/origin/main
handle_failure	Checkout code	2025-12-06T02:10:23.6786448Z 5c2e7e50622857101c5a23bbf440e9ffabfe7ed9
handle_failure	Checkout code	2025-12-06T02:10:23.6796913Z [command]/usr/bin/git -c protocol.version=2 fetch --no-tags --prune --no-recurse-submodules origin +0bbe202d27c81164bb980027b9e24afb0785d0ec:refs/remotes/origin/main
handle_failure	Checkout code	2025-12-06T02:10:23.6966060Z From https://github.com/Ka0s-Klaus/ka0s
handle_failure	Checkout code	2025-12-06T02:10:23.6968326Z  + 5c2e7e506...0bbe202d2 0bbe202d27c81164bb980027b9e24afb0785d0ec -> origin/main  (forced update)
handle_failure	Checkout code	2025-12-06T02:10:23.7000980Z ##[endgroup]
handle_failure	Checkout code	2025-12-06T02:10:23.7002499Z ##[group]Determining the checkout info
handle_failure	Checkout code	2025-12-06T02:10:23.7004154Z ##[endgroup]
handle_failure	Checkout code	2025-12-06T02:10:23.7006212Z [command]/usr/bin/git sparse-checkout disable
handle_failure	Checkout code	2025-12-06T02:10:23.7059499Z [command]/usr/bin/git config --local --unset-all extensions.worktreeConfig
handle_failure	Checkout code	2025-12-06T02:10:23.7092524Z ##[group]Checking out the ref
handle_failure	Checkout code	2025-12-06T02:10:23.7096216Z [command]/usr/bin/git checkout --progress --force -B main refs/remotes/origin/main
handle_failure	Checkout code	2025-12-06T02:10:23.7180134Z Switched to a new branch 'main'
handle_failure	Checkout code	2025-12-06T02:10:23.7181741Z branch 'main' set up to track 'origin/main'.
handle_failure	Checkout code	2025-12-06T02:10:23.7189135Z ##[endgroup]
handle_failure	Checkout code	2025-12-06T02:10:23.7229398Z [command]/usr/bin/git log -1 --format=%H
handle_failure	Checkout code	2025-12-06T02:10:23.7256052Z 0bbe202d27c81164bb980027b9e24afb0785d0ec
handle_failure	handle-failure-execution	ï»¿2025-12-06T02:10:23.7514496Z ##[group]Run echo "Error detected in process"
handle_failure	handle-failure-execution	2025-12-06T02:10:23.7515941Z [36;1mecho "Error detected in process"[0m
handle_failure	handle-failure-execution	2025-12-06T02:10:23.7517316Z [36;1m# RNNUMBER=$(echo "refs/heads/main" | grep -o '[0-9]*')[0m
handle_failure	handle-failure-execution	2025-12-06T02:10:23.7519977Z [36;1m# gh issue comment $RNNUMBER --body "El proceso no ha finalizado correctamente 19981159438. El resultado estÃ¡ en el fichero core/results/event_data19981159438.log"[0m
handle_failure	handle-failure-execution	2025-12-06T02:10:23.7522729Z [36;1m# Creamos la issue dado que ha fallado el modulo principal[0m
handle_failure	handle-failure-execution	2025-12-06T02:10:23.7525998Z [36;1mgh issue create  --title "[Ka0S] Error detected in [Ka0S] Workflow Statistics Summary" --body "Error detected in [Ka0S] Workflow Statistics Summary. Please check the logs for 19981159438 more information of error."[0m
handle_failure	handle-failure-execution	2025-12-06T02:10:23.7542120Z shell: /usr/bin/bash -e {0}
handle_failure	handle-failure-execution	2025-12-06T02:10:23.7607005Z env:
handle_failure	handle-failure-execution	2025-12-06T02:10:23.7608191Z   KAOS_CODE: 19981159438
handle_failure	handle-failure-execution	2025-12-06T02:10:23.7609186Z   KAOS_EVENT_NAME: schedule
handle_failure	handle-failure-execution	2025-12-06T02:10:23.7610128Z   KAOS_ACTION: 
handle_failure	handle-failure-execution	2025-12-06T02:10:23.7611119Z   KAOS_REF: refs/heads/main
handle_failure	handle-failure-execution	2025-12-06T02:10:23.7612192Z   KAOS_MODULE: [Ka0S] Workflow Statistics Summary
handle_failure	handle-failure-execution	2025-12-06T02:10:23.7613353Z   KAOS_PATH_RESUME: audit/workflows/
handle_failure	handle-failure-execution	2025-12-06T02:10:23.7614734Z   KAOS_ACTOR: santakloud
handle_failure	handle-failure-execution	2025-12-06T02:10:23.7615959Z   GH_REPO: Ka0s-Klaus/ka0s
handle_failure	handle-failure-execution	2025-12-06T02:10:23.7617422Z   GH_TOKEN: ***
handle_failure	handle-failure-execution	2025-12-06T02:10:23.7618262Z ##[endgroup]
handle_failure	handle-failure-execution	2025-12-06T02:10:23.7685286Z Error detected in process
handle_failure	handle-failure-execution	2025-12-06T02:10:24.7766352Z https://github.com/Ka0s-Klaus/ka0s/issues/2414
handle_failure	Post Checkout code	ï»¿2025-12-06T02:10:24.7917649Z Post job cleanup.
handle_failure	Post Checkout code	2025-12-06T02:10:24.8934666Z [command]/usr/bin/git version
handle_failure	Post Checkout code	2025-12-06T02:10:24.8976284Z git version 2.51.0
handle_failure	Post Checkout code	2025-12-06T02:10:24.9023154Z Temporarily overriding HOME='/home/runner/_work/_temp/40b8ed9c-c404-4b11-9643-c3d6e7259231' before making global git config changes
handle_failure	Post Checkout code	2025-12-06T02:10:24.9024260Z Adding repository directory to the temporary git global config as a safe directory
handle_failure	Post Checkout code	2025-12-06T02:10:24.9030059Z [command]/usr/bin/git config --global --add safe.directory /home/runner/_work/ka0s/ka0s
handle_failure	Post Checkout code	2025-12-06T02:10:24.9079653Z [command]/usr/bin/git config --local --name-only --get-regexp core\.sshCommand
handle_failure	Post Checkout code	2025-12-06T02:10:24.9117582Z [command]/usr/bin/git submodule foreach --recursive sh -c "git config --local --name-only --get-regexp 'core\.sshCommand' && git config --local --unset-all 'core.sshCommand' || :"
handle_failure	Post Checkout code	2025-12-06T02:10:24.9380676Z [command]/usr/bin/git config --local --name-only --get-regexp http\.https\:\/\/github\.com\/\.extraheader
handle_failure	Post Checkout code	2025-12-06T02:10:24.9404985Z http.https://github.com/.extraheader
handle_failure	Post Checkout code	2025-12-06T02:10:24.9417495Z [command]/usr/bin/git config --local --unset-all http.https://github.com/.extraheader
handle_failure	Post Checkout code	2025-12-06T02:10:24.9453336Z [command]/usr/bin/git submodule foreach --recursive sh -c "git config --local --name-only --get-regexp 'http\.https\:\/\/github\.com\/\.extraheader' && git config --local --unset-all 'http.https://github.com/.extraheader' || :"
handle_failure	Post Checkout code	2025-12-06T02:10:24.9712206Z [command]/usr/bin/git config --local --name-only --get-regexp ^includeIf\.gitdir:
handle_failure	Post Checkout code	2025-12-06T02:10:24.9746005Z [command]/usr/bin/git submodule foreach --recursive git config --local --show-origin --name-only --get-regexp remote.origin.url
handle_failure	Complete job	ï»¿2025-12-06T02:10:25.0134094Z Cleaning up orphan processes
end-workflow	Set up job	ï»¿2025-12-06T02:10:30.8337726Z Current runner version: '2.329.0'
end-workflow	Set up job	2025-12-06T02:10:30.8346189Z Runner name: '70695cf14615'
end-workflow	Set up job	2025-12-06T02:10:30.8347314Z Runner group name: 'swarm-runners'
end-workflow	Set up job	2025-12-06T02:10:30.8348286Z Machine name: '70695cf14615'
end-workflow	Set up job	2025-12-06T02:10:30.8351188Z ##[group]GITHUB_TOKEN Permissions
end-workflow	Set up job	2025-12-06T02:10:30.8353740Z Actions: write
end-workflow	Set up job	2025-12-06T02:10:30.8354348Z Contents: write
end-workflow	Set up job	2025-12-06T02:10:30.8355482Z Issues: write
end-workflow	Set up job	2025-12-06T02:10:30.8356169Z Metadata: read
end-workflow	Set up job	2025-12-06T02:10:30.8357017Z ##[endgroup]
end-workflow	Set up job	2025-12-06T02:10:30.8359630Z Secret source: Actions
end-workflow	Set up job	2025-12-06T02:10:30.8360389Z Prepare workflow directory
end-workflow	Set up job	2025-12-06T02:10:30.9020892Z Prepare all required actions
end-workflow	Set up job	2025-12-06T02:10:30.9068507Z Getting action download info
end-workflow	Set up job	2025-12-06T02:10:31.4601338Z Download action repository 'actions/checkout@v4' (SHA:34e114876b0b11c390a56381ad16ebd13914f8d5)
end-workflow	Set up job	2025-12-06T02:10:32.3200564Z Complete job name: end-workflow
end-workflow	Checkout code	ï»¿2025-12-06T02:10:32.3762849Z ##[group]Run actions/checkout@v4
end-workflow	Checkout code	2025-12-06T02:10:32.3763845Z with:
end-workflow	Checkout code	2025-12-06T02:10:32.3764634Z   fetch-depth: 0
end-workflow	Checkout code	2025-12-06T02:10:32.3765650Z   token: ***
end-workflow	Checkout code	2025-12-06T02:10:32.3766208Z   repository: Ka0s-Klaus/ka0s
end-workflow	Checkout code	2025-12-06T02:10:32.3766756Z   ssh-strict: true
end-workflow	Checkout code	2025-12-06T02:10:32.3767219Z   ssh-user: git
end-workflow	Checkout code	2025-12-06T02:10:32.3767690Z   persist-credentials: true
end-workflow	Checkout code	2025-12-06T02:10:32.3768215Z   clean: true
end-workflow	Checkout code	2025-12-06T02:10:32.3768680Z   sparse-checkout-cone-mode: true
end-workflow	Checkout code	2025-12-06T02:10:32.3769264Z   fetch-tags: false
end-workflow	Checkout code	2025-12-06T02:10:32.3769742Z   show-progress: true
end-workflow	Checkout code	2025-12-06T02:10:32.3770247Z   lfs: false
end-workflow	Checkout code	2025-12-06T02:10:32.3770688Z   submodules: false
end-workflow	Checkout code	2025-12-06T02:10:32.3771183Z   set-safe-directory: true
end-workflow	Checkout code	2025-12-06T02:10:32.3771958Z env:
end-workflow	Checkout code	2025-12-06T02:10:32.3772403Z   KAOS_CODE: 19981159438
end-workflow	Checkout code	2025-12-06T02:10:32.3772909Z   KAOS_EVENT_NAME: schedule
end-workflow	Checkout code	2025-12-06T02:10:32.3773424Z   KAOS_ACTION: 
end-workflow	Checkout code	2025-12-06T02:10:32.3773876Z   KAOS_REF: refs/heads/main
end-workflow	Checkout code	2025-12-06T02:10:32.3774901Z   KAOS_MODULE: [Ka0S] Workflow Statistics Summary
end-workflow	Checkout code	2025-12-06T02:10:32.3775727Z   KAOS_PATH_RESUME: audit/workflows/
end-workflow	Checkout code	2025-12-06T02:10:32.3776320Z   KAOS_ACTOR: santakloud
end-workflow	Checkout code	2025-12-06T02:10:32.3776831Z   GH_REPO: Ka0s-Klaus/ka0s
end-workflow	Checkout code	2025-12-06T02:10:32.3777501Z   GH_TOKEN: ***
end-workflow	Checkout code	2025-12-06T02:10:32.3798122Z ##[endgroup]
end-workflow	Checkout code	2025-12-06T02:10:32.4951847Z Syncing repository: Ka0s-Klaus/ka0s
end-workflow	Checkout code	2025-12-06T02:10:32.4954002Z ##[group]Getting Git version info
end-workflow	Checkout code	2025-12-06T02:10:32.4955277Z Working directory is '/home/runner/_work/ka0s/ka0s'
end-workflow	Checkout code	2025-12-06T02:10:32.4956356Z [command]/usr/bin/git version
end-workflow	Checkout code	2025-12-06T02:10:32.4956908Z git version 2.51.0
end-workflow	Checkout code	2025-12-06T02:10:32.4972673Z ##[endgroup]
end-workflow	Checkout code	2025-12-06T02:10:32.4990595Z Temporarily overriding HOME='/home/runner/_work/_temp/3ca58362-d5ea-4ee4-aed0-425eca46b6d8' before making global git config changes
end-workflow	Checkout code	2025-12-06T02:10:32.4992398Z Adding repository directory to the temporary git global config as a safe directory
end-workflow	Checkout code	2025-12-06T02:10:32.4996464Z [command]/usr/bin/git config --global --add safe.directory /home/runner/_work/ka0s/ka0s
end-workflow	Checkout code	2025-12-06T02:10:32.5038755Z [command]/usr/bin/git config --local --get remote.origin.url
end-workflow	Checkout code	2025-12-06T02:10:32.5071190Z https://github.com/Ka0s-Klaus/ka0s
end-workflow	Checkout code	2025-12-06T02:10:32.5092975Z ##[group]Removing previously created refs, to avoid conflicts
end-workflow	Checkout code	2025-12-06T02:10:32.5098874Z [command]/usr/bin/git rev-parse --symbolic-full-name --verify --quiet HEAD
end-workflow	Checkout code	2025-12-06T02:10:32.5122379Z refs/heads/main
end-workflow	Checkout code	2025-12-06T02:10:32.5131795Z [command]/usr/bin/git checkout --detach
end-workflow	Checkout code	2025-12-06T02:10:32.5213234Z HEAD is now at 0bbe202d2 [Ka0S] Uploading Autom add docs to MongoDB...
end-workflow	Checkout code	2025-12-06T02:10:32.5263014Z [command]/usr/bin/git branch --delete --force main
end-workflow	Checkout code	2025-12-06T02:10:32.5293955Z Deleted branch main (was 0bbe202d2).
end-workflow	Checkout code	2025-12-06T02:10:32.5378630Z ##[endgroup]
end-workflow	Checkout code	2025-12-06T02:10:32.5380190Z [command]/usr/bin/git submodule status
end-workflow	Checkout code	2025-12-06T02:10:32.5630810Z ##[group]Cleaning the repository
end-workflow	Checkout code	2025-12-06T02:10:32.5634000Z [command]/usr/bin/git clean -ffdx
end-workflow	Checkout code	2025-12-06T02:10:32.5700413Z [command]/usr/bin/git reset --hard HEAD
end-workflow	Checkout code	2025-12-06T02:10:32.5786803Z HEAD is now at 0bbe202d2 [Ka0S] Uploading Autom add docs to MongoDB...
end-workflow	Checkout code	2025-12-06T02:10:32.5792412Z ##[endgroup]
end-workflow	Checkout code	2025-12-06T02:10:32.5793693Z ##[group]Disabling automatic garbage collection
end-workflow	Checkout code	2025-12-06T02:10:32.5798503Z [command]/usr/bin/git config --local gc.auto 0
end-workflow	Checkout code	2025-12-06T02:10:32.5829949Z ##[endgroup]
end-workflow	Checkout code	2025-12-06T02:10:32.5830901Z ##[group]Setting up auth
end-workflow	Checkout code	2025-12-06T02:10:32.5836146Z [command]/usr/bin/git config --local --name-only --get-regexp core\.sshCommand
end-workflow	Checkout code	2025-12-06T02:10:32.5882593Z [command]/usr/bin/git submodule foreach --recursive sh -c "git config --local --name-only --get-regexp 'core\.sshCommand' && git config --local --unset-all 'core.sshCommand' || :"
end-workflow	Checkout code	2025-12-06T02:10:32.6138829Z [command]/usr/bin/git config --local --name-only --get-regexp http\.https\:\/\/github\.com\/\.extraheader
end-workflow	Checkout code	2025-12-06T02:10:32.6173216Z [command]/usr/bin/git submodule foreach --recursive sh -c "git config --local --name-only --get-regexp 'http\.https\:\/\/github\.com\/\.extraheader' && git config --local --unset-all 'http.https://github.com/.extraheader' || :"
end-workflow	Checkout code	2025-12-06T02:10:32.6424135Z [command]/usr/bin/git config --local --name-only --get-regexp ^includeIf\.gitdir:
end-workflow	Checkout code	2025-12-06T02:10:32.6457602Z [command]/usr/bin/git submodule foreach --recursive git config --local --show-origin --name-only --get-regexp remote.origin.url
end-workflow	Checkout code	2025-12-06T02:10:32.6715249Z [command]/usr/bin/git config --local http.https://github.com/.extraheader AUTHORIZATION: basic ***
end-workflow	Checkout code	2025-12-06T02:10:32.6757745Z ##[endgroup]
end-workflow	Checkout code	2025-12-06T02:10:32.6758751Z ##[group]Fetching the repository
end-workflow	Checkout code	2025-12-06T02:10:32.6765752Z [command]/usr/bin/git -c protocol.version=2 fetch --prune --no-recurse-submodules origin +refs/heads/*:refs/remotes/origin/* +refs/tags/*:refs/tags/*
end-workflow	Checkout code	2025-12-06T02:10:33.2189689Z From https://github.com/Ka0s-Klaus/ka0s
end-workflow	Checkout code	2025-12-06T02:10:33.2191045Z    0bbe202d2..5c2e7e506  main       -> origin/main
end-workflow	Checkout code	2025-12-06T02:10:33.2302004Z [command]/usr/bin/git branch --list --remote origin/main
end-workflow	Checkout code	2025-12-06T02:10:33.2359760Z   origin/main
end-workflow	Checkout code	2025-12-06T02:10:33.2370030Z [command]/usr/bin/git rev-parse refs/remotes/origin/main
end-workflow	Checkout code	2025-12-06T02:10:33.2393462Z 5c2e7e50622857101c5a23bbf440e9ffabfe7ed9
end-workflow	Checkout code	2025-12-06T02:10:33.2404278Z [command]/usr/bin/git -c protocol.version=2 fetch --no-tags --prune --no-recurse-submodules origin +0bbe202d27c81164bb980027b9e24afb0785d0ec:refs/remotes/origin/main
end-workflow	Checkout code	2025-12-06T02:10:33.2559383Z From https://github.com/Ka0s-Klaus/ka0s
end-workflow	Checkout code	2025-12-06T02:10:33.2560433Z  + 5c2e7e506...0bbe202d2 0bbe202d27c81164bb980027b9e24afb0785d0ec -> origin/main  (forced update)
end-workflow	Checkout code	2025-12-06T02:10:33.2589340Z ##[endgroup]
end-workflow	Checkout code	2025-12-06T02:10:33.2590586Z ##[group]Determining the checkout info
end-workflow	Checkout code	2025-12-06T02:10:33.2591453Z ##[endgroup]
end-workflow	Checkout code	2025-12-06T02:10:33.2594412Z [command]/usr/bin/git sparse-checkout disable
end-workflow	Checkout code	2025-12-06T02:10:33.2647219Z [command]/usr/bin/git config --local --unset-all extensions.worktreeConfig
end-workflow	Checkout code	2025-12-06T02:10:33.2680765Z ##[group]Checking out the ref
end-workflow	Checkout code	2025-12-06T02:10:33.2686564Z [command]/usr/bin/git checkout --progress --force -B main refs/remotes/origin/main
end-workflow	Checkout code	2025-12-06T02:10:33.2774922Z Switched to a new branch 'main'
end-workflow	Checkout code	2025-12-06T02:10:33.2779025Z branch 'main' set up to track 'origin/main'.
end-workflow	Checkout code	2025-12-06T02:10:33.2782987Z ##[endgroup]
end-workflow	Checkout code	2025-12-06T02:10:33.2826054Z [command]/usr/bin/git log -1 --format=%H
end-workflow	Checkout code	2025-12-06T02:10:33.2853070Z 0bbe202d27c81164bb980027b9e24afb0785d0ec
end-workflow	Finaliza el workflow	ï»¿2025-12-06T02:10:33.3092969Z ##[group]Run echo "End process"
end-workflow	Finaliza el workflow	2025-12-06T02:10:33.3093681Z [36;1mecho "End process"[0m
end-workflow	Finaliza el workflow	2025-12-06T02:10:33.3160353Z [36;1m# RNNUMBER=$(echo "refs/heads/main" | grep -o '[0-9]*')[0m
end-workflow	Finaliza el workflow	2025-12-06T02:10:33.3161422Z [36;1m# gh issue comment $RNNUMBER --body "Se finaliza Ka0s 19981159438"[0m
end-workflow	Finaliza el workflow	2025-12-06T02:10:33.3162248Z [36;1mecho "Se finaliza Ka0s 19981159438"[0m
end-workflow	Finaliza el workflow	2025-12-06T02:10:33.3163179Z [36;1mgh workflow run inspector.yml --ref 'main' -f kaos-workflow-id="19981159438" -f kaos-user-start=""[0m
end-workflow	Finaliza el workflow	2025-12-06T02:10:33.3179483Z shell: /usr/bin/bash -e {0}
end-workflow	Finaliza el workflow	2025-12-06T02:10:33.3180011Z env:
end-workflow	Finaliza el workflow	2025-12-06T02:10:33.3180381Z   KAOS_CODE: 19981159438
end-workflow	Finaliza el workflow	2025-12-06T02:10:33.3180819Z   KAOS_EVENT_NAME: schedule
end-workflow	Finaliza el workflow	2025-12-06T02:10:33.3181526Z   KAOS_ACTION: 
end-workflow	Finaliza el workflow	2025-12-06T02:10:33.3181918Z   KAOS_REF: refs/heads/main
end-workflow	Finaliza el workflow	2025-12-06T02:10:33.3182423Z   KAOS_MODULE: [Ka0S] Workflow Statistics Summary
end-workflow	Finaliza el workflow	2025-12-06T02:10:33.3182994Z   KAOS_PATH_RESUME: audit/workflows/
end-workflow	Finaliza el workflow	2025-12-06T02:10:33.3183493Z   KAOS_ACTOR: santakloud
end-workflow	Finaliza el workflow	2025-12-06T02:10:33.3183976Z   GH_REPO: Ka0s-Klaus/ka0s
end-workflow	Finaliza el workflow	2025-12-06T02:10:33.3185050Z   GH_TOKEN: ***
end-workflow	Finaliza el workflow	2025-12-06T02:10:33.3185446Z ##[endgroup]
end-workflow	Finaliza el workflow	2025-12-06T02:10:33.3247581Z End process
end-workflow	Finaliza el workflow	2025-12-06T02:10:33.3248550Z Se finaliza Ka0s 19981159438
end-workflow	Post Checkout code	ï»¿2025-12-06T02:10:33.9980746Z Post job cleanup.
end-workflow	Post Checkout code	2025-12-06T02:10:34.1000746Z [command]/usr/bin/git version
end-workflow	Post Checkout code	2025-12-06T02:10:34.1040146Z git version 2.51.0
end-workflow	Post Checkout code	2025-12-06T02:10:34.1090450Z Temporarily overriding HOME='/home/runner/_work/_temp/fbfd863a-c3bd-4fa3-a153-b8267484cf24' before making global git config changes
end-workflow	Post Checkout code	2025-12-06T02:10:34.1093983Z Adding repository directory to the temporary git global config as a safe directory
end-workflow	Post Checkout code	2025-12-06T02:10:34.1096662Z [command]/usr/bin/git config --global --add safe.directory /home/runner/_work/ka0s/ka0s
end-workflow	Post Checkout code	2025-12-06T02:10:34.1145140Z [command]/usr/bin/git config --local --name-only --get-regexp core\.sshCommand
end-workflow	Post Checkout code	2025-12-06T02:10:34.1184032Z [command]/usr/bin/git submodule foreach --recursive sh -c "git config --local --name-only --get-regexp 'core\.sshCommand' && git config --local --unset-all 'core.sshCommand' || :"
end-workflow	Post Checkout code	2025-12-06T02:10:34.1444148Z [command]/usr/bin/git config --local --name-only --get-regexp http\.https\:\/\/github\.com\/\.extraheader
end-workflow	Post Checkout code	2025-12-06T02:10:34.1469386Z http.https://github.com/.extraheader
end-workflow	Post Checkout code	2025-12-06T02:10:34.1483180Z [command]/usr/bin/git config --local --unset-all http.https://github.com/.extraheader
end-workflow	Post Checkout code	2025-12-06T02:10:34.1520048Z [command]/usr/bin/git submodule foreach --recursive sh -c "git config --local --name-only --get-regexp 'http\.https\:\/\/github\.com\/\.extraheader' && git config --local --unset-all 'http.https://github.com/.extraheader' || :"
end-workflow	Post Checkout code	2025-12-06T02:10:34.1784759Z [command]/usr/bin/git config --local --name-only --get-regexp ^includeIf\.gitdir:
end-workflow	Post Checkout code	2025-12-06T02:10:34.1818013Z [command]/usr/bin/git submodule foreach --recursive git config --local --show-origin --name-only --get-regexp remote.origin.url
end-workflow	Complete job	ï»¿2025-12-06T02:10:34.2227868Z Cleaning up orphan processes
