job-core	UNKNOWN STEP	ï»¿2026-01-15T08:24:32.4441221Z Current runner version: '2.331.0'
job-core	UNKNOWN STEP	2026-01-15T08:24:32.4449233Z Runner name: 'swarm-runners-scaleset-hkss5-runner-g9p4m'
job-core	UNKNOWN STEP	2026-01-15T08:24:32.4453644Z Runner group name: 'Default'
job-core	UNKNOWN STEP	2026-01-15T08:24:32.4454971Z Machine name: 'swarm-runners-scaleset-hkss5-runner-g9p4m'
job-core	UNKNOWN STEP	2026-01-15T08:24:32.4465678Z ##[group]GITHUB_TOKEN Permissions
job-core	UNKNOWN STEP	2026-01-15T08:24:32.4468475Z Actions: write
job-core	UNKNOWN STEP	2026-01-15T08:24:32.4469133Z Contents: write
job-core	UNKNOWN STEP	2026-01-15T08:24:32.4469686Z Issues: write
job-core	UNKNOWN STEP	2026-01-15T08:24:32.4470256Z Metadata: read
job-core	UNKNOWN STEP	2026-01-15T08:24:32.4470853Z PullRequests: write
job-core	UNKNOWN STEP	2026-01-15T08:24:32.4471475Z ##[endgroup]
job-core	UNKNOWN STEP	2026-01-15T08:24:32.4474109Z Secret source: Actions
job-core	UNKNOWN STEP	2026-01-15T08:24:32.4474940Z Prepare workflow directory
job-core	UNKNOWN STEP	2026-01-15T08:24:32.5048346Z Prepare all required actions
job-core	UNKNOWN STEP	2026-01-15T08:24:32.5090550Z Getting action download info
job-core	UNKNOWN STEP	2026-01-15T08:24:33.0933625Z Download action repository 'actions/checkout@v4' (SHA:34e114876b0b11c390a56381ad16ebd13914f8d5)
job-core	UNKNOWN STEP	2026-01-15T08:24:33.9854346Z Download action repository 'actions/setup-node@v4' (SHA:49933ea5288caeca8642d1e84afbd3f7d6820020)
job-core	UNKNOWN STEP	2026-01-15T08:24:35.0557315Z Complete job name: job-core
job-core	UNKNOWN STEP	2026-01-15T08:24:35.1252232Z ##[group]Run actions/checkout@v4
job-core	UNKNOWN STEP	2026-01-15T08:24:35.1253467Z with:
job-core	UNKNOWN STEP	2026-01-15T08:24:35.1254312Z   fetch-depth: 0
job-core	UNKNOWN STEP	2026-01-15T08:24:35.1255036Z   repository: Ka0s-Klaus/ka0s
job-core	UNKNOWN STEP	2026-01-15T08:24:35.1256108Z   token: ***
job-core	UNKNOWN STEP	2026-01-15T08:24:35.1256806Z   ssh-strict: true
job-core	UNKNOWN STEP	2026-01-15T08:24:35.1257500Z   ssh-user: git
job-core	UNKNOWN STEP	2026-01-15T08:24:35.1258203Z   persist-credentials: true
job-core	UNKNOWN STEP	2026-01-15T08:24:35.1258949Z   clean: true
job-core	UNKNOWN STEP	2026-01-15T08:24:35.1259672Z   sparse-checkout-cone-mode: true
job-core	UNKNOWN STEP	2026-01-15T08:24:35.1260456Z   fetch-tags: false
job-core	UNKNOWN STEP	2026-01-15T08:24:35.1261166Z   show-progress: true
job-core	UNKNOWN STEP	2026-01-15T08:24:35.1262105Z   lfs: false
job-core	UNKNOWN STEP	2026-01-15T08:24:35.1262938Z   submodules: false
job-core	UNKNOWN STEP	2026-01-15T08:24:35.1263775Z   set-safe-directory: true
job-core	UNKNOWN STEP	2026-01-15T08:24:35.1265067Z env:
job-core	UNKNOWN STEP	2026-01-15T08:24:35.1265882Z   KAOS_MODULE: [Ka0S] MDLINT
job-core	UNKNOWN STEP	2026-01-15T08:24:35.1266865Z   GH_TOKEN: ***
job-core	UNKNOWN STEP	2026-01-15T08:24:35.1267558Z   FILE_ERROR: 
job-core	UNKNOWN STEP	2026-01-15T08:24:35.1268513Z   KAOS_MD_CONFIG: core/config/.markdownlint.json
job-core	UNKNOWN STEP	2026-01-15T08:24:35.1269380Z   KAOS_PATH_RESUME: audit/mdlint/
job-core	UNKNOWN STEP	2026-01-15T08:24:35.1270182Z   KAOS_REPO: /actions-runner/_work/kaos/kaos
job-core	UNKNOWN STEP	2026-01-15T08:24:35.1270976Z   KAOS_STEP_MODULE: 
job-core	UNKNOWN STEP	2026-01-15T08:24:35.1271659Z   KAOS_CODE: 21024545451
job-core	UNKNOWN STEP	2026-01-15T08:24:35.1272869Z ##[endgroup]
job-core	UNKNOWN STEP	2026-01-15T08:24:35.2614981Z Syncing repository: Ka0s-Klaus/ka0s
job-core	UNKNOWN STEP	2026-01-15T08:24:35.2617716Z ##[group]Getting Git version info
job-core	UNKNOWN STEP	2026-01-15T08:24:35.2618775Z Working directory is '/home/runner/_work/ka0s/ka0s'
job-core	UNKNOWN STEP	2026-01-15T08:24:35.2620452Z [command]/usr/bin/git version
job-core	UNKNOWN STEP	2026-01-15T08:24:35.2621278Z git version 2.52.0
job-core	UNKNOWN STEP	2026-01-15T08:24:35.2624252Z ##[endgroup]
job-core	UNKNOWN STEP	2026-01-15T08:24:35.2640000Z Temporarily overriding HOME='/home/runner/_work/_temp/bdbabf77-a936-426a-ba0f-e73b68fb245f' before making global git config changes
job-core	UNKNOWN STEP	2026-01-15T08:24:35.2642074Z Adding repository directory to the temporary git global config as a safe directory
job-core	UNKNOWN STEP	2026-01-15T08:24:35.2658926Z [command]/usr/bin/git config --global --add safe.directory /home/runner/_work/ka0s/ka0s
job-core	UNKNOWN STEP	2026-01-15T08:24:35.2691321Z Deleting the contents of '/home/runner/_work/ka0s/ka0s'
job-core	UNKNOWN STEP	2026-01-15T08:24:35.2697816Z ##[group]Initializing the repository
job-core	UNKNOWN STEP	2026-01-15T08:24:35.2718242Z [command]/usr/bin/git init /home/runner/_work/ka0s/ka0s
job-core	UNKNOWN STEP	2026-01-15T08:24:35.2768419Z hint: Using 'master' as the name for the initial branch. This default branch name
job-core	UNKNOWN STEP	2026-01-15T08:24:35.2774575Z hint: will change to "main" in Git 3.0. To configure the initial branch name
job-core	UNKNOWN STEP	2026-01-15T08:24:35.2775849Z hint: to use in all of your new repositories, which will suppress this warning,
job-core	UNKNOWN STEP	2026-01-15T08:24:35.2776960Z hint: call:
job-core	UNKNOWN STEP	2026-01-15T08:24:35.2777627Z hint:
job-core	UNKNOWN STEP	2026-01-15T08:24:35.2778436Z hint: 	git config --global init.defaultBranch <name>
job-core	UNKNOWN STEP	2026-01-15T08:24:35.2779295Z hint:
job-core	UNKNOWN STEP	2026-01-15T08:24:35.2780149Z hint: Names commonly chosen instead of 'master' are 'main', 'trunk' and
job-core	UNKNOWN STEP	2026-01-15T08:24:35.2781295Z hint: 'development'. The just-created branch can be renamed via this command:
job-core	UNKNOWN STEP	2026-01-15T08:24:35.2783064Z hint:
job-core	UNKNOWN STEP	2026-01-15T08:24:35.2783837Z hint: 	git branch -m <name>
job-core	UNKNOWN STEP	2026-01-15T08:24:35.2784659Z hint:
job-core	UNKNOWN STEP	2026-01-15T08:24:35.2785601Z hint: Disable this message with "git config set advice.defaultBranchName false"
job-core	UNKNOWN STEP	2026-01-15T08:24:35.2787108Z Initialized empty Git repository in /home/runner/_work/ka0s/ka0s/.git/
job-core	UNKNOWN STEP	2026-01-15T08:24:35.2822409Z [command]/usr/bin/git remote add origin https://github.com/Ka0s-Klaus/ka0s
job-core	UNKNOWN STEP	2026-01-15T08:24:35.2869583Z ##[endgroup]
job-core	UNKNOWN STEP	2026-01-15T08:24:35.2871015Z ##[group]Disabling automatic garbage collection
job-core	UNKNOWN STEP	2026-01-15T08:24:35.2874865Z [command]/usr/bin/git config --local gc.auto 0
job-core	UNKNOWN STEP	2026-01-15T08:24:35.2924681Z ##[endgroup]
job-core	UNKNOWN STEP	2026-01-15T08:24:35.2926731Z ##[group]Setting up auth
job-core	UNKNOWN STEP	2026-01-15T08:24:35.2928846Z [command]/usr/bin/git config --local --name-only --get-regexp core\.sshCommand
job-core	UNKNOWN STEP	2026-01-15T08:24:35.2970608Z [command]/usr/bin/git submodule foreach --recursive sh -c "git config --local --name-only --get-regexp 'core\.sshCommand' && git config --local --unset-all 'core.sshCommand' || :"
job-core	UNKNOWN STEP	2026-01-15T08:24:35.3286007Z [command]/usr/bin/git config --local --name-only --get-regexp http\.https\:\/\/github\.com\/\.extraheader
job-core	UNKNOWN STEP	2026-01-15T08:24:35.3329745Z [command]/usr/bin/git submodule foreach --recursive sh -c "git config --local --name-only --get-regexp 'http\.https\:\/\/github\.com\/\.extraheader' && git config --local --unset-all 'http.https://github.com/.extraheader' || :"
job-core	UNKNOWN STEP	2026-01-15T08:24:35.3630046Z [command]/usr/bin/git config --local --name-only --get-regexp ^includeIf\.gitdir:
job-core	UNKNOWN STEP	2026-01-15T08:24:35.3675712Z [command]/usr/bin/git submodule foreach --recursive git config --local --show-origin --name-only --get-regexp remote.origin.url
job-core	UNKNOWN STEP	2026-01-15T08:24:35.3993354Z [command]/usr/bin/git config --local http.https://github.com/.extraheader AUTHORIZATION: basic ***
job-core	UNKNOWN STEP	2026-01-15T08:24:35.4039635Z ##[endgroup]
job-core	UNKNOWN STEP	2026-01-15T08:24:35.4042450Z ##[group]Fetching the repository
job-core	UNKNOWN STEP	2026-01-15T08:24:35.4051528Z [command]/usr/bin/git -c protocol.version=2 fetch --prune --no-recurse-submodules origin +refs/heads/*:refs/remotes/origin/* +refs/tags/*:refs/tags/*
job-core	UNKNOWN STEP	2026-01-15T08:25:02.8862719Z From https://github.com/Ka0s-Klaus/ka0s
job-core	UNKNOWN STEP	2026-01-15T08:25:02.8863943Z  * [new branch]          F1149-desarrollo-de-orchestrator -> origin/F1149-desarrollo-de-orchestrator
job-core	UNKNOWN STEP	2026-01-15T08:25:02.8865081Z  * [new branch]          F1183-personalizaciÃ³n-mÃ³dulo-finops -> origin/F1183-personalizaciÃ³n-mÃ³dulo-finops
job-core	UNKNOWN STEP	2026-01-15T08:25:02.8865775Z  * [new branch]          F1224-new-module-mongodb -> origin/F1224-new-module-mongodb
job-core	UNKNOWN STEP	2026-01-15T08:25:02.8866352Z  * [new branch]          F220-web-de-resultados  -> origin/F220-web-de-resultados
job-core	UNKNOWN STEP	2026-01-15T08:25:02.8867186Z  * [new branch]          F227-despliegue-de-kube-independiente-del-clouder -> origin/F227-despliegue-de-kube-independiente-del-clouder
job-core	UNKNOWN STEP	2026-01-15T08:25:02.8868122Z  * [new branch]          F2438-arreglo-de-despliegue-itop -> origin/F2438-arreglo-de-despliegue-itop
job-core	UNKNOWN STEP	2026-01-15T08:25:02.8868925Z  * [new branch]          F329-documentacion-metodologia-de-kaos -> origin/F329-documentacion-metodologia-de-kaos
job-core	UNKNOWN STEP	2026-01-15T08:25:02.8869813Z  * [new branch]          F44-creaciÃ³n-mÃ³dulo-versionado -> origin/F44-creaciÃ³n-mÃ³dulo-versionado
job-core	UNKNOWN STEP	2026-01-15T08:25:02.8870584Z  * [new branch]          H1128-mÃ³dulo-de-observabilidad -> origin/H1128-mÃ³dulo-de-observabilidad
job-core	UNKNOWN STEP	2026-01-15T08:25:02.8871283Z  * [new branch]          H1139-como-instalar-arc-control -> origin/H1139-como-instalar-arc-control
job-core	UNKNOWN STEP	2026-01-15T08:25:02.8872084Z  * [new branch]          H1149-desarrollo-de-orchestrator -> origin/H1149-desarrollo-de-orchestrator
job-core	UNKNOWN STEP	2026-01-15T08:25:02.8872819Z  * [new branch]          H1150-desarrollo-de-secciones -> origin/H1150-desarrollo-de-secciones
job-core	UNKNOWN STEP	2026-01-15T08:25:02.8873587Z  * [new branch]          H1151-desarrollo-de-secciones-ii -> origin/H1151-desarrollo-de-secciones-ii
job-core	UNKNOWN STEP	2026-01-15T08:25:02.8874348Z  * [new branch]          H1152-desarrollo-inicio -> origin/H1152-desarrollo-inicio
job-core	UNKNOWN STEP	2026-01-15T08:25:02.8875174Z  * [new branch]          H1183-personalizaciÃ³n-mÃ³dulo-finops -> origin/H1183-personalizaciÃ³n-mÃ³dulo-finops
job-core	UNKNOWN STEP	2026-01-15T08:25:02.8876307Z  * [new branch]          H1193-ejemplo-web-documentacion -> origin/H1193-ejemplo-web-documentacion
job-core	UNKNOWN STEP	2026-01-15T08:25:02.8876924Z  * [new branch]          H1205-web-creation      -> origin/H1205-web-creation
job-core	UNKNOWN STEP	2026-01-15T08:25:02.8877462Z  * [new branch]          H1224-new-module-mongodb -> origin/H1224-new-module-mongodb
job-core	UNKNOWN STEP	2026-01-15T08:25:02.8878020Z  * [new branch]          H1410-modulo-execution  -> origin/H1410-modulo-execution
job-core	UNKNOWN STEP	2026-01-15T08:25:02.8879018Z  * [new branch]          H1514-new-swarm-deployment-stack-with-actions-runners-autoscale -> origin/H1514-new-swarm-deployment-stack-with-actions-runners-autoscale
job-core	UNKNOWN STEP	2026-01-15T08:25:02.8880392Z  * [new branch]          H1968-modulo-personalizaciÃ³n-del-portal-de-kaos-core -> origin/H1968-modulo-personalizaciÃ³n-del-portal-de-kaos-core
job-core	UNKNOWN STEP	2026-01-15T08:25:02.8881220Z  * [new branch]          H215-modulo-de-summary  -> origin/H215-modulo-de-summary
job-core	UNKNOWN STEP	2026-01-15T08:25:02.8904748Z  * [new branch]          H220-web-de-resultados  -> origin/H220-web-de-resultados
job-core	UNKNOWN STEP	2026-01-15T08:25:02.8906388Z  * [new branch]          H227-despliegue-de-kube-independiente-del-clouder -> origin/H227-despliegue-de-kube-independiente-del-clouder
job-core	UNKNOWN STEP	2026-01-15T08:25:02.8907278Z  * [new branch]          H2436-modulo-de-mongo   -> origin/H2436-modulo-de-mongo
job-core	UNKNOWN STEP	2026-01-15T08:25:02.8907941Z  * [new branch]          H2438-arreglo-de-despliegue-itop -> origin/H2438-arreglo-de-despliegue-itop
job-core	UNKNOWN STEP	2026-01-15T08:25:02.8908864Z  * [new branch]          H2443-nuevo-modulo-de-pruebas-sobre-kubernetes -> origin/H2443-nuevo-modulo-de-pruebas-sobre-kubernetes
job-core	UNKNOWN STEP	2026-01-15T08:25:02.8909731Z  * [new branch]          H306-ficheros-de-estadisticas -> origin/H306-ficheros-de-estadisticas
job-core	UNKNOWN STEP	2026-01-15T08:25:02.8910664Z  * [new branch]          H328-documentacion-modulo-principal-de-kaos -> origin/H328-documentacion-modulo-principal-de-kaos
job-core	UNKNOWN STEP	2026-01-15T08:25:02.8911663Z  * [new branch]          H329-documentacion-metodologia-de-kaos -> origin/H329-documentacion-metodologia-de-kaos
job-core	UNKNOWN STEP	2026-01-15T08:25:02.8994527Z  * [new branch]          H338-relanzador-de-jobs-en-caso-de-pattern -> origin/H338-relanzador-de-jobs-en-caso-de-pattern
job-core	UNKNOWN STEP	2026-01-15T08:25:02.8995759Z  * [new branch]          H38-documentacion-basica-del-proyecto -> origin/H38-documentacion-basica-del-proyecto
job-core	UNKNOWN STEP	2026-01-15T08:25:02.8997299Z  * [new branch]          H44-creaciÃ³n-mÃ³dulo-versionado -> origin/H44-creaciÃ³n-mÃ³dulo-versionado
job-core	UNKNOWN STEP	2026-01-15T08:25:02.8998150Z  * [new branch]          RN1149-desarrollo-de-orchestrator -> origin/RN1149-desarrollo-de-orchestrator
job-core	UNKNOWN STEP	2026-01-15T08:25:02.8999300Z  * [new branch]          RN1183-personalizaciÃ³n-mÃ³dulo-finops -> origin/RN1183-personalizaciÃ³n-mÃ³dulo-finops
job-core	UNKNOWN STEP	2026-01-15T08:25:02.9000569Z  * [new branch]          RN1282-ka0s-error-detected-in-ka0s-workflow-statistics-summary -> origin/RN1282-ka0s-error-detected-in-ka0s-workflow-statistics-summary
job-core	UNKNOWN STEP	2026-01-15T08:25:02.9056591Z  * [new branch]          RN220-web-de-resultados -> origin/RN220-web-de-resultados
job-core	UNKNOWN STEP	2026-01-15T08:25:02.9057831Z  * [new branch]          RN227-despliegue-de-kube-independiente-del-clouder -> origin/RN227-despliegue-de-kube-independiente-del-clouder
job-core	UNKNOWN STEP	2026-01-15T08:25:02.9058792Z  * [new branch]          RN2438-arreglo-de-despliegue-itop -> origin/RN2438-arreglo-de-despliegue-itop
job-core	UNKNOWN STEP	2026-01-15T08:25:02.9059622Z  * [new branch]          RN329-documentacion-metodologia-de-kaos -> origin/RN329-documentacion-metodologia-de-kaos
job-core	UNKNOWN STEP	2026-01-15T08:25:02.9060271Z  * [new branch]          main                    -> origin/main
job-core	UNKNOWN STEP	2026-01-15T08:25:02.9060660Z  * [new tag]             0.0.0                   -> 0.0.0
job-core	UNKNOWN STEP	2026-01-15T08:25:02.9061012Z  * [new tag]             0.0.1                   -> 0.0.1
job-core	UNKNOWN STEP	2026-01-15T08:25:02.9061383Z  * [new tag]             0.0.10                  -> 0.0.10
job-core	UNKNOWN STEP	2026-01-15T08:25:02.9114191Z  * [new tag]             0.0.100                 -> 0.0.100
job-core	UNKNOWN STEP	2026-01-15T08:25:02.9114937Z  * [new tag]             0.0.101                 -> 0.0.101
job-core	UNKNOWN STEP	2026-01-15T08:25:02.9115317Z  * [new tag]             0.0.102                 -> 0.0.102
job-core	UNKNOWN STEP	2026-01-15T08:25:02.9116040Z  * [new tag]             0.0.103                 -> 0.0.103
job-core	UNKNOWN STEP	2026-01-15T08:25:02.9116420Z  * [new tag]             0.0.104                 -> 0.0.104
job-core	UNKNOWN STEP	2026-01-15T08:25:02.9116791Z  * [new tag]             0.0.105                 -> 0.0.105
job-core	UNKNOWN STEP	2026-01-15T08:25:02.9117159Z  * [new tag]             0.0.106                 -> 0.0.106
job-core	UNKNOWN STEP	2026-01-15T08:25:02.9117523Z  * [new tag]             0.0.107                 -> 0.0.107
job-core	UNKNOWN STEP	2026-01-15T08:25:02.9117893Z  * [new tag]             0.0.108                 -> 0.0.108
job-core	UNKNOWN STEP	2026-01-15T08:25:02.9118263Z  * [new tag]             0.0.109                 -> 0.0.109
job-core	UNKNOWN STEP	2026-01-15T08:25:02.9118634Z  * [new tag]             0.0.11                  -> 0.0.11
job-core	UNKNOWN STEP	2026-01-15T08:25:02.9119001Z  * [new tag]             0.0.110                 -> 0.0.110
job-core	UNKNOWN STEP	2026-01-15T08:25:02.9119369Z  * [new tag]             0.0.111                 -> 0.0.111
job-core	UNKNOWN STEP	2026-01-15T08:25:02.9119739Z  * [new tag]             0.0.112                 -> 0.0.112
job-core	UNKNOWN STEP	2026-01-15T08:25:02.9120118Z  * [new tag]             0.0.113                 -> 0.0.113
job-core	UNKNOWN STEP	2026-01-15T08:25:02.9120643Z  * [new tag]             0.0.114                 -> 0.0.114
job-core	UNKNOWN STEP	2026-01-15T08:25:02.9121028Z  * [new tag]             0.0.115                 -> 0.0.115
job-core	UNKNOWN STEP	2026-01-15T08:25:02.9121402Z  * [new tag]             0.0.116                 -> 0.0.116
job-core	UNKNOWN STEP	2026-01-15T08:25:02.9142314Z  * [new tag]             0.0.117                 -> 0.0.117
job-core	UNKNOWN STEP	2026-01-15T08:25:02.9143169Z  * [new tag]             0.0.118                 -> 0.0.118
job-core	UNKNOWN STEP	2026-01-15T08:25:02.9143704Z  * [new tag]             0.0.119                 -> 0.0.119
job-core	UNKNOWN STEP	2026-01-15T08:25:02.9144265Z  * [new tag]             0.0.12                  -> 0.0.12
job-core	UNKNOWN STEP	2026-01-15T08:25:02.9144650Z  * [new tag]             0.0.120                 -> 0.0.120
job-core	UNKNOWN STEP	2026-01-15T08:25:02.9145119Z  * [new tag]             0.0.121                 -> 0.0.121
job-core	UNKNOWN STEP	2026-01-15T08:25:02.9145493Z  * [new tag]             0.0.122                 -> 0.0.122
job-core	UNKNOWN STEP	2026-01-15T08:25:02.9145953Z  * [new tag]             0.0.123                 -> 0.0.123
job-core	UNKNOWN STEP	2026-01-15T08:25:02.9146368Z  * [new tag]             0.0.124                 -> 0.0.124
job-core	UNKNOWN STEP	2026-01-15T08:25:02.9146833Z  * [new tag]             0.0.125                 -> 0.0.125
job-core	UNKNOWN STEP	2026-01-15T08:25:02.9147286Z  * [new tag]             0.0.126                 -> 0.0.126
job-core	UNKNOWN STEP	2026-01-15T08:25:02.9147661Z  * [new tag]             0.0.127                 -> 0.0.127
job-core	UNKNOWN STEP	2026-01-15T08:25:02.9148914Z  * [new tag]             0.0.128                 -> 0.0.128
job-core	UNKNOWN STEP	2026-01-15T08:25:02.9149297Z  * [new tag]             0.0.129                 -> 0.0.129
job-core	UNKNOWN STEP	2026-01-15T08:25:02.9150572Z  * [new tag]             0.0.13                  -> 0.0.13
job-core	UNKNOWN STEP	2026-01-15T08:25:02.9152666Z  * [new tag]             0.0.130                 -> 0.0.130
job-core	UNKNOWN STEP	2026-01-15T08:25:02.9153087Z  * [new tag]             0.0.131                 -> 0.0.131
job-core	UNKNOWN STEP	2026-01-15T08:25:02.9154377Z  * [new tag]             0.0.132                 -> 0.0.132
job-core	UNKNOWN STEP	2026-01-15T08:25:02.9154757Z  * [new tag]             0.0.133                 -> 0.0.133
job-core	UNKNOWN STEP	2026-01-15T08:25:02.9156790Z  * [new tag]             0.0.134                 -> 0.0.134
job-core	UNKNOWN STEP	2026-01-15T08:25:02.9158050Z  * [new tag]             0.0.135                 -> 0.0.135
job-core	UNKNOWN STEP	2026-01-15T08:25:02.9158440Z  * [new tag]             0.0.136                 -> 0.0.136
job-core	UNKNOWN STEP	2026-01-15T08:25:02.9160472Z  * [new tag]             0.0.137                 -> 0.0.137
job-core	UNKNOWN STEP	2026-01-15T08:25:02.9164012Z  * [new tag]             0.0.138                 -> 0.0.138
job-core	UNKNOWN STEP	2026-01-15T08:25:02.9164474Z  * [new tag]             0.0.139                 -> 0.0.139
job-core	UNKNOWN STEP	2026-01-15T08:25:02.9168030Z  * [new tag]             0.0.14                  -> 0.0.14
job-core	UNKNOWN STEP	2026-01-15T08:25:02.9171542Z  * [new tag]             0.0.140                 -> 0.0.140
job-core	UNKNOWN STEP	2026-01-15T08:25:02.9172859Z  * [new tag]             0.0.141                 -> 0.0.141
job-core	UNKNOWN STEP	2026-01-15T08:25:02.9181673Z  * [new tag]             0.0.142                 -> 0.0.142
job-core	UNKNOWN STEP	2026-01-15T08:25:02.9352089Z  * [new tag]             0.0.143                 -> 0.0.143
job-core	UNKNOWN STEP	2026-01-15T08:25:02.9352980Z  * [new tag]             0.0.144                 -> 0.0.144
job-core	UNKNOWN STEP	2026-01-15T08:25:02.9353680Z  * [new tag]             0.0.145                 -> 0.0.145
job-core	UNKNOWN STEP	2026-01-15T08:25:02.9354103Z  * [new tag]             0.0.146                 -> 0.0.146
job-core	UNKNOWN STEP	2026-01-15T08:25:02.9354482Z  * [new tag]             0.0.147                 -> 0.0.147
job-core	UNKNOWN STEP	2026-01-15T08:25:02.9354858Z  * [new tag]             0.0.148                 -> 0.0.148
job-core	UNKNOWN STEP	2026-01-15T08:25:02.9355236Z  * [new tag]             0.0.149                 -> 0.0.149
job-core	UNKNOWN STEP	2026-01-15T08:25:02.9355626Z  * [new tag]             0.0.15                  -> 0.0.15
job-core	UNKNOWN STEP	2026-01-15T08:25:02.9356009Z  * [new tag]             0.0.150                 -> 0.0.150
job-core	UNKNOWN STEP	2026-01-15T08:25:02.9356392Z  * [new tag]             0.0.151                 -> 0.0.151
job-core	UNKNOWN STEP	2026-01-15T08:25:02.9356782Z  * [new tag]             0.0.152                 -> 0.0.152
job-core	UNKNOWN STEP	2026-01-15T08:25:02.9357161Z  * [new tag]             0.0.153                 -> 0.0.153
job-core	UNKNOWN STEP	2026-01-15T08:25:02.9357559Z  * [new tag]             0.0.154                 -> 0.0.154
job-core	UNKNOWN STEP	2026-01-15T08:25:02.9357962Z  * [new tag]             0.0.155                 -> 0.0.155
job-core	UNKNOWN STEP	2026-01-15T08:25:02.9358507Z  * [new tag]             0.0.156                 -> 0.0.156
job-core	UNKNOWN STEP	2026-01-15T08:25:02.9358901Z  * [new tag]             0.0.157                 -> 0.0.157
job-core	UNKNOWN STEP	2026-01-15T08:25:02.9359288Z  * [new tag]             0.0.158                 -> 0.0.158
job-core	UNKNOWN STEP	2026-01-15T08:25:02.9359657Z  * [new tag]             0.0.159                 -> 0.0.159
job-core	UNKNOWN STEP	2026-01-15T08:25:02.9360022Z  * [new tag]             0.0.16                  -> 0.0.16
job-core	UNKNOWN STEP	2026-01-15T08:25:02.9360397Z  * [new tag]             0.0.160                 -> 0.0.160
job-core	UNKNOWN STEP	2026-01-15T08:25:02.9360775Z  * [new tag]             0.0.161                 -> 0.0.161
job-core	UNKNOWN STEP	2026-01-15T08:25:02.9361147Z  * [new tag]             0.0.162                 -> 0.0.162
job-core	UNKNOWN STEP	2026-01-15T08:25:02.9361529Z  * [new tag]             0.0.163                 -> 0.0.163
job-core	UNKNOWN STEP	2026-01-15T08:25:02.9362001Z  * [new tag]             0.0.164                 -> 0.0.164
job-core	UNKNOWN STEP	2026-01-15T08:25:02.9362386Z  * [new tag]             0.0.165                 -> 0.0.165
job-core	UNKNOWN STEP	2026-01-15T08:25:02.9362778Z  * [new tag]             0.0.166                 -> 0.0.166
job-core	UNKNOWN STEP	2026-01-15T08:25:02.9363147Z  * [new tag]             0.0.167                 -> 0.0.167
job-core	UNKNOWN STEP	2026-01-15T08:25:02.9363514Z  * [new tag]             0.0.168                 -> 0.0.168
job-core	UNKNOWN STEP	2026-01-15T08:25:02.9363877Z  * [new tag]             0.0.169                 -> 0.0.169
job-core	UNKNOWN STEP	2026-01-15T08:25:02.9364241Z  * [new tag]             0.0.17                  -> 0.0.17
job-core	UNKNOWN STEP	2026-01-15T08:25:02.9364605Z  * [new tag]             0.0.170                 -> 0.0.170
job-core	UNKNOWN STEP	2026-01-15T08:25:02.9364974Z  * [new tag]             0.0.171                 -> 0.0.171
job-core	UNKNOWN STEP	2026-01-15T08:25:02.9365341Z  * [new tag]             0.0.172                 -> 0.0.172
job-core	UNKNOWN STEP	2026-01-15T08:25:02.9365706Z  * [new tag]             0.0.173                 -> 0.0.173
job-core	UNKNOWN STEP	2026-01-15T08:25:02.9366070Z  * [new tag]             0.0.174                 -> 0.0.174
job-core	UNKNOWN STEP	2026-01-15T08:25:02.9366437Z  * [new tag]             0.0.175                 -> 0.0.175
job-core	UNKNOWN STEP	2026-01-15T08:25:02.9366802Z  * [new tag]             0.0.176                 -> 0.0.176
job-core	UNKNOWN STEP	2026-01-15T08:25:02.9367169Z  * [new tag]             0.0.177                 -> 0.0.177
job-core	UNKNOWN STEP	2026-01-15T08:25:02.9367537Z  * [new tag]             0.0.178                 -> 0.0.178
job-core	UNKNOWN STEP	2026-01-15T08:25:02.9367902Z  * [new tag]             0.0.179                 -> 0.0.179
job-core	UNKNOWN STEP	2026-01-15T08:25:02.9368277Z  * [new tag]             0.0.18                  -> 0.0.18
job-core	UNKNOWN STEP	2026-01-15T08:25:02.9368637Z  * [new tag]             0.0.19                  -> 0.0.19
job-core	UNKNOWN STEP	2026-01-15T08:25:02.9369035Z  * [new tag]             0.0.2                   -> 0.0.2
job-core	UNKNOWN STEP	2026-01-15T08:25:02.9452906Z  * [new tag]             0.0.20                  -> 0.0.20
job-core	UNKNOWN STEP	2026-01-15T08:25:02.9453352Z  * [new tag]             0.0.21                  -> 0.0.21
job-core	UNKNOWN STEP	2026-01-15T08:25:02.9453730Z  * [new tag]             0.0.22                  -> 0.0.22
job-core	UNKNOWN STEP	2026-01-15T08:25:02.9454110Z  * [new tag]             0.0.23                  -> 0.0.23
job-core	UNKNOWN STEP	2026-01-15T08:25:02.9454483Z  * [new tag]             0.0.24                  -> 0.0.24
job-core	UNKNOWN STEP	2026-01-15T08:25:02.9455152Z  * [new tag]             0.0.25                  -> 0.0.25
job-core	UNKNOWN STEP	2026-01-15T08:25:02.9455514Z  * [new tag]             0.0.26                  -> 0.0.26
job-core	UNKNOWN STEP	2026-01-15T08:25:02.9455887Z  * [new tag]             0.0.27                  -> 0.0.27
job-core	UNKNOWN STEP	2026-01-15T08:25:02.9456243Z  * [new tag]             0.0.28                  -> 0.0.28
job-core	UNKNOWN STEP	2026-01-15T08:25:02.9456601Z  * [new tag]             0.0.29                  -> 0.0.29
job-core	UNKNOWN STEP	2026-01-15T08:25:02.9456961Z  * [new tag]             0.0.3                   -> 0.0.3
job-core	UNKNOWN STEP	2026-01-15T08:25:02.9457337Z  * [new tag]             0.0.30                  -> 0.0.30
job-core	UNKNOWN STEP	2026-01-15T08:25:02.9457703Z  * [new tag]             0.0.31                  -> 0.0.31
job-core	UNKNOWN STEP	2026-01-15T08:25:02.9458074Z  * [new tag]             0.0.32                  -> 0.0.32
job-core	UNKNOWN STEP	2026-01-15T08:25:02.9458439Z  * [new tag]             0.0.33                  -> 0.0.33
job-core	UNKNOWN STEP	2026-01-15T08:25:02.9458793Z  * [new tag]             0.0.34                  -> 0.0.34
job-core	UNKNOWN STEP	2026-01-15T08:25:02.9459152Z  * [new tag]             0.0.35                  -> 0.0.35
job-core	UNKNOWN STEP	2026-01-15T08:25:02.9459686Z  * [new tag]             0.0.36                  -> 0.0.36
job-core	UNKNOWN STEP	2026-01-15T08:25:02.9460067Z  * [new tag]             0.0.37                  -> 0.0.37
job-core	UNKNOWN STEP	2026-01-15T08:25:02.9460422Z  * [new tag]             0.0.38                  -> 0.0.38
job-core	UNKNOWN STEP	2026-01-15T08:25:02.9460783Z  * [new tag]             0.0.39                  -> 0.0.39
job-core	UNKNOWN STEP	2026-01-15T08:25:02.9461158Z  * [new tag]             0.0.4                   -> 0.0.4
job-core	UNKNOWN STEP	2026-01-15T08:25:02.9461525Z  * [new tag]             0.0.40                  -> 0.0.40
job-core	UNKNOWN STEP	2026-01-15T08:25:02.9502037Z  * [new tag]             0.0.41                  -> 0.0.41
job-core	UNKNOWN STEP	2026-01-15T08:25:02.9502482Z  * [new tag]             0.0.42                  -> 0.0.42
job-core	UNKNOWN STEP	2026-01-15T08:25:02.9502850Z  * [new tag]             0.0.43                  -> 0.0.43
job-core	UNKNOWN STEP	2026-01-15T08:25:02.9503255Z  * [new tag]             0.0.44                  -> 0.0.44
job-core	UNKNOWN STEP	2026-01-15T08:25:02.9503625Z  * [new tag]             0.0.45                  -> 0.0.45
job-core	UNKNOWN STEP	2026-01-15T08:25:02.9504078Z  * [new tag]             0.0.46                  -> 0.0.46
job-core	UNKNOWN STEP	2026-01-15T08:25:02.9504591Z  * [new tag]             0.0.47                  -> 0.0.47
job-core	UNKNOWN STEP	2026-01-15T08:25:02.9504993Z  * [new tag]             0.0.48                  -> 0.0.48
job-core	UNKNOWN STEP	2026-01-15T08:25:02.9505365Z  * [new tag]             0.0.49                  -> 0.0.49
job-core	UNKNOWN STEP	2026-01-15T08:25:02.9505731Z  * [new tag]             0.0.5                   -> 0.0.5
job-core	UNKNOWN STEP	2026-01-15T08:25:02.9506093Z  * [new tag]             0.0.50                  -> 0.0.50
job-core	UNKNOWN STEP	2026-01-15T08:25:02.9506463Z  * [new tag]             0.0.51                  -> 0.0.51
job-core	UNKNOWN STEP	2026-01-15T08:25:02.9506822Z  * [new tag]             0.0.52                  -> 0.0.52
job-core	UNKNOWN STEP	2026-01-15T08:25:02.9507181Z  * [new tag]             0.0.53                  -> 0.0.53
job-core	UNKNOWN STEP	2026-01-15T08:25:02.9507535Z  * [new tag]             0.0.54                  -> 0.0.54
job-core	UNKNOWN STEP	2026-01-15T08:25:02.9507899Z  * [new tag]             0.0.55                  -> 0.0.55
job-core	UNKNOWN STEP	2026-01-15T08:25:02.9508264Z  * [new tag]             0.0.56                  -> 0.0.56
job-core	UNKNOWN STEP	2026-01-15T08:25:02.9508641Z  * [new tag]             0.0.57                  -> 0.0.57
job-core	UNKNOWN STEP	2026-01-15T08:25:02.9509000Z  * [new tag]             0.0.58                  -> 0.0.58
job-core	UNKNOWN STEP	2026-01-15T08:25:02.9509367Z  * [new tag]             0.0.59                  -> 0.0.59
job-core	UNKNOWN STEP	2026-01-15T08:25:02.9509732Z  * [new tag]             0.0.6                   -> 0.0.6
job-core	UNKNOWN STEP	2026-01-15T08:25:02.9510099Z  * [new tag]             0.0.60                  -> 0.0.60
job-core	UNKNOWN STEP	2026-01-15T08:25:02.9510455Z  * [new tag]             0.0.61                  -> 0.0.61
job-core	UNKNOWN STEP	2026-01-15T08:25:02.9510819Z  * [new tag]             0.0.62                  -> 0.0.62
job-core	UNKNOWN STEP	2026-01-15T08:25:02.9511185Z  * [new tag]             0.0.63                  -> 0.0.63
job-core	UNKNOWN STEP	2026-01-15T08:25:02.9511543Z  * [new tag]             0.0.64                  -> 0.0.64
job-core	UNKNOWN STEP	2026-01-15T08:25:02.9518072Z  * [new tag]             0.0.65                  -> 0.0.65
job-core	UNKNOWN STEP	2026-01-15T08:25:02.9519538Z  * [new tag]             0.0.66                  -> 0.0.66
job-core	UNKNOWN STEP	2026-01-15T08:25:02.9520874Z  * [new tag]             0.0.67                  -> 0.0.67
job-core	UNKNOWN STEP	2026-01-15T08:25:02.9523528Z  * [new tag]             0.0.68                  -> 0.0.68
job-core	UNKNOWN STEP	2026-01-15T08:25:02.9523940Z  * [new tag]             0.0.69                  -> 0.0.69
job-core	UNKNOWN STEP	2026-01-15T08:25:02.9524328Z  * [new tag]             0.0.7                   -> 0.0.7
job-core	UNKNOWN STEP	2026-01-15T08:25:02.9524709Z  * [new tag]             0.0.70                  -> 0.0.70
job-core	UNKNOWN STEP	2026-01-15T08:25:02.9525100Z  * [new tag]             0.0.71                  -> 0.0.71
job-core	UNKNOWN STEP	2026-01-15T08:25:02.9525472Z  * [new tag]             0.0.72                  -> 0.0.72
job-core	UNKNOWN STEP	2026-01-15T08:25:02.9525912Z  * [new tag]             0.0.73                  -> 0.0.73
job-core	UNKNOWN STEP	2026-01-15T08:25:02.9526293Z  * [new tag]             0.0.74                  -> 0.0.74
job-core	UNKNOWN STEP	2026-01-15T08:25:02.9526681Z  * [new tag]             0.0.75                  -> 0.0.75
job-core	UNKNOWN STEP	2026-01-15T08:25:02.9527065Z  * [new tag]             0.0.76                  -> 0.0.76
job-core	UNKNOWN STEP	2026-01-15T08:25:02.9527456Z  * [new tag]             0.0.77                  -> 0.0.77
job-core	UNKNOWN STEP	2026-01-15T08:25:02.9527881Z  * [new tag]             0.0.78                  -> 0.0.78
job-core	UNKNOWN STEP	2026-01-15T08:25:02.9528792Z  * [new tag]             0.0.79                  -> 0.0.79
job-core	UNKNOWN STEP	2026-01-15T08:25:02.9529204Z  * [new tag]             0.0.8                   -> 0.0.8
job-core	UNKNOWN STEP	2026-01-15T08:25:02.9529574Z  * [new tag]             0.0.80                  -> 0.0.80
job-core	UNKNOWN STEP	2026-01-15T08:25:02.9529942Z  * [new tag]             0.0.81                  -> 0.0.81
job-core	UNKNOWN STEP	2026-01-15T08:25:02.9530328Z  * [new tag]             0.0.82                  -> 0.0.82
job-core	UNKNOWN STEP	2026-01-15T08:25:02.9530706Z  * [new tag]             0.0.83                  -> 0.0.83
job-core	UNKNOWN STEP	2026-01-15T08:25:02.9531070Z  * [new tag]             0.0.84                  -> 0.0.84
job-core	UNKNOWN STEP	2026-01-15T08:25:02.9531458Z  * [new tag]             0.0.85                  -> 0.0.85
job-core	UNKNOWN STEP	2026-01-15T08:25:02.9594619Z  * [new tag]             0.0.86                  -> 0.0.86
job-core	UNKNOWN STEP	2026-01-15T08:25:02.9595351Z  * [new tag]             0.0.87                  -> 0.0.87
job-core	UNKNOWN STEP	2026-01-15T08:25:02.9595720Z  * [new tag]             0.0.88                  -> 0.0.88
job-core	UNKNOWN STEP	2026-01-15T08:25:02.9596119Z  * [new tag]             0.0.89                  -> 0.0.89
job-core	UNKNOWN STEP	2026-01-15T08:25:02.9596524Z  * [new tag]             0.0.9                   -> 0.0.9
job-core	UNKNOWN STEP	2026-01-15T08:25:02.9596906Z  * [new tag]             0.0.90                  -> 0.0.90
job-core	UNKNOWN STEP	2026-01-15T08:25:02.9597274Z  * [new tag]             0.0.91                  -> 0.0.91
job-core	UNKNOWN STEP	2026-01-15T08:25:02.9597642Z  * [new tag]             0.0.92                  -> 0.0.92
job-core	UNKNOWN STEP	2026-01-15T08:25:02.9598011Z  * [new tag]             0.0.93                  -> 0.0.93
job-core	UNKNOWN STEP	2026-01-15T08:25:02.9598374Z  * [new tag]             0.0.94                  -> 0.0.94
job-core	UNKNOWN STEP	2026-01-15T08:25:02.9598737Z  * [new tag]             0.0.95                  -> 0.0.95
job-core	UNKNOWN STEP	2026-01-15T08:25:02.9599099Z  * [new tag]             0.0.96                  -> 0.0.96
job-core	UNKNOWN STEP	2026-01-15T08:25:02.9599461Z  * [new tag]             0.0.97                  -> 0.0.97
job-core	UNKNOWN STEP	2026-01-15T08:25:02.9599822Z  * [new tag]             0.0.98                  -> 0.0.98
job-core	UNKNOWN STEP	2026-01-15T08:25:02.9600207Z  * [new tag]             0.0.99                  -> 0.0.99
job-core	UNKNOWN STEP	2026-01-15T08:25:02.9600602Z  * [new tag]             0.1.0                   -> 0.1.0
job-core	UNKNOWN STEP	2026-01-15T08:25:02.9600969Z  * [new tag]             0.1.1                   -> 0.1.1
job-core	UNKNOWN STEP	2026-01-15T08:25:02.9601330Z  * [new tag]             0.2.0                   -> 0.2.0
job-core	UNKNOWN STEP	2026-01-15T08:25:02.9601695Z  * [new tag]             0.3.0                   -> 0.3.0
job-core	UNKNOWN STEP	2026-01-15T08:25:02.9602185Z  * [new tag]             0.3.1                   -> 0.3.1
job-core	UNKNOWN STEP	2026-01-15T08:25:02.9602551Z  * [new tag]             0.3.10                  -> 0.3.10
job-core	UNKNOWN STEP	2026-01-15T08:25:02.9602919Z  * [new tag]             0.3.11                  -> 0.3.11
job-core	UNKNOWN STEP	2026-01-15T08:25:02.9603283Z  * [new tag]             0.3.12                  -> 0.3.12
job-core	UNKNOWN STEP	2026-01-15T08:25:02.9603660Z  * [new tag]             0.3.13                  -> 0.3.13
job-core	UNKNOWN STEP	2026-01-15T08:25:02.9604031Z  * [new tag]             0.3.14                  -> 0.3.14
job-core	UNKNOWN STEP	2026-01-15T08:25:02.9604399Z  * [new tag]             0.3.15                  -> 0.3.15
job-core	UNKNOWN STEP	2026-01-15T08:25:02.9605120Z  * [new tag]             0.3.16                  -> 0.3.16
job-core	UNKNOWN STEP	2026-01-15T08:25:02.9605492Z  * [new tag]             0.3.17                  -> 0.3.17
job-core	UNKNOWN STEP	2026-01-15T08:25:02.9605854Z  * [new tag]             0.3.2                   -> 0.3.2
job-core	UNKNOWN STEP	2026-01-15T08:25:02.9606211Z  * [new tag]             0.3.3                   -> 0.3.3
job-core	UNKNOWN STEP	2026-01-15T08:25:02.9606572Z  * [new tag]             0.3.4                   -> 0.3.4
job-core	UNKNOWN STEP	2026-01-15T08:25:02.9606931Z  * [new tag]             0.3.5                   -> 0.3.5
job-core	UNKNOWN STEP	2026-01-15T08:25:02.9607290Z  * [new tag]             0.3.6                   -> 0.3.6
job-core	UNKNOWN STEP	2026-01-15T08:25:02.9607644Z  * [new tag]             0.3.7                   -> 0.3.7
job-core	UNKNOWN STEP	2026-01-15T08:25:02.9608000Z  * [new tag]             0.3.8                   -> 0.3.8
job-core	UNKNOWN STEP	2026-01-15T08:25:02.9608361Z  * [new tag]             0.3.9                   -> 0.3.9
job-core	UNKNOWN STEP	2026-01-15T08:25:02.9608720Z  * [new tag]             0.4.0                   -> 0.4.0
job-core	UNKNOWN STEP	2026-01-15T08:25:02.9609087Z  * [new tag]             0.4.1                   -> 0.4.1
job-core	UNKNOWN STEP	2026-01-15T08:25:02.9609603Z  * [new tag]             0.4.10                  -> 0.4.10
job-core	UNKNOWN STEP	2026-01-15T08:25:02.9609984Z  * [new tag]             0.4.2                   -> 0.4.2
job-core	UNKNOWN STEP	2026-01-15T08:25:02.9610337Z  * [new tag]             0.4.3                   -> 0.4.3
job-core	UNKNOWN STEP	2026-01-15T08:25:02.9610693Z  * [new tag]             0.4.4                   -> 0.4.4
job-core	UNKNOWN STEP	2026-01-15T08:25:02.9611045Z  * [new tag]             0.4.5                   -> 0.4.5
job-core	UNKNOWN STEP	2026-01-15T08:25:02.9611408Z  * [new tag]             0.4.6                   -> 0.4.6
job-core	UNKNOWN STEP	2026-01-15T08:25:02.9672321Z  * [new tag]             0.4.7                   -> 0.4.7
job-core	UNKNOWN STEP	2026-01-15T08:25:02.9673360Z  * [new tag]             0.4.8                   -> 0.4.8
job-core	UNKNOWN STEP	2026-01-15T08:25:02.9673769Z  * [new tag]             0.4.9                   -> 0.4.9
job-core	UNKNOWN STEP	2026-01-15T08:25:02.9919904Z [command]/usr/bin/git branch --list --remote origin/F2438-arreglo-de-despliegue-itop
job-core	UNKNOWN STEP	2026-01-15T08:25:02.9982354Z   origin/F2438-arreglo-de-despliegue-itop
job-core	UNKNOWN STEP	2026-01-15T08:25:03.0019708Z [command]/usr/bin/git rev-parse refs/remotes/origin/F2438-arreglo-de-despliegue-itop
job-core	UNKNOWN STEP	2026-01-15T08:25:03.0243410Z cce70c01115655333bf182ddf934673b368e9f91
job-core	UNKNOWN STEP	2026-01-15T08:25:03.0246649Z ##[endgroup]
job-core	UNKNOWN STEP	2026-01-15T08:25:03.0304963Z ##[group]Determining the checkout info
job-core	UNKNOWN STEP	2026-01-15T08:25:03.0305552Z ##[endgroup]
job-core	UNKNOWN STEP	2026-01-15T08:25:03.0305958Z [command]/usr/bin/git sparse-checkout disable
job-core	UNKNOWN STEP	2026-01-15T08:25:03.0393182Z [command]/usr/bin/git config --local --unset-all extensions.worktreeConfig
job-core	UNKNOWN STEP	2026-01-15T08:25:03.0504759Z ##[group]Checking out the ref
job-core	UNKNOWN STEP	2026-01-15T08:25:03.0505574Z [command]/usr/bin/git checkout --progress --force -B F2438-arreglo-de-despliegue-itop refs/remotes/origin/F2438-arreglo-de-despliegue-itop
job-core	UNKNOWN STEP	2026-01-15T08:25:04.0955481Z Updating files:  84% (1032/1219)
job-core	UNKNOWN STEP	2026-01-15T08:25:04.1813799Z Updating files:  85% (1037/1219)
job-core	UNKNOWN STEP	2026-01-15T08:25:04.3268977Z Updating files:  86% (1049/1219)
job-core	UNKNOWN STEP	2026-01-15T08:25:04.4983112Z Updating files:  87% (1061/1219)
job-core	UNKNOWN STEP	2026-01-15T08:25:04.6942964Z Updating files:  88% (1073/1219)
job-core	UNKNOWN STEP	2026-01-15T08:25:04.8862943Z Updating files:  89% (1085/1219)
job-core	UNKNOWN STEP	2026-01-15T08:25:05.0313005Z Updating files:  90% (1098/1219)
job-core	UNKNOWN STEP	2026-01-15T08:25:05.0570024Z Updating files:  91% (1110/1219)
job-core	UNKNOWN STEP	2026-01-15T08:25:05.1994706Z Updating files:  91% (1112/1219)
job-core	UNKNOWN STEP	2026-01-15T08:25:05.1995032Z Updating files:  92% (1122/1219)
job-core	UNKNOWN STEP	2026-01-15T08:25:05.1995291Z Updating files:  93% (1134/1219)
job-core	UNKNOWN STEP	2026-01-15T08:25:05.2051127Z Updating files:  94% (1146/1219)
job-core	UNKNOWN STEP	2026-01-15T08:25:05.2113947Z Updating files:  95% (1159/1219)
job-core	UNKNOWN STEP	2026-01-15T08:25:05.2227267Z Updating files:  96% (1171/1219)
job-core	UNKNOWN STEP	2026-01-15T08:25:05.2266074Z Updating files:  97% (1183/1219)
job-core	UNKNOWN STEP	2026-01-15T08:25:05.2283270Z Updating files:  98% (1195/1219)
job-core	UNKNOWN STEP	2026-01-15T08:25:05.2400942Z Updating files:  99% (1207/1219)
job-core	UNKNOWN STEP	2026-01-15T08:25:05.2442669Z Updating files: 100% (1219/1219)
job-core	UNKNOWN STEP	2026-01-15T08:25:05.2443792Z Updating files: 100% (1219/1219), done.
job-core	UNKNOWN STEP	2026-01-15T08:25:05.2488813Z Switched to a new branch 'F2438-arreglo-de-despliegue-itop'
job-core	UNKNOWN STEP	2026-01-15T08:25:05.2534827Z branch 'F2438-arreglo-de-despliegue-itop' set up to track 'origin/F2438-arreglo-de-despliegue-itop'.
job-core	UNKNOWN STEP	2026-01-15T08:25:05.3176936Z ##[endgroup]
job-core	UNKNOWN STEP	2026-01-15T08:25:05.3503288Z [command]/usr/bin/git log -1 --format=%H
job-core	UNKNOWN STEP	2026-01-15T08:25:05.3543448Z cce70c01115655333bf182ddf934673b368e9f91
job-core	UNKNOWN STEP	2026-01-15T08:25:05.4760746Z Prepare all required actions
job-core	UNKNOWN STEP	2026-01-15T08:25:05.5000968Z ##[group]Run ./.github/actions/install-gh-cli
job-core	UNKNOWN STEP	2026-01-15T08:25:05.5001286Z env:
job-core	UNKNOWN STEP	2026-01-15T08:25:05.5001495Z   KAOS_MODULE: [Ka0S] MDLINT
job-core	UNKNOWN STEP	2026-01-15T08:25:05.5002235Z   GH_TOKEN: ***
job-core	UNKNOWN STEP	2026-01-15T08:25:05.5002460Z   FILE_ERROR: 
job-core	UNKNOWN STEP	2026-01-15T08:25:05.5002722Z   KAOS_MD_CONFIG: core/config/.markdownlint.json
job-core	UNKNOWN STEP	2026-01-15T08:25:05.5003066Z   KAOS_PATH_RESUME: audit/mdlint/
job-core	UNKNOWN STEP	2026-01-15T08:25:05.5003362Z   KAOS_REPO: /actions-runner/_work/kaos/kaos
job-core	UNKNOWN STEP	2026-01-15T08:25:05.5003665Z   KAOS_STEP_MODULE: 
job-core	UNKNOWN STEP	2026-01-15T08:25:05.5003890Z   KAOS_CODE: 21024545451
job-core	UNKNOWN STEP	2026-01-15T08:25:05.5004129Z ##[endgroup]
job-core	UNKNOWN STEP	2026-01-15T08:25:05.5564946Z ##[group]Run type -p curl >/dev/null || (sudo apt-get update && sudo apt-get install curl -y)
job-core	UNKNOWN STEP	2026-01-15T08:25:05.5565687Z [36;1mtype -p curl >/dev/null || (sudo apt-get update && sudo apt-get install curl -y)[0m
job-core	UNKNOWN STEP	2026-01-15T08:25:05.5566639Z [36;1mcurl -fsSL https://cli.github.com/packages/githubcli-archive-keyring.gpg | sudo dd of=/usr/share/keyrings/githubcli-archive-keyring.gpg \[0m
job-core	UNKNOWN STEP	2026-01-15T08:25:05.5567486Z [36;1m&& sudo chmod go+r /usr/share/keyrings/githubcli-archive-keyring.gpg \[0m
job-core	UNKNOWN STEP	2026-01-15T08:25:05.5568620Z [36;1m&& echo "deb [arch=$(dpkg --print-architecture) signed-by=/usr/share/keyrings/githubcli-archive-keyring.gpg] https://cli.github.com/packages stable main" | sudo tee /etc/apt/sources.list.d/github-cli.list > /dev/null \[0m
job-core	UNKNOWN STEP	2026-01-15T08:25:05.5569658Z [36;1m&& sudo apt-get update \[0m
job-core	UNKNOWN STEP	2026-01-15T08:25:05.5569946Z [36;1m&& sudo apt-get install gh -y[0m
job-core	UNKNOWN STEP	2026-01-15T08:25:05.5855335Z shell: /usr/bin/bash --noprofile --norc -e -o pipefail {0}
job-core	UNKNOWN STEP	2026-01-15T08:25:05.5855806Z env:
job-core	UNKNOWN STEP	2026-01-15T08:25:05.5856025Z   KAOS_MODULE: [Ka0S] MDLINT
job-core	UNKNOWN STEP	2026-01-15T08:25:05.5856580Z   GH_TOKEN: ***
job-core	UNKNOWN STEP	2026-01-15T08:25:05.5856787Z   FILE_ERROR: 
job-core	UNKNOWN STEP	2026-01-15T08:25:05.5857034Z   KAOS_MD_CONFIG: core/config/.markdownlint.json
job-core	UNKNOWN STEP	2026-01-15T08:25:05.5857356Z   KAOS_PATH_RESUME: audit/mdlint/
job-core	UNKNOWN STEP	2026-01-15T08:25:05.5857678Z   KAOS_REPO: /actions-runner/_work/kaos/kaos
job-core	UNKNOWN STEP	2026-01-15T08:25:05.5857988Z   KAOS_STEP_MODULE: 
job-core	UNKNOWN STEP	2026-01-15T08:25:05.5858225Z   KAOS_CODE: 21024545451
job-core	UNKNOWN STEP	2026-01-15T08:25:05.5858453Z ##[endgroup]
job-core	UNKNOWN STEP	2026-01-15T08:25:05.8446815Z 4+1 records in
job-core	UNKNOWN STEP	2026-01-15T08:25:05.8447081Z 4+1 records out
job-core	UNKNOWN STEP	2026-01-15T08:25:05.8451034Z 2270 bytes (2.3 kB, 2.2 KiB) copied, 0.19843 s, 11.4 kB/s
job-core	UNKNOWN STEP	2026-01-15T08:25:06.2466527Z Get:1 http://archive.ubuntu.com/ubuntu noble InRelease [256 kB]
job-core	UNKNOWN STEP	2026-01-15T08:25:06.2467058Z Get:2 https://cli.github.com/packages stable InRelease [3917 B]
job-core	UNKNOWN STEP	2026-01-15T08:25:06.3113030Z Get:3 http://security.ubuntu.com/ubuntu noble-security InRelease [126 kB]
job-core	UNKNOWN STEP	2026-01-15T08:25:06.3837918Z Get:4 https://ppa.launchpadcontent.net/git-core/ppa/ubuntu noble InRelease [24.3 kB]
job-core	UNKNOWN STEP	2026-01-15T08:25:06.4115740Z Get:5 http://archive.ubuntu.com/ubuntu noble-updates InRelease [126 kB]
job-core	UNKNOWN STEP	2026-01-15T08:25:06.4552891Z Get:6 http://archive.ubuntu.com/ubuntu noble-backports InRelease [126 kB]
job-core	UNKNOWN STEP	2026-01-15T08:25:06.4865988Z Get:7 https://cli.github.com/packages stable/main amd64 Packages [354 B]
job-core	UNKNOWN STEP	2026-01-15T08:25:06.6383068Z Get:8 http://archive.ubuntu.com/ubuntu noble/multiverse amd64 Packages [331 kB]
job-core	UNKNOWN STEP	2026-01-15T08:25:06.6905956Z Get:9 http://archive.ubuntu.com/ubuntu noble/restricted amd64 Packages [117 kB]
job-core	UNKNOWN STEP	2026-01-15T08:25:06.7023342Z Get:10 http://archive.ubuntu.com/ubuntu noble/main amd64 Packages [1808 kB]
job-core	UNKNOWN STEP	2026-01-15T08:25:06.8020751Z Get:11 http://archive.ubuntu.com/ubuntu noble/universe amd64 Packages [19.3 MB]
job-core	UNKNOWN STEP	2026-01-15T08:25:07.0197102Z Get:12 https://ppa.launchpadcontent.net/git-core/ppa/ubuntu noble/main amd64 Packages [2994 B]
job-core	UNKNOWN STEP	2026-01-15T08:25:07.5114397Z Get:13 http://archive.ubuntu.com/ubuntu noble-updates/restricted amd64 Packages [3077 kB]
job-core	UNKNOWN STEP	2026-01-15T08:25:07.6562457Z Get:14 http://archive.ubuntu.com/ubuntu noble-updates/main amd64 Packages [2141 kB]
job-core	UNKNOWN STEP	2026-01-15T08:25:07.7913100Z Get:15 http://archive.ubuntu.com/ubuntu noble-updates/universe amd64 Packages [1956 kB]
job-core	UNKNOWN STEP	2026-01-15T08:25:07.7914547Z Get:16 http://security.ubuntu.com/ubuntu noble-security/multiverse amd64 Packages [33.1 kB]
job-core	UNKNOWN STEP	2026-01-15T08:25:07.8679302Z Get:17 http://security.ubuntu.com/ubuntu noble-security/universe amd64 Packages [1189 kB]
job-core	UNKNOWN STEP	2026-01-15T08:25:07.9303421Z Get:18 http://archive.ubuntu.com/ubuntu noble-updates/multiverse amd64 Packages [35.9 kB]
job-core	UNKNOWN STEP	2026-01-15T08:25:08.0527849Z Get:19 http://archive.ubuntu.com/ubuntu noble-backports/main amd64 Packages [49.5 kB]
job-core	UNKNOWN STEP	2026-01-15T08:25:08.1277586Z Get:20 http://security.ubuntu.com/ubuntu noble-security/main amd64 Packages [1769 kB]
job-core	UNKNOWN STEP	2026-01-15T08:25:08.1652898Z Get:21 http://archive.ubuntu.com/ubuntu noble-backports/universe amd64 Packages [34.6 kB]
job-core	UNKNOWN STEP	2026-01-15T08:25:08.2527842Z Get:22 http://security.ubuntu.com/ubuntu noble-security/restricted amd64 Packages [2919 kB]
job-core	UNKNOWN STEP	2026-01-15T08:25:11.0919625Z Fetched 35.4 MB in 5s (7086 kB/s)
job-core	UNKNOWN STEP	2026-01-15T08:25:13.0989386Z Reading package lists...
job-core	UNKNOWN STEP	2026-01-15T08:25:15.5537613Z Reading package lists...
job-core	UNKNOWN STEP	2026-01-15T08:25:16.2328727Z Building dependency tree...
job-core	UNKNOWN STEP	2026-01-15T08:25:16.2330662Z Reading state information...
job-core	UNKNOWN STEP	2026-01-15T08:25:17.3186699Z The following NEW packages will be installed:
job-core	UNKNOWN STEP	2026-01-15T08:25:17.3187036Z   gh
job-core	UNKNOWN STEP	2026-01-15T08:25:17.5305620Z 0 upgraded, 1 newly installed, 0 to remove and 5 not upgraded.
job-core	UNKNOWN STEP	2026-01-15T08:25:17.5306337Z Need to get 13.7 MB of archives.
job-core	UNKNOWN STEP	2026-01-15T08:25:17.5306880Z After this operation, 37.9 MB of additional disk space will be used.
job-core	UNKNOWN STEP	2026-01-15T08:25:17.5307726Z Get:1 https://cli.github.com/packages stable/main amd64 gh amd64 2.85.0 [13.7 MB]
job-core	UNKNOWN STEP	2026-01-15T08:25:18.6927424Z debconf: delaying package configuration, since apt-utils is not installed
job-core	UNKNOWN STEP	2026-01-15T08:25:18.8855407Z Fetched 13.7 MB in 1s (14.3 MB/s)
job-core	UNKNOWN STEP	2026-01-15T08:25:18.9924755Z Selecting previously unselected package gh.
job-core	UNKNOWN STEP	2026-01-15T08:25:19.0067976Z (Reading database ... 
job-core	UNKNOWN STEP	2026-01-15T08:25:19.0070503Z (Reading database ... 5%
job-core	UNKNOWN STEP	2026-01-15T08:25:19.0070777Z (Reading database ... 10%
job-core	UNKNOWN STEP	2026-01-15T08:25:19.0072574Z (Reading database ... 15%
job-core	UNKNOWN STEP	2026-01-15T08:25:19.0103692Z (Reading database ... 20%
job-core	UNKNOWN STEP	2026-01-15T08:25:19.0104305Z (Reading database ... 25%
job-core	UNKNOWN STEP	2026-01-15T08:25:19.0161248Z (Reading database ... 30%
job-core	UNKNOWN STEP	2026-01-15T08:25:19.0185783Z (Reading database ... 35%
job-core	UNKNOWN STEP	2026-01-15T08:25:19.0204152Z (Reading database ... 40%
job-core	UNKNOWN STEP	2026-01-15T08:25:19.0205477Z (Reading database ... 45%
job-core	UNKNOWN STEP	2026-01-15T08:25:19.0206827Z (Reading database ... 50%
job-core	UNKNOWN STEP	2026-01-15T08:25:19.0208665Z (Reading database ... 55%
job-core	UNKNOWN STEP	2026-01-15T08:25:19.0209638Z (Reading database ... 60%
job-core	UNKNOWN STEP	2026-01-15T08:25:19.0210061Z (Reading database ... 65%
job-core	UNKNOWN STEP	2026-01-15T08:25:19.0210389Z (Reading database ... 70%
job-core	UNKNOWN STEP	2026-01-15T08:25:19.0211057Z (Reading database ... 75%
job-core	UNKNOWN STEP	2026-01-15T08:25:19.0243425Z (Reading database ... 80%
job-core	UNKNOWN STEP	2026-01-15T08:25:19.0243989Z (Reading database ... 85%
job-core	UNKNOWN STEP	2026-01-15T08:25:19.0244794Z (Reading database ... 90%
job-core	UNKNOWN STEP	2026-01-15T08:25:19.0468959Z (Reading database ... 95%
job-core	UNKNOWN STEP	2026-01-15T08:25:19.0469557Z (Reading database ... 100%
job-core	UNKNOWN STEP	2026-01-15T08:25:19.0469925Z (Reading database ... 14385 files and directories currently installed.)
job-core	UNKNOWN STEP	2026-01-15T08:25:19.0534750Z Preparing to unpack .../archives/gh_2.85.0_amd64.deb ...
job-core	UNKNOWN STEP	2026-01-15T08:25:19.0765142Z Unpacking gh (2.85.0) ...
job-core	UNKNOWN STEP	2026-01-15T08:25:19.7448804Z Setting up gh (2.85.0) ...
job-core	UNKNOWN STEP	2026-01-15T08:25:19.9151096Z ##[group]Run actions/setup-node@v4
job-core	UNKNOWN STEP	2026-01-15T08:25:19.9151396Z with:
job-core	UNKNOWN STEP	2026-01-15T08:25:19.9151585Z   node-version: 20
job-core	UNKNOWN STEP	2026-01-15T08:25:19.9222563Z   always-auth: false
job-core	UNKNOWN STEP	2026-01-15T08:25:19.9223120Z   check-latest: false
job-core	UNKNOWN STEP	2026-01-15T08:25:19.9223637Z   token: ***
job-core	UNKNOWN STEP	2026-01-15T08:25:19.9223845Z env:
job-core	UNKNOWN STEP	2026-01-15T08:25:19.9224039Z   KAOS_MODULE: [Ka0S] MDLINT
job-core	UNKNOWN STEP	2026-01-15T08:25:19.9224394Z   GH_TOKEN: ***
job-core	UNKNOWN STEP	2026-01-15T08:25:19.9224588Z   FILE_ERROR: 
job-core	UNKNOWN STEP	2026-01-15T08:25:19.9224820Z   KAOS_MD_CONFIG: core/config/.markdownlint.json
job-core	UNKNOWN STEP	2026-01-15T08:25:19.9225143Z   KAOS_PATH_RESUME: audit/mdlint/
job-core	UNKNOWN STEP	2026-01-15T08:25:19.9225435Z   KAOS_REPO: /actions-runner/_work/kaos/kaos
job-core	UNKNOWN STEP	2026-01-15T08:25:19.9226208Z   KAOS_STEP_MODULE: 
job-core	UNKNOWN STEP	2026-01-15T08:25:19.9226425Z   KAOS_CODE: 21024545451
job-core	UNKNOWN STEP	2026-01-15T08:25:19.9226643Z ##[endgroup]
job-core	UNKNOWN STEP	2026-01-15T08:25:21.0254486Z Attempting to download 20...
job-core	UNKNOWN STEP	2026-01-15T08:25:22.6513931Z Acquiring 20.20.0 - x64 from https://github.com/actions/node-versions/releases/download/20.20.0-20981710805/node-20.20.0-linux-x64.tar.gz
job-core	UNKNOWN STEP	2026-01-15T08:25:24.6152645Z Extracting ...
job-core	UNKNOWN STEP	2026-01-15T08:25:24.6514053Z [command]/usr/bin/tar xz --strip 1 --warning=no-unknown-keyword --overwrite -C /home/runner/_work/_temp/7ed738fb-aa6a-4bec-891b-8159eaf6b92b -f /home/runner/_work/_temp/50376b1e-cf55-480a-810c-852fd441caa9
job-core	UNKNOWN STEP	2026-01-15T08:25:28.9756702Z Adding to the cache ...
job-core	UNKNOWN STEP	2026-01-15T08:25:43.4654082Z ##[group]Environment details
job-core	UNKNOWN STEP	2026-01-15T08:25:44.0953940Z node: v20.20.0
job-core	UNKNOWN STEP	2026-01-15T08:25:44.0985436Z npm: 10.8.2
job-core	UNKNOWN STEP	2026-01-15T08:25:44.1015383Z yarn: 
job-core	UNKNOWN STEP	2026-01-15T08:25:44.1100397Z ##[endgroup]
job-core	UNKNOWN STEP	2026-01-15T08:25:44.2085924Z ##[group]Run npm install -g markdownlint-cli2
job-core	UNKNOWN STEP	2026-01-15T08:25:44.2086372Z [36;1mnpm install -g markdownlint-cli2[0m
job-core	UNKNOWN STEP	2026-01-15T08:25:44.2202603Z shell: /usr/bin/bash -e {0}
job-core	UNKNOWN STEP	2026-01-15T08:25:44.2202951Z env:
job-core	UNKNOWN STEP	2026-01-15T08:25:44.2203207Z   KAOS_MODULE: [Ka0S] MDLINT
job-core	UNKNOWN STEP	2026-01-15T08:25:44.2204045Z   GH_TOKEN: ***
job-core	UNKNOWN STEP	2026-01-15T08:25:44.2204577Z   FILE_ERROR: 
job-core	UNKNOWN STEP	2026-01-15T08:25:44.2204866Z   KAOS_MD_CONFIG: core/config/.markdownlint.json
job-core	UNKNOWN STEP	2026-01-15T08:25:44.2205291Z   KAOS_PATH_RESUME: audit/mdlint/
job-core	UNKNOWN STEP	2026-01-15T08:25:44.2205667Z   KAOS_REPO: /actions-runner/_work/kaos/kaos
job-core	UNKNOWN STEP	2026-01-15T08:25:44.2206020Z   KAOS_STEP_MODULE: 
job-core	UNKNOWN STEP	2026-01-15T08:25:44.2206317Z   KAOS_CODE: 21024545451
job-core	UNKNOWN STEP	2026-01-15T08:25:44.2206614Z ##[endgroup]
job-core	UNKNOWN STEP	2026-01-15T08:26:03.6223739Z 
job-core	UNKNOWN STEP	2026-01-15T08:26:03.6229946Z added 84 packages in 19s
job-core	UNKNOWN STEP	2026-01-15T08:26:03.6230792Z 
job-core	UNKNOWN STEP	2026-01-15T08:26:03.6233364Z 52 packages are looking for funding
job-core	UNKNOWN STEP	2026-01-15T08:26:03.6234039Z   run `npm fund` for details
job-core	UNKNOWN STEP	2026-01-15T08:26:03.7327948Z ##[group]Run # Realizamos el check del documento md 
job-core	UNKNOWN STEP	2026-01-15T08:26:03.7328430Z [36;1m# Realizamos el check del documento md [0m
job-core	UNKNOWN STEP	2026-01-15T08:26:03.7328845Z [36;1m    # Run markdownlint with the specified files and ignore rules[0m
job-core	UNKNOWN STEP	2026-01-15T08:26:03.7329558Z [36;1m    markdownlint-cli2 INDEX_VERSION.md --config core/config/.markdownlint.json > audit/mdlint/21024545451.txt 2>&1 || true[0m
job-core	UNKNOWN STEP	2026-01-15T08:26:03.7330186Z [36;1m    # Check if exist errors in file[0m
job-core	UNKNOWN STEP	2026-01-15T08:26:03.7330559Z [36;1m    # Abre el fichero en modo lectura y lee todas las lÃ­neas[0m
job-core	UNKNOWN STEP	2026-01-15T08:26:03.7330959Z [36;1m    lines=$(cat audit/mdlint/21024545451.txt)[0m
job-core	UNKNOWN STEP	2026-01-15T08:26:03.7331305Z [36;1m    # Inicializa la variable summary_value[0m
job-core	UNKNOWN STEP	2026-01-15T08:26:03.7331619Z [36;1m    summary_value=""[0m
job-core	UNKNOWN STEP	2026-01-15T08:26:03.7332033Z [36;1m    # Busca la lÃ­nea que contiene "Summary:"[0m
job-core	UNKNOWN STEP	2026-01-15T08:26:03.7332364Z [36;1m    while IFS= read -r line; do[0m
job-core	UNKNOWN STEP	2026-01-15T08:26:03.7332724Z [36;1m        if [[ "$line" == *"Summary:"* ]]; then[0m
job-core	UNKNOWN STEP	2026-01-15T08:26:03.7333093Z [36;1m            # Extrae el nÃºmero despuÃ©s de "Summary:"[0m
job-core	UNKNOWN STEP	2026-01-15T08:26:03.7333601Z [36;1m            summary_value=$(echo "$line" | awk -F'Summary: ' '{print $2}' | awk '{print $1}')[0m
job-core	UNKNOWN STEP	2026-01-15T08:26:03.7334048Z [36;1m            break[0m
job-core	UNKNOWN STEP	2026-01-15T08:26:03.7334276Z [36;1m        fi[0m
job-core	UNKNOWN STEP	2026-01-15T08:26:03.7334492Z [36;1m    done <<< "$lines"[0m
job-core	UNKNOWN STEP	2026-01-15T08:26:03.7334755Z [36;1m    # Comprueba si el valor es cero[0m
job-core	UNKNOWN STEP	2026-01-15T08:26:03.7335072Z [36;1m    if [ "$summary_value" == "0" ]; then[0m
job-core	UNKNOWN STEP	2026-01-15T08:26:03.7335537Z [36;1m      echo "File audit/mdlint/21024545451.txt is empty and $file is content correct"[0m
job-core	UNKNOWN STEP	2026-01-15T08:26:03.7336446Z [36;1m      KAOS_ISSUE_BODY="The [Ka0S] MDLINT process (21024521148) launch the check (21024545451) over file (INDEX_VERSION.md) and its result has been SUCCESS. Please MERGE"[0m
job-core	UNKNOWN STEP	2026-01-15T08:26:03.7337256Z [36;1m      gh issue comment 2438 -b "$KAOS_ISSUE_BODY"[0m
job-core	UNKNOWN STEP	2026-01-15T08:26:03.7337573Z [36;1m      [0m
job-core	UNKNOWN STEP	2026-01-15T08:26:03.7337770Z [36;1m    else[0m
job-core	UNKNOWN STEP	2026-01-15T08:26:03.7338509Z [36;1m      echo "File audit/mdlint/21024545451.txt is not empty and $file is content not correct and write commit info"[0m
job-core	UNKNOWN STEP	2026-01-15T08:26:03.7339561Z [36;1m      KAOS_ISSUE_BODY="The [Ka0S] MDLINT process (21024521148) launch the check (21024545451) over file (INDEX_VERSION.md) and its result has been FAILED, please check and solved it"[0m
job-core	UNKNOWN STEP	2026-01-15T08:26:03.7340410Z [36;1m      gh issue comment 2438 -b "$KAOS_ISSUE_BODY"[0m
job-core	UNKNOWN STEP	2026-01-15T08:26:03.7340720Z [36;1m      [0m
job-core	UNKNOWN STEP	2026-01-15T08:26:03.7340919Z [36;1m    fi[0m
job-core	UNKNOWN STEP	2026-01-15T08:26:03.7341187Z [36;1m    echo "Uploading files to the repository..."[0m
job-core	UNKNOWN STEP	2026-01-15T08:26:03.7475425Z [36;1m    git config --global user.name "***"[0m
job-core	UNKNOWN STEP	2026-01-15T08:26:03.7478254Z [36;1m    git config --global user.email "***"[0m
job-core	UNKNOWN STEP	2026-01-15T08:26:03.7479056Z [36;1m    git pull origin refs/heads/F2438-arreglo-de-despliegue-itop --rebase --autostash[0m
job-core	UNKNOWN STEP	2026-01-15T08:26:03.7479548Z [36;1m    git add audit/mdlint/*[0m
job-core	UNKNOWN STEP	2026-01-15T08:26:03.7479876Z [36;1m    if ! git diff --staged --quiet; then[0m
job-core	UNKNOWN STEP	2026-01-15T08:26:03.7480312Z [36;1m      git commit -m "[Ka0S] Uploading mdlint resume execution files..."[0m
job-core	UNKNOWN STEP	2026-01-15T08:26:03.7480734Z [36;1m      for i in {1..3}; do[0m
job-core	UNKNOWN STEP	2026-01-15T08:26:03.7481357Z [36;1m        git pull --rebase && git push origin refs/heads/F2438-arreglo-de-despliegue-itop --force-with-lease && break[0m
job-core	UNKNOWN STEP	2026-01-15T08:26:03.7482279Z [36;1m        sleep $((RANDOM % 10))[0m
job-core	UNKNOWN STEP	2026-01-15T08:26:03.7482550Z [36;1m      done[0m
job-core	UNKNOWN STEP	2026-01-15T08:26:03.7482759Z [36;1m    fi[0m
job-core	UNKNOWN STEP	2026-01-15T08:26:03.7497158Z shell: /usr/bin/bash -e {0}
job-core	UNKNOWN STEP	2026-01-15T08:26:03.7497482Z env:
job-core	UNKNOWN STEP	2026-01-15T08:26:03.7497697Z   KAOS_MODULE: [Ka0S] MDLINT
job-core	UNKNOWN STEP	2026-01-15T08:26:03.7498474Z   GH_TOKEN: ***
job-core	UNKNOWN STEP	2026-01-15T08:26:03.7498702Z   FILE_ERROR: 
job-core	UNKNOWN STEP	2026-01-15T08:26:03.7498972Z   KAOS_MD_CONFIG: core/config/.markdownlint.json
job-core	UNKNOWN STEP	2026-01-15T08:26:03.7500077Z   KAOS_PATH_RESUME: audit/mdlint/
job-core	UNKNOWN STEP	2026-01-15T08:26:03.7500494Z   KAOS_REPO: /actions-runner/_work/kaos/kaos
job-core	UNKNOWN STEP	2026-01-15T08:26:03.7500863Z   KAOS_STEP_MODULE: 
job-core	UNKNOWN STEP	2026-01-15T08:26:03.7501129Z   KAOS_CODE: 21024545451
job-core	UNKNOWN STEP	2026-01-15T08:26:03.7501380Z ##[endgroup]
job-core	UNKNOWN STEP	2026-01-15T08:26:08.0495754Z File audit/mdlint/21024545451.txt is not empty and  is content not correct and write commit info
job-core	UNKNOWN STEP	2026-01-15T08:26:09.8734233Z https://github.com/Ka0s-Klaus/ka0s/issues/2438#issuecomment-3753505720
job-core	UNKNOWN STEP	2026-01-15T08:26:09.8930993Z Uploading files to the repository...
job-core	UNKNOWN STEP	2026-01-15T08:26:10.8267307Z From https://github.com/Ka0s-Klaus/ka0s
job-core	UNKNOWN STEP	2026-01-15T08:26:10.8268365Z  * branch                F2438-arreglo-de-despliegue-itop -> FETCH_HEAD
job-core	UNKNOWN STEP	2026-01-15T08:26:10.8525962Z Already up to date.
job-core	UNKNOWN STEP	2026-01-15T08:26:11.3582922Z [F2438-arreglo-de-despliegue-itop 1328f7e58] [Ka0S] Uploading mdlint resume execution files...
job-core	UNKNOWN STEP	2026-01-15T08:26:11.3583528Z  1 file changed, 5 insertions(+)
job-core	UNKNOWN STEP	2026-01-15T08:26:11.3583873Z  create mode 100644 audit/mdlint/21024545451.txt
job-core	UNKNOWN STEP	2026-01-15T08:26:12.1292643Z Current branch F2438-arreglo-de-despliegue-itop is up to date.
job-core	UNKNOWN STEP	2026-01-15T08:26:13.3933618Z To https://github.com/Ka0s-Klaus/ka0s
job-core	UNKNOWN STEP	2026-01-15T08:26:13.3938851Z    cce70c011..1328f7e58  F2438-arreglo-de-despliegue-itop -> F2438-arreglo-de-despliegue-itop
job-core	UNKNOWN STEP	2026-01-15T08:26:13.4358866Z Post job cleanup.
job-core	UNKNOWN STEP	2026-01-15T08:26:15.7922367Z Post job cleanup.
job-core	UNKNOWN STEP	2026-01-15T08:26:17.1542121Z [command]/usr/bin/git version
job-core	UNKNOWN STEP	2026-01-15T08:26:17.1769807Z git version 2.52.0
job-core	UNKNOWN STEP	2026-01-15T08:26:17.2154453Z Copying '/home/runner/.gitconfig' to '/home/runner/_work/_temp/720ebb0d-4c57-4fe9-a655-c31e1b7e49c4/.gitconfig'
job-core	UNKNOWN STEP	2026-01-15T08:26:17.2166070Z Temporarily overriding HOME='/home/runner/_work/_temp/720ebb0d-4c57-4fe9-a655-c31e1b7e49c4' before making global git config changes
job-core	UNKNOWN STEP	2026-01-15T08:26:17.2168323Z Adding repository directory to the temporary git global config as a safe directory
job-core	UNKNOWN STEP	2026-01-15T08:26:17.2170451Z [command]/usr/bin/git config --global --add safe.directory /home/runner/_work/ka0s/ka0s
job-core	UNKNOWN STEP	2026-01-15T08:26:17.2708143Z [command]/usr/bin/git config --local --name-only --get-regexp core\.sshCommand
job-core	UNKNOWN STEP	2026-01-15T08:26:17.2877882Z [command]/usr/bin/git submodule foreach --recursive sh -c "git config --local --name-only --get-regexp 'core\.sshCommand' && git config --local --unset-all 'core.sshCommand' || :"
job-core	UNKNOWN STEP	2026-01-15T08:26:17.7338616Z [command]/usr/bin/git config --local --name-only --get-regexp http\.https\:\/\/github\.com\/\.extraheader
job-core	UNKNOWN STEP	2026-01-15T08:26:17.7396994Z http.https://github.com/.extraheader
job-core	UNKNOWN STEP	2026-01-15T08:26:17.7458882Z [command]/usr/bin/git config --local --unset-all http.https://github.com/.extraheader
job-core	UNKNOWN STEP	2026-01-15T08:26:17.7559477Z [command]/usr/bin/git submodule foreach --recursive sh -c "git config --local --name-only --get-regexp 'http\.https\:\/\/github\.com\/\.extraheader' && git config --local --unset-all 'http.https://github.com/.extraheader' || :"
job-core	UNKNOWN STEP	2026-01-15T08:26:18.0660660Z [command]/usr/bin/git config --local --name-only --get-regexp ^includeIf\.gitdir:
job-core	UNKNOWN STEP	2026-01-15T08:26:18.1079841Z [command]/usr/bin/git submodule foreach --recursive git config --local --show-origin --name-only --get-regexp remote.origin.url
job-core	UNKNOWN STEP	2026-01-15T08:26:18.5448390Z Cleaning up orphan processes
handle-success	UNKNOWN STEP	ï»¿2026-01-15T08:26:59.1278901Z Current runner version: '2.331.0'
handle-success	UNKNOWN STEP	2026-01-15T08:26:59.2047118Z Runner name: 'swarm-runners-scaleset-hkss5-runner-7zlfp'
handle-success	UNKNOWN STEP	2026-01-15T08:26:59.2048123Z Runner group name: 'Default'
handle-success	UNKNOWN STEP	2026-01-15T08:26:59.2049204Z Machine name: 'swarm-runners-scaleset-hkss5-runner-7zlfp'
handle-success	UNKNOWN STEP	2026-01-15T08:26:59.2664105Z ##[group]GITHUB_TOKEN Permissions
handle-success	UNKNOWN STEP	2026-01-15T08:26:59.2667528Z Actions: write
handle-success	UNKNOWN STEP	2026-01-15T08:26:59.2668094Z Contents: write
handle-success	UNKNOWN STEP	2026-01-15T08:26:59.2668584Z Issues: write
handle-success	UNKNOWN STEP	2026-01-15T08:26:59.2669050Z Metadata: read
handle-success	UNKNOWN STEP	2026-01-15T08:26:59.2669537Z PullRequests: write
handle-success	UNKNOWN STEP	2026-01-15T08:26:59.2670022Z ##[endgroup]
handle-success	UNKNOWN STEP	2026-01-15T08:26:59.2673458Z Secret source: Actions
handle-success	UNKNOWN STEP	2026-01-15T08:26:59.2674405Z Prepare workflow directory
handle-success	UNKNOWN STEP	2026-01-15T08:27:01.9663884Z Prepare all required actions
handle-success	UNKNOWN STEP	2026-01-15T08:27:02.0301234Z Getting action download info
handle-success	UNKNOWN STEP	2026-01-15T08:27:04.7508813Z Download action repository 'actions/checkout@v4' (SHA:34e114876b0b11c390a56381ad16ebd13914f8d5)
handle-success	UNKNOWN STEP	2026-01-15T08:27:08.2249947Z Complete job name: handle-success
handle-success	UNKNOWN STEP	2026-01-15T08:27:09.4184636Z ##[group]Run actions/checkout@v4
handle-success	UNKNOWN STEP	2026-01-15T08:27:09.4185788Z with:
handle-success	UNKNOWN STEP	2026-01-15T08:27:09.4186558Z   fetch-depth: 0
handle-success	UNKNOWN STEP	2026-01-15T08:27:09.4187199Z   repository: Ka0s-Klaus/ka0s
handle-success	UNKNOWN STEP	2026-01-15T08:27:09.4188187Z   token: ***
handle-success	UNKNOWN STEP	2026-01-15T08:27:09.4188895Z   ssh-strict: true
handle-success	UNKNOWN STEP	2026-01-15T08:27:09.4189495Z   ssh-user: git
handle-success	UNKNOWN STEP	2026-01-15T08:27:09.4190052Z   persist-credentials: true
handle-success	UNKNOWN STEP	2026-01-15T08:27:09.4190779Z   clean: true
handle-success	UNKNOWN STEP	2026-01-15T08:27:09.4191347Z   sparse-checkout-cone-mode: true
handle-success	UNKNOWN STEP	2026-01-15T08:27:09.4192161Z   fetch-tags: false
handle-success	UNKNOWN STEP	2026-01-15T08:27:09.4490043Z   show-progress: true
handle-success	UNKNOWN STEP	2026-01-15T08:27:09.4490733Z   lfs: false
handle-success	UNKNOWN STEP	2026-01-15T08:27:09.4491459Z   submodules: false
handle-success	UNKNOWN STEP	2026-01-15T08:27:09.4492233Z   set-safe-directory: true
handle-success	UNKNOWN STEP	2026-01-15T08:27:09.4493671Z env:
handle-success	UNKNOWN STEP	2026-01-15T08:27:09.4494326Z   KAOS_MODULE: [Ka0S] MDLINT
handle-success	UNKNOWN STEP	2026-01-15T08:27:09.4495322Z   GH_TOKEN: ***
handle-success	UNKNOWN STEP	2026-01-15T08:27:09.4495942Z   FILE_ERROR: 
handle-success	UNKNOWN STEP	2026-01-15T08:27:09.4496635Z   KAOS_MD_CONFIG: core/config/.markdownlint.json
handle-success	UNKNOWN STEP	2026-01-15T08:27:09.4497580Z   KAOS_PATH_RESUME: audit/mdlint/
handle-success	UNKNOWN STEP	2026-01-15T08:27:09.5284307Z   KAOS_REPO: /actions-runner/_work/kaos/kaos
handle-success	UNKNOWN STEP	2026-01-15T08:27:09.5285144Z   KAOS_STEP_MODULE: 
handle-success	UNKNOWN STEP	2026-01-15T08:27:09.5285811Z   KAOS_CODE: 21024545451
handle-success	UNKNOWN STEP	2026-01-15T08:27:09.5286484Z ##[endgroup]
handle-success	UNKNOWN STEP	2026-01-15T08:27:12.1577246Z Syncing repository: Ka0s-Klaus/ka0s
handle-success	UNKNOWN STEP	2026-01-15T08:27:12.1579489Z ##[group]Getting Git version info
handle-success	UNKNOWN STEP	2026-01-15T08:27:12.2136459Z Working directory is '/home/runner/_work/ka0s/ka0s'
handle-success	UNKNOWN STEP	2026-01-15T08:27:12.2138005Z [command]/usr/bin/git version
handle-success	UNKNOWN STEP	2026-01-15T08:27:12.2138569Z git version 2.52.0
handle-success	UNKNOWN STEP	2026-01-15T08:27:12.2140452Z ##[endgroup]
handle-success	UNKNOWN STEP	2026-01-15T08:27:12.2146214Z Temporarily overriding HOME='/home/runner/_work/_temp/39414396-2213-48b6-a1a8-5b4154c64ed9' before making global git config changes
handle-success	UNKNOWN STEP	2026-01-15T08:27:12.2147817Z Adding repository directory to the temporary git global config as a safe directory
handle-success	UNKNOWN STEP	2026-01-15T08:27:12.2149112Z [command]/usr/bin/git config --global --add safe.directory /home/runner/_work/ka0s/ka0s
handle-success	UNKNOWN STEP	2026-01-15T08:27:12.2151000Z Deleting the contents of '/home/runner/_work/ka0s/ka0s'
handle-success	UNKNOWN STEP	2026-01-15T08:27:12.2705528Z ##[group]Initializing the repository
handle-success	UNKNOWN STEP	2026-01-15T08:27:12.2706632Z [command]/usr/bin/git init /home/runner/_work/ka0s/ka0s
handle-success	UNKNOWN STEP	2026-01-15T08:27:12.3976009Z hint: Using 'master' as the name for the initial branch. This default branch name
handle-success	UNKNOWN STEP	2026-01-15T08:27:12.3981202Z hint: will change to "main" in Git 3.0. To configure the initial branch name
handle-success	UNKNOWN STEP	2026-01-15T08:27:12.3982869Z hint: to use in all of your new repositories, which will suppress this warning,
handle-success	UNKNOWN STEP	2026-01-15T08:27:12.3986773Z hint: call:
handle-success	UNKNOWN STEP	2026-01-15T08:27:12.3987537Z hint:
handle-success	UNKNOWN STEP	2026-01-15T08:27:12.3988336Z hint: 	git config --global init.defaultBranch <name>
handle-success	UNKNOWN STEP	2026-01-15T08:27:12.3989434Z hint:
handle-success	UNKNOWN STEP	2026-01-15T08:27:12.3990339Z hint: Names commonly chosen instead of 'master' are 'main', 'trunk' and
handle-success	UNKNOWN STEP	2026-01-15T08:27:12.3992611Z hint: 'development'. The just-created branch can be renamed via this command:
handle-success	UNKNOWN STEP	2026-01-15T08:27:12.3993743Z hint:
handle-success	UNKNOWN STEP	2026-01-15T08:27:12.3994464Z hint: 	git branch -m <name>
handle-success	UNKNOWN STEP	2026-01-15T08:27:12.3996892Z hint:
handle-success	UNKNOWN STEP	2026-01-15T08:27:12.4001826Z hint: Disable this message with "git config set advice.defaultBranchName false"
handle-success	UNKNOWN STEP	2026-01-15T08:27:12.4458879Z Initialized empty Git repository in /home/runner/_work/ka0s/ka0s/.git/
handle-success	UNKNOWN STEP	2026-01-15T08:27:12.4460941Z [command]/usr/bin/git remote add origin https://github.com/Ka0s-Klaus/ka0s
handle-success	UNKNOWN STEP	2026-01-15T08:27:12.4767885Z ##[endgroup]
handle-success	UNKNOWN STEP	2026-01-15T08:27:12.4817240Z ##[group]Disabling automatic garbage collection
handle-success	UNKNOWN STEP	2026-01-15T08:27:12.4983457Z [command]/usr/bin/git config --local gc.auto 0
handle-success	UNKNOWN STEP	2026-01-15T08:27:12.6032068Z ##[endgroup]
handle-success	UNKNOWN STEP	2026-01-15T08:27:12.6033472Z ##[group]Setting up auth
handle-success	UNKNOWN STEP	2026-01-15T08:27:12.6034743Z [command]/usr/bin/git config --local --name-only --get-regexp core\.sshCommand
handle-success	UNKNOWN STEP	2026-01-15T08:27:12.6911463Z [command]/usr/bin/git submodule foreach --recursive sh -c "git config --local --name-only --get-regexp 'core\.sshCommand' && git config --local --unset-all 'core.sshCommand' || :"
handle-success	UNKNOWN STEP	2026-01-15T08:27:13.7716873Z [command]/usr/bin/git config --local --name-only --get-regexp http\.https\:\/\/github\.com\/\.extraheader
handle-success	UNKNOWN STEP	2026-01-15T08:27:13.8042937Z [command]/usr/bin/git submodule foreach --recursive sh -c "git config --local --name-only --get-regexp 'http\.https\:\/\/github\.com\/\.extraheader' && git config --local --unset-all 'http.https://github.com/.extraheader' || :"
handle-success	UNKNOWN STEP	2026-01-15T08:27:14.2625977Z [command]/usr/bin/git config --local --name-only --get-regexp ^includeIf\.gitdir:
handle-success	UNKNOWN STEP	2026-01-15T08:27:14.3662241Z [command]/usr/bin/git submodule foreach --recursive git config --local --show-origin --name-only --get-regexp remote.origin.url
handle-success	UNKNOWN STEP	2026-01-15T08:27:14.9103882Z [command]/usr/bin/git config --local http.https://github.com/.extraheader AUTHORIZATION: basic ***
handle-success	UNKNOWN STEP	2026-01-15T08:27:15.0053979Z ##[endgroup]
handle-success	UNKNOWN STEP	2026-01-15T08:27:15.0087304Z ##[group]Fetching the repository
handle-success	UNKNOWN STEP	2026-01-15T08:27:15.0624273Z [command]/usr/bin/git -c protocol.version=2 fetch --prune --no-recurse-submodules origin +refs/heads/*:refs/remotes/origin/* +refs/tags/*:refs/tags/*
handle-success	UNKNOWN STEP	2026-01-15T08:33:32.2168502Z From https://github.com/Ka0s-Klaus/ka0s
handle-success	UNKNOWN STEP	2026-01-15T08:33:32.2169869Z  * [new branch]          F1149-desarrollo-de-orchestrator -> origin/F1149-desarrollo-de-orchestrator
handle-success	UNKNOWN STEP	2026-01-15T08:33:32.2171131Z  * [new branch]          F1183-personalizaciÃ³n-mÃ³dulo-finops -> origin/F1183-personalizaciÃ³n-mÃ³dulo-finops
handle-success	UNKNOWN STEP	2026-01-15T08:33:32.2171962Z  * [new branch]          F1224-new-module-mongodb -> origin/F1224-new-module-mongodb
handle-success	UNKNOWN STEP	2026-01-15T08:33:32.2172539Z  * [new branch]          F220-web-de-resultados  -> origin/F220-web-de-resultados
handle-success	UNKNOWN STEP	2026-01-15T08:33:32.2173376Z  * [new branch]          F227-despliegue-de-kube-independiente-del-clouder -> origin/F227-despliegue-de-kube-independiente-del-clouder
handle-success	UNKNOWN STEP	2026-01-15T08:33:32.2174325Z  * [new branch]          F2438-arreglo-de-despliegue-itop -> origin/F2438-arreglo-de-despliegue-itop
handle-success	UNKNOWN STEP	2026-01-15T08:33:32.2175139Z  * [new branch]          F329-documentacion-metodologia-de-kaos -> origin/F329-documentacion-metodologia-de-kaos
handle-success	UNKNOWN STEP	2026-01-15T08:33:32.2176023Z  * [new branch]          F44-creaciÃ³n-mÃ³dulo-versionado -> origin/F44-creaciÃ³n-mÃ³dulo-versionado
handle-success	UNKNOWN STEP	2026-01-15T08:33:32.2176825Z  * [new branch]          H1128-mÃ³dulo-de-observabilidad -> origin/H1128-mÃ³dulo-de-observabilidad
handle-success	UNKNOWN STEP	2026-01-15T08:33:32.2177535Z  * [new branch]          H1139-como-instalar-arc-control -> origin/H1139-como-instalar-arc-control
handle-success	UNKNOWN STEP	2026-01-15T08:33:32.2178290Z  * [new branch]          H1149-desarrollo-de-orchestrator -> origin/H1149-desarrollo-de-orchestrator
handle-success	UNKNOWN STEP	2026-01-15T08:33:32.2178989Z  * [new branch]          H1150-desarrollo-de-secciones -> origin/H1150-desarrollo-de-secciones
handle-success	UNKNOWN STEP	2026-01-15T08:33:32.2179709Z  * [new branch]          H1151-desarrollo-de-secciones-ii -> origin/H1151-desarrollo-de-secciones-ii
handle-success	UNKNOWN STEP	2026-01-15T08:33:32.2180448Z  * [new branch]          H1152-desarrollo-inicio -> origin/H1152-desarrollo-inicio
handle-success	UNKNOWN STEP	2026-01-15T08:33:32.2181268Z  * [new branch]          H1183-personalizaciÃ³n-mÃ³dulo-finops -> origin/H1183-personalizaciÃ³n-mÃ³dulo-finops
handle-success	UNKNOWN STEP	2026-01-15T08:33:32.2182128Z  * [new branch]          H1193-ejemplo-web-documentacion -> origin/H1193-ejemplo-web-documentacion
handle-success	UNKNOWN STEP	2026-01-15T08:33:32.2183102Z  * [new branch]          H1205-web-creation      -> origin/H1205-web-creation
handle-success	UNKNOWN STEP	2026-01-15T08:33:32.2183629Z  * [new branch]          H1224-new-module-mongodb -> origin/H1224-new-module-mongodb
handle-success	UNKNOWN STEP	2026-01-15T08:33:32.2184211Z  * [new branch]          H1410-modulo-execution  -> origin/H1410-modulo-execution
handle-success	UNKNOWN STEP	2026-01-15T08:33:32.2185215Z  * [new branch]          H1514-new-swarm-deployment-stack-with-actions-runners-autoscale -> origin/H1514-new-swarm-deployment-stack-with-actions-runners-autoscale
handle-success	UNKNOWN STEP	2026-01-15T08:33:32.2186640Z  * [new branch]          H1968-modulo-personalizaciÃ³n-del-portal-de-kaos-core -> origin/H1968-modulo-personalizaciÃ³n-del-portal-de-kaos-core
handle-success	UNKNOWN STEP	2026-01-15T08:33:32.2187466Z  * [new branch]          H215-modulo-de-summary  -> origin/H215-modulo-de-summary
handle-success	UNKNOWN STEP	2026-01-15T08:33:32.2188025Z  * [new branch]          H220-web-de-resultados  -> origin/H220-web-de-resultados
handle-success	UNKNOWN STEP	2026-01-15T08:33:32.2189066Z  * [new branch]          H227-despliegue-de-kube-independiente-del-clouder -> origin/H227-despliegue-de-kube-independiente-del-clouder
handle-success	UNKNOWN STEP	2026-01-15T08:33:32.2189903Z  * [new branch]          H2436-modulo-de-mongo   -> origin/H2436-modulo-de-mongo
handle-success	UNKNOWN STEP	2026-01-15T08:33:32.2190535Z  * [new branch]          H2438-arreglo-de-despliegue-itop -> origin/H2438-arreglo-de-despliegue-itop
handle-success	UNKNOWN STEP	2026-01-15T08:33:32.2191411Z  * [new branch]          H2443-nuevo-modulo-de-pruebas-sobre-kubernetes -> origin/H2443-nuevo-modulo-de-pruebas-sobre-kubernetes
handle-success	UNKNOWN STEP	2026-01-15T08:33:32.2918342Z  * [new branch]          H306-ficheros-de-estadisticas -> origin/H306-ficheros-de-estadisticas
handle-success	UNKNOWN STEP	2026-01-15T08:33:32.2919324Z  * [new branch]          H328-documentacion-modulo-principal-de-kaos -> origin/H328-documentacion-modulo-principal-de-kaos
handle-success	UNKNOWN STEP	2026-01-15T08:33:32.2920299Z  * [new branch]          H329-documentacion-metodologia-de-kaos -> origin/H329-documentacion-metodologia-de-kaos
handle-success	UNKNOWN STEP	2026-01-15T08:33:32.2921254Z  * [new branch]          H338-relanzador-de-jobs-en-caso-de-pattern -> origin/H338-relanzador-de-jobs-en-caso-de-pattern
handle-success	UNKNOWN STEP	2026-01-15T08:33:32.2922284Z  * [new branch]          H38-documentacion-basica-del-proyecto -> origin/H38-documentacion-basica-del-proyecto
handle-success	UNKNOWN STEP	2026-01-15T08:33:32.2923342Z  * [new branch]          H44-creaciÃ³n-mÃ³dulo-versionado -> origin/H44-creaciÃ³n-mÃ³dulo-versionado
handle-success	UNKNOWN STEP	2026-01-15T08:33:32.2924135Z  * [new branch]          RN1149-desarrollo-de-orchestrator -> origin/RN1149-desarrollo-de-orchestrator
handle-success	UNKNOWN STEP	2026-01-15T08:33:32.2925004Z  * [new branch]          RN1183-personalizaciÃ³n-mÃ³dulo-finops -> origin/RN1183-personalizaciÃ³n-mÃ³dulo-finops
handle-success	UNKNOWN STEP	2026-01-15T08:33:32.2926087Z  * [new branch]          RN1282-ka0s-error-detected-in-ka0s-workflow-statistics-summary -> origin/RN1282-ka0s-error-detected-in-ka0s-workflow-statistics-summary
handle-success	UNKNOWN STEP	2026-01-15T08:33:32.2927050Z  * [new branch]          RN220-web-de-resultados -> origin/RN220-web-de-resultados
handle-success	UNKNOWN STEP	2026-01-15T08:33:32.2927906Z  * [new branch]          RN227-despliegue-de-kube-independiente-del-clouder -> origin/RN227-despliegue-de-kube-independiente-del-clouder
handle-success	UNKNOWN STEP	2026-01-15T08:33:32.2928872Z  * [new branch]          RN2438-arreglo-de-despliegue-itop -> origin/RN2438-arreglo-de-despliegue-itop
handle-success	UNKNOWN STEP	2026-01-15T08:33:32.2929697Z  * [new branch]          RN329-documentacion-metodologia-de-kaos -> origin/RN329-documentacion-metodologia-de-kaos
handle-success	UNKNOWN STEP	2026-01-15T08:33:32.2930350Z  * [new branch]          main                    -> origin/main
handle-success	UNKNOWN STEP	2026-01-15T08:33:32.2930740Z  * [new tag]             0.0.0                   -> 0.0.0
handle-success	UNKNOWN STEP	2026-01-15T08:33:32.2931108Z  * [new tag]             0.0.1                   -> 0.0.1
handle-success	UNKNOWN STEP	2026-01-15T08:33:32.2931476Z  * [new tag]             0.0.10                  -> 0.0.10
handle-success	UNKNOWN STEP	2026-01-15T08:33:32.2931919Z  * [new tag]             0.0.100                 -> 0.0.100
handle-success	UNKNOWN STEP	2026-01-15T08:33:32.2932284Z  * [new tag]             0.0.101                 -> 0.0.101
handle-success	UNKNOWN STEP	2026-01-15T08:33:32.2932657Z  * [new tag]             0.0.102                 -> 0.0.102
handle-success	UNKNOWN STEP	2026-01-15T08:33:32.2933052Z  * [new tag]             0.0.103                 -> 0.0.103
handle-success	UNKNOWN STEP	2026-01-15T08:33:32.2933711Z  * [new tag]             0.0.104                 -> 0.0.104
handle-success	UNKNOWN STEP	2026-01-15T08:33:32.2934081Z  * [new tag]             0.0.105                 -> 0.0.105
handle-success	UNKNOWN STEP	2026-01-15T08:33:32.2934445Z  * [new tag]             0.0.106                 -> 0.0.106
handle-success	UNKNOWN STEP	2026-01-15T08:33:32.2934817Z  * [new tag]             0.0.107                 -> 0.0.107
handle-success	UNKNOWN STEP	2026-01-15T08:33:32.2935203Z  * [new tag]             0.0.108                 -> 0.0.108
handle-success	UNKNOWN STEP	2026-01-15T08:33:32.2935596Z  * [new tag]             0.0.109                 -> 0.0.109
handle-success	UNKNOWN STEP	2026-01-15T08:33:32.2935998Z  * [new tag]             0.0.11                  -> 0.0.11
handle-success	UNKNOWN STEP	2026-01-15T08:33:32.2936399Z  * [new tag]             0.0.110                 -> 0.0.110
handle-success	UNKNOWN STEP	2026-01-15T08:33:32.2936780Z  * [new tag]             0.0.111                 -> 0.0.111
handle-success	UNKNOWN STEP	2026-01-15T08:33:32.2937194Z  * [new tag]             0.0.112                 -> 0.0.112
handle-success	UNKNOWN STEP	2026-01-15T08:33:32.2937589Z  * [new tag]             0.0.113                 -> 0.0.113
handle-success	UNKNOWN STEP	2026-01-15T08:33:32.2938184Z  * [new tag]             0.0.114                 -> 0.0.114
handle-success	UNKNOWN STEP	2026-01-15T08:33:32.2938593Z  * [new tag]             0.0.115                 -> 0.0.115
handle-success	UNKNOWN STEP	2026-01-15T08:33:32.2938982Z  * [new tag]             0.0.116                 -> 0.0.116
handle-success	UNKNOWN STEP	2026-01-15T08:33:32.2939383Z  * [new tag]             0.0.117                 -> 0.0.117
handle-success	UNKNOWN STEP	2026-01-15T08:33:32.2939793Z  * [new tag]             0.0.118                 -> 0.0.118
handle-success	UNKNOWN STEP	2026-01-15T08:33:32.2940190Z  * [new tag]             0.0.119                 -> 0.0.119
handle-success	UNKNOWN STEP	2026-01-15T08:33:32.2940561Z  * [new tag]             0.0.12                  -> 0.0.12
handle-success	UNKNOWN STEP	2026-01-15T08:33:32.2940933Z  * [new tag]             0.0.120                 -> 0.0.120
handle-success	UNKNOWN STEP	2026-01-15T08:33:32.2941298Z  * [new tag]             0.0.121                 -> 0.0.121
handle-success	UNKNOWN STEP	2026-01-15T08:33:32.2941668Z  * [new tag]             0.0.122                 -> 0.0.122
handle-success	UNKNOWN STEP	2026-01-15T08:33:32.3131345Z  * [new tag]             0.0.123                 -> 0.0.123
handle-success	UNKNOWN STEP	2026-01-15T08:33:32.3131884Z  * [new tag]             0.0.124                 -> 0.0.124
handle-success	UNKNOWN STEP	2026-01-15T08:33:32.3132287Z  * [new tag]             0.0.125                 -> 0.0.125
handle-success	UNKNOWN STEP	2026-01-15T08:33:32.3132663Z  * [new tag]             0.0.126                 -> 0.0.126
handle-success	UNKNOWN STEP	2026-01-15T08:33:32.3133033Z  * [new tag]             0.0.127                 -> 0.0.127
handle-success	UNKNOWN STEP	2026-01-15T08:33:32.3133413Z  * [new tag]             0.0.128                 -> 0.0.128
handle-success	UNKNOWN STEP	2026-01-15T08:33:32.3133785Z  * [new tag]             0.0.129                 -> 0.0.129
handle-success	UNKNOWN STEP	2026-01-15T08:33:32.3134159Z  * [new tag]             0.0.13                  -> 0.0.13
handle-success	UNKNOWN STEP	2026-01-15T08:33:32.3134550Z  * [new tag]             0.0.130                 -> 0.0.130
handle-success	UNKNOWN STEP	2026-01-15T08:33:32.3134922Z  * [new tag]             0.0.131                 -> 0.0.131
handle-success	UNKNOWN STEP	2026-01-15T08:33:32.3135297Z  * [new tag]             0.0.132                 -> 0.0.132
handle-success	UNKNOWN STEP	2026-01-15T08:33:32.3135676Z  * [new tag]             0.0.133                 -> 0.0.133
handle-success	UNKNOWN STEP	2026-01-15T08:33:32.3136048Z  * [new tag]             0.0.134                 -> 0.0.134
handle-success	UNKNOWN STEP	2026-01-15T08:33:32.3136435Z  * [new tag]             0.0.135                 -> 0.0.135
handle-success	UNKNOWN STEP	2026-01-15T08:33:32.3136816Z  * [new tag]             0.0.136                 -> 0.0.136
handle-success	UNKNOWN STEP	2026-01-15T08:33:32.3137200Z  * [new tag]             0.0.137                 -> 0.0.137
handle-success	UNKNOWN STEP	2026-01-15T08:33:32.3137579Z  * [new tag]             0.0.138                 -> 0.0.138
handle-success	UNKNOWN STEP	2026-01-15T08:33:32.3137952Z  * [new tag]             0.0.139                 -> 0.0.139
handle-success	UNKNOWN STEP	2026-01-15T08:33:32.3138339Z  * [new tag]             0.0.14                  -> 0.0.14
handle-success	UNKNOWN STEP	2026-01-15T08:33:32.3138739Z  * [new tag]             0.0.140                 -> 0.0.140
handle-success	UNKNOWN STEP	2026-01-15T08:33:32.3139120Z  * [new tag]             0.0.141                 -> 0.0.141
handle-success	UNKNOWN STEP	2026-01-15T08:33:32.3139540Z  * [new tag]             0.0.142                 -> 0.0.142
handle-success	UNKNOWN STEP	2026-01-15T08:33:32.5652386Z  * [new tag]             0.0.143                 -> 0.0.143
handle-success	UNKNOWN STEP	2026-01-15T08:33:32.5653085Z  * [new tag]             0.0.144                 -> 0.0.144
handle-success	UNKNOWN STEP	2026-01-15T08:33:32.5653510Z  * [new tag]             0.0.145                 -> 0.0.145
handle-success	UNKNOWN STEP	2026-01-15T08:33:32.5654211Z  * [new tag]             0.0.146                 -> 0.0.146
handle-success	UNKNOWN STEP	2026-01-15T08:33:32.5654604Z  * [new tag]             0.0.147                 -> 0.0.147
handle-success	UNKNOWN STEP	2026-01-15T08:33:32.5655014Z  * [new tag]             0.0.148                 -> 0.0.148
handle-success	UNKNOWN STEP	2026-01-15T08:33:32.5655386Z  * [new tag]             0.0.149                 -> 0.0.149
handle-success	UNKNOWN STEP	2026-01-15T08:33:32.5655761Z  * [new tag]             0.0.15                  -> 0.0.15
handle-success	UNKNOWN STEP	2026-01-15T08:33:32.5656137Z  * [new tag]             0.0.150                 -> 0.0.150
handle-success	UNKNOWN STEP	2026-01-15T08:33:32.5656509Z  * [new tag]             0.0.151                 -> 0.0.151
handle-success	UNKNOWN STEP	2026-01-15T08:33:32.5656874Z  * [new tag]             0.0.152                 -> 0.0.152
handle-success	UNKNOWN STEP	2026-01-15T08:33:32.5657244Z  * [new tag]             0.0.153                 -> 0.0.153
handle-success	UNKNOWN STEP	2026-01-15T08:33:32.5657613Z  * [new tag]             0.0.154                 -> 0.0.154
handle-success	UNKNOWN STEP	2026-01-15T08:33:32.5657990Z  * [new tag]             0.0.155                 -> 0.0.155
handle-success	UNKNOWN STEP	2026-01-15T08:33:32.5658583Z  * [new tag]             0.0.156                 -> 0.0.156
handle-success	UNKNOWN STEP	2026-01-15T08:33:32.5658987Z  * [new tag]             0.0.157                 -> 0.0.157
handle-success	UNKNOWN STEP	2026-01-15T08:33:32.5659355Z  * [new tag]             0.0.158                 -> 0.0.158
handle-success	UNKNOWN STEP	2026-01-15T08:33:32.5659720Z  * [new tag]             0.0.159                 -> 0.0.159
handle-success	UNKNOWN STEP	2026-01-15T08:33:32.5660096Z  * [new tag]             0.0.16                  -> 0.0.16
handle-success	UNKNOWN STEP	2026-01-15T08:33:32.5660470Z  * [new tag]             0.0.160                 -> 0.0.160
handle-success	UNKNOWN STEP	2026-01-15T08:33:32.5660851Z  * [new tag]             0.0.161                 -> 0.0.161
handle-success	UNKNOWN STEP	2026-01-15T08:33:32.5661219Z  * [new tag]             0.0.162                 -> 0.0.162
handle-success	UNKNOWN STEP	2026-01-15T08:33:32.5661591Z  * [new tag]             0.0.163                 -> 0.0.163
handle-success	UNKNOWN STEP	2026-01-15T08:33:32.8360729Z  * [new tag]             0.0.164                 -> 0.0.164
handle-success	UNKNOWN STEP	2026-01-15T08:33:32.8361168Z  * [new tag]             0.0.165                 -> 0.0.165
handle-success	UNKNOWN STEP	2026-01-15T08:33:32.8361572Z  * [new tag]             0.0.166                 -> 0.0.166
handle-success	UNKNOWN STEP	2026-01-15T08:33:32.8367139Z  * [new tag]             0.0.167                 -> 0.0.167
handle-success	UNKNOWN STEP	2026-01-15T08:33:32.8367537Z  * [new tag]             0.0.168                 -> 0.0.168
handle-success	UNKNOWN STEP	2026-01-15T08:33:32.8367918Z  * [new tag]             0.0.169                 -> 0.0.169
handle-success	UNKNOWN STEP	2026-01-15T08:33:32.8368286Z  * [new tag]             0.0.17                  -> 0.0.17
handle-success	UNKNOWN STEP	2026-01-15T08:33:32.8919624Z  * [new tag]             0.0.170                 -> 0.0.170
handle-success	UNKNOWN STEP	2026-01-15T08:33:32.8920308Z  * [new tag]             0.0.171                 -> 0.0.171
handle-success	UNKNOWN STEP	2026-01-15T08:33:32.8920696Z  * [new tag]             0.0.172                 -> 0.0.172
handle-success	UNKNOWN STEP	2026-01-15T08:33:32.8921063Z  * [new tag]             0.0.173                 -> 0.0.173
handle-success	UNKNOWN STEP	2026-01-15T08:33:32.8921439Z  * [new tag]             0.0.174                 -> 0.0.174
handle-success	UNKNOWN STEP	2026-01-15T08:33:33.0115280Z  * [new tag]             0.0.175                 -> 0.0.175
handle-success	UNKNOWN STEP	2026-01-15T08:33:33.0115784Z  * [new tag]             0.0.176                 -> 0.0.176
handle-success	UNKNOWN STEP	2026-01-15T08:33:33.0116176Z  * [new tag]             0.0.177                 -> 0.0.177
handle-success	UNKNOWN STEP	2026-01-15T08:33:33.0116555Z  * [new tag]             0.0.178                 -> 0.0.178
handle-success	UNKNOWN STEP	2026-01-15T08:33:33.0116934Z  * [new tag]             0.0.179                 -> 0.0.179
handle-success	UNKNOWN STEP	2026-01-15T08:33:33.0117297Z  * [new tag]             0.0.18                  -> 0.0.18
handle-success	UNKNOWN STEP	2026-01-15T08:33:33.0117654Z  * [new tag]             0.0.19                  -> 0.0.19
handle-success	UNKNOWN STEP	2026-01-15T08:33:33.0185175Z  * [new tag]             0.0.2                   -> 0.0.2
handle-success	UNKNOWN STEP	2026-01-15T08:33:33.0185914Z  * [new tag]             0.0.20                  -> 0.0.20
handle-success	UNKNOWN STEP	2026-01-15T08:33:33.0186289Z  * [new tag]             0.0.21                  -> 0.0.21
handle-success	UNKNOWN STEP	2026-01-15T08:33:33.0186647Z  * [new tag]             0.0.22                  -> 0.0.22
handle-success	UNKNOWN STEP	2026-01-15T08:33:33.0187007Z  * [new tag]             0.0.23                  -> 0.0.23
handle-success	UNKNOWN STEP	2026-01-15T08:33:33.0187366Z  * [new tag]             0.0.24                  -> 0.0.24
handle-success	UNKNOWN STEP	2026-01-15T08:33:33.0187743Z  * [new tag]             0.0.25                  -> 0.0.25
handle-success	UNKNOWN STEP	2026-01-15T08:33:33.0188362Z  * [new tag]             0.0.26                  -> 0.0.26
handle-success	UNKNOWN STEP	2026-01-15T08:33:33.0188711Z  * [new tag]             0.0.27                  -> 0.0.27
handle-success	UNKNOWN STEP	2026-01-15T08:33:33.0189087Z  * [new tag]             0.0.28                  -> 0.0.28
handle-success	UNKNOWN STEP	2026-01-15T08:33:33.0189471Z  * [new tag]             0.0.29                  -> 0.0.29
handle-success	UNKNOWN STEP	2026-01-15T08:33:33.0189850Z  * [new tag]             0.0.3                   -> 0.0.3
handle-success	UNKNOWN STEP	2026-01-15T08:33:33.0190240Z  * [new tag]             0.0.30                  -> 0.0.30
handle-success	UNKNOWN STEP	2026-01-15T08:33:33.0190601Z  * [new tag]             0.0.31                  -> 0.0.31
handle-success	UNKNOWN STEP	2026-01-15T08:33:33.0190949Z  * [new tag]             0.0.32                  -> 0.0.32
handle-success	UNKNOWN STEP	2026-01-15T08:33:33.0191304Z  * [new tag]             0.0.33                  -> 0.0.33
handle-success	UNKNOWN STEP	2026-01-15T08:33:33.0191657Z  * [new tag]             0.0.34                  -> 0.0.34
handle-success	UNKNOWN STEP	2026-01-15T08:33:33.0192136Z  * [new tag]             0.0.35                  -> 0.0.35
handle-success	UNKNOWN STEP	2026-01-15T08:33:33.0192661Z  * [new tag]             0.0.36                  -> 0.0.36
handle-success	UNKNOWN STEP	2026-01-15T08:33:33.0193045Z  * [new tag]             0.0.37                  -> 0.0.37
handle-success	UNKNOWN STEP	2026-01-15T08:33:33.0193402Z  * [new tag]             0.0.38                  -> 0.0.38
handle-success	UNKNOWN STEP	2026-01-15T08:33:33.0193758Z  * [new tag]             0.0.39                  -> 0.0.39
handle-success	UNKNOWN STEP	2026-01-15T08:33:33.0194109Z  * [new tag]             0.0.4                   -> 0.0.4
handle-success	UNKNOWN STEP	2026-01-15T08:33:33.0194461Z  * [new tag]             0.0.40                  -> 0.0.40
handle-success	UNKNOWN STEP	2026-01-15T08:33:33.0194817Z  * [new tag]             0.0.41                  -> 0.0.41
handle-success	UNKNOWN STEP	2026-01-15T08:33:33.0195171Z  * [new tag]             0.0.42                  -> 0.0.42
handle-success	UNKNOWN STEP	2026-01-15T08:33:33.0195535Z  * [new tag]             0.0.43                  -> 0.0.43
handle-success	UNKNOWN STEP	2026-01-15T08:33:33.0195890Z  * [new tag]             0.0.44                  -> 0.0.44
handle-success	UNKNOWN STEP	2026-01-15T08:33:33.0196237Z  * [new tag]             0.0.45                  -> 0.0.45
handle-success	UNKNOWN STEP	2026-01-15T08:33:33.0196595Z  * [new tag]             0.0.46                  -> 0.0.46
handle-success	UNKNOWN STEP	2026-01-15T08:33:33.0196956Z  * [new tag]             0.0.47                  -> 0.0.47
handle-success	UNKNOWN STEP	2026-01-15T08:33:33.0197315Z  * [new tag]             0.0.48                  -> 0.0.48
handle-success	UNKNOWN STEP	2026-01-15T08:33:33.0197673Z  * [new tag]             0.0.49                  -> 0.0.49
handle-success	UNKNOWN STEP	2026-01-15T08:33:33.0198029Z  * [new tag]             0.0.5                   -> 0.0.5
handle-success	UNKNOWN STEP	2026-01-15T08:33:33.0198382Z  * [new tag]             0.0.50                  -> 0.0.50
handle-success	UNKNOWN STEP	2026-01-15T08:33:33.0198744Z  * [new tag]             0.0.51                  -> 0.0.51
handle-success	UNKNOWN STEP	2026-01-15T08:33:33.0199099Z  * [new tag]             0.0.52                  -> 0.0.52
handle-success	UNKNOWN STEP	2026-01-15T08:33:33.0199449Z  * [new tag]             0.0.53                  -> 0.0.53
handle-success	UNKNOWN STEP	2026-01-15T08:33:33.0199952Z  * [new tag]             0.0.54                  -> 0.0.54
handle-success	UNKNOWN STEP	2026-01-15T08:33:33.0200315Z  * [new tag]             0.0.55                  -> 0.0.55
handle-success	UNKNOWN STEP	2026-01-15T08:33:33.0200668Z  * [new tag]             0.0.56                  -> 0.0.56
handle-success	UNKNOWN STEP	2026-01-15T08:33:33.0201037Z  * [new tag]             0.0.57                  -> 0.0.57
handle-success	UNKNOWN STEP	2026-01-15T08:33:33.0201401Z  * [new tag]             0.0.58                  -> 0.0.58
handle-success	UNKNOWN STEP	2026-01-15T08:33:33.1075520Z  * [new tag]             0.0.59                  -> 0.0.59
handle-success	UNKNOWN STEP	2026-01-15T08:33:33.1076198Z  * [new tag]             0.0.6                   -> 0.0.6
handle-success	UNKNOWN STEP	2026-01-15T08:33:33.1076573Z  * [new tag]             0.0.60                  -> 0.0.60
handle-success	UNKNOWN STEP	2026-01-15T08:33:33.1076944Z  * [new tag]             0.0.61                  -> 0.0.61
handle-success	UNKNOWN STEP	2026-01-15T08:33:33.1077311Z  * [new tag]             0.0.62                  -> 0.0.62
handle-success	UNKNOWN STEP	2026-01-15T08:33:33.1077670Z  * [new tag]             0.0.63                  -> 0.0.63
handle-success	UNKNOWN STEP	2026-01-15T08:33:33.1078034Z  * [new tag]             0.0.64                  -> 0.0.64
handle-success	UNKNOWN STEP	2026-01-15T08:33:33.1078396Z  * [new tag]             0.0.65                  -> 0.0.65
handle-success	UNKNOWN STEP	2026-01-15T08:33:33.1078752Z  * [new tag]             0.0.66                  -> 0.0.66
handle-success	UNKNOWN STEP	2026-01-15T08:33:33.1079117Z  * [new tag]             0.0.67                  -> 0.0.67
handle-success	UNKNOWN STEP	2026-01-15T08:33:33.1079507Z  * [new tag]             0.0.68                  -> 0.0.68
handle-success	UNKNOWN STEP	2026-01-15T08:33:33.1253386Z  * [new tag]             0.0.69                  -> 0.0.69
handle-success	UNKNOWN STEP	2026-01-15T08:33:33.1253955Z  * [new tag]             0.0.7                   -> 0.0.7
handle-success	UNKNOWN STEP	2026-01-15T08:33:33.1254327Z  * [new tag]             0.0.70                  -> 0.0.70
handle-success	UNKNOWN STEP	2026-01-15T08:33:33.1254726Z  * [new tag]             0.0.71                  -> 0.0.71
handle-success	UNKNOWN STEP	2026-01-15T08:33:33.1255090Z  * [new tag]             0.0.72                  -> 0.0.72
handle-success	UNKNOWN STEP	2026-01-15T08:33:33.1255452Z  * [new tag]             0.0.73                  -> 0.0.73
handle-success	UNKNOWN STEP	2026-01-15T08:33:33.1255814Z  * [new tag]             0.0.74                  -> 0.0.74
handle-success	UNKNOWN STEP	2026-01-15T08:33:33.1256166Z  * [new tag]             0.0.75                  -> 0.0.75
handle-success	UNKNOWN STEP	2026-01-15T08:33:33.1256516Z  * [new tag]             0.0.76                  -> 0.0.76
handle-success	UNKNOWN STEP	2026-01-15T08:33:33.1256873Z  * [new tag]             0.0.77                  -> 0.0.77
handle-success	UNKNOWN STEP	2026-01-15T08:33:33.1257230Z  * [new tag]             0.0.78                  -> 0.0.78
handle-success	UNKNOWN STEP	2026-01-15T08:33:33.3985348Z  * [new tag]             0.0.79                  -> 0.0.79
handle-success	UNKNOWN STEP	2026-01-15T08:33:33.3986264Z  * [new tag]             0.0.8                   -> 0.0.8
handle-success	UNKNOWN STEP	2026-01-15T08:33:33.3986640Z  * [new tag]             0.0.80                  -> 0.0.80
handle-success	UNKNOWN STEP	2026-01-15T08:33:33.3987008Z  * [new tag]             0.0.81                  -> 0.0.81
handle-success	UNKNOWN STEP	2026-01-15T08:33:33.3987369Z  * [new tag]             0.0.82                  -> 0.0.82
handle-success	UNKNOWN STEP	2026-01-15T08:33:33.3987724Z  * [new tag]             0.0.83                  -> 0.0.83
handle-success	UNKNOWN STEP	2026-01-15T08:33:33.3988296Z  * [new tag]             0.0.84                  -> 0.0.84
handle-success	UNKNOWN STEP	2026-01-15T08:33:33.3988658Z  * [new tag]             0.0.85                  -> 0.0.85
handle-success	UNKNOWN STEP	2026-01-15T08:33:33.3989005Z  * [new tag]             0.0.86                  -> 0.0.86
handle-success	UNKNOWN STEP	2026-01-15T08:33:33.3989359Z  * [new tag]             0.0.87                  -> 0.0.87
handle-success	UNKNOWN STEP	2026-01-15T08:33:33.3989710Z  * [new tag]             0.0.88                  -> 0.0.88
handle-success	UNKNOWN STEP	2026-01-15T08:33:33.3990071Z  * [new tag]             0.0.89                  -> 0.0.89
handle-success	UNKNOWN STEP	2026-01-15T08:33:33.3990437Z  * [new tag]             0.0.9                   -> 0.0.9
handle-success	UNKNOWN STEP	2026-01-15T08:33:33.3990789Z  * [new tag]             0.0.90                  -> 0.0.90
handle-success	UNKNOWN STEP	2026-01-15T08:33:33.3991148Z  * [new tag]             0.0.91                  -> 0.0.91
handle-success	UNKNOWN STEP	2026-01-15T08:33:33.3991502Z  * [new tag]             0.0.92                  -> 0.0.92
handle-success	UNKNOWN STEP	2026-01-15T08:33:33.3991934Z  * [new tag]             0.0.93                  -> 0.0.93
handle-success	UNKNOWN STEP	2026-01-15T08:33:33.3992295Z  * [new tag]             0.0.94                  -> 0.0.94
handle-success	UNKNOWN STEP	2026-01-15T08:33:33.3992655Z  * [new tag]             0.0.95                  -> 0.0.95
handle-success	UNKNOWN STEP	2026-01-15T08:33:33.3993010Z  * [new tag]             0.0.96                  -> 0.0.96
handle-success	UNKNOWN STEP	2026-01-15T08:33:33.3993385Z  * [new tag]             0.0.97                  -> 0.0.97
handle-success	UNKNOWN STEP	2026-01-15T08:33:33.3993777Z  * [new tag]             0.0.98                  -> 0.0.98
handle-success	UNKNOWN STEP	2026-01-15T08:33:33.3994151Z  * [new tag]             0.0.99                  -> 0.0.99
handle-success	UNKNOWN STEP	2026-01-15T08:33:33.3994522Z  * [new tag]             0.1.0                   -> 0.1.0
handle-success	UNKNOWN STEP	2026-01-15T08:33:33.3994881Z  * [new tag]             0.1.1                   -> 0.1.1
handle-success	UNKNOWN STEP	2026-01-15T08:33:33.3995239Z  * [new tag]             0.2.0                   -> 0.2.0
handle-success	UNKNOWN STEP	2026-01-15T08:33:33.3995599Z  * [new tag]             0.3.0                   -> 0.3.0
handle-success	UNKNOWN STEP	2026-01-15T08:33:33.3995950Z  * [new tag]             0.3.1                   -> 0.3.1
handle-success	UNKNOWN STEP	2026-01-15T08:33:33.4532891Z  * [new tag]             0.3.10                  -> 0.3.10
handle-success	UNKNOWN STEP	2026-01-15T08:33:33.4533333Z  * [new tag]             0.3.11                  -> 0.3.11
handle-success	UNKNOWN STEP	2026-01-15T08:33:33.4533708Z  * [new tag]             0.3.12                  -> 0.3.12
handle-success	UNKNOWN STEP	2026-01-15T08:33:33.4534080Z  * [new tag]             0.3.13                  -> 0.3.13
handle-success	UNKNOWN STEP	2026-01-15T08:33:33.4534440Z  * [new tag]             0.3.14                  -> 0.3.14
handle-success	UNKNOWN STEP	2026-01-15T08:33:33.4534819Z  * [new tag]             0.3.15                  -> 0.3.15
handle-success	UNKNOWN STEP	2026-01-15T08:33:33.4535227Z  * [new tag]             0.3.16                  -> 0.3.16
handle-success	UNKNOWN STEP	2026-01-15T08:33:33.4535673Z  * [new tag]             0.3.17                  -> 0.3.17
handle-success	UNKNOWN STEP	2026-01-15T08:33:33.4536448Z  * [new tag]             0.3.2                   -> 0.3.2
handle-success	UNKNOWN STEP	2026-01-15T08:33:33.4536805Z  * [new tag]             0.3.3                   -> 0.3.3
handle-success	UNKNOWN STEP	2026-01-15T08:33:33.4537154Z  * [new tag]             0.3.4                   -> 0.3.4
handle-success	UNKNOWN STEP	2026-01-15T08:33:33.4537509Z  * [new tag]             0.3.5                   -> 0.3.5
handle-success	UNKNOWN STEP	2026-01-15T08:33:33.6557389Z  * [new tag]             0.3.6                   -> 0.3.6
handle-success	UNKNOWN STEP	2026-01-15T08:33:33.6557819Z  * [new tag]             0.3.7                   -> 0.3.7
handle-success	UNKNOWN STEP	2026-01-15T08:33:33.6558199Z  * [new tag]             0.3.8                   -> 0.3.8
handle-success	UNKNOWN STEP	2026-01-15T08:33:33.6558561Z  * [new tag]             0.3.9                   -> 0.3.9
handle-success	UNKNOWN STEP	2026-01-15T08:33:33.6558926Z  * [new tag]             0.4.0                   -> 0.4.0
handle-success	UNKNOWN STEP	2026-01-15T08:33:33.6559287Z  * [new tag]             0.4.1                   -> 0.4.1
handle-success	UNKNOWN STEP	2026-01-15T08:33:33.6559898Z  * [new tag]             0.4.10                  -> 0.4.10
handle-success	UNKNOWN STEP	2026-01-15T08:33:33.6560307Z  * [new tag]             0.4.2                   -> 0.4.2
handle-success	UNKNOWN STEP	2026-01-15T08:33:33.6560659Z  * [new tag]             0.4.3                   -> 0.4.3
handle-success	UNKNOWN STEP	2026-01-15T08:33:33.6561107Z  * [new tag]             0.4.4                   -> 0.4.4
handle-success	UNKNOWN STEP	2026-01-15T08:33:33.6561471Z  * [new tag]             0.4.5                   -> 0.4.5
handle-success	UNKNOWN STEP	2026-01-15T08:33:33.6561984Z  * [new tag]             0.4.6                   -> 0.4.6
handle-success	UNKNOWN STEP	2026-01-15T08:33:33.6562365Z  * [new tag]             0.4.7                   -> 0.4.7
handle-success	UNKNOWN STEP	2026-01-15T08:33:33.6562754Z  * [new tag]             0.4.8                   -> 0.4.8
handle-success	UNKNOWN STEP	2026-01-15T08:33:33.6563127Z  * [new tag]             0.4.9                   -> 0.4.9
handle-success	UNKNOWN STEP	2026-01-15T08:33:35.7870697Z [command]/usr/bin/git branch --list --remote origin/F2438-arreglo-de-despliegue-itop
handle-success	UNKNOWN STEP	2026-01-15T08:33:36.0394077Z   origin/F2438-arreglo-de-despliegue-itop
handle-success	UNKNOWN STEP	2026-01-15T08:33:36.1317383Z [command]/usr/bin/git rev-parse refs/remotes/origin/F2438-arreglo-de-despliegue-itop
handle-success	UNKNOWN STEP	2026-01-15T08:33:36.3722925Z ec860bb2c713b55e23fb9ab5af22822b8fcb58a5
handle-success	UNKNOWN STEP	2026-01-15T08:33:36.5427394Z [command]/usr/bin/git -c protocol.version=2 fetch --no-tags --prune --no-recurse-submodules origin +cce70c01115655333bf182ddf934673b368e9f91:refs/remotes/origin/F2438-arreglo-de-despliegue-itop
handle-success	UNKNOWN STEP	2026-01-15T08:33:37.0882099Z From https://github.com/Ka0s-Klaus/ka0s
handle-success	UNKNOWN STEP	2026-01-15T08:33:37.0886921Z  + ec860bb2c...cce70c011 cce70c01115655333bf182ddf934673b368e9f91 -> origin/F2438-arreglo-de-despliegue-itop  (forced update)
handle-success	UNKNOWN STEP	2026-01-15T08:33:37.1976122Z ##[endgroup]
handle-success	UNKNOWN STEP	2026-01-15T08:33:37.1995714Z ##[group]Determining the checkout info
handle-success	UNKNOWN STEP	2026-01-15T08:33:37.2024941Z ##[endgroup]
handle-success	UNKNOWN STEP	2026-01-15T08:33:37.2050546Z [command]/usr/bin/git sparse-checkout disable
handle-success	UNKNOWN STEP	2026-01-15T08:33:37.4429677Z [command]/usr/bin/git config --local --unset-all extensions.worktreeConfig
handle-success	UNKNOWN STEP	2026-01-15T08:33:37.6141844Z ##[group]Checking out the ref
handle-success	UNKNOWN STEP	2026-01-15T08:33:37.6457084Z [command]/usr/bin/git checkout --progress --force -B F2438-arreglo-de-despliegue-itop refs/remotes/origin/F2438-arreglo-de-despliegue-itop
handle-success	UNKNOWN STEP	2026-01-15T08:33:39.1784362Z Updating files:   3% (39/1219)
handle-success	UNKNOWN STEP	2026-01-15T08:33:39.2889948Z Updating files:   4% (49/1219)
handle-success	UNKNOWN STEP	2026-01-15T08:33:39.5987270Z Updating files:   5% (61/1219)
handle-success	UNKNOWN STEP	2026-01-15T08:33:39.5988584Z Updating files:   6% (74/1219)
handle-success	UNKNOWN STEP	2026-01-15T08:33:39.5990168Z Updating files:   7% (86/1219)
handle-success	UNKNOWN STEP	2026-01-15T08:33:39.5992146Z Updating files:   8% (98/1219)
handle-success	UNKNOWN STEP	2026-01-15T08:33:39.7387545Z Updating files:   9% (110/1219)
handle-success	UNKNOWN STEP	2026-01-15T08:33:40.0702917Z Updating files:  10% (122/1219)
handle-success	UNKNOWN STEP	2026-01-15T08:33:40.2165786Z Updating files:  10% (123/1219)
handle-success	UNKNOWN STEP	2026-01-15T08:33:40.3399126Z Updating files:  11% (135/1219)
handle-success	UNKNOWN STEP	2026-01-15T08:33:40.6924251Z Updating files:  12% (147/1219)
handle-success	UNKNOWN STEP	2026-01-15T08:33:41.0708800Z Updating files:  13% (159/1219)
handle-success	UNKNOWN STEP	2026-01-15T08:33:41.3617715Z Updating files:  13% (161/1219)
handle-success	UNKNOWN STEP	2026-01-15T08:33:41.4139276Z Updating files:  14% (171/1219)
handle-success	UNKNOWN STEP	2026-01-15T08:33:42.0807354Z Updating files:  15% (183/1219)
handle-success	UNKNOWN STEP	2026-01-15T08:33:42.1442975Z Updating files:  15% (191/1219)
handle-success	UNKNOWN STEP	2026-01-15T08:33:42.3315203Z Updating files:  16% (196/1219)
handle-success	UNKNOWN STEP	2026-01-15T08:33:42.3867445Z Updating files:  17% (208/1219)
handle-success	UNKNOWN STEP	2026-01-15T08:33:42.6077460Z Updating files:  18% (220/1219)
handle-success	UNKNOWN STEP	2026-01-15T08:33:42.6914027Z Updating files:  19% (232/1219)
handle-success	UNKNOWN STEP	2026-01-15T08:33:43.0286110Z Updating files:  20% (244/1219)
handle-success	UNKNOWN STEP	2026-01-15T08:33:43.0412836Z Updating files:  20% (250/1219)
handle-success	UNKNOWN STEP	2026-01-15T08:33:43.5923780Z Updating files:  21% (256/1219)
handle-success	UNKNOWN STEP	2026-01-15T08:33:43.7639734Z Updating files:  22% (269/1219)
handle-success	UNKNOWN STEP	2026-01-15T08:33:44.0512652Z Updating files:  23% (281/1219)
handle-success	UNKNOWN STEP	2026-01-15T08:33:44.2245342Z Updating files:  23% (289/1219)
handle-success	UNKNOWN STEP	2026-01-15T08:33:44.4532728Z Updating files:  24% (293/1219)
handle-success	UNKNOWN STEP	2026-01-15T08:33:44.5648784Z Updating files:  25% (305/1219)
handle-success	UNKNOWN STEP	2026-01-15T08:33:44.7385234Z Updating files:  26% (317/1219)
handle-success	UNKNOWN STEP	2026-01-15T08:33:44.8756169Z Updating files:  27% (330/1219)
handle-success	UNKNOWN STEP	2026-01-15T08:33:44.9559307Z Updating files:  28% (342/1219)
handle-success	UNKNOWN STEP	2026-01-15T08:33:45.1283134Z Updating files:  28% (347/1219)
handle-success	UNKNOWN STEP	2026-01-15T08:33:45.4114168Z Updating files:  29% (354/1219)
handle-success	UNKNOWN STEP	2026-01-15T08:33:45.5133897Z Updating files:  30% (366/1219)
handle-success	UNKNOWN STEP	2026-01-15T08:33:45.5949332Z Updating files:  31% (378/1219)
handle-success	UNKNOWN STEP	2026-01-15T08:33:45.8010661Z Updating files:  32% (391/1219)
handle-success	UNKNOWN STEP	2026-01-15T08:33:45.8013602Z Updating files:  33% (403/1219)
handle-success	UNKNOWN STEP	2026-01-15T08:33:45.9033023Z Updating files:  34% (415/1219)
handle-success	UNKNOWN STEP	2026-01-15T08:33:45.9311697Z Updating files:  34% (424/1219)
handle-success	UNKNOWN STEP	2026-01-15T08:33:46.2007965Z Updating files:  35% (427/1219)
handle-success	UNKNOWN STEP	2026-01-15T08:33:46.2606870Z Updating files:  36% (439/1219)
handle-success	UNKNOWN STEP	2026-01-15T08:33:46.4053464Z Updating files:  37% (452/1219)
handle-success	UNKNOWN STEP	2026-01-15T08:33:46.5106328Z Updating files:  38% (464/1219)
handle-success	UNKNOWN STEP	2026-01-15T08:33:46.5812181Z Updating files:  39% (476/1219)
handle-success	UNKNOWN STEP	2026-01-15T08:33:46.5995767Z Updating files:  40% (488/1219)
handle-success	UNKNOWN STEP	2026-01-15T08:33:46.6102806Z Updating files:  41% (500/1219)
handle-success	UNKNOWN STEP	2026-01-15T08:33:46.6257373Z Updating files:  42% (512/1219)
handle-success	UNKNOWN STEP	2026-01-15T08:33:46.6343723Z Updating files:  43% (525/1219)
handle-success	UNKNOWN STEP	2026-01-15T08:33:46.6699362Z Updating files:  44% (537/1219)
handle-success	UNKNOWN STEP	2026-01-15T08:33:46.6903863Z Updating files:  45% (549/1219)
handle-success	UNKNOWN STEP	2026-01-15T08:33:46.7449244Z Updating files:  46% (561/1219)
handle-success	UNKNOWN STEP	2026-01-15T08:33:46.7573462Z Updating files:  47% (573/1219)
handle-success	UNKNOWN STEP	2026-01-15T08:33:46.7963214Z Updating files:  48% (586/1219)
handle-success	UNKNOWN STEP	2026-01-15T08:33:46.9343037Z Updating files:  49% (598/1219)
handle-success	UNKNOWN STEP	2026-01-15T08:33:46.9945114Z Updating files:  50% (610/1219)
handle-success	UNKNOWN STEP	2026-01-15T08:33:47.0242851Z Updating files:  50% (618/1219)
handle-success	UNKNOWN STEP	2026-01-15T08:33:47.1776692Z Updating files:  51% (622/1219)
handle-success	UNKNOWN STEP	2026-01-15T08:33:48.1952875Z Updating files:  52% (634/1219)
handle-success	UNKNOWN STEP	2026-01-15T08:33:48.9998191Z Updating files:  52% (641/1219)
handle-success	UNKNOWN STEP	2026-01-15T08:33:49.8214605Z Updating files:  52% (642/1219)
handle-success	UNKNOWN STEP	2026-01-15T08:33:49.8430880Z Updating files:  53% (647/1219)
handle-success	UNKNOWN STEP	2026-01-15T08:33:49.9050293Z Updating files:  54% (659/1219)
handle-success	UNKNOWN STEP	2026-01-15T08:33:49.9263172Z Updating files:  55% (671/1219)
handle-success	UNKNOWN STEP	2026-01-15T08:33:50.0457986Z Updating files:  55% (681/1219)
handle-success	UNKNOWN STEP	2026-01-15T08:33:50.0506554Z Updating files:  56% (683/1219)
handle-success	UNKNOWN STEP	2026-01-15T08:33:50.2085373Z Updating files:  57% (695/1219)
handle-success	UNKNOWN STEP	2026-01-15T08:33:50.2125800Z Updating files:  58% (708/1219)
handle-success	UNKNOWN STEP	2026-01-15T08:33:50.3214761Z Updating files:  59% (720/1219)
handle-success	UNKNOWN STEP	2026-01-15T08:33:50.3349515Z Updating files:  60% (732/1219)
handle-success	UNKNOWN STEP	2026-01-15T08:33:50.3349841Z Updating files:  61% (744/1219)
handle-success	UNKNOWN STEP	2026-01-15T08:33:50.3350096Z Updating files:  62% (756/1219)
handle-success	UNKNOWN STEP	2026-01-15T08:33:50.3665201Z Updating files:  63% (768/1219)
handle-success	UNKNOWN STEP	2026-01-15T08:33:50.5318023Z Updating files:  64% (781/1219)
handle-success	UNKNOWN STEP	2026-01-15T08:33:50.7906072Z Updating files:  65% (793/1219)
handle-success	UNKNOWN STEP	2026-01-15T08:33:52.3054786Z Updating files:  66% (805/1219)
handle-success	UNKNOWN STEP	2026-01-15T08:33:52.3055462Z Updating files:  66% (806/1219)
handle-success	UNKNOWN STEP	2026-01-15T08:33:52.3057273Z Updating files:  67% (817/1219)
handle-success	UNKNOWN STEP	2026-01-15T08:33:52.3057533Z Updating files:  68% (829/1219)
handle-success	UNKNOWN STEP	2026-01-15T08:33:52.3057784Z Updating files:  69% (842/1219)
handle-success	UNKNOWN STEP	2026-01-15T08:33:52.4054715Z Updating files:  70% (854/1219)
handle-success	UNKNOWN STEP	2026-01-15T08:33:52.4055765Z Updating files:  71% (866/1219)
handle-success	UNKNOWN STEP	2026-01-15T08:33:52.4056503Z Updating files:  72% (878/1219)
handle-success	UNKNOWN STEP	2026-01-15T08:33:52.7726183Z Updating files:  73% (890/1219)
handle-success	UNKNOWN STEP	2026-01-15T08:33:52.9127806Z Updating files:  74% (903/1219)
handle-success	UNKNOWN STEP	2026-01-15T08:33:52.9129319Z Updating files:  74% (905/1219)
handle-success	UNKNOWN STEP	2026-01-15T08:33:52.9129587Z Updating files:  75% (915/1219)
handle-success	UNKNOWN STEP	2026-01-15T08:33:52.9349999Z Updating files:  76% (927/1219)
handle-success	UNKNOWN STEP	2026-01-15T08:33:53.0376802Z Updating files:  77% (939/1219)
handle-success	UNKNOWN STEP	2026-01-15T08:33:53.0816499Z Updating files:  78% (951/1219)
handle-success	UNKNOWN STEP	2026-01-15T08:33:53.0816832Z Updating files:  79% (964/1219)
handle-success	UNKNOWN STEP	2026-01-15T08:33:53.0817104Z Updating files:  80% (976/1219)
handle-success	UNKNOWN STEP	2026-01-15T08:33:53.0817371Z Updating files:  81% (988/1219)
handle-success	UNKNOWN STEP	2026-01-15T08:33:53.1233404Z Updating files:  82% (1000/1219)
handle-success	UNKNOWN STEP	2026-01-15T08:33:54.1524701Z Updating files:  83% (1012/1219)
handle-success	UNKNOWN STEP	2026-01-15T08:33:55.0358608Z Updating files:  83% (1014/1219)
handle-success	UNKNOWN STEP	2026-01-15T08:33:55.7477865Z Updating files:  84% (1024/1219)
handle-success	UNKNOWN STEP	2026-01-15T08:33:55.9562925Z Updating files:  85% (1037/1219)
handle-success	UNKNOWN STEP	2026-01-15T08:33:56.6247294Z Updating files:  85% (1041/1219)
handle-success	UNKNOWN STEP	2026-01-15T08:33:57.0688260Z Updating files:  86% (1049/1219)
handle-success	UNKNOWN STEP	2026-01-15T08:33:58.1474443Z Updating files:  86% (1052/1219)
handle-success	UNKNOWN STEP	2026-01-15T08:33:58.9665920Z Updating files:  87% (1061/1219)
handle-success	UNKNOWN STEP	2026-01-15T08:34:00.0868488Z Updating files:  87% (1067/1219)
handle-success	UNKNOWN STEP	2026-01-15T08:34:00.1910937Z Updating files:  87% (1072/1219)
handle-success	UNKNOWN STEP	2026-01-15T08:34:00.9123280Z Updating files:  88% (1073/1219)
handle-success	UNKNOWN STEP	2026-01-15T08:34:02.0781535Z Updating files:  88% (1074/1219)
handle-success	UNKNOWN STEP	2026-01-15T08:34:03.3352459Z Updating files:  88% (1081/1219)
handle-success	UNKNOWN STEP	2026-01-15T08:34:04.2255320Z Updating files:  89% (1085/1219)
handle-success	UNKNOWN STEP	2026-01-15T08:34:05.0086970Z Updating files:  89% (1087/1219)
handle-success	UNKNOWN STEP	2026-01-15T08:34:05.9406037Z Updating files:  89% (1091/1219)
handle-success	UNKNOWN STEP	2026-01-15T08:34:06.3392653Z Updating files:  89% (1095/1219)
handle-success	UNKNOWN STEP	2026-01-15T08:34:07.1559756Z Updating files:  90% (1098/1219)
handle-success	UNKNOWN STEP	2026-01-15T08:34:08.0882614Z Updating files:  90% (1104/1219)
handle-success	UNKNOWN STEP	2026-01-15T08:34:08.4515812Z Updating files:  90% (1108/1219)
handle-success	UNKNOWN STEP	2026-01-15T08:34:09.0155305Z Updating files:  91% (1110/1219)
handle-success	UNKNOWN STEP	2026-01-15T08:34:10.1172999Z Updating files:  91% (1112/1219)
handle-success	UNKNOWN STEP	2026-01-15T08:34:11.3765734Z Updating files:  91% (1115/1219)
handle-success	UNKNOWN STEP	2026-01-15T08:34:11.3766469Z Updating files:  91% (1121/1219)
handle-success	UNKNOWN STEP	2026-01-15T08:34:11.3767071Z Updating files:  92% (1122/1219)
handle-success	UNKNOWN STEP	2026-01-15T08:34:11.3767463Z Updating files:  93% (1134/1219)
handle-success	UNKNOWN STEP	2026-01-15T08:34:11.4073323Z Updating files:  94% (1146/1219)
handle-success	UNKNOWN STEP	2026-01-15T08:34:11.4330022Z Updating files:  95% (1159/1219)
handle-success	UNKNOWN STEP	2026-01-15T08:34:11.7723010Z Updating files:  96% (1171/1219)
handle-success	UNKNOWN STEP	2026-01-15T08:34:11.7859269Z Updating files:  97% (1183/1219)
handle-success	UNKNOWN STEP	2026-01-15T08:34:11.8317365Z Updating files:  98% (1195/1219)
handle-success	UNKNOWN STEP	2026-01-15T08:34:11.8320367Z Updating files:  99% (1207/1219)
handle-success	UNKNOWN STEP	2026-01-15T08:34:11.8320641Z Updating files: 100% (1219/1219)
handle-success	UNKNOWN STEP	2026-01-15T08:34:11.8320896Z Updating files: 100% (1219/1219), done.
handle-success	UNKNOWN STEP	2026-01-15T08:34:12.1555302Z Switched to a new branch 'F2438-arreglo-de-despliegue-itop'
handle-success	UNKNOWN STEP	2026-01-15T08:34:12.1556557Z branch 'F2438-arreglo-de-despliegue-itop' set up to track 'origin/F2438-arreglo-de-despliegue-itop'.
handle-success	UNKNOWN STEP	2026-01-15T08:34:12.3988219Z ##[endgroup]
handle-success	UNKNOWN STEP	2026-01-15T08:34:12.7626707Z [command]/usr/bin/git log -1 --format=%H
handle-success	UNKNOWN STEP	2026-01-15T08:34:12.7628254Z cce70c01115655333bf182ddf934673b368e9f91
handle-success	UNKNOWN STEP	2026-01-15T08:34:15.3769091Z Prepare all required actions
handle-success	UNKNOWN STEP	2026-01-15T08:34:16.3863305Z ##[group]Run ./.github/actions/install-gh-cli
handle-success	UNKNOWN STEP	2026-01-15T08:34:16.3863631Z env:
handle-success	UNKNOWN STEP	2026-01-15T08:34:16.3863835Z   KAOS_MODULE: [Ka0S] MDLINT
handle-success	UNKNOWN STEP	2026-01-15T08:34:16.3864792Z   GH_TOKEN: ***
handle-success	UNKNOWN STEP	2026-01-15T08:34:16.3865009Z   FILE_ERROR: 
handle-success	UNKNOWN STEP	2026-01-15T08:34:16.3865242Z   KAOS_MD_CONFIG: core/config/.markdownlint.json
handle-success	UNKNOWN STEP	2026-01-15T08:34:16.3865551Z   KAOS_PATH_RESUME: audit/mdlint/
handle-success	UNKNOWN STEP	2026-01-15T08:34:16.5266175Z   KAOS_REPO: /actions-runner/_work/kaos/kaos
handle-success	UNKNOWN STEP	2026-01-15T08:34:16.5266695Z   KAOS_STEP_MODULE: 
handle-success	UNKNOWN STEP	2026-01-15T08:34:16.5266926Z   KAOS_CODE: 21024545451
handle-success	UNKNOWN STEP	2026-01-15T08:34:16.5267154Z ##[endgroup]
handle-success	UNKNOWN STEP	2026-01-15T08:34:17.4308424Z ##[group]Run type -p curl >/dev/null || (sudo apt-get update && sudo apt-get install curl -y)
handle-success	UNKNOWN STEP	2026-01-15T08:34:17.4309182Z [36;1mtype -p curl >/dev/null || (sudo apt-get update && sudo apt-get install curl -y)[0m
handle-success	UNKNOWN STEP	2026-01-15T08:34:17.4310158Z [36;1mcurl -fsSL https://cli.github.com/packages/githubcli-archive-keyring.gpg | sudo dd of=/usr/share/keyrings/githubcli-archive-keyring.gpg \[0m
handle-success	UNKNOWN STEP	2026-01-15T08:34:17.4311297Z [36;1m&& sudo chmod go+r /usr/share/keyrings/githubcli-archive-keyring.gpg \[0m
handle-success	UNKNOWN STEP	2026-01-15T08:34:17.4312542Z [36;1m&& echo "deb [arch=$(dpkg --print-architecture) signed-by=/usr/share/keyrings/githubcli-archive-keyring.gpg] https://cli.github.com/packages stable main" | sudo tee /etc/apt/sources.list.d/github-cli.list > /dev/null \[0m
handle-success	UNKNOWN STEP	2026-01-15T08:34:17.4313584Z [36;1m&& sudo apt-get update \[0m
handle-success	UNKNOWN STEP	2026-01-15T08:34:17.4313893Z [36;1m&& sudo apt-get install gh -y[0m
handle-success	UNKNOWN STEP	2026-01-15T08:34:17.6485389Z shell: /usr/bin/bash --noprofile --norc -e -o pipefail {0}
handle-success	UNKNOWN STEP	2026-01-15T08:34:17.6485770Z env:
handle-success	UNKNOWN STEP	2026-01-15T08:34:17.6485988Z   KAOS_MODULE: [Ka0S] MDLINT
handle-success	UNKNOWN STEP	2026-01-15T08:34:17.6486511Z   GH_TOKEN: ***
handle-success	UNKNOWN STEP	2026-01-15T08:34:17.6486736Z   FILE_ERROR: 
handle-success	UNKNOWN STEP	2026-01-15T08:34:17.6486973Z   KAOS_MD_CONFIG: core/config/.markdownlint.json
handle-success	UNKNOWN STEP	2026-01-15T08:34:17.7683066Z   KAOS_PATH_RESUME: audit/mdlint/
handle-success	UNKNOWN STEP	2026-01-15T08:34:17.7683461Z   KAOS_REPO: /actions-runner/_work/kaos/kaos
handle-success	UNKNOWN STEP	2026-01-15T08:34:17.7683779Z   KAOS_STEP_MODULE: 
handle-success	UNKNOWN STEP	2026-01-15T08:34:17.7684048Z   KAOS_CODE: 21024545451
handle-success	UNKNOWN STEP	2026-01-15T08:34:17.7684284Z ##[endgroup]
handle-success	UNKNOWN STEP	2026-01-15T08:34:21.2485309Z 4+1 records in
handle-success	UNKNOWN STEP	2026-01-15T08:34:21.2526711Z 4+1 records out
handle-success	UNKNOWN STEP	2026-01-15T08:34:21.2592471Z 2270 bytes (2.3 kB, 2.2 KiB) copied, 2.05678 s, 1.1 kB/s
handle-success	UNKNOWN STEP	2026-01-15T08:34:28.6723375Z Get:1 http://security.ubuntu.com/ubuntu noble-security InRelease [126 kB]
handle-success	UNKNOWN STEP	2026-01-15T08:34:29.0067511Z Get:2 http://archive.ubuntu.com/ubuntu noble InRelease [256 kB]
handle-success	UNKNOWN STEP	2026-01-15T08:34:29.4396989Z Get:3 https://ppa.launchpadcontent.net/git-core/ppa/ubuntu noble InRelease [24.3 kB]
handle-success	UNKNOWN STEP	2026-01-15T08:34:29.7063626Z Get:4 http://archive.ubuntu.com/ubuntu noble-updates InRelease [126 kB]
handle-success	UNKNOWN STEP	2026-01-15T08:34:29.8569062Z Get:5 https://cli.github.com/packages stable InRelease [3917 B]
handle-success	UNKNOWN STEP	2026-01-15T08:34:29.8573012Z Get:6 http://archive.ubuntu.com/ubuntu noble-backports InRelease [126 kB]
handle-success	UNKNOWN STEP	2026-01-15T08:34:33.1016926Z Get:7 http://security.ubuntu.com/ubuntu noble-security/universe amd64 Packages [1189 kB]
handle-success	UNKNOWN STEP	2026-01-15T08:34:35.0404256Z Get:8 http://security.ubuntu.com/ubuntu noble-security/multiverse amd64 Packages [33.1 kB]
handle-success	UNKNOWN STEP	2026-01-15T08:34:35.0407727Z Get:9 http://security.ubuntu.com/ubuntu noble-security/main amd64 Packages [1769 kB]
handle-success	UNKNOWN STEP	2026-01-15T08:34:35.7762521Z Get:10 http://security.ubuntu.com/ubuntu noble-security/restricted amd64 Packages [2919 kB]
handle-success	UNKNOWN STEP	2026-01-15T08:34:37.0754923Z Get:11 http://archive.ubuntu.com/ubuntu noble/multiverse amd64 Packages [331 kB]
handle-success	UNKNOWN STEP	2026-01-15T08:34:37.3565554Z Get:12 http://archive.ubuntu.com/ubuntu noble/restricted amd64 Packages [117 kB]
handle-success	UNKNOWN STEP	2026-01-15T08:34:37.6903781Z Get:13 http://archive.ubuntu.com/ubuntu noble/universe amd64 Packages [19.3 MB]
handle-success	UNKNOWN STEP	2026-01-15T08:34:42.7646362Z Get:14 https://ppa.launchpadcontent.net/git-core/ppa/ubuntu noble/main amd64 Packages [2994 B]
handle-success	UNKNOWN STEP	2026-01-15T08:34:48.0655391Z Get:15 http://archive.ubuntu.com/ubuntu noble/main amd64 Packages [1808 kB]
handle-success	UNKNOWN STEP	2026-01-15T08:34:48.9325755Z Get:16 http://archive.ubuntu.com/ubuntu noble-updates/main amd64 Packages [2141 kB]
handle-success	UNKNOWN STEP	2026-01-15T08:34:49.7066156Z Get:17 https://cli.github.com/packages stable/main amd64 Packages [354 B]
handle-success	UNKNOWN STEP	2026-01-15T08:34:50.7269192Z Get:18 http://archive.ubuntu.com/ubuntu noble-updates/restricted amd64 Packages [3077 kB]
handle-success	UNKNOWN STEP	2026-01-15T08:34:52.5839790Z Get:19 http://archive.ubuntu.com/ubuntu noble-updates/universe amd64 Packages [1956 kB]
handle-success	UNKNOWN STEP	2026-01-15T08:34:53.6258724Z Get:20 http://archive.ubuntu.com/ubuntu noble-updates/multiverse amd64 Packages [35.9 kB]
handle-success	UNKNOWN STEP	2026-01-15T08:34:53.7776317Z Get:21 http://archive.ubuntu.com/ubuntu noble-backports/universe amd64 Packages [34.6 kB]
handle-success	UNKNOWN STEP	2026-01-15T08:34:53.9170451Z Get:22 http://archive.ubuntu.com/ubuntu noble-backports/main amd64 Packages [49.5 kB]
handle-success	UNKNOWN STEP	2026-01-15T08:35:28.8463522Z Fetched 35.4 MB in 1min 2s (573 kB/s)
handle-success	UNKNOWN STEP	2026-01-15T08:36:03.7473706Z Reading package lists...
handle-success	UNKNOWN STEP	2026-01-15T08:36:28.5918440Z Reading package lists...
handle-success	UNKNOWN STEP	2026-01-15T08:36:35.8854374Z Building dependency tree...
handle-success	UNKNOWN STEP	2026-01-15T08:36:35.8855100Z Reading state information...
handle-success	UNKNOWN STEP	2026-01-15T08:36:49.0270254Z The following NEW packages will be installed:
handle-success	UNKNOWN STEP	2026-01-15T08:36:49.0507059Z   gh
handle-success	UNKNOWN STEP	2026-01-15T08:36:50.9757136Z 0 upgraded, 1 newly installed, 0 to remove and 5 not upgraded.
handle-success	UNKNOWN STEP	2026-01-15T08:36:50.9758005Z Need to get 13.7 MB of archives.
handle-success	UNKNOWN STEP	2026-01-15T08:36:50.9759064Z After this operation, 37.9 MB of additional disk space will be used.
handle-success	UNKNOWN STEP	2026-01-15T08:36:50.9759885Z Get:1 https://cli.github.com/packages stable/main amd64 gh amd64 2.85.0 [13.7 MB]
handle-success	UNKNOWN STEP	2026-01-15T08:37:00.2877316Z debconf: delaying package configuration, since apt-utils is not installed
handle-success	UNKNOWN STEP	2026-01-15T08:37:01.5700703Z Fetched 13.7 MB in 3s (4396 kB/s)
handle-success	UNKNOWN STEP	2026-01-15T08:37:02.6925716Z Selecting previously unselected package gh.
handle-success	UNKNOWN STEP	2026-01-15T08:37:02.7063283Z (Reading database ... 
handle-success	UNKNOWN STEP	2026-01-15T08:37:02.7108392Z (Reading database ... 5%
handle-success	UNKNOWN STEP	2026-01-15T08:37:02.7409328Z (Reading database ... 10%
handle-success	UNKNOWN STEP	2026-01-15T08:37:02.7455537Z (Reading database ... 15%
handle-success	UNKNOWN STEP	2026-01-15T08:37:02.7588906Z (Reading database ... 20%
handle-success	UNKNOWN STEP	2026-01-15T08:37:02.7622813Z (Reading database ... 25%
handle-success	UNKNOWN STEP	2026-01-15T08:37:02.7623121Z (Reading database ... 30%
handle-success	UNKNOWN STEP	2026-01-15T08:37:02.7623354Z (Reading database ... 35%
handle-success	UNKNOWN STEP	2026-01-15T08:37:02.7623591Z (Reading database ... 40%
handle-success	UNKNOWN STEP	2026-01-15T08:37:02.7623812Z (Reading database ... 45%
handle-success	UNKNOWN STEP	2026-01-15T08:37:02.7624038Z (Reading database ... 50%
handle-success	UNKNOWN STEP	2026-01-15T08:37:02.7624266Z (Reading database ... 55%
handle-success	UNKNOWN STEP	2026-01-15T08:37:02.7624489Z (Reading database ... 60%
handle-success	UNKNOWN STEP	2026-01-15T08:37:02.8645617Z (Reading database ... 65%
handle-success	UNKNOWN STEP	2026-01-15T08:37:03.3823790Z (Reading database ... 70%
handle-success	UNKNOWN STEP	2026-01-15T08:37:03.4172657Z (Reading database ... 75%
handle-success	UNKNOWN STEP	2026-01-15T08:37:03.4755787Z (Reading database ... 80%
handle-success	UNKNOWN STEP	2026-01-15T08:37:03.5332756Z (Reading database ... 85%
handle-success	UNKNOWN STEP	2026-01-15T08:37:03.5735130Z (Reading database ... 90%
handle-success	UNKNOWN STEP	2026-01-15T08:37:03.5735920Z (Reading database ... 95%
handle-success	UNKNOWN STEP	2026-01-15T08:37:03.5736293Z (Reading database ... 100%
handle-success	UNKNOWN STEP	2026-01-15T08:37:03.5736647Z (Reading database ... 14385 files and directories currently installed.)
handle-success	UNKNOWN STEP	2026-01-15T08:37:03.5737211Z Preparing to unpack .../archives/gh_2.85.0_amd64.deb ...
handle-success	UNKNOWN STEP	2026-01-15T08:37:03.5737566Z Unpacking gh (2.85.0) ...
handle-success	UNKNOWN STEP	2026-01-15T08:37:17.9529646Z Setting up gh (2.85.0) ...
handle-success	UNKNOWN STEP	2026-01-15T08:37:19.8631204Z ##[group]Run # Si todo ha ido correcto aÃ±adimos el contenido del fichero 
handle-success	UNKNOWN STEP	2026-01-15T08:37:19.9063806Z [36;1m# Si todo ha ido correcto aÃ±adimos el contenido del fichero [0m
handle-success	UNKNOWN STEP	2026-01-15T08:37:19.9064407Z [36;1mRNNUMBER=$(echo "refs/heads/F2438-arreglo-de-despliegue-itop" | grep -o '[0-9]*')[0m
handle-success	UNKNOWN STEP	2026-01-15T08:37:19.9065250Z [36;1mgh issue comment $RNNUMBER --body "El proceso ha finalizado correctamente 21024545451. El resultado estÃ¡ en el fichero 21024545451.log"[0m
handle-success	UNKNOWN STEP	2026-01-15T08:37:19.9991007Z shell: /usr/bin/bash -e {0}
handle-success	UNKNOWN STEP	2026-01-15T08:37:19.9991338Z env:
handle-success	UNKNOWN STEP	2026-01-15T08:37:19.9991569Z   KAOS_MODULE: [Ka0S] MDLINT
handle-success	UNKNOWN STEP	2026-01-15T08:37:19.9992344Z   GH_TOKEN: ***
handle-success	UNKNOWN STEP	2026-01-15T08:37:19.9992557Z   FILE_ERROR: 
handle-success	UNKNOWN STEP	2026-01-15T08:37:19.9992792Z   KAOS_MD_CONFIG: core/config/.markdownlint.json
handle-success	UNKNOWN STEP	2026-01-15T08:37:19.9993106Z   KAOS_PATH_RESUME: audit/mdlint/
handle-success	UNKNOWN STEP	2026-01-15T08:37:19.9993417Z   KAOS_REPO: /actions-runner/_work/kaos/kaos
handle-success	UNKNOWN STEP	2026-01-15T08:37:19.9993708Z   KAOS_STEP_MODULE: 
handle-success	UNKNOWN STEP	2026-01-15T08:37:19.9994007Z   KAOS_CODE: 21024545451
handle-success	UNKNOWN STEP	2026-01-15T08:37:19.9994236Z ##[endgroup]
handle-success	UNKNOWN STEP	2026-01-15T08:37:29.1980115Z https://github.com/Ka0s-Klaus/ka0s/issues/2438#issuecomment-3753560234
handle-success	UNKNOWN STEP	2026-01-15T08:37:30.5187905Z Post job cleanup.
handle-success	UNKNOWN STEP	2026-01-15T08:37:39.4733380Z [command]/usr/bin/git version
handle-success	UNKNOWN STEP	2026-01-15T08:37:39.5996202Z git version 2.52.0
handle-success	UNKNOWN STEP	2026-01-15T08:37:40.1693687Z Temporarily overriding HOME='/home/runner/_work/_temp/54562ef1-1c38-49bf-a2f6-79e036762db7' before making global git config changes
handle-success	UNKNOWN STEP	2026-01-15T08:37:40.1853924Z Adding repository directory to the temporary git global config as a safe directory
handle-success	UNKNOWN STEP	2026-01-15T08:37:40.2999638Z [command]/usr/bin/git config --global --add safe.directory /home/runner/_work/ka0s/ka0s
handle-success	UNKNOWN STEP	2026-01-15T08:37:40.7249431Z [command]/usr/bin/git config --local --name-only --get-regexp core\.sshCommand
handle-success	UNKNOWN STEP	2026-01-15T08:37:41.6176222Z [command]/usr/bin/git submodule foreach --recursive sh -c "git config --local --name-only --get-regexp 'core\.sshCommand' && git config --local --unset-all 'core.sshCommand' || :"
handle-success	UNKNOWN STEP	2026-01-15T08:37:43.5704952Z [command]/usr/bin/git config --local --name-only --get-regexp http\.https\:\/\/github\.com\/\.extraheader
handle-success	UNKNOWN STEP	2026-01-15T08:37:43.6510111Z http.https://github.com/.extraheader
handle-success	UNKNOWN STEP	2026-01-15T08:37:43.6637587Z [command]/usr/bin/git config --local --unset-all http.https://github.com/.extraheader
handle-success	UNKNOWN STEP	2026-01-15T08:37:43.9828409Z [command]/usr/bin/git submodule foreach --recursive sh -c "git config --local --name-only --get-regexp 'http\.https\:\/\/github\.com\/\.extraheader' && git config --local --unset-all 'http.https://github.com/.extraheader' || :"
handle-success	UNKNOWN STEP	2026-01-15T08:37:46.1159491Z [command]/usr/bin/git config --local --name-only --get-regexp ^includeIf\.gitdir:
handle-success	UNKNOWN STEP	2026-01-15T08:37:46.6173283Z [command]/usr/bin/git submodule foreach --recursive git config --local --show-origin --name-only --get-regexp remote.origin.url
handle-success	UNKNOWN STEP	2026-01-15T08:37:49.0066766Z Cleaning up orphan processes
end-workflow	Set up job	ï»¿2026-01-15T08:42:07.2252596Z Current runner version: '2.331.0'
end-workflow	Set up job	2026-01-15T08:42:07.3394873Z Runner name: 'swarm-runners-scaleset-hkss5-runner-dqxzx'
end-workflow	Set up job	2026-01-15T08:42:07.3396970Z Runner group name: 'Default'
end-workflow	Set up job	2026-01-15T08:42:07.3399174Z Machine name: 'swarm-runners-scaleset-hkss5-runner-dqxzx'
end-workflow	Set up job	2026-01-15T08:42:07.3407403Z ##[group]GITHUB_TOKEN Permissions
end-workflow	Set up job	2026-01-15T08:42:07.3557910Z Actions: write
end-workflow	Set up job	2026-01-15T08:42:07.3560188Z Contents: write
end-workflow	Set up job	2026-01-15T08:42:07.3561473Z Issues: write
end-workflow	Set up job	2026-01-15T08:42:07.3562554Z Metadata: read
end-workflow	Set up job	2026-01-15T08:42:07.3563695Z PullRequests: write
end-workflow	Set up job	2026-01-15T08:42:07.3564850Z ##[endgroup]
end-workflow	Set up job	2026-01-15T08:42:07.3627333Z Secret source: Actions
end-workflow	Set up job	2026-01-15T08:42:07.3819669Z Prepare workflow directory
end-workflow	Set up job	2026-01-15T08:42:09.6596098Z Prepare all required actions
end-workflow	Set up job	2026-01-15T08:42:10.3253330Z Getting action download info
end-workflow	Set up job	2026-01-15T08:42:21.0585606Z Download action repository 'actions/checkout@v4' (SHA:34e114876b0b11c390a56381ad16ebd13914f8d5)
end-workflow	Set up job	2026-01-15T08:42:29.3149630Z Complete job name: end-workflow
end-workflow	Install GH CLI	ï»¿2026-01-15T08:57:08.4146766Z Prepare all required actions
end-workflow	Install GH CLI	2026-01-15T08:57:10.9775799Z ##[group]Run ./.github/actions/install-gh-cli
end-workflow	Install GH CLI	2026-01-15T08:57:10.9777080Z env:
end-workflow	Install GH CLI	2026-01-15T08:57:10.9777818Z   KAOS_MODULE: [Ka0S] MDLINT
end-workflow	Install GH CLI	2026-01-15T08:57:10.9780613Z   GH_TOKEN: ***
end-workflow	Install GH CLI	2026-01-15T08:57:10.9781681Z   FILE_ERROR: 
end-workflow	Install GH CLI	2026-01-15T08:57:10.9800062Z   KAOS_MD_CONFIG: core/config/.markdownlint.json
end-workflow	Install GH CLI	2026-01-15T08:57:10.9801242Z   KAOS_PATH_RESUME: audit/mdlint/
end-workflow	Install GH CLI	2026-01-15T08:57:10.9802334Z   KAOS_REPO: /actions-runner/_work/kaos/kaos
end-workflow	Install GH CLI	2026-01-15T08:57:10.9803359Z   KAOS_STEP_MODULE: 
end-workflow	Install GH CLI	2026-01-15T08:57:10.9804165Z   KAOS_CODE: 21024545451
end-workflow	Install GH CLI	2026-01-15T08:57:10.9804951Z ##[endgroup]
end-workflow	Install GH CLI	2026-01-15T08:57:16.2216261Z ##[group]Run type -p curl >/dev/null || (sudo apt-get update && sudo apt-get install curl -y)
end-workflow	Install GH CLI	2026-01-15T08:57:16.2218361Z [36;1mtype -p curl >/dev/null || (sudo apt-get update && sudo apt-get install curl -y)[0m
end-workflow	Install GH CLI	2026-01-15T08:57:16.2451980Z [36;1mcurl -fsSL https://cli.github.com/packages/githubcli-archive-keyring.gpg | sudo dd of=/usr/share/keyrings/githubcli-archive-keyring.gpg \[0m
end-workflow	Install GH CLI	2026-01-15T08:57:16.2455042Z [36;1m&& sudo chmod go+r /usr/share/keyrings/githubcli-archive-keyring.gpg \[0m
end-workflow	Install GH CLI	2026-01-15T08:57:16.2610649Z [36;1m&& echo "deb [arch=$(dpkg --print-architecture) signed-by=/usr/share/keyrings/githubcli-archive-keyring.gpg] https://cli.github.com/packages stable main" | sudo tee /etc/apt/sources.list.d/github-cli.list > /dev/null \[0m
end-workflow	Install GH CLI	2026-01-15T08:57:16.2614866Z [36;1m&& sudo apt-get update \[0m
end-workflow	Install GH CLI	2026-01-15T08:57:16.2615875Z [36;1m&& sudo apt-get install gh -y[0m
end-workflow	Install GH CLI	2026-01-15T08:57:16.3517705Z shell: /usr/bin/bash --noprofile --norc -e -o pipefail {0}
end-workflow	Install GH CLI	2026-01-15T08:57:16.3518563Z env:
end-workflow	Install GH CLI	2026-01-15T08:57:16.3519146Z   KAOS_MODULE: [Ka0S] MDLINT
end-workflow	Install GH CLI	2026-01-15T08:57:16.3520057Z   GH_TOKEN: ***
end-workflow	Install GH CLI	2026-01-15T08:57:16.3520473Z   FILE_ERROR: 
end-workflow	Install GH CLI	2026-01-15T08:57:16.3520963Z   KAOS_MD_CONFIG: core/config/.markdownlint.json
end-workflow	Install GH CLI	2026-01-15T08:57:16.3521674Z   KAOS_PATH_RESUME: audit/mdlint/
end-workflow	Install GH CLI	2026-01-15T08:57:16.3522323Z   KAOS_REPO: /actions-runner/_work/kaos/kaos
end-workflow	Install GH CLI	2026-01-15T08:57:16.3523029Z   KAOS_STEP_MODULE: 
end-workflow	Install GH CLI	2026-01-15T08:57:16.3523562Z   KAOS_CODE: 21024545451
end-workflow	Install GH CLI	2026-01-15T08:57:16.3524076Z ##[endgroup]
end-workflow	Install GH CLI	2026-01-15T08:57:22.0726283Z 4+1 records in
end-workflow	Install GH CLI	2026-01-15T08:57:22.1220063Z 4+1 records out
end-workflow	Install GH CLI	2026-01-15T08:57:22.1329615Z 2270 bytes (2.3 kB, 2.2 KiB) copied, 2.18301 s, 1.0 kB/s
end-workflow	Install GH CLI	2026-01-15T08:57:31.7004037Z Get:1 http://security.ubuntu.com/ubuntu noble-security InRelease [126 kB]
end-workflow	Install GH CLI	2026-01-15T08:57:32.2939038Z Get:2 http://archive.ubuntu.com/ubuntu noble InRelease [256 kB]
end-workflow	Install GH CLI	2026-01-15T08:57:33.0322208Z Get:3 https://ppa.launchpadcontent.net/git-core/ppa/ubuntu noble InRelease [24.3 kB]
end-workflow	Install GH CLI	2026-01-15T08:57:33.9210876Z Get:4 https://cli.github.com/packages stable InRelease [3917 B]
end-workflow	Install GH CLI	2026-01-15T08:57:34.1031782Z Get:5 http://archive.ubuntu.com/ubuntu noble-updates InRelease [126 kB]
end-workflow	Install GH CLI	2026-01-15T08:57:34.4711659Z Get:6 http://archive.ubuntu.com/ubuntu noble-backports InRelease [126 kB]
end-workflow	Install GH CLI	2026-01-15T08:57:40.3171390Z Get:7 http://security.ubuntu.com/ubuntu noble-security/restricted amd64 Packages [2919 kB]
end-workflow	Install GH CLI	2026-01-15T08:57:44.3918199Z Get:8 https://ppa.launchpadcontent.net/git-core/ppa/ubuntu noble/main amd64 Packages [2994 B]
end-workflow	Install GH CLI	2026-01-15T08:57:44.7659770Z Get:9 http://security.ubuntu.com/ubuntu noble-security/main amd64 Packages [1769 kB]
end-workflow	Install GH CLI	2026-01-15T08:57:45.1914736Z Get:10 http://security.ubuntu.com/ubuntu noble-security/universe amd64 Packages [1189 kB]
end-workflow	Install GH CLI	2026-01-15T08:57:46.5090458Z Get:11 http://security.ubuntu.com/ubuntu noble-security/multiverse amd64 Packages [33.1 kB]
end-workflow	Install GH CLI	2026-01-15T08:57:49.7933377Z Get:12 http://archive.ubuntu.com/ubuntu noble/universe amd64 Packages [19.3 MB]
end-workflow	Install GH CLI	2026-01-15T08:57:57.6807926Z Get:13 https://cli.github.com/packages stable/main amd64 Packages [354 B]
end-workflow	Install GH CLI	2026-01-15T08:58:03.8251787Z Get:14 http://archive.ubuntu.com/ubuntu noble/multiverse amd64 Packages [331 kB]
end-workflow	Install GH CLI	2026-01-15T08:58:06.1325947Z Get:15 http://archive.ubuntu.com/ubuntu noble/main amd64 Packages [1808 kB]
end-workflow	Install GH CLI	2026-01-15T08:58:07.4174497Z Get:16 http://archive.ubuntu.com/ubuntu noble/restricted amd64 Packages [117 kB]
end-workflow	Install GH CLI	2026-01-15T08:58:07.4177320Z Get:17 http://archive.ubuntu.com/ubuntu noble-updates/universe amd64 Packages [1956 kB]
end-workflow	Install GH CLI	2026-01-15T08:58:07.9751881Z Get:18 http://archive.ubuntu.com/ubuntu noble-updates/main amd64 Packages [2141 kB]
end-workflow	Install GH CLI	2026-01-15T08:58:10.4201605Z Get:19 http://archive.ubuntu.com/ubuntu noble-updates/restricted amd64 Packages [3077 kB]
end-workflow	Install GH CLI	2026-01-15T08:58:13.5466958Z Get:20 http://archive.ubuntu.com/ubuntu noble-updates/multiverse amd64 Packages [35.9 kB]
end-workflow	Install GH CLI	2026-01-15T08:58:13.7460012Z Get:21 http://archive.ubuntu.com/ubuntu noble-backports/universe amd64 Packages [34.6 kB]
end-workflow	Install GH CLI	2026-01-15T08:58:13.8590577Z Get:22 http://archive.ubuntu.com/ubuntu noble-backports/main amd64 Packages [49.5 kB]
end-workflow	Install GH CLI	2026-01-15T08:59:08.2446843Z Fetched 35.4 MB in 1min 39s (360 kB/s)
end-workflow	Install GH CLI	2026-01-15T09:00:02.0280802Z Reading package lists...
end-workflow	Install GH CLI	2026-01-15T09:00:47.0097852Z Reading package lists...
end-workflow	Install GH CLI	2026-01-15T09:00:50.9999645Z Building dependency tree...
end-workflow	Install GH CLI	2026-01-15T09:00:51.0012333Z Reading state information...
end-workflow	Install GH CLI	2026-01-15T09:01:00.0221226Z The following NEW packages will be installed:
end-workflow	Install GH CLI	2026-01-15T09:01:00.0324299Z   gh
end-workflow	Install GH CLI	2026-01-15T09:01:01.6594633Z 0 upgraded, 1 newly installed, 0 to remove and 5 not upgraded.
end-workflow	Install GH CLI	2026-01-15T09:01:01.6602426Z Need to get 13.7 MB of archives.
end-workflow	Install GH CLI	2026-01-15T09:01:01.6618111Z After this operation, 37.9 MB of additional disk space will be used.
end-workflow	Install GH CLI	2026-01-15T09:01:01.7557840Z Get:1 https://cli.github.com/packages stable/main amd64 gh amd64 2.85.0 [13.7 MB]
end-workflow	Install GH CLI	2026-01-15T09:01:09.9721010Z debconf: delaying package configuration, since apt-utils is not installed
end-workflow	Install GH CLI	2026-01-15T09:01:11.2566207Z Fetched 13.7 MB in 2s (8547 kB/s)
end-workflow	Install GH CLI	2026-01-15T09:01:15.7391836Z Selecting previously unselected package gh.
end-workflow	Install GH CLI	2026-01-15T09:01:16.0560746Z (Reading database ... 
end-workflow	Install GH CLI	2026-01-15T09:01:16.0896345Z (Reading database ... 5%
end-workflow	Install GH CLI	2026-01-15T09:01:16.0939544Z (Reading database ... 10%
end-workflow	Install GH CLI	2026-01-15T09:01:16.2296098Z (Reading database ... 15%
end-workflow	Install GH CLI	2026-01-15T09:01:16.2297043Z (Reading database ... 20%
end-workflow	Install GH CLI	2026-01-15T09:01:16.2299159Z (Reading database ... 25%
end-workflow	Install GH CLI	2026-01-15T09:01:16.2300587Z (Reading database ... 30%
end-workflow	Install GH CLI	2026-01-15T09:01:16.2301413Z (Reading database ... 35%
end-workflow	Install GH CLI	2026-01-15T09:01:16.2302328Z (Reading database ... 40%
end-workflow	Install GH CLI	2026-01-15T09:01:16.2303144Z (Reading database ... 45%
end-workflow	Install GH CLI	2026-01-15T09:01:16.2303999Z (Reading database ... 50%
end-workflow	Install GH CLI	2026-01-15T09:01:16.2304737Z (Reading database ... 55%
end-workflow	Install GH CLI	2026-01-15T09:01:16.2806380Z (Reading database ... 60%
end-workflow	Install GH CLI	2026-01-15T09:01:16.6149742Z (Reading database ... 65%
end-workflow	Install GH CLI	2026-01-15T09:01:16.6422604Z (Reading database ... 70%
end-workflow	Install GH CLI	2026-01-15T09:01:16.7679095Z (Reading database ... 75%
end-workflow	Install GH CLI	2026-01-15T09:01:16.7714601Z (Reading database ... 80%
end-workflow	Install GH CLI	2026-01-15T09:01:16.7736145Z (Reading database ... 85%
end-workflow	Install GH CLI	2026-01-15T09:01:16.8990618Z (Reading database ... 90%
end-workflow	Install GH CLI	2026-01-15T09:01:16.9715412Z (Reading database ... 95%
end-workflow	Install GH CLI	2026-01-15T09:01:16.9885528Z (Reading database ... 100%
end-workflow	Install GH CLI	2026-01-15T09:01:16.9933068Z (Reading database ... 14385 files and directories currently installed.)
end-workflow	Install GH CLI	2026-01-15T09:01:17.0120228Z Preparing to unpack .../archives/gh_2.85.0_amd64.deb ...
end-workflow	Install GH CLI	2026-01-15T09:01:17.0289926Z Unpacking gh (2.85.0) ...
end-workflow	Install GH CLI	2026-01-15T09:01:33.9594339Z Setting up gh (2.85.0) ...
end-workflow	Finaliza el workflow	ï»¿2026-01-15T09:01:35.0064046Z ##[group]Run echo "End process"
end-workflow	Finaliza el workflow	2026-01-15T09:01:35.0065104Z [36;1mecho "End process"[0m
end-workflow	Finaliza el workflow	2026-01-15T09:01:35.0066388Z [36;1mRNNUMBER=$(echo "refs/heads/F2438-arreglo-de-despliegue-itop" | grep -o '[0-9]*')[0m
end-workflow	Finaliza el workflow	2026-01-15T09:01:35.0068092Z [36;1mgh issue comment $RNNUMBER --body "Se finaliza Ka0s 21024545451"[0m
end-workflow	Finaliza el workflow	2026-01-15T09:01:35.0070486Z [36;1mgh workflow run inspector.yml --ref 'main' -f kaos-issue-id=$RNNUMBER -f kaos-workflow-id="21024545451" -f kaos-user-start=""[0m
end-workflow	Finaliza el workflow	2026-01-15T09:01:35.0159090Z shell: /usr/bin/bash -e {0}
end-workflow	Finaliza el workflow	2026-01-15T09:01:35.0164543Z env:
end-workflow	Finaliza el workflow	2026-01-15T09:01:35.0165330Z   KAOS_MODULE: [Ka0S] MDLINT
end-workflow	Finaliza el workflow	2026-01-15T09:01:35.0181893Z   GH_TOKEN: ***
end-workflow	Finaliza el workflow	2026-01-15T09:01:35.0182604Z   FILE_ERROR: 
end-workflow	Finaliza el workflow	2026-01-15T09:01:35.0183125Z   KAOS_MD_CONFIG: core/config/.markdownlint.json
end-workflow	Finaliza el workflow	2026-01-15T09:01:35.0200549Z   KAOS_PATH_RESUME: audit/mdlint/
end-workflow	Finaliza el workflow	2026-01-15T09:01:35.0201452Z   KAOS_REPO: /actions-runner/_work/kaos/kaos
end-workflow	Finaliza el workflow	2026-01-15T09:01:35.0202258Z   KAOS_STEP_MODULE: 
end-workflow	Finaliza el workflow	2026-01-15T09:01:35.0202872Z   KAOS_CODE: 21024545451
end-workflow	Finaliza el workflow	2026-01-15T09:01:35.0203583Z ##[endgroup]
end-workflow	Finaliza el workflow	2026-01-15T09:01:35.3982759Z End process
end-workflow	Finaliza el workflow	2026-01-15T09:01:42.8474409Z https://github.com/Ka0s-Klaus/ka0s/issues/2438#issuecomment-3753647236
end-workflow	Post Checkout code	ï»¿2026-01-15T09:01:48.2397199Z Post job cleanup.
end-workflow	Post Checkout code	2026-01-15T09:01:59.2519701Z [command]/usr/bin/git version
end-workflow	Post Checkout code	2026-01-15T09:01:59.3731385Z git version 2.52.0
end-workflow	Post Checkout code	2026-01-15T09:01:59.6335413Z Temporarily overriding HOME='/home/runner/_work/_temp/d39f5dfd-9006-44d0-9ce0-53145d596b0e' before making global git config changes
end-workflow	Post Checkout code	2026-01-15T09:01:59.6349834Z Adding repository directory to the temporary git global config as a safe directory
end-workflow	Post Checkout code	2026-01-15T09:01:59.6369813Z [command]/usr/bin/git config --global --add safe.directory /home/runner/_work/ka0s/ka0s
end-workflow	Post Checkout code	2026-01-15T09:02:00.3904012Z [command]/usr/bin/git config --local --name-only --get-regexp core\.sshCommand
end-workflow	Post Checkout code	2026-01-15T09:02:00.6182687Z [command]/usr/bin/git submodule foreach --recursive sh -c "git config --local --name-only --get-regexp 'core\.sshCommand' && git config --local --unset-all 'core.sshCommand' || :"
end-workflow	Post Checkout code	2026-01-15T09:02:02.7360486Z [command]/usr/bin/git config --local --name-only --get-regexp http\.https\:\/\/github\.com\/\.extraheader
end-workflow	Post Checkout code	2026-01-15T09:02:03.0545788Z http.https://github.com/.extraheader
end-workflow	Post Checkout code	2026-01-15T09:02:03.1449128Z [command]/usr/bin/git config --local --unset-all http.https://github.com/.extraheader
end-workflow	Post Checkout code	2026-01-15T09:02:03.1453788Z [command]/usr/bin/git submodule foreach --recursive sh -c "git config --local --name-only --get-regexp 'http\.https\:\/\/github\.com\/\.extraheader' && git config --local --unset-all 'http.https://github.com/.extraheader' || :"
end-workflow	Post Checkout code	2026-01-15T09:02:05.3742685Z [command]/usr/bin/git config --local --name-only --get-regexp ^includeIf\.gitdir:
end-workflow	Post Checkout code	2026-01-15T09:02:05.3937730Z [command]/usr/bin/git submodule foreach --recursive git config --local --show-origin --name-only --get-regexp remote.origin.url
end-workflow	Complete job	ï»¿2026-01-15T09:02:07.5104022Z Cleaning up orphan processes
