job-core	UNKNOWN STEP	﻿2026-01-15T12:03:05.2861848Z Current runner version: '2.331.0'
job-core	UNKNOWN STEP	2026-01-15T12:03:05.2868965Z Runner name: 'swarm-runners-scaleset-hkss5-runner-l8v9k'
job-core	UNKNOWN STEP	2026-01-15T12:03:05.2870106Z Runner group name: 'Default'
job-core	UNKNOWN STEP	2026-01-15T12:03:05.2992606Z Machine name: 'swarm-runners-scaleset-hkss5-runner-l8v9k'
job-core	UNKNOWN STEP	2026-01-15T12:03:05.2997364Z ##[group]GITHUB_TOKEN Permissions
job-core	UNKNOWN STEP	2026-01-15T12:03:05.3000462Z Actions: write
job-core	UNKNOWN STEP	2026-01-15T12:03:05.3000975Z Contents: write
job-core	UNKNOWN STEP	2026-01-15T12:03:05.3001462Z Issues: write
job-core	UNKNOWN STEP	2026-01-15T12:03:05.3002097Z Metadata: read
job-core	UNKNOWN STEP	2026-01-15T12:03:05.3002599Z PullRequests: write
job-core	UNKNOWN STEP	2026-01-15T12:03:05.3003100Z ##[endgroup]
job-core	UNKNOWN STEP	2026-01-15T12:03:05.3005772Z Secret source: Actions
job-core	UNKNOWN STEP	2026-01-15T12:03:05.3006484Z Prepare workflow directory
job-core	UNKNOWN STEP	2026-01-15T12:03:09.6005848Z Prepare all required actions
job-core	UNKNOWN STEP	2026-01-15T12:03:09.8605377Z Getting action download info
job-core	UNKNOWN STEP	2026-01-15T12:03:15.4978122Z Download action repository 'actions/checkout@v4' (SHA:34e114876b0b11c390a56381ad16ebd13914f8d5)
job-core	UNKNOWN STEP	2026-01-15T12:03:18.2787161Z Download action repository 'actions/setup-node@v2' (SHA:7c12f8017d5436eb855f1ed4399f037a36fbd9e8)
job-core	UNKNOWN STEP	2026-01-15T12:03:24.2340103Z Complete job name: job-core
job-core	UNKNOWN STEP	2026-01-15T12:03:27.7873699Z ##[group]Run actions/checkout@v4
job-core	UNKNOWN STEP	2026-01-15T12:03:27.7874998Z with:
job-core	UNKNOWN STEP	2026-01-15T12:03:27.7875580Z   fetch-depth: 0
job-core	UNKNOWN STEP	2026-01-15T12:03:27.8306043Z   repository: Ka0s-Klaus/ka0s
job-core	UNKNOWN STEP	2026-01-15T12:03:27.8307287Z   token: ***
job-core	UNKNOWN STEP	2026-01-15T12:03:27.8307864Z   ssh-strict: true
job-core	UNKNOWN STEP	2026-01-15T12:03:27.8308442Z   ssh-user: git
job-core	UNKNOWN STEP	2026-01-15T12:03:27.8309028Z   persist-credentials: true
job-core	UNKNOWN STEP	2026-01-15T12:03:27.8309672Z   clean: true
job-core	UNKNOWN STEP	2026-01-15T12:03:27.8310277Z   sparse-checkout-cone-mode: true
job-core	UNKNOWN STEP	2026-01-15T12:03:27.8310969Z   fetch-tags: false
job-core	UNKNOWN STEP	2026-01-15T12:03:27.8311551Z   show-progress: true
job-core	UNKNOWN STEP	2026-01-15T12:03:27.8568416Z   lfs: false
job-core	UNKNOWN STEP	2026-01-15T12:03:27.8569123Z   submodules: false
job-core	UNKNOWN STEP	2026-01-15T12:03:27.8569748Z   set-safe-directory: true
job-core	UNKNOWN STEP	2026-01-15T12:03:27.8570963Z env:
job-core	UNKNOWN STEP	2026-01-15T12:03:27.8571541Z   KAOS_MODULE: [Ka0S] JSONLINT
job-core	UNKNOWN STEP	2026-01-15T12:03:27.8572690Z   GH_TOKEN: ***
job-core	UNKNOWN STEP	2026-01-15T12:03:27.8573351Z   KAOS_JSONLINT_CONFIG: core/config/.jsonlint.json
job-core	UNKNOWN STEP	2026-01-15T12:03:27.8574242Z   KAOS_PATH_RESUME: audit/jsonlint/
job-core	UNKNOWN STEP	2026-01-15T12:03:27.8575011Z   KAOS_REPO: /actions-runner/_work/kaos/kaos
job-core	UNKNOWN STEP	2026-01-15T12:03:27.8575748Z   KAOS_STEP_MODULE: 
job-core	UNKNOWN STEP	2026-01-15T12:03:27.8576346Z   KAOS_CODE: 21030571672
job-core	UNKNOWN STEP	2026-01-15T12:03:27.8576963Z   KAOS_REF_BRANCH: main
job-core	UNKNOWN STEP	2026-01-15T12:03:27.8577589Z ##[endgroup]
job-core	UNKNOWN STEP	2026-01-15T12:03:32.2850865Z Syncing repository: Ka0s-Klaus/ka0s
job-core	UNKNOWN STEP	2026-01-15T12:03:32.4895441Z ##[group]Getting Git version info
job-core	UNKNOWN STEP	2026-01-15T12:03:32.4896738Z Working directory is '/home/runner/_work/ka0s/ka0s'
job-core	UNKNOWN STEP	2026-01-15T12:03:32.4898117Z [command]/usr/bin/git version
job-core	UNKNOWN STEP	2026-01-15T12:03:32.4898797Z git version 2.52.0
job-core	UNKNOWN STEP	2026-01-15T12:03:32.4901100Z ##[endgroup]
job-core	UNKNOWN STEP	2026-01-15T12:03:32.4907036Z Temporarily overriding HOME='/home/runner/_work/_temp/9ec4baf2-7f0b-4fb1-af9f-7c1af844a5ef' before making global git config changes
job-core	UNKNOWN STEP	2026-01-15T12:03:32.4908784Z Adding repository directory to the temporary git global config as a safe directory
job-core	UNKNOWN STEP	2026-01-15T12:03:32.4910372Z [command]/usr/bin/git config --global --add safe.directory /home/runner/_work/ka0s/ka0s
job-core	UNKNOWN STEP	2026-01-15T12:03:32.5297627Z Deleting the contents of '/home/runner/_work/ka0s/ka0s'
job-core	UNKNOWN STEP	2026-01-15T12:03:32.5465770Z ##[group]Initializing the repository
job-core	UNKNOWN STEP	2026-01-15T12:03:32.7437739Z [command]/usr/bin/git init /home/runner/_work/ka0s/ka0s
job-core	UNKNOWN STEP	2026-01-15T12:03:32.8988560Z hint: Using 'master' as the name for the initial branch. This default branch name
job-core	UNKNOWN STEP	2026-01-15T12:03:33.0794063Z hint: will change to "main" in Git 3.0. To configure the initial branch name
job-core	UNKNOWN STEP	2026-01-15T12:03:33.0899480Z hint: to use in all of your new repositories, which will suppress this warning,
job-core	UNKNOWN STEP	2026-01-15T12:03:33.0901078Z hint: call:
job-core	UNKNOWN STEP	2026-01-15T12:03:33.0902034Z hint:
job-core	UNKNOWN STEP	2026-01-15T12:03:33.0903091Z hint: 	git config --global init.defaultBranch <name>
job-core	UNKNOWN STEP	2026-01-15T12:03:33.0904099Z hint:
job-core	UNKNOWN STEP	2026-01-15T12:03:33.0905121Z hint: Names commonly chosen instead of 'master' are 'main', 'trunk' and
job-core	UNKNOWN STEP	2026-01-15T12:03:33.0906803Z hint: 'development'. The just-created branch can be renamed via this command:
job-core	UNKNOWN STEP	2026-01-15T12:03:33.0934067Z hint:
job-core	UNKNOWN STEP	2026-01-15T12:03:33.0947307Z hint: 	git branch -m <name>
job-core	UNKNOWN STEP	2026-01-15T12:03:33.0973060Z hint:
job-core	UNKNOWN STEP	2026-01-15T12:03:33.1005734Z hint: Disable this message with "git config set advice.defaultBranchName false"
job-core	UNKNOWN STEP	2026-01-15T12:03:33.1064232Z Initialized empty Git repository in /home/runner/_work/ka0s/ka0s/.git/
job-core	UNKNOWN STEP	2026-01-15T12:03:33.1361184Z [command]/usr/bin/git remote add origin https://github.com/Ka0s-Klaus/ka0s
job-core	UNKNOWN STEP	2026-01-15T12:03:33.1821681Z ##[endgroup]
job-core	UNKNOWN STEP	2026-01-15T12:03:33.1983852Z ##[group]Disabling automatic garbage collection
job-core	UNKNOWN STEP	2026-01-15T12:03:33.2561144Z [command]/usr/bin/git config --local gc.auto 0
job-core	UNKNOWN STEP	2026-01-15T12:03:33.4225292Z ##[endgroup]
job-core	UNKNOWN STEP	2026-01-15T12:03:33.4226347Z ##[group]Setting up auth
job-core	UNKNOWN STEP	2026-01-15T12:03:33.4279433Z [command]/usr/bin/git config --local --name-only --get-regexp core\.sshCommand
job-core	UNKNOWN STEP	2026-01-15T12:03:33.6551911Z [command]/usr/bin/git submodule foreach --recursive sh -c "git config --local --name-only --get-regexp 'core\.sshCommand' && git config --local --unset-all 'core.sshCommand' || :"
job-core	UNKNOWN STEP	2026-01-15T12:03:34.4527533Z [command]/usr/bin/git config --local --name-only --get-regexp http\.https\:\/\/github\.com\/\.extraheader
job-core	UNKNOWN STEP	2026-01-15T12:03:34.6266098Z [command]/usr/bin/git submodule foreach --recursive sh -c "git config --local --name-only --get-regexp 'http\.https\:\/\/github\.com\/\.extraheader' && git config --local --unset-all 'http.https://github.com/.extraheader' || :"
job-core	UNKNOWN STEP	2026-01-15T12:03:35.9428093Z [command]/usr/bin/git config --local --name-only --get-regexp ^includeIf\.gitdir:
job-core	UNKNOWN STEP	2026-01-15T12:03:36.1778010Z [command]/usr/bin/git submodule foreach --recursive git config --local --show-origin --name-only --get-regexp remote.origin.url
job-core	UNKNOWN STEP	2026-01-15T12:03:37.4758342Z [command]/usr/bin/git config --local http.https://github.com/.extraheader AUTHORIZATION: basic ***
job-core	UNKNOWN STEP	2026-01-15T12:03:37.8525483Z ##[endgroup]
job-core	UNKNOWN STEP	2026-01-15T12:03:37.9327777Z ##[group]Fetching the repository
job-core	UNKNOWN STEP	2026-01-15T12:03:37.9618355Z [command]/usr/bin/git -c protocol.version=2 fetch --prune --no-recurse-submodules origin +refs/heads/*:refs/remotes/origin/* +refs/tags/*:refs/tags/*
job-core	UNKNOWN STEP	2026-01-15T12:13:25.3360524Z From https://github.com/Ka0s-Klaus/ka0s
job-core	UNKNOWN STEP	2026-01-15T12:13:25.3362406Z  * [new branch]          F1149-desarrollo-de-orchestrator -> origin/F1149-desarrollo-de-orchestrator
job-core	UNKNOWN STEP	2026-01-15T12:13:25.3363753Z  * [new branch]          F1183-personalización-módulo-finops -> origin/F1183-personalización-módulo-finops
job-core	UNKNOWN STEP	2026-01-15T12:13:25.3364630Z  * [new branch]          F1224-new-module-mongodb -> origin/F1224-new-module-mongodb
job-core	UNKNOWN STEP	2026-01-15T12:13:25.3365494Z  * [new branch]          F220-web-de-resultados  -> origin/F220-web-de-resultados
job-core	UNKNOWN STEP	2026-01-15T12:13:25.3367155Z  * [new branch]          F227-despliegue-de-kube-independiente-del-clouder -> origin/F227-despliegue-de-kube-independiente-del-clouder
job-core	UNKNOWN STEP	2026-01-15T12:13:25.3368257Z  * [new branch]          F2438-arreglo-de-despliegue-itop -> origin/F2438-arreglo-de-despliegue-itop
job-core	UNKNOWN STEP	2026-01-15T12:13:25.3439330Z  * [new branch]          F329-documentacion-metodologia-de-kaos -> origin/F329-documentacion-metodologia-de-kaos
job-core	UNKNOWN STEP	2026-01-15T12:13:25.4059933Z  * [new branch]          F44-creación-módulo-versionado -> origin/F44-creación-módulo-versionado
job-core	UNKNOWN STEP	2026-01-15T12:13:25.4061082Z  * [new branch]          H1128-módulo-de-observabilidad -> origin/H1128-módulo-de-observabilidad
job-core	UNKNOWN STEP	2026-01-15T12:13:25.4064487Z  * [new branch]          H1139-como-instalar-arc-control -> origin/H1139-como-instalar-arc-control
job-core	UNKNOWN STEP	2026-01-15T12:13:25.4065278Z  * [new branch]          H1149-desarrollo-de-orchestrator -> origin/H1149-desarrollo-de-orchestrator
job-core	UNKNOWN STEP	2026-01-15T12:13:25.4066002Z  * [new branch]          H1150-desarrollo-de-secciones -> origin/H1150-desarrollo-de-secciones
job-core	UNKNOWN STEP	2026-01-15T12:13:25.4066729Z  * [new branch]          H1151-desarrollo-de-secciones-ii -> origin/H1151-desarrollo-de-secciones-ii
job-core	UNKNOWN STEP	2026-01-15T12:13:25.4395070Z  * [new branch]          H1152-desarrollo-inicio -> origin/H1152-desarrollo-inicio
job-core	UNKNOWN STEP	2026-01-15T12:13:25.4396166Z  * [new branch]          H1183-personalización-módulo-finops -> origin/H1183-personalización-módulo-finops
job-core	UNKNOWN STEP	2026-01-15T12:13:25.4397415Z  * [new branch]          H1193-ejemplo-web-documentacion -> origin/H1193-ejemplo-web-documentacion
job-core	UNKNOWN STEP	2026-01-15T12:13:25.4398058Z  * [new branch]          H1205-web-creation      -> origin/H1205-web-creation
job-core	UNKNOWN STEP	2026-01-15T12:13:25.4398618Z  * [new branch]          H1224-new-module-mongodb -> origin/H1224-new-module-mongodb
job-core	UNKNOWN STEP	2026-01-15T12:13:25.4399196Z  * [new branch]          H1410-modulo-execution  -> origin/H1410-modulo-execution
job-core	UNKNOWN STEP	2026-01-15T12:13:25.4400209Z  * [new branch]          H1514-new-swarm-deployment-stack-with-actions-runners-autoscale -> origin/H1514-new-swarm-deployment-stack-with-actions-runners-autoscale
job-core	UNKNOWN STEP	2026-01-15T12:13:25.4401632Z  * [new branch]          H1968-modulo-personalización-del-portal-de-kaos-core -> origin/H1968-modulo-personalización-del-portal-de-kaos-core
job-core	UNKNOWN STEP	2026-01-15T12:13:25.4832600Z  * [new branch]          H215-modulo-de-summary  -> origin/H215-modulo-de-summary
job-core	UNKNOWN STEP	2026-01-15T12:13:25.4833288Z  * [new branch]          H220-web-de-resultados  -> origin/H220-web-de-resultados
job-core	UNKNOWN STEP	2026-01-15T12:13:25.4834445Z  * [new branch]          H227-despliegue-de-kube-independiente-del-clouder -> origin/H227-despliegue-de-kube-independiente-del-clouder
job-core	UNKNOWN STEP	2026-01-15T12:13:25.4835300Z  * [new branch]          H2436-modulo-de-mongo   -> origin/H2436-modulo-de-mongo
job-core	UNKNOWN STEP	2026-01-15T12:13:25.5029640Z  * [new branch]          H2438-arreglo-de-despliegue-itop -> origin/H2438-arreglo-de-despliegue-itop
job-core	UNKNOWN STEP	2026-01-15T12:13:25.5030630Z  * [new branch]          H2443-nuevo-modulo-de-pruebas-sobre-kubernetes -> origin/H2443-nuevo-modulo-de-pruebas-sobre-kubernetes
job-core	UNKNOWN STEP	2026-01-15T12:13:25.5031490Z  * [new branch]          H2559-modulo-de-conexion-ssh -> origin/H2559-modulo-de-conexion-ssh
job-core	UNKNOWN STEP	2026-01-15T12:13:25.5032505Z  * [new branch]          H306-ficheros-de-estadisticas -> origin/H306-ficheros-de-estadisticas
job-core	UNKNOWN STEP	2026-01-15T12:13:25.5033431Z  * [new branch]          H328-documentacion-modulo-principal-de-kaos -> origin/H328-documentacion-modulo-principal-de-kaos
job-core	UNKNOWN STEP	2026-01-15T12:13:25.5034409Z  * [new branch]          H329-documentacion-metodologia-de-kaos -> origin/H329-documentacion-metodologia-de-kaos
job-core	UNKNOWN STEP	2026-01-15T12:13:25.5035334Z  * [new branch]          H338-relanzador-de-jobs-en-caso-de-pattern -> origin/H338-relanzador-de-jobs-en-caso-de-pattern
job-core	UNKNOWN STEP	2026-01-15T12:13:25.5036298Z  * [new branch]          H38-documentacion-basica-del-proyecto -> origin/H38-documentacion-basica-del-proyecto
job-core	UNKNOWN STEP	2026-01-15T12:13:25.5037668Z  * [new branch]          H44-creación-módulo-versionado -> origin/H44-creación-módulo-versionado
job-core	UNKNOWN STEP	2026-01-15T12:13:25.7147335Z  * [new branch]          RN1149-desarrollo-de-orchestrator -> origin/RN1149-desarrollo-de-orchestrator
job-core	UNKNOWN STEP	2026-01-15T12:13:25.7148803Z  * [new branch]          RN1183-personalización-módulo-finops -> origin/RN1183-personalización-módulo-finops
job-core	UNKNOWN STEP	2026-01-15T12:13:25.7149973Z  * [new branch]          RN1282-ka0s-error-detected-in-ka0s-workflow-statistics-summary -> origin/RN1282-ka0s-error-detected-in-ka0s-workflow-statistics-summary
job-core	UNKNOWN STEP	2026-01-15T12:13:25.7150996Z  * [new branch]          RN220-web-de-resultados -> origin/RN220-web-de-resultados
job-core	UNKNOWN STEP	2026-01-15T12:13:25.7263439Z  * [new branch]          RN227-despliegue-de-kube-independiente-del-clouder -> origin/RN227-despliegue-de-kube-independiente-del-clouder
job-core	UNKNOWN STEP	2026-01-15T12:13:25.7298177Z  * [new branch]          RN2438-arreglo-de-despliegue-itop -> origin/RN2438-arreglo-de-despliegue-itop
job-core	UNKNOWN STEP	2026-01-15T12:13:25.7299109Z  * [new branch]          RN329-documentacion-metodologia-de-kaos -> origin/RN329-documentacion-metodologia-de-kaos
job-core	UNKNOWN STEP	2026-01-15T12:13:25.7299785Z  * [new branch]          main                    -> origin/main
job-core	UNKNOWN STEP	2026-01-15T12:13:25.7300299Z  * [new tag]             0.0.0                   -> 0.0.0
job-core	UNKNOWN STEP	2026-01-15T12:13:25.7300681Z  * [new tag]             0.0.1                   -> 0.0.1
job-core	UNKNOWN STEP	2026-01-15T12:13:25.7301062Z  * [new tag]             0.0.10                  -> 0.0.10
job-core	UNKNOWN STEP	2026-01-15T12:13:25.7301440Z  * [new tag]             0.0.100                 -> 0.0.100
job-core	UNKNOWN STEP	2026-01-15T12:13:25.7776496Z  * [new tag]             0.0.101                 -> 0.0.101
job-core	UNKNOWN STEP	2026-01-15T12:13:25.7776956Z  * [new tag]             0.0.102                 -> 0.0.102
job-core	UNKNOWN STEP	2026-01-15T12:13:25.7777357Z  * [new tag]             0.0.103                 -> 0.0.103
job-core	UNKNOWN STEP	2026-01-15T12:13:25.7777744Z  * [new tag]             0.0.104                 -> 0.0.104
job-core	UNKNOWN STEP	2026-01-15T12:13:25.7778139Z  * [new tag]             0.0.105                 -> 0.0.105
job-core	UNKNOWN STEP	2026-01-15T12:13:25.7778524Z  * [new tag]             0.0.106                 -> 0.0.106
job-core	UNKNOWN STEP	2026-01-15T12:13:25.7778911Z  * [new tag]             0.0.107                 -> 0.0.107
job-core	UNKNOWN STEP	2026-01-15T12:13:25.7779297Z  * [new tag]             0.0.108                 -> 0.0.108
job-core	UNKNOWN STEP	2026-01-15T12:13:25.7779680Z  * [new tag]             0.0.109                 -> 0.0.109
job-core	UNKNOWN STEP	2026-01-15T12:13:25.7780070Z  * [new tag]             0.0.11                  -> 0.0.11
job-core	UNKNOWN STEP	2026-01-15T12:13:25.7780462Z  * [new tag]             0.0.110                 -> 0.0.110
job-core	UNKNOWN STEP	2026-01-15T12:13:25.7780851Z  * [new tag]             0.0.111                 -> 0.0.111
job-core	UNKNOWN STEP	2026-01-15T12:13:25.7781497Z  * [new tag]             0.0.112                 -> 0.0.112
job-core	UNKNOWN STEP	2026-01-15T12:13:25.8062746Z  * [new tag]             0.0.113                 -> 0.0.113
job-core	UNKNOWN STEP	2026-01-15T12:13:25.8063219Z  * [new tag]             0.0.114                 -> 0.0.114
job-core	UNKNOWN STEP	2026-01-15T12:13:25.8063625Z  * [new tag]             0.0.115                 -> 0.0.115
job-core	UNKNOWN STEP	2026-01-15T12:13:25.8064020Z  * [new tag]             0.0.116                 -> 0.0.116
job-core	UNKNOWN STEP	2026-01-15T12:13:25.8064426Z  * [new tag]             0.0.117                 -> 0.0.117
job-core	UNKNOWN STEP	2026-01-15T12:13:25.8064814Z  * [new tag]             0.0.118                 -> 0.0.118
job-core	UNKNOWN STEP	2026-01-15T12:13:25.8065202Z  * [new tag]             0.0.119                 -> 0.0.119
job-core	UNKNOWN STEP	2026-01-15T12:13:25.8065598Z  * [new tag]             0.0.12                  -> 0.0.12
job-core	UNKNOWN STEP	2026-01-15T12:13:25.8065981Z  * [new tag]             0.0.120                 -> 0.0.120
job-core	UNKNOWN STEP	2026-01-15T12:13:25.8066367Z  * [new tag]             0.0.121                 -> 0.0.121
job-core	UNKNOWN STEP	2026-01-15T12:13:25.8066782Z  * [new tag]             0.0.122                 -> 0.0.122
job-core	UNKNOWN STEP	2026-01-15T12:13:25.8067212Z  * [new tag]             0.0.123                 -> 0.0.123
job-core	UNKNOWN STEP	2026-01-15T12:13:25.8067624Z  * [new tag]             0.0.124                 -> 0.0.124
job-core	UNKNOWN STEP	2026-01-15T12:13:25.8068096Z  * [new tag]             0.0.125                 -> 0.0.125
job-core	UNKNOWN STEP	2026-01-15T12:13:25.8068566Z  * [new tag]             0.0.126                 -> 0.0.126
job-core	UNKNOWN STEP	2026-01-15T12:13:25.8069061Z  * [new tag]             0.0.127                 -> 0.0.127
job-core	UNKNOWN STEP	2026-01-15T12:13:25.8069538Z  * [new tag]             0.0.128                 -> 0.0.128
job-core	UNKNOWN STEP	2026-01-15T12:13:25.8069997Z  * [new tag]             0.0.129                 -> 0.0.129
job-core	UNKNOWN STEP	2026-01-15T12:13:25.8070451Z  * [new tag]             0.0.13                  -> 0.0.13
job-core	UNKNOWN STEP	2026-01-15T12:13:25.8070957Z  * [new tag]             0.0.130                 -> 0.0.130
job-core	UNKNOWN STEP	2026-01-15T12:13:25.8071372Z  * [new tag]             0.0.131                 -> 0.0.131
job-core	UNKNOWN STEP	2026-01-15T12:13:25.9510588Z  * [new tag]             0.0.132                 -> 0.0.132
job-core	UNKNOWN STEP	2026-01-15T12:13:25.9511673Z  * [new tag]             0.0.133                 -> 0.0.133
job-core	UNKNOWN STEP	2026-01-15T12:13:25.9512595Z  * [new tag]             0.0.134                 -> 0.0.134
job-core	UNKNOWN STEP	2026-01-15T12:13:25.9512997Z  * [new tag]             0.0.135                 -> 0.0.135
job-core	UNKNOWN STEP	2026-01-15T12:13:25.9513389Z  * [new tag]             0.0.136                 -> 0.0.136
job-core	UNKNOWN STEP	2026-01-15T12:13:25.9513778Z  * [new tag]             0.0.137                 -> 0.0.137
job-core	UNKNOWN STEP	2026-01-15T12:13:25.9514172Z  * [new tag]             0.0.138                 -> 0.0.138
job-core	UNKNOWN STEP	2026-01-15T12:13:25.9514565Z  * [new tag]             0.0.139                 -> 0.0.139
job-core	UNKNOWN STEP	2026-01-15T12:13:25.9514959Z  * [new tag]             0.0.14                  -> 0.0.14
job-core	UNKNOWN STEP	2026-01-15T12:13:26.0075841Z  * [new tag]             0.0.140                 -> 0.0.140
job-core	UNKNOWN STEP	2026-01-15T12:13:26.0076375Z  * [new tag]             0.0.141                 -> 0.0.141
job-core	UNKNOWN STEP	2026-01-15T12:13:26.0076801Z  * [new tag]             0.0.142                 -> 0.0.142
job-core	UNKNOWN STEP	2026-01-15T12:13:26.0077564Z  * [new tag]             0.0.143                 -> 0.0.143
job-core	UNKNOWN STEP	2026-01-15T12:13:26.0077971Z  * [new tag]             0.0.144                 -> 0.0.144
job-core	UNKNOWN STEP	2026-01-15T12:13:26.0078366Z  * [new tag]             0.0.145                 -> 0.0.145
job-core	UNKNOWN STEP	2026-01-15T12:13:26.0078766Z  * [new tag]             0.0.146                 -> 0.0.146
job-core	UNKNOWN STEP	2026-01-15T12:13:26.0079248Z  * [new tag]             0.0.147                 -> 0.0.147
job-core	UNKNOWN STEP	2026-01-15T12:13:26.0079642Z  * [new tag]             0.0.148                 -> 0.0.148
job-core	UNKNOWN STEP	2026-01-15T12:13:26.0080028Z  * [new tag]             0.0.149                 -> 0.0.149
job-core	UNKNOWN STEP	2026-01-15T12:13:26.0080423Z  * [new tag]             0.0.15                  -> 0.0.15
job-core	UNKNOWN STEP	2026-01-15T12:13:26.0080814Z  * [new tag]             0.0.150                 -> 0.0.150
job-core	UNKNOWN STEP	2026-01-15T12:13:26.0081202Z  * [new tag]             0.0.151                 -> 0.0.151
job-core	UNKNOWN STEP	2026-01-15T12:13:26.0081602Z  * [new tag]             0.0.152                 -> 0.0.152
job-core	UNKNOWN STEP	2026-01-15T12:13:26.0360431Z  * [new tag]             0.0.153                 -> 0.0.153
job-core	UNKNOWN STEP	2026-01-15T12:13:26.0361458Z  * [new tag]             0.0.154                 -> 0.0.154
job-core	UNKNOWN STEP	2026-01-15T12:13:26.0364237Z  * [new tag]             0.0.155                 -> 0.0.155
job-core	UNKNOWN STEP	2026-01-15T12:13:26.0364870Z  * [new tag]             0.0.156                 -> 0.0.156
job-core	UNKNOWN STEP	2026-01-15T12:13:26.0365386Z  * [new tag]             0.0.157                 -> 0.0.157
job-core	UNKNOWN STEP	2026-01-15T12:13:26.0366337Z  * [new tag]             0.0.158                 -> 0.0.158
job-core	UNKNOWN STEP	2026-01-15T12:13:26.0366738Z  * [new tag]             0.0.159                 -> 0.0.159
job-core	UNKNOWN STEP	2026-01-15T12:13:26.0367183Z  * [new tag]             0.0.16                  -> 0.0.16
job-core	UNKNOWN STEP	2026-01-15T12:13:26.0367576Z  * [new tag]             0.0.160                 -> 0.0.160
job-core	UNKNOWN STEP	2026-01-15T12:13:26.0367971Z  * [new tag]             0.0.161                 -> 0.0.161
job-core	UNKNOWN STEP	2026-01-15T12:13:26.0368355Z  * [new tag]             0.0.162                 -> 0.0.162
job-core	UNKNOWN STEP	2026-01-15T12:13:26.0368743Z  * [new tag]             0.0.163                 -> 0.0.163
job-core	UNKNOWN STEP	2026-01-15T12:13:26.0369154Z  * [new tag]             0.0.164                 -> 0.0.164
job-core	UNKNOWN STEP	2026-01-15T12:13:26.0400132Z  * [new tag]             0.0.165                 -> 0.0.165
job-core	UNKNOWN STEP	2026-01-15T12:13:26.0400609Z  * [new tag]             0.0.166                 -> 0.0.166
job-core	UNKNOWN STEP	2026-01-15T12:13:26.0400994Z  * [new tag]             0.0.167                 -> 0.0.167
job-core	UNKNOWN STEP	2026-01-15T12:13:26.0401408Z  * [new tag]             0.0.168                 -> 0.0.168
job-core	UNKNOWN STEP	2026-01-15T12:13:26.0401944Z  * [new tag]             0.0.169                 -> 0.0.169
job-core	UNKNOWN STEP	2026-01-15T12:13:26.0402328Z  * [new tag]             0.0.17                  -> 0.0.17
job-core	UNKNOWN STEP	2026-01-15T12:13:26.0402713Z  * [new tag]             0.0.170                 -> 0.0.170
job-core	UNKNOWN STEP	2026-01-15T12:13:26.0403092Z  * [new tag]             0.0.171                 -> 0.0.171
job-core	UNKNOWN STEP	2026-01-15T12:13:26.0403576Z  * [new tag]             0.0.172                 -> 0.0.172
job-core	UNKNOWN STEP	2026-01-15T12:13:26.0404072Z  * [new tag]             0.0.173                 -> 0.0.173
job-core	UNKNOWN STEP	2026-01-15T12:13:26.0405191Z  * [new tag]             0.0.174                 -> 0.0.174
job-core	UNKNOWN STEP	2026-01-15T12:13:26.0405612Z  * [new tag]             0.0.175                 -> 0.0.175
job-core	UNKNOWN STEP	2026-01-15T12:13:26.0406001Z  * [new tag]             0.0.176                 -> 0.0.176
job-core	UNKNOWN STEP	2026-01-15T12:13:26.0406386Z  * [new tag]             0.0.177                 -> 0.0.177
job-core	UNKNOWN STEP	2026-01-15T12:13:26.0406766Z  * [new tag]             0.0.178                 -> 0.0.178
job-core	UNKNOWN STEP	2026-01-15T12:13:26.0407140Z  * [new tag]             0.0.179                 -> 0.0.179
job-core	UNKNOWN STEP	2026-01-15T12:13:26.0407536Z  * [new tag]             0.0.18                  -> 0.0.18
job-core	UNKNOWN STEP	2026-01-15T12:13:26.0407918Z  * [new tag]             0.0.19                  -> 0.0.19
job-core	UNKNOWN STEP	2026-01-15T12:13:26.0408307Z  * [new tag]             0.0.2                   -> 0.0.2
job-core	UNKNOWN STEP	2026-01-15T12:13:26.0408686Z  * [new tag]             0.0.20                  -> 0.0.20
job-core	UNKNOWN STEP	2026-01-15T12:13:26.0409071Z  * [new tag]             0.0.21                  -> 0.0.21
job-core	UNKNOWN STEP	2026-01-15T12:13:26.0409452Z  * [new tag]             0.0.22                  -> 0.0.22
job-core	UNKNOWN STEP	2026-01-15T12:13:26.0410119Z  * [new tag]             0.0.23                  -> 0.0.23
job-core	UNKNOWN STEP	2026-01-15T12:13:26.0410513Z  * [new tag]             0.0.24                  -> 0.0.24
job-core	UNKNOWN STEP	2026-01-15T12:13:26.0410888Z  * [new tag]             0.0.25                  -> 0.0.25
job-core	UNKNOWN STEP	2026-01-15T12:13:26.0411272Z  * [new tag]             0.0.26                  -> 0.0.26
job-core	UNKNOWN STEP	2026-01-15T12:13:26.0411649Z  * [new tag]             0.0.27                  -> 0.0.27
job-core	UNKNOWN STEP	2026-01-15T12:13:26.1118271Z  * [new tag]             0.0.28                  -> 0.0.28
job-core	UNKNOWN STEP	2026-01-15T12:13:26.1118725Z  * [new tag]             0.0.29                  -> 0.0.29
job-core	UNKNOWN STEP	2026-01-15T12:13:26.1119147Z  * [new tag]             0.0.3                   -> 0.0.3
job-core	UNKNOWN STEP	2026-01-15T12:13:26.1119536Z  * [new tag]             0.0.30                  -> 0.0.30
job-core	UNKNOWN STEP	2026-01-15T12:13:26.1119920Z  * [new tag]             0.0.31                  -> 0.0.31
job-core	UNKNOWN STEP	2026-01-15T12:13:26.1120366Z  * [new tag]             0.0.32                  -> 0.0.32
job-core	UNKNOWN STEP	2026-01-15T12:13:26.1120744Z  * [new tag]             0.0.33                  -> 0.0.33
job-core	UNKNOWN STEP	2026-01-15T12:13:26.1121143Z  * [new tag]             0.0.34                  -> 0.0.34
job-core	UNKNOWN STEP	2026-01-15T12:13:26.2580142Z  * [new tag]             0.0.35                  -> 0.0.35
job-core	UNKNOWN STEP	2026-01-15T12:13:26.2581154Z  * [new tag]             0.0.36                  -> 0.0.36
job-core	UNKNOWN STEP	2026-01-15T12:13:26.2581547Z  * [new tag]             0.0.37                  -> 0.0.37
job-core	UNKNOWN STEP	2026-01-15T12:13:26.2582081Z  * [new tag]             0.0.38                  -> 0.0.38
job-core	UNKNOWN STEP	2026-01-15T12:13:26.2582446Z  * [new tag]             0.0.39                  -> 0.0.39
job-core	UNKNOWN STEP	2026-01-15T12:13:26.2582808Z  * [new tag]             0.0.4                   -> 0.0.4
job-core	UNKNOWN STEP	2026-01-15T12:13:26.2583170Z  * [new tag]             0.0.40                  -> 0.0.40
job-core	UNKNOWN STEP	2026-01-15T12:13:26.2583551Z  * [new tag]             0.0.41                  -> 0.0.41
job-core	UNKNOWN STEP	2026-01-15T12:13:26.2583912Z  * [new tag]             0.0.42                  -> 0.0.42
job-core	UNKNOWN STEP	2026-01-15T12:13:26.2584275Z  * [new tag]             0.0.43                  -> 0.0.43
job-core	UNKNOWN STEP	2026-01-15T12:13:26.2584633Z  * [new tag]             0.0.44                  -> 0.0.44
job-core	UNKNOWN STEP	2026-01-15T12:13:26.2585024Z  * [new tag]             0.0.45                  -> 0.0.45
job-core	UNKNOWN STEP	2026-01-15T12:13:26.2585394Z  * [new tag]             0.0.46                  -> 0.0.46
job-core	UNKNOWN STEP	2026-01-15T12:13:26.2585760Z  * [new tag]             0.0.47                  -> 0.0.47
job-core	UNKNOWN STEP	2026-01-15T12:13:26.2586120Z  * [new tag]             0.0.48                  -> 0.0.48
job-core	UNKNOWN STEP	2026-01-15T12:13:26.2586485Z  * [new tag]             0.0.49                  -> 0.0.49
job-core	UNKNOWN STEP	2026-01-15T12:13:26.2586846Z  * [new tag]             0.0.5                   -> 0.0.5
job-core	UNKNOWN STEP	2026-01-15T12:13:26.2593677Z  * [new tag]             0.0.50                  -> 0.0.50
job-core	UNKNOWN STEP	2026-01-15T12:13:26.2594068Z  * [new tag]             0.0.51                  -> 0.0.51
job-core	UNKNOWN STEP	2026-01-15T12:13:26.2594426Z  * [new tag]             0.0.52                  -> 0.0.52
job-core	UNKNOWN STEP	2026-01-15T12:13:26.2594779Z  * [new tag]             0.0.53                  -> 0.0.53
job-core	UNKNOWN STEP	2026-01-15T12:13:26.2595133Z  * [new tag]             0.0.54                  -> 0.0.54
job-core	UNKNOWN STEP	2026-01-15T12:13:26.2595495Z  * [new tag]             0.0.55                  -> 0.0.55
job-core	UNKNOWN STEP	2026-01-15T12:13:26.2595859Z  * [new tag]             0.0.56                  -> 0.0.56
job-core	UNKNOWN STEP	2026-01-15T12:13:26.2596211Z  * [new tag]             0.0.57                  -> 0.0.57
job-core	UNKNOWN STEP	2026-01-15T12:13:26.2596564Z  * [new tag]             0.0.58                  -> 0.0.58
job-core	UNKNOWN STEP	2026-01-15T12:13:26.2597005Z  * [new tag]             0.0.59                  -> 0.0.59
job-core	UNKNOWN STEP	2026-01-15T12:13:26.2597360Z  * [new tag]             0.0.6                   -> 0.0.6
job-core	UNKNOWN STEP	2026-01-15T12:13:26.2597766Z  * [new tag]             0.0.60                  -> 0.0.60
job-core	UNKNOWN STEP	2026-01-15T12:13:26.2598120Z  * [new tag]             0.0.61                  -> 0.0.61
job-core	UNKNOWN STEP	2026-01-15T12:13:26.2598471Z  * [new tag]             0.0.62                  -> 0.0.62
job-core	UNKNOWN STEP	2026-01-15T12:13:26.2598817Z  * [new tag]             0.0.63                  -> 0.0.63
job-core	UNKNOWN STEP	2026-01-15T12:13:26.2599170Z  * [new tag]             0.0.64                  -> 0.0.64
job-core	UNKNOWN STEP	2026-01-15T12:13:26.2599530Z  * [new tag]             0.0.65                  -> 0.0.65
job-core	UNKNOWN STEP	2026-01-15T12:13:26.2600188Z  * [new tag]             0.0.66                  -> 0.0.66
job-core	UNKNOWN STEP	2026-01-15T12:13:26.2600536Z  * [new tag]             0.0.67                  -> 0.0.67
job-core	UNKNOWN STEP	2026-01-15T12:13:26.2600889Z  * [new tag]             0.0.68                  -> 0.0.68
job-core	UNKNOWN STEP	2026-01-15T12:13:26.2601240Z  * [new tag]             0.0.69                  -> 0.0.69
job-core	UNKNOWN STEP	2026-01-15T12:13:26.2601597Z  * [new tag]             0.0.7                   -> 0.0.7
job-core	UNKNOWN STEP	2026-01-15T12:13:26.4197520Z  * [new tag]             0.0.70                  -> 0.0.70
job-core	UNKNOWN STEP	2026-01-15T12:13:26.4197976Z  * [new tag]             0.0.71                  -> 0.0.71
job-core	UNKNOWN STEP	2026-01-15T12:13:26.4198353Z  * [new tag]             0.0.72                  -> 0.0.72
job-core	UNKNOWN STEP	2026-01-15T12:13:26.4198726Z  * [new tag]             0.0.73                  -> 0.0.73
job-core	UNKNOWN STEP	2026-01-15T12:13:26.4199095Z  * [new tag]             0.0.74                  -> 0.0.74
job-core	UNKNOWN STEP	2026-01-15T12:13:26.4199457Z  * [new tag]             0.0.75                  -> 0.0.75
job-core	UNKNOWN STEP	2026-01-15T12:13:26.4209813Z  * [new tag]             0.0.76                  -> 0.0.76
job-core	UNKNOWN STEP	2026-01-15T12:13:26.4246101Z  * [new tag]             0.0.77                  -> 0.0.77
job-core	UNKNOWN STEP	2026-01-15T12:13:26.4246891Z  * [new tag]             0.0.78                  -> 0.0.78
job-core	UNKNOWN STEP	2026-01-15T12:13:26.4247262Z  * [new tag]             0.0.79                  -> 0.0.79
job-core	UNKNOWN STEP	2026-01-15T12:13:26.4247626Z  * [new tag]             0.0.8                   -> 0.0.8
job-core	UNKNOWN STEP	2026-01-15T12:13:26.4247990Z  * [new tag]             0.0.80                  -> 0.0.80
job-core	UNKNOWN STEP	2026-01-15T12:13:26.4248352Z  * [new tag]             0.0.81                  -> 0.0.81
job-core	UNKNOWN STEP	2026-01-15T12:13:26.4248717Z  * [new tag]             0.0.82                  -> 0.0.82
job-core	UNKNOWN STEP	2026-01-15T12:13:26.4249082Z  * [new tag]             0.0.83                  -> 0.0.83
job-core	UNKNOWN STEP	2026-01-15T12:13:26.4249449Z  * [new tag]             0.0.84                  -> 0.0.84
job-core	UNKNOWN STEP	2026-01-15T12:13:26.4249838Z  * [new tag]             0.0.85                  -> 0.0.85
job-core	UNKNOWN STEP	2026-01-15T12:13:26.4250211Z  * [new tag]             0.0.86                  -> 0.0.86
job-core	UNKNOWN STEP	2026-01-15T12:13:26.4250591Z  * [new tag]             0.0.87                  -> 0.0.87
job-core	UNKNOWN STEP	2026-01-15T12:13:26.4250959Z  * [new tag]             0.0.88                  -> 0.0.88
job-core	UNKNOWN STEP	2026-01-15T12:13:26.4251315Z  * [new tag]             0.0.89                  -> 0.0.89
job-core	UNKNOWN STEP	2026-01-15T12:13:26.4251679Z  * [new tag]             0.0.9                   -> 0.0.9
job-core	UNKNOWN STEP	2026-01-15T12:13:26.7493765Z  * [new tag]             0.0.90                  -> 0.0.90
job-core	UNKNOWN STEP	2026-01-15T12:13:26.7494169Z  * [new tag]             0.0.91                  -> 0.0.91
job-core	UNKNOWN STEP	2026-01-15T12:13:26.7494533Z  * [new tag]             0.0.92                  -> 0.0.92
job-core	UNKNOWN STEP	2026-01-15T12:13:26.7494896Z  * [new tag]             0.0.93                  -> 0.0.93
job-core	UNKNOWN STEP	2026-01-15T12:13:26.7495251Z  * [new tag]             0.0.94                  -> 0.0.94
job-core	UNKNOWN STEP	2026-01-15T12:13:26.7495599Z  * [new tag]             0.0.95                  -> 0.0.95
job-core	UNKNOWN STEP	2026-01-15T12:13:26.7495953Z  * [new tag]             0.0.96                  -> 0.0.96
job-core	UNKNOWN STEP	2026-01-15T12:13:26.7496308Z  * [new tag]             0.0.97                  -> 0.0.97
job-core	UNKNOWN STEP	2026-01-15T12:13:26.7496698Z  * [new tag]             0.0.98                  -> 0.0.98
job-core	UNKNOWN STEP	2026-01-15T12:13:26.7497060Z  * [new tag]             0.0.99                  -> 0.0.99
job-core	UNKNOWN STEP	2026-01-15T12:13:26.7497420Z  * [new tag]             0.1.0                   -> 0.1.0
job-core	UNKNOWN STEP	2026-01-15T12:13:26.7497781Z  * [new tag]             0.1.1                   -> 0.1.1
job-core	UNKNOWN STEP	2026-01-15T12:13:26.7498136Z  * [new tag]             0.2.0                   -> 0.2.0
job-core	UNKNOWN STEP	2026-01-15T12:13:26.7498510Z  * [new tag]             0.3.0                   -> 0.3.0
job-core	UNKNOWN STEP	2026-01-15T12:13:26.7498877Z  * [new tag]             0.3.1                   -> 0.3.1
job-core	UNKNOWN STEP	2026-01-15T12:13:26.7499245Z  * [new tag]             0.3.10                  -> 0.3.10
job-core	UNKNOWN STEP	2026-01-15T12:13:26.7499642Z  * [new tag]             0.3.11                  -> 0.3.11
job-core	UNKNOWN STEP	2026-01-15T12:13:26.7500020Z  * [new tag]             0.3.12                  -> 0.3.12
job-core	UNKNOWN STEP	2026-01-15T12:13:26.7500388Z  * [new tag]             0.3.13                  -> 0.3.13
job-core	UNKNOWN STEP	2026-01-15T12:13:26.7500753Z  * [new tag]             0.3.14                  -> 0.3.14
job-core	UNKNOWN STEP	2026-01-15T12:13:26.7501472Z  * [new tag]             0.3.15                  -> 0.3.15
job-core	UNKNOWN STEP	2026-01-15T12:13:26.7501948Z  * [new tag]             0.3.16                  -> 0.3.16
job-core	UNKNOWN STEP	2026-01-15T12:13:26.7502325Z  * [new tag]             0.3.17                  -> 0.3.17
job-core	UNKNOWN STEP	2026-01-15T12:13:26.7502690Z  * [new tag]             0.3.2                   -> 0.3.2
job-core	UNKNOWN STEP	2026-01-15T12:13:26.7503055Z  * [new tag]             0.3.3                   -> 0.3.3
job-core	UNKNOWN STEP	2026-01-15T12:13:26.7503424Z  * [new tag]             0.3.4                   -> 0.3.4
job-core	UNKNOWN STEP	2026-01-15T12:13:26.7503785Z  * [new tag]             0.3.5                   -> 0.3.5
job-core	UNKNOWN STEP	2026-01-15T12:13:26.7504145Z  * [new tag]             0.3.6                   -> 0.3.6
job-core	UNKNOWN STEP	2026-01-15T12:13:26.7504522Z  * [new tag]             0.3.7                   -> 0.3.7
job-core	UNKNOWN STEP	2026-01-15T12:13:26.7504889Z  * [new tag]             0.3.8                   -> 0.3.8
job-core	UNKNOWN STEP	2026-01-15T12:13:26.7505256Z  * [new tag]             0.3.9                   -> 0.3.9
job-core	UNKNOWN STEP	2026-01-15T12:13:26.7505645Z  * [new tag]             0.4.0                   -> 0.4.0
job-core	UNKNOWN STEP	2026-01-15T12:13:26.7506196Z  * [new tag]             0.4.1                   -> 0.4.1
job-core	UNKNOWN STEP	2026-01-15T12:13:26.7506583Z  * [new tag]             0.4.10                  -> 0.4.10
job-core	UNKNOWN STEP	2026-01-15T12:13:26.7506941Z  * [new tag]             0.4.2                   -> 0.4.2
job-core	UNKNOWN STEP	2026-01-15T12:13:26.7507299Z  * [new tag]             0.4.3                   -> 0.4.3
job-core	UNKNOWN STEP	2026-01-15T12:13:26.7507659Z  * [new tag]             0.4.4                   -> 0.4.4
job-core	UNKNOWN STEP	2026-01-15T12:13:26.7508021Z  * [new tag]             0.4.5                   -> 0.4.5
job-core	UNKNOWN STEP	2026-01-15T12:13:26.7508395Z  * [new tag]             0.4.6                   -> 0.4.6
job-core	UNKNOWN STEP	2026-01-15T12:13:26.7508778Z  * [new tag]             0.4.7                   -> 0.4.7
job-core	UNKNOWN STEP	2026-01-15T12:13:26.7509144Z  * [new tag]             0.4.8                   -> 0.4.8
job-core	UNKNOWN STEP	2026-01-15T12:13:26.7509500Z  * [new tag]             0.4.9                   -> 0.4.9
job-core	UNKNOWN STEP	2026-01-15T12:13:28.1539844Z [command]/usr/bin/git branch --list --remote origin/H2436-modulo-de-mongo
job-core	UNKNOWN STEP	2026-01-15T12:13:28.4764596Z   origin/H2436-modulo-de-mongo
job-core	UNKNOWN STEP	2026-01-15T12:13:28.4766980Z [command]/usr/bin/git rev-parse refs/remotes/origin/H2436-modulo-de-mongo
job-core	UNKNOWN STEP	2026-01-15T12:13:28.4767762Z 81c07962eb4ead5f2ddaf2731a3737088edb1718
job-core	UNKNOWN STEP	2026-01-15T12:13:28.5053618Z [command]/usr/bin/git -c protocol.version=2 fetch --no-tags --prune --no-recurse-submodules origin +16e2a3738b6b0d3eb1bb24ed64efd17681816d79:refs/remotes/origin/H2436-modulo-de-mongo
job-core	UNKNOWN STEP	2026-01-15T12:13:29.6953262Z From https://github.com/Ka0s-Klaus/ka0s
job-core	UNKNOWN STEP	2026-01-15T12:13:29.6955508Z  + 81c07962e...16e2a3738 16e2a3738b6b0d3eb1bb24ed64efd17681816d79 -> origin/H2436-modulo-de-mongo  (forced update)
job-core	UNKNOWN STEP	2026-01-15T12:13:30.1984218Z ##[endgroup]
job-core	UNKNOWN STEP	2026-01-15T12:13:30.2103024Z ##[group]Determining the checkout info
job-core	UNKNOWN STEP	2026-01-15T12:13:30.2183281Z ##[endgroup]
job-core	UNKNOWN STEP	2026-01-15T12:13:30.4133880Z [command]/usr/bin/git sparse-checkout disable
job-core	UNKNOWN STEP	2026-01-15T12:13:31.3802788Z [command]/usr/bin/git config --local --unset-all extensions.worktreeConfig
job-core	UNKNOWN STEP	2026-01-15T12:13:31.6599228Z ##[group]Checking out the ref
job-core	UNKNOWN STEP	2026-01-15T12:13:31.7483467Z [command]/usr/bin/git checkout --progress --force -B H2436-modulo-de-mongo refs/remotes/origin/H2436-modulo-de-mongo
job-core	UNKNOWN STEP	2026-01-15T12:13:33.2449590Z Updating files:   1% (28/1498)
job-core	UNKNOWN STEP	2026-01-15T12:13:33.5732845Z Updating files:   2% (30/1498)
job-core	UNKNOWN STEP	2026-01-15T12:13:33.8829290Z Updating files:   3% (45/1498)
job-core	UNKNOWN STEP	2026-01-15T12:13:34.0879508Z Updating files:   4% (60/1498)
job-core	UNKNOWN STEP	2026-01-15T12:13:34.1951285Z Updating files:   5% (75/1498)
job-core	UNKNOWN STEP	2026-01-15T12:13:34.2400671Z Updating files:   5% (78/1498)
job-core	UNKNOWN STEP	2026-01-15T12:13:34.2537404Z Updating files:   6% (90/1498)
job-core	UNKNOWN STEP	2026-01-15T12:13:34.3081338Z Updating files:   7% (105/1498)
job-core	UNKNOWN STEP	2026-01-15T12:13:34.3780965Z Updating files:   8% (120/1498)
job-core	UNKNOWN STEP	2026-01-15T12:13:34.5953384Z Updating files:   9% (135/1498)
job-core	UNKNOWN STEP	2026-01-15T12:13:35.2643416Z Updating files:  10% (150/1498)
job-core	UNKNOWN STEP	2026-01-15T12:13:35.2742606Z Updating files:  10% (164/1498)
job-core	UNKNOWN STEP	2026-01-15T12:13:35.4735814Z Updating files:  11% (165/1498)
job-core	UNKNOWN STEP	2026-01-15T12:13:36.0138227Z Updating files:  12% (180/1498)
job-core	UNKNOWN STEP	2026-01-15T12:13:36.2904473Z Updating files:  13% (195/1498)
job-core	UNKNOWN STEP	2026-01-15T12:13:37.1932287Z Updating files:  13% (199/1498)
job-core	UNKNOWN STEP	2026-01-15T12:13:37.2697774Z Updating files:  13% (208/1498)
job-core	UNKNOWN STEP	2026-01-15T12:13:37.7533269Z Updating files:  14% (210/1498)
job-core	UNKNOWN STEP	2026-01-15T12:13:37.9850994Z Updating files:  15% (225/1498)
job-core	UNKNOWN STEP	2026-01-15T12:13:38.4087453Z Updating files:  16% (240/1498)
job-core	UNKNOWN STEP	2026-01-15T12:13:38.4332535Z Updating files:  16% (246/1498)
job-core	UNKNOWN STEP	2026-01-15T12:13:38.6566147Z Updating files:  17% (255/1498)
job-core	UNKNOWN STEP	2026-01-15T12:13:38.9323148Z Updating files:  18% (270/1498)
job-core	UNKNOWN STEP	2026-01-15T12:13:39.0529333Z Updating files:  19% (285/1498)
job-core	UNKNOWN STEP	2026-01-15T12:13:39.1810657Z Updating files:  20% (300/1498)
job-core	UNKNOWN STEP	2026-01-15T12:13:39.2534036Z Updating files:  20% (306/1498)
job-core	UNKNOWN STEP	2026-01-15T12:13:39.4805565Z Updating files:  21% (315/1498)
job-core	UNKNOWN STEP	2026-01-15T12:13:39.8730576Z Updating files:  22% (330/1498)
job-core	UNKNOWN STEP	2026-01-15T12:13:39.9250288Z Updating files:  23% (345/1498)
job-core	UNKNOWN STEP	2026-01-15T12:13:40.0402831Z Updating files:  24% (360/1498)
job-core	UNKNOWN STEP	2026-01-15T12:13:40.3064827Z Updating files:  25% (375/1498)
job-core	UNKNOWN STEP	2026-01-15T12:13:40.6750403Z Updating files:  25% (380/1498)
job-core	UNKNOWN STEP	2026-01-15T12:13:40.8066790Z Updating files:  26% (390/1498)
job-core	UNKNOWN STEP	2026-01-15T12:13:40.9304861Z Updating files:  27% (405/1498)
job-core	UNKNOWN STEP	2026-01-15T12:13:41.5724034Z Updating files:  28% (420/1498)
job-core	UNKNOWN STEP	2026-01-15T12:13:41.5839046Z Updating files:  28% (434/1498)
job-core	UNKNOWN STEP	2026-01-15T12:13:41.5931240Z Updating files:  29% (435/1498)
job-core	UNKNOWN STEP	2026-01-15T12:13:41.7338209Z Updating files:  30% (450/1498)
job-core	UNKNOWN STEP	2026-01-15T12:13:42.2143124Z Updating files:  31% (465/1498)
job-core	UNKNOWN STEP	2026-01-15T12:13:42.2532907Z Updating files:  32% (480/1498)
job-core	UNKNOWN STEP	2026-01-15T12:13:43.0350178Z Updating files:  32% (481/1498)
job-core	UNKNOWN STEP	2026-01-15T12:13:43.2356357Z Updating files:  33% (495/1498)
job-core	UNKNOWN STEP	2026-01-15T12:13:43.9763619Z Updating files:  33% (500/1498)
job-core	UNKNOWN STEP	2026-01-15T12:13:44.2938762Z Updating files:  34% (510/1498)
job-core	UNKNOWN STEP	2026-01-15T12:13:44.3524078Z Updating files:  34% (518/1498)
job-core	UNKNOWN STEP	2026-01-15T12:13:44.8582791Z Updating files:  35% (525/1498)
job-core	UNKNOWN STEP	2026-01-15T12:13:45.1759121Z Updating files:  36% (540/1498)
job-core	UNKNOWN STEP	2026-01-15T12:13:45.2642977Z Updating files:  37% (555/1498)
job-core	UNKNOWN STEP	2026-01-15T12:13:45.2693330Z Updating files:  38% (570/1498)
job-core	UNKNOWN STEP	2026-01-15T12:13:45.4742113Z Updating files:  38% (571/1498)
job-core	UNKNOWN STEP	2026-01-15T12:13:45.8359094Z Updating files:  39% (585/1498)
job-core	UNKNOWN STEP	2026-01-15T12:13:46.1427831Z Updating files:  40% (600/1498)
job-core	UNKNOWN STEP	2026-01-15T12:13:46.3014453Z Updating files:  41% (615/1498)
job-core	UNKNOWN STEP	2026-01-15T12:13:46.4341975Z Updating files:  41% (624/1498)
job-core	UNKNOWN STEP	2026-01-15T12:13:46.5807702Z Updating files:  42% (630/1498)
job-core	UNKNOWN STEP	2026-01-15T12:13:46.9512420Z Updating files:  43% (645/1498)
job-core	UNKNOWN STEP	2026-01-15T12:13:47.1706853Z Updating files:  44% (660/1498)
job-core	UNKNOWN STEP	2026-01-15T12:13:47.2082902Z Updating files:  45% (675/1498)
job-core	UNKNOWN STEP	2026-01-15T12:13:47.2990021Z Updating files:  45% (676/1498)
job-core	UNKNOWN STEP	2026-01-15T12:13:47.4562847Z Updating files:  46% (690/1498)
job-core	UNKNOWN STEP	2026-01-15T12:13:48.0080511Z Updating files:  47% (705/1498)
job-core	UNKNOWN STEP	2026-01-15T12:13:48.0080845Z Updating files:  48% (720/1498)
job-core	UNKNOWN STEP	2026-01-15T12:13:48.0081120Z Updating files:  49% (735/1498)
job-core	UNKNOWN STEP	2026-01-15T12:13:48.0081384Z Updating files:  50% (749/1498)
job-core	UNKNOWN STEP	2026-01-15T12:13:48.0081677Z Updating files:  51% (764/1498)
job-core	UNKNOWN STEP	2026-01-15T12:13:48.0082041Z Updating files:  52% (779/1498)
job-core	UNKNOWN STEP	2026-01-15T12:13:48.0082311Z Updating files:  53% (794/1498)
job-core	UNKNOWN STEP	2026-01-15T12:13:48.0082574Z Updating files:  54% (809/1498)
job-core	UNKNOWN STEP	2026-01-15T12:13:48.1952949Z Updating files:  55% (824/1498)
job-core	UNKNOWN STEP	2026-01-15T12:13:48.2155306Z Updating files:  56% (839/1498)
job-core	UNKNOWN STEP	2026-01-15T12:13:48.2156061Z Updating files:  57% (854/1498)
job-core	UNKNOWN STEP	2026-01-15T12:13:48.3946409Z Updating files:  58% (869/1498)
job-core	UNKNOWN STEP	2026-01-15T12:13:48.3950121Z Updating files:  58% (874/1498)
job-core	UNKNOWN STEP	2026-01-15T12:13:48.4808114Z Updating files:  59% (884/1498)
job-core	UNKNOWN STEP	2026-01-15T12:13:48.9715952Z Updating files:  60% (899/1498)
job-core	UNKNOWN STEP	2026-01-15T12:13:49.3879110Z Updating files:  61% (914/1498)
job-core	UNKNOWN STEP	2026-01-15T12:13:50.2054476Z Updating files:  61% (921/1498)
job-core	UNKNOWN STEP	2026-01-15T12:13:52.1156587Z Updating files:  61% (922/1498)
job-core	UNKNOWN STEP	2026-01-15T12:13:52.2367053Z Updating files:  61% (923/1498)
job-core	UNKNOWN STEP	2026-01-15T12:13:54.1252964Z Updating files:  61% (926/1498)
job-core	UNKNOWN STEP	2026-01-15T12:13:54.1305284Z Updating files:  61% (928/1498)
job-core	UNKNOWN STEP	2026-01-15T12:13:54.1404126Z Updating files:  62% (929/1498)
job-core	UNKNOWN STEP	2026-01-15T12:13:54.2344620Z Updating files:  63% (944/1498)
job-core	UNKNOWN STEP	2026-01-15T12:13:54.2880511Z Updating files:  63% (955/1498)
job-core	UNKNOWN STEP	2026-01-15T12:13:54.3965206Z Updating files:  64% (959/1498)
job-core	UNKNOWN STEP	2026-01-15T12:13:54.5622886Z Updating files:  65% (974/1498)
job-core	UNKNOWN STEP	2026-01-15T12:13:54.8827366Z Updating files:  66% (989/1498)
job-core	UNKNOWN STEP	2026-01-15T12:13:55.4283349Z Updating files:  67% (1004/1498)
job-core	UNKNOWN STEP	2026-01-15T12:13:55.4284170Z Updating files:  68% (1019/1498)
job-core	UNKNOWN STEP	2026-01-15T12:13:55.4284615Z Updating files:  68% (1021/1498)
job-core	UNKNOWN STEP	2026-01-15T12:13:55.4285190Z Updating files:  69% (1034/1498)
job-core	UNKNOWN STEP	2026-01-15T12:13:56.2723243Z Updating files:  70% (1049/1498)
job-core	UNKNOWN STEP	2026-01-15T12:13:56.8643320Z Updating files:  70% (1061/1498)
job-core	UNKNOWN STEP	2026-01-15T12:13:57.0817997Z Updating files:  71% (1064/1498)
job-core	UNKNOWN STEP	2026-01-15T12:13:57.4343603Z Updating files:  72% (1079/1498)
job-core	UNKNOWN STEP	2026-01-15T12:13:58.5422867Z Updating files:  72% (1084/1498)
job-core	UNKNOWN STEP	2026-01-15T12:13:58.5423606Z Updating files:  72% (1085/1498)
job-core	UNKNOWN STEP	2026-01-15T12:13:58.7020627Z Updating files:  73% (1094/1498)
job-core	UNKNOWN STEP	2026-01-15T12:13:58.7069115Z Updating files:  74% (1109/1498)
job-core	UNKNOWN STEP	2026-01-15T12:13:59.1620539Z Updating files:  75% (1124/1498)
job-core	UNKNOWN STEP	2026-01-15T12:13:59.1621527Z Updating files:  76% (1139/1498)
job-core	UNKNOWN STEP	2026-01-15T12:13:59.1622423Z Updating files:  77% (1154/1498)
job-core	UNKNOWN STEP	2026-01-15T12:14:00.8444108Z Updating files:  78% (1169/1498)
job-core	UNKNOWN STEP	2026-01-15T12:14:00.8503030Z Updating files:  78% (1181/1498)
job-core	UNKNOWN STEP	2026-01-15T12:14:00.8686984Z Updating files:  79% (1184/1498)
job-core	UNKNOWN STEP	2026-01-15T12:14:00.9318691Z Updating files:  80% (1199/1498)
job-core	UNKNOWN STEP	2026-01-15T12:14:00.9319388Z Updating files:  81% (1214/1498)
job-core	UNKNOWN STEP	2026-01-15T12:14:01.0813347Z Updating files:  82% (1229/1498)
job-core	UNKNOWN STEP	2026-01-15T12:14:01.0813688Z Updating files:  83% (1244/1498)
job-core	UNKNOWN STEP	2026-01-15T12:14:01.0813969Z Updating files:  84% (1259/1498)
job-core	UNKNOWN STEP	2026-01-15T12:14:01.0814242Z Updating files:  85% (1274/1498)
job-core	UNKNOWN STEP	2026-01-15T12:14:01.8326237Z Updating files:  86% (1289/1498)
job-core	UNKNOWN STEP	2026-01-15T12:14:02.1929951Z Updating files:  86% (1292/1498)
job-core	UNKNOWN STEP	2026-01-15T12:14:02.7558940Z Updating files:  86% (1298/1498)
job-core	UNKNOWN STEP	2026-01-15T12:14:03.3944269Z Updating files:  87% (1304/1498)
job-core	UNKNOWN STEP	2026-01-15T12:14:03.3951127Z Updating files:  87% (1316/1498)
job-core	UNKNOWN STEP	2026-01-15T12:14:04.1029273Z Updating files:  88% (1319/1498)
job-core	UNKNOWN STEP	2026-01-15T12:14:04.1944267Z Updating files:  89% (1334/1498)
job-core	UNKNOWN STEP	2026-01-15T12:14:05.2758932Z Updating files:  89% (1335/1498)
job-core	UNKNOWN STEP	2026-01-15T12:14:06.3459960Z Updating files:  89% (1341/1498)
job-core	UNKNOWN STEP	2026-01-15T12:14:06.7113236Z Updating files:  89% (1346/1498)
job-core	UNKNOWN STEP	2026-01-15T12:14:08.5192816Z Updating files:  90% (1349/1498)
job-core	UNKNOWN STEP	2026-01-15T12:14:09.3303282Z Updating files:  90% (1353/1498)
job-core	UNKNOWN STEP	2026-01-15T12:14:10.3113587Z Updating files:  90% (1356/1498)
job-core	UNKNOWN STEP	2026-01-15T12:14:11.0321702Z Updating files:  90% (1361/1498)
job-core	UNKNOWN STEP	2026-01-15T12:14:11.4287998Z Updating files:  91% (1364/1498)
job-core	UNKNOWN STEP	2026-01-15T12:14:12.4137090Z Updating files:  91% (1365/1498)
job-core	UNKNOWN STEP	2026-01-15T12:14:13.2555152Z Updating files:  91% (1369/1498)
job-core	UNKNOWN STEP	2026-01-15T12:14:14.2041156Z Updating files:  91% (1372/1498)
job-core	UNKNOWN STEP	2026-01-15T12:14:15.4213440Z Updating files:  91% (1375/1498)
job-core	UNKNOWN STEP	2026-01-15T12:14:15.7299819Z Updating files:  91% (1378/1498)
job-core	UNKNOWN STEP	2026-01-15T12:14:16.4426773Z Updating files:  92% (1379/1498)
job-core	UNKNOWN STEP	2026-01-15T12:14:17.3368375Z Updating files:  92% (1381/1498)
job-core	UNKNOWN STEP	2026-01-15T12:14:18.6225210Z Updating files:  92% (1384/1498)
job-core	UNKNOWN STEP	2026-01-15T12:14:19.4764352Z Updating files:  92% (1389/1498)
job-core	UNKNOWN STEP	2026-01-15T12:14:21.2182426Z Updating files:  92% (1391/1498)
job-core	UNKNOWN STEP	2026-01-15T12:14:21.7743162Z Updating files:  93% (1394/1498)
job-core	UNKNOWN STEP	2026-01-15T12:14:21.7746646Z Updating files:  94% (1409/1498)
job-core	UNKNOWN STEP	2026-01-15T12:14:21.7966041Z Updating files:  95% (1424/1498)
job-core	UNKNOWN STEP	2026-01-15T12:14:21.8106686Z Updating files:  96% (1439/1498)
job-core	UNKNOWN STEP	2026-01-15T12:14:21.8108589Z Updating files:  97% (1454/1498)
job-core	UNKNOWN STEP	2026-01-15T12:14:21.8109098Z Updating files:  98% (1469/1498)
job-core	UNKNOWN STEP	2026-01-15T12:14:21.8365633Z Updating files:  99% (1484/1498)
job-core	UNKNOWN STEP	2026-01-15T12:14:21.8366351Z Updating files: 100% (1498/1498)
job-core	UNKNOWN STEP	2026-01-15T12:14:21.8371146Z Updating files: 100% (1498/1498), done.
job-core	UNKNOWN STEP	2026-01-15T12:14:21.8578335Z Switched to a new branch 'H2436-modulo-de-mongo'
job-core	UNKNOWN STEP	2026-01-15T12:14:22.1005046Z branch 'H2436-modulo-de-mongo' set up to track 'origin/H2436-modulo-de-mongo'.
job-core	UNKNOWN STEP	2026-01-15T12:14:22.5614949Z ##[endgroup]
job-core	UNKNOWN STEP	2026-01-15T12:14:22.5615660Z [command]/usr/bin/git log -1 --format=%H
job-core	UNKNOWN STEP	2026-01-15T12:14:22.5616067Z 16e2a3738b6b0d3eb1bb24ed64efd17681816d79
job-core	UNKNOWN STEP	2026-01-15T12:14:23.7662714Z Prepare all required actions
job-core	UNKNOWN STEP	2026-01-15T12:14:24.9018592Z ##[group]Run ./.github/actions/install-gh-cli
job-core	UNKNOWN STEP	2026-01-15T12:14:24.9018990Z env:
job-core	UNKNOWN STEP	2026-01-15T12:14:24.9019243Z   KAOS_MODULE: [Ka0S] JSONLINT
job-core	UNKNOWN STEP	2026-01-15T12:14:24.9020517Z   GH_TOKEN: ***
job-core	UNKNOWN STEP	2026-01-15T12:14:24.9020875Z   KAOS_JSONLINT_CONFIG: core/config/.jsonlint.json
job-core	UNKNOWN STEP	2026-01-15T12:14:24.9021273Z   KAOS_PATH_RESUME: audit/jsonlint/
job-core	UNKNOWN STEP	2026-01-15T12:14:24.9021610Z   KAOS_REPO: /actions-runner/_work/kaos/kaos
job-core	UNKNOWN STEP	2026-01-15T12:14:24.9022088Z   KAOS_STEP_MODULE: 
job-core	UNKNOWN STEP	2026-01-15T12:14:24.9022359Z   KAOS_CODE: 21030571672
job-core	UNKNOWN STEP	2026-01-15T12:14:24.9022631Z   KAOS_REF_BRANCH: main
job-core	UNKNOWN STEP	2026-01-15T12:14:24.9022913Z ##[endgroup]
job-core	UNKNOWN STEP	2026-01-15T12:14:25.9269284Z ##[group]Run type -p curl >/dev/null || (sudo apt-get update && sudo apt-get install curl -y)
job-core	UNKNOWN STEP	2026-01-15T12:14:25.9270082Z [36;1mtype -p curl >/dev/null || (sudo apt-get update && sudo apt-get install curl -y)[0m
job-core	UNKNOWN STEP	2026-01-15T12:14:25.9271061Z [36;1mcurl -fsSL https://cli.github.com/packages/githubcli-archive-keyring.gpg | sudo dd of=/usr/share/keyrings/githubcli-archive-keyring.gpg \[0m
job-core	UNKNOWN STEP	2026-01-15T12:14:26.1844767Z [36;1m&& sudo chmod go+r /usr/share/keyrings/githubcli-archive-keyring.gpg \[0m
job-core	UNKNOWN STEP	2026-01-15T12:14:26.1846068Z [36;1m&& echo "deb [arch=$(dpkg --print-architecture) signed-by=/usr/share/keyrings/githubcli-archive-keyring.gpg] https://cli.github.com/packages stable main" | sudo tee /etc/apt/sources.list.d/github-cli.list > /dev/null \[0m
job-core	UNKNOWN STEP	2026-01-15T12:14:26.1847188Z [36;1m&& sudo apt-get update \[0m
job-core	UNKNOWN STEP	2026-01-15T12:14:26.1847503Z [36;1m&& sudo apt-get install gh -y[0m
job-core	UNKNOWN STEP	2026-01-15T12:14:26.2847749Z shell: /usr/bin/bash --noprofile --norc -e -o pipefail {0}
job-core	UNKNOWN STEP	2026-01-15T12:14:26.2848156Z env:
job-core	UNKNOWN STEP	2026-01-15T12:14:26.2848382Z   KAOS_MODULE: [Ka0S] JSONLINT
job-core	UNKNOWN STEP	2026-01-15T12:14:26.2973726Z   GH_TOKEN: ***
job-core	UNKNOWN STEP	2026-01-15T12:14:26.2974021Z   KAOS_JSONLINT_CONFIG: core/config/.jsonlint.json
job-core	UNKNOWN STEP	2026-01-15T12:14:26.2974372Z   KAOS_PATH_RESUME: audit/jsonlint/
job-core	UNKNOWN STEP	2026-01-15T12:14:26.2974711Z   KAOS_REPO: /actions-runner/_work/kaos/kaos
job-core	UNKNOWN STEP	2026-01-15T12:14:26.2975026Z   KAOS_STEP_MODULE: 
job-core	UNKNOWN STEP	2026-01-15T12:14:26.2975256Z   KAOS_CODE: 21030571672
job-core	UNKNOWN STEP	2026-01-15T12:14:26.2975524Z   KAOS_REF_BRANCH: main
job-core	UNKNOWN STEP	2026-01-15T12:14:26.2975761Z ##[endgroup]
job-core	UNKNOWN STEP	2026-01-15T12:14:38.2313255Z curl: (6) Could not resolve host: cli.github.com
job-core	UNKNOWN STEP	2026-01-15T12:14:38.2431461Z 0+0 records in
job-core	UNKNOWN STEP	2026-01-15T12:14:38.2457884Z 0+0 records out
job-core	UNKNOWN STEP	2026-01-15T12:14:38.2493827Z 0 bytes copied, 10.3915 s, 0.0 kB/s
job-core	UNKNOWN STEP	2026-01-15T12:14:38.3817428Z ##[error]Process completed with exit code 6.
job-core	UNKNOWN STEP	2026-01-15T12:14:39.4814599Z Post job cleanup.
job-core	UNKNOWN STEP	2026-01-15T12:14:47.6347677Z [command]/usr/bin/git version
job-core	UNKNOWN STEP	2026-01-15T12:14:48.0996951Z git version 2.52.0
job-core	UNKNOWN STEP	2026-01-15T12:14:48.4933671Z Temporarily overriding HOME='/home/runner/_work/_temp/eae11488-eeba-456e-81bb-5cde084f2016' before making global git config changes
job-core	UNKNOWN STEP	2026-01-15T12:14:48.5161032Z Adding repository directory to the temporary git global config as a safe directory
job-core	UNKNOWN STEP	2026-01-15T12:14:48.5593814Z [command]/usr/bin/git config --global --add safe.directory /home/runner/_work/ka0s/ka0s
job-core	UNKNOWN STEP	2026-01-15T12:14:48.7063169Z [command]/usr/bin/git config --local --name-only --get-regexp core\.sshCommand
job-core	UNKNOWN STEP	2026-01-15T12:14:49.0533598Z [command]/usr/bin/git submodule foreach --recursive sh -c "git config --local --name-only --get-regexp 'core\.sshCommand' && git config --local --unset-all 'core.sshCommand' || :"
job-core	UNKNOWN STEP	2026-01-15T12:14:51.4305736Z [command]/usr/bin/git config --local --name-only --get-regexp http\.https\:\/\/github\.com\/\.extraheader
job-core	UNKNOWN STEP	2026-01-15T12:14:51.5688254Z http.https://github.com/.extraheader
job-core	UNKNOWN STEP	2026-01-15T12:14:51.7626694Z [command]/usr/bin/git config --local --unset-all http.https://github.com/.extraheader
job-core	UNKNOWN STEP	2026-01-15T12:14:52.0567695Z [command]/usr/bin/git submodule foreach --recursive sh -c "git config --local --name-only --get-regexp 'http\.https\:\/\/github\.com\/\.extraheader' && git config --local --unset-all 'http.https://github.com/.extraheader' || :"
job-core	UNKNOWN STEP	2026-01-15T12:14:54.0867963Z [command]/usr/bin/git config --local --name-only --get-regexp ^includeIf\.gitdir:
job-core	UNKNOWN STEP	2026-01-15T12:14:54.0869830Z [command]/usr/bin/git submodule foreach --recursive git config --local --show-origin --name-only --get-regexp remote.origin.url
job-core	UNKNOWN STEP	2026-01-15T12:14:57.4127384Z Cleaning up orphan processes
handle_failure	Set up job	﻿2026-01-15T12:20:38.0138435Z Current runner version: '2.331.0'
handle_failure	Set up job	2026-01-15T12:20:38.2141960Z Runner name: 'swarm-runners-scaleset-hkss5-runner-hcppr'
handle_failure	Set up job	2026-01-15T12:20:38.2143193Z Runner group name: 'Default'
handle_failure	Set up job	2026-01-15T12:20:38.2144461Z Machine name: 'swarm-runners-scaleset-hkss5-runner-hcppr'
handle_failure	Set up job	2026-01-15T12:20:38.2148438Z ##[group]GITHUB_TOKEN Permissions
handle_failure	Set up job	2026-01-15T12:20:38.2755896Z Actions: write
handle_failure	Set up job	2026-01-15T12:20:38.2970002Z Contents: write
handle_failure	Set up job	2026-01-15T12:20:38.2970719Z Issues: write
handle_failure	Set up job	2026-01-15T12:20:38.2971251Z Metadata: read
handle_failure	Set up job	2026-01-15T12:20:38.2971817Z PullRequests: write
handle_failure	Set up job	2026-01-15T12:20:38.2972317Z ##[endgroup]
handle_failure	Set up job	2026-01-15T12:20:38.2975811Z Secret source: Actions
handle_failure	Set up job	2026-01-15T12:20:38.2976750Z Prepare workflow directory
handle_failure	Set up job	2026-01-15T12:20:46.2072146Z Prepare all required actions
handle_failure	Set up job	2026-01-15T12:20:46.2153371Z Getting action download info
handle_failure	Set up job	2026-01-15T12:21:02.1390542Z Download action repository 'actions/checkout@v4' (SHA:34e114876b0b11c390a56381ad16ebd13914f8d5)
handle_failure	Set up job	2026-01-15T12:21:20.0486714Z Complete job name: handle_failure
handle_failure	Checkout code	﻿2026-01-15T12:21:27.8729159Z ##[group]Run actions/checkout@v4
handle_failure	Checkout code	2026-01-15T12:21:27.8731657Z with:
handle_failure	Checkout code	2026-01-15T12:21:27.8732410Z   fetch-depth: 0
handle_failure	Checkout code	2026-01-15T12:21:27.8733114Z   repository: Ka0s-Klaus/ka0s
handle_failure	Checkout code	2026-01-15T12:21:27.8734306Z   token: ***
handle_failure	Checkout code	2026-01-15T12:21:27.8734925Z   ssh-strict: true
handle_failure	Checkout code	2026-01-15T12:21:27.8735577Z   ssh-user: git
handle_failure	Checkout code	2026-01-15T12:21:27.8736249Z   persist-credentials: true
handle_failure	Checkout code	2026-01-15T12:21:27.8737021Z   clean: true
handle_failure	Checkout code	2026-01-15T12:21:27.8737702Z   sparse-checkout-cone-mode: true
handle_failure	Checkout code	2026-01-15T12:21:27.8738562Z   fetch-tags: false
handle_failure	Checkout code	2026-01-15T12:21:27.8739248Z   show-progress: true
handle_failure	Checkout code	2026-01-15T12:21:27.8739929Z   lfs: false
handle_failure	Checkout code	2026-01-15T12:21:27.8740544Z   submodules: false
handle_failure	Checkout code	2026-01-15T12:21:27.8741250Z   set-safe-directory: true
handle_failure	Checkout code	2026-01-15T12:21:27.8743443Z env:
handle_failure	Checkout code	2026-01-15T12:21:27.8744063Z   KAOS_MODULE: [Ka0S] JSONLINT
handle_failure	Checkout code	2026-01-15T12:21:27.8745192Z   GH_TOKEN: ***
handle_failure	Checkout code	2026-01-15T12:21:28.0824196Z   KAOS_JSONLINT_CONFIG: core/config/.jsonlint.json
handle_failure	Checkout code	2026-01-15T12:21:28.0825855Z   KAOS_PATH_RESUME: audit/jsonlint/
handle_failure	Checkout code	2026-01-15T12:21:28.0827312Z   KAOS_REPO: /actions-runner/_work/kaos/kaos
handle_failure	Checkout code	2026-01-15T12:21:28.0828407Z   KAOS_STEP_MODULE: 
handle_failure	Checkout code	2026-01-15T12:21:28.0829212Z   KAOS_CODE: 21030571672
handle_failure	Checkout code	2026-01-15T12:21:28.0830684Z   KAOS_REF_BRANCH: main
handle_failure	Checkout code	2026-01-15T12:21:28.0831532Z ##[endgroup]
handle_failure	Checkout code	2026-01-15T12:21:36.9259419Z Syncing repository: Ka0s-Klaus/ka0s
handle_failure	Checkout code	2026-01-15T12:21:36.9985210Z ##[group]Getting Git version info
handle_failure	Checkout code	2026-01-15T12:21:36.9986593Z Working directory is '/home/runner/_work/ka0s/ka0s'
handle_failure	Checkout code	2026-01-15T12:21:36.9988434Z [command]/usr/bin/git version
handle_failure	Checkout code	2026-01-15T12:21:36.9989267Z git version 2.52.0
handle_failure	Checkout code	2026-01-15T12:21:36.9992220Z ##[endgroup]
handle_failure	Checkout code	2026-01-15T12:21:37.2353680Z Temporarily overriding HOME='/home/runner/_work/_temp/3b5b3b57-8265-41f9-a884-63043d938460' before making global git config changes
handle_failure	Checkout code	2026-01-15T12:21:37.2356551Z Adding repository directory to the temporary git global config as a safe directory
handle_failure	Checkout code	2026-01-15T12:21:37.2358596Z [command]/usr/bin/git config --global --add safe.directory /home/runner/_work/ka0s/ka0s
handle_failure	Checkout code	2026-01-15T12:21:37.3155373Z Deleting the contents of '/home/runner/_work/ka0s/ka0s'
handle_failure	Checkout code	2026-01-15T12:21:37.3753519Z ##[group]Initializing the repository
handle_failure	Checkout code	2026-01-15T12:21:37.4323374Z [command]/usr/bin/git init /home/runner/_work/ka0s/ka0s
handle_failure	Checkout code	2026-01-15T12:21:37.7453755Z hint: Using 'master' as the name for the initial branch. This default branch name
handle_failure	Checkout code	2026-01-15T12:21:37.8067873Z hint: will change to "main" in Git 3.0. To configure the initial branch name
handle_failure	Checkout code	2026-01-15T12:21:37.8070323Z hint: to use in all of your new repositories, which will suppress this warning,
handle_failure	Checkout code	2026-01-15T12:21:37.8072247Z hint: call:
handle_failure	Checkout code	2026-01-15T12:21:37.8139458Z hint:
handle_failure	Checkout code	2026-01-15T12:21:37.8243729Z hint: 	git config --global init.defaultBranch <name>
handle_failure	Checkout code	2026-01-15T12:21:37.8245445Z hint:
handle_failure	Checkout code	2026-01-15T12:21:37.8246529Z hint: Names commonly chosen instead of 'master' are 'main', 'trunk' and
handle_failure	Checkout code	2026-01-15T12:21:37.8248366Z hint: 'development'. The just-created branch can be renamed via this command:
handle_failure	Checkout code	2026-01-15T12:21:37.8249892Z hint:
handle_failure	Checkout code	2026-01-15T12:21:37.8250649Z hint: 	git branch -m <name>
handle_failure	Checkout code	2026-01-15T12:21:37.8252185Z hint:
handle_failure	Checkout code	2026-01-15T12:21:37.8253350Z hint: Disable this message with "git config set advice.defaultBranchName false"
handle_failure	Checkout code	2026-01-15T12:21:37.8255275Z Initialized empty Git repository in /home/runner/_work/ka0s/ka0s/.git/
handle_failure	Checkout code	2026-01-15T12:21:38.0041611Z [command]/usr/bin/git remote add origin https://github.com/Ka0s-Klaus/ka0s
handle_failure	Checkout code	2026-01-15T12:21:38.3359233Z ##[endgroup]
handle_failure	Checkout code	2026-01-15T12:21:38.3362080Z ##[group]Disabling automatic garbage collection
handle_failure	Checkout code	2026-01-15T12:21:38.4784275Z [command]/usr/bin/git config --local gc.auto 0
handle_failure	Checkout code	2026-01-15T12:21:38.6755726Z ##[endgroup]
handle_failure	Checkout code	2026-01-15T12:21:38.6757161Z ##[group]Setting up auth
handle_failure	Checkout code	2026-01-15T12:21:38.6782235Z [command]/usr/bin/git config --local --name-only --get-regexp core\.sshCommand
handle_failure	Checkout code	2026-01-15T12:21:38.7755784Z [command]/usr/bin/git submodule foreach --recursive sh -c "git config --local --name-only --get-regexp 'core\.sshCommand' && git config --local --unset-all 'core.sshCommand' || :"
handle_failure	Checkout code	2026-01-15T12:21:39.9896054Z [command]/usr/bin/git config --local --name-only --get-regexp http\.https\:\/\/github\.com\/\.extraheader
handle_failure	Checkout code	2026-01-15T12:21:40.5462321Z [command]/usr/bin/git submodule foreach --recursive sh -c "git config --local --name-only --get-regexp 'http\.https\:\/\/github\.com\/\.extraheader' && git config --local --unset-all 'http.https://github.com/.extraheader' || :"
handle_failure	Checkout code	2026-01-15T12:21:42.3043851Z [command]/usr/bin/git config --local --name-only --get-regexp ^includeIf\.gitdir:
handle_failure	Checkout code	2026-01-15T12:21:42.7011658Z [command]/usr/bin/git submodule foreach --recursive git config --local --show-origin --name-only --get-regexp remote.origin.url
handle_failure	Checkout code	2026-01-15T12:21:45.3571154Z [command]/usr/bin/git config --local http.https://github.com/.extraheader AUTHORIZATION: basic ***
handle_failure	Checkout code	2026-01-15T12:21:45.5813570Z ##[endgroup]
handle_failure	Checkout code	2026-01-15T12:21:45.5859464Z ##[group]Fetching the repository
handle_failure	Checkout code	2026-01-15T12:21:45.6143797Z [command]/usr/bin/git -c protocol.version=2 fetch --prune --no-recurse-submodules origin +refs/heads/*:refs/remotes/origin/* +refs/tags/*:refs/tags/*
handle_failure	Checkout code	2026-01-15T12:27:11.3622930Z From https://github.com/Ka0s-Klaus/ka0s
handle_failure	Checkout code	2026-01-15T12:27:11.3730544Z  * [new branch]          F1149-desarrollo-de-orchestrator -> origin/F1149-desarrollo-de-orchestrator
handle_failure	Checkout code	2026-01-15T12:27:11.3732070Z  * [new branch]          F1183-personalización-módulo-finops -> origin/F1183-personalización-módulo-finops
handle_failure	Checkout code	2026-01-15T12:27:11.3732813Z  * [new branch]          F1224-new-module-mongodb -> origin/F1224-new-module-mongodb
handle_failure	Checkout code	2026-01-15T12:27:11.3733380Z  * [new branch]          F220-web-de-resultados  -> origin/F220-web-de-resultados
handle_failure	Checkout code	2026-01-15T12:27:11.3734200Z  * [new branch]          F227-despliegue-de-kube-independiente-del-clouder -> origin/F227-despliegue-de-kube-independiente-del-clouder
handle_failure	Checkout code	2026-01-15T12:27:11.3735111Z  * [new branch]          F2438-arreglo-de-despliegue-itop -> origin/F2438-arreglo-de-despliegue-itop
handle_failure	Checkout code	2026-01-15T12:27:11.3735922Z  * [new branch]          F329-documentacion-metodologia-de-kaos -> origin/F329-documentacion-metodologia-de-kaos
handle_failure	Checkout code	2026-01-15T12:27:11.3736819Z  * [new branch]          F44-creación-módulo-versionado -> origin/F44-creación-módulo-versionado
handle_failure	Checkout code	2026-01-15T12:27:11.3737728Z  * [new branch]          H1128-módulo-de-observabilidad -> origin/H1128-módulo-de-observabilidad
handle_failure	Checkout code	2026-01-15T12:27:11.3738446Z  * [new branch]          H1139-como-instalar-arc-control -> origin/H1139-como-instalar-arc-control
handle_failure	Checkout code	2026-01-15T12:27:11.3739204Z  * [new branch]          H1149-desarrollo-de-orchestrator -> origin/H1149-desarrollo-de-orchestrator
handle_failure	Checkout code	2026-01-15T12:27:11.3739924Z  * [new branch]          H1150-desarrollo-de-secciones -> origin/H1150-desarrollo-de-secciones
handle_failure	Checkout code	2026-01-15T12:27:11.3740635Z  * [new branch]          H1151-desarrollo-de-secciones-ii -> origin/H1151-desarrollo-de-secciones-ii
handle_failure	Checkout code	2026-01-15T12:27:11.3741303Z  * [new branch]          H1152-desarrollo-inicio -> origin/H1152-desarrollo-inicio
handle_failure	Checkout code	2026-01-15T12:27:11.3782387Z  * [new branch]          H1183-personalización-módulo-finops -> origin/H1183-personalización-módulo-finops
handle_failure	Checkout code	2026-01-15T12:27:11.3783324Z  * [new branch]          H1193-ejemplo-web-documentacion -> origin/H1193-ejemplo-web-documentacion
handle_failure	Checkout code	2026-01-15T12:27:11.3876960Z  * [new branch]          H1205-web-creation      -> origin/H1205-web-creation
handle_failure	Checkout code	2026-01-15T12:27:11.3877564Z  * [new branch]          H1224-new-module-mongodb -> origin/H1224-new-module-mongodb
handle_failure	Checkout code	2026-01-15T12:27:11.3878138Z  * [new branch]          H1410-modulo-execution  -> origin/H1410-modulo-execution
handle_failure	Checkout code	2026-01-15T12:27:11.3879209Z  * [new branch]          H1514-new-swarm-deployment-stack-with-actions-runners-autoscale -> origin/H1514-new-swarm-deployment-stack-with-actions-runners-autoscale
handle_failure	Checkout code	2026-01-15T12:27:11.3880896Z  * [new branch]          H1968-modulo-personalización-del-portal-de-kaos-core -> origin/H1968-modulo-personalización-del-portal-de-kaos-core
handle_failure	Checkout code	2026-01-15T12:27:11.3881900Z  * [new branch]          H215-modulo-de-summary  -> origin/H215-modulo-de-summary
handle_failure	Checkout code	2026-01-15T12:27:11.3882476Z  * [new branch]          H220-web-de-resultados  -> origin/H220-web-de-resultados
handle_failure	Checkout code	2026-01-15T12:27:11.3883351Z  * [new branch]          H227-despliegue-de-kube-independiente-del-clouder -> origin/H227-despliegue-de-kube-independiente-del-clouder
handle_failure	Checkout code	2026-01-15T12:27:11.3884486Z  * [new branch]          H2436-modulo-de-mongo   -> origin/H2436-modulo-de-mongo
handle_failure	Checkout code	2026-01-15T12:27:11.3885141Z  * [new branch]          H2438-arreglo-de-despliegue-itop -> origin/H2438-arreglo-de-despliegue-itop
handle_failure	Checkout code	2026-01-15T12:27:11.3886055Z  * [new branch]          H2443-nuevo-modulo-de-pruebas-sobre-kubernetes -> origin/H2443-nuevo-modulo-de-pruebas-sobre-kubernetes
handle_failure	Checkout code	2026-01-15T12:27:11.3886902Z  * [new branch]          H2559-modulo-de-conexion-ssh -> origin/H2559-modulo-de-conexion-ssh
handle_failure	Checkout code	2026-01-15T12:27:11.3887681Z  * [new branch]          H306-ficheros-de-estadisticas -> origin/H306-ficheros-de-estadisticas
handle_failure	Checkout code	2026-01-15T12:27:11.3888598Z  * [new branch]          H328-documentacion-modulo-principal-de-kaos -> origin/H328-documentacion-modulo-principal-de-kaos
handle_failure	Checkout code	2026-01-15T12:27:11.3889554Z  * [new branch]          H329-documentacion-metodologia-de-kaos -> origin/H329-documentacion-metodologia-de-kaos
handle_failure	Checkout code	2026-01-15T12:27:11.3890483Z  * [new branch]          H338-relanzador-de-jobs-en-caso-de-pattern -> origin/H338-relanzador-de-jobs-en-caso-de-pattern
handle_failure	Checkout code	2026-01-15T12:27:11.3891449Z  * [new branch]          H38-documentacion-basica-del-proyecto -> origin/H38-documentacion-basica-del-proyecto
handle_failure	Checkout code	2026-01-15T12:27:11.3892622Z  * [new branch]          H44-creación-módulo-versionado -> origin/H44-creación-módulo-versionado
handle_failure	Checkout code	2026-01-15T12:27:11.3893456Z  * [new branch]          RN1149-desarrollo-de-orchestrator -> origin/RN1149-desarrollo-de-orchestrator
handle_failure	Checkout code	2026-01-15T12:27:11.3894495Z  * [new branch]          RN1183-personalización-módulo-finops -> origin/RN1183-personalización-módulo-finops
handle_failure	Checkout code	2026-01-15T12:27:11.3895791Z  * [new branch]          RN1282-ka0s-error-detected-in-ka0s-workflow-statistics-summary -> origin/RN1282-ka0s-error-detected-in-ka0s-workflow-statistics-summary
handle_failure	Checkout code	2026-01-15T12:27:11.3896902Z  * [new branch]          RN220-web-de-resultados -> origin/RN220-web-de-resultados
handle_failure	Checkout code	2026-01-15T12:27:11.3897942Z  * [new branch]          RN227-despliegue-de-kube-independiente-del-clouder -> origin/RN227-despliegue-de-kube-independiente-del-clouder
handle_failure	Checkout code	2026-01-15T12:27:11.3899142Z  * [new branch]          RN2438-arreglo-de-despliegue-itop -> origin/RN2438-arreglo-de-despliegue-itop
handle_failure	Checkout code	2026-01-15T12:27:11.3900183Z  * [new branch]          RN329-documentacion-metodologia-de-kaos -> origin/RN329-documentacion-metodologia-de-kaos
handle_failure	Checkout code	2026-01-15T12:27:11.3901033Z  * [new branch]          main                    -> origin/main
handle_failure	Checkout code	2026-01-15T12:27:11.3901510Z  * [new tag]             0.0.0                   -> 0.0.0
handle_failure	Checkout code	2026-01-15T12:27:11.4472985Z  * [new tag]             0.0.1                   -> 0.0.1
handle_failure	Checkout code	2026-01-15T12:27:11.4473514Z  * [new tag]             0.0.10                  -> 0.0.10
handle_failure	Checkout code	2026-01-15T12:27:11.4473908Z  * [new tag]             0.0.100                 -> 0.0.100
handle_failure	Checkout code	2026-01-15T12:27:11.4474278Z  * [new tag]             0.0.101                 -> 0.0.101
handle_failure	Checkout code	2026-01-15T12:27:11.4474670Z  * [new tag]             0.0.102                 -> 0.0.102
handle_failure	Checkout code	2026-01-15T12:27:11.5153049Z  * [new tag]             0.0.103                 -> 0.0.103
handle_failure	Checkout code	2026-01-15T12:27:11.5153552Z  * [new tag]             0.0.104                 -> 0.0.104
handle_failure	Checkout code	2026-01-15T12:27:11.5153954Z  * [new tag]             0.0.105                 -> 0.0.105
handle_failure	Checkout code	2026-01-15T12:27:11.5154324Z  * [new tag]             0.0.106                 -> 0.0.106
handle_failure	Checkout code	2026-01-15T12:27:11.5154685Z  * [new tag]             0.0.107                 -> 0.0.107
handle_failure	Checkout code	2026-01-15T12:27:11.5155059Z  * [new tag]             0.0.108                 -> 0.0.108
handle_failure	Checkout code	2026-01-15T12:27:11.5155420Z  * [new tag]             0.0.109                 -> 0.0.109
handle_failure	Checkout code	2026-01-15T12:27:11.5155773Z  * [new tag]             0.0.11                  -> 0.0.11
handle_failure	Checkout code	2026-01-15T12:27:11.5156147Z  * [new tag]             0.0.110                 -> 0.0.110
handle_failure	Checkout code	2026-01-15T12:27:11.5156510Z  * [new tag]             0.0.111                 -> 0.0.111
handle_failure	Checkout code	2026-01-15T12:27:11.5156886Z  * [new tag]             0.0.112                 -> 0.0.112
handle_failure	Checkout code	2026-01-15T12:27:11.5157532Z  * [new tag]             0.0.113                 -> 0.0.113
handle_failure	Checkout code	2026-01-15T12:27:11.5157886Z  * [new tag]             0.0.114                 -> 0.0.114
handle_failure	Checkout code	2026-01-15T12:27:11.5158256Z  * [new tag]             0.0.115                 -> 0.0.115
handle_failure	Checkout code	2026-01-15T12:27:11.5158636Z  * [new tag]             0.0.116                 -> 0.0.116
handle_failure	Checkout code	2026-01-15T12:27:11.5158999Z  * [new tag]             0.0.117                 -> 0.0.117
handle_failure	Checkout code	2026-01-15T12:27:11.5159361Z  * [new tag]             0.0.118                 -> 0.0.118
handle_failure	Checkout code	2026-01-15T12:27:11.5159729Z  * [new tag]             0.0.119                 -> 0.0.119
handle_failure	Checkout code	2026-01-15T12:27:11.5160104Z  * [new tag]             0.0.12                  -> 0.0.12
handle_failure	Checkout code	2026-01-15T12:27:11.5160465Z  * [new tag]             0.0.120                 -> 0.0.120
handle_failure	Checkout code	2026-01-15T12:27:11.5160827Z  * [new tag]             0.0.121                 -> 0.0.121
handle_failure	Checkout code	2026-01-15T12:27:11.5161195Z  * [new tag]             0.0.122                 -> 0.0.122
handle_failure	Checkout code	2026-01-15T12:27:11.5161558Z  * [new tag]             0.0.123                 -> 0.0.123
handle_failure	Checkout code	2026-01-15T12:27:11.5162047Z  * [new tag]             0.0.124                 -> 0.0.124
handle_failure	Checkout code	2026-01-15T12:27:11.5162412Z  * [new tag]             0.0.125                 -> 0.0.125
handle_failure	Checkout code	2026-01-15T12:27:11.5162777Z  * [new tag]             0.0.126                 -> 0.0.126
handle_failure	Checkout code	2026-01-15T12:27:11.5163147Z  * [new tag]             0.0.127                 -> 0.0.127
handle_failure	Checkout code	2026-01-15T12:27:11.5915987Z  * [new tag]             0.0.128                 -> 0.0.128
handle_failure	Checkout code	2026-01-15T12:27:11.5916689Z  * [new tag]             0.0.129                 -> 0.0.129
handle_failure	Checkout code	2026-01-15T12:27:11.5917068Z  * [new tag]             0.0.13                  -> 0.0.13
handle_failure	Checkout code	2026-01-15T12:27:11.5917430Z  * [new tag]             0.0.130                 -> 0.0.130
handle_failure	Checkout code	2026-01-15T12:27:11.5917780Z  * [new tag]             0.0.131                 -> 0.0.131
handle_failure	Checkout code	2026-01-15T12:27:11.5918164Z  * [new tag]             0.0.132                 -> 0.0.132
handle_failure	Checkout code	2026-01-15T12:27:11.5918537Z  * [new tag]             0.0.133                 -> 0.0.133
handle_failure	Checkout code	2026-01-15T12:27:11.5918953Z  * [new tag]             0.0.134                 -> 0.0.134
handle_failure	Checkout code	2026-01-15T12:27:11.5919314Z  * [new tag]             0.0.135                 -> 0.0.135
handle_failure	Checkout code	2026-01-15T12:27:11.5919681Z  * [new tag]             0.0.136                 -> 0.0.136
handle_failure	Checkout code	2026-01-15T12:27:11.5928337Z  * [new tag]             0.0.137                 -> 0.0.137
handle_failure	Checkout code	2026-01-15T12:27:11.5928897Z  * [new tag]             0.0.138                 -> 0.0.138
handle_failure	Checkout code	2026-01-15T12:27:11.5929268Z  * [new tag]             0.0.139                 -> 0.0.139
handle_failure	Checkout code	2026-01-15T12:27:11.5929629Z  * [new tag]             0.0.14                  -> 0.0.14
handle_failure	Checkout code	2026-01-15T12:27:11.5929985Z  * [new tag]             0.0.140                 -> 0.0.140
handle_failure	Checkout code	2026-01-15T12:27:11.5930334Z  * [new tag]             0.0.141                 -> 0.0.141
handle_failure	Checkout code	2026-01-15T12:27:11.5930685Z  * [new tag]             0.0.142                 -> 0.0.142
handle_failure	Checkout code	2026-01-15T12:27:11.5931041Z  * [new tag]             0.0.143                 -> 0.0.143
handle_failure	Checkout code	2026-01-15T12:27:11.5931390Z  * [new tag]             0.0.144                 -> 0.0.144
handle_failure	Checkout code	2026-01-15T12:27:11.6883256Z  * [new tag]             0.0.145                 -> 0.0.145
handle_failure	Checkout code	2026-01-15T12:27:11.6883668Z  * [new tag]             0.0.146                 -> 0.0.146
handle_failure	Checkout code	2026-01-15T12:27:11.6884073Z  * [new tag]             0.0.147                 -> 0.0.147
handle_failure	Checkout code	2026-01-15T12:27:11.6884436Z  * [new tag]             0.0.148                 -> 0.0.148
handle_failure	Checkout code	2026-01-15T12:27:11.6884823Z  * [new tag]             0.0.149                 -> 0.0.149
handle_failure	Checkout code	2026-01-15T12:27:11.6885179Z  * [new tag]             0.0.15                  -> 0.0.15
handle_failure	Checkout code	2026-01-15T12:27:11.6885548Z  * [new tag]             0.0.150                 -> 0.0.150
handle_failure	Checkout code	2026-01-15T12:27:11.6885915Z  * [new tag]             0.0.151                 -> 0.0.151
handle_failure	Checkout code	2026-01-15T12:27:11.6886278Z  * [new tag]             0.0.152                 -> 0.0.152
handle_failure	Checkout code	2026-01-15T12:27:11.6886672Z  * [new tag]             0.0.153                 -> 0.0.153
handle_failure	Checkout code	2026-01-15T12:27:11.6887048Z  * [new tag]             0.0.154                 -> 0.0.154
handle_failure	Checkout code	2026-01-15T12:27:11.6887716Z  * [new tag]             0.0.155                 -> 0.0.155
handle_failure	Checkout code	2026-01-15T12:27:11.6888076Z  * [new tag]             0.0.156                 -> 0.0.156
handle_failure	Checkout code	2026-01-15T12:27:11.6888431Z  * [new tag]             0.0.157                 -> 0.0.157
handle_failure	Checkout code	2026-01-15T12:27:11.6888793Z  * [new tag]             0.0.158                 -> 0.0.158
handle_failure	Checkout code	2026-01-15T12:27:11.6889224Z  * [new tag]             0.0.159                 -> 0.0.159
handle_failure	Checkout code	2026-01-15T12:27:11.6889588Z  * [new tag]             0.0.16                  -> 0.0.16
handle_failure	Checkout code	2026-01-15T12:27:11.6889960Z  * [new tag]             0.0.160                 -> 0.0.160
handle_failure	Checkout code	2026-01-15T12:27:11.6890753Z  * [new tag]             0.0.161                 -> 0.0.161
handle_failure	Checkout code	2026-01-15T12:27:11.6891127Z  * [new tag]             0.0.162                 -> 0.0.162
handle_failure	Checkout code	2026-01-15T12:27:11.6891486Z  * [new tag]             0.0.163                 -> 0.0.163
handle_failure	Checkout code	2026-01-15T12:27:11.7537625Z  * [new tag]             0.0.164                 -> 0.0.164
handle_failure	Checkout code	2026-01-15T12:27:11.7538368Z  * [new tag]             0.0.165                 -> 0.0.165
handle_failure	Checkout code	2026-01-15T12:27:11.7538791Z  * [new tag]             0.0.166                 -> 0.0.166
handle_failure	Checkout code	2026-01-15T12:27:11.7539158Z  * [new tag]             0.0.167                 -> 0.0.167
handle_failure	Checkout code	2026-01-15T12:27:11.7539511Z  * [new tag]             0.0.168                 -> 0.0.168
handle_failure	Checkout code	2026-01-15T12:27:11.7539872Z  * [new tag]             0.0.169                 -> 0.0.169
handle_failure	Checkout code	2026-01-15T12:27:11.7540237Z  * [new tag]             0.0.17                  -> 0.0.17
handle_failure	Checkout code	2026-01-15T12:27:11.7540589Z  * [new tag]             0.0.170                 -> 0.0.170
handle_failure	Checkout code	2026-01-15T12:27:11.7540941Z  * [new tag]             0.0.171                 -> 0.0.171
handle_failure	Checkout code	2026-01-15T12:27:11.7541299Z  * [new tag]             0.0.172                 -> 0.0.172
handle_failure	Checkout code	2026-01-15T12:27:11.7541653Z  * [new tag]             0.0.173                 -> 0.0.173
handle_failure	Checkout code	2026-01-15T12:27:11.7542120Z  * [new tag]             0.0.174                 -> 0.0.174
handle_failure	Checkout code	2026-01-15T12:27:11.7542495Z  * [new tag]             0.0.175                 -> 0.0.175
handle_failure	Checkout code	2026-01-15T12:27:11.7542868Z  * [new tag]             0.0.176                 -> 0.0.176
handle_failure	Checkout code	2026-01-15T12:27:11.7543224Z  * [new tag]             0.0.177                 -> 0.0.177
handle_failure	Checkout code	2026-01-15T12:27:11.7543574Z  * [new tag]             0.0.178                 -> 0.0.178
handle_failure	Checkout code	2026-01-15T12:27:11.7543931Z  * [new tag]             0.0.179                 -> 0.0.179
handle_failure	Checkout code	2026-01-15T12:27:11.7544305Z  * [new tag]             0.0.18                  -> 0.0.18
handle_failure	Checkout code	2026-01-15T12:27:11.7544657Z  * [new tag]             0.0.19                  -> 0.0.19
handle_failure	Checkout code	2026-01-15T12:27:11.7545012Z  * [new tag]             0.0.2                   -> 0.0.2
handle_failure	Checkout code	2026-01-15T12:27:11.7545368Z  * [new tag]             0.0.20                  -> 0.0.20
handle_failure	Checkout code	2026-01-15T12:27:11.7545716Z  * [new tag]             0.0.21                  -> 0.0.21
handle_failure	Checkout code	2026-01-15T12:27:11.7546071Z  * [new tag]             0.0.22                  -> 0.0.22
handle_failure	Checkout code	2026-01-15T12:27:11.7546417Z  * [new tag]             0.0.23                  -> 0.0.23
handle_failure	Checkout code	2026-01-15T12:27:11.8025535Z  * [new tag]             0.0.24                  -> 0.0.24
handle_failure	Checkout code	2026-01-15T12:27:11.8485056Z  * [new tag]             0.0.25                  -> 0.0.25
handle_failure	Checkout code	2026-01-15T12:27:11.8485467Z  * [new tag]             0.0.26                  -> 0.0.26
handle_failure	Checkout code	2026-01-15T12:27:11.8485842Z  * [new tag]             0.0.27                  -> 0.0.27
handle_failure	Checkout code	2026-01-15T12:27:11.8486228Z  * [new tag]             0.0.28                  -> 0.0.28
handle_failure	Checkout code	2026-01-15T12:27:11.8486581Z  * [new tag]             0.0.29                  -> 0.0.29
handle_failure	Checkout code	2026-01-15T12:27:11.8486942Z  * [new tag]             0.0.3                   -> 0.0.3
handle_failure	Checkout code	2026-01-15T12:27:11.8487315Z  * [new tag]             0.0.30                  -> 0.0.30
handle_failure	Checkout code	2026-01-15T12:27:11.8487671Z  * [new tag]             0.0.31                  -> 0.0.31
handle_failure	Checkout code	2026-01-15T12:27:11.8488047Z  * [new tag]             0.0.32                  -> 0.0.32
handle_failure	Checkout code	2026-01-15T12:27:11.8488461Z  * [new tag]             0.0.33                  -> 0.0.33
handle_failure	Checkout code	2026-01-15T12:27:11.8488880Z  * [new tag]             0.0.34                  -> 0.0.34
handle_failure	Checkout code	2026-01-15T12:27:11.8489383Z  * [new tag]             0.0.35                  -> 0.0.35
handle_failure	Checkout code	2026-01-15T12:27:11.8490017Z  * [new tag]             0.0.36                  -> 0.0.36
handle_failure	Checkout code	2026-01-15T12:27:11.8490379Z  * [new tag]             0.0.37                  -> 0.0.37
handle_failure	Checkout code	2026-01-15T12:27:11.8490780Z  * [new tag]             0.0.38                  -> 0.0.38
handle_failure	Checkout code	2026-01-15T12:27:11.8491163Z  * [new tag]             0.0.39                  -> 0.0.39
handle_failure	Checkout code	2026-01-15T12:27:11.8491572Z  * [new tag]             0.0.4                   -> 0.0.4
handle_failure	Checkout code	2026-01-15T12:27:11.8492081Z  * [new tag]             0.0.40                  -> 0.0.40
handle_failure	Checkout code	2026-01-15T12:27:11.8492470Z  * [new tag]             0.0.41                  -> 0.0.41
handle_failure	Checkout code	2026-01-15T12:27:11.8492878Z  * [new tag]             0.0.42                  -> 0.0.42
handle_failure	Checkout code	2026-01-15T12:27:11.8493268Z  * [new tag]             0.0.43                  -> 0.0.43
handle_failure	Checkout code	2026-01-15T12:27:11.8493672Z  * [new tag]             0.0.44                  -> 0.0.44
handle_failure	Checkout code	2026-01-15T12:27:11.8494067Z  * [new tag]             0.0.45                  -> 0.0.45
handle_failure	Checkout code	2026-01-15T12:27:11.8494466Z  * [new tag]             0.0.46                  -> 0.0.46
handle_failure	Checkout code	2026-01-15T12:27:11.8494854Z  * [new tag]             0.0.47                  -> 0.0.47
handle_failure	Checkout code	2026-01-15T12:27:11.8495262Z  * [new tag]             0.0.48                  -> 0.0.48
handle_failure	Checkout code	2026-01-15T12:27:11.8495622Z  * [new tag]             0.0.49                  -> 0.0.49
handle_failure	Checkout code	2026-01-15T12:27:11.8496004Z  * [new tag]             0.0.5                   -> 0.0.5
handle_failure	Checkout code	2026-01-15T12:27:11.8496462Z  * [new tag]             0.0.50                  -> 0.0.50
handle_failure	Checkout code	2026-01-15T12:27:11.8496902Z  * [new tag]             0.0.51                  -> 0.0.51
handle_failure	Checkout code	2026-01-15T12:27:11.8497273Z  * [new tag]             0.0.52                  -> 0.0.52
handle_failure	Checkout code	2026-01-15T12:27:11.8497650Z  * [new tag]             0.0.53                  -> 0.0.53
handle_failure	Checkout code	2026-01-15T12:27:11.8498039Z  * [new tag]             0.0.54                  -> 0.0.54
handle_failure	Checkout code	2026-01-15T12:27:11.8498429Z  * [new tag]             0.0.55                  -> 0.0.55
handle_failure	Checkout code	2026-01-15T12:27:11.8498818Z  * [new tag]             0.0.56                  -> 0.0.56
handle_failure	Checkout code	2026-01-15T12:27:11.8499234Z  * [new tag]             0.0.57                  -> 0.0.57
handle_failure	Checkout code	2026-01-15T12:27:11.8499603Z  * [new tag]             0.0.58                  -> 0.0.58
handle_failure	Checkout code	2026-01-15T12:27:11.8499976Z  * [new tag]             0.0.59                  -> 0.0.59
handle_failure	Checkout code	2026-01-15T12:27:11.8500351Z  * [new tag]             0.0.6                   -> 0.0.6
handle_failure	Checkout code	2026-01-15T12:27:11.8500743Z  * [new tag]             0.0.60                  -> 0.0.60
handle_failure	Checkout code	2026-01-15T12:27:11.8501152Z  * [new tag]             0.0.61                  -> 0.0.61
handle_failure	Checkout code	2026-01-15T12:27:11.8501584Z  * [new tag]             0.0.62                  -> 0.0.62
handle_failure	Checkout code	2026-01-15T12:27:12.1227936Z  * [new tag]             0.0.63                  -> 0.0.63
handle_failure	Checkout code	2026-01-15T12:27:12.1228430Z  * [new tag]             0.0.64                  -> 0.0.64
handle_failure	Checkout code	2026-01-15T12:27:12.1228793Z  * [new tag]             0.0.65                  -> 0.0.65
handle_failure	Checkout code	2026-01-15T12:27:12.1229142Z  * [new tag]             0.0.66                  -> 0.0.66
handle_failure	Checkout code	2026-01-15T12:27:12.1229867Z  * [new tag]             0.0.67                  -> 0.0.67
handle_failure	Checkout code	2026-01-15T12:27:12.1230214Z  * [new tag]             0.0.68                  -> 0.0.68
handle_failure	Checkout code	2026-01-15T12:27:12.1230566Z  * [new tag]             0.0.69                  -> 0.0.69
handle_failure	Checkout code	2026-01-15T12:27:12.1230915Z  * [new tag]             0.0.7                   -> 0.0.7
handle_failure	Checkout code	2026-01-15T12:27:12.1231272Z  * [new tag]             0.0.70                  -> 0.0.70
handle_failure	Checkout code	2026-01-15T12:27:12.1231622Z  * [new tag]             0.0.71                  -> 0.0.71
handle_failure	Checkout code	2026-01-15T12:27:12.1232092Z  * [new tag]             0.0.72                  -> 0.0.72
handle_failure	Checkout code	2026-01-15T12:27:12.1232434Z  * [new tag]             0.0.73                  -> 0.0.73
handle_failure	Checkout code	2026-01-15T12:27:12.1232782Z  * [new tag]             0.0.74                  -> 0.0.74
handle_failure	Checkout code	2026-01-15T12:27:12.1233133Z  * [new tag]             0.0.75                  -> 0.0.75
handle_failure	Checkout code	2026-01-15T12:27:12.1233477Z  * [new tag]             0.0.76                  -> 0.0.76
handle_failure	Checkout code	2026-01-15T12:27:12.1233827Z  * [new tag]             0.0.77                  -> 0.0.77
handle_failure	Checkout code	2026-01-15T12:27:12.1234909Z  * [new tag]             0.0.78                  -> 0.0.78
handle_failure	Checkout code	2026-01-15T12:27:12.1235269Z  * [new tag]             0.0.79                  -> 0.0.79
handle_failure	Checkout code	2026-01-15T12:27:12.1235619Z  * [new tag]             0.0.8                   -> 0.0.8
handle_failure	Checkout code	2026-01-15T12:27:12.1235960Z  * [new tag]             0.0.80                  -> 0.0.80
handle_failure	Checkout code	2026-01-15T12:27:12.1236309Z  * [new tag]             0.0.81                  -> 0.0.81
handle_failure	Checkout code	2026-01-15T12:27:12.1236659Z  * [new tag]             0.0.82                  -> 0.0.82
handle_failure	Checkout code	2026-01-15T12:27:12.1237002Z  * [new tag]             0.0.83                  -> 0.0.83
handle_failure	Checkout code	2026-01-15T12:27:12.1237349Z  * [new tag]             0.0.84                  -> 0.0.84
handle_failure	Checkout code	2026-01-15T12:27:12.1237691Z  * [new tag]             0.0.85                  -> 0.0.85
handle_failure	Checkout code	2026-01-15T12:27:12.1238037Z  * [new tag]             0.0.86                  -> 0.0.86
handle_failure	Checkout code	2026-01-15T12:27:12.1238382Z  * [new tag]             0.0.87                  -> 0.0.87
handle_failure	Checkout code	2026-01-15T12:27:12.1238724Z  * [new tag]             0.0.88                  -> 0.0.88
handle_failure	Checkout code	2026-01-15T12:27:12.1239085Z  * [new tag]             0.0.89                  -> 0.0.89
handle_failure	Checkout code	2026-01-15T12:27:12.1239435Z  * [new tag]             0.0.9                   -> 0.0.9
handle_failure	Checkout code	2026-01-15T12:27:12.1239781Z  * [new tag]             0.0.90                  -> 0.0.90
handle_failure	Checkout code	2026-01-15T12:27:12.1240128Z  * [new tag]             0.0.91                  -> 0.0.91
handle_failure	Checkout code	2026-01-15T12:27:12.1240474Z  * [new tag]             0.0.92                  -> 0.0.92
handle_failure	Checkout code	2026-01-15T12:27:12.1240817Z  * [new tag]             0.0.93                  -> 0.0.93
handle_failure	Checkout code	2026-01-15T12:27:12.1241163Z  * [new tag]             0.0.94                  -> 0.0.94
handle_failure	Checkout code	2026-01-15T12:27:12.1241510Z  * [new tag]             0.0.95                  -> 0.0.95
handle_failure	Checkout code	2026-01-15T12:27:12.3725545Z  * [new tag]             0.0.96                  -> 0.0.96
handle_failure	Checkout code	2026-01-15T12:27:12.3726224Z  * [new tag]             0.0.97                  -> 0.0.97
handle_failure	Checkout code	2026-01-15T12:27:12.3726759Z  * [new tag]             0.0.98                  -> 0.0.98
handle_failure	Checkout code	2026-01-15T12:27:12.3727501Z  * [new tag]             0.0.99                  -> 0.0.99
handle_failure	Checkout code	2026-01-15T12:27:12.3728030Z  * [new tag]             0.1.0                   -> 0.1.0
handle_failure	Checkout code	2026-01-15T12:27:12.3737121Z  * [new tag]             0.1.1                   -> 0.1.1
handle_failure	Checkout code	2026-01-15T12:27:12.3737602Z  * [new tag]             0.2.0                   -> 0.2.0
handle_failure	Checkout code	2026-01-15T12:27:12.3737967Z  * [new tag]             0.3.0                   -> 0.3.0
handle_failure	Checkout code	2026-01-15T12:27:12.3738319Z  * [new tag]             0.3.1                   -> 0.3.1
handle_failure	Checkout code	2026-01-15T12:27:12.3738666Z  * [new tag]             0.3.10                  -> 0.3.10
handle_failure	Checkout code	2026-01-15T12:27:12.3739024Z  * [new tag]             0.3.11                  -> 0.3.11
handle_failure	Checkout code	2026-01-15T12:27:12.3739377Z  * [new tag]             0.3.12                  -> 0.3.12
handle_failure	Checkout code	2026-01-15T12:27:12.3739761Z  * [new tag]             0.3.13                  -> 0.3.13
handle_failure	Checkout code	2026-01-15T12:27:12.3740129Z  * [new tag]             0.3.14                  -> 0.3.14
handle_failure	Checkout code	2026-01-15T12:27:12.3740488Z  * [new tag]             0.3.15                  -> 0.3.15
handle_failure	Checkout code	2026-01-15T12:27:12.3741202Z  * [new tag]             0.3.16                  -> 0.3.16
handle_failure	Checkout code	2026-01-15T12:27:12.3741561Z  * [new tag]             0.3.17                  -> 0.3.17
handle_failure	Checkout code	2026-01-15T12:27:12.5147084Z  * [new tag]             0.3.2                   -> 0.3.2
handle_failure	Checkout code	2026-01-15T12:27:12.5178058Z  * [new tag]             0.3.3                   -> 0.3.3
handle_failure	Checkout code	2026-01-15T12:27:12.5178508Z  * [new tag]             0.3.4                   -> 0.3.4
handle_failure	Checkout code	2026-01-15T12:27:12.5178865Z  * [new tag]             0.3.5                   -> 0.3.5
handle_failure	Checkout code	2026-01-15T12:27:12.5179213Z  * [new tag]             0.3.6                   -> 0.3.6
handle_failure	Checkout code	2026-01-15T12:27:12.5179563Z  * [new tag]             0.3.7                   -> 0.3.7
handle_failure	Checkout code	2026-01-15T12:27:12.5179916Z  * [new tag]             0.3.8                   -> 0.3.8
handle_failure	Checkout code	2026-01-15T12:27:12.5180269Z  * [new tag]             0.3.9                   -> 0.3.9
handle_failure	Checkout code	2026-01-15T12:27:12.5180614Z  * [new tag]             0.4.0                   -> 0.4.0
handle_failure	Checkout code	2026-01-15T12:27:12.5756414Z  * [new tag]             0.4.1                   -> 0.4.1
handle_failure	Checkout code	2026-01-15T12:27:12.8644233Z  * [new tag]             0.4.10                  -> 0.4.10
handle_failure	Checkout code	2026-01-15T12:27:12.8644611Z  * [new tag]             0.4.2                   -> 0.4.2
handle_failure	Checkout code	2026-01-15T12:27:12.8644967Z  * [new tag]             0.4.3                   -> 0.4.3
handle_failure	Checkout code	2026-01-15T12:27:12.8645319Z  * [new tag]             0.4.4                   -> 0.4.4
handle_failure	Checkout code	2026-01-15T12:27:12.8645690Z  * [new tag]             0.4.5                   -> 0.4.5
handle_failure	Checkout code	2026-01-15T12:27:12.8646099Z  * [new tag]             0.4.6                   -> 0.4.6
handle_failure	Checkout code	2026-01-15T12:27:12.8646446Z  * [new tag]             0.4.7                   -> 0.4.7
handle_failure	Checkout code	2026-01-15T12:27:12.8646796Z  * [new tag]             0.4.8                   -> 0.4.8
handle_failure	Checkout code	2026-01-15T12:27:12.8647150Z  * [new tag]             0.4.9                   -> 0.4.9
handle_failure	Checkout code	2026-01-15T12:27:13.6006808Z [command]/usr/bin/git branch --list --remote origin/H2436-modulo-de-mongo
handle_failure	Checkout code	2026-01-15T12:27:14.0683232Z   origin/H2436-modulo-de-mongo
handle_failure	Checkout code	2026-01-15T12:27:14.1003678Z [command]/usr/bin/git rev-parse refs/remotes/origin/H2436-modulo-de-mongo
handle_failure	Checkout code	2026-01-15T12:27:14.3651894Z 79f0a1589c9cf7e5346cf1dffab316078d9ae3b5
handle_failure	Checkout code	2026-01-15T12:27:14.3657949Z [command]/usr/bin/git -c protocol.version=2 fetch --no-tags --prune --no-recurse-submodules origin +16e2a3738b6b0d3eb1bb24ed64efd17681816d79:refs/remotes/origin/H2436-modulo-de-mongo
handle_failure	Checkout code	2026-01-15T12:27:14.8307332Z From https://github.com/Ka0s-Klaus/ka0s
handle_failure	Checkout code	2026-01-15T12:27:14.8308417Z  + 79f0a1589...16e2a3738 16e2a3738b6b0d3eb1bb24ed64efd17681816d79 -> origin/H2436-modulo-de-mongo  (forced update)
handle_failure	Checkout code	2026-01-15T12:27:15.3087432Z ##[endgroup]
handle_failure	Checkout code	2026-01-15T12:27:15.3087898Z ##[group]Determining the checkout info
handle_failure	Checkout code	2026-01-15T12:27:15.3088346Z ##[endgroup]
handle_failure	Checkout code	2026-01-15T12:27:15.3091112Z [command]/usr/bin/git sparse-checkout disable
handle_failure	Checkout code	2026-01-15T12:27:15.6095159Z [command]/usr/bin/git config --local --unset-all extensions.worktreeConfig
handle_failure	Checkout code	2026-01-15T12:27:15.7705182Z ##[group]Checking out the ref
handle_failure	Checkout code	2026-01-15T12:27:15.8043391Z [command]/usr/bin/git checkout --progress --force -B H2436-modulo-de-mongo refs/remotes/origin/H2436-modulo-de-mongo
handle_failure	Checkout code	2026-01-15T12:27:17.3015652Z Updating files:  10% (156/1498)
handle_failure	Checkout code	2026-01-15T12:27:17.8920760Z Updating files:  11% (165/1498)
handle_failure	Checkout code	2026-01-15T12:27:18.0558704Z Updating files:  12% (180/1498)
handle_failure	Checkout code	2026-01-15T12:27:18.4647470Z Updating files:  12% (182/1498)
handle_failure	Checkout code	2026-01-15T12:27:18.6992694Z Updating files:  13% (195/1498)
handle_failure	Checkout code	2026-01-15T12:27:18.8578865Z Updating files:  14% (210/1498)
handle_failure	Checkout code	2026-01-15T12:27:18.9506975Z Updating files:  15% (225/1498)
handle_failure	Checkout code	2026-01-15T12:27:19.1517822Z Updating files:  15% (228/1498)
handle_failure	Checkout code	2026-01-15T12:27:19.4145373Z Updating files:  16% (240/1498)
handle_failure	Checkout code	2026-01-15T12:27:19.7464712Z Updating files:  17% (255/1498)
handle_failure	Checkout code	2026-01-15T12:27:19.9393300Z Updating files:  18% (270/1498)
handle_failure	Checkout code	2026-01-15T12:27:20.1724722Z Updating files:  18% (283/1498)
handle_failure	Checkout code	2026-01-15T12:27:20.5245498Z Updating files:  19% (285/1498)
handle_failure	Checkout code	2026-01-15T12:27:20.7516884Z Updating files:  20% (300/1498)
handle_failure	Checkout code	2026-01-15T12:27:20.9502329Z Updating files:  21% (315/1498)
handle_failure	Checkout code	2026-01-15T12:27:20.9535799Z Updating files:  21% (328/1498)
handle_failure	Checkout code	2026-01-15T12:27:21.2862256Z Updating files:  22% (330/1498)
handle_failure	Checkout code	2026-01-15T12:27:21.5076907Z Updating files:  23% (345/1498)
handle_failure	Checkout code	2026-01-15T12:27:21.6461419Z Updating files:  24% (360/1498)
handle_failure	Checkout code	2026-01-15T12:27:22.0083888Z Updating files:  25% (375/1498)
handle_failure	Checkout code	2026-01-15T12:27:22.0262001Z Updating files:  25% (384/1498)
handle_failure	Checkout code	2026-01-15T12:27:22.0683378Z Updating files:  26% (390/1498)
handle_failure	Checkout code	2026-01-15T12:27:22.1330124Z Updating files:  27% (405/1498)
handle_failure	Checkout code	2026-01-15T12:27:22.1332868Z Updating files:  28% (420/1498)
handle_failure	Checkout code	2026-01-15T12:27:22.1333150Z Updating files:  29% (435/1498)
handle_failure	Checkout code	2026-01-15T12:27:22.1333407Z Updating files:  30% (450/1498)
handle_failure	Checkout code	2026-01-15T12:27:22.1333664Z Updating files:  31% (465/1498)
handle_failure	Checkout code	2026-01-15T12:27:22.2784196Z Updating files:  32% (480/1498)
handle_failure	Checkout code	2026-01-15T12:27:22.6686075Z Updating files:  33% (495/1498)
handle_failure	Checkout code	2026-01-15T12:27:22.7580677Z Updating files:  34% (510/1498)
handle_failure	Checkout code	2026-01-15T12:27:22.7584047Z Updating files:  35% (525/1498)
handle_failure	Checkout code	2026-01-15T12:27:22.7584337Z Updating files:  36% (540/1498)
handle_failure	Checkout code	2026-01-15T12:27:22.7584645Z Updating files:  37% (555/1498)
handle_failure	Checkout code	2026-01-15T12:27:22.7597965Z Updating files:  38% (570/1498)
handle_failure	Checkout code	2026-01-15T12:27:22.7854926Z Updating files:  39% (585/1498)
handle_failure	Checkout code	2026-01-15T12:27:22.8212839Z Updating files:  40% (600/1498)
handle_failure	Checkout code	2026-01-15T12:27:22.8213947Z Updating files:  41% (615/1498)
handle_failure	Checkout code	2026-01-15T12:27:22.8214458Z Updating files:  42% (630/1498)
handle_failure	Checkout code	2026-01-15T12:27:22.8505561Z Updating files:  43% (645/1498)
handle_failure	Checkout code	2026-01-15T12:27:22.8506015Z Updating files:  44% (660/1498)
handle_failure	Checkout code	2026-01-15T12:27:22.8509816Z Updating files:  45% (675/1498)
handle_failure	Checkout code	2026-01-15T12:27:22.8510338Z Updating files:  46% (690/1498)
handle_failure	Checkout code	2026-01-15T12:27:22.8510610Z Updating files:  47% (705/1498)
handle_failure	Checkout code	2026-01-15T12:27:22.8510869Z Updating files:  48% (720/1498)
handle_failure	Checkout code	2026-01-15T12:27:22.8512686Z Updating files:  49% (735/1498)
handle_failure	Checkout code	2026-01-15T12:27:22.8537926Z Updating files:  50% (749/1498)
handle_failure	Checkout code	2026-01-15T12:27:22.8639247Z Updating files:  51% (764/1498)
handle_failure	Checkout code	2026-01-15T12:27:22.8639965Z Updating files:  52% (779/1498)
handle_failure	Checkout code	2026-01-15T12:27:22.8693486Z Updating files:  53% (794/1498)
handle_failure	Checkout code	2026-01-15T12:27:22.8704176Z Updating files:  54% (809/1498)
handle_failure	Checkout code	2026-01-15T12:27:22.8827594Z Updating files:  55% (824/1498)
handle_failure	Checkout code	2026-01-15T12:27:22.8828025Z Updating files:  56% (839/1498)
handle_failure	Checkout code	2026-01-15T12:27:22.8828298Z Updating files:  57% (854/1498)
handle_failure	Checkout code	2026-01-15T12:27:22.8900251Z Updating files:  58% (869/1498)
handle_failure	Checkout code	2026-01-15T12:27:22.9070418Z Updating files:  59% (884/1498)
handle_failure	Checkout code	2026-01-15T12:27:22.9158433Z Updating files:  59% (897/1498)
handle_failure	Checkout code	2026-01-15T12:27:23.0625859Z Updating files:  60% (899/1498)
handle_failure	Checkout code	2026-01-15T12:27:24.9647569Z Updating files:  61% (914/1498)
handle_failure	Checkout code	2026-01-15T12:27:26.2118889Z Updating files:  61% (923/1498)
handle_failure	Checkout code	2026-01-15T12:27:26.2124532Z Updating files:  61% (928/1498)
handle_failure	Checkout code	2026-01-15T12:27:26.2148737Z Updating files:  62% (929/1498)
handle_failure	Checkout code	2026-01-15T12:27:26.2607107Z Updating files:  63% (944/1498)
handle_failure	Checkout code	2026-01-15T12:27:26.3261327Z Updating files:  64% (959/1498)
handle_failure	Checkout code	2026-01-15T12:27:26.3261686Z Updating files:  65% (974/1498)
handle_failure	Checkout code	2026-01-15T12:27:27.3011287Z Updating files:  66% (989/1498)
handle_failure	Checkout code	2026-01-15T12:27:27.3011666Z Updating files:  66% (993/1498)
handle_failure	Checkout code	2026-01-15T12:27:27.6647082Z Updating files:  67% (1004/1498)
handle_failure	Checkout code	2026-01-15T12:27:27.7932708Z Updating files:  68% (1019/1498)
handle_failure	Checkout code	2026-01-15T12:27:28.0105791Z Updating files:  69% (1034/1498)
handle_failure	Checkout code	2026-01-15T12:27:28.0669285Z Updating files:  69% (1045/1498)
handle_failure	Checkout code	2026-01-15T12:27:28.8565424Z Updating files:  70% (1049/1498)
handle_failure	Checkout code	2026-01-15T12:27:29.1175276Z Updating files:  71% (1064/1498)
handle_failure	Checkout code	2026-01-15T12:27:29.2650520Z Updating files:  71% (1065/1498)
handle_failure	Checkout code	2026-01-15T12:27:31.2715809Z Updating files:  72% (1079/1498)
handle_failure	Checkout code	2026-01-15T12:27:31.8737750Z Updating files:  72% (1085/1498)
handle_failure	Checkout code	2026-01-15T12:27:32.1597279Z Updating files:  73% (1094/1498)
handle_failure	Checkout code	2026-01-15T12:27:32.4326423Z Updating files:  73% (1095/1498)
handle_failure	Checkout code	2026-01-15T12:27:32.4332050Z Updating files:  74% (1109/1498)
handle_failure	Checkout code	2026-01-15T12:27:32.8798261Z Updating files:  75% (1124/1498)
handle_failure	Checkout code	2026-01-15T12:27:32.8799068Z Updating files:  76% (1139/1498)
handle_failure	Checkout code	2026-01-15T12:27:32.9961049Z Updating files:  77% (1154/1498)
handle_failure	Checkout code	2026-01-15T12:27:33.0055389Z Updating files:  77% (1159/1498)
handle_failure	Checkout code	2026-01-15T12:27:34.9678616Z Updating files:  78% (1169/1498)
handle_failure	Checkout code	2026-01-15T12:27:34.9681317Z Updating files:  78% (1181/1498)
handle_failure	Checkout code	2026-01-15T12:27:34.9683890Z Updating files:  79% (1184/1498)
handle_failure	Checkout code	2026-01-15T12:27:35.1583648Z Updating files:  80% (1199/1498)
handle_failure	Checkout code	2026-01-15T12:27:35.1584661Z Updating files:  81% (1214/1498)
handle_failure	Checkout code	2026-01-15T12:27:35.1585108Z Updating files:  82% (1229/1498)
handle_failure	Checkout code	2026-01-15T12:27:35.1585545Z Updating files:  83% (1244/1498)
handle_failure	Checkout code	2026-01-15T12:27:35.3119116Z Updating files:  84% (1259/1498)
handle_failure	Checkout code	2026-01-15T12:27:35.3119873Z Updating files:  85% (1274/1498)
handle_failure	Checkout code	2026-01-15T12:27:36.1214215Z Updating files:  86% (1289/1498)
handle_failure	Checkout code	2026-01-15T12:27:36.9369836Z Updating files:  86% (1292/1498)
handle_failure	Checkout code	2026-01-15T12:27:37.9045025Z Updating files:  86% (1297/1498)
handle_failure	Checkout code	2026-01-15T12:27:37.9716526Z Updating files:  87% (1304/1498)
handle_failure	Checkout code	2026-01-15T12:27:38.9671239Z Updating files:  87% (1306/1498)
handle_failure	Checkout code	2026-01-15T12:27:39.1852440Z Updating files:  87% (1315/1498)
handle_failure	Checkout code	2026-01-15T12:27:39.9382856Z Updating files:  88% (1319/1498)
handle_failure	Checkout code	2026-01-15T12:27:40.9557286Z Updating files:  88% (1329/1498)
handle_failure	Checkout code	2026-01-15T12:27:42.0487663Z Updating files:  89% (1334/1498)
handle_failure	Checkout code	2026-01-15T12:27:42.8716246Z Updating files:  89% (1342/1498)
handle_failure	Checkout code	2026-01-15T12:27:43.1596135Z Updating files:  90% (1349/1498)
handle_failure	Checkout code	2026-01-15T12:27:44.3257455Z Updating files:  90% (1350/1498)
handle_failure	Checkout code	2026-01-15T12:27:45.5071623Z Updating files:  90% (1352/1498)
handle_failure	Checkout code	2026-01-15T12:27:45.9112814Z Updating files:  90% (1353/1498)
handle_failure	Checkout code	2026-01-15T12:27:47.2933788Z Updating files:  90% (1354/1498)
handle_failure	Checkout code	2026-01-15T12:27:48.2787624Z Updating files:  90% (1357/1498)
handle_failure	Checkout code	2026-01-15T12:27:48.9242128Z Updating files:  90% (1361/1498)
handle_failure	Checkout code	2026-01-15T12:27:49.2402547Z Updating files:  90% (1362/1498)
handle_failure	Checkout code	2026-01-15T12:27:50.0802390Z Updating files:  91% (1364/1498)
handle_failure	Checkout code	2026-01-15T12:27:51.4925748Z Updating files:  91% (1370/1498)
handle_failure	Checkout code	2026-01-15T12:27:52.0648180Z Updating files:  91% (1373/1498)
handle_failure	Checkout code	2026-01-15T12:27:53.5474475Z Updating files:  91% (1376/1498)
handle_failure	Checkout code	2026-01-15T12:27:54.1933468Z Updating files:  91% (1377/1498)
handle_failure	Checkout code	2026-01-15T12:27:54.4629854Z Updating files:  91% (1378/1498)
handle_failure	Checkout code	2026-01-15T12:27:55.0558880Z Updating files:  92% (1379/1498)
handle_failure	Checkout code	2026-01-15T12:27:56.2934185Z Updating files:  92% (1381/1498)
handle_failure	Checkout code	2026-01-15T12:27:57.0324147Z Updating files:  92% (1383/1498)
handle_failure	Checkout code	2026-01-15T12:27:57.9693779Z Updating files:  92% (1386/1498)
handle_failure	Checkout code	2026-01-15T12:27:58.8159606Z Updating files:  92% (1388/1498)
handle_failure	Checkout code	2026-01-15T12:27:59.0214633Z Updating files:  93% (1394/1498)
handle_failure	Checkout code	2026-01-15T12:28:00.1413955Z Updating files:  93% (1395/1498)
handle_failure	Checkout code	2026-01-15T12:28:00.8238792Z Updating files:  93% (1398/1498)
handle_failure	Checkout code	2026-01-15T12:28:00.8650053Z Updating files:  94% (1409/1498)
handle_failure	Checkout code	2026-01-15T12:28:00.8756131Z Updating files:  95% (1424/1498)
handle_failure	Checkout code	2026-01-15T12:28:00.9830850Z Updating files:  96% (1439/1498)
handle_failure	Checkout code	2026-01-15T12:28:01.1563201Z Updating files:  96% (1440/1498)
handle_failure	Checkout code	2026-01-15T12:28:01.3251391Z Updating files:  97% (1454/1498)
handle_failure	Checkout code	2026-01-15T12:28:01.3251860Z Updating files:  98% (1469/1498)
handle_failure	Checkout code	2026-01-15T12:28:01.5160153Z Updating files:  99% (1484/1498)
handle_failure	Checkout code	2026-01-15T12:28:01.5166208Z Updating files: 100% (1498/1498)
handle_failure	Checkout code	2026-01-15T12:28:01.5305292Z Updating files: 100% (1498/1498), done.
handle_failure	Checkout code	2026-01-15T12:28:01.7789494Z Switched to a new branch 'H2436-modulo-de-mongo'
handle_failure	Checkout code	2026-01-15T12:28:01.7839385Z branch 'H2436-modulo-de-mongo' set up to track 'origin/H2436-modulo-de-mongo'.
handle_failure	Checkout code	2026-01-15T12:28:02.1928792Z ##[endgroup]
handle_failure	Checkout code	2026-01-15T12:28:02.3031609Z [command]/usr/bin/git log -1 --format=%H
handle_failure	Checkout code	2026-01-15T12:28:02.3987129Z 16e2a3738b6b0d3eb1bb24ed64efd17681816d79
handle_failure	Install GH CLI	﻿2026-01-15T12:28:04.6244278Z Prepare all required actions
handle_failure	Install GH CLI	2026-01-15T12:28:05.1035198Z ##[group]Run ./.github/actions/install-gh-cli
handle_failure	Install GH CLI	2026-01-15T12:28:05.1035572Z env:
handle_failure	Install GH CLI	2026-01-15T12:28:05.1035774Z   KAOS_MODULE: [Ka0S] JSONLINT
handle_failure	Install GH CLI	2026-01-15T12:28:05.1036329Z   GH_TOKEN: ***
handle_failure	Install GH CLI	2026-01-15T12:28:05.1036592Z   KAOS_JSONLINT_CONFIG: core/config/.jsonlint.json
handle_failure	Install GH CLI	2026-01-15T12:28:05.1036935Z   KAOS_PATH_RESUME: audit/jsonlint/
handle_failure	Install GH CLI	2026-01-15T12:28:05.1037239Z   KAOS_REPO: /actions-runner/_work/kaos/kaos
handle_failure	Install GH CLI	2026-01-15T12:28:05.1037529Z   KAOS_STEP_MODULE: 
handle_failure	Install GH CLI	2026-01-15T12:28:05.1037751Z   KAOS_CODE: 21030571672
handle_failure	Install GH CLI	2026-01-15T12:28:05.1037998Z   KAOS_REF_BRANCH: main
handle_failure	Install GH CLI	2026-01-15T12:28:05.2017257Z ##[endgroup]
handle_failure	Install GH CLI	2026-01-15T12:28:05.7870248Z ##[group]Run type -p curl >/dev/null || (sudo apt-get update && sudo apt-get install curl -y)
handle_failure	Install GH CLI	2026-01-15T12:28:05.8332759Z [36;1mtype -p curl >/dev/null || (sudo apt-get update && sudo apt-get install curl -y)[0m
handle_failure	Install GH CLI	2026-01-15T12:28:05.8333759Z [36;1mcurl -fsSL https://cli.github.com/packages/githubcli-archive-keyring.gpg | sudo dd of=/usr/share/keyrings/githubcli-archive-keyring.gpg \[0m
handle_failure	Install GH CLI	2026-01-15T12:28:05.8334688Z [36;1m&& sudo chmod go+r /usr/share/keyrings/githubcli-archive-keyring.gpg \[0m
handle_failure	Install GH CLI	2026-01-15T12:28:05.8335858Z [36;1m&& echo "deb [arch=$(dpkg --print-architecture) signed-by=/usr/share/keyrings/githubcli-archive-keyring.gpg] https://cli.github.com/packages stable main" | sudo tee /etc/apt/sources.list.d/github-cli.list > /dev/null \[0m
handle_failure	Install GH CLI	2026-01-15T12:28:05.8336938Z [36;1m&& sudo apt-get update \[0m
handle_failure	Install GH CLI	2026-01-15T12:28:05.8337233Z [36;1m&& sudo apt-get install gh -y[0m
handle_failure	Install GH CLI	2026-01-15T12:28:06.0314945Z shell: /usr/bin/bash --noprofile --norc -e -o pipefail {0}
handle_failure	Install GH CLI	2026-01-15T12:28:06.0315369Z env:
handle_failure	Install GH CLI	2026-01-15T12:28:06.0315586Z   KAOS_MODULE: [Ka0S] JSONLINT
handle_failure	Install GH CLI	2026-01-15T12:28:06.0316079Z   GH_TOKEN: ***
handle_failure	Install GH CLI	2026-01-15T12:28:06.0316336Z   KAOS_JSONLINT_CONFIG: core/config/.jsonlint.json
handle_failure	Install GH CLI	2026-01-15T12:28:06.0316671Z   KAOS_PATH_RESUME: audit/jsonlint/
handle_failure	Install GH CLI	2026-01-15T12:28:06.0316965Z   KAOS_REPO: /actions-runner/_work/kaos/kaos
handle_failure	Install GH CLI	2026-01-15T12:28:06.0317277Z   KAOS_STEP_MODULE: 
handle_failure	Install GH CLI	2026-01-15T12:28:06.0317498Z   KAOS_CODE: 21030571672
handle_failure	Install GH CLI	2026-01-15T12:28:06.0317737Z   KAOS_REF_BRANCH: main
handle_failure	Install GH CLI	2026-01-15T12:28:06.0317965Z ##[endgroup]
handle_failure	Install GH CLI	2026-01-15T12:28:08.7553251Z 4+1 records in
handle_failure	Install GH CLI	2026-01-15T12:28:08.7554272Z 4+1 records out
handle_failure	Install GH CLI	2026-01-15T12:28:08.7556861Z 2270 bytes (2.3 kB, 2.2 KiB) copied, 0.000659507 s, 3.4 MB/s
handle_failure	Install GH CLI	2026-01-15T12:28:11.4362472Z Get:1 https://cli.github.com/packages stable InRelease [3917 B]
handle_failure	Install GH CLI	2026-01-15T12:28:11.9766203Z Get:2 https://ppa.launchpadcontent.net/git-core/ppa/ubuntu noble InRelease [24.3 kB]
handle_failure	Install GH CLI	2026-01-15T12:28:11.9770183Z Get:3 http://archive.ubuntu.com/ubuntu noble InRelease [256 kB]
handle_failure	Install GH CLI	2026-01-15T12:28:11.9773850Z Get:4 http://security.ubuntu.com/ubuntu noble-security InRelease [126 kB]
handle_failure	Install GH CLI	2026-01-15T12:28:12.2990402Z Get:5 http://archive.ubuntu.com/ubuntu noble-updates InRelease [126 kB]
handle_failure	Install GH CLI	2026-01-15T12:28:12.4481961Z Get:6 http://archive.ubuntu.com/ubuntu noble-backports InRelease [126 kB]
handle_failure	Install GH CLI	2026-01-15T12:28:13.7294882Z Get:7 https://cli.github.com/packages stable/main amd64 Packages [354 B]
handle_failure	Install GH CLI	2026-01-15T12:28:15.5672875Z Get:8 http://security.ubuntu.com/ubuntu noble-security/multiverse amd64 Packages [33.1 kB]
handle_failure	Install GH CLI	2026-01-15T12:28:15.7445352Z Get:9 http://security.ubuntu.com/ubuntu noble-security/restricted amd64 Packages [2919 kB]
handle_failure	Install GH CLI	2026-01-15T12:28:17.9579872Z Get:10 https://ppa.launchpadcontent.net/git-core/ppa/ubuntu noble/main amd64 Packages [2994 B]
handle_failure	Install GH CLI	2026-01-15T12:28:17.9593031Z Get:11 http://security.ubuntu.com/ubuntu noble-security/universe amd64 Packages [1189 kB]
handle_failure	Install GH CLI	2026-01-15T12:28:18.7742962Z Get:12 http://security.ubuntu.com/ubuntu noble-security/main amd64 Packages [1769 kB]
handle_failure	Install GH CLI	2026-01-15T12:28:19.9689074Z Get:13 http://archive.ubuntu.com/ubuntu noble/restricted amd64 Packages [117 kB]
handle_failure	Install GH CLI	2026-01-15T12:28:20.3132140Z Get:14 http://archive.ubuntu.com/ubuntu noble/main amd64 Packages [1808 kB]
handle_failure	Install GH CLI	2026-01-15T12:28:21.9453353Z Get:15 http://archive.ubuntu.com/ubuntu noble/multiverse amd64 Packages [331 kB]
handle_failure	Install GH CLI	2026-01-15T12:28:21.9454024Z Get:16 http://archive.ubuntu.com/ubuntu noble/universe amd64 Packages [19.3 MB]
handle_failure	Install GH CLI	2026-01-15T12:28:28.6510772Z Get:17 http://archive.ubuntu.com/ubuntu noble-updates/restricted amd64 Packages [3077 kB]
handle_failure	Install GH CLI	2026-01-15T12:28:29.8656661Z Get:18 http://archive.ubuntu.com/ubuntu noble-updates/universe amd64 Packages [1955 kB]
handle_failure	Install GH CLI	2026-01-15T12:28:30.6288496Z Get:19 http://archive.ubuntu.com/ubuntu noble-updates/multiverse amd64 Packages [35.9 kB]
handle_failure	Install GH CLI	2026-01-15T12:28:30.7175421Z Get:20 http://archive.ubuntu.com/ubuntu noble-updates/main amd64 Packages [2141 kB]
handle_failure	Install GH CLI	2026-01-15T12:28:32.0671005Z Get:21 http://archive.ubuntu.com/ubuntu noble-backports/main amd64 Packages [49.5 kB]
handle_failure	Install GH CLI	2026-01-15T12:28:32.3665149Z Get:22 http://archive.ubuntu.com/ubuntu noble-backports/universe amd64 Packages [34.6 kB]
handle_failure	Install GH CLI	2026-01-15T12:29:13.8899772Z Fetched 35.4 MB in 1min 3s (565 kB/s)
handle_failure	Install GH CLI	2026-01-15T12:29:40.3119827Z Reading package lists...
handle_failure	Install GH CLI	2026-01-15T12:30:04.8393362Z Reading package lists...
handle_failure	Install GH CLI	2026-01-15T12:30:11.8713782Z Building dependency tree...
handle_failure	Install GH CLI	2026-01-15T12:30:11.8714576Z Reading state information...
handle_failure	Install GH CLI	2026-01-15T12:30:21.1103192Z The following NEW packages will be installed:
handle_failure	Install GH CLI	2026-01-15T12:30:21.1890279Z   gh
handle_failure	Install GH CLI	2026-01-15T12:30:22.3343917Z 0 upgraded, 1 newly installed, 0 to remove and 5 not upgraded.
handle_failure	Install GH CLI	2026-01-15T12:30:22.3539474Z Need to get 13.7 MB of archives.
handle_failure	Install GH CLI	2026-01-15T12:30:22.3539962Z After this operation, 37.9 MB of additional disk space will be used.
handle_failure	Install GH CLI	2026-01-15T12:30:22.3540530Z Get:1 https://cli.github.com/packages stable/main amd64 gh amd64 2.85.0 [13.7 MB]
handle_failure	Install GH CLI	2026-01-15T12:30:29.4585440Z debconf: delaying package configuration, since apt-utils is not installed
handle_failure	Install GH CLI	2026-01-15T12:30:30.9198566Z Fetched 13.7 MB in 4s (3132 kB/s)
handle_failure	Install GH CLI	2026-01-15T12:30:33.1852287Z Selecting previously unselected package gh.
handle_failure	Install GH CLI	2026-01-15T12:30:33.3236744Z (Reading database ... 
handle_failure	Install GH CLI	2026-01-15T12:30:33.3246219Z (Reading database ... 5%
handle_failure	Install GH CLI	2026-01-15T12:30:33.3246549Z (Reading database ... 10%
handle_failure	Install GH CLI	2026-01-15T12:30:33.3246788Z (Reading database ... 15%
handle_failure	Install GH CLI	2026-01-15T12:30:33.3247024Z (Reading database ... 20%
handle_failure	Install GH CLI	2026-01-15T12:30:33.3247297Z (Reading database ... 25%
handle_failure	Install GH CLI	2026-01-15T12:30:33.3254711Z (Reading database ... 30%
handle_failure	Install GH CLI	2026-01-15T12:30:33.3255499Z (Reading database ... 35%
handle_failure	Install GH CLI	2026-01-15T12:30:33.3256145Z (Reading database ... 40%
handle_failure	Install GH CLI	2026-01-15T12:30:33.3258334Z (Reading database ... 45%
handle_failure	Install GH CLI	2026-01-15T12:30:33.3258983Z (Reading database ... 50%
handle_failure	Install GH CLI	2026-01-15T12:30:33.3259606Z (Reading database ... 55%
handle_failure	Install GH CLI	2026-01-15T12:30:33.3260592Z (Reading database ... 60%
handle_failure	Install GH CLI	2026-01-15T12:30:33.3346702Z (Reading database ... 65%
handle_failure	Install GH CLI	2026-01-15T12:30:33.3429495Z (Reading database ... 70%
handle_failure	Install GH CLI	2026-01-15T12:30:33.4278537Z (Reading database ... 75%
handle_failure	Install GH CLI	2026-01-15T12:30:33.4455607Z (Reading database ... 80%
handle_failure	Install GH CLI	2026-01-15T12:30:33.4646027Z (Reading database ... 85%
handle_failure	Install GH CLI	2026-01-15T12:30:33.5274784Z (Reading database ... 90%
handle_failure	Install GH CLI	2026-01-15T12:30:33.5789730Z (Reading database ... 95%
handle_failure	Install GH CLI	2026-01-15T12:30:33.5792473Z (Reading database ... 100%
handle_failure	Install GH CLI	2026-01-15T12:30:33.5793517Z (Reading database ... 14385 files and directories currently installed.)
handle_failure	Install GH CLI	2026-01-15T12:30:33.6007725Z Preparing to unpack .../archives/gh_2.85.0_amd64.deb ...
handle_failure	Install GH CLI	2026-01-15T12:30:33.9465678Z Unpacking gh (2.85.0) ...
handle_failure	Install GH CLI	2026-01-15T12:30:47.0600148Z Setting up gh (2.85.0) ...
handle_failure	handle-failure-execution	﻿2026-01-15T12:30:49.3304851Z ##[group]Run echo "Error detected in process"
handle_failure	handle-failure-execution	2026-01-15T12:30:49.3305322Z [36;1mecho "Error detected in process"[0m
handle_failure	handle-failure-execution	2026-01-15T12:30:49.3305629Z [36;1mecho "Created issue"[0m
handle_failure	handle-failure-execution	2026-01-15T12:30:49.3306602Z [36;1mgh issue create  --title "[Ka0S] JSONLINT Error detected in 21030571672" --label "bug" --body "Please check the logs 'https://github.com/Ka0s-Klaus/ka0s/actions/runs/21030571672' for more information of error."[0m
handle_failure	handle-failure-execution	2026-01-15T12:30:49.3307645Z [36;1mecho "Add comment to origin target"[0m
handle_failure	handle-failure-execution	2026-01-15T12:30:49.3308106Z [36;1mRNNUMBER=$(echo "refs/heads/H2436-modulo-de-mongo" | grep -o '[0-9]*')[0m
handle_failure	handle-failure-execution	2026-01-15T12:30:49.3308961Z [36;1mgh issue comment $RNNUMBER --body "El proceso no ha finalizado correctamente 21030571672. El resultado está en el fichero 21030571672.log"[0m
handle_failure	handle-failure-execution	2026-01-15T12:30:49.4009494Z shell: /usr/bin/bash -e {0}
handle_failure	handle-failure-execution	2026-01-15T12:30:49.4009892Z env:
handle_failure	handle-failure-execution	2026-01-15T12:30:49.4010124Z   KAOS_MODULE: [Ka0S] JSONLINT
handle_failure	handle-failure-execution	2026-01-15T12:30:49.4010755Z   GH_TOKEN: ***
handle_failure	handle-failure-execution	2026-01-15T12:30:49.4011036Z   KAOS_JSONLINT_CONFIG: core/config/.jsonlint.json
handle_failure	handle-failure-execution	2026-01-15T12:30:49.4011479Z   KAOS_PATH_RESUME: audit/jsonlint/
handle_failure	handle-failure-execution	2026-01-15T12:30:49.4011915Z   KAOS_REPO: /actions-runner/_work/kaos/kaos
handle_failure	handle-failure-execution	2026-01-15T12:30:49.4012252Z   KAOS_STEP_MODULE: 
handle_failure	handle-failure-execution	2026-01-15T12:30:49.4646322Z   KAOS_CODE: 21030571672
handle_failure	handle-failure-execution	2026-01-15T12:30:49.4646833Z   KAOS_REF_BRANCH: main
handle_failure	handle-failure-execution	2026-01-15T12:30:49.4647086Z ##[endgroup]
handle_failure	handle-failure-execution	2026-01-15T12:30:49.8293999Z Error detected in process
handle_failure	handle-failure-execution	2026-01-15T12:30:49.8822877Z Created issue
handle_failure	handle-failure-execution	2026-01-15T12:30:55.3020624Z https://github.com/Ka0s-Klaus/ka0s/issues/2683
handle_failure	handle-failure-execution	2026-01-15T12:30:55.3512297Z Add comment to origin target
handle_failure	handle-failure-execution	2026-01-15T12:30:57.9056861Z https://github.com/Ka0s-Klaus/ka0s/issues/2436#issuecomment-3754497368
handle_failure	Post Checkout code	﻿2026-01-15T12:30:58.7730691Z Post job cleanup.
handle_failure	Post Checkout code	2026-01-15T12:31:02.2894884Z [command]/usr/bin/git version
handle_failure	Post Checkout code	2026-01-15T12:31:02.3005847Z git version 2.52.0
handle_failure	Post Checkout code	2026-01-15T12:31:02.4153663Z Temporarily overriding HOME='/home/runner/_work/_temp/a58f21b6-fbaf-4080-ab40-3ea7c3c88779' before making global git config changes
handle_failure	Post Checkout code	2026-01-15T12:31:02.4280939Z Adding repository directory to the temporary git global config as a safe directory
handle_failure	Post Checkout code	2026-01-15T12:31:02.4417645Z [command]/usr/bin/git config --global --add safe.directory /home/runner/_work/ka0s/ka0s
handle_failure	Post Checkout code	2026-01-15T12:31:02.6621483Z [command]/usr/bin/git config --local --name-only --get-regexp core\.sshCommand
handle_failure	Post Checkout code	2026-01-15T12:31:02.8507273Z [command]/usr/bin/git submodule foreach --recursive sh -c "git config --local --name-only --get-regexp 'core\.sshCommand' && git config --local --unset-all 'core.sshCommand' || :"
handle_failure	Post Checkout code	2026-01-15T12:31:04.0091173Z [command]/usr/bin/git config --local --name-only --get-regexp http\.https\:\/\/github\.com\/\.extraheader
handle_failure	Post Checkout code	2026-01-15T12:31:04.0172147Z http.https://github.com/.extraheader
handle_failure	Post Checkout code	2026-01-15T12:31:04.2758357Z [command]/usr/bin/git config --local --unset-all http.https://github.com/.extraheader
handle_failure	Post Checkout code	2026-01-15T12:31:04.5483681Z [command]/usr/bin/git submodule foreach --recursive sh -c "git config --local --name-only --get-regexp 'http\.https\:\/\/github\.com\/\.extraheader' && git config --local --unset-all 'http.https://github.com/.extraheader' || :"
handle_failure	Post Checkout code	2026-01-15T12:31:05.4844300Z [command]/usr/bin/git config --local --name-only --get-regexp ^includeIf\.gitdir:
handle_failure	Post Checkout code	2026-01-15T12:31:05.7152126Z [command]/usr/bin/git submodule foreach --recursive git config --local --show-origin --name-only --get-regexp remote.origin.url
handle_failure	Complete job	﻿2026-01-15T12:31:06.2018447Z Cleaning up orphan processes
end-workflow	Set up job	﻿2026-01-15T12:35:00.4449506Z Current runner version: '2.331.0'
end-workflow	Set up job	2026-01-15T12:35:00.6023134Z Runner name: 'swarm-runners-scaleset-hkss5-runner-j8drh'
end-workflow	Set up job	2026-01-15T12:35:00.6024571Z Runner group name: 'Default'
end-workflow	Set up job	2026-01-15T12:35:00.6026071Z Machine name: 'swarm-runners-scaleset-hkss5-runner-j8drh'
end-workflow	Set up job	2026-01-15T12:35:00.6031435Z ##[group]GITHUB_TOKEN Permissions
end-workflow	Set up job	2026-01-15T12:35:00.9011629Z Actions: write
end-workflow	Set up job	2026-01-15T12:35:00.9012548Z Contents: write
end-workflow	Set up job	2026-01-15T12:35:00.9013177Z Issues: write
end-workflow	Set up job	2026-01-15T12:35:00.9013773Z Metadata: read
end-workflow	Set up job	2026-01-15T12:35:00.9014418Z PullRequests: write
end-workflow	Set up job	2026-01-15T12:35:00.9015079Z ##[endgroup]
end-workflow	Set up job	2026-01-15T12:35:00.9018208Z Secret source: Actions
end-workflow	Set up job	2026-01-15T12:35:00.9019287Z Prepare workflow directory
end-workflow	Set up job	2026-01-15T12:35:07.5238045Z Prepare all required actions
end-workflow	Set up job	2026-01-15T12:35:07.7496298Z Getting action download info
end-workflow	Set up job	2026-01-15T12:35:16.5357212Z Download action repository 'actions/checkout@v4' (SHA:34e114876b0b11c390a56381ad16ebd13914f8d5)
end-workflow	Set up job	2026-01-15T12:35:27.3437387Z Complete job name: end-workflow
end-workflow	Checkout code	﻿2026-01-15T12:35:34.5239036Z ##[group]Run actions/checkout@v4
end-workflow	Checkout code	2026-01-15T12:35:34.5240794Z with:
end-workflow	Checkout code	2026-01-15T12:35:34.5241250Z   fetch-depth: 0
end-workflow	Checkout code	2026-01-15T12:35:34.5241829Z   repository: Ka0s-Klaus/ka0s
end-workflow	Checkout code	2026-01-15T12:35:34.5242994Z   token: ***
end-workflow	Checkout code	2026-01-15T12:35:34.5243447Z   ssh-strict: true
end-workflow	Checkout code	2026-01-15T12:35:34.5243919Z   ssh-user: git
end-workflow	Checkout code	2026-01-15T12:35:34.5244411Z   persist-credentials: true
end-workflow	Checkout code	2026-01-15T12:35:34.5245012Z   clean: true
end-workflow	Checkout code	2026-01-15T12:35:34.5245503Z   sparse-checkout-cone-mode: true
end-workflow	Checkout code	2026-01-15T12:35:34.5246186Z   fetch-tags: false
end-workflow	Checkout code	2026-01-15T12:35:34.5246691Z   show-progress: true
end-workflow	Checkout code	2026-01-15T12:35:34.5247198Z   lfs: false
end-workflow	Checkout code	2026-01-15T12:35:34.5247639Z   submodules: false
end-workflow	Checkout code	2026-01-15T12:35:34.5248195Z   set-safe-directory: true
end-workflow	Checkout code	2026-01-15T12:35:34.5249646Z env:
end-workflow	Checkout code	2026-01-15T12:35:34.5250103Z   KAOS_MODULE: [Ka0S] JSONLINT
end-workflow	Checkout code	2026-01-15T12:35:34.5251002Z   GH_TOKEN: ***
end-workflow	Checkout code	2026-01-15T12:35:34.5251602Z   KAOS_JSONLINT_CONFIG: core/config/.jsonlint.json
end-workflow	Checkout code	2026-01-15T12:35:34.5252621Z   KAOS_PATH_RESUME: audit/jsonlint/
end-workflow	Checkout code	2026-01-15T12:35:34.5253460Z   KAOS_REPO: /actions-runner/_work/kaos/kaos
end-workflow	Checkout code	2026-01-15T12:35:34.5254217Z   KAOS_STEP_MODULE: 
end-workflow	Checkout code	2026-01-15T12:35:34.5254731Z   KAOS_CODE: 21030571672
end-workflow	Checkout code	2026-01-15T12:35:34.5255283Z   KAOS_REF_BRANCH: main
end-workflow	Checkout code	2026-01-15T12:35:34.5255807Z ##[endgroup]
end-workflow	Checkout code	2026-01-15T12:35:42.6519695Z Syncing repository: Ka0s-Klaus/ka0s
end-workflow	Checkout code	2026-01-15T12:35:42.7712191Z ##[group]Getting Git version info
end-workflow	Checkout code	2026-01-15T12:35:42.7713427Z Working directory is '/home/runner/_work/ka0s/ka0s'
end-workflow	Checkout code	2026-01-15T12:35:43.0010273Z [command]/usr/bin/git version
end-workflow	Checkout code	2026-01-15T12:35:43.6242783Z git version 2.52.0
end-workflow	Checkout code	2026-01-15T12:35:43.8622614Z ##[endgroup]
end-workflow	Checkout code	2026-01-15T12:35:44.1989570Z Temporarily overriding HOME='/home/runner/_work/_temp/f1f02b23-acda-49b8-8dd0-6eed33c4b7fc' before making global git config changes
end-workflow	Checkout code	2026-01-15T12:35:44.3545842Z Adding repository directory to the temporary git global config as a safe directory
end-workflow	Checkout code	2026-01-15T12:35:44.3547900Z [command]/usr/bin/git config --global --add safe.directory /home/runner/_work/ka0s/ka0s
end-workflow	Checkout code	2026-01-15T12:35:44.7345822Z Deleting the contents of '/home/runner/_work/ka0s/ka0s'
end-workflow	Checkout code	2026-01-15T12:35:44.7435362Z ##[group]Initializing the repository
end-workflow	Checkout code	2026-01-15T12:35:44.9155621Z [command]/usr/bin/git init /home/runner/_work/ka0s/ka0s
end-workflow	Checkout code	2026-01-15T12:35:45.5017570Z hint: Using 'master' as the name for the initial branch. This default branch name
end-workflow	Checkout code	2026-01-15T12:35:45.5047464Z hint: will change to "main" in Git 3.0. To configure the initial branch name
end-workflow	Checkout code	2026-01-15T12:35:45.5712624Z hint: to use in all of your new repositories, which will suppress this warning,
end-workflow	Checkout code	2026-01-15T12:35:45.5714385Z hint: call:
end-workflow	Checkout code	2026-01-15T12:35:45.6090233Z hint:
end-workflow	Checkout code	2026-01-15T12:35:45.6092510Z hint: 	git config --global init.defaultBranch <name>
end-workflow	Checkout code	2026-01-15T12:35:45.6206515Z hint:
end-workflow	Checkout code	2026-01-15T12:35:45.6258843Z hint: Names commonly chosen instead of 'master' are 'main', 'trunk' and
end-workflow	Checkout code	2026-01-15T12:35:45.6436247Z hint: 'development'. The just-created branch can be renamed via this command:
end-workflow	Checkout code	2026-01-15T12:35:45.7073034Z hint:
end-workflow	Checkout code	2026-01-15T12:35:45.7133215Z hint: 	git branch -m <name>
end-workflow	Checkout code	2026-01-15T12:35:45.7586711Z hint:
end-workflow	Checkout code	2026-01-15T12:35:45.7587866Z hint: Disable this message with "git config set advice.defaultBranchName false"
end-workflow	Checkout code	2026-01-15T12:35:45.7589591Z Initialized empty Git repository in /home/runner/_work/ka0s/ka0s/.git/
end-workflow	Checkout code	2026-01-15T12:35:45.8961490Z [command]/usr/bin/git remote add origin https://github.com/Ka0s-Klaus/ka0s
end-workflow	Checkout code	2026-01-15T12:35:46.5160042Z ##[endgroup]
end-workflow	Checkout code	2026-01-15T12:35:46.5161411Z ##[group]Disabling automatic garbage collection
end-workflow	Checkout code	2026-01-15T12:35:46.5163131Z [command]/usr/bin/git config --local gc.auto 0
end-workflow	Checkout code	2026-01-15T12:35:46.7307530Z ##[endgroup]
end-workflow	Checkout code	2026-01-15T12:35:46.7308551Z ##[group]Setting up auth
end-workflow	Checkout code	2026-01-15T12:35:46.8435517Z [command]/usr/bin/git config --local --name-only --get-regexp core\.sshCommand
end-workflow	Checkout code	2026-01-15T12:35:47.3766832Z [command]/usr/bin/git submodule foreach --recursive sh -c "git config --local --name-only --get-regexp 'core\.sshCommand' && git config --local --unset-all 'core.sshCommand' || :"
end-workflow	Checkout code	2026-01-15T12:35:49.2327796Z [command]/usr/bin/git config --local --name-only --get-regexp http\.https\:\/\/github\.com\/\.extraheader
end-workflow	Checkout code	2026-01-15T12:35:49.6607403Z [command]/usr/bin/git submodule foreach --recursive sh -c "git config --local --name-only --get-regexp 'http\.https\:\/\/github\.com\/\.extraheader' && git config --local --unset-all 'http.https://github.com/.extraheader' || :"
end-workflow	Checkout code	2026-01-15T12:35:52.5584394Z [command]/usr/bin/git config --local --name-only --get-regexp ^includeIf\.gitdir:
end-workflow	Checkout code	2026-01-15T12:35:52.8842529Z [command]/usr/bin/git submodule foreach --recursive git config --local --show-origin --name-only --get-regexp remote.origin.url
end-workflow	Checkout code	2026-01-15T12:35:56.2680417Z [command]/usr/bin/git config --local http.https://github.com/.extraheader AUTHORIZATION: basic ***
end-workflow	Checkout code	2026-01-15T12:35:56.8497198Z ##[endgroup]
end-workflow	Checkout code	2026-01-15T12:35:56.8499064Z ##[group]Fetching the repository
end-workflow	Checkout code	2026-01-15T12:35:57.2271856Z [command]/usr/bin/git -c protocol.version=2 fetch --prune --no-recurse-submodules origin +refs/heads/*:refs/remotes/origin/* +refs/tags/*:refs/tags/*
end-workflow	Checkout code	2026-01-15T12:46:35.4723855Z From https://github.com/Ka0s-Klaus/ka0s
end-workflow	Checkout code	2026-01-15T12:46:35.4868071Z  * [new branch]          F1149-desarrollo-de-orchestrator -> origin/F1149-desarrollo-de-orchestrator
end-workflow	Checkout code	2026-01-15T12:46:35.4873144Z  * [new branch]          F1183-personalización-módulo-finops -> origin/F1183-personalización-módulo-finops
end-workflow	Checkout code	2026-01-15T12:46:35.5983280Z  * [new branch]          F1224-new-module-mongodb -> origin/F1224-new-module-mongodb
end-workflow	Checkout code	2026-01-15T12:46:35.6047180Z  * [new branch]          F220-web-de-resultados  -> origin/F220-web-de-resultados
end-workflow	Checkout code	2026-01-15T12:46:35.6048457Z  * [new branch]          F227-despliegue-de-kube-independiente-del-clouder -> origin/F227-despliegue-de-kube-independiente-del-clouder
end-workflow	Checkout code	2026-01-15T12:46:35.6144061Z  * [new branch]          F2438-arreglo-de-despliegue-itop -> origin/F2438-arreglo-de-despliegue-itop
end-workflow	Checkout code	2026-01-15T12:46:35.6975561Z  * [new branch]          F329-documentacion-metodologia-de-kaos -> origin/F329-documentacion-metodologia-de-kaos
end-workflow	Checkout code	2026-01-15T12:46:35.6977116Z  * [new branch]          F44-creación-módulo-versionado -> origin/F44-creación-módulo-versionado
end-workflow	Checkout code	2026-01-15T12:46:35.6978179Z  * [new branch]          H1128-módulo-de-observabilidad -> origin/H1128-módulo-de-observabilidad
end-workflow	Checkout code	2026-01-15T12:46:35.6982389Z  * [new branch]          H1139-como-instalar-arc-control -> origin/H1139-como-instalar-arc-control
end-workflow	Checkout code	2026-01-15T12:46:35.7223910Z  * [new branch]          H1149-desarrollo-de-orchestrator -> origin/H1149-desarrollo-de-orchestrator
end-workflow	Checkout code	2026-01-15T12:46:35.7564691Z  * [new branch]          H1150-desarrollo-de-secciones -> origin/H1150-desarrollo-de-secciones
end-workflow	Checkout code	2026-01-15T12:46:35.7565535Z  * [new branch]          H1151-desarrollo-de-secciones-ii -> origin/H1151-desarrollo-de-secciones-ii
end-workflow	Checkout code	2026-01-15T12:46:35.7566238Z  * [new branch]          H1152-desarrollo-inicio -> origin/H1152-desarrollo-inicio
end-workflow	Checkout code	2026-01-15T12:46:35.7567234Z  * [new branch]          H1183-personalización-módulo-finops -> origin/H1183-personalización-módulo-finops
end-workflow	Checkout code	2026-01-15T12:46:35.7568022Z  * [new branch]          H1193-ejemplo-web-documentacion -> origin/H1193-ejemplo-web-documentacion
end-workflow	Checkout code	2026-01-15T12:46:35.7569032Z  * [new branch]          H1205-web-creation      -> origin/H1205-web-creation
end-workflow	Checkout code	2026-01-15T12:46:35.7569567Z  * [new branch]          H1224-new-module-mongodb -> origin/H1224-new-module-mongodb
end-workflow	Checkout code	2026-01-15T12:46:35.7570125Z  * [new branch]          H1410-modulo-execution  -> origin/H1410-modulo-execution
end-workflow	Checkout code	2026-01-15T12:46:35.7571097Z  * [new branch]          H1514-new-swarm-deployment-stack-with-actions-runners-autoscale -> origin/H1514-new-swarm-deployment-stack-with-actions-runners-autoscale
end-workflow	Checkout code	2026-01-15T12:46:35.7572586Z  * [new branch]          H1968-modulo-personalización-del-portal-de-kaos-core -> origin/H1968-modulo-personalización-del-portal-de-kaos-core
end-workflow	Checkout code	2026-01-15T12:46:35.7573424Z  * [new branch]          H215-modulo-de-summary  -> origin/H215-modulo-de-summary
end-workflow	Checkout code	2026-01-15T12:46:35.7573956Z  * [new branch]          H220-web-de-resultados  -> origin/H220-web-de-resultados
end-workflow	Checkout code	2026-01-15T12:46:35.7574792Z  * [new branch]          H227-despliegue-de-kube-independiente-del-clouder -> origin/H227-despliegue-de-kube-independiente-del-clouder
end-workflow	Checkout code	2026-01-15T12:46:35.8235556Z  * [new branch]          H2436-modulo-de-mongo   -> origin/H2436-modulo-de-mongo
end-workflow	Checkout code	2026-01-15T12:46:35.8236210Z  * [new branch]          H2438-arreglo-de-despliegue-itop -> origin/H2438-arreglo-de-despliegue-itop
end-workflow	Checkout code	2026-01-15T12:46:35.8237085Z  * [new branch]          H2443-nuevo-modulo-de-pruebas-sobre-kubernetes -> origin/H2443-nuevo-modulo-de-pruebas-sobre-kubernetes
end-workflow	Checkout code	2026-01-15T12:46:35.8237898Z  * [new branch]          H2559-modulo-de-conexion-ssh -> origin/H2559-modulo-de-conexion-ssh
end-workflow	Checkout code	2026-01-15T12:46:35.8238680Z  * [new branch]          H306-ficheros-de-estadisticas -> origin/H306-ficheros-de-estadisticas
end-workflow	Checkout code	2026-01-15T12:46:35.8239535Z  * [new branch]          H328-documentacion-modulo-principal-de-kaos -> origin/H328-documentacion-modulo-principal-de-kaos
end-workflow	Checkout code	2026-01-15T12:46:35.8240448Z  * [new branch]          H329-documentacion-metodologia-de-kaos -> origin/H329-documentacion-metodologia-de-kaos
end-workflow	Checkout code	2026-01-15T12:46:35.8241368Z  * [new branch]          H338-relanzador-de-jobs-en-caso-de-pattern -> origin/H338-relanzador-de-jobs-en-caso-de-pattern
end-workflow	Checkout code	2026-01-15T12:46:35.8242336Z  * [new branch]          H38-documentacion-basica-del-proyecto -> origin/H38-documentacion-basica-del-proyecto
end-workflow	Checkout code	2026-01-15T12:46:35.8243418Z  * [new branch]          H44-creación-módulo-versionado -> origin/H44-creación-módulo-versionado
end-workflow	Checkout code	2026-01-15T12:46:35.8244162Z  * [new branch]          RN1149-desarrollo-de-orchestrator -> origin/RN1149-desarrollo-de-orchestrator
end-workflow	Checkout code	2026-01-15T12:46:35.8245056Z  * [new branch]          RN1183-personalización-módulo-finops -> origin/RN1183-personalización-módulo-finops
end-workflow	Checkout code	2026-01-15T12:46:35.8246210Z  * [new branch]          RN1282-ka0s-error-detected-in-ka0s-workflow-statistics-summary -> origin/RN1282-ka0s-error-detected-in-ka0s-workflow-statistics-summary
end-workflow	Checkout code	2026-01-15T12:46:35.8247251Z  * [new branch]          RN220-web-de-resultados -> origin/RN220-web-de-resultados
end-workflow	Checkout code	2026-01-15T12:46:35.8248127Z  * [new branch]          RN227-despliegue-de-kube-independiente-del-clouder -> origin/RN227-despliegue-de-kube-independiente-del-clouder
end-workflow	Checkout code	2026-01-15T12:46:35.8249065Z  * [new branch]          RN2438-arreglo-de-despliegue-itop -> origin/RN2438-arreglo-de-despliegue-itop
end-workflow	Checkout code	2026-01-15T12:46:35.8249901Z  * [new branch]          RN329-documentacion-metodologia-de-kaos -> origin/RN329-documentacion-metodologia-de-kaos
end-workflow	Checkout code	2026-01-15T12:46:35.8250571Z  * [new branch]          main                    -> origin/main
end-workflow	Checkout code	2026-01-15T12:46:35.8250994Z  * [new tag]             0.0.0                   -> 0.0.0
end-workflow	Checkout code	2026-01-15T12:46:35.8251371Z  * [new tag]             0.0.1                   -> 0.0.1
end-workflow	Checkout code	2026-01-15T12:46:35.8251825Z  * [new tag]             0.0.10                  -> 0.0.10
end-workflow	Checkout code	2026-01-15T12:46:35.8252227Z  * [new tag]             0.0.100                 -> 0.0.100
end-workflow	Checkout code	2026-01-15T12:46:35.8252620Z  * [new tag]             0.0.101                 -> 0.0.101
end-workflow	Checkout code	2026-01-15T12:46:35.8253019Z  * [new tag]             0.0.102                 -> 0.0.102
end-workflow	Checkout code	2026-01-15T12:46:35.8473273Z  * [new tag]             0.0.103                 -> 0.0.103
end-workflow	Checkout code	2026-01-15T12:46:35.8473742Z  * [new tag]             0.0.104                 -> 0.0.104
end-workflow	Checkout code	2026-01-15T12:46:35.8474137Z  * [new tag]             0.0.105                 -> 0.0.105
end-workflow	Checkout code	2026-01-15T12:46:35.8474569Z  * [new tag]             0.0.106                 -> 0.0.106
end-workflow	Checkout code	2026-01-15T12:46:35.8474955Z  * [new tag]             0.0.107                 -> 0.0.107
end-workflow	Checkout code	2026-01-15T12:46:35.8475356Z  * [new tag]             0.0.108                 -> 0.0.108
end-workflow	Checkout code	2026-01-15T12:46:35.8475736Z  * [new tag]             0.0.109                 -> 0.0.109
end-workflow	Checkout code	2026-01-15T12:46:35.8476143Z  * [new tag]             0.0.11                  -> 0.0.11
end-workflow	Checkout code	2026-01-15T12:46:35.8476537Z  * [new tag]             0.0.110                 -> 0.0.110
end-workflow	Checkout code	2026-01-15T12:46:35.8476939Z  * [new tag]             0.0.111                 -> 0.0.111
end-workflow	Checkout code	2026-01-15T12:46:35.8477339Z  * [new tag]             0.0.112                 -> 0.0.112
end-workflow	Checkout code	2026-01-15T12:46:35.8478037Z  * [new tag]             0.0.113                 -> 0.0.113
end-workflow	Checkout code	2026-01-15T12:46:35.8478425Z  * [new tag]             0.0.114                 -> 0.0.114
end-workflow	Checkout code	2026-01-15T12:46:35.8478817Z  * [new tag]             0.0.115                 -> 0.0.115
end-workflow	Checkout code	2026-01-15T12:46:35.8479201Z  * [new tag]             0.0.116                 -> 0.0.116
end-workflow	Checkout code	2026-01-15T12:46:35.8479574Z  * [new tag]             0.0.117                 -> 0.0.117
end-workflow	Checkout code	2026-01-15T12:46:35.8479958Z  * [new tag]             0.0.118                 -> 0.0.118
end-workflow	Checkout code	2026-01-15T12:46:35.8480340Z  * [new tag]             0.0.119                 -> 0.0.119
end-workflow	Checkout code	2026-01-15T12:46:35.8480720Z  * [new tag]             0.0.12                  -> 0.0.12
end-workflow	Checkout code	2026-01-15T12:46:35.8481112Z  * [new tag]             0.0.120                 -> 0.0.120
end-workflow	Checkout code	2026-01-15T12:46:35.8481497Z  * [new tag]             0.0.121                 -> 0.0.121
end-workflow	Checkout code	2026-01-15T12:46:35.9864394Z  * [new tag]             0.0.122                 -> 0.0.122
end-workflow	Checkout code	2026-01-15T12:46:35.9865019Z  * [new tag]             0.0.123                 -> 0.0.123
end-workflow	Checkout code	2026-01-15T12:46:35.9865507Z  * [new tag]             0.0.124                 -> 0.0.124
end-workflow	Checkout code	2026-01-15T12:46:35.9865919Z  * [new tag]             0.0.125                 -> 0.0.125
end-workflow	Checkout code	2026-01-15T12:46:35.9866315Z  * [new tag]             0.0.126                 -> 0.0.126
end-workflow	Checkout code	2026-01-15T12:46:35.9866766Z  * [new tag]             0.0.127                 -> 0.0.127
end-workflow	Checkout code	2026-01-15T12:46:35.9867155Z  * [new tag]             0.0.128                 -> 0.0.128
end-workflow	Checkout code	2026-01-15T12:46:35.9867541Z  * [new tag]             0.0.129                 -> 0.0.129
end-workflow	Checkout code	2026-01-15T12:46:35.9867948Z  * [new tag]             0.0.13                  -> 0.0.13
end-workflow	Checkout code	2026-01-15T12:46:35.9868369Z  * [new tag]             0.0.130                 -> 0.0.130
end-workflow	Checkout code	2026-01-15T12:46:35.9868783Z  * [new tag]             0.0.131                 -> 0.0.131
end-workflow	Checkout code	2026-01-15T12:46:35.9869197Z  * [new tag]             0.0.132                 -> 0.0.132
end-workflow	Checkout code	2026-01-15T12:46:35.9869619Z  * [new tag]             0.0.133                 -> 0.0.133
end-workflow	Checkout code	2026-01-15T12:46:35.9870073Z  * [new tag]             0.0.134                 -> 0.0.134
end-workflow	Checkout code	2026-01-15T12:46:35.9870479Z  * [new tag]             0.0.135                 -> 0.0.135
end-workflow	Checkout code	2026-01-15T12:46:35.9871197Z  * [new tag]             0.0.136                 -> 0.0.136
end-workflow	Checkout code	2026-01-15T12:46:35.9871626Z  * [new tag]             0.0.137                 -> 0.0.137
end-workflow	Checkout code	2026-01-15T12:46:35.9872537Z  * [new tag]             0.0.138                 -> 0.0.138
end-workflow	Checkout code	2026-01-15T12:46:35.9872915Z  * [new tag]             0.0.139                 -> 0.0.139
end-workflow	Checkout code	2026-01-15T12:46:35.9873290Z  * [new tag]             0.0.14                  -> 0.0.14
end-workflow	Checkout code	2026-01-15T12:46:35.9873663Z  * [new tag]             0.0.140                 -> 0.0.140
end-workflow	Checkout code	2026-01-15T12:46:35.9874027Z  * [new tag]             0.0.141                 -> 0.0.141
end-workflow	Checkout code	2026-01-15T12:46:35.9874398Z  * [new tag]             0.0.142                 -> 0.0.142
end-workflow	Checkout code	2026-01-15T12:46:35.9874762Z  * [new tag]             0.0.143                 -> 0.0.143
end-workflow	Checkout code	2026-01-15T12:46:35.9875134Z  * [new tag]             0.0.144                 -> 0.0.144
end-workflow	Checkout code	2026-01-15T12:46:35.9876359Z  * [new tag]             0.0.145                 -> 0.0.145
end-workflow	Checkout code	2026-01-15T12:46:35.9876732Z  * [new tag]             0.0.146                 -> 0.0.146
end-workflow	Checkout code	2026-01-15T12:46:35.9877100Z  * [new tag]             0.0.147                 -> 0.0.147
end-workflow	Checkout code	2026-01-15T12:46:35.9877465Z  * [new tag]             0.0.148                 -> 0.0.148
end-workflow	Checkout code	2026-01-15T12:46:35.9877826Z  * [new tag]             0.0.149                 -> 0.0.149
end-workflow	Checkout code	2026-01-15T12:46:35.9878192Z  * [new tag]             0.0.15                  -> 0.0.15
end-workflow	Checkout code	2026-01-15T12:46:35.9878643Z  * [new tag]             0.0.150                 -> 0.0.150
end-workflow	Checkout code	2026-01-15T12:46:35.9879027Z  * [new tag]             0.0.151                 -> 0.0.151
end-workflow	Checkout code	2026-01-15T12:46:35.9879520Z  * [new tag]             0.0.152                 -> 0.0.152
end-workflow	Checkout code	2026-01-15T12:46:35.9879888Z  * [new tag]             0.0.153                 -> 0.0.153
end-workflow	Checkout code	2026-01-15T12:46:35.9880250Z  * [new tag]             0.0.154                 -> 0.0.154
end-workflow	Checkout code	2026-01-15T12:46:35.9880790Z  * [new tag]             0.0.155                 -> 0.0.155
end-workflow	Checkout code	2026-01-15T12:46:35.9881159Z  * [new tag]             0.0.156                 -> 0.0.156
end-workflow	Checkout code	2026-01-15T12:46:35.9881519Z  * [new tag]             0.0.157                 -> 0.0.157
end-workflow	Checkout code	2026-01-15T12:46:35.9881951Z  * [new tag]             0.0.158                 -> 0.0.158
end-workflow	Checkout code	2026-01-15T12:46:35.9882320Z  * [new tag]             0.0.159                 -> 0.0.159
end-workflow	Checkout code	2026-01-15T12:46:35.9882685Z  * [new tag]             0.0.16                  -> 0.0.16
end-workflow	Checkout code	2026-01-15T12:46:35.9883047Z  * [new tag]             0.0.160                 -> 0.0.160
end-workflow	Checkout code	2026-01-15T12:46:35.9883405Z  * [new tag]             0.0.161                 -> 0.0.161
end-workflow	Checkout code	2026-01-15T12:46:35.9883764Z  * [new tag]             0.0.162                 -> 0.0.162
end-workflow	Checkout code	2026-01-15T12:46:35.9884123Z  * [new tag]             0.0.163                 -> 0.0.163
end-workflow	Checkout code	2026-01-15T12:46:35.9884478Z  * [new tag]             0.0.164                 -> 0.0.164
end-workflow	Checkout code	2026-01-15T12:46:35.9884836Z  * [new tag]             0.0.165                 -> 0.0.165
end-workflow	Checkout code	2026-01-15T12:46:35.9885208Z  * [new tag]             0.0.166                 -> 0.0.166
end-workflow	Checkout code	2026-01-15T12:46:35.9885561Z  * [new tag]             0.0.167                 -> 0.0.167
end-workflow	Checkout code	2026-01-15T12:46:35.9885919Z  * [new tag]             0.0.168                 -> 0.0.168
end-workflow	Checkout code	2026-01-15T12:46:35.9886275Z  * [new tag]             0.0.169                 -> 0.0.169
end-workflow	Checkout code	2026-01-15T12:46:35.9886633Z  * [new tag]             0.0.17                  -> 0.0.17
end-workflow	Checkout code	2026-01-15T12:46:35.9886990Z  * [new tag]             0.0.170                 -> 0.0.170
end-workflow	Checkout code	2026-01-15T12:46:35.9887351Z  * [new tag]             0.0.171                 -> 0.0.171
end-workflow	Checkout code	2026-01-15T12:46:35.9887714Z  * [new tag]             0.0.172                 -> 0.0.172
end-workflow	Checkout code	2026-01-15T12:46:35.9888076Z  * [new tag]             0.0.173                 -> 0.0.173
end-workflow	Checkout code	2026-01-15T12:46:35.9888431Z  * [new tag]             0.0.174                 -> 0.0.174
end-workflow	Checkout code	2026-01-15T12:46:35.9888790Z  * [new tag]             0.0.175                 -> 0.0.175
end-workflow	Checkout code	2026-01-15T12:46:35.9889162Z  * [new tag]             0.0.176                 -> 0.0.176
end-workflow	Checkout code	2026-01-15T12:46:35.9889516Z  * [new tag]             0.0.177                 -> 0.0.177
end-workflow	Checkout code	2026-01-15T12:46:35.9889875Z  * [new tag]             0.0.178                 -> 0.0.178
end-workflow	Checkout code	2026-01-15T12:46:35.9890230Z  * [new tag]             0.0.179                 -> 0.0.179
end-workflow	Checkout code	2026-01-15T12:46:35.9890590Z  * [new tag]             0.0.18                  -> 0.0.18
end-workflow	Checkout code	2026-01-15T12:46:35.9890949Z  * [new tag]             0.0.19                  -> 0.0.19
end-workflow	Checkout code	2026-01-15T12:46:35.9891303Z  * [new tag]             0.0.2                   -> 0.0.2
end-workflow	Checkout code	2026-01-15T12:46:35.9891667Z  * [new tag]             0.0.20                  -> 0.0.20
end-workflow	Checkout code	2026-01-15T12:46:36.0663460Z  * [new tag]             0.0.21                  -> 0.0.21
end-workflow	Checkout code	2026-01-15T12:46:36.0663923Z  * [new tag]             0.0.22                  -> 0.0.22
end-workflow	Checkout code	2026-01-15T12:46:36.0664272Z  * [new tag]             0.0.23                  -> 0.0.23
end-workflow	Checkout code	2026-01-15T12:46:36.0664620Z  * [new tag]             0.0.24                  -> 0.0.24
end-workflow	Checkout code	2026-01-15T12:46:36.0665235Z  * [new tag]             0.0.25                  -> 0.0.25
end-workflow	Checkout code	2026-01-15T12:46:36.0665585Z  * [new tag]             0.0.26                  -> 0.0.26
end-workflow	Checkout code	2026-01-15T12:46:36.0665924Z  * [new tag]             0.0.27                  -> 0.0.27
end-workflow	Checkout code	2026-01-15T12:46:36.0666259Z  * [new tag]             0.0.28                  -> 0.0.28
end-workflow	Checkout code	2026-01-15T12:46:36.0666604Z  * [new tag]             0.0.29                  -> 0.0.29
end-workflow	Checkout code	2026-01-15T12:46:36.0667064Z  * [new tag]             0.0.3                   -> 0.0.3
end-workflow	Checkout code	2026-01-15T12:46:36.0763133Z  * [new tag]             0.0.30                  -> 0.0.30
end-workflow	Checkout code	2026-01-15T12:46:36.0763691Z  * [new tag]             0.0.31                  -> 0.0.31
end-workflow	Checkout code	2026-01-15T12:46:36.0764080Z  * [new tag]             0.0.32                  -> 0.0.32
end-workflow	Checkout code	2026-01-15T12:46:36.0764416Z  * [new tag]             0.0.33                  -> 0.0.33
end-workflow	Checkout code	2026-01-15T12:46:36.0764754Z  * [new tag]             0.0.34                  -> 0.0.34
end-workflow	Checkout code	2026-01-15T12:46:36.0765126Z  * [new tag]             0.0.35                  -> 0.0.35
end-workflow	Checkout code	2026-01-15T12:46:36.0765838Z  * [new tag]             0.0.36                  -> 0.0.36
end-workflow	Checkout code	2026-01-15T12:46:36.0766180Z  * [new tag]             0.0.37                  -> 0.0.37
end-workflow	Checkout code	2026-01-15T12:46:36.0766511Z  * [new tag]             0.0.38                  -> 0.0.38
end-workflow	Checkout code	2026-01-15T12:46:36.0766850Z  * [new tag]             0.0.39                  -> 0.0.39
end-workflow	Checkout code	2026-01-15T12:46:36.0767189Z  * [new tag]             0.0.4                   -> 0.0.4
end-workflow	Checkout code	2026-01-15T12:46:36.0767542Z  * [new tag]             0.0.40                  -> 0.0.40
end-workflow	Checkout code	2026-01-15T12:46:36.0767889Z  * [new tag]             0.0.41                  -> 0.0.41
end-workflow	Checkout code	2026-01-15T12:46:36.0768232Z  * [new tag]             0.0.42                  -> 0.0.42
end-workflow	Checkout code	2026-01-15T12:46:36.0768570Z  * [new tag]             0.0.43                  -> 0.0.43
end-workflow	Checkout code	2026-01-15T12:46:36.0768914Z  * [new tag]             0.0.44                  -> 0.0.44
end-workflow	Checkout code	2026-01-15T12:46:36.0769246Z  * [new tag]             0.0.45                  -> 0.0.45
end-workflow	Checkout code	2026-01-15T12:46:36.0769607Z  * [new tag]             0.0.46                  -> 0.0.46
end-workflow	Checkout code	2026-01-15T12:46:36.0769950Z  * [new tag]             0.0.47                  -> 0.0.47
end-workflow	Checkout code	2026-01-15T12:46:36.0770283Z  * [new tag]             0.0.48                  -> 0.0.48
end-workflow	Checkout code	2026-01-15T12:46:36.0770629Z  * [new tag]             0.0.49                  -> 0.0.49
end-workflow	Checkout code	2026-01-15T12:46:36.0770972Z  * [new tag]             0.0.5                   -> 0.0.5
end-workflow	Checkout code	2026-01-15T12:46:36.0771326Z  * [new tag]             0.0.50                  -> 0.0.50
end-workflow	Checkout code	2026-01-15T12:46:36.0771670Z  * [new tag]             0.0.51                  -> 0.0.51
end-workflow	Checkout code	2026-01-15T12:46:36.0772161Z  * [new tag]             0.0.52                  -> 0.0.52
end-workflow	Checkout code	2026-01-15T12:46:36.0772506Z  * [new tag]             0.0.53                  -> 0.0.53
end-workflow	Checkout code	2026-01-15T12:46:36.0772846Z  * [new tag]             0.0.54                  -> 0.0.54
end-workflow	Checkout code	2026-01-15T12:46:36.0773182Z  * [new tag]             0.0.55                  -> 0.0.55
end-workflow	Checkout code	2026-01-15T12:46:36.0773522Z  * [new tag]             0.0.56                  -> 0.0.56
end-workflow	Checkout code	2026-01-15T12:46:36.0773896Z  * [new tag]             0.0.57                  -> 0.0.57
end-workflow	Checkout code	2026-01-15T12:46:36.0774240Z  * [new tag]             0.0.58                  -> 0.0.58
end-workflow	Checkout code	2026-01-15T12:46:36.0774590Z  * [new tag]             0.0.59                  -> 0.0.59
end-workflow	Checkout code	2026-01-15T12:46:36.0774954Z  * [new tag]             0.0.6                   -> 0.0.6
end-workflow	Checkout code	2026-01-15T12:46:36.0775324Z  * [new tag]             0.0.60                  -> 0.0.60
end-workflow	Checkout code	2026-01-15T12:46:36.0775699Z  * [new tag]             0.0.61                  -> 0.0.61
end-workflow	Checkout code	2026-01-15T12:46:36.0776075Z  * [new tag]             0.0.62                  -> 0.0.62
end-workflow	Checkout code	2026-01-15T12:46:36.0776439Z  * [new tag]             0.0.63                  -> 0.0.63
end-workflow	Checkout code	2026-01-15T12:46:36.0776798Z  * [new tag]             0.0.64                  -> 0.0.64
end-workflow	Checkout code	2026-01-15T12:46:36.0777161Z  * [new tag]             0.0.65                  -> 0.0.65
end-workflow	Checkout code	2026-01-15T12:46:36.0777508Z  * [new tag]             0.0.66                  -> 0.0.66
end-workflow	Checkout code	2026-01-15T12:46:36.0778159Z  * [new tag]             0.0.67                  -> 0.0.67
end-workflow	Checkout code	2026-01-15T12:46:36.0778512Z  * [new tag]             0.0.68                  -> 0.0.68
end-workflow	Checkout code	2026-01-15T12:46:36.0778866Z  * [new tag]             0.0.69                  -> 0.0.69
end-workflow	Checkout code	2026-01-15T12:46:36.2556968Z  * [new tag]             0.0.7                   -> 0.0.7
end-workflow	Checkout code	2026-01-15T12:46:36.2557615Z  * [new tag]             0.0.70                  -> 0.0.70
end-workflow	Checkout code	2026-01-15T12:46:36.2557973Z  * [new tag]             0.0.71                  -> 0.0.71
end-workflow	Checkout code	2026-01-15T12:46:36.2558330Z  * [new tag]             0.0.72                  -> 0.0.72
end-workflow	Checkout code	2026-01-15T12:46:36.2558677Z  * [new tag]             0.0.73                  -> 0.0.73
end-workflow	Checkout code	2026-01-15T12:46:36.2559016Z  * [new tag]             0.0.74                  -> 0.0.74
end-workflow	Checkout code	2026-01-15T12:46:36.2559364Z  * [new tag]             0.0.75                  -> 0.0.75
end-workflow	Checkout code	2026-01-15T12:46:36.2559707Z  * [new tag]             0.0.76                  -> 0.0.76
end-workflow	Checkout code	2026-01-15T12:46:36.2560050Z  * [new tag]             0.0.77                  -> 0.0.77
end-workflow	Checkout code	2026-01-15T12:46:36.2560809Z  * [new tag]             0.0.78                  -> 0.0.78
end-workflow	Checkout code	2026-01-15T12:46:36.2561226Z  * [new tag]             0.0.79                  -> 0.0.79
end-workflow	Checkout code	2026-01-15T12:46:36.2561567Z  * [new tag]             0.0.8                   -> 0.0.8
end-workflow	Checkout code	2026-01-15T12:46:36.2561994Z  * [new tag]             0.0.80                  -> 0.0.80
end-workflow	Checkout code	2026-01-15T12:46:36.2562331Z  * [new tag]             0.0.81                  -> 0.0.81
end-workflow	Checkout code	2026-01-15T12:46:36.2562660Z  * [new tag]             0.0.82                  -> 0.0.82
end-workflow	Checkout code	2026-01-15T12:46:36.2562997Z  * [new tag]             0.0.83                  -> 0.0.83
end-workflow	Checkout code	2026-01-15T12:46:36.2563333Z  * [new tag]             0.0.84                  -> 0.0.84
end-workflow	Checkout code	2026-01-15T12:46:36.2563915Z  * [new tag]             0.0.85                  -> 0.0.85
end-workflow	Checkout code	2026-01-15T12:46:36.2564253Z  * [new tag]             0.0.86                  -> 0.0.86
end-workflow	Checkout code	2026-01-15T12:46:36.2564590Z  * [new tag]             0.0.87                  -> 0.0.87
end-workflow	Checkout code	2026-01-15T12:46:36.2564924Z  * [new tag]             0.0.88                  -> 0.0.88
end-workflow	Checkout code	2026-01-15T12:46:36.2565274Z  * [new tag]             0.0.89                  -> 0.0.89
end-workflow	Checkout code	2026-01-15T12:46:36.2565608Z  * [new tag]             0.0.9                   -> 0.0.9
end-workflow	Checkout code	2026-01-15T12:46:36.2565946Z  * [new tag]             0.0.90                  -> 0.0.90
end-workflow	Checkout code	2026-01-15T12:46:36.2566284Z  * [new tag]             0.0.91                  -> 0.0.91
end-workflow	Checkout code	2026-01-15T12:46:36.2566649Z  * [new tag]             0.0.92                  -> 0.0.92
end-workflow	Checkout code	2026-01-15T12:46:36.2567010Z  * [new tag]             0.0.93                  -> 0.0.93
end-workflow	Checkout code	2026-01-15T12:46:36.2708172Z  * [new tag]             0.0.94                  -> 0.0.94
end-workflow	Checkout code	2026-01-15T12:46:36.2708905Z  * [new tag]             0.0.95                  -> 0.0.95
end-workflow	Checkout code	2026-01-15T12:46:36.2709260Z  * [new tag]             0.0.96                  -> 0.0.96
end-workflow	Checkout code	2026-01-15T12:46:36.2709601Z  * [new tag]             0.0.97                  -> 0.0.97
end-workflow	Checkout code	2026-01-15T12:46:36.2709961Z  * [new tag]             0.0.98                  -> 0.0.98
end-workflow	Checkout code	2026-01-15T12:46:36.2710340Z  * [new tag]             0.0.99                  -> 0.0.99
end-workflow	Checkout code	2026-01-15T12:46:36.2710681Z  * [new tag]             0.1.0                   -> 0.1.0
end-workflow	Checkout code	2026-01-15T12:46:36.2711015Z  * [new tag]             0.1.1                   -> 0.1.1
end-workflow	Checkout code	2026-01-15T12:46:36.2711352Z  * [new tag]             0.2.0                   -> 0.2.0
end-workflow	Checkout code	2026-01-15T12:46:36.2711679Z  * [new tag]             0.3.0                   -> 0.3.0
end-workflow	Checkout code	2026-01-15T12:46:36.2712099Z  * [new tag]             0.3.1                   -> 0.3.1
end-workflow	Checkout code	2026-01-15T12:46:36.2712437Z  * [new tag]             0.3.10                  -> 0.3.10
end-workflow	Checkout code	2026-01-15T12:46:36.2712769Z  * [new tag]             0.3.11                  -> 0.3.11
end-workflow	Checkout code	2026-01-15T12:46:36.2713108Z  * [new tag]             0.3.12                  -> 0.3.12
end-workflow	Checkout code	2026-01-15T12:46:36.2713447Z  * [new tag]             0.3.13                  -> 0.3.13
end-workflow	Checkout code	2026-01-15T12:46:36.2713781Z  * [new tag]             0.3.14                  -> 0.3.14
end-workflow	Checkout code	2026-01-15T12:46:36.2714117Z  * [new tag]             0.3.15                  -> 0.3.15
end-workflow	Checkout code	2026-01-15T12:46:36.2714722Z  * [new tag]             0.3.16                  -> 0.3.16
end-workflow	Checkout code	2026-01-15T12:46:36.2715054Z  * [new tag]             0.3.17                  -> 0.3.17
end-workflow	Checkout code	2026-01-15T12:46:36.2715388Z  * [new tag]             0.3.2                   -> 0.3.2
end-workflow	Checkout code	2026-01-15T12:46:36.2715716Z  * [new tag]             0.3.3                   -> 0.3.3
end-workflow	Checkout code	2026-01-15T12:46:36.2716051Z  * [new tag]             0.3.4                   -> 0.3.4
end-workflow	Checkout code	2026-01-15T12:46:36.2716383Z  * [new tag]             0.3.5                   -> 0.3.5
end-workflow	Checkout code	2026-01-15T12:46:36.2716715Z  * [new tag]             0.3.6                   -> 0.3.6
end-workflow	Checkout code	2026-01-15T12:46:36.2717049Z  * [new tag]             0.3.7                   -> 0.3.7
end-workflow	Checkout code	2026-01-15T12:46:36.2717381Z  * [new tag]             0.3.8                   -> 0.3.8
end-workflow	Checkout code	2026-01-15T12:46:36.2717709Z  * [new tag]             0.3.9                   -> 0.3.9
end-workflow	Checkout code	2026-01-15T12:46:36.2718043Z  * [new tag]             0.4.0                   -> 0.4.0
end-workflow	Checkout code	2026-01-15T12:46:36.2718370Z  * [new tag]             0.4.1                   -> 0.4.1
end-workflow	Checkout code	2026-01-15T12:46:36.2718850Z  * [new tag]             0.4.10                  -> 0.4.10
end-workflow	Checkout code	2026-01-15T12:46:36.2719186Z  * [new tag]             0.4.2                   -> 0.4.2
end-workflow	Checkout code	2026-01-15T12:46:36.2719514Z  * [new tag]             0.4.3                   -> 0.4.3
end-workflow	Checkout code	2026-01-15T12:46:36.2719846Z  * [new tag]             0.4.4                   -> 0.4.4
end-workflow	Checkout code	2026-01-15T12:46:36.2720177Z  * [new tag]             0.4.5                   -> 0.4.5
end-workflow	Checkout code	2026-01-15T12:46:36.2720502Z  * [new tag]             0.4.6                   -> 0.4.6
end-workflow	Checkout code	2026-01-15T12:46:36.2720834Z  * [new tag]             0.4.7                   -> 0.4.7
end-workflow	Checkout code	2026-01-15T12:46:36.2721166Z  * [new tag]             0.4.8                   -> 0.4.8
end-workflow	Checkout code	2026-01-15T12:46:36.2721496Z  * [new tag]             0.4.9                   -> 0.4.9
end-workflow	Checkout code	2026-01-15T12:46:37.3040409Z [command]/usr/bin/git branch --list --remote origin/H2436-modulo-de-mongo
end-workflow	Checkout code	2026-01-15T12:46:37.5168725Z   origin/H2436-modulo-de-mongo
end-workflow	Checkout code	2026-01-15T12:46:37.6432533Z [command]/usr/bin/git rev-parse refs/remotes/origin/H2436-modulo-de-mongo
end-workflow	Checkout code	2026-01-15T12:46:37.8365449Z f3a9bb600ceef84a6f5691e4704a473d79d2fe4e
end-workflow	Checkout code	2026-01-15T12:46:37.8368222Z [command]/usr/bin/git -c protocol.version=2 fetch --no-tags --prune --no-recurse-submodules origin +16e2a3738b6b0d3eb1bb24ed64efd17681816d79:refs/remotes/origin/H2436-modulo-de-mongo
end-workflow	Checkout code	2026-01-15T12:46:38.5643978Z From https://github.com/Ka0s-Klaus/ka0s
end-workflow	Checkout code	2026-01-15T12:46:38.5913443Z  + f3a9bb600...16e2a3738 16e2a3738b6b0d3eb1bb24ed64efd17681816d79 -> origin/H2436-modulo-de-mongo  (forced update)
end-workflow	Checkout code	2026-01-15T12:46:38.8089117Z ##[endgroup]
end-workflow	Checkout code	2026-01-15T12:46:38.8092802Z ##[group]Determining the checkout info
end-workflow	Checkout code	2026-01-15T12:46:38.8096563Z ##[endgroup]
end-workflow	Checkout code	2026-01-15T12:46:38.8096891Z [command]/usr/bin/git sparse-checkout disable
end-workflow	Checkout code	2026-01-15T12:46:38.8097716Z [command]/usr/bin/git config --local --unset-all extensions.worktreeConfig
end-workflow	Checkout code	2026-01-15T12:46:38.8098634Z ##[group]Checking out the ref
end-workflow	Checkout code	2026-01-15T12:46:38.8099178Z [command]/usr/bin/git checkout --progress --force -B H2436-modulo-de-mongo refs/remotes/origin/H2436-modulo-de-mongo
end-workflow	Checkout code	2026-01-15T12:46:40.3104269Z Updating files:  10% (156/1498)
end-workflow	Checkout code	2026-01-15T12:46:40.3802648Z Updating files:  11% (165/1498)
end-workflow	Checkout code	2026-01-15T12:46:40.6842844Z Updating files:  12% (180/1498)
end-workflow	Checkout code	2026-01-15T12:46:40.9798133Z Updating files:  13% (195/1498)
end-workflow	Checkout code	2026-01-15T12:46:41.2444098Z Updating files:  13% (196/1498)
end-workflow	Checkout code	2026-01-15T12:46:41.3096770Z Updating files:  14% (210/1498)
end-workflow	Checkout code	2026-01-15T12:46:41.3432548Z Updating files:  15% (225/1498)
end-workflow	Checkout code	2026-01-15T12:46:41.5097250Z Updating files:  16% (240/1498)
end-workflow	Checkout code	2026-01-15T12:46:41.5492537Z Updating files:  17% (255/1498)
end-workflow	Checkout code	2026-01-15T12:46:42.0559639Z Updating files:  18% (270/1498)
end-workflow	Checkout code	2026-01-15T12:46:42.0608561Z Updating files:  18% (284/1498)
end-workflow	Checkout code	2026-01-15T12:46:42.0919293Z Updating files:  19% (285/1498)
end-workflow	Checkout code	2026-01-15T12:46:42.3332863Z Updating files:  20% (300/1498)
end-workflow	Checkout code	2026-01-15T12:46:42.6003958Z Updating files:  21% (315/1498)
end-workflow	Checkout code	2026-01-15T12:46:42.6953646Z Updating files:  22% (330/1498)
end-workflow	Checkout code	2026-01-15T12:46:42.8306056Z Updating files:  23% (345/1498)
end-workflow	Checkout code	2026-01-15T12:46:43.0667298Z Updating files:  23% (353/1498)
end-workflow	Checkout code	2026-01-15T12:46:43.0668915Z Updating files:  24% (360/1498)
end-workflow	Checkout code	2026-01-15T12:46:43.2229808Z Updating files:  25% (375/1498)
end-workflow	Checkout code	2026-01-15T12:46:43.2230181Z Updating files:  26% (390/1498)
end-workflow	Checkout code	2026-01-15T12:46:43.4915191Z Updating files:  27% (405/1498)
end-workflow	Checkout code	2026-01-15T12:46:43.6952563Z Updating files:  28% (420/1498)
end-workflow	Checkout code	2026-01-15T12:46:43.7863378Z Updating files:  29% (435/1498)
end-workflow	Checkout code	2026-01-15T12:46:43.9234551Z Updating files:  29% (440/1498)
end-workflow	Checkout code	2026-01-15T12:46:44.0314247Z Updating files:  30% (450/1498)
end-workflow	Checkout code	2026-01-15T12:46:44.1465172Z Updating files:  31% (465/1498)
end-workflow	Checkout code	2026-01-15T12:46:44.2159225Z Updating files:  32% (480/1498)
end-workflow	Checkout code	2026-01-15T12:46:44.4771960Z Updating files:  33% (495/1498)
end-workflow	Checkout code	2026-01-15T12:46:44.5715095Z Updating files:  34% (510/1498)
end-workflow	Checkout code	2026-01-15T12:46:44.7683896Z Updating files:  35% (525/1498)
end-workflow	Checkout code	2026-01-15T12:46:44.8313012Z Updating files:  36% (540/1498)
end-workflow	Checkout code	2026-01-15T12:46:44.9220905Z Updating files:  36% (541/1498)
end-workflow	Checkout code	2026-01-15T12:46:45.1096031Z Updating files:  37% (555/1498)
end-workflow	Checkout code	2026-01-15T12:46:45.2035573Z Updating files:  38% (570/1498)
end-workflow	Checkout code	2026-01-15T12:46:45.2853516Z Updating files:  39% (585/1498)
end-workflow	Checkout code	2026-01-15T12:46:45.3856010Z Updating files:  40% (600/1498)
end-workflow	Checkout code	2026-01-15T12:46:45.5694839Z Updating files:  41% (615/1498)
end-workflow	Checkout code	2026-01-15T12:46:45.9299686Z Updating files:  42% (630/1498)
end-workflow	Checkout code	2026-01-15T12:46:45.9300241Z Updating files:  42% (640/1498)
end-workflow	Checkout code	2026-01-15T12:46:46.1578581Z Updating files:  43% (645/1498)
end-workflow	Checkout code	2026-01-15T12:46:46.3190429Z Updating files:  44% (660/1498)
end-workflow	Checkout code	2026-01-15T12:46:46.4632858Z Updating files:  45% (675/1498)
end-workflow	Checkout code	2026-01-15T12:46:46.5512672Z Updating files:  46% (690/1498)
end-workflow	Checkout code	2026-01-15T12:46:46.7102113Z Updating files:  47% (705/1498)
end-workflow	Checkout code	2026-01-15T12:46:46.7188622Z Updating files:  48% (720/1498)
end-workflow	Checkout code	2026-01-15T12:46:46.7189309Z Updating files:  49% (735/1498)
end-workflow	Checkout code	2026-01-15T12:46:46.7661477Z Updating files:  50% (749/1498)
end-workflow	Checkout code	2026-01-15T12:46:46.7807554Z Updating files:  50% (757/1498)
end-workflow	Checkout code	2026-01-15T12:46:46.8168035Z Updating files:  51% (764/1498)
end-workflow	Checkout code	2026-01-15T12:46:46.8519651Z Updating files:  52% (779/1498)
end-workflow	Checkout code	2026-01-15T12:46:46.9105533Z Updating files:  53% (794/1498)
end-workflow	Checkout code	2026-01-15T12:46:46.9737444Z Updating files:  54% (809/1498)
end-workflow	Checkout code	2026-01-15T12:46:47.0475746Z Updating files:  55% (824/1498)
end-workflow	Checkout code	2026-01-15T12:46:47.0476481Z Updating files:  56% (839/1498)
end-workflow	Checkout code	2026-01-15T12:46:47.0829086Z Updating files:  57% (854/1498)
end-workflow	Checkout code	2026-01-15T12:46:47.1175748Z Updating files:  58% (869/1498)
end-workflow	Checkout code	2026-01-15T12:46:47.2285219Z Updating files:  59% (884/1498)
end-workflow	Checkout code	2026-01-15T12:46:47.5577436Z Updating files:  60% (899/1498)
end-workflow	Checkout code	2026-01-15T12:46:47.8438375Z Updating files:  61% (914/1498)
end-workflow	Checkout code	2026-01-15T12:46:49.8059672Z Updating files:  61% (919/1498)
end-workflow	Checkout code	2026-01-15T12:46:51.3624401Z Updating files:  61% (923/1498)
end-workflow	Checkout code	2026-01-15T12:46:51.3624755Z Updating files:  61% (928/1498)
end-workflow	Checkout code	2026-01-15T12:46:51.3625011Z Updating files:  62% (929/1498)
end-workflow	Checkout code	2026-01-15T12:46:51.4152425Z Updating files:  63% (944/1498)
end-workflow	Checkout code	2026-01-15T12:46:51.4276049Z Updating files:  64% (959/1498)
end-workflow	Checkout code	2026-01-15T12:46:51.4907505Z Updating files:  65% (974/1498)
end-workflow	Checkout code	2026-01-15T12:46:51.6799973Z Updating files:  66% (989/1498)
end-workflow	Checkout code	2026-01-15T12:46:51.6906413Z Updating files:  67% (1004/1498)
end-workflow	Checkout code	2026-01-15T12:46:51.6906958Z Updating files:  68% (1019/1498)
end-workflow	Checkout code	2026-01-15T12:46:52.0344044Z Updating files:  69% (1034/1498)
end-workflow	Checkout code	2026-01-15T12:46:52.0344404Z Updating files:  70% (1049/1498)
end-workflow	Checkout code	2026-01-15T12:46:52.2898847Z Updating files:  70% (1050/1498)
end-workflow	Checkout code	2026-01-15T12:46:52.5464649Z Updating files:  71% (1064/1498)
end-workflow	Checkout code	2026-01-15T12:46:53.2260925Z Updating files:  72% (1079/1498)
end-workflow	Checkout code	2026-01-15T12:46:54.2870780Z Updating files:  72% (1084/1498)
end-workflow	Checkout code	2026-01-15T12:46:54.3943920Z Updating files:  72% (1085/1498)
end-workflow	Checkout code	2026-01-15T12:46:54.6367145Z Updating files:  73% (1094/1498)
end-workflow	Checkout code	2026-01-15T12:46:54.7026533Z Updating files:  74% (1109/1498)
end-workflow	Checkout code	2026-01-15T12:46:54.9697809Z Updating files:  75% (1124/1498)
end-workflow	Checkout code	2026-01-15T12:46:55.1422481Z Updating files:  75% (1137/1498)
end-workflow	Checkout code	2026-01-15T12:46:55.1958179Z Updating files:  76% (1139/1498)
end-workflow	Checkout code	2026-01-15T12:46:55.1960652Z Updating files:  77% (1154/1498)
end-workflow	Checkout code	2026-01-15T12:46:57.8545875Z Updating files:  78% (1169/1498)
end-workflow	Checkout code	2026-01-15T12:46:57.8546996Z Updating files:  78% (1181/1498)
end-workflow	Checkout code	2026-01-15T12:46:57.8548221Z Updating files:  79% (1184/1498)
end-workflow	Checkout code	2026-01-15T12:46:57.8576632Z Updating files:  80% (1199/1498)
end-workflow	Checkout code	2026-01-15T12:46:57.8619793Z Updating files:  81% (1214/1498)
end-workflow	Checkout code	2026-01-15T12:46:57.9238174Z Updating files:  82% (1229/1498)
end-workflow	Checkout code	2026-01-15T12:46:57.9384019Z Updating files:  83% (1244/1498)
end-workflow	Checkout code	2026-01-15T12:46:57.9736464Z Updating files:  84% (1259/1498)
end-workflow	Checkout code	2026-01-15T12:46:58.0146520Z Updating files:  85% (1274/1498)
end-workflow	Checkout code	2026-01-15T12:46:58.9546199Z Updating files:  86% (1289/1498)
end-workflow	Checkout code	2026-01-15T12:46:59.9125764Z Updating files:  86% (1298/1498)
end-workflow	Checkout code	2026-01-15T12:47:00.1659573Z Updating files:  86% (1302/1498)
end-workflow	Checkout code	2026-01-15T12:47:00.8726893Z Updating files:  87% (1304/1498)
end-workflow	Checkout code	2026-01-15T12:47:01.8106682Z Updating files:  87% (1309/1498)
end-workflow	Checkout code	2026-01-15T12:47:02.7982767Z Updating files:  88% (1319/1498)
end-workflow	Checkout code	2026-01-15T12:47:03.4303413Z Updating files:  88% (1327/1498)
end-workflow	Checkout code	2026-01-15T12:47:03.8643706Z Updating files:  89% (1334/1498)
end-workflow	Checkout code	2026-01-15T12:47:05.0188919Z Updating files:  89% (1335/1498)
end-workflow	Checkout code	2026-01-15T12:47:05.8259935Z Updating files:  89% (1339/1498)
end-workflow	Checkout code	2026-01-15T12:47:06.7967913Z Updating files:  89% (1343/1498)
end-workflow	Checkout code	2026-01-15T12:47:07.3673100Z Updating files:  89% (1346/1498)
end-workflow	Checkout code	2026-01-15T12:47:07.9146739Z Updating files:  90% (1349/1498)
end-workflow	Checkout code	2026-01-15T12:47:09.1884297Z Updating files:  90% (1352/1498)
end-workflow	Checkout code	2026-01-15T12:47:09.9103904Z Updating files:  90% (1353/1498)
end-workflow	Checkout code	2026-01-15T12:47:11.0607306Z Updating files:  90% (1354/1498)
end-workflow	Checkout code	2026-01-15T12:47:11.8785090Z Updating files:  90% (1358/1498)
end-workflow	Checkout code	2026-01-15T12:47:12.8403070Z Updating files:  90% (1360/1498)
end-workflow	Checkout code	2026-01-15T12:47:13.1498595Z Updating files:  90% (1363/1498)
end-workflow	Checkout code	2026-01-15T12:47:13.8255123Z Updating files:  91% (1364/1498)
end-workflow	Checkout code	2026-01-15T12:47:14.9425686Z Updating files:  91% (1367/1498)
end-workflow	Checkout code	2026-01-15T12:47:15.7638348Z Updating files:  91% (1370/1498)
end-workflow	Checkout code	2026-01-15T12:47:16.9676624Z Updating files:  91% (1372/1498)
end-workflow	Checkout code	2026-01-15T12:47:17.8663121Z Updating files:  91% (1375/1498)
end-workflow	Checkout code	2026-01-15T12:47:18.2275496Z Updating files:  91% (1378/1498)
end-workflow	Checkout code	2026-01-15T12:47:19.1356537Z Updating files:  92% (1379/1498)
end-workflow	Checkout code	2026-01-15T12:47:19.8808538Z Updating files:  92% (1383/1498)
end-workflow	Checkout code	2026-01-15T12:47:21.0032445Z Updating files:  92% (1386/1498)
end-workflow	Checkout code	2026-01-15T12:47:21.7163912Z Updating files:  92% (1390/1498)
end-workflow	Checkout code	2026-01-15T12:47:21.8777289Z Updating files:  93% (1394/1498)
end-workflow	Checkout code	2026-01-15T12:47:22.8628202Z Updating files:  93% (1395/1498)
end-workflow	Checkout code	2026-01-15T12:47:23.2606504Z Updating files:  93% (1399/1498)
end-workflow	Checkout code	2026-01-15T12:47:23.3432809Z Updating files:  94% (1409/1498)
end-workflow	Checkout code	2026-01-15T12:47:23.3482968Z Updating files:  95% (1424/1498)
end-workflow	Checkout code	2026-01-15T12:47:23.4600400Z Updating files:  96% (1439/1498)
end-workflow	Checkout code	2026-01-15T12:47:23.8039468Z Updating files:  97% (1454/1498)
end-workflow	Checkout code	2026-01-15T12:47:23.8963929Z Updating files:  97% (1458/1498)
end-workflow	Checkout code	2026-01-15T12:47:23.9836089Z Updating files:  98% (1469/1498)
end-workflow	Checkout code	2026-01-15T12:47:23.9860800Z Updating files:  99% (1484/1498)
end-workflow	Checkout code	2026-01-15T12:47:23.9865672Z Updating files: 100% (1498/1498)
end-workflow	Checkout code	2026-01-15T12:47:23.9887113Z Updating files: 100% (1498/1498), done.
end-workflow	Checkout code	2026-01-15T12:47:24.2581442Z Switched to a new branch 'H2436-modulo-de-mongo'
end-workflow	Checkout code	2026-01-15T12:47:24.2587060Z branch 'H2436-modulo-de-mongo' set up to track 'origin/H2436-modulo-de-mongo'.
end-workflow	Checkout code	2026-01-15T12:47:24.5865859Z ##[endgroup]
end-workflow	Checkout code	2026-01-15T12:47:24.9254440Z [command]/usr/bin/git log -1 --format=%H
end-workflow	Checkout code	2026-01-15T12:47:25.0247388Z 16e2a3738b6b0d3eb1bb24ed64efd17681816d79
end-workflow	Install GH CLI	﻿2026-01-15T12:47:26.3767008Z Prepare all required actions
end-workflow	Install GH CLI	2026-01-15T12:47:26.6716009Z ##[group]Run ./.github/actions/install-gh-cli
end-workflow	Install GH CLI	2026-01-15T12:47:26.6716347Z env:
end-workflow	Install GH CLI	2026-01-15T12:47:26.6716552Z   KAOS_MODULE: [Ka0S] JSONLINT
end-workflow	Install GH CLI	2026-01-15T12:47:26.6717130Z   GH_TOKEN: ***
end-workflow	Install GH CLI	2026-01-15T12:47:26.6717381Z   KAOS_JSONLINT_CONFIG: core/config/.jsonlint.json
end-workflow	Install GH CLI	2026-01-15T12:47:26.6717708Z   KAOS_PATH_RESUME: audit/jsonlint/
end-workflow	Install GH CLI	2026-01-15T12:47:26.6718008Z   KAOS_REPO: /actions-runner/_work/kaos/kaos
end-workflow	Install GH CLI	2026-01-15T12:47:26.6718292Z   KAOS_STEP_MODULE: 
end-workflow	Install GH CLI	2026-01-15T12:47:26.6718509Z   KAOS_CODE: 21030571672
end-workflow	Install GH CLI	2026-01-15T12:47:26.6718734Z   KAOS_REF_BRANCH: main
end-workflow	Install GH CLI	2026-01-15T12:47:26.6719172Z ##[endgroup]
end-workflow	Install GH CLI	2026-01-15T12:47:27.3840947Z ##[group]Run type -p curl >/dev/null || (sudo apt-get update && sudo apt-get install curl -y)
end-workflow	Install GH CLI	2026-01-15T12:47:27.3841677Z [36;1mtype -p curl >/dev/null || (sudo apt-get update && sudo apt-get install curl -y)[0m
end-workflow	Install GH CLI	2026-01-15T12:47:27.3903175Z [36;1mcurl -fsSL https://cli.github.com/packages/githubcli-archive-keyring.gpg | sudo dd of=/usr/share/keyrings/githubcli-archive-keyring.gpg \[0m
end-workflow	Install GH CLI	2026-01-15T12:47:27.3904227Z [36;1m&& sudo chmod go+r /usr/share/keyrings/githubcli-archive-keyring.gpg \[0m
end-workflow	Install GH CLI	2026-01-15T12:47:27.3905396Z [36;1m&& echo "deb [arch=$(dpkg --print-architecture) signed-by=/usr/share/keyrings/githubcli-archive-keyring.gpg] https://cli.github.com/packages stable main" | sudo tee /etc/apt/sources.list.d/github-cli.list > /dev/null \[0m
end-workflow	Install GH CLI	2026-01-15T12:47:27.3906446Z [36;1m&& sudo apt-get update \[0m
end-workflow	Install GH CLI	2026-01-15T12:47:27.3906733Z [36;1m&& sudo apt-get install gh -y[0m
end-workflow	Install GH CLI	2026-01-15T12:47:27.5193957Z shell: /usr/bin/bash --noprofile --norc -e -o pipefail {0}
end-workflow	Install GH CLI	2026-01-15T12:47:27.5194840Z env:
end-workflow	Install GH CLI	2026-01-15T12:47:27.5195086Z   KAOS_MODULE: [Ka0S] JSONLINT
end-workflow	Install GH CLI	2026-01-15T12:47:27.5195596Z   GH_TOKEN: ***
end-workflow	Install GH CLI	2026-01-15T12:47:27.5195843Z   KAOS_JSONLINT_CONFIG: core/config/.jsonlint.json
end-workflow	Install GH CLI	2026-01-15T12:47:27.5196167Z   KAOS_PATH_RESUME: audit/jsonlint/
end-workflow	Install GH CLI	2026-01-15T12:47:27.5196456Z   KAOS_REPO: /actions-runner/_work/kaos/kaos
end-workflow	Install GH CLI	2026-01-15T12:47:27.5196759Z   KAOS_STEP_MODULE: 
end-workflow	Install GH CLI	2026-01-15T12:47:27.5196968Z   KAOS_CODE: 21030571672
end-workflow	Install GH CLI	2026-01-15T12:47:27.5197200Z   KAOS_REF_BRANCH: main
end-workflow	Install GH CLI	2026-01-15T12:47:27.5197419Z ##[endgroup]
end-workflow	Install GH CLI	2026-01-15T12:47:30.9335054Z 4+1 records in
end-workflow	Install GH CLI	2026-01-15T12:47:30.9339269Z 4+1 records out
end-workflow	Install GH CLI	2026-01-15T12:47:30.9343795Z 2270 bytes (2.3 kB, 2.2 KiB) copied, 1.58548 s, 1.4 kB/s
end-workflow	Install GH CLI	2026-01-15T12:47:35.7585473Z Get:1 http://archive.ubuntu.com/ubuntu noble InRelease [256 kB]
end-workflow	Install GH CLI	2026-01-15T12:47:35.8423331Z Get:2 http://security.ubuntu.com/ubuntu noble-security InRelease [126 kB]
end-workflow	Install GH CLI	2026-01-15T12:47:35.8811221Z Get:3 https://ppa.launchpadcontent.net/git-core/ppa/ubuntu noble InRelease [24.3 kB]
end-workflow	Install GH CLI	2026-01-15T12:47:36.4242453Z Get:4 http://archive.ubuntu.com/ubuntu noble-updates InRelease [126 kB]
end-workflow	Install GH CLI	2026-01-15T12:47:36.7011020Z Get:5 http://archive.ubuntu.com/ubuntu noble-backports InRelease [126 kB]
end-workflow	Install GH CLI	2026-01-15T12:47:38.3495593Z Get:6 https://cli.github.com/packages stable InRelease [3917 B]
end-workflow	Install GH CLI	2026-01-15T12:47:39.6595426Z Get:7 http://archive.ubuntu.com/ubuntu noble/multiverse amd64 Packages [331 kB]
end-workflow	Install GH CLI	2026-01-15T12:47:40.3946020Z Get:8 http://archive.ubuntu.com/ubuntu noble/universe amd64 Packages [19.3 MB]
end-workflow	Install GH CLI	2026-01-15T12:47:42.6259797Z Get:9 https://ppa.launchpadcontent.net/git-core/ppa/ubuntu noble/main amd64 Packages [2994 B]
end-workflow	Install GH CLI	2026-01-15T12:47:44.3183232Z Get:10 http://security.ubuntu.com/ubuntu noble-security/main amd64 Packages [1769 kB]
end-workflow	Install GH CLI	2026-01-15T12:47:46.2474148Z Get:11 http://security.ubuntu.com/ubuntu noble-security/multiverse amd64 Packages [33.1 kB]
end-workflow	Install GH CLI	2026-01-15T12:47:46.3607429Z Get:12 http://security.ubuntu.com/ubuntu noble-security/restricted amd64 Packages [2919 kB]
end-workflow	Install GH CLI	2026-01-15T12:47:48.1586723Z Get:13 http://security.ubuntu.com/ubuntu noble-security/universe amd64 Packages [1189 kB]
end-workflow	Install GH CLI	2026-01-15T12:47:48.8921673Z Get:14 http://archive.ubuntu.com/ubuntu noble/main amd64 Packages [1808 kB]
end-workflow	Install GH CLI	2026-01-15T12:47:49.9777638Z Get:15 http://archive.ubuntu.com/ubuntu noble/restricted amd64 Packages [117 kB]
end-workflow	Install GH CLI	2026-01-15T12:47:50.0829208Z Get:16 http://archive.ubuntu.com/ubuntu noble-updates/multiverse amd64 Packages [35.9 kB]
end-workflow	Install GH CLI	2026-01-15T12:47:50.2913500Z Get:17 http://archive.ubuntu.com/ubuntu noble-updates/universe amd64 Packages [1956 kB]
end-workflow	Install GH CLI	2026-01-15T12:47:50.7629438Z Get:18 http://archive.ubuntu.com/ubuntu noble-updates/restricted amd64 Packages [3077 kB]
end-workflow	Install GH CLI	2026-01-15T12:47:52.2745377Z Get:19 https://cli.github.com/packages stable/main amd64 Packages [354 B]
end-workflow	Install GH CLI	2026-01-15T12:47:53.0665207Z Get:20 http://archive.ubuntu.com/ubuntu noble-updates/main amd64 Packages [2141 kB]
end-workflow	Install GH CLI	2026-01-15T12:47:53.8420540Z Get:21 http://archive.ubuntu.com/ubuntu noble-backports/main amd64 Packages [49.5 kB]
end-workflow	Install GH CLI	2026-01-15T12:47:53.9975613Z Get:22 http://archive.ubuntu.com/ubuntu noble-backports/universe amd64 Packages [34.6 kB]
end-workflow	Install GH CLI	2026-01-15T12:48:33.4074603Z Fetched 35.4 MB in 58s (614 kB/s)
end-workflow	Install GH CLI	2026-01-15T12:48:52.3403167Z Reading package lists...
end-workflow	Install GH CLI	2026-01-15T12:49:00.7347182Z Reading package lists...
end-workflow	Install GH CLI	2026-01-15T12:49:01.5655587Z Building dependency tree...
end-workflow	Install GH CLI	2026-01-15T12:49:01.5662882Z Reading state information...
end-workflow	Install GH CLI	2026-01-15T12:49:05.0649779Z The following NEW packages will be installed:
end-workflow	Install GH CLI	2026-01-15T12:49:05.0826367Z   gh
end-workflow	Install GH CLI	2026-01-15T12:49:05.6458137Z 0 upgraded, 1 newly installed, 0 to remove and 5 not upgraded.
end-workflow	Install GH CLI	2026-01-15T12:49:05.6509128Z Need to get 13.7 MB of archives.
end-workflow	Install GH CLI	2026-01-15T12:49:05.6570741Z After this operation, 37.9 MB of additional disk space will be used.
end-workflow	Install GH CLI	2026-01-15T12:49:05.6572115Z Get:1 https://cli.github.com/packages stable/main amd64 gh amd64 2.85.0 [13.7 MB]
end-workflow	Install GH CLI	2026-01-15T12:49:16.7763097Z debconf: delaying package configuration, since apt-utils is not installed
end-workflow	Install GH CLI	2026-01-15T12:49:18.6811026Z Fetched 13.7 MB in 6s (2157 kB/s)
end-workflow	Install GH CLI	2026-01-15T12:49:24.3299032Z Selecting previously unselected package gh.
end-workflow	Install GH CLI	2026-01-15T12:49:24.3896112Z (Reading database ... 
end-workflow	Install GH CLI	2026-01-15T12:49:24.3896743Z (Reading database ... 5%
end-workflow	Install GH CLI	2026-01-15T12:49:24.3897111Z (Reading database ... 10%
end-workflow	Install GH CLI	2026-01-15T12:49:24.3900041Z (Reading database ... 15%
end-workflow	Install GH CLI	2026-01-15T12:49:24.3900567Z (Reading database ... 20%
end-workflow	Install GH CLI	2026-01-15T12:49:24.3900990Z (Reading database ... 25%
end-workflow	Install GH CLI	2026-01-15T12:49:24.3902658Z (Reading database ... 30%
end-workflow	Install GH CLI	2026-01-15T12:49:24.3902943Z (Reading database ... 35%
end-workflow	Install GH CLI	2026-01-15T12:49:24.3903169Z (Reading database ... 40%
end-workflow	Install GH CLI	2026-01-15T12:49:24.3903400Z (Reading database ... 45%
end-workflow	Install GH CLI	2026-01-15T12:49:24.3903632Z (Reading database ... 50%
end-workflow	Install GH CLI	2026-01-15T12:49:24.3903858Z (Reading database ... 55%
end-workflow	Install GH CLI	2026-01-15T12:49:24.3904089Z (Reading database ... 60%
end-workflow	Install GH CLI	2026-01-15T12:49:24.4118455Z (Reading database ... 65%
end-workflow	Install GH CLI	2026-01-15T12:49:24.5443532Z (Reading database ... 70%
end-workflow	Install GH CLI	2026-01-15T12:49:24.5706012Z (Reading database ... 75%
end-workflow	Install GH CLI	2026-01-15T12:49:24.6316705Z (Reading database ... 80%
end-workflow	Install GH CLI	2026-01-15T12:49:24.6522263Z (Reading database ... 85%
end-workflow	Install GH CLI	2026-01-15T12:49:24.6689463Z (Reading database ... 90%
end-workflow	Install GH CLI	2026-01-15T12:49:25.2307963Z (Reading database ... 95%
end-workflow	Install GH CLI	2026-01-15T12:49:25.2308881Z (Reading database ... 100%
end-workflow	Install GH CLI	2026-01-15T12:49:25.2310236Z (Reading database ... 14385 files and directories currently installed.)
end-workflow	Install GH CLI	2026-01-15T12:49:25.2310852Z Preparing to unpack .../archives/gh_2.85.0_amd64.deb ...
end-workflow	Install GH CLI	2026-01-15T12:49:26.6748486Z Unpacking gh (2.85.0) ...
end-workflow	Install GH CLI	2026-01-15T12:50:10.7188796Z Setting up gh (2.85.0) ...
end-workflow	Finaliza el workflow	﻿2026-01-15T12:50:27.6056324Z ##[group]Run echo "End process"
end-workflow	Finaliza el workflow	2026-01-15T12:50:27.6057579Z [36;1mecho "End process"[0m
end-workflow	Finaliza el workflow	2026-01-15T12:50:27.6058005Z [36;1mRNNUMBER=$(echo "refs/heads/H2436-modulo-de-mongo" | grep -o '[0-9]*')[0m
end-workflow	Finaliza el workflow	2026-01-15T12:50:27.6058592Z [36;1mgh issue comment $RNNUMBER --body "Se finaliza Ka0s 21030571672"[0m
end-workflow	Finaliza el workflow	2026-01-15T12:50:27.6059409Z [36;1mgh workflow run inspector.yml --ref 'main' -f kaos-issue-id=$RNNUMBER -f kaos-workflow-id="21030571672" -f kaos-user-start=""[0m
end-workflow	Finaliza el workflow	2026-01-15T12:50:27.6251005Z shell: /usr/bin/bash -e {0}
end-workflow	Finaliza el workflow	2026-01-15T12:50:27.6251314Z env:
end-workflow	Finaliza el workflow	2026-01-15T12:50:27.6251528Z   KAOS_MODULE: [Ka0S] JSONLINT
end-workflow	Finaliza el workflow	2026-01-15T12:50:27.6382471Z   GH_TOKEN: ***
end-workflow	Finaliza el workflow	2026-01-15T12:50:27.6382880Z   KAOS_JSONLINT_CONFIG: core/config/.jsonlint.json
end-workflow	Finaliza el workflow	2026-01-15T12:50:27.6383208Z   KAOS_PATH_RESUME: audit/jsonlint/
end-workflow	Finaliza el workflow	2026-01-15T12:50:27.6383504Z   KAOS_REPO: /actions-runner/_work/kaos/kaos
end-workflow	Finaliza el workflow	2026-01-15T12:50:27.6383795Z   KAOS_STEP_MODULE: 
end-workflow	Finaliza el workflow	2026-01-15T12:50:27.6384002Z   KAOS_CODE: 21030571672
end-workflow	Finaliza el workflow	2026-01-15T12:50:27.6384226Z   KAOS_REF_BRANCH: main
end-workflow	Finaliza el workflow	2026-01-15T12:50:27.6384505Z ##[endgroup]
end-workflow	Finaliza el workflow	2026-01-15T12:50:28.8967595Z End process
end-workflow	Finaliza el workflow	2026-01-15T12:50:30.6889611Z https://github.com/Ka0s-Klaus/ka0s/issues/2436#issuecomment-3754614221
end-workflow	Post Checkout code	﻿2026-01-15T12:50:34.8825303Z Post job cleanup.
end-workflow	Post Checkout code	2026-01-15T12:50:36.8565304Z [command]/usr/bin/git version
end-workflow	Post Checkout code	2026-01-15T12:50:36.8565696Z git version 2.52.0
end-workflow	Post Checkout code	2026-01-15T12:50:37.2582484Z Temporarily overriding HOME='/home/runner/_work/_temp/26f7fccd-b18a-4b24-8996-9470c2e59bb6' before making global git config changes
end-workflow	Post Checkout code	2026-01-15T12:50:37.2585968Z Adding repository directory to the temporary git global config as a safe directory
end-workflow	Post Checkout code	2026-01-15T12:50:37.3268985Z [command]/usr/bin/git config --global --add safe.directory /home/runner/_work/ka0s/ka0s
end-workflow	Post Checkout code	2026-01-15T12:50:37.6764161Z [command]/usr/bin/git config --local --name-only --get-regexp core\.sshCommand
end-workflow	Post Checkout code	2026-01-15T12:50:37.9316385Z [command]/usr/bin/git submodule foreach --recursive sh -c "git config --local --name-only --get-regexp 'core\.sshCommand' && git config --local --unset-all 'core.sshCommand' || :"
end-workflow	Post Checkout code	2026-01-15T12:50:38.3513393Z [command]/usr/bin/git config --local --name-only --get-regexp http\.https\:\/\/github\.com\/\.extraheader
end-workflow	Post Checkout code	2026-01-15T12:50:38.4008190Z http.https://github.com/.extraheader
end-workflow	Post Checkout code	2026-01-15T12:50:38.4227970Z [command]/usr/bin/git config --local --unset-all http.https://github.com/.extraheader
end-workflow	Post Checkout code	2026-01-15T12:50:38.7667089Z [command]/usr/bin/git submodule foreach --recursive sh -c "git config --local --name-only --get-regexp 'http\.https\:\/\/github\.com\/\.extraheader' && git config --local --unset-all 'http.https://github.com/.extraheader' || :"
end-workflow	Post Checkout code	2026-01-15T12:50:39.2510858Z [command]/usr/bin/git config --local --name-only --get-regexp ^includeIf\.gitdir:
end-workflow	Post Checkout code	2026-01-15T12:50:39.2656569Z [command]/usr/bin/git submodule foreach --recursive git config --local --show-origin --name-only --get-regexp remote.origin.url
end-workflow	Complete job	﻿2026-01-15T12:50:40.5178780Z Cleaning up orphan processes
