job-core	Set up job	ï»¿2026-01-15T12:02:31.5750769Z Current runner version: '2.331.0'
job-core	Set up job	2026-01-15T12:02:31.7993165Z Runner name: 'swarm-runners-scaleset-hkss5-runner-86zhx'
job-core	Set up job	2026-01-15T12:02:31.7995671Z Runner group name: 'Default'
job-core	Set up job	2026-01-15T12:02:31.7996886Z Machine name: 'swarm-runners-scaleset-hkss5-runner-86zhx'
job-core	Set up job	2026-01-15T12:02:31.8000706Z ##[group]GITHUB_TOKEN Permissions
job-core	Set up job	2026-01-15T12:02:31.8006075Z Actions: write
job-core	Set up job	2026-01-15T12:02:31.8006666Z Contents: write
job-core	Set up job	2026-01-15T12:02:31.8007162Z Issues: write
job-core	Set up job	2026-01-15T12:02:31.8007644Z Metadata: read
job-core	Set up job	2026-01-15T12:02:31.8008157Z PullRequests: write
job-core	Set up job	2026-01-15T12:02:31.8008662Z ##[endgroup]
job-core	Set up job	2026-01-15T12:02:31.8012518Z Secret source: Actions
job-core	Set up job	2026-01-15T12:02:31.8013804Z Prepare workflow directory
job-core	Set up job	2026-01-15T12:02:33.2306508Z Prepare all required actions
job-core	Set up job	2026-01-15T12:02:33.2451891Z Getting action download info
job-core	Set up job	2026-01-15T12:02:35.4160325Z Download action repository 'actions/checkout@v4' (SHA:34e114876b0b11c390a56381ad16ebd13914f8d5)
job-core	Set up job	2026-01-15T12:02:39.4032105Z Download action repository 'actions/setup-node@v2' (SHA:7c12f8017d5436eb855f1ed4399f037a36fbd9e8)
job-core	Set up job	2026-01-15T12:02:44.4672870Z Complete job name: job-core
job-core	Install GH CLI	ï»¿2026-01-15T12:12:35.5360126Z Prepare all required actions
job-core	Install GH CLI	2026-01-15T12:12:35.8697315Z ##[group]Run ./.github/actions/install-gh-cli
job-core	Install GH CLI	2026-01-15T12:12:35.8697658Z env:
job-core	Install GH CLI	2026-01-15T12:12:35.8697859Z   KAOS_MODULE: [Ka0S] JSONLINT
job-core	Install GH CLI	2026-01-15T12:12:35.8698619Z   GH_TOKEN: ***
job-core	Install GH CLI	2026-01-15T12:12:35.8698886Z   KAOS_JSONLINT_CONFIG: core/config/.jsonlint.json
job-core	Install GH CLI	2026-01-15T12:12:35.8699213Z   KAOS_PATH_RESUME: audit/jsonlint/
job-core	Install GH CLI	2026-01-15T12:12:35.8699835Z   KAOS_REPO: /actions-runner/_work/kaos/kaos
job-core	Install GH CLI	2026-01-15T12:12:35.8700129Z   KAOS_STEP_MODULE: 
job-core	Install GH CLI	2026-01-15T12:12:35.8700350Z   KAOS_CODE: 21030562153
job-core	Install GH CLI	2026-01-15T12:12:35.8700577Z   KAOS_REF_BRANCH: main
job-core	Install GH CLI	2026-01-15T12:12:35.8700809Z ##[endgroup]
job-core	Install GH CLI	2026-01-15T12:12:37.1439872Z ##[group]Run type -p curl >/dev/null || (sudo apt-get update && sudo apt-get install curl -y)
job-core	Install GH CLI	2026-01-15T12:12:37.1440582Z [36;1mtype -p curl >/dev/null || (sudo apt-get update && sudo apt-get install curl -y)[0m
job-core	Install GH CLI	2026-01-15T12:12:37.1441462Z [36;1mcurl -fsSL https://cli.github.com/packages/githubcli-archive-keyring.gpg | sudo dd of=/usr/share/keyrings/githubcli-archive-keyring.gpg \[0m
job-core	Install GH CLI	2026-01-15T12:12:37.2613927Z [36;1m&& sudo chmod go+r /usr/share/keyrings/githubcli-archive-keyring.gpg \[0m
job-core	Install GH CLI	2026-01-15T12:12:37.2615138Z [36;1m&& echo "deb [arch=$(dpkg --print-architecture) signed-by=/usr/share/keyrings/githubcli-archive-keyring.gpg] https://cli.github.com/packages stable main" | sudo tee /etc/apt/sources.list.d/github-cli.list > /dev/null \[0m
job-core	Install GH CLI	2026-01-15T12:12:37.2616196Z [36;1m&& sudo apt-get update \[0m
job-core	Install GH CLI	2026-01-15T12:12:37.2616523Z [36;1m&& sudo apt-get install gh -y[0m
job-core	Install GH CLI	2026-01-15T12:12:37.4170396Z shell: /usr/bin/bash --noprofile --norc -e -o pipefail {0}
job-core	Install GH CLI	2026-01-15T12:12:37.4170833Z env:
job-core	Install GH CLI	2026-01-15T12:12:37.4171049Z   KAOS_MODULE: [Ka0S] JSONLINT
job-core	Install GH CLI	2026-01-15T12:12:37.4171552Z   GH_TOKEN: ***
job-core	Install GH CLI	2026-01-15T12:12:37.4171920Z   KAOS_JSONLINT_CONFIG: core/config/.jsonlint.json
job-core	Install GH CLI	2026-01-15T12:12:37.4172263Z   KAOS_PATH_RESUME: audit/jsonlint/
job-core	Install GH CLI	2026-01-15T12:12:37.4172579Z   KAOS_REPO: /actions-runner/_work/kaos/kaos
job-core	Install GH CLI	2026-01-15T12:12:37.4172905Z   KAOS_STEP_MODULE: 
job-core	Install GH CLI	2026-01-15T12:12:37.4173131Z   KAOS_CODE: 21030562153
job-core	Install GH CLI	2026-01-15T12:12:37.4173386Z   KAOS_REF_BRANCH: main
job-core	Install GH CLI	2026-01-15T12:12:37.4173614Z ##[endgroup]
job-core	Install GH CLI	2026-01-15T12:12:42.7741432Z 4+1 records in
job-core	Install GH CLI	2026-01-15T12:12:42.8446271Z 4+1 records out
job-core	Install GH CLI	2026-01-15T12:12:42.8446897Z 2270 bytes (2.3 kB, 2.2 KiB) copied, 3.29918 s, 0.7 kB/s
job-core	Install GH CLI	2026-01-15T12:12:48.1167053Z Get:1 http://archive.ubuntu.com/ubuntu noble InRelease [256 kB]
job-core	Install GH CLI	2026-01-15T12:12:49.5823368Z Get:2 http://archive.ubuntu.com/ubuntu noble-updates InRelease [126 kB]
job-core	Install GH CLI	2026-01-15T12:12:49.5827091Z Get:3 http://security.ubuntu.com/ubuntu noble-security InRelease [126 kB]
job-core	Install GH CLI	2026-01-15T12:12:50.3095624Z Get:4 https://ppa.launchpadcontent.net/git-core/ppa/ubuntu noble InRelease [24.3 kB]
job-core	Install GH CLI	2026-01-15T12:12:50.3517534Z Get:5 http://archive.ubuntu.com/ubuntu noble-backports InRelease [126 kB]
job-core	Install GH CLI	2026-01-15T12:12:50.8502953Z Get:6 https://cli.github.com/packages stable InRelease [3917 B]
job-core	Install GH CLI	2026-01-15T12:12:54.4048868Z Get:7 http://archive.ubuntu.com/ubuntu noble/main amd64 Packages [1808 kB]
job-core	Install GH CLI	2026-01-15T12:12:56.2667801Z Get:8 http://archive.ubuntu.com/ubuntu noble/universe amd64 Packages [19.3 MB]
job-core	Install GH CLI	2026-01-15T12:13:06.9308596Z Get:9 http://security.ubuntu.com/ubuntu noble-security/main amd64 Packages [1769 kB]
job-core	Install GH CLI	2026-01-15T12:13:07.1601432Z Get:10 http://archive.ubuntu.com/ubuntu noble/restricted amd64 Packages [117 kB]
job-core	Install GH CLI	2026-01-15T12:13:07.1602912Z Get:11 http://archive.ubuntu.com/ubuntu noble/multiverse amd64 Packages [331 kB]
job-core	Install GH CLI	2026-01-15T12:13:07.5202325Z Get:12 http://archive.ubuntu.com/ubuntu noble-updates/multiverse amd64 Packages [35.9 kB]
job-core	Install GH CLI	2026-01-15T12:13:07.6176595Z Get:13 http://archive.ubuntu.com/ubuntu noble-updates/main amd64 Packages [2141 kB]
job-core	Install GH CLI	2026-01-15T12:13:08.1962677Z Get:14 http://security.ubuntu.com/ubuntu noble-security/universe amd64 Packages [1189 kB]
job-core	Install GH CLI	2026-01-15T12:13:09.3956532Z Get:15 http://security.ubuntu.com/ubuntu noble-security/multiverse amd64 Packages [33.1 kB]
job-core	Install GH CLI	2026-01-15T12:13:09.3957533Z Get:16 http://archive.ubuntu.com/ubuntu noble-updates/restricted amd64 Packages [3077 kB]
job-core	Install GH CLI	2026-01-15T12:13:09.3958721Z Get:17 http://security.ubuntu.com/ubuntu noble-security/restricted amd64 Packages [2919 kB]
job-core	Install GH CLI	2026-01-15T12:13:13.0818590Z Get:18 http://archive.ubuntu.com/ubuntu noble-updates/universe amd64 Packages [1956 kB]
job-core	Install GH CLI	2026-01-15T12:13:13.2179094Z Get:19 https://ppa.launchpadcontent.net/git-core/ppa/ubuntu noble/main amd64 Packages [2994 B]
job-core	Install GH CLI	2026-01-15T12:13:14.8617336Z Get:20 http://archive.ubuntu.com/ubuntu noble-backports/main amd64 Packages [49.5 kB]
job-core	Install GH CLI	2026-01-15T12:13:14.8884874Z Get:21 http://archive.ubuntu.com/ubuntu noble-backports/universe amd64 Packages [34.6 kB]
job-core	Install GH CLI	2026-01-15T12:13:17.9035558Z Get:22 https://cli.github.com/packages stable/main amd64 Packages [354 B]
job-core	Install GH CLI	2026-01-15T12:14:03.7604007Z Fetched 35.4 MB in 1min 17s (461 kB/s)
job-core	Install GH CLI	2026-01-15T12:14:37.8954152Z Reading package lists...
job-core	Install GH CLI	2026-01-15T12:15:06.4739392Z Reading package lists...
job-core	Install GH CLI	2026-01-15T12:15:17.4551495Z Building dependency tree...
job-core	Install GH CLI	2026-01-15T12:15:17.4726185Z Reading state information...
job-core	Install GH CLI	2026-01-15T12:15:33.6823796Z The following NEW packages will be installed:
job-core	Install GH CLI	2026-01-15T12:15:33.7582955Z   gh
job-core	Install GH CLI	2026-01-15T12:15:35.2165848Z 0 upgraded, 1 newly installed, 0 to remove and 5 not upgraded.
job-core	Install GH CLI	2026-01-15T12:15:35.2409573Z Need to get 13.7 MB of archives.
job-core	Install GH CLI	2026-01-15T12:15:35.2410160Z After this operation, 37.9 MB of additional disk space will be used.
job-core	Install GH CLI	2026-01-15T12:15:35.2410801Z Get:1 https://cli.github.com/packages stable/main amd64 gh amd64 2.85.0 [13.7 MB]
job-core	Install GH CLI	2026-01-15T12:15:45.1471876Z debconf: delaying package configuration, since apt-utils is not installed
job-core	Install GH CLI	2026-01-15T12:15:46.8223084Z Fetched 13.7 MB in 5s (2911 kB/s)
job-core	Install GH CLI	2026-01-15T12:15:49.4156226Z Selecting previously unselected package gh.
job-core	Install GH CLI	2026-01-15T12:15:49.4823313Z (Reading database ... 
job-core	Install GH CLI	2026-01-15T12:15:49.4827219Z (Reading database ... 5%
job-core	Install GH CLI	2026-01-15T12:15:49.4827701Z (Reading database ... 10%
job-core	Install GH CLI	2026-01-15T12:15:49.4828087Z (Reading database ... 15%
job-core	Install GH CLI	2026-01-15T12:15:49.4828494Z (Reading database ... 20%
job-core	Install GH CLI	2026-01-15T12:15:49.4828903Z (Reading database ... 25%
job-core	Install GH CLI	2026-01-15T12:15:49.5361261Z (Reading database ... 30%
job-core	Install GH CLI	2026-01-15T12:15:49.5402312Z (Reading database ... 35%
job-core	Install GH CLI	2026-01-15T12:15:49.5464231Z (Reading database ... 40%
job-core	Install GH CLI	2026-01-15T12:15:49.5522774Z (Reading database ... 45%
job-core	Install GH CLI	2026-01-15T12:15:49.5532422Z (Reading database ... 50%
job-core	Install GH CLI	2026-01-15T12:15:49.5582567Z (Reading database ... 55%
job-core	Install GH CLI	2026-01-15T12:15:49.5598108Z (Reading database ... 60%
job-core	Install GH CLI	2026-01-15T12:15:49.5622477Z (Reading database ... 65%
job-core	Install GH CLI	2026-01-15T12:15:49.5672752Z (Reading database ... 70%
job-core	Install GH CLI	2026-01-15T12:15:49.6018729Z (Reading database ... 75%
job-core	Install GH CLI	2026-01-15T12:15:49.6165092Z (Reading database ... 80%
job-core	Install GH CLI	2026-01-15T12:15:49.6194121Z (Reading database ... 85%
job-core	Install GH CLI	2026-01-15T12:15:49.7804345Z (Reading database ... 90%
job-core	Install GH CLI	2026-01-15T12:15:49.9362679Z (Reading database ... 95%
job-core	Install GH CLI	2026-01-15T12:15:49.9364673Z (Reading database ... 100%
job-core	Install GH CLI	2026-01-15T12:15:49.9365775Z (Reading database ... 14385 files and directories currently installed.)
job-core	Install GH CLI	2026-01-15T12:15:49.9366871Z Preparing to unpack .../archives/gh_2.85.0_amd64.deb ...
job-core	Install GH CLI	2026-01-15T12:15:50.4349376Z Unpacking gh (2.85.0) ...
job-core	Install GH CLI	2026-01-15T12:16:06.3043911Z Setting up gh (2.85.0) ...
job-core	Install Node.js	ï»¿2026-01-15T12:16:07.6256197Z ##[group]Run actions/setup-node@v2
job-core	Install Node.js	2026-01-15T12:16:07.6256523Z with:
job-core	Install Node.js	2026-01-15T12:16:07.6256721Z   node-version: 14
job-core	Install Node.js	2026-01-15T12:16:07.6256938Z   always-auth: false
job-core	Install Node.js	2026-01-15T12:16:07.6257161Z   check-latest: false
job-core	Install Node.js	2026-01-15T12:16:07.6257571Z   token: ***
job-core	Install Node.js	2026-01-15T12:16:07.6257764Z env:
job-core	Install Node.js	2026-01-15T12:16:07.6257956Z   KAOS_MODULE: [Ka0S] JSONLINT
job-core	Install Node.js	2026-01-15T12:16:07.6258298Z   GH_TOKEN: ***
job-core	Install Node.js	2026-01-15T12:16:07.6258545Z   KAOS_JSONLINT_CONFIG: core/config/.jsonlint.json
job-core	Install Node.js	2026-01-15T12:16:07.6258863Z   KAOS_PATH_RESUME: audit/jsonlint/
job-core	Install Node.js	2026-01-15T12:16:07.6259157Z   KAOS_REPO: /actions-runner/_work/kaos/kaos
job-core	Install Node.js	2026-01-15T12:16:07.6259445Z   KAOS_STEP_MODULE: 
job-core	Install Node.js	2026-01-15T12:16:07.6259661Z   KAOS_CODE: 21030562153
job-core	Install Node.js	2026-01-15T12:16:07.6259886Z   KAOS_REF_BRANCH: main
job-core	Install Node.js	2026-01-15T12:16:07.6260109Z ##[endgroup]
job-core	Install Node.js	2026-01-15T12:16:17.3469084Z Attempting to download 14...
job-core	Install Node.js	2026-01-15T12:16:23.3223798Z Acquiring 14.21.3 - x64 from https://github.com/actions/node-versions/releases/download/14.21.3-4202774076/node-14.21.3-linux-x64.tar.gz
job-core	Install Node.js	2026-01-15T12:16:42.5766584Z Extracting ...
job-core	Install Node.js	2026-01-15T12:16:43.3371002Z [command]/usr/bin/tar xz --strip 1 --warning=no-unknown-keyword --overwrite -C /home/runner/_work/_temp/d636e738-1eb8-4269-aff2-5a63a379c115 -f /home/runner/_work/_temp/2a84570e-6f2b-48b0-8a9f-3a3d92e3c0e2
job-core	Install Node.js	2026-01-15T12:17:14.1987008Z Adding to the cache ...
job-core	Install Node.js	2026-01-15T12:21:24.8886545Z Done
job-core	Install jsonlint	ï»¿2026-01-15T12:21:26.2540928Z ##[group]Run if ! command -v jsonlint &> /dev/null; then
job-core	Install jsonlint	2026-01-15T12:21:26.2541499Z [36;1mif ! command -v jsonlint &> /dev/null; then[0m
job-core	Install jsonlint	2026-01-15T12:21:26.4318207Z [36;1m  echo "Installing jsonlint..."[0m
job-core	Install jsonlint	2026-01-15T12:21:26.4318726Z [36;1m  npm install -g jsonlint[0m
job-core	Install jsonlint	2026-01-15T12:21:26.4318997Z [36;1melse[0m
job-core	Install jsonlint	2026-01-15T12:21:26.4319302Z [36;1m  echo "jsonlint already installed, skipping installation"[0m
job-core	Install jsonlint	2026-01-15T12:21:26.4319665Z [36;1mfi[0m
job-core	Install jsonlint	2026-01-15T12:21:26.4319876Z [36;1mmkdir -p audit/jsonlint/[0m
job-core	Install jsonlint	2026-01-15T12:21:26.6166512Z shell: /usr/bin/bash -e {0}
job-core	Install jsonlint	2026-01-15T12:21:26.6167813Z env:
job-core	Install jsonlint	2026-01-15T12:21:26.6168032Z   KAOS_MODULE: [Ka0S] JSONLINT
job-core	Install jsonlint	2026-01-15T12:21:26.6170246Z   GH_TOKEN: ***
job-core	Install jsonlint	2026-01-15T12:21:26.6170633Z   KAOS_JSONLINT_CONFIG: core/config/.jsonlint.json
job-core	Install jsonlint	2026-01-15T12:21:26.6170992Z   KAOS_PATH_RESUME: audit/jsonlint/
job-core	Install jsonlint	2026-01-15T12:21:26.6176949Z   KAOS_REPO: /actions-runner/_work/kaos/kaos
job-core	Install jsonlint	2026-01-15T12:21:26.6177382Z   KAOS_STEP_MODULE: 
job-core	Install jsonlint	2026-01-15T12:21:26.6177693Z   KAOS_CODE: 21030562153
job-core	Install jsonlint	2026-01-15T12:21:26.6198166Z   KAOS_REF_BRANCH: main
job-core	Install jsonlint	2026-01-15T12:21:26.6235772Z ##[endgroup]
job-core	Install jsonlint	2026-01-15T12:21:27.4973900Z Installing jsonlint...
job-core	Install jsonlint	2026-01-15T12:21:58.8751528Z npm WARN deprecated nomnom@1.8.1: Package no longer supported. Contact support@npmjs.com for more info.
job-core	Install jsonlint	2026-01-15T12:22:21.0176310Z /home/runner/_work/_tool/node/14.21.3/x64/bin/jsonlint -> /home/runner/_work/_tool/node/14.21.3/x64/lib/node_modules/jsonlint/lib/cli.js
job-core	Install jsonlint	2026-01-15T12:22:21.4087891Z + jsonlint@1.6.3
job-core	Install jsonlint	2026-01-15T12:22:21.4088633Z added 8 packages from 5 contributors in 31.059s
job-core	Check JSON	ï»¿2026-01-15T12:22:22.4118379Z ##[group]Run # Invocamos la primera comprobaciÃ³n de base, sino se supera el proceso no continua
job-core	Check JSON	2026-01-15T12:22:22.4119196Z [36;1m# Invocamos la primera comprobaciÃ³n de base, sino se supera el proceso no continua[0m
job-core	Check JSON	2026-01-15T12:22:22.4119706Z [36;1m# Extraemos el nombre del fichero[0m
job-core	Check JSON	2026-01-15T12:22:22.4120084Z [36;1mfile_name=$(basename "audit/inspector/21024730174.json")[0m
job-core	Check JSON	2026-01-15T12:22:22.4120490Z [36;1m# Generamos el fichero de resultados vacio[0m
job-core	Check JSON	2026-01-15T12:22:22.4120895Z [36;1mtouch audit/jsonlint/jsonlint-results-21030562153.txt[0m
job-core	Check JSON	2026-01-15T12:22:22.4121304Z [36;1m# Realizamos el check del documento json [0m
job-core	Check JSON	2026-01-15T12:22:22.4342283Z [36;1mjsonlint --pretty-print audit/inspector/21024730174.json > audit/jsonlint/jsonlint-results-21030562153.txt || true[0m
job-core	Check JSON	2026-01-15T12:22:22.4343081Z [36;1m# Check if exist errors in file[0m
job-core	Check JSON	2026-01-15T12:22:22.4343500Z [36;1mif [ ! -s audit/jsonlint/jsonlint-results-21030562153.txt ]; then[0m
job-core	Check JSON	2026-01-15T12:22:22.4344124Z [36;1m  echo "File audit/jsonlint/jsonlint-results-21030562153.txt is empty and is content correct"[0m
job-core	Check JSON	2026-01-15T12:22:22.4345443Z [36;1m  KAOS_ISSUE_BODY="The [Ka0S] JSONLINT process (21030375208) launch the check (21030562153) over file (audit/inspector/21024730174.json) and its result has been SUCCESS. Please review all files implicated in pull request and approve to merge"[0m
job-core	Check JSON	2026-01-15T12:22:22.4346631Z [36;1m  # AÃ±adimos la versiÃ³n de jsonlint con la que se realiza la comprobacion[0m
job-core	Check JSON	2026-01-15T12:22:22.4347199Z [36;1m  jsonlint --version >> audit/jsonlint/jsonlint-results-21030562153.txt[0m
job-core	Check JSON	2026-01-15T12:22:22.4347722Z [36;1m  # aÃ±adimos el nombre del fichero que vamos a comprobar[0m
job-core	Check JSON	2026-01-15T12:22:22.4348355Z [36;1m  echo "Finding: audit/inspector/21024730174.json" >> audit/jsonlint/jsonlint-results-21030562153.txt[0m
job-core	Check JSON	2026-01-15T12:22:22.4348934Z [36;1m  gh issue comment  2436 -b "$KAOS_ISSUE_BODY" [0m
job-core	Check JSON	2026-01-15T12:22:22.4349257Z [36;1melse[0m
job-core	Check JSON	2026-01-15T12:22:22.4349547Z [36;1m  cat audit/jsonlint/jsonlint-results-21030562153.txt[0m
job-core	Check JSON	2026-01-15T12:22:22.4350249Z [36;1m  echo "File audit/jsonlint/jsonlint-results-21030562153.txt is not empty and is content not correct and write commit info"[0m
job-core	Check JSON	2026-01-15T12:22:22.4351909Z [36;1m  KAOS_ISSUE_BODY="The [Ka0S] JSONLINT process (21030375208) launch the check (21030562153) over file (audit/inspector/21024730174.json) and its result has been FAILED, please check and solved it"[0m
job-core	Check JSON	2026-01-15T12:22:22.4352940Z [36;1m  # AÃ±adimos la versiÃ³n de jsonlint con la que se realiza la comprobacion[0m
job-core	Check JSON	2026-01-15T12:22:22.4353542Z [36;1m  jsonlint --version || true >> audit/jsonlint/jsonlint-results-21030562153.txt[0m
job-core	Check JSON	2026-01-15T12:22:22.4354077Z [36;1m  # aÃ±adimos el nombre del fichero que vamos a comprobar[0m
job-core	Check JSON	2026-01-15T12:22:22.4354694Z [36;1m  echo "Finding: audit/inspector/21024730174.json" >> audit/jsonlint/jsonlint-results-21030562153.txt[0m
job-core	Check JSON	2026-01-15T12:22:22.4355306Z [36;1m  gh issue comment  2436 -b "$KAOS_ISSUE_BODY" [0m
job-core	Check JSON	2026-01-15T12:22:22.4355656Z [36;1mfi[0m
job-core	Check JSON	2026-01-15T12:22:22.4355925Z [36;1mecho "Uploading files to the repository..."[0m
job-core	Check JSON	2026-01-15T12:22:22.4356503Z [36;1mgit config --global user.name "***"[0m
job-core	Check JSON	2026-01-15T12:22:22.4356928Z [36;1mgit config --global user.email "***"[0m
job-core	Check JSON	2026-01-15T12:22:22.5062721Z [36;1mgit pull --rebase[0m
job-core	Check JSON	2026-01-15T12:22:22.5063083Z [36;1mgit add audit/jsonlint/*[0m
job-core	Check JSON	2026-01-15T12:22:22.5063392Z [36;1mif ! git diff --staged --quiet; then[0m
job-core	Check JSON	2026-01-15T12:22:22.5063886Z [36;1m  git commit -m "[Ka0S] Uploading jsonlint resume execution files to the repository..."[0m
job-core	Check JSON	2026-01-15T12:22:22.5064494Z [36;1m  git push origin refs/heads/H2436-modulo-de-mongo --force-with-lease[0m
job-core	Check JSON	2026-01-15T12:22:22.5064897Z [36;1mfi[0m
job-core	Check JSON	2026-01-15T12:22:22.6670185Z shell: /usr/bin/bash -e {0}
job-core	Check JSON	2026-01-15T12:22:22.6670532Z env:
job-core	Check JSON	2026-01-15T12:22:22.6670741Z   KAOS_MODULE: [Ka0S] JSONLINT
job-core	Check JSON	2026-01-15T12:22:22.6671300Z   GH_TOKEN: ***
job-core	Check JSON	2026-01-15T12:22:22.7161955Z   KAOS_JSONLINT_CONFIG: core/config/.jsonlint.json
job-core	Check JSON	2026-01-15T12:22:22.7649172Z   KAOS_PATH_RESUME: audit/jsonlint/
job-core	Check JSON	2026-01-15T12:22:22.7649489Z   KAOS_REPO: /actions-runner/_work/kaos/kaos
job-core	Check JSON	2026-01-15T12:22:22.7649785Z   KAOS_STEP_MODULE: 
job-core	Check JSON	2026-01-15T12:22:22.7650037Z   KAOS_CODE: 21030562153
job-core	Check JSON	2026-01-15T12:22:22.7650286Z   KAOS_REF_BRANCH: main
job-core	Check JSON	2026-01-15T12:22:22.7650524Z ##[endgroup]
job-core	Check JSON	2026-01-15T12:22:32.8657735Z {
job-core	Check JSON	2026-01-15T12:22:32.8658854Z   "conclusion": "failure",
job-core	Check JSON	2026-01-15T12:22:32.8659623Z   "createdAt": "2026-01-15T08:31:40Z",
job-core	Check JSON	2026-01-15T12:22:32.8660373Z   "databaseId": 21024730174,
job-core	Check JSON	2026-01-15T12:22:32.8661010Z   "event": "workflow_dispatch",
job-core	Check JSON	2026-01-15T12:22:32.8662214Z   "headBranch": "F2438-arreglo-de-despliegue-itop",
job-core	Check JSON	2026-01-15T12:22:32.8663381Z   "headSha": "c9e0659cf51eb8c7c643ee277797d2e516acc597",
job-core	Check JSON	2026-01-15T12:22:32.8664035Z   "name": "Ka0s JSON Lint",
job-core	Check JSON	2026-01-15T12:22:32.8665899Z   "status": "completed",
job-core	Check JSON	2026-01-15T12:22:32.8666235Z   "updatedAt": "2026-01-15T10:32:07Z",
job-core	Check JSON	2026-01-15T12:22:32.8666869Z   "url": "https://github.com/Ka0s-Klaus/ka0s/actions/runs/21024730174",
job-core	Check JSON	2026-01-15T12:22:32.8667472Z   "workflowDatabaseId": 152110813
job-core	Check JSON	2026-01-15T12:22:32.8667881Z }
job-core	Check JSON	2026-01-15T12:22:32.8845450Z File audit/jsonlint/jsonlint-results-21030562153.txt is not empty and is content not correct and write commit info
job-core	Check JSON	2026-01-15T12:22:36.6449042Z 1.6.3
job-core	Check JSON	2026-01-15T12:22:40.0663418Z https://github.com/Ka0s-Klaus/ka0s/issues/2436#issuecomment-3754469375
job-core	Check JSON	2026-01-15T12:22:40.1316591Z Uploading files to the repository...
job-core	Check JSON	2026-01-15T12:22:48.6845205Z From https://github.com/Ka0s-Klaus/ka0s
job-core	Check JSON	2026-01-15T12:22:48.6845839Z    16e2a3738..ef7754015  H2436-modulo-de-mongo -> origin/H2436-modulo-de-mongo
job-core	Check JSON	2026-01-15T12:22:48.6846506Z    af8c2a699..d98fded33  H2559-modulo-de-conexion-ssh -> origin/H2559-modulo-de-conexion-ssh
job-core	Check JSON	2026-01-15T12:22:51.9873990Z Updating 16e2a3738..ef7754015
job-core	Check JSON	2026-01-15T12:22:51.9903197Z Fast-forward
job-core	Check JSON	2026-01-15T12:22:52.0220544Z  audit/jsonlint/jsonlint-results-21030491012.txt  | 14 ++++++++++++++
job-core	Check JSON	2026-01-15T12:22:52.0480703Z  audit/jsonlint/jsonlint-results-21030492116.txt  | 14 ++++++++++++++
job-core	Check JSON	2026-01-15T12:22:52.2054875Z  audit/jsonlint/jsonlint-results-21030496356.txt  | 14 ++++++++++++++
job-core	Check JSON	2026-01-15T12:22:52.2055506Z  audit/jsonlint/jsonlint-results-21030498668.txt  | 14 ++++++++++++++
job-core	Check JSON	2026-01-15T12:22:52.2056356Z  audit/jsonlint/jsonlint-results-21030501020.txt  | 14 ++++++++++++++
job-core	Check JSON	2026-01-15T12:22:52.2056889Z  audit/jsonlint/jsonlint-results-21030502365.txt  | 14 ++++++++++++++
job-core	Check JSON	2026-01-15T12:22:52.2057418Z  audit/jsonlint/jsonlint-results-21030503582.txt  | 14 ++++++++++++++
job-core	Check JSON	2026-01-15T12:22:52.2057950Z  audit/jsonlint/jsonlint-results-21030506224.txt  | 14 ++++++++++++++
job-core	Check JSON	2026-01-15T12:22:52.2058483Z  audit/jsonlint/jsonlint-results-21030510899.txt  | 14 ++++++++++++++
job-core	Check JSON	2026-01-15T12:22:52.2059008Z  audit/jsonlint/jsonlint-results-21030513392.txt  | 14 ++++++++++++++
job-core	Check JSON	2026-01-15T12:22:52.2059530Z  audit/jsonlint/jsonlint-results-21030514532.txt  | 14 ++++++++++++++
job-core	Check JSON	2026-01-15T12:22:52.2060056Z  audit/jsonlint/jsonlint-results-21030524233.txt  | 14 ++++++++++++++
job-core	Check JSON	2026-01-15T12:22:52.2060602Z  audit/jsonlint/jsonlint-results-21030527699.txt  | 14 ++++++++++++++
job-core	Check JSON	2026-01-15T12:22:52.2061131Z  audit/jsonlint/jsonlint-results-21030529327.txt  | 14 ++++++++++++++
job-core	Check JSON	2026-01-15T12:22:52.2061673Z  audit/jsonlint/jsonlint-results-21030537854.txt  | 14 ++++++++++++++
job-core	Check JSON	2026-01-15T12:22:52.3259321Z  audit/jsonlint/jsonlint-results-21030542685.txt  | 14 ++++++++++++++
job-core	Check JSON	2026-01-15T12:22:52.3259951Z  audit/jsonlint/jsonlint-results-21030546458.txt  | 14 ++++++++++++++
job-core	Check JSON	2026-01-15T12:22:52.3260481Z  audit/jsonlint/jsonlint-results-21030548674.txt  | 14 ++++++++++++++
job-core	Check JSON	2026-01-15T12:22:52.3261012Z  audit/jsonlint/jsonlint-results-21030555410.txt  | 14 ++++++++++++++
job-core	Check JSON	2026-01-15T12:22:52.3261543Z  audit/jsonlint/jsonlint-results-21030557774.txt  | 14 ++++++++++++++
job-core	Check JSON	2026-01-15T12:22:52.3262252Z  audit/jsonlint/jsonlint-results-21030559909.txt  | 14 ++++++++++++++
job-core	Check JSON	2026-01-15T12:22:52.3262795Z  audit/jsonlint/jsonlint-results-21030567920.txt  | 14 ++++++++++++++
job-core	Check JSON	2026-01-15T12:22:52.3263685Z  audit/jsonlint/jsonlint-results-21030585309.txt  | 14 ++++++++++++++
job-core	Check JSON	2026-01-15T12:22:52.3264212Z  audit/jsonlint/jsonlint-results-21030596509.txt  | 14 ++++++++++++++
job-core	Check JSON	2026-01-15T12:22:52.3264734Z  audit/jsonlint/jsonlint-results-21030606123.txt  | 14 ++++++++++++++
job-core	Check JSON	2026-01-15T12:22:52.3265282Z  audit/jsonlint/jsonlint-results-21030608132.txt  | 14 ++++++++++++++
job-core	Check JSON	2026-01-15T12:22:52.3265813Z  audit/jsonlint/jsonlint-results-21030624831.txt  | 14 ++++++++++++++
job-core	Check JSON	2026-01-15T12:22:52.3266345Z  audit/jsonlint/jsonlint-results-21030627921.txt  | 14 ++++++++++++++
job-core	Check JSON	2026-01-15T12:22:52.3266885Z  audit/jsonlint/jsonlint-results-21030648797.txt  | 14 ++++++++++++++
job-core	Check JSON	2026-01-15T12:22:52.3267430Z  audit/jsonlint/jsonlint-results-21030651855.txt  | 14 ++++++++++++++
job-core	Check JSON	2026-01-15T12:22:52.3267984Z  audit/jsonlint/jsonlint-results-21030657697.txt  | 14 ++++++++++++++
job-core	Check JSON	2026-01-15T12:22:52.3268536Z  audit/jsonlint/jsonlint-results-21030671090.txt  | 14 ++++++++++++++
job-core	Check JSON	2026-01-15T12:22:52.3269076Z  audit/jsonlint/jsonlint-results-21030684971.txt  | 14 ++++++++++++++
job-core	Check JSON	2026-01-15T12:22:52.3269621Z  audit/jsonlint/jsonlint-results-21030687744.txt  | 14 ++++++++++++++
job-core	Check JSON	2026-01-15T12:22:52.3270148Z  audit/jsonlint/jsonlint-results-21030710812.txt  | 14 ++++++++++++++
job-core	Check JSON	2026-01-15T12:22:52.3270697Z  audit/jsonlint/jsonlint-results-21030719223.txt  | 14 ++++++++++++++
job-core	Check JSON	2026-01-15T12:22:52.3271252Z  audit/jsonlint/jsonlint-results-21030731013.txt  | 14 ++++++++++++++
job-core	Check JSON	2026-01-15T12:22:52.3271919Z  audit/jsonlint/jsonlint-results-21030739049.txt  | 14 ++++++++++++++
job-core	Check JSON	2026-01-15T12:22:52.3272473Z  audit/jsonlint/jsonlint-results-21030743420.txt  | 14 ++++++++++++++
job-core	Check JSON	2026-01-15T12:22:52.3273012Z  audit/jsonlint/jsonlint-results-21030754475.txt  | 14 ++++++++++++++
job-core	Check JSON	2026-01-15T12:22:52.3273547Z  audit/mdlint/21030784765.txt                     | 21 +++++++++++++++++++++
job-core	Check JSON	2026-01-15T12:22:52.3274072Z  audit/yamllint/yaml-lint-results-21030767837.txt | 12 ++++++++++++
job-core	Check JSON	2026-01-15T12:22:52.3274594Z  audit/yamllint/yaml-lint-results-21030772169.txt | 12 ++++++++++++
job-core	Check JSON	2026-01-15T12:22:52.6194792Z  43 files changed, 605 insertions(+)
job-core	Check JSON	2026-01-15T12:22:52.6195446Z  create mode 100644 audit/jsonlint/jsonlint-results-21030491012.txt
job-core	Check JSON	2026-01-15T12:22:52.6195985Z  create mode 100644 audit/jsonlint/jsonlint-results-21030492116.txt
job-core	Check JSON	2026-01-15T12:22:52.6196821Z  create mode 100644 audit/jsonlint/jsonlint-results-21030496356.txt
job-core	Check JSON	2026-01-15T12:22:52.6197340Z  create mode 100644 audit/jsonlint/jsonlint-results-21030498668.txt
job-core	Check JSON	2026-01-15T12:22:52.6197856Z  create mode 100644 audit/jsonlint/jsonlint-results-21030501020.txt
job-core	Check JSON	2026-01-15T12:22:52.6198362Z  create mode 100644 audit/jsonlint/jsonlint-results-21030502365.txt
job-core	Check JSON	2026-01-15T12:22:52.6198867Z  create mode 100644 audit/jsonlint/jsonlint-results-21030503582.txt
job-core	Check JSON	2026-01-15T12:22:52.6199388Z  create mode 100644 audit/jsonlint/jsonlint-results-21030506224.txt
job-core	Check JSON	2026-01-15T12:22:52.6199903Z  create mode 100644 audit/jsonlint/jsonlint-results-21030510899.txt
job-core	Check JSON	2026-01-15T12:22:52.6200416Z  create mode 100644 audit/jsonlint/jsonlint-results-21030513392.txt
job-core	Check JSON	2026-01-15T12:22:52.6200950Z  create mode 100644 audit/jsonlint/jsonlint-results-21030514532.txt
job-core	Check JSON	2026-01-15T12:22:52.6201456Z  create mode 100644 audit/jsonlint/jsonlint-results-21030524233.txt
job-core	Check JSON	2026-01-15T12:22:52.6202131Z  create mode 100644 audit/jsonlint/jsonlint-results-21030527699.txt
job-core	Check JSON	2026-01-15T12:22:52.6202640Z  create mode 100644 audit/jsonlint/jsonlint-results-21030529327.txt
job-core	Check JSON	2026-01-15T12:22:52.6203152Z  create mode 100644 audit/jsonlint/jsonlint-results-21030537854.txt
job-core	Check JSON	2026-01-15T12:22:52.6203667Z  create mode 100644 audit/jsonlint/jsonlint-results-21030542685.txt
job-core	Check JSON	2026-01-15T12:22:52.6204187Z  create mode 100644 audit/jsonlint/jsonlint-results-21030546458.txt
job-core	Check JSON	2026-01-15T12:22:52.6204708Z  create mode 100644 audit/jsonlint/jsonlint-results-21030548674.txt
job-core	Check JSON	2026-01-15T12:22:52.6205223Z  create mode 100644 audit/jsonlint/jsonlint-results-21030555410.txt
job-core	Check JSON	2026-01-15T12:22:52.6205745Z  create mode 100644 audit/jsonlint/jsonlint-results-21030557774.txt
job-core	Check JSON	2026-01-15T12:22:52.6206251Z  create mode 100644 audit/jsonlint/jsonlint-results-21030559909.txt
job-core	Check JSON	2026-01-15T12:22:52.6206931Z  create mode 100644 audit/jsonlint/jsonlint-results-21030567920.txt
job-core	Check JSON	2026-01-15T12:22:52.6207442Z  create mode 100644 audit/jsonlint/jsonlint-results-21030585309.txt
job-core	Check JSON	2026-01-15T12:22:52.6207965Z  create mode 100644 audit/jsonlint/jsonlint-results-21030596509.txt
job-core	Check JSON	2026-01-15T12:22:52.6208478Z  create mode 100644 audit/jsonlint/jsonlint-results-21030606123.txt
job-core	Check JSON	2026-01-15T12:22:52.6208985Z  create mode 100644 audit/jsonlint/jsonlint-results-21030608132.txt
job-core	Check JSON	2026-01-15T12:22:52.6209498Z  create mode 100644 audit/jsonlint/jsonlint-results-21030624831.txt
job-core	Check JSON	2026-01-15T12:22:52.6210009Z  create mode 100644 audit/jsonlint/jsonlint-results-21030627921.txt
job-core	Check JSON	2026-01-15T12:22:52.6210520Z  create mode 100644 audit/jsonlint/jsonlint-results-21030648797.txt
job-core	Check JSON	2026-01-15T12:22:52.6211032Z  create mode 100644 audit/jsonlint/jsonlint-results-21030651855.txt
job-core	Check JSON	2026-01-15T12:22:52.6211547Z  create mode 100644 audit/jsonlint/jsonlint-results-21030657697.txt
job-core	Check JSON	2026-01-15T12:22:52.9130827Z  create mode 100644 audit/jsonlint/jsonlint-results-21030671090.txt
job-core	Check JSON	2026-01-15T12:22:52.9131470Z  create mode 100644 audit/jsonlint/jsonlint-results-21030684971.txt
job-core	Check JSON	2026-01-15T12:22:52.9132131Z  create mode 100644 audit/jsonlint/jsonlint-results-21030687744.txt
job-core	Check JSON	2026-01-15T12:22:52.9132654Z  create mode 100644 audit/jsonlint/jsonlint-results-21030710812.txt
job-core	Check JSON	2026-01-15T12:22:52.9133176Z  create mode 100644 audit/jsonlint/jsonlint-results-21030719223.txt
job-core	Check JSON	2026-01-15T12:22:52.9133703Z  create mode 100644 audit/jsonlint/jsonlint-results-21030731013.txt
job-core	Check JSON	2026-01-15T12:22:52.9134239Z  create mode 100644 audit/jsonlint/jsonlint-results-21030739049.txt
job-core	Check JSON	2026-01-15T12:22:52.9134779Z  create mode 100644 audit/jsonlint/jsonlint-results-21030743420.txt
job-core	Check JSON	2026-01-15T12:22:52.9135303Z  create mode 100644 audit/jsonlint/jsonlint-results-21030754475.txt
job-core	Check JSON	2026-01-15T12:22:52.9135774Z  create mode 100644 audit/mdlint/21030784765.txt
job-core	Check JSON	2026-01-15T12:22:52.9136235Z  create mode 100644 audit/yamllint/yaml-lint-results-21030767837.txt
job-core	Check JSON	2026-01-15T12:22:52.9136780Z  create mode 100644 audit/yamllint/yaml-lint-results-21030772169.txt
job-core	Check JSON	2026-01-15T12:22:56.6687974Z [H2436-modulo-de-mongo 46360bc43] [Ka0S] Uploading jsonlint resume execution files to the repository...
job-core	Check JSON	2026-01-15T12:22:56.7354036Z  1 file changed, 14 insertions(+)
job-core	Check JSON	2026-01-15T12:22:56.7402081Z  create mode 100644 audit/jsonlint/jsonlint-results-21030562153.txt
job-core	Check JSON	2026-01-15T12:22:59.3683023Z To https://github.com/Ka0s-Klaus/ka0s
job-core	Check JSON	2026-01-15T12:22:59.3790964Z    ef7754015..46360bc43  H2436-modulo-de-mongo -> H2436-modulo-de-mongo
job-core	Post Install Node.js	ï»¿2026-01-15T12:23:01.2711251Z Post job cleanup.
job-core	Post Checkout code	ï»¿2026-01-15T12:23:05.3769993Z Post job cleanup.
job-core	Post Checkout code	2026-01-15T12:23:09.3364393Z [command]/usr/bin/git version
job-core	Post Checkout code	2026-01-15T12:23:09.3544979Z git version 2.52.0
job-core	Post Checkout code	2026-01-15T12:23:09.4155696Z Copying '/home/runner/.gitconfig' to '/home/runner/_work/_temp/9dd065be-6b73-4e87-801f-7d30d193d7f9/.gitconfig'
job-core	Post Checkout code	2026-01-15T12:23:09.5285720Z Temporarily overriding HOME='/home/runner/_work/_temp/9dd065be-6b73-4e87-801f-7d30d193d7f9' before making global git config changes
job-core	Post Checkout code	2026-01-15T12:23:09.5341428Z Adding repository directory to the temporary git global config as a safe directory
job-core	Post Checkout code	2026-01-15T12:23:09.5418019Z [command]/usr/bin/git config --global --add safe.directory /home/runner/_work/ka0s/ka0s
job-core	Post Checkout code	2026-01-15T12:23:09.6177035Z [command]/usr/bin/git config --local --name-only --get-regexp core\.sshCommand
job-core	Post Checkout code	2026-01-15T12:23:09.9376698Z [command]/usr/bin/git submodule foreach --recursive sh -c "git config --local --name-only --get-regexp 'core\.sshCommand' && git config --local --unset-all 'core.sshCommand' || :"
job-core	Post Checkout code	2026-01-15T12:23:10.3790997Z [command]/usr/bin/git config --local --name-only --get-regexp http\.https\:\/\/github\.com\/\.extraheader
job-core	Post Checkout code	2026-01-15T12:23:10.5034520Z http.https://github.com/.extraheader
job-core	Post Checkout code	2026-01-15T12:23:10.6353437Z [command]/usr/bin/git config --local --unset-all http.https://github.com/.extraheader
job-core	Post Checkout code	2026-01-15T12:23:10.8424751Z [command]/usr/bin/git submodule foreach --recursive sh -c "git config --local --name-only --get-regexp 'http\.https\:\/\/github\.com\/\.extraheader' && git config --local --unset-all 'http.https://github.com/.extraheader' || :"
job-core	Post Checkout code	2026-01-15T12:23:11.6424703Z [command]/usr/bin/git config --local --name-only --get-regexp ^includeIf\.gitdir:
job-core	Post Checkout code	2026-01-15T12:23:11.9748415Z [command]/usr/bin/git submodule foreach --recursive git config --local --show-origin --name-only --get-regexp remote.origin.url
job-core	Complete job	ï»¿2026-01-15T12:23:14.0871505Z Cleaning up orphan processes
handle-success	Set up job	ï»¿2026-01-15T12:28:04.2022243Z Current runner version: '2.331.0'
handle-success	Set up job	2026-01-15T12:28:04.4886517Z Runner name: 'swarm-runners-scaleset-hkss5-runner-2s2hk'
handle-success	Set up job	2026-01-15T12:28:04.4887832Z Runner group name: 'Default'
handle-success	Set up job	2026-01-15T12:28:04.4902943Z Machine name: 'swarm-runners-scaleset-hkss5-runner-2s2hk'
handle-success	Set up job	2026-01-15T12:28:04.4906891Z ##[group]GITHUB_TOKEN Permissions
handle-success	Set up job	2026-01-15T12:28:04.5108387Z Actions: write
handle-success	Set up job	2026-01-15T12:28:04.5109160Z Contents: write
handle-success	Set up job	2026-01-15T12:28:04.5109775Z Issues: write
handle-success	Set up job	2026-01-15T12:28:04.5110374Z Metadata: read
handle-success	Set up job	2026-01-15T12:28:04.5111016Z PullRequests: write
handle-success	Set up job	2026-01-15T12:28:04.5111652Z ##[endgroup]
handle-success	Set up job	2026-01-15T12:28:04.5422367Z Secret source: Actions
handle-success	Set up job	2026-01-15T12:28:04.5423595Z Prepare workflow directory
handle-success	Set up job	2026-01-15T12:28:06.2801657Z Prepare all required actions
handle-success	Set up job	2026-01-15T12:28:06.6557083Z Getting action download info
handle-success	Set up job	2026-01-15T12:28:07.9718353Z Download action repository 'actions/checkout@v4' (SHA:34e114876b0b11c390a56381ad16ebd13914f8d5)
handle-success	Set up job	2026-01-15T12:28:17.1086247Z Complete job name: handle-success
handle-success	Checkout code	ï»¿2026-01-15T12:28:17.3599613Z ##[group]Run actions/checkout@v4
handle-success	Checkout code	2026-01-15T12:28:17.3601589Z with:
handle-success	Checkout code	2026-01-15T12:28:17.3602527Z   fetch-depth: 0
handle-success	Checkout code	2026-01-15T12:28:17.3603285Z   repository: Ka0s-Klaus/ka0s
handle-success	Checkout code	2026-01-15T12:28:17.3604529Z   token: ***
handle-success	Checkout code	2026-01-15T12:28:17.3605176Z   ssh-strict: true
handle-success	Checkout code	2026-01-15T12:28:17.3605856Z   ssh-user: git
handle-success	Checkout code	2026-01-15T12:28:17.3606505Z   persist-credentials: true
handle-success	Checkout code	2026-01-15T12:28:17.3607343Z   clean: true
handle-success	Checkout code	2026-01-15T12:28:17.3608085Z   sparse-checkout-cone-mode: true
handle-success	Checkout code	2026-01-15T12:28:17.3608972Z   fetch-tags: false
handle-success	Checkout code	2026-01-15T12:28:17.3609717Z   show-progress: true
handle-success	Checkout code	2026-01-15T12:28:17.4612929Z   lfs: false
handle-success	Checkout code	2026-01-15T12:28:17.4613709Z   submodules: false
handle-success	Checkout code	2026-01-15T12:28:17.4614650Z   set-safe-directory: true
handle-success	Checkout code	2026-01-15T12:28:17.4616579Z env:
handle-success	Checkout code	2026-01-15T12:28:17.4617202Z   KAOS_MODULE: [Ka0S] JSONLINT
handle-success	Checkout code	2026-01-15T12:28:17.5378610Z   GH_TOKEN: ***
handle-success	Checkout code	2026-01-15T12:28:17.5380202Z   KAOS_JSONLINT_CONFIG: core/config/.jsonlint.json
handle-success	Checkout code	2026-01-15T12:28:17.5381320Z   KAOS_PATH_RESUME: audit/jsonlint/
handle-success	Checkout code	2026-01-15T12:28:17.5382595Z   KAOS_REPO: /actions-runner/_work/kaos/kaos
handle-success	Checkout code	2026-01-15T12:28:17.5383615Z   KAOS_STEP_MODULE: 
handle-success	Checkout code	2026-01-15T12:28:17.5384414Z   KAOS_CODE: 21030562153
handle-success	Checkout code	2026-01-15T12:28:17.5385219Z   KAOS_REF_BRANCH: main
handle-success	Checkout code	2026-01-15T12:28:17.5386013Z ##[endgroup]
handle-success	Checkout code	2026-01-15T12:28:23.9258157Z Syncing repository: Ka0s-Klaus/ka0s
handle-success	Checkout code	2026-01-15T12:28:23.9260888Z ##[group]Getting Git version info
handle-success	Checkout code	2026-01-15T12:28:23.9262058Z Working directory is '/home/runner/_work/ka0s/ka0s'
handle-success	Checkout code	2026-01-15T12:28:23.9263442Z [command]/usr/bin/git version
handle-success	Checkout code	2026-01-15T12:28:23.9264118Z git version 2.52.0
handle-success	Checkout code	2026-01-15T12:28:24.0800748Z ##[endgroup]
handle-success	Checkout code	2026-01-15T12:28:24.0807029Z Temporarily overriding HOME='/home/runner/_work/_temp/90f73b01-6d11-47e6-95af-72dab92574a0' before making global git config changes
handle-success	Checkout code	2026-01-15T12:28:24.0809566Z Adding repository directory to the temporary git global config as a safe directory
handle-success	Checkout code	2026-01-15T12:28:24.0811413Z [command]/usr/bin/git config --global --add safe.directory /home/runner/_work/ka0s/ka0s
handle-success	Checkout code	2026-01-15T12:28:24.3198325Z Deleting the contents of '/home/runner/_work/ka0s/ka0s'
handle-success	Checkout code	2026-01-15T12:28:24.4233841Z ##[group]Initializing the repository
handle-success	Checkout code	2026-01-15T12:28:24.4235362Z [command]/usr/bin/git init /home/runner/_work/ka0s/ka0s
handle-success	Checkout code	2026-01-15T12:28:24.7216333Z hint: Using 'master' as the name for the initial branch. This default branch name
handle-success	Checkout code	2026-01-15T12:28:24.8476854Z hint: will change to "main" in Git 3.0. To configure the initial branch name
handle-success	Checkout code	2026-01-15T12:28:24.8647773Z hint: to use in all of your new repositories, which will suppress this warning,
handle-success	Checkout code	2026-01-15T12:28:24.8766891Z hint: call:
handle-success	Checkout code	2026-01-15T12:28:24.9874629Z hint:
handle-success	Checkout code	2026-01-15T12:28:25.0725918Z hint: 	git config --global init.defaultBranch <name>
handle-success	Checkout code	2026-01-15T12:28:25.0727588Z hint:
handle-success	Checkout code	2026-01-15T12:28:25.0742615Z hint: Names commonly chosen instead of 'master' are 'main', 'trunk' and
handle-success	Checkout code	2026-01-15T12:28:25.0744327Z hint: 'development'. The just-created branch can be renamed via this command:
handle-success	Checkout code	2026-01-15T12:28:25.0745579Z hint:
handle-success	Checkout code	2026-01-15T12:28:25.0746084Z hint: 	git branch -m <name>
handle-success	Checkout code	2026-01-15T12:28:25.0747787Z hint:
handle-success	Checkout code	2026-01-15T12:28:25.0748862Z hint: Disable this message with "git config set advice.defaultBranchName false"
handle-success	Checkout code	2026-01-15T12:28:25.0750625Z Initialized empty Git repository in /home/runner/_work/ka0s/ka0s/.git/
handle-success	Checkout code	2026-01-15T12:28:25.0753531Z [command]/usr/bin/git remote add origin https://github.com/Ka0s-Klaus/ka0s
handle-success	Checkout code	2026-01-15T12:28:25.5564939Z ##[endgroup]
handle-success	Checkout code	2026-01-15T12:28:25.5568007Z ##[group]Disabling automatic garbage collection
handle-success	Checkout code	2026-01-15T12:28:25.5570990Z [command]/usr/bin/git config --local gc.auto 0
handle-success	Checkout code	2026-01-15T12:28:26.0684178Z ##[endgroup]
handle-success	Checkout code	2026-01-15T12:28:26.0685423Z ##[group]Setting up auth
handle-success	Checkout code	2026-01-15T12:28:26.0904961Z [command]/usr/bin/git config --local --name-only --get-regexp core\.sshCommand
handle-success	Checkout code	2026-01-15T12:28:26.6564570Z [command]/usr/bin/git submodule foreach --recursive sh -c "git config --local --name-only --get-regexp 'core\.sshCommand' && git config --local --unset-all 'core.sshCommand' || :"
handle-success	Checkout code	2026-01-15T12:28:27.9724848Z [command]/usr/bin/git config --local --name-only --get-regexp http\.https\:\/\/github\.com\/\.extraheader
handle-success	Checkout code	2026-01-15T12:28:28.2371074Z [command]/usr/bin/git submodule foreach --recursive sh -c "git config --local --name-only --get-regexp 'http\.https\:\/\/github\.com\/\.extraheader' && git config --local --unset-all 'http.https://github.com/.extraheader' || :"
handle-success	Checkout code	2026-01-15T12:28:29.7675004Z [command]/usr/bin/git config --local --name-only --get-regexp ^includeIf\.gitdir:
handle-success	Checkout code	2026-01-15T12:28:30.0349572Z [command]/usr/bin/git submodule foreach --recursive git config --local --show-origin --name-only --get-regexp remote.origin.url
handle-success	Checkout code	2026-01-15T12:28:31.7217580Z [command]/usr/bin/git config --local http.https://github.com/.extraheader AUTHORIZATION: basic ***
handle-success	Checkout code	2026-01-15T12:28:32.0956519Z ##[endgroup]
handle-success	Checkout code	2026-01-15T12:28:32.1243740Z ##[group]Fetching the repository
handle-success	Checkout code	2026-01-15T12:28:32.2985667Z [command]/usr/bin/git -c protocol.version=2 fetch --prune --no-recurse-submodules origin +refs/heads/*:refs/remotes/origin/* +refs/tags/*:refs/tags/*
handle-success	Checkout code	2026-01-15T12:34:08.9468877Z From https://github.com/Ka0s-Klaus/ka0s
handle-success	Checkout code	2026-01-15T12:34:08.9470177Z  * [new branch]          F1149-desarrollo-de-orchestrator -> origin/F1149-desarrollo-de-orchestrator
handle-success	Checkout code	2026-01-15T12:34:08.9546765Z  * [new branch]          F1183-personalizaciÃ³n-mÃ³dulo-finops -> origin/F1183-personalizaciÃ³n-mÃ³dulo-finops
handle-success	Checkout code	2026-01-15T12:34:08.9662433Z  * [new branch]          F1224-new-module-mongodb -> origin/F1224-new-module-mongodb
handle-success	Checkout code	2026-01-15T12:34:08.9663835Z  * [new branch]          F220-web-de-resultados  -> origin/F220-web-de-resultados
handle-success	Checkout code	2026-01-15T12:34:08.9797806Z  * [new branch]          F227-despliegue-de-kube-independiente-del-clouder -> origin/F227-despliegue-de-kube-independiente-del-clouder
handle-success	Checkout code	2026-01-15T12:34:08.9825993Z  * [new branch]          F2438-arreglo-de-despliegue-itop -> origin/F2438-arreglo-de-despliegue-itop
handle-success	Checkout code	2026-01-15T12:34:08.9895055Z  * [new branch]          F329-documentacion-metodologia-de-kaos -> origin/F329-documentacion-metodologia-de-kaos
handle-success	Checkout code	2026-01-15T12:34:09.0832117Z  * [new branch]          F44-creaciÃ³n-mÃ³dulo-versionado -> origin/F44-creaciÃ³n-mÃ³dulo-versionado
handle-success	Checkout code	2026-01-15T12:34:09.0833327Z  * [new branch]          H1128-mÃ³dulo-de-observabilidad -> origin/H1128-mÃ³dulo-de-observabilidad
handle-success	Checkout code	2026-01-15T12:34:09.0912743Z  * [new branch]          H1139-como-instalar-arc-control -> origin/H1139-como-instalar-arc-control
handle-success	Checkout code	2026-01-15T12:34:09.0913931Z  * [new branch]          H1149-desarrollo-de-orchestrator -> origin/H1149-desarrollo-de-orchestrator
handle-success	Checkout code	2026-01-15T12:34:09.0914712Z  * [new branch]          H1150-desarrollo-de-secciones -> origin/H1150-desarrollo-de-secciones
handle-success	Checkout code	2026-01-15T12:34:09.0915490Z  * [new branch]          H1151-desarrollo-de-secciones-ii -> origin/H1151-desarrollo-de-secciones-ii
handle-success	Checkout code	2026-01-15T12:34:09.0916213Z  * [new branch]          H1152-desarrollo-inicio -> origin/H1152-desarrollo-inicio
handle-success	Checkout code	2026-01-15T12:34:09.0917249Z  * [new branch]          H1183-personalizaciÃ³n-mÃ³dulo-finops -> origin/H1183-personalizaciÃ³n-mÃ³dulo-finops
handle-success	Checkout code	2026-01-15T12:34:09.0918019Z  * [new branch]          H1193-ejemplo-web-documentacion -> origin/H1193-ejemplo-web-documentacion
handle-success	Checkout code	2026-01-15T12:34:09.2398782Z  * [new branch]          H1205-web-creation      -> origin/H1205-web-creation
handle-success	Checkout code	2026-01-15T12:34:09.2399378Z  * [new branch]          H1224-new-module-mongodb -> origin/H1224-new-module-mongodb
handle-success	Checkout code	2026-01-15T12:34:09.2399966Z  * [new branch]          H1410-modulo-execution  -> origin/H1410-modulo-execution
handle-success	Checkout code	2026-01-15T12:34:09.2538234Z  * [new branch]          H1514-new-swarm-deployment-stack-with-actions-runners-autoscale -> origin/H1514-new-swarm-deployment-stack-with-actions-runners-autoscale
handle-success	Checkout code	2026-01-15T12:34:09.2590091Z  * [new branch]          H1968-modulo-personalizaciÃ³n-del-portal-de-kaos-core -> origin/H1968-modulo-personalizaciÃ³n-del-portal-de-kaos-core
handle-success	Checkout code	2026-01-15T12:34:09.2591196Z  * [new branch]          H215-modulo-de-summary  -> origin/H215-modulo-de-summary
handle-success	Checkout code	2026-01-15T12:34:09.2591929Z  * [new branch]          H220-web-de-resultados  -> origin/H220-web-de-resultados
handle-success	Checkout code	2026-01-15T12:34:09.2592859Z  * [new branch]          H227-despliegue-de-kube-independiente-del-clouder -> origin/H227-despliegue-de-kube-independiente-del-clouder
handle-success	Checkout code	2026-01-15T12:34:09.2594272Z  * [new branch]          H2436-modulo-de-mongo   -> origin/H2436-modulo-de-mongo
handle-success	Checkout code	2026-01-15T12:34:09.2594972Z  * [new branch]          H2438-arreglo-de-despliegue-itop -> origin/H2438-arreglo-de-despliegue-itop
handle-success	Checkout code	2026-01-15T12:34:09.2595907Z  * [new branch]          H2443-nuevo-modulo-de-pruebas-sobre-kubernetes -> origin/H2443-nuevo-modulo-de-pruebas-sobre-kubernetes
handle-success	Checkout code	2026-01-15T12:34:09.2596808Z  * [new branch]          H2559-modulo-de-conexion-ssh -> origin/H2559-modulo-de-conexion-ssh
handle-success	Checkout code	2026-01-15T12:34:09.2597624Z  * [new branch]          H306-ficheros-de-estadisticas -> origin/H306-ficheros-de-estadisticas
handle-success	Checkout code	2026-01-15T12:34:09.2598546Z  * [new branch]          H328-documentacion-modulo-principal-de-kaos -> origin/H328-documentacion-modulo-principal-de-kaos
handle-success	Checkout code	2026-01-15T12:34:09.2599501Z  * [new branch]          H329-documentacion-metodologia-de-kaos -> origin/H329-documentacion-metodologia-de-kaos
handle-success	Checkout code	2026-01-15T12:34:09.2600485Z  * [new branch]          H338-relanzador-de-jobs-en-caso-de-pattern -> origin/H338-relanzador-de-jobs-en-caso-de-pattern
handle-success	Checkout code	2026-01-15T12:34:09.2601445Z  * [new branch]          H38-documentacion-basica-del-proyecto -> origin/H38-documentacion-basica-del-proyecto
handle-success	Checkout code	2026-01-15T12:34:09.4794528Z  * [new branch]          H44-creaciÃ³n-mÃ³dulo-versionado -> origin/H44-creaciÃ³n-mÃ³dulo-versionado
handle-success	Checkout code	2026-01-15T12:34:09.4795435Z  * [new branch]          RN1149-desarrollo-de-orchestrator -> origin/RN1149-desarrollo-de-orchestrator
handle-success	Checkout code	2026-01-15T12:34:09.4797636Z  * [new branch]          RN1183-personalizaciÃ³n-mÃ³dulo-finops -> origin/RN1183-personalizaciÃ³n-mÃ³dulo-finops
handle-success	Checkout code	2026-01-15T12:34:09.4798814Z  * [new branch]          RN1282-ka0s-error-detected-in-ka0s-workflow-statistics-summary -> origin/RN1282-ka0s-error-detected-in-ka0s-workflow-statistics-summary
handle-success	Checkout code	2026-01-15T12:34:09.4800832Z  * [new branch]          RN220-web-de-resultados -> origin/RN220-web-de-resultados
handle-success	Checkout code	2026-01-15T12:34:09.4801864Z  * [new branch]          RN227-despliegue-de-kube-independiente-del-clouder -> origin/RN227-despliegue-de-kube-independiente-del-clouder
handle-success	Checkout code	2026-01-15T12:34:09.4804052Z  * [new branch]          RN2438-arreglo-de-despliegue-itop -> origin/RN2438-arreglo-de-despliegue-itop
handle-success	Checkout code	2026-01-15T12:34:09.4804931Z  * [new branch]          RN329-documentacion-metodologia-de-kaos -> origin/RN329-documentacion-metodologia-de-kaos
handle-success	Checkout code	2026-01-15T12:34:09.4805640Z  * [new branch]          main                    -> origin/main
handle-success	Checkout code	2026-01-15T12:34:09.4806056Z  * [new tag]             0.0.0                   -> 0.0.0
handle-success	Checkout code	2026-01-15T12:34:09.4806430Z  * [new tag]             0.0.1                   -> 0.0.1
handle-success	Checkout code	2026-01-15T12:34:09.4808039Z  * [new tag]             0.0.10                  -> 0.0.10
handle-success	Checkout code	2026-01-15T12:34:09.4808516Z  * [new tag]             0.0.100                 -> 0.0.100
handle-success	Checkout code	2026-01-15T12:34:09.4808901Z  * [new tag]             0.0.101                 -> 0.0.101
handle-success	Checkout code	2026-01-15T12:34:09.4809288Z  * [new tag]             0.0.102                 -> 0.0.102
handle-success	Checkout code	2026-01-15T12:34:09.4810133Z  * [new tag]             0.0.103                 -> 0.0.103
handle-success	Checkout code	2026-01-15T12:34:09.4815578Z  * [new tag]             0.0.104                 -> 0.0.104
handle-success	Checkout code	2026-01-15T12:34:09.4816026Z  * [new tag]             0.0.105                 -> 0.0.105
handle-success	Checkout code	2026-01-15T12:34:09.4816414Z  * [new tag]             0.0.106                 -> 0.0.106
handle-success	Checkout code	2026-01-15T12:34:09.4816858Z  * [new tag]             0.0.107                 -> 0.0.107
handle-success	Checkout code	2026-01-15T12:34:09.4912296Z  * [new tag]             0.0.108                 -> 0.0.108
handle-success	Checkout code	2026-01-15T12:34:09.4913477Z  * [new tag]             0.0.109                 -> 0.0.109
handle-success	Checkout code	2026-01-15T12:34:09.4913916Z  * [new tag]             0.0.11                  -> 0.0.11
handle-success	Checkout code	2026-01-15T12:34:09.4914337Z  * [new tag]             0.0.110                 -> 0.0.110
handle-success	Checkout code	2026-01-15T12:34:09.4914738Z  * [new tag]             0.0.111                 -> 0.0.111
handle-success	Checkout code	2026-01-15T12:34:09.4915149Z  * [new tag]             0.0.112                 -> 0.0.112
handle-success	Checkout code	2026-01-15T12:34:09.5369726Z  * [new tag]             0.0.113                 -> 0.0.113
handle-success	Checkout code	2026-01-15T12:34:09.5482812Z  * [new tag]             0.0.114                 -> 0.0.114
handle-success	Checkout code	2026-01-15T12:34:09.5483456Z  * [new tag]             0.0.115                 -> 0.0.115
handle-success	Checkout code	2026-01-15T12:34:09.5483859Z  * [new tag]             0.0.116                 -> 0.0.116
handle-success	Checkout code	2026-01-15T12:34:09.5484333Z  * [new tag]             0.0.117                 -> 0.0.117
handle-success	Checkout code	2026-01-15T12:34:09.5484728Z  * [new tag]             0.0.118                 -> 0.0.118
handle-success	Checkout code	2026-01-15T12:34:09.5485104Z  * [new tag]             0.0.119                 -> 0.0.119
handle-success	Checkout code	2026-01-15T12:34:09.5485490Z  * [new tag]             0.0.12                  -> 0.0.12
handle-success	Checkout code	2026-01-15T12:34:09.5485899Z  * [new tag]             0.0.120                 -> 0.0.120
handle-success	Checkout code	2026-01-15T12:34:09.5486281Z  * [new tag]             0.0.121                 -> 0.0.121
handle-success	Checkout code	2026-01-15T12:34:09.5486662Z  * [new tag]             0.0.122                 -> 0.0.122
handle-success	Checkout code	2026-01-15T12:34:09.5487046Z  * [new tag]             0.0.123                 -> 0.0.123
handle-success	Checkout code	2026-01-15T12:34:09.5487487Z  * [new tag]             0.0.124                 -> 0.0.124
handle-success	Checkout code	2026-01-15T12:34:09.5487873Z  * [new tag]             0.0.125                 -> 0.0.125
handle-success	Checkout code	2026-01-15T12:34:09.5488272Z  * [new tag]             0.0.126                 -> 0.0.126
handle-success	Checkout code	2026-01-15T12:34:09.5488701Z  * [new tag]             0.0.127                 -> 0.0.127
handle-success	Checkout code	2026-01-15T12:34:09.5489148Z  * [new tag]             0.0.128                 -> 0.0.128
handle-success	Checkout code	2026-01-15T12:34:09.5489571Z  * [new tag]             0.0.129                 -> 0.0.129
handle-success	Checkout code	2026-01-15T12:34:09.5489995Z  * [new tag]             0.0.13                  -> 0.0.13
handle-success	Checkout code	2026-01-15T12:34:09.5490384Z  * [new tag]             0.0.130                 -> 0.0.130
handle-success	Checkout code	2026-01-15T12:34:09.5490771Z  * [new tag]             0.0.131                 -> 0.0.131
handle-success	Checkout code	2026-01-15T12:34:09.5491162Z  * [new tag]             0.0.132                 -> 0.0.132
handle-success	Checkout code	2026-01-15T12:34:09.5491544Z  * [new tag]             0.0.133                 -> 0.0.133
handle-success	Checkout code	2026-01-15T12:34:09.6454453Z  * [new tag]             0.0.134                 -> 0.0.134
handle-success	Checkout code	2026-01-15T12:34:09.6454986Z  * [new tag]             0.0.135                 -> 0.0.135
handle-success	Checkout code	2026-01-15T12:34:09.6455377Z  * [new tag]             0.0.136                 -> 0.0.136
handle-success	Checkout code	2026-01-15T12:34:09.6455772Z  * [new tag]             0.0.137                 -> 0.0.137
handle-success	Checkout code	2026-01-15T12:34:09.6456170Z  * [new tag]             0.0.138                 -> 0.0.138
handle-success	Checkout code	2026-01-15T12:34:09.6456553Z  * [new tag]             0.0.139                 -> 0.0.139
handle-success	Checkout code	2026-01-15T12:34:09.6456942Z  * [new tag]             0.0.14                  -> 0.0.14
handle-success	Checkout code	2026-01-15T12:34:09.6457323Z  * [new tag]             0.0.140                 -> 0.0.140
handle-success	Checkout code	2026-01-15T12:34:09.6457712Z  * [new tag]             0.0.141                 -> 0.0.141
handle-success	Checkout code	2026-01-15T12:34:10.0809464Z  * [new tag]             0.0.142                 -> 0.0.142
handle-success	Checkout code	2026-01-15T12:34:10.0810006Z  * [new tag]             0.0.143                 -> 0.0.143
handle-success	Checkout code	2026-01-15T12:34:10.0810413Z  * [new tag]             0.0.144                 -> 0.0.144
handle-success	Checkout code	2026-01-15T12:34:10.0811202Z  * [new tag]             0.0.145                 -> 0.0.145
handle-success	Checkout code	2026-01-15T12:34:10.0811595Z  * [new tag]             0.0.146                 -> 0.0.146
handle-success	Checkout code	2026-01-15T12:34:10.0832801Z  * [new tag]             0.0.147                 -> 0.0.147
handle-success	Checkout code	2026-01-15T12:34:10.0833269Z  * [new tag]             0.0.148                 -> 0.0.148
handle-success	Checkout code	2026-01-15T12:34:10.0833657Z  * [new tag]             0.0.149                 -> 0.0.149
handle-success	Checkout code	2026-01-15T12:34:10.0834035Z  * [new tag]             0.0.15                  -> 0.0.15
handle-success	Checkout code	2026-01-15T12:34:10.0834422Z  * [new tag]             0.0.150                 -> 0.0.150
handle-success	Checkout code	2026-01-15T12:34:10.0834802Z  * [new tag]             0.0.151                 -> 0.0.151
handle-success	Checkout code	2026-01-15T12:34:10.0835183Z  * [new tag]             0.0.152                 -> 0.0.152
handle-success	Checkout code	2026-01-15T12:34:10.0835565Z  * [new tag]             0.0.153                 -> 0.0.153
handle-success	Checkout code	2026-01-15T12:34:10.0835963Z  * [new tag]             0.0.154                 -> 0.0.154
handle-success	Checkout code	2026-01-15T12:34:10.0836878Z  * [new tag]             0.0.155                 -> 0.0.155
handle-success	Checkout code	2026-01-15T12:34:10.0837290Z  * [new tag]             0.0.156                 -> 0.0.156
handle-success	Checkout code	2026-01-15T12:34:10.0837688Z  * [new tag]             0.0.157                 -> 0.0.157
handle-success	Checkout code	2026-01-15T12:34:10.0838129Z  * [new tag]             0.0.158                 -> 0.0.158
handle-success	Checkout code	2026-01-15T12:34:10.0838555Z  * [new tag]             0.0.159                 -> 0.0.159
handle-success	Checkout code	2026-01-15T12:34:10.0838960Z  * [new tag]             0.0.16                  -> 0.0.16
handle-success	Checkout code	2026-01-15T12:34:10.0839345Z  * [new tag]             0.0.160                 -> 0.0.160
handle-success	Checkout code	2026-01-15T12:34:10.0839740Z  * [new tag]             0.0.161                 -> 0.0.161
handle-success	Checkout code	2026-01-15T12:34:10.0840133Z  * [new tag]             0.0.162                 -> 0.0.162
handle-success	Checkout code	2026-01-15T12:34:10.0840517Z  * [new tag]             0.0.163                 -> 0.0.163
handle-success	Checkout code	2026-01-15T12:34:10.0840913Z  * [new tag]             0.0.164                 -> 0.0.164
handle-success	Checkout code	2026-01-15T12:34:10.0841306Z  * [new tag]             0.0.165                 -> 0.0.165
handle-success	Checkout code	2026-01-15T12:34:10.0841860Z  * [new tag]             0.0.166                 -> 0.0.166
handle-success	Checkout code	2026-01-15T12:34:10.0842270Z  * [new tag]             0.0.167                 -> 0.0.167
handle-success	Checkout code	2026-01-15T12:34:10.0842660Z  * [new tag]             0.0.168                 -> 0.0.168
handle-success	Checkout code	2026-01-15T12:34:10.0843033Z  * [new tag]             0.0.169                 -> 0.0.169
handle-success	Checkout code	2026-01-15T12:34:10.0843414Z  * [new tag]             0.0.17                  -> 0.0.17
handle-success	Checkout code	2026-01-15T12:34:10.0843799Z  * [new tag]             0.0.170                 -> 0.0.170
handle-success	Checkout code	2026-01-15T12:34:10.0844191Z  * [new tag]             0.0.171                 -> 0.0.171
handle-success	Checkout code	2026-01-15T12:34:10.0844583Z  * [new tag]             0.0.172                 -> 0.0.172
handle-success	Checkout code	2026-01-15T12:34:10.0844981Z  * [new tag]             0.0.173                 -> 0.0.173
handle-success	Checkout code	2026-01-15T12:34:10.0845391Z  * [new tag]             0.0.174                 -> 0.0.174
handle-success	Checkout code	2026-01-15T12:34:10.0845791Z  * [new tag]             0.0.175                 -> 0.0.175
handle-success	Checkout code	2026-01-15T12:34:10.0846214Z  * [new tag]             0.0.176                 -> 0.0.176
handle-success	Checkout code	2026-01-15T12:34:10.0846590Z  * [new tag]             0.0.177                 -> 0.0.177
handle-success	Checkout code	2026-01-15T12:34:10.0846977Z  * [new tag]             0.0.178                 -> 0.0.178
handle-success	Checkout code	2026-01-15T12:34:10.0847354Z  * [new tag]             0.0.179                 -> 0.0.179
handle-success	Checkout code	2026-01-15T12:34:10.1405273Z  * [new tag]             0.0.18                  -> 0.0.18
handle-success	Checkout code	2026-01-15T12:34:10.1406012Z  * [new tag]             0.0.19                  -> 0.0.19
handle-success	Checkout code	2026-01-15T12:34:10.1406791Z  * [new tag]             0.0.2                   -> 0.0.2
handle-success	Checkout code	2026-01-15T12:34:10.1407171Z  * [new tag]             0.0.20                  -> 0.0.20
handle-success	Checkout code	2026-01-15T12:34:10.1407558Z  * [new tag]             0.0.21                  -> 0.0.21
handle-success	Checkout code	2026-01-15T12:34:10.1407988Z  * [new tag]             0.0.22                  -> 0.0.22
handle-success	Checkout code	2026-01-15T12:34:10.1408398Z  * [new tag]             0.0.23                  -> 0.0.23
handle-success	Checkout code	2026-01-15T12:34:10.1408822Z  * [new tag]             0.0.24                  -> 0.0.24
handle-success	Checkout code	2026-01-15T12:34:10.1409957Z  * [new tag]             0.0.25                  -> 0.0.25
handle-success	Checkout code	2026-01-15T12:34:10.1410338Z  * [new tag]             0.0.26                  -> 0.0.26
handle-success	Checkout code	2026-01-15T12:34:10.1410747Z  * [new tag]             0.0.27                  -> 0.0.27
handle-success	Checkout code	2026-01-15T12:34:10.1411149Z  * [new tag]             0.0.28                  -> 0.0.28
handle-success	Checkout code	2026-01-15T12:34:10.1411548Z  * [new tag]             0.0.29                  -> 0.0.29
handle-success	Checkout code	2026-01-15T12:34:10.1412122Z  * [new tag]             0.0.3                   -> 0.0.3
handle-success	Checkout code	2026-01-15T12:34:10.1412511Z  * [new tag]             0.0.30                  -> 0.0.30
handle-success	Checkout code	2026-01-15T12:34:10.1412891Z  * [new tag]             0.0.31                  -> 0.0.31
handle-success	Checkout code	2026-01-15T12:34:10.1413266Z  * [new tag]             0.0.32                  -> 0.0.32
handle-success	Checkout code	2026-01-15T12:34:10.1413658Z  * [new tag]             0.0.33                  -> 0.0.33
handle-success	Checkout code	2026-01-15T12:34:10.1414053Z  * [new tag]             0.0.34                  -> 0.0.34
handle-success	Checkout code	2026-01-15T12:34:10.1414444Z  * [new tag]             0.0.35                  -> 0.0.35
handle-success	Checkout code	2026-01-15T12:34:10.1415088Z  * [new tag]             0.0.36                  -> 0.0.36
handle-success	Checkout code	2026-01-15T12:34:10.1415491Z  * [new tag]             0.0.37                  -> 0.0.37
handle-success	Checkout code	2026-01-15T12:34:10.1415897Z  * [new tag]             0.0.38                  -> 0.0.38
handle-success	Checkout code	2026-01-15T12:34:10.1416292Z  * [new tag]             0.0.39                  -> 0.0.39
handle-success	Checkout code	2026-01-15T12:34:10.1417062Z  * [new tag]             0.0.4                   -> 0.0.4
handle-success	Checkout code	2026-01-15T12:34:10.1417475Z  * [new tag]             0.0.40                  -> 0.0.40
handle-success	Checkout code	2026-01-15T12:34:10.1417859Z  * [new tag]             0.0.41                  -> 0.0.41
handle-success	Checkout code	2026-01-15T12:34:10.1732663Z  * [new tag]             0.0.42                  -> 0.0.42
handle-success	Checkout code	2026-01-15T12:34:10.1733248Z  * [new tag]             0.0.43                  -> 0.0.43
handle-success	Checkout code	2026-01-15T12:34:10.1733632Z  * [new tag]             0.0.44                  -> 0.0.44
handle-success	Checkout code	2026-01-15T12:34:10.1734013Z  * [new tag]             0.0.45                  -> 0.0.45
handle-success	Checkout code	2026-01-15T12:34:10.1734444Z  * [new tag]             0.0.46                  -> 0.0.46
handle-success	Checkout code	2026-01-15T12:34:10.1734825Z  * [new tag]             0.0.47                  -> 0.0.47
handle-success	Checkout code	2026-01-15T12:34:10.1735202Z  * [new tag]             0.0.48                  -> 0.0.48
handle-success	Checkout code	2026-01-15T12:34:10.1735585Z  * [new tag]             0.0.49                  -> 0.0.49
handle-success	Checkout code	2026-01-15T12:34:10.1735954Z  * [new tag]             0.0.5                   -> 0.0.5
handle-success	Checkout code	2026-01-15T12:34:10.1736332Z  * [new tag]             0.0.50                  -> 0.0.50
handle-success	Checkout code	2026-01-15T12:34:10.1736700Z  * [new tag]             0.0.51                  -> 0.0.51
handle-success	Checkout code	2026-01-15T12:34:10.1737081Z  * [new tag]             0.0.52                  -> 0.0.52
handle-success	Checkout code	2026-01-15T12:34:10.1737450Z  * [new tag]             0.0.53                  -> 0.0.53
handle-success	Checkout code	2026-01-15T12:34:10.1737811Z  * [new tag]             0.0.54                  -> 0.0.54
handle-success	Checkout code	2026-01-15T12:34:10.1738180Z  * [new tag]             0.0.55                  -> 0.0.55
handle-success	Checkout code	2026-01-15T12:34:10.1738555Z  * [new tag]             0.0.56                  -> 0.0.56
handle-success	Checkout code	2026-01-15T12:34:10.1738936Z  * [new tag]             0.0.57                  -> 0.0.57
handle-success	Checkout code	2026-01-15T12:34:10.1739298Z  * [new tag]             0.0.58                  -> 0.0.58
handle-success	Checkout code	2026-01-15T12:34:10.1739659Z  * [new tag]             0.0.59                  -> 0.0.59
handle-success	Checkout code	2026-01-15T12:34:10.1740035Z  * [new tag]             0.0.6                   -> 0.0.6
handle-success	Checkout code	2026-01-15T12:34:10.1740402Z  * [new tag]             0.0.60                  -> 0.0.60
handle-success	Checkout code	2026-01-15T12:34:10.1740762Z  * [new tag]             0.0.61                  -> 0.0.61
handle-success	Checkout code	2026-01-15T12:34:10.1741128Z  * [new tag]             0.0.62                  -> 0.0.62
handle-success	Checkout code	2026-01-15T12:34:10.1741493Z  * [new tag]             0.0.63                  -> 0.0.63
handle-success	Checkout code	2026-01-15T12:34:10.2406386Z  * [new tag]             0.0.64                  -> 0.0.64
handle-success	Checkout code	2026-01-15T12:34:10.2407842Z  * [new tag]             0.0.65                  -> 0.0.65
handle-success	Checkout code	2026-01-15T12:34:10.2408225Z  * [new tag]             0.0.66                  -> 0.0.66
handle-success	Checkout code	2026-01-15T12:34:10.2409133Z  * [new tag]             0.0.67                  -> 0.0.67
handle-success	Checkout code	2026-01-15T12:34:10.2409512Z  * [new tag]             0.0.68                  -> 0.0.68
handle-success	Checkout code	2026-01-15T12:34:10.2409957Z  * [new tag]             0.0.69                  -> 0.0.69
handle-success	Checkout code	2026-01-15T12:34:10.2410331Z  * [new tag]             0.0.7                   -> 0.0.7
handle-success	Checkout code	2026-01-15T12:34:10.2410785Z  * [new tag]             0.0.70                  -> 0.0.70
handle-success	Checkout code	2026-01-15T12:34:10.2411148Z  * [new tag]             0.0.71                  -> 0.0.71
handle-success	Checkout code	2026-01-15T12:34:10.2411606Z  * [new tag]             0.0.72                  -> 0.0.72
handle-success	Checkout code	2026-01-15T12:34:10.2412190Z  * [new tag]             0.0.73                  -> 0.0.73
handle-success	Checkout code	2026-01-15T12:34:10.2412556Z  * [new tag]             0.0.74                  -> 0.0.74
handle-success	Checkout code	2026-01-15T12:34:10.2413007Z  * [new tag]             0.0.75                  -> 0.0.75
handle-success	Checkout code	2026-01-15T12:34:10.2413454Z  * [new tag]             0.0.76                  -> 0.0.76
handle-success	Checkout code	2026-01-15T12:34:10.2413828Z  * [new tag]             0.0.77                  -> 0.0.77
handle-success	Checkout code	2026-01-15T12:34:10.2414495Z  * [new tag]             0.0.78                  -> 0.0.78
handle-success	Checkout code	2026-01-15T12:34:10.2414939Z  * [new tag]             0.0.79                  -> 0.0.79
handle-success	Checkout code	2026-01-15T12:34:10.2415317Z  * [new tag]             0.0.8                   -> 0.0.8
handle-success	Checkout code	2026-01-15T12:34:10.2415769Z  * [new tag]             0.0.80                  -> 0.0.80
handle-success	Checkout code	2026-01-15T12:34:10.2416136Z  * [new tag]             0.0.81                  -> 0.0.81
handle-success	Checkout code	2026-01-15T12:34:10.2416602Z  * [new tag]             0.0.82                  -> 0.0.82
handle-success	Checkout code	2026-01-15T12:34:10.2416975Z  * [new tag]             0.0.83                  -> 0.0.83
handle-success	Checkout code	2026-01-15T12:34:10.2417429Z  * [new tag]             0.0.84                  -> 0.0.84
handle-success	Checkout code	2026-01-15T12:34:10.2417797Z  * [new tag]             0.0.85                  -> 0.0.85
handle-success	Checkout code	2026-01-15T12:34:10.2423174Z  * [new tag]             0.0.86                  -> 0.0.86
handle-success	Checkout code	2026-01-15T12:34:10.2436842Z  * [new tag]             0.0.87                  -> 0.0.87
handle-success	Checkout code	2026-01-15T12:34:10.2437298Z  * [new tag]             0.0.88                  -> 0.0.88
handle-success	Checkout code	2026-01-15T12:34:10.2437722Z  * [new tag]             0.0.89                  -> 0.0.89
handle-success	Checkout code	2026-01-15T12:34:10.2438093Z  * [new tag]             0.0.9                   -> 0.0.9
handle-success	Checkout code	2026-01-15T12:34:10.2438466Z  * [new tag]             0.0.90                  -> 0.0.90
handle-success	Checkout code	2026-01-15T12:34:10.2438834Z  * [new tag]             0.0.91                  -> 0.0.91
handle-success	Checkout code	2026-01-15T12:34:10.2439199Z  * [new tag]             0.0.92                  -> 0.0.92
handle-success	Checkout code	2026-01-15T12:34:10.2439564Z  * [new tag]             0.0.93                  -> 0.0.93
handle-success	Checkout code	2026-01-15T12:34:10.2516741Z  * [new tag]             0.0.94                  -> 0.0.94
handle-success	Checkout code	2026-01-15T12:34:10.2517257Z  * [new tag]             0.0.95                  -> 0.0.95
handle-success	Checkout code	2026-01-15T12:34:10.2517636Z  * [new tag]             0.0.96                  -> 0.0.96
handle-success	Checkout code	2026-01-15T12:34:10.2518032Z  * [new tag]             0.0.97                  -> 0.0.97
handle-success	Checkout code	2026-01-15T12:34:10.2518398Z  * [new tag]             0.0.98                  -> 0.0.98
handle-success	Checkout code	2026-01-15T12:34:10.2518806Z  * [new tag]             0.0.99                  -> 0.0.99
handle-success	Checkout code	2026-01-15T12:34:10.2519178Z  * [new tag]             0.1.0                   -> 0.1.0
handle-success	Checkout code	2026-01-15T12:34:10.2519555Z  * [new tag]             0.1.1                   -> 0.1.1
handle-success	Checkout code	2026-01-15T12:34:10.2519917Z  * [new tag]             0.2.0                   -> 0.2.0
handle-success	Checkout code	2026-01-15T12:34:10.2520284Z  * [new tag]             0.3.0                   -> 0.3.0
handle-success	Checkout code	2026-01-15T12:34:10.2520646Z  * [new tag]             0.3.1                   -> 0.3.1
handle-success	Checkout code	2026-01-15T12:34:10.2521018Z  * [new tag]             0.3.10                  -> 0.3.10
handle-success	Checkout code	2026-01-15T12:34:10.2521391Z  * [new tag]             0.3.11                  -> 0.3.11
handle-success	Checkout code	2026-01-15T12:34:10.2620725Z  * [new tag]             0.3.12                  -> 0.3.12
handle-success	Checkout code	2026-01-15T12:34:10.2621520Z  * [new tag]             0.3.13                  -> 0.3.13
handle-success	Checkout code	2026-01-15T12:34:10.2644132Z  * [new tag]             0.3.14                  -> 0.3.14
handle-success	Checkout code	2026-01-15T12:34:10.2644637Z  * [new tag]             0.3.15                  -> 0.3.15
handle-success	Checkout code	2026-01-15T12:34:10.2645494Z  * [new tag]             0.3.16                  -> 0.3.16
handle-success	Checkout code	2026-01-15T12:34:10.2645874Z  * [new tag]             0.3.17                  -> 0.3.17
handle-success	Checkout code	2026-01-15T12:34:10.2646285Z  * [new tag]             0.3.2                   -> 0.3.2
handle-success	Checkout code	2026-01-15T12:34:10.2646741Z  * [new tag]             0.3.3                   -> 0.3.3
handle-success	Checkout code	2026-01-15T12:34:10.2647197Z  * [new tag]             0.3.4                   -> 0.3.4
handle-success	Checkout code	2026-01-15T12:34:10.2647630Z  * [new tag]             0.3.5                   -> 0.3.5
handle-success	Checkout code	2026-01-15T12:34:10.2648114Z  * [new tag]             0.3.6                   -> 0.3.6
handle-success	Checkout code	2026-01-15T12:34:10.2648569Z  * [new tag]             0.3.7                   -> 0.3.7
handle-success	Checkout code	2026-01-15T12:34:10.2649064Z  * [new tag]             0.3.8                   -> 0.3.8
handle-success	Checkout code	2026-01-15T12:34:10.2649546Z  * [new tag]             0.3.9                   -> 0.3.9
handle-success	Checkout code	2026-01-15T12:34:10.3310168Z  * [new tag]             0.4.0                   -> 0.4.0
handle-success	Checkout code	2026-01-15T12:34:10.3310670Z  * [new tag]             0.4.1                   -> 0.4.1
handle-success	Checkout code	2026-01-15T12:34:10.3311697Z  * [new tag]             0.4.10                  -> 0.4.10
handle-success	Checkout code	2026-01-15T12:34:10.3312248Z  * [new tag]             0.4.2                   -> 0.4.2
handle-success	Checkout code	2026-01-15T12:34:10.3312629Z  * [new tag]             0.4.3                   -> 0.4.3
handle-success	Checkout code	2026-01-15T12:34:10.3352612Z  * [new tag]             0.4.4                   -> 0.4.4
handle-success	Checkout code	2026-01-15T12:34:10.3353440Z  * [new tag]             0.4.5                   -> 0.4.5
handle-success	Checkout code	2026-01-15T12:34:10.3353900Z  * [new tag]             0.4.6                   -> 0.4.6
handle-success	Checkout code	2026-01-15T12:34:10.3354300Z  * [new tag]             0.4.7                   -> 0.4.7
handle-success	Checkout code	2026-01-15T12:34:10.3354679Z  * [new tag]             0.4.8                   -> 0.4.8
handle-success	Checkout code	2026-01-15T12:34:10.3355056Z  * [new tag]             0.4.9                   -> 0.4.9
handle-success	Checkout code	2026-01-15T12:34:12.1917925Z [command]/usr/bin/git branch --list --remote origin/H2436-modulo-de-mongo
handle-success	Checkout code	2026-01-15T12:34:12.5135981Z   origin/H2436-modulo-de-mongo
handle-success	Checkout code	2026-01-15T12:34:12.6728233Z [command]/usr/bin/git rev-parse refs/remotes/origin/H2436-modulo-de-mongo
handle-success	Checkout code	2026-01-15T12:34:12.8894446Z 2184c11f3c5077022771a285c184b8a6385fab4b
handle-success	Checkout code	2026-01-15T12:34:13.1131422Z [command]/usr/bin/git -c protocol.version=2 fetch --no-tags --prune --no-recurse-submodules origin +16e2a3738b6b0d3eb1bb24ed64efd17681816d79:refs/remotes/origin/H2436-modulo-de-mongo
handle-success	Checkout code	2026-01-15T12:34:14.2042946Z From https://github.com/Ka0s-Klaus/ka0s
handle-success	Checkout code	2026-01-15T12:34:14.2184503Z  + 2184c11f3...16e2a3738 16e2a3738b6b0d3eb1bb24ed64efd17681816d79 -> origin/H2436-modulo-de-mongo  (forced update)
handle-success	Checkout code	2026-01-15T12:34:14.4884417Z ##[endgroup]
handle-success	Checkout code	2026-01-15T12:34:14.4885056Z ##[group]Determining the checkout info
handle-success	Checkout code	2026-01-15T12:34:14.4886508Z ##[endgroup]
handle-success	Checkout code	2026-01-15T12:34:14.4886786Z [command]/usr/bin/git sparse-checkout disable
handle-success	Checkout code	2026-01-15T12:34:14.5969562Z [command]/usr/bin/git config --local --unset-all extensions.worktreeConfig
handle-success	Checkout code	2026-01-15T12:34:14.7473641Z ##[group]Checking out the ref
handle-success	Checkout code	2026-01-15T12:34:14.8417879Z [command]/usr/bin/git checkout --progress --force -B H2436-modulo-de-mongo refs/remotes/origin/H2436-modulo-de-mongo
handle-success	Checkout code	2026-01-15T12:34:16.2200549Z Updating files:   2% (44/1498)
handle-success	Checkout code	2026-01-15T12:34:16.4291458Z Updating files:   3% (45/1498)
handle-success	Checkout code	2026-01-15T12:34:16.6093184Z Updating files:   4% (60/1498)
handle-success	Checkout code	2026-01-15T12:34:17.1154672Z Updating files:   5% (75/1498)
handle-success	Checkout code	2026-01-15T12:34:17.2592974Z Updating files:   5% (86/1498)
handle-success	Checkout code	2026-01-15T12:34:17.3183230Z Updating files:   6% (90/1498)
handle-success	Checkout code	2026-01-15T12:34:17.7826808Z Updating files:   7% (105/1498)
handle-success	Checkout code	2026-01-15T12:34:17.9880663Z Updating files:   8% (120/1498)
handle-success	Checkout code	2026-01-15T12:34:18.1549339Z Updating files:   9% (135/1498)
handle-success	Checkout code	2026-01-15T12:34:18.6412916Z Updating files:   9% (136/1498)
handle-success	Checkout code	2026-01-15T12:34:19.4008471Z Updating files:  10% (150/1498)
handle-success	Checkout code	2026-01-15T12:34:19.4008831Z Updating files:  10% (158/1498)
handle-success	Checkout code	2026-01-15T12:34:19.4917234Z Updating files:  11% (165/1498)
handle-success	Checkout code	2026-01-15T12:34:19.6042654Z Updating files:  12% (180/1498)
handle-success	Checkout code	2026-01-15T12:34:19.7848631Z Updating files:  13% (195/1498)
handle-success	Checkout code	2026-01-15T12:34:20.0357666Z Updating files:  14% (210/1498)
handle-success	Checkout code	2026-01-15T12:34:20.1253039Z Updating files:  15% (225/1498)
handle-success	Checkout code	2026-01-15T12:34:20.3139201Z Updating files:  15% (228/1498)
handle-success	Checkout code	2026-01-15T12:34:20.5345702Z Updating files:  16% (240/1498)
handle-success	Checkout code	2026-01-15T12:34:20.5350482Z Updating files:  17% (255/1498)
handle-success	Checkout code	2026-01-15T12:34:20.7673148Z Updating files:  18% (270/1498)
handle-success	Checkout code	2026-01-15T12:34:20.7711671Z Updating files:  19% (285/1498)
handle-success	Checkout code	2026-01-15T12:34:21.2197600Z Updating files:  20% (300/1498)
handle-success	Checkout code	2026-01-15T12:34:21.2241332Z Updating files:  20% (314/1498)
handle-success	Checkout code	2026-01-15T12:34:21.3804805Z Updating files:  21% (315/1498)
handle-success	Checkout code	2026-01-15T12:34:21.6884570Z Updating files:  22% (330/1498)
handle-success	Checkout code	2026-01-15T12:34:21.7794786Z Updating files:  23% (345/1498)
handle-success	Checkout code	2026-01-15T12:34:21.9173071Z Updating files:  24% (360/1498)
handle-success	Checkout code	2026-01-15T12:34:22.0673050Z Updating files:  25% (375/1498)
handle-success	Checkout code	2026-01-15T12:34:22.2133266Z Updating files:  26% (390/1498)
handle-success	Checkout code	2026-01-15T12:34:22.6333444Z Updating files:  27% (405/1498)
handle-success	Checkout code	2026-01-15T12:34:23.0051037Z Updating files:  28% (420/1498)
handle-success	Checkout code	2026-01-15T12:34:23.1448582Z Updating files:  29% (435/1498)
handle-success	Checkout code	2026-01-15T12:34:23.4600293Z Updating files:  30% (450/1498)
handle-success	Checkout code	2026-01-15T12:34:23.7306027Z Updating files:  31% (465/1498)
handle-success	Checkout code	2026-01-15T12:34:24.2020555Z Updating files:  32% (480/1498)
handle-success	Checkout code	2026-01-15T12:34:24.2066438Z Updating files:  32% (490/1498)
handle-success	Checkout code	2026-01-15T12:34:24.3882980Z Updating files:  33% (495/1498)
handle-success	Checkout code	2026-01-15T12:34:24.6998613Z Updating files:  34% (510/1498)
handle-success	Checkout code	2026-01-15T12:34:25.1965003Z Updating files:  35% (525/1498)
handle-success	Checkout code	2026-01-15T12:34:25.1965417Z Updating files:  35% (534/1498)
handle-success	Checkout code	2026-01-15T12:34:25.6047322Z Updating files:  36% (540/1498)
handle-success	Checkout code	2026-01-15T12:34:25.7944438Z Updating files:  37% (555/1498)
handle-success	Checkout code	2026-01-15T12:34:26.0532932Z Updating files:  38% (570/1498)
handle-success	Checkout code	2026-01-15T12:34:26.0844903Z Updating files:  38% (584/1498)
handle-success	Checkout code	2026-01-15T12:34:26.4260516Z Updating files:  39% (585/1498)
handle-success	Checkout code	2026-01-15T12:34:26.8133270Z Updating files:  40% (600/1498)
handle-success	Checkout code	2026-01-15T12:34:27.0153199Z Updating files:  41% (615/1498)
handle-success	Checkout code	2026-01-15T12:34:27.0544961Z Updating files:  42% (630/1498)
handle-success	Checkout code	2026-01-15T12:34:27.4911166Z Updating files:  42% (632/1498)
handle-success	Checkout code	2026-01-15T12:34:27.5720267Z Updating files:  43% (645/1498)
handle-success	Checkout code	2026-01-15T12:34:27.9267225Z Updating files:  44% (660/1498)
handle-success	Checkout code	2026-01-15T12:34:28.1262445Z Updating files:  45% (675/1498)
handle-success	Checkout code	2026-01-15T12:34:28.2227201Z Updating files:  45% (678/1498)
handle-success	Checkout code	2026-01-15T12:34:29.0026044Z Updating files:  46% (690/1498)
handle-success	Checkout code	2026-01-15T12:34:29.1740014Z Updating files:  47% (705/1498)
handle-success	Checkout code	2026-01-15T12:34:29.1843346Z Updating files:  47% (716/1498)
handle-success	Checkout code	2026-01-15T12:34:29.1991884Z Updating files:  48% (720/1498)
handle-success	Checkout code	2026-01-15T12:34:29.2103925Z Updating files:  49% (735/1498)
handle-success	Checkout code	2026-01-15T12:34:29.2398046Z Updating files:  50% (749/1498)
handle-success	Checkout code	2026-01-15T12:34:29.2660443Z Updating files:  51% (764/1498)
handle-success	Checkout code	2026-01-15T12:34:29.3123676Z Updating files:  52% (779/1498)
handle-success	Checkout code	2026-01-15T12:34:29.3753015Z Updating files:  53% (794/1498)
handle-success	Checkout code	2026-01-15T12:34:29.4063248Z Updating files:  54% (809/1498)
handle-success	Checkout code	2026-01-15T12:34:29.5663372Z Updating files:  55% (824/1498)
handle-success	Checkout code	2026-01-15T12:34:29.6994258Z Updating files:  56% (839/1498)
handle-success	Checkout code	2026-01-15T12:34:29.7124479Z Updating files:  57% (854/1498)
handle-success	Checkout code	2026-01-15T12:34:29.7124856Z Updating files:  58% (869/1498)
handle-success	Checkout code	2026-01-15T12:34:30.0242543Z Updating files:  59% (884/1498)
handle-success	Checkout code	2026-01-15T12:34:30.1813020Z Updating files:  60% (899/1498)
handle-success	Checkout code	2026-01-15T12:34:30.7329056Z Updating files:  60% (900/1498)
handle-success	Checkout code	2026-01-15T12:34:31.2920258Z Updating files:  61% (914/1498)
handle-success	Checkout code	2026-01-15T12:34:32.6423662Z Updating files:  61% (919/1498)
handle-success	Checkout code	2026-01-15T12:34:34.2832050Z Updating files:  61% (923/1498)
handle-success	Checkout code	2026-01-15T12:34:34.2902558Z Updating files:  61% (928/1498)
handle-success	Checkout code	2026-01-15T12:34:34.2907564Z Updating files:  62% (929/1498)
handle-success	Checkout code	2026-01-15T12:34:34.3183399Z Updating files:  63% (944/1498)
handle-success	Checkout code	2026-01-15T12:34:34.3349377Z Updating files:  64% (959/1498)
handle-success	Checkout code	2026-01-15T12:34:34.3723096Z Updating files:  65% (974/1498)
handle-success	Checkout code	2026-01-15T12:34:34.6634168Z Updating files:  66% (989/1498)
handle-success	Checkout code	2026-01-15T12:34:34.6634607Z Updating files:  67% (1004/1498)
handle-success	Checkout code	2026-01-15T12:34:34.6661252Z Updating files:  68% (1019/1498)
handle-success	Checkout code	2026-01-15T12:34:34.7165367Z Updating files:  69% (1034/1498)
handle-success	Checkout code	2026-01-15T12:34:34.9343348Z Updating files:  70% (1049/1498)
handle-success	Checkout code	2026-01-15T12:34:34.9889607Z Updating files:  71% (1064/1498)
handle-success	Checkout code	2026-01-15T12:34:35.0346257Z Updating files:  72% (1079/1498)
handle-success	Checkout code	2026-01-15T12:34:37.6933060Z Updating files:  72% (1080/1498)
handle-success	Checkout code	2026-01-15T12:34:37.8977296Z Updating files:  72% (1085/1498)
handle-success	Checkout code	2026-01-15T12:34:37.8979037Z Updating files:  73% (1094/1498)
handle-success	Checkout code	2026-01-15T12:34:37.8979648Z Updating files:  74% (1109/1498)
handle-success	Checkout code	2026-01-15T12:34:37.8980107Z Updating files:  75% (1124/1498)
handle-success	Checkout code	2026-01-15T12:34:37.8980457Z Updating files:  76% (1139/1498)
handle-success	Checkout code	2026-01-15T12:34:37.8980814Z Updating files:  77% (1154/1498)
handle-success	Checkout code	2026-01-15T12:34:37.8981177Z Updating files:  78% (1169/1498)
handle-success	Checkout code	2026-01-15T12:34:37.8981521Z Updating files:  79% (1184/1498)
handle-success	Checkout code	2026-01-15T12:34:37.8982094Z Updating files:  80% (1199/1498)
handle-success	Checkout code	2026-01-15T12:34:37.8983176Z Updating files:  81% (1214/1498)
handle-success	Checkout code	2026-01-15T12:34:37.8985038Z Updating files:  82% (1229/1498)
handle-success	Checkout code	2026-01-15T12:34:37.8985299Z Updating files:  83% (1244/1498)
handle-success	Checkout code	2026-01-15T12:34:37.8985583Z Updating files:  84% (1259/1498)
handle-success	Checkout code	2026-01-15T12:34:37.8986400Z Updating files:  85% (1274/1498)
handle-success	Checkout code	2026-01-15T12:34:38.0213908Z Updating files:  86% (1289/1498)
handle-success	Checkout code	2026-01-15T12:34:38.1661637Z Updating files:  87% (1304/1498)
handle-success	Checkout code	2026-01-15T12:34:39.1109791Z Updating files:  87% (1308/1498)
handle-success	Checkout code	2026-01-15T12:34:40.3282831Z Updating files:  87% (1311/1498)
handle-success	Checkout code	2026-01-15T12:34:40.6837323Z Updating files:  87% (1318/1498)
handle-success	Checkout code	2026-01-15T12:34:41.0953181Z Updating files:  88% (1319/1498)
handle-success	Checkout code	2026-01-15T12:34:42.2867872Z Updating files:  88% (1323/1498)
handle-success	Checkout code	2026-01-15T12:34:43.2233038Z Updating files:  88% (1328/1498)
handle-success	Checkout code	2026-01-15T12:34:44.1383599Z Updating files:  88% (1331/1498)
handle-success	Checkout code	2026-01-15T12:34:44.2942700Z Updating files:  88% (1333/1498)
handle-success	Checkout code	2026-01-15T12:34:45.3068050Z Updating files:  89% (1334/1498)
handle-success	Checkout code	2026-01-15T12:34:46.2271582Z Updating files:  89% (1345/1498)
handle-success	Checkout code	2026-01-15T12:34:46.2982656Z Updating files:  89% (1348/1498)
handle-success	Checkout code	2026-01-15T12:34:47.2610206Z Updating files:  90% (1349/1498)
handle-success	Checkout code	2026-01-15T12:34:48.5525293Z Updating files:  90% (1352/1498)
handle-success	Checkout code	2026-01-15T12:34:49.4122845Z Updating files:  90% (1353/1498)
handle-success	Checkout code	2026-01-15T12:34:50.3173323Z Updating files:  90% (1354/1498)
handle-success	Checkout code	2026-01-15T12:34:51.1562656Z Updating files:  90% (1356/1498)
handle-success	Checkout code	2026-01-15T12:34:52.2636429Z Updating files:  90% (1358/1498)
handle-success	Checkout code	2026-01-15T12:34:52.5765087Z Updating files:  90% (1362/1498)
handle-success	Checkout code	2026-01-15T12:34:53.5102308Z Updating files:  91% (1364/1498)
handle-success	Checkout code	2026-01-15T12:34:54.1555381Z Updating files:  91% (1367/1498)
handle-success	Checkout code	2026-01-15T12:34:55.2375248Z Updating files:  91% (1369/1498)
handle-success	Checkout code	2026-01-15T12:34:56.0839599Z Updating files:  91% (1372/1498)
handle-success	Checkout code	2026-01-15T12:34:57.2202798Z Updating files:  91% (1375/1498)
handle-success	Checkout code	2026-01-15T12:34:58.0632128Z Updating files:  91% (1377/1498)
handle-success	Checkout code	2026-01-15T12:34:58.4520907Z Updating files:  92% (1379/1498)
handle-success	Checkout code	2026-01-15T12:34:59.2959308Z Updating files:  92% (1380/1498)
handle-success	Checkout code	2026-01-15T12:35:00.2147551Z Updating files:  92% (1389/1498)
handle-success	Checkout code	2026-01-15T12:35:01.0414777Z Updating files:  92% (1393/1498)
handle-success	Checkout code	2026-01-15T12:35:01.8857618Z Updating files:  93% (1394/1498)
handle-success	Checkout code	2026-01-15T12:35:02.3044592Z Updating files:  93% (1396/1498)
handle-success	Checkout code	2026-01-15T12:35:03.0382539Z Updating files:  93% (1397/1498)
handle-success	Checkout code	2026-01-15T12:35:03.1028291Z Updating files:  93% (1401/1498)
handle-success	Checkout code	2026-01-15T12:35:03.1193329Z Updating files:  94% (1409/1498)
handle-success	Checkout code	2026-01-15T12:35:03.2607707Z Updating files:  95% (1424/1498)
handle-success	Checkout code	2026-01-15T12:35:03.2665999Z Updating files:  96% (1439/1498)
handle-success	Checkout code	2026-01-15T12:35:03.6928511Z Updating files:  97% (1454/1498)
handle-success	Checkout code	2026-01-15T12:35:03.8113336Z Updating files:  98% (1469/1498)
handle-success	Checkout code	2026-01-15T12:35:03.8116151Z Updating files:  99% (1484/1498)
handle-success	Checkout code	2026-01-15T12:35:03.8134455Z Updating files: 100% (1498/1498)
handle-success	Checkout code	2026-01-15T12:35:03.8160040Z Updating files: 100% (1498/1498), done.
handle-success	Checkout code	2026-01-15T12:35:04.0881795Z Switched to a new branch 'H2436-modulo-de-mongo'
handle-success	Checkout code	2026-01-15T12:35:04.1642727Z branch 'H2436-modulo-de-mongo' set up to track 'origin/H2436-modulo-de-mongo'.
handle-success	Checkout code	2026-01-15T12:35:04.7294433Z ##[endgroup]
handle-success	Checkout code	2026-01-15T12:35:05.0309685Z [command]/usr/bin/git log -1 --format=%H
handle-success	Checkout code	2026-01-15T12:35:05.2947744Z 16e2a3738b6b0d3eb1bb24ed64efd17681816d79
handle-success	Install GH CLI	ï»¿2026-01-15T12:35:08.8202430Z Prepare all required actions
handle-success	Install GH CLI	2026-01-15T12:35:09.0416077Z ##[group]Run ./.github/actions/install-gh-cli
handle-success	Install GH CLI	2026-01-15T12:35:09.0416420Z env:
handle-success	Install GH CLI	2026-01-15T12:35:09.0416637Z   KAOS_MODULE: [Ka0S] JSONLINT
handle-success	Install GH CLI	2026-01-15T12:35:09.0417204Z   GH_TOKEN: ***
handle-success	Install GH CLI	2026-01-15T12:35:09.0417467Z   KAOS_JSONLINT_CONFIG: core/config/.jsonlint.json
handle-success	Install GH CLI	2026-01-15T12:35:09.0417803Z   KAOS_PATH_RESUME: audit/jsonlint/
handle-success	Install GH CLI	2026-01-15T12:35:09.0418111Z   KAOS_REPO: /actions-runner/_work/kaos/kaos
handle-success	Install GH CLI	2026-01-15T12:35:09.0418408Z   KAOS_STEP_MODULE: 
handle-success	Install GH CLI	2026-01-15T12:35:09.0418632Z   KAOS_CODE: 21030562153
handle-success	Install GH CLI	2026-01-15T12:35:09.0418860Z   KAOS_REF_BRANCH: main
handle-success	Install GH CLI	2026-01-15T12:35:09.0419082Z ##[endgroup]
handle-success	Install GH CLI	2026-01-15T12:35:09.8148377Z ##[group]Run type -p curl >/dev/null || (sudo apt-get update && sudo apt-get install curl -y)
handle-success	Install GH CLI	2026-01-15T12:35:09.8149167Z [36;1mtype -p curl >/dev/null || (sudo apt-get update && sudo apt-get install curl -y)[0m
handle-success	Install GH CLI	2026-01-15T12:35:09.8150080Z [36;1mcurl -fsSL https://cli.github.com/packages/githubcli-archive-keyring.gpg | sudo dd of=/usr/share/keyrings/githubcli-archive-keyring.gpg \[0m
handle-success	Install GH CLI	2026-01-15T12:35:09.8151037Z [36;1m&& sudo chmod go+r /usr/share/keyrings/githubcli-archive-keyring.gpg \[0m
handle-success	Install GH CLI	2026-01-15T12:35:09.8292638Z [36;1m&& echo "deb [arch=$(dpkg --print-architecture) signed-by=/usr/share/keyrings/githubcli-archive-keyring.gpg] https://cli.github.com/packages stable main" | sudo tee /etc/apt/sources.list.d/github-cli.list > /dev/null \[0m
handle-success	Install GH CLI	2026-01-15T12:35:09.8293943Z [36;1m&& sudo apt-get update \[0m
handle-success	Install GH CLI	2026-01-15T12:35:09.8294259Z [36;1m&& sudo apt-get install gh -y[0m
handle-success	Install GH CLI	2026-01-15T12:35:09.8922274Z shell: /usr/bin/bash --noprofile --norc -e -o pipefail {0}
handle-success	Install GH CLI	2026-01-15T12:35:09.8922699Z env:
handle-success	Install GH CLI	2026-01-15T12:35:09.8922905Z   KAOS_MODULE: [Ka0S] JSONLINT
handle-success	Install GH CLI	2026-01-15T12:35:09.8923399Z   GH_TOKEN: ***
handle-success	Install GH CLI	2026-01-15T12:35:09.8923662Z   KAOS_JSONLINT_CONFIG: core/config/.jsonlint.json
handle-success	Install GH CLI	2026-01-15T12:35:09.8923992Z   KAOS_PATH_RESUME: audit/jsonlint/
handle-success	Install GH CLI	2026-01-15T12:35:09.8924299Z   KAOS_REPO: /actions-runner/_work/kaos/kaos
handle-success	Install GH CLI	2026-01-15T12:35:09.8924628Z   KAOS_STEP_MODULE: 
handle-success	Install GH CLI	2026-01-15T12:35:09.8924854Z   KAOS_CODE: 21030562153
handle-success	Install GH CLI	2026-01-15T12:35:09.8925100Z   KAOS_REF_BRANCH: main
handle-success	Install GH CLI	2026-01-15T12:35:09.8925321Z ##[endgroup]
handle-success	Install GH CLI	2026-01-15T12:35:15.4543771Z 4+1 records in
handle-success	Install GH CLI	2026-01-15T12:35:15.4834696Z 4+1 records out
handle-success	Install GH CLI	2026-01-15T12:35:15.4838783Z 2270 bytes (2.3 kB, 2.2 KiB) copied, 2.84533 s, 0.8 kB/s
handle-success	Install GH CLI	2026-01-15T12:35:19.8822253Z Get:1 http://security.ubuntu.com/ubuntu noble-security InRelease [126 kB]
handle-success	Install GH CLI	2026-01-15T12:35:20.9133735Z Get:2 http://archive.ubuntu.com/ubuntu noble InRelease [256 kB]
handle-success	Install GH CLI	2026-01-15T12:35:21.4251556Z Get:3 https://cli.github.com/packages stable InRelease [3917 B]
handle-success	Install GH CLI	2026-01-15T12:35:21.4393858Z Get:4 http://archive.ubuntu.com/ubuntu noble-updates InRelease [126 kB]
handle-success	Install GH CLI	2026-01-15T12:35:21.4618308Z Get:5 https://ppa.launchpadcontent.net/git-core/ppa/ubuntu noble InRelease [24.3 kB]
handle-success	Install GH CLI	2026-01-15T12:35:21.8158591Z Get:6 http://archive.ubuntu.com/ubuntu noble-backports InRelease [126 kB]
handle-success	Install GH CLI	2026-01-15T12:35:25.7897092Z Get:7 http://security.ubuntu.com/ubuntu noble-security/multiverse amd64 Packages [33.1 kB]
handle-success	Install GH CLI	2026-01-15T12:35:27.1431174Z Get:8 http://security.ubuntu.com/ubuntu noble-security/universe amd64 Packages [1189 kB]
handle-success	Install GH CLI	2026-01-15T12:35:28.5802610Z Get:9 http://security.ubuntu.com/ubuntu noble-security/restricted amd64 Packages [2919 kB]
handle-success	Install GH CLI	2026-01-15T12:35:30.2980654Z Get:10 http://security.ubuntu.com/ubuntu noble-security/main amd64 Packages [1769 kB]
handle-success	Install GH CLI	2026-01-15T12:35:31.6075915Z Get:11 http://archive.ubuntu.com/ubuntu noble/universe amd64 Packages [19.3 MB]
handle-success	Install GH CLI	2026-01-15T12:35:36.3266403Z Get:12 https://cli.github.com/packages stable/main amd64 Packages [354 B]
handle-success	Install GH CLI	2026-01-15T12:35:45.9709276Z Get:13 https://ppa.launchpadcontent.net/git-core/ppa/ubuntu noble/main amd64 Packages [2994 B]
handle-success	Install GH CLI	2026-01-15T12:35:47.1494554Z Get:14 http://archive.ubuntu.com/ubuntu noble/main amd64 Packages [1808 kB]
handle-success	Install GH CLI	2026-01-15T12:35:49.0817382Z Get:15 http://archive.ubuntu.com/ubuntu noble/multiverse amd64 Packages [331 kB]
handle-success	Install GH CLI	2026-01-15T12:35:49.2667800Z Get:16 http://archive.ubuntu.com/ubuntu noble/restricted amd64 Packages [117 kB]
handle-success	Install GH CLI	2026-01-15T12:35:49.4314524Z Get:17 http://archive.ubuntu.com/ubuntu noble-updates/multiverse amd64 Packages [35.9 kB]
handle-success	Install GH CLI	2026-01-15T12:35:50.1216524Z Get:18 http://archive.ubuntu.com/ubuntu noble-updates/universe amd64 Packages [1956 kB]
handle-success	Install GH CLI	2026-01-15T12:35:50.9583277Z Get:19 http://archive.ubuntu.com/ubuntu noble-updates/main amd64 Packages [2141 kB]
handle-success	Install GH CLI	2026-01-15T12:35:52.6386053Z Get:20 http://archive.ubuntu.com/ubuntu noble-updates/restricted amd64 Packages [3077 kB]
handle-success	Install GH CLI	2026-01-15T12:35:53.9474949Z Get:21 http://archive.ubuntu.com/ubuntu noble-backports/main amd64 Packages [49.5 kB]
handle-success	Install GH CLI	2026-01-15T12:35:54.1960670Z Get:22 http://archive.ubuntu.com/ubuntu noble-backports/universe amd64 Packages [34.6 kB]
handle-success	Install GH CLI	2026-01-15T12:36:38.4643910Z Fetched 35.4 MB in 1min 19s (449 kB/s)
handle-success	Install GH CLI	2026-01-15T12:37:14.1874518Z Reading package lists...
handle-success	Install GH CLI	2026-01-15T12:37:48.7631252Z Reading package lists...
handle-success	Install GH CLI	2026-01-15T12:37:57.5472760Z Building dependency tree...
handle-success	Install GH CLI	2026-01-15T12:37:57.5504899Z Reading state information...
handle-success	Install GH CLI	2026-01-15T12:38:07.4201158Z The following NEW packages will be installed:
handle-success	Install GH CLI	2026-01-15T12:38:07.4892656Z   gh
handle-success	Install GH CLI	2026-01-15T12:38:08.8782839Z 0 upgraded, 1 newly installed, 0 to remove and 5 not upgraded.
handle-success	Install GH CLI	2026-01-15T12:38:08.8799390Z Need to get 13.7 MB of archives.
handle-success	Install GH CLI	2026-01-15T12:38:08.8853596Z After this operation, 37.9 MB of additional disk space will be used.
handle-success	Install GH CLI	2026-01-15T12:38:08.9118249Z Get:1 https://cli.github.com/packages stable/main amd64 gh amd64 2.85.0 [13.7 MB]
handle-success	Install GH CLI	2026-01-15T12:38:16.6154229Z debconf: delaying package configuration, since apt-utils is not installed
handle-success	Install GH CLI	2026-01-15T12:38:17.7327191Z Fetched 13.7 MB in 3s (3931 kB/s)
handle-success	Install GH CLI	2026-01-15T12:38:18.5130922Z Selecting previously unselected package gh.
handle-success	Install GH CLI	2026-01-15T12:38:18.5512742Z (Reading database ... 
handle-success	Install GH CLI	2026-01-15T12:38:18.5670340Z (Reading database ... 5%
handle-success	Install GH CLI	2026-01-15T12:38:18.5813569Z (Reading database ... 10%
handle-success	Install GH CLI	2026-01-15T12:38:18.6072702Z (Reading database ... 15%
handle-success	Install GH CLI	2026-01-15T12:38:18.6252412Z (Reading database ... 20%
handle-success	Install GH CLI	2026-01-15T12:38:18.6299710Z (Reading database ... 25%
handle-success	Install GH CLI	2026-01-15T12:38:18.6468549Z (Reading database ... 30%
handle-success	Install GH CLI	2026-01-15T12:38:18.6587382Z (Reading database ... 35%
handle-success	Install GH CLI	2026-01-15T12:38:18.6638901Z (Reading database ... 40%
handle-success	Install GH CLI	2026-01-15T12:38:18.6801183Z (Reading database ... 45%
handle-success	Install GH CLI	2026-01-15T12:38:18.6887206Z (Reading database ... 50%
handle-success	Install GH CLI	2026-01-15T12:38:18.7013072Z (Reading database ... 55%
handle-success	Install GH CLI	2026-01-15T12:38:18.7244283Z (Reading database ... 60%
handle-success	Install GH CLI	2026-01-15T12:38:18.7308368Z (Reading database ... 65%
handle-success	Install GH CLI	2026-01-15T12:38:18.8831526Z (Reading database ... 70%
handle-success	Install GH CLI	2026-01-15T12:38:18.8840536Z (Reading database ... 75%
handle-success	Install GH CLI	2026-01-15T12:38:18.8841000Z (Reading database ... 80%
handle-success	Install GH CLI	2026-01-15T12:38:18.8841350Z (Reading database ... 85%
handle-success	Install GH CLI	2026-01-15T12:38:18.9304970Z (Reading database ... 90%
handle-success	Install GH CLI	2026-01-15T12:38:19.0152432Z (Reading database ... 95%
handle-success	Install GH CLI	2026-01-15T12:38:19.0570430Z (Reading database ... 100%
handle-success	Install GH CLI	2026-01-15T12:38:19.0596129Z (Reading database ... 14385 files and directories currently installed.)
handle-success	Install GH CLI	2026-01-15T12:38:19.0912842Z Preparing to unpack .../archives/gh_2.85.0_amd64.deb ...
handle-success	Install GH CLI	2026-01-15T12:38:19.1520169Z Unpacking gh (2.85.0) ...
handle-success	Install GH CLI	2026-01-15T12:38:30.8556911Z Setting up gh (2.85.0) ...
handle-success	handle-success-execution	ï»¿2026-01-15T12:38:32.8069495Z ##[group]Run # Si todo ha ido correcto aÃ±adimos el contenido del fichero 
handle-success	handle-success-execution	2026-01-15T12:38:32.8070118Z [36;1m# Si todo ha ido correcto aÃ±adimos el contenido del fichero [0m
handle-success	handle-success-execution	2026-01-15T12:38:32.8070630Z [36;1mRNNUMBER=$(echo "refs/heads/H2436-modulo-de-mongo" | grep -o '[0-9]*')[0m
handle-success	handle-success-execution	2026-01-15T12:38:32.8071432Z [36;1mgh issue comment $RNNUMBER --body "El proceso ha finalizado correctamente 21030562153. El resultado estÃ¡ en el fichero 21030562153.log"[0m
handle-success	handle-success-execution	2026-01-15T12:38:33.0105830Z shell: /usr/bin/bash -e {0}
handle-success	handle-success-execution	2026-01-15T12:38:33.0106189Z env:
handle-success	handle-success-execution	2026-01-15T12:38:33.0106400Z   KAOS_MODULE: [Ka0S] JSONLINT
handle-success	handle-success-execution	2026-01-15T12:38:33.0106924Z   GH_TOKEN: ***
handle-success	handle-success-execution	2026-01-15T12:38:33.0740443Z   KAOS_JSONLINT_CONFIG: core/config/.jsonlint.json
handle-success	handle-success-execution	2026-01-15T12:38:33.0740891Z   KAOS_PATH_RESUME: audit/jsonlint/
handle-success	handle-success-execution	2026-01-15T12:38:33.1884843Z   KAOS_REPO: /actions-runner/_work/kaos/kaos
handle-success	handle-success-execution	2026-01-15T12:38:33.1885179Z   KAOS_STEP_MODULE: 
handle-success	handle-success-execution	2026-01-15T12:38:33.1885462Z   KAOS_CODE: 21030562153
handle-success	handle-success-execution	2026-01-15T12:38:33.1885696Z   KAOS_REF_BRANCH: main
handle-success	handle-success-execution	2026-01-15T12:38:33.1885977Z ##[endgroup]
handle-success	handle-success-execution	2026-01-15T12:38:40.0358548Z https://github.com/Ka0s-Klaus/ka0s/issues/2436#issuecomment-3754538940
handle-success	Post Checkout code	ï»¿2026-01-15T12:38:42.6588185Z Post job cleanup.
handle-success	Post Checkout code	2026-01-15T12:38:48.3362846Z [command]/usr/bin/git version
handle-success	Post Checkout code	2026-01-15T12:38:48.7054006Z git version 2.52.0
handle-success	Post Checkout code	2026-01-15T12:38:48.7674868Z Temporarily overriding HOME='/home/runner/_work/_temp/ed8906d5-f691-450a-9da4-0a0f77efda50' before making global git config changes
handle-success	Post Checkout code	2026-01-15T12:38:48.7675759Z Adding repository directory to the temporary git global config as a safe directory
handle-success	Post Checkout code	2026-01-15T12:38:48.7676388Z [command]/usr/bin/git config --global --add safe.directory /home/runner/_work/ka0s/ka0s
handle-success	Post Checkout code	2026-01-15T12:38:49.2009378Z [command]/usr/bin/git config --local --name-only --get-regexp core\.sshCommand
handle-success	Post Checkout code	2026-01-15T12:38:49.7184041Z [command]/usr/bin/git submodule foreach --recursive sh -c "git config --local --name-only --get-regexp 'core\.sshCommand' && git config --local --unset-all 'core.sshCommand' || :"
handle-success	Post Checkout code	2026-01-15T12:38:51.8865836Z [command]/usr/bin/git config --local --name-only --get-regexp http\.https\:\/\/github\.com\/\.extraheader
handle-success	Post Checkout code	2026-01-15T12:38:52.0949777Z http.https://github.com/.extraheader
handle-success	Post Checkout code	2026-01-15T12:38:52.6100371Z [command]/usr/bin/git config --local --unset-all http.https://github.com/.extraheader
handle-success	Post Checkout code	2026-01-15T12:38:52.8002092Z [command]/usr/bin/git submodule foreach --recursive sh -c "git config --local --name-only --get-regexp 'http\.https\:\/\/github\.com\/\.extraheader' && git config --local --unset-all 'http.https://github.com/.extraheader' || :"
handle-success	Post Checkout code	2026-01-15T12:38:54.6333726Z [command]/usr/bin/git config --local --name-only --get-regexp ^includeIf\.gitdir:
handle-success	Post Checkout code	2026-01-15T12:38:54.9044361Z [command]/usr/bin/git submodule foreach --recursive git config --local --show-origin --name-only --get-regexp remote.origin.url
handle-success	Complete job	ï»¿2026-01-15T12:38:56.7609749Z Cleaning up orphan processes
end-workflow	Set up job	ï»¿2026-01-15T12:43:52.1330581Z Current runner version: '2.331.0'
end-workflow	Set up job	2026-01-15T12:43:52.1351459Z Runner name: 'swarm-runners-scaleset-hkss5-runner-t69h9'
end-workflow	Set up job	2026-01-15T12:43:52.1354571Z Runner group name: 'Default'
end-workflow	Set up job	2026-01-15T12:43:52.1357734Z Machine name: 'swarm-runners-scaleset-hkss5-runner-t69h9'
end-workflow	Set up job	2026-01-15T12:43:52.1370621Z ##[group]GITHUB_TOKEN Permissions
end-workflow	Set up job	2026-01-15T12:43:52.1463020Z Actions: write
end-workflow	Set up job	2026-01-15T12:43:52.1464590Z Contents: write
end-workflow	Set up job	2026-01-15T12:43:52.1465855Z Issues: write
end-workflow	Set up job	2026-01-15T12:43:52.1467282Z Metadata: read
end-workflow	Set up job	2026-01-15T12:43:52.1477771Z PullRequests: write
end-workflow	Set up job	2026-01-15T12:43:52.1479614Z ##[endgroup]
end-workflow	Set up job	2026-01-15T12:43:52.1484286Z Secret source: Actions
end-workflow	Set up job	2026-01-15T12:43:52.1486351Z Prepare workflow directory
end-workflow	Set up job	2026-01-15T12:43:52.4161006Z Prepare all required actions
end-workflow	Set up job	2026-01-15T12:43:52.4462942Z Getting action download info
end-workflow	Set up job	2026-01-15T12:43:54.1314296Z Download action repository 'actions/checkout@v4' (SHA:34e114876b0b11c390a56381ad16ebd13914f8d5)
end-workflow	Set up job	2026-01-15T12:43:55.5019686Z Complete job name: end-workflow
end-workflow	Checkout code	ï»¿2026-01-15T12:43:55.7415522Z ##[group]Run actions/checkout@v4
end-workflow	Checkout code	2026-01-15T12:43:55.7420149Z with:
end-workflow	Checkout code	2026-01-15T12:43:55.7422353Z   fetch-depth: 0
end-workflow	Checkout code	2026-01-15T12:43:55.7424898Z   repository: Ka0s-Klaus/ka0s
end-workflow	Checkout code	2026-01-15T12:43:55.7428307Z   token: ***
end-workflow	Checkout code	2026-01-15T12:43:55.7444581Z   ssh-strict: true
end-workflow	Checkout code	2026-01-15T12:43:55.7446880Z   ssh-user: git
end-workflow	Checkout code	2026-01-15T12:43:55.7449032Z   persist-credentials: true
end-workflow	Checkout code	2026-01-15T12:43:55.7469358Z   clean: true
end-workflow	Checkout code	2026-01-15T12:43:55.7471486Z   sparse-checkout-cone-mode: true
end-workflow	Checkout code	2026-01-15T12:43:55.7473959Z   fetch-tags: false
end-workflow	Checkout code	2026-01-15T12:43:55.7476194Z   show-progress: true
end-workflow	Checkout code	2026-01-15T12:43:55.7504157Z   lfs: false
end-workflow	Checkout code	2026-01-15T12:43:55.7507055Z   submodules: false
end-workflow	Checkout code	2026-01-15T12:43:55.7509648Z   set-safe-directory: true
end-workflow	Checkout code	2026-01-15T12:43:55.7513229Z env:
end-workflow	Checkout code	2026-01-15T12:43:55.7515016Z   KAOS_MODULE: [Ka0S] JSONLINT
end-workflow	Checkout code	2026-01-15T12:43:55.7518121Z   GH_TOKEN: ***
end-workflow	Checkout code	2026-01-15T12:43:55.7532647Z   KAOS_JSONLINT_CONFIG: core/config/.jsonlint.json
end-workflow	Checkout code	2026-01-15T12:43:55.7535783Z   KAOS_PATH_RESUME: audit/jsonlint/
end-workflow	Checkout code	2026-01-15T12:43:55.7538507Z   KAOS_REPO: /actions-runner/_work/kaos/kaos
end-workflow	Checkout code	2026-01-15T12:43:55.7558537Z   KAOS_STEP_MODULE: 
end-workflow	Checkout code	2026-01-15T12:43:55.7561309Z   KAOS_CODE: 21030562153
end-workflow	Checkout code	2026-01-15T12:43:55.7680619Z   KAOS_REF_BRANCH: main
end-workflow	Checkout code	2026-01-15T12:43:55.7683136Z ##[endgroup]
end-workflow	Checkout code	2026-01-15T12:43:56.1961734Z Syncing repository: Ka0s-Klaus/ka0s
end-workflow	Checkout code	2026-01-15T12:43:56.1967377Z ##[group]Getting Git version info
end-workflow	Checkout code	2026-01-15T12:43:56.1970179Z Working directory is '/home/runner/_work/ka0s/ka0s'
end-workflow	Checkout code	2026-01-15T12:43:56.1974196Z [command]/usr/bin/git version
end-workflow	Checkout code	2026-01-15T12:43:56.1976430Z git version 2.52.0
end-workflow	Checkout code	2026-01-15T12:43:56.2010642Z ##[endgroup]
end-workflow	Checkout code	2026-01-15T12:43:56.2026104Z Temporarily overriding HOME='/home/runner/_work/_temp/a54a6120-7a64-4e0b-8080-531eb2d62ed9' before making global git config changes
end-workflow	Checkout code	2026-01-15T12:43:56.2033553Z Adding repository directory to the temporary git global config as a safe directory
end-workflow	Checkout code	2026-01-15T12:43:56.2038967Z [command]/usr/bin/git config --global --add safe.directory /home/runner/_work/ka0s/ka0s
end-workflow	Checkout code	2026-01-15T12:43:56.2046248Z Deleting the contents of '/home/runner/_work/ka0s/ka0s'
end-workflow	Checkout code	2026-01-15T12:43:56.2050392Z ##[group]Initializing the repository
end-workflow	Checkout code	2026-01-15T12:43:56.2053358Z [command]/usr/bin/git init /home/runner/_work/ka0s/ka0s
end-workflow	Checkout code	2026-01-15T12:43:56.2057198Z hint: Using 'master' as the name for the initial branch. This default branch name
end-workflow	Checkout code	2026-01-15T12:43:56.2061536Z hint: will change to "main" in Git 3.0. To configure the initial branch name
end-workflow	Checkout code	2026-01-15T12:43:56.2065710Z hint: to use in all of your new repositories, which will suppress this warning,
end-workflow	Checkout code	2026-01-15T12:43:56.2069280Z hint: call:
end-workflow	Checkout code	2026-01-15T12:43:56.2070891Z hint:
end-workflow	Checkout code	2026-01-15T12:43:56.2072856Z hint: 	git config --global init.defaultBranch <name>
end-workflow	Checkout code	2026-01-15T12:43:56.2075437Z hint:
end-workflow	Checkout code	2026-01-15T12:43:56.2077883Z hint: Names commonly chosen instead of 'master' are 'main', 'trunk' and
end-workflow	Checkout code	2026-01-15T12:43:56.2082444Z hint: 'development'. The just-created branch can be renamed via this command:
end-workflow	Checkout code	2026-01-15T12:43:56.2085820Z hint:
end-workflow	Checkout code	2026-01-15T12:43:56.2087441Z hint: 	git branch -m <name>
end-workflow	Checkout code	2026-01-15T12:43:56.2090008Z hint:
end-workflow	Checkout code	2026-01-15T12:43:56.2092671Z hint: Disable this message with "git config set advice.defaultBranchName false"
end-workflow	Checkout code	2026-01-15T12:43:56.2097219Z Initialized empty Git repository in /home/runner/_work/ka0s/ka0s/.git/
end-workflow	Checkout code	2026-01-15T12:43:56.2104140Z [command]/usr/bin/git remote add origin https://github.com/Ka0s-Klaus/ka0s
end-workflow	Checkout code	2026-01-15T12:43:56.2203799Z ##[endgroup]
end-workflow	Checkout code	2026-01-15T12:43:56.2207007Z ##[group]Disabling automatic garbage collection
end-workflow	Checkout code	2026-01-15T12:43:56.2210416Z [command]/usr/bin/git config --local gc.auto 0
end-workflow	Checkout code	2026-01-15T12:43:56.2404311Z ##[endgroup]
end-workflow	Checkout code	2026-01-15T12:43:56.2407291Z ##[group]Setting up auth
end-workflow	Checkout code	2026-01-15T12:43:56.2454975Z [command]/usr/bin/git config --local --name-only --get-regexp core\.sshCommand
end-workflow	Checkout code	2026-01-15T12:43:56.2585297Z [command]/usr/bin/git submodule foreach --recursive sh -c "git config --local --name-only --get-regexp 'core\.sshCommand' && git config --local --unset-all 'core.sshCommand' || :"
end-workflow	Checkout code	2026-01-15T12:43:56.3602606Z [command]/usr/bin/git config --local --name-only --get-regexp http\.https\:\/\/github\.com\/\.extraheader
end-workflow	Checkout code	2026-01-15T12:43:56.3805130Z [command]/usr/bin/git submodule foreach --recursive sh -c "git config --local --name-only --get-regexp 'http\.https\:\/\/github\.com\/\.extraheader' && git config --local --unset-all 'http.https://github.com/.extraheader' || :"
end-workflow	Checkout code	2026-01-15T12:43:56.5402893Z [command]/usr/bin/git config --local --name-only --get-regexp ^includeIf\.gitdir:
end-workflow	Checkout code	2026-01-15T12:43:56.5571794Z [command]/usr/bin/git submodule foreach --recursive git config --local --show-origin --name-only --get-regexp remote.origin.url
end-workflow	Checkout code	2026-01-15T12:43:56.6426638Z [command]/usr/bin/git config --local http.https://github.com/.extraheader AUTHORIZATION: basic ***
end-workflow	Checkout code	2026-01-15T12:43:56.6891982Z ##[endgroup]
end-workflow	Checkout code	2026-01-15T12:43:56.6918186Z ##[group]Fetching the repository
end-workflow	Checkout code	2026-01-15T12:43:56.7077219Z [command]/usr/bin/git -c protocol.version=2 fetch --prune --no-recurse-submodules origin +refs/heads/*:refs/remotes/origin/* +refs/tags/*:refs/tags/*
end-workflow	Checkout code	2026-01-15T12:44:33.1437072Z From https://github.com/Ka0s-Klaus/ka0s
end-workflow	Checkout code	2026-01-15T12:44:33.1443724Z  * [new branch]          F1149-desarrollo-de-orchestrator -> origin/F1149-desarrollo-de-orchestrator
end-workflow	Checkout code	2026-01-15T12:44:33.1465157Z  * [new branch]          F1183-personalizaciÃ³n-mÃ³dulo-finops -> origin/F1183-personalizaciÃ³n-mÃ³dulo-finops
end-workflow	Checkout code	2026-01-15T12:44:33.1469234Z  * [new branch]          F1224-new-module-mongodb -> origin/F1224-new-module-mongodb
end-workflow	Checkout code	2026-01-15T12:44:33.1472026Z  * [new branch]          F220-web-de-resultados  -> origin/F220-web-de-resultados
end-workflow	Checkout code	2026-01-15T12:44:33.1475728Z  * [new branch]          F227-despliegue-de-kube-independiente-del-clouder -> origin/F227-despliegue-de-kube-independiente-del-clouder
end-workflow	Checkout code	2026-01-15T12:44:33.1483552Z  * [new branch]          F2438-arreglo-de-despliegue-itop -> origin/F2438-arreglo-de-despliegue-itop
end-workflow	Checkout code	2026-01-15T12:44:33.1486928Z  * [new branch]          F329-documentacion-metodologia-de-kaos -> origin/F329-documentacion-metodologia-de-kaos
end-workflow	Checkout code	2026-01-15T12:44:33.1490693Z  * [new branch]          F44-creaciÃ³n-mÃ³dulo-versionado -> origin/F44-creaciÃ³n-mÃ³dulo-versionado
end-workflow	Checkout code	2026-01-15T12:44:33.1493981Z  * [new branch]          H1128-mÃ³dulo-de-observabilidad -> origin/H1128-mÃ³dulo-de-observabilidad
end-workflow	Checkout code	2026-01-15T12:44:33.1496689Z  * [new branch]          H1139-como-instalar-arc-control -> origin/H1139-como-instalar-arc-control
end-workflow	Checkout code	2026-01-15T12:44:33.1534318Z  * [new branch]          H1149-desarrollo-de-orchestrator -> origin/H1149-desarrollo-de-orchestrator
end-workflow	Checkout code	2026-01-15T12:44:33.1537536Z  * [new branch]          H1150-desarrollo-de-secciones -> origin/H1150-desarrollo-de-secciones
end-workflow	Checkout code	2026-01-15T12:44:33.1540678Z  * [new branch]          H1151-desarrollo-de-secciones-ii -> origin/H1151-desarrollo-de-secciones-ii
end-workflow	Checkout code	2026-01-15T12:44:33.1543621Z  * [new branch]          H1152-desarrollo-inicio -> origin/H1152-desarrollo-inicio
end-workflow	Checkout code	2026-01-15T12:44:33.1546620Z  * [new branch]          H1183-personalizaciÃ³n-mÃ³dulo-finops -> origin/H1183-personalizaciÃ³n-mÃ³dulo-finops
end-workflow	Checkout code	2026-01-15T12:44:33.1549813Z  * [new branch]          H1193-ejemplo-web-documentacion -> origin/H1193-ejemplo-web-documentacion
end-workflow	Checkout code	2026-01-15T12:44:33.1552961Z  * [new branch]          H1205-web-creation      -> origin/H1205-web-creation
end-workflow	Checkout code	2026-01-15T12:44:33.1555202Z  * [new branch]          H1224-new-module-mongodb -> origin/H1224-new-module-mongodb
end-workflow	Checkout code	2026-01-15T12:44:33.1557521Z  * [new branch]          H1410-modulo-execution  -> origin/H1410-modulo-execution
end-workflow	Checkout code	2026-01-15T12:44:33.1588216Z  * [new branch]          H1514-new-swarm-deployment-stack-with-actions-runners-autoscale -> origin/H1514-new-swarm-deployment-stack-with-actions-runners-autoscale
end-workflow	Checkout code	2026-01-15T12:44:33.1594220Z  * [new branch]          H1968-modulo-personalizaciÃ³n-del-portal-de-kaos-core -> origin/H1968-modulo-personalizaciÃ³n-del-portal-de-kaos-core
end-workflow	Checkout code	2026-01-15T12:44:33.1597779Z  * [new branch]          H215-modulo-de-summary  -> origin/H215-modulo-de-summary
end-workflow	Checkout code	2026-01-15T12:44:33.1600239Z  * [new branch]          H220-web-de-resultados  -> origin/H220-web-de-resultados
end-workflow	Checkout code	2026-01-15T12:44:33.1603581Z  * [new branch]          H227-despliegue-de-kube-independiente-del-clouder -> origin/H227-despliegue-de-kube-independiente-del-clouder
end-workflow	Checkout code	2026-01-15T12:44:33.1607425Z  * [new branch]          H2436-modulo-de-mongo   -> origin/H2436-modulo-de-mongo
end-workflow	Checkout code	2026-01-15T12:44:33.1674449Z  * [new branch]          H2438-arreglo-de-despliegue-itop -> origin/H2438-arreglo-de-despliegue-itop
end-workflow	Checkout code	2026-01-15T12:44:33.1678094Z  * [new branch]          H2443-nuevo-modulo-de-pruebas-sobre-kubernetes -> origin/H2443-nuevo-modulo-de-pruebas-sobre-kubernetes
end-workflow	Checkout code	2026-01-15T12:44:33.1681661Z  * [new branch]          H2559-modulo-de-conexion-ssh -> origin/H2559-modulo-de-conexion-ssh
end-workflow	Checkout code	2026-01-15T12:44:33.1700949Z  * [new branch]          H306-ficheros-de-estadisticas -> origin/H306-ficheros-de-estadisticas
end-workflow	Checkout code	2026-01-15T12:44:33.1704497Z  * [new branch]          H328-documentacion-modulo-principal-de-kaos -> origin/H328-documentacion-modulo-principal-de-kaos
end-workflow	Checkout code	2026-01-15T12:44:33.1708156Z  * [new branch]          H329-documentacion-metodologia-de-kaos -> origin/H329-documentacion-metodologia-de-kaos
end-workflow	Checkout code	2026-01-15T12:44:33.1712133Z  * [new branch]          H338-relanzador-de-jobs-en-caso-de-pattern -> origin/H338-relanzador-de-jobs-en-caso-de-pattern
end-workflow	Checkout code	2026-01-15T12:44:33.1715668Z  * [new branch]          H38-documentacion-basica-del-proyecto -> origin/H38-documentacion-basica-del-proyecto
end-workflow	Checkout code	2026-01-15T12:44:33.1719406Z  * [new branch]          H44-creaciÃ³n-mÃ³dulo-versionado -> origin/H44-creaciÃ³n-mÃ³dulo-versionado
end-workflow	Checkout code	2026-01-15T12:44:33.1722277Z  * [new branch]          RN1149-desarrollo-de-orchestrator -> origin/RN1149-desarrollo-de-orchestrator
end-workflow	Checkout code	2026-01-15T12:44:33.1725867Z  * [new branch]          RN1183-personalizaciÃ³n-mÃ³dulo-finops -> origin/RN1183-personalizaciÃ³n-mÃ³dulo-finops
end-workflow	Checkout code	2026-01-15T12:44:33.1730223Z  * [new branch]          RN1282-ka0s-error-detected-in-ka0s-workflow-statistics-summary -> origin/RN1282-ka0s-error-detected-in-ka0s-workflow-statistics-summary
end-workflow	Checkout code	2026-01-15T12:44:33.1733629Z  * [new branch]          RN220-web-de-resultados -> origin/RN220-web-de-resultados
end-workflow	Checkout code	2026-01-15T12:44:33.1736142Z  * [new branch]          RN227-despliegue-de-kube-independiente-del-clouder -> origin/RN227-despliegue-de-kube-independiente-del-clouder
end-workflow	Checkout code	2026-01-15T12:44:33.1769489Z  * [new branch]          RN2438-arreglo-de-despliegue-itop -> origin/RN2438-arreglo-de-despliegue-itop
end-workflow	Checkout code	2026-01-15T12:44:33.1772324Z  * [new branch]          RN329-documentacion-metodologia-de-kaos -> origin/RN329-documentacion-metodologia-de-kaos
end-workflow	Checkout code	2026-01-15T12:44:33.1774773Z  * [new branch]          main                    -> origin/main
end-workflow	Checkout code	2026-01-15T12:44:33.1776115Z  * [new tag]             0.0.0                   -> 0.0.0
end-workflow	Checkout code	2026-01-15T12:44:33.1777259Z  * [new tag]             0.0.1                   -> 0.0.1
end-workflow	Checkout code	2026-01-15T12:44:33.1778306Z  * [new tag]             0.0.10                  -> 0.0.10
end-workflow	Checkout code	2026-01-15T12:44:33.1779700Z  * [new tag]             0.0.100                 -> 0.0.100
end-workflow	Checkout code	2026-01-15T12:44:33.1780660Z  * [new tag]             0.0.101                 -> 0.0.101
end-workflow	Checkout code	2026-01-15T12:44:33.1781961Z  * [new tag]             0.0.102                 -> 0.0.102
end-workflow	Checkout code	2026-01-15T12:44:33.1783915Z  * [new tag]             0.0.103                 -> 0.0.103
end-workflow	Checkout code	2026-01-15T12:44:33.1784892Z  * [new tag]             0.0.104                 -> 0.0.104
end-workflow	Checkout code	2026-01-15T12:44:33.1785933Z  * [new tag]             0.0.105                 -> 0.0.105
end-workflow	Checkout code	2026-01-15T12:44:33.1808313Z  * [new tag]             0.0.106                 -> 0.0.106
end-workflow	Checkout code	2026-01-15T12:44:33.1809649Z  * [new tag]             0.0.107                 -> 0.0.107
end-workflow	Checkout code	2026-01-15T12:44:33.1810620Z  * [new tag]             0.0.108                 -> 0.0.108
end-workflow	Checkout code	2026-01-15T12:44:33.1811614Z  * [new tag]             0.0.109                 -> 0.0.109
end-workflow	Checkout code	2026-01-15T12:44:33.1812712Z  * [new tag]             0.0.11                  -> 0.0.11
end-workflow	Checkout code	2026-01-15T12:44:33.1813798Z  * [new tag]             0.0.110                 -> 0.0.110
end-workflow	Checkout code	2026-01-15T12:44:33.1814951Z  * [new tag]             0.0.111                 -> 0.0.111
end-workflow	Checkout code	2026-01-15T12:44:33.1816010Z  * [new tag]             0.0.112                 -> 0.0.112
end-workflow	Checkout code	2026-01-15T12:44:33.1817788Z  * [new tag]             0.0.113                 -> 0.0.113
end-workflow	Checkout code	2026-01-15T12:44:33.1819207Z  * [new tag]             0.0.114                 -> 0.0.114
end-workflow	Checkout code	2026-01-15T12:44:33.1820370Z  * [new tag]             0.0.115                 -> 0.0.115
end-workflow	Checkout code	2026-01-15T12:44:33.1821715Z  * [new tag]             0.0.116                 -> 0.0.116
end-workflow	Checkout code	2026-01-15T12:44:33.1823050Z  * [new tag]             0.0.117                 -> 0.0.117
end-workflow	Checkout code	2026-01-15T12:44:33.1824146Z  * [new tag]             0.0.118                 -> 0.0.118
end-workflow	Checkout code	2026-01-15T12:44:33.1825258Z  * [new tag]             0.0.119                 -> 0.0.119
end-workflow	Checkout code	2026-01-15T12:44:33.1826753Z  * [new tag]             0.0.12                  -> 0.0.12
end-workflow	Checkout code	2026-01-15T12:44:33.1827883Z  * [new tag]             0.0.120                 -> 0.0.120
end-workflow	Checkout code	2026-01-15T12:44:33.1829379Z  * [new tag]             0.0.121                 -> 0.0.121
end-workflow	Checkout code	2026-01-15T12:44:33.1830609Z  * [new tag]             0.0.122                 -> 0.0.122
end-workflow	Checkout code	2026-01-15T12:44:33.1831829Z  * [new tag]             0.0.123                 -> 0.0.123
end-workflow	Checkout code	2026-01-15T12:44:33.1832868Z  * [new tag]             0.0.124                 -> 0.0.124
end-workflow	Checkout code	2026-01-15T12:44:33.1834152Z  * [new tag]             0.0.125                 -> 0.0.125
end-workflow	Checkout code	2026-01-15T12:44:33.1835335Z  * [new tag]             0.0.126                 -> 0.0.126
end-workflow	Checkout code	2026-01-15T12:44:33.1836442Z  * [new tag]             0.0.127                 -> 0.0.127
end-workflow	Checkout code	2026-01-15T12:44:33.1837617Z  * [new tag]             0.0.128                 -> 0.0.128
end-workflow	Checkout code	2026-01-15T12:44:33.1839008Z  * [new tag]             0.0.129                 -> 0.0.129
end-workflow	Checkout code	2026-01-15T12:44:33.1840007Z  * [new tag]             0.0.13                  -> 0.0.13
end-workflow	Checkout code	2026-01-15T12:44:33.1840970Z  * [new tag]             0.0.130                 -> 0.0.130
end-workflow	Checkout code	2026-01-15T12:44:33.1842241Z  * [new tag]             0.0.131                 -> 0.0.131
end-workflow	Checkout code	2026-01-15T12:44:33.1843561Z  * [new tag]             0.0.132                 -> 0.0.132
end-workflow	Checkout code	2026-01-15T12:44:33.1844616Z  * [new tag]             0.0.133                 -> 0.0.133
end-workflow	Checkout code	2026-01-15T12:44:33.1845753Z  * [new tag]             0.0.134                 -> 0.0.134
end-workflow	Checkout code	2026-01-15T12:44:33.1846849Z  * [new tag]             0.0.135                 -> 0.0.135
end-workflow	Checkout code	2026-01-15T12:44:33.1847922Z  * [new tag]             0.0.136                 -> 0.0.136
end-workflow	Checkout code	2026-01-15T12:44:33.1849144Z  * [new tag]             0.0.137                 -> 0.0.137
end-workflow	Checkout code	2026-01-15T12:44:33.1850212Z  * [new tag]             0.0.138                 -> 0.0.138
end-workflow	Checkout code	2026-01-15T12:44:33.1851290Z  * [new tag]             0.0.139                 -> 0.0.139
end-workflow	Checkout code	2026-01-15T12:44:33.1852397Z  * [new tag]             0.0.14                  -> 0.0.14
end-workflow	Checkout code	2026-01-15T12:44:33.1853473Z  * [new tag]             0.0.140                 -> 0.0.140
end-workflow	Checkout code	2026-01-15T12:44:33.1854566Z  * [new tag]             0.0.141                 -> 0.0.141
end-workflow	Checkout code	2026-01-15T12:44:33.1855737Z  * [new tag]             0.0.142                 -> 0.0.142
end-workflow	Checkout code	2026-01-15T12:44:33.1856827Z  * [new tag]             0.0.143                 -> 0.0.143
end-workflow	Checkout code	2026-01-15T12:44:33.1858072Z  * [new tag]             0.0.144                 -> 0.0.144
end-workflow	Checkout code	2026-01-15T12:44:33.1859856Z  * [new tag]             0.0.145                 -> 0.0.145
end-workflow	Checkout code	2026-01-15T12:44:33.1860991Z  * [new tag]             0.0.146                 -> 0.0.146
end-workflow	Checkout code	2026-01-15T12:44:33.1862133Z  * [new tag]             0.0.147                 -> 0.0.147
end-workflow	Checkout code	2026-01-15T12:44:33.1863205Z  * [new tag]             0.0.148                 -> 0.0.148
end-workflow	Checkout code	2026-01-15T12:44:33.1864300Z  * [new tag]             0.0.149                 -> 0.0.149
end-workflow	Checkout code	2026-01-15T12:44:33.1865416Z  * [new tag]             0.0.15                  -> 0.0.15
end-workflow	Checkout code	2026-01-15T12:44:33.1866499Z  * [new tag]             0.0.150                 -> 0.0.150
end-workflow	Checkout code	2026-01-15T12:44:33.1867580Z  * [new tag]             0.0.151                 -> 0.0.151
end-workflow	Checkout code	2026-01-15T12:44:33.1868934Z  * [new tag]             0.0.152                 -> 0.0.152
end-workflow	Checkout code	2026-01-15T12:44:33.1870079Z  * [new tag]             0.0.153                 -> 0.0.153
end-workflow	Checkout code	2026-01-15T12:44:33.1871094Z  * [new tag]             0.0.154                 -> 0.0.154
end-workflow	Checkout code	2026-01-15T12:44:33.1872611Z  * [new tag]             0.0.155                 -> 0.0.155
end-workflow	Checkout code	2026-01-15T12:44:33.1873990Z  * [new tag]             0.0.156                 -> 0.0.156
end-workflow	Checkout code	2026-01-15T12:44:33.1875068Z  * [new tag]             0.0.157                 -> 0.0.157
end-workflow	Checkout code	2026-01-15T12:44:33.1875988Z  * [new tag]             0.0.158                 -> 0.0.158
end-workflow	Checkout code	2026-01-15T12:44:33.1877305Z  * [new tag]             0.0.159                 -> 0.0.159
end-workflow	Checkout code	2026-01-15T12:44:33.1878531Z  * [new tag]             0.0.16                  -> 0.0.16
end-workflow	Checkout code	2026-01-15T12:44:33.1880282Z  * [new tag]             0.0.160                 -> 0.0.160
end-workflow	Checkout code	2026-01-15T12:44:33.1881623Z  * [new tag]             0.0.161                 -> 0.0.161
end-workflow	Checkout code	2026-01-15T12:44:33.1882792Z  * [new tag]             0.0.162                 -> 0.0.162
end-workflow	Checkout code	2026-01-15T12:44:33.1883917Z  * [new tag]             0.0.163                 -> 0.0.163
end-workflow	Checkout code	2026-01-15T12:44:33.1887320Z  * [new tag]             0.0.164                 -> 0.0.164
end-workflow	Checkout code	2026-01-15T12:44:33.1888594Z  * [new tag]             0.0.165                 -> 0.0.165
end-workflow	Checkout code	2026-01-15T12:44:33.1890347Z  * [new tag]             0.0.166                 -> 0.0.166
end-workflow	Checkout code	2026-01-15T12:44:33.1891407Z  * [new tag]             0.0.167                 -> 0.0.167
end-workflow	Checkout code	2026-01-15T12:44:33.1892471Z  * [new tag]             0.0.168                 -> 0.0.168
end-workflow	Checkout code	2026-01-15T12:44:33.1893867Z  * [new tag]             0.0.169                 -> 0.0.169
end-workflow	Checkout code	2026-01-15T12:44:33.1894886Z  * [new tag]             0.0.17                  -> 0.0.17
end-workflow	Checkout code	2026-01-15T12:44:33.1896621Z  * [new tag]             0.0.170                 -> 0.0.170
end-workflow	Checkout code	2026-01-15T12:44:33.1898216Z  * [new tag]             0.0.171                 -> 0.0.171
end-workflow	Checkout code	2026-01-15T12:44:33.1899903Z  * [new tag]             0.0.172                 -> 0.0.172
end-workflow	Checkout code	2026-01-15T12:44:33.1901559Z  * [new tag]             0.0.173                 -> 0.0.173
end-workflow	Checkout code	2026-01-15T12:44:33.1903158Z  * [new tag]             0.0.174                 -> 0.0.174
end-workflow	Checkout code	2026-01-15T12:44:33.1904772Z  * [new tag]             0.0.175                 -> 0.0.175
end-workflow	Checkout code	2026-01-15T12:44:33.1906468Z  * [new tag]             0.0.176                 -> 0.0.176
end-workflow	Checkout code	2026-01-15T12:44:33.1908082Z  * [new tag]             0.0.177                 -> 0.0.177
end-workflow	Checkout code	2026-01-15T12:44:33.1909898Z  * [new tag]             0.0.178                 -> 0.0.178
end-workflow	Checkout code	2026-01-15T12:44:33.1911464Z  * [new tag]             0.0.179                 -> 0.0.179
end-workflow	Checkout code	2026-01-15T12:44:33.1913198Z  * [new tag]             0.0.18                  -> 0.0.18
end-workflow	Checkout code	2026-01-15T12:44:33.1914856Z  * [new tag]             0.0.19                  -> 0.0.19
end-workflow	Checkout code	2026-01-15T12:44:33.1916650Z  * [new tag]             0.0.2                   -> 0.0.2
end-workflow	Checkout code	2026-01-15T12:44:33.1918321Z  * [new tag]             0.0.20                  -> 0.0.20
end-workflow	Checkout code	2026-01-15T12:44:33.1920165Z  * [new tag]             0.0.21                  -> 0.0.21
end-workflow	Checkout code	2026-01-15T12:44:33.1921926Z  * [new tag]             0.0.22                  -> 0.0.22
end-workflow	Checkout code	2026-01-15T12:44:33.1941599Z  * [new tag]             0.0.23                  -> 0.0.23
end-workflow	Checkout code	2026-01-15T12:44:33.1943589Z  * [new tag]             0.0.24                  -> 0.0.24
end-workflow	Checkout code	2026-01-15T12:44:33.1945691Z  * [new tag]             0.0.25                  -> 0.0.25
end-workflow	Checkout code	2026-01-15T12:44:33.1947361Z  * [new tag]             0.0.26                  -> 0.0.26
end-workflow	Checkout code	2026-01-15T12:44:33.1949652Z  * [new tag]             0.0.27                  -> 0.0.27
end-workflow	Checkout code	2026-01-15T12:44:33.1951351Z  * [new tag]             0.0.28                  -> 0.0.28
end-workflow	Checkout code	2026-01-15T12:44:33.1952961Z  * [new tag]             0.0.29                  -> 0.0.29
end-workflow	Checkout code	2026-01-15T12:44:33.1954618Z  * [new tag]             0.0.3                   -> 0.0.3
end-workflow	Checkout code	2026-01-15T12:44:33.1956251Z  * [new tag]             0.0.30                  -> 0.0.30
end-workflow	Checkout code	2026-01-15T12:44:33.1969829Z  * [new tag]             0.0.31                  -> 0.0.31
end-workflow	Checkout code	2026-01-15T12:44:33.1971655Z  * [new tag]             0.0.32                  -> 0.0.32
end-workflow	Checkout code	2026-01-15T12:44:33.1973288Z  * [new tag]             0.0.33                  -> 0.0.33
end-workflow	Checkout code	2026-01-15T12:44:33.1974997Z  * [new tag]             0.0.34                  -> 0.0.34
end-workflow	Checkout code	2026-01-15T12:44:33.1976776Z  * [new tag]             0.0.35                  -> 0.0.35
end-workflow	Checkout code	2026-01-15T12:44:33.1979395Z  * [new tag]             0.0.36                  -> 0.0.36
end-workflow	Checkout code	2026-01-15T12:44:33.1981756Z  * [new tag]             0.0.37                  -> 0.0.37
end-workflow	Checkout code	2026-01-15T12:44:33.1983547Z  * [new tag]             0.0.38                  -> 0.0.38
end-workflow	Checkout code	2026-01-15T12:44:33.1985110Z  * [new tag]             0.0.39                  -> 0.0.39
end-workflow	Checkout code	2026-01-15T12:44:33.1986887Z  * [new tag]             0.0.4                   -> 0.0.4
end-workflow	Checkout code	2026-01-15T12:44:33.1988588Z  * [new tag]             0.0.40                  -> 0.0.40
end-workflow	Checkout code	2026-01-15T12:44:33.1990338Z  * [new tag]             0.0.41                  -> 0.0.41
end-workflow	Checkout code	2026-01-15T12:44:33.1992018Z  * [new tag]             0.0.42                  -> 0.0.42
end-workflow	Checkout code	2026-01-15T12:44:33.1993764Z  * [new tag]             0.0.43                  -> 0.0.43
end-workflow	Checkout code	2026-01-15T12:44:33.1995065Z  * [new tag]             0.0.44                  -> 0.0.44
end-workflow	Checkout code	2026-01-15T12:44:33.1996407Z  * [new tag]             0.0.45                  -> 0.0.45
end-workflow	Checkout code	2026-01-15T12:44:33.1998204Z  * [new tag]             0.0.46                  -> 0.0.46
end-workflow	Checkout code	2026-01-15T12:44:33.1999930Z  * [new tag]             0.0.47                  -> 0.0.47
end-workflow	Checkout code	2026-01-15T12:44:33.2001728Z  * [new tag]             0.0.48                  -> 0.0.48
end-workflow	Checkout code	2026-01-15T12:44:33.2003502Z  * [new tag]             0.0.49                  -> 0.0.49
end-workflow	Checkout code	2026-01-15T12:44:33.2005117Z  * [new tag]             0.0.5                   -> 0.0.5
end-workflow	Checkout code	2026-01-15T12:44:33.2006862Z  * [new tag]             0.0.50                  -> 0.0.50
end-workflow	Checkout code	2026-01-15T12:44:33.2008581Z  * [new tag]             0.0.51                  -> 0.0.51
end-workflow	Checkout code	2026-01-15T12:44:33.2010473Z  * [new tag]             0.0.52                  -> 0.0.52
end-workflow	Checkout code	2026-01-15T12:44:33.2012201Z  * [new tag]             0.0.53                  -> 0.0.53
end-workflow	Checkout code	2026-01-15T12:44:33.2013854Z  * [new tag]             0.0.54                  -> 0.0.54
end-workflow	Checkout code	2026-01-15T12:44:33.2015559Z  * [new tag]             0.0.55                  -> 0.0.55
end-workflow	Checkout code	2026-01-15T12:44:33.2017343Z  * [new tag]             0.0.56                  -> 0.0.56
end-workflow	Checkout code	2026-01-15T12:44:33.2019219Z  * [new tag]             0.0.57                  -> 0.0.57
end-workflow	Checkout code	2026-01-15T12:44:33.2020871Z  * [new tag]             0.0.58                  -> 0.0.58
end-workflow	Checkout code	2026-01-15T12:44:33.2022786Z  * [new tag]             0.0.59                  -> 0.0.59
end-workflow	Checkout code	2026-01-15T12:44:33.2024738Z  * [new tag]             0.0.6                   -> 0.0.6
end-workflow	Checkout code	2026-01-15T12:44:33.2026548Z  * [new tag]             0.0.60                  -> 0.0.60
end-workflow	Checkout code	2026-01-15T12:44:33.2028254Z  * [new tag]             0.0.61                  -> 0.0.61
end-workflow	Checkout code	2026-01-15T12:44:33.2030057Z  * [new tag]             0.0.62                  -> 0.0.62
end-workflow	Checkout code	2026-01-15T12:44:33.2031854Z  * [new tag]             0.0.63                  -> 0.0.63
end-workflow	Checkout code	2026-01-15T12:44:33.2033506Z  * [new tag]             0.0.64                  -> 0.0.64
end-workflow	Checkout code	2026-01-15T12:44:33.2035260Z  * [new tag]             0.0.65                  -> 0.0.65
end-workflow	Checkout code	2026-01-15T12:44:33.2037064Z  * [new tag]             0.0.66                  -> 0.0.66
end-workflow	Checkout code	2026-01-15T12:44:33.2039418Z  * [new tag]             0.0.67                  -> 0.0.67
end-workflow	Checkout code	2026-01-15T12:44:33.2041361Z  * [new tag]             0.0.68                  -> 0.0.68
end-workflow	Checkout code	2026-01-15T12:44:33.2043363Z  * [new tag]             0.0.69                  -> 0.0.69
end-workflow	Checkout code	2026-01-15T12:44:33.2045429Z  * [new tag]             0.0.7                   -> 0.0.7
end-workflow	Checkout code	2026-01-15T12:44:33.2047622Z  * [new tag]             0.0.70                  -> 0.0.70
end-workflow	Checkout code	2026-01-15T12:44:33.2049877Z  * [new tag]             0.0.71                  -> 0.0.71
end-workflow	Checkout code	2026-01-15T12:44:33.2052749Z  * [new tag]             0.0.72                  -> 0.0.72
end-workflow	Checkout code	2026-01-15T12:44:33.2054400Z  * [new tag]             0.0.73                  -> 0.0.73
end-workflow	Checkout code	2026-01-15T12:44:33.2056129Z  * [new tag]             0.0.74                  -> 0.0.74
end-workflow	Checkout code	2026-01-15T12:44:33.2057836Z  * [new tag]             0.0.75                  -> 0.0.75
end-workflow	Checkout code	2026-01-15T12:44:33.2059722Z  * [new tag]             0.0.76                  -> 0.0.76
end-workflow	Checkout code	2026-01-15T12:44:33.2061425Z  * [new tag]             0.0.77                  -> 0.0.77
end-workflow	Checkout code	2026-01-15T12:44:33.2063506Z  * [new tag]             0.0.78                  -> 0.0.78
end-workflow	Checkout code	2026-01-15T12:44:33.2065175Z  * [new tag]             0.0.79                  -> 0.0.79
end-workflow	Checkout code	2026-01-15T12:44:33.2066954Z  * [new tag]             0.0.8                   -> 0.0.8
end-workflow	Checkout code	2026-01-15T12:44:33.2068875Z  * [new tag]             0.0.80                  -> 0.0.80
end-workflow	Checkout code	2026-01-15T12:44:33.2070565Z  * [new tag]             0.0.81                  -> 0.0.81
end-workflow	Checkout code	2026-01-15T12:44:33.2072207Z  * [new tag]             0.0.82                  -> 0.0.82
end-workflow	Checkout code	2026-01-15T12:44:33.2073917Z  * [new tag]             0.0.83                  -> 0.0.83
end-workflow	Checkout code	2026-01-15T12:44:33.2075599Z  * [new tag]             0.0.84                  -> 0.0.84
end-workflow	Checkout code	2026-01-15T12:44:33.2077372Z  * [new tag]             0.0.85                  -> 0.0.85
end-workflow	Checkout code	2026-01-15T12:44:33.2079196Z  * [new tag]             0.0.86                  -> 0.0.86
end-workflow	Checkout code	2026-01-15T12:44:33.2080920Z  * [new tag]             0.0.87                  -> 0.0.87
end-workflow	Checkout code	2026-01-15T12:44:33.2082605Z  * [new tag]             0.0.88                  -> 0.0.88
end-workflow	Checkout code	2026-01-15T12:44:33.2084314Z  * [new tag]             0.0.89                  -> 0.0.89
end-workflow	Checkout code	2026-01-15T12:44:33.2086229Z  * [new tag]             0.0.9                   -> 0.0.9
end-workflow	Checkout code	2026-01-15T12:44:33.2087891Z  * [new tag]             0.0.90                  -> 0.0.90
end-workflow	Checkout code	2026-01-15T12:44:33.2090221Z  * [new tag]             0.0.91                  -> 0.0.91
end-workflow	Checkout code	2026-01-15T12:44:33.2091969Z  * [new tag]             0.0.92                  -> 0.0.92
end-workflow	Checkout code	2026-01-15T12:44:33.2093843Z  * [new tag]             0.0.93                  -> 0.0.93
end-workflow	Checkout code	2026-01-15T12:44:33.2095634Z  * [new tag]             0.0.94                  -> 0.0.94
end-workflow	Checkout code	2026-01-15T12:44:33.2097372Z  * [new tag]             0.0.95                  -> 0.0.95
end-workflow	Checkout code	2026-01-15T12:44:33.2099266Z  * [new tag]             0.0.96                  -> 0.0.96
end-workflow	Checkout code	2026-01-15T12:44:33.2111858Z  * [new tag]             0.0.97                  -> 0.0.97
end-workflow	Checkout code	2026-01-15T12:44:33.2113830Z  * [new tag]             0.0.98                  -> 0.0.98
end-workflow	Checkout code	2026-01-15T12:44:33.2115690Z  * [new tag]             0.0.99                  -> 0.0.99
end-workflow	Checkout code	2026-01-15T12:44:33.2117565Z  * [new tag]             0.1.0                   -> 0.1.0
end-workflow	Checkout code	2026-01-15T12:44:33.2119502Z  * [new tag]             0.1.1                   -> 0.1.1
end-workflow	Checkout code	2026-01-15T12:44:33.2121173Z  * [new tag]             0.2.0                   -> 0.2.0
end-workflow	Checkout code	2026-01-15T12:44:33.2123262Z  * [new tag]             0.3.0                   -> 0.3.0
end-workflow	Checkout code	2026-01-15T12:44:33.2125002Z  * [new tag]             0.3.1                   -> 0.3.1
end-workflow	Checkout code	2026-01-15T12:44:33.2126767Z  * [new tag]             0.3.10                  -> 0.3.10
end-workflow	Checkout code	2026-01-15T12:44:33.2128720Z  * [new tag]             0.3.11                  -> 0.3.11
end-workflow	Checkout code	2026-01-15T12:44:33.2130460Z  * [new tag]             0.3.12                  -> 0.3.12
end-workflow	Checkout code	2026-01-15T12:44:33.2132206Z  * [new tag]             0.3.13                  -> 0.3.13
end-workflow	Checkout code	2026-01-15T12:44:33.2134068Z  * [new tag]             0.3.14                  -> 0.3.14
end-workflow	Checkout code	2026-01-15T12:44:33.2135798Z  * [new tag]             0.3.15                  -> 0.3.15
end-workflow	Checkout code	2026-01-15T12:44:33.2138238Z  * [new tag]             0.3.16                  -> 0.3.16
end-workflow	Checkout code	2026-01-15T12:44:33.2140148Z  * [new tag]             0.3.17                  -> 0.3.17
end-workflow	Checkout code	2026-01-15T12:44:33.2142040Z  * [new tag]             0.3.2                   -> 0.3.2
end-workflow	Checkout code	2026-01-15T12:44:33.2143765Z  * [new tag]             0.3.3                   -> 0.3.3
end-workflow	Checkout code	2026-01-15T12:44:33.2145613Z  * [new tag]             0.3.4                   -> 0.3.4
end-workflow	Checkout code	2026-01-15T12:44:33.2147324Z  * [new tag]             0.3.5                   -> 0.3.5
end-workflow	Checkout code	2026-01-15T12:44:33.2149273Z  * [new tag]             0.3.6                   -> 0.3.6
end-workflow	Checkout code	2026-01-15T12:44:33.2150974Z  * [new tag]             0.3.7                   -> 0.3.7
end-workflow	Checkout code	2026-01-15T12:44:33.2152728Z  * [new tag]             0.3.8                   -> 0.3.8
end-workflow	Checkout code	2026-01-15T12:44:33.2154558Z  * [new tag]             0.3.9                   -> 0.3.9
end-workflow	Checkout code	2026-01-15T12:44:33.2156341Z  * [new tag]             0.4.0                   -> 0.4.0
end-workflow	Checkout code	2026-01-15T12:44:33.2158248Z  * [new tag]             0.4.1                   -> 0.4.1
end-workflow	Checkout code	2026-01-15T12:44:33.2160781Z  * [new tag]             0.4.10                  -> 0.4.10
end-workflow	Checkout code	2026-01-15T12:44:33.2162624Z  * [new tag]             0.4.2                   -> 0.4.2
end-workflow	Checkout code	2026-01-15T12:44:33.2164413Z  * [new tag]             0.4.3                   -> 0.4.3
end-workflow	Checkout code	2026-01-15T12:44:33.2166299Z  * [new tag]             0.4.4                   -> 0.4.4
end-workflow	Checkout code	2026-01-15T12:44:33.2168068Z  * [new tag]             0.4.5                   -> 0.4.5
end-workflow	Checkout code	2026-01-15T12:44:33.2169977Z  * [new tag]             0.4.6                   -> 0.4.6
end-workflow	Checkout code	2026-01-15T12:44:33.2171854Z  * [new tag]             0.4.7                   -> 0.4.7
end-workflow	Checkout code	2026-01-15T12:44:33.2173559Z  * [new tag]             0.4.8                   -> 0.4.8
end-workflow	Checkout code	2026-01-15T12:44:33.2175365Z  * [new tag]             0.4.9                   -> 0.4.9
end-workflow	Checkout code	2026-01-15T12:44:33.2499424Z [command]/usr/bin/git branch --list --remote origin/H2436-modulo-de-mongo
end-workflow	Checkout code	2026-01-15T12:44:33.2645572Z   origin/H2436-modulo-de-mongo
end-workflow	Checkout code	2026-01-15T12:44:33.2679219Z [command]/usr/bin/git rev-parse refs/remotes/origin/H2436-modulo-de-mongo
end-workflow	Checkout code	2026-01-15T12:44:33.2730864Z 34616ecac585c3d658ce699cde4d21a1df460b9d
end-workflow	Checkout code	2026-01-15T12:44:33.2751987Z [command]/usr/bin/git -c protocol.version=2 fetch --no-tags --prune --no-recurse-submodules origin +16e2a3738b6b0d3eb1bb24ed64efd17681816d79:refs/remotes/origin/H2436-modulo-de-mongo
end-workflow	Checkout code	2026-01-15T12:44:33.3105817Z From https://github.com/Ka0s-Klaus/ka0s
end-workflow	Checkout code	2026-01-15T12:44:33.3108213Z  + 34616ecac...16e2a3738 16e2a3738b6b0d3eb1bb24ed64efd17681816d79 -> origin/H2436-modulo-de-mongo  (forced update)
end-workflow	Checkout code	2026-01-15T12:44:33.3140601Z ##[endgroup]
end-workflow	Checkout code	2026-01-15T12:44:33.3142066Z ##[group]Determining the checkout info
end-workflow	Checkout code	2026-01-15T12:44:33.3143646Z ##[endgroup]
end-workflow	Checkout code	2026-01-15T12:44:33.3154912Z [command]/usr/bin/git sparse-checkout disable
end-workflow	Checkout code	2026-01-15T12:44:33.3241601Z [command]/usr/bin/git config --local --unset-all extensions.worktreeConfig
end-workflow	Checkout code	2026-01-15T12:44:33.3328729Z ##[group]Checking out the ref
end-workflow	Checkout code	2026-01-15T12:44:33.3330339Z [command]/usr/bin/git checkout --progress --force -B H2436-modulo-de-mongo refs/remotes/origin/H2436-modulo-de-mongo
end-workflow	Checkout code	2026-01-15T12:44:34.3831378Z Updating files:  78% (1181/1498)
end-workflow	Checkout code	2026-01-15T12:44:34.3844484Z Updating files:  79% (1184/1498)
end-workflow	Checkout code	2026-01-15T12:44:34.3874253Z Updating files:  80% (1199/1498)
end-workflow	Checkout code	2026-01-15T12:44:34.3877700Z Updating files:  81% (1214/1498)
end-workflow	Checkout code	2026-01-15T12:44:34.3879297Z Updating files:  82% (1229/1498)
end-workflow	Checkout code	2026-01-15T12:44:34.3930740Z Updating files:  83% (1244/1498)
end-workflow	Checkout code	2026-01-15T12:44:34.3934569Z Updating files:  84% (1259/1498)
end-workflow	Checkout code	2026-01-15T12:44:34.3945709Z Updating files:  85% (1274/1498)
end-workflow	Checkout code	2026-01-15T12:44:34.4994456Z Updating files:  86% (1289/1498)
end-workflow	Checkout code	2026-01-15T12:44:34.5756230Z Updating files:  87% (1304/1498)
end-workflow	Checkout code	2026-01-15T12:44:34.6407445Z Updating files:  88% (1319/1498)
end-workflow	Checkout code	2026-01-15T12:44:34.7480087Z Updating files:  89% (1334/1498)
end-workflow	Checkout code	2026-01-15T12:44:34.9212112Z Updating files:  90% (1349/1498)
end-workflow	Checkout code	2026-01-15T12:44:35.0512914Z Updating files:  91% (1364/1498)
end-workflow	Checkout code	2026-01-15T12:44:35.2265153Z Updating files:  92% (1379/1498)
end-workflow	Checkout code	2026-01-15T12:44:35.2944126Z Updating files:  93% (1394/1498)
end-workflow	Checkout code	2026-01-15T12:44:35.3050069Z Updating files:  94% (1409/1498)
end-workflow	Checkout code	2026-01-15T12:44:35.3050927Z Updating files:  95% (1424/1498)
end-workflow	Checkout code	2026-01-15T12:44:35.3088041Z Updating files:  96% (1439/1498)
end-workflow	Checkout code	2026-01-15T12:44:35.3297747Z Updating files:  97% (1454/1498)
end-workflow	Checkout code	2026-01-15T12:44:35.3316627Z Updating files:  98% (1469/1498)
end-workflow	Checkout code	2026-01-15T12:44:35.3333582Z Updating files:  99% (1484/1498)
end-workflow	Checkout code	2026-01-15T12:44:35.3341480Z Updating files: 100% (1498/1498)
end-workflow	Checkout code	2026-01-15T12:44:35.3342201Z Updating files: 100% (1498/1498), done.
end-workflow	Checkout code	2026-01-15T12:44:35.3392864Z Switched to a new branch 'H2436-modulo-de-mongo'
end-workflow	Checkout code	2026-01-15T12:44:35.3400958Z branch 'H2436-modulo-de-mongo' set up to track 'origin/H2436-modulo-de-mongo'.
end-workflow	Checkout code	2026-01-15T12:44:35.3648177Z ##[endgroup]
end-workflow	Checkout code	2026-01-15T12:44:35.3749701Z [command]/usr/bin/git log -1 --format=%H
end-workflow	Checkout code	2026-01-15T12:44:35.3854045Z 16e2a3738b6b0d3eb1bb24ed64efd17681816d79
end-workflow	Install GH CLI	ï»¿2026-01-15T12:44:35.4779090Z Prepare all required actions
end-workflow	Install GH CLI	2026-01-15T12:44:35.4951391Z ##[group]Run ./.github/actions/install-gh-cli
end-workflow	Install GH CLI	2026-01-15T12:44:35.4952392Z env:
end-workflow	Install GH CLI	2026-01-15T12:44:35.4952983Z   KAOS_MODULE: [Ka0S] JSONLINT
end-workflow	Install GH CLI	2026-01-15T12:44:35.4954241Z   GH_TOKEN: ***
end-workflow	Install GH CLI	2026-01-15T12:44:35.4954576Z   KAOS_JSONLINT_CONFIG: core/config/.jsonlint.json
end-workflow	Install GH CLI	2026-01-15T12:44:35.4954997Z   KAOS_PATH_RESUME: audit/jsonlint/
end-workflow	Install GH CLI	2026-01-15T12:44:35.4955449Z   KAOS_REPO: /actions-runner/_work/kaos/kaos
end-workflow	Install GH CLI	2026-01-15T12:44:35.4955947Z   KAOS_STEP_MODULE: 
end-workflow	Install GH CLI	2026-01-15T12:44:35.4956208Z   KAOS_CODE: 21030562153
end-workflow	Install GH CLI	2026-01-15T12:44:35.4956485Z   KAOS_REF_BRANCH: main
end-workflow	Install GH CLI	2026-01-15T12:44:35.4956743Z ##[endgroup]
end-workflow	Install GH CLI	2026-01-15T12:44:35.5139404Z ##[group]Run type -p curl >/dev/null || (sudo apt-get update && sudo apt-get install curl -y)
end-workflow	Install GH CLI	2026-01-15T12:44:35.5141735Z [36;1mtype -p curl >/dev/null || (sudo apt-get update && sudo apt-get install curl -y)[0m
end-workflow	Install GH CLI	2026-01-15T12:44:35.5145110Z [36;1mcurl -fsSL https://cli.github.com/packages/githubcli-archive-keyring.gpg | sudo dd of=/usr/share/keyrings/githubcli-archive-keyring.gpg \[0m
end-workflow	Install GH CLI	2026-01-15T12:44:35.5148824Z [36;1m&& sudo chmod go+r /usr/share/keyrings/githubcli-archive-keyring.gpg \[0m
end-workflow	Install GH CLI	2026-01-15T12:44:35.5150354Z [36;1m&& echo "deb [arch=$(dpkg --print-architecture) signed-by=/usr/share/keyrings/githubcli-archive-keyring.gpg] https://cli.github.com/packages stable main" | sudo tee /etc/apt/sources.list.d/github-cli.list > /dev/null \[0m
end-workflow	Install GH CLI	2026-01-15T12:44:35.5151727Z [36;1m&& sudo apt-get update \[0m
end-workflow	Install GH CLI	2026-01-15T12:44:35.5152086Z [36;1m&& sudo apt-get install gh -y[0m
end-workflow	Install GH CLI	2026-01-15T12:44:35.5177873Z shell: /usr/bin/bash --noprofile --norc -e -o pipefail {0}
end-workflow	Install GH CLI	2026-01-15T12:44:35.5179239Z env:
end-workflow	Install GH CLI	2026-01-15T12:44:35.5179743Z   KAOS_MODULE: [Ka0S] JSONLINT
end-workflow	Install GH CLI	2026-01-15T12:44:35.5180614Z   GH_TOKEN: ***
end-workflow	Install GH CLI	2026-01-15T12:44:35.5181105Z   KAOS_JSONLINT_CONFIG: core/config/.jsonlint.json
end-workflow	Install GH CLI	2026-01-15T12:44:35.5181890Z   KAOS_PATH_RESUME: audit/jsonlint/
end-workflow	Install GH CLI	2026-01-15T12:44:35.5182573Z   KAOS_REPO: /actions-runner/_work/kaos/kaos
end-workflow	Install GH CLI	2026-01-15T12:44:35.5183145Z   KAOS_STEP_MODULE: 
end-workflow	Install GH CLI	2026-01-15T12:44:35.5183533Z   KAOS_CODE: 21030562153
end-workflow	Install GH CLI	2026-01-15T12:44:35.5183987Z   KAOS_REF_BRANCH: main
end-workflow	Install GH CLI	2026-01-15T12:44:35.5184379Z ##[endgroup]
end-workflow	Install GH CLI	2026-01-15T12:44:35.6244904Z 4+1 records in
end-workflow	Install GH CLI	2026-01-15T12:44:35.6247100Z 4+1 records out
end-workflow	Install GH CLI	2026-01-15T12:44:35.6247669Z 2270 bytes (2.3 kB, 2.2 KiB) copied, 0.0792665 s, 28.6 kB/s
end-workflow	Install GH CLI	2026-01-15T12:44:35.8331679Z Get:1 https://cli.github.com/packages stable InRelease [3917 B]
end-workflow	Install GH CLI	2026-01-15T12:44:35.8548371Z Get:2 http://security.ubuntu.com/ubuntu noble-security InRelease [126 kB]
end-workflow	Install GH CLI	2026-01-15T12:44:35.9002547Z Get:3 http://archive.ubuntu.com/ubuntu noble InRelease [256 kB]
end-workflow	Install GH CLI	2026-01-15T12:44:35.9685829Z Get:4 https://cli.github.com/packages stable/main amd64 Packages [354 B]
end-workflow	Install GH CLI	2026-01-15T12:44:36.0109074Z Get:5 https://ppa.launchpadcontent.net/git-core/ppa/ubuntu noble InRelease [24.3 kB]
end-workflow	Install GH CLI	2026-01-15T12:44:36.1003481Z Get:6 http://security.ubuntu.com/ubuntu noble-security/universe amd64 Packages [1189 kB]
end-workflow	Install GH CLI	2026-01-15T12:44:36.2180303Z Get:7 http://archive.ubuntu.com/ubuntu noble-updates InRelease [126 kB]
end-workflow	Install GH CLI	2026-01-15T12:44:36.2221706Z Get:8 https://ppa.launchpadcontent.net/git-core/ppa/ubuntu noble/main amd64 Packages [2994 B]
end-workflow	Install GH CLI	2026-01-15T12:44:36.2706072Z Get:9 http://archive.ubuntu.com/ubuntu noble-backports InRelease [126 kB]
end-workflow	Install GH CLI	2026-01-15T12:44:36.2907261Z Get:10 http://security.ubuntu.com/ubuntu noble-security/main amd64 Packages [1769 kB]
end-workflow	Install GH CLI	2026-01-15T12:44:36.3540125Z Get:11 http://security.ubuntu.com/ubuntu noble-security/restricted amd64 Packages [2919 kB]
end-workflow	Install GH CLI	2026-01-15T12:44:36.4604186Z Get:12 http://security.ubuntu.com/ubuntu noble-security/multiverse amd64 Packages [33.1 kB]
end-workflow	Install GH CLI	2026-01-15T12:44:36.5999825Z Get:13 http://archive.ubuntu.com/ubuntu noble/universe amd64 Packages [19.3 MB]
end-workflow	Install GH CLI	2026-01-15T12:44:37.1450428Z Get:14 http://archive.ubuntu.com/ubuntu noble/restricted amd64 Packages [117 kB]
end-workflow	Install GH CLI	2026-01-15T12:44:37.1458140Z Get:15 http://archive.ubuntu.com/ubuntu noble/multiverse amd64 Packages [331 kB]
end-workflow	Install GH CLI	2026-01-15T12:44:37.1577124Z Get:16 http://archive.ubuntu.com/ubuntu noble/main amd64 Packages [1808 kB]
end-workflow	Install GH CLI	2026-01-15T12:44:37.1914072Z Get:17 http://archive.ubuntu.com/ubuntu noble-updates/multiverse amd64 Packages [35.9 kB]
end-workflow	Install GH CLI	2026-01-15T12:44:37.1916812Z Get:18 http://archive.ubuntu.com/ubuntu noble-updates/universe amd64 Packages [1956 kB]
end-workflow	Install GH CLI	2026-01-15T12:44:37.2166244Z Get:19 http://archive.ubuntu.com/ubuntu noble-updates/restricted amd64 Packages [3077 kB]
end-workflow	Install GH CLI	2026-01-15T12:44:37.2591454Z Get:20 http://archive.ubuntu.com/ubuntu noble-updates/main amd64 Packages [2141 kB]
end-workflow	Install GH CLI	2026-01-15T12:44:37.2916251Z Get:21 http://archive.ubuntu.com/ubuntu noble-backports/universe amd64 Packages [34.6 kB]
end-workflow	Install GH CLI	2026-01-15T12:44:37.2937458Z Get:22 http://archive.ubuntu.com/ubuntu noble-backports/main amd64 Packages [49.5 kB]
end-workflow	Install GH CLI	2026-01-15T12:44:39.4831343Z Fetched 35.4 MB in 4s (9515 kB/s)
end-workflow	Install GH CLI	2026-01-15T12:44:41.6180147Z Reading package lists...
end-workflow	Install GH CLI	2026-01-15T12:44:44.3587612Z Reading package lists...
end-workflow	Install GH CLI	2026-01-15T12:44:45.0360874Z Building dependency tree...
end-workflow	Install GH CLI	2026-01-15T12:44:45.0362062Z Reading state information...
end-workflow	Install GH CLI	2026-01-15T12:44:46.0446041Z The following NEW packages will be installed:
end-workflow	Install GH CLI	2026-01-15T12:44:46.0479139Z   gh
end-workflow	Install GH CLI	2026-01-15T12:44:46.2170655Z 0 upgraded, 1 newly installed, 0 to remove and 5 not upgraded.
end-workflow	Install GH CLI	2026-01-15T12:44:46.2172024Z Need to get 13.7 MB of archives.
end-workflow	Install GH CLI	2026-01-15T12:44:46.2173207Z After this operation, 37.9 MB of additional disk space will be used.
end-workflow	Install GH CLI	2026-01-15T12:44:46.2174930Z Get:1 https://cli.github.com/packages stable/main amd64 gh amd64 2.85.0 [13.7 MB]
end-workflow	Install GH CLI	2026-01-15T12:44:47.2567728Z debconf: delaying package configuration, since apt-utils is not installed
end-workflow	Install GH CLI	2026-01-15T12:44:47.3655391Z Fetched 13.7 MB in 1s (19.4 MB/s)
end-workflow	Install GH CLI	2026-01-15T12:44:47.4210505Z Selecting previously unselected package gh.
end-workflow	Install GH CLI	2026-01-15T12:44:47.4272383Z (Reading database ... 
end-workflow	Install GH CLI	2026-01-15T12:44:47.4274258Z (Reading database ... 5%
end-workflow	Install GH CLI	2026-01-15T12:44:47.4276751Z (Reading database ... 10%
end-workflow	Install GH CLI	2026-01-15T12:44:47.4300269Z (Reading database ... 15%
end-workflow	Install GH CLI	2026-01-15T12:44:47.4343069Z (Reading database ... 20%
end-workflow	Install GH CLI	2026-01-15T12:44:47.4359756Z (Reading database ... 25%
end-workflow	Install GH CLI	2026-01-15T12:44:47.4360389Z (Reading database ... 30%
end-workflow	Install GH CLI	2026-01-15T12:44:47.4360973Z (Reading database ... 35%
end-workflow	Install GH CLI	2026-01-15T12:44:47.4361539Z (Reading database ... 40%
end-workflow	Install GH CLI	2026-01-15T12:44:47.4362166Z (Reading database ... 45%
end-workflow	Install GH CLI	2026-01-15T12:44:47.4362794Z (Reading database ... 50%
end-workflow	Install GH CLI	2026-01-15T12:44:47.4363372Z (Reading database ... 55%
end-workflow	Install GH CLI	2026-01-15T12:44:47.4363938Z (Reading database ... 60%
end-workflow	Install GH CLI	2026-01-15T12:44:47.4364481Z (Reading database ... 65%
end-workflow	Install GH CLI	2026-01-15T12:44:47.4382783Z (Reading database ... 70%
end-workflow	Install GH CLI	2026-01-15T12:44:47.4383577Z (Reading database ... 75%
end-workflow	Install GH CLI	2026-01-15T12:44:47.4408056Z (Reading database ... 80%
end-workflow	Install GH CLI	2026-01-15T12:44:47.4428316Z (Reading database ... 85%
end-workflow	Install GH CLI	2026-01-15T12:44:47.4430596Z (Reading database ... 90%
end-workflow	Install GH CLI	2026-01-15T12:44:47.4454355Z (Reading database ... 95%
end-workflow	Install GH CLI	2026-01-15T12:44:47.4455674Z (Reading database ... 100%
end-workflow	Install GH CLI	2026-01-15T12:44:47.4467808Z (Reading database ... 14385 files and directories currently installed.)
end-workflow	Install GH CLI	2026-01-15T12:44:47.4487573Z Preparing to unpack .../archives/gh_2.85.0_amd64.deb ...
end-workflow	Install GH CLI	2026-01-15T12:44:47.4502039Z Unpacking gh (2.85.0) ...
end-workflow	Install GH CLI	2026-01-15T12:44:48.3904690Z Setting up gh (2.85.0) ...
end-workflow	Finaliza el workflow	ï»¿2026-01-15T12:44:48.4928940Z ##[group]Run echo "End process"
end-workflow	Finaliza el workflow	2026-01-15T12:44:48.4929673Z [36;1mecho "End process"[0m
end-workflow	Finaliza el workflow	2026-01-15T12:44:48.4930587Z [36;1mRNNUMBER=$(echo "refs/heads/H2436-modulo-de-mongo" | grep -o '[0-9]*')[0m
end-workflow	Finaliza el workflow	2026-01-15T12:44:48.4931784Z [36;1mgh issue comment $RNNUMBER --body "Se finaliza Ka0s 21030562153"[0m
end-workflow	Finaliza el workflow	2026-01-15T12:44:48.4933472Z [36;1mgh workflow run inspector.yml --ref 'main' -f kaos-issue-id=$RNNUMBER -f kaos-workflow-id="21030562153" -f kaos-user-start=""[0m
end-workflow	Finaliza el workflow	2026-01-15T12:44:48.4960921Z shell: /usr/bin/bash -e {0}
end-workflow	Finaliza el workflow	2026-01-15T12:44:48.4961555Z env:
end-workflow	Finaliza el workflow	2026-01-15T12:44:48.4993751Z   KAOS_MODULE: [Ka0S] JSONLINT
end-workflow	Finaliza el workflow	2026-01-15T12:44:48.4995273Z   GH_TOKEN: ***
end-workflow	Finaliza el workflow	2026-01-15T12:44:48.4996046Z   KAOS_JSONLINT_CONFIG: core/config/.jsonlint.json
end-workflow	Finaliza el workflow	2026-01-15T12:44:48.4996857Z   KAOS_PATH_RESUME: audit/jsonlint/
end-workflow	Finaliza el workflow	2026-01-15T12:44:48.4997590Z   KAOS_REPO: /actions-runner/_work/kaos/kaos
end-workflow	Finaliza el workflow	2026-01-15T12:44:48.4998482Z   KAOS_STEP_MODULE: 
end-workflow	Finaliza el workflow	2026-01-15T12:44:48.4999450Z   KAOS_CODE: 21030562153
end-workflow	Finaliza el workflow	2026-01-15T12:44:48.4999894Z   KAOS_REF_BRANCH: main
end-workflow	Finaliza el workflow	2026-01-15T12:44:48.5000425Z ##[endgroup]
end-workflow	Finaliza el workflow	2026-01-15T12:44:48.5220333Z End process
end-workflow	Finaliza el workflow	2026-01-15T12:44:49.7194848Z https://github.com/Ka0s-Klaus/ka0s/issues/2436#issuecomment-3754576043
end-workflow	Post Checkout code	ï»¿2026-01-15T12:44:51.9903089Z Post job cleanup.
end-workflow	Post Checkout code	2026-01-15T12:44:52.8532437Z [command]/usr/bin/git version
end-workflow	Post Checkout code	2026-01-15T12:44:52.8682467Z git version 2.52.0
end-workflow	Post Checkout code	2026-01-15T12:44:52.9064585Z Temporarily overriding HOME='/home/runner/_work/_temp/dab34560-0b7a-4060-ace3-0dce3e73b015' before making global git config changes
end-workflow	Post Checkout code	2026-01-15T12:44:52.9072440Z Adding repository directory to the temporary git global config as a safe directory
end-workflow	Post Checkout code	2026-01-15T12:44:52.9105353Z [command]/usr/bin/git config --global --add safe.directory /home/runner/_work/ka0s/ka0s
end-workflow	Post Checkout code	2026-01-15T12:44:52.9265704Z [command]/usr/bin/git config --local --name-only --get-regexp core\.sshCommand
end-workflow	Post Checkout code	2026-01-15T12:44:52.9456753Z [command]/usr/bin/git submodule foreach --recursive sh -c "git config --local --name-only --get-regexp 'core\.sshCommand' && git config --local --unset-all 'core.sshCommand' || :"
end-workflow	Post Checkout code	2026-01-15T12:44:53.1001566Z [command]/usr/bin/git config --local --name-only --get-regexp http\.https\:\/\/github\.com\/\.extraheader
end-workflow	Post Checkout code	2026-01-15T12:44:53.1073497Z http.https://github.com/.extraheader
end-workflow	Post Checkout code	2026-01-15T12:44:53.1076206Z [command]/usr/bin/git config --local --unset-all http.https://github.com/.extraheader
end-workflow	Post Checkout code	2026-01-15T12:44:53.1492396Z [command]/usr/bin/git submodule foreach --recursive sh -c "git config --local --name-only --get-regexp 'http\.https\:\/\/github\.com\/\.extraheader' && git config --local --unset-all 'http.https://github.com/.extraheader' || :"
end-workflow	Post Checkout code	2026-01-15T12:44:53.2384368Z [command]/usr/bin/git config --local --name-only --get-regexp ^includeIf\.gitdir:
end-workflow	Post Checkout code	2026-01-15T12:44:53.2552129Z [command]/usr/bin/git submodule foreach --recursive git config --local --show-origin --name-only --get-regexp remote.origin.url
end-workflow	Complete job	ï»¿2026-01-15T12:44:53.3851934Z Cleaning up orphan processes
