job-core	Set up job	ï»¿2026-01-16T08:13:50.6503111Z Current runner version: '2.331.0'
job-core	Set up job	2026-01-16T08:13:50.6551085Z Runner name: 'swarm-runners-scaleset-hkss5-runner-xmpcg'
job-core	Set up job	2026-01-16T08:13:50.6555094Z Runner group name: 'Default'
job-core	Set up job	2026-01-16T08:13:50.6556238Z Machine name: 'swarm-runners-scaleset-hkss5-runner-xmpcg'
job-core	Set up job	2026-01-16T08:13:50.6559631Z ##[group]GITHUB_TOKEN Permissions
job-core	Set up job	2026-01-16T08:13:50.6562642Z Actions: write
job-core	Set up job	2026-01-16T08:13:50.6563138Z Contents: write
job-core	Set up job	2026-01-16T08:13:50.6563579Z Issues: write
job-core	Set up job	2026-01-16T08:13:50.6564010Z Metadata: read
job-core	Set up job	2026-01-16T08:13:50.6564461Z PullRequests: write
job-core	Set up job	2026-01-16T08:13:50.6564938Z ##[endgroup]
job-core	Set up job	2026-01-16T08:13:50.6567666Z Secret source: Actions
job-core	Set up job	2026-01-16T08:13:50.6568380Z Prepare workflow directory
job-core	Set up job	2026-01-16T08:13:51.6485318Z Prepare all required actions
job-core	Set up job	2026-01-16T08:13:51.6537058Z Getting action download info
job-core	Set up job	2026-01-16T08:13:54.6704073Z Download action repository 'actions/checkout@v4' (SHA:34e114876b0b11c390a56381ad16ebd13914f8d5)
job-core	Set up job	2026-01-16T08:13:57.2666389Z Download action repository 'actions/setup-node@v2' (SHA:7c12f8017d5436eb855f1ed4399f037a36fbd9e8)
job-core	Set up job	2026-01-16T08:14:00.5331339Z Complete job name: job-core
job-core	Checkout code	ï»¿2026-01-16T08:14:01.9848303Z ##[group]Run actions/checkout@v4
job-core	Checkout code	2026-01-16T08:14:01.9849760Z with:
job-core	Checkout code	2026-01-16T08:14:01.9850502Z   fetch-depth: 0
job-core	Checkout code	2026-01-16T08:14:01.9851296Z   repository: Ka0s-Klaus/ka0s
job-core	Checkout code	2026-01-16T08:14:02.0125841Z   token: ***
job-core	Checkout code	2026-01-16T08:14:02.0126706Z   ssh-strict: true
job-core	Checkout code	2026-01-16T08:14:02.0127471Z   ssh-user: git
job-core	Checkout code	2026-01-16T08:14:02.0128244Z   persist-credentials: true
job-core	Checkout code	2026-01-16T08:14:02.0129117Z   clean: true
job-core	Checkout code	2026-01-16T08:14:02.0129936Z   sparse-checkout-cone-mode: true
job-core	Checkout code	2026-01-16T08:14:02.0130911Z   fetch-tags: false
job-core	Checkout code	2026-01-16T08:14:02.0131713Z   show-progress: true
job-core	Checkout code	2026-01-16T08:14:02.0132690Z   lfs: false
job-core	Checkout code	2026-01-16T08:14:02.0133429Z   submodules: false
job-core	Checkout code	2026-01-16T08:14:02.0134245Z   set-safe-directory: true
job-core	Checkout code	2026-01-16T08:14:02.0135741Z env:
job-core	Checkout code	2026-01-16T08:14:02.0136486Z   KAOS_MODULE: [Ka0S] JSONLINT
job-core	Checkout code	2026-01-16T08:14:02.0137712Z   GH_TOKEN: ***
job-core	Checkout code	2026-01-16T08:14:02.0138628Z   KAOS_JSONLINT_CONFIG: core/config/.jsonlint.json
job-core	Checkout code	2026-01-16T08:14:02.0139855Z   KAOS_PATH_RESUME: audit/jsonlint/
job-core	Checkout code	2026-01-16T08:14:02.0140983Z   KAOS_REPO: /actions-runner/_work/kaos/kaos
job-core	Checkout code	2026-01-16T08:14:02.0142138Z   KAOS_STEP_MODULE: 
job-core	Checkout code	2026-01-16T08:14:02.0142963Z   KAOS_CODE: 21059980650
job-core	Checkout code	2026-01-16T08:14:02.0143829Z   KAOS_REF_BRANCH: main
job-core	Checkout code	2026-01-16T08:14:02.0144659Z ##[endgroup]
job-core	Checkout code	2026-01-16T08:14:03.8759266Z Syncing repository: Ka0s-Klaus/ka0s
job-core	Checkout code	2026-01-16T08:14:03.8762968Z ##[group]Getting Git version info
job-core	Checkout code	2026-01-16T08:14:03.8764267Z Working directory is '/home/runner/_work/ka0s/ka0s'
job-core	Checkout code	2026-01-16T08:14:03.8766205Z [command]/usr/bin/git version
job-core	Checkout code	2026-01-16T08:14:03.8767151Z git version 2.52.0
job-core	Checkout code	2026-01-16T08:14:03.8770691Z ##[endgroup]
job-core	Checkout code	2026-01-16T08:14:03.8777442Z Temporarily overriding HOME='/home/runner/_work/_temp/5b659601-5093-4ab9-beb0-be1503878b2a' before making global git config changes
job-core	Checkout code	2026-01-16T08:14:03.8780342Z Adding repository directory to the temporary git global config as a safe directory
job-core	Checkout code	2026-01-16T08:14:03.8796097Z [command]/usr/bin/git config --global --add safe.directory /home/runner/_work/ka0s/ka0s
job-core	Checkout code	2026-01-16T08:14:03.8799835Z Deleting the contents of '/home/runner/_work/ka0s/ka0s'
job-core	Checkout code	2026-01-16T08:14:03.8823268Z ##[group]Initializing the repository
job-core	Checkout code	2026-01-16T08:14:03.8824736Z [command]/usr/bin/git init /home/runner/_work/ka0s/ka0s
job-core	Checkout code	2026-01-16T08:14:03.9179861Z hint: Using 'master' as the name for the initial branch. This default branch name
job-core	Checkout code	2026-01-16T08:14:03.9248286Z hint: will change to "main" in Git 3.0. To configure the initial branch name
job-core	Checkout code	2026-01-16T08:14:03.9250369Z hint: to use in all of your new repositories, which will suppress this warning,
job-core	Checkout code	2026-01-16T08:14:03.9251900Z hint: call:
job-core	Checkout code	2026-01-16T08:14:03.9252642Z hint:
job-core	Checkout code	2026-01-16T08:14:03.9253568Z hint: 	git config --global init.defaultBranch <name>
job-core	Checkout code	2026-01-16T08:14:03.9254745Z hint:
job-core	Checkout code	2026-01-16T08:14:03.9255862Z hint: Names commonly chosen instead of 'master' are 'main', 'trunk' and
job-core	Checkout code	2026-01-16T08:14:03.9257693Z hint: 'development'. The just-created branch can be renamed via this command:
job-core	Checkout code	2026-01-16T08:14:03.9259581Z hint:
job-core	Checkout code	2026-01-16T08:14:03.9260354Z hint: 	git branch -m <name>
job-core	Checkout code	2026-01-16T08:14:03.9261255Z hint:
job-core	Checkout code	2026-01-16T08:14:03.9543617Z hint: Disable this message with "git config set advice.defaultBranchName false"
job-core	Checkout code	2026-01-16T08:14:03.9545923Z Initialized empty Git repository in /home/runner/_work/ka0s/ka0s/.git/
job-core	Checkout code	2026-01-16T08:14:03.9549501Z [command]/usr/bin/git remote add origin https://github.com/Ka0s-Klaus/ka0s
job-core	Checkout code	2026-01-16T08:14:03.9727102Z ##[endgroup]
job-core	Checkout code	2026-01-16T08:14:03.9729200Z ##[group]Disabling automatic garbage collection
job-core	Checkout code	2026-01-16T08:14:03.9730949Z [command]/usr/bin/git config --local gc.auto 0
job-core	Checkout code	2026-01-16T08:14:03.9734870Z ##[endgroup]
job-core	Checkout code	2026-01-16T08:14:03.9754289Z ##[group]Setting up auth
job-core	Checkout code	2026-01-16T08:14:03.9756282Z [command]/usr/bin/git config --local --name-only --get-regexp core\.sshCommand
job-core	Checkout code	2026-01-16T08:14:04.0451278Z [command]/usr/bin/git submodule foreach --recursive sh -c "git config --local --name-only --get-regexp 'core\.sshCommand' && git config --local --unset-all 'core.sshCommand' || :"
job-core	Checkout code	2026-01-16T08:14:04.5006390Z [command]/usr/bin/git config --local --name-only --get-regexp http\.https\:\/\/github\.com\/\.extraheader
job-core	Checkout code	2026-01-16T08:14:04.5907794Z [command]/usr/bin/git submodule foreach --recursive sh -c "git config --local --name-only --get-regexp 'http\.https\:\/\/github\.com\/\.extraheader' && git config --local --unset-all 'http.https://github.com/.extraheader' || :"
job-core	Checkout code	2026-01-16T08:14:05.1353891Z [command]/usr/bin/git config --local --name-only --get-regexp ^includeIf\.gitdir:
job-core	Checkout code	2026-01-16T08:14:05.2139936Z [command]/usr/bin/git submodule foreach --recursive git config --local --show-origin --name-only --get-regexp remote.origin.url
job-core	Checkout code	2026-01-16T08:14:05.7409748Z [command]/usr/bin/git config --local http.https://github.com/.extraheader AUTHORIZATION: basic ***
job-core	Checkout code	2026-01-16T08:14:05.8169250Z ##[endgroup]
job-core	Checkout code	2026-01-16T08:14:05.8170450Z ##[group]Fetching the repository
job-core	Checkout code	2026-01-16T08:14:05.8468644Z [command]/usr/bin/git -c protocol.version=2 fetch --prune --no-recurse-submodules origin +refs/heads/*:refs/remotes/origin/* +refs/tags/*:refs/tags/*
job-core	Checkout code	2026-01-16T08:16:39.1234791Z From https://github.com/Ka0s-Klaus/ka0s
job-core	Checkout code	2026-01-16T08:16:39.1235557Z  * [new branch]          F1149-desarrollo-de-orchestrator -> origin/F1149-desarrollo-de-orchestrator
job-core	Checkout code	2026-01-16T08:16:39.1236757Z  * [new branch]          F1183-personalizaciÃ³n-mÃ³dulo-finops -> origin/F1183-personalizaciÃ³n-mÃ³dulo-finops
job-core	Checkout code	2026-01-16T08:16:39.1237479Z  * [new branch]          F1224-new-module-mongodb -> origin/F1224-new-module-mongodb
job-core	Checkout code	2026-01-16T08:16:39.1238083Z  * [new branch]          F220-web-de-resultados  -> origin/F220-web-de-resultados
job-core	Checkout code	2026-01-16T08:16:39.1238975Z  * [new branch]          F227-despliegue-de-kube-independiente-del-clouder -> origin/F227-despliegue-de-kube-independiente-del-clouder
job-core	Checkout code	2026-01-16T08:16:39.1239950Z  * [new branch]          F2438-arreglo-de-despliegue-itop -> origin/F2438-arreglo-de-despliegue-itop
job-core	Checkout code	2026-01-16T08:16:39.1240719Z  * [new branch]          F2559-modulo-de-conexion-ssh -> origin/F2559-modulo-de-conexion-ssh
job-core	Checkout code	2026-01-16T08:16:39.1241584Z  * [new branch]          F329-documentacion-metodologia-de-kaos -> origin/F329-documentacion-metodologia-de-kaos
job-core	Checkout code	2026-01-16T08:16:39.1242844Z  * [new branch]          F44-creaciÃ³n-mÃ³dulo-versionado -> origin/F44-creaciÃ³n-mÃ³dulo-versionado
job-core	Checkout code	2026-01-16T08:16:39.1342363Z  * [new branch]          H1128-mÃ³dulo-de-observabilidad -> origin/H1128-mÃ³dulo-de-observabilidad
job-core	Checkout code	2026-01-16T08:16:39.1343444Z  * [new branch]          H1139-como-instalar-arc-control -> origin/H1139-como-instalar-arc-control
job-core	Checkout code	2026-01-16T08:16:39.1380341Z  * [new branch]          H1149-desarrollo-de-orchestrator -> origin/H1149-desarrollo-de-orchestrator
job-core	Checkout code	2026-01-16T08:16:39.1400684Z  * [new branch]          H1150-desarrollo-de-secciones -> origin/H1150-desarrollo-de-secciones
job-core	Checkout code	2026-01-16T08:16:39.1434874Z  * [new branch]          H1151-desarrollo-de-secciones-ii -> origin/H1151-desarrollo-de-secciones-ii
job-core	Checkout code	2026-01-16T08:16:39.1436348Z  * [new branch]          H1152-desarrollo-inicio -> origin/H1152-desarrollo-inicio
job-core	Checkout code	2026-01-16T08:16:39.1568286Z  * [new branch]          H1183-personalizaciÃ³n-mÃ³dulo-finops -> origin/H1183-personalizaciÃ³n-mÃ³dulo-finops
job-core	Checkout code	2026-01-16T08:16:39.2182740Z  * [new branch]          H1193-ejemplo-web-documentacion -> origin/H1193-ejemplo-web-documentacion
job-core	Checkout code	2026-01-16T08:16:39.2183754Z  * [new branch]          H1205-web-creation      -> origin/H1205-web-creation
job-core	Checkout code	2026-01-16T08:16:39.2360925Z  * [new branch]          H1224-new-module-mongodb -> origin/H1224-new-module-mongodb
job-core	Checkout code	2026-01-16T08:16:39.2363571Z  * [new branch]          H1410-modulo-execution  -> origin/H1410-modulo-execution
job-core	Checkout code	2026-01-16T08:16:39.2367331Z  * [new branch]          H1514-new-swarm-deployment-stack-with-actions-runners-autoscale -> origin/H1514-new-swarm-deployment-stack-with-actions-runners-autoscale
job-core	Checkout code	2026-01-16T08:16:39.2375666Z  * [new branch]          H1968-modulo-personalizaciÃ³n-del-portal-de-kaos-core -> origin/H1968-modulo-personalizaciÃ³n-del-portal-de-kaos-core
job-core	Checkout code	2026-01-16T08:16:39.2376699Z  * [new branch]          H215-modulo-de-summary  -> origin/H215-modulo-de-summary
job-core	Checkout code	2026-01-16T08:16:39.2377584Z  * [new branch]          H220-web-de-resultados  -> origin/H220-web-de-resultados
job-core	Checkout code	2026-01-16T08:16:39.2378431Z  * [new branch]          H227-despliegue-de-kube-independiente-del-clouder -> origin/H227-despliegue-de-kube-independiente-del-clouder
job-core	Checkout code	2026-01-16T08:16:39.2379370Z  * [new branch]          H2438-arreglo-de-despliegue-itop -> origin/H2438-arreglo-de-despliegue-itop
job-core	Checkout code	2026-01-16T08:16:39.2558068Z  * [new branch]          H2443-nuevo-modulo-de-pruebas-sobre-kubernetes -> origin/H2443-nuevo-modulo-de-pruebas-sobre-kubernetes
job-core	Checkout code	2026-01-16T08:16:39.2559508Z  * [new branch]          H2559-modulo-de-conexion-ssh -> origin/H2559-modulo-de-conexion-ssh
job-core	Checkout code	2026-01-16T08:16:39.2560296Z  * [new branch]          H306-ficheros-de-estadisticas -> origin/H306-ficheros-de-estadisticas
job-core	Checkout code	2026-01-16T08:16:39.2561215Z  * [new branch]          H328-documentacion-modulo-principal-de-kaos -> origin/H328-documentacion-modulo-principal-de-kaos
job-core	Checkout code	2026-01-16T08:16:39.2562351Z  * [new branch]          H329-documentacion-metodologia-de-kaos -> origin/H329-documentacion-metodologia-de-kaos
job-core	Checkout code	2026-01-16T08:16:39.2563331Z  * [new branch]          H338-relanzador-de-jobs-en-caso-de-pattern -> origin/H338-relanzador-de-jobs-en-caso-de-pattern
job-core	Checkout code	2026-01-16T08:16:39.2564294Z  * [new branch]          H38-documentacion-basica-del-proyecto -> origin/H38-documentacion-basica-del-proyecto
job-core	Checkout code	2026-01-16T08:16:39.2565499Z  * [new branch]          H44-creaciÃ³n-mÃ³dulo-versionado -> origin/H44-creaciÃ³n-mÃ³dulo-versionado
job-core	Checkout code	2026-01-16T08:16:39.2809333Z  * [new branch]          RN1149-desarrollo-de-orchestrator -> origin/RN1149-desarrollo-de-orchestrator
job-core	Checkout code	2026-01-16T08:16:39.2810701Z  * [new branch]          RN1183-personalizaciÃ³n-mÃ³dulo-finops -> origin/RN1183-personalizaciÃ³n-mÃ³dulo-finops
job-core	Checkout code	2026-01-16T08:16:39.2811916Z  * [new branch]          RN1282-ka0s-error-detected-in-ka0s-workflow-statistics-summary -> origin/RN1282-ka0s-error-detected-in-ka0s-workflow-statistics-summary
job-core	Checkout code	2026-01-16T08:16:39.2812947Z  * [new branch]          RN220-web-de-resultados -> origin/RN220-web-de-resultados
job-core	Checkout code	2026-01-16T08:16:39.2813843Z  * [new branch]          RN227-despliegue-de-kube-independiente-del-clouder -> origin/RN227-despliegue-de-kube-independiente-del-clouder
job-core	Checkout code	2026-01-16T08:16:39.2814808Z  * [new branch]          RN2438-arreglo-de-despliegue-itop -> origin/RN2438-arreglo-de-despliegue-itop
job-core	Checkout code	2026-01-16T08:16:39.2815642Z  * [new branch]          RN329-documentacion-metodologia-de-kaos -> origin/RN329-documentacion-metodologia-de-kaos
job-core	Checkout code	2026-01-16T08:16:39.2816304Z  * [new branch]          main                    -> origin/main
job-core	Checkout code	2026-01-16T08:16:39.2816700Z  * [new tag]             0.0.0                   -> 0.0.0
job-core	Checkout code	2026-01-16T08:16:39.2817075Z  * [new tag]             0.0.1                   -> 0.0.1
job-core	Checkout code	2026-01-16T08:16:39.2817470Z  * [new tag]             0.0.10                  -> 0.0.10
job-core	Checkout code	2026-01-16T08:16:39.2817849Z  * [new tag]             0.0.100                 -> 0.0.100
job-core	Checkout code	2026-01-16T08:16:39.2818589Z  * [new tag]             0.0.101                 -> 0.0.101
job-core	Checkout code	2026-01-16T08:16:39.2819032Z  * [new tag]             0.0.102                 -> 0.0.102
job-core	Checkout code	2026-01-16T08:16:39.2819430Z  * [new tag]             0.0.103                 -> 0.0.103
job-core	Checkout code	2026-01-16T08:16:39.2819823Z  * [new tag]             0.0.104                 -> 0.0.104
job-core	Checkout code	2026-01-16T08:16:39.2820196Z  * [new tag]             0.0.105                 -> 0.0.105
job-core	Checkout code	2026-01-16T08:16:39.2820578Z  * [new tag]             0.0.106                 -> 0.0.106
job-core	Checkout code	2026-01-16T08:16:39.2820958Z  * [new tag]             0.0.107                 -> 0.0.107
job-core	Checkout code	2026-01-16T08:16:39.2821346Z  * [new tag]             0.0.108                 -> 0.0.108
job-core	Checkout code	2026-01-16T08:16:39.3136798Z  * [new tag]             0.0.109                 -> 0.0.109
job-core	Checkout code	2026-01-16T08:16:39.3137850Z  * [new tag]             0.0.11                  -> 0.0.11
job-core	Checkout code	2026-01-16T08:16:39.3138276Z  * [new tag]             0.0.110                 -> 0.0.110
job-core	Checkout code	2026-01-16T08:16:39.3138679Z  * [new tag]             0.0.111                 -> 0.0.111
job-core	Checkout code	2026-01-16T08:16:39.3139124Z  * [new tag]             0.0.112                 -> 0.0.112
job-core	Checkout code	2026-01-16T08:16:39.3139830Z  * [new tag]             0.0.113                 -> 0.0.113
job-core	Checkout code	2026-01-16T08:16:39.3140217Z  * [new tag]             0.0.114                 -> 0.0.114
job-core	Checkout code	2026-01-16T08:16:39.3140597Z  * [new tag]             0.0.115                 -> 0.0.115
job-core	Checkout code	2026-01-16T08:16:39.3140980Z  * [new tag]             0.0.116                 -> 0.0.116
job-core	Checkout code	2026-01-16T08:16:39.3141367Z  * [new tag]             0.0.117                 -> 0.0.117
job-core	Checkout code	2026-01-16T08:16:39.3141888Z  * [new tag]             0.0.118                 -> 0.0.118
job-core	Checkout code	2026-01-16T08:16:39.3142291Z  * [new tag]             0.0.119                 -> 0.0.119
job-core	Checkout code	2026-01-16T08:16:39.3142677Z  * [new tag]             0.0.12                  -> 0.0.12
job-core	Checkout code	2026-01-16T08:16:39.3143056Z  * [new tag]             0.0.120                 -> 0.0.120
job-core	Checkout code	2026-01-16T08:16:39.3143441Z  * [new tag]             0.0.121                 -> 0.0.121
job-core	Checkout code	2026-01-16T08:16:39.3143875Z  * [new tag]             0.0.122                 -> 0.0.122
job-core	Checkout code	2026-01-16T08:16:39.3144275Z  * [new tag]             0.0.123                 -> 0.0.123
job-core	Checkout code	2026-01-16T08:16:39.3144674Z  * [new tag]             0.0.124                 -> 0.0.124
job-core	Checkout code	2026-01-16T08:16:39.3145072Z  * [new tag]             0.0.125                 -> 0.0.125
job-core	Checkout code	2026-01-16T08:16:39.3145485Z  * [new tag]             0.0.126                 -> 0.0.126
job-core	Checkout code	2026-01-16T08:16:39.3145886Z  * [new tag]             0.0.127                 -> 0.0.127
job-core	Checkout code	2026-01-16T08:16:39.3146281Z  * [new tag]             0.0.128                 -> 0.0.128
job-core	Checkout code	2026-01-16T08:16:39.3146671Z  * [new tag]             0.0.129                 -> 0.0.129
job-core	Checkout code	2026-01-16T08:16:39.3147055Z  * [new tag]             0.0.13                  -> 0.0.13
job-core	Checkout code	2026-01-16T08:16:39.3147464Z  * [new tag]             0.0.130                 -> 0.0.130
job-core	Checkout code	2026-01-16T08:16:39.3147886Z  * [new tag]             0.0.131                 -> 0.0.131
job-core	Checkout code	2026-01-16T08:16:39.3148295Z  * [new tag]             0.0.132                 -> 0.0.132
job-core	Checkout code	2026-01-16T08:16:39.3148729Z  * [new tag]             0.0.133                 -> 0.0.133
job-core	Checkout code	2026-01-16T08:16:39.3149190Z  * [new tag]             0.0.134                 -> 0.0.134
job-core	Checkout code	2026-01-16T08:16:39.3149623Z  * [new tag]             0.0.135                 -> 0.0.135
job-core	Checkout code	2026-01-16T08:16:39.3150053Z  * [new tag]             0.0.136                 -> 0.0.136
job-core	Checkout code	2026-01-16T08:16:39.3150460Z  * [new tag]             0.0.137                 -> 0.0.137
job-core	Checkout code	2026-01-16T08:16:39.3150849Z  * [new tag]             0.0.138                 -> 0.0.138
job-core	Checkout code	2026-01-16T08:16:39.3151258Z  * [new tag]             0.0.139                 -> 0.0.139
job-core	Checkout code	2026-01-16T08:16:39.3151668Z  * [new tag]             0.0.14                  -> 0.0.14
job-core	Checkout code	2026-01-16T08:16:39.3152340Z  * [new tag]             0.0.140                 -> 0.0.140
job-core	Checkout code	2026-01-16T08:16:39.3205132Z  * [new tag]             0.0.141                 -> 0.0.141
job-core	Checkout code	2026-01-16T08:16:39.3205717Z  * [new tag]             0.0.142                 -> 0.0.142
job-core	Checkout code	2026-01-16T08:16:39.3206445Z  * [new tag]             0.0.143                 -> 0.0.143
job-core	Checkout code	2026-01-16T08:16:39.3206833Z  * [new tag]             0.0.144                 -> 0.0.144
job-core	Checkout code	2026-01-16T08:16:39.3207224Z  * [new tag]             0.0.145                 -> 0.0.145
job-core	Checkout code	2026-01-16T08:16:39.3207607Z  * [new tag]             0.0.146                 -> 0.0.146
job-core	Checkout code	2026-01-16T08:16:39.3208014Z  * [new tag]             0.0.147                 -> 0.0.147
job-core	Checkout code	2026-01-16T08:16:39.3209044Z  * [new tag]             0.0.148                 -> 0.0.148
job-core	Checkout code	2026-01-16T08:16:39.3209436Z  * [new tag]             0.0.149                 -> 0.0.149
job-core	Checkout code	2026-01-16T08:16:39.3209822Z  * [new tag]             0.0.15                  -> 0.0.15
job-core	Checkout code	2026-01-16T08:16:39.3210204Z  * [new tag]             0.0.150                 -> 0.0.150
job-core	Checkout code	2026-01-16T08:16:39.3210588Z  * [new tag]             0.0.151                 -> 0.0.151
job-core	Checkout code	2026-01-16T08:16:39.3210970Z  * [new tag]             0.0.152                 -> 0.0.152
job-core	Checkout code	2026-01-16T08:16:39.3211346Z  * [new tag]             0.0.153                 -> 0.0.153
job-core	Checkout code	2026-01-16T08:16:39.3265953Z  * [new tag]             0.0.154                 -> 0.0.154
job-core	Checkout code	2026-01-16T08:16:39.3267145Z  * [new tag]             0.0.155                 -> 0.0.155
job-core	Checkout code	2026-01-16T08:16:39.3267548Z  * [new tag]             0.0.156                 -> 0.0.156
job-core	Checkout code	2026-01-16T08:16:39.3267938Z  * [new tag]             0.0.157                 -> 0.0.157
job-core	Checkout code	2026-01-16T08:16:39.3268312Z  * [new tag]             0.0.158                 -> 0.0.158
job-core	Checkout code	2026-01-16T08:16:39.3268690Z  * [new tag]             0.0.159                 -> 0.0.159
job-core	Checkout code	2026-01-16T08:16:39.3269071Z  * [new tag]             0.0.16                  -> 0.0.16
job-core	Checkout code	2026-01-16T08:16:39.3269451Z  * [new tag]             0.0.160                 -> 0.0.160
job-core	Checkout code	2026-01-16T08:16:39.3269834Z  * [new tag]             0.0.161                 -> 0.0.161
job-core	Checkout code	2026-01-16T08:16:39.3270214Z  * [new tag]             0.0.162                 -> 0.0.162
job-core	Checkout code	2026-01-16T08:16:39.3270604Z  * [new tag]             0.0.163                 -> 0.0.163
job-core	Checkout code	2026-01-16T08:16:39.3271000Z  * [new tag]             0.0.164                 -> 0.0.164
job-core	Checkout code	2026-01-16T08:16:39.3271369Z  * [new tag]             0.0.165                 -> 0.0.165
job-core	Checkout code	2026-01-16T08:16:39.3271850Z  * [new tag]             0.0.166                 -> 0.0.166
job-core	Checkout code	2026-01-16T08:16:39.3272245Z  * [new tag]             0.0.167                 -> 0.0.167
job-core	Checkout code	2026-01-16T08:16:39.3272624Z  * [new tag]             0.0.168                 -> 0.0.168
job-core	Checkout code	2026-01-16T08:16:39.3272998Z  * [new tag]             0.0.169                 -> 0.0.169
job-core	Checkout code	2026-01-16T08:16:39.3273361Z  * [new tag]             0.0.17                  -> 0.0.17
job-core	Checkout code	2026-01-16T08:16:39.3273729Z  * [new tag]             0.0.170                 -> 0.0.170
job-core	Checkout code	2026-01-16T08:16:39.3274110Z  * [new tag]             0.0.171                 -> 0.0.171
job-core	Checkout code	2026-01-16T08:16:39.3274488Z  * [new tag]             0.0.172                 -> 0.0.172
job-core	Checkout code	2026-01-16T08:16:39.3274866Z  * [new tag]             0.0.173                 -> 0.0.173
job-core	Checkout code	2026-01-16T08:16:39.3275273Z  * [new tag]             0.0.174                 -> 0.0.174
job-core	Checkout code	2026-01-16T08:16:39.3275713Z  * [new tag]             0.0.175                 -> 0.0.175
job-core	Checkout code	2026-01-16T08:16:39.3276123Z  * [new tag]             0.0.176                 -> 0.0.176
job-core	Checkout code	2026-01-16T08:16:39.3276493Z  * [new tag]             0.0.177                 -> 0.0.177
job-core	Checkout code	2026-01-16T08:16:39.3276869Z  * [new tag]             0.0.178                 -> 0.0.178
job-core	Checkout code	2026-01-16T08:16:39.3277255Z  * [new tag]             0.0.179                 -> 0.0.179
job-core	Checkout code	2026-01-16T08:16:39.3277632Z  * [new tag]             0.0.18                  -> 0.0.18
job-core	Checkout code	2026-01-16T08:16:39.3278011Z  * [new tag]             0.0.19                  -> 0.0.19
job-core	Checkout code	2026-01-16T08:16:39.3278385Z  * [new tag]             0.0.2                   -> 0.0.2
job-core	Checkout code	2026-01-16T08:16:39.3278765Z  * [new tag]             0.0.20                  -> 0.0.20
job-core	Checkout code	2026-01-16T08:16:39.3279146Z  * [new tag]             0.0.21                  -> 0.0.21
job-core	Checkout code	2026-01-16T08:16:39.3279538Z  * [new tag]             0.0.22                  -> 0.0.22
job-core	Checkout code	2026-01-16T08:16:39.3280148Z  * [new tag]             0.0.23                  -> 0.0.23
job-core	Checkout code	2026-01-16T08:16:39.3280522Z  * [new tag]             0.0.24                  -> 0.0.24
job-core	Checkout code	2026-01-16T08:16:39.3280903Z  * [new tag]             0.0.25                  -> 0.0.25
job-core	Checkout code	2026-01-16T08:16:39.3281290Z  * [new tag]             0.0.26                  -> 0.0.26
job-core	Checkout code	2026-01-16T08:16:39.3281661Z  * [new tag]             0.0.27                  -> 0.0.27
job-core	Checkout code	2026-01-16T08:16:39.3282141Z  * [new tag]             0.0.28                  -> 0.0.28
job-core	Checkout code	2026-01-16T08:16:39.3282517Z  * [new tag]             0.0.29                  -> 0.0.29
job-core	Checkout code	2026-01-16T08:16:39.3282894Z  * [new tag]             0.0.3                   -> 0.0.3
job-core	Checkout code	2026-01-16T08:16:39.3283281Z  * [new tag]             0.0.30                  -> 0.0.30
job-core	Checkout code	2026-01-16T08:16:39.3283691Z  * [new tag]             0.0.31                  -> 0.0.31
job-core	Checkout code	2026-01-16T08:16:39.3284110Z  * [new tag]             0.0.32                  -> 0.0.32
job-core	Checkout code	2026-01-16T08:16:39.3284541Z  * [new tag]             0.0.33                  -> 0.0.33
job-core	Checkout code	2026-01-16T08:16:39.3284995Z  * [new tag]             0.0.34                  -> 0.0.34
job-core	Checkout code	2026-01-16T08:16:39.3285685Z  * [new tag]             0.0.35                  -> 0.0.35
job-core	Checkout code	2026-01-16T08:16:39.3286060Z  * [new tag]             0.0.36                  -> 0.0.36
job-core	Checkout code	2026-01-16T08:16:39.3286430Z  * [new tag]             0.0.37                  -> 0.0.37
job-core	Checkout code	2026-01-16T08:16:39.3286800Z  * [new tag]             0.0.38                  -> 0.0.38
job-core	Checkout code	2026-01-16T08:16:39.3287193Z  * [new tag]             0.0.39                  -> 0.0.39
job-core	Checkout code	2026-01-16T08:16:39.3287558Z  * [new tag]             0.0.4                   -> 0.0.4
job-core	Checkout code	2026-01-16T08:16:39.3287928Z  * [new tag]             0.0.40                  -> 0.0.40
job-core	Checkout code	2026-01-16T08:16:39.3288294Z  * [new tag]             0.0.41                  -> 0.0.41
job-core	Checkout code	2026-01-16T08:16:39.3288659Z  * [new tag]             0.0.42                  -> 0.0.42
job-core	Checkout code	2026-01-16T08:16:39.3289021Z  * [new tag]             0.0.43                  -> 0.0.43
job-core	Checkout code	2026-01-16T08:16:39.3289555Z  * [new tag]             0.0.44                  -> 0.0.44
job-core	Checkout code	2026-01-16T08:16:39.3289929Z  * [new tag]             0.0.45                  -> 0.0.45
job-core	Checkout code	2026-01-16T08:16:39.3290304Z  * [new tag]             0.0.46                  -> 0.0.46
job-core	Checkout code	2026-01-16T08:16:39.3290673Z  * [new tag]             0.0.47                  -> 0.0.47
job-core	Checkout code	2026-01-16T08:16:39.3291037Z  * [new tag]             0.0.48                  -> 0.0.48
job-core	Checkout code	2026-01-16T08:16:39.3291397Z  * [new tag]             0.0.49                  -> 0.0.49
job-core	Checkout code	2026-01-16T08:16:39.3440247Z  * [new tag]             0.0.5                   -> 0.0.5
job-core	Checkout code	2026-01-16T08:16:39.3441074Z  * [new tag]             0.0.50                  -> 0.0.50
job-core	Checkout code	2026-01-16T08:16:39.3441458Z  * [new tag]             0.0.51                  -> 0.0.51
job-core	Checkout code	2026-01-16T08:16:39.3442136Z  * [new tag]             0.0.52                  -> 0.0.52
job-core	Checkout code	2026-01-16T08:16:39.3442514Z  * [new tag]             0.0.53                  -> 0.0.53
job-core	Checkout code	2026-01-16T08:16:39.3442898Z  * [new tag]             0.0.54                  -> 0.0.54
job-core	Checkout code	2026-01-16T08:16:39.3443303Z  * [new tag]             0.0.55                  -> 0.0.55
job-core	Checkout code	2026-01-16T08:16:39.3443676Z  * [new tag]             0.0.56                  -> 0.0.56
job-core	Checkout code	2026-01-16T08:16:39.3444053Z  * [new tag]             0.0.57                  -> 0.0.57
job-core	Checkout code	2026-01-16T08:16:39.3605449Z  * [new tag]             0.0.58                  -> 0.0.58
job-core	Checkout code	2026-01-16T08:16:39.3606003Z  * [new tag]             0.0.59                  -> 0.0.59
job-core	Checkout code	2026-01-16T08:16:39.3606383Z  * [new tag]             0.0.6                   -> 0.0.6
job-core	Checkout code	2026-01-16T08:16:39.3606762Z  * [new tag]             0.0.60                  -> 0.0.60
job-core	Checkout code	2026-01-16T08:16:39.3607134Z  * [new tag]             0.0.61                  -> 0.0.61
job-core	Checkout code	2026-01-16T08:16:39.3607503Z  * [new tag]             0.0.62                  -> 0.0.62
job-core	Checkout code	2026-01-16T08:16:39.3607871Z  * [new tag]             0.0.63                  -> 0.0.63
job-core	Checkout code	2026-01-16T08:16:39.3648732Z  * [new tag]             0.0.64                  -> 0.0.64
job-core	Checkout code	2026-01-16T08:16:39.3649490Z  * [new tag]             0.0.65                  -> 0.0.65
job-core	Checkout code	2026-01-16T08:16:39.3650579Z  * [new tag]             0.0.66                  -> 0.0.66
job-core	Checkout code	2026-01-16T08:16:39.3651059Z  * [new tag]             0.0.67                  -> 0.0.67
job-core	Checkout code	2026-01-16T08:16:39.3651464Z  * [new tag]             0.0.68                  -> 0.0.68
job-core	Checkout code	2026-01-16T08:16:39.3652024Z  * [new tag]             0.0.69                  -> 0.0.69
job-core	Checkout code	2026-01-16T08:16:39.3652447Z  * [new tag]             0.0.7                   -> 0.0.7
job-core	Checkout code	2026-01-16T08:16:39.3652891Z  * [new tag]             0.0.70                  -> 0.0.70
job-core	Checkout code	2026-01-16T08:16:39.3653327Z  * [new tag]             0.0.71                  -> 0.0.71
job-core	Checkout code	2026-01-16T08:16:39.3653741Z  * [new tag]             0.0.72                  -> 0.0.72
job-core	Checkout code	2026-01-16T08:16:39.3654131Z  * [new tag]             0.0.73                  -> 0.0.73
job-core	Checkout code	2026-01-16T08:16:39.3654508Z  * [new tag]             0.0.74                  -> 0.0.74
job-core	Checkout code	2026-01-16T08:16:39.3654897Z  * [new tag]             0.0.75                  -> 0.0.75
job-core	Checkout code	2026-01-16T08:16:39.3702818Z  * [new tag]             0.0.76                  -> 0.0.76
job-core	Checkout code	2026-01-16T08:16:39.3703334Z  * [new tag]             0.0.77                  -> 0.0.77
job-core	Checkout code	2026-01-16T08:16:39.3704201Z  * [new tag]             0.0.78                  -> 0.0.78
job-core	Checkout code	2026-01-16T08:16:39.3704576Z  * [new tag]             0.0.79                  -> 0.0.79
job-core	Checkout code	2026-01-16T08:16:39.3704951Z  * [new tag]             0.0.8                   -> 0.0.8
job-core	Checkout code	2026-01-16T08:16:39.3705328Z  * [new tag]             0.0.80                  -> 0.0.80
job-core	Checkout code	2026-01-16T08:16:39.3705713Z  * [new tag]             0.0.81                  -> 0.0.81
job-core	Checkout code	2026-01-16T08:16:39.3706130Z  * [new tag]             0.0.82                  -> 0.0.82
job-core	Checkout code	2026-01-16T08:16:39.3706527Z  * [new tag]             0.0.83                  -> 0.0.83
job-core	Checkout code	2026-01-16T08:16:39.3706903Z  * [new tag]             0.0.84                  -> 0.0.84
job-core	Checkout code	2026-01-16T08:16:39.3707279Z  * [new tag]             0.0.85                  -> 0.0.85
job-core	Checkout code	2026-01-16T08:16:39.3707657Z  * [new tag]             0.0.86                  -> 0.0.86
job-core	Checkout code	2026-01-16T08:16:39.3708062Z  * [new tag]             0.0.87                  -> 0.0.87
job-core	Checkout code	2026-01-16T08:16:39.3708439Z  * [new tag]             0.0.88                  -> 0.0.88
job-core	Checkout code	2026-01-16T08:16:39.3708827Z  * [new tag]             0.0.89                  -> 0.0.89
job-core	Checkout code	2026-01-16T08:16:39.3709215Z  * [new tag]             0.0.9                   -> 0.0.9
job-core	Checkout code	2026-01-16T08:16:39.3709592Z  * [new tag]             0.0.90                  -> 0.0.90
job-core	Checkout code	2026-01-16T08:16:39.3709960Z  * [new tag]             0.0.91                  -> 0.0.91
job-core	Checkout code	2026-01-16T08:16:39.3710326Z  * [new tag]             0.0.92                  -> 0.0.92
job-core	Checkout code	2026-01-16T08:16:39.3710697Z  * [new tag]             0.0.93                  -> 0.0.93
job-core	Checkout code	2026-01-16T08:16:39.3711086Z  * [new tag]             0.0.94                  -> 0.0.94
job-core	Checkout code	2026-01-16T08:16:39.3711476Z  * [new tag]             0.0.95                  -> 0.0.95
job-core	Checkout code	2026-01-16T08:16:39.3763789Z  * [new tag]             0.0.96                  -> 0.0.96
job-core	Checkout code	2026-01-16T08:16:39.3764417Z  * [new tag]             0.0.97                  -> 0.0.97
job-core	Checkout code	2026-01-16T08:16:39.3764849Z  * [new tag]             0.0.98                  -> 0.0.98
job-core	Checkout code	2026-01-16T08:16:39.3765238Z  * [new tag]             0.0.99                  -> 0.0.99
job-core	Checkout code	2026-01-16T08:16:39.3765615Z  * [new tag]             0.1.0                   -> 0.1.0
job-core	Checkout code	2026-01-16T08:16:39.3765999Z  * [new tag]             0.1.1                   -> 0.1.1
job-core	Checkout code	2026-01-16T08:16:39.3766413Z  * [new tag]             0.2.0                   -> 0.2.0
job-core	Checkout code	2026-01-16T08:16:39.3766779Z  * [new tag]             0.3.0                   -> 0.3.0
job-core	Checkout code	2026-01-16T08:16:39.3767143Z  * [new tag]             0.3.1                   -> 0.3.1
job-core	Checkout code	2026-01-16T08:16:39.3788350Z  * [new tag]             0.3.10                  -> 0.3.10
job-core	Checkout code	2026-01-16T08:16:39.3788990Z  * [new tag]             0.3.11                  -> 0.3.11
job-core	Checkout code	2026-01-16T08:16:39.3789366Z  * [new tag]             0.3.12                  -> 0.3.12
job-core	Checkout code	2026-01-16T08:16:39.3789740Z  * [new tag]             0.3.13                  -> 0.3.13
job-core	Checkout code	2026-01-16T08:16:39.3790408Z  * [new tag]             0.3.14                  -> 0.3.14
job-core	Checkout code	2026-01-16T08:16:39.3790777Z  * [new tag]             0.3.15                  -> 0.3.15
job-core	Checkout code	2026-01-16T08:16:39.3791179Z  * [new tag]             0.3.16                  -> 0.3.16
job-core	Checkout code	2026-01-16T08:16:39.3791538Z  * [new tag]             0.3.17                  -> 0.3.17
job-core	Checkout code	2026-01-16T08:16:39.3797311Z  * [new tag]             0.3.2                   -> 0.3.2
job-core	Checkout code	2026-01-16T08:16:39.3797769Z  * [new tag]             0.3.3                   -> 0.3.3
job-core	Checkout code	2026-01-16T08:16:39.3798161Z  * [new tag]             0.3.4                   -> 0.3.4
job-core	Checkout code	2026-01-16T08:16:39.3798529Z  * [new tag]             0.3.5                   -> 0.3.5
job-core	Checkout code	2026-01-16T08:16:39.3798900Z  * [new tag]             0.3.6                   -> 0.3.6
job-core	Checkout code	2026-01-16T08:16:39.3799273Z  * [new tag]             0.3.7                   -> 0.3.7
job-core	Checkout code	2026-01-16T08:16:39.3799641Z  * [new tag]             0.3.8                   -> 0.3.8
job-core	Checkout code	2026-01-16T08:16:39.3800004Z  * [new tag]             0.3.9                   -> 0.3.9
job-core	Checkout code	2026-01-16T08:16:39.3800395Z  * [new tag]             0.4.0                   -> 0.4.0
job-core	Checkout code	2026-01-16T08:16:39.3800765Z  * [new tag]             0.4.1                   -> 0.4.1
job-core	Checkout code	2026-01-16T08:16:39.3801418Z  * [new tag]             0.4.10                  -> 0.4.10
job-core	Checkout code	2026-01-16T08:16:39.3801901Z  * [new tag]             0.4.2                   -> 0.4.2
job-core	Checkout code	2026-01-16T08:16:39.3822825Z  * [new tag]             0.4.3                   -> 0.4.3
job-core	Checkout code	2026-01-16T08:16:39.3823330Z  * [new tag]             0.4.4                   -> 0.4.4
job-core	Checkout code	2026-01-16T08:16:39.3823704Z  * [new tag]             0.4.5                   -> 0.4.5
job-core	Checkout code	2026-01-16T08:16:39.3824459Z  * [new tag]             0.4.6                   -> 0.4.6
job-core	Checkout code	2026-01-16T08:16:39.3825035Z  * [new tag]             0.4.7                   -> 0.4.7
job-core	Checkout code	2026-01-16T08:16:39.3825405Z  * [new tag]             0.4.8                   -> 0.4.8
job-core	Checkout code	2026-01-16T08:16:39.3825768Z  * [new tag]             0.4.9                   -> 0.4.9
job-core	Checkout code	2026-01-16T08:16:39.5849842Z [command]/usr/bin/git branch --list --remote origin/H2559-modulo-de-conexion-ssh
job-core	Checkout code	2026-01-16T08:16:39.6684876Z   origin/H2559-modulo-de-conexion-ssh
job-core	Checkout code	2026-01-16T08:16:39.6997293Z [command]/usr/bin/git rev-parse refs/remotes/origin/H2559-modulo-de-conexion-ssh
job-core	Checkout code	2026-01-16T08:16:39.7217465Z 14636c0e5881b6dd28a7cdae756fde5f2acfba10
job-core	Checkout code	2026-01-16T08:16:39.7261041Z ##[endgroup]
job-core	Checkout code	2026-01-16T08:16:39.7303834Z ##[group]Determining the checkout info
job-core	Checkout code	2026-01-16T08:16:39.7304880Z ##[endgroup]
job-core	Checkout code	2026-01-16T08:16:39.7376115Z [command]/usr/bin/git sparse-checkout disable
job-core	Checkout code	2026-01-16T08:16:39.8324580Z [command]/usr/bin/git config --local --unset-all extensions.worktreeConfig
job-core	Checkout code	2026-01-16T08:16:39.9628404Z ##[group]Checking out the ref
job-core	Checkout code	2026-01-16T08:16:39.9641853Z [command]/usr/bin/git checkout --progress --force -B H2559-modulo-de-conexion-ssh refs/remotes/origin/H2559-modulo-de-conexion-ssh
job-core	Checkout code	2026-01-16T08:16:41.5347040Z Updating files:  28% (168/583)
job-core	Checkout code	2026-01-16T08:16:41.5490570Z Updating files:  29% (170/583)
job-core	Checkout code	2026-01-16T08:16:41.6222659Z Updating files:  30% (175/583)
job-core	Checkout code	2026-01-16T08:16:41.6665231Z Updating files:  31% (181/583)
job-core	Checkout code	2026-01-16T08:16:41.6665961Z Updating files:  32% (187/583)
job-core	Checkout code	2026-01-16T08:16:41.6666476Z Updating files:  33% (193/583)
job-core	Checkout code	2026-01-16T08:16:41.6672613Z Updating files:  34% (199/583)
job-core	Checkout code	2026-01-16T08:16:41.6714109Z Updating files:  35% (205/583)
job-core	Checkout code	2026-01-16T08:16:41.6867329Z Updating files:  36% (210/583)
job-core	Checkout code	2026-01-16T08:16:41.8104663Z Updating files:  37% (216/583)
job-core	Checkout code	2026-01-16T08:16:41.8232770Z Updating files:  38% (222/583)
job-core	Checkout code	2026-01-16T08:16:41.8404526Z Updating files:  39% (228/583)
job-core	Checkout code	2026-01-16T08:16:41.8415241Z Updating files:  40% (234/583)
job-core	Checkout code	2026-01-16T08:16:41.8713273Z Updating files:  41% (240/583)
job-core	Checkout code	2026-01-16T08:16:41.8785648Z Updating files:  42% (245/583)
job-core	Checkout code	2026-01-16T08:16:41.8863287Z Updating files:  43% (251/583)
job-core	Checkout code	2026-01-16T08:16:42.1536237Z Updating files:  44% (257/583)
job-core	Checkout code	2026-01-16T08:16:42.1595436Z Updating files:  44% (260/583)
job-core	Checkout code	2026-01-16T08:16:42.5916078Z Updating files:  45% (263/583)
job-core	Checkout code	2026-01-16T08:16:42.5916448Z Updating files:  46% (269/583)
job-core	Checkout code	2026-01-16T08:16:42.5916974Z Updating files:  47% (275/583)
job-core	Checkout code	2026-01-16T08:16:42.5917228Z Updating files:  48% (280/583)
job-core	Checkout code	2026-01-16T08:16:42.5974623Z Updating files:  49% (286/583)
job-core	Checkout code	2026-01-16T08:16:42.6036583Z Updating files:  50% (292/583)
job-core	Checkout code	2026-01-16T08:16:42.6074373Z Updating files:  51% (298/583)
job-core	Checkout code	2026-01-16T08:16:42.6099186Z Updating files:  52% (304/583)
job-core	Checkout code	2026-01-16T08:16:42.6099502Z Updating files:  53% (309/583)
job-core	Checkout code	2026-01-16T08:16:42.6099762Z Updating files:  54% (315/583)
job-core	Checkout code	2026-01-16T08:16:42.6162672Z Updating files:  55% (321/583)
job-core	Checkout code	2026-01-16T08:16:42.6164689Z Updating files:  56% (327/583)
job-core	Checkout code	2026-01-16T08:16:42.6333616Z Updating files:  57% (333/583)
job-core	Checkout code	2026-01-16T08:16:42.6368220Z Updating files:  58% (339/583)
job-core	Checkout code	2026-01-16T08:16:42.6368899Z Updating files:  59% (344/583)
job-core	Checkout code	2026-01-16T08:16:42.6369445Z Updating files:  60% (350/583)
job-core	Checkout code	2026-01-16T08:16:42.6384954Z Updating files:  61% (356/583)
job-core	Checkout code	2026-01-16T08:16:42.6385427Z Updating files:  62% (362/583)
job-core	Checkout code	2026-01-16T08:16:42.6814057Z Updating files:  63% (368/583)
job-core	Checkout code	2026-01-16T08:16:42.8955650Z Updating files:  64% (374/583)
job-core	Checkout code	2026-01-16T08:16:42.9644158Z Updating files:  65% (379/583)
job-core	Checkout code	2026-01-16T08:16:43.0193900Z Updating files:  66% (385/583)
job-core	Checkout code	2026-01-16T08:16:43.1155769Z Updating files:  66% (386/583)
job-core	Checkout code	2026-01-16T08:16:43.2251524Z Updating files:  67% (391/583)
job-core	Checkout code	2026-01-16T08:16:43.3016211Z Updating files:  68% (397/583)
job-core	Checkout code	2026-01-16T08:16:43.4238933Z Updating files:  69% (403/583)
job-core	Checkout code	2026-01-16T08:16:43.6344815Z Updating files:  70% (409/583)
job-core	Checkout code	2026-01-16T08:16:43.8734253Z Updating files:  71% (414/583)
job-core	Checkout code	2026-01-16T08:16:43.9784389Z Updating files:  72% (420/583)
job-core	Checkout code	2026-01-16T08:16:43.9923145Z Updating files:  73% (426/583)
job-core	Checkout code	2026-01-16T08:16:44.0260313Z Updating files:  74% (432/583)
job-core	Checkout code	2026-01-16T08:16:44.1064340Z Updating files:  74% (436/583)
job-core	Checkout code	2026-01-16T08:16:44.1525786Z Updating files:  75% (438/583)
job-core	Checkout code	2026-01-16T08:16:44.2822287Z Updating files:  76% (444/583)
job-core	Checkout code	2026-01-16T08:16:44.3948863Z Updating files:  77% (449/583)
job-core	Checkout code	2026-01-16T08:16:44.7646156Z Updating files:  78% (455/583)
job-core	Checkout code	2026-01-16T08:16:45.0483133Z Updating files:  79% (461/583)
job-core	Checkout code	2026-01-16T08:16:45.2893564Z Updating files:  80% (467/583)
job-core	Checkout code	2026-01-16T08:16:45.6110167Z Updating files:  81% (473/583)
job-core	Checkout code	2026-01-16T08:16:45.8370459Z Updating files:  82% (479/583)
job-core	Checkout code	2026-01-16T08:16:45.8434571Z Updating files:  83% (484/583)
job-core	Checkout code	2026-01-16T08:16:45.8492568Z Updating files:  84% (490/583)
job-core	Checkout code	2026-01-16T08:16:45.8523257Z Updating files:  85% (496/583)
job-core	Checkout code	2026-01-16T08:16:45.8580507Z Updating files:  86% (502/583)
job-core	Checkout code	2026-01-16T08:16:45.8628450Z Updating files:  87% (508/583)
job-core	Checkout code	2026-01-16T08:16:45.8699649Z Updating files:  88% (514/583)
job-core	Checkout code	2026-01-16T08:16:45.8723323Z Updating files:  89% (519/583)
job-core	Checkout code	2026-01-16T08:16:45.8728050Z Updating files:  90% (525/583)
job-core	Checkout code	2026-01-16T08:16:45.8758123Z Updating files:  91% (531/583)
job-core	Checkout code	2026-01-16T08:16:45.9238124Z Updating files:  92% (537/583)
job-core	Checkout code	2026-01-16T08:16:45.9274647Z Updating files:  93% (543/583)
job-core	Checkout code	2026-01-16T08:16:45.9374547Z Updating files:  94% (549/583)
job-core	Checkout code	2026-01-16T08:16:45.9515047Z Updating files:  95% (554/583)
job-core	Checkout code	2026-01-16T08:16:45.9515777Z Updating files:  96% (560/583)
job-core	Checkout code	2026-01-16T08:16:45.9516222Z Updating files:  97% (566/583)
job-core	Checkout code	2026-01-16T08:16:45.9543382Z Updating files:  98% (572/583)
job-core	Checkout code	2026-01-16T08:16:45.9604320Z Updating files:  99% (578/583)
job-core	Checkout code	2026-01-16T08:16:45.9608916Z Updating files: 100% (583/583)
job-core	Checkout code	2026-01-16T08:16:45.9623303Z Updating files: 100% (583/583), done.
job-core	Checkout code	2026-01-16T08:16:45.9737263Z Switched to a new branch 'H2559-modulo-de-conexion-ssh'
job-core	Checkout code	2026-01-16T08:16:45.9867455Z branch 'H2559-modulo-de-conexion-ssh' set up to track 'origin/H2559-modulo-de-conexion-ssh'.
job-core	Checkout code	2026-01-16T08:16:46.0161143Z ##[endgroup]
job-core	Checkout code	2026-01-16T08:16:46.0960365Z [command]/usr/bin/git log -1 --format=%H
job-core	Checkout code	2026-01-16T08:16:46.0998913Z 14636c0e5881b6dd28a7cdae756fde5f2acfba10
job-core	Install GH CLI	ï»¿2026-01-16T08:16:46.3185678Z Prepare all required actions
job-core	Install GH CLI	2026-01-16T08:16:46.3443184Z ##[group]Run ./.github/actions/install-gh-cli
job-core	Install GH CLI	2026-01-16T08:16:46.3443586Z env:
job-core	Install GH CLI	2026-01-16T08:16:46.3443804Z   KAOS_MODULE: [Ka0S] JSONLINT
job-core	Install GH CLI	2026-01-16T08:16:46.3508357Z   GH_TOKEN: ***
job-core	Install GH CLI	2026-01-16T08:16:46.3509440Z   KAOS_JSONLINT_CONFIG: core/config/.jsonlint.json
job-core	Install GH CLI	2026-01-16T08:16:46.3509787Z   KAOS_PATH_RESUME: audit/jsonlint/
job-core	Install GH CLI	2026-01-16T08:16:46.3510094Z   KAOS_REPO: /actions-runner/_work/kaos/kaos
job-core	Install GH CLI	2026-01-16T08:16:46.3510387Z   KAOS_STEP_MODULE: 
job-core	Install GH CLI	2026-01-16T08:16:46.3510607Z   KAOS_CODE: 21059980650
job-core	Install GH CLI	2026-01-16T08:16:46.3510833Z   KAOS_REF_BRANCH: main
job-core	Install GH CLI	2026-01-16T08:16:46.3511057Z ##[endgroup]
job-core	Install GH CLI	2026-01-16T08:16:46.4026545Z ##[group]Run type -p curl >/dev/null || (sudo apt-get update && sudo apt-get install curl -y)
job-core	Install GH CLI	2026-01-16T08:16:46.4027295Z [36;1mtype -p curl >/dev/null || (sudo apt-get update && sudo apt-get install curl -y)[0m
job-core	Install GH CLI	2026-01-16T08:16:46.4028199Z [36;1mcurl -fsSL https://cli.github.com/packages/githubcli-archive-keyring.gpg | sudo dd of=/usr/share/keyrings/githubcli-archive-keyring.gpg \[0m
job-core	Install GH CLI	2026-01-16T08:16:46.4029108Z [36;1m&& sudo chmod go+r /usr/share/keyrings/githubcli-archive-keyring.gpg \[0m
job-core	Install GH CLI	2026-01-16T08:16:46.4030244Z [36;1m&& echo "deb [arch=$(dpkg --print-architecture) signed-by=/usr/share/keyrings/githubcli-archive-keyring.gpg] https://cli.github.com/packages stable main" | sudo tee /etc/apt/sources.list.d/github-cli.list > /dev/null \[0m
job-core	Install GH CLI	2026-01-16T08:16:46.4031322Z [36;1m&& sudo apt-get update \[0m
job-core	Install GH CLI	2026-01-16T08:16:46.4031615Z [36;1m&& sudo apt-get install gh -y[0m
job-core	Install GH CLI	2026-01-16T08:16:46.4154326Z shell: /usr/bin/bash --noprofile --norc -e -o pipefail {0}
job-core	Install GH CLI	2026-01-16T08:16:46.4154720Z env:
job-core	Install GH CLI	2026-01-16T08:16:46.4154925Z   KAOS_MODULE: [Ka0S] JSONLINT
job-core	Install GH CLI	2026-01-16T08:16:46.4155505Z   GH_TOKEN: ***
job-core	Install GH CLI	2026-01-16T08:16:46.4155787Z   KAOS_JSONLINT_CONFIG: core/config/.jsonlint.json
job-core	Install GH CLI	2026-01-16T08:16:46.4156136Z   KAOS_PATH_RESUME: audit/jsonlint/
job-core	Install GH CLI	2026-01-16T08:16:46.4156445Z   KAOS_REPO: /actions-runner/_work/kaos/kaos
job-core	Install GH CLI	2026-01-16T08:16:46.4383422Z   KAOS_STEP_MODULE: 
job-core	Install GH CLI	2026-01-16T08:16:46.4383728Z   KAOS_CODE: 21059980650
job-core	Install GH CLI	2026-01-16T08:16:46.4383977Z   KAOS_REF_BRANCH: main
job-core	Install GH CLI	2026-01-16T08:16:46.4384209Z ##[endgroup]
job-core	Install GH CLI	2026-01-16T08:16:47.1165717Z 4+1 records in
job-core	Install GH CLI	2026-01-16T08:16:47.1167669Z 4+1 records out
job-core	Install GH CLI	2026-01-16T08:16:47.1172487Z 2270 bytes (2.3 kB, 2.2 KiB) copied, 0.288204 s, 7.9 kB/s
job-core	Install GH CLI	2026-01-16T08:16:48.0743473Z Get:1 http://archive.ubuntu.com/ubuntu noble InRelease [256 kB]
job-core	Install GH CLI	2026-01-16T08:16:48.1345271Z Get:2 http://security.ubuntu.com/ubuntu noble-security InRelease [126 kB]
job-core	Install GH CLI	2026-01-16T08:16:48.1923778Z Get:3 https://ppa.launchpadcontent.net/git-core/ppa/ubuntu noble InRelease [24.3 kB]
job-core	Install GH CLI	2026-01-16T08:16:48.1963623Z Get:4 https://cli.github.com/packages stable InRelease [3917 B]
job-core	Install GH CLI	2026-01-16T08:16:48.3864010Z Get:5 http://archive.ubuntu.com/ubuntu noble-updates InRelease [126 kB]
job-core	Install GH CLI	2026-01-16T08:16:48.4167394Z Get:6 http://archive.ubuntu.com/ubuntu noble-backports InRelease [126 kB]
job-core	Install GH CLI	2026-01-16T08:16:48.6277182Z Get:7 https://cli.github.com/packages stable/main amd64 Packages [354 B]
job-core	Install GH CLI	2026-01-16T08:16:48.8323143Z Get:8 https://ppa.launchpadcontent.net/git-core/ppa/ubuntu noble/main amd64 Packages [2994 B]
job-core	Install GH CLI	2026-01-16T08:16:49.1036851Z Get:9 http://archive.ubuntu.com/ubuntu noble/universe amd64 Packages [19.3 MB]
job-core	Install GH CLI	2026-01-16T08:16:51.1097551Z Get:10 http://security.ubuntu.com/ubuntu noble-security/universe amd64 Packages [1189 kB]
job-core	Install GH CLI	2026-01-16T08:16:51.7063620Z Get:11 http://archive.ubuntu.com/ubuntu noble/restricted amd64 Packages [117 kB]
job-core	Install GH CLI	2026-01-16T08:16:51.7093466Z Get:12 http://security.ubuntu.com/ubuntu noble-security/multiverse amd64 Packages [33.1 kB]
job-core	Install GH CLI	2026-01-16T08:16:51.8233549Z Get:13 http://security.ubuntu.com/ubuntu noble-security/restricted amd64 Packages [2919 kB]
job-core	Install GH CLI	2026-01-16T08:16:51.8373041Z Get:14 http://archive.ubuntu.com/ubuntu noble/main amd64 Packages [1808 kB]
job-core	Install GH CLI	2026-01-16T08:16:51.9963731Z Get:15 http://archive.ubuntu.com/ubuntu noble/multiverse amd64 Packages [331 kB]
job-core	Install GH CLI	2026-01-16T08:16:52.0665936Z Get:16 http://archive.ubuntu.com/ubuntu noble-updates/restricted amd64 Packages [3077 kB]
job-core	Install GH CLI	2026-01-16T08:16:52.4042778Z Get:17 http://security.ubuntu.com/ubuntu noble-security/main amd64 Packages [1769 kB]
job-core	Install GH CLI	2026-01-16T08:16:53.0997116Z Get:18 http://archive.ubuntu.com/ubuntu noble-updates/main amd64 Packages [2142 kB]
job-core	Install GH CLI	2026-01-16T08:16:53.5058366Z Get:19 http://archive.ubuntu.com/ubuntu noble-updates/multiverse amd64 Packages [35.9 kB]
job-core	Install GH CLI	2026-01-16T08:16:53.5194420Z Get:20 http://archive.ubuntu.com/ubuntu noble-updates/universe amd64 Packages [1956 kB]
job-core	Install GH CLI	2026-01-16T08:16:53.6962920Z Get:21 http://archive.ubuntu.com/ubuntu noble-backports/main amd64 Packages [49.5 kB]
job-core	Install GH CLI	2026-01-16T08:16:53.7199854Z Get:22 http://archive.ubuntu.com/ubuntu noble-backports/universe amd64 Packages [34.6 kB]
job-core	Install GH CLI	2026-01-16T08:17:00.8821122Z Fetched 35.4 MB in 13s (2694 kB/s)
job-core	Install GH CLI	2026-01-16T08:17:07.7518506Z Reading package lists...
job-core	Install GH CLI	2026-01-16T08:17:13.7776534Z Reading package lists...
job-core	Install GH CLI	2026-01-16T08:17:15.9510803Z Building dependency tree...
job-core	Install GH CLI	2026-01-16T08:17:15.9516461Z Reading state information...
job-core	Install GH CLI	2026-01-16T08:17:19.1045926Z The following NEW packages will be installed:
job-core	Install GH CLI	2026-01-16T08:17:19.1046393Z   gh
job-core	Install GH CLI	2026-01-16T08:17:19.3143953Z 0 upgraded, 1 newly installed, 0 to remove and 5 not upgraded.
job-core	Install GH CLI	2026-01-16T08:17:19.3174925Z Need to get 13.7 MB of archives.
job-core	Install GH CLI	2026-01-16T08:17:19.3177979Z After this operation, 37.9 MB of additional disk space will be used.
job-core	Install GH CLI	2026-01-16T08:17:19.3190958Z Get:1 https://cli.github.com/packages stable/main amd64 gh amd64 2.85.0 [13.7 MB]
job-core	Install GH CLI	2026-01-16T08:17:21.8569204Z debconf: delaying package configuration, since apt-utils is not installed
job-core	Install GH CLI	2026-01-16T08:17:22.9026681Z Fetched 13.7 MB in 1s (11.3 MB/s)
job-core	Install GH CLI	2026-01-16T08:17:24.6572846Z Selecting previously unselected package gh.
job-core	Install GH CLI	2026-01-16T08:17:24.6715333Z (Reading database ... 
job-core	Install GH CLI	2026-01-16T08:17:24.6716040Z (Reading database ... 5%
job-core	Install GH CLI	2026-01-16T08:17:24.6722550Z (Reading database ... 10%
job-core	Install GH CLI	2026-01-16T08:17:24.6722826Z (Reading database ... 15%
job-core	Install GH CLI	2026-01-16T08:17:24.6723066Z (Reading database ... 20%
job-core	Install GH CLI	2026-01-16T08:17:24.6723335Z (Reading database ... 25%
job-core	Install GH CLI	2026-01-16T08:17:24.6723570Z (Reading database ... 30%
job-core	Install GH CLI	2026-01-16T08:17:24.6723803Z (Reading database ... 35%
job-core	Install GH CLI	2026-01-16T08:17:24.6724031Z (Reading database ... 40%
job-core	Install GH CLI	2026-01-16T08:17:24.6724264Z (Reading database ... 45%
job-core	Install GH CLI	2026-01-16T08:17:24.6724512Z (Reading database ... 50%
job-core	Install GH CLI	2026-01-16T08:17:24.6724743Z (Reading database ... 55%
job-core	Install GH CLI	2026-01-16T08:17:24.6724980Z (Reading database ... 60%
job-core	Install GH CLI	2026-01-16T08:17:24.6725214Z (Reading database ... 65%
job-core	Install GH CLI	2026-01-16T08:17:24.7404822Z (Reading database ... 70%
job-core	Install GH CLI	2026-01-16T08:17:24.7405263Z (Reading database ... 75%
job-core	Install GH CLI	2026-01-16T08:17:24.7449549Z (Reading database ... 80%
job-core	Install GH CLI	2026-01-16T08:17:24.7449861Z (Reading database ... 85%
job-core	Install GH CLI	2026-01-16T08:17:24.7450101Z (Reading database ... 90%
job-core	Install GH CLI	2026-01-16T08:17:24.7450334Z (Reading database ... 95%
job-core	Install GH CLI	2026-01-16T08:17:24.7450564Z (Reading database ... 100%
job-core	Install GH CLI	2026-01-16T08:17:24.7450924Z (Reading database ... 14385 files and directories currently installed.)
job-core	Install GH CLI	2026-01-16T08:17:24.7451399Z Preparing to unpack .../archives/gh_2.85.0_amd64.deb ...
job-core	Install GH CLI	2026-01-16T08:17:25.0942681Z Unpacking gh (2.85.0) ...
job-core	Install GH CLI	2026-01-16T08:17:30.3090025Z Setting up gh (2.85.0) ...
job-core	Install Node.js	ï»¿2026-01-16T08:17:31.9222475Z ##[group]Run actions/setup-node@v2
job-core	Install Node.js	2026-01-16T08:17:31.9224169Z with:
job-core	Install Node.js	2026-01-16T08:17:31.9224422Z   node-version: 14
job-core	Install Node.js	2026-01-16T08:17:31.9224647Z   always-auth: false
job-core	Install Node.js	2026-01-16T08:17:31.9224887Z   check-latest: false
job-core	Install Node.js	2026-01-16T08:17:31.9225661Z   token: ***
job-core	Install Node.js	2026-01-16T08:17:31.9225922Z env:
job-core	Install Node.js	2026-01-16T08:17:31.9226149Z   KAOS_MODULE: [Ka0S] JSONLINT
job-core	Install Node.js	2026-01-16T08:17:31.9227048Z   GH_TOKEN: ***
job-core	Install Node.js	2026-01-16T08:17:31.9227335Z   KAOS_JSONLINT_CONFIG: core/config/.jsonlint.json
job-core	Install Node.js	2026-01-16T08:17:31.9227702Z   KAOS_PATH_RESUME: audit/jsonlint/
job-core	Install Node.js	2026-01-16T08:17:31.9228037Z   KAOS_REPO: /actions-runner/_work/kaos/kaos
job-core	Install Node.js	2026-01-16T08:17:31.9228361Z   KAOS_STEP_MODULE: 
job-core	Install Node.js	2026-01-16T08:17:31.9228603Z   KAOS_CODE: 21059980650
job-core	Install Node.js	2026-01-16T08:17:31.9228886Z   KAOS_REF_BRANCH: main
job-core	Install Node.js	2026-01-16T08:17:31.9229159Z ##[endgroup]
job-core	Install Node.js	2026-01-16T08:17:32.6934476Z Attempting to download 14...
job-core	Install Node.js	2026-01-16T08:17:34.1560964Z Acquiring 14.21.3 - x64 from https://github.com/actions/node-versions/releases/download/14.21.3-4202774076/node-14.21.3-linux-x64.tar.gz
job-core	Install Node.js	2026-01-16T08:17:37.4754277Z Extracting ...
job-core	Install Node.js	2026-01-16T08:17:37.5964140Z [command]/usr/bin/tar xz --strip 1 --warning=no-unknown-keyword --overwrite -C /home/runner/_work/_temp/b0f4c60e-56ac-45a0-a4f2-02f8dbf0df03 -f /home/runner/_work/_temp/756ec374-4670-4da3-b1c5-e2b4b3652b6d
job-core	Install Node.js	2026-01-16T08:17:44.1493651Z Adding to the cache ...
job-core	Install Node.js	2026-01-16T08:18:29.9631545Z Done
job-core	Install jsonlint	ï»¿2026-01-16T08:18:30.1329804Z ##[group]Run if ! command -v jsonlint &> /dev/null; then
job-core	Install jsonlint	2026-01-16T08:18:30.1330313Z [36;1mif ! command -v jsonlint &> /dev/null; then[0m
job-core	Install jsonlint	2026-01-16T08:18:30.1330658Z [36;1m  echo "Installing jsonlint..."[0m
job-core	Install jsonlint	2026-01-16T08:18:30.1330965Z [36;1m  npm install -g jsonlint[0m
job-core	Install jsonlint	2026-01-16T08:18:30.1331229Z [36;1melse[0m
job-core	Install jsonlint	2026-01-16T08:18:30.1331530Z [36;1m  echo "jsonlint already installed, skipping installation"[0m
job-core	Install jsonlint	2026-01-16T08:18:30.1331969Z [36;1mfi[0m
job-core	Install jsonlint	2026-01-16T08:18:30.1332178Z [36;1mmkdir -p audit/jsonlint/[0m
job-core	Install jsonlint	2026-01-16T08:18:30.1425398Z shell: /usr/bin/bash -e {0}
job-core	Install jsonlint	2026-01-16T08:18:30.1428361Z env:
job-core	Install jsonlint	2026-01-16T08:18:30.1428574Z   KAOS_MODULE: [Ka0S] JSONLINT
job-core	Install jsonlint	2026-01-16T08:18:30.1429527Z   GH_TOKEN: ***
job-core	Install jsonlint	2026-01-16T08:18:30.1429803Z   KAOS_JSONLINT_CONFIG: core/config/.jsonlint.json
job-core	Install jsonlint	2026-01-16T08:18:30.1430148Z   KAOS_PATH_RESUME: audit/jsonlint/
job-core	Install jsonlint	2026-01-16T08:18:30.1430444Z   KAOS_REPO: /actions-runner/_work/kaos/kaos
job-core	Install jsonlint	2026-01-16T08:18:30.1430745Z   KAOS_STEP_MODULE: 
job-core	Install jsonlint	2026-01-16T08:18:30.1431012Z   KAOS_CODE: 21059980650
job-core	Install jsonlint	2026-01-16T08:18:30.1431245Z   KAOS_REF_BRANCH: main
job-core	Install jsonlint	2026-01-16T08:18:30.1431469Z ##[endgroup]
job-core	Install jsonlint	2026-01-16T08:18:30.2726151Z Installing jsonlint...
job-core	Install jsonlint	2026-01-16T08:18:37.2767545Z npm WARN deprecated nomnom@1.8.1: Package no longer supported. Contact support@npmjs.com for more info.
job-core	Install jsonlint	2026-01-16T08:18:42.3304253Z /home/runner/_work/_tool/node/14.21.3/x64/bin/jsonlint -> /home/runner/_work/_tool/node/14.21.3/x64/lib/node_modules/jsonlint/lib/cli.js
job-core	Install jsonlint	2026-01-16T08:18:42.3713467Z + jsonlint@1.6.3
job-core	Install jsonlint	2026-01-16T08:18:42.3729897Z added 8 packages from 5 contributors in 7.432s
job-core	Check JSON	ï»¿2026-01-16T08:18:42.8367806Z ##[group]Run # Invocamos la primera comprobaciÃ³n de base, sino se supera el proceso no continua
job-core	Check JSON	2026-01-16T08:18:42.8368987Z [36;1m# Invocamos la primera comprobaciÃ³n de base, sino se supera el proceso no continua[0m
job-core	Check JSON	2026-01-16T08:18:42.8369515Z [36;1m# Extraemos el nombre del fichero[0m
job-core	Check JSON	2026-01-16T08:18:42.8369886Z [36;1mfile_name=$(basename "audit/kaos/21032123715.json")[0m
job-core	Check JSON	2026-01-16T08:18:42.8370306Z [36;1m# Generamos el fichero de resultados vacio[0m
job-core	Check JSON	2026-01-16T08:18:42.8370735Z [36;1mtouch audit/jsonlint/jsonlint-results-21059980650.txt[0m
job-core	Check JSON	2026-01-16T08:18:42.8371162Z [36;1m# Realizamos el check del documento json [0m
job-core	Check JSON	2026-01-16T08:18:42.8371991Z [36;1mjsonlint --pretty-print audit/kaos/21032123715.json > audit/jsonlint/jsonlint-results-21059980650.txt || true[0m
job-core	Check JSON	2026-01-16T08:18:42.8372640Z [36;1m# Check if exist errors in file[0m
job-core	Check JSON	2026-01-16T08:18:42.8373072Z [36;1mif [ ! -s audit/jsonlint/jsonlint-results-21059980650.txt ]; then[0m
job-core	Check JSON	2026-01-16T08:18:42.8373728Z [36;1m  echo "File audit/jsonlint/jsonlint-results-21059980650.txt is empty and is content correct"[0m
job-core	Check JSON	2026-01-16T08:18:42.8375090Z [36;1m  KAOS_ISSUE_BODY="The [Ka0S] JSONLINT process (21059886525) launch the check (21059980650) over file (audit/kaos/21032123715.json) and its result has been SUCCESS. Please review all files implicated in pull request and approve to merge"[0m
job-core	Check JSON	2026-01-16T08:18:42.8376362Z [36;1m  # AÃ±adimos la versiÃ³n de jsonlint con la que se realiza la comprobacion[0m
job-core	Check JSON	2026-01-16T08:18:42.8376968Z [36;1m  jsonlint --version >> audit/jsonlint/jsonlint-results-21059980650.txt[0m
job-core	Check JSON	2026-01-16T08:18:42.8377489Z [36;1m  # aÃ±adimos el nombre del fichero que vamos a comprobar[0m
job-core	Check JSON	2026-01-16T08:18:42.8378118Z [36;1m  echo "Finding: audit/kaos/21032123715.json" >> audit/jsonlint/jsonlint-results-21059980650.txt[0m
job-core	Check JSON	2026-01-16T08:18:42.8378749Z [36;1m  gh issue comment  2559 -b "$KAOS_ISSUE_BODY" [0m
job-core	Check JSON	2026-01-16T08:18:42.8379084Z [36;1melse[0m
job-core	Check JSON	2026-01-16T08:18:42.8379397Z [36;1m  cat audit/jsonlint/jsonlint-results-21059980650.txt[0m
job-core	Check JSON	2026-01-16T08:18:42.8380149Z [36;1m  echo "File audit/jsonlint/jsonlint-results-21059980650.txt is not empty and is content not correct and write commit info"[0m
job-core	Check JSON	2026-01-16T08:18:42.8381680Z [36;1m  KAOS_ISSUE_BODY="The [Ka0S] JSONLINT process (21059886525) launch the check (21059980650) over file (audit/kaos/21032123715.json) and its result has been FAILED, please check and solved it"[0m
job-core	Check JSON	2026-01-16T08:18:42.8382775Z [36;1m  # AÃ±adimos la versiÃ³n de jsonlint con la que se realiza la comprobacion[0m
job-core	Check JSON	2026-01-16T08:18:42.8383374Z [36;1m  jsonlint --version || true >> audit/jsonlint/jsonlint-results-21059980650.txt[0m
job-core	Check JSON	2026-01-16T08:18:42.8383930Z [36;1m  # aÃ±adimos el nombre del fichero que vamos a comprobar[0m
job-core	Check JSON	2026-01-16T08:18:42.8384524Z [36;1m  echo "Finding: audit/kaos/21032123715.json" >> audit/jsonlint/jsonlint-results-21059980650.txt[0m
job-core	Check JSON	2026-01-16T08:18:42.8385106Z [36;1m  gh issue comment  2559 -b "$KAOS_ISSUE_BODY" [0m
job-core	Check JSON	2026-01-16T08:18:42.8385425Z [36;1mfi[0m
job-core	Check JSON	2026-01-16T08:18:42.8385704Z [36;1mecho "Uploading files to the repository..."[0m
job-core	Check JSON	2026-01-16T08:18:42.8386372Z [36;1mgit config --global user.name "***"[0m
job-core	Check JSON	2026-01-16T08:18:42.8386785Z [36;1mgit config --global user.email "***"[0m
job-core	Check JSON	2026-01-16T08:18:42.8387092Z [36;1mgit pull --rebase[0m
job-core	Check JSON	2026-01-16T08:18:42.8387359Z [36;1mgit add audit/jsonlint/*[0m
job-core	Check JSON	2026-01-16T08:18:42.8387673Z [36;1mif ! git diff --staged --quiet; then[0m
job-core	Check JSON	2026-01-16T08:18:42.8388180Z [36;1m  git commit -m "[Ka0S] Uploading jsonlint resume execution files to the repository..."[0m
job-core	Check JSON	2026-01-16T08:18:42.8388862Z [36;1m  git push origin refs/heads/H2559-modulo-de-conexion-ssh --force-with-lease[0m
job-core	Check JSON	2026-01-16T08:18:42.8389319Z [36;1mfi[0m
job-core	Check JSON	2026-01-16T08:18:42.8639722Z shell: /usr/bin/bash -e {0}
job-core	Check JSON	2026-01-16T08:18:42.8640021Z env:
job-core	Check JSON	2026-01-16T08:18:42.8640232Z   KAOS_MODULE: [Ka0S] JSONLINT
job-core	Check JSON	2026-01-16T08:18:42.8640740Z   GH_TOKEN: ***
job-core	Check JSON	2026-01-16T08:18:42.8641007Z   KAOS_JSONLINT_CONFIG: core/config/.jsonlint.json
job-core	Check JSON	2026-01-16T08:18:42.8641354Z   KAOS_PATH_RESUME: audit/jsonlint/
job-core	Check JSON	2026-01-16T08:18:42.8904903Z   KAOS_REPO: /actions-runner/_work/kaos/kaos
job-core	Check JSON	2026-01-16T08:18:42.8905341Z   KAOS_STEP_MODULE: 
job-core	Check JSON	2026-01-16T08:18:42.8905657Z   KAOS_CODE: 21059980650
job-core	Check JSON	2026-01-16T08:18:42.8905905Z   KAOS_REF_BRANCH: main
job-core	Check JSON	2026-01-16T08:18:42.8906128Z ##[endgroup]
job-core	Check JSON	2026-01-16T08:18:45.3738590Z internal/fs/utils.js:332
job-core	Check JSON	2026-01-16T08:18:45.3743103Z     throw err;
job-core	Check JSON	2026-01-16T08:18:45.3761401Z     ^
job-core	Check JSON	2026-01-16T08:18:45.3791538Z 
job-core	Check JSON	2026-01-16T08:18:45.3811712Z Error: ENOENT: no such file or directory, open 'audit/kaos/21032123715.json'
job-core	Check JSON	2026-01-16T08:18:45.3894893Z     at Object.openSync (fs.js:498:3)
job-core	Check JSON	2026-01-16T08:18:45.3895777Z     at Object.readFileSync (fs.js:394:35)
job-core	Check JSON	2026-01-16T08:18:45.3896363Z     at main (/home/runner/_work/_tool/node/14.21.3/x64/lib/node_modules/jsonlint/lib/cli.js:135:23)
job-core	Check JSON	2026-01-16T08:18:45.3897182Z     at Object.<anonymous> (/home/runner/_work/_tool/node/14.21.3/x64/lib/node_modules/jsonlint/lib/cli.js:179:1)
job-core	Check JSON	2026-01-16T08:18:45.3897863Z     at Module._compile (internal/modules/cjs/loader.js:1114:14)
job-core	Check JSON	2026-01-16T08:18:45.3898474Z     at Object.Module._extensions..js (internal/modules/cjs/loader.js:1143:10)
job-core	Check JSON	2026-01-16T08:18:45.3899043Z     at Module.load (internal/modules/cjs/loader.js:979:32)
job-core	Check JSON	2026-01-16T08:18:45.3899557Z     at Function.Module._load (internal/modules/cjs/loader.js:819:12)
job-core	Check JSON	2026-01-16T08:18:45.3900200Z     at Function.executeUserEntryPoint [as runMain] (internal/modules/run_main.js:75:12)
job-core	Check JSON	2026-01-16T08:18:45.3900881Z     at internal/main/run_main_module.js:17:47 {
job-core	Check JSON	2026-01-16T08:18:45.3901215Z   errno: -2,
job-core	Check JSON	2026-01-16T08:18:45.3901419Z   syscall: 'open',
job-core	Check JSON	2026-01-16T08:18:45.3901653Z   code: 'ENOENT',
job-core	Check JSON	2026-01-16T08:18:45.3902030Z   path: 'audit/kaos/21032123715.json'
job-core	Check JSON	2026-01-16T08:18:45.3902456Z }
job-core	Check JSON	2026-01-16T08:18:45.4446899Z File audit/jsonlint/jsonlint-results-21059980650.txt is empty and is content correct
job-core	Check JSON	2026-01-16T08:18:45.9925133Z ##[error]Process completed with exit code 1.
job-core	Post Checkout code	ï»¿2026-01-16T08:18:46.1351210Z Post job cleanup.
job-core	Post Checkout code	2026-01-16T08:18:46.7441619Z [command]/usr/bin/git version
job-core	Post Checkout code	2026-01-16T08:18:46.7532806Z git version 2.52.0
job-core	Post Checkout code	2026-01-16T08:18:46.8071518Z Temporarily overriding HOME='/home/runner/_work/_temp/8acfcadf-0058-4684-9b02-0657983bc42e' before making global git config changes
job-core	Post Checkout code	2026-01-16T08:18:46.8076879Z Adding repository directory to the temporary git global config as a safe directory
job-core	Post Checkout code	2026-01-16T08:18:46.8392761Z [command]/usr/bin/git config --global --add safe.directory /home/runner/_work/ka0s/ka0s
job-core	Post Checkout code	2026-01-16T08:18:46.8394439Z [command]/usr/bin/git config --local --name-only --get-regexp core\.sshCommand
job-core	Post Checkout code	2026-01-16T08:18:46.8398069Z [command]/usr/bin/git submodule foreach --recursive sh -c "git config --local --name-only --get-regexp 'core\.sshCommand' && git config --local --unset-all 'core.sshCommand' || :"
job-core	Post Checkout code	2026-01-16T08:18:47.3362555Z [command]/usr/bin/git config --local --name-only --get-regexp http\.https\:\/\/github\.com\/\.extraheader
job-core	Post Checkout code	2026-01-16T08:18:47.3363261Z http.https://github.com/.extraheader
job-core	Post Checkout code	2026-01-16T08:18:47.3364267Z [command]/usr/bin/git config --local --unset-all http.https://github.com/.extraheader
job-core	Post Checkout code	2026-01-16T08:18:47.3370125Z [command]/usr/bin/git submodule foreach --recursive sh -c "git config --local --name-only --get-regexp 'http\.https\:\/\/github\.com\/\.extraheader' && git config --local --unset-all 'http.https://github.com/.extraheader' || :"
job-core	Post Checkout code	2026-01-16T08:18:47.8726874Z [command]/usr/bin/git config --local --name-only --get-regexp ^includeIf\.gitdir:
job-core	Post Checkout code	2026-01-16T08:18:47.9255791Z [command]/usr/bin/git submodule foreach --recursive git config --local --show-origin --name-only --get-regexp remote.origin.url
job-core	Complete job	ï»¿2026-01-16T08:18:48.5003646Z Cleaning up orphan processes
handle_failure	Set up job	ï»¿2026-01-16T08:22:01.1921557Z Current runner version: '2.331.0'
handle_failure	Set up job	2026-01-16T08:22:01.1943767Z Runner name: 'swarm-runners-scaleset-hkss5-runner-tlkz2'
handle_failure	Set up job	2026-01-16T08:22:01.1947853Z Runner group name: 'Default'
handle_failure	Set up job	2026-01-16T08:22:01.1951199Z Machine name: 'swarm-runners-scaleset-hkss5-runner-tlkz2'
handle_failure	Set up job	2026-01-16T08:22:01.1962690Z ##[group]GITHUB_TOKEN Permissions
handle_failure	Set up job	2026-01-16T08:22:01.1970138Z Actions: write
handle_failure	Set up job	2026-01-16T08:22:01.1971455Z Contents: write
handle_failure	Set up job	2026-01-16T08:22:01.1972721Z Issues: write
handle_failure	Set up job	2026-01-16T08:22:01.1973839Z Metadata: read
handle_failure	Set up job	2026-01-16T08:22:01.1974917Z PullRequests: write
handle_failure	Set up job	2026-01-16T08:22:01.1976210Z ##[endgroup]
handle_failure	Set up job	2026-01-16T08:22:01.1981192Z Secret source: Actions
handle_failure	Set up job	2026-01-16T08:22:01.1982722Z Prepare workflow directory
handle_failure	Set up job	2026-01-16T08:22:01.6435515Z Prepare all required actions
handle_failure	Set up job	2026-01-16T08:22:01.6571637Z Getting action download info
handle_failure	Set up job	2026-01-16T08:22:02.8106203Z Download action repository 'actions/checkout@v4' (SHA:34e114876b0b11c390a56381ad16ebd13914f8d5)
handle_failure	Set up job	2026-01-16T08:22:09.6574240Z Complete job name: handle_failure
handle_failure	Checkout code	ï»¿2026-01-16T08:22:10.1957015Z ##[group]Run actions/checkout@v4
handle_failure	Checkout code	2026-01-16T08:22:10.1958160Z with:
handle_failure	Checkout code	2026-01-16T08:22:10.1958508Z   fetch-depth: 0
handle_failure	Checkout code	2026-01-16T08:22:10.1958876Z   repository: Ka0s-Klaus/ka0s
handle_failure	Checkout code	2026-01-16T08:22:10.1959798Z   token: ***
handle_failure	Checkout code	2026-01-16T08:22:10.1960182Z   ssh-strict: true
handle_failure	Checkout code	2026-01-16T08:22:10.1960512Z   ssh-user: git
handle_failure	Checkout code	2026-01-16T08:22:10.1960872Z   persist-credentials: true
handle_failure	Checkout code	2026-01-16T08:22:10.1961287Z   clean: true
handle_failure	Checkout code	2026-01-16T08:22:10.1961648Z   sparse-checkout-cone-mode: true
handle_failure	Checkout code	2026-01-16T08:22:10.1962118Z   fetch-tags: false
handle_failure	Checkout code	2026-01-16T08:22:10.1962465Z   show-progress: true
handle_failure	Checkout code	2026-01-16T08:22:10.1962840Z   lfs: false
handle_failure	Checkout code	2026-01-16T08:22:10.1963165Z   submodules: false
handle_failure	Checkout code	2026-01-16T08:22:10.1963546Z   set-safe-directory: true
handle_failure	Checkout code	2026-01-16T08:22:10.1964436Z env:
handle_failure	Checkout code	2026-01-16T08:22:10.1964762Z   KAOS_MODULE: [Ka0S] JSONLINT
handle_failure	Checkout code	2026-01-16T08:22:10.1995524Z   GH_TOKEN: ***
handle_failure	Checkout code	2026-01-16T08:22:10.1996341Z   KAOS_JSONLINT_CONFIG: core/config/.jsonlint.json
handle_failure	Checkout code	2026-01-16T08:22:10.1996978Z   KAOS_PATH_RESUME: audit/jsonlint/
handle_failure	Checkout code	2026-01-16T08:22:10.1997628Z   KAOS_REPO: /actions-runner/_work/kaos/kaos
handle_failure	Checkout code	2026-01-16T08:22:10.1998157Z   KAOS_STEP_MODULE: 
handle_failure	Checkout code	2026-01-16T08:22:10.1998508Z   KAOS_CODE: 21059980650
handle_failure	Checkout code	2026-01-16T08:22:10.1998900Z   KAOS_REF_BRANCH: main
handle_failure	Checkout code	2026-01-16T08:22:10.1999273Z ##[endgroup]
handle_failure	Checkout code	2026-01-16T08:22:10.4228144Z Syncing repository: Ka0s-Klaus/ka0s
handle_failure	Checkout code	2026-01-16T08:22:10.4231141Z ##[group]Getting Git version info
handle_failure	Checkout code	2026-01-16T08:22:10.4231897Z Working directory is '/home/runner/_work/ka0s/ka0s'
handle_failure	Checkout code	2026-01-16T08:22:10.4232972Z [command]/usr/bin/git version
handle_failure	Checkout code	2026-01-16T08:22:10.4233465Z git version 2.52.0
handle_failure	Checkout code	2026-01-16T08:22:10.4258824Z ##[endgroup]
handle_failure	Checkout code	2026-01-16T08:22:10.4286206Z Temporarily overriding HOME='/home/runner/_work/_temp/5ddbf4bc-f498-4aa1-b354-efcea7823a65' before making global git config changes
handle_failure	Checkout code	2026-01-16T08:22:10.4288851Z Adding repository directory to the temporary git global config as a safe directory
handle_failure	Checkout code	2026-01-16T08:22:10.4297132Z [command]/usr/bin/git config --global --add safe.directory /home/runner/_work/ka0s/ka0s
handle_failure	Checkout code	2026-01-16T08:22:10.5263126Z Deleting the contents of '/home/runner/_work/ka0s/ka0s'
handle_failure	Checkout code	2026-01-16T08:22:10.5273682Z ##[group]Initializing the repository
handle_failure	Checkout code	2026-01-16T08:22:10.5286713Z [command]/usr/bin/git init /home/runner/_work/ka0s/ka0s
handle_failure	Checkout code	2026-01-16T08:22:11.4995172Z hint: Using 'master' as the name for the initial branch. This default branch name
handle_failure	Checkout code	2026-01-16T08:22:11.4996982Z hint: will change to "main" in Git 3.0. To configure the initial branch name
handle_failure	Checkout code	2026-01-16T08:22:11.4998716Z hint: to use in all of your new repositories, which will suppress this warning,
handle_failure	Checkout code	2026-01-16T08:22:11.5000422Z hint: call:
handle_failure	Checkout code	2026-01-16T08:22:11.5000988Z hint:
handle_failure	Checkout code	2026-01-16T08:22:11.5001748Z hint: 	git config --global init.defaultBranch <name>
handle_failure	Checkout code	2026-01-16T08:22:11.5002745Z hint:
handle_failure	Checkout code	2026-01-16T08:22:11.5003689Z hint: Names commonly chosen instead of 'master' are 'main', 'trunk' and
handle_failure	Checkout code	2026-01-16T08:22:11.5005272Z hint: 'development'. The just-created branch can be renamed via this command:
handle_failure	Checkout code	2026-01-16T08:22:11.5006553Z hint:
handle_failure	Checkout code	2026-01-16T08:22:11.5007121Z hint: 	git branch -m <name>
handle_failure	Checkout code	2026-01-16T08:22:11.5008506Z hint:
handle_failure	Checkout code	2026-01-16T08:22:11.5009547Z hint: Disable this message with "git config set advice.defaultBranchName false"
handle_failure	Checkout code	2026-01-16T08:22:11.5012168Z Initialized empty Git repository in /home/runner/_work/ka0s/ka0s/.git/
handle_failure	Checkout code	2026-01-16T08:22:11.5040597Z [command]/usr/bin/git remote add origin https://github.com/Ka0s-Klaus/ka0s
handle_failure	Checkout code	2026-01-16T08:22:13.2334168Z ##[endgroup]
handle_failure	Checkout code	2026-01-16T08:22:13.2335545Z ##[group]Disabling automatic garbage collection
handle_failure	Checkout code	2026-01-16T08:22:13.2348202Z [command]/usr/bin/git config --local gc.auto 0
handle_failure	Checkout code	2026-01-16T08:22:14.0271450Z ##[endgroup]
handle_failure	Checkout code	2026-01-16T08:22:14.0299011Z ##[group]Setting up auth
handle_failure	Checkout code	2026-01-16T08:22:14.0300572Z [command]/usr/bin/git config --local --name-only --get-regexp core\.sshCommand
handle_failure	Checkout code	2026-01-16T08:22:14.1520250Z [command]/usr/bin/git submodule foreach --recursive sh -c "git config --local --name-only --get-regexp 'core\.sshCommand' && git config --local --unset-all 'core.sshCommand' || :"
handle_failure	Checkout code	2026-01-16T08:22:14.1880009Z [command]/usr/bin/git config --local --name-only --get-regexp http\.https\:\/\/github\.com\/\.extraheader
handle_failure	Checkout code	2026-01-16T08:22:14.1927628Z [command]/usr/bin/git submodule foreach --recursive sh -c "git config --local --name-only --get-regexp 'http\.https\:\/\/github\.com\/\.extraheader' && git config --local --unset-all 'http.https://github.com/.extraheader' || :"
handle_failure	Checkout code	2026-01-16T08:22:14.2274282Z [command]/usr/bin/git config --local --name-only --get-regexp ^includeIf\.gitdir:
handle_failure	Checkout code	2026-01-16T08:22:14.2329490Z [command]/usr/bin/git submodule foreach --recursive git config --local --show-origin --name-only --get-regexp remote.origin.url
handle_failure	Checkout code	2026-01-16T08:22:14.2667411Z [command]/usr/bin/git config --local http.https://github.com/.extraheader AUTHORIZATION: basic ***
handle_failure	Checkout code	2026-01-16T08:22:15.9799126Z ##[endgroup]
handle_failure	Checkout code	2026-01-16T08:22:15.9914262Z ##[group]Fetching the repository
handle_failure	Checkout code	2026-01-16T08:22:15.9917095Z [command]/usr/bin/git -c protocol.version=2 fetch --prune --no-recurse-submodules origin +refs/heads/*:refs/remotes/origin/* +refs/tags/*:refs/tags/*
handle_failure	Checkout code	2026-01-16T08:22:53.4688082Z From https://github.com/Ka0s-Klaus/ka0s
handle_failure	Checkout code	2026-01-16T08:22:53.4690067Z  * [new branch]          F1149-desarrollo-de-orchestrator -> origin/F1149-desarrollo-de-orchestrator
handle_failure	Checkout code	2026-01-16T08:22:53.4693228Z  * [new branch]          F1183-personalizaciÃ³n-mÃ³dulo-finops -> origin/F1183-personalizaciÃ³n-mÃ³dulo-finops
handle_failure	Checkout code	2026-01-16T08:22:53.4695521Z  * [new branch]          F1224-new-module-mongodb -> origin/F1224-new-module-mongodb
handle_failure	Checkout code	2026-01-16T08:22:53.4697335Z  * [new branch]          F220-web-de-resultados  -> origin/F220-web-de-resultados
handle_failure	Checkout code	2026-01-16T08:22:53.4700231Z  * [new branch]          F227-despliegue-de-kube-independiente-del-clouder -> origin/F227-despliegue-de-kube-independiente-del-clouder
handle_failure	Checkout code	2026-01-16T08:22:53.4703302Z  * [new branch]          F2438-arreglo-de-despliegue-itop -> origin/F2438-arreglo-de-despliegue-itop
handle_failure	Checkout code	2026-01-16T08:22:53.4705608Z  * [new branch]          F2559-modulo-de-conexion-ssh -> origin/F2559-modulo-de-conexion-ssh
handle_failure	Checkout code	2026-01-16T08:22:53.4708071Z  * [new branch]          F329-documentacion-metodologia-de-kaos -> origin/F329-documentacion-metodologia-de-kaos
handle_failure	Checkout code	2026-01-16T08:22:53.4711378Z  * [new branch]          F44-creaciÃ³n-mÃ³dulo-versionado -> origin/F44-creaciÃ³n-mÃ³dulo-versionado
handle_failure	Checkout code	2026-01-16T08:22:53.4713942Z  * [new branch]          H1128-mÃ³dulo-de-observabilidad -> origin/H1128-mÃ³dulo-de-observabilidad
handle_failure	Checkout code	2026-01-16T08:22:53.4716197Z  * [new branch]          H1139-como-instalar-arc-control -> origin/H1139-como-instalar-arc-control
handle_failure	Checkout code	2026-01-16T08:22:53.4718525Z  * [new branch]          H1149-desarrollo-de-orchestrator -> origin/H1149-desarrollo-de-orchestrator
handle_failure	Checkout code	2026-01-16T08:22:53.4720896Z  * [new branch]          H1150-desarrollo-de-secciones -> origin/H1150-desarrollo-de-secciones
handle_failure	Checkout code	2026-01-16T08:22:53.4723287Z  * [new branch]          H1151-desarrollo-de-secciones-ii -> origin/H1151-desarrollo-de-secciones-ii
handle_failure	Checkout code	2026-01-16T08:22:53.4725513Z  * [new branch]          H1152-desarrollo-inicio -> origin/H1152-desarrollo-inicio
handle_failure	Checkout code	2026-01-16T08:22:53.4728087Z  * [new branch]          H1183-personalizaciÃ³n-mÃ³dulo-finops -> origin/H1183-personalizaciÃ³n-mÃ³dulo-finops
handle_failure	Checkout code	2026-01-16T08:22:53.4731471Z  * [new branch]          H1193-ejemplo-web-documentacion -> origin/H1193-ejemplo-web-documentacion
handle_failure	Checkout code	2026-01-16T08:22:53.4733434Z  * [new branch]          H1205-web-creation      -> origin/H1205-web-creation
handle_failure	Checkout code	2026-01-16T08:22:53.4735162Z  * [new branch]          H1224-new-module-mongodb -> origin/H1224-new-module-mongodb
handle_failure	Checkout code	2026-01-16T08:22:53.4736999Z  * [new branch]          H1410-modulo-execution  -> origin/H1410-modulo-execution
handle_failure	Checkout code	2026-01-16T08:22:53.4740766Z  * [new branch]          H1514-new-swarm-deployment-stack-with-actions-runners-autoscale -> origin/H1514-new-swarm-deployment-stack-with-actions-runners-autoscale
handle_failure	Checkout code	2026-01-16T08:22:53.4745475Z  * [new branch]          H1968-modulo-personalizaciÃ³n-del-portal-de-kaos-core -> origin/H1968-modulo-personalizaciÃ³n-del-portal-de-kaos-core
handle_failure	Checkout code	2026-01-16T08:22:53.4748214Z  * [new branch]          H215-modulo-de-summary  -> origin/H215-modulo-de-summary
handle_failure	Checkout code	2026-01-16T08:22:53.4750660Z  * [new branch]          H220-web-de-resultados  -> origin/H220-web-de-resultados
handle_failure	Checkout code	2026-01-16T08:22:53.4753366Z  * [new branch]          H227-despliegue-de-kube-independiente-del-clouder -> origin/H227-despliegue-de-kube-independiente-del-clouder
handle_failure	Checkout code	2026-01-16T08:22:53.4756419Z  * [new branch]          H2438-arreglo-de-despliegue-itop -> origin/H2438-arreglo-de-despliegue-itop
handle_failure	Checkout code	2026-01-16T08:22:53.4759422Z  * [new branch]          H2443-nuevo-modulo-de-pruebas-sobre-kubernetes -> origin/H2443-nuevo-modulo-de-pruebas-sobre-kubernetes
handle_failure	Checkout code	2026-01-16T08:22:53.4763544Z  * [new branch]          H2559-modulo-de-conexion-ssh -> origin/H2559-modulo-de-conexion-ssh
handle_failure	Checkout code	2026-01-16T08:22:53.4765718Z  * [new branch]          H306-ficheros-de-estadisticas -> origin/H306-ficheros-de-estadisticas
handle_failure	Checkout code	2026-01-16T08:22:53.4768846Z  * [new branch]          H328-documentacion-modulo-principal-de-kaos -> origin/H328-documentacion-modulo-principal-de-kaos
handle_failure	Checkout code	2026-01-16T08:22:53.4772144Z  * [new branch]          H329-documentacion-metodologia-de-kaos -> origin/H329-documentacion-metodologia-de-kaos
handle_failure	Checkout code	2026-01-16T08:22:53.4775198Z  * [new branch]          H338-relanzador-de-jobs-en-caso-de-pattern -> origin/H338-relanzador-de-jobs-en-caso-de-pattern
handle_failure	Checkout code	2026-01-16T08:22:53.4778150Z  * [new branch]          H38-documentacion-basica-del-proyecto -> origin/H38-documentacion-basica-del-proyecto
handle_failure	Checkout code	2026-01-16T08:22:53.4781444Z  * [new branch]          H44-creaciÃ³n-mÃ³dulo-versionado -> origin/H44-creaciÃ³n-mÃ³dulo-versionado
handle_failure	Checkout code	2026-01-16T08:22:53.4783808Z  * [new branch]          RN1149-desarrollo-de-orchestrator -> origin/RN1149-desarrollo-de-orchestrator
handle_failure	Checkout code	2026-01-16T08:22:53.4786701Z  * [new branch]          RN1183-personalizaciÃ³n-mÃ³dulo-finops -> origin/RN1183-personalizaciÃ³n-mÃ³dulo-finops
handle_failure	Checkout code	2026-01-16T08:22:53.4790418Z  * [new branch]          RN1282-ka0s-error-detected-in-ka0s-workflow-statistics-summary -> origin/RN1282-ka0s-error-detected-in-ka0s-workflow-statistics-summary
handle_failure	Checkout code	2026-01-16T08:22:53.4793627Z  * [new branch]          RN220-web-de-resultados -> origin/RN220-web-de-resultados
handle_failure	Checkout code	2026-01-16T08:22:53.4796427Z  * [new branch]          RN227-despliegue-de-kube-independiente-del-clouder -> origin/RN227-despliegue-de-kube-independiente-del-clouder
handle_failure	Checkout code	2026-01-16T08:22:53.4799541Z  * [new branch]          RN2438-arreglo-de-despliegue-itop -> origin/RN2438-arreglo-de-despliegue-itop
handle_failure	Checkout code	2026-01-16T08:22:53.4802479Z  * [new branch]          RN329-documentacion-metodologia-de-kaos -> origin/RN329-documentacion-metodologia-de-kaos
handle_failure	Checkout code	2026-01-16T08:22:53.4804618Z  * [new branch]          main                    -> origin/main
handle_failure	Checkout code	2026-01-16T08:22:53.4805793Z  * [new tag]             0.0.0                   -> 0.0.0
handle_failure	Checkout code	2026-01-16T08:22:53.4806867Z  * [new tag]             0.0.1                   -> 0.0.1
handle_failure	Checkout code	2026-01-16T08:22:53.4807966Z  * [new tag]             0.0.10                  -> 0.0.10
handle_failure	Checkout code	2026-01-16T08:22:53.4809057Z  * [new tag]             0.0.100                 -> 0.0.100
handle_failure	Checkout code	2026-01-16T08:22:53.4810421Z  * [new tag]             0.0.101                 -> 0.0.101
handle_failure	Checkout code	2026-01-16T08:22:53.4812024Z  * [new tag]             0.0.102                 -> 0.0.102
handle_failure	Checkout code	2026-01-16T08:22:53.4813168Z  * [new tag]             0.0.103                 -> 0.0.103
handle_failure	Checkout code	2026-01-16T08:22:53.4814274Z  * [new tag]             0.0.104                 -> 0.0.104
handle_failure	Checkout code	2026-01-16T08:22:53.4815390Z  * [new tag]             0.0.105                 -> 0.0.105
handle_failure	Checkout code	2026-01-16T08:22:53.4816492Z  * [new tag]             0.0.106                 -> 0.0.106
handle_failure	Checkout code	2026-01-16T08:22:53.4817612Z  * [new tag]             0.0.107                 -> 0.0.107
handle_failure	Checkout code	2026-01-16T08:22:53.4837164Z  * [new tag]             0.0.108                 -> 0.0.108
handle_failure	Checkout code	2026-01-16T08:22:53.4838397Z  * [new tag]             0.0.109                 -> 0.0.109
handle_failure	Checkout code	2026-01-16T08:22:53.4839538Z  * [new tag]             0.0.11                  -> 0.0.11
handle_failure	Checkout code	2026-01-16T08:22:53.4840722Z  * [new tag]             0.0.110                 -> 0.0.110
handle_failure	Checkout code	2026-01-16T08:22:53.4841741Z  * [new tag]             0.0.111                 -> 0.0.111
handle_failure	Checkout code	2026-01-16T08:22:53.4843174Z  * [new tag]             0.0.112                 -> 0.0.112
handle_failure	Checkout code	2026-01-16T08:22:53.4844679Z  * [new tag]             0.0.113                 -> 0.0.113
handle_failure	Checkout code	2026-01-16T08:22:53.4845749Z  * [new tag]             0.0.114                 -> 0.0.114
handle_failure	Checkout code	2026-01-16T08:22:53.4846831Z  * [new tag]             0.0.115                 -> 0.0.115
handle_failure	Checkout code	2026-01-16T08:22:53.4847952Z  * [new tag]             0.0.116                 -> 0.0.116
handle_failure	Checkout code	2026-01-16T08:22:53.4849091Z  * [new tag]             0.0.117                 -> 0.0.117
handle_failure	Checkout code	2026-01-16T08:22:53.4850338Z  * [new tag]             0.0.118                 -> 0.0.118
handle_failure	Checkout code	2026-01-16T08:22:53.4851470Z  * [new tag]             0.0.119                 -> 0.0.119
handle_failure	Checkout code	2026-01-16T08:22:53.4852628Z  * [new tag]             0.0.12                  -> 0.0.12
handle_failure	Checkout code	2026-01-16T08:22:53.4853742Z  * [new tag]             0.0.120                 -> 0.0.120
handle_failure	Checkout code	2026-01-16T08:22:53.4854886Z  * [new tag]             0.0.121                 -> 0.0.121
handle_failure	Checkout code	2026-01-16T08:22:53.4856087Z  * [new tag]             0.0.122                 -> 0.0.122
handle_failure	Checkout code	2026-01-16T08:22:53.4857223Z  * [new tag]             0.0.123                 -> 0.0.123
handle_failure	Checkout code	2026-01-16T08:22:53.4858389Z  * [new tag]             0.0.124                 -> 0.0.124
handle_failure	Checkout code	2026-01-16T08:22:53.4859514Z  * [new tag]             0.0.125                 -> 0.0.125
handle_failure	Checkout code	2026-01-16T08:22:53.4860769Z  * [new tag]             0.0.126                 -> 0.0.126
handle_failure	Checkout code	2026-01-16T08:22:53.4861909Z  * [new tag]             0.0.127                 -> 0.0.127
handle_failure	Checkout code	2026-01-16T08:22:53.4863029Z  * [new tag]             0.0.128                 -> 0.0.128
handle_failure	Checkout code	2026-01-16T08:22:53.4864172Z  * [new tag]             0.0.129                 -> 0.0.129
handle_failure	Checkout code	2026-01-16T08:22:53.4865307Z  * [new tag]             0.0.13                  -> 0.0.13
handle_failure	Checkout code	2026-01-16T08:22:53.4866418Z  * [new tag]             0.0.130                 -> 0.0.130
handle_failure	Checkout code	2026-01-16T08:22:53.4867567Z  * [new tag]             0.0.131                 -> 0.0.131
handle_failure	Checkout code	2026-01-16T08:22:53.4868682Z  * [new tag]             0.0.132                 -> 0.0.132
handle_failure	Checkout code	2026-01-16T08:22:53.4869919Z  * [new tag]             0.0.133                 -> 0.0.133
handle_failure	Checkout code	2026-01-16T08:22:53.4871099Z  * [new tag]             0.0.134                 -> 0.0.134
handle_failure	Checkout code	2026-01-16T08:22:53.4872233Z  * [new tag]             0.0.135                 -> 0.0.135
handle_failure	Checkout code	2026-01-16T08:22:53.4873366Z  * [new tag]             0.0.136                 -> 0.0.136
handle_failure	Checkout code	2026-01-16T08:22:53.4874494Z  * [new tag]             0.0.137                 -> 0.0.137
handle_failure	Checkout code	2026-01-16T08:22:53.4875629Z  * [new tag]             0.0.138                 -> 0.0.138
handle_failure	Checkout code	2026-01-16T08:22:53.4876752Z  * [new tag]             0.0.139                 -> 0.0.139
handle_failure	Checkout code	2026-01-16T08:22:53.4877888Z  * [new tag]             0.0.14                  -> 0.0.14
handle_failure	Checkout code	2026-01-16T08:22:53.4879004Z  * [new tag]             0.0.140                 -> 0.0.140
handle_failure	Checkout code	2026-01-16T08:22:53.4880254Z  * [new tag]             0.0.141                 -> 0.0.141
handle_failure	Checkout code	2026-01-16T08:22:53.4881386Z  * [new tag]             0.0.142                 -> 0.0.142
handle_failure	Checkout code	2026-01-16T08:22:53.4882498Z  * [new tag]             0.0.143                 -> 0.0.143
handle_failure	Checkout code	2026-01-16T08:22:53.4884065Z  * [new tag]             0.0.144                 -> 0.0.144
handle_failure	Checkout code	2026-01-16T08:22:53.4885226Z  * [new tag]             0.0.145                 -> 0.0.145
handle_failure	Checkout code	2026-01-16T08:22:53.4886358Z  * [new tag]             0.0.146                 -> 0.0.146
handle_failure	Checkout code	2026-01-16T08:22:53.4887546Z  * [new tag]             0.0.147                 -> 0.0.147
handle_failure	Checkout code	2026-01-16T08:22:53.4888694Z  * [new tag]             0.0.148                 -> 0.0.148
handle_failure	Checkout code	2026-01-16T08:22:53.4889908Z  * [new tag]             0.0.149                 -> 0.0.149
handle_failure	Checkout code	2026-01-16T08:22:53.4891021Z  * [new tag]             0.0.15                  -> 0.0.15
handle_failure	Checkout code	2026-01-16T08:22:53.4892165Z  * [new tag]             0.0.150                 -> 0.0.150
handle_failure	Checkout code	2026-01-16T08:22:53.4893314Z  * [new tag]             0.0.151                 -> 0.0.151
handle_failure	Checkout code	2026-01-16T08:22:53.4894472Z  * [new tag]             0.0.152                 -> 0.0.152
handle_failure	Checkout code	2026-01-16T08:22:53.4895610Z  * [new tag]             0.0.153                 -> 0.0.153
handle_failure	Checkout code	2026-01-16T08:22:53.4896730Z  * [new tag]             0.0.154                 -> 0.0.154
handle_failure	Checkout code	2026-01-16T08:22:53.4898265Z  * [new tag]             0.0.155                 -> 0.0.155
handle_failure	Checkout code	2026-01-16T08:22:53.4899411Z  * [new tag]             0.0.156                 -> 0.0.156
handle_failure	Checkout code	2026-01-16T08:22:53.4900638Z  * [new tag]             0.0.157                 -> 0.0.157
handle_failure	Checkout code	2026-01-16T08:22:53.4901786Z  * [new tag]             0.0.158                 -> 0.0.158
handle_failure	Checkout code	2026-01-16T08:22:53.4902930Z  * [new tag]             0.0.159                 -> 0.0.159
handle_failure	Checkout code	2026-01-16T08:22:53.4904056Z  * [new tag]             0.0.16                  -> 0.0.16
handle_failure	Checkout code	2026-01-16T08:22:53.4905323Z  * [new tag]             0.0.160                 -> 0.0.160
handle_failure	Checkout code	2026-01-16T08:22:53.4906585Z  * [new tag]             0.0.161                 -> 0.0.161
handle_failure	Checkout code	2026-01-16T08:22:53.4907857Z  * [new tag]             0.0.162                 -> 0.0.162
handle_failure	Checkout code	2026-01-16T08:22:53.4909202Z  * [new tag]             0.0.163                 -> 0.0.163
handle_failure	Checkout code	2026-01-16T08:22:53.4910373Z  * [new tag]             0.0.164                 -> 0.0.164
handle_failure	Checkout code	2026-01-16T08:22:53.4911533Z  * [new tag]             0.0.165                 -> 0.0.165
handle_failure	Checkout code	2026-01-16T08:22:53.4912708Z  * [new tag]             0.0.166                 -> 0.0.166
handle_failure	Checkout code	2026-01-16T08:22:53.4913837Z  * [new tag]             0.0.167                 -> 0.0.167
handle_failure	Checkout code	2026-01-16T08:22:53.4914988Z  * [new tag]             0.0.168                 -> 0.0.168
handle_failure	Checkout code	2026-01-16T08:22:53.4916113Z  * [new tag]             0.0.169                 -> 0.0.169
handle_failure	Checkout code	2026-01-16T08:22:53.4917268Z  * [new tag]             0.0.17                  -> 0.0.17
handle_failure	Checkout code	2026-01-16T08:22:53.4918420Z  * [new tag]             0.0.170                 -> 0.0.170
handle_failure	Checkout code	2026-01-16T08:22:53.4919553Z  * [new tag]             0.0.171                 -> 0.0.171
handle_failure	Checkout code	2026-01-16T08:22:53.4920974Z  * [new tag]             0.0.172                 -> 0.0.172
handle_failure	Checkout code	2026-01-16T08:22:53.4922260Z  * [new tag]             0.0.173                 -> 0.0.173
handle_failure	Checkout code	2026-01-16T08:22:53.4923530Z  * [new tag]             0.0.174                 -> 0.0.174
handle_failure	Checkout code	2026-01-16T08:22:53.4924800Z  * [new tag]             0.0.175                 -> 0.0.175
handle_failure	Checkout code	2026-01-16T08:22:53.4926109Z  * [new tag]             0.0.176                 -> 0.0.176
handle_failure	Checkout code	2026-01-16T08:22:53.4927370Z  * [new tag]             0.0.177                 -> 0.0.177
handle_failure	Checkout code	2026-01-16T08:22:53.4928669Z  * [new tag]             0.0.178                 -> 0.0.178
handle_failure	Checkout code	2026-01-16T08:22:53.4930023Z  * [new tag]             0.0.179                 -> 0.0.179
handle_failure	Checkout code	2026-01-16T08:22:53.4931393Z  * [new tag]             0.0.18                  -> 0.0.18
handle_failure	Checkout code	2026-01-16T08:22:53.4932699Z  * [new tag]             0.0.19                  -> 0.0.19
handle_failure	Checkout code	2026-01-16T08:22:53.4933923Z  * [new tag]             0.0.2                   -> 0.0.2
handle_failure	Checkout code	2026-01-16T08:22:53.4935198Z  * [new tag]             0.0.20                  -> 0.0.20
handle_failure	Checkout code	2026-01-16T08:22:53.4936465Z  * [new tag]             0.0.21                  -> 0.0.21
handle_failure	Checkout code	2026-01-16T08:22:53.4937717Z  * [new tag]             0.0.22                  -> 0.0.22
handle_failure	Checkout code	2026-01-16T08:22:53.4938990Z  * [new tag]             0.0.23                  -> 0.0.23
handle_failure	Checkout code	2026-01-16T08:22:53.4940308Z  * [new tag]             0.0.24                  -> 0.0.24
handle_failure	Checkout code	2026-01-16T08:22:53.4942009Z  * [new tag]             0.0.25                  -> 0.0.25
handle_failure	Checkout code	2026-01-16T08:22:53.4943285Z  * [new tag]             0.0.26                  -> 0.0.26
handle_failure	Checkout code	2026-01-16T08:22:53.4944697Z  * [new tag]             0.0.27                  -> 0.0.27
handle_failure	Checkout code	2026-01-16T08:22:53.4946192Z  * [new tag]             0.0.28                  -> 0.0.28
handle_failure	Checkout code	2026-01-16T08:22:53.4947476Z  * [new tag]             0.0.29                  -> 0.0.29
handle_failure	Checkout code	2026-01-16T08:22:53.4948753Z  * [new tag]             0.0.3                   -> 0.0.3
handle_failure	Checkout code	2026-01-16T08:22:53.4950102Z  * [new tag]             0.0.30                  -> 0.0.30
handle_failure	Checkout code	2026-01-16T08:22:53.4951375Z  * [new tag]             0.0.31                  -> 0.0.31
handle_failure	Checkout code	2026-01-16T08:22:53.4952622Z  * [new tag]             0.0.32                  -> 0.0.32
handle_failure	Checkout code	2026-01-16T08:22:53.4953887Z  * [new tag]             0.0.33                  -> 0.0.33
handle_failure	Checkout code	2026-01-16T08:22:53.4955147Z  * [new tag]             0.0.34                  -> 0.0.34
handle_failure	Checkout code	2026-01-16T08:22:53.4957026Z  * [new tag]             0.0.35                  -> 0.0.35
handle_failure	Checkout code	2026-01-16T08:22:53.4958308Z  * [new tag]             0.0.36                  -> 0.0.36
handle_failure	Checkout code	2026-01-16T08:22:53.4959584Z  * [new tag]             0.0.37                  -> 0.0.37
handle_failure	Checkout code	2026-01-16T08:22:53.4960916Z  * [new tag]             0.0.38                  -> 0.0.38
handle_failure	Checkout code	2026-01-16T08:22:53.4962052Z  * [new tag]             0.0.39                  -> 0.0.39
handle_failure	Checkout code	2026-01-16T08:22:53.4963186Z  * [new tag]             0.0.4                   -> 0.0.4
handle_failure	Checkout code	2026-01-16T08:22:53.4964302Z  * [new tag]             0.0.40                  -> 0.0.40
handle_failure	Checkout code	2026-01-16T08:22:53.4965432Z  * [new tag]             0.0.41                  -> 0.0.41
handle_failure	Checkout code	2026-01-16T08:22:53.4966644Z  * [new tag]             0.0.42                  -> 0.0.42
handle_failure	Checkout code	2026-01-16T08:22:53.4967928Z  * [new tag]             0.0.43                  -> 0.0.43
handle_failure	Checkout code	2026-01-16T08:22:53.4969191Z  * [new tag]             0.0.44                  -> 0.0.44
handle_failure	Checkout code	2026-01-16T08:22:53.4970488Z  * [new tag]             0.0.45                  -> 0.0.45
handle_failure	Checkout code	2026-01-16T08:22:53.4971794Z  * [new tag]             0.0.46                  -> 0.0.46
handle_failure	Checkout code	2026-01-16T08:22:53.4973059Z  * [new tag]             0.0.47                  -> 0.0.47
handle_failure	Checkout code	2026-01-16T08:22:53.4974294Z  * [new tag]             0.0.48                  -> 0.0.48
handle_failure	Checkout code	2026-01-16T08:22:53.4975553Z  * [new tag]             0.0.49                  -> 0.0.49
handle_failure	Checkout code	2026-01-16T08:22:53.4976800Z  * [new tag]             0.0.5                   -> 0.0.5
handle_failure	Checkout code	2026-01-16T08:22:53.4978213Z  * [new tag]             0.0.50                  -> 0.0.50
handle_failure	Checkout code	2026-01-16T08:22:53.4979474Z  * [new tag]             0.0.51                  -> 0.0.51
handle_failure	Checkout code	2026-01-16T08:22:53.4980839Z  * [new tag]             0.0.52                  -> 0.0.52
handle_failure	Checkout code	2026-01-16T08:22:53.4982102Z  * [new tag]             0.0.53                  -> 0.0.53
handle_failure	Checkout code	2026-01-16T08:22:53.4983374Z  * [new tag]             0.0.54                  -> 0.0.54
handle_failure	Checkout code	2026-01-16T08:22:53.4984607Z  * [new tag]             0.0.55                  -> 0.0.55
handle_failure	Checkout code	2026-01-16T08:22:53.4985888Z  * [new tag]             0.0.56                  -> 0.0.56
handle_failure	Checkout code	2026-01-16T08:22:53.4987205Z  * [new tag]             0.0.57                  -> 0.0.57
handle_failure	Checkout code	2026-01-16T08:22:53.4988472Z  * [new tag]             0.0.58                  -> 0.0.58
handle_failure	Checkout code	2026-01-16T08:22:53.4989682Z  * [new tag]             0.0.59                  -> 0.0.59
handle_failure	Checkout code	2026-01-16T08:22:53.4990985Z  * [new tag]             0.0.6                   -> 0.0.6
handle_failure	Checkout code	2026-01-16T08:22:53.4992263Z  * [new tag]             0.0.60                  -> 0.0.60
handle_failure	Checkout code	2026-01-16T08:22:53.4993526Z  * [new tag]             0.0.61                  -> 0.0.61
handle_failure	Checkout code	2026-01-16T08:22:53.4994762Z  * [new tag]             0.0.62                  -> 0.0.62
handle_failure	Checkout code	2026-01-16T08:22:53.4996027Z  * [new tag]             0.0.63                  -> 0.0.63
handle_failure	Checkout code	2026-01-16T08:22:53.4997295Z  * [new tag]             0.0.64                  -> 0.0.64
handle_failure	Checkout code	2026-01-16T08:22:53.4998539Z  * [new tag]             0.0.65                  -> 0.0.65
handle_failure	Checkout code	2026-01-16T08:22:53.4999879Z  * [new tag]             0.0.66                  -> 0.0.66
handle_failure	Checkout code	2026-01-16T08:22:53.5001566Z  * [new tag]             0.0.67                  -> 0.0.67
handle_failure	Checkout code	2026-01-16T08:22:53.5002829Z  * [new tag]             0.0.68                  -> 0.0.68
handle_failure	Checkout code	2026-01-16T08:22:53.5004103Z  * [new tag]             0.0.69                  -> 0.0.69
handle_failure	Checkout code	2026-01-16T08:22:53.5005333Z  * [new tag]             0.0.7                   -> 0.0.7
handle_failure	Checkout code	2026-01-16T08:22:53.5006582Z  * [new tag]             0.0.70                  -> 0.0.70
handle_failure	Checkout code	2026-01-16T08:22:53.5007829Z  * [new tag]             0.0.71                  -> 0.0.71
handle_failure	Checkout code	2026-01-16T08:22:53.5009075Z  * [new tag]             0.0.72                  -> 0.0.72
handle_failure	Checkout code	2026-01-16T08:22:53.5010397Z  * [new tag]             0.0.73                  -> 0.0.73
handle_failure	Checkout code	2026-01-16T08:22:53.5011569Z  * [new tag]             0.0.74                  -> 0.0.74
handle_failure	Checkout code	2026-01-16T08:22:53.5012471Z  * [new tag]             0.0.75                  -> 0.0.75
handle_failure	Checkout code	2026-01-16T08:22:53.5013372Z  * [new tag]             0.0.76                  -> 0.0.76
handle_failure	Checkout code	2026-01-16T08:22:53.5014258Z  * [new tag]             0.0.77                  -> 0.0.77
handle_failure	Checkout code	2026-01-16T08:22:53.5015555Z  * [new tag]             0.0.78                  -> 0.0.78
handle_failure	Checkout code	2026-01-16T08:22:53.5016451Z  * [new tag]             0.0.79                  -> 0.0.79
handle_failure	Checkout code	2026-01-16T08:22:53.5017333Z  * [new tag]             0.0.8                   -> 0.0.8
handle_failure	Checkout code	2026-01-16T08:22:53.5018224Z  * [new tag]             0.0.80                  -> 0.0.80
handle_failure	Checkout code	2026-01-16T08:22:53.5019113Z  * [new tag]             0.0.81                  -> 0.0.81
handle_failure	Checkout code	2026-01-16T08:22:53.5020244Z  * [new tag]             0.0.82                  -> 0.0.82
handle_failure	Checkout code	2026-01-16T08:22:53.5021148Z  * [new tag]             0.0.83                  -> 0.0.83
handle_failure	Checkout code	2026-01-16T08:22:53.5022025Z  * [new tag]             0.0.84                  -> 0.0.84
handle_failure	Checkout code	2026-01-16T08:22:53.5022914Z  * [new tag]             0.0.85                  -> 0.0.85
handle_failure	Checkout code	2026-01-16T08:22:53.5023796Z  * [new tag]             0.0.86                  -> 0.0.86
handle_failure	Checkout code	2026-01-16T08:22:53.5024674Z  * [new tag]             0.0.87                  -> 0.0.87
handle_failure	Checkout code	2026-01-16T08:22:53.5025574Z  * [new tag]             0.0.88                  -> 0.0.88
handle_failure	Checkout code	2026-01-16T08:22:53.5026476Z  * [new tag]             0.0.89                  -> 0.0.89
handle_failure	Checkout code	2026-01-16T08:22:53.5027354Z  * [new tag]             0.0.9                   -> 0.0.9
handle_failure	Checkout code	2026-01-16T08:22:53.5028241Z  * [new tag]             0.0.90                  -> 0.0.90
handle_failure	Checkout code	2026-01-16T08:22:53.5029122Z  * [new tag]             0.0.91                  -> 0.0.91
handle_failure	Checkout code	2026-01-16T08:22:53.5030169Z  * [new tag]             0.0.92                  -> 0.0.92
handle_failure	Checkout code	2026-01-16T08:22:53.5030964Z  * [new tag]             0.0.93                  -> 0.0.93
handle_failure	Checkout code	2026-01-16T08:22:53.5031589Z  * [new tag]             0.0.94                  -> 0.0.94
handle_failure	Checkout code	2026-01-16T08:22:53.5032227Z  * [new tag]             0.0.95                  -> 0.0.95
handle_failure	Checkout code	2026-01-16T08:22:53.5032866Z  * [new tag]             0.0.96                  -> 0.0.96
handle_failure	Checkout code	2026-01-16T08:22:53.5033491Z  * [new tag]             0.0.97                  -> 0.0.97
handle_failure	Checkout code	2026-01-16T08:22:53.5034133Z  * [new tag]             0.0.98                  -> 0.0.98
handle_failure	Checkout code	2026-01-16T08:22:53.5034789Z  * [new tag]             0.0.99                  -> 0.0.99
handle_failure	Checkout code	2026-01-16T08:22:53.5035421Z  * [new tag]             0.1.0                   -> 0.1.0
handle_failure	Checkout code	2026-01-16T08:22:53.5036058Z  * [new tag]             0.1.1                   -> 0.1.1
handle_failure	Checkout code	2026-01-16T08:22:53.5036726Z  * [new tag]             0.2.0                   -> 0.2.0
handle_failure	Checkout code	2026-01-16T08:22:53.5037361Z  * [new tag]             0.3.0                   -> 0.3.0
handle_failure	Checkout code	2026-01-16T08:22:53.5037989Z  * [new tag]             0.3.1                   -> 0.3.1
handle_failure	Checkout code	2026-01-16T08:22:53.5038621Z  * [new tag]             0.3.10                  -> 0.3.10
handle_failure	Checkout code	2026-01-16T08:22:53.5039261Z  * [new tag]             0.3.11                  -> 0.3.11
handle_failure	Checkout code	2026-01-16T08:22:53.5040078Z  * [new tag]             0.3.12                  -> 0.3.12
handle_failure	Checkout code	2026-01-16T08:22:53.5040845Z  * [new tag]             0.3.13                  -> 0.3.13
handle_failure	Checkout code	2026-01-16T08:22:53.5041489Z  * [new tag]             0.3.14                  -> 0.3.14
handle_failure	Checkout code	2026-01-16T08:22:53.5042137Z  * [new tag]             0.3.15                  -> 0.3.15
handle_failure	Checkout code	2026-01-16T08:22:53.5043062Z  * [new tag]             0.3.16                  -> 0.3.16
handle_failure	Checkout code	2026-01-16T08:22:53.5043698Z  * [new tag]             0.3.17                  -> 0.3.17
handle_failure	Checkout code	2026-01-16T08:22:53.5044342Z  * [new tag]             0.3.2                   -> 0.3.2
handle_failure	Checkout code	2026-01-16T08:22:53.5044977Z  * [new tag]             0.3.3                   -> 0.3.3
handle_failure	Checkout code	2026-01-16T08:22:53.5045598Z  * [new tag]             0.3.4                   -> 0.3.4
handle_failure	Checkout code	2026-01-16T08:22:53.5046368Z  * [new tag]             0.3.5                   -> 0.3.5
handle_failure	Checkout code	2026-01-16T08:22:53.5047037Z  * [new tag]             0.3.6                   -> 0.3.6
handle_failure	Checkout code	2026-01-16T08:22:53.5047676Z  * [new tag]             0.3.7                   -> 0.3.7
handle_failure	Checkout code	2026-01-16T08:22:53.5048315Z  * [new tag]             0.3.8                   -> 0.3.8
handle_failure	Checkout code	2026-01-16T08:22:53.5048939Z  * [new tag]             0.3.9                   -> 0.3.9
handle_failure	Checkout code	2026-01-16T08:22:53.5049691Z  * [new tag]             0.4.0                   -> 0.4.0
handle_failure	Checkout code	2026-01-16T08:22:53.5050421Z  * [new tag]             0.4.1                   -> 0.4.1
handle_failure	Checkout code	2026-01-16T08:22:53.5051325Z  * [new tag]             0.4.10                  -> 0.4.10
handle_failure	Checkout code	2026-01-16T08:22:53.5051969Z  * [new tag]             0.4.2                   -> 0.4.2
handle_failure	Checkout code	2026-01-16T08:22:53.5052604Z  * [new tag]             0.4.3                   -> 0.4.3
handle_failure	Checkout code	2026-01-16T08:22:53.5053217Z  * [new tag]             0.4.4                   -> 0.4.4
handle_failure	Checkout code	2026-01-16T08:22:53.5053852Z  * [new tag]             0.4.5                   -> 0.4.5
handle_failure	Checkout code	2026-01-16T08:22:53.5054482Z  * [new tag]             0.4.6                   -> 0.4.6
handle_failure	Checkout code	2026-01-16T08:22:53.5055097Z  * [new tag]             0.4.7                   -> 0.4.7
handle_failure	Checkout code	2026-01-16T08:22:53.5055732Z  * [new tag]             0.4.8                   -> 0.4.8
handle_failure	Checkout code	2026-01-16T08:22:53.5056356Z  * [new tag]             0.4.9                   -> 0.4.9
handle_failure	Checkout code	2026-01-16T08:22:53.5335712Z [command]/usr/bin/git branch --list --remote origin/H2559-modulo-de-conexion-ssh
handle_failure	Checkout code	2026-01-16T08:22:53.5425232Z   origin/H2559-modulo-de-conexion-ssh
handle_failure	Checkout code	2026-01-16T08:22:53.5441744Z [command]/usr/bin/git rev-parse refs/remotes/origin/H2559-modulo-de-conexion-ssh
handle_failure	Checkout code	2026-01-16T08:22:53.5473249Z d5f1272c9e7d30420e41045ee608f41d2b441dbc
handle_failure	Checkout code	2026-01-16T08:22:53.5492693Z [command]/usr/bin/git -c protocol.version=2 fetch --no-tags --prune --no-recurse-submodules origin +14636c0e5881b6dd28a7cdae756fde5f2acfba10:refs/remotes/origin/H2559-modulo-de-conexion-ssh
handle_failure	Checkout code	2026-01-16T08:22:53.5737922Z From https://github.com/Ka0s-Klaus/ka0s
handle_failure	Checkout code	2026-01-16T08:22:53.5739469Z  + d5f1272c9...14636c0e5 14636c0e5881b6dd28a7cdae756fde5f2acfba10 -> origin/H2559-modulo-de-conexion-ssh  (forced update)
handle_failure	Checkout code	2026-01-16T08:22:53.6699252Z ##[endgroup]
handle_failure	Checkout code	2026-01-16T08:22:53.6717284Z ##[group]Determining the checkout info
handle_failure	Checkout code	2026-01-16T08:22:53.6719465Z ##[endgroup]
handle_failure	Checkout code	2026-01-16T08:22:53.6720611Z [command]/usr/bin/git sparse-checkout disable
handle_failure	Checkout code	2026-01-16T08:22:54.7266951Z [command]/usr/bin/git config --local --unset-all extensions.worktreeConfig
handle_failure	Checkout code	2026-01-16T08:22:56.7993862Z ##[group]Checking out the ref
handle_failure	Checkout code	2026-01-16T08:22:56.8006929Z [command]/usr/bin/git checkout --progress --force -B H2559-modulo-de-conexion-ssh refs/remotes/origin/H2559-modulo-de-conexion-ssh
handle_failure	Checkout code	2026-01-16T08:22:58.1399165Z Updating files:  77% (450/583)
handle_failure	Checkout code	2026-01-16T08:22:58.1926953Z Updating files:  78% (455/583)
handle_failure	Checkout code	2026-01-16T08:22:58.2442337Z Updating files:  79% (461/583)
handle_failure	Checkout code	2026-01-16T08:22:58.2963100Z Updating files:  80% (467/583)
handle_failure	Checkout code	2026-01-16T08:22:58.3851498Z Updating files:  81% (473/583)
handle_failure	Checkout code	2026-01-16T08:22:58.4260991Z Updating files:  82% (479/583)
handle_failure	Checkout code	2026-01-16T08:22:58.4268618Z Updating files:  83% (484/583)
handle_failure	Checkout code	2026-01-16T08:22:58.4275710Z Updating files:  84% (490/583)
handle_failure	Checkout code	2026-01-16T08:22:58.4282152Z Updating files:  85% (496/583)
handle_failure	Checkout code	2026-01-16T08:22:58.4287589Z Updating files:  86% (502/583)
handle_failure	Checkout code	2026-01-16T08:22:58.4296309Z Updating files:  87% (508/583)
handle_failure	Checkout code	2026-01-16T08:22:58.4301466Z Updating files:  88% (514/583)
handle_failure	Checkout code	2026-01-16T08:22:58.4307392Z Updating files:  89% (519/583)
handle_failure	Checkout code	2026-01-16T08:22:58.4313777Z Updating files:  90% (525/583)
handle_failure	Checkout code	2026-01-16T08:22:58.4318699Z Updating files:  91% (531/583)
handle_failure	Checkout code	2026-01-16T08:22:58.4407676Z Updating files:  92% (537/583)
handle_failure	Checkout code	2026-01-16T08:22:58.4413799Z Updating files:  93% (543/583)
handle_failure	Checkout code	2026-01-16T08:22:58.4418281Z Updating files:  94% (549/583)
handle_failure	Checkout code	2026-01-16T08:22:58.4433986Z Updating files:  95% (554/583)
handle_failure	Checkout code	2026-01-16T08:22:58.4442767Z Updating files:  96% (560/583)
handle_failure	Checkout code	2026-01-16T08:22:58.4455398Z Updating files:  97% (566/583)
handle_failure	Checkout code	2026-01-16T08:22:58.4460189Z Updating files:  98% (572/583)
handle_failure	Checkout code	2026-01-16T08:22:58.4466652Z Updating files:  99% (578/583)
handle_failure	Checkout code	2026-01-16T08:22:58.4467467Z Updating files: 100% (583/583)
handle_failure	Checkout code	2026-01-16T08:22:58.4468256Z Updating files: 100% (583/583), done.
handle_failure	Checkout code	2026-01-16T08:23:01.0857820Z Switched to a new branch 'H2559-modulo-de-conexion-ssh'
handle_failure	Checkout code	2026-01-16T08:23:01.0884884Z branch 'H2559-modulo-de-conexion-ssh' set up to track 'origin/H2559-modulo-de-conexion-ssh'.
handle_failure	Checkout code	2026-01-16T08:23:01.0991867Z ##[endgroup]
handle_failure	Checkout code	2026-01-16T08:23:01.1069889Z [command]/usr/bin/git log -1 --format=%H
handle_failure	Checkout code	2026-01-16T08:23:01.1109235Z 14636c0e5881b6dd28a7cdae756fde5f2acfba10
handle_failure	Install GH CLI	ï»¿2026-01-16T08:23:01.1646430Z Prepare all required actions
handle_failure	Install GH CLI	2026-01-16T08:23:01.6887976Z ##[group]Run ./.github/actions/install-gh-cli
handle_failure	Install GH CLI	2026-01-16T08:23:01.6888946Z env:
handle_failure	Install GH CLI	2026-01-16T08:23:01.6889509Z   KAOS_MODULE: [Ka0S] JSONLINT
handle_failure	Install GH CLI	2026-01-16T08:23:01.6891580Z   GH_TOKEN: ***
handle_failure	Install GH CLI	2026-01-16T08:23:01.6892924Z   KAOS_JSONLINT_CONFIG: core/config/.jsonlint.json
handle_failure	Install GH CLI	2026-01-16T08:23:01.6894050Z   KAOS_PATH_RESUME: audit/jsonlint/
handle_failure	Install GH CLI	2026-01-16T08:23:01.6895539Z   KAOS_REPO: /actions-runner/_work/kaos/kaos
handle_failure	Install GH CLI	2026-01-16T08:23:01.6916345Z   KAOS_STEP_MODULE: 
handle_failure	Install GH CLI	2026-01-16T08:23:01.6917230Z   KAOS_CODE: 21059980650
handle_failure	Install GH CLI	2026-01-16T08:23:01.6917812Z   KAOS_REF_BRANCH: main
handle_failure	Install GH CLI	2026-01-16T08:23:01.6918329Z ##[endgroup]
handle_failure	Install GH CLI	2026-01-16T08:23:03.2453757Z ##[group]Run type -p curl >/dev/null || (sudo apt-get update && sudo apt-get install curl -y)
handle_failure	Install GH CLI	2026-01-16T08:23:03.2455430Z [36;1mtype -p curl >/dev/null || (sudo apt-get update && sudo apt-get install curl -y)[0m
handle_failure	Install GH CLI	2026-01-16T08:23:03.2457608Z [36;1mcurl -fsSL https://cli.github.com/packages/githubcli-archive-keyring.gpg | sudo dd of=/usr/share/keyrings/githubcli-archive-keyring.gpg \[0m
handle_failure	Install GH CLI	2026-01-16T08:23:03.2460073Z [36;1m&& sudo chmod go+r /usr/share/keyrings/githubcli-archive-keyring.gpg \[0m
handle_failure	Install GH CLI	2026-01-16T08:23:03.2462953Z [36;1m&& echo "deb [arch=$(dpkg --print-architecture) signed-by=/usr/share/keyrings/githubcli-archive-keyring.gpg] https://cli.github.com/packages stable main" | sudo tee /etc/apt/sources.list.d/github-cli.list > /dev/null \[0m
handle_failure	Install GH CLI	2026-01-16T08:23:03.2465531Z [36;1m&& sudo apt-get update \[0m
handle_failure	Install GH CLI	2026-01-16T08:23:03.2466120Z [36;1m&& sudo apt-get install gh -y[0m
handle_failure	Install GH CLI	2026-01-16T08:23:03.2491273Z shell: /usr/bin/bash --noprofile --norc -e -o pipefail {0}
handle_failure	Install GH CLI	2026-01-16T08:23:03.2492191Z env:
handle_failure	Install GH CLI	2026-01-16T08:23:03.2492572Z   KAOS_MODULE: [Ka0S] JSONLINT
handle_failure	Install GH CLI	2026-01-16T08:23:03.2493555Z   GH_TOKEN: ***
handle_failure	Install GH CLI	2026-01-16T08:23:03.2494053Z   KAOS_JSONLINT_CONFIG: core/config/.jsonlint.json
handle_failure	Install GH CLI	2026-01-16T08:23:03.2494730Z   KAOS_PATH_RESUME: audit/jsonlint/
handle_failure	Install GH CLI	2026-01-16T08:23:03.2495343Z   KAOS_REPO: /actions-runner/_work/kaos/kaos
handle_failure	Install GH CLI	2026-01-16T08:23:03.2495988Z   KAOS_STEP_MODULE: 
handle_failure	Install GH CLI	2026-01-16T08:23:03.2496385Z   KAOS_CODE: 21059980650
handle_failure	Install GH CLI	2026-01-16T08:23:03.2496822Z   KAOS_REF_BRANCH: main
handle_failure	Install GH CLI	2026-01-16T08:23:03.2497230Z ##[endgroup]
handle_failure	Install GH CLI	2026-01-16T08:23:13.9880623Z 4+1 records in
handle_failure	Install GH CLI	2026-01-16T08:23:13.9881484Z 4+1 records out
handle_failure	Install GH CLI	2026-01-16T08:23:37.7911897Z 2270 bytes (2.3 kB, 2.2 KiB) copied, 0.000311772 s, 7.3 MB/s
handle_failure	Install GH CLI	2026-01-16T08:23:37.7913463Z Get:1 http://archive.ubuntu.com/ubuntu noble InRelease [256 kB]
handle_failure	Install GH CLI	2026-01-16T08:23:37.7963392Z Get:2 https://cli.github.com/packages stable InRelease [3917 B]
handle_failure	Install GH CLI	2026-01-16T08:23:37.8399309Z Get:3 http://security.ubuntu.com/ubuntu noble-security InRelease [126 kB]
handle_failure	Install GH CLI	2026-01-16T08:23:37.9400385Z Get:4 https://ppa.launchpadcontent.net/git-core/ppa/ubuntu noble InRelease [24.3 kB]
handle_failure	Install GH CLI	2026-01-16T08:23:38.6299817Z Get:5 http://archive.ubuntu.com/ubuntu noble-updates InRelease [126 kB]
handle_failure	Install GH CLI	2026-01-16T08:23:38.7775754Z Get:6 http://archive.ubuntu.com/ubuntu noble-backports InRelease [126 kB]
handle_failure	Install GH CLI	2026-01-16T08:23:40.1748169Z Get:7 https://ppa.launchpadcontent.net/git-core/ppa/ubuntu noble/main amd64 Packages [2994 B]
handle_failure	Install GH CLI	2026-01-16T08:23:40.2277056Z Get:8 https://cli.github.com/packages stable/main amd64 Packages [354 B]
handle_failure	Install GH CLI	2026-01-16T08:23:40.3450819Z Get:9 http://security.ubuntu.com/ubuntu noble-security/universe amd64 Packages [1189 kB]
handle_failure	Install GH CLI	2026-01-16T08:23:40.4072527Z Get:10 http://archive.ubuntu.com/ubuntu noble/main amd64 Packages [1808 kB]
handle_failure	Install GH CLI	2026-01-16T08:23:41.4410262Z Get:11 http://security.ubuntu.com/ubuntu noble-security/multiverse amd64 Packages [33.1 kB]
handle_failure	Install GH CLI	2026-01-16T08:23:41.4485064Z Get:12 http://security.ubuntu.com/ubuntu noble-security/main amd64 Packages [1769 kB]
handle_failure	Install GH CLI	2026-01-16T08:23:41.4805074Z Get:13 http://archive.ubuntu.com/ubuntu noble/universe amd64 Packages [19.3 MB]
handle_failure	Install GH CLI	2026-01-16T08:23:42.5455196Z Get:14 http://security.ubuntu.com/ubuntu noble-security/restricted amd64 Packages [2919 kB]
handle_failure	Install GH CLI	2026-01-16T08:23:43.9388174Z Get:15 http://archive.ubuntu.com/ubuntu noble/restricted amd64 Packages [117 kB]
handle_failure	Install GH CLI	2026-01-16T08:23:44.1295365Z Get:16 http://archive.ubuntu.com/ubuntu noble/multiverse amd64 Packages [331 kB]
handle_failure	Install GH CLI	2026-01-16T08:23:44.5933746Z Get:17 http://archive.ubuntu.com/ubuntu noble-updates/universe amd64 Packages [1956 kB]
handle_failure	Install GH CLI	2026-01-16T08:23:45.3793954Z Get:18 http://archive.ubuntu.com/ubuntu noble-updates/restricted amd64 Packages [3077 kB]
handle_failure	Install GH CLI	2026-01-16T08:23:46.8225804Z Get:19 http://archive.ubuntu.com/ubuntu noble-updates/main amd64 Packages [2142 kB]
handle_failure	Install GH CLI	2026-01-16T08:23:47.9713102Z Get:20 http://archive.ubuntu.com/ubuntu noble-updates/multiverse amd64 Packages [35.9 kB]
handle_failure	Install GH CLI	2026-01-16T08:23:48.3852231Z Get:21 http://archive.ubuntu.com/ubuntu noble-backports/universe amd64 Packages [34.6 kB]
handle_failure	Install GH CLI	2026-01-16T08:23:48.9437461Z Get:22 http://archive.ubuntu.com/ubuntu noble-backports/main amd64 Packages [49.5 kB]
handle_failure	Install GH CLI	2026-01-16T08:23:49.2635778Z Fetched 35.4 MB in 11s (3147 kB/s)
handle_failure	Install GH CLI	2026-01-16T08:23:50.9019330Z Reading package lists...
handle_failure	Install GH CLI	2026-01-16T08:23:56.2147451Z Reading package lists...
handle_failure	Install GH CLI	2026-01-16T08:23:56.5347423Z Building dependency tree...
handle_failure	Install GH CLI	2026-01-16T08:23:56.5349354Z Reading state information...
handle_failure	Install GH CLI	2026-01-16T08:24:07.9022953Z The following NEW packages will be installed:
handle_failure	Install GH CLI	2026-01-16T08:24:07.9047785Z   gh
handle_failure	Install GH CLI	2026-01-16T08:24:08.4499033Z 0 upgraded, 1 newly installed, 0 to remove and 5 not upgraded.
handle_failure	Install GH CLI	2026-01-16T08:24:08.4500563Z Need to get 13.7 MB of archives.
handle_failure	Install GH CLI	2026-01-16T08:24:08.4503001Z After this operation, 37.9 MB of additional disk space will be used.
handle_failure	Install GH CLI	2026-01-16T08:24:08.4504907Z Get:1 https://cli.github.com/packages stable/main amd64 gh amd64 2.85.0 [13.7 MB]
handle_failure	Install GH CLI	2026-01-16T08:24:24.2870917Z debconf: delaying package configuration, since apt-utils is not installed
handle_failure	Install GH CLI	2026-01-16T08:24:27.2757752Z Fetched 13.7 MB in 2s (9104 kB/s)
handle_failure	Install GH CLI	2026-01-16T08:24:38.3137898Z Selecting previously unselected package gh.
handle_failure	Install GH CLI	2026-01-16T08:24:38.3240968Z (Reading database ... 
handle_failure	Install GH CLI	2026-01-16T08:24:38.3249985Z (Reading database ... 5%
handle_failure	Install GH CLI	2026-01-16T08:24:38.3250984Z (Reading database ... 10%
handle_failure	Install GH CLI	2026-01-16T08:24:38.3251653Z (Reading database ... 15%
handle_failure	Install GH CLI	2026-01-16T08:24:38.3252185Z (Reading database ... 20%
handle_failure	Install GH CLI	2026-01-16T08:24:38.3252987Z (Reading database ... 25%
handle_failure	Install GH CLI	2026-01-16T08:24:38.3253571Z (Reading database ... 30%
handle_failure	Install GH CLI	2026-01-16T08:24:38.3254084Z (Reading database ... 35%
handle_failure	Install GH CLI	2026-01-16T08:24:38.3254620Z (Reading database ... 40%
handle_failure	Install GH CLI	2026-01-16T08:24:38.3255139Z (Reading database ... 45%
handle_failure	Install GH CLI	2026-01-16T08:24:38.3255645Z (Reading database ... 50%
handle_failure	Install GH CLI	2026-01-16T08:24:38.3256166Z (Reading database ... 55%
handle_failure	Install GH CLI	2026-01-16T08:24:38.3256677Z (Reading database ... 60%
handle_failure	Install GH CLI	2026-01-16T08:24:38.3299406Z (Reading database ... 65%
handle_failure	Install GH CLI	2026-01-16T08:24:38.3311981Z (Reading database ... 70%
handle_failure	Install GH CLI	2026-01-16T08:24:38.3344344Z (Reading database ... 75%
handle_failure	Install GH CLI	2026-01-16T08:24:38.3390305Z (Reading database ... 80%
handle_failure	Install GH CLI	2026-01-16T08:24:38.3413752Z (Reading database ... 85%
handle_failure	Install GH CLI	2026-01-16T08:24:38.3433898Z (Reading database ... 90%
handle_failure	Install GH CLI	2026-01-16T08:24:38.3488488Z (Reading database ... 95%
handle_failure	Install GH CLI	2026-01-16T08:24:38.3489424Z (Reading database ... 100%
handle_failure	Install GH CLI	2026-01-16T08:24:38.3491108Z (Reading database ... 14385 files and directories currently installed.)
handle_failure	Install GH CLI	2026-01-16T08:24:38.3505284Z Preparing to unpack .../archives/gh_2.85.0_amd64.deb ...
handle_failure	Install GH CLI	2026-01-16T08:24:39.9344479Z Unpacking gh (2.85.0) ...
handle_failure	Install GH CLI	2026-01-16T08:25:08.9949090Z Setting up gh (2.85.0) ...
handle_failure	handle-failure-execution	ï»¿2026-01-16T08:25:26.7870348Z ##[group]Run echo "Error detected in process"
handle_failure	handle-failure-execution	2026-01-16T08:25:26.7871529Z [36;1mecho "Error detected in process"[0m
handle_failure	handle-failure-execution	2026-01-16T08:25:26.7872425Z [36;1mecho "Created issue"[0m
handle_failure	handle-failure-execution	2026-01-16T08:25:26.7875491Z [36;1mgh issue create  --title "[Ka0S] JSONLINT Error detected in 21059980650" --label "bug" --body "Please check the logs 'https://github.com/Ka0s-Klaus/ka0s/actions/runs/21059980650' for more information of error."[0m
handle_failure	handle-failure-execution	2026-01-16T08:25:26.7878906Z [36;1mecho "Add comment to origin target"[0m
handle_failure	handle-failure-execution	2026-01-16T08:25:26.7880594Z [36;1mRNNUMBER=$(echo "refs/heads/H2559-modulo-de-conexion-ssh" | grep -o '[0-9]*')[0m
handle_failure	handle-failure-execution	2026-01-16T08:25:26.7883110Z [36;1mgh issue comment $RNNUMBER --body "El proceso no ha finalizado correctamente 21059980650. El resultado estÃ¡ en el fichero 21059980650.log"[0m
handle_failure	handle-failure-execution	2026-01-16T08:25:26.7931680Z shell: /usr/bin/bash -e {0}
handle_failure	handle-failure-execution	2026-01-16T08:25:26.7945733Z env:
handle_failure	handle-failure-execution	2026-01-16T08:25:26.7947031Z   KAOS_MODULE: [Ka0S] JSONLINT
handle_failure	handle-failure-execution	2026-01-16T08:25:26.7949471Z   GH_TOKEN: ***
handle_failure	handle-failure-execution	2026-01-16T08:25:26.7951651Z   KAOS_JSONLINT_CONFIG: core/config/.jsonlint.json
handle_failure	handle-failure-execution	2026-01-16T08:25:26.7952902Z   KAOS_PATH_RESUME: audit/jsonlint/
handle_failure	handle-failure-execution	2026-01-16T08:25:26.7954204Z   KAOS_REPO: /actions-runner/_work/kaos/kaos
handle_failure	handle-failure-execution	2026-01-16T08:25:26.7955285Z   KAOS_STEP_MODULE: 
handle_failure	handle-failure-execution	2026-01-16T08:25:26.7956110Z   KAOS_CODE: 21059980650
handle_failure	handle-failure-execution	2026-01-16T08:25:26.7956969Z   KAOS_REF_BRANCH: main
handle_failure	handle-failure-execution	2026-01-16T08:25:26.7957852Z ##[endgroup]
handle_failure	handle-failure-execution	2026-01-16T08:25:26.8264657Z Error detected in process
handle_failure	handle-failure-execution	2026-01-16T08:25:26.8267336Z Created issue
handle_failure	handle-failure-execution	2026-01-16T08:25:28.9302972Z https://github.com/Ka0s-Klaus/ka0s/issues/2918
handle_failure	handle-failure-execution	2026-01-16T08:25:28.9348494Z Add comment to origin target
handle_failure	handle-failure-execution	2026-01-16T08:25:29.8580090Z https://github.com/Ka0s-Klaus/ka0s/issues/2559#issuecomment-3758739164
handle_failure	Post Checkout code	ï»¿2026-01-16T08:25:29.9532814Z Post job cleanup.
handle_failure	Post Checkout code	2026-01-16T08:25:30.1894636Z [command]/usr/bin/git version
handle_failure	Post Checkout code	2026-01-16T08:25:30.2031404Z git version 2.52.0
handle_failure	Post Checkout code	2026-01-16T08:25:30.2203407Z Temporarily overriding HOME='/home/runner/_work/_temp/22fdffdf-c1f9-4313-afe2-65690b2bfdd2' before making global git config changes
handle_failure	Post Checkout code	2026-01-16T08:25:30.2209086Z Adding repository directory to the temporary git global config as a safe directory
handle_failure	Post Checkout code	2026-01-16T08:25:30.2251474Z [command]/usr/bin/git config --global --add safe.directory /home/runner/_work/ka0s/ka0s
handle_failure	Post Checkout code	2026-01-16T08:25:30.7778574Z [command]/usr/bin/git config --local --name-only --get-regexp core\.sshCommand
handle_failure	Post Checkout code	2026-01-16T08:25:30.8011334Z [command]/usr/bin/git submodule foreach --recursive sh -c "git config --local --name-only --get-regexp 'core\.sshCommand' && git config --local --unset-all 'core.sshCommand' || :"
handle_failure	Post Checkout code	2026-01-16T08:25:30.9073278Z [command]/usr/bin/git config --local --name-only --get-regexp http\.https\:\/\/github\.com\/\.extraheader
handle_failure	Post Checkout code	2026-01-16T08:25:30.9166688Z http.https://github.com/.extraheader
handle_failure	Post Checkout code	2026-01-16T08:25:30.9226969Z [command]/usr/bin/git config --local --unset-all http.https://github.com/.extraheader
handle_failure	Post Checkout code	2026-01-16T08:25:32.0434656Z [command]/usr/bin/git submodule foreach --recursive sh -c "git config --local --name-only --get-regexp 'http\.https\:\/\/github\.com\/\.extraheader' && git config --local --unset-all 'http.https://github.com/.extraheader' || :"
handle_failure	Post Checkout code	2026-01-16T08:25:32.1796567Z [command]/usr/bin/git config --local --name-only --get-regexp ^includeIf\.gitdir:
handle_failure	Post Checkout code	2026-01-16T08:25:32.1868334Z [command]/usr/bin/git submodule foreach --recursive git config --local --show-origin --name-only --get-regexp remote.origin.url
handle_failure	Complete job	ï»¿2026-01-16T08:25:33.0106311Z Cleaning up orphan processes
end-workflow	Set up job	ï»¿2026-01-16T08:28:59.9068253Z Current runner version: '2.331.0'
end-workflow	Set up job	2026-01-16T08:29:00.0177339Z Runner name: 'swarm-runners-scaleset-hkss5-runner-5tscn'
end-workflow	Set up job	2026-01-16T08:29:00.0178332Z Runner group name: 'Default'
end-workflow	Set up job	2026-01-16T08:29:00.0179368Z Machine name: 'swarm-runners-scaleset-hkss5-runner-5tscn'
end-workflow	Set up job	2026-01-16T08:29:00.0574142Z ##[group]GITHUB_TOKEN Permissions
end-workflow	Set up job	2026-01-16T08:29:00.0577486Z Actions: write
end-workflow	Set up job	2026-01-16T08:29:00.0578058Z Contents: write
end-workflow	Set up job	2026-01-16T08:29:00.0578550Z Issues: write
end-workflow	Set up job	2026-01-16T08:29:00.0579037Z Metadata: read
end-workflow	Set up job	2026-01-16T08:29:00.0579565Z PullRequests: write
end-workflow	Set up job	2026-01-16T08:29:00.0580069Z ##[endgroup]
end-workflow	Set up job	2026-01-16T08:29:00.2073411Z Secret source: Actions
end-workflow	Set up job	2026-01-16T08:29:00.2074695Z Prepare workflow directory
end-workflow	Set up job	2026-01-16T08:29:02.6189308Z Prepare all required actions
end-workflow	Set up job	2026-01-16T08:29:02.6535587Z Getting action download info
end-workflow	Set up job	2026-01-16T08:29:03.8275909Z Download action repository 'actions/checkout@v4' (SHA:34e114876b0b11c390a56381ad16ebd13914f8d5)
end-workflow	Set up job	2026-01-16T08:29:08.3385465Z Complete job name: end-workflow
end-workflow	Checkout code	ï»¿2026-01-16T08:29:09.8780364Z ##[group]Run actions/checkout@v4
end-workflow	Checkout code	2026-01-16T08:29:09.9655787Z with:
end-workflow	Checkout code	2026-01-16T08:29:09.9657099Z   fetch-depth: 0
end-workflow	Checkout code	2026-01-16T08:29:09.9657953Z   repository: Ka0s-Klaus/ka0s
end-workflow	Checkout code	2026-01-16T08:29:09.9659401Z   token: ***
end-workflow	Checkout code	2026-01-16T08:29:09.9660196Z   ssh-strict: true
end-workflow	Checkout code	2026-01-16T08:29:09.9660981Z   ssh-user: git
end-workflow	Checkout code	2026-01-16T08:29:09.9842160Z   persist-credentials: true
end-workflow	Checkout code	2026-01-16T08:29:09.9843896Z   clean: true
end-workflow	Checkout code	2026-01-16T08:29:09.9844786Z   sparse-checkout-cone-mode: true
end-workflow	Checkout code	2026-01-16T08:29:09.9895130Z   fetch-tags: false
end-workflow	Checkout code	2026-01-16T08:29:09.9896197Z   show-progress: true
end-workflow	Checkout code	2026-01-16T08:29:09.9897021Z   lfs: false
end-workflow	Checkout code	2026-01-16T08:29:09.9897778Z   submodules: false
end-workflow	Checkout code	2026-01-16T08:29:09.9898619Z   set-safe-directory: true
end-workflow	Checkout code	2026-01-16T08:29:09.9900116Z env:
end-workflow	Checkout code	2026-01-16T08:29:09.9900863Z   KAOS_MODULE: [Ka0S] JSONLINT
end-workflow	Checkout code	2026-01-16T08:29:09.9902460Z   GH_TOKEN: ***
end-workflow	Checkout code	2026-01-16T08:29:09.9903428Z   KAOS_JSONLINT_CONFIG: core/config/.jsonlint.json
end-workflow	Checkout code	2026-01-16T08:29:10.0087761Z   KAOS_PATH_RESUME: audit/jsonlint/
end-workflow	Checkout code	2026-01-16T08:29:10.0089225Z   KAOS_REPO: /actions-runner/_work/kaos/kaos
end-workflow	Checkout code	2026-01-16T08:29:10.0090313Z   KAOS_STEP_MODULE: 
end-workflow	Checkout code	2026-01-16T08:29:10.0091145Z   KAOS_CODE: 21059980650
end-workflow	Checkout code	2026-01-16T08:29:10.0169876Z   KAOS_REF_BRANCH: main
end-workflow	Checkout code	2026-01-16T08:29:10.0262876Z ##[endgroup]
end-workflow	Checkout code	2026-01-16T08:29:12.7309540Z Syncing repository: Ka0s-Klaus/ka0s
end-workflow	Checkout code	2026-01-16T08:29:12.7313460Z ##[group]Getting Git version info
end-workflow	Checkout code	2026-01-16T08:29:12.7314738Z Working directory is '/home/runner/_work/ka0s/ka0s'
end-workflow	Checkout code	2026-01-16T08:29:12.7316886Z [command]/usr/bin/git version
end-workflow	Checkout code	2026-01-16T08:29:12.7317880Z git version 2.52.0
end-workflow	Checkout code	2026-01-16T08:29:12.8115177Z ##[endgroup]
end-workflow	Checkout code	2026-01-16T08:29:12.8854943Z Temporarily overriding HOME='/home/runner/_work/_temp/88ec86a6-fd88-42be-b102-16b1f52af0ab' before making global git config changes
end-workflow	Checkout code	2026-01-16T08:29:12.8864697Z Adding repository directory to the temporary git global config as a safe directory
end-workflow	Checkout code	2026-01-16T08:29:12.8884863Z [command]/usr/bin/git config --global --add safe.directory /home/runner/_work/ka0s/ka0s
end-workflow	Checkout code	2026-01-16T08:29:12.9546699Z Deleting the contents of '/home/runner/_work/ka0s/ka0s'
end-workflow	Checkout code	2026-01-16T08:29:12.9665502Z ##[group]Initializing the repository
end-workflow	Checkout code	2026-01-16T08:29:12.9998890Z [command]/usr/bin/git init /home/runner/_work/ka0s/ka0s
end-workflow	Checkout code	2026-01-16T08:29:13.0661174Z hint: Using 'master' as the name for the initial branch. This default branch name
end-workflow	Checkout code	2026-01-16T08:29:13.0663954Z hint: will change to "main" in Git 3.0. To configure the initial branch name
end-workflow	Checkout code	2026-01-16T08:29:13.0666280Z hint: to use in all of your new repositories, which will suppress this warning,
end-workflow	Checkout code	2026-01-16T08:29:13.0809377Z hint: call:
end-workflow	Checkout code	2026-01-16T08:29:13.0812287Z hint:
end-workflow	Checkout code	2026-01-16T08:29:13.0874426Z hint: 	git config --global init.defaultBranch <name>
end-workflow	Checkout code	2026-01-16T08:29:13.0875757Z hint:
end-workflow	Checkout code	2026-01-16T08:29:13.0876829Z hint: Names commonly chosen instead of 'master' are 'main', 'trunk' and
end-workflow	Checkout code	2026-01-16T08:29:13.0878706Z hint: 'development'. The just-created branch can be renamed via this command:
end-workflow	Checkout code	2026-01-16T08:29:13.0880203Z hint:
end-workflow	Checkout code	2026-01-16T08:29:13.0880960Z hint: 	git branch -m <name>
end-workflow	Checkout code	2026-01-16T08:29:13.0882470Z hint:
end-workflow	Checkout code	2026-01-16T08:29:13.0883618Z hint: Disable this message with "git config set advice.defaultBranchName false"
end-workflow	Checkout code	2026-01-16T08:29:13.0885503Z Initialized empty Git repository in /home/runner/_work/ka0s/ka0s/.git/
end-workflow	Checkout code	2026-01-16T08:29:13.1074719Z [command]/usr/bin/git remote add origin https://github.com/Ka0s-Klaus/ka0s
end-workflow	Checkout code	2026-01-16T08:29:13.1628129Z ##[endgroup]
end-workflow	Checkout code	2026-01-16T08:29:13.1634754Z ##[group]Disabling automatic garbage collection
end-workflow	Checkout code	2026-01-16T08:29:13.1636111Z [command]/usr/bin/git config --local gc.auto 0
end-workflow	Checkout code	2026-01-16T08:29:13.2701671Z ##[endgroup]
end-workflow	Checkout code	2026-01-16T08:29:13.2703851Z ##[group]Setting up auth
end-workflow	Checkout code	2026-01-16T08:29:13.2844217Z [command]/usr/bin/git config --local --name-only --get-regexp core\.sshCommand
end-workflow	Checkout code	2026-01-16T08:29:13.3533118Z [command]/usr/bin/git submodule foreach --recursive sh -c "git config --local --name-only --get-regexp 'core\.sshCommand' && git config --local --unset-all 'core.sshCommand' || :"
end-workflow	Checkout code	2026-01-16T08:29:13.8542417Z [command]/usr/bin/git config --local --name-only --get-regexp http\.https\:\/\/github\.com\/\.extraheader
end-workflow	Checkout code	2026-01-16T08:29:13.9395526Z [command]/usr/bin/git submodule foreach --recursive sh -c "git config --local --name-only --get-regexp 'http\.https\:\/\/github\.com\/\.extraheader' && git config --local --unset-all 'http.https://github.com/.extraheader' || :"
end-workflow	Checkout code	2026-01-16T08:29:14.5813134Z [command]/usr/bin/git config --local --name-only --get-regexp ^includeIf\.gitdir:
end-workflow	Checkout code	2026-01-16T08:29:14.7142810Z [command]/usr/bin/git submodule foreach --recursive git config --local --show-origin --name-only --get-regexp remote.origin.url
end-workflow	Checkout code	2026-01-16T08:29:15.2438736Z [command]/usr/bin/git config --local http.https://github.com/.extraheader AUTHORIZATION: basic ***
end-workflow	Checkout code	2026-01-16T08:29:15.5938268Z ##[endgroup]
end-workflow	Checkout code	2026-01-16T08:29:15.5942256Z ##[group]Fetching the repository
end-workflow	Checkout code	2026-01-16T08:29:15.6194737Z [command]/usr/bin/git -c protocol.version=2 fetch --prune --no-recurse-submodules origin +refs/heads/*:refs/remotes/origin/* +refs/tags/*:refs/tags/*
end-workflow	Checkout code	2026-01-16T08:32:23.0914896Z From https://github.com/Ka0s-Klaus/ka0s
end-workflow	Checkout code	2026-01-16T08:32:23.0916025Z  * [new branch]          F1149-desarrollo-de-orchestrator -> origin/F1149-desarrollo-de-orchestrator
end-workflow	Checkout code	2026-01-16T08:32:23.0917143Z  * [new branch]          F1183-personalizaciÃ³n-mÃ³dulo-finops -> origin/F1183-personalizaciÃ³n-mÃ³dulo-finops
end-workflow	Checkout code	2026-01-16T08:32:23.1077353Z  * [new branch]          F1224-new-module-mongodb -> origin/F1224-new-module-mongodb
end-workflow	Checkout code	2026-01-16T08:32:23.1078320Z  * [new branch]          F220-web-de-resultados  -> origin/F220-web-de-resultados
end-workflow	Checkout code	2026-01-16T08:32:23.1079262Z  * [new branch]          F227-despliegue-de-kube-independiente-del-clouder -> origin/F227-despliegue-de-kube-independiente-del-clouder
end-workflow	Checkout code	2026-01-16T08:32:23.1080214Z  * [new branch]          F2438-arreglo-de-despliegue-itop -> origin/F2438-arreglo-de-despliegue-itop
end-workflow	Checkout code	2026-01-16T08:32:23.1080950Z  * [new branch]          F2559-modulo-de-conexion-ssh -> origin/F2559-modulo-de-conexion-ssh
end-workflow	Checkout code	2026-01-16T08:32:23.1081864Z  * [new branch]          F329-documentacion-metodologia-de-kaos -> origin/F329-documentacion-metodologia-de-kaos
end-workflow	Checkout code	2026-01-16T08:32:23.1083043Z  * [new branch]          F44-creaciÃ³n-mÃ³dulo-versionado -> origin/F44-creaciÃ³n-mÃ³dulo-versionado
end-workflow	Checkout code	2026-01-16T08:32:23.1083841Z  * [new branch]          H1128-mÃ³dulo-de-observabilidad -> origin/H1128-mÃ³dulo-de-observabilidad
end-workflow	Checkout code	2026-01-16T08:32:23.1084590Z  * [new branch]          H1139-como-instalar-arc-control -> origin/H1139-como-instalar-arc-control
end-workflow	Checkout code	2026-01-16T08:32:23.1085346Z  * [new branch]          H1149-desarrollo-de-orchestrator -> origin/H1149-desarrollo-de-orchestrator
end-workflow	Checkout code	2026-01-16T08:32:23.1086072Z  * [new branch]          H1150-desarrollo-de-secciones -> origin/H1150-desarrollo-de-secciones
end-workflow	Checkout code	2026-01-16T08:32:23.1086816Z  * [new branch]          H1151-desarrollo-de-secciones-ii -> origin/H1151-desarrollo-de-secciones-ii
end-workflow	Checkout code	2026-01-16T08:32:23.1087508Z  * [new branch]          H1152-desarrollo-inicio -> origin/H1152-desarrollo-inicio
end-workflow	Checkout code	2026-01-16T08:32:23.1088290Z  * [new branch]          H1183-personalizaciÃ³n-mÃ³dulo-finops -> origin/H1183-personalizaciÃ³n-mÃ³dulo-finops
end-workflow	Checkout code	2026-01-16T08:32:23.1089377Z  * [new branch]          H1193-ejemplo-web-documentacion -> origin/H1193-ejemplo-web-documentacion
end-workflow	Checkout code	2026-01-16T08:32:23.1090009Z  * [new branch]          H1205-web-creation      -> origin/H1205-web-creation
end-workflow	Checkout code	2026-01-16T08:32:23.1090564Z  * [new branch]          H1224-new-module-mongodb -> origin/H1224-new-module-mongodb
end-workflow	Checkout code	2026-01-16T08:32:23.1091143Z  * [new branch]          H1410-modulo-execution  -> origin/H1410-modulo-execution
end-workflow	Checkout code	2026-01-16T08:32:23.1152620Z  * [new branch]          H1514-new-swarm-deployment-stack-with-actions-runners-autoscale -> origin/H1514-new-swarm-deployment-stack-with-actions-runners-autoscale
end-workflow	Checkout code	2026-01-16T08:32:23.1154518Z  * [new branch]          H1968-modulo-personalizaciÃ³n-del-portal-de-kaos-core -> origin/H1968-modulo-personalizaciÃ³n-del-portal-de-kaos-core
end-workflow	Checkout code	2026-01-16T08:32:23.1155395Z  * [new branch]          H215-modulo-de-summary  -> origin/H215-modulo-de-summary
end-workflow	Checkout code	2026-01-16T08:32:23.1156424Z  * [new branch]          H220-web-de-resultados  -> origin/H220-web-de-resultados
end-workflow	Checkout code	2026-01-16T08:32:23.1157280Z  * [new branch]          H227-despliegue-de-kube-independiente-del-clouder -> origin/H227-despliegue-de-kube-independiente-del-clouder
end-workflow	Checkout code	2026-01-16T08:32:23.1158235Z  * [new branch]          H2438-arreglo-de-despliegue-itop -> origin/H2438-arreglo-de-despliegue-itop
end-workflow	Checkout code	2026-01-16T08:32:23.1159163Z  * [new branch]          H2443-nuevo-modulo-de-pruebas-sobre-kubernetes -> origin/H2443-nuevo-modulo-de-pruebas-sobre-kubernetes
end-workflow	Checkout code	2026-01-16T08:32:23.1160031Z  * [new branch]          H2559-modulo-de-conexion-ssh -> origin/H2559-modulo-de-conexion-ssh
end-workflow	Checkout code	2026-01-16T08:32:23.1160833Z  * [new branch]          H306-ficheros-de-estadisticas -> origin/H306-ficheros-de-estadisticas
end-workflow	Checkout code	2026-01-16T08:32:23.1161853Z  * [new branch]          H328-documentacion-modulo-principal-de-kaos -> origin/H328-documentacion-modulo-principal-de-kaos
end-workflow	Checkout code	2026-01-16T08:32:23.1162832Z  * [new branch]          H329-documentacion-metodologia-de-kaos -> origin/H329-documentacion-metodologia-de-kaos
end-workflow	Checkout code	2026-01-16T08:32:23.1163779Z  * [new branch]          H338-relanzador-de-jobs-en-caso-de-pattern -> origin/H338-relanzador-de-jobs-en-caso-de-pattern
end-workflow	Checkout code	2026-01-16T08:32:23.1164981Z  * [new branch]          H38-documentacion-basica-del-proyecto -> origin/H38-documentacion-basica-del-proyecto
end-workflow	Checkout code	2026-01-16T08:32:23.1165994Z  * [new branch]          H44-creaciÃ³n-mÃ³dulo-versionado -> origin/H44-creaciÃ³n-mÃ³dulo-versionado
end-workflow	Checkout code	2026-01-16T08:32:23.1166748Z  * [new branch]          RN1149-desarrollo-de-orchestrator -> origin/RN1149-desarrollo-de-orchestrator
end-workflow	Checkout code	2026-01-16T08:32:23.1167640Z  * [new branch]          RN1183-personalizaciÃ³n-mÃ³dulo-finops -> origin/RN1183-personalizaciÃ³n-mÃ³dulo-finops
end-workflow	Checkout code	2026-01-16T08:32:23.1168763Z  * [new branch]          RN1282-ka0s-error-detected-in-ka0s-workflow-statistics-summary -> origin/RN1282-ka0s-error-detected-in-ka0s-workflow-statistics-summary
end-workflow	Checkout code	2026-01-16T08:32:23.1169757Z  * [new branch]          RN220-web-de-resultados -> origin/RN220-web-de-resultados
end-workflow	Checkout code	2026-01-16T08:32:23.1170653Z  * [new branch]          RN227-despliegue-de-kube-independiente-del-clouder -> origin/RN227-despliegue-de-kube-independiente-del-clouder
end-workflow	Checkout code	2026-01-16T08:32:23.1171618Z  * [new branch]          RN2438-arreglo-de-despliegue-itop -> origin/RN2438-arreglo-de-despliegue-itop
end-workflow	Checkout code	2026-01-16T08:32:23.1172534Z  * [new branch]          RN329-documentacion-metodologia-de-kaos -> origin/RN329-documentacion-metodologia-de-kaos
end-workflow	Checkout code	2026-01-16T08:32:23.1173216Z  * [new branch]          main                    -> origin/main
end-workflow	Checkout code	2026-01-16T08:32:23.1173628Z  * [new tag]             0.0.0                   -> 0.0.0
end-workflow	Checkout code	2026-01-16T08:32:23.1174012Z  * [new tag]             0.0.1                   -> 0.0.1
end-workflow	Checkout code	2026-01-16T08:32:23.1174401Z  * [new tag]             0.0.10                  -> 0.0.10
end-workflow	Checkout code	2026-01-16T08:32:23.1174793Z  * [new tag]             0.0.100                 -> 0.0.100
end-workflow	Checkout code	2026-01-16T08:32:23.1175184Z  * [new tag]             0.0.101                 -> 0.0.101
end-workflow	Checkout code	2026-01-16T08:32:23.1175795Z  * [new tag]             0.0.102                 -> 0.0.102
end-workflow	Checkout code	2026-01-16T08:32:23.1176186Z  * [new tag]             0.0.103                 -> 0.0.103
end-workflow	Checkout code	2026-01-16T08:32:23.1176568Z  * [new tag]             0.0.104                 -> 0.0.104
end-workflow	Checkout code	2026-01-16T08:32:23.1176948Z  * [new tag]             0.0.105                 -> 0.0.105
end-workflow	Checkout code	2026-01-16T08:32:23.1177333Z  * [new tag]             0.0.106                 -> 0.0.106
end-workflow	Checkout code	2026-01-16T08:32:23.1177720Z  * [new tag]             0.0.107                 -> 0.0.107
end-workflow	Checkout code	2026-01-16T08:32:23.1178099Z  * [new tag]             0.0.108                 -> 0.0.108
end-workflow	Checkout code	2026-01-16T08:32:23.1178486Z  * [new tag]             0.0.109                 -> 0.0.109
end-workflow	Checkout code	2026-01-16T08:32:23.1178869Z  * [new tag]             0.0.11                  -> 0.0.11
end-workflow	Checkout code	2026-01-16T08:32:23.1179255Z  * [new tag]             0.0.110                 -> 0.0.110
end-workflow	Checkout code	2026-01-16T08:32:23.1179639Z  * [new tag]             0.0.111                 -> 0.0.111
end-workflow	Checkout code	2026-01-16T08:32:23.1180020Z  * [new tag]             0.0.112                 -> 0.0.112
end-workflow	Checkout code	2026-01-16T08:32:23.1180541Z  * [new tag]             0.0.113                 -> 0.0.113
end-workflow	Checkout code	2026-01-16T08:32:23.1180931Z  * [new tag]             0.0.114                 -> 0.0.114
end-workflow	Checkout code	2026-01-16T08:32:23.1181314Z  * [new tag]             0.0.115                 -> 0.0.115
end-workflow	Checkout code	2026-01-16T08:32:23.1181700Z  * [new tag]             0.0.116                 -> 0.0.116
end-workflow	Checkout code	2026-01-16T08:32:23.1182132Z  * [new tag]             0.0.117                 -> 0.0.117
end-workflow	Checkout code	2026-01-16T08:32:23.1182518Z  * [new tag]             0.0.118                 -> 0.0.118
end-workflow	Checkout code	2026-01-16T08:32:23.1182900Z  * [new tag]             0.0.119                 -> 0.0.119
end-workflow	Checkout code	2026-01-16T08:32:23.1183278Z  * [new tag]             0.0.12                  -> 0.0.12
end-workflow	Checkout code	2026-01-16T08:32:23.1183666Z  * [new tag]             0.0.120                 -> 0.0.120
end-workflow	Checkout code	2026-01-16T08:32:23.1184055Z  * [new tag]             0.0.121                 -> 0.0.121
end-workflow	Checkout code	2026-01-16T08:32:23.1184433Z  * [new tag]             0.0.122                 -> 0.0.122
end-workflow	Checkout code	2026-01-16T08:32:23.1184830Z  * [new tag]             0.0.123                 -> 0.0.123
end-workflow	Checkout code	2026-01-16T08:32:23.1185225Z  * [new tag]             0.0.124                 -> 0.0.124
end-workflow	Checkout code	2026-01-16T08:32:23.1185601Z  * [new tag]             0.0.125                 -> 0.0.125
end-workflow	Checkout code	2026-01-16T08:32:23.1185987Z  * [new tag]             0.0.126                 -> 0.0.126
end-workflow	Checkout code	2026-01-16T08:32:23.1186368Z  * [new tag]             0.0.127                 -> 0.0.127
end-workflow	Checkout code	2026-01-16T08:32:23.1186752Z  * [new tag]             0.0.128                 -> 0.0.128
end-workflow	Checkout code	2026-01-16T08:32:23.1187134Z  * [new tag]             0.0.129                 -> 0.0.129
end-workflow	Checkout code	2026-01-16T08:32:23.1187516Z  * [new tag]             0.0.13                  -> 0.0.13
end-workflow	Checkout code	2026-01-16T08:32:23.1187903Z  * [new tag]             0.0.130                 -> 0.0.130
end-workflow	Checkout code	2026-01-16T08:32:23.1188294Z  * [new tag]             0.0.131                 -> 0.0.131
end-workflow	Checkout code	2026-01-16T08:32:23.1188680Z  * [new tag]             0.0.132                 -> 0.0.132
end-workflow	Checkout code	2026-01-16T08:32:23.1189066Z  * [new tag]             0.0.133                 -> 0.0.133
end-workflow	Checkout code	2026-01-16T08:32:23.1189458Z  * [new tag]             0.0.134                 -> 0.0.134
end-workflow	Checkout code	2026-01-16T08:32:23.1189840Z  * [new tag]             0.0.135                 -> 0.0.135
end-workflow	Checkout code	2026-01-16T08:32:23.1190223Z  * [new tag]             0.0.136                 -> 0.0.136
end-workflow	Checkout code	2026-01-16T08:32:23.1190606Z  * [new tag]             0.0.137                 -> 0.0.137
end-workflow	Checkout code	2026-01-16T08:32:23.1190993Z  * [new tag]             0.0.138                 -> 0.0.138
end-workflow	Checkout code	2026-01-16T08:32:23.1191375Z  * [new tag]             0.0.139                 -> 0.0.139
end-workflow	Checkout code	2026-01-16T08:32:23.1283058Z  * [new tag]             0.0.14                  -> 0.0.14
end-workflow	Checkout code	2026-01-16T08:32:23.1283931Z  * [new tag]             0.0.140                 -> 0.0.140
end-workflow	Checkout code	2026-01-16T08:32:23.1284347Z  * [new tag]             0.0.141                 -> 0.0.141
end-workflow	Checkout code	2026-01-16T08:32:23.1284740Z  * [new tag]             0.0.142                 -> 0.0.142
end-workflow	Checkout code	2026-01-16T08:32:23.1285130Z  * [new tag]             0.0.143                 -> 0.0.143
end-workflow	Checkout code	2026-01-16T08:32:23.1285775Z  * [new tag]             0.0.144                 -> 0.0.144
end-workflow	Checkout code	2026-01-16T08:32:23.1286185Z  * [new tag]             0.0.145                 -> 0.0.145
end-workflow	Checkout code	2026-01-16T08:32:23.1286574Z  * [new tag]             0.0.146                 -> 0.0.146
end-workflow	Checkout code	2026-01-16T08:32:23.1287000Z  * [new tag]             0.0.147                 -> 0.0.147
end-workflow	Checkout code	2026-01-16T08:32:23.1287385Z  * [new tag]             0.0.148                 -> 0.0.148
end-workflow	Checkout code	2026-01-16T08:32:23.1287774Z  * [new tag]             0.0.149                 -> 0.0.149
end-workflow	Checkout code	2026-01-16T08:32:23.1288163Z  * [new tag]             0.0.15                  -> 0.0.15
end-workflow	Checkout code	2026-01-16T08:32:23.1288546Z  * [new tag]             0.0.150                 -> 0.0.150
end-workflow	Checkout code	2026-01-16T08:32:23.1288935Z  * [new tag]             0.0.151                 -> 0.0.151
end-workflow	Checkout code	2026-01-16T08:32:23.1289316Z  * [new tag]             0.0.152                 -> 0.0.152
end-workflow	Checkout code	2026-01-16T08:32:23.1289706Z  * [new tag]             0.0.153                 -> 0.0.153
end-workflow	Checkout code	2026-01-16T08:32:23.1290091Z  * [new tag]             0.0.154                 -> 0.0.154
end-workflow	Checkout code	2026-01-16T08:32:23.1290640Z  * [new tag]             0.0.155                 -> 0.0.155
end-workflow	Checkout code	2026-01-16T08:32:23.1291033Z  * [new tag]             0.0.156                 -> 0.0.156
end-workflow	Checkout code	2026-01-16T08:32:23.1291464Z  * [new tag]             0.0.157                 -> 0.0.157
end-workflow	Checkout code	2026-01-16T08:32:23.1323130Z  * [new tag]             0.0.158                 -> 0.0.158
end-workflow	Checkout code	2026-01-16T08:32:23.1323675Z  * [new tag]             0.0.159                 -> 0.0.159
end-workflow	Checkout code	2026-01-16T08:32:23.1324081Z  * [new tag]             0.0.16                  -> 0.0.16
end-workflow	Checkout code	2026-01-16T08:32:23.1324474Z  * [new tag]             0.0.160                 -> 0.0.160
end-workflow	Checkout code	2026-01-16T08:32:23.1324863Z  * [new tag]             0.0.161                 -> 0.0.161
end-workflow	Checkout code	2026-01-16T08:32:23.1325240Z  * [new tag]             0.0.162                 -> 0.0.162
end-workflow	Checkout code	2026-01-16T08:32:23.1325617Z  * [new tag]             0.0.163                 -> 0.0.163
end-workflow	Checkout code	2026-01-16T08:32:23.1326003Z  * [new tag]             0.0.164                 -> 0.0.164
end-workflow	Checkout code	2026-01-16T08:32:23.1326387Z  * [new tag]             0.0.165                 -> 0.0.165
end-workflow	Checkout code	2026-01-16T08:32:23.1326817Z  * [new tag]             0.0.166                 -> 0.0.166
end-workflow	Checkout code	2026-01-16T08:32:23.1327201Z  * [new tag]             0.0.167                 -> 0.0.167
end-workflow	Checkout code	2026-01-16T08:32:23.1327578Z  * [new tag]             0.0.168                 -> 0.0.168
end-workflow	Checkout code	2026-01-16T08:32:23.1327959Z  * [new tag]             0.0.169                 -> 0.0.169
end-workflow	Checkout code	2026-01-16T08:32:23.1328347Z  * [new tag]             0.0.17                  -> 0.0.17
end-workflow	Checkout code	2026-01-16T08:32:23.1328727Z  * [new tag]             0.0.170                 -> 0.0.170
end-workflow	Checkout code	2026-01-16T08:32:23.1329116Z  * [new tag]             0.0.171                 -> 0.0.171
end-workflow	Checkout code	2026-01-16T08:32:23.1329498Z  * [new tag]             0.0.172                 -> 0.0.172
end-workflow	Checkout code	2026-01-16T08:32:23.1329886Z  * [new tag]             0.0.173                 -> 0.0.173
end-workflow	Checkout code	2026-01-16T08:32:23.1330269Z  * [new tag]             0.0.174                 -> 0.0.174
end-workflow	Checkout code	2026-01-16T08:32:23.1330645Z  * [new tag]             0.0.175                 -> 0.0.175
end-workflow	Checkout code	2026-01-16T08:32:23.1331049Z  * [new tag]             0.0.176                 -> 0.0.176
end-workflow	Checkout code	2026-01-16T08:32:23.1331430Z  * [new tag]             0.0.177                 -> 0.0.177
end-workflow	Checkout code	2026-01-16T08:32:23.1363127Z  * [new tag]             0.0.178                 -> 0.0.178
end-workflow	Checkout code	2026-01-16T08:32:23.1363704Z  * [new tag]             0.0.179                 -> 0.0.179
end-workflow	Checkout code	2026-01-16T08:32:23.1364111Z  * [new tag]             0.0.18                  -> 0.0.18
end-workflow	Checkout code	2026-01-16T08:32:23.1364498Z  * [new tag]             0.0.19                  -> 0.0.19
end-workflow	Checkout code	2026-01-16T08:32:23.1364904Z  * [new tag]             0.0.2                   -> 0.0.2
end-workflow	Checkout code	2026-01-16T08:32:23.1365338Z  * [new tag]             0.0.20                  -> 0.0.20
end-workflow	Checkout code	2026-01-16T08:32:23.1365731Z  * [new tag]             0.0.21                  -> 0.0.21
end-workflow	Checkout code	2026-01-16T08:32:23.1366105Z  * [new tag]             0.0.22                  -> 0.0.22
end-workflow	Checkout code	2026-01-16T08:32:23.1366474Z  * [new tag]             0.0.23                  -> 0.0.23
end-workflow	Checkout code	2026-01-16T08:32:23.1366856Z  * [new tag]             0.0.24                  -> 0.0.24
end-workflow	Checkout code	2026-01-16T08:32:23.1367639Z  * [new tag]             0.0.25                  -> 0.0.25
end-workflow	Checkout code	2026-01-16T08:32:23.1368015Z  * [new tag]             0.0.26                  -> 0.0.26
end-workflow	Checkout code	2026-01-16T08:32:23.1368668Z  * [new tag]             0.0.27                  -> 0.0.27
end-workflow	Checkout code	2026-01-16T08:32:23.1369064Z  * [new tag]             0.0.28                  -> 0.0.28
end-workflow	Checkout code	2026-01-16T08:32:23.1369623Z  * [new tag]             0.0.29                  -> 0.0.29
end-workflow	Checkout code	2026-01-16T08:32:23.1370188Z  * [new tag]             0.0.3                   -> 0.0.3
end-workflow	Checkout code	2026-01-16T08:32:23.1370977Z  * [new tag]             0.0.30                  -> 0.0.30
end-workflow	Checkout code	2026-01-16T08:32:23.1371510Z  * [new tag]             0.0.31                  -> 0.0.31
end-workflow	Checkout code	2026-01-16T08:32:23.1372197Z  * [new tag]             0.0.32                  -> 0.0.32
end-workflow	Checkout code	2026-01-16T08:32:23.1372829Z  * [new tag]             0.0.33                  -> 0.0.33
end-workflow	Checkout code	2026-01-16T08:32:23.1373376Z  * [new tag]             0.0.34                  -> 0.0.34
end-workflow	Checkout code	2026-01-16T08:32:23.1374330Z  * [new tag]             0.0.35                  -> 0.0.35
end-workflow	Checkout code	2026-01-16T08:32:23.1374956Z  * [new tag]             0.0.36                  -> 0.0.36
end-workflow	Checkout code	2026-01-16T08:32:23.1375477Z  * [new tag]             0.0.37                  -> 0.0.37
end-workflow	Checkout code	2026-01-16T08:32:23.1376040Z  * [new tag]             0.0.38                  -> 0.0.38
end-workflow	Checkout code	2026-01-16T08:32:23.1376522Z  * [new tag]             0.0.39                  -> 0.0.39
end-workflow	Checkout code	2026-01-16T08:32:23.1377163Z  * [new tag]             0.0.4                   -> 0.0.4
end-workflow	Checkout code	2026-01-16T08:32:23.1377740Z  * [new tag]             0.0.40                  -> 0.0.40
end-workflow	Checkout code	2026-01-16T08:32:23.1378219Z  * [new tag]             0.0.41                  -> 0.0.41
end-workflow	Checkout code	2026-01-16T08:32:23.1378868Z  * [new tag]             0.0.42                  -> 0.0.42
end-workflow	Checkout code	2026-01-16T08:32:23.1379478Z  * [new tag]             0.0.43                  -> 0.0.43
end-workflow	Checkout code	2026-01-16T08:32:23.1379945Z  * [new tag]             0.0.44                  -> 0.0.44
end-workflow	Checkout code	2026-01-16T08:32:23.1380583Z  * [new tag]             0.0.45                  -> 0.0.45
end-workflow	Checkout code	2026-01-16T08:32:23.1381212Z  * [new tag]             0.0.46                  -> 0.0.46
end-workflow	Checkout code	2026-01-16T08:32:23.1381709Z  * [new tag]             0.0.47                  -> 0.0.47
end-workflow	Checkout code	2026-01-16T08:32:23.1382437Z  * [new tag]             0.0.48                  -> 0.0.48
end-workflow	Checkout code	2026-01-16T08:32:23.1382942Z  * [new tag]             0.0.49                  -> 0.0.49
end-workflow	Checkout code	2026-01-16T08:32:23.1383481Z  * [new tag]             0.0.5                   -> 0.0.5
end-workflow	Checkout code	2026-01-16T08:32:23.1384147Z  * [new tag]             0.0.50                  -> 0.0.50
end-workflow	Checkout code	2026-01-16T08:32:23.1384658Z  * [new tag]             0.0.51                  -> 0.0.51
end-workflow	Checkout code	2026-01-16T08:32:23.1385194Z  * [new tag]             0.0.52                  -> 0.0.52
end-workflow	Checkout code	2026-01-16T08:32:23.1385894Z  * [new tag]             0.0.53                  -> 0.0.53
end-workflow	Checkout code	2026-01-16T08:32:23.1471694Z  * [new tag]             0.0.54                  -> 0.0.54
end-workflow	Checkout code	2026-01-16T08:32:23.1472626Z  * [new tag]             0.0.55                  -> 0.0.55
end-workflow	Checkout code	2026-01-16T08:32:23.1473400Z  * [new tag]             0.0.56                  -> 0.0.56
end-workflow	Checkout code	2026-01-16T08:32:23.1473938Z  * [new tag]             0.0.57                  -> 0.0.57
end-workflow	Checkout code	2026-01-16T08:32:23.1474475Z  * [new tag]             0.0.58                  -> 0.0.58
end-workflow	Checkout code	2026-01-16T08:32:23.1475133Z  * [new tag]             0.0.59                  -> 0.0.59
end-workflow	Checkout code	2026-01-16T08:32:23.1475672Z  * [new tag]             0.0.6                   -> 0.0.6
end-workflow	Checkout code	2026-01-16T08:32:23.1476258Z  * [new tag]             0.0.60                  -> 0.0.60
end-workflow	Checkout code	2026-01-16T08:32:23.1476916Z  * [new tag]             0.0.61                  -> 0.0.61
end-workflow	Checkout code	2026-01-16T08:32:23.1477525Z  * [new tag]             0.0.62                  -> 0.0.62
end-workflow	Checkout code	2026-01-16T08:32:23.1478096Z  * [new tag]             0.0.63                  -> 0.0.63
end-workflow	Checkout code	2026-01-16T08:32:23.1478787Z  * [new tag]             0.0.64                  -> 0.0.64
end-workflow	Checkout code	2026-01-16T08:32:23.1479419Z  * [new tag]             0.0.65                  -> 0.0.65
end-workflow	Checkout code	2026-01-16T08:32:23.1480016Z  * [new tag]             0.0.66                  -> 0.0.66
end-workflow	Checkout code	2026-01-16T08:32:23.1481099Z  * [new tag]             0.0.67                  -> 0.0.67
end-workflow	Checkout code	2026-01-16T08:32:23.1481690Z  * [new tag]             0.0.68                  -> 0.0.68
end-workflow	Checkout code	2026-01-16T08:32:23.1523056Z  * [new tag]             0.0.69                  -> 0.0.69
end-workflow	Checkout code	2026-01-16T08:32:23.1562912Z  * [new tag]             0.0.7                   -> 0.0.7
end-workflow	Checkout code	2026-01-16T08:32:23.1563411Z  * [new tag]             0.0.70                  -> 0.0.70
end-workflow	Checkout code	2026-01-16T08:32:23.1563821Z  * [new tag]             0.0.71                  -> 0.0.71
end-workflow	Checkout code	2026-01-16T08:32:23.1564192Z  * [new tag]             0.0.72                  -> 0.0.72
end-workflow	Checkout code	2026-01-16T08:32:23.1564565Z  * [new tag]             0.0.73                  -> 0.0.73
end-workflow	Checkout code	2026-01-16T08:32:23.1564937Z  * [new tag]             0.0.74                  -> 0.0.74
end-workflow	Checkout code	2026-01-16T08:32:23.1565311Z  * [new tag]             0.0.75                  -> 0.0.75
end-workflow	Checkout code	2026-01-16T08:32:23.1565687Z  * [new tag]             0.0.76                  -> 0.0.76
end-workflow	Checkout code	2026-01-16T08:32:23.1566057Z  * [new tag]             0.0.77                  -> 0.0.77
end-workflow	Checkout code	2026-01-16T08:32:23.1566921Z  * [new tag]             0.0.78                  -> 0.0.78
end-workflow	Checkout code	2026-01-16T08:32:23.1567299Z  * [new tag]             0.0.79                  -> 0.0.79
end-workflow	Checkout code	2026-01-16T08:32:23.1567669Z  * [new tag]             0.0.8                   -> 0.0.8
end-workflow	Checkout code	2026-01-16T08:32:23.1568047Z  * [new tag]             0.0.80                  -> 0.0.80
end-workflow	Checkout code	2026-01-16T08:32:23.1568415Z  * [new tag]             0.0.81                  -> 0.0.81
end-workflow	Checkout code	2026-01-16T08:32:23.1568792Z  * [new tag]             0.0.82                  -> 0.0.82
end-workflow	Checkout code	2026-01-16T08:32:23.1569168Z  * [new tag]             0.0.83                  -> 0.0.83
end-workflow	Checkout code	2026-01-16T08:32:23.2344091Z  * [new tag]             0.0.84                  -> 0.0.84
end-workflow	Checkout code	2026-01-16T08:32:23.2345343Z  * [new tag]             0.0.85                  -> 0.0.85
end-workflow	Checkout code	2026-01-16T08:32:23.2348016Z  * [new tag]             0.0.86                  -> 0.0.86
end-workflow	Checkout code	2026-01-16T08:32:23.2348412Z  * [new tag]             0.0.87                  -> 0.0.87
end-workflow	Checkout code	2026-01-16T08:32:23.2348782Z  * [new tag]             0.0.88                  -> 0.0.88
end-workflow	Checkout code	2026-01-16T08:32:23.2349201Z  * [new tag]             0.0.89                  -> 0.0.89
end-workflow	Checkout code	2026-01-16T08:32:23.2349581Z  * [new tag]             0.0.9                   -> 0.0.9
end-workflow	Checkout code	2026-01-16T08:32:23.2349958Z  * [new tag]             0.0.90                  -> 0.0.90
end-workflow	Checkout code	2026-01-16T08:32:23.2350350Z  * [new tag]             0.0.91                  -> 0.0.91
end-workflow	Checkout code	2026-01-16T08:32:23.2350728Z  * [new tag]             0.0.92                  -> 0.0.92
end-workflow	Checkout code	2026-01-16T08:32:23.2351101Z  * [new tag]             0.0.93                  -> 0.0.93
end-workflow	Checkout code	2026-01-16T08:32:23.2351481Z  * [new tag]             0.0.94                  -> 0.0.94
end-workflow	Checkout code	2026-01-16T08:32:23.2351949Z  * [new tag]             0.0.95                  -> 0.0.95
end-workflow	Checkout code	2026-01-16T08:32:23.2352321Z  * [new tag]             0.0.96                  -> 0.0.96
end-workflow	Checkout code	2026-01-16T08:32:23.2352694Z  * [new tag]             0.0.97                  -> 0.0.97
end-workflow	Checkout code	2026-01-16T08:32:23.2353064Z  * [new tag]             0.0.98                  -> 0.0.98
end-workflow	Checkout code	2026-01-16T08:32:23.2353457Z  * [new tag]             0.0.99                  -> 0.0.99
end-workflow	Checkout code	2026-01-16T08:32:23.2353841Z  * [new tag]             0.1.0                   -> 0.1.0
end-workflow	Checkout code	2026-01-16T08:32:23.2354223Z  * [new tag]             0.1.1                   -> 0.1.1
end-workflow	Checkout code	2026-01-16T08:32:23.2354645Z  * [new tag]             0.2.0                   -> 0.2.0
end-workflow	Checkout code	2026-01-16T08:32:23.2355028Z  * [new tag]             0.3.0                   -> 0.3.0
end-workflow	Checkout code	2026-01-16T08:32:23.2355421Z  * [new tag]             0.3.1                   -> 0.3.1
end-workflow	Checkout code	2026-01-16T08:32:23.2355800Z  * [new tag]             0.3.10                  -> 0.3.10
end-workflow	Checkout code	2026-01-16T08:32:23.2356184Z  * [new tag]             0.3.11                  -> 0.3.11
end-workflow	Checkout code	2026-01-16T08:32:23.2356584Z  * [new tag]             0.3.12                  -> 0.3.12
end-workflow	Checkout code	2026-01-16T08:32:23.2356964Z  * [new tag]             0.3.13                  -> 0.3.13
end-workflow	Checkout code	2026-01-16T08:32:23.2357348Z  * [new tag]             0.3.14                  -> 0.3.14
end-workflow	Checkout code	2026-01-16T08:32:23.2357731Z  * [new tag]             0.3.15                  -> 0.3.15
end-workflow	Checkout code	2026-01-16T08:32:23.2483510Z  * [new tag]             0.3.16                  -> 0.3.16
end-workflow	Checkout code	2026-01-16T08:32:23.2483952Z  * [new tag]             0.3.17                  -> 0.3.17
end-workflow	Checkout code	2026-01-16T08:32:23.2484336Z  * [new tag]             0.3.2                   -> 0.3.2
end-workflow	Checkout code	2026-01-16T08:32:23.2484717Z  * [new tag]             0.3.3                   -> 0.3.3
end-workflow	Checkout code	2026-01-16T08:32:23.2485091Z  * [new tag]             0.3.4                   -> 0.3.4
end-workflow	Checkout code	2026-01-16T08:32:23.2485459Z  * [new tag]             0.3.5                   -> 0.3.5
end-workflow	Checkout code	2026-01-16T08:32:23.2485833Z  * [new tag]             0.3.6                   -> 0.3.6
end-workflow	Checkout code	2026-01-16T08:32:23.2486202Z  * [new tag]             0.3.7                   -> 0.3.7
end-workflow	Checkout code	2026-01-16T08:32:23.2486572Z  * [new tag]             0.3.8                   -> 0.3.8
end-workflow	Checkout code	2026-01-16T08:32:23.2486945Z  * [new tag]             0.3.9                   -> 0.3.9
end-workflow	Checkout code	2026-01-16T08:32:23.2487319Z  * [new tag]             0.4.0                   -> 0.4.0
end-workflow	Checkout code	2026-01-16T08:32:23.2487692Z  * [new tag]             0.4.1                   -> 0.4.1
end-workflow	Checkout code	2026-01-16T08:32:23.2488278Z  * [new tag]             0.4.10                  -> 0.4.10
end-workflow	Checkout code	2026-01-16T08:32:23.2488649Z  * [new tag]             0.4.2                   -> 0.4.2
end-workflow	Checkout code	2026-01-16T08:32:23.2489018Z  * [new tag]             0.4.3                   -> 0.4.3
end-workflow	Checkout code	2026-01-16T08:32:23.2489393Z  * [new tag]             0.4.4                   -> 0.4.4
end-workflow	Checkout code	2026-01-16T08:32:23.2489758Z  * [new tag]             0.4.5                   -> 0.4.5
end-workflow	Checkout code	2026-01-16T08:32:23.2490130Z  * [new tag]             0.4.6                   -> 0.4.6
end-workflow	Checkout code	2026-01-16T08:32:23.2490498Z  * [new tag]             0.4.7                   -> 0.4.7
end-workflow	Checkout code	2026-01-16T08:32:23.2490866Z  * [new tag]             0.4.8                   -> 0.4.8
end-workflow	Checkout code	2026-01-16T08:32:23.2491234Z  * [new tag]             0.4.9                   -> 0.4.9
end-workflow	Checkout code	2026-01-16T08:32:23.7486678Z [command]/usr/bin/git branch --list --remote origin/H2559-modulo-de-conexion-ssh
end-workflow	Checkout code	2026-01-16T08:32:23.8661343Z   origin/H2559-modulo-de-conexion-ssh
end-workflow	Checkout code	2026-01-16T08:32:23.8671413Z [command]/usr/bin/git rev-parse refs/remotes/origin/H2559-modulo-de-conexion-ssh
end-workflow	Checkout code	2026-01-16T08:32:23.8673578Z d5f1272c9e7d30420e41045ee608f41d2b441dbc
end-workflow	Checkout code	2026-01-16T08:32:23.9175432Z [command]/usr/bin/git -c protocol.version=2 fetch --no-tags --prune --no-recurse-submodules origin +14636c0e5881b6dd28a7cdae756fde5f2acfba10:refs/remotes/origin/H2559-modulo-de-conexion-ssh
end-workflow	Checkout code	2026-01-16T08:32:24.0984143Z From https://github.com/Ka0s-Klaus/ka0s
end-workflow	Checkout code	2026-01-16T08:32:24.1003412Z  + d5f1272c9...14636c0e5 14636c0e5881b6dd28a7cdae756fde5f2acfba10 -> origin/H2559-modulo-de-conexion-ssh  (forced update)
end-workflow	Checkout code	2026-01-16T08:32:24.2948216Z ##[endgroup]
end-workflow	Checkout code	2026-01-16T08:32:24.2948683Z ##[group]Determining the checkout info
end-workflow	Checkout code	2026-01-16T08:32:24.2954068Z ##[endgroup]
end-workflow	Checkout code	2026-01-16T08:32:24.2963045Z [command]/usr/bin/git sparse-checkout disable
end-workflow	Checkout code	2026-01-16T08:32:24.3568090Z [command]/usr/bin/git config --local --unset-all extensions.worktreeConfig
end-workflow	Checkout code	2026-01-16T08:32:24.4261039Z ##[group]Checking out the ref
end-workflow	Checkout code	2026-01-16T08:32:24.4317965Z [command]/usr/bin/git checkout --progress --force -B H2559-modulo-de-conexion-ssh refs/remotes/origin/H2559-modulo-de-conexion-ssh
end-workflow	Checkout code	2026-01-16T08:32:25.4844210Z Updating files:  66% (386/583)
end-workflow	Checkout code	2026-01-16T08:32:25.8520603Z Updating files:  67% (391/583)
end-workflow	Checkout code	2026-01-16T08:32:26.0133375Z Updating files:  68% (397/583)
end-workflow	Checkout code	2026-01-16T08:32:26.2885182Z Updating files:  69% (403/583)
end-workflow	Checkout code	2026-01-16T08:32:26.4084617Z Updating files:  70% (409/583)
end-workflow	Checkout code	2026-01-16T08:32:26.4100154Z Updating files:  70% (413/583)
end-workflow	Checkout code	2026-01-16T08:32:26.5056022Z Updating files:  71% (414/583)
end-workflow	Checkout code	2026-01-16T08:32:26.6015239Z Updating files:  72% (420/583)
end-workflow	Checkout code	2026-01-16T08:32:26.7262928Z Updating files:  73% (426/583)
end-workflow	Checkout code	2026-01-16T08:32:27.2972522Z Updating files:  74% (432/583)
end-workflow	Checkout code	2026-01-16T08:32:27.4127427Z Updating files:  75% (438/583)
end-workflow	Checkout code	2026-01-16T08:32:27.8054138Z Updating files:  76% (444/583)
end-workflow	Checkout code	2026-01-16T08:32:28.0898222Z Updating files:  77% (449/583)
end-workflow	Checkout code	2026-01-16T08:32:28.4124273Z Updating files:  78% (455/583)
end-workflow	Checkout code	2026-01-16T08:32:28.6912755Z Updating files:  79% (461/583)
end-workflow	Checkout code	2026-01-16T08:32:29.1275089Z Updating files:  80% (467/583)
end-workflow	Checkout code	2026-01-16T08:32:29.5010596Z Updating files:  81% (473/583)
end-workflow	Checkout code	2026-01-16T08:32:30.0303988Z Updating files:  81% (475/583)
end-workflow	Checkout code	2026-01-16T08:32:30.4447197Z Updating files:  82% (479/583)
end-workflow	Checkout code	2026-01-16T08:32:30.6215587Z Updating files:  82% (483/583)
end-workflow	Checkout code	2026-01-16T08:32:30.6216102Z Updating files:  83% (484/583)
end-workflow	Checkout code	2026-01-16T08:32:30.6216369Z Updating files:  84% (490/583)
end-workflow	Checkout code	2026-01-16T08:32:30.6216623Z Updating files:  85% (496/583)
end-workflow	Checkout code	2026-01-16T08:32:30.6216884Z Updating files:  86% (502/583)
end-workflow	Checkout code	2026-01-16T08:32:30.6217132Z Updating files:  87% (508/583)
end-workflow	Checkout code	2026-01-16T08:32:30.6217403Z Updating files:  88% (514/583)
end-workflow	Checkout code	2026-01-16T08:32:30.6217664Z Updating files:  89% (519/583)
end-workflow	Checkout code	2026-01-16T08:32:30.6217916Z Updating files:  90% (525/583)
end-workflow	Checkout code	2026-01-16T08:32:30.6218177Z Updating files:  91% (531/583)
end-workflow	Checkout code	2026-01-16T08:32:30.7392428Z Updating files:  92% (537/583)
end-workflow	Checkout code	2026-01-16T08:32:30.7395737Z Updating files:  93% (543/583)
end-workflow	Checkout code	2026-01-16T08:32:30.7557602Z Updating files:  94% (549/583)
end-workflow	Checkout code	2026-01-16T08:32:30.8003116Z Updating files:  95% (554/583)
end-workflow	Checkout code	2026-01-16T08:32:30.8003384Z Updating files:  96% (560/583)
end-workflow	Checkout code	2026-01-16T08:32:30.8003642Z Updating files:  97% (566/583)
end-workflow	Checkout code	2026-01-16T08:32:30.8003897Z Updating files:  98% (572/583)
end-workflow	Checkout code	2026-01-16T08:32:30.8010028Z Updating files:  99% (578/583)
end-workflow	Checkout code	2026-01-16T08:32:30.8010337Z Updating files: 100% (583/583)
end-workflow	Checkout code	2026-01-16T08:32:30.8010605Z Updating files: 100% (583/583), done.
end-workflow	Checkout code	2026-01-16T08:32:30.8014269Z Switched to a new branch 'H2559-modulo-de-conexion-ssh'
end-workflow	Checkout code	2026-01-16T08:32:30.8014880Z branch 'H2559-modulo-de-conexion-ssh' set up to track 'origin/H2559-modulo-de-conexion-ssh'.
end-workflow	Checkout code	2026-01-16T08:32:30.8362302Z ##[endgroup]
end-workflow	Checkout code	2026-01-16T08:32:30.9089733Z [command]/usr/bin/git log -1 --format=%H
end-workflow	Checkout code	2026-01-16T08:32:30.9412627Z 14636c0e5881b6dd28a7cdae756fde5f2acfba10
end-workflow	Install GH CLI	ï»¿2026-01-16T08:32:31.3887180Z Prepare all required actions
end-workflow	Install GH CLI	2026-01-16T08:32:31.4859757Z ##[group]Run ./.github/actions/install-gh-cli
end-workflow	Install GH CLI	2026-01-16T08:32:31.4860104Z env:
end-workflow	Install GH CLI	2026-01-16T08:32:31.4860308Z   KAOS_MODULE: [Ka0S] JSONLINT
end-workflow	Install GH CLI	2026-01-16T08:32:31.4861028Z   GH_TOKEN: ***
end-workflow	Install GH CLI	2026-01-16T08:32:31.4861286Z   KAOS_JSONLINT_CONFIG: core/config/.jsonlint.json
end-workflow	Install GH CLI	2026-01-16T08:32:31.4861616Z   KAOS_PATH_RESUME: audit/jsonlint/
end-workflow	Install GH CLI	2026-01-16T08:32:31.4862020Z   KAOS_REPO: /actions-runner/_work/kaos/kaos
end-workflow	Install GH CLI	2026-01-16T08:32:31.4862310Z   KAOS_STEP_MODULE: 
end-workflow	Install GH CLI	2026-01-16T08:32:31.4862534Z   KAOS_CODE: 21059980650
end-workflow	Install GH CLI	2026-01-16T08:32:31.4862761Z   KAOS_REF_BRANCH: main
end-workflow	Install GH CLI	2026-01-16T08:32:31.4862983Z ##[endgroup]
end-workflow	Install GH CLI	2026-01-16T08:32:31.7203749Z ##[group]Run type -p curl >/dev/null || (sudo apt-get update && sudo apt-get install curl -y)
end-workflow	Install GH CLI	2026-01-16T08:32:31.7204726Z [36;1mtype -p curl >/dev/null || (sudo apt-get update && sudo apt-get install curl -y)[0m
end-workflow	Install GH CLI	2026-01-16T08:32:31.7205687Z [36;1mcurl -fsSL https://cli.github.com/packages/githubcli-archive-keyring.gpg | sudo dd of=/usr/share/keyrings/githubcli-archive-keyring.gpg \[0m
end-workflow	Install GH CLI	2026-01-16T08:32:31.7206637Z [36;1m&& sudo chmod go+r /usr/share/keyrings/githubcli-archive-keyring.gpg \[0m
end-workflow	Install GH CLI	2026-01-16T08:32:31.7207836Z [36;1m&& echo "deb [arch=$(dpkg --print-architecture) signed-by=/usr/share/keyrings/githubcli-archive-keyring.gpg] https://cli.github.com/packages stable main" | sudo tee /etc/apt/sources.list.d/github-cli.list > /dev/null \[0m
end-workflow	Install GH CLI	2026-01-16T08:32:31.7208933Z [36;1m&& sudo apt-get update \[0m
end-workflow	Install GH CLI	2026-01-16T08:32:31.7209224Z [36;1m&& sudo apt-get install gh -y[0m
end-workflow	Install GH CLI	2026-01-16T08:32:31.7353834Z shell: /usr/bin/bash --noprofile --norc -e -o pipefail {0}
end-workflow	Install GH CLI	2026-01-16T08:32:31.7354255Z env:
end-workflow	Install GH CLI	2026-01-16T08:32:31.7354466Z   KAOS_MODULE: [Ka0S] JSONLINT
end-workflow	Install GH CLI	2026-01-16T08:32:31.7355009Z   GH_TOKEN: ***
end-workflow	Install GH CLI	2026-01-16T08:32:31.7551308Z   KAOS_JSONLINT_CONFIG: core/config/.jsonlint.json
end-workflow	Install GH CLI	2026-01-16T08:32:31.7551683Z   KAOS_PATH_RESUME: audit/jsonlint/
end-workflow	Install GH CLI	2026-01-16T08:32:31.7552081Z   KAOS_REPO: /actions-runner/_work/kaos/kaos
end-workflow	Install GH CLI	2026-01-16T08:32:31.7552431Z   KAOS_STEP_MODULE: 
end-workflow	Install GH CLI	2026-01-16T08:32:31.7552659Z   KAOS_CODE: 21059980650
end-workflow	Install GH CLI	2026-01-16T08:32:31.7552909Z   KAOS_REF_BRANCH: main
end-workflow	Install GH CLI	2026-01-16T08:32:31.7553148Z ##[endgroup]
end-workflow	Install GH CLI	2026-01-16T08:32:32.6530050Z 4+1 records in
end-workflow	Install GH CLI	2026-01-16T08:32:32.6530344Z 4+1 records out
end-workflow	Install GH CLI	2026-01-16T08:32:32.6532457Z 2270 bytes (2.3 kB, 2.2 KiB) copied, 0.443846 s, 5.1 kB/s
end-workflow	Install GH CLI	2026-01-16T08:32:33.5242995Z Get:1 https://cli.github.com/packages stable InRelease [3917 B]
end-workflow	Install GH CLI	2026-01-16T08:32:33.7873806Z Get:2 http://archive.ubuntu.com/ubuntu noble InRelease [256 kB]
end-workflow	Install GH CLI	2026-01-16T08:32:33.7874552Z Get:3 http://security.ubuntu.com/ubuntu noble-security InRelease [126 kB]
end-workflow	Install GH CLI	2026-01-16T08:32:33.8305232Z Get:4 https://ppa.launchpadcontent.net/git-core/ppa/ubuntu noble InRelease [24.3 kB]
end-workflow	Install GH CLI	2026-01-16T08:32:34.4985985Z Get:5 http://archive.ubuntu.com/ubuntu noble-updates InRelease [126 kB]
end-workflow	Install GH CLI	2026-01-16T08:32:34.8133903Z Get:6 https://cli.github.com/packages stable/main amd64 Packages [354 B]
end-workflow	Install GH CLI	2026-01-16T08:32:34.9235020Z Get:7 http://archive.ubuntu.com/ubuntu noble-backports InRelease [126 kB]
end-workflow	Install GH CLI	2026-01-16T08:32:35.9018492Z Get:8 https://ppa.launchpadcontent.net/git-core/ppa/ubuntu noble/main amd64 Packages [2994 B]
end-workflow	Install GH CLI	2026-01-16T08:32:36.6163619Z Get:9 http://security.ubuntu.com/ubuntu noble-security/multiverse amd64 Packages [33.1 kB]
end-workflow	Install GH CLI	2026-01-16T08:32:36.9527629Z Get:10 http://security.ubuntu.com/ubuntu noble-security/restricted amd64 Packages [2919 kB]
end-workflow	Install GH CLI	2026-01-16T08:32:37.9624323Z Get:11 http://archive.ubuntu.com/ubuntu noble/multiverse amd64 Packages [331 kB]
end-workflow	Install GH CLI	2026-01-16T08:32:37.9625584Z Get:12 http://security.ubuntu.com/ubuntu noble-security/universe amd64 Packages [1189 kB]
end-workflow	Install GH CLI	2026-01-16T08:32:38.7179472Z Get:13 http://archive.ubuntu.com/ubuntu noble/main amd64 Packages [1808 kB]
end-workflow	Install GH CLI	2026-01-16T08:32:38.7554494Z Get:14 http://security.ubuntu.com/ubuntu noble-security/main amd64 Packages [1769 kB]
end-workflow	Install GH CLI	2026-01-16T08:32:39.6783097Z Get:15 http://archive.ubuntu.com/ubuntu noble/restricted amd64 Packages [117 kB]
end-workflow	Install GH CLI	2026-01-16T08:32:39.7613064Z Get:16 http://archive.ubuntu.com/ubuntu noble/universe amd64 Packages [19.3 MB]
end-workflow	Install GH CLI	2026-01-16T08:32:42.7335788Z Get:17 http://archive.ubuntu.com/ubuntu noble-updates/main amd64 Packages [2142 kB]
end-workflow	Install GH CLI	2026-01-16T08:32:43.1816508Z Get:18 http://archive.ubuntu.com/ubuntu noble-updates/restricted amd64 Packages [3077 kB]
end-workflow	Install GH CLI	2026-01-16T08:32:44.4458737Z Get:19 http://archive.ubuntu.com/ubuntu noble-updates/multiverse amd64 Packages [35.9 kB]
end-workflow	Install GH CLI	2026-01-16T08:32:44.5902879Z Get:20 http://archive.ubuntu.com/ubuntu noble-updates/universe amd64 Packages [1956 kB]
end-workflow	Install GH CLI	2026-01-16T08:32:45.1419532Z Get:21 http://archive.ubuntu.com/ubuntu noble-backports/main amd64 Packages [49.5 kB]
end-workflow	Install GH CLI	2026-01-16T08:32:45.4714554Z Get:22 http://archive.ubuntu.com/ubuntu noble-backports/universe amd64 Packages [34.6 kB]
end-workflow	Install GH CLI	2026-01-16T08:33:21.7396467Z Fetched 35.4 MB in 24s (1495 kB/s)
end-workflow	Install GH CLI	2026-01-16T08:33:26.8778694Z Reading package lists...
end-workflow	Install GH CLI	2026-01-16T08:33:34.3666750Z Reading package lists...
end-workflow	Install GH CLI	2026-01-16T08:33:36.3833550Z Building dependency tree...
end-workflow	Install GH CLI	2026-01-16T08:33:36.3839163Z Reading state information...
end-workflow	Install GH CLI	2026-01-16T08:33:39.7887344Z The following NEW packages will be installed:
end-workflow	Install GH CLI	2026-01-16T08:33:39.8009948Z   gh
end-workflow	Install GH CLI	2026-01-16T08:33:40.2043675Z 0 upgraded, 1 newly installed, 0 to remove and 5 not upgraded.
end-workflow	Install GH CLI	2026-01-16T08:33:40.2044219Z Need to get 13.7 MB of archives.
end-workflow	Install GH CLI	2026-01-16T08:33:40.2044605Z After this operation, 37.9 MB of additional disk space will be used.
end-workflow	Install GH CLI	2026-01-16T08:33:40.2045213Z Get:1 https://cli.github.com/packages stable/main amd64 gh amd64 2.85.0 [13.7 MB]
end-workflow	Install GH CLI	2026-01-16T08:33:41.9632998Z debconf: delaying package configuration, since apt-utils is not installed
end-workflow	Install GH CLI	2026-01-16T08:33:42.3270580Z Fetched 13.7 MB in 1s (12.6 MB/s)
end-workflow	Install GH CLI	2026-01-16T08:33:42.4813611Z Selecting previously unselected package gh.
end-workflow	Install GH CLI	2026-01-16T08:33:42.4883894Z (Reading database ... 
end-workflow	Install GH CLI	2026-01-16T08:33:42.4885570Z (Reading database ... 5%
end-workflow	Install GH CLI	2026-01-16T08:33:42.4886285Z (Reading database ... 10%
end-workflow	Install GH CLI	2026-01-16T08:33:42.4886608Z (Reading database ... 15%
end-workflow	Install GH CLI	2026-01-16T08:33:42.4886865Z (Reading database ... 20%
end-workflow	Install GH CLI	2026-01-16T08:33:42.4887149Z (Reading database ... 25%
end-workflow	Install GH CLI	2026-01-16T08:33:42.4887412Z (Reading database ... 30%
end-workflow	Install GH CLI	2026-01-16T08:33:42.4890104Z (Reading database ... 35%
end-workflow	Install GH CLI	2026-01-16T08:33:42.4890850Z (Reading database ... 40%
end-workflow	Install GH CLI	2026-01-16T08:33:42.4894589Z (Reading database ... 45%
end-workflow	Install GH CLI	2026-01-16T08:33:42.4894907Z (Reading database ... 50%
end-workflow	Install GH CLI	2026-01-16T08:33:42.4895148Z (Reading database ... 55%
end-workflow	Install GH CLI	2026-01-16T08:33:42.4895391Z (Reading database ... 60%
end-workflow	Install GH CLI	2026-01-16T08:33:42.4992000Z (Reading database ... 65%
end-workflow	Install GH CLI	2026-01-16T08:33:42.4993432Z (Reading database ... 70%
end-workflow	Install GH CLI	2026-01-16T08:33:42.5039143Z (Reading database ... 75%
end-workflow	Install GH CLI	2026-01-16T08:33:42.5174385Z (Reading database ... 80%
end-workflow	Install GH CLI	2026-01-16T08:33:42.5178060Z (Reading database ... 85%
end-workflow	Install GH CLI	2026-01-16T08:33:42.5234397Z (Reading database ... 90%
end-workflow	Install GH CLI	2026-01-16T08:33:42.5234972Z (Reading database ... 95%
end-workflow	Install GH CLI	2026-01-16T08:33:42.5235235Z (Reading database ... 100%
end-workflow	Install GH CLI	2026-01-16T08:33:42.5235600Z (Reading database ... 14385 files and directories currently installed.)
end-workflow	Install GH CLI	2026-01-16T08:33:42.5266852Z Preparing to unpack .../archives/gh_2.85.0_amd64.deb ...
end-workflow	Install GH CLI	2026-01-16T08:33:42.5871105Z Unpacking gh (2.85.0) ...
end-workflow	Install GH CLI	2026-01-16T08:33:45.1195885Z Setting up gh (2.85.0) ...
end-workflow	Finaliza el workflow	ï»¿2026-01-16T08:33:45.3563492Z ##[group]Run echo "End process"
end-workflow	Finaliza el workflow	2026-01-16T08:33:45.3563910Z [36;1mecho "End process"[0m
end-workflow	Finaliza el workflow	2026-01-16T08:33:45.3564342Z [36;1mRNNUMBER=$(echo "refs/heads/H2559-modulo-de-conexion-ssh" | grep -o '[0-9]*')[0m
end-workflow	Finaliza el workflow	2026-01-16T08:33:45.3564933Z [36;1mgh issue comment $RNNUMBER --body "Se finaliza Ka0s 21059980650"[0m
end-workflow	Finaliza el workflow	2026-01-16T08:33:45.3565696Z [36;1mgh workflow run inspector.yml --ref 'main' -f kaos-issue-id=$RNNUMBER -f kaos-workflow-id="21059980650" -f kaos-user-start=""[0m
end-workflow	Finaliza el workflow	2026-01-16T08:33:45.3576163Z shell: /usr/bin/bash -e {0}
end-workflow	Finaliza el workflow	2026-01-16T08:33:45.3576447Z env:
end-workflow	Finaliza el workflow	2026-01-16T08:33:45.3576648Z   KAOS_MODULE: [Ka0S] JSONLINT
end-workflow	Finaliza el workflow	2026-01-16T08:33:45.3577228Z   GH_TOKEN: ***
end-workflow	Finaliza el workflow	2026-01-16T08:33:45.3577489Z   KAOS_JSONLINT_CONFIG: core/config/.jsonlint.json
end-workflow	Finaliza el workflow	2026-01-16T08:33:45.3577820Z   KAOS_PATH_RESUME: audit/jsonlint/
end-workflow	Finaliza el workflow	2026-01-16T08:33:45.3578124Z   KAOS_REPO: /actions-runner/_work/kaos/kaos
end-workflow	Finaliza el workflow	2026-01-16T08:33:45.3578421Z   KAOS_STEP_MODULE: 
end-workflow	Finaliza el workflow	2026-01-16T08:33:45.3578633Z   KAOS_CODE: 21059980650
end-workflow	Finaliza el workflow	2026-01-16T08:33:45.3578919Z   KAOS_REF_BRANCH: main
end-workflow	Finaliza el workflow	2026-01-16T08:33:45.3579156Z ##[endgroup]
end-workflow	Finaliza el workflow	2026-01-16T08:33:45.4362893Z End process
end-workflow	Finaliza el workflow	2026-01-16T08:33:47.2943353Z https://github.com/Ka0s-Klaus/ka0s/issues/2559#issuecomment-3758766299
end-workflow	Post Checkout code	ï»¿2026-01-16T08:33:49.2667460Z Post job cleanup.
end-workflow	Post Checkout code	2026-01-16T08:33:51.3361058Z [command]/usr/bin/git version
end-workflow	Post Checkout code	2026-01-16T08:33:51.3689147Z git version 2.52.0
end-workflow	Post Checkout code	2026-01-16T08:33:51.4843499Z Temporarily overriding HOME='/home/runner/_work/_temp/b4bed83f-2a9e-42d6-ba1a-d722ecfdae1e' before making global git config changes
end-workflow	Post Checkout code	2026-01-16T08:33:51.4847950Z Adding repository directory to the temporary git global config as a safe directory
end-workflow	Post Checkout code	2026-01-16T08:33:51.4852803Z [command]/usr/bin/git config --global --add safe.directory /home/runner/_work/ka0s/ka0s
end-workflow	Post Checkout code	2026-01-16T08:33:51.5141841Z [command]/usr/bin/git config --local --name-only --get-regexp core\.sshCommand
end-workflow	Post Checkout code	2026-01-16T08:33:51.6176585Z [command]/usr/bin/git submodule foreach --recursive sh -c "git config --local --name-only --get-regexp 'core\.sshCommand' && git config --local --unset-all 'core.sshCommand' || :"
end-workflow	Post Checkout code	2026-01-16T08:33:52.1764601Z [command]/usr/bin/git config --local --name-only --get-regexp http\.https\:\/\/github\.com\/\.extraheader
end-workflow	Post Checkout code	2026-01-16T08:33:52.1802953Z http.https://github.com/.extraheader
end-workflow	Post Checkout code	2026-01-16T08:33:52.2153293Z [command]/usr/bin/git config --local --unset-all http.https://github.com/.extraheader
end-workflow	Post Checkout code	2026-01-16T08:33:52.3584229Z [command]/usr/bin/git submodule foreach --recursive sh -c "git config --local --name-only --get-regexp 'http\.https\:\/\/github\.com\/\.extraheader' && git config --local --unset-all 'http.https://github.com/.extraheader' || :"
end-workflow	Post Checkout code	2026-01-16T08:33:52.7495665Z [command]/usr/bin/git config --local --name-only --get-regexp ^includeIf\.gitdir:
end-workflow	Post Checkout code	2026-01-16T08:33:52.8188141Z [command]/usr/bin/git submodule foreach --recursive git config --local --show-origin --name-only --get-regexp remote.origin.url
end-workflow	Complete job	ï»¿2026-01-16T08:33:53.3400220Z Cleaning up orphan processes
