job-core	UNKNOWN STEP	﻿2026-02-03T14:48:20.8364382Z Current runner version: '2.331.0'
job-core	UNKNOWN STEP	2026-02-03T14:48:20.8372969Z Runner name: 'swarm-runners-scaleset-hkss5-runner-8bjkl'
job-core	UNKNOWN STEP	2026-02-03T14:48:20.8373969Z Runner group name: 'Default'
job-core	UNKNOWN STEP	2026-02-03T14:48:20.8375064Z Machine name: 'swarm-runners-scaleset-hkss5-runner-8bjkl'
job-core	UNKNOWN STEP	2026-02-03T14:48:20.8378521Z ##[group]GITHUB_TOKEN Permissions
job-core	UNKNOWN STEP	2026-02-03T14:48:20.8381089Z Actions: write
job-core	UNKNOWN STEP	2026-02-03T14:48:20.8381648Z Contents: write
job-core	UNKNOWN STEP	2026-02-03T14:48:20.8382304Z Issues: write
job-core	UNKNOWN STEP	2026-02-03T14:48:20.8382815Z Metadata: read
job-core	UNKNOWN STEP	2026-02-03T14:48:20.8383343Z PullRequests: write
job-core	UNKNOWN STEP	2026-02-03T14:48:20.8383875Z ##[endgroup]
job-core	UNKNOWN STEP	2026-02-03T14:48:20.8386141Z Secret source: Actions
job-core	UNKNOWN STEP	2026-02-03T14:48:20.8386876Z Prepare workflow directory
job-core	UNKNOWN STEP	2026-02-03T14:48:23.3367449Z Prepare all required actions
job-core	UNKNOWN STEP	2026-02-03T14:48:23.4381443Z Getting action download info
job-core	UNKNOWN STEP	2026-02-03T14:48:27.4216278Z Download action repository 'actions/checkout@v4' (SHA:34e114876b0b11c390a56381ad16ebd13914f8d5)
job-core	UNKNOWN STEP	2026-02-03T14:48:29.7680801Z Download action repository 'actions/setup-python@v5' (SHA:a26af69be951a213d495a4c3e4e4022e16d87065)
job-core	UNKNOWN STEP	2026-02-03T14:48:33.6220316Z Download action repository 'actions/setup-node@v4' (SHA:49933ea5288caeca8642d1e84afbd3f7d6820020)
job-core	UNKNOWN STEP	2026-02-03T14:48:38.1924040Z Complete job name: job-core
job-core	UNKNOWN STEP	2026-02-03T14:48:40.3356714Z ##[group]Run actions/checkout@v4
job-core	UNKNOWN STEP	2026-02-03T14:48:40.3358699Z with:
job-core	UNKNOWN STEP	2026-02-03T14:48:40.3359492Z   fetch-depth: 0
job-core	UNKNOWN STEP	2026-02-03T14:48:40.3418668Z   repository: Ka0s-Klaus/ka0s
job-core	UNKNOWN STEP	2026-02-03T14:48:40.3420525Z   token: ***
job-core	UNKNOWN STEP	2026-02-03T14:48:40.3421353Z   ssh-strict: true
job-core	UNKNOWN STEP	2026-02-03T14:48:40.3422368Z   ssh-user: git
job-core	UNKNOWN STEP	2026-02-03T14:48:40.3423246Z   persist-credentials: true
job-core	UNKNOWN STEP	2026-02-03T14:48:40.3424198Z   clean: true
job-core	UNKNOWN STEP	2026-02-03T14:48:40.3425061Z   sparse-checkout-cone-mode: true
job-core	UNKNOWN STEP	2026-02-03T14:48:40.3426110Z   fetch-tags: false
job-core	UNKNOWN STEP	2026-02-03T14:48:40.3426972Z   show-progress: true
job-core	UNKNOWN STEP	2026-02-03T14:48:40.3427829Z   lfs: false
job-core	UNKNOWN STEP	2026-02-03T14:48:40.3428642Z   submodules: false
job-core	UNKNOWN STEP	2026-02-03T14:48:40.3429504Z   set-safe-directory: true
job-core	UNKNOWN STEP	2026-02-03T14:48:40.3431298Z env:
job-core	UNKNOWN STEP	2026-02-03T14:48:40.4731383Z   KAOS_MODULE: [Ka0S] YAMLLINT
job-core	UNKNOWN STEP	2026-02-03T14:48:40.4733056Z   GH_TOKEN: ***
job-core	UNKNOWN STEP	2026-02-03T14:48:40.4734178Z   KAOS_YAMLLINT_CONFIG: core/config/kaos-yamllint-config.yaml
job-core	UNKNOWN STEP	2026-02-03T14:48:40.4735804Z   KAOS_PRETTIER_CONFIG: compliance/yaml/.prettierrc.json
job-core	UNKNOWN STEP	2026-02-03T14:48:40.4737100Z   KAOS_PATH_RESUME: audit/yamllint/
job-core	UNKNOWN STEP	2026-02-03T14:48:40.4738232Z   KAOS_REPO: /actions-runner/_work/kaos/kaos
job-core	UNKNOWN STEP	2026-02-03T14:48:40.4739403Z   KAOS_STEP_MODULE: 
job-core	UNKNOWN STEP	2026-02-03T14:48:40.4740312Z   KAOS_CODE: 21634838214
job-core	UNKNOWN STEP	2026-02-03T14:48:40.4742080Z   KAOS_REF_BRANCH: main
job-core	UNKNOWN STEP	2026-02-03T14:48:40.4743114Z ##[endgroup]
job-core	UNKNOWN STEP	2026-02-03T14:48:43.4485504Z Syncing repository: Ka0s-Klaus/ka0s
job-core	UNKNOWN STEP	2026-02-03T14:48:43.4488840Z ##[group]Getting Git version info
job-core	UNKNOWN STEP	2026-02-03T14:48:43.4490078Z Working directory is '/home/runner/_work/ka0s/ka0s'
job-core	UNKNOWN STEP	2026-02-03T14:48:43.4492149Z [command]/usr/bin/git version
job-core	UNKNOWN STEP	2026-02-03T14:48:43.6130649Z git version 2.52.0
job-core	UNKNOWN STEP	2026-02-03T14:48:43.8637325Z ##[endgroup]
job-core	UNKNOWN STEP	2026-02-03T14:48:43.9596008Z Temporarily overriding HOME='/home/runner/_work/_temp/3fa9f139-8834-42f6-bcb3-8753c901067e' before making global git config changes
job-core	UNKNOWN STEP	2026-02-03T14:48:44.0126588Z Adding repository directory to the temporary git global config as a safe directory
job-core	UNKNOWN STEP	2026-02-03T14:48:44.0566999Z [command]/usr/bin/git config --global --add safe.directory /home/runner/_work/ka0s/ka0s
job-core	UNKNOWN STEP	2026-02-03T14:48:44.4378607Z Deleting the contents of '/home/runner/_work/ka0s/ka0s'
job-core	UNKNOWN STEP	2026-02-03T14:48:44.4387022Z ##[group]Initializing the repository
job-core	UNKNOWN STEP	2026-02-03T14:48:44.6700207Z [command]/usr/bin/git init /home/runner/_work/ka0s/ka0s
job-core	UNKNOWN STEP	2026-02-03T14:48:44.6702188Z hint: Using 'master' as the name for the initial branch. This default branch name
job-core	UNKNOWN STEP	2026-02-03T14:48:44.6704203Z hint: will change to "main" in Git 3.0. To configure the initial branch name
job-core	UNKNOWN STEP	2026-02-03T14:48:44.6706970Z hint: to use in all of your new repositories, which will suppress this warning,
job-core	UNKNOWN STEP	2026-02-03T14:48:44.6708555Z hint: call:
job-core	UNKNOWN STEP	2026-02-03T14:48:44.6709388Z hint:
job-core	UNKNOWN STEP	2026-02-03T14:48:44.6710431Z hint: 	git config --global init.defaultBranch <name>
job-core	UNKNOWN STEP	2026-02-03T14:48:44.6712748Z hint:
job-core	UNKNOWN STEP	2026-02-03T14:48:44.6713961Z hint: Names commonly chosen instead of 'master' are 'main', 'trunk' and
job-core	UNKNOWN STEP	2026-02-03T14:48:44.6715941Z hint: 'development'. The just-created branch can be renamed via this command:
job-core	UNKNOWN STEP	2026-02-03T14:48:44.6717447Z hint:
job-core	UNKNOWN STEP	2026-02-03T14:48:44.7154111Z hint: 	git branch -m <name>
job-core	UNKNOWN STEP	2026-02-03T14:48:44.8233547Z hint:
job-core	UNKNOWN STEP	2026-02-03T14:48:44.8236915Z hint: Disable this message with "git config set advice.defaultBranchName false"
job-core	UNKNOWN STEP	2026-02-03T14:48:44.8241240Z Initialized empty Git repository in /home/runner/_work/ka0s/ka0s/.git/
job-core	UNKNOWN STEP	2026-02-03T14:48:44.8247539Z [command]/usr/bin/git remote add origin https://github.com/Ka0s-Klaus/ka0s
job-core	UNKNOWN STEP	2026-02-03T14:48:44.8621151Z ##[endgroup]
job-core	UNKNOWN STEP	2026-02-03T14:48:44.8623144Z ##[group]Disabling automatic garbage collection
job-core	UNKNOWN STEP	2026-02-03T14:48:44.8624495Z [command]/usr/bin/git config --local gc.auto 0
job-core	UNKNOWN STEP	2026-02-03T14:48:44.9227197Z ##[endgroup]
job-core	UNKNOWN STEP	2026-02-03T14:48:44.9228551Z ##[group]Setting up auth
job-core	UNKNOWN STEP	2026-02-03T14:48:44.9788438Z [command]/usr/bin/git config --local --name-only --get-regexp core\.sshCommand
job-core	UNKNOWN STEP	2026-02-03T14:48:45.0383439Z [command]/usr/bin/git submodule foreach --recursive sh -c "git config --local --name-only --get-regexp 'core\.sshCommand' && git config --local --unset-all 'core.sshCommand' || :"
job-core	UNKNOWN STEP	2026-02-03T14:48:45.7758634Z [command]/usr/bin/git config --local --name-only --get-regexp http\.https\:\/\/github\.com\/\.extraheader
job-core	UNKNOWN STEP	2026-02-03T14:48:45.8450347Z [command]/usr/bin/git submodule foreach --recursive sh -c "git config --local --name-only --get-regexp 'http\.https\:\/\/github\.com\/\.extraheader' && git config --local --unset-all 'http.https://github.com/.extraheader' || :"
job-core	UNKNOWN STEP	2026-02-03T14:48:47.3493909Z [command]/usr/bin/git config --local --name-only --get-regexp ^includeIf\.gitdir:
job-core	UNKNOWN STEP	2026-02-03T14:48:47.5774411Z [command]/usr/bin/git submodule foreach --recursive git config --local --show-origin --name-only --get-regexp remote.origin.url
job-core	UNKNOWN STEP	2026-02-03T14:48:48.4784867Z [command]/usr/bin/git config --local http.https://github.com/.extraheader AUTHORIZATION: basic ***
job-core	UNKNOWN STEP	2026-02-03T14:48:48.5538365Z ##[endgroup]
job-core	UNKNOWN STEP	2026-02-03T14:48:48.5572561Z ##[group]Fetching the repository
job-core	UNKNOWN STEP	2026-02-03T14:48:48.5971194Z [command]/usr/bin/git -c protocol.version=2 fetch --prune --no-recurse-submodules origin +refs/heads/*:refs/remotes/origin/* +refs/tags/*:refs/tags/*
job-core	UNKNOWN STEP	2026-02-03T14:54:41.5804235Z From https://github.com/Ka0s-Klaus/ka0s
job-core	UNKNOWN STEP	2026-02-03T14:54:41.5804888Z  * [new branch]          F1149-desarrollo-de-orchestrator -> origin/F1149-desarrollo-de-orchestrator
job-core	UNKNOWN STEP	2026-02-03T14:54:41.5826941Z  * [new branch]          F1183-personalización-módulo-finops -> origin/F1183-personalización-módulo-finops
job-core	UNKNOWN STEP	2026-02-03T14:54:41.5828719Z  * [new branch]          F1224-new-module-mongodb -> origin/F1224-new-module-mongodb
job-core	UNKNOWN STEP	2026-02-03T14:54:41.5830044Z  * [new branch]          F220-web-de-resultados  -> origin/F220-web-de-resultados
job-core	UNKNOWN STEP	2026-02-03T14:54:41.5853286Z  * [new branch]          F227-despliegue-de-kube-independiente-del-clouder -> origin/F227-despliegue-de-kube-independiente-del-clouder
job-core	UNKNOWN STEP	2026-02-03T14:54:41.5903468Z  * [new branch]          F2438-arreglo-de-despliegue-itop -> origin/F2438-arreglo-de-despliegue-itop
job-core	UNKNOWN STEP	2026-02-03T14:54:41.5959082Z  * [new branch]          F2927-test-launch-workflows-from-itop-services -> origin/F2927-test-launch-workflows-from-itop-services
job-core	UNKNOWN STEP	2026-02-03T14:54:41.5994850Z  * [new branch]          F329-documentacion-metodologia-de-kaos -> origin/F329-documentacion-metodologia-de-kaos
job-core	UNKNOWN STEP	2026-02-03T14:54:41.6057576Z  * [new branch]          H-nueva-prueba-para-verificar -> origin/H-nueva-prueba-para-verificar
job-core	UNKNOWN STEP	2026-02-03T14:54:41.6158491Z  * [new branch]          H-pruebas-de-creacion-de-ramas-en-github -> origin/H-pruebas-de-creacion-de-ramas-en-github
job-core	UNKNOWN STEP	2026-02-03T14:54:41.6424722Z  * [new branch]          H-segunda-comprobacion  -> origin/H-segunda-comprobacion
job-core	UNKNOWN STEP	2026-02-03T14:54:41.6615470Z  * [new branch]          H-test-de-creacion-de-ramas-desde-planka -> origin/H-test-de-creacion-de-ramas-desde-planka
job-core	UNKNOWN STEP	2026-02-03T14:54:41.6618679Z  * [new branch]          H1139-como-instalar-arc-control -> origin/H1139-como-instalar-arc-control
job-core	UNKNOWN STEP	2026-02-03T14:54:41.6620349Z  * [new branch]          H1149-desarrollo-de-orchestrator -> origin/H1149-desarrollo-de-orchestrator
job-core	UNKNOWN STEP	2026-02-03T14:54:41.7053691Z  * [new branch]          H1150-desarrollo-de-secciones -> origin/H1150-desarrollo-de-secciones
job-core	UNKNOWN STEP	2026-02-03T14:54:41.7054969Z  * [new branch]          H1151-desarrollo-de-secciones-ii -> origin/H1151-desarrollo-de-secciones-ii
job-core	UNKNOWN STEP	2026-02-03T14:54:41.7055666Z  * [new branch]          H1152-desarrollo-inicio -> origin/H1152-desarrollo-inicio
job-core	UNKNOWN STEP	2026-02-03T14:54:41.7056357Z  * [new branch]          H1193-ejemplo-web-documentacion -> origin/H1193-ejemplo-web-documentacion
job-core	UNKNOWN STEP	2026-02-03T14:54:41.7057029Z  * [new branch]          H1205-web-creation      -> origin/H1205-web-creation
job-core	UNKNOWN STEP	2026-02-03T14:54:41.7057611Z  * [new branch]          H1224-new-module-mongodb -> origin/H1224-new-module-mongodb
job-core	UNKNOWN STEP	2026-02-03T14:54:41.7058270Z  * [new branch]          H1276-modulo-observabilidad -> origin/H1276-modulo-observabilidad
job-core	UNKNOWN STEP	2026-02-03T14:54:41.7058945Z  * [new branch]          H1410-modulo-execution  -> origin/H1410-modulo-execution
job-core	UNKNOWN STEP	2026-02-03T14:54:41.7060392Z  * [new branch]          H1514-new-swarm-deployment-stack-with-actions-runners-autoscale -> origin/H1514-new-swarm-deployment-stack-with-actions-runners-autoscale
job-core	UNKNOWN STEP	2026-02-03T14:54:41.7480027Z  * [new branch]          H1968-modulo-personalización-del-portal-de-kaos-core -> origin/H1968-modulo-personalización-del-portal-de-kaos-core
job-core	UNKNOWN STEP	2026-02-03T14:54:41.7481673Z  * [new branch]          H215-modulo-de-summary  -> origin/H215-modulo-de-summary
job-core	UNKNOWN STEP	2026-02-03T14:54:41.7482405Z  * [new branch]          H220-web-de-resultados  -> origin/H220-web-de-resultados
job-core	UNKNOWN STEP	2026-02-03T14:54:41.7483288Z  * [new branch]          H227-despliegue-de-kube-independiente-del-clouder -> origin/H227-despliegue-de-kube-independiente-del-clouder
job-core	UNKNOWN STEP	2026-02-03T14:54:41.7484260Z  * [new branch]          H2438-arreglo-de-despliegue-itop -> origin/H2438-arreglo-de-despliegue-itop
job-core	UNKNOWN STEP	2026-02-03T14:54:41.7485329Z  * [new branch]          H2443-nuevo-modulo-de-pruebas-sobre-kubernetes -> origin/H2443-nuevo-modulo-de-pruebas-sobre-kubernetes
job-core	UNKNOWN STEP	2026-02-03T14:54:41.7804229Z  * [new branch]          H2559-modulo-de-conexion-ssh -> origin/H2559-modulo-de-conexion-ssh
job-core	UNKNOWN STEP	2026-02-03T14:54:41.7805078Z  * [new branch]          H2934-modulo-backstage  -> origin/H2934-modulo-backstage
job-core	UNKNOWN STEP	2026-02-03T14:54:41.7805660Z  * [new branch]          H2935-modulo-zabbix     -> origin/H2935-modulo-zabbix
job-core	UNKNOWN STEP	2026-02-03T14:54:41.7806344Z  * [new branch]          H2999-modulo-trello-personal -> origin/H2999-modulo-trello-personal
job-core	UNKNOWN STEP	2026-02-03T14:54:41.7807031Z  * [new branch]          H3003-despliegue-n8n    -> origin/H3003-despliegue-n8n
job-core	UNKNOWN STEP	2026-02-03T14:54:41.7807576Z  * [new branch]          H3010-test-ana          -> origin/H3010-test-ana
job-core	UNKNOWN STEP	2026-02-03T14:54:41.7808059Z  * [new branch]          H3013-test-jesus        -> origin/H3013-test-jesus
job-core	UNKNOWN STEP	2026-02-03T14:54:41.7808825Z  * [new branch]          H3038-test-ci-cd-kubernetes-automated-system -> origin/H3038-test-ci-cd-kubernetes-automated-system
job-core	UNKNOWN STEP	2026-02-03T14:54:41.7809692Z  * [new branch]          H306-ficheros-de-estadisticas -> origin/H306-ficheros-de-estadisticas
job-core	UNKNOWN STEP	2026-02-03T14:54:41.7810561Z  * [new branch]          H328-documentacion-modulo-principal-de-kaos -> origin/H328-documentacion-modulo-principal-de-kaos
job-core	UNKNOWN STEP	2026-02-03T14:54:41.7811495Z  * [new branch]          H329-documentacion-metodologia-de-kaos -> origin/H329-documentacion-metodologia-de-kaos
job-core	UNKNOWN STEP	2026-02-03T14:54:41.7898256Z  * [new branch]          H338-relanzador-de-jobs-en-caso-de-pattern -> origin/H338-relanzador-de-jobs-en-caso-de-pattern
job-core	UNKNOWN STEP	2026-02-03T14:54:41.7899245Z  * [new branch]          H38-documentacion-basica-del-proyecto -> origin/H38-documentacion-basica-del-proyecto
job-core	UNKNOWN STEP	2026-02-03T14:54:41.7953782Z  * [new branch]          RN1149-desarrollo-de-orchestrator -> origin/RN1149-desarrollo-de-orchestrator
job-core	UNKNOWN STEP	2026-02-03T14:54:41.7955620Z  * [new branch]          RN1183-personalización-módulo-finops -> origin/RN1183-personalización-módulo-finops
job-core	UNKNOWN STEP	2026-02-03T14:54:41.7957461Z  * [new branch]          RN1282-ka0s-error-detected-in-ka0s-workflow-statistics-summary -> origin/RN1282-ka0s-error-detected-in-ka0s-workflow-statistics-summary
job-core	UNKNOWN STEP	2026-02-03T14:54:41.7958541Z  * [new branch]          RN220-web-de-resultados -> origin/RN220-web-de-resultados
job-core	UNKNOWN STEP	2026-02-03T14:54:41.7959454Z  * [new branch]          RN227-despliegue-de-kube-independiente-del-clouder -> origin/RN227-despliegue-de-kube-independiente-del-clouder
job-core	UNKNOWN STEP	2026-02-03T14:54:41.8152100Z  * [new branch]          RN2438-arreglo-de-despliegue-itop -> origin/RN2438-arreglo-de-despliegue-itop
job-core	UNKNOWN STEP	2026-02-03T14:54:41.8153177Z  * [new branch]          RN329-documentacion-metodologia-de-kaos -> origin/RN329-documentacion-metodologia-de-kaos
job-core	UNKNOWN STEP	2026-02-03T14:54:41.8153883Z  * [new branch]          main                    -> origin/main
job-core	UNKNOWN STEP	2026-02-03T14:54:41.8154340Z  * [new branch]          planka                  -> origin/planka
job-core	UNKNOWN STEP	2026-02-03T14:54:41.8154885Z  * [new branch]          test/ci-cd-verification -> origin/test/ci-cd-verification
job-core	UNKNOWN STEP	2026-02-03T14:54:41.8155438Z  * [new tag]             0.0.0                   -> 0.0.0
job-core	UNKNOWN STEP	2026-02-03T14:54:41.8155813Z  * [new tag]             0.0.1                   -> 0.0.1
job-core	UNKNOWN STEP	2026-02-03T14:54:41.8156475Z  * [new tag]             0.0.10                  -> 0.0.10
job-core	UNKNOWN STEP	2026-02-03T14:54:41.8156974Z  * [new tag]             0.0.100                 -> 0.0.100
job-core	UNKNOWN STEP	2026-02-03T14:54:41.8157332Z  * [new tag]             0.0.101                 -> 0.0.101
job-core	UNKNOWN STEP	2026-02-03T14:54:41.8157695Z  * [new tag]             0.0.102                 -> 0.0.102
job-core	UNKNOWN STEP	2026-02-03T14:54:41.8158100Z  * [new tag]             0.0.103                 -> 0.0.103
job-core	UNKNOWN STEP	2026-02-03T14:54:41.8158477Z  * [new tag]             0.0.104                 -> 0.0.104
job-core	UNKNOWN STEP	2026-02-03T14:54:41.8158848Z  * [new tag]             0.0.105                 -> 0.0.105
job-core	UNKNOWN STEP	2026-02-03T14:54:41.8159215Z  * [new tag]             0.0.106                 -> 0.0.106
job-core	UNKNOWN STEP	2026-02-03T14:54:41.8311001Z  * [new tag]             0.0.107                 -> 0.0.107
job-core	UNKNOWN STEP	2026-02-03T14:54:41.8311872Z  * [new tag]             0.0.108                 -> 0.0.108
job-core	UNKNOWN STEP	2026-02-03T14:54:41.8312257Z  * [new tag]             0.0.109                 -> 0.0.109
job-core	UNKNOWN STEP	2026-02-03T14:54:41.8312652Z  * [new tag]             0.0.11                  -> 0.0.11
job-core	UNKNOWN STEP	2026-02-03T14:54:41.8313041Z  * [new tag]             0.0.110                 -> 0.0.110
job-core	UNKNOWN STEP	2026-02-03T14:54:41.8313404Z  * [new tag]             0.0.111                 -> 0.0.111
job-core	UNKNOWN STEP	2026-02-03T14:54:41.8313771Z  * [new tag]             0.0.112                 -> 0.0.112
job-core	UNKNOWN STEP	2026-02-03T14:54:41.8317697Z  * [new tag]             0.0.113                 -> 0.0.113
job-core	UNKNOWN STEP	2026-02-03T14:54:41.8318518Z  * [new tag]             0.0.114                 -> 0.0.114
job-core	UNKNOWN STEP	2026-02-03T14:54:41.8318922Z  * [new tag]             0.0.115                 -> 0.0.115
job-core	UNKNOWN STEP	2026-02-03T14:54:41.8319323Z  * [new tag]             0.0.116                 -> 0.0.116
job-core	UNKNOWN STEP	2026-02-03T14:54:41.8319707Z  * [new tag]             0.0.117                 -> 0.0.117
job-core	UNKNOWN STEP	2026-02-03T14:54:41.8320106Z  * [new tag]             0.0.118                 -> 0.0.118
job-core	UNKNOWN STEP	2026-02-03T14:54:41.8320528Z  * [new tag]             0.0.119                 -> 0.0.119
job-core	UNKNOWN STEP	2026-02-03T14:54:41.8320934Z  * [new tag]             0.0.12                  -> 0.0.12
job-core	UNKNOWN STEP	2026-02-03T14:54:41.8321371Z  * [new tag]             0.0.120                 -> 0.0.120
job-core	UNKNOWN STEP	2026-02-03T14:54:41.8321899Z  * [new tag]             0.0.121                 -> 0.0.121
job-core	UNKNOWN STEP	2026-02-03T14:54:41.8322293Z  * [new tag]             0.0.122                 -> 0.0.122
job-core	UNKNOWN STEP	2026-02-03T14:54:41.8322691Z  * [new tag]             0.0.123                 -> 0.0.123
job-core	UNKNOWN STEP	2026-02-03T14:54:41.8323073Z  * [new tag]             0.0.124                 -> 0.0.124
job-core	UNKNOWN STEP	2026-02-03T14:54:41.8323457Z  * [new tag]             0.0.125                 -> 0.0.125
job-core	UNKNOWN STEP	2026-02-03T14:54:41.8323850Z  * [new tag]             0.0.126                 -> 0.0.126
job-core	UNKNOWN STEP	2026-02-03T14:54:41.8324244Z  * [new tag]             0.0.127                 -> 0.0.127
job-core	UNKNOWN STEP	2026-02-03T14:54:41.8324625Z  * [new tag]             0.0.128                 -> 0.0.128
job-core	UNKNOWN STEP	2026-02-03T14:54:41.9313143Z  * [new tag]             0.0.129                 -> 0.0.129
job-core	UNKNOWN STEP	2026-02-03T14:54:41.9313540Z  * [new tag]             0.0.13                  -> 0.0.13
job-core	UNKNOWN STEP	2026-02-03T14:54:41.9313936Z  * [new tag]             0.0.130                 -> 0.0.130
job-core	UNKNOWN STEP	2026-02-03T14:54:41.9314309Z  * [new tag]             0.0.131                 -> 0.0.131
job-core	UNKNOWN STEP	2026-02-03T14:54:41.9314677Z  * [new tag]             0.0.132                 -> 0.0.132
job-core	UNKNOWN STEP	2026-02-03T14:54:41.9315039Z  * [new tag]             0.0.133                 -> 0.0.133
job-core	UNKNOWN STEP	2026-02-03T14:54:41.9315399Z  * [new tag]             0.0.134                 -> 0.0.134
job-core	UNKNOWN STEP	2026-02-03T14:54:41.9315771Z  * [new tag]             0.0.135                 -> 0.0.135
job-core	UNKNOWN STEP	2026-02-03T14:54:41.9316147Z  * [new tag]             0.0.136                 -> 0.0.136
job-core	UNKNOWN STEP	2026-02-03T14:54:41.9316520Z  * [new tag]             0.0.137                 -> 0.0.137
job-core	UNKNOWN STEP	2026-02-03T14:54:41.9316898Z  * [new tag]             0.0.138                 -> 0.0.138
job-core	UNKNOWN STEP	2026-02-03T14:54:41.9317269Z  * [new tag]             0.0.139                 -> 0.0.139
job-core	UNKNOWN STEP	2026-02-03T14:54:41.9317647Z  * [new tag]             0.0.14                  -> 0.0.14
job-core	UNKNOWN STEP	2026-02-03T14:54:41.9318007Z  * [new tag]             0.0.140                 -> 0.0.140
job-core	UNKNOWN STEP	2026-02-03T14:54:41.9318540Z  * [new tag]             0.0.141                 -> 0.0.141
job-core	UNKNOWN STEP	2026-02-03T14:54:41.9318921Z  * [new tag]             0.0.142                 -> 0.0.142
job-core	UNKNOWN STEP	2026-02-03T14:54:41.9319277Z  * [new tag]             0.0.143                 -> 0.0.143
job-core	UNKNOWN STEP	2026-02-03T14:54:41.9319636Z  * [new tag]             0.0.144                 -> 0.0.144
job-core	UNKNOWN STEP	2026-02-03T14:54:41.9320002Z  * [new tag]             0.0.145                 -> 0.0.145
job-core	UNKNOWN STEP	2026-02-03T14:54:41.9320374Z  * [new tag]             0.0.146                 -> 0.0.146
job-core	UNKNOWN STEP	2026-02-03T14:54:41.9320733Z  * [new tag]             0.0.147                 -> 0.0.147
job-core	UNKNOWN STEP	2026-02-03T14:54:41.9321131Z  * [new tag]             0.0.148                 -> 0.0.148
job-core	UNKNOWN STEP	2026-02-03T14:54:41.9321495Z  * [new tag]             0.0.149                 -> 0.0.149
job-core	UNKNOWN STEP	2026-02-03T14:54:41.9322003Z  * [new tag]             0.0.15                  -> 0.0.15
job-core	UNKNOWN STEP	2026-02-03T14:54:41.9329961Z  * [new tag]             0.0.150                 -> 0.0.150
job-core	UNKNOWN STEP	2026-02-03T14:54:41.9330506Z  * [new tag]             0.0.151                 -> 0.0.151
job-core	UNKNOWN STEP	2026-02-03T14:54:41.9330879Z  * [new tag]             0.0.152                 -> 0.0.152
job-core	UNKNOWN STEP	2026-02-03T14:54:41.9331246Z  * [new tag]             0.0.153                 -> 0.0.153
job-core	UNKNOWN STEP	2026-02-03T14:54:41.9331601Z  * [new tag]             0.0.154                 -> 0.0.154
job-core	UNKNOWN STEP	2026-02-03T14:54:41.9332110Z  * [new tag]             0.0.155                 -> 0.0.155
job-core	UNKNOWN STEP	2026-02-03T14:54:41.9332477Z  * [new tag]             0.0.156                 -> 0.0.156
job-core	UNKNOWN STEP	2026-02-03T14:54:41.9332918Z  * [new tag]             0.0.157                 -> 0.0.157
job-core	UNKNOWN STEP	2026-02-03T14:54:41.9333271Z  * [new tag]             0.0.158                 -> 0.0.158
job-core	UNKNOWN STEP	2026-02-03T14:54:41.9333626Z  * [new tag]             0.0.159                 -> 0.0.159
job-core	UNKNOWN STEP	2026-02-03T14:54:41.9333988Z  * [new tag]             0.0.16                  -> 0.0.16
job-core	UNKNOWN STEP	2026-02-03T14:54:41.9334365Z  * [new tag]             0.0.160                 -> 0.0.160
job-core	UNKNOWN STEP	2026-02-03T14:54:41.9334719Z  * [new tag]             0.0.161                 -> 0.0.161
job-core	UNKNOWN STEP	2026-02-03T14:54:41.9335086Z  * [new tag]             0.0.162                 -> 0.0.162
job-core	UNKNOWN STEP	2026-02-03T14:54:41.9335446Z  * [new tag]             0.0.163                 -> 0.0.163
job-core	UNKNOWN STEP	2026-02-03T14:54:41.9335805Z  * [new tag]             0.0.164                 -> 0.0.164
job-core	UNKNOWN STEP	2026-02-03T14:54:41.9336163Z  * [new tag]             0.0.165                 -> 0.0.165
job-core	UNKNOWN STEP	2026-02-03T14:54:41.9336516Z  * [new tag]             0.0.166                 -> 0.0.166
job-core	UNKNOWN STEP	2026-02-03T14:54:41.9336892Z  * [new tag]             0.0.167                 -> 0.0.167
job-core	UNKNOWN STEP	2026-02-03T14:54:41.9337255Z  * [new tag]             0.0.168                 -> 0.0.168
job-core	UNKNOWN STEP	2026-02-03T14:54:41.9337620Z  * [new tag]             0.0.169                 -> 0.0.169
job-core	UNKNOWN STEP	2026-02-03T14:54:41.9337979Z  * [new tag]             0.0.17                  -> 0.0.17
job-core	UNKNOWN STEP	2026-02-03T14:54:41.9338601Z  * [new tag]             0.0.170                 -> 0.0.170
job-core	UNKNOWN STEP	2026-02-03T14:54:41.9338959Z  * [new tag]             0.0.171                 -> 0.0.171
job-core	UNKNOWN STEP	2026-02-03T14:54:41.9339321Z  * [new tag]             0.0.172                 -> 0.0.172
job-core	UNKNOWN STEP	2026-02-03T14:54:41.9747826Z  * [new tag]             0.0.173                 -> 0.0.173
job-core	UNKNOWN STEP	2026-02-03T14:54:41.9748244Z  * [new tag]             0.0.174                 -> 0.0.174
job-core	UNKNOWN STEP	2026-02-03T14:54:41.9748609Z  * [new tag]             0.0.175                 -> 0.0.175
job-core	UNKNOWN STEP	2026-02-03T14:54:41.9748966Z  * [new tag]             0.0.176                 -> 0.0.176
job-core	UNKNOWN STEP	2026-02-03T14:54:41.9749337Z  * [new tag]             0.0.177                 -> 0.0.177
job-core	UNKNOWN STEP	2026-02-03T14:54:41.9749689Z  * [new tag]             0.0.178                 -> 0.0.178
job-core	UNKNOWN STEP	2026-02-03T14:54:41.9750044Z  * [new tag]             0.0.179                 -> 0.0.179
job-core	UNKNOWN STEP	2026-02-03T14:54:41.9750413Z  * [new tag]             0.0.18                  -> 0.0.18
job-core	UNKNOWN STEP	2026-02-03T14:54:41.9750787Z  * [new tag]             0.0.19                  -> 0.0.19
job-core	UNKNOWN STEP	2026-02-03T14:54:41.9751165Z  * [new tag]             0.0.2                   -> 0.0.2
job-core	UNKNOWN STEP	2026-02-03T14:54:41.9751517Z  * [new tag]             0.0.20                  -> 0.0.20
job-core	UNKNOWN STEP	2026-02-03T14:54:42.1063614Z  * [new tag]             0.0.21                  -> 0.0.21
job-core	UNKNOWN STEP	2026-02-03T14:54:42.1064592Z  * [new tag]             0.0.22                  -> 0.0.22
job-core	UNKNOWN STEP	2026-02-03T14:54:42.1065002Z  * [new tag]             0.0.23                  -> 0.0.23
job-core	UNKNOWN STEP	2026-02-03T14:54:42.1065379Z  * [new tag]             0.0.24                  -> 0.0.24
job-core	UNKNOWN STEP	2026-02-03T14:54:42.1065756Z  * [new tag]             0.0.25                  -> 0.0.25
job-core	UNKNOWN STEP	2026-02-03T14:54:42.1066138Z  * [new tag]             0.0.26                  -> 0.0.26
job-core	UNKNOWN STEP	2026-02-03T14:54:42.1066531Z  * [new tag]             0.0.27                  -> 0.0.27
job-core	UNKNOWN STEP	2026-02-03T14:54:42.1066898Z  * [new tag]             0.0.28                  -> 0.0.28
job-core	UNKNOWN STEP	2026-02-03T14:54:42.1067285Z  * [new tag]             0.0.29                  -> 0.0.29
job-core	UNKNOWN STEP	2026-02-03T14:54:42.1067724Z  * [new tag]             0.0.3                   -> 0.0.3
job-core	UNKNOWN STEP	2026-02-03T14:54:42.1068106Z  * [new tag]             0.0.30                  -> 0.0.30
job-core	UNKNOWN STEP	2026-02-03T14:54:42.1068506Z  * [new tag]             0.0.31                  -> 0.0.31
job-core	UNKNOWN STEP	2026-02-03T14:54:42.1068878Z  * [new tag]             0.0.32                  -> 0.0.32
job-core	UNKNOWN STEP	2026-02-03T14:54:42.1069248Z  * [new tag]             0.0.33                  -> 0.0.33
job-core	UNKNOWN STEP	2026-02-03T14:54:42.1069622Z  * [new tag]             0.0.34                  -> 0.0.34
job-core	UNKNOWN STEP	2026-02-03T14:54:42.1069999Z  * [new tag]             0.0.35                  -> 0.0.35
job-core	UNKNOWN STEP	2026-02-03T14:54:42.1070368Z  * [new tag]             0.0.36                  -> 0.0.36
job-core	UNKNOWN STEP	2026-02-03T14:54:42.1070754Z  * [new tag]             0.0.37                  -> 0.0.37
job-core	UNKNOWN STEP	2026-02-03T14:54:42.1071130Z  * [new tag]             0.0.38                  -> 0.0.38
job-core	UNKNOWN STEP	2026-02-03T14:54:42.1071498Z  * [new tag]             0.0.39                  -> 0.0.39
job-core	UNKNOWN STEP	2026-02-03T14:54:42.1454854Z  * [new tag]             0.0.4                   -> 0.0.4
job-core	UNKNOWN STEP	2026-02-03T14:54:42.1455435Z  * [new tag]             0.0.40                  -> 0.0.40
job-core	UNKNOWN STEP	2026-02-03T14:54:42.1455808Z  * [new tag]             0.0.41                  -> 0.0.41
job-core	UNKNOWN STEP	2026-02-03T14:54:42.1456195Z  * [new tag]             0.0.42                  -> 0.0.42
job-core	UNKNOWN STEP	2026-02-03T14:54:42.1456566Z  * [new tag]             0.0.43                  -> 0.0.43
job-core	UNKNOWN STEP	2026-02-03T14:54:42.1456934Z  * [new tag]             0.0.44                  -> 0.0.44
job-core	UNKNOWN STEP	2026-02-03T14:54:42.1457295Z  * [new tag]             0.0.45                  -> 0.0.45
job-core	UNKNOWN STEP	2026-02-03T14:54:42.1457690Z  * [new tag]             0.0.46                  -> 0.0.46
job-core	UNKNOWN STEP	2026-02-03T14:54:42.1458084Z  * [new tag]             0.0.47                  -> 0.0.47
job-core	UNKNOWN STEP	2026-02-03T14:54:42.1458461Z  * [new tag]             0.0.48                  -> 0.0.48
job-core	UNKNOWN STEP	2026-02-03T14:54:42.1458875Z  * [new tag]             0.0.49                  -> 0.0.49
job-core	UNKNOWN STEP	2026-02-03T14:54:42.1459308Z  * [new tag]             0.0.5                   -> 0.0.5
job-core	UNKNOWN STEP	2026-02-03T14:54:42.1839018Z  * [new tag]             0.0.50                  -> 0.0.50
job-core	UNKNOWN STEP	2026-02-03T14:54:42.1839865Z  * [new tag]             0.0.51                  -> 0.0.51
job-core	UNKNOWN STEP	2026-02-03T14:54:42.1840228Z  * [new tag]             0.0.52                  -> 0.0.52
job-core	UNKNOWN STEP	2026-02-03T14:54:42.1840849Z  * [new tag]             0.0.53                  -> 0.0.53
job-core	UNKNOWN STEP	2026-02-03T14:54:42.1841206Z  * [new tag]             0.0.54                  -> 0.0.54
job-core	UNKNOWN STEP	2026-02-03T14:54:42.1841557Z  * [new tag]             0.0.55                  -> 0.0.55
job-core	UNKNOWN STEP	2026-02-03T14:54:42.1842071Z  * [new tag]             0.0.56                  -> 0.0.56
job-core	UNKNOWN STEP	2026-02-03T14:54:42.1842430Z  * [new tag]             0.0.57                  -> 0.0.57
job-core	UNKNOWN STEP	2026-02-03T14:54:42.1842787Z  * [new tag]             0.0.58                  -> 0.0.58
job-core	UNKNOWN STEP	2026-02-03T14:54:42.1843141Z  * [new tag]             0.0.59                  -> 0.0.59
job-core	UNKNOWN STEP	2026-02-03T14:54:42.1843655Z  * [new tag]             0.0.6                   -> 0.0.6
job-core	UNKNOWN STEP	2026-02-03T14:54:42.1844012Z  * [new tag]             0.0.60                  -> 0.0.60
job-core	UNKNOWN STEP	2026-02-03T14:54:42.1845236Z  * [new tag]             0.0.61                  -> 0.0.61
job-core	UNKNOWN STEP	2026-02-03T14:54:42.1845605Z  * [new tag]             0.0.62                  -> 0.0.62
job-core	UNKNOWN STEP	2026-02-03T14:54:42.1846169Z  * [new tag]             0.0.63                  -> 0.0.63
job-core	UNKNOWN STEP	2026-02-03T14:54:42.1846547Z  * [new tag]             0.0.64                  -> 0.0.64
job-core	UNKNOWN STEP	2026-02-03T14:54:42.1847223Z  * [new tag]             0.0.65                  -> 0.0.65
job-core	UNKNOWN STEP	2026-02-03T14:54:42.1847589Z  * [new tag]             0.0.66                  -> 0.0.66
job-core	UNKNOWN STEP	2026-02-03T14:54:42.1847958Z  * [new tag]             0.0.67                  -> 0.0.67
job-core	UNKNOWN STEP	2026-02-03T14:54:42.1848316Z  * [new tag]             0.0.68                  -> 0.0.68
job-core	UNKNOWN STEP	2026-02-03T14:54:42.1848679Z  * [new tag]             0.0.69                  -> 0.0.69
job-core	UNKNOWN STEP	2026-02-03T14:54:42.1849043Z  * [new tag]             0.0.7                   -> 0.0.7
job-core	UNKNOWN STEP	2026-02-03T14:54:42.1849403Z  * [new tag]             0.0.70                  -> 0.0.70
job-core	UNKNOWN STEP	2026-02-03T14:54:42.1849769Z  * [new tag]             0.0.71                  -> 0.0.71
job-core	UNKNOWN STEP	2026-02-03T14:54:42.1850134Z  * [new tag]             0.0.72                  -> 0.0.72
job-core	UNKNOWN STEP	2026-02-03T14:54:42.1850499Z  * [new tag]             0.0.73                  -> 0.0.73
job-core	UNKNOWN STEP	2026-02-03T14:54:42.1850883Z  * [new tag]             0.0.74                  -> 0.0.74
job-core	UNKNOWN STEP	2026-02-03T14:54:42.1851696Z  * [new tag]             0.0.75                  -> 0.0.75
job-core	UNKNOWN STEP	2026-02-03T14:54:42.1852120Z  * [new tag]             0.0.76                  -> 0.0.76
job-core	UNKNOWN STEP	2026-02-03T14:54:42.1852483Z  * [new tag]             0.0.77                  -> 0.0.77
job-core	UNKNOWN STEP	2026-02-03T14:54:42.1852857Z  * [new tag]             0.0.78                  -> 0.0.78
job-core	UNKNOWN STEP	2026-02-03T14:54:42.1853235Z  * [new tag]             0.0.79                  -> 0.0.79
job-core	UNKNOWN STEP	2026-02-03T14:54:42.1853609Z  * [new tag]             0.0.8                   -> 0.0.8
job-core	UNKNOWN STEP	2026-02-03T14:54:42.1853980Z  * [new tag]             0.0.80                  -> 0.0.80
job-core	UNKNOWN STEP	2026-02-03T14:54:42.1854375Z  * [new tag]             0.0.81                  -> 0.0.81
job-core	UNKNOWN STEP	2026-02-03T14:54:42.1854762Z  * [new tag]             0.0.82                  -> 0.0.82
job-core	UNKNOWN STEP	2026-02-03T14:54:42.1855180Z  * [new tag]             0.0.83                  -> 0.0.83
job-core	UNKNOWN STEP	2026-02-03T14:54:42.1855577Z  * [new tag]             0.0.84                  -> 0.0.84
job-core	UNKNOWN STEP	2026-02-03T14:54:42.1855986Z  * [new tag]             0.0.85                  -> 0.0.85
job-core	UNKNOWN STEP	2026-02-03T14:54:42.1856390Z  * [new tag]             0.0.86                  -> 0.0.86
job-core	UNKNOWN STEP	2026-02-03T14:54:42.1856774Z  * [new tag]             0.0.87                  -> 0.0.87
job-core	UNKNOWN STEP	2026-02-03T14:54:42.1857167Z  * [new tag]             0.0.88                  -> 0.0.88
job-core	UNKNOWN STEP	2026-02-03T14:54:42.1857553Z  * [new tag]             0.0.89                  -> 0.0.89
job-core	UNKNOWN STEP	2026-02-03T14:54:42.1857961Z  * [new tag]             0.0.9                   -> 0.0.9
job-core	UNKNOWN STEP	2026-02-03T14:54:42.1858347Z  * [new tag]             0.0.90                  -> 0.0.90
job-core	UNKNOWN STEP	2026-02-03T14:54:42.1858738Z  * [new tag]             0.0.91                  -> 0.0.91
job-core	UNKNOWN STEP	2026-02-03T14:54:42.1859152Z  * [new tag]             0.0.92                  -> 0.0.92
job-core	UNKNOWN STEP	2026-02-03T14:54:42.1859911Z  * [new tag]             0.0.93                  -> 0.0.93
job-core	UNKNOWN STEP	2026-02-03T14:54:42.1860328Z  * [new tag]             0.0.94                  -> 0.0.94
job-core	UNKNOWN STEP	2026-02-03T14:54:42.1860733Z  * [new tag]             0.0.95                  -> 0.0.95
job-core	UNKNOWN STEP	2026-02-03T14:54:42.1861103Z  * [new tag]             0.0.96                  -> 0.0.96
job-core	UNKNOWN STEP	2026-02-03T14:54:42.1861476Z  * [new tag]             0.0.97                  -> 0.0.97
job-core	UNKNOWN STEP	2026-02-03T14:54:42.1861939Z  * [new tag]             0.0.98                  -> 0.0.98
job-core	UNKNOWN STEP	2026-02-03T14:54:42.1862315Z  * [new tag]             0.0.99                  -> 0.0.99
job-core	UNKNOWN STEP	2026-02-03T14:54:42.1862704Z  * [new tag]             0.1.0                   -> 0.1.0
job-core	UNKNOWN STEP	2026-02-03T14:54:42.1863093Z  * [new tag]             0.1.1                   -> 0.1.1
job-core	UNKNOWN STEP	2026-02-03T14:54:42.1863481Z  * [new tag]             0.2.0                   -> 0.2.0
job-core	UNKNOWN STEP	2026-02-03T14:54:42.1863899Z  * [new tag]             0.3.0                   -> 0.3.0
job-core	UNKNOWN STEP	2026-02-03T14:54:42.1864265Z  * [new tag]             0.3.1                   -> 0.3.1
job-core	UNKNOWN STEP	2026-02-03T14:54:42.1864632Z  * [new tag]             0.3.10                  -> 0.3.10
job-core	UNKNOWN STEP	2026-02-03T14:54:42.1864989Z  * [new tag]             0.3.11                  -> 0.3.11
job-core	UNKNOWN STEP	2026-02-03T14:54:42.1865504Z  * [new tag]             0.3.12                  -> 0.3.12
job-core	UNKNOWN STEP	2026-02-03T14:54:42.1865878Z  * [new tag]             0.3.13                  -> 0.3.13
job-core	UNKNOWN STEP	2026-02-03T14:54:42.1866234Z  * [new tag]             0.3.14                  -> 0.3.14
job-core	UNKNOWN STEP	2026-02-03T14:54:42.1866590Z  * [new tag]             0.3.15                  -> 0.3.15
job-core	UNKNOWN STEP	2026-02-03T14:54:42.1878120Z  * [new tag]             0.3.16                  -> 0.3.16
job-core	UNKNOWN STEP	2026-02-03T14:54:42.1878520Z  * [new tag]             0.3.17                  -> 0.3.17
job-core	UNKNOWN STEP	2026-02-03T14:54:42.1878885Z  * [new tag]             0.3.2                   -> 0.3.2
job-core	UNKNOWN STEP	2026-02-03T14:54:42.1879238Z  * [new tag]             0.3.3                   -> 0.3.3
job-core	UNKNOWN STEP	2026-02-03T14:54:42.1879595Z  * [new tag]             0.3.4                   -> 0.3.4
job-core	UNKNOWN STEP	2026-02-03T14:54:42.1879945Z  * [new tag]             0.3.5                   -> 0.3.5
job-core	UNKNOWN STEP	2026-02-03T14:54:42.1880318Z  * [new tag]             0.3.6                   -> 0.3.6
job-core	UNKNOWN STEP	2026-02-03T14:54:42.1880670Z  * [new tag]             0.3.7                   -> 0.3.7
job-core	UNKNOWN STEP	2026-02-03T14:54:42.1881046Z  * [new tag]             0.3.8                   -> 0.3.8
job-core	UNKNOWN STEP	2026-02-03T14:54:42.1881403Z  * [new tag]             0.3.9                   -> 0.3.9
job-core	UNKNOWN STEP	2026-02-03T14:54:42.1881956Z  * [new tag]             0.4.0                   -> 0.4.0
job-core	UNKNOWN STEP	2026-02-03T14:54:42.1882322Z  * [new tag]             0.4.1                   -> 0.4.1
job-core	UNKNOWN STEP	2026-02-03T14:54:42.1882679Z  * [new tag]             0.4.2                   -> 0.4.2
job-core	UNKNOWN STEP	2026-02-03T14:54:42.1883044Z  * [new tag]             0.4.3                   -> 0.4.3
job-core	UNKNOWN STEP	2026-02-03T14:54:42.1883410Z  * [new tag]             0.4.4                   -> 0.4.4
job-core	UNKNOWN STEP	2026-02-03T14:54:42.1883773Z  * [new tag]             0.4.5                   -> 0.4.5
job-core	UNKNOWN STEP	2026-02-03T14:54:42.1884131Z  * [new tag]             0.4.6                   -> 0.4.6
job-core	UNKNOWN STEP	2026-02-03T14:54:42.1887139Z  * [new tag]             0.4.7                   -> 0.4.7
job-core	UNKNOWN STEP	2026-02-03T14:54:42.1887513Z  * [new tag]             0.4.8                   -> 0.4.8
job-core	UNKNOWN STEP	2026-02-03T14:54:42.1887882Z  * [new tag]             0.4.9                   -> 0.4.9
job-core	UNKNOWN STEP	2026-02-03T14:54:42.1888247Z  * [new tag]             0.5.0                   -> 0.5.0
job-core	UNKNOWN STEP	2026-02-03T14:54:42.1888610Z  * [new tag]             0.5.1                   -> 0.5.1
job-core	UNKNOWN STEP	2026-02-03T14:54:42.1892827Z  * [new tag]             0.5.2                   -> 0.5.2
job-core	UNKNOWN STEP	2026-02-03T14:54:42.1893217Z  * [new tag]             0.6.0                   -> 0.6.0
job-core	UNKNOWN STEP	2026-02-03T14:54:42.1906548Z  * [new tag]             0.6.1                   -> 0.6.1
job-core	UNKNOWN STEP	2026-02-03T14:54:42.1907153Z  * [new tag]             0.6.2                   -> 0.6.2
job-core	UNKNOWN STEP	2026-02-03T14:54:43.5963809Z [command]/usr/bin/git branch --list --remote origin/H2438-arreglo-de-despliegue-itop
job-core	UNKNOWN STEP	2026-02-03T14:54:43.6916103Z   origin/H2438-arreglo-de-despliegue-itop
job-core	UNKNOWN STEP	2026-02-03T14:54:43.7577022Z [command]/usr/bin/git rev-parse refs/remotes/origin/H2438-arreglo-de-despliegue-itop
job-core	UNKNOWN STEP	2026-02-03T14:54:43.8475502Z bc4b5f3b4c21de77deb971e981320218e5597568
job-core	UNKNOWN STEP	2026-02-03T14:54:43.8645188Z [command]/usr/bin/git -c protocol.version=2 fetch --no-tags --prune --no-recurse-submodules origin +40feffd71e8bded7fd5f9408405a8932b4d88886:refs/remotes/origin/H2438-arreglo-de-despliegue-itop
job-core	UNKNOWN STEP	2026-02-03T14:54:43.9970261Z From https://github.com/Ka0s-Klaus/ka0s
job-core	UNKNOWN STEP	2026-02-03T14:54:43.9970982Z  + bc4b5f3b4...40feffd71 40feffd71e8bded7fd5f9408405a8932b4d88886 -> origin/H2438-arreglo-de-despliegue-itop  (forced update)
job-core	UNKNOWN STEP	2026-02-03T14:54:44.2687763Z ##[endgroup]
job-core	UNKNOWN STEP	2026-02-03T14:54:44.2688666Z ##[group]Determining the checkout info
job-core	UNKNOWN STEP	2026-02-03T14:54:44.2696652Z ##[endgroup]
job-core	UNKNOWN STEP	2026-02-03T14:54:44.3248577Z [command]/usr/bin/git sparse-checkout disable
job-core	UNKNOWN STEP	2026-02-03T14:54:44.5651592Z [command]/usr/bin/git config --local --unset-all extensions.worktreeConfig
job-core	UNKNOWN STEP	2026-02-03T14:54:44.7410430Z ##[group]Checking out the ref
job-core	UNKNOWN STEP	2026-02-03T14:54:44.7652879Z [command]/usr/bin/git checkout --progress --force -B H2438-arreglo-de-despliegue-itop refs/remotes/origin/H2438-arreglo-de-despliegue-itop
job-core	UNKNOWN STEP	2026-02-03T14:54:47.1983327Z Updating files:  27% (286/1058)
job-core	UNKNOWN STEP	2026-02-03T14:54:47.1985168Z Updating files:  27% (292/1058)
job-core	UNKNOWN STEP	2026-02-03T14:54:47.2063300Z Updating files:  28% (297/1058)
job-core	UNKNOWN STEP	2026-02-03T14:54:47.2136586Z Updating files:  29% (307/1058)
job-core	UNKNOWN STEP	2026-02-03T14:54:47.2597736Z Updating files:  30% (318/1058)
job-core	UNKNOWN STEP	2026-02-03T14:54:47.2693633Z Updating files:  31% (328/1058)
job-core	UNKNOWN STEP	2026-02-03T14:54:47.3134580Z Updating files:  32% (339/1058)
job-core	UNKNOWN STEP	2026-02-03T14:54:47.3460735Z Updating files:  33% (350/1058)
job-core	UNKNOWN STEP	2026-02-03T14:54:47.3849296Z Updating files:  34% (360/1058)
job-core	UNKNOWN STEP	2026-02-03T14:54:47.3852262Z Updating files:  35% (371/1058)
job-core	UNKNOWN STEP	2026-02-03T14:54:47.3853966Z Updating files:  36% (381/1058)
job-core	UNKNOWN STEP	2026-02-03T14:54:47.3856680Z Updating files:  37% (392/1058)
job-core	UNKNOWN STEP	2026-02-03T14:54:47.3861415Z Updating files:  38% (403/1058)
job-core	UNKNOWN STEP	2026-02-03T14:54:47.3862001Z Updating files:  39% (413/1058)
job-core	UNKNOWN STEP	2026-02-03T14:54:47.3863086Z Updating files:  40% (424/1058)
job-core	UNKNOWN STEP	2026-02-03T14:54:47.4678662Z Updating files:  41% (434/1058)
job-core	UNKNOWN STEP	2026-02-03T14:54:47.4680384Z Updating files:  42% (445/1058)
job-core	UNKNOWN STEP	2026-02-03T14:54:47.4682714Z Updating files:  43% (455/1058)
job-core	UNKNOWN STEP	2026-02-03T14:54:47.5562999Z Updating files:  44% (466/1058)
job-core	UNKNOWN STEP	2026-02-03T14:54:47.5583726Z Updating files:  45% (477/1058)
job-core	UNKNOWN STEP	2026-02-03T14:54:47.7550225Z Updating files:  46% (487/1058)
job-core	UNKNOWN STEP	2026-02-03T14:54:47.7553644Z Updating files:  47% (498/1058)
job-core	UNKNOWN STEP	2026-02-03T14:54:47.7626866Z Updating files:  48% (508/1058)
job-core	UNKNOWN STEP	2026-02-03T14:54:47.7646320Z Updating files:  49% (519/1058)
job-core	UNKNOWN STEP	2026-02-03T14:54:47.7707955Z Updating files:  50% (529/1058)
job-core	UNKNOWN STEP	2026-02-03T14:54:47.7708899Z Updating files:  51% (540/1058)
job-core	UNKNOWN STEP	2026-02-03T14:54:47.7710750Z Updating files:  52% (551/1058)
job-core	UNKNOWN STEP	2026-02-03T14:54:47.7711180Z Updating files:  53% (561/1058)
job-core	UNKNOWN STEP	2026-02-03T14:54:48.1223242Z Updating files:  54% (572/1058)
job-core	UNKNOWN STEP	2026-02-03T14:54:48.6182803Z Updating files:  54% (581/1058)
job-core	UNKNOWN STEP	2026-02-03T14:54:48.6193763Z Updating files:  55% (582/1058)
job-core	UNKNOWN STEP	2026-02-03T14:54:48.6698371Z Updating files:  56% (593/1058)
job-core	UNKNOWN STEP	2026-02-03T14:54:48.6764063Z Updating files:  57% (604/1058)
job-core	UNKNOWN STEP	2026-02-03T14:54:48.6767435Z Updating files:  58% (614/1058)
job-core	UNKNOWN STEP	2026-02-03T14:54:48.6767936Z Updating files:  59% (625/1058)
job-core	UNKNOWN STEP	2026-02-03T14:54:48.6768377Z Updating files:  60% (635/1058)
job-core	UNKNOWN STEP	2026-02-03T14:54:48.6769584Z Updating files:  61% (646/1058)
job-core	UNKNOWN STEP	2026-02-03T14:54:48.6771921Z Updating files:  62% (656/1058)
job-core	UNKNOWN STEP	2026-02-03T14:54:48.7039843Z Updating files:  63% (667/1058)
job-core	UNKNOWN STEP	2026-02-03T14:54:48.7040496Z Updating files:  64% (678/1058)
job-core	UNKNOWN STEP	2026-02-03T14:54:48.7042474Z Updating files:  65% (688/1058)
job-core	UNKNOWN STEP	2026-02-03T14:54:48.7061083Z Updating files:  66% (699/1058)
job-core	UNKNOWN STEP	2026-02-03T14:54:49.4124856Z Updating files:  67% (709/1058)
job-core	UNKNOWN STEP	2026-02-03T14:54:49.4253017Z Updating files:  67% (718/1058)
job-core	UNKNOWN STEP	2026-02-03T14:54:49.4253345Z Updating files:  68% (720/1058)
job-core	UNKNOWN STEP	2026-02-03T14:54:49.4597994Z Updating files:  69% (731/1058)
job-core	UNKNOWN STEP	2026-02-03T14:54:49.4598329Z Updating files:  70% (741/1058)
job-core	UNKNOWN STEP	2026-02-03T14:54:49.4598601Z Updating files:  71% (752/1058)
job-core	UNKNOWN STEP	2026-02-03T14:54:49.4598862Z Updating files:  72% (762/1058)
job-core	UNKNOWN STEP	2026-02-03T14:54:49.4599467Z Updating files:  73% (773/1058)
job-core	UNKNOWN STEP	2026-02-03T14:54:49.4599763Z Updating files:  74% (783/1058)
job-core	UNKNOWN STEP	2026-02-03T14:54:49.4600025Z Updating files:  75% (794/1058)
job-core	UNKNOWN STEP	2026-02-03T14:54:49.4600300Z Updating files:  76% (805/1058)
job-core	UNKNOWN STEP	2026-02-03T14:54:49.4600569Z Updating files:  77% (815/1058)
job-core	UNKNOWN STEP	2026-02-03T14:54:49.4600828Z Updating files:  78% (826/1058)
job-core	UNKNOWN STEP	2026-02-03T14:54:49.4728561Z Updating files:  79% (836/1058)
job-core	UNKNOWN STEP	2026-02-03T14:54:49.5134935Z Updating files:  80% (847/1058)
job-core	UNKNOWN STEP	2026-02-03T14:54:49.5542032Z Updating files:  81% (857/1058)
job-core	UNKNOWN STEP	2026-02-03T14:54:49.6193269Z Updating files:  82% (868/1058)
job-core	UNKNOWN STEP	2026-02-03T14:54:49.6821789Z Updating files:  83% (879/1058)
job-core	UNKNOWN STEP	2026-02-03T14:54:49.8488584Z Updating files:  84% (889/1058)
job-core	UNKNOWN STEP	2026-02-03T14:54:49.8667451Z Updating files:  84% (898/1058)
job-core	UNKNOWN STEP	2026-02-03T14:54:49.9620155Z Updating files:  85% (900/1058)
job-core	UNKNOWN STEP	2026-02-03T14:54:50.5135698Z Updating files:  86% (910/1058)
job-core	UNKNOWN STEP	2026-02-03T14:54:51.0145567Z Updating files:  87% (921/1058)
job-core	UNKNOWN STEP	2026-02-03T14:54:52.0696060Z Updating files:  87% (924/1058)
job-core	UNKNOWN STEP	2026-02-03T14:54:52.1265939Z Updating files:  87% (931/1058)
job-core	UNKNOWN STEP	2026-02-03T14:54:52.9039695Z Updating files:  88% (932/1058)
job-core	UNKNOWN STEP	2026-02-03T14:54:52.9050875Z Updating files:  88% (937/1058)
job-core	UNKNOWN STEP	2026-02-03T14:54:52.9416123Z Updating files:  89% (942/1058)
job-core	UNKNOWN STEP	2026-02-03T14:54:52.9428673Z Updating files:  90% (953/1058)
job-core	UNKNOWN STEP	2026-02-03T14:54:52.9432190Z Updating files:  91% (963/1058)
job-core	UNKNOWN STEP	2026-02-03T14:54:52.9490240Z Updating files:  92% (974/1058)
job-core	UNKNOWN STEP	2026-02-03T14:54:53.1543212Z Updating files:  93% (984/1058)
job-core	UNKNOWN STEP	2026-02-03T14:54:53.1543928Z Updating files:  94% (995/1058)
job-core	UNKNOWN STEP	2026-02-03T14:54:53.2077972Z Updating files:  95% (1006/1058)
job-core	UNKNOWN STEP	2026-02-03T14:54:53.2080403Z Updating files:  96% (1016/1058)
job-core	UNKNOWN STEP	2026-02-03T14:54:53.2081318Z Updating files:  97% (1027/1058)
job-core	UNKNOWN STEP	2026-02-03T14:54:53.2570937Z Updating files:  98% (1037/1058)
job-core	UNKNOWN STEP	2026-02-03T14:54:53.2580069Z Updating files:  99% (1048/1058)
job-core	UNKNOWN STEP	2026-02-03T14:54:53.2580423Z Updating files: 100% (1058/1058)
job-core	UNKNOWN STEP	2026-02-03T14:54:53.2580706Z Updating files: 100% (1058/1058), done.
job-core	UNKNOWN STEP	2026-02-03T14:54:53.5822583Z Switched to a new branch 'H2438-arreglo-de-despliegue-itop'
job-core	UNKNOWN STEP	2026-02-03T14:54:53.6082349Z branch 'H2438-arreglo-de-despliegue-itop' set up to track 'origin/H2438-arreglo-de-despliegue-itop'.
job-core	UNKNOWN STEP	2026-02-03T14:54:53.7873369Z ##[endgroup]
job-core	UNKNOWN STEP	2026-02-03T14:54:53.8695338Z [command]/usr/bin/git log -1 --format=%H
job-core	UNKNOWN STEP	2026-02-03T14:54:53.8752160Z 40feffd71e8bded7fd5f9408405a8932b4d88886
job-core	UNKNOWN STEP	2026-02-03T14:54:54.6724121Z Prepare all required actions
job-core	UNKNOWN STEP	2026-02-03T14:54:54.8857511Z ##[group]Run ./.github/actions/install-gh-cli
job-core	UNKNOWN STEP	2026-02-03T14:54:54.8857840Z env:
job-core	UNKNOWN STEP	2026-02-03T14:54:54.8858054Z   KAOS_MODULE: [Ka0S] YAMLLINT
job-core	UNKNOWN STEP	2026-02-03T14:54:54.8858786Z   GH_TOKEN: ***
job-core	UNKNOWN STEP	2026-02-03T14:54:54.8859104Z   KAOS_YAMLLINT_CONFIG: core/config/kaos-yamllint-config.yaml
job-core	UNKNOWN STEP	2026-02-03T14:54:54.8859547Z   KAOS_PRETTIER_CONFIG: compliance/yaml/.prettierrc.json
job-core	UNKNOWN STEP	2026-02-03T14:54:54.8859911Z   KAOS_PATH_RESUME: audit/yamllint/
job-core	UNKNOWN STEP	2026-02-03T14:54:54.8860214Z   KAOS_REPO: /actions-runner/_work/kaos/kaos
job-core	UNKNOWN STEP	2026-02-03T14:54:54.9508021Z   KAOS_STEP_MODULE: 
job-core	UNKNOWN STEP	2026-02-03T14:54:54.9508327Z   KAOS_CODE: 21634838214
job-core	UNKNOWN STEP	2026-02-03T14:54:54.9512303Z   KAOS_REF_BRANCH: main
job-core	UNKNOWN STEP	2026-02-03T14:54:54.9512550Z ##[endgroup]
job-core	UNKNOWN STEP	2026-02-03T14:54:55.2588295Z ##[group]Run type -p curl >/dev/null || (sudo apt-get update && sudo apt-get install curl -y)
job-core	UNKNOWN STEP	2026-02-03T14:54:55.2589175Z [36;1mtype -p curl >/dev/null || (sudo apt-get update && sudo apt-get install curl -y)[0m
job-core	UNKNOWN STEP	2026-02-03T14:54:55.2590135Z [36;1mcurl -fsSL https://cli.github.com/packages/githubcli-archive-keyring.gpg | sudo dd of=/usr/share/keyrings/githubcli-archive-keyring.gpg \[0m
job-core	UNKNOWN STEP	2026-02-03T14:54:55.2591026Z [36;1m&& sudo chmod go+r /usr/share/keyrings/githubcli-archive-keyring.gpg \[0m
job-core	UNKNOWN STEP	2026-02-03T14:54:55.2592318Z [36;1m&& echo "deb [arch=$(dpkg --print-architecture) signed-by=/usr/share/keyrings/githubcli-archive-keyring.gpg] https://cli.github.com/packages stable main" | sudo tee /etc/apt/sources.list.d/github-cli.list > /dev/null \[0m
job-core	UNKNOWN STEP	2026-02-03T14:54:55.2593447Z [36;1m&& sudo apt-get update \[0m
job-core	UNKNOWN STEP	2026-02-03T14:54:55.2594090Z [36;1m&& sudo apt-get install gh -y[0m
job-core	UNKNOWN STEP	2026-02-03T14:54:55.2931342Z shell: /usr/bin/bash --noprofile --norc -e -o pipefail {0}
job-core	UNKNOWN STEP	2026-02-03T14:54:55.2931845Z env:
job-core	UNKNOWN STEP	2026-02-03T14:54:55.2932068Z   KAOS_MODULE: [Ka0S] YAMLLINT
job-core	UNKNOWN STEP	2026-02-03T14:54:55.2932640Z   GH_TOKEN: ***
job-core	UNKNOWN STEP	2026-02-03T14:54:55.2932964Z   KAOS_YAMLLINT_CONFIG: core/config/kaos-yamllint-config.yaml
job-core	UNKNOWN STEP	2026-02-03T14:54:55.2933456Z   KAOS_PRETTIER_CONFIG: compliance/yaml/.prettierrc.json
job-core	UNKNOWN STEP	2026-02-03T14:54:55.2933828Z   KAOS_PATH_RESUME: audit/yamllint/
job-core	UNKNOWN STEP	2026-02-03T14:54:55.2934138Z   KAOS_REPO: /actions-runner/_work/kaos/kaos
job-core	UNKNOWN STEP	2026-02-03T14:54:55.2934486Z   KAOS_STEP_MODULE: 
job-core	UNKNOWN STEP	2026-02-03T14:54:55.2934718Z   KAOS_CODE: 21634838214
job-core	UNKNOWN STEP	2026-02-03T14:54:55.2934953Z   KAOS_REF_BRANCH: main
job-core	UNKNOWN STEP	2026-02-03T14:54:55.2935178Z ##[endgroup]
job-core	UNKNOWN STEP	2026-02-03T14:54:56.3656707Z 4+1 records in
job-core	UNKNOWN STEP	2026-02-03T14:54:56.3733665Z 4+1 records out
job-core	UNKNOWN STEP	2026-02-03T14:54:56.3803510Z 2270 bytes (2.3 kB, 2.2 KiB) copied, 6.2573e-05 s, 36.3 MB/s
job-core	UNKNOWN STEP	2026-02-03T14:54:58.2261480Z Get:1 http://security.ubuntu.com/ubuntu noble-security InRelease [126 kB]
job-core	UNKNOWN STEP	2026-02-03T14:54:58.3856402Z Get:2 http://archive.ubuntu.com/ubuntu noble InRelease [256 kB]
job-core	UNKNOWN STEP	2026-02-03T14:54:58.4798710Z Get:3 https://cli.github.com/packages stable InRelease [3917 B]
job-core	UNKNOWN STEP	2026-02-03T14:54:58.8700985Z Get:4 https://ppa.launchpadcontent.net/git-core/ppa/ubuntu noble InRelease [24.3 kB]
job-core	UNKNOWN STEP	2026-02-03T14:54:59.0260929Z Get:5 http://archive.ubuntu.com/ubuntu noble-updates InRelease [126 kB]
job-core	UNKNOWN STEP	2026-02-03T14:54:59.1922118Z Get:6 http://archive.ubuntu.com/ubuntu noble-backports InRelease [126 kB]
job-core	UNKNOWN STEP	2026-02-03T14:54:59.4440488Z Get:7 https://cli.github.com/packages stable/main amd64 Packages [356 B]
job-core	UNKNOWN STEP	2026-02-03T14:55:00.2772419Z Get:8 https://ppa.launchpadcontent.net/git-core/ppa/ubuntu noble/main amd64 Packages [2994 B]
job-core	UNKNOWN STEP	2026-02-03T14:55:01.5525926Z Get:9 http://security.ubuntu.com/ubuntu noble-security/main amd64 Packages [1777 kB]
job-core	UNKNOWN STEP	2026-02-03T14:55:02.1107102Z Get:10 http://security.ubuntu.com/ubuntu noble-security/universe amd64 Packages [1199 kB]
job-core	UNKNOWN STEP	2026-02-03T14:55:02.5201334Z Get:11 http://security.ubuntu.com/ubuntu noble-security/multiverse amd64 Packages [34.8 kB]
job-core	UNKNOWN STEP	2026-02-03T14:55:02.5833093Z Get:12 http://security.ubuntu.com/ubuntu noble-security/restricted amd64 Packages [3008 kB]
job-core	UNKNOWN STEP	2026-02-03T14:55:03.6913298Z Get:13 http://archive.ubuntu.com/ubuntu noble/main amd64 Packages [1808 kB]
job-core	UNKNOWN STEP	2026-02-03T14:55:04.6666140Z Get:14 http://archive.ubuntu.com/ubuntu noble/universe amd64 Packages [19.3 MB]
job-core	UNKNOWN STEP	2026-02-03T14:55:08.5490723Z Get:15 http://archive.ubuntu.com/ubuntu noble/restricted amd64 Packages [117 kB]
job-core	UNKNOWN STEP	2026-02-03T14:55:08.6485474Z Get:16 http://archive.ubuntu.com/ubuntu noble/multiverse amd64 Packages [331 kB]
job-core	UNKNOWN STEP	2026-02-03T14:55:08.7822912Z Get:17 http://archive.ubuntu.com/ubuntu noble-updates/restricted amd64 Packages [3233 kB]
job-core	UNKNOWN STEP	2026-02-03T14:55:10.1629130Z Get:18 http://archive.ubuntu.com/ubuntu noble-updates/universe amd64 Packages [1978 kB]
job-core	UNKNOWN STEP	2026-02-03T14:55:11.7206360Z Get:19 http://archive.ubuntu.com/ubuntu noble-updates/multiverse amd64 Packages [38.1 kB]
job-core	UNKNOWN STEP	2026-02-03T14:55:11.7348109Z Get:20 http://archive.ubuntu.com/ubuntu noble-updates/main amd64 Packages [2178 kB]
job-core	UNKNOWN STEP	2026-02-03T14:55:12.0054347Z Get:21 http://archive.ubuntu.com/ubuntu noble-backports/main amd64 Packages [49.5 kB]
job-core	UNKNOWN STEP	2026-02-03T14:55:12.0950947Z Get:22 http://archive.ubuntu.com/ubuntu noble-backports/universe amd64 Packages [34.6 kB]
job-core	UNKNOWN STEP	2026-02-03T14:55:39.5459210Z Fetched 35.8 MB in 42s (859 kB/s)
job-core	UNKNOWN STEP	2026-02-03T14:55:49.6962622Z Reading package lists...
job-core	UNKNOWN STEP	2026-02-03T14:56:00.7254843Z Reading package lists...
job-core	UNKNOWN STEP	2026-02-03T14:56:03.4292095Z Building dependency tree...
job-core	UNKNOWN STEP	2026-02-03T14:56:03.4465327Z Reading state information...
job-core	UNKNOWN STEP	2026-02-03T14:56:06.9113662Z The following NEW packages will be installed:
job-core	UNKNOWN STEP	2026-02-03T14:56:06.9181080Z   gh
job-core	UNKNOWN STEP	2026-02-03T14:56:07.0318362Z 0 upgraded, 1 newly installed, 0 to remove and 17 not upgraded.
job-core	UNKNOWN STEP	2026-02-03T14:56:07.0349806Z Need to get 13.7 MB of archives.
job-core	UNKNOWN STEP	2026-02-03T14:56:07.0351617Z After this operation, 37.9 MB of additional disk space will be used.
job-core	UNKNOWN STEP	2026-02-03T14:56:07.0352383Z Get:1 https://cli.github.com/packages stable/main amd64 gh amd64 2.86.0 [13.7 MB]
job-core	UNKNOWN STEP	2026-02-03T14:56:09.3876563Z debconf: delaying package configuration, since apt-utils is not installed
job-core	UNKNOWN STEP	2026-02-03T14:56:09.8878521Z Fetched 13.7 MB in 1s (25.0 MB/s)
job-core	UNKNOWN STEP	2026-02-03T14:56:10.4596625Z Selecting previously unselected package gh.
job-core	UNKNOWN STEP	2026-02-03T14:56:10.4748290Z (Reading database ... 
job-core	UNKNOWN STEP	2026-02-03T14:56:10.4904185Z (Reading database ... 5%
job-core	UNKNOWN STEP	2026-02-03T14:56:10.4906944Z (Reading database ... 10%
job-core	UNKNOWN STEP	2026-02-03T14:56:10.4909165Z (Reading database ... 15%
job-core	UNKNOWN STEP	2026-02-03T14:56:10.4909943Z (Reading database ... 20%
job-core	UNKNOWN STEP	2026-02-03T14:56:10.4917090Z (Reading database ... 25%
job-core	UNKNOWN STEP	2026-02-03T14:56:10.4921811Z (Reading database ... 30%
job-core	UNKNOWN STEP	2026-02-03T14:56:10.4933533Z (Reading database ... 35%
job-core	UNKNOWN STEP	2026-02-03T14:56:10.4934135Z (Reading database ... 40%
job-core	UNKNOWN STEP	2026-02-03T14:56:10.4965228Z (Reading database ... 45%
job-core	UNKNOWN STEP	2026-02-03T14:56:10.4966111Z (Reading database ... 50%
job-core	UNKNOWN STEP	2026-02-03T14:56:10.4966698Z (Reading database ... 55%
job-core	UNKNOWN STEP	2026-02-03T14:56:10.4968883Z (Reading database ... 60%
job-core	UNKNOWN STEP	2026-02-03T14:56:10.4969314Z (Reading database ... 65%
job-core	UNKNOWN STEP	2026-02-03T14:56:10.4970212Z (Reading database ... 70%
job-core	UNKNOWN STEP	2026-02-03T14:56:10.5012889Z (Reading database ... 75%
job-core	UNKNOWN STEP	2026-02-03T14:56:10.5088118Z (Reading database ... 80%
job-core	UNKNOWN STEP	2026-02-03T14:56:10.5243048Z (Reading database ... 85%
job-core	UNKNOWN STEP	2026-02-03T14:56:10.5248690Z (Reading database ... 90%
job-core	UNKNOWN STEP	2026-02-03T14:56:10.5637631Z (Reading database ... 95%
job-core	UNKNOWN STEP	2026-02-03T14:56:10.5638413Z (Reading database ... 100%
job-core	UNKNOWN STEP	2026-02-03T14:56:10.5639066Z (Reading database ... 14385 files and directories currently installed.)
job-core	UNKNOWN STEP	2026-02-03T14:56:10.6325834Z Preparing to unpack .../archives/gh_2.86.0_amd64.deb ...
job-core	UNKNOWN STEP	2026-02-03T14:56:10.7442694Z Unpacking gh (2.86.0) ...
job-core	UNKNOWN STEP	2026-02-03T14:56:15.6167316Z Setting up gh (2.86.0) ...
job-core	UNKNOWN STEP	2026-02-03T14:56:16.1565985Z ##[group]Run actions/setup-python@v5
job-core	UNKNOWN STEP	2026-02-03T14:56:16.1566367Z with:
job-core	UNKNOWN STEP	2026-02-03T14:56:16.1566589Z   python-version: 3.x
job-core	UNKNOWN STEP	2026-02-03T14:56:16.1566829Z   check-latest: false
job-core	UNKNOWN STEP	2026-02-03T14:56:16.1567293Z   token: ***
job-core	UNKNOWN STEP	2026-02-03T14:56:16.1567519Z   update-environment: true
job-core	UNKNOWN STEP	2026-02-03T14:56:16.1567815Z   allow-prereleases: false
job-core	UNKNOWN STEP	2026-02-03T14:56:16.1568086Z   freethreaded: false
job-core	UNKNOWN STEP	2026-02-03T14:56:16.1568329Z env:
job-core	UNKNOWN STEP	2026-02-03T14:56:16.1568558Z   KAOS_MODULE: [Ka0S] YAMLLINT
job-core	UNKNOWN STEP	2026-02-03T14:56:16.1614314Z   GH_TOKEN: ***
job-core	UNKNOWN STEP	2026-02-03T14:56:16.1614881Z   KAOS_YAMLLINT_CONFIG: core/config/kaos-yamllint-config.yaml
job-core	UNKNOWN STEP	2026-02-03T14:56:16.1615341Z   KAOS_PRETTIER_CONFIG: compliance/yaml/.prettierrc.json
job-core	UNKNOWN STEP	2026-02-03T14:56:16.1615719Z   KAOS_PATH_RESUME: audit/yamllint/
job-core	UNKNOWN STEP	2026-02-03T14:56:16.1616031Z   KAOS_REPO: /actions-runner/_work/kaos/kaos
job-core	UNKNOWN STEP	2026-02-03T14:56:16.1616341Z   KAOS_STEP_MODULE: 
job-core	UNKNOWN STEP	2026-02-03T14:56:16.1616575Z   KAOS_CODE: 21634838214
job-core	UNKNOWN STEP	2026-02-03T14:56:16.1616817Z   KAOS_REF_BRANCH: main
job-core	UNKNOWN STEP	2026-02-03T14:56:16.1617131Z ##[endgroup]
job-core	UNKNOWN STEP	2026-02-03T14:56:18.9262176Z ##[group]Installed versions
job-core	UNKNOWN STEP	2026-02-03T14:56:18.9661008Z Version 3.x was not found in the local cache
job-core	UNKNOWN STEP	2026-02-03T14:56:20.4701682Z Version 3.x is available for downloading
job-core	UNKNOWN STEP	2026-02-03T14:56:20.4702695Z Download from "https://github.com/actions/python-versions/releases/download/3.14.2-20014991423/python-3.14.2-linux-24.04-x64.tar.gz"
job-core	UNKNOWN STEP	2026-02-03T14:56:37.6839463Z Extract downloaded archive
job-core	UNKNOWN STEP	2026-02-03T14:56:37.8836268Z [command]/usr/bin/tar xz --warning=no-unknown-keyword --overwrite -C /home/runner/_work/_temp/d641ff27-c1fa-4863-b235-e20b3b4a136d -f /home/runner/_work/_temp/e73a428d-db41-42d2-a6e1-bdd230ff934a
job-core	UNKNOWN STEP	2026-02-03T14:57:17.0225182Z Execute installation script
job-core	UNKNOWN STEP	2026-02-03T14:57:17.0690740Z Check if Python hostedtoolcache folder exist...
job-core	UNKNOWN STEP	2026-02-03T14:57:17.0701351Z Creating Python hostedtoolcache folder...
job-core	UNKNOWN STEP	2026-02-03T14:57:17.0894546Z Create Python 3.14.2 folder
job-core	UNKNOWN STEP	2026-02-03T14:57:17.0915771Z Copy Python binaries to hostedtoolcache folder
job-core	UNKNOWN STEP	2026-02-03T14:57:39.9604635Z Create additional symlinks (Required for the UsePythonVersion Azure Pipelines task and the setup-python GitHub Action)
job-core	UNKNOWN STEP	2026-02-03T14:57:39.9620447Z Upgrading pip...
job-core	UNKNOWN STEP	2026-02-03T14:57:52.5009857Z Looking in links: /tmp/tmp8whrzx1n
job-core	UNKNOWN STEP	2026-02-03T14:57:52.5014227Z Requirement already satisfied: pip in /home/runner/_work/_tool/Python/3.14.2/x64/lib/python3.14/site-packages (25.3)
job-core	UNKNOWN STEP	2026-02-03T14:58:03.8876966Z Collecting pip
job-core	UNKNOWN STEP	2026-02-03T14:58:04.0872906Z Downloading pip-26.0-py3-none-any.whl.metadata (4.7 kB)
job-core	UNKNOWN STEP	2026-02-03T14:58:04.3304184Z Downloading pip-26.0-py3-none-any.whl (1.8 MB)
job-core	UNKNOWN STEP	2026-02-03T14:58:04.8329420Z ━━━━━━━━━━━━━━━━━━━━━━━━━━━━━━━━━━━━━━━━ 1.8/1.8 MB 4.1 MB/s  0:00:00
job-core	UNKNOWN STEP	2026-02-03T14:58:04.9757491Z Installing collected packages: pip
job-core	UNKNOWN STEP	2026-02-03T14:58:04.9760799Z Attempting uninstall: pip
job-core	UNKNOWN STEP	2026-02-03T14:58:04.9764090Z Found existing installation: pip 25.3
job-core	UNKNOWN STEP	2026-02-03T14:58:05.4256499Z Uninstalling pip-25.3:
job-core	UNKNOWN STEP	2026-02-03T14:58:05.4907390Z Successfully uninstalled pip-25.3
job-core	UNKNOWN STEP	2026-02-03T14:58:12.6843682Z Successfully installed pip-26.0
job-core	UNKNOWN STEP	2026-02-03T14:58:13.2963653Z Create complete file
job-core	UNKNOWN STEP	2026-02-03T14:58:13.3472635Z Successfully set up CPython (3.14.2)
job-core	UNKNOWN STEP	2026-02-03T14:58:13.3515232Z ##[endgroup]
job-core	UNKNOWN STEP	2026-02-03T14:58:13.4386382Z ##[group]Run actions/setup-node@v4
job-core	UNKNOWN STEP	2026-02-03T14:58:13.4387166Z with:
job-core	UNKNOWN STEP	2026-02-03T14:58:13.4387405Z   node-version: 20
job-core	UNKNOWN STEP	2026-02-03T14:58:13.4387640Z   always-auth: false
job-core	UNKNOWN STEP	2026-02-03T14:58:13.4387884Z   check-latest: false
job-core	UNKNOWN STEP	2026-02-03T14:58:13.4388410Z   token: ***
job-core	UNKNOWN STEP	2026-02-03T14:58:13.4388633Z env:
job-core	UNKNOWN STEP	2026-02-03T14:58:13.4388843Z   KAOS_MODULE: [Ka0S] YAMLLINT
job-core	UNKNOWN STEP	2026-02-03T14:58:13.4389219Z   GH_TOKEN: ***
job-core	UNKNOWN STEP	2026-02-03T14:58:13.4389523Z   KAOS_YAMLLINT_CONFIG: core/config/kaos-yamllint-config.yaml
job-core	UNKNOWN STEP	2026-02-03T14:58:13.4389979Z   KAOS_PRETTIER_CONFIG: compliance/yaml/.prettierrc.json
job-core	UNKNOWN STEP	2026-02-03T14:58:13.4390429Z   KAOS_PATH_RESUME: audit/yamllint/
job-core	UNKNOWN STEP	2026-02-03T14:58:13.4390751Z   KAOS_REPO: /actions-runner/_work/kaos/kaos
job-core	UNKNOWN STEP	2026-02-03T14:58:13.4391083Z   KAOS_STEP_MODULE: 
job-core	UNKNOWN STEP	2026-02-03T14:58:13.4391323Z   KAOS_CODE: 21634838214
job-core	UNKNOWN STEP	2026-02-03T14:58:13.4391581Z   KAOS_REF_BRANCH: main
job-core	UNKNOWN STEP	2026-02-03T14:58:13.4392384Z   pythonLocation: /home/runner/_work/_tool/Python/3.14.2/x64
job-core	UNKNOWN STEP	2026-02-03T14:58:13.4392968Z   PKG_CONFIG_PATH: /home/runner/_work/_tool/Python/3.14.2/x64/lib/pkgconfig
job-core	UNKNOWN STEP	2026-02-03T14:58:13.4393836Z   Python_ROOT_DIR: /home/runner/_work/_tool/Python/3.14.2/x64
job-core	UNKNOWN STEP	2026-02-03T14:58:13.4394295Z   Python2_ROOT_DIR: /home/runner/_work/_tool/Python/3.14.2/x64
job-core	UNKNOWN STEP	2026-02-03T14:58:13.4394748Z   Python3_ROOT_DIR: /home/runner/_work/_tool/Python/3.14.2/x64
job-core	UNKNOWN STEP	2026-02-03T14:58:13.4398034Z   LD_LIBRARY_PATH: /home/runner/_work/_tool/Python/3.14.2/x64/lib
job-core	UNKNOWN STEP	2026-02-03T14:58:13.4515589Z ##[endgroup]
job-core	UNKNOWN STEP	2026-02-03T14:58:14.2309907Z Attempting to download 20...
job-core	UNKNOWN STEP	2026-02-03T14:58:15.6928971Z Acquiring 20.20.0 - x64 from https://github.com/actions/node-versions/releases/download/20.20.0-20981710805/node-20.20.0-linux-x64.tar.gz
job-core	UNKNOWN STEP	2026-02-03T14:58:18.6888222Z Extracting ...
job-core	UNKNOWN STEP	2026-02-03T14:58:18.7365458Z [command]/usr/bin/tar xz --strip 1 --warning=no-unknown-keyword --overwrite -C /home/runner/_work/_temp/b13da55d-d5ae-4563-9c81-55a144cfff75 -f /home/runner/_work/_temp/cf2030b3-77a7-499b-a748-1a3d87c1ce11
job-core	UNKNOWN STEP	2026-02-03T14:58:25.8904576Z Adding to the cache ...
job-core	UNKNOWN STEP	2026-02-03T14:59:11.0278000Z ##[group]Environment details
job-core	UNKNOWN STEP	2026-02-03T14:59:11.5878956Z node: v20.20.0
job-core	UNKNOWN STEP	2026-02-03T14:59:11.5891699Z npm: 10.8.2
job-core	UNKNOWN STEP	2026-02-03T14:59:11.5933054Z yarn: 
job-core	UNKNOWN STEP	2026-02-03T14:59:11.5941271Z ##[endgroup]
job-core	UNKNOWN STEP	2026-02-03T14:59:11.7665282Z Prepare all required actions
job-core	UNKNOWN STEP	2026-02-03T14:59:11.9450304Z ##[group]Run ./.github/actions/kaos-lint-yaml
job-core	UNKNOWN STEP	2026-02-03T14:59:11.9450637Z with:
job-core	UNKNOWN STEP	2026-02-03T14:59:11.9450934Z   file_path: core/b2b/core-services/itop/itop-deployment.yaml
job-core	UNKNOWN STEP	2026-02-03T14:59:11.9451301Z   fix: true
job-core	UNKNOWN STEP	2026-02-03T14:59:11.9451599Z   path_resume: audit/yamllint/yamllint-results-21634838214.txt
job-core	UNKNOWN STEP	2026-02-03T14:59:11.9490840Z   yamllint_config: core/config/kaos-yamllint-config.yaml
job-core	UNKNOWN STEP	2026-02-03T14:59:11.9491286Z   prettier_config: compliance/yaml/.prettierrc.json
job-core	UNKNOWN STEP	2026-02-03T14:59:11.9491632Z env:
job-core	UNKNOWN STEP	2026-02-03T14:59:11.9492073Z   KAOS_MODULE: [Ka0S] YAMLLINT
job-core	UNKNOWN STEP	2026-02-03T14:59:11.9492670Z   GH_TOKEN: ***
job-core	UNKNOWN STEP	2026-02-03T14:59:11.9492978Z   KAOS_YAMLLINT_CONFIG: core/config/kaos-yamllint-config.yaml
job-core	UNKNOWN STEP	2026-02-03T14:59:11.9493421Z   KAOS_PRETTIER_CONFIG: compliance/yaml/.prettierrc.json
job-core	UNKNOWN STEP	2026-02-03T14:59:11.9494214Z   KAOS_PATH_RESUME: audit/yamllint/
job-core	UNKNOWN STEP	2026-02-03T14:59:11.9494522Z   KAOS_REPO: /actions-runner/_work/kaos/kaos
job-core	UNKNOWN STEP	2026-02-03T14:59:11.9494869Z   KAOS_STEP_MODULE: 
job-core	UNKNOWN STEP	2026-02-03T14:59:11.9495100Z   KAOS_CODE: 21634838214
job-core	UNKNOWN STEP	2026-02-03T14:59:11.9495341Z   KAOS_REF_BRANCH: main
job-core	UNKNOWN STEP	2026-02-03T14:59:11.9495659Z   pythonLocation: /home/runner/_work/_tool/Python/3.14.2/x64
job-core	UNKNOWN STEP	2026-02-03T14:59:11.9496142Z   PKG_CONFIG_PATH: /home/runner/_work/_tool/Python/3.14.2/x64/lib/pkgconfig
job-core	UNKNOWN STEP	2026-02-03T14:59:11.9496637Z   Python_ROOT_DIR: /home/runner/_work/_tool/Python/3.14.2/x64
job-core	UNKNOWN STEP	2026-02-03T14:59:11.9497080Z   Python2_ROOT_DIR: /home/runner/_work/_tool/Python/3.14.2/x64
job-core	UNKNOWN STEP	2026-02-03T14:59:11.9497530Z   Python3_ROOT_DIR: /home/runner/_work/_tool/Python/3.14.2/x64
job-core	UNKNOWN STEP	2026-02-03T14:59:11.9497992Z   LD_LIBRARY_PATH: /home/runner/_work/_tool/Python/3.14.2/x64/lib
job-core	UNKNOWN STEP	2026-02-03T14:59:11.9498376Z ##[endgroup]
job-core	UNKNOWN STEP	2026-02-03T14:59:12.0034176Z ##[group]Run if ! command -v yamllint &> /dev/null; then pip install yamllint; fi
job-core	UNKNOWN STEP	2026-02-03T14:59:12.0034839Z [36;1mif ! command -v yamllint &> /dev/null; then pip install yamllint; fi[0m
job-core	UNKNOWN STEP	2026-02-03T14:59:12.0035420Z [36;1mif ! command -v prettier &> /dev/null; then npm install -g prettier; fi[0m
job-core	UNKNOWN STEP	2026-02-03T14:59:12.0036002Z [36;1mmkdir -p $(dirname "audit/yamllint/yamllint-results-21634838214.txt")[0m
job-core	UNKNOWN STEP	2026-02-03T14:59:12.0049889Z shell: /usr/bin/bash --noprofile --norc -e -o pipefail {0}
job-core	UNKNOWN STEP	2026-02-03T14:59:12.0050334Z env:
job-core	UNKNOWN STEP	2026-02-03T14:59:12.0050612Z   KAOS_MODULE: [Ka0S] YAMLLINT
job-core	UNKNOWN STEP	2026-02-03T14:59:12.0051237Z   GH_TOKEN: ***
job-core	UNKNOWN STEP	2026-02-03T14:59:12.0051621Z   KAOS_YAMLLINT_CONFIG: core/config/kaos-yamllint-config.yaml
job-core	UNKNOWN STEP	2026-02-03T14:59:12.0130621Z   KAOS_PRETTIER_CONFIG: compliance/yaml/.prettierrc.json
job-core	UNKNOWN STEP	2026-02-03T14:59:12.0131089Z   KAOS_PATH_RESUME: audit/yamllint/
job-core	UNKNOWN STEP	2026-02-03T14:59:12.0131450Z   KAOS_REPO: /actions-runner/_work/kaos/kaos
job-core	UNKNOWN STEP	2026-02-03T14:59:12.0132249Z   KAOS_STEP_MODULE: 
job-core	UNKNOWN STEP	2026-02-03T14:59:12.0132526Z   KAOS_CODE: 21634838214
job-core	UNKNOWN STEP	2026-02-03T14:59:12.0132832Z   KAOS_REF_BRANCH: main
job-core	UNKNOWN STEP	2026-02-03T14:59:12.0133231Z   pythonLocation: /home/runner/_work/_tool/Python/3.14.2/x64
job-core	UNKNOWN STEP	2026-02-03T14:59:12.0133900Z   PKG_CONFIG_PATH: /home/runner/_work/_tool/Python/3.14.2/x64/lib/pkgconfig
job-core	UNKNOWN STEP	2026-02-03T14:59:12.0134533Z   Python_ROOT_DIR: /home/runner/_work/_tool/Python/3.14.2/x64
job-core	UNKNOWN STEP	2026-02-03T14:59:12.0135060Z   Python2_ROOT_DIR: /home/runner/_work/_tool/Python/3.14.2/x64
job-core	UNKNOWN STEP	2026-02-03T14:59:12.0135630Z   Python3_ROOT_DIR: /home/runner/_work/_tool/Python/3.14.2/x64
job-core	UNKNOWN STEP	2026-02-03T14:59:12.0136544Z   LD_LIBRARY_PATH: /home/runner/_work/_tool/Python/3.14.2/x64/lib
job-core	UNKNOWN STEP	2026-02-03T14:59:12.0136934Z ##[endgroup]
job-core	UNKNOWN STEP	2026-02-03T14:59:13.9090230Z Collecting yamllint
job-core	UNKNOWN STEP	2026-02-03T14:59:14.1135009Z   Downloading yamllint-1.38.0-py3-none-any.whl.metadata (4.2 kB)
job-core	UNKNOWN STEP	2026-02-03T14:59:14.2645524Z Collecting pathspec>=1.0.0 (from yamllint)
job-core	UNKNOWN STEP	2026-02-03T14:59:14.2870868Z   Downloading pathspec-1.0.4-py3-none-any.whl.metadata (13 kB)
job-core	UNKNOWN STEP	2026-02-03T14:59:14.6980782Z Collecting pyyaml (from yamllint)
job-core	UNKNOWN STEP	2026-02-03T14:59:14.7185172Z   Downloading pyyaml-6.0.3-cp314-cp314-manylinux2014_x86_64.manylinux_2_17_x86_64.manylinux_2_28_x86_64.whl.metadata (2.4 kB)
job-core	UNKNOWN STEP	2026-02-03T14:59:14.7811358Z Downloading yamllint-1.38.0-py3-none-any.whl (68 kB)
job-core	UNKNOWN STEP	2026-02-03T14:59:14.8664745Z Downloading pathspec-1.0.4-py3-none-any.whl (55 kB)
job-core	UNKNOWN STEP	2026-02-03T14:59:14.9426720Z Downloading pyyaml-6.0.3-cp314-cp314-manylinux2014_x86_64.manylinux_2_17_x86_64.manylinux_2_28_x86_64.whl (794 kB)
job-core	UNKNOWN STEP	2026-02-03T14:59:15.1394966Z    ━━━━━━━━━━━━━━━━━━━━━━━━━━━━━━━━━━━━━━━━ 794.2/794.2 kB 3.1 MB/s  0:00:00
job-core	UNKNOWN STEP	2026-02-03T14:59:15.1963698Z Installing collected packages: pyyaml, pathspec, yamllint
job-core	UNKNOWN STEP	2026-02-03T14:59:15.7601385Z 
job-core	UNKNOWN STEP	2026-02-03T14:59:15.7609982Z Successfully installed pathspec-1.0.4 pyyaml-6.0.3 yamllint-1.38.0
job-core	UNKNOWN STEP	2026-02-03T14:59:23.3586975Z 
job-core	UNKNOWN STEP	2026-02-03T14:59:23.3596117Z added 1 package in 6s
job-core	UNKNOWN STEP	2026-02-03T14:59:23.3596686Z 
job-core	UNKNOWN STEP	2026-02-03T14:59:23.3645809Z 1 package is looking for funding
job-core	UNKNOWN STEP	2026-02-03T14:59:23.3680122Z   run `npm fund` for details
job-core	UNKNOWN STEP	2026-02-03T14:59:23.6622069Z ##[group]Run FILE="core/b2b/core-services/itop/itop-deployment.yaml"
job-core	UNKNOWN STEP	2026-02-03T14:59:23.6623006Z [36;1mFILE="core/b2b/core-services/itop/itop-deployment.yaml"[0m
job-core	UNKNOWN STEP	2026-02-03T14:59:23.6623560Z [36;1mRESUME_FILE="audit/yamllint/yamllint-results-21634838214.txt"[0m
job-core	UNKNOWN STEP	2026-02-03T14:59:23.6624059Z [36;1mYAML_CFG="core/config/kaos-yamllint-config.yaml"[0m
job-core	UNKNOWN STEP	2026-02-03T14:59:23.6624495Z [36;1mPRETTIER_CFG="compliance/yaml/.prettierrc.json"[0m
job-core	UNKNOWN STEP	2026-02-03T14:59:23.6624842Z [36;1m[0m
job-core	UNKNOWN STEP	2026-02-03T14:59:23.6625139Z [36;1mecho "Starting YAML Check for: $FILE" >> "$RESUME_FILE"[0m
job-core	UNKNOWN STEP	2026-02-03T14:59:23.6625512Z [36;1m[0m
job-core	UNKNOWN STEP	2026-02-03T14:59:23.6625721Z [36;1m# 1. Syntax (yamllint)[0m
job-core	UNKNOWN STEP	2026-02-03T14:59:23.6626099Z [36;1mif ! yamllint -c "$YAML_CFG" "$FILE" >> "$RESUME_FILE" 2>&1; then[0m
job-core	UNKNOWN STEP	2026-02-03T14:59:23.6626622Z [36;1m  echo "❌ Syntax Error detected by Yamllint" >> "$RESUME_FILE"[0m
job-core	UNKNOWN STEP	2026-02-03T14:59:23.6627047Z [36;1m  exit 1[0m
job-core	UNKNOWN STEP	2026-02-03T14:59:23.6627267Z [36;1melse[0m
job-core	UNKNOWN STEP	2026-02-03T14:59:23.6627541Z [36;1m  echo "✅ Syntax Check Passed" >> "$RESUME_FILE"[0m
job-core	UNKNOWN STEP	2026-02-03T14:59:23.6627896Z [36;1mfi[0m
job-core	UNKNOWN STEP	2026-02-03T14:59:23.6628106Z [36;1m[0m
job-core	UNKNOWN STEP	2026-02-03T14:59:23.6639123Z [36;1m# 2. Style (Prettier)[0m
job-core	UNKNOWN STEP	2026-02-03T14:59:23.6639704Z [36;1mif ! prettier --check "$FILE" --config "$PRETTIER_CFG"; then[0m
job-core	UNKNOWN STEP	2026-02-03T14:59:23.6640195Z [36;1m  echo "⚠️ Style Error detected." >> "$RESUME_FILE"[0m
job-core	UNKNOWN STEP	2026-02-03T14:59:23.6640553Z [36;1m  [0m
job-core	UNKNOWN STEP	2026-02-03T14:59:23.6640788Z [36;1m  if [ "true" == "true" ]; then[0m
job-core	UNKNOWN STEP	2026-02-03T14:59:23.6641177Z [36;1m    echo "Attempting Self-Healing..." >> "$RESUME_FILE"[0m
job-core	UNKNOWN STEP	2026-02-03T14:59:23.6641650Z [36;1m    if prettier --write "$FILE" --config "$PRETTIER_CFG"; then[0m
job-core	UNKNOWN STEP	2026-02-03T14:59:23.6646842Z [36;1m      echo "✅ Self-Healing Successful." >> "$RESUME_FILE"[0m
job-core	UNKNOWN STEP	2026-02-03T14:59:23.6647214Z [36;1m    else[0m
job-core	UNKNOWN STEP	2026-02-03T14:59:23.6647500Z [36;1m      echo "❌ Self-Healing Failed." >> "$RESUME_FILE"[0m
job-core	UNKNOWN STEP	2026-02-03T14:59:23.6647855Z [36;1m      exit 1[0m
job-core	UNKNOWN STEP	2026-02-03T14:59:23.6648086Z [36;1m    fi[0m
job-core	UNKNOWN STEP	2026-02-03T14:59:23.6648314Z [36;1m  else[0m
job-core	UNKNOWN STEP	2026-02-03T14:59:23.6648686Z [36;1m     echo "❌ Style violations found (Fix mode disabled)." >> "$RESUME_FILE"[0m
job-core	UNKNOWN STEP	2026-02-03T14:59:23.6649126Z [36;1m     exit 1[0m
job-core	UNKNOWN STEP	2026-02-03T14:59:23.6649346Z [36;1m  fi[0m
job-core	UNKNOWN STEP	2026-02-03T14:59:23.6649554Z [36;1melse[0m
job-core	UNKNOWN STEP	2026-02-03T14:59:23.6649827Z [36;1m  echo "✅ Style Check Passed" >> "$RESUME_FILE"[0m
job-core	UNKNOWN STEP	2026-02-03T14:59:23.6650156Z [36;1mfi[0m
job-core	UNKNOWN STEP	2026-02-03T14:59:23.6662593Z shell: /usr/bin/bash --noprofile --norc -e -o pipefail {0}
job-core	UNKNOWN STEP	2026-02-03T14:59:23.6662966Z env:
job-core	UNKNOWN STEP	2026-02-03T14:59:23.6663199Z   KAOS_MODULE: [Ka0S] YAMLLINT
job-core	UNKNOWN STEP	2026-02-03T14:59:23.6663856Z   GH_TOKEN: ***
job-core	UNKNOWN STEP	2026-02-03T14:59:23.6664185Z   KAOS_YAMLLINT_CONFIG: core/config/kaos-yamllint-config.yaml
job-core	UNKNOWN STEP	2026-02-03T14:59:23.6664637Z   KAOS_PRETTIER_CONFIG: compliance/yaml/.prettierrc.json
job-core	UNKNOWN STEP	2026-02-03T14:59:23.6665041Z   KAOS_PATH_RESUME: audit/yamllint/
job-core	UNKNOWN STEP	2026-02-03T14:59:23.6665386Z   KAOS_REPO: /actions-runner/_work/kaos/kaos
job-core	UNKNOWN STEP	2026-02-03T14:59:23.6665736Z   KAOS_STEP_MODULE: 
job-core	UNKNOWN STEP	2026-02-03T14:59:23.6666029Z   KAOS_CODE: 21634838214
job-core	UNKNOWN STEP	2026-02-03T14:59:23.6666293Z   KAOS_REF_BRANCH: main
job-core	UNKNOWN STEP	2026-02-03T14:59:23.6666933Z   pythonLocation: /home/runner/_work/_tool/Python/3.14.2/x64
job-core	UNKNOWN STEP	2026-02-03T14:59:23.6667482Z   PKG_CONFIG_PATH: /home/runner/_work/_tool/Python/3.14.2/x64/lib/pkgconfig
job-core	UNKNOWN STEP	2026-02-03T14:59:23.6667993Z   Python_ROOT_DIR: /home/runner/_work/_tool/Python/3.14.2/x64
job-core	UNKNOWN STEP	2026-02-03T14:59:23.6668460Z   Python2_ROOT_DIR: /home/runner/_work/_tool/Python/3.14.2/x64
job-core	UNKNOWN STEP	2026-02-03T14:59:23.6668918Z   Python3_ROOT_DIR: /home/runner/_work/_tool/Python/3.14.2/x64
job-core	UNKNOWN STEP	2026-02-03T14:59:23.6669398Z   LD_LIBRARY_PATH: /home/runner/_work/_tool/Python/3.14.2/x64/lib
job-core	UNKNOWN STEP	2026-02-03T14:59:23.6669780Z ##[endgroup]
job-core	UNKNOWN STEP	2026-02-03T14:59:25.0303188Z ##[error]Process completed with exit code 1.
job-core	UNKNOWN STEP	2026-02-03T14:59:25.0963988Z ##[group]Run FILE="core/b2b/core-services/itop/itop-deployment.yaml"
job-core	UNKNOWN STEP	2026-02-03T14:59:25.0964850Z [36;1mFILE="core/b2b/core-services/itop/itop-deployment.yaml"[0m
job-core	UNKNOWN STEP	2026-02-03T14:59:25.0965694Z [36;1mKAOS_ISSUE_BODY="The [Ka0S] YAMLLINT process (21634761889) failed. File ($FILE) has violations that could not be auto-fixed. Please check the logs."[0m
job-core	UNKNOWN STEP	2026-02-03T14:59:25.0966836Z [36;1mgh issue comment 2438 -b "$KAOS_ISSUE_BODY"[0m
job-core	UNKNOWN STEP	2026-02-03T14:59:25.0967194Z [36;1mexit 1[0m
job-core	UNKNOWN STEP	2026-02-03T14:59:25.1168827Z shell: /usr/bin/bash -e {0}
job-core	UNKNOWN STEP	2026-02-03T14:59:25.1169141Z env:
job-core	UNKNOWN STEP	2026-02-03T14:59:25.1169366Z   KAOS_MODULE: [Ka0S] YAMLLINT
job-core	UNKNOWN STEP	2026-02-03T14:59:25.1169897Z   GH_TOKEN: ***
job-core	UNKNOWN STEP	2026-02-03T14:59:25.1170215Z   KAOS_YAMLLINT_CONFIG: core/config/kaos-yamllint-config.yaml
job-core	UNKNOWN STEP	2026-02-03T14:59:25.1170657Z   KAOS_PRETTIER_CONFIG: compliance/yaml/.prettierrc.json
job-core	UNKNOWN STEP	2026-02-03T14:59:25.1171026Z   KAOS_PATH_RESUME: audit/yamllint/
job-core	UNKNOWN STEP	2026-02-03T14:59:25.1171375Z   KAOS_REPO: /actions-runner/_work/kaos/kaos
job-core	UNKNOWN STEP	2026-02-03T14:59:25.1171687Z   KAOS_STEP_MODULE: 
job-core	UNKNOWN STEP	2026-02-03T14:59:25.1172079Z   KAOS_CODE: 21634838214
job-core	UNKNOWN STEP	2026-02-03T14:59:25.1172341Z   KAOS_REF_BRANCH: main
job-core	UNKNOWN STEP	2026-02-03T14:59:25.1172668Z   pythonLocation: /home/runner/_work/_tool/Python/3.14.2/x64
job-core	UNKNOWN STEP	2026-02-03T14:59:25.1173197Z   PKG_CONFIG_PATH: /home/runner/_work/_tool/Python/3.14.2/x64/lib/pkgconfig
job-core	UNKNOWN STEP	2026-02-03T14:59:25.1173716Z   Python_ROOT_DIR: /home/runner/_work/_tool/Python/3.14.2/x64
job-core	UNKNOWN STEP	2026-02-03T14:59:25.1174182Z   Python2_ROOT_DIR: /home/runner/_work/_tool/Python/3.14.2/x64
job-core	UNKNOWN STEP	2026-02-03T14:59:25.1174667Z   Python3_ROOT_DIR: /home/runner/_work/_tool/Python/3.14.2/x64
job-core	UNKNOWN STEP	2026-02-03T14:59:25.1175117Z   LD_LIBRARY_PATH: /home/runner/_work/_tool/Python/3.14.2/x64/lib
job-core	UNKNOWN STEP	2026-02-03T14:59:25.1175488Z ##[endgroup]
job-core	UNKNOWN STEP	2026-02-03T14:59:26.7385689Z HTTP 401: Bad credentials (https://api.github.com/graphql)
job-core	UNKNOWN STEP	2026-02-03T14:59:26.7386691Z Try authenticating with:  gh auth login
job-core	UNKNOWN STEP	2026-02-03T14:59:26.7481161Z ##[error]Process completed with exit code 1.
job-core	UNKNOWN STEP	2026-02-03T14:59:26.8317467Z ##[group]Run # Subir logs de auditoría si existen
job-core	UNKNOWN STEP	2026-02-03T14:59:26.8317940Z [36;1m# Subir logs de auditoría si existen[0m
job-core	UNKNOWN STEP	2026-02-03T14:59:26.8318409Z [36;1mif [ -f "audit/yamllint/yamllint-results-21634838214.txt" ]; then[0m
job-core	UNKNOWN STEP	2026-02-03T14:59:26.8319035Z [36;1m   git config --global user.name "***"[0m
job-core	UNKNOWN STEP	2026-02-03T14:59:26.8319431Z [36;1m   git config --global user.email "***"[0m
job-core	UNKNOWN STEP	2026-02-03T14:59:26.8319767Z [36;1m   git pull --rebase[0m
job-core	UNKNOWN STEP	2026-02-03T14:59:26.8320039Z [36;1m   git add audit/yamllint/*[0m
job-core	UNKNOWN STEP	2026-02-03T14:59:26.8320355Z [36;1m   if ! git diff --staged --quiet; then[0m
job-core	UNKNOWN STEP	2026-02-03T14:59:26.8320783Z [36;1m      git commit -m "[Ka0S] Uploading YAML compliance audit logs"[0m
job-core	UNKNOWN STEP	2026-02-03T14:59:26.8321386Z [36;1m      git push origin refs/heads/H2438-arreglo-de-despliegue-itop --force-with-lease[0m
job-core	UNKNOWN STEP	2026-02-03T14:59:26.8413729Z [36;1m   fi[0m
job-core	UNKNOWN STEP	2026-02-03T14:59:26.8413986Z [36;1mfi[0m
job-core	UNKNOWN STEP	2026-02-03T14:59:26.8540360Z shell: /usr/bin/bash -e {0}
job-core	UNKNOWN STEP	2026-02-03T14:59:26.8540748Z env:
job-core	UNKNOWN STEP	2026-02-03T14:59:26.8540979Z   KAOS_MODULE: [Ka0S] YAMLLINT
job-core	UNKNOWN STEP	2026-02-03T14:59:26.8541519Z   GH_TOKEN: ***
job-core	UNKNOWN STEP	2026-02-03T14:59:26.8541939Z   KAOS_YAMLLINT_CONFIG: core/config/kaos-yamllint-config.yaml
job-core	UNKNOWN STEP	2026-02-03T14:59:26.8542406Z   KAOS_PRETTIER_CONFIG: compliance/yaml/.prettierrc.json
job-core	UNKNOWN STEP	2026-02-03T14:59:26.8542805Z   KAOS_PATH_RESUME: audit/yamllint/
job-core	UNKNOWN STEP	2026-02-03T14:59:26.8543122Z   KAOS_REPO: /actions-runner/_work/kaos/kaos
job-core	UNKNOWN STEP	2026-02-03T14:59:26.8543444Z   KAOS_STEP_MODULE: 
job-core	UNKNOWN STEP	2026-02-03T14:59:26.8543693Z   KAOS_CODE: 21634838214
job-core	UNKNOWN STEP	2026-02-03T14:59:26.8543936Z   KAOS_REF_BRANCH: main
job-core	UNKNOWN STEP	2026-02-03T14:59:26.8544271Z   pythonLocation: /home/runner/_work/_tool/Python/3.14.2/x64
job-core	UNKNOWN STEP	2026-02-03T14:59:26.8544774Z   PKG_CONFIG_PATH: /home/runner/_work/_tool/Python/3.14.2/x64/lib/pkgconfig
job-core	UNKNOWN STEP	2026-02-03T14:59:26.8545285Z   Python_ROOT_DIR: /home/runner/_work/_tool/Python/3.14.2/x64
job-core	UNKNOWN STEP	2026-02-03T14:59:26.8545765Z   Python2_ROOT_DIR: /home/runner/_work/_tool/Python/3.14.2/x64
job-core	UNKNOWN STEP	2026-02-03T14:59:26.8546246Z   Python3_ROOT_DIR: /home/runner/_work/_tool/Python/3.14.2/x64
job-core	UNKNOWN STEP	2026-02-03T14:59:26.8546718Z   LD_LIBRARY_PATH: /home/runner/_work/_tool/Python/3.14.2/x64/lib
job-core	UNKNOWN STEP	2026-02-03T14:59:26.8547098Z ##[endgroup]
job-core	UNKNOWN STEP	2026-02-03T14:59:30.1244345Z From https://github.com/Ka0s-Klaus/ka0s
job-core	UNKNOWN STEP	2026-02-03T14:59:30.1320953Z    40feffd71..10cf8eb3e  H2438-arreglo-de-despliegue-itop -> origin/H2438-arreglo-de-despliegue-itop
job-core	UNKNOWN STEP	2026-02-03T14:59:30.1321609Z    d82008580..b7a2247ee  main       -> origin/main
job-core	UNKNOWN STEP	2026-02-03T14:59:30.3801877Z Updating 40feffd71..10cf8eb3e
job-core	UNKNOWN STEP	2026-02-03T14:59:30.4043364Z Fast-forward
job-core	UNKNOWN STEP	2026-02-03T14:59:30.4888218Z  audit/jsonlint/jsonlint-results-21634809751.txt |   3 +
job-core	UNKNOWN STEP	2026-02-03T14:59:30.4894302Z  audit/jsonlint/jsonlint-results-21634816634.txt |   3 +
job-core	UNKNOWN STEP	2026-02-03T14:59:30.4894949Z  audit/kaos/21634763944-files-in-commit.txt      | 334 ++++++++++++++++++++++++
job-core	UNKNOWN STEP	2026-02-03T14:59:30.4895513Z  audit/kaos/21634763944.json                     |   1 +
job-core	UNKNOWN STEP	2026-02-03T14:59:30.4905417Z  audit/mdlint/mdlint-results-21634810840.txt     |  15 ++
job-core	UNKNOWN STEP	2026-02-03T14:59:30.4906037Z  audit/mdlint/mdlint-results-21634813245.txt     |  14 +
job-core	UNKNOWN STEP	2026-02-03T14:59:30.4906542Z  audit/mdlint/mdlint-results-21634815511.txt     |  15 ++
job-core	UNKNOWN STEP	2026-02-03T14:59:30.4907093Z  audit/mdlint/mdlint-results-21634818569.txt     |  53 ++++
job-core	UNKNOWN STEP	2026-02-03T14:59:30.4907620Z  audit/mdlint/mdlint-results-21634820631.txt     |  58 ++++
job-core	UNKNOWN STEP	2026-02-03T14:59:30.4908201Z  audit/mdlint/mdlint-results-21634822582.txt     |  75 ++++++
job-core	UNKNOWN STEP	2026-02-03T14:59:30.4908717Z  audit/mdlint/mdlint-results-21634823665.txt     |  56 ++++
job-core	UNKNOWN STEP	2026-02-03T14:59:30.4909258Z  audit/mdlint/mdlint-results-21634824971.txt     | 102 ++++++++
job-core	UNKNOWN STEP	2026-02-03T14:59:30.4909788Z  audit/mdlint/mdlint-results-21634826045.txt     |  69 +++++
job-core	UNKNOWN STEP	2026-02-03T14:59:30.4910314Z  audit/mdlint/mdlint-results-21634827126.txt     |  46 ++++
job-core	UNKNOWN STEP	2026-02-03T14:59:30.4910815Z  audit/mdlint/mdlint-results-21634829335.txt     |  49 ++++
job-core	UNKNOWN STEP	2026-02-03T14:59:30.4911352Z  audit/mdlint/mdlint-results-21634831565.txt     |  45 ++++
job-core	UNKNOWN STEP	2026-02-03T14:59:30.5006496Z  audit/mdlint/mdlint-results-21634832734.txt     |  57 ++++
job-core	UNKNOWN STEP	2026-02-03T14:59:30.5018197Z  audit/mdlint/mdlint-results-21634833871.txt     |  41 +++
job-core	UNKNOWN STEP	2026-02-03T14:59:30.5032441Z  audit/mdlint/mdlint-results-21634834926.txt     |  51 ++++
job-core	UNKNOWN STEP	2026-02-03T14:59:30.5033896Z  audit/mdlint/mdlint-results-21634849131.txt     |  14 +
job-core	UNKNOWN STEP	2026-02-03T14:59:30.5043010Z  audit/mdlint/mdlint-results-21634851120.txt     |  21 ++
job-core	UNKNOWN STEP	2026-02-03T14:59:30.5044533Z  audit/mdlint/mdlint-results-21634852246.txt     |  26 ++
job-core	UNKNOWN STEP	2026-02-03T14:59:30.5057086Z  audit/mdlint/mdlint-results-21634854708.txt     |  13 +
job-core	UNKNOWN STEP	2026-02-03T14:59:30.5061504Z  audit/mdlint/mdlint-results-21634855863.txt     |  18 ++
job-core	UNKNOWN STEP	2026-02-03T14:59:30.5083900Z  audit/mdlint/mdlint-results-21634857000.txt     |  15 ++
job-core	UNKNOWN STEP	2026-02-03T14:59:30.5085345Z  audit/mdlint/mdlint-results-21634858297.txt     |  12 +
job-core	UNKNOWN STEP	2026-02-03T14:59:30.5086728Z  audit/yamllint/yamllint-results-21634839338.txt |   3 +
job-core	UNKNOWN STEP	2026-02-03T14:59:30.5087255Z  audit/yamllint/yamllint-results-21634842753.txt |   6 +
job-core	UNKNOWN STEP	2026-02-03T14:59:30.5088706Z  audit/yamllint/yamllint-results-21634845941.txt |   6 +
job-core	UNKNOWN STEP	2026-02-03T14:59:30.5095472Z  29 files changed, 1221 insertions(+)
job-core	UNKNOWN STEP	2026-02-03T14:59:30.5112690Z  create mode 100644 audit/jsonlint/jsonlint-results-21634809751.txt
job-core	UNKNOWN STEP	2026-02-03T14:59:30.5113309Z  create mode 100644 audit/jsonlint/jsonlint-results-21634816634.txt
job-core	UNKNOWN STEP	2026-02-03T14:59:30.5113907Z  create mode 100644 audit/kaos/21634763944-files-in-commit.txt
job-core	UNKNOWN STEP	2026-02-03T14:59:30.5154370Z  create mode 100644 audit/kaos/21634763944.json
job-core	UNKNOWN STEP	2026-02-03T14:59:30.5154858Z  create mode 100644 audit/mdlint/mdlint-results-21634810840.txt
job-core	UNKNOWN STEP	2026-02-03T14:59:30.5155384Z  create mode 100644 audit/mdlint/mdlint-results-21634813245.txt
job-core	UNKNOWN STEP	2026-02-03T14:59:30.5155932Z  create mode 100644 audit/mdlint/mdlint-results-21634815511.txt
job-core	UNKNOWN STEP	2026-02-03T14:59:30.5156465Z  create mode 100644 audit/mdlint/mdlint-results-21634818569.txt
job-core	UNKNOWN STEP	2026-02-03T14:59:30.5156992Z  create mode 100644 audit/mdlint/mdlint-results-21634820631.txt
job-core	UNKNOWN STEP	2026-02-03T14:59:30.5157548Z  create mode 100644 audit/mdlint/mdlint-results-21634822582.txt
job-core	UNKNOWN STEP	2026-02-03T14:59:30.5158081Z  create mode 100644 audit/mdlint/mdlint-results-21634823665.txt
job-core	UNKNOWN STEP	2026-02-03T14:59:30.5158617Z  create mode 100644 audit/mdlint/mdlint-results-21634824971.txt
job-core	UNKNOWN STEP	2026-02-03T14:59:30.5159163Z  create mode 100644 audit/mdlint/mdlint-results-21634826045.txt
job-core	UNKNOWN STEP	2026-02-03T14:59:30.5160125Z  create mode 100644 audit/mdlint/mdlint-results-21634827126.txt
job-core	UNKNOWN STEP	2026-02-03T14:59:30.5160634Z  create mode 100644 audit/mdlint/mdlint-results-21634829335.txt
job-core	UNKNOWN STEP	2026-02-03T14:59:30.5161165Z  create mode 100644 audit/mdlint/mdlint-results-21634831565.txt
job-core	UNKNOWN STEP	2026-02-03T14:59:30.5161701Z  create mode 100644 audit/mdlint/mdlint-results-21634832734.txt
job-core	UNKNOWN STEP	2026-02-03T14:59:30.5162463Z  create mode 100644 audit/mdlint/mdlint-results-21634833871.txt
job-core	UNKNOWN STEP	2026-02-03T14:59:30.5163002Z  create mode 100644 audit/mdlint/mdlint-results-21634834926.txt
job-core	UNKNOWN STEP	2026-02-03T14:59:30.5163533Z  create mode 100644 audit/mdlint/mdlint-results-21634849131.txt
job-core	UNKNOWN STEP	2026-02-03T14:59:30.5164069Z  create mode 100644 audit/mdlint/mdlint-results-21634851120.txt
job-core	UNKNOWN STEP	2026-02-03T14:59:30.5164619Z  create mode 100644 audit/mdlint/mdlint-results-21634852246.txt
job-core	UNKNOWN STEP	2026-02-03T14:59:30.5165168Z  create mode 100644 audit/mdlint/mdlint-results-21634854708.txt
job-core	UNKNOWN STEP	2026-02-03T14:59:30.5165714Z  create mode 100644 audit/mdlint/mdlint-results-21634855863.txt
job-core	UNKNOWN STEP	2026-02-03T14:59:30.5166297Z  create mode 100644 audit/mdlint/mdlint-results-21634857000.txt
job-core	UNKNOWN STEP	2026-02-03T14:59:30.5166842Z  create mode 100644 audit/mdlint/mdlint-results-21634858297.txt
job-core	UNKNOWN STEP	2026-02-03T14:59:30.5167417Z  create mode 100644 audit/yamllint/yamllint-results-21634839338.txt
job-core	UNKNOWN STEP	2026-02-03T14:59:30.5167981Z  create mode 100644 audit/yamllint/yamllint-results-21634842753.txt
job-core	UNKNOWN STEP	2026-02-03T14:59:30.5168562Z  create mode 100644 audit/yamllint/yamllint-results-21634845941.txt
job-core	UNKNOWN STEP	2026-02-03T14:59:30.7658761Z [H2438-arreglo-de-despliegue-itop 88b6beda0] [Ka0S] Uploading YAML compliance audit logs
job-core	UNKNOWN STEP	2026-02-03T14:59:30.7735642Z  1 file changed, 6 insertions(+)
job-core	UNKNOWN STEP	2026-02-03T14:59:30.7736509Z  create mode 100644 audit/yamllint/yamllint-results-21634838214.txt
job-core	UNKNOWN STEP	2026-02-03T14:59:31.4032761Z To https://github.com/Ka0s-Klaus/ka0s
job-core	UNKNOWN STEP	2026-02-03T14:59:31.4034119Z  ! [rejected]            H2438-arreglo-de-despliegue-itop -> H2438-arreglo-de-despliegue-itop (stale info)
job-core	UNKNOWN STEP	2026-02-03T14:59:31.4063130Z error: failed to push some refs to 'https://github.com/Ka0s-Klaus/ka0s'
job-core	UNKNOWN STEP	2026-02-03T14:59:31.4183456Z ##[error]Process completed with exit code 1.
job-core	UNKNOWN STEP	2026-02-03T14:59:31.5663503Z Post job cleanup.
job-core	UNKNOWN STEP	2026-02-03T14:59:31.7678153Z [command]/usr/bin/git version
job-core	UNKNOWN STEP	2026-02-03T14:59:31.8463337Z git version 2.52.0
job-core	UNKNOWN STEP	2026-02-03T14:59:31.9548462Z Copying '/home/runner/.gitconfig' to '/home/runner/_work/_temp/7bdf7a71-bcdd-4225-9b92-1e529aa4b7ac/.gitconfig'
job-core	UNKNOWN STEP	2026-02-03T14:59:31.9608723Z Temporarily overriding HOME='/home/runner/_work/_temp/7bdf7a71-bcdd-4225-9b92-1e529aa4b7ac' before making global git config changes
job-core	UNKNOWN STEP	2026-02-03T14:59:31.9625878Z Adding repository directory to the temporary git global config as a safe directory
job-core	UNKNOWN STEP	2026-02-03T14:59:31.9733912Z [command]/usr/bin/git config --global --add safe.directory /home/runner/_work/ka0s/ka0s
job-core	UNKNOWN STEP	2026-02-03T14:59:31.9918680Z [command]/usr/bin/git config --local --name-only --get-regexp core\.sshCommand
job-core	UNKNOWN STEP	2026-02-03T14:59:32.0294216Z [command]/usr/bin/git submodule foreach --recursive sh -c "git config --local --name-only --get-regexp 'core\.sshCommand' && git config --local --unset-all 'core.sshCommand' || :"
job-core	UNKNOWN STEP	2026-02-03T14:59:32.4357557Z [command]/usr/bin/git config --local --name-only --get-regexp http\.https\:\/\/github\.com\/\.extraheader
job-core	UNKNOWN STEP	2026-02-03T14:59:32.4970391Z http.https://github.com/.extraheader
job-core	UNKNOWN STEP	2026-02-03T14:59:32.5805802Z [command]/usr/bin/git config --local --unset-all http.https://github.com/.extraheader
job-core	UNKNOWN STEP	2026-02-03T14:59:32.6254616Z [command]/usr/bin/git submodule foreach --recursive sh -c "git config --local --name-only --get-regexp 'http\.https\:\/\/github\.com\/\.extraheader' && git config --local --unset-all 'http.https://github.com/.extraheader' || :"
job-core	UNKNOWN STEP	2026-02-03T14:59:33.0613285Z [command]/usr/bin/git config --local --name-only --get-regexp ^includeIf\.gitdir:
job-core	UNKNOWN STEP	2026-02-03T14:59:33.2421010Z [command]/usr/bin/git submodule foreach --recursive git config --local --show-origin --name-only --get-regexp remote.origin.url
job-core	UNKNOWN STEP	2026-02-03T14:59:33.6706176Z Cleaning up orphan processes
handle_failure	UNKNOWN STEP	﻿2026-02-03T16:07:34.3224785Z Current runner version: '2.331.0'
handle_failure	UNKNOWN STEP	2026-02-03T16:07:34.3597970Z Runner name: 'swarm-runners-scaleset-hkss5-runner-vvnsj'
handle_failure	UNKNOWN STEP	2026-02-03T16:07:34.3599587Z Runner group name: 'Default'
handle_failure	UNKNOWN STEP	2026-02-03T16:07:34.3600694Z Machine name: 'swarm-runners-scaleset-hkss5-runner-vvnsj'
handle_failure	UNKNOWN STEP	2026-02-03T16:07:34.3856687Z ##[group]GITHUB_TOKEN Permissions
handle_failure	UNKNOWN STEP	2026-02-03T16:07:34.3860070Z Actions: write
handle_failure	UNKNOWN STEP	2026-02-03T16:07:34.3860636Z Contents: write
handle_failure	UNKNOWN STEP	2026-02-03T16:07:34.3861138Z Issues: write
handle_failure	UNKNOWN STEP	2026-02-03T16:07:34.3861617Z Metadata: read
handle_failure	UNKNOWN STEP	2026-02-03T16:07:34.3862137Z PullRequests: write
handle_failure	UNKNOWN STEP	2026-02-03T16:07:34.3862654Z ##[endgroup]
handle_failure	UNKNOWN STEP	2026-02-03T16:07:34.3940764Z Secret source: Actions
handle_failure	UNKNOWN STEP	2026-02-03T16:07:34.3941984Z Prepare workflow directory
handle_failure	UNKNOWN STEP	2026-02-03T16:07:40.8238229Z Prepare all required actions
handle_failure	UNKNOWN STEP	2026-02-03T16:07:41.0329803Z Getting action download info
handle_failure	UNKNOWN STEP	2026-02-03T16:07:47.6013161Z Download action repository 'actions/checkout@v4' (SHA:34e114876b0b11c390a56381ad16ebd13914f8d5)
handle_failure	UNKNOWN STEP	2026-02-03T16:07:59.6284752Z Complete job name: handle_failure
handle_failure	UNKNOWN STEP	2026-02-03T16:08:05.2347234Z ##[group]Run actions/checkout@v4
handle_failure	UNKNOWN STEP	2026-02-03T16:08:05.2348717Z with:
handle_failure	UNKNOWN STEP	2026-02-03T16:08:05.2349417Z   repository: Ka0s-Klaus/ka0s
handle_failure	UNKNOWN STEP	2026-02-03T16:08:05.2963199Z   token: ***
handle_failure	UNKNOWN STEP	2026-02-03T16:08:05.2964051Z   ssh-strict: true
handle_failure	UNKNOWN STEP	2026-02-03T16:08:05.2964837Z   ssh-user: git
handle_failure	UNKNOWN STEP	2026-02-03T16:08:05.2965508Z   persist-credentials: true
handle_failure	UNKNOWN STEP	2026-02-03T16:08:05.2966254Z   clean: true
handle_failure	UNKNOWN STEP	2026-02-03T16:08:05.2966921Z   sparse-checkout-cone-mode: true
handle_failure	UNKNOWN STEP	2026-02-03T16:08:05.2967677Z   fetch-depth: 1
handle_failure	UNKNOWN STEP	2026-02-03T16:08:05.2968380Z   fetch-tags: false
handle_failure	UNKNOWN STEP	2026-02-03T16:08:05.2969094Z   show-progress: true
handle_failure	UNKNOWN STEP	2026-02-03T16:08:05.2969774Z   lfs: false
handle_failure	UNKNOWN STEP	2026-02-03T16:08:05.2970445Z   submodules: false
handle_failure	UNKNOWN STEP	2026-02-03T16:08:05.2971119Z   set-safe-directory: true
handle_failure	UNKNOWN STEP	2026-02-03T16:08:05.2972433Z env:
handle_failure	UNKNOWN STEP	2026-02-03T16:08:05.2973082Z   KAOS_MODULE: [Ka0S] YAMLLINT
handle_failure	UNKNOWN STEP	2026-02-03T16:08:05.2974088Z   GH_TOKEN: ***
handle_failure	UNKNOWN STEP	2026-02-03T16:08:05.3729070Z   KAOS_YAMLLINT_CONFIG: core/config/kaos-yamllint-config.yaml
handle_failure	UNKNOWN STEP	2026-02-03T16:08:05.3730415Z   KAOS_PRETTIER_CONFIG: compliance/yaml/.prettierrc.json
handle_failure	UNKNOWN STEP	2026-02-03T16:08:05.3731344Z   KAOS_PATH_RESUME: audit/yamllint/
handle_failure	UNKNOWN STEP	2026-02-03T16:08:05.3732146Z   KAOS_REPO: /actions-runner/_work/kaos/kaos
handle_failure	UNKNOWN STEP	2026-02-03T16:08:05.3732964Z   KAOS_STEP_MODULE: 
handle_failure	UNKNOWN STEP	2026-02-03T16:08:05.3733652Z   KAOS_CODE: 21634838214
handle_failure	UNKNOWN STEP	2026-02-03T16:08:05.3734359Z   KAOS_REF_BRANCH: main
handle_failure	UNKNOWN STEP	2026-02-03T16:08:05.3735276Z ##[endgroup]
handle_failure	UNKNOWN STEP	2026-02-03T16:08:15.2037313Z Syncing repository: Ka0s-Klaus/ka0s
handle_failure	UNKNOWN STEP	2026-02-03T16:08:15.2039937Z ##[group]Getting Git version info
handle_failure	UNKNOWN STEP	2026-02-03T16:08:15.2040868Z Working directory is '/home/runner/_work/ka0s/ka0s'
handle_failure	UNKNOWN STEP	2026-02-03T16:08:15.2042201Z [command]/usr/bin/git version
handle_failure	UNKNOWN STEP	2026-02-03T16:08:15.2353852Z git version 2.52.0
handle_failure	UNKNOWN STEP	2026-02-03T16:08:15.5496544Z ##[endgroup]
handle_failure	UNKNOWN STEP	2026-02-03T16:08:15.6252779Z Temporarily overriding HOME='/home/runner/_work/_temp/11b40cfb-551c-482f-b667-491aa80332ba' before making global git config changes
handle_failure	UNKNOWN STEP	2026-02-03T16:08:15.6254764Z Adding repository directory to the temporary git global config as a safe directory
handle_failure	UNKNOWN STEP	2026-02-03T16:08:15.6256296Z [command]/usr/bin/git config --global --add safe.directory /home/runner/_work/ka0s/ka0s
handle_failure	UNKNOWN STEP	2026-02-03T16:08:15.9666620Z Deleting the contents of '/home/runner/_work/ka0s/ka0s'
handle_failure	UNKNOWN STEP	2026-02-03T16:08:16.0313811Z ##[group]Initializing the repository
handle_failure	UNKNOWN STEP	2026-02-03T16:08:16.2266886Z [command]/usr/bin/git init /home/runner/_work/ka0s/ka0s
handle_failure	UNKNOWN STEP	2026-02-03T16:08:16.6121092Z hint: Using 'master' as the name for the initial branch. This default branch name
handle_failure	UNKNOWN STEP	2026-02-03T16:08:16.6550934Z hint: will change to "main" in Git 3.0. To configure the initial branch name
handle_failure	UNKNOWN STEP	2026-02-03T16:08:16.6552374Z hint: to use in all of your new repositories, which will suppress this warning,
handle_failure	UNKNOWN STEP	2026-02-03T16:08:16.6553445Z hint: call:
handle_failure	UNKNOWN STEP	2026-02-03T16:08:16.6554088Z hint:
handle_failure	UNKNOWN STEP	2026-02-03T16:08:16.6554979Z hint: 	git config --global init.defaultBranch <name>
handle_failure	UNKNOWN STEP	2026-02-03T16:08:16.6555896Z hint:
handle_failure	UNKNOWN STEP	2026-02-03T16:08:16.6556770Z hint: Names commonly chosen instead of 'master' are 'main', 'trunk' and
handle_failure	UNKNOWN STEP	2026-02-03T16:08:16.6558190Z hint: 'development'. The just-created branch can be renamed via this command:
handle_failure	UNKNOWN STEP	2026-02-03T16:08:16.6559959Z hint:
handle_failure	UNKNOWN STEP	2026-02-03T16:08:16.6560791Z hint: 	git branch -m <name>
handle_failure	UNKNOWN STEP	2026-02-03T16:08:16.6561526Z hint:
handle_failure	UNKNOWN STEP	2026-02-03T16:08:16.6562448Z hint: Disable this message with "git config set advice.defaultBranchName false"
handle_failure	UNKNOWN STEP	2026-02-03T16:08:16.6563785Z Initialized empty Git repository in /home/runner/_work/ka0s/ka0s/.git/
handle_failure	UNKNOWN STEP	2026-02-03T16:08:17.0456760Z [command]/usr/bin/git remote add origin https://github.com/Ka0s-Klaus/ka0s
handle_failure	UNKNOWN STEP	2026-02-03T16:08:17.8062536Z ##[endgroup]
handle_failure	UNKNOWN STEP	2026-02-03T16:08:17.8063893Z ##[group]Disabling automatic garbage collection
handle_failure	UNKNOWN STEP	2026-02-03T16:08:17.8065343Z [command]/usr/bin/git config --local gc.auto 0
handle_failure	UNKNOWN STEP	2026-02-03T16:08:17.8837841Z ##[endgroup]
handle_failure	UNKNOWN STEP	2026-02-03T16:08:17.8893274Z ##[group]Setting up auth
handle_failure	UNKNOWN STEP	2026-02-03T16:08:17.8937529Z [command]/usr/bin/git config --local --name-only --get-regexp core\.sshCommand
handle_failure	UNKNOWN STEP	2026-02-03T16:08:18.4459562Z [command]/usr/bin/git submodule foreach --recursive sh -c "git config --local --name-only --get-regexp 'core\.sshCommand' && git config --local --unset-all 'core.sshCommand' || :"
handle_failure	UNKNOWN STEP	2026-02-03T16:08:26.5528470Z [command]/usr/bin/git config --local --name-only --get-regexp http\.https\:\/\/github\.com\/\.extraheader
handle_failure	UNKNOWN STEP	2026-02-03T16:08:26.7520998Z [command]/usr/bin/git submodule foreach --recursive sh -c "git config --local --name-only --get-regexp 'http\.https\:\/\/github\.com\/\.extraheader' && git config --local --unset-all 'http.https://github.com/.extraheader' || :"
handle_failure	UNKNOWN STEP	2026-02-03T16:08:29.1502811Z [command]/usr/bin/git config --local --name-only --get-regexp ^includeIf\.gitdir:
handle_failure	UNKNOWN STEP	2026-02-03T16:08:29.9334005Z [command]/usr/bin/git submodule foreach --recursive git config --local --show-origin --name-only --get-regexp remote.origin.url
handle_failure	UNKNOWN STEP	2026-02-03T16:08:31.8268192Z [command]/usr/bin/git config --local http.https://github.com/.extraheader AUTHORIZATION: basic ***
handle_failure	UNKNOWN STEP	2026-02-03T16:08:32.1972796Z ##[endgroup]
handle_failure	UNKNOWN STEP	2026-02-03T16:08:32.1994173Z ##[group]Fetching the repository
handle_failure	UNKNOWN STEP	2026-02-03T16:08:32.2351853Z [command]/usr/bin/git -c protocol.version=2 fetch --no-tags --prune --no-recurse-submodules --depth=1 origin +40feffd71e8bded7fd5f9408405a8932b4d88886:refs/remotes/origin/H2438-arreglo-de-despliegue-itop
handle_failure	UNKNOWN STEP	2026-02-03T16:09:02.9886842Z From https://github.com/Ka0s-Klaus/ka0s
handle_failure	UNKNOWN STEP	2026-02-03T16:09:02.9927191Z  * [new ref]         40feffd71e8bded7fd5f9408405a8932b4d88886 -> origin/H2438-arreglo-de-despliegue-itop
handle_failure	UNKNOWN STEP	2026-02-03T16:09:03.3155185Z ##[endgroup]
handle_failure	UNKNOWN STEP	2026-02-03T16:09:03.3156122Z ##[group]Determining the checkout info
handle_failure	UNKNOWN STEP	2026-02-03T16:09:03.3157601Z ##[endgroup]
handle_failure	UNKNOWN STEP	2026-02-03T16:09:03.3178936Z [command]/usr/bin/git sparse-checkout disable
handle_failure	UNKNOWN STEP	2026-02-03T16:09:03.5980632Z [command]/usr/bin/git config --local --unset-all extensions.worktreeConfig
handle_failure	UNKNOWN STEP	2026-02-03T16:09:03.9342579Z ##[group]Checking out the ref
handle_failure	UNKNOWN STEP	2026-02-03T16:09:03.9346512Z [command]/usr/bin/git checkout --progress --force -B H2438-arreglo-de-despliegue-itop refs/remotes/origin/H2438-arreglo-de-despliegue-itop
handle_failure	UNKNOWN STEP	2026-02-03T16:09:05.2638668Z Updating files:  55% (582/1058)
handle_failure	UNKNOWN STEP	2026-02-03T16:09:05.2697336Z Updating files:  56% (593/1058)
handle_failure	UNKNOWN STEP	2026-02-03T16:09:05.3609635Z Updating files:  57% (604/1058)
handle_failure	UNKNOWN STEP	2026-02-03T16:09:05.3612025Z Updating files:  58% (614/1058)
handle_failure	UNKNOWN STEP	2026-02-03T16:09:05.3612870Z Updating files:  59% (625/1058)
handle_failure	UNKNOWN STEP	2026-02-03T16:09:05.4132054Z Updating files:  60% (635/1058)
handle_failure	UNKNOWN STEP	2026-02-03T16:09:05.4135859Z Updating files:  61% (646/1058)
handle_failure	UNKNOWN STEP	2026-02-03T16:09:05.4146431Z Updating files:  62% (656/1058)
handle_failure	UNKNOWN STEP	2026-02-03T16:09:05.4320589Z Updating files:  63% (667/1058)
handle_failure	UNKNOWN STEP	2026-02-03T16:09:05.4494000Z Updating files:  64% (678/1058)
handle_failure	UNKNOWN STEP	2026-02-03T16:09:05.4525897Z Updating files:  65% (688/1058)
handle_failure	UNKNOWN STEP	2026-02-03T16:09:05.4538041Z Updating files:  66% (699/1058)
handle_failure	UNKNOWN STEP	2026-02-03T16:09:05.6251997Z Updating files:  67% (709/1058)
handle_failure	UNKNOWN STEP	2026-02-03T16:09:05.6252841Z Updating files:  68% (720/1058)
handle_failure	UNKNOWN STEP	2026-02-03T16:09:05.6253536Z Updating files:  69% (731/1058)
handle_failure	UNKNOWN STEP	2026-02-03T16:09:05.6255349Z Updating files:  70% (741/1058)
handle_failure	UNKNOWN STEP	2026-02-03T16:09:05.6255629Z Updating files:  71% (752/1058)
handle_failure	UNKNOWN STEP	2026-02-03T16:09:05.6255891Z Updating files:  72% (762/1058)
handle_failure	UNKNOWN STEP	2026-02-03T16:09:05.6283537Z Updating files:  73% (773/1058)
handle_failure	UNKNOWN STEP	2026-02-03T16:09:05.6380661Z Updating files:  74% (783/1058)
handle_failure	UNKNOWN STEP	2026-02-03T16:09:05.6456036Z Updating files:  75% (794/1058)
handle_failure	UNKNOWN STEP	2026-02-03T16:09:05.6458974Z Updating files:  76% (805/1058)
handle_failure	UNKNOWN STEP	2026-02-03T16:09:05.6545182Z Updating files:  77% (815/1058)
handle_failure	UNKNOWN STEP	2026-02-03T16:09:05.9097855Z Updating files:  78% (826/1058)
handle_failure	UNKNOWN STEP	2026-02-03T16:09:05.9465612Z Updating files:  79% (836/1058)
handle_failure	UNKNOWN STEP	2026-02-03T16:09:05.9776334Z Updating files:  80% (847/1058)
handle_failure	UNKNOWN STEP	2026-02-03T16:09:06.0378015Z Updating files:  81% (857/1058)
handle_failure	UNKNOWN STEP	2026-02-03T16:09:06.0808114Z Updating files:  82% (868/1058)
handle_failure	UNKNOWN STEP	2026-02-03T16:09:06.1164205Z Updating files:  83% (879/1058)
handle_failure	UNKNOWN STEP	2026-02-03T16:09:06.1937619Z Updating files:  83% (882/1058)
handle_failure	UNKNOWN STEP	2026-02-03T16:09:06.4355548Z Updating files:  84% (889/1058)
handle_failure	UNKNOWN STEP	2026-02-03T16:09:06.5882710Z Updating files:  85% (900/1058)
handle_failure	UNKNOWN STEP	2026-02-03T16:09:06.7048455Z Updating files:  86% (910/1058)
handle_failure	UNKNOWN STEP	2026-02-03T16:09:06.9351802Z Updating files:  87% (921/1058)
handle_failure	UNKNOWN STEP	2026-02-03T16:09:06.9969141Z Updating files:  88% (932/1058)
handle_failure	UNKNOWN STEP	2026-02-03T16:09:07.0017374Z Updating files:  89% (942/1058)
handle_failure	UNKNOWN STEP	2026-02-03T16:09:07.0018256Z Updating files:  90% (953/1058)
handle_failure	UNKNOWN STEP	2026-02-03T16:09:07.0020173Z Updating files:  91% (963/1058)
handle_failure	UNKNOWN STEP	2026-02-03T16:09:07.0020871Z Updating files:  92% (974/1058)
handle_failure	UNKNOWN STEP	2026-02-03T16:09:07.0045612Z Updating files:  93% (984/1058)
handle_failure	UNKNOWN STEP	2026-02-03T16:09:07.0046291Z Updating files:  94% (995/1058)
handle_failure	UNKNOWN STEP	2026-02-03T16:09:07.0054142Z Updating files:  95% (1006/1058)
handle_failure	UNKNOWN STEP	2026-02-03T16:09:07.0065820Z Updating files:  96% (1016/1058)
handle_failure	UNKNOWN STEP	2026-02-03T16:09:07.0073368Z Updating files:  97% (1027/1058)
handle_failure	UNKNOWN STEP	2026-02-03T16:09:07.0096656Z Updating files:  98% (1037/1058)
handle_failure	UNKNOWN STEP	2026-02-03T16:09:07.0121367Z Updating files:  99% (1048/1058)
handle_failure	UNKNOWN STEP	2026-02-03T16:09:07.0122355Z Updating files: 100% (1058/1058)
handle_failure	UNKNOWN STEP	2026-02-03T16:09:07.0136923Z Updating files: 100% (1058/1058), done.
handle_failure	UNKNOWN STEP	2026-02-03T16:09:07.0331891Z Switched to a new branch 'H2438-arreglo-de-despliegue-itop'
handle_failure	UNKNOWN STEP	2026-02-03T16:09:07.0378098Z branch 'H2438-arreglo-de-despliegue-itop' set up to track 'origin/H2438-arreglo-de-despliegue-itop'.
handle_failure	UNKNOWN STEP	2026-02-03T16:09:07.1006900Z ##[endgroup]
handle_failure	UNKNOWN STEP	2026-02-03T16:09:07.3832783Z [command]/usr/bin/git log -1 --format=%H
handle_failure	UNKNOWN STEP	2026-02-03T16:09:07.5795525Z 40feffd71e8bded7fd5f9408405a8932b4d88886
handle_failure	UNKNOWN STEP	2026-02-03T16:09:07.8142730Z Prepare all required actions
handle_failure	UNKNOWN STEP	2026-02-03T16:09:07.8420039Z ##[group]Run ./.github/actions/install-gh-cli
handle_failure	UNKNOWN STEP	2026-02-03T16:09:07.8420367Z env:
handle_failure	UNKNOWN STEP	2026-02-03T16:09:07.8420583Z   KAOS_MODULE: [Ka0S] YAMLLINT
handle_failure	UNKNOWN STEP	2026-02-03T16:09:07.8421338Z   GH_TOKEN: ***
handle_failure	UNKNOWN STEP	2026-02-03T16:09:07.8421647Z   KAOS_YAMLLINT_CONFIG: core/config/kaos-yamllint-config.yaml
handle_failure	UNKNOWN STEP	2026-02-03T16:09:07.8422081Z   KAOS_PRETTIER_CONFIG: compliance/yaml/.prettierrc.json
handle_failure	UNKNOWN STEP	2026-02-03T16:09:07.8422435Z   KAOS_PATH_RESUME: audit/yamllint/
handle_failure	UNKNOWN STEP	2026-02-03T16:09:07.8422737Z   KAOS_REPO: /actions-runner/_work/kaos/kaos
handle_failure	UNKNOWN STEP	2026-02-03T16:09:07.8423033Z   KAOS_STEP_MODULE: 
handle_failure	UNKNOWN STEP	2026-02-03T16:09:07.8423251Z   KAOS_CODE: 21634838214
handle_failure	UNKNOWN STEP	2026-02-03T16:09:07.8423481Z   KAOS_REF_BRANCH: main
handle_failure	UNKNOWN STEP	2026-02-03T16:09:07.8423708Z ##[endgroup]
handle_failure	UNKNOWN STEP	2026-02-03T16:09:07.8769501Z ##[group]Run type -p curl >/dev/null || (sudo apt-get update && sudo apt-get install curl -y)
handle_failure	UNKNOWN STEP	2026-02-03T16:09:07.8770367Z [36;1mtype -p curl >/dev/null || (sudo apt-get update && sudo apt-get install curl -y)[0m
handle_failure	UNKNOWN STEP	2026-02-03T16:09:07.8771286Z [36;1mcurl -fsSL https://cli.github.com/packages/githubcli-archive-keyring.gpg | sudo dd of=/usr/share/keyrings/githubcli-archive-keyring.gpg \[0m
handle_failure	UNKNOWN STEP	2026-02-03T16:09:07.8772144Z [36;1m&& sudo chmod go+r /usr/share/keyrings/githubcli-archive-keyring.gpg \[0m
handle_failure	UNKNOWN STEP	2026-02-03T16:09:07.8773300Z [36;1m&& echo "deb [arch=$(dpkg --print-architecture) signed-by=/usr/share/keyrings/githubcli-archive-keyring.gpg] https://cli.github.com/packages stable main" | sudo tee /etc/apt/sources.list.d/github-cli.list > /dev/null \[0m
handle_failure	UNKNOWN STEP	2026-02-03T16:09:07.8774363Z [36;1m&& sudo apt-get update \[0m
handle_failure	UNKNOWN STEP	2026-02-03T16:09:07.8774739Z [36;1m&& sudo apt-get install gh -y[0m
handle_failure	UNKNOWN STEP	2026-02-03T16:09:07.8804102Z shell: /usr/bin/bash --noprofile --norc -e -o pipefail {0}
handle_failure	UNKNOWN STEP	2026-02-03T16:09:07.8804482Z env:
handle_failure	UNKNOWN STEP	2026-02-03T16:09:07.8811490Z   KAOS_MODULE: [Ka0S] YAMLLINT
handle_failure	UNKNOWN STEP	2026-02-03T16:09:07.8812398Z   GH_TOKEN: ***
handle_failure	UNKNOWN STEP	2026-02-03T16:09:07.8812706Z   KAOS_YAMLLINT_CONFIG: core/config/kaos-yamllint-config.yaml
handle_failure	UNKNOWN STEP	2026-02-03T16:09:07.8813159Z   KAOS_PRETTIER_CONFIG: compliance/yaml/.prettierrc.json
handle_failure	UNKNOWN STEP	2026-02-03T16:09:07.8813658Z   KAOS_PATH_RESUME: audit/yamllint/
handle_failure	UNKNOWN STEP	2026-02-03T16:09:07.8813957Z   KAOS_REPO: /actions-runner/_work/kaos/kaos
handle_failure	UNKNOWN STEP	2026-02-03T16:09:07.8814245Z   KAOS_STEP_MODULE: 
handle_failure	UNKNOWN STEP	2026-02-03T16:09:07.8814465Z   KAOS_CODE: 21634838214
handle_failure	UNKNOWN STEP	2026-02-03T16:09:07.8814738Z   KAOS_REF_BRANCH: main
handle_failure	UNKNOWN STEP	2026-02-03T16:09:07.8814963Z ##[endgroup]
handle_failure	UNKNOWN STEP	2026-02-03T16:09:08.4279526Z 4+1 records in
handle_failure	UNKNOWN STEP	2026-02-03T16:09:08.4280390Z 4+1 records out
handle_failure	UNKNOWN STEP	2026-02-03T16:09:08.4280789Z 2270 bytes (2.3 kB, 2.2 KiB) copied, 0.000962337 s, 2.4 MB/s
handle_failure	UNKNOWN STEP	2026-02-03T16:09:12.3996759Z Get:1 https://cli.github.com/packages stable InRelease [3917 B]
handle_failure	UNKNOWN STEP	2026-02-03T16:09:12.8721424Z Get:2 https://ppa.launchpadcontent.net/git-core/ppa/ubuntu noble InRelease [24.3 kB]
handle_failure	UNKNOWN STEP	2026-02-03T16:09:12.8727528Z Get:3 http://security.ubuntu.com/ubuntu noble-security InRelease [126 kB]
handle_failure	UNKNOWN STEP	2026-02-03T16:09:14.4226275Z Get:4 http://archive.ubuntu.com/ubuntu noble InRelease [256 kB]
handle_failure	UNKNOWN STEP	2026-02-03T16:09:14.5849478Z Get:5 http://archive.ubuntu.com/ubuntu noble-updates InRelease [126 kB]
handle_failure	UNKNOWN STEP	2026-02-03T16:09:14.6222798Z Get:6 http://archive.ubuntu.com/ubuntu noble-backports InRelease [126 kB]
handle_failure	UNKNOWN STEP	2026-02-03T16:09:18.7181836Z Get:7 https://cli.github.com/packages stable/main amd64 Packages [356 B]
handle_failure	UNKNOWN STEP	2026-02-03T16:09:20.5955795Z Get:8 https://ppa.launchpadcontent.net/git-core/ppa/ubuntu noble/main amd64 Packages [2994 B]
handle_failure	UNKNOWN STEP	2026-02-03T16:09:22.0523942Z Get:9 http://security.ubuntu.com/ubuntu noble-security/universe amd64 Packages [1199 kB]
handle_failure	UNKNOWN STEP	2026-02-03T16:09:22.6167804Z Get:10 http://security.ubuntu.com/ubuntu noble-security/restricted amd64 Packages [3008 kB]
handle_failure	UNKNOWN STEP	2026-02-03T16:09:23.5737153Z Get:11 http://security.ubuntu.com/ubuntu noble-security/multiverse amd64 Packages [34.8 kB]
handle_failure	UNKNOWN STEP	2026-02-03T16:09:23.7575904Z Get:12 http://security.ubuntu.com/ubuntu noble-security/main amd64 Packages [1777 kB]
handle_failure	UNKNOWN STEP	2026-02-03T16:09:26.4634991Z Get:13 http://archive.ubuntu.com/ubuntu noble/multiverse amd64 Packages [331 kB]
handle_failure	UNKNOWN STEP	2026-02-03T16:09:27.0759241Z Get:14 http://archive.ubuntu.com/ubuntu noble/universe amd64 Packages [19.3 MB]
handle_failure	UNKNOWN STEP	2026-02-03T16:09:29.4496989Z Get:15 http://archive.ubuntu.com/ubuntu noble/main amd64 Packages [1808 kB]
handle_failure	UNKNOWN STEP	2026-02-03T16:09:29.7555760Z Get:16 http://archive.ubuntu.com/ubuntu noble/restricted amd64 Packages [117 kB]
handle_failure	UNKNOWN STEP	2026-02-03T16:09:29.8958113Z Get:17 http://archive.ubuntu.com/ubuntu noble-updates/restricted amd64 Packages [3233 kB]
handle_failure	UNKNOWN STEP	2026-02-03T16:09:30.7287097Z Get:18 http://archive.ubuntu.com/ubuntu noble-updates/universe amd64 Packages [1978 kB]
handle_failure	UNKNOWN STEP	2026-02-03T16:09:31.2559260Z Get:19 http://archive.ubuntu.com/ubuntu noble-updates/main amd64 Packages [2178 kB]
handle_failure	UNKNOWN STEP	2026-02-03T16:09:32.0859441Z Get:20 http://archive.ubuntu.com/ubuntu noble-updates/multiverse amd64 Packages [38.1 kB]
handle_failure	UNKNOWN STEP	2026-02-03T16:09:32.9006583Z Get:21 http://archive.ubuntu.com/ubuntu noble-backports/main amd64 Packages [49.5 kB]
handle_failure	UNKNOWN STEP	2026-02-03T16:09:32.9907407Z Get:22 http://archive.ubuntu.com/ubuntu noble-backports/universe amd64 Packages [34.6 kB]
handle_failure	UNKNOWN STEP	2026-02-03T16:09:55.6152593Z Fetched 35.8 MB in 44s (821 kB/s)
handle_failure	UNKNOWN STEP	2026-02-03T16:10:11.9882751Z Reading package lists...
handle_failure	UNKNOWN STEP	2026-02-03T16:10:29.4614335Z Reading package lists...
handle_failure	UNKNOWN STEP	2026-02-03T16:10:32.7246331Z Building dependency tree...
handle_failure	UNKNOWN STEP	2026-02-03T16:10:32.7251651Z Reading state information...
handle_failure	UNKNOWN STEP	2026-02-03T16:10:36.6904035Z The following NEW packages will be installed:
handle_failure	UNKNOWN STEP	2026-02-03T16:10:36.6986877Z   gh
handle_failure	UNKNOWN STEP	2026-02-03T16:10:37.0690117Z 0 upgraded, 1 newly installed, 0 to remove and 17 not upgraded.
handle_failure	UNKNOWN STEP	2026-02-03T16:10:37.0691405Z Need to get 13.7 MB of archives.
handle_failure	UNKNOWN STEP	2026-02-03T16:10:37.0727794Z After this operation, 37.9 MB of additional disk space will be used.
handle_failure	UNKNOWN STEP	2026-02-03T16:10:37.0728688Z Get:1 https://cli.github.com/packages stable/main amd64 gh amd64 2.86.0 [13.7 MB]
handle_failure	UNKNOWN STEP	2026-02-03T16:10:41.9233795Z debconf: delaying package configuration, since apt-utils is not installed
handle_failure	UNKNOWN STEP	2026-02-03T16:10:44.4036109Z Fetched 13.7 MB in 2s (7388 kB/s)
handle_failure	UNKNOWN STEP	2026-02-03T16:10:44.8566020Z Selecting previously unselected package gh.
handle_failure	UNKNOWN STEP	2026-02-03T16:10:44.8972029Z (Reading database ... 
handle_failure	UNKNOWN STEP	2026-02-03T16:10:44.8975870Z (Reading database ... 5%
handle_failure	UNKNOWN STEP	2026-02-03T16:10:44.8979480Z (Reading database ... 10%
handle_failure	UNKNOWN STEP	2026-02-03T16:10:44.9026182Z (Reading database ... 15%
handle_failure	UNKNOWN STEP	2026-02-03T16:10:44.9051233Z (Reading database ... 20%
handle_failure	UNKNOWN STEP	2026-02-03T16:10:44.9075170Z (Reading database ... 25%
handle_failure	UNKNOWN STEP	2026-02-03T16:10:44.9218130Z (Reading database ... 30%
handle_failure	UNKNOWN STEP	2026-02-03T16:10:44.9218448Z (Reading database ... 35%
handle_failure	UNKNOWN STEP	2026-02-03T16:10:44.9218687Z (Reading database ... 40%
handle_failure	UNKNOWN STEP	2026-02-03T16:10:44.9275586Z (Reading database ... 45%
handle_failure	UNKNOWN STEP	2026-02-03T16:10:44.9275911Z (Reading database ... 50%
handle_failure	UNKNOWN STEP	2026-02-03T16:10:44.9276154Z (Reading database ... 55%
handle_failure	UNKNOWN STEP	2026-02-03T16:10:44.9295900Z (Reading database ... 60%
handle_failure	UNKNOWN STEP	2026-02-03T16:10:44.9296178Z (Reading database ... 65%
handle_failure	UNKNOWN STEP	2026-02-03T16:10:44.9296418Z (Reading database ... 70%
handle_failure	UNKNOWN STEP	2026-02-03T16:10:44.9296664Z (Reading database ... 75%
handle_failure	UNKNOWN STEP	2026-02-03T16:10:44.9296899Z (Reading database ... 80%
handle_failure	UNKNOWN STEP	2026-02-03T16:10:44.9297207Z (Reading database ... 85%
handle_failure	UNKNOWN STEP	2026-02-03T16:10:44.9297452Z (Reading database ... 90%
handle_failure	UNKNOWN STEP	2026-02-03T16:10:44.9538426Z (Reading database ... 95%
handle_failure	UNKNOWN STEP	2026-02-03T16:10:44.9826603Z (Reading database ... 100%
handle_failure	UNKNOWN STEP	2026-02-03T16:10:44.9827992Z (Reading database ... 14385 files and directories currently installed.)
handle_failure	UNKNOWN STEP	2026-02-03T16:10:44.9830686Z Preparing to unpack .../archives/gh_2.86.0_amd64.deb ...
handle_failure	UNKNOWN STEP	2026-02-03T16:10:45.0637086Z Unpacking gh (2.86.0) ...
handle_failure	UNKNOWN STEP	2026-02-03T16:10:50.1958502Z Setting up gh (2.86.0) ...
handle_failure	UNKNOWN STEP	2026-02-03T16:10:51.3849862Z ##[group]Run gh issue create --title "[Ka0S] YAMLLINT Error in 21634838214" --label "bug" --body "Check logs: https://github.com/Ka0s-Klaus/ka0s/actions/runs/21634838214"
handle_failure	UNKNOWN STEP	2026-02-03T16:10:51.3851226Z [36;1mgh issue create --title "[Ka0S] YAMLLINT Error in 21634838214" --label "bug" --body "Check logs: https://github.com/Ka0s-Klaus/ka0s/actions/runs/21634838214"[0m
handle_failure	UNKNOWN STEP	2026-02-03T16:10:51.3852161Z [36;1mRNNUMBER=$(echo "refs/heads/H2438-arreglo-de-despliegue-itop" | grep -o '[0-9]*')[0m
handle_failure	UNKNOWN STEP	2026-02-03T16:10:51.3852897Z [36;1mgh issue comment $RNNUMBER --body "❌ El proceso de Compliance YAML ha fallado 21634838214."[0m
handle_failure	UNKNOWN STEP	2026-02-03T16:10:51.4127147Z shell: /usr/bin/bash -e {0}
handle_failure	UNKNOWN STEP	2026-02-03T16:10:51.4127443Z env:
handle_failure	UNKNOWN STEP	2026-02-03T16:10:51.4127659Z   KAOS_MODULE: [Ka0S] YAMLLINT
handle_failure	UNKNOWN STEP	2026-02-03T16:10:51.4128144Z   GH_TOKEN: ***
handle_failure	UNKNOWN STEP	2026-02-03T16:10:51.4128441Z   KAOS_YAMLLINT_CONFIG: core/config/kaos-yamllint-config.yaml
handle_failure	UNKNOWN STEP	2026-02-03T16:10:51.4128946Z   KAOS_PRETTIER_CONFIG: compliance/yaml/.prettierrc.json
handle_failure	UNKNOWN STEP	2026-02-03T16:10:51.4129320Z   KAOS_PATH_RESUME: audit/yamllint/
handle_failure	UNKNOWN STEP	2026-02-03T16:10:51.4129617Z   KAOS_REPO: /actions-runner/_work/kaos/kaos
handle_failure	UNKNOWN STEP	2026-02-03T16:10:51.4129914Z   KAOS_STEP_MODULE: 
handle_failure	UNKNOWN STEP	2026-02-03T16:10:51.4130127Z   KAOS_CODE: 21634838214
handle_failure	UNKNOWN STEP	2026-02-03T16:10:51.4130356Z   KAOS_REF_BRANCH: main
handle_failure	UNKNOWN STEP	2026-02-03T16:10:51.4130578Z ##[endgroup]
handle_failure	UNKNOWN STEP	2026-02-03T16:10:54.9345841Z https://github.com/Ka0s-Klaus/ka0s/issues/3059
handle_failure	UNKNOWN STEP	2026-02-03T16:10:57.6321390Z https://github.com/Ka0s-Klaus/ka0s/issues/2438#issuecomment-3842238641
handle_failure	UNKNOWN STEP	2026-02-03T16:10:57.7178797Z Post job cleanup.
handle_failure	UNKNOWN STEP	2026-02-03T16:10:59.8982980Z [command]/usr/bin/git version
handle_failure	UNKNOWN STEP	2026-02-03T16:11:00.0811049Z git version 2.52.0
handle_failure	UNKNOWN STEP	2026-02-03T16:11:00.1024345Z Temporarily overriding HOME='/home/runner/_work/_temp/ea396a16-a35f-41e3-ade6-798bd58139db' before making global git config changes
handle_failure	UNKNOWN STEP	2026-02-03T16:11:00.1216100Z Adding repository directory to the temporary git global config as a safe directory
handle_failure	UNKNOWN STEP	2026-02-03T16:11:00.1486041Z [command]/usr/bin/git config --global --add safe.directory /home/runner/_work/ka0s/ka0s
handle_failure	UNKNOWN STEP	2026-02-03T16:11:00.3092783Z [command]/usr/bin/git config --local --name-only --get-regexp core\.sshCommand
handle_failure	UNKNOWN STEP	2026-02-03T16:11:00.5836863Z [command]/usr/bin/git submodule foreach --recursive sh -c "git config --local --name-only --get-regexp 'core\.sshCommand' && git config --local --unset-all 'core.sshCommand' || :"
handle_failure	UNKNOWN STEP	2026-02-03T16:11:03.4338512Z [command]/usr/bin/git config --local --name-only --get-regexp http\.https\:\/\/github\.com\/\.extraheader
handle_failure	UNKNOWN STEP	2026-02-03T16:11:03.8802899Z http.https://github.com/.extraheader
handle_failure	UNKNOWN STEP	2026-02-03T16:11:04.0356706Z [command]/usr/bin/git config --local --unset-all http.https://github.com/.extraheader
handle_failure	UNKNOWN STEP	2026-02-03T16:11:04.4861022Z [command]/usr/bin/git submodule foreach --recursive sh -c "git config --local --name-only --get-regexp 'http\.https\:\/\/github\.com\/\.extraheader' && git config --local --unset-all 'http.https://github.com/.extraheader' || :"
handle_failure	UNKNOWN STEP	2026-02-03T16:11:06.8457032Z [command]/usr/bin/git config --local --name-only --get-regexp ^includeIf\.gitdir:
handle_failure	UNKNOWN STEP	2026-02-03T16:11:06.9895589Z [command]/usr/bin/git submodule foreach --recursive git config --local --show-origin --name-only --get-regexp remote.origin.url
handle_failure	UNKNOWN STEP	2026-02-03T16:11:10.3614113Z Cleaning up orphan processes
end-workflow	Set up job	﻿2026-02-03T17:20:31.9290717Z Current runner version: '2.331.0'
end-workflow	Set up job	2026-02-03T17:20:31.9301590Z Runner name: 'swarm-runners-scaleset-hkss5-runner-5jdgk'
end-workflow	Set up job	2026-02-03T17:20:31.9310713Z Runner group name: 'Default'
end-workflow	Set up job	2026-02-03T17:20:31.9311890Z Machine name: 'swarm-runners-scaleset-hkss5-runner-5jdgk'
end-workflow	Set up job	2026-02-03T17:20:31.9315788Z ##[group]GITHUB_TOKEN Permissions
end-workflow	Set up job	2026-02-03T17:20:31.9318798Z Actions: write
end-workflow	Set up job	2026-02-03T17:20:31.9319330Z Contents: write
end-workflow	Set up job	2026-02-03T17:20:31.9319789Z Issues: write
end-workflow	Set up job	2026-02-03T17:20:31.9320250Z Metadata: read
end-workflow	Set up job	2026-02-03T17:20:31.9320713Z PullRequests: write
end-workflow	Set up job	2026-02-03T17:20:31.9321201Z ##[endgroup]
end-workflow	Set up job	2026-02-03T17:20:31.9323502Z Secret source: Actions
end-workflow	Set up job	2026-02-03T17:20:31.9324214Z Prepare workflow directory
end-workflow	Set up job	2026-02-03T17:20:38.9872345Z Prepare all required actions
end-workflow	Set up job	2026-02-03T17:20:39.6054226Z Getting action download info
end-workflow	Set up job	2026-02-03T17:20:41.6013001Z Download action repository 'actions/checkout@v4' (SHA:34e114876b0b11c390a56381ad16ebd13914f8d5)
end-workflow	Set up job	2026-02-03T17:21:05.1221818Z Complete job name: end-workflow
end-workflow	Run actions/checkout@v4	﻿2026-02-03T17:21:08.1200654Z ##[group]Run actions/checkout@v4
end-workflow	Run actions/checkout@v4	2026-02-03T17:21:08.1220374Z with:
end-workflow	Run actions/checkout@v4	2026-02-03T17:21:08.1221273Z   repository: Ka0s-Klaus/ka0s
end-workflow	Run actions/checkout@v4	2026-02-03T17:21:08.1222548Z   token: ***
end-workflow	Run actions/checkout@v4	2026-02-03T17:21:08.1223247Z   ssh-strict: true
end-workflow	Run actions/checkout@v4	2026-02-03T17:21:08.1223960Z   ssh-user: git
end-workflow	Run actions/checkout@v4	2026-02-03T17:21:08.1224822Z   persist-credentials: true
end-workflow	Run actions/checkout@v4	2026-02-03T17:21:08.1225665Z   clean: true
end-workflow	Run actions/checkout@v4	2026-02-03T17:21:08.1226388Z   sparse-checkout-cone-mode: true
end-workflow	Run actions/checkout@v4	2026-02-03T17:21:08.1372880Z   fetch-depth: 1
end-workflow	Run actions/checkout@v4	2026-02-03T17:21:08.1437590Z   fetch-tags: false
end-workflow	Run actions/checkout@v4	2026-02-03T17:21:08.1438577Z   show-progress: true
end-workflow	Run actions/checkout@v4	2026-02-03T17:21:08.1439348Z   lfs: false
end-workflow	Run actions/checkout@v4	2026-02-03T17:21:08.1440039Z   submodules: false
end-workflow	Run actions/checkout@v4	2026-02-03T17:21:08.1440802Z   set-safe-directory: true
end-workflow	Run actions/checkout@v4	2026-02-03T17:21:08.1442151Z env:
end-workflow	Run actions/checkout@v4	2026-02-03T17:21:08.1442833Z   KAOS_MODULE: [Ka0S] YAMLLINT
end-workflow	Run actions/checkout@v4	2026-02-03T17:21:08.1444121Z   GH_TOKEN: ***
end-workflow	Run actions/checkout@v4	2026-02-03T17:21:08.1772891Z   KAOS_YAMLLINT_CONFIG: core/config/kaos-yamllint-config.yaml
end-workflow	Run actions/checkout@v4	2026-02-03T17:21:08.1816826Z   KAOS_PRETTIER_CONFIG: compliance/yaml/.prettierrc.json
end-workflow	Run actions/checkout@v4	2026-02-03T17:21:08.1818701Z   KAOS_PATH_RESUME: audit/yamllint/
end-workflow	Run actions/checkout@v4	2026-02-03T17:21:08.1819756Z   KAOS_REPO: /actions-runner/_work/kaos/kaos
end-workflow	Run actions/checkout@v4	2026-02-03T17:21:08.1820771Z   KAOS_STEP_MODULE: 
end-workflow	Run actions/checkout@v4	2026-02-03T17:21:08.1821532Z   KAOS_CODE: 21634838214
end-workflow	Run actions/checkout@v4	2026-02-03T17:21:08.1822414Z   KAOS_REF_BRANCH: main
end-workflow	Run actions/checkout@v4	2026-02-03T17:21:08.1823325Z ##[endgroup]
end-workflow	Run actions/checkout@v4	2026-02-03T17:21:12.9389244Z Syncing repository: Ka0s-Klaus/ka0s
end-workflow	Run actions/checkout@v4	2026-02-03T17:21:12.9392358Z ##[group]Getting Git version info
end-workflow	Run actions/checkout@v4	2026-02-03T17:21:12.9393487Z Working directory is '/home/runner/_work/ka0s/ka0s'
end-workflow	Run actions/checkout@v4	2026-02-03T17:21:12.9571766Z [command]/usr/bin/git version
end-workflow	Run actions/checkout@v4	2026-02-03T17:21:16.7803314Z git version 2.52.0
end-workflow	Run actions/checkout@v4	2026-02-03T17:21:17.4790458Z ##[endgroup]
end-workflow	Run actions/checkout@v4	2026-02-03T17:21:17.5818774Z Temporarily overriding HOME='/home/runner/_work/_temp/12e49f73-3478-41ec-87e5-34450e433f1c' before making global git config changes
end-workflow	Run actions/checkout@v4	2026-02-03T17:21:17.6065823Z Adding repository directory to the temporary git global config as a safe directory
end-workflow	Run actions/checkout@v4	2026-02-03T17:21:17.6407338Z [command]/usr/bin/git config --global --add safe.directory /home/runner/_work/ka0s/ka0s
end-workflow	Run actions/checkout@v4	2026-02-03T17:21:22.0756708Z Deleting the contents of '/home/runner/_work/ka0s/ka0s'
end-workflow	Run actions/checkout@v4	2026-02-03T17:21:22.0936885Z ##[group]Initializing the repository
end-workflow	Run actions/checkout@v4	2026-02-03T17:21:22.1086078Z [command]/usr/bin/git init /home/runner/_work/ka0s/ka0s
end-workflow	Run actions/checkout@v4	2026-02-03T17:21:24.1318183Z hint: Using 'master' as the name for the initial branch. This default branch name
end-workflow	Run actions/checkout@v4	2026-02-03T17:21:24.1319495Z hint: will change to "main" in Git 3.0. To configure the initial branch name
end-workflow	Run actions/checkout@v4	2026-02-03T17:21:24.1321554Z hint: to use in all of your new repositories, which will suppress this warning,
end-workflow	Run actions/checkout@v4	2026-02-03T17:21:24.1331943Z hint: call:
end-workflow	Run actions/checkout@v4	2026-02-03T17:21:24.1332217Z hint:
end-workflow	Run actions/checkout@v4	2026-02-03T17:21:24.1332540Z hint: 	git config --global init.defaultBranch <name>
end-workflow	Run actions/checkout@v4	2026-02-03T17:21:24.1332889Z hint:
end-workflow	Run actions/checkout@v4	2026-02-03T17:21:24.1333225Z hint: Names commonly chosen instead of 'master' are 'main', 'trunk' and
end-workflow	Run actions/checkout@v4	2026-02-03T17:21:24.1333824Z hint: 'development'. The just-created branch can be renamed via this command:
end-workflow	Run actions/checkout@v4	2026-02-03T17:21:24.1335073Z hint:
end-workflow	Run actions/checkout@v4	2026-02-03T17:21:24.1335294Z hint: 	git branch -m <name>
end-workflow	Run actions/checkout@v4	2026-02-03T17:21:24.1335533Z hint:
end-workflow	Run actions/checkout@v4	2026-02-03T17:21:24.1335897Z hint: Disable this message with "git config set advice.defaultBranchName false"
end-workflow	Run actions/checkout@v4	2026-02-03T17:21:24.1336492Z Initialized empty Git repository in /home/runner/_work/ka0s/ka0s/.git/
end-workflow	Run actions/checkout@v4	2026-02-03T17:21:24.4055652Z [command]/usr/bin/git remote add origin https://github.com/Ka0s-Klaus/ka0s
end-workflow	Run actions/checkout@v4	2026-02-03T17:21:26.5926795Z ##[endgroup]
end-workflow	Run actions/checkout@v4	2026-02-03T17:21:26.5927763Z ##[group]Disabling automatic garbage collection
end-workflow	Run actions/checkout@v4	2026-02-03T17:21:26.6472936Z [command]/usr/bin/git config --local gc.auto 0
end-workflow	Run actions/checkout@v4	2026-02-03T17:21:28.4588443Z ##[endgroup]
end-workflow	Run actions/checkout@v4	2026-02-03T17:21:28.4621773Z ##[group]Setting up auth
end-workflow	Run actions/checkout@v4	2026-02-03T17:21:28.4676813Z [command]/usr/bin/git config --local --name-only --get-regexp core\.sshCommand
end-workflow	Run actions/checkout@v4	2026-02-03T17:21:30.3410882Z [command]/usr/bin/git submodule foreach --recursive sh -c "git config --local --name-only --get-regexp 'core\.sshCommand' && git config --local --unset-all 'core.sshCommand' || :"
end-workflow	Run actions/checkout@v4	2026-02-03T17:21:37.9007885Z [command]/usr/bin/git config --local --name-only --get-regexp http\.https\:\/\/github\.com\/\.extraheader
end-workflow	Run actions/checkout@v4	2026-02-03T17:21:38.1694536Z [command]/usr/bin/git submodule foreach --recursive sh -c "git config --local --name-only --get-regexp 'http\.https\:\/\/github\.com\/\.extraheader' && git config --local --unset-all 'http.https://github.com/.extraheader' || :"
end-workflow	Run actions/checkout@v4	2026-02-03T17:21:49.5705728Z [command]/usr/bin/git config --local --name-only --get-regexp ^includeIf\.gitdir:
end-workflow	Run actions/checkout@v4	2026-02-03T17:21:50.2091538Z [command]/usr/bin/git submodule foreach --recursive git config --local --show-origin --name-only --get-regexp remote.origin.url
end-workflow	Run actions/checkout@v4	2026-02-03T17:22:09.8824232Z [command]/usr/bin/git config --local http.https://github.com/.extraheader AUTHORIZATION: basic ***
end-workflow	Run actions/checkout@v4	2026-02-03T17:22:11.8861778Z ##[endgroup]
end-workflow	Run actions/checkout@v4	2026-02-03T17:22:11.8862253Z ##[group]Fetching the repository
end-workflow	Run actions/checkout@v4	2026-02-03T17:22:11.9228416Z [command]/usr/bin/git -c protocol.version=2 fetch --no-tags --prune --no-recurse-submodules --depth=1 origin +40feffd71e8bded7fd5f9408405a8932b4d88886:refs/remotes/origin/H2438-arreglo-de-despliegue-itop
end-workflow	Run actions/checkout@v4	2026-02-03T17:23:36.3127162Z From https://github.com/Ka0s-Klaus/ka0s
end-workflow	Run actions/checkout@v4	2026-02-03T17:23:36.3135442Z  * [new ref]         40feffd71e8bded7fd5f9408405a8932b4d88886 -> origin/H2438-arreglo-de-despliegue-itop
end-workflow	Run actions/checkout@v4	2026-02-03T17:23:36.7193761Z ##[endgroup]
end-workflow	Run actions/checkout@v4	2026-02-03T17:23:36.7194364Z ##[group]Determining the checkout info
end-workflow	Run actions/checkout@v4	2026-02-03T17:23:36.7523668Z ##[endgroup]
end-workflow	Run actions/checkout@v4	2026-02-03T17:23:36.7610825Z [command]/usr/bin/git sparse-checkout disable
end-workflow	Run actions/checkout@v4	2026-02-03T17:23:37.6377521Z [command]/usr/bin/git config --local --unset-all extensions.worktreeConfig
end-workflow	Run actions/checkout@v4	2026-02-03T17:23:37.7482524Z ##[group]Checking out the ref
end-workflow	Run actions/checkout@v4	2026-02-03T17:23:37.7489417Z [command]/usr/bin/git checkout --progress --force -B H2438-arreglo-de-despliegue-itop refs/remotes/origin/H2438-arreglo-de-despliegue-itop
end-workflow	Run actions/checkout@v4	2026-02-03T17:23:40.6194733Z Updating files:   6% (67/1058)
end-workflow	Run actions/checkout@v4	2026-02-03T17:23:40.8338727Z Updating files:   7% (75/1058)
end-workflow	Run actions/checkout@v4	2026-02-03T17:23:41.0245287Z Updating files:   8% (85/1058)
end-workflow	Run actions/checkout@v4	2026-02-03T17:23:41.3618959Z Updating files:   9% (96/1058)
end-workflow	Run actions/checkout@v4	2026-02-03T17:23:41.3860059Z Updating files:   9% (99/1058)
end-workflow	Run actions/checkout@v4	2026-02-03T17:23:41.3873048Z Updating files:  10% (106/1058)
end-workflow	Run actions/checkout@v4	2026-02-03T17:23:41.5887173Z Updating files:  11% (117/1058)
end-workflow	Run actions/checkout@v4	2026-02-03T17:23:41.9182466Z Updating files:  12% (127/1058)
end-workflow	Run actions/checkout@v4	2026-02-03T17:23:41.9475707Z Updating files:  13% (138/1058)
end-workflow	Run actions/checkout@v4	2026-02-03T17:23:41.9626856Z Updating files:  14% (149/1058)
end-workflow	Run actions/checkout@v4	2026-02-03T17:23:42.0175145Z Updating files:  15% (159/1058)
end-workflow	Run actions/checkout@v4	2026-02-03T17:23:42.1399441Z Updating files:  16% (170/1058)
end-workflow	Run actions/checkout@v4	2026-02-03T17:23:42.1410290Z Updating files:  17% (180/1058)
end-workflow	Run actions/checkout@v4	2026-02-03T17:23:42.2603904Z Updating files:  18% (191/1058)
end-workflow	Run actions/checkout@v4	2026-02-03T17:23:42.3232203Z Updating files:  19% (202/1058)
end-workflow	Run actions/checkout@v4	2026-02-03T17:23:42.3243583Z Updating files:  19% (208/1058)
end-workflow	Run actions/checkout@v4	2026-02-03T17:23:42.3247580Z Updating files:  20% (212/1058)
end-workflow	Run actions/checkout@v4	2026-02-03T17:23:42.3266428Z Updating files:  21% (223/1058)
end-workflow	Run actions/checkout@v4	2026-02-03T17:23:42.3268791Z Updating files:  22% (233/1058)
end-workflow	Run actions/checkout@v4	2026-02-03T17:23:42.3281270Z Updating files:  23% (244/1058)
end-workflow	Run actions/checkout@v4	2026-02-03T17:23:43.5206082Z Updating files:  24% (254/1058)
end-workflow	Run actions/checkout@v4	2026-02-03T17:23:44.8026504Z Updating files:  24% (261/1058)
end-workflow	Run actions/checkout@v4	2026-02-03T17:23:45.6081953Z Updating files:  24% (263/1058)
end-workflow	Run actions/checkout@v4	2026-02-03T17:23:45.6133373Z Updating files:  24% (264/1058)
end-workflow	Run actions/checkout@v4	2026-02-03T17:23:46.7491771Z Updating files:  25% (265/1058)
end-workflow	Run actions/checkout@v4	2026-02-03T17:23:47.6945673Z Updating files:  25% (266/1058)
end-workflow	Run actions/checkout@v4	2026-02-03T17:23:48.5467599Z Updating files:  25% (268/1058)
end-workflow	Run actions/checkout@v4	2026-02-03T17:23:49.5807211Z Updating files:  25% (270/1058)
end-workflow	Run actions/checkout@v4	2026-02-03T17:23:50.7006799Z Updating files:  25% (272/1058)
end-workflow	Run actions/checkout@v4	2026-02-03T17:23:51.4262670Z Updating files:  25% (274/1058)
end-workflow	Run actions/checkout@v4	2026-02-03T17:23:52.6486618Z Updating files:  26% (276/1058)
end-workflow	Run actions/checkout@v4	2026-02-03T17:23:54.1801173Z Updating files:  26% (278/1058)
end-workflow	Run actions/checkout@v4	2026-02-03T17:23:58.5166993Z Updating files:  26% (283/1058)
end-workflow	Run actions/checkout@v4	2026-02-03T17:24:01.9086239Z Updating files:  27% (286/1058)
end-workflow	Run actions/checkout@v4	2026-02-03T17:24:03.1946288Z Updating files:  27% (287/1058)
end-workflow	Run actions/checkout@v4	2026-02-03T17:24:06.3938480Z Updating files:  27% (290/1058)
end-workflow	Run actions/checkout@v4	2026-02-03T17:24:06.3944189Z Updating files:  27% (292/1058)
end-workflow	Run actions/checkout@v4	2026-02-03T17:24:06.3946030Z Updating files:  28% (297/1058)
end-workflow	Run actions/checkout@v4	2026-02-03T17:24:06.3946311Z Updating files:  29% (307/1058)
end-workflow	Run actions/checkout@v4	2026-02-03T17:24:06.3951119Z Updating files:  30% (318/1058)
end-workflow	Run actions/checkout@v4	2026-02-03T17:24:06.4555966Z Updating files:  31% (328/1058)
end-workflow	Run actions/checkout@v4	2026-02-03T17:24:07.4418256Z Updating files:  32% (339/1058)
end-workflow	Run actions/checkout@v4	2026-02-03T17:24:07.4881707Z Updating files:  32% (344/1058)
end-workflow	Run actions/checkout@v4	2026-02-03T17:24:07.6657449Z Updating files:  33% (350/1058)
end-workflow	Run actions/checkout@v4	2026-02-03T17:24:07.6825644Z Updating files:  34% (360/1058)
end-workflow	Run actions/checkout@v4	2026-02-03T17:24:07.7881017Z Updating files:  35% (371/1058)
end-workflow	Run actions/checkout@v4	2026-02-03T17:24:07.8924482Z Updating files:  36% (381/1058)
end-workflow	Run actions/checkout@v4	2026-02-03T17:24:07.8981905Z Updating files:  37% (392/1058)
end-workflow	Run actions/checkout@v4	2026-02-03T17:24:07.8982176Z Updating files:  38% (403/1058)
end-workflow	Run actions/checkout@v4	2026-02-03T17:24:07.8982431Z Updating files:  39% (413/1058)
end-workflow	Run actions/checkout@v4	2026-02-03T17:24:07.8982679Z Updating files:  40% (424/1058)
end-workflow	Run actions/checkout@v4	2026-02-03T17:24:07.8982930Z Updating files:  41% (434/1058)
end-workflow	Run actions/checkout@v4	2026-02-03T17:24:07.8983256Z Updating files:  42% (445/1058)
end-workflow	Run actions/checkout@v4	2026-02-03T17:24:07.8983522Z Updating files:  43% (455/1058)
end-workflow	Run actions/checkout@v4	2026-02-03T17:24:07.8983772Z Updating files:  44% (466/1058)
end-workflow	Run actions/checkout@v4	2026-02-03T17:24:07.8984020Z Updating files:  45% (477/1058)
end-workflow	Run actions/checkout@v4	2026-02-03T17:24:08.5318587Z Updating files:  46% (487/1058)
end-workflow	Run actions/checkout@v4	2026-02-03T17:24:10.2992610Z Updating files:  46% (493/1058)
end-workflow	Run actions/checkout@v4	2026-02-03T17:24:11.2773119Z Updating files:  46% (495/1058)
end-workflow	Run actions/checkout@v4	2026-02-03T17:24:11.4407358Z Updating files:  46% (496/1058)
end-workflow	Run actions/checkout@v4	2026-02-03T17:24:14.9831950Z Updating files:  46% (497/1058)
end-workflow	Run actions/checkout@v4	2026-02-03T17:24:15.0109827Z Updating files:  47% (498/1058)
end-workflow	Run actions/checkout@v4	2026-02-03T17:24:15.0387461Z Updating files:  48% (508/1058)
end-workflow	Run actions/checkout@v4	2026-02-03T17:24:15.0639063Z Updating files:  49% (519/1058)
end-workflow	Run actions/checkout@v4	2026-02-03T17:24:15.1400694Z Updating files:  50% (529/1058)
end-workflow	Run actions/checkout@v4	2026-02-03T17:24:15.2329984Z Updating files:  51% (540/1058)
end-workflow	Run actions/checkout@v4	2026-02-03T17:24:15.2343581Z Updating files:  52% (551/1058)
end-workflow	Run actions/checkout@v4	2026-02-03T17:24:15.2346678Z Updating files:  53% (561/1058)
end-workflow	Run actions/checkout@v4	2026-02-03T17:24:18.7523941Z Updating files:  54% (572/1058)
end-workflow	Run actions/checkout@v4	2026-02-03T17:24:27.6907379Z Updating files:  54% (581/1058)
end-workflow	Run actions/checkout@v4	2026-02-03T17:24:27.6998198Z Updating files:  55% (582/1058)
end-workflow	Run actions/checkout@v4	2026-02-03T17:24:28.7862996Z Updating files:  56% (593/1058)
end-workflow	Run actions/checkout@v4	2026-02-03T17:24:28.8148821Z Updating files:  56% (602/1058)
end-workflow	Run actions/checkout@v4	2026-02-03T17:24:29.2187433Z Updating files:  57% (604/1058)
end-workflow	Run actions/checkout@v4	2026-02-03T17:24:29.2242582Z Updating files:  58% (614/1058)
end-workflow	Run actions/checkout@v4	2026-02-03T17:24:29.2426586Z Updating files:  59% (625/1058)
end-workflow	Run actions/checkout@v4	2026-02-03T17:24:29.3600712Z Updating files:  60% (635/1058)
end-workflow	Run actions/checkout@v4	2026-02-03T17:24:29.3606007Z Updating files:  61% (646/1058)
end-workflow	Run actions/checkout@v4	2026-02-03T17:24:29.7665923Z Updating files:  62% (656/1058)
end-workflow	Run actions/checkout@v4	2026-02-03T17:24:29.7942755Z Updating files:  63% (667/1058)
end-workflow	Run actions/checkout@v4	2026-02-03T17:24:31.0888184Z Updating files:  64% (678/1058)
end-workflow	Run actions/checkout@v4	2026-02-03T17:24:31.5676237Z Updating files:  64% (685/1058)
end-workflow	Run actions/checkout@v4	2026-02-03T17:24:31.5705189Z Updating files:  64% (686/1058)
end-workflow	Run actions/checkout@v4	2026-02-03T17:24:31.5767261Z Updating files:  65% (688/1058)
end-workflow	Run actions/checkout@v4	2026-02-03T17:24:31.9796189Z Updating files:  66% (699/1058)
end-workflow	Run actions/checkout@v4	2026-02-03T17:24:34.1107185Z Updating files:  67% (709/1058)
end-workflow	Run actions/checkout@v4	2026-02-03T17:24:41.5465639Z Updating files:  67% (713/1058)
end-workflow	Run actions/checkout@v4	2026-02-03T17:24:41.5491979Z Updating files:  67% (718/1058)
end-workflow	Run actions/checkout@v4	2026-02-03T17:24:41.5540804Z Updating files:  68% (720/1058)
end-workflow	Run actions/checkout@v4	2026-02-03T17:24:41.5541763Z Updating files:  69% (731/1058)
end-workflow	Run actions/checkout@v4	2026-02-03T17:24:41.5542049Z Updating files:  70% (741/1058)
end-workflow	Run actions/checkout@v4	2026-02-03T17:24:41.5542849Z Updating files:  71% (752/1058)
end-workflow	Run actions/checkout@v4	2026-02-03T17:24:41.5543111Z Updating files:  72% (762/1058)
end-workflow	Run actions/checkout@v4	2026-02-03T17:24:41.5543415Z Updating files:  73% (773/1058)
end-workflow	Run actions/checkout@v4	2026-02-03T17:24:42.0465898Z Updating files:  74% (783/1058)
end-workflow	Run actions/checkout@v4	2026-02-03T17:24:42.0555671Z Updating files:  75% (794/1058)
end-workflow	Run actions/checkout@v4	2026-02-03T17:24:42.0576048Z Updating files:  76% (805/1058)
end-workflow	Run actions/checkout@v4	2026-02-03T17:24:42.0627965Z Updating files:  77% (815/1058)
end-workflow	Run actions/checkout@v4	2026-02-03T17:24:44.4260411Z Updating files:  78% (826/1058)
end-workflow	Run actions/checkout@v4	2026-02-03T17:24:47.8652077Z Updating files:  78% (829/1058)
end-workflow	Run actions/checkout@v4	2026-02-03T17:24:50.4253349Z Updating files:  78% (830/1058)
end-workflow	Run actions/checkout@v4	2026-02-03T17:24:53.3726608Z Updating files:  78% (831/1058)
end-workflow	Run actions/checkout@v4	2026-02-03T17:24:55.6554013Z Updating files:  78% (832/1058)
end-workflow	Run actions/checkout@v4	2026-02-03T17:24:56.5767844Z Updating files:  78% (833/1058)
end-workflow	Run actions/checkout@v4	2026-02-03T17:24:57.0801260Z Updating files:  78% (835/1058)
end-workflow	Run actions/checkout@v4	2026-02-03T17:24:58.3863501Z Updating files:  79% (836/1058)
end-workflow	Run actions/checkout@v4	2026-02-03T17:25:00.9570608Z Updating files:  79% (837/1058)
end-workflow	Run actions/checkout@v4	2026-02-03T17:25:04.5001222Z Updating files:  79% (840/1058)
end-workflow	Run actions/checkout@v4	2026-02-03T17:25:08.1105021Z Updating files:  79% (841/1058)
end-workflow	Run actions/checkout@v4	2026-02-03T17:25:13.4140588Z Updating files:  79% (843/1058)
end-workflow	Run actions/checkout@v4	2026-02-03T17:25:21.6925206Z Updating files:  79% (844/1058)
end-workflow	Run actions/checkout@v4	2026-02-03T17:25:30.1800132Z Updating files:  79% (845/1058)
end-workflow	Run actions/checkout@v4	2026-02-03T17:25:40.0301108Z Updating files:  79% (846/1058)
end-workflow	Run actions/checkout@v4	2026-02-03T17:25:41.8779176Z Updating files:  80% (847/1058)
end-workflow	Run actions/checkout@v4	2026-02-03T17:25:42.7958577Z Updating files:  80% (848/1058)
end-workflow	Run actions/checkout@v4	2026-02-03T17:25:44.1800337Z Updating files:  80% (849/1058)
end-workflow	Run actions/checkout@v4	2026-02-03T17:25:46.2737075Z Updating files:  80% (851/1058)
end-workflow	Run actions/checkout@v4	2026-02-03T17:25:46.7095141Z Updating files:  80% (852/1058)
end-workflow	Run actions/checkout@v4	2026-02-03T17:25:47.4230142Z Updating files:  80% (855/1058)
end-workflow	Run actions/checkout@v4	2026-02-03T17:25:48.3305340Z Updating files:  81% (857/1058)
end-workflow	Run actions/checkout@v4	2026-02-03T17:25:49.9293534Z Updating files:  81% (858/1058)
end-workflow	Run actions/checkout@v4	2026-02-03T17:25:51.2576959Z Updating files:  81% (861/1058)
end-workflow	Run actions/checkout@v4	2026-02-03T17:25:51.8177537Z Updating files:  81% (866/1058)
end-workflow	Run actions/checkout@v4	2026-02-03T17:25:52.3786201Z Updating files:  81% (867/1058)
end-workflow	Run actions/checkout@v4	2026-02-03T17:25:53.6638351Z Updating files:  82% (868/1058)
end-workflow	Run actions/checkout@v4	2026-02-03T17:25:54.3822498Z Updating files:  82% (870/1058)
end-workflow	Run actions/checkout@v4	2026-02-03T17:25:55.6670994Z Updating files:  82% (872/1058)
end-workflow	Run actions/checkout@v4	2026-02-03T17:25:56.6301340Z Updating files:  82% (875/1058)
end-workflow	Run actions/checkout@v4	2026-02-03T17:25:57.8889403Z Updating files:  82% (877/1058)
end-workflow	Run actions/checkout@v4	2026-02-03T17:25:58.5981979Z Updating files:  83% (879/1058)
end-workflow	Run actions/checkout@v4	2026-02-03T17:26:00.0356748Z Updating files:  83% (880/1058)
end-workflow	Run actions/checkout@v4	2026-02-03T17:26:01.0966957Z Updating files:  83% (881/1058)
end-workflow	Run actions/checkout@v4	2026-02-03T17:26:02.0164131Z Updating files:  83% (882/1058)
end-workflow	Run actions/checkout@v4	2026-02-03T17:26:02.6936975Z Updating files:  83% (883/1058)
end-workflow	Run actions/checkout@v4	2026-02-03T17:26:03.8836584Z Updating files:  83% (884/1058)
end-workflow	Run actions/checkout@v4	2026-02-03T17:26:05.0508379Z Updating files:  83% (885/1058)
end-workflow	Run actions/checkout@v4	2026-02-03T17:26:05.6086297Z Updating files:  83% (886/1058)
end-workflow	Run actions/checkout@v4	2026-02-03T17:26:06.5162748Z Updating files:  83% (887/1058)
end-workflow	Run actions/checkout@v4	2026-02-03T17:26:08.7496707Z Updating files:  84% (889/1058)
end-workflow	Run actions/checkout@v4	2026-02-03T17:26:11.5497512Z Updating files:  84% (890/1058)
end-workflow	Run actions/checkout@v4	2026-02-03T17:26:12.5365328Z Updating files:  84% (892/1058)
end-workflow	Run actions/checkout@v4	2026-02-03T17:26:13.6014292Z Updating files:  84% (894/1058)
end-workflow	Run actions/checkout@v4	2026-02-03T17:26:14.5275953Z Updating files:  84% (895/1058)
end-workflow	Run actions/checkout@v4	2026-02-03T17:26:15.6156783Z Updating files:  84% (896/1058)
end-workflow	Run actions/checkout@v4	2026-02-03T17:26:17.2226786Z Updating files:  84% (897/1058)
end-workflow	Run actions/checkout@v4	2026-02-03T17:26:18.0529999Z Updating files:  84% (899/1058)
end-workflow	Run actions/checkout@v4	2026-02-03T17:26:18.7603800Z Updating files:  85% (900/1058)
end-workflow	Run actions/checkout@v4	2026-02-03T17:26:19.7701212Z Updating files:  85% (902/1058)
end-workflow	Run actions/checkout@v4	2026-02-03T17:26:20.4861928Z Updating files:  85% (903/1058)
end-workflow	Run actions/checkout@v4	2026-02-03T17:26:22.5752613Z Updating files:  85% (904/1058)
end-workflow	Run actions/checkout@v4	2026-02-03T17:26:24.1971110Z Updating files:  85% (905/1058)
end-workflow	Run actions/checkout@v4	2026-02-03T17:26:25.0557351Z Updating files:  85% (906/1058)
end-workflow	Run actions/checkout@v4	2026-02-03T17:26:25.8881928Z Updating files:  85% (907/1058)
end-workflow	Run actions/checkout@v4	2026-02-03T17:26:26.9858534Z Updating files:  85% (908/1058)
end-workflow	Run actions/checkout@v4	2026-02-03T17:26:28.1023678Z Updating files:  85% (909/1058)
end-workflow	Run actions/checkout@v4	2026-02-03T17:26:29.6176557Z Updating files:  86% (910/1058)
end-workflow	Run actions/checkout@v4	2026-02-03T17:26:30.9467584Z Updating files:  86% (911/1058)
end-workflow	Run actions/checkout@v4	2026-02-03T17:26:31.9820589Z Updating files:  86% (912/1058)
end-workflow	Run actions/checkout@v4	2026-02-03T17:26:33.3418267Z Updating files:  86% (913/1058)
end-workflow	Run actions/checkout@v4	2026-02-03T17:26:35.5949279Z Updating files:  86% (914/1058)
end-workflow	Run actions/checkout@v4	2026-02-03T17:26:36.9801931Z Updating files:  86% (916/1058)
end-workflow	Run actions/checkout@v4	2026-02-03T17:26:39.1418655Z Updating files:  86% (917/1058)
end-workflow	Run actions/checkout@v4	2026-02-03T17:26:41.2249756Z Updating files:  86% (918/1058)
end-workflow	Run actions/checkout@v4	2026-02-03T17:26:41.9720604Z Updating files:  86% (919/1058)
end-workflow	Run actions/checkout@v4	2026-02-03T17:26:43.5500952Z Updating files:  86% (920/1058)
end-workflow	Run actions/checkout@v4	2026-02-03T17:26:44.5050947Z Updating files:  87% (921/1058)
end-workflow	Run actions/checkout@v4	2026-02-03T17:26:45.4190780Z Updating files:  87% (922/1058)
end-workflow	Run actions/checkout@v4	2026-02-03T17:26:47.0104349Z Updating files:  87% (923/1058)
end-workflow	Run actions/checkout@v4	2026-02-03T17:26:47.8453153Z Updating files:  87% (924/1058)
end-workflow	Run actions/checkout@v4	2026-02-03T17:26:48.8578141Z Updating files:  87% (925/1058)
end-workflow	Run actions/checkout@v4	2026-02-03T17:26:50.2659428Z Updating files:  87% (926/1058)
end-workflow	Run actions/checkout@v4	2026-02-03T17:26:52.5161136Z Updating files:  87% (927/1058)
end-workflow	Run actions/checkout@v4	2026-02-03T17:26:55.5167325Z Updating files:  87% (928/1058)
end-workflow	Run actions/checkout@v4	2026-02-03T17:26:57.4787867Z Updating files:  87% (929/1058)
end-workflow	Run actions/checkout@v4	2026-02-03T17:26:58.9127987Z Updating files:  87% (931/1058)
end-workflow	Run actions/checkout@v4	2026-02-03T17:27:00.7923866Z Updating files:  88% (932/1058)
end-workflow	Run actions/checkout@v4	2026-02-03T17:27:03.4717785Z Updating files:  88% (933/1058)
end-workflow	Run actions/checkout@v4	2026-02-03T17:27:05.1902131Z Updating files:  88% (934/1058)
end-workflow	Run actions/checkout@v4	2026-02-03T17:27:05.9810847Z Updating files:  88% (935/1058)
end-workflow	Run actions/checkout@v4	2026-02-03T17:27:06.7796034Z Updating files:  88% (936/1058)
end-workflow	Run actions/checkout@v4	2026-02-03T17:27:06.7834086Z Updating files:  88% (937/1058)
end-workflow	Run actions/checkout@v4	2026-02-03T17:27:06.7839999Z Updating files:  89% (942/1058)
end-workflow	Run actions/checkout@v4	2026-02-03T17:27:06.8182254Z Updating files:  90% (953/1058)
end-workflow	Run actions/checkout@v4	2026-02-03T17:27:06.8237996Z Updating files:  91% (963/1058)
end-workflow	Run actions/checkout@v4	2026-02-03T17:27:06.8425906Z Updating files:  92% (974/1058)
end-workflow	Run actions/checkout@v4	2026-02-03T17:27:08.9181631Z Updating files:  93% (984/1058)
end-workflow	Run actions/checkout@v4	2026-02-03T17:27:08.9220419Z Updating files:  94% (995/1058)
end-workflow	Run actions/checkout@v4	2026-02-03T17:27:08.9404422Z Updating files:  95% (1006/1058)
end-workflow	Run actions/checkout@v4	2026-02-03T17:27:08.9533163Z Updating files:  96% (1016/1058)
end-workflow	Run actions/checkout@v4	2026-02-03T17:27:08.9535174Z Updating files:  97% (1027/1058)
end-workflow	Run actions/checkout@v4	2026-02-03T17:27:09.0099092Z Updating files:  98% (1037/1058)
end-workflow	Run actions/checkout@v4	2026-02-03T17:27:09.0165399Z Updating files:  99% (1048/1058)
end-workflow	Run actions/checkout@v4	2026-02-03T17:27:09.0166031Z Updating files: 100% (1058/1058)
end-workflow	Run actions/checkout@v4	2026-02-03T17:27:09.0166511Z Updating files: 100% (1058/1058), done.
end-workflow	Run actions/checkout@v4	2026-02-03T17:27:12.0170479Z Switched to a new branch 'H2438-arreglo-de-despliegue-itop'
end-workflow	Run actions/checkout@v4	2026-02-03T17:27:12.0409845Z branch 'H2438-arreglo-de-despliegue-itop' set up to track 'origin/H2438-arreglo-de-despliegue-itop'.
end-workflow	Run actions/checkout@v4	2026-02-03T17:27:12.0952400Z ##[endgroup]
end-workflow	Run actions/checkout@v4	2026-02-03T17:27:12.1757280Z [command]/usr/bin/git log -1 --format=%H
end-workflow	Run actions/checkout@v4	2026-02-03T17:27:12.1789820Z 40feffd71e8bded7fd5f9408405a8932b4d88886
end-workflow	Run /./.github/actions/install-gh-cli	﻿2026-02-03T17:27:14.3791282Z Prepare all required actions
end-workflow	Run /./.github/actions/install-gh-cli	2026-02-03T17:27:16.7263415Z ##[group]Run ./.github/actions/install-gh-cli
end-workflow	Run /./.github/actions/install-gh-cli	2026-02-03T17:27:16.7264042Z env:
end-workflow	Run /./.github/actions/install-gh-cli	2026-02-03T17:27:16.7264406Z   KAOS_MODULE: [Ka0S] YAMLLINT
end-workflow	Run /./.github/actions/install-gh-cli	2026-02-03T17:27:16.7265398Z   GH_TOKEN: ***
end-workflow	Run /./.github/actions/install-gh-cli	2026-02-03T17:27:16.7265935Z   KAOS_YAMLLINT_CONFIG: core/config/kaos-yamllint-config.yaml
end-workflow	Run /./.github/actions/install-gh-cli	2026-02-03T17:27:16.7266721Z   KAOS_PRETTIER_CONFIG: compliance/yaml/.prettierrc.json
end-workflow	Run /./.github/actions/install-gh-cli	2026-02-03T17:27:16.7267367Z   KAOS_PATH_RESUME: audit/yamllint/
end-workflow	Run /./.github/actions/install-gh-cli	2026-02-03T17:27:16.7267905Z   KAOS_REPO: /actions-runner/_work/kaos/kaos
end-workflow	Run /./.github/actions/install-gh-cli	2026-02-03T17:27:16.7268443Z   KAOS_STEP_MODULE: 
end-workflow	Run /./.github/actions/install-gh-cli	2026-02-03T17:27:16.7268851Z   KAOS_CODE: 21634838214
end-workflow	Run /./.github/actions/install-gh-cli	2026-02-03T17:27:16.7269274Z   KAOS_REF_BRANCH: main
end-workflow	Run /./.github/actions/install-gh-cli	2026-02-03T17:27:16.7269686Z ##[endgroup]
end-workflow	Run /./.github/actions/install-gh-cli	2026-02-03T17:27:17.6545019Z ##[group]Run type -p curl >/dev/null || (sudo apt-get update && sudo apt-get install curl -y)
end-workflow	Run /./.github/actions/install-gh-cli	2026-02-03T17:27:17.6575942Z [36;1mtype -p curl >/dev/null || (sudo apt-get update && sudo apt-get install curl -y)[0m
end-workflow	Run /./.github/actions/install-gh-cli	2026-02-03T17:27:17.6577129Z [36;1mcurl -fsSL https://cli.github.com/packages/githubcli-archive-keyring.gpg | sudo dd of=/usr/share/keyrings/githubcli-archive-keyring.gpg \[0m
end-workflow	Run /./.github/actions/install-gh-cli	2026-02-03T17:27:17.6578501Z [36;1m&& sudo chmod go+r /usr/share/keyrings/githubcli-archive-keyring.gpg \[0m
end-workflow	Run /./.github/actions/install-gh-cli	2026-02-03T17:27:17.6579664Z [36;1m&& echo "deb [arch=$(dpkg --print-architecture) signed-by=/usr/share/keyrings/githubcli-archive-keyring.gpg] https://cli.github.com/packages stable main" | sudo tee /etc/apt/sources.list.d/github-cli.list > /dev/null \[0m
end-workflow	Run /./.github/actions/install-gh-cli	2026-02-03T17:27:17.6583381Z [36;1m&& sudo apt-get update \[0m
end-workflow	Run /./.github/actions/install-gh-cli	2026-02-03T17:27:17.6583691Z [36;1m&& sudo apt-get install gh -y[0m
end-workflow	Run /./.github/actions/install-gh-cli	2026-02-03T17:27:18.3474225Z shell: /usr/bin/bash --noprofile --norc -e -o pipefail {0}
end-workflow	Run /./.github/actions/install-gh-cli	2026-02-03T17:27:18.3474784Z env:
end-workflow	Run /./.github/actions/install-gh-cli	2026-02-03T17:27:18.3475028Z   KAOS_MODULE: [Ka0S] YAMLLINT
end-workflow	Run /./.github/actions/install-gh-cli	2026-02-03T17:27:18.3475585Z   GH_TOKEN: ***
end-workflow	Run /./.github/actions/install-gh-cli	2026-02-03T17:27:18.3475904Z   KAOS_YAMLLINT_CONFIG: core/config/kaos-yamllint-config.yaml
end-workflow	Run /./.github/actions/install-gh-cli	2026-02-03T17:27:18.3476380Z   KAOS_PRETTIER_CONFIG: compliance/yaml/.prettierrc.json
end-workflow	Run /./.github/actions/install-gh-cli	2026-02-03T17:27:18.3476799Z   KAOS_PATH_RESUME: audit/yamllint/
end-workflow	Run /./.github/actions/install-gh-cli	2026-02-03T17:27:18.3477145Z   KAOS_REPO: /actions-runner/_work/kaos/kaos
end-workflow	Run /./.github/actions/install-gh-cli	2026-02-03T17:27:18.3477478Z   KAOS_STEP_MODULE: 
end-workflow	Run /./.github/actions/install-gh-cli	2026-02-03T17:27:18.3477716Z   KAOS_CODE: 21634838214
end-workflow	Run /./.github/actions/install-gh-cli	2026-02-03T17:27:18.3477976Z   KAOS_REF_BRANCH: main
end-workflow	Run /./.github/actions/install-gh-cli	2026-02-03T17:27:18.3478232Z ##[endgroup]
end-workflow	Run /./.github/actions/install-gh-cli	2026-02-03T17:28:37.3122596Z 4+1 records in
end-workflow	Run /./.github/actions/install-gh-cli	2026-02-03T17:28:37.3196179Z 4+1 records out
end-workflow	Run /./.github/actions/install-gh-cli	2026-02-03T17:28:37.3196486Z 2270 bytes (2.3 kB, 2.2 KiB) copied, 6.7541e-05 s, 33.6 MB/s
end-workflow	Run /./.github/actions/install-gh-cli	2026-02-03T17:29:07.8280275Z Get:1 http://security.ubuntu.com/ubuntu noble-security InRelease [126 kB]
end-workflow	Run /./.github/actions/install-gh-cli	2026-02-03T17:29:07.9316775Z Get:2 https://cli.github.com/packages stable InRelease [3917 B]
end-workflow	Run /./.github/actions/install-gh-cli	2026-02-03T17:29:07.9993639Z Get:3 http://archive.ubuntu.com/ubuntu noble InRelease [256 kB]
end-workflow	Run /./.github/actions/install-gh-cli	2026-02-03T17:29:08.0559584Z Get:4 https://ppa.launchpadcontent.net/git-core/ppa/ubuntu noble InRelease [24.3 kB]
end-workflow	Run /./.github/actions/install-gh-cli	2026-02-03T17:29:08.7908864Z Get:5 http://archive.ubuntu.com/ubuntu noble-updates InRelease [126 kB]
end-workflow	Run /./.github/actions/install-gh-cli	2026-02-03T17:29:08.7944450Z Get:6 https://cli.github.com/packages stable/main amd64 Packages [356 B]
end-workflow	Run /./.github/actions/install-gh-cli	2026-02-03T17:29:08.9700410Z Get:7 http://archive.ubuntu.com/ubuntu noble-backports InRelease [126 kB]
end-workflow	Run /./.github/actions/install-gh-cli	2026-02-03T17:29:09.5945967Z Get:8 http://security.ubuntu.com/ubuntu noble-security/universe amd64 Packages [1199 kB]
end-workflow	Run /./.github/actions/install-gh-cli	2026-02-03T17:29:09.9521207Z Get:9 http://security.ubuntu.com/ubuntu noble-security/restricted amd64 Packages [3008 kB]
end-workflow	Run /./.github/actions/install-gh-cli	2026-02-03T17:29:10.2551730Z Get:10 http://security.ubuntu.com/ubuntu noble-security/multiverse amd64 Packages [34.8 kB]
end-workflow	Run /./.github/actions/install-gh-cli	2026-02-03T17:29:10.2552485Z Get:11 http://security.ubuntu.com/ubuntu noble-security/main amd64 Packages [1777 kB]
end-workflow	Run /./.github/actions/install-gh-cli	2026-02-03T17:29:12.4577267Z Get:12 https://ppa.launchpadcontent.net/git-core/ppa/ubuntu noble/main amd64 Packages [2994 B]
end-workflow	Run /./.github/actions/install-gh-cli	2026-02-03T17:30:04.2766825Z Get:13 http://archive.ubuntu.com/ubuntu noble/universe amd64 Packages [19.3 MB]
end-workflow	Run /./.github/actions/install-gh-cli	2026-02-03T17:30:05.6247767Z Get:14 http://archive.ubuntu.com/ubuntu noble/restricted amd64 Packages [117 kB]
end-workflow	Run /./.github/actions/install-gh-cli	2026-02-03T17:30:05.6586264Z Get:15 http://archive.ubuntu.com/ubuntu noble/multiverse amd64 Packages [331 kB]
end-workflow	Run /./.github/actions/install-gh-cli	2026-02-03T17:30:05.7085878Z Get:16 http://archive.ubuntu.com/ubuntu noble/main amd64 Packages [1808 kB]
end-workflow	Run /./.github/actions/install-gh-cli	2026-02-03T17:30:22.8199948Z Get:17 http://archive.ubuntu.com/ubuntu noble-updates/multiverse amd64 Packages [38.1 kB]
end-workflow	Run /./.github/actions/install-gh-cli	2026-02-03T17:30:23.3383005Z Get:18 http://archive.ubuntu.com/ubuntu noble-updates/main amd64 Packages [2178 kB]
end-workflow	Run /./.github/actions/install-gh-cli	2026-02-03T17:30:24.6049277Z Get:19 http://archive.ubuntu.com/ubuntu noble-updates/restricted amd64 Packages [3233 kB]
end-workflow	Run /./.github/actions/install-gh-cli	2026-02-03T17:30:25.3367389Z Get:20 http://archive.ubuntu.com/ubuntu noble-updates/universe amd64 Packages [1978 kB]
end-workflow	Run /./.github/actions/install-gh-cli	2026-02-03T17:30:29.8327731Z Get:21 http://archive.ubuntu.com/ubuntu noble-backports/universe amd64 Packages [34.6 kB]
end-workflow	Run /./.github/actions/install-gh-cli	2026-02-03T17:30:30.0042838Z Get:22 http://archive.ubuntu.com/ubuntu noble-backports/main amd64 Packages [49.5 kB]
end-workflow	Run /./.github/actions/install-gh-cli	2026-02-03T17:30:40.3079575Z Fetched 35.8 MB in 1min 25s (419 kB/s)
end-workflow	Run /./.github/actions/install-gh-cli	2026-02-03T17:30:50.9474003Z Reading package lists...
end-workflow	Run /./.github/actions/install-gh-cli	2026-02-03T17:30:58.2230162Z Reading package lists...
end-workflow	Run /./.github/actions/install-gh-cli	2026-02-03T17:30:59.7858103Z Building dependency tree...
end-workflow	Run /./.github/actions/install-gh-cli	2026-02-03T17:30:59.7870710Z Reading state information...
end-workflow	Run /./.github/actions/install-gh-cli	2026-02-03T17:31:08.6000943Z The following NEW packages will be installed:
end-workflow	Run /./.github/actions/install-gh-cli	2026-02-03T17:31:08.6275610Z   gh
end-workflow	Run /./.github/actions/install-gh-cli	2026-02-03T17:31:09.8600982Z 0 upgraded, 1 newly installed, 0 to remove and 17 not upgraded.
end-workflow	Run /./.github/actions/install-gh-cli	2026-02-03T17:31:09.8601434Z Need to get 13.7 MB of archives.
end-workflow	Run /./.github/actions/install-gh-cli	2026-02-03T17:31:09.8601807Z After this operation, 37.9 MB of additional disk space will be used.
end-workflow	Run /./.github/actions/install-gh-cli	2026-02-03T17:31:09.8602360Z Get:1 https://cli.github.com/packages stable/main amd64 gh amd64 2.86.0 [13.7 MB]
end-workflow	Run /./.github/actions/install-gh-cli	2026-02-03T17:31:15.2554302Z debconf: delaying package configuration, since apt-utils is not installed
end-workflow	Run /./.github/actions/install-gh-cli	2026-02-03T17:31:17.3698090Z Fetched 13.7 MB in 4s (3808 kB/s)
end-workflow	Run /./.github/actions/install-gh-cli	2026-02-03T17:31:19.0411518Z Selecting previously unselected package gh.
end-workflow	Run /./.github/actions/install-gh-cli	2026-02-03T17:31:19.0456498Z (Reading database ... 
end-workflow	Run /./.github/actions/install-gh-cli	2026-02-03T17:31:19.0458567Z (Reading database ... 5%
end-workflow	Run /./.github/actions/install-gh-cli	2026-02-03T17:31:19.0458922Z (Reading database ... 10%
end-workflow	Run /./.github/actions/install-gh-cli	2026-02-03T17:31:19.0461013Z (Reading database ... 15%
end-workflow	Run /./.github/actions/install-gh-cli	2026-02-03T17:31:19.0469116Z (Reading database ... 20%
end-workflow	Run /./.github/actions/install-gh-cli	2026-02-03T17:31:19.0469403Z (Reading database ... 25%
end-workflow	Run /./.github/actions/install-gh-cli	2026-02-03T17:31:19.0469638Z (Reading database ... 30%
end-workflow	Run /./.github/actions/install-gh-cli	2026-02-03T17:31:19.0469874Z (Reading database ... 35%
end-workflow	Run /./.github/actions/install-gh-cli	2026-02-03T17:31:19.0484019Z (Reading database ... 40%
end-workflow	Run /./.github/actions/install-gh-cli	2026-02-03T17:31:19.0490782Z (Reading database ... 45%
end-workflow	Run /./.github/actions/install-gh-cli	2026-02-03T17:31:19.0491076Z (Reading database ... 50%
end-workflow	Run /./.github/actions/install-gh-cli	2026-02-03T17:31:19.0492357Z (Reading database ... 55%
end-workflow	Run /./.github/actions/install-gh-cli	2026-02-03T17:31:19.0492603Z (Reading database ... 60%
end-workflow	Run /./.github/actions/install-gh-cli	2026-02-03T17:31:19.0492846Z (Reading database ... 65%
end-workflow	Run /./.github/actions/install-gh-cli	2026-02-03T17:31:19.0522291Z (Reading database ... 70%
end-workflow	Run /./.github/actions/install-gh-cli	2026-02-03T17:31:19.0525257Z (Reading database ... 75%
end-workflow	Run /./.github/actions/install-gh-cli	2026-02-03T17:31:19.0548140Z (Reading database ... 80%
end-workflow	Run /./.github/actions/install-gh-cli	2026-02-03T17:31:19.0567457Z (Reading database ... 85%
end-workflow	Run /./.github/actions/install-gh-cli	2026-02-03T17:31:19.0577966Z (Reading database ... 90%
end-workflow	Run /./.github/actions/install-gh-cli	2026-02-03T17:31:19.0609187Z (Reading database ... 95%
end-workflow	Run /./.github/actions/install-gh-cli	2026-02-03T17:31:19.0619904Z (Reading database ... 100%
end-workflow	Run /./.github/actions/install-gh-cli	2026-02-03T17:31:19.0630574Z (Reading database ... 14385 files and directories currently installed.)
end-workflow	Run /./.github/actions/install-gh-cli	2026-02-03T17:31:19.0631125Z Preparing to unpack .../archives/gh_2.86.0_amd64.deb ...
end-workflow	Run /./.github/actions/install-gh-cli	2026-02-03T17:31:19.0965513Z Unpacking gh (2.86.0) ...
end-workflow	Run /./.github/actions/install-gh-cli	2026-02-03T17:31:23.1738620Z Setting up gh (2.86.0) ...
end-workflow	End Workflow	﻿2026-02-03T17:31:25.2814721Z ##[group]Run RNNUMBER=$(echo "refs/heads/H2438-arreglo-de-despliegue-itop" | grep -o '[0-9]*')
end-workflow	End Workflow	2026-02-03T17:31:25.2815780Z [36;1mRNNUMBER=$(echo "refs/heads/H2438-arreglo-de-despliegue-itop" | grep -o '[0-9]*')[0m
end-workflow	End Workflow	2026-02-03T17:31:25.2816623Z [36;1mgh workflow run inspector.yml --ref 'main' -f kaos-issue-id=$RNNUMBER -f kaos-workflow-id="21634838214" -f kaos-user-start=""[0m
end-workflow	End Workflow	2026-02-03T17:31:25.2830275Z shell: /usr/bin/bash -e {0}
end-workflow	End Workflow	2026-02-03T17:31:25.2830574Z env:
end-workflow	End Workflow	2026-02-03T17:31:25.2830780Z   KAOS_MODULE: [Ka0S] YAMLLINT
end-workflow	End Workflow	2026-02-03T17:31:25.2831290Z   GH_TOKEN: ***
end-workflow	End Workflow	2026-02-03T17:31:25.2831592Z   KAOS_YAMLLINT_CONFIG: core/config/kaos-yamllint-config.yaml
end-workflow	End Workflow	2026-02-03T17:31:25.2832021Z   KAOS_PRETTIER_CONFIG: compliance/yaml/.prettierrc.json
end-workflow	End Workflow	2026-02-03T17:31:25.2832375Z   KAOS_PATH_RESUME: audit/yamllint/
end-workflow	End Workflow	2026-02-03T17:31:25.2832693Z   KAOS_REPO: /actions-runner/_work/kaos/kaos
end-workflow	End Workflow	2026-02-03T17:31:25.2832985Z   KAOS_STEP_MODULE: 
end-workflow	End Workflow	2026-02-03T17:31:25.2833206Z   KAOS_CODE: 21634838214
end-workflow	End Workflow	2026-02-03T17:31:25.2833474Z   KAOS_REF_BRANCH: main
end-workflow	End Workflow	2026-02-03T17:31:25.2833699Z ##[endgroup]
end-workflow	Post Run actions/checkout@v4	﻿2026-02-03T17:31:30.1720181Z Post job cleanup.
end-workflow	Post Run actions/checkout@v4	2026-02-03T17:31:34.9945665Z [command]/usr/bin/git version
end-workflow	Post Run actions/checkout@v4	2026-02-03T17:31:35.2678951Z git version 2.52.0
end-workflow	Post Run actions/checkout@v4	2026-02-03T17:31:35.4456425Z Temporarily overriding HOME='/home/runner/_work/_temp/5e05de19-cc3c-4dc8-a3ee-f43bd967be5d' before making global git config changes
end-workflow	Post Run actions/checkout@v4	2026-02-03T17:31:35.4463988Z Adding repository directory to the temporary git global config as a safe directory
end-workflow	Post Run actions/checkout@v4	2026-02-03T17:31:35.4518949Z [command]/usr/bin/git config --global --add safe.directory /home/runner/_work/ka0s/ka0s
end-workflow	Post Run actions/checkout@v4	2026-02-03T17:31:35.5933162Z [command]/usr/bin/git config --local --name-only --get-regexp core\.sshCommand
end-workflow	Post Run actions/checkout@v4	2026-02-03T17:31:35.8723221Z [command]/usr/bin/git submodule foreach --recursive sh -c "git config --local --name-only --get-regexp 'core\.sshCommand' && git config --local --unset-all 'core.sshCommand' || :"
end-workflow	Post Run actions/checkout@v4	2026-02-03T17:31:37.5914184Z [command]/usr/bin/git config --local --name-only --get-regexp http\.https\:\/\/github\.com\/\.extraheader
end-workflow	Post Run actions/checkout@v4	2026-02-03T17:31:37.6752806Z http.https://github.com/.extraheader
end-workflow	Post Run actions/checkout@v4	2026-02-03T17:31:37.7906032Z [command]/usr/bin/git config --local --unset-all http.https://github.com/.extraheader
end-workflow	Post Run actions/checkout@v4	2026-02-03T17:31:37.8447786Z [command]/usr/bin/git submodule foreach --recursive sh -c "git config --local --name-only --get-regexp 'http\.https\:\/\/github\.com\/\.extraheader' && git config --local --unset-all 'http.https://github.com/.extraheader' || :"
end-workflow	Post Run actions/checkout@v4	2026-02-03T17:31:39.2656433Z [command]/usr/bin/git config --local --name-only --get-regexp ^includeIf\.gitdir:
end-workflow	Post Run actions/checkout@v4	2026-02-03T17:31:39.2725397Z [command]/usr/bin/git submodule foreach --recursive git config --local --show-origin --name-only --get-regexp remote.origin.url
end-workflow	Complete job	﻿2026-02-03T17:31:40.4962316Z Cleaning up orphan processes
