job-core	UNKNOWN STEP	﻿2026-02-03T15:11:23.8407120Z Current runner version: '2.331.0'
job-core	UNKNOWN STEP	2026-02-03T15:11:23.9131266Z Runner name: 'swarm-runners-scaleset-hkss5-runner-v9vlp'
job-core	UNKNOWN STEP	2026-02-03T15:11:23.9535391Z Runner group name: 'Default'
job-core	UNKNOWN STEP	2026-02-03T15:11:23.9536974Z Machine name: 'swarm-runners-scaleset-hkss5-runner-v9vlp'
job-core	UNKNOWN STEP	2026-02-03T15:11:24.1128766Z ##[group]GITHUB_TOKEN Permissions
job-core	UNKNOWN STEP	2026-02-03T15:11:24.1131894Z Actions: write
job-core	UNKNOWN STEP	2026-02-03T15:11:24.1132417Z Contents: write
job-core	UNKNOWN STEP	2026-02-03T15:11:24.1132901Z Issues: write
job-core	UNKNOWN STEP	2026-02-03T15:11:24.1133383Z Metadata: read
job-core	UNKNOWN STEP	2026-02-03T15:11:24.1133894Z PullRequests: write
job-core	UNKNOWN STEP	2026-02-03T15:11:24.1134424Z ##[endgroup]
job-core	UNKNOWN STEP	2026-02-03T15:11:24.1136999Z Secret source: Actions
job-core	UNKNOWN STEP	2026-02-03T15:11:24.1138024Z Prepare workflow directory
job-core	UNKNOWN STEP	2026-02-03T15:11:32.1810446Z Prepare all required actions
job-core	UNKNOWN STEP	2026-02-03T15:11:32.3149526Z Getting action download info
job-core	UNKNOWN STEP	2026-02-03T15:11:37.9834783Z Download action repository 'actions/checkout@v4' (SHA:34e114876b0b11c390a56381ad16ebd13914f8d5)
job-core	UNKNOWN STEP	2026-02-03T15:11:53.9678554Z Download action repository 'actions/setup-node@v4' (SHA:49933ea5288caeca8642d1e84afbd3f7d6820020)
job-core	UNKNOWN STEP	2026-02-03T15:12:35.7714758Z Complete job name: job-core
job-core	UNKNOWN STEP	2026-02-03T15:12:38.0852472Z ##[group]Run actions/checkout@v4
job-core	UNKNOWN STEP	2026-02-03T15:12:38.0853288Z with:
job-core	UNKNOWN STEP	2026-02-03T15:12:38.0853552Z   fetch-depth: 0
job-core	UNKNOWN STEP	2026-02-03T15:12:38.0853825Z   repository: Ka0s-Klaus/ka0s
job-core	UNKNOWN STEP	2026-02-03T15:12:38.0854417Z   token: ***
job-core	UNKNOWN STEP	2026-02-03T15:12:38.1390942Z   ssh-strict: true
job-core	UNKNOWN STEP	2026-02-03T15:12:38.1391300Z   ssh-user: git
job-core	UNKNOWN STEP	2026-02-03T15:12:38.1391578Z   persist-credentials: true
job-core	UNKNOWN STEP	2026-02-03T15:12:38.1391884Z   clean: true
job-core	UNKNOWN STEP	2026-02-03T15:12:38.1392191Z   sparse-checkout-cone-mode: true
job-core	UNKNOWN STEP	2026-02-03T15:12:38.1392527Z   fetch-tags: false
job-core	UNKNOWN STEP	2026-02-03T15:12:38.1392823Z   show-progress: true
job-core	UNKNOWN STEP	2026-02-03T15:12:38.1393093Z   lfs: false
job-core	UNKNOWN STEP	2026-02-03T15:12:38.1393368Z   submodules: false
job-core	UNKNOWN STEP	2026-02-03T15:12:38.1393702Z   set-safe-directory: true
job-core	UNKNOWN STEP	2026-02-03T15:12:38.1394877Z env:
job-core	UNKNOWN STEP	2026-02-03T15:12:38.1395148Z   KAOS_MODULE: [Ka0S] JSON COMPLIANCE
job-core	UNKNOWN STEP	2026-02-03T15:12:38.1395854Z   GH_TOKEN: ***
job-core	UNKNOWN STEP	2026-02-03T15:12:38.1396230Z   KAOS_PRETTIER_CONFIG: compliance/json/.prettierrc.json
job-core	UNKNOWN STEP	2026-02-03T15:12:38.1396691Z   KAOS_PATH_RESUME: audit/jsonlint/
job-core	UNKNOWN STEP	2026-02-03T15:12:38.1397063Z   KAOS_REPO: /actions-runner/_work/kaos/kaos
job-core	UNKNOWN STEP	2026-02-03T15:12:38.1446083Z   KAOS_STEP_MODULE: 
job-core	UNKNOWN STEP	2026-02-03T15:12:38.1446590Z   KAOS_CODE: 21635087419
job-core	UNKNOWN STEP	2026-02-03T15:12:38.1446889Z   KAOS_REF_BRANCH: main
job-core	UNKNOWN STEP	2026-02-03T15:12:38.1447226Z ##[endgroup]
job-core	UNKNOWN STEP	2026-02-03T15:12:46.3509054Z Syncing repository: Ka0s-Klaus/ka0s
job-core	UNKNOWN STEP	2026-02-03T15:12:46.3510803Z ##[group]Getting Git version info
job-core	UNKNOWN STEP	2026-02-03T15:12:46.3511230Z Working directory is '/home/runner/_work/ka0s/ka0s'
job-core	UNKNOWN STEP	2026-02-03T15:12:46.3511944Z [command]/usr/bin/git version
job-core	UNKNOWN STEP	2026-02-03T15:12:51.1467618Z git version 2.52.0
job-core	UNKNOWN STEP	2026-02-03T15:12:53.1744464Z ##[endgroup]
job-core	UNKNOWN STEP	2026-02-03T15:12:53.2725344Z Temporarily overriding HOME='/home/runner/_work/_temp/dae96f74-0c17-4cbe-8b7b-554f9a188337' before making global git config changes
job-core	UNKNOWN STEP	2026-02-03T15:12:53.2726315Z Adding repository directory to the temporary git global config as a safe directory
job-core	UNKNOWN STEP	2026-02-03T15:12:53.3027751Z [command]/usr/bin/git config --global --add safe.directory /home/runner/_work/ka0s/ka0s
job-core	UNKNOWN STEP	2026-02-03T15:12:58.7401777Z Deleting the contents of '/home/runner/_work/ka0s/ka0s'
job-core	UNKNOWN STEP	2026-02-03T15:12:58.7787225Z ##[group]Initializing the repository
job-core	UNKNOWN STEP	2026-02-03T15:12:59.2096616Z [command]/usr/bin/git init /home/runner/_work/ka0s/ka0s
job-core	UNKNOWN STEP	2026-02-03T15:13:05.9430143Z hint: Using 'master' as the name for the initial branch. This default branch name
job-core	UNKNOWN STEP	2026-02-03T15:13:05.9430788Z hint: will change to "main" in Git 3.0. To configure the initial branch name
job-core	UNKNOWN STEP	2026-02-03T15:13:05.9431370Z hint: to use in all of your new repositories, which will suppress this warning,
job-core	UNKNOWN STEP	2026-02-03T15:13:05.9431834Z hint: call:
job-core	UNKNOWN STEP	2026-02-03T15:13:05.9432035Z hint:
job-core	UNKNOWN STEP	2026-02-03T15:13:05.9432337Z hint: 	git config --global init.defaultBranch <name>
job-core	UNKNOWN STEP	2026-02-03T15:13:05.9432678Z hint:
job-core	UNKNOWN STEP	2026-02-03T15:13:05.9433007Z hint: Names commonly chosen instead of 'master' are 'main', 'trunk' and
job-core	UNKNOWN STEP	2026-02-03T15:13:05.9433600Z hint: 'development'. The just-created branch can be renamed via this command:
job-core	UNKNOWN STEP	2026-02-03T15:13:05.9434762Z hint:
job-core	UNKNOWN STEP	2026-02-03T15:13:05.9435029Z hint: 	git branch -m <name>
job-core	UNKNOWN STEP	2026-02-03T15:13:05.9435288Z hint:
job-core	UNKNOWN STEP	2026-02-03T15:13:06.0409684Z hint: Disable this message with "git config set advice.defaultBranchName false"
job-core	UNKNOWN STEP	2026-02-03T15:13:06.0410352Z Initialized empty Git repository in /home/runner/_work/ka0s/ka0s/.git/
job-core	UNKNOWN STEP	2026-02-03T15:13:06.5986104Z [command]/usr/bin/git remote add origin https://github.com/Ka0s-Klaus/ka0s
job-core	UNKNOWN STEP	2026-02-03T15:13:10.2881592Z ##[endgroup]
job-core	UNKNOWN STEP	2026-02-03T15:13:10.2926792Z ##[group]Disabling automatic garbage collection
job-core	UNKNOWN STEP	2026-02-03T15:13:10.2959833Z [command]/usr/bin/git config --local gc.auto 0
job-core	UNKNOWN STEP	2026-02-03T15:13:13.0023376Z ##[endgroup]
job-core	UNKNOWN STEP	2026-02-03T15:13:13.0024522Z ##[group]Setting up auth
job-core	UNKNOWN STEP	2026-02-03T15:13:13.0129837Z [command]/usr/bin/git config --local --name-only --get-regexp core\.sshCommand
job-core	UNKNOWN STEP	2026-02-03T15:13:15.8185763Z [command]/usr/bin/git submodule foreach --recursive sh -c "git config --local --name-only --get-regexp 'core\.sshCommand' && git config --local --unset-all 'core.sshCommand' || :"
job-core	UNKNOWN STEP	2026-02-03T15:13:49.0586468Z [command]/usr/bin/git config --local --name-only --get-regexp http\.https\:\/\/github\.com\/\.extraheader
job-core	UNKNOWN STEP	2026-02-03T15:13:50.8416317Z [command]/usr/bin/git submodule foreach --recursive sh -c "git config --local --name-only --get-regexp 'http\.https\:\/\/github\.com\/\.extraheader' && git config --local --unset-all 'http.https://github.com/.extraheader' || :"
job-core	UNKNOWN STEP	2026-02-03T15:14:25.5128816Z [command]/usr/bin/git config --local --name-only --get-regexp ^includeIf\.gitdir:
job-core	UNKNOWN STEP	2026-02-03T15:14:26.5580839Z [command]/usr/bin/git submodule foreach --recursive git config --local --show-origin --name-only --get-regexp remote.origin.url
job-core	UNKNOWN STEP	2026-02-03T15:15:00.0987135Z [command]/usr/bin/git config --local http.https://github.com/.extraheader AUTHORIZATION: basic ***
job-core	UNKNOWN STEP	2026-02-03T15:15:03.8350278Z ##[endgroup]
job-core	UNKNOWN STEP	2026-02-03T15:15:03.8384739Z ##[group]Fetching the repository
job-core	UNKNOWN STEP	2026-02-03T15:15:03.8656862Z [command]/usr/bin/git -c protocol.version=2 fetch --prune --no-recurse-submodules origin +refs/heads/*:refs/remotes/origin/* +refs/tags/*:refs/tags/*
job-core	UNKNOWN STEP	2026-02-03T15:29:23.0891796Z From https://github.com/Ka0s-Klaus/ka0s
job-core	UNKNOWN STEP	2026-02-03T15:29:23.0916989Z  * [new branch]          F1149-desarrollo-de-orchestrator -> origin/F1149-desarrollo-de-orchestrator
job-core	UNKNOWN STEP	2026-02-03T15:29:23.0955585Z  * [new branch]          F1183-personalización-módulo-finops -> origin/F1183-personalización-módulo-finops
job-core	UNKNOWN STEP	2026-02-03T15:29:23.1025864Z  * [new branch]          F1224-new-module-mongodb -> origin/F1224-new-module-mongodb
job-core	UNKNOWN STEP	2026-02-03T15:29:23.1026950Z  * [new branch]          F220-web-de-resultados  -> origin/F220-web-de-resultados
job-core	UNKNOWN STEP	2026-02-03T15:29:23.1029679Z  * [new branch]          F227-despliegue-de-kube-independiente-del-clouder -> origin/F227-despliegue-de-kube-independiente-del-clouder
job-core	UNKNOWN STEP	2026-02-03T15:29:23.1030633Z  * [new branch]          F2438-arreglo-de-despliegue-itop -> origin/F2438-arreglo-de-despliegue-itop
job-core	UNKNOWN STEP	2026-02-03T15:29:23.1031561Z  * [new branch]          F2927-test-launch-workflows-from-itop-services -> origin/F2927-test-launch-workflows-from-itop-services
job-core	UNKNOWN STEP	2026-02-03T15:29:23.1032574Z  * [new branch]          F329-documentacion-metodologia-de-kaos -> origin/F329-documentacion-metodologia-de-kaos
job-core	UNKNOWN STEP	2026-02-03T15:29:23.1033377Z  * [new branch]          H-nueva-prueba-para-verificar -> origin/H-nueva-prueba-para-verificar
job-core	UNKNOWN STEP	2026-02-03T15:29:23.1034210Z  * [new branch]          H-pruebas-de-creacion-de-ramas-en-github -> origin/H-pruebas-de-creacion-de-ramas-en-github
job-core	UNKNOWN STEP	2026-02-03T15:29:23.1035038Z  * [new branch]          H-segunda-comprobacion  -> origin/H-segunda-comprobacion
job-core	UNKNOWN STEP	2026-02-03T15:29:23.1035816Z  * [new branch]          H-test-de-creacion-de-ramas-desde-planka -> origin/H-test-de-creacion-de-ramas-desde-planka
job-core	UNKNOWN STEP	2026-02-03T15:29:23.1036659Z  * [new branch]          H1139-como-instalar-arc-control -> origin/H1139-como-instalar-arc-control
job-core	UNKNOWN STEP	2026-02-03T15:29:23.1037392Z  * [new branch]          H1149-desarrollo-de-orchestrator -> origin/H1149-desarrollo-de-orchestrator
job-core	UNKNOWN STEP	2026-02-03T15:29:23.1986806Z  * [new branch]          H1150-desarrollo-de-secciones -> origin/H1150-desarrollo-de-secciones
job-core	UNKNOWN STEP	2026-02-03T15:29:23.1987587Z  * [new branch]          H1151-desarrollo-de-secciones-ii -> origin/H1151-desarrollo-de-secciones-ii
job-core	UNKNOWN STEP	2026-02-03T15:29:23.1988264Z  * [new branch]          H1152-desarrollo-inicio -> origin/H1152-desarrollo-inicio
job-core	UNKNOWN STEP	2026-02-03T15:29:23.2252240Z  * [new branch]          H1193-ejemplo-web-documentacion -> origin/H1193-ejemplo-web-documentacion
job-core	UNKNOWN STEP	2026-02-03T15:29:23.2252968Z  * [new branch]          H1205-web-creation      -> origin/H1205-web-creation
job-core	UNKNOWN STEP	2026-02-03T15:29:23.2253533Z  * [new branch]          H1224-new-module-mongodb -> origin/H1224-new-module-mongodb
job-core	UNKNOWN STEP	2026-02-03T15:29:23.2254155Z  * [new branch]          H1276-modulo-observabilidad -> origin/H1276-modulo-observabilidad
job-core	UNKNOWN STEP	2026-02-03T15:29:23.2254830Z  * [new branch]          H1410-modulo-execution  -> origin/H1410-modulo-execution
job-core	UNKNOWN STEP	2026-02-03T15:29:23.5556171Z  * [new branch]          H1514-new-swarm-deployment-stack-with-actions-runners-autoscale -> origin/H1514-new-swarm-deployment-stack-with-actions-runners-autoscale
job-core	UNKNOWN STEP	2026-02-03T15:29:23.5558329Z  * [new branch]          H1968-modulo-personalización-del-portal-de-kaos-core -> origin/H1968-modulo-personalización-del-portal-de-kaos-core
job-core	UNKNOWN STEP	2026-02-03T15:29:23.5612688Z  * [new branch]          H215-modulo-de-summary  -> origin/H215-modulo-de-summary
job-core	UNKNOWN STEP	2026-02-03T15:29:23.5613411Z  * [new branch]          H220-web-de-resultados  -> origin/H220-web-de-resultados
job-core	UNKNOWN STEP	2026-02-03T15:29:23.5614294Z  * [new branch]          H227-despliegue-de-kube-independiente-del-clouder -> origin/H227-despliegue-de-kube-independiente-del-clouder
job-core	UNKNOWN STEP	2026-02-03T15:29:23.5615354Z  * [new branch]          H2438-arreglo-de-despliegue-itop -> origin/H2438-arreglo-de-despliegue-itop
job-core	UNKNOWN STEP	2026-02-03T15:29:23.5616320Z  * [new branch]          H2443-nuevo-modulo-de-pruebas-sobre-kubernetes -> origin/H2443-nuevo-modulo-de-pruebas-sobre-kubernetes
job-core	UNKNOWN STEP	2026-02-03T15:29:23.5617216Z  * [new branch]          H2559-modulo-de-conexion-ssh -> origin/H2559-modulo-de-conexion-ssh
job-core	UNKNOWN STEP	2026-02-03T15:29:23.5617886Z  * [new branch]          H2934-modulo-backstage  -> origin/H2934-modulo-backstage
job-core	UNKNOWN STEP	2026-02-03T15:29:23.5618421Z  * [new branch]          H2935-modulo-zabbix     -> origin/H2935-modulo-zabbix
job-core	UNKNOWN STEP	2026-02-03T15:29:23.5619033Z  * [new branch]          H2999-modulo-trello-personal -> origin/H2999-modulo-trello-personal
job-core	UNKNOWN STEP	2026-02-03T15:29:23.5619991Z  * [new branch]          H3003-despliegue-n8n    -> origin/H3003-despliegue-n8n
job-core	UNKNOWN STEP	2026-02-03T15:29:23.5620520Z  * [new branch]          H3010-test-ana          -> origin/H3010-test-ana
job-core	UNKNOWN STEP	2026-02-03T15:29:23.5621026Z  * [new branch]          H3013-test-jesus        -> origin/H3013-test-jesus
job-core	UNKNOWN STEP	2026-02-03T15:29:23.5621803Z  * [new branch]          H3038-test-ci-cd-kubernetes-automated-system -> origin/H3038-test-ci-cd-kubernetes-automated-system
job-core	UNKNOWN STEP	2026-02-03T15:29:23.5622682Z  * [new branch]          H306-ficheros-de-estadisticas -> origin/H306-ficheros-de-estadisticas
job-core	UNKNOWN STEP	2026-02-03T15:29:23.5623568Z  * [new branch]          H328-documentacion-modulo-principal-de-kaos -> origin/H328-documentacion-modulo-principal-de-kaos
job-core	UNKNOWN STEP	2026-02-03T15:29:23.5814225Z  * [new branch]          H329-documentacion-metodologia-de-kaos -> origin/H329-documentacion-metodologia-de-kaos
job-core	UNKNOWN STEP	2026-02-03T15:29:23.5815704Z  * [new branch]          H338-relanzador-de-jobs-en-caso-de-pattern -> origin/H338-relanzador-de-jobs-en-caso-de-pattern
job-core	UNKNOWN STEP	2026-02-03T15:29:23.5816672Z  * [new branch]          H38-documentacion-basica-del-proyecto -> origin/H38-documentacion-basica-del-proyecto
job-core	UNKNOWN STEP	2026-02-03T15:29:23.5817510Z  * [new branch]          RN1149-desarrollo-de-orchestrator -> origin/RN1149-desarrollo-de-orchestrator
job-core	UNKNOWN STEP	2026-02-03T15:29:23.5818603Z  * [new branch]          RN1183-personalización-módulo-finops -> origin/RN1183-personalización-módulo-finops
job-core	UNKNOWN STEP	2026-02-03T15:29:23.5819709Z  * [new branch]          RN1282-ka0s-error-detected-in-ka0s-workflow-statistics-summary -> origin/RN1282-ka0s-error-detected-in-ka0s-workflow-statistics-summary
job-core	UNKNOWN STEP	2026-02-03T15:29:24.6721310Z  * [new branch]          RN220-web-de-resultados -> origin/RN220-web-de-resultados
job-core	UNKNOWN STEP	2026-02-03T15:29:24.6722207Z  * [new branch]          RN227-despliegue-de-kube-independiente-del-clouder -> origin/RN227-despliegue-de-kube-independiente-del-clouder
job-core	UNKNOWN STEP	2026-02-03T15:29:24.6723189Z  * [new branch]          RN2438-arreglo-de-despliegue-itop -> origin/RN2438-arreglo-de-despliegue-itop
job-core	UNKNOWN STEP	2026-02-03T15:29:24.6724079Z  * [new branch]          RN329-documentacion-metodologia-de-kaos -> origin/RN329-documentacion-metodologia-de-kaos
job-core	UNKNOWN STEP	2026-02-03T15:29:24.6724859Z  * [new branch]          main                    -> origin/main
job-core	UNKNOWN STEP	2026-02-03T15:29:24.6725301Z  * [new branch]          planka                  -> origin/planka
job-core	UNKNOWN STEP	2026-02-03T15:29:24.6725833Z  * [new branch]          test/ci-cd-verification -> origin/test/ci-cd-verification
job-core	UNKNOWN STEP	2026-02-03T15:29:24.6726338Z  * [new tag]             0.0.0                   -> 0.0.0
job-core	UNKNOWN STEP	2026-02-03T15:29:24.6726717Z  * [new tag]             0.0.1                   -> 0.0.1
job-core	UNKNOWN STEP	2026-02-03T15:29:24.6727122Z  * [new tag]             0.0.10                  -> 0.0.10
job-core	UNKNOWN STEP	2026-02-03T15:29:24.6727812Z  * [new tag]             0.0.100                 -> 0.0.100
job-core	UNKNOWN STEP	2026-02-03T15:29:24.6728224Z  * [new tag]             0.0.101                 -> 0.0.101
job-core	UNKNOWN STEP	2026-02-03T15:29:24.6728599Z  * [new tag]             0.0.102                 -> 0.0.102
job-core	UNKNOWN STEP	2026-02-03T15:29:24.6837283Z  * [new tag]             0.0.103                 -> 0.0.103
job-core	UNKNOWN STEP	2026-02-03T15:29:24.6837982Z  * [new tag]             0.0.104                 -> 0.0.104
job-core	UNKNOWN STEP	2026-02-03T15:29:24.6838363Z  * [new tag]             0.0.105                 -> 0.0.105
job-core	UNKNOWN STEP	2026-02-03T15:29:24.6838734Z  * [new tag]             0.0.106                 -> 0.0.106
job-core	UNKNOWN STEP	2026-02-03T15:29:24.6839102Z  * [new tag]             0.0.107                 -> 0.0.107
job-core	UNKNOWN STEP	2026-02-03T15:29:24.6839458Z  * [new tag]             0.0.108                 -> 0.0.108
job-core	UNKNOWN STEP	2026-02-03T15:29:24.6839820Z  * [new tag]             0.0.109                 -> 0.0.109
job-core	UNKNOWN STEP	2026-02-03T15:29:24.6840185Z  * [new tag]             0.0.11                  -> 0.0.11
job-core	UNKNOWN STEP	2026-02-03T15:29:24.6840597Z  * [new tag]             0.0.110                 -> 0.0.110
job-core	UNKNOWN STEP	2026-02-03T15:29:24.6840960Z  * [new tag]             0.0.111                 -> 0.0.111
job-core	UNKNOWN STEP	2026-02-03T15:29:24.6841337Z  * [new tag]             0.0.112                 -> 0.0.112
job-core	UNKNOWN STEP	2026-02-03T15:29:24.6841704Z  * [new tag]             0.0.113                 -> 0.0.113
job-core	UNKNOWN STEP	2026-02-03T15:29:24.6842074Z  * [new tag]             0.0.114                 -> 0.0.114
job-core	UNKNOWN STEP	2026-02-03T15:29:24.6842435Z  * [new tag]             0.0.115                 -> 0.0.115
job-core	UNKNOWN STEP	2026-02-03T15:29:24.6842802Z  * [new tag]             0.0.116                 -> 0.0.116
job-core	UNKNOWN STEP	2026-02-03T15:29:24.6843169Z  * [new tag]             0.0.117                 -> 0.0.117
job-core	UNKNOWN STEP	2026-02-03T15:29:24.6843540Z  * [new tag]             0.0.118                 -> 0.0.118
job-core	UNKNOWN STEP	2026-02-03T15:29:24.6843911Z  * [new tag]             0.0.119                 -> 0.0.119
job-core	UNKNOWN STEP	2026-02-03T15:29:24.6844274Z  * [new tag]             0.0.12                  -> 0.0.12
job-core	UNKNOWN STEP	2026-02-03T15:29:24.7614062Z  * [new tag]             0.0.120                 -> 0.0.120
job-core	UNKNOWN STEP	2026-02-03T15:29:24.7614793Z  * [new tag]             0.0.121                 -> 0.0.121
job-core	UNKNOWN STEP	2026-02-03T15:29:24.7615168Z  * [new tag]             0.0.122                 -> 0.0.122
job-core	UNKNOWN STEP	2026-02-03T15:29:24.7615536Z  * [new tag]             0.0.123                 -> 0.0.123
job-core	UNKNOWN STEP	2026-02-03T15:29:24.7615893Z  * [new tag]             0.0.124                 -> 0.0.124
job-core	UNKNOWN STEP	2026-02-03T15:29:24.7616255Z  * [new tag]             0.0.125                 -> 0.0.125
job-core	UNKNOWN STEP	2026-02-03T15:29:24.7616621Z  * [new tag]             0.0.126                 -> 0.0.126
job-core	UNKNOWN STEP	2026-02-03T15:29:24.7616988Z  * [new tag]             0.0.127                 -> 0.0.127
job-core	UNKNOWN STEP	2026-02-03T15:29:24.7617346Z  * [new tag]             0.0.128                 -> 0.0.128
job-core	UNKNOWN STEP	2026-02-03T15:29:24.7617713Z  * [new tag]             0.0.129                 -> 0.0.129
job-core	UNKNOWN STEP	2026-02-03T15:29:24.7618086Z  * [new tag]             0.0.13                  -> 0.0.13
job-core	UNKNOWN STEP	2026-02-03T15:29:24.7618460Z  * [new tag]             0.0.130                 -> 0.0.130
job-core	UNKNOWN STEP	2026-02-03T15:29:25.0098581Z  * [new tag]             0.0.131                 -> 0.0.131
job-core	UNKNOWN STEP	2026-02-03T15:29:25.0098955Z  * [new tag]             0.0.132                 -> 0.0.132
job-core	UNKNOWN STEP	2026-02-03T15:29:25.0099348Z  * [new tag]             0.0.133                 -> 0.0.133
job-core	UNKNOWN STEP	2026-02-03T15:29:25.0099859Z  * [new tag]             0.0.134                 -> 0.0.134
job-core	UNKNOWN STEP	2026-02-03T15:29:25.0100222Z  * [new tag]             0.0.135                 -> 0.0.135
job-core	UNKNOWN STEP	2026-02-03T15:29:25.0100580Z  * [new tag]             0.0.136                 -> 0.0.136
job-core	UNKNOWN STEP	2026-02-03T15:29:25.0100943Z  * [new tag]             0.0.137                 -> 0.0.137
job-core	UNKNOWN STEP	2026-02-03T15:29:25.0101306Z  * [new tag]             0.0.138                 -> 0.0.138
job-core	UNKNOWN STEP	2026-02-03T15:29:25.0442464Z  * [new tag]             0.0.139                 -> 0.0.139
job-core	UNKNOWN STEP	2026-02-03T15:29:25.0443117Z  * [new tag]             0.0.14                  -> 0.0.14
job-core	UNKNOWN STEP	2026-02-03T15:29:25.0443486Z  * [new tag]             0.0.140                 -> 0.0.140
job-core	UNKNOWN STEP	2026-02-03T15:29:25.0443912Z  * [new tag]             0.0.141                 -> 0.0.141
job-core	UNKNOWN STEP	2026-02-03T15:29:25.0444719Z  * [new tag]             0.0.142                 -> 0.0.142
job-core	UNKNOWN STEP	2026-02-03T15:29:25.1378192Z  * [new tag]             0.0.143                 -> 0.0.143
job-core	UNKNOWN STEP	2026-02-03T15:29:25.1378604Z  * [new tag]             0.0.144                 -> 0.0.144
job-core	UNKNOWN STEP	2026-02-03T15:29:25.1378968Z  * [new tag]             0.0.145                 -> 0.0.145
job-core	UNKNOWN STEP	2026-02-03T15:29:25.1379349Z  * [new tag]             0.0.146                 -> 0.0.146
job-core	UNKNOWN STEP	2026-02-03T15:29:25.1379713Z  * [new tag]             0.0.147                 -> 0.0.147
job-core	UNKNOWN STEP	2026-02-03T15:29:25.1380077Z  * [new tag]             0.0.148                 -> 0.0.148
job-core	UNKNOWN STEP	2026-02-03T15:29:25.1380430Z  * [new tag]             0.0.149                 -> 0.0.149
job-core	UNKNOWN STEP	2026-02-03T15:29:25.1381216Z  * [new tag]             0.0.15                  -> 0.0.15
job-core	UNKNOWN STEP	2026-02-03T15:29:25.1381592Z  * [new tag]             0.0.150                 -> 0.0.150
job-core	UNKNOWN STEP	2026-02-03T15:29:25.1381953Z  * [new tag]             0.0.151                 -> 0.0.151
job-core	UNKNOWN STEP	2026-02-03T15:29:25.1382355Z  * [new tag]             0.0.152                 -> 0.0.152
job-core	UNKNOWN STEP	2026-02-03T15:29:25.1382716Z  * [new tag]             0.0.153                 -> 0.0.153
job-core	UNKNOWN STEP	2026-02-03T15:29:25.1383083Z  * [new tag]             0.0.154                 -> 0.0.154
job-core	UNKNOWN STEP	2026-02-03T15:29:25.1383456Z  * [new tag]             0.0.155                 -> 0.0.155
job-core	UNKNOWN STEP	2026-02-03T15:29:25.1383824Z  * [new tag]             0.0.156                 -> 0.0.156
job-core	UNKNOWN STEP	2026-02-03T15:29:25.1384180Z  * [new tag]             0.0.157                 -> 0.0.157
job-core	UNKNOWN STEP	2026-02-03T15:29:25.1395359Z  * [new tag]             0.0.158                 -> 0.0.158
job-core	UNKNOWN STEP	2026-02-03T15:29:25.1395985Z  * [new tag]             0.0.159                 -> 0.0.159
job-core	UNKNOWN STEP	2026-02-03T15:29:25.1396360Z  * [new tag]             0.0.16                  -> 0.0.16
job-core	UNKNOWN STEP	2026-02-03T15:29:25.1396722Z  * [new tag]             0.0.160                 -> 0.0.160
job-core	UNKNOWN STEP	2026-02-03T15:29:25.1397089Z  * [new tag]             0.0.161                 -> 0.0.161
job-core	UNKNOWN STEP	2026-02-03T15:29:25.1397469Z  * [new tag]             0.0.162                 -> 0.0.162
job-core	UNKNOWN STEP	2026-02-03T15:29:25.1397847Z  * [new tag]             0.0.163                 -> 0.0.163
job-core	UNKNOWN STEP	2026-02-03T15:29:25.1398211Z  * [new tag]             0.0.164                 -> 0.0.164
job-core	UNKNOWN STEP	2026-02-03T15:29:25.1398572Z  * [new tag]             0.0.165                 -> 0.0.165
job-core	UNKNOWN STEP	2026-02-03T15:29:25.1398941Z  * [new tag]             0.0.166                 -> 0.0.166
job-core	UNKNOWN STEP	2026-02-03T15:29:25.1399305Z  * [new tag]             0.0.167                 -> 0.0.167
job-core	UNKNOWN STEP	2026-02-03T15:29:25.1399670Z  * [new tag]             0.0.168                 -> 0.0.168
job-core	UNKNOWN STEP	2026-02-03T15:29:25.1400026Z  * [new tag]             0.0.169                 -> 0.0.169
job-core	UNKNOWN STEP	2026-02-03T15:29:25.1400386Z  * [new tag]             0.0.17                  -> 0.0.17
job-core	UNKNOWN STEP	2026-02-03T15:29:25.1400755Z  * [new tag]             0.0.170                 -> 0.0.170
job-core	UNKNOWN STEP	2026-02-03T15:29:25.1401129Z  * [new tag]             0.0.171                 -> 0.0.171
job-core	UNKNOWN STEP	2026-02-03T15:29:25.1401489Z  * [new tag]             0.0.172                 -> 0.0.172
job-core	UNKNOWN STEP	2026-02-03T15:29:25.2068379Z  * [new tag]             0.0.173                 -> 0.0.173
job-core	UNKNOWN STEP	2026-02-03T15:29:25.2068765Z  * [new tag]             0.0.174                 -> 0.0.174
job-core	UNKNOWN STEP	2026-02-03T15:29:25.2069133Z  * [new tag]             0.0.175                 -> 0.0.175
job-core	UNKNOWN STEP	2026-02-03T15:29:25.2069503Z  * [new tag]             0.0.176                 -> 0.0.176
job-core	UNKNOWN STEP	2026-02-03T15:29:25.2069865Z  * [new tag]             0.0.177                 -> 0.0.177
job-core	UNKNOWN STEP	2026-02-03T15:29:25.2070232Z  * [new tag]             0.0.178                 -> 0.0.178
job-core	UNKNOWN STEP	2026-02-03T15:29:25.2070632Z  * [new tag]             0.0.179                 -> 0.0.179
job-core	UNKNOWN STEP	2026-02-03T15:29:25.2070999Z  * [new tag]             0.0.18                  -> 0.0.18
job-core	UNKNOWN STEP	2026-02-03T15:29:25.2071361Z  * [new tag]             0.0.19                  -> 0.0.19
job-core	UNKNOWN STEP	2026-02-03T15:29:25.2071724Z  * [new tag]             0.0.2                   -> 0.0.2
job-core	UNKNOWN STEP	2026-02-03T15:29:25.2072083Z  * [new tag]             0.0.20                  -> 0.0.20
job-core	UNKNOWN STEP	2026-02-03T15:29:25.2072453Z  * [new tag]             0.0.21                  -> 0.0.21
job-core	UNKNOWN STEP	2026-02-03T15:29:25.2244004Z  * [new tag]             0.0.22                  -> 0.0.22
job-core	UNKNOWN STEP	2026-02-03T15:29:25.2244804Z  * [new tag]             0.0.23                  -> 0.0.23
job-core	UNKNOWN STEP	2026-02-03T15:29:25.2581415Z  * [new tag]             0.0.24                  -> 0.0.24
job-core	UNKNOWN STEP	2026-02-03T15:29:25.2581822Z  * [new tag]             0.0.25                  -> 0.0.25
job-core	UNKNOWN STEP	2026-02-03T15:29:25.2582199Z  * [new tag]             0.0.26                  -> 0.0.26
job-core	UNKNOWN STEP	2026-02-03T15:29:25.2582561Z  * [new tag]             0.0.27                  -> 0.0.27
job-core	UNKNOWN STEP	2026-02-03T15:29:25.2582921Z  * [new tag]             0.0.28                  -> 0.0.28
job-core	UNKNOWN STEP	2026-02-03T15:29:25.2583290Z  * [new tag]             0.0.29                  -> 0.0.29
job-core	UNKNOWN STEP	2026-02-03T15:29:25.2583656Z  * [new tag]             0.0.3                   -> 0.0.3
job-core	UNKNOWN STEP	2026-02-03T15:29:25.2584032Z  * [new tag]             0.0.30                  -> 0.0.30
job-core	UNKNOWN STEP	2026-02-03T15:29:25.2584397Z  * [new tag]             0.0.31                  -> 0.0.31
job-core	UNKNOWN STEP	2026-02-03T15:29:25.2584890Z  * [new tag]             0.0.32                  -> 0.0.32
job-core	UNKNOWN STEP	2026-02-03T15:29:25.2585265Z  * [new tag]             0.0.33                  -> 0.0.33
job-core	UNKNOWN STEP	2026-02-03T15:29:25.2585638Z  * [new tag]             0.0.34                  -> 0.0.34
job-core	UNKNOWN STEP	2026-02-03T15:29:25.2586005Z  * [new tag]             0.0.35                  -> 0.0.35
job-core	UNKNOWN STEP	2026-02-03T15:29:25.2586368Z  * [new tag]             0.0.36                  -> 0.0.36
job-core	UNKNOWN STEP	2026-02-03T15:29:25.2586728Z  * [new tag]             0.0.37                  -> 0.0.37
job-core	UNKNOWN STEP	2026-02-03T15:29:25.2587090Z  * [new tag]             0.0.38                  -> 0.0.38
job-core	UNKNOWN STEP	2026-02-03T15:29:25.2587451Z  * [new tag]             0.0.39                  -> 0.0.39
job-core	UNKNOWN STEP	2026-02-03T15:29:25.2587821Z  * [new tag]             0.0.4                   -> 0.0.4
job-core	UNKNOWN STEP	2026-02-03T15:29:25.2588180Z  * [new tag]             0.0.40                  -> 0.0.40
job-core	UNKNOWN STEP	2026-02-03T15:29:25.2588543Z  * [new tag]             0.0.41                  -> 0.0.41
job-core	UNKNOWN STEP	2026-02-03T15:29:25.2588910Z  * [new tag]             0.0.42                  -> 0.0.42
job-core	UNKNOWN STEP	2026-02-03T15:29:25.2589294Z  * [new tag]             0.0.43                  -> 0.0.43
job-core	UNKNOWN STEP	2026-02-03T15:29:25.2589652Z  * [new tag]             0.0.44                  -> 0.0.44
job-core	UNKNOWN STEP	2026-02-03T15:29:25.2590021Z  * [new tag]             0.0.45                  -> 0.0.45
job-core	UNKNOWN STEP	2026-02-03T15:29:25.2590391Z  * [new tag]             0.0.46                  -> 0.0.46
job-core	UNKNOWN STEP	2026-02-03T15:29:25.2590771Z  * [new tag]             0.0.47                  -> 0.0.47
job-core	UNKNOWN STEP	2026-02-03T15:29:25.2591147Z  * [new tag]             0.0.48                  -> 0.0.48
job-core	UNKNOWN STEP	2026-02-03T15:29:25.2591507Z  * [new tag]             0.0.49                  -> 0.0.49
job-core	UNKNOWN STEP	2026-02-03T15:29:25.2591880Z  * [new tag]             0.0.5                   -> 0.0.5
job-core	UNKNOWN STEP	2026-02-03T15:29:25.2592245Z  * [new tag]             0.0.50                  -> 0.0.50
job-core	UNKNOWN STEP	2026-02-03T15:29:25.2592613Z  * [new tag]             0.0.51                  -> 0.0.51
job-core	UNKNOWN STEP	2026-02-03T15:29:25.2592974Z  * [new tag]             0.0.52                  -> 0.0.52
job-core	UNKNOWN STEP	2026-02-03T15:29:25.3936246Z  * [new tag]             0.0.53                  -> 0.0.53
job-core	UNKNOWN STEP	2026-02-03T15:29:25.3936675Z  * [new tag]             0.0.54                  -> 0.0.54
job-core	UNKNOWN STEP	2026-02-03T15:29:25.3937064Z  * [new tag]             0.0.55                  -> 0.0.55
job-core	UNKNOWN STEP	2026-02-03T15:29:25.3937435Z  * [new tag]             0.0.56                  -> 0.0.56
job-core	UNKNOWN STEP	2026-02-03T15:29:25.3937790Z  * [new tag]             0.0.57                  -> 0.0.57
job-core	UNKNOWN STEP	2026-02-03T15:29:25.3938161Z  * [new tag]             0.0.58                  -> 0.0.58
job-core	UNKNOWN STEP	2026-02-03T15:29:25.3938531Z  * [new tag]             0.0.59                  -> 0.0.59
job-core	UNKNOWN STEP	2026-02-03T15:29:25.3938897Z  * [new tag]             0.0.6                   -> 0.0.6
job-core	UNKNOWN STEP	2026-02-03T15:29:25.3939272Z  * [new tag]             0.0.60                  -> 0.0.60
job-core	UNKNOWN STEP	2026-02-03T15:29:25.3939643Z  * [new tag]             0.0.61                  -> 0.0.61
job-core	UNKNOWN STEP	2026-02-03T15:29:25.3940008Z  * [new tag]             0.0.62                  -> 0.0.62
job-core	UNKNOWN STEP	2026-02-03T15:29:25.3940380Z  * [new tag]             0.0.63                  -> 0.0.63
job-core	UNKNOWN STEP	2026-02-03T15:29:25.3941004Z  * [new tag]             0.0.64                  -> 0.0.64
job-core	UNKNOWN STEP	2026-02-03T15:29:25.3941394Z  * [new tag]             0.0.65                  -> 0.0.65
job-core	UNKNOWN STEP	2026-02-03T15:29:25.3941763Z  * [new tag]             0.0.66                  -> 0.0.66
job-core	UNKNOWN STEP	2026-02-03T15:29:25.3942127Z  * [new tag]             0.0.67                  -> 0.0.67
job-core	UNKNOWN STEP	2026-02-03T15:29:25.3942488Z  * [new tag]             0.0.68                  -> 0.0.68
job-core	UNKNOWN STEP	2026-02-03T15:29:25.3942845Z  * [new tag]             0.0.69                  -> 0.0.69
job-core	UNKNOWN STEP	2026-02-03T15:29:25.3943212Z  * [new tag]             0.0.7                   -> 0.0.7
job-core	UNKNOWN STEP	2026-02-03T15:29:25.3943579Z  * [new tag]             0.0.70                  -> 0.0.70
job-core	UNKNOWN STEP	2026-02-03T15:29:25.3943944Z  * [new tag]             0.0.71                  -> 0.0.71
job-core	UNKNOWN STEP	2026-02-03T15:29:25.3944306Z  * [new tag]             0.0.72                  -> 0.0.72
job-core	UNKNOWN STEP	2026-02-03T15:29:25.3944777Z  * [new tag]             0.0.73                  -> 0.0.73
job-core	UNKNOWN STEP	2026-02-03T15:29:25.3945151Z  * [new tag]             0.0.74                  -> 0.0.74
job-core	UNKNOWN STEP	2026-02-03T15:29:25.3945520Z  * [new tag]             0.0.75                  -> 0.0.75
job-core	UNKNOWN STEP	2026-02-03T15:29:25.3945883Z  * [new tag]             0.0.76                  -> 0.0.76
job-core	UNKNOWN STEP	2026-02-03T15:29:25.3946250Z  * [new tag]             0.0.77                  -> 0.0.77
job-core	UNKNOWN STEP	2026-02-03T15:29:25.3946632Z  * [new tag]             0.0.78                  -> 0.0.78
job-core	UNKNOWN STEP	2026-02-03T15:29:25.3947006Z  * [new tag]             0.0.79                  -> 0.0.79
job-core	UNKNOWN STEP	2026-02-03T15:29:25.3947396Z  * [new tag]             0.0.8                   -> 0.0.8
job-core	UNKNOWN STEP	2026-02-03T15:29:25.3947787Z  * [new tag]             0.0.80                  -> 0.0.80
job-core	UNKNOWN STEP	2026-02-03T15:29:25.3948157Z  * [new tag]             0.0.81                  -> 0.0.81
job-core	UNKNOWN STEP	2026-02-03T15:29:25.3948530Z  * [new tag]             0.0.82                  -> 0.0.82
job-core	UNKNOWN STEP	2026-02-03T15:29:25.3948907Z  * [new tag]             0.0.83                  -> 0.0.83
job-core	UNKNOWN STEP	2026-02-03T15:29:25.3949285Z  * [new tag]             0.0.84                  -> 0.0.84
job-core	UNKNOWN STEP	2026-02-03T15:29:25.3949685Z  * [new tag]             0.0.85                  -> 0.0.85
job-core	UNKNOWN STEP	2026-02-03T15:29:25.3950080Z  * [new tag]             0.0.86                  -> 0.0.86
job-core	UNKNOWN STEP	2026-02-03T15:29:25.3950472Z  * [new tag]             0.0.87                  -> 0.0.87
job-core	UNKNOWN STEP	2026-02-03T15:29:25.3950881Z  * [new tag]             0.0.88                  -> 0.0.88
job-core	UNKNOWN STEP	2026-02-03T15:29:25.3951288Z  * [new tag]             0.0.89                  -> 0.0.89
job-core	UNKNOWN STEP	2026-02-03T15:29:25.3951681Z  * [new tag]             0.0.9                   -> 0.0.9
job-core	UNKNOWN STEP	2026-02-03T15:29:25.3952072Z  * [new tag]             0.0.90                  -> 0.0.90
job-core	UNKNOWN STEP	2026-02-03T15:29:25.4124839Z  * [new tag]             0.0.91                  -> 0.0.91
job-core	UNKNOWN STEP	2026-02-03T15:29:25.4125577Z  * [new tag]             0.0.92                  -> 0.0.92
job-core	UNKNOWN STEP	2026-02-03T15:29:25.4125984Z  * [new tag]             0.0.93                  -> 0.0.93
job-core	UNKNOWN STEP	2026-02-03T15:29:25.4126347Z  * [new tag]             0.0.94                  -> 0.0.94
job-core	UNKNOWN STEP	2026-02-03T15:29:25.4126709Z  * [new tag]             0.0.95                  -> 0.0.95
job-core	UNKNOWN STEP	2026-02-03T15:29:25.4127444Z  * [new tag]             0.0.96                  -> 0.0.96
job-core	UNKNOWN STEP	2026-02-03T15:29:25.4127815Z  * [new tag]             0.0.97                  -> 0.0.97
job-core	UNKNOWN STEP	2026-02-03T15:29:25.4128186Z  * [new tag]             0.0.98                  -> 0.0.98
job-core	UNKNOWN STEP	2026-02-03T15:29:25.4247766Z  * [new tag]             0.0.99                  -> 0.0.99
job-core	UNKNOWN STEP	2026-02-03T15:29:25.4620715Z  * [new tag]             0.1.0                   -> 0.1.0
job-core	UNKNOWN STEP	2026-02-03T15:29:25.4621257Z  * [new tag]             0.1.1                   -> 0.1.1
job-core	UNKNOWN STEP	2026-02-03T15:29:25.4621633Z  * [new tag]             0.2.0                   -> 0.2.0
job-core	UNKNOWN STEP	2026-02-03T15:29:25.4621995Z  * [new tag]             0.3.0                   -> 0.3.0
job-core	UNKNOWN STEP	2026-02-03T15:29:25.4622354Z  * [new tag]             0.3.1                   -> 0.3.1
job-core	UNKNOWN STEP	2026-02-03T15:29:25.4622711Z  * [new tag]             0.3.10                  -> 0.3.10
job-core	UNKNOWN STEP	2026-02-03T15:29:25.4623069Z  * [new tag]             0.3.11                  -> 0.3.11
job-core	UNKNOWN STEP	2026-02-03T15:29:25.4623450Z  * [new tag]             0.3.12                  -> 0.3.12
job-core	UNKNOWN STEP	2026-02-03T15:29:25.8457269Z  * [new tag]             0.3.13                  -> 0.3.13
job-core	UNKNOWN STEP	2026-02-03T15:29:25.8458361Z  * [new tag]             0.3.14                  -> 0.3.14
job-core	UNKNOWN STEP	2026-02-03T15:29:25.8458938Z  * [new tag]             0.3.15                  -> 0.3.15
job-core	UNKNOWN STEP	2026-02-03T15:29:25.8459421Z  * [new tag]             0.3.16                  -> 0.3.16
job-core	UNKNOWN STEP	2026-02-03T15:29:25.8459788Z  * [new tag]             0.3.17                  -> 0.3.17
job-core	UNKNOWN STEP	2026-02-03T15:29:25.8461089Z  * [new tag]             0.3.2                   -> 0.3.2
job-core	UNKNOWN STEP	2026-02-03T15:29:25.8461490Z  * [new tag]             0.3.3                   -> 0.3.3
job-core	UNKNOWN STEP	2026-02-03T15:29:25.8461971Z  * [new tag]             0.3.4                   -> 0.3.4
job-core	UNKNOWN STEP	2026-02-03T15:29:25.8462326Z  * [new tag]             0.3.5                   -> 0.3.5
job-core	UNKNOWN STEP	2026-02-03T15:29:25.8462871Z  * [new tag]             0.3.6                   -> 0.3.6
job-core	UNKNOWN STEP	2026-02-03T15:29:25.8463405Z  * [new tag]             0.3.7                   -> 0.3.7
job-core	UNKNOWN STEP	2026-02-03T15:29:25.8463793Z  * [new tag]             0.3.8                   -> 0.3.8
job-core	UNKNOWN STEP	2026-02-03T15:29:25.8464287Z  * [new tag]             0.3.9                   -> 0.3.9
job-core	UNKNOWN STEP	2026-02-03T15:29:25.8464711Z  * [new tag]             0.4.0                   -> 0.4.0
job-core	UNKNOWN STEP	2026-02-03T15:29:25.8465330Z  * [new tag]             0.4.1                   -> 0.4.1
job-core	UNKNOWN STEP	2026-02-03T15:29:25.8465822Z  * [new tag]             0.4.2                   -> 0.4.2
job-core	UNKNOWN STEP	2026-02-03T15:29:25.8466185Z  * [new tag]             0.4.3                   -> 0.4.3
job-core	UNKNOWN STEP	2026-02-03T15:29:25.8499043Z  * [new tag]             0.4.4                   -> 0.4.4
job-core	UNKNOWN STEP	2026-02-03T15:29:25.8499448Z  * [new tag]             0.4.5                   -> 0.4.5
job-core	UNKNOWN STEP	2026-02-03T15:29:25.8499815Z  * [new tag]             0.4.6                   -> 0.4.6
job-core	UNKNOWN STEP	2026-02-03T15:29:25.8500168Z  * [new tag]             0.4.7                   -> 0.4.7
job-core	UNKNOWN STEP	2026-02-03T15:29:25.8500527Z  * [new tag]             0.4.8                   -> 0.4.8
job-core	UNKNOWN STEP	2026-02-03T15:29:25.8500889Z  * [new tag]             0.4.9                   -> 0.4.9
job-core	UNKNOWN STEP	2026-02-03T15:29:25.8501291Z  * [new tag]             0.5.0                   -> 0.5.0
job-core	UNKNOWN STEP	2026-02-03T15:29:25.8501641Z  * [new tag]             0.5.1                   -> 0.5.1
job-core	UNKNOWN STEP	2026-02-03T15:29:25.8502007Z  * [new tag]             0.5.2                   -> 0.5.2
job-core	UNKNOWN STEP	2026-02-03T15:29:25.8645197Z  * [new tag]             0.6.0                   -> 0.6.0
job-core	UNKNOWN STEP	2026-02-03T15:29:25.8645958Z  * [new tag]             0.6.1                   -> 0.6.1
job-core	UNKNOWN STEP	2026-02-03T15:29:25.8646328Z  * [new tag]             0.6.2                   -> 0.6.2
job-core	UNKNOWN STEP	2026-02-03T15:29:28.6231243Z [command]/usr/bin/git branch --list --remote origin/H2438-arreglo-de-despliegue-itop
job-core	UNKNOWN STEP	2026-02-03T15:29:29.3767801Z   origin/H2438-arreglo-de-despliegue-itop
job-core	UNKNOWN STEP	2026-02-03T15:29:29.4222802Z [command]/usr/bin/git rev-parse refs/remotes/origin/H2438-arreglo-de-despliegue-itop
job-core	UNKNOWN STEP	2026-02-03T15:29:29.6112538Z 3bf6001b62a379774e600130fe674ea8b38c9ac1
job-core	UNKNOWN STEP	2026-02-03T15:29:30.0342355Z [command]/usr/bin/git -c protocol.version=2 fetch --no-tags --prune --no-recurse-submodules origin +201eb217b9293eb98c1fc4722011ce80940d5545:refs/remotes/origin/H2438-arreglo-de-despliegue-itop
job-core	UNKNOWN STEP	2026-02-03T15:29:30.9705851Z From https://github.com/Ka0s-Klaus/ka0s
job-core	UNKNOWN STEP	2026-02-03T15:29:30.9726131Z  + 3bf6001b6...201eb217b 201eb217b9293eb98c1fc4722011ce80940d5545 -> origin/H2438-arreglo-de-despliegue-itop  (forced update)
job-core	UNKNOWN STEP	2026-02-03T15:29:31.3413611Z ##[endgroup]
job-core	UNKNOWN STEP	2026-02-03T15:29:31.3415625Z ##[group]Determining the checkout info
job-core	UNKNOWN STEP	2026-02-03T15:29:31.3702667Z ##[endgroup]
job-core	UNKNOWN STEP	2026-02-03T15:29:31.5945856Z [command]/usr/bin/git sparse-checkout disable
job-core	UNKNOWN STEP	2026-02-03T15:29:31.7867260Z [command]/usr/bin/git config --local --unset-all extensions.worktreeConfig
job-core	UNKNOWN STEP	2026-02-03T15:29:32.9134213Z ##[group]Checking out the ref
job-core	UNKNOWN STEP	2026-02-03T15:29:33.0489136Z [command]/usr/bin/git checkout --progress --force -B H2438-arreglo-de-despliegue-itop refs/remotes/origin/H2438-arreglo-de-despliegue-itop
job-core	UNKNOWN STEP	2026-02-03T15:29:39.6676401Z Updating files:  10% (117/1067)
job-core	UNKNOWN STEP	2026-02-03T15:29:40.2635431Z Updating files:  11% (118/1067)
job-core	UNKNOWN STEP	2026-02-03T15:29:40.3026702Z Updating files:  11% (127/1067)
job-core	UNKNOWN STEP	2026-02-03T15:29:40.8202519Z Updating files:  12% (129/1067)
job-core	UNKNOWN STEP	2026-02-03T15:29:40.8203321Z Updating files:  13% (139/1067)
job-core	UNKNOWN STEP	2026-02-03T15:29:40.8786423Z Updating files:  14% (150/1067)
job-core	UNKNOWN STEP	2026-02-03T15:29:41.1926326Z Updating files:  15% (161/1067)
job-core	UNKNOWN STEP	2026-02-03T15:29:41.8516697Z Updating files:  16% (171/1067)
job-core	UNKNOWN STEP	2026-02-03T15:29:41.9725803Z Updating files:  16% (173/1067)
job-core	UNKNOWN STEP	2026-02-03T15:29:41.9762270Z Updating files:  17% (182/1067)
job-core	UNKNOWN STEP	2026-02-03T15:29:41.9915913Z Updating files:  18% (193/1067)
job-core	UNKNOWN STEP	2026-02-03T15:29:42.0426125Z Updating files:  19% (203/1067)
job-core	UNKNOWN STEP	2026-02-03T15:29:42.0455220Z Updating files:  20% (214/1067)
job-core	UNKNOWN STEP	2026-02-03T15:29:42.0650847Z Updating files:  21% (225/1067)
job-core	UNKNOWN STEP	2026-02-03T15:29:42.1985469Z Updating files:  22% (235/1067)
job-core	UNKNOWN STEP	2026-02-03T15:29:42.2669463Z Updating files:  23% (246/1067)
job-core	UNKNOWN STEP	2026-02-03T15:29:42.4398479Z Updating files:  23% (256/1067)
job-core	UNKNOWN STEP	2026-02-03T15:29:42.4406122Z Updating files:  24% (257/1067)
job-core	UNKNOWN STEP	2026-02-03T15:29:43.3661744Z Updating files:  25% (267/1067)
job-core	UNKNOWN STEP	2026-02-03T15:29:43.7556481Z Updating files:  25% (274/1067)
job-core	UNKNOWN STEP	2026-02-03T15:29:44.3168116Z Updating files:  26% (278/1067)
job-core	UNKNOWN STEP	2026-02-03T15:29:44.8457823Z Updating files:  26% (283/1067)
job-core	UNKNOWN STEP	2026-02-03T15:29:45.5623657Z Updating files:  27% (289/1067)
job-core	UNKNOWN STEP	2026-02-03T15:29:48.8849969Z Updating files:  27% (290/1067)
job-core	UNKNOWN STEP	2026-02-03T15:29:52.4235556Z Updating files:  27% (294/1067)
job-core	UNKNOWN STEP	2026-02-03T15:29:53.0475902Z Updating files:  27% (295/1067)
job-core	UNKNOWN STEP	2026-02-03T15:29:58.5853983Z Updating files:  28% (299/1067)
job-core	UNKNOWN STEP	2026-02-03T15:29:58.8076478Z Updating files:  28% (300/1067)
job-core	UNKNOWN STEP	2026-02-03T15:29:58.8137400Z Updating files:  29% (310/1067)
job-core	UNKNOWN STEP	2026-02-03T15:29:58.8394076Z Updating files:  30% (321/1067)
job-core	UNKNOWN STEP	2026-02-03T15:29:58.9479733Z Updating files:  31% (331/1067)
job-core	UNKNOWN STEP	2026-02-03T15:29:58.9504618Z Updating files:  32% (342/1067)
job-core	UNKNOWN STEP	2026-02-03T15:29:59.1576904Z Updating files:  33% (353/1067)
job-core	UNKNOWN STEP	2026-02-03T15:29:59.1580034Z Updating files:  34% (363/1067)
job-core	UNKNOWN STEP	2026-02-03T15:29:59.3760271Z Updating files:  35% (374/1067)
job-core	UNKNOWN STEP	2026-02-03T15:29:59.3828274Z Updating files:  35% (381/1067)
job-core	UNKNOWN STEP	2026-02-03T15:29:59.3956090Z Updating files:  36% (385/1067)
job-core	UNKNOWN STEP	2026-02-03T15:29:59.6782062Z Updating files:  37% (395/1067)
job-core	UNKNOWN STEP	2026-02-03T15:29:59.7096287Z Updating files:  38% (406/1067)
job-core	UNKNOWN STEP	2026-02-03T15:29:59.7216193Z Updating files:  39% (417/1067)
job-core	UNKNOWN STEP	2026-02-03T15:29:59.7331182Z Updating files:  40% (427/1067)
job-core	UNKNOWN STEP	2026-02-03T15:29:59.7633900Z Updating files:  41% (438/1067)
job-core	UNKNOWN STEP	2026-02-03T15:29:59.7735826Z Updating files:  42% (449/1067)
job-core	UNKNOWN STEP	2026-02-03T15:30:00.1039520Z Updating files:  43% (459/1067)
job-core	UNKNOWN STEP	2026-02-03T15:30:00.1819995Z Updating files:  44% (470/1067)
job-core	UNKNOWN STEP	2026-02-03T15:30:00.1820337Z Updating files:  45% (481/1067)
job-core	UNKNOWN STEP	2026-02-03T15:30:01.5527459Z Updating files:  46% (491/1067)
job-core	UNKNOWN STEP	2026-02-03T15:30:02.2399142Z Updating files:  47% (502/1067)
job-core	UNKNOWN STEP	2026-02-03T15:30:03.6595925Z Updating files:  47% (503/1067)
job-core	UNKNOWN STEP	2026-02-03T15:30:06.1166025Z Updating files:  47% (505/1067)
job-core	UNKNOWN STEP	2026-02-03T15:30:07.0022787Z Updating files:  47% (506/1067)
job-core	UNKNOWN STEP	2026-02-03T15:30:07.0082166Z Updating files:  47% (507/1067)
job-core	UNKNOWN STEP	2026-02-03T15:30:07.2824253Z Updating files:  48% (513/1067)
job-core	UNKNOWN STEP	2026-02-03T15:30:07.2966782Z Updating files:  48% (520/1067)
job-core	UNKNOWN STEP	2026-02-03T15:30:07.4673896Z Updating files:  49% (523/1067)
job-core	UNKNOWN STEP	2026-02-03T15:30:07.4675630Z Updating files:  50% (534/1067)
job-core	UNKNOWN STEP	2026-02-03T15:30:07.8851122Z Updating files:  51% (545/1067)
job-core	UNKNOWN STEP	2026-02-03T15:30:08.1951822Z Updating files:  52% (555/1067)
job-core	UNKNOWN STEP	2026-02-03T15:30:08.7212270Z Updating files:  53% (566/1067)
job-core	UNKNOWN STEP	2026-02-03T15:30:09.0119831Z Updating files:  53% (575/1067)
job-core	UNKNOWN STEP	2026-02-03T15:30:09.0551218Z Updating files:  54% (577/1067)
job-core	UNKNOWN STEP	2026-02-03T15:30:11.1543735Z Updating files:  55% (587/1067)
job-core	UNKNOWN STEP	2026-02-03T15:30:15.1244190Z Updating files:  55% (590/1067)
job-core	UNKNOWN STEP	2026-02-03T15:30:15.1653358Z Updating files:  55% (591/1067)
job-core	UNKNOWN STEP	2026-02-03T15:30:15.2089084Z Updating files:  56% (598/1067)
job-core	UNKNOWN STEP	2026-02-03T15:30:16.0818910Z Updating files:  57% (609/1067)
job-core	UNKNOWN STEP	2026-02-03T15:30:16.2943863Z Updating files:  57% (611/1067)
job-core	UNKNOWN STEP	2026-02-03T15:30:18.0060211Z Updating files:  57% (612/1067)
job-core	UNKNOWN STEP	2026-02-03T15:30:18.0061702Z Updating files:  57% (617/1067)
job-core	UNKNOWN STEP	2026-02-03T15:30:18.4417653Z Updating files:  58% (619/1067)
job-core	UNKNOWN STEP	2026-02-03T15:30:18.4630461Z Updating files:  58% (622/1067)
job-core	UNKNOWN STEP	2026-02-03T15:30:18.4631034Z Updating files:  59% (630/1067)
job-core	UNKNOWN STEP	2026-02-03T15:30:19.1461979Z Updating files:  60% (641/1067)
job-core	UNKNOWN STEP	2026-02-03T15:30:19.3440610Z Updating files:  61% (651/1067)
job-core	UNKNOWN STEP	2026-02-03T15:30:19.6562007Z Updating files:  61% (652/1067)
job-core	UNKNOWN STEP	2026-02-03T15:30:19.9685846Z Updating files:  62% (662/1067)
job-core	UNKNOWN STEP	2026-02-03T15:30:20.4459139Z Updating files:  63% (673/1067)
job-core	UNKNOWN STEP	2026-02-03T15:30:21.0776889Z Updating files:  63% (675/1067)
job-core	UNKNOWN STEP	2026-02-03T15:30:21.0815927Z Updating files:  64% (683/1067)
job-core	UNKNOWN STEP	2026-02-03T15:30:21.1178249Z Updating files:  65% (694/1067)
job-core	UNKNOWN STEP	2026-02-03T15:30:21.2287353Z Updating files:  66% (705/1067)
job-core	UNKNOWN STEP	2026-02-03T15:30:21.2387036Z Updating files:  66% (708/1067)
job-core	UNKNOWN STEP	2026-02-03T15:30:22.4664246Z Updating files:  67% (715/1067)
job-core	UNKNOWN STEP	2026-02-03T15:30:22.4665725Z Updating files:  67% (723/1067)
job-core	UNKNOWN STEP	2026-02-03T15:30:26.2062306Z Updating files:  68% (726/1067)
job-core	UNKNOWN STEP	2026-02-03T15:30:26.6031162Z Updating files:  68% (727/1067)
job-core	UNKNOWN STEP	2026-02-03T15:30:26.7368631Z Updating files:  68% (735/1067)
job-core	UNKNOWN STEP	2026-02-03T15:30:27.2670492Z Updating files:  69% (737/1067)
job-core	UNKNOWN STEP	2026-02-03T15:30:28.0436646Z Updating files:  70% (747/1067)
job-core	UNKNOWN STEP	2026-02-03T15:30:28.5163043Z Updating files:  71% (758/1067)
job-core	UNKNOWN STEP	2026-02-03T15:30:29.1018151Z Updating files:  71% (768/1067)
job-core	UNKNOWN STEP	2026-02-03T15:30:29.3581068Z Updating files:  72% (769/1067)
job-core	UNKNOWN STEP	2026-02-03T15:30:29.3655833Z Updating files:  72% (776/1067)
job-core	UNKNOWN STEP	2026-02-03T15:30:29.3696547Z Updating files:  73% (779/1067)
job-core	UNKNOWN STEP	2026-02-03T15:30:29.3697407Z Updating files:  74% (790/1067)
job-core	UNKNOWN STEP	2026-02-03T15:30:29.6433607Z Updating files:  75% (801/1067)
job-core	UNKNOWN STEP	2026-02-03T15:30:29.9781014Z Updating files:  76% (811/1067)
job-core	UNKNOWN STEP	2026-02-03T15:30:30.0229020Z Updating files:  77% (822/1067)
job-core	UNKNOWN STEP	2026-02-03T15:30:30.9195437Z Updating files:  78% (833/1067)
job-core	UNKNOWN STEP	2026-02-03T15:30:31.3994749Z Updating files:  78% (838/1067)
job-core	UNKNOWN STEP	2026-02-03T15:30:32.9851456Z Updating files:  78% (839/1067)
job-core	UNKNOWN STEP	2026-02-03T15:30:33.3463109Z Updating files:  78% (841/1067)
job-core	UNKNOWN STEP	2026-02-03T15:30:33.3872679Z Updating files:  78% (842/1067)
job-core	UNKNOWN STEP	2026-02-03T15:30:34.5815504Z Updating files:  79% (843/1067)
job-core	UNKNOWN STEP	2026-02-03T15:30:35.2330090Z Updating files:  79% (846/1067)
job-core	UNKNOWN STEP	2026-02-03T15:30:36.2125485Z Updating files:  79% (847/1067)
job-core	UNKNOWN STEP	2026-02-03T15:30:36.7529447Z Updating files:  80% (854/1067)
job-core	UNKNOWN STEP	2026-02-03T15:30:37.3489182Z Updating files:  80% (855/1067)
job-core	UNKNOWN STEP	2026-02-03T15:30:38.8323717Z Updating files:  80% (858/1067)
job-core	UNKNOWN STEP	2026-02-03T15:30:40.8628092Z Updating files:  80% (859/1067)
job-core	UNKNOWN STEP	2026-02-03T15:30:44.9535468Z Updating files:  80% (860/1067)
job-core	UNKNOWN STEP	2026-02-03T15:30:50.3687420Z Updating files:  80% (861/1067)
job-core	UNKNOWN STEP	2026-02-03T15:30:56.3892324Z Updating files:  80% (862/1067)
job-core	UNKNOWN STEP	2026-02-03T15:30:58.3666272Z Updating files:  80% (864/1067)
job-core	UNKNOWN STEP	2026-02-03T15:31:00.7565852Z Updating files:  81% (865/1067)
job-core	UNKNOWN STEP	2026-02-03T15:31:04.7267589Z Updating files:  81% (866/1067)
job-core	UNKNOWN STEP	2026-02-03T15:31:08.9457728Z Updating files:  81% (867/1067)
job-core	UNKNOWN STEP	2026-02-03T15:31:11.2038197Z Updating files:  81% (868/1067)
job-core	UNKNOWN STEP	2026-02-03T15:31:12.0542983Z Updating files:  81% (869/1067)
job-core	UNKNOWN STEP	2026-02-03T15:31:12.6048435Z Updating files:  81% (870/1067)
job-core	UNKNOWN STEP	2026-02-03T15:31:13.7668014Z Updating files:  81% (871/1067)
job-core	UNKNOWN STEP	2026-02-03T15:31:14.3177912Z Updating files:  81% (873/1067)
job-core	UNKNOWN STEP	2026-02-03T15:31:14.7527641Z Updating files:  81% (874/1067)
job-core	UNKNOWN STEP	2026-02-03T15:31:15.9360145Z Updating files:  82% (875/1067)
job-core	UNKNOWN STEP	2026-02-03T15:31:16.4809507Z Updating files:  82% (877/1067)
job-core	UNKNOWN STEP	2026-02-03T15:31:17.8509757Z Updating files:  82% (878/1067)
job-core	UNKNOWN STEP	2026-02-03T15:31:18.2307240Z Updating files:  82% (880/1067)
job-core	UNKNOWN STEP	2026-02-03T15:31:19.9539863Z Updating files:  82% (881/1067)
job-core	UNKNOWN STEP	2026-02-03T15:31:20.5926731Z Updating files:  82% (884/1067)
job-core	UNKNOWN STEP	2026-02-03T15:31:21.1873021Z Updating files:  82% (885/1067)
job-core	UNKNOWN STEP	2026-02-03T15:31:21.6051553Z Updating files:  83% (886/1067)
job-core	UNKNOWN STEP	2026-02-03T15:31:22.3820571Z Updating files:  83% (887/1067)
job-core	UNKNOWN STEP	2026-02-03T15:31:23.5675457Z Updating files:  83% (889/1067)
job-core	UNKNOWN STEP	2026-02-03T15:31:24.5044193Z Updating files:  83% (892/1067)
job-core	UNKNOWN STEP	2026-02-03T15:31:25.5801224Z Updating files:  83% (895/1067)
job-core	UNKNOWN STEP	2026-02-03T15:31:26.6105940Z Updating files:  84% (897/1067)
job-core	UNKNOWN STEP	2026-02-03T15:31:27.3308050Z Updating files:  84% (902/1067)
job-core	UNKNOWN STEP	2026-02-03T15:31:27.7717699Z Updating files:  84% (904/1067)
job-core	UNKNOWN STEP	2026-02-03T15:31:28.3392760Z Updating files:  85% (907/1067)
job-core	UNKNOWN STEP	2026-02-03T15:31:29.2840926Z Updating files:  85% (909/1067)
job-core	UNKNOWN STEP	2026-02-03T15:31:30.2741242Z Updating files:  85% (912/1067)
job-core	UNKNOWN STEP	2026-02-03T15:31:31.1451128Z Updating files:  85% (914/1067)
job-core	UNKNOWN STEP	2026-02-03T15:31:31.5064086Z Updating files:  86% (918/1067)
job-core	UNKNOWN STEP	2026-02-03T15:31:32.2786133Z Updating files:  86% (919/1067)
job-core	UNKNOWN STEP	2026-02-03T15:31:33.5942229Z Updating files:  86% (921/1067)
job-core	UNKNOWN STEP	2026-02-03T15:31:34.6905604Z Updating files:  86% (925/1067)
job-core	UNKNOWN STEP	2026-02-03T15:31:34.8604381Z Updating files:  86% (928/1067)
job-core	UNKNOWN STEP	2026-02-03T15:31:35.3726224Z Updating files:  87% (929/1067)
job-core	UNKNOWN STEP	2026-02-03T15:31:36.5441343Z Updating files:  87% (931/1067)
job-core	UNKNOWN STEP	2026-02-03T15:31:37.4402742Z Updating files:  87% (935/1067)
job-core	UNKNOWN STEP	2026-02-03T15:31:38.0015069Z Updating files:  87% (938/1067)
job-core	UNKNOWN STEP	2026-02-03T15:31:38.4981547Z Updating files:  88% (939/1067)
job-core	UNKNOWN STEP	2026-02-03T15:31:39.2610449Z Updating files:  88% (941/1067)
job-core	UNKNOWN STEP	2026-02-03T15:31:40.5613018Z Updating files:  88% (942/1067)
job-core	UNKNOWN STEP	2026-02-03T15:31:41.6587903Z Updating files:  88% (944/1067)
job-core	UNKNOWN STEP	2026-02-03T15:31:41.6913133Z Updating files:  88% (945/1067)
job-core	UNKNOWN STEP	2026-02-03T15:31:41.6936345Z Updating files:  89% (950/1067)
job-core	UNKNOWN STEP	2026-02-03T15:31:41.7135624Z Updating files:  90% (961/1067)
job-core	UNKNOWN STEP	2026-02-03T15:31:41.7136701Z Updating files:  91% (971/1067)
job-core	UNKNOWN STEP	2026-02-03T15:31:41.7175481Z Updating files:  92% (982/1067)
job-core	UNKNOWN STEP	2026-02-03T15:31:41.7239991Z Updating files:  93% (993/1067)
job-core	UNKNOWN STEP	2026-02-03T15:31:42.0542761Z Updating files:  94% (1003/1067)
job-core	UNKNOWN STEP	2026-02-03T15:31:42.0577947Z Updating files:  95% (1014/1067)
job-core	UNKNOWN STEP	2026-02-03T15:31:42.0605261Z Updating files:  96% (1025/1067)
job-core	UNKNOWN STEP	2026-02-03T15:31:42.0608941Z Updating files:  97% (1035/1067)
job-core	UNKNOWN STEP	2026-02-03T15:31:42.0683263Z Updating files:  98% (1046/1067)
job-core	UNKNOWN STEP	2026-02-03T15:31:42.0739696Z Updating files:  99% (1057/1067)
job-core	UNKNOWN STEP	2026-02-03T15:31:42.0760049Z Updating files: 100% (1067/1067)
job-core	UNKNOWN STEP	2026-02-03T15:31:42.0760419Z Updating files: 100% (1067/1067), done.
job-core	UNKNOWN STEP	2026-02-03T15:31:43.3859074Z Switched to a new branch 'H2438-arreglo-de-despliegue-itop'
job-core	UNKNOWN STEP	2026-02-03T15:31:43.3873965Z branch 'H2438-arreglo-de-despliegue-itop' set up to track 'origin/H2438-arreglo-de-despliegue-itop'.
job-core	UNKNOWN STEP	2026-02-03T15:31:43.4375474Z ##[endgroup]
job-core	UNKNOWN STEP	2026-02-03T15:31:43.4460706Z [command]/usr/bin/git log -1 --format=%H
job-core	UNKNOWN STEP	2026-02-03T15:31:43.4507255Z 201eb217b9293eb98c1fc4722011ce80940d5545
job-core	UNKNOWN STEP	2026-02-03T15:31:45.5547831Z Prepare all required actions
job-core	UNKNOWN STEP	2026-02-03T15:31:46.7143434Z ##[group]Run ./.github/actions/install-gh-cli
job-core	UNKNOWN STEP	2026-02-03T15:31:46.7143772Z env:
job-core	UNKNOWN STEP	2026-02-03T15:31:46.7144002Z   KAOS_MODULE: [Ka0S] JSON COMPLIANCE
job-core	UNKNOWN STEP	2026-02-03T15:31:46.7144510Z   GH_TOKEN: ***
job-core	UNKNOWN STEP	2026-02-03T15:31:46.7223589Z   KAOS_PRETTIER_CONFIG: compliance/json/.prettierrc.json
job-core	UNKNOWN STEP	2026-02-03T15:31:46.7224008Z   KAOS_PATH_RESUME: audit/jsonlint/
job-core	UNKNOWN STEP	2026-02-03T15:31:46.7224330Z   KAOS_REPO: /actions-runner/_work/kaos/kaos
job-core	UNKNOWN STEP	2026-02-03T15:31:46.7312668Z   KAOS_STEP_MODULE: 
job-core	UNKNOWN STEP	2026-02-03T15:31:46.7312987Z   KAOS_CODE: 21635087419
job-core	UNKNOWN STEP	2026-02-03T15:31:46.7314458Z   KAOS_REF_BRANCH: main
job-core	UNKNOWN STEP	2026-02-03T15:31:46.7487498Z ##[endgroup]
job-core	UNKNOWN STEP	2026-02-03T15:31:47.1526862Z ##[group]Run type -p curl >/dev/null || (sudo apt-get update && sudo apt-get install curl -y)
job-core	UNKNOWN STEP	2026-02-03T15:31:47.1527645Z [36;1mtype -p curl >/dev/null || (sudo apt-get update && sudo apt-get install curl -y)[0m
job-core	UNKNOWN STEP	2026-02-03T15:31:47.1528709Z [36;1mcurl -fsSL https://cli.github.com/packages/githubcli-archive-keyring.gpg | sudo dd of=/usr/share/keyrings/githubcli-archive-keyring.gpg \[0m
job-core	UNKNOWN STEP	2026-02-03T15:31:47.1529657Z [36;1m&& sudo chmod go+r /usr/share/keyrings/githubcli-archive-keyring.gpg \[0m
job-core	UNKNOWN STEP	2026-02-03T15:31:47.1530896Z [36;1m&& echo "deb [arch=$(dpkg --print-architecture) signed-by=/usr/share/keyrings/githubcli-archive-keyring.gpg] https://cli.github.com/packages stable main" | sudo tee /etc/apt/sources.list.d/github-cli.list > /dev/null \[0m
job-core	UNKNOWN STEP	2026-02-03T15:31:47.1532017Z [36;1m&& sudo apt-get update \[0m
job-core	UNKNOWN STEP	2026-02-03T15:31:47.1532339Z [36;1m&& sudo apt-get install gh -y[0m
job-core	UNKNOWN STEP	2026-02-03T15:31:47.1553958Z shell: /usr/bin/bash --noprofile --norc -e -o pipefail {0}
job-core	UNKNOWN STEP	2026-02-03T15:31:47.1554368Z env:
job-core	UNKNOWN STEP	2026-02-03T15:31:47.1554687Z   KAOS_MODULE: [Ka0S] JSON COMPLIANCE
job-core	UNKNOWN STEP	2026-02-03T15:31:47.1555275Z   GH_TOKEN: ***
job-core	UNKNOWN STEP	2026-02-03T15:31:47.1555586Z   KAOS_PRETTIER_CONFIG: compliance/json/.prettierrc.json
job-core	UNKNOWN STEP	2026-02-03T15:31:47.1555994Z   KAOS_PATH_RESUME: audit/jsonlint/
job-core	UNKNOWN STEP	2026-02-03T15:31:47.1556396Z   KAOS_REPO: /actions-runner/_work/kaos/kaos
job-core	UNKNOWN STEP	2026-02-03T15:31:47.1556736Z   KAOS_STEP_MODULE: 
job-core	UNKNOWN STEP	2026-02-03T15:31:47.1556986Z   KAOS_CODE: 21635087419
job-core	UNKNOWN STEP	2026-02-03T15:31:47.1557241Z   KAOS_REF_BRANCH: main
job-core	UNKNOWN STEP	2026-02-03T15:31:47.1557495Z ##[endgroup]
job-core	UNKNOWN STEP	2026-02-03T15:32:02.1371213Z 4+1 records in
job-core	UNKNOWN STEP	2026-02-03T15:32:02.1407312Z 4+1 records out
job-core	UNKNOWN STEP	2026-02-03T15:32:02.1560758Z 2270 bytes (2.3 kB, 2.2 KiB) copied, 0.0161938 s, 140 kB/s
job-core	UNKNOWN STEP	2026-02-03T15:32:26.6717562Z Get:1 https://ppa.launchpadcontent.net/git-core/ppa/ubuntu noble InRelease [24.3 kB]
job-core	UNKNOWN STEP	2026-02-03T15:32:26.6733967Z Get:2 https://cli.github.com/packages stable InRelease [3917 B]
job-core	UNKNOWN STEP	2026-02-03T15:32:26.6738238Z Get:3 http://archive.ubuntu.com/ubuntu noble InRelease [256 kB]
job-core	UNKNOWN STEP	2026-02-03T15:32:26.7256654Z Get:4 http://security.ubuntu.com/ubuntu noble-security InRelease [126 kB]
job-core	UNKNOWN STEP	2026-02-03T15:32:28.3296742Z Get:5 http://archive.ubuntu.com/ubuntu noble-updates InRelease [126 kB]
job-core	UNKNOWN STEP	2026-02-03T15:32:31.3560656Z Get:6 http://archive.ubuntu.com/ubuntu noble-backports InRelease [126 kB]
job-core	UNKNOWN STEP	2026-02-03T15:32:32.1623618Z Get:7 https://cli.github.com/packages stable/main amd64 Packages [356 B]
job-core	UNKNOWN STEP	2026-02-03T15:32:36.6562482Z Get:8 https://ppa.launchpadcontent.net/git-core/ppa/ubuntu noble/main amd64 Packages [2994 B]
job-core	UNKNOWN STEP	2026-02-03T15:32:40.0091139Z Get:9 http://security.ubuntu.com/ubuntu noble-security/main amd64 Packages [1777 kB]
job-core	UNKNOWN STEP	2026-02-03T15:32:43.3760039Z Get:10 http://archive.ubuntu.com/ubuntu noble/multiverse amd64 Packages [331 kB]
job-core	UNKNOWN STEP	2026-02-03T15:32:45.1500474Z Get:11 http://security.ubuntu.com/ubuntu noble-security/multiverse amd64 Packages [34.8 kB]
job-core	UNKNOWN STEP	2026-02-03T15:32:46.0341831Z Get:12 http://archive.ubuntu.com/ubuntu noble/restricted amd64 Packages [117 kB]
job-core	UNKNOWN STEP	2026-02-03T15:32:46.7285554Z Get:13 http://security.ubuntu.com/ubuntu noble-security/restricted amd64 Packages [3008 kB]
job-core	UNKNOWN STEP	2026-02-03T15:32:49.4095918Z Get:14 http://archive.ubuntu.com/ubuntu noble/universe amd64 Packages [19.3 MB]
job-core	UNKNOWN STEP	2026-02-03T15:32:50.4248429Z Get:15 http://security.ubuntu.com/ubuntu noble-security/universe amd64 Packages [1199 kB]
job-core	UNKNOWN STEP	2026-02-03T15:32:55.8649021Z Get:16 http://archive.ubuntu.com/ubuntu noble/main amd64 Packages [1808 kB]
job-core	UNKNOWN STEP	2026-02-03T15:32:57.3290100Z Get:17 http://archive.ubuntu.com/ubuntu noble-updates/universe amd64 Packages [1978 kB]
job-core	UNKNOWN STEP	2026-02-03T15:33:00.8757885Z Get:18 http://archive.ubuntu.com/ubuntu noble-updates/multiverse amd64 Packages [38.1 kB]
job-core	UNKNOWN STEP	2026-02-03T15:33:02.8144188Z Get:19 http://archive.ubuntu.com/ubuntu noble-updates/restricted amd64 Packages [3233 kB]
job-core	UNKNOWN STEP	2026-02-03T15:33:08.1154748Z Get:20 http://archive.ubuntu.com/ubuntu noble-updates/main amd64 Packages [2178 kB]
job-core	UNKNOWN STEP	2026-02-03T15:33:11.2251785Z Get:21 http://archive.ubuntu.com/ubuntu noble-backports/main amd64 Packages [49.5 kB]
job-core	UNKNOWN STEP	2026-02-03T15:33:12.0978395Z Get:22 http://archive.ubuntu.com/ubuntu noble-backports/universe amd64 Packages [34.6 kB]
job-core	UNKNOWN STEP	2026-02-03T15:37:00.7693987Z Fetched 35.8 MB in 1min 24s (427 kB/s)
job-core	UNKNOWN STEP	2026-02-03T15:37:12.6581425Z Reading package lists...
job-core	UNKNOWN STEP	2026-02-03T15:37:44.3704293Z Reading package lists...
job-core	UNKNOWN STEP	2026-02-03T15:37:52.2663671Z Building dependency tree...
job-core	UNKNOWN STEP	2026-02-03T15:37:52.2687194Z Reading state information...
job-core	UNKNOWN STEP	2026-02-03T15:37:59.9695791Z The following NEW packages will be installed:
job-core	UNKNOWN STEP	2026-02-03T15:38:00.0215465Z   gh
job-core	UNKNOWN STEP	2026-02-03T15:38:02.3308449Z 0 upgraded, 1 newly installed, 0 to remove and 17 not upgraded.
job-core	UNKNOWN STEP	2026-02-03T15:38:02.3309333Z Need to get 13.7 MB of archives.
job-core	UNKNOWN STEP	2026-02-03T15:38:02.3367941Z After this operation, 37.9 MB of additional disk space will be used.
job-core	UNKNOWN STEP	2026-02-03T15:38:02.3368603Z Get:1 https://cli.github.com/packages stable/main amd64 gh amd64 2.86.0 [13.7 MB]
job-core	UNKNOWN STEP	2026-02-03T15:38:14.8089904Z debconf: delaying package configuration, since apt-utils is not installed
job-core	UNKNOWN STEP	2026-02-03T15:38:19.5615032Z Fetched 13.7 MB in 6s (2263 kB/s)
job-core	UNKNOWN STEP	2026-02-03T15:38:31.0845371Z Selecting previously unselected package gh.
job-core	UNKNOWN STEP	2026-02-03T15:38:31.1744198Z (Reading database ... 
job-core	UNKNOWN STEP	2026-02-03T15:38:31.1745078Z (Reading database ... 5%
job-core	UNKNOWN STEP	2026-02-03T15:38:31.1758336Z (Reading database ... 10%
job-core	UNKNOWN STEP	2026-02-03T15:38:31.1758637Z (Reading database ... 15%
job-core	UNKNOWN STEP	2026-02-03T15:38:31.1758930Z (Reading database ... 20%
job-core	UNKNOWN STEP	2026-02-03T15:38:31.1759185Z (Reading database ... 25%
job-core	UNKNOWN STEP	2026-02-03T15:38:31.1759438Z (Reading database ... 30%
job-core	UNKNOWN STEP	2026-02-03T15:38:31.1759695Z (Reading database ... 35%
job-core	UNKNOWN STEP	2026-02-03T15:38:31.1759948Z (Reading database ... 40%
job-core	UNKNOWN STEP	2026-02-03T15:38:31.1760191Z (Reading database ... 45%
job-core	UNKNOWN STEP	2026-02-03T15:38:31.1760438Z (Reading database ... 50%
job-core	UNKNOWN STEP	2026-02-03T15:38:31.1799599Z (Reading database ... 55%
job-core	UNKNOWN STEP	2026-02-03T15:38:31.1799883Z (Reading database ... 60%
job-core	UNKNOWN STEP	2026-02-03T15:38:31.1800137Z (Reading database ... 65%
job-core	UNKNOWN STEP	2026-02-03T15:38:31.3063536Z (Reading database ... 70%
job-core	UNKNOWN STEP	2026-02-03T15:38:31.3063870Z (Reading database ... 75%
job-core	UNKNOWN STEP	2026-02-03T15:38:31.4883263Z (Reading database ... 80%
job-core	UNKNOWN STEP	2026-02-03T15:38:31.4883953Z (Reading database ... 85%
job-core	UNKNOWN STEP	2026-02-03T15:38:31.4885006Z (Reading database ... 90%
job-core	UNKNOWN STEP	2026-02-03T15:38:31.4885581Z (Reading database ... 95%
job-core	UNKNOWN STEP	2026-02-03T15:38:31.4938341Z (Reading database ... 100%
job-core	UNKNOWN STEP	2026-02-03T15:38:31.4946942Z (Reading database ... 14385 files and directories currently installed.)
job-core	UNKNOWN STEP	2026-02-03T15:38:31.4979152Z Preparing to unpack .../archives/gh_2.86.0_amd64.deb ...
job-core	UNKNOWN STEP	2026-02-03T15:38:31.7809633Z Unpacking gh (2.86.0) ...
job-core	UNKNOWN STEP	2026-02-03T15:38:53.8428814Z Setting up gh (2.86.0) ...
job-core	UNKNOWN STEP	2026-02-03T15:39:03.3308494Z ##[group]Run actions/setup-node@v4
job-core	UNKNOWN STEP	2026-02-03T15:39:03.3309123Z with:
job-core	UNKNOWN STEP	2026-02-03T15:39:03.3309347Z   node-version: 20
job-core	UNKNOWN STEP	2026-02-03T15:39:03.3309578Z   always-auth: false
job-core	UNKNOWN STEP	2026-02-03T15:39:03.3309809Z   check-latest: false
job-core	UNKNOWN STEP	2026-02-03T15:39:03.3310346Z   token: ***
job-core	UNKNOWN STEP	2026-02-03T15:39:03.3310566Z env:
job-core	UNKNOWN STEP	2026-02-03T15:39:03.3310781Z   KAOS_MODULE: [Ka0S] JSON COMPLIANCE
job-core	UNKNOWN STEP	2026-02-03T15:39:03.3311175Z   GH_TOKEN: ***
job-core	UNKNOWN STEP	2026-02-03T15:39:03.3311465Z   KAOS_PRETTIER_CONFIG: compliance/json/.prettierrc.json
job-core	UNKNOWN STEP	2026-02-03T15:39:03.3427464Z   KAOS_PATH_RESUME: audit/jsonlint/
job-core	UNKNOWN STEP	2026-02-03T15:39:03.3427833Z   KAOS_REPO: /actions-runner/_work/kaos/kaos
job-core	UNKNOWN STEP	2026-02-03T15:39:03.3557322Z   KAOS_STEP_MODULE: 
job-core	UNKNOWN STEP	2026-02-03T15:39:03.3557591Z   KAOS_CODE: 21635087419
job-core	UNKNOWN STEP	2026-02-03T15:39:03.3557838Z   KAOS_REF_BRANCH: main
job-core	UNKNOWN STEP	2026-02-03T15:39:03.3558075Z ##[endgroup]
job-core	UNKNOWN STEP	2026-02-03T15:39:10.2103624Z Attempting to download 20...
job-core	UNKNOWN STEP	2026-02-03T15:39:14.2730657Z Acquiring 20.20.0 - x64 from https://github.com/actions/node-versions/releases/download/20.20.0-20981710805/node-20.20.0-linux-x64.tar.gz
job-core	UNKNOWN STEP	2026-02-03T15:40:00.3924953Z Extracting ...
job-core	UNKNOWN STEP	2026-02-03T15:40:02.0759077Z [command]/usr/bin/tar xz --strip 1 --warning=no-unknown-keyword --overwrite -C /home/runner/_work/_temp/b36225df-2712-4056-93f4-074d2ab3a0e7 -f /home/runner/_work/_temp/88ea7045-c556-4e10-9d91-832b6bf28c8b
job-core	UNKNOWN STEP	2026-02-03T15:41:44.5619503Z Adding to the cache ...
job-core	UNKNOWN STEP	2026-02-03T15:46:52.6799489Z ##[group]Environment details
job-core	UNKNOWN STEP	2026-02-03T15:46:54.6652004Z node: v20.20.0
job-core	UNKNOWN STEP	2026-02-03T15:46:54.6652665Z npm: 10.8.2
job-core	UNKNOWN STEP	2026-02-03T15:46:54.6660908Z yarn: 
job-core	UNKNOWN STEP	2026-02-03T15:46:54.6763168Z ##[endgroup]
job-core	UNKNOWN STEP	2026-02-03T15:46:55.0031107Z Prepare all required actions
job-core	UNKNOWN STEP	2026-02-03T15:46:55.7323765Z ##[group]Run ./.github/actions/kaos-lint-json
job-core	UNKNOWN STEP	2026-02-03T15:46:55.8031501Z with:
job-core	UNKNOWN STEP	2026-02-03T15:46:55.8031929Z   file_path: core/test/failed-file.json
job-core	UNKNOWN STEP	2026-02-03T15:46:55.8032250Z   fix: true
job-core	UNKNOWN STEP	2026-02-03T15:46:55.8032548Z   path_resume: audit/jsonlint/jsonlint-results-21635087419.txt
job-core	UNKNOWN STEP	2026-02-03T15:46:55.8033006Z   prettier_config: compliance/json/.prettierrc.json
job-core	UNKNOWN STEP	2026-02-03T15:46:55.8033352Z env:
job-core	UNKNOWN STEP	2026-02-03T15:46:55.8033563Z   KAOS_MODULE: [Ka0S] JSON COMPLIANCE
job-core	UNKNOWN STEP	2026-02-03T15:46:55.8034116Z   GH_TOKEN: ***
job-core	UNKNOWN STEP	2026-02-03T15:46:55.8034421Z   KAOS_PRETTIER_CONFIG: compliance/json/.prettierrc.json
job-core	UNKNOWN STEP	2026-02-03T15:46:55.8208207Z   KAOS_PATH_RESUME: audit/jsonlint/
job-core	UNKNOWN STEP	2026-02-03T15:46:55.8208569Z   KAOS_REPO: /actions-runner/_work/kaos/kaos
job-core	UNKNOWN STEP	2026-02-03T15:46:55.8208887Z   KAOS_STEP_MODULE: 
job-core	UNKNOWN STEP	2026-02-03T15:46:55.8209154Z   KAOS_CODE: 21635087419
job-core	UNKNOWN STEP	2026-02-03T15:46:55.8209394Z   KAOS_REF_BRANCH: main
job-core	UNKNOWN STEP	2026-02-03T15:46:55.8209633Z ##[endgroup]
job-core	UNKNOWN STEP	2026-02-03T15:46:56.3071327Z ##[group]Run if ! command -v jsonlint &> /dev/null; then npm install -g jsonlint; fi
job-core	UNKNOWN STEP	2026-02-03T15:46:56.3072032Z [36;1mif ! command -v jsonlint &> /dev/null; then npm install -g jsonlint; fi[0m
job-core	UNKNOWN STEP	2026-02-03T15:46:56.3072629Z [36;1mif ! command -v prettier &> /dev/null; then npm install -g prettier; fi[0m
job-core	UNKNOWN STEP	2026-02-03T15:46:56.3073243Z [36;1mmkdir -p $(dirname "audit/jsonlint/jsonlint-results-21635087419.txt")[0m
job-core	UNKNOWN STEP	2026-02-03T15:46:56.3983847Z shell: /usr/bin/bash --noprofile --norc -e -o pipefail {0}
job-core	UNKNOWN STEP	2026-02-03T15:46:56.3984277Z env:
job-core	UNKNOWN STEP	2026-02-03T15:46:56.3984528Z   KAOS_MODULE: [Ka0S] JSON COMPLIANCE
job-core	UNKNOWN STEP	2026-02-03T15:46:56.4056644Z   GH_TOKEN: ***
job-core	UNKNOWN STEP	2026-02-03T15:46:56.4056996Z   KAOS_PRETTIER_CONFIG: compliance/json/.prettierrc.json
job-core	UNKNOWN STEP	2026-02-03T15:46:56.4106960Z   KAOS_PATH_RESUME: audit/jsonlint/
job-core	UNKNOWN STEP	2026-02-03T15:46:56.4107358Z   KAOS_REPO: /actions-runner/_work/kaos/kaos
job-core	UNKNOWN STEP	2026-02-03T15:46:56.4107735Z   KAOS_STEP_MODULE: 
job-core	UNKNOWN STEP	2026-02-03T15:46:56.4107984Z   KAOS_CODE: 21635087419
job-core	UNKNOWN STEP	2026-02-03T15:46:56.4108252Z   KAOS_REF_BRANCH: main
job-core	UNKNOWN STEP	2026-02-03T15:46:56.4215499Z ##[endgroup]
job-core	UNKNOWN STEP	2026-02-03T15:47:05.8591587Z npm warn deprecated nomnom@1.8.1: Package no longer supported. Contact support@npmjs.com for more info.
job-core	UNKNOWN STEP	2026-02-03T15:47:09.0278312Z 
job-core	UNKNOWN STEP	2026-02-03T15:47:09.0280575Z added 8 packages in 12s
job-core	UNKNOWN STEP	2026-02-03T15:47:17.9690015Z 
job-core	UNKNOWN STEP	2026-02-03T15:47:17.9696287Z added 1 package in 8s
job-core	UNKNOWN STEP	2026-02-03T15:47:17.9805376Z 
job-core	UNKNOWN STEP	2026-02-03T15:47:17.9812816Z 1 package is looking for funding
job-core	UNKNOWN STEP	2026-02-03T15:47:17.9817763Z   run `npm fund` for details
job-core	UNKNOWN STEP	2026-02-03T15:47:18.6890389Z ##[group]Run FILE="core/test/failed-file.json"
job-core	UNKNOWN STEP	2026-02-03T15:47:18.6891148Z [36;1mFILE="core/test/failed-file.json"[0m
job-core	UNKNOWN STEP	2026-02-03T15:47:18.6891597Z [36;1mRESUME_FILE="audit/jsonlint/jsonlint-results-21635087419.txt"[0m
job-core	UNKNOWN STEP	2026-02-03T15:47:18.6892101Z [36;1mPRETTIER_CFG="compliance/json/.prettierrc.json"[0m
job-core	UNKNOWN STEP	2026-02-03T15:47:18.7064487Z [36;1m[0m
job-core	UNKNOWN STEP	2026-02-03T15:47:18.7064921Z [36;1mecho "Starting JSON Check for: $FILE" >> "$RESUME_FILE"[0m
job-core	UNKNOWN STEP	2026-02-03T15:47:18.7065330Z [36;1m[0m
job-core	UNKNOWN STEP	2026-02-03T15:47:18.7065539Z [36;1m# 1. Syntax (jsonlint)[0m
job-core	UNKNOWN STEP	2026-02-03T15:47:18.7065836Z [36;1mif ! jsonlint -q "$FILE"; then[0m
job-core	UNKNOWN STEP	2026-02-03T15:47:18.7066255Z [36;1m  echo "❌ Syntax Error detected by JSONLint" >> "$RESUME_FILE"[0m
job-core	UNKNOWN STEP	2026-02-03T15:47:18.7066733Z [36;1m  jsonlint "$FILE" >> "$RESUME_FILE" 2>&1 || true[0m
job-core	UNKNOWN STEP	2026-02-03T15:47:18.7067090Z [36;1m  exit 1[0m
job-core	UNKNOWN STEP	2026-02-03T15:47:18.7067306Z [36;1melse[0m
job-core	UNKNOWN STEP	2026-02-03T15:47:18.7067599Z [36;1m  echo "✅ Syntax Check Passed" >> "$RESUME_FILE"[0m
job-core	UNKNOWN STEP	2026-02-03T15:47:18.7067959Z [36;1mfi[0m
job-core	UNKNOWN STEP	2026-02-03T15:47:18.7068156Z [36;1m[0m
job-core	UNKNOWN STEP	2026-02-03T15:47:18.7068358Z [36;1m# 2. Style (Prettier)[0m
job-core	UNKNOWN STEP	2026-02-03T15:47:18.7068740Z [36;1mif ! prettier --check "$FILE" --config "$PRETTIER_CFG"; then[0m
job-core	UNKNOWN STEP	2026-02-03T15:47:18.7069229Z [36;1m  echo "⚠️ Style Error detected." >> "$RESUME_FILE"[0m
job-core	UNKNOWN STEP	2026-02-03T15:47:18.7070032Z [36;1m  [0m
job-core	UNKNOWN STEP	2026-02-03T15:47:18.7070245Z [36;1m  if [ "true" == "true" ]; then[0m
job-core	UNKNOWN STEP	2026-02-03T15:47:18.7070906Z [36;1m    echo "Attempting Self-Healing..." >> "$RESUME_FILE"[0m
job-core	UNKNOWN STEP	2026-02-03T15:47:18.7071402Z [36;1m    if prettier --write "$FILE" --config "$PRETTIER_CFG"; then[0m
job-core	UNKNOWN STEP	2026-02-03T15:47:18.7071882Z [36;1m      echo "✅ Self-Healing Successful." >> "$RESUME_FILE"[0m
job-core	UNKNOWN STEP	2026-02-03T15:47:18.7072249Z [36;1m    else[0m
job-core	UNKNOWN STEP	2026-02-03T15:47:18.7072530Z [36;1m      echo "❌ Self-Healing Failed." >> "$RESUME_FILE"[0m
job-core	UNKNOWN STEP	2026-02-03T15:47:18.7072887Z [36;1m      exit 1[0m
job-core	UNKNOWN STEP	2026-02-03T15:47:18.7073110Z [36;1m    fi[0m
job-core	UNKNOWN STEP	2026-02-03T15:47:18.7073314Z [36;1m  else[0m
job-core	UNKNOWN STEP	2026-02-03T15:47:18.7073668Z [36;1m     echo "❌ Style violations found (Fix mode disabled)." >> "$RESUME_FILE"[0m
job-core	UNKNOWN STEP	2026-02-03T15:47:18.7074112Z [36;1m     exit 1[0m
job-core	UNKNOWN STEP	2026-02-03T15:47:18.7074337Z [36;1m  fi[0m
job-core	UNKNOWN STEP	2026-02-03T15:47:18.7074537Z [36;1melse[0m
job-core	UNKNOWN STEP	2026-02-03T15:47:18.7347920Z [36;1m  echo "✅ Style Check Passed" >> "$RESUME_FILE"[0m
job-core	UNKNOWN STEP	2026-02-03T15:47:18.7348322Z [36;1mfi[0m
job-core	UNKNOWN STEP	2026-02-03T15:47:18.7710867Z shell: /usr/bin/bash --noprofile --norc -e -o pipefail {0}
job-core	UNKNOWN STEP	2026-02-03T15:47:18.7711293Z env:
job-core	UNKNOWN STEP	2026-02-03T15:47:18.7711545Z   KAOS_MODULE: [Ka0S] JSON COMPLIANCE
job-core	UNKNOWN STEP	2026-02-03T15:47:18.7712144Z   GH_TOKEN: ***
job-core	UNKNOWN STEP	2026-02-03T15:47:18.7712450Z   KAOS_PRETTIER_CONFIG: compliance/json/.prettierrc.json
job-core	UNKNOWN STEP	2026-02-03T15:47:18.7712833Z   KAOS_PATH_RESUME: audit/jsonlint/
job-core	UNKNOWN STEP	2026-02-03T15:47:18.7713164Z   KAOS_REPO: /actions-runner/_work/kaos/kaos
job-core	UNKNOWN STEP	2026-02-03T15:47:18.7713487Z   KAOS_STEP_MODULE: 
job-core	UNKNOWN STEP	2026-02-03T15:47:18.7713730Z   KAOS_CODE: 21635087419
job-core	UNKNOWN STEP	2026-02-03T15:47:18.7713972Z   KAOS_REF_BRANCH: main
job-core	UNKNOWN STEP	2026-02-03T15:47:18.7714212Z ##[endgroup]
job-core	UNKNOWN STEP	2026-02-03T15:47:20.1960306Z Error: Parse error on line 9:
job-core	UNKNOWN STEP	2026-02-03T15:47:20.1999550Z ... "Observability",  ],  "config": {   
job-core	UNKNOWN STEP	2026-02-03T15:47:20.2033333Z ----------------------^
job-core	UNKNOWN STEP	2026-02-03T15:47:20.2037302Z Expecting 'STRING', 'NUMBER', 'NULL', 'TRUE', 'FALSE', '{', '[', got ']'
job-core	UNKNOWN STEP	2026-02-03T15:47:20.2046898Z     at Object.parseError (/home/runner/_work/_tool/node/20.20.0/x64/lib/node_modules/jsonlint/lib/jsonlint.js:55:11)
job-core	UNKNOWN STEP	2026-02-03T15:47:20.2091085Z     at Object.parse (/home/runner/_work/_tool/node/20.20.0/x64/lib/node_modules/jsonlint/lib/jsonlint.js:132:22)
job-core	UNKNOWN STEP	2026-02-03T15:47:20.2113108Z     at parse (/home/runner/_work/_tool/node/20.20.0/x64/lib/node_modules/jsonlint/lib/cli.js:82:14)
job-core	UNKNOWN STEP	2026-02-03T15:47:20.2138269Z     at main (/home/runner/_work/_tool/node/20.20.0/x64/lib/node_modules/jsonlint/lib/cli.js:135:14)
job-core	UNKNOWN STEP	2026-02-03T15:47:20.2212675Z     at Object.<anonymous> (/home/runner/_work/_tool/node/20.20.0/x64/lib/node_modules/jsonlint/lib/cli.js:179:1)
job-core	UNKNOWN STEP	2026-02-03T15:47:20.2337435Z     at Module._compile (node:internal/modules/cjs/loader:1521:14)
job-core	UNKNOWN STEP	2026-02-03T15:47:20.2347033Z     at Module._extensions..js (node:internal/modules/cjs/loader:1623:10)
job-core	UNKNOWN STEP	2026-02-03T15:47:20.2347720Z     at Module.load (node:internal/modules/cjs/loader:1266:32)
job-core	UNKNOWN STEP	2026-02-03T15:47:20.2387010Z     at Module._load (node:internal/modules/cjs/loader:1091:12)
job-core	UNKNOWN STEP	2026-02-03T15:47:20.2388238Z     at Function.executeUserEntryPoint [as runMain] (node:internal/modules/run_main:164:12)
job-core	UNKNOWN STEP	2026-02-03T15:47:21.7544449Z ##[error]Process completed with exit code 1.
job-core	UNKNOWN STEP	2026-02-03T15:47:22.2297685Z ##[group]Run FILE="core/test/failed-file.json"
job-core	UNKNOWN STEP	2026-02-03T15:47:22.2298414Z [36;1mFILE="core/test/failed-file.json"[0m
job-core	UNKNOWN STEP	2026-02-03T15:47:22.2299230Z [36;1mKAOS_ISSUE_BODY="The [Ka0S] JSON COMPLIANCE process (21634763944) failed. File ($FILE) has violations that could not be auto-fixed. Please check the logs."[0m
job-core	UNKNOWN STEP	2026-02-03T15:47:22.2300175Z [36;1mgh issue comment 2438 -b "$KAOS_ISSUE_BODY"[0m
job-core	UNKNOWN STEP	2026-02-03T15:47:22.2300546Z [36;1mexit 1[0m
job-core	UNKNOWN STEP	2026-02-03T15:47:22.2404484Z shell: /usr/bin/bash -e {0}
job-core	UNKNOWN STEP	2026-02-03T15:47:22.2485677Z env:
job-core	UNKNOWN STEP	2026-02-03T15:47:22.2485951Z   KAOS_MODULE: [Ka0S] JSON COMPLIANCE
job-core	UNKNOWN STEP	2026-02-03T15:47:22.2486621Z   GH_TOKEN: ***
job-core	UNKNOWN STEP	2026-02-03T15:47:22.2486936Z   KAOS_PRETTIER_CONFIG: compliance/json/.prettierrc.json
job-core	UNKNOWN STEP	2026-02-03T15:47:22.2487339Z   KAOS_PATH_RESUME: audit/jsonlint/
job-core	UNKNOWN STEP	2026-02-03T15:47:22.2488242Z   KAOS_REPO: /actions-runner/_work/kaos/kaos
job-core	UNKNOWN STEP	2026-02-03T15:47:22.2488563Z   KAOS_STEP_MODULE: 
job-core	UNKNOWN STEP	2026-02-03T15:47:22.2488795Z   KAOS_CODE: 21635087419
job-core	UNKNOWN STEP	2026-02-03T15:47:22.2489094Z   KAOS_REF_BRANCH: main
job-core	UNKNOWN STEP	2026-02-03T15:47:22.2489340Z ##[endgroup]
job-core	UNKNOWN STEP	2026-02-03T15:47:27.2797103Z HTTP 401: Bad credentials (https://api.github.com/graphql)
job-core	UNKNOWN STEP	2026-02-03T15:47:27.2805608Z Try authenticating with:  gh auth login
job-core	UNKNOWN STEP	2026-02-03T15:47:27.4173454Z ##[error]Process completed with exit code 1.
job-core	UNKNOWN STEP	2026-02-03T15:47:27.8284449Z ##[group]Run # Subir logs de auditoría si existen
job-core	UNKNOWN STEP	2026-02-03T15:47:27.8341092Z [36;1m# Subir logs de auditoría si existen[0m
job-core	UNKNOWN STEP	2026-02-03T15:47:27.8341596Z [36;1mif [ -f "audit/jsonlint/jsonlint-results-21635087419.txt" ]; then[0m
job-core	UNKNOWN STEP	2026-02-03T15:47:27.8342268Z [36;1m   git config --global user.name "***"[0m
job-core	UNKNOWN STEP	2026-02-03T15:47:27.8342681Z [36;1m   git config --global user.email "***"[0m
job-core	UNKNOWN STEP	2026-02-03T15:47:27.8343060Z [36;1m   git pull --rebase[0m
job-core	UNKNOWN STEP	2026-02-03T15:47:27.8343377Z [36;1m   git add audit/jsonlint/*[0m
job-core	UNKNOWN STEP	2026-02-03T15:47:27.8343722Z [36;1m   if ! git diff --staged --quiet; then[0m
job-core	UNKNOWN STEP	2026-02-03T15:47:27.8348962Z [36;1m      git commit -m "[Ka0S] Uploading JSON compliance audit logs"[0m
job-core	UNKNOWN STEP	2026-02-03T15:47:27.8349680Z [36;1m      git push origin refs/heads/H2438-arreglo-de-despliegue-itop --force-with-lease[0m
job-core	UNKNOWN STEP	2026-02-03T15:47:27.8350217Z [36;1m   fi[0m
job-core	UNKNOWN STEP	2026-02-03T15:47:27.8350440Z [36;1mfi[0m
job-core	UNKNOWN STEP	2026-02-03T15:47:27.8490524Z shell: /usr/bin/bash -e {0}
job-core	UNKNOWN STEP	2026-02-03T15:47:27.8490902Z env:
job-core	UNKNOWN STEP	2026-02-03T15:47:27.8491140Z   KAOS_MODULE: [Ka0S] JSON COMPLIANCE
job-core	UNKNOWN STEP	2026-02-03T15:47:27.8491730Z   GH_TOKEN: ***
job-core	UNKNOWN STEP	2026-02-03T15:47:27.8492029Z   KAOS_PRETTIER_CONFIG: compliance/json/.prettierrc.json
job-core	UNKNOWN STEP	2026-02-03T15:47:27.8492407Z   KAOS_PATH_RESUME: audit/jsonlint/
job-core	UNKNOWN STEP	2026-02-03T15:47:27.8492714Z   KAOS_REPO: /actions-runner/_work/kaos/kaos
job-core	UNKNOWN STEP	2026-02-03T15:47:27.8493026Z   KAOS_STEP_MODULE: 
job-core	UNKNOWN STEP	2026-02-03T15:47:27.8493255Z   KAOS_CODE: 21635087419
job-core	UNKNOWN STEP	2026-02-03T15:47:27.8493502Z   KAOS_REF_BRANCH: main
job-core	UNKNOWN STEP	2026-02-03T15:47:27.8493749Z ##[endgroup]
job-core	UNKNOWN STEP	2026-02-03T15:47:33.1336047Z From https://github.com/Ka0s-Klaus/ka0s
job-core	UNKNOWN STEP	2026-02-03T15:47:33.1336849Z    201eb217b..387b949e2  H2438-arreglo-de-despliegue-itop -> origin/H2438-arreglo-de-despliegue-itop
job-core	UNKNOWN STEP	2026-02-03T15:47:33.1437773Z    b1bfe5fdb..9a6995845  H3038-test-ci-cd-kubernetes-automated-system -> origin/H3038-test-ci-cd-kubernetes-automated-system
job-core	UNKNOWN STEP	2026-02-03T15:47:33.1463461Z  * [new branch]          feature/user-lab-validation -> origin/feature/user-lab-validation
job-core	UNKNOWN STEP	2026-02-03T15:47:33.1488590Z    b7a2247ee..ecf1304f5  main       -> origin/main
job-core	UNKNOWN STEP	2026-02-03T15:47:34.6984816Z Updating 201eb217b..387b949e2
job-core	UNKNOWN STEP	2026-02-03T15:47:34.6994035Z Fast-forward
job-core	UNKNOWN STEP	2026-02-03T15:47:34.9793573Z  audit/jsonlint/jsonlint-results-21634809751.txt |  3 ++
job-core	UNKNOWN STEP	2026-02-03T15:47:34.9806852Z  audit/jsonlint/jsonlint-results-21634816634.txt |  3 ++
job-core	UNKNOWN STEP	2026-02-03T15:47:34.9840250Z  audit/mdlint/mdlint-results-21634815511.txt     | 15 ++++++
job-core	UNKNOWN STEP	2026-02-03T15:47:34.9872036Z  audit/mdlint/mdlint-results-21634818569.txt     | 53 +++++++++++++++++++
job-core	UNKNOWN STEP	2026-02-03T15:47:34.9946258Z  audit/mdlint/mdlint-results-21634820631.txt     | 58 +++++++++++++++++++++
job-core	UNKNOWN STEP	2026-02-03T15:47:34.9995836Z  audit/mdlint/mdlint-results-21634823665.txt     | 56 ++++++++++++++++++++
job-core	UNKNOWN STEP	2026-02-03T15:47:34.9996526Z  audit/mdlint/mdlint-results-21634826045.txt     | 69 +++++++++++++++++++++++++
job-core	UNKNOWN STEP	2026-02-03T15:47:34.9997175Z  audit/mdlint/mdlint-results-21634827126.txt     | 46 +++++++++++++++++
job-core	UNKNOWN STEP	2026-02-03T15:47:34.9997810Z  audit/mdlint/mdlint-results-21634829335.txt     | 49 ++++++++++++++++++
job-core	UNKNOWN STEP	2026-02-03T15:47:34.9998427Z  audit/mdlint/mdlint-results-21634832734.txt     | 57 ++++++++++++++++++++
job-core	UNKNOWN STEP	2026-02-03T15:47:34.9999018Z  audit/mdlint/mdlint-results-21634833871.txt     | 41 +++++++++++++++
job-core	UNKNOWN STEP	2026-02-03T15:47:34.9999611Z  audit/mdlint/mdlint-results-21634834926.txt     | 51 ++++++++++++++++++
job-core	UNKNOWN STEP	2026-02-03T15:47:35.0000167Z  audit/mdlint/mdlint-results-21634849131.txt     | 14 +++++
job-core	UNKNOWN STEP	2026-02-03T15:47:35.0139853Z  audit/mdlint/mdlint-results-21634851120.txt     | 21 ++++++++
job-core	UNKNOWN STEP	2026-02-03T15:47:35.0867835Z  audit/mdlint/mdlint-results-21634852246.txt     | 26 ++++++++++
job-core	UNKNOWN STEP	2026-02-03T15:47:35.0868369Z  audit/mdlint/mdlint-results-21634854708.txt     | 13 +++++
job-core	UNKNOWN STEP	2026-02-03T15:47:35.0868869Z  audit/mdlint/mdlint-results-21634857000.txt     | 15 ++++++
job-core	UNKNOWN STEP	2026-02-03T15:47:35.0869396Z  audit/mdlint/mdlint-results-21634858297.txt     | 12 +++++
job-core	UNKNOWN STEP	2026-02-03T15:47:35.0869964Z  audit/mdlint/mdlint-results-21634859716.txt     | 27 ++++++++++
job-core	UNKNOWN STEP	2026-02-03T15:47:35.0870909Z  audit/mdlint/mdlint-results-21634899856.txt     |  7 +++
job-core	UNKNOWN STEP	2026-02-03T15:47:35.0871515Z  audit/mdlint/mdlint-results-21634920872.txt     | 41 +++++++++++++++
job-core	UNKNOWN STEP	2026-02-03T15:47:35.0872082Z  audit/mdlint/mdlint-results-21634921547.txt     | 27 ++++++++++
job-core	UNKNOWN STEP	2026-02-03T15:47:35.0872655Z  audit/mdlint/mdlint-results-21634921919.txt     | 51 ++++++++++++++++++
job-core	UNKNOWN STEP	2026-02-03T15:47:35.0873234Z  audit/mdlint/mdlint-results-21634933012.txt     | 16 ++++++
job-core	UNKNOWN STEP	2026-02-03T15:47:35.0873766Z  audit/mdlint/mdlint-results-21634941924.txt     | 20 +++++++
job-core	UNKNOWN STEP	2026-02-03T15:47:35.0874323Z  audit/mdlint/mdlint-results-21634946588.txt     | 13 +++++
job-core	UNKNOWN STEP	2026-02-03T15:47:35.0875002Z  audit/mdlint/mdlint-results-21634949590.txt     | 21 ++++++++
job-core	UNKNOWN STEP	2026-02-03T15:47:35.0875552Z  audit/mdlint/mdlint-results-21634951663.txt     | 20 +++++++
job-core	UNKNOWN STEP	2026-02-03T15:47:35.0876095Z  audit/mdlint/mdlint-results-21634951690.txt     | 12 +++++
job-core	UNKNOWN STEP	2026-02-03T15:47:35.1062229Z  audit/mdlint/mdlint-results-21634955122.txt     | 21 ++++++++
job-core	UNKNOWN STEP	2026-02-03T15:47:35.1062790Z  audit/mdlint/mdlint-results-21634979103.txt     |  7 +++
job-core	UNKNOWN STEP	2026-02-03T15:47:35.1063280Z  audit/yamllint/yamllint-results-21634842753.txt |  6 +++
job-core	UNKNOWN STEP	2026-02-03T15:47:35.1063756Z  audit/yamllint/yamllint-results-21634845941.txt |  6 +++
job-core	UNKNOWN STEP	2026-02-03T15:47:35.1064231Z  audit/yamllint/yamllint-results-21634846925.txt |  6 +++
job-core	UNKNOWN STEP	2026-02-03T15:47:35.1084785Z  34 files changed, 903 insertions(+)
job-core	UNKNOWN STEP	2026-02-03T15:47:35.1085421Z  create mode 100644 audit/jsonlint/jsonlint-results-21634809751.txt
job-core	UNKNOWN STEP	2026-02-03T15:47:35.1086012Z  create mode 100644 audit/jsonlint/jsonlint-results-21634816634.txt
job-core	UNKNOWN STEP	2026-02-03T15:47:35.1086602Z  create mode 100644 audit/mdlint/mdlint-results-21634815511.txt
job-core	UNKNOWN STEP	2026-02-03T15:47:35.1087154Z  create mode 100644 audit/mdlint/mdlint-results-21634818569.txt
job-core	UNKNOWN STEP	2026-02-03T15:47:35.1087691Z  create mode 100644 audit/mdlint/mdlint-results-21634820631.txt
job-core	UNKNOWN STEP	2026-02-03T15:47:35.1088226Z  create mode 100644 audit/mdlint/mdlint-results-21634823665.txt
job-core	UNKNOWN STEP	2026-02-03T15:47:35.1088772Z  create mode 100644 audit/mdlint/mdlint-results-21634826045.txt
job-core	UNKNOWN STEP	2026-02-03T15:47:35.1089302Z  create mode 100644 audit/mdlint/mdlint-results-21634827126.txt
job-core	UNKNOWN STEP	2026-02-03T15:47:35.1239371Z  create mode 100644 audit/mdlint/mdlint-results-21634829335.txt
job-core	UNKNOWN STEP	2026-02-03T15:47:35.1240072Z  create mode 100644 audit/mdlint/mdlint-results-21634832734.txt
job-core	UNKNOWN STEP	2026-02-03T15:47:35.1240620Z  create mode 100644 audit/mdlint/mdlint-results-21634833871.txt
job-core	UNKNOWN STEP	2026-02-03T15:47:35.1241148Z  create mode 100644 audit/mdlint/mdlint-results-21634834926.txt
job-core	UNKNOWN STEP	2026-02-03T15:47:35.1241681Z  create mode 100644 audit/mdlint/mdlint-results-21634849131.txt
job-core	UNKNOWN STEP	2026-02-03T15:47:35.1242236Z  create mode 100644 audit/mdlint/mdlint-results-21634851120.txt
job-core	UNKNOWN STEP	2026-02-03T15:47:35.1242768Z  create mode 100644 audit/mdlint/mdlint-results-21634852246.txt
job-core	UNKNOWN STEP	2026-02-03T15:47:35.1243290Z  create mode 100644 audit/mdlint/mdlint-results-21634854708.txt
job-core	UNKNOWN STEP	2026-02-03T15:47:35.1243817Z  create mode 100644 audit/mdlint/mdlint-results-21634857000.txt
job-core	UNKNOWN STEP	2026-02-03T15:47:35.1244372Z  create mode 100644 audit/mdlint/mdlint-results-21634858297.txt
job-core	UNKNOWN STEP	2026-02-03T15:47:35.1320454Z  create mode 100644 audit/mdlint/mdlint-results-21634859716.txt
job-core	UNKNOWN STEP	2026-02-03T15:47:35.1321042Z  create mode 100644 audit/mdlint/mdlint-results-21634899856.txt
job-core	UNKNOWN STEP	2026-02-03T15:47:35.1321597Z  create mode 100644 audit/mdlint/mdlint-results-21634920872.txt
job-core	UNKNOWN STEP	2026-02-03T15:47:35.1322156Z  create mode 100644 audit/mdlint/mdlint-results-21634921547.txt
job-core	UNKNOWN STEP	2026-02-03T15:47:35.1322709Z  create mode 100644 audit/mdlint/mdlint-results-21634921919.txt
job-core	UNKNOWN STEP	2026-02-03T15:47:35.1323244Z  create mode 100644 audit/mdlint/mdlint-results-21634933012.txt
job-core	UNKNOWN STEP	2026-02-03T15:47:35.1324257Z  create mode 100644 audit/mdlint/mdlint-results-21634941924.txt
job-core	UNKNOWN STEP	2026-02-03T15:47:35.1420529Z  create mode 100644 audit/mdlint/mdlint-results-21634946588.txt
job-core	UNKNOWN STEP	2026-02-03T15:47:35.1428056Z  create mode 100644 audit/mdlint/mdlint-results-21634949590.txt
job-core	UNKNOWN STEP	2026-02-03T15:47:35.1451439Z  create mode 100644 audit/mdlint/mdlint-results-21634951663.txt
job-core	UNKNOWN STEP	2026-02-03T15:47:35.2494084Z  create mode 100644 audit/mdlint/mdlint-results-21634951690.txt
job-core	UNKNOWN STEP	2026-02-03T15:47:35.2494844Z  create mode 100644 audit/mdlint/mdlint-results-21634955122.txt
job-core	UNKNOWN STEP	2026-02-03T15:47:35.2495376Z  create mode 100644 audit/mdlint/mdlint-results-21634979103.txt
job-core	UNKNOWN STEP	2026-02-03T15:47:35.2495928Z  create mode 100644 audit/yamllint/yamllint-results-21634842753.txt
job-core	UNKNOWN STEP	2026-02-03T15:47:35.2496500Z  create mode 100644 audit/yamllint/yamllint-results-21634845941.txt
job-core	UNKNOWN STEP	2026-02-03T15:47:35.2497062Z  create mode 100644 audit/yamllint/yamllint-results-21634846925.txt
job-core	UNKNOWN STEP	2026-02-03T15:47:35.7859976Z [H2438-arreglo-de-despliegue-itop c61740f4f] [Ka0S] Uploading JSON compliance audit logs
job-core	UNKNOWN STEP	2026-02-03T15:47:35.7993112Z  1 file changed, 16 insertions(+)
job-core	UNKNOWN STEP	2026-02-03T15:47:35.7993591Z  create mode 100644 audit/jsonlint/jsonlint-results-21635087419.txt
job-core	UNKNOWN STEP	2026-02-03T15:47:37.7499650Z To https://github.com/Ka0s-Klaus/ka0s
job-core	UNKNOWN STEP	2026-02-03T15:47:37.7557571Z    387b949e2..c61740f4f  H2438-arreglo-de-despliegue-itop -> H2438-arreglo-de-despliegue-itop
job-core	UNKNOWN STEP	2026-02-03T15:47:39.1130560Z Post job cleanup.
job-core	UNKNOWN STEP	2026-02-03T15:47:42.2090438Z [command]/usr/bin/git version
job-core	UNKNOWN STEP	2026-02-03T15:47:42.3748245Z git version 2.52.0
job-core	UNKNOWN STEP	2026-02-03T15:47:42.7121966Z Copying '/home/runner/.gitconfig' to '/home/runner/_work/_temp/651d0846-b626-4e7e-8373-9e4856cd0266/.gitconfig'
job-core	UNKNOWN STEP	2026-02-03T15:47:43.0303413Z Temporarily overriding HOME='/home/runner/_work/_temp/651d0846-b626-4e7e-8373-9e4856cd0266' before making global git config changes
job-core	UNKNOWN STEP	2026-02-03T15:47:43.0308558Z Adding repository directory to the temporary git global config as a safe directory
job-core	UNKNOWN STEP	2026-02-03T15:47:43.0309998Z [command]/usr/bin/git config --global --add safe.directory /home/runner/_work/ka0s/ka0s
job-core	UNKNOWN STEP	2026-02-03T15:47:43.5817553Z [command]/usr/bin/git config --local --name-only --get-regexp core\.sshCommand
job-core	UNKNOWN STEP	2026-02-03T15:47:43.9847203Z [command]/usr/bin/git submodule foreach --recursive sh -c "git config --local --name-only --get-regexp 'core\.sshCommand' && git config --local --unset-all 'core.sshCommand' || :"
job-core	UNKNOWN STEP	2026-02-03T15:47:45.1321596Z [command]/usr/bin/git config --local --name-only --get-regexp http\.https\:\/\/github\.com\/\.extraheader
job-core	UNKNOWN STEP	2026-02-03T15:47:45.1740910Z http.https://github.com/.extraheader
job-core	UNKNOWN STEP	2026-02-03T15:47:45.3875891Z [command]/usr/bin/git config --local --unset-all http.https://github.com/.extraheader
job-core	UNKNOWN STEP	2026-02-03T15:47:45.7722878Z [command]/usr/bin/git submodule foreach --recursive sh -c "git config --local --name-only --get-regexp 'http\.https\:\/\/github\.com\/\.extraheader' && git config --local --unset-all 'http.https://github.com/.extraheader' || :"
job-core	UNKNOWN STEP	2026-02-03T15:47:46.7523004Z [command]/usr/bin/git config --local --name-only --get-regexp ^includeIf\.gitdir:
job-core	UNKNOWN STEP	2026-02-03T15:47:46.8098369Z [command]/usr/bin/git submodule foreach --recursive git config --local --show-origin --name-only --get-regexp remote.origin.url
job-core	UNKNOWN STEP	2026-02-03T15:47:48.9827416Z Cleaning up orphan processes
handle_failure	Set up job	﻿2026-02-03T17:20:17.4548486Z Current runner version: '2.331.0'
handle_failure	Set up job	2026-02-03T17:20:17.4934147Z Runner name: 'swarm-runners-scaleset-hkss5-runner-nwxpf'
handle_failure	Set up job	2026-02-03T17:20:17.4935327Z Runner group name: 'Default'
handle_failure	Set up job	2026-02-03T17:20:17.4936435Z Machine name: 'swarm-runners-scaleset-hkss5-runner-nwxpf'
handle_failure	Set up job	2026-02-03T17:20:17.4940114Z ##[group]GITHUB_TOKEN Permissions
handle_failure	Set up job	2026-02-03T17:20:17.4942814Z Actions: write
handle_failure	Set up job	2026-02-03T17:20:17.4943384Z Contents: write
handle_failure	Set up job	2026-02-03T17:20:17.4943884Z Issues: write
handle_failure	Set up job	2026-02-03T17:20:17.4944359Z Metadata: read
handle_failure	Set up job	2026-02-03T17:20:17.5774313Z PullRequests: write
handle_failure	Set up job	2026-02-03T17:20:17.6007344Z ##[endgroup]
handle_failure	Set up job	2026-02-03T17:20:17.6010343Z Secret source: Actions
handle_failure	Set up job	2026-02-03T17:20:17.6011641Z Prepare workflow directory
handle_failure	Set up job	2026-02-03T17:20:26.5989943Z Prepare all required actions
handle_failure	Set up job	2026-02-03T17:20:27.2540928Z Getting action download info
handle_failure	Set up job	2026-02-03T17:20:31.4953106Z Download action repository 'actions/checkout@v4' (SHA:34e114876b0b11c390a56381ad16ebd13914f8d5)
handle_failure	Set up job	2026-02-03T17:20:55.1312313Z Complete job name: handle_failure
handle_failure	Run actions/checkout@v4	﻿2026-02-03T17:21:00.3029833Z ##[group]Run actions/checkout@v4
handle_failure	Run actions/checkout@v4	2026-02-03T17:21:00.3031556Z with:
handle_failure	Run actions/checkout@v4	2026-02-03T17:21:00.3032260Z   repository: Ka0s-Klaus/ka0s
handle_failure	Run actions/checkout@v4	2026-02-03T17:21:00.3033488Z   token: ***
handle_failure	Run actions/checkout@v4	2026-02-03T17:21:00.3034139Z   ssh-strict: true
handle_failure	Run actions/checkout@v4	2026-02-03T17:21:00.3034929Z   ssh-user: git
handle_failure	Run actions/checkout@v4	2026-02-03T17:21:00.3035612Z   persist-credentials: true
handle_failure	Run actions/checkout@v4	2026-02-03T17:21:00.3036414Z   clean: true
handle_failure	Run actions/checkout@v4	2026-02-03T17:21:00.3037125Z   sparse-checkout-cone-mode: true
handle_failure	Run actions/checkout@v4	2026-02-03T17:21:00.3038048Z   fetch-depth: 1
handle_failure	Run actions/checkout@v4	2026-02-03T17:21:00.4152478Z   fetch-tags: false
handle_failure	Run actions/checkout@v4	2026-02-03T17:21:00.4153341Z   show-progress: true
handle_failure	Run actions/checkout@v4	2026-02-03T17:21:00.4154084Z   lfs: false
handle_failure	Run actions/checkout@v4	2026-02-03T17:21:00.4154901Z   submodules: false
handle_failure	Run actions/checkout@v4	2026-02-03T17:21:00.4155648Z   set-safe-directory: true
handle_failure	Run actions/checkout@v4	2026-02-03T17:21:00.4157084Z env:
handle_failure	Run actions/checkout@v4	2026-02-03T17:21:00.4157771Z   KAOS_MODULE: [Ka0S] JSON COMPLIANCE
handle_failure	Run actions/checkout@v4	2026-02-03T17:21:00.4159088Z   GH_TOKEN: ***
handle_failure	Run actions/checkout@v4	2026-02-03T17:21:00.4160024Z   KAOS_PRETTIER_CONFIG: compliance/json/.prettierrc.json
handle_failure	Run actions/checkout@v4	2026-02-03T17:21:00.4161233Z   KAOS_PATH_RESUME: audit/jsonlint/
handle_failure	Run actions/checkout@v4	2026-02-03T17:21:00.4162335Z   KAOS_REPO: /actions-runner/_work/kaos/kaos
handle_failure	Run actions/checkout@v4	2026-02-03T17:21:00.4163332Z   KAOS_STEP_MODULE: 
handle_failure	Run actions/checkout@v4	2026-02-03T17:21:00.4164085Z   KAOS_CODE: 21635087419
handle_failure	Run actions/checkout@v4	2026-02-03T17:21:00.4165056Z   KAOS_REF_BRANCH: main
handle_failure	Run actions/checkout@v4	2026-02-03T17:21:00.4165842Z ##[endgroup]
handle_failure	Run actions/checkout@v4	2026-02-03T17:21:07.9948814Z Syncing repository: Ka0s-Klaus/ka0s
handle_failure	Run actions/checkout@v4	2026-02-03T17:21:07.9951507Z ##[group]Getting Git version info
handle_failure	Run actions/checkout@v4	2026-02-03T17:21:07.9952589Z Working directory is '/home/runner/_work/ka0s/ka0s'
handle_failure	Run actions/checkout@v4	2026-02-03T17:21:07.9954281Z [command]/usr/bin/git version
handle_failure	Run actions/checkout@v4	2026-02-03T17:21:11.5223781Z git version 2.52.0
handle_failure	Run actions/checkout@v4	2026-02-03T17:21:12.7896483Z ##[endgroup]
handle_failure	Run actions/checkout@v4	2026-02-03T17:21:12.8402782Z Temporarily overriding HOME='/home/runner/_work/_temp/d7b59d70-89f4-4a0f-ad93-972fb7883348' before making global git config changes
handle_failure	Run actions/checkout@v4	2026-02-03T17:21:12.8463077Z Adding repository directory to the temporary git global config as a safe directory
handle_failure	Run actions/checkout@v4	2026-02-03T17:21:12.9039155Z [command]/usr/bin/git config --global --add safe.directory /home/runner/_work/ka0s/ka0s
handle_failure	Run actions/checkout@v4	2026-02-03T17:21:17.5329246Z Deleting the contents of '/home/runner/_work/ka0s/ka0s'
handle_failure	Run actions/checkout@v4	2026-02-03T17:21:17.5631204Z ##[group]Initializing the repository
handle_failure	Run actions/checkout@v4	2026-02-03T17:21:17.5631801Z [command]/usr/bin/git init /home/runner/_work/ka0s/ka0s
handle_failure	Run actions/checkout@v4	2026-02-03T17:21:21.4287719Z hint: Using 'master' as the name for the initial branch. This default branch name
handle_failure	Run actions/checkout@v4	2026-02-03T17:21:21.4289135Z hint: will change to "main" in Git 3.0. To configure the initial branch name
handle_failure	Run actions/checkout@v4	2026-02-03T17:21:21.4290037Z hint: to use in all of your new repositories, which will suppress this warning,
handle_failure	Run actions/checkout@v4	2026-02-03T17:21:21.4319873Z hint: call:
handle_failure	Run actions/checkout@v4	2026-02-03T17:21:21.4331216Z hint:
handle_failure	Run actions/checkout@v4	2026-02-03T17:21:21.4339850Z hint: 	git config --global init.defaultBranch <name>
handle_failure	Run actions/checkout@v4	2026-02-03T17:21:21.4361435Z hint:
handle_failure	Run actions/checkout@v4	2026-02-03T17:21:21.4367451Z hint: Names commonly chosen instead of 'master' are 'main', 'trunk' and
handle_failure	Run actions/checkout@v4	2026-02-03T17:21:21.4378564Z hint: 'development'. The just-created branch can be renamed via this command:
handle_failure	Run actions/checkout@v4	2026-02-03T17:21:21.4381368Z hint:
handle_failure	Run actions/checkout@v4	2026-02-03T17:21:21.4496849Z hint: 	git branch -m <name>
handle_failure	Run actions/checkout@v4	2026-02-03T17:21:21.4498138Z hint:
handle_failure	Run actions/checkout@v4	2026-02-03T17:21:21.4499613Z hint: Disable this message with "git config set advice.defaultBranchName false"
handle_failure	Run actions/checkout@v4	2026-02-03T17:21:21.4501878Z Initialized empty Git repository in /home/runner/_work/ka0s/ka0s/.git/
handle_failure	Run actions/checkout@v4	2026-02-03T17:21:22.0226912Z [command]/usr/bin/git remote add origin https://github.com/Ka0s-Klaus/ka0s
handle_failure	Run actions/checkout@v4	2026-02-03T17:21:24.3793321Z ##[endgroup]
handle_failure	Run actions/checkout@v4	2026-02-03T17:21:24.3816355Z ##[group]Disabling automatic garbage collection
handle_failure	Run actions/checkout@v4	2026-02-03T17:21:24.4140756Z [command]/usr/bin/git config --local gc.auto 0
handle_failure	Run actions/checkout@v4	2026-02-03T17:21:26.5171268Z ##[endgroup]
handle_failure	Run actions/checkout@v4	2026-02-03T17:21:26.5201883Z ##[group]Setting up auth
handle_failure	Run actions/checkout@v4	2026-02-03T17:21:26.5255652Z [command]/usr/bin/git config --local --name-only --get-regexp core\.sshCommand
handle_failure	Run actions/checkout@v4	2026-02-03T17:21:28.3216809Z [command]/usr/bin/git submodule foreach --recursive sh -c "git config --local --name-only --get-regexp 'core\.sshCommand' && git config --local --unset-all 'core.sshCommand' || :"
handle_failure	Run actions/checkout@v4	2026-02-03T17:21:37.5116149Z [command]/usr/bin/git config --local --name-only --get-regexp http\.https\:\/\/github\.com\/\.extraheader
handle_failure	Run actions/checkout@v4	2026-02-03T17:21:37.9928220Z [command]/usr/bin/git submodule foreach --recursive sh -c "git config --local --name-only --get-regexp 'http\.https\:\/\/github\.com\/\.extraheader' && git config --local --unset-all 'http.https://github.com/.extraheader' || :"
handle_failure	Run actions/checkout@v4	2026-02-03T17:21:48.9322108Z [command]/usr/bin/git config --local --name-only --get-regexp ^includeIf\.gitdir:
handle_failure	Run actions/checkout@v4	2026-02-03T17:21:49.8755515Z [command]/usr/bin/git submodule foreach --recursive git config --local --show-origin --name-only --get-regexp remote.origin.url
handle_failure	Run actions/checkout@v4	2026-02-03T17:22:08.5843207Z [command]/usr/bin/git config --local http.https://github.com/.extraheader AUTHORIZATION: basic ***
handle_failure	Run actions/checkout@v4	2026-02-03T17:22:09.9867974Z ##[endgroup]
handle_failure	Run actions/checkout@v4	2026-02-03T17:22:09.9878589Z ##[group]Fetching the repository
handle_failure	Run actions/checkout@v4	2026-02-03T17:22:09.9916741Z [command]/usr/bin/git -c protocol.version=2 fetch --no-tags --prune --no-recurse-submodules --depth=1 origin +201eb217b9293eb98c1fc4722011ce80940d5545:refs/remotes/origin/H2438-arreglo-de-despliegue-itop
handle_failure	Run actions/checkout@v4	2026-02-03T17:23:28.7399065Z From https://github.com/Ka0s-Klaus/ka0s
handle_failure	Run actions/checkout@v4	2026-02-03T17:23:28.7407059Z  * [new ref]         201eb217b9293eb98c1fc4722011ce80940d5545 -> origin/H2438-arreglo-de-despliegue-itop
handle_failure	Run actions/checkout@v4	2026-02-03T17:23:29.1280314Z ##[endgroup]
handle_failure	Run actions/checkout@v4	2026-02-03T17:23:29.1281232Z ##[group]Determining the checkout info
handle_failure	Run actions/checkout@v4	2026-02-03T17:23:29.1281681Z ##[endgroup]
handle_failure	Run actions/checkout@v4	2026-02-03T17:23:29.1282127Z [command]/usr/bin/git sparse-checkout disable
handle_failure	Run actions/checkout@v4	2026-02-03T17:23:30.3962117Z [command]/usr/bin/git config --local --unset-all extensions.worktreeConfig
handle_failure	Run actions/checkout@v4	2026-02-03T17:23:31.0962731Z ##[group]Checking out the ref
handle_failure	Run actions/checkout@v4	2026-02-03T17:23:31.0986122Z [command]/usr/bin/git checkout --progress --force -B H2438-arreglo-de-despliegue-itop refs/remotes/origin/H2438-arreglo-de-despliegue-itop
handle_failure	Run actions/checkout@v4	2026-02-03T17:23:32.4535983Z Updating files:   5% (57/1067)
handle_failure	Run actions/checkout@v4	2026-02-03T17:23:33.1729058Z Updating files:   6% (65/1067)
handle_failure	Run actions/checkout@v4	2026-02-03T17:23:33.1735134Z Updating files:   6% (69/1067)
handle_failure	Run actions/checkout@v4	2026-02-03T17:23:33.1912369Z Updating files:   7% (75/1067)
handle_failure	Run actions/checkout@v4	2026-02-03T17:23:33.4176488Z Updating files:   8% (86/1067)
handle_failure	Run actions/checkout@v4	2026-02-03T17:23:33.4503963Z Updating files:   9% (97/1067)
handle_failure	Run actions/checkout@v4	2026-02-03T17:23:33.6317469Z Updating files:  10% (107/1067)
handle_failure	Run actions/checkout@v4	2026-02-03T17:23:34.4525792Z Updating files:  11% (118/1067)
handle_failure	Run actions/checkout@v4	2026-02-03T17:23:34.4587739Z Updating files:  11% (123/1067)
handle_failure	Run actions/checkout@v4	2026-02-03T17:23:35.6185620Z Updating files:  12% (129/1067)
handle_failure	Run actions/checkout@v4	2026-02-03T17:23:35.9521013Z Updating files:  12% (131/1067)
handle_failure	Run actions/checkout@v4	2026-02-03T17:23:36.1242046Z Updating files:  13% (139/1067)
handle_failure	Run actions/checkout@v4	2026-02-03T17:23:36.2411607Z Updating files:  13% (143/1067)
handle_failure	Run actions/checkout@v4	2026-02-03T17:23:36.4165134Z Updating files:  14% (150/1067)
handle_failure	Run actions/checkout@v4	2026-02-03T17:23:36.4174973Z Updating files:  15% (161/1067)
handle_failure	Run actions/checkout@v4	2026-02-03T17:23:36.7437225Z Updating files:  16% (171/1067)
handle_failure	Run actions/checkout@v4	2026-02-03T17:23:36.9193026Z Updating files:  17% (182/1067)
handle_failure	Run actions/checkout@v4	2026-02-03T17:23:36.9195570Z Updating files:  18% (193/1067)
handle_failure	Run actions/checkout@v4	2026-02-03T17:23:36.9197684Z Updating files:  19% (203/1067)
handle_failure	Run actions/checkout@v4	2026-02-03T17:23:36.9199263Z Updating files:  20% (214/1067)
handle_failure	Run actions/checkout@v4	2026-02-03T17:23:36.9200267Z Updating files:  21% (225/1067)
handle_failure	Run actions/checkout@v4	2026-02-03T17:23:36.9200782Z Updating files:  22% (235/1067)
handle_failure	Run actions/checkout@v4	2026-02-03T17:23:36.9216281Z Updating files:  23% (246/1067)
handle_failure	Run actions/checkout@v4	2026-02-03T17:23:37.1284474Z Updating files:  24% (257/1067)
handle_failure	Run actions/checkout@v4	2026-02-03T17:23:38.0401387Z Updating files:  24% (259/1067)
handle_failure	Run actions/checkout@v4	2026-02-03T17:23:40.8021052Z Updating files:  25% (267/1067)
handle_failure	Run actions/checkout@v4	2026-02-03T17:23:41.4391558Z Updating files:  25% (268/1067)
handle_failure	Run actions/checkout@v4	2026-02-03T17:23:41.8071725Z Updating files:  25% (270/1067)
handle_failure	Run actions/checkout@v4	2026-02-03T17:23:41.8350090Z Updating files:  26% (278/1067)
handle_failure	Run actions/checkout@v4	2026-02-03T17:23:42.2043273Z Updating files:  27% (289/1067)
handle_failure	Run actions/checkout@v4	2026-02-03T17:23:45.7405217Z Updating files:  27% (291/1067)
handle_failure	Run actions/checkout@v4	2026-02-03T17:23:52.0059472Z Updating files:  27% (294/1067)
handle_failure	Run actions/checkout@v4	2026-02-03T17:23:53.4209867Z Updating files:  27% (295/1067)
handle_failure	Run actions/checkout@v4	2026-02-03T17:23:53.4227873Z Updating files:  27% (298/1067)
handle_failure	Run actions/checkout@v4	2026-02-03T17:24:00.9437772Z Updating files:  28% (299/1067)
handle_failure	Run actions/checkout@v4	2026-02-03T17:24:00.9442094Z Updating files:  28% (300/1067)
handle_failure	Run actions/checkout@v4	2026-02-03T17:24:00.9746485Z Updating files:  29% (310/1067)
handle_failure	Run actions/checkout@v4	2026-02-03T17:24:01.0755314Z Updating files:  30% (321/1067)
handle_failure	Run actions/checkout@v4	2026-02-03T17:24:01.0755579Z Updating files:  31% (331/1067)
handle_failure	Run actions/checkout@v4	2026-02-03T17:24:01.0755842Z Updating files:  32% (342/1067)
handle_failure	Run actions/checkout@v4	2026-02-03T17:24:01.8266315Z Updating files:  33% (353/1067)
handle_failure	Run actions/checkout@v4	2026-02-03T17:24:01.9015878Z Updating files:  33% (359/1067)
handle_failure	Run actions/checkout@v4	2026-02-03T17:24:01.9799150Z Updating files:  34% (363/1067)
handle_failure	Run actions/checkout@v4	2026-02-03T17:24:02.0184463Z Updating files:  35% (374/1067)
handle_failure	Run actions/checkout@v4	2026-02-03T17:24:02.0511324Z Updating files:  36% (385/1067)
handle_failure	Run actions/checkout@v4	2026-02-03T17:24:02.2656164Z Updating files:  37% (395/1067)
handle_failure	Run actions/checkout@v4	2026-02-03T17:24:03.2895599Z Updating files:  37% (396/1067)
handle_failure	Run actions/checkout@v4	2026-02-03T17:24:03.3107839Z Updating files:  37% (400/1067)
handle_failure	Run actions/checkout@v4	2026-02-03T17:24:03.3158803Z Updating files:  38% (406/1067)
handle_failure	Run actions/checkout@v4	2026-02-03T17:24:03.3159186Z Updating files:  39% (417/1067)
handle_failure	Run actions/checkout@v4	2026-02-03T17:24:03.3159530Z Updating files:  40% (427/1067)
handle_failure	Run actions/checkout@v4	2026-02-03T17:24:03.3159797Z Updating files:  41% (438/1067)
handle_failure	Run actions/checkout@v4	2026-02-03T17:24:03.3697880Z Updating files:  42% (449/1067)
handle_failure	Run actions/checkout@v4	2026-02-03T17:24:03.3698738Z Updating files:  43% (459/1067)
handle_failure	Run actions/checkout@v4	2026-02-03T17:24:03.3699154Z Updating files:  44% (470/1067)
handle_failure	Run actions/checkout@v4	2026-02-03T17:24:03.3700680Z Updating files:  45% (481/1067)
handle_failure	Run actions/checkout@v4	2026-02-03T17:24:05.3309153Z Updating files:  46% (491/1067)
handle_failure	Run actions/checkout@v4	2026-02-03T17:24:06.3589378Z Updating files:  47% (502/1067)
handle_failure	Run actions/checkout@v4	2026-02-03T17:24:07.5486849Z Updating files:  47% (503/1067)
handle_failure	Run actions/checkout@v4	2026-02-03T17:24:09.4481377Z Updating files:  47% (504/1067)
handle_failure	Run actions/checkout@v4	2026-02-03T17:24:10.4077707Z Updating files:  47% (505/1067)
handle_failure	Run actions/checkout@v4	2026-02-03T17:24:13.0376820Z Updating files:  47% (506/1067)
handle_failure	Run actions/checkout@v4	2026-02-03T17:24:13.0847982Z Updating files:  47% (507/1067)
handle_failure	Run actions/checkout@v4	2026-02-03T17:24:13.0898449Z Updating files:  48% (513/1067)
handle_failure	Run actions/checkout@v4	2026-02-03T17:24:13.1060619Z Updating files:  49% (523/1067)
handle_failure	Run actions/checkout@v4	2026-02-03T17:24:13.1937792Z Updating files:  50% (534/1067)
handle_failure	Run actions/checkout@v4	2026-02-03T17:24:13.1938564Z Updating files:  50% (542/1067)
handle_failure	Run actions/checkout@v4	2026-02-03T17:24:13.1951838Z Updating files:  51% (545/1067)
handle_failure	Run actions/checkout@v4	2026-02-03T17:24:13.1952424Z Updating files:  52% (555/1067)
handle_failure	Run actions/checkout@v4	2026-02-03T17:24:13.2164189Z Updating files:  53% (566/1067)
handle_failure	Run actions/checkout@v4	2026-02-03T17:24:13.2165115Z Updating files:  54% (577/1067)
handle_failure	Run actions/checkout@v4	2026-02-03T17:24:14.1284467Z Updating files:  55% (587/1067)
handle_failure	Run actions/checkout@v4	2026-02-03T17:24:16.2020738Z Updating files:  55% (590/1067)
handle_failure	Run actions/checkout@v4	2026-02-03T17:24:16.8175558Z Updating files:  55% (591/1067)
handle_failure	Run actions/checkout@v4	2026-02-03T17:24:16.8280077Z Updating files:  56% (598/1067)
handle_failure	Run actions/checkout@v4	2026-02-03T17:24:17.6113109Z Updating files:  57% (609/1067)
handle_failure	Run actions/checkout@v4	2026-02-03T17:24:17.6537815Z Updating files:  57% (614/1067)
handle_failure	Run actions/checkout@v4	2026-02-03T17:24:17.6539203Z Updating files:  58% (619/1067)
handle_failure	Run actions/checkout@v4	2026-02-03T17:24:17.6539483Z Updating files:  59% (630/1067)
handle_failure	Run actions/checkout@v4	2026-02-03T17:24:17.6539731Z Updating files:  60% (641/1067)
handle_failure	Run actions/checkout@v4	2026-02-03T17:24:17.6539995Z Updating files:  61% (651/1067)
handle_failure	Run actions/checkout@v4	2026-02-03T17:24:17.6540253Z Updating files:  62% (662/1067)
handle_failure	Run actions/checkout@v4	2026-02-03T17:24:17.6540500Z Updating files:  63% (673/1067)
handle_failure	Run actions/checkout@v4	2026-02-03T17:24:17.6540750Z Updating files:  64% (683/1067)
handle_failure	Run actions/checkout@v4	2026-02-03T17:24:17.6541007Z Updating files:  65% (694/1067)
handle_failure	Run actions/checkout@v4	2026-02-03T17:24:17.6541260Z Updating files:  66% (705/1067)
handle_failure	Run actions/checkout@v4	2026-02-03T17:24:25.3480447Z Updating files:  67% (715/1067)
handle_failure	Run actions/checkout@v4	2026-02-03T17:24:25.4108803Z Updating files:  67% (722/1067)
handle_failure	Run actions/checkout@v4	2026-02-03T17:24:34.4699139Z Updating files:  68% (726/1067)
handle_failure	Run actions/checkout@v4	2026-02-03T17:24:34.6518540Z Updating files:  68% (727/1067)
handle_failure	Run actions/checkout@v4	2026-02-03T17:24:34.6631176Z Updating files:  69% (737/1067)
handle_failure	Run actions/checkout@v4	2026-02-03T17:24:34.6823511Z Updating files:  70% (747/1067)
handle_failure	Run actions/checkout@v4	2026-02-03T17:24:34.7215637Z Updating files:  71% (758/1067)
handle_failure	Run actions/checkout@v4	2026-02-03T17:24:34.7216430Z Updating files:  72% (769/1067)
handle_failure	Run actions/checkout@v4	2026-02-03T17:24:34.8722555Z Updating files:  73% (779/1067)
handle_failure	Run actions/checkout@v4	2026-02-03T17:24:35.2788306Z Updating files:  74% (790/1067)
handle_failure	Run actions/checkout@v4	2026-02-03T17:24:35.5481375Z Updating files:  74% (799/1067)
handle_failure	Run actions/checkout@v4	2026-02-03T17:24:35.9631064Z Updating files:  75% (801/1067)
handle_failure	Run actions/checkout@v4	2026-02-03T17:24:35.9756728Z Updating files:  76% (811/1067)
handle_failure	Run actions/checkout@v4	2026-02-03T17:24:35.9935423Z Updating files:  77% (822/1067)
handle_failure	Run actions/checkout@v4	2026-02-03T17:24:41.0304536Z Updating files:  78% (833/1067)
handle_failure	Run actions/checkout@v4	2026-02-03T17:24:43.5367678Z Updating files:  78% (838/1067)
handle_failure	Run actions/checkout@v4	2026-02-03T17:24:47.3580069Z Updating files:  78% (839/1067)
handle_failure	Run actions/checkout@v4	2026-02-03T17:24:50.4019435Z Updating files:  78% (840/1067)
handle_failure	Run actions/checkout@v4	2026-02-03T17:24:53.7735755Z Updating files:  78% (841/1067)
handle_failure	Run actions/checkout@v4	2026-02-03T17:24:57.0510837Z Updating files:  78% (842/1067)
handle_failure	Run actions/checkout@v4	2026-02-03T17:24:59.5606814Z Updating files:  79% (843/1067)
handle_failure	Run actions/checkout@v4	2026-02-03T17:25:01.8780128Z Updating files:  79% (844/1067)
handle_failure	Run actions/checkout@v4	2026-02-03T17:25:02.5891976Z Updating files:  79% (845/1067)
handle_failure	Run actions/checkout@v4	2026-02-03T17:25:03.3071929Z Updating files:  79% (846/1067)
handle_failure	Run actions/checkout@v4	2026-02-03T17:25:04.2435728Z Updating files:  79% (847/1067)
handle_failure	Run actions/checkout@v4	2026-02-03T17:25:07.6405730Z Updating files:  79% (848/1067)
handle_failure	Run actions/checkout@v4	2026-02-03T17:25:10.6148042Z Updating files:  79% (850/1067)
handle_failure	Run actions/checkout@v4	2026-02-03T17:25:15.1249312Z Updating files:  79% (852/1067)
handle_failure	Run actions/checkout@v4	2026-02-03T17:25:22.6273173Z Updating files:  79% (853/1067)
handle_failure	Run actions/checkout@v4	2026-02-03T17:25:32.1059026Z Updating files:  80% (854/1067)
handle_failure	Run actions/checkout@v4	2026-02-03T17:25:44.5573202Z Updating files:  80% (855/1067)
handle_failure	Run actions/checkout@v4	2026-02-03T17:25:49.9727679Z Updating files:  80% (856/1067)
handle_failure	Run actions/checkout@v4	2026-02-03T17:25:55.1332210Z Updating files:  80% (857/1067)
handle_failure	Run actions/checkout@v4	2026-02-03T17:26:07.2554442Z Updating files:  80% (858/1067)
handle_failure	Run actions/checkout@v4	2026-02-03T17:26:18.0320668Z Updating files:  80% (859/1067)
handle_failure	Run actions/checkout@v4	2026-02-03T17:26:22.4073645Z Updating files:  80% (860/1067)
handle_failure	Run actions/checkout@v4	2026-02-03T17:26:25.0060016Z Updating files:  80% (861/1067)
handle_failure	Run actions/checkout@v4	2026-02-03T17:26:25.8830207Z Updating files:  80% (862/1067)
handle_failure	Run actions/checkout@v4	2026-02-03T17:26:26.9874929Z Updating files:  80% (864/1067)
handle_failure	Run actions/checkout@v4	2026-02-03T17:26:27.5997101Z Updating files:  81% (865/1067)
handle_failure	Run actions/checkout@v4	2026-02-03T17:26:28.8967488Z Updating files:  81% (866/1067)
handle_failure	Run actions/checkout@v4	2026-02-03T17:26:29.6233139Z Updating files:  81% (867/1067)
handle_failure	Run actions/checkout@v4	2026-02-03T17:26:30.4065946Z Updating files:  81% (868/1067)
handle_failure	Run actions/checkout@v4	2026-02-03T17:26:31.7888516Z Updating files:  81% (869/1067)
handle_failure	Run actions/checkout@v4	2026-02-03T17:26:32.7349492Z Updating files:  81% (871/1067)
handle_failure	Run actions/checkout@v4	2026-02-03T17:26:33.3238106Z Updating files:  81% (872/1067)
handle_failure	Run actions/checkout@v4	2026-02-03T17:26:34.2646800Z Updating files:  81% (873/1067)
handle_failure	Run actions/checkout@v4	2026-02-03T17:26:35.5131563Z Updating files:  82% (875/1067)
handle_failure	Run actions/checkout@v4	2026-02-03T17:26:36.9587049Z Updating files:  82% (876/1067)
handle_failure	Run actions/checkout@v4	2026-02-03T17:26:37.5463570Z Updating files:  82% (877/1067)
handle_failure	Run actions/checkout@v4	2026-02-03T17:26:38.4460236Z Updating files:  82% (878/1067)
handle_failure	Run actions/checkout@v4	2026-02-03T17:26:39.1398879Z Updating files:  82% (879/1067)
handle_failure	Run actions/checkout@v4	2026-02-03T17:26:40.5736011Z Updating files:  82% (880/1067)
handle_failure	Run actions/checkout@v4	2026-02-03T17:26:42.0442759Z Updating files:  82% (882/1067)
handle_failure	Run actions/checkout@v4	2026-02-03T17:26:42.7066885Z Updating files:  82% (884/1067)
handle_failure	Run actions/checkout@v4	2026-02-03T17:26:43.5447366Z Updating files:  82% (885/1067)
handle_failure	Run actions/checkout@v4	2026-02-03T17:26:44.4538173Z Updating files:  83% (886/1067)
handle_failure	Run actions/checkout@v4	2026-02-03T17:26:46.1831060Z Updating files:  83% (888/1067)
handle_failure	Run actions/checkout@v4	2026-02-03T17:26:47.8053067Z Updating files:  83% (889/1067)
handle_failure	Run actions/checkout@v4	2026-02-03T17:26:48.8468218Z Updating files:  83% (891/1067)
handle_failure	Run actions/checkout@v4	2026-02-03T17:26:49.5946570Z Updating files:  83% (892/1067)
handle_failure	Run actions/checkout@v4	2026-02-03T17:26:50.8726371Z Updating files:  83% (893/1067)
handle_failure	Run actions/checkout@v4	2026-02-03T17:26:51.7292513Z Updating files:  83% (894/1067)
handle_failure	Run actions/checkout@v4	2026-02-03T17:26:54.2641715Z Updating files:  83% (895/1067)
handle_failure	Run actions/checkout@v4	2026-02-03T17:26:54.2929571Z Updating files:  83% (896/1067)
handle_failure	Run actions/checkout@v4	2026-02-03T17:26:56.1622271Z Updating files:  84% (897/1067)
handle_failure	Run actions/checkout@v4	2026-02-03T17:26:58.3869114Z Updating files:  84% (900/1067)
handle_failure	Run actions/checkout@v4	2026-02-03T17:27:00.0210285Z Updating files:  84% (902/1067)
handle_failure	Run actions/checkout@v4	2026-02-03T17:27:00.4773583Z Updating files:  84% (903/1067)
handle_failure	Run actions/checkout@v4	2026-02-03T17:27:01.3901077Z Updating files:  84% (904/1067)
handle_failure	Run actions/checkout@v4	2026-02-03T17:27:03.4696473Z Updating files:  84% (905/1067)
handle_failure	Run actions/checkout@v4	2026-02-03T17:27:04.6410172Z Updating files:  84% (906/1067)
handle_failure	Run actions/checkout@v4	2026-02-03T17:27:05.2767504Z Updating files:  85% (907/1067)
handle_failure	Run actions/checkout@v4	2026-02-03T17:27:06.7932580Z Updating files:  85% (908/1067)
handle_failure	Run actions/checkout@v4	2026-02-03T17:27:07.5806510Z Updating files:  85% (910/1067)
handle_failure	Run actions/checkout@v4	2026-02-03T17:27:08.2232063Z Updating files:  85% (911/1067)
handle_failure	Run actions/checkout@v4	2026-02-03T17:27:11.9931324Z Updating files:  85% (912/1067)
handle_failure	Run actions/checkout@v4	2026-02-03T17:27:12.8053238Z Updating files:  85% (914/1067)
handle_failure	Run actions/checkout@v4	2026-02-03T17:27:13.6691688Z Updating files:  85% (915/1067)
handle_failure	Run actions/checkout@v4	2026-02-03T17:27:17.5569413Z Updating files:  85% (916/1067)
handle_failure	Run actions/checkout@v4	2026-02-03T17:27:20.0175908Z Updating files:  85% (917/1067)
handle_failure	Run actions/checkout@v4	2026-02-03T17:27:20.8335824Z Updating files:  86% (918/1067)
handle_failure	Run actions/checkout@v4	2026-02-03T17:27:22.9116090Z Updating files:  86% (919/1067)
handle_failure	Run actions/checkout@v4	2026-02-03T17:27:23.5877520Z Updating files:  86% (920/1067)
handle_failure	Run actions/checkout@v4	2026-02-03T17:27:25.5846274Z Updating files:  86% (921/1067)
handle_failure	Run actions/checkout@v4	2026-02-03T17:27:27.2033198Z Updating files:  86% (922/1067)
handle_failure	Run actions/checkout@v4	2026-02-03T17:27:29.6147832Z Updating files:  86% (923/1067)
handle_failure	Run actions/checkout@v4	2026-02-03T17:27:31.2651484Z Updating files:  86% (926/1067)
handle_failure	Run actions/checkout@v4	2026-02-03T17:27:32.1143082Z Updating files:  86% (927/1067)
handle_failure	Run actions/checkout@v4	2026-02-03T17:27:32.7622943Z Updating files:  87% (929/1067)
handle_failure	Run actions/checkout@v4	2026-02-03T17:27:33.5510017Z Updating files:  87% (930/1067)
handle_failure	Run actions/checkout@v4	2026-02-03T17:27:34.2885976Z Updating files:  87% (931/1067)
handle_failure	Run actions/checkout@v4	2026-02-03T17:27:36.1466294Z Updating files:  87% (932/1067)
handle_failure	Run actions/checkout@v4	2026-02-03T17:27:37.7226173Z Updating files:  87% (933/1067)
handle_failure	Run actions/checkout@v4	2026-02-03T17:27:40.6656775Z Updating files:  87% (934/1067)
handle_failure	Run actions/checkout@v4	2026-02-03T17:27:41.5157355Z Updating files:  87% (935/1067)
handle_failure	Run actions/checkout@v4	2026-02-03T17:27:42.4790930Z Updating files:  87% (936/1067)
handle_failure	Run actions/checkout@v4	2026-02-03T17:27:43.7832908Z Updating files:  87% (937/1067)
handle_failure	Run actions/checkout@v4	2026-02-03T17:27:43.7986457Z Updating files:  87% (938/1067)
handle_failure	Run actions/checkout@v4	2026-02-03T17:27:44.4310506Z Updating files:  88% (939/1067)
handle_failure	Run actions/checkout@v4	2026-02-03T17:27:46.4027563Z Updating files:  88% (940/1067)
handle_failure	Run actions/checkout@v4	2026-02-03T17:27:47.8645228Z Updating files:  88% (942/1067)
handle_failure	Run actions/checkout@v4	2026-02-03T17:27:49.5242725Z Updating files:  88% (943/1067)
handle_failure	Run actions/checkout@v4	2026-02-03T17:27:51.7499290Z Updating files:  88% (944/1067)
handle_failure	Run actions/checkout@v4	2026-02-03T17:27:51.9016864Z Updating files:  88% (946/1067)
handle_failure	Run actions/checkout@v4	2026-02-03T17:27:51.9043101Z Updating files:  89% (950/1067)
handle_failure	Run actions/checkout@v4	2026-02-03T17:27:52.2790390Z Updating files:  90% (961/1067)
handle_failure	Run actions/checkout@v4	2026-02-03T17:27:52.8052609Z Updating files:  90% (964/1067)
handle_failure	Run actions/checkout@v4	2026-02-03T17:27:52.8447067Z Updating files:  91% (971/1067)
handle_failure	Run actions/checkout@v4	2026-02-03T17:27:53.3187719Z Updating files:  92% (982/1067)
handle_failure	Run actions/checkout@v4	2026-02-03T17:27:53.3357299Z Updating files:  92% (987/1067)
handle_failure	Run actions/checkout@v4	2026-02-03T17:27:53.3546028Z Updating files:  93% (993/1067)
handle_failure	Run actions/checkout@v4	2026-02-03T17:27:53.4730621Z Updating files:  94% (1003/1067)
handle_failure	Run actions/checkout@v4	2026-02-03T17:27:53.4919081Z Updating files:  95% (1014/1067)
handle_failure	Run actions/checkout@v4	2026-02-03T17:27:53.4920485Z Updating files:  96% (1025/1067)
handle_failure	Run actions/checkout@v4	2026-02-03T17:27:53.4921450Z Updating files:  97% (1035/1067)
handle_failure	Run actions/checkout@v4	2026-02-03T17:27:53.5235784Z Updating files:  98% (1046/1067)
handle_failure	Run actions/checkout@v4	2026-02-03T17:27:53.5250634Z Updating files:  99% (1057/1067)
handle_failure	Run actions/checkout@v4	2026-02-03T17:27:53.5250982Z Updating files: 100% (1067/1067)
handle_failure	Run actions/checkout@v4	2026-02-03T17:27:53.5251301Z Updating files: 100% (1067/1067), done.
handle_failure	Run actions/checkout@v4	2026-02-03T17:27:56.4056373Z Switched to a new branch 'H2438-arreglo-de-despliegue-itop'
handle_failure	Run actions/checkout@v4	2026-02-03T17:27:56.4946053Z branch 'H2438-arreglo-de-despliegue-itop' set up to track 'origin/H2438-arreglo-de-despliegue-itop'.
handle_failure	Run actions/checkout@v4	2026-02-03T17:27:56.5675819Z ##[endgroup]
handle_failure	Run actions/checkout@v4	2026-02-03T17:27:56.7283683Z [command]/usr/bin/git log -1 --format=%H
handle_failure	Run actions/checkout@v4	2026-02-03T17:27:56.7329880Z 201eb217b9293eb98c1fc4722011ce80940d5545
handle_failure	Run /./.github/actions/install-gh-cli	﻿2026-02-03T17:27:58.1891196Z Prepare all required actions
handle_failure	Run /./.github/actions/install-gh-cli	2026-02-03T17:27:59.5769960Z ##[group]Run ./.github/actions/install-gh-cli
handle_failure	Run /./.github/actions/install-gh-cli	2026-02-03T17:27:59.5770341Z env:
handle_failure	Run /./.github/actions/install-gh-cli	2026-02-03T17:27:59.5770561Z   KAOS_MODULE: [Ka0S] JSON COMPLIANCE
handle_failure	Run /./.github/actions/install-gh-cli	2026-02-03T17:27:59.5771188Z   GH_TOKEN: ***
handle_failure	Run /./.github/actions/install-gh-cli	2026-02-03T17:27:59.5771480Z   KAOS_PRETTIER_CONFIG: compliance/json/.prettierrc.json
handle_failure	Run /./.github/actions/install-gh-cli	2026-02-03T17:27:59.5771843Z   KAOS_PATH_RESUME: audit/jsonlint/
handle_failure	Run /./.github/actions/install-gh-cli	2026-02-03T17:27:59.5772143Z   KAOS_REPO: /actions-runner/_work/kaos/kaos
handle_failure	Run /./.github/actions/install-gh-cli	2026-02-03T17:27:59.5772432Z   KAOS_STEP_MODULE: 
handle_failure	Run /./.github/actions/install-gh-cli	2026-02-03T17:27:59.5773129Z   KAOS_CODE: 21635087419
handle_failure	Run /./.github/actions/install-gh-cli	2026-02-03T17:27:59.5773359Z   KAOS_REF_BRANCH: main
handle_failure	Run /./.github/actions/install-gh-cli	2026-02-03T17:27:59.5773584Z ##[endgroup]
handle_failure	Run /./.github/actions/install-gh-cli	2026-02-03T17:28:00.5591482Z ##[group]Run type -p curl >/dev/null || (sudo apt-get update && sudo apt-get install curl -y)
handle_failure	Run /./.github/actions/install-gh-cli	2026-02-03T17:28:00.5592611Z [36;1mtype -p curl >/dev/null || (sudo apt-get update && sudo apt-get install curl -y)[0m
handle_failure	Run /./.github/actions/install-gh-cli	2026-02-03T17:28:00.5593920Z [36;1mcurl -fsSL https://cli.github.com/packages/githubcli-archive-keyring.gpg | sudo dd of=/usr/share/keyrings/githubcli-archive-keyring.gpg \[0m
handle_failure	Run /./.github/actions/install-gh-cli	2026-02-03T17:28:00.5595227Z [36;1m&& sudo chmod go+r /usr/share/keyrings/githubcli-archive-keyring.gpg \[0m
handle_failure	Run /./.github/actions/install-gh-cli	2026-02-03T17:28:00.5596726Z [36;1m&& echo "deb [arch=$(dpkg --print-architecture) signed-by=/usr/share/keyrings/githubcli-archive-keyring.gpg] https://cli.github.com/packages stable main" | sudo tee /etc/apt/sources.list.d/github-cli.list > /dev/null \[0m
handle_failure	Run /./.github/actions/install-gh-cli	2026-02-03T17:28:00.5598104Z [36;1m&& sudo apt-get update \[0m
handle_failure	Run /./.github/actions/install-gh-cli	2026-02-03T17:28:00.5598508Z [36;1m&& sudo apt-get install gh -y[0m
handle_failure	Run /./.github/actions/install-gh-cli	2026-02-03T17:28:00.5885684Z shell: /usr/bin/bash --noprofile --norc -e -o pipefail {0}
handle_failure	Run /./.github/actions/install-gh-cli	2026-02-03T17:28:00.5886149Z env:
handle_failure	Run /./.github/actions/install-gh-cli	2026-02-03T17:28:00.5886388Z   KAOS_MODULE: [Ka0S] JSON COMPLIANCE
handle_failure	Run /./.github/actions/install-gh-cli	2026-02-03T17:28:00.5887163Z   GH_TOKEN: ***
handle_failure	Run /./.github/actions/install-gh-cli	2026-02-03T17:28:00.5887476Z   KAOS_PRETTIER_CONFIG: compliance/json/.prettierrc.json
handle_failure	Run /./.github/actions/install-gh-cli	2026-02-03T17:28:00.5887833Z   KAOS_PATH_RESUME: audit/jsonlint/
handle_failure	Run /./.github/actions/install-gh-cli	2026-02-03T17:28:00.5888136Z   KAOS_REPO: /actions-runner/_work/kaos/kaos
handle_failure	Run /./.github/actions/install-gh-cli	2026-02-03T17:28:00.5888479Z   KAOS_STEP_MODULE: 
handle_failure	Run /./.github/actions/install-gh-cli	2026-02-03T17:28:00.5888693Z   KAOS_CODE: 21635087419
handle_failure	Run /./.github/actions/install-gh-cli	2026-02-03T17:28:00.5888925Z   KAOS_REF_BRANCH: main
handle_failure	Run /./.github/actions/install-gh-cli	2026-02-03T17:28:00.5889153Z ##[endgroup]
handle_failure	Run /./.github/actions/install-gh-cli	2026-02-03T17:28:47.2240014Z 4+1 records in
handle_failure	Run /./.github/actions/install-gh-cli	2026-02-03T17:28:47.2267842Z 4+1 records out
handle_failure	Run /./.github/actions/install-gh-cli	2026-02-03T17:28:47.2385701Z 2270 bytes (2.3 kB, 2.2 KiB) copied, 6.5057e-05 s, 34.9 MB/s
handle_failure	Run /./.github/actions/install-gh-cli	2026-02-03T17:29:19.0738900Z Get:1 http://security.ubuntu.com/ubuntu noble-security InRelease [126 kB]
handle_failure	Run /./.github/actions/install-gh-cli	2026-02-03T17:29:19.2316796Z Get:2 http://archive.ubuntu.com/ubuntu noble InRelease [256 kB]
handle_failure	Run /./.github/actions/install-gh-cli	2026-02-03T17:29:22.9258980Z Get:3 https://ppa.launchpadcontent.net/git-core/ppa/ubuntu noble InRelease [24.3 kB]
handle_failure	Run /./.github/actions/install-gh-cli	2026-02-03T17:29:22.9260556Z Get:4 https://cli.github.com/packages stable InRelease [3917 B]
handle_failure	Run /./.github/actions/install-gh-cli	2026-02-03T17:29:22.9262310Z Get:5 http://archive.ubuntu.com/ubuntu noble-updates InRelease [126 kB]
handle_failure	Run /./.github/actions/install-gh-cli	2026-02-03T17:29:22.9275716Z Get:6 http://archive.ubuntu.com/ubuntu noble-backports InRelease [126 kB]
handle_failure	Run /./.github/actions/install-gh-cli	2026-02-03T17:30:11.1478875Z Get:7 http://security.ubuntu.com/ubuntu noble-security/multiverse amd64 Packages [34.8 kB]
handle_failure	Run /./.github/actions/install-gh-cli	2026-02-03T17:30:13.0416258Z Get:8 http://security.ubuntu.com/ubuntu noble-security/restricted amd64 Packages [3008 kB]
handle_failure	Run /./.github/actions/install-gh-cli	2026-02-03T17:30:14.8496192Z Get:9 http://security.ubuntu.com/ubuntu noble-security/main amd64 Packages [1777 kB]
handle_failure	Run /./.github/actions/install-gh-cli	2026-02-03T17:30:15.4043167Z Get:10 http://security.ubuntu.com/ubuntu noble-security/universe amd64 Packages [1199 kB]
handle_failure	Run /./.github/actions/install-gh-cli	2026-02-03T17:30:24.8086563Z Get:11 https://ppa.launchpadcontent.net/git-core/ppa/ubuntu noble/main amd64 Packages [2994 B]
handle_failure	Run /./.github/actions/install-gh-cli	2026-02-03T17:30:37.8467730Z Get:12 https://cli.github.com/packages stable/main amd64 Packages [356 B]
handle_failure	Run /./.github/actions/install-gh-cli	2026-02-03T17:31:03.0058423Z Get:13 http://archive.ubuntu.com/ubuntu noble/multiverse amd64 Packages [331 kB]
handle_failure	Run /./.github/actions/install-gh-cli	2026-02-03T17:31:03.7857911Z Get:14 http://archive.ubuntu.com/ubuntu noble/main amd64 Packages [1808 kB]
handle_failure	Run /./.github/actions/install-gh-cli	2026-02-03T17:31:04.8451040Z Get:15 http://archive.ubuntu.com/ubuntu noble/universe amd64 Packages [19.3 MB]
handle_failure	Run /./.github/actions/install-gh-cli	2026-02-03T17:31:07.9226538Z Get:16 http://archive.ubuntu.com/ubuntu noble/restricted amd64 Packages [117 kB]
handle_failure	Run /./.github/actions/install-gh-cli	2026-02-03T17:31:13.8678888Z Get:17 http://archive.ubuntu.com/ubuntu noble-updates/multiverse amd64 Packages [38.1 kB]
handle_failure	Run /./.github/actions/install-gh-cli	2026-02-03T17:31:13.9458619Z Get:18 http://archive.ubuntu.com/ubuntu noble-updates/main amd64 Packages [2178 kB]
handle_failure	Run /./.github/actions/install-gh-cli	2026-02-03T17:31:14.5496763Z Get:19 http://archive.ubuntu.com/ubuntu noble-updates/universe amd64 Packages [1978 kB]
handle_failure	Run /./.github/actions/install-gh-cli	2026-02-03T17:31:14.7907024Z Get:20 http://archive.ubuntu.com/ubuntu noble-updates/restricted amd64 Packages [3233 kB]
handle_failure	Run /./.github/actions/install-gh-cli	2026-02-03T17:31:19.9869766Z Get:21 http://archive.ubuntu.com/ubuntu noble-backports/main amd64 Packages [49.5 kB]
handle_failure	Run /./.github/actions/install-gh-cli	2026-02-03T17:31:20.2209174Z Get:22 http://archive.ubuntu.com/ubuntu noble-backports/universe amd64 Packages [34.6 kB]
handle_failure	Run /./.github/actions/install-gh-cli	2026-02-03T17:31:22.8433411Z Fetched 35.8 MB in 2min 9s (278 kB/s)
handle_failure	Run /./.github/actions/install-gh-cli	2026-02-03T17:31:43.3985593Z Reading package lists...
handle_failure	Run /./.github/actions/install-gh-cli	2026-02-03T17:31:57.9617573Z Reading package lists...
handle_failure	Run /./.github/actions/install-gh-cli	2026-02-03T17:32:01.5085696Z Building dependency tree...
handle_failure	Run /./.github/actions/install-gh-cli	2026-02-03T17:32:01.5125888Z Reading state information...
handle_failure	Run /./.github/actions/install-gh-cli	2026-02-03T17:32:06.3971617Z The following NEW packages will be installed:
handle_failure	Run /./.github/actions/install-gh-cli	2026-02-03T17:32:06.4766694Z   gh
handle_failure	Run /./.github/actions/install-gh-cli	2026-02-03T17:32:07.3338745Z 0 upgraded, 1 newly installed, 0 to remove and 17 not upgraded.
handle_failure	Run /./.github/actions/install-gh-cli	2026-02-03T17:32:07.3547152Z Need to get 13.7 MB of archives.
handle_failure	Run /./.github/actions/install-gh-cli	2026-02-03T17:32:07.3547652Z After this operation, 37.9 MB of additional disk space will be used.
handle_failure	Run /./.github/actions/install-gh-cli	2026-02-03T17:32:07.3548269Z Get:1 https://cli.github.com/packages stable/main amd64 gh amd64 2.86.0 [13.7 MB]
handle_failure	Run /./.github/actions/install-gh-cli	2026-02-03T17:32:10.8471623Z debconf: delaying package configuration, since apt-utils is not installed
handle_failure	Run /./.github/actions/install-gh-cli	2026-02-03T17:32:11.7814207Z Fetched 13.7 MB in 2s (7538 kB/s)
handle_failure	Run /./.github/actions/install-gh-cli	2026-02-03T17:32:12.7333490Z Selecting previously unselected package gh.
handle_failure	Run /./.github/actions/install-gh-cli	2026-02-03T17:32:12.7752903Z (Reading database ... 
handle_failure	Run /./.github/actions/install-gh-cli	2026-02-03T17:32:12.7785398Z (Reading database ... 5%
handle_failure	Run /./.github/actions/install-gh-cli	2026-02-03T17:32:12.7870971Z (Reading database ... 10%
handle_failure	Run /./.github/actions/install-gh-cli	2026-02-03T17:32:12.7871577Z (Reading database ... 15%
handle_failure	Run /./.github/actions/install-gh-cli	2026-02-03T17:32:12.7871821Z (Reading database ... 20%
handle_failure	Run /./.github/actions/install-gh-cli	2026-02-03T17:32:12.7872086Z (Reading database ... 25%
handle_failure	Run /./.github/actions/install-gh-cli	2026-02-03T17:32:12.7872326Z (Reading database ... 30%
handle_failure	Run /./.github/actions/install-gh-cli	2026-02-03T17:32:12.7872559Z (Reading database ... 35%
handle_failure	Run /./.github/actions/install-gh-cli	2026-02-03T17:32:12.7872796Z (Reading database ... 40%
handle_failure	Run /./.github/actions/install-gh-cli	2026-02-03T17:32:12.8037056Z (Reading database ... 45%
handle_failure	Run /./.github/actions/install-gh-cli	2026-02-03T17:32:12.8042380Z (Reading database ... 50%
handle_failure	Run /./.github/actions/install-gh-cli	2026-02-03T17:32:12.8051599Z (Reading database ... 55%
handle_failure	Run /./.github/actions/install-gh-cli	2026-02-03T17:32:12.8055816Z (Reading database ... 60%
handle_failure	Run /./.github/actions/install-gh-cli	2026-02-03T17:32:12.8064333Z (Reading database ... 65%
handle_failure	Run /./.github/actions/install-gh-cli	2026-02-03T17:32:12.8495597Z (Reading database ... 70%
handle_failure	Run /./.github/actions/install-gh-cli	2026-02-03T17:32:12.8635635Z (Reading database ... 75%
handle_failure	Run /./.github/actions/install-gh-cli	2026-02-03T17:32:12.8854076Z (Reading database ... 80%
handle_failure	Run /./.github/actions/install-gh-cli	2026-02-03T17:32:12.8986941Z (Reading database ... 85%
handle_failure	Run /./.github/actions/install-gh-cli	2026-02-03T17:32:12.9053450Z (Reading database ... 90%
handle_failure	Run /./.github/actions/install-gh-cli	2026-02-03T17:32:12.9229709Z (Reading database ... 95%
handle_failure	Run /./.github/actions/install-gh-cli	2026-02-03T17:32:12.9230160Z (Reading database ... 100%
handle_failure	Run /./.github/actions/install-gh-cli	2026-02-03T17:32:12.9239369Z (Reading database ... 14385 files and directories currently installed.)
handle_failure	Run /./.github/actions/install-gh-cli	2026-02-03T17:32:12.9381509Z Preparing to unpack .../archives/gh_2.86.0_amd64.deb ...
handle_failure	Run /./.github/actions/install-gh-cli	2026-02-03T17:32:12.9692608Z Unpacking gh (2.86.0) ...
handle_failure	Run /./.github/actions/install-gh-cli	2026-02-03T17:32:15.7368098Z Setting up gh (2.86.0) ...
handle_failure	Notify Failure	﻿2026-02-03T17:32:16.4284104Z ##[group]Run gh issue create --title "[Ka0S] JSON COMPLIANCE Error in 21635087419" --label "bug" --body "Check logs: https://github.com/Ka0s-Klaus/ka0s/actions/runs/21635087419"
handle_failure	Notify Failure	2026-02-03T17:32:16.4449146Z [36;1mgh issue create --title "[Ka0S] JSON COMPLIANCE Error in 21635087419" --label "bug" --body "Check logs: https://github.com/Ka0s-Klaus/ka0s/actions/runs/21635087419"[0m
handle_failure	Notify Failure	2026-02-03T17:32:16.4450209Z [36;1mRNNUMBER=$(echo "refs/heads/H2438-arreglo-de-despliegue-itop" | grep -o '[0-9]*')[0m
handle_failure	Notify Failure	2026-02-03T17:32:16.4450916Z [36;1mgh issue comment $RNNUMBER --body "❌ El proceso de Compliance ha fallado 21635087419."[0m
handle_failure	Notify Failure	2026-02-03T17:32:16.4628867Z shell: /usr/bin/bash -e {0}
handle_failure	Notify Failure	2026-02-03T17:32:16.4629233Z env:
handle_failure	Notify Failure	2026-02-03T17:32:16.4629458Z   KAOS_MODULE: [Ka0S] JSON COMPLIANCE
handle_failure	Notify Failure	2026-02-03T17:32:16.4630072Z   GH_TOKEN: ***
handle_failure	Notify Failure	2026-02-03T17:32:16.4630361Z   KAOS_PRETTIER_CONFIG: compliance/json/.prettierrc.json
handle_failure	Notify Failure	2026-02-03T17:32:16.4630718Z   KAOS_PATH_RESUME: audit/jsonlint/
handle_failure	Notify Failure	2026-02-03T17:32:16.4631008Z   KAOS_REPO: /actions-runner/_work/kaos/kaos
handle_failure	Notify Failure	2026-02-03T17:32:16.4631365Z   KAOS_STEP_MODULE: 
handle_failure	Notify Failure	2026-02-03T17:32:16.4631588Z   KAOS_CODE: 21635087419
handle_failure	Notify Failure	2026-02-03T17:32:16.4631816Z   KAOS_REF_BRANCH: main
handle_failure	Notify Failure	2026-02-03T17:32:16.4632034Z ##[endgroup]
handle_failure	Notify Failure	2026-02-03T17:32:18.8630842Z https://github.com/Ka0s-Klaus/ka0s/issues/3160
handle_failure	Notify Failure	2026-02-03T17:32:20.4051983Z https://github.com/Ka0s-Klaus/ka0s/issues/2438#issuecomment-3842674419
handle_failure	Post Run actions/checkout@v4	﻿2026-02-03T17:32:21.6179129Z Post job cleanup.
handle_failure	Post Run actions/checkout@v4	2026-02-03T17:32:22.6375680Z [command]/usr/bin/git version
handle_failure	Post Run actions/checkout@v4	2026-02-03T17:32:22.7244000Z git version 2.52.0
handle_failure	Post Run actions/checkout@v4	2026-02-03T17:32:22.7800193Z Temporarily overriding HOME='/home/runner/_work/_temp/e0095582-f32e-4b29-be07-e0b657224975' before making global git config changes
handle_failure	Post Run actions/checkout@v4	2026-02-03T17:32:22.7848853Z Adding repository directory to the temporary git global config as a safe directory
handle_failure	Post Run actions/checkout@v4	2026-02-03T17:32:22.8006685Z [command]/usr/bin/git config --global --add safe.directory /home/runner/_work/ka0s/ka0s
handle_failure	Post Run actions/checkout@v4	2026-02-03T17:32:22.9283829Z [command]/usr/bin/git config --local --name-only --get-regexp core\.sshCommand
handle_failure	Post Run actions/checkout@v4	2026-02-03T17:32:23.0145763Z [command]/usr/bin/git submodule foreach --recursive sh -c "git config --local --name-only --get-regexp 'core\.sshCommand' && git config --local --unset-all 'core.sshCommand' || :"
handle_failure	Post Run actions/checkout@v4	2026-02-03T17:32:23.9066997Z [command]/usr/bin/git config --local --name-only --get-regexp http\.https\:\/\/github\.com\/\.extraheader
handle_failure	Post Run actions/checkout@v4	2026-02-03T17:32:23.9266463Z http.https://github.com/.extraheader
handle_failure	Post Run actions/checkout@v4	2026-02-03T17:32:23.9366026Z [command]/usr/bin/git config --local --unset-all http.https://github.com/.extraheader
handle_failure	Post Run actions/checkout@v4	2026-02-03T17:32:24.6157784Z [command]/usr/bin/git submodule foreach --recursive sh -c "git config --local --name-only --get-regexp 'http\.https\:\/\/github\.com\/\.extraheader' && git config --local --unset-all 'http.https://github.com/.extraheader' || :"
handle_failure	Post Run actions/checkout@v4	2026-02-03T17:32:24.8776009Z [command]/usr/bin/git config --local --name-only --get-regexp ^includeIf\.gitdir:
handle_failure	Post Run actions/checkout@v4	2026-02-03T17:32:24.8902575Z [command]/usr/bin/git submodule foreach --recursive git config --local --show-origin --name-only --get-regexp remote.origin.url
handle_failure	Complete job	﻿2026-02-03T17:32:25.3079577Z Cleaning up orphan processes
end-workflow	Set up job	﻿2026-02-03T17:45:28.9009647Z Current runner version: '2.331.0'
end-workflow	Set up job	2026-02-03T17:45:28.9019181Z Runner name: 'swarm-runners-scaleset-hkss5-runner-l29f2'
end-workflow	Set up job	2026-02-03T17:45:28.9020180Z Runner group name: 'Default'
end-workflow	Set up job	2026-02-03T17:45:28.9021288Z Machine name: 'swarm-runners-scaleset-hkss5-runner-l29f2'
end-workflow	Set up job	2026-02-03T17:45:28.9025244Z ##[group]GITHUB_TOKEN Permissions
end-workflow	Set up job	2026-02-03T17:45:28.9028262Z Actions: write
end-workflow	Set up job	2026-02-03T17:45:28.9028842Z Contents: write
end-workflow	Set up job	2026-02-03T17:45:28.9029313Z Issues: write
end-workflow	Set up job	2026-02-03T17:45:28.9029766Z Metadata: read
end-workflow	Set up job	2026-02-03T17:45:28.9030250Z PullRequests: write
end-workflow	Set up job	2026-02-03T17:45:28.9030725Z ##[endgroup]
end-workflow	Set up job	2026-02-03T17:45:28.9033232Z Secret source: Actions
end-workflow	Set up job	2026-02-03T17:45:28.9033970Z Prepare workflow directory
end-workflow	Set up job	2026-02-03T17:45:28.9776274Z Prepare all required actions
end-workflow	Set up job	2026-02-03T17:45:28.9834177Z Getting action download info
end-workflow	Set up job	2026-02-03T17:45:39.9474853Z Download action repository 'actions/checkout@v4' (SHA:34e114876b0b11c390a56381ad16ebd13914f8d5)
end-workflow	Set up job	2026-02-03T17:46:08.2540266Z Complete job name: end-workflow
end-workflow	Run actions/checkout@v4	﻿2026-02-03T17:46:12.8621552Z ##[group]Run actions/checkout@v4
end-workflow	Run actions/checkout@v4	2026-02-03T17:46:12.8653859Z with:
end-workflow	Run actions/checkout@v4	2026-02-03T17:46:12.8654314Z   repository: Ka0s-Klaus/ka0s
end-workflow	Run actions/checkout@v4	2026-02-03T17:46:12.8655012Z   token: ***
end-workflow	Run actions/checkout@v4	2026-02-03T17:46:12.8655262Z   ssh-strict: true
end-workflow	Run actions/checkout@v4	2026-02-03T17:46:12.8655502Z   ssh-user: git
end-workflow	Run actions/checkout@v4	2026-02-03T17:46:12.8655750Z   persist-credentials: true
end-workflow	Run actions/checkout@v4	2026-02-03T17:46:12.8656039Z   clean: true
end-workflow	Run actions/checkout@v4	2026-02-03T17:46:12.8656289Z   sparse-checkout-cone-mode: true
end-workflow	Run actions/checkout@v4	2026-02-03T17:46:12.8656589Z   fetch-depth: 1
end-workflow	Run actions/checkout@v4	2026-02-03T17:46:12.8656838Z   fetch-tags: false
end-workflow	Run actions/checkout@v4	2026-02-03T17:46:12.8657101Z   show-progress: true
end-workflow	Run actions/checkout@v4	2026-02-03T17:46:12.8657371Z   lfs: false
end-workflow	Run actions/checkout@v4	2026-02-03T17:46:12.8657605Z   submodules: false
end-workflow	Run actions/checkout@v4	2026-02-03T17:46:12.8657879Z   set-safe-directory: true
end-workflow	Run actions/checkout@v4	2026-02-03T17:46:12.8658803Z env:
end-workflow	Run actions/checkout@v4	2026-02-03T17:46:12.8659070Z   KAOS_MODULE: [Ka0S] JSON COMPLIANCE
end-workflow	Run actions/checkout@v4	2026-02-03T17:46:12.8659502Z   GH_TOKEN: ***
end-workflow	Run actions/checkout@v4	2026-02-03T17:46:12.8659805Z   KAOS_PRETTIER_CONFIG: compliance/json/.prettierrc.json
end-workflow	Run actions/checkout@v4	2026-02-03T17:46:12.8660195Z   KAOS_PATH_RESUME: audit/jsonlint/
end-workflow	Run actions/checkout@v4	2026-02-03T17:46:12.8660628Z   KAOS_REPO: /actions-runner/_work/kaos/kaos
end-workflow	Run actions/checkout@v4	2026-02-03T17:46:12.8660959Z   KAOS_STEP_MODULE: 
end-workflow	Run actions/checkout@v4	2026-02-03T17:46:12.8661215Z   KAOS_CODE: 21635087419
end-workflow	Run actions/checkout@v4	2026-02-03T17:46:12.8661472Z   KAOS_REF_BRANCH: main
end-workflow	Run actions/checkout@v4	2026-02-03T17:46:12.8661722Z ##[endgroup]
end-workflow	Run actions/checkout@v4	2026-02-03T17:46:18.8583254Z Syncing repository: Ka0s-Klaus/ka0s
end-workflow	Run actions/checkout@v4	2026-02-03T17:46:18.8585385Z ##[group]Getting Git version info
end-workflow	Run actions/checkout@v4	2026-02-03T17:46:18.8585841Z Working directory is '/home/runner/_work/ka0s/ka0s'
end-workflow	Run actions/checkout@v4	2026-02-03T17:46:18.9514080Z [command]/usr/bin/git version
end-workflow	Run actions/checkout@v4	2026-02-03T17:46:22.0333244Z git version 2.52.0
end-workflow	Run actions/checkout@v4	2026-02-03T17:46:22.5197708Z ##[endgroup]
end-workflow	Run actions/checkout@v4	2026-02-03T17:46:22.5997087Z Temporarily overriding HOME='/home/runner/_work/_temp/599cdd14-10fc-4663-b99e-0934ecfca7d6' before making global git config changes
end-workflow	Run actions/checkout@v4	2026-02-03T17:46:22.6196750Z Adding repository directory to the temporary git global config as a safe directory
end-workflow	Run actions/checkout@v4	2026-02-03T17:46:22.6369635Z [command]/usr/bin/git config --global --add safe.directory /home/runner/_work/ka0s/ka0s
end-workflow	Run actions/checkout@v4	2026-02-03T17:46:27.4320357Z Deleting the contents of '/home/runner/_work/ka0s/ka0s'
end-workflow	Run actions/checkout@v4	2026-02-03T17:46:27.4707814Z ##[group]Initializing the repository
end-workflow	Run actions/checkout@v4	2026-02-03T17:46:27.6602985Z [command]/usr/bin/git init /home/runner/_work/ka0s/ka0s
end-workflow	Run actions/checkout@v4	2026-02-03T17:46:30.0009221Z hint: Using 'master' as the name for the initial branch. This default branch name
end-workflow	Run actions/checkout@v4	2026-02-03T17:46:30.0086864Z hint: will change to "main" in Git 3.0. To configure the initial branch name
end-workflow	Run actions/checkout@v4	2026-02-03T17:46:30.0119911Z hint: to use in all of your new repositories, which will suppress this warning,
end-workflow	Run actions/checkout@v4	2026-02-03T17:46:30.0138550Z hint: call:
end-workflow	Run actions/checkout@v4	2026-02-03T17:46:30.0139163Z hint:
end-workflow	Run actions/checkout@v4	2026-02-03T17:46:30.0151663Z hint: 	git config --global init.defaultBranch <name>
end-workflow	Run actions/checkout@v4	2026-02-03T17:46:30.0152154Z hint:
end-workflow	Run actions/checkout@v4	2026-02-03T17:46:30.0161418Z hint: Names commonly chosen instead of 'master' are 'main', 'trunk' and
end-workflow	Run actions/checkout@v4	2026-02-03T17:46:30.0235779Z hint: 'development'. The just-created branch can be renamed via this command:
end-workflow	Run actions/checkout@v4	2026-02-03T17:46:30.0334075Z hint:
end-workflow	Run actions/checkout@v4	2026-02-03T17:46:30.0336459Z hint: 	git branch -m <name>
end-workflow	Run actions/checkout@v4	2026-02-03T17:46:30.0337307Z hint:
end-workflow	Run actions/checkout@v4	2026-02-03T17:46:30.0337981Z hint: Disable this message with "git config set advice.defaultBranchName false"
end-workflow	Run actions/checkout@v4	2026-02-03T17:46:30.0339035Z Initialized empty Git repository in /home/runner/_work/ka0s/ka0s/.git/
end-workflow	Run actions/checkout@v4	2026-02-03T17:46:30.8297001Z [command]/usr/bin/git remote add origin https://github.com/Ka0s-Klaus/ka0s
end-workflow	Run actions/checkout@v4	2026-02-03T17:46:32.4332714Z ##[endgroup]
end-workflow	Run actions/checkout@v4	2026-02-03T17:46:32.4333345Z ##[group]Disabling automatic garbage collection
end-workflow	Run actions/checkout@v4	2026-02-03T17:46:32.4333814Z [command]/usr/bin/git config --local gc.auto 0
end-workflow	Run actions/checkout@v4	2026-02-03T17:46:33.9380549Z ##[endgroup]
end-workflow	Run actions/checkout@v4	2026-02-03T17:46:33.9419198Z ##[group]Setting up auth
end-workflow	Run actions/checkout@v4	2026-02-03T17:46:33.9543843Z [command]/usr/bin/git config --local --name-only --get-regexp core\.sshCommand
end-workflow	Run actions/checkout@v4	2026-02-03T17:46:35.1326592Z [command]/usr/bin/git submodule foreach --recursive sh -c "git config --local --name-only --get-regexp 'core\.sshCommand' && git config --local --unset-all 'core.sshCommand' || :"
end-workflow	Run actions/checkout@v4	2026-02-03T17:46:44.2728288Z [command]/usr/bin/git config --local --name-only --get-regexp http\.https\:\/\/github\.com\/\.extraheader
end-workflow	Run actions/checkout@v4	2026-02-03T17:46:44.5859836Z [command]/usr/bin/git submodule foreach --recursive sh -c "git config --local --name-only --get-regexp 'http\.https\:\/\/github\.com\/\.extraheader' && git config --local --unset-all 'http.https://github.com/.extraheader' || :"
end-workflow	Run actions/checkout@v4	2026-02-03T17:46:56.9324165Z [command]/usr/bin/git config --local --name-only --get-regexp ^includeIf\.gitdir:
end-workflow	Run actions/checkout@v4	2026-02-03T17:46:58.2474041Z [command]/usr/bin/git submodule foreach --recursive git config --local --show-origin --name-only --get-regexp remote.origin.url
end-workflow	Run actions/checkout@v4	2026-02-03T17:47:10.0916081Z [command]/usr/bin/git config --local http.https://github.com/.extraheader AUTHORIZATION: basic ***
end-workflow	Run actions/checkout@v4	2026-02-03T17:47:11.3801490Z ##[endgroup]
end-workflow	Run actions/checkout@v4	2026-02-03T17:47:11.3816876Z ##[group]Fetching the repository
end-workflow	Run actions/checkout@v4	2026-02-03T17:47:11.3996953Z [command]/usr/bin/git -c protocol.version=2 fetch --no-tags --prune --no-recurse-submodules --depth=1 origin +201eb217b9293eb98c1fc4722011ce80940d5545:refs/remotes/origin/H2438-arreglo-de-despliegue-itop
end-workflow	Run actions/checkout@v4	2026-02-03T17:48:32.5143856Z From https://github.com/Ka0s-Klaus/ka0s
end-workflow	Run actions/checkout@v4	2026-02-03T17:48:32.5319971Z  * [new ref]         201eb217b9293eb98c1fc4722011ce80940d5545 -> origin/H2438-arreglo-de-despliegue-itop
end-workflow	Run actions/checkout@v4	2026-02-03T17:48:32.8545752Z ##[endgroup]
end-workflow	Run actions/checkout@v4	2026-02-03T17:48:32.8626527Z ##[group]Determining the checkout info
end-workflow	Run actions/checkout@v4	2026-02-03T17:48:32.8627473Z ##[endgroup]
end-workflow	Run actions/checkout@v4	2026-02-03T17:48:32.8640942Z [command]/usr/bin/git sparse-checkout disable
end-workflow	Run actions/checkout@v4	2026-02-03T17:48:33.6880258Z [command]/usr/bin/git config --local --unset-all extensions.worktreeConfig
end-workflow	Run actions/checkout@v4	2026-02-03T17:48:33.8278387Z ##[group]Checking out the ref
end-workflow	Run actions/checkout@v4	2026-02-03T17:48:33.8320030Z [command]/usr/bin/git checkout --progress --force -B H2438-arreglo-de-despliegue-itop refs/remotes/origin/H2438-arreglo-de-despliegue-itop
end-workflow	Run actions/checkout@v4	2026-02-03T17:48:35.4607710Z Updating files:   5% (59/1067)
end-workflow	Run actions/checkout@v4	2026-02-03T17:48:35.5260042Z Updating files:   6% (65/1067)
end-workflow	Run actions/checkout@v4	2026-02-03T17:48:35.9120619Z Updating files:   7% (75/1067)
end-workflow	Run actions/checkout@v4	2026-02-03T17:48:36.2135242Z Updating files:   8% (86/1067)
end-workflow	Run actions/checkout@v4	2026-02-03T17:48:36.4841702Z Updating files:   9% (97/1067)
end-workflow	Run actions/checkout@v4	2026-02-03T17:48:37.3516495Z Updating files:   9% (99/1067)
end-workflow	Run actions/checkout@v4	2026-02-03T17:48:37.5712420Z Updating files:   9% (105/1067)
end-workflow	Run actions/checkout@v4	2026-02-03T17:48:38.6400625Z Updating files:  10% (107/1067)
end-workflow	Run actions/checkout@v4	2026-02-03T17:48:38.6414370Z Updating files:  10% (117/1067)
end-workflow	Run actions/checkout@v4	2026-02-03T17:48:39.3920369Z Updating files:  11% (118/1067)
end-workflow	Run actions/checkout@v4	2026-02-03T17:48:39.3926062Z Updating files:  11% (125/1067)
end-workflow	Run actions/checkout@v4	2026-02-03T17:48:40.5462591Z Updating files:  12% (129/1067)
end-workflow	Run actions/checkout@v4	2026-02-03T17:48:41.0674523Z Updating files:  12% (134/1067)
end-workflow	Run actions/checkout@v4	2026-02-03T17:48:41.0842589Z Updating files:  13% (139/1067)
end-workflow	Run actions/checkout@v4	2026-02-03T17:48:41.5596050Z Updating files:  14% (150/1067)
end-workflow	Run actions/checkout@v4	2026-02-03T17:48:41.6310443Z Updating files:  14% (153/1067)
end-workflow	Run actions/checkout@v4	2026-02-03T17:48:42.4553406Z Updating files:  15% (161/1067)
end-workflow	Run actions/checkout@v4	2026-02-03T17:48:42.4553759Z Updating files:  15% (163/1067)
end-workflow	Run actions/checkout@v4	2026-02-03T17:48:42.9733261Z Updating files:  16% (171/1067)
end-workflow	Run actions/checkout@v4	2026-02-03T17:48:43.1888046Z Updating files:  17% (182/1067)
end-workflow	Run actions/checkout@v4	2026-02-03T17:48:43.4791886Z Updating files:  18% (193/1067)
end-workflow	Run actions/checkout@v4	2026-02-03T17:48:43.4799278Z Updating files:  18% (194/1067)
end-workflow	Run actions/checkout@v4	2026-02-03T17:48:43.4843578Z Updating files:  19% (203/1067)
end-workflow	Run actions/checkout@v4	2026-02-03T17:48:43.4900853Z Updating files:  20% (214/1067)
end-workflow	Run actions/checkout@v4	2026-02-03T17:48:43.4901424Z Updating files:  21% (225/1067)
end-workflow	Run actions/checkout@v4	2026-02-03T17:48:43.9661093Z Updating files:  22% (235/1067)
end-workflow	Run actions/checkout@v4	2026-02-03T17:48:43.9727661Z Updating files:  23% (246/1067)
end-workflow	Run actions/checkout@v4	2026-02-03T17:48:43.9761413Z Updating files:  24% (257/1067)
end-workflow	Run actions/checkout@v4	2026-02-03T17:48:46.1018539Z Updating files:  25% (267/1067)
end-workflow	Run actions/checkout@v4	2026-02-03T17:48:48.3208138Z Updating files:  25% (268/1067)
end-workflow	Run actions/checkout@v4	2026-02-03T17:48:52.2424263Z Updating files:  25% (269/1067)
end-workflow	Run actions/checkout@v4	2026-02-03T17:48:54.9605578Z Updating files:  25% (270/1067)
end-workflow	Run actions/checkout@v4	2026-02-03T17:48:55.4068707Z Updating files:  25% (271/1067)
end-workflow	Run actions/checkout@v4	2026-02-03T17:48:57.6326937Z Updating files:  25% (272/1067)
end-workflow	Run actions/checkout@v4	2026-02-03T17:49:01.6475829Z Updating files:  25% (273/1067)
end-workflow	Run actions/checkout@v4	2026-02-03T17:49:06.2606894Z Updating files:  25% (274/1067)
end-workflow	Run actions/checkout@v4	2026-02-03T17:49:09.7071023Z Updating files:  25% (275/1067)
end-workflow	Run actions/checkout@v4	2026-02-03T17:49:11.4190335Z Updating files:  25% (276/1067)
end-workflow	Run actions/checkout@v4	2026-02-03T17:49:13.7951383Z Updating files:  25% (277/1067)
end-workflow	Run actions/checkout@v4	2026-02-03T17:49:15.2826731Z Updating files:  26% (278/1067)
end-workflow	Run actions/checkout@v4	2026-02-03T17:49:17.9767193Z Updating files:  26% (279/1067)
end-workflow	Run actions/checkout@v4	2026-02-03T17:49:20.7184494Z Updating files:  26% (280/1067)
end-workflow	Run actions/checkout@v4	2026-02-03T17:49:22.4608223Z Updating files:  26% (281/1067)
end-workflow	Run actions/checkout@v4	2026-02-03T17:49:23.6660088Z Updating files:  26% (282/1067)
end-workflow	Run actions/checkout@v4	2026-02-03T17:49:25.1548257Z Updating files:  26% (283/1067)
end-workflow	Run actions/checkout@v4	2026-02-03T17:49:26.7247439Z Updating files:  26% (284/1067)
end-workflow	Run actions/checkout@v4	2026-02-03T17:49:28.1367075Z Updating files:  26% (285/1067)
end-workflow	Run actions/checkout@v4	2026-02-03T17:49:28.1367794Z Updating files:  26% (286/1067)
end-workflow	Run actions/checkout@v4	2026-02-03T17:49:29.6296825Z Updating files:  27% (289/1067)
end-workflow	Run actions/checkout@v4	2026-02-03T17:49:30.9333683Z Updating files:  27% (290/1067)
end-workflow	Run actions/checkout@v4	2026-02-03T17:49:31.4481292Z Updating files:  27% (291/1067)
end-workflow	Run actions/checkout@v4	2026-02-03T17:49:37.0082924Z Updating files:  27% (293/1067)
end-workflow	Run actions/checkout@v4	2026-02-03T17:49:43.1165734Z Updating files:  27% (294/1067)
end-workflow	Run actions/checkout@v4	2026-02-03T17:49:43.6493004Z Updating files:  27% (295/1067)
end-workflow	Run actions/checkout@v4	2026-02-03T17:49:43.6561215Z Updating files:  27% (298/1067)
end-workflow	Run actions/checkout@v4	2026-02-03T17:49:46.6498253Z Updating files:  28% (299/1067)
end-workflow	Run actions/checkout@v4	2026-02-03T17:49:46.6558933Z Updating files:  28% (300/1067)
end-workflow	Run actions/checkout@v4	2026-02-03T17:49:46.6579610Z Updating files:  29% (310/1067)
end-workflow	Run actions/checkout@v4	2026-02-03T17:49:46.6603966Z Updating files:  30% (321/1067)
end-workflow	Run actions/checkout@v4	2026-02-03T17:49:46.6647997Z Updating files:  31% (331/1067)
end-workflow	Run actions/checkout@v4	2026-02-03T17:49:46.6677800Z Updating files:  32% (342/1067)
end-workflow	Run actions/checkout@v4	2026-02-03T17:49:46.6696978Z Updating files:  33% (353/1067)
end-workflow	Run actions/checkout@v4	2026-02-03T17:49:46.6720241Z Updating files:  34% (363/1067)
end-workflow	Run actions/checkout@v4	2026-02-03T17:49:46.6726128Z Updating files:  35% (374/1067)
end-workflow	Run actions/checkout@v4	2026-02-03T17:49:46.6751163Z Updating files:  36% (385/1067)
end-workflow	Run actions/checkout@v4	2026-02-03T17:49:46.6765669Z Updating files:  37% (395/1067)
end-workflow	Run actions/checkout@v4	2026-02-03T17:49:46.6796072Z Updating files:  38% (406/1067)
end-workflow	Run actions/checkout@v4	2026-02-03T17:49:46.6837673Z Updating files:  39% (417/1067)
end-workflow	Run actions/checkout@v4	2026-02-03T17:49:46.6850687Z Updating files:  40% (427/1067)
end-workflow	Run actions/checkout@v4	2026-02-03T17:49:46.6900336Z Updating files:  41% (438/1067)
end-workflow	Run actions/checkout@v4	2026-02-03T17:49:46.7009065Z Updating files:  42% (449/1067)
end-workflow	Run actions/checkout@v4	2026-02-03T17:49:46.7122069Z Updating files:  43% (459/1067)
end-workflow	Run actions/checkout@v4	2026-02-03T17:49:46.7244440Z Updating files:  44% (470/1067)
end-workflow	Run actions/checkout@v4	2026-02-03T17:49:46.7426134Z Updating files:  45% (481/1067)
end-workflow	Run actions/checkout@v4	2026-02-03T17:49:47.8217882Z Updating files:  46% (491/1067)
end-workflow	Run actions/checkout@v4	2026-02-03T17:49:48.5056990Z Updating files:  47% (502/1067)
end-workflow	Run actions/checkout@v4	2026-02-03T17:49:49.6220280Z Updating files:  47% (503/1067)
end-workflow	Run actions/checkout@v4	2026-02-03T17:49:50.6991530Z Updating files:  47% (504/1067)
end-workflow	Run actions/checkout@v4	2026-02-03T17:49:51.8237875Z Updating files:  47% (506/1067)
end-workflow	Run actions/checkout@v4	2026-02-03T17:49:51.8415308Z Updating files:  47% (507/1067)
end-workflow	Run actions/checkout@v4	2026-02-03T17:49:51.8465487Z Updating files:  48% (513/1067)
end-workflow	Run actions/checkout@v4	2026-02-03T17:49:51.8599434Z Updating files:  49% (523/1067)
end-workflow	Run actions/checkout@v4	2026-02-03T17:49:52.8131308Z Updating files:  50% (534/1067)
end-workflow	Run actions/checkout@v4	2026-02-03T17:49:52.8210809Z Updating files:  51% (545/1067)
end-workflow	Run actions/checkout@v4	2026-02-03T17:49:52.8669634Z Updating files:  52% (555/1067)
end-workflow	Run actions/checkout@v4	2026-02-03T17:49:52.8855369Z Updating files:  53% (566/1067)
end-workflow	Run actions/checkout@v4	2026-02-03T17:49:52.8971139Z Updating files:  54% (577/1067)
end-workflow	Run actions/checkout@v4	2026-02-03T17:49:55.7715587Z Updating files:  55% (587/1067)
end-workflow	Run actions/checkout@v4	2026-02-03T17:50:16.2349163Z Updating files:  55% (590/1067)
end-workflow	Run actions/checkout@v4	2026-02-03T17:50:16.2541689Z Updating files:  55% (591/1067)
end-workflow	Run actions/checkout@v4	2026-02-03T17:50:16.5542101Z Updating files:  56% (598/1067)
end-workflow	Run actions/checkout@v4	2026-02-03T17:50:16.8482479Z Updating files:  56% (601/1067)
end-workflow	Run actions/checkout@v4	2026-02-03T17:50:17.5430566Z Updating files:  57% (609/1067)
end-workflow	Run actions/checkout@v4	2026-02-03T17:50:18.0256535Z Updating files:  57% (613/1067)
end-workflow	Run actions/checkout@v4	2026-02-03T17:50:18.0257307Z Updating files:  58% (619/1067)
end-workflow	Run actions/checkout@v4	2026-02-03T17:50:18.0301217Z Updating files:  59% (630/1067)
end-workflow	Run actions/checkout@v4	2026-02-03T17:50:18.0327527Z Updating files:  60% (641/1067)
end-workflow	Run actions/checkout@v4	2026-02-03T17:50:18.0499160Z Updating files:  61% (651/1067)
end-workflow	Run actions/checkout@v4	2026-02-03T17:50:18.0586888Z Updating files:  62% (662/1067)
end-workflow	Run actions/checkout@v4	2026-02-03T17:50:18.1827572Z Updating files:  63% (673/1067)
end-workflow	Run actions/checkout@v4	2026-02-03T17:50:18.1842729Z Updating files:  64% (683/1067)
end-workflow	Run actions/checkout@v4	2026-02-03T17:50:18.1855540Z Updating files:  65% (694/1067)
end-workflow	Run actions/checkout@v4	2026-02-03T17:50:18.1875517Z Updating files:  66% (705/1067)
end-workflow	Run actions/checkout@v4	2026-02-03T17:50:20.2945627Z Updating files:  67% (715/1067)
end-workflow	Run actions/checkout@v4	2026-02-03T17:50:20.2959824Z Updating files:  67% (722/1067)
end-workflow	Run actions/checkout@v4	2026-02-03T17:50:24.4448739Z Updating files:  68% (726/1067)
end-workflow	Run actions/checkout@v4	2026-02-03T17:50:24.5593987Z Updating files:  68% (727/1067)
end-workflow	Run actions/checkout@v4	2026-02-03T17:50:24.7733054Z Updating files:  69% (737/1067)
end-workflow	Run actions/checkout@v4	2026-02-03T17:50:25.0086773Z Updating files:  70% (747/1067)
end-workflow	Run actions/checkout@v4	2026-02-03T17:50:25.0338967Z Updating files:  71% (758/1067)
end-workflow	Run actions/checkout@v4	2026-02-03T17:50:25.1871936Z Updating files:  72% (769/1067)
end-workflow	Run actions/checkout@v4	2026-02-03T17:50:25.1893717Z Updating files:  73% (779/1067)
end-workflow	Run actions/checkout@v4	2026-02-03T17:50:25.1924059Z Updating files:  74% (790/1067)
end-workflow	Run actions/checkout@v4	2026-02-03T17:50:25.1975924Z Updating files:  75% (801/1067)
end-workflow	Run actions/checkout@v4	2026-02-03T17:50:25.1996792Z Updating files:  76% (811/1067)
end-workflow	Run actions/checkout@v4	2026-02-03T17:50:25.2340552Z Updating files:  77% (822/1067)
end-workflow	Run actions/checkout@v4	2026-02-03T17:50:25.4392455Z Updating files:  78% (833/1067)
end-workflow	Run actions/checkout@v4	2026-02-03T17:50:26.4812831Z Updating files:  78% (838/1067)
end-workflow	Run actions/checkout@v4	2026-02-03T17:50:27.4914432Z Updating files:  78% (840/1067)
end-workflow	Run actions/checkout@v4	2026-02-03T17:50:34.4278783Z Updating files:  78% (841/1067)
end-workflow	Run actions/checkout@v4	2026-02-03T17:50:35.6413145Z Updating files:  79% (843/1067)
end-workflow	Run actions/checkout@v4	2026-02-03T17:50:36.5418275Z Updating files:  79% (844/1067)
end-workflow	Run actions/checkout@v4	2026-02-03T17:50:38.3626350Z Updating files:  79% (845/1067)
end-workflow	Run actions/checkout@v4	2026-02-03T17:50:47.3465932Z Updating files:  79% (846/1067)
end-workflow	Run actions/checkout@v4	2026-02-03T17:50:51.9655466Z Updating files:  79% (847/1067)
end-workflow	Run actions/checkout@v4	2026-02-03T17:50:53.7245712Z Updating files:  79% (848/1067)
end-workflow	Run actions/checkout@v4	2026-02-03T17:50:55.3414460Z Updating files:  79% (849/1067)
end-workflow	Run actions/checkout@v4	2026-02-03T17:50:56.8035921Z Updating files:  79% (850/1067)
end-workflow	Run actions/checkout@v4	2026-02-03T17:50:57.2631915Z Updating files:  79% (853/1067)
end-workflow	Run actions/checkout@v4	2026-02-03T17:50:58.4573896Z Updating files:  80% (854/1067)
end-workflow	Run actions/checkout@v4	2026-02-03T17:51:00.2070331Z Updating files:  80% (856/1067)
end-workflow	Run actions/checkout@v4	2026-02-03T17:51:01.5644356Z Updating files:  80% (860/1067)
end-workflow	Run actions/checkout@v4	2026-02-03T17:51:02.4734736Z Updating files:  80% (861/1067)
end-workflow	Run actions/checkout@v4	2026-02-03T17:51:03.4383492Z Updating files:  80% (862/1067)
end-workflow	Run actions/checkout@v4	2026-02-03T17:51:04.5697328Z Updating files:  80% (864/1067)
end-workflow	Run actions/checkout@v4	2026-02-03T17:51:06.1017315Z Updating files:  81% (865/1067)
end-workflow	Run actions/checkout@v4	2026-02-03T17:51:06.8955130Z Updating files:  81% (868/1067)
end-workflow	Run actions/checkout@v4	2026-02-03T17:51:07.7008709Z Updating files:  81% (869/1067)
end-workflow	Run actions/checkout@v4	2026-02-03T17:51:08.9399384Z Updating files:  81% (870/1067)
end-workflow	Run actions/checkout@v4	2026-02-03T17:51:10.5684219Z Updating files:  81% (871/1067)
end-workflow	Run actions/checkout@v4	2026-02-03T17:51:12.2696145Z Updating files:  81% (872/1067)
end-workflow	Run actions/checkout@v4	2026-02-03T17:51:13.9891421Z Updating files:  81% (873/1067)
end-workflow	Run actions/checkout@v4	2026-02-03T17:51:14.2525699Z Updating files:  81% (874/1067)
end-workflow	Run actions/checkout@v4	2026-02-03T17:51:15.6773450Z Updating files:  82% (875/1067)
end-workflow	Run actions/checkout@v4	2026-02-03T17:51:16.6776470Z Updating files:  82% (876/1067)
end-workflow	Run actions/checkout@v4	2026-02-03T17:51:23.8186224Z Updating files:  82% (877/1067)
end-workflow	Run actions/checkout@v4	2026-02-03T17:51:24.4583498Z Updating files:  82% (880/1067)
end-workflow	Run actions/checkout@v4	2026-02-03T17:51:25.4141564Z Updating files:  82% (881/1067)
end-workflow	Run actions/checkout@v4	2026-02-03T17:51:26.3856211Z Updating files:  82% (883/1067)
end-workflow	Run actions/checkout@v4	2026-02-03T17:51:27.6378157Z Updating files:  82% (884/1067)
end-workflow	Run actions/checkout@v4	2026-02-03T17:51:29.3160026Z Updating files:  83% (886/1067)
end-workflow	Run actions/checkout@v4	2026-02-03T17:51:29.3172206Z Updating files:  83% (887/1067)
end-workflow	Run actions/checkout@v4	2026-02-03T17:51:30.3249080Z Updating files:  83% (889/1067)
end-workflow	Run actions/checkout@v4	2026-02-03T17:51:31.4050044Z Updating files:  83% (890/1067)
end-workflow	Run actions/checkout@v4	2026-02-03T17:51:32.4979387Z Updating files:  83% (891/1067)
end-workflow	Run actions/checkout@v4	2026-02-03T17:51:33.8103536Z Updating files:  83% (895/1067)
end-workflow	Run actions/checkout@v4	2026-02-03T17:51:33.8430512Z Updating files:  83% (896/1067)
end-workflow	Run actions/checkout@v4	2026-02-03T17:51:35.9963020Z Updating files:  84% (897/1067)
end-workflow	Run actions/checkout@v4	2026-02-03T17:51:36.5375813Z Updating files:  84% (898/1067)
end-workflow	Run actions/checkout@v4	2026-02-03T17:51:37.6722200Z Updating files:  84% (899/1067)
end-workflow	Run actions/checkout@v4	2026-02-03T17:51:39.9539396Z Updating files:  84% (901/1067)
end-workflow	Run actions/checkout@v4	2026-02-03T17:51:42.0151875Z Updating files:  84% (905/1067)
end-workflow	Run actions/checkout@v4	2026-02-03T17:51:42.8969451Z Updating files:  84% (906/1067)
end-workflow	Run actions/checkout@v4	2026-02-03T17:51:43.7473589Z Updating files:  85% (907/1067)
end-workflow	Run actions/checkout@v4	2026-02-03T17:51:46.1112548Z Updating files:  85% (908/1067)
end-workflow	Run actions/checkout@v4	2026-02-03T17:51:46.9422754Z Updating files:  85% (911/1067)
end-workflow	Run actions/checkout@v4	2026-02-03T17:51:47.7339334Z Updating files:  85% (912/1067)
end-workflow	Run actions/checkout@v4	2026-02-03T17:51:48.8057900Z Updating files:  85% (913/1067)
end-workflow	Run actions/checkout@v4	2026-02-03T17:51:49.8831662Z Updating files:  85% (916/1067)
end-workflow	Run actions/checkout@v4	2026-02-03T17:51:50.9038187Z Updating files:  85% (917/1067)
end-workflow	Run actions/checkout@v4	2026-02-03T17:51:52.0745717Z Updating files:  86% (918/1067)
end-workflow	Run actions/checkout@v4	2026-02-03T17:51:58.6900076Z Updating files:  86% (919/1067)
end-workflow	Run actions/checkout@v4	2026-02-03T17:52:04.5019612Z Updating files:  86% (920/1067)
end-workflow	Run actions/checkout@v4	2026-02-03T17:52:11.2502459Z Updating files:  86% (921/1067)
end-workflow	Run actions/checkout@v4	2026-02-03T17:52:16.9848705Z Updating files:  86% (922/1067)
end-workflow	Run actions/checkout@v4	2026-02-03T17:52:17.7887332Z Updating files:  86% (923/1067)
end-workflow	Run actions/checkout@v4	2026-02-03T17:52:18.5558920Z Updating files:  86% (924/1067)
end-workflow	Run actions/checkout@v4	2026-02-03T17:52:19.8321040Z Updating files:  86% (925/1067)
end-workflow	Run actions/checkout@v4	2026-02-03T17:52:21.2001401Z Updating files:  86% (926/1067)
end-workflow	Run actions/checkout@v4	2026-02-03T17:52:21.7183343Z Updating files:  86% (927/1067)
end-workflow	Run actions/checkout@v4	2026-02-03T17:52:22.7986665Z Updating files:  86% (928/1067)
end-workflow	Run actions/checkout@v4	2026-02-03T17:52:25.3698132Z Updating files:  87% (929/1067)
end-workflow	Run actions/checkout@v4	2026-02-03T17:52:26.9266025Z Updating files:  87% (930/1067)
end-workflow	Run actions/checkout@v4	2026-02-03T17:52:27.4986111Z Updating files:  87% (933/1067)
end-workflow	Run actions/checkout@v4	2026-02-03T17:52:28.7960695Z Updating files:  87% (934/1067)
end-workflow	Run actions/checkout@v4	2026-02-03T17:52:29.7076088Z Updating files:  87% (936/1067)
end-workflow	Run actions/checkout@v4	2026-02-03T17:52:31.4598501Z Updating files:  87% (937/1067)
end-workflow	Run actions/checkout@v4	2026-02-03T17:52:32.4151793Z Updating files:  87% (938/1067)
end-workflow	Run actions/checkout@v4	2026-02-03T17:52:35.1491784Z Updating files:  88% (939/1067)
end-workflow	Run actions/checkout@v4	2026-02-03T17:52:36.0437736Z Updating files:  88% (942/1067)
end-workflow	Run actions/checkout@v4	2026-02-03T17:52:38.8815291Z Updating files:  88% (943/1067)
end-workflow	Run actions/checkout@v4	2026-02-03T17:52:41.4289399Z Updating files:  88% (944/1067)
end-workflow	Run actions/checkout@v4	2026-02-03T17:52:43.3720237Z Updating files:  88% (945/1067)
end-workflow	Run actions/checkout@v4	2026-02-03T17:52:43.4099384Z Updating files:  88% (946/1067)
end-workflow	Run actions/checkout@v4	2026-02-03T17:52:43.4240528Z Updating files:  89% (950/1067)
end-workflow	Run actions/checkout@v4	2026-02-03T17:52:43.4757683Z Updating files:  90% (961/1067)
end-workflow	Run actions/checkout@v4	2026-02-03T17:52:44.7186399Z Updating files:  91% (971/1067)
end-workflow	Run actions/checkout@v4	2026-02-03T17:52:44.8869596Z Updating files:  91% (975/1067)
end-workflow	Run actions/checkout@v4	2026-02-03T17:52:44.9131760Z Updating files:  92% (982/1067)
end-workflow	Run actions/checkout@v4	2026-02-03T17:52:44.9132624Z Updating files:  93% (993/1067)
end-workflow	Run actions/checkout@v4	2026-02-03T17:52:47.7965071Z Updating files:  94% (1003/1067)
end-workflow	Run actions/checkout@v4	2026-02-03T17:52:47.8236579Z Updating files:  94% (1004/1067)
end-workflow	Run actions/checkout@v4	2026-02-03T17:52:47.8401092Z Updating files:  95% (1014/1067)
end-workflow	Run actions/checkout@v4	2026-02-03T17:52:47.8462374Z Updating files:  96% (1025/1067)
end-workflow	Run actions/checkout@v4	2026-02-03T17:52:47.8545494Z Updating files:  97% (1035/1067)
end-workflow	Run actions/checkout@v4	2026-02-03T17:52:47.8595195Z Updating files:  98% (1046/1067)
end-workflow	Run actions/checkout@v4	2026-02-03T17:52:47.8665213Z Updating files:  99% (1057/1067)
end-workflow	Run actions/checkout@v4	2026-02-03T17:52:47.8666035Z Updating files: 100% (1067/1067)
end-workflow	Run actions/checkout@v4	2026-02-03T17:52:47.8666604Z Updating files: 100% (1067/1067), done.
end-workflow	Run actions/checkout@v4	2026-02-03T17:52:51.8660513Z Switched to a new branch 'H2438-arreglo-de-despliegue-itop'
end-workflow	Run actions/checkout@v4	2026-02-03T17:52:51.8698834Z branch 'H2438-arreglo-de-despliegue-itop' set up to track 'origin/H2438-arreglo-de-despliegue-itop'.
end-workflow	Run actions/checkout@v4	2026-02-03T17:52:51.9347154Z ##[endgroup]
end-workflow	Run actions/checkout@v4	2026-02-03T17:52:52.0792877Z [command]/usr/bin/git log -1 --format=%H
end-workflow	Run actions/checkout@v4	2026-02-03T17:52:52.0859630Z 201eb217b9293eb98c1fc4722011ce80940d5545
end-workflow	Run /./.github/actions/install-gh-cli	﻿2026-02-03T17:52:55.6528269Z Prepare all required actions
end-workflow	Run /./.github/actions/install-gh-cli	2026-02-03T17:52:56.4425885Z ##[group]Run ./.github/actions/install-gh-cli
end-workflow	Run /./.github/actions/install-gh-cli	2026-02-03T17:52:56.4426269Z env:
end-workflow	Run /./.github/actions/install-gh-cli	2026-02-03T17:52:56.4426490Z   KAOS_MODULE: [Ka0S] JSON COMPLIANCE
end-workflow	Run /./.github/actions/install-gh-cli	2026-02-03T17:52:56.4427226Z   GH_TOKEN: ***
end-workflow	Run /./.github/actions/install-gh-cli	2026-02-03T17:52:56.4427834Z   KAOS_PRETTIER_CONFIG: compliance/json/.prettierrc.json
end-workflow	Run /./.github/actions/install-gh-cli	2026-02-03T17:52:56.4428799Z   KAOS_PATH_RESUME: audit/jsonlint/
end-workflow	Run /./.github/actions/install-gh-cli	2026-02-03T17:52:56.4429232Z   KAOS_REPO: /actions-runner/_work/kaos/kaos
end-workflow	Run /./.github/actions/install-gh-cli	2026-02-03T17:52:56.4429752Z   KAOS_STEP_MODULE: 
end-workflow	Run /./.github/actions/install-gh-cli	2026-02-03T17:52:56.4430170Z   KAOS_CODE: 21635087419
end-workflow	Run /./.github/actions/install-gh-cli	2026-02-03T17:52:56.4430506Z   KAOS_REF_BRANCH: main
end-workflow	Run /./.github/actions/install-gh-cli	2026-02-03T17:52:56.4430997Z ##[endgroup]
end-workflow	Run /./.github/actions/install-gh-cli	2026-02-03T17:52:57.9376087Z ##[group]Run type -p curl >/dev/null || (sudo apt-get update && sudo apt-get install curl -y)
end-workflow	Run /./.github/actions/install-gh-cli	2026-02-03T17:52:57.9377127Z [36;1mtype -p curl >/dev/null || (sudo apt-get update && sudo apt-get install curl -y)[0m
end-workflow	Run /./.github/actions/install-gh-cli	2026-02-03T17:52:57.9378221Z [36;1mcurl -fsSL https://cli.github.com/packages/githubcli-archive-keyring.gpg | sudo dd of=/usr/share/keyrings/githubcli-archive-keyring.gpg \[0m
end-workflow	Run /./.github/actions/install-gh-cli	2026-02-03T17:52:57.9379486Z [36;1m&& sudo chmod go+r /usr/share/keyrings/githubcli-archive-keyring.gpg \[0m
end-workflow	Run /./.github/actions/install-gh-cli	2026-02-03T17:52:57.9380755Z [36;1m&& echo "deb [arch=$(dpkg --print-architecture) signed-by=/usr/share/keyrings/githubcli-archive-keyring.gpg] https://cli.github.com/packages stable main" | sudo tee /etc/apt/sources.list.d/github-cli.list > /dev/null \[0m
end-workflow	Run /./.github/actions/install-gh-cli	2026-02-03T17:52:57.9382046Z [36;1m&& sudo apt-get update \[0m
end-workflow	Run /./.github/actions/install-gh-cli	2026-02-03T17:52:57.9382581Z [36;1m&& sudo apt-get install gh -y[0m
end-workflow	Run /./.github/actions/install-gh-cli	2026-02-03T17:52:57.9403303Z shell: /usr/bin/bash --noprofile --norc -e -o pipefail {0}
end-workflow	Run /./.github/actions/install-gh-cli	2026-02-03T17:52:57.9404116Z env:
end-workflow	Run /./.github/actions/install-gh-cli	2026-02-03T17:52:57.9404642Z   KAOS_MODULE: [Ka0S] JSON COMPLIANCE
end-workflow	Run /./.github/actions/install-gh-cli	2026-02-03T17:52:57.9405295Z   GH_TOKEN: ***
end-workflow	Run /./.github/actions/install-gh-cli	2026-02-03T17:52:57.9405875Z   KAOS_PRETTIER_CONFIG: compliance/json/.prettierrc.json
end-workflow	Run /./.github/actions/install-gh-cli	2026-02-03T17:52:57.9406393Z   KAOS_PATH_RESUME: audit/jsonlint/
end-workflow	Run /./.github/actions/install-gh-cli	2026-02-03T17:52:57.9406792Z   KAOS_REPO: /actions-runner/_work/kaos/kaos
end-workflow	Run /./.github/actions/install-gh-cli	2026-02-03T17:52:57.9407391Z   KAOS_STEP_MODULE: 
end-workflow	Run /./.github/actions/install-gh-cli	2026-02-03T17:52:57.9407773Z   KAOS_CODE: 21635087419
end-workflow	Run /./.github/actions/install-gh-cli	2026-02-03T17:52:57.9408120Z   KAOS_REF_BRANCH: main
end-workflow	Run /./.github/actions/install-gh-cli	2026-02-03T17:52:57.9408614Z ##[endgroup]
end-workflow	Run /./.github/actions/install-gh-cli	2026-02-03T17:53:26.9917151Z 4+1 records in
end-workflow	Run /./.github/actions/install-gh-cli	2026-02-03T17:53:26.9926741Z 4+1 records out
end-workflow	Run /./.github/actions/install-gh-cli	2026-02-03T17:53:26.9946879Z 2270 bytes (2.3 kB, 2.2 KiB) copied, 0.000105204 s, 21.6 MB/s
end-workflow	Run /./.github/actions/install-gh-cli	2026-02-03T17:53:45.4779380Z Get:1 http://security.ubuntu.com/ubuntu noble-security InRelease [126 kB]
end-workflow	Run /./.github/actions/install-gh-cli	2026-02-03T17:53:45.4908866Z Get:2 http://archive.ubuntu.com/ubuntu noble InRelease [256 kB]
end-workflow	Run /./.github/actions/install-gh-cli	2026-02-03T17:53:48.0006069Z Get:3 https://ppa.launchpadcontent.net/git-core/ppa/ubuntu noble InRelease [24.3 kB]
end-workflow	Run /./.github/actions/install-gh-cli	2026-02-03T17:53:48.0051257Z Get:4 https://cli.github.com/packages stable InRelease [3917 B]
end-workflow	Run /./.github/actions/install-gh-cli	2026-02-03T17:53:48.0110926Z Get:5 http://archive.ubuntu.com/ubuntu noble-updates InRelease [126 kB]
end-workflow	Run /./.github/actions/install-gh-cli	2026-02-03T17:53:48.0245415Z Get:6 http://archive.ubuntu.com/ubuntu noble-backports InRelease [126 kB]
end-workflow	Run /./.github/actions/install-gh-cli	2026-02-03T17:54:28.1803673Z Get:7 http://security.ubuntu.com/ubuntu noble-security/multiverse amd64 Packages [34.8 kB]
end-workflow	Run /./.github/actions/install-gh-cli	2026-02-03T17:54:32.1736439Z Get:8 http://security.ubuntu.com/ubuntu noble-security/universe amd64 Packages [1199 kB]
end-workflow	Run /./.github/actions/install-gh-cli	2026-02-03T17:54:32.3746188Z Get:9 http://security.ubuntu.com/ubuntu noble-security/restricted amd64 Packages [3008 kB]
end-workflow	Run /./.github/actions/install-gh-cli	2026-02-03T17:54:32.8186100Z Get:10 http://security.ubuntu.com/ubuntu noble-security/main amd64 Packages [1777 kB]
end-workflow	Run /./.github/actions/install-gh-cli	2026-02-03T17:55:02.1003928Z Get:11 https://ppa.launchpadcontent.net/git-core/ppa/ubuntu noble/main amd64 Packages [2994 B]
end-workflow	Run /./.github/actions/install-gh-cli	2026-02-03T17:55:14.2558451Z Get:12 https://cli.github.com/packages stable/main amd64 Packages [356 B]
end-workflow	Run /./.github/actions/install-gh-cli	2026-02-03T17:55:43.4190018Z Get:13 http://archive.ubuntu.com/ubuntu noble/restricted amd64 Packages [117 kB]
end-workflow	Run /./.github/actions/install-gh-cli	2026-02-03T17:55:43.9231882Z Get:14 http://archive.ubuntu.com/ubuntu noble/multiverse amd64 Packages [331 kB]
end-workflow	Run /./.github/actions/install-gh-cli	2026-02-03T17:55:44.4337651Z Get:15 http://archive.ubuntu.com/ubuntu noble/universe amd64 Packages [19.3 MB]
end-workflow	Run /./.github/actions/install-gh-cli	2026-02-03T17:55:48.5146543Z Get:16 http://archive.ubuntu.com/ubuntu noble/main amd64 Packages [1808 kB]
end-workflow	Run /./.github/actions/install-gh-cli	2026-02-03T17:56:09.4688129Z Get:17 http://archive.ubuntu.com/ubuntu noble-updates/restricted amd64 Packages [3233 kB]
end-workflow	Run /./.github/actions/install-gh-cli	2026-02-03T17:56:14.0928146Z Get:18 http://archive.ubuntu.com/ubuntu noble-updates/universe amd64 Packages [1978 kB]
end-workflow	Run /./.github/actions/install-gh-cli	2026-02-03T17:56:14.8012622Z Get:19 http://archive.ubuntu.com/ubuntu noble-updates/main amd64 Packages [2178 kB]
end-workflow	Run /./.github/actions/install-gh-cli	2026-02-03T17:56:15.4915971Z Get:20 http://archive.ubuntu.com/ubuntu noble-updates/multiverse amd64 Packages [38.1 kB]
end-workflow	Run /./.github/actions/install-gh-cli	2026-02-03T17:56:17.9137334Z Get:21 http://archive.ubuntu.com/ubuntu noble-backports/universe amd64 Packages [34.6 kB]
end-workflow	Run /./.github/actions/install-gh-cli	2026-02-03T17:56:18.4486196Z Get:22 http://archive.ubuntu.com/ubuntu noble-backports/main amd64 Packages [49.5 kB]
end-workflow	Run /./.github/actions/install-gh-cli	2026-02-03T17:57:08.7660123Z Fetched 35.8 MB in 2min 38s (226 kB/s)
end-workflow	Run /./.github/actions/install-gh-cli	2026-02-03T17:57:16.1296990Z Reading package lists...
end-workflow	Run /./.github/actions/install-gh-cli	2026-02-03T17:57:45.1016295Z Reading package lists...
end-workflow	Run /./.github/actions/install-gh-cli	2026-02-03T17:57:48.8161889Z Building dependency tree...
end-workflow	Run /./.github/actions/install-gh-cli	2026-02-03T17:57:48.8196151Z Reading state information...
end-workflow	Run /./.github/actions/install-gh-cli	2026-02-03T17:57:56.9138412Z The following NEW packages will be installed:
end-workflow	Run /./.github/actions/install-gh-cli	2026-02-03T17:57:56.9979484Z   gh
end-workflow	Run /./.github/actions/install-gh-cli	2026-02-03T17:57:59.2748572Z 0 upgraded, 1 newly installed, 0 to remove and 17 not upgraded.
end-workflow	Run /./.github/actions/install-gh-cli	2026-02-03T17:57:59.2805384Z Need to get 13.7 MB of archives.
end-workflow	Run /./.github/actions/install-gh-cli	2026-02-03T17:57:59.2885255Z After this operation, 37.9 MB of additional disk space will be used.
end-workflow	Run /./.github/actions/install-gh-cli	2026-02-03T17:57:59.2933814Z Get:1 https://cli.github.com/packages stable/main amd64 gh amd64 2.86.0 [13.7 MB]
end-workflow	Run /./.github/actions/install-gh-cli	2026-02-03T17:58:07.4646026Z debconf: delaying package configuration, since apt-utils is not installed
end-workflow	Run /./.github/actions/install-gh-cli	2026-02-03T17:58:08.6485404Z Fetched 13.7 MB in 4s (3121 kB/s)
end-workflow	Run /./.github/actions/install-gh-cli	2026-02-03T17:58:20.5962443Z Selecting previously unselected package gh.
end-workflow	Run /./.github/actions/install-gh-cli	2026-02-03T17:58:20.6546551Z (Reading database ... 
end-workflow	Run /./.github/actions/install-gh-cli	2026-02-03T17:58:20.6655556Z (Reading database ... 5%
end-workflow	Run /./.github/actions/install-gh-cli	2026-02-03T17:58:20.6805112Z (Reading database ... 10%
end-workflow	Run /./.github/actions/install-gh-cli	2026-02-03T17:58:20.6862638Z (Reading database ... 15%
end-workflow	Run /./.github/actions/install-gh-cli	2026-02-03T17:58:20.6941852Z (Reading database ... 20%
end-workflow	Run /./.github/actions/install-gh-cli	2026-02-03T17:58:20.7055710Z (Reading database ... 25%
end-workflow	Run /./.github/actions/install-gh-cli	2026-02-03T17:58:20.7087381Z (Reading database ... 30%
end-workflow	Run /./.github/actions/install-gh-cli	2026-02-03T17:58:20.7168128Z (Reading database ... 35%
end-workflow	Run /./.github/actions/install-gh-cli	2026-02-03T17:58:20.7170252Z (Reading database ... 40%
end-workflow	Run /./.github/actions/install-gh-cli	2026-02-03T17:58:20.7171386Z (Reading database ... 45%
end-workflow	Run /./.github/actions/install-gh-cli	2026-02-03T17:58:20.7173155Z (Reading database ... 50%
end-workflow	Run /./.github/actions/install-gh-cli	2026-02-03T17:58:20.7173686Z (Reading database ... 55%
end-workflow	Run /./.github/actions/install-gh-cli	2026-02-03T17:58:20.7198305Z (Reading database ... 60%
end-workflow	Run /./.github/actions/install-gh-cli	2026-02-03T17:58:20.7716275Z (Reading database ... 65%
end-workflow	Run /./.github/actions/install-gh-cli	2026-02-03T17:58:20.8040802Z (Reading database ... 70%
end-workflow	Run /./.github/actions/install-gh-cli	2026-02-03T17:58:20.8358782Z (Reading database ... 75%
end-workflow	Run /./.github/actions/install-gh-cli	2026-02-03T17:58:20.8647962Z (Reading database ... 80%
end-workflow	Run /./.github/actions/install-gh-cli	2026-02-03T17:58:20.8648617Z (Reading database ... 85%
end-workflow	Run /./.github/actions/install-gh-cli	2026-02-03T17:58:20.8940798Z (Reading database ... 90%
end-workflow	Run /./.github/actions/install-gh-cli	2026-02-03T17:58:20.9549910Z (Reading database ... 95%
end-workflow	Run /./.github/actions/install-gh-cli	2026-02-03T17:58:20.9679481Z (Reading database ... 100%
end-workflow	Run /./.github/actions/install-gh-cli	2026-02-03T17:58:20.9689767Z (Reading database ... 14385 files and directories currently installed.)
end-workflow	Run /./.github/actions/install-gh-cli	2026-02-03T17:58:20.9710578Z Preparing to unpack .../archives/gh_2.86.0_amd64.deb ...
end-workflow	Run /./.github/actions/install-gh-cli	2026-02-03T17:58:21.0381503Z Unpacking gh (2.86.0) ...
end-workflow	Run /./.github/actions/install-gh-cli	2026-02-03T17:58:37.1662524Z Setting up gh (2.86.0) ...
end-workflow	End Workflow	﻿2026-02-03T17:58:56.0117401Z ##[group]Run RNNUMBER=$(echo "refs/heads/H2438-arreglo-de-despliegue-itop" | grep -o '[0-9]*')
end-workflow	End Workflow	2026-02-03T17:58:56.0118308Z [36;1mRNNUMBER=$(echo "refs/heads/H2438-arreglo-de-despliegue-itop" | grep -o '[0-9]*')[0m
end-workflow	End Workflow	2026-02-03T17:58:56.0119194Z [36;1mgh workflow run inspector.yml --ref 'main' -f kaos-issue-id=$RNNUMBER -f kaos-workflow-id="21635087419" -f kaos-user-start=""[0m
end-workflow	End Workflow	2026-02-03T17:58:56.0618128Z shell: /usr/bin/bash -e {0}
end-workflow	End Workflow	2026-02-03T17:58:56.0618495Z env:
end-workflow	End Workflow	2026-02-03T17:58:56.0618715Z   KAOS_MODULE: [Ka0S] JSON COMPLIANCE
end-workflow	End Workflow	2026-02-03T17:58:56.0619290Z   GH_TOKEN: ***
end-workflow	End Workflow	2026-02-03T17:58:56.0619601Z   KAOS_PRETTIER_CONFIG: compliance/json/.prettierrc.json
end-workflow	End Workflow	2026-02-03T17:58:56.0619968Z   KAOS_PATH_RESUME: audit/jsonlint/
end-workflow	End Workflow	2026-02-03T17:58:56.0620314Z   KAOS_REPO: /actions-runner/_work/kaos/kaos
end-workflow	End Workflow	2026-02-03T17:58:56.0620649Z   KAOS_STEP_MODULE: 
end-workflow	End Workflow	2026-02-03T17:58:56.0620891Z   KAOS_CODE: 21635087419
end-workflow	End Workflow	2026-02-03T17:58:56.0621144Z   KAOS_REF_BRANCH: main
end-workflow	End Workflow	2026-02-03T17:58:56.0621379Z ##[endgroup]
end-workflow	Post Run actions/checkout@v4	﻿2026-02-03T17:59:09.8951489Z Post job cleanup.
end-workflow	Post Run actions/checkout@v4	2026-02-03T17:59:13.2605935Z [command]/usr/bin/git version
end-workflow	Post Run actions/checkout@v4	2026-02-03T17:59:15.6290759Z git version 2.52.0
end-workflow	Post Run actions/checkout@v4	2026-02-03T17:59:16.1676310Z Temporarily overriding HOME='/home/runner/_work/_temp/813c6a9e-e8f6-41ce-a34f-e065887d3e1c' before making global git config changes
end-workflow	Post Run actions/checkout@v4	2026-02-03T17:59:16.1687753Z Adding repository directory to the temporary git global config as a safe directory
end-workflow	Post Run actions/checkout@v4	2026-02-03T17:59:16.1726042Z [command]/usr/bin/git config --global --add safe.directory /home/runner/_work/ka0s/ka0s
end-workflow	Post Run actions/checkout@v4	2026-02-03T17:59:19.4832185Z [command]/usr/bin/git config --local --name-only --get-regexp core\.sshCommand
end-workflow	Post Run actions/checkout@v4	2026-02-03T17:59:24.1932545Z [command]/usr/bin/git submodule foreach --recursive sh -c "git config --local --name-only --get-regexp 'core\.sshCommand' && git config --local --unset-all 'core.sshCommand' || :"
end-workflow	Post Run actions/checkout@v4	2026-02-03T18:00:06.5241328Z [command]/usr/bin/git config --local --name-only --get-regexp http\.https\:\/\/github\.com\/\.extraheader
end-workflow	Post Run actions/checkout@v4	2026-02-03T18:00:07.4350516Z http.https://github.com/.extraheader
end-workflow	Post Run actions/checkout@v4	2026-02-03T18:00:07.6234161Z [command]/usr/bin/git config --local --unset-all http.https://github.com/.extraheader
end-workflow	Post Run actions/checkout@v4	2026-02-03T18:00:08.6297866Z [command]/usr/bin/git submodule foreach --recursive sh -c "git config --local --name-only --get-regexp 'http\.https\:\/\/github\.com\/\.extraheader' && git config --local --unset-all 'http.https://github.com/.extraheader' || :"
end-workflow	Post Run actions/checkout@v4	2026-02-03T18:00:18.6401407Z [command]/usr/bin/git config --local --name-only --get-regexp ^includeIf\.gitdir:
end-workflow	Post Run actions/checkout@v4	2026-02-03T18:00:18.9069305Z [command]/usr/bin/git submodule foreach --recursive git config --local --show-origin --name-only --get-regexp remote.origin.url
end-workflow	Complete job	﻿2026-02-03T18:00:28.9623424Z Cleaning up orphan processes
