job-core	UNKNOWN STEP	﻿2026-02-03T15:12:05.5102959Z Current runner version: '2.331.0'
job-core	UNKNOWN STEP	2026-02-03T15:12:05.6620789Z Runner name: 'swarm-runners-scaleset-hkss5-runner-mgbnm'
job-core	UNKNOWN STEP	2026-02-03T15:12:05.6623657Z Runner group name: 'Default'
job-core	UNKNOWN STEP	2026-02-03T15:12:05.6640202Z Machine name: 'swarm-runners-scaleset-hkss5-runner-mgbnm'
job-core	UNKNOWN STEP	2026-02-03T15:12:05.6650223Z ##[group]GITHUB_TOKEN Permissions
job-core	UNKNOWN STEP	2026-02-03T15:12:05.8787793Z Actions: write
job-core	UNKNOWN STEP	2026-02-03T15:12:05.8789567Z Contents: write
job-core	UNKNOWN STEP	2026-02-03T15:12:05.8792683Z Issues: write
job-core	UNKNOWN STEP	2026-02-03T15:12:05.8795962Z Metadata: read
job-core	UNKNOWN STEP	2026-02-03T15:12:05.8797707Z PullRequests: write
job-core	UNKNOWN STEP	2026-02-03T15:12:05.9462133Z ##[endgroup]
job-core	UNKNOWN STEP	2026-02-03T15:12:06.0966507Z Secret source: Actions
job-core	UNKNOWN STEP	2026-02-03T15:12:06.0968803Z Prepare workflow directory
job-core	UNKNOWN STEP	2026-02-03T15:12:13.3053483Z Prepare all required actions
job-core	UNKNOWN STEP	2026-02-03T15:12:13.7597556Z Getting action download info
job-core	UNKNOWN STEP	2026-02-03T15:12:19.9038532Z Download action repository 'actions/checkout@v4' (SHA:34e114876b0b11c390a56381ad16ebd13914f8d5)
job-core	UNKNOWN STEP	2026-02-03T15:12:38.0145576Z Download action repository 'actions/setup-node@v4' (SHA:49933ea5288caeca8642d1e84afbd3f7d6820020)
job-core	UNKNOWN STEP	2026-02-03T15:13:14.8010213Z Complete job name: job-core
job-core	UNKNOWN STEP	2026-02-03T15:13:19.0711243Z ##[group]Run actions/checkout@v4
job-core	UNKNOWN STEP	2026-02-03T15:13:19.0713002Z with:
job-core	UNKNOWN STEP	2026-02-03T15:13:19.0713565Z   fetch-depth: 0
job-core	UNKNOWN STEP	2026-02-03T15:13:19.1177042Z   repository: Ka0s-Klaus/ka0s
job-core	UNKNOWN STEP	2026-02-03T15:13:19.1178701Z   token: ***
job-core	UNKNOWN STEP	2026-02-03T15:13:19.1179338Z   ssh-strict: true
job-core	UNKNOWN STEP	2026-02-03T15:13:19.1179981Z   ssh-user: git
job-core	UNKNOWN STEP	2026-02-03T15:13:19.1180673Z   persist-credentials: true
job-core	UNKNOWN STEP	2026-02-03T15:13:19.1181442Z   clean: true
job-core	UNKNOWN STEP	2026-02-03T15:13:19.1182197Z   sparse-checkout-cone-mode: true
job-core	UNKNOWN STEP	2026-02-03T15:13:19.1183060Z   fetch-tags: false
job-core	UNKNOWN STEP	2026-02-03T15:13:19.1183748Z   show-progress: true
job-core	UNKNOWN STEP	2026-02-03T15:13:19.1876553Z   lfs: false
job-core	UNKNOWN STEP	2026-02-03T15:13:19.1877429Z   submodules: false
job-core	UNKNOWN STEP	2026-02-03T15:13:19.1878133Z   set-safe-directory: true
job-core	UNKNOWN STEP	2026-02-03T15:13:19.1879937Z env:
job-core	UNKNOWN STEP	2026-02-03T15:13:19.1880545Z   KAOS_MODULE: [Ka0S] MDLINT
job-core	UNKNOWN STEP	2026-02-03T15:13:19.1881729Z   GH_TOKEN: ***
job-core	UNKNOWN STEP	2026-02-03T15:13:19.1882515Z   KAOS_MD_CONFIG: core/config/.markdownlint.json
job-core	UNKNOWN STEP	2026-02-03T15:13:19.1883952Z   KAOS_PRETTIER_CONFIG: compliance/markdown/.prettierrc.json
job-core	UNKNOWN STEP	2026-02-03T15:13:19.1885322Z   KAOS_PATH_RESUME: audit/mdlint/
job-core	UNKNOWN STEP	2026-02-03T15:13:19.1886232Z   KAOS_REPO: /actions-runner/_work/kaos/kaos
job-core	UNKNOWN STEP	2026-02-03T15:13:19.1887165Z   KAOS_STEP_MODULE: 
job-core	UNKNOWN STEP	2026-02-03T15:13:19.1887843Z   KAOS_CODE: 21634871960
job-core	UNKNOWN STEP	2026-02-03T15:13:19.1888603Z   KAOS_REF_BRANCH: main
job-core	UNKNOWN STEP	2026-02-03T15:13:19.1889319Z ##[endgroup]
job-core	UNKNOWN STEP	2026-02-03T15:13:25.1356830Z Syncing repository: Ka0s-Klaus/ka0s
job-core	UNKNOWN STEP	2026-02-03T15:13:25.1360770Z ##[group]Getting Git version info
job-core	UNKNOWN STEP	2026-02-03T15:13:25.1361889Z Working directory is '/home/runner/_work/ka0s/ka0s'
job-core	UNKNOWN STEP	2026-02-03T15:13:25.1363530Z [command]/usr/bin/git version
job-core	UNKNOWN STEP	2026-02-03T15:13:25.9038838Z git version 2.52.0
job-core	UNKNOWN STEP	2026-02-03T15:13:26.1416866Z ##[endgroup]
job-core	UNKNOWN STEP	2026-02-03T15:13:26.3829248Z Temporarily overriding HOME='/home/runner/_work/_temp/04227ca9-84f9-47fd-ba3f-44d64e9b3537' before making global git config changes
job-core	UNKNOWN STEP	2026-02-03T15:13:26.4080669Z Adding repository directory to the temporary git global config as a safe directory
job-core	UNKNOWN STEP	2026-02-03T15:13:26.5501026Z [command]/usr/bin/git config --global --add safe.directory /home/runner/_work/ka0s/ka0s
job-core	UNKNOWN STEP	2026-02-03T15:13:27.0495616Z Deleting the contents of '/home/runner/_work/ka0s/ka0s'
job-core	UNKNOWN STEP	2026-02-03T15:13:27.1504143Z ##[group]Initializing the repository
job-core	UNKNOWN STEP	2026-02-03T15:13:27.3971673Z [command]/usr/bin/git init /home/runner/_work/ka0s/ka0s
job-core	UNKNOWN STEP	2026-02-03T15:13:28.0353527Z hint: Using 'master' as the name for the initial branch. This default branch name
job-core	UNKNOWN STEP	2026-02-03T15:13:28.0606036Z hint: will change to "main" in Git 3.0. To configure the initial branch name
job-core	UNKNOWN STEP	2026-02-03T15:13:28.0608066Z hint: to use in all of your new repositories, which will suppress this warning,
job-core	UNKNOWN STEP	2026-02-03T15:13:28.0609385Z hint: call:
job-core	UNKNOWN STEP	2026-02-03T15:13:28.0609952Z hint:
job-core	UNKNOWN STEP	2026-02-03T15:13:28.0610832Z hint: 	git config --global init.defaultBranch <name>
job-core	UNKNOWN STEP	2026-02-03T15:13:28.0611867Z hint:
job-core	UNKNOWN STEP	2026-02-03T15:13:28.0612823Z hint: Names commonly chosen instead of 'master' are 'main', 'trunk' and
job-core	UNKNOWN STEP	2026-02-03T15:13:28.1605859Z hint: 'development'. The just-created branch can be renamed via this command:
job-core	UNKNOWN STEP	2026-02-03T15:13:28.1607492Z hint:
job-core	UNKNOWN STEP	2026-02-03T15:13:28.1608391Z hint: 	git branch -m <name>
job-core	UNKNOWN STEP	2026-02-03T15:13:28.1609288Z hint:
job-core	UNKNOWN STEP	2026-02-03T15:13:28.1611040Z hint: Disable this message with "git config set advice.defaultBranchName false"
job-core	UNKNOWN STEP	2026-02-03T15:13:28.1613445Z Initialized empty Git repository in /home/runner/_work/ka0s/ka0s/.git/
job-core	UNKNOWN STEP	2026-02-03T15:13:28.1617494Z [command]/usr/bin/git remote add origin https://github.com/Ka0s-Klaus/ka0s
job-core	UNKNOWN STEP	2026-02-03T15:13:29.3546460Z ##[endgroup]
job-core	UNKNOWN STEP	2026-02-03T15:13:29.3547945Z ##[group]Disabling automatic garbage collection
job-core	UNKNOWN STEP	2026-02-03T15:13:29.5472663Z [command]/usr/bin/git config --local gc.auto 0
job-core	UNKNOWN STEP	2026-02-03T15:13:29.9704603Z ##[endgroup]
job-core	UNKNOWN STEP	2026-02-03T15:13:29.9708956Z ##[group]Setting up auth
job-core	UNKNOWN STEP	2026-02-03T15:13:29.9710642Z [command]/usr/bin/git config --local --name-only --get-regexp core\.sshCommand
job-core	UNKNOWN STEP	2026-02-03T15:13:30.2676317Z [command]/usr/bin/git submodule foreach --recursive sh -c "git config --local --name-only --get-regexp 'core\.sshCommand' && git config --local --unset-all 'core.sshCommand' || :"
job-core	UNKNOWN STEP	2026-02-03T15:13:31.4878669Z [command]/usr/bin/git config --local --name-only --get-regexp http\.https\:\/\/github\.com\/\.extraheader
job-core	UNKNOWN STEP	2026-02-03T15:13:31.5559745Z [command]/usr/bin/git submodule foreach --recursive sh -c "git config --local --name-only --get-regexp 'http\.https\:\/\/github\.com\/\.extraheader' && git config --local --unset-all 'http.https://github.com/.extraheader' || :"
job-core	UNKNOWN STEP	2026-02-03T15:13:32.3565184Z [command]/usr/bin/git config --local --name-only --get-regexp ^includeIf\.gitdir:
job-core	UNKNOWN STEP	2026-02-03T15:13:32.5136839Z [command]/usr/bin/git submodule foreach --recursive git config --local --show-origin --name-only --get-regexp remote.origin.url
job-core	UNKNOWN STEP	2026-02-03T15:13:33.6224872Z [command]/usr/bin/git config --local http.https://github.com/.extraheader AUTHORIZATION: basic ***
job-core	UNKNOWN STEP	2026-02-03T15:13:35.8110521Z ##[endgroup]
job-core	UNKNOWN STEP	2026-02-03T15:13:35.8113495Z ##[group]Fetching the repository
job-core	UNKNOWN STEP	2026-02-03T15:13:35.8116808Z [command]/usr/bin/git -c protocol.version=2 fetch --prune --no-recurse-submodules origin +refs/heads/*:refs/remotes/origin/* +refs/tags/*:refs/tags/*
job-core	UNKNOWN STEP	2026-02-03T15:26:17.4780064Z From https://github.com/Ka0s-Klaus/ka0s
job-core	UNKNOWN STEP	2026-02-03T15:26:17.4782649Z  * [new branch]          F1149-desarrollo-de-orchestrator -> origin/F1149-desarrollo-de-orchestrator
job-core	UNKNOWN STEP	2026-02-03T15:26:17.4807657Z  * [new branch]          F1183-personalización-módulo-finops -> origin/F1183-personalización-módulo-finops
job-core	UNKNOWN STEP	2026-02-03T15:26:17.4810753Z  * [new branch]          F1224-new-module-mongodb -> origin/F1224-new-module-mongodb
job-core	UNKNOWN STEP	2026-02-03T15:26:17.4815662Z  * [new branch]          F220-web-de-resultados  -> origin/F220-web-de-resultados
job-core	UNKNOWN STEP	2026-02-03T15:26:17.4818233Z  * [new branch]          F227-despliegue-de-kube-independiente-del-clouder -> origin/F227-despliegue-de-kube-independiente-del-clouder
job-core	UNKNOWN STEP	2026-02-03T15:26:17.4821095Z  * [new branch]          F2438-arreglo-de-despliegue-itop -> origin/F2438-arreglo-de-despliegue-itop
job-core	UNKNOWN STEP	2026-02-03T15:26:17.4823894Z  * [new branch]          F2927-test-launch-workflows-from-itop-services -> origin/F2927-test-launch-workflows-from-itop-services
job-core	UNKNOWN STEP	2026-02-03T15:26:17.4826949Z  * [new branch]          F329-documentacion-metodologia-de-kaos -> origin/F329-documentacion-metodologia-de-kaos
job-core	UNKNOWN STEP	2026-02-03T15:26:17.4829365Z  * [new branch]          H-nueva-prueba-para-verificar -> origin/H-nueva-prueba-para-verificar
job-core	UNKNOWN STEP	2026-02-03T15:26:17.4831868Z  * [new branch]          H-pruebas-de-creacion-de-ramas-en-github -> origin/H-pruebas-de-creacion-de-ramas-en-github
job-core	UNKNOWN STEP	2026-02-03T15:26:17.4834161Z  * [new branch]          H-segunda-comprobacion  -> origin/H-segunda-comprobacion
job-core	UNKNOWN STEP	2026-02-03T15:26:17.4836512Z  * [new branch]          H-test-de-creacion-de-ramas-desde-planka -> origin/H-test-de-creacion-de-ramas-desde-planka
job-core	UNKNOWN STEP	2026-02-03T15:26:17.4839022Z  * [new branch]          H1139-como-instalar-arc-control -> origin/H1139-como-instalar-arc-control
job-core	UNKNOWN STEP	2026-02-03T15:26:17.4841304Z  * [new branch]          H1149-desarrollo-de-orchestrator -> origin/H1149-desarrollo-de-orchestrator
job-core	UNKNOWN STEP	2026-02-03T15:26:18.0550580Z  * [new branch]          H1150-desarrollo-de-secciones -> origin/H1150-desarrollo-de-secciones
job-core	UNKNOWN STEP	2026-02-03T15:26:18.0552852Z  * [new branch]          H1151-desarrollo-de-secciones-ii -> origin/H1151-desarrollo-de-secciones-ii
job-core	UNKNOWN STEP	2026-02-03T15:26:18.0564581Z  * [new branch]          H1152-desarrollo-inicio -> origin/H1152-desarrollo-inicio
job-core	UNKNOWN STEP	2026-02-03T15:26:18.0566711Z  * [new branch]          H1193-ejemplo-web-documentacion -> origin/H1193-ejemplo-web-documentacion
job-core	UNKNOWN STEP	2026-02-03T15:26:18.0568606Z  * [new branch]          H1205-web-creation      -> origin/H1205-web-creation
job-core	UNKNOWN STEP	2026-02-03T15:26:18.0570258Z  * [new branch]          H1224-new-module-mongodb -> origin/H1224-new-module-mongodb
job-core	UNKNOWN STEP	2026-02-03T15:26:18.0572114Z  * [new branch]          H1276-modulo-observabilidad -> origin/H1276-modulo-observabilidad
job-core	UNKNOWN STEP	2026-02-03T15:26:18.0573919Z  * [new branch]          H1410-modulo-execution  -> origin/H1410-modulo-execution
job-core	UNKNOWN STEP	2026-02-03T15:26:18.0577998Z  * [new branch]          H1514-new-swarm-deployment-stack-with-actions-runners-autoscale -> origin/H1514-new-swarm-deployment-stack-with-actions-runners-autoscale
job-core	UNKNOWN STEP	2026-02-03T15:26:18.0582834Z  * [new branch]          H1968-modulo-personalización-del-portal-de-kaos-core -> origin/H1968-modulo-personalización-del-portal-de-kaos-core
job-core	UNKNOWN STEP	2026-02-03T15:26:18.0927365Z  * [new branch]          H215-modulo-de-summary  -> origin/H215-modulo-de-summary
job-core	UNKNOWN STEP	2026-02-03T15:26:18.0930802Z  * [new branch]          H220-web-de-resultados  -> origin/H220-web-de-resultados
job-core	UNKNOWN STEP	2026-02-03T15:26:18.1036964Z  * [new branch]          H227-despliegue-de-kube-independiente-del-clouder -> origin/H227-despliegue-de-kube-independiente-del-clouder
job-core	UNKNOWN STEP	2026-02-03T15:26:18.1039892Z  * [new branch]          H2438-arreglo-de-despliegue-itop -> origin/H2438-arreglo-de-despliegue-itop
job-core	UNKNOWN STEP	2026-02-03T15:26:18.1042818Z  * [new branch]          H2443-nuevo-modulo-de-pruebas-sobre-kubernetes -> origin/H2443-nuevo-modulo-de-pruebas-sobre-kubernetes
job-core	UNKNOWN STEP	2026-02-03T15:26:18.1045704Z  * [new branch]          H2559-modulo-de-conexion-ssh -> origin/H2559-modulo-de-conexion-ssh
job-core	UNKNOWN STEP	2026-02-03T15:26:18.1047588Z  * [new branch]          H2934-modulo-backstage  -> origin/H2934-modulo-backstage
job-core	UNKNOWN STEP	2026-02-03T15:26:18.1049201Z  * [new branch]          H2935-modulo-zabbix     -> origin/H2935-modulo-zabbix
job-core	UNKNOWN STEP	2026-02-03T15:26:18.1051116Z  * [new branch]          H2999-modulo-trello-personal -> origin/H2999-modulo-trello-personal
job-core	UNKNOWN STEP	2026-02-03T15:26:18.1053518Z  * [new branch]          H3003-despliegue-n8n    -> origin/H3003-despliegue-n8n
job-core	UNKNOWN STEP	2026-02-03T15:26:18.1216022Z  * [new branch]          H3010-test-ana          -> origin/H3010-test-ana
job-core	UNKNOWN STEP	2026-02-03T15:26:18.1217572Z  * [new branch]          H3013-test-jesus        -> origin/H3013-test-jesus
job-core	UNKNOWN STEP	2026-02-03T15:26:18.1221447Z  * [new branch]          H3038-test-ci-cd-kubernetes-automated-system -> origin/H3038-test-ci-cd-kubernetes-automated-system
job-core	UNKNOWN STEP	2026-02-03T15:26:18.1224905Z  * [new branch]          H306-ficheros-de-estadisticas -> origin/H306-ficheros-de-estadisticas
job-core	UNKNOWN STEP	2026-02-03T15:26:18.1227564Z  * [new branch]          H328-documentacion-modulo-principal-de-kaos -> origin/H328-documentacion-modulo-principal-de-kaos
job-core	UNKNOWN STEP	2026-02-03T15:26:18.1231176Z  * [new branch]          H329-documentacion-metodologia-de-kaos -> origin/H329-documentacion-metodologia-de-kaos
job-core	UNKNOWN STEP	2026-02-03T15:26:18.1233998Z  * [new branch]          H338-relanzador-de-jobs-en-caso-de-pattern -> origin/H338-relanzador-de-jobs-en-caso-de-pattern
job-core	UNKNOWN STEP	2026-02-03T15:26:18.1257698Z  * [new branch]          H38-documentacion-basica-del-proyecto -> origin/H38-documentacion-basica-del-proyecto
job-core	UNKNOWN STEP	2026-02-03T15:26:18.1260239Z  * [new branch]          RN1149-desarrollo-de-orchestrator -> origin/RN1149-desarrollo-de-orchestrator
job-core	UNKNOWN STEP	2026-02-03T15:26:18.1263284Z  * [new branch]          RN1183-personalización-módulo-finops -> origin/RN1183-personalización-módulo-finops
job-core	UNKNOWN STEP	2026-02-03T15:26:18.1294677Z  * [new branch]          RN1282-ka0s-error-detected-in-ka0s-workflow-statistics-summary -> origin/RN1282-ka0s-error-detected-in-ka0s-workflow-statistics-summary
job-core	UNKNOWN STEP	2026-02-03T15:26:18.1325027Z  * [new branch]          RN220-web-de-resultados -> origin/RN220-web-de-resultados
job-core	UNKNOWN STEP	2026-02-03T15:26:18.1516782Z  * [new branch]          RN227-despliegue-de-kube-independiente-del-clouder -> origin/RN227-despliegue-de-kube-independiente-del-clouder
job-core	UNKNOWN STEP	2026-02-03T15:26:18.1521500Z  * [new branch]          RN2438-arreglo-de-despliegue-itop -> origin/RN2438-arreglo-de-despliegue-itop
job-core	UNKNOWN STEP	2026-02-03T15:26:18.1524775Z  * [new branch]          RN329-documentacion-metodologia-de-kaos -> origin/RN329-documentacion-metodologia-de-kaos
job-core	UNKNOWN STEP	2026-02-03T15:26:18.1526902Z  * [new branch]          main                    -> origin/main
job-core	UNKNOWN STEP	2026-02-03T15:26:18.1528130Z  * [new branch]          planka                  -> origin/planka
job-core	UNKNOWN STEP	2026-02-03T15:26:18.1529635Z  * [new branch]          test/ci-cd-verification -> origin/test/ci-cd-verification
job-core	UNKNOWN STEP	2026-02-03T15:26:18.1531059Z  * [new tag]             0.0.0                   -> 0.0.0
job-core	UNKNOWN STEP	2026-02-03T15:26:18.1532168Z  * [new tag]             0.0.1                   -> 0.0.1
job-core	UNKNOWN STEP	2026-02-03T15:26:18.1533917Z  * [new tag]             0.0.10                  -> 0.0.10
job-core	UNKNOWN STEP	2026-02-03T15:26:18.1535178Z  * [new tag]             0.0.100                 -> 0.0.100
job-core	UNKNOWN STEP	2026-02-03T15:26:18.1536247Z  * [new tag]             0.0.101                 -> 0.0.101
job-core	UNKNOWN STEP	2026-02-03T15:26:18.1537284Z  * [new tag]             0.0.102                 -> 0.0.102
job-core	UNKNOWN STEP	2026-02-03T15:26:18.1538309Z  * [new tag]             0.0.103                 -> 0.0.103
job-core	UNKNOWN STEP	2026-02-03T15:26:18.1539339Z  * [new tag]             0.0.104                 -> 0.0.104
job-core	UNKNOWN STEP	2026-02-03T15:26:18.1540365Z  * [new tag]             0.0.105                 -> 0.0.105
job-core	UNKNOWN STEP	2026-02-03T15:26:18.1541446Z  * [new tag]             0.0.106                 -> 0.0.106
job-core	UNKNOWN STEP	2026-02-03T15:26:18.1542470Z  * [new tag]             0.0.107                 -> 0.0.107
job-core	UNKNOWN STEP	2026-02-03T15:26:18.1543549Z  * [new tag]             0.0.108                 -> 0.0.108
job-core	UNKNOWN STEP	2026-02-03T15:26:18.1575425Z  * [new tag]             0.0.109                 -> 0.0.109
job-core	UNKNOWN STEP	2026-02-03T15:26:18.1576729Z  * [new tag]             0.0.11                  -> 0.0.11
job-core	UNKNOWN STEP	2026-02-03T15:26:18.1577825Z  * [new tag]             0.0.110                 -> 0.0.110
job-core	UNKNOWN STEP	2026-02-03T15:26:18.1578901Z  * [new tag]             0.0.111                 -> 0.0.111
job-core	UNKNOWN STEP	2026-02-03T15:26:18.1580004Z  * [new tag]             0.0.112                 -> 0.0.112
job-core	UNKNOWN STEP	2026-02-03T15:26:18.1581089Z  * [new tag]             0.0.113                 -> 0.0.113
job-core	UNKNOWN STEP	2026-02-03T15:26:18.1582083Z  * [new tag]             0.0.114                 -> 0.0.114
job-core	UNKNOWN STEP	2026-02-03T15:26:18.1583403Z  * [new tag]             0.0.115                 -> 0.0.115
job-core	UNKNOWN STEP	2026-02-03T15:26:18.1584687Z  * [new tag]             0.0.116                 -> 0.0.116
job-core	UNKNOWN STEP	2026-02-03T15:26:18.1585715Z  * [new tag]             0.0.117                 -> 0.0.117
job-core	UNKNOWN STEP	2026-02-03T15:26:18.1586788Z  * [new tag]             0.0.118                 -> 0.0.118
job-core	UNKNOWN STEP	2026-02-03T15:26:18.1615401Z  * [new tag]             0.0.119                 -> 0.0.119
job-core	UNKNOWN STEP	2026-02-03T15:26:18.1617237Z  * [new tag]             0.0.12                  -> 0.0.12
job-core	UNKNOWN STEP	2026-02-03T15:26:18.1618418Z  * [new tag]             0.0.120                 -> 0.0.120
job-core	UNKNOWN STEP	2026-02-03T15:26:18.1619508Z  * [new tag]             0.0.121                 -> 0.0.121
job-core	UNKNOWN STEP	2026-02-03T15:26:18.1620606Z  * [new tag]             0.0.122                 -> 0.0.122
job-core	UNKNOWN STEP	2026-02-03T15:26:18.1621710Z  * [new tag]             0.0.123                 -> 0.0.123
job-core	UNKNOWN STEP	2026-02-03T15:26:18.1622828Z  * [new tag]             0.0.124                 -> 0.0.124
job-core	UNKNOWN STEP	2026-02-03T15:26:18.1623858Z  * [new tag]             0.0.125                 -> 0.0.125
job-core	UNKNOWN STEP	2026-02-03T15:26:18.1625068Z  * [new tag]             0.0.126                 -> 0.0.126
job-core	UNKNOWN STEP	2026-02-03T15:26:18.1626159Z  * [new tag]             0.0.127                 -> 0.0.127
job-core	UNKNOWN STEP	2026-02-03T15:26:18.1627997Z  * [new tag]             0.0.128                 -> 0.0.128
job-core	UNKNOWN STEP	2026-02-03T15:26:18.1629118Z  * [new tag]             0.0.129                 -> 0.0.129
job-core	UNKNOWN STEP	2026-02-03T15:26:18.1630210Z  * [new tag]             0.0.13                  -> 0.0.13
job-core	UNKNOWN STEP	2026-02-03T15:26:18.1632033Z  * [new tag]             0.0.130                 -> 0.0.130
job-core	UNKNOWN STEP	2026-02-03T15:26:18.1633145Z  * [new tag]             0.0.131                 -> 0.0.131
job-core	UNKNOWN STEP	2026-02-03T15:26:18.1634207Z  * [new tag]             0.0.132                 -> 0.0.132
job-core	UNKNOWN STEP	2026-02-03T15:26:18.1683284Z  * [new tag]             0.0.133                 -> 0.0.133
job-core	UNKNOWN STEP	2026-02-03T15:26:18.1684536Z  * [new tag]             0.0.134                 -> 0.0.134
job-core	UNKNOWN STEP	2026-02-03T15:26:18.1685639Z  * [new tag]             0.0.135                 -> 0.0.135
job-core	UNKNOWN STEP	2026-02-03T15:26:18.1686747Z  * [new tag]             0.0.136                 -> 0.0.136
job-core	UNKNOWN STEP	2026-02-03T15:26:18.1687820Z  * [new tag]             0.0.137                 -> 0.0.137
job-core	UNKNOWN STEP	2026-02-03T15:26:18.1688926Z  * [new tag]             0.0.138                 -> 0.0.138
job-core	UNKNOWN STEP	2026-02-03T15:26:18.1689997Z  * [new tag]             0.0.139                 -> 0.0.139
job-core	UNKNOWN STEP	2026-02-03T15:26:18.1691074Z  * [new tag]             0.0.14                  -> 0.0.14
job-core	UNKNOWN STEP	2026-02-03T15:26:18.1692169Z  * [new tag]             0.0.140                 -> 0.0.140
job-core	UNKNOWN STEP	2026-02-03T15:26:18.1693727Z  * [new tag]             0.0.141                 -> 0.0.141
job-core	UNKNOWN STEP	2026-02-03T15:26:18.1796487Z  * [new tag]             0.0.142                 -> 0.0.142
job-core	UNKNOWN STEP	2026-02-03T15:26:18.1797669Z  * [new tag]             0.0.143                 -> 0.0.143
job-core	UNKNOWN STEP	2026-02-03T15:26:18.1800013Z  * [new tag]             0.0.144                 -> 0.0.144
job-core	UNKNOWN STEP	2026-02-03T15:26:18.1801218Z  * [new tag]             0.0.145                 -> 0.0.145
job-core	UNKNOWN STEP	2026-02-03T15:26:18.1802289Z  * [new tag]             0.0.146                 -> 0.0.146
job-core	UNKNOWN STEP	2026-02-03T15:26:18.1803360Z  * [new tag]             0.0.147                 -> 0.0.147
job-core	UNKNOWN STEP	2026-02-03T15:26:18.1805109Z  * [new tag]             0.0.148                 -> 0.0.148
job-core	UNKNOWN STEP	2026-02-03T15:26:18.1806259Z  * [new tag]             0.0.149                 -> 0.0.149
job-core	UNKNOWN STEP	2026-02-03T15:26:18.1807402Z  * [new tag]             0.0.15                  -> 0.0.15
job-core	UNKNOWN STEP	2026-02-03T15:26:18.1808578Z  * [new tag]             0.0.150                 -> 0.0.150
job-core	UNKNOWN STEP	2026-02-03T15:26:18.1809736Z  * [new tag]             0.0.151                 -> 0.0.151
job-core	UNKNOWN STEP	2026-02-03T15:26:18.1856861Z  * [new tag]             0.0.152                 -> 0.0.152
job-core	UNKNOWN STEP	2026-02-03T15:26:18.1962655Z  * [new tag]             0.0.153                 -> 0.0.153
job-core	UNKNOWN STEP	2026-02-03T15:26:18.1963818Z  * [new tag]             0.0.154                 -> 0.0.154
job-core	UNKNOWN STEP	2026-02-03T15:26:18.1965066Z  * [new tag]             0.0.155                 -> 0.0.155
job-core	UNKNOWN STEP	2026-02-03T15:26:18.1966170Z  * [new tag]             0.0.156                 -> 0.0.156
job-core	UNKNOWN STEP	2026-02-03T15:26:18.1967255Z  * [new tag]             0.0.157                 -> 0.0.157
job-core	UNKNOWN STEP	2026-02-03T15:26:18.1968325Z  * [new tag]             0.0.158                 -> 0.0.158
job-core	UNKNOWN STEP	2026-02-03T15:26:18.1969411Z  * [new tag]             0.0.159                 -> 0.0.159
job-core	UNKNOWN STEP	2026-02-03T15:26:18.1970481Z  * [new tag]             0.0.16                  -> 0.0.16
job-core	UNKNOWN STEP	2026-02-03T15:26:18.1971577Z  * [new tag]             0.0.160                 -> 0.0.160
job-core	UNKNOWN STEP	2026-02-03T15:26:18.1972706Z  * [new tag]             0.0.161                 -> 0.0.161
job-core	UNKNOWN STEP	2026-02-03T15:26:18.1973806Z  * [new tag]             0.0.162                 -> 0.0.162
job-core	UNKNOWN STEP	2026-02-03T15:26:18.1974984Z  * [new tag]             0.0.163                 -> 0.0.163
job-core	UNKNOWN STEP	2026-02-03T15:26:18.1976078Z  * [new tag]             0.0.164                 -> 0.0.164
job-core	UNKNOWN STEP	2026-02-03T15:26:18.1977154Z  * [new tag]             0.0.165                 -> 0.0.165
job-core	UNKNOWN STEP	2026-02-03T15:26:18.1978230Z  * [new tag]             0.0.166                 -> 0.0.166
job-core	UNKNOWN STEP	2026-02-03T15:26:18.1979310Z  * [new tag]             0.0.167                 -> 0.0.167
job-core	UNKNOWN STEP	2026-02-03T15:26:18.1980374Z  * [new tag]             0.0.168                 -> 0.0.168
job-core	UNKNOWN STEP	2026-02-03T15:26:18.1981449Z  * [new tag]             0.0.169                 -> 0.0.169
job-core	UNKNOWN STEP	2026-02-03T15:26:18.1983088Z  * [new tag]             0.0.17                  -> 0.0.17
job-core	UNKNOWN STEP	2026-02-03T15:26:18.1984163Z  * [new tag]             0.0.170                 -> 0.0.170
job-core	UNKNOWN STEP	2026-02-03T15:26:18.1985214Z  * [new tag]             0.0.171                 -> 0.0.171
job-core	UNKNOWN STEP	2026-02-03T15:26:18.1986809Z  * [new tag]             0.0.172                 -> 0.0.172
job-core	UNKNOWN STEP	2026-02-03T15:26:18.1987944Z  * [new tag]             0.0.173                 -> 0.0.173
job-core	UNKNOWN STEP	2026-02-03T15:26:18.1989013Z  * [new tag]             0.0.174                 -> 0.0.174
job-core	UNKNOWN STEP	2026-02-03T15:26:18.1990065Z  * [new tag]             0.0.175                 -> 0.0.175
job-core	UNKNOWN STEP	2026-02-03T15:26:18.1991135Z  * [new tag]             0.0.176                 -> 0.0.176
job-core	UNKNOWN STEP	2026-02-03T15:26:18.1992219Z  * [new tag]             0.0.177                 -> 0.0.177
job-core	UNKNOWN STEP	2026-02-03T15:26:18.1993300Z  * [new tag]             0.0.178                 -> 0.0.178
job-core	UNKNOWN STEP	2026-02-03T15:26:18.1994521Z  * [new tag]             0.0.179                 -> 0.0.179
job-core	UNKNOWN STEP	2026-02-03T15:26:18.1995540Z  * [new tag]             0.0.18                  -> 0.0.18
job-core	UNKNOWN STEP	2026-02-03T15:26:18.1996534Z  * [new tag]             0.0.19                  -> 0.0.19
job-core	UNKNOWN STEP	2026-02-03T15:26:18.1997636Z  * [new tag]             0.0.2                   -> 0.0.2
job-core	UNKNOWN STEP	2026-02-03T15:26:18.1998761Z  * [new tag]             0.0.20                  -> 0.0.20
job-core	UNKNOWN STEP	2026-02-03T15:26:18.2000355Z  * [new tag]             0.0.21                  -> 0.0.21
job-core	UNKNOWN STEP	2026-02-03T15:26:18.2001384Z  * [new tag]             0.0.22                  -> 0.0.22
job-core	UNKNOWN STEP	2026-02-03T15:26:18.2002768Z  * [new tag]             0.0.23                  -> 0.0.23
job-core	UNKNOWN STEP	2026-02-03T15:26:18.2003802Z  * [new tag]             0.0.24                  -> 0.0.24
job-core	UNKNOWN STEP	2026-02-03T15:26:18.2004994Z  * [new tag]             0.0.25                  -> 0.0.25
job-core	UNKNOWN STEP	2026-02-03T15:26:18.2006074Z  * [new tag]             0.0.26                  -> 0.0.26
job-core	UNKNOWN STEP	2026-02-03T15:26:18.2007175Z  * [new tag]             0.0.27                  -> 0.0.27
job-core	UNKNOWN STEP	2026-02-03T15:26:18.2008258Z  * [new tag]             0.0.28                  -> 0.0.28
job-core	UNKNOWN STEP	2026-02-03T15:26:18.2009312Z  * [new tag]             0.0.29                  -> 0.0.29
job-core	UNKNOWN STEP	2026-02-03T15:26:18.2010356Z  * [new tag]             0.0.3                   -> 0.0.3
job-core	UNKNOWN STEP	2026-02-03T15:26:18.2011437Z  * [new tag]             0.0.30                  -> 0.0.30
job-core	UNKNOWN STEP	2026-02-03T15:26:18.2012561Z  * [new tag]             0.0.31                  -> 0.0.31
job-core	UNKNOWN STEP	2026-02-03T15:26:18.2013689Z  * [new tag]             0.0.32                  -> 0.0.32
job-core	UNKNOWN STEP	2026-02-03T15:26:18.2014860Z  * [new tag]             0.0.33                  -> 0.0.33
job-core	UNKNOWN STEP	2026-02-03T15:26:18.2015941Z  * [new tag]             0.0.34                  -> 0.0.34
job-core	UNKNOWN STEP	2026-02-03T15:26:18.2017041Z  * [new tag]             0.0.35                  -> 0.0.35
job-core	UNKNOWN STEP	2026-02-03T15:26:18.2018127Z  * [new tag]             0.0.36                  -> 0.0.36
job-core	UNKNOWN STEP	2026-02-03T15:26:18.2019651Z  * [new tag]             0.0.37                  -> 0.0.37
job-core	UNKNOWN STEP	2026-02-03T15:26:18.2020707Z  * [new tag]             0.0.38                  -> 0.0.38
job-core	UNKNOWN STEP	2026-02-03T15:26:18.2021937Z  * [new tag]             0.0.39                  -> 0.0.39
job-core	UNKNOWN STEP	2026-02-03T15:26:18.2023020Z  * [new tag]             0.0.4                   -> 0.0.4
job-core	UNKNOWN STEP	2026-02-03T15:26:18.2024121Z  * [new tag]             0.0.40                  -> 0.0.40
job-core	UNKNOWN STEP	2026-02-03T15:26:18.2025250Z  * [new tag]             0.0.41                  -> 0.0.41
job-core	UNKNOWN STEP	2026-02-03T15:26:18.2026387Z  * [new tag]             0.0.42                  -> 0.0.42
job-core	UNKNOWN STEP	2026-02-03T15:26:18.2027476Z  * [new tag]             0.0.43                  -> 0.0.43
job-core	UNKNOWN STEP	2026-02-03T15:26:18.2028553Z  * [new tag]             0.0.44                  -> 0.0.44
job-core	UNKNOWN STEP	2026-02-03T15:26:18.2030256Z  * [new tag]             0.0.45                  -> 0.0.45
job-core	UNKNOWN STEP	2026-02-03T15:26:18.2031360Z  * [new tag]             0.0.46                  -> 0.0.46
job-core	UNKNOWN STEP	2026-02-03T15:26:18.2032416Z  * [new tag]             0.0.47                  -> 0.0.47
job-core	UNKNOWN STEP	2026-02-03T15:26:18.2033484Z  * [new tag]             0.0.48                  -> 0.0.48
job-core	UNKNOWN STEP	2026-02-03T15:26:18.2034684Z  * [new tag]             0.0.49                  -> 0.0.49
job-core	UNKNOWN STEP	2026-02-03T15:26:18.2035771Z  * [new tag]             0.0.5                   -> 0.0.5
job-core	UNKNOWN STEP	2026-02-03T15:26:18.2036827Z  * [new tag]             0.0.50                  -> 0.0.50
job-core	UNKNOWN STEP	2026-02-03T15:26:18.2038296Z  * [new tag]             0.0.51                  -> 0.0.51
job-core	UNKNOWN STEP	2026-02-03T15:26:18.2039987Z  * [new tag]             0.0.52                  -> 0.0.52
job-core	UNKNOWN STEP	2026-02-03T15:26:18.2041063Z  * [new tag]             0.0.53                  -> 0.0.53
job-core	UNKNOWN STEP	2026-02-03T15:26:18.2065758Z  * [new tag]             0.0.54                  -> 0.0.54
job-core	UNKNOWN STEP	2026-02-03T15:26:18.2076199Z  * [new tag]             0.0.55                  -> 0.0.55
job-core	UNKNOWN STEP	2026-02-03T15:26:18.2091388Z  * [new tag]             0.0.56                  -> 0.0.56
job-core	UNKNOWN STEP	2026-02-03T15:26:18.2092819Z  * [new tag]             0.0.57                  -> 0.0.57
job-core	UNKNOWN STEP	2026-02-03T15:26:18.2093894Z  * [new tag]             0.0.58                  -> 0.0.58
job-core	UNKNOWN STEP	2026-02-03T15:26:18.2095215Z  * [new tag]             0.0.59                  -> 0.0.59
job-core	UNKNOWN STEP	2026-02-03T15:26:18.2096308Z  * [new tag]             0.0.6                   -> 0.0.6
job-core	UNKNOWN STEP	2026-02-03T15:26:18.2097403Z  * [new tag]             0.0.60                  -> 0.0.60
job-core	UNKNOWN STEP	2026-02-03T15:26:18.2101602Z  * [new tag]             0.0.61                  -> 0.0.61
job-core	UNKNOWN STEP	2026-02-03T15:26:18.2103330Z  * [new tag]             0.0.62                  -> 0.0.62
job-core	UNKNOWN STEP	2026-02-03T15:26:18.2105611Z  * [new tag]             0.0.63                  -> 0.0.63
job-core	UNKNOWN STEP	2026-02-03T15:26:18.2109073Z  * [new tag]             0.0.64                  -> 0.0.64
job-core	UNKNOWN STEP	2026-02-03T15:26:18.2110516Z  * [new tag]             0.0.65                  -> 0.0.65
job-core	UNKNOWN STEP	2026-02-03T15:26:18.2111690Z  * [new tag]             0.0.66                  -> 0.0.66
job-core	UNKNOWN STEP	2026-02-03T15:26:18.2113070Z  * [new tag]             0.0.67                  -> 0.0.67
job-core	UNKNOWN STEP	2026-02-03T15:26:18.2114514Z  * [new tag]             0.0.68                  -> 0.0.68
job-core	UNKNOWN STEP	2026-02-03T15:26:18.2116271Z  * [new tag]             0.0.69                  -> 0.0.69
job-core	UNKNOWN STEP	2026-02-03T15:26:18.2117458Z  * [new tag]             0.0.7                   -> 0.0.7
job-core	UNKNOWN STEP	2026-02-03T15:26:18.2118810Z  * [new tag]             0.0.70                  -> 0.0.70
job-core	UNKNOWN STEP	2026-02-03T15:26:18.2120318Z  * [new tag]             0.0.71                  -> 0.0.71
job-core	UNKNOWN STEP	2026-02-03T15:26:18.2121751Z  * [new tag]             0.0.72                  -> 0.0.72
job-core	UNKNOWN STEP	2026-02-03T15:26:18.2123192Z  * [new tag]             0.0.73                  -> 0.0.73
job-core	UNKNOWN STEP	2026-02-03T15:26:18.2124796Z  * [new tag]             0.0.74                  -> 0.0.74
job-core	UNKNOWN STEP	2026-02-03T15:26:18.2126204Z  * [new tag]             0.0.75                  -> 0.0.75
job-core	UNKNOWN STEP	2026-02-03T15:26:18.2128258Z  * [new tag]             0.0.76                  -> 0.0.76
job-core	UNKNOWN STEP	2026-02-03T15:26:18.2129704Z  * [new tag]             0.0.77                  -> 0.0.77
job-core	UNKNOWN STEP	2026-02-03T15:26:18.2131464Z  * [new tag]             0.0.78                  -> 0.0.78
job-core	UNKNOWN STEP	2026-02-03T15:26:18.2132757Z  * [new tag]             0.0.79                  -> 0.0.79
job-core	UNKNOWN STEP	2026-02-03T15:26:18.2134479Z  * [new tag]             0.0.8                   -> 0.0.8
job-core	UNKNOWN STEP	2026-02-03T15:26:18.2135770Z  * [new tag]             0.0.80                  -> 0.0.80
job-core	UNKNOWN STEP	2026-02-03T15:26:18.2136756Z  * [new tag]             0.0.81                  -> 0.0.81
job-core	UNKNOWN STEP	2026-02-03T15:26:18.2137911Z  * [new tag]             0.0.82                  -> 0.0.82
job-core	UNKNOWN STEP	2026-02-03T15:26:18.2139116Z  * [new tag]             0.0.83                  -> 0.0.83
job-core	UNKNOWN STEP	2026-02-03T15:26:18.2140235Z  * [new tag]             0.0.84                  -> 0.0.84
job-core	UNKNOWN STEP	2026-02-03T15:26:18.2141775Z  * [new tag]             0.0.85                  -> 0.0.85
job-core	UNKNOWN STEP	2026-02-03T15:26:18.2142873Z  * [new tag]             0.0.86                  -> 0.0.86
job-core	UNKNOWN STEP	2026-02-03T15:26:18.2143950Z  * [new tag]             0.0.87                  -> 0.0.87
job-core	UNKNOWN STEP	2026-02-03T15:26:18.2145752Z  * [new tag]             0.0.88                  -> 0.0.88
job-core	UNKNOWN STEP	2026-02-03T15:26:18.2146853Z  * [new tag]             0.0.89                  -> 0.0.89
job-core	UNKNOWN STEP	2026-02-03T15:26:18.2147918Z  * [new tag]             0.0.9                   -> 0.0.9
job-core	UNKNOWN STEP	2026-02-03T15:26:18.2148991Z  * [new tag]             0.0.90                  -> 0.0.90
job-core	UNKNOWN STEP	2026-02-03T15:26:18.2150055Z  * [new tag]             0.0.91                  -> 0.0.91
job-core	UNKNOWN STEP	2026-02-03T15:26:18.2151270Z  * [new tag]             0.0.92                  -> 0.0.92
job-core	UNKNOWN STEP	2026-02-03T15:26:18.2152752Z  * [new tag]             0.0.93                  -> 0.0.93
job-core	UNKNOWN STEP	2026-02-03T15:26:18.2153768Z  * [new tag]             0.0.94                  -> 0.0.94
job-core	UNKNOWN STEP	2026-02-03T15:26:18.2155278Z  * [new tag]             0.0.95                  -> 0.0.95
job-core	UNKNOWN STEP	2026-02-03T15:26:18.2156220Z  * [new tag]             0.0.96                  -> 0.0.96
job-core	UNKNOWN STEP	2026-02-03T15:26:18.2157217Z  * [new tag]             0.0.97                  -> 0.0.97
job-core	UNKNOWN STEP	2026-02-03T15:26:18.2158283Z  * [new tag]             0.0.98                  -> 0.0.98
job-core	UNKNOWN STEP	2026-02-03T15:26:18.2159267Z  * [new tag]             0.0.99                  -> 0.0.99
job-core	UNKNOWN STEP	2026-02-03T15:26:18.2160207Z  * [new tag]             0.1.0                   -> 0.1.0
job-core	UNKNOWN STEP	2026-02-03T15:26:18.2161122Z  * [new tag]             0.1.1                   -> 0.1.1
job-core	UNKNOWN STEP	2026-02-03T15:26:18.2162077Z  * [new tag]             0.2.0                   -> 0.2.0
job-core	UNKNOWN STEP	2026-02-03T15:26:18.2195073Z  * [new tag]             0.3.0                   -> 0.3.0
job-core	UNKNOWN STEP	2026-02-03T15:26:18.2202861Z  * [new tag]             0.3.1                   -> 0.3.1
job-core	UNKNOWN STEP	2026-02-03T15:26:18.2208904Z  * [new tag]             0.3.10                  -> 0.3.10
job-core	UNKNOWN STEP	2026-02-03T15:26:18.2219414Z  * [new tag]             0.3.11                  -> 0.3.11
job-core	UNKNOWN STEP	2026-02-03T15:26:18.2227956Z  * [new tag]             0.3.12                  -> 0.3.12
job-core	UNKNOWN STEP	2026-02-03T15:26:18.2235940Z  * [new tag]             0.3.13                  -> 0.3.13
job-core	UNKNOWN STEP	2026-02-03T15:26:18.2237229Z  * [new tag]             0.3.14                  -> 0.3.14
job-core	UNKNOWN STEP	2026-02-03T15:26:18.2238265Z  * [new tag]             0.3.15                  -> 0.3.15
job-core	UNKNOWN STEP	2026-02-03T15:26:18.2239343Z  * [new tag]             0.3.16                  -> 0.3.16
job-core	UNKNOWN STEP	2026-02-03T15:26:18.2240408Z  * [new tag]             0.3.17                  -> 0.3.17
job-core	UNKNOWN STEP	2026-02-03T15:26:18.2241489Z  * [new tag]             0.3.2                   -> 0.3.2
job-core	UNKNOWN STEP	2026-02-03T15:26:18.2242554Z  * [new tag]             0.3.3                   -> 0.3.3
job-core	UNKNOWN STEP	2026-02-03T15:26:18.2243618Z  * [new tag]             0.3.4                   -> 0.3.4
job-core	UNKNOWN STEP	2026-02-03T15:26:18.2285755Z  * [new tag]             0.3.5                   -> 0.3.5
job-core	UNKNOWN STEP	2026-02-03T15:26:18.2297774Z  * [new tag]             0.3.6                   -> 0.3.6
job-core	UNKNOWN STEP	2026-02-03T15:26:18.2299150Z  * [new tag]             0.3.7                   -> 0.3.7
job-core	UNKNOWN STEP	2026-02-03T15:26:18.2300266Z  * [new tag]             0.3.8                   -> 0.3.8
job-core	UNKNOWN STEP	2026-02-03T15:26:18.2301355Z  * [new tag]             0.3.9                   -> 0.3.9
job-core	UNKNOWN STEP	2026-02-03T15:26:18.2302427Z  * [new tag]             0.4.0                   -> 0.4.0
job-core	UNKNOWN STEP	2026-02-03T15:26:18.2303515Z  * [new tag]             0.4.1                   -> 0.4.1
job-core	UNKNOWN STEP	2026-02-03T15:26:18.2304724Z  * [new tag]             0.4.2                   -> 0.4.2
job-core	UNKNOWN STEP	2026-02-03T15:26:18.2305829Z  * [new tag]             0.4.3                   -> 0.4.3
job-core	UNKNOWN STEP	2026-02-03T15:26:18.2306954Z  * [new tag]             0.4.4                   -> 0.4.4
job-core	UNKNOWN STEP	2026-02-03T15:26:18.2308030Z  * [new tag]             0.4.5                   -> 0.4.5
job-core	UNKNOWN STEP	2026-02-03T15:26:18.2309122Z  * [new tag]             0.4.6                   -> 0.4.6
job-core	UNKNOWN STEP	2026-02-03T15:26:18.2310216Z  * [new tag]             0.4.7                   -> 0.4.7
job-core	UNKNOWN STEP	2026-02-03T15:26:18.2311352Z  * [new tag]             0.4.8                   -> 0.4.8
job-core	UNKNOWN STEP	2026-02-03T15:26:18.2312457Z  * [new tag]             0.4.9                   -> 0.4.9
job-core	UNKNOWN STEP	2026-02-03T15:26:18.2313552Z  * [new tag]             0.5.0                   -> 0.5.0
job-core	UNKNOWN STEP	2026-02-03T15:26:18.2370358Z  * [new tag]             0.5.1                   -> 0.5.1
job-core	UNKNOWN STEP	2026-02-03T15:26:18.2371527Z  * [new tag]             0.5.2                   -> 0.5.2
job-core	UNKNOWN STEP	2026-02-03T15:26:18.2372639Z  * [new tag]             0.6.0                   -> 0.6.0
job-core	UNKNOWN STEP	2026-02-03T15:26:18.2373700Z  * [new tag]             0.6.1                   -> 0.6.1
job-core	UNKNOWN STEP	2026-02-03T15:26:18.2374925Z  * [new tag]             0.6.2                   -> 0.6.2
job-core	UNKNOWN STEP	2026-02-03T15:26:20.9836749Z [command]/usr/bin/git branch --list --remote origin/H2438-arreglo-de-despliegue-itop
job-core	UNKNOWN STEP	2026-02-03T15:26:21.0097720Z   origin/H2438-arreglo-de-despliegue-itop
job-core	UNKNOWN STEP	2026-02-03T15:26:21.0153275Z [command]/usr/bin/git rev-parse refs/remotes/origin/H2438-arreglo-de-despliegue-itop
job-core	UNKNOWN STEP	2026-02-03T15:26:21.0244151Z 3bf6001b62a379774e600130fe674ea8b38c9ac1
job-core	UNKNOWN STEP	2026-02-03T15:26:21.0431565Z [command]/usr/bin/git -c protocol.version=2 fetch --no-tags --prune --no-recurse-submodules origin +40feffd71e8bded7fd5f9408405a8932b4d88886:refs/remotes/origin/H2438-arreglo-de-despliegue-itop
job-core	UNKNOWN STEP	2026-02-03T15:26:22.7885149Z From https://github.com/Ka0s-Klaus/ka0s
job-core	UNKNOWN STEP	2026-02-03T15:26:22.7892858Z  + 3bf6001b6...40feffd71 40feffd71e8bded7fd5f9408405a8932b4d88886 -> origin/H2438-arreglo-de-despliegue-itop  (forced update)
job-core	UNKNOWN STEP	2026-02-03T15:26:23.3794164Z ##[endgroup]
job-core	UNKNOWN STEP	2026-02-03T15:26:23.3796852Z ##[group]Determining the checkout info
job-core	UNKNOWN STEP	2026-02-03T15:26:23.3798850Z ##[endgroup]
job-core	UNKNOWN STEP	2026-02-03T15:26:23.3800010Z [command]/usr/bin/git sparse-checkout disable
job-core	UNKNOWN STEP	2026-02-03T15:26:25.5555472Z [command]/usr/bin/git config --local --unset-all extensions.worktreeConfig
job-core	UNKNOWN STEP	2026-02-03T15:26:31.3575605Z ##[group]Checking out the ref
job-core	UNKNOWN STEP	2026-02-03T15:26:31.3591363Z [command]/usr/bin/git checkout --progress --force -B H2438-arreglo-de-despliegue-itop refs/remotes/origin/H2438-arreglo-de-despliegue-itop
job-core	UNKNOWN STEP	2026-02-03T15:26:36.9891217Z Updating files:  12% (135/1058)
job-core	UNKNOWN STEP	2026-02-03T15:26:37.0004751Z Updating files:  13% (138/1058)
job-core	UNKNOWN STEP	2026-02-03T15:26:37.0060069Z Updating files:  14% (149/1058)
job-core	UNKNOWN STEP	2026-02-03T15:26:37.0138084Z Updating files:  15% (159/1058)
job-core	UNKNOWN STEP	2026-02-03T15:26:37.0206498Z Updating files:  16% (170/1058)
job-core	UNKNOWN STEP	2026-02-03T15:26:37.0316935Z Updating files:  17% (180/1058)
job-core	UNKNOWN STEP	2026-02-03T15:26:37.0338561Z Updating files:  18% (191/1058)
job-core	UNKNOWN STEP	2026-02-03T15:26:39.2977923Z Updating files:  19% (202/1058)
job-core	UNKNOWN STEP	2026-02-03T15:26:39.3085719Z Updating files:  20% (212/1058)
job-core	UNKNOWN STEP	2026-02-03T15:26:39.3088448Z Updating files:  21% (223/1058)
job-core	UNKNOWN STEP	2026-02-03T15:26:39.3192119Z Updating files:  22% (233/1058)
job-core	UNKNOWN STEP	2026-02-03T15:26:39.3295147Z Updating files:  23% (244/1058)
job-core	UNKNOWN STEP	2026-02-03T15:26:39.4268146Z Updating files:  24% (254/1058)
job-core	UNKNOWN STEP	2026-02-03T15:26:41.4915924Z Updating files:  25% (265/1058)
job-core	UNKNOWN STEP	2026-02-03T15:26:41.7042333Z Updating files:  25% (272/1058)
job-core	UNKNOWN STEP	2026-02-03T15:26:41.8637824Z Updating files:  26% (276/1058)
job-core	UNKNOWN STEP	2026-02-03T15:26:44.5371269Z Updating files:  26% (278/1058)
job-core	UNKNOWN STEP	2026-02-03T15:26:47.8521651Z Updating files:  26% (283/1058)
job-core	UNKNOWN STEP	2026-02-03T15:26:54.8578306Z Updating files:  27% (286/1058)
job-core	UNKNOWN STEP	2026-02-03T15:29:51.3565665Z Updating files:  27% (287/1058)
job-core	UNKNOWN STEP	2026-02-03T15:29:52.1149464Z Updating files:  27% (292/1058)
job-core	UNKNOWN STEP	2026-02-03T15:29:52.1153769Z Updating files:  27% (293/1058)
job-core	UNKNOWN STEP	2026-02-03T15:29:52.1168889Z Updating files:  28% (297/1058)
job-core	UNKNOWN STEP	2026-02-03T15:29:53.3750196Z Updating files:  29% (307/1058)
job-core	UNKNOWN STEP	2026-02-03T15:29:53.3778561Z Updating files:  29% (311/1058)
job-core	UNKNOWN STEP	2026-02-03T15:29:53.3825946Z Updating files:  30% (318/1058)
job-core	UNKNOWN STEP	2026-02-03T15:29:53.3862570Z Updating files:  31% (328/1058)
job-core	UNKNOWN STEP	2026-02-03T15:29:55.8129548Z Updating files:  32% (339/1058)
job-core	UNKNOWN STEP	2026-02-03T15:29:55.8133364Z Updating files:  32% (345/1058)
job-core	UNKNOWN STEP	2026-02-03T15:29:57.0987431Z Updating files:  33% (350/1058)
job-core	UNKNOWN STEP	2026-02-03T15:29:57.1001853Z Updating files:  33% (353/1058)
job-core	UNKNOWN STEP	2026-02-03T15:29:57.1017208Z Updating files:  34% (360/1058)
job-core	UNKNOWN STEP	2026-02-03T15:29:57.1036682Z Updating files:  35% (371/1058)
job-core	UNKNOWN STEP	2026-02-03T15:29:57.1077478Z Updating files:  36% (381/1058)
job-core	UNKNOWN STEP	2026-02-03T15:29:57.1119331Z Updating files:  37% (392/1058)
job-core	UNKNOWN STEP	2026-02-03T15:29:57.1132738Z Updating files:  38% (403/1058)
job-core	UNKNOWN STEP	2026-02-03T15:29:57.1166474Z Updating files:  39% (413/1058)
job-core	UNKNOWN STEP	2026-02-03T15:29:57.1210102Z Updating files:  40% (424/1058)
job-core	UNKNOWN STEP	2026-02-03T15:29:57.1211506Z Updating files:  41% (434/1058)
job-core	UNKNOWN STEP	2026-02-03T15:29:57.1253155Z Updating files:  42% (445/1058)
job-core	UNKNOWN STEP	2026-02-03T15:29:57.1289803Z Updating files:  43% (455/1058)
job-core	UNKNOWN STEP	2026-02-03T15:29:57.1306366Z Updating files:  44% (466/1058)
job-core	UNKNOWN STEP	2026-02-03T15:29:57.1317862Z Updating files:  45% (477/1058)
job-core	UNKNOWN STEP	2026-02-03T15:30:15.0606688Z Updating files:  46% (487/1058)
job-core	UNKNOWN STEP	2026-02-03T15:30:23.4832116Z Updating files:  46% (493/1058)
job-core	UNKNOWN STEP	2026-02-03T15:30:32.6648394Z Updating files:  46% (494/1058)
job-core	UNKNOWN STEP	2026-02-03T15:30:42.9430562Z Updating files:  46% (495/1058)
job-core	UNKNOWN STEP	2026-02-03T15:30:56.2957629Z Updating files:  46% (496/1058)
job-core	UNKNOWN STEP	2026-02-03T15:31:06.5926768Z Updating files:  46% (497/1058)
job-core	UNKNOWN STEP	2026-02-03T15:31:06.5973240Z Updating files:  47% (498/1058)
job-core	UNKNOWN STEP	2026-02-03T15:31:06.5981305Z Updating files:  48% (508/1058)
job-core	UNKNOWN STEP	2026-02-03T15:31:06.5999298Z Updating files:  49% (519/1058)
job-core	UNKNOWN STEP	2026-02-03T15:31:06.6011548Z Updating files:  50% (529/1058)
job-core	UNKNOWN STEP	2026-02-03T15:31:06.6023781Z Updating files:  51% (540/1058)
job-core	UNKNOWN STEP	2026-02-03T15:31:06.6035330Z Updating files:  52% (551/1058)
job-core	UNKNOWN STEP	2026-02-03T15:31:06.6050969Z Updating files:  53% (561/1058)
job-core	UNKNOWN STEP	2026-02-03T15:31:12.9227688Z Updating files:  54% (572/1058)
job-core	UNKNOWN STEP	2026-02-03T15:31:43.4526113Z Updating files:  54% (581/1058)
job-core	UNKNOWN STEP	2026-02-03T15:31:43.4536200Z Updating files:  55% (582/1058)
job-core	UNKNOWN STEP	2026-02-03T15:31:45.1274475Z Updating files:  56% (593/1058)
job-core	UNKNOWN STEP	2026-02-03T15:31:46.2992667Z Updating files:  56% (602/1058)
job-core	UNKNOWN STEP	2026-02-03T15:31:47.2360707Z Updating files:  56% (603/1058)
job-core	UNKNOWN STEP	2026-02-03T15:31:48.0483105Z Updating files:  57% (604/1058)
job-core	UNKNOWN STEP	2026-02-03T15:31:48.9953247Z Updating files:  57% (606/1058)
job-core	UNKNOWN STEP	2026-02-03T15:31:48.9979101Z Updating files:  57% (608/1058)
job-core	UNKNOWN STEP	2026-02-03T15:31:49.0018112Z Updating files:  58% (614/1058)
job-core	UNKNOWN STEP	2026-02-03T15:31:49.0044863Z Updating files:  59% (625/1058)
job-core	UNKNOWN STEP	2026-02-03T15:31:49.1118038Z Updating files:  60% (635/1058)
job-core	UNKNOWN STEP	2026-02-03T15:31:49.1127510Z Updating files:  61% (646/1058)
job-core	UNKNOWN STEP	2026-02-03T15:31:49.1149457Z Updating files:  62% (656/1058)
job-core	UNKNOWN STEP	2026-02-03T15:31:51.6503984Z Updating files:  63% (667/1058)
job-core	UNKNOWN STEP	2026-02-03T15:31:51.6508354Z Updating files:  63% (674/1058)
job-core	UNKNOWN STEP	2026-02-03T15:31:51.9525022Z Updating files:  64% (678/1058)
job-core	UNKNOWN STEP	2026-02-03T15:31:51.9550595Z Updating files:  64% (683/1058)
job-core	UNKNOWN STEP	2026-02-03T15:31:51.9598749Z Updating files:  65% (688/1058)
job-core	UNKNOWN STEP	2026-02-03T15:31:51.9600132Z Updating files:  66% (699/1058)
job-core	UNKNOWN STEP	2026-02-03T15:32:12.9434043Z Updating files:  67% (709/1058)
job-core	UNKNOWN STEP	2026-02-03T15:33:02.2391466Z Updating files:  67% (713/1058)
job-core	UNKNOWN STEP	2026-02-03T15:33:02.2394857Z Updating files:  67% (718/1058)
job-core	UNKNOWN STEP	2026-02-03T15:33:02.2404801Z Updating files:  68% (720/1058)
job-core	UNKNOWN STEP	2026-02-03T15:33:02.2415169Z Updating files:  69% (731/1058)
job-core	UNKNOWN STEP	2026-02-03T15:33:02.2426025Z Updating files:  70% (741/1058)
job-core	UNKNOWN STEP	2026-02-03T15:33:02.2437362Z Updating files:  71% (752/1058)
job-core	UNKNOWN STEP	2026-02-03T15:33:02.4485375Z Updating files:  72% (762/1058)
job-core	UNKNOWN STEP	2026-02-03T15:33:02.4497993Z Updating files:  73% (773/1058)
job-core	UNKNOWN STEP	2026-02-03T15:33:02.4509660Z Updating files:  74% (783/1058)
job-core	UNKNOWN STEP	2026-02-03T15:33:02.4522848Z Updating files:  75% (794/1058)
job-core	UNKNOWN STEP	2026-02-03T15:33:02.6565573Z Updating files:  76% (805/1058)
job-core	UNKNOWN STEP	2026-02-03T15:33:02.6593562Z Updating files:  77% (815/1058)
job-core	UNKNOWN STEP	2026-02-03T15:33:05.7681936Z Updating files:  78% (826/1058)
job-core	UNKNOWN STEP	2026-02-03T15:33:06.9515658Z Updating files:  78% (829/1058)
job-core	UNKNOWN STEP	2026-02-03T15:33:08.4570677Z Updating files:  78% (830/1058)
job-core	UNKNOWN STEP	2026-02-03T15:33:09.2886085Z Updating files:  78% (832/1058)
job-core	UNKNOWN STEP	2026-02-03T15:33:10.2554939Z Updating files:  78% (833/1058)
job-core	UNKNOWN STEP	2026-02-03T15:33:11.0879545Z Updating files:  78% (834/1058)
job-core	UNKNOWN STEP	2026-02-03T15:33:12.9605749Z Updating files:  78% (835/1058)
job-core	UNKNOWN STEP	2026-02-03T15:33:17.4070458Z Updating files:  79% (836/1058)
job-core	UNKNOWN STEP	2026-02-03T15:33:29.6886187Z Updating files:  79% (837/1058)
job-core	UNKNOWN STEP	2026-02-03T15:33:36.5989398Z Updating files:  79% (838/1058)
job-core	UNKNOWN STEP	2026-02-03T15:33:37.5770813Z Updating files:  79% (839/1058)
job-core	UNKNOWN STEP	2026-02-03T15:33:39.4552115Z Updating files:  79% (840/1058)
job-core	UNKNOWN STEP	2026-02-03T15:33:41.5995437Z Updating files:  79% (841/1058)
job-core	UNKNOWN STEP	2026-02-03T15:33:42.7846409Z Updating files:  79% (843/1058)
job-core	UNKNOWN STEP	2026-02-03T15:33:44.2406519Z Updating files:  79% (844/1058)
job-core	UNKNOWN STEP	2026-02-03T15:33:45.5515364Z Updating files:  79% (845/1058)
job-core	UNKNOWN STEP	2026-02-03T15:33:47.6307517Z Updating files:  79% (846/1058)
job-core	UNKNOWN STEP	2026-02-03T15:33:48.2556894Z Updating files:  80% (847/1058)
job-core	UNKNOWN STEP	2026-02-03T15:33:49.7113123Z Updating files:  80% (848/1058)
job-core	UNKNOWN STEP	2026-02-03T15:33:52.1927648Z Updating files:  80% (849/1058)
job-core	UNKNOWN STEP	2026-02-03T15:33:54.1627090Z Updating files:  80% (850/1058)
job-core	UNKNOWN STEP	2026-02-03T15:33:55.2079188Z Updating files:  80% (851/1058)
job-core	UNKNOWN STEP	2026-02-03T15:33:56.2473829Z Updating files:  80% (852/1058)
job-core	UNKNOWN STEP	2026-02-03T15:33:57.4951491Z Updating files:  80% (853/1058)
job-core	UNKNOWN STEP	2026-02-03T15:33:58.1201487Z Updating files:  80% (855/1058)
job-core	UNKNOWN STEP	2026-02-03T15:33:58.9511479Z Updating files:  80% (856/1058)
job-core	UNKNOWN STEP	2026-02-03T15:34:00.2013319Z Updating files:  81% (857/1058)
job-core	UNKNOWN STEP	2026-02-03T15:34:01.0315391Z Updating files:  81% (859/1058)
job-core	UNKNOWN STEP	2026-02-03T15:34:02.2800216Z Updating files:  81% (860/1058)
job-core	UNKNOWN STEP	2026-02-03T15:34:04.1778670Z Updating files:  81% (862/1058)
job-core	UNKNOWN STEP	2026-02-03T15:34:05.2230128Z Updating files:  81% (863/1058)
job-core	UNKNOWN STEP	2026-02-03T15:34:06.0550596Z Updating files:  81% (864/1058)
job-core	UNKNOWN STEP	2026-02-03T15:34:07.0982042Z Updating files:  81% (865/1058)
job-core	UNKNOWN STEP	2026-02-03T15:34:09.6479745Z Updating files:  81% (866/1058)
job-core	UNKNOWN STEP	2026-02-03T15:34:10.4666672Z Updating files:  81% (867/1058)
job-core	UNKNOWN STEP	2026-02-03T15:34:11.8296014Z Updating files:  82% (868/1058)
job-core	UNKNOWN STEP	2026-02-03T15:34:14.0074030Z Updating files:  82% (869/1058)
job-core	UNKNOWN STEP	2026-02-03T15:34:15.0482559Z Updating files:  82% (871/1058)
job-core	UNKNOWN STEP	2026-02-03T15:34:16.2967405Z Updating files:  82% (872/1058)
job-core	UNKNOWN STEP	2026-02-03T15:34:17.9201355Z Updating files:  82% (873/1058)
job-core	UNKNOWN STEP	2026-02-03T15:34:20.8881145Z Updating files:  82% (874/1058)
job-core	UNKNOWN STEP	2026-02-03T15:34:23.7200470Z Updating files:  82% (875/1058)
job-core	UNKNOWN STEP	2026-02-03T15:34:25.9991689Z Updating files:  82% (876/1058)
job-core	UNKNOWN STEP	2026-02-03T15:34:27.9230796Z Updating files:  82% (877/1058)
job-core	UNKNOWN STEP	2026-02-03T15:34:28.7916146Z Updating files:  82% (878/1058)
job-core	UNKNOWN STEP	2026-02-03T15:34:30.3612159Z Updating files:  83% (879/1058)
job-core	UNKNOWN STEP	2026-02-03T15:34:31.6216108Z Updating files:  83% (880/1058)
job-core	UNKNOWN STEP	2026-02-03T15:34:32.6479399Z Updating files:  83% (881/1058)
job-core	UNKNOWN STEP	2026-02-03T15:34:34.8476481Z Updating files:  83% (882/1058)
job-core	UNKNOWN STEP	2026-02-03T15:34:36.7282048Z Updating files:  83% (883/1058)
job-core	UNKNOWN STEP	2026-02-03T15:34:38.7527889Z Updating files:  83% (884/1058)
job-core	UNKNOWN STEP	2026-02-03T15:34:39.9646908Z Updating files:  83% (885/1058)
job-core	UNKNOWN STEP	2026-02-03T15:34:41.8416153Z Updating files:  83% (886/1058)
job-core	UNKNOWN STEP	2026-02-03T15:34:43.5600234Z Updating files:  83% (887/1058)
job-core	UNKNOWN STEP	2026-02-03T15:34:45.4880466Z Updating files:  83% (888/1058)
job-core	UNKNOWN STEP	2026-02-03T15:34:47.4876519Z Updating files:  84% (889/1058)
job-core	UNKNOWN STEP	2026-02-03T15:34:51.3515368Z Updating files:  84% (890/1058)
job-core	UNKNOWN STEP	2026-02-03T15:34:54.7356933Z Updating files:  84% (891/1058)
job-core	UNKNOWN STEP	2026-02-03T15:34:58.0161433Z Updating files:  84% (892/1058)
job-core	UNKNOWN STEP	2026-02-03T15:35:01.7597284Z Updating files:  84% (893/1058)
job-core	UNKNOWN STEP	2026-02-03T15:35:05.1757428Z Updating files:  84% (894/1058)
job-core	UNKNOWN STEP	2026-02-03T15:35:08.1515353Z Updating files:  84% (895/1058)
job-core	UNKNOWN STEP	2026-02-03T15:35:10.2317994Z Updating files:  84% (896/1058)
job-core	UNKNOWN STEP	2026-02-03T15:35:13.6091957Z Updating files:  84% (897/1058)
job-core	UNKNOWN STEP	2026-02-03T15:35:15.9120871Z Updating files:  84% (898/1058)
job-core	UNKNOWN STEP	2026-02-03T15:35:18.4233522Z Updating files:  84% (899/1058)
job-core	UNKNOWN STEP	2026-02-03T15:35:20.1847074Z Updating files:  85% (900/1058)
job-core	UNKNOWN STEP	2026-02-03T15:35:21.7662280Z Updating files:  85% (901/1058)
job-core	UNKNOWN STEP	2026-02-03T15:35:23.2153712Z Updating files:  85% (902/1058)
job-core	UNKNOWN STEP	2026-02-03T15:35:24.5615054Z Updating files:  85% (903/1058)
job-core	UNKNOWN STEP	2026-02-03T15:35:25.8877480Z Updating files:  85% (904/1058)
job-core	UNKNOWN STEP	2026-02-03T15:35:28.8399632Z Updating files:  85% (905/1058)
job-core	UNKNOWN STEP	2026-02-03T15:35:30.6955879Z Updating files:  85% (906/1058)
job-core	UNKNOWN STEP	2026-02-03T15:35:32.5911675Z Updating files:  85% (907/1058)
job-core	UNKNOWN STEP	2026-02-03T15:35:34.8574185Z Updating files:  85% (908/1058)
job-core	UNKNOWN STEP	2026-02-03T15:35:37.4938693Z Updating files:  85% (909/1058)
job-core	UNKNOWN STEP	2026-02-03T15:35:40.3690602Z Updating files:  86% (910/1058)
job-core	UNKNOWN STEP	2026-02-03T15:35:45.1255348Z Updating files:  86% (911/1058)
job-core	UNKNOWN STEP	2026-02-03T15:35:47.5456103Z Updating files:  86% (912/1058)
job-core	UNKNOWN STEP	2026-02-03T15:35:50.8487240Z Updating files:  86% (913/1058)
job-core	UNKNOWN STEP	2026-02-03T15:35:53.6549582Z Updating files:  86% (914/1058)
job-core	UNKNOWN STEP	2026-02-03T15:35:56.4472915Z Updating files:  86% (915/1058)
job-core	UNKNOWN STEP	2026-02-03T15:35:58.8386812Z Updating files:  86% (916/1058)
job-core	UNKNOWN STEP	2026-02-03T15:36:02.4437195Z Updating files:  86% (917/1058)
job-core	UNKNOWN STEP	2026-02-03T15:36:05.2636134Z Updating files:  86% (918/1058)
job-core	UNKNOWN STEP	2026-02-03T15:36:08.4153967Z Updating files:  86% (919/1058)
job-core	UNKNOWN STEP	2026-02-03T15:36:14.0164058Z Updating files:  86% (920/1058)
job-core	UNKNOWN STEP	2026-02-03T15:36:16.6828838Z Updating files:  87% (921/1058)
job-core	UNKNOWN STEP	2026-02-03T15:36:19.0638262Z Updating files:  87% (922/1058)
job-core	UNKNOWN STEP	2026-02-03T15:36:22.2562999Z Updating files:  87% (923/1058)
job-core	UNKNOWN STEP	2026-02-03T15:36:30.0751943Z Updating files:  87% (924/1058)
job-core	UNKNOWN STEP	2026-02-03T15:36:36.0066072Z Updating files:  87% (925/1058)
job-core	UNKNOWN STEP	2026-02-03T15:36:39.3349587Z Updating files:  87% (926/1058)
job-core	UNKNOWN STEP	2026-02-03T15:36:42.5761416Z Updating files:  87% (927/1058)
job-core	UNKNOWN STEP	2026-02-03T15:36:45.3385835Z Updating files:  87% (928/1058)
job-core	UNKNOWN STEP	2026-02-03T15:36:48.4833347Z Updating files:  87% (929/1058)
job-core	UNKNOWN STEP	2026-02-03T15:36:50.1840975Z Updating files:  87% (930/1058)
job-core	UNKNOWN STEP	2026-02-03T15:36:53.6954169Z Updating files:  87% (931/1058)
job-core	UNKNOWN STEP	2026-02-03T15:36:57.2000740Z Updating files:  88% (932/1058)
job-core	UNKNOWN STEP	2026-02-03T15:36:59.2298190Z Updating files:  88% (933/1058)
job-core	UNKNOWN STEP	2026-02-03T15:37:01.5529693Z Updating files:  88% (934/1058)
job-core	UNKNOWN STEP	2026-02-03T15:37:03.8046407Z Updating files:  88% (935/1058)
job-core	UNKNOWN STEP	2026-02-03T15:37:06.2540909Z Updating files:  88% (936/1058)
job-core	UNKNOWN STEP	2026-02-03T15:37:06.2573690Z Updating files:  88% (937/1058)
job-core	UNKNOWN STEP	2026-02-03T15:37:06.3176043Z Updating files:  89% (942/1058)
job-core	UNKNOWN STEP	2026-02-03T15:37:06.3230138Z Updating files:  90% (953/1058)
job-core	UNKNOWN STEP	2026-02-03T15:37:06.3775729Z Updating files:  91% (963/1058)
job-core	UNKNOWN STEP	2026-02-03T15:37:06.4933741Z Updating files:  92% (974/1058)
job-core	UNKNOWN STEP	2026-02-03T15:37:09.9722144Z Updating files:  93% (984/1058)
job-core	UNKNOWN STEP	2026-02-03T15:37:09.9735510Z Updating files:  94% (995/1058)
job-core	UNKNOWN STEP	2026-02-03T15:37:10.0399201Z Updating files:  95% (1006/1058)
job-core	UNKNOWN STEP	2026-02-03T15:37:10.0434418Z Updating files:  96% (1016/1058)
job-core	UNKNOWN STEP	2026-02-03T15:37:10.0448724Z Updating files:  97% (1027/1058)
job-core	UNKNOWN STEP	2026-02-03T15:37:10.1065058Z Updating files:  98% (1037/1058)
job-core	UNKNOWN STEP	2026-02-03T15:37:10.1075054Z Updating files:  99% (1048/1058)
job-core	UNKNOWN STEP	2026-02-03T15:37:10.1077022Z Updating files: 100% (1058/1058)
job-core	UNKNOWN STEP	2026-02-03T15:37:10.1079279Z Updating files: 100% (1058/1058), done.
job-core	UNKNOWN STEP	2026-02-03T15:37:13.4258508Z Switched to a new branch 'H2438-arreglo-de-despliegue-itop'
job-core	UNKNOWN STEP	2026-02-03T15:37:13.4347317Z branch 'H2438-arreglo-de-despliegue-itop' set up to track 'origin/H2438-arreglo-de-despliegue-itop'.
job-core	UNKNOWN STEP	2026-02-03T15:37:13.4630173Z ##[endgroup]
job-core	UNKNOWN STEP	2026-02-03T15:37:13.4736542Z [command]/usr/bin/git log -1 --format=%H
job-core	UNKNOWN STEP	2026-02-03T15:37:13.4803402Z 40feffd71e8bded7fd5f9408405a8932b4d88886
job-core	UNKNOWN STEP	2026-02-03T15:37:15.9787646Z Prepare all required actions
job-core	UNKNOWN STEP	2026-02-03T15:37:16.3637342Z ##[group]Run ./.github/actions/install-gh-cli
job-core	UNKNOWN STEP	2026-02-03T15:37:16.3638272Z env:
job-core	UNKNOWN STEP	2026-02-03T15:37:16.3638854Z   KAOS_MODULE: [Ka0S] MDLINT
job-core	UNKNOWN STEP	2026-02-03T15:37:16.3640038Z   GH_TOKEN: ***
job-core	UNKNOWN STEP	2026-02-03T15:37:16.3640811Z   KAOS_MD_CONFIG: core/config/.markdownlint.json
job-core	UNKNOWN STEP	2026-02-03T15:37:16.3642041Z   KAOS_PRETTIER_CONFIG: compliance/markdown/.prettierrc.json
job-core	UNKNOWN STEP	2026-02-03T15:37:16.3643251Z   KAOS_PATH_RESUME: audit/mdlint/
job-core	UNKNOWN STEP	2026-02-03T15:37:16.3644170Z   KAOS_REPO: /actions-runner/_work/kaos/kaos
job-core	UNKNOWN STEP	2026-02-03T15:37:16.3645615Z   KAOS_STEP_MODULE: 
job-core	UNKNOWN STEP	2026-02-03T15:37:16.3646272Z   KAOS_CODE: 21634871960
job-core	UNKNOWN STEP	2026-02-03T15:37:16.3646974Z   KAOS_REF_BRANCH: main
job-core	UNKNOWN STEP	2026-02-03T15:37:16.3647644Z ##[endgroup]
job-core	UNKNOWN STEP	2026-02-03T15:37:18.4477400Z ##[group]Run type -p curl >/dev/null || (sudo apt-get update && sudo apt-get install curl -y)
job-core	UNKNOWN STEP	2026-02-03T15:37:18.4479271Z [36;1mtype -p curl >/dev/null || (sudo apt-get update && sudo apt-get install curl -y)[0m
job-core	UNKNOWN STEP	2026-02-03T15:37:18.4482054Z [36;1mcurl -fsSL https://cli.github.com/packages/githubcli-archive-keyring.gpg | sudo dd of=/usr/share/keyrings/githubcli-archive-keyring.gpg \[0m
job-core	UNKNOWN STEP	2026-02-03T15:37:18.4484917Z [36;1m&& sudo chmod go+r /usr/share/keyrings/githubcli-archive-keyring.gpg \[0m
job-core	UNKNOWN STEP	2026-02-03T15:37:18.4488613Z [36;1m&& echo "deb [arch=$(dpkg --print-architecture) signed-by=/usr/share/keyrings/githubcli-archive-keyring.gpg] https://cli.github.com/packages stable main" | sudo tee /etc/apt/sources.list.d/github-cli.list > /dev/null \[0m
job-core	UNKNOWN STEP	2026-02-03T15:37:18.4492005Z [36;1m&& sudo apt-get update \[0m
job-core	UNKNOWN STEP	2026-02-03T15:37:18.4492860Z [36;1m&& sudo apt-get install gh -y[0m
job-core	UNKNOWN STEP	2026-02-03T15:37:18.4521614Z shell: /usr/bin/bash --noprofile --norc -e -o pipefail {0}
job-core	UNKNOWN STEP	2026-02-03T15:37:18.4522270Z env:
job-core	UNKNOWN STEP	2026-02-03T15:37:18.4522602Z   KAOS_MODULE: [Ka0S] MDLINT
job-core	UNKNOWN STEP	2026-02-03T15:37:18.4523315Z   GH_TOKEN: ***
job-core	UNKNOWN STEP	2026-02-03T15:37:18.4523869Z   KAOS_MD_CONFIG: core/config/.markdownlint.json
job-core	UNKNOWN STEP	2026-02-03T15:37:18.4524939Z   KAOS_PRETTIER_CONFIG: compliance/markdown/.prettierrc.json
job-core	UNKNOWN STEP	2026-02-03T15:37:18.4525612Z   KAOS_PATH_RESUME: audit/mdlint/
job-core	UNKNOWN STEP	2026-02-03T15:37:18.4526130Z   KAOS_REPO: /actions-runner/_work/kaos/kaos
job-core	UNKNOWN STEP	2026-02-03T15:37:18.4526691Z   KAOS_STEP_MODULE: 
job-core	UNKNOWN STEP	2026-02-03T15:37:18.4527070Z   KAOS_CODE: 21634871960
job-core	UNKNOWN STEP	2026-02-03T15:37:18.4527467Z   KAOS_REF_BRANCH: main
job-core	UNKNOWN STEP	2026-02-03T15:37:18.4527856Z ##[endgroup]
job-core	UNKNOWN STEP	2026-02-03T15:37:54.6024083Z 4+1 records in
job-core	UNKNOWN STEP	2026-02-03T15:37:54.6026100Z 4+1 records out
job-core	UNKNOWN STEP	2026-02-03T15:37:54.6027147Z 2270 bytes (2.3 kB, 2.2 KiB) copied, 0.000280713 s, 8.1 MB/s
job-core	UNKNOWN STEP	2026-02-03T15:40:34.9989135Z Get:1 http://archive.ubuntu.com/ubuntu noble InRelease [256 kB]
job-core	UNKNOWN STEP	2026-02-03T15:40:35.0506078Z Get:2 http://security.ubuntu.com/ubuntu noble-security InRelease [126 kB]
job-core	UNKNOWN STEP	2026-02-03T15:40:35.1189752Z Get:3 https://cli.github.com/packages stable InRelease [3917 B]
job-core	UNKNOWN STEP	2026-02-03T15:40:35.1626883Z Get:4 https://ppa.launchpadcontent.net/git-core/ppa/ubuntu noble InRelease [24.3 kB]
job-core	UNKNOWN STEP	2026-02-03T15:40:35.4253000Z Get:5 http://archive.ubuntu.com/ubuntu noble-updates InRelease [126 kB]
job-core	UNKNOWN STEP	2026-02-03T15:40:35.7819509Z Get:6 http://archive.ubuntu.com/ubuntu noble-backports InRelease [126 kB]
job-core	UNKNOWN STEP	2026-02-03T15:40:35.7927302Z Get:7 https://ppa.launchpadcontent.net/git-core/ppa/ubuntu noble/main amd64 Packages [2994 B]
job-core	UNKNOWN STEP	2026-02-03T15:40:35.9498355Z Get:8 https://cli.github.com/packages stable/main amd64 Packages [356 B]
job-core	UNKNOWN STEP	2026-02-03T15:40:35.9670183Z Get:9 http://security.ubuntu.com/ubuntu noble-security/universe amd64 Packages [1199 kB]
job-core	UNKNOWN STEP	2026-02-03T15:40:36.2711910Z Get:10 http://archive.ubuntu.com/ubuntu noble/multiverse amd64 Packages [331 kB]
job-core	UNKNOWN STEP	2026-02-03T15:40:36.7834873Z Get:11 http://archive.ubuntu.com/ubuntu noble/universe amd64 Packages [19.3 MB]
job-core	UNKNOWN STEP	2026-02-03T15:40:36.8162335Z Get:12 http://security.ubuntu.com/ubuntu noble-security/restricted amd64 Packages [3008 kB]
job-core	UNKNOWN STEP	2026-02-03T15:40:40.4359895Z Get:13 http://security.ubuntu.com/ubuntu noble-security/multiverse amd64 Packages [34.8 kB]
job-core	UNKNOWN STEP	2026-02-03T15:40:42.0256375Z Get:14 http://security.ubuntu.com/ubuntu noble-security/main amd64 Packages [1777 kB]
job-core	UNKNOWN STEP	2026-02-03T15:40:43.5634775Z Get:15 http://archive.ubuntu.com/ubuntu noble/main amd64 Packages [1808 kB]
job-core	UNKNOWN STEP	2026-02-03T15:40:45.8155463Z Get:16 http://archive.ubuntu.com/ubuntu noble/restricted amd64 Packages [117 kB]
job-core	UNKNOWN STEP	2026-02-03T15:40:45.8232603Z Get:17 http://archive.ubuntu.com/ubuntu noble-updates/restricted amd64 Packages [3233 kB]
job-core	UNKNOWN STEP	2026-02-03T15:40:46.7426478Z Get:18 http://archive.ubuntu.com/ubuntu noble-updates/universe amd64 Packages [1978 kB]
job-core	UNKNOWN STEP	2026-02-03T15:40:47.7001948Z Get:19 http://archive.ubuntu.com/ubuntu noble-updates/multiverse amd64 Packages [38.1 kB]
job-core	UNKNOWN STEP	2026-02-03T15:40:47.7140172Z Get:20 http://archive.ubuntu.com/ubuntu noble-updates/main amd64 Packages [2178 kB]
job-core	UNKNOWN STEP	2026-02-03T15:40:48.7911049Z Get:21 http://archive.ubuntu.com/ubuntu noble-backports/main amd64 Packages [49.5 kB]
job-core	UNKNOWN STEP	2026-02-03T15:40:49.3059727Z Get:22 http://archive.ubuntu.com/ubuntu noble-backports/universe amd64 Packages [34.6 kB]
job-core	UNKNOWN STEP	2026-02-03T15:42:16.8796098Z Fetched 35.8 MB in 15s (2406 kB/s)
job-core	UNKNOWN STEP	2026-02-03T15:42:24.5626993Z Reading package lists...
job-core	UNKNOWN STEP	2026-02-03T15:42:35.5282396Z Reading package lists...
job-core	UNKNOWN STEP	2026-02-03T15:42:35.9915618Z Building dependency tree...
job-core	UNKNOWN STEP	2026-02-03T15:42:35.9917554Z Reading state information...
job-core	UNKNOWN STEP	2026-02-03T15:44:05.6062280Z The following NEW packages will be installed:
job-core	UNKNOWN STEP	2026-02-03T15:44:05.6079636Z   gh
job-core	UNKNOWN STEP	2026-02-03T15:44:05.7592828Z 0 upgraded, 1 newly installed, 0 to remove and 17 not upgraded.
job-core	UNKNOWN STEP	2026-02-03T15:44:05.7593911Z Need to get 13.7 MB of archives.
job-core	UNKNOWN STEP	2026-02-03T15:44:05.7596001Z After this operation, 37.9 MB of additional disk space will be used.
job-core	UNKNOWN STEP	2026-02-03T15:44:05.7598411Z Get:1 https://cli.github.com/packages stable/main amd64 gh amd64 2.86.0 [13.7 MB]
job-core	UNKNOWN STEP	2026-02-03T15:45:10.3129155Z debconf: delaying package configuration, since apt-utils is not installed
job-core	UNKNOWN STEP	2026-02-03T15:45:14.2306159Z Fetched 13.7 MB in 22s (625 kB/s)
job-core	UNKNOWN STEP	2026-02-03T15:45:59.2319594Z Selecting previously unselected package gh.
job-core	UNKNOWN STEP	2026-02-03T15:45:59.7562310Z (Reading database ... 
job-core	UNKNOWN STEP	2026-02-03T15:45:59.7564214Z (Reading database ... 5%
job-core	UNKNOWN STEP	2026-02-03T15:45:59.7565940Z (Reading database ... 10%
job-core	UNKNOWN STEP	2026-02-03T15:45:59.7568162Z (Reading database ... 15%
job-core	UNKNOWN STEP	2026-02-03T15:45:59.7568903Z (Reading database ... 20%
job-core	UNKNOWN STEP	2026-02-03T15:45:59.7569637Z (Reading database ... 25%
job-core	UNKNOWN STEP	2026-02-03T15:45:59.7570371Z (Reading database ... 30%
job-core	UNKNOWN STEP	2026-02-03T15:45:59.7571106Z (Reading database ... 35%
job-core	UNKNOWN STEP	2026-02-03T15:45:59.7571824Z (Reading database ... 40%
job-core	UNKNOWN STEP	2026-02-03T15:45:59.7573109Z (Reading database ... 45%
job-core	UNKNOWN STEP	2026-02-03T15:45:59.7573839Z (Reading database ... 50%
job-core	UNKNOWN STEP	2026-02-03T15:45:59.7574944Z (Reading database ... 55%
job-core	UNKNOWN STEP	2026-02-03T15:45:59.7575663Z (Reading database ... 60%
job-core	UNKNOWN STEP	2026-02-03T15:45:59.7576380Z (Reading database ... 65%
job-core	UNKNOWN STEP	2026-02-03T15:45:59.7577100Z (Reading database ... 70%
job-core	UNKNOWN STEP	2026-02-03T15:45:59.7577823Z (Reading database ... 75%
job-core	UNKNOWN STEP	2026-02-03T15:45:59.7578527Z (Reading database ... 80%
job-core	UNKNOWN STEP	2026-02-03T15:45:59.7579250Z (Reading database ... 85%
job-core	UNKNOWN STEP	2026-02-03T15:45:59.7579974Z (Reading database ... 90%
job-core	UNKNOWN STEP	2026-02-03T15:45:59.7580688Z (Reading database ... 95%
job-core	UNKNOWN STEP	2026-02-03T15:45:59.7581408Z (Reading database ... 100%
job-core	UNKNOWN STEP	2026-02-03T15:45:59.7582502Z (Reading database ... 14385 files and directories currently installed.)
job-core	UNKNOWN STEP	2026-02-03T15:45:59.7583952Z Preparing to unpack .../archives/gh_2.86.0_amd64.deb ...
job-core	UNKNOWN STEP	2026-02-03T15:46:05.5773219Z Unpacking gh (2.86.0) ...
job-core	UNKNOWN STEP	2026-02-03T15:48:59.2243768Z Setting up gh (2.86.0) ...
job-core	UNKNOWN STEP	2026-02-03T15:49:22.3590844Z ##[group]Run actions/setup-node@v4
job-core	UNKNOWN STEP	2026-02-03T15:49:22.3591741Z with:
job-core	UNKNOWN STEP	2026-02-03T15:49:22.3592285Z   node-version: 20
job-core	UNKNOWN STEP	2026-02-03T15:49:22.3592903Z   always-auth: false
job-core	UNKNOWN STEP	2026-02-03T15:49:22.3593605Z   check-latest: false
job-core	UNKNOWN STEP	2026-02-03T15:49:22.3594949Z   token: ***
job-core	UNKNOWN STEP	2026-02-03T15:49:22.3595560Z env:
job-core	UNKNOWN STEP	2026-02-03T15:49:22.3596139Z   KAOS_MODULE: [Ka0S] MDLINT
job-core	UNKNOWN STEP	2026-02-03T15:49:22.3597199Z   GH_TOKEN: ***
job-core	UNKNOWN STEP	2026-02-03T15:49:22.3597939Z   KAOS_MD_CONFIG: core/config/.markdownlint.json
job-core	UNKNOWN STEP	2026-02-03T15:49:22.3599179Z   KAOS_PRETTIER_CONFIG: compliance/markdown/.prettierrc.json
job-core	UNKNOWN STEP	2026-02-03T15:49:22.3600264Z   KAOS_PATH_RESUME: audit/mdlint/
job-core	UNKNOWN STEP	2026-02-03T15:49:22.3601114Z   KAOS_REPO: /actions-runner/_work/kaos/kaos
job-core	UNKNOWN STEP	2026-02-03T15:49:22.3601964Z   KAOS_STEP_MODULE: 
job-core	UNKNOWN STEP	2026-02-03T15:49:22.3602574Z   KAOS_CODE: 21634871960
job-core	UNKNOWN STEP	2026-02-03T15:49:22.3603198Z   KAOS_REF_BRANCH: main
job-core	UNKNOWN STEP	2026-02-03T15:49:22.3603768Z ##[endgroup]
job-core	UNKNOWN STEP	2026-02-03T15:49:29.5175849Z Attempting to download 20...
job-core	UNKNOWN STEP	2026-02-03T15:49:30.5630711Z Acquiring 20.20.0 - x64 from https://github.com/actions/node-versions/releases/download/20.20.0-20981710805/node-20.20.0-linux-x64.tar.gz
job-core	UNKNOWN STEP	2026-02-03T15:49:34.5289845Z Extracting ...
job-core	UNKNOWN STEP	2026-02-03T15:49:34.5568623Z [command]/usr/bin/tar xz --strip 1 --warning=no-unknown-keyword --overwrite -C /home/runner/_work/_temp/11c3b3f4-db51-4922-bcda-3ad934ea09cd -f /home/runner/_work/_temp/c1b7847a-1958-4808-8384-2b87723d9635
job-core	UNKNOWN STEP	2026-02-03T16:04:29.2783578Z Adding to the cache ...
job-core	UNKNOWN STEP	2026-02-03T17:36:46.1378986Z ##[group]Environment details
job-core	UNKNOWN STEP	2026-02-03T17:39:44.4677150Z node: v20.20.0
job-core	UNKNOWN STEP	2026-02-03T17:39:44.4677810Z npm: 10.8.2
job-core	UNKNOWN STEP	2026-02-03T17:39:44.4686369Z yarn: 
job-core	UNKNOWN STEP	2026-02-03T17:39:44.4687902Z ##[endgroup]
job-core	UNKNOWN STEP	2026-02-03T17:39:46.9956831Z Prepare all required actions
job-core	UNKNOWN STEP	2026-02-03T17:39:47.1650562Z ##[group]Run ./.github/actions/kaos-lint-md
job-core	UNKNOWN STEP	2026-02-03T17:39:47.1651831Z with:
job-core	UNKNOWN STEP	2026-02-03T17:39:47.1652978Z   file_path: core/docs/ka0s_dashboard/legacy_technical.md
job-core	UNKNOWN STEP	2026-02-03T17:39:47.1654726Z   fix: true
job-core	UNKNOWN STEP	2026-02-03T17:39:47.1655911Z   path_resume: audit/mdlint/mdlint-results-21634871960.txt
job-core	UNKNOWN STEP	2026-02-03T17:39:47.1657613Z   mdlint_config: core/config/.markdownlint.json
job-core	UNKNOWN STEP	2026-02-03T17:39:47.1658947Z   prettier_config: compliance/markdown/.prettierrc.json
job-core	UNKNOWN STEP	2026-02-03T17:39:47.1659752Z env:
job-core	UNKNOWN STEP	2026-02-03T17:39:47.1660199Z   KAOS_MODULE: [Ka0S] MDLINT
job-core	UNKNOWN STEP	2026-02-03T17:39:47.1661206Z   GH_TOKEN: ***
job-core	UNKNOWN STEP	2026-02-03T17:39:47.1661812Z   KAOS_MD_CONFIG: core/config/.markdownlint.json
job-core	UNKNOWN STEP	2026-02-03T17:39:47.1662803Z   KAOS_PRETTIER_CONFIG: compliance/markdown/.prettierrc.json
job-core	UNKNOWN STEP	2026-02-03T17:39:47.1663713Z   KAOS_PATH_RESUME: audit/mdlint/
job-core	UNKNOWN STEP	2026-02-03T17:39:47.1664652Z   KAOS_REPO: /actions-runner/_work/kaos/kaos
job-core	UNKNOWN STEP	2026-02-03T17:39:47.1665483Z   KAOS_STEP_MODULE: 
job-core	UNKNOWN STEP	2026-02-03T17:39:47.1666016Z   KAOS_CODE: 21634871960
job-core	UNKNOWN STEP	2026-02-03T17:39:47.1666565Z   KAOS_REF_BRANCH: main
job-core	UNKNOWN STEP	2026-02-03T17:39:47.1667092Z ##[endgroup]
job-core	UNKNOWN STEP	2026-02-03T17:39:47.6959256Z ##[group]Run if ! command -v markdownlint-cli2 &> /dev/null; then npm install -g markdownlint-cli2; fi
job-core	UNKNOWN STEP	2026-02-03T17:39:47.6961506Z [36;1mif ! command -v markdownlint-cli2 &> /dev/null; then npm install -g markdownlint-cli2; fi[0m
job-core	UNKNOWN STEP	2026-02-03T17:39:47.6964151Z [36;1mif ! command -v prettier &> /dev/null; then npm install -g prettier; fi[0m
job-core	UNKNOWN STEP	2026-02-03T17:39:47.6966105Z [36;1mmkdir -p $(dirname "audit/mdlint/mdlint-results-21634871960.txt")[0m
job-core	UNKNOWN STEP	2026-02-03T17:39:47.6990693Z shell: /usr/bin/bash --noprofile --norc -e -o pipefail {0}
job-core	UNKNOWN STEP	2026-02-03T17:39:47.6991744Z env:
job-core	UNKNOWN STEP	2026-02-03T17:39:47.6992361Z   KAOS_MODULE: [Ka0S] MDLINT
job-core	UNKNOWN STEP	2026-02-03T17:39:47.6993597Z   GH_TOKEN: ***
job-core	UNKNOWN STEP	2026-02-03T17:39:47.6994574Z   KAOS_MD_CONFIG: core/config/.markdownlint.json
job-core	UNKNOWN STEP	2026-02-03T17:39:47.6995932Z   KAOS_PRETTIER_CONFIG: compliance/markdown/.prettierrc.json
job-core	UNKNOWN STEP	2026-02-03T17:39:47.6996924Z   KAOS_PATH_RESUME: audit/mdlint/
job-core	UNKNOWN STEP	2026-02-03T17:39:47.6997593Z   KAOS_REPO: /actions-runner/_work/kaos/kaos
job-core	UNKNOWN STEP	2026-02-03T17:39:47.6998414Z   KAOS_STEP_MODULE: 
job-core	UNKNOWN STEP	2026-02-03T17:39:47.6998844Z   KAOS_CODE: 21634871960
job-core	UNKNOWN STEP	2026-02-03T17:39:47.6999520Z   KAOS_REF_BRANCH: main
job-core	UNKNOWN STEP	2026-02-03T17:39:47.6999918Z ##[endgroup]
job-core	UNKNOWN STEP	2026-02-03T17:40:30.7114179Z 
job-core	UNKNOWN STEP	2026-02-03T17:40:30.7189228Z added 84 packages in 42s
job-core	UNKNOWN STEP	2026-02-03T17:40:30.7189845Z 
job-core	UNKNOWN STEP	2026-02-03T17:40:30.7206429Z 52 packages are looking for funding
job-core	UNKNOWN STEP	2026-02-03T17:40:30.7207685Z   run `npm fund` for details
job-core	UNKNOWN STEP	2026-02-03T17:40:33.1779618Z 
job-core	UNKNOWN STEP	2026-02-03T17:40:33.1780536Z added 1 package in 2s
job-core	UNKNOWN STEP	2026-02-03T17:40:33.1781132Z 
job-core	UNKNOWN STEP	2026-02-03T17:40:33.1781820Z 1 package is looking for funding
job-core	UNKNOWN STEP	2026-02-03T17:40:33.1784955Z   run `npm fund` for details
job-core	UNKNOWN STEP	2026-02-03T17:40:33.2588335Z ##[group]Run FILE="core/docs/ka0s_dashboard/legacy_technical.md"
job-core	UNKNOWN STEP	2026-02-03T17:40:33.2590972Z [36;1mFILE="core/docs/ka0s_dashboard/legacy_technical.md"[0m
job-core	UNKNOWN STEP	2026-02-03T17:40:33.2593513Z [36;1mRESUME_FILE="audit/mdlint/mdlint-results-21634871960.txt"[0m
job-core	UNKNOWN STEP	2026-02-03T17:40:33.2596021Z [36;1mMD_CFG="core/config/.markdownlint.json"[0m
job-core	UNKNOWN STEP	2026-02-03T17:40:33.2598186Z [36;1mPRETTIER_CFG="compliance/markdown/.prettierrc.json"[0m
job-core	UNKNOWN STEP	2026-02-03T17:40:33.2600008Z [36;1m[0m
job-core	UNKNOWN STEP	2026-02-03T17:40:33.2601265Z [36;1mecho "Starting Markdown Check for: $FILE" >> "$RESUME_FILE"[0m
job-core	UNKNOWN STEP	2026-02-03T17:40:33.2602924Z [36;1m[0m
job-core	UNKNOWN STEP	2026-02-03T17:40:33.2603712Z [36;1m# 1. Syntax (markdownlint)[0m
job-core	UNKNOWN STEP	2026-02-03T17:40:33.2605645Z [36;1mif ! markdownlint-cli2 "$FILE" --config "$MD_CFG" >> "$RESUME_FILE" 2>&1; then[0m
job-core	UNKNOWN STEP	2026-02-03T17:40:33.2608006Z [36;1m  echo "❌ Syntax Error detected by MarkdownLint" >> "$RESUME_FILE"[0m
job-core	UNKNOWN STEP	2026-02-03T17:40:33.2609689Z [36;1m  exit 1[0m
job-core	UNKNOWN STEP	2026-02-03T17:40:33.2610479Z [36;1melse[0m
job-core	UNKNOWN STEP	2026-02-03T17:40:33.2611533Z [36;1m  echo "✅ Syntax Check Passed" >> "$RESUME_FILE"[0m
job-core	UNKNOWN STEP	2026-02-03T17:40:33.2612900Z [36;1mfi[0m
job-core	UNKNOWN STEP	2026-02-03T17:40:33.2613623Z [36;1m[0m
job-core	UNKNOWN STEP	2026-02-03T17:40:33.2615331Z [36;1m# 2. Style (Prettier)[0m
job-core	UNKNOWN STEP	2026-02-03T17:40:33.2616535Z [36;1mif ! prettier --check "$FILE" --config "$PRETTIER_CFG"; then[0m
job-core	UNKNOWN STEP	2026-02-03T17:40:33.2617861Z [36;1m  echo "⚠️ Style Error detected." >> "$RESUME_FILE"[0m
job-core	UNKNOWN STEP	2026-02-03T17:40:33.2618761Z [36;1m  [0m
job-core	UNKNOWN STEP	2026-02-03T17:40:33.2619324Z [36;1m  if [ "true" == "true" ]; then[0m
job-core	UNKNOWN STEP	2026-02-03T17:40:33.2620406Z [36;1m    echo "Attempting Self-Healing..." >> "$RESUME_FILE"[0m
job-core	UNKNOWN STEP	2026-02-03T17:40:33.2621835Z [36;1m    if prettier --write "$FILE" --config "$PRETTIER_CFG"; then[0m
job-core	UNKNOWN STEP	2026-02-03T17:40:33.2623193Z [36;1m      echo "✅ Self-Healing Successful." >> "$RESUME_FILE"[0m
job-core	UNKNOWN STEP	2026-02-03T17:40:33.2637810Z [36;1m    else[0m
job-core	UNKNOWN STEP	2026-02-03T17:40:33.2638775Z [36;1m      echo "❌ Self-Healing Failed." >> "$RESUME_FILE"[0m
job-core	UNKNOWN STEP	2026-02-03T17:40:33.2639766Z [36;1m      exit 1[0m
job-core	UNKNOWN STEP	2026-02-03T17:40:33.2640393Z [36;1m    fi[0m
job-core	UNKNOWN STEP	2026-02-03T17:40:33.2640979Z [36;1m  else[0m
job-core	UNKNOWN STEP	2026-02-03T17:40:33.2642036Z [36;1m     echo "❌ Style violations found (Fix mode disabled)." >> "$RESUME_FILE"[0m
job-core	UNKNOWN STEP	2026-02-03T17:40:33.2643325Z [36;1m     exit 1[0m
job-core	UNKNOWN STEP	2026-02-03T17:40:33.2643942Z [36;1m  fi[0m
job-core	UNKNOWN STEP	2026-02-03T17:40:33.2644643Z [36;1melse[0m
job-core	UNKNOWN STEP	2026-02-03T17:40:33.2645371Z [36;1m  echo "✅ Style Check Passed" >> "$RESUME_FILE"[0m
job-core	UNKNOWN STEP	2026-02-03T17:40:33.2646353Z [36;1mfi[0m
job-core	UNKNOWN STEP	2026-02-03T17:40:33.2676209Z shell: /usr/bin/bash --noprofile --norc -e -o pipefail {0}
job-core	UNKNOWN STEP	2026-02-03T17:40:33.2678212Z env:
job-core	UNKNOWN STEP	2026-02-03T17:40:33.2678803Z   KAOS_MODULE: [Ka0S] MDLINT
job-core	UNKNOWN STEP	2026-02-03T17:40:33.2680113Z   GH_TOKEN: ***
job-core	UNKNOWN STEP	2026-02-03T17:40:33.2680989Z   KAOS_MD_CONFIG: core/config/.markdownlint.json
job-core	UNKNOWN STEP	2026-02-03T17:40:33.2682421Z   KAOS_PRETTIER_CONFIG: compliance/markdown/.prettierrc.json
job-core	UNKNOWN STEP	2026-02-03T17:40:33.2683766Z   KAOS_PATH_RESUME: audit/mdlint/
job-core	UNKNOWN STEP	2026-02-03T17:40:33.2684832Z   KAOS_REPO: /actions-runner/_work/kaos/kaos
job-core	UNKNOWN STEP	2026-02-03T17:40:33.2685763Z   KAOS_STEP_MODULE: 
job-core	UNKNOWN STEP	2026-02-03T17:40:33.2686423Z   KAOS_CODE: 21634871960
job-core	UNKNOWN STEP	2026-02-03T17:40:33.2687086Z   KAOS_REF_BRANCH: main
job-core	UNKNOWN STEP	2026-02-03T17:40:33.2687755Z ##[endgroup]
job-core	UNKNOWN STEP	2026-02-03T17:40:39.8757433Z ##[error]Process completed with exit code 1.
job-core	UNKNOWN STEP	2026-02-03T17:40:41.0910324Z ##[group]Run FILE="core/docs/ka0s_dashboard/legacy_technical.md"
job-core	UNKNOWN STEP	2026-02-03T17:40:41.0911917Z [36;1mFILE="core/docs/ka0s_dashboard/legacy_technical.md"[0m
job-core	UNKNOWN STEP	2026-02-03T17:40:41.0915034Z [36;1mKAOS_ISSUE_BODY="The [Ka0S] MDLINT process (21634761889) failed. File ($FILE) has violations that could not be auto-fixed. Please check the logs."[0m
job-core	UNKNOWN STEP	2026-02-03T17:40:41.0917552Z [36;1mgh issue comment 2438 -b "$KAOS_ISSUE_BODY"[0m
job-core	UNKNOWN STEP	2026-02-03T17:40:41.0921281Z [36;1mexit 1[0m
job-core	UNKNOWN STEP	2026-02-03T17:40:41.0948671Z shell: /usr/bin/bash -e {0}
job-core	UNKNOWN STEP	2026-02-03T17:40:41.0949436Z env:
job-core	UNKNOWN STEP	2026-02-03T17:40:41.0950013Z   KAOS_MODULE: [Ka0S] MDLINT
job-core	UNKNOWN STEP	2026-02-03T17:40:41.0951249Z   GH_TOKEN: ***
job-core	UNKNOWN STEP	2026-02-03T17:40:41.0952017Z   KAOS_MD_CONFIG: core/config/.markdownlint.json
job-core	UNKNOWN STEP	2026-02-03T17:40:41.0953261Z   KAOS_PRETTIER_CONFIG: compliance/markdown/.prettierrc.json
job-core	UNKNOWN STEP	2026-02-03T17:40:41.0955495Z   KAOS_PATH_RESUME: audit/mdlint/
job-core	UNKNOWN STEP	2026-02-03T17:40:41.0956440Z   KAOS_REPO: /actions-runner/_work/kaos/kaos
job-core	UNKNOWN STEP	2026-02-03T17:40:41.0957462Z   KAOS_STEP_MODULE: 
job-core	UNKNOWN STEP	2026-02-03T17:40:41.0958121Z   KAOS_CODE: 21634871960
job-core	UNKNOWN STEP	2026-02-03T17:40:41.0958816Z   KAOS_REF_BRANCH: main
job-core	UNKNOWN STEP	2026-02-03T17:40:41.0959505Z ##[endgroup]
job-core	UNKNOWN STEP	2026-02-03T17:41:30.3079443Z HTTP 401: Bad credentials (https://api.github.com/graphql)
job-core	UNKNOWN STEP	2026-02-03T17:41:30.3080807Z Try authenticating with:  gh auth login
job-core	UNKNOWN STEP	2026-02-03T17:41:37.0978573Z ##[error]Process completed with exit code 1.
job-core	UNKNOWN STEP	2026-02-03T17:41:38.0199942Z ##[group]Run # Subir logs de auditoría si existen
job-core	UNKNOWN STEP	2026-02-03T17:41:38.0201181Z [36;1m# Subir logs de auditoría si existen[0m
job-core	UNKNOWN STEP	2026-02-03T17:41:38.0202460Z [36;1mif [ -f "audit/mdlint/mdlint-results-21634871960.txt" ]; then[0m
job-core	UNKNOWN STEP	2026-02-03T17:41:38.0204026Z [36;1m   git config --global user.name "***"[0m
job-core	UNKNOWN STEP	2026-02-03T17:41:38.0205408Z [36;1m   git config --global user.email "***"[0m
job-core	UNKNOWN STEP	2026-02-03T17:41:38.0206393Z [36;1m   git pull --rebase[0m
job-core	UNKNOWN STEP	2026-02-03T17:41:38.0207193Z [36;1m   git add audit/mdlint/*[0m
job-core	UNKNOWN STEP	2026-02-03T17:41:38.0208086Z [36;1m   if ! git diff --staged --quiet; then[0m
job-core	UNKNOWN STEP	2026-02-03T17:41:38.0209447Z [36;1m      git commit -m "[Ka0S] Uploading Markdown compliance audit logs"[0m
job-core	UNKNOWN STEP	2026-02-03T17:41:38.0211376Z [36;1m      git push origin refs/heads/H2438-arreglo-de-despliegue-itop --force-with-lease[0m
job-core	UNKNOWN STEP	2026-02-03T17:41:38.0212897Z [36;1m   fi[0m
job-core	UNKNOWN STEP	2026-02-03T17:41:38.0213491Z [36;1mfi[0m
job-core	UNKNOWN STEP	2026-02-03T17:41:38.0230902Z shell: /usr/bin/bash -e {0}
job-core	UNKNOWN STEP	2026-02-03T17:41:38.0231759Z env:
job-core	UNKNOWN STEP	2026-02-03T17:41:38.0232337Z   KAOS_MODULE: [Ka0S] MDLINT
job-core	UNKNOWN STEP	2026-02-03T17:41:38.0234062Z   GH_TOKEN: ***
job-core	UNKNOWN STEP	2026-02-03T17:41:38.0235187Z   KAOS_MD_CONFIG: core/config/.markdownlint.json
job-core	UNKNOWN STEP	2026-02-03T17:41:38.0236432Z   KAOS_PRETTIER_CONFIG: compliance/markdown/.prettierrc.json
job-core	UNKNOWN STEP	2026-02-03T17:41:38.0237611Z   KAOS_PATH_RESUME: audit/mdlint/
job-core	UNKNOWN STEP	2026-02-03T17:41:38.0238512Z   KAOS_REPO: /actions-runner/_work/kaos/kaos
job-core	UNKNOWN STEP	2026-02-03T17:41:38.0239439Z   KAOS_STEP_MODULE: 
job-core	UNKNOWN STEP	2026-02-03T17:41:38.0240111Z   KAOS_CODE: 21634871960
job-core	UNKNOWN STEP	2026-02-03T17:41:38.0240820Z   KAOS_REF_BRANCH: main
job-core	UNKNOWN STEP	2026-02-03T17:41:38.0241477Z ##[endgroup]
job-core	UNKNOWN STEP	2026-02-03T17:42:05.4675649Z From https://github.com/Ka0s-Klaus/ka0s
job-core	UNKNOWN STEP	2026-02-03T17:42:05.4678928Z    40feffd71..7bdffb225  H2438-arreglo-de-despliegue-itop -> origin/H2438-arreglo-de-despliegue-itop
job-core	UNKNOWN STEP	2026-02-03T17:42:05.4683271Z    b1bfe5fdb..3f7dd6454  H3038-test-ci-cd-kubernetes-automated-system -> origin/H3038-test-ci-cd-kubernetes-automated-system
job-core	UNKNOWN STEP	2026-02-03T17:42:05.4697666Z  * [new branch]          feature/user-lab-validation -> origin/feature/user-lab-validation
job-core	UNKNOWN STEP	2026-02-03T17:42:05.4699915Z    b7a2247ee..acf0597b4  main       -> origin/main
job-core	UNKNOWN STEP	2026-02-03T17:42:10.4977824Z Updating 40feffd71..7bdffb225
job-core	UNKNOWN STEP	2026-02-03T17:42:10.4979061Z Fast-forward
job-core	UNKNOWN STEP	2026-02-03T17:42:10.5060884Z  audit/htmllint/htmllint-results-21635086197.txt |   8 +
job-core	UNKNOWN STEP	2026-02-03T17:42:10.5062921Z  audit/jsonlint/jsonlint-results-21634809751.txt |   3 +
job-core	UNKNOWN STEP	2026-02-03T17:42:10.5064920Z  audit/jsonlint/jsonlint-results-21634816634.txt |   3 +
job-core	UNKNOWN STEP	2026-02-03T17:42:10.5070370Z  audit/jsonlint/jsonlint-results-21634898481.txt |   3 +
job-core	UNKNOWN STEP	2026-02-03T17:42:10.5071743Z  audit/jsonlint/jsonlint-results-21634902671.txt |   3 +
job-core	UNKNOWN STEP	2026-02-03T17:42:10.5073028Z  audit/jsonlint/jsonlint-results-21634904693.txt |   3 +
job-core	UNKNOWN STEP	2026-02-03T17:42:10.5074654Z  audit/jsonlint/jsonlint-results-21635087419.txt |  16 ++
job-core	UNKNOWN STEP	2026-02-03T17:42:10.5081038Z  audit/jsonlint/jsonlint-results-21635098950.txt |   3 +
job-core	UNKNOWN STEP	2026-02-03T17:42:10.5082774Z  audit/kaos/21634763944-files-in-commit.txt      | 334 ++++++++++++++++++++++++
job-core	UNKNOWN STEP	2026-02-03T17:42:10.5085692Z  audit/kaos/21634763944.json                     |   1 +
job-core	UNKNOWN STEP	2026-02-03T17:42:10.5089431Z  audit/mdlint/mdlint-results-21634810840.txt     |  15 ++
job-core	UNKNOWN STEP	2026-02-03T17:42:10.5103043Z  audit/mdlint/mdlint-results-21634813245.txt     |  14 +
job-core	UNKNOWN STEP	2026-02-03T17:42:10.5106922Z  audit/mdlint/mdlint-results-21634815511.txt     |  15 ++
job-core	UNKNOWN STEP	2026-02-03T17:42:10.5108351Z  audit/mdlint/mdlint-results-21634818569.txt     |  53 ++++
job-core	UNKNOWN STEP	2026-02-03T17:42:10.5110134Z  audit/mdlint/mdlint-results-21634820631.txt     |  58 ++++
job-core	UNKNOWN STEP	2026-02-03T17:42:10.5111658Z  audit/mdlint/mdlint-results-21634822582.txt     |  75 ++++++
job-core	UNKNOWN STEP	2026-02-03T17:42:10.5113226Z  audit/mdlint/mdlint-results-21634823665.txt     |  56 ++++
job-core	UNKNOWN STEP	2026-02-03T17:42:10.5114997Z  audit/mdlint/mdlint-results-21634824971.txt     | 102 ++++++++
job-core	UNKNOWN STEP	2026-02-03T17:42:10.5116513Z  audit/mdlint/mdlint-results-21634826045.txt     |  69 +++++
job-core	UNKNOWN STEP	2026-02-03T17:42:10.5118033Z  audit/mdlint/mdlint-results-21634827126.txt     |  46 ++++
job-core	UNKNOWN STEP	2026-02-03T17:42:10.5132227Z  audit/mdlint/mdlint-results-21634829335.txt     |  49 ++++
job-core	UNKNOWN STEP	2026-02-03T17:42:10.5134184Z  audit/mdlint/mdlint-results-21634831565.txt     |  45 ++++
job-core	UNKNOWN STEP	2026-02-03T17:42:10.5135689Z  audit/mdlint/mdlint-results-21634832734.txt     |  57 ++++
job-core	UNKNOWN STEP	2026-02-03T17:42:10.5137183Z  audit/mdlint/mdlint-results-21634833871.txt     |  41 +++
job-core	UNKNOWN STEP	2026-02-03T17:42:10.5138644Z  audit/mdlint/mdlint-results-21634834926.txt     |  51 ++++
job-core	UNKNOWN STEP	2026-02-03T17:42:10.5140073Z  audit/mdlint/mdlint-results-21634849131.txt     |  14 +
job-core	UNKNOWN STEP	2026-02-03T17:42:10.5141487Z  audit/mdlint/mdlint-results-21634851120.txt     |  21 ++
job-core	UNKNOWN STEP	2026-02-03T17:42:10.5142900Z  audit/mdlint/mdlint-results-21634852246.txt     |  26 ++
job-core	UNKNOWN STEP	2026-02-03T17:42:10.5162666Z  audit/mdlint/mdlint-results-21634854708.txt     |  13 +
job-core	UNKNOWN STEP	2026-02-03T17:42:10.5177282Z  audit/mdlint/mdlint-results-21634855863.txt     |  18 ++
job-core	UNKNOWN STEP	2026-02-03T17:42:10.5179304Z  audit/mdlint/mdlint-results-21634857000.txt     |  15 ++
job-core	UNKNOWN STEP	2026-02-03T17:42:10.5181162Z  audit/mdlint/mdlint-results-21634858297.txt     |  12 +
job-core	UNKNOWN STEP	2026-02-03T17:42:10.5182623Z  audit/mdlint/mdlint-results-21634859716.txt     |  27 ++
job-core	UNKNOWN STEP	2026-02-03T17:42:10.5183932Z  audit/mdlint/mdlint-results-21634860716.txt     |  21 ++
job-core	UNKNOWN STEP	2026-02-03T17:42:10.5185399Z  audit/mdlint/mdlint-results-21634862925.txt     |  16 ++
job-core	UNKNOWN STEP	2026-02-03T17:42:10.5186820Z  audit/mdlint/mdlint-results-21634866688.txt     |  11 +
job-core	UNKNOWN STEP	2026-02-03T17:42:10.5188238Z  audit/mdlint/mdlint-results-21634870714.txt     |  15 ++
job-core	UNKNOWN STEP	2026-02-03T17:42:10.5189688Z  audit/mdlint/mdlint-results-21634873234.txt     |  33 +++
job-core	UNKNOWN STEP	2026-02-03T17:42:10.5191070Z  audit/mdlint/mdlint-results-21634877851.txt     |  14 +
job-core	UNKNOWN STEP	2026-02-03T17:42:10.5192483Z  audit/mdlint/mdlint-results-21634881011.txt     |   7 +
job-core	UNKNOWN STEP	2026-02-03T17:42:10.5193872Z  audit/mdlint/mdlint-results-21634882545.txt     |  12 +
job-core	UNKNOWN STEP	2026-02-03T17:42:10.5195442Z  audit/mdlint/mdlint-results-21634885246.txt     |  12 +
job-core	UNKNOWN STEP	2026-02-03T17:42:10.5196844Z  audit/mdlint/mdlint-results-21634888106.txt     |   7 +
job-core	UNKNOWN STEP	2026-02-03T17:42:10.5198885Z  audit/mdlint/mdlint-results-21634891411.txt     |  21 ++
job-core	UNKNOWN STEP	2026-02-03T17:42:10.5200240Z  audit/mdlint/mdlint-results-21634896417.txt     |  12 +
job-core	UNKNOWN STEP	2026-02-03T17:42:10.5201584Z  audit/mdlint/mdlint-results-21634898482.txt     |  10 +
job-core	UNKNOWN STEP	2026-02-03T17:42:10.5202924Z  audit/mdlint/mdlint-results-21634899856.txt     |   7 +
job-core	UNKNOWN STEP	2026-02-03T17:42:10.5204354Z  audit/mdlint/mdlint-results-21634903178.txt     |   7 +
job-core	UNKNOWN STEP	2026-02-03T17:42:10.5205724Z  audit/mdlint/mdlint-results-21634903614.txt     |  15 ++
job-core	UNKNOWN STEP	2026-02-03T17:42:10.5207073Z  audit/mdlint/mdlint-results-21634904743.txt     |  17 ++
job-core	UNKNOWN STEP	2026-02-03T17:42:10.5208462Z  audit/mdlint/mdlint-results-21634911513.txt     |  56 ++++
job-core	UNKNOWN STEP	2026-02-03T17:42:10.5209828Z  audit/mdlint/mdlint-results-21634913665.txt     |  13 +
job-core	UNKNOWN STEP	2026-02-03T17:42:10.5211210Z  audit/mdlint/mdlint-results-21634914780.txt     |  46 ++++
job-core	UNKNOWN STEP	2026-02-03T17:42:10.5212606Z  audit/mdlint/mdlint-results-21634915212.txt     |  19 ++
job-core	UNKNOWN STEP	2026-02-03T17:42:10.5213963Z  audit/mdlint/mdlint-results-21634916966.txt     |  17 ++
job-core	UNKNOWN STEP	2026-02-03T17:42:10.5215521Z  audit/mdlint/mdlint-results-21634918721.txt     |  16 ++
job-core	UNKNOWN STEP	2026-02-03T17:42:10.5216921Z  audit/mdlint/mdlint-results-21634918873.txt     |  45 ++++
job-core	UNKNOWN STEP	2026-02-03T17:42:10.5218340Z  audit/mdlint/mdlint-results-21634920872.txt     |  41 +++
job-core	UNKNOWN STEP	2026-02-03T17:42:10.5219704Z  audit/mdlint/mdlint-results-21634921547.txt     |  27 ++
job-core	UNKNOWN STEP	2026-02-03T17:42:10.5221084Z  audit/mdlint/mdlint-results-21634921919.txt     |  51 ++++
job-core	UNKNOWN STEP	2026-02-03T17:42:10.5222541Z  audit/mdlint/mdlint-results-21634933012.txt     |  16 ++
job-core	UNKNOWN STEP	2026-02-03T17:42:10.5223911Z  audit/mdlint/mdlint-results-21634936921.txt     |  26 ++
job-core	UNKNOWN STEP	2026-02-03T17:42:10.5225357Z  audit/mdlint/mdlint-results-21634938659.txt     |  14 +
job-core	UNKNOWN STEP	2026-02-03T17:42:10.5226707Z  audit/mdlint/mdlint-results-21634941924.txt     |  20 ++
job-core	UNKNOWN STEP	2026-02-03T17:42:10.5228050Z  audit/mdlint/mdlint-results-21634946588.txt     |  13 +
job-core	UNKNOWN STEP	2026-02-03T17:42:10.5229387Z  audit/mdlint/mdlint-results-21634948331.txt     |  18 ++
job-core	UNKNOWN STEP	2026-02-03T17:42:10.5230756Z  audit/mdlint/mdlint-results-21634949590.txt     |  21 ++
job-core	UNKNOWN STEP	2026-02-03T17:42:10.5233198Z  audit/mdlint/mdlint-results-21634951663.txt     |  20 ++
job-core	UNKNOWN STEP	2026-02-03T17:42:10.5234737Z  audit/mdlint/mdlint-results-21634951690.txt     |  12 +
job-core	UNKNOWN STEP	2026-02-03T17:42:10.5236252Z  audit/mdlint/mdlint-results-21634955122.txt     |  21 ++
job-core	UNKNOWN STEP	2026-02-03T17:42:10.5237591Z  audit/mdlint/mdlint-results-21634963513.txt     |  11 +
job-core	UNKNOWN STEP	2026-02-03T17:42:10.5239025Z  audit/mdlint/mdlint-results-21634966898.txt     |   8 +
job-core	UNKNOWN STEP	2026-02-03T17:42:10.5240400Z  audit/mdlint/mdlint-results-21634968616.txt     |  15 ++
job-core	UNKNOWN STEP	2026-02-03T17:42:10.5241792Z  audit/mdlint/mdlint-results-21634970195.txt     |  38 +++
job-core	UNKNOWN STEP	2026-02-03T17:42:10.5243223Z  audit/mdlint/mdlint-results-21634976134.txt     |  14 +
job-core	UNKNOWN STEP	2026-02-03T17:42:10.5244944Z  audit/mdlint/mdlint-results-21634979103.txt     |   7 +
job-core	UNKNOWN STEP	2026-02-03T17:42:10.5246371Z  audit/mdlint/mdlint-results-21634985666.txt     |   7 +
job-core	UNKNOWN STEP	2026-02-03T17:42:10.5247786Z  audit/mdlint/mdlint-results-21634992081.txt     |  12 +
job-core	UNKNOWN STEP	2026-02-03T17:42:10.5249213Z  audit/mdlint/mdlint-results-21635013707.txt     |  27 ++
job-core	UNKNOWN STEP	2026-02-03T17:42:10.5250672Z  audit/mdlint/mdlint-results-21635025053.txt     |  22 ++
job-core	UNKNOWN STEP	2026-02-03T17:42:10.5252128Z  audit/mdlint/mdlint-results-21635028270.txt     |  25 ++
job-core	UNKNOWN STEP	2026-02-03T17:42:10.5253540Z  audit/mdlint/mdlint-results-21635033971.txt     |  12 +
job-core	UNKNOWN STEP	2026-02-03T17:42:10.5255128Z  audit/mdlint/mdlint-results-21635043313.txt     |  18 ++
job-core	UNKNOWN STEP	2026-02-03T17:42:10.5256551Z  audit/mdlint/mdlint-results-21635051301.txt     |  22 ++
job-core	UNKNOWN STEP	2026-02-03T17:42:10.5257913Z  audit/mdlint/mdlint-results-21635052672.txt     |   9 +
job-core	UNKNOWN STEP	2026-02-03T17:42:10.5259307Z  audit/mdlint/mdlint-results-21635054956.txt     |  12 +
job-core	UNKNOWN STEP	2026-02-03T17:42:10.5260740Z  audit/mdlint/mdlint-results-21635056174.txt     |  12 +
job-core	UNKNOWN STEP	2026-02-03T17:42:10.5262152Z  audit/mdlint/mdlint-results-21635060132.txt     |   8 +
job-core	UNKNOWN STEP	2026-02-03T17:42:10.5263634Z  audit/mdlint/mdlint-results-21635061471.txt     |  12 +
job-core	UNKNOWN STEP	2026-02-03T17:42:10.5265526Z  audit/mdlint/mdlint-results-21635064893.txt     |  12 +
job-core	UNKNOWN STEP	2026-02-03T17:42:10.5267606Z  audit/mdlint/mdlint-results-21635065976.txt     |   7 +
job-core	UNKNOWN STEP	2026-02-03T17:42:10.5269070Z  audit/mdlint/mdlint-results-21635069433.txt     |  12 +
job-core	UNKNOWN STEP	2026-02-03T17:42:10.5270483Z  audit/mdlint/mdlint-results-21635070729.txt     |  13 +
job-core	UNKNOWN STEP	2026-02-03T17:42:10.5271881Z  audit/mdlint/mdlint-results-21635073387.txt     |  12 +
job-core	UNKNOWN STEP	2026-02-03T17:42:10.5273310Z  audit/mdlint/mdlint-results-21635074692.txt     |  10 +
job-core	UNKNOWN STEP	2026-02-03T17:42:10.5274854Z  audit/mdlint/mdlint-results-21635079027.txt     |  18 ++
job-core	UNKNOWN STEP	2026-02-03T17:42:10.5276313Z  audit/mdlint/mdlint-results-21635080154.txt     |   8 +
job-core	UNKNOWN STEP	2026-02-03T17:42:10.5277687Z  audit/mdlint/mdlint-results-21635084081.txt     |   7 +
job-core	UNKNOWN STEP	2026-02-03T17:42:10.5279074Z  audit/mdlint/mdlint-results-21635092317.txt     |  21 ++
job-core	UNKNOWN STEP	2026-02-03T17:42:10.5280448Z  audit/mdlint/mdlint-results-21635094083.txt     |  29 ++
job-core	UNKNOWN STEP	2026-02-03T17:42:10.5281730Z  audit/yamllint/yamllint-results-21634839338.txt |   3 +
job-core	UNKNOWN STEP	2026-02-03T17:42:10.5283154Z  audit/yamllint/yamllint-results-21634842753.txt |   6 +
job-core	UNKNOWN STEP	2026-02-03T17:42:10.5284769Z  audit/yamllint/yamllint-results-21634845941.txt |   6 +
job-core	UNKNOWN STEP	2026-02-03T17:42:10.5286211Z  audit/yamllint/yamllint-results-21634846925.txt |   6 +
job-core	UNKNOWN STEP	2026-02-03T17:42:10.5287639Z  audit/yamllint/yamllint-results-21634925268.txt |   6 +
job-core	UNKNOWN STEP	2026-02-03T17:42:10.5288901Z  audit/yamllint/yamllint-results-21634926418.txt |   3 +
job-core	UNKNOWN STEP	2026-02-03T17:42:10.5289732Z  audit/yamllint/yamllint-results-21634928862.txt |   6 +
job-core	UNKNOWN STEP	2026-02-03T17:42:10.5290543Z  audit/yamllint/yamllint-results-21634930008.txt |   6 +
job-core	UNKNOWN STEP	2026-02-03T17:42:10.5291354Z  audit/yamllint/yamllint-results-21634932622.txt |   6 +
job-core	UNKNOWN STEP	2026-02-03T17:42:10.5292168Z  audit/yamllint/yamllint-results-21635089466.txt |   6 +
job-core	UNKNOWN STEP	2026-02-03T17:42:10.5292879Z  110 files changed, 2512 insertions(+)
job-core	UNKNOWN STEP	2026-02-03T17:42:10.5293669Z  create mode 100644 audit/htmllint/htmllint-results-21635086197.txt
job-core	UNKNOWN STEP	2026-02-03T17:42:10.5294953Z  create mode 100644 audit/jsonlint/jsonlint-results-21634809751.txt
job-core	UNKNOWN STEP	2026-02-03T17:42:10.5296173Z  create mode 100644 audit/jsonlint/jsonlint-results-21634816634.txt
job-core	UNKNOWN STEP	2026-02-03T17:42:10.5297823Z  create mode 100644 audit/jsonlint/jsonlint-results-21634898481.txt
job-core	UNKNOWN STEP	2026-02-03T17:42:10.5298839Z  create mode 100644 audit/jsonlint/jsonlint-results-21634902671.txt
job-core	UNKNOWN STEP	2026-02-03T17:42:10.5299814Z  create mode 100644 audit/jsonlint/jsonlint-results-21634904693.txt
job-core	UNKNOWN STEP	2026-02-03T17:42:10.5300785Z  create mode 100644 audit/jsonlint/jsonlint-results-21635087419.txt
job-core	UNKNOWN STEP	2026-02-03T17:42:10.5301752Z  create mode 100644 audit/jsonlint/jsonlint-results-21635098950.txt
job-core	UNKNOWN STEP	2026-02-03T17:42:10.5302667Z  create mode 100644 audit/kaos/21634763944-files-in-commit.txt
job-core	UNKNOWN STEP	2026-02-03T17:42:10.5303662Z  create mode 100644 audit/kaos/21634763944.json
job-core	UNKNOWN STEP	2026-02-03T17:42:10.5305214Z  create mode 100644 audit/mdlint/mdlint-results-21634810840.txt
job-core	UNKNOWN STEP	2026-02-03T17:42:10.5306138Z  create mode 100644 audit/mdlint/mdlint-results-21634813245.txt
job-core	UNKNOWN STEP	2026-02-03T17:42:10.5307476Z  create mode 100644 audit/mdlint/mdlint-results-21634815511.txt
job-core	UNKNOWN STEP	2026-02-03T17:42:10.5308394Z  create mode 100644 audit/mdlint/mdlint-results-21634818569.txt
job-core	UNKNOWN STEP	2026-02-03T17:42:10.5309314Z  create mode 100644 audit/mdlint/mdlint-results-21634820631.txt
job-core	UNKNOWN STEP	2026-02-03T17:42:10.5310204Z  create mode 100644 audit/mdlint/mdlint-results-21634822582.txt
job-core	UNKNOWN STEP	2026-02-03T17:42:10.5311102Z  create mode 100644 audit/mdlint/mdlint-results-21634823665.txt
job-core	UNKNOWN STEP	2026-02-03T17:42:10.5311995Z  create mode 100644 audit/mdlint/mdlint-results-21634824971.txt
job-core	UNKNOWN STEP	2026-02-03T17:42:10.5312884Z  create mode 100644 audit/mdlint/mdlint-results-21634826045.txt
job-core	UNKNOWN STEP	2026-02-03T17:42:10.5314207Z  create mode 100644 audit/mdlint/mdlint-results-21634827126.txt
job-core	UNKNOWN STEP	2026-02-03T17:42:10.5315285Z  create mode 100644 audit/mdlint/mdlint-results-21634829335.txt
job-core	UNKNOWN STEP	2026-02-03T17:42:10.5316190Z  create mode 100644 audit/mdlint/mdlint-results-21634831565.txt
job-core	UNKNOWN STEP	2026-02-03T17:42:10.5317086Z  create mode 100644 audit/mdlint/mdlint-results-21634832734.txt
job-core	UNKNOWN STEP	2026-02-03T17:42:10.5317982Z  create mode 100644 audit/mdlint/mdlint-results-21634833871.txt
job-core	UNKNOWN STEP	2026-02-03T17:42:10.5318880Z  create mode 100644 audit/mdlint/mdlint-results-21634834926.txt
job-core	UNKNOWN STEP	2026-02-03T17:42:10.5320245Z  create mode 100644 audit/mdlint/mdlint-results-21634849131.txt
job-core	UNKNOWN STEP	2026-02-03T17:42:10.5321321Z  create mode 100644 audit/mdlint/mdlint-results-21634851120.txt
job-core	UNKNOWN STEP	2026-02-03T17:42:10.5322230Z  create mode 100644 audit/mdlint/mdlint-results-21634852246.txt
job-core	UNKNOWN STEP	2026-02-03T17:42:10.5323119Z  create mode 100644 audit/mdlint/mdlint-results-21634854708.txt
job-core	UNKNOWN STEP	2026-02-03T17:42:10.5324058Z  create mode 100644 audit/mdlint/mdlint-results-21634855863.txt
job-core	UNKNOWN STEP	2026-02-03T17:42:10.5325389Z  create mode 100644 audit/mdlint/mdlint-results-21634857000.txt
job-core	UNKNOWN STEP	2026-02-03T17:42:10.5326293Z  create mode 100644 audit/mdlint/mdlint-results-21634858297.txt
job-core	UNKNOWN STEP	2026-02-03T17:42:10.5327184Z  create mode 100644 audit/mdlint/mdlint-results-21634859716.txt
job-core	UNKNOWN STEP	2026-02-03T17:42:10.5328073Z  create mode 100644 audit/mdlint/mdlint-results-21634860716.txt
job-core	UNKNOWN STEP	2026-02-03T17:42:10.5328967Z  create mode 100644 audit/mdlint/mdlint-results-21634862925.txt
job-core	UNKNOWN STEP	2026-02-03T17:42:10.5329864Z  create mode 100644 audit/mdlint/mdlint-results-21634866688.txt
job-core	UNKNOWN STEP	2026-02-03T17:42:10.5330783Z  create mode 100644 audit/mdlint/mdlint-results-21634870714.txt
job-core	UNKNOWN STEP	2026-02-03T17:42:10.5331688Z  create mode 100644 audit/mdlint/mdlint-results-21634873234.txt
job-core	UNKNOWN STEP	2026-02-03T17:42:10.5332865Z  create mode 100644 audit/mdlint/mdlint-results-21634877851.txt
job-core	UNKNOWN STEP	2026-02-03T17:42:10.5333763Z  create mode 100644 audit/mdlint/mdlint-results-21634881011.txt
job-core	UNKNOWN STEP	2026-02-03T17:42:10.5335294Z  create mode 100644 audit/mdlint/mdlint-results-21634882545.txt
job-core	UNKNOWN STEP	2026-02-03T17:42:10.5336493Z  create mode 100644 audit/mdlint/mdlint-results-21634885246.txt
job-core	UNKNOWN STEP	2026-02-03T17:42:10.5337392Z  create mode 100644 audit/mdlint/mdlint-results-21634888106.txt
job-core	UNKNOWN STEP	2026-02-03T17:42:10.5338261Z  create mode 100644 audit/mdlint/mdlint-results-21634891411.txt
job-core	UNKNOWN STEP	2026-02-03T17:42:10.5339159Z  create mode 100644 audit/mdlint/mdlint-results-21634896417.txt
job-core	UNKNOWN STEP	2026-02-03T17:42:10.5340047Z  create mode 100644 audit/mdlint/mdlint-results-21634898482.txt
job-core	UNKNOWN STEP	2026-02-03T17:42:10.5340942Z  create mode 100644 audit/mdlint/mdlint-results-21634899856.txt
job-core	UNKNOWN STEP	2026-02-03T17:42:10.5342255Z  create mode 100644 audit/mdlint/mdlint-results-21634903178.txt
job-core	UNKNOWN STEP	2026-02-03T17:42:10.5343187Z  create mode 100644 audit/mdlint/mdlint-results-21634903614.txt
job-core	UNKNOWN STEP	2026-02-03T17:42:10.5344083Z  create mode 100644 audit/mdlint/mdlint-results-21634904743.txt
job-core	UNKNOWN STEP	2026-02-03T17:42:10.5345242Z  create mode 100644 audit/mdlint/mdlint-results-21634911513.txt
job-core	UNKNOWN STEP	2026-02-03T17:42:10.5346145Z  create mode 100644 audit/mdlint/mdlint-results-21634913665.txt
job-core	UNKNOWN STEP	2026-02-03T17:42:10.5347038Z  create mode 100644 audit/mdlint/mdlint-results-21634914780.txt
job-core	UNKNOWN STEP	2026-02-03T17:42:10.5347929Z  create mode 100644 audit/mdlint/mdlint-results-21634915212.txt
job-core	UNKNOWN STEP	2026-02-03T17:42:10.5348822Z  create mode 100644 audit/mdlint/mdlint-results-21634916966.txt
job-core	UNKNOWN STEP	2026-02-03T17:42:10.5349715Z  create mode 100644 audit/mdlint/mdlint-results-21634918721.txt
job-core	UNKNOWN STEP	2026-02-03T17:42:10.5350608Z  create mode 100644 audit/mdlint/mdlint-results-21634918873.txt
job-core	UNKNOWN STEP	2026-02-03T17:42:10.5351500Z  create mode 100644 audit/mdlint/mdlint-results-21634920872.txt
job-core	UNKNOWN STEP	2026-02-03T17:42:10.5352420Z  create mode 100644 audit/mdlint/mdlint-results-21634921547.txt
job-core	UNKNOWN STEP	2026-02-03T17:42:10.5353311Z  create mode 100644 audit/mdlint/mdlint-results-21634921919.txt
job-core	UNKNOWN STEP	2026-02-03T17:42:10.5354201Z  create mode 100644 audit/mdlint/mdlint-results-21634933012.txt
job-core	UNKNOWN STEP	2026-02-03T17:42:10.5355308Z  create mode 100644 audit/mdlint/mdlint-results-21634936921.txt
job-core	UNKNOWN STEP	2026-02-03T17:42:10.5356208Z  create mode 100644 audit/mdlint/mdlint-results-21634938659.txt
job-core	UNKNOWN STEP	2026-02-03T17:42:10.5357094Z  create mode 100644 audit/mdlint/mdlint-results-21634941924.txt
job-core	UNKNOWN STEP	2026-02-03T17:42:10.5357977Z  create mode 100644 audit/mdlint/mdlint-results-21634946588.txt
job-core	UNKNOWN STEP	2026-02-03T17:42:10.5358873Z  create mode 100644 audit/mdlint/mdlint-results-21634948331.txt
job-core	UNKNOWN STEP	2026-02-03T17:42:10.5359770Z  create mode 100644 audit/mdlint/mdlint-results-21634949590.txt
job-core	UNKNOWN STEP	2026-02-03T17:42:10.5360663Z  create mode 100644 audit/mdlint/mdlint-results-21634951663.txt
job-core	UNKNOWN STEP	2026-02-03T17:42:10.5361555Z  create mode 100644 audit/mdlint/mdlint-results-21634951690.txt
job-core	UNKNOWN STEP	2026-02-03T17:42:10.5362826Z  create mode 100644 audit/mdlint/mdlint-results-21634955122.txt
job-core	UNKNOWN STEP	2026-02-03T17:42:10.5363724Z  create mode 100644 audit/mdlint/mdlint-results-21634963513.txt
job-core	UNKNOWN STEP	2026-02-03T17:42:10.5364747Z  create mode 100644 audit/mdlint/mdlint-results-21634966898.txt
job-core	UNKNOWN STEP	2026-02-03T17:42:10.5365656Z  create mode 100644 audit/mdlint/mdlint-results-21634968616.txt
job-core	UNKNOWN STEP	2026-02-03T17:42:10.5366548Z  create mode 100644 audit/mdlint/mdlint-results-21634970195.txt
job-core	UNKNOWN STEP	2026-02-03T17:42:10.5367441Z  create mode 100644 audit/mdlint/mdlint-results-21634976134.txt
job-core	UNKNOWN STEP	2026-02-03T17:42:10.5368327Z  create mode 100644 audit/mdlint/mdlint-results-21634979103.txt
job-core	UNKNOWN STEP	2026-02-03T17:42:10.5369220Z  create mode 100644 audit/mdlint/mdlint-results-21634985666.txt
job-core	UNKNOWN STEP	2026-02-03T17:42:10.5370116Z  create mode 100644 audit/mdlint/mdlint-results-21634992081.txt
job-core	UNKNOWN STEP	2026-02-03T17:42:10.5370986Z  create mode 100644 audit/mdlint/mdlint-results-21635013707.txt
job-core	UNKNOWN STEP	2026-02-03T17:42:10.5371878Z  create mode 100644 audit/mdlint/mdlint-results-21635025053.txt
job-core	UNKNOWN STEP	2026-02-03T17:42:10.5372929Z  create mode 100644 audit/mdlint/mdlint-results-21635028270.txt
job-core	UNKNOWN STEP	2026-02-03T17:42:10.5373937Z  create mode 100644 audit/mdlint/mdlint-results-21635033971.txt
job-core	UNKNOWN STEP	2026-02-03T17:42:10.5375008Z  create mode 100644 audit/mdlint/mdlint-results-21635043313.txt
job-core	UNKNOWN STEP	2026-02-03T17:42:10.5383087Z  create mode 100644 audit/mdlint/mdlint-results-21635051301.txt
job-core	UNKNOWN STEP	2026-02-03T17:42:10.5384081Z  create mode 100644 audit/mdlint/mdlint-results-21635052672.txt
job-core	UNKNOWN STEP	2026-02-03T17:42:10.5385239Z  create mode 100644 audit/mdlint/mdlint-results-21635054956.txt
job-core	UNKNOWN STEP	2026-02-03T17:42:10.5386138Z  create mode 100644 audit/mdlint/mdlint-results-21635056174.txt
job-core	UNKNOWN STEP	2026-02-03T17:42:10.5387036Z  create mode 100644 audit/mdlint/mdlint-results-21635060132.txt
job-core	UNKNOWN STEP	2026-02-03T17:42:10.5387932Z  create mode 100644 audit/mdlint/mdlint-results-21635061471.txt
job-core	UNKNOWN STEP	2026-02-03T17:42:10.5388827Z  create mode 100644 audit/mdlint/mdlint-results-21635064893.txt
job-core	UNKNOWN STEP	2026-02-03T17:42:10.5389720Z  create mode 100644 audit/mdlint/mdlint-results-21635065976.txt
job-core	UNKNOWN STEP	2026-02-03T17:42:10.5391099Z  create mode 100644 audit/mdlint/mdlint-results-21635069433.txt
job-core	UNKNOWN STEP	2026-02-03T17:42:10.5392040Z  create mode 100644 audit/mdlint/mdlint-results-21635070729.txt
job-core	UNKNOWN STEP	2026-02-03T17:42:10.5392992Z  create mode 100644 audit/mdlint/mdlint-results-21635073387.txt
job-core	UNKNOWN STEP	2026-02-03T17:42:10.5394085Z  create mode 100644 audit/mdlint/mdlint-results-21635074692.txt
job-core	UNKNOWN STEP	2026-02-03T17:42:10.5395136Z  create mode 100644 audit/mdlint/mdlint-results-21635079027.txt
job-core	UNKNOWN STEP	2026-02-03T17:42:10.5396036Z  create mode 100644 audit/mdlint/mdlint-results-21635080154.txt
job-core	UNKNOWN STEP	2026-02-03T17:42:10.5396927Z  create mode 100644 audit/mdlint/mdlint-results-21635084081.txt
job-core	UNKNOWN STEP	2026-02-03T17:42:10.5397820Z  create mode 100644 audit/mdlint/mdlint-results-21635092317.txt
job-core	UNKNOWN STEP	2026-02-03T17:42:10.5398714Z  create mode 100644 audit/mdlint/mdlint-results-21635094083.txt
job-core	UNKNOWN STEP	2026-02-03T17:42:10.5399658Z  create mode 100644 audit/yamllint/yamllint-results-21634839338.txt
job-core	UNKNOWN STEP	2026-02-03T17:42:10.5400635Z  create mode 100644 audit/yamllint/yamllint-results-21634842753.txt
job-core	UNKNOWN STEP	2026-02-03T17:42:10.5401627Z  create mode 100644 audit/yamllint/yamllint-results-21634845941.txt
job-core	UNKNOWN STEP	2026-02-03T17:42:10.5402593Z  create mode 100644 audit/yamllint/yamllint-results-21634846925.txt
job-core	UNKNOWN STEP	2026-02-03T17:42:10.5403568Z  create mode 100644 audit/yamllint/yamllint-results-21634925268.txt
job-core	UNKNOWN STEP	2026-02-03T17:42:10.5405286Z  create mode 100644 audit/yamllint/yamllint-results-21634926418.txt
job-core	UNKNOWN STEP	2026-02-03T17:42:10.5406634Z  create mode 100644 audit/yamllint/yamllint-results-21634928862.txt
job-core	UNKNOWN STEP	2026-02-03T17:42:10.5407612Z  create mode 100644 audit/yamllint/yamllint-results-21634930008.txt
job-core	UNKNOWN STEP	2026-02-03T17:42:10.5408581Z  create mode 100644 audit/yamllint/yamllint-results-21634932622.txt
job-core	UNKNOWN STEP	2026-02-03T17:42:10.5409550Z  create mode 100644 audit/yamllint/yamllint-results-21635089466.txt
job-core	UNKNOWN STEP	2026-02-03T17:42:12.1310716Z [H2438-arreglo-de-despliegue-itop 9abb8b7f9] [Ka0S] Uploading Markdown compliance audit logs
job-core	UNKNOWN STEP	2026-02-03T17:42:12.1312444Z  1 file changed, 38 insertions(+)
job-core	UNKNOWN STEP	2026-02-03T17:42:12.1313641Z  create mode 100644 audit/mdlint/mdlint-results-21634871960.txt
job-core	UNKNOWN STEP	2026-02-03T17:42:12.5690716Z To https://github.com/Ka0s-Klaus/ka0s
job-core	UNKNOWN STEP	2026-02-03T17:42:12.5717041Z  ! [rejected]            H2438-arreglo-de-despliegue-itop -> H2438-arreglo-de-despliegue-itop (stale info)
job-core	UNKNOWN STEP	2026-02-03T17:42:12.5719446Z error: failed to push some refs to 'https://github.com/Ka0s-Klaus/ka0s'
job-core	UNKNOWN STEP	2026-02-03T17:42:12.5787661Z ##[error]Process completed with exit code 1.
job-core	UNKNOWN STEP	2026-02-03T17:42:13.9877209Z Post job cleanup.
job-core	UNKNOWN STEP	2026-02-03T17:42:21.7977131Z [command]/usr/bin/git version
job-core	UNKNOWN STEP	2026-02-03T17:42:21.8047575Z git version 2.52.0
job-core	UNKNOWN STEP	2026-02-03T17:42:21.8124927Z Copying '/home/runner/.gitconfig' to '/home/runner/_work/_temp/4b3f37fb-c114-430d-a65f-f23ae6f06777/.gitconfig'
job-core	UNKNOWN STEP	2026-02-03T17:42:22.3369765Z Temporarily overriding HOME='/home/runner/_work/_temp/4b3f37fb-c114-430d-a65f-f23ae6f06777' before making global git config changes
job-core	UNKNOWN STEP	2026-02-03T17:42:22.3374853Z Adding repository directory to the temporary git global config as a safe directory
job-core	UNKNOWN STEP	2026-02-03T17:42:22.3380531Z [command]/usr/bin/git config --global --add safe.directory /home/runner/_work/ka0s/ka0s
job-core	UNKNOWN STEP	2026-02-03T17:42:22.3631720Z [command]/usr/bin/git config --local --name-only --get-regexp core\.sshCommand
job-core	UNKNOWN STEP	2026-02-03T17:42:22.3723394Z [command]/usr/bin/git submodule foreach --recursive sh -c "git config --local --name-only --get-regexp 'core\.sshCommand' && git config --local --unset-all 'core.sshCommand' || :"
job-core	UNKNOWN STEP	2026-02-03T17:42:22.4191913Z [command]/usr/bin/git config --local --name-only --get-regexp http\.https\:\/\/github\.com\/\.extraheader
job-core	UNKNOWN STEP	2026-02-03T17:42:22.4231213Z http.https://github.com/.extraheader
job-core	UNKNOWN STEP	2026-02-03T17:42:22.4268603Z [command]/usr/bin/git config --local --unset-all http.https://github.com/.extraheader
job-core	UNKNOWN STEP	2026-02-03T17:42:23.3403955Z [command]/usr/bin/git submodule foreach --recursive sh -c "git config --local --name-only --get-regexp 'http\.https\:\/\/github\.com\/\.extraheader' && git config --local --unset-all 'http.https://github.com/.extraheader' || :"
job-core	UNKNOWN STEP	2026-02-03T17:42:23.3802810Z [command]/usr/bin/git config --local --name-only --get-regexp ^includeIf\.gitdir:
job-core	UNKNOWN STEP	2026-02-03T17:42:23.3853566Z [command]/usr/bin/git submodule foreach --recursive git config --local --show-origin --name-only --get-regexp remote.origin.url
job-core	UNKNOWN STEP	2026-02-03T17:42:23.4363528Z Cleaning up orphan processes
handle_failure	Set up job	﻿2026-02-03T17:58:42.8107172Z Current runner version: '2.331.0'
handle_failure	Set up job	2026-02-03T17:58:42.8578256Z Runner name: 'swarm-runners-scaleset-hkss5-runner-t298j'
handle_failure	Set up job	2026-02-03T17:58:42.8580119Z Runner group name: 'Default'
handle_failure	Set up job	2026-02-03T17:58:42.8582064Z Machine name: 'swarm-runners-scaleset-hkss5-runner-t298j'
handle_failure	Set up job	2026-02-03T17:58:42.9299058Z ##[group]GITHUB_TOKEN Permissions
handle_failure	Set up job	2026-02-03T17:58:42.9607476Z Actions: write
handle_failure	Set up job	2026-02-03T17:58:42.9608566Z Contents: write
handle_failure	Set up job	2026-02-03T17:58:42.9609449Z Issues: write
handle_failure	Set up job	2026-02-03T17:58:42.9610314Z Metadata: read
handle_failure	Set up job	2026-02-03T17:58:42.9611214Z PullRequests: write
handle_failure	Set up job	2026-02-03T17:58:42.9612143Z ##[endgroup]
handle_failure	Set up job	2026-02-03T17:58:42.9979111Z Secret source: Actions
handle_failure	Set up job	2026-02-03T17:58:42.9980827Z Prepare workflow directory
handle_failure	Set up job	2026-02-03T17:58:44.8989238Z Prepare all required actions
handle_failure	Set up job	2026-02-03T17:58:44.9916920Z Getting action download info
handle_failure	Set up job	2026-02-03T17:58:46.3607172Z Download action repository 'actions/checkout@v4' (SHA:34e114876b0b11c390a56381ad16ebd13914f8d5)
handle_failure	Set up job	2026-02-03T17:58:52.9271521Z Complete job name: handle_failure
handle_failure	Run actions/checkout@v4	﻿2026-02-03T17:58:53.5378689Z ##[group]Run actions/checkout@v4
handle_failure	Run actions/checkout@v4	2026-02-03T17:58:53.5390739Z with:
handle_failure	Run actions/checkout@v4	2026-02-03T17:58:53.5391624Z   repository: Ka0s-Klaus/ka0s
handle_failure	Run actions/checkout@v4	2026-02-03T17:58:53.5392692Z   token: ***
handle_failure	Run actions/checkout@v4	2026-02-03T17:58:53.5393286Z   ssh-strict: true
handle_failure	Run actions/checkout@v4	2026-02-03T17:58:53.5393902Z   ssh-user: git
handle_failure	Run actions/checkout@v4	2026-02-03T17:58:53.5416652Z   persist-credentials: true
handle_failure	Run actions/checkout@v4	2026-02-03T17:58:53.5417571Z   clean: true
handle_failure	Run actions/checkout@v4	2026-02-03T17:58:53.5418272Z   sparse-checkout-cone-mode: true
handle_failure	Run actions/checkout@v4	2026-02-03T17:58:53.5418867Z   fetch-depth: 1
handle_failure	Run actions/checkout@v4	2026-02-03T17:58:53.5419489Z   fetch-tags: false
handle_failure	Run actions/checkout@v4	2026-02-03T17:58:53.5420081Z   show-progress: true
handle_failure	Run actions/checkout@v4	2026-02-03T17:58:53.5420661Z   lfs: false
handle_failure	Run actions/checkout@v4	2026-02-03T17:58:53.5421297Z   submodules: false
handle_failure	Run actions/checkout@v4	2026-02-03T17:58:53.5421927Z   set-safe-directory: true
handle_failure	Run actions/checkout@v4	2026-02-03T17:58:53.5423143Z env:
handle_failure	Run actions/checkout@v4	2026-02-03T17:58:53.5423807Z   KAOS_MODULE: [Ka0S] MDLINT
handle_failure	Run actions/checkout@v4	2026-02-03T17:58:53.5473528Z   GH_TOKEN: ***
handle_failure	Run actions/checkout@v4	2026-02-03T17:58:53.5474735Z   KAOS_MD_CONFIG: core/config/.markdownlint.json
handle_failure	Run actions/checkout@v4	2026-02-03T17:58:53.5505948Z   KAOS_PRETTIER_CONFIG: compliance/markdown/.prettierrc.json
handle_failure	Run actions/checkout@v4	2026-02-03T17:58:53.5507271Z   KAOS_PATH_RESUME: audit/mdlint/
handle_failure	Run actions/checkout@v4	2026-02-03T17:58:53.5507987Z   KAOS_REPO: /actions-runner/_work/kaos/kaos
handle_failure	Run actions/checkout@v4	2026-02-03T17:58:53.5508741Z   KAOS_STEP_MODULE: 
handle_failure	Run actions/checkout@v4	2026-02-03T17:58:53.5509405Z   KAOS_CODE: 21634871960
handle_failure	Run actions/checkout@v4	2026-02-03T17:58:53.5509962Z   KAOS_REF_BRANCH: main
handle_failure	Run actions/checkout@v4	2026-02-03T17:58:53.5510669Z ##[endgroup]
handle_failure	Run actions/checkout@v4	2026-02-03T17:58:59.0756647Z Syncing repository: Ka0s-Klaus/ka0s
handle_failure	Run actions/checkout@v4	2026-02-03T17:58:59.0758763Z ##[group]Getting Git version info
handle_failure	Run actions/checkout@v4	2026-02-03T17:58:59.0759253Z Working directory is '/home/runner/_work/ka0s/ka0s'
handle_failure	Run actions/checkout@v4	2026-02-03T17:58:59.1487696Z [command]/usr/bin/git version
handle_failure	Run actions/checkout@v4	2026-02-03T17:59:01.4329651Z git version 2.52.0
handle_failure	Run actions/checkout@v4	2026-02-03T17:59:01.8896668Z ##[endgroup]
handle_failure	Run actions/checkout@v4	2026-02-03T17:59:01.9146951Z Temporarily overriding HOME='/home/runner/_work/_temp/4ad382aa-335e-49f9-8d69-3a8a779091fb' before making global git config changes
handle_failure	Run actions/checkout@v4	2026-02-03T17:59:01.9148047Z Adding repository directory to the temporary git global config as a safe directory
handle_failure	Run actions/checkout@v4	2026-02-03T17:59:01.9252515Z [command]/usr/bin/git config --global --add safe.directory /home/runner/_work/ka0s/ka0s
handle_failure	Run actions/checkout@v4	2026-02-03T17:59:04.8668912Z Deleting the contents of '/home/runner/_work/ka0s/ka0s'
handle_failure	Run actions/checkout@v4	2026-02-03T17:59:04.8994017Z ##[group]Initializing the repository
handle_failure	Run actions/checkout@v4	2026-02-03T17:59:05.0291071Z [command]/usr/bin/git init /home/runner/_work/ka0s/ka0s
handle_failure	Run actions/checkout@v4	2026-02-03T17:59:09.4644519Z hint: Using 'master' as the name for the initial branch. This default branch name
handle_failure	Run actions/checkout@v4	2026-02-03T17:59:09.5356252Z hint: will change to "main" in Git 3.0. To configure the initial branch name
handle_failure	Run actions/checkout@v4	2026-02-03T17:59:10.0636309Z hint: to use in all of your new repositories, which will suppress this warning,
handle_failure	Run actions/checkout@v4	2026-02-03T17:59:10.0639441Z hint: call:
handle_failure	Run actions/checkout@v4	2026-02-03T17:59:10.0640793Z hint:
handle_failure	Run actions/checkout@v4	2026-02-03T17:59:10.0641112Z hint: 	git config --global init.defaultBranch <name>
handle_failure	Run actions/checkout@v4	2026-02-03T17:59:10.0643314Z hint:
handle_failure	Run actions/checkout@v4	2026-02-03T17:59:10.0697096Z hint: Names commonly chosen instead of 'master' are 'main', 'trunk' and
handle_failure	Run actions/checkout@v4	2026-02-03T17:59:10.0698156Z hint: 'development'. The just-created branch can be renamed via this command:
handle_failure	Run actions/checkout@v4	2026-02-03T17:59:10.0699088Z hint:
handle_failure	Run actions/checkout@v4	2026-02-03T17:59:10.0699343Z hint: 	git branch -m <name>
handle_failure	Run actions/checkout@v4	2026-02-03T17:59:10.0699586Z hint:
handle_failure	Run actions/checkout@v4	2026-02-03T17:59:10.0699939Z hint: Disable this message with "git config set advice.defaultBranchName false"
handle_failure	Run actions/checkout@v4	2026-02-03T17:59:10.0700514Z Initialized empty Git repository in /home/runner/_work/ka0s/ka0s/.git/
handle_failure	Run actions/checkout@v4	2026-02-03T17:59:10.0783875Z [command]/usr/bin/git remote add origin https://github.com/Ka0s-Klaus/ka0s
handle_failure	Run actions/checkout@v4	2026-02-03T17:59:12.9856305Z ##[endgroup]
handle_failure	Run actions/checkout@v4	2026-02-03T17:59:12.9898030Z ##[group]Disabling automatic garbage collection
handle_failure	Run actions/checkout@v4	2026-02-03T17:59:12.9898543Z [command]/usr/bin/git config --local gc.auto 0
handle_failure	Run actions/checkout@v4	2026-02-03T17:59:15.6960611Z ##[endgroup]
handle_failure	Run actions/checkout@v4	2026-02-03T17:59:15.6961594Z ##[group]Setting up auth
handle_failure	Run actions/checkout@v4	2026-02-03T17:59:15.7067307Z [command]/usr/bin/git config --local --name-only --get-regexp core\.sshCommand
handle_failure	Run actions/checkout@v4	2026-02-03T17:59:18.8379204Z [command]/usr/bin/git submodule foreach --recursive sh -c "git config --local --name-only --get-regexp 'core\.sshCommand' && git config --local --unset-all 'core.sshCommand' || :"
handle_failure	Run actions/checkout@v4	2026-02-03T18:00:04.3983882Z [command]/usr/bin/git config --local --name-only --get-regexp http\.https\:\/\/github\.com\/\.extraheader
handle_failure	Run actions/checkout@v4	2026-02-03T18:00:05.8000474Z [command]/usr/bin/git submodule foreach --recursive sh -c "git config --local --name-only --get-regexp 'http\.https\:\/\/github\.com\/\.extraheader' && git config --local --unset-all 'http.https://github.com/.extraheader' || :"
handle_failure	Run actions/checkout@v4	2026-02-03T18:00:17.5741205Z [command]/usr/bin/git config --local --name-only --get-regexp ^includeIf\.gitdir:
handle_failure	Run actions/checkout@v4	2026-02-03T18:00:17.8710864Z [command]/usr/bin/git submodule foreach --recursive git config --local --show-origin --name-only --get-regexp remote.origin.url
handle_failure	Run actions/checkout@v4	2026-02-03T18:00:27.8351843Z [command]/usr/bin/git config --local http.https://github.com/.extraheader AUTHORIZATION: basic ***
handle_failure	Run actions/checkout@v4	2026-02-03T18:00:28.3379676Z ##[endgroup]
handle_failure	Run actions/checkout@v4	2026-02-03T18:00:28.3381959Z ##[group]Fetching the repository
handle_failure	Run actions/checkout@v4	2026-02-03T18:00:28.3420368Z [command]/usr/bin/git -c protocol.version=2 fetch --no-tags --prune --no-recurse-submodules --depth=1 origin +40feffd71e8bded7fd5f9408405a8932b4d88886:refs/remotes/origin/H2438-arreglo-de-despliegue-itop
handle_failure	Run actions/checkout@v4	2026-02-03T18:00:59.7691249Z From https://github.com/Ka0s-Klaus/ka0s
handle_failure	Run actions/checkout@v4	2026-02-03T18:00:59.7696669Z  * [new ref]         40feffd71e8bded7fd5f9408405a8932b4d88886 -> origin/H2438-arreglo-de-despliegue-itop
handle_failure	Run actions/checkout@v4	2026-02-03T18:01:00.8373757Z ##[endgroup]
handle_failure	Run actions/checkout@v4	2026-02-03T18:01:01.0169435Z ##[group]Determining the checkout info
handle_failure	Run actions/checkout@v4	2026-02-03T18:01:01.0169974Z ##[endgroup]
handle_failure	Run actions/checkout@v4	2026-02-03T18:01:01.0170252Z [command]/usr/bin/git sparse-checkout disable
handle_failure	Run actions/checkout@v4	2026-02-03T18:01:01.5172976Z [command]/usr/bin/git config --local --unset-all extensions.worktreeConfig
handle_failure	Run actions/checkout@v4	2026-02-03T18:01:01.7709195Z ##[group]Checking out the ref
handle_failure	Run actions/checkout@v4	2026-02-03T18:01:01.7749437Z [command]/usr/bin/git checkout --progress --force -B H2438-arreglo-de-despliegue-itop refs/remotes/origin/H2438-arreglo-de-despliegue-itop
handle_failure	Run actions/checkout@v4	2026-02-03T18:01:02.9175834Z Updating files:  20% (217/1058)
handle_failure	Run actions/checkout@v4	2026-02-03T18:01:02.9176622Z Updating files:  21% (223/1058)
handle_failure	Run actions/checkout@v4	2026-02-03T18:01:03.2409486Z Updating files:  22% (233/1058)
handle_failure	Run actions/checkout@v4	2026-02-03T18:01:03.2918467Z Updating files:  23% (244/1058)
handle_failure	Run actions/checkout@v4	2026-02-03T18:01:03.9238619Z Updating files:  24% (254/1058)
handle_failure	Run actions/checkout@v4	2026-02-03T18:01:04.5569559Z Updating files:  24% (260/1058)
handle_failure	Run actions/checkout@v4	2026-02-03T18:01:04.9601481Z Updating files:  25% (265/1058)
handle_failure	Run actions/checkout@v4	2026-02-03T18:01:05.7901020Z Updating files:  25% (268/1058)
handle_failure	Run actions/checkout@v4	2026-02-03T18:01:06.1380262Z Updating files:  26% (276/1058)
handle_failure	Run actions/checkout@v4	2026-02-03T18:01:07.2298282Z Updating files:  26% (278/1058)
handle_failure	Run actions/checkout@v4	2026-02-03T18:01:09.4771443Z Updating files:  27% (286/1058)
handle_failure	Run actions/checkout@v4	2026-02-03T18:01:11.4595908Z Updating files:  27% (287/1058)
handle_failure	Run actions/checkout@v4	2026-02-03T18:01:11.4773867Z Updating files:  27% (292/1058)
handle_failure	Run actions/checkout@v4	2026-02-03T18:01:11.4775712Z Updating files:  28% (297/1058)
handle_failure	Run actions/checkout@v4	2026-02-03T18:01:11.4866934Z Updating files:  29% (307/1058)
handle_failure	Run actions/checkout@v4	2026-02-03T18:01:11.5367454Z Updating files:  30% (318/1058)
handle_failure	Run actions/checkout@v4	2026-02-03T18:01:11.5368554Z Updating files:  31% (328/1058)
handle_failure	Run actions/checkout@v4	2026-02-03T18:01:11.6011206Z Updating files:  32% (339/1058)
handle_failure	Run actions/checkout@v4	2026-02-03T18:01:11.6132495Z Updating files:  33% (350/1058)
handle_failure	Run actions/checkout@v4	2026-02-03T18:01:11.6194935Z Updating files:  34% (360/1058)
handle_failure	Run actions/checkout@v4	2026-02-03T18:01:11.6364368Z Updating files:  35% (371/1058)
handle_failure	Run actions/checkout@v4	2026-02-03T18:01:11.6367503Z Updating files:  36% (381/1058)
handle_failure	Run actions/checkout@v4	2026-02-03T18:01:11.6367807Z Updating files:  37% (392/1058)
handle_failure	Run actions/checkout@v4	2026-02-03T18:01:11.9683009Z Updating files:  38% (403/1058)
handle_failure	Run actions/checkout@v4	2026-02-03T18:01:11.9683510Z Updating files:  38% (412/1058)
handle_failure	Run actions/checkout@v4	2026-02-03T18:01:11.9685382Z Updating files:  39% (413/1058)
handle_failure	Run actions/checkout@v4	2026-02-03T18:01:11.9785877Z Updating files:  40% (424/1058)
handle_failure	Run actions/checkout@v4	2026-02-03T18:01:11.9806113Z Updating files:  41% (434/1058)
handle_failure	Run actions/checkout@v4	2026-02-03T18:01:11.9810659Z Updating files:  42% (445/1058)
handle_failure	Run actions/checkout@v4	2026-02-03T18:01:11.9817094Z Updating files:  43% (455/1058)
handle_failure	Run actions/checkout@v4	2026-02-03T18:01:11.9825443Z Updating files:  44% (466/1058)
handle_failure	Run actions/checkout@v4	2026-02-03T18:01:11.9837002Z Updating files:  45% (477/1058)
handle_failure	Run actions/checkout@v4	2026-02-03T18:01:13.0124131Z Updating files:  46% (487/1058)
handle_failure	Run actions/checkout@v4	2026-02-03T18:01:13.3784507Z Updating files:  46% (495/1058)
handle_failure	Run actions/checkout@v4	2026-02-03T18:01:13.4751540Z Updating files:  47% (498/1058)
handle_failure	Run actions/checkout@v4	2026-02-03T18:01:13.4756142Z Updating files:  48% (508/1058)
handle_failure	Run actions/checkout@v4	2026-02-03T18:01:13.4825878Z Updating files:  49% (519/1058)
handle_failure	Run actions/checkout@v4	2026-02-03T18:01:13.4962117Z Updating files:  50% (529/1058)
handle_failure	Run actions/checkout@v4	2026-02-03T18:01:13.5588932Z Updating files:  51% (540/1058)
handle_failure	Run actions/checkout@v4	2026-02-03T18:01:13.5638800Z Updating files:  52% (551/1058)
handle_failure	Run actions/checkout@v4	2026-02-03T18:01:13.6996757Z Updating files:  53% (561/1058)
handle_failure	Run actions/checkout@v4	2026-02-03T18:01:14.5446318Z Updating files:  54% (572/1058)
handle_failure	Run actions/checkout@v4	2026-02-03T18:01:15.5357334Z Updating files:  54% (581/1058)
handle_failure	Run actions/checkout@v4	2026-02-03T18:01:15.5604984Z Updating files:  55% (582/1058)
handle_failure	Run actions/checkout@v4	2026-02-03T18:01:15.7698393Z Updating files:  56% (593/1058)
handle_failure	Run actions/checkout@v4	2026-02-03T18:01:16.1205244Z Updating files:  57% (604/1058)
handle_failure	Run actions/checkout@v4	2026-02-03T18:01:16.1496646Z Updating files:  57% (605/1058)
handle_failure	Run actions/checkout@v4	2026-02-03T18:01:16.1685268Z Updating files:  58% (614/1058)
handle_failure	Run actions/checkout@v4	2026-02-03T18:01:16.1700930Z Updating files:  59% (625/1058)
handle_failure	Run actions/checkout@v4	2026-02-03T18:01:16.2083053Z Updating files:  60% (635/1058)
handle_failure	Run actions/checkout@v4	2026-02-03T18:01:16.2098673Z Updating files:  61% (646/1058)
handle_failure	Run actions/checkout@v4	2026-02-03T18:01:16.2173292Z Updating files:  62% (656/1058)
handle_failure	Run actions/checkout@v4	2026-02-03T18:01:16.4009065Z Updating files:  63% (667/1058)
handle_failure	Run actions/checkout@v4	2026-02-03T18:01:16.6544409Z Updating files:  64% (678/1058)
handle_failure	Run actions/checkout@v4	2026-02-03T18:01:16.6544862Z Updating files:  65% (688/1058)
handle_failure	Run actions/checkout@v4	2026-02-03T18:01:16.6545126Z Updating files:  66% (699/1058)
handle_failure	Run actions/checkout@v4	2026-02-03T18:01:17.4927381Z Updating files:  67% (709/1058)
handle_failure	Run actions/checkout@v4	2026-02-03T18:01:17.5172452Z Updating files:  67% (718/1058)
handle_failure	Run actions/checkout@v4	2026-02-03T18:01:17.5206209Z Updating files:  68% (720/1058)
handle_failure	Run actions/checkout@v4	2026-02-03T18:01:17.5206553Z Updating files:  69% (731/1058)
handle_failure	Run actions/checkout@v4	2026-02-03T18:01:17.5206819Z Updating files:  70% (741/1058)
handle_failure	Run actions/checkout@v4	2026-02-03T18:01:17.5375650Z Updating files:  71% (752/1058)
handle_failure	Run actions/checkout@v4	2026-02-03T18:01:17.5436531Z Updating files:  72% (762/1058)
handle_failure	Run actions/checkout@v4	2026-02-03T18:01:17.5597191Z Updating files:  73% (773/1058)
handle_failure	Run actions/checkout@v4	2026-02-03T18:01:17.5694718Z Updating files:  74% (783/1058)
handle_failure	Run actions/checkout@v4	2026-02-03T18:01:17.5855376Z Updating files:  75% (794/1058)
handle_failure	Run actions/checkout@v4	2026-02-03T18:01:17.5855779Z Updating files:  76% (805/1058)
handle_failure	Run actions/checkout@v4	2026-02-03T18:01:17.5968354Z Updating files:  77% (815/1058)
handle_failure	Run actions/checkout@v4	2026-02-03T18:01:17.9979681Z Updating files:  78% (826/1058)
handle_failure	Run actions/checkout@v4	2026-02-03T18:01:19.1117705Z Updating files:  78% (827/1058)
handle_failure	Run actions/checkout@v4	2026-02-03T18:01:20.4693099Z Updating files:  78% (831/1058)
handle_failure	Run actions/checkout@v4	2026-02-03T18:01:20.6352151Z Updating files:  78% (834/1058)
handle_failure	Run actions/checkout@v4	2026-02-03T18:01:20.9898019Z Updating files:  79% (836/1058)
handle_failure	Run actions/checkout@v4	2026-02-03T18:01:21.8331234Z Updating files:  79% (839/1058)
handle_failure	Run actions/checkout@v4	2026-02-03T18:01:21.9053158Z Updating files:  80% (847/1058)
handle_failure	Run actions/checkout@v4	2026-02-03T18:01:23.1707995Z Updating files:  80% (848/1058)
handle_failure	Run actions/checkout@v4	2026-02-03T18:01:23.2401231Z Updating files:  80% (856/1058)
handle_failure	Run actions/checkout@v4	2026-02-03T18:01:24.3910455Z Updating files:  81% (857/1058)
handle_failure	Run actions/checkout@v4	2026-02-03T18:01:25.4986111Z Updating files:  81% (860/1058)
handle_failure	Run actions/checkout@v4	2026-02-03T18:01:25.7940001Z Updating files:  81% (861/1058)
handle_failure	Run actions/checkout@v4	2026-02-03T18:01:26.5372411Z Updating files:  82% (868/1058)
handle_failure	Run actions/checkout@v4	2026-02-03T18:01:26.8957083Z Updating files:  82% (870/1058)
handle_failure	Run actions/checkout@v4	2026-02-03T18:01:28.0797667Z Updating files:  82% (872/1058)
handle_failure	Run actions/checkout@v4	2026-02-03T18:01:29.0143784Z Updating files:  82% (876/1058)
handle_failure	Run actions/checkout@v4	2026-02-03T18:01:29.2325415Z Updating files:  82% (878/1058)
handle_failure	Run actions/checkout@v4	2026-02-03T18:01:30.5383771Z Updating files:  83% (879/1058)
handle_failure	Run actions/checkout@v4	2026-02-03T18:01:31.2823672Z Updating files:  83% (881/1058)
handle_failure	Run actions/checkout@v4	2026-02-03T18:01:32.0055709Z Updating files:  83% (883/1058)
handle_failure	Run actions/checkout@v4	2026-02-03T18:01:33.3707345Z Updating files:  83% (884/1058)
handle_failure	Run actions/checkout@v4	2026-02-03T18:01:34.1727815Z Updating files:  83% (886/1058)
handle_failure	Run actions/checkout@v4	2026-02-03T18:01:34.9844294Z Updating files:  84% (889/1058)
handle_failure	Run actions/checkout@v4	2026-02-03T18:01:36.3367265Z Updating files:  84% (891/1058)
handle_failure	Run actions/checkout@v4	2026-02-03T18:01:37.1167248Z Updating files:  84% (892/1058)
handle_failure	Run actions/checkout@v4	2026-02-03T18:01:39.0506229Z Updating files:  84% (893/1058)
handle_failure	Run actions/checkout@v4	2026-02-03T18:01:40.4897138Z Updating files:  84% (895/1058)
handle_failure	Run actions/checkout@v4	2026-02-03T18:01:41.4780328Z Updating files:  84% (897/1058)
handle_failure	Run actions/checkout@v4	2026-02-03T18:01:41.5556566Z Updating files:  84% (899/1058)
handle_failure	Run actions/checkout@v4	2026-02-03T18:01:42.2577238Z Updating files:  85% (900/1058)
handle_failure	Run actions/checkout@v4	2026-02-03T18:01:42.9436880Z Updating files:  85% (902/1058)
handle_failure	Run actions/checkout@v4	2026-02-03T18:01:44.4136186Z Updating files:  85% (904/1058)
handle_failure	Run actions/checkout@v4	2026-02-03T18:01:46.7541999Z Updating files:  85% (907/1058)
handle_failure	Run actions/checkout@v4	2026-02-03T18:01:46.9073034Z Updating files:  85% (909/1058)
handle_failure	Run actions/checkout@v4	2026-02-03T18:01:47.9325734Z Updating files:  86% (910/1058)
handle_failure	Run actions/checkout@v4	2026-02-03T18:01:48.9933564Z Updating files:  86% (913/1058)
handle_failure	Run actions/checkout@v4	2026-02-03T18:01:50.3008660Z Updating files:  86% (916/1058)
handle_failure	Run actions/checkout@v4	2026-02-03T18:01:50.9213645Z Updating files:  86% (918/1058)
handle_failure	Run actions/checkout@v4	2026-02-03T18:01:50.9514863Z Updating files:  86% (920/1058)
handle_failure	Run actions/checkout@v4	2026-02-03T18:01:51.8978938Z Updating files:  87% (921/1058)
handle_failure	Run actions/checkout@v4	2026-02-03T18:01:52.9232846Z Updating files:  87% (923/1058)
handle_failure	Run actions/checkout@v4	2026-02-03T18:01:53.8795250Z Updating files:  87% (924/1058)
handle_failure	Run actions/checkout@v4	2026-02-03T18:01:53.8947470Z Updating files:  88% (932/1058)
handle_failure	Run actions/checkout@v4	2026-02-03T18:01:53.9205269Z Updating files:  88% (935/1058)
handle_failure	Run actions/checkout@v4	2026-02-03T18:01:53.9221203Z Updating files:  89% (942/1058)
handle_failure	Run actions/checkout@v4	2026-02-03T18:01:53.9248010Z Updating files:  90% (953/1058)
handle_failure	Run actions/checkout@v4	2026-02-03T18:01:53.9248632Z Updating files:  91% (963/1058)
handle_failure	Run actions/checkout@v4	2026-02-03T18:01:53.9256582Z Updating files:  92% (974/1058)
handle_failure	Run actions/checkout@v4	2026-02-03T18:01:53.9440833Z Updating files:  93% (984/1058)
handle_failure	Run actions/checkout@v4	2026-02-03T18:01:53.9654787Z Updating files:  94% (995/1058)
handle_failure	Run actions/checkout@v4	2026-02-03T18:01:53.9722225Z Updating files:  95% (1006/1058)
handle_failure	Run actions/checkout@v4	2026-02-03T18:01:53.9910881Z Updating files:  96% (1016/1058)
handle_failure	Run actions/checkout@v4	2026-02-03T18:01:54.0114937Z Updating files:  97% (1027/1058)
handle_failure	Run actions/checkout@v4	2026-02-03T18:01:54.0171713Z Updating files:  98% (1037/1058)
handle_failure	Run actions/checkout@v4	2026-02-03T18:01:54.1846766Z Updating files:  99% (1048/1058)
handle_failure	Run actions/checkout@v4	2026-02-03T18:01:54.1895450Z Updating files: 100% (1058/1058)
handle_failure	Run actions/checkout@v4	2026-02-03T18:01:54.1898218Z Updating files: 100% (1058/1058), done.
handle_failure	Run actions/checkout@v4	2026-02-03T18:01:54.6328304Z Switched to a new branch 'H2438-arreglo-de-despliegue-itop'
handle_failure	Run actions/checkout@v4	2026-02-03T18:01:54.6392954Z branch 'H2438-arreglo-de-despliegue-itop' set up to track 'origin/H2438-arreglo-de-despliegue-itop'.
handle_failure	Run actions/checkout@v4	2026-02-03T18:01:54.6841489Z ##[endgroup]
handle_failure	Run actions/checkout@v4	2026-02-03T18:01:55.1381517Z [command]/usr/bin/git log -1 --format=%H
handle_failure	Run actions/checkout@v4	2026-02-03T18:01:55.1541785Z 40feffd71e8bded7fd5f9408405a8932b4d88886
handle_failure	Run /./.github/actions/install-gh-cli	﻿2026-02-03T18:01:57.0497750Z Prepare all required actions
handle_failure	Run /./.github/actions/install-gh-cli	2026-02-03T18:01:57.6777053Z ##[group]Run ./.github/actions/install-gh-cli
handle_failure	Run /./.github/actions/install-gh-cli	2026-02-03T18:01:57.6786858Z env:
handle_failure	Run /./.github/actions/install-gh-cli	2026-02-03T18:01:57.6830956Z   KAOS_MODULE: [Ka0S] MDLINT
handle_failure	Run /./.github/actions/install-gh-cli	2026-02-03T18:01:57.6832044Z   GH_TOKEN: ***
handle_failure	Run /./.github/actions/install-gh-cli	2026-02-03T18:01:57.6832397Z   KAOS_MD_CONFIG: core/config/.markdownlint.json
handle_failure	Run /./.github/actions/install-gh-cli	2026-02-03T18:01:57.6832819Z   KAOS_PRETTIER_CONFIG: compliance/markdown/.prettierrc.json
handle_failure	Run /./.github/actions/install-gh-cli	2026-02-03T18:01:57.6833216Z   KAOS_PATH_RESUME: audit/mdlint/
handle_failure	Run /./.github/actions/install-gh-cli	2026-02-03T18:01:57.6833516Z   KAOS_REPO: /actions-runner/_work/kaos/kaos
handle_failure	Run /./.github/actions/install-gh-cli	2026-02-03T18:01:57.6833828Z   KAOS_STEP_MODULE: 
handle_failure	Run /./.github/actions/install-gh-cli	2026-02-03T18:01:57.6834070Z   KAOS_CODE: 21634871960
handle_failure	Run /./.github/actions/install-gh-cli	2026-02-03T18:01:57.6834317Z   KAOS_REF_BRANCH: main
handle_failure	Run /./.github/actions/install-gh-cli	2026-02-03T18:01:57.6834646Z ##[endgroup]
handle_failure	Run /./.github/actions/install-gh-cli	2026-02-03T18:01:58.2521852Z ##[group]Run type -p curl >/dev/null || (sudo apt-get update && sudo apt-get install curl -y)
handle_failure	Run /./.github/actions/install-gh-cli	2026-02-03T18:01:58.2522695Z [36;1mtype -p curl >/dev/null || (sudo apt-get update && sudo apt-get install curl -y)[0m
handle_failure	Run /./.github/actions/install-gh-cli	2026-02-03T18:01:58.2523660Z [36;1mcurl -fsSL https://cli.github.com/packages/githubcli-archive-keyring.gpg | sudo dd of=/usr/share/keyrings/githubcli-archive-keyring.gpg \[0m
handle_failure	Run /./.github/actions/install-gh-cli	2026-02-03T18:01:58.2537096Z [36;1m&& sudo chmod go+r /usr/share/keyrings/githubcli-archive-keyring.gpg \[0m
handle_failure	Run /./.github/actions/install-gh-cli	2026-02-03T18:01:58.4693214Z [36;1m&& echo "deb [arch=$(dpkg --print-architecture) signed-by=/usr/share/keyrings/githubcli-archive-keyring.gpg] https://cli.github.com/packages stable main" | sudo tee /etc/apt/sources.list.d/github-cli.list > /dev/null \[0m
handle_failure	Run /./.github/actions/install-gh-cli	2026-02-03T18:01:58.4790265Z [36;1m&& sudo apt-get update \[0m
handle_failure	Run /./.github/actions/install-gh-cli	2026-02-03T18:01:58.4791259Z [36;1m&& sudo apt-get install gh -y[0m
handle_failure	Run /./.github/actions/install-gh-cli	2026-02-03T18:01:58.5213932Z shell: /usr/bin/bash --noprofile --norc -e -o pipefail {0}
handle_failure	Run /./.github/actions/install-gh-cli	2026-02-03T18:01:58.5214387Z env:
handle_failure	Run /./.github/actions/install-gh-cli	2026-02-03T18:01:58.5214710Z   KAOS_MODULE: [Ka0S] MDLINT
handle_failure	Run /./.github/actions/install-gh-cli	2026-02-03T18:01:58.5215268Z   GH_TOKEN: ***
handle_failure	Run /./.github/actions/install-gh-cli	2026-02-03T18:01:58.5215556Z   KAOS_MD_CONFIG: core/config/.markdownlint.json
handle_failure	Run /./.github/actions/install-gh-cli	2026-02-03T18:01:58.5300135Z   KAOS_PRETTIER_CONFIG: compliance/markdown/.prettierrc.json
handle_failure	Run /./.github/actions/install-gh-cli	2026-02-03T18:01:58.5300630Z   KAOS_PATH_RESUME: audit/mdlint/
handle_failure	Run /./.github/actions/install-gh-cli	2026-02-03T18:01:58.5300931Z   KAOS_REPO: /actions-runner/_work/kaos/kaos
handle_failure	Run /./.github/actions/install-gh-cli	2026-02-03T18:01:58.5301227Z   KAOS_STEP_MODULE: 
handle_failure	Run /./.github/actions/install-gh-cli	2026-02-03T18:01:58.5301465Z   KAOS_CODE: 21634871960
handle_failure	Run /./.github/actions/install-gh-cli	2026-02-03T18:01:58.5301710Z   KAOS_REF_BRANCH: main
handle_failure	Run /./.github/actions/install-gh-cli	2026-02-03T18:01:58.5301934Z ##[endgroup]
handle_failure	Run /./.github/actions/install-gh-cli	2026-02-03T18:02:04.0486007Z 4+1 records in
handle_failure	Run /./.github/actions/install-gh-cli	2026-02-03T18:02:04.0490174Z 4+1 records out
handle_failure	Run /./.github/actions/install-gh-cli	2026-02-03T18:02:04.0529234Z 2270 bytes (2.3 kB, 2.2 KiB) copied, 0.00420066 s, 540 kB/s
handle_failure	Run /./.github/actions/install-gh-cli	2026-02-03T18:02:13.9085043Z Get:1 https://cli.github.com/packages stable InRelease [3917 B]
handle_failure	Run /./.github/actions/install-gh-cli	2026-02-03T18:02:13.9149808Z Get:2 http://archive.ubuntu.com/ubuntu noble InRelease [256 kB]
handle_failure	Run /./.github/actions/install-gh-cli	2026-02-03T18:02:13.9152369Z Get:3 http://security.ubuntu.com/ubuntu noble-security InRelease [126 kB]
handle_failure	Run /./.github/actions/install-gh-cli	2026-02-03T18:02:14.1125566Z Get:4 https://ppa.launchpadcontent.net/git-core/ppa/ubuntu noble InRelease [24.3 kB]
handle_failure	Run /./.github/actions/install-gh-cli	2026-02-03T18:02:14.2028149Z Get:5 http://archive.ubuntu.com/ubuntu noble-updates InRelease [126 kB]
handle_failure	Run /./.github/actions/install-gh-cli	2026-02-03T18:02:14.5716248Z Get:6 http://archive.ubuntu.com/ubuntu noble-backports InRelease [126 kB]
handle_failure	Run /./.github/actions/install-gh-cli	2026-02-03T18:02:15.6542530Z Get:7 https://cli.github.com/packages stable/main amd64 Packages [356 B]
handle_failure	Run /./.github/actions/install-gh-cli	2026-02-03T18:02:19.3467834Z Get:8 http://archive.ubuntu.com/ubuntu noble/restricted amd64 Packages [117 kB]
handle_failure	Run /./.github/actions/install-gh-cli	2026-02-03T18:02:21.0544517Z Get:9 http://archive.ubuntu.com/ubuntu noble/multiverse amd64 Packages [331 kB]
handle_failure	Run /./.github/actions/install-gh-cli	2026-02-03T18:02:21.9252171Z Get:10 http://archive.ubuntu.com/ubuntu noble/main amd64 Packages [1808 kB]
handle_failure	Run /./.github/actions/install-gh-cli	2026-02-03T18:02:23.3768385Z Get:11 http://security.ubuntu.com/ubuntu noble-security/restricted amd64 Packages [3008 kB]
handle_failure	Run /./.github/actions/install-gh-cli	2026-02-03T18:02:23.8209812Z Get:12 http://archive.ubuntu.com/ubuntu noble/universe amd64 Packages [19.3 MB]
handle_failure	Run /./.github/actions/install-gh-cli	2026-02-03T18:02:24.7295810Z Get:13 https://ppa.launchpadcontent.net/git-core/ppa/ubuntu noble/main amd64 Packages [2994 B]
handle_failure	Run /./.github/actions/install-gh-cli	2026-02-03T18:02:25.3492032Z Get:14 http://security.ubuntu.com/ubuntu noble-security/multiverse amd64 Packages [34.8 kB]
handle_failure	Run /./.github/actions/install-gh-cli	2026-02-03T18:02:25.5578416Z Get:15 http://security.ubuntu.com/ubuntu noble-security/universe amd64 Packages [1199 kB]
handle_failure	Run /./.github/actions/install-gh-cli	2026-02-03T18:02:26.3891166Z Get:16 http://security.ubuntu.com/ubuntu noble-security/main amd64 Packages [1777 kB]
handle_failure	Run /./.github/actions/install-gh-cli	2026-02-03T18:02:31.5692506Z Get:17 http://archive.ubuntu.com/ubuntu noble-updates/multiverse amd64 Packages [38.1 kB]
handle_failure	Run /./.github/actions/install-gh-cli	2026-02-03T18:02:31.5951203Z Get:18 http://archive.ubuntu.com/ubuntu noble-updates/main amd64 Packages [2178 kB]
handle_failure	Run /./.github/actions/install-gh-cli	2026-02-03T18:02:33.4992068Z Get:19 http://archive.ubuntu.com/ubuntu noble-updates/universe amd64 Packages [1978 kB]
handle_failure	Run /./.github/actions/install-gh-cli	2026-02-03T18:02:34.0796581Z Get:20 http://archive.ubuntu.com/ubuntu noble-updates/restricted amd64 Packages [3233 kB]
handle_failure	Run /./.github/actions/install-gh-cli	2026-02-03T18:02:35.1641112Z Get:21 http://archive.ubuntu.com/ubuntu noble-backports/main amd64 Packages [49.5 kB]
handle_failure	Run /./.github/actions/install-gh-cli	2026-02-03T18:02:35.2407359Z Get:22 http://archive.ubuntu.com/ubuntu noble-backports/universe amd64 Packages [34.6 kB]
handle_failure	Run /./.github/actions/install-gh-cli	2026-02-03T18:03:30.4062935Z Fetched 35.8 MB in 1min 6s (544 kB/s)
handle_failure	Run /./.github/actions/install-gh-cli	2026-02-03T18:03:56.4833047Z Reading package lists...
handle_failure	Run /./.github/actions/install-gh-cli	2026-02-03T18:04:56.5086747Z Reading package lists...
handle_failure	Run /./.github/actions/install-gh-cli	2026-02-03T18:04:59.6506548Z Building dependency tree...
handle_failure	Run /./.github/actions/install-gh-cli	2026-02-03T18:04:59.6525240Z Reading state information...
handle_failure	Run /./.github/actions/install-gh-cli	2026-02-03T18:05:11.5541854Z The following NEW packages will be installed:
handle_failure	Run /./.github/actions/install-gh-cli	2026-02-03T18:05:11.5791183Z   gh
handle_failure	Run /./.github/actions/install-gh-cli	2026-02-03T18:05:21.1796136Z 0 upgraded, 1 newly installed, 0 to remove and 17 not upgraded.
handle_failure	Run /./.github/actions/install-gh-cli	2026-02-03T18:05:21.1800469Z Need to get 13.7 MB of archives.
handle_failure	Run /./.github/actions/install-gh-cli	2026-02-03T18:05:21.1801257Z After this operation, 37.9 MB of additional disk space will be used.
handle_failure	Run /./.github/actions/install-gh-cli	2026-02-03T18:05:21.1801931Z Get:1 https://cli.github.com/packages stable/main amd64 gh amd64 2.86.0 [13.7 MB]
handle_failure	Run /./.github/actions/install-gh-cli	2026-02-03T18:05:37.2631273Z debconf: delaying package configuration, since apt-utils is not installed
handle_failure	Run /./.github/actions/install-gh-cli	2026-02-03T18:05:39.9612151Z Fetched 13.7 MB in 13s (1084 kB/s)
handle_failure	Run /./.github/actions/install-gh-cli	2026-02-03T18:05:42.2378582Z Selecting previously unselected package gh.
handle_failure	Run /./.github/actions/install-gh-cli	2026-02-03T18:05:42.2501382Z (Reading database ... 
handle_failure	Run /./.github/actions/install-gh-cli	2026-02-03T18:05:42.2502299Z (Reading database ... 5%
handle_failure	Run /./.github/actions/install-gh-cli	2026-02-03T18:05:42.2503223Z (Reading database ... 10%
handle_failure	Run /./.github/actions/install-gh-cli	2026-02-03T18:05:42.2504631Z (Reading database ... 15%
handle_failure	Run /./.github/actions/install-gh-cli	2026-02-03T18:05:42.2504892Z (Reading database ... 20%
handle_failure	Run /./.github/actions/install-gh-cli	2026-02-03T18:05:42.2505132Z (Reading database ... 25%
handle_failure	Run /./.github/actions/install-gh-cli	2026-02-03T18:05:42.2505377Z (Reading database ... 30%
handle_failure	Run /./.github/actions/install-gh-cli	2026-02-03T18:05:42.2505656Z (Reading database ... 35%
handle_failure	Run /./.github/actions/install-gh-cli	2026-02-03T18:05:42.2505898Z (Reading database ... 40%
handle_failure	Run /./.github/actions/install-gh-cli	2026-02-03T18:05:42.2506166Z (Reading database ... 45%
handle_failure	Run /./.github/actions/install-gh-cli	2026-02-03T18:05:42.2506412Z (Reading database ... 50%
handle_failure	Run /./.github/actions/install-gh-cli	2026-02-03T18:05:42.2506673Z (Reading database ... 55%
handle_failure	Run /./.github/actions/install-gh-cli	2026-02-03T18:05:42.2506927Z (Reading database ... 60%
handle_failure	Run /./.github/actions/install-gh-cli	2026-02-03T18:05:42.6328024Z (Reading database ... 65%
handle_failure	Run /./.github/actions/install-gh-cli	2026-02-03T18:05:43.4579392Z (Reading database ... 70%
handle_failure	Run /./.github/actions/install-gh-cli	2026-02-03T18:05:43.4768488Z (Reading database ... 75%
handle_failure	Run /./.github/actions/install-gh-cli	2026-02-03T18:05:43.5106038Z (Reading database ... 80%
handle_failure	Run /./.github/actions/install-gh-cli	2026-02-03T18:05:43.5336982Z (Reading database ... 85%
handle_failure	Run /./.github/actions/install-gh-cli	2026-02-03T18:05:43.5789095Z (Reading database ... 90%
handle_failure	Run /./.github/actions/install-gh-cli	2026-02-03T18:05:44.3865469Z (Reading database ... 95%
handle_failure	Run /./.github/actions/install-gh-cli	2026-02-03T18:05:44.4057184Z (Reading database ... 100%
handle_failure	Run /./.github/actions/install-gh-cli	2026-02-03T18:05:44.4057680Z (Reading database ... 14385 files and directories currently installed.)
handle_failure	Run /./.github/actions/install-gh-cli	2026-02-03T18:05:44.4349625Z Preparing to unpack .../archives/gh_2.86.0_amd64.deb ...
handle_failure	Run /./.github/actions/install-gh-cli	2026-02-03T18:05:44.4717399Z Unpacking gh (2.86.0) ...
handle_failure	Run /./.github/actions/install-gh-cli	2026-02-03T18:06:16.6007954Z Setting up gh (2.86.0) ...
handle_failure	Notify Failure	﻿2026-02-03T18:06:23.6779834Z ##[group]Run gh issue create --title "[Ka0S] MDLINT Error in 21634871960" --label "bug" --body "Check logs: https://github.com/Ka0s-Klaus/ka0s/actions/runs/21634871960"
handle_failure	Notify Failure	2026-02-03T18:06:23.6781204Z [36;1mgh issue create --title "[Ka0S] MDLINT Error in 21634871960" --label "bug" --body "Check logs: https://github.com/Ka0s-Klaus/ka0s/actions/runs/21634871960"[0m
handle_failure	Notify Failure	2026-02-03T18:06:23.6782152Z [36;1mRNNUMBER=$(echo "refs/heads/H2438-arreglo-de-despliegue-itop" | grep -o '[0-9]*')[0m
handle_failure	Notify Failure	2026-02-03T18:06:23.6782934Z [36;1mgh issue comment $RNNUMBER --body "❌ El proceso de Compliance Markdown ha fallado 21634871960."[0m
handle_failure	Notify Failure	2026-02-03T18:06:23.6797717Z shell: /usr/bin/bash -e {0}
handle_failure	Notify Failure	2026-02-03T18:06:23.6798023Z env:
handle_failure	Notify Failure	2026-02-03T18:06:23.6798231Z   KAOS_MODULE: [Ka0S] MDLINT
handle_failure	Notify Failure	2026-02-03T18:06:23.6798772Z   GH_TOKEN: ***
handle_failure	Notify Failure	2026-02-03T18:06:23.6799023Z   KAOS_MD_CONFIG: core/config/.markdownlint.json
handle_failure	Notify Failure	2026-02-03T18:06:23.6799424Z   KAOS_PRETTIER_CONFIG: compliance/markdown/.prettierrc.json
handle_failure	Notify Failure	2026-02-03T18:06:23.6799822Z   KAOS_PATH_RESUME: audit/mdlint/
handle_failure	Notify Failure	2026-02-03T18:06:23.6800171Z   KAOS_REPO: /actions-runner/_work/kaos/kaos
handle_failure	Notify Failure	2026-02-03T18:06:23.6800474Z   KAOS_STEP_MODULE: 
handle_failure	Notify Failure	2026-02-03T18:06:23.6800698Z   KAOS_CODE: 21634871960
handle_failure	Notify Failure	2026-02-03T18:06:23.6800925Z   KAOS_REF_BRANCH: main
handle_failure	Notify Failure	2026-02-03T18:06:23.6801152Z ##[endgroup]
handle_failure	Notify Failure	2026-02-03T18:06:35.1480259Z https://github.com/Ka0s-Klaus/ka0s/issues/3247
handle_failure	Notify Failure	2026-02-03T18:06:47.6957875Z https://github.com/Ka0s-Klaus/ka0s/issues/2438#issuecomment-3842845702
handle_failure	Post Run actions/checkout@v4	﻿2026-02-03T18:06:50.3513672Z Post job cleanup.
handle_failure	Post Run actions/checkout@v4	2026-02-03T18:07:01.5879586Z [command]/usr/bin/git version
handle_failure	Post Run actions/checkout@v4	2026-02-03T18:07:03.0188171Z git version 2.52.0
handle_failure	Post Run actions/checkout@v4	2026-02-03T18:07:03.7295835Z Temporarily overriding HOME='/home/runner/_work/_temp/1735e16d-f7a9-4952-80af-8b67638dbe57' before making global git config changes
handle_failure	Post Run actions/checkout@v4	2026-02-03T18:07:03.7460113Z Adding repository directory to the temporary git global config as a safe directory
handle_failure	Post Run actions/checkout@v4	2026-02-03T18:07:03.8279297Z [command]/usr/bin/git config --global --add safe.directory /home/runner/_work/ka0s/ka0s
handle_failure	Post Run actions/checkout@v4	2026-02-03T18:07:06.2926872Z [command]/usr/bin/git config --local --name-only --get-regexp core\.sshCommand
handle_failure	Post Run actions/checkout@v4	2026-02-03T18:07:06.7086983Z [command]/usr/bin/git submodule foreach --recursive sh -c "git config --local --name-only --get-regexp 'core\.sshCommand' && git config --local --unset-all 'core.sshCommand' || :"
handle_failure	Post Run actions/checkout@v4	2026-02-03T18:07:27.5749849Z [command]/usr/bin/git config --local --name-only --get-regexp http\.https\:\/\/github\.com\/\.extraheader
handle_failure	Post Run actions/checkout@v4	2026-02-03T18:07:28.2096825Z http.https://github.com/.extraheader
handle_failure	Post Run actions/checkout@v4	2026-02-03T18:07:28.2560194Z [command]/usr/bin/git config --local --unset-all http.https://github.com/.extraheader
handle_failure	Post Run actions/checkout@v4	2026-02-03T18:07:29.1358360Z [command]/usr/bin/git submodule foreach --recursive sh -c "git config --local --name-only --get-regexp 'http\.https\:\/\/github\.com\/\.extraheader' && git config --local --unset-all 'http.https://github.com/.extraheader' || :"
handle_failure	Post Run actions/checkout@v4	2026-02-03T18:07:37.3483781Z [command]/usr/bin/git config --local --name-only --get-regexp ^includeIf\.gitdir:
handle_failure	Post Run actions/checkout@v4	2026-02-03T18:07:38.3377192Z [command]/usr/bin/git submodule foreach --recursive git config --local --show-origin --name-only --get-regexp remote.origin.url
handle_failure	Complete job	﻿2026-02-03T18:07:55.1800068Z Cleaning up orphan processes
end-workflow	Set up job	﻿2026-02-03T18:27:19.8036012Z Current runner version: '2.331.0'
end-workflow	Set up job	2026-02-03T18:27:19.8051883Z Runner name: 'swarm-runners-scaleset-hkss5-runner-s4nrt'
end-workflow	Set up job	2026-02-03T18:27:19.8053682Z Runner group name: 'Default'
end-workflow	Set up job	2026-02-03T18:27:19.8055602Z Machine name: 'swarm-runners-scaleset-hkss5-runner-s4nrt'
end-workflow	Set up job	2026-02-03T18:27:19.8063848Z ##[group]GITHUB_TOKEN Permissions
end-workflow	Set up job	2026-02-03T18:27:19.8069966Z Actions: write
end-workflow	Set up job	2026-02-03T18:27:19.8071213Z Contents: write
end-workflow	Set up job	2026-02-03T18:27:19.8072107Z Issues: write
end-workflow	Set up job	2026-02-03T18:27:19.8073166Z Metadata: read
end-workflow	Set up job	2026-02-03T18:27:19.8074057Z PullRequests: write
end-workflow	Set up job	2026-02-03T18:27:19.8152766Z ##[endgroup]
end-workflow	Set up job	2026-02-03T18:27:19.8157984Z Secret source: Actions
end-workflow	Set up job	2026-02-03T18:27:19.8159021Z Prepare workflow directory
end-workflow	Set up job	2026-02-03T18:27:20.7264151Z Prepare all required actions
end-workflow	Set up job	2026-02-03T18:27:20.7396861Z Getting action download info
end-workflow	Set up job	2026-02-03T18:27:21.3220552Z Download action repository 'actions/checkout@v4' (SHA:34e114876b0b11c390a56381ad16ebd13914f8d5)
end-workflow	Set up job	2026-02-03T18:27:27.0060045Z Complete job name: end-workflow
end-workflow	Run actions/checkout@v4	﻿2026-02-03T18:27:27.9357079Z ##[group]Run actions/checkout@v4
end-workflow	Run actions/checkout@v4	2026-02-03T18:27:27.9361403Z with:
end-workflow	Run actions/checkout@v4	2026-02-03T18:27:27.9363206Z   repository: Ka0s-Klaus/ka0s
end-workflow	Run actions/checkout@v4	2026-02-03T18:27:27.9366453Z   token: ***
end-workflow	Run actions/checkout@v4	2026-02-03T18:27:27.9368266Z   ssh-strict: true
end-workflow	Run actions/checkout@v4	2026-02-03T18:27:27.9370085Z   ssh-user: git
end-workflow	Run actions/checkout@v4	2026-02-03T18:27:27.9372187Z   persist-credentials: true
end-workflow	Run actions/checkout@v4	2026-02-03T18:27:27.9374580Z   clean: true
end-workflow	Run actions/checkout@v4	2026-02-03T18:27:27.9376600Z   sparse-checkout-cone-mode: true
end-workflow	Run actions/checkout@v4	2026-02-03T18:27:27.9379041Z   fetch-depth: 1
end-workflow	Run actions/checkout@v4	2026-02-03T18:27:27.9380936Z   fetch-tags: false
end-workflow	Run actions/checkout@v4	2026-02-03T18:27:27.9382949Z   show-progress: true
end-workflow	Run actions/checkout@v4	2026-02-03T18:27:27.9445812Z   lfs: false
end-workflow	Run actions/checkout@v4	2026-02-03T18:27:27.9447841Z   submodules: false
end-workflow	Run actions/checkout@v4	2026-02-03T18:27:27.9449975Z   set-safe-directory: true
end-workflow	Run actions/checkout@v4	2026-02-03T18:27:27.9453719Z env:
end-workflow	Run actions/checkout@v4	2026-02-03T18:27:27.9455615Z   KAOS_MODULE: [Ka0S] MDLINT
end-workflow	Run actions/checkout@v4	2026-02-03T18:27:27.9458716Z   GH_TOKEN: ***
end-workflow	Run actions/checkout@v4	2026-02-03T18:27:27.9460943Z   KAOS_MD_CONFIG: core/config/.markdownlint.json
end-workflow	Run actions/checkout@v4	2026-02-03T18:27:27.9464562Z   KAOS_PRETTIER_CONFIG: compliance/markdown/.prettierrc.json
end-workflow	Run actions/checkout@v4	2026-02-03T18:27:27.9468060Z   KAOS_PATH_RESUME: audit/mdlint/
end-workflow	Run actions/checkout@v4	2026-02-03T18:27:27.9470700Z   KAOS_REPO: /actions-runner/_work/kaos/kaos
end-workflow	Run actions/checkout@v4	2026-02-03T18:27:27.9473386Z   KAOS_STEP_MODULE: 
end-workflow	Run actions/checkout@v4	2026-02-03T18:27:27.9536205Z   KAOS_CODE: 21634871960
end-workflow	Run actions/checkout@v4	2026-02-03T18:27:27.9538522Z   KAOS_REF_BRANCH: main
end-workflow	Run actions/checkout@v4	2026-02-03T18:27:27.9540830Z ##[endgroup]
end-workflow	Run actions/checkout@v4	2026-02-03T18:27:28.5414385Z Syncing repository: Ka0s-Klaus/ka0s
end-workflow	Run actions/checkout@v4	2026-02-03T18:27:28.5418129Z ##[group]Getting Git version info
end-workflow	Run actions/checkout@v4	2026-02-03T18:27:28.5419224Z Working directory is '/home/runner/_work/ka0s/ka0s'
end-workflow	Run actions/checkout@v4	2026-02-03T18:27:28.5420869Z [command]/usr/bin/git version
end-workflow	Run actions/checkout@v4	2026-02-03T18:27:28.5448379Z git version 2.52.0
end-workflow	Run actions/checkout@v4	2026-02-03T18:27:28.5639353Z ##[endgroup]
end-workflow	Run actions/checkout@v4	2026-02-03T18:27:28.5726918Z Temporarily overriding HOME='/home/runner/_work/_temp/39f1c31a-b00b-4c8e-a5e3-4267a91ad2e9' before making global git config changes
end-workflow	Run actions/checkout@v4	2026-02-03T18:27:28.5749674Z Adding repository directory to the temporary git global config as a safe directory
end-workflow	Run actions/checkout@v4	2026-02-03T18:27:28.5757194Z [command]/usr/bin/git config --global --add safe.directory /home/runner/_work/ka0s/ka0s
end-workflow	Run actions/checkout@v4	2026-02-03T18:27:28.6886574Z Deleting the contents of '/home/runner/_work/ka0s/ka0s'
end-workflow	Run actions/checkout@v4	2026-02-03T18:27:28.7003075Z ##[group]Initializing the repository
end-workflow	Run actions/checkout@v4	2026-02-03T18:27:28.7152891Z [command]/usr/bin/git init /home/runner/_work/ka0s/ka0s
end-workflow	Run actions/checkout@v4	2026-02-03T18:27:29.0484700Z hint: Using 'master' as the name for the initial branch. This default branch name
end-workflow	Run actions/checkout@v4	2026-02-03T18:27:29.0506059Z hint: will change to "main" in Git 3.0. To configure the initial branch name
end-workflow	Run actions/checkout@v4	2026-02-03T18:27:29.0508016Z hint: to use in all of your new repositories, which will suppress this warning,
end-workflow	Run actions/checkout@v4	2026-02-03T18:27:29.0509401Z hint: call:
end-workflow	Run actions/checkout@v4	2026-02-03T18:27:29.0510077Z hint:
end-workflow	Run actions/checkout@v4	2026-02-03T18:27:29.0510988Z hint: 	git config --global init.defaultBranch <name>
end-workflow	Run actions/checkout@v4	2026-02-03T18:27:29.0512075Z hint:
end-workflow	Run actions/checkout@v4	2026-02-03T18:27:29.0513144Z hint: Names commonly chosen instead of 'master' are 'main', 'trunk' and
end-workflow	Run actions/checkout@v4	2026-02-03T18:27:29.0515032Z hint: 'development'. The just-created branch can be renamed via this command:
end-workflow	Run actions/checkout@v4	2026-02-03T18:27:29.0517359Z hint:
end-workflow	Run actions/checkout@v4	2026-02-03T18:27:29.0518065Z hint: 	git branch -m <name>
end-workflow	Run actions/checkout@v4	2026-02-03T18:27:29.0518891Z hint:
end-workflow	Run actions/checkout@v4	2026-02-03T18:27:29.0520096Z hint: Disable this message with "git config set advice.defaultBranchName false"
end-workflow	Run actions/checkout@v4	2026-02-03T18:27:29.0566586Z Initialized empty Git repository in /home/runner/_work/ka0s/ka0s/.git/
end-workflow	Run actions/checkout@v4	2026-02-03T18:27:29.0647135Z [command]/usr/bin/git remote add origin https://github.com/Ka0s-Klaus/ka0s
end-workflow	Run actions/checkout@v4	2026-02-03T18:27:29.2827422Z ##[endgroup]
end-workflow	Run actions/checkout@v4	2026-02-03T18:27:29.2828994Z ##[group]Disabling automatic garbage collection
end-workflow	Run actions/checkout@v4	2026-02-03T18:27:29.2830269Z [command]/usr/bin/git config --local gc.auto 0
end-workflow	Run actions/checkout@v4	2026-02-03T18:27:29.3587673Z ##[endgroup]
end-workflow	Run actions/checkout@v4	2026-02-03T18:27:29.3662549Z ##[group]Setting up auth
end-workflow	Run actions/checkout@v4	2026-02-03T18:27:29.3664123Z [command]/usr/bin/git config --local --name-only --get-regexp core\.sshCommand
end-workflow	Run actions/checkout@v4	2026-02-03T18:27:29.3954540Z [command]/usr/bin/git submodule foreach --recursive sh -c "git config --local --name-only --get-regexp 'core\.sshCommand' && git config --local --unset-all 'core.sshCommand' || :"
end-workflow	Run actions/checkout@v4	2026-02-03T18:27:29.5644087Z [command]/usr/bin/git config --local --name-only --get-regexp http\.https\:\/\/github\.com\/\.extraheader
end-workflow	Run actions/checkout@v4	2026-02-03T18:27:29.5896836Z [command]/usr/bin/git submodule foreach --recursive sh -c "git config --local --name-only --get-regexp 'http\.https\:\/\/github\.com\/\.extraheader' && git config --local --unset-all 'http.https://github.com/.extraheader' || :"
end-workflow	Run actions/checkout@v4	2026-02-03T18:27:29.7358196Z [command]/usr/bin/git config --local --name-only --get-regexp ^includeIf\.gitdir:
end-workflow	Run actions/checkout@v4	2026-02-03T18:27:29.7525253Z [command]/usr/bin/git submodule foreach --recursive git config --local --show-origin --name-only --get-regexp remote.origin.url
end-workflow	Run actions/checkout@v4	2026-02-03T18:27:29.8700625Z [command]/usr/bin/git config --local http.https://github.com/.extraheader AUTHORIZATION: basic ***
end-workflow	Run actions/checkout@v4	2026-02-03T18:27:30.3837778Z ##[endgroup]
end-workflow	Run actions/checkout@v4	2026-02-03T18:27:30.3867917Z ##[group]Fetching the repository
end-workflow	Run actions/checkout@v4	2026-02-03T18:27:30.3997116Z [command]/usr/bin/git -c protocol.version=2 fetch --no-tags --prune --no-recurse-submodules --depth=1 origin +40feffd71e8bded7fd5f9408405a8932b4d88886:refs/remotes/origin/H2438-arreglo-de-despliegue-itop
end-workflow	Run actions/checkout@v4	2026-02-03T18:27:55.7826090Z From https://github.com/Ka0s-Klaus/ka0s
end-workflow	Run actions/checkout@v4	2026-02-03T18:27:55.7828806Z  * [new ref]         40feffd71e8bded7fd5f9408405a8932b4d88886 -> origin/H2438-arreglo-de-despliegue-itop
end-workflow	Run actions/checkout@v4	2026-02-03T18:27:55.7880147Z ##[endgroup]
end-workflow	Run actions/checkout@v4	2026-02-03T18:27:55.7881335Z ##[group]Determining the checkout info
end-workflow	Run actions/checkout@v4	2026-02-03T18:27:55.7894996Z ##[endgroup]
end-workflow	Run actions/checkout@v4	2026-02-03T18:27:55.7895789Z [command]/usr/bin/git sparse-checkout disable
end-workflow	Run actions/checkout@v4	2026-02-03T18:27:56.3337206Z [command]/usr/bin/git config --local --unset-all extensions.worktreeConfig
end-workflow	Run actions/checkout@v4	2026-02-03T18:27:56.8732438Z ##[group]Checking out the ref
end-workflow	Run actions/checkout@v4	2026-02-03T18:27:56.8748627Z [command]/usr/bin/git checkout --progress --force -B H2438-arreglo-de-despliegue-itop refs/remotes/origin/H2438-arreglo-de-despliegue-itop
end-workflow	Run actions/checkout@v4	2026-02-03T18:27:58.6506899Z Updating files:  86% (914/1058)
end-workflow	Run actions/checkout@v4	2026-02-03T18:27:58.9529435Z Updating files:  87% (921/1058)
end-workflow	Run actions/checkout@v4	2026-02-03T18:27:59.7807818Z Updating files:  87% (924/1058)
end-workflow	Run actions/checkout@v4	2026-02-03T18:27:59.9615124Z Updating files:  88% (932/1058)
end-workflow	Run actions/checkout@v4	2026-02-03T18:28:00.8106806Z Updating files:  88% (933/1058)
end-workflow	Run actions/checkout@v4	2026-02-03T18:28:00.8122893Z Updating files:  89% (942/1058)
end-workflow	Run actions/checkout@v4	2026-02-03T18:28:00.8139547Z Updating files:  90% (953/1058)
end-workflow	Run actions/checkout@v4	2026-02-03T18:28:00.8519428Z Updating files:  91% (963/1058)
end-workflow	Run actions/checkout@v4	2026-02-03T18:28:00.8520710Z Updating files:  92% (974/1058)
end-workflow	Run actions/checkout@v4	2026-02-03T18:28:01.0590740Z Updating files:  93% (984/1058)
end-workflow	Run actions/checkout@v4	2026-02-03T18:28:01.0621112Z Updating files:  94% (995/1058)
end-workflow	Run actions/checkout@v4	2026-02-03T18:28:01.0657048Z Updating files:  95% (1006/1058)
end-workflow	Run actions/checkout@v4	2026-02-03T18:28:01.0694934Z Updating files:  96% (1016/1058)
end-workflow	Run actions/checkout@v4	2026-02-03T18:28:01.1008427Z Updating files:  97% (1027/1058)
end-workflow	Run actions/checkout@v4	2026-02-03T18:28:01.1052845Z Updating files:  98% (1037/1058)
end-workflow	Run actions/checkout@v4	2026-02-03T18:28:01.1083640Z Updating files:  99% (1048/1058)
end-workflow	Run actions/checkout@v4	2026-02-03T18:28:01.1088610Z Updating files: 100% (1058/1058)
end-workflow	Run actions/checkout@v4	2026-02-03T18:28:01.1097965Z Updating files: 100% (1058/1058), done.
end-workflow	Run actions/checkout@v4	2026-02-03T18:28:01.6047900Z Switched to a new branch 'H2438-arreglo-de-despliegue-itop'
end-workflow	Run actions/checkout@v4	2026-02-03T18:28:01.6058387Z branch 'H2438-arreglo-de-despliegue-itop' set up to track 'origin/H2438-arreglo-de-despliegue-itop'.
end-workflow	Run actions/checkout@v4	2026-02-03T18:28:01.6183603Z ##[endgroup]
end-workflow	Run actions/checkout@v4	2026-02-03T18:28:01.6261828Z [command]/usr/bin/git log -1 --format=%H
end-workflow	Run actions/checkout@v4	2026-02-03T18:28:01.6307634Z 40feffd71e8bded7fd5f9408405a8932b4d88886
end-workflow	Run /./.github/actions/install-gh-cli	﻿2026-02-03T18:28:01.6878921Z Prepare all required actions
end-workflow	Run /./.github/actions/install-gh-cli	2026-02-03T18:28:01.6983917Z ##[group]Run ./.github/actions/install-gh-cli
end-workflow	Run /./.github/actions/install-gh-cli	2026-02-03T18:28:01.6984797Z env:
end-workflow	Run /./.github/actions/install-gh-cli	2026-02-03T18:28:01.6985124Z   KAOS_MODULE: [Ka0S] MDLINT
end-workflow	Run /./.github/actions/install-gh-cli	2026-02-03T18:28:01.6985857Z   GH_TOKEN: ***
end-workflow	Run /./.github/actions/install-gh-cli	2026-02-03T18:28:01.6986259Z   KAOS_MD_CONFIG: core/config/.markdownlint.json
end-workflow	Run /./.github/actions/install-gh-cli	2026-02-03T18:28:01.6986891Z   KAOS_PRETTIER_CONFIG: compliance/markdown/.prettierrc.json
end-workflow	Run /./.github/actions/install-gh-cli	2026-02-03T18:28:01.7018265Z   KAOS_PATH_RESUME: audit/mdlint/
end-workflow	Run /./.github/actions/install-gh-cli	2026-02-03T18:28:01.7018814Z   KAOS_REPO: /actions-runner/_work/kaos/kaos
end-workflow	Run /./.github/actions/install-gh-cli	2026-02-03T18:28:01.7019299Z   KAOS_STEP_MODULE: 
end-workflow	Run /./.github/actions/install-gh-cli	2026-02-03T18:28:01.7019640Z   KAOS_CODE: 21634871960
end-workflow	Run /./.github/actions/install-gh-cli	2026-02-03T18:28:01.7020071Z   KAOS_REF_BRANCH: main
end-workflow	Run /./.github/actions/install-gh-cli	2026-02-03T18:28:01.7020470Z ##[endgroup]
end-workflow	Run /./.github/actions/install-gh-cli	2026-02-03T18:28:02.0818499Z ##[group]Run type -p curl >/dev/null || (sudo apt-get update && sudo apt-get install curl -y)
end-workflow	Run /./.github/actions/install-gh-cli	2026-02-03T18:28:02.0819678Z [36;1mtype -p curl >/dev/null || (sudo apt-get update && sudo apt-get install curl -y)[0m
end-workflow	Run /./.github/actions/install-gh-cli	2026-02-03T18:28:02.0821378Z [36;1mcurl -fsSL https://cli.github.com/packages/githubcli-archive-keyring.gpg | sudo dd of=/usr/share/keyrings/githubcli-archive-keyring.gpg \[0m
end-workflow	Run /./.github/actions/install-gh-cli	2026-02-03T18:28:02.0822937Z [36;1m&& sudo chmod go+r /usr/share/keyrings/githubcli-archive-keyring.gpg \[0m
end-workflow	Run /./.github/actions/install-gh-cli	2026-02-03T18:28:02.0825056Z [36;1m&& echo "deb [arch=$(dpkg --print-architecture) signed-by=/usr/share/keyrings/githubcli-archive-keyring.gpg] https://cli.github.com/packages stable main" | sudo tee /etc/apt/sources.list.d/github-cli.list > /dev/null \[0m
end-workflow	Run /./.github/actions/install-gh-cli	2026-02-03T18:28:02.0826812Z [36;1m&& sudo apt-get update \[0m
end-workflow	Run /./.github/actions/install-gh-cli	2026-02-03T18:28:02.0827287Z [36;1m&& sudo apt-get install gh -y[0m
end-workflow	Run /./.github/actions/install-gh-cli	2026-02-03T18:28:02.0848158Z shell: /usr/bin/bash --noprofile --norc -e -o pipefail {0}
end-workflow	Run /./.github/actions/install-gh-cli	2026-02-03T18:28:02.0848759Z env:
end-workflow	Run /./.github/actions/install-gh-cli	2026-02-03T18:28:02.0849069Z   KAOS_MODULE: [Ka0S] MDLINT
end-workflow	Run /./.github/actions/install-gh-cli	2026-02-03T18:28:02.0849761Z   GH_TOKEN: ***
end-workflow	Run /./.github/actions/install-gh-cli	2026-02-03T18:28:02.0850146Z   KAOS_MD_CONFIG: core/config/.markdownlint.json
end-workflow	Run /./.github/actions/install-gh-cli	2026-02-03T18:28:02.0850769Z   KAOS_PRETTIER_CONFIG: compliance/markdown/.prettierrc.json
end-workflow	Run /./.github/actions/install-gh-cli	2026-02-03T18:28:02.0851362Z   KAOS_PATH_RESUME: audit/mdlint/
end-workflow	Run /./.github/actions/install-gh-cli	2026-02-03T18:28:02.0851816Z   KAOS_REPO: /actions-runner/_work/kaos/kaos
end-workflow	Run /./.github/actions/install-gh-cli	2026-02-03T18:28:02.0852264Z   KAOS_STEP_MODULE: 
end-workflow	Run /./.github/actions/install-gh-cli	2026-02-03T18:28:02.0852596Z   KAOS_CODE: 21634871960
end-workflow	Run /./.github/actions/install-gh-cli	2026-02-03T18:28:02.0852968Z   KAOS_REF_BRANCH: main
end-workflow	Run /./.github/actions/install-gh-cli	2026-02-03T18:28:02.0853302Z ##[endgroup]
end-workflow	Run /./.github/actions/install-gh-cli	2026-02-03T18:28:49.6245796Z 4+1 records in
end-workflow	Run /./.github/actions/install-gh-cli	2026-02-03T18:28:49.6247068Z 4+1 records out
end-workflow	Run /./.github/actions/install-gh-cli	2026-02-03T18:28:49.6248310Z 2270 bytes (2.3 kB, 2.2 KiB) copied, 0.000116491 s, 19.5 MB/s
end-workflow	Run /./.github/actions/install-gh-cli	2026-02-03T18:30:46.8088229Z Get:1 http://security.ubuntu.com/ubuntu noble-security InRelease [126 kB]
end-workflow	Run /./.github/actions/install-gh-cli	2026-02-03T18:30:46.8347022Z Get:2 https://ppa.launchpadcontent.net/git-core/ppa/ubuntu noble InRelease [24.3 kB]
end-workflow	Run /./.github/actions/install-gh-cli	2026-02-03T18:30:46.8414548Z Get:3 http://archive.ubuntu.com/ubuntu noble InRelease [256 kB]
end-workflow	Run /./.github/actions/install-gh-cli	2026-02-03T18:30:46.9812611Z Get:4 https://cli.github.com/packages stable InRelease [3917 B]
end-workflow	Run /./.github/actions/install-gh-cli	2026-02-03T18:30:49.5649209Z Get:5 http://archive.ubuntu.com/ubuntu noble-updates InRelease [126 kB]
end-workflow	Run /./.github/actions/install-gh-cli	2026-02-03T18:30:50.6536807Z Get:6 https://ppa.launchpadcontent.net/git-core/ppa/ubuntu noble/main amd64 Packages [2994 B]
end-workflow	Run /./.github/actions/install-gh-cli	2026-02-03T18:30:50.6889412Z Get:7 http://archive.ubuntu.com/ubuntu noble-backports InRelease [126 kB]
end-workflow	Run /./.github/actions/install-gh-cli	2026-02-03T18:30:50.7407836Z Get:8 https://cli.github.com/packages stable/main amd64 Packages [356 B]
end-workflow	Run /./.github/actions/install-gh-cli	2026-02-03T18:30:50.9918422Z Get:9 http://security.ubuntu.com/ubuntu noble-security/multiverse amd64 Packages [34.8 kB]
end-workflow	Run /./.github/actions/install-gh-cli	2026-02-03T18:30:52.7377890Z Get:10 http://security.ubuntu.com/ubuntu noble-security/universe amd64 Packages [1199 kB]
end-workflow	Run /./.github/actions/install-gh-cli	2026-02-03T18:30:52.7440175Z Get:11 http://archive.ubuntu.com/ubuntu noble/multiverse amd64 Packages [331 kB]
end-workflow	Run /./.github/actions/install-gh-cli	2026-02-03T18:30:55.0792594Z Get:12 http://archive.ubuntu.com/ubuntu noble/restricted amd64 Packages [117 kB]
end-workflow	Run /./.github/actions/install-gh-cli	2026-02-03T18:30:55.0835494Z Get:13 http://security.ubuntu.com/ubuntu noble-security/main amd64 Packages [1777 kB]
end-workflow	Run /./.github/actions/install-gh-cli	2026-02-03T18:30:55.1116673Z Get:14 http://archive.ubuntu.com/ubuntu noble/main amd64 Packages [1808 kB]
end-workflow	Run /./.github/actions/install-gh-cli	2026-02-03T18:30:59.8316612Z Get:15 http://security.ubuntu.com/ubuntu noble-security/restricted amd64 Packages [3008 kB]
end-workflow	Run /./.github/actions/install-gh-cli	2026-02-03T18:30:59.8320290Z Get:16 http://archive.ubuntu.com/ubuntu noble/universe amd64 Packages [19.3 MB]
end-workflow	Run /./.github/actions/install-gh-cli	2026-02-03T18:31:07.9940557Z Get:17 http://archive.ubuntu.com/ubuntu noble-updates/universe amd64 Packages [1978 kB]
end-workflow	Run /./.github/actions/install-gh-cli	2026-02-03T18:31:09.4829118Z Get:18 http://archive.ubuntu.com/ubuntu noble-updates/main amd64 Packages [2178 kB]
end-workflow	Run /./.github/actions/install-gh-cli	2026-02-03T18:31:11.6952482Z Get:19 http://archive.ubuntu.com/ubuntu noble-updates/restricted amd64 Packages [3233 kB]
end-workflow	Run /./.github/actions/install-gh-cli	2026-02-03T18:31:16.9281161Z Get:20 http://archive.ubuntu.com/ubuntu noble-updates/multiverse amd64 Packages [38.1 kB]
end-workflow	Run /./.github/actions/install-gh-cli	2026-02-03T18:31:16.9456797Z Get:21 http://archive.ubuntu.com/ubuntu noble-backports/main amd64 Packages [49.5 kB]
end-workflow	Run /./.github/actions/install-gh-cli	2026-02-03T18:31:17.8460216Z Get:22 http://archive.ubuntu.com/ubuntu noble-backports/universe amd64 Packages [34.6 kB]
end-workflow	Run /./.github/actions/install-gh-cli	2026-02-03T18:31:28.5796627Z Fetched 35.8 MB in 32s (1129 kB/s)
end-workflow	Run /./.github/actions/install-gh-cli	2026-02-03T18:31:31.8971439Z Reading package lists...
end-workflow	Run /./.github/actions/install-gh-cli	2026-02-03T18:31:50.1024493Z Reading package lists...
end-workflow	Run /./.github/actions/install-gh-cli	2026-02-03T18:31:50.4459532Z Building dependency tree...
end-workflow	Run /./.github/actions/install-gh-cli	2026-02-03T18:31:50.4461509Z Reading state information...
end-workflow	Run /./.github/actions/install-gh-cli	2026-02-03T18:32:29.4518828Z The following NEW packages will be installed:
end-workflow	Run /./.github/actions/install-gh-cli	2026-02-03T18:32:29.4568679Z   gh
end-workflow	Run /./.github/actions/install-gh-cli	2026-02-03T18:32:29.5803472Z 0 upgraded, 1 newly installed, 0 to remove and 17 not upgraded.
end-workflow	Run /./.github/actions/install-gh-cli	2026-02-03T18:32:29.5805210Z Need to get 13.7 MB of archives.
end-workflow	Run /./.github/actions/install-gh-cli	2026-02-03T18:32:29.5806406Z After this operation, 37.9 MB of additional disk space will be used.
end-workflow	Run /./.github/actions/install-gh-cli	2026-02-03T18:32:29.5807613Z Get:1 https://cli.github.com/packages stable/main amd64 gh amd64 2.86.0 [13.7 MB]
end-workflow	Run /./.github/actions/install-gh-cli	2026-02-03T18:33:31.8220571Z debconf: delaying package configuration, since apt-utils is not installed
end-workflow	Run /./.github/actions/install-gh-cli	2026-02-03T18:33:39.0477110Z Fetched 13.7 MB in 10s (1308 kB/s)
end-workflow	Run /./.github/actions/install-gh-cli	2026-02-03T18:34:03.0201498Z Selecting previously unselected package gh.
end-workflow	Run /./.github/actions/install-gh-cli	2026-02-03T18:34:03.1044470Z (Reading database ... 
end-workflow	Run /./.github/actions/install-gh-cli	2026-02-03T18:34:03.1054730Z (Reading database ... 5%
end-workflow	Run /./.github/actions/install-gh-cli	2026-02-03T18:34:03.1055487Z (Reading database ... 10%
end-workflow	Run /./.github/actions/install-gh-cli	2026-02-03T18:34:03.1056110Z (Reading database ... 15%
end-workflow	Run /./.github/actions/install-gh-cli	2026-02-03T18:34:03.1056699Z (Reading database ... 20%
end-workflow	Run /./.github/actions/install-gh-cli	2026-02-03T18:34:03.1057286Z (Reading database ... 25%
end-workflow	Run /./.github/actions/install-gh-cli	2026-02-03T18:34:03.1057911Z (Reading database ... 30%
end-workflow	Run /./.github/actions/install-gh-cli	2026-02-03T18:34:03.1058533Z (Reading database ... 35%
end-workflow	Run /./.github/actions/install-gh-cli	2026-02-03T18:34:03.1059162Z (Reading database ... 40%
end-workflow	Run /./.github/actions/install-gh-cli	2026-02-03T18:34:03.1059814Z (Reading database ... 45%
end-workflow	Run /./.github/actions/install-gh-cli	2026-02-03T18:34:03.1060428Z (Reading database ... 50%
end-workflow	Run /./.github/actions/install-gh-cli	2026-02-03T18:34:03.1061077Z (Reading database ... 55%
end-workflow	Run /./.github/actions/install-gh-cli	2026-02-03T18:34:03.1061700Z (Reading database ... 60%
end-workflow	Run /./.github/actions/install-gh-cli	2026-02-03T18:34:03.1062309Z (Reading database ... 65%
end-workflow	Run /./.github/actions/install-gh-cli	2026-02-03T18:34:03.1062974Z (Reading database ... 70%
end-workflow	Run /./.github/actions/install-gh-cli	2026-02-03T18:34:03.1063603Z (Reading database ... 75%
end-workflow	Run /./.github/actions/install-gh-cli	2026-02-03T18:34:03.1064379Z (Reading database ... 80%
end-workflow	Run /./.github/actions/install-gh-cli	2026-02-03T18:34:03.1065005Z (Reading database ... 85%
end-workflow	Run /./.github/actions/install-gh-cli	2026-02-03T18:34:03.1065625Z (Reading database ... 90%
end-workflow	Run /./.github/actions/install-gh-cli	2026-02-03T18:34:03.1066236Z (Reading database ... 95%
end-workflow	Run /./.github/actions/install-gh-cli	2026-02-03T18:34:03.1066846Z (Reading database ... 100%
end-workflow	Run /./.github/actions/install-gh-cli	2026-02-03T18:34:03.1067820Z (Reading database ... 14385 files and directories currently installed.)
end-workflow	Run /./.github/actions/install-gh-cli	2026-02-03T18:34:03.1069112Z Preparing to unpack .../archives/gh_2.86.0_amd64.deb ...
end-workflow	Run /./.github/actions/install-gh-cli	2026-02-03T18:34:10.1011158Z Unpacking gh (2.86.0) ...
end-workflow	Run /./.github/actions/install-gh-cli	2026-02-03T18:35:40.5018745Z Setting up gh (2.86.0) ...
end-workflow	End Workflow	﻿2026-02-03T18:36:06.5907354Z ##[group]Run RNNUMBER=$(echo "refs/heads/H2438-arreglo-de-despliegue-itop" | grep -o '[0-9]*')
end-workflow	End Workflow	2026-02-03T18:36:06.5909401Z [36;1mRNNUMBER=$(echo "refs/heads/H2438-arreglo-de-despliegue-itop" | grep -o '[0-9]*')[0m
end-workflow	End Workflow	2026-02-03T18:36:06.5910763Z [36;1mgh workflow run inspector.yml --ref 'main' -f kaos-issue-id=$RNNUMBER -f kaos-workflow-id="21634871960" -f kaos-user-start=""[0m
end-workflow	End Workflow	2026-02-03T18:36:06.5924905Z shell: /usr/bin/bash -e {0}
end-workflow	End Workflow	2026-02-03T18:36:06.5925979Z env:
end-workflow	End Workflow	2026-02-03T18:36:06.5926506Z   KAOS_MODULE: [Ka0S] MDLINT
end-workflow	End Workflow	2026-02-03T18:36:06.5927508Z   GH_TOKEN: ***
end-workflow	End Workflow	2026-02-03T18:36:06.5927906Z   KAOS_MD_CONFIG: core/config/.markdownlint.json
end-workflow	End Workflow	2026-02-03T18:36:06.5928529Z   KAOS_PRETTIER_CONFIG: compliance/markdown/.prettierrc.json
end-workflow	End Workflow	2026-02-03T18:36:06.5929115Z   KAOS_PATH_RESUME: audit/mdlint/
end-workflow	End Workflow	2026-02-03T18:36:06.5929566Z   KAOS_REPO: /actions-runner/_work/kaos/kaos
end-workflow	End Workflow	2026-02-03T18:36:06.5930017Z   KAOS_STEP_MODULE: 
end-workflow	End Workflow	2026-02-03T18:36:06.5930355Z   KAOS_CODE: 21634871960
end-workflow	End Workflow	2026-02-03T18:36:06.5930699Z   KAOS_REF_BRANCH: main
end-workflow	End Workflow	2026-02-03T18:36:06.5943333Z ##[endgroup]
end-workflow	Post Run actions/checkout@v4	﻿2026-02-03T18:36:10.2180398Z Post job cleanup.
end-workflow	Post Run actions/checkout@v4	2026-02-03T18:36:10.9066559Z [command]/usr/bin/git version
end-workflow	Post Run actions/checkout@v4	2026-02-03T18:36:10.9445638Z git version 2.52.0
end-workflow	Post Run actions/checkout@v4	2026-02-03T18:36:10.9665662Z Temporarily overriding HOME='/home/runner/_work/_temp/c9de2ec6-fd95-44c6-aa93-c31d87ff529a' before making global git config changes
end-workflow	Post Run actions/checkout@v4	2026-02-03T18:36:10.9676685Z Adding repository directory to the temporary git global config as a safe directory
end-workflow	Post Run actions/checkout@v4	2026-02-03T18:36:10.9719798Z [command]/usr/bin/git config --global --add safe.directory /home/runner/_work/ka0s/ka0s
end-workflow	Post Run actions/checkout@v4	2026-02-03T18:36:12.3109290Z [command]/usr/bin/git config --local --name-only --get-regexp core\.sshCommand
end-workflow	Post Run actions/checkout@v4	2026-02-03T18:36:12.3314599Z [command]/usr/bin/git submodule foreach --recursive sh -c "git config --local --name-only --get-regexp 'core\.sshCommand' && git config --local --unset-all 'core.sshCommand' || :"
end-workflow	Post Run actions/checkout@v4	2026-02-03T18:36:12.4023742Z [command]/usr/bin/git config --local --name-only --get-regexp http\.https\:\/\/github\.com\/\.extraheader
end-workflow	Post Run actions/checkout@v4	2026-02-03T18:36:12.4117491Z http.https://github.com/.extraheader
end-workflow	Post Run actions/checkout@v4	2026-02-03T18:36:12.4128105Z [command]/usr/bin/git config --local --unset-all http.https://github.com/.extraheader
end-workflow	Post Run actions/checkout@v4	2026-02-03T18:36:12.6489951Z [command]/usr/bin/git submodule foreach --recursive sh -c "git config --local --name-only --get-regexp 'http\.https\:\/\/github\.com\/\.extraheader' && git config --local --unset-all 'http.https://github.com/.extraheader' || :"
end-workflow	Post Run actions/checkout@v4	2026-02-03T18:36:12.6901939Z [command]/usr/bin/git config --local --name-only --get-regexp ^includeIf\.gitdir:
end-workflow	Post Run actions/checkout@v4	2026-02-03T18:36:12.6997997Z [command]/usr/bin/git submodule foreach --recursive git config --local --show-origin --name-only --get-regexp remote.origin.url
end-workflow	Complete job	﻿2026-02-03T18:36:12.7730938Z Cleaning up orphan processes
