audit-pods	Set up job	ï»¿2026-02-06T16:34:36.9942637Z Current runner version: '2.331.0'
audit-pods	Set up job	2026-02-06T16:34:36.9958120Z Runner name: 'swarm-runners-scaleset-hkss5-runner-rlqdd'
audit-pods	Set up job	2026-02-06T16:34:36.9960451Z Runner group name: 'Default'
audit-pods	Set up job	2026-02-06T16:34:36.9962213Z Machine name: 'swarm-runners-scaleset-hkss5-runner-rlqdd'
audit-pods	Set up job	2026-02-06T16:34:36.9970330Z ##[group]GITHUB_TOKEN Permissions
audit-pods	Set up job	2026-02-06T16:34:36.9975023Z Actions: write
audit-pods	Set up job	2026-02-06T16:34:36.9975994Z Contents: write
audit-pods	Set up job	2026-02-06T16:34:36.9976865Z Issues: write
audit-pods	Set up job	2026-02-06T16:34:36.9978116Z Metadata: read
audit-pods	Set up job	2026-02-06T16:34:36.9979007Z ##[endgroup]
audit-pods	Set up job	2026-02-06T16:34:36.9982942Z Secret source: Actions
audit-pods	Set up job	2026-02-06T16:34:36.9984148Z Prepare workflow directory
audit-pods	Set up job	2026-02-06T16:34:37.1212297Z Prepare all required actions
audit-pods	Set up job	2026-02-06T16:34:37.1289657Z Getting action download info
audit-pods	Set up job	2026-02-06T16:34:37.8823069Z Download action repository 'actions/checkout@v4' (SHA:34e114876b0b11c390a56381ad16ebd13914f8d5)
audit-pods	Set up job	2026-02-06T16:34:38.9699193Z Complete job name: audit-pods
audit-pods	Checkout repository	ï»¿2026-02-06T16:34:39.1117909Z ##[group]Run actions/checkout@v4
audit-pods	Checkout repository	2026-02-06T16:34:39.1120225Z with:
audit-pods	Checkout repository	2026-02-06T16:34:39.1121364Z   repository: Ka0s-Klaus/ka0s
audit-pods	Checkout repository	2026-02-06T16:34:39.1123030Z   token: ***
audit-pods	Checkout repository	2026-02-06T16:34:39.1124081Z   ssh-strict: true
audit-pods	Checkout repository	2026-02-06T16:34:39.1125129Z   ssh-user: git
audit-pods	Checkout repository	2026-02-06T16:34:39.1126218Z   persist-credentials: true
audit-pods	Checkout repository	2026-02-06T16:34:39.1127610Z   clean: true
audit-pods	Checkout repository	2026-02-06T16:34:39.1128733Z   sparse-checkout-cone-mode: true
audit-pods	Checkout repository	2026-02-06T16:34:39.1129995Z   fetch-depth: 1
audit-pods	Checkout repository	2026-02-06T16:34:39.1131060Z   fetch-tags: false
audit-pods	Checkout repository	2026-02-06T16:34:39.1132170Z   show-progress: true
audit-pods	Checkout repository	2026-02-06T16:34:39.1133279Z   lfs: false
audit-pods	Checkout repository	2026-02-06T16:34:39.1134301Z   submodules: false
audit-pods	Checkout repository	2026-02-06T16:34:39.1135476Z   set-safe-directory: true
audit-pods	Checkout repository	2026-02-06T16:34:39.1137444Z env:
audit-pods	Checkout repository	2026-02-06T16:34:39.1138545Z   KAOS_MODULE: [Ka0S] Audit Pods
audit-pods	Checkout repository	2026-02-06T16:34:39.1139779Z   KAOS_CODE: 21757051689
audit-pods	Checkout repository	2026-02-06T16:34:39.1140912Z ##[endgroup]
audit-pods	Checkout repository	2026-02-06T16:34:44.7645779Z Syncing repository: Ka0s-Klaus/ka0s
audit-pods	Checkout repository	2026-02-06T16:34:44.7650491Z ##[group]Getting Git version info
audit-pods	Checkout repository	2026-02-06T16:34:44.7652064Z Working directory is '/home/runner/_work/ka0s/ka0s'
audit-pods	Checkout repository	2026-02-06T16:34:44.7654186Z [command]/usr/bin/git version
audit-pods	Checkout repository	2026-02-06T16:34:45.7009072Z git version 2.52.0
audit-pods	Checkout repository	2026-02-06T16:34:45.7433185Z ##[endgroup]
audit-pods	Checkout repository	2026-02-06T16:34:45.7552087Z Temporarily overriding HOME='/home/runner/_work/_temp/a614c965-fe36-4269-bb6d-d454a89e8d48' before making global git config changes
audit-pods	Checkout repository	2026-02-06T16:34:45.7563129Z Adding repository directory to the temporary git global config as a safe directory
audit-pods	Checkout repository	2026-02-06T16:34:45.7565778Z [command]/usr/bin/git config --global --add safe.directory /home/runner/_work/ka0s/ka0s
audit-pods	Checkout repository	2026-02-06T16:34:45.8275622Z Deleting the contents of '/home/runner/_work/ka0s/ka0s'
audit-pods	Checkout repository	2026-02-06T16:34:45.8290984Z ##[group]Initializing the repository
audit-pods	Checkout repository	2026-02-06T16:34:45.8325803Z [command]/usr/bin/git init /home/runner/_work/ka0s/ka0s
audit-pods	Checkout repository	2026-02-06T16:34:48.6093416Z hint: Using 'master' as the name for the initial branch. This default branch name
audit-pods	Checkout repository	2026-02-06T16:34:48.6104887Z hint: will change to "main" in Git 3.0. To configure the initial branch name
audit-pods	Checkout repository	2026-02-06T16:34:48.6107590Z hint: to use in all of your new repositories, which will suppress this warning,
audit-pods	Checkout repository	2026-02-06T16:34:48.6111310Z hint: call:
audit-pods	Checkout repository	2026-02-06T16:34:48.6112045Z hint:
audit-pods	Checkout repository	2026-02-06T16:34:48.6112920Z hint: 	git config --global init.defaultBranch <name>
audit-pods	Checkout repository	2026-02-06T16:34:48.6114004Z hint:
audit-pods	Checkout repository	2026-02-06T16:34:48.6115054Z hint: Names commonly chosen instead of 'master' are 'main', 'trunk' and
audit-pods	Checkout repository	2026-02-06T16:34:48.6116809Z hint: 'development'. The just-created branch can be renamed via this command:
audit-pods	Checkout repository	2026-02-06T16:34:48.6118301Z hint:
audit-pods	Checkout repository	2026-02-06T16:34:48.6119068Z hint: 	git branch -m <name>
audit-pods	Checkout repository	2026-02-06T16:34:48.6119852Z hint:
audit-pods	Checkout repository	2026-02-06T16:34:48.6121080Z hint: Disable this message with "git config set advice.defaultBranchName false"
audit-pods	Checkout repository	2026-02-06T16:34:48.6130512Z Initialized empty Git repository in /home/runner/_work/ka0s/ka0s/.git/
audit-pods	Checkout repository	2026-02-06T16:34:48.6194907Z [command]/usr/bin/git remote add origin https://github.com/Ka0s-Klaus/ka0s
audit-pods	Checkout repository	2026-02-06T16:34:48.9528208Z ##[endgroup]
audit-pods	Checkout repository	2026-02-06T16:34:48.9531202Z ##[group]Disabling automatic garbage collection
audit-pods	Checkout repository	2026-02-06T16:34:48.9532558Z [command]/usr/bin/git config --local gc.auto 0
audit-pods	Checkout repository	2026-02-06T16:34:48.9663038Z ##[endgroup]
audit-pods	Checkout repository	2026-02-06T16:34:48.9664397Z ##[group]Setting up auth
audit-pods	Checkout repository	2026-02-06T16:34:48.9689783Z [command]/usr/bin/git config --local --name-only --get-regexp core\.sshCommand
audit-pods	Checkout repository	2026-02-06T16:34:48.9816803Z [command]/usr/bin/git submodule foreach --recursive sh -c "git config --local --name-only --get-regexp 'core\.sshCommand' && git config --local --unset-all 'core.sshCommand' || :"
audit-pods	Checkout repository	2026-02-06T16:34:50.9784472Z [command]/usr/bin/git config --local --name-only --get-regexp http\.https\:\/\/github\.com\/\.extraheader
audit-pods	Checkout repository	2026-02-06T16:34:50.9858209Z [command]/usr/bin/git submodule foreach --recursive sh -c "git config --local --name-only --get-regexp 'http\.https\:\/\/github\.com\/\.extraheader' && git config --local --unset-all 'http.https://github.com/.extraheader' || :"
audit-pods	Checkout repository	2026-02-06T16:34:51.0513807Z [command]/usr/bin/git config --local --name-only --get-regexp ^includeIf\.gitdir:
audit-pods	Checkout repository	2026-02-06T16:34:51.0678554Z [command]/usr/bin/git submodule foreach --recursive git config --local --show-origin --name-only --get-regexp remote.origin.url
audit-pods	Checkout repository	2026-02-06T16:34:51.1181909Z [command]/usr/bin/git config --local http.https://github.com/.extraheader AUTHORIZATION: basic ***
audit-pods	Checkout repository	2026-02-06T16:34:51.1302640Z ##[endgroup]
audit-pods	Checkout repository	2026-02-06T16:34:51.1306372Z ##[group]Fetching the repository
audit-pods	Checkout repository	2026-02-06T16:34:51.1381034Z [command]/usr/bin/git -c protocol.version=2 fetch --no-tags --prune --no-recurse-submodules --depth=1 origin +3f8b59f48c24da5e943b21b44f36d01d3e2e1b80:refs/remotes/origin/main
audit-pods	Checkout repository	2026-02-06T16:35:26.0529099Z From https://github.com/Ka0s-Klaus/ka0s
audit-pods	Checkout repository	2026-02-06T16:35:26.0549284Z  * [new ref]         3f8b59f48c24da5e943b21b44f36d01d3e2e1b80 -> origin/main
audit-pods	Checkout repository	2026-02-06T16:35:26.0842775Z ##[endgroup]
audit-pods	Checkout repository	2026-02-06T16:35:26.0844236Z ##[group]Determining the checkout info
audit-pods	Checkout repository	2026-02-06T16:35:26.0845779Z ##[endgroup]
audit-pods	Checkout repository	2026-02-06T16:35:26.0989063Z [command]/usr/bin/git sparse-checkout disable
audit-pods	Checkout repository	2026-02-06T16:35:26.2568154Z [command]/usr/bin/git config --local --unset-all extensions.worktreeConfig
audit-pods	Checkout repository	2026-02-06T16:35:26.9950149Z ##[group]Checking out the ref
audit-pods	Checkout repository	2026-02-06T16:35:27.0012663Z [command]/usr/bin/git checkout --progress --force -B main refs/remotes/origin/main
audit-pods	Checkout repository	2026-02-06T16:35:28.0949844Z Updating files:  51% (815/1582)
audit-pods	Checkout repository	2026-02-06T16:35:28.5772841Z Updating files:  52% (823/1582)
audit-pods	Checkout repository	2026-02-06T16:35:28.5865056Z Updating files:  53% (839/1582)
audit-pods	Checkout repository	2026-02-06T16:35:28.5922547Z Updating files:  54% (855/1582)
audit-pods	Checkout repository	2026-02-06T16:35:28.5955759Z Updating files:  55% (871/1582)
audit-pods	Checkout repository	2026-02-06T16:35:28.5982384Z Updating files:  56% (886/1582)
audit-pods	Checkout repository	2026-02-06T16:35:28.6024627Z Updating files:  57% (902/1582)
audit-pods	Checkout repository	2026-02-06T16:35:28.6043682Z Updating files:  58% (918/1582)
audit-pods	Checkout repository	2026-02-06T16:35:28.6089310Z Updating files:  59% (934/1582)
audit-pods	Checkout repository	2026-02-06T16:35:28.6159779Z Updating files:  60% (950/1582)
audit-pods	Checkout repository	2026-02-06T16:35:28.6178250Z Updating files:  61% (966/1582)
audit-pods	Checkout repository	2026-02-06T16:35:28.6242795Z Updating files:  62% (981/1582)
audit-pods	Checkout repository	2026-02-06T16:35:28.7022689Z Updating files:  63% (997/1582)
audit-pods	Checkout repository	2026-02-06T16:35:28.7068355Z Updating files:  64% (1013/1582)
audit-pods	Checkout repository	2026-02-06T16:35:28.7130477Z Updating files:  65% (1029/1582)
audit-pods	Checkout repository	2026-02-06T16:35:28.7205806Z Updating files:  66% (1045/1582)
audit-pods	Checkout repository	2026-02-06T16:35:28.7255378Z Updating files:  67% (1060/1582)
audit-pods	Checkout repository	2026-02-06T16:35:28.7286134Z Updating files:  68% (1076/1582)
audit-pods	Checkout repository	2026-02-06T16:35:28.9835039Z Updating files:  69% (1092/1582)
audit-pods	Checkout repository	2026-02-06T16:35:28.9839368Z Updating files:  70% (1108/1582)
audit-pods	Checkout repository	2026-02-06T16:35:28.9979159Z Updating files:  71% (1124/1582)
audit-pods	Checkout repository	2026-02-06T16:35:28.9982211Z Updating files:  72% (1140/1582)
audit-pods	Checkout repository	2026-02-06T16:35:28.9991343Z Updating files:  73% (1155/1582)
audit-pods	Checkout repository	2026-02-06T16:35:29.0079336Z Updating files:  74% (1171/1582)
audit-pods	Checkout repository	2026-02-06T16:35:29.0080411Z Updating files:  75% (1187/1582)
audit-pods	Checkout repository	2026-02-06T16:35:29.0116775Z Updating files:  76% (1203/1582)
audit-pods	Checkout repository	2026-02-06T16:35:29.0151730Z Updating files:  77% (1219/1582)
audit-pods	Checkout repository	2026-02-06T16:35:29.0431693Z Updating files:  78% (1234/1582)
audit-pods	Checkout repository	2026-02-06T16:35:29.0458967Z Updating files:  78% (1239/1582)
audit-pods	Checkout repository	2026-02-06T16:35:29.0460415Z Updating files:  79% (1250/1582)
audit-pods	Checkout repository	2026-02-06T16:35:29.0479965Z Updating files:  80% (1266/1582)
audit-pods	Checkout repository	2026-02-06T16:35:29.0491503Z Updating files:  81% (1282/1582)
audit-pods	Checkout repository	2026-02-06T16:35:29.0509707Z Updating files:  82% (1298/1582)
audit-pods	Checkout repository	2026-02-06T16:35:29.0607952Z Updating files:  83% (1314/1582)
audit-pods	Checkout repository	2026-02-06T16:35:29.0630649Z Updating files:  84% (1329/1582)
audit-pods	Checkout repository	2026-02-06T16:35:29.2231046Z Updating files:  85% (1345/1582)
audit-pods	Checkout repository	2026-02-06T16:35:29.3397890Z Updating files:  86% (1361/1582)
audit-pods	Checkout repository	2026-02-06T16:35:29.5190444Z Updating files:  87% (1377/1582)
audit-pods	Checkout repository	2026-02-06T16:35:29.8770081Z Updating files:  88% (1393/1582)
audit-pods	Checkout repository	2026-02-06T16:35:30.0239414Z Updating files:  89% (1408/1582)
audit-pods	Checkout repository	2026-02-06T16:35:30.1118994Z Updating files:  89% (1419/1582)
audit-pods	Checkout repository	2026-02-06T16:35:30.4407454Z Updating files:  90% (1424/1582)
audit-pods	Checkout repository	2026-02-06T16:35:31.0596475Z Updating files:  91% (1440/1582)
audit-pods	Checkout repository	2026-02-06T16:35:31.2285934Z Updating files:  91% (1453/1582)
audit-pods	Checkout repository	2026-02-06T16:35:31.3840165Z Updating files:  92% (1456/1582)
audit-pods	Checkout repository	2026-02-06T16:35:31.3851664Z Updating files:  93% (1472/1582)
audit-pods	Checkout repository	2026-02-06T16:35:31.3948070Z Updating files:  94% (1488/1582)
audit-pods	Checkout repository	2026-02-06T16:35:31.4601894Z Updating files:  95% (1503/1582)
audit-pods	Checkout repository	2026-02-06T16:35:31.4624371Z Updating files:  96% (1519/1582)
audit-pods	Checkout repository	2026-02-06T16:35:31.4679209Z Updating files:  97% (1535/1582)
audit-pods	Checkout repository	2026-02-06T16:35:31.4708740Z Updating files:  98% (1551/1582)
audit-pods	Checkout repository	2026-02-06T16:35:31.4741547Z Updating files:  99% (1567/1582)
audit-pods	Checkout repository	2026-02-06T16:35:31.4747247Z Updating files: 100% (1582/1582)
audit-pods	Checkout repository	2026-02-06T16:35:31.4750188Z Updating files: 100% (1582/1582), done.
audit-pods	Checkout repository	2026-02-06T16:35:33.5800682Z Switched to a new branch 'main'
audit-pods	Checkout repository	2026-02-06T16:35:33.5807259Z branch 'main' set up to track 'origin/main'.
audit-pods	Checkout repository	2026-02-06T16:35:33.6284097Z ##[endgroup]
audit-pods	Checkout repository	2026-02-06T16:35:33.6445550Z [command]/usr/bin/git log -1 --format=%H
audit-pods	Checkout repository	2026-02-06T16:35:33.6520788Z 3f8b59f48c24da5e943b21b44f36d01d3e2e1b80
audit-pods	Execute Audit Script	ï»¿2026-02-06T16:35:33.7574427Z Prepare all required actions
audit-pods	Execute Audit Script	2026-02-06T16:35:34.4516650Z ##[group]Run ./.github/actions/ssh-exec
audit-pods	Execute Audit Script	2026-02-06T16:35:34.4517799Z with:
audit-pods	Execute Audit Script	2026-02-06T16:35:34.4518951Z   host: ***
audit-pods	Execute Audit Script	2026-02-06T16:35:34.4519707Z   username: ***
audit-pods	Execute Audit Script	2026-02-06T16:35:34.4527795Z   key: ***
audit-pods	Execute Audit Script	2026-02-06T16:35:34.4528539Z   port: ***
audit-pods	Execute Audit Script	2026-02-06T16:35:34.4529196Z   use-sudo: true
audit-pods	Execute Audit Script	2026-02-06T16:35:34.4529944Z   pass: ***
audit-pods	Execute Audit Script	2026-02-06T16:35:34.4530822Z   script-path: devops/core/k8s/audit-failed-pods.sh
audit-pods	Execute Audit Script	2026-02-06T16:35:34.4532030Z   remote-results-path: /tmp/results
audit-pods	Execute Audit Script	2026-02-06T16:35:34.4533022Z   local-results-path: audit/kube/
audit-pods	Execute Audit Script	2026-02-06T16:35:34.4533968Z   remote-tmp-dir: /tmp
audit-pods	Execute Audit Script	2026-02-06T16:35:34.4534718Z env:
audit-pods	Execute Audit Script	2026-02-06T16:35:34.4535361Z   KAOS_MODULE: [Ka0S] Audit Pods
audit-pods	Execute Audit Script	2026-02-06T16:35:34.4536245Z   KAOS_CODE: 21757051689
audit-pods	Execute Audit Script	2026-02-06T16:35:34.4537125Z ##[endgroup]
audit-pods	Execute Audit Script	2026-02-06T16:35:35.1010330Z ##[group]Run echo "***
audit-pods	Execute Audit Script	2026-02-06T16:35:35.1011482Z [36;1mecho "***[0m
audit-pods	Execute Audit Script	2026-02-06T16:35:35.1013038Z [36;1m***[0m
audit-pods	Execute Audit Script	2026-02-06T16:35:35.1014521Z [36;1m***[0m
audit-pods	Execute Audit Script	2026-02-06T16:35:35.1016086Z [36;1m***[0m
audit-pods	Execute Audit Script	2026-02-06T16:35:35.1017879Z [36;1m***[0m
audit-pods	Execute Audit Script	2026-02-06T16:35:35.1019228Z [36;1m***[0m
audit-pods	Execute Audit Script	2026-02-06T16:35:35.1020429Z [36;1m***" > /home/runner/_work/_temp/ssh_key[0m
audit-pods	Execute Audit Script	2026-02-06T16:35:35.1024049Z [36;1mchmod 600 /home/runner/_work/_temp/ssh_key[0m
audit-pods	Execute Audit Script	2026-02-06T16:35:35.1055420Z shell: /usr/bin/bash --noprofile --norc -e -o pipefail {0}
audit-pods	Execute Audit Script	2026-02-06T16:35:35.1057391Z env:
audit-pods	Execute Audit Script	2026-02-06T16:35:35.1058277Z   KAOS_MODULE: [Ka0S] Audit Pods
audit-pods	Execute Audit Script	2026-02-06T16:35:35.1059337Z   KAOS_CODE: 21757051689
audit-pods	Execute Audit Script	2026-02-06T16:35:35.1060277Z ##[endgroup]
audit-pods	Execute Audit Script	2026-02-06T16:35:36.1744515Z ##[group]Run scp -o StrictHostKeyChecking=no -i /home/runner/_work/_temp/ssh_key -P *** devops/core/k8s/audit-failed-pods.sh ***@***:/tmp
audit-pods	Execute Audit Script	2026-02-06T16:35:36.1749918Z [36;1mscp -o StrictHostKeyChecking=no -i /home/runner/_work/_temp/ssh_key -P *** devops/core/k8s/audit-failed-pods.sh ***@***:/tmp[0m
audit-pods	Execute Audit Script	2026-02-06T16:35:36.1772352Z shell: /usr/bin/bash --noprofile --norc -e -o pipefail {0}
audit-pods	Execute Audit Script	2026-02-06T16:35:36.1773822Z env:
audit-pods	Execute Audit Script	2026-02-06T16:35:36.1774301Z   KAOS_MODULE: [Ka0S] Audit Pods
audit-pods	Execute Audit Script	2026-02-06T16:35:36.1774967Z   KAOS_CODE: 21757051689
audit-pods	Execute Audit Script	2026-02-06T16:35:36.1775824Z ##[endgroup]
audit-pods	Execute Audit Script	2026-02-06T16:35:41.1296650Z Warning: Permanently added '[***]:***' (ED25519) to the list of known hosts.
audit-pods	Execute Audit Script	2026-02-06T16:35:44.2334398Z ##[group]Run REMOTE_SCRIPT_PATH="/tmp/$(basename devops/core/k8s/audit-failed-pods.sh)"
audit-pods	Execute Audit Script	2026-02-06T16:35:44.2336550Z [36;1mREMOTE_SCRIPT_PATH="/tmp/$(basename devops/core/k8s/audit-failed-pods.sh)"[0m
audit-pods	Execute Audit Script	2026-02-06T16:35:44.2338609Z [36;1mEXEC_COMMAND="chmod +x $REMOTE_SCRIPT_PATH && $REMOTE_SCRIPT_PATH "[0m
audit-pods	Execute Audit Script	2026-02-06T16:35:44.2340098Z [36;1mif [[ "true" == "true" ]]; then[0m
audit-pods	Execute Audit Script	2026-02-06T16:35:44.2342636Z [36;1m  SUDO_PREFIX="echo '***' | sudo -S"[0m
audit-pods	Execute Audit Script	2026-02-06T16:35:44.2344081Z [36;1m  COMMAND_CHAIN="$SUDO_PREFIX bash -c '$EXEC_COMMAND'"[0m
audit-pods	Execute Audit Script	2026-02-06T16:35:44.2345412Z [36;1m  if [[ "/tmp/results" != "" ]]; then[0m
audit-pods	Execute Audit Script	2026-02-06T16:35:44.2346926Z [36;1m    COMMAND_CHAIN="$COMMAND_CHAIN && $SUDO_PREFIX chmod -R 777 /tmp/results"[0m
audit-pods	Execute Audit Script	2026-02-06T16:35:44.2348507Z [36;1m  fi[0m
audit-pods	Execute Audit Script	2026-02-06T16:35:44.2350682Z [36;1m  ssh -o StrictHostKeyChecking=no -i /home/runner/_work/_temp/ssh_key -p *** ***@*** "$COMMAND_CHAIN && rm $REMOTE_SCRIPT_PATH"[0m
audit-pods	Execute Audit Script	2026-02-06T16:35:44.2352799Z [36;1melse[0m
audit-pods	Execute Audit Script	2026-02-06T16:35:44.2401623Z [36;1m  ssh -o StrictHostKeyChecking=no -i /home/runner/_work/_temp/ssh_key -p *** ***@*** "$EXEC_COMMAND && rm $REMOTE_SCRIPT_PATH"[0m
audit-pods	Execute Audit Script	2026-02-06T16:35:44.2408546Z [36;1mfi[0m
audit-pods	Execute Audit Script	2026-02-06T16:35:44.2443159Z shell: /usr/bin/bash --noprofile --norc -e -o pipefail {0}
audit-pods	Execute Audit Script	2026-02-06T16:35:44.2444404Z env:
audit-pods	Execute Audit Script	2026-02-06T16:35:44.2445065Z   KAOS_MODULE: [Ka0S] Audit Pods
audit-pods	Execute Audit Script	2026-02-06T16:35:44.2445998Z   KAOS_CODE: 21757051689
audit-pods	Execute Audit Script	2026-02-06T16:35:44.2446766Z ##[endgroup]
audit-pods	Execute Audit Script	2026-02-06T16:35:46.9049671Z [INFO] Iniciando auditorÃ­a de pods fallidos...
audit-pods	Execute Audit Script	2026-02-06T16:35:46.9050854Z [INFO] Directorio de salida: /tmp/results
audit-pods	Execute Audit Script	2026-02-06T16:35:47.4609328Z [SUCCESS] AuditorÃ­a finalizada. Se encontraron 5 pods con problemas.
audit-pods	Execute Audit Script	2026-02-06T16:35:47.4613198Z [INFO] Resultado guardado en: /tmp/results/failed_pods.json
audit-pods	Execute Audit Script	2026-02-06T16:35:47.4916009Z [sudo] password for ***: 
audit-pods	Execute Audit Script	2026-02-06T16:35:47.8688586Z ##[group]Run mkdir -p audit/kube/
audit-pods	Execute Audit Script	2026-02-06T16:35:47.8689575Z [36;1mmkdir -p audit/kube/[0m
audit-pods	Execute Audit Script	2026-02-06T16:35:47.8691791Z [36;1mscp -o StrictHostKeyChecking=no -r -i /home/runner/_work/_temp/ssh_key -P *** ***@***:/tmp/results/* audit/kube/[0m
audit-pods	Execute Audit Script	2026-02-06T16:35:47.8693882Z [36;1mecho "path=audit/kube/" >> $GITHUB_OUTPUT[0m
audit-pods	Execute Audit Script	2026-02-06T16:35:47.8746104Z shell: /usr/bin/bash --noprofile --norc -e -o pipefail {0}
audit-pods	Execute Audit Script	2026-02-06T16:35:47.8747520Z env:
audit-pods	Execute Audit Script	2026-02-06T16:35:47.8747947Z   KAOS_MODULE: [Ka0S] Audit Pods
audit-pods	Execute Audit Script	2026-02-06T16:35:47.8748478Z   KAOS_CODE: 21757051689
audit-pods	Execute Audit Script	2026-02-06T16:35:47.8748942Z ##[endgroup]
audit-pods	Commit Results	ï»¿2026-02-06T16:35:50.4990304Z ##[group]Run git config --global user.name "Ka0s Bot"
audit-pods	Commit Results	2026-02-06T16:35:50.4991736Z [36;1mgit config --global user.name "Ka0s Bot"[0m
audit-pods	Commit Results	2026-02-06T16:35:50.4993063Z [36;1mgit config --global user.email "bot@ka0s.io"[0m
audit-pods	Commit Results	2026-02-06T16:35:50.4994357Z [36;1mgit add audit/kube/failed_pods.json[0m
audit-pods	Commit Results	2026-02-06T16:35:50.4995506Z [36;1mif ! git diff --staged --quiet; then[0m
audit-pods	Commit Results	2026-02-06T16:35:50.5002832Z [36;1m  git commit -m "[Audit] Update failed pods report $(date +'%Y-%m-%d %H:%M')"[0m
audit-pods	Commit Results	2026-02-06T16:35:50.5004332Z [36;1m  git push[0m
audit-pods	Commit Results	2026-02-06T16:35:50.5004981Z [36;1melse[0m
audit-pods	Commit Results	2026-02-06T16:35:50.5005698Z [36;1m  echo "No changes in failed pods report."[0m
audit-pods	Commit Results	2026-02-06T16:35:50.5006701Z [36;1mfi[0m
audit-pods	Commit Results	2026-02-06T16:35:50.5023156Z shell: /usr/bin/bash -e {0}
audit-pods	Commit Results	2026-02-06T16:35:50.5023987Z env:
audit-pods	Commit Results	2026-02-06T16:35:50.5024655Z   KAOS_MODULE: [Ka0S] Audit Pods
audit-pods	Commit Results	2026-02-06T16:35:50.5025615Z   KAOS_CODE: 21757051689
audit-pods	Commit Results	2026-02-06T16:35:50.5026412Z ##[endgroup]
audit-pods	Commit Results	2026-02-06T16:35:56.3883725Z [main 3fe5496] [Audit] Update failed pods report 2026-02-06 16:35
audit-pods	Commit Results	2026-02-06T16:35:56.3885324Z  1 file changed, 304 insertions(+), 1790 deletions(-)
audit-pods	Commit Results	2026-02-06T16:35:56.9693167Z To https://github.com/Ka0s-Klaus/ka0s
audit-pods	Commit Results	2026-02-06T16:35:56.9709543Z  ! [rejected]        main -> main (fetch first)
audit-pods	Commit Results	2026-02-06T16:35:56.9711676Z error: failed to push some refs to 'https://github.com/Ka0s-Klaus/ka0s'
audit-pods	Commit Results	2026-02-06T16:35:56.9714947Z hint: Updates were rejected because the remote contains work that you do not
audit-pods	Commit Results	2026-02-06T16:35:56.9717277Z hint: have locally. This is usually caused by another repository pushing to
audit-pods	Commit Results	2026-02-06T16:35:56.9719208Z hint: the same ref. If you want to integrate the remote changes, use
audit-pods	Commit Results	2026-02-06T16:35:56.9721399Z hint: 'git pull' before pushing again.
audit-pods	Commit Results	2026-02-06T16:35:56.9722461Z hint: See the 'Note about fast-forwards' in 'git push --help' for details.
audit-pods	Commit Results	2026-02-06T16:35:56.9744455Z ##[error]Process completed with exit code 1.
audit-pods	Post Checkout repository	ï»¿2026-02-06T16:35:57.0144757Z Post job cleanup.
audit-pods	Post Checkout repository	2026-02-06T16:35:57.3127634Z [command]/usr/bin/git version
audit-pods	Post Checkout repository	2026-02-06T16:35:57.3290675Z git version 2.52.0
audit-pods	Post Checkout repository	2026-02-06T16:35:57.3421876Z Copying '/home/runner/.gitconfig' to '/home/runner/_work/_temp/866b726f-218e-4ae4-a7ad-8b0739b21c6c/.gitconfig'
audit-pods	Post Checkout repository	2026-02-06T16:35:58.3083902Z Temporarily overriding HOME='/home/runner/_work/_temp/866b726f-218e-4ae4-a7ad-8b0739b21c6c' before making global git config changes
audit-pods	Post Checkout repository	2026-02-06T16:35:58.3093236Z Adding repository directory to the temporary git global config as a safe directory
audit-pods	Post Checkout repository	2026-02-06T16:35:58.3108687Z [command]/usr/bin/git config --global --add safe.directory /home/runner/_work/ka0s/ka0s
audit-pods	Post Checkout repository	2026-02-06T16:35:58.3228948Z [command]/usr/bin/git config --local --name-only --get-regexp core\.sshCommand
audit-pods	Post Checkout repository	2026-02-06T16:35:58.3369429Z [command]/usr/bin/git submodule foreach --recursive sh -c "git config --local --name-only --get-regexp 'core\.sshCommand' && git config --local --unset-all 'core.sshCommand' || :"
audit-pods	Post Checkout repository	2026-02-06T16:35:58.4011567Z [command]/usr/bin/git config --local --name-only --get-regexp http\.https\:\/\/github\.com\/\.extraheader
audit-pods	Post Checkout repository	2026-02-06T16:35:58.4075831Z http.https://github.com/.extraheader
audit-pods	Post Checkout repository	2026-02-06T16:35:58.4126282Z [command]/usr/bin/git config --local --unset-all http.https://github.com/.extraheader
audit-pods	Post Checkout repository	2026-02-06T16:35:58.4415956Z [command]/usr/bin/git submodule foreach --recursive sh -c "git config --local --name-only --get-regexp 'http\.https\:\/\/github\.com\/\.extraheader' && git config --local --unset-all 'http.https://github.com/.extraheader' || :"
audit-pods	Post Checkout repository	2026-02-06T16:35:58.4993579Z [command]/usr/bin/git config --local --name-only --get-regexp ^includeIf\.gitdir:
audit-pods	Post Checkout repository	2026-02-06T16:35:58.5062869Z [command]/usr/bin/git submodule foreach --recursive git config --local --show-origin --name-only --get-regexp remote.origin.url
audit-pods	Complete job	ï»¿2026-02-06T16:35:58.6210173Z Cleaning up orphan processes
handle_failure	Set up job	ï»¿2026-02-06T16:42:23.1182426Z Current runner version: '2.331.0'
handle_failure	Set up job	2026-02-06T16:42:23.1229978Z Runner name: 'swarm-runners-scaleset-hkss5-runner-cg6ml'
handle_failure	Set up job	2026-02-06T16:42:23.1232712Z Runner group name: 'Default'
handle_failure	Set up job	2026-02-06T16:42:23.1235666Z Machine name: 'swarm-runners-scaleset-hkss5-runner-cg6ml'
handle_failure	Set up job	2026-02-06T16:42:23.1245734Z ##[group]GITHUB_TOKEN Permissions
handle_failure	Set up job	2026-02-06T16:42:23.1266403Z Actions: write
handle_failure	Set up job	2026-02-06T16:42:23.1268321Z Contents: write
handle_failure	Set up job	2026-02-06T16:42:23.1269991Z Issues: write
handle_failure	Set up job	2026-02-06T16:42:23.1271458Z Metadata: read
handle_failure	Set up job	2026-02-06T16:42:23.1272960Z ##[endgroup]
handle_failure	Set up job	2026-02-06T16:42:23.1282860Z Secret source: Actions
handle_failure	Set up job	2026-02-06T16:42:23.1285719Z Prepare workflow directory
handle_failure	Set up job	2026-02-06T16:42:23.5795673Z Prepare all required actions
handle_failure	Set up job	2026-02-06T16:42:23.6833949Z Complete job name: handle_failure
handle_failure	Run echo "Error detected in [Ka0S] Audit Pods, creating issue..."	ï»¿2026-02-06T16:42:24.4264842Z ##[group]Run echo "Error detected in [Ka0S] Audit Pods, creating issue..."
handle_failure	Run echo "Error detected in [Ka0S] Audit Pods, creating issue..."	2026-02-06T16:42:24.4304779Z [36;1mecho "Error detected in [Ka0S] Audit Pods, creating issue..."[0m
handle_failure	Run echo "Error detected in [Ka0S] Audit Pods, creating issue..."	2026-02-06T16:42:24.4825557Z shell: /usr/bin/bash -e {0}
handle_failure	Run echo "Error detected in [Ka0S] Audit Pods, creating issue..."	2026-02-06T16:42:24.4829311Z env:
handle_failure	Run echo "Error detected in [Ka0S] Audit Pods, creating issue..."	2026-02-06T16:42:24.4830645Z   KAOS_MODULE: [Ka0S] Audit Pods
handle_failure	Run echo "Error detected in [Ka0S] Audit Pods, creating issue..."	2026-02-06T16:42:24.4832138Z   KAOS_CODE: 21757051689
handle_failure	Run echo "Error detected in [Ka0S] Audit Pods, creating issue..."	2026-02-06T16:42:24.4833414Z ##[endgroup]
handle_failure	Run echo "Error detected in [Ka0S] Audit Pods, creating issue..."	2026-02-06T16:42:25.0082899Z Error detected in [Ka0S] Audit Pods, creating issue...
handle_failure	Complete job	ï»¿2026-02-06T16:42:25.0656214Z Cleaning up orphan processes
end-workflow	Set up job	ï»¿2026-02-06T16:44:45.4244910Z Current runner version: '2.331.0'
end-workflow	Set up job	2026-02-06T16:44:45.4261574Z Runner name: 'swarm-runners-scaleset-hkss5-runner-54g4t'
end-workflow	Set up job	2026-02-06T16:44:45.4264671Z Runner group name: 'Default'
end-workflow	Set up job	2026-02-06T16:44:45.4266488Z Machine name: 'swarm-runners-scaleset-hkss5-runner-54g4t'
end-workflow	Set up job	2026-02-06T16:44:45.4275231Z ##[group]GITHUB_TOKEN Permissions
end-workflow	Set up job	2026-02-06T16:44:45.4281231Z Actions: write
end-workflow	Set up job	2026-02-06T16:44:45.4282428Z Contents: write
end-workflow	Set up job	2026-02-06T16:44:45.4283273Z Issues: write
end-workflow	Set up job	2026-02-06T16:44:45.4284148Z Metadata: read
end-workflow	Set up job	2026-02-06T16:44:45.4285086Z ##[endgroup]
end-workflow	Set up job	2026-02-06T16:44:45.4290079Z Secret source: Actions
end-workflow	Set up job	2026-02-06T16:44:45.4291318Z Prepare workflow directory
end-workflow	Set up job	2026-02-06T16:44:46.3899537Z Prepare all required actions
end-workflow	Set up job	2026-02-06T16:44:46.3970014Z Getting action download info
end-workflow	Set up job	2026-02-06T16:44:46.9083450Z Download action repository 'actions/checkout@v4' (SHA:34e114876b0b11c390a56381ad16ebd13914f8d5)
end-workflow	Set up job	2026-02-06T16:44:53.9467252Z Complete job name: end-workflow
end-workflow	Checkout code	ï»¿2026-02-06T16:44:54.0556532Z ##[group]Run actions/checkout@v4
end-workflow	Checkout code	2026-02-06T16:44:54.0654465Z with:
end-workflow	Checkout code	2026-02-06T16:44:54.0655567Z   fetch-depth: 0
end-workflow	Checkout code	2026-02-06T16:44:54.0656368Z   repository: Ka0s-Klaus/ka0s
end-workflow	Checkout code	2026-02-06T16:44:54.0657949Z   token: ***
end-workflow	Checkout code	2026-02-06T16:44:54.0658670Z   ssh-strict: true
end-workflow	Checkout code	2026-02-06T16:44:54.0659426Z   ssh-user: git
end-workflow	Checkout code	2026-02-06T16:44:54.0660117Z   persist-credentials: true
end-workflow	Checkout code	2026-02-06T16:44:54.0660880Z   clean: true
end-workflow	Checkout code	2026-02-06T16:44:54.0661628Z   sparse-checkout-cone-mode: true
end-workflow	Checkout code	2026-02-06T16:44:54.0662575Z   fetch-tags: false
end-workflow	Checkout code	2026-02-06T16:44:54.0663324Z   show-progress: true
end-workflow	Checkout code	2026-02-06T16:44:54.0664123Z   lfs: false
end-workflow	Checkout code	2026-02-06T16:44:54.0664850Z   submodules: false
end-workflow	Checkout code	2026-02-06T16:44:54.0665645Z   set-safe-directory: true
end-workflow	Checkout code	2026-02-06T16:44:54.0668663Z env:
end-workflow	Checkout code	2026-02-06T16:44:54.0669412Z   KAOS_MODULE: [Ka0S] Audit Pods
end-workflow	Checkout code	2026-02-06T16:44:54.0670380Z   KAOS_CODE: 21757051689
end-workflow	Checkout code	2026-02-06T16:44:54.0671663Z   GH_TOKEN: ***
end-workflow	Checkout code	2026-02-06T16:44:54.0672383Z ##[endgroup]
end-workflow	Checkout code	2026-02-06T16:44:54.2850898Z Syncing repository: Ka0s-Klaus/ka0s
end-workflow	Checkout code	2026-02-06T16:44:54.2854915Z ##[group]Getting Git version info
end-workflow	Checkout code	2026-02-06T16:44:54.2856156Z Working directory is '/home/runner/_work/ka0s/ka0s'
end-workflow	Checkout code	2026-02-06T16:44:54.2858136Z [command]/usr/bin/git version
end-workflow	Checkout code	2026-02-06T16:44:54.2859089Z git version 2.52.0
end-workflow	Checkout code	2026-02-06T16:44:54.2877907Z ##[endgroup]
end-workflow	Checkout code	2026-02-06T16:44:54.2910249Z Temporarily overriding HOME='/home/runner/_work/_temp/e3fd78a4-f1d3-4898-8430-83c3fe6fc31f' before making global git config changes
end-workflow	Checkout code	2026-02-06T16:44:54.2913655Z Adding repository directory to the temporary git global config as a safe directory
end-workflow	Checkout code	2026-02-06T16:44:54.2925923Z [command]/usr/bin/git config --global --add safe.directory /home/runner/_work/ka0s/ka0s
end-workflow	Checkout code	2026-02-06T16:44:54.8269315Z Deleting the contents of '/home/runner/_work/ka0s/ka0s'
end-workflow	Checkout code	2026-02-06T16:44:54.8281318Z ##[group]Initializing the repository
end-workflow	Checkout code	2026-02-06T16:44:54.8311578Z [command]/usr/bin/git init /home/runner/_work/ka0s/ka0s
end-workflow	Checkout code	2026-02-06T16:44:57.7917456Z hint: Using 'master' as the name for the initial branch. This default branch name
end-workflow	Checkout code	2026-02-06T16:44:57.7919270Z hint: will change to "main" in Git 3.0. To configure the initial branch name
end-workflow	Checkout code	2026-02-06T16:44:57.7920889Z hint: to use in all of your new repositories, which will suppress this warning,
end-workflow	Checkout code	2026-02-06T16:44:57.7922161Z hint: call:
end-workflow	Checkout code	2026-02-06T16:44:57.7922675Z hint:
end-workflow	Checkout code	2026-02-06T16:44:57.7923452Z hint: 	git config --global init.defaultBranch <name>
end-workflow	Checkout code	2026-02-06T16:44:57.7924356Z hint:
end-workflow	Checkout code	2026-02-06T16:44:57.7925190Z hint: Names commonly chosen instead of 'master' are 'main', 'trunk' and
end-workflow	Checkout code	2026-02-06T16:44:57.7926724Z hint: 'development'. The just-created branch can be renamed via this command:
end-workflow	Checkout code	2026-02-06T16:44:57.7927680Z hint:
end-workflow	Checkout code	2026-02-06T16:44:57.7928013Z hint: 	git branch -m <name>
end-workflow	Checkout code	2026-02-06T16:44:57.7928396Z hint:
end-workflow	Checkout code	2026-02-06T16:44:57.7928955Z hint: Disable this message with "git config set advice.defaultBranchName false"
end-workflow	Checkout code	2026-02-06T16:44:57.7930321Z Initialized empty Git repository in /home/runner/_work/ka0s/ka0s/.git/
end-workflow	Checkout code	2026-02-06T16:44:57.7949657Z [command]/usr/bin/git remote add origin https://github.com/Ka0s-Klaus/ka0s
end-workflow	Checkout code	2026-02-06T16:44:58.3665497Z ##[endgroup]
end-workflow	Checkout code	2026-02-06T16:44:58.3680477Z ##[group]Disabling automatic garbage collection
end-workflow	Checkout code	2026-02-06T16:44:58.3694333Z [command]/usr/bin/git config --local gc.auto 0
end-workflow	Checkout code	2026-02-06T16:44:58.3840950Z ##[endgroup]
end-workflow	Checkout code	2026-02-06T16:44:58.3842157Z ##[group]Setting up auth
end-workflow	Checkout code	2026-02-06T16:44:58.3861023Z [command]/usr/bin/git config --local --name-only --get-regexp core\.sshCommand
end-workflow	Checkout code	2026-02-06T16:44:58.3941445Z [command]/usr/bin/git submodule foreach --recursive sh -c "git config --local --name-only --get-regexp 'core\.sshCommand' && git config --local --unset-all 'core.sshCommand' || :"
end-workflow	Checkout code	2026-02-06T16:44:58.4330490Z [command]/usr/bin/git config --local --name-only --get-regexp http\.https\:\/\/github\.com\/\.extraheader
end-workflow	Checkout code	2026-02-06T16:44:58.4376229Z [command]/usr/bin/git submodule foreach --recursive sh -c "git config --local --name-only --get-regexp 'http\.https\:\/\/github\.com\/\.extraheader' && git config --local --unset-all 'http.https://github.com/.extraheader' || :"
end-workflow	Checkout code	2026-02-06T16:44:58.4727504Z [command]/usr/bin/git config --local --name-only --get-regexp ^includeIf\.gitdir:
end-workflow	Checkout code	2026-02-06T16:44:58.4775603Z [command]/usr/bin/git submodule foreach --recursive git config --local --show-origin --name-only --get-regexp remote.origin.url
end-workflow	Checkout code	2026-02-06T16:44:58.5133415Z [command]/usr/bin/git config --local http.https://github.com/.extraheader AUTHORIZATION: basic ***
end-workflow	Checkout code	2026-02-06T16:45:02.0154387Z ##[endgroup]
end-workflow	Checkout code	2026-02-06T16:45:02.0157619Z ##[group]Fetching the repository
end-workflow	Checkout code	2026-02-06T16:45:02.0184342Z [command]/usr/bin/git -c protocol.version=2 fetch --prune --no-recurse-submodules origin +refs/heads/*:refs/remotes/origin/* +refs/tags/*:refs/tags/*
end-workflow	Checkout code	2026-02-06T16:45:50.4398071Z From https://github.com/Ka0s-Klaus/ka0s
end-workflow	Checkout code	2026-02-06T16:45:50.4401376Z  * [new branch]          F1224-new-module-mongodb -> origin/F1224-new-module-mongodb
end-workflow	Checkout code	2026-02-06T16:45:50.4403099Z  * [new branch]          F220-web-de-resultados  -> origin/F220-web-de-resultados
end-workflow	Checkout code	2026-02-06T16:45:50.4405583Z  * [new branch]          F227-despliegue-de-kube-independiente-del-clouder -> origin/F227-despliegue-de-kube-independiente-del-clouder
end-workflow	Checkout code	2026-02-06T16:45:50.4408645Z  * [new branch]          F329-documentacion-metodologia-de-kaos -> origin/F329-documentacion-metodologia-de-kaos
end-workflow	Checkout code	2026-02-06T16:45:50.4410949Z  * [new branch]          H1139-como-instalar-arc-control -> origin/H1139-como-instalar-arc-control
end-workflow	Checkout code	2026-02-06T16:45:50.4412979Z  * [new branch]          H1150-desarrollo-de-secciones -> origin/H1150-desarrollo-de-secciones
end-workflow	Checkout code	2026-02-06T16:45:50.4415101Z  * [new branch]          H1151-desarrollo-de-secciones-ii -> origin/H1151-desarrollo-de-secciones-ii
end-workflow	Checkout code	2026-02-06T16:45:50.4416962Z  * [new branch]          H1152-desarrollo-inicio -> origin/H1152-desarrollo-inicio
end-workflow	Checkout code	2026-02-06T16:45:50.4419156Z  * [new branch]          H1193-ejemplo-web-documentacion -> origin/H1193-ejemplo-web-documentacion
end-workflow	Checkout code	2026-02-06T16:45:50.4421116Z  * [new branch]          H1224-new-module-mongodb -> origin/H1224-new-module-mongodb
end-workflow	Checkout code	2026-02-06T16:45:50.4422634Z  * [new branch]          H1276-modulo-observabilidad -> origin/H1276-modulo-observabilidad
end-workflow	Checkout code	2026-02-06T16:45:50.4423698Z  * [new branch]          H1410-modulo-execution  -> origin/H1410-modulo-execution
end-workflow	Checkout code	2026-02-06T16:45:50.4425717Z  * [new branch]          H1514-new-swarm-deployment-stack-with-actions-runners-autoscale -> origin/H1514-new-swarm-deployment-stack-with-actions-runners-autoscale
end-workflow	Checkout code	2026-02-06T16:45:50.4430583Z  * [new branch]          H1968-modulo-personalizaciÃ³n-del-portal-de-kaos-core -> origin/H1968-modulo-personalizaciÃ³n-del-portal-de-kaos-core
end-workflow	Checkout code	2026-02-06T16:45:50.4432895Z  * [new branch]          H215-modulo-de-summary  -> origin/H215-modulo-de-summary
end-workflow	Checkout code	2026-02-06T16:45:50.4435300Z  * [new branch]          H227-despliegue-de-kube-independiente-del-clouder -> origin/H227-despliegue-de-kube-independiente-del-clouder
end-workflow	Checkout code	2026-02-06T16:45:50.4438415Z  * [new branch]          H3038-test-ci-cd-kubernetes-automated-system -> origin/H3038-test-ci-cd-kubernetes-automated-system
end-workflow	Checkout code	2026-02-06T16:45:50.4440906Z  * [new branch]          H306-ficheros-de-estadisticas -> origin/H306-ficheros-de-estadisticas
end-workflow	Checkout code	2026-02-06T16:45:51.1254116Z  * [new branch]          H3265-deploy-itop       -> origin/H3265-deploy-itop
end-workflow	Checkout code	2026-02-06T16:45:51.1255812Z  * [new branch]          H3266-deploy-zabbix     -> origin/H3266-deploy-zabbix
end-workflow	Checkout code	2026-02-06T16:45:51.1258417Z  * [new branch]          H328-documentacion-modulo-principal-de-kaos -> origin/H328-documentacion-modulo-principal-de-kaos
end-workflow	Checkout code	2026-02-06T16:45:51.1267125Z  * [new branch]          H329-documentacion-metodologia-de-kaos -> origin/H329-documentacion-metodologia-de-kaos
end-workflow	Checkout code	2026-02-06T16:45:51.1270321Z  * [new branch]          H338-relanzador-de-jobs-en-caso-de-pattern -> origin/H338-relanzador-de-jobs-en-caso-de-pattern
end-workflow	Checkout code	2026-02-06T16:45:51.1273628Z  * [new branch]          H38-documentacion-basica-del-proyecto -> origin/H38-documentacion-basica-del-proyecto
end-workflow	Checkout code	2026-02-06T16:45:51.1277728Z  * [new branch]          RN1282-ka0s-error-detected-in-ka0s-workflow-statistics-summary -> origin/RN1282-ka0s-error-detected-in-ka0s-workflow-statistics-summary
end-workflow	Checkout code	2026-02-06T16:45:51.1281354Z  * [new branch]          RN220-web-de-resultados -> origin/RN220-web-de-resultados
end-workflow	Checkout code	2026-02-06T16:45:51.1302644Z  * [new branch]          RN227-despliegue-de-kube-independiente-del-clouder -> origin/RN227-despliegue-de-kube-independiente-del-clouder
end-workflow	Checkout code	2026-02-06T16:45:51.1305829Z  * [new branch]          RN329-documentacion-metodologia-de-kaos -> origin/RN329-documentacion-metodologia-de-kaos
end-workflow	Checkout code	2026-02-06T16:45:51.1307995Z  * [new branch]          main                    -> origin/main
end-workflow	Checkout code	2026-02-06T16:45:51.1309171Z  * [new tag]             0.0.0                   -> 0.0.0
end-workflow	Checkout code	2026-02-06T16:45:51.1310236Z  * [new tag]             0.0.1                   -> 0.0.1
end-workflow	Checkout code	2026-02-06T16:45:51.1311311Z  * [new tag]             0.0.10                  -> 0.0.10
end-workflow	Checkout code	2026-02-06T16:45:51.1312385Z  * [new tag]             0.0.100                 -> 0.0.100
end-workflow	Checkout code	2026-02-06T16:45:51.1313445Z  * [new tag]             0.0.101                 -> 0.0.101
end-workflow	Checkout code	2026-02-06T16:45:51.1314562Z  * [new tag]             0.0.102                 -> 0.0.102
end-workflow	Checkout code	2026-02-06T16:45:51.1315636Z  * [new tag]             0.0.103                 -> 0.0.103
end-workflow	Checkout code	2026-02-06T16:45:51.1316707Z  * [new tag]             0.0.104                 -> 0.0.104
end-workflow	Checkout code	2026-02-06T16:45:51.1317860Z  * [new tag]             0.0.105                 -> 0.0.105
end-workflow	Checkout code	2026-02-06T16:45:51.1318928Z  * [new tag]             0.0.106                 -> 0.0.106
end-workflow	Checkout code	2026-02-06T16:45:51.1320006Z  * [new tag]             0.0.107                 -> 0.0.107
end-workflow	Checkout code	2026-02-06T16:45:51.1321056Z  * [new tag]             0.0.108                 -> 0.0.108
end-workflow	Checkout code	2026-02-06T16:45:51.1322120Z  * [new tag]             0.0.109                 -> 0.0.109
end-workflow	Checkout code	2026-02-06T16:45:51.1324255Z  * [new tag]             0.0.11                  -> 0.0.11
end-workflow	Checkout code	2026-02-06T16:45:51.1325386Z  * [new tag]             0.0.110                 -> 0.0.110
end-workflow	Checkout code	2026-02-06T16:45:51.1326432Z  * [new tag]             0.0.111                 -> 0.0.111
end-workflow	Checkout code	2026-02-06T16:45:51.1327615Z  * [new tag]             0.0.112                 -> 0.0.112
end-workflow	Checkout code	2026-02-06T16:45:51.1329049Z  * [new tag]             0.0.113                 -> 0.0.113
end-workflow	Checkout code	2026-02-06T16:45:51.1330230Z  * [new tag]             0.0.114                 -> 0.0.114
end-workflow	Checkout code	2026-02-06T16:45:51.1331302Z  * [new tag]             0.0.115                 -> 0.0.115
end-workflow	Checkout code	2026-02-06T16:45:51.1332419Z  * [new tag]             0.0.116                 -> 0.0.116
end-workflow	Checkout code	2026-02-06T16:45:51.1333607Z  * [new tag]             0.0.117                 -> 0.0.117
end-workflow	Checkout code	2026-02-06T16:45:51.1334681Z  * [new tag]             0.0.118                 -> 0.0.118
end-workflow	Checkout code	2026-02-06T16:45:51.1335753Z  * [new tag]             0.0.119                 -> 0.0.119
end-workflow	Checkout code	2026-02-06T16:45:51.1336787Z  * [new tag]             0.0.12                  -> 0.0.12
end-workflow	Checkout code	2026-02-06T16:45:51.1337991Z  * [new tag]             0.0.120                 -> 0.0.120
end-workflow	Checkout code	2026-02-06T16:45:51.1339053Z  * [new tag]             0.0.121                 -> 0.0.121
end-workflow	Checkout code	2026-02-06T16:45:51.1340119Z  * [new tag]             0.0.122                 -> 0.0.122
end-workflow	Checkout code	2026-02-06T16:45:51.1341207Z  * [new tag]             0.0.123                 -> 0.0.123
end-workflow	Checkout code	2026-02-06T16:45:51.1342728Z  * [new tag]             0.0.124                 -> 0.0.124
end-workflow	Checkout code	2026-02-06T16:45:51.1343803Z  * [new tag]             0.0.125                 -> 0.0.125
end-workflow	Checkout code	2026-02-06T16:45:51.1344864Z  * [new tag]             0.0.126                 -> 0.0.126
end-workflow	Checkout code	2026-02-06T16:45:51.1345933Z  * [new tag]             0.0.127                 -> 0.0.127
end-workflow	Checkout code	2026-02-06T16:45:51.1347134Z  * [new tag]             0.0.128                 -> 0.0.128
end-workflow	Checkout code	2026-02-06T16:45:51.1348181Z  * [new tag]             0.0.129                 -> 0.0.129
end-workflow	Checkout code	2026-02-06T16:45:51.1349298Z  * [new tag]             0.0.13                  -> 0.0.13
end-workflow	Checkout code	2026-02-06T16:45:51.1350353Z  * [new tag]             0.0.130                 -> 0.0.130
end-workflow	Checkout code	2026-02-06T16:45:51.1351411Z  * [new tag]             0.0.131                 -> 0.0.131
end-workflow	Checkout code	2026-02-06T16:45:51.1352463Z  * [new tag]             0.0.132                 -> 0.0.132
end-workflow	Checkout code	2026-02-06T16:45:51.1353534Z  * [new tag]             0.0.133                 -> 0.0.133
end-workflow	Checkout code	2026-02-06T16:45:51.1355036Z  * [new tag]             0.0.134                 -> 0.0.134
end-workflow	Checkout code	2026-02-06T16:45:51.1356114Z  * [new tag]             0.0.135                 -> 0.0.135
end-workflow	Checkout code	2026-02-06T16:45:51.1357625Z  * [new tag]             0.0.136                 -> 0.0.136
end-workflow	Checkout code	2026-02-06T16:45:51.1358701Z  * [new tag]             0.0.137                 -> 0.0.137
end-workflow	Checkout code	2026-02-06T16:45:51.1359768Z  * [new tag]             0.0.138                 -> 0.0.138
end-workflow	Checkout code	2026-02-06T16:45:51.1360859Z  * [new tag]             0.0.139                 -> 0.0.139
end-workflow	Checkout code	2026-02-06T16:45:51.1361931Z  * [new tag]             0.0.14                  -> 0.0.14
end-workflow	Checkout code	2026-02-06T16:45:51.1362981Z  * [new tag]             0.0.140                 -> 0.0.140
end-workflow	Checkout code	2026-02-06T16:45:51.1364131Z  * [new tag]             0.0.141                 -> 0.0.141
end-workflow	Checkout code	2026-02-06T16:45:51.1365290Z  * [new tag]             0.0.142                 -> 0.0.142
end-workflow	Checkout code	2026-02-06T16:45:51.1366353Z  * [new tag]             0.0.143                 -> 0.0.143
end-workflow	Checkout code	2026-02-06T16:45:51.1367543Z  * [new tag]             0.0.144                 -> 0.0.144
end-workflow	Checkout code	2026-02-06T16:45:51.1368629Z  * [new tag]             0.0.145                 -> 0.0.145
end-workflow	Checkout code	2026-02-06T16:45:51.1369665Z  * [new tag]             0.0.146                 -> 0.0.146
end-workflow	Checkout code	2026-02-06T16:45:51.1370700Z  * [new tag]             0.0.147                 -> 0.0.147
end-workflow	Checkout code	2026-02-06T16:45:51.1371767Z  * [new tag]             0.0.148                 -> 0.0.148
end-workflow	Checkout code	2026-02-06T16:45:51.1372819Z  * [new tag]             0.0.149                 -> 0.0.149
end-workflow	Checkout code	2026-02-06T16:45:51.1373866Z  * [new tag]             0.0.15                  -> 0.0.15
end-workflow	Checkout code	2026-02-06T16:45:51.1374911Z  * [new tag]             0.0.150                 -> 0.0.150
end-workflow	Checkout code	2026-02-06T16:45:51.1375990Z  * [new tag]             0.0.151                 -> 0.0.151
end-workflow	Checkout code	2026-02-06T16:45:51.1377197Z  * [new tag]             0.0.152                 -> 0.0.152
end-workflow	Checkout code	2026-02-06T16:45:51.1378155Z  * [new tag]             0.0.153                 -> 0.0.153
end-workflow	Checkout code	2026-02-06T16:45:51.1379210Z  * [new tag]             0.0.154                 -> 0.0.154
end-workflow	Checkout code	2026-02-06T16:45:51.1380307Z  * [new tag]             0.0.155                 -> 0.0.155
end-workflow	Checkout code	2026-02-06T16:45:51.1381373Z  * [new tag]             0.0.156                 -> 0.0.156
end-workflow	Checkout code	2026-02-06T16:45:51.1382420Z  * [new tag]             0.0.157                 -> 0.0.157
end-workflow	Checkout code	2026-02-06T16:45:51.1383486Z  * [new tag]             0.0.158                 -> 0.0.158
end-workflow	Checkout code	2026-02-06T16:45:51.1384544Z  * [new tag]             0.0.159                 -> 0.0.159
end-workflow	Checkout code	2026-02-06T16:45:51.1385585Z  * [new tag]             0.0.16                  -> 0.0.16
end-workflow	Checkout code	2026-02-06T16:45:51.1386627Z  * [new tag]             0.0.160                 -> 0.0.160
end-workflow	Checkout code	2026-02-06T16:45:51.1387794Z  * [new tag]             0.0.161                 -> 0.0.161
end-workflow	Checkout code	2026-02-06T16:45:51.1388861Z  * [new tag]             0.0.162                 -> 0.0.162
end-workflow	Checkout code	2026-02-06T16:45:51.1389849Z  * [new tag]             0.0.163                 -> 0.0.163
end-workflow	Checkout code	2026-02-06T16:45:51.1390909Z  * [new tag]             0.0.164                 -> 0.0.164
end-workflow	Checkout code	2026-02-06T16:45:51.1392009Z  * [new tag]             0.0.165                 -> 0.0.165
end-workflow	Checkout code	2026-02-06T16:45:51.1393490Z  * [new tag]             0.0.166                 -> 0.0.166
end-workflow	Checkout code	2026-02-06T16:45:51.1394547Z  * [new tag]             0.0.167                 -> 0.0.167
end-workflow	Checkout code	2026-02-06T16:45:51.1395575Z  * [new tag]             0.0.168                 -> 0.0.168
end-workflow	Checkout code	2026-02-06T16:45:51.1396616Z  * [new tag]             0.0.169                 -> 0.0.169
end-workflow	Checkout code	2026-02-06T16:45:51.1398172Z  * [new tag]             0.0.17                  -> 0.0.17
end-workflow	Checkout code	2026-02-06T16:45:51.1399216Z  * [new tag]             0.0.170                 -> 0.0.170
end-workflow	Checkout code	2026-02-06T16:45:51.1400280Z  * [new tag]             0.0.171                 -> 0.0.171
end-workflow	Checkout code	2026-02-06T16:45:51.1401313Z  * [new tag]             0.0.172                 -> 0.0.172
end-workflow	Checkout code	2026-02-06T16:45:51.1402375Z  * [new tag]             0.0.173                 -> 0.0.173
end-workflow	Checkout code	2026-02-06T16:45:51.1403462Z  * [new tag]             0.0.174                 -> 0.0.174
end-workflow	Checkout code	2026-02-06T16:45:51.1404495Z  * [new tag]             0.0.175                 -> 0.0.175
end-workflow	Checkout code	2026-02-06T16:45:51.1406040Z  * [new tag]             0.0.176                 -> 0.0.176
end-workflow	Checkout code	2026-02-06T16:45:51.1407204Z  * [new tag]             0.0.177                 -> 0.0.177
end-workflow	Checkout code	2026-02-06T16:45:51.1408214Z  * [new tag]             0.0.178                 -> 0.0.178
end-workflow	Checkout code	2026-02-06T16:45:51.1409253Z  * [new tag]             0.0.179                 -> 0.0.179
end-workflow	Checkout code	2026-02-06T16:45:51.1410309Z  * [new tag]             0.0.18                  -> 0.0.18
end-workflow	Checkout code	2026-02-06T16:45:51.1411357Z  * [new tag]             0.0.19                  -> 0.0.19
end-workflow	Checkout code	2026-02-06T16:45:51.1412398Z  * [new tag]             0.0.2                   -> 0.0.2
end-workflow	Checkout code	2026-02-06T16:45:51.1413446Z  * [new tag]             0.0.20                  -> 0.0.20
end-workflow	Checkout code	2026-02-06T16:45:51.1414472Z  * [new tag]             0.0.21                  -> 0.0.21
end-workflow	Checkout code	2026-02-06T16:45:51.1415521Z  * [new tag]             0.0.22                  -> 0.0.22
end-workflow	Checkout code	2026-02-06T16:45:51.1416553Z  * [new tag]             0.0.23                  -> 0.0.23
end-workflow	Checkout code	2026-02-06T16:45:51.1417768Z  * [new tag]             0.0.24                  -> 0.0.24
end-workflow	Checkout code	2026-02-06T16:45:51.1418843Z  * [new tag]             0.0.25                  -> 0.0.25
end-workflow	Checkout code	2026-02-06T16:45:51.1419872Z  * [new tag]             0.0.26                  -> 0.0.26
end-workflow	Checkout code	2026-02-06T16:45:51.1420916Z  * [new tag]             0.0.27                  -> 0.0.27
end-workflow	Checkout code	2026-02-06T16:45:51.1421958Z  * [new tag]             0.0.28                  -> 0.0.28
end-workflow	Checkout code	2026-02-06T16:45:51.1422994Z  * [new tag]             0.0.29                  -> 0.0.29
end-workflow	Checkout code	2026-02-06T16:45:51.1424021Z  * [new tag]             0.0.3                   -> 0.0.3
end-workflow	Checkout code	2026-02-06T16:45:51.1425063Z  * [new tag]             0.0.30                  -> 0.0.30
end-workflow	Checkout code	2026-02-06T16:45:51.1426107Z  * [new tag]             0.0.31                  -> 0.0.31
end-workflow	Checkout code	2026-02-06T16:45:51.1427224Z  * [new tag]             0.0.32                  -> 0.0.32
end-workflow	Checkout code	2026-02-06T16:45:51.1428267Z  * [new tag]             0.0.33                  -> 0.0.33
end-workflow	Checkout code	2026-02-06T16:45:51.1429300Z  * [new tag]             0.0.34                  -> 0.0.34
end-workflow	Checkout code	2026-02-06T16:45:51.1430383Z  * [new tag]             0.0.35                  -> 0.0.35
end-workflow	Checkout code	2026-02-06T16:45:51.1431441Z  * [new tag]             0.0.36                  -> 0.0.36
end-workflow	Checkout code	2026-02-06T16:45:51.1432479Z  * [new tag]             0.0.37                  -> 0.0.37
end-workflow	Checkout code	2026-02-06T16:45:51.1433515Z  * [new tag]             0.0.38                  -> 0.0.38
end-workflow	Checkout code	2026-02-06T16:45:51.1434569Z  * [new tag]             0.0.39                  -> 0.0.39
end-workflow	Checkout code	2026-02-06T16:45:51.1435633Z  * [new tag]             0.0.4                   -> 0.0.4
end-workflow	Checkout code	2026-02-06T16:45:51.1436654Z  * [new tag]             0.0.40                  -> 0.0.40
end-workflow	Checkout code	2026-02-06T16:45:51.1438044Z  * [new tag]             0.0.41                  -> 0.0.41
end-workflow	Checkout code	2026-02-06T16:45:51.1439085Z  * [new tag]             0.0.42                  -> 0.0.42
end-workflow	Checkout code	2026-02-06T16:45:51.1440152Z  * [new tag]             0.0.43                  -> 0.0.43
end-workflow	Checkout code	2026-02-06T16:45:51.1441170Z  * [new tag]             0.0.44                  -> 0.0.44
end-workflow	Checkout code	2026-02-06T16:45:51.1442234Z  * [new tag]             0.0.45                  -> 0.0.45
end-workflow	Checkout code	2026-02-06T16:45:51.1443771Z  * [new tag]             0.0.46                  -> 0.0.46
end-workflow	Checkout code	2026-02-06T16:45:51.1444815Z  * [new tag]             0.0.47                  -> 0.0.47
end-workflow	Checkout code	2026-02-06T16:45:51.1445865Z  * [new tag]             0.0.48                  -> 0.0.48
end-workflow	Checkout code	2026-02-06T16:45:51.1446889Z  * [new tag]             0.0.49                  -> 0.0.49
end-workflow	Checkout code	2026-02-06T16:45:51.1448054Z  * [new tag]             0.0.5                   -> 0.0.5
end-workflow	Checkout code	2026-02-06T16:45:51.1449079Z  * [new tag]             0.0.50                  -> 0.0.50
end-workflow	Checkout code	2026-02-06T16:45:51.1450129Z  * [new tag]             0.0.51                  -> 0.0.51
end-workflow	Checkout code	2026-02-06T16:45:51.1451172Z  * [new tag]             0.0.52                  -> 0.0.52
end-workflow	Checkout code	2026-02-06T16:45:51.1452205Z  * [new tag]             0.0.53                  -> 0.0.53
end-workflow	Checkout code	2026-02-06T16:45:51.1453243Z  * [new tag]             0.0.54                  -> 0.0.54
end-workflow	Checkout code	2026-02-06T16:45:51.1454267Z  * [new tag]             0.0.55                  -> 0.0.55
end-workflow	Checkout code	2026-02-06T16:45:51.1455706Z  * [new tag]             0.0.56                  -> 0.0.56
end-workflow	Checkout code	2026-02-06T16:45:51.1456757Z  * [new tag]             0.0.57                  -> 0.0.57
end-workflow	Checkout code	2026-02-06T16:45:51.1457918Z  * [new tag]             0.0.58                  -> 0.0.58
end-workflow	Checkout code	2026-02-06T16:45:51.1458961Z  * [new tag]             0.0.59                  -> 0.0.59
end-workflow	Checkout code	2026-02-06T16:45:51.1459985Z  * [new tag]             0.0.6                   -> 0.0.6
end-workflow	Checkout code	2026-02-06T16:45:51.1461024Z  * [new tag]             0.0.60                  -> 0.0.60
end-workflow	Checkout code	2026-02-06T16:45:51.1462048Z  * [new tag]             0.0.61                  -> 0.0.61
end-workflow	Checkout code	2026-02-06T16:45:51.1463089Z  * [new tag]             0.0.62                  -> 0.0.62
end-workflow	Checkout code	2026-02-06T16:45:51.1464127Z  * [new tag]             0.0.63                  -> 0.0.63
end-workflow	Checkout code	2026-02-06T16:45:51.1465163Z  * [new tag]             0.0.64                  -> 0.0.64
end-workflow	Checkout code	2026-02-06T16:45:51.1466209Z  * [new tag]             0.0.65                  -> 0.0.65
end-workflow	Checkout code	2026-02-06T16:45:51.1467323Z  * [new tag]             0.0.66                  -> 0.0.66
end-workflow	Checkout code	2026-02-06T16:45:51.1468404Z  * [new tag]             0.0.67                  -> 0.0.67
end-workflow	Checkout code	2026-02-06T16:45:51.1469431Z  * [new tag]             0.0.68                  -> 0.0.68
end-workflow	Checkout code	2026-02-06T16:45:51.1470477Z  * [new tag]             0.0.69                  -> 0.0.69
end-workflow	Checkout code	2026-02-06T16:45:51.1471512Z  * [new tag]             0.0.7                   -> 0.0.7
end-workflow	Checkout code	2026-02-06T16:45:51.1472563Z  * [new tag]             0.0.70                  -> 0.0.70
end-workflow	Checkout code	2026-02-06T16:45:51.1473601Z  * [new tag]             0.0.71                  -> 0.0.71
end-workflow	Checkout code	2026-02-06T16:45:51.1474622Z  * [new tag]             0.0.72                  -> 0.0.72
end-workflow	Checkout code	2026-02-06T16:45:51.1475668Z  * [new tag]             0.0.73                  -> 0.0.73
end-workflow	Checkout code	2026-02-06T16:45:51.1476701Z  * [new tag]             0.0.74                  -> 0.0.74
end-workflow	Checkout code	2026-02-06T16:45:51.1478157Z  * [new tag]             0.0.75                  -> 0.0.75
end-workflow	Checkout code	2026-02-06T16:45:51.1479184Z  * [new tag]             0.0.76                  -> 0.0.76
end-workflow	Checkout code	2026-02-06T16:45:51.1480238Z  * [new tag]             0.0.77                  -> 0.0.77
end-workflow	Checkout code	2026-02-06T16:45:51.1481313Z  * [new tag]             0.0.78                  -> 0.0.78
end-workflow	Checkout code	2026-02-06T16:45:51.1482330Z  * [new tag]             0.0.79                  -> 0.0.79
end-workflow	Checkout code	2026-02-06T16:45:51.1483384Z  * [new tag]             0.0.8                   -> 0.0.8
end-workflow	Checkout code	2026-02-06T16:45:51.1484411Z  * [new tag]             0.0.80                  -> 0.0.80
end-workflow	Checkout code	2026-02-06T16:45:51.1485437Z  * [new tag]             0.0.81                  -> 0.0.81
end-workflow	Checkout code	2026-02-06T16:45:51.1486488Z  * [new tag]             0.0.82                  -> 0.0.82
end-workflow	Checkout code	2026-02-06T16:45:51.1487663Z  * [new tag]             0.0.83                  -> 0.0.83
end-workflow	Checkout code	2026-02-06T16:45:51.1488704Z  * [new tag]             0.0.84                  -> 0.0.84
end-workflow	Checkout code	2026-02-06T16:45:51.1489736Z  * [new tag]             0.0.85                  -> 0.0.85
end-workflow	Checkout code	2026-02-06T16:45:51.1490766Z  * [new tag]             0.0.86                  -> 0.0.86
end-workflow	Checkout code	2026-02-06T16:45:51.1491811Z  * [new tag]             0.0.87                  -> 0.0.87
end-workflow	Checkout code	2026-02-06T16:45:51.1492880Z  * [new tag]             0.0.88                  -> 0.0.88
end-workflow	Checkout code	2026-02-06T16:45:51.1494349Z  * [new tag]             0.0.89                  -> 0.0.89
end-workflow	Checkout code	2026-02-06T16:45:51.1495399Z  * [new tag]             0.0.9                   -> 0.0.9
end-workflow	Checkout code	2026-02-06T16:45:51.1496447Z  * [new tag]             0.0.90                  -> 0.0.90
end-workflow	Checkout code	2026-02-06T16:45:51.1497580Z  * [new tag]             0.0.91                  -> 0.0.91
end-workflow	Checkout code	2026-02-06T16:45:51.1498627Z  * [new tag]             0.0.92                  -> 0.0.92
end-workflow	Checkout code	2026-02-06T16:45:51.1499655Z  * [new tag]             0.0.93                  -> 0.0.93
end-workflow	Checkout code	2026-02-06T16:45:51.1500696Z  * [new tag]             0.0.94                  -> 0.0.94
end-workflow	Checkout code	2026-02-06T16:45:51.1501731Z  * [new tag]             0.0.95                  -> 0.0.95
end-workflow	Checkout code	2026-02-06T16:45:51.1502766Z  * [new tag]             0.0.96                  -> 0.0.96
end-workflow	Checkout code	2026-02-06T16:45:51.1503806Z  * [new tag]             0.0.97                  -> 0.0.97
end-workflow	Checkout code	2026-02-06T16:45:51.1504831Z  * [new tag]             0.0.98                  -> 0.0.98
end-workflow	Checkout code	2026-02-06T16:45:51.1506366Z  * [new tag]             0.0.99                  -> 0.0.99
end-workflow	Checkout code	2026-02-06T16:45:51.1507494Z  * [new tag]             0.1.0                   -> 0.1.0
end-workflow	Checkout code	2026-02-06T16:45:51.1508530Z  * [new tag]             0.1.1                   -> 0.1.1
end-workflow	Checkout code	2026-02-06T16:45:51.1509556Z  * [new tag]             0.2.0                   -> 0.2.0
end-workflow	Checkout code	2026-02-06T16:45:51.1510591Z  * [new tag]             0.3.0                   -> 0.3.0
end-workflow	Checkout code	2026-02-06T16:45:51.1511623Z  * [new tag]             0.3.1                   -> 0.3.1
end-workflow	Checkout code	2026-02-06T16:45:51.1512651Z  * [new tag]             0.3.10                  -> 0.3.10
end-workflow	Checkout code	2026-02-06T16:45:51.1513698Z  * [new tag]             0.3.11                  -> 0.3.11
end-workflow	Checkout code	2026-02-06T16:45:51.1514726Z  * [new tag]             0.3.12                  -> 0.3.12
end-workflow	Checkout code	2026-02-06T16:45:51.1515773Z  * [new tag]             0.3.13                  -> 0.3.13
end-workflow	Checkout code	2026-02-06T16:45:51.1555447Z  * [new tag]             0.3.14                  -> 0.3.14
end-workflow	Checkout code	2026-02-06T16:45:51.1557143Z  * [new tag]             0.3.15                  -> 0.3.15
end-workflow	Checkout code	2026-02-06T16:45:51.1558270Z  * [new tag]             0.3.16                  -> 0.3.16
end-workflow	Checkout code	2026-02-06T16:45:51.1559332Z  * [new tag]             0.3.17                  -> 0.3.17
end-workflow	Checkout code	2026-02-06T16:45:51.1560354Z  * [new tag]             0.3.2                   -> 0.3.2
end-workflow	Checkout code	2026-02-06T16:45:51.1561387Z  * [new tag]             0.3.3                   -> 0.3.3
end-workflow	Checkout code	2026-02-06T16:45:51.1562382Z  * [new tag]             0.3.4                   -> 0.3.4
end-workflow	Checkout code	2026-02-06T16:45:51.1563403Z  * [new tag]             0.3.5                   -> 0.3.5
end-workflow	Checkout code	2026-02-06T16:45:51.1564437Z  * [new tag]             0.3.6                   -> 0.3.6
end-workflow	Checkout code	2026-02-06T16:45:51.1565362Z  * [new tag]             0.3.7                   -> 0.3.7
end-workflow	Checkout code	2026-02-06T16:45:51.1566343Z  * [new tag]             0.3.8                   -> 0.3.8
end-workflow	Checkout code	2026-02-06T16:45:51.1567785Z  * [new tag]             0.3.9                   -> 0.3.9
end-workflow	Checkout code	2026-02-06T16:45:51.1568807Z  * [new tag]             0.4.0                   -> 0.4.0
end-workflow	Checkout code	2026-02-06T16:45:51.1569879Z  * [new tag]             0.4.1                   -> 0.4.1
end-workflow	Checkout code	2026-02-06T16:45:51.1570854Z  * [new tag]             0.4.2                   -> 0.4.2
end-workflow	Checkout code	2026-02-06T16:45:51.1571861Z  * [new tag]             0.4.3                   -> 0.4.3
end-workflow	Checkout code	2026-02-06T16:45:51.1572880Z  * [new tag]             0.4.4                   -> 0.4.4
end-workflow	Checkout code	2026-02-06T16:45:51.1573929Z  * [new tag]             0.4.5                   -> 0.4.5
end-workflow	Checkout code	2026-02-06T16:45:51.1574944Z  * [new tag]             0.4.6                   -> 0.4.6
end-workflow	Checkout code	2026-02-06T16:45:51.1576007Z  * [new tag]             0.4.7                   -> 0.4.7
end-workflow	Checkout code	2026-02-06T16:45:51.1577195Z  * [new tag]             0.4.8                   -> 0.4.8
end-workflow	Checkout code	2026-02-06T16:45:51.1578242Z  * [new tag]             0.4.9                   -> 0.4.9
end-workflow	Checkout code	2026-02-06T16:45:51.1579246Z  * [new tag]             0.5.0                   -> 0.5.0
end-workflow	Checkout code	2026-02-06T16:45:51.1580344Z  * [new tag]             0.5.1                   -> 0.5.1
end-workflow	Checkout code	2026-02-06T16:45:51.1581364Z  * [new tag]             0.5.2                   -> 0.5.2
end-workflow	Checkout code	2026-02-06T16:45:51.1582442Z  * [new tag]             0.6.0                   -> 0.6.0
end-workflow	Checkout code	2026-02-06T16:45:51.1584002Z  * [new tag]             0.6.1                   -> 0.6.1
end-workflow	Checkout code	2026-02-06T16:45:51.1585028Z  * [new tag]             0.6.2                   -> 0.6.2
end-workflow	Checkout code	2026-02-06T16:45:51.1762913Z [command]/usr/bin/git branch --list --remote origin/main
end-workflow	Checkout code	2026-02-06T16:45:51.1891731Z   origin/main
end-workflow	Checkout code	2026-02-06T16:45:51.1914911Z [command]/usr/bin/git rev-parse refs/remotes/origin/main
end-workflow	Checkout code	2026-02-06T16:45:51.1965106Z ca492d58a3f0f2455267522faebc82061de90080
end-workflow	Checkout code	2026-02-06T16:45:51.1993848Z [command]/usr/bin/git -c protocol.version=2 fetch --no-tags --prune --no-recurse-submodules origin +3f8b59f48c24da5e943b21b44f36d01d3e2e1b80:refs/remotes/origin/main
end-workflow	Checkout code	2026-02-06T16:45:51.7975858Z From https://github.com/Ka0s-Klaus/ka0s
end-workflow	Checkout code	2026-02-06T16:45:51.7979638Z  + ca492d58a...3f8b59f48 3f8b59f48c24da5e943b21b44f36d01d3e2e1b80 -> origin/main  (forced update)
end-workflow	Checkout code	2026-02-06T16:45:51.8022941Z ##[endgroup]
end-workflow	Checkout code	2026-02-06T16:45:51.8024022Z ##[group]Determining the checkout info
end-workflow	Checkout code	2026-02-06T16:45:51.8027887Z ##[endgroup]
end-workflow	Checkout code	2026-02-06T16:45:51.8036893Z [command]/usr/bin/git sparse-checkout disable
end-workflow	Checkout code	2026-02-06T16:45:54.0118416Z [command]/usr/bin/git config --local --unset-all extensions.worktreeConfig
end-workflow	Checkout code	2026-02-06T16:45:54.5430370Z ##[group]Checking out the ref
end-workflow	Checkout code	2026-02-06T16:45:54.5439679Z [command]/usr/bin/git checkout --progress --force -B main refs/remotes/origin/main
end-workflow	Checkout code	2026-02-06T16:45:56.8211392Z Updating files:  48% (764/1582)
end-workflow	Checkout code	2026-02-06T16:45:58.6529759Z Updating files:  48% (766/1582)
end-workflow	Checkout code	2026-02-06T16:46:00.1569162Z Updating files:  48% (768/1582)
end-workflow	Checkout code	2026-02-06T16:46:01.9584336Z Updating files:  48% (769/1582)
end-workflow	Checkout code	2026-02-06T16:46:02.9573785Z Updating files:  48% (770/1582)
end-workflow	Checkout code	2026-02-06T16:46:03.5648943Z Updating files:  48% (771/1582)
end-workflow	Checkout code	2026-02-06T16:46:04.6326219Z Updating files:  48% (772/1582)
end-workflow	Checkout code	2026-02-06T16:46:05.6800098Z Updating files:  48% (773/1582)
end-workflow	Checkout code	2026-02-06T16:46:06.7730606Z Updating files:  48% (775/1582)
end-workflow	Checkout code	2026-02-06T16:46:08.0289639Z Updating files:  49% (776/1582)
end-workflow	Checkout code	2026-02-06T16:46:09.6770086Z Updating files:  49% (777/1582)
end-workflow	Checkout code	2026-02-06T16:46:11.0846330Z Updating files:  49% (778/1582)
end-workflow	Checkout code	2026-02-06T16:46:12.3249711Z Updating files:  49% (779/1582)
end-workflow	Checkout code	2026-02-06T16:46:14.1291428Z Updating files:  49% (780/1582)
end-workflow	Checkout code	2026-02-06T16:46:15.5251935Z Updating files:  49% (781/1582)
end-workflow	Checkout code	2026-02-06T16:46:16.6210078Z Updating files:  49% (783/1582)
end-workflow	Checkout code	2026-02-06T16:46:17.8054216Z Updating files:  49% (784/1582)
end-workflow	Checkout code	2026-02-06T16:46:19.3329525Z Updating files:  49% (785/1582)
end-workflow	Checkout code	2026-02-06T16:46:21.4768922Z Updating files:  49% (786/1582)
end-workflow	Checkout code	2026-02-06T16:46:25.3806414Z Updating files:  49% (787/1582)
end-workflow	Checkout code	2026-02-06T16:46:27.9648732Z Updating files:  49% (788/1582)
end-workflow	Checkout code	2026-02-06T16:46:30.0609425Z Updating files:  49% (789/1582)
end-workflow	Checkout code	2026-02-06T16:46:32.3083610Z Updating files:  49% (790/1582)
end-workflow	Checkout code	2026-02-06T16:46:34.6364897Z Updating files:  50% (791/1582)
end-workflow	Checkout code	2026-02-06T16:46:36.9403053Z Updating files:  50% (792/1582)
end-workflow	Checkout code	2026-02-06T16:46:38.7493007Z Updating files:  50% (793/1582)
end-workflow	Checkout code	2026-02-06T16:46:40.9793690Z Updating files:  50% (794/1582)
end-workflow	Checkout code	2026-02-06T16:46:43.1011766Z Updating files:  50% (795/1582)
end-workflow	Checkout code	2026-02-06T16:46:49.2765874Z Updating files:  50% (796/1582)
end-workflow	Checkout code	2026-02-06T16:46:52.6686939Z Updating files:  50% (797/1582)
end-workflow	Checkout code	2026-02-06T16:46:57.1970117Z Updating files:  50% (798/1582)
end-workflow	Checkout code	2026-02-06T16:46:59.8927724Z Updating files:  50% (799/1582)
end-workflow	Checkout code	2026-02-06T16:47:01.4619423Z Updating files:  50% (800/1582)
end-workflow	Checkout code	2026-02-06T16:47:02.0210645Z Updating files:  50% (801/1582)
end-workflow	Checkout code	2026-02-06T16:47:03.3074995Z Updating files:  50% (802/1582)
end-workflow	Checkout code	2026-02-06T16:47:03.7209854Z Updating files:  50% (804/1582)
end-workflow	Checkout code	2026-02-06T16:47:05.2766878Z Updating files:  50% (805/1582)
end-workflow	Checkout code	2026-02-06T16:47:06.0527360Z Updating files:  51% (807/1582)
end-workflow	Checkout code	2026-02-06T16:47:06.5815861Z Updating files:  51% (809/1582)
end-workflow	Checkout code	2026-02-06T16:47:07.6298005Z Updating files:  51% (810/1582)
end-workflow	Checkout code	2026-02-06T16:47:08.0161174Z Updating files:  51% (814/1582)
end-workflow	Checkout code	2026-02-06T16:47:10.1341205Z Updating files:  52% (823/1582)
end-workflow	Checkout code	2026-02-06T16:47:10.6445520Z Updating files:  52% (824/1582)
end-workflow	Checkout code	2026-02-06T16:47:12.4805570Z Updating files:  52% (825/1582)
end-workflow	Checkout code	2026-02-06T16:47:12.9051992Z Updating files:  52% (834/1582)
end-workflow	Checkout code	2026-02-06T16:47:13.9224937Z Updating files:  52% (835/1582)
end-workflow	Checkout code	2026-02-06T16:47:13.9240166Z Updating files:  52% (836/1582)
end-workflow	Checkout code	2026-02-06T16:47:13.9304144Z Updating files:  53% (839/1582)
end-workflow	Checkout code	2026-02-06T16:47:13.9383450Z Updating files:  54% (855/1582)
end-workflow	Checkout code	2026-02-06T16:47:13.9424604Z Updating files:  55% (871/1582)
end-workflow	Checkout code	2026-02-06T16:47:13.9472135Z Updating files:  56% (886/1582)
end-workflow	Checkout code	2026-02-06T16:47:13.9511492Z Updating files:  57% (902/1582)
end-workflow	Checkout code	2026-02-06T16:47:13.9554695Z Updating files:  58% (918/1582)
end-workflow	Checkout code	2026-02-06T16:47:13.9620894Z Updating files:  59% (934/1582)
end-workflow	Checkout code	2026-02-06T16:47:13.9663520Z Updating files:  60% (950/1582)
end-workflow	Checkout code	2026-02-06T16:47:13.9711402Z Updating files:  61% (966/1582)
end-workflow	Checkout code	2026-02-06T16:47:13.9740430Z Updating files:  62% (981/1582)
end-workflow	Checkout code	2026-02-06T16:47:14.7456050Z Updating files:  63% (997/1582)
end-workflow	Checkout code	2026-02-06T16:47:15.0823845Z Updating files:  63% (1009/1582)
end-workflow	Checkout code	2026-02-06T16:47:15.0871932Z Updating files:  64% (1013/1582)
end-workflow	Checkout code	2026-02-06T16:47:15.0923742Z Updating files:  65% (1029/1582)
end-workflow	Checkout code	2026-02-06T16:47:15.0968962Z Updating files:  66% (1045/1582)
end-workflow	Checkout code	2026-02-06T16:47:15.1013716Z Updating files:  67% (1060/1582)
end-workflow	Checkout code	2026-02-06T16:47:15.1064559Z Updating files:  68% (1076/1582)
end-workflow	Checkout code	2026-02-06T16:47:15.5610163Z Updating files:  69% (1092/1582)
end-workflow	Checkout code	2026-02-06T16:47:16.5870581Z Updating files:  69% (1099/1582)
end-workflow	Checkout code	2026-02-06T16:47:16.5908445Z Updating files:  69% (1100/1582)
end-workflow	Checkout code	2026-02-06T16:47:16.7323268Z Updating files:  70% (1108/1582)
end-workflow	Checkout code	2026-02-06T16:47:16.7744673Z Updating files:  71% (1124/1582)
end-workflow	Checkout code	2026-02-06T16:47:16.7785994Z Updating files:  72% (1140/1582)
end-workflow	Checkout code	2026-02-06T16:47:16.7864004Z Updating files:  73% (1155/1582)
end-workflow	Checkout code	2026-02-06T16:47:16.7898983Z Updating files:  74% (1171/1582)
end-workflow	Checkout code	2026-02-06T16:47:16.8198762Z Updating files:  75% (1187/1582)
end-workflow	Checkout code	2026-02-06T16:47:16.8229844Z Updating files:  76% (1203/1582)
end-workflow	Checkout code	2026-02-06T16:47:17.0674200Z Updating files:  77% (1219/1582)
end-workflow	Checkout code	2026-02-06T16:47:17.7668984Z Updating files:  78% (1234/1582)
end-workflow	Checkout code	2026-02-06T16:47:17.7886962Z Updating files:  78% (1239/1582)
end-workflow	Checkout code	2026-02-06T16:47:17.7906579Z Updating files:  79% (1250/1582)
end-workflow	Checkout code	2026-02-06T16:47:17.7928981Z Updating files:  80% (1266/1582)
end-workflow	Checkout code	2026-02-06T16:47:17.7956743Z Updating files:  81% (1282/1582)
end-workflow	Checkout code	2026-02-06T16:47:17.7985934Z Updating files:  82% (1298/1582)
end-workflow	Checkout code	2026-02-06T16:47:17.8007801Z Updating files:  83% (1314/1582)
end-workflow	Checkout code	2026-02-06T16:47:17.8024371Z Updating files:  84% (1329/1582)
end-workflow	Checkout code	2026-02-06T16:47:18.6778805Z Updating files:  85% (1345/1582)
end-workflow	Checkout code	2026-02-06T16:47:19.5542881Z Updating files:  85% (1355/1582)
end-workflow	Checkout code	2026-02-06T16:47:19.9804988Z Updating files:  85% (1359/1582)
end-workflow	Checkout code	2026-02-06T16:47:20.6406470Z Updating files:  86% (1361/1582)
end-workflow	Checkout code	2026-02-06T16:47:21.6412145Z Updating files:  86% (1365/1582)
end-workflow	Checkout code	2026-02-06T16:47:22.5582820Z Updating files:  86% (1369/1582)
end-workflow	Checkout code	2026-02-06T16:47:23.2960577Z Updating files:  86% (1373/1582)
end-workflow	Checkout code	2026-02-06T16:47:23.7993012Z Updating files:  87% (1377/1582)
end-workflow	Checkout code	2026-02-06T16:47:24.6048277Z Updating files:  87% (1379/1582)
end-workflow	Checkout code	2026-02-06T16:47:25.6127891Z Updating files:  87% (1383/1582)
end-workflow	Checkout code	2026-02-06T16:47:26.1671894Z Updating files:  87% (1391/1582)
end-workflow	Checkout code	2026-02-06T16:47:26.7561555Z Updating files:  88% (1393/1582)
end-workflow	Checkout code	2026-02-06T16:47:27.7945857Z Updating files:  88% (1395/1582)
end-workflow	Checkout code	2026-02-06T16:47:30.1363528Z Updating files:  88% (1398/1582)
end-workflow	Checkout code	2026-02-06T16:47:30.8175705Z Updating files:  88% (1401/1582)
end-workflow	Checkout code	2026-02-06T16:47:31.6710602Z Updating files:  88% (1403/1582)
end-workflow	Checkout code	2026-02-06T16:47:32.6952729Z Updating files:  88% (1405/1582)
end-workflow	Checkout code	2026-02-06T16:47:34.0565757Z Updating files:  89% (1408/1582)
end-workflow	Checkout code	2026-02-06T16:47:35.1350869Z Updating files:  89% (1411/1582)
end-workflow	Checkout code	2026-02-06T16:47:35.7868302Z Updating files:  89% (1413/1582)
end-workflow	Checkout code	2026-02-06T16:47:36.6072702Z Updating files:  89% (1414/1582)
end-workflow	Checkout code	2026-02-06T16:47:38.8954454Z Updating files:  89% (1419/1582)
end-workflow	Checkout code	2026-02-06T16:47:38.9233024Z Updating files:  89% (1421/1582)
end-workflow	Checkout code	2026-02-06T16:47:39.7530693Z Updating files:  90% (1424/1582)
end-workflow	Checkout code	2026-02-06T16:47:40.7025545Z Updating files:  90% (1429/1582)
end-workflow	Checkout code	2026-02-06T16:47:41.7139512Z Updating files:  90% (1431/1582)
end-workflow	Checkout code	2026-02-06T16:47:42.3718235Z Updating files:  90% (1438/1582)
end-workflow	Checkout code	2026-02-06T16:47:42.6224871Z Updating files:  91% (1440/1582)
end-workflow	Checkout code	2026-02-06T16:47:43.6315193Z Updating files:  91% (1442/1582)
end-workflow	Checkout code	2026-02-06T16:47:45.3889928Z Updating files:  91% (1446/1582)
end-workflow	Checkout code	2026-02-06T16:47:46.0427476Z Updating files:  91% (1451/1582)
end-workflow	Checkout code	2026-02-06T16:47:46.7603957Z Updating files:  91% (1452/1582)
end-workflow	Checkout code	2026-02-06T16:47:46.7949749Z Updating files:  91% (1453/1582)
end-workflow	Checkout code	2026-02-06T16:47:47.7273447Z Updating files:  92% (1456/1582)
end-workflow	Checkout code	2026-02-06T16:47:47.7323066Z Updating files:  92% (1458/1582)
end-workflow	Checkout code	2026-02-06T16:47:47.7371554Z Updating files:  93% (1472/1582)
end-workflow	Checkout code	2026-02-06T16:47:47.7419214Z Updating files:  94% (1488/1582)
end-workflow	Checkout code	2026-02-06T16:47:47.9865008Z Updating files:  95% (1503/1582)
end-workflow	Checkout code	2026-02-06T16:47:47.9930563Z Updating files:  96% (1519/1582)
end-workflow	Checkout code	2026-02-06T16:47:47.9991020Z Updating files:  97% (1535/1582)
end-workflow	Checkout code	2026-02-06T16:47:48.0046066Z Updating files:  98% (1551/1582)
end-workflow	Checkout code	2026-02-06T16:47:48.0078299Z Updating files:  99% (1567/1582)
end-workflow	Checkout code	2026-02-06T16:47:48.0079542Z Updating files: 100% (1582/1582)
end-workflow	Checkout code	2026-02-06T16:47:48.0081633Z Updating files: 100% (1582/1582), done.
end-workflow	Checkout code	2026-02-06T16:47:49.5287843Z Switched to a new branch 'main'
end-workflow	Checkout code	2026-02-06T16:47:49.5298789Z branch 'main' set up to track 'origin/main'.
end-workflow	Checkout code	2026-02-06T16:47:49.5745806Z ##[endgroup]
end-workflow	Checkout code	2026-02-06T16:47:49.5876966Z [command]/usr/bin/git log -1 --format=%H
end-workflow	Checkout code	2026-02-06T16:47:49.5967898Z 3f8b59f48c24da5e943b21b44f36d01d3e2e1b80
end-workflow	Install GH CLI	ï»¿2026-02-06T16:47:49.6584217Z Prepare all required actions
end-workflow	Install GH CLI	2026-02-06T16:47:50.0376282Z ##[group]Run ./.github/actions/install-gh-cli
end-workflow	Install GH CLI	2026-02-06T16:47:50.0376881Z env:
end-workflow	Install GH CLI	2026-02-06T16:47:50.0377354Z   KAOS_MODULE: [Ka0S] Audit Pods
end-workflow	Install GH CLI	2026-02-06T16:47:50.0377769Z   KAOS_CODE: 21757051689
end-workflow	Install GH CLI	2026-02-06T16:47:50.0378433Z   GH_TOKEN: ***
end-workflow	Install GH CLI	2026-02-06T16:47:50.0378744Z ##[endgroup]
end-workflow	Install GH CLI	2026-02-06T16:47:50.3279979Z ##[group]Run type -p curl >/dev/null || (sudo apt-get update && sudo apt-get install curl -y)
end-workflow	Install GH CLI	2026-02-06T16:47:50.3282145Z [36;1mtype -p curl >/dev/null || (sudo apt-get update && sudo apt-get install curl -y)[0m
end-workflow	Install GH CLI	2026-02-06T16:47:50.3285052Z [36;1mcurl -fsSL https://cli.github.com/packages/githubcli-archive-keyring.gpg | sudo dd of=/usr/share/keyrings/githubcli-archive-keyring.gpg \[0m
end-workflow	Install GH CLI	2026-02-06T16:47:50.3288576Z [36;1m&& sudo chmod go+r /usr/share/keyrings/githubcli-archive-keyring.gpg \[0m
end-workflow	Install GH CLI	2026-02-06T16:47:50.3292384Z [36;1m&& echo "deb [arch=$(dpkg --print-architecture) signed-by=/usr/share/keyrings/githubcli-archive-keyring.gpg] https://cli.github.com/packages stable main" | sudo tee /etc/apt/sources.list.d/github-cli.list > /dev/null \[0m
end-workflow	Install GH CLI	2026-02-06T16:47:50.3295900Z [36;1m&& sudo apt-get update \[0m
end-workflow	Install GH CLI	2026-02-06T16:47:50.3296757Z [36;1m&& sudo apt-get install gh -y[0m
end-workflow	Install GH CLI	2026-02-06T16:47:50.3333678Z shell: /usr/bin/bash --noprofile --norc -e -o pipefail {0}
end-workflow	Install GH CLI	2026-02-06T16:47:50.3334769Z env:
end-workflow	Install GH CLI	2026-02-06T16:47:50.3335315Z   KAOS_MODULE: [Ka0S] Audit Pods
end-workflow	Install GH CLI	2026-02-06T16:47:50.3336058Z   KAOS_CODE: 21757051689
end-workflow	Install GH CLI	2026-02-06T16:47:50.3337698Z   GH_TOKEN: ***
end-workflow	Install GH CLI	2026-02-06T16:47:50.3338292Z ##[endgroup]
end-workflow	Install GH CLI	2026-02-06T16:48:02.0770295Z 4+1 records in
end-workflow	Install GH CLI	2026-02-06T16:48:02.0774007Z 4+1 records out
end-workflow	Install GH CLI	2026-02-06T16:48:02.0776008Z 2270 bytes (2.3 kB, 2.2 KiB) copied, 0.000217165 s, 10.5 MB/s
end-workflow	Install GH CLI	2026-02-06T16:48:33.7180683Z Get:1 https://cli.github.com/packages stable InRelease [3917 B]
end-workflow	Install GH CLI	2026-02-06T16:48:33.7273971Z Get:2 http://security.ubuntu.com/ubuntu noble-security InRelease [126 kB]
end-workflow	Install GH CLI	2026-02-06T16:48:33.8468376Z Get:3 http://archive.ubuntu.com/ubuntu noble InRelease [256 kB]
end-workflow	Install GH CLI	2026-02-06T16:48:33.8768050Z Get:4 https://ppa.launchpadcontent.net/git-core/ppa/ubuntu noble InRelease [24.3 kB]
end-workflow	Install GH CLI	2026-02-06T16:48:34.7733560Z Get:5 http://archive.ubuntu.com/ubuntu noble-updates InRelease [126 kB]
end-workflow	Install GH CLI	2026-02-06T16:48:34.8150739Z Get:6 https://ppa.launchpadcontent.net/git-core/ppa/ubuntu noble/main amd64 Packages [2994 B]
end-workflow	Install GH CLI	2026-02-06T16:48:34.9763893Z Get:7 http://security.ubuntu.com/ubuntu noble-security/universe amd64 Packages [1199 kB]
end-workflow	Install GH CLI	2026-02-06T16:48:34.9790142Z Get:8 https://cli.github.com/packages stable/main amd64 Packages [356 B]
end-workflow	Install GH CLI	2026-02-06T16:48:35.2366926Z Get:9 http://archive.ubuntu.com/ubuntu noble-backports InRelease [126 kB]
end-workflow	Install GH CLI	2026-02-06T16:48:36.0498375Z Get:10 http://archive.ubuntu.com/ubuntu noble/multiverse amd64 Packages [331 kB]
end-workflow	Install GH CLI	2026-02-06T16:48:36.1049239Z Get:11 http://security.ubuntu.com/ubuntu noble-security/main amd64 Packages [1802 kB]
end-workflow	Install GH CLI	2026-02-06T16:48:36.7580093Z Get:12 http://archive.ubuntu.com/ubuntu noble/restricted amd64 Packages [117 kB]
end-workflow	Install GH CLI	2026-02-06T16:48:36.8620738Z Get:13 http://archive.ubuntu.com/ubuntu noble/universe amd64 Packages [19.3 MB]
end-workflow	Install GH CLI	2026-02-06T16:48:37.6869154Z Get:14 http://security.ubuntu.com/ubuntu noble-security/restricted amd64 Packages [3061 kB]
end-workflow	Install GH CLI	2026-02-06T16:48:40.3062001Z Get:15 http://security.ubuntu.com/ubuntu noble-security/multiverse amd64 Packages [34.8 kB]
end-workflow	Install GH CLI	2026-02-06T16:48:43.4103036Z Get:16 http://archive.ubuntu.com/ubuntu noble/main amd64 Packages [1808 kB]
end-workflow	Install GH CLI	2026-02-06T16:48:45.0028483Z Get:17 http://archive.ubuntu.com/ubuntu noble-updates/restricted amd64 Packages [3280 kB]
end-workflow	Install GH CLI	2026-02-06T16:48:47.1032622Z Get:18 http://archive.ubuntu.com/ubuntu noble-updates/main amd64 Packages [2198 kB]
end-workflow	Install GH CLI	2026-02-06T16:48:50.0502821Z Get:19 http://archive.ubuntu.com/ubuntu noble-updates/universe amd64 Packages [1978 kB]
end-workflow	Install GH CLI	2026-02-06T16:48:51.6081244Z Get:20 http://archive.ubuntu.com/ubuntu noble-updates/multiverse amd64 Packages [38.1 kB]
end-workflow	Install GH CLI	2026-02-06T16:48:52.4465129Z Get:21 http://archive.ubuntu.com/ubuntu noble-backports/main amd64 Packages [49.5 kB]
end-workflow	Install GH CLI	2026-02-06T16:48:52.4475761Z Get:22 http://archive.ubuntu.com/ubuntu noble-backports/universe amd64 Packages [34.6 kB]
end-workflow	Install GH CLI	2026-02-06T16:48:57.0264227Z Fetched 35.9 MB in 19s (1899 kB/s)
end-workflow	Install GH CLI	2026-02-06T16:48:59.5800164Z Reading package lists...
end-workflow	Install GH CLI	2026-02-06T16:49:09.3879824Z Reading package lists...
end-workflow	Install GH CLI	2026-02-06T16:49:09.7024844Z Building dependency tree...
end-workflow	Install GH CLI	2026-02-06T16:49:09.7027122Z Reading state information...
end-workflow	Install GH CLI	2026-02-06T16:49:30.6305528Z The following NEW packages will be installed:
end-workflow	Install GH CLI	2026-02-06T16:49:30.6337392Z   gh
end-workflow	Install GH CLI	2026-02-06T16:49:31.1211101Z 0 upgraded, 1 newly installed, 0 to remove and 17 not upgraded.
end-workflow	Install GH CLI	2026-02-06T16:49:31.1213262Z Need to get 13.7 MB of archives.
end-workflow	Install GH CLI	2026-02-06T16:49:31.1215396Z After this operation, 37.9 MB of additional disk space will be used.
end-workflow	Install GH CLI	2026-02-06T16:49:31.1218449Z Get:1 https://cli.github.com/packages stable/main amd64 gh amd64 2.86.0 [13.7 MB]
end-workflow	Install GH CLI	2026-02-06T16:49:49.2344106Z debconf: delaying package configuration, since apt-utils is not installed
end-workflow	Install GH CLI	2026-02-06T16:49:50.2977383Z Fetched 13.7 MB in 4s (3572 kB/s)
end-workflow	Install GH CLI	2026-02-06T16:49:59.9444071Z Selecting previously unselected package gh.
end-workflow	Install GH CLI	2026-02-06T16:49:59.9491718Z (Reading database ... 
end-workflow	Install GH CLI	2026-02-06T16:49:59.9493415Z (Reading database ... 5%
end-workflow	Install GH CLI	2026-02-06T16:49:59.9502708Z (Reading database ... 10%
end-workflow	Install GH CLI	2026-02-06T16:49:59.9504670Z (Reading database ... 15%
end-workflow	Install GH CLI	2026-02-06T16:49:59.9509822Z (Reading database ... 20%
end-workflow	Install GH CLI	2026-02-06T16:49:59.9510547Z (Reading database ... 25%
end-workflow	Install GH CLI	2026-02-06T16:49:59.9511188Z (Reading database ... 30%
end-workflow	Install GH CLI	2026-02-06T16:49:59.9511842Z (Reading database ... 35%
end-workflow	Install GH CLI	2026-02-06T16:49:59.9512493Z (Reading database ... 40%
end-workflow	Install GH CLI	2026-02-06T16:49:59.9518467Z (Reading database ... 45%
end-workflow	Install GH CLI	2026-02-06T16:49:59.9519250Z (Reading database ... 50%
end-workflow	Install GH CLI	2026-02-06T16:49:59.9519943Z (Reading database ... 55%
end-workflow	Install GH CLI	2026-02-06T16:49:59.9520568Z (Reading database ... 60%
end-workflow	Install GH CLI	2026-02-06T16:49:59.9527421Z (Reading database ... 65%
end-workflow	Install GH CLI	2026-02-06T16:49:59.9543386Z (Reading database ... 70%
end-workflow	Install GH CLI	2026-02-06T16:49:59.9560302Z (Reading database ... 75%
end-workflow	Install GH CLI	2026-02-06T16:49:59.9579310Z (Reading database ... 80%
end-workflow	Install GH CLI	2026-02-06T16:49:59.9591499Z (Reading database ... 85%
end-workflow	Install GH CLI	2026-02-06T16:49:59.9600127Z (Reading database ... 90%
end-workflow	Install GH CLI	2026-02-06T16:49:59.9624416Z (Reading database ... 95%
end-workflow	Install GH CLI	2026-02-06T16:49:59.9626292Z (Reading database ... 100%
end-workflow	Install GH CLI	2026-02-06T16:49:59.9628175Z (Reading database ... 14385 files and directories currently installed.)
end-workflow	Install GH CLI	2026-02-06T16:49:59.9652442Z Preparing to unpack .../archives/gh_2.86.0_amd64.deb ...
end-workflow	Install GH CLI	2026-02-06T16:50:02.2829567Z Unpacking gh (2.86.0) ...
end-workflow	Install GH CLI	2026-02-06T16:50:14.1195298Z Setting up gh (2.86.0) ...
end-workflow	Finaliza el workflow	ï»¿2026-02-06T16:50:16.3016923Z ##[group]Run echo "End process"
end-workflow	Finaliza el workflow	2026-02-06T16:50:16.3023688Z [36;1mecho "End process"[0m
end-workflow	Finaliza el workflow	2026-02-06T16:50:16.3025105Z [36;1mgh workflow run inspector.yml --ref refs/heads/main -f kaos-workflow-id="21757051689"[0m
end-workflow	Finaliza el workflow	2026-02-06T16:50:16.3044764Z shell: /usr/bin/bash -e {0}
end-workflow	Finaliza el workflow	2026-02-06T16:50:16.3045441Z env:
end-workflow	Finaliza el workflow	2026-02-06T16:50:16.3045944Z   KAOS_MODULE: [Ka0S] Audit Pods
end-workflow	Finaliza el workflow	2026-02-06T16:50:16.3046698Z   KAOS_CODE: 21757051689
end-workflow	Finaliza el workflow	2026-02-06T16:50:16.3149465Z   GH_TOKEN: ***
end-workflow	Finaliza el workflow	2026-02-06T16:50:16.3150061Z ##[endgroup]
end-workflow	Finaliza el workflow	2026-02-06T16:50:16.5118347Z End process
end-workflow	Post Checkout code	ï»¿2026-02-06T16:50:18.4763995Z Post job cleanup.
end-workflow	Post Checkout code	2026-02-06T16:50:19.1169014Z [command]/usr/bin/git version
end-workflow	Post Checkout code	2026-02-06T16:50:19.1439760Z git version 2.52.0
end-workflow	Post Checkout code	2026-02-06T16:50:19.1764847Z Temporarily overriding HOME='/home/runner/_work/_temp/07dca50c-9d47-40c0-af92-4c2e8ad75130' before making global git config changes
end-workflow	Post Checkout code	2026-02-06T16:50:19.1800415Z Adding repository directory to the temporary git global config as a safe directory
end-workflow	Post Checkout code	2026-02-06T16:50:19.1868623Z [command]/usr/bin/git config --global --add safe.directory /home/runner/_work/ka0s/ka0s
end-workflow	Post Checkout code	2026-02-06T16:50:19.2226785Z [command]/usr/bin/git config --local --name-only --get-regexp core\.sshCommand
end-workflow	Post Checkout code	2026-02-06T16:50:19.2490363Z [command]/usr/bin/git submodule foreach --recursive sh -c "git config --local --name-only --get-regexp 'core\.sshCommand' && git config --local --unset-all 'core.sshCommand' || :"
end-workflow	Post Checkout code	2026-02-06T16:50:19.4095230Z [command]/usr/bin/git config --local --name-only --get-regexp http\.https\:\/\/github\.com\/\.extraheader
end-workflow	Post Checkout code	2026-02-06T16:50:19.4200648Z http.https://github.com/.extraheader
end-workflow	Post Checkout code	2026-02-06T16:50:19.4310675Z [command]/usr/bin/git config --local --unset-all http.https://github.com/.extraheader
end-workflow	Post Checkout code	2026-02-06T16:50:19.4599409Z [command]/usr/bin/git submodule foreach --recursive sh -c "git config --local --name-only --get-regexp 'http\.https\:\/\/github\.com\/\.extraheader' && git config --local --unset-all 'http.https://github.com/.extraheader' || :"
end-workflow	Post Checkout code	2026-02-06T16:50:19.6224130Z [command]/usr/bin/git config --local --name-only --get-regexp ^includeIf\.gitdir:
end-workflow	Post Checkout code	2026-02-06T16:50:19.6428925Z [command]/usr/bin/git submodule foreach --recursive git config --local --show-origin --name-only --get-regexp remote.origin.url
end-workflow	Complete job	ï»¿2026-02-06T16:50:19.7866378Z Cleaning up orphan processes
