audit-pods	Set up job	ï»¿2026-02-07T22:21:00.7799494Z Current runner version: '2.331.0'
audit-pods	Set up job	2026-02-07T22:21:00.7814555Z Runner name: 'swarm-runners-scaleset-hkss5-runner-l9fnz'
audit-pods	Set up job	2026-02-07T22:21:00.7816510Z Runner group name: 'Default'
audit-pods	Set up job	2026-02-07T22:21:00.7818582Z Machine name: 'swarm-runners-scaleset-hkss5-runner-l9fnz'
audit-pods	Set up job	2026-02-07T22:21:00.7826158Z ##[group]GITHUB_TOKEN Permissions
audit-pods	Set up job	2026-02-07T22:21:00.7830979Z Actions: write
audit-pods	Set up job	2026-02-07T22:21:00.7831883Z Contents: write
audit-pods	Set up job	2026-02-07T22:21:00.7832726Z Issues: write
audit-pods	Set up job	2026-02-07T22:21:00.7833554Z Metadata: read
audit-pods	Set up job	2026-02-07T22:21:00.7834376Z ##[endgroup]
audit-pods	Set up job	2026-02-07T22:21:00.7838297Z Secret source: Actions
audit-pods	Set up job	2026-02-07T22:21:00.7839419Z Prepare workflow directory
audit-pods	Set up job	2026-02-07T22:21:00.8989737Z Prepare all required actions
audit-pods	Set up job	2026-02-07T22:21:00.9058739Z Getting action download info
audit-pods	Set up job	2026-02-07T22:21:01.5796409Z Download action repository 'actions/checkout@v4' (SHA:34e114876b0b11c390a56381ad16ebd13914f8d5)
audit-pods	Set up job	2026-02-07T22:21:02.9715665Z Complete job name: audit-pods
audit-pods	Checkout repository	ï»¿2026-02-07T22:21:03.1022467Z ##[group]Run actions/checkout@v4
audit-pods	Checkout repository	2026-02-07T22:21:03.1026007Z with:
audit-pods	Checkout repository	2026-02-07T22:21:03.1028166Z   repository: Ka0s-Klaus/ka0s
audit-pods	Checkout repository	2026-02-07T22:21:03.1030997Z   token: ***
audit-pods	Checkout repository	2026-02-07T22:21:03.1033028Z   ssh-strict: true
audit-pods	Checkout repository	2026-02-07T22:21:03.1035118Z   ssh-user: git
audit-pods	Checkout repository	2026-02-07T22:21:03.1037256Z   persist-credentials: true
audit-pods	Checkout repository	2026-02-07T22:21:03.1039256Z   clean: true
audit-pods	Checkout repository	2026-02-07T22:21:03.1040382Z   sparse-checkout-cone-mode: true
audit-pods	Checkout repository	2026-02-07T22:21:03.1041708Z   fetch-depth: 1
audit-pods	Checkout repository	2026-02-07T22:21:03.1042795Z   fetch-tags: false
audit-pods	Checkout repository	2026-02-07T22:21:03.1043917Z   show-progress: true
audit-pods	Checkout repository	2026-02-07T22:21:03.1045084Z   lfs: false
audit-pods	Checkout repository	2026-02-07T22:21:03.1046135Z   submodules: false
audit-pods	Checkout repository	2026-02-07T22:21:03.1047615Z   set-safe-directory: true
audit-pods	Checkout repository	2026-02-07T22:21:03.1049665Z env:
audit-pods	Checkout repository	2026-02-07T22:21:03.1050750Z   KAOS_MODULE: [Ka0S] Audit Pods
audit-pods	Checkout repository	2026-02-07T22:21:03.1052017Z   KAOS_CODE: 21787841741
audit-pods	Checkout repository	2026-02-07T22:21:03.1053152Z ##[endgroup]
audit-pods	Checkout repository	2026-02-07T22:21:03.3473397Z Syncing repository: Ka0s-Klaus/ka0s
audit-pods	Checkout repository	2026-02-07T22:21:03.3479721Z ##[group]Getting Git version info
audit-pods	Checkout repository	2026-02-07T22:21:03.3482581Z Working directory is '/home/runner/_work/ka0s/ka0s'
audit-pods	Checkout repository	2026-02-07T22:21:03.3486400Z [command]/usr/bin/git version
audit-pods	Checkout repository	2026-02-07T22:21:03.3488985Z git version 2.52.0
audit-pods	Checkout repository	2026-02-07T22:21:03.3496280Z ##[endgroup]
audit-pods	Checkout repository	2026-02-07T22:21:03.3524049Z Temporarily overriding HOME='/home/runner/_work/_temp/878fb953-9863-4ae5-a0f1-8cc52c1c3e67' before making global git config changes
audit-pods	Checkout repository	2026-02-07T22:21:03.3529264Z Adding repository directory to the temporary git global config as a safe directory
audit-pods	Checkout repository	2026-02-07T22:21:03.3538202Z [command]/usr/bin/git config --global --add safe.directory /home/runner/_work/ka0s/ka0s
audit-pods	Checkout repository	2026-02-07T22:21:03.3612286Z Deleting the contents of '/home/runner/_work/ka0s/ka0s'
audit-pods	Checkout repository	2026-02-07T22:21:03.3620214Z ##[group]Initializing the repository
audit-pods	Checkout repository	2026-02-07T22:21:03.3628863Z [command]/usr/bin/git init /home/runner/_work/ka0s/ka0s
audit-pods	Checkout repository	2026-02-07T22:21:03.3698505Z hint: Using 'master' as the name for the initial branch. This default branch name
audit-pods	Checkout repository	2026-02-07T22:21:03.3701471Z hint: will change to "main" in Git 3.0. To configure the initial branch name
audit-pods	Checkout repository	2026-02-07T22:21:03.3703837Z hint: to use in all of your new repositories, which will suppress this warning,
audit-pods	Checkout repository	2026-02-07T22:21:03.3705624Z hint: call:
audit-pods	Checkout repository	2026-02-07T22:21:03.3706651Z hint:
audit-pods	Checkout repository	2026-02-07T22:21:03.3708126Z hint: 	git config --global init.defaultBranch <name>
audit-pods	Checkout repository	2026-02-07T22:21:03.3709619Z hint:
audit-pods	Checkout repository	2026-02-07T22:21:03.3710994Z hint: Names commonly chosen instead of 'master' are 'main', 'trunk' and
audit-pods	Checkout repository	2026-02-07T22:21:03.3713842Z hint: 'development'. The just-created branch can be renamed via this command:
audit-pods	Checkout repository	2026-02-07T22:21:03.3715660Z hint:
audit-pods	Checkout repository	2026-02-07T22:21:03.3716699Z hint: 	git branch -m <name>
audit-pods	Checkout repository	2026-02-07T22:21:03.3718140Z hint:
audit-pods	Checkout repository	2026-02-07T22:21:03.3719636Z hint: Disable this message with "git config set advice.defaultBranchName false"
audit-pods	Checkout repository	2026-02-07T22:21:03.3722196Z Initialized empty Git repository in /home/runner/_work/ka0s/ka0s/.git/
audit-pods	Checkout repository	2026-02-07T22:21:03.3726617Z [command]/usr/bin/git remote add origin https://github.com/Ka0s-Klaus/ka0s
audit-pods	Checkout repository	2026-02-07T22:21:03.3773049Z ##[endgroup]
audit-pods	Checkout repository	2026-02-07T22:21:03.3775746Z ##[group]Disabling automatic garbage collection
audit-pods	Checkout repository	2026-02-07T22:21:03.3781476Z [command]/usr/bin/git config --local gc.auto 0
audit-pods	Checkout repository	2026-02-07T22:21:03.3829496Z ##[endgroup]
audit-pods	Checkout repository	2026-02-07T22:21:03.3831365Z ##[group]Setting up auth
audit-pods	Checkout repository	2026-02-07T22:21:03.3842730Z [command]/usr/bin/git config --local --name-only --get-regexp core\.sshCommand
audit-pods	Checkout repository	2026-02-07T22:21:03.3896894Z [command]/usr/bin/git submodule foreach --recursive sh -c "git config --local --name-only --get-regexp 'core\.sshCommand' && git config --local --unset-all 'core.sshCommand' || :"
audit-pods	Checkout repository	2026-02-07T22:21:03.4226281Z [command]/usr/bin/git config --local --name-only --get-regexp http\.https\:\/\/github\.com\/\.extraheader
audit-pods	Checkout repository	2026-02-07T22:21:03.4275898Z [command]/usr/bin/git submodule foreach --recursive sh -c "git config --local --name-only --get-regexp 'http\.https\:\/\/github\.com\/\.extraheader' && git config --local --unset-all 'http.https://github.com/.extraheader' || :"
audit-pods	Checkout repository	2026-02-07T22:21:03.4679141Z [command]/usr/bin/git config --local --name-only --get-regexp ^includeIf\.gitdir:
audit-pods	Checkout repository	2026-02-07T22:21:03.4862723Z [command]/usr/bin/git submodule foreach --recursive git config --local --show-origin --name-only --get-regexp remote.origin.url
audit-pods	Checkout repository	2026-02-07T22:21:03.5158981Z [command]/usr/bin/git config --local http.https://github.com/.extraheader AUTHORIZATION: basic ***
audit-pods	Checkout repository	2026-02-07T22:21:03.5223675Z ##[endgroup]
audit-pods	Checkout repository	2026-02-07T22:21:03.5227465Z ##[group]Fetching the repository
audit-pods	Checkout repository	2026-02-07T22:21:03.5258361Z [command]/usr/bin/git -c protocol.version=2 fetch --no-tags --prune --no-recurse-submodules --depth=1 origin +c931d7adf17ee9130779619be156095766124867:refs/remotes/origin/main
audit-pods	Checkout repository	2026-02-07T22:21:15.6026788Z From https://github.com/Ka0s-Klaus/ka0s
audit-pods	Checkout repository	2026-02-07T22:21:15.6030690Z  * [new ref]         c931d7adf17ee9130779619be156095766124867 -> origin/main
audit-pods	Checkout repository	2026-02-07T22:21:15.6099072Z ##[endgroup]
audit-pods	Checkout repository	2026-02-07T22:21:15.6101109Z ##[group]Determining the checkout info
audit-pods	Checkout repository	2026-02-07T22:21:15.6104394Z ##[endgroup]
audit-pods	Checkout repository	2026-02-07T22:21:15.6119999Z [command]/usr/bin/git sparse-checkout disable
audit-pods	Checkout repository	2026-02-07T22:21:15.6556360Z [command]/usr/bin/git config --local --unset-all extensions.worktreeConfig
audit-pods	Checkout repository	2026-02-07T22:21:15.6619378Z ##[group]Checking out the ref
audit-pods	Checkout repository	2026-02-07T22:21:15.6628750Z [command]/usr/bin/git checkout --progress --force -B main refs/remotes/origin/main
audit-pods	Checkout repository	2026-02-07T22:21:16.7438975Z Updating files:  72% (1297/1779)
audit-pods	Checkout repository	2026-02-07T22:21:16.7525076Z Updating files:  73% (1299/1779)
audit-pods	Checkout repository	2026-02-07T22:21:16.7604315Z Updating files:  74% (1317/1779)
audit-pods	Checkout repository	2026-02-07T22:21:16.7627393Z Updating files:  75% (1335/1779)
audit-pods	Checkout repository	2026-02-07T22:21:16.7653615Z Updating files:  76% (1353/1779)
audit-pods	Checkout repository	2026-02-07T22:21:16.7669055Z Updating files:  77% (1370/1779)
audit-pods	Checkout repository	2026-02-07T22:21:16.7698237Z Updating files:  78% (1388/1779)
audit-pods	Checkout repository	2026-02-07T22:21:16.7716183Z Updating files:  79% (1406/1779)
audit-pods	Checkout repository	2026-02-07T22:21:16.8324688Z Updating files:  80% (1424/1779)
audit-pods	Checkout repository	2026-02-07T22:21:16.8337973Z Updating files:  81% (1441/1779)
audit-pods	Checkout repository	2026-02-07T22:21:16.8351859Z Updating files:  82% (1459/1779)
audit-pods	Checkout repository	2026-02-07T22:21:16.8362539Z Updating files:  83% (1477/1779)
audit-pods	Checkout repository	2026-02-07T22:21:16.8376073Z Updating files:  84% (1495/1779)
audit-pods	Checkout repository	2026-02-07T22:21:16.8387663Z Updating files:  85% (1513/1779)
audit-pods	Checkout repository	2026-02-07T22:21:16.8915558Z Updating files:  86% (1530/1779)
audit-pods	Checkout repository	2026-02-07T22:21:16.9485740Z Updating files:  87% (1548/1779)
audit-pods	Checkout repository	2026-02-07T22:21:17.0090672Z Updating files:  88% (1566/1779)
audit-pods	Checkout repository	2026-02-07T22:21:17.1332602Z Updating files:  89% (1584/1779)
audit-pods	Checkout repository	2026-02-07T22:21:17.2819341Z Updating files:  90% (1602/1779)
audit-pods	Checkout repository	2026-02-07T22:21:17.4344816Z Updating files:  91% (1619/1779)
audit-pods	Checkout repository	2026-02-07T22:21:17.5968259Z Updating files:  92% (1637/1779)
audit-pods	Checkout repository	2026-02-07T22:21:17.5989934Z Updating files:  93% (1655/1779)
audit-pods	Checkout repository	2026-02-07T22:21:17.6011353Z Updating files:  94% (1673/1779)
audit-pods	Checkout repository	2026-02-07T22:21:17.6030095Z Updating files:  95% (1691/1779)
audit-pods	Checkout repository	2026-02-07T22:21:17.6125577Z Updating files:  96% (1708/1779)
audit-pods	Checkout repository	2026-02-07T22:21:17.6152218Z Updating files:  97% (1726/1779)
audit-pods	Checkout repository	2026-02-07T22:21:17.6168229Z Updating files:  98% (1744/1779)
audit-pods	Checkout repository	2026-02-07T22:21:17.6189180Z Updating files:  99% (1762/1779)
audit-pods	Checkout repository	2026-02-07T22:21:17.6190440Z Updating files: 100% (1779/1779)
audit-pods	Checkout repository	2026-02-07T22:21:17.6193178Z Updating files: 100% (1779/1779), done.
audit-pods	Checkout repository	2026-02-07T22:21:17.6266558Z Switched to a new branch 'main'
audit-pods	Checkout repository	2026-02-07T22:21:17.6273732Z branch 'main' set up to track 'origin/main'.
audit-pods	Checkout repository	2026-02-07T22:21:17.6438394Z ##[endgroup]
audit-pods	Checkout repository	2026-02-07T22:21:17.6513605Z [command]/usr/bin/git log -1 --format=%H
audit-pods	Checkout repository	2026-02-07T22:21:17.6553999Z c931d7adf17ee9130779619be156095766124867
audit-pods	Execute Audit Script	ï»¿2026-02-07T22:21:17.7314289Z Prepare all required actions
audit-pods	Execute Audit Script	2026-02-07T22:21:17.7651893Z ##[group]Run ./.github/actions/ssh-exec
audit-pods	Execute Audit Script	2026-02-07T22:21:17.7652856Z with:
audit-pods	Execute Audit Script	2026-02-07T22:21:17.7654011Z   host: ***
audit-pods	Execute Audit Script	2026-02-07T22:21:17.7654770Z   username: ***
audit-pods	Execute Audit Script	2026-02-07T22:21:17.7662203Z   key: ***
audit-pods	Execute Audit Script	2026-02-07T22:21:17.7662930Z   port: ***
audit-pods	Execute Audit Script	2026-02-07T22:21:17.7663578Z   use-sudo: true
audit-pods	Execute Audit Script	2026-02-07T22:21:17.7664316Z   pass: ***
audit-pods	Execute Audit Script	2026-02-07T22:21:17.7665149Z   script-path: devops/core/k8s/audit-failed-pods.sh
audit-pods	Execute Audit Script	2026-02-07T22:21:17.7666318Z   remote-results-path: /tmp/results
audit-pods	Execute Audit Script	2026-02-07T22:21:17.7667442Z   local-results-path: audit/kube/
audit-pods	Execute Audit Script	2026-02-07T22:21:17.7668399Z   remote-tmp-dir: /tmp
audit-pods	Execute Audit Script	2026-02-07T22:21:17.7668941Z env:
audit-pods	Execute Audit Script	2026-02-07T22:21:17.7669325Z   KAOS_MODULE: [Ka0S] Audit Pods
audit-pods	Execute Audit Script	2026-02-07T22:21:17.7669824Z   KAOS_CODE: 21787841741
audit-pods	Execute Audit Script	2026-02-07T22:21:17.7670242Z ##[endgroup]
audit-pods	Execute Audit Script	2026-02-07T22:21:17.7999268Z ##[group]Run echo "***
audit-pods	Execute Audit Script	2026-02-07T22:21:17.8000549Z [36;1mecho "***[0m
audit-pods	Execute Audit Script	2026-02-07T22:21:17.8002135Z [36;1m***[0m
audit-pods	Execute Audit Script	2026-02-07T22:21:17.8003670Z [36;1m***[0m
audit-pods	Execute Audit Script	2026-02-07T22:21:17.8005208Z [36;1m***[0m
audit-pods	Execute Audit Script	2026-02-07T22:21:17.8006223Z [36;1m***[0m
audit-pods	Execute Audit Script	2026-02-07T22:21:17.8007380Z [36;1m***[0m
audit-pods	Execute Audit Script	2026-02-07T22:21:17.8008358Z [36;1m***" > /home/runner/_work/_temp/ssh_key[0m
audit-pods	Execute Audit Script	2026-02-07T22:21:17.8009182Z [36;1mchmod 600 /home/runner/_work/_temp/ssh_key[0m
audit-pods	Execute Audit Script	2026-02-07T22:21:17.8034882Z shell: /usr/bin/bash --noprofile --norc -e -o pipefail {0}
audit-pods	Execute Audit Script	2026-02-07T22:21:17.8035790Z env:
audit-pods	Execute Audit Script	2026-02-07T22:21:17.8036228Z   KAOS_MODULE: [Ka0S] Audit Pods
audit-pods	Execute Audit Script	2026-02-07T22:21:17.8036782Z   KAOS_CODE: 21787841741
audit-pods	Execute Audit Script	2026-02-07T22:21:17.8037527Z ##[endgroup]
audit-pods	Execute Audit Script	2026-02-07T22:21:17.8338518Z ##[group]Run scp -o StrictHostKeyChecking=no -i /home/runner/_work/_temp/ssh_key -P *** devops/core/k8s/audit-failed-pods.sh ***@***:/tmp
audit-pods	Execute Audit Script	2026-02-07T22:21:17.8342031Z [36;1mscp -o StrictHostKeyChecking=no -i /home/runner/_work/_temp/ssh_key -P *** devops/core/k8s/audit-failed-pods.sh ***@***:/tmp[0m
audit-pods	Execute Audit Script	2026-02-07T22:21:17.8359004Z shell: /usr/bin/bash --noprofile --norc -e -o pipefail {0}
audit-pods	Execute Audit Script	2026-02-07T22:21:17.8360154Z env:
audit-pods	Execute Audit Script	2026-02-07T22:21:17.8360833Z   KAOS_MODULE: [Ka0S] Audit Pods
audit-pods	Execute Audit Script	2026-02-07T22:21:17.8361626Z   KAOS_CODE: 21787841741
audit-pods	Execute Audit Script	2026-02-07T22:21:17.8362275Z ##[endgroup]
audit-pods	Execute Audit Script	2026-02-07T22:21:18.0995069Z Warning: Permanently added '[***]:***' (ED25519) to the list of known hosts.
audit-pods	Execute Audit Script	2026-02-07T22:21:19.2245565Z ##[group]Run REMOTE_SCRIPT_PATH="/tmp/$(basename devops/core/k8s/audit-failed-pods.sh)"
audit-pods	Execute Audit Script	2026-02-07T22:21:19.2274847Z [36;1mREMOTE_SCRIPT_PATH="/tmp/$(basename devops/core/k8s/audit-failed-pods.sh)"[0m
audit-pods	Execute Audit Script	2026-02-07T22:21:19.2276931Z [36;1mEXEC_COMMAND="chmod +x $REMOTE_SCRIPT_PATH && $REMOTE_SCRIPT_PATH "[0m
audit-pods	Execute Audit Script	2026-02-07T22:21:19.2278446Z [36;1mif [[ "true" == "true" ]]; then[0m
audit-pods	Execute Audit Script	2026-02-07T22:21:19.2280207Z [36;1m  SUDO_PREFIX="echo '***' | sudo -S"[0m
audit-pods	Execute Audit Script	2026-02-07T22:21:19.2281458Z [36;1m  COMMAND_CHAIN="$SUDO_PREFIX bash -c '$EXEC_COMMAND'"[0m
audit-pods	Execute Audit Script	2026-02-07T22:21:19.2282715Z [36;1m  if [[ "/tmp/results" != "" ]]; then[0m
audit-pods	Execute Audit Script	2026-02-07T22:21:19.2284124Z [36;1m    COMMAND_CHAIN="$COMMAND_CHAIN && $SUDO_PREFIX chmod -R 777 /tmp/results"[0m
audit-pods	Execute Audit Script	2026-02-07T22:21:19.2285545Z [36;1m  fi[0m
audit-pods	Execute Audit Script	2026-02-07T22:21:19.2288719Z [36;1m  ssh -o StrictHostKeyChecking=no -i /home/runner/_work/_temp/ssh_key -p *** ***@*** "$COMMAND_CHAIN && rm $REMOTE_SCRIPT_PATH"[0m
audit-pods	Execute Audit Script	2026-02-07T22:21:19.2290769Z [36;1melse[0m
audit-pods	Execute Audit Script	2026-02-07T22:21:19.2293158Z [36;1m  ssh -o StrictHostKeyChecking=no -i /home/runner/_work/_temp/ssh_key -p *** ***@*** "$EXEC_COMMAND && rm $REMOTE_SCRIPT_PATH"[0m
audit-pods	Execute Audit Script	2026-02-07T22:21:19.2295864Z [36;1mfi[0m
audit-pods	Execute Audit Script	2026-02-07T22:21:19.2326347Z shell: /usr/bin/bash --noprofile --norc -e -o pipefail {0}
audit-pods	Execute Audit Script	2026-02-07T22:21:19.2328075Z env:
audit-pods	Execute Audit Script	2026-02-07T22:21:19.2328737Z   KAOS_MODULE: [Ka0S] Audit Pods
audit-pods	Execute Audit Script	2026-02-07T22:21:19.2329579Z   KAOS_CODE: 21787841741
audit-pods	Execute Audit Script	2026-02-07T22:21:19.2330315Z ##[endgroup]
audit-pods	Execute Audit Script	2026-02-07T22:21:20.0403537Z [INFO] Iniciando auditorÃ­a de pods fallidos...
audit-pods	Execute Audit Script	2026-02-07T22:21:20.0438449Z [INFO] Directorio de salida: /tmp/results
audit-pods	Execute Audit Script	2026-02-07T22:21:20.5406599Z [SUCCESS] AuditorÃ­a finalizada. Se encontraron 0 pods con problemas.
audit-pods	Execute Audit Script	2026-02-07T22:21:20.5409844Z [INFO] Resultado guardado en: /tmp/results/failed_pods.json
audit-pods	Execute Audit Script	2026-02-07T22:21:20.5875251Z [sudo] password for ***: 
audit-pods	Execute Audit Script	2026-02-07T22:21:20.9811597Z ##[group]Run mkdir -p audit/kube/
audit-pods	Execute Audit Script	2026-02-07T22:21:20.9812749Z [36;1mmkdir -p audit/kube/[0m
audit-pods	Execute Audit Script	2026-02-07T22:21:20.9814983Z [36;1mscp -o StrictHostKeyChecking=no -r -i /home/runner/_work/_temp/ssh_key -P *** ***@***:/tmp/results/* audit/kube/[0m
audit-pods	Execute Audit Script	2026-02-07T22:21:20.9817252Z [36;1mecho "path=audit/kube/" >> $GITHUB_OUTPUT[0m
audit-pods	Execute Audit Script	2026-02-07T22:21:20.9833878Z shell: /usr/bin/bash --noprofile --norc -e -o pipefail {0}
audit-pods	Execute Audit Script	2026-02-07T22:21:20.9835060Z env:
audit-pods	Execute Audit Script	2026-02-07T22:21:20.9835705Z   KAOS_MODULE: [Ka0S] Audit Pods
audit-pods	Execute Audit Script	2026-02-07T22:21:20.9836566Z   KAOS_CODE: 21787841741
audit-pods	Execute Audit Script	2026-02-07T22:21:20.9854479Z ##[endgroup]
audit-pods	Commit Results	ï»¿2026-02-07T22:21:22.8923852Z ##[group]Run git config --global user.name "Ka0s Bot"
audit-pods	Commit Results	2026-02-07T22:21:22.8925208Z [36;1mgit config --global user.name "Ka0s Bot"[0m
audit-pods	Commit Results	2026-02-07T22:21:22.8926411Z [36;1mgit config --global user.email "bot@ka0s.io"[0m
audit-pods	Commit Results	2026-02-07T22:21:22.8927679Z [36;1mgit add audit/kube/failed_pods.json[0m
audit-pods	Commit Results	2026-02-07T22:21:22.8928760Z [36;1mif ! git diff --staged --quiet; then[0m
audit-pods	Commit Results	2026-02-07T22:21:22.8930234Z [36;1m  git commit -m "[Audit] Update failed pods report $(date +'%Y-%m-%d %H:%M')"[0m
audit-pods	Commit Results	2026-02-07T22:21:22.8931663Z [36;1m  git push[0m
audit-pods	Commit Results	2026-02-07T22:21:22.8932356Z [36;1melse[0m
audit-pods	Commit Results	2026-02-07T22:21:22.8933169Z [36;1m  echo "No changes in failed pods report."[0m
audit-pods	Commit Results	2026-02-07T22:21:22.8934173Z [36;1mfi[0m
audit-pods	Commit Results	2026-02-07T22:21:22.8986279Z shell: /usr/bin/bash -e {0}
audit-pods	Commit Results	2026-02-07T22:21:22.8987422Z env:
audit-pods	Commit Results	2026-02-07T22:21:22.8988084Z   KAOS_MODULE: [Ka0S] Audit Pods
audit-pods	Commit Results	2026-02-07T22:21:22.8988947Z   KAOS_CODE: 21787841741
audit-pods	Commit Results	2026-02-07T22:21:22.8989680Z ##[endgroup]
audit-pods	Commit Results	2026-02-07T22:21:26.3354276Z No changes in failed pods report.
audit-pods	Process Tickets in iTop	ï»¿2026-02-07T22:21:26.3819517Z ##[group]Run python3 devops/core/k8s/process-failed-pods.py
audit-pods	Process Tickets in iTop	2026-02-07T22:21:26.3821002Z [36;1mpython3 devops/core/k8s/process-failed-pods.py[0m
audit-pods	Process Tickets in iTop	2026-02-07T22:21:26.3855689Z shell: /usr/bin/bash -e {0}
audit-pods	Process Tickets in iTop	2026-02-07T22:21:26.3856516Z env:
audit-pods	Process Tickets in iTop	2026-02-07T22:21:26.3857235Z   KAOS_MODULE: [Ka0S] Audit Pods
audit-pods	Process Tickets in iTop	2026-02-07T22:21:26.3858093Z   KAOS_CODE: 21787841741
audit-pods	Process Tickets in iTop	2026-02-07T22:21:26.3859067Z   ITOP_URL: ***
audit-pods	Process Tickets in iTop	2026-02-07T22:21:26.3859803Z   ITOP_USER: ***
audit-pods	Process Tickets in iTop	2026-02-07T22:21:26.3860576Z   ITOP_PASSWORD: ***
audit-pods	Process Tickets in iTop	2026-02-07T22:21:26.3861414Z   FAILED_PODS_FILE: audit/kube/failed_pods.json
audit-pods	Process Tickets in iTop	2026-02-07T22:21:26.3862422Z ##[endgroup]
audit-pods	Process Tickets in iTop	2026-02-07T22:21:29.7670276Z [INFO] Current Failed Pods: 0
audit-pods	Process Tickets in iTop	2026-02-07T22:21:29.7672096Z [DEBUG] POST to ***/webservices/rest.php?version=1.3
audit-pods	Process Tickets in iTop	2026-02-07T22:21:29.7674281Z [FATAL] URL Error: [Errno 113] No route to host
audit-pods	Process Tickets in iTop	2026-02-07T22:21:29.7966636Z ##[error]Process completed with exit code 1.
audit-pods	Post Checkout repository	ï»¿2026-02-07T22:21:30.0348929Z Post job cleanup.
audit-pods	Post Checkout repository	2026-02-07T22:21:30.3243807Z [command]/usr/bin/git version
audit-pods	Post Checkout repository	2026-02-07T22:21:30.3348720Z git version 2.52.0
audit-pods	Post Checkout repository	2026-02-07T22:21:30.3549754Z Copying '/home/runner/.gitconfig' to '/home/runner/_work/_temp/8e35bfa9-b273-47d2-a804-2f08de11630f/.gitconfig'
audit-pods	Post Checkout repository	2026-02-07T22:21:30.4002823Z Temporarily overriding HOME='/home/runner/_work/_temp/8e35bfa9-b273-47d2-a804-2f08de11630f' before making global git config changes
audit-pods	Post Checkout repository	2026-02-07T22:21:30.4005379Z Adding repository directory to the temporary git global config as a safe directory
audit-pods	Post Checkout repository	2026-02-07T22:21:30.4062514Z [command]/usr/bin/git config --global --add safe.directory /home/runner/_work/ka0s/ka0s
audit-pods	Post Checkout repository	2026-02-07T22:21:30.5469059Z [command]/usr/bin/git config --local --name-only --get-regexp core\.sshCommand
audit-pods	Post Checkout repository	2026-02-07T22:21:30.5710047Z [command]/usr/bin/git submodule foreach --recursive sh -c "git config --local --name-only --get-regexp 'core\.sshCommand' && git config --local --unset-all 'core.sshCommand' || :"
audit-pods	Post Checkout repository	2026-02-07T22:21:30.7018944Z [command]/usr/bin/git config --local --name-only --get-regexp http\.https\:\/\/github\.com\/\.extraheader
audit-pods	Post Checkout repository	2026-02-07T22:21:30.7115420Z http.https://github.com/.extraheader
audit-pods	Post Checkout repository	2026-02-07T22:21:30.7221129Z [command]/usr/bin/git config --local --unset-all http.https://github.com/.extraheader
audit-pods	Post Checkout repository	2026-02-07T22:21:30.7930979Z [command]/usr/bin/git submodule foreach --recursive sh -c "git config --local --name-only --get-regexp 'http\.https\:\/\/github\.com\/\.extraheader' && git config --local --unset-all 'http.https://github.com/.extraheader' || :"
audit-pods	Post Checkout repository	2026-02-07T22:21:30.8506783Z [command]/usr/bin/git config --local --name-only --get-regexp ^includeIf\.gitdir:
audit-pods	Post Checkout repository	2026-02-07T22:21:30.8619246Z [command]/usr/bin/git submodule foreach --recursive git config --local --show-origin --name-only --get-regexp remote.origin.url
audit-pods	Complete job	ï»¿2026-02-07T22:21:30.9719677Z Cleaning up orphan processes
handle_failure	Set up job	ï»¿2026-02-07T22:22:28.2910330Z Current runner version: '2.331.0'
handle_failure	Set up job	2026-02-07T22:22:28.2927565Z Runner name: 'swarm-runners-scaleset-hkss5-runner-7qzc9'
handle_failure	Set up job	2026-02-07T22:22:28.2929583Z Runner group name: 'Default'
handle_failure	Set up job	2026-02-07T22:22:28.2931277Z Machine name: 'swarm-runners-scaleset-hkss5-runner-7qzc9'
handle_failure	Set up job	2026-02-07T22:22:28.2939684Z ##[group]GITHUB_TOKEN Permissions
handle_failure	Set up job	2026-02-07T22:22:28.2944834Z Actions: write
handle_failure	Set up job	2026-02-07T22:22:28.2945791Z Contents: write
handle_failure	Set up job	2026-02-07T22:22:28.2946627Z Issues: write
handle_failure	Set up job	2026-02-07T22:22:28.2947968Z Metadata: read
handle_failure	Set up job	2026-02-07T22:22:28.2948825Z ##[endgroup]
handle_failure	Set up job	2026-02-07T22:22:28.2952570Z Secret source: Actions
handle_failure	Set up job	2026-02-07T22:22:28.2953979Z Prepare workflow directory
handle_failure	Set up job	2026-02-07T22:22:28.4203011Z Prepare all required actions
handle_failure	Set up job	2026-02-07T22:22:28.4378280Z Complete job name: handle_failure
handle_failure	Run echo "Error detected in [Ka0S] Audit Pods, creating issue..."	ï»¿2026-02-07T22:22:28.5954584Z ##[group]Run echo "Error detected in [Ka0S] Audit Pods, creating issue..."
handle_failure	Run echo "Error detected in [Ka0S] Audit Pods, creating issue..."	2026-02-07T22:22:28.5957904Z [36;1mecho "Error detected in [Ka0S] Audit Pods, creating issue..."[0m
handle_failure	Run echo "Error detected in [Ka0S] Audit Pods, creating issue..."	2026-02-07T22:22:28.6014903Z shell: /usr/bin/bash -e {0}
handle_failure	Run echo "Error detected in [Ka0S] Audit Pods, creating issue..."	2026-02-07T22:22:28.6017915Z env:
handle_failure	Run echo "Error detected in [Ka0S] Audit Pods, creating issue..."	2026-02-07T22:22:28.6019120Z   KAOS_MODULE: [Ka0S] Audit Pods
handle_failure	Run echo "Error detected in [Ka0S] Audit Pods, creating issue..."	2026-02-07T22:22:28.6020656Z   KAOS_CODE: 21787841741
handle_failure	Run echo "Error detected in [Ka0S] Audit Pods, creating issue..."	2026-02-07T22:22:28.6022023Z ##[endgroup]
handle_failure	Run echo "Error detected in [Ka0S] Audit Pods, creating issue..."	2026-02-07T22:22:28.6534845Z Error detected in [Ka0S] Audit Pods, creating issue...
handle_failure	Complete job	ï»¿2026-02-07T22:22:28.6893817Z Cleaning up orphan processes
end-workflow	Set up job	ï»¿2026-02-07T22:22:56.4633987Z Current runner version: '2.331.0'
end-workflow	Set up job	2026-02-07T22:22:56.4649383Z Runner name: 'swarm-runners-scaleset-hkss5-runner-45xbw'
end-workflow	Set up job	2026-02-07T22:22:56.4652170Z Runner group name: 'Default'
end-workflow	Set up job	2026-02-07T22:22:56.4653864Z Machine name: 'swarm-runners-scaleset-hkss5-runner-45xbw'
end-workflow	Set up job	2026-02-07T22:22:56.4661957Z ##[group]GITHUB_TOKEN Permissions
end-workflow	Set up job	2026-02-07T22:22:56.4666702Z Actions: write
end-workflow	Set up job	2026-02-07T22:22:56.4668043Z Contents: write
end-workflow	Set up job	2026-02-07T22:22:56.4668914Z Issues: write
end-workflow	Set up job	2026-02-07T22:22:56.4669908Z Metadata: read
end-workflow	Set up job	2026-02-07T22:22:56.4670773Z ##[endgroup]
end-workflow	Set up job	2026-02-07T22:22:56.4674733Z Secret source: Actions
end-workflow	Set up job	2026-02-07T22:22:56.4676057Z Prepare workflow directory
end-workflow	Set up job	2026-02-07T22:22:56.6074820Z Prepare all required actions
end-workflow	Set up job	2026-02-07T22:22:56.6184813Z Getting action download info
end-workflow	Set up job	2026-02-07T22:22:57.3831659Z Download action repository 'actions/checkout@v4' (SHA:34e114876b0b11c390a56381ad16ebd13914f8d5)
end-workflow	Set up job	2026-02-07T22:22:58.4576687Z Complete job name: end-workflow
end-workflow	Checkout code	ï»¿2026-02-07T22:22:58.5801323Z ##[group]Run actions/checkout@v4
end-workflow	Checkout code	2026-02-07T22:22:58.5806083Z with:
end-workflow	Checkout code	2026-02-07T22:22:58.5808616Z   fetch-depth: 0
end-workflow	Checkout code	2026-02-07T22:22:58.5810203Z   repository: Ka0s-Klaus/ka0s
end-workflow	Checkout code	2026-02-07T22:22:58.5812607Z   token: ***
end-workflow	Checkout code	2026-02-07T22:22:58.5813513Z   ssh-strict: true
end-workflow	Checkout code	2026-02-07T22:22:58.5814435Z   ssh-user: git
end-workflow	Checkout code	2026-02-07T22:22:58.5815360Z   persist-credentials: true
end-workflow	Checkout code	2026-02-07T22:22:58.5816446Z   clean: true
end-workflow	Checkout code	2026-02-07T22:22:58.5817586Z   sparse-checkout-cone-mode: true
end-workflow	Checkout code	2026-02-07T22:22:58.5818630Z   fetch-tags: false
end-workflow	Checkout code	2026-02-07T22:22:58.5819479Z   show-progress: true
end-workflow	Checkout code	2026-02-07T22:22:58.5820323Z   lfs: false
end-workflow	Checkout code	2026-02-07T22:22:58.5821107Z   submodules: false
end-workflow	Checkout code	2026-02-07T22:22:58.5822013Z   set-safe-directory: true
end-workflow	Checkout code	2026-02-07T22:22:58.5823943Z env:
end-workflow	Checkout code	2026-02-07T22:22:58.5824771Z   KAOS_MODULE: [Ka0S] Audit Pods
end-workflow	Checkout code	2026-02-07T22:22:58.5825772Z   KAOS_CODE: 21787841741
end-workflow	Checkout code	2026-02-07T22:22:58.5827288Z   GH_TOKEN: ***
end-workflow	Checkout code	2026-02-07T22:22:58.5828218Z ##[endgroup]
end-workflow	Checkout code	2026-02-07T22:22:58.8131954Z Syncing repository: Ka0s-Klaus/ka0s
end-workflow	Checkout code	2026-02-07T22:22:58.8138472Z ##[group]Getting Git version info
end-workflow	Checkout code	2026-02-07T22:22:58.8141113Z Working directory is '/home/runner/_work/ka0s/ka0s'
end-workflow	Checkout code	2026-02-07T22:22:58.8145099Z [command]/usr/bin/git version
end-workflow	Checkout code	2026-02-07T22:22:58.8147467Z git version 2.52.0
end-workflow	Checkout code	2026-02-07T22:22:58.8156253Z ##[endgroup]
end-workflow	Checkout code	2026-02-07T22:22:58.8185389Z Temporarily overriding HOME='/home/runner/_work/_temp/fd627db3-a741-4457-b7f9-bfc381152fff' before making global git config changes
end-workflow	Checkout code	2026-02-07T22:22:58.8191096Z Adding repository directory to the temporary git global config as a safe directory
end-workflow	Checkout code	2026-02-07T22:22:58.8199471Z [command]/usr/bin/git config --global --add safe.directory /home/runner/_work/ka0s/ka0s
end-workflow	Checkout code	2026-02-07T22:22:58.8256084Z Deleting the contents of '/home/runner/_work/ka0s/ka0s'
end-workflow	Checkout code	2026-02-07T22:22:58.8264704Z ##[group]Initializing the repository
end-workflow	Checkout code	2026-02-07T22:22:58.8289262Z [command]/usr/bin/git init /home/runner/_work/ka0s/ka0s
end-workflow	Checkout code	2026-02-07T22:22:58.8364522Z hint: Using 'master' as the name for the initial branch. This default branch name
end-workflow	Checkout code	2026-02-07T22:22:58.8367569Z hint: will change to "main" in Git 3.0. To configure the initial branch name
end-workflow	Checkout code	2026-02-07T22:22:58.8369742Z hint: to use in all of your new repositories, which will suppress this warning,
end-workflow	Checkout code	2026-02-07T22:22:58.8371371Z hint: call:
end-workflow	Checkout code	2026-02-07T22:22:58.8372233Z hint:
end-workflow	Checkout code	2026-02-07T22:22:58.8373304Z hint: 	git config --global init.defaultBranch <name>
end-workflow	Checkout code	2026-02-07T22:22:58.8374629Z hint:
end-workflow	Checkout code	2026-02-07T22:22:58.8375873Z hint: Names commonly chosen instead of 'master' are 'main', 'trunk' and
end-workflow	Checkout code	2026-02-07T22:22:58.8378197Z hint: 'development'. The just-created branch can be renamed via this command:
end-workflow	Checkout code	2026-02-07T22:22:58.8379844Z hint:
end-workflow	Checkout code	2026-02-07T22:22:58.8380773Z hint: 	git branch -m <name>
end-workflow	Checkout code	2026-02-07T22:22:58.8381798Z hint:
end-workflow	Checkout code	2026-02-07T22:22:58.8383133Z hint: Disable this message with "git config set advice.defaultBranchName false"
end-workflow	Checkout code	2026-02-07T22:22:58.8385318Z Initialized empty Git repository in /home/runner/_work/ka0s/ka0s/.git/
end-workflow	Checkout code	2026-02-07T22:22:58.8390168Z [command]/usr/bin/git remote add origin https://github.com/Ka0s-Klaus/ka0s
end-workflow	Checkout code	2026-02-07T22:22:58.8448589Z ##[endgroup]
end-workflow	Checkout code	2026-02-07T22:22:58.8452042Z ##[group]Disabling automatic garbage collection
end-workflow	Checkout code	2026-02-07T22:22:58.8458099Z [command]/usr/bin/git config --local gc.auto 0
end-workflow	Checkout code	2026-02-07T22:22:58.8510143Z ##[endgroup]
end-workflow	Checkout code	2026-02-07T22:22:58.8513110Z ##[group]Setting up auth
end-workflow	Checkout code	2026-02-07T22:22:58.8523856Z [command]/usr/bin/git config --local --name-only --get-regexp core\.sshCommand
end-workflow	Checkout code	2026-02-07T22:22:58.8584472Z [command]/usr/bin/git submodule foreach --recursive sh -c "git config --local --name-only --get-regexp 'core\.sshCommand' && git config --local --unset-all 'core.sshCommand' || :"
end-workflow	Checkout code	2026-02-07T22:22:58.8927721Z [command]/usr/bin/git config --local --name-only --get-regexp http\.https\:\/\/github\.com\/\.extraheader
end-workflow	Checkout code	2026-02-07T22:22:58.8979110Z [command]/usr/bin/git submodule foreach --recursive sh -c "git config --local --name-only --get-regexp 'http\.https\:\/\/github\.com\/\.extraheader' && git config --local --unset-all 'http.https://github.com/.extraheader' || :"
end-workflow	Checkout code	2026-02-07T22:22:58.9338371Z [command]/usr/bin/git config --local --name-only --get-regexp ^includeIf\.gitdir:
end-workflow	Checkout code	2026-02-07T22:22:58.9391931Z [command]/usr/bin/git submodule foreach --recursive git config --local --show-origin --name-only --get-regexp remote.origin.url
end-workflow	Checkout code	2026-02-07T22:22:58.9732629Z [command]/usr/bin/git config --local http.https://github.com/.extraheader AUTHORIZATION: basic ***
end-workflow	Checkout code	2026-02-07T22:22:58.9802922Z ##[endgroup]
end-workflow	Checkout code	2026-02-07T22:22:58.9806358Z ##[group]Fetching the repository
end-workflow	Checkout code	2026-02-07T22:22:58.9849905Z [command]/usr/bin/git -c protocol.version=2 fetch --prune --no-recurse-submodules origin +refs/heads/*:refs/remotes/origin/* +refs/tags/*:refs/tags/*
end-workflow	Checkout code	2026-02-07T22:23:32.4674117Z From https://github.com/Ka0s-Klaus/ka0s
end-workflow	Checkout code	2026-02-07T22:23:32.4675833Z  * [new branch]          F1224-new-module-mongodb -> origin/F1224-new-module-mongodb
end-workflow	Checkout code	2026-02-07T22:23:32.4677995Z  * [new branch]          F220-web-de-resultados  -> origin/F220-web-de-resultados
end-workflow	Checkout code	2026-02-07T22:23:32.4685264Z  * [new branch]          F227-despliegue-de-kube-independiente-del-clouder -> origin/F227-despliegue-de-kube-independiente-del-clouder
end-workflow	Checkout code	2026-02-07T22:23:32.4689156Z  * [new branch]          F329-documentacion-metodologia-de-kaos -> origin/F329-documentacion-metodologia-de-kaos
end-workflow	Checkout code	2026-02-07T22:23:32.4692150Z  * [new branch]          H1139-como-instalar-arc-control -> origin/H1139-como-instalar-arc-control
end-workflow	Checkout code	2026-02-07T22:23:32.4694696Z  * [new branch]          H1150-desarrollo-de-secciones -> origin/H1150-desarrollo-de-secciones
end-workflow	Checkout code	2026-02-07T22:23:32.4697727Z  * [new branch]          H1151-desarrollo-de-secciones-ii -> origin/H1151-desarrollo-de-secciones-ii
end-workflow	Checkout code	2026-02-07T22:23:32.4700070Z  * [new branch]          H1152-desarrollo-inicio -> origin/H1152-desarrollo-inicio
end-workflow	Checkout code	2026-02-07T22:23:32.4702452Z  * [new branch]          H1193-ejemplo-web-documentacion -> origin/H1193-ejemplo-web-documentacion
end-workflow	Checkout code	2026-02-07T22:23:32.4704781Z  * [new branch]          H1224-new-module-mongodb -> origin/H1224-new-module-mongodb
end-workflow	Checkout code	2026-02-07T22:23:32.4707243Z  * [new branch]          H1276-modulo-observabilidad -> origin/H1276-modulo-observabilidad
end-workflow	Checkout code	2026-02-07T22:23:32.4709509Z  * [new branch]          H1410-modulo-execution  -> origin/H1410-modulo-execution
end-workflow	Checkout code	2026-02-07T22:23:32.4712964Z  * [new branch]          H1514-new-swarm-deployment-stack-with-actions-runners-autoscale -> origin/H1514-new-swarm-deployment-stack-with-actions-runners-autoscale
end-workflow	Checkout code	2026-02-07T22:23:32.4718399Z  * [new branch]          H1968-modulo-personalizaciÃ³n-del-portal-de-kaos-core -> origin/H1968-modulo-personalizaciÃ³n-del-portal-de-kaos-core
end-workflow	Checkout code	2026-02-07T22:23:32.4820597Z  * [new branch]          H215-modulo-de-summary  -> origin/H215-modulo-de-summary
end-workflow	Checkout code	2026-02-07T22:23:32.4823930Z  * [new branch]          H227-despliegue-de-kube-independiente-del-clouder -> origin/H227-despliegue-de-kube-independiente-del-clouder
end-workflow	Checkout code	2026-02-07T22:23:32.4827753Z  * [new branch]          H3038-test-ci-cd-kubernetes-automated-system -> origin/H3038-test-ci-cd-kubernetes-automated-system
end-workflow	Checkout code	2026-02-07T22:23:32.4830726Z  * [new branch]          H306-ficheros-de-estadisticas -> origin/H306-ficheros-de-estadisticas
end-workflow	Checkout code	2026-02-07T22:23:32.4833806Z  * [new branch]          H3265-deploy-itop       -> origin/H3265-deploy-itop
end-workflow	Checkout code	2026-02-07T22:23:32.4835683Z  * [new branch]          H3266-deploy-zabbix     -> origin/H3266-deploy-zabbix
end-workflow	Checkout code	2026-02-07T22:23:32.4838484Z  * [new branch]          H328-documentacion-modulo-principal-de-kaos -> origin/H328-documentacion-modulo-principal-de-kaos
end-workflow	Checkout code	2026-02-07T22:23:32.4843996Z  * [new branch]          H329-documentacion-metodologia-de-kaos -> origin/H329-documentacion-metodologia-de-kaos
end-workflow	Checkout code	2026-02-07T22:23:32.4846039Z  * [new branch]          H338-relanzador-de-jobs-en-caso-de-pattern -> origin/H338-relanzador-de-jobs-en-caso-de-pattern
end-workflow	Checkout code	2026-02-07T22:23:32.4848171Z  * [new branch]          H38-documentacion-basica-del-proyecto -> origin/H38-documentacion-basica-del-proyecto
end-workflow	Checkout code	2026-02-07T22:23:32.4850690Z  * [new branch]          RN1282-ka0s-error-detected-in-ka0s-workflow-statistics-summary -> origin/RN1282-ka0s-error-detected-in-ka0s-workflow-statistics-summary
end-workflow	Checkout code	2026-02-07T22:23:32.4853144Z  * [new branch]          RN220-web-de-resultados -> origin/RN220-web-de-resultados
end-workflow	Checkout code	2026-02-07T22:23:32.4854917Z  * [new branch]          RN227-despliegue-de-kube-independiente-del-clouder -> origin/RN227-despliegue-de-kube-independiente-del-clouder
end-workflow	Checkout code	2026-02-07T22:23:32.4857276Z  * [new branch]          RN329-documentacion-metodologia-de-kaos -> origin/RN329-documentacion-metodologia-de-kaos
end-workflow	Checkout code	2026-02-07T22:23:32.4858784Z  * [new branch]          main                    -> origin/main
end-workflow	Checkout code	2026-02-07T22:23:32.4859633Z  * [new tag]             0.0.0                   -> 0.0.0
end-workflow	Checkout code	2026-02-07T22:23:32.4860363Z  * [new tag]             0.0.1                   -> 0.0.1
end-workflow	Checkout code	2026-02-07T22:23:32.4861075Z  * [new tag]             0.0.10                  -> 0.0.10
end-workflow	Checkout code	2026-02-07T22:23:32.4861806Z  * [new tag]             0.0.100                 -> 0.0.100
end-workflow	Checkout code	2026-02-07T22:23:32.4862534Z  * [new tag]             0.0.101                 -> 0.0.101
end-workflow	Checkout code	2026-02-07T22:23:32.4863295Z  * [new tag]             0.0.102                 -> 0.0.102
end-workflow	Checkout code	2026-02-07T22:23:32.4864027Z  * [new tag]             0.0.103                 -> 0.0.103
end-workflow	Checkout code	2026-02-07T22:23:32.4864754Z  * [new tag]             0.0.104                 -> 0.0.104
end-workflow	Checkout code	2026-02-07T22:23:32.4865799Z  * [new tag]             0.0.105                 -> 0.0.105
end-workflow	Checkout code	2026-02-07T22:23:32.4866537Z  * [new tag]             0.0.106                 -> 0.0.106
end-workflow	Checkout code	2026-02-07T22:23:32.4867400Z  * [new tag]             0.0.107                 -> 0.0.107
end-workflow	Checkout code	2026-02-07T22:23:32.4868129Z  * [new tag]             0.0.108                 -> 0.0.108
end-workflow	Checkout code	2026-02-07T22:23:32.4868842Z  * [new tag]             0.0.109                 -> 0.0.109
end-workflow	Checkout code	2026-02-07T22:23:32.4869567Z  * [new tag]             0.0.11                  -> 0.0.11
end-workflow	Checkout code	2026-02-07T22:23:32.4870273Z  * [new tag]             0.0.110                 -> 0.0.110
end-workflow	Checkout code	2026-02-07T22:23:32.4871007Z  * [new tag]             0.0.111                 -> 0.0.111
end-workflow	Checkout code	2026-02-07T22:23:32.4871731Z  * [new tag]             0.0.112                 -> 0.0.112
end-workflow	Checkout code	2026-02-07T22:23:32.4872483Z  * [new tag]             0.0.113                 -> 0.0.113
end-workflow	Checkout code	2026-02-07T22:23:32.4873215Z  * [new tag]             0.0.114                 -> 0.0.114
end-workflow	Checkout code	2026-02-07T22:23:32.4873933Z  * [new tag]             0.0.115                 -> 0.0.115
end-workflow	Checkout code	2026-02-07T22:23:32.4874668Z  * [new tag]             0.0.116                 -> 0.0.116
end-workflow	Checkout code	2026-02-07T22:23:32.4875391Z  * [new tag]             0.0.117                 -> 0.0.117
end-workflow	Checkout code	2026-02-07T22:23:32.4876232Z  * [new tag]             0.0.118                 -> 0.0.118
end-workflow	Checkout code	2026-02-07T22:23:32.4877133Z  * [new tag]             0.0.119                 -> 0.0.119
end-workflow	Checkout code	2026-02-07T22:23:32.4877943Z  * [new tag]             0.0.12                  -> 0.0.12
end-workflow	Checkout code	2026-02-07T22:23:32.4878697Z  * [new tag]             0.0.120                 -> 0.0.120
end-workflow	Checkout code	2026-02-07T22:23:32.4879436Z  * [new tag]             0.0.121                 -> 0.0.121
end-workflow	Checkout code	2026-02-07T22:23:32.4880356Z  * [new tag]             0.0.122                 -> 0.0.122
end-workflow	Checkout code	2026-02-07T22:23:32.4881162Z  * [new tag]             0.0.123                 -> 0.0.123
end-workflow	Checkout code	2026-02-07T22:23:32.4882244Z  * [new tag]             0.0.124                 -> 0.0.124
end-workflow	Checkout code	2026-02-07T22:23:32.4882986Z  * [new tag]             0.0.125                 -> 0.0.125
end-workflow	Checkout code	2026-02-07T22:23:32.4883719Z  * [new tag]             0.0.126                 -> 0.0.126
end-workflow	Checkout code	2026-02-07T22:23:32.4884461Z  * [new tag]             0.0.127                 -> 0.0.127
end-workflow	Checkout code	2026-02-07T22:23:32.4885185Z  * [new tag]             0.0.128                 -> 0.0.128
end-workflow	Checkout code	2026-02-07T22:23:32.4885918Z  * [new tag]             0.0.129                 -> 0.0.129
end-workflow	Checkout code	2026-02-07T22:23:32.4886690Z  * [new tag]             0.0.13                  -> 0.0.13
end-workflow	Checkout code	2026-02-07T22:23:32.4887861Z  * [new tag]             0.0.130                 -> 0.0.130
end-workflow	Checkout code	2026-02-07T22:23:32.4888619Z  * [new tag]             0.0.131                 -> 0.0.131
end-workflow	Checkout code	2026-02-07T22:23:32.4889351Z  * [new tag]             0.0.132                 -> 0.0.132
end-workflow	Checkout code	2026-02-07T22:23:32.4890091Z  * [new tag]             0.0.133                 -> 0.0.133
end-workflow	Checkout code	2026-02-07T22:23:32.4891407Z  * [new tag]             0.0.134                 -> 0.0.134
end-workflow	Checkout code	2026-02-07T22:23:32.4892209Z  * [new tag]             0.0.135                 -> 0.0.135
end-workflow	Checkout code	2026-02-07T22:23:32.4892951Z  * [new tag]             0.0.136                 -> 0.0.136
end-workflow	Checkout code	2026-02-07T22:23:32.4893679Z  * [new tag]             0.0.137                 -> 0.0.137
end-workflow	Checkout code	2026-02-07T22:23:32.4894412Z  * [new tag]             0.0.138                 -> 0.0.138
end-workflow	Checkout code	2026-02-07T22:23:32.4895137Z  * [new tag]             0.0.139                 -> 0.0.139
end-workflow	Checkout code	2026-02-07T22:23:32.4895873Z  * [new tag]             0.0.14                  -> 0.0.14
end-workflow	Checkout code	2026-02-07T22:23:32.4896607Z  * [new tag]             0.0.140                 -> 0.0.140
end-workflow	Checkout code	2026-02-07T22:23:32.4897458Z  * [new tag]             0.0.141                 -> 0.0.141
end-workflow	Checkout code	2026-02-07T22:23:32.4898203Z  * [new tag]             0.0.142                 -> 0.0.142
end-workflow	Checkout code	2026-02-07T22:23:32.4898967Z  * [new tag]             0.0.143                 -> 0.0.143
end-workflow	Checkout code	2026-02-07T22:23:32.4899738Z  * [new tag]             0.0.144                 -> 0.0.144
end-workflow	Checkout code	2026-02-07T22:23:32.4900477Z  * [new tag]             0.0.145                 -> 0.0.145
end-workflow	Checkout code	2026-02-07T22:23:32.4901212Z  * [new tag]             0.0.146                 -> 0.0.146
end-workflow	Checkout code	2026-02-07T22:23:32.4901935Z  * [new tag]             0.0.147                 -> 0.0.147
end-workflow	Checkout code	2026-02-07T22:23:32.4902673Z  * [new tag]             0.0.148                 -> 0.0.148
end-workflow	Checkout code	2026-02-07T22:23:32.4903410Z  * [new tag]             0.0.149                 -> 0.0.149
end-workflow	Checkout code	2026-02-07T22:23:32.4904137Z  * [new tag]             0.0.15                  -> 0.0.15
end-workflow	Checkout code	2026-02-07T22:23:32.4904871Z  * [new tag]             0.0.150                 -> 0.0.150
end-workflow	Checkout code	2026-02-07T22:23:32.4905600Z  * [new tag]             0.0.151                 -> 0.0.151
end-workflow	Checkout code	2026-02-07T22:23:32.4906335Z  * [new tag]             0.0.152                 -> 0.0.152
end-workflow	Checkout code	2026-02-07T22:23:32.4907145Z  * [new tag]             0.0.153                 -> 0.0.153
end-workflow	Checkout code	2026-02-07T22:23:32.4907931Z  * [new tag]             0.0.154                 -> 0.0.154
end-workflow	Checkout code	2026-02-07T22:23:32.4908689Z  * [new tag]             0.0.155                 -> 0.0.155
end-workflow	Checkout code	2026-02-07T22:23:32.4909411Z  * [new tag]             0.0.156                 -> 0.0.156
end-workflow	Checkout code	2026-02-07T22:23:32.4910144Z  * [new tag]             0.0.157                 -> 0.0.157
end-workflow	Checkout code	2026-02-07T22:23:32.4910862Z  * [new tag]             0.0.158                 -> 0.0.158
end-workflow	Checkout code	2026-02-07T22:23:32.4911589Z  * [new tag]             0.0.159                 -> 0.0.159
end-workflow	Checkout code	2026-02-07T22:23:32.4912310Z  * [new tag]             0.0.16                  -> 0.0.16
end-workflow	Checkout code	2026-02-07T22:23:32.4913036Z  * [new tag]             0.0.160                 -> 0.0.160
end-workflow	Checkout code	2026-02-07T22:23:32.4913768Z  * [new tag]             0.0.161                 -> 0.0.161
end-workflow	Checkout code	2026-02-07T22:23:32.4914491Z  * [new tag]             0.0.162                 -> 0.0.162
end-workflow	Checkout code	2026-02-07T22:23:32.4915221Z  * [new tag]             0.0.163                 -> 0.0.163
end-workflow	Checkout code	2026-02-07T22:23:32.4915943Z  * [new tag]             0.0.164                 -> 0.0.164
end-workflow	Checkout code	2026-02-07T22:23:32.4916686Z  * [new tag]             0.0.165                 -> 0.0.165
end-workflow	Checkout code	2026-02-07T22:23:32.4917878Z  * [new tag]             0.0.166                 -> 0.0.166
end-workflow	Checkout code	2026-02-07T22:23:32.4918624Z  * [new tag]             0.0.167                 -> 0.0.167
end-workflow	Checkout code	2026-02-07T22:23:32.4919367Z  * [new tag]             0.0.168                 -> 0.0.168
end-workflow	Checkout code	2026-02-07T22:23:32.4920088Z  * [new tag]             0.0.169                 -> 0.0.169
end-workflow	Checkout code	2026-02-07T22:23:32.4920815Z  * [new tag]             0.0.17                  -> 0.0.17
end-workflow	Checkout code	2026-02-07T22:23:32.4921535Z  * [new tag]             0.0.170                 -> 0.0.170
end-workflow	Checkout code	2026-02-07T22:23:32.4922267Z  * [new tag]             0.0.171                 -> 0.0.171
end-workflow	Checkout code	2026-02-07T22:23:32.4922986Z  * [new tag]             0.0.172                 -> 0.0.172
end-workflow	Checkout code	2026-02-07T22:23:32.4923718Z  * [new tag]             0.0.173                 -> 0.0.173
end-workflow	Checkout code	2026-02-07T22:23:32.4924446Z  * [new tag]             0.0.174                 -> 0.0.174
end-workflow	Checkout code	2026-02-07T22:23:32.4925172Z  * [new tag]             0.0.175                 -> 0.0.175
end-workflow	Checkout code	2026-02-07T22:23:32.4926177Z  * [new tag]             0.0.176                 -> 0.0.176
end-workflow	Checkout code	2026-02-07T22:23:32.4926904Z  * [new tag]             0.0.177                 -> 0.0.177
end-workflow	Checkout code	2026-02-07T22:23:32.4927940Z  * [new tag]             0.0.178                 -> 0.0.178
end-workflow	Checkout code	2026-02-07T22:23:32.4928676Z  * [new tag]             0.0.179                 -> 0.0.179
end-workflow	Checkout code	2026-02-07T22:23:32.4929413Z  * [new tag]             0.0.18                  -> 0.0.18
end-workflow	Checkout code	2026-02-07T22:23:32.4930141Z  * [new tag]             0.0.19                  -> 0.0.19
end-workflow	Checkout code	2026-02-07T22:23:32.4930848Z  * [new tag]             0.0.2                   -> 0.0.2
end-workflow	Checkout code	2026-02-07T22:23:32.4931563Z  * [new tag]             0.0.20                  -> 0.0.20
end-workflow	Checkout code	2026-02-07T22:23:32.4932272Z  * [new tag]             0.0.21                  -> 0.0.21
end-workflow	Checkout code	2026-02-07T22:23:32.4932997Z  * [new tag]             0.0.22                  -> 0.0.22
end-workflow	Checkout code	2026-02-07T22:23:32.4933704Z  * [new tag]             0.0.23                  -> 0.0.23
end-workflow	Checkout code	2026-02-07T22:23:32.4934434Z  * [new tag]             0.0.24                  -> 0.0.24
end-workflow	Checkout code	2026-02-07T22:23:32.4935152Z  * [new tag]             0.0.25                  -> 0.0.25
end-workflow	Checkout code	2026-02-07T22:23:32.4935866Z  * [new tag]             0.0.26                  -> 0.0.26
end-workflow	Checkout code	2026-02-07T22:23:32.4936578Z  * [new tag]             0.0.27                  -> 0.0.27
end-workflow	Checkout code	2026-02-07T22:23:32.4937464Z  * [new tag]             0.0.28                  -> 0.0.28
end-workflow	Checkout code	2026-02-07T22:23:32.4938205Z  * [new tag]             0.0.29                  -> 0.0.29
end-workflow	Checkout code	2026-02-07T22:23:32.4938911Z  * [new tag]             0.0.3                   -> 0.0.3
end-workflow	Checkout code	2026-02-07T22:23:32.4939631Z  * [new tag]             0.0.30                  -> 0.0.30
end-workflow	Checkout code	2026-02-07T22:23:32.4940337Z  * [new tag]             0.0.31                  -> 0.0.31
end-workflow	Checkout code	2026-02-07T22:23:32.4941054Z  * [new tag]             0.0.32                  -> 0.0.32
end-workflow	Checkout code	2026-02-07T22:23:32.4941773Z  * [new tag]             0.0.33                  -> 0.0.33
end-workflow	Checkout code	2026-02-07T22:23:32.4942475Z  * [new tag]             0.0.34                  -> 0.0.34
end-workflow	Checkout code	2026-02-07T22:23:32.4943215Z  * [new tag]             0.0.35                  -> 0.0.35
end-workflow	Checkout code	2026-02-07T22:23:32.4943937Z  * [new tag]             0.0.36                  -> 0.0.36
end-workflow	Checkout code	2026-02-07T22:23:32.4944653Z  * [new tag]             0.0.37                  -> 0.0.37
end-workflow	Checkout code	2026-02-07T22:23:32.4945371Z  * [new tag]             0.0.38                  -> 0.0.38
end-workflow	Checkout code	2026-02-07T22:23:32.4946088Z  * [new tag]             0.0.39                  -> 0.0.39
end-workflow	Checkout code	2026-02-07T22:23:32.4946808Z  * [new tag]             0.0.4                   -> 0.0.4
end-workflow	Checkout code	2026-02-07T22:23:32.4947593Z  * [new tag]             0.0.40                  -> 0.0.40
end-workflow	Checkout code	2026-02-07T22:23:32.4948325Z  * [new tag]             0.0.41                  -> 0.0.41
end-workflow	Checkout code	2026-02-07T22:23:32.4949034Z  * [new tag]             0.0.42                  -> 0.0.42
end-workflow	Checkout code	2026-02-07T22:23:32.4949748Z  * [new tag]             0.0.43                  -> 0.0.43
end-workflow	Checkout code	2026-02-07T22:23:32.4950460Z  * [new tag]             0.0.44                  -> 0.0.44
end-workflow	Checkout code	2026-02-07T22:23:32.4951184Z  * [new tag]             0.0.45                  -> 0.0.45
end-workflow	Checkout code	2026-02-07T22:23:32.4952225Z  * [new tag]             0.0.46                  -> 0.0.46
end-workflow	Checkout code	2026-02-07T22:23:32.4952943Z  * [new tag]             0.0.47                  -> 0.0.47
end-workflow	Checkout code	2026-02-07T22:23:32.4953659Z  * [new tag]             0.0.48                  -> 0.0.48
end-workflow	Checkout code	2026-02-07T22:23:32.4954368Z  * [new tag]             0.0.49                  -> 0.0.49
end-workflow	Checkout code	2026-02-07T22:23:32.4955081Z  * [new tag]             0.0.5                   -> 0.0.5
end-workflow	Checkout code	2026-02-07T22:23:32.4955792Z  * [new tag]             0.0.50                  -> 0.0.50
end-workflow	Checkout code	2026-02-07T22:23:32.4956519Z  * [new tag]             0.0.51                  -> 0.0.51
end-workflow	Checkout code	2026-02-07T22:23:32.4957315Z  * [new tag]             0.0.52                  -> 0.0.52
end-workflow	Checkout code	2026-02-07T22:23:32.4958027Z  * [new tag]             0.0.53                  -> 0.0.53
end-workflow	Checkout code	2026-02-07T22:23:32.4958753Z  * [new tag]             0.0.54                  -> 0.0.54
end-workflow	Checkout code	2026-02-07T22:23:32.4959451Z  * [new tag]             0.0.55                  -> 0.0.55
end-workflow	Checkout code	2026-02-07T22:23:32.4960409Z  * [new tag]             0.0.56                  -> 0.0.56
end-workflow	Checkout code	2026-02-07T22:23:32.4961134Z  * [new tag]             0.0.57                  -> 0.0.57
end-workflow	Checkout code	2026-02-07T22:23:32.4961853Z  * [new tag]             0.0.58                  -> 0.0.58
end-workflow	Checkout code	2026-02-07T22:23:32.4962572Z  * [new tag]             0.0.59                  -> 0.0.59
end-workflow	Checkout code	2026-02-07T22:23:32.4963279Z  * [new tag]             0.0.6                   -> 0.0.6
end-workflow	Checkout code	2026-02-07T22:23:32.4963995Z  * [new tag]             0.0.60                  -> 0.0.60
end-workflow	Checkout code	2026-02-07T22:23:32.4964705Z  * [new tag]             0.0.61                  -> 0.0.61
end-workflow	Checkout code	2026-02-07T22:23:32.4965419Z  * [new tag]             0.0.62                  -> 0.0.62
end-workflow	Checkout code	2026-02-07T22:23:32.4966121Z  * [new tag]             0.0.63                  -> 0.0.63
end-workflow	Checkout code	2026-02-07T22:23:32.4966844Z  * [new tag]             0.0.64                  -> 0.0.64
end-workflow	Checkout code	2026-02-07T22:23:32.4967749Z  * [new tag]             0.0.65                  -> 0.0.65
end-workflow	Checkout code	2026-02-07T22:23:32.4968475Z  * [new tag]             0.0.66                  -> 0.0.66
end-workflow	Checkout code	2026-02-07T22:23:32.4969217Z  * [new tag]             0.0.67                  -> 0.0.67
end-workflow	Checkout code	2026-02-07T22:23:32.4969929Z  * [new tag]             0.0.68                  -> 0.0.68
end-workflow	Checkout code	2026-02-07T22:23:32.4970649Z  * [new tag]             0.0.69                  -> 0.0.69
end-workflow	Checkout code	2026-02-07T22:23:32.4971353Z  * [new tag]             0.0.7                   -> 0.0.7
end-workflow	Checkout code	2026-02-07T22:23:32.4972069Z  * [new tag]             0.0.70                  -> 0.0.70
end-workflow	Checkout code	2026-02-07T22:23:32.4972791Z  * [new tag]             0.0.71                  -> 0.0.71
end-workflow	Checkout code	2026-02-07T22:23:32.4973495Z  * [new tag]             0.0.72                  -> 0.0.72
end-workflow	Checkout code	2026-02-07T22:23:32.4974212Z  * [new tag]             0.0.73                  -> 0.0.73
end-workflow	Checkout code	2026-02-07T22:23:32.4974918Z  * [new tag]             0.0.74                  -> 0.0.74
end-workflow	Checkout code	2026-02-07T22:23:32.4975629Z  * [new tag]             0.0.75                  -> 0.0.75
end-workflow	Checkout code	2026-02-07T22:23:32.4976340Z  * [new tag]             0.0.76                  -> 0.0.76
end-workflow	Checkout code	2026-02-07T22:23:32.4977151Z  * [new tag]             0.0.77                  -> 0.0.77
end-workflow	Checkout code	2026-02-07T22:23:32.4977922Z  * [new tag]             0.0.78                  -> 0.0.78
end-workflow	Checkout code	2026-02-07T22:23:32.4978638Z  * [new tag]             0.0.79                  -> 0.0.79
end-workflow	Checkout code	2026-02-07T22:23:32.4979358Z  * [new tag]             0.0.8                   -> 0.0.8
end-workflow	Checkout code	2026-02-07T22:23:32.4980068Z  * [new tag]             0.0.80                  -> 0.0.80
end-workflow	Checkout code	2026-02-07T22:23:32.4980779Z  * [new tag]             0.0.81                  -> 0.0.81
end-workflow	Checkout code	2026-02-07T22:23:32.4981487Z  * [new tag]             0.0.82                  -> 0.0.82
end-workflow	Checkout code	2026-02-07T22:23:32.4982396Z  * [new tag]             0.0.83                  -> 0.0.83
end-workflow	Checkout code	2026-02-07T22:23:32.4983207Z  * [new tag]             0.0.84                  -> 0.0.84
end-workflow	Checkout code	2026-02-07T22:23:32.4983932Z  * [new tag]             0.0.85                  -> 0.0.85
end-workflow	Checkout code	2026-02-07T22:23:32.4984651Z  * [new tag]             0.0.86                  -> 0.0.86
end-workflow	Checkout code	2026-02-07T22:23:32.4985376Z  * [new tag]             0.0.87                  -> 0.0.87
end-workflow	Checkout code	2026-02-07T22:23:32.4986103Z  * [new tag]             0.0.88                  -> 0.0.88
end-workflow	Checkout code	2026-02-07T22:23:32.4987210Z  * [new tag]             0.0.89                  -> 0.0.89
end-workflow	Checkout code	2026-02-07T22:23:32.4987987Z  * [new tag]             0.0.9                   -> 0.0.9
end-workflow	Checkout code	2026-02-07T22:23:32.4988837Z  * [new tag]             0.0.90                  -> 0.0.90
end-workflow	Checkout code	2026-02-07T22:23:32.4989563Z  * [new tag]             0.0.91                  -> 0.0.91
end-workflow	Checkout code	2026-02-07T22:23:32.4990269Z  * [new tag]             0.0.92                  -> 0.0.92
end-workflow	Checkout code	2026-02-07T22:23:32.4990996Z  * [new tag]             0.0.93                  -> 0.0.93
end-workflow	Checkout code	2026-02-07T22:23:32.4991703Z  * [new tag]             0.0.94                  -> 0.0.94
end-workflow	Checkout code	2026-02-07T22:23:32.4992422Z  * [new tag]             0.0.95                  -> 0.0.95
end-workflow	Checkout code	2026-02-07T22:23:32.4993420Z  * [new tag]             0.0.96                  -> 0.0.96
end-workflow	Checkout code	2026-02-07T22:23:32.4994194Z  * [new tag]             0.0.97                  -> 0.0.97
end-workflow	Checkout code	2026-02-07T22:23:32.4994933Z  * [new tag]             0.0.98                  -> 0.0.98
end-workflow	Checkout code	2026-02-07T22:23:32.4995942Z  * [new tag]             0.0.99                  -> 0.0.99
end-workflow	Checkout code	2026-02-07T22:23:32.4996662Z  * [new tag]             0.1.0                   -> 0.1.0
end-workflow	Checkout code	2026-02-07T22:23:32.4997506Z  * [new tag]             0.1.1                   -> 0.1.1
end-workflow	Checkout code	2026-02-07T22:23:32.4998219Z  * [new tag]             0.2.0                   -> 0.2.0
end-workflow	Checkout code	2026-02-07T22:23:32.4998936Z  * [new tag]             0.3.0                   -> 0.3.0
end-workflow	Checkout code	2026-02-07T22:23:32.4999638Z  * [new tag]             0.3.1                   -> 0.3.1
end-workflow	Checkout code	2026-02-07T22:23:32.5000354Z  * [new tag]             0.3.10                  -> 0.3.10
end-workflow	Checkout code	2026-02-07T22:23:32.5001067Z  * [new tag]             0.3.11                  -> 0.3.11
end-workflow	Checkout code	2026-02-07T22:23:32.5001784Z  * [new tag]             0.3.12                  -> 0.3.12
end-workflow	Checkout code	2026-02-07T22:23:32.5002493Z  * [new tag]             0.3.13                  -> 0.3.13
end-workflow	Checkout code	2026-02-07T22:23:32.5003217Z  * [new tag]             0.3.14                  -> 0.3.14
end-workflow	Checkout code	2026-02-07T22:23:32.5003933Z  * [new tag]             0.3.15                  -> 0.3.15
end-workflow	Checkout code	2026-02-07T22:23:32.5004665Z  * [new tag]             0.3.16                  -> 0.3.16
end-workflow	Checkout code	2026-02-07T22:23:32.5005385Z  * [new tag]             0.3.17                  -> 0.3.17
end-workflow	Checkout code	2026-02-07T22:23:32.5006095Z  * [new tag]             0.3.2                   -> 0.3.2
end-workflow	Checkout code	2026-02-07T22:23:32.5006806Z  * [new tag]             0.3.3                   -> 0.3.3
end-workflow	Checkout code	2026-02-07T22:23:32.5007820Z  * [new tag]             0.3.4                   -> 0.3.4
end-workflow	Checkout code	2026-02-07T22:23:32.5008555Z  * [new tag]             0.3.5                   -> 0.3.5
end-workflow	Checkout code	2026-02-07T22:23:32.5009272Z  * [new tag]             0.3.6                   -> 0.3.6
end-workflow	Checkout code	2026-02-07T22:23:32.5009974Z  * [new tag]             0.3.7                   -> 0.3.7
end-workflow	Checkout code	2026-02-07T22:23:32.5010688Z  * [new tag]             0.3.8                   -> 0.3.8
end-workflow	Checkout code	2026-02-07T22:23:32.5011394Z  * [new tag]             0.3.9                   -> 0.3.9
end-workflow	Checkout code	2026-02-07T22:23:32.5012109Z  * [new tag]             0.4.0                   -> 0.4.0
end-workflow	Checkout code	2026-02-07T22:23:32.5012817Z  * [new tag]             0.4.1                   -> 0.4.1
end-workflow	Checkout code	2026-02-07T22:23:32.5013545Z  * [new tag]             0.4.2                   -> 0.4.2
end-workflow	Checkout code	2026-02-07T22:23:32.5014259Z  * [new tag]             0.4.3                   -> 0.4.3
end-workflow	Checkout code	2026-02-07T22:23:32.5014962Z  * [new tag]             0.4.4                   -> 0.4.4
end-workflow	Checkout code	2026-02-07T22:23:32.5015671Z  * [new tag]             0.4.5                   -> 0.4.5
end-workflow	Checkout code	2026-02-07T22:23:32.5016371Z  * [new tag]             0.4.6                   -> 0.4.6
end-workflow	Checkout code	2026-02-07T22:23:32.5017234Z  * [new tag]             0.4.7                   -> 0.4.7
end-workflow	Checkout code	2026-02-07T22:23:32.5017986Z  * [new tag]             0.4.8                   -> 0.4.8
end-workflow	Checkout code	2026-02-07T22:23:32.5018704Z  * [new tag]             0.4.9                   -> 0.4.9
end-workflow	Checkout code	2026-02-07T22:23:32.5019418Z  * [new tag]             0.5.0                   -> 0.5.0
end-workflow	Checkout code	2026-02-07T22:23:32.5020121Z  * [new tag]             0.5.1                   -> 0.5.1
end-workflow	Checkout code	2026-02-07T22:23:32.5020834Z  * [new tag]             0.5.2                   -> 0.5.2
end-workflow	Checkout code	2026-02-07T22:23:32.5021554Z  * [new tag]             0.6.0                   -> 0.6.0
end-workflow	Checkout code	2026-02-07T22:23:32.5022560Z  * [new tag]             0.6.1                   -> 0.6.1
end-workflow	Checkout code	2026-02-07T22:23:32.5023270Z  * [new tag]             0.6.2                   -> 0.6.2
end-workflow	Checkout code	2026-02-07T22:23:32.5243107Z [command]/usr/bin/git branch --list --remote origin/main
end-workflow	Checkout code	2026-02-07T22:23:32.5323083Z   origin/main
end-workflow	Checkout code	2026-02-07T22:23:32.5339234Z [command]/usr/bin/git rev-parse refs/remotes/origin/main
end-workflow	Checkout code	2026-02-07T22:23:32.5373933Z b427f360112a83c845611467cc3eff35ba4b7269
end-workflow	Checkout code	2026-02-07T22:23:32.5393565Z [command]/usr/bin/git -c protocol.version=2 fetch --no-tags --prune --no-recurse-submodules origin +c931d7adf17ee9130779619be156095766124867:refs/remotes/origin/main
end-workflow	Checkout code	2026-02-07T22:23:32.5614489Z From https://github.com/Ka0s-Klaus/ka0s
end-workflow	Checkout code	2026-02-07T22:23:32.5616351Z  + b427f3601...c931d7adf c931d7adf17ee9130779619be156095766124867 -> origin/main  (forced update)
end-workflow	Checkout code	2026-02-07T22:23:32.7143042Z ##[endgroup]
end-workflow	Checkout code	2026-02-07T22:23:32.7144913Z ##[group]Determining the checkout info
end-workflow	Checkout code	2026-02-07T22:23:32.7148097Z ##[endgroup]
end-workflow	Checkout code	2026-02-07T22:23:32.7158599Z [command]/usr/bin/git sparse-checkout disable
end-workflow	Checkout code	2026-02-07T22:23:33.6058704Z [command]/usr/bin/git config --local --unset-all extensions.worktreeConfig
end-workflow	Checkout code	2026-02-07T22:23:34.0352094Z ##[group]Checking out the ref
end-workflow	Checkout code	2026-02-07T22:23:34.0354442Z [command]/usr/bin/git checkout --progress --force -B main refs/remotes/origin/main
end-workflow	Checkout code	2026-02-07T22:23:35.0986028Z Updating files:  87% (1548/1779)
end-workflow	Checkout code	2026-02-07T22:23:35.6518331Z Updating files:  88% (1566/1779)
end-workflow	Checkout code	2026-02-07T22:23:35.7415906Z Updating files:  89% (1584/1779)
end-workflow	Checkout code	2026-02-07T22:23:35.9336578Z Updating files:  90% (1602/1779)
end-workflow	Checkout code	2026-02-07T22:23:36.0449299Z Updating files:  91% (1619/1779)
end-workflow	Checkout code	2026-02-07T22:23:36.0800138Z Updating files:  91% (1633/1779)
end-workflow	Checkout code	2026-02-07T22:23:36.2951924Z Updating files:  92% (1637/1779)
end-workflow	Checkout code	2026-02-07T22:23:36.2969272Z Updating files:  93% (1655/1779)
end-workflow	Checkout code	2026-02-07T22:23:36.2988220Z Updating files:  94% (1673/1779)
end-workflow	Checkout code	2026-02-07T22:23:36.3000629Z Updating files:  95% (1691/1779)
end-workflow	Checkout code	2026-02-07T22:23:36.3095595Z Updating files:  96% (1708/1779)
end-workflow	Checkout code	2026-02-07T22:23:36.3117241Z Updating files:  97% (1726/1779)
end-workflow	Checkout code	2026-02-07T22:23:36.3131257Z Updating files:  98% (1744/1779)
end-workflow	Checkout code	2026-02-07T22:23:36.3154816Z Updating files:  99% (1762/1779)
end-workflow	Checkout code	2026-02-07T22:23:36.3156639Z Updating files: 100% (1779/1779)
end-workflow	Checkout code	2026-02-07T22:23:36.3157713Z Updating files: 100% (1779/1779), done.
end-workflow	Checkout code	2026-02-07T22:23:38.0806711Z Switched to a new branch 'main'
end-workflow	Checkout code	2026-02-07T22:23:38.0815059Z branch 'main' set up to track 'origin/main'.
end-workflow	Checkout code	2026-02-07T22:23:38.1006466Z ##[endgroup]
end-workflow	Checkout code	2026-02-07T22:23:38.1136966Z [command]/usr/bin/git log -1 --format=%H
end-workflow	Checkout code	2026-02-07T22:23:38.1188878Z c931d7adf17ee9130779619be156095766124867
end-workflow	Install GH CLI	ï»¿2026-02-07T22:23:38.1824553Z Prepare all required actions
end-workflow	Install GH CLI	2026-02-07T22:23:38.1949170Z ##[group]Run ./.github/actions/install-gh-cli
end-workflow	Install GH CLI	2026-02-07T22:23:38.1950182Z env:
end-workflow	Install GH CLI	2026-02-07T22:23:38.1950668Z   KAOS_MODULE: [Ka0S] Audit Pods
end-workflow	Install GH CLI	2026-02-07T22:23:38.1951146Z   KAOS_CODE: 21787841741
end-workflow	Install GH CLI	2026-02-07T22:23:38.1952089Z   GH_TOKEN: ***
end-workflow	Install GH CLI	2026-02-07T22:23:38.1966949Z ##[endgroup]
end-workflow	Install GH CLI	2026-02-07T22:23:38.3430088Z ##[group]Run type -p curl >/dev/null || (sudo apt-get update && sudo apt-get install curl -y)
end-workflow	Install GH CLI	2026-02-07T22:23:38.3431443Z [36;1mtype -p curl >/dev/null || (sudo apt-get update && sudo apt-get install curl -y)[0m
end-workflow	Install GH CLI	2026-02-07T22:23:38.3433281Z [36;1mcurl -fsSL https://cli.github.com/packages/githubcli-archive-keyring.gpg | sudo dd of=/usr/share/keyrings/githubcli-archive-keyring.gpg \[0m
end-workflow	Install GH CLI	2026-02-07T22:23:38.3435019Z [36;1m&& sudo chmod go+r /usr/share/keyrings/githubcli-archive-keyring.gpg \[0m
end-workflow	Install GH CLI	2026-02-07T22:23:38.3437543Z [36;1m&& echo "deb [arch=$(dpkg --print-architecture) signed-by=/usr/share/keyrings/githubcli-archive-keyring.gpg] https://cli.github.com/packages stable main" | sudo tee /etc/apt/sources.list.d/github-cli.list > /dev/null \[0m
end-workflow	Install GH CLI	2026-02-07T22:23:38.3439812Z [36;1m&& sudo apt-get update \[0m
end-workflow	Install GH CLI	2026-02-07T22:23:38.3440315Z [36;1m&& sudo apt-get install gh -y[0m
end-workflow	Install GH CLI	2026-02-07T22:23:38.3461839Z shell: /usr/bin/bash --noprofile --norc -e -o pipefail {0}
end-workflow	Install GH CLI	2026-02-07T22:23:38.3462917Z env:
end-workflow	Install GH CLI	2026-02-07T22:23:38.3463237Z   KAOS_MODULE: [Ka0S] Audit Pods
end-workflow	Install GH CLI	2026-02-07T22:23:38.3463677Z   KAOS_CODE: 21787841741
end-workflow	Install GH CLI	2026-02-07T22:23:38.3464408Z   GH_TOKEN: ***
end-workflow	Install GH CLI	2026-02-07T22:23:38.3464736Z ##[endgroup]
end-workflow	Install GH CLI	2026-02-07T22:23:42.8863129Z 4+1 records in
end-workflow	Install GH CLI	2026-02-07T22:23:42.8870234Z 4+1 records out
end-workflow	Install GH CLI	2026-02-07T22:23:42.8871591Z 2270 bytes (2.3 kB, 2.2 KiB) copied, 0.000419686 s, 5.4 MB/s
end-workflow	Install GH CLI	2026-02-07T22:23:53.0580533Z Get:1 http://archive.ubuntu.com/ubuntu noble InRelease [256 kB]
end-workflow	Install GH CLI	2026-02-07T22:23:53.1173706Z Get:2 http://security.ubuntu.com/ubuntu noble-security InRelease [126 kB]
end-workflow	Install GH CLI	2026-02-07T22:23:53.1481115Z Get:3 https://cli.github.com/packages stable InRelease [3917 B]
end-workflow	Install GH CLI	2026-02-07T22:23:53.2412695Z Get:4 https://ppa.launchpadcontent.net/git-core/ppa/ubuntu noble InRelease [24.3 kB]
end-workflow	Install GH CLI	2026-02-07T22:23:53.4160946Z Get:5 http://archive.ubuntu.com/ubuntu noble-updates InRelease [126 kB]
end-workflow	Install GH CLI	2026-02-07T22:23:54.4001711Z Get:6 http://archive.ubuntu.com/ubuntu noble-backports InRelease [126 kB]
end-workflow	Install GH CLI	2026-02-07T22:23:54.6234425Z Get:7 https://ppa.launchpadcontent.net/git-core/ppa/ubuntu noble/main amd64 Packages [2994 B]
end-workflow	Install GH CLI	2026-02-07T22:23:54.8203112Z Get:8 https://cli.github.com/packages stable/main amd64 Packages [356 B]
end-workflow	Install GH CLI	2026-02-07T22:23:54.8246510Z Get:9 http://archive.ubuntu.com/ubuntu noble/universe amd64 Packages [19.3 MB]
end-workflow	Install GH CLI	2026-02-07T22:23:54.8964134Z Get:10 http://security.ubuntu.com/ubuntu noble-security/main amd64 Packages [1802 kB]
end-workflow	Install GH CLI	2026-02-07T22:23:55.7864363Z Get:11 http://security.ubuntu.com/ubuntu noble-security/multiverse amd64 Packages [34.8 kB]
end-workflow	Install GH CLI	2026-02-07T22:23:56.3966833Z Get:12 http://security.ubuntu.com/ubuntu noble-security/restricted amd64 Packages [3061 kB]
end-workflow	Install GH CLI	2026-02-07T22:23:57.5920282Z Get:13 http://security.ubuntu.com/ubuntu noble-security/universe amd64 Packages [1199 kB]
end-workflow	Install GH CLI	2026-02-07T22:23:57.5922824Z Get:14 http://archive.ubuntu.com/ubuntu noble/multiverse amd64 Packages [331 kB]
end-workflow	Install GH CLI	2026-02-07T22:23:57.9553281Z Get:15 http://archive.ubuntu.com/ubuntu noble/restricted amd64 Packages [117 kB]
end-workflow	Install GH CLI	2026-02-07T22:23:58.5663300Z Get:16 http://archive.ubuntu.com/ubuntu noble/main amd64 Packages [1808 kB]
end-workflow	Install GH CLI	2026-02-07T22:23:59.8593955Z Get:17 http://archive.ubuntu.com/ubuntu noble-updates/multiverse amd64 Packages [38.1 kB]
end-workflow	Install GH CLI	2026-02-07T22:23:59.9094149Z Get:18 http://archive.ubuntu.com/ubuntu noble-updates/universe amd64 Packages [1978 kB]
end-workflow	Install GH CLI	2026-02-07T22:24:01.5409239Z Get:19 http://archive.ubuntu.com/ubuntu noble-updates/restricted amd64 Packages [3280 kB]
end-workflow	Install GH CLI	2026-02-07T22:24:02.8184124Z Get:20 http://archive.ubuntu.com/ubuntu noble-updates/main amd64 Packages [2198 kB]
end-workflow	Install GH CLI	2026-02-07T22:24:03.4225047Z Get:21 http://archive.ubuntu.com/ubuntu noble-backports/universe amd64 Packages [34.6 kB]
end-workflow	Install GH CLI	2026-02-07T22:24:03.4233197Z Get:22 http://archive.ubuntu.com/ubuntu noble-backports/main amd64 Packages [49.5 kB]
end-workflow	Install GH CLI	2026-02-07T22:24:03.6301833Z Fetched 35.9 MB in 11s (3374 kB/s)
end-workflow	Install GH CLI	2026-02-07T22:24:05.0927464Z Reading package lists...
end-workflow	Install GH CLI	2026-02-07T22:24:12.9986566Z Reading package lists...
end-workflow	Install GH CLI	2026-02-07T22:24:13.3016898Z Building dependency tree...
end-workflow	Install GH CLI	2026-02-07T22:24:13.3018588Z Reading state information...
end-workflow	Install GH CLI	2026-02-07T22:24:21.6025464Z The following NEW packages will be installed:
end-workflow	Install GH CLI	2026-02-07T22:24:21.6071276Z   gh
end-workflow	Install GH CLI	2026-02-07T22:24:21.7746407Z 0 upgraded, 1 newly installed, 0 to remove and 17 not upgraded.
end-workflow	Install GH CLI	2026-02-07T22:24:21.7749219Z Need to get 13.7 MB of archives.
end-workflow	Install GH CLI	2026-02-07T22:24:21.7751542Z After this operation, 37.9 MB of additional disk space will be used.
end-workflow	Install GH CLI	2026-02-07T22:24:21.7755175Z Get:1 https://cli.github.com/packages stable/main amd64 gh amd64 2.86.0 [13.7 MB]
end-workflow	Install GH CLI	2026-02-07T22:24:33.8485188Z debconf: delaying package configuration, since apt-utils is not installed
end-workflow	Install GH CLI	2026-02-07T22:24:35.3834106Z Fetched 13.7 MB in 1s (12.6 MB/s)
end-workflow	Install GH CLI	2026-02-07T22:24:38.7546572Z Selecting previously unselected package gh.
end-workflow	Install GH CLI	2026-02-07T22:24:38.7646217Z (Reading database ... 
end-workflow	Install GH CLI	2026-02-07T22:24:38.7649181Z (Reading database ... 5%
end-workflow	Install GH CLI	2026-02-07T22:24:38.7651933Z (Reading database ... 10%
end-workflow	Install GH CLI	2026-02-07T22:24:38.7654023Z (Reading database ... 15%
end-workflow	Install GH CLI	2026-02-07T22:24:38.7656783Z (Reading database ... 20%
end-workflow	Install GH CLI	2026-02-07T22:24:38.7658389Z (Reading database ... 25%
end-workflow	Install GH CLI	2026-02-07T22:24:38.7659714Z (Reading database ... 30%
end-workflow	Install GH CLI	2026-02-07T22:24:38.7661043Z (Reading database ... 35%
end-workflow	Install GH CLI	2026-02-07T22:24:38.7662339Z (Reading database ... 40%
end-workflow	Install GH CLI	2026-02-07T22:24:38.7663672Z (Reading database ... 45%
end-workflow	Install GH CLI	2026-02-07T22:24:38.7664978Z (Reading database ... 50%
end-workflow	Install GH CLI	2026-02-07T22:24:38.7666298Z (Reading database ... 55%
end-workflow	Install GH CLI	2026-02-07T22:24:38.7667774Z (Reading database ... 60%
end-workflow	Install GH CLI	2026-02-07T22:24:38.7723249Z (Reading database ... 65%
end-workflow	Install GH CLI	2026-02-07T22:24:38.7749332Z (Reading database ... 70%
end-workflow	Install GH CLI	2026-02-07T22:24:38.7793884Z (Reading database ... 75%
end-workflow	Install GH CLI	2026-02-07T22:24:38.7844751Z (Reading database ... 80%
end-workflow	Install GH CLI	2026-02-07T22:24:38.7871178Z (Reading database ... 85%
end-workflow	Install GH CLI	2026-02-07T22:24:38.7899626Z (Reading database ... 90%
end-workflow	Install GH CLI	2026-02-07T22:24:38.7964132Z (Reading database ... 95%
end-workflow	Install GH CLI	2026-02-07T22:24:38.7966257Z (Reading database ... 100%
end-workflow	Install GH CLI	2026-02-07T22:24:38.7969707Z (Reading database ... 14385 files and directories currently installed.)
end-workflow	Install GH CLI	2026-02-07T22:24:38.7989074Z Preparing to unpack .../archives/gh_2.86.0_amd64.deb ...
end-workflow	Install GH CLI	2026-02-07T22:24:39.3056615Z Unpacking gh (2.86.0) ...
end-workflow	Install GH CLI	2026-02-07T22:24:46.5438643Z Setting up gh (2.86.0) ...
end-workflow	Finaliza el workflow	ï»¿2026-02-07T22:24:57.3733765Z ##[group]Run echo "End process"
end-workflow	Finaliza el workflow	2026-02-07T22:24:57.3734669Z [36;1mecho "End process"[0m
end-workflow	Finaliza el workflow	2026-02-07T22:24:57.3736032Z [36;1mgh workflow run inspector.yml --ref refs/heads/main -f kaos-workflow-id="21787841741"[0m
end-workflow	Finaliza el workflow	2026-02-07T22:24:57.3756539Z shell: /usr/bin/bash -e {0}
end-workflow	Finaliza el workflow	2026-02-07T22:24:57.3757541Z env:
end-workflow	Finaliza el workflow	2026-02-07T22:24:57.3758197Z   KAOS_MODULE: [Ka0S] Audit Pods
end-workflow	Finaliza el workflow	2026-02-07T22:24:57.3759108Z   KAOS_CODE: 21787841741
end-workflow	Finaliza el workflow	2026-02-07T22:24:57.3760315Z   GH_TOKEN: ***
end-workflow	Finaliza el workflow	2026-02-07T22:24:57.3760850Z ##[endgroup]
end-workflow	Finaliza el workflow	2026-02-07T22:24:57.3820969Z End process
end-workflow	Post Checkout code	ï»¿2026-02-07T22:24:59.0336500Z Post job cleanup.
end-workflow	Post Checkout code	2026-02-07T22:24:59.1995449Z [command]/usr/bin/git version
end-workflow	Post Checkout code	2026-02-07T22:24:59.2062434Z git version 2.52.0
end-workflow	Post Checkout code	2026-02-07T22:24:59.2189517Z Temporarily overriding HOME='/home/runner/_work/_temp/59287d1a-fc43-4776-b1c4-fb40fc340512' before making global git config changes
end-workflow	Post Checkout code	2026-02-07T22:24:59.2191830Z Adding repository directory to the temporary git global config as a safe directory
end-workflow	Post Checkout code	2026-02-07T22:24:59.2208224Z [command]/usr/bin/git config --global --add safe.directory /home/runner/_work/ka0s/ka0s
end-workflow	Post Checkout code	2026-02-07T22:24:59.2283952Z [command]/usr/bin/git config --local --name-only --get-regexp core\.sshCommand
end-workflow	Post Checkout code	2026-02-07T22:24:59.2370313Z [command]/usr/bin/git submodule foreach --recursive sh -c "git config --local --name-only --get-regexp 'core\.sshCommand' && git config --local --unset-all 'core.sshCommand' || :"
end-workflow	Post Checkout code	2026-02-07T22:24:59.2778973Z [command]/usr/bin/git config --local --name-only --get-regexp http\.https\:\/\/github\.com\/\.extraheader
end-workflow	Post Checkout code	2026-02-07T22:24:59.2818935Z http.https://github.com/.extraheader
end-workflow	Post Checkout code	2026-02-07T22:24:59.2842488Z [command]/usr/bin/git config --local --unset-all http.https://github.com/.extraheader
end-workflow	Post Checkout code	2026-02-07T22:24:59.2904988Z [command]/usr/bin/git submodule foreach --recursive sh -c "git config --local --name-only --get-regexp 'http\.https\:\/\/github\.com\/\.extraheader' && git config --local --unset-all 'http.https://github.com/.extraheader' || :"
end-workflow	Post Checkout code	2026-02-07T22:24:59.3289211Z [command]/usr/bin/git config --local --name-only --get-regexp ^includeIf\.gitdir:
end-workflow	Post Checkout code	2026-02-07T22:24:59.3349989Z [command]/usr/bin/git submodule foreach --recursive git config --local --show-origin --name-only --get-regexp remote.origin.url
end-workflow	Complete job	ï»¿2026-02-07T22:24:59.3957327Z Cleaning up orphan processes
