job-core	UNKNOWN STEP	﻿2026-02-09T11:05:54.0051877Z Current runner version: '2.331.0'
job-core	UNKNOWN STEP	2026-02-09T11:05:54.0731003Z Runner name: 'swarm-runners-scaleset-hkss5-runner-5ssmt'
job-core	UNKNOWN STEP	2026-02-09T11:05:54.0732626Z Runner group name: 'Default'
job-core	UNKNOWN STEP	2026-02-09T11:05:54.0733920Z Machine name: 'swarm-runners-scaleset-hkss5-runner-5ssmt'
job-core	UNKNOWN STEP	2026-02-09T11:05:54.1800700Z ##[group]GITHUB_TOKEN Permissions
job-core	UNKNOWN STEP	2026-02-09T11:05:54.1804540Z Actions: write
job-core	UNKNOWN STEP	2026-02-09T11:05:54.1805264Z Contents: write
job-core	UNKNOWN STEP	2026-02-09T11:05:54.1805950Z Issues: write
job-core	UNKNOWN STEP	2026-02-09T11:05:54.1806642Z Metadata: read
job-core	UNKNOWN STEP	2026-02-09T11:05:54.1807366Z PullRequests: write
job-core	UNKNOWN STEP	2026-02-09T11:05:54.1808092Z ##[endgroup]
job-core	UNKNOWN STEP	2026-02-09T11:05:54.3777550Z Secret source: Actions
job-core	UNKNOWN STEP	2026-02-09T11:05:54.3779081Z Prepare workflow directory
job-core	UNKNOWN STEP	2026-02-09T11:06:00.5400000Z Prepare all required actions
job-core	UNKNOWN STEP	2026-02-09T11:06:00.8092985Z Getting action download info
job-core	UNKNOWN STEP	2026-02-09T11:06:09.0597954Z Download action repository 'actions/checkout@v4' (SHA:34e114876b0b11c390a56381ad16ebd13914f8d5)
job-core	UNKNOWN STEP	2026-02-09T11:06:14.3345915Z Download action repository 'actions/setup-python@v5' (SHA:a26af69be951a213d495a4c3e4e4022e16d87065)
job-core	UNKNOWN STEP	2026-02-09T11:06:22.3214654Z Download action repository 'actions/setup-node@v4' (SHA:49933ea5288caeca8642d1e84afbd3f7d6820020)
job-core	UNKNOWN STEP	2026-02-09T11:06:44.3343064Z Complete job name: job-core
job-core	UNKNOWN STEP	2026-02-09T11:06:50.2253013Z ##[group]Run actions/checkout@v4
job-core	UNKNOWN STEP	2026-02-09T11:06:50.2254144Z with:
job-core	UNKNOWN STEP	2026-02-09T11:06:50.2254634Z   fetch-depth: 0
job-core	UNKNOWN STEP	2026-02-09T11:06:50.2255207Z   repository: Ka0s-Klaus/ka0s
job-core	UNKNOWN STEP	2026-02-09T11:06:50.2256221Z   token: ***
job-core	UNKNOWN STEP	2026-02-09T11:06:50.2256719Z   ssh-strict: true
job-core	UNKNOWN STEP	2026-02-09T11:06:50.2257242Z   ssh-user: git
job-core	UNKNOWN STEP	2026-02-09T11:06:50.2257798Z   persist-credentials: true
job-core	UNKNOWN STEP	2026-02-09T11:06:50.2258433Z   clean: true
job-core	UNKNOWN STEP	2026-02-09T11:06:50.2258989Z   sparse-checkout-cone-mode: true
job-core	UNKNOWN STEP	2026-02-09T11:06:50.2259711Z   fetch-tags: false
job-core	UNKNOWN STEP	2026-02-09T11:06:50.2354572Z   show-progress: true
job-core	UNKNOWN STEP	2026-02-09T11:06:50.2355302Z   lfs: false
job-core	UNKNOWN STEP	2026-02-09T11:06:50.2355796Z   submodules: false
job-core	UNKNOWN STEP	2026-02-09T11:06:50.2356400Z   set-safe-directory: true
job-core	UNKNOWN STEP	2026-02-09T11:06:50.2357528Z env:
job-core	UNKNOWN STEP	2026-02-09T11:06:50.2358056Z   KAOS_MODULE: [Ka0S] YAMLLINT
job-core	UNKNOWN STEP	2026-02-09T11:06:50.2359078Z   GH_TOKEN: ***
job-core	UNKNOWN STEP	2026-02-09T11:06:50.2359867Z   KAOS_YAMLLINT_CONFIG: core/config/kaos-yamllint-config.yaml
job-core	UNKNOWN STEP	2026-02-09T11:06:50.2361226Z   KAOS_PRETTIER_CONFIG: compliance/yaml/.prettierrc.json
job-core	UNKNOWN STEP	2026-02-09T11:06:50.2362205Z   KAOS_PATH_RESUME: audit/yamllint/
job-core	UNKNOWN STEP	2026-02-09T11:06:50.2362998Z   KAOS_REPO: /actions-runner/_work/kaos/kaos
job-core	UNKNOWN STEP	2026-02-09T11:06:50.2363799Z   KAOS_STEP_MODULE: 
job-core	UNKNOWN STEP	2026-02-09T11:06:50.2364363Z   KAOS_CODE: 21822525477
job-core	UNKNOWN STEP	2026-02-09T11:06:50.2365033Z   KAOS_REF_BRANCH: main
job-core	UNKNOWN STEP	2026-02-09T11:06:50.2365604Z ##[endgroup]
job-core	UNKNOWN STEP	2026-02-09T11:07:00.6867358Z Syncing repository: Ka0s-Klaus/ka0s
job-core	UNKNOWN STEP	2026-02-09T11:07:00.6869228Z ##[group]Getting Git version info
job-core	UNKNOWN STEP	2026-02-09T11:07:00.6869616Z Working directory is '/home/runner/_work/ka0s/ka0s'
job-core	UNKNOWN STEP	2026-02-09T11:07:00.6870300Z [command]/usr/bin/git version
job-core	UNKNOWN STEP	2026-02-09T11:07:00.6870709Z git version 2.52.0
job-core	UNKNOWN STEP	2026-02-09T11:07:01.0380555Z ##[endgroup]
job-core	UNKNOWN STEP	2026-02-09T11:07:01.1075066Z Temporarily overriding HOME='/home/runner/_work/_temp/62911949-d42e-4c6d-900e-c6650ad0e384' before making global git config changes
job-core	UNKNOWN STEP	2026-02-09T11:07:01.1108476Z Adding repository directory to the temporary git global config as a safe directory
job-core	UNKNOWN STEP	2026-02-09T11:07:01.1748716Z [command]/usr/bin/git config --global --add safe.directory /home/runner/_work/ka0s/ka0s
job-core	UNKNOWN STEP	2026-02-09T11:07:01.9833551Z Deleting the contents of '/home/runner/_work/ka0s/ka0s'
job-core	UNKNOWN STEP	2026-02-09T11:07:01.9892512Z ##[group]Initializing the repository
job-core	UNKNOWN STEP	2026-02-09T11:07:02.0002496Z [command]/usr/bin/git init /home/runner/_work/ka0s/ka0s
job-core	UNKNOWN STEP	2026-02-09T11:07:02.4981989Z hint: Using 'master' as the name for the initial branch. This default branch name
job-core	UNKNOWN STEP	2026-02-09T11:07:02.5032811Z hint: will change to "main" in Git 3.0. To configure the initial branch name
job-core	UNKNOWN STEP	2026-02-09T11:07:02.5461525Z hint: to use in all of your new repositories, which will suppress this warning,
job-core	UNKNOWN STEP	2026-02-09T11:07:02.5521382Z hint: call:
job-core	UNKNOWN STEP	2026-02-09T11:07:02.5603541Z hint:
job-core	UNKNOWN STEP	2026-02-09T11:07:02.5634217Z hint: 	git config --global init.defaultBranch <name>
job-core	UNKNOWN STEP	2026-02-09T11:07:02.5701137Z hint:
job-core	UNKNOWN STEP	2026-02-09T11:07:02.5731890Z hint: Names commonly chosen instead of 'master' are 'main', 'trunk' and
job-core	UNKNOWN STEP	2026-02-09T11:07:02.5755350Z hint: 'development'. The just-created branch can be renamed via this command:
job-core	UNKNOWN STEP	2026-02-09T11:07:02.5791333Z hint:
job-core	UNKNOWN STEP	2026-02-09T11:07:02.5844518Z hint: 	git branch -m <name>
job-core	UNKNOWN STEP	2026-02-09T11:07:02.5886350Z hint:
job-core	UNKNOWN STEP	2026-02-09T11:07:02.5921202Z hint: Disable this message with "git config set advice.defaultBranchName false"
job-core	UNKNOWN STEP	2026-02-09T11:07:02.6026162Z Initialized empty Git repository in /home/runner/_work/ka0s/ka0s/.git/
job-core	UNKNOWN STEP	2026-02-09T11:07:02.6975457Z [command]/usr/bin/git remote add origin https://github.com/Ka0s-Klaus/ka0s
job-core	UNKNOWN STEP	2026-02-09T11:07:02.7883867Z ##[endgroup]
job-core	UNKNOWN STEP	2026-02-09T11:07:02.7952723Z ##[group]Disabling automatic garbage collection
job-core	UNKNOWN STEP	2026-02-09T11:07:02.8114163Z [command]/usr/bin/git config --local gc.auto 0
job-core	UNKNOWN STEP	2026-02-09T11:07:02.8572155Z ##[endgroup]
job-core	UNKNOWN STEP	2026-02-09T11:07:02.8608856Z ##[group]Setting up auth
job-core	UNKNOWN STEP	2026-02-09T11:07:02.9098682Z [command]/usr/bin/git config --local --name-only --get-regexp core\.sshCommand
job-core	UNKNOWN STEP	2026-02-09T11:07:02.9103807Z [command]/usr/bin/git submodule foreach --recursive sh -c "git config --local --name-only --get-regexp 'core\.sshCommand' && git config --local --unset-all 'core.sshCommand' || :"
job-core	UNKNOWN STEP	2026-02-09T11:07:06.4975629Z [command]/usr/bin/git config --local --name-only --get-regexp http\.https\:\/\/github\.com\/\.extraheader
job-core	UNKNOWN STEP	2026-02-09T11:07:06.5341784Z [command]/usr/bin/git submodule foreach --recursive sh -c "git config --local --name-only --get-regexp 'http\.https\:\/\/github\.com\/\.extraheader' && git config --local --unset-all 'http.https://github.com/.extraheader' || :"
job-core	UNKNOWN STEP	2026-02-09T11:07:07.1336303Z [command]/usr/bin/git config --local --name-only --get-regexp ^includeIf\.gitdir:
job-core	UNKNOWN STEP	2026-02-09T11:07:07.3113367Z [command]/usr/bin/git submodule foreach --recursive git config --local --show-origin --name-only --get-regexp remote.origin.url
job-core	UNKNOWN STEP	2026-02-09T11:07:16.6745043Z [command]/usr/bin/git config --local http.https://github.com/.extraheader AUTHORIZATION: basic ***
job-core	UNKNOWN STEP	2026-02-09T11:07:19.0296995Z ##[endgroup]
job-core	UNKNOWN STEP	2026-02-09T11:07:19.0299912Z ##[group]Fetching the repository
job-core	UNKNOWN STEP	2026-02-09T11:07:19.0366167Z [command]/usr/bin/git -c protocol.version=2 fetch --prune --no-recurse-submodules origin +refs/heads/*:refs/remotes/origin/* +refs/tags/*:refs/tags/*
job-core	UNKNOWN STEP	2026-02-09T11:16:50.3495343Z From https://github.com/Ka0s-Klaus/ka0s
job-core	UNKNOWN STEP	2026-02-09T11:16:50.3514665Z  * [new branch]          F1224-new-module-mongodb -> origin/F1224-new-module-mongodb
job-core	UNKNOWN STEP	2026-02-09T11:16:50.3662092Z  * [new branch]          F220-web-de-resultados  -> origin/F220-web-de-resultados
job-core	UNKNOWN STEP	2026-02-09T11:16:50.3825845Z  * [new branch]          F227-despliegue-de-kube-independiente-del-clouder -> origin/F227-despliegue-de-kube-independiente-del-clouder
job-core	UNKNOWN STEP	2026-02-09T11:16:50.3826910Z  * [new branch]          F329-documentacion-metodologia-de-kaos -> origin/F329-documentacion-metodologia-de-kaos
job-core	UNKNOWN STEP	2026-02-09T11:16:50.3827736Z  * [new branch]          H1139-como-instalar-arc-control -> origin/H1139-como-instalar-arc-control
job-core	UNKNOWN STEP	2026-02-09T11:16:50.3828512Z  * [new branch]          H1150-desarrollo-de-secciones -> origin/H1150-desarrollo-de-secciones
job-core	UNKNOWN STEP	2026-02-09T11:16:50.3829294Z  * [new branch]          H1151-desarrollo-de-secciones-ii -> origin/H1151-desarrollo-de-secciones-ii
job-core	UNKNOWN STEP	2026-02-09T11:16:50.3829948Z  * [new branch]          H1152-desarrollo-inicio -> origin/H1152-desarrollo-inicio
job-core	UNKNOWN STEP	2026-02-09T11:16:50.3830832Z  * [new branch]          H1193-ejemplo-web-documentacion -> origin/H1193-ejemplo-web-documentacion
job-core	UNKNOWN STEP	2026-02-09T11:16:50.3831496Z  * [new branch]          H1224-new-module-mongodb -> origin/H1224-new-module-mongodb
job-core	UNKNOWN STEP	2026-02-09T11:16:50.3832094Z  * [new branch]          H1276-modulo-observabilidad -> origin/H1276-modulo-observabilidad
job-core	UNKNOWN STEP	2026-02-09T11:16:50.3832683Z  * [new branch]          H1410-modulo-execution  -> origin/H1410-modulo-execution
job-core	UNKNOWN STEP	2026-02-09T11:16:50.3833663Z  * [new branch]          H1514-new-swarm-deployment-stack-with-actions-runners-autoscale -> origin/H1514-new-swarm-deployment-stack-with-actions-runners-autoscale
job-core	UNKNOWN STEP	2026-02-09T11:16:50.5475156Z  * [new branch]          H1968-modulo-personalización-del-portal-de-kaos-core -> origin/H1968-modulo-personalización-del-portal-de-kaos-core
job-core	UNKNOWN STEP	2026-02-09T11:16:50.5476035Z  * [new branch]          H215-modulo-de-summary  -> origin/H215-modulo-de-summary
job-core	UNKNOWN STEP	2026-02-09T11:16:50.5476865Z  * [new branch]          H227-despliegue-de-kube-independiente-del-clouder -> origin/H227-despliegue-de-kube-independiente-del-clouder
job-core	UNKNOWN STEP	2026-02-09T11:16:50.5477910Z  * [new branch]          H3038-test-ci-cd-kubernetes-automated-system -> origin/H3038-test-ci-cd-kubernetes-automated-system
job-core	UNKNOWN STEP	2026-02-09T11:16:50.5478752Z  * [new branch]          H306-ficheros-de-estadisticas -> origin/H306-ficheros-de-estadisticas
job-core	UNKNOWN STEP	2026-02-09T11:16:50.5479352Z  * [new branch]          H3265-deploy-itop       -> origin/H3265-deploy-itop
job-core	UNKNOWN STEP	2026-02-09T11:16:50.5479881Z  * [new branch]          H3266-deploy-zabbix     -> origin/H3266-deploy-zabbix
job-core	UNKNOWN STEP	2026-02-09T11:16:50.5480810Z  * [new branch]          H328-documentacion-modulo-principal-de-kaos -> origin/H328-documentacion-modulo-principal-de-kaos
job-core	UNKNOWN STEP	2026-02-09T11:16:50.5482157Z  * [new branch]          H329-documentacion-metodologia-de-kaos -> origin/H329-documentacion-metodologia-de-kaos
job-core	UNKNOWN STEP	2026-02-09T11:16:50.5483106Z  * [new branch]          H338-relanzador-de-jobs-en-caso-de-pattern -> origin/H338-relanzador-de-jobs-en-caso-de-pattern
job-core	UNKNOWN STEP	2026-02-09T11:16:50.5484015Z  * [new branch]          H38-documentacion-basica-del-proyecto -> origin/H38-documentacion-basica-del-proyecto
job-core	UNKNOWN STEP	2026-02-09T11:16:50.5485168Z  * [new branch]          RN1282-ka0s-error-detected-in-ka0s-workflow-statistics-summary -> origin/RN1282-ka0s-error-detected-in-ka0s-workflow-statistics-summary
job-core	UNKNOWN STEP	2026-02-09T11:16:50.5486184Z  * [new branch]          RN220-web-de-resultados -> origin/RN220-web-de-resultados
job-core	UNKNOWN STEP	2026-02-09T11:16:50.5487067Z  * [new branch]          RN227-despliegue-de-kube-independiente-del-clouder -> origin/RN227-despliegue-de-kube-independiente-del-clouder
job-core	UNKNOWN STEP	2026-02-09T11:16:50.5488125Z  * [new branch]          RN329-documentacion-metodologia-de-kaos -> origin/RN329-documentacion-metodologia-de-kaos
job-core	UNKNOWN STEP	2026-02-09T11:16:50.5488811Z  * [new branch]          main                    -> origin/main
job-core	UNKNOWN STEP	2026-02-09T11:16:50.5489258Z  * [new tag]             0.0.0                   -> 0.0.0
job-core	UNKNOWN STEP	2026-02-09T11:16:50.5489634Z  * [new tag]             0.0.1                   -> 0.0.1
job-core	UNKNOWN STEP	2026-02-09T11:16:50.5490001Z  * [new tag]             0.0.10                  -> 0.0.10
job-core	UNKNOWN STEP	2026-02-09T11:16:50.6262618Z  * [new tag]             0.0.100                 -> 0.0.100
job-core	UNKNOWN STEP	2026-02-09T11:16:50.6263160Z  * [new tag]             0.0.101                 -> 0.0.101
job-core	UNKNOWN STEP	2026-02-09T11:16:50.7514443Z  * [new tag]             0.0.102                 -> 0.0.102
job-core	UNKNOWN STEP	2026-02-09T11:16:50.7515833Z  * [new tag]             0.0.103                 -> 0.0.103
job-core	UNKNOWN STEP	2026-02-09T11:16:50.7516484Z  * [new tag]             0.0.104                 -> 0.0.104
job-core	UNKNOWN STEP	2026-02-09T11:16:50.7518125Z  * [new tag]             0.0.105                 -> 0.0.105
job-core	UNKNOWN STEP	2026-02-09T11:16:50.7518532Z  * [new tag]             0.0.106                 -> 0.0.106
job-core	UNKNOWN STEP	2026-02-09T11:16:50.7518911Z  * [new tag]             0.0.107                 -> 0.0.107
job-core	UNKNOWN STEP	2026-02-09T11:16:50.7519280Z  * [new tag]             0.0.108                 -> 0.0.108
job-core	UNKNOWN STEP	2026-02-09T11:16:50.7519638Z  * [new tag]             0.0.109                 -> 0.0.109
job-core	UNKNOWN STEP	2026-02-09T11:16:50.7519993Z  * [new tag]             0.0.11                  -> 0.0.11
job-core	UNKNOWN STEP	2026-02-09T11:16:50.7529021Z  * [new tag]             0.0.110                 -> 0.0.110
job-core	UNKNOWN STEP	2026-02-09T11:16:50.7529400Z  * [new tag]             0.0.111                 -> 0.0.111
job-core	UNKNOWN STEP	2026-02-09T11:16:50.7529760Z  * [new tag]             0.0.112                 -> 0.0.112
job-core	UNKNOWN STEP	2026-02-09T11:16:50.8617014Z  * [new tag]             0.0.113                 -> 0.0.113
job-core	UNKNOWN STEP	2026-02-09T11:16:50.8617469Z  * [new tag]             0.0.114                 -> 0.0.114
job-core	UNKNOWN STEP	2026-02-09T11:16:50.8617849Z  * [new tag]             0.0.115                 -> 0.0.115
job-core	UNKNOWN STEP	2026-02-09T11:16:50.9363261Z  * [new tag]             0.0.116                 -> 0.0.116
job-core	UNKNOWN STEP	2026-02-09T11:16:50.9364075Z  * [new tag]             0.0.117                 -> 0.0.117
job-core	UNKNOWN STEP	2026-02-09T11:16:50.9364442Z  * [new tag]             0.0.118                 -> 0.0.118
job-core	UNKNOWN STEP	2026-02-09T11:16:50.9364839Z  * [new tag]             0.0.119                 -> 0.0.119
job-core	UNKNOWN STEP	2026-02-09T11:16:50.9365204Z  * [new tag]             0.0.12                  -> 0.0.12
job-core	UNKNOWN STEP	2026-02-09T11:16:50.9365573Z  * [new tag]             0.0.120                 -> 0.0.120
job-core	UNKNOWN STEP	2026-02-09T11:16:50.9365931Z  * [new tag]             0.0.121                 -> 0.0.121
job-core	UNKNOWN STEP	2026-02-09T11:16:50.9366292Z  * [new tag]             0.0.122                 -> 0.0.122
job-core	UNKNOWN STEP	2026-02-09T11:16:50.9366653Z  * [new tag]             0.0.123                 -> 0.0.123
job-core	UNKNOWN STEP	2026-02-09T11:16:50.9825891Z  * [new tag]             0.0.124                 -> 0.0.124
job-core	UNKNOWN STEP	2026-02-09T11:16:50.9827084Z  * [new tag]             0.0.125                 -> 0.0.125
job-core	UNKNOWN STEP	2026-02-09T11:16:50.9828064Z  * [new tag]             0.0.126                 -> 0.0.126
job-core	UNKNOWN STEP	2026-02-09T11:16:50.9847837Z  * [new tag]             0.0.127                 -> 0.0.127
job-core	UNKNOWN STEP	2026-02-09T11:16:50.9848498Z  * [new tag]             0.0.128                 -> 0.0.128
job-core	UNKNOWN STEP	2026-02-09T11:16:51.3374634Z  * [new tag]             0.0.129                 -> 0.0.129
job-core	UNKNOWN STEP	2026-02-09T11:16:51.3375715Z  * [new tag]             0.0.13                  -> 0.0.13
job-core	UNKNOWN STEP	2026-02-09T11:16:51.3376105Z  * [new tag]             0.0.130                 -> 0.0.130
job-core	UNKNOWN STEP	2026-02-09T11:16:51.3376477Z  * [new tag]             0.0.131                 -> 0.0.131
job-core	UNKNOWN STEP	2026-02-09T11:16:51.3376839Z  * [new tag]             0.0.132                 -> 0.0.132
job-core	UNKNOWN STEP	2026-02-09T11:16:51.3377230Z  * [new tag]             0.0.133                 -> 0.0.133
job-core	UNKNOWN STEP	2026-02-09T11:16:51.3377623Z  * [new tag]             0.0.134                 -> 0.0.134
job-core	UNKNOWN STEP	2026-02-09T11:16:51.3378016Z  * [new tag]             0.0.135                 -> 0.0.135
job-core	UNKNOWN STEP	2026-02-09T11:16:51.3378406Z  * [new tag]             0.0.136                 -> 0.0.136
job-core	UNKNOWN STEP	2026-02-09T11:16:51.3378796Z  * [new tag]             0.0.137                 -> 0.0.137
job-core	UNKNOWN STEP	2026-02-09T11:16:51.3379187Z  * [new tag]             0.0.138                 -> 0.0.138
job-core	UNKNOWN STEP	2026-02-09T11:16:51.3379540Z  * [new tag]             0.0.139                 -> 0.0.139
job-core	UNKNOWN STEP	2026-02-09T11:16:51.3379917Z  * [new tag]             0.0.14                  -> 0.0.14
job-core	UNKNOWN STEP	2026-02-09T11:16:51.3651096Z  * [new tag]             0.0.140                 -> 0.0.140
job-core	UNKNOWN STEP	2026-02-09T11:16:51.5997841Z  * [new tag]             0.0.141                 -> 0.0.141
job-core	UNKNOWN STEP	2026-02-09T11:16:51.6103067Z  * [new tag]             0.0.142                 -> 0.0.142
job-core	UNKNOWN STEP	2026-02-09T11:16:51.6283645Z  * [new tag]             0.0.143                 -> 0.0.143
job-core	UNKNOWN STEP	2026-02-09T11:16:51.6528187Z  * [new tag]             0.0.144                 -> 0.0.144
job-core	UNKNOWN STEP	2026-02-09T11:16:51.7173683Z  * [new tag]             0.0.145                 -> 0.0.145
job-core	UNKNOWN STEP	2026-02-09T11:16:51.7707243Z  * [new tag]             0.0.146                 -> 0.0.146
job-core	UNKNOWN STEP	2026-02-09T11:16:51.7708468Z  * [new tag]             0.0.147                 -> 0.0.147
job-core	UNKNOWN STEP	2026-02-09T11:16:51.7709439Z  * [new tag]             0.0.148                 -> 0.0.148
job-core	UNKNOWN STEP	2026-02-09T11:16:51.7710731Z  * [new tag]             0.0.149                 -> 0.0.149
job-core	UNKNOWN STEP	2026-02-09T11:16:51.7992479Z  * [new tag]             0.0.15                  -> 0.0.15
job-core	UNKNOWN STEP	2026-02-09T11:16:51.7993291Z  * [new tag]             0.0.150                 -> 0.0.150
job-core	UNKNOWN STEP	2026-02-09T11:16:51.7994118Z  * [new tag]             0.0.151                 -> 0.0.151
job-core	UNKNOWN STEP	2026-02-09T11:16:51.7994690Z  * [new tag]             0.0.152                 -> 0.0.152
job-core	UNKNOWN STEP	2026-02-09T11:16:51.7995266Z  * [new tag]             0.0.153                 -> 0.0.153
job-core	UNKNOWN STEP	2026-02-09T11:16:51.7995792Z  * [new tag]             0.0.154                 -> 0.0.154
job-core	UNKNOWN STEP	2026-02-09T11:16:51.7996567Z  * [new tag]             0.0.155                 -> 0.0.155
job-core	UNKNOWN STEP	2026-02-09T11:16:51.7997178Z  * [new tag]             0.0.156                 -> 0.0.156
job-core	UNKNOWN STEP	2026-02-09T11:16:51.8001883Z  * [new tag]             0.0.157                 -> 0.0.157
job-core	UNKNOWN STEP	2026-02-09T11:16:51.8021462Z  * [new tag]             0.0.158                 -> 0.0.158
job-core	UNKNOWN STEP	2026-02-09T11:16:52.3591616Z  * [new tag]             0.0.159                 -> 0.0.159
job-core	UNKNOWN STEP	2026-02-09T11:16:52.3592306Z  * [new tag]             0.0.16                  -> 0.0.16
job-core	UNKNOWN STEP	2026-02-09T11:16:52.3592699Z  * [new tag]             0.0.160                 -> 0.0.160
job-core	UNKNOWN STEP	2026-02-09T11:16:52.3630974Z  * [new tag]             0.0.161                 -> 0.0.161
job-core	UNKNOWN STEP	2026-02-09T11:16:52.3631369Z  * [new tag]             0.0.162                 -> 0.0.162
job-core	UNKNOWN STEP	2026-02-09T11:16:52.3631728Z  * [new tag]             0.0.163                 -> 0.0.163
job-core	UNKNOWN STEP	2026-02-09T11:16:52.3632081Z  * [new tag]             0.0.164                 -> 0.0.164
job-core	UNKNOWN STEP	2026-02-09T11:16:52.3632435Z  * [new tag]             0.0.165                 -> 0.0.165
job-core	UNKNOWN STEP	2026-02-09T11:16:52.3632794Z  * [new tag]             0.0.166                 -> 0.0.166
job-core	UNKNOWN STEP	2026-02-09T11:16:52.3633147Z  * [new tag]             0.0.167                 -> 0.0.167
job-core	UNKNOWN STEP	2026-02-09T11:16:52.3633501Z  * [new tag]             0.0.168                 -> 0.0.168
job-core	UNKNOWN STEP	2026-02-09T11:16:52.3633893Z  * [new tag]             0.0.169                 -> 0.0.169
job-core	UNKNOWN STEP	2026-02-09T11:16:52.3634245Z  * [new tag]             0.0.17                  -> 0.0.17
job-core	UNKNOWN STEP	2026-02-09T11:16:52.6367883Z  * [new tag]             0.0.170                 -> 0.0.170
job-core	UNKNOWN STEP	2026-02-09T11:16:52.6368618Z  * [new tag]             0.0.171                 -> 0.0.171
job-core	UNKNOWN STEP	2026-02-09T11:16:52.6368987Z  * [new tag]             0.0.172                 -> 0.0.172
job-core	UNKNOWN STEP	2026-02-09T11:16:52.6369347Z  * [new tag]             0.0.173                 -> 0.0.173
job-core	UNKNOWN STEP	2026-02-09T11:16:52.6369702Z  * [new tag]             0.0.174                 -> 0.0.174
job-core	UNKNOWN STEP	2026-02-09T11:16:52.6370060Z  * [new tag]             0.0.175                 -> 0.0.175
job-core	UNKNOWN STEP	2026-02-09T11:16:52.6370481Z  * [new tag]             0.0.176                 -> 0.0.176
job-core	UNKNOWN STEP	2026-02-09T11:16:52.6370837Z  * [new tag]             0.0.177                 -> 0.0.177
job-core	UNKNOWN STEP	2026-02-09T11:16:52.6371191Z  * [new tag]             0.0.178                 -> 0.0.178
job-core	UNKNOWN STEP	2026-02-09T11:16:52.6371541Z  * [new tag]             0.0.179                 -> 0.0.179
job-core	UNKNOWN STEP	2026-02-09T11:16:52.6371918Z  * [new tag]             0.0.18                  -> 0.0.18
job-core	UNKNOWN STEP	2026-02-09T11:16:52.6372271Z  * [new tag]             0.0.19                  -> 0.0.19
job-core	UNKNOWN STEP	2026-02-09T11:16:52.6372633Z  * [new tag]             0.0.2                   -> 0.0.2
job-core	UNKNOWN STEP	2026-02-09T11:16:52.6372982Z  * [new tag]             0.0.20                  -> 0.0.20
job-core	UNKNOWN STEP	2026-02-09T11:16:52.6373331Z  * [new tag]             0.0.21                  -> 0.0.21
job-core	UNKNOWN STEP	2026-02-09T11:16:52.6373687Z  * [new tag]             0.0.22                  -> 0.0.22
job-core	UNKNOWN STEP	2026-02-09T11:16:52.6374039Z  * [new tag]             0.0.23                  -> 0.0.23
job-core	UNKNOWN STEP	2026-02-09T11:16:52.6374386Z  * [new tag]             0.0.24                  -> 0.0.24
job-core	UNKNOWN STEP	2026-02-09T11:16:52.6374749Z  * [new tag]             0.0.25                  -> 0.0.25
job-core	UNKNOWN STEP	2026-02-09T11:16:52.6375098Z  * [new tag]             0.0.26                  -> 0.0.26
job-core	UNKNOWN STEP	2026-02-09T11:16:52.6375451Z  * [new tag]             0.0.27                  -> 0.0.27
job-core	UNKNOWN STEP	2026-02-09T11:16:52.6375819Z  * [new tag]             0.0.28                  -> 0.0.28
job-core	UNKNOWN STEP	2026-02-09T11:16:52.6376166Z  * [new tag]             0.0.29                  -> 0.0.29
job-core	UNKNOWN STEP	2026-02-09T11:16:52.6376536Z  * [new tag]             0.0.3                   -> 0.0.3
job-core	UNKNOWN STEP	2026-02-09T11:16:52.6376892Z  * [new tag]             0.0.30                  -> 0.0.30
job-core	UNKNOWN STEP	2026-02-09T11:16:52.6377239Z  * [new tag]             0.0.31                  -> 0.0.31
job-core	UNKNOWN STEP	2026-02-09T11:16:52.6377588Z  * [new tag]             0.0.32                  -> 0.0.32
job-core	UNKNOWN STEP	2026-02-09T11:16:52.6377941Z  * [new tag]             0.0.33                  -> 0.0.33
job-core	UNKNOWN STEP	2026-02-09T11:16:52.6378299Z  * [new tag]             0.0.34                  -> 0.0.34
job-core	UNKNOWN STEP	2026-02-09T11:16:52.6378651Z  * [new tag]             0.0.35                  -> 0.0.35
job-core	UNKNOWN STEP	2026-02-09T11:16:52.6379004Z  * [new tag]             0.0.36                  -> 0.0.36
job-core	UNKNOWN STEP	2026-02-09T11:16:52.6379357Z  * [new tag]             0.0.37                  -> 0.0.37
job-core	UNKNOWN STEP	2026-02-09T11:16:52.6379708Z  * [new tag]             0.0.38                  -> 0.0.38
job-core	UNKNOWN STEP	2026-02-09T11:16:52.6380395Z  * [new tag]             0.0.39                  -> 0.0.39
job-core	UNKNOWN STEP	2026-02-09T11:16:52.6380746Z  * [new tag]             0.0.4                   -> 0.0.4
job-core	UNKNOWN STEP	2026-02-09T11:16:52.6381092Z  * [new tag]             0.0.40                  -> 0.0.40
job-core	UNKNOWN STEP	2026-02-09T11:16:52.6381448Z  * [new tag]             0.0.41                  -> 0.0.41
job-core	UNKNOWN STEP	2026-02-09T11:16:52.6381830Z  * [new tag]             0.0.42                  -> 0.0.42
job-core	UNKNOWN STEP	2026-02-09T11:16:52.6382183Z  * [new tag]             0.0.43                  -> 0.0.43
job-core	UNKNOWN STEP	2026-02-09T11:16:52.6382531Z  * [new tag]             0.0.44                  -> 0.0.44
job-core	UNKNOWN STEP	2026-02-09T11:16:52.6382883Z  * [new tag]             0.0.45                  -> 0.0.45
job-core	UNKNOWN STEP	2026-02-09T11:16:52.6383244Z  * [new tag]             0.0.46                  -> 0.0.46
job-core	UNKNOWN STEP	2026-02-09T11:16:52.6383597Z  * [new tag]             0.0.47                  -> 0.0.47
job-core	UNKNOWN STEP	2026-02-09T11:16:52.6383947Z  * [new tag]             0.0.48                  -> 0.0.48
job-core	UNKNOWN STEP	2026-02-09T11:16:52.6384288Z  * [new tag]             0.0.49                  -> 0.0.49
job-core	UNKNOWN STEP	2026-02-09T11:16:52.6384643Z  * [new tag]             0.0.5                   -> 0.0.5
job-core	UNKNOWN STEP	2026-02-09T11:16:52.6384991Z  * [new tag]             0.0.50                  -> 0.0.50
job-core	UNKNOWN STEP	2026-02-09T11:16:52.6385629Z  * [new tag]             0.0.51                  -> 0.0.51
job-core	UNKNOWN STEP	2026-02-09T11:16:52.6385992Z  * [new tag]             0.0.52                  -> 0.0.52
job-core	UNKNOWN STEP	2026-02-09T11:16:52.6386347Z  * [new tag]             0.0.53                  -> 0.0.53
job-core	UNKNOWN STEP	2026-02-09T11:16:52.6386704Z  * [new tag]             0.0.54                  -> 0.0.54
job-core	UNKNOWN STEP	2026-02-09T11:16:52.6387052Z  * [new tag]             0.0.55                  -> 0.0.55
job-core	UNKNOWN STEP	2026-02-09T11:16:52.6387397Z  * [new tag]             0.0.56                  -> 0.0.56
job-core	UNKNOWN STEP	2026-02-09T11:16:52.6387753Z  * [new tag]             0.0.57                  -> 0.0.57
job-core	UNKNOWN STEP	2026-02-09T11:16:52.6388097Z  * [new tag]             0.0.58                  -> 0.0.58
job-core	UNKNOWN STEP	2026-02-09T11:16:52.6388448Z  * [new tag]             0.0.59                  -> 0.0.59
job-core	UNKNOWN STEP	2026-02-09T11:16:52.6388808Z  * [new tag]             0.0.6                   -> 0.0.6
job-core	UNKNOWN STEP	2026-02-09T11:16:52.6389153Z  * [new tag]             0.0.60                  -> 0.0.60
job-core	UNKNOWN STEP	2026-02-09T11:16:52.6389509Z  * [new tag]             0.0.61                  -> 0.0.61
job-core	UNKNOWN STEP	2026-02-09T11:16:52.6389871Z  * [new tag]             0.0.62                  -> 0.0.62
job-core	UNKNOWN STEP	2026-02-09T11:16:52.7855188Z  * [new tag]             0.0.63                  -> 0.0.63
job-core	UNKNOWN STEP	2026-02-09T11:16:52.7855594Z  * [new tag]             0.0.64                  -> 0.0.64
job-core	UNKNOWN STEP	2026-02-09T11:16:52.7855951Z  * [new tag]             0.0.65                  -> 0.0.65
job-core	UNKNOWN STEP	2026-02-09T11:16:52.7856304Z  * [new tag]             0.0.66                  -> 0.0.66
job-core	UNKNOWN STEP	2026-02-09T11:16:52.7856654Z  * [new tag]             0.0.67                  -> 0.0.67
job-core	UNKNOWN STEP	2026-02-09T11:16:52.7857148Z  * [new tag]             0.0.68                  -> 0.0.68
job-core	UNKNOWN STEP	2026-02-09T11:16:52.7863658Z  * [new tag]             0.0.69                  -> 0.0.69
job-core	UNKNOWN STEP	2026-02-09T11:16:52.7864111Z  * [new tag]             0.0.7                   -> 0.0.7
job-core	UNKNOWN STEP	2026-02-09T11:16:52.7864505Z  * [new tag]             0.0.70                  -> 0.0.70
job-core	UNKNOWN STEP	2026-02-09T11:16:52.7864877Z  * [new tag]             0.0.71                  -> 0.0.71
job-core	UNKNOWN STEP	2026-02-09T11:16:52.7865237Z  * [new tag]             0.0.72                  -> 0.0.72
job-core	UNKNOWN STEP	2026-02-09T11:16:52.7865590Z  * [new tag]             0.0.73                  -> 0.0.73
job-core	UNKNOWN STEP	2026-02-09T11:16:52.7865932Z  * [new tag]             0.0.74                  -> 0.0.74
job-core	UNKNOWN STEP	2026-02-09T11:16:52.7866283Z  * [new tag]             0.0.75                  -> 0.0.75
job-core	UNKNOWN STEP	2026-02-09T11:16:52.7866636Z  * [new tag]             0.0.76                  -> 0.0.76
job-core	UNKNOWN STEP	2026-02-09T11:16:52.7866980Z  * [new tag]             0.0.77                  -> 0.0.77
job-core	UNKNOWN STEP	2026-02-09T11:16:52.7867325Z  * [new tag]             0.0.78                  -> 0.0.78
job-core	UNKNOWN STEP	2026-02-09T11:16:52.7867672Z  * [new tag]             0.0.79                  -> 0.0.79
job-core	UNKNOWN STEP	2026-02-09T11:16:52.7868033Z  * [new tag]             0.0.8                   -> 0.0.8
job-core	UNKNOWN STEP	2026-02-09T11:16:52.7868392Z  * [new tag]             0.0.80                  -> 0.0.80
job-core	UNKNOWN STEP	2026-02-09T11:16:52.9412614Z  * [new tag]             0.0.81                  -> 0.0.81
job-core	UNKNOWN STEP	2026-02-09T11:16:52.9412988Z  * [new tag]             0.0.82                  -> 0.0.82
job-core	UNKNOWN STEP	2026-02-09T11:16:52.9413356Z  * [new tag]             0.0.83                  -> 0.0.83
job-core	UNKNOWN STEP	2026-02-09T11:16:52.9413705Z  * [new tag]             0.0.84                  -> 0.0.84
job-core	UNKNOWN STEP	2026-02-09T11:16:52.9414053Z  * [new tag]             0.0.85                  -> 0.0.85
job-core	UNKNOWN STEP	2026-02-09T11:16:52.9414408Z  * [new tag]             0.0.86                  -> 0.0.86
job-core	UNKNOWN STEP	2026-02-09T11:16:52.9414780Z  * [new tag]             0.0.87                  -> 0.0.87
job-core	UNKNOWN STEP	2026-02-09T11:16:52.9415143Z  * [new tag]             0.0.88                  -> 0.0.88
job-core	UNKNOWN STEP	2026-02-09T11:16:52.9415512Z  * [new tag]             0.0.89                  -> 0.0.89
job-core	UNKNOWN STEP	2026-02-09T11:16:52.9415886Z  * [new tag]             0.0.9                   -> 0.0.9
job-core	UNKNOWN STEP	2026-02-09T11:16:52.9416251Z  * [new tag]             0.0.90                  -> 0.0.90
job-core	UNKNOWN STEP	2026-02-09T11:16:52.9416634Z  * [new tag]             0.0.91                  -> 0.0.91
job-core	UNKNOWN STEP	2026-02-09T11:16:52.9416991Z  * [new tag]             0.0.92                  -> 0.0.92
job-core	UNKNOWN STEP	2026-02-09T11:16:52.9417630Z  * [new tag]             0.0.93                  -> 0.0.93
job-core	UNKNOWN STEP	2026-02-09T11:16:52.9418006Z  * [new tag]             0.0.94                  -> 0.0.94
job-core	UNKNOWN STEP	2026-02-09T11:16:52.9418358Z  * [new tag]             0.0.95                  -> 0.0.95
job-core	UNKNOWN STEP	2026-02-09T11:16:52.9418710Z  * [new tag]             0.0.96                  -> 0.0.96
job-core	UNKNOWN STEP	2026-02-09T11:16:52.9419058Z  * [new tag]             0.0.97                  -> 0.0.97
job-core	UNKNOWN STEP	2026-02-09T11:16:52.9419414Z  * [new tag]             0.0.98                  -> 0.0.98
job-core	UNKNOWN STEP	2026-02-09T11:16:52.9419769Z  * [new tag]             0.0.99                  -> 0.0.99
job-core	UNKNOWN STEP	2026-02-09T11:16:52.9420226Z  * [new tag]             0.1.0                   -> 0.1.0
job-core	UNKNOWN STEP	2026-02-09T11:16:52.9700666Z  * [new tag]             0.1.1                   -> 0.1.1
job-core	UNKNOWN STEP	2026-02-09T11:16:52.9701061Z  * [new tag]             0.2.0                   -> 0.2.0
job-core	UNKNOWN STEP	2026-02-09T11:16:52.9701457Z  * [new tag]             0.3.0                   -> 0.3.0
job-core	UNKNOWN STEP	2026-02-09T11:16:52.9701808Z  * [new tag]             0.3.1                   -> 0.3.1
job-core	UNKNOWN STEP	2026-02-09T11:16:52.9702176Z  * [new tag]             0.3.10                  -> 0.3.10
job-core	UNKNOWN STEP	2026-02-09T11:16:52.9702535Z  * [new tag]             0.3.11                  -> 0.3.11
job-core	UNKNOWN STEP	2026-02-09T11:16:52.9702890Z  * [new tag]             0.3.12                  -> 0.3.12
job-core	UNKNOWN STEP	2026-02-09T11:16:52.9703246Z  * [new tag]             0.3.13                  -> 0.3.13
job-core	UNKNOWN STEP	2026-02-09T11:16:52.9703604Z  * [new tag]             0.3.14                  -> 0.3.14
job-core	UNKNOWN STEP	2026-02-09T11:16:52.9703978Z  * [new tag]             0.3.15                  -> 0.3.15
job-core	UNKNOWN STEP	2026-02-09T11:16:52.9704344Z  * [new tag]             0.3.16                  -> 0.3.16
job-core	UNKNOWN STEP	2026-02-09T11:16:52.9704699Z  * [new tag]             0.3.17                  -> 0.3.17
job-core	UNKNOWN STEP	2026-02-09T11:16:52.9705069Z  * [new tag]             0.3.2                   -> 0.3.2
job-core	UNKNOWN STEP	2026-02-09T11:16:52.9705439Z  * [new tag]             0.3.3                   -> 0.3.3
job-core	UNKNOWN STEP	2026-02-09T11:16:52.9705822Z  * [new tag]             0.3.4                   -> 0.3.4
job-core	UNKNOWN STEP	2026-02-09T11:16:52.9751017Z  * [new tag]             0.3.5                   -> 0.3.5
job-core	UNKNOWN STEP	2026-02-09T11:16:52.9751475Z  * [new tag]             0.3.6                   -> 0.3.6
job-core	UNKNOWN STEP	2026-02-09T11:16:52.9751838Z  * [new tag]             0.3.7                   -> 0.3.7
job-core	UNKNOWN STEP	2026-02-09T11:16:52.9786771Z  * [new tag]             0.3.8                   -> 0.3.8
job-core	UNKNOWN STEP	2026-02-09T11:16:52.9787268Z  * [new tag]             0.3.9                   -> 0.3.9
job-core	UNKNOWN STEP	2026-02-09T11:16:52.9876209Z  * [new tag]             0.4.0                   -> 0.4.0
job-core	UNKNOWN STEP	2026-02-09T11:16:52.9876612Z  * [new tag]             0.4.1                   -> 0.4.1
job-core	UNKNOWN STEP	2026-02-09T11:16:52.9876977Z  * [new tag]             0.4.2                   -> 0.4.2
job-core	UNKNOWN STEP	2026-02-09T11:16:52.9877327Z  * [new tag]             0.4.3                   -> 0.4.3
job-core	UNKNOWN STEP	2026-02-09T11:16:52.9877698Z  * [new tag]             0.4.4                   -> 0.4.4
job-core	UNKNOWN STEP	2026-02-09T11:16:52.9878545Z  * [new tag]             0.4.5                   -> 0.4.5
job-core	UNKNOWN STEP	2026-02-09T11:16:52.9878893Z  * [new tag]             0.4.6                   -> 0.4.6
job-core	UNKNOWN STEP	2026-02-09T11:16:52.9879250Z  * [new tag]             0.4.7                   -> 0.4.7
job-core	UNKNOWN STEP	2026-02-09T11:16:52.9879600Z  * [new tag]             0.4.8                   -> 0.4.8
job-core	UNKNOWN STEP	2026-02-09T11:16:52.9879945Z  * [new tag]             0.4.9                   -> 0.4.9
job-core	UNKNOWN STEP	2026-02-09T11:16:52.9880405Z  * [new tag]             0.5.0                   -> 0.5.0
job-core	UNKNOWN STEP	2026-02-09T11:16:52.9880766Z  * [new tag]             0.5.1                   -> 0.5.1
job-core	UNKNOWN STEP	2026-02-09T11:16:52.9881123Z  * [new tag]             0.5.2                   -> 0.5.2
job-core	UNKNOWN STEP	2026-02-09T11:16:52.9881494Z  * [new tag]             0.6.0                   -> 0.6.0
job-core	UNKNOWN STEP	2026-02-09T11:16:52.9881861Z  * [new tag]             0.6.1                   -> 0.6.1
job-core	UNKNOWN STEP	2026-02-09T11:16:52.9882236Z  * [new tag]             0.6.2                   -> 0.6.2
job-core	UNKNOWN STEP	2026-02-09T11:16:56.7913330Z [command]/usr/bin/git branch --list --remote origin/H1276-modulo-observabilidad
job-core	UNKNOWN STEP	2026-02-09T11:16:58.1386277Z   origin/H1276-modulo-observabilidad
job-core	UNKNOWN STEP	2026-02-09T11:16:58.1982193Z [command]/usr/bin/git rev-parse refs/remotes/origin/H1276-modulo-observabilidad
job-core	UNKNOWN STEP	2026-02-09T11:16:58.4291381Z 51b8883611edc68e04dff41adc5112a102c3e8f8
job-core	UNKNOWN STEP	2026-02-09T11:16:59.4617235Z [command]/usr/bin/git -c protocol.version=2 fetch --no-tags --prune --no-recurse-submodules origin +f893e8119f3fe435519a0aa668b121f817683dae:refs/remotes/origin/H1276-modulo-observabilidad
job-core	UNKNOWN STEP	2026-02-09T11:17:01.1256004Z From https://github.com/Ka0s-Klaus/ka0s
job-core	UNKNOWN STEP	2026-02-09T11:17:01.1279759Z  + 51b888361...f893e8119 f893e8119f3fe435519a0aa668b121f817683dae -> origin/H1276-modulo-observabilidad  (forced update)
job-core	UNKNOWN STEP	2026-02-09T11:17:01.5701482Z ##[endgroup]
job-core	UNKNOWN STEP	2026-02-09T11:17:01.5722341Z ##[group]Determining the checkout info
job-core	UNKNOWN STEP	2026-02-09T11:17:01.5742812Z ##[endgroup]
job-core	UNKNOWN STEP	2026-02-09T11:17:01.5841294Z [command]/usr/bin/git sparse-checkout disable
job-core	UNKNOWN STEP	2026-02-09T11:17:03.6957937Z [command]/usr/bin/git config --local --unset-all extensions.worktreeConfig
job-core	UNKNOWN STEP	2026-02-09T11:17:04.2128709Z ##[group]Checking out the ref
job-core	UNKNOWN STEP	2026-02-09T11:17:04.2230966Z [command]/usr/bin/git checkout --progress --force -B H1276-modulo-observabilidad refs/remotes/origin/H1276-modulo-observabilidad
job-core	UNKNOWN STEP	2026-02-09T11:17:05.5909176Z Updating files:  10% (93/851)
job-core	UNKNOWN STEP	2026-02-09T11:17:05.5912695Z Updating files:  11% (94/851)
job-core	UNKNOWN STEP	2026-02-09T11:17:05.6151249Z Updating files:  12% (103/851)
job-core	UNKNOWN STEP	2026-02-09T11:17:05.6172396Z Updating files:  13% (111/851)
job-core	UNKNOWN STEP	2026-02-09T11:17:05.6251428Z Updating files:  14% (120/851)
job-core	UNKNOWN STEP	2026-02-09T11:17:05.9019705Z Updating files:  15% (128/851)
job-core	UNKNOWN STEP	2026-02-09T11:17:05.9020880Z Updating files:  16% (137/851)
job-core	UNKNOWN STEP	2026-02-09T11:17:05.9118761Z Updating files:  17% (145/851)
job-core	UNKNOWN STEP	2026-02-09T11:17:05.9391111Z Updating files:  18% (154/851)
job-core	UNKNOWN STEP	2026-02-09T11:17:05.9497967Z Updating files:  19% (162/851)
job-core	UNKNOWN STEP	2026-02-09T11:17:05.9565072Z Updating files:  20% (171/851)
job-core	UNKNOWN STEP	2026-02-09T11:17:05.9843239Z Updating files:  21% (179/851)
job-core	UNKNOWN STEP	2026-02-09T11:17:05.9843862Z Updating files:  22% (188/851)
job-core	UNKNOWN STEP	2026-02-09T11:17:05.9868393Z Updating files:  23% (196/851)
job-core	UNKNOWN STEP	2026-02-09T11:17:06.0062659Z Updating files:  24% (205/851)
job-core	UNKNOWN STEP	2026-02-09T11:17:06.0176804Z Updating files:  25% (213/851)
job-core	UNKNOWN STEP	2026-02-09T11:17:06.0421428Z Updating files:  26% (222/851)
job-core	UNKNOWN STEP	2026-02-09T11:17:06.0422079Z Updating files:  27% (230/851)
job-core	UNKNOWN STEP	2026-02-09T11:17:06.0422504Z Updating files:  28% (239/851)
job-core	UNKNOWN STEP	2026-02-09T11:17:06.1037884Z Updating files:  29% (247/851)
job-core	UNKNOWN STEP	2026-02-09T11:17:06.1129553Z Updating files:  30% (256/851)
job-core	UNKNOWN STEP	2026-02-09T11:17:06.1583862Z Updating files:  31% (264/851)
job-core	UNKNOWN STEP	2026-02-09T11:17:06.8680942Z Updating files:  32% (273/851)
job-core	UNKNOWN STEP	2026-02-09T11:17:07.7301075Z Updating files:  32% (274/851)
job-core	UNKNOWN STEP	2026-02-09T11:17:08.4849602Z Updating files:  32% (276/851)
job-core	UNKNOWN STEP	2026-02-09T11:17:08.6226556Z Updating files:  32% (278/851)
job-core	UNKNOWN STEP	2026-02-09T11:17:09.3709714Z Updating files:  33% (281/851)
job-core	UNKNOWN STEP	2026-02-09T11:17:09.3791880Z Updating files:  34% (290/851)
job-core	UNKNOWN STEP	2026-02-09T11:17:09.3871409Z Updating files:  35% (298/851)
job-core	UNKNOWN STEP	2026-02-09T11:17:09.4943637Z Updating files:  36% (307/851)
job-core	UNKNOWN STEP	2026-02-09T11:17:10.3813002Z Updating files:  36% (311/851)
job-core	UNKNOWN STEP	2026-02-09T11:17:10.4678038Z Updating files:  37% (315/851)
job-core	UNKNOWN STEP	2026-02-09T11:17:11.0022084Z Updating files:  37% (316/851)
job-core	UNKNOWN STEP	2026-02-09T11:17:11.0239240Z Updating files:  38% (324/851)
job-core	UNKNOWN STEP	2026-02-09T11:17:11.6098901Z Updating files:  39% (332/851)
job-core	UNKNOWN STEP	2026-02-09T11:17:11.7966364Z Updating files:  39% (334/851)
job-core	UNKNOWN STEP	2026-02-09T11:17:11.8028152Z Updating files:  40% (341/851)
job-core	UNKNOWN STEP	2026-02-09T11:17:12.1761380Z Updating files:  41% (349/851)
job-core	UNKNOWN STEP	2026-02-09T11:17:12.4893978Z Updating files:  42% (358/851)
job-core	UNKNOWN STEP	2026-02-09T11:17:12.6893808Z Updating files:  42% (359/851)
job-core	UNKNOWN STEP	2026-02-09T11:17:15.8491879Z Updating files:  43% (366/851)
job-core	UNKNOWN STEP	2026-02-09T11:17:15.8720179Z Updating files:  43% (369/851)
job-core	UNKNOWN STEP	2026-02-09T11:17:16.1263122Z Updating files:  44% (375/851)
job-core	UNKNOWN STEP	2026-02-09T11:17:16.4835131Z Updating files:  45% (383/851)
job-core	UNKNOWN STEP	2026-02-09T11:17:16.6781395Z Updating files:  46% (392/851)
job-core	UNKNOWN STEP	2026-02-09T11:17:16.6782313Z Updating files:  47% (400/851)
job-core	UNKNOWN STEP	2026-02-09T11:17:16.8563215Z Updating files:  48% (409/851)
job-core	UNKNOWN STEP	2026-02-09T11:17:16.8800652Z Updating files:  49% (417/851)
job-core	UNKNOWN STEP	2026-02-09T11:17:16.9241172Z Updating files:  50% (426/851)
job-core	UNKNOWN STEP	2026-02-09T11:17:16.9521587Z Updating files:  51% (435/851)
job-core	UNKNOWN STEP	2026-02-09T11:17:16.9795085Z Updating files:  52% (443/851)
job-core	UNKNOWN STEP	2026-02-09T11:17:17.0230938Z Updating files:  53% (452/851)
job-core	UNKNOWN STEP	2026-02-09T11:17:17.2208980Z Updating files:  54% (460/851)
job-core	UNKNOWN STEP	2026-02-09T11:17:17.7101234Z Updating files:  55% (469/851)
job-core	UNKNOWN STEP	2026-02-09T11:17:17.7176408Z Updating files:  55% (470/851)
job-core	UNKNOWN STEP	2026-02-09T11:17:18.0098090Z Updating files:  56% (477/851)
job-core	UNKNOWN STEP	2026-02-09T11:17:18.0121785Z Updating files:  57% (486/851)
job-core	UNKNOWN STEP	2026-02-09T11:17:21.0209589Z Updating files:  58% (494/851)
job-core	UNKNOWN STEP	2026-02-09T11:17:25.3183274Z Updating files:  59% (503/851)
job-core	UNKNOWN STEP	2026-02-09T11:17:25.3184176Z Updating files:  59% (508/851)
job-core	UNKNOWN STEP	2026-02-09T11:17:25.3185549Z Updating files:  60% (511/851)
job-core	UNKNOWN STEP	2026-02-09T11:17:25.3185822Z Updating files:  61% (520/851)
job-core	UNKNOWN STEP	2026-02-09T11:17:25.6793299Z Updating files:  62% (528/851)
job-core	UNKNOWN STEP	2026-02-09T11:17:25.6874667Z Updating files:  62% (534/851)
job-core	UNKNOWN STEP	2026-02-09T11:17:25.7309511Z Updating files:  63% (537/851)
job-core	UNKNOWN STEP	2026-02-09T11:17:25.7309877Z Updating files:  64% (545/851)
job-core	UNKNOWN STEP	2026-02-09T11:17:25.7799125Z Updating files:  65% (554/851)
job-core	UNKNOWN STEP	2026-02-09T11:17:25.8769430Z Updating files:  66% (562/851)
job-core	UNKNOWN STEP	2026-02-09T11:17:25.8770417Z Updating files:  67% (571/851)
job-core	UNKNOWN STEP	2026-02-09T11:17:25.8770855Z Updating files:  68% (579/851)
job-core	UNKNOWN STEP	2026-02-09T11:17:25.8771312Z Updating files:  69% (588/851)
job-core	UNKNOWN STEP	2026-02-09T11:17:25.9045120Z Updating files:  70% (596/851)
job-core	UNKNOWN STEP	2026-02-09T11:17:26.3717476Z Updating files:  71% (605/851)
job-core	UNKNOWN STEP	2026-02-09T11:17:28.0725098Z Updating files:  72% (613/851)
job-core	UNKNOWN STEP	2026-02-09T11:17:29.1286298Z Updating files:  72% (619/851)
job-core	UNKNOWN STEP	2026-02-09T11:17:29.1678793Z Updating files:  72% (621/851)
job-core	UNKNOWN STEP	2026-02-09T11:17:30.1542893Z Updating files:  73% (622/851)
job-core	UNKNOWN STEP	2026-02-09T11:17:30.6427536Z Updating files:  73% (627/851)
job-core	UNKNOWN STEP	2026-02-09T11:17:31.0074967Z Updating files:  73% (628/851)
job-core	UNKNOWN STEP	2026-02-09T11:17:31.2654373Z Updating files:  74% (630/851)
job-core	UNKNOWN STEP	2026-02-09T11:17:31.5868144Z Updating files:  75% (639/851)
job-core	UNKNOWN STEP	2026-02-09T11:17:32.6542293Z Updating files:  75% (640/851)
job-core	UNKNOWN STEP	2026-02-09T11:17:33.4614659Z Updating files:  75% (642/851)
job-core	UNKNOWN STEP	2026-02-09T11:17:35.5869170Z Updating files:  75% (645/851)
job-core	UNKNOWN STEP	2026-02-09T11:17:35.9156678Z Updating files:  75% (646/851)
job-core	UNKNOWN STEP	2026-02-09T11:17:36.7480617Z Updating files:  76% (647/851)
job-core	UNKNOWN STEP	2026-02-09T11:17:38.2039140Z Updating files:  76% (652/851)
job-core	UNKNOWN STEP	2026-02-09T11:17:38.2596672Z Updating files:  76% (654/851)
job-core	UNKNOWN STEP	2026-02-09T11:17:38.4395490Z Updating files:  77% (656/851)
job-core	UNKNOWN STEP	2026-02-09T11:17:38.5816961Z Updating files:  77% (662/851)
job-core	UNKNOWN STEP	2026-02-09T11:17:39.4911679Z Updating files:  78% (664/851)
job-core	UNKNOWN STEP	2026-02-09T11:17:41.3459911Z Updating files:  78% (666/851)
job-core	UNKNOWN STEP	2026-02-09T11:17:42.3776178Z Updating files:  78% (668/851)
job-core	UNKNOWN STEP	2026-02-09T11:17:42.6916092Z Updating files:  78% (669/851)
job-core	UNKNOWN STEP	2026-02-09T11:17:44.5269866Z Updating files:  78% (670/851)
job-core	UNKNOWN STEP	2026-02-09T11:17:44.6952272Z Updating files:  78% (672/851)
job-core	UNKNOWN STEP	2026-02-09T11:17:45.8165882Z Updating files:  79% (673/851)
job-core	UNKNOWN STEP	2026-02-09T11:17:48.0212216Z Updating files:  79% (676/851)
job-core	UNKNOWN STEP	2026-02-09T11:17:50.1530918Z Updating files:  79% (678/851)
job-core	UNKNOWN STEP	2026-02-09T11:17:51.5696897Z Updating files:  79% (679/851)
job-core	UNKNOWN STEP	2026-02-09T11:17:51.8444112Z Updating files:  79% (680/851)
job-core	UNKNOWN STEP	2026-02-09T11:17:53.0489383Z Updating files:  80% (681/851)
job-core	UNKNOWN STEP	2026-02-09T11:17:53.7561657Z Updating files:  80% (682/851)
job-core	UNKNOWN STEP	2026-02-09T11:17:55.9767832Z Updating files:  80% (683/851)
job-core	UNKNOWN STEP	2026-02-09T11:17:57.6293042Z Updating files:  80% (686/851)
job-core	UNKNOWN STEP	2026-02-09T11:17:59.8162327Z Updating files:  80% (688/851)
job-core	UNKNOWN STEP	2026-02-09T11:18:00.9681254Z Updating files:  80% (689/851)
job-core	UNKNOWN STEP	2026-02-09T11:18:04.2711868Z Updating files:  81% (690/851)
job-core	UNKNOWN STEP	2026-02-09T11:18:06.7463264Z Updating files:  81% (691/851)
job-core	UNKNOWN STEP	2026-02-09T11:18:07.4337248Z Updating files:  81% (692/851)
job-core	UNKNOWN STEP	2026-02-09T11:18:09.0204799Z Updating files:  81% (693/851)
job-core	UNKNOWN STEP	2026-02-09T11:18:09.7112878Z Updating files:  81% (694/851)
job-core	UNKNOWN STEP	2026-02-09T11:18:10.5958581Z Updating files:  81% (695/851)
job-core	UNKNOWN STEP	2026-02-09T11:18:11.8769525Z Updating files:  81% (696/851)
job-core	UNKNOWN STEP	2026-02-09T11:18:12.0533368Z Updating files:  81% (697/851)
job-core	UNKNOWN STEP	2026-02-09T11:18:13.6424632Z Updating files:  82% (698/851)
job-core	UNKNOWN STEP	2026-02-09T11:18:14.4716664Z Updating files:  82% (700/851)
job-core	UNKNOWN STEP	2026-02-09T11:18:15.7544506Z Updating files:  82% (701/851)
job-core	UNKNOWN STEP	2026-02-09T11:18:17.1281132Z Updating files:  82% (703/851)
job-core	UNKNOWN STEP	2026-02-09T11:18:18.1535827Z Updating files:  82% (705/851)
job-core	UNKNOWN STEP	2026-02-09T11:18:18.5294199Z Updating files:  83% (707/851)
job-core	UNKNOWN STEP	2026-02-09T11:18:21.4107891Z Updating files:  83% (708/851)
job-core	UNKNOWN STEP	2026-02-09T11:18:21.5664694Z Updating files:  83% (713/851)
job-core	UNKNOWN STEP	2026-02-09T11:18:22.1781065Z Updating files:  83% (714/851)
job-core	UNKNOWN STEP	2026-02-09T11:18:22.4789555Z Updating files:  84% (715/851)
job-core	UNKNOWN STEP	2026-02-09T11:18:23.5572443Z Updating files:  84% (716/851)
job-core	UNKNOWN STEP	2026-02-09T11:18:24.7277072Z Updating files:  84% (718/851)
job-core	UNKNOWN STEP	2026-02-09T11:18:25.6277075Z Updating files:  84% (720/851)
job-core	UNKNOWN STEP	2026-02-09T11:18:25.7837237Z Updating files:  84% (721/851)
job-core	UNKNOWN STEP	2026-02-09T11:18:26.4511794Z Updating files:  85% (724/851)
job-core	UNKNOWN STEP	2026-02-09T11:18:27.4963905Z Updating files:  85% (725/851)
job-core	UNKNOWN STEP	2026-02-09T11:18:27.4966030Z Updating files:  86% (732/851)
job-core	UNKNOWN STEP	2026-02-09T11:18:27.4970022Z Updating files:  87% (741/851)
job-core	UNKNOWN STEP	2026-02-09T11:18:27.5034268Z Updating files:  87% (746/851)
job-core	UNKNOWN STEP	2026-02-09T11:18:27.5034560Z Updating files:  88% (749/851)
job-core	UNKNOWN STEP	2026-02-09T11:18:27.5034817Z Updating files:  89% (758/851)
job-core	UNKNOWN STEP	2026-02-09T11:18:27.7596188Z Updating files:  90% (766/851)
job-core	UNKNOWN STEP	2026-02-09T11:18:27.8304457Z Updating files:  91% (775/851)
job-core	UNKNOWN STEP	2026-02-09T11:18:30.2870724Z Updating files:  92% (783/851)
job-core	UNKNOWN STEP	2026-02-09T11:18:30.2872164Z Updating files:  92% (785/851)
job-core	UNKNOWN STEP	2026-02-09T11:18:30.6713236Z Updating files:  93% (792/851)
job-core	UNKNOWN STEP	2026-02-09T11:18:30.6713561Z Updating files:  94% (800/851)
job-core	UNKNOWN STEP	2026-02-09T11:18:30.7411161Z Updating files:  95% (809/851)
job-core	UNKNOWN STEP	2026-02-09T11:18:30.7411831Z Updating files:  96% (817/851)
job-core	UNKNOWN STEP	2026-02-09T11:18:30.7511322Z Updating files:  97% (826/851)
job-core	UNKNOWN STEP	2026-02-09T11:18:30.9637692Z Updating files:  98% (834/851)
job-core	UNKNOWN STEP	2026-02-09T11:18:31.4170954Z Updating files:  99% (843/851)
job-core	UNKNOWN STEP	2026-02-09T11:18:32.0328651Z Updating files:  99% (845/851)
job-core	UNKNOWN STEP	2026-02-09T11:18:32.0443632Z Updating files: 100% (851/851)
job-core	UNKNOWN STEP	2026-02-09T11:18:32.0444403Z Updating files: 100% (851/851), done.
job-core	UNKNOWN STEP	2026-02-09T11:18:33.0548816Z Switched to a new branch 'H1276-modulo-observabilidad'
job-core	UNKNOWN STEP	2026-02-09T11:18:33.0877135Z branch 'H1276-modulo-observabilidad' set up to track 'origin/H1276-modulo-observabilidad'.
job-core	UNKNOWN STEP	2026-02-09T11:18:35.2870624Z ##[endgroup]
job-core	UNKNOWN STEP	2026-02-09T11:18:35.4574062Z [command]/usr/bin/git log -1 --format=%H
job-core	UNKNOWN STEP	2026-02-09T11:18:35.5552540Z f893e8119f3fe435519a0aa668b121f817683dae
job-core	UNKNOWN STEP	2026-02-09T11:18:37.6168518Z Prepare all required actions
job-core	UNKNOWN STEP	2026-02-09T11:18:38.2458892Z ##[group]Run ./.github/actions/install-gh-cli
job-core	UNKNOWN STEP	2026-02-09T11:18:38.2459219Z env:
job-core	UNKNOWN STEP	2026-02-09T11:18:38.2459431Z   KAOS_MODULE: [Ka0S] YAMLLINT
job-core	UNKNOWN STEP	2026-02-09T11:18:38.2459949Z   GH_TOKEN: ***
job-core	UNKNOWN STEP	2026-02-09T11:18:38.2460349Z   KAOS_YAMLLINT_CONFIG: core/config/kaos-yamllint-config.yaml
job-core	UNKNOWN STEP	2026-02-09T11:18:38.2460795Z   KAOS_PRETTIER_CONFIG: compliance/yaml/.prettierrc.json
job-core	UNKNOWN STEP	2026-02-09T11:18:38.2461158Z   KAOS_PATH_RESUME: audit/yamllint/
job-core	UNKNOWN STEP	2026-02-09T11:18:38.2461464Z   KAOS_REPO: /actions-runner/_work/kaos/kaos
job-core	UNKNOWN STEP	2026-02-09T11:18:38.3052293Z   KAOS_STEP_MODULE: 
job-core	UNKNOWN STEP	2026-02-09T11:18:38.3053137Z   KAOS_CODE: 21822525477
job-core	UNKNOWN STEP	2026-02-09T11:18:38.3053380Z   KAOS_REF_BRANCH: main
job-core	UNKNOWN STEP	2026-02-09T11:18:38.3053616Z ##[endgroup]
job-core	UNKNOWN STEP	2026-02-09T11:18:38.6535283Z ##[group]Run type -p curl >/dev/null || (sudo apt-get update && sudo apt-get install curl -y)
job-core	UNKNOWN STEP	2026-02-09T11:18:38.6536294Z [36;1mtype -p curl >/dev/null || (sudo apt-get update && sudo apt-get install curl -y)[0m
job-core	UNKNOWN STEP	2026-02-09T11:18:38.6537215Z [36;1mcurl -fsSL https://cli.github.com/packages/githubcli-archive-keyring.gpg | sudo dd of=/usr/share/keyrings/githubcli-archive-keyring.gpg \[0m
job-core	UNKNOWN STEP	2026-02-09T11:18:38.6538082Z [36;1m&& sudo chmod go+r /usr/share/keyrings/githubcli-archive-keyring.gpg \[0m
job-core	UNKNOWN STEP	2026-02-09T11:18:38.6581060Z [36;1m&& echo "deb [arch=$(dpkg --print-architecture) signed-by=/usr/share/keyrings/githubcli-archive-keyring.gpg] https://cli.github.com/packages stable main" | sudo tee /etc/apt/sources.list.d/github-cli.list > /dev/null \[0m
job-core	UNKNOWN STEP	2026-02-09T11:18:38.6616966Z [36;1m&& sudo apt-get update \[0m
job-core	UNKNOWN STEP	2026-02-09T11:18:38.6617450Z [36;1m&& sudo apt-get install gh -y[0m
job-core	UNKNOWN STEP	2026-02-09T11:18:38.7131515Z shell: /usr/bin/bash --noprofile --norc -e -o pipefail {0}
job-core	UNKNOWN STEP	2026-02-09T11:18:38.7133848Z env:
job-core	UNKNOWN STEP	2026-02-09T11:18:38.7134072Z   KAOS_MODULE: [Ka0S] YAMLLINT
job-core	UNKNOWN STEP	2026-02-09T11:18:38.7134599Z   GH_TOKEN: ***
job-core	UNKNOWN STEP	2026-02-09T11:18:38.7135058Z   KAOS_YAMLLINT_CONFIG: core/config/kaos-yamllint-config.yaml
job-core	UNKNOWN STEP	2026-02-09T11:18:38.7135536Z   KAOS_PRETTIER_CONFIG: compliance/yaml/.prettierrc.json
job-core	UNKNOWN STEP	2026-02-09T11:18:38.7135917Z   KAOS_PATH_RESUME: audit/yamllint/
job-core	UNKNOWN STEP	2026-02-09T11:18:38.7152213Z   KAOS_REPO: /actions-runner/_work/kaos/kaos
job-core	UNKNOWN STEP	2026-02-09T11:18:38.7152555Z   KAOS_STEP_MODULE: 
job-core	UNKNOWN STEP	2026-02-09T11:18:38.7152800Z   KAOS_CODE: 21822525477
job-core	UNKNOWN STEP	2026-02-09T11:18:38.7153041Z   KAOS_REF_BRANCH: main
job-core	UNKNOWN STEP	2026-02-09T11:18:38.7153269Z ##[endgroup]
job-core	UNKNOWN STEP	2026-02-09T11:18:42.4293977Z 4+1 records in
job-core	UNKNOWN STEP	2026-02-09T11:18:42.4322870Z 4+1 records out
job-core	UNKNOWN STEP	2026-02-09T11:18:42.4361383Z 2270 bytes (2.3 kB, 2.2 KiB) copied, 1.16595 s, 1.9 kB/s
job-core	UNKNOWN STEP	2026-02-09T11:18:47.9947260Z Get:1 http://archive.ubuntu.com/ubuntu noble InRelease [256 kB]
job-core	UNKNOWN STEP	2026-02-09T11:18:47.9947948Z Get:2 http://security.ubuntu.com/ubuntu noble-security InRelease [126 kB]
job-core	UNKNOWN STEP	2026-02-09T11:18:47.9963944Z Get:3 https://cli.github.com/packages stable InRelease [3917 B]
job-core	UNKNOWN STEP	2026-02-09T11:18:48.1441914Z Get:4 https://ppa.launchpadcontent.net/git-core/ppa/ubuntu noble InRelease [24.3 kB]
job-core	UNKNOWN STEP	2026-02-09T11:18:48.5823383Z Get:5 http://archive.ubuntu.com/ubuntu noble-updates InRelease [126 kB]
job-core	UNKNOWN STEP	2026-02-09T11:18:48.9226759Z Get:6 http://archive.ubuntu.com/ubuntu noble-backports InRelease [126 kB]
job-core	UNKNOWN STEP	2026-02-09T11:18:53.6368029Z Get:7 https://cli.github.com/packages stable/main amd64 Packages [356 B]
job-core	UNKNOWN STEP	2026-02-09T11:18:59.4959919Z Get:8 https://ppa.launchpadcontent.net/git-core/ppa/ubuntu noble/main amd64 Packages [2994 B]
job-core	UNKNOWN STEP	2026-02-09T11:19:03.0736981Z Get:9 http://archive.ubuntu.com/ubuntu noble/main amd64 Packages [1808 kB]
job-core	UNKNOWN STEP	2026-02-09T11:19:04.2695444Z Get:10 http://archive.ubuntu.com/ubuntu noble/multiverse amd64 Packages [331 kB]
job-core	UNKNOWN STEP	2026-02-09T11:19:04.7441647Z Get:11 http://archive.ubuntu.com/ubuntu noble/restricted amd64 Packages [117 kB]
job-core	UNKNOWN STEP	2026-02-09T11:19:05.0204088Z Get:12 http://archive.ubuntu.com/ubuntu noble/universe amd64 Packages [19.3 MB]
job-core	UNKNOWN STEP	2026-02-09T11:19:05.8620064Z Get:13 http://security.ubuntu.com/ubuntu noble-security/universe amd64 Packages [1199 kB]
job-core	UNKNOWN STEP	2026-02-09T11:19:07.9111949Z Get:14 http://security.ubuntu.com/ubuntu noble-security/main amd64 Packages [1802 kB]
job-core	UNKNOWN STEP	2026-02-09T11:19:09.9314304Z Get:15 http://security.ubuntu.com/ubuntu noble-security/multiverse amd64 Packages [34.8 kB]
job-core	UNKNOWN STEP	2026-02-09T11:19:10.6672391Z Get:16 http://security.ubuntu.com/ubuntu noble-security/restricted amd64 Packages [3061 kB]
job-core	UNKNOWN STEP	2026-02-09T11:19:21.2060504Z Get:17 http://archive.ubuntu.com/ubuntu noble-updates/multiverse amd64 Packages [38.1 kB]
job-core	UNKNOWN STEP	2026-02-09T11:19:23.1943335Z Get:18 http://archive.ubuntu.com/ubuntu noble-updates/main amd64 Packages [2198 kB]
job-core	UNKNOWN STEP	2026-02-09T11:19:24.7531864Z Get:19 http://archive.ubuntu.com/ubuntu noble-updates/universe amd64 Packages [1977 kB]
job-core	UNKNOWN STEP	2026-02-09T11:19:27.4238698Z Get:20 http://archive.ubuntu.com/ubuntu noble-updates/restricted amd64 Packages [3280 kB]
job-core	UNKNOWN STEP	2026-02-09T11:19:28.8638724Z Get:21 http://archive.ubuntu.com/ubuntu noble-backports/universe amd64 Packages [34.6 kB]
job-core	UNKNOWN STEP	2026-02-09T11:19:29.3451544Z Get:22 http://archive.ubuntu.com/ubuntu noble-backports/main amd64 Packages [49.5 kB]
job-core	UNKNOWN STEP	2026-02-09T11:20:29.5893714Z Fetched 35.9 MB in 1min 36s (375 kB/s)
job-core	UNKNOWN STEP	2026-02-09T11:20:56.9192003Z Reading package lists...
job-core	UNKNOWN STEP	2026-02-09T11:21:38.3866740Z Reading package lists...
job-core	UNKNOWN STEP	2026-02-09T11:21:42.3063979Z Building dependency tree...
job-core	UNKNOWN STEP	2026-02-09T11:21:42.3064687Z Reading state information...
job-core	UNKNOWN STEP	2026-02-09T11:21:47.1893222Z The following NEW packages will be installed:
job-core	UNKNOWN STEP	2026-02-09T11:21:47.2034462Z   gh
job-core	UNKNOWN STEP	2026-02-09T11:21:48.9621120Z 0 upgraded, 1 newly installed, 0 to remove and 18 not upgraded.
job-core	UNKNOWN STEP	2026-02-09T11:21:48.9624084Z Need to get 13.7 MB of archives.
job-core	UNKNOWN STEP	2026-02-09T11:21:48.9644090Z After this operation, 37.9 MB of additional disk space will be used.
job-core	UNKNOWN STEP	2026-02-09T11:21:48.9644744Z Get:1 https://cli.github.com/packages stable/main amd64 gh amd64 2.86.0 [13.7 MB]
job-core	UNKNOWN STEP	2026-02-09T11:22:02.8067990Z debconf: delaying package configuration, since apt-utils is not installed
job-core	UNKNOWN STEP	2026-02-09T11:22:04.0602602Z Fetched 13.7 MB in 9s (1601 kB/s)
job-core	UNKNOWN STEP	2026-02-09T11:22:05.4992550Z Selecting previously unselected package gh.
job-core	UNKNOWN STEP	2026-02-09T11:22:05.6776067Z (Reading database ... 
job-core	UNKNOWN STEP	2026-02-09T11:22:05.6806898Z (Reading database ... 5%
job-core	UNKNOWN STEP	2026-02-09T11:22:05.6939774Z (Reading database ... 10%
job-core	UNKNOWN STEP	2026-02-09T11:22:05.7048560Z (Reading database ... 15%
job-core	UNKNOWN STEP	2026-02-09T11:22:05.7115593Z (Reading database ... 20%
job-core	UNKNOWN STEP	2026-02-09T11:22:05.7242917Z (Reading database ... 25%
job-core	UNKNOWN STEP	2026-02-09T11:22:05.7361452Z (Reading database ... 30%
job-core	UNKNOWN STEP	2026-02-09T11:22:05.7540896Z (Reading database ... 35%
job-core	UNKNOWN STEP	2026-02-09T11:22:05.7597293Z (Reading database ... 40%
job-core	UNKNOWN STEP	2026-02-09T11:22:05.8059087Z (Reading database ... 45%
job-core	UNKNOWN STEP	2026-02-09T11:22:05.8059527Z (Reading database ... 50%
job-core	UNKNOWN STEP	2026-02-09T11:22:05.8457190Z (Reading database ... 55%
job-core	UNKNOWN STEP	2026-02-09T11:22:05.8480880Z (Reading database ... 60%
job-core	UNKNOWN STEP	2026-02-09T11:22:05.9132141Z (Reading database ... 65%
job-core	UNKNOWN STEP	2026-02-09T11:22:06.0683314Z (Reading database ... 70%
job-core	UNKNOWN STEP	2026-02-09T11:22:06.1004359Z (Reading database ... 75%
job-core	UNKNOWN STEP	2026-02-09T11:22:06.2169684Z (Reading database ... 80%
job-core	UNKNOWN STEP	2026-02-09T11:22:06.2175826Z (Reading database ... 85%
job-core	UNKNOWN STEP	2026-02-09T11:22:06.3021469Z (Reading database ... 90%
job-core	UNKNOWN STEP	2026-02-09T11:22:06.3409064Z (Reading database ... 95%
job-core	UNKNOWN STEP	2026-02-09T11:22:06.3751717Z (Reading database ... 100%
job-core	UNKNOWN STEP	2026-02-09T11:22:06.3752983Z (Reading database ... 14385 files and directories currently installed.)
job-core	UNKNOWN STEP	2026-02-09T11:22:06.3832831Z Preparing to unpack .../archives/gh_2.86.0_amd64.deb ...
job-core	UNKNOWN STEP	2026-02-09T11:22:07.5658030Z Unpacking gh (2.86.0) ...
job-core	UNKNOWN STEP	2026-02-09T11:22:36.6881689Z Setting up gh (2.86.0) ...
job-core	UNKNOWN STEP	2026-02-09T11:22:41.4493987Z ##[group]Run actions/setup-python@v5
job-core	UNKNOWN STEP	2026-02-09T11:22:41.4494634Z with:
job-core	UNKNOWN STEP	2026-02-09T11:22:41.4494864Z   python-version: 3.x
job-core	UNKNOWN STEP	2026-02-09T11:22:41.4495104Z   check-latest: false
job-core	UNKNOWN STEP	2026-02-09T11:22:41.4495578Z   token: ***
job-core	UNKNOWN STEP	2026-02-09T11:22:41.4495827Z   update-environment: true
job-core	UNKNOWN STEP	2026-02-09T11:22:41.4496098Z   allow-prereleases: false
job-core	UNKNOWN STEP	2026-02-09T11:22:41.4496352Z   freethreaded: false
job-core	UNKNOWN STEP	2026-02-09T11:22:41.4496572Z env:
job-core	UNKNOWN STEP	2026-02-09T11:22:41.4496778Z   KAOS_MODULE: [Ka0S] YAMLLINT
job-core	UNKNOWN STEP	2026-02-09T11:22:41.4497186Z   GH_TOKEN: ***
job-core	UNKNOWN STEP	2026-02-09T11:22:41.4497504Z   KAOS_YAMLLINT_CONFIG: core/config/kaos-yamllint-config.yaml
job-core	UNKNOWN STEP	2026-02-09T11:22:41.4497966Z   KAOS_PRETTIER_CONFIG: compliance/yaml/.prettierrc.json
job-core	UNKNOWN STEP	2026-02-09T11:22:41.4498320Z   KAOS_PATH_RESUME: audit/yamllint/
job-core	UNKNOWN STEP	2026-02-09T11:22:41.4498648Z   KAOS_REPO: /actions-runner/_work/kaos/kaos
job-core	UNKNOWN STEP	2026-02-09T11:22:41.4498948Z   KAOS_STEP_MODULE: 
job-core	UNKNOWN STEP	2026-02-09T11:22:41.4499179Z   KAOS_CODE: 21822525477
job-core	UNKNOWN STEP	2026-02-09T11:22:41.4499412Z   KAOS_REF_BRANCH: main
job-core	UNKNOWN STEP	2026-02-09T11:22:41.4499677Z ##[endgroup]
job-core	UNKNOWN STEP	2026-02-09T11:22:49.5001564Z ##[group]Installed versions
job-core	UNKNOWN STEP	2026-02-09T11:22:49.5002780Z Version 3.x was not found in the local cache
job-core	UNKNOWN STEP	2026-02-09T11:22:52.8403867Z Version 3.x is available for downloading
job-core	UNKNOWN STEP	2026-02-09T11:22:52.8567220Z Download from "https://github.com/actions/python-versions/releases/download/3.14.3-21673711214/python-3.14.3-linux-24.04-x64.tar.gz"
job-core	UNKNOWN STEP	2026-02-09T11:24:26.3511706Z Extract downloaded archive
job-core	UNKNOWN STEP	2026-02-09T11:24:26.8967409Z [command]/usr/bin/tar xz --warning=no-unknown-keyword --overwrite -C /home/runner/_work/_temp/0a74f43c-b024-4c2b-8cc7-7aa71e2785e5 -f /home/runner/_work/_temp/0ad3503f-f7f5-46d4-95ca-83b4ff590cd7
job-core	UNKNOWN STEP	2026-02-09T11:27:54.7854817Z Execute installation script
job-core	UNKNOWN STEP	2026-02-09T11:27:55.2754716Z Check if Python hostedtoolcache folder exist...
job-core	UNKNOWN STEP	2026-02-09T11:27:55.2881780Z Creating Python hostedtoolcache folder...
job-core	UNKNOWN STEP	2026-02-09T11:27:55.3288947Z Create Python 3.14.3 folder
job-core	UNKNOWN STEP	2026-02-09T11:27:55.3680756Z Copy Python binaries to hostedtoolcache folder
job-core	UNKNOWN STEP	2026-02-09T11:32:49.4708631Z Create additional symlinks (Required for the UsePythonVersion Azure Pipelines task and the setup-python GitHub Action)
job-core	UNKNOWN STEP	2026-02-09T11:32:49.6395194Z Upgrading pip...
job-core	UNKNOWN STEP	2026-02-09T11:33:29.6340516Z Looking in links: /tmp/tmpb5zphm0o
job-core	UNKNOWN STEP	2026-02-09T11:33:29.6373992Z Requirement already satisfied: pip in /home/runner/_work/_tool/Python/3.14.3/x64/lib/python3.14/site-packages (25.3)
job-core	UNKNOWN STEP	2026-02-09T11:34:21.6783042Z Collecting pip
job-core	UNKNOWN STEP	2026-02-09T11:34:22.6758425Z Downloading pip-26.0.1-py3-none-any.whl.metadata (4.7 kB)
job-core	UNKNOWN STEP	2026-02-09T11:34:22.9531964Z Downloading pip-26.0.1-py3-none-any.whl (1.8 MB)
job-core	UNKNOWN STEP	2026-02-09T11:34:23.5960858Z ━━━━━━━━━━━━━━━━━━━━━━━━━━━━━━━━━━━━━━━━ 1.8/1.8 MB 5.6 MB/s  0:00:00
job-core	UNKNOWN STEP	2026-02-09T11:34:23.7983071Z Installing collected packages: pip
job-core	UNKNOWN STEP	2026-02-09T11:34:23.7983859Z Attempting uninstall: pip
job-core	UNKNOWN STEP	2026-02-09T11:34:23.8064131Z Found existing installation: pip 25.3
job-core	UNKNOWN STEP	2026-02-09T11:34:24.0221786Z Uninstalling pip-25.3:
job-core	UNKNOWN STEP	2026-02-09T11:34:24.3900528Z Successfully uninstalled pip-25.3
job-core	UNKNOWN STEP	2026-02-09T11:34:33.7477786Z Successfully installed pip-26.0.1
job-core	UNKNOWN STEP	2026-02-09T11:34:35.0093979Z Create complete file
job-core	UNKNOWN STEP	2026-02-09T11:34:35.1003140Z Successfully set up CPython (3.14.3)
job-core	UNKNOWN STEP	2026-02-09T11:34:35.1012181Z ##[endgroup]
job-core	UNKNOWN STEP	2026-02-09T11:34:35.5903799Z ##[group]Run actions/setup-node@v4
job-core	UNKNOWN STEP	2026-02-09T11:34:35.5904195Z with:
job-core	UNKNOWN STEP	2026-02-09T11:34:35.5904402Z   node-version: 20
job-core	UNKNOWN STEP	2026-02-09T11:34:35.5904621Z   always-auth: false
job-core	UNKNOWN STEP	2026-02-09T11:34:35.5904859Z   check-latest: false
job-core	UNKNOWN STEP	2026-02-09T11:34:35.5905356Z   token: ***
job-core	UNKNOWN STEP	2026-02-09T11:34:35.5905558Z env:
job-core	UNKNOWN STEP	2026-02-09T11:34:35.5905757Z   KAOS_MODULE: [Ka0S] YAMLLINT
job-core	UNKNOWN STEP	2026-02-09T11:34:35.5906117Z   GH_TOKEN: ***
job-core	UNKNOWN STEP	2026-02-09T11:34:35.5906427Z   KAOS_YAMLLINT_CONFIG: core/config/kaos-yamllint-config.yaml
job-core	UNKNOWN STEP	2026-02-09T11:34:35.5906882Z   KAOS_PRETTIER_CONFIG: compliance/yaml/.prettierrc.json
job-core	UNKNOWN STEP	2026-02-09T11:34:35.5907258Z   KAOS_PATH_RESUME: audit/yamllint/
job-core	UNKNOWN STEP	2026-02-09T11:34:35.5907568Z   KAOS_REPO: /actions-runner/_work/kaos/kaos
job-core	UNKNOWN STEP	2026-02-09T11:34:35.5907881Z   KAOS_STEP_MODULE: 
job-core	UNKNOWN STEP	2026-02-09T11:34:35.5908111Z   KAOS_CODE: 21822525477
job-core	UNKNOWN STEP	2026-02-09T11:34:35.5908366Z   KAOS_REF_BRANCH: main
job-core	UNKNOWN STEP	2026-02-09T11:34:35.5908702Z   pythonLocation: /home/runner/_work/_tool/Python/3.14.3/x64
job-core	UNKNOWN STEP	2026-02-09T11:34:35.5909252Z   PKG_CONFIG_PATH: /home/runner/_work/_tool/Python/3.14.3/x64/lib/pkgconfig
job-core	UNKNOWN STEP	2026-02-09T11:34:35.5909763Z   Python_ROOT_DIR: /home/runner/_work/_tool/Python/3.14.3/x64
job-core	UNKNOWN STEP	2026-02-09T11:34:35.6157935Z   Python2_ROOT_DIR: /home/runner/_work/_tool/Python/3.14.3/x64
job-core	UNKNOWN STEP	2026-02-09T11:34:35.6158507Z   Python3_ROOT_DIR: /home/runner/_work/_tool/Python/3.14.3/x64
job-core	UNKNOWN STEP	2026-02-09T11:34:35.6158961Z   LD_LIBRARY_PATH: /home/runner/_work/_tool/Python/3.14.3/x64/lib
job-core	UNKNOWN STEP	2026-02-09T11:34:35.6159334Z ##[endgroup]
job-core	UNKNOWN STEP	2026-02-09T11:34:37.5645188Z Attempting to download 20...
job-core	UNKNOWN STEP	2026-02-09T11:34:39.0837635Z Acquiring 20.20.0 - x64 from https://github.com/actions/node-versions/releases/download/20.20.0-20981710805/node-20.20.0-linux-x64.tar.gz
job-core	UNKNOWN STEP	2026-02-09T11:34:40.5262250Z Extracting ...
job-core	UNKNOWN STEP	2026-02-09T11:34:40.6056911Z [command]/usr/bin/tar xz --strip 1 --warning=no-unknown-keyword --overwrite -C /home/runner/_work/_temp/735a8ed2-5a69-4746-b0e6-04e05c04f149 -f /home/runner/_work/_temp/285511c6-7d58-4204-b561-ac921123111e
job-core	UNKNOWN STEP	2026-02-09T11:35:00.7516846Z Adding to the cache ...
job-core	UNKNOWN STEP	2026-02-09T11:37:14.1806548Z ##[group]Environment details
job-core	UNKNOWN STEP	2026-02-09T11:37:14.5185896Z node: v20.20.0
job-core	UNKNOWN STEP	2026-02-09T11:37:14.5186494Z npm: 10.8.2
job-core	UNKNOWN STEP	2026-02-09T11:37:14.5190754Z yarn: 
job-core	UNKNOWN STEP	2026-02-09T11:37:14.5191558Z ##[endgroup]
job-core	UNKNOWN STEP	2026-02-09T11:37:14.5949191Z Prepare all required actions
job-core	UNKNOWN STEP	2026-02-09T11:37:14.6445528Z ##[group]Run ./.github/actions/kaos-lint-yaml
job-core	UNKNOWN STEP	2026-02-09T11:37:14.6445894Z with:
job-core	UNKNOWN STEP	2026-02-09T11:37:14.6446157Z   file_path: core/b2b/core-services/soc/ingress.yaml
job-core	UNKNOWN STEP	2026-02-09T11:37:14.6446482Z   fix: true
job-core	UNKNOWN STEP	2026-02-09T11:37:14.6446786Z   path_resume: audit/yamllint/yamllint-results-21822525477.txt
job-core	UNKNOWN STEP	2026-02-09T11:37:14.6447245Z   yamllint_config: core/config/kaos-yamllint-config.yaml
job-core	UNKNOWN STEP	2026-02-09T11:37:14.6447659Z   prettier_config: compliance/yaml/.prettierrc.json
job-core	UNKNOWN STEP	2026-02-09T11:37:14.6447994Z env:
job-core	UNKNOWN STEP	2026-02-09T11:37:14.6448196Z   KAOS_MODULE: [Ka0S] YAMLLINT
job-core	UNKNOWN STEP	2026-02-09T11:37:14.6448754Z   GH_TOKEN: ***
job-core	UNKNOWN STEP	2026-02-09T11:37:14.6449071Z   KAOS_YAMLLINT_CONFIG: core/config/kaos-yamllint-config.yaml
job-core	UNKNOWN STEP	2026-02-09T11:37:14.6449521Z   KAOS_PRETTIER_CONFIG: compliance/yaml/.prettierrc.json
job-core	UNKNOWN STEP	2026-02-09T11:37:14.6449923Z   KAOS_PATH_RESUME: audit/yamllint/
job-core	UNKNOWN STEP	2026-02-09T11:37:14.6668312Z   KAOS_REPO: /actions-runner/_work/kaos/kaos
job-core	UNKNOWN STEP	2026-02-09T11:37:14.6668750Z   KAOS_STEP_MODULE: 
job-core	UNKNOWN STEP	2026-02-09T11:37:14.6669006Z   KAOS_CODE: 21822525477
job-core	UNKNOWN STEP	2026-02-09T11:37:14.6669254Z   KAOS_REF_BRANCH: main
job-core	UNKNOWN STEP	2026-02-09T11:37:14.6669583Z   pythonLocation: /home/runner/_work/_tool/Python/3.14.3/x64
job-core	UNKNOWN STEP	2026-02-09T11:37:14.6673630Z   PKG_CONFIG_PATH: /home/runner/_work/_tool/Python/3.14.3/x64/lib/pkgconfig
job-core	UNKNOWN STEP	2026-02-09T11:37:14.6674276Z   Python_ROOT_DIR: /home/runner/_work/_tool/Python/3.14.3/x64
job-core	UNKNOWN STEP	2026-02-09T11:37:14.6674736Z   Python2_ROOT_DIR: /home/runner/_work/_tool/Python/3.14.3/x64
job-core	UNKNOWN STEP	2026-02-09T11:37:14.6675175Z   Python3_ROOT_DIR: /home/runner/_work/_tool/Python/3.14.3/x64
job-core	UNKNOWN STEP	2026-02-09T11:37:14.6675632Z   LD_LIBRARY_PATH: /home/runner/_work/_tool/Python/3.14.3/x64/lib
job-core	UNKNOWN STEP	2026-02-09T11:37:14.6676011Z ##[endgroup]
job-core	UNKNOWN STEP	2026-02-09T11:37:14.7093590Z ##[group]Run if ! command -v yamllint &> /dev/null; then pip install yamllint; fi
job-core	UNKNOWN STEP	2026-02-09T11:37:14.7094266Z [36;1mif ! command -v yamllint &> /dev/null; then pip install yamllint; fi[0m
job-core	UNKNOWN STEP	2026-02-09T11:37:14.7094854Z [36;1mif ! command -v prettier &> /dev/null; then npm install -g prettier; fi[0m
job-core	UNKNOWN STEP	2026-02-09T11:37:14.7095455Z [36;1mmkdir -p $(dirname "audit/yamllint/yamllint-results-21822525477.txt")[0m
job-core	UNKNOWN STEP	2026-02-09T11:37:14.7166488Z shell: /usr/bin/bash --noprofile --norc -e -o pipefail {0}
job-core	UNKNOWN STEP	2026-02-09T11:37:14.7166865Z env:
job-core	UNKNOWN STEP	2026-02-09T11:37:14.7167091Z   KAOS_MODULE: [Ka0S] YAMLLINT
job-core	UNKNOWN STEP	2026-02-09T11:37:14.7175425Z   GH_TOKEN: ***
job-core	UNKNOWN STEP	2026-02-09T11:37:14.7175927Z   KAOS_YAMLLINT_CONFIG: core/config/kaos-yamllint-config.yaml
job-core	UNKNOWN STEP	2026-02-09T11:37:14.7176400Z   KAOS_PRETTIER_CONFIG: compliance/yaml/.prettierrc.json
job-core	UNKNOWN STEP	2026-02-09T11:37:14.7176774Z   KAOS_PATH_RESUME: audit/yamllint/
job-core	UNKNOWN STEP	2026-02-09T11:37:14.7177095Z   KAOS_REPO: /actions-runner/_work/kaos/kaos
job-core	UNKNOWN STEP	2026-02-09T11:37:14.7177402Z   KAOS_STEP_MODULE: 
job-core	UNKNOWN STEP	2026-02-09T11:37:14.7177627Z   KAOS_CODE: 21822525477
job-core	UNKNOWN STEP	2026-02-09T11:37:14.7177865Z   KAOS_REF_BRANCH: main
job-core	UNKNOWN STEP	2026-02-09T11:37:14.7178223Z   pythonLocation: /home/runner/_work/_tool/Python/3.14.3/x64
job-core	UNKNOWN STEP	2026-02-09T11:37:14.7180929Z   PKG_CONFIG_PATH: /home/runner/_work/_tool/Python/3.14.3/x64/lib/pkgconfig
job-core	UNKNOWN STEP	2026-02-09T11:37:14.7181457Z   Python_ROOT_DIR: /home/runner/_work/_tool/Python/3.14.3/x64
job-core	UNKNOWN STEP	2026-02-09T11:37:14.7181913Z   Python2_ROOT_DIR: /home/runner/_work/_tool/Python/3.14.3/x64
job-core	UNKNOWN STEP	2026-02-09T11:37:14.7182379Z   Python3_ROOT_DIR: /home/runner/_work/_tool/Python/3.14.3/x64
job-core	UNKNOWN STEP	2026-02-09T11:37:14.7182862Z   LD_LIBRARY_PATH: /home/runner/_work/_tool/Python/3.14.3/x64/lib
job-core	UNKNOWN STEP	2026-02-09T11:37:14.7183277Z ##[endgroup]
job-core	UNKNOWN STEP	2026-02-09T11:37:23.0185080Z Collecting yamllint
job-core	UNKNOWN STEP	2026-02-09T11:37:24.1311532Z   Downloading yamllint-1.38.0-py3-none-any.whl.metadata (4.2 kB)
job-core	UNKNOWN STEP	2026-02-09T11:37:24.3750569Z Collecting pathspec>=1.0.0 (from yamllint)
job-core	UNKNOWN STEP	2026-02-09T11:37:24.4162019Z   Downloading pathspec-1.0.4-py3-none-any.whl.metadata (13 kB)
job-core	UNKNOWN STEP	2026-02-09T11:37:24.8776472Z Collecting pyyaml (from yamllint)
job-core	UNKNOWN STEP	2026-02-09T11:37:24.8836318Z   Downloading pyyaml-6.0.3-cp314-cp314-manylinux2014_x86_64.manylinux_2_17_x86_64.manylinux_2_28_x86_64.whl.metadata (2.4 kB)
job-core	UNKNOWN STEP	2026-02-09T11:37:24.9324967Z Downloading yamllint-1.38.0-py3-none-any.whl (68 kB)
job-core	UNKNOWN STEP	2026-02-09T11:37:25.2472120Z Downloading pathspec-1.0.4-py3-none-any.whl (55 kB)
job-core	UNKNOWN STEP	2026-02-09T11:37:25.5428170Z Downloading pyyaml-6.0.3-cp314-cp314-manylinux2014_x86_64.manylinux_2_17_x86_64.manylinux_2_28_x86_64.whl (794 kB)
job-core	UNKNOWN STEP	2026-02-09T11:37:25.6907821Z    ━━━━━━━━━━━━━━━━━━━━━━━━━━━━━━━━━━━━━━━━ 794.2/794.2 kB 4.0 MB/s  0:00:00
job-core	UNKNOWN STEP	2026-02-09T11:37:25.9821854Z Installing collected packages: pyyaml, pathspec, yamllint
job-core	UNKNOWN STEP	2026-02-09T11:37:29.0252017Z 
job-core	UNKNOWN STEP	2026-02-09T11:37:29.0562457Z Successfully installed pathspec-1.0.4 pyyaml-6.0.3 yamllint-1.38.0
job-core	UNKNOWN STEP	2026-02-09T11:37:42.4451081Z 
job-core	UNKNOWN STEP	2026-02-09T11:37:42.4452088Z added 1 package in 10s
job-core	UNKNOWN STEP	2026-02-09T11:37:42.4452495Z 
job-core	UNKNOWN STEP	2026-02-09T11:37:42.4452761Z 1 package is looking for funding
job-core	UNKNOWN STEP	2026-02-09T11:37:42.4512169Z   run `npm fund` for details
job-core	UNKNOWN STEP	2026-02-09T11:37:42.9695085Z ##[group]Run FILE="core/b2b/core-services/soc/ingress.yaml"
job-core	UNKNOWN STEP	2026-02-09T11:37:42.9695636Z [36;1mFILE="core/b2b/core-services/soc/ingress.yaml"[0m
job-core	UNKNOWN STEP	2026-02-09T11:37:42.9696120Z [36;1mRESUME_FILE="audit/yamllint/yamllint-results-21822525477.txt"[0m
job-core	UNKNOWN STEP	2026-02-09T11:37:42.9696607Z [36;1mYAML_CFG="core/config/kaos-yamllint-config.yaml"[0m
job-core	UNKNOWN STEP	2026-02-09T11:37:42.9697040Z [36;1mPRETTIER_CFG="compliance/yaml/.prettierrc.json"[0m
job-core	UNKNOWN STEP	2026-02-09T11:37:42.9697385Z [36;1m[0m
job-core	UNKNOWN STEP	2026-02-09T11:37:42.9697677Z [36;1mecho "Starting YAML Check for: $FILE" >> "$RESUME_FILE"[0m
job-core	UNKNOWN STEP	2026-02-09T11:37:42.9698049Z [36;1m[0m
job-core	UNKNOWN STEP	2026-02-09T11:37:42.9698255Z [36;1m# 1. Syntax (yamllint)[0m
job-core	UNKNOWN STEP	2026-02-09T11:37:42.9698628Z [36;1mif ! yamllint -c "$YAML_CFG" "$FILE" >> "$RESUME_FILE" 2>&1; then[0m
job-core	UNKNOWN STEP	2026-02-09T11:37:42.9699141Z [36;1m  echo "❌ Syntax Error detected by Yamllint" >> "$RESUME_FILE"[0m
job-core	UNKNOWN STEP	2026-02-09T11:37:42.9699538Z [36;1m  exit 1[0m
job-core	UNKNOWN STEP	2026-02-09T11:37:42.9699754Z [36;1melse[0m
job-core	UNKNOWN STEP	2026-02-09T11:37:42.9700028Z [36;1m  echo "✅ Syntax Check Passed" >> "$RESUME_FILE"[0m
job-core	UNKNOWN STEP	2026-02-09T11:37:42.9823453Z [36;1mfi[0m
job-core	UNKNOWN STEP	2026-02-09T11:37:42.9823688Z [36;1m[0m
job-core	UNKNOWN STEP	2026-02-09T11:37:42.9823900Z [36;1m# 2. Style (Prettier)[0m
job-core	UNKNOWN STEP	2026-02-09T11:37:42.9824316Z [36;1mif ! prettier --check "$FILE" --config "$PRETTIER_CFG"; then[0m
job-core	UNKNOWN STEP	2026-02-09T11:37:42.9824802Z [36;1m  echo "⚠️ Style Error detected." >> "$RESUME_FILE"[0m
job-core	UNKNOWN STEP	2026-02-09T11:37:42.9825151Z [36;1m  [0m
job-core	UNKNOWN STEP	2026-02-09T11:37:42.9825367Z [36;1m  if [ "true" == "true" ]; then[0m
job-core	UNKNOWN STEP	2026-02-09T11:37:42.9825741Z [36;1m    echo "Attempting Self-Healing..." >> "$RESUME_FILE"[0m
job-core	UNKNOWN STEP	2026-02-09T11:37:42.9826202Z [36;1m    if prettier --write "$FILE" --config "$PRETTIER_CFG"; then[0m
job-core	UNKNOWN STEP	2026-02-09T11:37:42.9832310Z [36;1m      echo "✅ Self-Healing Successful." >> "$RESUME_FILE"[0m
job-core	UNKNOWN STEP	2026-02-09T11:37:42.9832741Z [36;1m    else[0m
job-core	UNKNOWN STEP	2026-02-09T11:37:42.9833024Z [36;1m      echo "❌ Self-Healing Failed." >> "$RESUME_FILE"[0m
job-core	UNKNOWN STEP	2026-02-09T11:37:42.9833371Z [36;1m      exit 1[0m
job-core	UNKNOWN STEP	2026-02-09T11:37:42.9833605Z [36;1m    fi[0m
job-core	UNKNOWN STEP	2026-02-09T11:37:42.9833869Z [36;1m  else[0m
job-core	UNKNOWN STEP	2026-02-09T11:37:42.9834266Z [36;1m     echo "❌ Style violations found (Fix mode disabled)." >> "$RESUME_FILE"[0m
job-core	UNKNOWN STEP	2026-02-09T11:37:42.9874212Z [36;1m     exit 1[0m
job-core	UNKNOWN STEP	2026-02-09T11:37:42.9874471Z [36;1m  fi[0m
job-core	UNKNOWN STEP	2026-02-09T11:37:42.9874676Z [36;1melse[0m
job-core	UNKNOWN STEP	2026-02-09T11:37:42.9874963Z [36;1m  echo "✅ Style Check Passed" >> "$RESUME_FILE"[0m
job-core	UNKNOWN STEP	2026-02-09T11:37:42.9875311Z [36;1mfi[0m
job-core	UNKNOWN STEP	2026-02-09T11:37:43.0071762Z shell: /usr/bin/bash --noprofile --norc -e -o pipefail {0}
job-core	UNKNOWN STEP	2026-02-09T11:37:43.0072150Z env:
job-core	UNKNOWN STEP	2026-02-09T11:37:43.0072370Z   KAOS_MODULE: [Ka0S] YAMLLINT
job-core	UNKNOWN STEP	2026-02-09T11:37:43.0072899Z   GH_TOKEN: ***
job-core	UNKNOWN STEP	2026-02-09T11:37:43.0073207Z   KAOS_YAMLLINT_CONFIG: core/config/kaos-yamllint-config.yaml
job-core	UNKNOWN STEP	2026-02-09T11:37:43.0073658Z   KAOS_PRETTIER_CONFIG: compliance/yaml/.prettierrc.json
job-core	UNKNOWN STEP	2026-02-09T11:37:43.0074025Z   KAOS_PATH_RESUME: audit/yamllint/
job-core	UNKNOWN STEP	2026-02-09T11:37:43.0074336Z   KAOS_REPO: /actions-runner/_work/kaos/kaos
job-core	UNKNOWN STEP	2026-02-09T11:37:43.0074645Z   KAOS_STEP_MODULE: 
job-core	UNKNOWN STEP	2026-02-09T11:37:43.0177014Z   KAOS_CODE: 21822525477
job-core	UNKNOWN STEP	2026-02-09T11:37:43.0177263Z   KAOS_REF_BRANCH: main
job-core	UNKNOWN STEP	2026-02-09T11:37:43.0177871Z   pythonLocation: /home/runner/_work/_tool/Python/3.14.3/x64
job-core	UNKNOWN STEP	2026-02-09T11:37:43.0178404Z   PKG_CONFIG_PATH: /home/runner/_work/_tool/Python/3.14.3/x64/lib/pkgconfig
job-core	UNKNOWN STEP	2026-02-09T11:37:43.0178907Z   Python_ROOT_DIR: /home/runner/_work/_tool/Python/3.14.3/x64
job-core	UNKNOWN STEP	2026-02-09T11:37:43.0179345Z   Python2_ROOT_DIR: /home/runner/_work/_tool/Python/3.14.3/x64
job-core	UNKNOWN STEP	2026-02-09T11:37:43.0179785Z   Python3_ROOT_DIR: /home/runner/_work/_tool/Python/3.14.3/x64
job-core	UNKNOWN STEP	2026-02-09T11:37:43.0201002Z   LD_LIBRARY_PATH: /home/runner/_work/_tool/Python/3.14.3/x64/lib
job-core	UNKNOWN STEP	2026-02-09T11:37:43.0201460Z ##[endgroup]
job-core	UNKNOWN STEP	2026-02-09T11:37:44.6186816Z Checking formatting...
job-core	UNKNOWN STEP	2026-02-09T11:37:44.9774914Z All matched files use Prettier code style!
job-core	UNKNOWN STEP	2026-02-09T11:37:45.5152959Z ##[group]Run FILE="core/b2b/core-services/soc/ingress.yaml"
job-core	UNKNOWN STEP	2026-02-09T11:37:45.5153952Z [36;1mFILE="core/b2b/core-services/soc/ingress.yaml"[0m
job-core	UNKNOWN STEP	2026-02-09T11:37:45.5154610Z [36;1mKAOS_ISSUE_BODY="The [Ka0S] YAMLLINT process (21822204142) successfully validated file ($FILE)."[0m
job-core	UNKNOWN STEP	2026-02-09T11:37:45.5155229Z [36;1mgh issue comment 1276 -b "$KAOS_ISSUE_BODY"[0m
job-core	UNKNOWN STEP	2026-02-09T11:37:45.5155583Z [36;1m[0m
job-core	UNKNOWN STEP	2026-02-09T11:37:45.5155822Z [36;1m# Check for changes (Self-Healing)[0m
job-core	UNKNOWN STEP	2026-02-09T11:37:45.5156314Z [36;1mgit config --global user.name "***"[0m
job-core	UNKNOWN STEP	2026-02-09T11:37:45.5156711Z [36;1mgit config --global user.email "***"[0m
job-core	UNKNOWN STEP	2026-02-09T11:37:45.5157044Z [36;1mif ! git diff --quiet; then[0m
job-core	UNKNOWN STEP	2026-02-09T11:37:45.5157339Z [36;1m   git add "$FILE"[0m
job-core	UNKNOWN STEP	2026-02-09T11:37:45.5157846Z [36;1m   git commit -m "[Ka0S] Self-Healing: Auto-formatting YAML compliance for $(basename "$FILE")"[0m
job-core	UNKNOWN STEP	2026-02-09T11:37:45.5158627Z [36;1m   git push origin refs/heads/H1276-modulo-observabilidad --force-with-lease[0m
job-core	UNKNOWN STEP	2026-02-09T11:37:45.5159139Z [36;1mfi[0m
job-core	UNKNOWN STEP	2026-02-09T11:37:45.5159539Z [36;1m    if prettier --write "$FILE" --config "compliance/yaml/.prettierrc.json"; then[0m
job-core	UNKNOWN STEP	2026-02-09T11:37:45.5201887Z [36;1m      echo "✅ Self-Healing Successful: File formatted to Ka0s Standards." >> "$RESUME_FILE"[0m
job-core	UNKNOWN STEP	2026-02-09T11:37:45.5202518Z [36;1m      [0m
job-core	UNKNOWN STEP	2026-02-09T11:37:45.5202777Z [36;1m      # Commit de la corrección[0m
job-core	UNKNOWN STEP	2026-02-09T11:37:45.5203299Z [36;1m      git config --global user.name "***"[0m
job-core	UNKNOWN STEP	2026-02-09T11:37:45.5203723Z [36;1m      git config --global user.email "***"[0m
job-core	UNKNOWN STEP	2026-02-09T11:37:45.5204078Z [36;1m      git add "$FILE"[0m
job-core	UNKNOWN STEP	2026-02-09T11:37:45.5204386Z [36;1m      if ! git diff --staged --quiet; then[0m
job-core	UNKNOWN STEP	2026-02-09T11:37:45.5204915Z [36;1m        git commit -m "[Ka0S] Self-Healing: Auto-formatting YAML compliance for $FILE_NAME"[0m
job-core	UNKNOWN STEP	2026-02-09T11:37:45.5205584Z [36;1m        git push origin refs/heads/H1276-modulo-observabilidad --force-with-lease[0m
job-core	UNKNOWN STEP	2026-02-09T11:37:45.5206202Z [36;1m        echo "🔄 Changes pushed to repository." >> "$RESUME_FILE"[0m
job-core	UNKNOWN STEP	2026-02-09T11:37:45.5206617Z [36;1m      fi[0m
job-core	UNKNOWN STEP	2026-02-09T11:37:45.5206834Z [36;1m      [0m
job-core	UNKNOWN STEP	2026-02-09T11:37:45.5207571Z [36;1m      KAOS_ISSUE_BODY="The [Ka0S] YAMLLINT process (21822204142) detected style violations in ($FILE) but successfully performed SELF-HEALING. No action required."[0m
job-core	UNKNOWN STEP	2026-02-09T11:37:45.5208435Z [36;1m      gh issue comment 1276 -b "$KAOS_ISSUE_BODY"[0m
job-core	UNKNOWN STEP	2026-02-09T11:37:45.5208791Z [36;1m    else[0m
job-core	UNKNOWN STEP	2026-02-09T11:37:45.5209077Z [36;1m      echo "❌ Self-Healing Failed." >> "$RESUME_FILE"[0m
job-core	UNKNOWN STEP	2026-02-09T11:37:45.5209438Z [36;1m      exit 1[0m
job-core	UNKNOWN STEP	2026-02-09T11:37:45.5209666Z [36;1m    fi[0m
job-core	UNKNOWN STEP	2026-02-09T11:37:45.5209874Z [36;1m  else[0m
job-core	UNKNOWN STEP	2026-02-09T11:37:45.5266734Z [36;1m    echo "✅ Compliance Check Passed (No changes needed)" >> "$RESUME_FILE"[0m
job-core	UNKNOWN STEP	2026-02-09T11:37:45.5267637Z [36;1m    KAOS_ISSUE_BODY="The [Ka0S] YAMLLINT process (21822204142) successfully validated file ($FILE). All checks passed."[0m
job-core	UNKNOWN STEP	2026-02-09T11:37:45.5268340Z [36;1m    gh issue comment 1276 -b "$KAOS_ISSUE_BODY"[0m
job-core	UNKNOWN STEP	2026-02-09T11:37:45.5268695Z [36;1m  fi[0m
job-core	UNKNOWN STEP	2026-02-09T11:37:45.5268909Z [36;1m  [0m
job-core	UNKNOWN STEP	2026-02-09T11:37:45.5269727Z [36;1m  cat "$RESUME_FILE"[0m
job-core	UNKNOWN STEP	2026-02-09T11:37:45.5795677Z shell: /usr/bin/bash -e {0}
job-core	UNKNOWN STEP	2026-02-09T11:37:45.5795987Z env:
job-core	UNKNOWN STEP	2026-02-09T11:37:45.5796218Z   KAOS_MODULE: [Ka0S] YAMLLINT
job-core	UNKNOWN STEP	2026-02-09T11:37:45.5796839Z   GH_TOKEN: ***
job-core	UNKNOWN STEP	2026-02-09T11:37:45.5797189Z   KAOS_YAMLLINT_CONFIG: core/config/kaos-yamllint-config.yaml
job-core	UNKNOWN STEP	2026-02-09T11:37:45.5797660Z   KAOS_PRETTIER_CONFIG: compliance/yaml/.prettierrc.json
job-core	UNKNOWN STEP	2026-02-09T11:37:45.5798058Z   KAOS_PATH_RESUME: audit/yamllint/
job-core	UNKNOWN STEP	2026-02-09T11:37:45.5798371Z   KAOS_REPO: /actions-runner/_work/kaos/kaos
job-core	UNKNOWN STEP	2026-02-09T11:37:45.5798672Z   KAOS_STEP_MODULE: 
job-core	UNKNOWN STEP	2026-02-09T11:37:45.5798902Z   KAOS_CODE: 21822525477
job-core	UNKNOWN STEP	2026-02-09T11:37:45.5799157Z   KAOS_REF_BRANCH: main
job-core	UNKNOWN STEP	2026-02-09T11:37:45.5799481Z   pythonLocation: /home/runner/_work/_tool/Python/3.14.3/x64
job-core	UNKNOWN STEP	2026-02-09T11:37:45.5856889Z   PKG_CONFIG_PATH: /home/runner/_work/_tool/Python/3.14.3/x64/lib/pkgconfig
job-core	UNKNOWN STEP	2026-02-09T11:37:45.5857815Z   Python_ROOT_DIR: /home/runner/_work/_tool/Python/3.14.3/x64
job-core	UNKNOWN STEP	2026-02-09T11:37:45.5858309Z   Python2_ROOT_DIR: /home/runner/_work/_tool/Python/3.14.3/x64
job-core	UNKNOWN STEP	2026-02-09T11:37:45.5858764Z   Python3_ROOT_DIR: /home/runner/_work/_tool/Python/3.14.3/x64
job-core	UNKNOWN STEP	2026-02-09T11:37:45.5859237Z   LD_LIBRARY_PATH: /home/runner/_work/_tool/Python/3.14.3/x64/lib
job-core	UNKNOWN STEP	2026-02-09T11:37:45.5859612Z ##[endgroup]
job-core	UNKNOWN STEP	2026-02-09T11:37:49.1226934Z HTTP 401: Bad credentials (https://api.github.com/graphql)
job-core	UNKNOWN STEP	2026-02-09T11:37:49.1263285Z Try authenticating with:  gh auth login
job-core	UNKNOWN STEP	2026-02-09T11:37:49.2425066Z ##[error]Process completed with exit code 1.
job-core	UNKNOWN STEP	2026-02-09T11:37:49.8865752Z ##[group]Run # Subir logs de auditoría si existen
job-core	UNKNOWN STEP	2026-02-09T11:37:49.8866241Z [36;1m# Subir logs de auditoría si existen[0m
job-core	UNKNOWN STEP	2026-02-09T11:37:49.8866699Z [36;1mif [ -f "audit/yamllint/yamllint-results-21822525477.txt" ]; then[0m
job-core	UNKNOWN STEP	2026-02-09T11:37:49.8867317Z [36;1m   git config --global user.name "***"[0m
job-core	UNKNOWN STEP	2026-02-09T11:37:49.8867723Z [36;1m   git config --global user.email "***"[0m
job-core	UNKNOWN STEP	2026-02-09T11:37:49.8868069Z [36;1m   git pull --rebase[0m
job-core	UNKNOWN STEP	2026-02-09T11:37:49.8868385Z [36;1m   git add audit/yamllint/*[0m
job-core	UNKNOWN STEP	2026-02-09T11:37:49.8868712Z [36;1m   if ! git diff --staged --quiet; then[0m
job-core	UNKNOWN STEP	2026-02-09T11:37:49.8869144Z [36;1m      git commit -m "[Ka0S] Uploading YAML compliance audit logs"[0m
job-core	UNKNOWN STEP	2026-02-09T11:37:49.9153795Z [36;1m      git push origin refs/heads/H1276-modulo-observabilidad --force-with-lease[0m
job-core	UNKNOWN STEP	2026-02-09T11:37:49.9154687Z [36;1m   fi[0m
job-core	UNKNOWN STEP	2026-02-09T11:37:49.9154894Z [36;1mfi[0m
job-core	UNKNOWN STEP	2026-02-09T11:37:49.9907715Z shell: /usr/bin/bash -e {0}
job-core	UNKNOWN STEP	2026-02-09T11:37:49.9908056Z env:
job-core	UNKNOWN STEP	2026-02-09T11:37:49.9908279Z   KAOS_MODULE: [Ka0S] YAMLLINT
job-core	UNKNOWN STEP	2026-02-09T11:37:49.9908771Z   GH_TOKEN: ***
job-core	UNKNOWN STEP	2026-02-09T11:37:49.9909092Z   KAOS_YAMLLINT_CONFIG: core/config/kaos-yamllint-config.yaml
job-core	UNKNOWN STEP	2026-02-09T11:37:49.9909549Z   KAOS_PRETTIER_CONFIG: compliance/yaml/.prettierrc.json
job-core	UNKNOWN STEP	2026-02-09T11:37:49.9909914Z   KAOS_PATH_RESUME: audit/yamllint/
job-core	UNKNOWN STEP	2026-02-09T11:37:50.0055892Z   KAOS_REPO: /actions-runner/_work/kaos/kaos
job-core	UNKNOWN STEP	2026-02-09T11:37:50.0056265Z   KAOS_STEP_MODULE: 
job-core	UNKNOWN STEP	2026-02-09T11:37:50.0056538Z   KAOS_CODE: 21822525477
job-core	UNKNOWN STEP	2026-02-09T11:37:50.0056781Z   KAOS_REF_BRANCH: main
job-core	UNKNOWN STEP	2026-02-09T11:37:50.0057106Z   pythonLocation: /home/runner/_work/_tool/Python/3.14.3/x64
job-core	UNKNOWN STEP	2026-02-09T11:37:50.0057604Z   PKG_CONFIG_PATH: /home/runner/_work/_tool/Python/3.14.3/x64/lib/pkgconfig
job-core	UNKNOWN STEP	2026-02-09T11:37:50.0058111Z   Python_ROOT_DIR: /home/runner/_work/_tool/Python/3.14.3/x64
job-core	UNKNOWN STEP	2026-02-09T11:37:50.0174068Z   Python2_ROOT_DIR: /home/runner/_work/_tool/Python/3.14.3/x64
job-core	UNKNOWN STEP	2026-02-09T11:37:50.0174598Z   Python3_ROOT_DIR: /home/runner/_work/_tool/Python/3.14.3/x64
job-core	UNKNOWN STEP	2026-02-09T11:37:50.0175054Z   LD_LIBRARY_PATH: /home/runner/_work/_tool/Python/3.14.3/x64/lib
job-core	UNKNOWN STEP	2026-02-09T11:37:50.0175435Z ##[endgroup]
job-core	UNKNOWN STEP	2026-02-09T11:37:54.2806706Z From https://github.com/Ka0s-Klaus/ka0s
job-core	UNKNOWN STEP	2026-02-09T11:37:54.2821556Z    f893e8119..3e033463c  H1276-modulo-observabilidad -> origin/H1276-modulo-observabilidad
job-core	UNKNOWN STEP	2026-02-09T11:37:54.2861516Z    7c51c744c..47ac31787  main       -> origin/main
job-core	UNKNOWN STEP	2026-02-09T11:37:54.5841500Z Updating f893e8119..3e033463c
job-core	UNKNOWN STEP	2026-02-09T11:37:54.5843580Z Fast-forward
job-core	UNKNOWN STEP	2026-02-09T11:37:55.0745701Z  audit/mdlint/mdlint-results-21822335261.txt     | 58 +++++++++++++++++++
job-core	UNKNOWN STEP	2026-02-09T11:37:55.0746689Z  audit/mdlint/mdlint-results-21822337123.txt     | 39 +++++++++++++
job-core	UNKNOWN STEP	2026-02-09T11:37:55.0773223Z  audit/mdlint/mdlint-results-21822338427.txt     | 75 +++++++++++++++++++++++++
job-core	UNKNOWN STEP	2026-02-09T11:37:55.0774251Z  audit/mdlint/mdlint-results-21822344983.txt     | 46 +++++++++++++++
job-core	UNKNOWN STEP	2026-02-09T11:37:55.0795228Z  audit/mdlint/mdlint-results-21822349368.txt     | 36 ++++++++++++
job-core	UNKNOWN STEP	2026-02-09T11:37:55.0836779Z  audit/mdlint/mdlint-results-21822350524.txt     | 45 +++++++++++++++
job-core	UNKNOWN STEP	2026-02-09T11:37:55.0927213Z  audit/mdlint/mdlint-results-21822352158.txt     | 57 +++++++++++++++++++
job-core	UNKNOWN STEP	2026-02-09T11:37:55.0927999Z  audit/mdlint/mdlint-results-21822382347.txt     | 20 +++++++
job-core	UNKNOWN STEP	2026-02-09T11:37:55.0928527Z  audit/mdlint/mdlint-results-21822401489.txt     | 20 +++++++
job-core	UNKNOWN STEP	2026-02-09T11:37:55.0929045Z  audit/mdlint/mdlint-results-21822408667.txt     | 25 +++++++++
job-core	UNKNOWN STEP	2026-02-09T11:37:55.0929620Z  audit/mdlint/mdlint-results-21822439279.txt     | 16 ++++++
job-core	UNKNOWN STEP	2026-02-09T11:37:55.1060714Z  audit/mdlint/mdlint-results-21822486065.txt     | 15 +++++
job-core	UNKNOWN STEP	2026-02-09T11:37:55.1061643Z  audit/mdlint/mdlint-results-21822488046.txt     | 42 ++++++++++++++
job-core	UNKNOWN STEP	2026-02-09T11:37:55.1062211Z  audit/mdlint/mdlint-results-21822520971.txt     | 21 +++++++
job-core	UNKNOWN STEP	2026-02-09T11:37:55.1062711Z  audit/mdlint/mdlint-results-21822621435.txt     | 14 +++++
job-core	UNKNOWN STEP	2026-02-09T11:37:55.1063817Z  audit/mdlint/mdlint-results-21822634044.txt     | 26 +++++++++
job-core	UNKNOWN STEP	2026-02-09T11:37:55.1064402Z  audit/mdlint/mdlint-results-21822648766.txt     | 43 ++++++++++++++
job-core	UNKNOWN STEP	2026-02-09T11:37:55.1135461Z  audit/mdlint/mdlint-results-21822663198.txt     | 15 +++++
job-core	UNKNOWN STEP	2026-02-09T11:37:55.1323328Z  audit/mdlint/mdlint-results-21822670345.txt     | 27 +++++++++
job-core	UNKNOWN STEP	2026-02-09T11:37:55.1324113Z  audit/mdlint/mdlint-results-21822674305.txt     | 21 +++++++
job-core	UNKNOWN STEP	2026-02-09T11:37:55.1324634Z  audit/mdlint/mdlint-results-21822678064.txt     | 16 ++++++
job-core	UNKNOWN STEP	2026-02-09T11:37:55.1325216Z  audit/mdlint/mdlint-results-21822703544.txt     | 17 ++++++
job-core	UNKNOWN STEP	2026-02-09T11:37:55.1325711Z  audit/mdlint/mdlint-results-21822710522.txt     | 12 ++++
job-core	UNKNOWN STEP	2026-02-09T11:37:55.1326205Z  audit/mdlint/mdlint-results-21822722468.txt     | 15 +++++
job-core	UNKNOWN STEP	2026-02-09T11:37:55.1326711Z  audit/mdlint/mdlint-results-21822738703.txt     | 14 +++++
job-core	UNKNOWN STEP	2026-02-09T11:37:55.1327228Z  audit/mdlint/mdlint-results-21822952858.txt     | 18 ++++++
job-core	UNKNOWN STEP	2026-02-09T11:37:55.1327736Z  audit/yamllint/yamllint-results-21822356602.txt |  6 ++
job-core	UNKNOWN STEP	2026-02-09T11:37:55.1328260Z  audit/yamllint/yamllint-results-21822360545.txt |  6 ++
job-core	UNKNOWN STEP	2026-02-09T11:37:55.1328742Z  audit/yamllint/yamllint-results-21822363955.txt |  6 ++
job-core	UNKNOWN STEP	2026-02-09T11:37:55.1329232Z  audit/yamllint/yamllint-results-21822365605.txt |  6 ++
job-core	UNKNOWN STEP	2026-02-09T11:37:55.1329715Z  audit/yamllint/yamllint-results-21822368676.txt |  6 ++
job-core	UNKNOWN STEP	2026-02-09T11:37:55.1330339Z  audit/yamllint/yamllint-results-21822370432.txt |  6 ++
job-core	UNKNOWN STEP	2026-02-09T11:37:55.1330822Z  audit/yamllint/yamllint-results-21822389460.txt |  3 +
job-core	UNKNOWN STEP	2026-02-09T11:37:55.1331315Z  audit/yamllint/yamllint-results-21822397695.txt |  6 ++
job-core	UNKNOWN STEP	2026-02-09T11:37:55.1331819Z  audit/yamllint/yamllint-results-21822441525.txt |  3 +
job-core	UNKNOWN STEP	2026-02-09T11:37:55.1332256Z  35 files changed, 801 insertions(+)
job-core	UNKNOWN STEP	2026-02-09T11:37:55.1332704Z  create mode 100644 audit/mdlint/mdlint-results-21822335261.txt
job-core	UNKNOWN STEP	2026-02-09T11:37:55.1419963Z  create mode 100644 audit/mdlint/mdlint-results-21822337123.txt
job-core	UNKNOWN STEP	2026-02-09T11:37:55.1433043Z  create mode 100644 audit/mdlint/mdlint-results-21822338427.txt
job-core	UNKNOWN STEP	2026-02-09T11:37:55.1433592Z  create mode 100644 audit/mdlint/mdlint-results-21822344983.txt
job-core	UNKNOWN STEP	2026-02-09T11:37:55.1441529Z  create mode 100644 audit/mdlint/mdlint-results-21822349368.txt
job-core	UNKNOWN STEP	2026-02-09T11:37:55.1507421Z  create mode 100644 audit/mdlint/mdlint-results-21822350524.txt
job-core	UNKNOWN STEP	2026-02-09T11:37:55.1508102Z  create mode 100644 audit/mdlint/mdlint-results-21822352158.txt
job-core	UNKNOWN STEP	2026-02-09T11:37:55.1508637Z  create mode 100644 audit/mdlint/mdlint-results-21822382347.txt
job-core	UNKNOWN STEP	2026-02-09T11:37:55.1509660Z  create mode 100644 audit/mdlint/mdlint-results-21822401489.txt
job-core	UNKNOWN STEP	2026-02-09T11:37:55.1510246Z  create mode 100644 audit/mdlint/mdlint-results-21822408667.txt
job-core	UNKNOWN STEP	2026-02-09T11:37:55.1510826Z  create mode 100644 audit/mdlint/mdlint-results-21822439279.txt
job-core	UNKNOWN STEP	2026-02-09T11:37:55.1511328Z  create mode 100644 audit/mdlint/mdlint-results-21822486065.txt
job-core	UNKNOWN STEP	2026-02-09T11:37:55.1511839Z  create mode 100644 audit/mdlint/mdlint-results-21822488046.txt
job-core	UNKNOWN STEP	2026-02-09T11:37:55.1512362Z  create mode 100644 audit/mdlint/mdlint-results-21822520971.txt
job-core	UNKNOWN STEP	2026-02-09T11:37:55.1512871Z  create mode 100644 audit/mdlint/mdlint-results-21822621435.txt
job-core	UNKNOWN STEP	2026-02-09T11:37:55.1513383Z  create mode 100644 audit/mdlint/mdlint-results-21822634044.txt
job-core	UNKNOWN STEP	2026-02-09T11:37:55.1513897Z  create mode 100644 audit/mdlint/mdlint-results-21822648766.txt
job-core	UNKNOWN STEP	2026-02-09T11:37:55.1514402Z  create mode 100644 audit/mdlint/mdlint-results-21822663198.txt
job-core	UNKNOWN STEP	2026-02-09T11:37:55.1514917Z  create mode 100644 audit/mdlint/mdlint-results-21822670345.txt
job-core	UNKNOWN STEP	2026-02-09T11:37:55.1515449Z  create mode 100644 audit/mdlint/mdlint-results-21822674305.txt
job-core	UNKNOWN STEP	2026-02-09T11:37:55.1515961Z  create mode 100644 audit/mdlint/mdlint-results-21822678064.txt
job-core	UNKNOWN STEP	2026-02-09T11:37:55.1632757Z  create mode 100644 audit/mdlint/mdlint-results-21822703544.txt
job-core	UNKNOWN STEP	2026-02-09T11:37:55.1633361Z  create mode 100644 audit/mdlint/mdlint-results-21822710522.txt
job-core	UNKNOWN STEP	2026-02-09T11:37:55.1633874Z  create mode 100644 audit/mdlint/mdlint-results-21822722468.txt
job-core	UNKNOWN STEP	2026-02-09T11:37:55.1634386Z  create mode 100644 audit/mdlint/mdlint-results-21822738703.txt
job-core	UNKNOWN STEP	2026-02-09T11:37:55.1635308Z  create mode 100644 audit/mdlint/mdlint-results-21822952858.txt
job-core	UNKNOWN STEP	2026-02-09T11:37:55.1635886Z  create mode 100644 audit/yamllint/yamllint-results-21822356602.txt
job-core	UNKNOWN STEP	2026-02-09T11:37:55.1636442Z  create mode 100644 audit/yamllint/yamllint-results-21822360545.txt
job-core	UNKNOWN STEP	2026-02-09T11:37:55.1637003Z  create mode 100644 audit/yamllint/yamllint-results-21822363955.txt
job-core	UNKNOWN STEP	2026-02-09T11:37:55.1637554Z  create mode 100644 audit/yamllint/yamllint-results-21822365605.txt
job-core	UNKNOWN STEP	2026-02-09T11:37:55.1638121Z  create mode 100644 audit/yamllint/yamllint-results-21822368676.txt
job-core	UNKNOWN STEP	2026-02-09T11:37:55.1638680Z  create mode 100644 audit/yamllint/yamllint-results-21822370432.txt
job-core	UNKNOWN STEP	2026-02-09T11:37:55.1639233Z  create mode 100644 audit/yamllint/yamllint-results-21822389460.txt
job-core	UNKNOWN STEP	2026-02-09T11:37:55.1639780Z  create mode 100644 audit/yamllint/yamllint-results-21822397695.txt
job-core	UNKNOWN STEP	2026-02-09T11:37:55.1640430Z  create mode 100644 audit/yamllint/yamllint-results-21822441525.txt
job-core	UNKNOWN STEP	2026-02-09T11:37:56.0501811Z [H1276-modulo-observabilidad 71155fe9e] [Ka0S] Uploading YAML compliance audit logs
job-core	UNKNOWN STEP	2026-02-09T11:37:56.0502809Z  1 file changed, 3 insertions(+)
job-core	UNKNOWN STEP	2026-02-09T11:37:56.0513937Z  create mode 100644 audit/yamllint/yamllint-results-21822525477.txt
job-core	UNKNOWN STEP	2026-02-09T11:37:57.0919141Z To https://github.com/Ka0s-Klaus/ka0s
job-core	UNKNOWN STEP	2026-02-09T11:37:57.0952272Z  ! [rejected]            H1276-modulo-observabilidad -> H1276-modulo-observabilidad (stale info)
job-core	UNKNOWN STEP	2026-02-09T11:37:57.0953661Z error: failed to push some refs to 'https://github.com/Ka0s-Klaus/ka0s'
job-core	UNKNOWN STEP	2026-02-09T11:37:57.3323141Z ##[error]Process completed with exit code 1.
job-core	UNKNOWN STEP	2026-02-09T11:37:57.4726917Z Post job cleanup.
job-core	UNKNOWN STEP	2026-02-09T11:37:57.8539188Z [command]/usr/bin/git version
job-core	UNKNOWN STEP	2026-02-09T11:37:58.0117051Z git version 2.52.0
job-core	UNKNOWN STEP	2026-02-09T11:37:58.0891682Z Copying '/home/runner/.gitconfig' to '/home/runner/_work/_temp/6a8d4e70-dcb4-4a83-9136-2a0beda70ed6/.gitconfig'
job-core	UNKNOWN STEP	2026-02-09T11:37:58.0987562Z Temporarily overriding HOME='/home/runner/_work/_temp/6a8d4e70-dcb4-4a83-9136-2a0beda70ed6' before making global git config changes
job-core	UNKNOWN STEP	2026-02-09T11:37:58.0988995Z Adding repository directory to the temporary git global config as a safe directory
job-core	UNKNOWN STEP	2026-02-09T11:37:58.0989953Z [command]/usr/bin/git config --global --add safe.directory /home/runner/_work/ka0s/ka0s
job-core	UNKNOWN STEP	2026-02-09T11:37:58.2841429Z [command]/usr/bin/git config --local --name-only --get-regexp core\.sshCommand
job-core	UNKNOWN STEP	2026-02-09T11:37:58.5622152Z [command]/usr/bin/git submodule foreach --recursive sh -c "git config --local --name-only --get-regexp 'core\.sshCommand' && git config --local --unset-all 'core.sshCommand' || :"
job-core	UNKNOWN STEP	2026-02-09T11:38:01.1347848Z [command]/usr/bin/git config --local --name-only --get-regexp http\.https\:\/\/github\.com\/\.extraheader
job-core	UNKNOWN STEP	2026-02-09T11:38:01.2820683Z http.https://github.com/.extraheader
job-core	UNKNOWN STEP	2026-02-09T11:38:01.3088305Z [command]/usr/bin/git config --local --unset-all http.https://github.com/.extraheader
job-core	UNKNOWN STEP	2026-02-09T11:38:01.4352454Z [command]/usr/bin/git submodule foreach --recursive sh -c "git config --local --name-only --get-regexp 'http\.https\:\/\/github\.com\/\.extraheader' && git config --local --unset-all 'http.https://github.com/.extraheader' || :"
job-core	UNKNOWN STEP	2026-02-09T11:38:02.4530849Z [command]/usr/bin/git config --local --name-only --get-regexp ^includeIf\.gitdir:
job-core	UNKNOWN STEP	2026-02-09T11:38:02.5084864Z [command]/usr/bin/git submodule foreach --recursive git config --local --show-origin --name-only --get-regexp remote.origin.url
job-core	UNKNOWN STEP	2026-02-09T11:38:03.3155037Z Cleaning up orphan processes
handle_failure	Set up job	﻿2026-02-09T11:44:14.7977016Z Current runner version: '2.331.0'
handle_failure	Set up job	2026-02-09T11:44:14.8073325Z Runner name: 'swarm-runners-scaleset-hkss5-runner-z8vqw'
handle_failure	Set up job	2026-02-09T11:44:14.8074592Z Runner group name: 'Default'
handle_failure	Set up job	2026-02-09T11:44:14.8075847Z Machine name: 'swarm-runners-scaleset-hkss5-runner-z8vqw'
handle_failure	Set up job	2026-02-09T11:44:14.8908564Z ##[group]GITHUB_TOKEN Permissions
handle_failure	Set up job	2026-02-09T11:44:14.8911982Z Actions: write
handle_failure	Set up job	2026-02-09T11:44:14.8912711Z Contents: write
handle_failure	Set up job	2026-02-09T11:44:14.8913358Z Issues: write
handle_failure	Set up job	2026-02-09T11:44:14.8914009Z Metadata: read
handle_failure	Set up job	2026-02-09T11:44:14.8914706Z PullRequests: write
handle_failure	Set up job	2026-02-09T11:44:14.8915381Z ##[endgroup]
handle_failure	Set up job	2026-02-09T11:44:14.8918932Z Secret source: Actions
handle_failure	Set up job	2026-02-09T11:44:14.8921213Z Prepare workflow directory
handle_failure	Set up job	2026-02-09T11:44:18.5694411Z Prepare all required actions
handle_failure	Set up job	2026-02-09T11:44:18.6224564Z Getting action download info
handle_failure	Set up job	2026-02-09T11:44:21.5799641Z Download action repository 'actions/checkout@v4' (SHA:34e114876b0b11c390a56381ad16ebd13914f8d5)
handle_failure	Set up job	2026-02-09T11:44:45.0797096Z Complete job name: handle_failure
handle_failure	Run actions/checkout@v4	﻿2026-02-09T11:44:51.2022600Z ##[group]Run actions/checkout@v4
handle_failure	Run actions/checkout@v4	2026-02-09T11:44:51.2031482Z with:
handle_failure	Run actions/checkout@v4	2026-02-09T11:44:51.2031810Z   repository: Ka0s-Klaus/ka0s
handle_failure	Run actions/checkout@v4	2026-02-09T11:44:51.2032400Z   token: ***
handle_failure	Run actions/checkout@v4	2026-02-09T11:44:51.2032617Z   ssh-strict: true
handle_failure	Run actions/checkout@v4	2026-02-09T11:44:51.2032825Z   ssh-user: git
handle_failure	Run actions/checkout@v4	2026-02-09T11:44:51.2033051Z   persist-credentials: true
handle_failure	Run actions/checkout@v4	2026-02-09T11:44:51.2033321Z   clean: true
handle_failure	Run actions/checkout@v4	2026-02-09T11:44:51.2033540Z   sparse-checkout-cone-mode: true
handle_failure	Run actions/checkout@v4	2026-02-09T11:44:51.2033822Z   fetch-depth: 1
handle_failure	Run actions/checkout@v4	2026-02-09T11:44:51.2034051Z   fetch-tags: false
handle_failure	Run actions/checkout@v4	2026-02-09T11:44:51.2034273Z   show-progress: true
handle_failure	Run actions/checkout@v4	2026-02-09T11:44:51.2034491Z   lfs: false
handle_failure	Run actions/checkout@v4	2026-02-09T11:44:51.2034694Z   submodules: false
handle_failure	Run actions/checkout@v4	2026-02-09T11:44:51.2034934Z   set-safe-directory: true
handle_failure	Run actions/checkout@v4	2026-02-09T11:44:51.2035467Z env:
handle_failure	Run actions/checkout@v4	2026-02-09T11:44:51.2035694Z   KAOS_MODULE: [Ka0S] YAMLLINT
handle_failure	Run actions/checkout@v4	2026-02-09T11:44:51.2036059Z   GH_TOKEN: ***
handle_failure	Run actions/checkout@v4	2026-02-09T11:44:51.2036347Z   KAOS_YAMLLINT_CONFIG: core/config/kaos-yamllint-config.yaml
handle_failure	Run actions/checkout@v4	2026-02-09T11:44:51.2036775Z   KAOS_PRETTIER_CONFIG: compliance/yaml/.prettierrc.json
handle_failure	Run actions/checkout@v4	2026-02-09T11:44:51.2037236Z   KAOS_PATH_RESUME: audit/yamllint/
handle_failure	Run actions/checkout@v4	2026-02-09T11:44:51.2037540Z   KAOS_REPO: /actions-runner/_work/kaos/kaos
handle_failure	Run actions/checkout@v4	2026-02-09T11:44:51.2037842Z   KAOS_STEP_MODULE: 
handle_failure	Run actions/checkout@v4	2026-02-09T11:44:51.2038059Z   KAOS_CODE: 21822525477
handle_failure	Run actions/checkout@v4	2026-02-09T11:44:51.2038294Z   KAOS_REF_BRANCH: main
handle_failure	Run actions/checkout@v4	2026-02-09T11:44:51.2038543Z ##[endgroup]
handle_failure	Run actions/checkout@v4	2026-02-09T11:44:57.3352918Z Syncing repository: Ka0s-Klaus/ka0s
handle_failure	Run actions/checkout@v4	2026-02-09T11:44:57.3354679Z ##[group]Getting Git version info
handle_failure	Run actions/checkout@v4	2026-02-09T11:44:57.3355110Z Working directory is '/home/runner/_work/ka0s/ka0s'
handle_failure	Run actions/checkout@v4	2026-02-09T11:44:57.3355674Z [command]/usr/bin/git version
handle_failure	Run actions/checkout@v4	2026-02-09T11:44:58.1273800Z git version 2.52.0
handle_failure	Run actions/checkout@v4	2026-02-09T11:44:58.2179964Z ##[endgroup]
handle_failure	Run actions/checkout@v4	2026-02-09T11:44:58.4842209Z Temporarily overriding HOME='/home/runner/_work/_temp/c7f511d7-8a62-4905-bcd1-24ccce2eeed5' before making global git config changes
handle_failure	Run actions/checkout@v4	2026-02-09T11:44:58.4913713Z Adding repository directory to the temporary git global config as a safe directory
handle_failure	Run actions/checkout@v4	2026-02-09T11:44:58.5365965Z [command]/usr/bin/git config --global --add safe.directory /home/runner/_work/ka0s/ka0s
handle_failure	Run actions/checkout@v4	2026-02-09T11:44:59.7860293Z Deleting the contents of '/home/runner/_work/ka0s/ka0s'
handle_failure	Run actions/checkout@v4	2026-02-09T11:45:00.1711772Z ##[group]Initializing the repository
handle_failure	Run actions/checkout@v4	2026-02-09T11:45:00.1776531Z [command]/usr/bin/git init /home/runner/_work/ka0s/ka0s
handle_failure	Run actions/checkout@v4	2026-02-09T11:45:01.0430234Z hint: Using 'master' as the name for the initial branch. This default branch name
handle_failure	Run actions/checkout@v4	2026-02-09T11:45:01.0438162Z hint: will change to "main" in Git 3.0. To configure the initial branch name
handle_failure	Run actions/checkout@v4	2026-02-09T11:45:01.0438762Z hint: to use in all of your new repositories, which will suppress this warning,
handle_failure	Run actions/checkout@v4	2026-02-09T11:45:01.0439182Z hint: call:
handle_failure	Run actions/checkout@v4	2026-02-09T11:45:01.0439377Z hint:
handle_failure	Run actions/checkout@v4	2026-02-09T11:45:01.0439660Z hint: 	git config --global init.defaultBranch <name>
handle_failure	Run actions/checkout@v4	2026-02-09T11:45:01.0439985Z hint:
handle_failure	Run actions/checkout@v4	2026-02-09T11:45:01.0440376Z hint: Names commonly chosen instead of 'master' are 'main', 'trunk' and
handle_failure	Run actions/checkout@v4	2026-02-09T11:45:01.0440936Z hint: 'development'. The just-created branch can be renamed via this command:
handle_failure	Run actions/checkout@v4	2026-02-09T11:45:01.6497213Z hint:
handle_failure	Run actions/checkout@v4	2026-02-09T11:45:01.6497657Z hint: 	git branch -m <name>
handle_failure	Run actions/checkout@v4	2026-02-09T11:45:01.6497905Z hint:
handle_failure	Run actions/checkout@v4	2026-02-09T11:45:01.6498267Z hint: Disable this message with "git config set advice.defaultBranchName false"
handle_failure	Run actions/checkout@v4	2026-02-09T11:45:01.6498840Z Initialized empty Git repository in /home/runner/_work/ka0s/ka0s/.git/
handle_failure	Run actions/checkout@v4	2026-02-09T11:45:01.6500286Z [command]/usr/bin/git remote add origin https://github.com/Ka0s-Klaus/ka0s
handle_failure	Run actions/checkout@v4	2026-02-09T11:45:02.8833560Z ##[endgroup]
handle_failure	Run actions/checkout@v4	2026-02-09T11:45:02.8866073Z ##[group]Disabling automatic garbage collection
handle_failure	Run actions/checkout@v4	2026-02-09T11:45:02.9175376Z [command]/usr/bin/git config --local gc.auto 0
handle_failure	Run actions/checkout@v4	2026-02-09T11:45:03.3700580Z ##[endgroup]
handle_failure	Run actions/checkout@v4	2026-02-09T11:45:03.3701023Z ##[group]Setting up auth
handle_failure	Run actions/checkout@v4	2026-02-09T11:45:03.4814215Z [command]/usr/bin/git config --local --name-only --get-regexp core\.sshCommand
handle_failure	Run actions/checkout@v4	2026-02-09T11:45:04.2957059Z [command]/usr/bin/git submodule foreach --recursive sh -c "git config --local --name-only --get-regexp 'core\.sshCommand' && git config --local --unset-all 'core.sshCommand' || :"
handle_failure	Run actions/checkout@v4	2026-02-09T11:45:09.6914208Z [command]/usr/bin/git config --local --name-only --get-regexp http\.https\:\/\/github\.com\/\.extraheader
handle_failure	Run actions/checkout@v4	2026-02-09T11:45:10.5806995Z [command]/usr/bin/git submodule foreach --recursive sh -c "git config --local --name-only --get-regexp 'http\.https\:\/\/github\.com\/\.extraheader' && git config --local --unset-all 'http.https://github.com/.extraheader' || :"
handle_failure	Run actions/checkout@v4	2026-02-09T11:45:19.0827224Z [command]/usr/bin/git config --local --name-only --get-regexp ^includeIf\.gitdir:
handle_failure	Run actions/checkout@v4	2026-02-09T11:45:19.2194357Z [command]/usr/bin/git submodule foreach --recursive git config --local --show-origin --name-only --get-regexp remote.origin.url
handle_failure	Run actions/checkout@v4	2026-02-09T11:45:21.5636642Z [command]/usr/bin/git config --local http.https://github.com/.extraheader AUTHORIZATION: basic ***
handle_failure	Run actions/checkout@v4	2026-02-09T11:45:22.1666165Z ##[endgroup]
handle_failure	Run actions/checkout@v4	2026-02-09T11:45:22.1801690Z ##[group]Fetching the repository
handle_failure	Run actions/checkout@v4	2026-02-09T11:45:22.4731965Z [command]/usr/bin/git -c protocol.version=2 fetch --no-tags --prune --no-recurse-submodules --depth=1 origin +f893e8119f3fe435519a0aa668b121f817683dae:refs/remotes/origin/H1276-modulo-observabilidad
handle_failure	Run actions/checkout@v4	2026-02-09T11:46:47.6836408Z From https://github.com/Ka0s-Klaus/ka0s
handle_failure	Run actions/checkout@v4	2026-02-09T11:46:47.6889746Z  * [new ref]         f893e8119f3fe435519a0aa668b121f817683dae -> origin/H1276-modulo-observabilidad
handle_failure	Run actions/checkout@v4	2026-02-09T11:46:47.9198067Z ##[endgroup]
handle_failure	Run actions/checkout@v4	2026-02-09T11:46:47.9259530Z ##[group]Determining the checkout info
handle_failure	Run actions/checkout@v4	2026-02-09T11:46:47.9260042Z ##[endgroup]
handle_failure	Run actions/checkout@v4	2026-02-09T11:46:47.9260386Z [command]/usr/bin/git sparse-checkout disable
handle_failure	Run actions/checkout@v4	2026-02-09T11:46:48.0863228Z [command]/usr/bin/git config --local --unset-all extensions.worktreeConfig
handle_failure	Run actions/checkout@v4	2026-02-09T11:46:48.5334211Z ##[group]Checking out the ref
handle_failure	Run actions/checkout@v4	2026-02-09T11:46:48.5381019Z [command]/usr/bin/git checkout --progress --force -B H1276-modulo-observabilidad refs/remotes/origin/H1276-modulo-observabilidad
handle_failure	Run actions/checkout@v4	2026-02-09T11:46:49.8480923Z Updating files:   9% (85/851)
handle_failure	Run actions/checkout@v4	2026-02-09T11:46:50.1335312Z Updating files:  10% (86/851)
handle_failure	Run actions/checkout@v4	2026-02-09T11:46:50.6396319Z Updating files:  11% (94/851)
handle_failure	Run actions/checkout@v4	2026-02-09T11:46:50.6399602Z Updating files:  12% (103/851)
handle_failure	Run actions/checkout@v4	2026-02-09T11:46:50.6732605Z Updating files:  13% (111/851)
handle_failure	Run actions/checkout@v4	2026-02-09T11:46:50.7521696Z Updating files:  14% (120/851)
handle_failure	Run actions/checkout@v4	2026-02-09T11:46:51.0883695Z Updating files:  15% (128/851)
handle_failure	Run actions/checkout@v4	2026-02-09T11:46:51.0886150Z Updating files:  15% (131/851)
handle_failure	Run actions/checkout@v4	2026-02-09T11:46:51.0886601Z Updating files:  16% (137/851)
handle_failure	Run actions/checkout@v4	2026-02-09T11:46:51.0889989Z Updating files:  17% (145/851)
handle_failure	Run actions/checkout@v4	2026-02-09T11:46:51.0906911Z Updating files:  18% (154/851)
handle_failure	Run actions/checkout@v4	2026-02-09T11:46:51.0907372Z Updating files:  19% (162/851)
handle_failure	Run actions/checkout@v4	2026-02-09T11:46:51.0943229Z Updating files:  20% (171/851)
handle_failure	Run actions/checkout@v4	2026-02-09T11:46:51.0943983Z Updating files:  21% (179/851)
handle_failure	Run actions/checkout@v4	2026-02-09T11:46:51.0944348Z Updating files:  22% (188/851)
handle_failure	Run actions/checkout@v4	2026-02-09T11:46:51.3588278Z Updating files:  23% (196/851)
handle_failure	Run actions/checkout@v4	2026-02-09T11:46:51.5572136Z Updating files:  24% (205/851)
handle_failure	Run actions/checkout@v4	2026-02-09T11:46:52.2168050Z Updating files:  25% (213/851)
handle_failure	Run actions/checkout@v4	2026-02-09T11:46:52.9295483Z Updating files:  25% (214/851)
handle_failure	Run actions/checkout@v4	2026-02-09T11:46:53.6461573Z Updating files:  25% (220/851)
handle_failure	Run actions/checkout@v4	2026-02-09T11:46:53.6461916Z Updating files:  26% (222/851)
handle_failure	Run actions/checkout@v4	2026-02-09T11:46:53.6462314Z Updating files:  27% (230/851)
handle_failure	Run actions/checkout@v4	2026-02-09T11:46:53.6462566Z Updating files:  28% (239/851)
handle_failure	Run actions/checkout@v4	2026-02-09T11:46:53.6462813Z Updating files:  29% (247/851)
handle_failure	Run actions/checkout@v4	2026-02-09T11:46:53.6463085Z Updating files:  30% (256/851)
handle_failure	Run actions/checkout@v4	2026-02-09T11:46:53.6463325Z Updating files:  31% (264/851)
handle_failure	Run actions/checkout@v4	2026-02-09T11:46:53.8624097Z Updating files:  32% (273/851)
handle_failure	Run actions/checkout@v4	2026-02-09T11:46:55.0131791Z Updating files:  32% (274/851)
handle_failure	Run actions/checkout@v4	2026-02-09T11:46:55.9940382Z Updating files:  32% (276/851)
handle_failure	Run actions/checkout@v4	2026-02-09T11:46:55.9940759Z Updating files:  32% (279/851)
handle_failure	Run actions/checkout@v4	2026-02-09T11:46:56.0346838Z Updating files:  33% (281/851)
handle_failure	Run actions/checkout@v4	2026-02-09T11:46:56.3018251Z Updating files:  34% (290/851)
handle_failure	Run actions/checkout@v4	2026-02-09T11:46:56.3287210Z Updating files:  35% (298/851)
handle_failure	Run actions/checkout@v4	2026-02-09T11:46:56.3288272Z Updating files:  36% (307/851)
handle_failure	Run actions/checkout@v4	2026-02-09T11:46:56.3288763Z Updating files:  37% (315/851)
handle_failure	Run actions/checkout@v4	2026-02-09T11:46:56.4364574Z Updating files:  38% (324/851)
handle_failure	Run actions/checkout@v4	2026-02-09T11:46:56.4387693Z Updating files:  39% (332/851)
handle_failure	Run actions/checkout@v4	2026-02-09T11:46:56.4515862Z Updating files:  40% (341/851)
handle_failure	Run actions/checkout@v4	2026-02-09T11:46:56.4516213Z Updating files:  41% (349/851)
handle_failure	Run actions/checkout@v4	2026-02-09T11:46:56.5954526Z Updating files:  42% (358/851)
handle_failure	Run actions/checkout@v4	2026-02-09T11:46:57.7786758Z Updating files:  43% (366/851)
handle_failure	Run actions/checkout@v4	2026-02-09T11:47:01.3824250Z Updating files:  43% (368/851)
handle_failure	Run actions/checkout@v4	2026-02-09T11:47:01.8615048Z Updating files:  43% (369/851)
handle_failure	Run actions/checkout@v4	2026-02-09T11:47:01.8654733Z Updating files:  43% (371/851)
handle_failure	Run actions/checkout@v4	2026-02-09T11:47:01.9272930Z Updating files:  44% (375/851)
handle_failure	Run actions/checkout@v4	2026-02-09T11:47:02.7944829Z Updating files:  45% (383/851)
handle_failure	Run actions/checkout@v4	2026-02-09T11:47:02.8128872Z Updating files:  45% (391/851)
handle_failure	Run actions/checkout@v4	2026-02-09T11:47:03.6596036Z Updating files:  46% (392/851)
handle_failure	Run actions/checkout@v4	2026-02-09T11:47:03.6701679Z Updating files:  47% (400/851)
handle_failure	Run actions/checkout@v4	2026-02-09T11:47:04.1148441Z Updating files:  48% (409/851)
handle_failure	Run actions/checkout@v4	2026-02-09T11:47:04.1215807Z Updating files:  48% (413/851)
handle_failure	Run actions/checkout@v4	2026-02-09T11:47:04.1668821Z Updating files:  49% (417/851)
handle_failure	Run actions/checkout@v4	2026-02-09T11:47:04.3407021Z Updating files:  50% (426/851)
handle_failure	Run actions/checkout@v4	2026-02-09T11:47:04.3785134Z Updating files:  51% (435/851)
handle_failure	Run actions/checkout@v4	2026-02-09T11:47:04.3789151Z Updating files:  52% (443/851)
handle_failure	Run actions/checkout@v4	2026-02-09T11:47:04.3849157Z Updating files:  53% (452/851)
handle_failure	Run actions/checkout@v4	2026-02-09T11:47:04.3947302Z Updating files:  54% (460/851)
handle_failure	Run actions/checkout@v4	2026-02-09T11:47:04.4028194Z Updating files:  55% (469/851)
handle_failure	Run actions/checkout@v4	2026-02-09T11:47:04.4168027Z Updating files:  56% (477/851)
handle_failure	Run actions/checkout@v4	2026-02-09T11:47:04.4168694Z Updating files:  57% (486/851)
handle_failure	Run actions/checkout@v4	2026-02-09T11:47:05.2371609Z Updating files:  58% (494/851)
handle_failure	Run actions/checkout@v4	2026-02-09T11:47:06.8188111Z Updating files:  59% (503/851)
handle_failure	Run actions/checkout@v4	2026-02-09T11:47:06.8409051Z Updating files:  59% (508/851)
handle_failure	Run actions/checkout@v4	2026-02-09T11:47:06.8592120Z Updating files:  60% (511/851)
handle_failure	Run actions/checkout@v4	2026-02-09T11:47:07.1341625Z Updating files:  61% (520/851)
handle_failure	Run actions/checkout@v4	2026-02-09T11:47:07.4127152Z Updating files:  62% (528/851)
handle_failure	Run actions/checkout@v4	2026-02-09T11:47:07.8051908Z Updating files:  63% (537/851)
handle_failure	Run actions/checkout@v4	2026-02-09T11:47:07.9064952Z Updating files:  63% (544/851)
handle_failure	Run actions/checkout@v4	2026-02-09T11:47:07.9769008Z Updating files:  64% (545/851)
handle_failure	Run actions/checkout@v4	2026-02-09T11:47:08.2021347Z Updating files:  65% (554/851)
handle_failure	Run actions/checkout@v4	2026-02-09T11:47:08.2082270Z Updating files:  66% (562/851)
handle_failure	Run actions/checkout@v4	2026-02-09T11:47:08.2570740Z Updating files:  67% (571/851)
handle_failure	Run actions/checkout@v4	2026-02-09T11:47:08.2571821Z Updating files:  68% (579/851)
handle_failure	Run actions/checkout@v4	2026-02-09T11:47:08.4184582Z Updating files:  69% (588/851)
handle_failure	Run actions/checkout@v4	2026-02-09T11:47:08.4501094Z Updating files:  70% (596/851)
handle_failure	Run actions/checkout@v4	2026-02-09T11:47:08.4512800Z Updating files:  71% (605/851)
handle_failure	Run actions/checkout@v4	2026-02-09T11:47:09.0005341Z Updating files:  72% (613/851)
handle_failure	Run actions/checkout@v4	2026-02-09T11:47:09.0076713Z Updating files:  72% (620/851)
handle_failure	Run actions/checkout@v4	2026-02-09T11:47:09.1602841Z Updating files:  73% (622/851)
handle_failure	Run actions/checkout@v4	2026-02-09T11:47:09.9260896Z Updating files:  74% (630/851)
handle_failure	Run actions/checkout@v4	2026-02-09T11:47:10.0712522Z Updating files:  74% (638/851)
handle_failure	Run actions/checkout@v4	2026-02-09T11:47:11.6841430Z Updating files:  75% (639/851)
handle_failure	Run actions/checkout@v4	2026-02-09T11:47:12.9919092Z Updating files:  75% (641/851)
handle_failure	Run actions/checkout@v4	2026-02-09T11:47:13.4863213Z Updating files:  75% (643/851)
handle_failure	Run actions/checkout@v4	2026-02-09T11:47:14.0523947Z Updating files:  76% (647/851)
handle_failure	Run actions/checkout@v4	2026-02-09T11:47:14.8675362Z Updating files:  76% (651/851)
handle_failure	Run actions/checkout@v4	2026-02-09T11:47:15.3292051Z Updating files:  76% (654/851)
handle_failure	Run actions/checkout@v4	2026-02-09T11:47:15.7881640Z Updating files:  77% (656/851)
handle_failure	Run actions/checkout@v4	2026-02-09T11:47:16.2803918Z Updating files:  77% (663/851)
handle_failure	Run actions/checkout@v4	2026-02-09T11:47:18.0816364Z Updating files:  78% (664/851)
handle_failure	Run actions/checkout@v4	2026-02-09T11:47:19.0313406Z Updating files:  78% (666/851)
handle_failure	Run actions/checkout@v4	2026-02-09T11:47:21.7997039Z Updating files:  78% (667/851)
handle_failure	Run actions/checkout@v4	2026-02-09T11:47:24.3088331Z Updating files:  78% (668/851)
handle_failure	Run actions/checkout@v4	2026-02-09T11:47:24.9152906Z Updating files:  78% (671/851)
handle_failure	Run actions/checkout@v4	2026-02-09T11:47:26.3214823Z Updating files:  79% (673/851)
handle_failure	Run actions/checkout@v4	2026-02-09T11:47:28.6602736Z Updating files:  79% (675/851)
handle_failure	Run actions/checkout@v4	2026-02-09T11:47:29.3592719Z Updating files:  79% (677/851)
handle_failure	Run actions/checkout@v4	2026-02-09T11:47:30.0551563Z Updating files:  79% (678/851)
handle_failure	Run actions/checkout@v4	2026-02-09T11:47:31.4818979Z Updating files:  79% (680/851)
handle_failure	Run actions/checkout@v4	2026-02-09T11:47:32.9447732Z Updating files:  80% (681/851)
handle_failure	Run actions/checkout@v4	2026-02-09T11:47:35.1210917Z Updating files:  80% (682/851)
handle_failure	Run actions/checkout@v4	2026-02-09T11:47:36.0106021Z Updating files:  80% (683/851)
handle_failure	Run actions/checkout@v4	2026-02-09T11:47:36.9993920Z Updating files:  80% (684/851)
handle_failure	Run actions/checkout@v4	2026-02-09T11:47:38.6083670Z Updating files:  80% (686/851)
handle_failure	Run actions/checkout@v4	2026-02-09T11:47:38.6146354Z Updating files:  80% (689/851)
handle_failure	Run actions/checkout@v4	2026-02-09T11:47:39.6305697Z Updating files:  81% (690/851)
handle_failure	Run actions/checkout@v4	2026-02-09T11:47:40.3196730Z Updating files:  81% (695/851)
handle_failure	Run actions/checkout@v4	2026-02-09T11:47:41.4752306Z Updating files:  81% (696/851)
handle_failure	Run actions/checkout@v4	2026-02-09T11:47:43.0289248Z Updating files:  81% (697/851)
handle_failure	Run actions/checkout@v4	2026-02-09T11:47:44.1823429Z Updating files:  82% (698/851)
handle_failure	Run actions/checkout@v4	2026-02-09T11:47:44.8422002Z Updating files:  82% (706/851)
handle_failure	Run actions/checkout@v4	2026-02-09T11:47:46.2367755Z Updating files:  83% (707/851)
handle_failure	Run actions/checkout@v4	2026-02-09T11:47:47.1506210Z Updating files:  83% (711/851)
handle_failure	Run actions/checkout@v4	2026-02-09T11:47:48.0138685Z Updating files:  83% (713/851)
handle_failure	Run actions/checkout@v4	2026-02-09T11:47:48.8759576Z Updating files:  84% (715/851)
handle_failure	Run actions/checkout@v4	2026-02-09T11:47:50.8597291Z Updating files:  84% (716/851)
handle_failure	Run actions/checkout@v4	2026-02-09T11:47:52.8489355Z Updating files:  84% (718/851)
handle_failure	Run actions/checkout@v4	2026-02-09T11:47:53.8803379Z Updating files:  84% (720/851)
handle_failure	Run actions/checkout@v4	2026-02-09T11:47:55.0217454Z Updating files:  84% (722/851)
handle_failure	Run actions/checkout@v4	2026-02-09T11:47:59.1930407Z Updating files:  85% (724/851)
handle_failure	Run actions/checkout@v4	2026-02-09T11:48:00.1574741Z Updating files:  85% (725/851)
handle_failure	Run actions/checkout@v4	2026-02-09T11:48:01.0157312Z Updating files:  85% (726/851)
handle_failure	Run actions/checkout@v4	2026-02-09T11:48:01.0157726Z Updating files:  85% (727/851)
handle_failure	Run actions/checkout@v4	2026-02-09T11:48:01.0157986Z Updating files:  86% (732/851)
handle_failure	Run actions/checkout@v4	2026-02-09T11:48:01.0158229Z Updating files:  87% (741/851)
handle_failure	Run actions/checkout@v4	2026-02-09T11:48:01.0961976Z Updating files:  88% (749/851)
handle_failure	Run actions/checkout@v4	2026-02-09T11:48:01.1001388Z Updating files:  89% (758/851)
handle_failure	Run actions/checkout@v4	2026-02-09T11:48:01.1021644Z Updating files:  90% (766/851)
handle_failure	Run actions/checkout@v4	2026-02-09T11:48:01.1212175Z Updating files:  91% (775/851)
handle_failure	Run actions/checkout@v4	2026-02-09T11:48:02.7468213Z Updating files:  92% (783/851)
handle_failure	Run actions/checkout@v4	2026-02-09T11:48:02.7584190Z Updating files:  92% (785/851)
handle_failure	Run actions/checkout@v4	2026-02-09T11:48:02.7591016Z Updating files:  93% (792/851)
handle_failure	Run actions/checkout@v4	2026-02-09T11:48:02.7591678Z Updating files:  94% (800/851)
handle_failure	Run actions/checkout@v4	2026-02-09T11:48:02.7667335Z Updating files:  95% (809/851)
handle_failure	Run actions/checkout@v4	2026-02-09T11:48:02.7712293Z Updating files:  95% (810/851)
handle_failure	Run actions/checkout@v4	2026-02-09T11:48:02.7755015Z Updating files:  96% (817/851)
handle_failure	Run actions/checkout@v4	2026-02-09T11:48:02.7790799Z Updating files:  97% (826/851)
handle_failure	Run actions/checkout@v4	2026-02-09T11:48:02.7850459Z Updating files:  98% (834/851)
handle_failure	Run actions/checkout@v4	2026-02-09T11:48:02.7883462Z Updating files:  99% (843/851)
handle_failure	Run actions/checkout@v4	2026-02-09T11:48:02.7898211Z Updating files: 100% (851/851)
handle_failure	Run actions/checkout@v4	2026-02-09T11:48:02.7908824Z Updating files: 100% (851/851), done.
handle_failure	Run actions/checkout@v4	2026-02-09T11:48:02.9830716Z Switched to a new branch 'H1276-modulo-observabilidad'
handle_failure	Run actions/checkout@v4	2026-02-09T11:48:02.9975720Z branch 'H1276-modulo-observabilidad' set up to track 'origin/H1276-modulo-observabilidad'.
handle_failure	Run actions/checkout@v4	2026-02-09T11:48:03.3524649Z ##[endgroup]
handle_failure	Run actions/checkout@v4	2026-02-09T11:48:03.5906827Z [command]/usr/bin/git log -1 --format=%H
handle_failure	Run actions/checkout@v4	2026-02-09T11:48:03.6163608Z f893e8119f3fe435519a0aa668b121f817683dae
handle_failure	Run /./.github/actions/install-gh-cli	﻿2026-02-09T11:48:06.1257815Z Prepare all required actions
handle_failure	Run /./.github/actions/install-gh-cli	2026-02-09T11:48:06.6671761Z ##[group]Run ./.github/actions/install-gh-cli
handle_failure	Run /./.github/actions/install-gh-cli	2026-02-09T11:48:06.6672148Z env:
handle_failure	Run /./.github/actions/install-gh-cli	2026-02-09T11:48:06.6672372Z   KAOS_MODULE: [Ka0S] YAMLLINT
handle_failure	Run /./.github/actions/install-gh-cli	2026-02-09T11:48:06.6672967Z   GH_TOKEN: ***
handle_failure	Run /./.github/actions/install-gh-cli	2026-02-09T11:48:06.6673277Z   KAOS_YAMLLINT_CONFIG: core/config/kaos-yamllint-config.yaml
handle_failure	Run /./.github/actions/install-gh-cli	2026-02-09T11:48:06.6673702Z   KAOS_PRETTIER_CONFIG: compliance/yaml/.prettierrc.json
handle_failure	Run /./.github/actions/install-gh-cli	2026-02-09T11:48:06.6674064Z   KAOS_PATH_RESUME: audit/yamllint/
handle_failure	Run /./.github/actions/install-gh-cli	2026-02-09T11:48:06.6674900Z   KAOS_REPO: /actions-runner/_work/kaos/kaos
handle_failure	Run /./.github/actions/install-gh-cli	2026-02-09T11:48:06.6675188Z   KAOS_STEP_MODULE: 
handle_failure	Run /./.github/actions/install-gh-cli	2026-02-09T11:48:06.6675408Z   KAOS_CODE: 21822525477
handle_failure	Run /./.github/actions/install-gh-cli	2026-02-09T11:48:06.6675636Z   KAOS_REF_BRANCH: main
handle_failure	Run /./.github/actions/install-gh-cli	2026-02-09T11:48:06.6675851Z ##[endgroup]
handle_failure	Run /./.github/actions/install-gh-cli	2026-02-09T11:48:07.8675424Z ##[group]Run type -p curl >/dev/null || (sudo apt-get update && sudo apt-get install curl -y)
handle_failure	Run /./.github/actions/install-gh-cli	2026-02-09T11:48:07.8676241Z [36;1mtype -p curl >/dev/null || (sudo apt-get update && sudo apt-get install curl -y)[0m
handle_failure	Run /./.github/actions/install-gh-cli	2026-02-09T11:48:07.8677232Z [36;1mcurl -fsSL https://cli.github.com/packages/githubcli-archive-keyring.gpg | sudo dd of=/usr/share/keyrings/githubcli-archive-keyring.gpg \[0m
handle_failure	Run /./.github/actions/install-gh-cli	2026-02-09T11:48:07.8678081Z [36;1m&& sudo chmod go+r /usr/share/keyrings/githubcli-archive-keyring.gpg \[0m
handle_failure	Run /./.github/actions/install-gh-cli	2026-02-09T11:48:07.8679214Z [36;1m&& echo "deb [arch=$(dpkg --print-architecture) signed-by=/usr/share/keyrings/githubcli-archive-keyring.gpg] https://cli.github.com/packages stable main" | sudo tee /etc/apt/sources.list.d/github-cli.list > /dev/null \[0m
handle_failure	Run /./.github/actions/install-gh-cli	2026-02-09T11:48:07.8680949Z [36;1m&& sudo apt-get update \[0m
handle_failure	Run /./.github/actions/install-gh-cli	2026-02-09T11:48:07.8681270Z [36;1m&& sudo apt-get install gh -y[0m
handle_failure	Run /./.github/actions/install-gh-cli	2026-02-09T11:48:07.8775613Z shell: /usr/bin/bash --noprofile --norc -e -o pipefail {0}
handle_failure	Run /./.github/actions/install-gh-cli	2026-02-09T11:48:07.8776094Z env:
handle_failure	Run /./.github/actions/install-gh-cli	2026-02-09T11:48:07.8776329Z   KAOS_MODULE: [Ka0S] YAMLLINT
handle_failure	Run /./.github/actions/install-gh-cli	2026-02-09T11:48:07.8776911Z   GH_TOKEN: ***
handle_failure	Run /./.github/actions/install-gh-cli	2026-02-09T11:48:07.8777230Z   KAOS_YAMLLINT_CONFIG: core/config/kaos-yamllint-config.yaml
handle_failure	Run /./.github/actions/install-gh-cli	2026-02-09T11:48:07.8777673Z   KAOS_PRETTIER_CONFIG: compliance/yaml/.prettierrc.json
handle_failure	Run /./.github/actions/install-gh-cli	2026-02-09T11:48:07.8778070Z   KAOS_PATH_RESUME: audit/yamllint/
handle_failure	Run /./.github/actions/install-gh-cli	2026-02-09T11:48:07.8778374Z   KAOS_REPO: /actions-runner/_work/kaos/kaos
handle_failure	Run /./.github/actions/install-gh-cli	2026-02-09T11:48:07.8778665Z   KAOS_STEP_MODULE: 
handle_failure	Run /./.github/actions/install-gh-cli	2026-02-09T11:48:07.8778886Z   KAOS_CODE: 21822525477
handle_failure	Run /./.github/actions/install-gh-cli	2026-02-09T11:48:07.8779112Z   KAOS_REF_BRANCH: main
handle_failure	Run /./.github/actions/install-gh-cli	2026-02-09T11:48:07.8779332Z ##[endgroup]
handle_failure	Run /./.github/actions/install-gh-cli	2026-02-09T11:48:31.8986604Z 4+1 records in
handle_failure	Run /./.github/actions/install-gh-cli	2026-02-09T11:48:31.9014168Z 4+1 records out
handle_failure	Run /./.github/actions/install-gh-cli	2026-02-09T11:48:31.9045348Z 2270 bytes (2.3 kB, 2.2 KiB) copied, 0.00420913 s, 539 kB/s
handle_failure	Run /./.github/actions/install-gh-cli	2026-02-09T11:48:50.8207524Z Get:1 https://cli.github.com/packages stable InRelease [3917 B]
handle_failure	Run /./.github/actions/install-gh-cli	2026-02-09T11:48:52.6573903Z Get:2 https://ppa.launchpadcontent.net/git-core/ppa/ubuntu noble InRelease [24.3 kB]
handle_failure	Run /./.github/actions/install-gh-cli	2026-02-09T11:48:52.6578196Z Get:3 http://archive.ubuntu.com/ubuntu noble InRelease [256 kB]
handle_failure	Run /./.github/actions/install-gh-cli	2026-02-09T11:48:52.6595538Z Get:4 http://archive.ubuntu.com/ubuntu noble-updates InRelease [126 kB]
handle_failure	Run /./.github/actions/install-gh-cli	2026-02-09T11:48:52.6596438Z Get:5 http://archive.ubuntu.com/ubuntu noble-backports InRelease [126 kB]
handle_failure	Run /./.github/actions/install-gh-cli	2026-02-09T11:48:52.6651600Z Get:6 http://security.ubuntu.com/ubuntu noble-security InRelease [126 kB]
handle_failure	Run /./.github/actions/install-gh-cli	2026-02-09T11:49:18.6704797Z Get:7 https://cli.github.com/packages stable/main amd64 Packages [356 B]
handle_failure	Run /./.github/actions/install-gh-cli	2026-02-09T11:49:48.1931573Z Get:8 https://ppa.launchpadcontent.net/git-core/ppa/ubuntu noble/main amd64 Packages [2994 B]
handle_failure	Run /./.github/actions/install-gh-cli	2026-02-09T11:50:04.9627402Z Get:9 http://archive.ubuntu.com/ubuntu noble/restricted amd64 Packages [117 kB]
handle_failure	Run /./.github/actions/install-gh-cli	2026-02-09T11:50:06.4307934Z Get:10 http://archive.ubuntu.com/ubuntu noble/universe amd64 Packages [19.3 MB]
handle_failure	Run /./.github/actions/install-gh-cli	2026-02-09T11:50:12.7872300Z Get:11 http://archive.ubuntu.com/ubuntu noble/main amd64 Packages [1808 kB]
handle_failure	Run /./.github/actions/install-gh-cli	2026-02-09T11:50:12.8756391Z Get:12 http://archive.ubuntu.com/ubuntu noble/multiverse amd64 Packages [331 kB]
handle_failure	Run /./.github/actions/install-gh-cli	2026-02-09T11:50:22.5737243Z Get:13 http://archive.ubuntu.com/ubuntu noble-updates/universe amd64 Packages [1978 kB]
handle_failure	Run /./.github/actions/install-gh-cli	2026-02-09T11:50:23.7371261Z Get:14 http://archive.ubuntu.com/ubuntu noble-updates/multiverse amd64 Packages [38.1 kB]
handle_failure	Run /./.github/actions/install-gh-cli	2026-02-09T11:50:23.8852273Z Get:15 http://archive.ubuntu.com/ubuntu noble-updates/restricted amd64 Packages [3287 kB]
handle_failure	Run /./.github/actions/install-gh-cli	2026-02-09T11:50:25.1556087Z Get:16 http://archive.ubuntu.com/ubuntu noble-updates/main amd64 Packages [2201 kB]
handle_failure	Run /./.github/actions/install-gh-cli	2026-02-09T11:51:24.3804790Z Get:17 http://archive.ubuntu.com/ubuntu noble-backports/universe amd64 Packages [34.6 kB]
handle_failure	Run /./.github/actions/install-gh-cli	2026-02-09T11:51:24.4488101Z Get:18 http://archive.ubuntu.com/ubuntu noble-backports/main amd64 Packages [49.5 kB]
handle_failure	Run /./.github/actions/install-gh-cli	2026-02-09T11:51:52.0062285Z Get:19 http://security.ubuntu.com/ubuntu noble-security/multiverse amd64 Packages [34.8 kB]
handle_failure	Run /./.github/actions/install-gh-cli	2026-02-09T11:51:52.0711235Z Get:20 http://security.ubuntu.com/ubuntu noble-security/main amd64 Packages [1822 kB]
handle_failure	Run /./.github/actions/install-gh-cli	2026-02-09T11:51:52.4855843Z Get:21 http://security.ubuntu.com/ubuntu noble-security/restricted amd64 Packages [3106 kB]
handle_failure	Run /./.github/actions/install-gh-cli	2026-02-09T11:51:52.9474561Z Get:22 http://security.ubuntu.com/ubuntu noble-security/universe amd64 Packages [1199 kB]
handle_failure	Run /./.github/actions/install-gh-cli	2026-02-09T11:52:02.4441099Z Fetched 36.0 MB in 3min 5s (195 kB/s)
handle_failure	Run /./.github/actions/install-gh-cli	2026-02-09T11:52:06.3543913Z Reading package lists...
handle_failure	Run /./.github/actions/install-gh-cli	2026-02-09T11:52:12.5959528Z Reading package lists...
handle_failure	Run /./.github/actions/install-gh-cli	2026-02-09T11:52:14.5867824Z Building dependency tree...
handle_failure	Run /./.github/actions/install-gh-cli	2026-02-09T11:52:14.5870931Z Reading state information...
handle_failure	Run /./.github/actions/install-gh-cli	2026-02-09T11:52:17.0835527Z The following NEW packages will be installed:
handle_failure	Run /./.github/actions/install-gh-cli	2026-02-09T11:52:17.0961131Z   gh
handle_failure	Run /./.github/actions/install-gh-cli	2026-02-09T11:52:20.4640686Z 0 upgraded, 1 newly installed, 0 to remove and 18 not upgraded.
handle_failure	Run /./.github/actions/install-gh-cli	2026-02-09T11:52:20.4642374Z Need to get 13.7 MB of archives.
handle_failure	Run /./.github/actions/install-gh-cli	2026-02-09T11:52:20.4710606Z After this operation, 37.9 MB of additional disk space will be used.
handle_failure	Run /./.github/actions/install-gh-cli	2026-02-09T11:52:20.4711306Z Get:1 https://cli.github.com/packages stable/main amd64 gh amd64 2.86.0 [13.7 MB]
handle_failure	Run /./.github/actions/install-gh-cli	2026-02-09T11:52:26.4561760Z debconf: delaying package configuration, since apt-utils is not installed
handle_failure	Run /./.github/actions/install-gh-cli	2026-02-09T11:52:28.7792578Z Fetched 13.7 MB in 6s (2418 kB/s)
handle_failure	Run /./.github/actions/install-gh-cli	2026-02-09T11:52:32.4600355Z Selecting previously unselected package gh.
handle_failure	Run /./.github/actions/install-gh-cli	2026-02-09T11:52:32.4646438Z (Reading database ... 
handle_failure	Run /./.github/actions/install-gh-cli	2026-02-09T11:52:32.4647092Z (Reading database ... 5%
handle_failure	Run /./.github/actions/install-gh-cli	2026-02-09T11:52:32.4649220Z (Reading database ... 10%
handle_failure	Run /./.github/actions/install-gh-cli	2026-02-09T11:52:32.4661015Z (Reading database ... 15%
handle_failure	Run /./.github/actions/install-gh-cli	2026-02-09T11:52:32.4661296Z (Reading database ... 20%
handle_failure	Run /./.github/actions/install-gh-cli	2026-02-09T11:52:32.4661538Z (Reading database ... 25%
handle_failure	Run /./.github/actions/install-gh-cli	2026-02-09T11:52:32.4661771Z (Reading database ... 30%
handle_failure	Run /./.github/actions/install-gh-cli	2026-02-09T11:52:32.4662002Z (Reading database ... 35%
handle_failure	Run /./.github/actions/install-gh-cli	2026-02-09T11:52:32.4662239Z (Reading database ... 40%
handle_failure	Run /./.github/actions/install-gh-cli	2026-02-09T11:52:32.4662469Z (Reading database ... 45%
handle_failure	Run /./.github/actions/install-gh-cli	2026-02-09T11:52:32.4662731Z (Reading database ... 50%
handle_failure	Run /./.github/actions/install-gh-cli	2026-02-09T11:52:32.4662968Z (Reading database ... 55%
handle_failure	Run /./.github/actions/install-gh-cli	2026-02-09T11:52:32.4663201Z (Reading database ... 60%
handle_failure	Run /./.github/actions/install-gh-cli	2026-02-09T11:52:32.4663434Z (Reading database ... 65%
handle_failure	Run /./.github/actions/install-gh-cli	2026-02-09T11:52:32.4764133Z (Reading database ... 70%
handle_failure	Run /./.github/actions/install-gh-cli	2026-02-09T11:52:32.4788607Z (Reading database ... 75%
handle_failure	Run /./.github/actions/install-gh-cli	2026-02-09T11:52:32.4969822Z (Reading database ... 80%
handle_failure	Run /./.github/actions/install-gh-cli	2026-02-09T11:52:32.4975963Z (Reading database ... 85%
handle_failure	Run /./.github/actions/install-gh-cli	2026-02-09T11:52:32.4994814Z (Reading database ... 90%
handle_failure	Run /./.github/actions/install-gh-cli	2026-02-09T11:52:32.5036507Z (Reading database ... 95%
handle_failure	Run /./.github/actions/install-gh-cli	2026-02-09T11:52:32.5041370Z (Reading database ... 100%
handle_failure	Run /./.github/actions/install-gh-cli	2026-02-09T11:52:32.5054991Z (Reading database ... 14385 files and directories currently installed.)
handle_failure	Run /./.github/actions/install-gh-cli	2026-02-09T11:52:32.5062960Z Preparing to unpack .../archives/gh_2.86.0_amd64.deb ...
handle_failure	Run /./.github/actions/install-gh-cli	2026-02-09T11:52:32.5287154Z Unpacking gh (2.86.0) ...
handle_failure	Run /./.github/actions/install-gh-cli	2026-02-09T11:52:38.4393108Z Setting up gh (2.86.0) ...
handle_failure	Notify Failure	﻿2026-02-09T11:52:42.9451863Z ##[group]Run gh issue create --title "[Ka0S] YAMLLINT Error in 21822525477" --label "bug" --body "Check logs: https://github.com/Ka0s-Klaus/ka0s/actions/runs/21822525477"
handle_failure	Notify Failure	2026-02-09T11:52:42.9453462Z [36;1mgh issue create --title "[Ka0S] YAMLLINT Error in 21822525477" --label "bug" --body "Check logs: https://github.com/Ka0s-Klaus/ka0s/actions/runs/21822525477"[0m
handle_failure	Notify Failure	2026-02-09T11:52:42.9454350Z [36;1mRNNUMBER=$(echo "refs/heads/H1276-modulo-observabilidad" | grep -o '[0-9]*')[0m
handle_failure	Notify Failure	2026-02-09T11:52:42.9455013Z [36;1mgh issue comment $RNNUMBER --body "❌ El proceso de Compliance YAML ha fallado 21822525477."[0m
handle_failure	Notify Failure	2026-02-09T11:52:43.0109537Z shell: /usr/bin/bash -e {0}
handle_failure	Notify Failure	2026-02-09T11:52:43.0109907Z env:
handle_failure	Notify Failure	2026-02-09T11:52:43.0110177Z   KAOS_MODULE: [Ka0S] YAMLLINT
handle_failure	Notify Failure	2026-02-09T11:52:43.0110772Z   GH_TOKEN: ***
handle_failure	Notify Failure	2026-02-09T11:52:43.0111075Z   KAOS_YAMLLINT_CONFIG: core/config/kaos-yamllint-config.yaml
handle_failure	Notify Failure	2026-02-09T11:52:43.0111502Z   KAOS_PRETTIER_CONFIG: compliance/yaml/.prettierrc.json
handle_failure	Notify Failure	2026-02-09T11:52:43.0111854Z   KAOS_PATH_RESUME: audit/yamllint/
handle_failure	Notify Failure	2026-02-09T11:52:43.0112239Z   KAOS_REPO: /actions-runner/_work/kaos/kaos
handle_failure	Notify Failure	2026-02-09T11:52:43.0113035Z   KAOS_STEP_MODULE: 
handle_failure	Notify Failure	2026-02-09T11:52:43.0113257Z   KAOS_CODE: 21822525477
handle_failure	Notify Failure	2026-02-09T11:52:43.0113479Z   KAOS_REF_BRANCH: main
handle_failure	Notify Failure	2026-02-09T11:52:43.0113703Z ##[endgroup]
handle_failure	Notify Failure	2026-02-09T11:52:47.6684577Z https://github.com/Ka0s-Klaus/ka0s/issues/3375
handle_failure	Notify Failure	2026-02-09T11:52:51.6425114Z https://github.com/Ka0s-Klaus/ka0s/issues/1276#issuecomment-3871271082
handle_failure	Post Run actions/checkout@v4	﻿2026-02-09T11:52:54.7537353Z Post job cleanup.
handle_failure	Post Run actions/checkout@v4	2026-02-09T11:52:56.6225572Z [command]/usr/bin/git version
handle_failure	Post Run actions/checkout@v4	2026-02-09T11:52:56.7451966Z git version 2.52.0
handle_failure	Post Run actions/checkout@v4	2026-02-09T11:52:56.8454954Z Temporarily overriding HOME='/home/runner/_work/_temp/5438774d-58b4-4f80-891c-0245c9d32271' before making global git config changes
handle_failure	Post Run actions/checkout@v4	2026-02-09T11:52:56.8590014Z Adding repository directory to the temporary git global config as a safe directory
handle_failure	Post Run actions/checkout@v4	2026-02-09T11:52:56.8674914Z [command]/usr/bin/git config --global --add safe.directory /home/runner/_work/ka0s/ka0s
handle_failure	Post Run actions/checkout@v4	2026-02-09T11:52:57.2414101Z [command]/usr/bin/git config --local --name-only --get-regexp core\.sshCommand
handle_failure	Post Run actions/checkout@v4	2026-02-09T11:52:57.5552257Z [command]/usr/bin/git submodule foreach --recursive sh -c "git config --local --name-only --get-regexp 'core\.sshCommand' && git config --local --unset-all 'core.sshCommand' || :"
handle_failure	Post Run actions/checkout@v4	2026-02-09T11:52:57.8541383Z [command]/usr/bin/git config --local --name-only --get-regexp http\.https\:\/\/github\.com\/\.extraheader
handle_failure	Post Run actions/checkout@v4	2026-02-09T11:52:57.9101316Z http.https://github.com/.extraheader
handle_failure	Post Run actions/checkout@v4	2026-02-09T11:52:58.0836629Z [command]/usr/bin/git config --local --unset-all http.https://github.com/.extraheader
handle_failure	Post Run actions/checkout@v4	2026-02-09T11:52:58.4064113Z [command]/usr/bin/git submodule foreach --recursive sh -c "git config --local --name-only --get-regexp 'http\.https\:\/\/github\.com\/\.extraheader' && git config --local --unset-all 'http.https://github.com/.extraheader' || :"
handle_failure	Post Run actions/checkout@v4	2026-02-09T11:52:59.0674408Z [command]/usr/bin/git config --local --name-only --get-regexp ^includeIf\.gitdir:
handle_failure	Post Run actions/checkout@v4	2026-02-09T11:52:59.0966933Z [command]/usr/bin/git submodule foreach --recursive git config --local --show-origin --name-only --get-regexp remote.origin.url
handle_failure	Complete job	﻿2026-02-09T11:53:00.1936110Z Cleaning up orphan processes
end-workflow	Set up job	﻿2026-02-09T12:01:50.9555920Z Current runner version: '2.331.0'
end-workflow	Set up job	2026-02-09T12:01:51.0183237Z Runner name: 'swarm-runners-scaleset-hkss5-runner-7mc6w'
end-workflow	Set up job	2026-02-09T12:01:51.0184289Z Runner group name: 'Default'
end-workflow	Set up job	2026-02-09T12:01:51.0185334Z Machine name: 'swarm-runners-scaleset-hkss5-runner-7mc6w'
end-workflow	Set up job	2026-02-09T12:01:51.0189195Z ##[group]GITHUB_TOKEN Permissions
end-workflow	Set up job	2026-02-09T12:01:51.4533993Z Actions: write
end-workflow	Set up job	2026-02-09T12:01:51.4535121Z Contents: write
end-workflow	Set up job	2026-02-09T12:01:51.4535578Z Issues: write
end-workflow	Set up job	2026-02-09T12:01:51.4536034Z Metadata: read
end-workflow	Set up job	2026-02-09T12:01:51.4536510Z PullRequests: write
end-workflow	Set up job	2026-02-09T12:01:51.4536981Z ##[endgroup]
end-workflow	Set up job	2026-02-09T12:01:51.4539656Z Secret source: Actions
end-workflow	Set up job	2026-02-09T12:01:51.4540891Z Prepare workflow directory
end-workflow	Set up job	2026-02-09T12:01:55.3823914Z Prepare all required actions
end-workflow	Set up job	2026-02-09T12:01:55.3894674Z Getting action download info
end-workflow	Set up job	2026-02-09T12:01:56.1685313Z Download action repository 'actions/checkout@v4' (SHA:34e114876b0b11c390a56381ad16ebd13914f8d5)
end-workflow	Set up job	2026-02-09T12:02:13.9112894Z Complete job name: end-workflow
end-workflow	Run actions/checkout@v4	﻿2026-02-09T12:02:18.5181030Z ##[group]Run actions/checkout@v4
end-workflow	Run actions/checkout@v4	2026-02-09T12:02:18.5183933Z with:
end-workflow	Run actions/checkout@v4	2026-02-09T12:02:18.5184573Z   repository: Ka0s-Klaus/ka0s
end-workflow	Run actions/checkout@v4	2026-02-09T12:02:18.5185558Z   token: ***
end-workflow	Run actions/checkout@v4	2026-02-09T12:02:18.5186101Z   ssh-strict: true
end-workflow	Run actions/checkout@v4	2026-02-09T12:02:18.5186640Z   ssh-user: git
end-workflow	Run actions/checkout@v4	2026-02-09T12:02:18.5187212Z   persist-credentials: true
end-workflow	Run actions/checkout@v4	2026-02-09T12:02:18.5187827Z   clean: true
end-workflow	Run actions/checkout@v4	2026-02-09T12:02:18.5188383Z   sparse-checkout-cone-mode: true
end-workflow	Run actions/checkout@v4	2026-02-09T12:02:18.5189039Z   fetch-depth: 1
end-workflow	Run actions/checkout@v4	2026-02-09T12:02:18.5189570Z   fetch-tags: false
end-workflow	Run actions/checkout@v4	2026-02-09T12:02:18.5190244Z   show-progress: true
end-workflow	Run actions/checkout@v4	2026-02-09T12:02:18.5190835Z   lfs: false
end-workflow	Run actions/checkout@v4	2026-02-09T12:02:18.5191361Z   submodules: false
end-workflow	Run actions/checkout@v4	2026-02-09T12:02:18.5191942Z   set-safe-directory: true
end-workflow	Run actions/checkout@v4	2026-02-09T12:02:18.5193048Z env:
end-workflow	Run actions/checkout@v4	2026-02-09T12:02:18.5193600Z   KAOS_MODULE: [Ka0S] YAMLLINT
end-workflow	Run actions/checkout@v4	2026-02-09T12:02:18.5194440Z   GH_TOKEN: ***
end-workflow	Run actions/checkout@v4	2026-02-09T12:02:18.5195126Z   KAOS_YAMLLINT_CONFIG: core/config/kaos-yamllint-config.yaml
end-workflow	Run actions/checkout@v4	2026-02-09T12:02:18.5196034Z   KAOS_PRETTIER_CONFIG: compliance/yaml/.prettierrc.json
end-workflow	Run actions/checkout@v4	2026-02-09T12:02:18.5196915Z   KAOS_PATH_RESUME: audit/yamllint/
end-workflow	Run actions/checkout@v4	2026-02-09T12:02:18.5197609Z   KAOS_REPO: /actions-runner/_work/kaos/kaos
end-workflow	Run actions/checkout@v4	2026-02-09T12:02:18.5198292Z   KAOS_STEP_MODULE: 
end-workflow	Run actions/checkout@v4	2026-02-09T12:02:18.5198847Z   KAOS_CODE: 21822525477
end-workflow	Run actions/checkout@v4	2026-02-09T12:02:18.5199435Z   KAOS_REF_BRANCH: main
end-workflow	Run actions/checkout@v4	2026-02-09T12:02:18.5200039Z ##[endgroup]
end-workflow	Run actions/checkout@v4	2026-02-09T12:02:22.6911214Z Syncing repository: Ka0s-Klaus/ka0s
end-workflow	Run actions/checkout@v4	2026-02-09T12:02:22.6914720Z ##[group]Getting Git version info
end-workflow	Run actions/checkout@v4	2026-02-09T12:02:22.6915804Z Working directory is '/home/runner/_work/ka0s/ka0s'
end-workflow	Run actions/checkout@v4	2026-02-09T12:02:23.2473190Z [command]/usr/bin/git version
end-workflow	Run actions/checkout@v4	2026-02-09T12:02:25.1581644Z git version 2.52.0
end-workflow	Run actions/checkout@v4	2026-02-09T12:02:25.8612712Z ##[endgroup]
end-workflow	Run actions/checkout@v4	2026-02-09T12:02:26.7641572Z Temporarily overriding HOME='/home/runner/_work/_temp/da5d58a9-ae19-4a04-8c04-5a843bec224b' before making global git config changes
end-workflow	Run actions/checkout@v4	2026-02-09T12:02:26.7644607Z Adding repository directory to the temporary git global config as a safe directory
end-workflow	Run actions/checkout@v4	2026-02-09T12:02:26.7932523Z [command]/usr/bin/git config --global --add safe.directory /home/runner/_work/ka0s/ka0s
end-workflow	Run actions/checkout@v4	2026-02-09T12:02:28.4934203Z Deleting the contents of '/home/runner/_work/ka0s/ka0s'
end-workflow	Run actions/checkout@v4	2026-02-09T12:02:29.0908626Z ##[group]Initializing the repository
end-workflow	Run actions/checkout@v4	2026-02-09T12:02:29.1580858Z [command]/usr/bin/git init /home/runner/_work/ka0s/ka0s
end-workflow	Run actions/checkout@v4	2026-02-09T12:02:33.6681971Z hint: Using 'master' as the name for the initial branch. This default branch name
end-workflow	Run actions/checkout@v4	2026-02-09T12:02:33.6684440Z hint: will change to "main" in Git 3.0. To configure the initial branch name
end-workflow	Run actions/checkout@v4	2026-02-09T12:02:33.6688543Z hint: to use in all of your new repositories, which will suppress this warning,
end-workflow	Run actions/checkout@v4	2026-02-09T12:02:33.6689919Z hint: call:
end-workflow	Run actions/checkout@v4	2026-02-09T12:02:33.6690432Z hint:
end-workflow	Run actions/checkout@v4	2026-02-09T12:02:33.6691110Z hint: 	git config --global init.defaultBranch <name>
end-workflow	Run actions/checkout@v4	2026-02-09T12:02:33.6692105Z hint:
end-workflow	Run actions/checkout@v4	2026-02-09T12:02:33.6693004Z hint: Names commonly chosen instead of 'master' are 'main', 'trunk' and
end-workflow	Run actions/checkout@v4	2026-02-09T12:02:33.6694861Z hint: 'development'. The just-created branch can be renamed via this command:
end-workflow	Run actions/checkout@v4	2026-02-09T12:02:33.6696906Z hint:
end-workflow	Run actions/checkout@v4	2026-02-09T12:02:33.6697386Z hint: 	git branch -m <name>
end-workflow	Run actions/checkout@v4	2026-02-09T12:02:33.6698027Z hint:
end-workflow	Run actions/checkout@v4	2026-02-09T12:02:33.6699121Z hint: Disable this message with "git config set advice.defaultBranchName false"
end-workflow	Run actions/checkout@v4	2026-02-09T12:02:33.7813049Z Initialized empty Git repository in /home/runner/_work/ka0s/ka0s/.git/
end-workflow	Run actions/checkout@v4	2026-02-09T12:02:34.1743595Z [command]/usr/bin/git remote add origin https://github.com/Ka0s-Klaus/ka0s
end-workflow	Run actions/checkout@v4	2026-02-09T12:02:36.9047653Z ##[endgroup]
end-workflow	Run actions/checkout@v4	2026-02-09T12:02:36.9049102Z ##[group]Disabling automatic garbage collection
end-workflow	Run actions/checkout@v4	2026-02-09T12:02:37.2186100Z [command]/usr/bin/git config --local gc.auto 0
end-workflow	Run actions/checkout@v4	2026-02-09T12:02:40.2885494Z ##[endgroup]
end-workflow	Run actions/checkout@v4	2026-02-09T12:02:40.2886570Z ##[group]Setting up auth
end-workflow	Run actions/checkout@v4	2026-02-09T12:02:40.2887917Z [command]/usr/bin/git config --local --name-only --get-regexp core\.sshCommand
end-workflow	Run actions/checkout@v4	2026-02-09T12:02:43.7001681Z [command]/usr/bin/git submodule foreach --recursive sh -c "git config --local --name-only --get-regexp 'core\.sshCommand' && git config --local --unset-all 'core.sshCommand' || :"
end-workflow	Run actions/checkout@v4	2026-02-09T12:03:09.5295140Z [command]/usr/bin/git config --local --name-only --get-regexp http\.https\:\/\/github\.com\/\.extraheader
end-workflow	Run actions/checkout@v4	2026-02-09T12:03:10.8997255Z [command]/usr/bin/git submodule foreach --recursive sh -c "git config --local --name-only --get-regexp 'http\.https\:\/\/github\.com\/\.extraheader' && git config --local --unset-all 'http.https://github.com/.extraheader' || :"
end-workflow	Run actions/checkout@v4	2026-02-09T12:04:02.7918289Z [command]/usr/bin/git config --local --name-only --get-regexp ^includeIf\.gitdir:
end-workflow	Run actions/checkout@v4	2026-02-09T12:04:05.5200822Z [command]/usr/bin/git submodule foreach --recursive git config --local --show-origin --name-only --get-regexp remote.origin.url
end-workflow	Run actions/checkout@v4	2026-02-09T12:04:37.7129062Z [command]/usr/bin/git config --local http.https://github.com/.extraheader AUTHORIZATION: basic ***
end-workflow	Run actions/checkout@v4	2026-02-09T12:04:39.5436756Z ##[endgroup]
end-workflow	Run actions/checkout@v4	2026-02-09T12:04:39.5446834Z ##[group]Fetching the repository
end-workflow	Run actions/checkout@v4	2026-02-09T12:04:39.6202954Z [command]/usr/bin/git -c protocol.version=2 fetch --no-tags --prune --no-recurse-submodules --depth=1 origin +f893e8119f3fe435519a0aa668b121f817683dae:refs/remotes/origin/H1276-modulo-observabilidad
end-workflow	Run actions/checkout@v4	2026-02-09T12:05:19.4042579Z From https://github.com/Ka0s-Klaus/ka0s
end-workflow	Run actions/checkout@v4	2026-02-09T12:05:19.7182615Z  * [new ref]         f893e8119f3fe435519a0aa668b121f817683dae -> origin/H1276-modulo-observabilidad
end-workflow	Run actions/checkout@v4	2026-02-09T12:05:20.1451985Z ##[endgroup]
end-workflow	Run actions/checkout@v4	2026-02-09T12:05:20.1456902Z ##[group]Determining the checkout info
end-workflow	Run actions/checkout@v4	2026-02-09T12:05:20.5461758Z ##[endgroup]
end-workflow	Run actions/checkout@v4	2026-02-09T12:05:20.5604446Z [command]/usr/bin/git sparse-checkout disable
end-workflow	Run actions/checkout@v4	2026-02-09T12:05:21.4215070Z [command]/usr/bin/git config --local --unset-all extensions.worktreeConfig
end-workflow	Run actions/checkout@v4	2026-02-09T12:05:22.0621538Z ##[group]Checking out the ref
end-workflow	Run actions/checkout@v4	2026-02-09T12:05:22.0641600Z [command]/usr/bin/git checkout --progress --force -B H1276-modulo-observabilidad refs/remotes/origin/H1276-modulo-observabilidad
end-workflow	Run actions/checkout@v4	2026-02-09T12:05:24.5495700Z Updating files:  32% (274/851)
end-workflow	Run actions/checkout@v4	2026-02-09T12:05:28.8438526Z Updating files:  32% (275/851)
end-workflow	Run actions/checkout@v4	2026-02-09T12:05:28.9045374Z Updating files:  32% (278/851)
end-workflow	Run actions/checkout@v4	2026-02-09T12:05:28.9045783Z Updating files:  33% (281/851)
end-workflow	Run actions/checkout@v4	2026-02-09T12:05:28.9326162Z Updating files:  34% (290/851)
end-workflow	Run actions/checkout@v4	2026-02-09T12:05:28.9721955Z Updating files:  35% (298/851)
end-workflow	Run actions/checkout@v4	2026-02-09T12:05:28.9726930Z Updating files:  36% (307/851)
end-workflow	Run actions/checkout@v4	2026-02-09T12:05:28.9942860Z Updating files:  37% (315/851)
end-workflow	Run actions/checkout@v4	2026-02-09T12:05:29.0532254Z Updating files:  38% (324/851)
end-workflow	Run actions/checkout@v4	2026-02-09T12:05:29.0745902Z Updating files:  39% (332/851)
end-workflow	Run actions/checkout@v4	2026-02-09T12:05:29.1087455Z Updating files:  40% (341/851)
end-workflow	Run actions/checkout@v4	2026-02-09T12:05:29.1103525Z Updating files:  41% (349/851)
end-workflow	Run actions/checkout@v4	2026-02-09T12:05:29.1591310Z Updating files:  42% (358/851)
end-workflow	Run actions/checkout@v4	2026-02-09T12:05:30.5805444Z Updating files:  43% (366/851)
end-workflow	Run actions/checkout@v4	2026-02-09T12:05:32.6186871Z Updating files:  43% (368/851)
end-workflow	Run actions/checkout@v4	2026-02-09T12:05:32.6711582Z Updating files:  43% (369/851)
end-workflow	Run actions/checkout@v4	2026-02-09T12:05:32.7184925Z Updating files:  44% (375/851)
end-workflow	Run actions/checkout@v4	2026-02-09T12:05:32.9786765Z Updating files:  45% (383/851)
end-workflow	Run actions/checkout@v4	2026-02-09T12:05:33.0761614Z Updating files:  46% (392/851)
end-workflow	Run actions/checkout@v4	2026-02-09T12:05:33.3685996Z Updating files:  47% (400/851)
end-workflow	Run actions/checkout@v4	2026-02-09T12:05:33.5379795Z Updating files:  48% (409/851)
end-workflow	Run actions/checkout@v4	2026-02-09T12:05:33.5835544Z Updating files:  49% (417/851)
end-workflow	Run actions/checkout@v4	2026-02-09T12:05:33.7653291Z Updating files:  50% (426/851)
end-workflow	Run actions/checkout@v4	2026-02-09T12:05:33.7655388Z Updating files:  51% (435/851)
end-workflow	Run actions/checkout@v4	2026-02-09T12:05:36.9794757Z Updating files:  52% (443/851)
end-workflow	Run actions/checkout@v4	2026-02-09T12:05:36.9795206Z Updating files:  52% (451/851)
end-workflow	Run actions/checkout@v4	2026-02-09T12:05:37.4563863Z Updating files:  53% (452/851)
end-workflow	Run actions/checkout@v4	2026-02-09T12:05:37.5171292Z Updating files:  54% (460/851)
end-workflow	Run actions/checkout@v4	2026-02-09T12:05:37.5289570Z Updating files:  54% (461/851)
end-workflow	Run actions/checkout@v4	2026-02-09T12:05:37.5289923Z Updating files:  55% (469/851)
end-workflow	Run actions/checkout@v4	2026-02-09T12:05:37.6812539Z Updating files:  56% (477/851)
end-workflow	Run actions/checkout@v4	2026-02-09T12:05:37.7104487Z Updating files:  57% (486/851)
end-workflow	Run actions/checkout@v4	2026-02-09T12:05:38.5455215Z Updating files:  58% (494/851)
end-workflow	Run actions/checkout@v4	2026-02-09T12:05:40.1798027Z Updating files:  59% (503/851)
end-workflow	Run actions/checkout@v4	2026-02-09T12:05:40.1913439Z Updating files:  59% (508/851)
end-workflow	Run actions/checkout@v4	2026-02-09T12:05:40.2351051Z Updating files:  60% (511/851)
end-workflow	Run actions/checkout@v4	2026-02-09T12:05:40.2358847Z Updating files:  61% (520/851)
end-workflow	Run actions/checkout@v4	2026-02-09T12:05:40.3058401Z Updating files:  62% (528/851)
end-workflow	Run actions/checkout@v4	2026-02-09T12:05:40.3059280Z Updating files:  63% (537/851)
end-workflow	Run actions/checkout@v4	2026-02-09T12:05:40.3094057Z Updating files:  64% (545/851)
end-workflow	Run actions/checkout@v4	2026-02-09T12:05:40.3821190Z Updating files:  65% (554/851)
end-workflow	Run actions/checkout@v4	2026-02-09T12:05:40.3970280Z Updating files:  66% (562/851)
end-workflow	Run actions/checkout@v4	2026-02-09T12:05:40.4282073Z Updating files:  67% (571/851)
end-workflow	Run actions/checkout@v4	2026-02-09T12:05:40.4884984Z Updating files:  68% (579/851)
end-workflow	Run actions/checkout@v4	2026-02-09T12:05:40.5017270Z Updating files:  69% (588/851)
end-workflow	Run actions/checkout@v4	2026-02-09T12:05:40.5699391Z Updating files:  70% (596/851)
end-workflow	Run actions/checkout@v4	2026-02-09T12:05:40.6297903Z Updating files:  70% (599/851)
end-workflow	Run actions/checkout@v4	2026-02-09T12:05:40.6380142Z Updating files:  71% (605/851)
end-workflow	Run actions/checkout@v4	2026-02-09T12:05:42.3497675Z Updating files:  72% (613/851)
end-workflow	Run actions/checkout@v4	2026-02-09T12:05:42.7962246Z Updating files:  72% (619/851)
end-workflow	Run actions/checkout@v4	2026-02-09T12:05:43.0134917Z Updating files:  72% (620/851)
end-workflow	Run actions/checkout@v4	2026-02-09T12:05:43.5865132Z Updating files:  73% (622/851)
end-workflow	Run actions/checkout@v4	2026-02-09T12:05:44.6657829Z Updating files:  73% (624/851)
end-workflow	Run actions/checkout@v4	2026-02-09T12:05:44.8661247Z Updating files:  73% (628/851)
end-workflow	Run actions/checkout@v4	2026-02-09T12:05:46.4399209Z Updating files:  74% (630/851)
end-workflow	Run actions/checkout@v4	2026-02-09T12:05:46.8267919Z Updating files:  74% (631/851)
end-workflow	Run actions/checkout@v4	2026-02-09T12:05:48.5962868Z Updating files:  74% (633/851)
end-workflow	Run actions/checkout@v4	2026-02-09T12:05:49.6084465Z Updating files:  74% (635/851)
end-workflow	Run actions/checkout@v4	2026-02-09T12:05:49.6175904Z Updating files:  75% (639/851)
end-workflow	Run actions/checkout@v4	2026-02-09T12:05:50.2986307Z Updating files:  75% (640/851)
end-workflow	Run actions/checkout@v4	2026-02-09T12:05:50.6525855Z Updating files:  76% (647/851)
end-workflow	Run actions/checkout@v4	2026-02-09T12:05:50.7508906Z Updating files:  76% (649/851)
end-workflow	Run actions/checkout@v4	2026-02-09T12:05:50.7983636Z Updating files:  77% (656/851)
end-workflow	Run actions/checkout@v4	2026-02-09T12:05:50.8843622Z Updating files:  78% (664/851)
end-workflow	Run actions/checkout@v4	2026-02-09T12:05:51.0672199Z Updating files:  79% (673/851)
end-workflow	Run actions/checkout@v4	2026-02-09T12:05:51.8817049Z Updating files:  80% (681/851)
end-workflow	Run actions/checkout@v4	2026-02-09T12:05:53.4400464Z Updating files:  80% (687/851)
end-workflow	Run actions/checkout@v4	2026-02-09T12:05:54.5973515Z Updating files:  80% (689/851)
end-workflow	Run actions/checkout@v4	2026-02-09T12:05:56.4001494Z Updating files:  81% (690/851)
end-workflow	Run actions/checkout@v4	2026-02-09T12:05:57.1895060Z Updating files:  81% (694/851)
end-workflow	Run actions/checkout@v4	2026-02-09T12:05:58.9037594Z Updating files:  81% (695/851)
end-workflow	Run actions/checkout@v4	2026-02-09T12:05:59.8383569Z Updating files:  81% (696/851)
end-workflow	Run actions/checkout@v4	2026-02-09T12:06:00.7980737Z Updating files:  81% (697/851)
end-workflow	Run actions/checkout@v4	2026-02-09T12:06:02.2908080Z Updating files:  82% (698/851)
end-workflow	Run actions/checkout@v4	2026-02-09T12:06:04.5831234Z Updating files:  82% (700/851)
end-workflow	Run actions/checkout@v4	2026-02-09T12:06:06.9375747Z Updating files:  82% (701/851)
end-workflow	Run actions/checkout@v4	2026-02-09T12:06:08.4879739Z Updating files:  82% (703/851)
end-workflow	Run actions/checkout@v4	2026-02-09T12:06:08.6481104Z Updating files:  82% (704/851)
end-workflow	Run actions/checkout@v4	2026-02-09T12:06:09.6319359Z Updating files:  82% (705/851)
end-workflow	Run actions/checkout@v4	2026-02-09T12:06:10.5323566Z Updating files:  83% (707/851)
end-workflow	Run actions/checkout@v4	2026-02-09T12:06:12.8524909Z Updating files:  83% (714/851)
end-workflow	Run actions/checkout@v4	2026-02-09T12:06:14.6556015Z Updating files:  84% (715/851)
end-workflow	Run actions/checkout@v4	2026-02-09T12:06:16.3400764Z Updating files:  84% (716/851)
end-workflow	Run actions/checkout@v4	2026-02-09T12:06:17.7170974Z Updating files:  84% (718/851)
end-workflow	Run actions/checkout@v4	2026-02-09T12:06:19.0582922Z Updating files:  84% (719/851)
end-workflow	Run actions/checkout@v4	2026-02-09T12:06:19.5797717Z Updating files:  85% (724/851)
end-workflow	Run actions/checkout@v4	2026-02-09T12:06:20.1094882Z Updating files:  85% (726/851)
end-workflow	Run actions/checkout@v4	2026-02-09T12:06:20.1356868Z Updating files:  86% (732/851)
end-workflow	Run actions/checkout@v4	2026-02-09T12:06:20.1515243Z Updating files:  87% (741/851)
end-workflow	Run actions/checkout@v4	2026-02-09T12:06:20.1780981Z Updating files:  88% (749/851)
end-workflow	Run actions/checkout@v4	2026-02-09T12:06:20.1788958Z Updating files:  89% (758/851)
end-workflow	Run actions/checkout@v4	2026-02-09T12:06:20.1880564Z Updating files:  90% (766/851)
end-workflow	Run actions/checkout@v4	2026-02-09T12:06:20.2036505Z Updating files:  91% (775/851)
end-workflow	Run actions/checkout@v4	2026-02-09T12:06:20.6930962Z Updating files:  92% (783/851)
end-workflow	Run actions/checkout@v4	2026-02-09T12:06:20.7529545Z Updating files:  92% (785/851)
end-workflow	Run actions/checkout@v4	2026-02-09T12:06:20.7531588Z Updating files:  93% (792/851)
end-workflow	Run actions/checkout@v4	2026-02-09T12:06:20.7977361Z Updating files:  94% (800/851)
end-workflow	Run actions/checkout@v4	2026-02-09T12:06:20.8199689Z Updating files:  95% (809/851)
end-workflow	Run actions/checkout@v4	2026-02-09T12:06:20.8200598Z Updating files:  96% (817/851)
end-workflow	Run actions/checkout@v4	2026-02-09T12:06:20.8201054Z Updating files:  97% (826/851)
end-workflow	Run actions/checkout@v4	2026-02-09T12:06:20.9004623Z Updating files:  98% (834/851)
end-workflow	Run actions/checkout@v4	2026-02-09T12:06:20.9006092Z Updating files:  99% (843/851)
end-workflow	Run actions/checkout@v4	2026-02-09T12:06:21.3770482Z Updating files: 100% (851/851)
end-workflow	Run actions/checkout@v4	2026-02-09T12:06:21.3774703Z Updating files: 100% (851/851), done.
end-workflow	Run actions/checkout@v4	2026-02-09T12:06:21.3786227Z Switched to a new branch 'H1276-modulo-observabilidad'
end-workflow	Run actions/checkout@v4	2026-02-09T12:06:22.0357577Z branch 'H1276-modulo-observabilidad' set up to track 'origin/H1276-modulo-observabilidad'.
end-workflow	Run actions/checkout@v4	2026-02-09T12:06:22.1101627Z ##[endgroup]
end-workflow	Run actions/checkout@v4	2026-02-09T12:06:22.3699275Z [command]/usr/bin/git log -1 --format=%H
end-workflow	Run actions/checkout@v4	2026-02-09T12:06:22.4619331Z f893e8119f3fe435519a0aa668b121f817683dae
end-workflow	Run /./.github/actions/install-gh-cli	﻿2026-02-09T12:06:27.9327499Z Prepare all required actions
end-workflow	Run /./.github/actions/install-gh-cli	2026-02-09T12:06:29.4525262Z ##[group]Run ./.github/actions/install-gh-cli
end-workflow	Run /./.github/actions/install-gh-cli	2026-02-09T12:06:29.5257171Z env:
end-workflow	Run /./.github/actions/install-gh-cli	2026-02-09T12:06:29.5257647Z   KAOS_MODULE: [Ka0S] YAMLLINT
end-workflow	Run /./.github/actions/install-gh-cli	2026-02-09T12:06:29.5258538Z   GH_TOKEN: ***
end-workflow	Run /./.github/actions/install-gh-cli	2026-02-09T12:06:29.5258867Z   KAOS_YAMLLINT_CONFIG: core/config/kaos-yamllint-config.yaml
end-workflow	Run /./.github/actions/install-gh-cli	2026-02-09T12:06:29.5259332Z   KAOS_PRETTIER_CONFIG: compliance/yaml/.prettierrc.json
end-workflow	Run /./.github/actions/install-gh-cli	2026-02-09T12:06:29.5259685Z   KAOS_PATH_RESUME: audit/yamllint/
end-workflow	Run /./.github/actions/install-gh-cli	2026-02-09T12:06:29.5259986Z   KAOS_REPO: /actions-runner/_work/kaos/kaos
end-workflow	Run /./.github/actions/install-gh-cli	2026-02-09T12:06:29.5260351Z   KAOS_STEP_MODULE: 
end-workflow	Run /./.github/actions/install-gh-cli	2026-02-09T12:06:29.5260573Z   KAOS_CODE: 21822525477
end-workflow	Run /./.github/actions/install-gh-cli	2026-02-09T12:06:29.5260843Z   KAOS_REF_BRANCH: main
end-workflow	Run /./.github/actions/install-gh-cli	2026-02-09T12:06:29.5261078Z ##[endgroup]
end-workflow	Run /./.github/actions/install-gh-cli	2026-02-09T12:06:31.1434851Z ##[group]Run type -p curl >/dev/null || (sudo apt-get update && sudo apt-get install curl -y)
end-workflow	Run /./.github/actions/install-gh-cli	2026-02-09T12:06:31.1435668Z [36;1mtype -p curl >/dev/null || (sudo apt-get update && sudo apt-get install curl -y)[0m
end-workflow	Run /./.github/actions/install-gh-cli	2026-02-09T12:06:31.1436671Z [36;1mcurl -fsSL https://cli.github.com/packages/githubcli-archive-keyring.gpg | sudo dd of=/usr/share/keyrings/githubcli-archive-keyring.gpg \[0m
end-workflow	Run /./.github/actions/install-gh-cli	2026-02-09T12:06:31.1437571Z [36;1m&& sudo chmod go+r /usr/share/keyrings/githubcli-archive-keyring.gpg \[0m
end-workflow	Run /./.github/actions/install-gh-cli	2026-02-09T12:06:31.1438740Z [36;1m&& echo "deb [arch=$(dpkg --print-architecture) signed-by=/usr/share/keyrings/githubcli-archive-keyring.gpg] https://cli.github.com/packages stable main" | sudo tee /etc/apt/sources.list.d/github-cli.list > /dev/null \[0m
end-workflow	Run /./.github/actions/install-gh-cli	2026-02-09T12:06:31.1439822Z [36;1m&& sudo apt-get update \[0m
end-workflow	Run /./.github/actions/install-gh-cli	2026-02-09T12:06:31.1635344Z [36;1m&& sudo apt-get install gh -y[0m
end-workflow	Run /./.github/actions/install-gh-cli	2026-02-09T12:06:31.3306796Z shell: /usr/bin/bash --noprofile --norc -e -o pipefail {0}
end-workflow	Run /./.github/actions/install-gh-cli	2026-02-09T12:06:31.3307234Z env:
end-workflow	Run /./.github/actions/install-gh-cli	2026-02-09T12:06:31.3307444Z   KAOS_MODULE: [Ka0S] YAMLLINT
end-workflow	Run /./.github/actions/install-gh-cli	2026-02-09T12:06:31.3307937Z   GH_TOKEN: ***
end-workflow	Run /./.github/actions/install-gh-cli	2026-02-09T12:06:31.3308234Z   KAOS_YAMLLINT_CONFIG: core/config/kaos-yamllint-config.yaml
end-workflow	Run /./.github/actions/install-gh-cli	2026-02-09T12:06:31.3308664Z   KAOS_PRETTIER_CONFIG: compliance/yaml/.prettierrc.json
end-workflow	Run /./.github/actions/install-gh-cli	2026-02-09T12:06:31.3309041Z   KAOS_PATH_RESUME: audit/yamllint/
end-workflow	Run /./.github/actions/install-gh-cli	2026-02-09T12:06:31.3309339Z   KAOS_REPO: /actions-runner/_work/kaos/kaos
end-workflow	Run /./.github/actions/install-gh-cli	2026-02-09T12:06:31.3309645Z   KAOS_STEP_MODULE: 
end-workflow	Run /./.github/actions/install-gh-cli	2026-02-09T12:06:31.3309860Z   KAOS_CODE: 21822525477
end-workflow	Run /./.github/actions/install-gh-cli	2026-02-09T12:06:31.3310178Z   KAOS_REF_BRANCH: main
end-workflow	Run /./.github/actions/install-gh-cli	2026-02-09T12:06:31.3310419Z ##[endgroup]
end-workflow	Run /./.github/actions/install-gh-cli	2026-02-09T12:06:35.3711827Z 4+1 records in
end-workflow	Run /./.github/actions/install-gh-cli	2026-02-09T12:06:35.3715543Z 4+1 records out
end-workflow	Run /./.github/actions/install-gh-cli	2026-02-09T12:06:35.3719558Z 2270 bytes (2.3 kB, 2.2 KiB) copied, 1.72578 s, 1.3 kB/s
end-workflow	Run /./.github/actions/install-gh-cli	2026-02-09T12:06:44.0072774Z Get:1 http://security.ubuntu.com/ubuntu noble-security InRelease [126 kB]
end-workflow	Run /./.github/actions/install-gh-cli	2026-02-09T12:06:44.7674125Z Get:2 http://archive.ubuntu.com/ubuntu noble InRelease [256 kB]
end-workflow	Run /./.github/actions/install-gh-cli	2026-02-09T12:06:44.8711837Z Get:3 http://archive.ubuntu.com/ubuntu noble-updates InRelease [126 kB]
end-workflow	Run /./.github/actions/install-gh-cli	2026-02-09T12:06:45.1325268Z Get:4 https://cli.github.com/packages stable InRelease [3917 B]
end-workflow	Run /./.github/actions/install-gh-cli	2026-02-09T12:06:45.1326926Z Get:5 http://archive.ubuntu.com/ubuntu noble-backports InRelease [126 kB]
end-workflow	Run /./.github/actions/install-gh-cli	2026-02-09T12:06:45.2248595Z Get:6 https://ppa.launchpadcontent.net/git-core/ppa/ubuntu noble InRelease [24.3 kB]
end-workflow	Run /./.github/actions/install-gh-cli	2026-02-09T12:06:57.0458960Z Get:7 http://security.ubuntu.com/ubuntu noble-security/restricted amd64 Packages [3106 kB]
end-workflow	Run /./.github/actions/install-gh-cli	2026-02-09T12:07:02.5620761Z Get:8 http://security.ubuntu.com/ubuntu noble-security/universe amd64 Packages [1199 kB]
end-workflow	Run /./.github/actions/install-gh-cli	2026-02-09T12:07:02.6466767Z Get:9 http://archive.ubuntu.com/ubuntu noble/universe amd64 Packages [19.3 MB]
end-workflow	Run /./.github/actions/install-gh-cli	2026-02-09T12:07:03.3766409Z Get:10 http://security.ubuntu.com/ubuntu noble-security/multiverse amd64 Packages [34.8 kB]
end-workflow	Run /./.github/actions/install-gh-cli	2026-02-09T12:07:03.5324427Z Get:11 http://security.ubuntu.com/ubuntu noble-security/main amd64 Packages [1822 kB]
end-workflow	Run /./.github/actions/install-gh-cli	2026-02-09T12:07:19.2936600Z Get:12 https://cli.github.com/packages stable/main amd64 Packages [356 B]
end-workflow	Run /./.github/actions/install-gh-cli	2026-02-09T12:07:29.4385866Z Get:13 http://archive.ubuntu.com/ubuntu noble/main amd64 Packages [1808 kB]
end-workflow	Run /./.github/actions/install-gh-cli	2026-02-09T12:07:32.9183908Z Get:14 http://archive.ubuntu.com/ubuntu noble/restricted amd64 Packages [117 kB]
end-workflow	Run /./.github/actions/install-gh-cli	2026-02-09T12:07:33.0672409Z Get:15 http://archive.ubuntu.com/ubuntu noble/multiverse amd64 Packages [331 kB]
end-workflow	Run /./.github/actions/install-gh-cli	2026-02-09T12:07:33.7205573Z Get:16 http://archive.ubuntu.com/ubuntu noble-updates/main amd64 Packages [2201 kB]
end-workflow	Run /./.github/actions/install-gh-cli	2026-02-09T12:07:34.5109734Z Get:17 https://ppa.launchpadcontent.net/git-core/ppa/ubuntu noble/main amd64 Packages [2994 B]
end-workflow	Run /./.github/actions/install-gh-cli	2026-02-09T12:07:35.3413542Z Get:18 http://archive.ubuntu.com/ubuntu noble-updates/universe amd64 Packages [1978 kB]
end-workflow	Run /./.github/actions/install-gh-cli	2026-02-09T12:07:37.1892216Z Get:19 http://archive.ubuntu.com/ubuntu noble-updates/multiverse amd64 Packages [38.1 kB]
end-workflow	Run /./.github/actions/install-gh-cli	2026-02-09T12:07:37.2290443Z Get:20 http://archive.ubuntu.com/ubuntu noble-updates/restricted amd64 Packages [3287 kB]
end-workflow	Run /./.github/actions/install-gh-cli	2026-02-09T12:07:38.5131305Z Get:21 http://archive.ubuntu.com/ubuntu noble-backports/main amd64 Packages [49.5 kB]
end-workflow	Run /./.github/actions/install-gh-cli	2026-02-09T12:07:38.5462311Z Get:22 http://archive.ubuntu.com/ubuntu noble-backports/universe amd64 Packages [34.6 kB]
end-workflow	Run /./.github/actions/install-gh-cli	2026-02-09T12:09:40.3431592Z Fetched 36.0 MB in 1min 43s (350 kB/s)
end-workflow	Run /./.github/actions/install-gh-cli	2026-02-09T12:09:54.4759458Z Reading package lists...
end-workflow	Run /./.github/actions/install-gh-cli	2026-02-09T12:10:32.1684256Z Reading package lists...
end-workflow	Run /./.github/actions/install-gh-cli	2026-02-09T12:10:42.5111242Z Building dependency tree...
end-workflow	Run /./.github/actions/install-gh-cli	2026-02-09T12:10:42.5111601Z Reading state information...
end-workflow	Run /./.github/actions/install-gh-cli	2026-02-09T12:10:56.6998920Z The following NEW packages will be installed:
end-workflow	Run /./.github/actions/install-gh-cli	2026-02-09T12:10:56.7433342Z   gh
end-workflow	Run /./.github/actions/install-gh-cli	2026-02-09T12:11:01.5883942Z 0 upgraded, 1 newly installed, 0 to remove and 18 not upgraded.
end-workflow	Run /./.github/actions/install-gh-cli	2026-02-09T12:11:01.5886060Z Need to get 13.7 MB of archives.
end-workflow	Run /./.github/actions/install-gh-cli	2026-02-09T12:11:01.5886447Z After this operation, 37.9 MB of additional disk space will be used.
end-workflow	Run /./.github/actions/install-gh-cli	2026-02-09T12:11:01.5887007Z Get:1 https://cli.github.com/packages stable/main amd64 gh amd64 2.86.0 [13.7 MB]
end-workflow	Run /./.github/actions/install-gh-cli	2026-02-09T12:11:10.4470863Z debconf: delaying package configuration, since apt-utils is not installed
end-workflow	Run /./.github/actions/install-gh-cli	2026-02-09T12:11:19.9450632Z Fetched 13.7 MB in 6s (2426 kB/s)
end-workflow	Run /./.github/actions/install-gh-cli	2026-02-09T12:11:26.0157777Z Selecting previously unselected package gh.
end-workflow	Run /./.github/actions/install-gh-cli	2026-02-09T12:11:26.0341626Z (Reading database ... 
end-workflow	Run /./.github/actions/install-gh-cli	2026-02-09T12:11:26.0421808Z (Reading database ... 5%
end-workflow	Run /./.github/actions/install-gh-cli	2026-02-09T12:11:26.0428833Z (Reading database ... 10%
end-workflow	Run /./.github/actions/install-gh-cli	2026-02-09T12:11:26.0429474Z (Reading database ... 15%
end-workflow	Run /./.github/actions/install-gh-cli	2026-02-09T12:11:26.0444576Z (Reading database ... 20%
end-workflow	Run /./.github/actions/install-gh-cli	2026-02-09T12:11:26.0445176Z (Reading database ... 25%
end-workflow	Run /./.github/actions/install-gh-cli	2026-02-09T12:11:26.0446173Z (Reading database ... 30%
end-workflow	Run /./.github/actions/install-gh-cli	2026-02-09T12:11:26.0446415Z (Reading database ... 35%
end-workflow	Run /./.github/actions/install-gh-cli	2026-02-09T12:11:26.0446654Z (Reading database ... 40%
end-workflow	Run /./.github/actions/install-gh-cli	2026-02-09T12:11:26.0446891Z (Reading database ... 45%
end-workflow	Run /./.github/actions/install-gh-cli	2026-02-09T12:11:26.0447121Z (Reading database ... 50%
end-workflow	Run /./.github/actions/install-gh-cli	2026-02-09T12:11:26.0447352Z (Reading database ... 55%
end-workflow	Run /./.github/actions/install-gh-cli	2026-02-09T12:11:26.0447581Z (Reading database ... 60%
end-workflow	Run /./.github/actions/install-gh-cli	2026-02-09T12:11:26.0448228Z (Reading database ... 65%
end-workflow	Run /./.github/actions/install-gh-cli	2026-02-09T12:11:26.0551132Z (Reading database ... 70%
end-workflow	Run /./.github/actions/install-gh-cli	2026-02-09T12:11:26.0586852Z (Reading database ... 75%
end-workflow	Run /./.github/actions/install-gh-cli	2026-02-09T12:11:26.0833714Z (Reading database ... 80%
end-workflow	Run /./.github/actions/install-gh-cli	2026-02-09T12:11:26.0911256Z (Reading database ... 85%
end-workflow	Run /./.github/actions/install-gh-cli	2026-02-09T12:11:26.0935366Z (Reading database ... 90%
end-workflow	Run /./.github/actions/install-gh-cli	2026-02-09T12:11:26.1032707Z (Reading database ... 95%
end-workflow	Run /./.github/actions/install-gh-cli	2026-02-09T12:11:26.1039043Z (Reading database ... 100%
end-workflow	Run /./.github/actions/install-gh-cli	2026-02-09T12:11:26.1039430Z (Reading database ... 14385 files and directories currently installed.)
end-workflow	Run /./.github/actions/install-gh-cli	2026-02-09T12:11:26.1050540Z Preparing to unpack .../archives/gh_2.86.0_amd64.deb ...
end-workflow	Run /./.github/actions/install-gh-cli	2026-02-09T12:11:26.1208433Z Unpacking gh (2.86.0) ...
end-workflow	Run /./.github/actions/install-gh-cli	2026-02-09T12:11:48.2663437Z Setting up gh (2.86.0) ...
end-workflow	End Workflow	﻿2026-02-09T12:11:59.2186129Z ##[group]Run RNNUMBER=$(echo "refs/heads/H1276-modulo-observabilidad" | grep -o '[0-9]*')
end-workflow	End Workflow	2026-02-09T12:11:59.2187157Z [36;1mRNNUMBER=$(echo "refs/heads/H1276-modulo-observabilidad" | grep -o '[0-9]*')[0m
end-workflow	End Workflow	2026-02-09T12:11:59.2187982Z [36;1mgh workflow run inspector.yml --ref 'main' -f kaos-issue-id=$RNNUMBER -f kaos-workflow-id="21822525477" -f kaos-user-start=""[0m
end-workflow	End Workflow	2026-02-09T12:11:59.2377047Z shell: /usr/bin/bash -e {0}
end-workflow	End Workflow	2026-02-09T12:11:59.2377357Z env:
end-workflow	End Workflow	2026-02-09T12:11:59.2377560Z   KAOS_MODULE: [Ka0S] YAMLLINT
end-workflow	End Workflow	2026-02-09T12:11:59.2378080Z   GH_TOKEN: ***
end-workflow	End Workflow	2026-02-09T12:11:59.2378377Z   KAOS_YAMLLINT_CONFIG: core/config/kaos-yamllint-config.yaml
end-workflow	End Workflow	2026-02-09T12:11:59.2378809Z   KAOS_PRETTIER_CONFIG: compliance/yaml/.prettierrc.json
end-workflow	End Workflow	2026-02-09T12:11:59.2379167Z   KAOS_PATH_RESUME: audit/yamllint/
end-workflow	End Workflow	2026-02-09T12:11:59.2379465Z   KAOS_REPO: /actions-runner/_work/kaos/kaos
end-workflow	End Workflow	2026-02-09T12:11:59.2379753Z   KAOS_STEP_MODULE: 
end-workflow	End Workflow	2026-02-09T12:11:59.2379971Z   KAOS_CODE: 21822525477
end-workflow	End Workflow	2026-02-09T12:11:59.2380273Z   KAOS_REF_BRANCH: main
end-workflow	End Workflow	2026-02-09T12:11:59.2380539Z ##[endgroup]
end-workflow	Post Run actions/checkout@v4	﻿2026-02-09T12:12:13.9796310Z Post job cleanup.
end-workflow	Post Run actions/checkout@v4	2026-02-09T12:12:18.3593890Z [command]/usr/bin/git version
end-workflow	Post Run actions/checkout@v4	2026-02-09T12:12:20.5963395Z git version 2.52.0
end-workflow	Post Run actions/checkout@v4	2026-02-09T12:12:21.2211467Z Temporarily overriding HOME='/home/runner/_work/_temp/40a28d78-9f6c-4127-aae7-62b4698ca30a' before making global git config changes
end-workflow	Post Run actions/checkout@v4	2026-02-09T12:12:21.2291717Z Adding repository directory to the temporary git global config as a safe directory
end-workflow	Post Run actions/checkout@v4	2026-02-09T12:12:21.2513687Z [command]/usr/bin/git config --global --add safe.directory /home/runner/_work/ka0s/ka0s
end-workflow	Post Run actions/checkout@v4	2026-02-09T12:12:25.0331580Z [command]/usr/bin/git config --local --name-only --get-regexp core\.sshCommand
end-workflow	Post Run actions/checkout@v4	2026-02-09T12:12:28.6902161Z [command]/usr/bin/git submodule foreach --recursive sh -c "git config --local --name-only --get-regexp 'core\.sshCommand' && git config --local --unset-all 'core.sshCommand' || :"
end-workflow	Post Run actions/checkout@v4	2026-02-09T12:13:06.0601256Z [command]/usr/bin/git config --local --name-only --get-regexp http\.https\:\/\/github\.com\/\.extraheader
end-workflow	Post Run actions/checkout@v4	2026-02-09T12:13:07.8501171Z http.https://github.com/.extraheader
end-workflow	Post Run actions/checkout@v4	2026-02-09T12:13:08.4548738Z [command]/usr/bin/git config --local --unset-all http.https://github.com/.extraheader
end-workflow	Post Run actions/checkout@v4	2026-02-09T12:13:09.9263197Z [command]/usr/bin/git submodule foreach --recursive sh -c "git config --local --name-only --get-regexp 'http\.https\:\/\/github\.com\/\.extraheader' && git config --local --unset-all 'http.https://github.com/.extraheader' || :"
end-workflow	Post Run actions/checkout@v4	2026-02-09T12:13:44.7437550Z [command]/usr/bin/git config --local --name-only --get-regexp ^includeIf\.gitdir:
end-workflow	Post Run actions/checkout@v4	2026-02-09T12:13:45.3596853Z [command]/usr/bin/git submodule foreach --recursive git config --local --show-origin --name-only --get-regexp remote.origin.url
end-workflow	Complete job	﻿2026-02-09T12:14:20.0159235Z Cleaning up orphan processes
