job-core	Set up job	ï»¿2026-02-10T10:45:49.5264124Z Current runner version: '2.331.0'
job-core	Set up job	2026-02-10T10:45:49.5805654Z Runner name: 'swarm-runners-scaleset-hkss5-runner-7hhmj'
job-core	Set up job	2026-02-10T10:45:49.5896763Z Runner group name: 'Default'
job-core	Set up job	2026-02-10T10:45:49.5900032Z Machine name: 'swarm-runners-scaleset-hkss5-runner-7hhmj'
job-core	Set up job	2026-02-10T10:45:49.6107471Z ##[group]GITHUB_TOKEN Permissions
job-core	Set up job	2026-02-10T10:45:49.6268833Z Actions: write
job-core	Set up job	2026-02-10T10:45:49.6270499Z Contents: write
job-core	Set up job	2026-02-10T10:45:49.6271663Z Issues: write
job-core	Set up job	2026-02-10T10:45:49.6272791Z Metadata: read
job-core	Set up job	2026-02-10T10:45:49.6273999Z PullRequests: write
job-core	Set up job	2026-02-10T10:45:49.6275209Z ##[endgroup]
job-core	Set up job	2026-02-10T10:45:49.6690085Z Secret source: Actions
job-core	Set up job	2026-02-10T10:45:49.6692386Z Prepare workflow directory
job-core	Set up job	2026-02-10T10:45:50.3898837Z Prepare all required actions
job-core	Set up job	2026-02-10T10:45:50.4018620Z Getting action download info
job-core	Set up job	2026-02-10T10:45:54.4061960Z Download action repository 'actions/checkout@v4' (SHA:34e114876b0b11c390a56381ad16ebd13914f8d5)
job-core	Set up job	2026-02-10T10:45:56.8649691Z Download action repository 'actions/setup-python@v5' (SHA:a26af69be951a213d495a4c3e4e4022e16d87065)
job-core	Set up job	2026-02-10T10:46:00.4178231Z Download action repository 'actions/setup-node@v4' (SHA:49933ea5288caeca8642d1e84afbd3f7d6820020)
job-core	Set up job	2026-02-10T10:46:05.1640400Z Complete job name: job-core
job-core	Checkout code	ï»¿2026-02-10T10:46:05.9762144Z ##[group]Run actions/checkout@v4
job-core	Checkout code	2026-02-10T10:46:05.9776694Z with:
job-core	Checkout code	2026-02-10T10:46:05.9780432Z   fetch-depth: 0
job-core	Checkout code	2026-02-10T10:46:05.9786857Z   repository: Ka0s-Klaus/ka0s
job-core	Checkout code	2026-02-10T10:46:05.9790942Z   token: ***
job-core	Checkout code	2026-02-10T10:46:05.9798403Z   ssh-strict: true
job-core	Checkout code	2026-02-10T10:46:05.9799178Z   ssh-user: git
job-core	Checkout code	2026-02-10T10:46:05.9799758Z   persist-credentials: true
job-core	Checkout code	2026-02-10T10:46:05.9800287Z   clean: true
job-core	Checkout code	2026-02-10T10:46:05.9800845Z   sparse-checkout-cone-mode: true
job-core	Checkout code	2026-02-10T10:46:05.9801554Z   fetch-tags: false
job-core	Checkout code	2026-02-10T10:46:05.9802012Z   show-progress: true
job-core	Checkout code	2026-02-10T10:46:05.9802572Z   lfs: false
job-core	Checkout code	2026-02-10T10:46:05.9803054Z   submodules: false
job-core	Checkout code	2026-02-10T10:46:05.9803574Z   set-safe-directory: true
job-core	Checkout code	2026-02-10T10:46:05.9829190Z env:
job-core	Checkout code	2026-02-10T10:46:05.9829942Z   KAOS_MODULE: [Ka0S] YAMLLINT
job-core	Checkout code	2026-02-10T10:46:05.9831058Z   GH_TOKEN: ***
job-core	Checkout code	2026-02-10T10:46:05.9831743Z   KAOS_YAMLLINT_CONFIG: core/config/kaos-yamllint-config.yaml
job-core	Checkout code	2026-02-10T10:46:05.9832751Z   KAOS_PRETTIER_CONFIG: compliance/yaml/.prettierrc.json
job-core	Checkout code	2026-02-10T10:46:05.9833601Z   KAOS_PATH_RESUME: audit/yamllint/
job-core	Checkout code	2026-02-10T10:46:05.9834281Z   KAOS_REPO: /actions-runner/_work/kaos/kaos
job-core	Checkout code	2026-02-10T10:46:05.9834971Z   KAOS_STEP_MODULE: 
job-core	Checkout code	2026-02-10T10:46:05.9835481Z   KAOS_CODE: 21861743268
job-core	Checkout code	2026-02-10T10:46:05.9836014Z   KAOS_REF_BRANCH: main
job-core	Checkout code	2026-02-10T10:46:05.9836677Z ##[endgroup]
job-core	Checkout code	2026-02-10T10:46:09.8786887Z Syncing repository: Ka0s-Klaus/ka0s
job-core	Checkout code	2026-02-10T10:46:09.8912948Z ##[group]Getting Git version info
job-core	Checkout code	2026-02-10T10:46:09.8914420Z Working directory is '/home/runner/_work/ka0s/ka0s'
job-core	Checkout code	2026-02-10T10:46:09.8916506Z [command]/usr/bin/git version
job-core	Checkout code	2026-02-10T10:46:09.8917508Z git version 2.52.0
job-core	Checkout code	2026-02-10T10:46:09.8951381Z ##[endgroup]
job-core	Checkout code	2026-02-10T10:46:09.9054393Z Temporarily overriding HOME='/home/runner/_work/_temp/9ad07583-43a1-4f31-9320-80c5dd3093f7' before making global git config changes
job-core	Checkout code	2026-02-10T10:46:09.9057066Z Adding repository directory to the temporary git global config as a safe directory
job-core	Checkout code	2026-02-10T10:46:09.9142832Z [command]/usr/bin/git config --global --add safe.directory /home/runner/_work/ka0s/ka0s
job-core	Checkout code	2026-02-10T10:46:09.9145650Z Deleting the contents of '/home/runner/_work/ka0s/ka0s'
job-core	Checkout code	2026-02-10T10:46:09.9147270Z ##[group]Initializing the repository
job-core	Checkout code	2026-02-10T10:46:09.9238360Z [command]/usr/bin/git init /home/runner/_work/ka0s/ka0s
job-core	Checkout code	2026-02-10T10:46:09.9723885Z hint: Using 'master' as the name for the initial branch. This default branch name
job-core	Checkout code	2026-02-10T10:46:09.9727674Z hint: will change to "main" in Git 3.0. To configure the initial branch name
job-core	Checkout code	2026-02-10T10:46:09.9795036Z hint: to use in all of your new repositories, which will suppress this warning,
job-core	Checkout code	2026-02-10T10:46:09.9797942Z hint: call:
job-core	Checkout code	2026-02-10T10:46:09.9861475Z hint:
job-core	Checkout code	2026-02-10T10:46:10.0055981Z hint: 	git config --global init.defaultBranch <name>
job-core	Checkout code	2026-02-10T10:46:10.0125615Z hint:
job-core	Checkout code	2026-02-10T10:46:10.0126520Z hint: Names commonly chosen instead of 'master' are 'main', 'trunk' and
job-core	Checkout code	2026-02-10T10:46:10.0154834Z hint: 'development'. The just-created branch can be renamed via this command:
job-core	Checkout code	2026-02-10T10:46:10.0156206Z hint:
job-core	Checkout code	2026-02-10T10:46:10.0156774Z hint: 	git branch -m <name>
job-core	Checkout code	2026-02-10T10:46:10.0157526Z hint:
job-core	Checkout code	2026-02-10T10:46:10.0158968Z hint: Disable this message with "git config set advice.defaultBranchName false"
job-core	Checkout code	2026-02-10T10:46:10.0160527Z Initialized empty Git repository in /home/runner/_work/ka0s/ka0s/.git/
job-core	Checkout code	2026-02-10T10:46:10.0766271Z [command]/usr/bin/git remote add origin https://github.com/Ka0s-Klaus/ka0s
job-core	Checkout code	2026-02-10T10:46:10.2096961Z ##[endgroup]
job-core	Checkout code	2026-02-10T10:46:10.2124175Z ##[group]Disabling automatic garbage collection
job-core	Checkout code	2026-02-10T10:46:10.2456645Z [command]/usr/bin/git config --local gc.auto 0
job-core	Checkout code	2026-02-10T10:46:10.3739222Z ##[endgroup]
job-core	Checkout code	2026-02-10T10:46:10.3749709Z ##[group]Setting up auth
job-core	Checkout code	2026-02-10T10:46:10.5162786Z [command]/usr/bin/git config --local --name-only --get-regexp core\.sshCommand
job-core	Checkout code	2026-02-10T10:46:10.6339014Z [command]/usr/bin/git submodule foreach --recursive sh -c "git config --local --name-only --get-regexp 'core\.sshCommand' && git config --local --unset-all 'core.sshCommand' || :"
job-core	Checkout code	2026-02-10T10:46:11.1810388Z [command]/usr/bin/git config --local --name-only --get-regexp http\.https\:\/\/github\.com\/\.extraheader
job-core	Checkout code	2026-02-10T10:46:11.2937206Z [command]/usr/bin/git submodule foreach --recursive sh -c "git config --local --name-only --get-regexp 'http\.https\:\/\/github\.com\/\.extraheader' && git config --local --unset-all 'http.https://github.com/.extraheader' || :"
job-core	Checkout code	2026-02-10T10:46:11.6231214Z [command]/usr/bin/git config --local --name-only --get-regexp ^includeIf\.gitdir:
job-core	Checkout code	2026-02-10T10:46:11.7270082Z [command]/usr/bin/git submodule foreach --recursive git config --local --show-origin --name-only --get-regexp remote.origin.url
job-core	Checkout code	2026-02-10T10:46:12.5144363Z [command]/usr/bin/git config --local http.https://github.com/.extraheader AUTHORIZATION: basic ***
job-core	Checkout code	2026-02-10T10:46:12.7253700Z ##[endgroup]
job-core	Checkout code	2026-02-10T10:46:12.7290073Z ##[group]Fetching the repository
job-core	Checkout code	2026-02-10T10:46:12.7651777Z [command]/usr/bin/git -c protocol.version=2 fetch --prune --no-recurse-submodules origin +refs/heads/*:refs/remotes/origin/* +refs/tags/*:refs/tags/*
job-core	Checkout code	2026-02-10T10:52:44.4163805Z From https://github.com/Ka0s-Klaus/ka0s
job-core	Checkout code	2026-02-10T10:52:44.4341745Z  * [new branch]          F1224-new-module-mongodb -> origin/F1224-new-module-mongodb
job-core	Checkout code	2026-02-10T10:52:44.4353981Z  * [new branch]          F220-web-de-resultados  -> origin/F220-web-de-resultados
job-core	Checkout code	2026-02-10T10:52:44.4363477Z  * [new branch]          F227-despliegue-de-kube-independiente-del-clouder -> origin/F227-despliegue-de-kube-independiente-del-clouder
job-core	Checkout code	2026-02-10T10:52:44.4366838Z  * [new branch]          F329-documentacion-metodologia-de-kaos -> origin/F329-documentacion-metodologia-de-kaos
job-core	Checkout code	2026-02-10T10:52:44.4369480Z  * [new branch]          H1139-como-instalar-arc-control -> origin/H1139-como-instalar-arc-control
job-core	Checkout code	2026-02-10T10:52:44.4371519Z  * [new branch]          H1150-desarrollo-de-secciones -> origin/H1150-desarrollo-de-secciones
job-core	Checkout code	2026-02-10T10:52:44.5058437Z  * [new branch]          H1151-desarrollo-de-secciones-ii -> origin/H1151-desarrollo-de-secciones-ii
job-core	Checkout code	2026-02-10T10:52:44.5060406Z  * [new branch]          H1152-desarrollo-inicio -> origin/H1152-desarrollo-inicio
job-core	Checkout code	2026-02-10T10:52:44.5061946Z  * [new branch]          H1193-ejemplo-web-documentacion -> origin/H1193-ejemplo-web-documentacion
job-core	Checkout code	2026-02-10T10:52:44.5063476Z  * [new branch]          H1224-new-module-mongodb -> origin/H1224-new-module-mongodb
job-core	Checkout code	2026-02-10T10:52:44.5064909Z  * [new branch]          H1276-modulo-observabilidad -> origin/H1276-modulo-observabilidad
job-core	Checkout code	2026-02-10T10:52:44.5066308Z  * [new branch]          H1410-modulo-execution  -> origin/H1410-modulo-execution
job-core	Checkout code	2026-02-10T10:52:44.5069604Z  * [new branch]          H1514-new-swarm-deployment-stack-with-actions-runners-autoscale -> origin/H1514-new-swarm-deployment-stack-with-actions-runners-autoscale
job-core	Checkout code	2026-02-10T10:52:44.5734511Z  * [new branch]          H1968-modulo-personalizaciÃ³n-del-portal-de-kaos-core -> origin/H1968-modulo-personalizaciÃ³n-del-portal-de-kaos-core
job-core	Checkout code	2026-02-10T10:52:44.5737213Z  * [new branch]          H215-modulo-de-summary  -> origin/H215-modulo-de-summary
job-core	Checkout code	2026-02-10T10:52:44.5739431Z  * [new branch]          H227-despliegue-de-kube-independiente-del-clouder -> origin/H227-despliegue-de-kube-independiente-del-clouder
job-core	Checkout code	2026-02-10T10:52:44.6068062Z  * [new branch]          H3038-test-ci-cd-kubernetes-automated-system -> origin/H3038-test-ci-cd-kubernetes-automated-system
job-core	Checkout code	2026-02-10T10:52:44.6380108Z  * [new branch]          H306-ficheros-de-estadisticas -> origin/H306-ficheros-de-estadisticas
job-core	Checkout code	2026-02-10T10:52:44.6591597Z  * [new branch]          H3265-deploy-itop       -> origin/H3265-deploy-itop
job-core	Checkout code	2026-02-10T10:52:44.6643477Z  * [new branch]          H3266-deploy-zabbix     -> origin/H3266-deploy-zabbix
job-core	Checkout code	2026-02-10T10:52:44.6646972Z  * [new branch]          H328-documentacion-modulo-principal-de-kaos -> origin/H328-documentacion-modulo-principal-de-kaos
job-core	Checkout code	2026-02-10T10:52:44.6651129Z  * [new branch]          H329-documentacion-metodologia-de-kaos -> origin/H329-documentacion-metodologia-de-kaos
job-core	Checkout code	2026-02-10T10:52:44.6853875Z  * [new branch]          H338-relanzador-de-jobs-en-caso-de-pattern -> origin/H338-relanzador-de-jobs-en-caso-de-pattern
job-core	Checkout code	2026-02-10T10:52:44.6858218Z  * [new branch]          H38-documentacion-basica-del-proyecto -> origin/H38-documentacion-basica-del-proyecto
job-core	Checkout code	2026-02-10T10:52:44.6863336Z  * [new branch]          RN1282-ka0s-error-detected-in-ka0s-workflow-statistics-summary -> origin/RN1282-ka0s-error-detected-in-ka0s-workflow-statistics-summary
job-core	Checkout code	2026-02-10T10:52:44.7099897Z  * [new branch]          RN220-web-de-resultados -> origin/RN220-web-de-resultados
job-core	Checkout code	2026-02-10T10:52:44.7109720Z  * [new branch]          RN227-despliegue-de-kube-independiente-del-clouder -> origin/RN227-despliegue-de-kube-independiente-del-clouder
job-core	Checkout code	2026-02-10T10:52:44.7112175Z  * [new branch]          RN329-documentacion-metodologia-de-kaos -> origin/RN329-documentacion-metodologia-de-kaos
job-core	Checkout code	2026-02-10T10:52:44.7113880Z  * [new branch]          main                    -> origin/main
job-core	Checkout code	2026-02-10T10:52:44.7114855Z  * [new tag]             0.0.0                   -> 0.0.0
job-core	Checkout code	2026-02-10T10:52:44.7115698Z  * [new tag]             0.0.1                   -> 0.0.1
job-core	Checkout code	2026-02-10T10:52:44.7116482Z  * [new tag]             0.0.10                  -> 0.0.10
job-core	Checkout code	2026-02-10T10:52:44.7117348Z  * [new tag]             0.0.100                 -> 0.0.100
job-core	Checkout code	2026-02-10T10:52:44.7249443Z  * [new tag]             0.0.101                 -> 0.0.101
job-core	Checkout code	2026-02-10T10:52:44.7250431Z  * [new tag]             0.0.102                 -> 0.0.102
job-core	Checkout code	2026-02-10T10:52:44.7251302Z  * [new tag]             0.0.103                 -> 0.0.103
job-core	Checkout code	2026-02-10T10:52:44.7252170Z  * [new tag]             0.0.104                 -> 0.0.104
job-core	Checkout code	2026-02-10T10:52:44.7253025Z  * [new tag]             0.0.105                 -> 0.0.105
job-core	Checkout code	2026-02-10T10:52:44.7253919Z  * [new tag]             0.0.106                 -> 0.0.106
job-core	Checkout code	2026-02-10T10:52:44.7254787Z  * [new tag]             0.0.107                 -> 0.0.107
job-core	Checkout code	2026-02-10T10:52:44.7255654Z  * [new tag]             0.0.108                 -> 0.0.108
job-core	Checkout code	2026-02-10T10:52:44.7256521Z  * [new tag]             0.0.109                 -> 0.0.109
job-core	Checkout code	2026-02-10T10:52:44.7257387Z  * [new tag]             0.0.11                  -> 0.0.11
job-core	Checkout code	2026-02-10T10:52:44.7258361Z  * [new tag]             0.0.110                 -> 0.0.110
job-core	Checkout code	2026-02-10T10:52:44.7259243Z  * [new tag]             0.0.111                 -> 0.0.111
job-core	Checkout code	2026-02-10T10:52:44.7260140Z  * [new tag]             0.0.112                 -> 0.0.112
job-core	Checkout code	2026-02-10T10:52:44.7261031Z  * [new tag]             0.0.113                 -> 0.0.113
job-core	Checkout code	2026-02-10T10:52:44.7261989Z  * [new tag]             0.0.114                 -> 0.0.114
job-core	Checkout code	2026-02-10T10:52:44.7262889Z  * [new tag]             0.0.115                 -> 0.0.115
job-core	Checkout code	2026-02-10T10:52:44.7263929Z  * [new tag]             0.0.116                 -> 0.0.116
job-core	Checkout code	2026-02-10T10:52:44.7537133Z  * [new tag]             0.0.117                 -> 0.0.117
job-core	Checkout code	2026-02-10T10:52:44.7538349Z  * [new tag]             0.0.118                 -> 0.0.118
job-core	Checkout code	2026-02-10T10:52:44.7608498Z  * [new tag]             0.0.119                 -> 0.0.119
job-core	Checkout code	2026-02-10T10:52:44.7610146Z  * [new tag]             0.0.12                  -> 0.0.12
job-core	Checkout code	2026-02-10T10:52:44.7611039Z  * [new tag]             0.0.120                 -> 0.0.120
job-core	Checkout code	2026-02-10T10:52:44.7611909Z  * [new tag]             0.0.121                 -> 0.0.121
job-core	Checkout code	2026-02-10T10:52:44.7612770Z  * [new tag]             0.0.122                 -> 0.0.122
job-core	Checkout code	2026-02-10T10:52:44.7613627Z  * [new tag]             0.0.123                 -> 0.0.123
job-core	Checkout code	2026-02-10T10:52:44.7890346Z  * [new tag]             0.0.124                 -> 0.0.124
job-core	Checkout code	2026-02-10T10:52:44.7891929Z  * [new tag]             0.0.125                 -> 0.0.125
job-core	Checkout code	2026-02-10T10:52:44.7893452Z  * [new tag]             0.0.126                 -> 0.0.126
job-core	Checkout code	2026-02-10T10:52:44.7894962Z  * [new tag]             0.0.127                 -> 0.0.127
job-core	Checkout code	2026-02-10T10:52:44.7896539Z  * [new tag]             0.0.128                 -> 0.0.128
job-core	Checkout code	2026-02-10T10:52:44.8281676Z  * [new tag]             0.0.129                 -> 0.0.129
job-core	Checkout code	2026-02-10T10:52:44.8309886Z  * [new tag]             0.0.13                  -> 0.0.13
job-core	Checkout code	2026-02-10T10:52:44.8310767Z  * [new tag]             0.0.130                 -> 0.0.130
job-core	Checkout code	2026-02-10T10:52:44.8311637Z  * [new tag]             0.0.131                 -> 0.0.131
job-core	Checkout code	2026-02-10T10:52:44.8312501Z  * [new tag]             0.0.132                 -> 0.0.132
job-core	Checkout code	2026-02-10T10:52:44.8509174Z  * [new tag]             0.0.133                 -> 0.0.133
job-core	Checkout code	2026-02-10T10:52:44.8510183Z  * [new tag]             0.0.134                 -> 0.0.134
job-core	Checkout code	2026-02-10T10:52:44.8511019Z  * [new tag]             0.0.135                 -> 0.0.135
job-core	Checkout code	2026-02-10T10:52:44.8511858Z  * [new tag]             0.0.136                 -> 0.0.136
job-core	Checkout code	2026-02-10T10:52:44.8512688Z  * [new tag]             0.0.137                 -> 0.0.137
job-core	Checkout code	2026-02-10T10:52:44.8513550Z  * [new tag]             0.0.138                 -> 0.0.138
job-core	Checkout code	2026-02-10T10:52:44.8514378Z  * [new tag]             0.0.139                 -> 0.0.139
job-core	Checkout code	2026-02-10T10:52:44.8515203Z  * [new tag]             0.0.14                  -> 0.0.14
job-core	Checkout code	2026-02-10T10:52:44.8516043Z  * [new tag]             0.0.140                 -> 0.0.140
job-core	Checkout code	2026-02-10T10:52:44.8516881Z  * [new tag]             0.0.141                 -> 0.0.141
job-core	Checkout code	2026-02-10T10:52:44.8517706Z  * [new tag]             0.0.142                 -> 0.0.142
job-core	Checkout code	2026-02-10T10:52:44.8939623Z  * [new tag]             0.0.143                 -> 0.0.143
job-core	Checkout code	2026-02-10T10:52:44.8940584Z  * [new tag]             0.0.144                 -> 0.0.144
job-core	Checkout code	2026-02-10T10:52:44.8941453Z  * [new tag]             0.0.145                 -> 0.0.145
job-core	Checkout code	2026-02-10T10:52:44.8942316Z  * [new tag]             0.0.146                 -> 0.0.146
job-core	Checkout code	2026-02-10T10:52:44.8943180Z  * [new tag]             0.0.147                 -> 0.0.147
job-core	Checkout code	2026-02-10T10:52:44.8944066Z  * [new tag]             0.0.148                 -> 0.0.148
job-core	Checkout code	2026-02-10T10:52:44.8944921Z  * [new tag]             0.0.149                 -> 0.0.149
job-core	Checkout code	2026-02-10T10:52:44.8945784Z  * [new tag]             0.0.15                  -> 0.0.15
job-core	Checkout code	2026-02-10T10:52:44.8946668Z  * [new tag]             0.0.150                 -> 0.0.150
job-core	Checkout code	2026-02-10T10:52:44.8947521Z  * [new tag]             0.0.151                 -> 0.0.151
job-core	Checkout code	2026-02-10T10:52:44.8948605Z  * [new tag]             0.0.152                 -> 0.0.152
job-core	Checkout code	2026-02-10T10:52:44.8949472Z  * [new tag]             0.0.153                 -> 0.0.153
job-core	Checkout code	2026-02-10T10:52:44.8950319Z  * [new tag]             0.0.154                 -> 0.0.154
job-core	Checkout code	2026-02-10T10:52:44.8951185Z  * [new tag]             0.0.155                 -> 0.0.155
job-core	Checkout code	2026-02-10T10:52:44.8952042Z  * [new tag]             0.0.156                 -> 0.0.156
job-core	Checkout code	2026-02-10T10:52:44.8952895Z  * [new tag]             0.0.157                 -> 0.0.157
job-core	Checkout code	2026-02-10T10:52:44.8953753Z  * [new tag]             0.0.158                 -> 0.0.158
job-core	Checkout code	2026-02-10T10:52:44.8955351Z  * [new tag]             0.0.159                 -> 0.0.159
job-core	Checkout code	2026-02-10T10:52:44.8956202Z  * [new tag]             0.0.16                  -> 0.0.16
job-core	Checkout code	2026-02-10T10:52:44.8957056Z  * [new tag]             0.0.160                 -> 0.0.160
job-core	Checkout code	2026-02-10T10:52:44.9238556Z  * [new tag]             0.0.161                 -> 0.0.161
job-core	Checkout code	2026-02-10T10:52:44.9239975Z  * [new tag]             0.0.162                 -> 0.0.162
job-core	Checkout code	2026-02-10T10:52:44.9240848Z  * [new tag]             0.0.163                 -> 0.0.163
job-core	Checkout code	2026-02-10T10:52:44.9241717Z  * [new tag]             0.0.164                 -> 0.0.164
job-core	Checkout code	2026-02-10T10:52:44.9242685Z  * [new tag]             0.0.165                 -> 0.0.165
job-core	Checkout code	2026-02-10T10:52:44.9243724Z  * [new tag]             0.0.166                 -> 0.0.166
job-core	Checkout code	2026-02-10T10:52:44.9244562Z  * [new tag]             0.0.167                 -> 0.0.167
job-core	Checkout code	2026-02-10T10:52:44.9245396Z  * [new tag]             0.0.168                 -> 0.0.168
job-core	Checkout code	2026-02-10T10:52:44.9246291Z  * [new tag]             0.0.169                 -> 0.0.169
job-core	Checkout code	2026-02-10T10:52:44.9247124Z  * [new tag]             0.0.17                  -> 0.0.17
job-core	Checkout code	2026-02-10T10:52:44.9338416Z  * [new tag]             0.0.170                 -> 0.0.170
job-core	Checkout code	2026-02-10T10:52:44.9981918Z  * [new tag]             0.0.171                 -> 0.0.171
job-core	Checkout code	2026-02-10T10:52:44.9983078Z  * [new tag]             0.0.172                 -> 0.0.172
job-core	Checkout code	2026-02-10T10:52:44.9984448Z  * [new tag]             0.0.173                 -> 0.0.173
job-core	Checkout code	2026-02-10T10:52:44.9985652Z  * [new tag]             0.0.174                 -> 0.0.174
job-core	Checkout code	2026-02-10T10:52:44.9986994Z  * [new tag]             0.0.175                 -> 0.0.175
job-core	Checkout code	2026-02-10T10:52:44.9988237Z  * [new tag]             0.0.176                 -> 0.0.176
job-core	Checkout code	2026-02-10T10:52:44.9988966Z  * [new tag]             0.0.177                 -> 0.0.177
job-core	Checkout code	2026-02-10T10:52:44.9989696Z  * [new tag]             0.0.178                 -> 0.0.178
job-core	Checkout code	2026-02-10T10:52:45.0029608Z  * [new tag]             0.0.179                 -> 0.0.179
job-core	Checkout code	2026-02-10T10:52:45.0031178Z  * [new tag]             0.0.18                  -> 0.0.18
job-core	Checkout code	2026-02-10T10:52:45.0032632Z  * [new tag]             0.0.19                  -> 0.0.19
job-core	Checkout code	2026-02-10T10:52:45.0034168Z  * [new tag]             0.0.2                   -> 0.0.2
job-core	Checkout code	2026-02-10T10:52:45.0035590Z  * [new tag]             0.0.20                  -> 0.0.20
job-core	Checkout code	2026-02-10T10:52:45.0037110Z  * [new tag]             0.0.21                  -> 0.0.21
job-core	Checkout code	2026-02-10T10:52:45.0038349Z  * [new tag]             0.0.22                  -> 0.0.22
job-core	Checkout code	2026-02-10T10:52:45.0039176Z  * [new tag]             0.0.23                  -> 0.0.23
job-core	Checkout code	2026-02-10T10:52:45.0040160Z  * [new tag]             0.0.24                  -> 0.0.24
job-core	Checkout code	2026-02-10T10:52:45.0041504Z  * [new tag]             0.0.25                  -> 0.0.25
job-core	Checkout code	2026-02-10T10:52:45.0042314Z  * [new tag]             0.0.26                  -> 0.0.26
job-core	Checkout code	2026-02-10T10:52:45.0456311Z  * [new tag]             0.0.27                  -> 0.0.27
job-core	Checkout code	2026-02-10T10:52:45.0457342Z  * [new tag]             0.0.28                  -> 0.0.28
job-core	Checkout code	2026-02-10T10:52:45.0498960Z  * [new tag]             0.0.29                  -> 0.0.29
job-core	Checkout code	2026-02-10T10:52:45.0499670Z  * [new tag]             0.0.3                   -> 0.0.3
job-core	Checkout code	2026-02-10T10:52:45.0500335Z  * [new tag]             0.0.30                  -> 0.0.30
job-core	Checkout code	2026-02-10T10:52:45.0500947Z  * [new tag]             0.0.31                  -> 0.0.31
job-core	Checkout code	2026-02-10T10:52:45.0501679Z  * [new tag]             0.0.32                  -> 0.0.32
job-core	Checkout code	2026-02-10T10:52:45.0911295Z  * [new tag]             0.0.33                  -> 0.0.33
job-core	Checkout code	2026-02-10T10:52:45.0912687Z  * [new tag]             0.0.34                  -> 0.0.34
job-core	Checkout code	2026-02-10T10:52:45.0913627Z  * [new tag]             0.0.35                  -> 0.0.35
job-core	Checkout code	2026-02-10T10:52:45.0914583Z  * [new tag]             0.0.36                  -> 0.0.36
job-core	Checkout code	2026-02-10T10:52:45.0915574Z  * [new tag]             0.0.37                  -> 0.0.37
job-core	Checkout code	2026-02-10T10:52:45.0916508Z  * [new tag]             0.0.38                  -> 0.0.38
job-core	Checkout code	2026-02-10T10:52:45.1001073Z  * [new tag]             0.0.39                  -> 0.0.39
job-core	Checkout code	2026-02-10T10:52:45.1002011Z  * [new tag]             0.0.4                   -> 0.0.4
job-core	Checkout code	2026-02-10T10:52:45.1002887Z  * [new tag]             0.0.40                  -> 0.0.40
job-core	Checkout code	2026-02-10T10:52:45.1003754Z  * [new tag]             0.0.41                  -> 0.0.41
job-core	Checkout code	2026-02-10T10:52:45.1004599Z  * [new tag]             0.0.42                  -> 0.0.42
job-core	Checkout code	2026-02-10T10:52:45.1005431Z  * [new tag]             0.0.43                  -> 0.0.43
job-core	Checkout code	2026-02-10T10:52:45.1006268Z  * [new tag]             0.0.44                  -> 0.0.44
job-core	Checkout code	2026-02-10T10:52:45.1007102Z  * [new tag]             0.0.45                  -> 0.0.45
job-core	Checkout code	2026-02-10T10:52:45.1288495Z  * [new tag]             0.0.46                  -> 0.0.46
job-core	Checkout code	2026-02-10T10:52:45.1289630Z  * [new tag]             0.0.47                  -> 0.0.47
job-core	Checkout code	2026-02-10T10:52:45.1290493Z  * [new tag]             0.0.48                  -> 0.0.48
job-core	Checkout code	2026-02-10T10:52:45.1291318Z  * [new tag]             0.0.49                  -> 0.0.49
job-core	Checkout code	2026-02-10T10:52:45.1292185Z  * [new tag]             0.0.5                   -> 0.0.5
job-core	Checkout code	2026-02-10T10:52:45.1293013Z  * [new tag]             0.0.50                  -> 0.0.50
job-core	Checkout code	2026-02-10T10:52:45.1293844Z  * [new tag]             0.0.51                  -> 0.0.51
job-core	Checkout code	2026-02-10T10:52:45.1295155Z  * [new tag]             0.0.52                  -> 0.0.52
job-core	Checkout code	2026-02-10T10:52:45.1295976Z  * [new tag]             0.0.53                  -> 0.0.53
job-core	Checkout code	2026-02-10T10:52:45.1296799Z  * [new tag]             0.0.54                  -> 0.0.54
job-core	Checkout code	2026-02-10T10:52:45.1297604Z  * [new tag]             0.0.55                  -> 0.0.55
job-core	Checkout code	2026-02-10T10:52:45.1298533Z  * [new tag]             0.0.56                  -> 0.0.56
job-core	Checkout code	2026-02-10T10:52:45.1299353Z  * [new tag]             0.0.57                  -> 0.0.57
job-core	Checkout code	2026-02-10T10:52:45.1300166Z  * [new tag]             0.0.58                  -> 0.0.58
job-core	Checkout code	2026-02-10T10:52:45.1300982Z  * [new tag]             0.0.59                  -> 0.0.59
job-core	Checkout code	2026-02-10T10:52:45.1301816Z  * [new tag]             0.0.6                   -> 0.0.6
job-core	Checkout code	2026-02-10T10:52:45.1302639Z  * [new tag]             0.0.60                  -> 0.0.60
job-core	Checkout code	2026-02-10T10:52:45.1303442Z  * [new tag]             0.0.61                  -> 0.0.61
job-core	Checkout code	2026-02-10T10:52:45.1304280Z  * [new tag]             0.0.62                  -> 0.0.62
job-core	Checkout code	2026-02-10T10:52:45.1305093Z  * [new tag]             0.0.63                  -> 0.0.63
job-core	Checkout code	2026-02-10T10:52:45.1305911Z  * [new tag]             0.0.64                  -> 0.0.64
job-core	Checkout code	2026-02-10T10:52:45.1306733Z  * [new tag]             0.0.65                  -> 0.0.65
job-core	Checkout code	2026-02-10T10:52:45.1307549Z  * [new tag]             0.0.66                  -> 0.0.66
job-core	Checkout code	2026-02-10T10:52:45.1419749Z  * [new tag]             0.0.67                  -> 0.0.67
job-core	Checkout code	2026-02-10T10:52:45.1420535Z  * [new tag]             0.0.68                  -> 0.0.68
job-core	Checkout code	2026-02-10T10:52:45.1421232Z  * [new tag]             0.0.69                  -> 0.0.69
job-core	Checkout code	2026-02-10T10:52:45.1421927Z  * [new tag]             0.0.7                   -> 0.0.7
job-core	Checkout code	2026-02-10T10:52:45.1422671Z  * [new tag]             0.0.70                  -> 0.0.70
job-core	Checkout code	2026-02-10T10:52:45.1423367Z  * [new tag]             0.0.71                  -> 0.0.71
job-core	Checkout code	2026-02-10T10:52:45.1424122Z  * [new tag]             0.0.72                  -> 0.0.72
job-core	Checkout code	2026-02-10T10:52:45.1424900Z  * [new tag]             0.0.73                  -> 0.0.73
job-core	Checkout code	2026-02-10T10:52:45.1425706Z  * [new tag]             0.0.74                  -> 0.0.74
job-core	Checkout code	2026-02-10T10:52:45.1426518Z  * [new tag]             0.0.75                  -> 0.0.75
job-core	Checkout code	2026-02-10T10:52:45.1427316Z  * [new tag]             0.0.76                  -> 0.0.76
job-core	Checkout code	2026-02-10T10:52:45.1729067Z  * [new tag]             0.0.77                  -> 0.0.77
job-core	Checkout code	2026-02-10T10:52:45.1730750Z  * [new tag]             0.0.78                  -> 0.0.78
job-core	Checkout code	2026-02-10T10:52:45.1732219Z  * [new tag]             0.0.79                  -> 0.0.79
job-core	Checkout code	2026-02-10T10:52:45.1733587Z  * [new tag]             0.0.8                   -> 0.0.8
job-core	Checkout code	2026-02-10T10:52:45.1734983Z  * [new tag]             0.0.80                  -> 0.0.80
job-core	Checkout code	2026-02-10T10:52:45.1736922Z  * [new tag]             0.0.81                  -> 0.0.81
job-core	Checkout code	2026-02-10T10:52:45.2036698Z  * [new tag]             0.0.82                  -> 0.0.82
job-core	Checkout code	2026-02-10T10:52:45.2038132Z  * [new tag]             0.0.83                  -> 0.0.83
job-core	Checkout code	2026-02-10T10:52:45.2039108Z  * [new tag]             0.0.84                  -> 0.0.84
job-core	Checkout code	2026-02-10T10:52:45.2040001Z  * [new tag]             0.0.85                  -> 0.0.85
job-core	Checkout code	2026-02-10T10:52:45.2040866Z  * [new tag]             0.0.86                  -> 0.0.86
job-core	Checkout code	2026-02-10T10:52:45.2041737Z  * [new tag]             0.0.87                  -> 0.0.87
job-core	Checkout code	2026-02-10T10:52:45.2042603Z  * [new tag]             0.0.88                  -> 0.0.88
job-core	Checkout code	2026-02-10T10:52:45.2043465Z  * [new tag]             0.0.89                  -> 0.0.89
job-core	Checkout code	2026-02-10T10:52:45.2086836Z  * [new tag]             0.0.9                   -> 0.0.9
job-core	Checkout code	2026-02-10T10:52:45.2087746Z  * [new tag]             0.0.90                  -> 0.0.90
job-core	Checkout code	2026-02-10T10:52:45.2088704Z  * [new tag]             0.0.91                  -> 0.0.91
job-core	Checkout code	2026-02-10T10:52:45.2108320Z  * [new tag]             0.0.92                  -> 0.0.92
job-core	Checkout code	2026-02-10T10:52:45.2109292Z  * [new tag]             0.0.93                  -> 0.0.93
job-core	Checkout code	2026-02-10T10:52:45.2110718Z  * [new tag]             0.0.94                  -> 0.0.94
job-core	Checkout code	2026-02-10T10:52:45.2111553Z  * [new tag]             0.0.95                  -> 0.0.95
job-core	Checkout code	2026-02-10T10:52:45.2272223Z  * [new tag]             0.0.96                  -> 0.0.96
job-core	Checkout code	2026-02-10T10:52:45.2273179Z  * [new tag]             0.0.97                  -> 0.0.97
job-core	Checkout code	2026-02-10T10:52:45.2274040Z  * [new tag]             0.0.98                  -> 0.0.98
job-core	Checkout code	2026-02-10T10:52:45.2274897Z  * [new tag]             0.0.99                  -> 0.0.99
job-core	Checkout code	2026-02-10T10:52:45.2275741Z  * [new tag]             0.1.0                   -> 0.1.0
job-core	Checkout code	2026-02-10T10:52:45.2276579Z  * [new tag]             0.1.1                   -> 0.1.1
job-core	Checkout code	2026-02-10T10:52:45.2369032Z  * [new tag]             0.2.0                   -> 0.2.0
job-core	Checkout code	2026-02-10T10:52:45.2370563Z  * [new tag]             0.3.0                   -> 0.3.0
job-core	Checkout code	2026-02-10T10:52:45.2371909Z  * [new tag]             0.3.1                   -> 0.3.1
job-core	Checkout code	2026-02-10T10:52:45.2373093Z  * [new tag]             0.3.10                  -> 0.3.10
job-core	Checkout code	2026-02-10T10:52:45.2448828Z  * [new tag]             0.3.11                  -> 0.3.11
job-core	Checkout code	2026-02-10T10:52:45.2450540Z  * [new tag]             0.3.12                  -> 0.3.12
job-core	Checkout code	2026-02-10T10:52:45.2451398Z  * [new tag]             0.3.13                  -> 0.3.13
job-core	Checkout code	2026-02-10T10:52:45.2452258Z  * [new tag]             0.3.14                  -> 0.3.14
job-core	Checkout code	2026-02-10T10:52:45.2453931Z  * [new tag]             0.3.15                  -> 0.3.15
job-core	Checkout code	2026-02-10T10:52:45.2455291Z  * [new tag]             0.3.16                  -> 0.3.16
job-core	Checkout code	2026-02-10T10:52:45.2456134Z  * [new tag]             0.3.17                  -> 0.3.17
job-core	Checkout code	2026-02-10T10:52:45.2457535Z  * [new tag]             0.3.2                   -> 0.3.2
job-core	Checkout code	2026-02-10T10:52:45.2574640Z  * [new tag]             0.3.3                   -> 0.3.3
job-core	Checkout code	2026-02-10T10:52:45.2575582Z  * [new tag]             0.3.4                   -> 0.3.4
job-core	Checkout code	2026-02-10T10:52:45.2576467Z  * [new tag]             0.3.5                   -> 0.3.5
job-core	Checkout code	2026-02-10T10:52:45.2577263Z  * [new tag]             0.3.6                   -> 0.3.6
job-core	Checkout code	2026-02-10T10:52:45.2578599Z  * [new tag]             0.3.7                   -> 0.3.7
job-core	Checkout code	2026-02-10T10:52:45.2579467Z  * [new tag]             0.3.8                   -> 0.3.8
job-core	Checkout code	2026-02-10T10:52:45.2580362Z  * [new tag]             0.3.9                   -> 0.3.9
job-core	Checkout code	2026-02-10T10:52:45.2581240Z  * [new tag]             0.4.0                   -> 0.4.0
job-core	Checkout code	2026-02-10T10:52:45.2582123Z  * [new tag]             0.4.1                   -> 0.4.1
job-core	Checkout code	2026-02-10T10:52:45.2619292Z  * [new tag]             0.4.2                   -> 0.4.2
job-core	Checkout code	2026-02-10T10:52:45.2621112Z  * [new tag]             0.4.3                   -> 0.4.3
job-core	Checkout code	2026-02-10T10:52:45.2621899Z  * [new tag]             0.4.4                   -> 0.4.4
job-core	Checkout code	2026-02-10T10:52:45.2730428Z  * [new tag]             0.4.5                   -> 0.4.5
job-core	Checkout code	2026-02-10T10:52:45.2731215Z  * [new tag]             0.4.6                   -> 0.4.6
job-core	Checkout code	2026-02-10T10:52:45.2731916Z  * [new tag]             0.4.7                   -> 0.4.7
job-core	Checkout code	2026-02-10T10:52:45.2732792Z  * [new tag]             0.4.8                   -> 0.4.8
job-core	Checkout code	2026-02-10T10:52:45.2733592Z  * [new tag]             0.4.9                   -> 0.4.9
job-core	Checkout code	2026-02-10T10:52:45.2734425Z  * [new tag]             0.5.0                   -> 0.5.0
job-core	Checkout code	2026-02-10T10:52:45.2735443Z  * [new tag]             0.5.1                   -> 0.5.1
job-core	Checkout code	2026-02-10T10:52:45.2736380Z  * [new tag]             0.5.2                   -> 0.5.2
job-core	Checkout code	2026-02-10T10:52:45.2737387Z  * [new tag]             0.6.0                   -> 0.6.0
job-core	Checkout code	2026-02-10T10:52:45.2738460Z  * [new tag]             0.6.1                   -> 0.6.1
job-core	Checkout code	2026-02-10T10:52:45.2739363Z  * [new tag]             0.6.2                   -> 0.6.2
job-core	Checkout code	2026-02-10T10:52:45.9519661Z [command]/usr/bin/git branch --list --remote origin/H3266-deploy-zabbix
job-core	Checkout code	2026-02-10T10:52:46.0731174Z   origin/H3266-deploy-zabbix
job-core	Checkout code	2026-02-10T10:52:46.1205318Z [command]/usr/bin/git rev-parse refs/remotes/origin/H3266-deploy-zabbix
job-core	Checkout code	2026-02-10T10:52:46.1845529Z 9785583395806f6f852214ec031416f264a5097d
job-core	Checkout code	2026-02-10T10:52:46.2774175Z ##[endgroup]
job-core	Checkout code	2026-02-10T10:52:46.2775108Z ##[group]Determining the checkout info
job-core	Checkout code	2026-02-10T10:52:46.2776177Z ##[endgroup]
job-core	Checkout code	2026-02-10T10:52:46.2776785Z [command]/usr/bin/git sparse-checkout disable
job-core	Checkout code	2026-02-10T10:52:46.4731136Z [command]/usr/bin/git config --local --unset-all extensions.worktreeConfig
job-core	Checkout code	2026-02-10T10:52:46.6210576Z ##[group]Checking out the ref
job-core	Checkout code	2026-02-10T10:52:46.6691596Z [command]/usr/bin/git checkout --progress --force -B H3266-deploy-zabbix refs/remotes/origin/H3266-deploy-zabbix
job-core	Checkout code	2026-02-10T10:52:48.1595865Z Updating files:  17% (167/955)
job-core	Checkout code	2026-02-10T10:52:48.6180543Z Updating files:  18% (172/955)
job-core	Checkout code	2026-02-10T10:52:48.9054347Z Updating files:  19% (182/955)
job-core	Checkout code	2026-02-10T10:52:49.8311361Z Updating files:  19% (184/955)
job-core	Checkout code	2026-02-10T10:52:50.8791987Z Updating files:  19% (185/955)
job-core	Checkout code	2026-02-10T10:52:50.8795612Z Updating files:  19% (190/955)
job-core	Checkout code	2026-02-10T10:52:50.8796576Z Updating files:  20% (191/955)
job-core	Checkout code	2026-02-10T10:52:50.8797390Z Updating files:  21% (201/955)
job-core	Checkout code	2026-02-10T10:52:50.8850148Z Updating files:  22% (211/955)
job-core	Checkout code	2026-02-10T10:52:50.8853054Z Updating files:  23% (220/955)
job-core	Checkout code	2026-02-10T10:52:50.8853964Z Updating files:  24% (230/955)
job-core	Checkout code	2026-02-10T10:52:50.8859146Z Updating files:  25% (239/955)
job-core	Checkout code	2026-02-10T10:52:50.8925871Z Updating files:  26% (249/955)
job-core	Checkout code	2026-02-10T10:52:50.8926768Z Updating files:  27% (258/955)
job-core	Checkout code	2026-02-10T10:52:50.8927369Z Updating files:  28% (268/955)
job-core	Checkout code	2026-02-10T10:52:50.8928113Z Updating files:  29% (277/955)
job-core	Checkout code	2026-02-10T10:52:50.8929232Z Updating files:  30% (287/955)
job-core	Checkout code	2026-02-10T10:52:50.8930080Z Updating files:  31% (297/955)
job-core	Checkout code	2026-02-10T10:52:50.8931107Z Updating files:  32% (306/955)
job-core	Checkout code	2026-02-10T10:52:50.8932116Z Updating files:  33% (316/955)
job-core	Checkout code	2026-02-10T10:52:50.8932958Z Updating files:  34% (325/955)
job-core	Checkout code	2026-02-10T10:52:50.8933569Z Updating files:  35% (335/955)
job-core	Checkout code	2026-02-10T10:52:50.9396598Z Updating files:  36% (344/955)
job-core	Checkout code	2026-02-10T10:52:50.9397786Z Updating files:  37% (354/955)
job-core	Checkout code	2026-02-10T10:52:50.9399089Z Updating files:  38% (363/955)
job-core	Checkout code	2026-02-10T10:52:51.7122558Z Updating files:  39% (373/955)
job-core	Checkout code	2026-02-10T10:52:51.7641689Z Updating files:  40% (382/955)
job-core	Checkout code	2026-02-10T10:52:51.7800040Z Updating files:  40% (389/955)
job-core	Checkout code	2026-02-10T10:52:51.8129387Z Updating files:  41% (392/955)
job-core	Checkout code	2026-02-10T10:52:51.8530762Z Updating files:  42% (402/955)
job-core	Checkout code	2026-02-10T10:52:51.8909193Z Updating files:  43% (411/955)
job-core	Checkout code	2026-02-10T10:52:52.0219415Z Updating files:  44% (421/955)
job-core	Checkout code	2026-02-10T10:52:52.0390279Z Updating files:  45% (430/955)
job-core	Checkout code	2026-02-10T10:52:52.0408958Z Updating files:  46% (440/955)
job-core	Checkout code	2026-02-10T10:52:52.0409680Z Updating files:  47% (449/955)
job-core	Checkout code	2026-02-10T10:52:52.0410285Z Updating files:  48% (459/955)
job-core	Checkout code	2026-02-10T10:52:53.9471354Z Updating files:  49% (468/955)
job-core	Checkout code	2026-02-10T10:52:53.9642831Z Updating files:  49% (472/955)
job-core	Checkout code	2026-02-10T10:52:53.9654051Z Updating files:  50% (478/955)
job-core	Checkout code	2026-02-10T10:52:53.9998775Z Updating files:  51% (488/955)
job-core	Checkout code	2026-02-10T10:52:54.0094857Z Updating files:  52% (497/955)
job-core	Checkout code	2026-02-10T10:52:54.0097986Z Updating files:  53% (507/955)
job-core	Checkout code	2026-02-10T10:52:54.0167107Z Updating files:  54% (516/955)
job-core	Checkout code	2026-02-10T10:52:54.0187885Z Updating files:  55% (526/955)
job-core	Checkout code	2026-02-10T10:52:54.0206722Z Updating files:  56% (535/955)
job-core	Checkout code	2026-02-10T10:52:54.0233531Z Updating files:  57% (545/955)
job-core	Checkout code	2026-02-10T10:52:54.0350871Z Updating files:  58% (554/955)
job-core	Checkout code	2026-02-10T10:52:54.0998030Z Updating files:  59% (564/955)
job-core	Checkout code	2026-02-10T10:52:54.1649529Z Updating files:  60% (573/955)
job-core	Checkout code	2026-02-10T10:52:54.1663398Z Updating files:  61% (583/955)
job-core	Checkout code	2026-02-10T10:52:54.1671711Z Updating files:  62% (593/955)
job-core	Checkout code	2026-02-10T10:52:55.3689583Z Updating files:  63% (602/955)
job-core	Checkout code	2026-02-10T10:52:55.3699841Z Updating files:  63% (611/955)
job-core	Checkout code	2026-02-10T10:52:55.3750302Z Updating files:  64% (612/955)
job-core	Checkout code	2026-02-10T10:52:55.3817365Z Updating files:  65% (621/955)
job-core	Checkout code	2026-02-10T10:52:55.3964500Z Updating files:  66% (631/955)
job-core	Checkout code	2026-02-10T10:52:55.4069013Z Updating files:  67% (640/955)
job-core	Checkout code	2026-02-10T10:52:55.4125048Z Updating files:  68% (650/955)
job-core	Checkout code	2026-02-10T10:52:55.4158792Z Updating files:  69% (659/955)
job-core	Checkout code	2026-02-10T10:52:55.4449809Z Updating files:  70% (669/955)
job-core	Checkout code	2026-02-10T10:52:55.5368297Z Updating files:  71% (679/955)
job-core	Checkout code	2026-02-10T10:52:55.5400483Z Updating files:  72% (688/955)
job-core	Checkout code	2026-02-10T10:52:55.5401191Z Updating files:  73% (698/955)
job-core	Checkout code	2026-02-10T10:52:55.5401788Z Updating files:  74% (707/955)
job-core	Checkout code	2026-02-10T10:52:55.7876397Z Updating files:  75% (717/955)
job-core	Checkout code	2026-02-10T10:52:55.8854128Z Updating files:  75% (723/955)
job-core	Checkout code	2026-02-10T10:52:56.0750197Z Updating files:  76% (726/955)
job-core	Checkout code	2026-02-10T10:52:56.5454429Z Updating files:  77% (736/955)
job-core	Checkout code	2026-02-10T10:52:56.7580347Z Updating files:  78% (745/955)
job-core	Checkout code	2026-02-10T10:52:57.0950736Z Updating files:  78% (750/955)
job-core	Checkout code	2026-02-10T10:52:57.7633389Z Updating files:  79% (755/955)
job-core	Checkout code	2026-02-10T10:52:57.8489410Z Updating files:  79% (763/955)
job-core	Checkout code	2026-02-10T10:52:58.7742682Z Updating files:  80% (764/955)
job-core	Checkout code	2026-02-10T10:52:58.8732263Z Updating files:  80% (772/955)
job-core	Checkout code	2026-02-10T10:53:00.1105305Z Updating files:  81% (774/955)
job-core	Checkout code	2026-02-10T10:53:00.2062536Z Updating files:  81% (783/955)
job-core	Checkout code	2026-02-10T10:53:00.9567287Z Updating files:  82% (784/955)
job-core	Checkout code	2026-02-10T10:53:01.4730421Z Updating files:  82% (788/955)
job-core	Checkout code	2026-02-10T10:53:01.7971549Z Updating files:  83% (793/955)
job-core	Checkout code	2026-02-10T10:53:02.3920939Z Updating files:  83% (797/955)
job-core	Checkout code	2026-02-10T10:53:02.7828802Z Updating files:  84% (803/955)
job-core	Checkout code	2026-02-10T10:53:03.1823892Z Updating files:  84% (806/955)
job-core	Checkout code	2026-02-10T10:53:03.8740875Z Updating files:  85% (812/955)
job-core	Checkout code	2026-02-10T10:53:04.7935490Z Updating files:  85% (816/955)
job-core	Checkout code	2026-02-10T10:53:04.9424357Z Updating files:  85% (821/955)
job-core	Checkout code	2026-02-10T10:53:05.8109968Z Updating files:  86% (822/955)
job-core	Checkout code	2026-02-10T10:53:06.1054991Z Updating files:  86% (824/955)
job-core	Checkout code	2026-02-10T10:53:06.1167643Z Updating files:  87% (831/955)
job-core	Checkout code	2026-02-10T10:53:06.1242331Z Updating files:  88% (841/955)
job-core	Checkout code	2026-02-10T10:53:06.1261707Z Updating files:  89% (850/955)
job-core	Checkout code	2026-02-10T10:53:06.1262303Z Updating files:  90% (860/955)
job-core	Checkout code	2026-02-10T10:53:06.1262850Z Updating files:  91% (870/955)
job-core	Checkout code	2026-02-10T10:53:06.1592931Z Updating files:  92% (879/955)
job-core	Checkout code	2026-02-10T10:53:06.1877334Z Updating files:  93% (889/955)
job-core	Checkout code	2026-02-10T10:53:06.2318192Z Updating files:  94% (898/955)
job-core	Checkout code	2026-02-10T10:53:06.2595871Z Updating files:  95% (908/955)
job-core	Checkout code	2026-02-10T10:53:06.2603133Z Updating files:  96% (917/955)
job-core	Checkout code	2026-02-10T10:53:06.2617509Z Updating files:  97% (927/955)
job-core	Checkout code	2026-02-10T10:53:06.2759649Z Updating files:  98% (936/955)
job-core	Checkout code	2026-02-10T10:53:06.2760570Z Updating files:  99% (946/955)
job-core	Checkout code	2026-02-10T10:53:06.2761205Z Updating files: 100% (955/955)
job-core	Checkout code	2026-02-10T10:53:06.2761842Z Updating files: 100% (955/955), done.
job-core	Checkout code	2026-02-10T10:53:06.2854230Z Switched to a new branch 'H3266-deploy-zabbix'
job-core	Checkout code	2026-02-10T10:53:06.2897916Z branch 'H3266-deploy-zabbix' set up to track 'origin/H3266-deploy-zabbix'.
job-core	Checkout code	2026-02-10T10:53:06.4138722Z ##[endgroup]
job-core	Checkout code	2026-02-10T10:53:06.5594931Z [command]/usr/bin/git log -1 --format=%H
job-core	Checkout code	2026-02-10T10:53:06.7261919Z 9785583395806f6f852214ec031416f264a5097d
job-core	Install GH CLI	ï»¿2026-02-10T10:53:07.1715245Z Prepare all required actions
job-core	Install GH CLI	2026-02-10T10:53:07.3016670Z ##[group]Run ./.github/actions/install-gh-cli
job-core	Install GH CLI	2026-02-10T10:53:07.3017619Z env:
job-core	Install GH CLI	2026-02-10T10:53:07.3018381Z   KAOS_MODULE: [Ka0S] YAMLLINT
job-core	Install GH CLI	2026-02-10T10:53:07.3039173Z   GH_TOKEN: ***
job-core	Install GH CLI	2026-02-10T10:53:07.3040367Z   KAOS_YAMLLINT_CONFIG: core/config/kaos-yamllint-config.yaml
job-core	Install GH CLI	2026-02-10T10:53:07.3041827Z   KAOS_PRETTIER_CONFIG: compliance/yaml/.prettierrc.json
job-core	Install GH CLI	2026-02-10T10:53:07.3043238Z   KAOS_PATH_RESUME: audit/yamllint/
job-core	Install GH CLI	2026-02-10T10:53:07.3044302Z   KAOS_REPO: /actions-runner/_work/kaos/kaos
job-core	Install GH CLI	2026-02-10T10:53:07.3045048Z   KAOS_STEP_MODULE: 
job-core	Install GH CLI	2026-02-10T10:53:07.3045594Z   KAOS_CODE: 21861743268
job-core	Install GH CLI	2026-02-10T10:53:07.3046176Z   KAOS_REF_BRANCH: main
job-core	Install GH CLI	2026-02-10T10:53:07.3046735Z ##[endgroup]
job-core	Install GH CLI	2026-02-10T10:53:07.7648446Z ##[group]Run type -p curl >/dev/null || (sudo apt-get update && sudo apt-get install curl -y)
job-core	Install GH CLI	2026-02-10T10:53:07.7650837Z [36;1mtype -p curl >/dev/null || (sudo apt-get update && sudo apt-get install curl -y)[0m
job-core	Install GH CLI	2026-02-10T10:53:07.7653202Z [36;1mcurl -fsSL https://cli.github.com/packages/githubcli-archive-keyring.gpg | sudo dd of=/usr/share/keyrings/githubcli-archive-keyring.gpg \[0m
job-core	Install GH CLI	2026-02-10T10:53:07.7655313Z [36;1m&& sudo chmod go+r /usr/share/keyrings/githubcli-archive-keyring.gpg \[0m
job-core	Install GH CLI	2026-02-10T10:53:07.7658410Z [36;1m&& echo "deb [arch=$(dpkg --print-architecture) signed-by=/usr/share/keyrings/githubcli-archive-keyring.gpg] https://cli.github.com/packages stable main" | sudo tee /etc/apt/sources.list.d/github-cli.list > /dev/null \[0m
job-core	Install GH CLI	2026-02-10T10:53:07.7661124Z [36;1m&& sudo apt-get update \[0m
job-core	Install GH CLI	2026-02-10T10:53:07.7661867Z [36;1m&& sudo apt-get install gh -y[0m
job-core	Install GH CLI	2026-02-10T10:53:07.8033567Z shell: /usr/bin/bash --noprofile --norc -e -o pipefail {0}
job-core	Install GH CLI	2026-02-10T10:53:07.8034400Z env:
job-core	Install GH CLI	2026-02-10T10:53:07.8034845Z   KAOS_MODULE: [Ka0S] YAMLLINT
job-core	Install GH CLI	2026-02-10T10:53:07.8035752Z   GH_TOKEN: ***
job-core	Install GH CLI	2026-02-10T10:53:07.8036458Z   KAOS_YAMLLINT_CONFIG: core/config/kaos-yamllint-config.yaml
job-core	Install GH CLI	2026-02-10T10:53:07.8037460Z   KAOS_PRETTIER_CONFIG: compliance/yaml/.prettierrc.json
job-core	Install GH CLI	2026-02-10T10:53:07.8038905Z   KAOS_PATH_RESUME: audit/yamllint/
job-core	Install GH CLI	2026-02-10T10:53:07.8039588Z   KAOS_REPO: /actions-runner/_work/kaos/kaos
job-core	Install GH CLI	2026-02-10T10:53:07.8040294Z   KAOS_STEP_MODULE: 
job-core	Install GH CLI	2026-02-10T10:53:07.8040796Z   KAOS_CODE: 21861743268
job-core	Install GH CLI	2026-02-10T10:53:07.8041331Z   KAOS_REF_BRANCH: main
job-core	Install GH CLI	2026-02-10T10:53:07.8041846Z ##[endgroup]
job-core	Install GH CLI	2026-02-10T10:53:08.2307427Z 4+1 records in
job-core	Install GH CLI	2026-02-10T10:53:08.2511885Z 4+1 records out
job-core	Install GH CLI	2026-02-10T10:53:08.2660321Z 2270 bytes (2.3 kB, 2.2 KiB) copied, 0.280057 s, 8.1 kB/s
job-core	Install GH CLI	2026-02-10T10:53:10.6021618Z Get:1 http://archive.ubuntu.com/ubuntu noble InRelease [256 kB]
job-core	Install GH CLI	2026-02-10T10:53:10.6029276Z Get:2 http://security.ubuntu.com/ubuntu noble-security InRelease [126 kB]
job-core	Install GH CLI	2026-02-10T10:53:11.4399668Z Get:3 https://ppa.launchpadcontent.net/git-core/ppa/ubuntu noble InRelease [24.3 kB]
job-core	Install GH CLI	2026-02-10T10:53:11.4709207Z Get:4 http://archive.ubuntu.com/ubuntu noble-updates InRelease [126 kB]
job-core	Install GH CLI	2026-02-10T10:53:11.4711294Z Get:5 http://archive.ubuntu.com/ubuntu noble-backports InRelease [126 kB]
job-core	Install GH CLI	2026-02-10T10:53:11.9602958Z Get:6 https://cli.github.com/packages stable InRelease [3917 B]
job-core	Install GH CLI	2026-02-10T10:53:13.7549854Z Get:7 http://security.ubuntu.com/ubuntu noble-security/universe amd64 Packages [1199 kB]
job-core	Install GH CLI	2026-02-10T10:53:14.7351920Z Get:8 http://security.ubuntu.com/ubuntu noble-security/main amd64 Packages [1822 kB]
job-core	Install GH CLI	2026-02-10T10:53:14.8407285Z Get:9 http://security.ubuntu.com/ubuntu noble-security/restricted amd64 Packages [3106 kB]
job-core	Install GH CLI	2026-02-10T10:53:14.9112844Z Get:10 http://security.ubuntu.com/ubuntu noble-security/multiverse amd64 Packages [34.8 kB]
job-core	Install GH CLI	2026-02-10T10:53:15.6290424Z Get:11 https://ppa.launchpadcontent.net/git-core/ppa/ubuntu noble/main amd64 Packages [2994 B]
job-core	Install GH CLI	2026-02-10T10:53:18.1944136Z Get:12 http://archive.ubuntu.com/ubuntu noble/universe amd64 Packages [19.3 MB]
job-core	Install GH CLI	2026-02-10T10:53:22.4960723Z Get:13 http://archive.ubuntu.com/ubuntu noble/restricted amd64 Packages [117 kB]
job-core	Install GH CLI	2026-02-10T10:53:22.6633174Z Get:14 http://archive.ubuntu.com/ubuntu noble/multiverse amd64 Packages [331 kB]
job-core	Install GH CLI	2026-02-10T10:53:22.7901726Z Get:15 http://archive.ubuntu.com/ubuntu noble/main amd64 Packages [1808 kB]
job-core	Install GH CLI	2026-02-10T10:53:23.3190483Z Get:16 http://archive.ubuntu.com/ubuntu noble-updates/restricted amd64 Packages [3287 kB]
job-core	Install GH CLI	2026-02-10T10:53:23.6829571Z Get:17 http://archive.ubuntu.com/ubuntu noble-updates/universe amd64 Packages [1978 kB]
job-core	Install GH CLI	2026-02-10T10:53:23.9216632Z Get:18 https://cli.github.com/packages stable/main amd64 Packages [356 B]
job-core	Install GH CLI	2026-02-10T10:53:23.9921160Z Get:19 http://archive.ubuntu.com/ubuntu noble-updates/multiverse amd64 Packages [38.1 kB]
job-core	Install GH CLI	2026-02-10T10:53:24.0361213Z Get:20 http://archive.ubuntu.com/ubuntu noble-updates/main amd64 Packages [2201 kB]
job-core	Install GH CLI	2026-02-10T10:53:24.2413321Z Get:21 http://archive.ubuntu.com/ubuntu noble-backports/universe amd64 Packages [34.6 kB]
job-core	Install GH CLI	2026-02-10T10:53:24.2925507Z Get:22 http://archive.ubuntu.com/ubuntu noble-backports/main amd64 Packages [49.5 kB]
job-core	Install GH CLI	2026-02-10T10:53:45.7397732Z Fetched 36.0 MB in 35s (1023 kB/s)
job-core	Install GH CLI	2026-02-10T10:54:00.3632588Z Reading package lists...
job-core	Install GH CLI	2026-02-10T10:54:13.3751268Z Reading package lists...
job-core	Install GH CLI	2026-02-10T10:54:14.4455705Z Building dependency tree...
job-core	Install GH CLI	2026-02-10T10:54:14.4458396Z Reading state information...
job-core	Install GH CLI	2026-02-10T10:54:17.4633340Z The following NEW packages will be installed:
job-core	Install GH CLI	2026-02-10T10:54:17.4798697Z   gh
job-core	Install GH CLI	2026-02-10T10:54:18.2164450Z 0 upgraded, 1 newly installed, 0 to remove and 18 not upgraded.
job-core	Install GH CLI	2026-02-10T10:54:18.2171746Z Need to get 13.7 MB of archives.
job-core	Install GH CLI	2026-02-10T10:54:18.2210014Z After this operation, 37.9 MB of additional disk space will be used.
job-core	Install GH CLI	2026-02-10T10:54:18.2211334Z Get:1 https://cli.github.com/packages stable/main amd64 gh amd64 2.86.0 [13.7 MB]
job-core	Install GH CLI	2026-02-10T10:54:24.8475558Z debconf: delaying package configuration, since apt-utils is not installed
job-core	Install GH CLI	2026-02-10T10:54:25.3149633Z Fetched 13.7 MB in 4s (3274 kB/s)
job-core	Install GH CLI	2026-02-10T10:54:25.6892467Z Selecting previously unselected package gh.
job-core	Install GH CLI	2026-02-10T10:54:25.7378892Z (Reading database ... 
job-core	Install GH CLI	2026-02-10T10:54:25.7382075Z (Reading database ... 5%
job-core	Install GH CLI	2026-02-10T10:54:25.7384537Z (Reading database ... 10%
job-core	Install GH CLI	2026-02-10T10:54:25.7385073Z (Reading database ... 15%
job-core	Install GH CLI	2026-02-10T10:54:25.7385589Z (Reading database ... 20%
job-core	Install GH CLI	2026-02-10T10:54:25.7386101Z (Reading database ... 25%
job-core	Install GH CLI	2026-02-10T10:54:25.7386618Z (Reading database ... 30%
job-core	Install GH CLI	2026-02-10T10:54:25.7387138Z (Reading database ... 35%
job-core	Install GH CLI	2026-02-10T10:54:25.7387902Z (Reading database ... 40%
job-core	Install GH CLI	2026-02-10T10:54:25.7388474Z (Reading database ... 45%
job-core	Install GH CLI	2026-02-10T10:54:25.7388986Z (Reading database ... 50%
job-core	Install GH CLI	2026-02-10T10:54:25.7389626Z (Reading database ... 55%
job-core	Install GH CLI	2026-02-10T10:54:25.7390361Z (Reading database ... 60%
job-core	Install GH CLI	2026-02-10T10:54:25.7391004Z (Reading database ... 65%
job-core	Install GH CLI	2026-02-10T10:54:25.7391643Z (Reading database ... 70%
job-core	Install GH CLI	2026-02-10T10:54:25.7392167Z (Reading database ... 75%
job-core	Install GH CLI	2026-02-10T10:54:25.7392691Z (Reading database ... 80%
job-core	Install GH CLI	2026-02-10T10:54:25.7393250Z (Reading database ... 85%
job-core	Install GH CLI	2026-02-10T10:54:25.7393798Z (Reading database ... 90%
job-core	Install GH CLI	2026-02-10T10:54:25.7394317Z (Reading database ... 95%
job-core	Install GH CLI	2026-02-10T10:54:25.7395024Z (Reading database ... 100%
job-core	Install GH CLI	2026-02-10T10:54:25.7395885Z (Reading database ... 14385 files and directories currently installed.)
job-core	Install GH CLI	2026-02-10T10:54:25.7397486Z Preparing to unpack .../archives/gh_2.86.0_amd64.deb ...
job-core	Install GH CLI	2026-02-10T10:54:25.7967694Z Unpacking gh (2.86.0) ...
job-core	Install GH CLI	2026-02-10T10:54:34.8026443Z Setting up gh (2.86.0) ...
job-core	Setup Python and Node.js	ï»¿2026-02-10T10:54:35.5262516Z ##[group]Run actions/setup-python@v5
job-core	Setup Python and Node.js	2026-02-10T10:54:35.5263208Z with:
job-core	Setup Python and Node.js	2026-02-10T10:54:35.5263786Z   python-version: 3.x
job-core	Setup Python and Node.js	2026-02-10T10:54:35.5264707Z   check-latest: false
job-core	Setup Python and Node.js	2026-02-10T10:54:35.5265597Z   token: ***
job-core	Setup Python and Node.js	2026-02-10T10:54:35.5266420Z   update-environment: true
job-core	Setup Python and Node.js	2026-02-10T10:54:35.5267123Z   allow-prereleases: false
job-core	Setup Python and Node.js	2026-02-10T10:54:35.5268203Z   freethreaded: false
job-core	Setup Python and Node.js	2026-02-10T10:54:35.5268878Z env:
job-core	Setup Python and Node.js	2026-02-10T10:54:35.5269438Z   KAOS_MODULE: [Ka0S] YAMLLINT
job-core	Setup Python and Node.js	2026-02-10T10:54:35.5270740Z   GH_TOKEN: ***
job-core	Setup Python and Node.js	2026-02-10T10:54:35.5272261Z   KAOS_YAMLLINT_CONFIG: core/config/kaos-yamllint-config.yaml
job-core	Setup Python and Node.js	2026-02-10T10:54:35.5273104Z   KAOS_PRETTIER_CONFIG: compliance/yaml/.prettierrc.json
job-core	Setup Python and Node.js	2026-02-10T10:54:35.5273799Z   KAOS_PATH_RESUME: audit/yamllint/
job-core	Setup Python and Node.js	2026-02-10T10:54:35.5274797Z   KAOS_REPO: /actions-runner/_work/kaos/kaos
job-core	Setup Python and Node.js	2026-02-10T10:54:35.5275387Z   KAOS_STEP_MODULE: 
job-core	Setup Python and Node.js	2026-02-10T10:54:35.5275852Z   KAOS_CODE: 21861743268
job-core	Setup Python and Node.js	2026-02-10T10:54:35.5276395Z   KAOS_REF_BRANCH: main
job-core	Setup Python and Node.js	2026-02-10T10:54:35.5276890Z ##[endgroup]
job-core	Setup Python and Node.js	2026-02-10T10:54:39.0019858Z ##[group]Installed versions
job-core	Setup Python and Node.js	2026-02-10T10:54:39.0335549Z Version 3.x was not found in the local cache
job-core	Setup Python and Node.js	2026-02-10T10:54:42.5273057Z Version 3.x is available for downloading
job-core	Setup Python and Node.js	2026-02-10T10:54:42.5319403Z Download from "https://github.com/actions/python-versions/releases/download/3.14.3-21673711214/python-3.14.3-linux-24.04-x64.tar.gz"
job-core	Setup Python and Node.js	2026-02-10T10:55:10.1739233Z Extract downloaded archive
job-core	Setup Python and Node.js	2026-02-10T10:55:10.2968814Z [command]/usr/bin/tar xz --warning=no-unknown-keyword --overwrite -C /home/runner/_work/_temp/3747dd76-df20-4d93-a260-c45c542a4bba -f /home/runner/_work/_temp/786b9f44-add4-4791-9266-868912d475f8
job-core	Setup Python and Node.js	2026-02-10T10:56:23.0462005Z Execute installation script
job-core	Setup Python and Node.js	2026-02-10T10:56:23.4146330Z Check if Python hostedtoolcache folder exist...
job-core	Setup Python and Node.js	2026-02-10T10:56:23.4279656Z Creating Python hostedtoolcache folder...
job-core	Setup Python and Node.js	2026-02-10T10:56:23.4535380Z Create Python 3.14.3 folder
job-core	Setup Python and Node.js	2026-02-10T10:56:23.4713609Z Copy Python binaries to hostedtoolcache folder
job-core	Setup Python and Node.js	2026-02-10T10:57:50.5534224Z Create additional symlinks (Required for the UsePythonVersion Azure Pipelines task and the setup-python GitHub Action)
job-core	Setup Python and Node.js	2026-02-10T10:57:50.5875725Z Upgrading pip...
job-core	Setup Python and Node.js	2026-02-10T10:58:25.8302190Z Looking in links: /tmp/tmppfci7e_t
job-core	Setup Python and Node.js	2026-02-10T10:58:25.8344485Z Requirement already satisfied: pip in /home/runner/_work/_tool/Python/3.14.3/x64/lib/python3.14/site-packages (25.3)
job-core	Setup Python and Node.js	2026-02-10T10:58:59.2312373Z Collecting pip
job-core	Setup Python and Node.js	2026-02-10T10:58:59.8555654Z Downloading pip-26.0.1-py3-none-any.whl.metadata (4.7 kB)
job-core	Setup Python and Node.js	2026-02-10T10:59:00.5945241Z Downloading pip-26.0.1-py3-none-any.whl (1.8 MB)
job-core	Setup Python and Node.js	2026-02-10T10:59:00.9457195Z ââââââââââââââââââââââââââââââââââââââââ 1.8/1.8 MB 7.2 MB/s  0:00:00
job-core	Setup Python and Node.js	2026-02-10T10:59:01.0253258Z Installing collected packages: pip
job-core	Setup Python and Node.js	2026-02-10T10:59:01.0263460Z Attempting uninstall: pip
job-core	Setup Python and Node.js	2026-02-10T10:59:01.0318865Z Found existing installation: pip 25.3
job-core	Setup Python and Node.js	2026-02-10T10:59:01.8461084Z Uninstalling pip-25.3:
job-core	Setup Python and Node.js	2026-02-10T10:59:02.0505221Z Successfully uninstalled pip-25.3
job-core	Setup Python and Node.js	2026-02-10T10:59:22.5006038Z Successfully installed pip-26.0.1
job-core	Setup Python and Node.js	2026-02-10T10:59:22.8711224Z Create complete file
job-core	Setup Python and Node.js	2026-02-10T10:59:22.8887227Z Successfully set up CPython (3.14.3)
job-core	Setup Python and Node.js	2026-02-10T10:59:22.8902379Z ##[endgroup]
job-core	Install Node.js	ï»¿2026-02-10T10:59:23.1929705Z ##[group]Run actions/setup-node@v4
job-core	Install Node.js	2026-02-10T10:59:23.1930721Z with:
job-core	Install Node.js	2026-02-10T10:59:23.1931380Z   node-version: 20
job-core	Install Node.js	2026-02-10T10:59:23.1931968Z   always-auth: false
job-core	Install Node.js	2026-02-10T10:59:23.1932559Z   check-latest: false
job-core	Install Node.js	2026-02-10T10:59:23.1933518Z   token: ***
job-core	Install Node.js	2026-02-10T10:59:23.1934544Z env:
job-core	Install Node.js	2026-02-10T10:59:23.1935630Z   KAOS_MODULE: [Ka0S] YAMLLINT
job-core	Install Node.js	2026-02-10T10:59:23.1937030Z   GH_TOKEN: ***
job-core	Install Node.js	2026-02-10T10:59:23.1938272Z   KAOS_YAMLLINT_CONFIG: core/config/kaos-yamllint-config.yaml
job-core	Install Node.js	2026-02-10T10:59:23.1939818Z   KAOS_PRETTIER_CONFIG: compliance/yaml/.prettierrc.json
job-core	Install Node.js	2026-02-10T10:59:23.1940884Z   KAOS_PATH_RESUME: audit/yamllint/
job-core	Install Node.js	2026-02-10T10:59:23.1941682Z   KAOS_REPO: /actions-runner/_work/kaos/kaos
job-core	Install Node.js	2026-02-10T10:59:23.1942297Z   KAOS_STEP_MODULE: 
job-core	Install Node.js	2026-02-10T10:59:23.1942810Z   KAOS_CODE: 21861743268
job-core	Install Node.js	2026-02-10T10:59:23.1943365Z   KAOS_REF_BRANCH: main
job-core	Install Node.js	2026-02-10T10:59:23.1944057Z   pythonLocation: /home/runner/_work/_tool/Python/3.14.3/x64
job-core	Install Node.js	2026-02-10T10:59:23.1945296Z   PKG_CONFIG_PATH: /home/runner/_work/_tool/Python/3.14.3/x64/lib/pkgconfig
job-core	Install Node.js	2026-02-10T10:59:23.1946665Z   Python_ROOT_DIR: /home/runner/_work/_tool/Python/3.14.3/x64
job-core	Install Node.js	2026-02-10T10:59:23.1947738Z   Python2_ROOT_DIR: /home/runner/_work/_tool/Python/3.14.3/x64
job-core	Install Node.js	2026-02-10T10:59:23.2082983Z   Python3_ROOT_DIR: /home/runner/_work/_tool/Python/3.14.3/x64
job-core	Install Node.js	2026-02-10T10:59:23.2084815Z   LD_LIBRARY_PATH: /home/runner/_work/_tool/Python/3.14.3/x64/lib
job-core	Install Node.js	2026-02-10T10:59:23.2085716Z ##[endgroup]
job-core	Install Node.js	2026-02-10T10:59:26.9795657Z Attempting to download 20...
job-core	Install Node.js	2026-02-10T10:59:29.9797060Z Acquiring 20.20.0 - x64 from https://github.com/actions/node-versions/releases/download/20.20.0-20981710805/node-20.20.0-linux-x64.tar.gz
job-core	Install Node.js	2026-02-10T10:59:40.0149311Z Extracting ...
job-core	Install Node.js	2026-02-10T10:59:40.3493976Z [command]/usr/bin/tar xz --strip 1 --warning=no-unknown-keyword --overwrite -C /home/runner/_work/_temp/34690b7f-9fed-44cc-8d38-55c9b48aa3ea -f /home/runner/_work/_temp/964a1b4d-1adf-40cb-bd1d-7c5a13d3b8f3
job-core	Install Node.js	2026-02-10T11:00:13.3550629Z Adding to the cache ...
job-core	Install Node.js	2026-02-10T11:01:32.0748764Z ##[group]Environment details
job-core	Install Node.js	2026-02-10T11:01:36.0259509Z node: v20.20.0
job-core	Install Node.js	2026-02-10T11:01:36.0290409Z npm: 10.8.2
job-core	Install Node.js	2026-02-10T11:01:36.0304659Z yarn: 
job-core	Install Node.js	2026-02-10T11:01:36.0312570Z ##[endgroup]
job-core	Run Ka0s Lint YAML Action	ï»¿2026-02-10T11:01:36.4496321Z Prepare all required actions
job-core	Run Ka0s Lint YAML Action	2026-02-10T11:01:36.6309918Z ##[group]Run ./.github/actions/kaos-lint-yaml
job-core	Run Ka0s Lint YAML Action	2026-02-10T11:01:36.6310755Z with:
job-core	Run Ka0s Lint YAML Action	2026-02-10T11:01:36.6311677Z   file_path: core/b2b/core-services/ingress-nginx/service-loadbalancer-patch.yaml
job-core	Run Ka0s Lint YAML Action	2026-02-10T11:01:36.6312869Z   fix: true
job-core	Run Ka0s Lint YAML Action	2026-02-10T11:01:36.6313745Z   path_resume: audit/yamllint/yamllint-results-21861743268.txt
job-core	Run Ka0s Lint YAML Action	2026-02-10T11:01:36.6351810Z   yamllint_config: core/config/kaos-yamllint-config.yaml
job-core	Run Ka0s Lint YAML Action	2026-02-10T11:01:36.6352733Z   prettier_config: compliance/yaml/.prettierrc.json
job-core	Run Ka0s Lint YAML Action	2026-02-10T11:01:36.6355716Z env:
job-core	Run Ka0s Lint YAML Action	2026-02-10T11:01:36.6356138Z   KAOS_MODULE: [Ka0S] YAMLLINT
job-core	Run Ka0s Lint YAML Action	2026-02-10T11:01:36.6357501Z   GH_TOKEN: ***
job-core	Run Ka0s Lint YAML Action	2026-02-10T11:01:36.6390816Z   KAOS_YAMLLINT_CONFIG: core/config/kaos-yamllint-config.yaml
job-core	Run Ka0s Lint YAML Action	2026-02-10T11:01:36.6433848Z   KAOS_PRETTIER_CONFIG: compliance/yaml/.prettierrc.json
job-core	Run Ka0s Lint YAML Action	2026-02-10T11:01:36.6435020Z   KAOS_PATH_RESUME: audit/yamllint/
job-core	Run Ka0s Lint YAML Action	2026-02-10T11:01:36.6435682Z   KAOS_REPO: /actions-runner/_work/kaos/kaos
job-core	Run Ka0s Lint YAML Action	2026-02-10T11:01:36.6436406Z   KAOS_STEP_MODULE: 
job-core	Run Ka0s Lint YAML Action	2026-02-10T11:01:36.6436890Z   KAOS_CODE: 21861743268
job-core	Run Ka0s Lint YAML Action	2026-02-10T11:01:36.6437490Z   KAOS_REF_BRANCH: main
job-core	Run Ka0s Lint YAML Action	2026-02-10T11:01:36.6450751Z   pythonLocation: /home/runner/_work/_tool/Python/3.14.3/x64
job-core	Run Ka0s Lint YAML Action	2026-02-10T11:01:36.6452391Z   PKG_CONFIG_PATH: /home/runner/_work/_tool/Python/3.14.3/x64/lib/pkgconfig
job-core	Run Ka0s Lint YAML Action	2026-02-10T11:01:36.6453951Z   Python_ROOT_DIR: /home/runner/_work/_tool/Python/3.14.3/x64
job-core	Run Ka0s Lint YAML Action	2026-02-10T11:01:36.6455431Z   Python2_ROOT_DIR: /home/runner/_work/_tool/Python/3.14.3/x64
job-core	Run Ka0s Lint YAML Action	2026-02-10T11:01:36.6456850Z   Python3_ROOT_DIR: /home/runner/_work/_tool/Python/3.14.3/x64
job-core	Run Ka0s Lint YAML Action	2026-02-10T11:01:36.6609158Z   LD_LIBRARY_PATH: /home/runner/_work/_tool/Python/3.14.3/x64/lib
job-core	Run Ka0s Lint YAML Action	2026-02-10T11:01:36.6610856Z ##[endgroup]
job-core	Run Ka0s Lint YAML Action	2026-02-10T11:01:36.8477011Z ##[group]Run if ! command -v yamllint &> /dev/null; then pip install yamllint; fi
job-core	Run Ka0s Lint YAML Action	2026-02-10T11:01:36.9323662Z [36;1mif ! command -v yamllint &> /dev/null; then pip install yamllint; fi[0m
job-core	Run Ka0s Lint YAML Action	2026-02-10T11:01:36.9325063Z [36;1mif ! command -v prettier &> /dev/null; then npm install -g prettier; fi[0m
job-core	Run Ka0s Lint YAML Action	2026-02-10T11:01:36.9326454Z [36;1mmkdir -p $(dirname "audit/yamllint/yamllint-results-21861743268.txt")[0m
job-core	Run Ka0s Lint YAML Action	2026-02-10T11:01:37.2362835Z shell: /usr/bin/bash --noprofile --norc -e -o pipefail {0}
job-core	Run Ka0s Lint YAML Action	2026-02-10T11:01:37.2363564Z env:
job-core	Run Ka0s Lint YAML Action	2026-02-10T11:01:37.2363969Z   KAOS_MODULE: [Ka0S] YAMLLINT
job-core	Run Ka0s Lint YAML Action	2026-02-10T11:01:37.2364788Z   GH_TOKEN: ***
job-core	Run Ka0s Lint YAML Action	2026-02-10T11:01:37.2365391Z   KAOS_YAMLLINT_CONFIG: core/config/kaos-yamllint-config.yaml
job-core	Run Ka0s Lint YAML Action	2026-02-10T11:01:37.2366336Z   KAOS_PRETTIER_CONFIG: compliance/yaml/.prettierrc.json
job-core	Run Ka0s Lint YAML Action	2026-02-10T11:01:37.2367080Z   KAOS_PATH_RESUME: audit/yamllint/
job-core	Run Ka0s Lint YAML Action	2026-02-10T11:01:37.2367707Z   KAOS_REPO: /actions-runner/_work/kaos/kaos
job-core	Run Ka0s Lint YAML Action	2026-02-10T11:01:37.2587030Z   KAOS_STEP_MODULE: 
job-core	Run Ka0s Lint YAML Action	2026-02-10T11:01:37.2587597Z   KAOS_CODE: 21861743268
job-core	Run Ka0s Lint YAML Action	2026-02-10T11:01:37.2588464Z   KAOS_REF_BRANCH: main
job-core	Run Ka0s Lint YAML Action	2026-02-10T11:01:37.2589224Z   pythonLocation: /home/runner/_work/_tool/Python/3.14.3/x64
job-core	Run Ka0s Lint YAML Action	2026-02-10T11:01:37.2590887Z   PKG_CONFIG_PATH: /home/runner/_work/_tool/Python/3.14.3/x64/lib/pkgconfig
job-core	Run Ka0s Lint YAML Action	2026-02-10T11:01:37.2592058Z   Python_ROOT_DIR: /home/runner/_work/_tool/Python/3.14.3/x64
job-core	Run Ka0s Lint YAML Action	2026-02-10T11:01:37.2593672Z   Python2_ROOT_DIR: /home/runner/_work/_tool/Python/3.14.3/x64
job-core	Run Ka0s Lint YAML Action	2026-02-10T11:01:37.2594672Z   Python3_ROOT_DIR: /home/runner/_work/_tool/Python/3.14.3/x64
job-core	Run Ka0s Lint YAML Action	2026-02-10T11:01:37.2595675Z   LD_LIBRARY_PATH: /home/runner/_work/_tool/Python/3.14.3/x64/lib
job-core	Run Ka0s Lint YAML Action	2026-02-10T11:01:37.2596499Z ##[endgroup]
job-core	Run Ka0s Lint YAML Action	2026-02-10T11:01:50.7705737Z Collecting yamllint
job-core	Run Ka0s Lint YAML Action	2026-02-10T11:01:52.2952854Z   Downloading yamllint-1.38.0-py3-none-any.whl.metadata (4.2 kB)
job-core	Run Ka0s Lint YAML Action	2026-02-10T11:01:52.5968521Z Collecting pathspec>=1.0.0 (from yamllint)
job-core	Run Ka0s Lint YAML Action	2026-02-10T11:01:52.6084345Z   Downloading pathspec-1.0.4-py3-none-any.whl.metadata (13 kB)
job-core	Run Ka0s Lint YAML Action	2026-02-10T11:01:53.0463277Z Collecting pyyaml (from yamllint)
job-core	Run Ka0s Lint YAML Action	2026-02-10T11:01:53.1088954Z   Downloading pyyaml-6.0.3-cp314-cp314-manylinux2014_x86_64.manylinux_2_17_x86_64.manylinux_2_28_x86_64.whl.metadata (2.4 kB)
job-core	Run Ka0s Lint YAML Action	2026-02-10T11:01:53.2942507Z Downloading yamllint-1.38.0-py3-none-any.whl (68 kB)
job-core	Run Ka0s Lint YAML Action	2026-02-10T11:01:53.4776067Z Downloading pathspec-1.0.4-py3-none-any.whl (55 kB)
job-core	Run Ka0s Lint YAML Action	2026-02-10T11:01:53.5393448Z Downloading pyyaml-6.0.3-cp314-cp314-manylinux2014_x86_64.manylinux_2_17_x86_64.manylinux_2_28_x86_64.whl (794 kB)
job-core	Run Ka0s Lint YAML Action	2026-02-10T11:01:53.7002803Z    ââââââââââââââââââââââââââââââââââââââââ 794.2/794.2 kB 6.7 MB/s  0:00:00
job-core	Run Ka0s Lint YAML Action	2026-02-10T11:01:53.9299760Z Installing collected packages: pyyaml, pathspec, yamllint
job-core	Run Ka0s Lint YAML Action	2026-02-10T11:01:56.9733852Z 
job-core	Run Ka0s Lint YAML Action	2026-02-10T11:01:57.0059266Z Successfully installed pathspec-1.0.4 pyyaml-6.0.3 yamllint-1.38.0
job-core	Run Ka0s Lint YAML Action	2026-02-10T11:02:14.7408918Z 
job-core	Run Ka0s Lint YAML Action	2026-02-10T11:02:14.7410058Z added 1 package in 13s
job-core	Run Ka0s Lint YAML Action	2026-02-10T11:02:14.7410954Z 
job-core	Run Ka0s Lint YAML Action	2026-02-10T11:02:14.7412214Z 1 package is looking for funding
job-core	Run Ka0s Lint YAML Action	2026-02-10T11:02:14.7686575Z   run `npm fund` for details
job-core	Run Ka0s Lint YAML Action	2026-02-10T11:02:15.0720297Z ##[group]Run FILE="core/b2b/core-services/ingress-nginx/service-loadbalancer-patch.yaml"
job-core	Run Ka0s Lint YAML Action	2026-02-10T11:02:15.0722744Z [36;1mFILE="core/b2b/core-services/ingress-nginx/service-loadbalancer-patch.yaml"[0m
job-core	Run Ka0s Lint YAML Action	2026-02-10T11:02:15.0724907Z [36;1mRESUME_FILE="audit/yamllint/yamllint-results-21861743268.txt"[0m
job-core	Run Ka0s Lint YAML Action	2026-02-10T11:02:15.0726637Z [36;1mYAML_CFG="core/config/kaos-yamllint-config.yaml"[0m
job-core	Run Ka0s Lint YAML Action	2026-02-10T11:02:15.0729053Z [36;1mPRETTIER_CFG="compliance/yaml/.prettierrc.json"[0m
job-core	Run Ka0s Lint YAML Action	2026-02-10T11:02:15.0730024Z [36;1m[0m
job-core	Run Ka0s Lint YAML Action	2026-02-10T11:02:15.0730884Z [36;1mecho "Starting YAML Check for: $FILE" >> "$RESUME_FILE"[0m
job-core	Run Ka0s Lint YAML Action	2026-02-10T11:02:15.0731885Z [36;1m[0m
job-core	Run Ka0s Lint YAML Action	2026-02-10T11:02:15.0732444Z [36;1m# 1. Syntax (yamllint)[0m
job-core	Run Ka0s Lint YAML Action	2026-02-10T11:02:15.0733561Z [36;1mif ! yamllint -c "$YAML_CFG" "$FILE" >> "$RESUME_FILE" 2>&1; then[0m
job-core	Run Ka0s Lint YAML Action	2026-02-10T11:02:15.0735058Z [36;1m  echo "â Syntax Error detected by Yamllint" >> "$RESUME_FILE"[0m
job-core	Run Ka0s Lint YAML Action	2026-02-10T11:02:15.0736059Z [36;1m  exit 1[0m
job-core	Run Ka0s Lint YAML Action	2026-02-10T11:02:15.0736707Z [36;1melse[0m
job-core	Run Ka0s Lint YAML Action	2026-02-10T11:02:15.0737493Z [36;1m  echo "â Syntax Check Passed" >> "$RESUME_FILE"[0m
job-core	Run Ka0s Lint YAML Action	2026-02-10T11:02:15.0759379Z [36;1mfi[0m
job-core	Run Ka0s Lint YAML Action	2026-02-10T11:02:15.0760124Z [36;1m[0m
job-core	Run Ka0s Lint YAML Action	2026-02-10T11:02:15.0760774Z [36;1m# 2. Style (Prettier)[0m
job-core	Run Ka0s Lint YAML Action	2026-02-10T11:02:15.0761751Z [36;1mif ! prettier --check "$FILE" --config "$PRETTIER_CFG"; then[0m
job-core	Run Ka0s Lint YAML Action	2026-02-10T11:02:15.0762836Z [36;1m  echo "â ï¸ Style Error detected." >> "$RESUME_FILE"[0m
job-core	Run Ka0s Lint YAML Action	2026-02-10T11:02:15.0763670Z [36;1m  [0m
job-core	Run Ka0s Lint YAML Action	2026-02-10T11:02:15.0764178Z [36;1m  if [ "true" == "true" ]; then[0m
job-core	Run Ka0s Lint YAML Action	2026-02-10T11:02:15.0765063Z [36;1m    echo "Attempting Self-Healing..." >> "$RESUME_FILE"[0m
job-core	Run Ka0s Lint YAML Action	2026-02-10T11:02:15.0766273Z [36;1m    if prettier --write "$FILE" --config "$PRETTIER_CFG"; then[0m
job-core	Run Ka0s Lint YAML Action	2026-02-10T11:02:15.0767454Z [36;1m      echo "â Self-Healing Successful." >> "$RESUME_FILE"[0m
job-core	Run Ka0s Lint YAML Action	2026-02-10T11:02:15.0781117Z [36;1m    else[0m
job-core	Run Ka0s Lint YAML Action	2026-02-10T11:02:15.0781806Z [36;1m      echo "â Self-Healing Failed." >> "$RESUME_FILE"[0m
job-core	Run Ka0s Lint YAML Action	2026-02-10T11:02:15.0782589Z [36;1m      exit 1[0m
job-core	Run Ka0s Lint YAML Action	2026-02-10T11:02:15.0783193Z [36;1m    fi[0m
job-core	Run Ka0s Lint YAML Action	2026-02-10T11:02:15.0783807Z [36;1m  else[0m
job-core	Run Ka0s Lint YAML Action	2026-02-10T11:02:15.0784780Z [36;1m     echo "â Style violations found (Fix mode disabled)." >> "$RESUME_FILE"[0m
job-core	Run Ka0s Lint YAML Action	2026-02-10T11:02:15.0785812Z [36;1m     exit 1[0m
job-core	Run Ka0s Lint YAML Action	2026-02-10T11:02:15.0787271Z [36;1m  fi[0m
job-core	Run Ka0s Lint YAML Action	2026-02-10T11:02:15.0815008Z [36;1melse[0m
job-core	Run Ka0s Lint YAML Action	2026-02-10T11:02:15.0815862Z [36;1m  echo "â Style Check Passed" >> "$RESUME_FILE"[0m
job-core	Run Ka0s Lint YAML Action	2026-02-10T11:02:15.0816627Z [36;1mfi[0m
job-core	Run Ka0s Lint YAML Action	2026-02-10T11:02:15.0900222Z shell: /usr/bin/bash --noprofile --norc -e -o pipefail {0}
job-core	Run Ka0s Lint YAML Action	2026-02-10T11:02:15.0901488Z env:
job-core	Run Ka0s Lint YAML Action	2026-02-10T11:02:15.0902132Z   KAOS_MODULE: [Ka0S] YAMLLINT
job-core	Run Ka0s Lint YAML Action	2026-02-10T11:02:15.0903567Z   GH_TOKEN: ***
job-core	Run Ka0s Lint YAML Action	2026-02-10T11:02:15.0904633Z   KAOS_YAMLLINT_CONFIG: core/config/kaos-yamllint-config.yaml
job-core	Run Ka0s Lint YAML Action	2026-02-10T11:02:15.0906221Z   KAOS_PRETTIER_CONFIG: compliance/yaml/.prettierrc.json
job-core	Run Ka0s Lint YAML Action	2026-02-10T11:02:15.0907534Z   KAOS_PATH_RESUME: audit/yamllint/
job-core	Run Ka0s Lint YAML Action	2026-02-10T11:02:15.0925969Z   KAOS_REPO: /actions-runner/_work/kaos/kaos
job-core	Run Ka0s Lint YAML Action	2026-02-10T11:02:15.0926797Z   KAOS_STEP_MODULE: 
job-core	Run Ka0s Lint YAML Action	2026-02-10T11:02:15.0927350Z   KAOS_CODE: 21861743268
job-core	Run Ka0s Lint YAML Action	2026-02-10T11:02:15.0928238Z   KAOS_REF_BRANCH: main
job-core	Run Ka0s Lint YAML Action	2026-02-10T11:02:15.0930066Z   pythonLocation: /home/runner/_work/_tool/Python/3.14.3/x64
job-core	Run Ka0s Lint YAML Action	2026-02-10T11:02:15.0931835Z   PKG_CONFIG_PATH: /home/runner/_work/_tool/Python/3.14.3/x64/lib/pkgconfig
job-core	Run Ka0s Lint YAML Action	2026-02-10T11:02:15.0933546Z   Python_ROOT_DIR: /home/runner/_work/_tool/Python/3.14.3/x64
job-core	Run Ka0s Lint YAML Action	2026-02-10T11:02:15.0989538Z   Python2_ROOT_DIR: /home/runner/_work/_tool/Python/3.14.3/x64
job-core	Run Ka0s Lint YAML Action	2026-02-10T11:02:15.0991237Z   Python3_ROOT_DIR: /home/runner/_work/_tool/Python/3.14.3/x64
job-core	Run Ka0s Lint YAML Action	2026-02-10T11:02:15.0992859Z   LD_LIBRARY_PATH: /home/runner/_work/_tool/Python/3.14.3/x64/lib
job-core	Run Ka0s Lint YAML Action	2026-02-10T11:02:15.0994146Z ##[endgroup]
job-core	Run Ka0s Lint YAML Action	2026-02-10T11:02:18.7423397Z ##[error]Process completed with exit code 1.
job-core	Report Status	ï»¿2026-02-10T11:02:18.9665461Z ##[group]Run FILE="core/b2b/core-services/ingress-nginx/service-loadbalancer-patch.yaml"
job-core	Report Status	2026-02-10T11:02:18.9667166Z [36;1mFILE="core/b2b/core-services/ingress-nginx/service-loadbalancer-patch.yaml"[0m
job-core	Report Status	2026-02-10T11:02:18.9669493Z [36;1mKAOS_ISSUE_BODY="The [Ka0S] YAMLLINT process (21861678146) failed. File ($FILE) has violations that could not be auto-fixed. Please check the logs."[0m
job-core	Report Status	2026-02-10T11:02:18.9671702Z [36;1mgh issue comment 3266 -b "$KAOS_ISSUE_BODY"[0m
job-core	Report Status	2026-02-10T11:02:18.9672604Z [36;1mexit 1[0m
job-core	Report Status	2026-02-10T11:02:19.0043654Z shell: /usr/bin/bash -e {0}
job-core	Report Status	2026-02-10T11:02:19.0044480Z env:
job-core	Report Status	2026-02-10T11:02:19.0044990Z   KAOS_MODULE: [Ka0S] YAMLLINT
job-core	Report Status	2026-02-10T11:02:19.0046135Z   GH_TOKEN: ***
job-core	Report Status	2026-02-10T11:02:19.0046828Z   KAOS_YAMLLINT_CONFIG: core/config/kaos-yamllint-config.yaml
job-core	Report Status	2026-02-10T11:02:19.0048294Z   KAOS_PRETTIER_CONFIG: compliance/yaml/.prettierrc.json
job-core	Report Status	2026-02-10T11:02:19.0049209Z   KAOS_PATH_RESUME: audit/yamllint/
job-core	Report Status	2026-02-10T11:02:19.0049854Z   KAOS_REPO: /actions-runner/_work/kaos/kaos
job-core	Report Status	2026-02-10T11:02:19.0050558Z   KAOS_STEP_MODULE: 
job-core	Report Status	2026-02-10T11:02:19.0051118Z   KAOS_CODE: 21861743268
job-core	Report Status	2026-02-10T11:02:19.0283762Z   KAOS_REF_BRANCH: main
job-core	Report Status	2026-02-10T11:02:19.0284917Z   pythonLocation: /home/runner/_work/_tool/Python/3.14.3/x64
job-core	Report Status	2026-02-10T11:02:19.0286416Z   PKG_CONFIG_PATH: /home/runner/_work/_tool/Python/3.14.3/x64/lib/pkgconfig
job-core	Report Status	2026-02-10T11:02:19.0306753Z   Python_ROOT_DIR: /home/runner/_work/_tool/Python/3.14.3/x64
job-core	Report Status	2026-02-10T11:02:19.0308444Z   Python2_ROOT_DIR: /home/runner/_work/_tool/Python/3.14.3/x64
job-core	Report Status	2026-02-10T11:02:19.0309608Z   Python3_ROOT_DIR: /home/runner/_work/_tool/Python/3.14.3/x64
job-core	Report Status	2026-02-10T11:02:19.0310969Z   LD_LIBRARY_PATH: /home/runner/_work/_tool/Python/3.14.3/x64/lib
job-core	Report Status	2026-02-10T11:02:19.0312427Z ##[endgroup]
job-core	Report Status	2026-02-10T11:02:22.2061191Z HTTP 401: Bad credentials (https://api.github.com/graphql)
job-core	Report Status	2026-02-10T11:02:22.2078749Z Try authenticating with:  gh auth login
job-core	Report Status	2026-02-10T11:02:22.2376385Z ##[error]Process completed with exit code 1.
job-core	Upload Logs	ï»¿2026-02-10T11:02:22.4495322Z ##[group]Run # Subir logs de auditorÃ­a si existen
job-core	Upload Logs	2026-02-10T11:02:22.4496521Z [36;1m# Subir logs de auditorÃ­a si existen[0m
job-core	Upload Logs	2026-02-10T11:02:22.4497638Z [36;1mif [ -f "audit/yamllint/yamllint-results-21861743268.txt" ]; then[0m
job-core	Upload Logs	2026-02-10T11:02:22.4667211Z [36;1m   git config --global user.name "***"[0m
job-core	Upload Logs	2026-02-10T11:02:22.4668636Z [36;1m   git config --global user.email "***"[0m
job-core	Upload Logs	2026-02-10T11:02:22.5392782Z [36;1m   git pull --rebase[0m
job-core	Upload Logs	2026-02-10T11:02:22.5393885Z [36;1m   git add audit/yamllint/*[0m
job-core	Upload Logs	2026-02-10T11:02:22.5395147Z [36;1m   if ! git diff --staged --quiet; then[0m
job-core	Upload Logs	2026-02-10T11:02:22.5396743Z [36;1m      git commit -m "[Ka0S] Uploading YAML compliance audit logs"[0m
job-core	Upload Logs	2026-02-10T11:02:22.5399896Z [36;1m      git push origin refs/heads/H3266-deploy-zabbix --force-with-lease[0m
job-core	Upload Logs	2026-02-10T11:02:22.5401401Z [36;1m   fi[0m
job-core	Upload Logs	2026-02-10T11:02:22.5401958Z [36;1mfi[0m
job-core	Upload Logs	2026-02-10T11:02:22.6208559Z shell: /usr/bin/bash -e {0}
job-core	Upload Logs	2026-02-10T11:02:22.6209245Z env:
job-core	Upload Logs	2026-02-10T11:02:22.6209912Z   KAOS_MODULE: [Ka0S] YAMLLINT
job-core	Upload Logs	2026-02-10T11:02:22.6210998Z   GH_TOKEN: ***
job-core	Upload Logs	2026-02-10T11:02:22.6241395Z   KAOS_YAMLLINT_CONFIG: core/config/kaos-yamllint-config.yaml
job-core	Upload Logs	2026-02-10T11:02:22.6242558Z   KAOS_PRETTIER_CONFIG: compliance/yaml/.prettierrc.json
job-core	Upload Logs	2026-02-10T11:02:22.6243376Z   KAOS_PATH_RESUME: audit/yamllint/
job-core	Upload Logs	2026-02-10T11:02:22.6244104Z   KAOS_REPO: /actions-runner/_work/kaos/kaos
job-core	Upload Logs	2026-02-10T11:02:22.6244911Z   KAOS_STEP_MODULE: 
job-core	Upload Logs	2026-02-10T11:02:22.6245406Z   KAOS_CODE: 21861743268
job-core	Upload Logs	2026-02-10T11:02:22.6245966Z   KAOS_REF_BRANCH: main
job-core	Upload Logs	2026-02-10T11:02:22.6246703Z   pythonLocation: /home/runner/_work/_tool/Python/3.14.3/x64
job-core	Upload Logs	2026-02-10T11:02:22.6294010Z   PKG_CONFIG_PATH: /home/runner/_work/_tool/Python/3.14.3/x64/lib/pkgconfig
job-core	Upload Logs	2026-02-10T11:02:22.6295481Z   Python_ROOT_DIR: /home/runner/_work/_tool/Python/3.14.3/x64
job-core	Upload Logs	2026-02-10T11:02:22.6296554Z   Python2_ROOT_DIR: /home/runner/_work/_tool/Python/3.14.3/x64
job-core	Upload Logs	2026-02-10T11:02:22.6297607Z   Python3_ROOT_DIR: /home/runner/_work/_tool/Python/3.14.3/x64
job-core	Upload Logs	2026-02-10T11:02:22.6298840Z   LD_LIBRARY_PATH: /home/runner/_work/_tool/Python/3.14.3/x64/lib
job-core	Upload Logs	2026-02-10T11:02:22.6299711Z ##[endgroup]
job-core	Upload Logs	2026-02-10T11:02:29.9417626Z From https://github.com/Ka0s-Klaus/ka0s
job-core	Upload Logs	2026-02-10T11:02:29.9529674Z    978558339..9f6a60fe6  H3266-deploy-zabbix -> origin/H3266-deploy-zabbix
job-core	Upload Logs	2026-02-10T11:02:29.9547781Z    5813161fd..dffe0581e  main                -> origin/main
job-core	Upload Logs	2026-02-10T11:02:30.0887219Z Updating 978558339..9f6a60fe6
job-core	Upload Logs	2026-02-10T11:02:30.0930016Z Fast-forward
job-core	Upload Logs	2026-02-10T11:02:30.1466638Z  audit/mdlint/mdlint-results-21861737468.txt     |  9 +++++++
job-core	Upload Logs	2026-02-10T11:02:30.1470040Z  audit/mdlint/mdlint-results-21861758112.txt     | 31 +++++++++++++++++++++++++
job-core	Upload Logs	2026-02-10T11:02:30.1472503Z  audit/mdlint/mdlint-results-21861770650.txt     |  9 +++++++
job-core	Upload Logs	2026-02-10T11:02:30.1478604Z  audit/yamllint/yamllint-results-21861738544.txt |  3 +++
job-core	Upload Logs	2026-02-10T11:02:30.1501581Z  audit/yamllint/yamllint-results-21861739728.txt |  3 +++
job-core	Upload Logs	2026-02-10T11:02:30.1503747Z  audit/yamllint/yamllint-results-21861742129.txt |  3 +++
job-core	Upload Logs	2026-02-10T11:02:30.1510922Z  audit/yamllint/yamllint-results-21861744485.txt |  6 +++++
job-core	Upload Logs	2026-02-10T11:02:30.1516232Z  audit/yamllint/yamllint-results-21861745843.txt |  3 +++
job-core	Upload Logs	2026-02-10T11:02:30.1517740Z  audit/yamllint/yamllint-results-21861748414.txt |  3 +++
job-core	Upload Logs	2026-02-10T11:02:30.1527921Z  audit/yamllint/yamllint-results-21861752697.txt |  3 +++
job-core	Upload Logs	2026-02-10T11:02:30.1529654Z  audit/yamllint/yamllint-results-21861755626.txt |  3 +++
job-core	Upload Logs	2026-02-10T11:02:30.1548549Z  audit/yamllint/yamllint-results-21861763999.txt |  3 +++
job-core	Upload Logs	2026-02-10T11:02:30.1608589Z  audit/yamllint/yamllint-results-21861765752.txt |  3 +++
job-core	Upload Logs	2026-02-10T11:02:30.1613496Z  audit/yamllint/yamllint-results-21861772609.txt |  3 +++
job-core	Upload Logs	2026-02-10T11:02:30.1616206Z  audit/yamllint/yamllint-results-21861774336.txt |  3 +++
job-core	Upload Logs	2026-02-10T11:02:30.1623233Z  audit/yamllint/yamllint-results-21861779453.txt |  3 +++
job-core	Upload Logs	2026-02-10T11:02:30.1630249Z  16 files changed, 91 insertions(+)
job-core	Upload Logs	2026-02-10T11:02:30.1631440Z  create mode 100644 audit/mdlint/mdlint-results-21861737468.txt
job-core	Upload Logs	2026-02-10T11:02:30.1633876Z  create mode 100644 audit/mdlint/mdlint-results-21861758112.txt
job-core	Upload Logs	2026-02-10T11:02:30.1635396Z  create mode 100644 audit/mdlint/mdlint-results-21861770650.txt
job-core	Upload Logs	2026-02-10T11:02:30.1636558Z  create mode 100644 audit/yamllint/yamllint-results-21861738544.txt
job-core	Upload Logs	2026-02-10T11:02:30.1656469Z  create mode 100644 audit/yamllint/yamllint-results-21861739728.txt
job-core	Upload Logs	2026-02-10T11:02:30.1659313Z  create mode 100644 audit/yamllint/yamllint-results-21861742129.txt
job-core	Upload Logs	2026-02-10T11:02:30.1661632Z  create mode 100644 audit/yamllint/yamllint-results-21861744485.txt
job-core	Upload Logs	2026-02-10T11:02:30.1662992Z  create mode 100644 audit/yamllint/yamllint-results-21861745843.txt
job-core	Upload Logs	2026-02-10T11:02:30.1664419Z  create mode 100644 audit/yamllint/yamllint-results-21861748414.txt
job-core	Upload Logs	2026-02-10T11:02:30.1666001Z  create mode 100644 audit/yamllint/yamllint-results-21861752697.txt
job-core	Upload Logs	2026-02-10T11:02:30.1678049Z  create mode 100644 audit/yamllint/yamllint-results-21861755626.txt
job-core	Upload Logs	2026-02-10T11:02:30.1681013Z  create mode 100644 audit/yamllint/yamllint-results-21861763999.txt
job-core	Upload Logs	2026-02-10T11:02:30.1683543Z  create mode 100644 audit/yamllint/yamllint-results-21861765752.txt
job-core	Upload Logs	2026-02-10T11:02:30.1773755Z  create mode 100644 audit/yamllint/yamllint-results-21861772609.txt
job-core	Upload Logs	2026-02-10T11:02:30.1775438Z  create mode 100644 audit/yamllint/yamllint-results-21861774336.txt
job-core	Upload Logs	2026-02-10T11:02:30.1795999Z  create mode 100644 audit/yamllint/yamllint-results-21861779453.txt
job-core	Upload Logs	2026-02-10T11:02:30.6051416Z [H3266-deploy-zabbix 6e1c70886] [Ka0S] Uploading YAML compliance audit logs
job-core	Upload Logs	2026-02-10T11:02:30.6052607Z  1 file changed, 3 insertions(+)
job-core	Upload Logs	2026-02-10T11:02:30.6053596Z  create mode 100644 audit/yamllint/yamllint-results-21861743268.txt
job-core	Upload Logs	2026-02-10T11:02:32.9746214Z To https://github.com/Ka0s-Klaus/ka0s
job-core	Upload Logs	2026-02-10T11:02:32.9759760Z    9f6a60fe6..6e1c70886  H3266-deploy-zabbix -> H3266-deploy-zabbix
job-core	Post Checkout code	ï»¿2026-02-10T11:02:33.7311658Z Post job cleanup.
job-core	Post Checkout code	2026-02-10T11:02:36.6588902Z [command]/usr/bin/git version
job-core	Post Checkout code	2026-02-10T11:02:36.7981838Z git version 2.52.0
job-core	Post Checkout code	2026-02-10T11:02:36.9229995Z Copying '/home/runner/.gitconfig' to '/home/runner/_work/_temp/995e7679-073c-42bf-aaf8-438d769a568c/.gitconfig'
job-core	Post Checkout code	2026-02-10T11:02:36.9641025Z Temporarily overriding HOME='/home/runner/_work/_temp/995e7679-073c-42bf-aaf8-438d769a568c' before making global git config changes
job-core	Post Checkout code	2026-02-10T11:02:36.9760332Z Adding repository directory to the temporary git global config as a safe directory
job-core	Post Checkout code	2026-02-10T11:02:37.0086823Z [command]/usr/bin/git config --global --add safe.directory /home/runner/_work/ka0s/ka0s
job-core	Post Checkout code	2026-02-10T11:02:37.1469864Z [command]/usr/bin/git config --local --name-only --get-regexp core\.sshCommand
job-core	Post Checkout code	2026-02-10T11:02:37.2950373Z [command]/usr/bin/git submodule foreach --recursive sh -c "git config --local --name-only --get-regexp 'core\.sshCommand' && git config --local --unset-all 'core.sshCommand' || :"
job-core	Post Checkout code	2026-02-10T11:02:37.8860450Z [command]/usr/bin/git config --local --name-only --get-regexp http\.https\:\/\/github\.com\/\.extraheader
job-core	Post Checkout code	2026-02-10T11:02:37.9979675Z http.https://github.com/.extraheader
job-core	Post Checkout code	2026-02-10T11:02:38.0409910Z [command]/usr/bin/git config --local --unset-all http.https://github.com/.extraheader
job-core	Post Checkout code	2026-02-10T11:02:38.1211458Z [command]/usr/bin/git submodule foreach --recursive sh -c "git config --local --name-only --get-regexp 'http\.https\:\/\/github\.com\/\.extraheader' && git config --local --unset-all 'http.https://github.com/.extraheader' || :"
job-core	Post Checkout code	2026-02-10T11:02:38.5444143Z [command]/usr/bin/git config --local --name-only --get-regexp ^includeIf\.gitdir:
job-core	Post Checkout code	2026-02-10T11:02:38.5718525Z [command]/usr/bin/git submodule foreach --recursive git config --local --show-origin --name-only --get-regexp remote.origin.url
job-core	Complete job	ï»¿2026-02-10T11:02:39.3142596Z Cleaning up orphan processes
handle_failure	Set up job	ï»¿2026-02-10T11:03:52.1998568Z Current runner version: '2.331.0'
handle_failure	Set up job	2026-02-10T11:03:52.2007426Z Runner name: 'swarm-runners-scaleset-hkss5-runner-b69ps'
handle_failure	Set up job	2026-02-10T11:03:52.2008395Z Runner group name: 'Default'
handle_failure	Set up job	2026-02-10T11:03:52.2009521Z Machine name: 'swarm-runners-scaleset-hkss5-runner-b69ps'
handle_failure	Set up job	2026-02-10T11:03:52.2013510Z ##[group]GITHUB_TOKEN Permissions
handle_failure	Set up job	2026-02-10T11:03:52.2016204Z Actions: write
handle_failure	Set up job	2026-02-10T11:03:52.2016942Z Contents: write
handle_failure	Set up job	2026-02-10T11:03:52.2017493Z Issues: write
handle_failure	Set up job	2026-02-10T11:03:52.2018198Z Metadata: read
handle_failure	Set up job	2026-02-10T11:03:52.2018761Z PullRequests: write
handle_failure	Set up job	2026-02-10T11:03:52.2019362Z ##[endgroup]
handle_failure	Set up job	2026-02-10T11:03:52.2022197Z Secret source: Actions
handle_failure	Set up job	2026-02-10T11:03:52.2022908Z Prepare workflow directory
handle_failure	Set up job	2026-02-10T11:03:52.9902300Z Prepare all required actions
handle_failure	Set up job	2026-02-10T11:03:52.9944296Z Getting action download info
handle_failure	Set up job	2026-02-10T11:03:53.6982906Z Download action repository 'actions/checkout@v4' (SHA:34e114876b0b11c390a56381ad16ebd13914f8d5)
handle_failure	Set up job	2026-02-10T11:04:03.1524466Z Complete job name: handle_failure
handle_failure	Run actions/checkout@v4	ï»¿2026-02-10T11:04:03.6753058Z ##[group]Run actions/checkout@v4
handle_failure	Run actions/checkout@v4	2026-02-10T11:04:03.6754076Z with:
handle_failure	Run actions/checkout@v4	2026-02-10T11:04:03.6754483Z   repository: Ka0s-Klaus/ka0s
handle_failure	Run actions/checkout@v4	2026-02-10T11:04:03.6755270Z   token: ***
handle_failure	Run actions/checkout@v4	2026-02-10T11:04:03.6755620Z   ssh-strict: true
handle_failure	Run actions/checkout@v4	2026-02-10T11:04:03.6755968Z   ssh-user: git
handle_failure	Run actions/checkout@v4	2026-02-10T11:04:03.6756343Z   persist-credentials: true
handle_failure	Run actions/checkout@v4	2026-02-10T11:04:03.6756754Z   clean: true
handle_failure	Run actions/checkout@v4	2026-02-10T11:04:03.6757140Z   sparse-checkout-cone-mode: true
handle_failure	Run actions/checkout@v4	2026-02-10T11:04:03.6757590Z   fetch-depth: 1
handle_failure	Run actions/checkout@v4	2026-02-10T11:04:03.6757937Z   fetch-tags: false
handle_failure	Run actions/checkout@v4	2026-02-10T11:04:03.6758318Z   show-progress: true
handle_failure	Run actions/checkout@v4	2026-02-10T11:04:03.6758690Z   lfs: false
handle_failure	Run actions/checkout@v4	2026-02-10T11:04:03.6759055Z   submodules: false
handle_failure	Run actions/checkout@v4	2026-02-10T11:04:03.6759429Z   set-safe-directory: true
handle_failure	Run actions/checkout@v4	2026-02-10T11:04:03.6760348Z env:
handle_failure	Run actions/checkout@v4	2026-02-10T11:04:03.6760733Z   KAOS_MODULE: [Ka0S] YAMLLINT
handle_failure	Run actions/checkout@v4	2026-02-10T11:04:03.6761369Z   GH_TOKEN: ***
handle_failure	Run actions/checkout@v4	2026-02-10T11:04:03.6761858Z   KAOS_YAMLLINT_CONFIG: core/config/kaos-yamllint-config.yaml
handle_failure	Run actions/checkout@v4	2026-02-10T11:04:03.6762558Z   KAOS_PRETTIER_CONFIG: compliance/yaml/.prettierrc.json
handle_failure	Run actions/checkout@v4	2026-02-10T11:04:03.6763212Z   KAOS_PATH_RESUME: audit/yamllint/
handle_failure	Run actions/checkout@v4	2026-02-10T11:04:03.6763706Z   KAOS_REPO: /actions-runner/_work/kaos/kaos
handle_failure	Run actions/checkout@v4	2026-02-10T11:04:03.6764200Z   KAOS_STEP_MODULE: 
handle_failure	Run actions/checkout@v4	2026-02-10T11:04:03.6764571Z   KAOS_CODE: 21861743268
handle_failure	Run actions/checkout@v4	2026-02-10T11:04:03.6764966Z   KAOS_REF_BRANCH: main
handle_failure	Run actions/checkout@v4	2026-02-10T11:04:03.6765337Z ##[endgroup]
handle_failure	Run actions/checkout@v4	2026-02-10T11:04:04.0229758Z Syncing repository: Ka0s-Klaus/ka0s
handle_failure	Run actions/checkout@v4	2026-02-10T11:04:04.0231793Z ##[group]Getting Git version info
handle_failure	Run actions/checkout@v4	2026-02-10T11:04:04.0232277Z Working directory is '/home/runner/_work/ka0s/ka0s'
handle_failure	Run actions/checkout@v4	2026-02-10T11:04:04.0232917Z [command]/usr/bin/git version
handle_failure	Run actions/checkout@v4	2026-02-10T11:04:04.0233348Z git version 2.52.0
handle_failure	Run actions/checkout@v4	2026-02-10T11:04:04.0259249Z ##[endgroup]
handle_failure	Run actions/checkout@v4	2026-02-10T11:04:04.0267715Z Temporarily overriding HOME='/home/runner/_work/_temp/edf4c603-9657-45ef-a3cd-bbe0f2771879' before making global git config changes
handle_failure	Run actions/checkout@v4	2026-02-10T11:04:04.0268639Z Adding repository directory to the temporary git global config as a safe directory
handle_failure	Run actions/checkout@v4	2026-02-10T11:04:04.0269401Z [command]/usr/bin/git config --global --add safe.directory /home/runner/_work/ka0s/ka0s
handle_failure	Run actions/checkout@v4	2026-02-10T11:04:04.0505365Z Deleting the contents of '/home/runner/_work/ka0s/ka0s'
handle_failure	Run actions/checkout@v4	2026-02-10T11:04:04.0542782Z ##[group]Initializing the repository
handle_failure	Run actions/checkout@v4	2026-02-10T11:04:04.0543521Z [command]/usr/bin/git init /home/runner/_work/ka0s/ka0s
handle_failure	Run actions/checkout@v4	2026-02-10T11:04:04.3651502Z hint: Using 'master' as the name for the initial branch. This default branch name
handle_failure	Run actions/checkout@v4	2026-02-10T11:04:04.3655122Z hint: will change to "main" in Git 3.0. To configure the initial branch name
handle_failure	Run actions/checkout@v4	2026-02-10T11:04:04.3658349Z hint: to use in all of your new repositories, which will suppress this warning,
handle_failure	Run actions/checkout@v4	2026-02-10T11:04:04.3668804Z hint: call:
handle_failure	Run actions/checkout@v4	2026-02-10T11:04:04.3670057Z hint:
handle_failure	Run actions/checkout@v4	2026-02-10T11:04:04.3672573Z hint: 	git config --global init.defaultBranch <name>
handle_failure	Run actions/checkout@v4	2026-02-10T11:04:04.3678825Z hint:
handle_failure	Run actions/checkout@v4	2026-02-10T11:04:04.3691908Z hint: Names commonly chosen instead of 'master' are 'main', 'trunk' and
handle_failure	Run actions/checkout@v4	2026-02-10T11:04:04.3694918Z hint: 'development'. The just-created branch can be renamed via this command:
handle_failure	Run actions/checkout@v4	2026-02-10T11:04:04.3698665Z hint:
handle_failure	Run actions/checkout@v4	2026-02-10T11:04:04.3699816Z hint: 	git branch -m <name>
handle_failure	Run actions/checkout@v4	2026-02-10T11:04:04.3701763Z hint:
handle_failure	Run actions/checkout@v4	2026-02-10T11:04:04.3705120Z hint: Disable this message with "git config set advice.defaultBranchName false"
handle_failure	Run actions/checkout@v4	2026-02-10T11:04:04.3707931Z Initialized empty Git repository in /home/runner/_work/ka0s/ka0s/.git/
handle_failure	Run actions/checkout@v4	2026-02-10T11:04:04.3715645Z [command]/usr/bin/git remote add origin https://github.com/Ka0s-Klaus/ka0s
handle_failure	Run actions/checkout@v4	2026-02-10T11:04:04.6957840Z ##[endgroup]
handle_failure	Run actions/checkout@v4	2026-02-10T11:04:04.7001984Z ##[group]Disabling automatic garbage collection
handle_failure	Run actions/checkout@v4	2026-02-10T11:04:04.7026984Z [command]/usr/bin/git config --local gc.auto 0
handle_failure	Run actions/checkout@v4	2026-02-10T11:04:04.7382529Z ##[endgroup]
handle_failure	Run actions/checkout@v4	2026-02-10T11:04:04.7388432Z ##[group]Setting up auth
handle_failure	Run actions/checkout@v4	2026-02-10T11:04:04.7421765Z [command]/usr/bin/git config --local --name-only --get-regexp core\.sshCommand
handle_failure	Run actions/checkout@v4	2026-02-10T11:04:04.7615112Z [command]/usr/bin/git submodule foreach --recursive sh -c "git config --local --name-only --get-regexp 'core\.sshCommand' && git config --local --unset-all 'core.sshCommand' || :"
handle_failure	Run actions/checkout@v4	2026-02-10T11:04:04.8611146Z [command]/usr/bin/git config --local --name-only --get-regexp http\.https\:\/\/github\.com\/\.extraheader
handle_failure	Run actions/checkout@v4	2026-02-10T11:04:04.8649098Z [command]/usr/bin/git submodule foreach --recursive sh -c "git config --local --name-only --get-regexp 'http\.https\:\/\/github\.com\/\.extraheader' && git config --local --unset-all 'http.https://github.com/.extraheader' || :"
handle_failure	Run actions/checkout@v4	2026-02-10T11:04:04.8972612Z [command]/usr/bin/git config --local --name-only --get-regexp ^includeIf\.gitdir:
handle_failure	Run actions/checkout@v4	2026-02-10T11:04:04.9013818Z [command]/usr/bin/git submodule foreach --recursive git config --local --show-origin --name-only --get-regexp remote.origin.url
handle_failure	Run actions/checkout@v4	2026-02-10T11:04:05.2847654Z [command]/usr/bin/git config --local http.https://github.com/.extraheader AUTHORIZATION: basic ***
handle_failure	Run actions/checkout@v4	2026-02-10T11:04:05.5175563Z ##[endgroup]
handle_failure	Run actions/checkout@v4	2026-02-10T11:04:05.5177436Z ##[group]Fetching the repository
handle_failure	Run actions/checkout@v4	2026-02-10T11:04:05.5456013Z [command]/usr/bin/git -c protocol.version=2 fetch --no-tags --prune --no-recurse-submodules --depth=1 origin +9785583395806f6f852214ec031416f264a5097d:refs/remotes/origin/H3266-deploy-zabbix
handle_failure	Run actions/checkout@v4	2026-02-10T11:04:21.1378656Z From https://github.com/Ka0s-Klaus/ka0s
handle_failure	Run actions/checkout@v4	2026-02-10T11:04:21.1383042Z  * [new ref]         9785583395806f6f852214ec031416f264a5097d -> origin/H3266-deploy-zabbix
handle_failure	Run actions/checkout@v4	2026-02-10T11:04:21.1659443Z ##[endgroup]
handle_failure	Run actions/checkout@v4	2026-02-10T11:04:21.1669386Z ##[group]Determining the checkout info
handle_failure	Run actions/checkout@v4	2026-02-10T11:04:21.1747844Z ##[endgroup]
handle_failure	Run actions/checkout@v4	2026-02-10T11:04:21.1778007Z [command]/usr/bin/git sparse-checkout disable
handle_failure	Run actions/checkout@v4	2026-02-10T11:04:21.2107712Z [command]/usr/bin/git config --local --unset-all extensions.worktreeConfig
handle_failure	Run actions/checkout@v4	2026-02-10T11:04:21.2439303Z ##[group]Checking out the ref
handle_failure	Run actions/checkout@v4	2026-02-10T11:04:21.2439995Z [command]/usr/bin/git checkout --progress --force -B H3266-deploy-zabbix refs/remotes/origin/H3266-deploy-zabbix
handle_failure	Run actions/checkout@v4	2026-02-10T11:04:22.3844210Z Updating files:  19% (185/955)
handle_failure	Run actions/checkout@v4	2026-02-10T11:04:22.3846112Z Updating files:  20% (191/955)
handle_failure	Run actions/checkout@v4	2026-02-10T11:04:22.3854365Z Updating files:  21% (201/955)
handle_failure	Run actions/checkout@v4	2026-02-10T11:04:22.3855333Z Updating files:  22% (211/955)
handle_failure	Run actions/checkout@v4	2026-02-10T11:04:22.3855874Z Updating files:  23% (220/955)
handle_failure	Run actions/checkout@v4	2026-02-10T11:04:22.4085196Z Updating files:  24% (230/955)
handle_failure	Run actions/checkout@v4	2026-02-10T11:04:22.4331549Z Updating files:  25% (239/955)
handle_failure	Run actions/checkout@v4	2026-02-10T11:04:22.4713311Z Updating files:  26% (249/955)
handle_failure	Run actions/checkout@v4	2026-02-10T11:04:22.4737093Z Updating files:  27% (258/955)
handle_failure	Run actions/checkout@v4	2026-02-10T11:04:22.4742624Z Updating files:  28% (268/955)
handle_failure	Run actions/checkout@v4	2026-02-10T11:04:22.4804458Z Updating files:  29% (277/955)
handle_failure	Run actions/checkout@v4	2026-02-10T11:04:22.4993240Z Updating files:  30% (287/955)
handle_failure	Run actions/checkout@v4	2026-02-10T11:04:22.5153598Z Updating files:  31% (297/955)
handle_failure	Run actions/checkout@v4	2026-02-10T11:04:22.5261021Z Updating files:  32% (306/955)
handle_failure	Run actions/checkout@v4	2026-02-10T11:04:22.5429649Z Updating files:  33% (316/955)
handle_failure	Run actions/checkout@v4	2026-02-10T11:04:22.5671668Z Updating files:  34% (325/955)
handle_failure	Run actions/checkout@v4	2026-02-10T11:04:22.5885386Z Updating files:  35% (335/955)
handle_failure	Run actions/checkout@v4	2026-02-10T11:04:22.5966264Z Updating files:  36% (344/955)
handle_failure	Run actions/checkout@v4	2026-02-10T11:04:22.6072608Z Updating files:  37% (354/955)
handle_failure	Run actions/checkout@v4	2026-02-10T11:04:22.6228942Z Updating files:  38% (363/955)
handle_failure	Run actions/checkout@v4	2026-02-10T11:04:22.8915375Z Updating files:  39% (373/955)
handle_failure	Run actions/checkout@v4	2026-02-10T11:04:22.9064997Z Updating files:  40% (382/955)
handle_failure	Run actions/checkout@v4	2026-02-10T11:04:22.9121172Z Updating files:  41% (392/955)
handle_failure	Run actions/checkout@v4	2026-02-10T11:04:22.9192312Z Updating files:  42% (402/955)
handle_failure	Run actions/checkout@v4	2026-02-10T11:04:22.9271468Z Updating files:  43% (411/955)
handle_failure	Run actions/checkout@v4	2026-02-10T11:04:22.9464611Z Updating files:  44% (421/955)
handle_failure	Run actions/checkout@v4	2026-02-10T11:04:22.9585804Z Updating files:  45% (430/955)
handle_failure	Run actions/checkout@v4	2026-02-10T11:04:22.9609650Z Updating files:  46% (440/955)
handle_failure	Run actions/checkout@v4	2026-02-10T11:04:22.9774803Z Updating files:  47% (449/955)
handle_failure	Run actions/checkout@v4	2026-02-10T11:04:22.9791381Z Updating files:  48% (459/955)
handle_failure	Run actions/checkout@v4	2026-02-10T11:04:23.6233326Z Updating files:  49% (468/955)
handle_failure	Run actions/checkout@v4	2026-02-10T11:04:23.6238822Z Updating files:  49% (472/955)
handle_failure	Run actions/checkout@v4	2026-02-10T11:04:23.6247899Z Updating files:  50% (478/955)
handle_failure	Run actions/checkout@v4	2026-02-10T11:04:23.6650647Z Updating files:  51% (488/955)
handle_failure	Run actions/checkout@v4	2026-02-10T11:04:23.6711135Z Updating files:  52% (497/955)
handle_failure	Run actions/checkout@v4	2026-02-10T11:04:23.6777021Z Updating files:  53% (507/955)
handle_failure	Run actions/checkout@v4	2026-02-10T11:04:23.6827606Z Updating files:  54% (516/955)
handle_failure	Run actions/checkout@v4	2026-02-10T11:04:23.6943455Z Updating files:  55% (526/955)
handle_failure	Run actions/checkout@v4	2026-02-10T11:04:23.8071657Z Updating files:  56% (535/955)
handle_failure	Run actions/checkout@v4	2026-02-10T11:04:23.8091399Z Updating files:  57% (545/955)
handle_failure	Run actions/checkout@v4	2026-02-10T11:04:23.8092148Z Updating files:  58% (554/955)
handle_failure	Run actions/checkout@v4	2026-02-10T11:04:23.8092771Z Updating files:  59% (564/955)
handle_failure	Run actions/checkout@v4	2026-02-10T11:04:23.8121219Z Updating files:  60% (573/955)
handle_failure	Run actions/checkout@v4	2026-02-10T11:04:23.8146012Z Updating files:  61% (583/955)
handle_failure	Run actions/checkout@v4	2026-02-10T11:04:23.8170997Z Updating files:  62% (593/955)
handle_failure	Run actions/checkout@v4	2026-02-10T11:04:24.0521288Z Updating files:  63% (602/955)
handle_failure	Run actions/checkout@v4	2026-02-10T11:04:24.0741543Z Updating files:  64% (612/955)
handle_failure	Run actions/checkout@v4	2026-02-10T11:04:24.0751152Z Updating files:  65% (621/955)
handle_failure	Run actions/checkout@v4	2026-02-10T11:04:24.0851080Z Updating files:  66% (631/955)
handle_failure	Run actions/checkout@v4	2026-02-10T11:04:24.0905764Z Updating files:  67% (640/955)
handle_failure	Run actions/checkout@v4	2026-02-10T11:04:24.0922184Z Updating files:  68% (650/955)
handle_failure	Run actions/checkout@v4	2026-02-10T11:04:24.0970790Z Updating files:  69% (659/955)
handle_failure	Run actions/checkout@v4	2026-02-10T11:04:24.1001005Z Updating files:  70% (669/955)
handle_failure	Run actions/checkout@v4	2026-02-10T11:04:24.1178690Z Updating files:  71% (679/955)
handle_failure	Run actions/checkout@v4	2026-02-10T11:04:24.1179580Z Updating files:  72% (688/955)
handle_failure	Run actions/checkout@v4	2026-02-10T11:04:24.1180010Z Updating files:  73% (698/955)
handle_failure	Run actions/checkout@v4	2026-02-10T11:04:24.1219362Z Updating files:  74% (707/955)
handle_failure	Run actions/checkout@v4	2026-02-10T11:04:24.4841194Z Updating files:  75% (717/955)
handle_failure	Run actions/checkout@v4	2026-02-10T11:04:25.5284007Z Updating files:  75% (722/955)
handle_failure	Run actions/checkout@v4	2026-02-10T11:04:25.5859444Z Updating files:  76% (726/955)
handle_failure	Run actions/checkout@v4	2026-02-10T11:04:25.6421525Z Updating files:  77% (736/955)
handle_failure	Run actions/checkout@v4	2026-02-10T11:04:26.6922171Z Updating files:  78% (745/955)
handle_failure	Run actions/checkout@v4	2026-02-10T11:04:26.7848552Z Updating files:  78% (753/955)
handle_failure	Run actions/checkout@v4	2026-02-10T11:04:27.2686705Z Updating files:  79% (755/955)
handle_failure	Run actions/checkout@v4	2026-02-10T11:04:28.5635291Z Updating files:  79% (757/955)
handle_failure	Run actions/checkout@v4	2026-02-10T11:04:29.3460327Z Updating files:  80% (764/955)
handle_failure	Run actions/checkout@v4	2026-02-10T11:04:29.6177560Z Updating files:  80% (772/955)
handle_failure	Run actions/checkout@v4	2026-02-10T11:04:30.2175421Z Updating files:  81% (774/955)
handle_failure	Run actions/checkout@v4	2026-02-10T11:04:30.3027681Z Updating files:  82% (784/955)
handle_failure	Run actions/checkout@v4	2026-02-10T11:04:30.5441314Z Updating files:  82% (787/955)
handle_failure	Run actions/checkout@v4	2026-02-10T11:04:31.2223809Z Updating files:  83% (793/955)
handle_failure	Run actions/checkout@v4	2026-02-10T11:04:31.3032277Z Updating files:  84% (803/955)
handle_failure	Run actions/checkout@v4	2026-02-10T11:04:31.4178463Z Updating files:  84% (806/955)
handle_failure	Run actions/checkout@v4	2026-02-10T11:04:31.8277467Z Updating files:  85% (812/955)
handle_failure	Run actions/checkout@v4	2026-02-10T11:04:32.2632861Z Updating files:  86% (822/955)
handle_failure	Run actions/checkout@v4	2026-02-10T11:04:32.2656938Z Updating files:  87% (831/955)
handle_failure	Run actions/checkout@v4	2026-02-10T11:04:32.2741425Z Updating files:  87% (832/955)
handle_failure	Run actions/checkout@v4	2026-02-10T11:04:32.3012218Z Updating files:  88% (841/955)
handle_failure	Run actions/checkout@v4	2026-02-10T11:04:32.3174692Z Updating files:  89% (850/955)
handle_failure	Run actions/checkout@v4	2026-02-10T11:04:32.3341405Z Updating files:  90% (860/955)
handle_failure	Run actions/checkout@v4	2026-02-10T11:04:32.3580367Z Updating files:  91% (870/955)
handle_failure	Run actions/checkout@v4	2026-02-10T11:04:32.4014228Z Updating files:  92% (879/955)
handle_failure	Run actions/checkout@v4	2026-02-10T11:04:32.4017397Z Updating files:  93% (889/955)
handle_failure	Run actions/checkout@v4	2026-02-10T11:04:32.4019539Z Updating files:  94% (898/955)
handle_failure	Run actions/checkout@v4	2026-02-10T11:04:32.4021517Z Updating files:  95% (908/955)
handle_failure	Run actions/checkout@v4	2026-02-10T11:04:32.4086658Z Updating files:  96% (917/955)
handle_failure	Run actions/checkout@v4	2026-02-10T11:04:32.4094847Z Updating files:  97% (927/955)
handle_failure	Run actions/checkout@v4	2026-02-10T11:04:32.4132578Z Updating files:  98% (936/955)
handle_failure	Run actions/checkout@v4	2026-02-10T11:04:32.4133872Z Updating files:  99% (946/955)
handle_failure	Run actions/checkout@v4	2026-02-10T11:04:32.4151800Z Updating files: 100% (955/955)
handle_failure	Run actions/checkout@v4	2026-02-10T11:04:32.4231174Z Updating files: 100% (955/955), done.
handle_failure	Run actions/checkout@v4	2026-02-10T11:04:32.5097694Z Switched to a new branch 'H3266-deploy-zabbix'
handle_failure	Run actions/checkout@v4	2026-02-10T11:04:32.5100770Z branch 'H3266-deploy-zabbix' set up to track 'origin/H3266-deploy-zabbix'.
handle_failure	Run actions/checkout@v4	2026-02-10T11:04:32.5512174Z ##[endgroup]
handle_failure	Run actions/checkout@v4	2026-02-10T11:04:32.5831475Z [command]/usr/bin/git log -1 --format=%H
handle_failure	Run actions/checkout@v4	2026-02-10T11:04:32.6053072Z 9785583395806f6f852214ec031416f264a5097d
handle_failure	Run /./.github/actions/install-gh-cli	ï»¿2026-02-10T11:04:32.8844575Z Prepare all required actions
handle_failure	Run /./.github/actions/install-gh-cli	2026-02-10T11:04:33.0255452Z ##[group]Run ./.github/actions/install-gh-cli
handle_failure	Run /./.github/actions/install-gh-cli	2026-02-10T11:04:33.0255781Z env:
handle_failure	Run /./.github/actions/install-gh-cli	2026-02-10T11:04:33.0255976Z   KAOS_MODULE: [Ka0S] YAMLLINT
handle_failure	Run /./.github/actions/install-gh-cli	2026-02-10T11:04:33.0256537Z   GH_TOKEN: ***
handle_failure	Run /./.github/actions/install-gh-cli	2026-02-10T11:04:33.0256827Z   KAOS_YAMLLINT_CONFIG: core/config/kaos-yamllint-config.yaml
handle_failure	Run /./.github/actions/install-gh-cli	2026-02-10T11:04:33.0257242Z   KAOS_PRETTIER_CONFIG: compliance/yaml/.prettierrc.json
handle_failure	Run /./.github/actions/install-gh-cli	2026-02-10T11:04:33.0257581Z   KAOS_PATH_RESUME: audit/yamllint/
handle_failure	Run /./.github/actions/install-gh-cli	2026-02-10T11:04:33.0257885Z   KAOS_REPO: /actions-runner/_work/kaos/kaos
handle_failure	Run /./.github/actions/install-gh-cli	2026-02-10T11:04:33.0258172Z   KAOS_STEP_MODULE: 
handle_failure	Run /./.github/actions/install-gh-cli	2026-02-10T11:04:33.0258382Z   KAOS_CODE: 21861743268
handle_failure	Run /./.github/actions/install-gh-cli	2026-02-10T11:04:33.0258603Z   KAOS_REF_BRANCH: main
handle_failure	Run /./.github/actions/install-gh-cli	2026-02-10T11:04:33.0258820Z ##[endgroup]
handle_failure	Run /./.github/actions/install-gh-cli	2026-02-10T11:04:33.2143145Z ##[group]Run type -p curl >/dev/null || (sudo apt-get update && sudo apt-get install curl -y)
handle_failure	Run /./.github/actions/install-gh-cli	2026-02-10T11:04:33.2143927Z [36;1mtype -p curl >/dev/null || (sudo apt-get update && sudo apt-get install curl -y)[0m
handle_failure	Run /./.github/actions/install-gh-cli	2026-02-10T11:04:33.2144921Z [36;1mcurl -fsSL https://cli.github.com/packages/githubcli-archive-keyring.gpg | sudo dd of=/usr/share/keyrings/githubcli-archive-keyring.gpg \[0m
handle_failure	Run /./.github/actions/install-gh-cli	2026-02-10T11:04:33.2145790Z [36;1m&& sudo chmod go+r /usr/share/keyrings/githubcli-archive-keyring.gpg \[0m
handle_failure	Run /./.github/actions/install-gh-cli	2026-02-10T11:04:33.2146952Z [36;1m&& echo "deb [arch=$(dpkg --print-architecture) signed-by=/usr/share/keyrings/githubcli-archive-keyring.gpg] https://cli.github.com/packages stable main" | sudo tee /etc/apt/sources.list.d/github-cli.list > /dev/null \[0m
handle_failure	Run /./.github/actions/install-gh-cli	2026-02-10T11:04:33.2148043Z [36;1m&& sudo apt-get update \[0m
handle_failure	Run /./.github/actions/install-gh-cli	2026-02-10T11:04:33.2148350Z [36;1m&& sudo apt-get install gh -y[0m
handle_failure	Run /./.github/actions/install-gh-cli	2026-02-10T11:04:33.2188974Z shell: /usr/bin/bash --noprofile --norc -e -o pipefail {0}
handle_failure	Run /./.github/actions/install-gh-cli	2026-02-10T11:04:33.2189416Z env:
handle_failure	Run /./.github/actions/install-gh-cli	2026-02-10T11:04:33.2189660Z   KAOS_MODULE: [Ka0S] YAMLLINT
handle_failure	Run /./.github/actions/install-gh-cli	2026-02-10T11:04:33.2190499Z   GH_TOKEN: ***
handle_failure	Run /./.github/actions/install-gh-cli	2026-02-10T11:04:33.2190834Z   KAOS_YAMLLINT_CONFIG: core/config/kaos-yamllint-config.yaml
handle_failure	Run /./.github/actions/install-gh-cli	2026-02-10T11:04:33.2191264Z   KAOS_PRETTIER_CONFIG: compliance/yaml/.prettierrc.json
handle_failure	Run /./.github/actions/install-gh-cli	2026-02-10T11:04:33.2191656Z   KAOS_PATH_RESUME: audit/yamllint/
handle_failure	Run /./.github/actions/install-gh-cli	2026-02-10T11:04:33.2191953Z   KAOS_REPO: /actions-runner/_work/kaos/kaos
handle_failure	Run /./.github/actions/install-gh-cli	2026-02-10T11:04:33.2192249Z   KAOS_STEP_MODULE: 
handle_failure	Run /./.github/actions/install-gh-cli	2026-02-10T11:04:33.2192466Z   KAOS_CODE: 21861743268
handle_failure	Run /./.github/actions/install-gh-cli	2026-02-10T11:04:33.2192687Z   KAOS_REF_BRANCH: main
handle_failure	Run /./.github/actions/install-gh-cli	2026-02-10T11:04:33.2192913Z ##[endgroup]
handle_failure	Run /./.github/actions/install-gh-cli	2026-02-10T11:04:36.2516150Z 4+1 records in
handle_failure	Run /./.github/actions/install-gh-cli	2026-02-10T11:04:36.2517783Z 4+1 records out
handle_failure	Run /./.github/actions/install-gh-cli	2026-02-10T11:04:36.2535386Z 2270 bytes (2.3 kB, 2.2 KiB) copied, 0.000697642 s, 3.3 MB/s
handle_failure	Run /./.github/actions/install-gh-cli	2026-02-10T11:04:37.2921183Z Get:1 https://cli.github.com/packages stable InRelease [3917 B]
handle_failure	Run /./.github/actions/install-gh-cli	2026-02-10T11:04:37.3421212Z Get:2 http://archive.ubuntu.com/ubuntu noble InRelease [256 kB]
handle_failure	Run /./.github/actions/install-gh-cli	2026-02-10T11:04:37.4348116Z Get:3 http://security.ubuntu.com/ubuntu noble-security InRelease [126 kB]
handle_failure	Run /./.github/actions/install-gh-cli	2026-02-10T11:04:37.4373453Z Get:4 https://ppa.launchpadcontent.net/git-core/ppa/ubuntu noble InRelease [24.3 kB]
handle_failure	Run /./.github/actions/install-gh-cli	2026-02-10T11:04:37.5130829Z Get:5 https://cli.github.com/packages stable/main amd64 Packages [356 B]
handle_failure	Run /./.github/actions/install-gh-cli	2026-02-10T11:04:37.6732219Z Get:6 http://archive.ubuntu.com/ubuntu noble-updates InRelease [126 kB]
handle_failure	Run /./.github/actions/install-gh-cli	2026-02-10T11:04:37.7403110Z Get:7 https://ppa.launchpadcontent.net/git-core/ppa/ubuntu noble/main amd64 Packages [2994 B]
handle_failure	Run /./.github/actions/install-gh-cli	2026-02-10T11:04:37.7562224Z Get:8 http://archive.ubuntu.com/ubuntu noble-backports InRelease [126 kB]
handle_failure	Run /./.github/actions/install-gh-cli	2026-02-10T11:04:38.0372557Z Get:9 http://archive.ubuntu.com/ubuntu noble/multiverse amd64 Packages [331 kB]
handle_failure	Run /./.github/actions/install-gh-cli	2026-02-10T11:04:38.1464583Z Get:10 http://archive.ubuntu.com/ubuntu noble/universe amd64 Packages [19.3 MB]
handle_failure	Run /./.github/actions/install-gh-cli	2026-02-10T11:04:39.3978331Z Get:11 http://archive.ubuntu.com/ubuntu noble/main amd64 Packages [1808 kB]
handle_failure	Run /./.github/actions/install-gh-cli	2026-02-10T11:04:39.4213068Z Get:12 http://archive.ubuntu.com/ubuntu noble/restricted amd64 Packages [117 kB]
handle_failure	Run /./.github/actions/install-gh-cli	2026-02-10T11:04:39.4532765Z Get:13 http://archive.ubuntu.com/ubuntu noble-updates/restricted amd64 Packages [3287 kB]
handle_failure	Run /./.github/actions/install-gh-cli	2026-02-10T11:04:39.5191152Z Get:14 http://security.ubuntu.com/ubuntu noble-security/main amd64 Packages [1822 kB]
handle_failure	Run /./.github/actions/install-gh-cli	2026-02-10T11:04:39.5569749Z Get:15 http://archive.ubuntu.com/ubuntu noble-updates/multiverse amd64 Packages [38.1 kB]
handle_failure	Run /./.github/actions/install-gh-cli	2026-02-10T11:04:39.5660533Z Get:16 http://archive.ubuntu.com/ubuntu noble-updates/universe amd64 Packages [1978 kB]
handle_failure	Run /./.github/actions/install-gh-cli	2026-02-10T11:04:39.6743803Z Get:17 http://archive.ubuntu.com/ubuntu noble-updates/main amd64 Packages [2201 kB]
handle_failure	Run /./.github/actions/install-gh-cli	2026-02-10T11:04:39.7198276Z Get:18 http://archive.ubuntu.com/ubuntu noble-backports/main amd64 Packages [49.5 kB]
handle_failure	Run /./.github/actions/install-gh-cli	2026-02-10T11:04:39.7285959Z Get:19 http://archive.ubuntu.com/ubuntu noble-backports/universe amd64 Packages [34.6 kB]
handle_failure	Run /./.github/actions/install-gh-cli	2026-02-10T11:04:43.5318696Z Get:20 http://security.ubuntu.com/ubuntu noble-security/universe amd64 Packages [1199 kB]
handle_failure	Run /./.github/actions/install-gh-cli	2026-02-10T11:04:43.7967582Z Get:21 http://security.ubuntu.com/ubuntu noble-security/restricted amd64 Packages [3106 kB]
handle_failure	Run /./.github/actions/install-gh-cli	2026-02-10T11:04:44.3101440Z Get:22 http://security.ubuntu.com/ubuntu noble-security/multiverse amd64 Packages [34.8 kB]
handle_failure	Run /./.github/actions/install-gh-cli	2026-02-10T11:04:44.5689452Z Fetched 36.0 MB in 7s (4889 kB/s)
handle_failure	Run /./.github/actions/install-gh-cli	2026-02-10T11:04:45.8398497Z Reading package lists...
handle_failure	Run /./.github/actions/install-gh-cli	2026-02-10T11:04:47.5564231Z Reading package lists...
handle_failure	Run /./.github/actions/install-gh-cli	2026-02-10T11:04:48.0836834Z Building dependency tree...
handle_failure	Run /./.github/actions/install-gh-cli	2026-02-10T11:04:48.0840579Z Reading state information...
handle_failure	Run /./.github/actions/install-gh-cli	2026-02-10T11:04:48.7813889Z The following NEW packages will be installed:
handle_failure	Run /./.github/actions/install-gh-cli	2026-02-10T11:04:48.7871276Z   gh
handle_failure	Run /./.github/actions/install-gh-cli	2026-02-10T11:04:48.9276264Z 0 upgraded, 1 newly installed, 0 to remove and 18 not upgraded.
handle_failure	Run /./.github/actions/install-gh-cli	2026-02-10T11:04:48.9281663Z Need to get 13.7 MB of archives.
handle_failure	Run /./.github/actions/install-gh-cli	2026-02-10T11:04:48.9282771Z After this operation, 37.9 MB of additional disk space will be used.
handle_failure	Run /./.github/actions/install-gh-cli	2026-02-10T11:04:48.9291629Z Get:1 https://cli.github.com/packages stable/main amd64 gh amd64 2.86.0 [13.7 MB]
handle_failure	Run /./.github/actions/install-gh-cli	2026-02-10T11:04:49.5572109Z debconf: delaying package configuration, since apt-utils is not installed
handle_failure	Run /./.github/actions/install-gh-cli	2026-02-10T11:04:49.6300881Z Fetched 13.7 MB in 0s (34.7 MB/s)
handle_failure	Run /./.github/actions/install-gh-cli	2026-02-10T11:04:49.6957035Z Selecting previously unselected package gh.
handle_failure	Run /./.github/actions/install-gh-cli	2026-02-10T11:04:49.6976526Z (Reading database ... 
handle_failure	Run /./.github/actions/install-gh-cli	2026-02-10T11:04:49.6981025Z (Reading database ... 5%
handle_failure	Run /./.github/actions/install-gh-cli	2026-02-10T11:04:49.6981653Z (Reading database ... 10%
handle_failure	Run /./.github/actions/install-gh-cli	2026-02-10T11:04:49.6982738Z (Reading database ... 15%
handle_failure	Run /./.github/actions/install-gh-cli	2026-02-10T11:04:49.6983188Z (Reading database ... 20%
handle_failure	Run /./.github/actions/install-gh-cli	2026-02-10T11:04:49.6983556Z (Reading database ... 25%
handle_failure	Run /./.github/actions/install-gh-cli	2026-02-10T11:04:49.6985237Z (Reading database ... 30%
handle_failure	Run /./.github/actions/install-gh-cli	2026-02-10T11:04:49.6986198Z (Reading database ... 35%
handle_failure	Run /./.github/actions/install-gh-cli	2026-02-10T11:04:49.6986654Z (Reading database ... 40%
handle_failure	Run /./.github/actions/install-gh-cli	2026-02-10T11:04:49.6988347Z (Reading database ... 45%
handle_failure	Run /./.github/actions/install-gh-cli	2026-02-10T11:04:49.6988814Z (Reading database ... 50%
handle_failure	Run /./.github/actions/install-gh-cli	2026-02-10T11:04:49.6989196Z (Reading database ... 55%
handle_failure	Run /./.github/actions/install-gh-cli	2026-02-10T11:04:49.6989937Z (Reading database ... 60%
handle_failure	Run /./.github/actions/install-gh-cli	2026-02-10T11:04:49.6991305Z (Reading database ... 65%
handle_failure	Run /./.github/actions/install-gh-cli	2026-02-10T11:04:49.7017854Z (Reading database ... 70%
handle_failure	Run /./.github/actions/install-gh-cli	2026-02-10T11:04:49.7021591Z (Reading database ... 75%
handle_failure	Run /./.github/actions/install-gh-cli	2026-02-10T11:04:49.7037566Z (Reading database ... 80%
handle_failure	Run /./.github/actions/install-gh-cli	2026-02-10T11:04:49.7043174Z (Reading database ... 85%
handle_failure	Run /./.github/actions/install-gh-cli	2026-02-10T11:04:49.7055926Z (Reading database ... 90%
handle_failure	Run /./.github/actions/install-gh-cli	2026-02-10T11:04:49.7079836Z (Reading database ... 95%
handle_failure	Run /./.github/actions/install-gh-cli	2026-02-10T11:04:49.7081921Z (Reading database ... 100%
handle_failure	Run /./.github/actions/install-gh-cli	2026-02-10T11:04:49.7082311Z (Reading database ... 14385 files and directories currently installed.)
handle_failure	Run /./.github/actions/install-gh-cli	2026-02-10T11:04:49.7088788Z Preparing to unpack .../archives/gh_2.86.0_amd64.deb ...
handle_failure	Run /./.github/actions/install-gh-cli	2026-02-10T11:04:49.7202119Z Unpacking gh (2.86.0) ...
handle_failure	Run /./.github/actions/install-gh-cli	2026-02-10T11:04:50.5369369Z Setting up gh (2.86.0) ...
handle_failure	Notify Failure	ï»¿2026-02-10T11:04:50.7362292Z ##[group]Run gh issue create --title "[Ka0S] YAMLLINT Error in 21861743268" --label "bug" --body "Check logs: https://github.com/Ka0s-Klaus/ka0s/actions/runs/21861743268"
handle_failure	Notify Failure	2026-02-10T11:04:50.7363908Z [36;1mgh issue create --title "[Ka0S] YAMLLINT Error in 21861743268" --label "bug" --body "Check logs: https://github.com/Ka0s-Klaus/ka0s/actions/runs/21861743268"[0m
handle_failure	Notify Failure	2026-02-10T11:04:50.7364756Z [36;1mRNNUMBER=$(echo "refs/heads/H3266-deploy-zabbix" | grep -o '[0-9]*')[0m
handle_failure	Notify Failure	2026-02-10T11:04:50.7365368Z [36;1mgh issue comment $RNNUMBER --body "â El proceso de Compliance YAML ha fallado 21861743268."[0m
handle_failure	Notify Failure	2026-02-10T11:04:50.7387953Z shell: /usr/bin/bash -e {0}
handle_failure	Notify Failure	2026-02-10T11:04:50.7388238Z env:
handle_failure	Notify Failure	2026-02-10T11:04:50.7388426Z   KAOS_MODULE: [Ka0S] YAMLLINT
handle_failure	Notify Failure	2026-02-10T11:04:50.7389045Z   GH_TOKEN: ***
handle_failure	Notify Failure	2026-02-10T11:04:50.7389344Z   KAOS_YAMLLINT_CONFIG: core/config/kaos-yamllint-config.yaml
handle_failure	Notify Failure	2026-02-10T11:04:50.7389773Z   KAOS_PRETTIER_CONFIG: compliance/yaml/.prettierrc.json
handle_failure	Notify Failure	2026-02-10T11:04:50.7391711Z   KAOS_PATH_RESUME: audit/yamllint/
handle_failure	Notify Failure	2026-02-10T11:04:50.7392083Z   KAOS_REPO: /actions-runner/_work/kaos/kaos
handle_failure	Notify Failure	2026-02-10T11:04:50.7392379Z   KAOS_STEP_MODULE: 
handle_failure	Notify Failure	2026-02-10T11:04:50.7392586Z   KAOS_CODE: 21861743268
handle_failure	Notify Failure	2026-02-10T11:04:50.7392800Z   KAOS_REF_BRANCH: main
handle_failure	Notify Failure	2026-02-10T11:04:50.7393015Z ##[endgroup]
handle_failure	Notify Failure	2026-02-10T11:04:52.2931014Z https://github.com/Ka0s-Klaus/ka0s/issues/3443
handle_failure	Notify Failure	2026-02-10T11:04:53.6634414Z https://github.com/Ka0s-Klaus/ka0s/issues/3266#issuecomment-3876926249
handle_failure	Post Run actions/checkout@v4	ï»¿2026-02-10T11:04:53.7219084Z Post job cleanup.
handle_failure	Post Run actions/checkout@v4	2026-02-10T11:04:54.1801481Z [command]/usr/bin/git version
handle_failure	Post Run actions/checkout@v4	2026-02-10T11:04:54.2188885Z git version 2.52.0
handle_failure	Post Run actions/checkout@v4	2026-02-10T11:04:54.3084209Z Temporarily overriding HOME='/home/runner/_work/_temp/b2c06bef-af66-403b-b502-5fc42bef9480' before making global git config changes
handle_failure	Post Run actions/checkout@v4	2026-02-10T11:04:54.3147670Z Adding repository directory to the temporary git global config as a safe directory
handle_failure	Post Run actions/checkout@v4	2026-02-10T11:04:54.3264608Z [command]/usr/bin/git config --global --add safe.directory /home/runner/_work/ka0s/ka0s
handle_failure	Post Run actions/checkout@v4	2026-02-10T11:04:54.4041420Z [command]/usr/bin/git config --local --name-only --get-regexp core\.sshCommand
handle_failure	Post Run actions/checkout@v4	2026-02-10T11:04:54.4781798Z [command]/usr/bin/git submodule foreach --recursive sh -c "git config --local --name-only --get-regexp 'core\.sshCommand' && git config --local --unset-all 'core.sshCommand' || :"
handle_failure	Post Run actions/checkout@v4	2026-02-10T11:04:54.6552793Z [command]/usr/bin/git config --local --name-only --get-regexp http\.https\:\/\/github\.com\/\.extraheader
handle_failure	Post Run actions/checkout@v4	2026-02-10T11:04:54.6678978Z http.https://github.com/.extraheader
handle_failure	Post Run actions/checkout@v4	2026-02-10T11:04:54.6858568Z [command]/usr/bin/git config --local --unset-all http.https://github.com/.extraheader
handle_failure	Post Run actions/checkout@v4	2026-02-10T11:04:54.7092450Z [command]/usr/bin/git submodule foreach --recursive sh -c "git config --local --name-only --get-regexp 'http\.https\:\/\/github\.com\/\.extraheader' && git config --local --unset-all 'http.https://github.com/.extraheader' || :"
handle_failure	Post Run actions/checkout@v4	2026-02-10T11:04:55.1154548Z [command]/usr/bin/git config --local --name-only --get-regexp ^includeIf\.gitdir:
handle_failure	Post Run actions/checkout@v4	2026-02-10T11:04:55.1731361Z [command]/usr/bin/git submodule foreach --recursive git config --local --show-origin --name-only --get-regexp remote.origin.url
handle_failure	Complete job	ï»¿2026-02-10T11:04:55.5829197Z Cleaning up orphan processes
end-workflow	Set up job	ï»¿2026-02-10T11:05:31.9644615Z Current runner version: '2.331.0'
end-workflow	Set up job	2026-02-10T11:05:31.9757294Z Runner name: 'swarm-runners-scaleset-hkss5-runner-b9nlj'
end-workflow	Set up job	2026-02-10T11:05:32.0339628Z Runner group name: 'Default'
end-workflow	Set up job	2026-02-10T11:05:32.0342964Z Machine name: 'swarm-runners-scaleset-hkss5-runner-b9nlj'
end-workflow	Set up job	2026-02-10T11:05:32.0425006Z ##[group]GITHUB_TOKEN Permissions
end-workflow	Set up job	2026-02-10T11:05:32.0435886Z Actions: write
end-workflow	Set up job	2026-02-10T11:05:32.0515729Z Contents: write
end-workflow	Set up job	2026-02-10T11:05:32.0518750Z Issues: write
end-workflow	Set up job	2026-02-10T11:05:32.0528038Z Metadata: read
end-workflow	Set up job	2026-02-10T11:05:32.0535055Z PullRequests: write
end-workflow	Set up job	2026-02-10T11:05:32.0537666Z ##[endgroup]
end-workflow	Set up job	2026-02-10T11:05:32.0552691Z Secret source: Actions
end-workflow	Set up job	2026-02-10T11:05:32.0607003Z Prepare workflow directory
end-workflow	Set up job	2026-02-10T11:05:35.6028163Z Prepare all required actions
end-workflow	Set up job	2026-02-10T11:05:35.7214229Z Getting action download info
end-workflow	Set up job	2026-02-10T11:05:38.2079416Z Download action repository 'actions/checkout@v4' (SHA:34e114876b0b11c390a56381ad16ebd13914f8d5)
end-workflow	Set up job	2026-02-10T11:05:41.5422046Z Complete job name: end-workflow
end-workflow	Run actions/checkout@v4	ï»¿2026-02-10T11:05:41.7729670Z ##[group]Run actions/checkout@v4
end-workflow	Run actions/checkout@v4	2026-02-10T11:05:41.7732590Z with:
end-workflow	Run actions/checkout@v4	2026-02-10T11:05:41.7734145Z   repository: Ka0s-Klaus/ka0s
end-workflow	Run actions/checkout@v4	2026-02-10T11:05:41.7737020Z   token: ***
end-workflow	Run actions/checkout@v4	2026-02-10T11:05:41.7738749Z   ssh-strict: true
end-workflow	Run actions/checkout@v4	2026-02-10T11:05:41.7740018Z   ssh-user: git
end-workflow	Run actions/checkout@v4	2026-02-10T11:05:41.7741378Z   persist-credentials: true
end-workflow	Run actions/checkout@v4	2026-02-10T11:05:41.7745209Z   clean: true
end-workflow	Run actions/checkout@v4	2026-02-10T11:05:41.7746903Z   sparse-checkout-cone-mode: true
end-workflow	Run actions/checkout@v4	2026-02-10T11:05:41.7749167Z   fetch-depth: 1
end-workflow	Run actions/checkout@v4	2026-02-10T11:05:41.7750667Z   fetch-tags: false
end-workflow	Run actions/checkout@v4	2026-02-10T11:05:41.7752048Z   show-progress: true
end-workflow	Run actions/checkout@v4	2026-02-10T11:05:41.7753429Z   lfs: false
end-workflow	Run actions/checkout@v4	2026-02-10T11:05:41.7754816Z   submodules: false
end-workflow	Run actions/checkout@v4	2026-02-10T11:05:41.7756318Z   set-safe-directory: true
end-workflow	Run actions/checkout@v4	2026-02-10T11:05:41.7760986Z env:
end-workflow	Run actions/checkout@v4	2026-02-10T11:05:41.7762347Z   KAOS_MODULE: [Ka0S] YAMLLINT
end-workflow	Run actions/checkout@v4	2026-02-10T11:05:41.7852606Z   GH_TOKEN: ***
end-workflow	Run actions/checkout@v4	2026-02-10T11:05:41.7854112Z   KAOS_YAMLLINT_CONFIG: core/config/kaos-yamllint-config.yaml
end-workflow	Run actions/checkout@v4	2026-02-10T11:05:41.7856082Z   KAOS_PRETTIER_CONFIG: compliance/yaml/.prettierrc.json
end-workflow	Run actions/checkout@v4	2026-02-10T11:05:41.7858543Z   KAOS_PATH_RESUME: audit/yamllint/
end-workflow	Run actions/checkout@v4	2026-02-10T11:05:41.7859812Z   KAOS_REPO: /actions-runner/_work/kaos/kaos
end-workflow	Run actions/checkout@v4	2026-02-10T11:05:41.7861247Z   KAOS_STEP_MODULE: 
end-workflow	Run actions/checkout@v4	2026-02-10T11:05:41.7862285Z   KAOS_CODE: 21861743268
end-workflow	Run actions/checkout@v4	2026-02-10T11:05:41.7863438Z   KAOS_REF_BRANCH: main
end-workflow	Run actions/checkout@v4	2026-02-10T11:05:41.7864913Z ##[endgroup]
end-workflow	Run actions/checkout@v4	2026-02-10T11:05:44.4389964Z Syncing repository: Ka0s-Klaus/ka0s
end-workflow	Run actions/checkout@v4	2026-02-10T11:05:44.4395128Z ##[group]Getting Git version info
end-workflow	Run actions/checkout@v4	2026-02-10T11:05:44.4397030Z Working directory is '/home/runner/_work/ka0s/ka0s'
end-workflow	Run actions/checkout@v4	2026-02-10T11:05:44.4399707Z [command]/usr/bin/git version
end-workflow	Run actions/checkout@v4	2026-02-10T11:05:44.4401082Z git version 2.52.0
end-workflow	Run actions/checkout@v4	2026-02-10T11:05:44.5085307Z ##[endgroup]
end-workflow	Run actions/checkout@v4	2026-02-10T11:05:44.5553140Z Temporarily overriding HOME='/home/runner/_work/_temp/e7aade02-903d-4fbb-9b77-e2d141585f93' before making global git config changes
end-workflow	Run actions/checkout@v4	2026-02-10T11:05:44.5611245Z Adding repository directory to the temporary git global config as a safe directory
end-workflow	Run actions/checkout@v4	2026-02-10T11:05:44.5729902Z [command]/usr/bin/git config --global --add safe.directory /home/runner/_work/ka0s/ka0s
end-workflow	Run actions/checkout@v4	2026-02-10T11:05:44.6637633Z Deleting the contents of '/home/runner/_work/ka0s/ka0s'
end-workflow	Run actions/checkout@v4	2026-02-10T11:05:44.6796225Z ##[group]Initializing the repository
end-workflow	Run actions/checkout@v4	2026-02-10T11:05:44.6981861Z [command]/usr/bin/git init /home/runner/_work/ka0s/ka0s
end-workflow	Run actions/checkout@v4	2026-02-10T11:05:44.7810533Z hint: Using 'master' as the name for the initial branch. This default branch name
end-workflow	Run actions/checkout@v4	2026-02-10T11:05:44.7821547Z hint: will change to "main" in Git 3.0. To configure the initial branch name
end-workflow	Run actions/checkout@v4	2026-02-10T11:05:44.7920617Z hint: to use in all of your new repositories, which will suppress this warning,
end-workflow	Run actions/checkout@v4	2026-02-10T11:05:44.7972429Z hint: call:
end-workflow	Run actions/checkout@v4	2026-02-10T11:05:44.7973633Z hint:
end-workflow	Run actions/checkout@v4	2026-02-10T11:05:44.7974909Z hint: 	git config --global init.defaultBranch <name>
end-workflow	Run actions/checkout@v4	2026-02-10T11:05:44.7976474Z hint:
end-workflow	Run actions/checkout@v4	2026-02-10T11:05:44.7978522Z hint: Names commonly chosen instead of 'master' are 'main', 'trunk' and
end-workflow	Run actions/checkout@v4	2026-02-10T11:05:44.8204982Z hint: 'development'. The just-created branch can be renamed via this command:
end-workflow	Run actions/checkout@v4	2026-02-10T11:05:44.8321703Z hint:
end-workflow	Run actions/checkout@v4	2026-02-10T11:05:44.8324046Z hint: 	git branch -m <name>
end-workflow	Run actions/checkout@v4	2026-02-10T11:05:44.8326640Z hint:
end-workflow	Run actions/checkout@v4	2026-02-10T11:05:44.8609591Z hint: Disable this message with "git config set advice.defaultBranchName false"
end-workflow	Run actions/checkout@v4	2026-02-10T11:05:44.8612375Z Initialized empty Git repository in /home/runner/_work/ka0s/ka0s/.git/
end-workflow	Run actions/checkout@v4	2026-02-10T11:05:44.8850154Z [command]/usr/bin/git remote add origin https://github.com/Ka0s-Klaus/ka0s
end-workflow	Run actions/checkout@v4	2026-02-10T11:05:44.9773096Z ##[endgroup]
end-workflow	Run actions/checkout@v4	2026-02-10T11:05:44.9777770Z ##[group]Disabling automatic garbage collection
end-workflow	Run actions/checkout@v4	2026-02-10T11:05:44.9820762Z [command]/usr/bin/git config --local gc.auto 0
end-workflow	Run actions/checkout@v4	2026-02-10T11:05:45.1033145Z ##[endgroup]
end-workflow	Run actions/checkout@v4	2026-02-10T11:05:45.1149839Z ##[group]Setting up auth
end-workflow	Run actions/checkout@v4	2026-02-10T11:05:45.1152805Z [command]/usr/bin/git config --local --name-only --get-regexp core\.sshCommand
end-workflow	Run actions/checkout@v4	2026-02-10T11:05:45.1876331Z [command]/usr/bin/git submodule foreach --recursive sh -c "git config --local --name-only --get-regexp 'core\.sshCommand' && git config --local --unset-all 'core.sshCommand' || :"
end-workflow	Run actions/checkout@v4	2026-02-10T11:05:45.8764795Z [command]/usr/bin/git config --local --name-only --get-regexp http\.https\:\/\/github\.com\/\.extraheader
end-workflow	Run actions/checkout@v4	2026-02-10T11:05:45.9241935Z [command]/usr/bin/git submodule foreach --recursive sh -c "git config --local --name-only --get-regexp 'http\.https\:\/\/github\.com\/\.extraheader' && git config --local --unset-all 'http.https://github.com/.extraheader' || :"
end-workflow	Run actions/checkout@v4	2026-02-10T11:05:46.6613200Z [command]/usr/bin/git config --local --name-only --get-regexp ^includeIf\.gitdir:
end-workflow	Run actions/checkout@v4	2026-02-10T11:05:46.7626523Z [command]/usr/bin/git submodule foreach --recursive git config --local --show-origin --name-only --get-regexp remote.origin.url
end-workflow	Run actions/checkout@v4	2026-02-10T11:05:47.6197057Z [command]/usr/bin/git config --local http.https://github.com/.extraheader AUTHORIZATION: basic ***
end-workflow	Run actions/checkout@v4	2026-02-10T11:05:47.7195114Z ##[endgroup]
end-workflow	Run actions/checkout@v4	2026-02-10T11:05:47.7197240Z ##[group]Fetching the repository
end-workflow	Run actions/checkout@v4	2026-02-10T11:05:47.7448061Z [command]/usr/bin/git -c protocol.version=2 fetch --no-tags --prune --no-recurse-submodules --depth=1 origin +9785583395806f6f852214ec031416f264a5097d:refs/remotes/origin/H3266-deploy-zabbix
end-workflow	Run actions/checkout@v4	2026-02-10T11:06:08.7104213Z From https://github.com/Ka0s-Klaus/ka0s
end-workflow	Run actions/checkout@v4	2026-02-10T11:06:08.7119068Z  * [new ref]         9785583395806f6f852214ec031416f264a5097d -> origin/H3266-deploy-zabbix
end-workflow	Run actions/checkout@v4	2026-02-10T11:06:08.7712001Z ##[endgroup]
end-workflow	Run actions/checkout@v4	2026-02-10T11:06:08.7713756Z ##[group]Determining the checkout info
end-workflow	Run actions/checkout@v4	2026-02-10T11:06:08.7772130Z ##[endgroup]
end-workflow	Run actions/checkout@v4	2026-02-10T11:06:08.8133318Z [command]/usr/bin/git sparse-checkout disable
end-workflow	Run actions/checkout@v4	2026-02-10T11:06:08.9211582Z [command]/usr/bin/git config --local --unset-all extensions.worktreeConfig
end-workflow	Run actions/checkout@v4	2026-02-10T11:06:08.9796448Z ##[group]Checking out the ref
end-workflow	Run actions/checkout@v4	2026-02-10T11:06:08.9817124Z [command]/usr/bin/git checkout --progress --force -B H3266-deploy-zabbix refs/remotes/origin/H3266-deploy-zabbix
end-workflow	Run actions/checkout@v4	2026-02-10T11:06:11.2639689Z Updating files:  19% (184/955)
end-workflow	Run actions/checkout@v4	2026-02-10T11:06:11.2650775Z Updating files:  20% (191/955)
end-workflow	Run actions/checkout@v4	2026-02-10T11:06:11.2661078Z Updating files:  21% (201/955)
end-workflow	Run actions/checkout@v4	2026-02-10T11:06:11.2795271Z Updating files:  22% (211/955)
end-workflow	Run actions/checkout@v4	2026-02-10T11:06:11.2842254Z Updating files:  23% (220/955)
end-workflow	Run actions/checkout@v4	2026-02-10T11:06:11.2880870Z Updating files:  23% (227/955)
end-workflow	Run actions/checkout@v4	2026-02-10T11:06:11.3042135Z Updating files:  24% (230/955)
end-workflow	Run actions/checkout@v4	2026-02-10T11:06:11.3180092Z Updating files:  25% (239/955)
end-workflow	Run actions/checkout@v4	2026-02-10T11:06:11.3382298Z Updating files:  26% (249/955)
end-workflow	Run actions/checkout@v4	2026-02-10T11:06:11.3689043Z Updating files:  27% (258/955)
end-workflow	Run actions/checkout@v4	2026-02-10T11:06:11.3866146Z Updating files:  28% (268/955)
end-workflow	Run actions/checkout@v4	2026-02-10T11:06:11.3866905Z Updating files:  29% (277/955)
end-workflow	Run actions/checkout@v4	2026-02-10T11:06:11.3867544Z Updating files:  30% (287/955)
end-workflow	Run actions/checkout@v4	2026-02-10T11:06:11.4008880Z Updating files:  31% (297/955)
end-workflow	Run actions/checkout@v4	2026-02-10T11:06:11.4009843Z Updating files:  32% (306/955)
end-workflow	Run actions/checkout@v4	2026-02-10T11:06:11.4010461Z Updating files:  33% (316/955)
end-workflow	Run actions/checkout@v4	2026-02-10T11:06:11.4011080Z Updating files:  34% (325/955)
end-workflow	Run actions/checkout@v4	2026-02-10T11:06:11.4011799Z Updating files:  35% (335/955)
end-workflow	Run actions/checkout@v4	2026-02-10T11:06:11.4014383Z Updating files:  36% (344/955)
end-workflow	Run actions/checkout@v4	2026-02-10T11:06:11.4016671Z Updating files:  37% (354/955)
end-workflow	Run actions/checkout@v4	2026-02-10T11:06:11.4029048Z Updating files:  38% (363/955)
end-workflow	Run actions/checkout@v4	2026-02-10T11:06:11.4821494Z Updating files:  39% (373/955)
end-workflow	Run actions/checkout@v4	2026-02-10T11:06:11.4942011Z Updating files:  40% (382/955)
end-workflow	Run actions/checkout@v4	2026-02-10T11:06:11.5329586Z Updating files:  41% (392/955)
end-workflow	Run actions/checkout@v4	2026-02-10T11:06:11.5359917Z Updating files:  42% (402/955)
end-workflow	Run actions/checkout@v4	2026-02-10T11:06:11.5909815Z Updating files:  43% (411/955)
end-workflow	Run actions/checkout@v4	2026-02-10T11:06:11.6131375Z Updating files:  44% (421/955)
end-workflow	Run actions/checkout@v4	2026-02-10T11:06:11.6310871Z Updating files:  45% (430/955)
end-workflow	Run actions/checkout@v4	2026-02-10T11:06:11.6661798Z Updating files:  46% (440/955)
end-workflow	Run actions/checkout@v4	2026-02-10T11:06:11.6662622Z Updating files:  47% (449/955)
end-workflow	Run actions/checkout@v4	2026-02-10T11:06:11.6710414Z Updating files:  48% (459/955)
end-workflow	Run actions/checkout@v4	2026-02-10T11:06:12.7402274Z Updating files:  49% (468/955)
end-workflow	Run actions/checkout@v4	2026-02-10T11:06:12.7604739Z Updating files:  49% (472/955)
end-workflow	Run actions/checkout@v4	2026-02-10T11:06:12.7606183Z Updating files:  50% (478/955)
end-workflow	Run actions/checkout@v4	2026-02-10T11:06:12.8299543Z Updating files:  51% (488/955)
end-workflow	Run actions/checkout@v4	2026-02-10T11:06:12.8302207Z Updating files:  52% (497/955)
end-workflow	Run actions/checkout@v4	2026-02-10T11:06:12.8352722Z Updating files:  53% (507/955)
end-workflow	Run actions/checkout@v4	2026-02-10T11:06:12.8371114Z Updating files:  54% (516/955)
end-workflow	Run actions/checkout@v4	2026-02-10T11:06:12.8484369Z Updating files:  55% (526/955)
end-workflow	Run actions/checkout@v4	2026-02-10T11:06:12.8575379Z Updating files:  56% (535/955)
end-workflow	Run actions/checkout@v4	2026-02-10T11:06:12.8606417Z Updating files:  57% (545/955)
end-workflow	Run actions/checkout@v4	2026-02-10T11:06:12.8702159Z Updating files:  58% (554/955)
end-workflow	Run actions/checkout@v4	2026-02-10T11:06:12.8801184Z Updating files:  59% (564/955)
end-workflow	Run actions/checkout@v4	2026-02-10T11:06:12.8818658Z Updating files:  60% (573/955)
end-workflow	Run actions/checkout@v4	2026-02-10T11:06:12.8861525Z Updating files:  61% (583/955)
end-workflow	Run actions/checkout@v4	2026-02-10T11:06:12.8863474Z Updating files:  62% (593/955)
end-workflow	Run actions/checkout@v4	2026-02-10T11:06:13.4260247Z Updating files:  63% (602/955)
end-workflow	Run actions/checkout@v4	2026-02-10T11:06:13.4270859Z Updating files:  63% (611/955)
end-workflow	Run actions/checkout@v4	2026-02-10T11:06:13.4271473Z Updating files:  64% (612/955)
end-workflow	Run actions/checkout@v4	2026-02-10T11:06:13.4272340Z Updating files:  65% (621/955)
end-workflow	Run actions/checkout@v4	2026-02-10T11:06:13.4608842Z Updating files:  66% (631/955)
end-workflow	Run actions/checkout@v4	2026-02-10T11:06:13.4609723Z Updating files:  67% (640/955)
end-workflow	Run actions/checkout@v4	2026-02-10T11:06:13.4610314Z Updating files:  68% (650/955)
end-workflow	Run actions/checkout@v4	2026-02-10T11:06:13.4610899Z Updating files:  69% (659/955)
end-workflow	Run actions/checkout@v4	2026-02-10T11:06:13.4611559Z Updating files:  70% (669/955)
end-workflow	Run actions/checkout@v4	2026-02-10T11:06:13.4612145Z Updating files:  71% (679/955)
end-workflow	Run actions/checkout@v4	2026-02-10T11:06:13.4612716Z Updating files:  72% (688/955)
end-workflow	Run actions/checkout@v4	2026-02-10T11:06:13.4613296Z Updating files:  73% (698/955)
end-workflow	Run actions/checkout@v4	2026-02-10T11:06:13.4613868Z Updating files:  74% (707/955)
end-workflow	Run actions/checkout@v4	2026-02-10T11:06:14.2890223Z Updating files:  75% (717/955)
end-workflow	Run actions/checkout@v4	2026-02-10T11:06:14.4051756Z Updating files:  75% (724/955)
end-workflow	Run actions/checkout@v4	2026-02-10T11:06:15.2109949Z Updating files:  76% (726/955)
end-workflow	Run actions/checkout@v4	2026-02-10T11:06:15.3289206Z Updating files:  77% (736/955)
end-workflow	Run actions/checkout@v4	2026-02-10T11:06:16.0551610Z Updating files:  77% (737/955)
end-workflow	Run actions/checkout@v4	2026-02-10T11:06:16.3120413Z Updating files:  78% (745/955)
end-workflow	Run actions/checkout@v4	2026-02-10T11:06:16.7280868Z Updating files:  78% (749/955)
end-workflow	Run actions/checkout@v4	2026-02-10T11:06:17.1171434Z Updating files:  79% (755/955)
end-workflow	Run actions/checkout@v4	2026-02-10T11:06:17.3189457Z Updating files:  80% (764/955)
end-workflow	Run actions/checkout@v4	2026-02-10T11:06:17.7040056Z Updating files:  80% (769/955)
end-workflow	Run actions/checkout@v4	2026-02-10T11:06:17.8824955Z Updating files:  81% (774/955)
end-workflow	Run actions/checkout@v4	2026-02-10T11:06:18.0981634Z Updating files:  82% (784/955)
end-workflow	Run actions/checkout@v4	2026-02-10T11:06:18.3120304Z Updating files:  83% (793/955)
end-workflow	Run actions/checkout@v4	2026-02-10T11:06:18.7523757Z Updating files:  83% (799/955)
end-workflow	Run actions/checkout@v4	2026-02-10T11:06:19.4223086Z Updating files:  84% (803/955)
end-workflow	Run actions/checkout@v4	2026-02-10T11:06:19.6737026Z Updating files:  84% (808/955)
end-workflow	Run actions/checkout@v4	2026-02-10T11:06:20.1712425Z Updating files:  85% (812/955)
end-workflow	Run actions/checkout@v4	2026-02-10T11:06:20.3672130Z Updating files:  86% (822/955)
end-workflow	Run actions/checkout@v4	2026-02-10T11:06:21.2628901Z Updating files:  86% (824/955)
end-workflow	Run actions/checkout@v4	2026-02-10T11:06:21.2711791Z Updating files:  87% (831/955)
end-workflow	Run actions/checkout@v4	2026-02-10T11:06:21.2768738Z Updating files:  88% (841/955)
end-workflow	Run actions/checkout@v4	2026-02-10T11:06:21.2791855Z Updating files:  89% (850/955)
end-workflow	Run actions/checkout@v4	2026-02-10T11:06:21.2922702Z Updating files:  89% (854/955)
end-workflow	Run actions/checkout@v4	2026-02-10T11:06:21.4924296Z Updating files:  90% (860/955)
end-workflow	Run actions/checkout@v4	2026-02-10T11:06:21.5070914Z Updating files:  91% (870/955)
end-workflow	Run actions/checkout@v4	2026-02-10T11:06:21.5839291Z Updating files:  92% (879/955)
end-workflow	Run actions/checkout@v4	2026-02-10T11:06:21.5925641Z Updating files:  93% (889/955)
end-workflow	Run actions/checkout@v4	2026-02-10T11:06:21.6047199Z Updating files:  94% (898/955)
end-workflow	Run actions/checkout@v4	2026-02-10T11:06:21.6105849Z Updating files:  95% (908/955)
end-workflow	Run actions/checkout@v4	2026-02-10T11:06:21.6165269Z Updating files:  96% (917/955)
end-workflow	Run actions/checkout@v4	2026-02-10T11:06:21.6213547Z Updating files:  97% (927/955)
end-workflow	Run actions/checkout@v4	2026-02-10T11:06:21.6214691Z Updating files:  98% (936/955)
end-workflow	Run actions/checkout@v4	2026-02-10T11:06:21.6313602Z Updating files:  99% (946/955)
end-workflow	Run actions/checkout@v4	2026-02-10T11:06:21.6327634Z Updating files: 100% (955/955)
end-workflow	Run actions/checkout@v4	2026-02-10T11:06:21.6333881Z Updating files: 100% (955/955), done.
end-workflow	Run actions/checkout@v4	2026-02-10T11:06:23.3720004Z Switched to a new branch 'H3266-deploy-zabbix'
end-workflow	Run actions/checkout@v4	2026-02-10T11:06:23.3770516Z branch 'H3266-deploy-zabbix' set up to track 'origin/H3266-deploy-zabbix'.
end-workflow	Run actions/checkout@v4	2026-02-10T11:06:23.6115719Z ##[endgroup]
end-workflow	Run actions/checkout@v4	2026-02-10T11:06:23.6704933Z [command]/usr/bin/git log -1 --format=%H
end-workflow	Run actions/checkout@v4	2026-02-10T11:06:23.9162228Z 9785583395806f6f852214ec031416f264a5097d
end-workflow	Run /./.github/actions/install-gh-cli	ï»¿2026-02-10T11:06:24.3158806Z Prepare all required actions
end-workflow	Run /./.github/actions/install-gh-cli	2026-02-10T11:06:24.3867474Z ##[group]Run ./.github/actions/install-gh-cli
end-workflow	Run /./.github/actions/install-gh-cli	2026-02-10T11:06:24.3883459Z env:
end-workflow	Run /./.github/actions/install-gh-cli	2026-02-10T11:06:24.3884200Z   KAOS_MODULE: [Ka0S] YAMLLINT
end-workflow	Run /./.github/actions/install-gh-cli	2026-02-10T11:06:24.3917423Z   GH_TOKEN: ***
end-workflow	Run /./.github/actions/install-gh-cli	2026-02-10T11:06:24.3919730Z   KAOS_YAMLLINT_CONFIG: core/config/kaos-yamllint-config.yaml
end-workflow	Run /./.github/actions/install-gh-cli	2026-02-10T11:06:24.3921440Z   KAOS_PRETTIER_CONFIG: compliance/yaml/.prettierrc.json
end-workflow	Run /./.github/actions/install-gh-cli	2026-02-10T11:06:24.3922652Z   KAOS_PATH_RESUME: audit/yamllint/
end-workflow	Run /./.github/actions/install-gh-cli	2026-02-10T11:06:24.3923317Z   KAOS_REPO: /actions-runner/_work/kaos/kaos
end-workflow	Run /./.github/actions/install-gh-cli	2026-02-10T11:06:24.3923969Z   KAOS_STEP_MODULE: 
end-workflow	Run /./.github/actions/install-gh-cli	2026-02-10T11:06:24.3924454Z   KAOS_CODE: 21861743268
end-workflow	Run /./.github/actions/install-gh-cli	2026-02-10T11:06:24.3924950Z   KAOS_REF_BRANCH: main
end-workflow	Run /./.github/actions/install-gh-cli	2026-02-10T11:06:24.3925658Z ##[endgroup]
end-workflow	Run /./.github/actions/install-gh-cli	2026-02-10T11:06:24.6070393Z ##[group]Run type -p curl >/dev/null || (sudo apt-get update && sudo apt-get install curl -y)
end-workflow	Run /./.github/actions/install-gh-cli	2026-02-10T11:06:24.6072153Z [36;1mtype -p curl >/dev/null || (sudo apt-get update && sudo apt-get install curl -y)[0m
end-workflow	Run /./.github/actions/install-gh-cli	2026-02-10T11:06:24.6074450Z [36;1mcurl -fsSL https://cli.github.com/packages/githubcli-archive-keyring.gpg | sudo dd of=/usr/share/keyrings/githubcli-archive-keyring.gpg \[0m
end-workflow	Run /./.github/actions/install-gh-cli	2026-02-10T11:06:24.6076634Z [36;1m&& sudo chmod go+r /usr/share/keyrings/githubcli-archive-keyring.gpg \[0m
end-workflow	Run /./.github/actions/install-gh-cli	2026-02-10T11:06:24.6194962Z [36;1m&& echo "deb [arch=$(dpkg --print-architecture) signed-by=/usr/share/keyrings/githubcli-archive-keyring.gpg] https://cli.github.com/packages stable main" | sudo tee /etc/apt/sources.list.d/github-cli.list > /dev/null \[0m
end-workflow	Run /./.github/actions/install-gh-cli	2026-02-10T11:06:24.6198931Z [36;1m&& sudo apt-get update \[0m
end-workflow	Run /./.github/actions/install-gh-cli	2026-02-10T11:06:24.6199670Z [36;1m&& sudo apt-get install gh -y[0m
end-workflow	Run /./.github/actions/install-gh-cli	2026-02-10T11:06:24.6619301Z shell: /usr/bin/bash --noprofile --norc -e -o pipefail {0}
end-workflow	Run /./.github/actions/install-gh-cli	2026-02-10T11:06:24.6621009Z env:
end-workflow	Run /./.github/actions/install-gh-cli	2026-02-10T11:06:24.6621523Z   KAOS_MODULE: [Ka0S] YAMLLINT
end-workflow	Run /./.github/actions/install-gh-cli	2026-02-10T11:06:24.6622580Z   GH_TOKEN: ***
end-workflow	Run /./.github/actions/install-gh-cli	2026-02-10T11:06:24.6623360Z   KAOS_YAMLLINT_CONFIG: core/config/kaos-yamllint-config.yaml
end-workflow	Run /./.github/actions/install-gh-cli	2026-02-10T11:06:24.6624476Z   KAOS_PRETTIER_CONFIG: compliance/yaml/.prettierrc.json
end-workflow	Run /./.github/actions/install-gh-cli	2026-02-10T11:06:24.6625430Z   KAOS_PATH_RESUME: audit/yamllint/
end-workflow	Run /./.github/actions/install-gh-cli	2026-02-10T11:06:24.6626177Z   KAOS_REPO: /actions-runner/_work/kaos/kaos
end-workflow	Run /./.github/actions/install-gh-cli	2026-02-10T11:06:24.6626943Z   KAOS_STEP_MODULE: 
end-workflow	Run /./.github/actions/install-gh-cli	2026-02-10T11:06:24.6627530Z   KAOS_CODE: 21861743268
end-workflow	Run /./.github/actions/install-gh-cli	2026-02-10T11:06:24.6628585Z   KAOS_REF_BRANCH: main
end-workflow	Run /./.github/actions/install-gh-cli	2026-02-10T11:06:24.6629639Z ##[endgroup]
end-workflow	Run /./.github/actions/install-gh-cli	2026-02-10T11:06:25.4273235Z 4+1 records in
end-workflow	Run /./.github/actions/install-gh-cli	2026-02-10T11:06:25.4276998Z 4+1 records out
end-workflow	Run /./.github/actions/install-gh-cli	2026-02-10T11:06:25.4329161Z 2270 bytes (2.3 kB, 2.2 KiB) copied, 0.484876 s, 4.7 kB/s
end-workflow	Run /./.github/actions/install-gh-cli	2026-02-10T11:06:26.7160453Z Get:1 http://archive.ubuntu.com/ubuntu noble InRelease [256 kB]
end-workflow	Run /./.github/actions/install-gh-cli	2026-02-10T11:06:26.8244390Z Get:2 http://security.ubuntu.com/ubuntu noble-security InRelease [126 kB]
end-workflow	Run /./.github/actions/install-gh-cli	2026-02-10T11:06:26.8436409Z Get:3 https://cli.github.com/packages stable InRelease [3917 B]
end-workflow	Run /./.github/actions/install-gh-cli	2026-02-10T11:06:27.0119847Z Get:4 https://ppa.launchpadcontent.net/git-core/ppa/ubuntu noble InRelease [24.3 kB]
end-workflow	Run /./.github/actions/install-gh-cli	2026-02-10T11:06:27.0669980Z Get:5 http://archive.ubuntu.com/ubuntu noble-updates InRelease [126 kB]
end-workflow	Run /./.github/actions/install-gh-cli	2026-02-10T11:06:27.1543015Z Get:6 http://archive.ubuntu.com/ubuntu noble-backports InRelease [126 kB]
end-workflow	Run /./.github/actions/install-gh-cli	2026-02-10T11:06:27.6142800Z Get:7 https://cli.github.com/packages stable/main amd64 Packages [356 B]
end-workflow	Run /./.github/actions/install-gh-cli	2026-02-10T11:06:28.3869976Z Get:8 https://ppa.launchpadcontent.net/git-core/ppa/ubuntu noble/main amd64 Packages [2994 B]
end-workflow	Run /./.github/actions/install-gh-cli	2026-02-10T11:06:29.2869335Z Get:9 http://archive.ubuntu.com/ubuntu noble/multiverse amd64 Packages [331 kB]
end-workflow	Run /./.github/actions/install-gh-cli	2026-02-10T11:06:29.4073017Z Get:10 http://archive.ubuntu.com/ubuntu noble/restricted amd64 Packages [117 kB]
end-workflow	Run /./.github/actions/install-gh-cli	2026-02-10T11:06:29.4328277Z Get:11 http://archive.ubuntu.com/ubuntu noble/main amd64 Packages [1808 kB]
end-workflow	Run /./.github/actions/install-gh-cli	2026-02-10T11:06:29.7950983Z Get:12 http://archive.ubuntu.com/ubuntu noble/universe amd64 Packages [19.3 MB]
end-workflow	Run /./.github/actions/install-gh-cli	2026-02-10T11:06:31.5439422Z Get:13 http://security.ubuntu.com/ubuntu noble-security/universe amd64 Packages [1199 kB]
end-workflow	Run /./.github/actions/install-gh-cli	2026-02-10T11:06:32.0086183Z Get:14 http://archive.ubuntu.com/ubuntu noble-updates/multiverse amd64 Packages [38.1 kB]
end-workflow	Run /./.github/actions/install-gh-cli	2026-02-10T11:06:32.0228561Z Get:15 http://security.ubuntu.com/ubuntu noble-security/restricted amd64 Packages [3106 kB]
end-workflow	Run /./.github/actions/install-gh-cli	2026-02-10T11:06:32.0331747Z Get:16 http://archive.ubuntu.com/ubuntu noble-updates/restricted amd64 Packages [3287 kB]
end-workflow	Run /./.github/actions/install-gh-cli	2026-02-10T11:06:32.3177714Z Get:17 http://archive.ubuntu.com/ubuntu noble-updates/main amd64 Packages [2201 kB]
end-workflow	Run /./.github/actions/install-gh-cli	2026-02-10T11:06:32.4945342Z Get:18 http://security.ubuntu.com/ubuntu noble-security/main amd64 Packages [1822 kB]
end-workflow	Run /./.github/actions/install-gh-cli	2026-02-10T11:06:32.5830658Z Get:19 http://archive.ubuntu.com/ubuntu noble-updates/universe amd64 Packages [1978 kB]
end-workflow	Run /./.github/actions/install-gh-cli	2026-02-10T11:06:32.9866682Z Get:20 http://security.ubuntu.com/ubuntu noble-security/multiverse amd64 Packages [34.8 kB]
end-workflow	Run /./.github/actions/install-gh-cli	2026-02-10T11:06:33.3723458Z Get:21 http://archive.ubuntu.com/ubuntu noble-backports/main amd64 Packages [49.5 kB]
end-workflow	Run /./.github/actions/install-gh-cli	2026-02-10T11:06:33.4464316Z Get:22 http://archive.ubuntu.com/ubuntu noble-backports/universe amd64 Packages [34.6 kB]
end-workflow	Run /./.github/actions/install-gh-cli	2026-02-10T11:06:41.0840446Z Fetched 36.0 MB in 15s (2458 kB/s)
end-workflow	Run /./.github/actions/install-gh-cli	2026-02-10T11:06:48.4140409Z Reading package lists...
end-workflow	Run /./.github/actions/install-gh-cli	2026-02-10T11:06:55.4766234Z Reading package lists...
end-workflow	Run /./.github/actions/install-gh-cli	2026-02-10T11:06:57.0863850Z Building dependency tree...
end-workflow	Run /./.github/actions/install-gh-cli	2026-02-10T11:06:57.1109700Z Reading state information...
end-workflow	Run /./.github/actions/install-gh-cli	2026-02-10T11:06:59.3089480Z The following NEW packages will be installed:
end-workflow	Run /./.github/actions/install-gh-cli	2026-02-10T11:06:59.3144147Z   gh
end-workflow	Run /./.github/actions/install-gh-cli	2026-02-10T11:06:59.5651326Z 0 upgraded, 1 newly installed, 0 to remove and 18 not upgraded.
end-workflow	Run /./.github/actions/install-gh-cli	2026-02-10T11:06:59.5693058Z Need to get 13.7 MB of archives.
end-workflow	Run /./.github/actions/install-gh-cli	2026-02-10T11:06:59.5702901Z After this operation, 37.9 MB of additional disk space will be used.
end-workflow	Run /./.github/actions/install-gh-cli	2026-02-10T11:06:59.5709414Z Get:1 https://cli.github.com/packages stable/main amd64 gh amd64 2.86.0 [13.7 MB]
end-workflow	Run /./.github/actions/install-gh-cli	2026-02-10T11:07:01.0712395Z debconf: delaying package configuration, since apt-utils is not installed
end-workflow	Run /./.github/actions/install-gh-cli	2026-02-10T11:07:01.1749178Z Fetched 13.7 MB in 1s (12.3 MB/s)
end-workflow	Run /./.github/actions/install-gh-cli	2026-02-10T11:07:01.2993610Z Selecting previously unselected package gh.
end-workflow	Run /./.github/actions/install-gh-cli	2026-02-10T11:07:01.3389798Z (Reading database ... 
end-workflow	Run /./.github/actions/install-gh-cli	2026-02-10T11:07:01.3462771Z (Reading database ... 5%
end-workflow	Run /./.github/actions/install-gh-cli	2026-02-10T11:07:01.3470956Z (Reading database ... 10%
end-workflow	Run /./.github/actions/install-gh-cli	2026-02-10T11:07:01.3499685Z (Reading database ... 15%
end-workflow	Run /./.github/actions/install-gh-cli	2026-02-10T11:07:01.3510061Z (Reading database ... 20%
end-workflow	Run /./.github/actions/install-gh-cli	2026-02-10T11:07:01.3526564Z (Reading database ... 25%
end-workflow	Run /./.github/actions/install-gh-cli	2026-02-10T11:07:01.3539461Z (Reading database ... 30%
end-workflow	Run /./.github/actions/install-gh-cli	2026-02-10T11:07:01.3550518Z (Reading database ... 35%
end-workflow	Run /./.github/actions/install-gh-cli	2026-02-10T11:07:01.3552793Z (Reading database ... 40%
end-workflow	Run /./.github/actions/install-gh-cli	2026-02-10T11:07:01.3569244Z (Reading database ... 45%
end-workflow	Run /./.github/actions/install-gh-cli	2026-02-10T11:07:01.3612093Z (Reading database ... 50%
end-workflow	Run /./.github/actions/install-gh-cli	2026-02-10T11:07:01.3639166Z (Reading database ... 55%
end-workflow	Run /./.github/actions/install-gh-cli	2026-02-10T11:07:01.3639931Z (Reading database ... 60%
end-workflow	Run /./.github/actions/install-gh-cli	2026-02-10T11:07:01.3793423Z (Reading database ... 65%
end-workflow	Run /./.github/actions/install-gh-cli	2026-02-10T11:07:01.3919745Z (Reading database ... 70%
end-workflow	Run /./.github/actions/install-gh-cli	2026-02-10T11:07:01.4049792Z (Reading database ... 75%
end-workflow	Run /./.github/actions/install-gh-cli	2026-02-10T11:07:01.4237297Z (Reading database ... 80%
end-workflow	Run /./.github/actions/install-gh-cli	2026-02-10T11:07:01.4379411Z (Reading database ... 85%
end-workflow	Run /./.github/actions/install-gh-cli	2026-02-10T11:07:01.4461657Z (Reading database ... 90%
end-workflow	Run /./.github/actions/install-gh-cli	2026-02-10T11:07:01.4790391Z (Reading database ... 95%
end-workflow	Run /./.github/actions/install-gh-cli	2026-02-10T11:07:01.4798933Z (Reading database ... 100%
end-workflow	Run /./.github/actions/install-gh-cli	2026-02-10T11:07:01.4805947Z (Reading database ... 14385 files and directories currently installed.)
end-workflow	Run /./.github/actions/install-gh-cli	2026-02-10T11:07:01.4829737Z Preparing to unpack .../archives/gh_2.86.0_amd64.deb ...
end-workflow	Run /./.github/actions/install-gh-cli	2026-02-10T11:07:01.5159017Z Unpacking gh (2.86.0) ...
end-workflow	Run /./.github/actions/install-gh-cli	2026-02-10T11:07:03.2189650Z Setting up gh (2.86.0) ...
end-workflow	End Workflow	ï»¿2026-02-10T11:07:03.6957338Z ##[group]Run RNNUMBER=$(echo "refs/heads/H3266-deploy-zabbix" | grep -o '[0-9]*')
end-workflow	End Workflow	2026-02-10T11:07:03.6960034Z [36;1mRNNUMBER=$(echo "refs/heads/H3266-deploy-zabbix" | grep -o '[0-9]*')[0m
end-workflow	End Workflow	2026-02-10T11:07:03.6962233Z [36;1mgh workflow run inspector.yml --ref 'main' -f kaos-issue-id=$RNNUMBER -f kaos-workflow-id="21861743268" -f kaos-user-start=""[0m
end-workflow	End Workflow	2026-02-10T11:07:03.7069350Z shell: /usr/bin/bash -e {0}
end-workflow	End Workflow	2026-02-10T11:07:03.7070010Z env:
end-workflow	End Workflow	2026-02-10T11:07:03.7070469Z   KAOS_MODULE: [Ka0S] YAMLLINT
end-workflow	End Workflow	2026-02-10T11:07:03.7071433Z   GH_TOKEN: ***
end-workflow	End Workflow	2026-02-10T11:07:03.7072140Z   KAOS_YAMLLINT_CONFIG: core/config/kaos-yamllint-config.yaml
end-workflow	End Workflow	2026-02-10T11:07:03.7073134Z   KAOS_PRETTIER_CONFIG: compliance/yaml/.prettierrc.json
end-workflow	End Workflow	2026-02-10T11:07:03.7073971Z   KAOS_PATH_RESUME: audit/yamllint/
end-workflow	End Workflow	2026-02-10T11:07:03.7074679Z   KAOS_REPO: /actions-runner/_work/kaos/kaos
end-workflow	End Workflow	2026-02-10T11:07:03.7075362Z   KAOS_STEP_MODULE: 
end-workflow	End Workflow	2026-02-10T11:07:03.7075900Z   KAOS_CODE: 21861743268
end-workflow	End Workflow	2026-02-10T11:07:03.7076435Z   KAOS_REF_BRANCH: main
end-workflow	End Workflow	2026-02-10T11:07:03.7077198Z ##[endgroup]
end-workflow	Post Run actions/checkout@v4	ï»¿2026-02-10T11:07:06.5773204Z Post job cleanup.
end-workflow	Post Run actions/checkout@v4	2026-02-10T11:07:07.2082734Z [command]/usr/bin/git version
end-workflow	Post Run actions/checkout@v4	2026-02-10T11:07:07.2919538Z git version 2.52.0
end-workflow	Post Run actions/checkout@v4	2026-02-10T11:07:07.3201637Z Temporarily overriding HOME='/home/runner/_work/_temp/d5c284e7-9f64-47da-8c93-8a17e694c6b1' before making global git config changes
end-workflow	Post Run actions/checkout@v4	2026-02-10T11:07:07.3229647Z Adding repository directory to the temporary git global config as a safe directory
end-workflow	Post Run actions/checkout@v4	2026-02-10T11:07:07.3314513Z [command]/usr/bin/git config --global --add safe.directory /home/runner/_work/ka0s/ka0s
end-workflow	Post Run actions/checkout@v4	2026-02-10T11:07:07.3546512Z [command]/usr/bin/git config --local --name-only --get-regexp core\.sshCommand
end-workflow	Post Run actions/checkout@v4	2026-02-10T11:07:07.3870010Z [command]/usr/bin/git submodule foreach --recursive sh -c "git config --local --name-only --get-regexp 'core\.sshCommand' && git config --local --unset-all 'core.sshCommand' || :"
end-workflow	Post Run actions/checkout@v4	2026-02-10T11:07:07.8006010Z [command]/usr/bin/git config --local --name-only --get-regexp http\.https\:\/\/github\.com\/\.extraheader
end-workflow	Post Run actions/checkout@v4	2026-02-10T11:07:07.8089036Z http.https://github.com/.extraheader
end-workflow	Post Run actions/checkout@v4	2026-02-10T11:07:07.8251913Z [command]/usr/bin/git config --local --unset-all http.https://github.com/.extraheader
end-workflow	Post Run actions/checkout@v4	2026-02-10T11:07:07.8315544Z [command]/usr/bin/git submodule foreach --recursive sh -c "git config --local --name-only --get-regexp 'http\.https\:\/\/github\.com\/\.extraheader' && git config --local --unset-all 'http.https://github.com/.extraheader' || :"
end-workflow	Post Run actions/checkout@v4	2026-02-10T11:07:08.1976315Z [command]/usr/bin/git config --local --name-only --get-regexp ^includeIf\.gitdir:
end-workflow	Post Run actions/checkout@v4	2026-02-10T11:07:08.2134673Z [command]/usr/bin/git submodule foreach --recursive git config --local --show-origin --name-only --get-regexp remote.origin.url
end-workflow	Complete job	ï»¿2026-02-10T11:07:08.5735707Z Cleaning up orphan processes
