job-core	Set up job	ï»¿2026-02-10T12:59:35.0398700Z Current runner version: '2.331.0'
job-core	Set up job	2026-02-10T12:59:35.2244280Z Runner name: 'swarm-runners-scaleset-hkss5-runner-jhvvp'
job-core	Set up job	2026-02-10T12:59:35.2245602Z Runner group name: 'Default'
job-core	Set up job	2026-02-10T12:59:35.2246842Z Machine name: 'swarm-runners-scaleset-hkss5-runner-jhvvp'
job-core	Set up job	2026-02-10T12:59:35.2762686Z ##[group]GITHUB_TOKEN Permissions
job-core	Set up job	2026-02-10T12:59:35.2766615Z Actions: write
job-core	Set up job	2026-02-10T12:59:35.2767497Z Contents: write
job-core	Set up job	2026-02-10T12:59:35.2768111Z Issues: write
job-core	Set up job	2026-02-10T12:59:35.2768791Z Metadata: read
job-core	Set up job	2026-02-10T12:59:35.2769380Z PullRequests: write
job-core	Set up job	2026-02-10T12:59:35.2770039Z ##[endgroup]
job-core	Set up job	2026-02-10T12:59:35.2844557Z Secret source: Actions
job-core	Set up job	2026-02-10T12:59:35.2845796Z Prepare workflow directory
job-core	Set up job	2026-02-10T12:59:36.1765394Z Prepare all required actions
job-core	Set up job	2026-02-10T12:59:36.2380487Z Getting action download info
job-core	Set up job	2026-02-10T12:59:37.2255822Z Download action repository 'actions/checkout@v4' (SHA:34e114876b0b11c390a56381ad16ebd13914f8d5)
job-core	Set up job	2026-02-10T12:59:39.4641053Z Download action repository 'actions/setup-python@v5' (SHA:a26af69be951a213d495a4c3e4e4022e16d87065)
job-core	Set up job	2026-02-10T12:59:41.5478725Z Download action repository 'actions/setup-node@v4' (SHA:49933ea5288caeca8642d1e84afbd3f7d6820020)
job-core	Set up job	2026-02-10T12:59:44.7555014Z Complete job name: job-core
job-core	Checkout code	ï»¿2026-02-10T12:59:45.5244490Z ##[group]Run actions/checkout@v4
job-core	Checkout code	2026-02-10T12:59:45.5245854Z with:
job-core	Checkout code	2026-02-10T12:59:45.5246093Z   fetch-depth: 0
job-core	Checkout code	2026-02-10T12:59:45.5246319Z   repository: Ka0s-Klaus/ka0s
job-core	Checkout code	2026-02-10T12:59:45.5246864Z   token: ***
job-core	Checkout code	2026-02-10T12:59:45.5247074Z   ssh-strict: true
job-core	Checkout code	2026-02-10T12:59:45.5247278Z   ssh-user: git
job-core	Checkout code	2026-02-10T12:59:45.5247496Z   persist-credentials: true
job-core	Checkout code	2026-02-10T12:59:45.5247761Z   clean: true
job-core	Checkout code	2026-02-10T12:59:45.5247988Z   sparse-checkout-cone-mode: true
job-core	Checkout code	2026-02-10T12:59:45.5248268Z   fetch-tags: false
job-core	Checkout code	2026-02-10T12:59:45.5248737Z   show-progress: true
job-core	Checkout code	2026-02-10T12:59:45.5248958Z   lfs: false
job-core	Checkout code	2026-02-10T12:59:45.5249159Z   submodules: false
job-core	Checkout code	2026-02-10T12:59:45.5249374Z   set-safe-directory: true
job-core	Checkout code	2026-02-10T12:59:45.5249936Z env:
job-core	Checkout code	2026-02-10T12:59:45.5250715Z   KAOS_MODULE: [Ka0S] YAMLLINT
job-core	Checkout code	2026-02-10T12:59:45.5251120Z   GH_TOKEN: ***
job-core	Checkout code	2026-02-10T12:59:45.5251412Z   KAOS_YAMLLINT_CONFIG: core/config/kaos-yamllint-config.yaml
job-core	Checkout code	2026-02-10T12:59:45.5251848Z   KAOS_PRETTIER_CONFIG: compliance/yaml/.prettierrc.json
job-core	Checkout code	2026-02-10T12:59:45.5252246Z   KAOS_PATH_RESUME: audit/yamllint/
job-core	Checkout code	2026-02-10T12:59:45.5252538Z   KAOS_REPO: /actions-runner/_work/kaos/kaos
job-core	Checkout code	2026-02-10T12:59:45.5252835Z   KAOS_STEP_MODULE: 
job-core	Checkout code	2026-02-10T12:59:45.5253057Z   KAOS_CODE: 21865856075
job-core	Checkout code	2026-02-10T12:59:45.5253292Z   KAOS_REF_BRANCH: main
job-core	Checkout code	2026-02-10T12:59:45.5253533Z ##[endgroup]
job-core	Checkout code	2026-02-10T12:59:46.6343563Z Syncing repository: Ka0s-Klaus/ka0s
job-core	Checkout code	2026-02-10T12:59:46.6345311Z ##[group]Getting Git version info
job-core	Checkout code	2026-02-10T12:59:46.6345687Z Working directory is '/home/runner/_work/ka0s/ka0s'
job-core	Checkout code	2026-02-10T12:59:46.6346223Z [command]/usr/bin/git version
job-core	Checkout code	2026-02-10T12:59:46.6346557Z git version 2.52.0
job-core	Checkout code	2026-02-10T12:59:46.6743767Z ##[endgroup]
job-core	Checkout code	2026-02-10T12:59:46.6982499Z Temporarily overriding HOME='/home/runner/_work/_temp/b9db6316-c8a9-418a-9a97-35cedb0b093c' before making global git config changes
job-core	Checkout code	2026-02-10T12:59:46.6990040Z Adding repository directory to the temporary git global config as a safe directory
job-core	Checkout code	2026-02-10T12:59:46.7126218Z [command]/usr/bin/git config --global --add safe.directory /home/runner/_work/ka0s/ka0s
job-core	Checkout code	2026-02-10T12:59:46.8117195Z Deleting the contents of '/home/runner/_work/ka0s/ka0s'
job-core	Checkout code	2026-02-10T12:59:46.8337715Z ##[group]Initializing the repository
job-core	Checkout code	2026-02-10T12:59:46.8751164Z [command]/usr/bin/git init /home/runner/_work/ka0s/ka0s
job-core	Checkout code	2026-02-10T12:59:46.9217554Z Initialized empty Git repository in /home/runner/_work/ka0s/ka0s/.git/
job-core	Checkout code	2026-02-10T12:59:46.9386395Z hint: Using 'master' as the name for the initial branch. This default branch name
job-core	Checkout code	2026-02-10T12:59:46.9395193Z hint: will change to "main" in Git 3.0. To configure the initial branch name
job-core	Checkout code	2026-02-10T12:59:46.9438933Z hint: to use in all of your new repositories, which will suppress this warning,
job-core	Checkout code	2026-02-10T12:59:46.9452573Z hint: call:
job-core	Checkout code	2026-02-10T12:59:46.9452920Z hint:
job-core	Checkout code	2026-02-10T12:59:46.9453239Z hint: 	git config --global init.defaultBranch <name>
job-core	Checkout code	2026-02-10T12:59:46.9453578Z hint:
job-core	Checkout code	2026-02-10T12:59:47.1045758Z hint: Names commonly chosen instead of 'master' are 'main', 'trunk' and
job-core	Checkout code	2026-02-10T12:59:47.1046478Z hint: 'development'. The just-created branch can be renamed via this command:
job-core	Checkout code	2026-02-10T12:59:47.1046902Z hint:
job-core	Checkout code	2026-02-10T12:59:47.1047114Z hint: 	git branch -m <name>
job-core	Checkout code	2026-02-10T12:59:47.1047386Z hint:
job-core	Checkout code	2026-02-10T12:59:47.1047729Z hint: Disable this message with "git config set advice.defaultBranchName false"
job-core	Checkout code	2026-02-10T12:59:47.1312692Z [command]/usr/bin/git remote add origin https://github.com/Ka0s-Klaus/ka0s
job-core	Checkout code	2026-02-10T12:59:47.1313744Z ##[endgroup]
job-core	Checkout code	2026-02-10T12:59:47.1314150Z ##[group]Disabling automatic garbage collection
job-core	Checkout code	2026-02-10T12:59:47.1314537Z [command]/usr/bin/git config --local gc.auto 0
job-core	Checkout code	2026-02-10T12:59:47.1315325Z ##[endgroup]
job-core	Checkout code	2026-02-10T12:59:47.1315706Z ##[group]Setting up auth
job-core	Checkout code	2026-02-10T12:59:47.1316175Z [command]/usr/bin/git config --local --name-only --get-regexp core\.sshCommand
job-core	Checkout code	2026-02-10T12:59:47.1317471Z [command]/usr/bin/git submodule foreach --recursive sh -c "git config --local --name-only --get-regexp 'core\.sshCommand' && git config --local --unset-all 'core.sshCommand' || :"
job-core	Checkout code	2026-02-10T12:59:47.3853990Z [command]/usr/bin/git config --local --name-only --get-regexp http\.https\:\/\/github\.com\/\.extraheader
job-core	Checkout code	2026-02-10T12:59:47.4592903Z [command]/usr/bin/git submodule foreach --recursive sh -c "git config --local --name-only --get-regexp 'http\.https\:\/\/github\.com\/\.extraheader' && git config --local --unset-all 'http.https://github.com/.extraheader' || :"
job-core	Checkout code	2026-02-10T12:59:47.6921888Z [command]/usr/bin/git config --local --name-only --get-regexp ^includeIf\.gitdir:
job-core	Checkout code	2026-02-10T12:59:47.7351645Z [command]/usr/bin/git submodule foreach --recursive git config --local --show-origin --name-only --get-regexp remote.origin.url
job-core	Checkout code	2026-02-10T12:59:48.1962419Z [command]/usr/bin/git config --local http.https://github.com/.extraheader AUTHORIZATION: basic ***
job-core	Checkout code	2026-02-10T12:59:48.2063107Z ##[endgroup]
job-core	Checkout code	2026-02-10T12:59:48.2063592Z ##[group]Fetching the repository
job-core	Checkout code	2026-02-10T12:59:48.2649191Z [command]/usr/bin/git -c protocol.version=2 fetch --prune --no-recurse-submodules origin +refs/heads/*:refs/remotes/origin/* +refs/tags/*:refs/tags/*
job-core	Checkout code	2026-02-10T13:02:09.5956163Z From https://github.com/Ka0s-Klaus/ka0s
job-core	Checkout code	2026-02-10T13:02:09.5957132Z  * [new branch]          F1224-new-module-mongodb -> origin/F1224-new-module-mongodb
job-core	Checkout code	2026-02-10T13:02:09.5970826Z  * [new branch]          F220-web-de-resultados  -> origin/F220-web-de-resultados
job-core	Checkout code	2026-02-10T13:02:09.6012199Z  * [new branch]          F227-despliegue-de-kube-independiente-del-clouder -> origin/F227-despliegue-de-kube-independiente-del-clouder
job-core	Checkout code	2026-02-10T13:02:09.6013286Z  * [new branch]          F329-documentacion-metodologia-de-kaos -> origin/F329-documentacion-metodologia-de-kaos
job-core	Checkout code	2026-02-10T13:02:09.6013980Z  * [new branch]          F3450-modelo-operativo  -> origin/F3450-modelo-operativo
job-core	Checkout code	2026-02-10T13:02:09.6014637Z  * [new branch]          H1139-como-instalar-arc-control -> origin/H1139-como-instalar-arc-control
job-core	Checkout code	2026-02-10T13:02:09.6015307Z  * [new branch]          H1150-desarrollo-de-secciones -> origin/H1150-desarrollo-de-secciones
job-core	Checkout code	2026-02-10T13:02:09.6016027Z  * [new branch]          H1151-desarrollo-de-secciones-ii -> origin/H1151-desarrollo-de-secciones-ii
job-core	Checkout code	2026-02-10T13:02:09.6016654Z  * [new branch]          H1152-desarrollo-inicio -> origin/H1152-desarrollo-inicio
job-core	Checkout code	2026-02-10T13:02:09.6017256Z  * [new branch]          H1193-ejemplo-web-documentacion -> origin/H1193-ejemplo-web-documentacion
job-core	Checkout code	2026-02-10T13:02:09.6017899Z  * [new branch]          H1224-new-module-mongodb -> origin/H1224-new-module-mongodb
job-core	Checkout code	2026-02-10T13:02:09.6018481Z  * [new branch]          H1276-modulo-observabilidad -> origin/H1276-modulo-observabilidad
job-core	Checkout code	2026-02-10T13:02:09.6019048Z  * [new branch]          H1410-modulo-execution  -> origin/H1410-modulo-execution
job-core	Checkout code	2026-02-10T13:02:09.6119961Z  * [new branch]          H1514-new-swarm-deployment-stack-with-actions-runners-autoscale -> origin/H1514-new-swarm-deployment-stack-with-actions-runners-autoscale
job-core	Checkout code	2026-02-10T13:02:09.6122043Z  * [new branch]          H1968-modulo-personalizaciÃ³n-del-portal-de-kaos-core -> origin/H1968-modulo-personalizaciÃ³n-del-portal-de-kaos-core
job-core	Checkout code	2026-02-10T13:02:09.6122910Z  * [new branch]          H215-modulo-de-summary  -> origin/H215-modulo-de-summary
job-core	Checkout code	2026-02-10T13:02:09.6123844Z  * [new branch]          H227-despliegue-de-kube-independiente-del-clouder -> origin/H227-despliegue-de-kube-independiente-del-clouder
job-core	Checkout code	2026-02-10T13:02:09.6124857Z  * [new branch]          H3038-test-ci-cd-kubernetes-automated-system -> origin/H3038-test-ci-cd-kubernetes-automated-system
job-core	Checkout code	2026-02-10T13:02:09.6125708Z  * [new branch]          H306-ficheros-de-estadisticas -> origin/H306-ficheros-de-estadisticas
job-core	Checkout code	2026-02-10T13:02:09.6126286Z  * [new branch]          H3265-deploy-itop       -> origin/H3265-deploy-itop
job-core	Checkout code	2026-02-10T13:02:09.6126781Z  * [new branch]          H3266-deploy-zabbix     -> origin/H3266-deploy-zabbix
job-core	Checkout code	2026-02-10T13:02:09.6127532Z  * [new branch]          H328-documentacion-modulo-principal-de-kaos -> origin/H328-documentacion-modulo-principal-de-kaos
job-core	Checkout code	2026-02-10T13:02:09.6128422Z  * [new branch]          H329-documentacion-metodologia-de-kaos -> origin/H329-documentacion-metodologia-de-kaos
job-core	Checkout code	2026-02-10T13:02:09.6129694Z  * [new branch]          H338-relanzador-de-jobs-en-caso-de-pattern -> origin/H338-relanzador-de-jobs-en-caso-de-pattern
job-core	Checkout code	2026-02-10T13:02:09.6131415Z  * [new branch]          H38-documentacion-basica-del-proyecto -> origin/H38-documentacion-basica-del-proyecto
job-core	Checkout code	2026-02-10T13:02:09.6132814Z  * [new branch]          RN1282-ka0s-error-detected-in-ka0s-workflow-statistics-summary -> origin/RN1282-ka0s-error-detected-in-ka0s-workflow-statistics-summary
job-core	Checkout code	2026-02-10T13:02:09.6133758Z  * [new branch]          RN220-web-de-resultados -> origin/RN220-web-de-resultados
job-core	Checkout code	2026-02-10T13:02:09.6134584Z  * [new branch]          RN227-despliegue-de-kube-independiente-del-clouder -> origin/RN227-despliegue-de-kube-independiente-del-clouder
job-core	Checkout code	2026-02-10T13:02:09.6135703Z  * [new branch]          RN329-documentacion-metodologia-de-kaos -> origin/RN329-documentacion-metodologia-de-kaos
job-core	Checkout code	2026-02-10T13:02:09.6136430Z  * [new branch]          main                    -> origin/main
job-core	Checkout code	2026-02-10T13:02:09.6136814Z  * [new tag]             0.0.0                   -> 0.0.0
job-core	Checkout code	2026-02-10T13:02:09.6137778Z  * [new tag]             0.0.1                   -> 0.0.1
job-core	Checkout code	2026-02-10T13:02:09.6138181Z  * [new tag]             0.0.10                  -> 0.0.10
job-core	Checkout code	2026-02-10T13:02:09.6138596Z  * [new tag]             0.0.100                 -> 0.0.100
job-core	Checkout code	2026-02-10T13:02:09.6138958Z  * [new tag]             0.0.101                 -> 0.0.101
job-core	Checkout code	2026-02-10T13:02:09.6139307Z  * [new tag]             0.0.102                 -> 0.0.102
job-core	Checkout code	2026-02-10T13:02:09.6139670Z  * [new tag]             0.0.103                 -> 0.0.103
job-core	Checkout code	2026-02-10T13:02:09.6140016Z  * [new tag]             0.0.104                 -> 0.0.104
job-core	Checkout code	2026-02-10T13:02:09.6140666Z  * [new tag]             0.0.105                 -> 0.0.105
job-core	Checkout code	2026-02-10T13:02:09.6141052Z  * [new tag]             0.0.106                 -> 0.0.106
job-core	Checkout code	2026-02-10T13:02:09.6141405Z  * [new tag]             0.0.107                 -> 0.0.107
job-core	Checkout code	2026-02-10T13:02:09.6141784Z  * [new tag]             0.0.108                 -> 0.0.108
job-core	Checkout code	2026-02-10T13:02:09.6142131Z  * [new tag]             0.0.109                 -> 0.0.109
job-core	Checkout code	2026-02-10T13:02:09.6142484Z  * [new tag]             0.0.11                  -> 0.0.11
job-core	Checkout code	2026-02-10T13:02:09.6142827Z  * [new tag]             0.0.110                 -> 0.0.110
job-core	Checkout code	2026-02-10T13:02:09.6143174Z  * [new tag]             0.0.111                 -> 0.0.111
job-core	Checkout code	2026-02-10T13:02:09.6143525Z  * [new tag]             0.0.112                 -> 0.0.112
job-core	Checkout code	2026-02-10T13:02:09.6301170Z  * [new tag]             0.0.113                 -> 0.0.113
job-core	Checkout code	2026-02-10T13:02:09.6301647Z  * [new tag]             0.0.114                 -> 0.0.114
job-core	Checkout code	2026-02-10T13:02:09.6302360Z  * [new tag]             0.0.115                 -> 0.0.115
job-core	Checkout code	2026-02-10T13:02:09.6302709Z  * [new tag]             0.0.116                 -> 0.0.116
job-core	Checkout code	2026-02-10T13:02:09.6303058Z  * [new tag]             0.0.117                 -> 0.0.117
job-core	Checkout code	2026-02-10T13:02:09.6303414Z  * [new tag]             0.0.118                 -> 0.0.118
job-core	Checkout code	2026-02-10T13:02:09.6303759Z  * [new tag]             0.0.119                 -> 0.0.119
job-core	Checkout code	2026-02-10T13:02:09.6304111Z  * [new tag]             0.0.12                  -> 0.0.12
job-core	Checkout code	2026-02-10T13:02:09.6304458Z  * [new tag]             0.0.120                 -> 0.0.120
job-core	Checkout code	2026-02-10T13:02:09.6304810Z  * [new tag]             0.0.121                 -> 0.0.121
job-core	Checkout code	2026-02-10T13:02:09.6305154Z  * [new tag]             0.0.122                 -> 0.0.122
job-core	Checkout code	2026-02-10T13:02:09.6305499Z  * [new tag]             0.0.123                 -> 0.0.123
job-core	Checkout code	2026-02-10T13:02:09.6305843Z  * [new tag]             0.0.124                 -> 0.0.124
job-core	Checkout code	2026-02-10T13:02:09.6306203Z  * [new tag]             0.0.125                 -> 0.0.125
job-core	Checkout code	2026-02-10T13:02:09.6306557Z  * [new tag]             0.0.126                 -> 0.0.126
job-core	Checkout code	2026-02-10T13:02:09.6306901Z  * [new tag]             0.0.127                 -> 0.0.127
job-core	Checkout code	2026-02-10T13:02:09.6307251Z  * [new tag]             0.0.128                 -> 0.0.128
job-core	Checkout code	2026-02-10T13:02:09.6307876Z  * [new tag]             0.0.129                 -> 0.0.129
job-core	Checkout code	2026-02-10T13:02:09.6308225Z  * [new tag]             0.0.13                  -> 0.0.13
job-core	Checkout code	2026-02-10T13:02:09.6308573Z  * [new tag]             0.0.130                 -> 0.0.130
job-core	Checkout code	2026-02-10T13:02:09.6308923Z  * [new tag]             0.0.131                 -> 0.0.131
job-core	Checkout code	2026-02-10T13:02:09.6309271Z  * [new tag]             0.0.132                 -> 0.0.132
job-core	Checkout code	2026-02-10T13:02:09.6309620Z  * [new tag]             0.0.133                 -> 0.0.133
job-core	Checkout code	2026-02-10T13:02:09.6309966Z  * [new tag]             0.0.134                 -> 0.0.134
job-core	Checkout code	2026-02-10T13:02:09.6410009Z  * [new tag]             0.0.135                 -> 0.0.135
job-core	Checkout code	2026-02-10T13:02:09.6410563Z  * [new tag]             0.0.136                 -> 0.0.136
job-core	Checkout code	2026-02-10T13:02:09.6410924Z  * [new tag]             0.0.137                 -> 0.0.137
job-core	Checkout code	2026-02-10T13:02:09.6411271Z  * [new tag]             0.0.138                 -> 0.0.138
job-core	Checkout code	2026-02-10T13:02:09.6411621Z  * [new tag]             0.0.139                 -> 0.0.139
job-core	Checkout code	2026-02-10T13:02:09.6411967Z  * [new tag]             0.0.14                  -> 0.0.14
job-core	Checkout code	2026-02-10T13:02:09.6412312Z  * [new tag]             0.0.140                 -> 0.0.140
job-core	Checkout code	2026-02-10T13:02:09.6412655Z  * [new tag]             0.0.141                 -> 0.0.141
job-core	Checkout code	2026-02-10T13:02:09.6412993Z  * [new tag]             0.0.142                 -> 0.0.142
job-core	Checkout code	2026-02-10T13:02:09.6413339Z  * [new tag]             0.0.143                 -> 0.0.143
job-core	Checkout code	2026-02-10T13:02:09.6413686Z  * [new tag]             0.0.144                 -> 0.0.144
job-core	Checkout code	2026-02-10T13:02:09.6414029Z  * [new tag]             0.0.145                 -> 0.0.145
job-core	Checkout code	2026-02-10T13:02:09.6414370Z  * [new tag]             0.0.146                 -> 0.0.146
job-core	Checkout code	2026-02-10T13:02:09.6414722Z  * [new tag]             0.0.147                 -> 0.0.147
job-core	Checkout code	2026-02-10T13:02:09.6415066Z  * [new tag]             0.0.148                 -> 0.0.148
job-core	Checkout code	2026-02-10T13:02:09.6415410Z  * [new tag]             0.0.149                 -> 0.0.149
job-core	Checkout code	2026-02-10T13:02:09.6415757Z  * [new tag]             0.0.15                  -> 0.0.15
job-core	Checkout code	2026-02-10T13:02:09.6416394Z  * [new tag]             0.0.150                 -> 0.0.150
job-core	Checkout code	2026-02-10T13:02:09.6416745Z  * [new tag]             0.0.151                 -> 0.0.151
job-core	Checkout code	2026-02-10T13:02:09.6417090Z  * [new tag]             0.0.152                 -> 0.0.152
job-core	Checkout code	2026-02-10T13:02:09.6417431Z  * [new tag]             0.0.153                 -> 0.0.153
job-core	Checkout code	2026-02-10T13:02:09.6417777Z  * [new tag]             0.0.154                 -> 0.0.154
job-core	Checkout code	2026-02-10T13:02:09.6418119Z  * [new tag]             0.0.155                 -> 0.0.155
job-core	Checkout code	2026-02-10T13:02:09.6418456Z  * [new tag]             0.0.156                 -> 0.0.156
job-core	Checkout code	2026-02-10T13:02:09.6419146Z  * [new tag]             0.0.157                 -> 0.0.157
job-core	Checkout code	2026-02-10T13:02:09.6419504Z  * [new tag]             0.0.158                 -> 0.0.158
job-core	Checkout code	2026-02-10T13:02:09.6419849Z  * [new tag]             0.0.159                 -> 0.0.159
job-core	Checkout code	2026-02-10T13:02:09.6443173Z  * [new tag]             0.0.16                  -> 0.0.16
job-core	Checkout code	2026-02-10T13:02:09.6443648Z  * [new tag]             0.0.160                 -> 0.0.160
job-core	Checkout code	2026-02-10T13:02:09.6444020Z  * [new tag]             0.0.161                 -> 0.0.161
job-core	Checkout code	2026-02-10T13:02:09.6444376Z  * [new tag]             0.0.162                 -> 0.0.162
job-core	Checkout code	2026-02-10T13:02:09.6444739Z  * [new tag]             0.0.163                 -> 0.0.163
job-core	Checkout code	2026-02-10T13:02:09.6445093Z  * [new tag]             0.0.164                 -> 0.0.164
job-core	Checkout code	2026-02-10T13:02:09.6445444Z  * [new tag]             0.0.165                 -> 0.0.165
job-core	Checkout code	2026-02-10T13:02:09.6445805Z  * [new tag]             0.0.166                 -> 0.0.166
job-core	Checkout code	2026-02-10T13:02:09.6446160Z  * [new tag]             0.0.167                 -> 0.0.167
job-core	Checkout code	2026-02-10T13:02:09.6446569Z  * [new tag]             0.0.168                 -> 0.0.168
job-core	Checkout code	2026-02-10T13:02:09.6446918Z  * [new tag]             0.0.169                 -> 0.0.169
job-core	Checkout code	2026-02-10T13:02:09.6447281Z  * [new tag]             0.0.17                  -> 0.0.17
job-core	Checkout code	2026-02-10T13:02:09.6891651Z  * [new tag]             0.0.170                 -> 0.0.170
job-core	Checkout code	2026-02-10T13:02:09.6892034Z  * [new tag]             0.0.171                 -> 0.0.171
job-core	Checkout code	2026-02-10T13:02:09.6892389Z  * [new tag]             0.0.172                 -> 0.0.172
job-core	Checkout code	2026-02-10T13:02:09.6892741Z  * [new tag]             0.0.173                 -> 0.0.173
job-core	Checkout code	2026-02-10T13:02:09.6893085Z  * [new tag]             0.0.174                 -> 0.0.174
job-core	Checkout code	2026-02-10T13:02:09.6893439Z  * [new tag]             0.0.175                 -> 0.0.175
job-core	Checkout code	2026-02-10T13:02:09.6893786Z  * [new tag]             0.0.176                 -> 0.0.176
job-core	Checkout code	2026-02-10T13:02:09.6894131Z  * [new tag]             0.0.177                 -> 0.0.177
job-core	Checkout code	2026-02-10T13:02:09.6894546Z  * [new tag]             0.0.178                 -> 0.0.178
job-core	Checkout code	2026-02-10T13:02:09.6894901Z  * [new tag]             0.0.179                 -> 0.0.179
job-core	Checkout code	2026-02-10T13:02:09.6895249Z  * [new tag]             0.0.18                  -> 0.0.18
job-core	Checkout code	2026-02-10T13:02:09.6895602Z  * [new tag]             0.0.19                  -> 0.0.19
job-core	Checkout code	2026-02-10T13:02:09.6895951Z  * [new tag]             0.0.2                   -> 0.0.2
job-core	Checkout code	2026-02-10T13:02:09.6896301Z  * [new tag]             0.0.20                  -> 0.0.20
job-core	Checkout code	2026-02-10T13:02:09.6896652Z  * [new tag]             0.0.21                  -> 0.0.21
job-core	Checkout code	2026-02-10T13:02:09.6908479Z  * [new tag]             0.0.22                  -> 0.0.22
job-core	Checkout code	2026-02-10T13:02:09.6908896Z  * [new tag]             0.0.23                  -> 0.0.23
job-core	Checkout code	2026-02-10T13:02:09.6909246Z  * [new tag]             0.0.24                  -> 0.0.24
job-core	Checkout code	2026-02-10T13:02:09.6909591Z  * [new tag]             0.0.25                  -> 0.0.25
job-core	Checkout code	2026-02-10T13:02:09.6909937Z  * [new tag]             0.0.26                  -> 0.0.26
job-core	Checkout code	2026-02-10T13:02:09.6910455Z  * [new tag]             0.0.27                  -> 0.0.27
job-core	Checkout code	2026-02-10T13:02:09.6910808Z  * [new tag]             0.0.28                  -> 0.0.28
job-core	Checkout code	2026-02-10T13:02:09.6911159Z  * [new tag]             0.0.29                  -> 0.0.29
job-core	Checkout code	2026-02-10T13:02:09.6911526Z  * [new tag]             0.0.3                   -> 0.0.3
job-core	Checkout code	2026-02-10T13:02:09.6911870Z  * [new tag]             0.0.30                  -> 0.0.30
job-core	Checkout code	2026-02-10T13:02:09.6912218Z  * [new tag]             0.0.31                  -> 0.0.31
job-core	Checkout code	2026-02-10T13:02:09.6912565Z  * [new tag]             0.0.32                  -> 0.0.32
job-core	Checkout code	2026-02-10T13:02:09.6912919Z  * [new tag]             0.0.33                  -> 0.0.33
job-core	Checkout code	2026-02-10T13:02:09.6913275Z  * [new tag]             0.0.34                  -> 0.0.34
job-core	Checkout code	2026-02-10T13:02:09.6913619Z  * [new tag]             0.0.35                  -> 0.0.35
job-core	Checkout code	2026-02-10T13:02:09.6913964Z  * [new tag]             0.0.36                  -> 0.0.36
job-core	Checkout code	2026-02-10T13:02:09.6914312Z  * [new tag]             0.0.37                  -> 0.0.37
job-core	Checkout code	2026-02-10T13:02:09.7429196Z  * [new tag]             0.0.38                  -> 0.0.38
job-core	Checkout code	2026-02-10T13:02:09.7429584Z  * [new tag]             0.0.39                  -> 0.0.39
job-core	Checkout code	2026-02-10T13:02:09.7429939Z  * [new tag]             0.0.4                   -> 0.0.4
job-core	Checkout code	2026-02-10T13:02:09.7430381Z  * [new tag]             0.0.40                  -> 0.0.40
job-core	Checkout code	2026-02-10T13:02:09.7430747Z  * [new tag]             0.0.41                  -> 0.0.41
job-core	Checkout code	2026-02-10T13:02:09.7431094Z  * [new tag]             0.0.42                  -> 0.0.42
job-core	Checkout code	2026-02-10T13:02:09.7431440Z  * [new tag]             0.0.43                  -> 0.0.43
job-core	Checkout code	2026-02-10T13:02:09.7431786Z  * [new tag]             0.0.44                  -> 0.0.44
job-core	Checkout code	2026-02-10T13:02:09.7432129Z  * [new tag]             0.0.45                  -> 0.0.45
job-core	Checkout code	2026-02-10T13:02:09.7432476Z  * [new tag]             0.0.46                  -> 0.0.46
job-core	Checkout code	2026-02-10T13:02:09.7432815Z  * [new tag]             0.0.47                  -> 0.0.47
job-core	Checkout code	2026-02-10T13:02:09.7433328Z  * [new tag]             0.0.48                  -> 0.0.48
job-core	Checkout code	2026-02-10T13:02:09.7433675Z  * [new tag]             0.0.49                  -> 0.0.49
job-core	Checkout code	2026-02-10T13:02:09.7434020Z  * [new tag]             0.0.5                   -> 0.0.5
job-core	Checkout code	2026-02-10T13:02:09.7434624Z  * [new tag]             0.0.50                  -> 0.0.50
job-core	Checkout code	2026-02-10T13:02:09.7434968Z  * [new tag]             0.0.51                  -> 0.0.51
job-core	Checkout code	2026-02-10T13:02:09.7435307Z  * [new tag]             0.0.52                  -> 0.0.52
job-core	Checkout code	2026-02-10T13:02:09.7435649Z  * [new tag]             0.0.53                  -> 0.0.53
job-core	Checkout code	2026-02-10T13:02:09.7435992Z  * [new tag]             0.0.54                  -> 0.0.54
job-core	Checkout code	2026-02-10T13:02:09.7436333Z  * [new tag]             0.0.55                  -> 0.0.55
job-core	Checkout code	2026-02-10T13:02:09.7436674Z  * [new tag]             0.0.56                  -> 0.0.56
job-core	Checkout code	2026-02-10T13:02:09.7437018Z  * [new tag]             0.0.57                  -> 0.0.57
job-core	Checkout code	2026-02-10T13:02:09.7437357Z  * [new tag]             0.0.58                  -> 0.0.58
job-core	Checkout code	2026-02-10T13:02:09.7437709Z  * [new tag]             0.0.59                  -> 0.0.59
job-core	Checkout code	2026-02-10T13:02:09.7438047Z  * [new tag]             0.0.6                   -> 0.0.6
job-core	Checkout code	2026-02-10T13:02:09.7438388Z  * [new tag]             0.0.60                  -> 0.0.60
job-core	Checkout code	2026-02-10T13:02:09.7438734Z  * [new tag]             0.0.61                  -> 0.0.61
job-core	Checkout code	2026-02-10T13:02:09.7439074Z  * [new tag]             0.0.62                  -> 0.0.62
job-core	Checkout code	2026-02-10T13:02:09.7439415Z  * [new tag]             0.0.63                  -> 0.0.63
job-core	Checkout code	2026-02-10T13:02:09.7439750Z  * [new tag]             0.0.64                  -> 0.0.64
job-core	Checkout code	2026-02-10T13:02:09.7440154Z  * [new tag]             0.0.65                  -> 0.0.65
job-core	Checkout code	2026-02-10T13:02:09.7440506Z  * [new tag]             0.0.66                  -> 0.0.66
job-core	Checkout code	2026-02-10T13:02:09.7440848Z  * [new tag]             0.0.67                  -> 0.0.67
job-core	Checkout code	2026-02-10T13:02:09.7441187Z  * [new tag]             0.0.68                  -> 0.0.68
job-core	Checkout code	2026-02-10T13:02:09.7441531Z  * [new tag]             0.0.69                  -> 0.0.69
job-core	Checkout code	2026-02-10T13:02:09.7441884Z  * [new tag]             0.0.7                   -> 0.0.7
job-core	Checkout code	2026-02-10T13:02:09.7442225Z  * [new tag]             0.0.70                  -> 0.0.70
job-core	Checkout code	2026-02-10T13:02:09.7442564Z  * [new tag]             0.0.71                  -> 0.0.71
job-core	Checkout code	2026-02-10T13:02:09.7442906Z  * [new tag]             0.0.72                  -> 0.0.72
job-core	Checkout code	2026-02-10T13:02:09.7443248Z  * [new tag]             0.0.73                  -> 0.0.73
job-core	Checkout code	2026-02-10T13:02:09.7443596Z  * [new tag]             0.0.74                  -> 0.0.74
job-core	Checkout code	2026-02-10T13:02:09.7443941Z  * [new tag]             0.0.75                  -> 0.0.75
job-core	Checkout code	2026-02-10T13:02:09.7444282Z  * [new tag]             0.0.76                  -> 0.0.76
job-core	Checkout code	2026-02-10T13:02:09.7444623Z  * [new tag]             0.0.77                  -> 0.0.77
job-core	Checkout code	2026-02-10T13:02:09.7444965Z  * [new tag]             0.0.78                  -> 0.0.78
job-core	Checkout code	2026-02-10T13:02:09.7445308Z  * [new tag]             0.0.79                  -> 0.0.79
job-core	Checkout code	2026-02-10T13:02:09.7445870Z  * [new tag]             0.0.8                   -> 0.0.8
job-core	Checkout code	2026-02-10T13:02:09.7446218Z  * [new tag]             0.0.80                  -> 0.0.80
job-core	Checkout code	2026-02-10T13:02:09.7446564Z  * [new tag]             0.0.81                  -> 0.0.81
job-core	Checkout code	2026-02-10T13:02:09.7446936Z  * [new tag]             0.0.82                  -> 0.0.82
job-core	Checkout code	2026-02-10T13:02:09.7447279Z  * [new tag]             0.0.83                  -> 0.0.83
job-core	Checkout code	2026-02-10T13:02:09.7447614Z  * [new tag]             0.0.84                  -> 0.0.84
job-core	Checkout code	2026-02-10T13:02:09.7447955Z  * [new tag]             0.0.85                  -> 0.0.85
job-core	Checkout code	2026-02-10T13:02:09.7448300Z  * [new tag]             0.0.86                  -> 0.0.86
job-core	Checkout code	2026-02-10T13:02:09.7448641Z  * [new tag]             0.0.87                  -> 0.0.87
job-core	Checkout code	2026-02-10T13:02:09.7448974Z  * [new tag]             0.0.88                  -> 0.0.88
job-core	Checkout code	2026-02-10T13:02:09.7449314Z  * [new tag]             0.0.89                  -> 0.0.89
job-core	Checkout code	2026-02-10T13:02:09.7449664Z  * [new tag]             0.0.9                   -> 0.0.9
job-core	Checkout code	2026-02-10T13:02:09.7450011Z  * [new tag]             0.0.90                  -> 0.0.90
job-core	Checkout code	2026-02-10T13:02:09.7683395Z  * [new tag]             0.0.91                  -> 0.0.91
job-core	Checkout code	2026-02-10T13:02:09.7683852Z  * [new tag]             0.0.92                  -> 0.0.92
job-core	Checkout code	2026-02-10T13:02:09.8081970Z  * [new tag]             0.0.93                  -> 0.0.93
job-core	Checkout code	2026-02-10T13:02:09.8082350Z  * [new tag]             0.0.94                  -> 0.0.94
job-core	Checkout code	2026-02-10T13:02:09.8082696Z  * [new tag]             0.0.95                  -> 0.0.95
job-core	Checkout code	2026-02-10T13:02:09.8083039Z  * [new tag]             0.0.96                  -> 0.0.96
job-core	Checkout code	2026-02-10T13:02:09.8083381Z  * [new tag]             0.0.97                  -> 0.0.97
job-core	Checkout code	2026-02-10T13:02:09.8083720Z  * [new tag]             0.0.98                  -> 0.0.98
job-core	Checkout code	2026-02-10T13:02:09.8084064Z  * [new tag]             0.0.99                  -> 0.0.99
job-core	Checkout code	2026-02-10T13:02:09.8084405Z  * [new tag]             0.1.0                   -> 0.1.0
job-core	Checkout code	2026-02-10T13:02:09.8084746Z  * [new tag]             0.1.1                   -> 0.1.1
job-core	Checkout code	2026-02-10T13:02:09.8085099Z  * [new tag]             0.2.0                   -> 0.2.0
job-core	Checkout code	2026-02-10T13:02:09.8085441Z  * [new tag]             0.3.0                   -> 0.3.0
job-core	Checkout code	2026-02-10T13:02:09.8085781Z  * [new tag]             0.3.1                   -> 0.3.1
job-core	Checkout code	2026-02-10T13:02:09.8086127Z  * [new tag]             0.3.10                  -> 0.3.10
job-core	Checkout code	2026-02-10T13:02:09.8086475Z  * [new tag]             0.3.11                  -> 0.3.11
job-core	Checkout code	2026-02-10T13:02:09.8086811Z  * [new tag]             0.3.12                  -> 0.3.12
job-core	Checkout code	2026-02-10T13:02:09.8087151Z  * [new tag]             0.3.13                  -> 0.3.13
job-core	Checkout code	2026-02-10T13:02:09.8087489Z  * [new tag]             0.3.14                  -> 0.3.14
job-core	Checkout code	2026-02-10T13:02:09.8087825Z  * [new tag]             0.3.15                  -> 0.3.15
job-core	Checkout code	2026-02-10T13:02:09.8088157Z  * [new tag]             0.3.16                  -> 0.3.16
job-core	Checkout code	2026-02-10T13:02:09.8088496Z  * [new tag]             0.3.17                  -> 0.3.17
job-core	Checkout code	2026-02-10T13:02:09.8088842Z  * [new tag]             0.3.2                   -> 0.3.2
job-core	Checkout code	2026-02-10T13:02:09.8089224Z  * [new tag]             0.3.3                   -> 0.3.3
job-core	Checkout code	2026-02-10T13:02:09.8089570Z  * [new tag]             0.3.4                   -> 0.3.4
job-core	Checkout code	2026-02-10T13:02:09.8089914Z  * [new tag]             0.3.5                   -> 0.3.5
job-core	Checkout code	2026-02-10T13:02:09.8233791Z  * [new tag]             0.3.6                   -> 0.3.6
job-core	Checkout code	2026-02-10T13:02:09.8234245Z  * [new tag]             0.3.7                   -> 0.3.7
job-core	Checkout code	2026-02-10T13:02:09.8234613Z  * [new tag]             0.3.8                   -> 0.3.8
job-core	Checkout code	2026-02-10T13:02:09.8234956Z  * [new tag]             0.3.9                   -> 0.3.9
job-core	Checkout code	2026-02-10T13:02:09.8235306Z  * [new tag]             0.4.0                   -> 0.4.0
job-core	Checkout code	2026-02-10T13:02:09.8235654Z  * [new tag]             0.4.1                   -> 0.4.1
job-core	Checkout code	2026-02-10T13:02:09.8235991Z  * [new tag]             0.4.2                   -> 0.4.2
job-core	Checkout code	2026-02-10T13:02:09.8236330Z  * [new tag]             0.4.3                   -> 0.4.3
job-core	Checkout code	2026-02-10T13:02:09.8237057Z  * [new tag]             0.4.4                   -> 0.4.4
job-core	Checkout code	2026-02-10T13:02:09.8237394Z  * [new tag]             0.4.5                   -> 0.4.5
job-core	Checkout code	2026-02-10T13:02:09.8237744Z  * [new tag]             0.4.6                   -> 0.4.6
job-core	Checkout code	2026-02-10T13:02:09.8483183Z  * [new tag]             0.4.7                   -> 0.4.7
job-core	Checkout code	2026-02-10T13:02:09.8483640Z  * [new tag]             0.4.8                   -> 0.4.8
job-core	Checkout code	2026-02-10T13:02:09.8483992Z  * [new tag]             0.4.9                   -> 0.4.9
job-core	Checkout code	2026-02-10T13:02:09.8484337Z  * [new tag]             0.5.0                   -> 0.5.0
job-core	Checkout code	2026-02-10T13:02:09.8484673Z  * [new tag]             0.5.1                   -> 0.5.1
job-core	Checkout code	2026-02-10T13:02:09.8485006Z  * [new tag]             0.5.2                   -> 0.5.2
job-core	Checkout code	2026-02-10T13:02:09.8485342Z  * [new tag]             0.6.0                   -> 0.6.0
job-core	Checkout code	2026-02-10T13:02:09.8485680Z  * [new tag]             0.6.1                   -> 0.6.1
job-core	Checkout code	2026-02-10T13:02:09.8486021Z  * [new tag]             0.6.2                   -> 0.6.2
job-core	Checkout code	2026-02-10T13:02:10.3434970Z [command]/usr/bin/git branch --list --remote origin/H3265-deploy-itop
job-core	Checkout code	2026-02-10T13:02:10.3745683Z   origin/H3265-deploy-itop
job-core	Checkout code	2026-02-10T13:02:10.3888327Z [command]/usr/bin/git rev-parse refs/remotes/origin/H3265-deploy-itop
job-core	Checkout code	2026-02-10T13:02:10.3989451Z 71f5dc46bb36676271a166a9410e53b24dc13d66
job-core	Checkout code	2026-02-10T13:02:10.4090867Z ##[endgroup]
job-core	Checkout code	2026-02-10T13:02:10.4104541Z ##[group]Determining the checkout info
job-core	Checkout code	2026-02-10T13:02:10.4131293Z ##[endgroup]
job-core	Checkout code	2026-02-10T13:02:10.4132785Z [command]/usr/bin/git sparse-checkout disable
job-core	Checkout code	2026-02-10T13:02:10.4314079Z [command]/usr/bin/git config --local --unset-all extensions.worktreeConfig
job-core	Checkout code	2026-02-10T13:02:10.4428427Z ##[group]Checking out the ref
job-core	Checkout code	2026-02-10T13:02:10.4526851Z [command]/usr/bin/git checkout --progress --force -B H3265-deploy-itop refs/remotes/origin/H3265-deploy-itop
job-core	Checkout code	2026-02-10T13:02:11.9138070Z Updating files:  25% (262/1019)
job-core	Checkout code	2026-02-10T13:02:11.9291679Z Updating files:  26% (265/1019)
job-core	Checkout code	2026-02-10T13:02:11.9501026Z Updating files:  27% (276/1019)
job-core	Checkout code	2026-02-10T13:02:11.9501796Z Updating files:  28% (286/1019)
job-core	Checkout code	2026-02-10T13:02:11.9678173Z Updating files:  29% (296/1019)
job-core	Checkout code	2026-02-10T13:02:11.9726406Z Updating files:  30% (306/1019)
job-core	Checkout code	2026-02-10T13:02:11.9753786Z Updating files:  31% (316/1019)
job-core	Checkout code	2026-02-10T13:02:12.0062661Z Updating files:  32% (327/1019)
job-core	Checkout code	2026-02-10T13:02:12.0160992Z Updating files:  33% (337/1019)
job-core	Checkout code	2026-02-10T13:02:12.0161694Z Updating files:  34% (347/1019)
job-core	Checkout code	2026-02-10T13:02:12.0162175Z Updating files:  35% (357/1019)
job-core	Checkout code	2026-02-10T13:02:12.0182333Z Updating files:  36% (367/1019)
job-core	Checkout code	2026-02-10T13:02:12.0533855Z Updating files:  37% (378/1019)
job-core	Checkout code	2026-02-10T13:02:12.0537629Z Updating files:  38% (388/1019)
job-core	Checkout code	2026-02-10T13:02:12.0541844Z Updating files:  39% (398/1019)
job-core	Checkout code	2026-02-10T13:02:12.0616100Z Updating files:  40% (408/1019)
job-core	Checkout code	2026-02-10T13:02:12.0683694Z Updating files:  41% (418/1019)
job-core	Checkout code	2026-02-10T13:02:12.0684121Z Updating files:  42% (428/1019)
job-core	Checkout code	2026-02-10T13:02:12.2780402Z Updating files:  43% (439/1019)
job-core	Checkout code	2026-02-10T13:02:12.2841178Z Updating files:  44% (449/1019)
job-core	Checkout code	2026-02-10T13:02:12.2929636Z Updating files:  45% (459/1019)
job-core	Checkout code	2026-02-10T13:02:12.3216304Z Updating files:  46% (469/1019)
job-core	Checkout code	2026-02-10T13:02:12.3433685Z Updating files:  47% (479/1019)
job-core	Checkout code	2026-02-10T13:02:12.3591076Z Updating files:  48% (490/1019)
job-core	Checkout code	2026-02-10T13:02:12.3593060Z Updating files:  49% (500/1019)
job-core	Checkout code	2026-02-10T13:02:12.3744074Z Updating files:  50% (510/1019)
job-core	Checkout code	2026-02-10T13:02:12.4049325Z Updating files:  51% (520/1019)
job-core	Checkout code	2026-02-10T13:02:12.5798863Z Updating files:  52% (530/1019)
job-core	Checkout code	2026-02-10T13:02:12.5800873Z Updating files:  52% (535/1019)
job-core	Checkout code	2026-02-10T13:02:12.5950806Z Updating files:  53% (541/1019)
job-core	Checkout code	2026-02-10T13:02:12.6427623Z Updating files:  54% (551/1019)
job-core	Checkout code	2026-02-10T13:02:12.6572012Z Updating files:  55% (561/1019)
job-core	Checkout code	2026-02-10T13:02:12.6572709Z Updating files:  56% (571/1019)
job-core	Checkout code	2026-02-10T13:02:12.6771418Z Updating files:  57% (581/1019)
job-core	Checkout code	2026-02-10T13:02:12.6925039Z Updating files:  58% (592/1019)
job-core	Checkout code	2026-02-10T13:02:12.7027199Z Updating files:  59% (602/1019)
job-core	Checkout code	2026-02-10T13:02:12.7150987Z Updating files:  60% (612/1019)
job-core	Checkout code	2026-02-10T13:02:12.7569869Z Updating files:  61% (622/1019)
job-core	Checkout code	2026-02-10T13:02:12.7618333Z Updating files:  62% (632/1019)
job-core	Checkout code	2026-02-10T13:02:12.7659824Z Updating files:  63% (642/1019)
job-core	Checkout code	2026-02-10T13:02:12.7753182Z Updating files:  64% (653/1019)
job-core	Checkout code	2026-02-10T13:02:12.8068706Z Updating files:  65% (663/1019)
job-core	Checkout code	2026-02-10T13:02:13.1782603Z Updating files:  66% (673/1019)
job-core	Checkout code	2026-02-10T13:02:13.1812239Z Updating files:  67% (683/1019)
job-core	Checkout code	2026-02-10T13:02:13.1821176Z Updating files:  68% (693/1019)
job-core	Checkout code	2026-02-10T13:02:13.1837432Z Updating files:  69% (704/1019)
job-core	Checkout code	2026-02-10T13:02:13.1886642Z Updating files:  70% (714/1019)
job-core	Checkout code	2026-02-10T13:02:13.1917503Z Updating files:  71% (724/1019)
job-core	Checkout code	2026-02-10T13:02:13.1961057Z Updating files:  72% (734/1019)
job-core	Checkout code	2026-02-10T13:02:13.2000966Z Updating files:  73% (744/1019)
job-core	Checkout code	2026-02-10T13:02:13.2061039Z Updating files:  74% (755/1019)
job-core	Checkout code	2026-02-10T13:02:13.2101088Z Updating files:  75% (765/1019)
job-core	Checkout code	2026-02-10T13:02:13.2841222Z Updating files:  76% (775/1019)
job-core	Checkout code	2026-02-10T13:02:13.4154438Z Updating files:  77% (785/1019)
job-core	Checkout code	2026-02-10T13:02:13.4822067Z Updating files:  78% (795/1019)
job-core	Checkout code	2026-02-10T13:02:13.5899234Z Updating files:  78% (801/1019)
job-core	Checkout code	2026-02-10T13:02:13.8559859Z Updating files:  79% (806/1019)
job-core	Checkout code	2026-02-10T13:02:13.9397201Z Updating files:  80% (816/1019)
job-core	Checkout code	2026-02-10T13:02:14.0112013Z Updating files:  81% (826/1019)
job-core	Checkout code	2026-02-10T13:02:14.1585146Z Updating files:  82% (836/1019)
job-core	Checkout code	2026-02-10T13:02:14.2971399Z Updating files:  83% (846/1019)
job-core	Checkout code	2026-02-10T13:02:14.5175179Z Updating files:  84% (856/1019)
job-core	Checkout code	2026-02-10T13:02:14.7767947Z Updating files:  84% (863/1019)
job-core	Checkout code	2026-02-10T13:02:15.2160668Z Updating files:  85% (867/1019)
job-core	Checkout code	2026-02-10T13:02:15.4844851Z Updating files:  86% (877/1019)
job-core	Checkout code	2026-02-10T13:02:16.2516311Z Updating files:  86% (881/1019)
job-core	Checkout code	2026-02-10T13:02:16.3222439Z Updating files:  87% (887/1019)
job-core	Checkout code	2026-02-10T13:02:16.3239101Z Updating files:  88% (897/1019)
job-core	Checkout code	2026-02-10T13:02:16.3254647Z Updating files:  89% (907/1019)
job-core	Checkout code	2026-02-10T13:02:16.3277144Z Updating files:  90% (918/1019)
job-core	Checkout code	2026-02-10T13:02:16.3288939Z Updating files:  91% (928/1019)
job-core	Checkout code	2026-02-10T13:02:16.3320492Z Updating files:  92% (938/1019)
job-core	Checkout code	2026-02-10T13:02:16.3553461Z Updating files:  93% (948/1019)
job-core	Checkout code	2026-02-10T13:02:16.3574591Z Updating files:  94% (958/1019)
job-core	Checkout code	2026-02-10T13:02:16.3603920Z Updating files:  95% (969/1019)
job-core	Checkout code	2026-02-10T13:02:16.3604619Z Updating files:  96% (979/1019)
job-core	Checkout code	2026-02-10T13:02:16.3619053Z Updating files:  97% (989/1019)
job-core	Checkout code	2026-02-10T13:02:16.3636803Z Updating files:  98% (999/1019)
job-core	Checkout code	2026-02-10T13:02:16.3663633Z Updating files:  99% (1009/1019)
job-core	Checkout code	2026-02-10T13:02:16.3664362Z Updating files: 100% (1019/1019)
job-core	Checkout code	2026-02-10T13:02:16.3664910Z Updating files: 100% (1019/1019), done.
job-core	Checkout code	2026-02-10T13:02:16.3953750Z Switched to a new branch 'H3265-deploy-itop'
job-core	Checkout code	2026-02-10T13:02:16.3971469Z branch 'H3265-deploy-itop' set up to track 'origin/H3265-deploy-itop'.
job-core	Checkout code	2026-02-10T13:02:16.4312732Z ##[endgroup]
job-core	Checkout code	2026-02-10T13:02:16.4779879Z [command]/usr/bin/git log -1 --format=%H
job-core	Checkout code	2026-02-10T13:02:16.5486294Z 71f5dc46bb36676271a166a9410e53b24dc13d66
job-core	Install GH CLI	ï»¿2026-02-10T13:02:16.8156556Z Prepare all required actions
job-core	Install GH CLI	2026-02-10T13:02:16.8496748Z ##[group]Run ./.github/actions/install-gh-cli
job-core	Install GH CLI	2026-02-10T13:02:16.8497097Z env:
job-core	Install GH CLI	2026-02-10T13:02:16.8497293Z   KAOS_MODULE: [Ka0S] YAMLLINT
job-core	Install GH CLI	2026-02-10T13:02:16.8497807Z   GH_TOKEN: ***
job-core	Install GH CLI	2026-02-10T13:02:16.8498101Z   KAOS_YAMLLINT_CONFIG: core/config/kaos-yamllint-config.yaml
job-core	Install GH CLI	2026-02-10T13:02:16.8498524Z   KAOS_PRETTIER_CONFIG: compliance/yaml/.prettierrc.json
job-core	Install GH CLI	2026-02-10T13:02:16.8498872Z   KAOS_PATH_RESUME: audit/yamllint/
job-core	Install GH CLI	2026-02-10T13:02:16.8499159Z   KAOS_REPO: /actions-runner/_work/kaos/kaos
job-core	Install GH CLI	2026-02-10T13:02:16.8499449Z   KAOS_STEP_MODULE: 
job-core	Install GH CLI	2026-02-10T13:02:16.8525829Z   KAOS_CODE: 21865856075
job-core	Install GH CLI	2026-02-10T13:02:16.8526122Z   KAOS_REF_BRANCH: main
job-core	Install GH CLI	2026-02-10T13:02:16.8526344Z ##[endgroup]
job-core	Install GH CLI	2026-02-10T13:02:16.8968226Z ##[group]Run type -p curl >/dev/null || (sudo apt-get update && sudo apt-get install curl -y)
job-core	Install GH CLI	2026-02-10T13:02:16.8969021Z [36;1mtype -p curl >/dev/null || (sudo apt-get update && sudo apt-get install curl -y)[0m
job-core	Install GH CLI	2026-02-10T13:02:16.8980069Z [36;1mcurl -fsSL https://cli.github.com/packages/githubcli-archive-keyring.gpg | sudo dd of=/usr/share/keyrings/githubcli-archive-keyring.gpg \[0m
job-core	Install GH CLI	2026-02-10T13:02:16.8991774Z [36;1m&& sudo chmod go+r /usr/share/keyrings/githubcli-archive-keyring.gpg \[0m
job-core	Install GH CLI	2026-02-10T13:02:16.8992896Z [36;1m&& echo "deb [arch=$(dpkg --print-architecture) signed-by=/usr/share/keyrings/githubcli-archive-keyring.gpg] https://cli.github.com/packages stable main" | sudo tee /etc/apt/sources.list.d/github-cli.list > /dev/null \[0m
job-core	Install GH CLI	2026-02-10T13:02:16.8993947Z [36;1m&& sudo apt-get update \[0m
job-core	Install GH CLI	2026-02-10T13:02:16.8994247Z [36;1m&& sudo apt-get install gh -y[0m
job-core	Install GH CLI	2026-02-10T13:02:16.9034700Z shell: /usr/bin/bash --noprofile --norc -e -o pipefail {0}
job-core	Install GH CLI	2026-02-10T13:02:16.9035101Z env:
job-core	Install GH CLI	2026-02-10T13:02:16.9035315Z   KAOS_MODULE: [Ka0S] YAMLLINT
job-core	Install GH CLI	2026-02-10T13:02:16.9035804Z   GH_TOKEN: ***
job-core	Install GH CLI	2026-02-10T13:02:16.9036099Z   KAOS_YAMLLINT_CONFIG: core/config/kaos-yamllint-config.yaml
job-core	Install GH CLI	2026-02-10T13:02:16.9036546Z   KAOS_PRETTIER_CONFIG: compliance/yaml/.prettierrc.json
job-core	Install GH CLI	2026-02-10T13:02:16.9036904Z   KAOS_PATH_RESUME: audit/yamllint/
job-core	Install GH CLI	2026-02-10T13:02:16.9037195Z   KAOS_REPO: /actions-runner/_work/kaos/kaos
job-core	Install GH CLI	2026-02-10T13:02:16.9037484Z   KAOS_STEP_MODULE: 
job-core	Install GH CLI	2026-02-10T13:02:16.9037716Z   KAOS_CODE: 21865856075
job-core	Install GH CLI	2026-02-10T13:02:16.9037945Z   KAOS_REF_BRANCH: main
job-core	Install GH CLI	2026-02-10T13:02:16.9038158Z ##[endgroup]
job-core	Install GH CLI	2026-02-10T13:02:17.1871571Z 4+1 records in
job-core	Install GH CLI	2026-02-10T13:02:17.1871865Z 4+1 records out
job-core	Install GH CLI	2026-02-10T13:02:17.1872147Z 2270 bytes (2.3 kB, 2.2 KiB) copied, 7.1975e-05 s, 31.5 MB/s
job-core	Install GH CLI	2026-02-10T13:02:19.2917972Z Get:1 http://security.ubuntu.com/ubuntu noble-security InRelease [126 kB]
job-core	Install GH CLI	2026-02-10T13:02:19.3669388Z Get:2 http://archive.ubuntu.com/ubuntu noble InRelease [256 kB]
job-core	Install GH CLI	2026-02-10T13:02:19.5641346Z Get:3 https://ppa.launchpadcontent.net/git-core/ppa/ubuntu noble InRelease [24.3 kB]
job-core	Install GH CLI	2026-02-10T13:02:19.5642353Z Get:4 https://cli.github.com/packages stable InRelease [3917 B]
job-core	Install GH CLI	2026-02-10T13:02:19.5643063Z Get:5 http://archive.ubuntu.com/ubuntu noble-updates InRelease [126 kB]
job-core	Install GH CLI	2026-02-10T13:02:19.6541987Z Get:6 http://archive.ubuntu.com/ubuntu noble-backports InRelease [126 kB]
job-core	Install GH CLI	2026-02-10T13:02:20.6014735Z Get:7 http://security.ubuntu.com/ubuntu noble-security/restricted amd64 Packages [3106 kB]
job-core	Install GH CLI	2026-02-10T13:02:21.0663780Z Get:8 http://security.ubuntu.com/ubuntu noble-security/multiverse amd64 Packages [34.8 kB]
job-core	Install GH CLI	2026-02-10T13:02:21.0677922Z Get:9 http://security.ubuntu.com/ubuntu noble-security/main amd64 Packages [1822 kB]
job-core	Install GH CLI	2026-02-10T13:02:21.3208110Z Get:10 https://cli.github.com/packages stable/main amd64 Packages [356 B]
job-core	Install GH CLI	2026-02-10T13:02:21.3221380Z Get:11 http://security.ubuntu.com/ubuntu noble-security/universe amd64 Packages [1199 kB]
job-core	Install GH CLI	2026-02-10T13:02:22.4181644Z Get:12 http://archive.ubuntu.com/ubuntu noble/universe amd64 Packages [19.3 MB]
job-core	Install GH CLI	2026-02-10T13:02:23.3182171Z Get:13 https://ppa.launchpadcontent.net/git-core/ppa/ubuntu noble/main amd64 Packages [2994 B]
job-core	Install GH CLI	2026-02-10T13:02:24.2340935Z Get:14 http://archive.ubuntu.com/ubuntu noble/multiverse amd64 Packages [331 kB]
job-core	Install GH CLI	2026-02-10T13:02:24.2343269Z Get:15 http://archive.ubuntu.com/ubuntu noble/main amd64 Packages [1808 kB]
job-core	Install GH CLI	2026-02-10T13:02:24.4780963Z Get:16 http://archive.ubuntu.com/ubuntu noble/restricted amd64 Packages [117 kB]
job-core	Install GH CLI	2026-02-10T13:02:24.5159917Z Get:17 http://archive.ubuntu.com/ubuntu noble-updates/main amd64 Packages [2201 kB]
job-core	Install GH CLI	2026-02-10T13:02:24.5960809Z Get:18 http://archive.ubuntu.com/ubuntu noble-updates/restricted amd64 Packages [3287 kB]
job-core	Install GH CLI	2026-02-10T13:02:24.6971697Z Get:19 http://archive.ubuntu.com/ubuntu noble-updates/multiverse amd64 Packages [38.1 kB]
job-core	Install GH CLI	2026-02-10T13:02:24.6976450Z Get:20 http://archive.ubuntu.com/ubuntu noble-updates/universe amd64 Packages [1978 kB]
job-core	Install GH CLI	2026-02-10T13:02:24.7691752Z Get:21 http://archive.ubuntu.com/ubuntu noble-backports/main amd64 Packages [49.5 kB]
job-core	Install GH CLI	2026-02-10T13:02:24.7692862Z Get:22 http://archive.ubuntu.com/ubuntu noble-backports/universe amd64 Packages [34.6 kB]
job-core	Install GH CLI	2026-02-10T13:02:28.4281461Z Fetched 36.0 MB in 10s (3781 kB/s)
job-core	Install GH CLI	2026-02-10T13:02:32.4451753Z Reading package lists...
job-core	Install GH CLI	2026-02-10T13:02:39.2711157Z Reading package lists...
job-core	Install GH CLI	2026-02-10T13:02:40.5511351Z Building dependency tree...
job-core	Install GH CLI	2026-02-10T13:02:40.5512358Z Reading state information...
job-core	Install GH CLI	2026-02-10T13:02:43.4205566Z The following NEW packages will be installed:
job-core	Install GH CLI	2026-02-10T13:02:43.4331477Z   gh
job-core	Install GH CLI	2026-02-10T13:02:44.1205979Z 0 upgraded, 1 newly installed, 0 to remove and 18 not upgraded.
job-core	Install GH CLI	2026-02-10T13:02:44.1206844Z Need to get 13.7 MB of archives.
job-core	Install GH CLI	2026-02-10T13:02:44.1208163Z After this operation, 37.9 MB of additional disk space will be used.
job-core	Install GH CLI	2026-02-10T13:02:44.1208720Z Get:1 https://cli.github.com/packages stable/main amd64 gh amd64 2.86.0 [13.7 MB]
job-core	Install GH CLI	2026-02-10T13:02:47.0849778Z debconf: delaying package configuration, since apt-utils is not installed
job-core	Install GH CLI	2026-02-10T13:02:47.3745156Z Fetched 13.7 MB in 2s (6489 kB/s)
job-core	Install GH CLI	2026-02-10T13:02:47.6714069Z Selecting previously unselected package gh.
job-core	Install GH CLI	2026-02-10T13:02:47.6874430Z (Reading database ... 
job-core	Install GH CLI	2026-02-10T13:02:47.6921964Z (Reading database ... 5%
job-core	Install GH CLI	2026-02-10T13:02:47.6956499Z (Reading database ... 10%
job-core	Install GH CLI	2026-02-10T13:02:47.6984772Z (Reading database ... 15%
job-core	Install GH CLI	2026-02-10T13:02:47.7002806Z (Reading database ... 20%
job-core	Install GH CLI	2026-02-10T13:02:47.7023092Z (Reading database ... 25%
job-core	Install GH CLI	2026-02-10T13:02:47.7070031Z (Reading database ... 30%
job-core	Install GH CLI	2026-02-10T13:02:47.7313186Z (Reading database ... 35%
job-core	Install GH CLI	2026-02-10T13:02:47.7313458Z (Reading database ... 40%
job-core	Install GH CLI	2026-02-10T13:02:47.7313692Z (Reading database ... 45%
job-core	Install GH CLI	2026-02-10T13:02:47.7313925Z (Reading database ... 50%
job-core	Install GH CLI	2026-02-10T13:02:47.7314157Z (Reading database ... 55%
job-core	Install GH CLI	2026-02-10T13:02:47.7314387Z (Reading database ... 60%
job-core	Install GH CLI	2026-02-10T13:02:47.7314620Z (Reading database ... 65%
job-core	Install GH CLI	2026-02-10T13:02:47.7454608Z (Reading database ... 70%
job-core	Install GH CLI	2026-02-10T13:02:47.7525578Z (Reading database ... 75%
job-core	Install GH CLI	2026-02-10T13:02:47.7711457Z (Reading database ... 80%
job-core	Install GH CLI	2026-02-10T13:02:47.7816649Z (Reading database ... 85%
job-core	Install GH CLI	2026-02-10T13:02:47.8074533Z (Reading database ... 90%
job-core	Install GH CLI	2026-02-10T13:02:47.8271595Z (Reading database ... 95%
job-core	Install GH CLI	2026-02-10T13:02:47.8273573Z (Reading database ... 100%
job-core	Install GH CLI	2026-02-10T13:02:47.8284052Z (Reading database ... 14385 files and directories currently installed.)
job-core	Install GH CLI	2026-02-10T13:02:47.8360904Z Preparing to unpack .../archives/gh_2.86.0_amd64.deb ...
job-core	Install GH CLI	2026-02-10T13:02:47.8577573Z Unpacking gh (2.86.0) ...
job-core	Install GH CLI	2026-02-10T13:02:50.3634807Z Setting up gh (2.86.0) ...
job-core	Setup Python and Node.js	ï»¿2026-02-10T13:02:51.3654622Z ##[group]Run actions/setup-python@v5
job-core	Setup Python and Node.js	2026-02-10T13:02:51.3655053Z with:
job-core	Setup Python and Node.js	2026-02-10T13:02:51.3655265Z   python-version: 3.x
job-core	Setup Python and Node.js	2026-02-10T13:02:51.3655501Z   check-latest: false
job-core	Setup Python and Node.js	2026-02-10T13:02:51.3656035Z   token: ***
job-core	Setup Python and Node.js	2026-02-10T13:02:51.3656265Z   update-environment: true
job-core	Setup Python and Node.js	2026-02-10T13:02:51.3656539Z   allow-prereleases: false
job-core	Setup Python and Node.js	2026-02-10T13:02:51.3656784Z   freethreaded: false
job-core	Setup Python and Node.js	2026-02-10T13:02:51.3657016Z env:
job-core	Setup Python and Node.js	2026-02-10T13:02:51.3657212Z   KAOS_MODULE: [Ka0S] YAMLLINT
job-core	Setup Python and Node.js	2026-02-10T13:02:51.3657571Z   GH_TOKEN: ***
job-core	Setup Python and Node.js	2026-02-10T13:02:51.3657863Z   KAOS_YAMLLINT_CONFIG: core/config/kaos-yamllint-config.yaml
job-core	Setup Python and Node.js	2026-02-10T13:02:51.3658315Z   KAOS_PRETTIER_CONFIG: compliance/yaml/.prettierrc.json
job-core	Setup Python and Node.js	2026-02-10T13:02:51.3658657Z   KAOS_PATH_RESUME: audit/yamllint/
job-core	Setup Python and Node.js	2026-02-10T13:02:51.3658951Z   KAOS_REPO: /actions-runner/_work/kaos/kaos
job-core	Setup Python and Node.js	2026-02-10T13:02:51.3659245Z   KAOS_STEP_MODULE: 
job-core	Setup Python and Node.js	2026-02-10T13:02:51.3659469Z   KAOS_CODE: 21865856075
job-core	Setup Python and Node.js	2026-02-10T13:02:51.3659690Z   KAOS_REF_BRANCH: main
job-core	Setup Python and Node.js	2026-02-10T13:02:51.3659909Z ##[endgroup]
job-core	Setup Python and Node.js	2026-02-10T13:02:51.9524683Z ##[group]Installed versions
job-core	Setup Python and Node.js	2026-02-10T13:02:51.9701191Z Version 3.x was not found in the local cache
job-core	Setup Python and Node.js	2026-02-10T13:02:54.0565519Z Version 3.x is available for downloading
job-core	Setup Python and Node.js	2026-02-10T13:02:54.0566733Z Download from "https://github.com/actions/python-versions/releases/download/3.14.3-21673711214/python-3.14.3-linux-24.04-x64.tar.gz"
job-core	Setup Python and Node.js	2026-02-10T13:03:04.1233109Z Extract downloaded archive
job-core	Setup Python and Node.js	2026-02-10T13:03:04.2402763Z [command]/usr/bin/tar xz --warning=no-unknown-keyword --overwrite -C /home/runner/_work/_temp/94921ac4-b9e9-470c-b346-d2f18dbfce34 -f /home/runner/_work/_temp/24bde5f9-ca0a-4354-ae87-509aa1c32696
job-core	Setup Python and Node.js	2026-02-10T13:03:26.8652211Z Execute installation script
job-core	Setup Python and Node.js	2026-02-10T13:03:26.8865855Z Check if Python hostedtoolcache folder exist...
job-core	Setup Python and Node.js	2026-02-10T13:03:26.8866522Z Creating Python hostedtoolcache folder...
job-core	Setup Python and Node.js	2026-02-10T13:03:26.9391122Z Create Python 3.14.3 folder
job-core	Setup Python and Node.js	2026-02-10T13:03:26.9402891Z Copy Python binaries to hostedtoolcache folder
job-core	Setup Python and Node.js	2026-02-10T13:03:34.0171002Z Create additional symlinks (Required for the UsePythonVersion Azure Pipelines task and the setup-python GitHub Action)
job-core	Setup Python and Node.js	2026-02-10T13:03:34.0981900Z Upgrading pip...
job-core	Setup Python and Node.js	2026-02-10T13:03:44.3997690Z Looking in links: /tmp/tmp81gl89cy
job-core	Setup Python and Node.js	2026-02-10T13:03:44.4008668Z Requirement already satisfied: pip in /home/runner/_work/_tool/Python/3.14.3/x64/lib/python3.14/site-packages (25.3)
job-core	Setup Python and Node.js	2026-02-10T13:03:52.9875883Z Collecting pip
job-core	Setup Python and Node.js	2026-02-10T13:03:53.1291094Z Downloading pip-26.0.1-py3-none-any.whl.metadata (4.7 kB)
job-core	Setup Python and Node.js	2026-02-10T13:03:53.3281501Z Downloading pip-26.0.1-py3-none-any.whl (1.8 MB)
job-core	Setup Python and Node.js	2026-02-10T13:03:53.4793424Z ââââââââââââââââââââââââââââââââââââââââ 1.8/1.8 MB 17.6 MB/s  0:00:00
job-core	Setup Python and Node.js	2026-02-10T13:03:53.5691270Z Installing collected packages: pip
job-core	Setup Python and Node.js	2026-02-10T13:03:53.5696963Z Attempting uninstall: pip
job-core	Setup Python and Node.js	2026-02-10T13:03:53.5772231Z Found existing installation: pip 25.3
job-core	Setup Python and Node.js	2026-02-10T13:03:53.6442859Z Uninstalling pip-25.3:
job-core	Setup Python and Node.js	2026-02-10T13:03:53.6603575Z Successfully uninstalled pip-25.3
job-core	Setup Python and Node.js	2026-02-10T13:03:56.2971192Z Successfully installed pip-26.0.1
job-core	Setup Python and Node.js	2026-02-10T13:03:56.5093973Z Create complete file
job-core	Setup Python and Node.js	2026-02-10T13:03:56.5533254Z Successfully set up CPython (3.14.3)
job-core	Setup Python and Node.js	2026-02-10T13:03:56.5534402Z ##[endgroup]
job-core	Install Node.js	ï»¿2026-02-10T13:03:56.6725686Z ##[group]Run actions/setup-node@v4
job-core	Install Node.js	2026-02-10T13:03:56.6726006Z with:
job-core	Install Node.js	2026-02-10T13:03:56.6726194Z   node-version: 20
job-core	Install Node.js	2026-02-10T13:03:56.6726518Z   always-auth: false
job-core	Install Node.js	2026-02-10T13:03:56.6726741Z   check-latest: false
job-core	Install Node.js	2026-02-10T13:03:56.6727278Z   token: ***
job-core	Install Node.js	2026-02-10T13:03:56.6727474Z env:
job-core	Install Node.js	2026-02-10T13:03:56.6727662Z   KAOS_MODULE: [Ka0S] YAMLLINT
job-core	Install Node.js	2026-02-10T13:03:56.6728001Z   GH_TOKEN: ***
job-core	Install Node.js	2026-02-10T13:03:56.6728316Z   KAOS_YAMLLINT_CONFIG: core/config/kaos-yamllint-config.yaml
job-core	Install Node.js	2026-02-10T13:03:56.6728735Z   KAOS_PRETTIER_CONFIG: compliance/yaml/.prettierrc.json
job-core	Install Node.js	2026-02-10T13:03:56.6729078Z   KAOS_PATH_RESUME: audit/yamllint/
job-core	Install Node.js	2026-02-10T13:03:56.6729368Z   KAOS_REPO: /actions-runner/_work/kaos/kaos
job-core	Install Node.js	2026-02-10T13:03:56.6729656Z   KAOS_STEP_MODULE: 
job-core	Install Node.js	2026-02-10T13:03:56.6729865Z   KAOS_CODE: 21865856075
job-core	Install Node.js	2026-02-10T13:03:56.6730304Z   KAOS_REF_BRANCH: main
job-core	Install Node.js	2026-02-10T13:03:56.6730615Z   pythonLocation: /home/runner/_work/_tool/Python/3.14.3/x64
job-core	Install Node.js	2026-02-10T13:03:56.6731204Z   PKG_CONFIG_PATH: /home/runner/_work/_tool/Python/3.14.3/x64/lib/pkgconfig
job-core	Install Node.js	2026-02-10T13:03:56.6731696Z   Python_ROOT_DIR: /home/runner/_work/_tool/Python/3.14.3/x64
job-core	Install Node.js	2026-02-10T13:03:56.6732108Z   Python2_ROOT_DIR: /home/runner/_work/_tool/Python/3.14.3/x64
job-core	Install Node.js	2026-02-10T13:03:56.6732521Z   Python3_ROOT_DIR: /home/runner/_work/_tool/Python/3.14.3/x64
job-core	Install Node.js	2026-02-10T13:03:56.6732939Z   LD_LIBRARY_PATH: /home/runner/_work/_tool/Python/3.14.3/x64/lib
job-core	Install Node.js	2026-02-10T13:03:56.6733282Z ##[endgroup]
job-core	Install Node.js	2026-02-10T13:03:57.2058906Z Attempting to download 20...
job-core	Install Node.js	2026-02-10T13:03:58.2044058Z Acquiring 20.20.0 - x64 from https://github.com/actions/node-versions/releases/download/20.20.0-20981710805/node-20.20.0-linux-x64.tar.gz
job-core	Install Node.js	2026-02-10T13:04:00.4348176Z Extracting ...
job-core	Install Node.js	2026-02-10T13:04:00.5408410Z [command]/usr/bin/tar xz --strip 1 --warning=no-unknown-keyword --overwrite -C /home/runner/_work/_temp/b88af879-99d4-4914-b934-1e001772ab74 -f /home/runner/_work/_temp/48ea8f98-9872-4033-b2c4-156444201f7f
job-core	Install Node.js	2026-02-10T13:04:03.2209203Z Adding to the cache ...
job-core	Install Node.js	2026-02-10T13:04:33.8455737Z ##[group]Environment details
job-core	Install Node.js	2026-02-10T13:04:34.7674843Z node: v20.20.0
job-core	Install Node.js	2026-02-10T13:04:34.7718752Z npm: 10.8.2
job-core	Install Node.js	2026-02-10T13:04:34.7736170Z yarn: 
job-core	Install Node.js	2026-02-10T13:04:34.7737032Z ##[endgroup]
job-core	Run Ka0s Lint YAML Action	ï»¿2026-02-10T13:04:35.0455376Z Prepare all required actions
job-core	Run Ka0s Lint YAML Action	2026-02-10T13:04:35.1029411Z ##[group]Run ./.github/actions/kaos-lint-yaml
job-core	Run Ka0s Lint YAML Action	2026-02-10T13:04:35.1029762Z with:
job-core	Run Ka0s Lint YAML Action	2026-02-10T13:04:35.1053814Z   file_path: core/b2b/core-services/soc/wazuh-manager-pvc.yaml
job-core	Run Ka0s Lint YAML Action	2026-02-10T13:04:35.1054534Z   fix: true
job-core	Run Ka0s Lint YAML Action	2026-02-10T13:04:35.1054834Z   path_resume: audit/yamllint/yamllint-results-21865856075.txt
job-core	Run Ka0s Lint YAML Action	2026-02-10T13:04:35.1055285Z   yamllint_config: core/config/kaos-yamllint-config.yaml
job-core	Run Ka0s Lint YAML Action	2026-02-10T13:04:35.1055684Z   prettier_config: compliance/yaml/.prettierrc.json
job-core	Run Ka0s Lint YAML Action	2026-02-10T13:04:35.1056014Z env:
job-core	Run Ka0s Lint YAML Action	2026-02-10T13:04:35.1056218Z   KAOS_MODULE: [Ka0S] YAMLLINT
job-core	Run Ka0s Lint YAML Action	2026-02-10T13:04:35.1056797Z   GH_TOKEN: ***
job-core	Run Ka0s Lint YAML Action	2026-02-10T13:04:35.1057111Z   KAOS_YAMLLINT_CONFIG: core/config/kaos-yamllint-config.yaml
job-core	Run Ka0s Lint YAML Action	2026-02-10T13:04:35.1057540Z   KAOS_PRETTIER_CONFIG: compliance/yaml/.prettierrc.json
job-core	Run Ka0s Lint YAML Action	2026-02-10T13:04:35.1057883Z   KAOS_PATH_RESUME: audit/yamllint/
job-core	Run Ka0s Lint YAML Action	2026-02-10T13:04:35.1058175Z   KAOS_REPO: /actions-runner/_work/kaos/kaos
job-core	Run Ka0s Lint YAML Action	2026-02-10T13:04:35.1058463Z   KAOS_STEP_MODULE: 
job-core	Run Ka0s Lint YAML Action	2026-02-10T13:04:35.1058743Z   KAOS_CODE: 21865856075
job-core	Run Ka0s Lint YAML Action	2026-02-10T13:04:35.1058972Z   KAOS_REF_BRANCH: main
job-core	Run Ka0s Lint YAML Action	2026-02-10T13:04:35.1059284Z   pythonLocation: /home/runner/_work/_tool/Python/3.14.3/x64
job-core	Run Ka0s Lint YAML Action	2026-02-10T13:04:35.1059767Z   PKG_CONFIG_PATH: /home/runner/_work/_tool/Python/3.14.3/x64/lib/pkgconfig
job-core	Run Ka0s Lint YAML Action	2026-02-10T13:04:35.1062400Z   Python_ROOT_DIR: /home/runner/_work/_tool/Python/3.14.3/x64
job-core	Run Ka0s Lint YAML Action	2026-02-10T13:04:35.1062851Z   Python2_ROOT_DIR: /home/runner/_work/_tool/Python/3.14.3/x64
job-core	Run Ka0s Lint YAML Action	2026-02-10T13:04:35.1063263Z   Python3_ROOT_DIR: /home/runner/_work/_tool/Python/3.14.3/x64
job-core	Run Ka0s Lint YAML Action	2026-02-10T13:04:35.1063685Z   LD_LIBRARY_PATH: /home/runner/_work/_tool/Python/3.14.3/x64/lib
job-core	Run Ka0s Lint YAML Action	2026-02-10T13:04:35.1064023Z ##[endgroup]
job-core	Run Ka0s Lint YAML Action	2026-02-10T13:04:35.1195614Z ##[group]Run if ! command -v yamllint &> /dev/null; then pip install yamllint; fi
job-core	Run Ka0s Lint YAML Action	2026-02-10T13:04:35.1196258Z [36;1mif ! command -v yamllint &> /dev/null; then pip install yamllint; fi[0m
job-core	Run Ka0s Lint YAML Action	2026-02-10T13:04:35.1196802Z [36;1mif ! command -v prettier &> /dev/null; then npm install -g prettier; fi[0m
job-core	Run Ka0s Lint YAML Action	2026-02-10T13:04:35.1197397Z [36;1mmkdir -p $(dirname "audit/yamllint/yamllint-results-21865856075.txt")[0m
job-core	Run Ka0s Lint YAML Action	2026-02-10T13:04:35.1323907Z shell: /usr/bin/bash --noprofile --norc -e -o pipefail {0}
job-core	Run Ka0s Lint YAML Action	2026-02-10T13:04:35.1324376Z env:
job-core	Run Ka0s Lint YAML Action	2026-02-10T13:04:35.1324606Z   KAOS_MODULE: [Ka0S] YAMLLINT
job-core	Run Ka0s Lint YAML Action	2026-02-10T13:04:35.1325122Z   GH_TOKEN: ***
job-core	Run Ka0s Lint YAML Action	2026-02-10T13:04:35.1325433Z   KAOS_YAMLLINT_CONFIG: core/config/kaos-yamllint-config.yaml
job-core	Run Ka0s Lint YAML Action	2026-02-10T13:04:35.1325867Z   KAOS_PRETTIER_CONFIG: compliance/yaml/.prettierrc.json
job-core	Run Ka0s Lint YAML Action	2026-02-10T13:04:35.1326235Z   KAOS_PATH_RESUME: audit/yamllint/
job-core	Run Ka0s Lint YAML Action	2026-02-10T13:04:35.1326574Z   KAOS_REPO: /actions-runner/_work/kaos/kaos
job-core	Run Ka0s Lint YAML Action	2026-02-10T13:04:35.1326892Z   KAOS_STEP_MODULE: 
job-core	Run Ka0s Lint YAML Action	2026-02-10T13:04:35.1327120Z   KAOS_CODE: 21865856075
job-core	Run Ka0s Lint YAML Action	2026-02-10T13:04:35.1327365Z   KAOS_REF_BRANCH: main
job-core	Run Ka0s Lint YAML Action	2026-02-10T13:04:35.1327685Z   pythonLocation: /home/runner/_work/_tool/Python/3.14.3/x64
job-core	Run Ka0s Lint YAML Action	2026-02-10T13:04:35.1328187Z   PKG_CONFIG_PATH: /home/runner/_work/_tool/Python/3.14.3/x64/lib/pkgconfig
job-core	Run Ka0s Lint YAML Action	2026-02-10T13:04:35.1328781Z   Python_ROOT_DIR: /home/runner/_work/_tool/Python/3.14.3/x64
job-core	Run Ka0s Lint YAML Action	2026-02-10T13:04:35.1329216Z   Python2_ROOT_DIR: /home/runner/_work/_tool/Python/3.14.3/x64
job-core	Run Ka0s Lint YAML Action	2026-02-10T13:04:35.1329702Z   Python3_ROOT_DIR: /home/runner/_work/_tool/Python/3.14.3/x64
job-core	Run Ka0s Lint YAML Action	2026-02-10T13:04:35.1361723Z   LD_LIBRARY_PATH: /home/runner/_work/_tool/Python/3.14.3/x64/lib
job-core	Run Ka0s Lint YAML Action	2026-02-10T13:04:35.1362323Z ##[endgroup]
job-core	Run Ka0s Lint YAML Action	2026-02-10T13:04:36.9901419Z Collecting yamllint
job-core	Run Ka0s Lint YAML Action	2026-02-10T13:04:37.2608327Z   Downloading yamllint-1.38.0-py3-none-any.whl.metadata (4.2 kB)
job-core	Run Ka0s Lint YAML Action	2026-02-10T13:04:37.4091791Z Collecting pathspec>=1.0.0 (from yamllint)
job-core	Run Ka0s Lint YAML Action	2026-02-10T13:04:37.4241770Z   Downloading pathspec-1.0.4-py3-none-any.whl.metadata (13 kB)
job-core	Run Ka0s Lint YAML Action	2026-02-10T13:04:37.6743002Z Collecting pyyaml (from yamllint)
job-core	Run Ka0s Lint YAML Action	2026-02-10T13:04:37.6824525Z   Downloading pyyaml-6.0.3-cp314-cp314-manylinux2014_x86_64.manylinux_2_17_x86_64.manylinux_2_28_x86_64.whl.metadata (2.4 kB)
job-core	Run Ka0s Lint YAML Action	2026-02-10T13:04:37.7425888Z Downloading yamllint-1.38.0-py3-none-any.whl (68 kB)
job-core	Run Ka0s Lint YAML Action	2026-02-10T13:04:37.8346347Z Downloading pathspec-1.0.4-py3-none-any.whl (55 kB)
job-core	Run Ka0s Lint YAML Action	2026-02-10T13:04:37.8607907Z Downloading pyyaml-6.0.3-cp314-cp314-manylinux2014_x86_64.manylinux_2_17_x86_64.manylinux_2_28_x86_64.whl (794 kB)
job-core	Run Ka0s Lint YAML Action	2026-02-10T13:04:37.9067644Z    ââââââââââââââââââââââââââââââââââââââââ 794.2/794.2 kB 21.7 MB/s  0:00:00
job-core	Run Ka0s Lint YAML Action	2026-02-10T13:04:37.9571327Z Installing collected packages: pyyaml, pathspec, yamllint
job-core	Run Ka0s Lint YAML Action	2026-02-10T13:04:39.4812739Z 
job-core	Run Ka0s Lint YAML Action	2026-02-10T13:04:39.4971539Z Successfully installed pathspec-1.0.4 pyyaml-6.0.3 yamllint-1.38.0
job-core	Run Ka0s Lint YAML Action	2026-02-10T13:04:44.9282343Z 
job-core	Run Ka0s Lint YAML Action	2026-02-10T13:04:44.9282848Z added 1 package in 4s
job-core	Run Ka0s Lint YAML Action	2026-02-10T13:04:44.9283056Z 
job-core	Run Ka0s Lint YAML Action	2026-02-10T13:04:44.9283217Z 1 package is looking for funding
job-core	Run Ka0s Lint YAML Action	2026-02-10T13:04:44.9283507Z   run `npm fund` for details
job-core	Run Ka0s Lint YAML Action	2026-02-10T13:04:45.1546386Z ##[group]Run FILE="core/b2b/core-services/soc/wazuh-manager-pvc.yaml"
job-core	Run Ka0s Lint YAML Action	2026-02-10T13:04:45.1547009Z [36;1mFILE="core/b2b/core-services/soc/wazuh-manager-pvc.yaml"[0m
job-core	Run Ka0s Lint YAML Action	2026-02-10T13:04:45.1547517Z [36;1mRESUME_FILE="audit/yamllint/yamllint-results-21865856075.txt"[0m
job-core	Run Ka0s Lint YAML Action	2026-02-10T13:04:45.1548059Z [36;1mYAML_CFG="core/config/kaos-yamllint-config.yaml"[0m
job-core	Run Ka0s Lint YAML Action	2026-02-10T13:04:45.1548525Z [36;1mPRETTIER_CFG="compliance/yaml/.prettierrc.json"[0m
job-core	Run Ka0s Lint YAML Action	2026-02-10T13:04:45.1548880Z [36;1m[0m
job-core	Run Ka0s Lint YAML Action	2026-02-10T13:04:45.1549166Z [36;1mecho "Starting YAML Check for: $FILE" >> "$RESUME_FILE"[0m
job-core	Run Ka0s Lint YAML Action	2026-02-10T13:04:45.1549564Z [36;1m[0m
job-core	Run Ka0s Lint YAML Action	2026-02-10T13:04:45.1549779Z [36;1m# 1. Syntax (yamllint)[0m
job-core	Run Ka0s Lint YAML Action	2026-02-10T13:04:45.1761560Z [36;1mif ! yamllint -c "$YAML_CFG" "$FILE" >> "$RESUME_FILE" 2>&1; then[0m
job-core	Run Ka0s Lint YAML Action	2026-02-10T13:04:45.1762284Z [36;1m  echo "â Syntax Error detected by Yamllint" >> "$RESUME_FILE"[0m
job-core	Run Ka0s Lint YAML Action	2026-02-10T13:04:45.1762677Z [36;1m  exit 1[0m
job-core	Run Ka0s Lint YAML Action	2026-02-10T13:04:45.1762892Z [36;1melse[0m
job-core	Run Ka0s Lint YAML Action	2026-02-10T13:04:45.1763172Z [36;1m  echo "â Syntax Check Passed" >> "$RESUME_FILE"[0m
job-core	Run Ka0s Lint YAML Action	2026-02-10T13:04:45.1763510Z [36;1mfi[0m
job-core	Run Ka0s Lint YAML Action	2026-02-10T13:04:45.1763696Z [36;1m[0m
job-core	Run Ka0s Lint YAML Action	2026-02-10T13:04:45.1763905Z [36;1m# 2. Style (Prettier)[0m
job-core	Run Ka0s Lint YAML Action	2026-02-10T13:04:45.1831161Z [36;1mif ! prettier --check "$FILE" --config "$PRETTIER_CFG"; then[0m
job-core	Run Ka0s Lint YAML Action	2026-02-10T13:04:45.1831648Z [36;1m  echo "â ï¸ Style Error detected." >> "$RESUME_FILE"[0m
job-core	Run Ka0s Lint YAML Action	2026-02-10T13:04:45.1832037Z [36;1m  [0m
job-core	Run Ka0s Lint YAML Action	2026-02-10T13:04:45.1832255Z [36;1m  if [ "true" == "true" ]; then[0m
job-core	Run Ka0s Lint YAML Action	2026-02-10T13:04:45.1832638Z [36;1m    echo "Attempting Self-Healing..." >> "$RESUME_FILE"[0m
job-core	Run Ka0s Lint YAML Action	2026-02-10T13:04:45.1833110Z [36;1m    if prettier --write "$FILE" --config "$PRETTIER_CFG"; then[0m
job-core	Run Ka0s Lint YAML Action	2026-02-10T13:04:45.1833582Z [36;1m      echo "â Self-Healing Successful." >> "$RESUME_FILE"[0m
job-core	Run Ka0s Lint YAML Action	2026-02-10T13:04:45.1833946Z [36;1m    else[0m
job-core	Run Ka0s Lint YAML Action	2026-02-10T13:04:45.1834243Z [36;1m      echo "â Self-Healing Failed." >> "$RESUME_FILE"[0m
job-core	Run Ka0s Lint YAML Action	2026-02-10T13:04:45.1834612Z [36;1m      exit 1[0m
job-core	Run Ka0s Lint YAML Action	2026-02-10T13:04:45.1834865Z [36;1m    fi[0m
job-core	Run Ka0s Lint YAML Action	2026-02-10T13:04:45.1835101Z [36;1m  else[0m
job-core	Run Ka0s Lint YAML Action	2026-02-10T13:04:45.1835493Z [36;1m     echo "â Style violations found (Fix mode disabled)." >> "$RESUME_FILE"[0m
job-core	Run Ka0s Lint YAML Action	2026-02-10T13:04:45.1836001Z [36;1m     exit 1[0m
job-core	Run Ka0s Lint YAML Action	2026-02-10T13:04:45.1836224Z [36;1m  fi[0m
job-core	Run Ka0s Lint YAML Action	2026-02-10T13:04:45.1836440Z [36;1melse[0m
job-core	Run Ka0s Lint YAML Action	2026-02-10T13:04:45.1836738Z [36;1m  echo "â Style Check Passed" >> "$RESUME_FILE"[0m
job-core	Run Ka0s Lint YAML Action	2026-02-10T13:04:45.1837126Z [36;1mfi[0m
job-core	Run Ka0s Lint YAML Action	2026-02-10T13:04:45.2154152Z shell: /usr/bin/bash --noprofile --norc -e -o pipefail {0}
job-core	Run Ka0s Lint YAML Action	2026-02-10T13:04:45.2154533Z env:
job-core	Run Ka0s Lint YAML Action	2026-02-10T13:04:45.2154735Z   KAOS_MODULE: [Ka0S] YAMLLINT
job-core	Run Ka0s Lint YAML Action	2026-02-10T13:04:45.2155269Z   GH_TOKEN: ***
job-core	Run Ka0s Lint YAML Action	2026-02-10T13:04:45.2155587Z   KAOS_YAMLLINT_CONFIG: core/config/kaos-yamllint-config.yaml
job-core	Run Ka0s Lint YAML Action	2026-02-10T13:04:45.2156056Z   KAOS_PRETTIER_CONFIG: compliance/yaml/.prettierrc.json
job-core	Run Ka0s Lint YAML Action	2026-02-10T13:04:45.2156423Z   KAOS_PATH_RESUME: audit/yamllint/
job-core	Run Ka0s Lint YAML Action	2026-02-10T13:04:45.2156758Z   KAOS_REPO: /actions-runner/_work/kaos/kaos
job-core	Run Ka0s Lint YAML Action	2026-02-10T13:04:45.2157069Z   KAOS_STEP_MODULE: 
job-core	Run Ka0s Lint YAML Action	2026-02-10T13:04:45.2157318Z   KAOS_CODE: 21865856075
job-core	Run Ka0s Lint YAML Action	2026-02-10T13:04:45.2157588Z   KAOS_REF_BRANCH: main
job-core	Run Ka0s Lint YAML Action	2026-02-10T13:04:45.2157918Z   pythonLocation: /home/runner/_work/_tool/Python/3.14.3/x64
job-core	Run Ka0s Lint YAML Action	2026-02-10T13:04:45.2158985Z   PKG_CONFIG_PATH: /home/runner/_work/_tool/Python/3.14.3/x64/lib/pkgconfig
job-core	Run Ka0s Lint YAML Action	2026-02-10T13:04:45.2159848Z   Python_ROOT_DIR: /home/runner/_work/_tool/Python/3.14.3/x64
job-core	Run Ka0s Lint YAML Action	2026-02-10T13:04:45.2262178Z   Python2_ROOT_DIR: /home/runner/_work/_tool/Python/3.14.3/x64
job-core	Run Ka0s Lint YAML Action	2026-02-10T13:04:45.2262767Z   Python3_ROOT_DIR: /home/runner/_work/_tool/Python/3.14.3/x64
job-core	Run Ka0s Lint YAML Action	2026-02-10T13:04:45.2263214Z   LD_LIBRARY_PATH: /home/runner/_work/_tool/Python/3.14.3/x64/lib
job-core	Run Ka0s Lint YAML Action	2026-02-10T13:04:45.2263587Z ##[endgroup]
job-core	Run Ka0s Lint YAML Action	2026-02-10T13:04:46.9491818Z Checking formatting...
job-core	Run Ka0s Lint YAML Action	2026-02-10T13:04:47.1087035Z All matched files use Prettier code style!
job-core	Report Success	ï»¿2026-02-10T13:04:47.1529457Z ##[group]Run FILE="core/b2b/core-services/soc/wazuh-manager-pvc.yaml"
job-core	Report Success	2026-02-10T13:04:47.1530340Z [36;1mFILE="core/b2b/core-services/soc/wazuh-manager-pvc.yaml"[0m
job-core	Report Success	2026-02-10T13:04:47.1530955Z [36;1mKAOS_ISSUE_BODY="The [Ka0S] YAMLLINT process (21865676499) successfully validated file ($FILE)."[0m
job-core	Report Success	2026-02-10T13:04:47.1531545Z [36;1mgh issue comment 3265 -b "$KAOS_ISSUE_BODY"[0m
job-core	Report Success	2026-02-10T13:04:47.1531865Z [36;1m[0m
job-core	Report Success	2026-02-10T13:04:47.1532091Z [36;1m# Check for changes (Self-Healing)[0m
job-core	Report Success	2026-02-10T13:04:47.1532604Z [36;1mgit config --global user.name "***"[0m
job-core	Report Success	2026-02-10T13:04:47.1532992Z [36;1mgit config --global user.email "***"[0m
job-core	Report Success	2026-02-10T13:04:47.1533308Z [36;1mif ! git diff --quiet; then[0m
job-core	Report Success	2026-02-10T13:04:47.1533586Z [36;1m   git add "$FILE"[0m
job-core	Report Success	2026-02-10T13:04:47.1534060Z [36;1m   git commit -m "[Ka0S] Self-Healing: Auto-formatting YAML compliance for $(basename "$FILE")"[0m
job-core	Report Success	2026-02-10T13:04:47.1534694Z [36;1m   git push origin refs/heads/H3265-deploy-itop --force-with-lease[0m
job-core	Report Success	2026-02-10T13:04:47.1535143Z [36;1mfi[0m
job-core	Report Success	2026-02-10T13:04:47.1535508Z [36;1m    if prettier --write "$FILE" --config "compliance/yaml/.prettierrc.json"; then[0m
job-core	Report Success	2026-02-10T13:04:47.1536167Z [36;1m      echo "â Self-Healing Successful: File formatted to Ka0s Standards." >> "$RESUME_FILE"[0m
job-core	Report Success	2026-02-10T13:04:47.1536646Z [36;1m      [0m
job-core	Report Success	2026-02-10T13:04:47.1536886Z [36;1m      # Commit de la correcciÃ³n[0m
job-core	Report Success	2026-02-10T13:04:47.1537259Z [36;1m      git config --global user.name "***"[0m
job-core	Report Success	2026-02-10T13:04:47.1537672Z [36;1m      git config --global user.email "***"[0m
job-core	Report Success	2026-02-10T13:04:47.1537992Z [36;1m      git add "$FILE"[0m
job-core	Report Success	2026-02-10T13:04:47.1538297Z [36;1m      if ! git diff --staged --quiet; then[0m
job-core	Report Success	2026-02-10T13:04:47.1538820Z [36;1m        git commit -m "[Ka0S] Self-Healing: Auto-formatting YAML compliance for $FILE_NAME"[0m
job-core	Report Success	2026-02-10T13:04:47.1539427Z [36;1m        git push origin refs/heads/H3265-deploy-itop --force-with-lease[0m
job-core	Report Success	2026-02-10T13:04:47.1539939Z [36;1m        echo "ð Changes pushed to repository." >> "$RESUME_FILE"[0m
job-core	Report Success	2026-02-10T13:04:47.1547313Z [36;1m      fi[0m
job-core	Report Success	2026-02-10T13:04:47.1547567Z [36;1m      [0m
job-core	Report Success	2026-02-10T13:04:47.1548245Z [36;1m      KAOS_ISSUE_BODY="The [Ka0S] YAMLLINT process (21865676499) detected style violations in ($FILE) but successfully performed SELF-HEALING. No action required."[0m
job-core	Report Success	2026-02-10T13:04:47.1549065Z [36;1m      gh issue comment 3265 -b "$KAOS_ISSUE_BODY"[0m
job-core	Report Success	2026-02-10T13:04:47.1549392Z [36;1m    else[0m
job-core	Report Success	2026-02-10T13:04:47.1549717Z [36;1m      echo "â Self-Healing Failed." >> "$RESUME_FILE"[0m
job-core	Report Success	2026-02-10T13:04:47.1550059Z [36;1m      exit 1[0m
job-core	Report Success	2026-02-10T13:04:47.1550558Z [36;1m    fi[0m
job-core	Report Success	2026-02-10T13:04:47.1550758Z [36;1m  else[0m
job-core	Report Success	2026-02-10T13:04:47.1551107Z [36;1m    echo "â Compliance Check Passed (No changes needed)" >> "$RESUME_FILE"[0m
job-core	Report Success	2026-02-10T13:04:47.1551900Z [36;1m    KAOS_ISSUE_BODY="The [Ka0S] YAMLLINT process (21865676499) successfully validated file ($FILE). All checks passed."[0m
job-core	Report Success	2026-02-10T13:04:47.1552616Z [36;1m    gh issue comment 3265 -b "$KAOS_ISSUE_BODY"[0m
job-core	Report Success	2026-02-10T13:04:47.1552945Z [36;1m  fi[0m
job-core	Report Success	2026-02-10T13:04:47.1553148Z [36;1m  [0m
job-core	Report Success	2026-02-10T13:04:47.1553392Z [36;1m  cat "$RESUME_FILE"[0m
job-core	Report Success	2026-02-10T13:04:47.1574035Z shell: /usr/bin/bash -e {0}
job-core	Report Success	2026-02-10T13:04:47.1574343Z env:
job-core	Report Success	2026-02-10T13:04:47.1574560Z   KAOS_MODULE: [Ka0S] YAMLLINT
job-core	Report Success	2026-02-10T13:04:47.1575132Z   GH_TOKEN: ***
job-core	Report Success	2026-02-10T13:04:47.1575443Z   KAOS_YAMLLINT_CONFIG: core/config/kaos-yamllint-config.yaml
job-core	Report Success	2026-02-10T13:04:47.1576298Z   KAOS_PRETTIER_CONFIG: compliance/yaml/.prettierrc.json
job-core	Report Success	2026-02-10T13:04:47.1576676Z   KAOS_PATH_RESUME: audit/yamllint/
job-core	Report Success	2026-02-10T13:04:47.1576981Z   KAOS_REPO: /actions-runner/_work/kaos/kaos
job-core	Report Success	2026-02-10T13:04:47.1577265Z   KAOS_STEP_MODULE: 
job-core	Report Success	2026-02-10T13:04:47.1577495Z   KAOS_CODE: 21865856075
job-core	Report Success	2026-02-10T13:04:47.1577730Z   KAOS_REF_BRANCH: main
job-core	Report Success	2026-02-10T13:04:47.1578055Z   pythonLocation: /home/runner/_work/_tool/Python/3.14.3/x64
job-core	Report Success	2026-02-10T13:04:47.1578534Z   PKG_CONFIG_PATH: /home/runner/_work/_tool/Python/3.14.3/x64/lib/pkgconfig
job-core	Report Success	2026-02-10T13:04:47.1581266Z   Python_ROOT_DIR: /home/runner/_work/_tool/Python/3.14.3/x64
job-core	Report Success	2026-02-10T13:04:47.1581722Z   Python2_ROOT_DIR: /home/runner/_work/_tool/Python/3.14.3/x64
job-core	Report Success	2026-02-10T13:04:47.1582163Z   Python3_ROOT_DIR: /home/runner/_work/_tool/Python/3.14.3/x64
job-core	Report Success	2026-02-10T13:04:47.1582614Z   LD_LIBRARY_PATH: /home/runner/_work/_tool/Python/3.14.3/x64/lib
job-core	Report Success	2026-02-10T13:04:47.1583001Z ##[endgroup]
job-core	Report Success	2026-02-10T13:04:47.6011412Z HTTP 401: Bad credentials (https://api.github.com/graphql)
job-core	Report Success	2026-02-10T13:04:47.6014871Z Try authenticating with:  gh auth login
job-core	Report Success	2026-02-10T13:04:47.6723318Z ##[error]Process completed with exit code 1.
job-core	Upload Logs	ï»¿2026-02-10T13:04:47.7396411Z ##[group]Run # Subir logs de auditorÃ­a si existen
job-core	Upload Logs	2026-02-10T13:04:47.7396889Z [36;1m# Subir logs de auditorÃ­a si existen[0m
job-core	Upload Logs	2026-02-10T13:04:47.7397317Z [36;1mif [ -f "audit/yamllint/yamllint-results-21865856075.txt" ]; then[0m
job-core	Upload Logs	2026-02-10T13:04:47.7397889Z [36;1m   git config --global user.name "***"[0m
job-core	Upload Logs	2026-02-10T13:04:47.7398270Z [36;1m   git config --global user.email "***"[0m
job-core	Upload Logs	2026-02-10T13:04:47.7398589Z [36;1m   git pull --rebase[0m
job-core	Upload Logs	2026-02-10T13:04:47.7398850Z [36;1m   git add audit/yamllint/*[0m
job-core	Upload Logs	2026-02-10T13:04:47.7399150Z [36;1m   if ! git diff --staged --quiet; then[0m
job-core	Upload Logs	2026-02-10T13:04:47.7399550Z [36;1m      git commit -m "[Ka0S] Uploading YAML compliance audit logs"[0m
job-core	Upload Logs	2026-02-10T13:04:47.7400051Z [36;1m      git push origin refs/heads/H3265-deploy-itop --force-with-lease[0m
job-core	Upload Logs	2026-02-10T13:04:47.7400580Z [36;1m   fi[0m
job-core	Upload Logs	2026-02-10T13:04:47.7400776Z [36;1mfi[0m
job-core	Upload Logs	2026-02-10T13:04:47.7711684Z shell: /usr/bin/bash -e {0}
job-core	Upload Logs	2026-02-10T13:04:47.7712000Z env:
job-core	Upload Logs	2026-02-10T13:04:47.7712282Z   KAOS_MODULE: [Ka0S] YAMLLINT
job-core	Upload Logs	2026-02-10T13:04:47.7712789Z   GH_TOKEN: ***
job-core	Upload Logs	2026-02-10T13:04:47.7713109Z   KAOS_YAMLLINT_CONFIG: core/config/kaos-yamllint-config.yaml
job-core	Upload Logs	2026-02-10T13:04:47.7713554Z   KAOS_PRETTIER_CONFIG: compliance/yaml/.prettierrc.json
job-core	Upload Logs	2026-02-10T13:04:47.7713918Z   KAOS_PATH_RESUME: audit/yamllint/
job-core	Upload Logs	2026-02-10T13:04:47.7714221Z   KAOS_REPO: /actions-runner/_work/kaos/kaos
job-core	Upload Logs	2026-02-10T13:04:47.7714523Z   KAOS_STEP_MODULE: 
job-core	Upload Logs	2026-02-10T13:04:47.7714742Z   KAOS_CODE: 21865856075
job-core	Upload Logs	2026-02-10T13:04:47.7714980Z   KAOS_REF_BRANCH: main
job-core	Upload Logs	2026-02-10T13:04:47.7715286Z   pythonLocation: /home/runner/_work/_tool/Python/3.14.3/x64
job-core	Upload Logs	2026-02-10T13:04:47.7715771Z   PKG_CONFIG_PATH: /home/runner/_work/_tool/Python/3.14.3/x64/lib/pkgconfig
job-core	Upload Logs	2026-02-10T13:04:47.7716267Z   Python_ROOT_DIR: /home/runner/_work/_tool/Python/3.14.3/x64
job-core	Upload Logs	2026-02-10T13:04:47.7716728Z   Python2_ROOT_DIR: /home/runner/_work/_tool/Python/3.14.3/x64
job-core	Upload Logs	2026-02-10T13:04:47.7717156Z   Python3_ROOT_DIR: /home/runner/_work/_tool/Python/3.14.3/x64
job-core	Upload Logs	2026-02-10T13:04:47.7717596Z   LD_LIBRARY_PATH: /home/runner/_work/_tool/Python/3.14.3/x64/lib
job-core	Upload Logs	2026-02-10T13:04:47.7717970Z ##[endgroup]
job-core	Upload Logs	2026-02-10T13:04:49.8051827Z From https://github.com/Ka0s-Klaus/ka0s
job-core	Upload Logs	2026-02-10T13:04:49.8060708Z    71f5dc46b..b82cacaa4  H3265-deploy-itop -> origin/H3265-deploy-itop
job-core	Upload Logs	2026-02-10T13:04:49.8061651Z    57a6f8d56..322db6352  main              -> origin/main
job-core	Upload Logs	2026-02-10T13:04:49.9536827Z Updating 71f5dc46b..b82cacaa4
job-core	Upload Logs	2026-02-10T13:04:49.9537210Z Fast-forward
job-core	Upload Logs	2026-02-10T13:04:49.9537548Z  audit/yamllint/yamllint-results-21865792637.txt | 3 +++
job-core	Upload Logs	2026-02-10T13:04:49.9538004Z  audit/yamllint/yamllint-results-21865806425.txt | 3 +++
job-core	Upload Logs	2026-02-10T13:04:49.9538551Z  audit/yamllint/yamllint-results-21865826247.txt | 3 +++
job-core	Upload Logs	2026-02-10T13:04:49.9539591Z  audit/yamllint/yamllint-results-21865831013.txt | 3 +++
job-core	Upload Logs	2026-02-10T13:04:49.9540036Z  audit/yamllint/yamllint-results-21865836153.txt | 3 +++
job-core	Upload Logs	2026-02-10T13:04:49.9880947Z  5 files changed, 15 insertions(+)
job-core	Upload Logs	2026-02-10T13:04:49.9881580Z  create mode 100644 audit/yamllint/yamllint-results-21865792637.txt
job-core	Upload Logs	2026-02-10T13:04:49.9882162Z  create mode 100644 audit/yamllint/yamllint-results-21865806425.txt
job-core	Upload Logs	2026-02-10T13:04:49.9882693Z  create mode 100644 audit/yamllint/yamllint-results-21865826247.txt
job-core	Upload Logs	2026-02-10T13:04:49.9883231Z  create mode 100644 audit/yamllint/yamllint-results-21865831013.txt
job-core	Upload Logs	2026-02-10T13:04:49.9883764Z  create mode 100644 audit/yamllint/yamllint-results-21865836153.txt
job-core	Upload Logs	2026-02-10T13:04:50.2206826Z [H3265-deploy-itop aa2fa7248] [Ka0S] Uploading YAML compliance audit logs
job-core	Upload Logs	2026-02-10T13:04:50.2212122Z  1 file changed, 3 insertions(+)
job-core	Upload Logs	2026-02-10T13:04:50.2213162Z  create mode 100644 audit/yamllint/yamllint-results-21865856075.txt
job-core	Upload Logs	2026-02-10T13:04:51.2521194Z To https://github.com/Ka0s-Klaus/ka0s
job-core	Upload Logs	2026-02-10T13:04:51.2522836Z  ! [remote rejected]     H3265-deploy-itop -> H3265-deploy-itop (cannot lock ref 'refs/heads/H3265-deploy-itop': is at 73826119407023ecf3377b2212810238f2d4c343 but expected b82cacaa425b2aa7b51f63ca5effc8e595c8267d)
job-core	Upload Logs	2026-02-10T13:04:51.2542166Z error: failed to push some refs to 'https://github.com/Ka0s-Klaus/ka0s'
job-core	Upload Logs	2026-02-10T13:04:51.2635117Z ##[error]Process completed with exit code 1.
job-core	Post Checkout code	ï»¿2026-02-10T13:04:51.2797689Z Post job cleanup.
job-core	Post Checkout code	2026-02-10T13:04:52.2834417Z [command]/usr/bin/git version
job-core	Post Checkout code	2026-02-10T13:04:52.3121824Z git version 2.52.0
job-core	Post Checkout code	2026-02-10T13:04:52.3571992Z Copying '/home/runner/.gitconfig' to '/home/runner/_work/_temp/e6c2df4b-96dc-4964-a49f-8944bcb6804b/.gitconfig'
job-core	Post Checkout code	2026-02-10T13:04:52.3691775Z Temporarily overriding HOME='/home/runner/_work/_temp/e6c2df4b-96dc-4964-a49f-8944bcb6804b' before making global git config changes
job-core	Post Checkout code	2026-02-10T13:04:52.3838034Z Adding repository directory to the temporary git global config as a safe directory
job-core	Post Checkout code	2026-02-10T13:04:52.3872431Z [command]/usr/bin/git config --global --add safe.directory /home/runner/_work/ka0s/ka0s
job-core	Post Checkout code	2026-02-10T13:04:52.4231401Z [command]/usr/bin/git config --local --name-only --get-regexp core\.sshCommand
job-core	Post Checkout code	2026-02-10T13:04:52.5152828Z [command]/usr/bin/git submodule foreach --recursive sh -c "git config --local --name-only --get-regexp 'core\.sshCommand' && git config --local --unset-all 'core.sshCommand' || :"
job-core	Post Checkout code	2026-02-10T13:04:53.0226661Z [command]/usr/bin/git config --local --name-only --get-regexp http\.https\:\/\/github\.com\/\.extraheader
job-core	Post Checkout code	2026-02-10T13:04:53.0581987Z http.https://github.com/.extraheader
job-core	Post Checkout code	2026-02-10T13:04:53.0729858Z [command]/usr/bin/git config --local --unset-all http.https://github.com/.extraheader
job-core	Post Checkout code	2026-02-10T13:04:53.1147382Z [command]/usr/bin/git submodule foreach --recursive sh -c "git config --local --name-only --get-regexp 'http\.https\:\/\/github\.com\/\.extraheader' && git config --local --unset-all 'http.https://github.com/.extraheader' || :"
job-core	Post Checkout code	2026-02-10T13:04:53.4034244Z [command]/usr/bin/git config --local --name-only --get-regexp ^includeIf\.gitdir:
job-core	Post Checkout code	2026-02-10T13:04:53.4408309Z [command]/usr/bin/git submodule foreach --recursive git config --local --show-origin --name-only --get-regexp remote.origin.url
job-core	Complete job	ï»¿2026-02-10T13:04:53.7138654Z Cleaning up orphan processes
handle_failure	Set up job	ï»¿2026-02-10T13:05:40.7173351Z Current runner version: '2.331.0'
handle_failure	Set up job	2026-02-10T13:05:40.7183886Z Runner name: 'swarm-runners-scaleset-hkss5-runner-jr24p'
handle_failure	Set up job	2026-02-10T13:05:40.7185275Z Runner group name: 'Default'
handle_failure	Set up job	2026-02-10T13:05:40.7186367Z Machine name: 'swarm-runners-scaleset-hkss5-runner-jr24p'
handle_failure	Set up job	2026-02-10T13:05:40.7190287Z ##[group]GITHUB_TOKEN Permissions
handle_failure	Set up job	2026-02-10T13:05:40.7193362Z Actions: write
handle_failure	Set up job	2026-02-10T13:05:40.7193989Z Contents: write
handle_failure	Set up job	2026-02-10T13:05:40.7194615Z Issues: write
handle_failure	Set up job	2026-02-10T13:05:40.7195185Z Metadata: read
handle_failure	Set up job	2026-02-10T13:05:40.7195800Z PullRequests: write
handle_failure	Set up job	2026-02-10T13:05:40.7196425Z ##[endgroup]
handle_failure	Set up job	2026-02-10T13:05:40.7198986Z Secret source: Actions
handle_failure	Set up job	2026-02-10T13:05:40.7199819Z Prepare workflow directory
handle_failure	Set up job	2026-02-10T13:05:40.7939712Z Prepare all required actions
handle_failure	Set up job	2026-02-10T13:05:40.7997190Z Getting action download info
handle_failure	Set up job	2026-02-10T13:05:42.8727712Z Download action repository 'actions/checkout@v4' (SHA:34e114876b0b11c390a56381ad16ebd13914f8d5)
handle_failure	Set up job	2026-02-10T13:05:44.8047448Z Complete job name: handle_failure
handle_failure	Run actions/checkout@v4	ï»¿2026-02-10T13:05:45.1341733Z ##[group]Run actions/checkout@v4
handle_failure	Run actions/checkout@v4	2026-02-10T13:05:45.1342910Z with:
handle_failure	Run actions/checkout@v4	2026-02-10T13:05:45.1343383Z   repository: Ka0s-Klaus/ka0s
handle_failure	Run actions/checkout@v4	2026-02-10T13:05:45.1344211Z   token: ***
handle_failure	Run actions/checkout@v4	2026-02-10T13:05:45.1344669Z   ssh-strict: true
handle_failure	Run actions/checkout@v4	2026-02-10T13:05:45.1345104Z   ssh-user: git
handle_failure	Run actions/checkout@v4	2026-02-10T13:05:45.1345559Z   persist-credentials: true
handle_failure	Run actions/checkout@v4	2026-02-10T13:05:45.1346062Z   clean: true
handle_failure	Run actions/checkout@v4	2026-02-10T13:05:45.1346522Z   sparse-checkout-cone-mode: true
handle_failure	Run actions/checkout@v4	2026-02-10T13:05:45.1347087Z   fetch-depth: 1
handle_failure	Run actions/checkout@v4	2026-02-10T13:05:45.1347533Z   fetch-tags: false
handle_failure	Run actions/checkout@v4	2026-02-10T13:05:45.1347995Z   show-progress: true
handle_failure	Run actions/checkout@v4	2026-02-10T13:05:45.1348458Z   lfs: false
handle_failure	Run actions/checkout@v4	2026-02-10T13:05:45.1348901Z   submodules: false
handle_failure	Run actions/checkout@v4	2026-02-10T13:05:45.1349359Z   set-safe-directory: true
handle_failure	Run actions/checkout@v4	2026-02-10T13:05:45.1350344Z env:
handle_failure	Run actions/checkout@v4	2026-02-10T13:05:45.1350816Z   KAOS_MODULE: [Ka0S] YAMLLINT
handle_failure	Run actions/checkout@v4	2026-02-10T13:05:45.1351572Z   GH_TOKEN: ***
handle_failure	Run actions/checkout@v4	2026-02-10T13:05:45.1352164Z   KAOS_YAMLLINT_CONFIG: core/config/kaos-yamllint-config.yaml
handle_failure	Run actions/checkout@v4	2026-02-10T13:05:45.1353005Z   KAOS_PRETTIER_CONFIG: compliance/yaml/.prettierrc.json
handle_failure	Run actions/checkout@v4	2026-02-10T13:05:45.1353823Z   KAOS_PATH_RESUME: audit/yamllint/
handle_failure	Run actions/checkout@v4	2026-02-10T13:05:45.1354428Z   KAOS_REPO: /actions-runner/_work/kaos/kaos
handle_failure	Run actions/checkout@v4	2026-02-10T13:05:45.1355045Z   KAOS_STEP_MODULE: 
handle_failure	Run actions/checkout@v4	2026-02-10T13:05:45.1355493Z   KAOS_CODE: 21865856075
handle_failure	Run actions/checkout@v4	2026-02-10T13:05:45.1355979Z   KAOS_REF_BRANCH: main
handle_failure	Run actions/checkout@v4	2026-02-10T13:05:45.1356459Z ##[endgroup]
handle_failure	Run actions/checkout@v4	2026-02-10T13:05:46.2794521Z Syncing repository: Ka0s-Klaus/ka0s
handle_failure	Run actions/checkout@v4	2026-02-10T13:05:46.2796730Z ##[group]Getting Git version info
handle_failure	Run actions/checkout@v4	2026-02-10T13:05:46.2797476Z Working directory is '/home/runner/_work/ka0s/ka0s'
handle_failure	Run actions/checkout@v4	2026-02-10T13:05:46.2798464Z [command]/usr/bin/git version
handle_failure	Run actions/checkout@v4	2026-02-10T13:05:46.2798982Z git version 2.52.0
handle_failure	Run actions/checkout@v4	2026-02-10T13:05:46.2992343Z ##[endgroup]
handle_failure	Run actions/checkout@v4	2026-02-10T13:05:46.2999316Z Temporarily overriding HOME='/home/runner/_work/_temp/72c9d9f5-8c89-4ab1-870d-517a9802c9cb' before making global git config changes
handle_failure	Run actions/checkout@v4	2026-02-10T13:05:46.3587852Z Adding repository directory to the temporary git global config as a safe directory
handle_failure	Run actions/checkout@v4	2026-02-10T13:05:46.3589123Z [command]/usr/bin/git config --global --add safe.directory /home/runner/_work/ka0s/ka0s
handle_failure	Run actions/checkout@v4	2026-02-10T13:05:46.3591341Z Deleting the contents of '/home/runner/_work/ka0s/ka0s'
handle_failure	Run actions/checkout@v4	2026-02-10T13:05:46.3592448Z ##[group]Initializing the repository
handle_failure	Run actions/checkout@v4	2026-02-10T13:05:46.3593128Z [command]/usr/bin/git init /home/runner/_work/ka0s/ka0s
handle_failure	Run actions/checkout@v4	2026-02-10T13:05:46.4987555Z hint: Using 'master' as the name for the initial branch. This default branch name
handle_failure	Run actions/checkout@v4	2026-02-10T13:05:46.4989371Z hint: will change to "main" in Git 3.0. To configure the initial branch name
handle_failure	Run actions/checkout@v4	2026-02-10T13:05:46.5002075Z hint: to use in all of your new repositories, which will suppress this warning,
handle_failure	Run actions/checkout@v4	2026-02-10T13:05:46.5035697Z hint: call:
handle_failure	Run actions/checkout@v4	2026-02-10T13:05:46.5078920Z hint:
handle_failure	Run actions/checkout@v4	2026-02-10T13:05:46.5079669Z hint: 	git config --global init.defaultBranch <name>
handle_failure	Run actions/checkout@v4	2026-02-10T13:05:46.5080382Z hint:
handle_failure	Run actions/checkout@v4	2026-02-10T13:05:46.5080985Z hint: Names commonly chosen instead of 'master' are 'main', 'trunk' and
handle_failure	Run actions/checkout@v4	2026-02-10T13:05:46.5081973Z hint: 'development'. The just-created branch can be renamed via this command:
handle_failure	Run actions/checkout@v4	2026-02-10T13:05:46.5083460Z hint:
handle_failure	Run actions/checkout@v4	2026-02-10T13:05:46.5083884Z hint: 	git branch -m <name>
handle_failure	Run actions/checkout@v4	2026-02-10T13:05:46.5084371Z hint:
handle_failure	Run actions/checkout@v4	2026-02-10T13:05:46.5085014Z hint: Disable this message with "git config set advice.defaultBranchName false"
handle_failure	Run actions/checkout@v4	2026-02-10T13:05:46.5086042Z Initialized empty Git repository in /home/runner/_work/ka0s/ka0s/.git/
handle_failure	Run actions/checkout@v4	2026-02-10T13:05:46.5222943Z [command]/usr/bin/git remote add origin https://github.com/Ka0s-Klaus/ka0s
handle_failure	Run actions/checkout@v4	2026-02-10T13:05:46.6060196Z ##[endgroup]
handle_failure	Run actions/checkout@v4	2026-02-10T13:05:46.6121803Z ##[group]Disabling automatic garbage collection
handle_failure	Run actions/checkout@v4	2026-02-10T13:05:46.6123741Z [command]/usr/bin/git config --local gc.auto 0
handle_failure	Run actions/checkout@v4	2026-02-10T13:05:46.6310601Z ##[endgroup]
handle_failure	Run actions/checkout@v4	2026-02-10T13:05:46.6972416Z ##[group]Setting up auth
handle_failure	Run actions/checkout@v4	2026-02-10T13:05:46.6973621Z [command]/usr/bin/git config --local --name-only --get-regexp core\.sshCommand
handle_failure	Run actions/checkout@v4	2026-02-10T13:05:46.6976572Z [command]/usr/bin/git submodule foreach --recursive sh -c "git config --local --name-only --get-regexp 'core\.sshCommand' && git config --local --unset-all 'core.sshCommand' || :"
handle_failure	Run actions/checkout@v4	2026-02-10T13:05:46.9278157Z [command]/usr/bin/git config --local --name-only --get-regexp http\.https\:\/\/github\.com\/\.extraheader
handle_failure	Run actions/checkout@v4	2026-02-10T13:05:46.9397694Z [command]/usr/bin/git submodule foreach --recursive sh -c "git config --local --name-only --get-regexp 'http\.https\:\/\/github\.com\/\.extraheader' && git config --local --unset-all 'http.https://github.com/.extraheader' || :"
handle_failure	Run actions/checkout@v4	2026-02-10T13:05:47.2321652Z [command]/usr/bin/git config --local --name-only --get-regexp ^includeIf\.gitdir:
handle_failure	Run actions/checkout@v4	2026-02-10T13:05:47.2926916Z [command]/usr/bin/git submodule foreach --recursive git config --local --show-origin --name-only --get-regexp remote.origin.url
handle_failure	Run actions/checkout@v4	2026-02-10T13:05:47.4375064Z [command]/usr/bin/git config --local http.https://github.com/.extraheader AUTHORIZATION: basic ***
handle_failure	Run actions/checkout@v4	2026-02-10T13:05:47.4897952Z ##[endgroup]
handle_failure	Run actions/checkout@v4	2026-02-10T13:05:47.4937687Z ##[group]Fetching the repository
handle_failure	Run actions/checkout@v4	2026-02-10T13:05:47.5006762Z [command]/usr/bin/git -c protocol.version=2 fetch --no-tags --prune --no-recurse-submodules --depth=1 origin +71f5dc46bb36676271a166a9410e53b24dc13d66:refs/remotes/origin/H3265-deploy-itop
handle_failure	Run actions/checkout@v4	2026-02-10T13:06:08.9881874Z From https://github.com/Ka0s-Klaus/ka0s
handle_failure	Run actions/checkout@v4	2026-02-10T13:06:08.9882593Z  * [new ref]         71f5dc46bb36676271a166a9410e53b24dc13d66 -> origin/H3265-deploy-itop
handle_failure	Run actions/checkout@v4	2026-02-10T13:06:08.9884122Z ##[endgroup]
handle_failure	Run actions/checkout@v4	2026-02-10T13:06:08.9884586Z ##[group]Determining the checkout info
handle_failure	Run actions/checkout@v4	2026-02-10T13:06:08.9885071Z ##[endgroup]
handle_failure	Run actions/checkout@v4	2026-02-10T13:06:08.9885398Z [command]/usr/bin/git sparse-checkout disable
handle_failure	Run actions/checkout@v4	2026-02-10T13:06:09.1683334Z [command]/usr/bin/git config --local --unset-all extensions.worktreeConfig
handle_failure	Run actions/checkout@v4	2026-02-10T13:06:09.2543073Z ##[group]Checking out the ref
handle_failure	Run actions/checkout@v4	2026-02-10T13:06:09.2800063Z [command]/usr/bin/git checkout --progress --force -B H3265-deploy-itop refs/remotes/origin/H3265-deploy-itop
handle_failure	Run actions/checkout@v4	2026-02-10T13:06:10.8107988Z Updating files:  25% (262/1019)
handle_failure	Run actions/checkout@v4	2026-02-10T13:06:10.8435846Z Updating files:  26% (265/1019)
handle_failure	Run actions/checkout@v4	2026-02-10T13:06:10.8861588Z Updating files:  27% (276/1019)
handle_failure	Run actions/checkout@v4	2026-02-10T13:06:10.9141164Z Updating files:  28% (286/1019)
handle_failure	Run actions/checkout@v4	2026-02-10T13:06:10.9141587Z Updating files:  29% (296/1019)
handle_failure	Run actions/checkout@v4	2026-02-10T13:06:10.9141885Z Updating files:  30% (306/1019)
handle_failure	Run actions/checkout@v4	2026-02-10T13:06:10.9144420Z Updating files:  31% (316/1019)
handle_failure	Run actions/checkout@v4	2026-02-10T13:06:10.9377005Z Updating files:  32% (327/1019)
handle_failure	Run actions/checkout@v4	2026-02-10T13:06:10.9714359Z Updating files:  33% (337/1019)
handle_failure	Run actions/checkout@v4	2026-02-10T13:06:11.0622651Z Updating files:  34% (347/1019)
handle_failure	Run actions/checkout@v4	2026-02-10T13:06:11.0733428Z Updating files:  35% (357/1019)
handle_failure	Run actions/checkout@v4	2026-02-10T13:06:11.1475285Z Updating files:  36% (367/1019)
handle_failure	Run actions/checkout@v4	2026-02-10T13:06:11.1475969Z Updating files:  37% (378/1019)
handle_failure	Run actions/checkout@v4	2026-02-10T13:06:11.2057071Z Updating files:  38% (388/1019)
handle_failure	Run actions/checkout@v4	2026-02-10T13:06:11.2058352Z Updating files:  39% (398/1019)
handle_failure	Run actions/checkout@v4	2026-02-10T13:06:11.2901305Z Updating files:  40% (408/1019)
handle_failure	Run actions/checkout@v4	2026-02-10T13:06:11.2947358Z Updating files:  41% (418/1019)
handle_failure	Run actions/checkout@v4	2026-02-10T13:06:11.3056722Z Updating files:  42% (428/1019)
handle_failure	Run actions/checkout@v4	2026-02-10T13:06:11.3753889Z Updating files:  42% (431/1019)
handle_failure	Run actions/checkout@v4	2026-02-10T13:06:11.9211566Z Updating files:  43% (439/1019)
handle_failure	Run actions/checkout@v4	2026-02-10T13:06:11.9241860Z Updating files:  44% (449/1019)
handle_failure	Run actions/checkout@v4	2026-02-10T13:06:11.9351010Z Updating files:  45% (459/1019)
handle_failure	Run actions/checkout@v4	2026-02-10T13:06:11.9552221Z Updating files:  46% (469/1019)
handle_failure	Run actions/checkout@v4	2026-02-10T13:06:11.9721284Z Updating files:  47% (479/1019)
handle_failure	Run actions/checkout@v4	2026-02-10T13:06:11.9731071Z Updating files:  48% (490/1019)
handle_failure	Run actions/checkout@v4	2026-02-10T13:06:11.9992680Z Updating files:  49% (500/1019)
handle_failure	Run actions/checkout@v4	2026-02-10T13:06:11.9993590Z Updating files:  50% (510/1019)
handle_failure	Run actions/checkout@v4	2026-02-10T13:06:11.9994220Z Updating files:  51% (520/1019)
handle_failure	Run actions/checkout@v4	2026-02-10T13:06:12.6050986Z Updating files:  52% (530/1019)
handle_failure	Run actions/checkout@v4	2026-02-10T13:06:12.6256505Z Updating files:  52% (535/1019)
handle_failure	Run actions/checkout@v4	2026-02-10T13:06:12.6562907Z Updating files:  53% (541/1019)
handle_failure	Run actions/checkout@v4	2026-02-10T13:06:12.7505131Z Updating files:  54% (551/1019)
handle_failure	Run actions/checkout@v4	2026-02-10T13:06:12.7691692Z Updating files:  55% (561/1019)
handle_failure	Run actions/checkout@v4	2026-02-10T13:06:12.7744032Z Updating files:  56% (571/1019)
handle_failure	Run actions/checkout@v4	2026-02-10T13:06:12.7962237Z Updating files:  57% (581/1019)
handle_failure	Run actions/checkout@v4	2026-02-10T13:06:12.8638906Z Updating files:  58% (592/1019)
handle_failure	Run actions/checkout@v4	2026-02-10T13:06:12.8800540Z Updating files:  59% (602/1019)
handle_failure	Run actions/checkout@v4	2026-02-10T13:06:12.9008916Z Updating files:  60% (612/1019)
handle_failure	Run actions/checkout@v4	2026-02-10T13:06:12.9152525Z Updating files:  61% (622/1019)
handle_failure	Run actions/checkout@v4	2026-02-10T13:06:12.9323518Z Updating files:  62% (632/1019)
handle_failure	Run actions/checkout@v4	2026-02-10T13:06:12.9473755Z Updating files:  63% (642/1019)
handle_failure	Run actions/checkout@v4	2026-02-10T13:06:12.9600997Z Updating files:  64% (653/1019)
handle_failure	Run actions/checkout@v4	2026-02-10T13:06:13.0262036Z Updating files:  65% (663/1019)
handle_failure	Run actions/checkout@v4	2026-02-10T13:06:13.6713469Z Updating files:  66% (673/1019)
handle_failure	Run actions/checkout@v4	2026-02-10T13:06:13.6719231Z Updating files:  66% (674/1019)
handle_failure	Run actions/checkout@v4	2026-02-10T13:06:13.6721631Z Updating files:  67% (683/1019)
handle_failure	Run actions/checkout@v4	2026-02-10T13:06:13.6802261Z Updating files:  68% (693/1019)
handle_failure	Run actions/checkout@v4	2026-02-10T13:06:13.6951065Z Updating files:  69% (704/1019)
handle_failure	Run actions/checkout@v4	2026-02-10T13:06:13.6951740Z Updating files:  70% (714/1019)
handle_failure	Run actions/checkout@v4	2026-02-10T13:06:13.7048130Z Updating files:  71% (724/1019)
handle_failure	Run actions/checkout@v4	2026-02-10T13:06:13.7109106Z Updating files:  72% (734/1019)
handle_failure	Run actions/checkout@v4	2026-02-10T13:06:13.7131224Z Updating files:  73% (744/1019)
handle_failure	Run actions/checkout@v4	2026-02-10T13:06:13.7391289Z Updating files:  74% (755/1019)
handle_failure	Run actions/checkout@v4	2026-02-10T13:06:13.7392017Z Updating files:  75% (765/1019)
handle_failure	Run actions/checkout@v4	2026-02-10T13:06:13.8946942Z Updating files:  76% (775/1019)
handle_failure	Run actions/checkout@v4	2026-02-10T13:06:14.3121417Z Updating files:  77% (785/1019)
handle_failure	Run actions/checkout@v4	2026-02-10T13:06:14.5803733Z Updating files:  78% (795/1019)
handle_failure	Run actions/checkout@v4	2026-02-10T13:06:14.6789025Z Updating files:  79% (806/1019)
handle_failure	Run actions/checkout@v4	2026-02-10T13:06:14.8158197Z Updating files:  80% (816/1019)
handle_failure	Run actions/checkout@v4	2026-02-10T13:06:15.2569826Z Updating files:  81% (826/1019)
handle_failure	Run actions/checkout@v4	2026-02-10T13:06:15.3232950Z Updating files:  82% (836/1019)
handle_failure	Run actions/checkout@v4	2026-02-10T13:06:15.6771474Z Updating files:  82% (839/1019)
handle_failure	Run actions/checkout@v4	2026-02-10T13:06:16.3610895Z Updating files:  83% (846/1019)
handle_failure	Run actions/checkout@v4	2026-02-10T13:06:16.5084326Z Updating files:  83% (855/1019)
handle_failure	Run actions/checkout@v4	2026-02-10T13:06:17.0631222Z Updating files:  84% (856/1019)
handle_failure	Run actions/checkout@v4	2026-02-10T13:06:17.2606799Z Updating files:  85% (867/1019)
handle_failure	Run actions/checkout@v4	2026-02-10T13:06:17.3011175Z Updating files:  86% (877/1019)
handle_failure	Run actions/checkout@v4	2026-02-10T13:06:17.3486129Z Updating files:  86% (883/1019)
handle_failure	Run actions/checkout@v4	2026-02-10T13:06:17.3894991Z Updating files:  87% (887/1019)
handle_failure	Run actions/checkout@v4	2026-02-10T13:06:17.3895585Z Updating files:  88% (897/1019)
handle_failure	Run actions/checkout@v4	2026-02-10T13:06:17.3961474Z Updating files:  89% (907/1019)
handle_failure	Run actions/checkout@v4	2026-02-10T13:06:17.3964374Z Updating files:  90% (918/1019)
handle_failure	Run actions/checkout@v4	2026-02-10T13:06:17.3966405Z Updating files:  91% (928/1019)
handle_failure	Run actions/checkout@v4	2026-02-10T13:06:17.4195991Z Updating files:  92% (938/1019)
handle_failure	Run actions/checkout@v4	2026-02-10T13:06:17.4487017Z Updating files:  93% (948/1019)
handle_failure	Run actions/checkout@v4	2026-02-10T13:06:17.4629740Z Updating files:  94% (958/1019)
handle_failure	Run actions/checkout@v4	2026-02-10T13:06:17.4712803Z Updating files:  95% (969/1019)
handle_failure	Run actions/checkout@v4	2026-02-10T13:06:17.4793308Z Updating files:  96% (979/1019)
handle_failure	Run actions/checkout@v4	2026-02-10T13:06:17.5168233Z Updating files:  97% (989/1019)
handle_failure	Run actions/checkout@v4	2026-02-10T13:06:17.5168926Z Updating files:  98% (999/1019)
handle_failure	Run actions/checkout@v4	2026-02-10T13:06:17.5204133Z Updating files:  99% (1009/1019)
handle_failure	Run actions/checkout@v4	2026-02-10T13:06:17.5439884Z Updating files: 100% (1019/1019)
handle_failure	Run actions/checkout@v4	2026-02-10T13:06:17.5626452Z Updating files: 100% (1019/1019), done.
handle_failure	Run actions/checkout@v4	2026-02-10T13:06:17.5865273Z Switched to a new branch 'H3265-deploy-itop'
handle_failure	Run actions/checkout@v4	2026-02-10T13:06:17.6002640Z branch 'H3265-deploy-itop' set up to track 'origin/H3265-deploy-itop'.
handle_failure	Run actions/checkout@v4	2026-02-10T13:06:17.7622862Z ##[endgroup]
handle_failure	Run actions/checkout@v4	2026-02-10T13:06:17.8201225Z [command]/usr/bin/git log -1 --format=%H
handle_failure	Run actions/checkout@v4	2026-02-10T13:06:17.8725000Z 71f5dc46bb36676271a166a9410e53b24dc13d66
handle_failure	Run /./.github/actions/install-gh-cli	ï»¿2026-02-10T13:06:18.3375581Z Prepare all required actions
handle_failure	Run /./.github/actions/install-gh-cli	2026-02-10T13:06:18.6755610Z ##[group]Run ./.github/actions/install-gh-cli
handle_failure	Run /./.github/actions/install-gh-cli	2026-02-10T13:06:18.6755987Z env:
handle_failure	Run /./.github/actions/install-gh-cli	2026-02-10T13:06:18.6756194Z   KAOS_MODULE: [Ka0S] YAMLLINT
handle_failure	Run /./.github/actions/install-gh-cli	2026-02-10T13:06:18.6756958Z   GH_TOKEN: ***
handle_failure	Run /./.github/actions/install-gh-cli	2026-02-10T13:06:18.6757246Z   KAOS_YAMLLINT_CONFIG: core/config/kaos-yamllint-config.yaml
handle_failure	Run /./.github/actions/install-gh-cli	2026-02-10T13:06:18.6757650Z   KAOS_PRETTIER_CONFIG: compliance/yaml/.prettierrc.json
handle_failure	Run /./.github/actions/install-gh-cli	2026-02-10T13:06:18.6757982Z   KAOS_PATH_RESUME: audit/yamllint/
handle_failure	Run /./.github/actions/install-gh-cli	2026-02-10T13:06:18.6758262Z   KAOS_REPO: /actions-runner/_work/kaos/kaos
handle_failure	Run /./.github/actions/install-gh-cli	2026-02-10T13:06:18.6758543Z   KAOS_STEP_MODULE: 
handle_failure	Run /./.github/actions/install-gh-cli	2026-02-10T13:06:18.6758744Z   KAOS_CODE: 21865856075
handle_failure	Run /./.github/actions/install-gh-cli	2026-02-10T13:06:18.6758956Z   KAOS_REF_BRANCH: main
handle_failure	Run /./.github/actions/install-gh-cli	2026-02-10T13:06:18.6759167Z ##[endgroup]
handle_failure	Run /./.github/actions/install-gh-cli	2026-02-10T13:06:18.8784444Z ##[group]Run type -p curl >/dev/null || (sudo apt-get update && sudo apt-get install curl -y)
handle_failure	Run /./.github/actions/install-gh-cli	2026-02-10T13:06:18.8785198Z [36;1mtype -p curl >/dev/null || (sudo apt-get update && sudo apt-get install curl -y)[0m
handle_failure	Run /./.github/actions/install-gh-cli	2026-02-10T13:06:18.8786159Z [36;1mcurl -fsSL https://cli.github.com/packages/githubcli-archive-keyring.gpg | sudo dd of=/usr/share/keyrings/githubcli-archive-keyring.gpg \[0m
handle_failure	Run /./.github/actions/install-gh-cli	2026-02-10T13:06:18.8787001Z [36;1m&& sudo chmod go+r /usr/share/keyrings/githubcli-archive-keyring.gpg \[0m
handle_failure	Run /./.github/actions/install-gh-cli	2026-02-10T13:06:18.8788103Z [36;1m&& echo "deb [arch=$(dpkg --print-architecture) signed-by=/usr/share/keyrings/githubcli-archive-keyring.gpg] https://cli.github.com/packages stable main" | sudo tee /etc/apt/sources.list.d/github-cli.list > /dev/null \[0m
handle_failure	Run /./.github/actions/install-gh-cli	2026-02-10T13:06:18.8789123Z [36;1m&& sudo apt-get update \[0m
handle_failure	Run /./.github/actions/install-gh-cli	2026-02-10T13:06:18.8789399Z [36;1m&& sudo apt-get install gh -y[0m
handle_failure	Run /./.github/actions/install-gh-cli	2026-02-10T13:06:18.8849273Z shell: /usr/bin/bash --noprofile --norc -e -o pipefail {0}
handle_failure	Run /./.github/actions/install-gh-cli	2026-02-10T13:06:18.8849645Z env:
handle_failure	Run /./.github/actions/install-gh-cli	2026-02-10T13:06:18.8849839Z   KAOS_MODULE: [Ka0S] YAMLLINT
handle_failure	Run /./.github/actions/install-gh-cli	2026-02-10T13:06:18.8881761Z   GH_TOKEN: ***
handle_failure	Run /./.github/actions/install-gh-cli	2026-02-10T13:06:18.8882175Z   KAOS_YAMLLINT_CONFIG: core/config/kaos-yamllint-config.yaml
handle_failure	Run /./.github/actions/install-gh-cli	2026-02-10T13:06:18.8882583Z   KAOS_PRETTIER_CONFIG: compliance/yaml/.prettierrc.json
handle_failure	Run /./.github/actions/install-gh-cli	2026-02-10T13:06:18.8882943Z   KAOS_PATH_RESUME: audit/yamllint/
handle_failure	Run /./.github/actions/install-gh-cli	2026-02-10T13:06:18.8883229Z   KAOS_REPO: /actions-runner/_work/kaos/kaos
handle_failure	Run /./.github/actions/install-gh-cli	2026-02-10T13:06:18.8883503Z   KAOS_STEP_MODULE: 
handle_failure	Run /./.github/actions/install-gh-cli	2026-02-10T13:06:18.8883719Z   KAOS_CODE: 21865856075
handle_failure	Run /./.github/actions/install-gh-cli	2026-02-10T13:06:18.8883954Z   KAOS_REF_BRANCH: main
handle_failure	Run /./.github/actions/install-gh-cli	2026-02-10T13:06:18.8884167Z ##[endgroup]
handle_failure	Run /./.github/actions/install-gh-cli	2026-02-10T13:06:19.6877916Z 4+1 records in
handle_failure	Run /./.github/actions/install-gh-cli	2026-02-10T13:06:19.6878195Z 4+1 records out
handle_failure	Run /./.github/actions/install-gh-cli	2026-02-10T13:06:19.6878465Z 2270 bytes (2.3 kB, 2.2 KiB) copied, 0.000165624 s, 13.7 MB/s
handle_failure	Run /./.github/actions/install-gh-cli	2026-02-10T13:06:20.6635763Z Get:1 http://archive.ubuntu.com/ubuntu noble InRelease [256 kB]
handle_failure	Run /./.github/actions/install-gh-cli	2026-02-10T13:06:20.6880336Z Get:2 https://cli.github.com/packages stable InRelease [3917 B]
handle_failure	Run /./.github/actions/install-gh-cli	2026-02-10T13:06:20.7088357Z Get:3 http://security.ubuntu.com/ubuntu noble-security InRelease [126 kB]
handle_failure	Run /./.github/actions/install-gh-cli	2026-02-10T13:06:20.8646746Z Get:4 https://ppa.launchpadcontent.net/git-core/ppa/ubuntu noble InRelease [24.3 kB]
handle_failure	Run /./.github/actions/install-gh-cli	2026-02-10T13:06:20.8647706Z Get:5 http://archive.ubuntu.com/ubuntu noble-updates InRelease [126 kB]
handle_failure	Run /./.github/actions/install-gh-cli	2026-02-10T13:06:20.9694816Z Get:6 http://archive.ubuntu.com/ubuntu noble-backports InRelease [126 kB]
handle_failure	Run /./.github/actions/install-gh-cli	2026-02-10T13:06:21.5951559Z Get:7 https://cli.github.com/packages stable/main amd64 Packages [356 B]
handle_failure	Run /./.github/actions/install-gh-cli	2026-02-10T13:06:22.3492227Z Get:8 https://ppa.launchpadcontent.net/git-core/ppa/ubuntu noble/main amd64 Packages [2994 B]
handle_failure	Run /./.github/actions/install-gh-cli	2026-02-10T13:06:23.1520033Z Get:9 http://archive.ubuntu.com/ubuntu noble/main amd64 Packages [1808 kB]
handle_failure	Run /./.github/actions/install-gh-cli	2026-02-10T13:06:23.9473139Z Get:10 http://archive.ubuntu.com/ubuntu noble/universe amd64 Packages [19.3 MB]
handle_failure	Run /./.github/actions/install-gh-cli	2026-02-10T13:06:24.8892284Z Get:11 http://security.ubuntu.com/ubuntu noble-security/restricted amd64 Packages [3106 kB]
handle_failure	Run /./.github/actions/install-gh-cli	2026-02-10T13:06:26.2629707Z Get:12 http://security.ubuntu.com/ubuntu noble-security/main amd64 Packages [1822 kB]
handle_failure	Run /./.github/actions/install-gh-cli	2026-02-10T13:06:26.8607480Z Get:13 http://archive.ubuntu.com/ubuntu noble/multiverse amd64 Packages [331 kB]
handle_failure	Run /./.github/actions/install-gh-cli	2026-02-10T13:06:26.9889288Z Get:14 http://archive.ubuntu.com/ubuntu noble/restricted amd64 Packages [117 kB]
handle_failure	Run /./.github/actions/install-gh-cli	2026-02-10T13:06:26.9952789Z Get:15 http://security.ubuntu.com/ubuntu noble-security/multiverse amd64 Packages [34.8 kB]
handle_failure	Run /./.github/actions/install-gh-cli	2026-02-10T13:06:27.0042836Z Get:16 http://archive.ubuntu.com/ubuntu noble-updates/restricted amd64 Packages [3287 kB]
handle_failure	Run /./.github/actions/install-gh-cli	2026-02-10T13:06:27.0085830Z Get:17 http://security.ubuntu.com/ubuntu noble-security/universe amd64 Packages [1199 kB]
handle_failure	Run /./.github/actions/install-gh-cli	2026-02-10T13:06:27.7594242Z Get:18 http://archive.ubuntu.com/ubuntu noble-updates/multiverse amd64 Packages [38.1 kB]
handle_failure	Run /./.github/actions/install-gh-cli	2026-02-10T13:06:27.8909236Z Get:19 http://archive.ubuntu.com/ubuntu noble-updates/universe amd64 Packages [1978 kB]
handle_failure	Run /./.github/actions/install-gh-cli	2026-02-10T13:06:28.5096981Z Get:20 http://archive.ubuntu.com/ubuntu noble-updates/main amd64 Packages [2201 kB]
handle_failure	Run /./.github/actions/install-gh-cli	2026-02-10T13:06:28.7324127Z Get:21 http://archive.ubuntu.com/ubuntu noble-backports/main amd64 Packages [49.5 kB]
handle_failure	Run /./.github/actions/install-gh-cli	2026-02-10T13:06:28.7772036Z Get:22 http://archive.ubuntu.com/ubuntu noble-backports/universe amd64 Packages [34.6 kB]
handle_failure	Run /./.github/actions/install-gh-cli	2026-02-10T13:06:38.0487057Z Fetched 36.0 MB in 17s (2076 kB/s)
handle_failure	Run /./.github/actions/install-gh-cli	2026-02-10T13:06:40.0242652Z Reading package lists...
handle_failure	Run /./.github/actions/install-gh-cli	2026-02-10T13:06:44.2367159Z Reading package lists...
handle_failure	Run /./.github/actions/install-gh-cli	2026-02-10T13:06:44.5961526Z Building dependency tree...
handle_failure	Run /./.github/actions/install-gh-cli	2026-02-10T13:06:44.5961866Z Reading state information...
handle_failure	Run /./.github/actions/install-gh-cli	2026-02-10T13:06:51.4434850Z The following NEW packages will be installed:
handle_failure	Run /./.github/actions/install-gh-cli	2026-02-10T13:06:51.4435370Z   gh
handle_failure	Run /./.github/actions/install-gh-cli	2026-02-10T13:06:51.6684391Z 0 upgraded, 1 newly installed, 0 to remove and 18 not upgraded.
handle_failure	Run /./.github/actions/install-gh-cli	2026-02-10T13:06:51.6687346Z Need to get 13.7 MB of archives.
handle_failure	Run /./.github/actions/install-gh-cli	2026-02-10T13:06:51.6693459Z After this operation, 37.9 MB of additional disk space will be used.
handle_failure	Run /./.github/actions/install-gh-cli	2026-02-10T13:06:51.6696634Z Get:1 https://cli.github.com/packages stable/main amd64 gh amd64 2.86.0 [13.7 MB]
handle_failure	Run /./.github/actions/install-gh-cli	2026-02-10T13:06:57.1179217Z debconf: delaying package configuration, since apt-utils is not installed
handle_failure	Run /./.github/actions/install-gh-cli	2026-02-10T13:06:57.5725986Z Fetched 13.7 MB in 3s (5121 kB/s)
handle_failure	Run /./.github/actions/install-gh-cli	2026-02-10T13:06:58.0137935Z Selecting previously unselected package gh.
handle_failure	Run /./.github/actions/install-gh-cli	2026-02-10T13:06:58.0149566Z (Reading database ... 
handle_failure	Run /./.github/actions/install-gh-cli	2026-02-10T13:06:58.0163524Z (Reading database ... 5%
handle_failure	Run /./.github/actions/install-gh-cli	2026-02-10T13:06:58.0193050Z (Reading database ... 10%
handle_failure	Run /./.github/actions/install-gh-cli	2026-02-10T13:06:58.0196049Z (Reading database ... 15%
handle_failure	Run /./.github/actions/install-gh-cli	2026-02-10T13:06:58.0197885Z (Reading database ... 20%
handle_failure	Run /./.github/actions/install-gh-cli	2026-02-10T13:06:58.0199897Z (Reading database ... 25%
handle_failure	Run /./.github/actions/install-gh-cli	2026-02-10T13:06:58.0204246Z (Reading database ... 30%
handle_failure	Run /./.github/actions/install-gh-cli	2026-02-10T13:06:58.0233656Z (Reading database ... 35%
handle_failure	Run /./.github/actions/install-gh-cli	2026-02-10T13:06:58.0271389Z (Reading database ... 40%
handle_failure	Run /./.github/actions/install-gh-cli	2026-02-10T13:06:58.0280560Z (Reading database ... 45%
handle_failure	Run /./.github/actions/install-gh-cli	2026-02-10T13:06:58.0292005Z (Reading database ... 50%
handle_failure	Run /./.github/actions/install-gh-cli	2026-02-10T13:06:58.0304249Z (Reading database ... 55%
handle_failure	Run /./.github/actions/install-gh-cli	2026-02-10T13:06:58.0434515Z (Reading database ... 60%
handle_failure	Run /./.github/actions/install-gh-cli	2026-02-10T13:06:58.0435667Z (Reading database ... 65%
handle_failure	Run /./.github/actions/install-gh-cli	2026-02-10T13:06:58.0436471Z (Reading database ... 70%
handle_failure	Run /./.github/actions/install-gh-cli	2026-02-10T13:06:58.0561668Z (Reading database ... 75%
handle_failure	Run /./.github/actions/install-gh-cli	2026-02-10T13:06:58.0931347Z (Reading database ... 80%
handle_failure	Run /./.github/actions/install-gh-cli	2026-02-10T13:06:58.0932576Z (Reading database ... 85%
handle_failure	Run /./.github/actions/install-gh-cli	2026-02-10T13:06:58.1082560Z (Reading database ... 90%
handle_failure	Run /./.github/actions/install-gh-cli	2026-02-10T13:06:58.1287034Z (Reading database ... 95%
handle_failure	Run /./.github/actions/install-gh-cli	2026-02-10T13:06:58.1287722Z (Reading database ... 100%
handle_failure	Run /./.github/actions/install-gh-cli	2026-02-10T13:06:58.1288324Z (Reading database ... 14385 files and directories currently installed.)
handle_failure	Run /./.github/actions/install-gh-cli	2026-02-10T13:06:58.1293482Z Preparing to unpack .../archives/gh_2.86.0_amd64.deb ...
handle_failure	Run /./.github/actions/install-gh-cli	2026-02-10T13:06:58.1581105Z Unpacking gh (2.86.0) ...
handle_failure	Run /./.github/actions/install-gh-cli	2026-02-10T13:07:00.8253197Z Setting up gh (2.86.0) ...
handle_failure	Notify Failure	ï»¿2026-02-10T13:07:01.1847409Z ##[group]Run gh issue create --title "[Ka0S] YAMLLINT Error in 21865856075" --label "bug" --body "Check logs: https://github.com/Ka0s-Klaus/ka0s/actions/runs/21865856075"
handle_failure	Notify Failure	2026-02-10T13:07:01.2017776Z [36;1mgh issue create --title "[Ka0S] YAMLLINT Error in 21865856075" --label "bug" --body "Check logs: https://github.com/Ka0s-Klaus/ka0s/actions/runs/21865856075"[0m
handle_failure	Notify Failure	2026-02-10T13:07:01.2018763Z [36;1mRNNUMBER=$(echo "refs/heads/H3265-deploy-itop" | grep -o '[0-9]*')[0m
handle_failure	Notify Failure	2026-02-10T13:07:01.2019774Z [36;1mgh issue comment $RNNUMBER --body "â El proceso de Compliance YAML ha fallado 21865856075."[0m
handle_failure	Notify Failure	2026-02-10T13:07:01.2127248Z shell: /usr/bin/bash -e {0}
handle_failure	Notify Failure	2026-02-10T13:07:01.2127548Z env:
handle_failure	Notify Failure	2026-02-10T13:07:01.2127743Z   KAOS_MODULE: [Ka0S] YAMLLINT
handle_failure	Notify Failure	2026-02-10T13:07:01.2128378Z   GH_TOKEN: ***
handle_failure	Notify Failure	2026-02-10T13:07:01.2128668Z   KAOS_YAMLLINT_CONFIG: core/config/kaos-yamllint-config.yaml
handle_failure	Notify Failure	2026-02-10T13:07:01.2129072Z   KAOS_PRETTIER_CONFIG: compliance/yaml/.prettierrc.json
handle_failure	Notify Failure	2026-02-10T13:07:01.2129405Z   KAOS_PATH_RESUME: audit/yamllint/
handle_failure	Notify Failure	2026-02-10T13:07:01.2129772Z   KAOS_REPO: /actions-runner/_work/kaos/kaos
handle_failure	Notify Failure	2026-02-10T13:07:01.2130041Z   KAOS_STEP_MODULE: 
handle_failure	Notify Failure	2026-02-10T13:07:01.2130351Z   KAOS_CODE: 21865856075
handle_failure	Notify Failure	2026-02-10T13:07:01.2130562Z   KAOS_REF_BRANCH: main
handle_failure	Notify Failure	2026-02-10T13:07:01.2130770Z ##[endgroup]
handle_failure	Notify Failure	2026-02-10T13:07:03.3941594Z https://github.com/Ka0s-Klaus/ka0s/issues/3461
handle_failure	Notify Failure	2026-02-10T13:07:07.2552505Z https://github.com/Ka0s-Klaus/ka0s/issues/3265#issuecomment-3877490834
handle_failure	Post Run actions/checkout@v4	ï»¿2026-02-10T13:07:07.4538808Z Post job cleanup.
handle_failure	Post Run actions/checkout@v4	2026-02-10T13:07:08.5769131Z [command]/usr/bin/git version
handle_failure	Post Run actions/checkout@v4	2026-02-10T13:07:08.6037850Z git version 2.52.0
handle_failure	Post Run actions/checkout@v4	2026-02-10T13:07:08.6395827Z Temporarily overriding HOME='/home/runner/_work/_temp/fea3c6f4-0f8d-4d5f-83e7-bcb75388026b' before making global git config changes
handle_failure	Post Run actions/checkout@v4	2026-02-10T13:07:08.6491308Z Adding repository directory to the temporary git global config as a safe directory
handle_failure	Post Run actions/checkout@v4	2026-02-10T13:07:08.6506776Z [command]/usr/bin/git config --global --add safe.directory /home/runner/_work/ka0s/ka0s
handle_failure	Post Run actions/checkout@v4	2026-02-10T13:07:08.7133920Z [command]/usr/bin/git config --local --name-only --get-regexp core\.sshCommand
handle_failure	Post Run actions/checkout@v4	2026-02-10T13:07:08.7831656Z [command]/usr/bin/git submodule foreach --recursive sh -c "git config --local --name-only --get-regexp 'core\.sshCommand' && git config --local --unset-all 'core.sshCommand' || :"
handle_failure	Post Run actions/checkout@v4	2026-02-10T13:07:09.0523299Z [command]/usr/bin/git config --local --name-only --get-regexp http\.https\:\/\/github\.com\/\.extraheader
handle_failure	Post Run actions/checkout@v4	2026-02-10T13:07:09.0643244Z http.https://github.com/.extraheader
handle_failure	Post Run actions/checkout@v4	2026-02-10T13:07:09.0791297Z [command]/usr/bin/git config --local --unset-all http.https://github.com/.extraheader
handle_failure	Post Run actions/checkout@v4	2026-02-10T13:07:09.0961130Z [command]/usr/bin/git submodule foreach --recursive sh -c "git config --local --name-only --get-regexp 'http\.https\:\/\/github\.com\/\.extraheader' && git config --local --unset-all 'http.https://github.com/.extraheader' || :"
handle_failure	Post Run actions/checkout@v4	2026-02-10T13:07:09.2904360Z [command]/usr/bin/git config --local --name-only --get-regexp ^includeIf\.gitdir:
handle_failure	Post Run actions/checkout@v4	2026-02-10T13:07:09.3491468Z [command]/usr/bin/git submodule foreach --recursive git config --local --show-origin --name-only --get-regexp remote.origin.url
handle_failure	Complete job	ï»¿2026-02-10T13:07:09.5292981Z Cleaning up orphan processes
end-workflow	Set up job	ï»¿2026-02-10T13:07:36.0953881Z Current runner version: '2.331.0'
end-workflow	Set up job	2026-02-10T13:07:36.1000898Z Runner name: 'swarm-runners-scaleset-hkss5-runner-jknz9'
end-workflow	Set up job	2026-02-10T13:07:36.1002080Z Runner group name: 'Default'
end-workflow	Set up job	2026-02-10T13:07:36.1003417Z Machine name: 'swarm-runners-scaleset-hkss5-runner-jknz9'
end-workflow	Set up job	2026-02-10T13:07:36.1027823Z ##[group]GITHUB_TOKEN Permissions
end-workflow	Set up job	2026-02-10T13:07:36.1039585Z Actions: write
end-workflow	Set up job	2026-02-10T13:07:36.1040656Z Contents: write
end-workflow	Set up job	2026-02-10T13:07:36.1041412Z Issues: write
end-workflow	Set up job	2026-02-10T13:07:36.1041966Z Metadata: read
end-workflow	Set up job	2026-02-10T13:07:36.1042525Z PullRequests: write
end-workflow	Set up job	2026-02-10T13:07:36.1043178Z ##[endgroup]
end-workflow	Set up job	2026-02-10T13:07:36.1046082Z Secret source: Actions
end-workflow	Set up job	2026-02-10T13:07:36.1046891Z Prepare workflow directory
end-workflow	Set up job	2026-02-10T13:07:36.3537822Z Prepare all required actions
end-workflow	Set up job	2026-02-10T13:07:36.3587618Z Getting action download info
end-workflow	Set up job	2026-02-10T13:07:37.2016487Z Download action repository 'actions/checkout@v4' (SHA:34e114876b0b11c390a56381ad16ebd13914f8d5)
end-workflow	Set up job	2026-02-10T13:07:38.7023297Z Complete job name: end-workflow
end-workflow	Run actions/checkout@v4	ï»¿2026-02-10T13:07:39.4084299Z ##[group]Run actions/checkout@v4
end-workflow	Run actions/checkout@v4	2026-02-10T13:07:39.4085659Z with:
end-workflow	Run actions/checkout@v4	2026-02-10T13:07:39.4086178Z   repository: Ka0s-Klaus/ka0s
end-workflow	Run actions/checkout@v4	2026-02-10T13:07:39.4087102Z   token: ***
end-workflow	Run actions/checkout@v4	2026-02-10T13:07:39.4087570Z   ssh-strict: true
end-workflow	Run actions/checkout@v4	2026-02-10T13:07:39.4088044Z   ssh-user: git
end-workflow	Run actions/checkout@v4	2026-02-10T13:07:39.4088547Z   persist-credentials: true
end-workflow	Run actions/checkout@v4	2026-02-10T13:07:39.4089114Z   clean: true
end-workflow	Run actions/checkout@v4	2026-02-10T13:07:39.4089612Z   sparse-checkout-cone-mode: true
end-workflow	Run actions/checkout@v4	2026-02-10T13:07:39.4090386Z   fetch-depth: 1
end-workflow	Run actions/checkout@v4	2026-02-10T13:07:39.4090869Z   fetch-tags: false
end-workflow	Run actions/checkout@v4	2026-02-10T13:07:39.4091365Z   show-progress: true
end-workflow	Run actions/checkout@v4	2026-02-10T13:07:39.4091859Z   lfs: false
end-workflow	Run actions/checkout@v4	2026-02-10T13:07:39.4092323Z   submodules: false
end-workflow	Run actions/checkout@v4	2026-02-10T13:07:39.4092892Z   set-safe-directory: true
end-workflow	Run actions/checkout@v4	2026-02-10T13:07:39.4093940Z env:
end-workflow	Run actions/checkout@v4	2026-02-10T13:07:39.4094440Z   KAOS_MODULE: [Ka0S] YAMLLINT
end-workflow	Run actions/checkout@v4	2026-02-10T13:07:39.4095251Z   GH_TOKEN: ***
end-workflow	Run actions/checkout@v4	2026-02-10T13:07:39.4095891Z   KAOS_YAMLLINT_CONFIG: core/config/kaos-yamllint-config.yaml
end-workflow	Run actions/checkout@v4	2026-02-10T13:07:39.4096776Z   KAOS_PRETTIER_CONFIG: compliance/yaml/.prettierrc.json
end-workflow	Run actions/checkout@v4	2026-02-10T13:07:39.4097641Z   KAOS_PATH_RESUME: audit/yamllint/
end-workflow	Run actions/checkout@v4	2026-02-10T13:07:39.4098295Z   KAOS_REPO: /actions-runner/_work/kaos/kaos
end-workflow	Run actions/checkout@v4	2026-02-10T13:07:39.4098952Z   KAOS_STEP_MODULE: 
end-workflow	Run actions/checkout@v4	2026-02-10T13:07:39.4099453Z   KAOS_CODE: 21865856075
end-workflow	Run actions/checkout@v4	2026-02-10T13:07:39.4099966Z   KAOS_REF_BRANCH: main
end-workflow	Run actions/checkout@v4	2026-02-10T13:07:39.4233982Z ##[endgroup]
end-workflow	Run actions/checkout@v4	2026-02-10T13:07:40.4107019Z Syncing repository: Ka0s-Klaus/ka0s
end-workflow	Run actions/checkout@v4	2026-02-10T13:07:40.4109320Z ##[group]Getting Git version info
end-workflow	Run actions/checkout@v4	2026-02-10T13:07:40.4110059Z Working directory is '/home/runner/_work/ka0s/ka0s'
end-workflow	Run actions/checkout@v4	2026-02-10T13:07:40.4132939Z [command]/usr/bin/git version
end-workflow	Run actions/checkout@v4	2026-02-10T13:07:40.4229141Z git version 2.52.0
end-workflow	Run actions/checkout@v4	2026-02-10T13:07:40.4634876Z ##[endgroup]
end-workflow	Run actions/checkout@v4	2026-02-10T13:07:40.4775974Z Temporarily overriding HOME='/home/runner/_work/_temp/7e8e41cc-cc2e-4d94-b75f-d011e89eb8ff' before making global git config changes
end-workflow	Run actions/checkout@v4	2026-02-10T13:07:40.4777657Z Adding repository directory to the temporary git global config as a safe directory
end-workflow	Run actions/checkout@v4	2026-02-10T13:07:40.4778826Z [command]/usr/bin/git config --global --add safe.directory /home/runner/_work/ka0s/ka0s
end-workflow	Run actions/checkout@v4	2026-02-10T13:07:40.4937493Z Deleting the contents of '/home/runner/_work/ka0s/ka0s'
end-workflow	Run actions/checkout@v4	2026-02-10T13:07:40.4964990Z ##[group]Initializing the repository
end-workflow	Run actions/checkout@v4	2026-02-10T13:07:40.5022980Z [command]/usr/bin/git init /home/runner/_work/ka0s/ka0s
end-workflow	Run actions/checkout@v4	2026-02-10T13:07:40.5222495Z hint: Using 'master' as the name for the initial branch. This default branch name
end-workflow	Run actions/checkout@v4	2026-02-10T13:07:40.5224078Z hint: will change to "main" in Git 3.0. To configure the initial branch name
end-workflow	Run actions/checkout@v4	2026-02-10T13:07:40.5225336Z hint: to use in all of your new repositories, which will suppress this warning,
end-workflow	Run actions/checkout@v4	2026-02-10T13:07:40.5253413Z hint: call:
end-workflow	Run actions/checkout@v4	2026-02-10T13:07:40.5254130Z hint:
end-workflow	Run actions/checkout@v4	2026-02-10T13:07:40.5254761Z hint: 	git config --global init.defaultBranch <name>
end-workflow	Run actions/checkout@v4	2026-02-10T13:07:40.5255471Z hint:
end-workflow	Run actions/checkout@v4	2026-02-10T13:07:40.5256132Z hint: Names commonly chosen instead of 'master' are 'main', 'trunk' and
end-workflow	Run actions/checkout@v4	2026-02-10T13:07:40.5257192Z hint: 'development'. The just-created branch can be renamed via this command:
end-workflow	Run actions/checkout@v4	2026-02-10T13:07:40.5258708Z hint:
end-workflow	Run actions/checkout@v4	2026-02-10T13:07:40.5259198Z hint: 	git branch -m <name>
end-workflow	Run actions/checkout@v4	2026-02-10T13:07:40.5259743Z hint:
end-workflow	Run actions/checkout@v4	2026-02-10T13:07:40.5311930Z hint: Disable this message with "git config set advice.defaultBranchName false"
end-workflow	Run actions/checkout@v4	2026-02-10T13:07:40.5313512Z Initialized empty Git repository in /home/runner/_work/ka0s/ka0s/.git/
end-workflow	Run actions/checkout@v4	2026-02-10T13:07:40.5315609Z [command]/usr/bin/git remote add origin https://github.com/Ka0s-Klaus/ka0s
end-workflow	Run actions/checkout@v4	2026-02-10T13:07:40.5761586Z ##[endgroup]
end-workflow	Run actions/checkout@v4	2026-02-10T13:07:40.5762730Z ##[group]Disabling automatic garbage collection
end-workflow	Run actions/checkout@v4	2026-02-10T13:07:40.5763501Z [command]/usr/bin/git config --local gc.auto 0
end-workflow	Run actions/checkout@v4	2026-02-10T13:07:40.5765025Z ##[endgroup]
end-workflow	Run actions/checkout@v4	2026-02-10T13:07:40.5765810Z ##[group]Setting up auth
end-workflow	Run actions/checkout@v4	2026-02-10T13:07:40.5766571Z [command]/usr/bin/git config --local --name-only --get-regexp core\.sshCommand
end-workflow	Run actions/checkout@v4	2026-02-10T13:07:40.5768882Z [command]/usr/bin/git submodule foreach --recursive sh -c "git config --local --name-only --get-regexp 'core\.sshCommand' && git config --local --unset-all 'core.sshCommand' || :"
end-workflow	Run actions/checkout@v4	2026-02-10T13:07:40.8420882Z [command]/usr/bin/git config --local --name-only --get-regexp http\.https\:\/\/github\.com\/\.extraheader
end-workflow	Run actions/checkout@v4	2026-02-10T13:07:40.8968395Z [command]/usr/bin/git submodule foreach --recursive sh -c "git config --local --name-only --get-regexp 'http\.https\:\/\/github\.com\/\.extraheader' && git config --local --unset-all 'http.https://github.com/.extraheader' || :"
end-workflow	Run actions/checkout@v4	2026-02-10T13:07:41.2844403Z [command]/usr/bin/git config --local --name-only --get-regexp ^includeIf\.gitdir:
end-workflow	Run actions/checkout@v4	2026-02-10T13:07:41.3756588Z [command]/usr/bin/git submodule foreach --recursive git config --local --show-origin --name-only --get-regexp remote.origin.url
end-workflow	Run actions/checkout@v4	2026-02-10T13:07:41.9062375Z [command]/usr/bin/git config --local http.https://github.com/.extraheader AUTHORIZATION: basic ***
end-workflow	Run actions/checkout@v4	2026-02-10T13:07:41.9434688Z ##[endgroup]
end-workflow	Run actions/checkout@v4	2026-02-10T13:07:41.9473011Z ##[group]Fetching the repository
end-workflow	Run actions/checkout@v4	2026-02-10T13:07:41.9894243Z [command]/usr/bin/git -c protocol.version=2 fetch --no-tags --prune --no-recurse-submodules --depth=1 origin +71f5dc46bb36676271a166a9410e53b24dc13d66:refs/remotes/origin/H3265-deploy-itop
end-workflow	Run actions/checkout@v4	2026-02-10T13:07:57.4456867Z From https://github.com/Ka0s-Klaus/ka0s
end-workflow	Run actions/checkout@v4	2026-02-10T13:07:57.4458041Z  * [new ref]         71f5dc46bb36676271a166a9410e53b24dc13d66 -> origin/H3265-deploy-itop
end-workflow	Run actions/checkout@v4	2026-02-10T13:07:57.4969805Z ##[endgroup]
end-workflow	Run actions/checkout@v4	2026-02-10T13:07:57.4970909Z ##[group]Determining the checkout info
end-workflow	Run actions/checkout@v4	2026-02-10T13:07:57.4972899Z ##[endgroup]
end-workflow	Run actions/checkout@v4	2026-02-10T13:07:57.5023285Z [command]/usr/bin/git sparse-checkout disable
end-workflow	Run actions/checkout@v4	2026-02-10T13:07:57.5503369Z [command]/usr/bin/git config --local --unset-all extensions.worktreeConfig
end-workflow	Run actions/checkout@v4	2026-02-10T13:07:57.5649730Z ##[group]Checking out the ref
end-workflow	Run actions/checkout@v4	2026-02-10T13:07:57.5924192Z [command]/usr/bin/git checkout --progress --force -B H3265-deploy-itop refs/remotes/origin/H3265-deploy-itop
end-workflow	Run actions/checkout@v4	2026-02-10T13:07:58.7332569Z Updating files:  25% (262/1019)
end-workflow	Run actions/checkout@v4	2026-02-10T13:07:58.7563394Z Updating files:  26% (265/1019)
end-workflow	Run actions/checkout@v4	2026-02-10T13:07:58.7564453Z Updating files:  27% (276/1019)
end-workflow	Run actions/checkout@v4	2026-02-10T13:07:58.7565168Z Updating files:  28% (286/1019)
end-workflow	Run actions/checkout@v4	2026-02-10T13:07:58.7565767Z Updating files:  29% (296/1019)
end-workflow	Run actions/checkout@v4	2026-02-10T13:07:58.7577853Z Updating files:  30% (306/1019)
end-workflow	Run actions/checkout@v4	2026-02-10T13:07:58.7578615Z Updating files:  31% (316/1019)
end-workflow	Run actions/checkout@v4	2026-02-10T13:07:58.7579175Z Updating files:  32% (327/1019)
end-workflow	Run actions/checkout@v4	2026-02-10T13:07:58.7581958Z Updating files:  33% (337/1019)
end-workflow	Run actions/checkout@v4	2026-02-10T13:07:58.7646150Z Updating files:  34% (347/1019)
end-workflow	Run actions/checkout@v4	2026-02-10T13:07:58.7804314Z Updating files:  35% (357/1019)
end-workflow	Run actions/checkout@v4	2026-02-10T13:07:58.7808201Z Updating files:  36% (367/1019)
end-workflow	Run actions/checkout@v4	2026-02-10T13:07:58.7808938Z Updating files:  37% (378/1019)
end-workflow	Run actions/checkout@v4	2026-02-10T13:07:58.7921425Z Updating files:  38% (388/1019)
end-workflow	Run actions/checkout@v4	2026-02-10T13:07:58.7946273Z Updating files:  39% (398/1019)
end-workflow	Run actions/checkout@v4	2026-02-10T13:07:58.8096621Z Updating files:  40% (408/1019)
end-workflow	Run actions/checkout@v4	2026-02-10T13:07:58.8111304Z Updating files:  41% (418/1019)
end-workflow	Run actions/checkout@v4	2026-02-10T13:07:58.8133197Z Updating files:  42% (428/1019)
end-workflow	Run actions/checkout@v4	2026-02-10T13:07:59.2624223Z Updating files:  43% (439/1019)
end-workflow	Run actions/checkout@v4	2026-02-10T13:07:59.2624650Z Updating files:  44% (449/1019)
end-workflow	Run actions/checkout@v4	2026-02-10T13:07:59.2771836Z Updating files:  45% (459/1019)
end-workflow	Run actions/checkout@v4	2026-02-10T13:07:59.2848444Z Updating files:  46% (469/1019)
end-workflow	Run actions/checkout@v4	2026-02-10T13:07:59.2972531Z Updating files:  47% (479/1019)
end-workflow	Run actions/checkout@v4	2026-02-10T13:07:59.3091470Z Updating files:  48% (490/1019)
end-workflow	Run actions/checkout@v4	2026-02-10T13:07:59.3095708Z Updating files:  49% (500/1019)
end-workflow	Run actions/checkout@v4	2026-02-10T13:07:59.3543909Z Updating files:  50% (510/1019)
end-workflow	Run actions/checkout@v4	2026-02-10T13:07:59.3545187Z Updating files:  51% (520/1019)
end-workflow	Run actions/checkout@v4	2026-02-10T13:07:59.7022457Z Updating files:  52% (530/1019)
end-workflow	Run actions/checkout@v4	2026-02-10T13:07:59.7036223Z Updating files:  52% (535/1019)
end-workflow	Run actions/checkout@v4	2026-02-10T13:07:59.7051052Z Updating files:  53% (541/1019)
end-workflow	Run actions/checkout@v4	2026-02-10T13:07:59.7231236Z Updating files:  54% (551/1019)
end-workflow	Run actions/checkout@v4	2026-02-10T13:07:59.7232198Z Updating files:  55% (561/1019)
end-workflow	Run actions/checkout@v4	2026-02-10T13:07:59.7811307Z Updating files:  56% (571/1019)
end-workflow	Run actions/checkout@v4	2026-02-10T13:07:59.7876321Z Updating files:  57% (581/1019)
end-workflow	Run actions/checkout@v4	2026-02-10T13:07:59.7876662Z Updating files:  58% (592/1019)
end-workflow	Run actions/checkout@v4	2026-02-10T13:07:59.7876950Z Updating files:  59% (602/1019)
end-workflow	Run actions/checkout@v4	2026-02-10T13:07:59.7877207Z Updating files:  60% (612/1019)
end-workflow	Run actions/checkout@v4	2026-02-10T13:07:59.7877893Z Updating files:  61% (622/1019)
end-workflow	Run actions/checkout@v4	2026-02-10T13:07:59.7878232Z Updating files:  62% (632/1019)
end-workflow	Run actions/checkout@v4	2026-02-10T13:07:59.7891385Z Updating files:  63% (642/1019)
end-workflow	Run actions/checkout@v4	2026-02-10T13:07:59.7910980Z Updating files:  64% (653/1019)
end-workflow	Run actions/checkout@v4	2026-02-10T13:07:59.7976648Z Updating files:  65% (663/1019)
end-workflow	Run actions/checkout@v4	2026-02-10T13:07:59.9042413Z Updating files:  66% (673/1019)
end-workflow	Run actions/checkout@v4	2026-02-10T13:07:59.9045457Z Updating files:  67% (683/1019)
end-workflow	Run actions/checkout@v4	2026-02-10T13:07:59.9046099Z Updating files:  68% (693/1019)
end-workflow	Run actions/checkout@v4	2026-02-10T13:07:59.9046695Z Updating files:  69% (704/1019)
end-workflow	Run actions/checkout@v4	2026-02-10T13:07:59.9047247Z Updating files:  70% (714/1019)
end-workflow	Run actions/checkout@v4	2026-02-10T13:07:59.9049367Z Updating files:  71% (724/1019)
end-workflow	Run actions/checkout@v4	2026-02-10T13:07:59.9053274Z Updating files:  72% (734/1019)
end-workflow	Run actions/checkout@v4	2026-02-10T13:07:59.9071699Z Updating files:  73% (744/1019)
end-workflow	Run actions/checkout@v4	2026-02-10T13:07:59.9072565Z Updating files:  74% (755/1019)
end-workflow	Run actions/checkout@v4	2026-02-10T13:07:59.9158777Z Updating files:  75% (765/1019)
end-workflow	Run actions/checkout@v4	2026-02-10T13:07:59.9672444Z Updating files:  76% (775/1019)
end-workflow	Run actions/checkout@v4	2026-02-10T13:08:00.0525550Z Updating files:  77% (785/1019)
end-workflow	Run actions/checkout@v4	2026-02-10T13:08:00.0911341Z Updating files:  78% (795/1019)
end-workflow	Run actions/checkout@v4	2026-02-10T13:08:00.1333331Z Updating files:  79% (806/1019)
end-workflow	Run actions/checkout@v4	2026-02-10T13:08:00.2673175Z Updating files:  80% (816/1019)
end-workflow	Run actions/checkout@v4	2026-02-10T13:08:00.3491640Z Updating files:  81% (826/1019)
end-workflow	Run actions/checkout@v4	2026-02-10T13:08:00.4567329Z Updating files:  82% (836/1019)
end-workflow	Run actions/checkout@v4	2026-02-10T13:08:00.5355633Z Updating files:  83% (846/1019)
end-workflow	Run actions/checkout@v4	2026-02-10T13:08:00.6326607Z Updating files:  84% (856/1019)
end-workflow	Run actions/checkout@v4	2026-02-10T13:08:00.6582219Z Updating files:  84% (866/1019)
end-workflow	Run actions/checkout@v4	2026-02-10T13:08:01.1002092Z Updating files:  85% (867/1019)
end-workflow	Run actions/checkout@v4	2026-02-10T13:08:01.5621140Z Updating files:  86% (877/1019)
end-workflow	Run actions/checkout@v4	2026-02-10T13:08:01.6664650Z Updating files:  87% (887/1019)
end-workflow	Run actions/checkout@v4	2026-02-10T13:08:01.8806888Z Updating files:  87% (889/1019)
end-workflow	Run actions/checkout@v4	2026-02-10T13:08:01.8932716Z Updating files:  88% (897/1019)
end-workflow	Run actions/checkout@v4	2026-02-10T13:08:01.9199128Z Updating files:  89% (907/1019)
end-workflow	Run actions/checkout@v4	2026-02-10T13:08:01.9207229Z Updating files:  90% (918/1019)
end-workflow	Run actions/checkout@v4	2026-02-10T13:08:01.9268930Z Updating files:  91% (928/1019)
end-workflow	Run actions/checkout@v4	2026-02-10T13:08:01.9357751Z Updating files:  92% (938/1019)
end-workflow	Run actions/checkout@v4	2026-02-10T13:08:01.9680876Z Updating files:  93% (948/1019)
end-workflow	Run actions/checkout@v4	2026-02-10T13:08:01.9775520Z Updating files:  94% (958/1019)
end-workflow	Run actions/checkout@v4	2026-02-10T13:08:01.9887943Z Updating files:  95% (969/1019)
end-workflow	Run actions/checkout@v4	2026-02-10T13:08:02.0083313Z Updating files:  96% (979/1019)
end-workflow	Run actions/checkout@v4	2026-02-10T13:08:02.0083973Z Updating files:  97% (989/1019)
end-workflow	Run actions/checkout@v4	2026-02-10T13:08:02.0175833Z Updating files:  98% (999/1019)
end-workflow	Run actions/checkout@v4	2026-02-10T13:08:02.0312279Z Updating files:  99% (1009/1019)
end-workflow	Run actions/checkout@v4	2026-02-10T13:08:02.0342891Z Updating files: 100% (1019/1019)
end-workflow	Run actions/checkout@v4	2026-02-10T13:08:02.0412381Z Updating files: 100% (1019/1019), done.
end-workflow	Run actions/checkout@v4	2026-02-10T13:08:02.1141334Z Switched to a new branch 'H3265-deploy-itop'
end-workflow	Run actions/checkout@v4	2026-02-10T13:08:02.1322566Z branch 'H3265-deploy-itop' set up to track 'origin/H3265-deploy-itop'.
end-workflow	Run actions/checkout@v4	2026-02-10T13:08:02.2198245Z ##[endgroup]
end-workflow	Run actions/checkout@v4	2026-02-10T13:08:02.2822679Z [command]/usr/bin/git log -1 --format=%H
end-workflow	Run actions/checkout@v4	2026-02-10T13:08:02.3303111Z 71f5dc46bb36676271a166a9410e53b24dc13d66
end-workflow	Run /./.github/actions/install-gh-cli	ï»¿2026-02-10T13:08:02.6829993Z Prepare all required actions
end-workflow	Run /./.github/actions/install-gh-cli	2026-02-10T13:08:02.9045977Z ##[group]Run ./.github/actions/install-gh-cli
end-workflow	Run /./.github/actions/install-gh-cli	2026-02-10T13:08:02.9046346Z env:
end-workflow	Run /./.github/actions/install-gh-cli	2026-02-10T13:08:02.9046545Z   KAOS_MODULE: [Ka0S] YAMLLINT
end-workflow	Run /./.github/actions/install-gh-cli	2026-02-10T13:08:02.9047295Z   GH_TOKEN: ***
end-workflow	Run /./.github/actions/install-gh-cli	2026-02-10T13:08:02.9047580Z   KAOS_YAMLLINT_CONFIG: core/config/kaos-yamllint-config.yaml
end-workflow	Run /./.github/actions/install-gh-cli	2026-02-10T13:08:02.9047983Z   KAOS_PRETTIER_CONFIG: compliance/yaml/.prettierrc.json
end-workflow	Run /./.github/actions/install-gh-cli	2026-02-10T13:08:02.9138098Z   KAOS_PATH_RESUME: audit/yamllint/
end-workflow	Run /./.github/actions/install-gh-cli	2026-02-10T13:08:02.9138462Z   KAOS_REPO: /actions-runner/_work/kaos/kaos
end-workflow	Run /./.github/actions/install-gh-cli	2026-02-10T13:08:02.9138747Z   KAOS_STEP_MODULE: 
end-workflow	Run /./.github/actions/install-gh-cli	2026-02-10T13:08:02.9138951Z   KAOS_CODE: 21865856075
end-workflow	Run /./.github/actions/install-gh-cli	2026-02-10T13:08:02.9139158Z   KAOS_REF_BRANCH: main
end-workflow	Run /./.github/actions/install-gh-cli	2026-02-10T13:08:02.9139362Z ##[endgroup]
end-workflow	Run /./.github/actions/install-gh-cli	2026-02-10T13:08:03.2282629Z ##[group]Run type -p curl >/dev/null || (sudo apt-get update && sudo apt-get install curl -y)
end-workflow	Run /./.github/actions/install-gh-cli	2026-02-10T13:08:03.2283360Z [36;1mtype -p curl >/dev/null || (sudo apt-get update && sudo apt-get install curl -y)[0m
end-workflow	Run /./.github/actions/install-gh-cli	2026-02-10T13:08:03.2284306Z [36;1mcurl -fsSL https://cli.github.com/packages/githubcli-archive-keyring.gpg | sudo dd of=/usr/share/keyrings/githubcli-archive-keyring.gpg \[0m
end-workflow	Run /./.github/actions/install-gh-cli	2026-02-10T13:08:03.2285143Z [36;1m&& sudo chmod go+r /usr/share/keyrings/githubcli-archive-keyring.gpg \[0m
end-workflow	Run /./.github/actions/install-gh-cli	2026-02-10T13:08:03.2286268Z [36;1m&& echo "deb [arch=$(dpkg --print-architecture) signed-by=/usr/share/keyrings/githubcli-archive-keyring.gpg] https://cli.github.com/packages stable main" | sudo tee /etc/apt/sources.list.d/github-cli.list > /dev/null \[0m
end-workflow	Run /./.github/actions/install-gh-cli	2026-02-10T13:08:03.2287310Z [36;1m&& sudo apt-get update \[0m
end-workflow	Run /./.github/actions/install-gh-cli	2026-02-10T13:08:03.2287583Z [36;1m&& sudo apt-get install gh -y[0m
end-workflow	Run /./.github/actions/install-gh-cli	2026-02-10T13:08:03.2327288Z shell: /usr/bin/bash --noprofile --norc -e -o pipefail {0}
end-workflow	Run /./.github/actions/install-gh-cli	2026-02-10T13:08:03.2327669Z env:
end-workflow	Run /./.github/actions/install-gh-cli	2026-02-10T13:08:03.2327861Z   KAOS_MODULE: [Ka0S] YAMLLINT
end-workflow	Run /./.github/actions/install-gh-cli	2026-02-10T13:08:03.2328382Z   GH_TOKEN: ***
end-workflow	Run /./.github/actions/install-gh-cli	2026-02-10T13:08:03.2328672Z   KAOS_YAMLLINT_CONFIG: core/config/kaos-yamllint-config.yaml
end-workflow	Run /./.github/actions/install-gh-cli	2026-02-10T13:08:03.2329076Z   KAOS_PRETTIER_CONFIG: compliance/yaml/.prettierrc.json
end-workflow	Run /./.github/actions/install-gh-cli	2026-02-10T13:08:03.2329440Z   KAOS_PATH_RESUME: audit/yamllint/
end-workflow	Run /./.github/actions/install-gh-cli	2026-02-10T13:08:03.2329722Z   KAOS_REPO: /actions-runner/_work/kaos/kaos
end-workflow	Run /./.github/actions/install-gh-cli	2026-02-10T13:08:03.2329993Z   KAOS_STEP_MODULE: 
end-workflow	Run /./.github/actions/install-gh-cli	2026-02-10T13:08:03.2340510Z   KAOS_CODE: 21865856075
end-workflow	Run /./.github/actions/install-gh-cli	2026-02-10T13:08:03.2340748Z   KAOS_REF_BRANCH: main
end-workflow	Run /./.github/actions/install-gh-cli	2026-02-10T13:08:03.2340959Z ##[endgroup]
end-workflow	Run /./.github/actions/install-gh-cli	2026-02-10T13:08:03.7026900Z 4+1 records in
end-workflow	Run /./.github/actions/install-gh-cli	2026-02-10T13:08:03.7027151Z 4+1 records out
end-workflow	Run /./.github/actions/install-gh-cli	2026-02-10T13:08:03.7046310Z 2270 bytes (2.3 kB, 2.2 KiB) copied, 0.12416 s, 18.3 kB/s
end-workflow	Run /./.github/actions/install-gh-cli	2026-02-10T13:08:05.1272130Z Get:1 https://cli.github.com/packages stable InRelease [3917 B]
end-workflow	Run /./.github/actions/install-gh-cli	2026-02-10T13:08:05.1274493Z Get:2 http://archive.ubuntu.com/ubuntu noble InRelease [256 kB]
end-workflow	Run /./.github/actions/install-gh-cli	2026-02-10T13:08:05.1374124Z Get:3 http://security.ubuntu.com/ubuntu noble-security InRelease [126 kB]
end-workflow	Run /./.github/actions/install-gh-cli	2026-02-10T13:08:05.1486454Z Get:4 https://ppa.launchpadcontent.net/git-core/ppa/ubuntu noble InRelease [24.3 kB]
end-workflow	Run /./.github/actions/install-gh-cli	2026-02-10T13:08:05.3732146Z Get:5 http://archive.ubuntu.com/ubuntu noble-updates InRelease [126 kB]
end-workflow	Run /./.github/actions/install-gh-cli	2026-02-10T13:08:05.4754970Z Get:6 http://archive.ubuntu.com/ubuntu noble-backports InRelease [126 kB]
end-workflow	Run /./.github/actions/install-gh-cli	2026-02-10T13:08:05.7896323Z Get:7 https://ppa.launchpadcontent.net/git-core/ppa/ubuntu noble/main amd64 Packages [2994 B]
end-workflow	Run /./.github/actions/install-gh-cli	2026-02-10T13:08:06.0751444Z Get:8 https://cli.github.com/packages stable/main amd64 Packages [356 B]
end-workflow	Run /./.github/actions/install-gh-cli	2026-02-10T13:08:06.5499913Z Get:9 http://archive.ubuntu.com/ubuntu noble/multiverse amd64 Packages [331 kB]
end-workflow	Run /./.github/actions/install-gh-cli	2026-02-10T13:08:06.7701042Z Get:10 http://archive.ubuntu.com/ubuntu noble/universe amd64 Packages [19.3 MB]
end-workflow	Run /./.github/actions/install-gh-cli	2026-02-10T13:08:07.9414555Z Get:11 http://security.ubuntu.com/ubuntu noble-security/restricted amd64 Packages [3106 kB]
end-workflow	Run /./.github/actions/install-gh-cli	2026-02-10T13:08:09.6425350Z Get:12 http://security.ubuntu.com/ubuntu noble-security/multiverse amd64 Packages [34.8 kB]
end-workflow	Run /./.github/actions/install-gh-cli	2026-02-10T13:08:09.7881179Z Get:13 http://security.ubuntu.com/ubuntu noble-security/main amd64 Packages [1822 kB]
end-workflow	Run /./.github/actions/install-gh-cli	2026-02-10T13:08:10.4671434Z Get:14 http://security.ubuntu.com/ubuntu noble-security/universe amd64 Packages [1199 kB]
end-workflow	Run /./.github/actions/install-gh-cli	2026-02-10T13:08:10.4934551Z Get:15 http://archive.ubuntu.com/ubuntu noble/restricted amd64 Packages [117 kB]
end-workflow	Run /./.github/actions/install-gh-cli	2026-02-10T13:08:10.5962552Z Get:16 http://archive.ubuntu.com/ubuntu noble/main amd64 Packages [1808 kB]
end-workflow	Run /./.github/actions/install-gh-cli	2026-02-10T13:08:10.9047224Z Get:17 http://archive.ubuntu.com/ubuntu noble-updates/multiverse amd64 Packages [38.1 kB]
end-workflow	Run /./.github/actions/install-gh-cli	2026-02-10T13:08:11.0359851Z Get:18 http://archive.ubuntu.com/ubuntu noble-updates/universe amd64 Packages [1978 kB]
end-workflow	Run /./.github/actions/install-gh-cli	2026-02-10T13:08:11.4362840Z Get:19 http://archive.ubuntu.com/ubuntu noble-updates/restricted amd64 Packages [3287 kB]
end-workflow	Run /./.github/actions/install-gh-cli	2026-02-10T13:08:11.7932343Z Get:20 http://archive.ubuntu.com/ubuntu noble-updates/main amd64 Packages [2201 kB]
end-workflow	Run /./.github/actions/install-gh-cli	2026-02-10T13:08:12.1172786Z Get:21 http://archive.ubuntu.com/ubuntu noble-backports/universe amd64 Packages [34.6 kB]
end-workflow	Run /./.github/actions/install-gh-cli	2026-02-10T13:08:12.1745960Z Get:22 http://archive.ubuntu.com/ubuntu noble-backports/main amd64 Packages [49.5 kB]
end-workflow	Run /./.github/actions/install-gh-cli	2026-02-10T13:08:28.7444101Z Fetched 36.0 MB in 17s (2134 kB/s)
end-workflow	Run /./.github/actions/install-gh-cli	2026-02-10T13:08:32.3574631Z Reading package lists...
end-workflow	Run /./.github/actions/install-gh-cli	2026-02-10T13:08:35.4098677Z Reading package lists...
end-workflow	Run /./.github/actions/install-gh-cli	2026-02-10T13:08:36.9756807Z Building dependency tree...
end-workflow	Run /./.github/actions/install-gh-cli	2026-02-10T13:08:36.9766254Z Reading state information...
end-workflow	Run /./.github/actions/install-gh-cli	2026-02-10T13:08:39.0584087Z The following NEW packages will be installed:
end-workflow	Run /./.github/actions/install-gh-cli	2026-02-10T13:08:39.0643532Z   gh
end-workflow	Run /./.github/actions/install-gh-cli	2026-02-10T13:08:39.3301349Z 0 upgraded, 1 newly installed, 0 to remove and 18 not upgraded.
end-workflow	Run /./.github/actions/install-gh-cli	2026-02-10T13:08:39.3305194Z Need to get 13.7 MB of archives.
end-workflow	Run /./.github/actions/install-gh-cli	2026-02-10T13:08:39.3308745Z After this operation, 37.9 MB of additional disk space will be used.
end-workflow	Run /./.github/actions/install-gh-cli	2026-02-10T13:08:39.3312582Z Get:1 https://cli.github.com/packages stable/main amd64 gh amd64 2.86.0 [13.7 MB]
end-workflow	Run /./.github/actions/install-gh-cli	2026-02-10T13:08:41.2361044Z debconf: delaying package configuration, since apt-utils is not installed
end-workflow	Run /./.github/actions/install-gh-cli	2026-02-10T13:08:41.4953103Z Fetched 13.7 MB in 1s (12.0 MB/s)
end-workflow	Run /./.github/actions/install-gh-cli	2026-02-10T13:08:41.6447234Z Selecting previously unselected package gh.
end-workflow	Run /./.github/actions/install-gh-cli	2026-02-10T13:08:41.6702174Z (Reading database ... 
end-workflow	Run /./.github/actions/install-gh-cli	2026-02-10T13:08:41.6746901Z (Reading database ... 5%
end-workflow	Run /./.github/actions/install-gh-cli	2026-02-10T13:08:41.6762407Z (Reading database ... 10%
end-workflow	Run /./.github/actions/install-gh-cli	2026-02-10T13:08:41.6814632Z (Reading database ... 15%
end-workflow	Run /./.github/actions/install-gh-cli	2026-02-10T13:08:41.6885529Z (Reading database ... 20%
end-workflow	Run /./.github/actions/install-gh-cli	2026-02-10T13:08:41.6911193Z (Reading database ... 25%
end-workflow	Run /./.github/actions/install-gh-cli	2026-02-10T13:08:41.6971489Z (Reading database ... 30%
end-workflow	Run /./.github/actions/install-gh-cli	2026-02-10T13:08:41.6972470Z (Reading database ... 35%
end-workflow	Run /./.github/actions/install-gh-cli	2026-02-10T13:08:41.6987779Z (Reading database ... 40%
end-workflow	Run /./.github/actions/install-gh-cli	2026-02-10T13:08:41.6988051Z (Reading database ... 45%
end-workflow	Run /./.github/actions/install-gh-cli	2026-02-10T13:08:41.6988274Z (Reading database ... 50%
end-workflow	Run /./.github/actions/install-gh-cli	2026-02-10T13:08:41.6988492Z (Reading database ... 55%
end-workflow	Run /./.github/actions/install-gh-cli	2026-02-10T13:08:41.6988706Z (Reading database ... 60%
end-workflow	Run /./.github/actions/install-gh-cli	2026-02-10T13:08:41.6988923Z (Reading database ... 65%
end-workflow	Run /./.github/actions/install-gh-cli	2026-02-10T13:08:41.7183107Z (Reading database ... 70%
end-workflow	Run /./.github/actions/install-gh-cli	2026-02-10T13:08:41.7317510Z (Reading database ... 75%
end-workflow	Run /./.github/actions/install-gh-cli	2026-02-10T13:08:41.7402398Z (Reading database ... 80%
end-workflow	Run /./.github/actions/install-gh-cli	2026-02-10T13:08:41.7493523Z (Reading database ... 85%
end-workflow	Run /./.github/actions/install-gh-cli	2026-02-10T13:08:41.7622727Z (Reading database ... 90%
end-workflow	Run /./.github/actions/install-gh-cli	2026-02-10T13:08:41.7756703Z (Reading database ... 95%
end-workflow	Run /./.github/actions/install-gh-cli	2026-02-10T13:08:41.7812988Z (Reading database ... 100%
end-workflow	Run /./.github/actions/install-gh-cli	2026-02-10T13:08:41.7813445Z (Reading database ... 14385 files and directories currently installed.)
end-workflow	Run /./.github/actions/install-gh-cli	2026-02-10T13:08:41.7813908Z Preparing to unpack .../archives/gh_2.86.0_amd64.deb ...
end-workflow	Run /./.github/actions/install-gh-cli	2026-02-10T13:08:41.8011079Z Unpacking gh (2.86.0) ...
end-workflow	Run /./.github/actions/install-gh-cli	2026-02-10T13:08:42.8685098Z Setting up gh (2.86.0) ...
end-workflow	End Workflow	ï»¿2026-02-10T13:08:43.1434049Z ##[group]Run RNNUMBER=$(echo "refs/heads/H3265-deploy-itop" | grep -o '[0-9]*')
end-workflow	End Workflow	2026-02-10T13:08:43.1434689Z [36;1mRNNUMBER=$(echo "refs/heads/H3265-deploy-itop" | grep -o '[0-9]*')[0m
end-workflow	End Workflow	2026-02-10T13:08:43.1435421Z [36;1mgh workflow run inspector.yml --ref 'main' -f kaos-issue-id=$RNNUMBER -f kaos-workflow-id="21865856075" -f kaos-user-start=""[0m
end-workflow	End Workflow	2026-02-10T13:08:43.1592698Z shell: /usr/bin/bash -e {0}
end-workflow	End Workflow	2026-02-10T13:08:43.1593030Z env:
end-workflow	End Workflow	2026-02-10T13:08:43.1593224Z   KAOS_MODULE: [Ka0S] YAMLLINT
end-workflow	End Workflow	2026-02-10T13:08:43.1593870Z   GH_TOKEN: ***
end-workflow	End Workflow	2026-02-10T13:08:43.1594191Z   KAOS_YAMLLINT_CONFIG: core/config/kaos-yamllint-config.yaml
end-workflow	End Workflow	2026-02-10T13:08:43.1594612Z   KAOS_PRETTIER_CONFIG: compliance/yaml/.prettierrc.json
end-workflow	End Workflow	2026-02-10T13:08:43.1595434Z   KAOS_PATH_RESUME: audit/yamllint/
end-workflow	End Workflow	2026-02-10T13:08:43.1595715Z   KAOS_REPO: /actions-runner/_work/kaos/kaos
end-workflow	End Workflow	2026-02-10T13:08:43.1595997Z   KAOS_STEP_MODULE: 
end-workflow	End Workflow	2026-02-10T13:08:43.1596213Z   KAOS_CODE: 21865856075
end-workflow	End Workflow	2026-02-10T13:08:43.1596429Z   KAOS_REF_BRANCH: main
end-workflow	End Workflow	2026-02-10T13:08:43.1596712Z ##[endgroup]
end-workflow	Post Run actions/checkout@v4	ï»¿2026-02-10T13:08:45.5140206Z Post job cleanup.
end-workflow	Post Run actions/checkout@v4	2026-02-10T13:08:46.5908015Z [command]/usr/bin/git version
end-workflow	Post Run actions/checkout@v4	2026-02-10T13:08:46.6133006Z git version 2.52.0
end-workflow	Post Run actions/checkout@v4	2026-02-10T13:08:46.6680938Z Temporarily overriding HOME='/home/runner/_work/_temp/601f0970-495e-4a5f-b07f-620eecca870c' before making global git config changes
end-workflow	Post Run actions/checkout@v4	2026-02-10T13:08:46.6682212Z Adding repository directory to the temporary git global config as a safe directory
end-workflow	Post Run actions/checkout@v4	2026-02-10T13:08:46.6682827Z [command]/usr/bin/git config --global --add safe.directory /home/runner/_work/ka0s/ka0s
end-workflow	Post Run actions/checkout@v4	2026-02-10T13:08:46.6683924Z [command]/usr/bin/git config --local --name-only --get-regexp core\.sshCommand
end-workflow	Post Run actions/checkout@v4	2026-02-10T13:08:46.6922256Z [command]/usr/bin/git submodule foreach --recursive sh -c "git config --local --name-only --get-regexp 'core\.sshCommand' && git config --local --unset-all 'core.sshCommand' || :"
end-workflow	Post Run actions/checkout@v4	2026-02-10T13:08:47.0046167Z [command]/usr/bin/git config --local --name-only --get-regexp http\.https\:\/\/github\.com\/\.extraheader
end-workflow	Post Run actions/checkout@v4	2026-02-10T13:08:47.0367950Z http.https://github.com/.extraheader
end-workflow	Post Run actions/checkout@v4	2026-02-10T13:08:47.0406272Z [command]/usr/bin/git config --local --unset-all http.https://github.com/.extraheader
end-workflow	Post Run actions/checkout@v4	2026-02-10T13:08:47.1923377Z [command]/usr/bin/git submodule foreach --recursive sh -c "git config --local --name-only --get-regexp 'http\.https\:\/\/github\.com\/\.extraheader' && git config --local --unset-all 'http.https://github.com/.extraheader' || :"
end-workflow	Post Run actions/checkout@v4	2026-02-10T13:08:47.3723281Z [command]/usr/bin/git config --local --name-only --get-regexp ^includeIf\.gitdir:
end-workflow	Post Run actions/checkout@v4	2026-02-10T13:08:47.3870472Z [command]/usr/bin/git submodule foreach --recursive git config --local --show-origin --name-only --get-regexp remote.origin.url
end-workflow	Complete job	ï»¿2026-02-10T13:08:47.6275117Z Cleaning up orphan processes
